[0.005s][info][gc,init] Regions: 2000 x 256K
[0.005s][info][gc,init] Humongous object threshold: 256K
[0.005s][info][gc,init] Max TLAB size: 256K
[0.005s][info][gc,init] GC threads: 1 parallel, 1 concurrent
[0.005s][info][gc     ] Heuristics ergonomically sets -XX:+ExplicitGCInvokesConcurrent
[0.005s][info][gc     ] Heuristics ergonomically sets -XX:+ShenandoahImplicitGCInvokesConcurrent
[0.005s][info][gc,init] Shenandoah GC mode: Snapshot-At-The-Beginning (SATB)
[0.005s][info][gc,init] Shenandoah heuristics: Adaptive
[0.006s][info][gc,ergo] Pacer for Idle. Initial: 10240K, Alloc Tax Rate: 1.0x
[0.006s][info][gc,init] Initialize Shenandoah heap: 124M initial, 6656K min, 500M max
[0.006s][info][gc,init] Safepointing mechanism: global-page poll
[0.006s][info][gc     ] Using Shenandoah
[0.006s][info][gc,heap,coops] Heap address: 0x00000000e0c00000, size: 500 MB, Compressed Oops mode: 32-bit
[0.020s][info][gc,init      ] Reference processing: serial discovery, serial processing
[7.712s][info][gc           ] Trigger: Metadata GC Threshold
[7.712s][info][gc,ergo      ] Free: 395M, Max: 256K regular, 395M humongous, Frag: 0% external, 0% internal; Reserve: 25600K, Max: 256K
[7.712s][info][gc,start     ] GC(0) Concurrent reset
[7.712s][info][gc,task      ] GC(0) Using 1 of 1 workers for concurrent reset
[7.712s][info][gc,ergo      ] GC(0) Pacer for Reset. Non-Taxable: 500M
[7.712s][info][gc           ] GC(0) Concurrent reset 0.133ms
[7.715s][info][gc,start     ] GC(0) Pause Init Mark (process weakrefs) (unload classes)
[7.715s][info][gc,task      ] GC(0) Using 1 of 1 workers for init marking
[7.717s][info][gc,ergo      ] GC(0) Pacer for Mark. Expected Live: 51200K, Free: 395M, Non-Taxable: 40448K, Alloc Tax Rate: 0.2x
[7.717s][info][gc           ] GC(0) Pause Init Mark (process weakrefs) (unload classes) 2.548ms
[7.717s][info][gc,start     ] GC(0) Concurrent marking (process weakrefs) (unload classes)
[7.717s][info][gc,task      ] GC(0) Using 1 of 1 workers for concurrent marking
[7.773s][info][gc           ] GC(0) Concurrent marking (process weakrefs) (unload classes) 56.133ms
[7.773s][info][gc,start     ] GC(0) Concurrent precleaning
[7.773s][info][gc,task      ] GC(0) Using 1 of 1 workers for concurrent preclean
[7.773s][info][gc,ergo      ] GC(0) Pacer for Precleaning. Non-Taxable: 500M
[7.774s][info][gc           ] GC(0) Concurrent precleaning 0.343ms
[7.774s][info][gc,start     ] GC(0) Pause Final Mark (process weakrefs) (unload classes)
[7.774s][info][gc,task      ] GC(0) Using 1 of 1 workers for final marking
[7.786s][info][gc,stringtable] GC(0) Cleaned string and symbol table, strings: 7833 processed, 0 removed, symbols: 40182 processed, 43 removed
[7.786s][info][gc,ergo       ] GC(0) Adaptive CSet Selection. Target Free: 72533K, Actual Free: 420M, Max CSet: 21333K, Min Garbage: 0B
[7.786s][info][gc,ergo       ] GC(0) Collectable Garbage: 62070K (98%), Immediate: 699K (1%), CSet: 61371K (97%)
[7.791s][info][gc,ergo       ] GC(0) Pacer for Evacuation. Used CSet: 68096K, Free: 395M, Non-Taxable: 40542K, Alloc Tax Rate: 1.1x
[7.791s][info][gc            ] GC(0) Pause Final Mark (process weakrefs) (unload classes) 17.079ms
[7.794s][info][gc,start      ] GC(0) Concurrent cleanup
[7.794s][info][gc            ] GC(0) Concurrent cleanup 79M->78M(125M) 0.092ms
[7.794s][info][gc,ergo       ] GC(0) Free: 395M, Max: 256K regular, 394M humongous, Frag: 1% external, 0% internal; Reserve: 24832K, Max: 256K
[7.794s][info][gc,start      ] GC(0) Concurrent evacuation
[7.794s][info][gc,task       ] GC(0) Using 1 of 1 workers for concurrent evacuation
[7.850s][info][gc            ] GC(0) Concurrent evacuation 55.856ms
[7.854s][info][gc,start      ] GC(0) Pause Init Update Refs
[7.854s][info][gc,ergo       ] GC(0) Pacer for Update Refs. Used: 87862K, Free: 395M, Non-Taxable: 40473K, Alloc Tax Rate: 1.1x
[7.854s][info][gc            ] GC(0) Pause Init Update Refs 0.056ms
[7.854s][info][gc,start      ] GC(0) Concurrent update references
[7.854s][info][gc,task       ] GC(0) Using 1 of 1 workers for concurrent reference update
[7.886s][info][gc            ] GC(0) Concurrent update references 31.340ms
[7.891s][info][gc,start      ] GC(0) Pause Final Update Refs
[7.891s][info][gc,task       ] GC(0) Using 1 of 1 workers for final reference update
[7.891s][info][gc            ] GC(0) Pause Final Update Refs 0.763ms
[7.891s][info][gc,start      ] GC(0) Concurrent cleanup
[7.892s][info][gc            ] GC(0) Concurrent cleanup 85M->19M(131M) 0.139ms
[7.892s][info][gc,ergo       ] Free: 454M, Max: 256K regular, 387M humongous, Frag: 15% external, 0% internal; Reserve: 25600K, Max: 256K
[7.892s][info][gc,stats      ] 
[7.892s][info][gc,stats      ] All times are wall-clock times, except per-root-class counters, that are sum over
[7.892s][info][gc,stats      ] all workers. Dividing the <total> over the root stage time estimates parallelism.
[7.892s][info][gc,stats      ] 
[7.892s][info][gc,stats      ] Concurrent Reset                     88 us
[7.892s][info][gc,stats      ] Pause Init Mark (G)                5102 us
[7.892s][info][gc,stats      ] Pause Init Mark (N)                2519 us
[7.892s][info][gc,stats      ]   Accumulate Stats                    3 us
[7.892s][info][gc,stats      ]   Make Parsable                       3 us
[7.892s][info][gc,stats      ]   Update Region States               38 us
[7.892s][info][gc,stats      ]   Scan Roots                       2412 us, parallelism: 0.97x
[7.892s][info][gc,stats      ]     S: <total>                     2330 us
[7.892s][info][gc,stats      ]     S: Thread Roots                1290 us, workers (us): 1290, 
[7.892s][info][gc,stats      ]     S: Universe Roots               737 us, workers (us): 737, 
[7.892s][info][gc,stats      ]     S: JNI Handles Roots              8 us, workers (us):   8, 
[7.892s][info][gc,stats      ]     S: Synchronizer Roots             0 us, workers (us):   0, 
[7.892s][info][gc,stats      ]     S: Management Roots               2 us, workers (us):   2, 
[7.892s][info][gc,stats      ]     S: System Dict Roots             45 us, workers (us):  45, 
[7.892s][info][gc,stats      ]     S: CLDG Roots                   247 us, workers (us): 247, 
[7.892s][info][gc,stats      ]     S: JVMTI Roots                    1 us, workers (us):   1, 
[7.892s][info][gc,stats      ]   Resize TLABs                        3 us
[7.892s][info][gc,stats      ] Concurrent Marking                56119 us
[7.892s][info][gc,stats      ] Concurrent Precleaning              333 us
[7.892s][info][gc,stats      ] Pause Final Mark (G)              19692 us
[7.892s][info][gc,stats      ] Pause Final Mark (N)              17066 us
[7.892s][info][gc,stats      ]   Finish Queues                      29 us
[7.892s][info][gc,stats      ]   Weak References                   107 us
[7.892s][info][gc,stats      ]     Process                         105 us
[7.892s][info][gc,stats      ]   System Purge                      141 us
[7.892s][info][gc,stats      ]     Unload Classes                  869 us
[7.892s][info][gc,stats      ]     Cleanup                       10628 us, parallelism: 0.99x
[7.892s][info][gc,stats      ]       CU: <total>                 10532 us
[7.892s][info][gc,stats      ]       CU: Code Cache Roots         3697 us, workers (us): 3697, 
[7.892s][info][gc,stats      ]       CU: Code Cache Cleaning       742 us, workers (us): 742, 
[7.892s][info][gc,stats      ]       CU: String Table Roots       1075 us, workers (us): 1075, 
[7.892s][info][gc,stats      ]       CU: Resolved Table Roots       35 us, workers (us):  35, 
[7.892s][info][gc,stats      ]       CU: CLDG Roots               4983 us, workers (us): 4983, 
[7.892s][info][gc,stats      ]     Weak Roots                      140 us
[7.892s][info][gc,stats      ]     CLDG                              1 us
[7.892s][info][gc,stats      ]   Update Region States               39 us
[7.892s][info][gc,stats      ]   Retire TLABs                        7 us
[7.892s][info][gc,stats      ]   Choose Collection Set              82 us
[7.892s][info][gc,stats      ]   Rebuild Free Set                   11 us
[7.892s][info][gc,stats      ]   Initial Evacuation               5141 us, parallelism: 0.46x
[7.892s][info][gc,stats      ]     E: <total>                     2353 us
[7.892s][info][gc,stats      ]     E: Thread Roots                 240 us, workers (us): 240, 
[7.892s][info][gc,stats      ]     E: Code Cache Roots            1001 us, workers (us): 1001, 
[7.892s][info][gc,stats      ]     E: Universe Roots                27 us, workers (us):  27, 
[7.892s][info][gc,stats      ]     E: JNI Handles Roots              7 us, workers (us):   7, 
[7.892s][info][gc,stats      ]     E: Synchronizer Roots             0 us, workers (us):   0, 
[7.892s][info][gc,stats      ]     E: Management Roots               2 us, workers (us):   2, 
[7.892s][info][gc,stats      ]     E: System Dict Roots             89 us, workers (us):  89, 
[7.892s][info][gc,stats      ]     E: CLDG Roots                   987 us, workers (us): 987, 
[7.892s][info][gc,stats      ]     E: JVMTI Roots                    1 us, workers (us):   1, 
[7.892s][info][gc,stats      ] Concurrent Cleanup                   55 us
[7.892s][info][gc,stats      ] Concurrent Evacuation             55842 us
[7.892s][info][gc,stats      ] Pause Init  Update Refs (G)        4572 us
[7.892s][info][gc,stats      ] Pause Init  Update Refs (N)          13 us
[7.892s][info][gc,stats      ]   Retire GCLABs                       3 us
[7.892s][info][gc,stats      ] Concurrent Update Refs            31320 us
[7.892s][info][gc,stats      ] Pause Final Update Refs (G)        5902 us
[7.892s][info][gc,stats      ] Pause Final Update Refs (N)         709 us
[7.892s][info][gc,stats      ]   Update Roots                      642 us, parallelism: 0.98x
[7.892s][info][gc,stats      ]     UR: <total>                     630 us
[7.892s][info][gc,stats      ]     UR: Thread Roots                630 us, workers (us): 630, 
[7.892s][info][gc,stats      ]   Update Region States               38 us
[7.892s][info][gc,stats      ]   Trash Collection Set                4 us
[7.892s][info][gc,stats      ]   Rebuild Free Set                   15 us
[7.892s][info][gc,stats      ] Concurrent Cleanup                   76 us
[7.892s][info][gc,stats      ] 
[7.892s][info][gc,stats      ] Allocation pacing accrued:
[7.892s][info][gc,stats      ]       0 of  7886 ms (  0.0%): <total>
[7.892s][info][gc,stats      ]       0 of  7886 ms (  0.0%): <average total>
[7.892s][info][gc,stats      ] 
[7.892s][info][gc,metaspace  ] Metaspace: 20173K->20369K(1067008K)
[7.892s][info][gc,ergo       ] Pacer for Idle. Initial: 10240K, Alloc Tax Rate: 1.0x
[10.470s][info][gc            ] Trigger: Metadata GC Threshold
[10.470s][info][gc,ergo       ] Free: 390M, Max: 256K regular, 387M humongous, Frag: 1% external, 0% internal; Reserve: 25600K, Max: 256K
[10.470s][info][gc,start      ] GC(1) Concurrent reset
[10.470s][info][gc,task       ] GC(1) Using 1 of 1 workers for concurrent reset
[10.470s][info][gc,ergo       ] GC(1) Pacer for Reset. Non-Taxable: 500M
[10.470s][info][gc            ] GC(1) Concurrent reset 0.191ms
[10.473s][info][gc,start      ] GC(1) Pause Init Mark (unload classes)
[10.473s][info][gc,task       ] GC(1) Using 1 of 1 workers for init marking
[10.474s][info][gc,ergo       ] GC(1) Pacer for Mark. Expected Live: 17451K, Free: 390M, Non-Taxable: 39961K, Alloc Tax Rate: 0.1x
[10.474s][info][gc            ] GC(1) Pause Init Mark (unload classes) 1.558ms
[10.474s][info][gc,start      ] GC(1) Concurrent marking (unload classes)
[10.474s][info][gc,task       ] GC(1) Using 1 of 1 workers for concurrent marking
[10.523s][info][gc            ] GC(1) Concurrent marking (unload classes) 48.403ms
[10.523s][info][gc,start      ] GC(1) Pause Final Mark (unload classes)
[10.523s][info][gc,task       ] GC(1) Using 1 of 1 workers for final marking
[10.532s][info][gc,stringtable] GC(1) Cleaned string and symbol table, strings: 13465 processed, 0 removed, symbols: 81223 processed, 44 removed
[10.537s][info][gc,ergo       ] GC(1) Adaptive CSet Selection. Target Free: 72533K, Actual Free: 414M, Max CSet: 21333K, Min Garbage: 0B
[10.537s][info][gc,ergo       ] GC(1) Collectable Garbage: 63445K (98%), Immediate: 1085K (1%), CSet: 62360K (96%)
[10.539s][info][gc,ergo       ] GC(1) Pacer for Evacuation. Used CSet: 66816K, Free: 390M, Non-Taxable: 39949K, Alloc Tax Rate: 1.1x
[10.539s][info][gc            ] GC(1) Pause Final Mark (unload classes) 16.584ms
[10.539s][info][gc,start      ] GC(1) Concurrent cleanup
[10.540s][info][gc            ] GC(1) Concurrent cleanup 85M->84M(132M) 0.042ms
[10.540s][info][gc,ergo       ] GC(1) Free: 390M, Max: 256K regular, 387M humongous, Frag: 1% external, 0% internal; Reserve: 24832K, Max: 256K
[10.540s][info][gc,start      ] GC(1) Concurrent evacuation
[10.540s][info][gc,task       ] GC(1) Using 1 of 1 workers for concurrent evacuation
[10.559s][info][gc            ] GC(1) Concurrent evacuation 19.264ms
[10.562s][info][gc,start      ] GC(1) Pause Init Update Refs
[10.562s][info][gc,ergo       ] GC(1) Pacer for Update Refs. Used: 90784K, Free: 389M, Non-Taxable: 39925K, Alloc Tax Rate: 1.1x
[10.562s][info][gc            ] GC(1) Pause Init Update Refs 0.043ms
[10.562s][info][gc,start      ] GC(1) Concurrent update references
[10.562s][info][gc,task       ] GC(1) Using 1 of 1 workers for concurrent reference update
[10.577s][info][gc            ] GC(1) Concurrent update references 14.728ms
[10.577s][info][gc,start      ] GC(1) Pause Final Update Refs
[10.577s][info][gc,task       ] GC(1) Using 1 of 1 workers for final reference update
[10.578s][info][gc            ] GC(1) Pause Final Update Refs 0.647ms
[10.579s][info][gc,start      ] GC(1) Concurrent cleanup
[10.579s][info][gc            ] GC(1) Concurrent cleanup 88M->23M(136M) 0.137ms
[10.579s][info][gc,ergo       ] Free: 450M, Max: 256K regular, 385M humongous, Frag: 15% external, 0% internal; Reserve: 25600K, Max: 256K
[10.579s][info][gc,stats      ] 
[10.579s][info][gc,stats      ] All times are wall-clock times, except per-root-class counters, that are sum over
[10.579s][info][gc,stats      ] all workers. Dividing the <total> over the root stage time estimates parallelism.
[10.579s][info][gc,stats      ] 
[10.579s][info][gc,stats      ] Concurrent Reset                    164 us
[10.579s][info][gc,stats      ] Pause Init Mark (G)                4140 us
[10.579s][info][gc,stats      ] Pause Init Mark (N)                1514 us
[10.579s][info][gc,stats      ]   Accumulate Stats                    6 us
[10.579s][info][gc,stats      ]   Make Parsable                      11 us
[10.579s][info][gc,stats      ]   Update Region States               33 us
[10.579s][info][gc,stats      ]   Scan Roots                       1438 us, parallelism: 0.92x
[10.579s][info][gc,stats      ]     S: <total>                     1330 us
[10.579s][info][gc,stats      ]     S: Thread Roots                1219 us, workers (us): 1219, 
[10.579s][info][gc,stats      ]     S: Universe Roots                 2 us, workers (us):   2, 
[10.579s][info][gc,stats      ]     S: JNI Handles Roots              2 us, workers (us):   2, 
[10.579s][info][gc,stats      ]     S: Synchronizer Roots             0 us, workers (us):   0, 
[10.579s][info][gc,stats      ]     S: Management Roots               1 us, workers (us):   1, 
[10.579s][info][gc,stats      ]     S: System Dict Roots             32 us, workers (us):  32, 
[10.579s][info][gc,stats      ]     S: CLDG Roots                    74 us, workers (us):  74, 
[10.579s][info][gc,stats      ]     S: JVMTI Roots                    1 us, workers (us):   1, 
[10.579s][info][gc,stats      ]   Resize TLABs                        2 us
[10.579s][info][gc,stats      ] Concurrent Marking                48394 us
[10.579s][info][gc,stats      ] Pause Final Mark (G)              16648 us
[10.579s][info][gc,stats      ] Pause Final Mark (N)              16574 us
[10.579s][info][gc,stats      ]   Finish Queues                      32 us
[10.579s][info][gc,stats      ]   System Purge                      192 us
[10.579s][info][gc,stats      ]     Unload Classes                  356 us
[10.579s][info][gc,stats      ]     Cleanup                        8727 us, parallelism: 0.99x
[10.579s][info][gc,stats      ]       CU: <total>                  8647 us
[10.579s][info][gc,stats      ]       CU: Code Cache Roots         2440 us, workers (us): 2440, 
[10.579s][info][gc,stats      ]       CU: Code Cache Cleaning       726 us, workers (us): 726, 
[10.579s][info][gc,stats      ]       CU: String Table Roots       2233 us, workers (us): 2233, 
[10.579s][info][gc,stats      ]       CU: Resolved Table Roots       47 us, workers (us):  47, 
[10.579s][info][gc,stats      ]       CU: CLDG Roots               3201 us, workers (us): 3201, 
[10.579s][info][gc,stats      ]     Weak Roots                      191 us
[10.579s][info][gc,stats      ]     CLDG                              1 us
[10.579s][info][gc,stats      ]   Update Region States             4818 us
[10.579s][info][gc,stats      ]   Retire TLABs                       13 us
[10.579s][info][gc,stats      ]   Choose Collection Set              99 us
[10.579s][info][gc,stats      ]   Rebuild Free Set                    8 us
[10.579s][info][gc,stats      ]   Initial Evacuation               2320 us, parallelism: 0.51x
[10.579s][info][gc,stats      ]     E: <total>                     1171 us
[10.579s][info][gc,stats      ]     E: Thread Roots                 382 us, workers (us): 382, 
[10.579s][info][gc,stats      ]     E: Code Cache Roots             106 us, workers (us): 106, 
[10.579s][info][gc,stats      ]     E: Universe Roots                 2 us, workers (us):   2, 
[10.579s][info][gc,stats      ]     E: JNI Handles Roots              3 us, workers (us):   3, 
[10.579s][info][gc,stats      ]     E: Synchronizer Roots             1 us, workers (us):   1, 
[10.579s][info][gc,stats      ]     E: Management Roots               2 us, workers (us):   2, 
[10.579s][info][gc,stats      ]     E: System Dict Roots             41 us, workers (us):  41, 
[10.579s][info][gc,stats      ]     E: CLDG Roots                   636 us, workers (us): 636, 
[10.579s][info][gc,stats      ]     E: JVMTI Roots                    1 us, workers (us):   1, 
[10.579s][info][gc,stats      ] Concurrent Cleanup                   34 us
[10.579s][info][gc,stats      ] Concurrent Evacuation             19252 us
[10.579s][info][gc,stats      ] Pause Init  Update Refs (G)        3346 us
[10.579s][info][gc,stats      ] Pause Init  Update Refs (N)          10 us
[10.579s][info][gc,stats      ]   Retire GCLABs                       3 us
[10.579s][info][gc,stats      ] Concurrent Update Refs            14719 us
[10.579s][info][gc,stats      ] Pause Final Update Refs (G)        1644 us
[10.579s][info][gc,stats      ] Pause Final Update Refs (N)         635 us
[10.579s][info][gc,stats      ]   Update Roots                      593 us, parallelism: 0.99x
[10.579s][info][gc,stats      ]     UR: <total>                     585 us
[10.579s][info][gc,stats      ]     UR: Thread Roots                585 us, workers (us): 585, 
[10.579s][info][gc,stats      ]   Update Region States               26 us
[10.579s][info][gc,stats      ]   Trash Collection Set                3 us
[10.579s][info][gc,stats      ]   Rebuild Free Set                    7 us
[10.579s][info][gc,stats      ] Concurrent Cleanup                   95 us
[10.579s][info][gc,stats      ] 
[10.579s][info][gc,stats      ] Allocation pacing accrued:
[10.579s][info][gc,stats      ]       0 of  2687 ms (  0.0%): <total>
[10.579s][info][gc,stats      ]       0 of  2687 ms (  0.0%): <average total>
[10.579s][info][gc,stats      ] 
[10.579s][info][gc,metaspace  ] Metaspace: 34569K->34980K(1081344K)
[10.579s][info][gc,ergo       ] Pacer for Idle. Initial: 10240K, Alloc Tax Rate: 1.0x
[12.102s][info][gc            ] Trigger: Learning 3 of 5. Free (349M) is below initial threshold (350M)
[12.102s][info][gc,ergo       ] Free: 349M, Max: 256K regular, 349M humongous, Frag: 0% external, 0% internal; Reserve: 25600K, Max: 256K
[12.102s][info][gc,start      ] GC(2) Concurrent reset
[12.102s][info][gc,task       ] GC(2) Using 1 of 1 workers for concurrent reset
[12.102s][info][gc,ergo       ] GC(2) Pacer for Reset. Non-Taxable: 500M
[12.103s][info][gc            ] GC(2) Concurrent reset 0.323ms
[12.107s][info][gc,start      ] GC(2) Pause Init Mark
[12.107s][info][gc,task       ] GC(2) Using 1 of 1 workers for init marking
[12.108s][info][gc,ergo       ] GC(2) Pacer for Mark. Expected Live: 19352K, Free: 349M, Non-Taxable: 35815K, Alloc Tax Rate: 0.1x
[12.108s][info][gc            ] GC(2) Pause Init Mark 1.763ms
[12.108s][info][gc,start      ] GC(2) Concurrent marking
[12.108s][info][gc,task       ] GC(2) Using 1 of 1 workers for concurrent marking
[12.205s][info][gc            ] GC(2) Concurrent marking 96.165ms
[12.205s][info][gc,start      ] GC(2) Pause Final Mark
[12.205s][info][gc,task       ] GC(2) Using 1 of 1 workers for final marking
[12.205s][info][gc,ergo       ] GC(2) Adaptive CSet Selection. Target Free: 72533K, Actual Free: 362M, Max CSet: 21333K, Min Garbage: 0B
[12.205s][info][gc,ergo       ] GC(2) Collectable Garbage: 92350K (98%), Immediate: 538K (0%), CSet: 91811K (98%)
[12.207s][info][gc,ergo       ] GC(2) Pacer for Evacuation. Used CSet: 101M, Free: 338M, Non-Taxable: 34612K, Alloc Tax Rate: 1.1x
[12.207s][info][gc            ] GC(2) Pause Final Mark 1.989ms
[12.210s][info][gc,start      ] GC(2) Concurrent cleanup
[12.210s][info][gc            ] GC(2) Concurrent cleanup 138M->138M(140M) 0.082ms
[12.216s][info][gc,ergo       ] GC(2) Free: 335M, Max: 256K regular, 335M humongous, Frag: 0% external, 0% internal; Reserve: 25085K, Max: 256K
[12.216s][info][gc,start      ] GC(2) Concurrent evacuation
[12.216s][info][gc,task       ] GC(2) Using 1 of 1 workers for concurrent evacuation
[12.298s][info][gc            ] GC(2) Concurrent evacuation 82.222ms
[12.300s][info][gc,start      ] GC(2) Pause Init Update Refs
[12.301s][info][gc,ergo       ] GC(2) Pacer for Update Refs. Used: 161M, Free: 324M, Non-Taxable: 33254K, Alloc Tax Rate: 1.1x
[12.301s][info][gc            ] GC(2) Pause Init Update Refs 0.027ms
[12.301s][info][gc,start      ] GC(2) Concurrent update references
[12.301s][info][gc,task       ] GC(2) Using 1 of 1 workers for concurrent reference update
[12.370s][info][gc            ] GC(2) Concurrent update references 69.894ms
[12.373s][info][gc,start      ] GC(2) Pause Final Update Refs
[12.374s][info][gc,task       ] GC(2) Using 1 of 1 workers for final reference update
[12.374s][info][gc            ] GC(2) Pause Final Update Refs 0.242ms
[12.374s][info][gc,start      ] GC(2) Concurrent cleanup
[12.374s][info][gc            ] GC(2) Concurrent cleanup 168M->66M(169M) 0.056ms
[12.374s][info][gc,ergo       ] Free: 407M, Max: 256K regular, 305M humongous, Frag: 25% external, 0% internal; Reserve: 25600K, Max: 256K
[12.374s][info][gc,stats      ] 
[12.374s][info][gc,stats      ] All times are wall-clock times, except per-root-class counters, that are sum over
[12.374s][info][gc,stats      ] all workers. Dividing the <total> over the root stage time estimates parallelism.
[12.374s][info][gc,stats      ] 
[12.374s][info][gc,stats      ] Concurrent Reset                    257 us
[12.374s][info][gc,stats      ] Pause Init Mark (G)                5750 us
[12.374s][info][gc,stats      ] Pause Init Mark (N)                1690 us
[12.374s][info][gc,stats      ]   Accumulate Stats                   12 us
[12.374s][info][gc,stats      ]   Make Parsable                      17 us
[12.374s][info][gc,stats      ]   Update Region States               56 us
[12.374s][info][gc,stats      ]   Scan Roots                       1546 us, parallelism: 0.88x
[12.374s][info][gc,stats      ]     S: <total>                     1354 us
[12.374s][info][gc,stats      ]     S: Thread Roots                 615 us, workers (us): 615, 
[12.374s][info][gc,stats      ]     S: Universe Roots                 3 us, workers (us):   3, 
[12.374s][info][gc,stats      ]     S: JNI Handles Roots              2 us, workers (us):   2, 
[12.374s][info][gc,stats      ]     S: Synchronizer Roots             0 us, workers (us):   0, 
[12.374s][info][gc,stats      ]     S: Management Roots               2 us, workers (us):   2, 
[12.374s][info][gc,stats      ]     S: System Dict Roots             29 us, workers (us):  29, 
[12.374s][info][gc,stats      ]     S: CLDG Roots                   702 us, workers (us): 702, 
[12.374s][info][gc,stats      ]     S: JVMTI Roots                    1 us, workers (us):   1, 
[12.374s][info][gc,stats      ]   Resize TLABs                        6 us
[12.374s][info][gc,stats      ] Concurrent Marking                96147 us
[12.374s][info][gc,stats      ] Pause Final Mark (G)               5660 us
[12.374s][info][gc,stats      ] Pause Final Mark (N)               1977 us
[12.374s][info][gc,stats      ]   Finish Queues                      12 us
[12.374s][info][gc,stats      ]   System Purge                      211 us
[12.374s][info][gc,stats      ]     Weak Roots                      211 us
[12.374s][info][gc,stats      ]   Update Region States               26 us
[12.374s][info][gc,stats      ]   Retire TLABs                        5 us
[12.374s][info][gc,stats      ]   Choose Collection Set              71 us
[12.374s][info][gc,stats      ]   Rebuild Free Set                    7 us
[12.374s][info][gc,stats      ]   Initial Evacuation               1639 us, parallelism: 0.53x
[12.374s][info][gc,stats      ]     E: <total>                      868 us
[12.374s][info][gc,stats      ]     E: Thread Roots                 280 us, workers (us): 280, 
[12.374s][info][gc,stats      ]     E: Code Cache Roots             127 us, workers (us): 127, 
[12.374s][info][gc,stats      ]     E: Universe Roots                 1 us, workers (us):   1, 
[12.374s][info][gc,stats      ]     E: JNI Handles Roots              2 us, workers (us):   2, 
[12.374s][info][gc,stats      ]     E: Synchronizer Roots             0 us, workers (us):   0, 
[12.374s][info][gc,stats      ]     E: Management Roots               4 us, workers (us):   4, 
[12.374s][info][gc,stats      ]     E: System Dict Roots              6 us, workers (us):   6, 
[12.374s][info][gc,stats      ]     E: CLDG Roots                   447 us, workers (us): 447, 
[12.374s][info][gc,stats      ]     E: JVMTI Roots                    0 us, workers (us):   0, 
[12.374s][info][gc,stats      ] Concurrent Cleanup                   34 us
[12.374s][info][gc,stats      ] Concurrent Evacuation             82211 us
[12.374s][info][gc,stats      ] Pause Init  Update Refs (G)        2092 us
[12.374s][info][gc,stats      ] Pause Init  Update Refs (N)          10 us
[12.374s][info][gc,stats      ]   Retire GCLABs                       4 us
[12.374s][info][gc,stats      ] Concurrent Update Refs            69880 us
[12.374s][info][gc,stats      ] Pause Final Update Refs (G)        3239 us
[12.374s][info][gc,stats      ] Pause Final Update Refs (N)         211 us
[12.374s][info][gc,stats      ]   Update Roots                      166 us, parallelism: 0.95x
[12.374s][info][gc,stats      ]     UR: <total>                     158 us
[12.374s][info][gc,stats      ]     UR: Thread Roots                158 us, workers (us): 158, 
[12.374s][info][gc,stats      ]   Update Region States               28 us
[12.374s][info][gc,stats      ]   Trash Collection Set                3 us
[12.374s][info][gc,stats      ]   Rebuild Free Set                    7 us
[12.374s][info][gc,stats      ] Concurrent Cleanup                   48 us
[12.374s][info][gc,stats      ] 
[12.374s][info][gc,stats      ] Allocation pacing accrued:
[12.374s][info][gc,stats      ]       0 of  1795 ms (  0.0%): <total>
[12.374s][info][gc,stats      ]       0 of  1795 ms (  0.0%): <average total>
[12.374s][info][gc,stats      ] 
[12.374s][info][gc,metaspace  ] Metaspace: 42882K->42882K(1087488K)
[12.374s][info][gc,ergo       ] Pacer for Idle. Initial: 10240K, Alloc Tax Rate: 1.0x
[12.441s][info][gc            ] Trigger: Learning 4 of 5. Free (348M) is below initial threshold (350M)
[12.441s][info][gc,ergo       ] Free: 348M, Max: 256K regular, 305M humongous, Frag: 13% external, 0% internal; Reserve: 25600K, Max: 256K
[12.441s][info][gc,start      ] GC(3) Concurrent reset
[12.441s][info][gc,task       ] GC(3) Using 1 of 1 workers for concurrent reset
[12.441s][info][gc,ergo       ] GC(3) Pacer for Reset. Non-Taxable: 500M
[12.441s][info][gc            ] GC(3) Concurrent reset 0.189ms
[12.443s][info][gc,start      ] GC(3) Pause Init Mark
[12.443s][info][gc,task       ] GC(3) Using 1 of 1 workers for init marking
[12.444s][info][gc,ergo       ] GC(3) Pacer for Mark. Expected Live: 24054K, Free: 348M, Non-Taxable: 35663K, Alloc Tax Rate: 0.1x
[12.444s][info][gc            ] GC(3) Pause Init Mark 0.716ms
[12.444s][info][gc,start      ] GC(3) Concurrent marking
[12.444s][info][gc,task       ] GC(3) Using 1 of 1 workers for concurrent marking
[12.551s][info][gc            ] GC(3) Concurrent marking 107.128ms
[12.556s][info][gc,start      ] GC(3) Pause Final Mark
[12.556s][info][gc,task       ] GC(3) Using 1 of 1 workers for final marking
[12.557s][info][gc,ergo       ] GC(3) Adaptive CSet Selection. Target Free: 72533K, Actual Free: 331M, Max CSet: 21333K, Min Garbage: 0B
[12.557s][info][gc,ergo       ] GC(3) Collectable Garbage: 78360K (98%), Immediate: 0B (0%), CSet: 78360K (98%)
[12.557s][info][gc,ergo       ] GC(3) Pacer for Evacuation. Used CSet: 94195K, Free: 306M, Non-Taxable: 31389K, Alloc Tax Rate: 1.1x
[12.557s][info][gc            ] GC(3) Pause Final Mark 1.196ms
[12.558s][info][gc,start      ] GC(3) Concurrent cleanup
[12.558s][info][gc            ] GC(3) Concurrent cleanup 167M->167M(169M) 0.041ms
[12.558s][info][gc,ergo       ] GC(3) Free: 306M, Max: 256K regular, 305M humongous, Frag: 1% external, 0% internal; Reserve: 25597K, Max: 256K
[12.558s][info][gc,start      ] GC(3) Concurrent evacuation
[12.558s][info][gc,task       ] GC(3) Using 1 of 1 workers for concurrent evacuation
[12.625s][info][gc            ] GC(3) Concurrent evacuation 67.462ms
[12.627s][info][gc,start      ] GC(3) Pause Init Update Refs
[12.627s][info][gc,ergo       ] GC(3) Pacer for Update Refs. Used: 194M, Free: 295M, Non-Taxable: 30208K, Alloc Tax Rate: 1.1x
[12.627s][info][gc            ] GC(3) Pause Init Update Refs 0.023ms
[12.627s][info][gc,start      ] GC(3) Concurrent update references
[12.627s][info][gc,task       ] GC(3) Using 1 of 1 workers for concurrent reference update
[12.708s][info][gc            ] GC(3) Concurrent update references 80.837ms
[12.710s][info][gc,start      ] GC(3) Pause Final Update Refs
[12.710s][info][gc,task       ] GC(3) Using 1 of 1 workers for final reference update
[12.710s][info][gc            ] GC(3) Pause Final Update Refs 0.231ms
[12.710s][info][gc,start      ] GC(3) Concurrent cleanup
[12.710s][info][gc            ] GC(3) Concurrent cleanup 216M->124M(217M) 0.054ms
[12.711s][info][gc,ergo       ] Free: 349M, Max: 256K regular, 257M humongous, Frag: 27% external, 0% internal; Reserve: 25600K, Max: 256K
[12.711s][info][gc,stats      ] 
[12.711s][info][gc,stats      ] All times are wall-clock times, except per-root-class counters, that are sum over
[12.711s][info][gc,stats      ] all workers. Dividing the <total> over the root stage time estimates parallelism.
[12.711s][info][gc,stats      ] 
[12.711s][info][gc,stats      ] Concurrent Reset                    181 us
[12.711s][info][gc,stats      ] Pause Init Mark (G)                2825 us
[12.711s][info][gc,stats      ] Pause Init Mark (N)                 695 us
[12.711s][info][gc,stats      ]   Accumulate Stats                    6 us
[12.711s][info][gc,stats      ]   Make Parsable                       5 us
[12.711s][info][gc,stats      ]   Update Region States               22 us
[12.711s][info][gc,stats      ]   Scan Roots                        642 us, parallelism: 0.79x
[12.711s][info][gc,stats      ]     S: <total>                      505 us
[12.711s][info][gc,stats      ]     S: Thread Roots                 186 us, workers (us): 186, 
[12.711s][info][gc,stats      ]     S: Universe Roots                 2 us, workers (us):   2, 
[12.711s][info][gc,stats      ]     S: JNI Handles Roots              1 us, workers (us):   1, 
[12.711s][info][gc,stats      ]     S: Synchronizer Roots             0 us, workers (us):   0, 
[12.711s][info][gc,stats      ]     S: Management Roots               1 us, workers (us):   1, 
[12.711s][info][gc,stats      ]     S: System Dict Roots              6 us, workers (us):   6, 
[12.711s][info][gc,stats      ]     S: CLDG Roots                   308 us, workers (us): 308, 
[12.711s][info][gc,stats      ]     S: JVMTI Roots                    0 us, workers (us):   0, 
[12.711s][info][gc,stats      ]   Resize TLABs                        2 us
[12.711s][info][gc,stats      ] Concurrent Marking               107120 us
[12.711s][info][gc,stats      ] Pause Final Mark (G)               3266 us
[12.711s][info][gc,stats      ] Pause Final Mark (N)               1179 us
[12.711s][info][gc,stats      ]   Finish Queues                      12 us
[12.711s][info][gc,stats      ]   System Purge                      185 us
[12.711s][info][gc,stats      ]     Weak Roots                      184 us
[12.711s][info][gc,stats      ]   Update Region States               28 us
[12.711s][info][gc,stats      ]   Retire TLABs                        5 us
[12.711s][info][gc,stats      ]   Choose Collection Set              68 us
[12.711s][info][gc,stats      ]   Rebuild Free Set                    6 us
[12.711s][info][gc,stats      ]   Initial Evacuation                869 us, parallelism: 0.61x
[12.711s][info][gc,stats      ]     E: <total>                      531 us
[12.711s][info][gc,stats      ]     E: Thread Roots                 177 us, workers (us): 177, 
[12.711s][info][gc,stats      ]     E: Code Cache Roots              81 us, workers (us):  81, 
[12.711s][info][gc,stats      ]     E: Universe Roots                 1 us, workers (us):   1, 
[12.711s][info][gc,stats      ]     E: JNI Handles Roots              1 us, workers (us):   1, 
[12.711s][info][gc,stats      ]     E: Synchronizer Roots             0 us, workers (us):   0, 
[12.711s][info][gc,stats      ]     E: Management Roots               1 us, workers (us):   1, 
[12.711s][info][gc,stats      ]     E: System Dict Roots              5 us, workers (us):   5, 
[12.711s][info][gc,stats      ]     E: CLDG Roots                   264 us, workers (us): 264, 
[12.711s][info][gc,stats      ]     E: JVMTI Roots                    0 us, workers (us):   0, 
[12.711s][info][gc,stats      ] Concurrent Cleanup                   33 us
[12.711s][info][gc,stats      ] Concurrent Evacuation             67450 us
[12.711s][info][gc,stats      ] Pause Init  Update Refs (G)        2112 us
[12.711s][info][gc,stats      ] Pause Init  Update Refs (N)           9 us
[12.711s][info][gc,stats      ]   Retire GCLABs                       3 us
[12.711s][info][gc,stats      ] Concurrent Update Refs            80824 us
[12.711s][info][gc,stats      ] Pause Final Update Refs (G)        2346 us
[12.711s][info][gc,stats      ] Pause Final Update Refs (N)         208 us
[12.711s][info][gc,stats      ]   Update Roots                      165 us, parallelism: 0.96x
[12.711s][info][gc,stats      ]     UR: <total>                     158 us
[12.711s][info][gc,stats      ]     UR: Thread Roots                158 us, workers (us): 158, 
[12.711s][info][gc,stats      ]   Update Region States               27 us
[12.711s][info][gc,stats      ]   Trash Collection Set                3 us
[12.711s][info][gc,stats      ]   Rebuild Free Set                    7 us
[12.711s][info][gc,stats      ] Concurrent Cleanup                   47 us
[12.711s][info][gc,stats      ] 
[12.711s][info][gc,stats      ] Allocation pacing accrued:
[12.711s][info][gc,stats      ]       0 of   337 ms (  0.0%): <total>
[12.711s][info][gc,stats      ]       0 of   337 ms (  0.0%): <average total>
[12.711s][info][gc,stats      ] 
[12.711s][info][gc,metaspace  ] Metaspace: 42882K->42882K(1087488K)
[12.711s][info][gc,ergo       ] Pacer for Idle. Initial: 10240K, Alloc Tax Rate: 1.0x
[12.713s][info][gc            ] Trigger: Learning 5 of 5. Free (348M) is below initial threshold (350M)
[12.713s][info][gc,ergo       ] Free: 348M, Max: 256K regular, 257M humongous, Frag: 26% external, 0% internal; Reserve: 25600K, Max: 256K
[12.713s][info][gc,start      ] GC(4) Concurrent reset
[12.713s][info][gc,task       ] GC(4) Using 1 of 1 workers for concurrent reset
[12.713s][info][gc,ergo       ] GC(4) Pacer for Reset. Non-Taxable: 500M
[12.713s][info][gc            ] GC(4) Concurrent reset 0.193ms
[12.715s][info][gc,start      ] GC(4) Pause Init Mark
[12.715s][info][gc,task       ] GC(4) Using 1 of 1 workers for init marking
[12.716s][info][gc,ergo       ] GC(4) Pacer for Mark. Expected Live: 30361K, Free: 348M, Non-Taxable: 35642K, Alloc Tax Rate: 0.1x
[12.716s][info][gc            ] GC(4) Pause Init Mark 0.737ms
[12.716s][info][gc,start      ] GC(4) Concurrent marking
[12.716s][info][gc,task       ] GC(4) Using 1 of 1 workers for concurrent marking
[12.811s][info][gc            ] GC(4) Concurrent marking 94.994ms
[12.811s][info][gc,start      ] GC(4) Pause Final Mark
[12.811s][info][gc,task       ] GC(4) Using 1 of 1 workers for final marking
[12.811s][info][gc,ergo       ] GC(4) Adaptive CSet Selection. Target Free: 72533K, Actual Free: 325M, Max CSet: 21333K, Min Garbage: 0B
[12.811s][info][gc,ergo       ] GC(4) Collectable Garbage: 65345K (98%), Immediate: 0B (0%), CSet: 65345K (98%)
[12.812s][info][gc,ergo       ] GC(4) Pacer for Evacuation. Used CSet: 78555K, Free: 300M, Non-Taxable: 30720K, Alloc Tax Rate: 1.1x
[12.812s][info][gc            ] GC(4) Pause Final Mark 1.317ms
[12.812s][info][gc,start      ] GC(4) Concurrent cleanup
[12.812s][info][gc            ] GC(4) Concurrent cleanup 174M->174M(217M) 0.041ms
[12.812s][info][gc,ergo       ] GC(4) Free: 300M, Max: 256K regular, 257M humongous, Frag: 15% external, 0% internal; Reserve: 25600K, Max: 256K
[12.812s][info][gc,start      ] GC(4) Concurrent evacuation
[12.812s][info][gc,task       ] GC(4) Using 1 of 1 workers for concurrent evacuation
[12.861s][info][gc            ] GC(4) Concurrent evacuation 48.443ms
[12.863s][info][gc,start      ] GC(4) Pause Init Update Refs
[12.863s][info][gc,ergo       ] GC(4) Pacer for Update Refs. Used: 208M, Free: 278M, Non-Taxable: 28525K, Alloc Tax Rate: 1.1x
[12.863s][info][gc            ] GC(4) Pause Init Update Refs 0.024ms
[12.863s][info][gc,start      ] GC(4) Concurrent update references
[12.863s][info][gc,task       ] GC(4) Using 1 of 1 workers for concurrent reference update
[12.957s][info][gc            ] GC(4) Concurrent update references 94.042ms
[12.959s][info][gc,start      ] GC(4) Pause Final Update Refs
[12.959s][info][gc,task       ] GC(4) Using 1 of 1 workers for final reference update
[12.959s][info][gc            ] GC(4) Pause Final Update Refs 0.242ms
[12.959s][info][gc,start      ] GC(4) Concurrent cleanup
[12.959s][info][gc            ] GC(4) Concurrent cleanup 238M->161M(239M) 0.051ms
[12.959s][info][gc,ergo       ] Free: 312M, Max: 256K regular, 235M humongous, Frag: 25% external, 0% internal; Reserve: 25600K, Max: 256K
[12.959s][info][gc,stats      ] 
[12.959s][info][gc,stats      ] All times are wall-clock times, except per-root-class counters, that are sum over
[12.959s][info][gc,stats      ] all workers. Dividing the <total> over the root stage time estimates parallelism.
[12.959s][info][gc,stats      ] 
[12.959s][info][gc,stats      ] Concurrent Reset                    188 us
[12.959s][info][gc,stats      ] Pause Init Mark (G)                2789 us
[12.959s][info][gc,stats      ] Pause Init Mark (N)                 711 us
[12.959s][info][gc,stats      ]   Accumulate Stats                    6 us
[12.959s][info][gc,stats      ]   Make Parsable                       6 us
[12.959s][info][gc,stats      ]   Update Region States               24 us
[12.959s][info][gc,stats      ]   Scan Roots                        653 us, parallelism: 0.78x
[12.959s][info][gc,stats      ]     S: <total>                      511 us
[12.959s][info][gc,stats      ]     S: Thread Roots                 192 us, workers (us): 192, 
[12.959s][info][gc,stats      ]     S: Universe Roots                 2 us, workers (us):   2, 
[12.959s][info][gc,stats      ]     S: JNI Handles Roots              1 us, workers (us):   1, 
[12.959s][info][gc,stats      ]     S: Synchronizer Roots             0 us, workers (us):   0, 
[12.959s][info][gc,stats      ]     S: Management Roots               1 us, workers (us):   1, 
[12.959s][info][gc,stats      ]     S: System Dict Roots              7 us, workers (us):   7, 
[12.959s][info][gc,stats      ]     S: CLDG Roots                   307 us, workers (us): 307, 
[12.959s][info][gc,stats      ]     S: JVMTI Roots                    1 us, workers (us):   1, 
[12.959s][info][gc,stats      ]   Resize TLABs                        3 us
[12.959s][info][gc,stats      ] Concurrent Marking                94985 us
[12.959s][info][gc,stats      ] Pause Final Mark (G)               1386 us
[12.959s][info][gc,stats      ] Pause Final Mark (N)               1307 us
[12.959s][info][gc,stats      ]   Finish Queues                      11 us
[12.959s][info][gc,stats      ]   System Purge                      157 us
[12.959s][info][gc,stats      ]     Weak Roots                      157 us
[12.959s][info][gc,stats      ]   Update Region States               25 us
[12.959s][info][gc,stats      ]   Retire TLABs                        5 us
[12.959s][info][gc,stats      ]   Choose Collection Set              80 us
[12.959s][info][gc,stats      ]   Rebuild Free Set                    7 us
[12.959s][info][gc,stats      ]   Initial Evacuation               1016 us, parallelism: 0.64x
[12.959s][info][gc,stats      ]     E: <total>                      650 us
[12.959s][info][gc,stats      ]     E: Thread Roots                 181 us, workers (us): 181, 
[12.959s][info][gc,stats      ]     E: Code Cache Roots             152 us, workers (us): 152, 
[12.959s][info][gc,stats      ]     E: Universe Roots                 1 us, workers (us):   1, 
[12.959s][info][gc,stats      ]     E: JNI Handles Roots              1 us, workers (us):   1, 
[12.959s][info][gc,stats      ]     E: Synchronizer Roots             0 us, workers (us):   0, 
[12.959s][info][gc,stats      ]     E: Management Roots               1 us, workers (us):   1, 
[12.959s][info][gc,stats      ]     E: System Dict Roots              5 us, workers (us):   5, 
[12.959s][info][gc,stats      ]     E: CLDG Roots                   309 us, workers (us): 309, 
[12.959s][info][gc,stats      ]     E: JVMTI Roots                    1 us, workers (us):   1, 
[12.959s][info][gc,stats      ] Concurrent Cleanup                   33 us
[12.959s][info][gc,stats      ] Concurrent Evacuation             48430 us
[12.959s][info][gc,stats      ] Pause Init  Update Refs (G)        2120 us
[12.959s][info][gc,stats      ] Pause Init  Update Refs (N)           9 us
[12.960s][info][gc,stats      ]   Retire GCLABs                       3 us
[12.960s][info][gc,stats      ] Concurrent Update Refs            94028 us
[12.960s][info][gc,stats      ] Pause Final Update Refs (G)        2330 us
[12.960s][info][gc,stats      ] Pause Final Update Refs (N)         212 us
[12.960s][info][gc,stats      ]   Update Roots                      169 us, parallelism: 0.95x
[12.960s][info][gc,stats      ]     UR: <total>                     160 us
[12.960s][info][gc,stats      ]     UR: Thread Roots                160 us, workers (us): 160, 
[12.960s][info][gc,stats      ]   Update Region States               26 us
[12.960s][info][gc,stats      ]   Trash Collection Set                2 us
[12.960s][info][gc,stats      ]   Rebuild Free Set                    7 us
[12.960s][info][gc,stats      ] Concurrent Cleanup                   44 us
[12.960s][info][gc,stats      ] 
[12.960s][info][gc,stats      ] Allocation pacing accrued:
[12.960s][info][gc,stats      ]       0 of   249 ms (  0.0%): <total>
[12.960s][info][gc,stats      ]       0 of   249 ms (  0.0%): <average total>
[12.960s][info][gc,stats      ] 
[12.960s][info][gc,metaspace  ] Metaspace: 42882K->42882K(1087488K)
[12.960s][info][gc,ergo       ] Pacer for Idle. Initial: 10240K, Alloc Tax Rate: 1.0x
[13.252s][info][gc            ] Trigger: Average GC time (215.22 ms) is above the time for allocation rate (513 MB/s) to deplete free headroom (109M)
[13.252s][info][gc,ergo       ] Free headroom: 134M (free) - 25600K (spike) - 0B (penalties) = 109M
[13.252s][info][gc,ergo       ] Free: 134M, Max: 256K regular, 134M humongous, Frag: 0% external, 1% internal; Reserve: 25600K, Max: 256K
[13.252s][info][gc,start      ] GC(5) Concurrent reset
[13.252s][info][gc,task       ] GC(5) Using 1 of 1 workers for concurrent reset
[13.252s][info][gc,ergo       ] GC(5) Pacer for Reset. Non-Taxable: 500M
[13.253s][info][gc            ] GC(5) Concurrent reset 0.256ms
[13.255s][info][gc,start      ] GC(5) Pause Init Mark (process weakrefs)
[13.255s][info][gc,task       ] GC(5) Using 1 of 1 workers for init marking
[13.255s][info][gc,ergo       ] GC(5) Pacer for Mark. Expected Live: 36781K, Free: 134M, Non-Taxable: 13805K, Alloc Tax Rate: 0.3x
[13.255s][info][gc            ] GC(5) Pause Init Mark (process weakrefs) 0.761ms
[13.255s][info][gc,start      ] GC(5) Concurrent marking (process weakrefs)
[13.255s][info][gc,task       ] GC(5) Using 1 of 1 workers for concurrent marking
[13.446s][info][gc            ] GC(5) Concurrent marking (process weakrefs) 190.704ms
[13.446s][info][gc,start      ] GC(5) Concurrent precleaning
[13.446s][info][gc,task       ] GC(5) Using 1 of 1 workers for concurrent preclean
[13.446s][info][gc,ergo       ] GC(5) Pacer for Precleaning. Non-Taxable: 500M
[13.447s][info][gc            ] GC(5) Concurrent precleaning 0.399ms
[13.447s][info][gc,start      ] GC(5) Pause Final Mark (process weakrefs)
[13.447s][info][gc,task       ] GC(5) Using 1 of 1 workers for final marking
[13.447s][info][gc,ergo       ] GC(5) Adaptive CSet Selection. Target Free: 72533K, Actual Free: 130M, Max CSet: 21333K, Min Garbage: 0B
[13.447s][info][gc,ergo       ] GC(5) Collectable Garbage: 102M (44%), Immediate: 0B (0%), CSet: 102M (44%)
[13.448s][info][gc,ergo       ] GC(5) Pacer for Evacuation. Used CSet: 123M, Free: 105M, Non-Taxable: 10752K, Alloc Tax Rate: 2.9x
[13.448s][info][gc            ] GC(5) Pause Final Mark (process weakrefs) 1.341ms
[13.448s][info][gc,start      ] GC(5) Concurrent cleanup
[13.448s][info][gc            ] GC(5) Concurrent cleanup 369M->369M(370M) 0.040ms
[13.448s][info][gc,ergo       ] GC(5) Free: 105M, Max: 256K regular, 105M humongous, Frag: 0% external, 1% internal; Reserve: 25600K, Max: 256K
[13.448s][info][gc,start      ] GC(5) Concurrent evacuation
[13.448s][info][gc,task       ] GC(5) Using 1 of 1 workers for concurrent evacuation
[13.569s][info][gc            ] GC(5) Concurrent evacuation 121.182ms
[13.572s][info][gc,start      ] GC(5) Pause Init Update Refs
[13.572s][info][gc,ergo       ] GC(5) Pacer for Update Refs. Used: 412M, Free: 84224K, Non-Taxable: 8422K, Alloc Tax Rate: 6.1x
[13.572s][info][gc            ] GC(5) Pause Init Update Refs 0.034ms
[13.572s][info][gc,start      ] GC(5) Concurrent update references
[13.572s][info][gc,task       ] GC(5) Using 1 of 1 workers for concurrent reference update
[13.753s][info][gc            ] GC(5) Concurrent update references 181.776ms
[13.756s][info][gc,start      ] GC(5) Pause Final Update Refs
[13.756s][info][gc,task       ] GC(5) Using 1 of 1 workers for final reference update
[13.756s][info][gc            ] GC(5) Pause Final Update Refs 0.300ms
[13.756s][info][gc,start      ] GC(5) Concurrent cleanup
[13.756s][info][gc            ] GC(5) Concurrent cleanup 436M->312M(437M) 0.060ms
[13.756s][info][gc,ergo       ] Free: 161M, Max: 256K regular, 38400K humongous, Frag: 77% external, 1% internal; Reserve: 25600K, Max: 256K
[13.756s][info][gc,stats      ] 
[13.756s][info][gc,stats      ] All times are wall-clock times, except per-root-class counters, that are sum over
[13.756s][info][gc,stats      ] all workers. Dividing the <total> over the root stage time estimates parallelism.
[13.756s][info][gc,stats      ] 
[13.756s][info][gc,stats      ] Concurrent Reset                    248 us
[13.756s][info][gc,stats      ] Pause Init Mark (G)                2867 us
[13.756s][info][gc,stats      ] Pause Init Mark (N)                 734 us
[13.756s][info][gc,stats      ]   Accumulate Stats                    6 us
[13.756s][info][gc,stats      ]   Make Parsable                       5 us
[13.756s][info][gc,stats      ]   Update Region States               28 us
[13.756s][info][gc,stats      ]   Scan Roots                        672 us, parallelism: 0.77x
[13.756s][info][gc,stats      ]     S: <total>                      517 us
[13.756s][info][gc,stats      ]     S: Thread Roots                 188 us, workers (us): 188, 
[13.756s][info][gc,stats      ]     S: Universe Roots                 2 us, workers (us):   2, 
[13.756s][info][gc,stats      ]     S: JNI Handles Roots              1 us, workers (us):   1, 
[13.756s][info][gc,stats      ]     S: Synchronizer Roots             0 us, workers (us):   0, 
[13.756s][info][gc,stats      ]     S: Management Roots               2 us, workers (us):   2, 
[13.756s][info][gc,stats      ]     S: System Dict Roots              7 us, workers (us):   7, 
[13.756s][info][gc,stats      ]     S: CLDG Roots                   316 us, workers (us): 316, 
[13.756s][info][gc,stats      ]     S: JVMTI Roots                    1 us, workers (us):   1, 
[13.756s][info][gc,stats      ]   Resize TLABs                        2 us
[13.756s][info][gc,stats      ] Concurrent Marking               190695 us
[13.756s][info][gc,stats      ] Concurrent Precleaning              391 us
[13.756s][info][gc,stats      ] Pause Final Mark (G)               1414 us
[13.756s][info][gc,stats      ] Pause Final Mark (N)               1333 us
[13.756s][info][gc,stats      ]   Finish Queues                       8 us
[13.756s][info][gc,stats      ]   Weak References                    77 us
[13.756s][info][gc,stats      ]     Process                          75 us
[13.756s][info][gc,stats      ]   System Purge                      173 us
[13.756s][info][gc,stats      ]     Weak Roots                      173 us
[13.756s][info][gc,stats      ]   Update Region States               25 us
[13.756s][info][gc,stats      ]   Retire TLABs                        6 us
[13.756s][info][gc,stats      ]   Choose Collection Set             151 us
[13.756s][info][gc,stats      ]   Rebuild Free Set                    8 us
[13.756s][info][gc,stats      ]   Initial Evacuation                881 us, parallelism: 0.59x
[13.756s][info][gc,stats      ]     E: <total>                      523 us
[13.756s][info][gc,stats      ]     E: Thread Roots                 167 us, workers (us): 167, 
[13.756s][info][gc,stats      ]     E: Code Cache Roots              78 us, workers (us):  78, 
[13.756s][info][gc,stats      ]     E: Universe Roots                 1 us, workers (us):   1, 
[13.756s][info][gc,stats      ]     E: JNI Handles Roots              1 us, workers (us):   1, 
[13.756s][info][gc,stats      ]     E: Synchronizer Roots             0 us, workers (us):   0, 
[13.756s][info][gc,stats      ]     E: Management Roots               1 us, workers (us):   1, 
[13.756s][info][gc,stats      ]     E: System Dict Roots              8 us, workers (us):   8, 
[13.756s][info][gc,stats      ]     E: CLDG Roots                   267 us, workers (us): 267, 
[13.756s][info][gc,stats      ]     E: JVMTI Roots                    0 us, workers (us):   0, 
[13.756s][info][gc,stats      ] Concurrent Cleanup                   33 us
[13.756s][info][gc,stats      ] Concurrent Evacuation            121169 us
[13.756s][info][gc,stats      ] Pause Init  Update Refs (G)        2161 us
[13.756s][info][gc,stats      ] Pause Init  Update Refs (N)          11 us
[13.756s][info][gc,stats      ]   Retire GCLABs                       3 us
[13.756s][info][gc,stats      ] Concurrent Update Refs           181763 us
[13.756s][info][gc,stats      ] Pause Final Update Refs (G)        2431 us
[13.756s][info][gc,stats      ] Pause Final Update Refs (N)         280 us
[13.756s][info][gc,stats      ]   Update Roots                      233 us, parallelism: 0.96x
[13.756s][info][gc,stats      ]     UR: <total>                     224 us
[13.756s][info][gc,stats      ]     UR: Thread Roots                224 us, workers (us): 224, 
[13.756s][info][gc,stats      ]   Update Region States               27 us
[13.756s][info][gc,stats      ]   Trash Collection Set                5 us
[13.756s][info][gc,stats      ]   Rebuild Free Set                    9 us
[13.756s][info][gc,stats      ] Concurrent Cleanup                   53 us
[13.756s][info][gc,stats      ] Pacing                            60151 us
[13.756s][info][gc,stats      ] 
[13.756s][info][gc,stats      ] Allocation pacing accrued:
[13.756s][info][gc,stats      ]      60 of   797 ms (  7.6%): main
[13.756s][info][gc,stats      ]      60 of   797 ms (  7.6%): <total>
[13.756s][info][gc,stats      ]       1 of   797 ms (  0.2%): <average total>
[13.756s][info][gc,stats      ]      60 of   797 ms (  7.6%): <average non-zero>
[13.756s][info][gc,stats      ] 
[13.756s][info][gc,metaspace  ] Metaspace: 42882K->42896K(1087488K)
[13.756s][info][gc,ergo       ] Pacer for Idle. Initial: 10240K, Alloc Tax Rate: 1.0x
[15.135s][info][gc            ] Trigger: Explicit GC request (System.gc())
[15.135s][info][gc,ergo       ] Free: 121M, Max: 256K regular, 34048K humongous, Frag: 73% external, 1% internal; Reserve: 25600K, Max: 256K
[15.135s][info][gc,start      ] GC(6) Concurrent reset
[15.135s][info][gc,task       ] GC(6) Using 1 of 1 workers for concurrent reset
[15.135s][info][gc,ergo       ] GC(6) Pacer for Reset. Non-Taxable: 500M
[15.136s][info][gc            ] GC(6) Concurrent reset 0.575ms
[15.136s][info][gc,start      ] GC(6) Pause Init Mark (process weakrefs) (unload classes)
[15.136s][info][gc,task       ] GC(6) Using 1 of 1 workers for init marking
[15.136s][info][gc,ergo       ] GC(6) Pacer for Mark. Expected Live: 55299K, Free: 121M, Non-Taxable: 12414K, Alloc Tax Rate: 0.5x
[15.136s][info][gc            ] GC(6) Pause Init Mark (process weakrefs) (unload classes) 0.636ms
[15.136s][info][gc,start      ] GC(6) Concurrent marking (process weakrefs) (unload classes)
[15.136s][info][gc,task       ] GC(6) Using 1 of 1 workers for concurrent marking
[15.189s][info][gc            ] GC(6) Concurrent marking (process weakrefs) (unload classes) 52.147ms
[15.189s][info][gc,start      ] GC(6) Concurrent precleaning
[15.189s][info][gc,task       ] GC(6) Using 1 of 1 workers for concurrent preclean
[15.189s][info][gc,ergo       ] GC(6) Pacer for Precleaning. Non-Taxable: 500M
[15.191s][info][gc            ] GC(6) Concurrent precleaning 2.504ms
[15.191s][info][gc,start      ] GC(6) Pause Final Mark (process weakrefs) (unload classes)
[15.191s][info][gc,task       ] GC(6) Using 1 of 1 workers for final marking
[15.211s][info][gc,stringtable] GC(6) Cleaned string and symbol table, strings: 16593 processed, 0 removed, symbols: 113919 processed, 30 removed
[15.211s][info][gc,ergo       ] GC(6) Adaptive CSet Selection. Target Free: 72533K, Actual Free: 442M, Max CSet: 21333K, Min Garbage: 0B
[15.211s][info][gc,ergo       ] GC(6) Collectable Garbage: 328M (99%), Immediate: 296M (89%), CSet: 33372K (9%)
[15.213s][info][gc,ergo       ] GC(6) Pacer for Evacuation. Used CSet: 36095K, Free: 419M, Non-Taxable: 42905K, Alloc Tax Rate: 1.1x
[15.213s][info][gc            ] GC(6) Pause Final Mark (process weakrefs) (unload classes) 21.325ms
[15.214s][info][gc,start      ] GC(6) Concurrent cleanup
[15.214s][info][gc            ] GC(6) Concurrent cleanup 351M->55M(441M) 0.126ms
[15.214s][info][gc,ergo       ] GC(6) Free: 419M, Max: 256K regular, 271M humongous, Frag: 36% external, 0% internal; Reserve: 25344K, Max: 256K
[15.214s][info][gc,start      ] GC(6) Concurrent evacuation
[15.214s][info][gc,task       ] GC(6) Using 1 of 1 workers for concurrent evacuation
[15.225s][info][gc            ] GC(6) Concurrent evacuation 11.221ms
[15.226s][info][gc,start      ] GC(6) Pause Init Update Refs
[15.226s][info][gc,ergo       ] GC(6) Pacer for Update Refs. Used: 59199K, Free: 418M, Non-Taxable: 42904K, Alloc Tax Rate: 1.1x
[15.226s][info][gc            ] GC(6) Pause Init Update Refs 0.019ms
[15.226s][info][gc,start      ] GC(6) Concurrent update references
[15.226s][info][gc,task       ] GC(6) Using 1 of 1 workers for concurrent reference update
[15.242s][info][gc            ] GC(6) Concurrent update references 16.539ms
[15.242s][info][gc,start      ] GC(6) Pause Final Update Refs
[15.242s][info][gc,task       ] GC(6) Using 1 of 1 workers for final reference update
[15.246s][info][gc            ] GC(6) Pause Final Update Refs 3.352ms
[15.246s][info][gc,start      ] GC(6) Concurrent cleanup
[15.246s][info][gc            ] GC(6) Concurrent cleanup 57M->22M(441M) 0.139ms
[15.246s][info][gc,ergo       ] Free: 451M, Max: 256K regular, 409M humongous, Frag: 10% external, 0% internal; Reserve: 25600K, Max: 256K
[15.246s][info][gc,stats      ] 
[15.246s][info][gc,stats      ] All times are wall-clock times, except per-root-class counters, that are sum over
[15.246s][info][gc,stats      ] all workers. Dividing the <total> over the root stage time estimates parallelism.
[15.246s][info][gc,stats      ] 
[15.246s][info][gc,stats      ] Concurrent Reset                    558 us
[15.246s][info][gc,stats      ] Pause Init Mark (G)                 775 us
[15.246s][info][gc,stats      ] Pause Init Mark (N)                 620 us
[15.246s][info][gc,stats      ]   Accumulate Stats                   40 us
[15.246s][info][gc,stats      ]   Make Parsable                      12 us
[15.246s][info][gc,stats      ]   Update Region States               28 us
[15.246s][info][gc,stats      ]   Scan Roots                        514 us, parallelism: 0.67x
[15.246s][info][gc,stats      ]     S: <total>                      343 us
[15.246s][info][gc,stats      ]     S: Thread Roots                 250 us, workers (us): 250, 
[15.246s][info][gc,stats      ]     S: Universe Roots                 3 us, workers (us):   3, 
[15.246s][info][gc,stats      ]     S: JNI Handles Roots              2 us, workers (us):   2, 
[15.246s][info][gc,stats      ]     S: Synchronizer Roots             0 us, workers (us):   0, 
[15.246s][info][gc,stats      ]     S: Management Roots               2 us, workers (us):   2, 
[15.246s][info][gc,stats      ]     S: System Dict Roots              9 us, workers (us):   9, 
[15.246s][info][gc,stats      ]     S: CLDG Roots                    77 us, workers (us):  77, 
[15.246s][info][gc,stats      ]     S: JVMTI Roots                    1 us, workers (us):   1, 
[15.246s][info][gc,stats      ]   Resize TLABs                        2 us
[15.246s][info][gc,stats      ] Concurrent Marking                52139 us
[15.246s][info][gc,stats      ] Concurrent Precleaning             2493 us
[15.246s][info][gc,stats      ] Pause Final Mark (G)              22843 us
[15.246s][info][gc,stats      ] Pause Final Mark (N)              21314 us
[15.247s][info][gc,stats      ]   Finish Queues                    3032 us
[15.247s][info][gc,stats      ]   Weak References                   558 us
[15.247s][info][gc,stats      ]     Process                         555 us
[15.247s][info][gc,stats      ]   System Purge                      240 us
[15.247s][info][gc,stats      ]     Unload Classes                  861 us
[15.247s][info][gc,stats      ]     Cleanup                       14672 us, parallelism: 1.00x
[15.247s][info][gc,stats      ]       CU: <total>                 14601 us
[15.247s][info][gc,stats      ]       CU: Code Cache Roots         4274 us, workers (us): 4274, 
[15.247s][info][gc,stats      ]       CU: Code Cache Cleaning       976 us, workers (us): 976, 
[15.247s][info][gc,stats      ]       CU: String Table Roots       4785 us, workers (us): 4785, 
[15.247s][info][gc,stats      ]       CU: Resolved Table Roots       70 us, workers (us):  70, 
[15.247s][info][gc,stats      ]       CU: CLDG Roots               4496 us, workers (us): 4496, 
[15.247s][info][gc,stats      ]     Weak Roots                      239 us
[15.247s][info][gc,stats      ]     CLDG                            172 us
[15.247s][info][gc,stats      ]   Update Region States               30 us
[15.247s][info][gc,stats      ]   Retire TLABs                       14 us
[15.247s][info][gc,stats      ]   Choose Collection Set              44 us
[15.247s][info][gc,stats      ]   Rebuild Free Set                    9 us
[15.247s][info][gc,stats      ]   Initial Evacuation               1674 us, parallelism: 0.55x
[15.247s][info][gc,stats      ]     E: <total>                      918 us
[15.247s][info][gc,stats      ]     E: Thread Roots                 195 us, workers (us): 195, 
[15.247s][info][gc,stats      ]     E: Code Cache Roots             221 us, workers (us): 221, 
[15.247s][info][gc,stats      ]     E: Universe Roots                 3 us, workers (us):   3, 
[15.247s][info][gc,stats      ]     E: JNI Handles Roots              3 us, workers (us):   3, 
[15.247s][info][gc,stats      ]     E: Synchronizer Roots             0 us, workers (us):   0, 
[15.247s][info][gc,stats      ]     E: Management Roots               2 us, workers (us):   2, 
[15.247s][info][gc,stats      ]     E: System Dict Roots             12 us, workers (us):  12, 
[15.247s][info][gc,stats      ]     E: CLDG Roots                   481 us, workers (us): 481, 
[15.247s][info][gc,stats      ]     E: JVMTI Roots                    1 us, workers (us):   1, 
[15.247s][info][gc,stats      ] Concurrent Cleanup                   86 us
[15.247s][info][gc,stats      ] Concurrent Evacuation             11208 us
[15.247s][info][gc,stats      ] Pause Init  Update Refs (G)         139 us
[15.247s][info][gc,stats      ] Pause Init  Update Refs (N)          10 us
[15.247s][info][gc,stats      ]   Retire GCLABs                       4 us
[15.247s][info][gc,stats      ] Concurrent Update Refs            16524 us
[15.247s][info][gc,stats      ] Pause Final Update Refs (G)        3649 us
[15.247s][info][gc,stats      ] Pause Final Update Refs (N)        3325 us
[15.247s][info][gc,stats      ]   Update Roots                     3219 us, parallelism: 0.11x
[15.247s][info][gc,stats      ]     UR: <total>                     346 us
[15.247s][info][gc,stats      ]     UR: Thread Roots                346 us, workers (us): 346, 
[15.247s][info][gc,stats      ]   Update Region States               62 us
[15.247s][info][gc,stats      ]   Trash Collection Set                7 us
[15.247s][info][gc,stats      ]   Rebuild Free Set                   24 us
[15.247s][info][gc,stats      ] Concurrent Cleanup                  119 us
[15.247s][info][gc,stats      ] 
[15.247s][info][gc,stats      ] Allocation pacing accrued:
[15.247s][info][gc,stats      ]       0 of  1491 ms (  0.0%): <total>
[15.247s][info][gc,stats      ]       0 of  1491 ms (  0.0%): <average total>
[15.247s][info][gc,stats      ] 
[15.247s][info][gc,metaspace  ] Metaspace: 49346K->49086K(1093632K)
[15.247s][info][gc,ergo       ] Pacer for Idle. Initial: 10240K, Alloc Tax Rate: 1.0x
[15.247s][info][gc,start      ] Concurrent uncommit
[15.315s][info][gc            ] Concurrent uncommit 22M->22M(23M) 68.236ms
[17.058s][info][gc            ] Trigger: Learning 2 of 5. Free (349M) is below initial threshold (350M)
[17.058s][info][gc,ergo       ] Free: 349M, Max: 256K regular, 349M humongous, Frag: 0% external, 0% internal; Reserve: 25600K, Max: 256K
[17.058s][info][gc,start      ] GC(7) Concurrent reset
[17.058s][info][gc,task       ] GC(7) Using 1 of 1 workers for concurrent reset
[17.058s][info][gc,ergo       ] GC(7) Pacer for Reset. Non-Taxable: 500M
[17.058s][info][gc            ] GC(7) Concurrent reset 0.218ms
[17.060s][info][gc,start      ] GC(7) Pause Init Mark
[17.060s][info][gc,task       ] GC(7) Using 1 of 1 workers for init marking
[17.062s][info][gc,ergo       ] GC(7) Pacer for Mark. Expected Live: 55326K, Free: 349M, Non-Taxable: 35788K, Alloc Tax Rate: 0.2x
[17.062s][info][gc            ] GC(7) Pause Init Mark 1.834ms
[17.062s][info][gc,start      ] GC(7) Concurrent marking
[17.062s][info][gc,task       ] GC(7) Using 1 of 1 workers for concurrent marking
[17.123s][info][gc            ] GC(7) Concurrent marking 61.210ms
[17.124s][info][gc,start      ] GC(7) Pause Final Mark
[17.124s][info][gc,task       ] GC(7) Using 1 of 1 workers for final marking
[17.124s][info][gc,ergo       ] GC(7) Adaptive CSet Selection. Target Free: 72533K, Actual Free: 375M, Max CSet: 21333K, Min Garbage: 0B
[17.124s][info][gc,ergo       ] GC(7) Collectable Garbage: 95906K (98%), Immediate: 7748K (7%), CSet: 88157K (90%)
[17.127s][info][gc,ergo       ] GC(7) Pacer for Evacuation. Used CSet: 94687K, Free: 352M, Non-Taxable: 36096K, Alloc Tax Rate: 1.1x
[17.127s][info][gc            ] GC(7) Pause Final Mark 3.495ms
[17.127s][info][gc,start      ] GC(7) Concurrent cleanup
[17.127s][info][gc            ] GC(7) Concurrent cleanup 129M->121M(132M) 0.051ms
[17.127s][info][gc,ergo       ] GC(7) Free: 352M, Max: 256K regular, 343M humongous, Frag: 3% external, 0% internal; Reserve: 25344K, Max: 256K
[17.127s][info][gc,start      ] GC(7) Concurrent evacuation
[17.127s][info][gc,task       ] GC(7) Using 1 of 1 workers for concurrent evacuation
[17.160s][info][gc            ] GC(7) Concurrent evacuation 33.230ms
[17.165s][info][gc,start      ] GC(7) Pause Init Update Refs
[17.165s][info][gc,ergo       ] GC(7) Pacer for Update Refs. Used: 133M, Free: 346M, Non-Taxable: 35507K, Alloc Tax Rate: 1.1x
[17.165s][info][gc            ] GC(7) Pause Init Update Refs 0.058ms
[17.165s][info][gc,start      ] GC(7) Concurrent update references
[17.165s][info][gc,task       ] GC(7) Using 1 of 1 workers for concurrent reference update
[17.249s][info][gc            ] GC(7) Concurrent update references 84.081ms
[17.251s][info][gc,start      ] GC(7) Pause Final Update Refs
[17.251s][info][gc,task       ] GC(7) Using 1 of 1 workers for final reference update
[17.251s][info][gc            ] GC(7) Pause Final Update Refs 0.364ms
[17.251s][info][gc,start      ] GC(7) Concurrent cleanup
[17.251s][info][gc            ] GC(7) Concurrent cleanup 139M->46M(140M) 0.055ms
[17.251s][info][gc,ergo       ] Free: 427M, Max: 256K regular, 335M humongous, Frag: 22% external, 0% internal; Reserve: 25600K, Max: 256K
[17.251s][info][gc,stats      ] 
[17.251s][info][gc,stats      ] All times are wall-clock times, except per-root-class counters, that are sum over
[17.251s][info][gc,stats      ] all workers. Dividing the <total> over the root stage time estimates parallelism.
[17.251s][info][gc,stats      ] 
[17.251s][info][gc,stats      ] Concurrent Reset                    189 us
[17.251s][info][gc,stats      ] Pause Init Mark (G)                3966 us
[17.251s][info][gc,stats      ] Pause Init Mark (N)                1812 us
[17.251s][info][gc,stats      ]   Accumulate Stats                    6 us
[17.251s][info][gc,stats      ]   Make Parsable                       9 us
[17.251s][info][gc,stats      ]   Update Region States               23 us
[17.251s][info][gc,stats      ]   Scan Roots                       1735 us, parallelism: 0.87x
[17.251s][info][gc,stats      ]     S: <total>                     1513 us
[17.251s][info][gc,stats      ]     S: Thread Roots                 881 us, workers (us): 881, 
[17.251s][info][gc,stats      ]     S: Universe Roots                 2 us, workers (us):   2, 
[17.251s][info][gc,stats      ]     S: JNI Handles Roots              1 us, workers (us):   1, 
[17.251s][info][gc,stats      ]     S: Synchronizer Roots             0 us, workers (us):   0, 
[17.251s][info][gc,stats      ]     S: Management Roots               1 us, workers (us):   1, 
[17.251s][info][gc,stats      ]     S: System Dict Roots             30 us, workers (us):  30, 
[17.251s][info][gc,stats      ]     S: CLDG Roots                   598 us, workers (us): 598, 
[17.251s][info][gc,stats      ]     S: JVMTI Roots                    1 us, workers (us):   1, 
[17.251s][info][gc,stats      ]   Resize TLABs                        6 us
[17.251s][info][gc,stats      ] Concurrent Marking                61200 us
[17.251s][info][gc,stats      ] Pause Final Mark (G)               3655 us
[17.251s][info][gc,stats      ] Pause Final Mark (N)               3479 us
[17.251s][info][gc,stats      ]   Finish Queues                      24 us
[17.251s][info][gc,stats      ]   System Purge                      422 us
[17.251s][info][gc,stats      ]     Weak Roots                      421 us
[17.251s][info][gc,stats      ]   Update Region States               46 us
[17.251s][info][gc,stats      ]   Retire TLABs                        7 us
[17.251s][info][gc,stats      ]   Choose Collection Set             281 us
[17.251s][info][gc,stats      ]   Rebuild Free Set                   25 us
[17.251s][info][gc,stats      ]   Initial Evacuation               2661 us, parallelism: 0.45x
[17.251s][info][gc,stats      ]     E: <total>                     1197 us
[17.251s][info][gc,stats      ]     E: Thread Roots                 286 us, workers (us): 286, 
[17.251s][info][gc,stats      ]     E: Code Cache Roots             172 us, workers (us): 172, 
[17.251s][info][gc,stats      ]     E: Universe Roots                 2 us, workers (us):   2, 
[17.251s][info][gc,stats      ]     E: JNI Handles Roots              2 us, workers (us):   2, 
[17.251s][info][gc,stats      ]     E: Synchronizer Roots             0 us, workers (us):   0, 
[17.251s][info][gc,stats      ]     E: Management Roots               3 us, workers (us):   3, 
[17.251s][info][gc,stats      ]     E: System Dict Roots             73 us, workers (us):  73, 
[17.251s][info][gc,stats      ]     E: CLDG Roots                   658 us, workers (us): 658, 
[17.251s][info][gc,stats      ]     E: JVMTI Roots                    1 us, workers (us):   1, 
[17.251s][info][gc,stats      ] Concurrent Cleanup                   36 us
[17.251s][info][gc,stats      ] Concurrent Evacuation             33219 us
[17.251s][info][gc,stats      ] Pause Init  Update Refs (G)        4129 us
[17.251s][info][gc,stats      ] Pause Init  Update Refs (N)          13 us
[17.252s][info][gc,stats      ]   Retire GCLABs                       5 us
[17.252s][info][gc,stats      ] Concurrent Update Refs            84068 us
[17.252s][info][gc,stats      ] Pause Final Update Refs (G)        2506 us
[17.252s][info][gc,stats      ] Pause Final Update Refs (N)         327 us
[17.252s][info][gc,stats      ]   Update Roots                      262 us, parallelism: 0.96x
[17.252s][info][gc,stats      ]     UR: <total>                     251 us
[17.252s][info][gc,stats      ]     UR: Thread Roots                251 us, workers (us): 251, 
[17.252s][info][gc,stats      ]   Update Region States               45 us
[17.252s][info][gc,stats      ]   Trash Collection Set                3 us
[17.252s][info][gc,stats      ]   Rebuild Free Set                    9 us
[17.252s][info][gc,stats      ] Concurrent Cleanup                   47 us
[17.252s][info][gc,stats      ] 
[17.252s][info][gc,stats      ] Allocation pacing accrued:
[17.252s][info][gc,stats      ]       0 of  2005 ms (  0.0%): <total>
[17.252s][info][gc,stats      ]       0 of  2005 ms (  0.0%): <average total>
[17.252s][info][gc,stats      ] 
[17.252s][info][gc,metaspace  ] Metaspace: 55048K->55050K(1097728K)
[17.252s][info][gc,ergo       ] Pacer for Idle. Initial: 10240K, Alloc Tax Rate: 1.0x
[17.498s][info][gc            ] Trigger: Learning 3 of 5. Free (349M) is below initial threshold (350M)
[17.499s][info][gc,ergo       ] Free: 349M, Max: 256K regular, 335M humongous, Frag: 5% external, 0% internal; Reserve: 25600K, Max: 256K
[17.499s][info][gc,start      ] GC(8) Concurrent reset
[17.499s][info][gc,task       ] GC(8) Using 1 of 1 workers for concurrent reset
[17.499s][info][gc,ergo       ] GC(8) Pacer for Reset. Non-Taxable: 500M
[17.499s][info][gc            ] GC(8) Concurrent reset 0.223ms
[17.501s][info][gc,start      ] GC(8) Pause Init Mark
[17.501s][info][gc,task       ] GC(8) Using 1 of 1 workers for init marking
[17.502s][info][gc,ergo       ] GC(8) Pacer for Mark. Expected Live: 54183K, Free: 349M, Non-Taxable: 35814K, Alloc Tax Rate: 0.2x
[17.502s][info][gc            ] GC(8) Pause Init Mark 1.028ms
[17.502s][info][gc,start      ] GC(8) Concurrent marking
[17.502s][info][gc,task       ] GC(8) Using 1 of 1 workers for concurrent marking
[17.598s][info][gc            ] GC(8) Concurrent marking 95.918ms
[17.598s][info][gc,start      ] GC(8) Pause Final Mark
[17.598s][info][gc,task       ] GC(8) Using 1 of 1 workers for final marking
[17.598s][info][gc,ergo       ] GC(8) Adaptive CSet Selection. Target Free: 72533K, Actual Free: 352M, Max CSet: 21333K, Min Garbage: 0B
[17.598s][info][gc,ergo       ] GC(8) Collectable Garbage: 89619K (98%), Immediate: 256K (0%), CSet: 89363K (97%)
[17.600s][info][gc,ergo       ] GC(8) Pacer for Evacuation. Used CSet: 97024K, Free: 327M, Non-Taxable: 33511K, Alloc Tax Rate: 1.1x
[17.600s][info][gc            ] GC(8) Pause Final Mark 1.817ms
[17.600s][info][gc,start      ] GC(8) Concurrent cleanup
[17.600s][info][gc            ] GC(8) Concurrent cleanup 146M->146M(148M) 0.042ms
[17.600s][info][gc,ergo       ] GC(8) Free: 327M, Max: 256K regular, 326M humongous, Frag: 1% external, 0% internal; Reserve: 25600K, Max: 256K
[17.600s][info][gc,start      ] GC(8) Concurrent evacuation
[17.600s][info][gc,task       ] GC(8) Using 1 of 1 workers for concurrent evacuation
[17.631s][info][gc            ] GC(8) Concurrent evacuation 31.309ms
[17.633s][info][gc,start      ] GC(8) Pause Init Update Refs
[17.633s][info][gc,ergo       ] GC(8) Pacer for Update Refs. Used: 160M, Free: 320M, Non-Taxable: 32794K, Alloc Tax Rate: 1.1x
[17.633s][info][gc            ] GC(8) Pause Init Update Refs 0.028ms
[17.633s][info][gc,start      ] GC(8) Concurrent update references
[17.633s][info][gc,task       ] GC(8) Using 1 of 1 workers for concurrent reference update
[17.735s][info][gc            ] GC(8) Concurrent update references 101.546ms
[17.737s][info][gc,start      ] GC(8) Pause Final Update Refs
[17.737s][info][gc,task       ] GC(8) Using 1 of 1 workers for final reference update
[17.737s][info][gc            ] GC(8) Pause Final Update Refs 0.258ms
[17.737s][info][gc,start      ] GC(8) Concurrent cleanup
[17.737s][info][gc            ] GC(8) Concurrent cleanup 184M->89M(185M) 0.054ms
[17.737s][info][gc,ergo       ] Free: 384M, Max: 256K regular, 289M humongous, Frag: 25% external, 0% internal; Reserve: 25600K, Max: 256K
[17.737s][info][gc,stats      ] 
[17.737s][info][gc,stats      ] All times are wall-clock times, except per-root-class counters, that are sum over
[17.737s][info][gc,stats      ] all workers. Dividing the <total> over the root stage time estimates parallelism.
[17.737s][info][gc,stats      ] 
[17.738s][info][gc,stats      ] Concurrent Reset                    215 us
[17.738s][info][gc,stats      ] Pause Init Mark (G)                3144 us
[17.738s][info][gc,stats      ] Pause Init Mark (N)                1002 us
[17.738s][info][gc,stats      ]   Accumulate Stats                    6 us
[17.738s][info][gc,stats      ]   Make Parsable                       5 us
[17.738s][info][gc,stats      ]   Update Region States               23 us
[17.738s][info][gc,stats      ]   Scan Roots                        943 us, parallelism: 0.77x
[17.738s][info][gc,stats      ]     S: <total>                      725 us
[17.738s][info][gc,stats      ]     S: Thread Roots                 242 us, workers (us): 242, 
[17.738s][info][gc,stats      ]     S: Universe Roots                 3 us, workers (us):   3, 
[17.738s][info][gc,stats      ]     S: JNI Handles Roots              1 us, workers (us):   1, 
[17.738s][info][gc,stats      ]     S: Synchronizer Roots             0 us, workers (us):   0, 
[17.738s][info][gc,stats      ]     S: Management Roots               1 us, workers (us):   1, 
[17.738s][info][gc,stats      ]     S: System Dict Roots             11 us, workers (us):  11, 
[17.738s][info][gc,stats      ]     S: CLDG Roots                   466 us, workers (us): 466, 
[17.738s][info][gc,stats      ]     S: JVMTI Roots                    0 us, workers (us):   0, 
[17.738s][info][gc,stats      ]   Resize TLABs                        3 us
[17.738s][info][gc,stats      ] Concurrent Marking                95909 us
[17.738s][info][gc,stats      ] Pause Final Mark (G)               1884 us
[17.738s][info][gc,stats      ] Pause Final Mark (N)               1808 us
[17.738s][info][gc,stats      ]   Finish Queues                      12 us
[17.738s][info][gc,stats      ]   System Purge                      320 us
[17.738s][info][gc,stats      ]     Weak Roots                      319 us
[17.738s][info][gc,stats      ]   Update Region States               35 us
[17.738s][info][gc,stats      ]   Retire TLABs                        7 us
[17.738s][info][gc,stats      ]   Choose Collection Set              72 us
[17.738s][info][gc,stats      ]   Rebuild Free Set                    7 us
[17.738s][info][gc,stats      ]   Initial Evacuation               1348 us, parallelism: 0.62x
[17.738s][info][gc,stats      ]     E: <total>                      830 us
[17.738s][info][gc,stats      ]     E: Thread Roots                 216 us, workers (us): 216, 
[17.738s][info][gc,stats      ]     E: Code Cache Roots             115 us, workers (us): 115, 
[17.738s][info][gc,stats      ]     E: Universe Roots                 1 us, workers (us):   1, 
[17.738s][info][gc,stats      ]     E: JNI Handles Roots              1 us, workers (us):   1, 
[17.738s][info][gc,stats      ]     E: Synchronizer Roots             0 us, workers (us):   0, 
[17.738s][info][gc,stats      ]     E: Management Roots               1 us, workers (us):   1, 
[17.738s][info][gc,stats      ]     E: System Dict Roots              8 us, workers (us):   8, 
[17.738s][info][gc,stats      ]     E: CLDG Roots                   488 us, workers (us): 488, 
[17.738s][info][gc,stats      ]     E: JVMTI Roots                    0 us, workers (us):   0, 
[17.738s][info][gc,stats      ] Concurrent Cleanup                   34 us
[17.738s][info][gc,stats      ] Concurrent Evacuation             31298 us
[17.738s][info][gc,stats      ] Pause Init  Update Refs (G)        2188 us
[17.738s][info][gc,stats      ] Pause Init  Update Refs (N)          10 us
[17.738s][info][gc,stats      ]   Retire GCLABs                       3 us
[17.738s][info][gc,stats      ] Concurrent Update Refs           101532 us
[17.738s][info][gc,stats      ] Pause Final Update Refs (G)        2368 us
[17.738s][info][gc,stats      ] Pause Final Update Refs (N)         241 us
[17.738s][info][gc,stats      ]   Update Roots                      198 us, parallelism: 0.96x
[17.738s][info][gc,stats      ]     UR: <total>                     190 us
[17.738s][info][gc,stats      ]     UR: Thread Roots                190 us, workers (us): 190, 
[17.738s][info][gc,stats      ]   Update Region States               26 us
[17.738s][info][gc,stats      ]   Trash Collection Set                3 us
[17.738s][info][gc,stats      ]   Rebuild Free Set                    8 us
[17.738s][info][gc,stats      ] Concurrent Cleanup                   47 us
[17.738s][info][gc,stats      ] 
[17.738s][info][gc,stats      ] Allocation pacing accrued:
[17.738s][info][gc,stats      ]       0 of   486 ms (  0.0%): <total>
[17.738s][info][gc,stats      ]       0 of   486 ms (  0.0%): <average total>
[17.738s][info][gc,stats      ] 
[17.738s][info][gc,metaspace  ] Metaspace: 55085K->55089K(1097728K)
[17.738s][info][gc,ergo       ] Pacer for Idle. Initial: 10240K, Alloc Tax Rate: 1.0x
[17.841s][info][gc            ] Trigger: Learning 4 of 5. Free (349M) is below initial threshold (350M)
[17.841s][info][gc,ergo       ] Free: 349M, Max: 256K regular, 289M humongous, Frag: 18% external, 0% internal; Reserve: 25600K, Max: 256K
[17.841s][info][gc,start      ] GC(9) Concurrent reset
[17.841s][info][gc,task       ] GC(9) Using 1 of 1 workers for concurrent reset
[17.841s][info][gc,ergo       ] GC(9) Pacer for Reset. Non-Taxable: 500M
[17.841s][info][gc            ] GC(9) Concurrent reset 0.202ms
[17.841s][info][gc,start      ] GC(9) Pause Init Mark
[17.841s][info][gc,task       ] GC(9) Using 1 of 1 workers for init marking
[17.842s][info][gc,ergo       ] GC(9) Pacer for Mark. Expected Live: 51429K, Free: 349M, Non-Taxable: 35765K, Alloc Tax Rate: 0.2x
[17.842s][info][gc            ] GC(9) Pause Init Mark 1.116ms
[17.842s][info][gc,start      ] GC(9) Concurrent marking
[17.842s][info][gc,task       ] GC(9) Using 1 of 1 workers for concurrent marking
[17.945s][info][gc            ] GC(9) Concurrent marking 103.010ms
[17.945s][info][gc,start      ] GC(9) Pause Final Mark
[17.945s][info][gc,task       ] GC(9) Using 1 of 1 workers for final marking
[17.946s][info][gc,ergo       ] GC(9) Adaptive CSet Selection. Target Free: 72533K, Actual Free: 347M, Max CSet: 21333K, Min Garbage: 0B
[17.946s][info][gc,ergo       ] GC(9) Collectable Garbage: 82443K (98%), Immediate: 512K (0%), CSet: 81931K (97%)
[17.947s][info][gc,ergo       ] GC(9) Pacer for Evacuation. Used CSet: 89074K, Free: 322M, Non-Taxable: 33000K, Alloc Tax Rate: 1.1x
[17.947s][info][gc            ] GC(9) Pause Final Mark 1.724ms
[17.947s][info][gc,start      ] GC(9) Concurrent cleanup
[17.947s][info][gc            ] GC(9) Concurrent cleanup 152M->151M(185M) 0.042ms
[17.947s][info][gc,ergo       ] GC(9) Free: 322M, Max: 256K regular, 289M humongous, Frag: 11% external, 0% internal; Reserve: 25597K, Max: 256K
[17.947s][info][gc,start      ] GC(9) Concurrent evacuation
[17.947s][info][gc,task       ] GC(9) Using 1 of 1 workers for concurrent evacuation
[17.973s][info][gc            ] GC(9) Concurrent evacuation 25.859ms
[17.976s][info][gc,start      ] GC(9) Pause Init Update Refs
[17.976s][info][gc,ergo       ] GC(9) Pacer for Update Refs. Used: 169M, Free: 311M, Non-Taxable: 31875K, Alloc Tax Rate: 1.1x
[17.976s][info][gc            ] GC(9) Pause Init Update Refs 0.036ms
[17.976s][info][gc,start      ] GC(9) Concurrent update references
[17.976s][info][gc,task       ] GC(9) Using 1 of 1 workers for concurrent reference update
[18.107s][info][gc            ] GC(9) Concurrent update references 130.281ms
[18.111s][info][gc,start      ] GC(9) Pause Final Update Refs
[18.111s][info][gc,task       ] GC(9) Using 1 of 1 workers for final reference update
[18.111s][info][gc            ] GC(9) Pause Final Update Refs 0.306ms
[18.111s][info][gc,start      ] GC(9) Concurrent cleanup
[18.111s][info][gc            ] GC(9) Concurrent cleanup 214M->127M(215M) 0.053ms
[18.111s][info][gc,ergo       ] Free: 346M, Max: 256K regular, 259M humongous, Frag: 26% external, 0% internal; Reserve: 25600K, Max: 256K
[18.111s][info][gc,stats      ] 
[18.111s][info][gc,stats      ] All times are wall-clock times, except per-root-class counters, that are sum over
[18.111s][info][gc,stats      ] all workers. Dividing the <total> over the root stage time estimates parallelism.
[18.111s][info][gc,stats      ] 
[18.111s][info][gc,stats      ] Concurrent Reset                    195 us
[18.111s][info][gc,stats      ] Pause Init Mark (G)                1261 us
[18.111s][info][gc,stats      ] Pause Init Mark (N)                1106 us
[18.111s][info][gc,stats      ]   Accumulate Stats                    6 us
[18.111s][info][gc,stats      ]   Make Parsable                       5 us
[18.111s][info][gc,stats      ]   Update Region States               20 us
[18.111s][info][gc,stats      ]   Scan Roots                       1045 us, parallelism: 0.79x
[18.111s][info][gc,stats      ]     S: <total>                      823 us
[18.111s][info][gc,stats      ]     S: Thread Roots                 271 us, workers (us): 271, 
[18.111s][info][gc,stats      ]     S: Universe Roots                 2 us, workers (us):   2, 
[18.111s][info][gc,stats      ]     S: JNI Handles Roots              1 us, workers (us):   1, 
[18.111s][info][gc,stats      ]     S: Synchronizer Roots             0 us, workers (us):   0, 
[18.111s][info][gc,stats      ]     S: Management Roots               1 us, workers (us):   1, 
[18.111s][info][gc,stats      ]     S: System Dict Roots             10 us, workers (us):  10, 
[18.111s][info][gc,stats      ]     S: CLDG Roots                   537 us, workers (us): 537, 
[18.111s][info][gc,stats      ]     S: JVMTI Roots                    0 us, workers (us):   0, 
[18.111s][info][gc,stats      ]   Resize TLABs                        4 us
[18.111s][info][gc,stats      ] Concurrent Marking               103002 us
[18.111s][info][gc,stats      ] Pause Final Mark (G)               1795 us
[18.111s][info][gc,stats      ] Pause Final Mark (N)               1707 us
[18.111s][info][gc,stats      ]   Finish Queues                      10 us
[18.111s][info][gc,stats      ]   System Purge                      224 us
[18.111s][info][gc,stats      ]     Weak Roots                      223 us
[18.111s][info][gc,stats      ]   Update Region States               29 us
[18.111s][info][gc,stats      ]   Retire TLABs                        5 us
[18.111s][info][gc,stats      ]   Choose Collection Set              64 us
[18.111s][info][gc,stats      ]   Rebuild Free Set                    7 us
[18.111s][info][gc,stats      ]   Initial Evacuation               1360 us, parallelism: 0.56x
[18.111s][info][gc,stats      ]     E: <total>                      765 us
[18.111s][info][gc,stats      ]     E: Thread Roots                 229 us, workers (us): 229, 
[18.111s][info][gc,stats      ]     E: Code Cache Roots             122 us, workers (us): 122, 
[18.111s][info][gc,stats      ]     E: Universe Roots                 1 us, workers (us):   1, 
[18.111s][info][gc,stats      ]     E: JNI Handles Roots              1 us, workers (us):   1, 
[18.111s][info][gc,stats      ]     E: Synchronizer Roots             0 us, workers (us):   0, 
[18.111s][info][gc,stats      ]     E: Management Roots               1 us, workers (us):   1, 
[18.111s][info][gc,stats      ]     E: System Dict Roots              9 us, workers (us):   9, 
[18.111s][info][gc,stats      ]     E: CLDG Roots                   402 us, workers (us): 402, 
[18.111s][info][gc,stats      ]     E: JVMTI Roots                    0 us, workers (us):   0, 
[18.111s][info][gc,stats      ] Concurrent Cleanup                   34 us
[18.111s][info][gc,stats      ] Concurrent Evacuation             25846 us
[18.111s][info][gc,stats      ] Pause Init  Update Refs (G)        3427 us
[18.112s][info][gc,stats      ] Pause Init  Update Refs (N)          11 us
[18.112s][info][gc,stats      ]   Retire GCLABs                       4 us
[18.112s][info][gc,stats      ] Concurrent Update Refs           130268 us
[18.112s][info][gc,stats      ] Pause Final Update Refs (G)        4493 us
[18.112s][info][gc,stats      ] Pause Final Update Refs (N)         277 us
[18.112s][info][gc,stats      ]   Update Roots                      232 us, parallelism: 0.96x
[18.112s][info][gc,stats      ]     UR: <total>                     223 us
[18.112s][info][gc,stats      ]     UR: Thread Roots                223 us, workers (us): 223, 
[18.112s][info][gc,stats      ]   Update Region States               28 us
[18.112s][info][gc,stats      ]   Trash Collection Set                3 us
[18.112s][info][gc,stats      ]   Rebuild Free Set                    7 us
[18.112s][info][gc,stats      ] Concurrent Cleanup                   46 us
[18.112s][info][gc,stats      ] 
[18.112s][info][gc,stats      ] Allocation pacing accrued:
[18.112s][info][gc,stats      ]       0 of   374 ms (  0.0%): <total>
[18.112s][info][gc,stats      ]       0 of   374 ms (  0.0%): <average total>
[18.112s][info][gc,stats      ] 
[18.112s][info][gc,metaspace  ] Metaspace: 55092K->55116K(1097728K)
[18.112s][info][gc,ergo       ] Pacer for Idle. Initial: 10240K, Alloc Tax Rate: 1.0x
[18.113s][info][gc            ] Trigger: Learning 5 of 5. Free (345M) is below initial threshold (350M)
[18.113s][info][gc,ergo       ] Free: 345M, Max: 256K regular, 259M humongous, Frag: 25% external, 0% internal; Reserve: 25600K, Max: 256K
[18.113s][info][gc,start      ] GC(10) Concurrent reset
[18.113s][info][gc,task       ] GC(10) Using 1 of 1 workers for concurrent reset
[18.113s][info][gc,ergo       ] GC(10) Pacer for Reset. Non-Taxable: 500M
[18.113s][info][gc            ] GC(10) Concurrent reset 0.203ms
[18.116s][info][gc,start      ] GC(10) Pause Init Mark (process weakrefs)
[18.116s][info][gc,task       ] GC(10) Using 1 of 1 workers for init marking
[18.118s][info][gc,ergo       ] GC(10) Pacer for Mark. Expected Live: 47568K, Free: 345M, Non-Taxable: 35412K, Alloc Tax Rate: 0.2x
[18.118s][info][gc            ] GC(10) Pause Init Mark (process weakrefs) 1.742ms
[18.118s][info][gc,start      ] GC(10) Concurrent marking (process weakrefs)
[18.118s][info][gc,task       ] GC(10) Using 1 of 1 workers for concurrent marking
[18.347s][info][gc            ] GC(10) Concurrent marking (process weakrefs) 228.725ms
[18.347s][info][gc,start      ] GC(10) Concurrent precleaning
[18.347s][info][gc,task       ] GC(10) Using 1 of 1 workers for concurrent preclean
[18.347s][info][gc,ergo       ] GC(10) Pacer for Precleaning. Non-Taxable: 500M
[18.351s][info][gc            ] GC(10) Concurrent precleaning 3.856ms
[18.351s][info][gc,start      ] GC(10) Pause Final Mark (process weakrefs)
[18.351s][info][gc,task       ] GC(10) Using 1 of 1 workers for final marking
[18.352s][info][gc,ergo       ] GC(10) Adaptive CSet Selection. Target Free: 72533K, Actual Free: 327M, Max CSet: 21333K, Min Garbage: 0B
[18.352s][info][gc,ergo       ] GC(10) Collectable Garbage: 78037K (97%), Immediate: 1024K (1%), CSet: 77013K (96%)
[18.353s][info][gc,ergo       ] GC(10) Pacer for Evacuation. Used CSet: 83929K, Free: 302M, Non-Taxable: 30981K, Alloc Tax Rate: 1.1x
[18.353s][info][gc            ] GC(10) Pause Final Mark (process weakrefs) 1.816ms
[18.353s][info][gc,start      ] GC(10) Concurrent cleanup
[18.353s][info][gc            ] GC(10) Concurrent cleanup 172M->171M(215M) 0.050ms
[18.353s][info][gc,ergo       ] GC(10) Free: 302M, Max: 256K regular, 259M humongous, Frag: 15% external, 0% internal; Reserve: 25597K, Max: 256K
[18.353s][info][gc,start      ] GC(10) Concurrent evacuation
[18.353s][info][gc,task       ] GC(10) Using 1 of 1 workers for concurrent evacuation
[18.386s][info][gc            ] GC(10) Concurrent evacuation 32.984ms
[18.389s][info][gc,start      ] GC(10) Pause Init Update Refs
[18.389s][info][gc,ergo       ] GC(10) Pacer for Update Refs. Used: 193M, Free: 286M, Non-Taxable: 29369K, Alloc Tax Rate: 1.1x
[18.389s][info][gc            ] GC(10) Pause Init Update Refs 0.045ms
[18.389s][info][gc,start      ] GC(10) Concurrent update references
[18.389s][info][gc,task       ] GC(10) Using 1 of 1 workers for concurrent reference update
[18.547s][info][gc            ] GC(10) Concurrent update references 158.555ms
[18.548s][info][gc,start      ] GC(10) Pause Final Update Refs
[18.548s][info][gc,task       ] GC(10) Using 1 of 1 workers for final reference update
[18.548s][info][gc            ] GC(10) Pause Final Update Refs 0.360ms
[18.548s][info][gc,start      ] GC(10) Concurrent cleanup
[18.548s][info][gc            ] GC(10) Concurrent cleanup 252M->170M(254M) 0.053ms
[18.548s][info][gc,ergo       ] Free: 303M, Max: 256K regular, 221M humongous, Frag: 28% external, 0% internal; Reserve: 25600K, Max: 256K
[18.548s][info][gc,stats      ] 
[18.548s][info][gc,stats      ] All times are wall-clock times, except per-root-class counters, that are sum over
[18.548s][info][gc,stats      ] all workers. Dividing the <total> over the root stage time estimates parallelism.
[18.548s][info][gc,stats      ] 
[18.548s][info][gc,stats      ] Concurrent Reset                    197 us
[18.548s][info][gc,stats      ] Pause Init Mark (G)                4734 us
[18.548s][info][gc,stats      ] Pause Init Mark (N)                1700 us
[18.548s][info][gc,stats      ]   Accumulate Stats                    8 us
[18.548s][info][gc,stats      ]   Make Parsable                       7 us
[18.548s][info][gc,stats      ]   Update Region States               47 us
[18.548s][info][gc,stats      ]   Scan Roots                       1581 us, parallelism: 0.83x
[18.548s][info][gc,stats      ]     S: <total>                     1317 us
[18.548s][info][gc,stats      ]     S: Thread Roots                 502 us, workers (us): 502, 
[18.548s][info][gc,stats      ]     S: Universe Roots                 3 us, workers (us):   3, 
[18.548s][info][gc,stats      ]     S: JNI Handles Roots              2 us, workers (us):   2, 
[18.548s][info][gc,stats      ]     S: Synchronizer Roots             0 us, workers (us):   0, 
[18.548s][info][gc,stats      ]     S: Management Roots               2 us, workers (us):   2, 
[18.548s][info][gc,stats      ]     S: System Dict Roots             15 us, workers (us):  15, 
[18.548s][info][gc,stats      ]     S: CLDG Roots                   792 us, workers (us): 792, 
[18.548s][info][gc,stats      ]     S: JVMTI Roots                    1 us, workers (us):   1, 
[18.548s][info][gc,stats      ]   Resize TLABs                        7 us
[18.548s][info][gc,stats      ] Concurrent Marking               228694 us
[18.548s][info][gc,stats      ] Concurrent Precleaning             3833 us
[18.548s][info][gc,stats      ] Pause Final Mark (G)               1952 us
[18.548s][info][gc,stats      ] Pause Final Mark (N)               1796 us
[18.548s][info][gc,stats      ]   Finish Queues                      17 us
[18.548s][info][gc,stats      ]   Weak References                    53 us
[18.548s][info][gc,stats      ]     Process                          51 us
[18.548s][info][gc,stats      ]   System Purge                      258 us
[18.548s][info][gc,stats      ]     Weak Roots                      258 us
[18.548s][info][gc,stats      ]   Update Region States               28 us
[18.548s][info][gc,stats      ]   Retire TLABs                       12 us
[18.548s][info][gc,stats      ]   Choose Collection Set              75 us
[18.548s][info][gc,stats      ]   Rebuild Free Set                    7 us
[18.548s][info][gc,stats      ]   Initial Evacuation               1339 us, parallelism: 0.60x
[18.548s][info][gc,stats      ]     E: <total>                      799 us
[18.548s][info][gc,stats      ]     E: Thread Roots                 215 us, workers (us): 215, 
[18.548s][info][gc,stats      ]     E: Code Cache Roots             183 us, workers (us): 183, 
[18.548s][info][gc,stats      ]     E: Universe Roots                 1 us, workers (us):   1, 
[18.548s][info][gc,stats      ]     E: JNI Handles Roots              1 us, workers (us):   1, 
[18.548s][info][gc,stats      ]     E: Synchronizer Roots             0 us, workers (us):   0, 
[18.548s][info][gc,stats      ]     E: Management Roots               1 us, workers (us):   1, 
[18.548s][info][gc,stats      ]     E: System Dict Roots             11 us, workers (us):  11, 
[18.548s][info][gc,stats      ]     E: CLDG Roots                   387 us, workers (us): 387, 
[18.548s][info][gc,stats      ]     E: JVMTI Roots                    0 us, workers (us):   0, 
[18.548s][info][gc,stats      ] Concurrent Cleanup                   35 us
[18.548s][info][gc,stats      ] Concurrent Evacuation             32973 us
[18.548s][info][gc,stats      ] Pause Init  Update Refs (G)        2812 us
[18.548s][info][gc,stats      ] Pause Init  Update Refs (N)          11 us
[18.548s][info][gc,stats      ]   Retire GCLABs                       4 us
[18.548s][info][gc,stats      ] Concurrent Update Refs           158542 us
[18.548s][info][gc,stats      ] Pause Final Update Refs (G)         541 us
[18.548s][info][gc,stats      ] Pause Final Update Refs (N)         339 us
[18.548s][info][gc,stats      ]   Update Roots                      295 us, parallelism: 0.97x
[18.548s][info][gc,stats      ]     UR: <total>                     286 us
[18.548s][info][gc,stats      ]     UR: Thread Roots                286 us, workers (us): 286, 
[18.548s][info][gc,stats      ]   Update Region States               26 us
[18.548s][info][gc,stats      ]   Trash Collection Set                2 us
[18.548s][info][gc,stats      ]   Rebuild Free Set                    7 us
[18.548s][info][gc,stats      ] Concurrent Cleanup                   45 us
[18.548s][info][gc,stats      ] 
[18.548s][info][gc,stats      ] Allocation pacing accrued:
[18.548s][info][gc,stats      ]       0 of   437 ms (  0.0%): <total>
[18.549s][info][gc,stats      ]       0 of   437 ms (  0.0%): <average total>
[18.549s][info][gc,stats      ] 
[18.549s][info][gc,metaspace  ] Metaspace: 55116K->55117K(1097728K)
[18.549s][info][gc,ergo       ] Pacer for Idle. Initial: 10240K, Alloc Tax Rate: 1.0x
[18.660s][info][gc            ] Trigger: Average GC time (249.79 ms) is above the time for allocation rate (500 MB/s) to deplete free headroom (123M)
[18.660s][info][gc,ergo       ] Free headroom: 148M (free) - 25600K (spike) - 0B (penalties) = 123M
[18.661s][info][gc,ergo       ] Free: 148M, Max: 256K regular, 148M humongous, Frag: 0% external, 1% internal; Reserve: 25600K, Max: 256K
[18.661s][info][gc,start      ] GC(11) Concurrent reset
[18.661s][info][gc,task       ] GC(11) Using 1 of 1 workers for concurrent reset
[18.661s][info][gc,ergo       ] GC(11) Pacer for Reset. Non-Taxable: 500M
[18.661s][info][gc            ] GC(11) Concurrent reset 0.258ms
[18.663s][info][gc,start      ] GC(11) Pause Init Mark
[18.663s][info][gc,task       ] GC(11) Using 1 of 1 workers for init marking
[18.664s][info][gc,ergo       ] GC(11) Pacer for Mark. Expected Live: 35760K, Free: 148M, Non-Taxable: 15212K, Alloc Tax Rate: 0.3x
[18.664s][info][gc            ] GC(11) Pause Init Mark 1.102ms
[18.664s][info][gc,start      ] GC(11) Concurrent marking
[18.664s][info][gc,task       ] GC(11) Using 1 of 1 workers for concurrent marking
[18.838s][info][gc            ] GC(11) Concurrent marking 174.388ms
[18.839s][info][gc,start      ] GC(11) Pause Final Mark
[18.839s][info][gc,task       ] GC(11) Using 1 of 1 workers for final marking
[18.839s][info][gc,ergo       ] GC(11) Adaptive CSet Selection. Target Free: 72533K, Actual Free: 132M, Max CSet: 21333K, Min Garbage: 0B
[18.839s][info][gc,ergo       ] GC(11) Collectable Garbage: 226M (89%), Immediate: 0B (0%), CSet: 226M (89%)
[18.840s][info][gc,ergo       ] GC(11) Pacer for Evacuation. Used CSet: 247M, Free: 107M, Non-Taxable: 11033K, Alloc Tax Rate: 5.6x
[18.840s][info][gc            ] GC(11) Pause Final Mark 1.746ms
[18.842s][info][gc,start      ] GC(11) Concurrent cleanup
[18.842s][info][gc            ] GC(11) Concurrent cleanup 367M->367M(369M) 0.074ms
[18.842s][info][gc,ergo       ] GC(11) Free: 105M, Max: 256K regular, 105M humongous, Frag: 0% external, 1% internal; Reserve: 25591K, Max: 256K
[18.842s][info][gc,start      ] GC(11) Concurrent evacuation
[18.842s][info][gc,task       ] GC(11) Using 1 of 1 workers for concurrent evacuation
[18.900s][info][gc            ] GC(11) Concurrent evacuation 58.105ms
[18.901s][info][gc,start      ] GC(11) Pause Init Update Refs
[18.901s][info][gc,ergo       ] GC(11) Pacer for Update Refs. Used: 422M, Free: 74240K, Non-Taxable: 7424K, Alloc Tax Rate: 7.1x
[18.901s][info][gc            ] GC(11) Pause Init Update Refs 0.046ms
[18.901s][info][gc,start      ] GC(11) Concurrent update references
[18.901s][info][gc,task       ] GC(11) Using 1 of 1 workers for concurrent reference update
[19.118s][info][gc            ] GC(11) Concurrent update references 216.797ms
[19.120s][info][gc,start      ] GC(11) Pause Final Update Refs
[19.120s][info][gc,task       ] GC(11) Using 1 of 1 workers for final reference update
[19.120s][info][gc            ] GC(11) Pause Final Update Refs 0.282ms
[19.123s][info][gc,start      ] GC(11) Concurrent cleanup
[19.123s][info][gc            ] GC(11) Concurrent cleanup 476M->234M(478M) 0.086ms
[19.123s][info][gc,ergo       ] Free: 238M, Max: 256K regular, 12288K humongous, Frag: 95% external, 0% internal; Reserve: 25600K, Max: 256K
[19.123s][info][gc,stats      ] 
[19.123s][info][gc,stats      ] All times are wall-clock times, except per-root-class counters, that are sum over
[19.123s][info][gc,stats      ] all workers. Dividing the <total> over the root stage time estimates parallelism.
[19.123s][info][gc,stats      ] 
[19.123s][info][gc,stats      ] Concurrent Reset                    250 us
[19.123s][info][gc,stats      ] Pause Init Mark (G)                3298 us
[19.123s][info][gc,stats      ] Pause Init Mark (N)                1049 us
[19.123s][info][gc,stats      ]   Accumulate Stats                    7 us
[19.123s][info][gc,stats      ]   Make Parsable                       6 us
[19.123s][info][gc,stats      ]   Update Region States               34 us
[19.123s][info][gc,stats      ]   Scan Roots                        957 us, parallelism: 0.77x
[19.123s][info][gc,stats      ]     S: <total>                      738 us
[19.123s][info][gc,stats      ]     S: Thread Roots                 232 us, workers (us): 232, 
[19.123s][info][gc,stats      ]     S: Universe Roots                 2 us, workers (us):   2, 
[19.123s][info][gc,stats      ]     S: JNI Handles Roots              1 us, workers (us):   1, 
[19.123s][info][gc,stats      ]     S: Synchronizer Roots             0 us, workers (us):   0, 
[19.123s][info][gc,stats      ]     S: Management Roots               2 us, workers (us):   2, 
[19.123s][info][gc,stats      ]     S: System Dict Roots             10 us, workers (us):  10, 
[19.123s][info][gc,stats      ]     S: CLDG Roots                   491 us, workers (us): 491, 
[19.123s][info][gc,stats      ]     S: JVMTI Roots                    1 us, workers (us):   1, 
[19.123s][info][gc,stats      ]   Resize TLABs                        4 us
[19.123s][info][gc,stats      ] Concurrent Marking               174378 us
[19.123s][info][gc,stats      ] Pause Final Mark (G)               3602 us
[19.123s][info][gc,stats      ] Pause Final Mark (N)               1729 us
[19.123s][info][gc,stats      ]   Finish Queues                      10 us
[19.123s][info][gc,stats      ]   System Purge                      216 us
[19.123s][info][gc,stats      ]     Weak Roots                      215 us
[19.123s][info][gc,stats      ]   Update Region States               25 us
[19.123s][info][gc,stats      ]   Retire TLABs                        5 us
[19.123s][info][gc,stats      ]   Choose Collection Set             142 us
[19.123s][info][gc,stats      ]   Rebuild Free Set                    7 us
[19.123s][info][gc,stats      ]   Initial Evacuation               1318 us, parallelism: 0.57x
[19.123s][info][gc,stats      ]     E: <total>                      748 us
[19.123s][info][gc,stats      ]     E: Thread Roots                 230 us, workers (us): 230, 
[19.123s][info][gc,stats      ]     E: Code Cache Roots             123 us, workers (us): 123, 
[19.123s][info][gc,stats      ]     E: Universe Roots                 1 us, workers (us):   1, 
[19.123s][info][gc,stats      ]     E: JNI Handles Roots              1 us, workers (us):   1, 
[19.123s][info][gc,stats      ]     E: Synchronizer Roots             0 us, workers (us):   0, 
[19.123s][info][gc,stats      ]     E: Management Roots               1 us, workers (us):   1, 
[19.123s][info][gc,stats      ]     E: System Dict Roots              8 us, workers (us):   8, 
[19.123s][info][gc,stats      ]     E: CLDG Roots                   383 us, workers (us): 383, 
[19.123s][info][gc,stats      ]     E: JVMTI Roots                    0 us, workers (us):   0, 
[19.123s][info][gc,stats      ] Concurrent Cleanup                   34 us
[19.123s][info][gc,stats      ] Concurrent Evacuation             58088 us
[19.123s][info][gc,stats      ] Pause Init  Update Refs (G)         377 us
[19.123s][info][gc,stats      ] Pause Init  Update Refs (N)          20 us
[19.123s][info][gc,stats      ]   Retire GCLABs                       4 us
[19.123s][info][gc,stats      ] Concurrent Update Refs           216763 us
[19.123s][info][gc,stats      ] Pause Final Update Refs (G)        4991 us
[19.123s][info][gc,stats      ] Pause Final Update Refs (N)         250 us
[19.123s][info][gc,stats      ]   Update Roots                      202 us, parallelism: 0.97x
[19.123s][info][gc,stats      ]     UR: <total>                     196 us
[19.123s][info][gc,stats      ]     UR: Thread Roots                196 us, workers (us): 196, 
[19.123s][info][gc,stats      ]   Update Region States               27 us
[19.123s][info][gc,stats      ]   Trash Collection Set                6 us
[19.123s][info][gc,stats      ]   Rebuild Free Set                    8 us
[19.123s][info][gc,stats      ] Concurrent Cleanup                   71 us
[19.123s][info][gc,stats      ] Pacing                            76481 us
[19.123s][info][gc,stats      ] 
[19.123s][info][gc,stats      ] Allocation pacing accrued:
[19.123s][info][gc,stats      ]      76 of   575 ms ( 13.3%): Executor task launch worker for task 0.0 in stage 0.0 (TID 0)
[19.123s][info][gc,stats      ]      76 of   575 ms ( 13.3%): <total>
[19.123s][info][gc,stats      ]       2 of   575 ms (  0.3%): <average total>
[19.123s][info][gc,stats      ]      76 of   575 ms ( 13.3%): <average non-zero>
[19.123s][info][gc,stats      ] 
[19.123s][info][gc,metaspace  ] Metaspace: 55118K->55118K(1097728K)
[19.123s][info][gc,ergo       ] Pacer for Idle. Initial: 10240K, Alloc Tax Rate: 1.0x
[19.164s][info][gc            ] Trigger: Average GC time (320.07 ms) is above the time for allocation rate (427 MB/s) to deplete free headroom (134M)
[19.164s][info][gc,ergo       ] Free headroom: 159M (free) - 25600K (spike) - 0B (penalties) = 134M
[19.164s][info][gc,ergo       ] Free: 159M, Max: 256K regular, 9728K humongous, Frag: 95% external, 1% internal; Reserve: 25600K, Max: 256K
[19.164s][info][gc,start      ] GC(12) Concurrent reset
[19.164s][info][gc,task       ] GC(12) Using 1 of 1 workers for concurrent reset
[19.164s][info][gc,ergo       ] GC(12) Pacer for Reset. Non-Taxable: 500M
[19.164s][info][gc            ] GC(12) Concurrent reset 0.491ms
[19.167s][info][gc,start      ] GC(12) Pause Init Mark
[19.167s][info][gc,task       ] GC(12) Using 1 of 1 workers for init marking
[19.168s][info][gc,ergo       ] GC(12) Pacer for Mark. Expected Live: 46403K, Free: 159M, Non-Taxable: 16358K, Alloc Tax Rate: 0.3x
[19.168s][info][gc            ] GC(12) Pause Init Mark 1.008ms
[19.168s][info][gc,start      ] GC(12) Concurrent marking
[19.168s][info][gc,task       ] GC(12) Using 1 of 1 workers for concurrent marking
[19.271s][info][gc            ] GC(12) Concurrent marking 103.259ms
[19.271s][info][gc,start      ] GC(12) Pause Final Mark
[19.271s][info][gc,task       ] GC(12) Using 1 of 1 workers for final marking
[19.271s][info][gc,ergo       ] GC(12) Adaptive CSet Selection. Target Free: 72533K, Actual Free: 143M, Max CSet: 21333K, Min Garbage: 0B
[19.271s][info][gc,ergo       ] GC(12) Collectable Garbage: 219M (99%), Immediate: 2048K (0%), CSet: 217M (98%)
[19.273s][info][gc,ergo       ] GC(12) Pacer for Evacuation. Used CSet: 237M, Free: 119M, Non-Taxable: 12210K, Alloc Tax Rate: 4.9x
[19.273s][info][gc            ] GC(12) Pause Final Mark 1.781ms
[19.278s][info][gc,start      ] GC(12) Concurrent cleanup
[19.278s][info][gc            ] GC(12) Concurrent cleanup 366M->364M(478M) 0.056ms
[19.278s][info][gc,ergo       ] GC(12) Free: 109M, Max: 256K regular, 9728K humongous, Frag: 92% external, 1% internal; Reserve: 25597K, Max: 256K
[19.278s][info][gc,start      ] GC(12) Concurrent evacuation
[19.278s][info][gc,task       ] GC(12) Using 1 of 1 workers for concurrent evacuation
[19.355s][info][gc            ] GC(12) Concurrent evacuation 76.542ms
[19.355s][info][gc,start      ] GC(12) Pause Init Update Refs
[19.355s][info][gc,ergo       ] GC(12) Pacer for Update Refs. Used: 428M, Free: 66816K, Non-Taxable: 6681K, Alloc Tax Rate: 8.0x
[19.355s][info][gc            ] GC(12) Pause Init Update Refs 0.019ms
[19.355s][info][gc,start      ] GC(12) Concurrent update references
[19.355s][info][gc,task       ] GC(12) Using 1 of 1 workers for concurrent reference update
[19.476s][info][gc            ] GC(12) Concurrent update references 121.123ms
[19.476s][info][gc,start      ] GC(12) Pause Final Update Refs
[19.476s][info][gc,task       ] GC(12) Using 1 of 1 workers for final reference update
[19.477s][info][gc            ] GC(12) Pause Final Update Refs 0.317ms
[19.478s][info][gc,start      ] GC(12) Concurrent cleanup
[19.478s][info][gc            ] GC(12) Concurrent cleanup 480M->244M(498M) 0.086ms
[19.478s][info][gc,ergo       ] Free: 229M, Max: 256K regular, 95232K humongous, Frag: 60% external, 1% internal; Reserve: 25600K, Max: 256K
[19.478s][info][gc,stats      ] 
[19.478s][info][gc,stats      ] All times are wall-clock times, except per-root-class counters, that are sum over
[19.478s][info][gc,stats      ] all workers. Dividing the <total> over the root stage time estimates parallelism.
[19.478s][info][gc,stats      ] 
[19.478s][info][gc,stats      ] Concurrent Reset                    482 us
[19.478s][info][gc,stats      ] Pause Init Mark (G)                3164 us
[19.478s][info][gc,stats      ] Pause Init Mark (N)                 984 us
[19.478s][info][gc,stats      ]   Accumulate Stats                    7 us
[19.478s][info][gc,stats      ]   Make Parsable                       6 us
[19.478s][info][gc,stats      ]   Update Region States               24 us
[19.478s][info][gc,stats      ]   Scan Roots                        920 us, parallelism: 0.74x
[19.478s][info][gc,stats      ]     S: <total>                      677 us
[19.478s][info][gc,stats      ]     S: Thread Roots                 216 us, workers (us): 216, 
[19.478s][info][gc,stats      ]     S: Universe Roots                 2 us, workers (us):   2, 
[19.478s][info][gc,stats      ]     S: JNI Handles Roots              1 us, workers (us):   1, 
[19.478s][info][gc,stats      ]     S: Synchronizer Roots             0 us, workers (us):   0, 
[19.478s][info][gc,stats      ]     S: Management Roots               2 us, workers (us):   2, 
[19.478s][info][gc,stats      ]     S: System Dict Roots             10 us, workers (us):  10, 
[19.478s][info][gc,stats      ]     S: CLDG Roots                   446 us, workers (us): 446, 
[19.478s][info][gc,stats      ]     S: JVMTI Roots                    0 us, workers (us):   0, 
[19.478s][info][gc,stats      ]   Resize TLABs                        3 us
[19.478s][info][gc,stats      ] Concurrent Marking               103251 us
[19.478s][info][gc,stats      ] Pause Final Mark (G)               7251 us
[19.478s][info][gc,stats      ] Pause Final Mark (N)               1770 us
[19.478s][info][gc,stats      ]   Finish Queues                      10 us
[19.478s][info][gc,stats      ]   System Purge                      245 us
[19.478s][info][gc,stats      ]     Weak Roots                      245 us
[19.478s][info][gc,stats      ]   Update Region States               24 us
[19.478s][info][gc,stats      ]   Retire TLABs                        5 us
[19.478s][info][gc,stats      ]   Choose Collection Set             174 us
[19.478s][info][gc,stats      ]   Rebuild Free Set                    7 us
[19.478s][info][gc,stats      ]   Initial Evacuation               1298 us, parallelism: 0.58x
[19.478s][info][gc,stats      ]     E: <total>                      748 us
[19.478s][info][gc,stats      ]     E: Thread Roots                 216 us, workers (us): 216, 
[19.478s][info][gc,stats      ]     E: Code Cache Roots             131 us, workers (us): 131, 
[19.478s][info][gc,stats      ]     E: Universe Roots                 1 us, workers (us):   1, 
[19.478s][info][gc,stats      ]     E: JNI Handles Roots              1 us, workers (us):   1, 
[19.478s][info][gc,stats      ]     E: Synchronizer Roots             0 us, workers (us):   0, 
[19.478s][info][gc,stats      ]     E: Management Roots               1 us, workers (us):   1, 
[19.478s][info][gc,stats      ]     E: System Dict Roots              8 us, workers (us):   8, 
[19.478s][info][gc,stats      ]     E: CLDG Roots                   390 us, workers (us): 390, 
[19.478s][info][gc,stats      ]     E: JVMTI Roots                    0 us, workers (us):   0, 
[19.478s][info][gc,stats      ] Concurrent Cleanup                   35 us
[19.478s][info][gc,stats      ] Concurrent Evacuation             76530 us
[19.478s][info][gc,stats      ] Pause Init  Update Refs (G)         149 us
[19.478s][info][gc,stats      ] Pause Init  Update Refs (N)           9 us
[19.478s][info][gc,stats      ]   Retire GCLABs                       3 us
[19.478s][info][gc,stats      ] Concurrent Update Refs           121109 us
[19.478s][info][gc,stats      ] Pause Final Update Refs (G)        1481 us
[19.478s][info][gc,stats      ] Pause Final Update Refs (N)         306 us
[19.478s][info][gc,stats      ]   Update Roots                      251 us, parallelism: 0.97x
[19.478s][info][gc,stats      ]     UR: <total>                     244 us
[19.478s][info][gc,stats      ]     UR: Thread Roots                244 us, workers (us): 244, 
[19.478s][info][gc,stats      ]   Update Region States               31 us
[19.478s][info][gc,stats      ]   Trash Collection Set                6 us
[19.478s][info][gc,stats      ]   Rebuild Free Set                    9 us
[19.478s][info][gc,stats      ] Concurrent Cleanup                   72 us
[19.478s][info][gc,stats      ] Pacing                           141566 us
[19.478s][info][gc,stats      ] 
[19.478s][info][gc,stats      ] Allocation pacing accrued:
[19.478s][info][gc,stats      ]      13 of   355 ms (  3.6%): Spark Context Cleaner
[19.478s][info][gc,stats      ]     129 of   355 ms ( 36.3%): Executor task launch worker for task 0.0 in stage 0.0 (TID 0)
[19.478s][info][gc,stats      ]     142 of   355 ms ( 39.9%): <total>
[19.478s][info][gc,stats      ]       3 of   355 ms (  0.8%): <average total>
[19.478s][info][gc,stats      ]      71 of   355 ms ( 19.9%): <average non-zero>
[19.478s][info][gc,stats      ] 
[19.478s][info][gc,metaspace  ] Metaspace: 55118K->55133K(1097728K)
[19.478s][info][gc,ergo       ] Pacer for Idle. Initial: 10240K, Alloc Tax Rate: 1.0x
[19.501s][info][gc            ] Trigger: Average GC time (344.18 ms) is above the time for allocation rate (526 MB/s) to deplete free headroom (177M)
[19.501s][info][gc,ergo       ] Free headroom: 202M (free) - 25600K (spike) - 0B (penalties) = 177M
[19.501s][info][gc,ergo       ] Free: 202M, Max: 256K regular, 95232K humongous, Frag: 54% external, 1% internal; Reserve: 25600K, Max: 256K
[19.501s][info][gc,start      ] GC(13) Concurrent reset
[19.501s][info][gc,task       ] GC(13) Using 1 of 1 workers for concurrent reset
[19.501s][info][gc,ergo       ] GC(13) Pacer for Reset. Non-Taxable: 500M
[19.501s][info][gc            ] GC(13) Concurrent reset 0.491ms
[19.504s][info][gc,start      ] GC(13) Pause Init Mark
[19.504s][info][gc,task       ] GC(13) Using 1 of 1 workers for init marking
[19.505s][info][gc,ergo       ] GC(13) Pacer for Mark. Expected Live: 59814K, Free: 202M, Non-Taxable: 20684K, Alloc Tax Rate: 0.4x
[19.505s][info][gc            ] GC(13) Pause Init Mark 1.021ms
[19.505s][info][gc,start      ] GC(13) Concurrent marking
[19.505s][info][gc,task       ] GC(13) Using 1 of 1 workers for concurrent marking
[19.615s][info][gc            ] GC(13) Concurrent marking 110.468ms
[19.615s][info][gc,start      ] GC(13) Pause Final Mark
[19.615s][info][gc,task       ] GC(13) Using 1 of 1 workers for final marking
[19.616s][info][gc,ergo       ] GC(13) Adaptive CSet Selection. Target Free: 72533K, Actual Free: 180M, Max CSet: 21333K, Min Garbage: 0B
[19.616s][info][gc,ergo       ] GC(13) Collectable Garbage: 162M (98%), Immediate: 0B (0%), CSet: 162M (98%)
[19.617s][info][gc,ergo       ] GC(13) Pacer for Evacuation. Used CSet: 177M, Free: 155M, Non-Taxable: 15872K, Alloc Tax Rate: 2.8x
[19.617s][info][gc            ] GC(13) Pause Final Mark 1.721ms
[19.617s][info][gc,start      ] GC(13) Concurrent cleanup
[19.617s][info][gc            ] GC(13) Concurrent cleanup 318M->318M(498M) 0.044ms
[19.617s][info][gc,ergo       ] GC(13) Free: 155M, Max: 256K regular, 95232K humongous, Frag: 40% external, 1% internal; Reserve: 25597K, Max: 256K
[19.617s][info][gc,start      ] GC(13) Concurrent evacuation
[19.617s][info][gc,task       ] GC(13) Using 1 of 1 workers for concurrent evacuation
[19.653s][info][gc            ] GC(13) Concurrent evacuation 35.842ms
[19.655s][info][gc,start      ] GC(13) Pause Init Update Refs
[19.655s][info][gc,ergo       ] GC(13) Pacer for Update Refs. Used: 366M, Free: 122M, Non-Taxable: 12569K, Alloc Tax Rate: 3.6x
[19.655s][info][gc            ] GC(13) Pause Init Update Refs 0.044ms
[19.655s][info][gc,start      ] GC(13) Concurrent update references
[19.655s][info][gc,task       ] GC(13) Using 1 of 1 workers for concurrent reference update
[20.005s][info][gc            ] GC(13) Concurrent update references 349.726ms
[20.007s][info][gc,start      ] GC(13) Pause Final Update Refs
[20.007s][info][gc,task       ] GC(13) Using 1 of 1 workers for final reference update
[20.008s][info][gc            ] GC(13) Pause Final Update Refs 0.545ms
[20.008s][info][gc,start      ] GC(13) Concurrent cleanup
[20.008s][info][gc            ] GC(13) Concurrent cleanup 425M->248M(500M) 0.068ms
[20.008s][info][gc,ergo       ] Free: 225M, Max: 256K regular, 49408K humongous, Frag: 79% external, 1% internal; Reserve: 25600K, Max: 256K
[20.008s][info][gc,stats      ] 
[20.008s][info][gc,stats      ] All times are wall-clock times, except per-root-class counters, that are sum over
[20.008s][info][gc,stats      ] all workers. Dividing the <total> over the root stage time estimates parallelism.
[20.008s][info][gc,stats      ] 
[20.008s][info][gc,stats      ] Concurrent Reset                    481 us
[20.008s][info][gc,stats      ] Pause Init Mark (G)                3273 us
[20.008s][info][gc,stats      ] Pause Init Mark (N)                 989 us
[20.008s][info][gc,stats      ]   Accumulate Stats                    7 us
[20.008s][info][gc,stats      ]   Make Parsable                       7 us
[20.008s][info][gc,stats      ]   Update Region States               37 us
[20.008s][info][gc,stats      ]   Scan Roots                        905 us, parallelism: 0.75x
[20.008s][info][gc,stats      ]     S: <total>                      676 us
[20.008s][info][gc,stats      ]     S: Thread Roots                 214 us, workers (us): 214, 
[20.008s][info][gc,stats      ]     S: Universe Roots                 2 us, workers (us):   2, 
[20.008s][info][gc,stats      ]     S: JNI Handles Roots              1 us, workers (us):   1, 
[20.008s][info][gc,stats      ]     S: Synchronizer Roots             0 us, workers (us):   0, 
[20.008s][info][gc,stats      ]     S: Management Roots               2 us, workers (us):   2, 
[20.008s][info][gc,stats      ]     S: System Dict Roots             11 us, workers (us):  11, 
[20.008s][info][gc,stats      ]     S: CLDG Roots                   445 us, workers (us): 445, 
[20.008s][info][gc,stats      ]     S: JVMTI Roots                    1 us, workers (us):   1, 
[20.008s][info][gc,stats      ]   Resize TLABs                        4 us
[20.008s][info][gc,stats      ] Concurrent Marking               110456 us
[20.008s][info][gc,stats      ] Pause Final Mark (G)               1798 us
[20.008s][info][gc,stats      ] Pause Final Mark (N)               1704 us
[20.008s][info][gc,stats      ]   Finish Queues                      11 us
[20.008s][info][gc,stats      ]   System Purge                      251 us
[20.008s][info][gc,stats      ]     Weak Roots                      251 us
[20.008s][info][gc,stats      ]   Update Region States               25 us
[20.008s][info][gc,stats      ]   Retire TLABs                        5 us
[20.008s][info][gc,stats      ]   Choose Collection Set             120 us
[20.008s][info][gc,stats      ]   Rebuild Free Set                    7 us
[20.008s][info][gc,stats      ]   Initial Evacuation               1278 us, parallelism: 0.59x
[20.008s][info][gc,stats      ]     E: <total>                      753 us
[20.008s][info][gc,stats      ]     E: Thread Roots                 210 us, workers (us): 210, 
[20.008s][info][gc,stats      ]     E: Code Cache Roots             130 us, workers (us): 130, 
[20.008s][info][gc,stats      ]     E: Universe Roots                 1 us, workers (us):   1, 
[20.008s][info][gc,stats      ]     E: JNI Handles Roots              1 us, workers (us):   1, 
[20.008s][info][gc,stats      ]     E: Synchronizer Roots             0 us, workers (us):   0, 
[20.008s][info][gc,stats      ]     E: Management Roots               1 us, workers (us):   1, 
[20.008s][info][gc,stats      ]     E: System Dict Roots              8 us, workers (us):   8, 
[20.008s][info][gc,stats      ]     E: CLDG Roots                   402 us, workers (us): 402, 
[20.008s][info][gc,stats      ]     E: JVMTI Roots                    0 us, workers (us):   0, 
[20.008s][info][gc,stats      ] Concurrent Cleanup                   33 us
[20.008s][info][gc,stats      ] Concurrent Evacuation             35828 us
[20.008s][info][gc,stats      ] Pause Init  Update Refs (G)        2143 us
[20.008s][info][gc,stats      ] Pause Init  Update Refs (N)          11 us
[20.008s][info][gc,stats      ]   Retire GCLABs                       4 us
[20.008s][info][gc,stats      ] Concurrent Update Refs           349709 us
[20.008s][info][gc,stats      ] Pause Final Update Refs (G)        2709 us
[20.008s][info][gc,stats      ] Pause Final Update Refs (N)         511 us
[20.008s][info][gc,stats      ]   Update Roots                      465 us, parallelism: 0.98x
[20.008s][info][gc,stats      ]     UR: <total>                     454 us
[20.008s][info][gc,stats      ]     UR: Thread Roots                454 us, workers (us): 454, 
[20.008s][info][gc,stats      ]   Update Region States               27 us
[20.008s][info][gc,stats      ]   Trash Collection Set                4 us
[20.008s][info][gc,stats      ]   Rebuild Free Set                    7 us
[20.008s][info][gc,stats      ] Concurrent Cleanup                   60 us
[20.008s][info][gc,stats      ] Pacing                           101255 us
[20.008s][info][gc,stats      ] 
[20.008s][info][gc,stats      ] Allocation pacing accrued:
[20.008s][info][gc,stats      ]      13 of   530 ms (  2.4%): Spark Context Cleaner
[20.008s][info][gc,stats      ]      89 of   530 ms ( 16.7%): Executor task launch worker for task 0.0 in stage 0.0 (TID 0)
[20.008s][info][gc,stats      ]     101 of   530 ms ( 19.1%): <total>
[20.008s][info][gc,stats      ]       2 of   530 ms (  0.4%): <average total>
[20.008s][info][gc,stats      ]      51 of   530 ms (  9.5%): <average non-zero>
[20.008s][info][gc,stats      ] 
[20.008s][info][gc,metaspace  ] Metaspace: 55133K->56098K(1099776K)
[20.008s][info][gc,ergo       ] Pacer for Idle. Initial: 10240K, Alloc Tax Rate: 1.0x
[20.634s][info][gc            ] Trigger: Average GC time (397.80 ms) is above the time for allocation rate (223 MB/s) to deplete free headroom (88321K)
[20.634s][info][gc,ergo       ] Free headroom: 111M (free) - 25600K (spike) - 0B (penalties) = 88321K
[20.634s][info][gc,ergo       ] Free: 111M, Max: 256K regular, 49408K humongous, Frag: 57% external, 2% internal; Reserve: 25600K, Max: 256K
[20.634s][info][gc,start      ] GC(14) Concurrent reset
[20.634s][info][gc,task       ] GC(14) Using 1 of 1 workers for concurrent reset
[20.634s][info][gc,ergo       ] GC(14) Pacer for Reset. Non-Taxable: 500M
[20.635s][info][gc            ] GC(14) Concurrent reset 0.424ms
[20.635s][info][gc,start      ] GC(14) Pause Init Mark
[20.635s][info][gc,task       ] GC(14) Using 1 of 1 workers for init marking
[20.636s][info][gc,ergo       ] GC(14) Pacer for Mark. Expected Live: 74769K, Free: 111M, Non-Taxable: 11392K, Alloc Tax Rate: 0.8x
[20.636s][info][gc            ] GC(14) Pause Init Mark 1.264ms
[20.636s][info][gc,start      ] GC(14) Concurrent marking
[20.636s][info][gc,task       ] GC(14) Using 1 of 1 workers for concurrent marking
[20.709s][info][gc            ] GC(14) Concurrent marking 72.792ms
[20.709s][info][gc,start      ] GC(14) Pause Final Mark
[20.709s][info][gc,task       ] GC(14) Using 1 of 1 workers for final marking
[20.709s][info][gc,ergo       ] GC(14) Adaptive CSet Selection. Target Free: 72533K, Actual Free: 339M, Max CSet: 21333K, Min Garbage: 0B
[20.709s][info][gc,ergo       ] GC(14) Collectable Garbage: 327M (99%), Immediate: 222M (67%), CSet: 105M (32%)
[20.711s][info][gc,ergo       ] GC(14) Pacer for Evacuation. Used CSet: 112M, Free: 316M, Non-Taxable: 32435K, Alloc Tax Rate: 1.1x
[20.711s][info][gc            ] GC(14) Pause Final Mark 2.164ms
[20.713s][info][gc,start      ] GC(14) Concurrent cleanup
[20.713s][info][gc            ] GC(14) Concurrent cleanup 379M->160M(500M) 0.093ms
[20.713s][info][gc,ergo       ] GC(14) Free: 313M, Max: 256K regular, 110M humongous, Frag: 65% external, 0% internal; Reserve: 25279K, Max: 256K
[20.713s][info][gc,start      ] GC(14) Concurrent evacuation
[20.713s][info][gc,task       ] GC(14) Using 1 of 1 workers for concurrent evacuation
[20.751s][info][gc            ] GC(14) Concurrent evacuation 37.734ms
[20.754s][info][gc,start      ] GC(14) Pause Init Update Refs
[20.754s][info][gc,ergo       ] GC(14) Pacer for Update Refs. Used: 178M, Free: 302M, Non-Taxable: 30924K, Alloc Tax Rate: 1.1x
[20.754s][info][gc            ] GC(14) Pause Init Update Refs 0.075ms
[20.754s][info][gc,start      ] GC(14) Concurrent update references
[20.754s][info][gc,task       ] GC(14) Using 1 of 1 workers for concurrent reference update
[20.852s][info][gc            ] GC(14) Concurrent update references 98.302ms
[20.854s][info][gc,start      ] GC(14) Pause Final Update Refs
[20.854s][info][gc,task       ] GC(14) Using 1 of 1 workers for final reference update
[20.855s][info][gc            ] GC(14) Pause Final Update Refs 0.268ms
[20.855s][info][gc,start      ] GC(14) Concurrent cleanup
[20.855s][info][gc            ] GC(14) Concurrent cleanup 222M->110M(500M) 0.058ms
[20.855s][info][gc,ergo       ] Free: 363M, Max: 256K regular, 236M humongous, Frag: 35% external, 0% internal; Reserve: 25600K, Max: 256K
[20.855s][info][gc,stats      ] 
[20.855s][info][gc,stats      ] All times are wall-clock times, except per-root-class counters, that are sum over
[20.855s][info][gc,stats      ] all workers. Dividing the <total> over the root stage time estimates parallelism.
[20.855s][info][gc,stats      ] 
[20.855s][info][gc,stats      ] Concurrent Reset                    415 us
[20.855s][info][gc,stats      ] Pause Init Mark (G)                1475 us
[20.855s][info][gc,stats      ] Pause Init Mark (N)                1247 us
[20.855s][info][gc,stats      ]   Accumulate Stats                    7 us
[20.855s][info][gc,stats      ]   Make Parsable                      10 us
[20.855s][info][gc,stats      ]   Update Region States               21 us
[20.855s][info][gc,stats      ]   Scan Roots                       1172 us, parallelism: 0.73x
[20.855s][info][gc,stats      ]     S: <total>                      859 us
[20.855s][info][gc,stats      ]     S: Thread Roots                 350 us, workers (us): 350, 
[20.855s][info][gc,stats      ]     S: Universe Roots                 2 us, workers (us):   2, 
[20.855s][info][gc,stats      ]     S: JNI Handles Roots              1 us, workers (us):   1, 
[20.855s][info][gc,stats      ]     S: Synchronizer Roots             0 us, workers (us):   0, 
[20.855s][info][gc,stats      ]     S: Management Roots               2 us, workers (us):   2, 
[20.855s][info][gc,stats      ]     S: System Dict Roots             10 us, workers (us):  10, 
[20.855s][info][gc,stats      ]     S: CLDG Roots                   492 us, workers (us): 492, 
[20.855s][info][gc,stats      ]     S: JVMTI Roots                    1 us, workers (us):   1, 
[20.855s][info][gc,stats      ]   Resize TLABs                        5 us
[20.855s][info][gc,stats      ] Concurrent Marking                72784 us
[20.855s][info][gc,stats      ] Pause Final Mark (G)               4176 us
[20.855s][info][gc,stats      ] Pause Final Mark (N)               2154 us
[20.855s][info][gc,stats      ]   Finish Queues                       9 us
[20.855s][info][gc,stats      ]   System Purge                      302 us
[20.855s][info][gc,stats      ]     Weak Roots                      302 us
[20.855s][info][gc,stats      ]   Update Region States               26 us
[20.855s][info][gc,stats      ]   Retire TLABs                        7 us
[20.855s][info][gc,stats      ]   Choose Collection Set              88 us
[20.855s][info][gc,stats      ]   Rebuild Free Set                    8 us
[20.855s][info][gc,stats      ]   Initial Evacuation               1708 us, parallelism: 0.58x
[20.855s][info][gc,stats      ]     E: <total>                      990 us
[20.855s][info][gc,stats      ]     E: Thread Roots                 235 us, workers (us): 235, 
[20.855s][info][gc,stats      ]     E: Code Cache Roots             170 us, workers (us): 170, 
[20.855s][info][gc,stats      ]     E: Universe Roots                 1 us, workers (us):   1, 
[20.855s][info][gc,stats      ]     E: JNI Handles Roots              1 us, workers (us):   1, 
[20.855s][info][gc,stats      ]     E: Synchronizer Roots             1 us, workers (us):   1, 
[20.855s][info][gc,stats      ]     E: Management Roots               1 us, workers (us):   1, 
[20.855s][info][gc,stats      ]     E: System Dict Roots              9 us, workers (us):   9, 
[20.855s][info][gc,stats      ]     E: CLDG Roots                   572 us, workers (us): 572, 
[20.855s][info][gc,stats      ]     E: JVMTI Roots                    0 us, workers (us):   0, 
[20.855s][info][gc,stats      ] Concurrent Cleanup                   71 us
[20.855s][info][gc,stats      ] Concurrent Evacuation             37719 us
[20.855s][info][gc,stats      ] Pause Init  Update Refs (G)        2735 us
[20.855s][info][gc,stats      ] Pause Init  Update Refs (N)          24 us
[20.855s][info][gc,stats      ]   Retire GCLABs                       6 us
[20.855s][info][gc,stats      ] Concurrent Update Refs            98275 us
[20.855s][info][gc,stats      ] Pause Final Update Refs (G)        2381 us
[20.855s][info][gc,stats      ] Pause Final Update Refs (N)         250 us
[20.855s][info][gc,stats      ]   Update Roots                      207 us, parallelism: 0.97x
[20.855s][info][gc,stats      ]     UR: <total>                     201 us
[20.855s][info][gc,stats      ]     UR: Thread Roots                201 us, workers (us): 201, 
[20.855s][info][gc,stats      ]   Update Region States               26 us
[20.855s][info][gc,stats      ]   Trash Collection Set                3 us
[20.855s][info][gc,stats      ]   Rebuild Free Set                    7 us
[20.855s][info][gc,stats      ] Concurrent Cleanup                   51 us
[20.855s][info][gc,stats      ] Pacing                            43591 us
[20.855s][info][gc,stats      ] 
[20.855s][info][gc,stats      ] Allocation pacing accrued:
[20.855s][info][gc,stats      ]      13 of   847 ms (  1.5%): Spark Context Cleaner
[20.855s][info][gc,stats      ]      31 of   847 ms (  3.6%): Executor task launch worker for task 0.0 in stage 1.0 (TID 1)
[20.855s][info][gc,stats      ]      44 of   847 ms (  5.1%): <total>
[20.855s][info][gc,stats      ]       1 of   847 ms (  0.1%): <average total>
[20.855s][info][gc,stats      ]      22 of   847 ms (  2.6%): <average non-zero>
[20.855s][info][gc,stats      ] 
[20.855s][info][gc,metaspace  ] Metaspace: 56704K->56704K(1099776K)
[20.855s][info][gc,ergo       ] Pacer for Idle. Initial: 10240K, Alloc Tax Rate: 1.0x
[21.054s][info][gc            ] Trigger: Average GC time (387.75 ms) is above the time for allocation rate (517 MB/s) to deplete free headroom (198M)
[21.054s][info][gc,ergo       ] Free headroom: 223M (free) - 25600K (spike) - 0B (penalties) = 198M
[21.054s][info][gc,ergo       ] Free: 223M, Max: 256K regular, 223M humongous, Frag: 0% external, 0% internal; Reserve: 25600K, Max: 256K
[21.054s][info][gc,start      ] GC(15) Concurrent reset
[21.054s][info][gc,task       ] GC(15) Using 1 of 1 workers for concurrent reset
[21.054s][info][gc,ergo       ] GC(15) Pacer for Reset. Non-Taxable: 500M
[21.055s][info][gc            ] GC(15) Concurrent reset 0.251ms
[21.059s][info][gc,start      ] GC(15) Pause Init Mark (process weakrefs)
[21.059s][info][gc,task       ] GC(15) Using 1 of 1 workers for init marking
[21.060s][info][gc,ergo       ] GC(15) Pacer for Mark. Expected Live: 72515K, Free: 223M, Non-Taxable: 22890K, Alloc Tax Rate: 0.4x
[21.060s][info][gc            ] GC(15) Pause Init Mark (process weakrefs) 1.168ms
[21.060s][info][gc,start      ] GC(15) Concurrent marking (process weakrefs)
[21.060s][info][gc,task       ] GC(15) Using 1 of 1 workers for concurrent marking
[21.168s][info][gc            ] GC(15) Concurrent marking (process weakrefs) 107.856ms
[21.168s][info][gc,start      ] GC(15) Concurrent precleaning
[21.168s][info][gc,task       ] GC(15) Using 1 of 1 workers for concurrent preclean
[21.168s][info][gc,ergo       ] GC(15) Pacer for Precleaning. Non-Taxable: 500M
[21.169s][info][gc            ] GC(15) Concurrent precleaning 0.599ms
[21.169s][info][gc,start      ] GC(15) Pause Final Mark (process weakrefs)
[21.169s][info][gc,task       ] GC(15) Using 1 of 1 workers for final marking
[21.169s][info][gc,ergo       ] GC(15) Adaptive CSet Selection. Target Free: 72533K, Actual Free: 211M, Max CSet: 21333K, Min Garbage: 0B
[21.170s][info][gc,ergo       ] GC(15) Collectable Garbage: 200M (99%), Immediate: 768K (0%), CSet: 199M (98%)
[21.171s][info][gc,ergo       ] GC(15) Pacer for Evacuation. Used CSet: 216M, Free: 187M, Non-Taxable: 19152K, Alloc Tax Rate: 2.8x
[21.171s][info][gc            ] GC(15) Pause Final Mark (process weakrefs) 1.906ms
[21.171s][info][gc,start      ] GC(15) Concurrent cleanup
[21.171s][info][gc            ] GC(15) Concurrent cleanup 287M->286M(500M) 0.042ms
[21.171s][info][gc,ergo       ] GC(15) Free: 187M, Max: 256K regular, 185M humongous, Frag: 1% external, 1% internal; Reserve: 25597K, Max: 256K
[21.171s][info][gc,start      ] GC(15) Concurrent evacuation
[21.171s][info][gc,task       ] GC(15) Using 1 of 1 workers for concurrent evacuation
[21.300s][info][gc            ] GC(15) Concurrent evacuation 128.917ms
[21.302s][info][gc,start      ] GC(15) Pause Init Update Refs
[21.302s][info][gc,ergo       ] GC(15) Pacer for Update Refs. Used: 335M, Free: 154M, Non-Taxable: 15850K, Alloc Tax Rate: 2.6x
[21.302s][info][gc            ] GC(15) Pause Init Update Refs 0.035ms
[21.302s][info][gc,start      ] GC(15) Concurrent update references
[21.302s][info][gc,task       ] GC(15) Using 1 of 1 workers for concurrent reference update
[21.483s][info][gc            ] GC(15) Concurrent update references 181.005ms
[21.486s][info][gc,start      ] GC(15) Pause Final Update Refs
[21.486s][info][gc,task       ] GC(15) Using 1 of 1 workers for final reference update
[21.490s][info][gc            ] GC(15) Pause Final Update Refs 3.932ms
[21.490s][info][gc,start      ] GC(15) Concurrent cleanup
[21.490s][info][gc            ] GC(15) Concurrent cleanup 448M->232M(500M) 0.075ms
[21.490s][info][gc,ergo       ] Free: 241M, Max: 256K regular, 96256K humongous, Frag: 61% external, 0% internal; Reserve: 25600K, Max: 256K
[21.490s][info][gc,stats      ] 
[21.490s][info][gc,stats      ] All times are wall-clock times, except per-root-class counters, that are sum over
[21.490s][info][gc,stats      ] all workers. Dividing the <total> over the root stage time estimates parallelism.
[21.490s][info][gc,stats      ] 
[21.490s][info][gc,stats      ] Concurrent Reset                    244 us
[21.490s][info][gc,stats      ] Pause Init Mark (G)                5706 us
[21.490s][info][gc,stats      ] Pause Init Mark (N)                1126 us
[21.490s][info][gc,stats      ]   Accumulate Stats                    6 us
[21.490s][info][gc,stats      ]   Make Parsable                       6 us
[21.490s][info][gc,stats      ]   Update Region States               33 us
[21.490s][info][gc,stats      ]   Scan Roots                       1048 us, parallelism: 0.77x
[21.490s][info][gc,stats      ]     S: <total>                      806 us
[21.490s][info][gc,stats      ]     S: Thread Roots                 299 us, workers (us): 299, 
[21.490s][info][gc,stats      ]     S: Universe Roots                 2 us, workers (us):   2, 
[21.490s][info][gc,stats      ]     S: JNI Handles Roots              1 us, workers (us):   1, 
[21.490s][info][gc,stats      ]     S: Synchronizer Roots             0 us, workers (us):   0, 
[21.490s][info][gc,stats      ]     S: Management Roots               1 us, workers (us):   1, 
[21.490s][info][gc,stats      ]     S: System Dict Roots             10 us, workers (us):  10, 
[21.490s][info][gc,stats      ]     S: CLDG Roots                   491 us, workers (us): 491, 
[21.490s][info][gc,stats      ]     S: JVMTI Roots                    1 us, workers (us):   1, 
[21.490s][info][gc,stats      ]   Resize TLABs                        4 us
[21.490s][info][gc,stats      ] Concurrent Marking               107847 us
[21.490s][info][gc,stats      ] Concurrent Precleaning              574 us
[21.490s][info][gc,stats      ] Pause Final Mark (G)               2006 us
[21.490s][info][gc,stats      ] Pause Final Mark (N)               1898 us
[21.490s][info][gc,stats      ]   Finish Queues                       8 us
[21.490s][info][gc,stats      ]   Weak References                    34 us
[21.490s][info][gc,stats      ]     Process                          31 us
[21.490s][info][gc,stats      ]   System Purge                      267 us
[21.490s][info][gc,stats      ]     Weak Roots                      267 us
[21.490s][info][gc,stats      ]   Update Region States               27 us
[21.490s][info][gc,stats      ]   Retire TLABs                        6 us
[21.490s][info][gc,stats      ]   Choose Collection Set             154 us
[21.490s][info][gc,stats      ]   Rebuild Free Set                    6 us
[21.490s][info][gc,stats      ]   Initial Evacuation               1390 us, parallelism: 0.61x
[21.490s][info][gc,stats      ]     E: <total>                      846 us
[21.490s][info][gc,stats      ]     E: Thread Roots                 213 us, workers (us): 213, 
[21.490s][info][gc,stats      ]     E: Code Cache Roots             139 us, workers (us): 139, 
[21.490s][info][gc,stats      ]     E: Universe Roots                 1 us, workers (us):   1, 
[21.490s][info][gc,stats      ]     E: JNI Handles Roots              1 us, workers (us):   1, 
[21.490s][info][gc,stats      ]     E: Synchronizer Roots             0 us, workers (us):   0, 
[21.490s][info][gc,stats      ]     E: Management Roots               1 us, workers (us):   1, 
[21.490s][info][gc,stats      ]     E: System Dict Roots              9 us, workers (us):   9, 
[21.490s][info][gc,stats      ]     E: CLDG Roots                   481 us, workers (us): 481, 
[21.490s][info][gc,stats      ]     E: JVMTI Roots                    0 us, workers (us):   0, 
[21.490s][info][gc,stats      ] Concurrent Cleanup                   34 us
[21.490s][info][gc,stats      ] Concurrent Evacuation            128901 us
[21.490s][info][gc,stats      ] Pause Init  Update Refs (G)        2249 us
[21.490s][info][gc,stats      ] Pause Init  Update Refs (N)          11 us
[21.490s][info][gc,stats      ]   Retire GCLABs                       5 us
[21.490s][info][gc,stats      ] Concurrent Update Refs           180990 us
[21.491s][info][gc,stats      ] Pause Final Update Refs (G)        6830 us
[21.491s][info][gc,stats      ] Pause Final Update Refs (N)        3869 us
[21.491s][info][gc,stats      ]   Update Roots                      248 us, parallelism: 0.96x
[21.491s][info][gc,stats      ]     UR: <total>                     239 us
[21.491s][info][gc,stats      ]     UR: Thread Roots                239 us, workers (us): 239, 
[21.491s][info][gc,stats      ]   Update Region States             3594 us
[21.491s][info][gc,stats      ]   Trash Collection Set                5 us
[21.491s][info][gc,stats      ]   Rebuild Free Set                    8 us
[21.491s][info][gc,stats      ] Concurrent Cleanup                   66 us
[21.491s][info][gc,stats      ] Pacing                            41449 us
[21.491s][info][gc,stats      ] 
[21.491s][info][gc,stats      ] Allocation pacing accrued:
[21.491s][info][gc,stats      ]      41 of   636 ms (  6.5%): Executor task launch worker for task 0.0 in stage 1.0 (TID 1)
[21.491s][info][gc,stats      ]      41 of   636 ms (  6.5%): <total>
[21.491s][info][gc,stats      ]       1 of   636 ms (  0.1%): <average total>
[21.491s][info][gc,stats      ]      41 of   636 ms (  6.5%): <average non-zero>
[21.491s][info][gc,stats      ] 
[21.491s][info][gc,metaspace  ] Metaspace: 56705K->57040K(1099776K)
[21.491s][info][gc,ergo       ] Pacer for Idle. Initial: 10240K, Alloc Tax Rate: 1.0x
[21.514s][info][gc            ] Trigger: Average GC time (387.90 ms) is above the time for allocation rate (473 MB/s) to deplete free headroom (182M)
[21.514s][info][gc,ergo       ] Free headroom: 207M (free) - 25600K (spike) - 0B (penalties) = 182M
[21.515s][info][gc,ergo       ] Free: 207M, Max: 256K regular, 96256K humongous, Frag: 55% external, 0% internal; Reserve: 25600K, Max: 256K
[21.515s][info][gc,start      ] GC(16) Concurrent reset
[21.515s][info][gc,task       ] GC(16) Using 1 of 1 workers for concurrent reset
[21.515s][info][gc,ergo       ] GC(16) Pacer for Reset. Non-Taxable: 500M
[21.515s][info][gc            ] GC(16) Concurrent reset 0.390ms
[21.520s][info][gc,start      ] GC(16) Pause Init Mark
[21.520s][info][gc,task       ] GC(16) Using 1 of 1 workers for init marking
[21.522s][info][gc,ergo       ] GC(16) Pacer for Mark. Expected Live: 71991K, Free: 207M, Non-Taxable: 21200K, Alloc Tax Rate: 0.4x
[21.522s][info][gc            ] GC(16) Pause Init Mark 1.272ms
[21.522s][info][gc,start      ] GC(16) Concurrent marking
[21.522s][info][gc,task       ] GC(16) Using 1 of 1 workers for concurrent marking
[21.617s][info][gc            ] GC(16) Concurrent marking 95.203ms
[21.617s][info][gc,start      ] GC(16) Pause Final Mark
[21.617s][info][gc,task       ] GC(16) Using 1 of 1 workers for final marking
[21.617s][info][gc,ergo       ] GC(16) Adaptive CSet Selection. Target Free: 72533K, Actual Free: 185M, Max CSet: 21333K, Min Garbage: 0B
[21.617s][info][gc,ergo       ] GC(16) Collectable Garbage: 200M (99%), Immediate: 1024K (0%), CSet: 199M (98%)
[21.620s][info][gc,ergo       ] GC(16) Pacer for Evacuation. Used CSet: 215M, Free: 160M, Non-Taxable: 16439K, Alloc Tax Rate: 3.3x
[21.620s][info][gc            ] GC(16) Pause Final Mark 2.592ms
[21.620s][info][gc,start      ] GC(16) Concurrent cleanup
[21.620s][info][gc            ] GC(16) Concurrent cleanup 314M->313M(500M) 0.041ms
[21.620s][info][gc,ergo       ] GC(16) Free: 160M, Max: 256K regular, 54272K humongous, Frag: 67% external, 1% internal; Reserve: 25569K, Max: 256K
[21.620s][info][gc,start      ] GC(16) Concurrent evacuation
[21.620s][info][gc,task       ] GC(16) Using 1 of 1 workers for concurrent evacuation
[21.649s][info][gc            ] GC(16) Concurrent evacuation 29.286ms
[21.651s][info][gc,start      ] GC(16) Pause Init Update Refs
[21.651s][info][gc,ergo       ] GC(16) Pacer for Update Refs. Used: 352M, Free: 138M, Non-Taxable: 14135K, Alloc Tax Rate: 3.1x
[21.651s][info][gc            ] GC(16) Pause Init Update Refs 0.028ms
[21.651s][info][gc,start      ] GC(16) Concurrent update references
[21.651s][info][gc,task       ] GC(16) Using 1 of 1 workers for concurrent reference update
[21.802s][info][gc            ] GC(16) Concurrent update references 150.648ms
[21.802s][info][gc,start      ] GC(16) Pause Final Update Refs
[21.802s][info][gc,task       ] GC(16) Using 1 of 1 workers for final reference update
[21.802s][info][gc            ] GC(16) Pause Final Update Refs 0.278ms
[21.802s][info][gc,start      ] GC(16) Concurrent cleanup
[21.803s][info][gc            ] GC(16) Concurrent cleanup 469M->253M(500M) 0.141ms
[21.803s][info][gc,ergo       ] Free: 219M, Max: 256K regular, 152M humongous, Frag: 31% external, 0% internal; Reserve: 25600K, Max: 256K
[21.803s][info][gc,stats      ] 
[21.803s][info][gc,stats      ] All times are wall-clock times, except per-root-class counters, that are sum over
[21.803s][info][gc,stats      ] all workers. Dividing the <total> over the root stage time estimates parallelism.
[21.803s][info][gc,stats      ] 
[21.803s][info][gc,stats      ] Concurrent Reset                    381 us
[21.803s][info][gc,stats      ] Pause Init Mark (G)                6791 us
[21.803s][info][gc,stats      ] Pause Init Mark (N)                1218 us
[21.803s][info][gc,stats      ]   Accumulate Stats                    7 us
[21.803s][info][gc,stats      ]   Make Parsable                      10 us
[21.803s][info][gc,stats      ]   Update Region States               40 us
[21.803s][info][gc,stats      ]   Scan Roots                       1114 us, parallelism: 0.77x
[21.803s][info][gc,stats      ]     S: <total>                      859 us
[21.803s][info][gc,stats      ]     S: Thread Roots                 271 us, workers (us): 271, 
[21.803s][info][gc,stats      ]     S: Universe Roots                 2 us, workers (us):   2, 
[21.803s][info][gc,stats      ]     S: JNI Handles Roots              2 us, workers (us):   2, 
[21.803s][info][gc,stats      ]     S: Synchronizer Roots             0 us, workers (us):   0, 
[21.803s][info][gc,stats      ]     S: Management Roots               1 us, workers (us):   1, 
[21.803s][info][gc,stats      ]     S: System Dict Roots             12 us, workers (us):  12, 
[21.803s][info][gc,stats      ]     S: CLDG Roots                   569 us, workers (us): 569, 
[21.803s][info][gc,stats      ]     S: JVMTI Roots                    0 us, workers (us):   0, 
[21.803s][info][gc,stats      ]   Resize TLABs                        5 us
[21.803s][info][gc,stats      ] Concurrent Marking                95191 us
[21.803s][info][gc,stats      ] Pause Final Mark (G)               2676 us
[21.803s][info][gc,stats      ] Pause Final Mark (N)               2581 us
[21.803s][info][gc,stats      ]   Finish Queues                      11 us
[21.803s][info][gc,stats      ]   System Purge                      237 us
[21.803s][info][gc,stats      ]     Weak Roots                      237 us
[21.803s][info][gc,stats      ]   Update Region States               28 us
[21.803s][info][gc,stats      ]   Retire TLABs                        5 us
[21.803s][info][gc,stats      ]   Choose Collection Set             133 us
[21.803s][info][gc,stats      ]   Rebuild Free Set                    6 us
[21.803s][info][gc,stats      ]   Initial Evacuation               2154 us, parallelism: 0.47x
[21.803s][info][gc,stats      ]     E: <total>                     1012 us
[21.803s][info][gc,stats      ]     E: Thread Roots                 236 us, workers (us): 236, 
[21.803s][info][gc,stats      ]     E: Code Cache Roots             139 us, workers (us): 139, 
[21.803s][info][gc,stats      ]     E: Universe Roots                 1 us, workers (us):   1, 
[21.803s][info][gc,stats      ]     E: JNI Handles Roots              1 us, workers (us):   1, 
[21.803s][info][gc,stats      ]     E: Synchronizer Roots             0 us, workers (us):   0, 
[21.803s][info][gc,stats      ]     E: Management Roots               1 us, workers (us):   1, 
[21.803s][info][gc,stats      ]     E: System Dict Roots             10 us, workers (us):  10, 
[21.803s][info][gc,stats      ]     E: CLDG Roots                   623 us, workers (us): 623, 
[21.803s][info][gc,stats      ]     E: JVMTI Roots                    0 us, workers (us):   0, 
[21.803s][info][gc,stats      ] Concurrent Cleanup                   34 us
[21.803s][info][gc,stats      ] Concurrent Evacuation             29274 us
[21.803s][info][gc,stats      ] Pause Init  Update Refs (G)        2177 us
[21.803s][info][gc,stats      ] Pause Init  Update Refs (N)          11 us
[21.803s][info][gc,stats      ]   Retire GCLABs                       4 us
[21.803s][info][gc,stats      ] Concurrent Update Refs           150633 us
[21.803s][info][gc,stats      ] Pause Final Update Refs (G)         405 us
[21.803s][info][gc,stats      ] Pause Final Update Refs (N)         262 us
[21.803s][info][gc,stats      ]   Update Roots                      217 us, parallelism: 0.97x
[21.803s][info][gc,stats      ]     UR: <total>                     211 us
[21.803s][info][gc,stats      ]     UR: Thread Roots                211 us, workers (us): 211, 
[21.803s][info][gc,stats      ]   Update Region States               27 us
[21.803s][info][gc,stats      ]   Trash Collection Set                4 us
[21.803s][info][gc,stats      ]   Rebuild Free Set                    6 us
[21.803s][info][gc,stats      ] Concurrent Cleanup                  133 us
[21.803s][info][gc,stats      ] Pacing                            63617 us
[21.803s][info][gc,stats      ] 
[21.803s][info][gc,stats      ] Allocation pacing accrued:
[21.803s][info][gc,stats      ]      13 of   312 ms (  4.1%): Spark Context Cleaner
[21.803s][info][gc,stats      ]      51 of   312 ms ( 16.3%): Executor task launch worker for task 0.0 in stage 1.0 (TID 1)
[21.803s][info][gc,stats      ]      64 of   312 ms ( 20.4%): <total>
[21.803s][info][gc,stats      ]       1 of   312 ms (  0.4%): <average total>
[21.803s][info][gc,stats      ]      32 of   312 ms ( 10.2%): <average non-zero>
[21.803s][info][gc,stats      ] 
[21.803s][info][gc,metaspace  ] Metaspace: 57040K->57040K(1099776K)
[21.803s][info][gc,ergo       ] Pacer for Idle. Initial: 10240K, Alloc Tax Rate: 1.0x
[21.804s][info][gc            ] Trigger: Average GC time (353.04 ms) is above the time for allocation rate (649 MB/s) to deplete free headroom (194M)
[21.804s][info][gc,ergo       ] Free headroom: 219M (free) - 25600K (spike) - 0B (penalties) = 194M
[21.804s][info][gc,ergo       ] Free: 219M, Max: 256K regular, 152M humongous, Frag: 31% external, 0% internal; Reserve: 25600K, Max: 256K
[21.804s][info][gc,start      ] GC(17) Concurrent reset
[21.804s][info][gc,task       ] GC(17) Using 1 of 1 workers for concurrent reset
[21.804s][info][gc,ergo       ] GC(17) Pacer for Reset. Non-Taxable: 500M
[21.804s][info][gc            ] GC(17) Concurrent reset 0.375ms
[21.804s][info][gc,start      ] GC(17) Pause Init Mark
[21.804s][info][gc,task       ] GC(17) Using 1 of 1 workers for init marking
[21.806s][info][gc,ergo       ] GC(17) Pacer for Mark. Expected Live: 70212K, Free: 219M, Non-Taxable: 22506K, Alloc Tax Rate: 0.4x
[21.806s][info][gc            ] GC(17) Pause Init Mark 1.170ms
[21.806s][info][gc,start      ] GC(17) Concurrent marking
[21.806s][info][gc,task       ] GC(17) Using 1 of 1 workers for concurrent marking
[21.891s][info][gc            ] GC(17) Concurrent marking 85.260ms
[21.891s][info][gc,start      ] GC(17) Pause Final Mark
[21.891s][info][gc,task       ] GC(17) Using 1 of 1 workers for final marking
[21.891s][info][gc,ergo       ] GC(17) Adaptive CSet Selection. Target Free: 72533K, Actual Free: 201M, Max CSet: 21333K, Min Garbage: 0B
[21.891s][info][gc,ergo       ] GC(17) Collectable Garbage: 172M (98%), Immediate: 2048K (1%), CSet: 170M (97%)
[21.893s][info][gc,ergo       ] GC(17) Pacer for Evacuation. Used CSet: 183M, Free: 176M, Non-Taxable: 18051K, Alloc Tax Rate: 2.5x
[21.893s][info][gc            ] GC(17) Pause Final Mark 1.909ms
[21.897s][info][gc,start      ] GC(17) Concurrent cleanup
[21.897s][info][gc            ] GC(17) Concurrent cleanup 308M->306M(500M) 0.066ms
[21.897s][info][gc,ergo       ] GC(17) Free: 167M, Max: 256K regular, 163M humongous, Frag: 3% external, 1% internal; Reserve: 25593K, Max: 256K
[21.897s][info][gc,start      ] GC(17) Concurrent evacuation
[21.897s][info][gc,task       ] GC(17) Using 1 of 1 workers for concurrent evacuation
[21.924s][info][gc            ] GC(17) Concurrent evacuation 26.937ms
[21.927s][info][gc,start      ] GC(17) Pause Init Update Refs
[21.927s][info][gc,ergo       ] GC(17) Pacer for Update Refs. Used: 341M, Free: 146M, Non-Taxable: 14979K, Alloc Tax Rate: 2.9x
[21.927s][info][gc            ] GC(17) Pause Init Update Refs 0.054ms
[21.927s][info][gc,start      ] GC(17) Concurrent update references
[21.927s][info][gc,task       ] GC(17) Using 1 of 1 workers for concurrent reference update
[22.070s][info][gc            ] GC(17) Concurrent update references 143.208ms
[22.070s][info][gc,start      ] GC(17) Pause Final Update Refs
[22.070s][info][gc,task       ] GC(17) Using 1 of 1 workers for final reference update
[22.070s][info][gc            ] GC(17) Pause Final Update Refs 0.326ms
[22.070s][info][gc,start      ] GC(17) Concurrent cleanup
[22.070s][info][gc            ] GC(17) Concurrent cleanup 462M->278M(500M) 0.068ms
[22.070s][info][gc,ergo       ] Free: 195M, Max: 256K regular, 96256K humongous, Frag: 52% external, 1% internal; Reserve: 25600K, Max: 256K
[22.070s][info][gc,stats      ] 
[22.070s][info][gc,stats      ] All times are wall-clock times, except per-root-class counters, that are sum over
[22.070s][info][gc,stats      ] all workers. Dividing the <total> over the root stage time estimates parallelism.
[22.070s][info][gc,stats      ] 
[22.070s][info][gc,stats      ] Concurrent Reset                    369 us
[22.070s][info][gc,stats      ] Pause Init Mark (G)                1301 us
[22.070s][info][gc,stats      ] Pause Init Mark (N)                1155 us
[22.070s][info][gc,stats      ]   Accumulate Stats                   10 us
[22.070s][info][gc,stats      ]   Make Parsable                       6 us
[22.070s][info][gc,stats      ]   Update Region States               25 us
[22.070s][info][gc,stats      ]   Scan Roots                       1044 us, parallelism: 0.76x
[22.070s][info][gc,stats      ]     S: <total>                      793 us
[22.071s][info][gc,stats      ]     S: Thread Roots                 287 us, workers (us): 287, 
[22.071s][info][gc,stats      ]     S: Universe Roots                 2 us, workers (us):   2, 
[22.071s][info][gc,stats      ]     S: JNI Handles Roots              1 us, workers (us):   1, 
[22.071s][info][gc,stats      ]     S: Synchronizer Roots             0 us, workers (us):   0, 
[22.071s][info][gc,stats      ]     S: Management Roots               2 us, workers (us):   2, 
[22.071s][info][gc,stats      ]     S: System Dict Roots             10 us, workers (us):  10, 
[22.071s][info][gc,stats      ]     S: CLDG Roots                   489 us, workers (us): 489, 
[22.071s][info][gc,stats      ]     S: JVMTI Roots                    1 us, workers (us):   1, 
[22.071s][info][gc,stats      ]   Resize TLABs                        4 us
[22.071s][info][gc,stats      ] Concurrent Marking                85252 us
[22.071s][info][gc,stats      ] Pause Final Mark (G)               6379 us
[22.071s][info][gc,stats      ] Pause Final Mark (N)               1899 us
[22.071s][info][gc,stats      ]   Finish Queues                       9 us
[22.071s][info][gc,stats      ]   System Purge                      267 us
[22.071s][info][gc,stats      ]     Weak Roots                      267 us
[22.071s][info][gc,stats      ]   Update Region States               26 us
[22.071s][info][gc,stats      ]   Retire TLABs                        5 us
[22.071s][info][gc,stats      ]   Choose Collection Set             178 us
[22.071s][info][gc,stats      ]   Rebuild Free Set                    8 us
[22.071s][info][gc,stats      ]   Initial Evacuation               1400 us, parallelism: 0.61x
[22.071s][info][gc,stats      ]     E: <total>                      854 us
[22.071s][info][gc,stats      ]     E: Thread Roots                 258 us, workers (us): 258, 
[22.071s][info][gc,stats      ]     E: Code Cache Roots             133 us, workers (us): 133, 
[22.071s][info][gc,stats      ]     E: Universe Roots                 1 us, workers (us):   1, 
[22.071s][info][gc,stats      ]     E: JNI Handles Roots              1 us, workers (us):   1, 
[22.071s][info][gc,stats      ]     E: Synchronizer Roots             0 us, workers (us):   0, 
[22.071s][info][gc,stats      ]     E: Management Roots               1 us, workers (us):   1, 
[22.071s][info][gc,stats      ]     E: System Dict Roots              9 us, workers (us):   9, 
[22.071s][info][gc,stats      ]     E: CLDG Roots                   450 us, workers (us): 450, 
[22.071s][info][gc,stats      ]     E: JVMTI Roots                    1 us, workers (us):   1, 
[22.071s][info][gc,stats      ] Concurrent Cleanup                   35 us
[22.071s][info][gc,stats      ] Concurrent Evacuation             26926 us
[22.071s][info][gc,stats      ] Pause Init  Update Refs (G)        2224 us
[22.071s][info][gc,stats      ] Pause Init  Update Refs (N)          14 us
[22.071s][info][gc,stats      ]   Retire GCLABs                       4 us
[22.071s][info][gc,stats      ] Concurrent Update Refs           143190 us
[22.071s][info][gc,stats      ] Pause Final Update Refs (G)         457 us
[22.071s][info][gc,stats      ] Pause Final Update Refs (N)         315 us
[22.071s][info][gc,stats      ]   Update Roots                      269 us, parallelism: 0.98x
[22.071s][info][gc,stats      ]     UR: <total>                     263 us
[22.071s][info][gc,stats      ]     UR: Thread Roots                263 us, workers (us): 263, 
[22.071s][info][gc,stats      ]   Update Region States               27 us
[22.071s][info][gc,stats      ]   Trash Collection Set                4 us
[22.071s][info][gc,stats      ]   Rebuild Free Set                    8 us
[22.071s][info][gc,stats      ] Concurrent Cleanup                   61 us
[22.071s][info][gc,stats      ] Pacing                            80575 us
[22.071s][info][gc,stats      ] 
[22.071s][info][gc,stats      ] Allocation pacing accrued:
[22.071s][info][gc,stats      ]       8 of   268 ms (  2.9%): Spark Context Cleaner
[22.071s][info][gc,stats      ]      73 of   268 ms ( 27.1%): Executor task launch worker for task 0.0 in stage 1.0 (TID 1)
[22.071s][info][gc,stats      ]      81 of   268 ms ( 30.1%): <total>
[22.071s][info][gc,stats      ]       1 of   268 ms (  0.6%): <average total>
[22.071s][info][gc,stats      ]      40 of   268 ms ( 15.0%): <average non-zero>
[22.071s][info][gc,stats      ] 
[22.071s][info][gc,metaspace  ] Metaspace: 57040K->57040K(1099776K)
[22.071s][info][gc,ergo       ] Pacer for Idle. Initial: 10240K, Alloc Tax Rate: 1.0x
[22.072s][info][gc            ] Trigger: Average GC time (343.58 ms) is above the time for allocation rate (735 MB/s) to deplete free headroom (170M)
[22.072s][info][gc,ergo       ] Free headroom: 195M (free) - 25600K (spike) - 0B (penalties) = 170M
[22.072s][info][gc,ergo       ] Free: 195M, Max: 256K regular, 96256K humongous, Frag: 52% external, 1% internal; Reserve: 25600K, Max: 256K
[22.072s][info][gc,start      ] GC(18) Concurrent reset
[22.072s][info][gc,task       ] GC(18) Using 1 of 1 workers for concurrent reset
[22.072s][info][gc,ergo       ] GC(18) Pacer for Reset. Non-Taxable: 500M
[22.072s][info][gc            ] GC(18) Concurrent reset 0.385ms
[22.072s][info][gc,start      ] GC(18) Pause Init Mark
[22.072s][info][gc,task       ] GC(18) Using 1 of 1 workers for init marking
[22.073s][info][gc,ergo       ] GC(18) Pacer for Mark. Expected Live: 67605K, Free: 195M, Non-Taxable: 19971K, Alloc Tax Rate: 0.4x
[22.073s][info][gc            ] GC(18) Pause Init Mark 1.107ms
[22.073s][info][gc,start      ] GC(18) Concurrent marking
[22.073s][info][gc,task       ] GC(18) Using 1 of 1 workers for concurrent marking
[22.165s][info][gc            ] GC(18) Concurrent marking 91.246ms
[22.165s][info][gc,start      ] GC(18) Pause Final Mark
[22.165s][info][gc,task       ] GC(18) Using 1 of 1 workers for final marking
[22.165s][info][gc,ergo       ] GC(18) Adaptive CSet Selection. Target Free: 72533K, Actual Free: 178M, Max CSet: 21333K, Min Garbage: 0B
[22.165s][info][gc,ergo       ] GC(18) Collectable Garbage: 182M (98%), Immediate: 0B (0%), CSet: 182M (98%)
[22.167s][info][gc,ergo       ] GC(18) Pacer for Evacuation. Used CSet: 197M, Free: 153M, Non-Taxable: 15722K, Alloc Tax Rate: 3.1x
[22.167s][info][gc            ] GC(18) Pause Final Mark 1.887ms
[22.167s][info][gc,start      ] GC(18) Concurrent cleanup
[22.167s][info][gc            ] GC(18) Concurrent cleanup 320M->320M(500M) 0.041ms
[22.167s][info][gc,ergo       ] GC(18) Free: 153M, Max: 256K regular, 61952K humongous, Frag: 61% external, 1% internal; Reserve: 25600K, Max: 256K
[22.167s][info][gc,start      ] GC(18) Concurrent evacuation
[22.167s][info][gc,task       ] GC(18) Using 1 of 1 workers for concurrent evacuation
[22.208s][info][gc            ] GC(18) Concurrent evacuation 41.428ms
[22.210s][info][gc,start      ] GC(18) Pause Init Update Refs
[22.210s][info][gc,ergo       ] GC(18) Pacer for Update Refs. Used: 367M, Free: 121M, Non-Taxable: 12445K, Alloc Tax Rate: 3.7x
[22.210s][info][gc            ] GC(18) Pause Init Update Refs 0.025ms
[22.210s][info][gc,start      ] GC(18) Concurrent update references
[22.210s][info][gc,task       ] GC(18) Using 1 of 1 workers for concurrent reference update
[22.390s][info][gc            ] GC(18) Concurrent update references 179.745ms
[22.390s][info][gc,start      ] GC(18) Pause Final Update Refs
[22.390s][info][gc,task       ] GC(18) Using 1 of 1 workers for final reference update
[22.391s][info][gc            ] GC(18) Pause Final Update Refs 0.275ms
[22.391s][info][gc,start      ] GC(18) Concurrent cleanup
[22.391s][info][gc            ] GC(18) Concurrent cleanup 466M->269M(500M) 0.079ms
[22.391s][info][gc,ergo       ] Free: 204M, Max: 256K regular, 168M humongous, Frag: 18% external, 1% internal; Reserve: 25600K, Max: 256K
[22.391s][info][gc,stats      ] 
[22.391s][info][gc,stats      ] All times are wall-clock times, except per-root-class counters, that are sum over
[22.391s][info][gc,stats      ] all workers. Dividing the <total> over the root stage time estimates parallelism.
[22.391s][info][gc,stats      ] 
[22.391s][info][gc,stats      ] Concurrent Reset                    376 us
[22.391s][info][gc,stats      ] Pause Init Mark (G)                1240 us
[22.391s][info][gc,stats      ] Pause Init Mark (N)                1099 us
[22.391s][info][gc,stats      ]   Accumulate Stats                    8 us
[22.391s][info][gc,stats      ]   Make Parsable                       6 us
[22.391s][info][gc,stats      ]   Update Region States               20 us
[22.391s][info][gc,stats      ]   Scan Roots                       1036 us, parallelism: 0.76x
[22.391s][info][gc,stats      ]     S: <total>                      784 us
[22.391s][info][gc,stats      ]     S: Thread Roots                 240 us, workers (us): 240, 
[22.391s][info][gc,stats      ]     S: Universe Roots                 3 us, workers (us):   3, 
[22.391s][info][gc,stats      ]     S: JNI Handles Roots              1 us, workers (us):   1, 
[22.391s][info][gc,stats      ]     S: Synchronizer Roots             0 us, workers (us):   0, 
[22.391s][info][gc,stats      ]     S: Management Roots               1 us, workers (us):   1, 
[22.391s][info][gc,stats      ]     S: System Dict Roots             10 us, workers (us):  10, 
[22.391s][info][gc,stats      ]     S: CLDG Roots                   527 us, workers (us): 527, 
[22.391s][info][gc,stats      ]     S: JVMTI Roots                    1 us, workers (us):   1, 
[22.391s][info][gc,stats      ]   Resize TLABs                        4 us
[22.391s][info][gc,stats      ] Concurrent Marking                91238 us
[22.391s][info][gc,stats      ] Pause Final Mark (G)               1963 us
[22.391s][info][gc,stats      ] Pause Final Mark (N)               1876 us
[22.391s][info][gc,stats      ]   Finish Queues                       8 us
[22.391s][info][gc,stats      ]   System Purge                      275 us
[22.391s][info][gc,stats      ]     Weak Roots                      275 us
[22.391s][info][gc,stats      ]   Update Region States               27 us
[22.391s][info][gc,stats      ]   Retire TLABs                        7 us
[22.391s][info][gc,stats      ]   Choose Collection Set             129 us
[22.391s][info][gc,stats      ]   Rebuild Free Set                    6 us
[22.391s][info][gc,stats      ]   Initial Evacuation               1416 us, parallelism: 0.61x
[22.391s][info][gc,stats      ]     E: <total>                      862 us
[22.391s][info][gc,stats      ]     E: Thread Roots                 229 us, workers (us): 229, 
[22.391s][info][gc,stats      ]     E: Code Cache Roots             132 us, workers (us): 132, 
[22.391s][info][gc,stats      ]     E: Universe Roots                 1 us, workers (us):   1, 
[22.391s][info][gc,stats      ]     E: JNI Handles Roots              1 us, workers (us):   1, 
[22.391s][info][gc,stats      ]     E: Synchronizer Roots             0 us, workers (us):   0, 
[22.391s][info][gc,stats      ]     E: Management Roots               2 us, workers (us):   2, 
[22.391s][info][gc,stats      ]     E: System Dict Roots              9 us, workers (us):   9, 
[22.391s][info][gc,stats      ]     E: CLDG Roots                   488 us, workers (us): 488, 
[22.391s][info][gc,stats      ]     E: JVMTI Roots                    0 us, workers (us):   0, 
[22.391s][info][gc,stats      ] Concurrent Cleanup                   33 us
[22.391s][info][gc,stats      ] Concurrent Evacuation             41416 us
[22.391s][info][gc,stats      ] Pause Init  Update Refs (G)        2140 us
[22.391s][info][gc,stats      ] Pause Init  Update Refs (N)          10 us
[22.391s][info][gc,stats      ]   Retire GCLABs                       4 us
[22.391s][info][gc,stats      ] Concurrent Update Refs           179731 us
[22.391s][info][gc,stats      ] Pause Final Update Refs (G)         462 us
[22.391s][info][gc,stats      ] Pause Final Update Refs (N)         257 us
[22.391s][info][gc,stats      ]   Update Roots                      213 us, parallelism: 0.97x
[22.391s][info][gc,stats      ]     UR: <total>                     207 us
[22.391s][info][gc,stats      ]     UR: Thread Roots                207 us, workers (us): 207, 
[22.391s][info][gc,stats      ]   Update Region States               27 us
[22.391s][info][gc,stats      ]   Trash Collection Set                4 us
[22.391s][info][gc,stats      ]   Rebuild Free Set                    7 us
[22.391s][info][gc,stats      ] Concurrent Cleanup                   63 us
[22.391s][info][gc,stats      ] Pacing                           104220 us
[22.391s][info][gc,stats      ] 
[22.391s][info][gc,stats      ] Allocation pacing accrued:
[22.391s][info][gc,stats      ]     104 of   320 ms ( 32.5%): Executor task launch worker for task 0.0 in stage 1.0 (TID 1)
[22.391s][info][gc,stats      ]     104 of   320 ms ( 32.5%): <total>
[22.391s][info][gc,stats      ]       2 of   320 ms (  0.6%): <average total>
[22.391s][info][gc,stats      ]     104 of   320 ms ( 32.5%): <average non-zero>
[22.391s][info][gc,stats      ] 
[22.391s][info][gc,metaspace  ] Metaspace: 57040K->57040K(1099776K)
[22.391s][info][gc,ergo       ] Pacer for Idle. Initial: 10240K, Alloc Tax Rate: 1.0x
[22.397s][info][gc            ] Trigger: Average GC time (306.00 ms) is above the time for allocation rate (564 MB/s) to deplete free headroom (169M)
[22.397s][info][gc,ergo       ] Free headroom: 194M (free) - 25600K (spike) - 0B (penalties) = 169M
[22.397s][info][gc,ergo       ] Free: 194M, Max: 256K regular, 168M humongous, Frag: 14% external, 1% internal; Reserve: 25600K, Max: 256K
[22.397s][info][gc,start      ] GC(19) Concurrent reset
[22.397s][info][gc,task       ] GC(19) Using 1 of 1 workers for concurrent reset
[22.397s][info][gc,ergo       ] GC(19) Pacer for Reset. Non-Taxable: 500M
[22.397s][info][gc            ] GC(19) Concurrent reset 0.430ms
[22.397s][info][gc,start      ] GC(19) Pause Init Mark
[22.397s][info][gc,task       ] GC(19) Using 1 of 1 workers for init marking
[22.398s][info][gc,ergo       ] GC(19) Pacer for Mark. Expected Live: 64949K, Free: 194M, Non-Taxable: 19869K, Alloc Tax Rate: 0.4x
[22.398s][info][gc            ] GC(19) Pause Init Mark 1.119ms
[22.398s][info][gc,start      ] GC(19) Concurrent marking
[22.398s][info][gc,task       ] GC(19) Using 1 of 1 workers for concurrent marking
[22.502s][info][gc            ] GC(19) Concurrent marking 103.371ms
[22.502s][info][gc,start      ] GC(19) Pause Final Mark
[22.502s][info][gc,task       ] GC(19) Using 1 of 1 workers for final marking
[22.502s][info][gc,ergo       ] GC(19) Adaptive CSet Selection. Target Free: 72533K, Actual Free: 176M, Max CSet: 21333K, Min Garbage: 0B
[22.502s][info][gc,ergo       ] GC(19) Collectable Garbage: 169M (98%), Immediate: 0B (0%), CSet: 169M (98%)
[22.504s][info][gc,ergo       ] GC(19) Pacer for Evacuation. Used CSet: 183M, Free: 151M, Non-Taxable: 15543K, Alloc Tax Rate: 3.0x
[22.504s][info][gc            ] GC(19) Pause Final Mark 1.944ms
[22.506s][info][gc,start      ] GC(19) Concurrent cleanup
[22.506s][info][gc            ] GC(19) Concurrent cleanup 326M->326M(500M) 0.051ms
[22.506s][info][gc,ergo       ] GC(19) Free: 147M, Max: 256K regular, 147M humongous, Frag: 0% external, 1% internal; Reserve: 25600K, Max: 256K
[22.506s][info][gc,start      ] GC(19) Concurrent evacuation
[22.506s][info][gc,task       ] GC(19) Using 1 of 1 workers for concurrent evacuation
[22.546s][info][gc            ] GC(19) Concurrent evacuation 39.464ms
[22.546s][info][gc,start      ] GC(19) Pause Init Update Refs
[22.546s][info][gc,ergo       ] GC(19) Pacer for Update Refs. Used: 375M, Free: 112M, Non-Taxable: 11523K, Alloc Tax Rate: 4.1x
[22.546s][info][gc            ] GC(19) Pause Init Update Refs 0.017ms
[22.546s][info][gc,start      ] GC(19) Concurrent update references
[22.546s][info][gc,task       ] GC(19) Using 1 of 1 workers for concurrent reference update
[22.818s][info][gc            ] GC(19) Concurrent update references 272.528ms
[22.819s][info][gc,start      ] GC(19) Pause Final Update Refs
[22.819s][info][gc,task       ] GC(19) Using 1 of 1 workers for final reference update
[22.820s][info][gc            ] GC(19) Pause Final Update Refs 1.406ms
[22.820s][info][gc,start      ] GC(19) Concurrent cleanup
[22.820s][info][gc            ] GC(19) Concurrent cleanup 446M->262M(500M) 0.071ms
[22.820s][info][gc,ergo       ] Free: 211M, Max: 256K regular, 96256K humongous, Frag: 56% external, 1% internal; Reserve: 25600K, Max: 256K
[22.820s][info][gc,stats      ] 
[22.820s][info][gc,stats      ] All times are wall-clock times, except per-root-class counters, that are sum over
[22.820s][info][gc,stats      ] all workers. Dividing the <total> over the root stage time estimates parallelism.
[22.820s][info][gc,stats      ] 
[22.820s][info][gc,stats      ] Concurrent Reset                    422 us
[22.820s][info][gc,stats      ] Pause Init Mark (G)                1264 us
[22.820s][info][gc,stats      ] Pause Init Mark (N)                1102 us
[22.820s][info][gc,stats      ]   Accumulate Stats                    7 us
[22.820s][info][gc,stats      ]   Make Parsable                       6 us
[22.820s][info][gc,stats      ]   Update Region States               21 us
[22.820s][info][gc,stats      ]   Scan Roots                       1038 us, parallelism: 0.75x
[22.820s][info][gc,stats      ]     S: <total>                      778 us
[22.820s][info][gc,stats      ]     S: Thread Roots                 233 us, workers (us): 233, 
[22.820s][info][gc,stats      ]     S: Universe Roots                 2 us, workers (us):   2, 
[22.820s][info][gc,stats      ]     S: JNI Handles Roots              2 us, workers (us):   2, 
[22.820s][info][gc,stats      ]     S: Synchronizer Roots             0 us, workers (us):   0, 
[22.820s][info][gc,stats      ]     S: Management Roots               1 us, workers (us):   1, 
[22.820s][info][gc,stats      ]     S: System Dict Roots             10 us, workers (us):  10, 
[22.820s][info][gc,stats      ]     S: CLDG Roots                   529 us, workers (us): 529, 
[22.820s][info][gc,stats      ]     S: JVMTI Roots                    0 us, workers (us):   0, 
[22.820s][info][gc,stats      ]   Resize TLABs                        4 us
[22.820s][info][gc,stats      ] Concurrent Marking               103363 us
[22.820s][info][gc,stats      ] Pause Final Mark (G)               4272 us
[22.820s][info][gc,stats      ] Pause Final Mark (N)               1933 us
[22.820s][info][gc,stats      ]   Finish Queues                       8 us
[22.820s][info][gc,stats      ]   System Purge                      329 us
[22.820s][info][gc,stats      ]     Weak Roots                      328 us
[22.820s][info][gc,stats      ]   Update Region States               30 us
[22.820s][info][gc,stats      ]   Retire TLABs                        9 us
[22.820s][info][gc,stats      ]   Choose Collection Set             132 us
[22.820s][info][gc,stats      ]   Rebuild Free Set                    6 us
[22.820s][info][gc,stats      ]   Initial Evacuation               1413 us, parallelism: 0.59x
[22.820s][info][gc,stats      ]     E: <total>                      839 us
[22.820s][info][gc,stats      ]     E: Thread Roots                 230 us, workers (us): 230, 
[22.820s][info][gc,stats      ]     E: Code Cache Roots             131 us, workers (us): 131, 
[22.820s][info][gc,stats      ]     E: Universe Roots                 1 us, workers (us):   1, 
[22.820s][info][gc,stats      ]     E: JNI Handles Roots              1 us, workers (us):   1, 
[22.820s][info][gc,stats      ]     E: Synchronizer Roots             0 us, workers (us):   0, 
[22.820s][info][gc,stats      ]     E: Management Roots               1 us, workers (us):   1, 
[22.820s][info][gc,stats      ]     E: System Dict Roots             10 us, workers (us):  10, 
[22.820s][info][gc,stats      ]     E: CLDG Roots                   463 us, workers (us): 463, 
[22.820s][info][gc,stats      ]     E: JVMTI Roots                    1 us, workers (us):   1, 
[22.820s][info][gc,stats      ] Concurrent Cleanup                   33 us
[22.820s][info][gc,stats      ] Concurrent Evacuation             39453 us
[22.820s][info][gc,stats      ] Pause Init  Update Refs (G)         159 us
[22.820s][info][gc,stats      ] Pause Init  Update Refs (N)           9 us
[22.820s][info][gc,stats      ]   Retire GCLABs                       3 us
[22.820s][info][gc,stats      ] Concurrent Update Refs           272515 us
[22.820s][info][gc,stats      ] Pause Final Update Refs (G)        1580 us
[22.820s][info][gc,stats      ] Pause Final Update Refs (N)        1373 us
[22.820s][info][gc,stats      ]   Update Roots                     1322 us, parallelism: 0.22x
[22.820s][info][gc,stats      ]     UR: <total>                     287 us
[22.820s][info][gc,stats      ]     UR: Thread Roots                287 us, workers (us): 287, 
[22.820s][info][gc,stats      ]   Update Region States               28 us
[22.820s][info][gc,stats      ]   Trash Collection Set                4 us
[22.820s][info][gc,stats      ]   Rebuild Free Set                    7 us
[22.820s][info][gc,stats      ] Concurrent Cleanup                   63 us
[22.820s][info][gc,stats      ] Pacing                            78819 us
[22.820s][info][gc,stats      ] 
[22.820s][info][gc,stats      ] Allocation pacing accrued:
[22.820s][info][gc,stats      ]      79 of   429 ms ( 18.4%): Executor task launch worker for task 0.0 in stage 1.0 (TID 1)
[22.820s][info][gc,stats      ]      79 of   429 ms ( 18.4%): <total>
[22.820s][info][gc,stats      ]       1 of   429 ms (  0.3%): <average total>
[22.820s][info][gc,stats      ]      79 of   429 ms ( 18.4%): <average non-zero>
[22.820s][info][gc,stats      ] 
[22.820s][info][gc,metaspace  ] Metaspace: 57040K->57348K(1099776K)
[22.820s][info][gc,ergo       ] Pacer for Idle. Initial: 10240K, Alloc Tax Rate: 1.0x
[23.124s][info][gc            ] Trigger: Average GC time (346.61 ms) is above the time for allocation rate (316 MB/s) to deplete free headroom (108M)
[23.124s][info][gc,ergo       ] Free headroom: 133M (free) - 25600K (spike) - 0B (penalties) = 108M
[23.124s][info][gc,ergo       ] Free: 133M, Max: 256K regular, 35072K humongous, Frag: 75% external, 1% internal; Reserve: 25600K, Max: 256K
[23.124s][info][gc,start      ] GC(20) Concurrent reset
[23.124s][info][gc,task       ] GC(20) Using 1 of 1 workers for concurrent reset
[23.124s][info][gc,ergo       ] GC(20) Pacer for Reset. Non-Taxable: 500M
[23.125s][info][gc            ] GC(20) Concurrent reset 0.444ms
[23.127s][info][gc,start      ] GC(20) Pause Init Mark (process weakrefs)
[23.127s][info][gc,task       ] GC(20) Using 1 of 1 workers for init marking
[23.128s][info][gc,ergo       ] GC(20) Pacer for Mark. Expected Live: 80807K, Free: 133M, Non-Taxable: 13648K, Alloc Tax Rate: 0.7x
[23.128s][info][gc            ] GC(20) Pause Init Mark (process weakrefs) 1.147ms
[23.128s][info][gc,start      ] GC(20) Concurrent marking (process weakrefs)
[23.128s][info][gc,task       ] GC(20) Using 1 of 1 workers for concurrent marking
[23.275s][info][gc            ] GC(20) Concurrent marking (process weakrefs) 146.741ms
[23.275s][info][gc,start      ] GC(20) Concurrent precleaning
[23.275s][info][gc,task       ] GC(20) Using 1 of 1 workers for concurrent preclean
[23.275s][info][gc,ergo       ] GC(20) Pacer for Precleaning. Non-Taxable: 500M
[23.275s][info][gc            ] GC(20) Concurrent precleaning 0.466ms
[23.275s][info][gc,start      ] GC(20) Pause Final Mark (process weakrefs)
[23.275s][info][gc,task       ] GC(20) Using 1 of 1 workers for final marking
[23.276s][info][gc,ergo       ] GC(20) Adaptive CSet Selection. Target Free: 72533K, Actual Free: 209M, Max CSet: 21333K, Min Garbage: 0B
[23.276s][info][gc,ergo       ] GC(20) Collectable Garbage: 218M (99%), Immediate: 79872K (35%), CSet: 140M (63%)
[23.277s][info][gc,ergo       ] GC(20) Pacer for Evacuation. Used CSet: 152M, Free: 184M, Non-Taxable: 18845K, Alloc Tax Rate: 2.0x
[23.277s][info][gc            ] GC(20) Pause Final Mark (process weakrefs) 1.918ms
[23.277s][info][gc,start      ] GC(20) Concurrent cleanup
[23.277s][info][gc            ] GC(20) Concurrent cleanup 367M->289M(500M) 0.054ms
[23.277s][info][gc,ergo       ] GC(20) Free: 184M, Max: 256K regular, 45568K humongous, Frag: 76% external, 1% internal; Reserve: 25585K, Max: 256K
[23.277s][info][gc,start      ] GC(20) Concurrent evacuation
[23.277s][info][gc,task       ] GC(20) Using 1 of 1 workers for concurrent evacuation
[23.329s][info][gc            ] GC(20) Concurrent evacuation 51.946ms
[23.330s][info][gc,start      ] GC(20) Pause Init Update Refs
[23.330s][info][gc,ergo       ] GC(20) Pacer for Update Refs. Used: 316M, Free: 168M, Non-Taxable: 17283K, Alloc Tax Rate: 2.3x
[23.330s][info][gc            ] GC(20) Pause Init Update Refs 0.036ms
[23.330s][info][gc,start      ] GC(20) Concurrent update references
[23.330s][info][gc,task       ] GC(20) Using 1 of 1 workers for concurrent reference update
[23.537s][info][gc            ] GC(20) Concurrent update references 207.047ms
[23.539s][info][gc,start      ] GC(20) Pause Final Update Refs
[23.539s][info][gc,task       ] GC(20) Using 1 of 1 workers for final reference update
[23.539s][info][gc            ] GC(20) Pause Final Update Refs 0.387ms
[23.539s][info][gc,start      ] GC(20) Concurrent cleanup
[23.540s][info][gc            ] GC(20) Concurrent cleanup 447M->295M(500M) 0.067ms
[23.540s][info][gc,ergo       ] Free: 178M, Max: 256K regular, 151M humongous, Frag: 16% external, 1% internal; Reserve: 25600K, Max: 256K
[23.540s][info][gc,stats      ] 
[23.540s][info][gc,stats      ] All times are wall-clock times, except per-root-class counters, that are sum over
[23.540s][info][gc,stats      ] all workers. Dividing the <total> over the root stage time estimates parallelism.
[23.540s][info][gc,stats      ] 
[23.540s][info][gc,stats      ] Concurrent Reset                    435 us
[23.540s][info][gc,stats      ] Pause Init Mark (G)                3344 us
[23.540s][info][gc,stats      ] Pause Init Mark (N)                1110 us
[23.540s][info][gc,stats      ]   Accumulate Stats                    7 us
[23.540s][info][gc,stats      ]   Make Parsable                       6 us
[23.540s][info][gc,stats      ]   Update Region States               44 us
[23.540s][info][gc,stats      ]   Scan Roots                       1013 us, parallelism: 0.75x
[23.540s][info][gc,stats      ]     S: <total>                      763 us
[23.540s][info][gc,stats      ]     S: Thread Roots                 254 us, workers (us): 254, 
[23.540s][info][gc,stats      ]     S: Universe Roots                 2 us, workers (us):   2, 
[23.540s][info][gc,stats      ]     S: JNI Handles Roots              1 us, workers (us):   1, 
[23.540s][info][gc,stats      ]     S: Synchronizer Roots             0 us, workers (us):   0, 
[23.540s][info][gc,stats      ]     S: Management Roots               1 us, workers (us):   1, 
[23.540s][info][gc,stats      ]     S: System Dict Roots             12 us, workers (us):  12, 
[23.540s][info][gc,stats      ]     S: CLDG Roots                   493 us, workers (us): 493, 
[23.540s][info][gc,stats      ]     S: JVMTI Roots                    1 us, workers (us):   1, 
[23.540s][info][gc,stats      ]   Resize TLABs                        5 us
[23.540s][info][gc,stats      ] Concurrent Marking               146730 us
[23.540s][info][gc,stats      ] Concurrent Precleaning              458 us
[23.540s][info][gc,stats      ] Pause Final Mark (G)               2000 us
[23.540s][info][gc,stats      ] Pause Final Mark (N)               1910 us
[23.540s][info][gc,stats      ]   Finish Queues                       8 us
[23.540s][info][gc,stats      ]   Weak References                    22 us
[23.540s][info][gc,stats      ]     Process                          19 us
[23.540s][info][gc,stats      ]   System Purge                      280 us
[23.540s][info][gc,stats      ]     Weak Roots                      280 us
[23.540s][info][gc,stats      ]   Update Region States               25 us
[23.540s][info][gc,stats      ]   Retire TLABs                        7 us
[23.540s][info][gc,stats      ]   Choose Collection Set             113 us
[23.540s][info][gc,stats      ]   Rebuild Free Set                    7 us
[23.540s][info][gc,stats      ]   Initial Evacuation               1443 us, parallelism: 0.62x
[23.540s][info][gc,stats      ]     E: <total>                      890 us
[23.540s][info][gc,stats      ]     E: Thread Roots                 219 us, workers (us): 219, 
[23.540s][info][gc,stats      ]     E: Code Cache Roots             184 us, workers (us): 184, 
[23.540s][info][gc,stats      ]     E: Universe Roots                 3 us, workers (us):   3, 
[23.540s][info][gc,stats      ]     E: JNI Handles Roots              1 us, workers (us):   1, 
[23.540s][info][gc,stats      ]     E: Synchronizer Roots             0 us, workers (us):   0, 
[23.540s][info][gc,stats      ]     E: Management Roots               1 us, workers (us):   1, 
[23.540s][info][gc,stats      ]     E: System Dict Roots              9 us, workers (us):   9, 
[23.540s][info][gc,stats      ]     E: CLDG Roots                   473 us, workers (us): 473, 
[23.540s][info][gc,stats      ]     E: JVMTI Roots                    0 us, workers (us):   0, 
[23.540s][info][gc,stats      ] Concurrent Cleanup                   46 us
[23.540s][info][gc,stats      ] Concurrent Evacuation             51932 us
[23.540s][info][gc,stats      ] Pause Init  Update Refs (G)         257 us
[23.540s][info][gc,stats      ] Pause Init  Update Refs (N)          17 us
[23.540s][info][gc,stats      ]   Retire GCLABs                       5 us
[23.540s][info][gc,stats      ] Concurrent Update Refs           207027 us
[23.540s][info][gc,stats      ] Pause Final Update Refs (G)        2558 us
[23.540s][info][gc,stats      ] Pause Final Update Refs (N)         320 us
[23.540s][info][gc,stats      ]   Update Roots                      254 us, parallelism: 0.96x
[23.540s][info][gc,stats      ]     UR: <total>                     243 us
[23.540s][info][gc,stats      ]     UR: Thread Roots                243 us, workers (us): 243, 
[23.540s][info][gc,stats      ]   Update Region States               30 us
[23.540s][info][gc,stats      ]   Trash Collection Set                3 us
[23.540s][info][gc,stats      ]   Rebuild Free Set                    7 us
[23.540s][info][gc,stats      ] Concurrent Cleanup                   59 us
[23.540s][info][gc,stats      ] Pacing                            95219 us
[23.540s][info][gc,stats      ] 
[23.540s][info][gc,stats      ] Allocation pacing accrued:
[23.540s][info][gc,stats      ]      13 of   719 ms (  1.8%): Spark Context Cleaner
[23.540s][info][gc,stats      ]      83 of   719 ms ( 11.5%): Executor task launch worker for task 0.0 in stage 1.0 (TID 1)
[23.540s][info][gc,stats      ]      95 of   719 ms ( 13.2%): <total>
[23.540s][info][gc,stats      ]       2 of   719 ms (  0.2%): <average total>
[23.540s][info][gc,stats      ]      48 of   719 ms (  6.6%): <average non-zero>
[23.540s][info][gc,stats      ] 
[23.540s][info][gc,metaspace  ] Metaspace: 57352K->57352K(1099776K)
[23.540s][info][gc,ergo       ] Pacer for Idle. Initial: 10240K, Alloc Tax Rate: 1.0x
[23.545s][info][gc            ] Trigger: Average GC time (342.48 ms) is above the time for allocation rate (435 MB/s) to deplete free headroom (143M)
[23.545s][info][gc,ergo       ] Free headroom: 168M (free) - 25600K (spike) - 0B (penalties) = 143M
[23.545s][info][gc,ergo       ] Free: 168M, Max: 256K regular, 151M humongous, Frag: 11% external, 1% internal; Reserve: 25600K, Max: 256K
[23.545s][info][gc,start      ] GC(21) Concurrent reset
[23.545s][info][gc,task       ] GC(21) Using 1 of 1 workers for concurrent reset
[23.545s][info][gc,ergo       ] GC(21) Pacer for Reset. Non-Taxable: 500M
[23.546s][info][gc            ] GC(21) Concurrent reset 0.375ms
[23.548s][info][gc,start      ] GC(21) Pause Init Mark
[23.548s][info][gc,task       ] GC(21) Using 1 of 1 workers for init marking
[23.549s][info][gc,ergo       ] GC(21) Pacer for Mark. Expected Live: 95663K, Free: 168M, Non-Taxable: 17283K, Alloc Tax Rate: 0.7x
[23.549s][info][gc            ] GC(21) Pause Init Mark 1.143ms
[23.549s][info][gc,start      ] GC(21) Concurrent marking
[23.549s][info][gc,task       ] GC(21) Using 1 of 1 workers for concurrent marking
[23.647s][info][gc            ] GC(21) Concurrent marking 97.995ms
[23.647s][info][gc,start      ] GC(21) Pause Final Mark
[23.647s][info][gc,task       ] GC(21) Using 1 of 1 workers for final marking
[23.648s][info][gc,ergo       ] GC(21) Collectable Garbage: 182M (98%), Immediate: 182M (98%), CSet: 0B (0%)
[23.648s][info][gc            ] GC(21) Pause Final Mark 0.314ms
[23.648s][info][gc,start      ] GC(21) Concurrent cleanup
[23.648s][info][gc            ] GC(21) Concurrent cleanup 336M->154M(500M) 0.070ms
[23.648s][info][gc,ergo       ] GC(21) Free: 319M, Max: 256K regular, 137M humongous, Frag: 58% external, 0% internal; Reserve: 25600K, Max: 256K
[23.648s][info][gc,ergo       ] Free: 319M, Max: 256K regular, 137M humongous, Frag: 58% external, 0% internal; Reserve: 25600K, Max: 256K
[23.648s][info][gc,stats      ] 
[23.648s][info][gc,stats      ] All times are wall-clock times, except per-root-class counters, that are sum over
[23.648s][info][gc,stats      ] all workers. Dividing the <total> over the root stage time estimates parallelism.
[23.648s][info][gc,stats      ] 
[23.648s][info][gc,stats      ] Concurrent Reset                    367 us
[23.648s][info][gc,stats      ] Pause Init Mark (G)                3585 us
[23.648s][info][gc,stats      ] Pause Init Mark (N)                1111 us
[23.648s][info][gc,stats      ]   Accumulate Stats                    7 us
[23.648s][info][gc,stats      ]   Make Parsable                       7 us
[23.648s][info][gc,stats      ]   Update Region States               26 us
[23.648s][info][gc,stats      ]   Scan Roots                       1026 us, parallelism: 0.75x
[23.648s][info][gc,stats      ]     S: <total>                      774 us
[23.648s][info][gc,stats      ]     S: Thread Roots                 261 us, workers (us): 261, 
[23.648s][info][gc,stats      ]     S: Universe Roots                 3 us, workers (us):   3, 
[23.648s][info][gc,stats      ]     S: JNI Handles Roots              1 us, workers (us):   1, 
[23.648s][info][gc,stats      ]     S: Synchronizer Roots             0 us, workers (us):   0, 
[23.648s][info][gc,stats      ]     S: Management Roots               1 us, workers (us):   1, 
[23.648s][info][gc,stats      ]     S: System Dict Roots             11 us, workers (us):  11, 
[23.648s][info][gc,stats      ]     S: CLDG Roots                   496 us, workers (us): 496, 
[23.648s][info][gc,stats      ]     S: JVMTI Roots                    1 us, workers (us):   1, 
[23.648s][info][gc,stats      ]   Resize TLABs                        5 us
[23.648s][info][gc,stats      ] Concurrent Marking                97987 us
[23.648s][info][gc,stats      ] Pause Final Mark (G)                370 us
[23.648s][info][gc,stats      ] Pause Final Mark (N)                304 us
[23.648s][info][gc,stats      ]   Finish Queues                       8 us
[23.648s][info][gc,stats      ]   System Purge                      238 us
[23.648s][info][gc,stats      ]     Weak Roots                      238 us
[23.648s][info][gc,stats      ]   Update Region States               25 us
[23.648s][info][gc,stats      ]   Retire TLABs                        6 us
[23.648s][info][gc,stats      ]   Choose Collection Set              14 us
[23.648s][info][gc,stats      ]   Rebuild Free Set                    7 us
[23.648s][info][gc,stats      ] Concurrent Cleanup                   64 us
[23.648s][info][gc,stats      ] Pacing                            72941 us
[23.648s][info][gc,stats      ] 
[23.648s][info][gc,stats      ] Allocation pacing accrued:
[23.648s][info][gc,stats      ]      12 of   108 ms ( 10.7%): Spark Context Cleaner
[23.648s][info][gc,stats      ]      61 of   108 ms ( 56.7%): Executor task launch worker for task 0.0 in stage 1.0 (TID 1)
[23.648s][info][gc,stats      ]      73 of   108 ms ( 67.5%): <total>
[23.648s][info][gc,stats      ]       1 of   108 ms (  1.2%): <average total>
[23.648s][info][gc,stats      ]      36 of   108 ms ( 33.7%): <average non-zero>
[23.648s][info][gc,stats      ] 
[23.648s][info][gc,metaspace  ] Metaspace: 57352K->57352K(1099776K)
[23.648s][info][gc,ergo       ] Pacer for Idle. Initial: 10240K, Alloc Tax Rate: 1.0x
[23.706s][info][gc            ] Trigger: Average GC time (305.37 ms) is above the time for allocation rate (703 MB/s) to deplete free headroom (212M)
[23.707s][info][gc,ergo       ] Free headroom: 237M (free) - 25600K (spike) - 0B (penalties) = 212M
[23.707s][info][gc,ergo       ] Free: 237M, Max: 256K regular, 137M humongous, Frag: 43% external, 0% internal; Reserve: 25600K, Max: 256K
[23.707s][info][gc,start      ] GC(22) Concurrent reset
[23.707s][info][gc,task       ] GC(22) Using 1 of 1 workers for concurrent reset
[23.707s][info][gc,ergo       ] GC(22) Pacer for Reset. Non-Taxable: 500M
[23.707s][info][gc            ] GC(22) Concurrent reset 0.193ms
[23.709s][info][gc,start      ] GC(22) Pause Init Mark
[23.709s][info][gc,task       ] GC(22) Using 1 of 1 workers for init marking
[23.711s][info][gc,ergo       ] GC(22) Pacer for Mark. Expected Live: 104M, Free: 237M, Non-Taxable: 24349K, Alloc Tax Rate: 0.5x
[23.711s][info][gc            ] GC(22) Pause Init Mark 1.738ms
[23.711s][info][gc,start      ] GC(22) Concurrent marking
[23.711s][info][gc,task       ] GC(22) Using 1 of 1 workers for concurrent marking
[23.802s][info][gc            ] GC(22) Concurrent marking 90.992ms
[23.802s][info][gc,start      ] GC(22) Pause Final Mark
[23.802s][info][gc,task       ] GC(22) Using 1 of 1 workers for final marking
[23.802s][info][gc,ergo       ] GC(22) Collectable Garbage: 113M (97%), Immediate: 113M (97%), CSet: 0B (0%)
[23.802s][info][gc            ] GC(22) Pause Final Mark 0.315ms
[23.802s][info][gc,start      ] GC(22) Concurrent cleanup
[23.802s][info][gc            ] GC(22) Concurrent cleanup 277M->164M(500M) 0.056ms
[23.802s][info][gc,ergo       ] GC(22) Free: 309M, Max: 256K regular, 181M humongous, Frag: 42% external, 0% internal; Reserve: 25600K, Max: 256K
[23.802s][info][gc,ergo       ] Free: 309M, Max: 256K regular, 181M humongous, Frag: 42% external, 0% internal; Reserve: 25600K, Max: 256K
[23.802s][info][gc,stats      ] 
[23.802s][info][gc,stats      ] All times are wall-clock times, except per-root-class counters, that are sum over
[23.802s][info][gc,stats      ] all workers. Dividing the <total> over the root stage time estimates parallelism.
[23.802s][info][gc,stats      ] 
[23.802s][info][gc,stats      ] Concurrent Reset                    185 us
[23.802s][info][gc,stats      ] Pause Init Mark (G)                3851 us
[23.802s][info][gc,stats      ] Pause Init Mark (N)                1698 us
[23.802s][info][gc,stats      ]   Accumulate Stats                    9 us
[23.802s][info][gc,stats      ]   Make Parsable                       7 us
[23.802s][info][gc,stats      ]   Update Region States               47 us
[23.802s][info][gc,stats      ]   Scan Roots                       1567 us, parallelism: 0.81x
[23.802s][info][gc,stats      ]     S: <total>                     1273 us
[23.802s][info][gc,stats      ]     S: Thread Roots                 423 us, workers (us): 423, 
[23.802s][info][gc,stats      ]     S: Universe Roots                 3 us, workers (us):   3, 
[23.802s][info][gc,stats      ]     S: JNI Handles Roots              2 us, workers (us):   2, 
[23.802s][info][gc,stats      ]     S: Synchronizer Roots             0 us, workers (us):   0, 
[23.802s][info][gc,stats      ]     S: Management Roots               2 us, workers (us):   2, 
[23.802s][info][gc,stats      ]     S: System Dict Roots             15 us, workers (us):  15, 
[23.802s][info][gc,stats      ]     S: CLDG Roots                   826 us, workers (us): 826, 
[23.802s][info][gc,stats      ]     S: JVMTI Roots                    1 us, workers (us):   1, 
[23.802s][info][gc,stats      ]   Resize TLABs                        8 us
[23.802s][info][gc,stats      ] Concurrent Marking                90977 us
[23.802s][info][gc,stats      ] Pause Final Mark (G)                371 us
[23.802s][info][gc,stats      ] Pause Final Mark (N)                306 us
[23.802s][info][gc,stats      ]   Finish Queues                       9 us
[23.802s][info][gc,stats      ]   System Purge                      238 us
[23.802s][info][gc,stats      ]     Weak Roots                      238 us
[23.802s][info][gc,stats      ]   Update Region States               25 us
[23.802s][info][gc,stats      ]   Retire TLABs                        6 us
[23.802s][info][gc,stats      ]   Choose Collection Set              14 us
[23.802s][info][gc,stats      ]   Rebuild Free Set                    7 us
[23.802s][info][gc,stats      ] Concurrent Cleanup                   50 us
[23.802s][info][gc,stats      ] Pacing                            52411 us
[23.802s][info][gc,stats      ] 
[23.802s][info][gc,stats      ] Allocation pacing accrued:
[23.802s][info][gc,stats      ]      13 of   154 ms (  8.2%): RemoteBlock-temp-file-clean-thread
[23.802s][info][gc,stats      ]      40 of   154 ms ( 25.7%): Executor task launch worker for task 0.0 in stage 1.0 (TID 1)
[23.802s][info][gc,stats      ]      52 of   154 ms ( 33.9%): <total>
[23.802s][info][gc,stats      ]       1 of   154 ms (  0.6%): <average total>
[23.802s][info][gc,stats      ]      26 of   154 ms ( 17.0%): <average non-zero>
[23.802s][info][gc,stats      ] 
[23.802s][info][gc,metaspace  ] Metaspace: 57352K->57352K(1099776K)
[23.802s][info][gc,ergo       ] Pacer for Idle. Initial: 10240K, Alloc Tax Rate: 1.0x
[23.845s][info][gc            ] Trigger: Average GC time (271.17 ms) is above the time for allocation rate (806 MB/s) to deplete free headroom (214M)
[23.845s][info][gc,ergo       ] Free headroom: 239M (free) - 25600K (spike) - 0B (penalties) = 214M
[23.845s][info][gc,ergo       ] Free: 239M, Max: 256K regular, 181M humongous, Frag: 25% external, 0% internal; Reserve: 25600K, Max: 256K
[23.845s][info][gc,start      ] GC(23) Concurrent reset
[23.845s][info][gc,task       ] GC(23) Using 1 of 1 workers for concurrent reset
[23.845s][info][gc,ergo       ] GC(23) Pacer for Reset. Non-Taxable: 500M
[23.845s][info][gc            ] GC(23) Concurrent reset 0.205ms
[23.848s][info][gc,start      ] GC(23) Pause Init Mark
[23.848s][info][gc,task       ] GC(23) Using 1 of 1 workers for init marking
[23.849s][info][gc,ergo       ] GC(23) Pacer for Mark. Expected Live: 112M, Free: 239M, Non-Taxable: 24503K, Alloc Tax Rate: 0.6x
[23.849s][info][gc            ] GC(23) Pause Init Mark 1.091ms
[23.849s][info][gc,start      ] GC(23) Concurrent marking
[23.849s][info][gc,task       ] GC(23) Using 1 of 1 workers for concurrent marking
[23.948s][info][gc            ] GC(23) Concurrent marking 99.253ms
[23.948s][info][gc,start      ] GC(23) Pause Final Mark
[23.948s][info][gc,task       ] GC(23) Using 1 of 1 workers for final marking
[23.948s][info][gc,ergo       ] GC(23) Collectable Garbage: 111M (97%), Immediate: 111M (97%), CSet: 0B (0%)
[23.948s][info][gc            ] GC(23) Pause Final Mark 0.343ms
[23.948s][info][gc,start      ] GC(23) Concurrent cleanup
[23.949s][info][gc            ] GC(23) Concurrent cleanup 285M->173M(500M) 0.056ms
[23.949s][info][gc,ergo       ] GC(23) Free: 300M, Max: 256K regular, 181M humongous, Frag: 40% external, 0% internal; Reserve: 25600K, Max: 256K
[23.949s][info][gc,ergo       ] Free: 300M, Max: 256K regular, 181M humongous, Frag: 40% external, 0% internal; Reserve: 25600K, Max: 256K
[23.949s][info][gc,stats      ] 
[23.949s][info][gc,stats      ] All times are wall-clock times, except per-root-class counters, that are sum over
[23.949s][info][gc,stats      ] all workers. Dividing the <total> over the root stage time estimates parallelism.
[23.949s][info][gc,stats      ] 
[23.949s][info][gc,stats      ] Concurrent Reset                    197 us
[23.949s][info][gc,stats      ] Pause Init Mark (G)                3264 us
[23.949s][info][gc,stats      ] Pause Init Mark (N)                1073 us
[23.949s][info][gc,stats      ]   Accumulate Stats                    7 us
[23.949s][info][gc,stats      ]   Make Parsable                       5 us
[23.949s][info][gc,stats      ]   Update Region States               22 us
[23.949s][info][gc,stats      ]   Scan Roots                       1012 us, parallelism: 0.75x
[23.949s][info][gc,stats      ]     S: <total>                      762 us
[23.949s][info][gc,stats      ]     S: Thread Roots                 224 us, workers (us): 224, 
[23.949s][info][gc,stats      ]     S: Universe Roots                 2 us, workers (us):   2, 
[23.949s][info][gc,stats      ]     S: JNI Handles Roots              1 us, workers (us):   1, 
[23.949s][info][gc,stats      ]     S: Synchronizer Roots             0 us, workers (us):   0, 
[23.949s][info][gc,stats      ]     S: Management Roots               1 us, workers (us):   1, 
[23.949s][info][gc,stats      ]     S: System Dict Roots             11 us, workers (us):  11, 
[23.949s][info][gc,stats      ]     S: CLDG Roots                   522 us, workers (us): 522, 
[23.949s][info][gc,stats      ]     S: JVMTI Roots                    1 us, workers (us):   1, 
[23.949s][info][gc,stats      ]   Resize TLABs                        4 us
[23.949s][info][gc,stats      ] Concurrent Marking                99245 us
[23.949s][info][gc,stats      ] Pause Final Mark (G)                400 us
[23.949s][info][gc,stats      ] Pause Final Mark (N)                334 us
[23.949s][info][gc,stats      ]   Finish Queues                      10 us
[23.949s][info][gc,stats      ]   System Purge                      265 us
[23.949s][info][gc,stats      ]     Weak Roots                      265 us
[23.949s][info][gc,stats      ]   Update Region States               28 us
[23.949s][info][gc,stats      ]   Retire TLABs                        5 us
[23.949s][info][gc,stats      ]   Choose Collection Set              13 us
[23.949s][info][gc,stats      ]   Rebuild Free Set                    7 us
[23.949s][info][gc,stats      ] Concurrent Cleanup                   49 us
[23.949s][info][gc,stats      ] Pacing                            63745 us
[23.949s][info][gc,stats      ] 
[23.949s][info][gc,stats      ] Allocation pacing accrued:
[23.949s][info][gc,stats      ]       4 of   146 ms (  2.7%): Spark Context Cleaner
[23.949s][info][gc,stats      ]      60 of   146 ms ( 40.8%): Executor task launch worker for task 0.0 in stage 1.0 (TID 1)
[23.949s][info][gc,stats      ]      64 of   146 ms ( 43.5%): <total>
[23.949s][info][gc,stats      ]       1 of   146 ms (  0.8%): <average total>
[23.949s][info][gc,stats      ]      32 of   146 ms ( 21.8%): <average non-zero>
[23.949s][info][gc,stats      ] 
[23.949s][info][gc,metaspace  ] Metaspace: 57352K->57352K(1099776K)
[23.949s][info][gc,ergo       ] Pacer for Idle. Initial: 10240K, Alloc Tax Rate: 1.0x
[23.991s][info][gc            ] Trigger: Average GC time (228.02 ms) is above the time for allocation rate (883 MB/s) to deplete free headroom (197M)
[23.991s][info][gc,ergo       ] Free headroom: 222M (free) - 25600K (spike) - 0B (penalties) = 197M
[23.991s][info][gc,ergo       ] Free: 222M, Max: 256K regular, 181M humongous, Frag: 19% external, 0% internal; Reserve: 25600K, Max: 256K
[23.991s][info][gc,start      ] GC(24) Concurrent reset
[23.991s][info][gc,task       ] GC(24) Using 1 of 1 workers for concurrent reset
[23.991s][info][gc,ergo       ] GC(24) Pacer for Reset. Non-Taxable: 500M
[23.991s][info][gc            ] GC(24) Concurrent reset 0.193ms
[23.993s][info][gc,start      ] GC(24) Pause Init Mark
[23.993s][info][gc,task       ] GC(24) Using 1 of 1 workers for init marking
[23.995s][info][gc,ergo       ] GC(24) Pacer for Mark. Expected Live: 117M, Free: 222M, Non-Taxable: 22787K, Alloc Tax Rate: 0.6x
[23.995s][info][gc            ] GC(24) Pause Init Mark 1.781ms
[23.995s][info][gc,start      ] GC(24) Concurrent marking
[23.995s][info][gc,task       ] GC(24) Using 1 of 1 workers for concurrent marking
[24.100s][info][gc            ] GC(24) Concurrent marking 105.096ms
[24.100s][info][gc,start      ] GC(24) Pause Final Mark
[24.100s][info][gc,task       ] GC(24) Using 1 of 1 workers for final marking
[24.101s][info][gc,ergo       ] GC(24) Collectable Garbage: 128M (97%), Immediate: 128M (97%), CSet: 0B (0%)
[24.101s][info][gc            ] GC(24) Pause Final Mark 0.354ms
[24.101s][info][gc,start      ] GC(24) Concurrent cleanup
[24.101s][info][gc            ] GC(24) Concurrent cleanup 288M->160M(500M) 0.058ms
[24.101s][info][gc,ergo       ] GC(24) Free: 313M, Max: 256K regular, 181M humongous, Frag: 43% external, 0% internal; Reserve: 25600K, Max: 256K
[24.101s][info][gc,ergo       ] Free: 313M, Max: 256K regular, 181M humongous, Frag: 43% external, 0% internal; Reserve: 25600K, Max: 256K
[24.101s][info][gc,stats      ] 
[24.101s][info][gc,stats      ] All times are wall-clock times, except per-root-class counters, that are sum over
[24.101s][info][gc,stats      ] all workers. Dividing the <total> over the root stage time estimates parallelism.
[24.101s][info][gc,stats      ] 
[24.101s][info][gc,stats      ] Concurrent Reset                    185 us
[24.101s][info][gc,stats      ] Pause Init Mark (G)                3952 us
[24.101s][info][gc,stats      ] Pause Init Mark (N)                1738 us
[24.101s][info][gc,stats      ]   Accumulate Stats                    9 us
[24.101s][info][gc,stats      ]   Make Parsable                       7 us
[24.101s][info][gc,stats      ]   Update Region States               48 us
[24.101s][info][gc,stats      ]   Scan Roots                       1618 us, parallelism: 0.82x
[24.101s][info][gc,stats      ]     S: <total>                     1322 us
[24.101s][info][gc,stats      ]     S: Thread Roots                 451 us, workers (us): 451, 
[24.101s][info][gc,stats      ]     S: Universe Roots                 3 us, workers (us):   3, 
[24.101s][info][gc,stats      ]     S: JNI Handles Roots              2 us, workers (us):   2, 
[24.101s][info][gc,stats      ]     S: Synchronizer Roots             0 us, workers (us):   0, 
[24.101s][info][gc,stats      ]     S: Management Roots               2 us, workers (us):   2, 
[24.101s][info][gc,stats      ]     S: System Dict Roots             16 us, workers (us):  16, 
[24.101s][info][gc,stats      ]     S: CLDG Roots                   847 us, workers (us): 847, 
[24.101s][info][gc,stats      ]     S: JVMTI Roots                    1 us, workers (us):   1, 
[24.101s][info][gc,stats      ]   Resize TLABs                        8 us
[24.101s][info][gc,stats      ] Concurrent Marking               105080 us
[24.101s][info][gc,stats      ] Pause Final Mark (G)                424 us
[24.101s][info][gc,stats      ] Pause Final Mark (N)                339 us
[24.101s][info][gc,stats      ]   Finish Queues                      11 us
[24.101s][info][gc,stats      ]   System Purge                      268 us
[24.101s][info][gc,stats      ]     Weak Roots                      267 us
[24.101s][info][gc,stats      ]   Update Region States               25 us
[24.101s][info][gc,stats      ]   Retire TLABs                        5 us
[24.101s][info][gc,stats      ]   Choose Collection Set              15 us
[24.101s][info][gc,stats      ]   Rebuild Free Set                    8 us
[24.101s][info][gc,stats      ] Concurrent Cleanup                   52 us
[24.101s][info][gc,stats      ] Pacing                            49726 us
[24.101s][info][gc,stats      ] 
[24.101s][info][gc,stats      ] Allocation pacing accrued:
[24.101s][info][gc,stats      ]      50 of   152 ms ( 32.7%): Executor task launch worker for task 0.0 in stage 1.0 (TID 1)
[24.101s][info][gc,stats      ]      50 of   152 ms ( 32.7%): <total>
[24.101s][info][gc,stats      ]       1 of   152 ms (  0.6%): <average total>
[24.101s][info][gc,stats      ]      50 of   152 ms ( 32.7%): <average non-zero>
[24.101s][info][gc,stats      ] 
[24.101s][info][gc,metaspace  ] Metaspace: 57352K->57352K(1099776K)
[24.101s][info][gc,ergo       ] Pacer for Idle. Initial: 10240K, Alloc Tax Rate: 1.0x
[24.178s][info][gc            ] Trigger: Average GC time (165.28 ms) is above the time for allocation rate (936 MB/s) to deplete free headroom (150M)
[24.178s][info][gc,ergo       ] Free headroom: 175M (free) - 25600K (spike) - 0B (penalties) = 150M
[24.178s][info][gc,ergo       ] Free: 175M, Max: 256K regular, 175M humongous, Frag: 0% external, 1% internal; Reserve: 25600K, Max: 256K
[24.179s][info][gc,start      ] GC(25) Concurrent reset
[24.179s][info][gc,task       ] GC(25) Using 1 of 1 workers for concurrent reset
[24.179s][info][gc,ergo       ] GC(25) Pacer for Reset. Non-Taxable: 500M
[24.179s][info][gc            ] GC(25) Concurrent reset 0.196ms
[24.181s][info][gc,start      ] GC(25) Pause Init Mark (process weakrefs)
[24.181s][info][gc,task       ] GC(25) Using 1 of 1 workers for init marking
[24.182s][info][gc,ergo       ] GC(25) Pacer for Mark. Expected Live: 119M, Free: 175M, Non-Taxable: 17975K, Alloc Tax Rate: 0.8x
[24.182s][info][gc            ] GC(25) Pause Init Mark (process weakrefs) 1.136ms
[24.182s][info][gc,start      ] GC(25) Concurrent marking (process weakrefs)
[24.182s][info][gc,task       ] GC(25) Using 1 of 1 workers for concurrent marking
[24.284s][info][gc            ] GC(25) Concurrent marking (process weakrefs) 102.228ms
[24.284s][info][gc,start      ] GC(25) Concurrent precleaning
[24.284s][info][gc,task       ] GC(25) Using 1 of 1 workers for concurrent preclean
[24.284s][info][gc,ergo       ] GC(25) Pacer for Precleaning. Non-Taxable: 500M
[24.285s][info][gc            ] GC(25) Concurrent precleaning 0.474ms
[24.285s][info][gc,start      ] GC(25) Pause Final Mark (process weakrefs)
[24.285s][info][gc,task       ] GC(25) Using 1 of 1 workers for final marking
[24.285s][info][gc,ergo       ] GC(25) Collectable Garbage: 175M (98%), Immediate: 175M (98%), CSet: 0B (0%)
[24.285s][info][gc            ] GC(25) Pause Final Mark (process weakrefs) 0.415ms
[24.285s][info][gc,start      ] GC(25) Concurrent cleanup
[24.285s][info][gc            ] GC(25) Concurrent cleanup 327M->152M(500M) 0.065ms
[24.285s][info][gc,ergo       ] GC(25) Free: 321M, Max: 256K regular, 146M humongous, Frag: 55% external, 0% internal; Reserve: 25600K, Max: 256K
[24.285s][info][gc,ergo       ] Free: 321M, Max: 256K regular, 146M humongous, Frag: 55% external, 0% internal; Reserve: 25600K, Max: 256K
[24.285s][info][gc,stats      ] 
[24.285s][info][gc,stats      ] All times are wall-clock times, except per-root-class counters, that are sum over
[24.285s][info][gc,stats      ] all workers. Dividing the <total> over the root stage time estimates parallelism.
[24.285s][info][gc,stats      ] 
[24.285s][info][gc,stats      ] Concurrent Reset                    188 us
[24.285s][info][gc,stats      ] Pause Init Mark (G)                3286 us
[24.285s][info][gc,stats      ] Pause Init Mark (N)                1112 us
[24.285s][info][gc,stats      ]   Accumulate Stats                    6 us
[24.285s][info][gc,stats      ]   Make Parsable                       5 us
[24.285s][info][gc,stats      ]   Update Region States               22 us
[24.285s][info][gc,stats      ]   Scan Roots                       1040 us, parallelism: 0.76x
[24.285s][info][gc,stats      ]     S: <total>                      786 us
[24.285s][info][gc,stats      ]     S: Thread Roots                 233 us, workers (us): 233, 
[24.285s][info][gc,stats      ]     S: Universe Roots                 2 us, workers (us):   2, 
[24.285s][info][gc,stats      ]     S: JNI Handles Roots              1 us, workers (us):   1, 
[24.285s][info][gc,stats      ]     S: Synchronizer Roots             0 us, workers (us):   0, 
[24.285s][info][gc,stats      ]     S: Management Roots               1 us, workers (us):   1, 
[24.285s][info][gc,stats      ]     S: System Dict Roots             10 us, workers (us):  10, 
[24.285s][info][gc,stats      ]     S: CLDG Roots                   537 us, workers (us): 537, 
[24.285s][info][gc,stats      ]     S: JVMTI Roots                    0 us, workers (us):   0, 
[24.285s][info][gc,stats      ]   Resize TLABs                        5 us
[24.285s][info][gc,stats      ] Concurrent Marking               102220 us
[24.285s][info][gc,stats      ] Concurrent Precleaning              465 us
[24.285s][info][gc,stats      ] Pause Final Mark (G)                480 us
[24.285s][info][gc,stats      ] Pause Final Mark (N)                408 us
[24.285s][info][gc,stats      ]   Finish Queues                       8 us
[24.285s][info][gc,stats      ]   Weak References                    13 us
[24.285s][info][gc,stats      ]     Process                          11 us
[24.285s][info][gc,stats      ]   System Purge                      323 us
[24.285s][info][gc,stats      ]     Weak Roots                      322 us
[24.285s][info][gc,stats      ]   Update Region States               26 us
[24.285s][info][gc,stats      ]   Retire TLABs                        7 us
[24.285s][info][gc,stats      ]   Choose Collection Set              19 us
[24.285s][info][gc,stats      ]   Rebuild Free Set                    7 us
[24.285s][info][gc,stats      ] Concurrent Cleanup                   59 us
[24.285s][info][gc,stats      ] Pacing                            83785 us
[24.285s][info][gc,stats      ] 
[24.285s][info][gc,stats      ] Allocation pacing accrued:
[24.285s][info][gc,stats      ]      13 of   185 ms (  6.8%): Spark Context Cleaner
[24.285s][info][gc,stats      ]      71 of   185 ms ( 38.5%): Executor task launch worker for task 0.0 in stage 1.0 (TID 1)
[24.285s][info][gc,stats      ]      84 of   185 ms ( 45.4%): <total>
[24.285s][info][gc,stats      ]       2 of   185 ms (  0.8%): <average total>
[24.285s][info][gc,stats      ]      42 of   185 ms ( 22.7%): <average non-zero>
[24.285s][info][gc,stats      ] 
[24.286s][info][gc,metaspace  ] Metaspace: 57352K->57352K(1099776K)
[24.286s][info][gc,ergo       ] Pacer for Idle. Initial: 10240K, Alloc Tax Rate: 1.0x
[24.418s][info][gc            ] Trigger: Average GC time (103.59 ms) is above the time for allocation rate (960 MB/s) to deplete free headroom (98598K)
[24.418s][info][gc,ergo       ] Free headroom: 121M (free) - 25600K (spike) - 0B (penalties) = 98598K
[24.418s][info][gc,ergo       ] Free: 121M, Max: 256K regular, 121M humongous, Frag: 0% external, 1% internal; Reserve: 25600K, Max: 256K
[24.418s][info][gc,start      ] GC(26) Concurrent reset
[24.418s][info][gc,task       ] GC(26) Using 1 of 1 workers for concurrent reset
[24.418s][info][gc,ergo       ] GC(26) Pacer for Reset. Non-Taxable: 500M
[24.418s][info][gc            ] GC(26) Concurrent reset 0.203ms
[24.420s][info][gc,start      ] GC(26) Pause Init Mark
[24.420s][info][gc,task       ] GC(26) Using 1 of 1 workers for init marking
[24.421s][info][gc,ergo       ] GC(26) Pacer for Mark. Expected Live: 119M, Free: 121M, Non-Taxable: 12419K, Alloc Tax Rate: 1.2x
[24.421s][info][gc            ] GC(26) Pause Init Mark 1.100ms
[24.421s][info][gc,start      ] GC(26) Concurrent marking
[24.421s][info][gc,task       ] GC(26) Using 1 of 1 workers for concurrent marking
[24.504s][info][gc            ] GC(26) Concurrent marking 82.193ms
[24.504s][info][gc,start      ] GC(26) Pause Final Mark
[24.504s][info][gc,task       ] GC(26) Using 1 of 1 workers for final marking
[24.504s][info][gc,ergo       ] GC(26) Collectable Garbage: 229M (98%), Immediate: 229M (98%), CSet: 0B (0%)
[24.504s][info][gc            ] GC(26) Pause Final Mark 0.335ms
[24.504s][info][gc,start      ] GC(26) Concurrent cleanup
[24.504s][info][gc            ] GC(26) Concurrent cleanup 373M->143M(500M) 0.074ms
[24.504s][info][gc,ergo       ] GC(26) Free: 330M, Max: 256K regular, 100M humongous, Frag: 70% external, 0% internal; Reserve: 25600K, Max: 256K
[24.504s][info][gc,ergo       ] Free: 330M, Max: 256K regular, 100M humongous, Frag: 70% external, 0% internal; Reserve: 25600K, Max: 256K
[24.504s][info][gc,stats      ] 
[24.504s][info][gc,stats      ] All times are wall-clock times, except per-root-class counters, that are sum over
[24.504s][info][gc,stats      ] all workers. Dividing the <total> over the root stage time estimates parallelism.
[24.504s][info][gc,stats      ] 
[24.504s][info][gc,stats      ] Concurrent Reset                    195 us
[24.504s][info][gc,stats      ] Pause Init Mark (G)                3253 us
[24.504s][info][gc,stats      ] Pause Init Mark (N)                1074 us
[24.504s][info][gc,stats      ]   Accumulate Stats                    7 us
[24.504s][info][gc,stats      ]   Make Parsable                       6 us
[24.504s][info][gc,stats      ]   Update Region States               27 us
[24.504s][info][gc,stats      ]   Scan Roots                       1006 us, parallelism: 0.75x
[24.504s][info][gc,stats      ]     S: <total>                      753 us
[24.504s][info][gc,stats      ]     S: Thread Roots                 223 us, workers (us): 223, 
[24.504s][info][gc,stats      ]     S: Universe Roots                 2 us, workers (us):   2, 
[24.504s][info][gc,stats      ]     S: JNI Handles Roots              1 us, workers (us):   1, 
[24.504s][info][gc,stats      ]     S: Synchronizer Roots             0 us, workers (us):   0, 
[24.504s][info][gc,stats      ]     S: Management Roots               1 us, workers (us):   1, 
[24.504s][info][gc,stats      ]     S: System Dict Roots             11 us, workers (us):  11, 
[24.504s][info][gc,stats      ]     S: CLDG Roots                   514 us, workers (us): 514, 
[24.504s][info][gc,stats      ]     S: JVMTI Roots                    1 us, workers (us):   1, 
[24.504s][info][gc,stats      ]   Resize TLABs                        4 us
[24.504s][info][gc,stats      ] Concurrent Marking                82184 us
[24.504s][info][gc,stats      ] Pause Final Mark (G)                388 us
[24.504s][info][gc,stats      ] Pause Final Mark (N)                326 us
[24.504s][info][gc,stats      ]   Finish Queues                       9 us
[24.504s][info][gc,stats      ]   System Purge                      252 us
[24.504s][info][gc,stats      ]     Weak Roots                      252 us
[24.504s][info][gc,stats      ]   Update Region States               26 us
[24.504s][info][gc,stats      ]   Retire TLABs                        7 us
[24.504s][info][gc,stats      ]   Choose Collection Set              19 us
[24.504s][info][gc,stats      ]   Rebuild Free Set                    7 us
[24.504s][info][gc,stats      ] Concurrent Cleanup                   67 us
[24.504s][info][gc,stats      ] Pacing                            66861 us
[24.504s][info][gc,stats      ] 
[24.504s][info][gc,stats      ] Allocation pacing accrued:
[24.504s][info][gc,stats      ]      13 of   219 ms (  5.8%): Spark Context Cleaner
[24.504s][info][gc,stats      ]      54 of   219 ms ( 24.8%): Executor task launch worker for task 0.0 in stage 1.0 (TID 1)
[24.504s][info][gc,stats      ]      67 of   219 ms ( 30.6%): <total>
[24.504s][info][gc,stats      ]       1 of   219 ms (  0.6%): <average total>
[24.504s][info][gc,stats      ]      33 of   219 ms ( 15.3%): <average non-zero>
[24.504s][info][gc,stats      ] 
[24.504s][info][gc,metaspace  ] Metaspace: 57352K->57352K(1099776K)
[24.504s][info][gc,ergo       ] Pacer for Idle. Initial: 10240K, Alloc Tax Rate: 1.0x
[24.612s][info][gc            ] Trigger: Average GC time (100.33 ms) is above the time for allocation rate (1113 MB/s) to deplete free headroom (109M)
[24.612s][info][gc,ergo       ] Free headroom: 134M (free) - 25600K (spike) - 0B (penalties) = 109M
[24.612s][info][gc,ergo       ] Free: 134M, Max: 256K regular, 100M humongous, Frag: 26% external, 1% internal; Reserve: 25600K, Max: 256K
[24.612s][info][gc,start      ] GC(27) Concurrent reset
[24.612s][info][gc,task       ] GC(27) Using 1 of 1 workers for concurrent reset
[24.612s][info][gc,ergo       ] GC(27) Pacer for Reset. Non-Taxable: 500M
[24.613s][info][gc            ] GC(27) Concurrent reset 0.198ms
[24.615s][info][gc,start      ] GC(27) Pause Init Mark
[24.615s][info][gc,task       ] GC(27) Using 1 of 1 workers for init marking
[24.616s][info][gc,ergo       ] GC(27) Pacer for Mark. Expected Live: 119M, Free: 134M, Non-Taxable: 13802K, Alloc Tax Rate: 1.1x
[24.616s][info][gc            ] GC(27) Pause Init Mark 1.134ms
[24.616s][info][gc,start      ] GC(27) Concurrent marking
[24.616s][info][gc,task       ] GC(27) Using 1 of 1 workers for concurrent marking
[24.705s][info][gc            ] GC(27) Concurrent marking 89.016ms
[24.705s][info][gc,start      ] GC(27) Pause Final Mark
[24.705s][info][gc,task       ] GC(27) Using 1 of 1 workers for final marking
[24.705s][info][gc,ergo       ] GC(27) Collectable Garbage: 216M (98%), Immediate: 216M (98%), CSet: 0B (0%)
[24.705s][info][gc            ] GC(27) Pause Final Mark 0.374ms
[24.705s][info][gc,start      ] GC(27) Concurrent cleanup
[24.705s][info][gc            ] GC(27) Concurrent cleanup 361M->145M(500M) 0.072ms
[24.705s][info][gc,ergo       ] GC(27) Free: 328M, Max: 256K regular, 132M humongous, Frag: 60% external, 0% internal; Reserve: 25600K, Max: 256K
[24.705s][info][gc,ergo       ] Free: 328M, Max: 256K regular, 132M humongous, Frag: 60% external, 0% internal; Reserve: 25600K, Max: 256K
[24.705s][info][gc,stats      ] 
[24.705s][info][gc,stats      ] All times are wall-clock times, except per-root-class counters, that are sum over
[24.705s][info][gc,stats      ] all workers. Dividing the <total> over the root stage time estimates parallelism.
[24.705s][info][gc,stats      ] 
[24.705s][info][gc,stats      ] Concurrent Reset                    190 us
[24.705s][info][gc,stats      ] Pause Init Mark (G)                3311 us
[24.705s][info][gc,stats      ] Pause Init Mark (N)                1107 us
[24.705s][info][gc,stats      ]   Accumulate Stats                    7 us
[24.706s][info][gc,stats      ]   Make Parsable                       5 us
[24.706s][info][gc,stats      ]   Update Region States               24 us
[24.706s][info][gc,stats      ]   Scan Roots                       1034 us, parallelism: 0.75x
[24.706s][info][gc,stats      ]     S: <total>                      780 us
[24.706s][info][gc,stats      ]     S: Thread Roots                 228 us, workers (us): 228, 
[24.706s][info][gc,stats      ]     S: Universe Roots                 2 us, workers (us):   2, 
[24.706s][info][gc,stats      ]     S: JNI Handles Roots              1 us, workers (us):   1, 
[24.706s][info][gc,stats      ]     S: Synchronizer Roots             0 us, workers (us):   0, 
[24.706s][info][gc,stats      ]     S: Management Roots               1 us, workers (us):   1, 
[24.706s][info][gc,stats      ]     S: System Dict Roots             11 us, workers (us):  11, 
[24.706s][info][gc,stats      ]     S: CLDG Roots                   536 us, workers (us): 536, 
[24.706s][info][gc,stats      ]     S: JVMTI Roots                    1 us, workers (us):   1, 
[24.706s][info][gc,stats      ]   Resize TLABs                        5 us
[24.706s][info][gc,stats      ] Concurrent Marking                89007 us
[24.706s][info][gc,stats      ] Pause Final Mark (G)                433 us
[24.706s][info][gc,stats      ] Pause Final Mark (N)                364 us
[24.706s][info][gc,stats      ]   Finish Queues                       9 us
[24.706s][info][gc,stats      ]   System Purge                      290 us
[24.706s][info][gc,stats      ]     Weak Roots                      289 us
[24.706s][info][gc,stats      ]   Update Region States               26 us
[24.706s][info][gc,stats      ]   Retire TLABs                        8 us
[24.706s][info][gc,stats      ]   Choose Collection Set              19 us
[24.706s][info][gc,stats      ]   Rebuild Free Set                    7 us
[24.706s][info][gc,stats      ] Concurrent Cleanup                   65 us
[24.706s][info][gc,stats      ] Pacing                            75005 us
[24.706s][info][gc,stats      ] 
[24.706s][info][gc,stats      ] Allocation pacing accrued:
[24.706s][info][gc,stats      ]      12 of   201 ms (  6.2%): Spark Context Cleaner
[24.706s][info][gc,stats      ]      63 of   201 ms ( 31.1%): Executor task launch worker for task 0.0 in stage 1.0 (TID 1)
[24.706s][info][gc,stats      ]      75 of   201 ms ( 37.3%): <total>
[24.706s][info][gc,stats      ]       1 of   201 ms (  0.7%): <average total>
[24.706s][info][gc,stats      ]      38 of   201 ms ( 18.6%): <average non-zero>
[24.706s][info][gc,stats      ] 
[24.706s][info][gc,metaspace  ] Metaspace: 57352K->57352K(1099776K)
[24.706s][info][gc,ergo       ] Pacer for Idle. Initial: 10240K, Alloc Tax Rate: 1.0x
[24.810s][info][gc            ] Trigger: Average GC time (99.84 ms) is above the time for allocation rate (1111 MB/s) to deplete free headroom (106M)
[24.810s][info][gc,ergo       ] Free headroom: 131M (free) - 25600K (spike) - 0B (penalties) = 106M
[24.810s][info][gc,ergo       ] Free: 131M, Max: 256K regular, 131M humongous, Frag: 0% external, 1% internal; Reserve: 25600K, Max: 256K
[24.810s][info][gc,start      ] GC(28) Concurrent reset
[24.810s][info][gc,task       ] GC(28) Using 1 of 1 workers for concurrent reset
[24.810s][info][gc,ergo       ] GC(28) Pacer for Reset. Non-Taxable: 500M
[24.810s][info][gc            ] GC(28) Concurrent reset 0.197ms
[24.812s][info][gc,start      ] GC(28) Pause Init Mark
[24.812s][info][gc,task       ] GC(28) Using 1 of 1 workers for init marking
[24.813s][info][gc,ergo       ] GC(28) Pacer for Mark. Expected Live: 119M, Free: 131M, Non-Taxable: 13495K, Alloc Tax Rate: 1.1x
[24.813s][info][gc            ] GC(28) Pause Init Mark 1.341ms
[24.813s][info][gc,start      ] GC(28) Concurrent marking
[24.813s][info][gc,task       ] GC(28) Using 1 of 1 workers for concurrent marking
[24.900s][info][gc            ] GC(28) Concurrent marking 86.283ms
[24.900s][info][gc,start      ] GC(28) Pause Final Mark
[24.900s][info][gc,task       ] GC(28) Using 1 of 1 workers for final marking
[24.900s][info][gc,ergo       ] GC(28) Collectable Garbage: 219M (98%), Immediate: 219M (98%), CSet: 0B (0%)
[24.900s][info][gc            ] GC(28) Pause Final Mark 0.352ms
[24.900s][info][gc,start      ] GC(28) Concurrent cleanup
[24.900s][info][gc            ] GC(28) Concurrent cleanup 364M->145M(500M) 0.072ms
[24.900s][info][gc,ergo       ] GC(28) Free: 328M, Max: 256K regular, 109M humongous, Frag: 67% external, 0% internal; Reserve: 25600K, Max: 256K
[24.900s][info][gc,ergo       ] Free: 328M, Max: 256K regular, 109M humongous, Frag: 67% external, 0% internal; Reserve: 25600K, Max: 256K
[24.900s][info][gc,stats      ] 
[24.900s][info][gc,stats      ] All times are wall-clock times, except per-root-class counters, that are sum over
[24.900s][info][gc,stats      ] all workers. Dividing the <total> over the root stage time estimates parallelism.
[24.900s][info][gc,stats      ] 
[24.900s][info][gc,stats      ] Concurrent Reset                    189 us
[24.900s][info][gc,stats      ] Pause Init Mark (G)                3541 us
[24.900s][info][gc,stats      ] Pause Init Mark (N)                1304 us
[24.900s][info][gc,stats      ]   Accumulate Stats                   10 us
[24.900s][info][gc,stats      ]   Make Parsable                       8 us
[24.900s][info][gc,stats      ]   Update Region States               34 us
[24.900s][info][gc,stats      ]   Scan Roots                       1200 us, parallelism: 0.75x
[24.900s][info][gc,stats      ]     S: <total>                      906 us
[24.900s][info][gc,stats      ]     S: Thread Roots                 273 us, workers (us): 273, 
[24.900s][info][gc,stats      ]     S: Universe Roots                 3 us, workers (us):   3, 
[24.900s][info][gc,stats      ]     S: JNI Handles Roots              2 us, workers (us):   2, 
[24.900s][info][gc,stats      ]     S: Synchronizer Roots             0 us, workers (us):   0, 
[24.900s][info][gc,stats      ]     S: Management Roots               1 us, workers (us):   1, 
[24.900s][info][gc,stats      ]     S: System Dict Roots             12 us, workers (us):  12, 
[24.900s][info][gc,stats      ]     S: CLDG Roots                   614 us, workers (us): 614, 
[24.900s][info][gc,stats      ]     S: JVMTI Roots                    0 us, workers (us):   0, 
[24.900s][info][gc,stats      ]   Resize TLABs                        7 us
[24.900s][info][gc,stats      ] Concurrent Marking                86270 us
[24.900s][info][gc,stats      ] Pause Final Mark (G)                408 us
[24.900s][info][gc,stats      ] Pause Final Mark (N)                343 us
[24.900s][info][gc,stats      ]   Finish Queues                       9 us
[24.900s][info][gc,stats      ]   System Purge                      266 us
[24.900s][info][gc,stats      ]     Weak Roots                      265 us
[24.900s][info][gc,stats      ]   Update Region States               25 us
[24.900s][info][gc,stats      ]   Retire TLABs                        6 us
[24.900s][info][gc,stats      ]   Choose Collection Set              15 us
[24.900s][info][gc,stats      ]   Rebuild Free Set                    7 us
[24.900s][info][gc,stats      ] Concurrent Cleanup                   66 us
[24.900s][info][gc,stats      ] Pacing                            85543 us
[24.900s][info][gc,stats      ] 
[24.900s][info][gc,stats      ] Allocation pacing accrued:
[24.900s][info][gc,stats      ]      13 of   195 ms (  6.5%): Spark Context Cleaner
[24.900s][info][gc,stats      ]      73 of   195 ms ( 37.4%): Executor task launch worker for task 0.0 in stage 1.0 (TID 1)
[24.900s][info][gc,stats      ]      86 of   195 ms ( 43.9%): <total>
[24.900s][info][gc,stats      ]       2 of   195 ms (  0.8%): <average total>
[24.900s][info][gc,stats      ]      43 of   195 ms ( 22.0%): <average non-zero>
[24.900s][info][gc,stats      ] 
[24.900s][info][gc,metaspace  ] Metaspace: 57352K->57352K(1099776K)
[24.900s][info][gc,ergo       ] Pacer for Idle. Initial: 10240K, Alloc Tax Rate: 1.0x
[25.028s][info][gc            ] Trigger: Average GC time (97.31 ms) is above the time for allocation rate (1048 MB/s) to deplete free headroom (100134K)
[25.028s][info][gc,ergo       ] Free headroom: 122M (free) - 25600K (spike) - 0B (penalties) = 100134K
[25.028s][info][gc,ergo       ] Free: 122M, Max: 256K regular, 109M humongous, Frag: 11% external, 1% internal; Reserve: 25600K, Max: 256K
[25.028s][info][gc,start      ] GC(29) Concurrent reset
[25.028s][info][gc,task       ] GC(29) Using 1 of 1 workers for concurrent reset
[25.028s][info][gc,ergo       ] GC(29) Pacer for Reset. Non-Taxable: 500M
[25.028s][info][gc            ] GC(29) Concurrent reset 0.205ms
[25.030s][info][gc,start      ] GC(29) Pause Init Mark
[25.030s][info][gc,task       ] GC(29) Using 1 of 1 workers for init marking
[25.031s][info][gc,ergo       ] GC(29) Pacer for Mark. Expected Live: 119M, Free: 122M, Non-Taxable: 12573K, Alloc Tax Rate: 1.2x
[25.031s][info][gc            ] GC(29) Pause Init Mark 1.102ms
[25.031s][info][gc,start      ] GC(29) Concurrent marking
[25.031s][info][gc,task       ] GC(29) Using 1 of 1 workers for concurrent marking
[25.058s][info][gc            ] GC(29) Concurrent marking 27.305ms
[25.059s][info][gc,start      ] GC(29) Pause Final Mark
[25.059s][info][gc,task       ] GC(29) Using 1 of 1 workers for final marking
[25.059s][info][gc,ergo       ] GC(29) Collectable Garbage: 318M (97%), Immediate: 318M (97%), CSet: 0B (0%)
[25.059s][info][gc            ] GC(29) Pause Final Mark 0.355ms
[25.059s][info][gc,start      ] GC(29) Concurrent cleanup
[25.059s][info][gc            ] GC(29) Concurrent cleanup 367M->48M(500M) 0.088ms
[25.059s][info][gc,ergo       ] GC(29) Free: 425M, Max: 256K regular, 131M humongous, Frag: 70% external, 0% internal; Reserve: 25600K, Max: 256K
[25.059s][info][gc,ergo       ] Free: 425M, Max: 256K regular, 131M humongous, Frag: 70% external, 0% internal; Reserve: 25600K, Max: 256K
[25.059s][info][gc,stats      ] 
[25.059s][info][gc,stats      ] All times are wall-clock times, except per-root-class counters, that are sum over
[25.059s][info][gc,stats      ] all workers. Dividing the <total> over the root stage time estimates parallelism.
[25.059s][info][gc,stats      ] 
[25.059s][info][gc,stats      ] Concurrent Reset                    198 us
[25.059s][info][gc,stats      ] Pause Init Mark (G)                3274 us
[25.059s][info][gc,stats      ] Pause Init Mark (N)                1082 us
[25.059s][info][gc,stats      ]   Accumulate Stats                    7 us
[25.059s][info][gc,stats      ]   Make Parsable                       6 us
[25.059s][info][gc,stats      ]   Update Region States               22 us
[25.059s][info][gc,stats      ]   Scan Roots                       1021 us, parallelism: 0.75x
[25.059s][info][gc,stats      ]     S: <total>                      765 us
[25.059s][info][gc,stats      ]     S: Thread Roots                 226 us, workers (us): 226, 
[25.059s][info][gc,stats      ]     S: Universe Roots                 3 us, workers (us):   3, 
[25.059s][info][gc,stats      ]     S: JNI Handles Roots              1 us, workers (us):   1, 
[25.059s][info][gc,stats      ]     S: Synchronizer Roots             0 us, workers (us):   0, 
[25.059s][info][gc,stats      ]     S: Management Roots               1 us, workers (us):   1, 
[25.059s][info][gc,stats      ]     S: System Dict Roots             11 us, workers (us):  11, 
[25.059s][info][gc,stats      ]     S: CLDG Roots                   522 us, workers (us): 522, 
[25.059s][info][gc,stats      ]     S: JVMTI Roots                    1 us, workers (us):   1, 
[25.059s][info][gc,stats      ]   Resize TLABs                        3 us
[25.059s][info][gc,stats      ] Concurrent Marking                27297 us
[25.059s][info][gc,stats      ] Pause Final Mark (G)                412 us
[25.059s][info][gc,stats      ] Pause Final Mark (N)                347 us
[25.059s][info][gc,stats      ]   Finish Queues                       9 us
[25.059s][info][gc,stats      ]   System Purge                      267 us
[25.059s][info][gc,stats      ]     Weak Roots                      267 us
[25.059s][info][gc,stats      ]   Update Region States               28 us
[25.059s][info][gc,stats      ]   Retire TLABs                        8 us
[25.059s][info][gc,stats      ]   Choose Collection Set              22 us
[25.059s][info][gc,stats      ]   Rebuild Free Set                    7 us
[25.059s][info][gc,stats      ] Concurrent Cleanup                   81 us
[25.059s][info][gc,stats      ] Pacing                             8053 us
[25.059s][info][gc,stats      ] 
[25.059s][info][gc,stats      ] Allocation pacing accrued:
[25.059s][info][gc,stats      ]       8 of   159 ms (  5.1%): Executor task launch worker for task 0.0 in stage 1.0 (TID 1)
[25.059s][info][gc,stats      ]       8 of   159 ms (  5.1%): <total>
[25.059s][info][gc,stats      ]       0 of   159 ms (  0.1%): <average total>
[25.059s][info][gc,stats      ]       8 of   159 ms (  5.1%): <average non-zero>
[25.059s][info][gc,stats      ] 
[25.059s][info][gc,metaspace  ] Metaspace: 57352K->57352K(1099776K)
[25.059s][info][gc,ergo       ] Pacer for Idle. Initial: 10240K, Alloc Tax Rate: 1.0x
[25.202s][info][gc            ] Trigger: Average GC time (81.62 ms) is above the time for allocation rate (1637 MB/s) to deplete free headroom (132M)
[25.202s][info][gc,ergo       ] Free headroom: 157M (free) - 25600K (spike) - 0B (penalties) = 132M
[25.202s][info][gc,ergo       ] Free: 157M, Max: 256K regular, 97792K humongous, Frag: 40% external, 1% internal; Reserve: 25600K, Max: 256K
[25.202s][info][gc,start      ] GC(30) Concurrent reset
[25.202s][info][gc,task       ] GC(30) Using 1 of 1 workers for concurrent reset
[25.202s][info][gc,ergo       ] GC(30) Pacer for Reset. Non-Taxable: 500M
[25.202s][info][gc            ] GC(30) Concurrent reset 0.131ms
[25.204s][info][gc,start      ] GC(30) Pause Init Mark (process weakrefs)
[25.204s][info][gc,task       ] GC(30) Using 1 of 1 workers for init marking
[25.206s][info][gc,ergo       ] GC(30) Pacer for Mark. Expected Live: 100M, Free: 157M, Non-Taxable: 16106K, Alloc Tax Rate: 0.8x
[25.206s][info][gc            ] GC(30) Pause Init Mark (process weakrefs) 1.384ms
[25.206s][info][gc,start      ] GC(30) Concurrent marking (process weakrefs)
[25.206s][info][gc,task       ] GC(30) Using 1 of 1 workers for concurrent marking
[25.246s][info][gc            ] GC(30) Concurrent marking (process weakrefs) 40.311ms
[25.246s][info][gc,start      ] GC(30) Concurrent precleaning
[25.246s][info][gc,task       ] GC(30) Using 1 of 1 workers for concurrent preclean
[25.246s][info][gc,ergo       ] GC(30) Pacer for Precleaning. Non-Taxable: 500M
[25.247s][info][gc            ] GC(30) Concurrent precleaning 0.448ms
[25.247s][info][gc,start      ] GC(30) Pause Final Mark (process weakrefs)
[25.247s][info][gc,task       ] GC(30) Using 1 of 1 workers for final marking
[25.247s][info][gc,ergo       ] GC(30) Collectable Garbage: 284M (97%), Immediate: 284M (97%), CSet: 0B (0%)
[25.247s][info][gc            ] GC(30) Pause Final Mark (process weakrefs) 0.359ms
[25.247s][info][gc,start      ] GC(30) Concurrent cleanup
[25.247s][info][gc            ] GC(30) Concurrent cleanup 338M->54M(500M) 0.082ms
[25.247s][info][gc,ergo       ] GC(30) Free: 419M, Max: 256K regular, 120M humongous, Frag: 72% external, 0% internal; Reserve: 25600K, Max: 256K
[25.247s][info][gc,ergo       ] Free: 419M, Max: 256K regular, 120M humongous, Frag: 72% external, 0% internal; Reserve: 25600K, Max: 256K
[25.247s][info][gc,stats      ] 
[25.247s][info][gc,stats      ] All times are wall-clock times, except per-root-class counters, that are sum over
[25.247s][info][gc,stats      ] all workers. Dividing the <total> over the root stage time estimates parallelism.
[25.247s][info][gc,stats      ] 
[25.247s][info][gc,stats      ] Concurrent Reset                    120 us
[25.247s][info][gc,stats      ] Pause Init Mark (G)                4032 us
[25.247s][info][gc,stats      ] Pause Init Mark (N)                1335 us
[25.247s][info][gc,stats      ]   Accumulate Stats                    8 us
[25.247s][info][gc,stats      ]   Make Parsable                       7 us
[25.247s][info][gc,stats      ]   Update Region States               38 us
[25.247s][info][gc,stats      ]   Scan Roots                       1213 us, parallelism: 0.77x
[25.247s][info][gc,stats      ]     S: <total>                      937 us
[25.247s][info][gc,stats      ]     S: Thread Roots                 284 us, workers (us): 284, 
[25.247s][info][gc,stats      ]     S: Universe Roots                 2 us, workers (us):   2, 
[25.247s][info][gc,stats      ]     S: JNI Handles Roots              2 us, workers (us):   2, 
[25.247s][info][gc,stats      ]     S: Synchronizer Roots             0 us, workers (us):   0, 
[25.247s][info][gc,stats      ]     S: Management Roots               2 us, workers (us):   2, 
[25.247s][info][gc,stats      ]     S: System Dict Roots             13 us, workers (us):  13, 
[25.247s][info][gc,stats      ]     S: CLDG Roots                   634 us, workers (us): 634, 
[25.247s][info][gc,stats      ]     S: JVMTI Roots                    1 us, workers (us):   1, 
[25.247s][info][gc,stats      ]   Resize TLABs                        7 us
[25.247s][info][gc,stats      ] Concurrent Marking                40298 us
[25.247s][info][gc,stats      ] Concurrent Precleaning              442 us
[25.247s][info][gc,stats      ] Pause Final Mark (G)                463 us
[25.247s][info][gc,stats      ] Pause Final Mark (N)                348 us
[25.247s][info][gc,stats      ]   Finish Queues                       9 us
[25.247s][info][gc,stats      ]   Weak References                    13 us
[25.247s][info][gc,stats      ]     Process                          10 us
[25.247s][info][gc,stats      ]   System Purge                      269 us
[25.247s][info][gc,stats      ]     Weak Roots                      268 us
[25.247s][info][gc,stats      ]   Update Region States               26 us
[25.247s][info][gc,stats      ]   Retire TLABs                        4 us
[25.247s][info][gc,stats      ]   Choose Collection Set              15 us
[25.247s][info][gc,stats      ]   Rebuild Free Set                    7 us
[25.247s][info][gc,stats      ] Concurrent Cleanup                   76 us
[25.247s][info][gc,stats      ] Pacing                             7180 us
[25.247s][info][gc,stats      ] 
[25.247s][info][gc,stats      ] Allocation pacing accrued:
[25.247s][info][gc,stats      ]       7 of   188 ms (  3.8%): Executor task launch worker for task 0.0 in stage 1.0 (TID 1)
[25.247s][info][gc,stats      ]       7 of   188 ms (  3.8%): <total>
[25.247s][info][gc,stats      ]       0 of   188 ms (  0.1%): <average total>
[25.247s][info][gc,stats      ]       7 of   188 ms (  3.8%): <average non-zero>
[25.247s][info][gc,stats      ] 
[25.247s][info][gc,metaspace  ] Metaspace: 57352K->57352K(1099776K)
[25.247s][info][gc,ergo       ] Pacer for Idle. Initial: 10240K, Alloc Tax Rate: 1.0x
[25.398s][info][gc            ] Trigger: Average GC time (69.36 ms) is above the time for allocation rate (1581 MB/s) to deplete free headroom (105M)
[25.398s][info][gc,ergo       ] Free headroom: 130M (free) - 25600K (spike) - 0B (penalties) = 105M
[25.398s][info][gc,ergo       ] Free: 130M, Max: 256K regular, 70656K humongous, Frag: 48% external, 1% internal; Reserve: 25600K, Max: 256K
[25.398s][info][gc,start      ] GC(31) Concurrent reset
[25.398s][info][gc,task       ] GC(31) Using 1 of 1 workers for concurrent reset
[25.398s][info][gc,ergo       ] GC(31) Pacer for Reset. Non-Taxable: 500M
[25.398s][info][gc            ] GC(31) Concurrent reset 0.109ms
[25.401s][info][gc,start      ] GC(31) Pause Init Mark
[25.401s][info][gc,task       ] GC(31) Using 1 of 1 workers for init marking
[25.402s][info][gc,ergo       ] GC(31) Pacer for Mark. Expected Live: 83609K, Free: 130M, Non-Taxable: 13392K, Alloc Tax Rate: 0.8x
[25.402s][info][gc            ] GC(31) Pause Init Mark 1.798ms
[25.402s][info][gc,start      ] GC(31) Concurrent marking
[25.402s][info][gc,task       ] GC(31) Using 1 of 1 workers for concurrent marking
[25.431s][info][gc            ] GC(31) Concurrent marking 28.456ms
[25.431s][info][gc,start      ] GC(31) Pause Final Mark
[25.431s][info][gc,task       ] GC(31) Using 1 of 1 workers for final marking
[25.431s][info][gc,ergo       ] GC(31) Collectable Garbage: 310M (97%), Immediate: 310M (97%), CSet: 0B (0%)
[25.431s][info][gc            ] GC(31) Pause Final Mark 0.361ms
[25.431s][info][gc,start      ] GC(31) Concurrent cleanup
[25.431s][info][gc            ] GC(31) Concurrent cleanup 362M->52M(500M) 0.099ms
[25.431s][info][gc,ergo       ] GC(31) Free: 422M, Max: 256K regular, 129M humongous, Frag: 70% external, 0% internal; Reserve: 25600K, Max: 256K
[25.431s][info][gc,ergo       ] Free: 422M, Max: 256K regular, 129M humongous, Frag: 70% external, 0% internal; Reserve: 25600K, Max: 256K
[25.431s][info][gc,stats      ] 
[25.432s][info][gc,stats      ] All times are wall-clock times, except per-root-class counters, that are sum over
[25.432s][info][gc,stats      ] all workers. Dividing the <total> over the root stage time estimates parallelism.
[25.432s][info][gc,stats      ] 
[25.432s][info][gc,stats      ] Concurrent Reset                    102 us
[25.432s][info][gc,stats      ] Pause Init Mark (G)                4012 us
[25.432s][info][gc,stats      ] Pause Init Mark (N)                1760 us
[25.432s][info][gc,stats      ]   Accumulate Stats                    9 us
[25.432s][info][gc,stats      ]   Make Parsable                       7 us
[25.432s][info][gc,stats      ]   Update Region States               47 us
[25.432s][info][gc,stats      ]   Scan Roots                       1642 us, parallelism: 0.82x
[25.432s][info][gc,stats      ]     S: <total>                     1353 us
[25.432s][info][gc,stats      ]     S: Thread Roots                 487 us, workers (us): 487, 
[25.432s][info][gc,stats      ]     S: Universe Roots                 3 us, workers (us):   3, 
[25.432s][info][gc,stats      ]     S: JNI Handles Roots              2 us, workers (us):   2, 
[25.432s][info][gc,stats      ]     S: Synchronizer Roots             0 us, workers (us):   0, 
[25.432s][info][gc,stats      ]     S: Management Roots               2 us, workers (us):   2, 
[25.432s][info][gc,stats      ]     S: System Dict Roots             16 us, workers (us):  16, 
[25.432s][info][gc,stats      ]     S: CLDG Roots                   842 us, workers (us): 842, 
[25.432s][info][gc,stats      ]     S: JVMTI Roots                    1 us, workers (us):   1, 
[25.432s][info][gc,stats      ]   Resize TLABs                        8 us
[25.432s][info][gc,stats      ] Concurrent Marking                28440 us
[25.432s][info][gc,stats      ] Pause Final Mark (G)                419 us
[25.432s][info][gc,stats      ] Pause Final Mark (N)                341 us
[25.432s][info][gc,stats      ]   Finish Queues                      10 us
[25.432s][info][gc,stats      ]   System Purge                      271 us
[25.432s][info][gc,stats      ]     Weak Roots                      270 us
[25.432s][info][gc,stats      ]   Update Region States               25 us
[25.432s][info][gc,stats      ]   Retire TLABs                        6 us
[25.432s][info][gc,stats      ]   Choose Collection Set              16 us
[25.432s][info][gc,stats      ]   Rebuild Free Set                    7 us
[25.432s][info][gc,stats      ] Concurrent Cleanup                   92 us
[25.432s][info][gc,stats      ] Pacing                             3165 us
[25.432s][info][gc,stats      ] 
[25.432s][info][gc,stats      ] Allocation pacing accrued:
[25.432s][info][gc,stats      ]       3 of   184 ms (  1.7%): Executor task launch worker for task 0.0 in stage 1.0 (TID 1)
[25.432s][info][gc,stats      ]       3 of   184 ms (  1.7%): <total>
[25.432s][info][gc,stats      ]       0 of   184 ms (  0.0%): <average total>
[25.432s][info][gc,stats      ]       3 of   184 ms (  1.7%): <average non-zero>
[25.432s][info][gc,stats      ] 
[25.432s][info][gc,metaspace  ] Metaspace: 57352K->57352K(1099776K)
[25.432s][info][gc,ergo       ] Pacer for Idle. Initial: 10240K, Alloc Tax Rate: 1.0x
[25.598s][info][gc            ] Trigger: Average GC time (58.76 ms) is above the time for allocation rate (1629 MB/s) to deplete free headroom (94246K)
[25.598s][info][gc,ergo       ] Free headroom: 117M (free) - 25600K (spike) - 0B (penalties) = 94246K
[25.598s][info][gc,ergo       ] Free: 117M, Max: 256K regular, 50688K humongous, Frag: 58% external, 1% internal; Reserve: 25600K, Max: 256K
[25.598s][info][gc,start      ] GC(32) Concurrent reset
[25.598s][info][gc,task       ] GC(32) Using 1 of 1 workers for concurrent reset
[25.598s][info][gc,ergo       ] GC(32) Pacer for Reset. Non-Taxable: 500M
[25.598s][info][gc            ] GC(32) Concurrent reset 0.111ms
[25.600s][info][gc,start      ] GC(32) Pause Init Mark
[25.600s][info][gc,task       ] GC(32) Using 1 of 1 workers for init marking
[25.601s][info][gc,ergo       ] GC(32) Pacer for Mark. Expected Live: 64081K, Free: 117M, Non-Taxable: 11984K, Alloc Tax Rate: 0.7x
[25.601s][info][gc            ] GC(32) Pause Init Mark 1.069ms
[25.601s][info][gc,start      ] GC(32) Concurrent marking
[25.601s][info][gc,task       ] GC(32) Using 1 of 1 workers for concurrent marking
[25.628s][info][gc            ] GC(32) Concurrent marking 27.211ms
[25.628s][info][gc,start      ] GC(32) Pause Final Mark
[25.628s][info][gc,task       ] GC(32) Using 1 of 1 workers for final marking
[25.629s][info][gc,ergo       ] GC(32) Collectable Garbage: 324M (97%), Immediate: 324M (97%), CSet: 0B (0%)
[25.629s][info][gc            ] GC(32) Pause Final Mark 0.313ms
[25.629s][info][gc,start      ] GC(32) Concurrent cleanup
[25.629s][info][gc            ] GC(32) Concurrent cleanup 376M->51M(500M) 0.088ms
[25.629s][info][gc,ergo       ] GC(32) Free: 422M, Max: 256K regular, 112M humongous, Frag: 74% external, 0% internal; Reserve: 25600K, Max: 256K
[25.629s][info][gc,ergo       ] Free: 422M, Max: 256K regular, 112M humongous, Frag: 74% external, 0% internal; Reserve: 25600K, Max: 256K
[25.629s][info][gc,stats      ] 
[25.629s][info][gc,stats      ] All times are wall-clock times, except per-root-class counters, that are sum over
[25.629s][info][gc,stats      ] all workers. Dividing the <total> over the root stage time estimates parallelism.
[25.629s][info][gc,stats      ] 
[25.629s][info][gc,stats      ] Concurrent Reset                    104 us
[25.629s][info][gc,stats      ] Pause Init Mark (G)                3196 us
[25.629s][info][gc,stats      ] Pause Init Mark (N)                1052 us
[25.629s][info][gc,stats      ]   Accumulate Stats                    7 us
[25.629s][info][gc,stats      ]   Make Parsable                       5 us
[25.629s][info][gc,stats      ]   Update Region States               20 us
[25.629s][info][gc,stats      ]   Scan Roots                        995 us, parallelism: 0.75x
[25.629s][info][gc,stats      ]     S: <total>                      749 us
[25.629s][info][gc,stats      ]     S: Thread Roots                 220 us, workers (us): 220, 
[25.629s][info][gc,stats      ]     S: Universe Roots                 2 us, workers (us):   2, 
[25.629s][info][gc,stats      ]     S: JNI Handles Roots              1 us, workers (us):   1, 
[25.629s][info][gc,stats      ]     S: Synchronizer Roots             0 us, workers (us):   0, 
[25.629s][info][gc,stats      ]     S: Management Roots               1 us, workers (us):   1, 
[25.629s][info][gc,stats      ]     S: System Dict Roots             10 us, workers (us):  10, 
[25.629s][info][gc,stats      ]     S: CLDG Roots                   514 us, workers (us): 514, 
[25.629s][info][gc,stats      ]     S: JVMTI Roots                    0 us, workers (us):   0, 
[25.629s][info][gc,stats      ]   Resize TLABs                        3 us
[25.629s][info][gc,stats      ] Concurrent Marking                27203 us
[25.629s][info][gc,stats      ] Pause Final Mark (G)                368 us
[25.629s][info][gc,stats      ] Pause Final Mark (N)                304 us
[25.629s][info][gc,stats      ]   Finish Queues                       9 us
[25.629s][info][gc,stats      ]   System Purge                      234 us
[25.629s][info][gc,stats      ]     Weak Roots                      234 us
[25.629s][info][gc,stats      ]   Update Region States               26 us
[25.629s][info][gc,stats      ]   Retire TLABs                        5 us
[25.629s][info][gc,stats      ]   Choose Collection Set              17 us
[25.629s][info][gc,stats      ]   Rebuild Free Set                    7 us
[25.629s][info][gc,stats      ] Concurrent Cleanup                   82 us
[25.629s][info][gc,stats      ] Pacing                             7024 us
[25.629s][info][gc,stats      ] 
[25.629s][info][gc,stats      ] Allocation pacing accrued:
[25.629s][info][gc,stats      ]       7 of   197 ms (  3.6%): Executor task launch worker for task 0.0 in stage 1.0 (TID 1)
[25.629s][info][gc,stats      ]       7 of   197 ms (  3.6%): <total>
[25.629s][info][gc,stats      ]       0 of   197 ms (  0.1%): <average total>
[25.629s][info][gc,stats      ]       7 of   197 ms (  3.6%): <average non-zero>
[25.629s][info][gc,stats      ] 
[25.629s][info][gc,metaspace  ] Metaspace: 57352K->57352K(1099776K)
[25.629s][info][gc,ergo       ] Pacer for Idle. Initial: 10240K, Alloc Tax Rate: 1.0x
[26.366s][info][gc            ] Trigger: Explicit GC request (System.gc())
[26.366s][info][gc,ergo       ] Free: 178M, Max: 256K regular, 61184K humongous, Frag: 67% external, 0% internal; Reserve: 25600K, Max: 256K
[26.366s][info][gc,start      ] GC(33) Concurrent reset
[26.366s][info][gc,task       ] GC(33) Using 1 of 1 workers for concurrent reset
[26.366s][info][gc,ergo       ] GC(33) Pacer for Reset. Non-Taxable: 500M
[26.366s][info][gc            ] GC(33) Concurrent reset 0.121ms
[26.366s][info][gc,start      ] GC(33) Pause Init Mark (process weakrefs) (unload classes)
[26.366s][info][gc,task       ] GC(33) Using 1 of 1 workers for init marking
[26.367s][info][gc,ergo       ] GC(33) Pacer for Mark. Expected Live: 44553K, Free: 178M, Non-Taxable: 18282K, Alloc Tax Rate: 0.3x
[26.367s][info][gc            ] GC(33) Pause Init Mark (process weakrefs) (unload classes) 0.695ms
[26.367s][info][gc,start      ] GC(33) Concurrent marking (process weakrefs) (unload classes)
[26.367s][info][gc,task       ] GC(33) Using 1 of 1 workers for concurrent marking
[26.408s][info][gc            ] GC(33) Concurrent marking (process weakrefs) (unload classes) 40.951ms
[26.408s][info][gc,start      ] GC(33) Concurrent precleaning
[26.408s][info][gc,task       ] GC(33) Using 1 of 1 workers for concurrent preclean
[26.408s][info][gc,ergo       ] GC(33) Pacer for Precleaning. Non-Taxable: 500M
[26.408s][info][gc            ] GC(33) Concurrent precleaning 0.327ms
[26.408s][info][gc,start      ] GC(33) Pause Final Mark (process weakrefs) (unload classes)
[26.408s][info][gc,task       ] GC(33) Using 1 of 1 workers for final marking
[26.462s][info][gc,stringtable] GC(33) Cleaned string and symbol table, strings: 18341 processed, 0 removed, symbols: 131530 processed, 46 removed
[26.467s][info][gc,ergo       ] GC(33) Collectable Garbage: 252M (92%), Immediate: 252M (92%), CSet: 0B (0%)
[26.467s][info][gc            ] GC(33) Pause Final Mark (process weakrefs) (unload classes) 58.368ms
[26.467s][info][gc,start      ] GC(33) Concurrent cleanup
[26.467s][info][gc            ] GC(33) Concurrent cleanup 295M->42M(500M) 0.081ms
[26.467s][info][gc,ergo       ] GC(33) Free: 431M, Max: 256K regular, 136M humongous, Frag: 69% external, 0% internal; Reserve: 25600K, Max: 256K
[26.467s][info][gc,ergo       ] Free: 431M, Max: 256K regular, 136M humongous, Frag: 69% external, 0% internal; Reserve: 25600K, Max: 256K
[26.467s][info][gc,stats      ] 
[26.467s][info][gc,stats      ] All times are wall-clock times, except per-root-class counters, that are sum over
[26.467s][info][gc,stats      ] all workers. Dividing the <total> over the root stage time estimates parallelism.
[26.467s][info][gc,stats      ] 
[26.467s][info][gc,stats      ] Concurrent Reset                    107 us
[26.467s][info][gc,stats      ] Pause Init Mark (G)                 812 us
[26.467s][info][gc,stats      ] Pause Init Mark (N)                 687 us
[26.467s][info][gc,stats      ]   Accumulate Stats                    7 us
[26.467s][info][gc,stats      ]   Make Parsable                      10 us
[26.467s][info][gc,stats      ]   Update Region States               20 us
[26.467s][info][gc,stats      ]   Scan Roots                        626 us, parallelism: 0.56x
[26.467s][info][gc,stats      ]     S: <total>                      349 us
[26.467s][info][gc,stats      ]     S: Thread Roots                 241 us, workers (us): 241, 
[26.467s][info][gc,stats      ]     S: Universe Roots                 2 us, workers (us):   2, 
[26.467s][info][gc,stats      ]     S: JNI Handles Roots              1 us, workers (us):   1, 
[26.467s][info][gc,stats      ]     S: Synchronizer Roots             0 us, workers (us):   0, 
[26.467s][info][gc,stats      ]     S: Management Roots               1 us, workers (us):   1, 
[26.467s][info][gc,stats      ]     S: System Dict Roots             11 us, workers (us):  11, 
[26.467s][info][gc,stats      ]     S: CLDG Roots                    91 us, workers (us):  91, 
[26.467s][info][gc,stats      ]     S: JVMTI Roots                    0 us, workers (us):   0, 
[26.467s][info][gc,stats      ]   Resize TLABs                        3 us
[26.467s][info][gc,stats      ] Concurrent Marking                40943 us
[26.467s][info][gc,stats      ] Concurrent Precleaning              321 us
[26.467s][info][gc,stats      ] Pause Final Mark (G)              58492 us
[26.467s][info][gc,stats      ] Pause Final Mark (N)              58359 us
[26.467s][info][gc,stats      ]   Finish Queues                      39 us
[26.467s][info][gc,stats      ]   Weak References                    89 us
[26.467s][info][gc,stats      ]     Process                          87 us
[26.467s][info][gc,stats      ]   System Purge                      327 us
[26.467s][info][gc,stats      ]     Unload Classes                 1140 us
[26.467s][info][gc,stats      ]     Cleanup                       51685 us, parallelism: 1.00x
[26.467s][info][gc,stats      ]       CU: <total>                 51581 us
[26.467s][info][gc,stats      ]       CU: Code Cache Roots        16485 us, workers (us): 16485, 
[26.467s][info][gc,stats      ]       CU: Code Cache Cleaning      2895 us, workers (us): 2895, 
[26.467s][info][gc,stats      ]       CU: String Table Roots      18993 us, workers (us): 18993, 
[26.467s][info][gc,stats      ]       CU: Resolved Table Roots      267 us, workers (us): 267, 
[26.467s][info][gc,stats      ]       CU: CLDG Roots              12941 us, workers (us): 12941, 
[26.467s][info][gc,stats      ]     Weak Roots                      327 us
[26.467s][info][gc,stats      ]     CLDG                            268 us
[26.467s][info][gc,stats      ]   Update Region States             4714 us
[26.467s][info][gc,stats      ]   Retire TLABs                       21 us
[26.467s][info][gc,stats      ]   Choose Collection Set              59 us
[26.467s][info][gc,stats      ]   Rebuild Free Set                    9 us
[26.467s][info][gc,stats      ] Concurrent Cleanup                   71 us
[26.467s][info][gc,stats      ] Pacing                             8762 us
[26.467s][info][gc,stats      ] 
[26.467s][info][gc,stats      ] Allocation pacing accrued:
[26.467s][info][gc,stats      ]       9 of   838 ms (  1.0%): Executor task launch worker for task 0.0 in stage 2.0 (TID 2)
[26.467s][info][gc,stats      ]       9 of   838 ms (  1.0%): <total>
[26.467s][info][gc,stats      ]       0 of   838 ms (  0.0%): <average total>
[26.467s][info][gc,stats      ]       9 of   838 ms (  1.0%): <average non-zero>
[26.467s][info][gc,stats      ] 
[26.467s][info][gc,metaspace  ] Metaspace: 59930K->59432K(1103872K)
[26.467s][info][gc,ergo       ] Pacer for Idle. Initial: 10240K, Alloc Tax Rate: 1.0x
[26.467s][info][gc,start      ] Concurrent uncommit
[26.509s][info][gc            ] Concurrent uncommit 42M->42M(43M) 41.869ms
[26.976s][info][gc            ] Trigger: Learning 2 of 5. Free (349M) is below initial threshold (350M)
[26.976s][info][gc,ergo       ] Free: 349M, Max: 256K regular, 136M humongous, Frag: 61% external, 0% internal; Reserve: 25600K, Max: 256K
[26.976s][info][gc,start      ] GC(34) Concurrent reset
[26.976s][info][gc,task       ] GC(34) Using 1 of 1 workers for concurrent reset
[26.976s][info][gc,ergo       ] GC(34) Pacer for Reset. Non-Taxable: 500M
[26.976s][info][gc            ] GC(34) Concurrent reset 0.139ms
[26.981s][info][gc,start      ] GC(34) Pause Init Mark
[26.981s][info][gc,task       ] GC(34) Using 1 of 1 workers for init marking
[26.982s][info][gc,ergo       ] GC(34) Pacer for Mark. Expected Live: 24707K, Free: 349M, Non-Taxable: 35741K, Alloc Tax Rate: 0.1x
[26.982s][info][gc            ] GC(34) Pause Init Mark 1.419ms
[26.982s][info][gc,start      ] GC(34) Concurrent marking
[26.982s][info][gc,task       ] GC(34) Using 1 of 1 workers for concurrent marking
[27.069s][info][gc            ] GC(34) Concurrent marking 86.465ms
[27.071s][info][gc,start      ] GC(34) Pause Final Mark
[27.071s][info][gc,task       ] GC(34) Using 1 of 1 workers for final marking
[27.072s][info][gc,ergo       ] GC(34) Adaptive CSet Selection. Target Free: 72533K, Actual Free: 362M, Max CSet: 21333K, Min Garbage: 0B
[27.072s][info][gc,ergo       ] GC(34) Collectable Garbage: 96053K (98%), Immediate: 6938K (7%), CSet: 89115K (91%)
[27.074s][info][gc,ergo       ] GC(34) Pacer for Evacuation. Used CSet: 96025K, Free: 339M, Non-Taxable: 34739K, Alloc Tax Rate: 1.1x
[27.074s][info][gc            ] GC(34) Pause Final Mark 2.959ms
[27.074s][info][gc,start      ] GC(34) Concurrent cleanup
[27.074s][info][gc            ] GC(34) Concurrent cleanup 141M->134M(144M) 0.044ms
[27.074s][info][gc,ergo       ] GC(34) Free: 339M, Max: 256K regular, 136M humongous, Frag: 60% external, 0% internal; Reserve: 25088K, Max: 256K
[27.074s][info][gc,start      ] GC(34) Concurrent evacuation
[27.074s][info][gc,task       ] GC(34) Using 1 of 1 workers for concurrent evacuation
[27.096s][info][gc            ] GC(34) Concurrent evacuation 21.546ms
[27.099s][info][gc,start      ] GC(34) Pause Init Update Refs
[27.099s][info][gc,ergo       ] GC(34) Pacer for Update Refs. Used: 146M, Free: 333M, Non-Taxable: 34176K, Alloc Tax Rate: 1.1x
[27.099s][info][gc            ] GC(34) Pause Init Update Refs 0.060ms
[27.099s][info][gc,start      ] GC(34) Concurrent update references
[27.099s][info][gc,task       ] GC(34) Using 1 of 1 workers for concurrent reference update
[27.173s][info][gc            ] GC(34) Concurrent update references 74.344ms
[27.178s][info][gc,start      ] GC(34) Pause Final Update Refs
[27.178s][info][gc,task       ] GC(34) Using 1 of 1 workers for final reference update
[27.178s][info][gc            ] GC(34) Pause Final Update Refs 0.378ms
[27.178s][info][gc,start      ] GC(34) Concurrent cleanup
[27.178s][info][gc            ] GC(34) Concurrent cleanup 164M->70M(165M) 0.055ms
[27.178s][info][gc,ergo       ] Free: 403M, Max: 256K regular, 329M humongous, Frag: 19% external, 0% internal; Reserve: 25600K, Max: 256K
[27.178s][info][gc,stats      ] 
[27.178s][info][gc,stats      ] All times are wall-clock times, except per-root-class counters, that are sum over
[27.178s][info][gc,stats      ] all workers. Dividing the <total> over the root stage time estimates parallelism.
[27.178s][info][gc,stats      ] 
[27.178s][info][gc,stats      ] Concurrent Reset                    124 us
[27.178s][info][gc,stats      ] Pause Init Mark (G)                6146 us
[27.178s][info][gc,stats      ] Pause Init Mark (N)                1369 us
[27.178s][info][gc,stats      ]   Accumulate Stats                   10 us
[27.178s][info][gc,stats      ]   Make Parsable                      16 us
[27.178s][info][gc,stats      ]   Update Region States               43 us
[27.178s][info][gc,stats      ]   Scan Roots                       1258 us, parallelism: 0.78x
[27.178s][info][gc,stats      ]     S: <total>                      987 us
[27.178s][info][gc,stats      ]     S: Thread Roots                 353 us, workers (us): 353, 
[27.178s][info][gc,stats      ]     S: Universe Roots                 3 us, workers (us):   3, 
[27.178s][info][gc,stats      ]     S: JNI Handles Roots              1 us, workers (us):   1, 
[27.178s][info][gc,stats      ]     S: Synchronizer Roots             0 us, workers (us):   0, 
[27.178s][info][gc,stats      ]     S: Management Roots               2 us, workers (us):   2, 
[27.178s][info][gc,stats      ]     S: System Dict Roots             13 us, workers (us):  13, 
[27.178s][info][gc,stats      ]     S: CLDG Roots                   614 us, workers (us): 614, 
[27.178s][info][gc,stats      ]     S: JVMTI Roots                    1 us, workers (us):   1, 
[27.178s][info][gc,stats      ]   Resize TLABs                        6 us
[27.178s][info][gc,stats      ] Concurrent Marking                86456 us
[27.179s][info][gc,stats      ] Pause Final Mark (G)               5566 us
[27.179s][info][gc,stats      ] Pause Final Mark (N)               2921 us
[27.179s][info][gc,stats      ]   Finish Queues                      20 us
[27.179s][info][gc,stats      ]   System Purge                      324 us
[27.179s][info][gc,stats      ]     Weak Roots                      323 us
[27.179s][info][gc,stats      ]   Update Region States               31 us
[27.179s][info][gc,stats      ]   Retire TLABs                        9 us
[27.179s][info][gc,stats      ]   Choose Collection Set              71 us
[27.179s][info][gc,stats      ]   Rebuild Free Set                    7 us
[27.179s][info][gc,stats      ]   Initial Evacuation               2452 us, parallelism: 0.59x
[27.179s][info][gc,stats      ]     E: <total>                     1439 us
[27.179s][info][gc,stats      ]     E: Thread Roots                 331 us, workers (us): 331, 
[27.179s][info][gc,stats      ]     E: Code Cache Roots             379 us, workers (us): 379, 
[27.179s][info][gc,stats      ]     E: Universe Roots                 1 us, workers (us):   1, 
[27.179s][info][gc,stats      ]     E: JNI Handles Roots              1 us, workers (us):   1, 
[27.179s][info][gc,stats      ]     E: Synchronizer Roots             0 us, workers (us):   0, 
[27.179s][info][gc,stats      ]     E: Management Roots               1 us, workers (us):   1, 
[27.179s][info][gc,stats      ]     E: System Dict Roots             30 us, workers (us):  30, 
[27.179s][info][gc,stats      ]     E: CLDG Roots                   694 us, workers (us): 694, 
[27.179s][info][gc,stats      ]     E: JVMTI Roots                    1 us, workers (us):   1, 
[27.179s][info][gc,stats      ] Concurrent Cleanup                   36 us
[27.179s][info][gc,stats      ] Concurrent Evacuation             21530 us
[27.179s][info][gc,stats      ] Pause Init  Update Refs (G)        3098 us
[27.179s][info][gc,stats      ] Pause Init  Update Refs (N)          15 us
[27.179s][info][gc,stats      ]   Retire GCLABs                       7 us
[27.179s][info][gc,stats      ] Concurrent Update Refs            74329 us
[27.179s][info][gc,stats      ] Pause Final Update Refs (G)        5022 us
[27.179s][info][gc,stats      ] Pause Final Update Refs (N)         328 us
[27.179s][info][gc,stats      ]   Update Roots                      281 us, parallelism: 0.97x
[27.179s][info][gc,stats      ]     UR: <total>                     272 us
[27.179s][info][gc,stats      ]     UR: Thread Roots                272 us, workers (us): 272, 
[27.179s][info][gc,stats      ]   Update Region States               28 us
[27.179s][info][gc,stats      ]   Trash Collection Set                3 us
[27.179s][info][gc,stats      ]   Rebuild Free Set                    8 us
[27.179s][info][gc,stats      ] Concurrent Cleanup                   48 us
[27.179s][info][gc,stats      ] 
[27.179s][info][gc,stats      ] Allocation pacing accrued:
[27.179s][info][gc,stats      ]       0 of   712 ms (  0.0%): <total>
[27.179s][info][gc,stats      ]       0 of   712 ms (  0.0%): <average total>
[27.179s][info][gc,stats      ] 
[27.179s][info][gc,metaspace  ] Metaspace: 59843K->59843K(1103872K)
[27.179s][info][gc,ergo       ] Pacer for Idle. Initial: 10240K, Alloc Tax Rate: 1.0x
[27.320s][info][gc            ] Trigger: Learning 3 of 5. Free (348M) is below initial threshold (350M)
[27.321s][info][gc,ergo       ] Free: 348M, Max: 256K regular, 329M humongous, Frag: 6% external, 0% internal; Reserve: 25600K, Max: 256K
[27.321s][info][gc,start      ] GC(35) Concurrent reset
[27.321s][info][gc,task       ] GC(35) Using 1 of 1 workers for concurrent reset
[27.321s][info][gc,ergo       ] GC(35) Pacer for Reset. Non-Taxable: 500M
[27.321s][info][gc            ] GC(35) Concurrent reset 0.215ms
[27.325s][info][gc,start      ] GC(35) Pause Init Mark (process weakrefs)
[27.326s][info][gc,task       ] GC(35) Using 1 of 1 workers for init marking
[27.327s][info][gc,ergo       ] GC(35) Pacer for Mark. Expected Live: 25368K, Free: 348M, Non-Taxable: 35686K, Alloc Tax Rate: 0.1x
[27.327s][info][gc            ] GC(35) Pause Init Mark (process weakrefs) 1.342ms
[27.327s][info][gc,start      ] GC(35) Concurrent marking (process weakrefs)
[27.327s][info][gc,task       ] GC(35) Using 1 of 1 workers for concurrent marking
[27.433s][info][gc            ] GC(35) Concurrent marking (process weakrefs) 106.105ms
[27.433s][info][gc,start      ] GC(35) Concurrent precleaning
[27.433s][info][gc,task       ] GC(35) Using 1 of 1 workers for concurrent preclean
[27.433s][info][gc,ergo       ] GC(35) Pacer for Precleaning. Non-Taxable: 500M
[27.434s][info][gc            ] GC(35) Concurrent precleaning 0.515ms
[27.434s][info][gc,start      ] GC(35) Pause Final Mark (process weakrefs)
[27.434s][info][gc,task       ] GC(35) Using 1 of 1 workers for final marking
[27.434s][info][gc,ergo       ] GC(35) Adaptive CSet Selection. Target Free: 72533K, Actual Free: 345M, Max CSet: 21333K, Min Garbage: 0B
[27.434s][info][gc,ergo       ] GC(35) Collectable Garbage: 90864K (98%), Immediate: 256K (0%), CSet: 90608K (97%)
[27.436s][info][gc,ergo       ] GC(35) Pacer for Evacuation. Used CSet: 97536K, Free: 321M, Non-Taxable: 32870K, Alloc Tax Rate: 1.1x
[27.436s][info][gc            ] GC(35) Pause Final Mark (process weakrefs) 1.967ms
[27.436s][info][gc,start      ] GC(35) Concurrent cleanup
[27.436s][info][gc            ] GC(35) Concurrent cleanup 152M->152M(174M) 0.042ms
[27.436s][info][gc,ergo       ] GC(35) Free: 321M, Max: 256K regular, 320M humongous, Frag: 1% external, 0% internal; Reserve: 25600K, Max: 256K
[27.436s][info][gc,start      ] GC(35) Concurrent evacuation
[27.436s][info][gc,task       ] GC(35) Using 1 of 1 workers for concurrent evacuation
[27.456s][info][gc            ] GC(35) Concurrent evacuation 20.753ms
[27.459s][info][gc,start      ] GC(35) Pause Init Update Refs
[27.459s][info][gc,ergo       ] GC(35) Pacer for Update Refs. Used: 164M, Free: 316M, Non-Taxable: 32409K, Alloc Tax Rate: 1.1x
[27.459s][info][gc            ] GC(35) Pause Init Update Refs 0.060ms
[27.459s][info][gc,start      ] GC(35) Concurrent update references
[27.459s][info][gc,task       ] GC(35) Using 1 of 1 workers for concurrent reference update
[27.573s][info][gc            ] GC(35) Concurrent update references 114.059ms
[27.576s][info][gc,start      ] GC(35) Pause Final Update Refs
[27.576s][info][gc,task       ] GC(35) Using 1 of 1 workers for final reference update
[27.576s][info][gc            ] GC(35) Pause Final Update Refs 0.375ms
[27.576s][info][gc,start      ] GC(35) Concurrent cleanup
[27.576s][info][gc            ] GC(35) Concurrent cleanup 188M->92M(204M) 0.055ms
[27.576s][info][gc,ergo       ] Free: 380M, Max: 256K regular, 285M humongous, Frag: 25% external, 0% internal; Reserve: 25600K, Max: 256K
[27.576s][info][gc,stats      ] 
[27.576s][info][gc,stats      ] All times are wall-clock times, except per-root-class counters, that are sum over
[27.576s][info][gc,stats      ] all workers. Dividing the <total> over the root stage time estimates parallelism.
[27.576s][info][gc,stats      ] 
[27.576s][info][gc,stats      ] Concurrent Reset                    196 us
[27.576s][info][gc,stats      ] Pause Init Mark (G)                6080 us
[27.576s][info][gc,stats      ] Pause Init Mark (N)                1292 us
[27.576s][info][gc,stats      ]   Accumulate Stats                    9 us
[27.576s][info][gc,stats      ]   Make Parsable                       7 us
[27.576s][info][gc,stats      ]   Update Region States               33 us
[27.576s][info][gc,stats      ]   Scan Roots                       1202 us, parallelism: 0.78x
[27.576s][info][gc,stats      ]     S: <total>                      936 us
[27.576s][info][gc,stats      ]     S: Thread Roots                 317 us, workers (us): 317, 
[27.576s][info][gc,stats      ]     S: Universe Roots                 3 us, workers (us):   3, 
[27.576s][info][gc,stats      ]     S: JNI Handles Roots              1 us, workers (us):   1, 
[27.576s][info][gc,stats      ]     S: Synchronizer Roots             0 us, workers (us):   0, 
[27.576s][info][gc,stats      ]     S: Management Roots               1 us, workers (us):   1, 
[27.576s][info][gc,stats      ]     S: System Dict Roots             24 us, workers (us):  24, 
[27.576s][info][gc,stats      ]     S: CLDG Roots                   589 us, workers (us): 589, 
[27.576s][info][gc,stats      ]     S: JVMTI Roots                    0 us, workers (us):   0, 
[27.576s][info][gc,stats      ]   Resize TLABs                        6 us
[27.576s][info][gc,stats      ] Concurrent Marking               106097 us
[27.576s][info][gc,stats      ] Concurrent Precleaning              507 us
[27.576s][info][gc,stats      ] Pause Final Mark (G)               2061 us
[27.576s][info][gc,stats      ] Pause Final Mark (N)               1959 us
[27.576s][info][gc,stats      ]   Finish Queues                      10 us
[27.576s][info][gc,stats      ]   Weak References                    19 us
[27.576s][info][gc,stats      ]     Process                          17 us
[27.576s][info][gc,stats      ]   System Purge                      318 us
[27.576s][info][gc,stats      ]     Weak Roots                      318 us
[27.576s][info][gc,stats      ]   Update Region States               29 us
[27.576s][info][gc,stats      ]   Retire TLABs                       11 us
[27.576s][info][gc,stats      ]   Choose Collection Set              72 us
[27.576s][info][gc,stats      ]   Rebuild Free Set                    7 us
[27.576s][info][gc,stats      ]   Initial Evacuation               1488 us, parallelism: 0.62x
[27.576s][info][gc,stats      ]     E: <total>                      923 us
[27.576s][info][gc,stats      ]     E: Thread Roots                 292 us, workers (us): 292, 
[27.576s][info][gc,stats      ]     E: Code Cache Roots             148 us, workers (us): 148, 
[27.576s][info][gc,stats      ]     E: Universe Roots                 1 us, workers (us):   1, 
[27.576s][info][gc,stats      ]     E: JNI Handles Roots              1 us, workers (us):   1, 
[27.576s][info][gc,stats      ]     E: Synchronizer Roots             0 us, workers (us):   0, 
[27.576s][info][gc,stats      ]     E: Management Roots               1 us, workers (us):   1, 
[27.576s][info][gc,stats      ]     E: System Dict Roots              8 us, workers (us):   8, 
[27.576s][info][gc,stats      ]     E: CLDG Roots                   472 us, workers (us): 472, 
[27.576s][info][gc,stats      ]     E: JVMTI Roots                    0 us, workers (us):   0, 
[27.576s][info][gc,stats      ] Concurrent Cleanup                   34 us
[27.576s][info][gc,stats      ] Concurrent Evacuation             20741 us
[27.576s][info][gc,stats      ] Pause Init  Update Refs (G)        2643 us
[27.576s][info][gc,stats      ] Pause Init  Update Refs (N)          15 us
[27.576s][info][gc,stats      ]   Retire GCLABs                       7 us
[27.576s][info][gc,stats      ] Concurrent Update Refs           114043 us
[27.576s][info][gc,stats      ] Pause Final Update Refs (G)        2695 us
[27.576s][info][gc,stats      ] Pause Final Update Refs (N)         328 us
[27.576s][info][gc,stats      ]   Update Roots                      283 us, parallelism: 0.96x
[27.576s][info][gc,stats      ]     UR: <total>                     272 us
[27.576s][info][gc,stats      ]     UR: Thread Roots                272 us, workers (us): 272, 
[27.576s][info][gc,stats      ]   Update Region States               26 us
[27.576s][info][gc,stats      ]   Trash Collection Set                3 us
[27.576s][info][gc,stats      ]   Rebuild Free Set                    8 us
[27.576s][info][gc,stats      ] Concurrent Cleanup                   47 us
[27.576s][info][gc,stats      ] 
[27.576s][info][gc,stats      ] Allocation pacing accrued:
[27.576s][info][gc,stats      ]       0 of   398 ms (  0.0%): <total>
[27.576s][info][gc,stats      ]       0 of   398 ms (  0.0%): <average total>
[27.576s][info][gc,stats      ] 
[27.576s][info][gc,metaspace  ] Metaspace: 59843K->59859K(1103872K)
[27.576s][info][gc,ergo       ] Pacer for Idle. Initial: 10240K, Alloc Tax Rate: 1.0x
[27.641s][info][gc            ] Trigger: Learning 4 of 5. Free (349M) is below initial threshold (350M)
[27.641s][info][gc,ergo       ] Free: 349M, Max: 256K regular, 285M humongous, Frag: 19% external, 0% internal; Reserve: 25600K, Max: 256K
[27.641s][info][gc,start      ] GC(36) Concurrent reset
[27.641s][info][gc,task       ] GC(36) Using 1 of 1 workers for concurrent reset
[27.641s][info][gc,ergo       ] GC(36) Pacer for Reset. Non-Taxable: 500M
[27.641s][info][gc            ] GC(36) Concurrent reset 0.220ms
[27.645s][info][gc,start      ] GC(36) Pause Init Mark
[27.645s][info][gc,task       ] GC(36) Using 1 of 1 workers for init marking
[27.646s][info][gc,ergo       ] GC(36) Pacer for Mark. Expected Live: 27455K, Free: 349M, Non-Taxable: 35814K, Alloc Tax Rate: 0.1x
[27.646s][info][gc            ] GC(36) Pause Init Mark 1.316ms
[27.646s][info][gc,start      ] GC(36) Concurrent marking
[27.646s][info][gc,task       ] GC(36) Using 1 of 1 workers for concurrent marking
[27.752s][info][gc            ] GC(36) Concurrent marking 105.092ms
[27.757s][info][gc,start      ] GC(36) Pause Final Mark
[27.757s][info][gc,task       ] GC(36) Using 1 of 1 workers for final marking
[27.758s][info][gc,ergo       ] GC(36) Adaptive CSet Selection. Target Free: 72533K, Actual Free: 343M, Max CSet: 21333K, Min Garbage: 0B
[27.758s][info][gc,ergo       ] GC(36) Collectable Garbage: 82779K (97%), Immediate: 512K (0%), CSet: 82267K (97%)
[27.759s][info][gc,ergo       ] GC(36) Pacer for Evacuation. Used CSet: 88576K, Free: 318M, Non-Taxable: 32588K, Alloc Tax Rate: 1.1x
[27.759s][info][gc            ] GC(36) Pause Final Mark 2.127ms
[27.760s][info][gc,start      ] GC(36) Concurrent cleanup
[27.760s][info][gc            ] GC(36) Concurrent cleanup 156M->155M(204M) 0.044ms
[27.760s][info][gc,ergo       ] GC(36) Free: 318M, Max: 256K regular, 285M humongous, Frag: 11% external, 0% internal; Reserve: 25597K, Max: 256K
[27.760s][info][gc,start      ] GC(36) Concurrent evacuation
[27.760s][info][gc,task       ] GC(36) Using 1 of 1 workers for concurrent evacuation
[27.778s][info][gc            ] GC(36) Concurrent evacuation 18.769ms
[27.782s][info][gc,start      ] GC(36) Pause Init Update Refs
[27.782s][info][gc,ergo       ] GC(36) Pacer for Update Refs. Used: 166M, Free: 313M, Non-Taxable: 32076K, Alloc Tax Rate: 1.1x
[27.782s][info][gc            ] GC(36) Pause Init Update Refs 0.062ms
[27.782s][info][gc,start      ] GC(36) Concurrent update references
[27.782s][info][gc,task       ] GC(36) Using 1 of 1 workers for concurrent reference update
[27.913s][info][gc            ] GC(36) Concurrent update references 130.915ms
[27.916s][info][gc,start      ] GC(36) Pause Final Update Refs
[27.916s][info][gc,task       ] GC(36) Using 1 of 1 workers for final reference update
[27.916s][info][gc            ] GC(36) Pause Final Update Refs 0.350ms
[27.916s][info][gc,start      ] GC(36) Concurrent cleanup
[27.916s][info][gc            ] GC(36) Concurrent cleanup 202M->116M(217M) 0.053ms
[27.916s][info][gc,ergo       ] Free: 357M, Max: 256K regular, 271M humongous, Frag: 25% external, 0% internal; Reserve: 25600K, Max: 256K
[27.916s][info][gc,stats      ] 
[27.916s][info][gc,stats      ] All times are wall-clock times, except per-root-class counters, that are sum over
[27.916s][info][gc,stats      ] all workers. Dividing the <total> over the root stage time estimates parallelism.
[27.916s][info][gc,stats      ] 
[27.916s][info][gc,stats      ] Concurrent Reset                    212 us
[27.916s][info][gc,stats      ] Pause Init Mark (G)                5152 us
[27.916s][info][gc,stats      ] Pause Init Mark (N)                1268 us
[27.916s][info][gc,stats      ]   Accumulate Stats                    9 us
[27.916s][info][gc,stats      ]   Make Parsable                       7 us
[27.916s][info][gc,stats      ]   Update Region States               33 us
[27.916s][info][gc,stats      ]   Scan Roots                       1181 us, parallelism: 0.78x
[27.916s][info][gc,stats      ]     S: <total>                      920 us
[27.916s][info][gc,stats      ]     S: Thread Roots                 306 us, workers (us): 306, 
[27.916s][info][gc,stats      ]     S: Universe Roots                 2 us, workers (us):   2, 
[27.916s][info][gc,stats      ]     S: JNI Handles Roots              1 us, workers (us):   1, 
[27.916s][info][gc,stats      ]     S: Synchronizer Roots             0 us, workers (us):   0, 
[27.916s][info][gc,stats      ]     S: Management Roots               2 us, workers (us):   2, 
[27.916s][info][gc,stats      ]     S: System Dict Roots             11 us, workers (us):  11, 
[27.916s][info][gc,stats      ]     S: CLDG Roots                   598 us, workers (us): 598, 
[27.916s][info][gc,stats      ]     S: JVMTI Roots                    1 us, workers (us):   1, 
[27.916s][info][gc,stats      ]   Resize TLABs                        4 us
[27.916s][info][gc,stats      ] Concurrent Marking               105083 us
[27.916s][info][gc,stats      ] Pause Final Mark (G)               5144 us
[27.916s][info][gc,stats      ] Pause Final Mark (N)               2081 us
[27.916s][info][gc,stats      ]   Finish Queues                      22 us
[27.916s][info][gc,stats      ]   System Purge                      277 us
[27.916s][info][gc,stats      ]     Weak Roots                      277 us
[27.916s][info][gc,stats      ]   Update Region States               29 us
[27.916s][info][gc,stats      ]   Retire TLABs                        9 us
[27.916s][info][gc,stats      ]   Choose Collection Set              66 us
[27.916s][info][gc,stats      ]   Rebuild Free Set                    7 us
[27.916s][info][gc,stats      ]   Initial Evacuation               1662 us, parallelism: 0.60x
[27.916s][info][gc,stats      ]     E: <total>                      989 us
[27.916s][info][gc,stats      ]     E: Thread Roots                 359 us, workers (us): 359, 
[27.916s][info][gc,stats      ]     E: Code Cache Roots             150 us, workers (us): 150, 
[27.916s][info][gc,stats      ]     E: Universe Roots                 1 us, workers (us):   1, 
[27.916s][info][gc,stats      ]     E: JNI Handles Roots              1 us, workers (us):   1, 
[27.916s][info][gc,stats      ]     E: Synchronizer Roots             0 us, workers (us):   0, 
[27.916s][info][gc,stats      ]     E: Management Roots               1 us, workers (us):   1, 
[27.916s][info][gc,stats      ]     E: System Dict Roots              9 us, workers (us):   9, 
[27.916s][info][gc,stats      ]     E: CLDG Roots                   469 us, workers (us): 469, 
[27.916s][info][gc,stats      ]     E: JVMTI Roots                    0 us, workers (us):   0, 
[27.916s][info][gc,stats      ] Concurrent Cleanup                   36 us
[27.916s][info][gc,stats      ] Concurrent Evacuation             18756 us
[27.916s][info][gc,stats      ] Pause Init  Update Refs (G)        3718 us
[27.916s][info][gc,stats      ] Pause Init  Update Refs (N)          14 us
[27.916s][info][gc,stats      ]   Retire GCLABs                       6 us
[27.916s][info][gc,stats      ] Concurrent Update Refs           130900 us
[27.916s][info][gc,stats      ] Pause Final Update Refs (G)        2899 us
[27.916s][info][gc,stats      ] Pause Final Update Refs (N)         318 us
[27.916s][info][gc,stats      ]   Update Roots                      274 us, parallelism: 0.97x
[27.916s][info][gc,stats      ]     UR: <total>                     267 us
[27.916s][info][gc,stats      ]     UR: Thread Roots                267 us, workers (us): 267, 
[27.916s][info][gc,stats      ]   Update Region States               28 us
[27.916s][info][gc,stats      ]   Trash Collection Set                2 us
[27.916s][info][gc,stats      ]   Rebuild Free Set                    7 us
[27.916s][info][gc,stats      ] Concurrent Cleanup                   46 us
[27.916s][info][gc,stats      ] 
[27.916s][info][gc,stats      ] Allocation pacing accrued:
[27.916s][info][gc,stats      ]       0 of   340 ms (  0.0%): <total>
[27.916s][info][gc,stats      ]       0 of   340 ms (  0.0%): <average total>
[27.916s][info][gc,stats      ] 
[27.916s][info][gc,metaspace  ] Metaspace: 59859K->59859K(1103872K)
[27.916s][info][gc,ergo       ] Pacer for Idle. Initial: 10240K, Alloc Tax Rate: 1.0x
[27.953s][info][gc            ] Trigger: Learning 5 of 5. Free (349M) is below initial threshold (350M)
[27.953s][info][gc,ergo       ] Free: 349M, Max: 256K regular, 271M humongous, Frag: 23% external, 0% internal; Reserve: 25600K, Max: 256K
[27.953s][info][gc,start      ] GC(37) Concurrent reset
[27.953s][info][gc,task       ] GC(37) Using 1 of 1 workers for concurrent reset
[27.953s][info][gc,ergo       ] GC(37) Pacer for Reset. Non-Taxable: 500M
[27.953s][info][gc            ] GC(37) Concurrent reset 0.205ms
[27.958s][info][gc,start      ] GC(37) Pause Init Mark
[27.958s][info][gc,task       ] GC(37) Using 1 of 1 workers for init marking
[27.959s][info][gc,ergo       ] GC(37) Pacer for Mark. Expected Live: 30901K, Free: 349M, Non-Taxable: 35788K, Alloc Tax Rate: 0.1x
[27.959s][info][gc            ] GC(37) Pause Init Mark 1.275ms
[27.959s][info][gc,start      ] GC(37) Concurrent marking
[27.959s][info][gc,task       ] GC(37) Using 1 of 1 workers for concurrent marking
[28.076s][info][gc            ] GC(37) Concurrent marking 117.047ms
[28.077s][info][gc,start      ] GC(37) Pause Final Mark
[28.077s][info][gc,task       ] GC(37) Using 1 of 1 workers for final marking
[28.077s][info][gc,ergo       ] GC(37) Adaptive CSet Selection. Target Free: 72533K, Actual Free: 338M, Max CSet: 21333K, Min Garbage: 0B
[28.077s][info][gc,ergo       ] GC(37) Collectable Garbage: 77199K (97%), Immediate: 0B (0%), CSet: 77199K (97%)
[28.078s][info][gc,ergo       ] GC(37) Pacer for Evacuation. Used CSet: 83456K, Free: 313M, Non-Taxable: 32051K, Alloc Tax Rate: 1.1x
[28.079s][info][gc            ] GC(37) Pause Final Mark 2.003ms
[28.079s][info][gc,start      ] GC(37) Concurrent cleanup
[28.079s][info][gc            ] GC(37) Concurrent cleanup 160M->160M(217M) 0.041ms
[28.079s][info][gc,ergo       ] GC(37) Free: 313M, Max: 256K regular, 271M humongous, Frag: 14% external, 0% internal; Reserve: 25600K, Max: 256K
[28.079s][info][gc,start      ] GC(37) Concurrent evacuation
[28.079s][info][gc,task       ] GC(37) Using 1 of 1 workers for concurrent evacuation
[28.100s][info][gc            ] GC(37) Concurrent evacuation 21.175ms
[28.102s][info][gc,start      ] GC(37) Pause Init Update Refs
[28.102s][info][gc,ergo       ] GC(37) Pacer for Update Refs. Used: 171M, Free: 308M, Non-Taxable: 31564K, Alloc Tax Rate: 1.1x
[28.102s][info][gc            ] GC(37) Pause Init Update Refs 0.034ms
[28.102s][info][gc,start      ] GC(37) Concurrent update references
[28.102s][info][gc,task       ] GC(37) Using 1 of 1 workers for concurrent reference update
[28.269s][info][gc            ] GC(37) Concurrent update references 166.453ms
[28.278s][info][gc,start      ] GC(37) Pause Final Update Refs
[28.278s][info][gc,task       ] GC(37) Using 1 of 1 workers for final reference update
[28.279s][info][gc            ] GC(37) Pause Final Update Refs 0.988ms
[28.279s][info][gc,start      ] GC(37) Concurrent cleanup
[28.279s][info][gc            ] GC(37) Concurrent cleanup 212M->130M(226M) 0.159ms
[28.279s][info][gc,ergo       ] Free: 343M, Max: 256K regular, 261M humongous, Frag: 24% external, 0% internal; Reserve: 25600K, Max: 256K
[28.279s][info][gc,stats      ] 
[28.279s][info][gc,stats      ] All times are wall-clock times, except per-root-class counters, that are sum over
[28.279s][info][gc,stats      ] all workers. Dividing the <total> over the root stage time estimates parallelism.
[28.279s][info][gc,stats      ] 
[28.279s][info][gc,stats      ] Concurrent Reset                    197 us
[28.279s][info][gc,stats      ] Pause Init Mark (G)                6004 us
[28.279s][info][gc,stats      ] Pause Init Mark (N)                1238 us
[28.279s][info][gc,stats      ]   Accumulate Stats                    9 us
[28.279s][info][gc,stats      ]   Make Parsable                       7 us
[28.279s][info][gc,stats      ]   Update Region States               33 us
[28.279s][info][gc,stats      ]   Scan Roots                       1152 us, parallelism: 0.77x
[28.279s][info][gc,stats      ]     S: <total>                      886 us
[28.279s][info][gc,stats      ]     S: Thread Roots                 303 us, workers (us): 303, 
[28.279s][info][gc,stats      ]     S: Universe Roots                 2 us, workers (us):   2, 
[28.279s][info][gc,stats      ]     S: JNI Handles Roots              1 us, workers (us):   1, 
[28.279s][info][gc,stats      ]     S: Synchronizer Roots             0 us, workers (us):   0, 
[28.279s][info][gc,stats      ]     S: Management Roots               2 us, workers (us):   2, 
[28.279s][info][gc,stats      ]     S: System Dict Roots             12 us, workers (us):  12, 
[28.279s][info][gc,stats      ]     S: CLDG Roots                   565 us, workers (us): 565, 
[28.279s][info][gc,stats      ]     S: JVMTI Roots                    0 us, workers (us):   0, 
[28.279s][info][gc,stats      ]   Resize TLABs                        6 us
[28.279s][info][gc,stats      ] Concurrent Marking               117038 us
[28.279s][info][gc,stats      ] Pause Final Mark (G)               2124 us
[28.279s][info][gc,stats      ] Pause Final Mark (N)               1981 us
[28.279s][info][gc,stats      ]   Finish Queues                      19 us
[28.279s][info][gc,stats      ]   System Purge                      284 us
[28.279s][info][gc,stats      ]     Weak Roots                      284 us
[28.279s][info][gc,stats      ]   Update Region States               27 us
[28.279s][info][gc,stats      ]   Retire TLABs                       10 us
[28.279s][info][gc,stats      ]   Choose Collection Set              66 us
[28.279s][info][gc,stats      ]   Rebuild Free Set                    7 us
[28.279s][info][gc,stats      ]   Initial Evacuation               1560 us, parallelism: 0.60x
[28.279s][info][gc,stats      ]     E: <total>                      938 us
[28.279s][info][gc,stats      ]     E: Thread Roots                 293 us, workers (us): 293, 
[28.279s][info][gc,stats      ]     E: Code Cache Roots             148 us, workers (us): 148, 
[28.280s][info][gc,stats      ]     E: Universe Roots                 1 us, workers (us):   1, 
[28.280s][info][gc,stats      ]     E: JNI Handles Roots              1 us, workers (us):   1, 
[28.280s][info][gc,stats      ]     E: Synchronizer Roots             0 us, workers (us):   0, 
[28.280s][info][gc,stats      ]     E: Management Roots               1 us, workers (us):   1, 
[28.280s][info][gc,stats      ]     E: System Dict Roots              9 us, workers (us):   9, 
[28.280s][info][gc,stats      ]     E: CLDG Roots                   483 us, workers (us): 483, 
[28.280s][info][gc,stats      ]     E: JVMTI Roots                    0 us, workers (us):   0, 
[28.280s][info][gc,stats      ] Concurrent Cleanup                   33 us
[28.280s][info][gc,stats      ] Concurrent Evacuation             21163 us
[28.280s][info][gc,stats      ] Pause Init  Update Refs (G)        2267 us
[28.280s][info][gc,stats      ] Pause Init  Update Refs (N)          11 us
[28.280s][info][gc,stats      ]   Retire GCLABs                       5 us
[28.280s][info][gc,stats      ] Concurrent Update Refs           166436 us
[28.280s][info][gc,stats      ] Pause Final Update Refs (G)       10239 us
[28.280s][info][gc,stats      ] Pause Final Update Refs (N)         855 us
[28.280s][info][gc,stats      ]   Update Roots                      724 us, parallelism: 0.96x
[28.280s][info][gc,stats      ]     UR: <total>                     698 us
[28.280s][info][gc,stats      ]     UR: Thread Roots                698 us, workers (us): 698, 
[28.280s][info][gc,stats      ]   Update Region States               65 us
[28.280s][info][gc,stats      ]   Trash Collection Set                7 us
[28.280s][info][gc,stats      ]   Rebuild Free Set                   22 us
[28.280s][info][gc,stats      ] Concurrent Cleanup                  138 us
[28.280s][info][gc,stats      ] 
[28.280s][info][gc,stats      ] Allocation pacing accrued:
[28.280s][info][gc,stats      ]       0 of   363 ms (  0.0%): <total>
[28.280s][info][gc,stats      ]       0 of   363 ms (  0.0%): <average total>
[28.280s][info][gc,stats      ] 
[28.280s][info][gc,metaspace  ] Metaspace: 59859K->59859K(1103872K)
[28.280s][info][gc,ergo       ] Pacer for Idle. Initial: 10240K, Alloc Tax Rate: 1.0x
[28.598s][info][gc            ] Trigger: Average GC time (232.06 ms) is above the time for allocation rate (458 MB/s) to deplete free headroom (104M)
[28.598s][info][gc,ergo       ] Free headroom: 129M (free) - 25600K (spike) - 0B (penalties) = 104M
[28.598s][info][gc,ergo       ] Free: 129M, Max: 256K regular, 129M humongous, Frag: 0% external, 1% internal; Reserve: 25600K, Max: 256K
[28.598s][info][gc,start      ] GC(38) Concurrent reset
[28.598s][info][gc,task       ] GC(38) Using 1 of 1 workers for concurrent reset
[28.598s][info][gc,ergo       ] GC(38) Pacer for Reset. Non-Taxable: 500M
[28.598s][info][gc            ] GC(38) Concurrent reset 0.257ms
[28.601s][info][gc,start      ] GC(38) Pause Init Mark
[28.601s][info][gc,task       ] GC(38) Using 1 of 1 workers for init marking
[28.602s][info][gc,ergo       ] GC(38) Pacer for Mark. Expected Live: 35565K, Free: 129M, Non-Taxable: 13235K, Alloc Tax Rate: 0.3x
[28.602s][info][gc            ] GC(38) Pause Init Mark 1.255ms
[28.602s][info][gc,start      ] GC(38) Concurrent marking
[28.602s][info][gc,task       ] GC(38) Using 1 of 1 workers for concurrent marking
[28.758s][info][gc            ] GC(38) Concurrent marking 155.723ms
[28.758s][info][gc,start      ] GC(38) Pause Final Mark
[28.758s][info][gc,task       ] GC(38) Using 1 of 1 workers for final marking
[28.758s][info][gc,ergo       ] GC(38) Adaptive CSet Selection. Target Free: 72533K, Actual Free: 120M, Max CSet: 21333K, Min Garbage: 0B
[28.758s][info][gc,ergo       ] GC(38) Collectable Garbage: 261M (95%), Immediate: 1024K (0%), CSet: 260M (94%)
[28.760s][info][gc,ergo       ] GC(38) Pacer for Evacuation. Used CSet: 281M, Free: 97792K, Non-Taxable: 9779K, Alloc Tax Rate: 7.2x
[28.760s][info][gc            ] GC(38) Pause Final Mark 2.083ms
[28.760s][info][gc,start      ] GC(38) Concurrent cleanup
[28.760s][info][gc            ] GC(38) Concurrent cleanup 379M->378M(384M) 0.042ms
[28.760s][info][gc,ergo       ] GC(38) Free: 97792K, Max: 256K regular, 96512K humongous, Frag: 2% external, 2% internal; Reserve: 25600K, Max: 256K
[28.760s][info][gc,start      ] GC(38) Concurrent evacuation
[28.760s][info][gc,task       ] GC(38) Using 1 of 1 workers for concurrent evacuation
[28.825s][info][gc            ] GC(38) Concurrent evacuation 64.806ms
[28.825s][info][gc,start      ] GC(38) Pause Init Update Refs
[28.825s][info][gc,ergo       ] GC(38) Pacer for Update Refs. Used: 420M, Free: 75776K, Non-Taxable: 7577K, Alloc Tax Rate: 7.0x
[28.825s][info][gc            ] GC(38) Pause Init Update Refs 0.020ms
[28.825s][info][gc,start      ] GC(38) Concurrent update references
[28.825s][info][gc,task       ] GC(38) Using 1 of 1 workers for concurrent reference update
[29.024s][info][gc            ] GC(38) Concurrent update references 199.575ms
[29.025s][info][gc,start      ] GC(38) Pause Final Update Refs
[29.025s][info][gc,task       ] GC(38) Using 1 of 1 workers for final reference update
[29.025s][info][gc            ] GC(38) Pause Final Update Refs 0.377ms
[29.025s][info][gc,start      ] GC(38) Concurrent cleanup
[29.025s][info][gc            ] GC(38) Concurrent cleanup 484M->203M(486M) 0.083ms
[29.025s][info][gc,ergo       ] Free: 269M, Max: 256K regular, 36608K humongous, Frag: 87% external, 1% internal; Reserve: 25600K, Max: 256K
[29.025s][info][gc,stats      ] 
[29.025s][info][gc,stats      ] All times are wall-clock times, except per-root-class counters, that are sum over
[29.025s][info][gc,stats      ] all workers. Dividing the <total> over the root stage time estimates parallelism.
[29.025s][info][gc,stats      ] 
[29.025s][info][gc,stats      ] Concurrent Reset                    248 us
[29.025s][info][gc,stats      ] Pause Init Mark (G)                3520 us
[29.025s][info][gc,stats      ] Pause Init Mark (N)                1231 us
[29.025s][info][gc,stats      ]   Accumulate Stats                    8 us
[29.025s][info][gc,stats      ]   Make Parsable                       6 us
[29.025s][info][gc,stats      ]   Update Region States               21 us
[29.025s][info][gc,stats      ]   Scan Roots                       1156 us, parallelism: 0.75x
[29.025s][info][gc,stats      ]     S: <total>                      872 us
[29.025s][info][gc,stats      ]     S: Thread Roots                 331 us, workers (us): 331, 
[29.025s][info][gc,stats      ]     S: Universe Roots                 2 us, workers (us):   2, 
[29.025s][info][gc,stats      ]     S: JNI Handles Roots              1 us, workers (us):   1, 
[29.025s][info][gc,stats      ]     S: Synchronizer Roots             0 us, workers (us):   0, 
[29.025s][info][gc,stats      ]     S: Management Roots               2 us, workers (us):   2, 
[29.025s][info][gc,stats      ]     S: System Dict Roots             11 us, workers (us):  11, 
[29.025s][info][gc,stats      ]     S: CLDG Roots                   524 us, workers (us): 524, 
[29.025s][info][gc,stats      ]     S: JVMTI Roots                    1 us, workers (us):   1, 
[29.025s][info][gc,stats      ]   Resize TLABs                        7 us
[29.025s][info][gc,stats      ] Concurrent Marking               155714 us
[29.025s][info][gc,stats      ] Pause Final Mark (G)               2171 us
[29.025s][info][gc,stats      ] Pause Final Mark (N)               2073 us
[29.025s][info][gc,stats      ]   Finish Queues                       9 us
[29.025s][info][gc,stats      ]   System Purge                      245 us
[29.025s][info][gc,stats      ]     Weak Roots                      245 us
[29.025s][info][gc,stats      ]   Update Region States               25 us
[29.025s][info][gc,stats      ]   Retire TLABs                        8 us
[29.025s][info][gc,stats      ]   Choose Collection Set             214 us
[29.025s][info][gc,stats      ]   Rebuild Free Set                    7 us
[29.025s][info][gc,stats      ]   Initial Evacuation               1557 us, parallelism: 0.61x
[29.025s][info][gc,stats      ]     E: <total>                      945 us
[29.025s][info][gc,stats      ]     E: Thread Roots                 295 us, workers (us): 295, 
[29.025s][info][gc,stats      ]     E: Code Cache Roots             151 us, workers (us): 151, 
[29.025s][info][gc,stats      ]     E: Universe Roots                 1 us, workers (us):   1, 
[29.025s][info][gc,stats      ]     E: JNI Handles Roots              1 us, workers (us):   1, 
[29.025s][info][gc,stats      ]     E: Synchronizer Roots             0 us, workers (us):   0, 
[29.025s][info][gc,stats      ]     E: Management Roots               1 us, workers (us):   1, 
[29.025s][info][gc,stats      ]     E: System Dict Roots             11 us, workers (us):  11, 
[29.025s][info][gc,stats      ]     E: CLDG Roots                   484 us, workers (us): 484, 
[29.025s][info][gc,stats      ]     E: JVMTI Roots                    0 us, workers (us):   0, 
[29.025s][info][gc,stats      ] Concurrent Cleanup                   34 us
[29.025s][info][gc,stats      ] Concurrent Evacuation             64795 us
[29.025s][info][gc,stats      ] Pause Init  Update Refs (G)         172 us
[29.025s][info][gc,stats      ] Pause Init  Update Refs (N)          11 us
[29.025s][info][gc,stats      ]   Retire GCLABs                       4 us
[29.025s][info][gc,stats      ] Concurrent Update Refs           199562 us
[29.025s][info][gc,stats      ] Pause Final Update Refs (G)         524 us
[29.025s][info][gc,stats      ] Pause Final Update Refs (N)         360 us
[29.025s][info][gc,stats      ]   Update Roots                      312 us, parallelism: 0.97x
[29.025s][info][gc,stats      ]     UR: <total>                     304 us
[29.025s][info][gc,stats      ]     UR: Thread Roots                304 us, workers (us): 304, 
[29.025s][info][gc,stats      ]   Update Region States               27 us
[29.025s][info][gc,stats      ]   Trash Collection Set                5 us
[29.025s][info][gc,stats      ]   Rebuild Free Set                    7 us
[29.025s][info][gc,stats      ] Concurrent Cleanup                   76 us
[29.025s][info][gc,stats      ] Pacing                            83118 us
[29.025s][info][gc,stats      ] 
[29.025s][info][gc,stats      ] Allocation pacing accrued:
[29.025s][info][gc,stats      ]      83 of   746 ms ( 11.1%): Executor task launch worker for task 0.0 in stage 3.0 (TID 3)
[29.025s][info][gc,stats      ]      83 of   746 ms ( 11.1%): <total>
[29.025s][info][gc,stats      ]       1 of   746 ms (  0.2%): <average total>
[29.025s][info][gc,stats      ]      83 of   746 ms ( 11.1%): <average non-zero>
[29.025s][info][gc,stats      ] 
[29.025s][info][gc,metaspace  ] Metaspace: 59859K->59859K(1103872K)
[29.025s][info][gc,ergo       ] Pacer for Idle. Initial: 10240K, Alloc Tax Rate: 1.0x
[29.138s][info][gc            ] Trigger: Average GC time (297.32 ms) is above the time for allocation rate (436 MB/s) to deplete free headroom (129M)
[29.138s][info][gc,ergo       ] Free headroom: 154M (free) - 25600K (spike) - 0B (penalties) = 129M
[29.138s][info][gc,ergo       ] Free: 154M, Max: 256K regular, 34560K humongous, Frag: 79% external, 1% internal; Reserve: 25600K, Max: 256K
[29.138s][info][gc,start      ] GC(39) Concurrent reset
[29.138s][info][gc,task       ] GC(39) Using 1 of 1 workers for concurrent reset
[29.138s][info][gc,ergo       ] GC(39) Pacer for Reset. Non-Taxable: 500M
[29.139s][info][gc            ] GC(39) Concurrent reset 0.517ms
[29.141s][info][gc,start      ] GC(39) Pause Init Mark
[29.141s][info][gc,task       ] GC(39) Using 1 of 1 workers for init marking
[29.142s][info][gc,ergo       ] GC(39) Pacer for Mark. Expected Live: 45208K, Free: 154M, Non-Taxable: 15820K, Alloc Tax Rate: 0.3x
[29.143s][info][gc            ] GC(39) Pause Init Mark 1.331ms
[29.143s][info][gc,start      ] GC(39) Concurrent marking
[29.143s][info][gc,task       ] GC(39) Using 1 of 1 workers for concurrent marking
[29.244s][info][gc            ] GC(39) Concurrent marking 101.785ms
[29.244s][info][gc,start      ] GC(39) Pause Final Mark
[29.244s][info][gc,task       ] GC(39) Using 1 of 1 workers for final marking
[29.245s][info][gc,ergo       ] GC(39) Adaptive CSet Selection. Target Free: 72533K, Actual Free: 139M, Max CSet: 21333K, Min Garbage: 0B
[29.245s][info][gc,ergo       ] GC(39) Collectable Garbage: 228M (99%), Immediate: 2048K (0%), CSet: 226M (98%)
[29.247s][info][gc,ergo       ] GC(39) Pacer for Evacuation. Used CSet: 244M, Free: 114M, Non-Taxable: 11724K, Alloc Tax Rate: 5.2x
[29.247s][info][gc            ] GC(39) Pause Final Mark 2.333ms
[29.251s][info][gc,start      ] GC(39) Concurrent cleanup
[29.251s][info][gc            ] GC(39) Concurrent cleanup 365M->365M(486M) 0.129ms
[29.251s][info][gc,ergo       ] GC(39) Free: 108M, Max: 256K regular, 17408K humongous, Frag: 85% external, 2% internal; Reserve: 25593K, Max: 256K
[29.251s][info][gc,start      ] GC(39) Concurrent evacuation
[29.251s][info][gc,task       ] GC(39) Using 1 of 1 workers for concurrent evacuation
[29.307s][info][gc            ] GC(39) Concurrent evacuation 55.731ms
[29.309s][info][gc,start      ] GC(39) Pause Init Update Refs
[29.309s][info][gc,ergo       ] GC(39) Pacer for Update Refs. Used: 431M, Free: 62720K, Non-Taxable: 6272K, Alloc Tax Rate: 8.6x
[29.309s][info][gc            ] GC(39) Pause Init Update Refs 0.038ms
[29.309s][info][gc,start      ] GC(39) Concurrent update references
[29.309s][info][gc,task       ] GC(39) Using 1 of 1 workers for concurrent reference update
[29.419s][info][gc            ] GC(39) Concurrent update references 109.788ms
[29.419s][info][gc,start      ] GC(39) Pause Final Update Refs
[29.419s][info][gc,task       ] GC(39) Using 1 of 1 workers for final reference update
[29.419s][info][gc            ] GC(39) Pause Final Update Refs 0.320ms
[29.419s][info][gc,start      ] GC(39) Concurrent cleanup
[29.419s][info][gc            ] GC(39) Concurrent cleanup 480M->236M(500M) 0.077ms
[29.419s][info][gc,ergo       ] Free: 237M, Max: 256K regular, 59392K humongous, Frag: 76% external, 1% internal; Reserve: 25600K, Max: 256K
[29.419s][info][gc,stats      ] 
[29.419s][info][gc,stats      ] All times are wall-clock times, except per-root-class counters, that are sum over
[29.419s][info][gc,stats      ] all workers. Dividing the <total> over the root stage time estimates parallelism.
[29.419s][info][gc,stats      ] 
[29.419s][info][gc,stats      ] Concurrent Reset                    507 us
[29.419s][info][gc,stats      ] Pause Init Mark (G)                3645 us
[29.419s][info][gc,stats      ] Pause Init Mark (N)                1298 us
[29.419s][info][gc,stats      ]   Accumulate Stats                    9 us
[29.419s][info][gc,stats      ]   Make Parsable                       8 us
[29.419s][info][gc,stats      ]   Update Region States               27 us
[29.419s][info][gc,stats      ]   Scan Roots                       1208 us, parallelism: 0.78x
[29.419s][info][gc,stats      ]     S: <total>                      939 us
[29.419s][info][gc,stats      ]     S: Thread Roots                 406 us, workers (us): 406, 
[29.419s][info][gc,stats      ]     S: Universe Roots                 2 us, workers (us):   2, 
[29.419s][info][gc,stats      ]     S: JNI Handles Roots              2 us, workers (us):   2, 
[29.419s][info][gc,stats      ]     S: Synchronizer Roots             0 us, workers (us):   0, 
[29.419s][info][gc,stats      ]     S: Management Roots               2 us, workers (us):   2, 
[29.419s][info][gc,stats      ]     S: System Dict Roots             11 us, workers (us):  11, 
[29.419s][info][gc,stats      ]     S: CLDG Roots                   515 us, workers (us): 515, 
[29.419s][info][gc,stats      ]     S: JVMTI Roots                    1 us, workers (us):   1, 
[29.419s][info][gc,stats      ]   Resize TLABs                        7 us
[29.419s][info][gc,stats      ] Concurrent Marking               101777 us
[29.419s][info][gc,stats      ] Pause Final Mark (G)               6280 us
[29.419s][info][gc,stats      ] Pause Final Mark (N)               2322 us
[29.419s][info][gc,stats      ]   Finish Queues                      10 us
[29.419s][info][gc,stats      ]   System Purge                      302 us
[29.419s][info][gc,stats      ]     Weak Roots                      301 us
[29.419s][info][gc,stats      ]   Update Region States               30 us
[29.419s][info][gc,stats      ]   Retire TLABs                       11 us
[29.419s][info][gc,stats      ]   Choose Collection Set             159 us
[29.419s][info][gc,stats      ]   Rebuild Free Set                    8 us
[29.419s][info][gc,stats      ]   Initial Evacuation               1795 us, parallelism: 0.60x
[29.419s][info][gc,stats      ]     E: <total>                     1077 us
[29.419s][info][gc,stats      ]     E: Thread Roots                 308 us, workers (us): 308, 
[29.419s][info][gc,stats      ]     E: Code Cache Roots             256 us, workers (us): 256, 
[29.419s][info][gc,stats      ]     E: Universe Roots                 1 us, workers (us):   1, 
[29.419s][info][gc,stats      ]     E: JNI Handles Roots              1 us, workers (us):   1, 
[29.419s][info][gc,stats      ]     E: Synchronizer Roots             0 us, workers (us):   0, 
[29.419s][info][gc,stats      ]     E: Management Roots               1 us, workers (us):   1, 
[29.419s][info][gc,stats      ]     E: System Dict Roots             10 us, workers (us):  10, 
[29.419s][info][gc,stats      ]     E: CLDG Roots                   499 us, workers (us): 499, 
[29.419s][info][gc,stats      ]     E: JVMTI Roots                    0 us, workers (us):   0, 
[29.419s][info][gc,stats      ] Concurrent Cleanup                   76 us
[29.419s][info][gc,stats      ] Concurrent Evacuation             55713 us
[29.419s][info][gc,stats      ] Pause Init  Update Refs (G)        2278 us
[29.419s][info][gc,stats      ] Pause Init  Update Refs (N)          12 us
[29.419s][info][gc,stats      ]   Retire GCLABs                       5 us
[29.419s][info][gc,stats      ] Concurrent Update Refs           109775 us
[29.419s][info][gc,stats      ] Pause Final Update Refs (G)         470 us
[29.419s][info][gc,stats      ] Pause Final Update Refs (N)         311 us
[29.419s][info][gc,stats      ]   Update Roots                      266 us, parallelism: 0.98x
[29.419s][info][gc,stats      ]     UR: <total>                     261 us
[29.419s][info][gc,stats      ]     UR: Thread Roots                261 us, workers (us): 261, 
[29.419s][info][gc,stats      ]   Update Region States               27 us
[29.419s][info][gc,stats      ]   Trash Collection Set                5 us
[29.420s][info][gc,stats      ]   Rebuild Free Set                    7 us
[29.420s][info][gc,stats      ] Concurrent Cleanup                   70 us
[29.420s][info][gc,stats      ] Pacing                           177792 us
[29.420s][info][gc,stats      ] 
[29.420s][info][gc,stats      ] Allocation pacing accrued:
[29.420s][info][gc,stats      ]      13 of   394 ms (  3.2%): Spark Context Cleaner
[29.420s][info][gc,stats      ]     165 of   394 ms ( 41.9%): Executor task launch worker for task 0.0 in stage 3.0 (TID 3)
[29.420s][info][gc,stats      ]     178 of   394 ms ( 45.1%): <total>
[29.420s][info][gc,stats      ]       3 of   394 ms (  0.6%): <average total>
[29.420s][info][gc,stats      ]      89 of   394 ms ( 22.6%): <average non-zero>
[29.420s][info][gc,stats      ] 
[29.420s][info][gc,metaspace  ] Metaspace: 59859K->59859K(1103872K)
[29.420s][info][gc,ergo       ] Pacer for Idle. Initial: 10240K, Alloc Tax Rate: 1.0x
[29.443s][info][gc            ] Trigger: Average GC time (312.98 ms) is above the time for allocation rate (583 MB/s) to deplete free headroom (180M)
[29.443s][info][gc,ergo       ] Free headroom: 205M (free) - 25600K (spike) - 0B (penalties) = 180M
[29.443s][info][gc,ergo       ] Free: 205M, Max: 256K regular, 59392K humongous, Frag: 72% external, 1% internal; Reserve: 25600K, Max: 256K
[29.443s][info][gc,start      ] GC(40) Concurrent reset
[29.443s][info][gc,task       ] GC(40) Using 1 of 1 workers for concurrent reset
[29.443s][info][gc,ergo       ] GC(40) Pacer for Reset. Non-Taxable: 500M
[29.444s][info][gc            ] GC(40) Concurrent reset 0.494ms
[29.446s][info][gc,start      ] GC(40) Pause Init Mark (process weakrefs)
[29.446s][info][gc,task       ] GC(40) Using 1 of 1 workers for init marking
[29.447s][info][gc,ergo       ] GC(40) Pacer for Mark. Expected Live: 57826K, Free: 205M, Non-Taxable: 20992K, Alloc Tax Rate: 0.3x
[29.447s][info][gc            ] GC(40) Pause Init Mark (process weakrefs) 1.240ms
[29.447s][info][gc,start      ] GC(40) Concurrent marking (process weakrefs)
[29.447s][info][gc,task       ] GC(40) Using 1 of 1 workers for concurrent marking
[29.545s][info][gc            ] GC(40) Concurrent marking (process weakrefs) 98.162ms
[29.545s][info][gc,start      ] GC(40) Concurrent precleaning
[29.545s][info][gc,task       ] GC(40) Using 1 of 1 workers for concurrent preclean
[29.545s][info][gc,ergo       ] GC(40) Pacer for Precleaning. Non-Taxable: 500M
[29.546s][info][gc            ] GC(40) Concurrent precleaning 0.839ms
[29.546s][info][gc,start      ] GC(40) Pause Final Mark (process weakrefs)
[29.546s][info][gc,task       ] GC(40) Using 1 of 1 workers for final marking
[29.547s][info][gc,ergo       ] GC(40) Adaptive CSet Selection. Target Free: 72533K, Actual Free: 182M, Max CSet: 21333K, Min Garbage: 0B
[29.547s][info][gc,ergo       ] GC(40) Collectable Garbage: 164M (98%), Immediate: 0B (0%), CSet: 164M (98%)
[29.548s][info][gc,ergo       ] GC(40) Pacer for Evacuation. Used CSet: 177M, Free: 157M, Non-Taxable: 16153K, Alloc Tax Rate: 2.8x
[29.549s][info][gc            ] GC(40) Pause Final Mark (process weakrefs) 2.166ms
[29.551s][info][gc,start      ] GC(40) Concurrent cleanup
[29.551s][info][gc            ] GC(40) Concurrent cleanup 320M->320M(500M) 0.051ms
[29.551s][info][gc,ergo       ] GC(40) Free: 153M, Max: 256K regular, 51200K humongous, Frag: 68% external, 1% internal; Reserve: 25597K, Max: 256K
[29.551s][info][gc,start      ] GC(40) Concurrent evacuation
[29.551s][info][gc,task       ] GC(40) Using 1 of 1 workers for concurrent evacuation
[29.582s][info][gc            ] GC(40) Concurrent evacuation 30.932ms
[29.584s][info][gc,start      ] GC(40) Pause Init Update Refs
[29.584s][info][gc,ergo       ] GC(40) Pacer for Update Refs. Used: 367M, Free: 120M, Non-Taxable: 12313K, Alloc Tax Rate: 3.7x
[29.584s][info][gc            ] GC(40) Pause Init Update Refs 0.028ms
[29.584s][info][gc,start      ] GC(40) Concurrent update references
[29.584s][info][gc,task       ] GC(40) Using 1 of 1 workers for concurrent reference update
[29.725s][info][gc            ] GC(40) Concurrent update references 140.798ms
[29.725s][info][gc,start      ] GC(40) Pause Final Update Refs
[29.725s][info][gc,task       ] GC(40) Using 1 of 1 workers for final reference update
[29.725s][info][gc            ] GC(40) Pause Final Update Refs 0.319ms
[29.725s][info][gc,start      ] GC(40) Concurrent cleanup
[29.725s][info][gc            ] GC(40) Concurrent cleanup 463M->285M(500M) 0.068ms
[29.725s][info][gc,ergo       ] Free: 188M, Max: 256K regular, 34560K humongous, Frag: 83% external, 1% internal; Reserve: 25600K, Max: 256K
[29.725s][info][gc,stats      ] 
[29.725s][info][gc,stats      ] All times are wall-clock times, except per-root-class counters, that are sum over
[29.725s][info][gc,stats      ] all workers. Dividing the <total> over the root stage time estimates parallelism.
[29.725s][info][gc,stats      ] 
[29.725s][info][gc,stats      ] Concurrent Reset                    484 us
[29.725s][info][gc,stats      ] Pause Init Mark (G)                3537 us
[29.725s][info][gc,stats      ] Pause Init Mark (N)                1213 us
[29.725s][info][gc,stats      ]   Accumulate Stats                   25 us
[29.725s][info][gc,stats      ]   Make Parsable                      10 us
[29.725s][info][gc,stats      ]   Update Region States               31 us
[29.725s][info][gc,stats      ]   Scan Roots                       1110 us, parallelism: 0.76x
[29.725s][info][gc,stats      ]     S: <total>                      843 us
[29.725s][info][gc,stats      ]     S: Thread Roots                 319 us, workers (us): 319, 
[29.725s][info][gc,stats      ]     S: Universe Roots                 2 us, workers (us):   2, 
[29.725s][info][gc,stats      ]     S: JNI Handles Roots              2 us, workers (us):   2, 
[29.725s][info][gc,stats      ]     S: Synchronizer Roots             0 us, workers (us):   0, 
[29.725s][info][gc,stats      ]     S: Management Roots               2 us, workers (us):   2, 
[29.725s][info][gc,stats      ]     S: System Dict Roots             11 us, workers (us):  11, 
[29.725s][info][gc,stats      ]     S: CLDG Roots                   506 us, workers (us): 506, 
[29.725s][info][gc,stats      ]     S: JVMTI Roots                    0 us, workers (us):   0, 
[29.725s][info][gc,stats      ]   Resize TLABs                        5 us
[29.725s][info][gc,stats      ] Concurrent Marking                98153 us
[29.725s][info][gc,stats      ] Concurrent Precleaning              818 us
[29.725s][info][gc,stats      ] Pause Final Mark (G)               4274 us
[29.725s][info][gc,stats      ] Pause Final Mark (N)               2158 us
[29.725s][info][gc,stats      ]   Finish Queues                       9 us
[29.725s][info][gc,stats      ]   Weak References                    17 us
[29.725s][info][gc,stats      ]     Process                          16 us
[29.725s][info][gc,stats      ]   System Purge                      395 us
[29.725s][info][gc,stats      ]     Weak Roots                      395 us
[29.725s][info][gc,stats      ]   Update Region States               29 us
[29.725s][info][gc,stats      ]   Retire TLABs                       10 us
[29.725s][info][gc,stats      ]   Choose Collection Set             128 us
[29.725s][info][gc,stats      ]   Rebuild Free Set                    6 us
[29.725s][info][gc,stats      ]   Initial Evacuation               1558 us, parallelism: 0.61x
[29.725s][info][gc,stats      ]     E: <total>                      955 us
[29.726s][info][gc,stats      ]     E: Thread Roots                 291 us, workers (us): 291, 
[29.726s][info][gc,stats      ]     E: Code Cache Roots             152 us, workers (us): 152, 
[29.726s][info][gc,stats      ]     E: Universe Roots                 1 us, workers (us):   1, 
[29.726s][info][gc,stats      ]     E: JNI Handles Roots              1 us, workers (us):   1, 
[29.726s][info][gc,stats      ]     E: Synchronizer Roots             0 us, workers (us):   0, 
[29.726s][info][gc,stats      ]     E: Management Roots               1 us, workers (us):   1, 
[29.726s][info][gc,stats      ]     E: System Dict Roots             10 us, workers (us):  10, 
[29.726s][info][gc,stats      ]     E: CLDG Roots                   499 us, workers (us): 499, 
[29.726s][info][gc,stats      ]     E: JVMTI Roots                    1 us, workers (us):   1, 
[29.726s][info][gc,stats      ] Concurrent Cleanup                   33 us
[29.726s][info][gc,stats      ] Concurrent Evacuation             30919 us
[29.726s][info][gc,stats      ] Pause Init  Update Refs (G)        2289 us
[29.726s][info][gc,stats      ] Pause Init  Update Refs (N)          11 us
[29.726s][info][gc,stats      ]   Retire GCLABs                       5 us
[29.726s][info][gc,stats      ] Concurrent Update Refs           140783 us
[29.726s][info][gc,stats      ] Pause Final Update Refs (G)         469 us
[29.726s][info][gc,stats      ] Pause Final Update Refs (N)         309 us
[29.726s][info][gc,stats      ]   Update Roots                      265 us, parallelism: 0.98x
[29.726s][info][gc,stats      ]     UR: <total>                     258 us
[29.726s][info][gc,stats      ]     UR: Thread Roots                258 us, workers (us): 258, 
[29.726s][info][gc,stats      ]   Update Region States               27 us
[29.726s][info][gc,stats      ]   Trash Collection Set                4 us
[29.726s][info][gc,stats      ]   Rebuild Free Set                    7 us
[29.726s][info][gc,stats      ] Concurrent Cleanup                   62 us
[29.726s][info][gc,stats      ] Pacing                           135335 us
[29.726s][info][gc,stats      ] 
[29.726s][info][gc,stats      ] Allocation pacing accrued:
[29.726s][info][gc,stats      ]      11 of   306 ms (  3.5%): Spark Context Cleaner
[29.726s][info][gc,stats      ]     125 of   306 ms ( 40.7%): Executor task launch worker for task 0.0 in stage 3.0 (TID 3)
[29.726s][info][gc,stats      ]     135 of   306 ms ( 44.2%): <total>
[29.726s][info][gc,stats      ]       2 of   306 ms (  0.6%): <average total>
[29.726s][info][gc,stats      ]      68 of   306 ms ( 22.1%): <average non-zero>
[29.726s][info][gc,stats      ] 
[29.726s][info][gc,metaspace  ] Metaspace: 59860K->59860K(1103872K)
[29.726s][info][gc,ergo       ] Pacer for Idle. Initial: 10240K, Alloc Tax Rate: 1.0x
[29.727s][info][gc            ] Trigger: Average GC time (318.32 ms) is above the time for allocation rate (652 MB/s) to deplete free headroom (159M)
[29.727s][info][gc,ergo       ] Free headroom: 184M (free) - 25600K (spike) - 0B (penalties) = 159M
[29.727s][info][gc,ergo       ] Free: 184M, Max: 256K regular, 34560K humongous, Frag: 82% external, 1% internal; Reserve: 25600K, Max: 256K
[29.727s][info][gc,start      ] GC(41) Concurrent reset
[29.727s][info][gc,task       ] GC(41) Using 1 of 1 workers for concurrent reset
[29.727s][info][gc,ergo       ] GC(41) Pacer for Reset. Non-Taxable: 500M
[29.735s][info][gc            ] GC(41) Concurrent reset 7.326ms
[29.737s][info][gc,start      ] GC(41) Pause Init Mark
[29.737s][info][gc,task       ] GC(41) Using 1 of 1 workers for init marking
[29.738s][info][gc,ergo       ] GC(41) Pacer for Mark. Expected Live: 71767K, Free: 167M, Non-Taxable: 17126K, Alloc Tax Rate: 0.5x
[29.738s][info][gc            ] GC(41) Pause Init Mark 1.252ms
[29.738s][info][gc,start      ] GC(41) Concurrent marking
[29.738s][info][gc,task       ] GC(41) Using 1 of 1 workers for concurrent marking
[30.069s][info][gc            ] GC(41) Concurrent marking 330.565ms
[30.069s][info][gc,start      ] GC(41) Pause Final Mark
[30.069s][info][gc,task       ] GC(41) Using 1 of 1 workers for final marking
[30.070s][info][gc,ergo       ] GC(41) Adaptive CSet Selection. Target Free: 72533K, Actual Free: 154M, Max CSet: 21333K, Min Garbage: 0B
[30.070s][info][gc,ergo       ] GC(41) Collectable Garbage: 186M (99%), Immediate: 0B (0%), CSet: 186M (99%)
[30.071s][info][gc,ergo       ] GC(41) Pacer for Evacuation. Used CSet: 202M, Free: 129M, Non-Taxable: 13283K, Alloc Tax Rate: 3.8x
[30.071s][info][gc            ] GC(41) Pause Final Mark 2.078ms
[30.071s][info][gc,start      ] GC(41) Concurrent cleanup
[30.071s][info][gc            ] GC(41) Concurrent cleanup 342M->342M(500M) 0.041ms
[30.071s][info][gc,ergo       ] GC(41) Free: 129M, Max: 256K regular, 17408K humongous, Frag: 87% external, 5% internal; Reserve: 25600K, Max: 256K
[30.071s][info][gc,start      ] GC(41) Concurrent evacuation
[30.071s][info][gc,task       ] GC(41) Using 1 of 1 workers for concurrent evacuation
[30.127s][info][gc            ] GC(41) Concurrent evacuation 55.404ms
[30.129s][info][gc,start      ] GC(41) Pause Init Update Refs
[30.129s][info][gc,ergo       ] GC(41) Pacer for Update Refs. Used: 379M, Free: 109M, Non-Taxable: 11161K, Alloc Tax Rate: 4.3x
[30.129s][info][gc            ] GC(41) Pause Init Update Refs 0.043ms
[30.129s][info][gc,start      ] GC(41) Concurrent update references
[30.129s][info][gc,task       ] GC(41) Using 1 of 1 workers for concurrent reference update
[30.428s][info][gc            ] GC(41) Concurrent update references 298.297ms
[30.428s][info][gc,start      ] GC(41) Pause Final Update Refs
[30.428s][info][gc,task       ] GC(41) Using 1 of 1 workers for final reference update
[30.434s][info][gc            ] GC(41) Pause Final Update Refs 6.590ms
[30.435s][info][gc,start      ] GC(41) Concurrent cleanup
[30.435s][info][gc            ] GC(41) Concurrent cleanup 471M->271M(500M) 0.080ms
[30.435s][info][gc,ergo       ] Free: 200M, Max: 256K regular, 59392K humongous, Frag: 72% external, 1% internal; Reserve: 25600K, Max: 256K
[30.435s][info][gc,stats      ] 
[30.435s][info][gc,stats      ] All times are wall-clock times, except per-root-class counters, that are sum over
[30.435s][info][gc,stats      ] all workers. Dividing the <total> over the root stage time estimates parallelism.
[30.435s][info][gc,stats      ] 
[30.435s][info][gc,stats      ] Concurrent Reset                   7313 us
[30.435s][info][gc,stats      ] Pause Init Mark (G)                3534 us
[30.435s][info][gc,stats      ] Pause Init Mark (N)                1234 us
[30.435s][info][gc,stats      ]   Accumulate Stats                    9 us
[30.435s][info][gc,stats      ]   Make Parsable                       7 us
[30.435s][info][gc,stats      ]   Update Region States               24 us
[30.435s][info][gc,stats      ]   Scan Roots                       1156 us, parallelism: 0.75x
[30.436s][info][gc,stats      ]     S: <total>                      863 us
[30.436s][info][gc,stats      ]     S: Thread Roots                 343 us, workers (us): 343, 
[30.436s][info][gc,stats      ]     S: Universe Roots                 2 us, workers (us):   2, 
[30.436s][info][gc,stats      ]     S: JNI Handles Roots              1 us, workers (us):   1, 
[30.436s][info][gc,stats      ]     S: Synchronizer Roots             0 us, workers (us):   0, 
[30.436s][info][gc,stats      ]     S: Management Roots               1 us, workers (us):   1, 
[30.436s][info][gc,stats      ]     S: System Dict Roots             10 us, workers (us):  10, 
[30.436s][info][gc,stats      ]     S: CLDG Roots                   505 us, workers (us): 505, 
[30.436s][info][gc,stats      ]     S: JVMTI Roots                    1 us, workers (us):   1, 
[30.436s][info][gc,stats      ]   Resize TLABs                        7 us
[30.436s][info][gc,stats      ] Concurrent Marking               330556 us
[30.436s][info][gc,stats      ] Pause Final Mark (G)               2170 us
[30.436s][info][gc,stats      ] Pause Final Mark (N)               2046 us
[30.436s][info][gc,stats      ]   Finish Queues                      13 us
[30.436s][info][gc,stats      ]   System Purge                      287 us
[30.436s][info][gc,stats      ]     Weak Roots                      287 us
[30.436s][info][gc,stats      ]   Update Region States               31 us
[30.436s][info][gc,stats      ]   Retire TLABs                       13 us
[30.436s][info][gc,stats      ]   Choose Collection Set             130 us
[30.436s][info][gc,stats      ]   Rebuild Free Set                    7 us
[30.436s][info][gc,stats      ]   Initial Evacuation               1552 us, parallelism: 0.62x
[30.436s][info][gc,stats      ]     E: <total>                      968 us
[30.436s][info][gc,stats      ]     E: Thread Roots                 280 us, workers (us): 280, 
[30.436s][info][gc,stats      ]     E: Code Cache Roots             154 us, workers (us): 154, 
[30.436s][info][gc,stats      ]     E: Universe Roots                 1 us, workers (us):   1, 
[30.436s][info][gc,stats      ]     E: JNI Handles Roots              1 us, workers (us):   1, 
[30.436s][info][gc,stats      ]     E: Synchronizer Roots             0 us, workers (us):   0, 
[30.436s][info][gc,stats      ]     E: Management Roots               1 us, workers (us):   1, 
[30.436s][info][gc,stats      ]     E: System Dict Roots              9 us, workers (us):   9, 
[30.436s][info][gc,stats      ]     E: CLDG Roots                   521 us, workers (us): 521, 
[30.436s][info][gc,stats      ]     E: JVMTI Roots                    0 us, workers (us):   0, 
[30.436s][info][gc,stats      ] Concurrent Cleanup                   33 us
[30.436s][info][gc,stats      ] Concurrent Evacuation             55385 us
[30.436s][info][gc,stats      ] Pause Init  Update Refs (G)        2471 us
[30.436s][info][gc,stats      ] Pause Init  Update Refs (N)          12 us
[30.436s][info][gc,stats      ]   Retire GCLABs                       5 us
[30.436s][info][gc,stats      ] Concurrent Update Refs           298282 us
[30.436s][info][gc,stats      ] Pause Final Update Refs (G)        7722 us
[30.436s][info][gc,stats      ] Pause Final Update Refs (N)        6569 us
[30.436s][info][gc,stats      ]   Update Roots                     6518 us, parallelism: 0.05x
[30.436s][info][gc,stats      ]     UR: <total>                     301 us
[30.436s][info][gc,stats      ]     UR: Thread Roots                301 us, workers (us): 301, 
[30.436s][info][gc,stats      ]   Update Region States               30 us
[30.436s][info][gc,stats      ]   Trash Collection Set                5 us
[30.436s][info][gc,stats      ]   Rebuild Free Set                    8 us
[30.436s][info][gc,stats      ] Concurrent Cleanup                   64 us
[30.436s][info][gc,stats      ] Pacing                           134497 us
[30.436s][info][gc,stats      ] 
[30.436s][info][gc,stats      ] Allocation pacing accrued:
[30.436s][info][gc,stats      ]     134 of   710 ms ( 18.9%): Executor task launch worker for task 0.0 in stage 4.0 (TID 4)
[30.436s][info][gc,stats      ]     134 of   710 ms ( 18.9%): <total>
[30.436s][info][gc,stats      ]       2 of   710 ms (  0.3%): <average total>
[30.436s][info][gc,stats      ]     134 of   710 ms ( 18.9%): <average non-zero>
[30.436s][info][gc,stats      ] 
[30.436s][info][gc,metaspace  ] Metaspace: 59860K->60060K(1103872K)
[30.436s][info][gc,ergo       ] Pacer for Idle. Initial: 10240K, Alloc Tax Rate: 1.0x
[30.495s][info][gc            ] Trigger: Average GC time (404.93 ms) is above the time for allocation rate (297 MB/s) to deplete free headroom (118M)
[30.495s][info][gc,ergo       ] Free headroom: 143M (free) - 25600K (spike) - 0B (penalties) = 118M
[30.495s][info][gc,ergo       ] Free: 143M, Max: 256K regular, 51968K humongous, Frag: 65% external, 2% internal; Reserve: 25600K, Max: 256K
[30.495s][info][gc,start      ] GC(42) Concurrent reset
[30.495s][info][gc,task       ] GC(42) Using 1 of 1 workers for concurrent reset
[30.495s][info][gc,ergo       ] GC(42) Pacer for Reset. Non-Taxable: 500M
[30.495s][info][gc            ] GC(42) Concurrent reset 0.459ms
[30.500s][info][gc,start      ] GC(42) Pause Init Mark
[30.500s][info][gc,task       ] GC(42) Using 1 of 1 workers for init marking
[30.501s][info][gc,ergo       ] GC(42) Pacer for Mark. Expected Live: 87478K, Free: 143M, Non-Taxable: 14720K, Alloc Tax Rate: 0.7x
[30.501s][info][gc            ] GC(42) Pause Init Mark 1.265ms
[30.501s][info][gc,start      ] GC(42) Concurrent marking
[30.501s][info][gc,task       ] GC(42) Using 1 of 1 workers for concurrent marking
[30.583s][info][gc            ] GC(42) Concurrent marking 82.080ms
[30.583s][info][gc,start      ] GC(42) Pause Final Mark
[30.583s][info][gc,task       ] GC(42) Using 1 of 1 workers for final marking
[30.587s][info][gc,ergo       ] GC(42) Adaptive CSet Selection. Target Free: 72533K, Actual Free: 260M, Max CSet: 21333K, Min Garbage: 0B
[30.587s][info][gc,ergo       ] GC(42) Collectable Garbage: 290M (99%), Immediate: 115M (39%), CSet: 174M (59%)
[30.588s][info][gc,ergo       ] GC(42) Pacer for Evacuation. Used CSet: 187M, Free: 237M, Non-Taxable: 24345K, Alloc Tax Rate: 1.9x
[30.588s][info][gc            ] GC(42) Pause Final Mark 5.472ms
[30.590s][info][gc,start      ] GC(42) Concurrent cleanup
[30.590s][info][gc            ] GC(42) Concurrent cleanup 350M->239M(500M) 0.072ms
[30.590s][info][gc,ergo       ] GC(42) Free: 234M, Max: 256K regular, 117M humongous, Frag: 50% external, 0% internal; Reserve: 25479K, Max: 256K
[30.590s][info][gc,start      ] GC(42) Concurrent evacuation
[30.590s][info][gc,task       ] GC(42) Using 1 of 1 workers for concurrent evacuation
[30.655s][info][gc            ] GC(42) Concurrent evacuation 65.033ms
[30.658s][info][gc,start      ] GC(42) Pause Init Update Refs
[30.658s][info][gc,ergo       ] GC(42) Pacer for Update Refs. Used: 277M, Free: 208M, Non-Taxable: 21376K, Alloc Tax Rate: 1.6x
[30.658s][info][gc            ] GC(42) Pause Init Update Refs 0.076ms
[30.658s][info][gc,start      ] GC(42) Concurrent update references
[30.658s][info][gc,task       ] GC(42) Using 1 of 1 workers for concurrent reference update
[30.804s][info][gc            ] GC(42) Concurrent update references 146.176ms
[30.809s][info][gc,start      ] GC(42) Pause Final Update Refs
[30.809s][info][gc,task       ] GC(42) Using 1 of 1 workers for final reference update
[30.810s][info][gc            ] GC(42) Pause Final Update Refs 0.387ms
[30.810s][info][gc,start      ] GC(42) Concurrent cleanup
[30.810s][info][gc            ] GC(42) Concurrent cleanup 366M->179M(500M) 0.070ms
[30.810s][info][gc,ergo       ] Free: 294M, Max: 256K regular, 109M humongous, Frag: 63% external, 0% internal; Reserve: 25600K, Max: 256K
[30.810s][info][gc,stats      ] 
[30.810s][info][gc,stats      ] All times are wall-clock times, except per-root-class counters, that are sum over
[30.810s][info][gc,stats      ] all workers. Dividing the <total> over the root stage time estimates parallelism.
[30.810s][info][gc,stats      ] 
[30.810s][info][gc,stats      ] Concurrent Reset                    449 us
[30.810s][info][gc,stats      ] Pause Init Mark (G)                5698 us
[30.810s][info][gc,stats      ] Pause Init Mark (N)                1222 us
[30.810s][info][gc,stats      ]   Accumulate Stats                    9 us
[30.810s][info][gc,stats      ]   Make Parsable                       7 us
[30.810s][info][gc,stats      ]   Update Region States               34 us
[30.810s][info][gc,stats      ]   Scan Roots                       1132 us, parallelism: 0.76x
[30.810s][info][gc,stats      ]     S: <total>                      861 us
[30.810s][info][gc,stats      ]     S: Thread Roots                 293 us, workers (us): 293, 
[30.810s][info][gc,stats      ]     S: Universe Roots                 2 us, workers (us):   2, 
[30.810s][info][gc,stats      ]     S: JNI Handles Roots              1 us, workers (us):   1, 
[30.810s][info][gc,stats      ]     S: Synchronizer Roots             0 us, workers (us):   0, 
[30.810s][info][gc,stats      ]     S: Management Roots               1 us, workers (us):   1, 
[30.810s][info][gc,stats      ]     S: System Dict Roots             11 us, workers (us):  11, 
[30.810s][info][gc,stats      ]     S: CLDG Roots                   552 us, workers (us): 552, 
[30.810s][info][gc,stats      ]     S: JVMTI Roots                    1 us, workers (us):   1, 
[30.810s][info][gc,stats      ]   Resize TLABs                        6 us
[30.810s][info][gc,stats      ] Concurrent Marking                82071 us
[30.810s][info][gc,stats      ] Pause Final Mark (G)               7321 us
[30.810s][info][gc,stats      ] Pause Final Mark (N)               5461 us
[30.810s][info][gc,stats      ]   Finish Queues                    3414 us
[30.810s][info][gc,stats      ]   System Purge                      259 us
[30.810s][info][gc,stats      ]     Weak Roots                      258 us
[30.810s][info][gc,stats      ]   Update Region States               29 us
[30.810s][info][gc,stats      ]   Retire TLABs                        9 us
[30.810s][info][gc,stats      ]   Choose Collection Set             141 us
[30.810s][info][gc,stats      ]   Rebuild Free Set                    7 us
[30.810s][info][gc,stats      ]   Initial Evacuation               1594 us, parallelism: 0.61x
[30.810s][info][gc,stats      ]     E: <total>                      965 us
[30.810s][info][gc,stats      ]     E: Thread Roots                 308 us, workers (us): 308, 
[30.810s][info][gc,stats      ]     E: Code Cache Roots             183 us, workers (us): 183, 
[30.810s][info][gc,stats      ]     E: Universe Roots                 2 us, workers (us):   2, 
[30.810s][info][gc,stats      ]     E: JNI Handles Roots              1 us, workers (us):   1, 
[30.810s][info][gc,stats      ]     E: Synchronizer Roots             0 us, workers (us):   0, 
[30.810s][info][gc,stats      ]     E: Management Roots               2 us, workers (us):   2, 
[30.810s][info][gc,stats      ]     E: System Dict Roots              9 us, workers (us):   9, 
[30.810s][info][gc,stats      ]     E: CLDG Roots                   460 us, workers (us): 460, 
[30.810s][info][gc,stats      ]     E: JVMTI Roots                    0 us, workers (us):   0, 
[30.810s][info][gc,stats      ] Concurrent Cleanup                   55 us
[30.810s][info][gc,stats      ] Concurrent Evacuation             65018 us
[30.810s][info][gc,stats      ] Pause Init  Update Refs (G)        2423 us
[30.810s][info][gc,stats      ] Pause Init  Update Refs (N)          24 us
[30.810s][info][gc,stats      ]   Retire GCLABs                       8 us
[30.810s][info][gc,stats      ] Concurrent Update Refs           146154 us
[30.810s][info][gc,stats      ] Pause Final Update Refs (G)        5456 us
[30.810s][info][gc,stats      ] Pause Final Update Refs (N)         322 us
[30.810s][info][gc,stats      ]   Update Roots                      272 us, parallelism: 0.97x
[30.810s][info][gc,stats      ]     UR: <total>                     262 us
[30.810s][info][gc,stats      ]     UR: Thread Roots                262 us, workers (us): 262, 
[30.810s][info][gc,stats      ]   Update Region States               29 us
[30.810s][info][gc,stats      ]   Trash Collection Set                5 us
[30.810s][info][gc,stats      ]   Rebuild Free Set                    7 us
[30.810s][info][gc,stats      ] Concurrent Cleanup                   62 us
[30.810s][info][gc,stats      ] Pacing                            79396 us
[30.810s][info][gc,stats      ] 
[30.810s][info][gc,stats      ] Allocation pacing accrued:
[30.810s][info][gc,stats      ]      13 of   374 ms (  3.4%): Spark Context Cleaner
[30.810s][info][gc,stats      ]      67 of   374 ms ( 17.8%): Executor task launch worker for task 0.0 in stage 4.0 (TID 4)
[30.810s][info][gc,stats      ]      79 of   374 ms ( 21.2%): <total>
[30.810s][info][gc,stats      ]       1 of   374 ms (  0.3%): <average total>
[30.810s][info][gc,stats      ]      40 of   374 ms ( 10.6%): <average non-zero>
[30.810s][info][gc,stats      ] 
[30.810s][info][gc,metaspace  ] Metaspace: 60060K->60060K(1103872K)
[30.810s][info][gc,ergo       ] Pacer for Idle. Initial: 10240K, Alloc Tax Rate: 1.0x
[30.860s][info][gc            ] Trigger: Average GC time (402.69 ms) is above the time for allocation rate (541 MB/s) to deplete free headroom (212M)
[30.860s][info][gc,ergo       ] Free headroom: 237M (free) - 25600K (spike) - 0B (penalties) = 212M
[30.860s][info][gc,ergo       ] Free: 237M, Max: 256K regular, 109M humongous, Frag: 54% external, 0% internal; Reserve: 25600K, Max: 256K
[30.860s][info][gc,start      ] GC(43) Concurrent reset
[30.860s][info][gc,task       ] GC(43) Using 1 of 1 workers for concurrent reset
[30.860s][info][gc,ergo       ] GC(43) Pacer for Reset. Non-Taxable: 500M
[30.860s][info][gc            ] GC(43) Concurrent reset 0.401ms
[30.863s][info][gc,start      ] GC(43) Pause Init Mark
[30.863s][info][gc,task       ] GC(43) Using 1 of 1 workers for init marking
[30.864s][info][gc,ergo       ] GC(43) Pacer for Mark. Expected Live: 85295K, Free: 237M, Non-Taxable: 24345K, Alloc Tax Rate: 0.4x
[30.864s][info][gc            ] GC(43) Pause Init Mark 1.318ms
[30.864s][info][gc,start      ] GC(43) Concurrent marking
[30.864s][info][gc,task       ] GC(43) Using 1 of 1 workers for concurrent marking
[30.953s][info][gc            ] GC(43) Concurrent marking 89.326ms
[30.954s][info][gc,start      ] GC(43) Pause Final Mark
[30.954s][info][gc,task       ] GC(43) Using 1 of 1 workers for final marking
[30.954s][info][gc,ergo       ] GC(43) Adaptive CSet Selection. Target Free: 72533K, Actual Free: 223M, Max CSet: 21333K, Min Garbage: 0B
[30.954s][info][gc,ergo       ] GC(43) Collectable Garbage: 181M (99%), Immediate: 1536K (0%), CSet: 179M (98%)
[30.956s][info][gc,ergo       ] GC(43) Pacer for Evacuation. Used CSet: 194M, Free: 199M, Non-Taxable: 20403K, Alloc Tax Rate: 2.4x
[30.956s][info][gc            ] GC(43) Pause Final Mark 2.214ms
[30.956s][info][gc,start      ] GC(43) Concurrent cleanup
[30.956s][info][gc            ] GC(43) Concurrent cleanup 276M->274M(500M) 0.043ms
[30.956s][info][gc,ergo       ] GC(43) Free: 199M, Max: 256K regular, 109M humongous, Frag: 46% external, 0% internal; Reserve: 25600K, Max: 256K
[30.956s][info][gc,start      ] GC(43) Concurrent evacuation
[30.956s][info][gc,task       ] GC(43) Using 1 of 1 workers for concurrent evacuation
[30.997s][info][gc            ] GC(43) Concurrent evacuation 40.787ms
[30.999s][info][gc,start      ] GC(43) Pause Init Update Refs
[30.999s][info][gc,ergo       ] GC(43) Pacer for Update Refs. Used: 327M, Free: 161M, Non-Taxable: 16486K, Alloc Tax Rate: 2.5x
[30.999s][info][gc            ] GC(43) Pause Init Update Refs 0.032ms
[30.999s][info][gc,start      ] GC(43) Concurrent update references
[30.999s][info][gc,task       ] GC(43) Using 1 of 1 workers for concurrent reference update
[31.135s][info][gc            ] GC(43) Concurrent update references 135.888ms
[31.138s][info][gc,start      ] GC(43) Pause Final Update Refs
[31.138s][info][gc,task       ] GC(43) Using 1 of 1 workers for final reference update
[31.138s][info][gc            ] GC(43) Pause Final Update Refs 0.339ms
[31.138s][info][gc,start      ] GC(43) Concurrent cleanup
[31.138s][info][gc            ] GC(43) Concurrent cleanup 455M->261M(500M) 0.070ms
[31.138s][info][gc,ergo       ] Free: 212M, Max: 256K regular, 51456K humongous, Frag: 77% external, 0% internal; Reserve: 25600K, Max: 256K
[31.138s][info][gc,stats      ] 
[31.138s][info][gc,stats      ] All times are wall-clock times, except per-root-class counters, that are sum over
[31.138s][info][gc,stats      ] all workers. Dividing the <total> over the root stage time estimates parallelism.
[31.138s][info][gc,stats      ] 
[31.138s][info][gc,stats      ] Concurrent Reset                    389 us
[31.138s][info][gc,stats      ] Pause Init Mark (G)                3618 us
[31.138s][info][gc,stats      ] Pause Init Mark (N)                1286 us
[31.138s][info][gc,stats      ]   Accumulate Stats                    9 us
[31.138s][info][gc,stats      ]   Make Parsable                       8 us
[31.138s][info][gc,stats      ]   Update Region States               27 us
[31.138s][info][gc,stats      ]   Scan Roots                       1186 us, parallelism: 0.74x
[31.138s][info][gc,stats      ]     S: <total>                      878 us
[31.138s][info][gc,stats      ]     S: Thread Roots                 325 us, workers (us): 325, 
[31.138s][info][gc,stats      ]     S: Universe Roots                 2 us, workers (us):   2, 
[31.138s][info][gc,stats      ]     S: JNI Handles Roots              1 us, workers (us):   1, 
[31.138s][info][gc,stats      ]     S: Synchronizer Roots             0 us, workers (us):   0, 
[31.138s][info][gc,stats      ]     S: Management Roots               2 us, workers (us):   2, 
[31.138s][info][gc,stats      ]     S: System Dict Roots             12 us, workers (us):  12, 
[31.138s][info][gc,stats      ]     S: CLDG Roots                   535 us, workers (us): 535, 
[31.138s][info][gc,stats      ]     S: JVMTI Roots                    1 us, workers (us):   1, 
[31.138s][info][gc,stats      ]   Resize TLABs                        9 us
[31.138s][info][gc,stats      ] Concurrent Marking                89317 us
[31.138s][info][gc,stats      ] Pause Final Mark (G)               2319 us
[31.138s][info][gc,stats      ] Pause Final Mark (N)               2203 us
[31.138s][info][gc,stats      ]   Finish Queues                      10 us
[31.138s][info][gc,stats      ]   System Purge                      407 us
[31.138s][info][gc,stats      ]     Weak Roots                      407 us
[31.138s][info][gc,stats      ]   Update Region States               26 us
[31.138s][info][gc,stats      ]   Retire TLABs                       11 us
[31.138s][info][gc,stats      ]   Choose Collection Set             124 us
[31.138s][info][gc,stats      ]   Rebuild Free Set                    7 us
[31.138s][info][gc,stats      ]   Initial Evacuation               1612 us, parallelism: 0.58x
[31.138s][info][gc,stats      ]     E: <total>                      933 us
[31.138s][info][gc,stats      ]     E: Thread Roots                 274 us, workers (us): 274, 
[31.138s][info][gc,stats      ]     E: Code Cache Roots             154 us, workers (us): 154, 
[31.138s][info][gc,stats      ]     E: Universe Roots                 1 us, workers (us):   1, 
[31.138s][info][gc,stats      ]     E: JNI Handles Roots              1 us, workers (us):   1, 
[31.138s][info][gc,stats      ]     E: Synchronizer Roots             0 us, workers (us):   0, 
[31.138s][info][gc,stats      ]     E: Management Roots               1 us, workers (us):   1, 
[31.138s][info][gc,stats      ]     E: System Dict Roots             10 us, workers (us):  10, 
[31.138s][info][gc,stats      ]     E: CLDG Roots                   491 us, workers (us): 491, 
[31.138s][info][gc,stats      ]     E: JVMTI Roots                    1 us, workers (us):   1, 
[31.138s][info][gc,stats      ] Concurrent Cleanup                   34 us
[31.138s][info][gc,stats      ] Concurrent Evacuation             40774 us
[31.138s][info][gc,stats      ] Pause Init  Update Refs (G)        2530 us
[31.138s][info][gc,stats      ] Pause Init  Update Refs (N)          12 us
[31.138s][info][gc,stats      ]   Retire GCLABs                       5 us
[31.138s][info][gc,stats      ] Concurrent Update Refs           135875 us
[31.138s][info][gc,stats      ] Pause Final Update Refs (G)        2604 us
[31.138s][info][gc,stats      ] Pause Final Update Refs (N)         304 us
[31.138s][info][gc,stats      ]   Update Roots                      257 us, parallelism: 0.97x
[31.138s][info][gc,stats      ]     UR: <total>                     249 us
[31.138s][info][gc,stats      ]     UR: Thread Roots                249 us, workers (us): 249, 
[31.138s][info][gc,stats      ]   Update Region States               28 us
[31.138s][info][gc,stats      ]   Trash Collection Set                4 us
[31.138s][info][gc,stats      ]   Rebuild Free Set                    7 us
[31.138s][info][gc,stats      ] Concurrent Cleanup                   63 us
[31.138s][info][gc,stats      ] Pacing                            29518 us
[31.138s][info][gc,stats      ] 
[31.138s][info][gc,stats      ] Allocation pacing accrued:
[31.138s][info][gc,stats      ]      30 of   328 ms (  9.0%): Executor task launch worker for task 0.0 in stage 4.0 (TID 4)
[31.138s][info][gc,stats      ]      30 of   328 ms (  9.0%): <total>
[31.138s][info][gc,stats      ]       0 of   328 ms (  0.1%): <average total>
[31.138s][info][gc,stats      ]      30 of   328 ms (  9.0%): <average non-zero>
[31.138s][info][gc,stats      ] 
[31.138s][info][gc,metaspace  ] Metaspace: 60060K->60060K(1103872K)
[31.138s][info][gc,ergo       ] Pacer for Idle. Initial: 10240K, Alloc Tax Rate: 1.0x
[31.139s][info][gc            ] Trigger: Average GC time (372.83 ms) is above the time for allocation rate (751 MB/s) to deplete free headroom (184M)
[31.139s][info][gc,ergo       ] Free headroom: 209M (free) - 25600K (spike) - 0B (penalties) = 184M
[31.139s][info][gc,ergo       ] Free: 209M, Max: 256K regular, 51456K humongous, Frag: 77% external, 0% internal; Reserve: 25600K, Max: 256K
[31.139s][info][gc,start      ] GC(44) Concurrent reset
[31.139s][info][gc,task       ] GC(44) Using 1 of 1 workers for concurrent reset
[31.139s][info][gc,ergo       ] GC(44) Pacer for Reset. Non-Taxable: 500M
[31.140s][info][gc            ] GC(44) Concurrent reset 0.359ms
[31.142s][info][gc,start      ] GC(44) Pause Init Mark
[31.142s][info][gc,task       ] GC(44) Using 1 of 1 workers for init marking
[31.143s][info][gc,ergo       ] GC(44) Pacer for Mark. Expected Live: 81679K, Free: 209M, Non-Taxable: 21478K, Alloc Tax Rate: 0.5x
[31.143s][info][gc            ] GC(44) Pause Init Mark 1.214ms
[31.143s][info][gc,start      ] GC(44) Concurrent marking
[31.143s][info][gc,task       ] GC(44) Using 1 of 1 workers for concurrent marking
[31.217s][info][gc            ] GC(44) Concurrent marking 73.542ms
[31.217s][info][gc,start      ] GC(44) Pause Final Mark
[31.217s][info][gc,task       ] GC(44) Using 1 of 1 workers for final marking
[31.217s][info][gc,ergo       ] GC(44) Adaptive CSet Selection. Target Free: 72533K, Actual Free: 198M, Max CSet: 21333K, Min Garbage: 0B
[31.217s][info][gc,ergo       ] GC(44) Collectable Garbage: 194M (99%), Immediate: 0B (0%), CSet: 194M (99%)
[31.219s][info][gc,ergo       ] GC(44) Pacer for Evacuation. Used CSet: 210M, Free: 173M, Non-Taxable: 17715K, Alloc Tax Rate: 3.0x
[31.219s][info][gc            ] GC(44) Pause Final Mark 2.047ms
[31.219s][info][gc,start      ] GC(44) Concurrent cleanup
[31.219s][info][gc            ] GC(44) Concurrent cleanup 300M->300M(500M) 0.041ms
[31.219s][info][gc,ergo       ] GC(44) Free: 173M, Max: 256K regular, 51456K humongous, Frag: 71% external, 1% internal; Reserve: 25600K, Max: 256K
[31.219s][info][gc,start      ] GC(44) Concurrent evacuation
[31.219s][info][gc,task       ] GC(44) Using 1 of 1 workers for concurrent evacuation
[31.279s][info][gc            ] GC(44) Concurrent evacuation 59.805ms
[31.283s][info][gc,start      ] GC(44) Pause Init Update Refs
[31.283s][info][gc,ergo       ] GC(44) Pacer for Update Refs. Used: 348M, Free: 141M, Non-Taxable: 14438K, Alloc Tax Rate: 3.0x
[31.283s][info][gc            ] GC(44) Pause Init Update Refs 0.056ms
[31.283s][info][gc,start      ] GC(44) Concurrent update references
[31.283s][info][gc,task       ] GC(44) Using 1 of 1 workers for concurrent reference update
[31.465s][info][gc            ] GC(44) Concurrent update references 181.176ms
[31.465s][info][gc,start      ] GC(44) Pause Final Update Refs
[31.465s][info][gc,task       ] GC(44) Using 1 of 1 workers for final reference update
[31.465s][info][gc            ] GC(44) Pause Final Update Refs 0.338ms
[31.465s][info][gc,start      ] GC(44) Concurrent cleanup
[31.465s][info][gc            ] GC(44) Concurrent cleanup 467M->257M(500M) 0.072ms
[31.465s][info][gc,ergo       ] Free: 216M, Max: 256K regular, 85504K humongous, Frag: 62% external, 0% internal; Reserve: 25600K, Max: 256K
[31.465s][info][gc,stats      ] 
[31.465s][info][gc,stats      ] All times are wall-clock times, except per-root-class counters, that are sum over
[31.465s][info][gc,stats      ] all workers. Dividing the <total> over the root stage time estimates parallelism.
[31.465s][info][gc,stats      ] 
[31.465s][info][gc,stats      ] Concurrent Reset                    352 us
[31.465s][info][gc,stats      ] Pause Init Mark (G)                3502 us
[31.465s][info][gc,stats      ] Pause Init Mark (N)                1182 us
[31.465s][info][gc,stats      ]   Accumulate Stats                    9 us
[31.465s][info][gc,stats      ]   Make Parsable                       7 us
[31.465s][info][gc,stats      ]   Update Region States               26 us
[31.465s][info][gc,stats      ]   Scan Roots                       1109 us, parallelism: 0.75x
[31.465s][info][gc,stats      ]     S: <total>                      832 us
[31.465s][info][gc,stats      ]     S: Thread Roots                 277 us, workers (us): 277, 
[31.465s][info][gc,stats      ]     S: Universe Roots                 2 us, workers (us):   2, 
[31.465s][info][gc,stats      ]     S: JNI Handles Roots              1 us, workers (us):   1, 
[31.465s][info][gc,stats      ]     S: Synchronizer Roots             0 us, workers (us):   0, 
[31.465s][info][gc,stats      ]     S: Management Roots               1 us, workers (us):   1, 
[31.465s][info][gc,stats      ]     S: System Dict Roots             11 us, workers (us):  11, 
[31.465s][info][gc,stats      ]     S: CLDG Roots                   539 us, workers (us): 539, 
[31.465s][info][gc,stats      ]     S: JVMTI Roots                    1 us, workers (us):   1, 
[31.465s][info][gc,stats      ]   Resize TLABs                        5 us
[31.465s][info][gc,stats      ] Concurrent Marking                73532 us
[31.465s][info][gc,stats      ] Pause Final Mark (G)               2129 us
[31.465s][info][gc,stats      ] Pause Final Mark (N)               2037 us
[31.465s][info][gc,stats      ]   Finish Queues                       9 us
[31.465s][info][gc,stats      ]   System Purge                      273 us
[31.465s][info][gc,stats      ]     Weak Roots                      272 us
[31.465s][info][gc,stats      ]   Update Region States               25 us
[31.465s][info][gc,stats      ]   Retire TLABs                        8 us
[31.465s][info][gc,stats      ]   Choose Collection Set             117 us
[31.465s][info][gc,stats      ]   Rebuild Free Set                    6 us
[31.465s][info][gc,stats      ]   Initial Evacuation               1592 us, parallelism: 0.61x
[31.465s][info][gc,stats      ]     E: <total>                      972 us
[31.465s][info][gc,stats      ]     E: Thread Roots                 274 us, workers (us): 274, 
[31.465s][info][gc,stats      ]     E: Code Cache Roots             230 us, workers (us): 230, 
[31.465s][info][gc,stats      ]     E: Universe Roots                 1 us, workers (us):   1, 
[31.465s][info][gc,stats      ]     E: JNI Handles Roots              1 us, workers (us):   1, 
[31.465s][info][gc,stats      ]     E: Synchronizer Roots             0 us, workers (us):   0, 
[31.465s][info][gc,stats      ]     E: Management Roots               1 us, workers (us):   1, 
[31.465s][info][gc,stats      ]     E: System Dict Roots             10 us, workers (us):  10, 
[31.465s][info][gc,stats      ]     E: CLDG Roots                   454 us, workers (us): 454, 
[31.465s][info][gc,stats      ]     E: JVMTI Roots                    0 us, workers (us):   0, 
[31.465s][info][gc,stats      ] Concurrent Cleanup                   33 us
[31.465s][info][gc,stats      ] Concurrent Evacuation             59790 us
[31.465s][info][gc,stats      ] Pause Init  Update Refs (G)        4302 us
[31.465s][info][gc,stats      ] Pause Init  Update Refs (N)          19 us
[31.465s][info][gc,stats      ]   Retire GCLABs                       6 us
[31.465s][info][gc,stats      ] Concurrent Update Refs           181164 us
[31.465s][info][gc,stats      ] Pause Final Update Refs (G)         493 us
[31.465s][info][gc,stats      ] Pause Final Update Refs (N)         321 us
[31.465s][info][gc,stats      ]   Update Roots                      275 us, parallelism: 0.97x
[31.465s][info][gc,stats      ]     UR: <total>                     267 us
[31.465s][info][gc,stats      ]     UR: Thread Roots                267 us, workers (us): 267, 
[31.465s][info][gc,stats      ]   Update Region States               27 us
[31.465s][info][gc,stats      ]   Trash Collection Set                4 us
[31.465s][info][gc,stats      ]   Rebuild Free Set                    7 us
[31.465s][info][gc,stats      ] Concurrent Cleanup                   66 us
[31.465s][info][gc,stats      ] Pacing                            49044 us
[31.465s][info][gc,stats      ] 
[31.465s][info][gc,stats      ] Allocation pacing accrued:
[31.465s][info][gc,stats      ]      49 of   327 ms ( 15.0%): Executor task launch worker for task 0.0 in stage 4.0 (TID 4)
[31.465s][info][gc,stats      ]      49 of   327 ms ( 15.0%): <total>
[31.465s][info][gc,stats      ]       1 of   327 ms (  0.2%): <average total>
[31.465s][info][gc,stats      ]      49 of   327 ms ( 15.0%): <average non-zero>
[31.465s][info][gc,stats      ] 
[31.465s][info][gc,metaspace  ] Metaspace: 60060K->60060K(1103872K)
[31.465s][info][gc,ergo       ] Pacer for Idle. Initial: 10240K, Alloc Tax Rate: 1.0x
[31.467s][info][gc            ] Trigger: Average GC time (381.79 ms) is above the time for allocation rate (573 MB/s) to deplete free headroom (191M)
[31.467s][info][gc,ergo       ] Free headroom: 216M (free) - 25600K (spike) - 0B (penalties) = 191M
[31.467s][info][gc,ergo       ] Free: 216M, Max: 256K regular, 85504K humongous, Frag: 62% external, 0% internal; Reserve: 25600K, Max: 256K
[31.467s][info][gc,start      ] GC(45) Concurrent reset
[31.467s][info][gc,task       ] GC(45) Using 1 of 1 workers for concurrent reset
[31.467s][info][gc,ergo       ] GC(45) Pacer for Reset. Non-Taxable: 500M
[31.467s][info][gc            ] GC(45) Concurrent reset 0.450ms
[31.467s][info][gc,start      ] GC(45) Pause Init Mark (process weakrefs)
[31.467s][info][gc,task       ] GC(45) Using 1 of 1 workers for init marking
[31.468s][info][gc,ergo       ] GC(45) Pacer for Mark. Expected Live: 77350K, Free: 216M, Non-Taxable: 22169K, Alloc Tax Rate: 0.4x
[31.468s][info][gc            ] GC(45) Pause Init Mark (process weakrefs) 1.233ms
[31.468s][info][gc,start      ] GC(45) Concurrent marking (process weakrefs)
[31.468s][info][gc,task       ] GC(45) Using 1 of 1 workers for concurrent marking
[31.551s][info][gc            ] GC(45) Concurrent marking (process weakrefs) 82.710ms
[31.551s][info][gc,start      ] GC(45) Concurrent precleaning
[31.551s][info][gc,task       ] GC(45) Using 1 of 1 workers for concurrent preclean
[31.551s][info][gc,ergo       ] GC(45) Pacer for Precleaning. Non-Taxable: 500M
[31.552s][info][gc            ] GC(45) Concurrent precleaning 0.489ms
[31.552s][info][gc,start      ] GC(45) Pause Final Mark (process weakrefs)
[31.552s][info][gc,task       ] GC(45) Using 1 of 1 workers for final marking
[31.552s][info][gc,ergo       ] GC(45) Adaptive CSet Selection. Target Free: 72533K, Actual Free: 200M, Max CSet: 21333K, Min Garbage: 0B
[31.552s][info][gc,ergo       ] GC(45) Collectable Garbage: 171M (98%), Immediate: 2048K (1%), CSet: 169M (97%)
[31.554s][info][gc,ergo       ] GC(45) Pacer for Evacuation. Used CSet: 183M, Free: 175M, Non-Taxable: 17996K, Alloc Tax Rate: 2.5x
[31.554s][info][gc            ] GC(45) Pause Final Mark (process weakrefs) 2.674ms
[31.559s][info][gc,start      ] GC(45) Concurrent cleanup
[31.559s][info][gc            ] GC(45) Concurrent cleanup 304M->304M(500M) 0.056ms
[31.559s][info][gc,ergo       ] GC(45) Free: 169M, Max: 256K regular, 85504K humongous, Frag: 51% external, 0% internal; Reserve: 25597K, Max: 256K
[31.559s][info][gc,start      ] GC(45) Concurrent evacuation
[31.559s][info][gc,task       ] GC(45) Using 1 of 1 workers for concurrent evacuation
[31.596s][info][gc            ] GC(45) Concurrent evacuation 37.653ms
[31.599s][info][gc,start      ] GC(45) Pause Init Update Refs
[31.599s][info][gc,ergo       ] GC(45) Pacer for Update Refs. Used: 345M, Free: 141M, Non-Taxable: 14540K, Alloc Tax Rate: 3.0x
[31.599s][info][gc            ] GC(45) Pause Init Update Refs 0.089ms
[31.599s][info][gc,start      ] GC(45) Concurrent update references
[31.599s][info][gc,task       ] GC(45) Using 1 of 1 workers for concurrent reference update
[31.746s][info][gc            ] GC(45) Concurrent update references 146.666ms
[31.746s][info][gc,start      ] GC(45) Pause Final Update Refs
[31.746s][info][gc,task       ] GC(45) Using 1 of 1 workers for final reference update
[31.747s][info][gc            ] GC(45) Pause Final Update Refs 0.315ms
[31.747s][info][gc,start      ] GC(45) Concurrent cleanup
[31.747s][info][gc            ] GC(45) Concurrent cleanup 459M->276M(500M) 0.067ms
[31.747s][info][gc,ergo       ] Free: 197M, Max: 256K regular, 34048K humongous, Frag: 84% external, 1% internal; Reserve: 25600K, Max: 256K
[31.747s][info][gc,stats      ] 
[31.747s][info][gc,stats      ] All times are wall-clock times, except per-root-class counters, that are sum over
[31.747s][info][gc,stats      ] all workers. Dividing the <total> over the root stage time estimates parallelism.
[31.747s][info][gc,stats      ] 
[31.747s][info][gc,stats      ] Concurrent Reset                    439 us
[31.747s][info][gc,stats      ] Pause Init Mark (G)                1406 us
[31.747s][info][gc,stats      ] Pause Init Mark (N)                1223 us
[31.747s][info][gc,stats      ]   Accumulate Stats                    9 us
[31.747s][info][gc,stats      ]   Make Parsable                       8 us
[31.747s][info][gc,stats      ]   Update Region States               20 us
[31.747s][info][gc,stats      ]   Scan Roots                       1146 us, parallelism: 0.76x
[31.747s][info][gc,stats      ]     S: <total>                      871 us
[31.747s][info][gc,stats      ]     S: Thread Roots                 283 us, workers (us): 283, 
[31.747s][info][gc,stats      ]     S: Universe Roots                 3 us, workers (us):   3, 
[31.747s][info][gc,stats      ]     S: JNI Handles Roots              2 us, workers (us):   2, 
[31.747s][info][gc,stats      ]     S: Synchronizer Roots             0 us, workers (us):   0, 
[31.747s][info][gc,stats      ]     S: Management Roots               1 us, workers (us):   1, 
[31.747s][info][gc,stats      ]     S: System Dict Roots             11 us, workers (us):  11, 
[31.747s][info][gc,stats      ]     S: CLDG Roots                   571 us, workers (us): 571, 
[31.747s][info][gc,stats      ]     S: JVMTI Roots                    1 us, workers (us):   1, 
[31.747s][info][gc,stats      ]   Resize TLABs                        6 us
[31.747s][info][gc,stats      ] Concurrent Marking                82702 us
[31.747s][info][gc,stats      ] Concurrent Precleaning              482 us
[31.747s][info][gc,stats      ] Pause Final Mark (G)               6954 us
[31.747s][info][gc,stats      ] Pause Final Mark (N)               2665 us
[31.747s][info][gc,stats      ]   Finish Queues                       8 us
[31.747s][info][gc,stats      ]   Weak References                    31 us
[31.747s][info][gc,stats      ]     Process                          29 us
[31.747s][info][gc,stats      ]   System Purge                      284 us
[31.747s][info][gc,stats      ]     Weak Roots                      283 us
[31.747s][info][gc,stats      ]   Update Region States               25 us
[31.747s][info][gc,stats      ]   Retire TLABs                        8 us
[31.747s][info][gc,stats      ]   Choose Collection Set             119 us
[31.747s][info][gc,stats      ]   Rebuild Free Set                    6 us
[31.747s][info][gc,stats      ]   Initial Evacuation               2177 us, parallelism: 0.66x
[31.747s][info][gc,stats      ]     E: <total>                     1446 us
[31.747s][info][gc,stats      ]     E: Thread Roots                 429 us, workers (us): 429, 
[31.747s][info][gc,stats      ]     E: Code Cache Roots             276 us, workers (us): 276, 
[31.747s][info][gc,stats      ]     E: Universe Roots                 1 us, workers (us):   1, 
[31.747s][info][gc,stats      ]     E: JNI Handles Roots              1 us, workers (us):   1, 
[31.747s][info][gc,stats      ]     E: Synchronizer Roots             0 us, workers (us):   0, 
[31.747s][info][gc,stats      ]     E: Management Roots               1 us, workers (us):   1, 
[31.747s][info][gc,stats      ]     E: System Dict Roots             10 us, workers (us):  10, 
[31.747s][info][gc,stats      ]     E: CLDG Roots                   728 us, workers (us): 728, 
[31.747s][info][gc,stats      ]     E: JVMTI Roots                    0 us, workers (us):   0, 
[31.747s][info][gc,stats      ] Concurrent Cleanup                   33 us
[31.747s][info][gc,stats      ] Concurrent Evacuation             37640 us
[31.747s][info][gc,stats      ] Pause Init  Update Refs (G)        2891 us
[31.747s][info][gc,stats      ] Pause Init  Update Refs (N)          22 us
[31.747s][info][gc,stats      ]   Retire GCLABs                       7 us
[31.747s][info][gc,stats      ] Concurrent Update Refs           146648 us
[31.747s][info][gc,stats      ] Pause Final Update Refs (G)         523 us
[31.747s][info][gc,stats      ] Pause Final Update Refs (N)         302 us
[31.747s][info][gc,stats      ]   Update Roots                      256 us, parallelism: 0.97x
[31.747s][info][gc,stats      ]     UR: <total>                     249 us
[31.747s][info][gc,stats      ]     UR: Thread Roots                249 us, workers (us): 249, 
[31.747s][info][gc,stats      ]   Update Region States               28 us
[31.747s][info][gc,stats      ]   Trash Collection Set                4 us
[31.747s][info][gc,stats      ]   Rebuild Free Set                    7 us
[31.747s][info][gc,stats      ] Concurrent Cleanup                   61 us
[31.747s][info][gc,stats      ] Pacing                            81062 us
[31.747s][info][gc,stats      ] 
[31.747s][info][gc,stats      ] Allocation pacing accrued:
[31.747s][info][gc,stats      ]      81 of   282 ms ( 28.8%): Executor task launch worker for task 0.0 in stage 4.0 (TID 4)
[31.747s][info][gc,stats      ]      81 of   282 ms ( 28.8%): <total>
[31.747s][info][gc,stats      ]       1 of   282 ms (  0.4%): <average total>
[31.747s][info][gc,stats      ]      81 of   282 ms ( 28.8%): <average non-zero>
[31.747s][info][gc,stats      ] 
[31.747s][info][gc,metaspace  ] Metaspace: 60060K->60066K(1103872K)
[31.747s][info][gc,ergo       ] Pacer for Idle. Initial: 10240K, Alloc Tax Rate: 1.0x
[31.750s][info][gc            ] Trigger: Average GC time (381.39 ms) is above the time for allocation rate (699 MB/s) to deplete free headroom (164M)
[31.750s][info][gc,ergo       ] Free headroom: 189M (free) - 25600K (spike) - 0B (penalties) = 164M
[31.750s][info][gc,ergo       ] Free: 189M, Max: 256K regular, 34048K humongous, Frag: 83% external, 1% internal; Reserve: 25600K, Max: 256K
[31.750s][info][gc,start      ] GC(46) Concurrent reset
[31.750s][info][gc,task       ] GC(46) Using 1 of 1 workers for concurrent reset
[31.750s][info][gc,ergo       ] GC(46) Pacer for Reset. Non-Taxable: 500M
[31.754s][info][gc            ] GC(46) Concurrent reset 3.924ms
[31.756s][info][gc,start      ] GC(46) Pause Init Mark
[31.756s][info][gc,task       ] GC(46) Using 1 of 1 workers for init marking
[31.758s][info][gc,ergo       ] GC(46) Pacer for Mark. Expected Live: 73475K, Free: 181M, Non-Taxable: 18585K, Alloc Tax Rate: 0.5x
[31.758s][info][gc            ] GC(46) Pause Init Mark 1.202ms
[31.758s][info][gc,start      ] GC(46) Concurrent marking
[31.758s][info][gc,task       ] GC(46) Using 1 of 1 workers for concurrent marking
[31.847s][info][gc            ] GC(46) Concurrent marking 89.553ms
[31.847s][info][gc,start      ] GC(46) Pause Final Mark
[31.847s][info][gc,task       ] GC(46) Using 1 of 1 workers for final marking
[31.848s][info][gc,ergo       ] GC(46) Adaptive CSet Selection. Target Free: 72533K, Actual Free: 168M, Max CSet: 21333K, Min Garbage: 0B
[31.848s][info][gc,ergo       ] GC(46) Collectable Garbage: 191M (99%), Immediate: 0B (0%), CSet: 191M (99%)
[31.849s][info][gc,ergo       ] GC(46) Pacer for Evacuation. Used CSet: 207M, Free: 143M, Non-Taxable: 14720K, Alloc Tax Rate: 3.5x
[31.849s][info][gc            ] GC(46) Pause Final Mark 2.040ms
[31.849s][info][gc,start      ] GC(46) Concurrent cleanup
[31.849s][info][gc            ] GC(46) Concurrent cleanup 330M->330M(500M) 0.045ms
[31.849s][info][gc,ergo       ] GC(46) Free: 143M, Max: 256K regular, 34048K humongous, Frag: 77% external, 1% internal; Reserve: 25593K, Max: 256K
[31.849s][info][gc,start      ] GC(46) Concurrent evacuation
[31.849s][info][gc,task       ] GC(46) Using 1 of 1 workers for concurrent evacuation
[31.883s][info][gc            ] GC(46) Concurrent evacuation 34.005ms
[31.886s][info][gc,start      ] GC(46) Pause Init Update Refs
[31.886s][info][gc,ergo       ] GC(46) Pacer for Update Refs. Used: 382M, Free: 106M, Non-Taxable: 10931K, Alloc Tax Rate: 4.4x
[31.886s][info][gc            ] GC(46) Pause Init Update Refs 0.028ms
[31.886s][info][gc,start      ] GC(46) Concurrent update references
[31.886s][info][gc,task       ] GC(46) Using 1 of 1 workers for concurrent reference update
[32.014s][info][gc            ] GC(46) Concurrent update references 128.449ms
[32.014s][info][gc,start      ] GC(46) Pause Final Update Refs
[32.014s][info][gc,task       ] GC(46) Using 1 of 1 workers for final reference update
[32.015s][info][gc            ] GC(46) Pause Final Update Refs 0.331ms
[32.015s][info][gc,start      ] GC(46) Concurrent cleanup
[32.015s][info][gc            ] GC(46) Concurrent cleanup 472M->265M(500M) 0.071ms
[32.015s][info][gc,ergo       ] Free: 208M, Max: 256K regular, 59136K humongous, Frag: 73% external, 1% internal; Reserve: 25600K, Max: 256K
[32.015s][info][gc,stats      ] 
[32.015s][info][gc,stats      ] All times are wall-clock times, except per-root-class counters, that are sum over
[32.015s][info][gc,stats      ] all workers. Dividing the <total> over the root stage time estimates parallelism.
[32.015s][info][gc,stats      ] 
[32.015s][info][gc,stats      ] Concurrent Reset                   3912 us
[32.015s][info][gc,stats      ] Pause Init Mark (G)                3461 us
[32.015s][info][gc,stats      ] Pause Init Mark (N)                1183 us
[32.015s][info][gc,stats      ]   Accumulate Stats                    9 us
[32.015s][info][gc,stats      ]   Make Parsable                       9 us
[32.015s][info][gc,stats      ]   Update Region States               25 us
[32.015s][info][gc,stats      ]   Scan Roots                       1110 us, parallelism: 0.77x
[32.015s][info][gc,stats      ]     S: <total>                      851 us
[32.015s][info][gc,stats      ]     S: Thread Roots                 286 us, workers (us): 286, 
[32.015s][info][gc,stats      ]     S: Universe Roots                 2 us, workers (us):   2, 
[32.015s][info][gc,stats      ]     S: JNI Handles Roots              1 us, workers (us):   1, 
[32.015s][info][gc,stats      ]     S: Synchronizer Roots             0 us, workers (us):   0, 
[32.015s][info][gc,stats      ]     S: Management Roots               1 us, workers (us):   1, 
[32.015s][info][gc,stats      ]     S: System Dict Roots             12 us, workers (us):  12, 
[32.015s][info][gc,stats      ]     S: CLDG Roots                   547 us, workers (us): 547, 
[32.015s][info][gc,stats      ]     S: JVMTI Roots                    0 us, workers (us):   0, 
[32.015s][info][gc,stats      ]   Resize TLABs                        6 us
[32.015s][info][gc,stats      ] Concurrent Marking                89545 us
[32.015s][info][gc,stats      ] Pause Final Mark (G)               2131 us
[32.015s][info][gc,stats      ] Pause Final Mark (N)               2029 us
[32.015s][info][gc,stats      ]   Finish Queues                      10 us
[32.015s][info][gc,stats      ]   System Purge                      279 us
[32.015s][info][gc,stats      ]     Weak Roots                      279 us
[32.015s][info][gc,stats      ]   Update Region States               26 us
[32.015s][info][gc,stats      ]   Retire TLABs                        9 us
[32.015s][info][gc,stats      ]   Choose Collection Set             127 us
[32.015s][info][gc,stats      ]   Rebuild Free Set                    6 us
[32.015s][info][gc,stats      ]   Initial Evacuation               1564 us, parallelism: 0.61x
[32.015s][info][gc,stats      ]     E: <total>                      949 us
[32.015s][info][gc,stats      ]     E: Thread Roots                 287 us, workers (us): 287, 
[32.015s][info][gc,stats      ]     E: Code Cache Roots             196 us, workers (us): 196, 
[32.015s][info][gc,stats      ]     E: Universe Roots                 1 us, workers (us):   1, 
[32.015s][info][gc,stats      ]     E: JNI Handles Roots              1 us, workers (us):   1, 
[32.015s][info][gc,stats      ]     E: Synchronizer Roots             0 us, workers (us):   0, 
[32.015s][info][gc,stats      ]     E: Management Roots               2 us, workers (us):   2, 
[32.015s][info][gc,stats      ]     E: System Dict Roots              9 us, workers (us):   9, 
[32.015s][info][gc,stats      ]     E: CLDG Roots                   453 us, workers (us): 453, 
[32.015s][info][gc,stats      ]     E: JVMTI Roots                    0 us, workers (us):   0, 
[32.015s][info][gc,stats      ] Concurrent Cleanup                   37 us
[32.015s][info][gc,stats      ] Concurrent Evacuation             33992 us
[32.015s][info][gc,stats      ] Pause Init  Update Refs (G)        2247 us
[32.015s][info][gc,stats      ] Pause Init  Update Refs (N)          12 us
[32.015s][info][gc,stats      ]   Retire GCLABs                       5 us
[32.015s][info][gc,stats      ] Concurrent Update Refs           128438 us
[32.015s][info][gc,stats      ] Pause Final Update Refs (G)         478 us
[32.015s][info][gc,stats      ] Pause Final Update Refs (N)         314 us
[32.015s][info][gc,stats      ]   Update Roots                      266 us, parallelism: 0.98x
[32.015s][info][gc,stats      ]     UR: <total>                     260 us
[32.015s][info][gc,stats      ]     UR: Thread Roots                260 us, workers (us): 260, 
[32.015s][info][gc,stats      ]   Update Region States               28 us
[32.015s][info][gc,stats      ]   Trash Collection Set                4 us
[32.015s][info][gc,stats      ]   Rebuild Free Set                    7 us
[32.015s][info][gc,stats      ] Concurrent Cleanup                   65 us
[32.015s][info][gc,stats      ] Pacing                           137404 us
[32.015s][info][gc,stats      ] 
[32.015s][info][gc,stats      ] Allocation pacing accrued:
[32.015s][info][gc,stats      ]      13 of   268 ms (  4.7%): Spark Context Cleaner
[32.015s][info][gc,stats      ]     125 of   268 ms ( 46.5%): Executor task launch worker for task 0.0 in stage 4.0 (TID 4)
[32.015s][info][gc,stats      ]     137 of   268 ms ( 51.2%): <total>
[32.015s][info][gc,stats      ]       2 of   268 ms (  0.7%): <average total>
[32.015s][info][gc,stats      ]      69 of   268 ms ( 25.6%): <average non-zero>
[32.015s][info][gc,stats      ] 
[32.015s][info][gc,metaspace  ] Metaspace: 60066K->60066K(1103872K)
[32.015s][info][gc,ergo       ] Pacer for Idle. Initial: 10240K, Alloc Tax Rate: 1.0x
[32.016s][info][gc            ] Trigger: Average GC time (292.71 ms) is above the time for allocation rate (648 MB/s) to deplete free headroom (183M)
[32.016s][info][gc,ergo       ] Free headroom: 208M (free) - 25600K (spike) - 0B (penalties) = 183M
[32.016s][info][gc,ergo       ] Free: 208M, Max: 256K regular, 59136K humongous, Frag: 73% external, 1% internal; Reserve: 25600K, Max: 256K
[32.016s][info][gc,start      ] GC(47) Concurrent reset
[32.016s][info][gc,task       ] GC(47) Using 1 of 1 workers for concurrent reset
[32.016s][info][gc,ergo       ] GC(47) Pacer for Reset. Non-Taxable: 500M
[32.017s][info][gc            ] GC(47) Concurrent reset 0.423ms
[32.017s][info][gc,start      ] GC(47) Pause Init Mark
[32.017s][info][gc,task       ] GC(47) Using 1 of 1 workers for init marking
[32.018s][info][gc,ergo       ] GC(47) Pacer for Mark. Expected Live: 69646K, Free: 208M, Non-Taxable: 21376K, Alloc Tax Rate: 0.4x
[32.018s][info][gc            ] GC(47) Pause Init Mark 1.328ms
[32.018s][info][gc,start      ] GC(47) Concurrent marking
[32.018s][info][gc,task       ] GC(47) Using 1 of 1 workers for concurrent marking
[32.114s][info][gc            ] GC(47) Concurrent marking 95.788ms
[32.114s][info][gc,start      ] GC(47) Pause Final Mark
[32.114s][info][gc,task       ] GC(47) Using 1 of 1 workers for final marking
[32.114s][info][gc,ergo       ] GC(47) Adaptive CSet Selection. Target Free: 72533K, Actual Free: 189M, Max CSet: 21333K, Min Garbage: 0B
[32.115s][info][gc,ergo       ] GC(47) Collectable Garbage: 151M (98%), Immediate: 0B (0%), CSet: 151M (98%)
[32.116s][info][gc,ergo       ] GC(47) Pacer for Evacuation. Used CSet: 164M, Free: 164M, Non-Taxable: 16793K, Alloc Tax Rate: 2.4x
[32.116s][info][gc            ] GC(47) Pause Final Mark 2.201ms
[32.116s][info][gc,start      ] GC(47) Concurrent cleanup
[32.116s][info][gc            ] GC(47) Concurrent cleanup 309M->309M(500M) 0.041ms
[32.116s][info][gc,ergo       ] GC(47) Free: 164M, Max: 256K regular, 59136K humongous, Frag: 65% external, 1% internal; Reserve: 25597K, Max: 256K
[32.116s][info][gc,start      ] GC(47) Concurrent evacuation
[32.116s][info][gc,task       ] GC(47) Using 1 of 1 workers for concurrent evacuation
[32.144s][info][gc            ] GC(47) Concurrent evacuation 27.645ms
[32.146s][info][gc,start      ] GC(47) Pause Init Update Refs
[32.146s][info][gc,ergo       ] GC(47) Pacer for Update Refs. Used: 352M, Free: 133M, Non-Taxable: 13670K, Alloc Tax Rate: 3.2x
[32.146s][info][gc            ] GC(47) Pause Init Update Refs 0.025ms
[32.146s][info][gc,start      ] GC(47) Concurrent update references
[32.146s][info][gc,task       ] GC(47) Using 1 of 1 workers for concurrent reference update
[32.456s][info][gc            ] GC(47) Concurrent update references 309.167ms
[32.458s][info][gc,start      ] GC(47) Pause Final Update Refs
[32.458s][info][gc,task       ] GC(47) Using 1 of 1 workers for final reference update
[32.459s][info][gc            ] GC(47) Pause Final Update Refs 0.445ms
[32.459s][info][gc,start      ] GC(47) Concurrent cleanup
[32.459s][info][gc            ] GC(47) Concurrent cleanup 398M->234M(500M) 0.066ms
[32.459s][info][gc,ergo       ] Free: 239M, Max: 256K regular, 130M humongous, Frag: 46% external, 1% internal; Reserve: 25600K, Max: 256K
[32.459s][info][gc,stats      ] 
[32.459s][info][gc,stats      ] All times are wall-clock times, except per-root-class counters, that are sum over
[32.459s][info][gc,stats      ] all workers. Dividing the <total> over the root stage time estimates parallelism.
[32.459s][info][gc,stats      ] 
[32.459s][info][gc,stats      ] Concurrent Reset                    416 us
[32.459s][info][gc,stats      ] Pause Init Mark (G)                1510 us
[32.459s][info][gc,stats      ] Pause Init Mark (N)                1313 us
[32.459s][info][gc,stats      ]   Accumulate Stats                   10 us
[32.459s][info][gc,stats      ]   Make Parsable                       7 us
[32.459s][info][gc,stats      ]   Update Region States               22 us
[32.459s][info][gc,stats      ]   Scan Roots                       1227 us, parallelism: 0.74x
[32.459s][info][gc,stats      ]     S: <total>                      904 us
[32.459s][info][gc,stats      ]     S: Thread Roots                 364 us, workers (us): 364, 
[32.459s][info][gc,stats      ]     S: Universe Roots                 2 us, workers (us):   2, 
[32.459s][info][gc,stats      ]     S: JNI Handles Roots              1 us, workers (us):   1, 
[32.459s][info][gc,stats      ]     S: Synchronizer Roots             0 us, workers (us):   0, 
[32.459s][info][gc,stats      ]     S: Management Roots               2 us, workers (us):   2, 
[32.459s][info][gc,stats      ]     S: System Dict Roots             11 us, workers (us):  11, 
[32.459s][info][gc,stats      ]     S: CLDG Roots                   523 us, workers (us): 523, 
[32.459s][info][gc,stats      ]     S: JVMTI Roots                    1 us, workers (us):   1, 
[32.459s][info][gc,stats      ]   Resize TLABs                        9 us
[32.459s][info][gc,stats      ] Concurrent Marking                95780 us
[32.459s][info][gc,stats      ] Pause Final Mark (G)               2287 us
[32.459s][info][gc,stats      ] Pause Final Mark (N)               2191 us
[32.459s][info][gc,stats      ]   Finish Queues                      10 us
[32.459s][info][gc,stats      ]   System Purge                      276 us
[32.459s][info][gc,stats      ]     Weak Roots                      276 us
[32.459s][info][gc,stats      ]   Update Region States               24 us
[32.459s][info][gc,stats      ]   Retire TLABs                        9 us
[32.459s][info][gc,stats      ]   Choose Collection Set             129 us
[32.459s][info][gc,stats      ]   Rebuild Free Set                    7 us
[32.459s][info][gc,stats      ]   Initial Evacuation               1731 us, parallelism: 0.55x
[32.459s][info][gc,stats      ]     E: <total>                      944 us
[32.459s][info][gc,stats      ]     E: Thread Roots                 305 us, workers (us): 305, 
[32.459s][info][gc,stats      ]     E: Code Cache Roots             159 us, workers (us): 159, 
[32.459s][info][gc,stats      ]     E: Universe Roots                 1 us, workers (us):   1, 
[32.459s][info][gc,stats      ]     E: JNI Handles Roots              1 us, workers (us):   1, 
[32.459s][info][gc,stats      ]     E: Synchronizer Roots             0 us, workers (us):   0, 
[32.459s][info][gc,stats      ]     E: Management Roots               2 us, workers (us):   2, 
[32.459s][info][gc,stats      ]     E: System Dict Roots              9 us, workers (us):   9, 
[32.459s][info][gc,stats      ]     E: CLDG Roots                   467 us, workers (us): 467, 
[32.459s][info][gc,stats      ]     E: JVMTI Roots                    1 us, workers (us):   1, 
[32.459s][info][gc,stats      ] Concurrent Cleanup                   33 us
[32.459s][info][gc,stats      ] Concurrent Evacuation             27633 us
[32.459s][info][gc,stats      ] Pause Init  Update Refs (G)        2309 us
[32.459s][info][gc,stats      ] Pause Init  Update Refs (N)          11 us
[32.459s][info][gc,stats      ]   Retire GCLABs                       5 us
[32.459s][info][gc,stats      ] Concurrent Update Refs           309153 us
[32.459s][info][gc,stats      ] Pause Final Update Refs (G)        3128 us
[32.459s][info][gc,stats      ] Pause Final Update Refs (N)         323 us
[32.459s][info][gc,stats      ]   Update Roots                      269 us, parallelism: 0.97x
[32.459s][info][gc,stats      ]     UR: <total>                     259 us
[32.459s][info][gc,stats      ]     UR: Thread Roots                259 us, workers (us): 259, 
[32.459s][info][gc,stats      ]   Update Region States               28 us
[32.459s][info][gc,stats      ]   Trash Collection Set                4 us
[32.459s][info][gc,stats      ]   Rebuild Free Set                    8 us
[32.459s][info][gc,stats      ] Concurrent Cleanup                   58 us
[32.459s][info][gc,stats      ] Pacing                            84544 us
[32.459s][info][gc,stats      ] 
[32.459s][info][gc,stats      ] Allocation pacing accrued:
[32.459s][info][gc,stats      ]      10 of   444 ms (  2.3%): Spark Context Cleaner
[32.459s][info][gc,stats      ]      74 of   444 ms ( 16.7%): Executor task launch worker for task 0.0 in stage 4.0 (TID 4)
[32.459s][info][gc,stats      ]      85 of   444 ms ( 19.0%): <total>
[32.459s][info][gc,stats      ]       1 of   444 ms (  0.2%): <average total>
[32.459s][info][gc,stats      ]      42 of   444 ms (  9.5%): <average non-zero>
[32.459s][info][gc,stats      ] 
[32.459s][info][gc,metaspace  ] Metaspace: 60066K->60068K(1103872K)
[32.459s][info][gc,ergo       ] Pacer for Idle. Initial: 10240K, Alloc Tax Rate: 1.0x
[32.750s][info][gc            ] Trigger: Average GC time (318.22 ms) is above the time for allocation rate (319 MB/s) to deplete free headroom (101M)
[32.750s][info][gc,ergo       ] Free headroom: 126M (free) - 25600K (spike) - 0B (penalties) = 101M
[32.750s][info][gc,ergo       ] Free: 126M, Max: 256K regular, 126M humongous, Frag: 0% external, 1% internal; Reserve: 25600K, Max: 256K
[32.751s][info][gc,start      ] GC(48) Concurrent reset
[32.751s][info][gc,task       ] GC(48) Using 1 of 1 workers for concurrent reset
[32.751s][info][gc,ergo       ] GC(48) Pacer for Reset. Non-Taxable: 500M
[32.751s][info][gc            ] GC(48) Concurrent reset 0.403ms
[32.753s][info][gc,start      ] GC(48) Pause Init Mark
[32.753s][info][gc,task       ] GC(48) Using 1 of 1 workers for init marking
[32.754s][info][gc,ergo       ] GC(48) Pacer for Mark. Expected Live: 85033K, Free: 126M, Non-Taxable: 12902K, Alloc Tax Rate: 0.8x
[32.754s][info][gc            ] GC(48) Pause Init Mark 1.315ms
[32.755s][info][gc,start      ] GC(48) Concurrent marking
[32.755s][info][gc,task       ] GC(48) Using 1 of 1 workers for concurrent marking
[32.859s][info][gc            ] GC(48) Concurrent marking 104.680ms
[32.859s][info][gc,start      ] GC(48) Pause Final Mark
[32.859s][info][gc,task       ] GC(48) Using 1 of 1 workers for final marking
[32.860s][info][gc,ergo       ] GC(48) Adaptive CSet Selection. Target Free: 72533K, Actual Free: 255M, Max CSet: 21333K, Min Garbage: 0B
[32.860s][info][gc,ergo       ] GC(48) Collectable Garbage: 226M (99%), Immediate: 129M (56%), CSet: 99589K (42%)
[32.864s][info][gc,ergo       ] GC(48) Pacer for Evacuation. Used CSet: 105M, Free: 230M, Non-Taxable: 23628K, Alloc Tax Rate: 1.1x
[32.864s][info][gc            ] GC(48) Pause Final Mark 4.244ms
[32.867s][info][gc,start      ] GC(48) Concurrent cleanup
[32.867s][info][gc            ] GC(48) Concurrent cleanup 372M->245M(500M) 0.071ms
[32.867s][info][gc,ergo       ] GC(48) Free: 228M, Max: 256K regular, 101M humongous, Frag: 56% external, 1% internal; Reserve: 25583K, Max: 256K
[32.867s][info][gc,start      ] GC(48) Concurrent evacuation
[32.867s][info][gc,task       ] GC(48) Using 1 of 1 workers for concurrent evacuation
[32.883s][info][gc            ] GC(48) Concurrent evacuation 16.162ms
[32.885s][info][gc,start      ] GC(48) Pause Init Update Refs
[32.885s][info][gc,ergo       ] GC(48) Pacer for Update Refs. Used: 260M, Free: 221M, Non-Taxable: 22656K, Alloc Tax Rate: 1.4x
[32.885s][info][gc            ] GC(48) Pause Init Update Refs 0.029ms
[32.885s][info][gc,start      ] GC(48) Concurrent update references
[32.885s][info][gc,task       ] GC(48) Using 1 of 1 workers for concurrent reference update
[33.055s][info][gc            ] GC(48) Concurrent update references 169.903ms
[33.057s][info][gc,start      ] GC(48) Pause Final Update Refs
[33.057s][info][gc,task       ] GC(48) Using 1 of 1 workers for final reference update
[33.058s][info][gc            ] GC(48) Pause Final Update Refs 0.324ms
[33.058s][info][gc,start      ] GC(48) Concurrent cleanup
[33.058s][info][gc            ] GC(48) Concurrent cleanup 334M->229M(500M) 0.057ms
[33.058s][info][gc,ergo       ] Free: 244M, Max: 256K regular, 127M humongous, Frag: 49% external, 1% internal; Reserve: 25600K, Max: 256K
[33.058s][info][gc,stats      ] 
[33.058s][info][gc,stats      ] All times are wall-clock times, except per-root-class counters, that are sum over
[33.058s][info][gc,stats      ] all workers. Dividing the <total> over the root stage time estimates parallelism.
[33.058s][info][gc,stats      ] 
[33.058s][info][gc,stats      ] Concurrent Reset                    394 us
[33.058s][info][gc,stats      ] Pause Init Mark (G)                3588 us
[33.058s][info][gc,stats      ] Pause Init Mark (N)                1286 us
[33.058s][info][gc,stats      ]   Accumulate Stats                    9 us
[33.058s][info][gc,stats      ]   Make Parsable                      24 us
[33.058s][info][gc,stats      ]   Update Region States               26 us
[33.058s][info][gc,stats      ]   Scan Roots                       1172 us, parallelism: 0.75x
[33.058s][info][gc,stats      ]     S: <total>                      878 us
[33.058s][info][gc,stats      ]     S: Thread Roots                 349 us, workers (us): 349, 
[33.058s][info][gc,stats      ]     S: Universe Roots                 2 us, workers (us):   2, 
[33.058s][info][gc,stats      ]     S: JNI Handles Roots              2 us, workers (us):   2, 
[33.058s][info][gc,stats      ]     S: Synchronizer Roots             0 us, workers (us):   0, 
[33.058s][info][gc,stats      ]     S: Management Roots               1 us, workers (us):   1, 
[33.058s][info][gc,stats      ]     S: System Dict Roots             11 us, workers (us):  11, 
[33.058s][info][gc,stats      ]     S: CLDG Roots                   512 us, workers (us): 512, 
[33.058s][info][gc,stats      ]     S: JVMTI Roots                    0 us, workers (us):   0, 
[33.058s][info][gc,stats      ]   Resize TLABs                        7 us
[33.058s][info][gc,stats      ] Concurrent Marking               104671 us
[33.058s][info][gc,stats      ] Pause Final Mark (G)               7378 us
[33.058s][info][gc,stats      ] Pause Final Mark (N)               4233 us
[33.058s][info][gc,stats      ]   Finish Queues                      10 us
[33.058s][info][gc,stats      ]   System Purge                      275 us
[33.058s][info][gc,stats      ]     Weak Roots                      275 us
[33.058s][info][gc,stats      ]   Update Region States               25 us
[33.058s][info][gc,stats      ]   Retire TLABs                       10 us
[33.058s][info][gc,stats      ]   Choose Collection Set              97 us
[33.058s][info][gc,stats      ]   Rebuild Free Set                 2068 us
[33.058s][info][gc,stats      ]   Initial Evacuation               1740 us, parallelism: 0.57x
[33.058s][info][gc,stats      ]     E: <total>                      993 us
[33.058s][info][gc,stats      ]     E: Thread Roots                 284 us, workers (us): 284, 
[33.058s][info][gc,stats      ]     E: Code Cache Roots             162 us, workers (us): 162, 
[33.058s][info][gc,stats      ]     E: Universe Roots                 1 us, workers (us):   1, 
[33.058s][info][gc,stats      ]     E: JNI Handles Roots              5 us, workers (us):   5, 
[33.058s][info][gc,stats      ]     E: Synchronizer Roots             0 us, workers (us):   0, 
[33.058s][info][gc,stats      ]     E: Management Roots               2 us, workers (us):   2, 
[33.058s][info][gc,stats      ]     E: System Dict Roots             10 us, workers (us):  10, 
[33.058s][info][gc,stats      ]     E: CLDG Roots                   527 us, workers (us): 527, 
[33.058s][info][gc,stats      ]     E: JVMTI Roots                    1 us, workers (us):   1, 
[33.058s][info][gc,stats      ] Concurrent Cleanup                   56 us
[33.058s][info][gc,stats      ] Concurrent Evacuation             16150 us
[33.058s][info][gc,stats      ] Pause Init  Update Refs (G)        2289 us
[33.058s][info][gc,stats      ] Pause Init  Update Refs (N)          14 us
[33.058s][info][gc,stats      ]   Retire GCLABs                       5 us
[33.058s][info][gc,stats      ] Concurrent Update Refs           169889 us
[33.058s][info][gc,stats      ] Pause Final Update Refs (G)        2560 us
[33.058s][info][gc,stats      ] Pause Final Update Refs (N)         303 us
[33.058s][info][gc,stats      ]   Update Roots                      260 us, parallelism: 0.98x
[33.058s][info][gc,stats      ]     UR: <total>                     254 us
[33.058s][info][gc,stats      ]     UR: Thread Roots                254 us, workers (us): 254, 
[33.058s][info][gc,stats      ]   Update Region States               26 us
[33.058s][info][gc,stats      ]   Trash Collection Set                3 us
[33.058s][info][gc,stats      ]   Rebuild Free Set                    7 us
[33.058s][info][gc,stats      ] Concurrent Cleanup                   49 us
[33.058s][info][gc,stats      ] Pacing                            64854 us
[33.058s][info][gc,stats      ] 
[33.058s][info][gc,stats      ] Allocation pacing accrued:
[33.058s][info][gc,stats      ]      13 of   599 ms (  2.1%): Spark Context Cleaner
[33.058s][info][gc,stats      ]      52 of   599 ms (  8.7%): Executor task launch worker for task 0.0 in stage 4.0 (TID 4)
[33.058s][info][gc,stats      ]      65 of   599 ms ( 10.8%): <total>
[33.058s][info][gc,stats      ]       1 of   599 ms (  0.1%): <average total>
[33.058s][info][gc,stats      ]      32 of   599 ms (  5.4%): <average non-zero>
[33.058s][info][gc,stats      ] 
[33.058s][info][gc,metaspace  ] Metaspace: 60068K->60068K(1103872K)
[33.058s][info][gc,ergo       ] Pacer for Idle. Initial: 10240K, Alloc Tax Rate: 1.0x
[33.128s][info][gc            ] Trigger: Average GC time (324.12 ms) is above the time for allocation rate (467 MB/s) to deplete free headroom (150M)
[33.129s][info][gc,ergo       ] Free headroom: 175M (free) - 25600K (spike) - 0B (penalties) = 150M
[33.129s][info][gc,ergo       ] Free: 175M, Max: 256K regular, 95744K humongous, Frag: 47% external, 1% internal; Reserve: 25600K, Max: 256K
[33.129s][info][gc,start      ] GC(49) Concurrent reset
[33.129s][info][gc,task       ] GC(49) Using 1 of 1 workers for concurrent reset
[33.129s][info][gc,ergo       ] GC(49) Pacer for Reset. Non-Taxable: 500M
[33.129s][info][gc            ] GC(49) Concurrent reset 0.338ms
[33.132s][info][gc,start      ] GC(49) Pause Init Mark
[33.132s][info][gc,task       ] GC(49) Using 1 of 1 workers for init marking
[33.133s][info][gc,ergo       ] GC(49) Pacer for Mark. Expected Live: 98795K, Free: 175M, Non-Taxable: 17996K, Alloc Tax Rate: 0.7x
[33.133s][info][gc            ] GC(49) Pause Init Mark 1.233ms
[33.133s][info][gc,start      ] GC(49) Concurrent marking
[33.133s][info][gc,task       ] GC(49) Using 1 of 1 workers for concurrent marking
[33.268s][info][gc            ] GC(49) Concurrent marking 134.662ms
[33.268s][info][gc,start      ] GC(49) Pause Final Mark
[33.268s][info][gc,task       ] GC(49) Using 1 of 1 workers for final marking
[33.268s][info][gc,ergo       ] GC(49) Collectable Garbage: 175M (98%), Immediate: 175M (98%), CSet: 0B (0%)
[33.268s][info][gc            ] GC(49) Pause Final Mark 0.338ms
[33.268s][info][gc,start      ] GC(49) Concurrent cleanup
[33.268s][info][gc            ] GC(49) Concurrent cleanup 330M->154M(500M) 0.093ms
[33.268s][info][gc,ergo       ] GC(49) Free: 319M, Max: 256K regular, 168M humongous, Frag: 48% external, 0% internal; Reserve: 25600K, Max: 256K
[33.268s][info][gc,ergo       ] Free: 319M, Max: 256K regular, 168M humongous, Frag: 48% external, 0% internal; Reserve: 25600K, Max: 256K
[33.268s][info][gc,stats      ] 
[33.268s][info][gc,stats      ] All times are wall-clock times, except per-root-class counters, that are sum over
[33.268s][info][gc,stats      ] all workers. Dividing the <total> over the root stage time estimates parallelism.
[33.268s][info][gc,stats      ] 
[33.268s][info][gc,stats      ] Concurrent Reset                    328 us
[33.268s][info][gc,stats      ] Pause Init Mark (G)                3805 us
[33.268s][info][gc,stats      ] Pause Init Mark (N)                1204 us
[33.268s][info][gc,stats      ]   Accumulate Stats                    9 us
[33.268s][info][gc,stats      ]   Make Parsable                       8 us
[33.268s][info][gc,stats      ]   Update Region States               26 us
[33.268s][info][gc,stats      ]   Scan Roots                       1123 us, parallelism: 0.76x
[33.268s][info][gc,stats      ]     S: <total>                      854 us
[33.268s][info][gc,stats      ]     S: Thread Roots                 284 us, workers (us): 284, 
[33.268s][info][gc,stats      ]     S: Universe Roots                 2 us, workers (us):   2, 
[33.268s][info][gc,stats      ]     S: JNI Handles Roots              2 us, workers (us):   2, 
[33.268s][info][gc,stats      ]     S: Synchronizer Roots             0 us, workers (us):   0, 
[33.268s][info][gc,stats      ]     S: Management Roots               1 us, workers (us):   1, 
[33.268s][info][gc,stats      ]     S: System Dict Roots             12 us, workers (us):  12, 
[33.268s][info][gc,stats      ]     S: CLDG Roots                   552 us, workers (us): 552, 
[33.268s][info][gc,stats      ]     S: JVMTI Roots                    0 us, workers (us):   0, 
[33.268s][info][gc,stats      ]   Resize TLABs                        7 us
[33.268s][info][gc,stats      ] Concurrent Marking               134653 us
[33.268s][info][gc,stats      ] Pause Final Mark (G)                411 us
[33.268s][info][gc,stats      ] Pause Final Mark (N)                321 us
[33.268s][info][gc,stats      ]   Finish Queues                      11 us
[33.268s][info][gc,stats      ]   System Purge                      247 us
[33.268s][info][gc,stats      ]     Weak Roots                      246 us
[33.268s][info][gc,stats      ]   Update Region States               26 us
[33.268s][info][gc,stats      ]   Retire TLABs                        8 us
[33.268s][info][gc,stats      ]   Choose Collection Set              15 us
[33.268s][info][gc,stats      ]   Rebuild Free Set                    7 us
[33.268s][info][gc,stats      ] Concurrent Cleanup                   86 us
[33.268s][info][gc,stats      ] Pacing                            48313 us
[33.268s][info][gc,stats      ] 
[33.268s][info][gc,stats      ] Allocation pacing accrued:
[33.268s][info][gc,stats      ]      48 of   210 ms ( 23.0%): Executor task launch worker for task 0.0 in stage 4.0 (TID 4)
[33.268s][info][gc,stats      ]      48 of   210 ms ( 23.0%): <total>
[33.268s][info][gc,stats      ]       1 of   210 ms (  0.3%): <average total>
[33.268s][info][gc,stats      ]      48 of   210 ms ( 23.0%): <average non-zero>
[33.268s][info][gc,stats      ] 
[33.268s][info][gc,metaspace  ] Metaspace: 60068K->60068K(1103872K)
[33.268s][info][gc,ergo       ] Pacer for Idle. Initial: 10240K, Alloc Tax Rate: 1.0x
[33.394s][info][gc            ] Trigger: Average GC time (286.87 ms) is above the time for allocation rate (593 MB/s) to deplete free headroom (169M)
[33.394s][info][gc,ergo       ] Free headroom: 194M (free) - 25600K (spike) - 0B (penalties) = 169M
[33.394s][info][gc,ergo       ] Free: 194M, Max: 256K regular, 168M humongous, Frag: 14% external, 1% internal; Reserve: 25600K, Max: 256K
[33.394s][info][gc,start      ] GC(50) Concurrent reset
[33.394s][info][gc,task       ] GC(50) Using 1 of 1 workers for concurrent reset
[33.394s][info][gc,ergo       ] GC(50) Pacer for Reset. Non-Taxable: 500M
[33.395s][info][gc            ] GC(50) Concurrent reset 0.209ms
[33.397s][info][gc,start      ] GC(50) Pause Init Mark (process weakrefs)
[33.397s][info][gc,task       ] GC(50) Using 1 of 1 workers for init marking
[33.398s][info][gc,ergo       ] GC(50) Pacer for Mark. Expected Live: 106M, Free: 194M, Non-Taxable: 19865K, Alloc Tax Rate: 0.7x
[33.398s][info][gc            ] GC(50) Pause Init Mark (process weakrefs) 1.236ms
[33.398s][info][gc,start      ] GC(50) Concurrent marking (process weakrefs)
[33.398s][info][gc,task       ] GC(50) Using 1 of 1 workers for concurrent marking
[33.504s][info][gc            ] GC(50) Concurrent marking (process weakrefs) 105.949ms
[33.504s][info][gc,start      ] GC(50) Concurrent precleaning
[33.504s][info][gc,task       ] GC(50) Using 1 of 1 workers for concurrent preclean
[33.504s][info][gc,ergo       ] GC(50) Pacer for Precleaning. Non-Taxable: 500M
[33.505s][info][gc            ] GC(50) Concurrent precleaning 0.486ms
[33.505s][info][gc,start      ] GC(50) Pause Final Mark (process weakrefs)
[33.505s][info][gc,task       ] GC(50) Using 1 of 1 workers for final marking
[33.505s][info][gc,ergo       ] GC(50) Collectable Garbage: 157M (98%), Immediate: 157M (98%), CSet: 0B (0%)
[33.505s][info][gc            ] GC(50) Pause Final Mark (process weakrefs) 0.382ms
[33.505s][info][gc,start      ] GC(50) Concurrent cleanup
[33.505s][info][gc            ] GC(50) Concurrent cleanup 313M->155M(500M) 0.063ms
[33.505s][info][gc,ergo       ] GC(50) Free: 318M, Max: 256K regular, 160M humongous, Frag: 50% external, 0% internal; Reserve: 25600K, Max: 256K
[33.505s][info][gc,ergo       ] Free: 318M, Max: 256K regular, 160M humongous, Frag: 50% external, 0% internal; Reserve: 25600K, Max: 256K
[33.505s][info][gc,stats      ] 
[33.505s][info][gc,stats      ] All times are wall-clock times, except per-root-class counters, that are sum over
[33.505s][info][gc,stats      ] all workers. Dividing the <total> over the root stage time estimates parallelism.
[33.505s][info][gc,stats      ] 
[33.505s][info][gc,stats      ] Concurrent Reset                    200 us
[33.505s][info][gc,stats      ] Pause Init Mark (G)                3539 us
[33.505s][info][gc,stats      ] Pause Init Mark (N)                1202 us
[33.505s][info][gc,stats      ]   Accumulate Stats                   10 us
[33.505s][info][gc,stats      ]   Make Parsable                       8 us
[33.505s][info][gc,stats      ]   Update Region States               29 us
[33.505s][info][gc,stats      ]   Scan Roots                       1122 us, parallelism: 0.76x
[33.505s][info][gc,stats      ]     S: <total>                      850 us
[33.505s][info][gc,stats      ]     S: Thread Roots                 278 us, workers (us): 278, 
[33.505s][info][gc,stats      ]     S: Universe Roots                 2 us, workers (us):   2, 
[33.505s][info][gc,stats      ]     S: JNI Handles Roots              2 us, workers (us):   2, 
[33.505s][info][gc,stats      ]     S: Synchronizer Roots             0 us, workers (us):   0, 
[33.505s][info][gc,stats      ]     S: Management Roots               2 us, workers (us):   2, 
[33.505s][info][gc,stats      ]     S: System Dict Roots             11 us, workers (us):  11, 
[33.505s][info][gc,stats      ]     S: CLDG Roots                   554 us, workers (us): 554, 
[33.505s][info][gc,stats      ]     S: JVMTI Roots                    1 us, workers (us):   1, 
[33.505s][info][gc,stats      ]   Resize TLABs                        6 us
[33.505s][info][gc,stats      ] Concurrent Marking               105941 us
[33.505s][info][gc,stats      ] Concurrent Precleaning              478 us
[33.505s][info][gc,stats      ] Pause Final Mark (G)                492 us
[33.505s][info][gc,stats      ] Pause Final Mark (N)                367 us
[33.505s][info][gc,stats      ]   Finish Queues                      13 us
[33.505s][info][gc,stats      ]   Weak References                    20 us
[33.505s][info][gc,stats      ]     Process                          18 us
[33.505s][info][gc,stats      ]   System Purge                      275 us
[33.505s][info][gc,stats      ]     Weak Roots                      275 us
[33.505s][info][gc,stats      ]   Update Region States               26 us
[33.505s][info][gc,stats      ]   Retire TLABs                        6 us
[33.505s][info][gc,stats      ]   Choose Collection Set              14 us
[33.505s][info][gc,stats      ]   Rebuild Free Set                    7 us
[33.505s][info][gc,stats      ] Concurrent Cleanup                   57 us
[33.505s][info][gc,stats      ] Pacing                            37985 us
[33.505s][info][gc,stats      ] 
[33.505s][info][gc,stats      ] Allocation pacing accrued:
[33.505s][info][gc,stats      ]      38 of   237 ms ( 16.0%): Executor task launch worker for task 0.0 in stage 4.0 (TID 4)
[33.505s][info][gc,stats      ]      38 of   237 ms ( 16.0%): <total>
[33.505s][info][gc,stats      ]       0 of   237 ms (  0.2%): <average total>
[33.505s][info][gc,stats      ]      38 of   237 ms ( 16.0%): <average non-zero>
[33.505s][info][gc,stats      ] 
[33.505s][info][gc,metaspace  ] Metaspace: 60068K->60068K(1103872K)
[33.505s][info][gc,ergo       ] Pacer for Idle. Initial: 10240K, Alloc Tax Rate: 1.0x
[33.632s][info][gc            ] Trigger: Average GC time (253.00 ms) is above the time for allocation rate (670 MB/s) to deplete free headroom (167M)
[33.632s][info][gc,ergo       ] Free headroom: 192M (free) - 25600K (spike) - 0B (penalties) = 167M
[33.632s][info][gc,ergo       ] Free: 192M, Max: 256K regular, 160M humongous, Frag: 17% external, 1% internal; Reserve: 25600K, Max: 256K
[33.632s][info][gc,start      ] GC(51) Concurrent reset
[33.632s][info][gc,task       ] GC(51) Using 1 of 1 workers for concurrent reset
[33.632s][info][gc,ergo       ] GC(51) Pacer for Reset. Non-Taxable: 500M
[33.632s][info][gc            ] GC(51) Concurrent reset 0.202ms
[33.634s][info][gc,start      ] GC(51) Pause Init Mark
[33.634s][info][gc,task       ] GC(51) Using 1 of 1 workers for init marking
[33.635s][info][gc,ergo       ] GC(51) Pacer for Mark. Expected Live: 113M, Free: 192M, Non-Taxable: 19712K, Alloc Tax Rate: 0.7x
[33.635s][info][gc            ] GC(51) Pause Init Mark 1.199ms
[33.636s][info][gc,start      ] GC(51) Concurrent marking
[33.636s][info][gc,task       ] GC(51) Using 1 of 1 workers for concurrent marking
[33.741s][info][gc            ] GC(51) Concurrent marking 105.225ms
[33.741s][info][gc,start      ] GC(51) Pause Final Mark
[33.741s][info][gc,task       ] GC(51) Using 1 of 1 workers for final marking
[33.741s][info][gc,ergo       ] GC(51) Collectable Garbage: 159M (98%), Immediate: 159M (98%), CSet: 0B (0%)
[33.741s][info][gc            ] GC(51) Pause Final Mark 0.380ms
[33.741s][info][gc,start      ] GC(51) Concurrent cleanup
[33.741s][info][gc            ] GC(51) Concurrent cleanup 313M->154M(500M) 0.064ms
[33.741s][info][gc,ergo       ] GC(51) Free: 319M, Max: 256K regular, 160M humongous, Frag: 50% external, 0% internal; Reserve: 25600K, Max: 256K
[33.741s][info][gc,ergo       ] Free: 319M, Max: 256K regular, 160M humongous, Frag: 50% external, 0% internal; Reserve: 25600K, Max: 256K
[33.741s][info][gc,stats      ] 
[33.741s][info][gc,stats      ] All times are wall-clock times, except per-root-class counters, that are sum over
[33.741s][info][gc,stats      ] all workers. Dividing the <total> over the root stage time estimates parallelism.
[33.741s][info][gc,stats      ] 
[33.741s][info][gc,stats      ] Concurrent Reset                    193 us
[33.741s][info][gc,stats      ] Pause Init Mark (G)                3477 us
[33.741s][info][gc,stats      ] Pause Init Mark (N)                1179 us
[33.741s][info][gc,stats      ]   Accumulate Stats                    9 us
[33.741s][info][gc,stats      ]   Make Parsable                       7 us
[33.741s][info][gc,stats      ]   Update Region States               20 us
[33.741s][info][gc,stats      ]   Scan Roots                       1110 us, parallelism: 0.76x
[33.741s][info][gc,stats      ]     S: <total>                      846 us
[33.741s][info][gc,stats      ]     S: Thread Roots                 276 us, workers (us): 276, 
[33.741s][info][gc,stats      ]     S: Universe Roots                 3 us, workers (us):   3, 
[33.741s][info][gc,stats      ]     S: JNI Handles Roots              1 us, workers (us):   1, 
[33.741s][info][gc,stats      ]     S: Synchronizer Roots             0 us, workers (us):   0, 
[33.741s][info][gc,stats      ]     S: Management Roots               9 us, workers (us):   9, 
[33.741s][info][gc,stats      ]     S: System Dict Roots             10 us, workers (us):  10, 
[33.741s][info][gc,stats      ]     S: CLDG Roots                   546 us, workers (us): 546, 
[33.741s][info][gc,stats      ]     S: JVMTI Roots                    1 us, workers (us):   1, 
[33.741s][info][gc,stats      ]   Resize TLABs                        6 us
[33.741s][info][gc,stats      ] Concurrent Marking               105217 us
[33.741s][info][gc,stats      ] Pause Final Mark (G)                453 us
[33.741s][info][gc,stats      ] Pause Final Mark (N)                371 us
[33.741s][info][gc,stats      ]   Finish Queues                      10 us
[33.741s][info][gc,stats      ]   System Purge                      252 us
[33.741s][info][gc,stats      ]     Weak Roots                      251 us
[33.741s][info][gc,stats      ]   Update Region States               57 us
[33.741s][info][gc,stats      ]   Retire TLABs                       11 us
[33.741s][info][gc,stats      ]   Choose Collection Set              28 us
[33.741s][info][gc,stats      ]   Rebuild Free Set                    7 us
[33.741s][info][gc,stats      ] Concurrent Cleanup                   57 us
[33.741s][info][gc,stats      ] Pacing                            36653 us
[33.741s][info][gc,stats      ] 
[33.741s][info][gc,stats      ] Allocation pacing accrued:
[33.741s][info][gc,stats      ]      37 of   236 ms ( 15.5%): Executor task launch worker for task 0.0 in stage 4.0 (TID 4)
[33.741s][info][gc,stats      ]      37 of   236 ms ( 15.5%): <total>
[33.741s][info][gc,stats      ]       0 of   236 ms (  0.2%): <average total>
[33.741s][info][gc,stats      ]      37 of   236 ms ( 15.5%): <average non-zero>
[33.741s][info][gc,stats      ] 
[33.741s][info][gc,metaspace  ] Metaspace: 60068K->60068K(1103872K)
[33.741s][info][gc,ergo       ] Pacer for Idle. Initial: 10240K, Alloc Tax Rate: 1.0x
[33.888s][info][gc            ] Trigger: Average GC time (221.97 ms) is above the time for allocation rate (685 MB/s) to deplete free headroom (151M)
[33.888s][info][gc,ergo       ] Free headroom: 176M (free) - 25600K (spike) - 0B (penalties) = 151M
[33.888s][info][gc,ergo       ] Free: 176M, Max: 256K regular, 160M humongous, Frag: 10% external, 1% internal; Reserve: 25600K, Max: 256K
[33.888s][info][gc,start      ] GC(52) Concurrent reset
[33.888s][info][gc,task       ] GC(52) Using 1 of 1 workers for concurrent reset
[33.888s][info][gc,ergo       ] GC(52) Pacer for Reset. Non-Taxable: 500M
[33.888s][info][gc            ] GC(52) Concurrent reset 0.196ms
[33.890s][info][gc,start      ] GC(52) Pause Init Mark
[33.890s][info][gc,task       ] GC(52) Using 1 of 1 workers for init marking
[33.892s][info][gc,ergo       ] GC(52) Pacer for Mark. Expected Live: 117M, Free: 176M, Non-Taxable: 18048K, Alloc Tax Rate: 0.8x
[33.892s][info][gc            ] GC(52) Pause Init Mark 1.249ms
[33.892s][info][gc,start      ] GC(52) Concurrent marking
[33.892s][info][gc,task       ] GC(52) Using 1 of 1 workers for concurrent marking
[33.993s][info][gc            ] GC(52) Concurrent marking 101.168ms
[33.993s][info][gc,start      ] GC(52) Pause Final Mark
[33.993s][info][gc,task       ] GC(52) Using 1 of 1 workers for final marking
[33.993s][info][gc,ergo       ] GC(52) Collectable Garbage: 175M (98%), Immediate: 175M (98%), CSet: 0B (0%)
[33.993s][info][gc            ] GC(52) Pause Final Mark 0.402ms
[33.993s][info][gc,start      ] GC(52) Concurrent cleanup
[33.993s][info][gc            ] GC(52) Concurrent cleanup 326M->151M(500M) 0.066ms
[33.993s][info][gc,ergo       ] GC(52) Free: 322M, Max: 256K regular, 147M humongous, Frag: 55% external, 0% internal; Reserve: 25600K, Max: 256K
[33.994s][info][gc,ergo       ] Free: 322M, Max: 256K regular, 147M humongous, Frag: 55% external, 0% internal; Reserve: 25600K, Max: 256K
[33.994s][info][gc,stats      ] 
[33.994s][info][gc,stats      ] All times are wall-clock times, except per-root-class counters, that are sum over
[33.994s][info][gc,stats      ] all workers. Dividing the <total> over the root stage time estimates parallelism.
[33.994s][info][gc,stats      ] 
[33.994s][info][gc,stats      ] Concurrent Reset                    187 us
[33.994s][info][gc,stats      ] Pause Init Mark (G)                3535 us
[33.994s][info][gc,stats      ] Pause Init Mark (N)                1225 us
[33.994s][info][gc,stats      ]   Accumulate Stats                    9 us
[33.994s][info][gc,stats      ]   Make Parsable                       7 us
[33.994s][info][gc,stats      ]   Update Region States               21 us
[33.994s][info][gc,stats      ]   Scan Roots                       1149 us, parallelism: 0.75x
[33.994s][info][gc,stats      ]     S: <total>                      867 us
[33.994s][info][gc,stats      ]     S: Thread Roots                 296 us, workers (us): 296, 
[33.994s][info][gc,stats      ]     S: Universe Roots                 2 us, workers (us):   2, 
[33.994s][info][gc,stats      ]     S: JNI Handles Roots              2 us, workers (us):   2, 
[33.994s][info][gc,stats      ]     S: Synchronizer Roots             0 us, workers (us):   0, 
[33.994s][info][gc,stats      ]     S: Management Roots               1 us, workers (us):   1, 
[33.994s][info][gc,stats      ]     S: System Dict Roots             12 us, workers (us):  12, 
[33.994s][info][gc,stats      ]     S: CLDG Roots                   553 us, workers (us): 553, 
[33.994s][info][gc,stats      ]     S: JVMTI Roots                    1 us, workers (us):   1, 
[33.994s][info][gc,stats      ]   Resize TLABs                        8 us
[33.994s][info][gc,stats      ] Concurrent Marking               101159 us
[33.994s][info][gc,stats      ] Pause Final Mark (G)                479 us
[33.994s][info][gc,stats      ] Pause Final Mark (N)                393 us
[33.994s][info][gc,stats      ]   Finish Queues                      10 us
[33.994s][info][gc,stats      ]   System Purge                      301 us
[33.994s][info][gc,stats      ]     Weak Roots                      300 us
[33.994s][info][gc,stats      ]   Update Region States               27 us
[33.994s][info][gc,stats      ]   Retire TLABs                       17 us
[33.994s][info][gc,stats      ]   Choose Collection Set              25 us
[33.994s][info][gc,stats      ]   Rebuild Free Set                    7 us
[33.994s][info][gc,stats      ] Concurrent Cleanup                   59 us
[33.994s][info][gc,stats      ] Pacing                            34913 us
[33.994s][info][gc,stats      ] 
[33.994s][info][gc,stats      ] Allocation pacing accrued:
[33.994s][info][gc,stats      ]      35 of   252 ms ( 13.8%): Executor task launch worker for task 0.0 in stage 4.0 (TID 4)
[33.994s][info][gc,stats      ]      35 of   252 ms ( 13.8%): <total>
[33.994s][info][gc,stats      ]       0 of   252 ms (  0.2%): <average total>
[33.994s][info][gc,stats      ]      35 of   252 ms ( 13.8%): <average non-zero>
[33.994s][info][gc,stats      ] 
[33.994s][info][gc,metaspace  ] Metaspace: 60068K->60068K(1103872K)
[33.994s][info][gc,ergo       ] Pacer for Idle. Initial: 10240K, Alloc Tax Rate: 1.0x
[34.202s][info][gc            ] Trigger: Average GC time (154.54 ms) is above the time for allocation rate (697 MB/s) to deplete free headroom (107M)
[34.202s][info][gc,ergo       ] Free headroom: 132M (free) - 25600K (spike) - 0B (penalties) = 107M
[34.203s][info][gc,ergo       ] Free: 132M, Max: 256K regular, 132M humongous, Frag: 0% external, 1% internal; Reserve: 25600K, Max: 256K
[34.203s][info][gc,start      ] GC(53) Concurrent reset
[34.203s][info][gc,task       ] GC(53) Using 1 of 1 workers for concurrent reset
[34.203s][info][gc,ergo       ] GC(53) Pacer for Reset. Non-Taxable: 500M
[34.203s][info][gc            ] GC(53) Concurrent reset 0.200ms
[34.205s][info][gc,start      ] GC(53) Pause Init Mark
[34.205s][info][gc,task       ] GC(53) Using 1 of 1 workers for init marking
[34.206s][info][gc,ergo       ] GC(53) Pacer for Mark. Expected Live: 119M, Free: 132M, Non-Taxable: 13542K, Alloc Tax Rate: 1.1x
[34.206s][info][gc            ] GC(53) Pause Init Mark 1.532ms
[34.207s][info][gc,start      ] GC(53) Concurrent marking
[34.207s][info][gc,task       ] GC(53) Using 1 of 1 workers for concurrent marking
[34.319s][info][gc            ] GC(53) Concurrent marking 112.190ms
[34.319s][info][gc,start      ] GC(53) Pause Final Mark
[34.319s][info][gc,task       ] GC(53) Using 1 of 1 workers for final marking
[34.319s][info][gc,ergo       ] GC(53) Collectable Garbage: 219M (98%), Immediate: 219M (98%), CSet: 0B (0%)
[34.319s][info][gc            ] GC(53) Pause Final Mark 0.389ms
[34.319s][info][gc,start      ] GC(53) Concurrent cleanup
[34.319s][info][gc            ] GC(53) Concurrent cleanup 363M->144M(500M) 0.073ms
[34.319s][info][gc,ergo       ] GC(53) Free: 329M, Max: 256K regular, 110M humongous, Frag: 67% external, 0% internal; Reserve: 25600K, Max: 256K
[34.319s][info][gc,ergo       ] Free: 329M, Max: 256K regular, 110M humongous, Frag: 67% external, 0% internal; Reserve: 25600K, Max: 256K
[34.319s][info][gc,stats      ] 
[34.319s][info][gc,stats      ] All times are wall-clock times, except per-root-class counters, that are sum over
[34.319s][info][gc,stats      ] all workers. Dividing the <total> over the root stage time estimates parallelism.
[34.319s][info][gc,stats      ] 
[34.319s][info][gc,stats      ] Concurrent Reset                    192 us
[34.319s][info][gc,stats      ] Pause Init Mark (G)                3793 us
[34.319s][info][gc,stats      ] Pause Init Mark (N)                1499 us
[34.319s][info][gc,stats      ]   Accumulate Stats                   10 us
[34.319s][info][gc,stats      ]   Make Parsable                      10 us
[34.319s][info][gc,stats      ]   Update Region States               30 us
[34.319s][info][gc,stats      ]   Scan Roots                       1380 us, parallelism: 0.78x
[34.319s][info][gc,stats      ]     S: <total>                     1079 us
[34.319s][info][gc,stats      ]     S: Thread Roots                 450 us, workers (us): 450, 
[34.319s][info][gc,stats      ]     S: Universe Roots                 2 us, workers (us):   2, 
[34.319s][info][gc,stats      ]     S: JNI Handles Roots              2 us, workers (us):   2, 
[34.319s][info][gc,stats      ]     S: Synchronizer Roots             1 us, workers (us):   1, 
[34.319s][info][gc,stats      ]     S: Management Roots               2 us, workers (us):   2, 
[34.319s][info][gc,stats      ]     S: System Dict Roots             12 us, workers (us):  12, 
[34.319s][info][gc,stats      ]     S: CLDG Roots                   609 us, workers (us): 609, 
[34.319s][info][gc,stats      ]     S: JVMTI Roots                    1 us, workers (us):   1, 
[34.319s][info][gc,stats      ]   Resize TLABs                       11 us
[34.319s][info][gc,stats      ] Concurrent Marking               112177 us
[34.319s][info][gc,stats      ] Pause Final Mark (G)                477 us
[34.319s][info][gc,stats      ] Pause Final Mark (N)                379 us
[34.319s][info][gc,stats      ]   Finish Queues                      12 us
[34.319s][info][gc,stats      ]   System Purge                      280 us
[34.319s][info][gc,stats      ]     Weak Roots                      280 us
[34.319s][info][gc,stats      ]   Update Region States               38 us
[34.319s][info][gc,stats      ]   Retire TLABs                       12 us
[34.319s][info][gc,stats      ]   Choose Collection Set              25 us
[34.319s][info][gc,stats      ]   Rebuild Free Set                    7 us
[34.319s][info][gc,stats      ] Concurrent Cleanup                   66 us
[34.319s][info][gc,stats      ] Pacing                            47059 us
[34.319s][info][gc,stats      ] 
[34.319s][info][gc,stats      ] Allocation pacing accrued:
[34.319s][info][gc,stats      ]      47 of   326 ms ( 14.4%): Executor task launch worker for task 0.0 in stage 4.0 (TID 4)
[34.319s][info][gc,stats      ]      47 of   326 ms ( 14.4%): <total>
[34.319s][info][gc,stats      ]       1 of   326 ms (  0.2%): <average total>
[34.320s][info][gc,stats      ]      47 of   326 ms ( 14.4%): <average non-zero>
[34.320s][info][gc,stats      ] 
[34.320s][info][gc,metaspace  ] Metaspace: 60068K->60068K(1103872K)
[34.320s][info][gc,ergo       ] Pacer for Idle. Initial: 10240K, Alloc Tax Rate: 1.0x
[34.552s][info][gc            ] Trigger: Average GC time (116.43 ms) is above the time for allocation rate (704 MB/s) to deplete free headroom (82432K)
[34.552s][info][gc,ergo       ] Free headroom: 105M (free) - 25600K (spike) - 0B (penalties) = 82432K
[34.552s][info][gc,ergo       ] Free: 105M, Max: 256K regular, 105M humongous, Frag: 0% external, 2% internal; Reserve: 25600K, Max: 256K
[34.552s][info][gc,start      ] GC(54) Concurrent reset
[34.552s][info][gc,task       ] GC(54) Using 1 of 1 workers for concurrent reset
[34.552s][info][gc,ergo       ] GC(54) Pacer for Reset. Non-Taxable: 500M
[34.553s][info][gc            ] GC(54) Concurrent reset 0.200ms
[34.555s][info][gc,start      ] GC(54) Pause Init Mark
[34.555s][info][gc,task       ] GC(54) Using 1 of 1 workers for init marking
[34.556s][info][gc,ergo       ] GC(54) Pacer for Mark. Expected Live: 119M, Free: 105M, Non-Taxable: 10803K, Alloc Tax Rate: 1.4x
[34.556s][info][gc            ] GC(54) Pause Init Mark 1.211ms
[34.556s][info][gc,start      ] GC(54) Concurrent marking
[34.556s][info][gc,task       ] GC(54) Using 1 of 1 workers for concurrent marking
[34.659s][info][gc            ] GC(54) Concurrent marking 103.112ms
[34.659s][info][gc,start      ] GC(54) Pause Final Mark
[34.659s][info][gc,task       ] GC(54) Using 1 of 1 workers for final marking
[34.660s][info][gc,ergo       ] GC(54) Collectable Garbage: 246M (98%), Immediate: 246M (98%), CSet: 0B (0%)
[34.660s][info][gc            ] GC(54) Pause Final Mark 0.375ms
[34.663s][info][gc,start      ] GC(54) Concurrent cleanup
[34.663s][info][gc            ] GC(54) Concurrent cleanup 386M->143M(500M) 0.088ms
[34.663s][info][gc,ergo       ] GC(54) Free: 330M, Max: 256K regular, 129M humongous, Frag: 61% external, 0% internal; Reserve: 25600K, Max: 256K
[34.663s][info][gc,ergo       ] Free: 330M, Max: 256K regular, 129M humongous, Frag: 61% external, 0% internal; Reserve: 25600K, Max: 256K
[34.663s][info][gc,stats      ] 
[34.663s][info][gc,stats      ] All times are wall-clock times, except per-root-class counters, that are sum over
[34.663s][info][gc,stats      ] all workers. Dividing the <total> over the root stage time estimates parallelism.
[34.663s][info][gc,stats      ] 
[34.663s][info][gc,stats      ] Concurrent Reset                    193 us
[34.663s][info][gc,stats      ] Pause Init Mark (G)                3521 us
[34.663s][info][gc,stats      ] Pause Init Mark (N)                1186 us
[34.663s][info][gc,stats      ]   Accumulate Stats                   10 us
[34.663s][info][gc,stats      ]   Make Parsable                       7 us
[34.663s][info][gc,stats      ]   Update Region States               23 us
[34.663s][info][gc,stats      ]   Scan Roots                       1114 us, parallelism: 0.75x
[34.663s][info][gc,stats      ]     S: <total>                      832 us
[34.663s][info][gc,stats      ]     S: Thread Roots                 276 us, workers (us): 276, 
[34.663s][info][gc,stats      ]     S: Universe Roots                 2 us, workers (us):   2, 
[34.663s][info][gc,stats      ]     S: JNI Handles Roots              1 us, workers (us):   1, 
[34.663s][info][gc,stats      ]     S: Synchronizer Roots             0 us, workers (us):   0, 
[34.663s][info][gc,stats      ]     S: Management Roots               2 us, workers (us):   2, 
[34.663s][info][gc,stats      ]     S: System Dict Roots             12 us, workers (us):  12, 
[34.663s][info][gc,stats      ]     S: CLDG Roots                   538 us, workers (us): 538, 
[34.663s][info][gc,stats      ]     S: JVMTI Roots                    1 us, workers (us):   1, 
[34.663s][info][gc,stats      ]   Resize TLABs                        6 us
[34.663s][info][gc,stats      ] Concurrent Marking               103095 us
[34.663s][info][gc,stats      ] Pause Final Mark (G)               3363 us
[34.663s][info][gc,stats      ] Pause Final Mark (N)                366 us
[34.663s][info][gc,stats      ]   Finish Queues                       9 us
[34.663s][info][gc,stats      ]   System Purge                      268 us
[34.663s][info][gc,stats      ]     Weak Roots                      268 us
[34.663s][info][gc,stats      ]   Update Region States               26 us
[34.663s][info][gc,stats      ]   Retire TLABs                       30 us
[34.663s][info][gc,stats      ]   Choose Collection Set              20 us
[34.663s][info][gc,stats      ]   Rebuild Free Set                    7 us
[34.663s][info][gc,stats      ] Concurrent Cleanup                   70 us
[34.663s][info][gc,stats      ] Pacing                            72081 us
[34.663s][info][gc,stats      ] 
[34.663s][info][gc,stats      ] Allocation pacing accrued:
[34.663s][info][gc,stats      ]      72 of   343 ms ( 21.0%): Executor task launch worker for task 0.0 in stage 4.0 (TID 4)
[34.663s][info][gc,stats      ]      72 of   343 ms ( 21.0%): <total>
[34.663s][info][gc,stats      ]       1 of   343 ms (  0.3%): <average total>
[34.663s][info][gc,stats      ]      72 of   343 ms ( 21.0%): <average non-zero>
[34.663s][info][gc,stats      ] 
[34.663s][info][gc,metaspace  ] Metaspace: 60068K->60068K(1103872K)
[34.663s][info][gc,ergo       ] Pacer for Idle. Initial: 10240K, Alloc Tax Rate: 1.0x
[34.942s][info][gc            ] Trigger: Average GC time (110.61 ms) is above the time for allocation rate (655 MB/s) to deplete free headroom (72704K)
[34.942s][info][gc,ergo       ] Free headroom: 98304K (free) - 25600K (spike) - 0B (penalties) = 72704K
[34.942s][info][gc,ergo       ] Free: 98304K, Max: 256K regular, 89600K humongous, Frag: 9% external, 2% internal; Reserve: 25600K, Max: 256K
[34.942s][info][gc,start      ] GC(55) Concurrent reset
[34.942s][info][gc,task       ] GC(55) Using 1 of 1 workers for concurrent reset
[34.942s][info][gc,ergo       ] GC(55) Pacer for Reset. Non-Taxable: 500M
[34.943s][info][gc            ] GC(55) Concurrent reset 0.205ms
[34.945s][info][gc,start      ] GC(55) Pause Init Mark (process weakrefs)
[34.945s][info][gc,task       ] GC(55) Using 1 of 1 workers for init marking
[34.946s][info][gc,ergo       ] GC(55) Pacer for Mark. Expected Live: 119M, Free: 98304K, Non-Taxable: 9830K, Alloc Tax Rate: 1.5x
[34.946s][info][gc            ] GC(55) Pause Init Mark (process weakrefs) 1.180ms
[34.946s][info][gc,start      ] GC(55) Concurrent marking (process weakrefs)
[34.946s][info][gc,task       ] GC(55) Using 1 of 1 workers for concurrent marking
[34.973s][info][gc            ] GC(55) Concurrent marking (process weakrefs) 26.573ms
[34.973s][info][gc,start      ] GC(55) Concurrent precleaning
[34.973s][info][gc,task       ] GC(55) Using 1 of 1 workers for concurrent preclean
[34.973s][info][gc,ergo       ] GC(55) Pacer for Precleaning. Non-Taxable: 500M
[34.973s][info][gc            ] GC(55) Concurrent precleaning 0.489ms
[34.973s][info][gc,start      ] GC(55) Pause Final Mark (process weakrefs)
[34.973s][info][gc,task       ] GC(55) Using 1 of 1 workers for final marking
[34.974s][info][gc,ergo       ] GC(55) Collectable Garbage: 347M (98%), Immediate: 347M (98%), CSet: 0B (0%)
[34.974s][info][gc            ] GC(55) Pause Final Mark (process weakrefs) 0.429ms
[34.974s][info][gc,start      ] GC(55) Concurrent cleanup
[34.974s][info][gc            ] GC(55) Concurrent cleanup 390M->43M(500M) 0.093ms
[34.974s][info][gc,ergo       ] GC(55) Free: 430M, Max: 256K regular, 119M humongous, Frag: 73% external, 0% internal; Reserve: 25600K, Max: 256K
[34.974s][info][gc,ergo       ] Free: 430M, Max: 256K regular, 119M humongous, Frag: 73% external, 0% internal; Reserve: 25600K, Max: 256K
[34.974s][info][gc,stats      ] 
[34.974s][info][gc,stats      ] All times are wall-clock times, except per-root-class counters, that are sum over
[34.974s][info][gc,stats      ] all workers. Dividing the <total> over the root stage time estimates parallelism.
[34.974s][info][gc,stats      ] 
[34.974s][info][gc,stats      ] Concurrent Reset                    197 us
[34.974s][info][gc,stats      ] Pause Init Mark (G)                3521 us
[34.974s][info][gc,stats      ] Pause Init Mark (N)                1159 us
[34.974s][info][gc,stats      ]   Accumulate Stats                   10 us
[34.974s][info][gc,stats      ]   Make Parsable                       8 us
[34.974s][info][gc,stats      ]   Update Region States               23 us
[34.974s][info][gc,stats      ]   Scan Roots                       1089 us, parallelism: 0.75x
[34.974s][info][gc,stats      ]     S: <total>                      814 us
[34.974s][info][gc,stats      ]     S: Thread Roots                 274 us, workers (us): 274, 
[34.974s][info][gc,stats      ]     S: Universe Roots                 2 us, workers (us):   2, 
[34.974s][info][gc,stats      ]     S: JNI Handles Roots              1 us, workers (us):   1, 
[34.974s][info][gc,stats      ]     S: Synchronizer Roots             0 us, workers (us):   0, 
[34.974s][info][gc,stats      ]     S: Management Roots               1 us, workers (us):   1, 
[34.974s][info][gc,stats      ]     S: System Dict Roots             12 us, workers (us):  12, 
[34.974s][info][gc,stats      ]     S: CLDG Roots                   522 us, workers (us): 522, 
[34.974s][info][gc,stats      ]     S: JVMTI Roots                    1 us, workers (us):   1, 
[34.974s][info][gc,stats      ]   Resize TLABs                        5 us
[34.974s][info][gc,stats      ] Concurrent Marking                26560 us
[34.974s][info][gc,stats      ] Concurrent Precleaning              483 us
[34.974s][info][gc,stats      ] Pause Final Mark (G)                507 us
[34.974s][info][gc,stats      ] Pause Final Mark (N)                421 us
[34.974s][info][gc,stats      ]   Finish Queues                       8 us
[34.974s][info][gc,stats      ]   Weak References                    13 us
[34.974s][info][gc,stats      ]     Process                          11 us
[34.974s][info][gc,stats      ]   System Purge                      315 us
[34.974s][info][gc,stats      ]     Weak Roots                      314 us
[34.974s][info][gc,stats      ]   Update Region States               33 us
[34.974s][info][gc,stats      ]   Retire TLABs                       12 us
[34.974s][info][gc,stats      ]   Choose Collection Set              29 us
[34.974s][info][gc,stats      ]   Rebuild Free Set                    7 us
[34.974s][info][gc,stats      ] Concurrent Cleanup                   86 us
[34.974s][info][gc,stats      ] Pacing                            10632 us
[34.974s][info][gc,stats      ] 
[34.974s][info][gc,stats      ] Allocation pacing accrued:
[34.974s][info][gc,stats      ]      11 of   311 ms (  3.4%): Spark Context Cleaner
[34.974s][info][gc,stats      ]      11 of   311 ms (  3.4%): <total>
[34.974s][info][gc,stats      ]       0 of   311 ms (  0.0%): <average total>
[34.974s][info][gc,stats      ]      11 of   311 ms (  3.4%): <average non-zero>
[34.974s][info][gc,stats      ] 
[34.974s][info][gc,metaspace  ] Metaspace: 60068K->60068K(1103872K)
[34.974s][info][gc,ergo       ] Pacer for Idle. Initial: 10240K, Alloc Tax Rate: 1.0x
[35.350s][info][gc            ] Trigger: Average GC time (94.74 ms) is above the time for allocation rate (837 MB/s) to deplete free headroom (79616K)
[35.350s][info][gc,ergo       ] Free headroom: 102M (free) - 25600K (spike) - 0B (penalties) = 79616K
[35.350s][info][gc,ergo       ] Free: 102M, Max: 256K regular, 40704K humongous, Frag: 62% external, 1% internal; Reserve: 25600K, Max: 256K
[35.350s][info][gc,start      ] GC(56) Concurrent reset
[35.350s][info][gc,task       ] GC(56) Using 1 of 1 workers for concurrent reset
[35.350s][info][gc,ergo       ] GC(56) Pacer for Reset. Non-Taxable: 500M
[35.350s][info][gc            ] GC(56) Concurrent reset 0.111ms
[35.352s][info][gc,start      ] GC(56) Pause Init Mark
[35.352s][info][gc,task       ] GC(56) Using 1 of 1 workers for init marking
[35.353s][info][gc,ergo       ] GC(56) Pacer for Mark. Expected Live: 100M, Free: 102M, Non-Taxable: 10521K, Alloc Tax Rate: 1.2x
[35.353s][info][gc            ] GC(56) Pause Init Mark 1.215ms
[35.353s][info][gc,start      ] GC(56) Concurrent marking
[35.353s][info][gc,task       ] GC(56) Using 1 of 1 workers for concurrent marking
[35.396s][info][gc            ] GC(56) Concurrent marking 42.971ms
[35.397s][info][gc,start      ] GC(56) Pause Final Mark
[35.397s][info][gc,task       ] GC(56) Using 1 of 1 workers for final marking
[35.397s][info][gc,ergo       ] GC(56) Collectable Garbage: 340M (98%), Immediate: 340M (98%), CSet: 0B (0%)
[35.397s][info][gc            ] GC(56) Pause Final Mark 0.380ms
[35.397s][info][gc,start      ] GC(56) Concurrent cleanup
[35.397s][info][gc            ] GC(56) Concurrent cleanup 385M->45M(500M) 0.091ms
[35.397s][info][gc,ergo       ] GC(56) Free: 429M, Max: 256K regular, 291M humongous, Frag: 32% external, 0% internal; Reserve: 25600K, Max: 256K
[35.397s][info][gc,ergo       ] Free: 429M, Max: 256K regular, 291M humongous, Frag: 32% external, 0% internal; Reserve: 25600K, Max: 256K
[35.397s][info][gc,stats      ] 
[35.397s][info][gc,stats      ] All times are wall-clock times, except per-root-class counters, that are sum over
[35.397s][info][gc,stats      ] all workers. Dividing the <total> over the root stage time estimates parallelism.
[35.397s][info][gc,stats      ] 
[35.397s][info][gc,stats      ] Concurrent Reset                    103 us
[35.397s][info][gc,stats      ] Pause Init Mark (G)                3507 us
[35.397s][info][gc,stats      ] Pause Init Mark (N)                1191 us
[35.397s][info][gc,stats      ]   Accumulate Stats                    9 us
[35.397s][info][gc,stats      ]   Make Parsable                       7 us
[35.397s][info][gc,stats      ]   Update Region States               24 us
[35.397s][info][gc,stats      ]   Scan Roots                       1120 us, parallelism: 0.77x
[35.397s][info][gc,stats      ]     S: <total>                      858 us
[35.397s][info][gc,stats      ]     S: Thread Roots                 277 us, workers (us): 277, 
[35.397s][info][gc,stats      ]     S: Universe Roots                 2 us, workers (us):   2, 
[35.397s][info][gc,stats      ]     S: JNI Handles Roots              1 us, workers (us):   1, 
[35.397s][info][gc,stats      ]     S: Synchronizer Roots             0 us, workers (us):   0, 
[35.397s][info][gc,stats      ]     S: Management Roots               1 us, workers (us):   1, 
[35.397s][info][gc,stats      ]     S: System Dict Roots             12 us, workers (us):  12, 
[35.397s][info][gc,stats      ]     S: CLDG Roots                   564 us, workers (us): 564, 
[35.397s][info][gc,stats      ]     S: JVMTI Roots                    0 us, workers (us):   0, 
[35.397s][info][gc,stats      ]   Resize TLABs                        6 us
[35.397s][info][gc,stats      ] Concurrent Marking                42962 us
[35.397s][info][gc,stats      ] Pause Final Mark (G)                449 us
[35.397s][info][gc,stats      ] Pause Final Mark (N)                370 us
[35.397s][info][gc,stats      ]   Finish Queues                      14 us
[35.397s][info][gc,stats      ]   System Purge                      276 us
[35.397s][info][gc,stats      ]     Weak Roots                      275 us
[35.397s][info][gc,stats      ]   Update Region States               26 us
[35.397s][info][gc,stats      ]   Retire TLABs                        8 us
[35.397s][info][gc,stats      ]   Choose Collection Set              17 us
[35.397s][info][gc,stats      ]   Rebuild Free Set                    7 us
[35.397s][info][gc,stats      ] Concurrent Cleanup                   84 us
[35.397s][info][gc,stats      ] Pacing                             6904 us
[35.397s][info][gc,stats      ] 
[35.397s][info][gc,stats      ] Allocation pacing accrued:
[35.397s][info][gc,stats      ]       7 of   423 ms (  1.6%): Executor task launch worker for task 0.0 in stage 4.0 (TID 4)
[35.397s][info][gc,stats      ]       7 of   423 ms (  1.6%): <total>
[35.397s][info][gc,stats      ]       0 of   423 ms (  0.0%): <average total>
[35.397s][info][gc,stats      ]       7 of   423 ms (  1.6%): <average non-zero>
[35.397s][info][gc,stats      ] 
[35.397s][info][gc,metaspace  ] Metaspace: 60068K->60068K(1103872K)
[35.397s][info][gc,ergo       ] Pacer for Idle. Initial: 10240K, Alloc Tax Rate: 1.0x
[35.664s][info][gc            ] Trigger: Average GC time (82.28 ms) is above the time for allocation rate (1059 MB/s) to deplete free headroom (87552K)
[35.664s][info][gc,ergo       ] Free headroom: 110M (free) - 25600K (spike) - 0B (penalties) = 87552K
[35.665s][info][gc,ergo       ] Free: 110M, Max: 256K regular, 25856K humongous, Frag: 78% external, 1% internal; Reserve: 25600K, Max: 256K
[35.665s][info][gc,start      ] GC(57) Concurrent reset
[35.665s][info][gc,task       ] GC(57) Using 1 of 1 workers for concurrent reset
[35.665s][info][gc,ergo       ] GC(57) Pacer for Reset. Non-Taxable: 500M
[35.665s][info][gc            ] GC(57) Concurrent reset 0.111ms
[35.667s][info][gc,start      ] GC(57) Pause Init Mark
[35.667s][info][gc,task       ] GC(57) Using 1 of 1 workers for init marking
[35.668s][info][gc,ergo       ] GC(57) Pacer for Mark. Expected Live: 83323K, Free: 110M, Non-Taxable: 11315K, Alloc Tax Rate: 0.9x
[35.668s][info][gc            ] GC(57) Pause Init Mark 1.219ms
[35.668s][info][gc,start      ] GC(57) Concurrent marking
[35.668s][info][gc,task       ] GC(57) Using 1 of 1 workers for concurrent marking
[35.699s][info][gc            ] GC(57) Concurrent marking 31.182ms
[35.699s][info][gc,start      ] GC(57) Pause Final Mark
[35.699s][info][gc,task       ] GC(57) Using 1 of 1 workers for final marking
[35.700s][info][gc,ergo       ] GC(57) Collectable Garbage: 333M (98%), Immediate: 333M (98%), CSet: 0B (0%)
[35.700s][info][gc            ] GC(57) Pause Final Mark 0.382ms
[35.700s][info][gc,start      ] GC(57) Concurrent cleanup
[35.700s][info][gc            ] GC(57) Concurrent cleanup 379M->46M(500M) 0.089ms
[35.700s][info][gc,ergo       ] GC(57) Free: 427M, Max: 256K regular, 247M humongous, Frag: 43% external, 0% internal; Reserve: 25600K, Max: 256K
[35.700s][info][gc,ergo       ] Free: 427M, Max: 256K regular, 247M humongous, Frag: 43% external, 0% internal; Reserve: 25600K, Max: 256K
[35.700s][info][gc,stats      ] 
[35.700s][info][gc,stats      ] All times are wall-clock times, except per-root-class counters, that are sum over
[35.700s][info][gc,stats      ] all workers. Dividing the <total> over the root stage time estimates parallelism.
[35.700s][info][gc,stats      ] 
[35.700s][info][gc,stats      ] Concurrent Reset                    103 us
[35.700s][info][gc,stats      ] Pause Init Mark (G)                3450 us
[35.700s][info][gc,stats      ] Pause Init Mark (N)                1195 us
[35.700s][info][gc,stats      ]   Accumulate Stats                   10 us
[35.700s][info][gc,stats      ]   Make Parsable                       7 us
[35.700s][info][gc,stats      ]   Update Region States               25 us
[35.700s][info][gc,stats      ]   Scan Roots                       1122 us, parallelism: 0.77x
[35.700s][info][gc,stats      ]     S: <total>                      861 us
[35.700s][info][gc,stats      ]     S: Thread Roots                 279 us, workers (us): 279, 
[35.700s][info][gc,stats      ]     S: Universe Roots                 2 us, workers (us):   2, 
[35.700s][info][gc,stats      ]     S: JNI Handles Roots              1 us, workers (us):   1, 
[35.700s][info][gc,stats      ]     S: Synchronizer Roots             0 us, workers (us):   0, 
[35.700s][info][gc,stats      ]     S: Management Roots               1 us, workers (us):   1, 
[35.700s][info][gc,stats      ]     S: System Dict Roots             11 us, workers (us):  11, 
[35.700s][info][gc,stats      ]     S: CLDG Roots                   565 us, workers (us): 565, 
[35.700s][info][gc,stats      ]     S: JVMTI Roots                    0 us, workers (us):   0, 
[35.700s][info][gc,stats      ]   Resize TLABs                        6 us
[35.700s][info][gc,stats      ] Concurrent Marking                31174 us
[35.700s][info][gc,stats      ] Pause Final Mark (G)                452 us
[35.700s][info][gc,stats      ] Pause Final Mark (N)                374 us
[35.700s][info][gc,stats      ]   Finish Queues                      13 us
[35.700s][info][gc,stats      ]   System Purge                      288 us
[35.700s][info][gc,stats      ]     Weak Roots                      288 us
[35.700s][info][gc,stats      ]   Update Region States               26 us
[35.700s][info][gc,stats      ]   Retire TLABs                       11 us
[35.700s][info][gc,stats      ]   Choose Collection Set              22 us
[35.700s][info][gc,stats      ]   Rebuild Free Set                    8 us
[35.700s][info][gc,stats      ] Concurrent Cleanup                   83 us
[35.700s][info][gc,stats      ] Pacing                             9775 us
[35.700s][info][gc,stats      ] 
[35.700s][info][gc,stats      ] Allocation pacing accrued:
[35.700s][info][gc,stats      ]      10 of   303 ms (  3.2%): Executor task launch worker for task 0.0 in stage 4.0 (TID 4)
[35.700s][info][gc,stats      ]      10 of   303 ms (  3.2%): <total>
[35.700s][info][gc,stats      ]       0 of   303 ms (  0.0%): <average total>
[35.700s][info][gc,stats      ]      10 of   303 ms (  3.2%): <average non-zero>
[35.700s][info][gc,stats      ] 
[35.700s][info][gc,metaspace  ] Metaspace: 60068K->60068K(1103872K)
[35.700s][info][gc,ergo       ] Pacer for Idle. Initial: 10240K, Alloc Tax Rate: 1.0x
[35.946s][info][gc            ] Trigger: Average GC time (68.24 ms) is above the time for allocation rate (1201 MB/s) to deplete free headroom (82432K)
[35.946s][info][gc,ergo       ] Free headroom: 105M (free) - 25600K (spike) - 0B (penalties) = 82432K
[35.946s][info][gc,ergo       ] Free: 105M, Max: 256K regular, 43520K humongous, Frag: 60% external, 1% internal; Reserve: 25600K, Max: 256K
[35.946s][info][gc,start      ] GC(58) Concurrent reset
[35.946s][info][gc,task       ] GC(58) Using 1 of 1 workers for concurrent reset
[35.946s][info][gc,ergo       ] GC(58) Pacer for Reset. Non-Taxable: 500M
[35.946s][info][gc            ] GC(58) Concurrent reset 0.111ms
[35.948s][info][gc,start      ] GC(58) Pause Init Mark
[35.948s][info][gc,task       ] GC(58) Using 1 of 1 workers for init marking
[35.950s][info][gc,ergo       ] GC(58) Pacer for Mark. Expected Live: 63794K, Free: 105M, Non-Taxable: 10803K, Alloc Tax Rate: 0.7x
[35.950s][info][gc            ] GC(58) Pause Init Mark 1.216ms
[35.950s][info][gc,start      ] GC(58) Concurrent marking
[35.950s][info][gc,task       ] GC(58) Using 1 of 1 workers for concurrent marking
[35.979s][info][gc            ] GC(58) Concurrent marking 28.924ms
[35.984s][info][gc,start      ] GC(58) Pause Final Mark
[35.984s][info][gc,task       ] GC(58) Using 1 of 1 workers for final marking
[35.985s][info][gc,ergo       ] GC(58) Collectable Garbage: 337M (98%), Immediate: 337M (98%), CSet: 0B (0%)
[35.985s][info][gc            ] GC(58) Pause Final Mark 0.363ms
[35.985s][info][gc,start      ] GC(58) Concurrent cleanup
[35.985s][info][gc            ] GC(58) Concurrent cleanup 386M->48M(500M) 0.091ms
[35.985s][info][gc,ergo       ] GC(58) Free: 425M, Max: 256K regular, 183M humongous, Frag: 57% external, 0% internal; Reserve: 25600K, Max: 256K
[35.985s][info][gc,ergo       ] Free: 425M, Max: 256K regular, 183M humongous, Frag: 57% external, 0% internal; Reserve: 25600K, Max: 256K
[35.985s][info][gc,stats      ] 
[35.985s][info][gc,stats      ] All times are wall-clock times, except per-root-class counters, that are sum over
[35.985s][info][gc,stats      ] all workers. Dividing the <total> over the root stage time estimates parallelism.
[35.985s][info][gc,stats      ] 
[35.985s][info][gc,stats      ] Concurrent Reset                    103 us
[35.985s][info][gc,stats      ] Pause Init Mark (G)                3474 us
[35.985s][info][gc,stats      ] Pause Init Mark (N)                1200 us
[35.985s][info][gc,stats      ]   Accumulate Stats                    9 us
[35.985s][info][gc,stats      ]   Make Parsable                       8 us
[35.985s][info][gc,stats      ]   Update Region States               20 us
[35.985s][info][gc,stats      ]   Scan Roots                       1125 us, parallelism: 0.76x
[35.985s][info][gc,stats      ]     S: <total>                      859 us
[35.985s][info][gc,stats      ]     S: Thread Roots                 283 us, workers (us): 283, 
[35.985s][info][gc,stats      ]     S: Universe Roots                 2 us, workers (us):   2, 
[35.985s][info][gc,stats      ]     S: JNI Handles Roots              1 us, workers (us):   1, 
[35.985s][info][gc,stats      ]     S: Synchronizer Roots             0 us, workers (us):   0, 
[35.985s][info][gc,stats      ]     S: Management Roots               1 us, workers (us):   1, 
[35.985s][info][gc,stats      ]     S: System Dict Roots             10 us, workers (us):  10, 
[35.985s][info][gc,stats      ]     S: CLDG Roots                   561 us, workers (us): 561, 
[35.985s][info][gc,stats      ]     S: JVMTI Roots                    0 us, workers (us):   0, 
[35.985s][info][gc,stats      ]   Resize TLABs                        6 us
[35.985s][info][gc,stats      ] Concurrent Marking                28915 us
[35.985s][info][gc,stats      ] Pause Final Mark (G)               6070 us
[35.985s][info][gc,stats      ] Pause Final Mark (N)                332 us
[35.985s][info][gc,stats      ]   Finish Queues                      18 us
[35.985s][info][gc,stats      ]   System Purge                      248 us
[35.985s][info][gc,stats      ]     Weak Roots                      247 us
[35.985s][info][gc,stats      ]   Update Region States               27 us
[35.985s][info][gc,stats      ]   Retire TLABs                        9 us
[35.985s][info][gc,stats      ]   Choose Collection Set              17 us
[35.985s][info][gc,stats      ]   Rebuild Free Set                    7 us
[35.985s][info][gc,stats      ] Concurrent Cleanup                   84 us
[35.985s][info][gc,stats      ] 
[35.985s][info][gc,stats      ] Allocation pacing accrued:
[35.985s][info][gc,stats      ]       0 of   285 ms (  0.0%): <total>
[35.985s][info][gc,stats      ]       0 of   285 ms (  0.0%): <average total>
[35.985s][info][gc,stats      ] 
[35.985s][info][gc,metaspace  ] Metaspace: 60070K->60070K(1103872K)
[35.985s][info][gc,ergo       ] Pacer for Idle. Initial: 10240K, Alloc Tax Rate: 1.0x
[36.307s][info][gc            ] Trigger: Explicit GC request (System.gc())
[36.308s][info][gc,ergo       ] Free: 125M, Max: 256K regular, 37376K humongous, Frag: 71% external, 1% internal; Reserve: 25600K, Max: 256K
[36.308s][info][gc,start      ] GC(59) Concurrent reset
[36.308s][info][gc,task       ] GC(59) Using 1 of 1 workers for concurrent reset
[36.308s][info][gc,ergo       ] GC(59) Pacer for Reset. Non-Taxable: 500M
[36.308s][info][gc            ] GC(59) Concurrent reset 0.127ms
[36.308s][info][gc,start      ] GC(59) Pause Init Mark (process weakrefs) (unload classes)
[36.308s][info][gc,task       ] GC(59) Using 1 of 1 workers for init marking
[36.309s][info][gc,ergo       ] GC(59) Pacer for Mark. Expected Live: 44267K, Free: 125M, Non-Taxable: 12803K, Alloc Tax Rate: 0.4x
[36.309s][info][gc            ] GC(59) Pause Init Mark (process weakrefs) (unload classes) 0.757ms
[36.309s][info][gc,start      ] GC(59) Concurrent marking (process weakrefs) (unload classes)
[36.309s][info][gc,task       ] GC(59) Using 1 of 1 workers for concurrent marking
[36.337s][info][gc            ] GC(59) Concurrent marking (process weakrefs) (unload classes) 28.416ms
[36.337s][info][gc,start      ] GC(59) Concurrent precleaning
[36.337s][info][gc,task       ] GC(59) Using 1 of 1 workers for concurrent preclean
[36.337s][info][gc,ergo       ] GC(59) Pacer for Precleaning. Non-Taxable: 500M
[36.337s][info][gc            ] GC(59) Concurrent precleaning 0.256ms
[36.337s][info][gc,start      ] GC(59) Pause Final Mark (process weakrefs) (unload classes)
[36.337s][info][gc,task       ] GC(59) Using 1 of 1 workers for final marking
[36.374s][info][gc,stringtable] GC(59) Cleaned string and symbol table, strings: 18419 processed, 0 removed, symbols: 131923 processed, 202 removed
[36.374s][info][gc,ergo       ] GC(59) Collectable Garbage: 317M (97%), Immediate: 317M (97%), CSet: 0B (0%)
[36.374s][info][gc            ] GC(59) Pause Final Mark (process weakrefs) (unload classes) 36.773ms
[36.374s][info][gc,start      ] GC(59) Concurrent cleanup
[36.374s][info][gc            ] GC(59) Concurrent cleanup 348M->31M(500M) 0.090ms
[36.374s][info][gc,ergo       ] GC(59) Free: 442M, Max: 256K regular, 189M humongous, Frag: 58% external, 0% internal; Reserve: 25600K, Max: 256K
[36.374s][info][gc,ergo       ] Free: 442M, Max: 256K regular, 189M humongous, Frag: 58% external, 0% internal; Reserve: 25600K, Max: 256K
[36.374s][info][gc,stats      ] 
[36.374s][info][gc,stats      ] All times are wall-clock times, except per-root-class counters, that are sum over
[36.374s][info][gc,stats      ] all workers. Dividing the <total> over the root stage time estimates parallelism.
[36.374s][info][gc,stats      ] 
[36.374s][info][gc,stats      ] Concurrent Reset                    104 us
[36.374s][info][gc,stats      ] Pause Init Mark (G)                 977 us
[36.374s][info][gc,stats      ] Pause Init Mark (N)                 747 us
[36.374s][info][gc,stats      ]   Accumulate Stats                    9 us
[36.374s][info][gc,stats      ]   Make Parsable                       9 us
[36.374s][info][gc,stats      ]   Update Region States               20 us
[36.374s][info][gc,stats      ]   Scan Roots                        676 us, parallelism: 0.59x
[36.374s][info][gc,stats      ]     S: <total>                      399 us
[36.374s][info][gc,stats      ]     S: Thread Roots                 248 us, workers (us): 248, 
[36.374s][info][gc,stats      ]     S: Universe Roots                 2 us, workers (us):   2, 
[36.374s][info][gc,stats      ]     S: JNI Handles Roots              1 us, workers (us):   1, 
[36.374s][info][gc,stats      ]     S: Synchronizer Roots             0 us, workers (us):   0, 
[36.374s][info][gc,stats      ]     S: Management Roots               1 us, workers (us):   1, 
[36.374s][info][gc,stats      ]     S: System Dict Roots             11 us, workers (us):  11, 
[36.374s][info][gc,stats      ]     S: CLDG Roots                   137 us, workers (us): 137, 
[36.374s][info][gc,stats      ]     S: JVMTI Roots                    0 us, workers (us):   0, 
[36.374s][info][gc,stats      ]   Resize TLABs                        5 us
[36.374s][info][gc,stats      ] Concurrent Marking                28408 us
[36.374s][info][gc,stats      ] Concurrent Precleaning              251 us
[36.374s][info][gc,stats      ] Pause Final Mark (G)              36862 us
[36.375s][info][gc,stats      ] Pause Final Mark (N)              36764 us
[36.375s][info][gc,stats      ]   Finish Queues                      50 us
[36.375s][info][gc,stats      ]   Weak References                    47 us
[36.375s][info][gc,stats      ]     Process                          45 us
[36.375s][info][gc,stats      ]   System Purge                      331 us
[36.375s][info][gc,stats      ]     Unload Classes                 1047 us
[36.375s][info][gc,stats      ]     Cleanup                       34983 us, parallelism: 0.99x
[36.375s][info][gc,stats      ]       CU: <total>                 34774 us
[36.375s][info][gc,stats      ]       CU: Code Cache Roots        13224 us, workers (us): 13224, 
[36.375s][info][gc,stats      ]       CU: Code Cache Cleaning      2131 us, workers (us): 2131, 
[36.375s][info][gc,stats      ]       CU: String Table Roots      13095 us, workers (us): 13095, 
[36.375s][info][gc,stats      ]       CU: Resolved Table Roots      265 us, workers (us): 265, 
[36.375s][info][gc,stats      ]       CU: CLDG Roots               6059 us, workers (us): 6059, 
[36.375s][info][gc,stats      ]     Weak Roots                      331 us
[36.375s][info][gc,stats      ]     CLDG                            216 us
[36.375s][info][gc,stats      ]   Update Region States               31 us
[36.375s][info][gc,stats      ]   Retire TLABs                       21 us
[36.375s][info][gc,stats      ]   Choose Collection Set              24 us
[36.375s][info][gc,stats      ]   Rebuild Free Set                    7 us
[36.375s][info][gc,stats      ] Concurrent Cleanup                   81 us
[36.375s][info][gc,stats      ] 
[36.375s][info][gc,stats      ] Allocation pacing accrued:
[36.375s][info][gc,stats      ]       0 of   390 ms (  0.0%): <total>
[36.375s][info][gc,stats      ]       0 of   390 ms (  0.0%): <average total>
[36.375s][info][gc,stats      ] 
[36.375s][info][gc,metaspace  ] Metaspace: 60129K->59750K(1103872K)
[36.375s][info][gc,ergo       ] Pacer for Idle. Initial: 10240K, Alloc Tax Rate: 1.0x
[36.375s][info][gc,start      ] Concurrent uncommit
[36.399s][info][gc            ] Concurrent uncommit 31M->31M(32M) 24.494ms
[36.776s][info][gc            ] Trigger: Learning 2 of 5. Free (348M) is below initial threshold (350M)
[36.776s][info][gc,ergo       ] Free: 348M, Max: 256K regular, 189M humongous, Frag: 46% external, 0% internal; Reserve: 25600K, Max: 256K
[36.776s][info][gc,start      ] GC(60) Concurrent reset
[36.776s][info][gc,task       ] GC(60) Using 1 of 1 workers for concurrent reset
[36.776s][info][gc,ergo       ] GC(60) Pacer for Reset. Non-Taxable: 500M
[36.776s][info][gc            ] GC(60) Concurrent reset 0.116ms
[36.781s][info][gc,start      ] GC(60) Pause Init Mark (process weakrefs)
[36.781s][info][gc,task       ] GC(60) Using 1 of 1 workers for init marking
[36.782s][info][gc,ergo       ] GC(60) Pacer for Mark. Expected Live: 24489K, Free: 348M, Non-Taxable: 35664K, Alloc Tax Rate: 0.1x
[36.782s][info][gc            ] GC(60) Pause Init Mark (process weakrefs) 1.505ms
[36.782s][info][gc,start      ] GC(60) Concurrent marking (process weakrefs)
[36.782s][info][gc,task       ] GC(60) Using 1 of 1 workers for concurrent marking
[36.866s][info][gc            ] GC(60) Concurrent marking (process weakrefs) 83.532ms
[36.866s][info][gc,start      ] GC(60) Concurrent precleaning
[36.866s][info][gc,task       ] GC(60) Using 1 of 1 workers for concurrent preclean
[36.866s][info][gc,ergo       ] GC(60) Pacer for Precleaning. Non-Taxable: 500M
[36.866s][info][gc            ] GC(60) Concurrent precleaning 0.561ms
[36.866s][info][gc,start      ] GC(60) Pause Final Mark (process weakrefs)
[36.866s][info][gc,task       ] GC(60) Using 1 of 1 workers for final marking
[36.867s][info][gc,ergo       ] GC(60) Adaptive CSet Selection. Target Free: 72533K, Actual Free: 347M, Max CSet: 21333K, Min Garbage: 0B
[36.867s][info][gc,ergo       ] GC(60) Collectable Garbage: 95446K (98%), Immediate: 7420K (7%), CSet: 88026K (90%)
[36.869s][info][gc,ergo       ] GC(60) Pacer for Evacuation. Used CSet: 94007K, Free: 324M, Non-Taxable: 33228K, Alloc Tax Rate: 1.1x
[36.869s][info][gc            ] GC(60) Pause Final Mark (process weakrefs) 2.563ms
[36.869s][info][gc,start      ] GC(60) Concurrent cleanup
[36.869s][info][gc            ] GC(60) Concurrent cleanup 156M->149M(159M) 0.044ms
[36.869s][info][gc,ergo       ] GC(60) Free: 324M, Max: 256K regular, 167M humongous, Frag: 49% external, 0% internal; Reserve: 25344K, Max: 256K
[36.869s][info][gc,start      ] GC(60) Concurrent evacuation
[36.869s][info][gc,task       ] GC(60) Using 1 of 1 workers for concurrent evacuation
[36.894s][info][gc            ] GC(60) Concurrent evacuation 25.052ms
[36.901s][info][gc,start      ] GC(60) Pause Init Update Refs
[36.901s][info][gc,ergo       ] GC(60) Pacer for Update Refs. Used: 170M, Free: 309M, Non-Taxable: 31641K, Alloc Tax Rate: 1.1x
[36.901s][info][gc            ] GC(60) Pause Init Update Refs 0.060ms
[36.901s][info][gc,start      ] GC(60) Concurrent update references
[36.901s][info][gc,task       ] GC(60) Using 1 of 1 workers for concurrent reference update
[37.024s][info][gc            ] GC(60) Concurrent update references 122.943ms
[37.027s][info][gc,start      ] GC(60) Pause Final Update Refs
[37.027s][info][gc,task       ] GC(60) Using 1 of 1 workers for final reference update
[37.027s][info][gc            ] GC(60) Pause Final Update Refs 0.389ms
[37.027s][info][gc,start      ] GC(60) Concurrent cleanup
[37.027s][info][gc            ] GC(60) Concurrent cleanup 209M->118M(211M) 0.055ms
[37.027s][info][gc,ergo       ] Free: 355M, Max: 256K regular, 270M humongous, Frag: 24% external, 0% internal; Reserve: 25600K, Max: 256K
[37.027s][info][gc,stats      ] 
[37.027s][info][gc,stats      ] All times are wall-clock times, except per-root-class counters, that are sum over
[37.027s][info][gc,stats      ] all workers. Dividing the <total> over the root stage time estimates parallelism.
[37.027s][info][gc,stats      ] 
[37.027s][info][gc,stats      ] Concurrent Reset                    105 us
[37.027s][info][gc,stats      ] Pause Init Mark (G)                6317 us
[37.027s][info][gc,stats      ] Pause Init Mark (N)                1451 us
[37.027s][info][gc,stats      ]   Accumulate Stats                   12 us
[37.027s][info][gc,stats      ]   Make Parsable                      16 us
[37.027s][info][gc,stats      ]   Update Region States               40 us
[37.027s][info][gc,stats      ]   Scan Roots                       1321 us, parallelism: 0.79x
[37.027s][info][gc,stats      ]     S: <total>                     1046 us
[37.027s][info][gc,stats      ]     S: Thread Roots                 413 us, workers (us): 413, 
[37.027s][info][gc,stats      ]     S: Universe Roots                 2 us, workers (us):   2, 
[37.027s][info][gc,stats      ]     S: JNI Handles Roots              2 us, workers (us):   2, 
[37.027s][info][gc,stats      ]     S: Synchronizer Roots             0 us, workers (us):   0, 
[37.027s][info][gc,stats      ]     S: Management Roots               1 us, workers (us):   1, 
[37.027s][info][gc,stats      ]     S: System Dict Roots             11 us, workers (us):  11, 
[37.027s][info][gc,stats      ]     S: CLDG Roots                   615 us, workers (us): 615, 
[37.027s][info][gc,stats      ]     S: JVMTI Roots                    1 us, workers (us):   1, 
[37.027s][info][gc,stats      ]   Resize TLABs                       10 us
[37.027s][info][gc,stats      ] Concurrent Marking                83522 us
[37.027s][info][gc,stats      ] Concurrent Precleaning              554 us
[37.027s][info][gc,stats      ] Pause Final Mark (G)               2666 us
[37.027s][info][gc,stats      ] Pause Final Mark (N)               2555 us
[37.027s][info][gc,stats      ]   Finish Queues                       9 us
[37.027s][info][gc,stats      ]   Weak References                    60 us
[37.027s][info][gc,stats      ]     Process                          57 us
[37.027s][info][gc,stats      ]   System Purge                      294 us
[37.027s][info][gc,stats      ]     Weak Roots                      294 us
[37.028s][info][gc,stats      ]   Update Region States               29 us
[37.028s][info][gc,stats      ]   Retire TLABs                       11 us
[37.028s][info][gc,stats      ]   Choose Collection Set              75 us
[37.028s][info][gc,stats      ]   Rebuild Free Set                    8 us
[37.028s][info][gc,stats      ]   Initial Evacuation               2063 us, parallelism: 0.63x
[37.028s][info][gc,stats      ]     E: <total>                     1295 us
[37.028s][info][gc,stats      ]     E: Thread Roots                 386 us, workers (us): 386, 
[37.028s][info][gc,stats      ]     E: Code Cache Roots             298 us, workers (us): 298, 
[37.028s][info][gc,stats      ]     E: Universe Roots                29 us, workers (us):  29, 
[37.028s][info][gc,stats      ]     E: JNI Handles Roots              1 us, workers (us):   1, 
[37.028s][info][gc,stats      ]     E: Synchronizer Roots             0 us, workers (us):   0, 
[37.028s][info][gc,stats      ]     E: Management Roots               1 us, workers (us):   1, 
[37.028s][info][gc,stats      ]     E: System Dict Roots              9 us, workers (us):   9, 
[37.028s][info][gc,stats      ]     E: CLDG Roots                   570 us, workers (us): 570, 
[37.028s][info][gc,stats      ]     E: JVMTI Roots                    1 us, workers (us):   1, 
[37.028s][info][gc,stats      ] Concurrent Cleanup                   36 us
[37.028s][info][gc,stats      ] Concurrent Evacuation             25040 us
[37.028s][info][gc,stats      ] Pause Init  Update Refs (G)        6727 us
[37.028s][info][gc,stats      ] Pause Init  Update Refs (N)          15 us
[37.028s][info][gc,stats      ]   Retire GCLABs                       8 us
[37.028s][info][gc,stats      ] Concurrent Update Refs           122928 us
[37.028s][info][gc,stats      ] Pause Final Update Refs (G)        3327 us
[37.028s][info][gc,stats      ] Pause Final Update Refs (N)         364 us
[37.028s][info][gc,stats      ]   Update Roots                      319 us, parallelism: 0.98x
[37.028s][info][gc,stats      ]     UR: <total>                     313 us
[37.028s][info][gc,stats      ]     UR: Thread Roots                313 us, workers (us): 313, 
[37.028s][info][gc,stats      ]   Update Region States               27 us
[37.028s][info][gc,stats      ]   Trash Collection Set                3 us
[37.028s][info][gc,stats      ]   Rebuild Free Set                    7 us
[37.028s][info][gc,stats      ] Concurrent Cleanup                   47 us
[37.028s][info][gc,stats      ] 
[37.028s][info][gc,stats      ] Allocation pacing accrued:
[37.028s][info][gc,stats      ]       0 of   653 ms (  0.0%): <total>
[37.028s][info][gc,stats      ]       0 of   653 ms (  0.0%): <average total>
[37.028s][info][gc,stats      ] 
[37.028s][info][gc,metaspace  ] Metaspace: 60049K->60049K(1103872K)
[37.028s][info][gc,ergo       ] Pacer for Idle. Initial: 10240K, Alloc Tax Rate: 1.0x
[37.032s][info][gc            ] Trigger: Learning 3 of 5. Free (348M) is below initial threshold (350M)
[37.032s][info][gc,ergo       ] Free: 348M, Max: 256K regular, 270M humongous, Frag: 23% external, 0% internal; Reserve: 25600K, Max: 256K
[37.032s][info][gc,start      ] GC(61) Concurrent reset
[37.032s][info][gc,task       ] GC(61) Using 1 of 1 workers for concurrent reset
[37.032s][info][gc,ergo       ] GC(61) Pacer for Reset. Non-Taxable: 500M
[37.032s][info][gc            ] GC(61) Concurrent reset 0.251ms
[37.037s][info][gc,start      ] GC(61) Pause Init Mark
[37.037s][info][gc,task       ] GC(61) Using 1 of 1 workers for init marking
[37.038s][info][gc,ergo       ] GC(61) Pacer for Mark. Expected Live: 25413K, Free: 348M, Non-Taxable: 35660K, Alloc Tax Rate: 0.1x
[37.038s][info][gc            ] GC(61) Pause Init Mark 1.341ms
[37.038s][info][gc,start      ] GC(61) Concurrent marking
[37.038s][info][gc,task       ] GC(61) Using 1 of 1 workers for concurrent marking
[37.131s][info][gc            ] GC(61) Concurrent marking 92.533ms
[37.131s][info][gc,start      ] GC(61) Pause Final Mark
[37.131s][info][gc,task       ] GC(61) Using 1 of 1 workers for final marking
[37.131s][info][gc,ergo       ] GC(61) Adaptive CSet Selection. Target Free: 72533K, Actual Free: 314M, Max CSet: 21333K, Min Garbage: 0B
[37.131s][info][gc,ergo       ] GC(61) Collectable Garbage: 89863K (98%), Immediate: 256K (0%), CSet: 89607K (97%)
[37.133s][info][gc,ergo       ] GC(61) Pacer for Evacuation. Used CSet: 96768K, Free: 289M, Non-Taxable: 29670K, Alloc Tax Rate: 1.1x
[37.133s][info][gc            ] GC(61) Pause Final Mark 2.752ms
[37.134s][info][gc,start      ] GC(61) Concurrent cleanup
[37.134s][info][gc            ] GC(61) Concurrent cleanup 184M->183M(211M) 0.098ms
[37.134s][info][gc,ergo       ] GC(61) Free: 289M, Max: 256K regular, 270M humongous, Frag: 7% external, 0% internal; Reserve: 25600K, Max: 256K
[37.134s][info][gc,start      ] GC(61) Concurrent evacuation
[37.134s][info][gc,task       ] GC(61) Using 1 of 1 workers for concurrent evacuation
[37.225s][info][gc            ] GC(61) Concurrent evacuation 91.591ms
[37.229s][info][gc,start      ] GC(61) Pause Init Update Refs
[37.229s][info][gc,ergo       ] GC(61) Pacer for Update Refs. Used: 215M, Free: 265M, Non-Taxable: 27212K, Alloc Tax Rate: 1.1x
[37.229s][info][gc            ] GC(61) Pause Init Update Refs 0.117ms
[37.229s][info][gc,start      ] GC(61) Concurrent update references
[37.229s][info][gc,task       ] GC(61) Using 1 of 1 workers for concurrent reference update
[37.400s][info][gc            ] GC(61) Concurrent update references 171.180ms
[37.405s][info][gc,start      ] GC(61) Pause Final Update Refs
[37.405s][info][gc,task       ] GC(61) Using 1 of 1 workers for final reference update
[37.405s][info][gc            ] GC(61) Pause Final Update Refs 0.416ms
[37.405s][info][gc,start      ] GC(61) Concurrent cleanup
[37.405s][info][gc            ] GC(61) Concurrent cleanup 285M->191M(292M) 0.058ms
[37.405s][info][gc,ergo       ] Free: 282M, Max: 256K regular, 188M humongous, Frag: 34% external, 0% internal; Reserve: 25600K, Max: 256K
[37.405s][info][gc,stats      ] 
[37.405s][info][gc,stats      ] All times are wall-clock times, except per-root-class counters, that are sum over
[37.405s][info][gc,stats      ] all workers. Dividing the <total> over the root stage time estimates parallelism.
[37.405s][info][gc,stats      ] 
[37.405s][info][gc,stats      ] Concurrent Reset                    243 us
[37.405s][info][gc,stats      ] Pause Init Mark (G)                6040 us
[37.405s][info][gc,stats      ] Pause Init Mark (N)                1302 us
[37.405s][info][gc,stats      ]   Accumulate Stats                   11 us
[37.405s][info][gc,stats      ]   Make Parsable                       8 us
[37.405s][info][gc,stats      ]   Update Region States               34 us
[37.405s][info][gc,stats      ]   Scan Roots                       1209 us, parallelism: 0.78x
[37.405s][info][gc,stats      ]     S: <total>                      945 us
[37.405s][info][gc,stats      ]     S: Thread Roots                 367 us, workers (us): 367, 
[37.405s][info][gc,stats      ]     S: Universe Roots                 2 us, workers (us):   2, 
[37.405s][info][gc,stats      ]     S: JNI Handles Roots             12 us, workers (us):  12, 
[37.405s][info][gc,stats      ]     S: Synchronizer Roots             0 us, workers (us):   0, 
[37.405s][info][gc,stats      ]     S: Management Roots               1 us, workers (us):   1, 
[37.405s][info][gc,stats      ]     S: System Dict Roots             11 us, workers (us):  11, 
[37.405s][info][gc,stats      ]     S: CLDG Roots                   550 us, workers (us): 550, 
[37.405s][info][gc,stats      ]     S: JVMTI Roots                    1 us, workers (us):   1, 
[37.405s][info][gc,stats      ]   Resize TLABs                        7 us
[37.405s][info][gc,stats      ] Concurrent Marking                92524 us
[37.405s][info][gc,stats      ] Pause Final Mark (G)               2899 us
[37.405s][info][gc,stats      ] Pause Final Mark (N)               2741 us
[37.405s][info][gc,stats      ]   Finish Queues                      17 us
[37.405s][info][gc,stats      ]   System Purge                      284 us
[37.405s][info][gc,stats      ]     Weak Roots                      284 us
[37.405s][info][gc,stats      ]   Update Region States               30 us
[37.405s][info][gc,stats      ]   Retire TLABs                       12 us
[37.405s][info][gc,stats      ]   Choose Collection Set              76 us
[37.405s][info][gc,stats      ]   Rebuild Free Set                    7 us
[37.405s][info][gc,stats      ]   Initial Evacuation               2295 us, parallelism: 0.70x
[37.405s][info][gc,stats      ]     E: <total>                     1615 us
[37.405s][info][gc,stats      ]     E: Thread Roots                 751 us, workers (us): 751, 
[37.405s][info][gc,stats      ]     E: Code Cache Roots             385 us, workers (us): 385, 
[37.405s][info][gc,stats      ]     E: Universe Roots                 1 us, workers (us):   1, 
[37.405s][info][gc,stats      ]     E: JNI Handles Roots              1 us, workers (us):   1, 
[37.405s][info][gc,stats      ]     E: Synchronizer Roots             0 us, workers (us):   0, 
[37.405s][info][gc,stats      ]     E: Management Roots               1 us, workers (us):   1, 
[37.405s][info][gc,stats      ]     E: System Dict Roots             10 us, workers (us):  10, 
[37.405s][info][gc,stats      ]     E: CLDG Roots                   464 us, workers (us): 464, 
[37.405s][info][gc,stats      ]     E: JVMTI Roots                    0 us, workers (us):   0, 
[37.405s][info][gc,stats      ] Concurrent Cleanup                   76 us
[37.405s][info][gc,stats      ] Concurrent Evacuation             91565 us
[37.405s][info][gc,stats      ] Pause Init  Update Refs (G)        3445 us
[37.405s][info][gc,stats      ] Pause Init  Update Refs (N)          28 us
[37.405s][info][gc,stats      ]   Retire GCLABs                      10 us
[37.405s][info][gc,stats      ] Concurrent Update Refs           171161 us
[37.405s][info][gc,stats      ] Pause Final Update Refs (G)        4865 us
[37.405s][info][gc,stats      ] Pause Final Update Refs (N)         373 us
[37.405s][info][gc,stats      ]   Update Roots                      327 us, parallelism: 0.97x
[37.405s][info][gc,stats      ]     UR: <total>                     318 us
[37.405s][info][gc,stats      ]     UR: Thread Roots                318 us, workers (us): 318, 
[37.405s][info][gc,stats      ]   Update Region States               28 us
[37.405s][info][gc,stats      ]   Trash Collection Set                3 us
[37.405s][info][gc,stats      ]   Rebuild Free Set                    7 us
[37.405s][info][gc,stats      ] Concurrent Cleanup                   50 us
[37.405s][info][gc,stats      ] 
[37.405s][info][gc,stats      ] Allocation pacing accrued:
[37.405s][info][gc,stats      ]       0 of   378 ms (  0.0%): <total>
[37.405s][info][gc,stats      ]       0 of   378 ms (  0.0%): <average total>
[37.405s][info][gc,stats      ] 
[37.405s][info][gc,metaspace  ] Metaspace: 60049K->60054K(1103872K)
[37.405s][info][gc,ergo       ] Pacer for Idle. Initial: 10240K, Alloc Tax Rate: 1.0x
[37.406s][info][gc            ] Trigger: Learning 4 of 5. Free (280M) is below initial threshold (350M)
[37.406s][info][gc,ergo       ] Free: 280M, Max: 256K regular, 188M humongous, Frag: 33% external, 0% internal; Reserve: 25600K, Max: 256K
[37.406s][info][gc,start      ] GC(62) Concurrent reset
[37.406s][info][gc,task       ] GC(62) Using 1 of 1 workers for concurrent reset
[37.406s][info][gc,ergo       ] GC(62) Pacer for Reset. Non-Taxable: 500M
[37.407s][info][gc            ] GC(62) Concurrent reset 0.202ms
[37.407s][info][gc,start      ] GC(62) Pause Init Mark
[37.407s][info][gc,task       ] GC(62) Using 1 of 1 workers for init marking
[37.408s][info][gc,ergo       ] GC(62) Pacer for Mark. Expected Live: 27798K, Free: 280M, Non-Taxable: 28723K, Alloc Tax Rate: 0.1x
[37.408s][info][gc            ] GC(62) Pause Init Mark 1.304ms
[37.408s][info][gc,start      ] GC(62) Concurrent marking
[37.408s][info][gc,task       ] GC(62) Using 1 of 1 workers for concurrent marking
[37.534s][info][gc            ] GC(62) Concurrent marking 125.378ms
[37.535s][info][gc,start      ] GC(62) Pause Final Mark
[37.535s][info][gc,task       ] GC(62) Using 1 of 1 workers for final marking
[37.535s][info][gc,ergo       ] GC(62) Adaptive CSet Selection. Target Free: 72533K, Actual Free: 238M, Max CSet: 21333K, Min Garbage: 0B
[37.535s][info][gc,ergo       ] GC(62) Collectable Garbage: 143M (98%), Immediate: 512K (0%), CSet: 143M (98%)
[37.537s][info][gc,ergo       ] GC(62) Pacer for Evacuation. Used CSet: 154M, Free: 213M, Non-Taxable: 21836K, Alloc Tax Rate: 1.8x
[37.537s][info][gc            ] GC(62) Pause Final Mark 2.334ms
[37.537s][info][gc,start      ] GC(62) Concurrent cleanup
[37.537s][info][gc            ] GC(62) Concurrent cleanup 260M->260M(292M) 0.042ms
[37.537s][info][gc,ergo       ] GC(62) Free: 213M, Max: 256K regular, 188M humongous, Frag: 12% external, 0% internal; Reserve: 25597K, Max: 256K
[37.537s][info][gc,start      ] GC(62) Concurrent evacuation
[37.537s][info][gc,task       ] GC(62) Using 1 of 1 workers for concurrent evacuation
[37.580s][info][gc            ] GC(62) Concurrent evacuation 42.634ms
[37.582s][info][gc,start      ] GC(62) Pause Init Update Refs
[37.583s][info][gc,ergo       ] GC(62) Pacer for Update Refs. Used: 297M, Free: 187M, Non-Taxable: 19200K, Alloc Tax Rate: 1.9x
[37.583s][info][gc            ] GC(62) Pause Init Update Refs 0.077ms
[37.583s][info][gc,start      ] GC(62) Concurrent update references
[37.583s][info][gc,task       ] GC(62) Using 1 of 1 workers for concurrent reference update
[37.805s][info][gc            ] GC(62) Concurrent update references 221.935ms
[37.807s][info][gc,start      ] GC(62) Pause Final Update Refs
[37.807s][info][gc,task       ] GC(62) Using 1 of 1 workers for final reference update
[37.807s][info][gc            ] GC(62) Pause Final Update Refs 0.433ms
[37.807s][info][gc,start      ] GC(62) Concurrent cleanup
[37.807s][info][gc            ] GC(62) Concurrent cleanup 386M->231M(391M) 0.064ms
[37.808s][info][gc,ergo       ] Free: 241M, Max: 256K regular, 89600K humongous, Frag: 64% external, 0% internal; Reserve: 25600K, Max: 256K
[37.808s][info][gc,stats      ] 
[37.808s][info][gc,stats      ] All times are wall-clock times, except per-root-class counters, that are sum over
[37.808s][info][gc,stats      ] all workers. Dividing the <total> over the root stage time estimates parallelism.
[37.808s][info][gc,stats      ] 
[37.808s][info][gc,stats      ] Concurrent Reset                    196 us
[37.808s][info][gc,stats      ] Pause Init Mark (G)                1772 us
[37.808s][info][gc,stats      ] Pause Init Mark (N)                1296 us
[37.808s][info][gc,stats      ]   Accumulate Stats                   11 us
[37.808s][info][gc,stats      ]   Make Parsable                       8 us
[37.808s][info][gc,stats      ]   Update Region States               20 us
[37.808s][info][gc,stats      ]   Scan Roots                       1220 us, parallelism: 0.76x
[37.808s][info][gc,stats      ]     S: <total>                      931 us
[37.808s][info][gc,stats      ]     S: Thread Roots                 374 us, workers (us): 374, 
[37.808s][info][gc,stats      ]     S: Universe Roots                 2 us, workers (us):   2, 
[37.808s][info][gc,stats      ]     S: JNI Handles Roots              1 us, workers (us):   1, 
[37.808s][info][gc,stats      ]     S: Synchronizer Roots             0 us, workers (us):   0, 
[37.808s][info][gc,stats      ]     S: Management Roots               2 us, workers (us):   2, 
[37.808s][info][gc,stats      ]     S: System Dict Roots             16 us, workers (us):  16, 
[37.808s][info][gc,stats      ]     S: CLDG Roots                   535 us, workers (us): 535, 
[37.808s][info][gc,stats      ]     S: JVMTI Roots                    1 us, workers (us):   1, 
[37.808s][info][gc,stats      ]   Resize TLABs                        9 us
[37.808s][info][gc,stats      ] Concurrent Marking               125370 us
[37.808s][info][gc,stats      ] Pause Final Mark (G)               2484 us
[37.808s][info][gc,stats      ] Pause Final Mark (N)               2301 us
[37.808s][info][gc,stats      ]   Finish Queues                      20 us
[37.808s][info][gc,stats      ]   System Purge                      249 us
[37.808s][info][gc,stats      ]     Weak Roots                      249 us
[37.808s][info][gc,stats      ]   Update Region States               31 us
[37.808s][info][gc,stats      ]   Retire TLABs                       10 us
[37.808s][info][gc,stats      ]   Choose Collection Set              99 us
[37.808s][info][gc,stats      ]   Rebuild Free Set                    7 us
[37.808s][info][gc,stats      ]   Initial Evacuation               1877 us, parallelism: 0.62x
[37.808s][info][gc,stats      ]     E: <total>                     1172 us
[37.808s][info][gc,stats      ]     E: Thread Roots                 362 us, workers (us): 362, 
[37.808s][info][gc,stats      ]     E: Code Cache Roots             204 us, workers (us): 204, 
[37.808s][info][gc,stats      ]     E: Universe Roots                 2 us, workers (us):   2, 
[37.808s][info][gc,stats      ]     E: JNI Handles Roots              1 us, workers (us):   1, 
[37.808s][info][gc,stats      ]     E: Synchronizer Roots             0 us, workers (us):   0, 
[37.808s][info][gc,stats      ]     E: Management Roots               1 us, workers (us):   1, 
[37.808s][info][gc,stats      ]     E: System Dict Roots             10 us, workers (us):  10, 
[37.808s][info][gc,stats      ]     E: CLDG Roots                   591 us, workers (us): 591, 
[37.808s][info][gc,stats      ]     E: JVMTI Roots                    0 us, workers (us):   0, 
[37.808s][info][gc,stats      ] Concurrent Cleanup                   34 us
[37.808s][info][gc,stats      ] Concurrent Evacuation             42622 us
[37.808s][info][gc,stats      ] Pause Init  Update Refs (G)        2910 us
[37.808s][info][gc,stats      ] Pause Init  Update Refs (N)          22 us
[37.808s][info][gc,stats      ]   Retire GCLABs                      10 us
[37.808s][info][gc,stats      ] Concurrent Update Refs           221917 us
[37.808s][info][gc,stats      ] Pause Final Update Refs (G)        2786 us
[37.808s][info][gc,stats      ] Pause Final Update Refs (N)         384 us
[37.808s][info][gc,stats      ]   Update Roots                      335 us, parallelism: 0.97x
[37.808s][info][gc,stats      ]     UR: <total>                     325 us
[37.808s][info][gc,stats      ]     UR: Thread Roots                325 us, workers (us): 325, 
[37.808s][info][gc,stats      ]   Update Region States               26 us
[37.808s][info][gc,stats      ]   Trash Collection Set                4 us
[37.808s][info][gc,stats      ]   Rebuild Free Set                    8 us
[37.808s][info][gc,stats      ] Concurrent Cleanup                   56 us
[37.808s][info][gc,stats      ] Pacing                            40907 us
[37.808s][info][gc,stats      ] 
[37.808s][info][gc,stats      ] Allocation pacing accrued:
[37.808s][info][gc,stats      ]      13 of   402 ms (  3.2%): Spark Context Cleaner
[37.808s][info][gc,stats      ]      28 of   402 ms (  7.0%): Executor task launch worker for task 0.0 in stage 6.0 (TID 6)
[37.808s][info][gc,stats      ]      41 of   402 ms ( 10.2%): <total>
[37.808s][info][gc,stats      ]       0 of   402 ms (  0.1%): <average total>
[37.808s][info][gc,stats      ]      20 of   402 ms (  5.1%): <average non-zero>
[37.808s][info][gc,stats      ] 
[37.808s][info][gc,metaspace  ] Metaspace: 60054K->60054K(1103872K)
[37.808s][info][gc,ergo       ] Pacer for Idle. Initial: 10240K, Alloc Tax Rate: 1.0x
[37.809s][info][gc            ] Trigger: Learning 5 of 5. Free (239M) is below initial threshold (350M)
[37.809s][info][gc,ergo       ] Free: 239M, Max: 256K regular, 89600K humongous, Frag: 64% external, 0% internal; Reserve: 25600K, Max: 256K
[37.809s][info][gc,start      ] GC(63) Concurrent reset
[37.809s][info][gc,task       ] GC(63) Using 1 of 1 workers for concurrent reset
[37.809s][info][gc,ergo       ] GC(63) Pacer for Reset. Non-Taxable: 500M
[37.809s][info][gc            ] GC(63) Concurrent reset 0.281ms
[37.812s][info][gc,start      ] GC(63) Pause Init Mark
[37.812s][info][gc,task       ] GC(63) Using 1 of 1 workers for init marking
[37.814s][info][gc,ergo       ] GC(63) Pacer for Mark. Expected Live: 32625K, Free: 239M, Non-Taxable: 24499K, Alloc Tax Rate: 0.2x
[37.814s][info][gc            ] GC(63) Pause Init Mark 2.240ms
[37.814s][info][gc,start      ] GC(63) Concurrent marking
[37.814s][info][gc,task       ] GC(63) Using 1 of 1 workers for concurrent marking
[37.908s][info][gc            ] GC(63) Concurrent marking 94.201ms
[37.908s][info][gc,start      ] GC(63) Pause Final Mark
[37.908s][info][gc,task       ] GC(63) Using 1 of 1 workers for final marking
[37.909s][info][gc,ergo       ] GC(63) Adaptive CSet Selection. Target Free: 72533K, Actual Free: 208M, Max CSet: 21333K, Min Garbage: 0B
[37.909s][info][gc,ergo       ] GC(63) Collectable Garbage: 170M (98%), Immediate: 1024K (0%), CSet: 169M (98%)
[37.910s][info][gc,ergo       ] GC(63) Pacer for Evacuation. Used CSet: 183M, Free: 183M, Non-Taxable: 18764K, Alloc Tax Rate: 2.4x
[37.910s][info][gc            ] GC(63) Pause Final Mark 2.004ms
[37.910s][info][gc,start      ] GC(63) Concurrent cleanup
[37.910s][info][gc            ] GC(63) Concurrent cleanup 291M->290M(391M) 0.042ms
[37.910s][info][gc,ergo       ] GC(63) Free: 183M, Max: 256K regular, 89600K humongous, Frag: 53% external, 1% internal; Reserve: 25600K, Max: 256K
[37.910s][info][gc,start      ] GC(63) Concurrent evacuation
[37.910s][info][gc,task       ] GC(63) Using 1 of 1 workers for concurrent evacuation
[37.941s][info][gc            ] GC(63) Concurrent evacuation 30.262ms
[37.943s][info][gc,start      ] GC(63) Pause Init Update Refs
[37.943s][info][gc,ergo       ] GC(63) Pacer for Update Refs. Used: 329M, Free: 158M, Non-Taxable: 16230K, Alloc Tax Rate: 2.5x
[37.943s][info][gc            ] GC(63) Pause Init Update Refs 0.081ms
[37.943s][info][gc,start      ] GC(63) Concurrent update references
[37.943s][info][gc,task       ] GC(63) Using 1 of 1 workers for concurrent reference update
[38.082s][info][gc            ] GC(63) Concurrent update references 138.722ms
[38.085s][info][gc,start      ] GC(63) Pause Final Update Refs
[38.085s][info][gc,task       ] GC(63) Using 1 of 1 workers for final reference update
[38.085s][info][gc            ] GC(63) Pause Final Update Refs 0.372ms
[38.085s][info][gc,start      ] GC(63) Concurrent cleanup
[38.085s][info][gc            ] GC(63) Concurrent cleanup 436M->253M(441M) 0.067ms
[38.085s][info][gc,ergo       ] Free: 220M, Max: 256K regular, 91648K humongous, Frag: 60% external, 1% internal; Reserve: 25600K, Max: 256K
[38.085s][info][gc,stats      ] 
[38.085s][info][gc,stats      ] All times are wall-clock times, except per-root-class counters, that are sum over
[38.085s][info][gc,stats      ] all workers. Dividing the <total> over the root stage time estimates parallelism.
[38.085s][info][gc,stats      ] 
[38.085s][info][gc,stats      ] Concurrent Reset                    274 us
[38.085s][info][gc,stats      ] Pause Init Mark (G)                4741 us
[38.085s][info][gc,stats      ] Pause Init Mark (N)                2182 us
[38.085s][info][gc,stats      ]   Accumulate Stats                   51 us
[38.085s][info][gc,stats      ]   Make Parsable                      16 us
[38.085s][info][gc,stats      ]   Update Region States               72 us
[38.085s][info][gc,stats      ]   Scan Roots                       1940 us, parallelism: 0.82x
[38.085s][info][gc,stats      ]     S: <total>                     1581 us
[38.085s][info][gc,stats      ]     S: Thread Roots                 645 us, workers (us): 645, 
[38.085s][info][gc,stats      ]     S: Universe Roots                 4 us, workers (us):   4, 
[38.085s][info][gc,stats      ]     S: JNI Handles Roots              2 us, workers (us):   2, 
[38.085s][info][gc,stats      ]     S: Synchronizer Roots             0 us, workers (us):   0, 
[38.085s][info][gc,stats      ]     S: Management Roots               2 us, workers (us):   2, 
[38.085s][info][gc,stats      ]     S: System Dict Roots             20 us, workers (us):  20, 
[38.085s][info][gc,stats      ]     S: CLDG Roots                   907 us, workers (us): 907, 
[38.085s][info][gc,stats      ]     S: JVMTI Roots                    1 us, workers (us):   1, 
[38.085s][info][gc,stats      ]   Resize TLABs                       12 us
[38.085s][info][gc,stats      ] Concurrent Marking                94189 us
[38.085s][info][gc,stats      ] Pause Final Mark (G)               2106 us
[38.085s][info][gc,stats      ] Pause Final Mark (N)               1986 us
[38.085s][info][gc,stats      ]   Finish Queues                      14 us
[38.085s][info][gc,stats      ]   System Purge                      277 us
[38.085s][info][gc,stats      ]     Weak Roots                      277 us
[38.085s][info][gc,stats      ]   Update Region States               25 us
[38.085s][info][gc,stats      ]   Retire TLABs                       12 us
[38.085s][info][gc,stats      ]   Choose Collection Set             116 us
[38.085s][info][gc,stats      ]   Rebuild Free Set                    6 us
[38.085s][info][gc,stats      ]   Initial Evacuation               1528 us, parallelism: 0.63x
[38.085s][info][gc,stats      ]     E: <total>                      965 us
[38.085s][info][gc,stats      ]     E: Thread Roots                 341 us, workers (us): 341, 
[38.085s][info][gc,stats      ]     E: Code Cache Roots             165 us, workers (us): 165, 
[38.085s][info][gc,stats      ]     E: Universe Roots                 1 us, workers (us):   1, 
[38.085s][info][gc,stats      ]     E: JNI Handles Roots              1 us, workers (us):   1, 
[38.085s][info][gc,stats      ]     E: Synchronizer Roots             0 us, workers (us):   0, 
[38.085s][info][gc,stats      ]     E: Management Roots               1 us, workers (us):   1, 
[38.085s][info][gc,stats      ]     E: System Dict Roots              9 us, workers (us):   9, 
[38.085s][info][gc,stats      ]     E: CLDG Roots                   447 us, workers (us): 447, 
[38.085s][info][gc,stats      ]     E: JVMTI Roots                    0 us, workers (us):   0, 
[38.085s][info][gc,stats      ] Concurrent Cleanup                   34 us
[38.085s][info][gc,stats      ] Concurrent Evacuation             30249 us
[38.085s][info][gc,stats      ] Pause Init  Update Refs (G)        2704 us
[38.085s][info][gc,stats      ] Pause Init  Update Refs (N)          24 us
[38.085s][info][gc,stats      ]   Retire GCLABs                      10 us
[38.085s][info][gc,stats      ] Concurrent Update Refs           138707 us
[38.085s][info][gc,stats      ] Pause Final Update Refs (G)        2720 us
[38.085s][info][gc,stats      ] Pause Final Update Refs (N)         357 us
[38.085s][info][gc,stats      ]   Update Roots                      314 us, parallelism: 0.97x
[38.085s][info][gc,stats      ]     UR: <total>                     305 us
[38.085s][info][gc,stats      ]     UR: Thread Roots                305 us, workers (us): 305, 
[38.085s][info][gc,stats      ]   Update Region States               26 us
[38.085s][info][gc,stats      ]   Trash Collection Set                4 us
[38.085s][info][gc,stats      ]   Rebuild Free Set                    7 us
[38.085s][info][gc,stats      ] Concurrent Cleanup                   60 us
[38.085s][info][gc,stats      ] Pacing                            52354 us
[38.085s][info][gc,stats      ] 
[38.085s][info][gc,stats      ] Allocation pacing accrued:
[38.085s][info][gc,stats      ]      52 of   278 ms ( 18.9%): Executor task launch worker for task 0.0 in stage 6.0 (TID 6)
[38.085s][info][gc,stats      ]      52 of   278 ms ( 18.9%): <total>
[38.085s][info][gc,stats      ]       1 of   278 ms (  0.2%): <average total>
[38.085s][info][gc,stats      ]      52 of   278 ms ( 18.9%): <average non-zero>
[38.085s][info][gc,stats      ] 
[38.085s][info][gc,metaspace  ] Metaspace: 60054K->60054K(1103872K)
[38.085s][info][gc,ergo       ] Pacer for Idle. Initial: 10240K, Alloc Tax Rate: 1.0x
[38.088s][info][gc            ] Trigger: Average GC time (273.77 ms) is above the time for allocation rate (701 MB/s) to deplete free headroom (188M)
[38.088s][info][gc,ergo       ] Free headroom: 213M (free) - 25600K (spike) - 0B (penalties) = 188M
[38.088s][info][gc,ergo       ] Free: 213M, Max: 256K regular, 91648K humongous, Frag: 59% external, 0% internal; Reserve: 25600K, Max: 256K
[38.088s][info][gc,start      ] GC(64) Concurrent reset
[38.088s][info][gc,task       ] GC(64) Using 1 of 1 workers for concurrent reset
[38.088s][info][gc,ergo       ] GC(64) Pacer for Reset. Non-Taxable: 500M
[38.089s][info][gc            ] GC(64) Concurrent reset 0.345ms
[38.089s][info][gc,start      ] GC(64) Pause Init Mark
[38.089s][info][gc,task       ] GC(64) Using 1 of 1 workers for init marking
[38.090s][info][gc,ergo       ] GC(64) Pacer for Mark. Expected Live: 40438K, Free: 213M, Non-Taxable: 21862K, Alloc Tax Rate: 0.2x
[38.090s][info][gc            ] GC(64) Pause Init Mark 1.284ms
[38.090s][info][gc,start      ] GC(64) Concurrent marking
[38.090s][info][gc,task       ] GC(64) Using 1 of 1 workers for concurrent marking
[38.221s][info][gc            ] GC(64) Concurrent marking 130.778ms
[38.225s][info][gc,start      ] GC(64) Pause Final Mark
[38.225s][info][gc,task       ] GC(64) Using 1 of 1 workers for final marking
[38.226s][info][gc,ergo       ] GC(64) Adaptive CSet Selection. Target Free: 72533K, Actual Free: 180M, Max CSet: 21333K, Min Garbage: 0B
[38.226s][info][gc,ergo       ] GC(64) Collectable Garbage: 179M (99%), Immediate: 2048K (1%), CSet: 177M (97%)
[38.229s][info][gc,ergo       ] GC(64) Pacer for Evacuation. Used CSet: 192M, Free: 155M, Non-Taxable: 15948K, Alloc Tax Rate: 3.0x
[38.229s][info][gc            ] GC(64) Pause Final Mark 3.893ms
[38.231s][info][gc,start      ] GC(64) Concurrent cleanup
[38.231s][info][gc            ] GC(64) Concurrent cleanup 320M->319M(441M) 0.161ms
[38.232s][info][gc,ergo       ] GC(64) Free: 154M, Max: 256K regular, 91648K humongous, Frag: 43% external, 1% internal; Reserve: 25600K, Max: 256K
[38.232s][info][gc,start      ] GC(64) Concurrent evacuation
[38.232s][info][gc,task       ] GC(64) Using 1 of 1 workers for concurrent evacuation
[38.296s][info][gc            ] GC(64) Concurrent evacuation 64.322ms
[38.298s][info][gc,start      ] GC(64) Pause Init Update Refs
[38.298s][info][gc,ergo       ] GC(64) Pacer for Update Refs. Used: 365M, Free: 122M, Non-Taxable: 12543K, Alloc Tax Rate: 3.6x
[38.298s][info][gc            ] GC(64) Pause Init Update Refs 0.029ms
[38.298s][info][gc,start      ] GC(64) Concurrent update references
[38.298s][info][gc,task       ] GC(64) Using 1 of 1 workers for concurrent reference update
[38.439s][info][gc            ] GC(64) Concurrent update references 140.583ms
[38.439s][info][gc,start      ] GC(64) Pause Final Update Refs
[38.439s][info][gc,task       ] GC(64) Using 1 of 1 workers for final reference update
[38.440s][info][gc            ] GC(64) Pause Final Update Refs 0.419ms
[38.440s][info][gc,start      ] GC(64) Concurrent cleanup
[38.440s][info][gc            ] GC(64) Concurrent cleanup 467M->275M(470M) 0.070ms
[38.440s][info][gc,ergo       ] Free: 198M, Max: 256K regular, 77312K humongous, Frag: 62% external, 1% internal; Reserve: 25600K, Max: 256K
[38.440s][info][gc,stats      ] 
[38.440s][info][gc,stats      ] All times are wall-clock times, except per-root-class counters, that are sum over
[38.440s][info][gc,stats      ] all workers. Dividing the <total> over the root stage time estimates parallelism.
[38.440s][info][gc,stats      ] 
[38.440s][info][gc,stats      ] Concurrent Reset                    339 us
[38.440s][info][gc,stats      ] Pause Init Mark (G)                1472 us
[38.440s][info][gc,stats      ] Pause Init Mark (N)                1270 us
[38.440s][info][gc,stats      ]   Accumulate Stats                   11 us
[38.440s][info][gc,stats      ]   Make Parsable                       9 us
[38.440s][info][gc,stats      ]   Update Region States               22 us
[38.440s][info][gc,stats      ]   Scan Roots                       1196 us, parallelism: 0.78x
[38.440s][info][gc,stats      ]     S: <total>                      927 us
[38.440s][info][gc,stats      ]     S: Thread Roots                 356 us, workers (us): 356, 
[38.440s][info][gc,stats      ]     S: Universe Roots                 3 us, workers (us):   3, 
[38.440s][info][gc,stats      ]     S: JNI Handles Roots              2 us, workers (us):   2, 
[38.440s][info][gc,stats      ]     S: Synchronizer Roots             0 us, workers (us):   0, 
[38.440s][info][gc,stats      ]     S: Management Roots               1 us, workers (us):   1, 
[38.440s][info][gc,stats      ]     S: System Dict Roots             12 us, workers (us):  12, 
[38.440s][info][gc,stats      ]     S: CLDG Roots                   552 us, workers (us): 552, 
[38.440s][info][gc,stats      ]     S: JVMTI Roots                    1 us, workers (us):   1, 
[38.440s][info][gc,stats      ]   Resize TLABs                        5 us
[38.440s][info][gc,stats      ] Concurrent Marking               130770 us
[38.440s][info][gc,stats      ] Pause Final Mark (G)               9364 us
[38.440s][info][gc,stats      ] Pause Final Mark (N)               3785 us
[38.440s][info][gc,stats      ]   Finish Queues                      86 us
[38.440s][info][gc,stats      ]   System Purge                      527 us
[38.440s][info][gc,stats      ]     Weak Roots                      526 us
[38.440s][info][gc,stats      ]   Update Region States               62 us
[38.440s][info][gc,stats      ]   Retire TLABs                       19 us
[38.440s][info][gc,stats      ]   Choose Collection Set             415 us
[38.440s][info][gc,stats      ]   Rebuild Free Set                   10 us
[38.440s][info][gc,stats      ]   Initial Evacuation               2642 us, parallelism: 0.67x
[38.440s][info][gc,stats      ]     E: <total>                     1774 us
[38.440s][info][gc,stats      ]     E: Thread Roots                 814 us, workers (us): 814, 
[38.440s][info][gc,stats      ]     E: Code Cache Roots             277 us, workers (us): 277, 
[38.440s][info][gc,stats      ]     E: Universe Roots                 1 us, workers (us):   1, 
[38.440s][info][gc,stats      ]     E: JNI Handles Roots              1 us, workers (us):   1, 
[38.440s][info][gc,stats      ]     E: Synchronizer Roots             0 us, workers (us):   0, 
[38.440s][info][gc,stats      ]     E: Management Roots               2 us, workers (us):   2, 
[38.440s][info][gc,stats      ]     E: System Dict Roots             10 us, workers (us):  10, 
[38.440s][info][gc,stats      ]     E: CLDG Roots                   667 us, workers (us): 667, 
[38.440s][info][gc,stats      ]     E: JVMTI Roots                    1 us, workers (us):   1, 
[38.440s][info][gc,stats      ] Concurrent Cleanup                   86 us
[38.440s][info][gc,stats      ] Concurrent Evacuation             64304 us
[38.440s][info][gc,stats      ] Pause Init  Update Refs (G)        2391 us
[38.440s][info][gc,stats      ] Pause Init  Update Refs (N)          12 us
[38.440s][info][gc,stats      ]   Retire GCLABs                       6 us
[38.440s][info][gc,stats      ] Concurrent Update Refs           140569 us
[38.440s][info][gc,stats      ] Pause Final Update Refs (G)         600 us
[38.440s][info][gc,stats      ] Pause Final Update Refs (N)         382 us
[38.440s][info][gc,stats      ]   Update Roots                      327 us, parallelism: 0.97x
[38.440s][info][gc,stats      ]     UR: <total>                     318 us
[38.440s][info][gc,stats      ]     UR: Thread Roots                318 us, workers (us): 318, 
[38.440s][info][gc,stats      ]   Update Region States               28 us
[38.440s][info][gc,stats      ]   Trash Collection Set                4 us
[38.440s][info][gc,stats      ]   Rebuild Free Set                    7 us
[38.440s][info][gc,stats      ] Concurrent Cleanup                   63 us
[38.440s][info][gc,stats      ] Pacing                            87441 us
[38.440s][info][gc,stats      ] 
[38.440s][info][gc,stats      ] Allocation pacing accrued:
[38.440s][info][gc,stats      ]      87 of   355 ms ( 24.7%): Executor task launch worker for task 0.0 in stage 6.0 (TID 6)
[38.440s][info][gc,stats      ]      87 of   355 ms ( 24.7%): <total>
[38.440s][info][gc,stats      ]       1 of   355 ms (  0.3%): <average total>
[38.440s][info][gc,stats      ]      87 of   355 ms ( 24.7%): <average non-zero>
[38.440s][info][gc,stats      ] 
[38.440s][info][gc,metaspace  ] Metaspace: 60054K->60054K(1103872K)
[38.440s][info][gc,ergo       ] Pacer for Idle. Initial: 10240K, Alloc Tax Rate: 1.0x
[38.441s][info][gc            ] Trigger: Average GC time (330.65 ms) is above the time for allocation rate (552 MB/s) to deplete free headroom (173M)
[38.441s][info][gc,ergo       ] Free headroom: 198M (free) - 25600K (spike) - 0B (penalties) = 173M
[38.441s][info][gc,ergo       ] Free: 198M, Max: 256K regular, 77312K humongous, Frag: 62% external, 1% internal; Reserve: 25600K, Max: 256K
[38.441s][info][gc,start      ] GC(65) Concurrent reset
[38.441s][info][gc,task       ] GC(65) Using 1 of 1 workers for concurrent reset
[38.441s][info][gc,ergo       ] GC(65) Pacer for Reset. Non-Taxable: 500M
[38.441s][info][gc            ] GC(65) Concurrent reset 0.422ms
[38.442s][info][gc,start      ] GC(65) Pause Init Mark (process weakrefs)
[38.442s][info][gc,task       ] GC(65) Using 1 of 1 workers for init marking
[38.443s][info][gc,ergo       ] GC(65) Pacer for Mark. Expected Live: 51843K, Free: 198M, Non-Taxable: 20326K, Alloc Tax Rate: 0.3x
[38.443s][info][gc            ] GC(65) Pause Init Mark (process weakrefs) 1.367ms
[38.443s][info][gc,start      ] GC(65) Concurrent marking (process weakrefs)
[38.443s][info][gc,task       ] GC(65) Using 1 of 1 workers for concurrent marking
[38.540s][info][gc            ] GC(65) Concurrent marking (process weakrefs) 96.701ms
[38.540s][info][gc,start      ] GC(65) Concurrent precleaning
[38.540s][info][gc,task       ] GC(65) Using 1 of 1 workers for concurrent preclean
[38.540s][info][gc,ergo       ] GC(65) Pacer for Precleaning. Non-Taxable: 500M
[38.547s][info][gc            ] GC(65) Concurrent precleaning 7.418ms
[38.550s][info][gc,start      ] GC(65) Pause Final Mark (process weakrefs)
[38.550s][info][gc,task       ] GC(65) Using 1 of 1 workers for final marking
[38.550s][info][gc,ergo       ] GC(65) Adaptive CSet Selection. Target Free: 72533K, Actual Free: 159M, Max CSet: 21333K, Min Garbage: 0B
[38.550s][info][gc,ergo       ] GC(65) Collectable Garbage: 180M (99%), Immediate: 0B (0%), CSet: 180M (99%)
[38.552s][info][gc,ergo       ] GC(65) Pacer for Evacuation. Used CSet: 195M, Free: 134M, Non-Taxable: 13721K, Alloc Tax Rate: 3.6x
[38.552s][info][gc            ] GC(65) Pause Final Mark (process weakrefs) 2.252ms
[38.552s][info][gc,start      ] GC(65) Concurrent cleanup
[38.552s][info][gc            ] GC(65) Concurrent cleanup 339M->339M(470M) 0.041ms
[38.552s][info][gc,ergo       ] GC(65) Free: 134M, Max: 256K regular, 77312K humongous, Frag: 44% external, 1% internal; Reserve: 25600K, Max: 256K
[38.552s][info][gc,start      ] GC(65) Concurrent evacuation
[38.552s][info][gc,task       ] GC(65) Using 1 of 1 workers for concurrent evacuation
[38.586s][info][gc            ] GC(65) Concurrent evacuation 34.515ms
[38.589s][info][gc,start      ] GC(65) Pause Init Update Refs
[38.589s][info][gc,ergo       ] GC(65) Pacer for Update Refs. Used: 380M, Free: 108M, Non-Taxable: 11059K, Alloc Tax Rate: 4.3x
[38.589s][info][gc            ] GC(65) Pause Init Update Refs 0.036ms
[38.589s][info][gc,start      ] GC(65) Concurrent update references
[38.589s][info][gc,task       ] GC(65) Using 1 of 1 workers for concurrent reference update
[38.744s][info][gc            ] GC(65) Concurrent update references 155.285ms
[38.745s][info][gc,start      ] GC(65) Pause Final Update Refs
[38.745s][info][gc,task       ] GC(65) Using 1 of 1 workers for final reference update
[38.745s][info][gc            ] GC(65) Pause Final Update Refs 0.817ms
[38.746s][info][gc,start      ] GC(65) Concurrent cleanup
[38.746s][info][gc            ] GC(65) Concurrent cleanup 473M->278M(483M) 0.156ms
[38.746s][info][gc,ergo       ] Free: 195M, Max: 256K regular, 91648K humongous, Frag: 55% external, 1% internal; Reserve: 25600K, Max: 256K
[38.746s][info][gc,stats      ] 
[38.746s][info][gc,stats      ] All times are wall-clock times, except per-root-class counters, that are sum over
[38.746s][info][gc,stats      ] all workers. Dividing the <total> over the root stage time estimates parallelism.
[38.746s][info][gc,stats      ] 
[38.746s][info][gc,stats      ] Concurrent Reset                    412 us
[38.746s][info][gc,stats      ] Pause Init Mark (G)                1559 us
[38.746s][info][gc,stats      ] Pause Init Mark (N)                1357 us
[38.746s][info][gc,stats      ]   Accumulate Stats                   10 us
[38.746s][info][gc,stats      ]   Make Parsable                       9 us
[38.746s][info][gc,stats      ]   Update Region States               20 us
[38.746s][info][gc,stats      ]   Scan Roots                       1279 us, parallelism: 0.79x
[38.746s][info][gc,stats      ]     S: <total>                     1012 us
[38.746s][info][gc,stats      ]     S: Thread Roots                 367 us, workers (us): 367, 
[38.746s][info][gc,stats      ]     S: Universe Roots                 3 us, workers (us):   3, 
[38.746s][info][gc,stats      ]     S: JNI Handles Roots              2 us, workers (us):   2, 
[38.746s][info][gc,stats      ]     S: Synchronizer Roots             0 us, workers (us):   0, 
[38.746s][info][gc,stats      ]     S: Management Roots               1 us, workers (us):   1, 
[38.746s][info][gc,stats      ]     S: System Dict Roots             12 us, workers (us):  12, 
[38.746s][info][gc,stats      ]     S: CLDG Roots                   626 us, workers (us): 626, 
[38.746s][info][gc,stats      ]     S: JVMTI Roots                    0 us, workers (us):   0, 
[38.746s][info][gc,stats      ]   Resize TLABs                        7 us
[38.746s][info][gc,stats      ] Concurrent Marking                96691 us
[38.746s][info][gc,stats      ] Concurrent Precleaning             7408 us
[38.746s][info][gc,stats      ] Pause Final Mark (G)               4564 us
[38.746s][info][gc,stats      ] Pause Final Mark (N)               2232 us
[38.746s][info][gc,stats      ]   Finish Queues                      18 us
[38.746s][info][gc,stats      ]   Weak References                    34 us
[38.746s][info][gc,stats      ]     Process                          31 us
[38.746s][info][gc,stats      ]   System Purge                      261 us
[38.746s][info][gc,stats      ]     Weak Roots                      260 us
[38.746s][info][gc,stats      ]   Update Region States               29 us
[38.746s][info][gc,stats      ]   Retire TLABs                       11 us
[38.746s][info][gc,stats      ]   Choose Collection Set             136 us
[38.746s][info][gc,stats      ]   Rebuild Free Set                    6 us
[38.746s][info][gc,stats      ]   Initial Evacuation               1730 us, parallelism: 0.62x
[38.746s][info][gc,stats      ]     E: <total>                     1068 us
[38.746s][info][gc,stats      ]     E: Thread Roots                 381 us, workers (us): 381, 
[38.746s][info][gc,stats      ]     E: Code Cache Roots             168 us, workers (us): 168, 
[38.746s][info][gc,stats      ]     E: Universe Roots                 1 us, workers (us):   1, 
[38.746s][info][gc,stats      ]     E: JNI Handles Roots              1 us, workers (us):   1, 
[38.746s][info][gc,stats      ]     E: Synchronizer Roots             0 us, workers (us):   0, 
[38.746s][info][gc,stats      ]     E: Management Roots               1 us, workers (us):   1, 
[38.746s][info][gc,stats      ]     E: System Dict Roots              9 us, workers (us):   9, 
[38.746s][info][gc,stats      ]     E: CLDG Roots                   506 us, workers (us): 506, 
[38.746s][info][gc,stats      ]     E: JVMTI Roots                    1 us, workers (us):   1, 
[38.746s][info][gc,stats      ] Concurrent Cleanup                   33 us
[38.746s][info][gc,stats      ] Concurrent Evacuation             34503 us
[38.746s][info][gc,stats      ] Pause Init  Update Refs (G)        2422 us
[38.746s][info][gc,stats      ] Pause Init  Update Refs (N)          13 us
[38.746s][info][gc,stats      ]   Retire GCLABs                       6 us
[38.746s][info][gc,stats      ] Concurrent Update Refs           155268 us
[38.746s][info][gc,stats      ] Pause Final Update Refs (G)        1131 us
[38.746s][info][gc,stats      ] Pause Final Update Refs (N)         747 us
[38.746s][info][gc,stats      ]   Update Roots                      645 us, parallelism: 0.96x
[38.746s][info][gc,stats      ]     UR: <total>                     622 us
[38.746s][info][gc,stats      ]     UR: Thread Roots                622 us, workers (us): 622, 
[38.746s][info][gc,stats      ]   Update Region States               52 us
[38.746s][info][gc,stats      ]   Trash Collection Set                9 us
[38.746s][info][gc,stats      ]   Rebuild Free Set                   14 us
[38.746s][info][gc,stats      ] Concurrent Cleanup                  141 us
[38.746s][info][gc,stats      ] Pacing                           137213 us
[38.746s][info][gc,stats      ] 
[38.746s][info][gc,stats      ] Allocation pacing accrued:
[38.746s][info][gc,stats      ]      13 of   306 ms (  4.1%): Spark Context Cleaner
[38.746s][info][gc,stats      ]     125 of   306 ms ( 40.6%): Executor task launch worker for task 0.0 in stage 6.0 (TID 6)
[38.746s][info][gc,stats      ]     137 of   306 ms ( 44.8%): <total>
[38.746s][info][gc,stats      ]       1 of   306 ms (  0.5%): <average total>
[38.746s][info][gc,stats      ]      69 of   306 ms ( 22.4%): <average non-zero>
[38.746s][info][gc,stats      ] 
[38.746s][info][gc,metaspace  ] Metaspace: 60054K->60054K(1103872K)
[38.746s][info][gc,ergo       ] Pacer for Idle. Initial: 10240K, Alloc Tax Rate: 1.0x
[38.747s][info][gc            ] Trigger: Average GC time (341.27 ms) is above the time for allocation rate (597 MB/s) to deplete free headroom (170M)
[38.748s][info][gc,ergo       ] Free headroom: 195M (free) - 25600K (spike) - 0B (penalties) = 170M
[38.748s][info][gc,ergo       ] Free: 195M, Max: 256K regular, 91648K humongous, Frag: 55% external, 1% internal; Reserve: 25600K, Max: 256K
[38.748s][info][gc,start      ] GC(66) Concurrent reset
[38.748s][info][gc,task       ] GC(66) Using 1 of 1 workers for concurrent reset
[38.748s][info][gc,ergo       ] GC(66) Pacer for Reset. Non-Taxable: 500M
[38.748s][info][gc            ] GC(66) Concurrent reset 0.570ms
[38.748s][info][gc,start      ] GC(66) Pause Init Mark
[38.748s][info][gc,task       ] GC(66) Using 1 of 1 workers for init marking
[38.751s][info][gc,ergo       ] GC(66) Pacer for Mark. Expected Live: 65080K, Free: 195M, Non-Taxable: 20019K, Alloc Tax Rate: 0.4x
[38.751s][info][gc            ] GC(66) Pause Init Mark 2.227ms
[38.754s][info][gc,start      ] GC(66) Concurrent marking
[38.754s][info][gc,task       ] GC(66) Using 1 of 1 workers for concurrent marking
[38.854s][info][gc            ] GC(66) Concurrent marking 100.451ms
[38.855s][info][gc,start      ] GC(66) Pause Final Mark
[38.855s][info][gc,task       ] GC(66) Using 1 of 1 workers for final marking
[38.855s][info][gc,ergo       ] GC(66) Adaptive CSet Selection. Target Free: 72533K, Actual Free: 177M, Max CSet: 21333K, Min Garbage: 0B
[38.855s][info][gc,ergo       ] GC(66) Collectable Garbage: 169M (98%), Immediate: 0B (0%), CSet: 169M (98%)
[38.857s][info][gc,ergo       ] GC(66) Pacer for Evacuation. Used CSet: 183M, Free: 152M, Non-Taxable: 15564K, Alloc Tax Rate: 2.9x
[38.857s][info][gc            ] GC(66) Pause Final Mark 2.123ms
[38.857s][info][gc,start      ] GC(66) Concurrent cleanup
[38.857s][info][gc            ] GC(66) Concurrent cleanup 321M->321M(483M) 0.042ms
[38.857s][info][gc,ergo       ] GC(66) Free: 152M, Max: 256K regular, 91648K humongous, Frag: 42% external, 1% internal; Reserve: 25600K, Max: 256K
[38.857s][info][gc,start      ] GC(66) Concurrent evacuation
[38.857s][info][gc,task       ] GC(66) Using 1 of 1 workers for concurrent evacuation
[38.894s][info][gc            ] GC(66) Concurrent evacuation 37.511ms
[38.897s][info][gc,start      ] GC(66) Pause Init Update Refs
[38.897s][info][gc,ergo       ] GC(66) Pacer for Update Refs. Used: 368M, Free: 119M, Non-Taxable: 12236K, Alloc Tax Rate: 3.8x
[38.897s][info][gc            ] GC(66) Pause Init Update Refs 0.027ms
[38.897s][info][gc,start      ] GC(66) Concurrent update references
[38.897s][info][gc,task       ] GC(66) Using 1 of 1 workers for concurrent reference update
[39.152s][info][gc            ] GC(66) Concurrent update references 255.597ms
[39.153s][info][gc,start      ] GC(66) Pause Final Update Refs
[39.153s][info][gc,task       ] GC(66) Using 1 of 1 workers for final reference update
[39.154s][info][gc            ] GC(66) Pause Final Update Refs 0.569ms
[39.154s][info][gc,start      ] GC(66) Concurrent cleanup
[39.154s][info][gc            ] GC(66) Concurrent cleanup 459M->276M(497M) 0.069ms
[39.154s][info][gc,ergo       ] Free: 197M, Max: 256K regular, 77312K humongous, Frag: 62% external, 3% internal; Reserve: 25600K, Max: 256K
[39.154s][info][gc,stats      ] 
[39.154s][info][gc,stats      ] All times are wall-clock times, except per-root-class counters, that are sum over
[39.154s][info][gc,stats      ] all workers. Dividing the <total> over the root stage time estimates parallelism.
[39.154s][info][gc,stats      ] 
[39.154s][info][gc,stats      ] Concurrent Reset                    552 us
[39.154s][info][gc,stats      ] Pause Init Mark (G)                5732 us
[39.154s][info][gc,stats      ] Pause Init Mark (N)                2209 us
[39.154s][info][gc,stats      ]   Accumulate Stats                   15 us
[39.154s][info][gc,stats      ]   Make Parsable                      13 us
[39.154s][info][gc,stats      ]   Update Region States               44 us
[39.154s][info][gc,stats      ]   Scan Roots                       2051 us, parallelism: 0.84x
[39.154s][info][gc,stats      ]     S: <total>                     1722 us
[39.154s][info][gc,stats      ]     S: Thread Roots                 787 us, workers (us): 787, 
[39.154s][info][gc,stats      ]     S: Universe Roots                 3 us, workers (us):   3, 
[39.154s][info][gc,stats      ]     S: JNI Handles Roots              2 us, workers (us):   2, 
[39.154s][info][gc,stats      ]     S: Synchronizer Roots             0 us, workers (us):   0, 
[39.154s][info][gc,stats      ]     S: Management Roots               2 us, workers (us):   2, 
[39.154s][info][gc,stats      ]     S: System Dict Roots             17 us, workers (us):  17, 
[39.154s][info][gc,stats      ]     S: CLDG Roots                   911 us, workers (us): 911, 
[39.154s][info][gc,stats      ]     S: JVMTI Roots                    1 us, workers (us):   1, 
[39.154s][info][gc,stats      ]   Resize TLABs                       15 us
[39.154s][info][gc,stats      ] Concurrent Marking               100397 us
[39.154s][info][gc,stats      ] Pause Final Mark (G)               2283 us
[39.154s][info][gc,stats      ] Pause Final Mark (N)               2105 us
[39.154s][info][gc,stats      ]   Finish Queues                      21 us
[39.154s][info][gc,stats      ]   System Purge                      283 us
[39.154s][info][gc,stats      ]     Weak Roots                      282 us
[39.154s][info][gc,stats      ]   Update Region States               25 us
[39.154s][info][gc,stats      ]   Retire TLABs                        9 us
[39.154s][info][gc,stats      ]   Choose Collection Set             120 us
[39.154s][info][gc,stats      ]   Rebuild Free Set                    6 us
[39.154s][info][gc,stats      ]   Initial Evacuation               1634 us, parallelism: 0.64x
[39.154s][info][gc,stats      ]     E: <total>                     1043 us
[39.154s][info][gc,stats      ]     E: Thread Roots                 392 us, workers (us): 392, 
[39.154s][info][gc,stats      ]     E: Code Cache Roots             167 us, workers (us): 167, 
[39.154s][info][gc,stats      ]     E: Universe Roots                 1 us, workers (us):   1, 
[39.154s][info][gc,stats      ]     E: JNI Handles Roots              1 us, workers (us):   1, 
[39.154s][info][gc,stats      ]     E: Synchronizer Roots             0 us, workers (us):   0, 
[39.154s][info][gc,stats      ]     E: Management Roots               1 us, workers (us):   1, 
[39.154s][info][gc,stats      ]     E: System Dict Roots              9 us, workers (us):   9, 
[39.154s][info][gc,stats      ]     E: CLDG Roots                   471 us, workers (us): 471, 
[39.154s][info][gc,stats      ]     E: JVMTI Roots                    0 us, workers (us):   0, 
[39.154s][info][gc,stats      ] Concurrent Cleanup                   33 us
[39.154s][info][gc,stats      ] Concurrent Evacuation             37499 us
[39.154s][info][gc,stats      ] Pause Init  Update Refs (G)        2412 us
[39.154s][info][gc,stats      ] Pause Init  Update Refs (N)          12 us
[39.154s][info][gc,stats      ]   Retire GCLABs                       6 us
[39.154s][info][gc,stats      ] Concurrent Update Refs           255583 us
[39.154s][info][gc,stats      ] Pause Final Update Refs (G)        1452 us
[39.154s][info][gc,stats      ] Pause Final Update Refs (N)         539 us
[39.154s][info][gc,stats      ]   Update Roots                      491 us, parallelism: 0.98x
[39.154s][info][gc,stats      ]     UR: <total>                     482 us
[39.154s][info][gc,stats      ]     UR: Thread Roots                482 us, workers (us): 482, 
[39.154s][info][gc,stats      ]   Update Region States               28 us
[39.154s][info][gc,stats      ]   Trash Collection Set                4 us
[39.154s][info][gc,stats      ]   Rebuild Free Set                    8 us
[39.154s][info][gc,stats      ] Concurrent Cleanup                   61 us
[39.154s][info][gc,stats      ] Pacing                           105920 us
[39.154s][info][gc,stats      ] 
[39.154s][info][gc,stats      ] Allocation pacing accrued:
[39.154s][info][gc,stats      ]      13 of   408 ms (  3.2%): Spark Context Cleaner
[39.154s][info][gc,stats      ]      93 of   408 ms ( 22.8%): Executor task launch worker for task 0.0 in stage 6.0 (TID 6)
[39.154s][info][gc,stats      ]     106 of   408 ms ( 26.0%): <total>
[39.154s][info][gc,stats      ]       1 of   408 ms (  0.3%): <average total>
[39.154s][info][gc,stats      ]      53 of   408 ms ( 13.0%): <average non-zero>
[39.154s][info][gc,stats      ] 
[39.154s][info][gc,metaspace  ] Metaspace: 60054K->60141K(1103872K)
[39.154s][info][gc,ergo       ] Pacer for Idle. Initial: 10240K, Alloc Tax Rate: 1.0x
[39.302s][info][gc            ] Trigger: Average GC time (347.89 ms) is above the time for allocation rate (378 MB/s) to deplete free headroom (130M)
[39.302s][info][gc,ergo       ] Free headroom: 155M (free) - 25600K (spike) - 0B (penalties) = 130M
[39.302s][info][gc,ergo       ] Free: 155M, Max: 256K regular, 77312K humongous, Frag: 52% external, 4% internal; Reserve: 25600K, Max: 256K
[39.302s][info][gc,start      ] GC(67) Concurrent reset
[39.302s][info][gc,task       ] GC(67) Using 1 of 1 workers for concurrent reset
[39.302s][info][gc,ergo       ] GC(67) Pacer for Reset. Non-Taxable: 500M
[39.303s][info][gc            ] GC(67) Concurrent reset 0.427ms
[39.308s][info][gc,start      ] GC(67) Pause Init Mark
[39.308s][info][gc,task       ] GC(67) Using 1 of 1 workers for init marking
[39.310s][info][gc,ergo       ] GC(67) Pacer for Mark. Expected Live: 79691K, Free: 155M, Non-Taxable: 15923K, Alloc Tax Rate: 0.6x
[39.310s][info][gc            ] GC(67) Pause Init Mark 1.796ms
[39.310s][info][gc,start      ] GC(67) Concurrent marking
[39.310s][info][gc,task       ] GC(67) Using 1 of 1 workers for concurrent marking
[39.400s][info][gc            ] GC(67) Concurrent marking 90.326ms
[39.401s][info][gc,start      ] GC(67) Pause Final Mark
[39.401s][info][gc,task       ] GC(67) Using 1 of 1 workers for final marking
[39.404s][info][gc,ergo       ] GC(67) Adaptive CSet Selection. Target Free: 72533K, Actual Free: 407M, Max CSet: 21333K, Min Garbage: 0B
[39.404s][info][gc,ergo       ] GC(67) Collectable Garbage: 289M (99%), Immediate: 251M (86%), CSet: 38490K (12%)
[39.406s][info][gc,ergo       ] GC(67) Pacer for Evacuation. Used CSet: 41337K, Free: 385M, Non-Taxable: 39424K, Alloc Tax Rate: 1.1x
[39.406s][info][gc            ] GC(67) Pause Final Mark 5.290ms
[39.411s][info][gc,start      ] GC(67) Concurrent cleanup
[39.411s][info][gc            ] GC(67) Concurrent cleanup 340M->92M(497M) 0.298ms
[39.411s][info][gc,ergo       ] GC(67) Free: 381M, Max: 256K regular, 243M humongous, Frag: 37% external, 0% internal; Reserve: 25431K, Max: 256K
[39.411s][info][gc,start      ] GC(67) Concurrent evacuation
[39.411s][info][gc,task       ] GC(67) Using 1 of 1 workers for concurrent evacuation
[39.424s][info][gc            ] GC(67) Concurrent evacuation 13.287ms
[39.429s][info][gc,start      ] GC(67) Pause Init Update Refs
[39.429s][info][gc,ergo       ] GC(67) Pacer for Update Refs. Used: 99759K, Free: 379M, Non-Taxable: 38835K, Alloc Tax Rate: 1.1x
[39.429s][info][gc            ] GC(67) Pause Init Update Refs 0.065ms
[39.429s][info][gc,start      ] GC(67) Concurrent update references
[39.429s][info][gc,task       ] GC(67) Using 1 of 1 workers for concurrent reference update
[39.494s][info][gc            ] GC(67) Concurrent update references 64.294ms
[39.501s][info][gc,start      ] GC(67) Pause Final Update Refs
[39.501s][info][gc,task       ] GC(67) Using 1 of 1 workers for final reference update
[39.501s][info][gc            ] GC(67) Pause Final Update Refs 0.398ms
[39.501s][info][gc,start      ] GC(67) Concurrent cleanup
[39.501s][info][gc            ] GC(67) Concurrent cleanup 134M->94M(497M) 0.048ms
[39.501s][info][gc,ergo       ] Free: 379M, Max: 256K regular, 344M humongous, Frag: 10% external, 0% internal; Reserve: 25600K, Max: 256K
[39.501s][info][gc,stats      ] 
[39.501s][info][gc,stats      ] All times are wall-clock times, except per-root-class counters, that are sum over
[39.501s][info][gc,stats      ] all workers. Dividing the <total> over the root stage time estimates parallelism.
[39.501s][info][gc,stats      ] 
[39.501s][info][gc,stats      ] Concurrent Reset                    417 us
[39.501s][info][gc,stats      ] Pause Init Mark (G)                7509 us
[39.501s][info][gc,stats      ] Pause Init Mark (N)                1744 us
[39.501s][info][gc,stats      ]   Accumulate Stats                   12 us
[39.501s][info][gc,stats      ]   Make Parsable                      11 us
[39.501s][info][gc,stats      ]   Update Region States               33 us
[39.501s][info][gc,stats      ]   Scan Roots                       1625 us, parallelism: 0.83x
[39.501s][info][gc,stats      ]     S: <total>                     1351 us
[39.501s][info][gc,stats      ]     S: Thread Roots                 541 us, workers (us): 541, 
[39.501s][info][gc,stats      ]     S: Universe Roots                 2 us, workers (us):   2, 
[39.501s][info][gc,stats      ]     S: JNI Handles Roots              1 us, workers (us):   1, 
[39.501s][info][gc,stats      ]     S: Synchronizer Roots             0 us, workers (us):   0, 
[39.501s][info][gc,stats      ]     S: Management Roots               1 us, workers (us):   1, 
[39.501s][info][gc,stats      ]     S: System Dict Roots             12 us, workers (us):  12, 
[39.501s][info][gc,stats      ]     S: CLDG Roots                   792 us, workers (us): 792, 
[39.501s][info][gc,stats      ]     S: JVMTI Roots                    0 us, workers (us):   0, 
[39.501s][info][gc,stats      ]   Resize TLABs                       10 us
[39.501s][info][gc,stats      ] Concurrent Marking                90317 us
[39.501s][info][gc,stats      ] Pause Final Mark (G)              10007 us
[39.501s][info][gc,stats      ] Pause Final Mark (N)               5278 us
[39.501s][info][gc,stats      ]   Finish Queues                    3114 us
[39.501s][info][gc,stats      ]   System Purge                      278 us
[39.501s][info][gc,stats      ]     Weak Roots                      278 us
[39.501s][info][gc,stats      ]   Update Region States               28 us
[39.501s][info][gc,stats      ]   Retire TLABs                       12 us
[39.501s][info][gc,stats      ]   Choose Collection Set              83 us
[39.501s][info][gc,stats      ]   Rebuild Free Set                    7 us
[39.501s][info][gc,stats      ]   Initial Evacuation               1748 us, parallelism: 0.60x
[39.501s][info][gc,stats      ]     E: <total>                     1056 us
[39.501s][info][gc,stats      ]     E: Thread Roots                 370 us, workers (us): 370, 
[39.501s][info][gc,stats      ]     E: Code Cache Roots             185 us, workers (us): 185, 
[39.501s][info][gc,stats      ]     E: Universe Roots                 1 us, workers (us):   1, 
[39.501s][info][gc,stats      ]     E: JNI Handles Roots              1 us, workers (us):   1, 
[39.501s][info][gc,stats      ]     E: Synchronizer Roots             0 us, workers (us):   0, 
[39.501s][info][gc,stats      ]     E: Management Roots               2 us, workers (us):   2, 
[39.501s][info][gc,stats      ]     E: System Dict Roots              9 us, workers (us):   9, 
[39.501s][info][gc,stats      ]     E: CLDG Roots                   487 us, workers (us): 487, 
[39.501s][info][gc,stats      ]     E: JVMTI Roots                    1 us, workers (us):   1, 
[39.501s][info][gc,stats      ] Concurrent Cleanup                  220 us
[39.501s][info][gc,stats      ] Concurrent Evacuation             13263 us
[39.501s][info][gc,stats      ] Pause Init  Update Refs (G)        5074 us
[39.501s][info][gc,stats      ] Pause Init  Update Refs (N)          16 us
[39.501s][info][gc,stats      ]   Retire GCLABs                       8 us
[39.501s][info][gc,stats      ] Concurrent Update Refs            64276 us
[39.501s][info][gc,stats      ] Pause Final Update Refs (G)        7254 us
[39.501s][info][gc,stats      ] Pause Final Update Refs (N)         350 us
[39.501s][info][gc,stats      ]   Update Roots                      305 us, parallelism: 0.97x
[39.501s][info][gc,stats      ]     UR: <total>                     296 us
[39.501s][info][gc,stats      ]     UR: Thread Roots                296 us, workers (us): 296, 
[39.501s][info][gc,stats      ]   Update Region States               28 us
[39.501s][info][gc,stats      ]   Trash Collection Set                2 us
[39.501s][info][gc,stats      ]   Rebuild Free Set                    7 us
[39.501s][info][gc,stats      ] Concurrent Cleanup                   40 us
[39.501s][info][gc,stats      ] Pacing                            13086 us
[39.501s][info][gc,stats      ] 
[39.501s][info][gc,stats      ] Allocation pacing accrued:
[39.501s][info][gc,stats      ]      13 of   347 ms (  3.8%): Executor task launch worker for task 0.0 in stage 7.0 (TID 7)
[39.501s][info][gc,stats      ]      13 of   347 ms (  3.8%): <total>
[39.501s][info][gc,stats      ]       0 of   347 ms (  0.0%): <average total>
[39.501s][info][gc,stats      ]      13 of   347 ms (  3.8%): <average non-zero>
[39.501s][info][gc,stats      ] 
[39.501s][info][gc,metaspace  ] Metaspace: 60231K->60231K(1103872K)
[39.501s][info][gc,ergo       ] Pacer for Idle. Initial: 10240K, Alloc Tax Rate: 1.0x
[39.658s][info][gc            ] Trigger: Average GC time (307.45 ms) is above the time for allocation rate (641 MB/s) to deplete free headroom (193M)
[39.658s][info][gc,ergo       ] Free headroom: 218M (free) - 25600K (spike) - 0B (penalties) = 193M
[39.658s][info][gc,ergo       ] Free: 218M, Max: 256K regular, 218M humongous, Frag: 0% external, 0% internal; Reserve: 25600K, Max: 256K
[39.658s][info][gc,start      ] GC(68) Concurrent reset
[39.658s][info][gc,task       ] GC(68) Using 1 of 1 workers for concurrent reset
[39.658s][info][gc,ergo       ] GC(68) Pacer for Reset. Non-Taxable: 500M
[39.658s][info][gc            ] GC(68) Concurrent reset 0.148ms
[39.665s][info][gc,start      ] GC(68) Pause Init Mark
[39.665s][info][gc,task       ] GC(68) Using 1 of 1 workers for init marking
[39.666s][info][gc,ergo       ] GC(68) Pacer for Mark. Expected Live: 75211K, Free: 218M, Non-Taxable: 22374K, Alloc Tax Rate: 0.4x
[39.666s][info][gc            ] GC(68) Pause Init Mark 1.307ms
[39.666s][info][gc,start      ] GC(68) Concurrent marking
[39.666s][info][gc,task       ] GC(68) Using 1 of 1 workers for concurrent marking
[39.775s][info][gc            ] GC(68) Concurrent marking 108.874ms
[39.781s][info][gc,start      ] GC(68) Pause Final Mark
[39.781s][info][gc,task       ] GC(68) Using 1 of 1 workers for final marking
[39.781s][info][gc,ergo       ] GC(68) Adaptive CSet Selection. Target Free: 72533K, Actual Free: 200M, Max CSet: 21333K, Min Garbage: 0B
[39.782s][info][gc,ergo       ] GC(68) Collectable Garbage: 210M (99%), Immediate: 768K (0%), CSet: 209M (98%)
[39.783s][info][gc,ergo       ] GC(68) Pacer for Evacuation. Used CSet: 225M, Free: 176M, Non-Taxable: 18048K, Alloc Tax Rate: 3.1x
[39.783s][info][gc            ] GC(68) Pause Final Mark 2.147ms
[39.783s][info][gc,start      ] GC(68) Concurrent cleanup
[39.783s][info][gc            ] GC(68) Concurrent cleanup 298M->297M(497M) 0.043ms
[39.783s][info][gc,ergo       ] GC(68) Free: 176M, Max: 256K regular, 175M humongous, Frag: 1% external, 1% internal; Reserve: 25600K, Max: 256K
[39.783s][info][gc,start      ] GC(68) Concurrent evacuation
[39.783s][info][gc,task       ] GC(68) Using 1 of 1 workers for concurrent evacuation
[39.872s][info][gc            ] GC(68) Concurrent evacuation 88.823ms
[39.883s][info][gc,start      ] GC(68) Pause Init Update Refs
[39.883s][info][gc,ergo       ] GC(68) Pacer for Update Refs. Used: 354M, Free: 135M, Non-Taxable: 13900K, Alloc Tax Rate: 3.2x
[39.883s][info][gc            ] GC(68) Pause Init Update Refs 0.093ms
[39.883s][info][gc,start      ] GC(68) Concurrent update references
[39.883s][info][gc,task       ] GC(68) Using 1 of 1 workers for concurrent reference update
[40.057s][info][gc            ] GC(68) Concurrent update references 173.906ms
[40.061s][info][gc,start      ] GC(68) Pause Final Update Refs
[40.062s][info][gc,task       ] GC(68) Using 1 of 1 workers for final reference update
[40.062s][info][gc            ] GC(68) Pause Final Update Refs 0.419ms
[40.062s][info][gc,start      ] GC(68) Concurrent cleanup
[40.062s][info][gc            ] GC(68) Concurrent cleanup 452M->226M(500M) 0.075ms
[40.062s][info][gc,ergo       ] Free: 247M, Max: 256K regular, 81664K humongous, Frag: 68% external, 0% internal; Reserve: 25600K, Max: 256K
[40.062s][info][gc,stats      ] 
[40.062s][info][gc,stats      ] All times are wall-clock times, except per-root-class counters, that are sum over
[40.062s][info][gc,stats      ] all workers. Dividing the <total> over the root stage time estimates parallelism.
[40.062s][info][gc,stats      ] 
[40.062s][info][gc,stats      ] Concurrent Reset                    140 us
[40.062s][info][gc,stats      ] Pause Init Mark (G)                7987 us
[40.062s][info][gc,stats      ] Pause Init Mark (N)                1259 us
[40.062s][info][gc,stats      ]   Accumulate Stats                   11 us
[40.062s][info][gc,stats      ]   Make Parsable                       8 us
[40.062s][info][gc,stats      ]   Update Region States               34 us
[40.062s][info][gc,stats      ]   Scan Roots                       1161 us, parallelism: 0.77x
[40.062s][info][gc,stats      ]     S: <total>                      896 us
[40.062s][info][gc,stats      ]     S: Thread Roots                 330 us, workers (us): 330, 
[40.062s][info][gc,stats      ]     S: Universe Roots                 3 us, workers (us):   3, 
[40.062s][info][gc,stats      ]     S: JNI Handles Roots              2 us, workers (us):   2, 
[40.062s][info][gc,stats      ]     S: Synchronizer Roots             0 us, workers (us):   0, 
[40.062s][info][gc,stats      ]     S: Management Roots               1 us, workers (us):   1, 
[40.062s][info][gc,stats      ]     S: System Dict Roots             11 us, workers (us):  11, 
[40.062s][info][gc,stats      ]     S: CLDG Roots                   548 us, workers (us): 548, 
[40.062s][info][gc,stats      ]     S: JVMTI Roots                    1 us, workers (us):   1, 
[40.062s][info][gc,stats      ]   Resize TLABs                        6 us
[40.062s][info][gc,stats      ] Concurrent Marking               108865 us
[40.062s][info][gc,stats      ] Pause Final Mark (G)               5234 us
[40.062s][info][gc,stats      ] Pause Final Mark (N)               2102 us
[40.062s][info][gc,stats      ]   Finish Queues                      25 us
[40.062s][info][gc,stats      ]   System Purge                      285 us
[40.062s][info][gc,stats      ]     Weak Roots                      285 us
[40.062s][info][gc,stats      ]   Update Region States               28 us
[40.062s][info][gc,stats      ]   Retire TLABs                       11 us
[40.062s][info][gc,stats      ]   Choose Collection Set             138 us
[40.062s][info][gc,stats      ]   Rebuild Free Set                    6 us
[40.062s][info][gc,stats      ]   Initial Evacuation               1600 us, parallelism: 0.61x
[40.062s][info][gc,stats      ]     E: <total>                      976 us
[40.062s][info][gc,stats      ]     E: Thread Roots                 343 us, workers (us): 343, 
[40.062s][info][gc,stats      ]     E: Code Cache Roots             167 us, workers (us): 167, 
[40.062s][info][gc,stats      ]     E: Universe Roots                 1 us, workers (us):   1, 
[40.062s][info][gc,stats      ]     E: JNI Handles Roots              1 us, workers (us):   1, 
[40.062s][info][gc,stats      ]     E: Synchronizer Roots             0 us, workers (us):   0, 
[40.062s][info][gc,stats      ]     E: Management Roots               1 us, workers (us):   1, 
[40.062s][info][gc,stats      ]     E: System Dict Roots              9 us, workers (us):   9, 
[40.062s][info][gc,stats      ]     E: CLDG Roots                   453 us, workers (us): 453, 
[40.062s][info][gc,stats      ]     E: JVMTI Roots                    0 us, workers (us):   0, 
[40.062s][info][gc,stats      ] Concurrent Cleanup                   34 us
[40.062s][info][gc,stats      ] Concurrent Evacuation             88810 us
[40.062s][info][gc,stats      ] Pause Init  Update Refs (G)       10820 us
[40.062s][info][gc,stats      ] Pause Init  Update Refs (N)          25 us
[40.062s][info][gc,stats      ]   Retire GCLABs                       9 us
[40.062s][info][gc,stats      ] Concurrent Update Refs           173883 us
[40.062s][info][gc,stats      ] Pause Final Update Refs (G)        5009 us
[40.062s][info][gc,stats      ] Pause Final Update Refs (N)         363 us
[40.062s][info][gc,stats      ]   Update Roots                      314 us, parallelism: 0.97x
[40.062s][info][gc,stats      ]     UR: <total>                     305 us
[40.062s][info][gc,stats      ]     UR: Thread Roots                305 us, workers (us): 305, 
[40.062s][info][gc,stats      ]   Update Region States               29 us
[40.062s][info][gc,stats      ]   Trash Collection Set                5 us
[40.062s][info][gc,stats      ]   Rebuild Free Set                    7 us
[40.062s][info][gc,stats      ] Concurrent Cleanup                   68 us
[40.062s][info][gc,stats      ] Pacing                            78132 us
[40.062s][info][gc,stats      ] 
[40.062s][info][gc,stats      ] Allocation pacing accrued:
[40.062s][info][gc,stats      ]       9 of   561 ms (  1.6%): Spark Context Cleaner
[40.062s][info][gc,stats      ]      69 of   561 ms ( 12.4%): Executor task launch worker for task 0.0 in stage 7.0 (TID 7)
[40.062s][info][gc,stats      ]      78 of   561 ms ( 13.9%): <total>
[40.062s][info][gc,stats      ]       1 of   561 ms (  0.2%): <average total>
[40.062s][info][gc,stats      ]      39 of   561 ms (  7.0%): <average non-zero>
[40.062s][info][gc,stats      ] 
[40.062s][info][gc,metaspace  ] Metaspace: 60231K->60232K(1103872K)
[40.062s][info][gc,ergo       ] Pacer for Idle. Initial: 10240K, Alloc Tax Rate: 1.0x
[40.106s][info][gc            ] Trigger: Average GC time (333.05 ms) is above the time for allocation rate (520 MB/s) to deplete free headroom (171M)
[40.106s][info][gc,ergo       ] Free headroom: 196M (free) - 25600K (spike) - 0B (penalties) = 171M
[40.106s][info][gc,ergo       ] Free: 196M, Max: 256K regular, 81664K humongous, Frag: 60% external, 0% internal; Reserve: 25600K, Max: 256K
[40.106s][info][gc,start      ] GC(69) Concurrent reset
[40.106s][info][gc,task       ] GC(69) Using 1 of 1 workers for concurrent reset
[40.106s][info][gc,ergo       ] GC(69) Pacer for Reset. Non-Taxable: 500M
[40.107s][info][gc            ] GC(69) Concurrent reset 0.424ms
[40.111s][info][gc,start      ] GC(69) Pause Init Mark
[40.111s][info][gc,task       ] GC(69) Using 1 of 1 workers for init marking
[40.113s][info][gc,ergo       ] GC(69) Pacer for Mark. Expected Live: 71268K, Free: 196M, Non-Taxable: 20070K, Alloc Tax Rate: 0.4x
[40.113s][info][gc            ] GC(69) Pause Init Mark 1.324ms
[40.113s][info][gc,start      ] GC(69) Concurrent marking
[40.113s][info][gc,task       ] GC(69) Using 1 of 1 workers for concurrent marking
[40.257s][info][gc            ] GC(69) Concurrent marking 144.623ms
[40.257s][info][gc,start      ] GC(69) Pause Final Mark
[40.257s][info][gc,task       ] GC(69) Using 1 of 1 workers for final marking
[40.258s][info][gc,ergo       ] GC(69) Adaptive CSet Selection. Target Free: 72533K, Actual Free: 175M, Max CSet: 21333K, Min Garbage: 0B
[40.258s][info][gc,ergo       ] GC(69) Collectable Garbage: 214M (99%), Immediate: 1024K (0%), CSet: 213M (98%)
[40.260s][info][gc,ergo       ] GC(69) Pacer for Evacuation. Used CSet: 230M, Free: 150M, Non-Taxable: 15385K, Alloc Tax Rate: 3.8x
[40.260s][info][gc            ] GC(69) Pause Final Mark 2.259ms
[40.260s][info][gc,start      ] GC(69) Concurrent cleanup
[40.260s][info][gc            ] GC(69) Concurrent cleanup 324M->323M(500M) 0.042ms
[40.260s][info][gc,ergo       ] GC(69) Free: 150M, Max: 256K regular, 128M humongous, Frag: 15% external, 1% internal; Reserve: 25600K, Max: 256K
[40.260s][info][gc,start      ] GC(69) Concurrent evacuation
[40.260s][info][gc,task       ] GC(69) Using 1 of 1 workers for concurrent evacuation
[40.310s][info][gc            ] GC(69) Concurrent evacuation 49.782ms
[40.313s][info][gc,start      ] GC(69) Pause Init Update Refs
[40.313s][info][gc,ergo       ] GC(69) Pacer for Update Refs. Used: 369M, Free: 121M, Non-Taxable: 12467K, Alloc Tax Rate: 3.7x
[40.313s][info][gc            ] GC(69) Pause Init Update Refs 0.062ms
[40.313s][info][gc,start      ] GC(69) Concurrent update references
[40.313s][info][gc,task       ] GC(69) Using 1 of 1 workers for concurrent reference update
[40.492s][info][gc            ] GC(69) Concurrent update references 179.043ms
[40.492s][info][gc,start      ] GC(69) Pause Final Update Refs
[40.492s][info][gc,task       ] GC(69) Using 1 of 1 workers for final reference update
[40.492s][info][gc            ] GC(69) Pause Final Update Refs 0.360ms
[40.492s][info][gc,start      ] GC(69) Concurrent cleanup
[40.492s][info][gc            ] GC(69) Concurrent cleanup 470M->239M(500M) 0.074ms
[40.492s][info][gc,ergo       ] Free: 234M, Max: 256K regular, 100096K humongous, Frag: 59% external, 0% internal; Reserve: 25600K, Max: 256K
[40.492s][info][gc,stats      ] 
[40.492s][info][gc,stats      ] All times are wall-clock times, except per-root-class counters, that are sum over
[40.493s][info][gc,stats      ] all workers. Dividing the <total> over the root stage time estimates parallelism.
[40.493s][info][gc,stats      ] 
[40.493s][info][gc,stats      ] Concurrent Reset                    415 us
[40.493s][info][gc,stats      ] Pause Init Mark (G)                5842 us
[40.493s][info][gc,stats      ] Pause Init Mark (N)                1284 us
[40.493s][info][gc,stats      ]   Accumulate Stats                   11 us
[40.493s][info][gc,stats      ]   Make Parsable                       9 us
[40.493s][info][gc,stats      ]   Update Region States               34 us
[40.493s][info][gc,stats      ]   Scan Roots                       1192 us, parallelism: 0.78x
[40.493s][info][gc,stats      ]     S: <total>                      925 us
[40.493s][info][gc,stats      ]     S: Thread Roots                 352 us, workers (us): 352, 
[40.493s][info][gc,stats      ]     S: Universe Roots                 2 us, workers (us):   2, 
[40.493s][info][gc,stats      ]     S: JNI Handles Roots              2 us, workers (us):   2, 
[40.493s][info][gc,stats      ]     S: Synchronizer Roots             0 us, workers (us):   0, 
[40.493s][info][gc,stats      ]     S: Management Roots               2 us, workers (us):   2, 
[40.493s][info][gc,stats      ]     S: System Dict Roots             11 us, workers (us):  11, 
[40.493s][info][gc,stats      ]     S: CLDG Roots                   556 us, workers (us): 556, 
[40.493s][info][gc,stats      ]     S: JVMTI Roots                    1 us, workers (us):   1, 
[40.493s][info][gc,stats      ]   Resize TLABs                        7 us
[40.493s][info][gc,stats      ] Concurrent Marking               144614 us
[40.493s][info][gc,stats      ] Pause Final Mark (G)               2376 us
[40.493s][info][gc,stats      ] Pause Final Mark (N)               2227 us
[40.493s][info][gc,stats      ]   Finish Queues                      15 us
[40.493s][info][gc,stats      ]   System Purge                      302 us
[40.493s][info][gc,stats      ]     Weak Roots                      302 us
[40.493s][info][gc,stats      ]   Update Region States               36 us
[40.493s][info][gc,stats      ]   Retire TLABs                       16 us
[40.493s][info][gc,stats      ]   Choose Collection Set             145 us
[40.493s][info][gc,stats      ]   Rebuild Free Set                    6 us
[40.493s][info][gc,stats      ]   Initial Evacuation               1700 us, parallelism: 0.62x
[40.493s][info][gc,stats      ]     E: <total>                     1060 us
[40.493s][info][gc,stats      ]     E: Thread Roots                 331 us, workers (us): 331, 
[40.493s][info][gc,stats      ]     E: Code Cache Roots             173 us, workers (us): 173, 
[40.493s][info][gc,stats      ]     E: Universe Roots                 1 us, workers (us):   1, 
[40.493s][info][gc,stats      ]     E: JNI Handles Roots              1 us, workers (us):   1, 
[40.493s][info][gc,stats      ]     E: Synchronizer Roots             0 us, workers (us):   0, 
[40.493s][info][gc,stats      ]     E: Management Roots               1 us, workers (us):   1, 
[40.493s][info][gc,stats      ]     E: System Dict Roots              9 us, workers (us):   9, 
[40.493s][info][gc,stats      ]     E: CLDG Roots                   542 us, workers (us): 542, 
[40.493s][info][gc,stats      ]     E: JVMTI Roots                    1 us, workers (us):   1, 
[40.493s][info][gc,stats      ] Concurrent Cleanup                   34 us
[40.493s][info][gc,stats      ] Concurrent Evacuation             49768 us
[40.493s][info][gc,stats      ] Pause Init  Update Refs (G)        3051 us
[40.493s][info][gc,stats      ] Pause Init  Update Refs (N)          15 us
[40.493s][info][gc,stats      ]   Retire GCLABs                       7 us
[40.493s][info][gc,stats      ] Concurrent Update Refs           179027 us
[40.493s][info][gc,stats      ] Pause Final Update Refs (G)         537 us
[40.493s][info][gc,stats      ] Pause Final Update Refs (N)         343 us
[40.493s][info][gc,stats      ]   Update Roots                      296 us, parallelism: 0.98x
[40.493s][info][gc,stats      ]     UR: <total>                     291 us
[40.493s][info][gc,stats      ]     UR: Thread Roots                291 us, workers (us): 291, 
[40.493s][info][gc,stats      ]   Update Region States               27 us
[40.493s][info][gc,stats      ]   Trash Collection Set                5 us
[40.493s][info][gc,stats      ]   Rebuild Free Set                    7 us
[40.493s][info][gc,stats      ] Concurrent Cleanup                   68 us
[40.493s][info][gc,stats      ] Pacing                           110721 us
[40.493s][info][gc,stats      ] 
[40.493s][info][gc,stats      ] Allocation pacing accrued:
[40.493s][info][gc,stats      ]     111 of   430 ms ( 25.7%): Executor task launch worker for task 0.0 in stage 7.0 (TID 7)
[40.493s][info][gc,stats      ]     111 of   430 ms ( 25.7%): <total>
[40.493s][info][gc,stats      ]       1 of   430 ms (  0.3%): <average total>
[40.493s][info][gc,stats      ]     111 of   430 ms ( 25.7%): <average non-zero>
[40.493s][info][gc,stats      ] 
[40.493s][info][gc,metaspace  ] Metaspace: 60232K->60232K(1103872K)
[40.493s][info][gc,ergo       ] Pacer for Idle. Initial: 10240K, Alloc Tax Rate: 1.0x
[40.510s][info][gc            ] Trigger: Average GC time (340.04 ms) is above the time for allocation rate (522 MB/s) to deplete free headroom (175M)
[40.510s][info][gc,ergo       ] Free headroom: 200M (free) - 25600K (spike) - 0B (penalties) = 175M
[40.510s][info][gc,ergo       ] Free: 200M, Max: 256K regular, 100096K humongous, Frag: 52% external, 0% internal; Reserve: 25600K, Max: 256K
[40.510s][info][gc,start      ] GC(70) Concurrent reset
[40.510s][info][gc,task       ] GC(70) Using 1 of 1 workers for concurrent reset
[40.510s][info][gc,ergo       ] GC(70) Pacer for Reset. Non-Taxable: 500M
[40.511s][info][gc            ] GC(70) Concurrent reset 0.419ms
[40.513s][info][gc,start      ] GC(70) Pause Init Mark (process weakrefs)
[40.513s][info][gc,task       ] GC(70) Using 1 of 1 workers for init marking
[40.514s][info][gc,ergo       ] GC(70) Pacer for Mark. Expected Live: 67712K, Free: 200M, Non-Taxable: 20480K, Alloc Tax Rate: 0.4x
[40.514s][info][gc            ] GC(70) Pause Init Mark (process weakrefs) 1.321ms
[40.514s][info][gc,start      ] GC(70) Concurrent marking (process weakrefs)
[40.514s][info][gc,task       ] GC(70) Using 1 of 1 workers for concurrent marking
[40.601s][info][gc            ] GC(70) Concurrent marking (process weakrefs) 86.345ms
[40.601s][info][gc,start      ] GC(70) Concurrent precleaning
[40.601s][info][gc,task       ] GC(70) Using 1 of 1 workers for concurrent preclean
[40.601s][info][gc,ergo       ] GC(70) Pacer for Precleaning. Non-Taxable: 500M
[40.601s][info][gc            ] GC(70) Concurrent precleaning 0.557ms
[40.601s][info][gc,start      ] GC(70) Pause Final Mark (process weakrefs)
[40.601s][info][gc,task       ] GC(70) Using 1 of 1 workers for final marking
[40.602s][info][gc,ergo       ] GC(70) Adaptive CSet Selection. Target Free: 72533K, Actual Free: 184M, Max CSet: 21333K, Min Garbage: 0B
[40.602s][info][gc,ergo       ] GC(70) Collectable Garbage: 193M (99%), Immediate: 2048K (1%), CSet: 191M (98%)
[40.603s][info][gc,ergo       ] GC(70) Pacer for Evacuation. Used CSet: 206M, Free: 160M, Non-Taxable: 16384K, Alloc Tax Rate: 3.2x
[40.603s][info][gc            ] GC(70) Pause Final Mark (process weakrefs) 2.140ms
[40.606s][info][gc,start      ] GC(70) Concurrent cleanup
[40.606s][info][gc            ] GC(70) Concurrent cleanup 320M->318M(500M) 0.054ms
[40.606s][info][gc,ergo       ] GC(70) Free: 155M, Max: 256K regular, 155M humongous, Frag: 1% external, 1% internal; Reserve: 25591K, Max: 256K
[40.606s][info][gc,start      ] GC(70) Concurrent evacuation
[40.606s][info][gc,task       ] GC(70) Using 1 of 1 workers for concurrent evacuation
[40.655s][info][gc            ] GC(70) Concurrent evacuation 48.678ms
[40.657s][info][gc,start      ] GC(70) Pause Init Update Refs
[40.657s][info][gc,ergo       ] GC(70) Pacer for Update Refs. Used: 372M, Free: 117M, Non-Taxable: 12006K, Alloc Tax Rate: 3.9x
[40.657s][info][gc            ] GC(70) Pause Init Update Refs 0.035ms
[40.657s][info][gc,start      ] GC(70) Concurrent update references
[40.657s][info][gc,task       ] GC(70) Using 1 of 1 workers for concurrent reference update
[40.784s][info][gc            ] GC(70) Concurrent update references 126.972ms
[40.784s][info][gc,start      ] GC(70) Pause Final Update Refs
[40.784s][info][gc,task       ] GC(70) Using 1 of 1 workers for final reference update
[40.785s][info][gc            ] GC(70) Pause Final Update Refs 0.375ms
[40.785s][info][gc,start      ] GC(70) Concurrent cleanup
[40.785s][info][gc            ] GC(70) Concurrent cleanup 466M->260M(500M) 0.071ms
[40.785s][info][gc,ergo       ] Free: 213M, Max: 256K regular, 125M humongous, Frag: 42% external, 1% internal; Reserve: 25600K, Max: 256K
[40.785s][info][gc,stats      ] 
[40.785s][info][gc,stats      ] All times are wall-clock times, except per-root-class counters, that are sum over
[40.785s][info][gc,stats      ] all workers. Dividing the <total> over the root stage time estimates parallelism.
[40.785s][info][gc,stats      ] 
[40.785s][info][gc,stats      ] Concurrent Reset                    399 us
[40.785s][info][gc,stats      ] Pause Init Mark (G)                3675 us
[40.785s][info][gc,stats      ] Pause Init Mark (N)                1292 us
[40.785s][info][gc,stats      ]   Accumulate Stats                   20 us
[40.785s][info][gc,stats      ]   Make Parsable                      12 us
[40.785s][info][gc,stats      ]   Update Region States               28 us
[40.785s][info][gc,stats      ]   Scan Roots                       1192 us, parallelism: 0.77x
[40.785s][info][gc,stats      ]     S: <total>                      913 us
[40.785s][info][gc,stats      ]     S: Thread Roots                 388 us, workers (us): 388, 
[40.785s][info][gc,stats      ]     S: Universe Roots                 3 us, workers (us):   3, 
[40.785s][info][gc,stats      ]     S: JNI Handles Roots              1 us, workers (us):   1, 
[40.785s][info][gc,stats      ]     S: Synchronizer Roots             0 us, workers (us):   0, 
[40.785s][info][gc,stats      ]     S: Management Roots               1 us, workers (us):   1, 
[40.785s][info][gc,stats      ]     S: System Dict Roots             11 us, workers (us):  11, 
[40.785s][info][gc,stats      ]     S: CLDG Roots                   507 us, workers (us): 507, 
[40.785s][info][gc,stats      ]     S: JVMTI Roots                    1 us, workers (us):   1, 
[40.785s][info][gc,stats      ]   Resize TLABs                        7 us
[40.785s][info][gc,stats      ] Concurrent Marking                86336 us
[40.785s][info][gc,stats      ] Concurrent Precleaning              548 us
[40.785s][info][gc,stats      ] Pause Final Mark (G)               4603 us
[40.785s][info][gc,stats      ] Pause Final Mark (N)               2132 us
[40.785s][info][gc,stats      ]   Finish Queues                      11 us
[40.785s][info][gc,stats      ]   Weak References                    19 us
[40.785s][info][gc,stats      ]     Process                          17 us
[40.785s][info][gc,stats      ]   System Purge                      287 us
[40.785s][info][gc,stats      ]     Weak Roots                      287 us
[40.785s][info][gc,stats      ]   Update Region States               26 us
[40.785s][info][gc,stats      ]   Retire TLABs                       11 us
[40.785s][info][gc,stats      ]   Choose Collection Set             121 us
[40.785s][info][gc,stats      ]   Rebuild Free Set                    6 us
[40.785s][info][gc,stats      ]   Initial Evacuation               1646 us, parallelism: 0.61x
[40.785s][info][gc,stats      ]     E: <total>                     1000 us
[40.785s][info][gc,stats      ]     E: Thread Roots                 329 us, workers (us): 329, 
[40.785s][info][gc,stats      ]     E: Code Cache Roots             177 us, workers (us): 177, 
[40.785s][info][gc,stats      ]     E: Universe Roots                 1 us, workers (us):   1, 
[40.785s][info][gc,stats      ]     E: JNI Handles Roots              1 us, workers (us):   1, 
[40.785s][info][gc,stats      ]     E: Synchronizer Roots             0 us, workers (us):   0, 
[40.785s][info][gc,stats      ]     E: Management Roots               1 us, workers (us):   1, 
[40.785s][info][gc,stats      ]     E: System Dict Roots              8 us, workers (us):   8, 
[40.785s][info][gc,stats      ]     E: CLDG Roots                   482 us, workers (us): 482, 
[40.785s][info][gc,stats      ]     E: JVMTI Roots                    1 us, workers (us):   1, 
[40.785s][info][gc,stats      ] Concurrent Cleanup                   34 us
[40.785s][info][gc,stats      ] Concurrent Evacuation             48665 us
[40.785s][info][gc,stats      ] Pause Init  Update Refs (G)        2374 us
[40.785s][info][gc,stats      ] Pause Init  Update Refs (N)          14 us
[40.785s][info][gc,stats      ]   Retire GCLABs                       7 us
[40.785s][info][gc,stats      ] Concurrent Update Refs           126958 us
[40.785s][info][gc,stats      ] Pause Final Update Refs (G)         561 us
[40.785s][info][gc,stats      ] Pause Final Update Refs (N)         364 us
[40.785s][info][gc,stats      ]   Update Roots                      315 us, parallelism: 0.97x
[40.785s][info][gc,stats      ]     UR: <total>                     307 us
[40.785s][info][gc,stats      ]     UR: Thread Roots                307 us, workers (us): 307, 
[40.785s][info][gc,stats      ]   Update Region States               26 us
[40.785s][info][gc,stats      ]   Trash Collection Set                5 us
[40.785s][info][gc,stats      ]   Rebuild Free Set                    7 us
[40.785s][info][gc,stats      ] Concurrent Cleanup                   64 us
[40.785s][info][gc,stats      ] Pacing                           107922 us
[40.785s][info][gc,stats      ] 
[40.785s][info][gc,stats      ] Allocation pacing accrued:
[40.785s][info][gc,stats      ]      13 of   292 ms (  4.3%): Spark Context Cleaner
[40.785s][info][gc,stats      ]      95 of   292 ms ( 32.6%): Executor task launch worker for task 0.0 in stage 7.0 (TID 7)
[40.785s][info][gc,stats      ]     108 of   292 ms ( 36.9%): <total>
[40.785s][info][gc,stats      ]       1 of   292 ms (  0.4%): <average total>
[40.785s][info][gc,stats      ]      54 of   292 ms ( 18.5%): <average non-zero>
[40.785s][info][gc,stats      ] 
[40.785s][info][gc,metaspace  ] Metaspace: 60232K->60235K(1103872K)
[40.785s][info][gc,ergo       ] Pacer for Idle. Initial: 10240K, Alloc Tax Rate: 1.0x
[40.786s][info][gc            ] Trigger: Average GC time (334.03 ms) is above the time for allocation rate (651 MB/s) to deplete free headroom (188M)
[40.786s][info][gc,ergo       ] Free headroom: 213M (free) - 25600K (spike) - 0B (penalties) = 188M
[40.786s][info][gc,ergo       ] Free: 213M, Max: 256K regular, 125M humongous, Frag: 42% external, 1% internal; Reserve: 25600K, Max: 256K
[40.786s][info][gc,start      ] GC(71) Concurrent reset
[40.786s][info][gc,task       ] GC(71) Using 1 of 1 workers for concurrent reset
[40.786s][info][gc,ergo       ] GC(71) Pacer for Reset. Non-Taxable: 500M
[40.787s][info][gc            ] GC(71) Concurrent reset 0.381ms
[40.787s][info][gc,start      ] GC(71) Pause Init Mark
[40.787s][info][gc,task       ] GC(71) Using 1 of 1 workers for init marking
[40.788s][info][gc,ergo       ] GC(71) Pacer for Mark. Expected Live: 64716K, Free: 213M, Non-Taxable: 21862K, Alloc Tax Rate: 0.4x
[40.788s][info][gc            ] GC(71) Pause Init Mark 1.274ms
[40.788s][info][gc,start      ] GC(71) Concurrent marking
[40.788s][info][gc,task       ] GC(71) Using 1 of 1 workers for concurrent marking
[40.884s][info][gc            ] GC(71) Concurrent marking 95.862ms
[40.884s][info][gc,start      ] GC(71) Pause Final Mark
[40.884s][info][gc,task       ] GC(71) Using 1 of 1 workers for final marking
[40.884s][info][gc,ergo       ] GC(71) Adaptive CSet Selection. Target Free: 72533K, Actual Free: 183M, Max CSet: 21333K, Min Garbage: 0B
[40.884s][info][gc,ergo       ] GC(71) Collectable Garbage: 166M (98%), Immediate: 0B (0%), CSet: 166M (98%)
[40.886s][info][gc,ergo       ] GC(71) Pacer for Evacuation. Used CSet: 180M, Free: 158M, Non-Taxable: 16204K, Alloc Tax Rate: 2.8x
[40.886s][info][gc            ] GC(71) Pause Final Mark 2.035ms
[40.886s][info][gc,start      ] GC(71) Concurrent cleanup
[40.886s][info][gc            ] GC(71) Concurrent cleanup 315M->315M(500M) 0.042ms
[40.886s][info][gc,ergo       ] GC(71) Free: 158M, Max: 256K regular, 125M humongous, Frag: 21% external, 1% internal; Reserve: 25593K, Max: 256K
[40.886s][info][gc,start      ] GC(71) Concurrent evacuation
[40.886s][info][gc,task       ] GC(71) Using 1 of 1 workers for concurrent evacuation
[40.919s][info][gc            ] GC(71) Concurrent evacuation 32.671ms
[40.921s][info][gc,start      ] GC(71) Pause Init Update Refs
[40.921s][info][gc,ergo       ] GC(71) Pacer for Update Refs. Used: 365M, Free: 121M, Non-Taxable: 12467K, Alloc Tax Rate: 3.7x
[40.921s][info][gc            ] GC(71) Pause Init Update Refs 0.026ms
[40.921s][info][gc,start      ] GC(71) Concurrent update references
[40.921s][info][gc,task       ] GC(71) Using 1 of 1 workers for concurrent reference update
[41.059s][info][gc            ] GC(71) Concurrent update references 137.575ms
[41.059s][info][gc,start      ] GC(71) Pause Final Update Refs
[41.059s][info][gc,task       ] GC(71) Using 1 of 1 workers for final reference update
[41.059s][info][gc            ] GC(71) Pause Final Update Refs 0.379ms
[41.059s][info][gc,start      ] GC(71) Concurrent cleanup
[41.060s][info][gc            ] GC(71) Concurrent cleanup 466M->286M(500M) 0.067ms
[41.060s][info][gc,ergo       ] Free: 187M, Max: 256K regular, 169M humongous, Frag: 10% external, 1% internal; Reserve: 25600K, Max: 256K
[41.060s][info][gc,stats      ] 
[41.060s][info][gc,stats      ] All times are wall-clock times, except per-root-class counters, that are sum over
[41.060s][info][gc,stats      ] all workers. Dividing the <total> over the root stage time estimates parallelism.
[41.060s][info][gc,stats      ] 
[41.060s][info][gc,stats      ] Concurrent Reset                    375 us
[41.060s][info][gc,stats      ] Pause Init Mark (G)                1500 us
[41.060s][info][gc,stats      ] Pause Init Mark (N)                1254 us
[41.060s][info][gc,stats      ]   Accumulate Stats                   12 us
[41.060s][info][gc,stats      ]   Make Parsable                      12 us
[41.060s][info][gc,stats      ]   Update Region States               24 us
[41.060s][info][gc,stats      ]   Scan Roots                       1176 us, parallelism: 0.77x
[41.060s][info][gc,stats      ]     S: <total>                      903 us
[41.060s][info][gc,stats      ]     S: Thread Roots                 343 us, workers (us): 343, 
[41.060s][info][gc,stats      ]     S: Universe Roots                 2 us, workers (us):   2, 
[41.060s][info][gc,stats      ]     S: JNI Handles Roots              1 us, workers (us):   1, 
[41.060s][info][gc,stats      ]     S: Synchronizer Roots             0 us, workers (us):   0, 
[41.060s][info][gc,stats      ]     S: Management Roots               2 us, workers (us):   2, 
[41.060s][info][gc,stats      ]     S: System Dict Roots             12 us, workers (us):  12, 
[41.060s][info][gc,stats      ]     S: CLDG Roots                   542 us, workers (us): 542, 
[41.060s][info][gc,stats      ]     S: JVMTI Roots                    1 us, workers (us):   1, 
[41.060s][info][gc,stats      ]   Resize TLABs                        6 us
[41.060s][info][gc,stats      ] Concurrent Marking                95854 us
[41.060s][info][gc,stats      ] Pause Final Mark (G)               2139 us
[41.060s][info][gc,stats      ] Pause Final Mark (N)               2025 us
[41.060s][info][gc,stats      ]   Finish Queues                      11 us
[41.060s][info][gc,stats      ]   System Purge                      260 us
[41.060s][info][gc,stats      ]     Weak Roots                      259 us
[41.060s][info][gc,stats      ]   Update Region States               29 us
[41.060s][info][gc,stats      ]   Retire TLABs                       15 us
[41.060s][info][gc,stats      ]   Choose Collection Set             121 us
[41.060s][info][gc,stats      ]   Rebuild Free Set                    6 us
[41.060s][info][gc,stats      ]   Initial Evacuation               1577 us, parallelism: 0.63x
[41.060s][info][gc,stats      ]     E: <total>                      993 us
[41.060s][info][gc,stats      ]     E: Thread Roots                 349 us, workers (us): 349, 
[41.060s][info][gc,stats      ]     E: Code Cache Roots             170 us, workers (us): 170, 
[41.060s][info][gc,stats      ]     E: Universe Roots                 1 us, workers (us):   1, 
[41.060s][info][gc,stats      ]     E: JNI Handles Roots              1 us, workers (us):   1, 
[41.060s][info][gc,stats      ]     E: Synchronizer Roots             0 us, workers (us):   0, 
[41.060s][info][gc,stats      ]     E: Management Roots               1 us, workers (us):   1, 
[41.060s][info][gc,stats      ]     E: System Dict Roots              9 us, workers (us):   9, 
[41.060s][info][gc,stats      ]     E: CLDG Roots                   462 us, workers (us): 462, 
[41.060s][info][gc,stats      ]     E: JVMTI Roots                    0 us, workers (us):   0, 
[41.060s][info][gc,stats      ] Concurrent Cleanup                   34 us
[41.060s][info][gc,stats      ] Concurrent Evacuation             32661 us
[41.060s][info][gc,stats      ] Pause Init  Update Refs (G)        2404 us
[41.060s][info][gc,stats      ] Pause Init  Update Refs (N)          12 us
[41.060s][info][gc,stats      ]   Retire GCLABs                       6 us
[41.060s][info][gc,stats      ] Concurrent Update Refs           137561 us
[41.060s][info][gc,stats      ] Pause Final Update Refs (G)         567 us
[41.060s][info][gc,stats      ] Pause Final Update Refs (N)         367 us
[41.060s][info][gc,stats      ]   Update Roots                      323 us, parallelism: 0.97x
[41.060s][info][gc,stats      ]     UR: <total>                     315 us
[41.060s][info][gc,stats      ]     UR: Thread Roots                315 us, workers (us): 315, 
[41.060s][info][gc,stats      ]   Update Region States               27 us
[41.060s][info][gc,stats      ]   Trash Collection Set                4 us
[41.060s][info][gc,stats      ]   Rebuild Free Set                    7 us
[41.060s][info][gc,stats      ] Concurrent Cleanup                   60 us
[41.060s][info][gc,stats      ] Pacing                           116315 us
[41.060s][info][gc,stats      ] 
[41.060s][info][gc,stats      ] Allocation pacing accrued:
[41.060s][info][gc,stats      ]      13 of   275 ms (  4.6%): Spark Context Cleaner
[41.060s][info][gc,stats      ]     104 of   275 ms ( 37.7%): Executor task launch worker for task 0.0 in stage 7.0 (TID 7)
[41.060s][info][gc,stats      ]     116 of   275 ms ( 42.3%): <total>
[41.060s][info][gc,stats      ]       1 of   275 ms (  0.4%): <average total>
[41.060s][info][gc,stats      ]      58 of   275 ms ( 21.2%): <average non-zero>
[41.060s][info][gc,stats      ] 
[41.060s][info][gc,metaspace  ] Metaspace: 60235K->60235K(1103872K)
[41.060s][info][gc,ergo       ] Pacer for Idle. Initial: 10240K, Alloc Tax Rate: 1.0x
[41.061s][info][gc            ] Trigger: Average GC time (307.43 ms) is above the time for allocation rate (700 MB/s) to deplete free headroom (162M)
[41.061s][info][gc,ergo       ] Free headroom: 187M (free) - 25600K (spike) - 0B (penalties) = 162M
[41.061s][info][gc,ergo       ] Free: 187M, Max: 256K regular, 169M humongous, Frag: 10% external, 1% internal; Reserve: 25600K, Max: 256K
[41.061s][info][gc,start      ] GC(72) Concurrent reset
[41.061s][info][gc,task       ] GC(72) Using 1 of 1 workers for concurrent reset
[41.061s][info][gc,ergo       ] GC(72) Pacer for Reset. Non-Taxable: 500M
[41.061s][info][gc            ] GC(72) Concurrent reset 0.390ms
[41.062s][info][gc,start      ] GC(72) Pause Init Mark
[41.062s][info][gc,task       ] GC(72) Using 1 of 1 workers for init marking
[41.063s][info][gc,ergo       ] GC(72) Pacer for Mark. Expected Live: 61641K, Free: 187M, Non-Taxable: 19200K, Alloc Tax Rate: 0.4x
[41.063s][info][gc            ] GC(72) Pause Init Mark 1.377ms
[41.063s][info][gc,start      ] GC(72) Concurrent marking
[41.063s][info][gc,task       ] GC(72) Using 1 of 1 workers for concurrent marking
[41.174s][info][gc            ] GC(72) Concurrent marking 111.418ms
[41.175s][info][gc,start      ] GC(72) Pause Final Mark
[41.175s][info][gc,task       ] GC(72) Using 1 of 1 workers for final marking
[41.175s][info][gc,ergo       ] GC(72) Adaptive CSet Selection. Target Free: 72533K, Actual Free: 169M, Max CSet: 21333K, Min Garbage: 0B
[41.175s][info][gc,ergo       ] GC(72) Collectable Garbage: 177M (98%), Immediate: 0B (0%), CSet: 177M (98%)
[41.177s][info][gc,ergo       ] GC(72) Pacer for Evacuation. Used CSet: 192M, Free: 144M, Non-Taxable: 14771K, Alloc Tax Rate: 3.3x
[41.177s][info][gc            ] GC(72) Pause Final Mark 2.122ms
[41.178s][info][gc,start      ] GC(72) Concurrent cleanup
[41.179s][info][gc            ] GC(72) Concurrent cleanup 332M->332M(500M) 0.050ms
[41.179s][info][gc,ergo       ] GC(72) Free: 141M, Max: 256K regular, 141M humongous, Frag: 0% external, 1% internal; Reserve: 25600K, Max: 256K
[41.179s][info][gc,start      ] GC(72) Concurrent evacuation
[41.179s][info][gc,task       ] GC(72) Using 1 of 1 workers for concurrent evacuation
[41.211s][info][gc            ] GC(72) Concurrent evacuation 31.985ms
[41.213s][info][gc,start      ] GC(72) Pause Init Update Refs
[41.213s][info][gc,ergo       ] GC(72) Pacer for Update Refs. Used: 371M, Free: 116M, Non-Taxable: 11955K, Alloc Tax Rate: 3.9x
[41.213s][info][gc            ] GC(72) Pause Init Update Refs 0.042ms
[41.213s][info][gc,start      ] GC(72) Concurrent update references
[41.213s][info][gc,task       ] GC(72) Using 1 of 1 workers for concurrent reference update
[41.402s][info][gc            ] GC(72) Concurrent update references 189.022ms
[41.402s][info][gc,start      ] GC(72) Pause Final Update Refs
[41.402s][info][gc,task       ] GC(72) Using 1 of 1 workers for final reference update
[41.403s][info][gc            ] GC(72) Pause Final Update Refs 0.461ms
[41.403s][info][gc,start      ] GC(72) Concurrent cleanup
[41.403s][info][gc            ] GC(72) Concurrent cleanup 469M->277M(500M) 0.070ms
[41.403s][info][gc,ergo       ] Free: 196M, Max: 256K regular, 111M humongous, Frag: 44% external, 1% internal; Reserve: 25600K, Max: 256K
[41.403s][info][gc,stats      ] 
[41.403s][info][gc,stats      ] All times are wall-clock times, except per-root-class counters, that are sum over
[41.403s][info][gc,stats      ] all workers. Dividing the <total> over the root stage time estimates parallelism.
[41.403s][info][gc,stats      ] 
[41.403s][info][gc,stats      ] Concurrent Reset                    382 us
[41.403s][info][gc,stats      ] Pause Init Mark (G)                1608 us
[41.403s][info][gc,stats      ] Pause Init Mark (N)                1367 us
[41.403s][info][gc,stats      ]   Accumulate Stats                   11 us
[41.403s][info][gc,stats      ]   Make Parsable                      10 us
[41.403s][info][gc,stats      ]   Update Region States               20 us
[41.403s][info][gc,stats      ]   Scan Roots                       1284 us, parallelism: 0.79x
[41.403s][info][gc,stats      ]     S: <total>                     1014 us
[41.403s][info][gc,stats      ]     S: Thread Roots                 345 us, workers (us): 345, 
[41.403s][info][gc,stats      ]     S: Universe Roots                 2 us, workers (us):   2, 
[41.403s][info][gc,stats      ]     S: JNI Handles Roots              2 us, workers (us):   2, 
[41.403s][info][gc,stats      ]     S: Synchronizer Roots             0 us, workers (us):   0, 
[41.403s][info][gc,stats      ]     S: Management Roots               1 us, workers (us):   1, 
[41.403s][info][gc,stats      ]     S: System Dict Roots             12 us, workers (us):  12, 
[41.403s][info][gc,stats      ]     S: CLDG Roots                   652 us, workers (us): 652, 
[41.403s][info][gc,stats      ]     S: JVMTI Roots                    1 us, workers (us):   1, 
[41.403s][info][gc,stats      ]   Resize TLABs                        9 us
[41.403s][info][gc,stats      ] Concurrent Marking               111409 us
[41.403s][info][gc,stats      ] Pause Final Mark (G)               4008 us
[41.403s][info][gc,stats      ] Pause Final Mark (N)               2089 us
[41.403s][info][gc,stats      ]   Finish Queues                      14 us
[41.403s][info][gc,stats      ]   System Purge                      276 us
[41.403s][info][gc,stats      ]     Weak Roots                      275 us
[41.403s][info][gc,stats      ]   Update Region States               26 us
[41.403s][info][gc,stats      ]   Retire TLABs                        8 us
[41.403s][info][gc,stats      ]   Choose Collection Set             124 us
[41.403s][info][gc,stats      ]   Rebuild Free Set                    6 us
[41.403s][info][gc,stats      ]   Initial Evacuation               1630 us, parallelism: 0.62x
[41.403s][info][gc,stats      ]     E: <total>                     1014 us
[41.403s][info][gc,stats      ]     E: Thread Roots                 365 us, workers (us): 365, 
[41.403s][info][gc,stats      ]     E: Code Cache Roots             171 us, workers (us): 171, 
[41.403s][info][gc,stats      ]     E: Universe Roots                 1 us, workers (us):   1, 
[41.403s][info][gc,stats      ]     E: JNI Handles Roots              1 us, workers (us):   1, 
[41.403s][info][gc,stats      ]     E: Synchronizer Roots             0 us, workers (us):   0, 
[41.403s][info][gc,stats      ]     E: Management Roots               1 us, workers (us):   1, 
[41.403s][info][gc,stats      ]     E: System Dict Roots             10 us, workers (us):  10, 
[41.403s][info][gc,stats      ]     E: CLDG Roots                   464 us, workers (us): 464, 
[41.403s][info][gc,stats      ]     E: JVMTI Roots                    0 us, workers (us):   0, 
[41.403s][info][gc,stats      ] Concurrent Cleanup                   33 us
[41.403s][info][gc,stats      ] Concurrent Evacuation             31971 us
[41.403s][info][gc,stats      ] Pause Init  Update Refs (G)        2496 us
[41.403s][info][gc,stats      ] Pause Init  Update Refs (N)          15 us
[41.403s][info][gc,stats      ]   Retire GCLABs                       6 us
[41.403s][info][gc,stats      ] Concurrent Update Refs           189008 us
[41.403s][info][gc,stats      ] Pause Final Update Refs (G)         674 us
[41.403s][info][gc,stats      ] Pause Final Update Refs (N)         443 us
[41.403s][info][gc,stats      ]   Update Roots                      395 us, parallelism: 0.98x
[41.403s][info][gc,stats      ]     UR: <total>                     386 us
[41.403s][info][gc,stats      ]     UR: Thread Roots                386 us, workers (us): 386, 
[41.403s][info][gc,stats      ]   Update Region States               29 us
[41.403s][info][gc,stats      ]   Trash Collection Set                4 us
[41.403s][info][gc,stats      ]   Rebuild Free Set                    7 us
[41.403s][info][gc,stats      ] Concurrent Cleanup                   62 us
[41.403s][info][gc,stats      ] Pacing                           158966 us
[41.403s][info][gc,stats      ] 
[41.403s][info][gc,stats      ] Allocation pacing accrued:
[41.403s][info][gc,stats      ]     159 of   343 ms ( 46.3%): Executor task launch worker for task 0.0 in stage 7.0 (TID 7)
[41.403s][info][gc,stats      ]     159 of   343 ms ( 46.3%): <total>
[41.403s][info][gc,stats      ]       2 of   343 ms (  0.5%): <average total>
[41.403s][info][gc,stats      ]     159 of   343 ms ( 46.3%): <average non-zero>
[41.403s][info][gc,stats      ] 
[41.403s][info][gc,metaspace  ] Metaspace: 60235K->60235K(1103872K)
[41.403s][info][gc,ergo       ] Pacer for Idle. Initial: 10240K, Alloc Tax Rate: 1.0x
[41.462s][info][gc            ] Trigger: Average GC time (336.07 ms) is above the time for allocation rate (463 MB/s) to deplete free headroom (154M)
[41.462s][info][gc,ergo       ] Free headroom: 179M (free) - 25600K (spike) - 0B (penalties) = 154M
[41.462s][info][gc,ergo       ] Free: 179M, Max: 256K regular, 111M humongous, Frag: 39% external, 1% internal; Reserve: 25600K, Max: 256K
[41.462s][info][gc,start      ] GC(73) Concurrent reset
[41.462s][info][gc,task       ] GC(73) Using 1 of 1 workers for concurrent reset
[41.462s][info][gc,ergo       ] GC(73) Pacer for Reset. Non-Taxable: 500M
[41.463s][info][gc            ] GC(73) Concurrent reset 0.406ms
[41.465s][info][gc,start      ] GC(73) Pause Init Mark
[41.465s][info][gc,task       ] GC(73) Using 1 of 1 workers for init marking
[41.467s][info][gc,ergo       ] GC(73) Pacer for Mark. Expected Live: 78189K, Free: 179M, Non-Taxable: 18355K, Alloc Tax Rate: 0.5x
[41.467s][info][gc            ] GC(73) Pause Init Mark 1.371ms
[41.467s][info][gc,start      ] GC(73) Concurrent marking
[41.467s][info][gc,task       ] GC(73) Using 1 of 1 workers for concurrent marking
[41.589s][info][gc            ] GC(73) Concurrent marking 122.778ms
[41.590s][info][gc,start      ] GC(73) Pause Final Mark
[41.590s][info][gc,task       ] GC(73) Using 1 of 1 workers for final marking
[41.590s][info][gc,ergo       ] GC(73) Adaptive CSet Selection. Target Free: 72533K, Actual Free: 182M, Max CSet: 21333K, Min Garbage: 0B
[41.590s][info][gc,ergo       ] GC(73) Collectable Garbage: 173M (98%), Immediate: 14592K (8%), CSet: 158M (90%)
[41.592s][info][gc,ergo       ] GC(73) Pacer for Evacuation. Used CSet: 172M, Free: 157M, Non-Taxable: 16128K, Alloc Tax Rate: 2.7x
[41.592s][info][gc            ] GC(73) Pause Final Mark 2.074ms
[41.592s][info][gc,start      ] GC(73) Concurrent cleanup
[41.592s][info][gc            ] GC(73) Concurrent cleanup 330M->316M(500M) 0.044ms
[41.592s][info][gc,ergo       ] GC(73) Free: 157M, Max: 256K regular, 111M humongous, Frag: 30% external, 1% internal; Reserve: 25597K, Max: 256K
[41.592s][info][gc,start      ] GC(73) Concurrent evacuation
[41.592s][info][gc,task       ] GC(73) Using 1 of 1 workers for concurrent evacuation
[41.623s][info][gc            ] GC(73) Concurrent evacuation 31.156ms
[41.625s][info][gc,start      ] GC(73) Pause Init Update Refs
[41.625s][info][gc,ergo       ] GC(73) Pacer for Update Refs. Used: 344M, Free: 142M, Non-Taxable: 14566K, Alloc Tax Rate: 3.0x
[41.625s][info][gc            ] GC(73) Pause Init Update Refs 0.028ms
[41.625s][info][gc,start      ] GC(73) Concurrent update references
[41.625s][info][gc,task       ] GC(73) Using 1 of 1 workers for concurrent reference update
[41.859s][info][gc            ] GC(73) Concurrent update references 234.090ms
[41.862s][info][gc,start      ] GC(73) Pause Final Update Refs
[41.862s][info][gc,task       ] GC(73) Using 1 of 1 workers for final reference update
[41.862s][info][gc            ] GC(73) Pause Final Update Refs 0.391ms
[41.862s][info][gc,start      ] GC(73) Concurrent cleanup
[41.862s][info][gc            ] GC(73) Concurrent cleanup 423M->251M(500M) 0.066ms
[41.862s][info][gc,ergo       ] Free: 222M, Max: 256K regular, 201M humongous, Frag: 10% external, 1% internal; Reserve: 25600K, Max: 256K
[41.862s][info][gc,stats      ] 
[41.862s][info][gc,stats      ] All times are wall-clock times, except per-root-class counters, that are sum over
[41.862s][info][gc,stats      ] all workers. Dividing the <total> over the root stage time estimates parallelism.
[41.862s][info][gc,stats      ] 
[41.862s][info][gc,stats      ] Concurrent Reset                    396 us
[41.862s][info][gc,stats      ] Pause Init Mark (G)                3813 us
[41.862s][info][gc,stats      ] Pause Init Mark (N)                1342 us
[41.862s][info][gc,stats      ]   Accumulate Stats                   13 us
[41.862s][info][gc,stats      ]   Make Parsable                       9 us
[41.862s][info][gc,stats      ]   Update Region States               25 us
[41.862s][info][gc,stats      ]   Scan Roots                       1250 us, parallelism: 0.78x
[41.862s][info][gc,stats      ]     S: <total>                      975 us
[41.862s][info][gc,stats      ]     S: Thread Roots                 361 us, workers (us): 361, 
[41.862s][info][gc,stats      ]     S: Universe Roots                 3 us, workers (us):   3, 
[41.862s][info][gc,stats      ]     S: JNI Handles Roots              2 us, workers (us):   2, 
[41.862s][info][gc,stats      ]     S: Synchronizer Roots             0 us, workers (us):   0, 
[41.862s][info][gc,stats      ]     S: Management Roots               1 us, workers (us):   1, 
[41.862s][info][gc,stats      ]     S: System Dict Roots             12 us, workers (us):  12, 
[41.862s][info][gc,stats      ]     S: CLDG Roots                   597 us, workers (us): 597, 
[41.863s][info][gc,stats      ]     S: JVMTI Roots                    1 us, workers (us):   1, 
[41.863s][info][gc,stats      ]   Resize TLABs                       10 us
[41.863s][info][gc,stats      ] Concurrent Marking               122770 us
[41.863s][info][gc,stats      ] Pause Final Mark (G)               2179 us
[41.863s][info][gc,stats      ] Pause Final Mark (N)               2062 us
[41.863s][info][gc,stats      ]   Finish Queues                      11 us
[41.863s][info][gc,stats      ]   System Purge                      248 us
[41.863s][info][gc,stats      ]     Weak Roots                      248 us
[41.863s][info][gc,stats      ]   Update Region States               25 us
[41.863s][info][gc,stats      ]   Retire TLABs                       11 us
[41.863s][info][gc,stats      ]   Choose Collection Set             120 us
[41.863s][info][gc,stats      ]   Rebuild Free Set                    8 us
[41.863s][info][gc,stats      ]   Initial Evacuation               1632 us, parallelism: 0.62x
[41.863s][info][gc,stats      ]     E: <total>                     1008 us
[41.863s][info][gc,stats      ]     E: Thread Roots                 337 us, workers (us): 337, 
[41.863s][info][gc,stats      ]     E: Code Cache Roots             182 us, workers (us): 182, 
[41.863s][info][gc,stats      ]     E: Universe Roots                 1 us, workers (us):   1, 
[41.863s][info][gc,stats      ]     E: JNI Handles Roots              1 us, workers (us):   1, 
[41.863s][info][gc,stats      ]     E: Synchronizer Roots             0 us, workers (us):   0, 
[41.863s][info][gc,stats      ]     E: Management Roots               1 us, workers (us):   1, 
[41.863s][info][gc,stats      ]     E: System Dict Roots             10 us, workers (us):  10, 
[41.863s][info][gc,stats      ]     E: CLDG Roots                   476 us, workers (us): 476, 
[41.863s][info][gc,stats      ]     E: JVMTI Roots                    0 us, workers (us):   0, 
[41.863s][info][gc,stats      ] Concurrent Cleanup                   36 us
[41.863s][info][gc,stats      ] Concurrent Evacuation             31145 us
[41.863s][info][gc,stats      ] Pause Init  Update Refs (G)        2399 us
[41.863s][info][gc,stats      ] Pause Init  Update Refs (N)          12 us
[41.863s][info][gc,stats      ]   Retire GCLABs                       6 us
[41.863s][info][gc,stats      ] Concurrent Update Refs           234075 us
[41.863s][info][gc,stats      ] Pause Final Update Refs (G)        2733 us
[41.863s][info][gc,stats      ] Pause Final Update Refs (N)         359 us
[41.863s][info][gc,stats      ]   Update Roots                      310 us, parallelism: 0.97x
[41.863s][info][gc,stats      ]     UR: <total>                     302 us
[41.863s][info][gc,stats      ]     UR: Thread Roots                302 us, workers (us): 302, 
[41.863s][info][gc,stats      ]   Update Region States               27 us
[41.863s][info][gc,stats      ]   Trash Collection Set                4 us
[41.863s][info][gc,stats      ]   Rebuild Free Set                    7 us
[41.863s][info][gc,stats      ] Concurrent Cleanup                   59 us
[41.863s][info][gc,stats      ] Pacing                            53881 us
[41.863s][info][gc,stats      ] 
[41.863s][info][gc,stats      ] Allocation pacing accrued:
[41.863s][info][gc,stats      ]      54 of   459 ms ( 11.7%): Executor task launch worker for task 0.0 in stage 7.0 (TID 7)
[41.863s][info][gc,stats      ]      54 of   459 ms ( 11.7%): <total>
[41.863s][info][gc,stats      ]       1 of   459 ms (  0.1%): <average total>
[41.863s][info][gc,stats      ]      54 of   459 ms ( 11.7%): <average non-zero>
[41.863s][info][gc,stats      ] 
[41.863s][info][gc,metaspace  ] Metaspace: 60237K->60237K(1103872K)
[41.863s][info][gc,ergo       ] Pacer for Idle. Initial: 10240K, Alloc Tax Rate: 1.0x
[41.924s][info][gc            ] Trigger: Average GC time (335.25 ms) is above the time for allocation rate (414 MB/s) to deplete free headroom (136M)
[41.924s][info][gc,ergo       ] Free headroom: 161M (free) - 25600K (spike) - 0B (penalties) = 136M
[41.924s][info][gc,ergo       ] Free: 161M, Max: 256K regular, 161M humongous, Frag: 0% external, 1% internal; Reserve: 25600K, Max: 256K
[41.924s][info][gc,start      ] GC(74) Concurrent reset
[41.924s][info][gc,task       ] GC(74) Using 1 of 1 workers for concurrent reset
[41.924s][info][gc,ergo       ] GC(74) Pacer for Reset. Non-Taxable: 500M
[41.924s][info][gc            ] GC(74) Concurrent reset 0.406ms
[41.926s][info][gc,start      ] GC(74) Pause Init Mark
[41.926s][info][gc,task       ] GC(74) Using 1 of 1 workers for init marking
[41.928s][info][gc,ergo       ] GC(74) Pacer for Mark. Expected Live: 93857K, Free: 161M, Non-Taxable: 16537K, Alloc Tax Rate: 0.7x
[41.928s][info][gc            ] GC(74) Pause Init Mark 1.285ms
[41.928s][info][gc,start      ] GC(74) Concurrent marking
[41.928s][info][gc,task       ] GC(74) Using 1 of 1 workers for concurrent marking
[42.032s][info][gc            ] GC(74) Concurrent marking 104.559ms
[42.032s][info][gc,start      ] GC(74) Pause Final Mark
[42.033s][info][gc,task       ] GC(74) Using 1 of 1 workers for final marking
[42.033s][info][gc,ergo       ] GC(74) Collectable Garbage: 190M (98%), Immediate: 190M (98%), CSet: 0B (0%)
[42.033s][info][gc            ] GC(74) Pause Final Mark 0.373ms
[42.033s][info][gc,start      ] GC(74) Concurrent cleanup
[42.033s][info][gc            ] GC(74) Concurrent cleanup 345M->155M(500M) 0.080ms
[42.033s][info][gc,ergo       ] GC(74) Free: 318M, Max: 256K regular, 128M humongous, Frag: 60% external, 0% internal; Reserve: 25600K, Max: 256K
[42.033s][info][gc,ergo       ] Free: 318M, Max: 256K regular, 128M humongous, Frag: 60% external, 0% internal; Reserve: 25600K, Max: 256K
[42.033s][info][gc,stats      ] 
[42.033s][info][gc,stats      ] All times are wall-clock times, except per-root-class counters, that are sum over
[42.033s][info][gc,stats      ] all workers. Dividing the <total> over the root stage time estimates parallelism.
[42.033s][info][gc,stats      ] 
[42.033s][info][gc,stats      ] Concurrent Reset                    396 us
[42.033s][info][gc,stats      ] Pause Init Mark (G)                3719 us
[42.033s][info][gc,stats      ] Pause Init Mark (N)                1258 us
[42.033s][info][gc,stats      ]   Accumulate Stats                   16 us
[42.033s][info][gc,stats      ]   Make Parsable                       9 us
[42.033s][info][gc,stats      ]   Update Region States               26 us
[42.033s][info][gc,stats      ]   Scan Roots                       1169 us, parallelism: 0.76x
[42.033s][info][gc,stats      ]     S: <total>                      888 us
[42.033s][info][gc,stats      ]     S: Thread Roots                 350 us, workers (us): 350, 
[42.033s][info][gc,stats      ]     S: Universe Roots                 3 us, workers (us):   3, 
[42.033s][info][gc,stats      ]     S: JNI Handles Roots              2 us, workers (us):   2, 
[42.033s][info][gc,stats      ]     S: Synchronizer Roots             0 us, workers (us):   0, 
[42.033s][info][gc,stats      ]     S: Management Roots               1 us, workers (us):   1, 
[42.033s][info][gc,stats      ]     S: System Dict Roots             11 us, workers (us):  11, 
[42.033s][info][gc,stats      ]     S: CLDG Roots                   521 us, workers (us): 521, 
[42.033s][info][gc,stats      ]     S: JVMTI Roots                    1 us, workers (us):   1, 
[42.033s][info][gc,stats      ]   Resize TLABs                        7 us
[42.033s][info][gc,stats      ] Concurrent Marking               104550 us
[42.033s][info][gc,stats      ] Pause Final Mark (G)                462 us
[42.033s][info][gc,stats      ] Pause Final Mark (N)                357 us
[42.033s][info][gc,stats      ]   Finish Queues                      14 us
[42.033s][info][gc,stats      ]   System Purge                      277 us
[42.033s][info][gc,stats      ]     Weak Roots                      277 us
[42.033s][info][gc,stats      ]   Update Region States               27 us
[42.033s][info][gc,stats      ]   Retire TLABs                       10 us
[42.033s][info][gc,stats      ]   Choose Collection Set              15 us
[42.033s][info][gc,stats      ]   Rebuild Free Set                    7 us
[42.033s][info][gc,stats      ] Concurrent Cleanup                   73 us
[42.033s][info][gc,stats      ] Pacing                            36864 us
[42.033s][info][gc,stats      ] 
[42.033s][info][gc,stats      ] Allocation pacing accrued:
[42.033s][info][gc,stats      ]      37 of   170 ms ( 21.6%): Executor task launch worker for task 0.0 in stage 7.0 (TID 7)
[42.033s][info][gc,stats      ]      37 of   170 ms ( 21.6%): <total>
[42.033s][info][gc,stats      ]       0 of   170 ms (  0.2%): <average total>
[42.033s][info][gc,stats      ]      37 of   170 ms ( 21.6%): <average non-zero>
[42.033s][info][gc,stats      ] 
[42.033s][info][gc,metaspace  ] Metaspace: 60237K->60237K(1103872K)
[42.033s][info][gc,ergo       ] Pacer for Idle. Initial: 10240K, Alloc Tax Rate: 1.0x
[42.146s][info][gc            ] Trigger: Average GC time (279.90 ms) is above the time for allocation rate (653 MB/s) to deplete free headroom (181M)
[42.146s][info][gc,ergo       ] Free headroom: 206M (free) - 25600K (spike) - 0B (penalties) = 181M
[42.146s][info][gc,ergo       ] Free: 206M, Max: 256K regular, 128M humongous, Frag: 38% external, 1% internal; Reserve: 25600K, Max: 256K
[42.146s][info][gc,start      ] GC(75) Concurrent reset
[42.146s][info][gc,task       ] GC(75) Using 1 of 1 workers for concurrent reset
[42.146s][info][gc,ergo       ] GC(75) Pacer for Reset. Non-Taxable: 500M
[42.147s][info][gc            ] GC(75) Concurrent reset 0.211ms
[42.149s][info][gc,start      ] GC(75) Pause Init Mark (process weakrefs)
[42.149s][info][gc,task       ] GC(75) Using 1 of 1 workers for init marking
[42.150s][info][gc,ergo       ] GC(75) Pacer for Mark. Expected Live: 103M, Free: 206M, Non-Taxable: 21094K, Alloc Tax Rate: 0.6x
[42.150s][info][gc            ] GC(75) Pause Init Mark (process weakrefs) 1.350ms
[42.150s][info][gc,start      ] GC(75) Concurrent marking (process weakrefs)
[42.150s][info][gc,task       ] GC(75) Using 1 of 1 workers for concurrent marking
[42.264s][info][gc            ] GC(75) Concurrent marking (process weakrefs) 113.367ms
[42.264s][info][gc,start      ] GC(75) Concurrent precleaning
[42.264s][info][gc,task       ] GC(75) Using 1 of 1 workers for concurrent preclean
[42.264s][info][gc,ergo       ] GC(75) Pacer for Precleaning. Non-Taxable: 500M
[42.264s][info][gc            ] GC(75) Concurrent precleaning 0.495ms
[42.264s][info][gc,start      ] GC(75) Pause Final Mark (process weakrefs)
[42.264s][info][gc,task       ] GC(75) Using 1 of 1 workers for final marking
[42.265s][info][gc,ergo       ] GC(75) Collectable Garbage: 145M (98%), Immediate: 145M (98%), CSet: 0B (0%)
[42.265s][info][gc            ] GC(75) Pause Final Mark (process weakrefs) 0.414ms
[42.265s][info][gc,start      ] GC(75) Concurrent cleanup
[42.265s][info][gc            ] GC(75) Concurrent cleanup 303M->158M(500M) 0.062ms
[42.265s][info][gc,ergo       ] GC(75) Free: 315M, Max: 256K regular, 204M humongous, Frag: 36% external, 0% internal; Reserve: 25600K, Max: 256K
[42.265s][info][gc,ergo       ] Free: 315M, Max: 256K regular, 204M humongous, Frag: 36% external, 0% internal; Reserve: 25600K, Max: 256K
[42.265s][info][gc,stats      ] 
[42.265s][info][gc,stats      ] All times are wall-clock times, except per-root-class counters, that are sum over
[42.265s][info][gc,stats      ] all workers. Dividing the <total> over the root stage time estimates parallelism.
[42.265s][info][gc,stats      ] 
[42.265s][info][gc,stats      ] Concurrent Reset                    203 us
[42.265s][info][gc,stats      ] Pause Init Mark (G)                3740 us
[42.265s][info][gc,stats      ] Pause Init Mark (N)                1327 us
[42.265s][info][gc,stats      ]   Accumulate Stats                   11 us
[42.265s][info][gc,stats      ]   Make Parsable                       9 us
[42.265s][info][gc,stats      ]   Update Region States               21 us
[42.265s][info][gc,stats      ]   Scan Roots                       1235 us, parallelism: 0.77x
[42.265s][info][gc,stats      ]     S: <total>                      946 us
[42.265s][info][gc,stats      ]     S: Thread Roots                 400 us, workers (us): 400, 
[42.265s][info][gc,stats      ]     S: Universe Roots                 2 us, workers (us):   2, 
[42.265s][info][gc,stats      ]     S: JNI Handles Roots              1 us, workers (us):   1, 
[42.265s][info][gc,stats      ]     S: Synchronizer Roots             0 us, workers (us):   0, 
[42.265s][info][gc,stats      ]     S: Management Roots               1 us, workers (us):   1, 
[42.265s][info][gc,stats      ]     S: System Dict Roots             10 us, workers (us):  10, 
[42.265s][info][gc,stats      ]     S: CLDG Roots                   530 us, workers (us): 530, 
[42.265s][info][gc,stats      ]     S: JVMTI Roots                    0 us, workers (us):   0, 
[42.265s][info][gc,stats      ]   Resize TLABs                       11 us
[42.265s][info][gc,stats      ] Concurrent Marking               113358 us
[42.265s][info][gc,stats      ] Concurrent Precleaning              486 us
[42.265s][info][gc,stats      ] Pause Final Mark (G)                519 us
[42.265s][info][gc,stats      ] Pause Final Mark (N)                406 us
[42.265s][info][gc,stats      ]   Finish Queues                       9 us
[42.265s][info][gc,stats      ]   Weak References                    15 us
[42.265s][info][gc,stats      ]     Process                          13 us
[42.265s][info][gc,stats      ]   System Purge                      289 us
[42.265s][info][gc,stats      ]     Weak Roots                      288 us
[42.265s][info][gc,stats      ]   Update Region States               34 us
[42.265s][info][gc,stats      ]   Retire TLABs                       15 us
[42.265s][info][gc,stats      ]   Choose Collection Set              31 us
[42.265s][info][gc,stats      ]   Rebuild Free Set                    7 us
[42.265s][info][gc,stats      ] Concurrent Cleanup                   55 us
[42.265s][info][gc,stats      ] Pacing                            23445 us
[42.265s][info][gc,stats      ] 
[42.265s][info][gc,stats      ] Allocation pacing accrued:
[42.265s][info][gc,stats      ]      23 of   232 ms ( 10.1%): Executor task launch worker for task 0.0 in stage 7.0 (TID 7)
[42.265s][info][gc,stats      ]      23 of   232 ms ( 10.1%): <total>
[42.265s][info][gc,stats      ]       0 of   232 ms (  0.1%): <average total>
[42.265s][info][gc,stats      ]      23 of   232 ms ( 10.1%): <average non-zero>
[42.265s][info][gc,stats      ] 
[42.265s][info][gc,metaspace  ] Metaspace: 60237K->60237K(1103872K)
[42.265s][info][gc,ergo       ] Pacer for Idle. Initial: 10240K, Alloc Tax Rate: 1.0x
[42.400s][info][gc            ] Trigger: Average GC time (248.67 ms) is above the time for allocation rate (651 MB/s) to deplete free headroom (161M)
[42.400s][info][gc,ergo       ] Free headroom: 186M (free) - 25600K (spike) - 0B (penalties) = 161M
[42.401s][info][gc,ergo       ] Free: 186M, Max: 256K regular, 186M humongous, Frag: 0% external, 1% internal; Reserve: 25600K, Max: 256K
[42.401s][info][gc,start      ] GC(76) Concurrent reset
[42.401s][info][gc,task       ] GC(76) Using 1 of 1 workers for concurrent reset
[42.401s][info][gc,ergo       ] GC(76) Pacer for Reset. Non-Taxable: 500M
[42.401s][info][gc            ] GC(76) Concurrent reset 0.213ms
[42.403s][info][gc,start      ] GC(76) Pause Init Mark
[42.403s][info][gc,task       ] GC(76) Using 1 of 1 workers for init marking
[42.404s][info][gc,ergo       ] GC(76) Pacer for Mark. Expected Live: 111M, Free: 186M, Non-Taxable: 19072K, Alloc Tax Rate: 0.7x
[42.404s][info][gc            ] GC(76) Pause Init Mark 1.328ms
[42.404s][info][gc,start      ] GC(76) Concurrent marking
[42.404s][info][gc,task       ] GC(76) Using 1 of 1 workers for concurrent marking
[42.521s][info][gc            ] GC(76) Concurrent marking 116.610ms
[42.521s][info][gc,start      ] GC(76) Pause Final Mark
[42.521s][info][gc,task       ] GC(76) Using 1 of 1 workers for final marking
[42.522s][info][gc,ergo       ] GC(76) Collectable Garbage: 165M (98%), Immediate: 165M (98%), CSet: 0B (0%)
[42.522s][info][gc            ] GC(76) Pause Final Mark 0.365ms
[42.522s][info][gc,start      ] GC(76) Concurrent cleanup
[42.522s][info][gc            ] GC(76) Concurrent cleanup 325M->160M(500M) 0.075ms
[42.522s][info][gc,ergo       ] GC(76) Free: 313M, Max: 256K regular, 148M humongous, Frag: 53% external, 0% internal; Reserve: 25600K, Max: 256K
[42.522s][info][gc,ergo       ] Free: 313M, Max: 256K regular, 148M humongous, Frag: 53% external, 0% internal; Reserve: 25600K, Max: 256K
[42.522s][info][gc,stats      ] 
[42.522s][info][gc,stats      ] All times are wall-clock times, except per-root-class counters, that are sum over
[42.522s][info][gc,stats      ] all workers. Dividing the <total> over the root stage time estimates parallelism.
[42.522s][info][gc,stats      ] 
[42.522s][info][gc,stats      ] Concurrent Reset                    204 us
[42.522s][info][gc,stats      ] Pause Init Mark (G)                3677 us
[42.522s][info][gc,stats      ] Pause Init Mark (N)                1301 us
[42.522s][info][gc,stats      ]   Accumulate Stats                   12 us
[42.522s][info][gc,stats      ]   Make Parsable                       9 us
[42.522s][info][gc,stats      ]   Update Region States               22 us
[42.522s][info][gc,stats      ]   Scan Roots                       1215 us, parallelism: 0.77x
[42.522s][info][gc,stats      ]     S: <total>                      932 us
[42.522s][info][gc,stats      ]     S: Thread Roots                 371 us, workers (us): 371, 
[42.522s][info][gc,stats      ]     S: Universe Roots                 2 us, workers (us):   2, 
[42.522s][info][gc,stats      ]     S: JNI Handles Roots              2 us, workers (us):   2, 
[42.522s][info][gc,stats      ]     S: Synchronizer Roots             0 us, workers (us):   0, 
[42.522s][info][gc,stats      ]     S: Management Roots               3 us, workers (us):   3, 
[42.522s][info][gc,stats      ]     S: System Dict Roots             15 us, workers (us):  15, 
[42.522s][info][gc,stats      ]     S: CLDG Roots                   539 us, workers (us): 539, 
[42.522s][info][gc,stats      ]     S: JVMTI Roots                    1 us, workers (us):   1, 
[42.522s][info][gc,stats      ]   Resize TLABs                       11 us
[42.522s][info][gc,stats      ] Concurrent Marking               116602 us
[42.522s][info][gc,stats      ] Pause Final Mark (G)                452 us
[42.522s][info][gc,stats      ] Pause Final Mark (N)                355 us
[42.522s][info][gc,stats      ]   Finish Queues                      12 us
[42.522s][info][gc,stats      ]   System Purge                      278 us
[42.522s][info][gc,stats      ]     Weak Roots                      278 us
[42.522s][info][gc,stats      ]   Update Region States               28 us
[42.522s][info][gc,stats      ]   Retire TLABs                       11 us
[42.522s][info][gc,stats      ]   Choose Collection Set              14 us
[42.522s][info][gc,stats      ]   Rebuild Free Set                    7 us
[42.522s][info][gc,stats      ] Concurrent Cleanup                   68 us
[42.522s][info][gc,stats      ] Pacing                            47771 us
[42.522s][info][gc,stats      ] 
[42.522s][info][gc,stats      ] Allocation pacing accrued:
[42.522s][info][gc,stats      ]      48 of   257 ms ( 18.6%): Executor task launch worker for task 0.0 in stage 7.0 (TID 7)
[42.522s][info][gc,stats      ]      48 of   257 ms ( 18.6%): <total>
[42.522s][info][gc,stats      ]       0 of   257 ms (  0.2%): <average total>
[42.522s][info][gc,stats      ]      48 of   257 ms ( 18.6%): <average non-zero>
[42.522s][info][gc,stats      ] 
[42.522s][info][gc,metaspace  ] Metaspace: 60237K->60237K(1103872K)
[42.522s][info][gc,ergo       ] Pacer for Idle. Initial: 10240K, Alloc Tax Rate: 1.0x
[42.755s][info][gc            ] Trigger: Average GC time (218.21 ms) is above the time for allocation rate (573 MB/s) to deplete free headroom (123M)
[42.755s][info][gc,ergo       ] Free headroom: 148M (free) - 25600K (spike) - 0B (penalties) = 123M
[42.755s][info][gc,ergo       ] Free: 148M, Max: 256K regular, 148M humongous, Frag: 0% external, 1% internal; Reserve: 25600K, Max: 256K
[42.755s][info][gc,start      ] GC(77) Concurrent reset
[42.755s][info][gc,task       ] GC(77) Using 1 of 1 workers for concurrent reset
[42.755s][info][gc,ergo       ] GC(77) Pacer for Reset. Non-Taxable: 500M
[42.756s][info][gc            ] GC(77) Concurrent reset 0.201ms
[42.758s][info][gc,start      ] GC(77) Pause Init Mark
[42.758s][info][gc,task       ] GC(77) Using 1 of 1 workers for init marking
[42.759s][info][gc,ergo       ] GC(77) Pacer for Mark. Expected Live: 116M, Free: 148M, Non-Taxable: 15180K, Alloc Tax Rate: 1.0x
[42.759s][info][gc            ] GC(77) Pause Init Mark 1.273ms
[42.759s][info][gc,start      ] GC(77) Concurrent marking
[42.759s][info][gc,task       ] GC(77) Using 1 of 1 workers for concurrent marking
[42.859s][info][gc            ] GC(77) Concurrent marking 99.229ms
[42.859s][info][gc,start      ] GC(77) Pause Final Mark
[42.859s][info][gc,task       ] GC(77) Using 1 of 1 workers for final marking
[42.859s][info][gc,ergo       ] GC(77) Collectable Garbage: 203M (98%), Immediate: 203M (98%), CSet: 0B (0%)
[42.859s][info][gc            ] GC(77) Pause Final Mark 0.420ms
[42.863s][info][gc,start      ] GC(77) Concurrent cleanup
[42.863s][info][gc            ] GC(77) Concurrent cleanup 350M->150M(500M) 0.086ms
[42.863s][info][gc,ergo       ] GC(77) Free: 323M, Max: 256K regular, 123M humongous, Frag: 62% external, 0% internal; Reserve: 25600K, Max: 256K
[42.863s][info][gc,ergo       ] Free: 323M, Max: 256K regular, 123M humongous, Frag: 62% external, 0% internal; Reserve: 25600K, Max: 256K
[42.863s][info][gc,stats      ] 
[42.863s][info][gc,stats      ] All times are wall-clock times, except per-root-class counters, that are sum over
[42.863s][info][gc,stats      ] all workers. Dividing the <total> over the root stage time estimates parallelism.
[42.863s][info][gc,stats      ] 
[42.863s][info][gc,stats      ] Concurrent Reset                    191 us
[42.863s][info][gc,stats      ] Pause Init Mark (G)                3699 us
[42.863s][info][gc,stats      ] Pause Init Mark (N)                1247 us
[42.863s][info][gc,stats      ]   Accumulate Stats                   12 us
[42.863s][info][gc,stats      ]   Make Parsable                      19 us
[42.863s][info][gc,stats      ]   Update Region States               23 us
[42.863s][info][gc,stats      ]   Scan Roots                       1154 us, parallelism: 0.76x
[42.863s][info][gc,stats      ]     S: <total>                      878 us
[42.863s][info][gc,stats      ]     S: Thread Roots                 351 us, workers (us): 351, 
[42.863s][info][gc,stats      ]     S: Universe Roots                 3 us, workers (us):   3, 
[42.863s][info][gc,stats      ]     S: JNI Handles Roots              2 us, workers (us):   2, 
[42.863s][info][gc,stats      ]     S: Synchronizer Roots             0 us, workers (us):   0, 
[42.863s][info][gc,stats      ]     S: Management Roots               1 us, workers (us):   1, 
[42.863s][info][gc,stats      ]     S: System Dict Roots             11 us, workers (us):  11, 
[42.863s][info][gc,stats      ]     S: CLDG Roots                   510 us, workers (us): 510, 
[42.863s][info][gc,stats      ]     S: JVMTI Roots                    1 us, workers (us):   1, 
[42.863s][info][gc,stats      ]   Resize TLABs                        7 us
[42.863s][info][gc,stats      ] Concurrent Marking                99220 us
[42.863s][info][gc,stats      ] Pause Final Mark (G)               4055 us
[42.863s][info][gc,stats      ] Pause Final Mark (N)                409 us
[42.863s][info][gc,stats      ]   Finish Queues                      11 us
[42.863s][info][gc,stats      ]   System Purge                      324 us
[42.863s][info][gc,stats      ]     Weak Roots                      323 us
[42.863s][info][gc,stats      ]   Update Region States               27 us
[42.863s][info][gc,stats      ]   Retire TLABs                       13 us
[42.863s][info][gc,stats      ]   Choose Collection Set              22 us
[42.863s][info][gc,stats      ]   Rebuild Free Set                    7 us
[42.863s][info][gc,stats      ] Concurrent Cleanup                   63 us
[42.863s][info][gc,stats      ] Pacing                            47858 us
[42.863s][info][gc,stats      ] 
[42.863s][info][gc,stats      ] Allocation pacing accrued:
[42.863s][info][gc,stats      ]      48 of   341 ms ( 14.0%): Executor task launch worker for task 0.0 in stage 7.0 (TID 7)
[42.863s][info][gc,stats      ]      48 of   341 ms ( 14.0%): <total>
[42.863s][info][gc,stats      ]       0 of   341 ms (  0.1%): <average total>
[42.863s][info][gc,stats      ]      48 of   341 ms ( 14.0%): <average non-zero>
[42.863s][info][gc,stats      ] 
[42.863s][info][gc,metaspace  ] Metaspace: 60237K->60237K(1103872K)
[42.863s][info][gc,ergo       ] Pacer for Idle. Initial: 10240K, Alloc Tax Rate: 1.0x
[43.042s][info][gc            ] Trigger: Average GC time (171.27 ms) is above the time for allocation rate (712 MB/s) to deplete free headroom (122M)
[43.043s][info][gc,ergo       ] Free headroom: 147M (free) - 25600K (spike) - 0B (penalties) = 122M
[43.043s][info][gc,ergo       ] Free: 147M, Max: 256K regular, 123M humongous, Frag: 16% external, 1% internal; Reserve: 25600K, Max: 256K
[43.043s][info][gc,start      ] GC(78) Concurrent reset
[43.043s][info][gc,task       ] GC(78) Using 1 of 1 workers for concurrent reset
[43.043s][info][gc,ergo       ] GC(78) Pacer for Reset. Non-Taxable: 500M
[43.043s][info][gc            ] GC(78) Concurrent reset 0.199ms
[43.045s][info][gc,start      ] GC(78) Pause Init Mark
[43.045s][info][gc,task       ] GC(78) Using 1 of 1 workers for init marking
[43.046s][info][gc,ergo       ] GC(78) Pacer for Mark. Expected Live: 119M, Free: 147M, Non-Taxable: 15052K, Alloc Tax Rate: 1.0x
[43.046s][info][gc            ] GC(78) Pause Init Mark 1.327ms
[43.046s][info][gc,start      ] GC(78) Concurrent marking
[43.046s][info][gc,task       ] GC(78) Using 1 of 1 workers for concurrent marking
[43.144s][info][gc            ] GC(78) Concurrent marking 97.916ms
[43.144s][info][gc,start      ] GC(78) Pause Final Mark
[43.144s][info][gc,task       ] GC(78) Using 1 of 1 workers for final marking
[43.145s][info][gc,ergo       ] GC(78) Collectable Garbage: 204M (98%), Immediate: 204M (98%), CSet: 0B (0%)
[43.145s][info][gc            ] GC(78) Pause Final Mark 0.362ms
[43.145s][info][gc,start      ] GC(78) Concurrent cleanup
[43.145s][info][gc            ] GC(78) Concurrent cleanup 351M->146M(500M) 0.070ms
[43.145s][info][gc,ergo       ] GC(78) Free: 327M, Max: 256K regular, 122M humongous, Frag: 63% external, 0% internal; Reserve: 25600K, Max: 256K
[43.145s][info][gc,ergo       ] Free: 327M, Max: 256K regular, 122M humongous, Frag: 63% external, 0% internal; Reserve: 25600K, Max: 256K
[43.145s][info][gc,stats      ] 
[43.145s][info][gc,stats      ] All times are wall-clock times, except per-root-class counters, that are sum over
[43.145s][info][gc,stats      ] all workers. Dividing the <total> over the root stage time estimates parallelism.
[43.145s][info][gc,stats      ] 
[43.145s][info][gc,stats      ] Concurrent Reset                    191 us
[43.145s][info][gc,stats      ] Pause Init Mark (G)                3682 us
[43.145s][info][gc,stats      ] Pause Init Mark (N)                1290 us
[43.145s][info][gc,stats      ]   Accumulate Stats                   12 us
[43.145s][info][gc,stats      ]   Make Parsable                       9 us
[43.145s][info][gc,stats      ]   Update Region States               22 us
[43.145s][info][gc,stats      ]   Scan Roots                       1206 us, parallelism: 0.77x
[43.145s][info][gc,stats      ]     S: <total>                      924 us
[43.145s][info][gc,stats      ]     S: Thread Roots                 370 us, workers (us): 370, 
[43.145s][info][gc,stats      ]     S: Universe Roots                 2 us, workers (us):   2, 
[43.145s][info][gc,stats      ]     S: JNI Handles Roots              1 us, workers (us):   1, 
[43.145s][info][gc,stats      ]     S: Synchronizer Roots             0 us, workers (us):   0, 
[43.145s][info][gc,stats      ]     S: Management Roots               1 us, workers (us):   1, 
[43.145s][info][gc,stats      ]     S: System Dict Roots             11 us, workers (us):  11, 
[43.145s][info][gc,stats      ]     S: CLDG Roots                   538 us, workers (us): 538, 
[43.145s][info][gc,stats      ]     S: JVMTI Roots                    0 us, workers (us):   0, 
[43.145s][info][gc,stats      ]   Resize TLABs                       10 us
[43.145s][info][gc,stats      ] Concurrent Marking                97907 us
[43.145s][info][gc,stats      ] Pause Final Mark (G)                447 us
[43.145s][info][gc,stats      ] Pause Final Mark (N)                352 us
[43.145s][info][gc,stats      ]   Finish Queues                      11 us
[43.145s][info][gc,stats      ]   System Purge                      276 us
[43.145s][info][gc,stats      ]     Weak Roots                      276 us
[43.145s][info][gc,stats      ]   Update Region States               26 us
[43.145s][info][gc,stats      ]   Retire TLABs                       11 us
[43.145s][info][gc,stats      ]   Choose Collection Set              15 us
[43.145s][info][gc,stats      ]   Rebuild Free Set                    7 us
[43.145s][info][gc,stats      ] Concurrent Cleanup                   64 us
[43.145s][info][gc,stats      ] Pacing                            36915 us
[43.145s][info][gc,stats      ] 
[43.145s][info][gc,stats      ] Allocation pacing accrued:
[43.145s][info][gc,stats      ]      37 of   282 ms ( 13.1%): Executor task launch worker for task 0.0 in stage 7.0 (TID 7)
[43.145s][info][gc,stats      ]      37 of   282 ms ( 13.1%): <total>
[43.145s][info][gc,stats      ]       0 of   282 ms (  0.1%): <average total>
[43.145s][info][gc,stats      ]      37 of   282 ms ( 13.1%): <average non-zero>
[43.145s][info][gc,stats      ] 
[43.145s][info][gc,metaspace  ] Metaspace: 60237K->60237K(1103872K)
[43.145s][info][gc,ergo       ] Pacer for Idle. Initial: 10240K, Alloc Tax Rate: 1.0x
[43.389s][info][gc            ] Trigger: Average GC time (111.76 ms) is above the time for allocation rate (716 MB/s) to deplete free headroom (80128K)
[43.389s][info][gc,ergo       ] Free headroom: 103M (free) - 25600K (spike) - 0B (penalties) = 80128K
[43.389s][info][gc,ergo       ] Free: 103M, Max: 256K regular, 103M humongous, Frag: 0% external, 2% internal; Reserve: 25600K, Max: 256K
[43.389s][info][gc,start      ] GC(79) Concurrent reset
[43.389s][info][gc,task       ] GC(79) Using 1 of 1 workers for concurrent reset
[43.389s][info][gc,ergo       ] GC(79) Pacer for Reset. Non-Taxable: 500M
[43.390s][info][gc            ] GC(79) Concurrent reset 0.203ms
[43.392s][info][gc,start      ] GC(79) Pause Init Mark
[43.392s][info][gc,task       ] GC(79) Using 1 of 1 workers for init marking
[43.393s][info][gc,ergo       ] GC(79) Pacer for Mark. Expected Live: 119M, Free: 103M, Non-Taxable: 10572K, Alloc Tax Rate: 1.4x
[43.393s][info][gc            ] GC(79) Pause Init Mark 1.315ms
[43.393s][info][gc,start      ] GC(79) Concurrent marking
[43.393s][info][gc,task       ] GC(79) Using 1 of 1 workers for concurrent marking
[43.484s][info][gc            ] GC(79) Concurrent marking 91.060ms
[43.485s][info][gc,start      ] GC(79) Pause Final Mark
[43.485s][info][gc,task       ] GC(79) Using 1 of 1 workers for final marking
[43.485s][info][gc,ergo       ] GC(79) Collectable Garbage: 248M (98%), Immediate: 248M (98%), CSet: 0B (0%)
[43.485s][info][gc            ] GC(79) Pause Final Mark 0.334ms
[43.485s][info][gc,start      ] GC(79) Concurrent cleanup
[43.485s][info][gc            ] GC(79) Concurrent cleanup 388M->139M(500M) 0.077ms
[43.485s][info][gc,ergo       ] GC(79) Free: 334M, Max: 256K regular, 129M humongous, Frag: 62% external, 0% internal; Reserve: 25600K, Max: 256K
[43.485s][info][gc,ergo       ] Free: 334M, Max: 256K regular, 129M humongous, Frag: 62% external, 0% internal; Reserve: 25600K, Max: 256K
[43.485s][info][gc,stats      ] 
[43.485s][info][gc,stats      ] All times are wall-clock times, except per-root-class counters, that are sum over
[43.485s][info][gc,stats      ] all workers. Dividing the <total> over the root stage time estimates parallelism.
[43.485s][info][gc,stats      ] 
[43.485s][info][gc,stats      ] Concurrent Reset                    196 us
[43.485s][info][gc,stats      ] Pause Init Mark (G)                3687 us
[43.485s][info][gc,stats      ] Pause Init Mark (N)                1281 us
[43.485s][info][gc,stats      ]   Accumulate Stats                   12 us
[43.485s][info][gc,stats      ]   Make Parsable                       8 us
[43.485s][info][gc,stats      ]   Update Region States               29 us
[43.485s][info][gc,stats      ]   Scan Roots                       1190 us, parallelism: 0.77x
[43.485s][info][gc,stats      ]     S: <total>                      910 us
[43.485s][info][gc,stats      ]     S: Thread Roots                 356 us, workers (us): 356, 
[43.485s][info][gc,stats      ]     S: Universe Roots                 2 us, workers (us):   2, 
[43.485s][info][gc,stats      ]     S: JNI Handles Roots              2 us, workers (us):   2, 
[43.485s][info][gc,stats      ]     S: Synchronizer Roots             0 us, workers (us):   0, 
[43.485s][info][gc,stats      ]     S: Management Roots               1 us, workers (us):   1, 
[43.485s][info][gc,stats      ]     S: System Dict Roots             11 us, workers (us):  11, 
[43.485s][info][gc,stats      ]     S: CLDG Roots                   538 us, workers (us): 538, 
[43.485s][info][gc,stats      ]     S: JVMTI Roots                    0 us, workers (us):   0, 
[43.485s][info][gc,stats      ]   Resize TLABs                        9 us
[43.485s][info][gc,stats      ] Concurrent Marking                91051 us
[43.485s][info][gc,stats      ] Pause Final Mark (G)                414 us
[43.485s][info][gc,stats      ] Pause Final Mark (N)                326 us
[43.485s][info][gc,stats      ]   Finish Queues                      11 us
[43.485s][info][gc,stats      ]   System Purge                      250 us
[43.485s][info][gc,stats      ]     Weak Roots                      250 us
[43.485s][info][gc,stats      ]   Update Region States               25 us
[43.485s][info][gc,stats      ]   Retire TLABs                       10 us
[43.485s][info][gc,stats      ]   Choose Collection Set              17 us
[43.485s][info][gc,stats      ]   Rebuild Free Set                    7 us
[43.485s][info][gc,stats      ] Concurrent Cleanup                   70 us
[43.485s][info][gc,stats      ] Pacing                            59668 us
[43.485s][info][gc,stats      ] 
[43.485s][info][gc,stats      ] Allocation pacing accrued:
[43.485s][info][gc,stats      ]      60 of   340 ms ( 17.5%): Executor task launch worker for task 0.0 in stage 7.0 (TID 7)
[43.485s][info][gc,stats      ]      60 of   340 ms ( 17.5%): <total>
[43.485s][info][gc,stats      ]       1 of   340 ms (  0.2%): <average total>
[43.485s][info][gc,stats      ]      60 of   340 ms ( 17.5%): <average non-zero>
[43.485s][info][gc,stats      ] 
[43.485s][info][gc,metaspace  ] Metaspace: 60237K->60237K(1103872K)
[43.485s][info][gc,ergo       ] Pacer for Idle. Initial: 10240K, Alloc Tax Rate: 1.0x
[43.778s][info][gc            ] Trigger: Average GC time (108.98 ms) is above the time for allocation rate (659 MB/s) to deplete free headroom (72192K)
[43.778s][info][gc,ergo       ] Free headroom: 97792K (free) - 25600K (spike) - 0B (penalties) = 72192K
[43.778s][info][gc,ergo       ] Free: 97792K, Max: 256K regular, 87808K humongous, Frag: 11% external, 2% internal; Reserve: 25600K, Max: 256K
[43.778s][info][gc,start      ] GC(80) Concurrent reset
[43.778s][info][gc,task       ] GC(80) Using 1 of 1 workers for concurrent reset
[43.778s][info][gc,ergo       ] GC(80) Pacer for Reset. Non-Taxable: 500M
[43.778s][info][gc            ] GC(80) Concurrent reset 0.215ms
[43.781s][info][gc,start      ] GC(80) Pause Init Mark (process weakrefs)
[43.781s][info][gc,task       ] GC(80) Using 1 of 1 workers for init marking
[43.782s][info][gc,ergo       ] GC(80) Pacer for Mark. Expected Live: 119M, Free: 97792K, Non-Taxable: 9779K, Alloc Tax Rate: 1.5x
[43.782s][info][gc            ] GC(80) Pause Init Mark (process weakrefs) 1.384ms
[43.782s][info][gc,start      ] GC(80) Concurrent marking (process weakrefs)
[43.782s][info][gc,task       ] GC(80) Using 1 of 1 workers for concurrent marking
[43.884s][info][gc            ] GC(80) Concurrent marking (process weakrefs) 102.074ms
[43.884s][info][gc,start      ] GC(80) Concurrent precleaning
[43.884s][info][gc,task       ] GC(80) Using 1 of 1 workers for concurrent preclean
[43.884s][info][gc,ergo       ] GC(80) Pacer for Precleaning. Non-Taxable: 500M
[43.885s][info][gc            ] GC(80) Concurrent precleaning 0.564ms
[43.885s][info][gc,start      ] GC(80) Pause Final Mark (process weakrefs)
[43.885s][info][gc,task       ] GC(80) Using 1 of 1 workers for final marking
[43.886s][info][gc,ergo       ] GC(80) Collectable Garbage: 256M (98%), Immediate: 256M (98%), CSet: 0B (0%)
[43.886s][info][gc            ] GC(80) Pause Final Mark (process weakrefs) 0.507ms
[43.886s][info][gc,start      ] GC(80) Concurrent cleanup
[43.886s][info][gc            ] GC(80) Concurrent cleanup 394M->138M(500M) 0.092ms
[43.886s][info][gc,ergo       ] GC(80) Free: 335M, Max: 256K regular, 127M humongous, Frag: 63% external, 0% internal; Reserve: 25600K, Max: 256K
[43.886s][info][gc,ergo       ] Free: 335M, Max: 256K regular, 127M humongous, Frag: 63% external, 0% internal; Reserve: 25600K, Max: 256K
[43.886s][info][gc,stats      ] 
[43.886s][info][gc,stats      ] All times are wall-clock times, except per-root-class counters, that are sum over
[43.886s][info][gc,stats      ] all workers. Dividing the <total> over the root stage time estimates parallelism.
[43.886s][info][gc,stats      ] 
[43.886s][info][gc,stats      ] Concurrent Reset                    204 us
[43.886s][info][gc,stats      ] Pause Init Mark (G)                3867 us
[43.886s][info][gc,stats      ] Pause Init Mark (N)                1341 us
[43.886s][info][gc,stats      ]   Accumulate Stats                   14 us
[43.886s][info][gc,stats      ]   Make Parsable                       9 us
[43.886s][info][gc,stats      ]   Update Region States               33 us
[43.886s][info][gc,stats      ]   Scan Roots                       1229 us, parallelism: 0.78x
[43.886s][info][gc,stats      ]     S: <total>                      959 us
[43.886s][info][gc,stats      ]     S: Thread Roots                 418 us, workers (us): 418, 
[43.886s][info][gc,stats      ]     S: Universe Roots                 2 us, workers (us):   2, 
[43.886s][info][gc,stats      ]     S: JNI Handles Roots              2 us, workers (us):   2, 
[43.886s][info][gc,stats      ]     S: Synchronizer Roots             0 us, workers (us):   0, 
[43.886s][info][gc,stats      ]     S: Management Roots               1 us, workers (us):   1, 
[43.886s][info][gc,stats      ]     S: System Dict Roots             11 us, workers (us):  11, 
[43.886s][info][gc,stats      ]     S: CLDG Roots                   524 us, workers (us): 524, 
[43.886s][info][gc,stats      ]     S: JVMTI Roots                    0 us, workers (us):   0, 
[43.886s][info][gc,stats      ]   Resize TLABs                       10 us
[43.886s][info][gc,stats      ] Concurrent Marking               102064 us
[43.886s][info][gc,stats      ] Concurrent Precleaning              550 us
[43.886s][info][gc,stats      ] Pause Final Mark (G)                696 us
[43.886s][info][gc,stats      ] Pause Final Mark (N)                493 us
[43.886s][info][gc,stats      ]   Finish Queues                      18 us
[43.886s][info][gc,stats      ]   Weak References                    17 us
[43.886s][info][gc,stats      ]     Process                          13 us
[43.886s][info][gc,stats      ]   System Purge                      361 us
[43.886s][info][gc,stats      ]     Weak Roots                      360 us
[43.886s][info][gc,stats      ]   Update Region States               34 us
[43.886s][info][gc,stats      ]   Retire TLABs                       17 us
[43.886s][info][gc,stats      ]   Choose Collection Set              30 us
[43.886s][info][gc,stats      ]   Rebuild Free Set                   10 us
[43.886s][info][gc,stats      ] Concurrent Cleanup                   83 us
[43.886s][info][gc,stats      ] Pacing                            74984 us
[43.886s][info][gc,stats      ] 
[43.886s][info][gc,stats      ] Allocation pacing accrued:
[43.886s][info][gc,stats      ]       7 of   401 ms (  1.8%): Spark Context Cleaner
[43.886s][info][gc,stats      ]      68 of   401 ms ( 16.9%): Executor task launch worker for task 0.0 in stage 7.0 (TID 7)
[43.886s][info][gc,stats      ]      75 of   401 ms ( 18.7%): <total>
[43.886s][info][gc,stats      ]       1 of   401 ms (  0.2%): <average total>
[43.886s][info][gc,stats      ]      37 of   401 ms (  9.4%): <average non-zero>
[43.886s][info][gc,stats      ] 
[43.886s][info][gc,metaspace  ] Metaspace: 60237K->60237K(1103872K)
[43.886s][info][gc,ergo       ] Pacer for Idle. Initial: 10240K, Alloc Tax Rate: 1.0x
[44.261s][info][gc            ] Trigger: Average GC time (106.81 ms) is above the time for allocation rate (554 MB/s) to deplete free headroom (60416K)
[44.261s][info][gc,ergo       ] Free headroom: 86016K (free) - 25600K (spike) - 0B (penalties) = 60416K
[44.261s][info][gc,ergo       ] Free: 86016K, Max: 256K regular, 80896K humongous, Frag: 6% external, 2% internal; Reserve: 25600K, Max: 256K
[44.261s][info][gc,start      ] GC(81) Concurrent reset
[44.261s][info][gc,task       ] GC(81) Using 1 of 1 workers for concurrent reset
[44.261s][info][gc,ergo       ] GC(81) Pacer for Reset. Non-Taxable: 500M
[44.261s][info][gc            ] GC(81) Concurrent reset 0.297ms
[44.263s][info][gc,start      ] GC(81) Pause Init Mark
[44.264s][info][gc,task       ] GC(81) Using 1 of 1 workers for init marking
[44.265s][info][gc,ergo       ] GC(81) Pacer for Mark. Expected Live: 119M, Free: 86016K, Non-Taxable: 8601K, Alloc Tax Rate: 1.7x
[44.265s][info][gc            ] GC(81) Pause Init Mark 1.875ms
[44.265s][info][gc,start      ] GC(81) Concurrent marking
[44.265s][info][gc,task       ] GC(81) Using 1 of 1 workers for concurrent marking
[44.305s][info][gc            ] GC(81) Concurrent marking 40.110ms
[44.306s][info][gc,start      ] GC(81) Pause Final Mark
[44.306s][info][gc,task       ] GC(81) Using 1 of 1 workers for final marking
[44.306s][info][gc,ergo       ] GC(81) Collectable Garbage: 360M (98%), Immediate: 360M (98%), CSet: 0B (0%)
[44.306s][info][gc            ] GC(81) Pause Final Mark 0.430ms
[44.306s][info][gc,start      ] GC(81) Concurrent cleanup
[44.306s][info][gc            ] GC(81) Concurrent cleanup 401M->40M(500M) 0.140ms
[44.306s][info][gc,ergo       ] GC(81) Free: 433M, Max: 256K regular, 125M humongous, Frag: 72% external, 0% internal; Reserve: 25600K, Max: 256K
[44.306s][info][gc,ergo       ] Free: 433M, Max: 256K regular, 125M humongous, Frag: 72% external, 0% internal; Reserve: 25600K, Max: 256K
[44.306s][info][gc,stats      ] 
[44.306s][info][gc,stats      ] All times are wall-clock times, except per-root-class counters, that are sum over
[44.306s][info][gc,stats      ] all workers. Dividing the <total> over the root stage time estimates parallelism.
[44.306s][info][gc,stats      ] 
[44.306s][info][gc,stats      ] Concurrent Reset                    286 us
[44.306s][info][gc,stats      ] Pause Init Mark (G)                4189 us
[44.306s][info][gc,stats      ] Pause Init Mark (N)                1803 us
[44.306s][info][gc,stats      ]   Accumulate Stats                   19 us
[44.306s][info][gc,stats      ]   Make Parsable                      11 us
[44.306s][info][gc,stats      ]   Update Region States               48 us
[44.306s][info][gc,stats      ]   Scan Roots                       1630 us, parallelism: 0.80x
[44.306s][info][gc,stats      ]     S: <total>                     1305 us
[44.306s][info][gc,stats      ]     S: Thread Roots                 496 us, workers (us): 496, 
[44.306s][info][gc,stats      ]     S: Universe Roots                 3 us, workers (us):   3, 
[44.306s][info][gc,stats      ]     S: JNI Handles Roots              2 us, workers (us):   2, 
[44.306s][info][gc,stats      ]     S: Synchronizer Roots             1 us, workers (us):   1, 
[44.306s][info][gc,stats      ]     S: Management Roots               2 us, workers (us):   2, 
[44.306s][info][gc,stats      ]     S: System Dict Roots             15 us, workers (us):  15, 
[44.306s][info][gc,stats      ]     S: CLDG Roots                   785 us, workers (us): 785, 
[44.306s][info][gc,stats      ]     S: JVMTI Roots                    1 us, workers (us):   1, 
[44.306s][info][gc,stats      ]   Resize TLABs                       15 us
[44.306s][info][gc,stats      ] Concurrent Marking                40096 us
[44.306s][info][gc,stats      ] Pause Final Mark (G)                559 us
[44.306s][info][gc,stats      ] Pause Final Mark (N)                417 us
[44.306s][info][gc,stats      ]   Finish Queues                      15 us
[44.306s][info][gc,stats      ]   System Purge                      313 us
[44.306s][info][gc,stats      ]     Weak Roots                      312 us
[44.306s][info][gc,stats      ]   Update Region States               35 us
[44.306s][info][gc,stats      ]   Retire TLABs                       12 us
[44.306s][info][gc,stats      ]   Choose Collection Set              26 us
[44.306s][info][gc,stats      ]   Rebuild Free Set                   10 us
[44.306s][info][gc,stats      ] Concurrent Cleanup                  131 us
[44.306s][info][gc,stats      ] Pacing                             2391 us
[44.306s][info][gc,stats      ] 
[44.306s][info][gc,stats      ] Allocation pacing accrued:
[44.306s][info][gc,stats      ]       2 of   420 ms (  0.6%): Executor task launch worker for task 0.0 in stage 7.0 (TID 7)
[44.306s][info][gc,stats      ]       2 of   420 ms (  0.6%): <total>
[44.306s][info][gc,stats      ]       0 of   420 ms (  0.0%): <average total>
[44.306s][info][gc,stats      ]       2 of   420 ms (  0.6%): <average non-zero>
[44.306s][info][gc,stats      ] 
[44.307s][info][gc,metaspace  ] Metaspace: 60239K->60239K(1103872K)
[44.307s][info][gc,ergo       ] Pacer for Idle. Initial: 10240K, Alloc Tax Rate: 1.0x
[44.614s][info][gc            ] Trigger: Average GC time (91.67 ms) is above the time for allocation rate (947 MB/s) to deplete free headroom (86784K)
[44.614s][info][gc,ergo       ] Free headroom: 109M (free) - 25600K (spike) - 0B (penalties) = 86784K
[44.614s][info][gc,ergo       ] Free: 109M, Max: 256K regular, 70400K humongous, Frag: 38% external, 1% internal; Reserve: 25600K, Max: 256K
[44.614s][info][gc,start      ] GC(82) Concurrent reset
[44.614s][info][gc,task       ] GC(82) Using 1 of 1 workers for concurrent reset
[44.615s][info][gc,ergo       ] GC(82) Pacer for Reset. Non-Taxable: 500M
[44.615s][info][gc            ] GC(82) Concurrent reset 0.116ms
[44.617s][info][gc,start      ] GC(82) Pause Init Mark
[44.617s][info][gc,task       ] GC(82) Using 1 of 1 workers for init marking
[44.618s][info][gc,ergo       ] GC(82) Pacer for Mark. Expected Live: 100M, Free: 109M, Non-Taxable: 11238K, Alloc Tax Rate: 1.1x
[44.618s][info][gc            ] GC(82) Pause Init Mark 1.245ms
[44.618s][info][gc,start      ] GC(82) Concurrent marking
[44.618s][info][gc,task       ] GC(82) Using 1 of 1 workers for concurrent marking
[44.646s][info][gc            ] GC(82) Concurrent marking 28.269ms
[44.647s][info][gc,start      ] GC(82) Pause Final Mark
[44.647s][info][gc,task       ] GC(82) Using 1 of 1 workers for final marking
[44.647s][info][gc,ergo       ] GC(82) Collectable Garbage: 333M (98%), Immediate: 333M (98%), CSet: 0B (0%)
[44.647s][info][gc            ] GC(82) Pause Final Mark 0.372ms
[44.647s][info][gc,start      ] GC(82) Concurrent cleanup
[44.647s][info][gc            ] GC(82) Concurrent cleanup 379M->45M(500M) 0.090ms
[44.647s][info][gc,ergo       ] GC(82) Free: 428M, Max: 256K regular, 103M humongous, Frag: 76% external, 0% internal; Reserve: 25600K, Max: 256K
[44.647s][info][gc,ergo       ] Free: 428M, Max: 256K regular, 103M humongous, Frag: 76% external, 0% internal; Reserve: 25600K, Max: 256K
[44.647s][info][gc,stats      ] 
[44.647s][info][gc,stats      ] All times are wall-clock times, except per-root-class counters, that are sum over
[44.647s][info][gc,stats      ] all workers. Dividing the <total> over the root stage time estimates parallelism.
[44.647s][info][gc,stats      ] 
[44.647s][info][gc,stats      ] Concurrent Reset                    109 us
[44.647s][info][gc,stats      ] Pause Init Mark (G)                3578 us
[44.647s][info][gc,stats      ] Pause Init Mark (N)                1227 us
[44.647s][info][gc,stats      ]   Accumulate Stats                   11 us
[44.647s][info][gc,stats      ]   Make Parsable                       8 us
[44.647s][info][gc,stats      ]   Update Region States               21 us
[44.647s][info][gc,stats      ]   Scan Roots                       1156 us, parallelism: 0.77x
[44.647s][info][gc,stats      ]     S: <total>                      894 us
[44.647s][info][gc,stats      ]     S: Thread Roots                 333 us, workers (us): 333, 
[44.647s][info][gc,stats      ]     S: Universe Roots                 2 us, workers (us):   2, 
[44.647s][info][gc,stats      ]     S: JNI Handles Roots              1 us, workers (us):   1, 
[44.647s][info][gc,stats      ]     S: Synchronizer Roots             0 us, workers (us):   0, 
[44.647s][info][gc,stats      ]     S: Management Roots               1 us, workers (us):   1, 
[44.647s][info][gc,stats      ]     S: System Dict Roots             18 us, workers (us):  18, 
[44.647s][info][gc,stats      ]     S: CLDG Roots                   537 us, workers (us): 537, 
[44.647s][info][gc,stats      ]     S: JVMTI Roots                    1 us, workers (us):   1, 
[44.647s][info][gc,stats      ]   Resize TLABs                        7 us
[44.647s][info][gc,stats      ] Concurrent Marking                28261 us
[44.647s][info][gc,stats      ] Pause Final Mark (G)                489 us
[44.647s][info][gc,stats      ] Pause Final Mark (N)                360 us
[44.647s][info][gc,stats      ]   Finish Queues                      15 us
[44.647s][info][gc,stats      ]   System Purge                      280 us
[44.647s][info][gc,stats      ]     Weak Roots                      280 us
[44.647s][info][gc,stats      ]   Update Region States               26 us
[44.647s][info][gc,stats      ]   Retire TLABs                        9 us
[44.647s][info][gc,stats      ]   Choose Collection Set              17 us
[44.647s][info][gc,stats      ]   Rebuild Free Set                    7 us
[44.647s][info][gc,stats      ] Concurrent Cleanup                   83 us
[44.647s][info][gc,stats      ] Pacing                             9341 us
[44.647s][info][gc,stats      ] 
[44.647s][info][gc,stats      ] Allocation pacing accrued:
[44.647s][info][gc,stats      ]       9 of   341 ms (  2.7%): Executor task launch worker for task 0.0 in stage 7.0 (TID 7)
[44.647s][info][gc,stats      ]       9 of   341 ms (  2.7%): <total>
[44.647s][info][gc,stats      ]       0 of   341 ms (  0.0%): <average total>
[44.647s][info][gc,stats      ]       9 of   341 ms (  2.7%): <average non-zero>
[44.647s][info][gc,stats      ] 
[44.647s][info][gc,metaspace  ] Metaspace: 60239K->60239K(1103872K)
[44.647s][info][gc,ergo       ] Pacer for Idle. Initial: 10240K, Alloc Tax Rate: 1.0x
[44.903s][info][gc            ] Trigger: Average GC time (76.72 ms) is above the time for allocation rate (1147 MB/s) to deplete free headroom (89856K)
[44.903s][info][gc,ergo       ] Free headroom: 112M (free) - 25600K (spike) - 0B (penalties) = 89856K
[44.903s][info][gc,ergo       ] Free: 112M, Max: 256K regular, 54784K humongous, Frag: 53% external, 1% internal; Reserve: 25600K, Max: 256K
[44.903s][info][gc,start      ] GC(83) Concurrent reset
[44.903s][info][gc,task       ] GC(83) Using 1 of 1 workers for concurrent reset
[44.903s][info][gc,ergo       ] GC(83) Pacer for Reset. Non-Taxable: 500M
[44.903s][info][gc            ] GC(83) Concurrent reset 0.113ms
[44.905s][info][gc,start      ] GC(83) Pause Init Mark
[44.905s][info][gc,task       ] GC(83) Using 1 of 1 workers for init marking
[44.907s][info][gc,ergo       ] GC(83) Pacer for Mark. Expected Live: 83370K, Free: 112M, Non-Taxable: 11545K, Alloc Tax Rate: 0.9x
[44.907s][info][gc            ] GC(83) Pause Init Mark 1.344ms
[44.907s][info][gc,start      ] GC(83) Concurrent marking
[44.907s][info][gc,task       ] GC(83) Using 1 of 1 workers for concurrent marking
[44.936s][info][gc            ] GC(83) Concurrent marking 29.363ms
[44.936s][info][gc,start      ] GC(83) Pause Final Mark
[44.936s][info][gc,task       ] GC(83) Using 1 of 1 workers for final marking
[44.937s][info][gc,ergo       ] GC(83) Collectable Garbage: 330M (98%), Immediate: 330M (98%), CSet: 0B (0%)
[44.937s][info][gc            ] GC(83) Pause Final Mark 0.338ms
[44.937s][info][gc,start      ] GC(83) Concurrent cleanup
[44.937s][info][gc            ] GC(83) Concurrent cleanup 378M->47M(500M) 0.089ms
[44.937s][info][gc,ergo       ] GC(83) Free: 426M, Max: 256K regular, 87552K humongous, Frag: 80% external, 0% internal; Reserve: 25600K, Max: 256K
[44.937s][info][gc,ergo       ] Free: 426M, Max: 256K regular, 87552K humongous, Frag: 80% external, 0% internal; Reserve: 25600K, Max: 256K
[44.937s][info][gc,stats      ] 
[44.937s][info][gc,stats      ] All times are wall-clock times, except per-root-class counters, that are sum over
[44.937s][info][gc,stats      ] all workers. Dividing the <total> over the root stage time estimates parallelism.
[44.937s][info][gc,stats      ] 
[44.937s][info][gc,stats      ] Concurrent Reset                    105 us
[44.937s][info][gc,stats      ] Pause Init Mark (G)                3687 us
[44.937s][info][gc,stats      ] Pause Init Mark (N)                1321 us
[44.937s][info][gc,stats      ]   Accumulate Stats                   13 us
[44.937s][info][gc,stats      ]   Make Parsable                       9 us
[44.937s][info][gc,stats      ]   Update Region States               21 us
[44.937s][info][gc,stats      ]   Scan Roots                       1182 us, parallelism: 0.77x
[44.937s][info][gc,stats      ]     S: <total>                      907 us
[44.937s][info][gc,stats      ]     S: Thread Roots                 345 us, workers (us): 345, 
[44.937s][info][gc,stats      ]     S: Universe Roots                 2 us, workers (us):   2, 
[44.937s][info][gc,stats      ]     S: JNI Handles Roots              1 us, workers (us):   1, 
[44.937s][info][gc,stats      ]     S: Synchronizer Roots             0 us, workers (us):   0, 
[44.937s][info][gc,stats      ]     S: Management Roots               1 us, workers (us):   1, 
[44.937s][info][gc,stats      ]     S: System Dict Roots             11 us, workers (us):  11, 
[44.937s][info][gc,stats      ]     S: CLDG Roots                   546 us, workers (us): 546, 
[44.937s][info][gc,stats      ]     S: JVMTI Roots                    1 us, workers (us):   1, 
[44.937s][info][gc,stats      ]   Resize TLABs                       64 us
[44.937s][info][gc,stats      ] Concurrent Marking                29354 us
[44.937s][info][gc,stats      ] Pause Final Mark (G)                418 us
[44.937s][info][gc,stats      ] Pause Final Mark (N)                329 us
[44.937s][info][gc,stats      ]   Finish Queues                      11 us
[44.937s][info][gc,stats      ]   System Purge                      252 us
[44.937s][info][gc,stats      ]     Weak Roots                      252 us
[44.937s][info][gc,stats      ]   Update Region States               26 us
[44.937s][info][gc,stats      ]   Retire TLABs                       10 us
[44.937s][info][gc,stats      ]   Choose Collection Set              17 us
[44.937s][info][gc,stats      ]   Rebuild Free Set                    7 us
[44.937s][info][gc,stats      ] Concurrent Cleanup                   83 us
[44.937s][info][gc,stats      ] Pacing                             9004 us
[44.937s][info][gc,stats      ] 
[44.937s][info][gc,stats      ] Allocation pacing accrued:
[44.937s][info][gc,stats      ]       9 of   290 ms (  3.1%): Executor task launch worker for task 0.0 in stage 7.0 (TID 7)
[44.937s][info][gc,stats      ]       9 of   290 ms (  3.1%): <total>
[44.937s][info][gc,stats      ]       0 of   290 ms (  0.0%): <average total>
[44.937s][info][gc,stats      ]       9 of   290 ms (  3.1%): <average non-zero>
[44.937s][info][gc,stats      ] 
[44.937s][info][gc,metaspace  ] Metaspace: 60239K->60239K(1103872K)
[44.937s][info][gc,ergo       ] Pacer for Idle. Initial: 10240K, Alloc Tax Rate: 1.0x
[45.186s][info][gc            ] Trigger: Average GC time (62.99 ms) is above the time for allocation rate (1216 MB/s) to deplete free headroom (76032K)
[45.186s][info][gc,ergo       ] Free headroom: 101632K (free) - 25600K (spike) - 0B (penalties) = 76032K
[45.186s][info][gc,ergo       ] Free: 101632K, Max: 256K regular, 59648K humongous, Frag: 42% external, 1% internal; Reserve: 25600K, Max: 256K
[45.186s][info][gc,start      ] GC(84) Concurrent reset
[45.186s][info][gc,task       ] GC(84) Using 1 of 1 workers for concurrent reset
[45.186s][info][gc,ergo       ] GC(84) Pacer for Reset. Non-Taxable: 500M
[45.186s][info][gc            ] GC(84) Concurrent reset 0.111ms
[45.189s][info][gc,start      ] GC(84) Pause Init Mark
[45.189s][info][gc,task       ] GC(84) Using 1 of 1 workers for init marking
[45.190s][info][gc,ergo       ] GC(84) Pacer for Mark. Expected Live: 63842K, Free: 101632K, Non-Taxable: 10163K, Alloc Tax Rate: 0.8x
[45.190s][info][gc            ] GC(84) Pause Init Mark 1.376ms
[45.190s][info][gc,start      ] GC(84) Concurrent marking
[45.190s][info][gc,task       ] GC(84) Using 1 of 1 workers for concurrent marking
[45.242s][info][gc            ] GC(84) Concurrent marking 52.211ms
[45.243s][info][gc,start      ] GC(84) Pause Final Mark
[45.243s][info][gc,task       ] GC(84) Using 1 of 1 workers for final marking
[45.243s][info][gc,ergo       ] GC(84) Collectable Garbage: 344M (98%), Immediate: 344M (98%), CSet: 0B (0%)
[45.243s][info][gc            ] GC(84) Pause Final Mark 0.389ms
[45.243s][info][gc,start      ] GC(84) Concurrent cleanup
[45.243s][info][gc            ] GC(84) Concurrent cleanup 391M->47M(500M) 0.101ms
[45.243s][info][gc,ergo       ] GC(84) Free: 427M, Max: 256K regular, 113M humongous, Frag: 74% external, 0% internal; Reserve: 25600K, Max: 256K
[45.243s][info][gc,ergo       ] Free: 427M, Max: 256K regular, 113M humongous, Frag: 74% external, 0% internal; Reserve: 25600K, Max: 256K
[45.243s][info][gc,stats      ] 
[45.243s][info][gc,stats      ] All times are wall-clock times, except per-root-class counters, that are sum over
[45.243s][info][gc,stats      ] all workers. Dividing the <total> over the root stage time estimates parallelism.
[45.243s][info][gc,stats      ] 
[45.243s][info][gc,stats      ] Concurrent Reset                    102 us
[45.243s][info][gc,stats      ] Pause Init Mark (G)                3783 us
[45.243s][info][gc,stats      ] Pause Init Mark (N)                1352 us
[45.243s][info][gc,stats      ]   Accumulate Stats                   11 us
[45.243s][info][gc,stats      ]   Make Parsable                       8 us
[45.243s][info][gc,stats      ]   Update Region States               24 us
[45.243s][info][gc,stats      ]   Scan Roots                       1263 us, parallelism: 0.76x
[45.243s][info][gc,stats      ]     S: <total>                      958 us
[45.243s][info][gc,stats      ]     S: Thread Roots                 404 us, workers (us): 404, 
[45.243s][info][gc,stats      ]     S: Universe Roots                 2 us, workers (us):   2, 
[45.243s][info][gc,stats      ]     S: JNI Handles Roots              1 us, workers (us):   1, 
[45.243s][info][gc,stats      ]     S: Synchronizer Roots             0 us, workers (us):   0, 
[45.243s][info][gc,stats      ]     S: Management Roots               1 us, workers (us):   1, 
[45.243s][info][gc,stats      ]     S: System Dict Roots             11 us, workers (us):  11, 
[45.243s][info][gc,stats      ]     S: CLDG Roots                   538 us, workers (us): 538, 
[45.243s][info][gc,stats      ]     S: JVMTI Roots                    0 us, workers (us):   0, 
[45.243s][info][gc,stats      ]   Resize TLABs                        9 us
[45.243s][info][gc,stats      ] Concurrent Marking                52202 us
[45.243s][info][gc,stats      ] Pause Final Mark (G)                480 us
[45.243s][info][gc,stats      ] Pause Final Mark (N)                379 us
[45.243s][info][gc,stats      ]   Finish Queues                      12 us
[45.243s][info][gc,stats      ]   System Purge                      277 us
[45.243s][info][gc,stats      ]     Weak Roots                      277 us
[45.243s][info][gc,stats      ]   Update Region States               28 us
[45.243s][info][gc,stats      ]   Retire TLABs                       14 us
[45.243s][info][gc,stats      ]   Choose Collection Set              33 us
[45.243s][info][gc,stats      ]   Rebuild Free Set                    8 us
[45.243s][info][gc,stats      ] Concurrent Cleanup                   93 us
[45.243s][info][gc,stats      ] Pacing                             6178 us
[45.243s][info][gc,stats      ] 
[45.243s][info][gc,stats      ] Allocation pacing accrued:
[45.243s][info][gc,stats      ]       6 of   306 ms (  2.0%): Executor task launch worker for task 0.0 in stage 7.0 (TID 7)
[45.243s][info][gc,stats      ]       6 of   306 ms (  2.0%): <total>
[45.243s][info][gc,stats      ]       0 of   306 ms (  0.0%): <average total>
[45.243s][info][gc,stats      ]       6 of   306 ms (  2.0%): <average non-zero>
[45.243s][info][gc,stats      ] 
[45.243s][info][gc,metaspace  ] Metaspace: 60239K->60239K(1103872K)
[45.243s][info][gc,ergo       ] Pacer for Idle. Initial: 10240K, Alloc Tax Rate: 1.0x
[45.500s][info][gc            ] Trigger: Explicit GC request (System.gc())
[45.500s][info][gc,ergo       ] Free: 302M, Max: 256K regular, 113M humongous, Frag: 63% external, 0% internal; Reserve: 25600K, Max: 256K
[45.500s][info][gc,start      ] GC(85) Concurrent reset
[45.500s][info][gc,task       ] GC(85) Using 1 of 1 workers for concurrent reset
[45.500s][info][gc,ergo       ] GC(85) Pacer for Reset. Non-Taxable: 500M
[45.500s][info][gc            ] GC(85) Concurrent reset 0.138ms
[45.500s][info][gc,start      ] GC(85) Pause Init Mark (process weakrefs) (unload classes)
[45.500s][info][gc,task       ] GC(85) Using 1 of 1 workers for init marking
[45.502s][info][gc,ergo       ] GC(85) Pacer for Mark. Expected Live: 44314K, Free: 302M, Non-Taxable: 30967K, Alloc Tax Rate: 0.2x
[45.502s][info][gc            ] GC(85) Pause Init Mark (process weakrefs) (unload classes) 1.419ms
[45.502s][info][gc,start      ] GC(85) Concurrent marking (process weakrefs) (unload classes)
[45.502s][info][gc,task       ] GC(85) Using 1 of 1 workers for concurrent marking
[45.577s][info][gc            ] GC(85) Concurrent marking (process weakrefs) (unload classes) 75.274ms
[45.577s][info][gc,start      ] GC(85) Concurrent precleaning
[45.577s][info][gc,task       ] GC(85) Using 1 of 1 workers for concurrent preclean
[45.577s][info][gc,ergo       ] GC(85) Pacer for Precleaning. Non-Taxable: 500M
[45.578s][info][gc            ] GC(85) Concurrent precleaning 0.486ms
[45.578s][info][gc,start      ] GC(85) Pause Final Mark (process weakrefs) (unload classes)
[45.578s][info][gc,task       ] GC(85) Using 1 of 1 workers for final marking
[45.613s][info][gc,stringtable] GC(85) Cleaned string and symbol table, strings: 18450 processed, 0 removed, symbols: 131927 processed, 200 removed
[45.613s][info][gc,ergo       ] GC(85) Collectable Garbage: 139M (94%), Immediate: 139M (94%), CSet: 0B (0%)
[45.613s][info][gc            ] GC(85) Pause Final Mark (process weakrefs) (unload classes) 35.223ms
[45.614s][info][gc,start      ] GC(85) Concurrent cleanup
[45.614s][info][gc            ] GC(85) Concurrent cleanup 171M->31M(500M) 0.075ms
[45.614s][info][gc,ergo       ] GC(85) Free: 442M, Max: 256K regular, 174M humongous, Frag: 61% external, 0% internal; Reserve: 25600K, Max: 256K
[45.614s][info][gc,ergo       ] Free: 442M, Max: 256K regular, 174M humongous, Frag: 61% external, 0% internal; Reserve: 25600K, Max: 256K
[45.614s][info][gc,stats      ] 
[45.614s][info][gc,stats      ] All times are wall-clock times, except per-root-class counters, that are sum over
[45.614s][info][gc,stats      ] all workers. Dividing the <total> over the root stage time estimates parallelism.
[45.614s][info][gc,stats      ] 
[45.614s][info][gc,stats      ] Concurrent Reset                    116 us
[45.614s][info][gc,stats      ] Pause Init Mark (G)                1777 us
[45.614s][info][gc,stats      ] Pause Init Mark (N)                1379 us
[45.614s][info][gc,stats      ]   Accumulate Stats                   17 us
[45.614s][info][gc,stats      ]   Make Parsable                      13 us
[45.614s][info][gc,stats      ]   Update Region States               40 us
[45.614s][info][gc,stats      ]   Scan Roots                       1163 us, parallelism: 0.61x
[45.614s][info][gc,stats      ]     S: <total>                      709 us
[45.614s][info][gc,stats      ]     S: Thread Roots                 460 us, workers (us): 460, 
[45.614s][info][gc,stats      ]     S: Universe Roots                 3 us, workers (us):   3, 
[45.614s][info][gc,stats      ]     S: JNI Handles Roots              2 us, workers (us):   2, 
[45.614s][info][gc,stats      ]     S: Synchronizer Roots             1 us, workers (us):   1, 
[45.614s][info][gc,stats      ]     S: Management Roots               2 us, workers (us):   2, 
[45.614s][info][gc,stats      ]     S: System Dict Roots             13 us, workers (us):  13, 
[45.614s][info][gc,stats      ]     S: CLDG Roots                   227 us, workers (us): 227, 
[45.614s][info][gc,stats      ]     S: JVMTI Roots                    1 us, workers (us):   1, 
[45.614s][info][gc,stats      ]   Resize TLABs                       17 us
[45.614s][info][gc,stats      ] Concurrent Marking                75260 us
[45.614s][info][gc,stats      ] Concurrent Precleaning              463 us
[45.614s][info][gc,stats      ] Pause Final Mark (G)              35619 us
[45.614s][info][gc,stats      ] Pause Final Mark (N)              35166 us
[45.614s][info][gc,stats      ]   Finish Queues                     134 us
[45.614s][info][gc,stats      ]   Weak References                   120 us
[45.614s][info][gc,stats      ]     Process                         118 us
[45.614s][info][gc,stats      ]   System Purge                      397 us
[45.614s][info][gc,stats      ]     Unload Classes                 1693 us
[45.614s][info][gc,stats      ]     Cleanup                       32292 us, parallelism: 1.00x
[45.614s][info][gc,stats      ]       CU: <total>                 32147 us
[45.614s][info][gc,stats      ]       CU: Code Cache Roots        11983 us, workers (us): 11983, 
[45.614s][info][gc,stats      ]       CU: Code Cache Cleaning      1485 us, workers (us): 1485, 
[45.614s][info][gc,stats      ]       CU: String Table Roots      11462 us, workers (us): 11462, 
[45.614s][info][gc,stats      ]       CU: Resolved Table Roots      138 us, workers (us): 138, 
[45.614s][info][gc,stats      ]       CU: CLDG Roots               7079 us, workers (us): 7079, 
[45.614s][info][gc,stats      ]     Weak Roots                      397 us
[45.614s][info][gc,stats      ]     CLDG                            359 us
[45.614s][info][gc,stats      ]   Update Region States               55 us
[45.614s][info][gc,stats      ]   Retire TLABs                       28 us
[45.614s][info][gc,stats      ]   Choose Collection Set              63 us
[45.614s][info][gc,stats      ]   Rebuild Free Set                    9 us
[45.614s][info][gc,stats      ] Concurrent Cleanup                   64 us
[45.614s][info][gc,stats      ] Pacing                             7197 us
[45.614s][info][gc,stats      ] 
[45.614s][info][gc,stats      ] Allocation pacing accrued:
[45.614s][info][gc,stats      ]       7 of   371 ms (  1.9%): Executor task launch worker for task 0.0 in stage 8.0 (TID 8)
[45.614s][info][gc,stats      ]       7 of   371 ms (  1.9%): <total>
[45.614s][info][gc,stats      ]       0 of   371 ms (  0.0%): <average total>
[45.614s][info][gc,stats      ]       7 of   371 ms (  1.9%): <average non-zero>
[45.614s][info][gc,stats      ] 
[45.614s][info][gc,metaspace  ] Metaspace: 60303K->59925K(1103872K)
[45.614s][info][gc,ergo       ] Pacer for Idle. Initial: 10240K, Alloc Tax Rate: 1.0x
[45.614s][info][gc,start      ] Concurrent uncommit
[45.659s][info][gc            ] Concurrent uncommit 31M->31M(33M) 45.172ms
[46.364s][info][gc            ] Trigger: Learning 2 of 5. Free (349M) is below initial threshold (350M)
[46.364s][info][gc,ergo       ] Free: 349M, Max: 256K regular, 174M humongous, Frag: 51% external, 0% internal; Reserve: 25600K, Max: 256K
[46.364s][info][gc,start      ] GC(86) Concurrent reset
[46.364s][info][gc,task       ] GC(86) Using 1 of 1 workers for concurrent reset
[46.364s][info][gc,ergo       ] GC(86) Pacer for Reset. Non-Taxable: 500M
[46.364s][info][gc            ] GC(86) Concurrent reset 0.137ms
[46.369s][info][gc,start      ] GC(86) Pause Init Mark
[46.369s][info][gc,task       ] GC(86) Using 1 of 1 workers for init marking
[46.371s][info][gc,ergo       ] GC(86) Pacer for Mark. Expected Live: 24537K, Free: 349M, Non-Taxable: 35780K, Alloc Tax Rate: 0.1x
[46.371s][info][gc            ] GC(86) Pause Init Mark 1.979ms
[46.371s][info][gc,start      ] GC(86) Concurrent marking
[46.371s][info][gc,task       ] GC(86) Using 1 of 1 workers for concurrent marking
[46.474s][info][gc            ] GC(86) Concurrent marking 102.842ms
[46.474s][info][gc,start      ] GC(86) Pause Final Mark
[46.474s][info][gc,task       ] GC(86) Using 1 of 1 workers for final marking
[46.475s][info][gc,ergo       ] GC(86) Adaptive CSet Selection. Target Free: 72533K, Actual Free: 353M, Max CSet: 21333K, Min Garbage: 0B
[46.475s][info][gc,ergo       ] GC(86) Collectable Garbage: 94581K (98%), Immediate: 7367K (7%), CSet: 87214K (90%)
[46.478s][info][gc,ergo       ] GC(86) Pacer for Evacuation. Used CSet: 93115K, Free: 330M, Non-Taxable: 33817K, Alloc Tax Rate: 1.1x
[46.478s][info][gc            ] GC(86) Pause Final Mark 3.990ms
[46.478s][info][gc,start      ] GC(86) Concurrent cleanup
[46.478s][info][gc            ] GC(86) Concurrent cleanup 150M->143M(153M) 0.068ms
[46.478s][info][gc,ergo       ] GC(86) Free: 330M, Max: 256K regular, 174M humongous, Frag: 48% external, 0% internal; Reserve: 25344K, Max: 256K
[46.478s][info][gc,start      ] GC(86) Concurrent evacuation
[46.478s][info][gc,task       ] GC(86) Using 1 of 1 workers for concurrent evacuation
[46.511s][info][gc            ] GC(86) Concurrent evacuation 33.141ms
[46.512s][info][gc,start      ] GC(86) Pause Init Update Refs
[46.512s][info][gc,ergo       ] GC(86) Pacer for Update Refs. Used: 159M, Free: 319M, Non-Taxable: 32691K, Alloc Tax Rate: 1.1x
[46.512s][info][gc            ] GC(86) Pause Init Update Refs 0.100ms
[46.512s][info][gc,start      ] GC(86) Concurrent update references
[46.512s][info][gc,task       ] GC(86) Using 1 of 1 workers for concurrent reference update
[46.636s][info][gc            ] GC(86) Concurrent update references 124.251ms
[46.644s][info][gc,start      ] GC(86) Pause Final Update Refs
[46.644s][info][gc,task       ] GC(86) Using 1 of 1 workers for final reference update
[46.645s][info][gc            ] GC(86) Pause Final Update Refs 0.796ms
[46.645s][info][gc,start      ] GC(86) Concurrent cleanup
[46.645s][info][gc            ] GC(86) Concurrent cleanup 193M->102M(195M) 0.160ms
[46.645s][info][gc,ergo       ] Free: 371M, Max: 256K regular, 285M humongous, Frag: 24% external, 0% internal; Reserve: 25600K, Max: 256K
[46.645s][info][gc,stats      ] 
[46.646s][info][gc,stats      ] All times are wall-clock times, except per-root-class counters, that are sum over
[46.646s][info][gc,stats      ] all workers. Dividing the <total> over the root stage time estimates parallelism.
[46.646s][info][gc,stats      ] 
[46.646s][info][gc,stats      ] Concurrent Reset                    119 us
[46.646s][info][gc,stats      ] Pause Init Mark (G)                6922 us
[46.646s][info][gc,stats      ] Pause Init Mark (N)                1925 us
[46.646s][info][gc,stats      ]   Accumulate Stats                   15 us
[46.646s][info][gc,stats      ]   Make Parsable                      18 us
[46.646s][info][gc,stats      ]   Update Region States               38 us
[46.646s][info][gc,stats      ]   Scan Roots                       1782 us, parallelism: 0.83x
[46.646s][info][gc,stats      ]     S: <total>                     1484 us
[46.646s][info][gc,stats      ]     S: Thread Roots                 685 us, workers (us): 685, 
[46.646s][info][gc,stats      ]     S: Universe Roots                 2 us, workers (us):   2, 
[46.646s][info][gc,stats      ]     S: JNI Handles Roots              2 us, workers (us):   2, 
[46.646s][info][gc,stats      ]     S: Synchronizer Roots             0 us, workers (us):   0, 
[46.646s][info][gc,stats      ]     S: Management Roots               2 us, workers (us):   2, 
[46.646s][info][gc,stats      ]     S: System Dict Roots             15 us, workers (us):  15, 
[46.646s][info][gc,stats      ]     S: CLDG Roots                   777 us, workers (us): 777, 
[46.646s][info][gc,stats      ]     S: JVMTI Roots                    1 us, workers (us):   1, 
[46.646s][info][gc,stats      ]   Resize TLABs                       19 us
[46.646s][info][gc,stats      ] Concurrent Marking               102817 us
[46.646s][info][gc,stats      ] Pause Final Mark (G)               4298 us
[46.646s][info][gc,stats      ] Pause Final Mark (N)               3943 us
[46.646s][info][gc,stats      ]   Finish Queues                      42 us
[46.646s][info][gc,stats      ]   System Purge                      382 us
[46.646s][info][gc,stats      ]     Weak Roots                      382 us
[46.646s][info][gc,stats      ]   Update Region States               37 us
[46.646s][info][gc,stats      ]   Retire TLABs                       25 us
[46.646s][info][gc,stats      ]   Choose Collection Set             114 us
[46.646s][info][gc,stats      ]   Rebuild Free Set                   12 us
[46.646s][info][gc,stats      ]   Initial Evacuation               3320 us, parallelism: 0.67x
[46.646s][info][gc,stats      ]     E: <total>                     2223 us
[46.646s][info][gc,stats      ]     E: Thread Roots                 767 us, workers (us): 767, 
[46.646s][info][gc,stats      ]     E: Code Cache Roots             420 us, workers (us): 420, 
[46.646s][info][gc,stats      ]     E: Universe Roots                 1 us, workers (us):   1, 
[46.646s][info][gc,stats      ]     E: JNI Handles Roots             39 us, workers (us):  39, 
[46.646s][info][gc,stats      ]     E: Synchronizer Roots             0 us, workers (us):   0, 
[46.646s][info][gc,stats      ]     E: Management Roots               2 us, workers (us):   2, 
[46.646s][info][gc,stats      ]     E: System Dict Roots             12 us, workers (us):  12, 
[46.646s][info][gc,stats      ]     E: CLDG Roots                   980 us, workers (us): 980, 
[46.646s][info][gc,stats      ]     E: JVMTI Roots                    1 us, workers (us):   1, 
[46.646s][info][gc,stats      ] Concurrent Cleanup                   52 us
[46.646s][info][gc,stats      ] Concurrent Evacuation             33127 us
[46.646s][info][gc,stats      ] Pause Init  Update Refs (G)         761 us
[46.646s][info][gc,stats      ] Pause Init  Update Refs (N)          27 us
[46.646s][info][gc,stats      ]   Retire GCLABs                       9 us
[46.646s][info][gc,stats      ] Concurrent Update Refs           124232 us
[46.646s][info][gc,stats      ] Pause Final Update Refs (G)        8711 us
[46.646s][info][gc,stats      ] Pause Final Update Refs (N)         726 us
[46.646s][info][gc,stats      ]   Update Roots                      611 us, parallelism: 0.86x
[46.646s][info][gc,stats      ]     UR: <total>                     525 us
[46.646s][info][gc,stats      ]     UR: Thread Roots                525 us, workers (us): 525, 
[46.646s][info][gc,stats      ]   Update Region States               69 us
[46.646s][info][gc,stats      ]   Trash Collection Set                5 us
[46.646s][info][gc,stats      ]   Rebuild Free Set                   23 us
[46.646s][info][gc,stats      ] Concurrent Cleanup                  133 us
[46.646s][info][gc,stats      ] 
[46.646s][info][gc,stats      ] Allocation pacing accrued:
[46.646s][info][gc,stats      ]       0 of  1032 ms (  0.0%): <total>
[46.646s][info][gc,stats      ]       0 of  1032 ms (  0.0%): <average total>
[46.646s][info][gc,stats      ] 
[46.646s][info][gc,metaspace  ] Metaspace: 60179K->60179K(1103872K)
[46.646s][info][gc,ergo       ] Pacer for Idle. Initial: 10240K, Alloc Tax Rate: 1.0x
[46.682s][info][gc            ] Trigger: Learning 3 of 5. Free (347M) is below initial threshold (350M)
[46.683s][info][gc,ergo       ] Free: 347M, Max: 256K regular, 285M humongous, Frag: 19% external, 0% internal; Reserve: 25600K, Max: 256K
[46.683s][info][gc,start      ] GC(87) Concurrent reset
[46.683s][info][gc,task       ] GC(87) Using 1 of 1 workers for concurrent reset
[46.683s][info][gc,ergo       ] GC(87) Pacer for Reset. Non-Taxable: 500M
[46.683s][info][gc            ] GC(87) Concurrent reset 0.279ms
[46.688s][info][gc,start      ] GC(87) Pause Init Mark
[46.688s][info][gc,task       ] GC(87) Using 1 of 1 workers for init marking
[46.690s][info][gc,ergo       ] GC(87) Pacer for Mark. Expected Live: 25436K, Free: 347M, Non-Taxable: 35609K, Alloc Tax Rate: 0.1x
[46.690s][info][gc            ] GC(87) Pause Init Mark 1.871ms
[46.690s][info][gc,start      ] GC(87) Concurrent marking
[46.690s][info][gc,task       ] GC(87) Using 1 of 1 workers for concurrent marking
[46.789s][info][gc            ] GC(87) Concurrent marking 98.766ms
[46.789s][info][gc,start      ] GC(87) Pause Final Mark
[46.789s][info][gc,task       ] GC(87) Using 1 of 1 workers for final marking
[46.789s][info][gc,ergo       ] GC(87) Adaptive CSet Selection. Target Free: 72533K, Actual Free: 318M, Max CSet: 21333K, Min Garbage: 0B
[46.789s][info][gc,ergo       ] GC(87) Collectable Garbage: 90423K (98%), Immediate: 256K (0%), CSet: 90167K (97%)
[46.791s][info][gc,ergo       ] GC(87) Pacer for Evacuation. Used CSet: 97280K, Free: 293M, Non-Taxable: 30080K, Alloc Tax Rate: 1.1x
[46.791s][info][gc            ] GC(87) Pause Final Mark 2.156ms
[46.791s][info][gc,start      ] GC(87) Concurrent cleanup
[46.791s][info][gc            ] GC(87) Concurrent cleanup 180M->179M(195M) 0.043ms
[46.791s][info][gc,ergo       ] GC(87) Free: 293M, Max: 256K regular, 285M humongous, Frag: 3% external, 0% internal; Reserve: 25600K, Max: 256K
[46.791s][info][gc,start      ] GC(87) Concurrent evacuation
[46.791s][info][gc,task       ] GC(87) Using 1 of 1 workers for concurrent evacuation
[46.823s][info][gc            ] GC(87) Concurrent evacuation 31.875ms
[46.828s][info][gc,start      ] GC(87) Pause Init Update Refs
[46.828s][info][gc,ergo       ] GC(87) Pacer for Update Refs. Used: 205M, Free: 275M, Non-Taxable: 28160K, Alloc Tax Rate: 1.1x
[46.828s][info][gc            ] GC(87) Pause Init Update Refs 0.059ms
[46.828s][info][gc,start      ] GC(87) Concurrent update references
[46.828s][info][gc,task       ] GC(87) Using 1 of 1 workers for concurrent reference update
[46.973s][info][gc            ] GC(87) Concurrent update references 144.983ms
[46.976s][info][gc,start      ] GC(87) Pause Final Update Refs
[46.976s][info][gc,task       ] GC(87) Using 1 of 1 workers for final reference update
[46.977s][info][gc            ] GC(87) Pause Final Update Refs 0.461ms
[46.977s][info][gc,start      ] GC(87) Concurrent cleanup
[46.977s][info][gc            ] GC(87) Concurrent cleanup 265M->170M(269M) 0.055ms
[46.977s][info][gc,ergo       ] Free: 303M, Max: 256K regular, 208M humongous, Frag: 32% external, 0% internal; Reserve: 25600K, Max: 256K
[46.977s][info][gc,stats      ] 
[46.977s][info][gc,stats      ] All times are wall-clock times, except per-root-class counters, that are sum over
[46.977s][info][gc,stats      ] all workers. Dividing the <total> over the root stage time estimates parallelism.
[46.977s][info][gc,stats      ] 
[46.977s][info][gc,stats      ] Concurrent Reset                    266 us
[46.977s][info][gc,stats      ] Pause Init Mark (G)                7138 us
[46.977s][info][gc,stats      ] Pause Init Mark (N)                1818 us
[46.977s][info][gc,stats      ]   Accumulate Stats                   14 us
[46.977s][info][gc,stats      ]   Make Parsable                      11 us
[46.977s][info][gc,stats      ]   Update Region States               37 us
[46.977s][info][gc,stats      ]   Scan Roots                       1671 us, parallelism: 0.83x
[46.977s][info][gc,stats      ]     S: <total>                     1387 us
[46.977s][info][gc,stats      ]     S: Thread Roots                 719 us, workers (us): 719, 
[46.977s][info][gc,stats      ]     S: Universe Roots                 2 us, workers (us):   2, 
[46.977s][info][gc,stats      ]     S: JNI Handles Roots             14 us, workers (us):  14, 
[46.977s][info][gc,stats      ]     S: Synchronizer Roots             0 us, workers (us):   0, 
[46.977s][info][gc,stats      ]     S: Management Roots               2 us, workers (us):   2, 
[46.977s][info][gc,stats      ]     S: System Dict Roots             12 us, workers (us):  12, 
[46.977s][info][gc,stats      ]     S: CLDG Roots                   637 us, workers (us): 637, 
[46.977s][info][gc,stats      ]     S: JVMTI Roots                    1 us, workers (us):   1, 
[46.977s][info][gc,stats      ]   Resize TLABs                       22 us
[46.977s][info][gc,stats      ] Concurrent Marking                98754 us
[46.977s][info][gc,stats      ] Pause Final Mark (G)               2282 us
[46.977s][info][gc,stats      ] Pause Final Mark (N)               2135 us
[46.977s][info][gc,stats      ]   Finish Queues                      18 us
[46.977s][info][gc,stats      ]   System Purge                      254 us
[46.977s][info][gc,stats      ]     Weak Roots                      254 us
[46.977s][info][gc,stats      ]   Update Region States               31 us
[46.977s][info][gc,stats      ]   Retire TLABs                       13 us
[46.977s][info][gc,stats      ]   Choose Collection Set              74 us
[46.977s][info][gc,stats      ]   Rebuild Free Set                    7 us
[46.977s][info][gc,stats      ]   Initial Evacuation               1728 us, parallelism: 0.62x
[46.977s][info][gc,stats      ]     E: <total>                     1076 us
[46.977s][info][gc,stats      ]     E: Thread Roots                 405 us, workers (us): 405, 
[46.977s][info][gc,stats      ]     E: Code Cache Roots             224 us, workers (us): 224, 
[46.977s][info][gc,stats      ]     E: Universe Roots                 1 us, workers (us):   1, 
[46.977s][info][gc,stats      ]     E: JNI Handles Roots              1 us, workers (us):   1, 
[46.977s][info][gc,stats      ]     E: Synchronizer Roots             0 us, workers (us):   0, 
[46.977s][info][gc,stats      ]     E: Management Roots               1 us, workers (us):   1, 
[46.977s][info][gc,stats      ]     E: System Dict Roots              8 us, workers (us):   8, 
[46.977s][info][gc,stats      ]     E: CLDG Roots                   436 us, workers (us): 436, 
[46.977s][info][gc,stats      ]     E: JVMTI Roots                    0 us, workers (us):   0, 
[46.977s][info][gc,stats      ] Concurrent Cleanup                   34 us
[46.977s][info][gc,stats      ] Concurrent Evacuation             31863 us
[46.977s][info][gc,stats      ] Pause Init  Update Refs (G)        4746 us
[46.977s][info][gc,stats      ] Pause Init  Update Refs (N)          16 us
[46.977s][info][gc,stats      ]   Retire GCLABs                       8 us
[46.977s][info][gc,stats      ] Concurrent Update Refs           144969 us
[46.977s][info][gc,stats      ] Pause Final Update Refs (G)        3879 us
[46.977s][info][gc,stats      ] Pause Final Update Refs (N)         415 us
[46.977s][info][gc,stats      ]   Update Roots                      370 us, parallelism: 0.97x
[46.977s][info][gc,stats      ]     UR: <total>                     359 us
[46.977s][info][gc,stats      ]     UR: Thread Roots                359 us, workers (us): 359, 
[46.977s][info][gc,stats      ]   Update Region States               29 us
[46.977s][info][gc,stats      ]   Trash Collection Set                3 us
[46.977s][info][gc,stats      ]   Rebuild Free Set                    7 us
[46.977s][info][gc,stats      ] Concurrent Cleanup                   47 us
[46.977s][info][gc,stats      ] 
[46.977s][info][gc,stats      ] Allocation pacing accrued:
[46.977s][info][gc,stats      ]       0 of   331 ms (  0.0%): <total>
[46.977s][info][gc,stats      ]       0 of   331 ms (  0.0%): <average total>
[46.977s][info][gc,stats      ] 
[46.977s][info][gc,metaspace  ] Metaspace: 60179K->60179K(1103872K)
[46.977s][info][gc,ergo       ] Pacer for Idle. Initial: 10240K, Alloc Tax Rate: 1.0x
[46.979s][info][gc            ] Trigger: Learning 4 of 5. Free (298M) is below initial threshold (350M)
[46.979s][info][gc,ergo       ] Free: 298M, Max: 256K regular, 208M humongous, Frag: 31% external, 0% internal; Reserve: 25600K, Max: 256K
[46.979s][info][gc,start      ] GC(88) Concurrent reset
[46.979s][info][gc,task       ] GC(88) Using 1 of 1 workers for concurrent reset
[46.979s][info][gc,ergo       ] GC(88) Pacer for Reset. Non-Taxable: 500M
[46.982s][info][gc            ] GC(88) Concurrent reset 3.131ms
[46.988s][info][gc,start      ] GC(88) Pause Init Mark
[46.988s][info][gc,task       ] GC(88) Using 1 of 1 workers for init marking
[46.990s][info][gc,ergo       ] GC(88) Pacer for Mark. Expected Live: 27803K, Free: 292M, Non-Taxable: 29952K, Alloc Tax Rate: 0.1x
[46.990s][info][gc            ] GC(88) Pause Init Mark 1.375ms
[46.990s][info][gc,start      ] GC(88) Concurrent marking
[46.990s][info][gc,task       ] GC(88) Using 1 of 1 workers for concurrent marking
[47.112s][info][gc            ] GC(88) Concurrent marking 122.726ms
[47.113s][info][gc,start      ] GC(88) Pause Final Mark
[47.113s][info][gc,task       ] GC(88) Using 1 of 1 workers for final marking
[47.113s][info][gc,ergo       ] GC(88) Adaptive CSet Selection. Target Free: 72533K, Actual Free: 245M, Max CSet: 21333K, Min Garbage: 0B
[47.113s][info][gc,ergo       ] GC(88) Collectable Garbage: 132M (98%), Immediate: 512K (0%), CSet: 131M (98%)
[47.115s][info][gc,ergo       ] GC(88) Pacer for Evacuation. Used CSet: 142M, Free: 220M, Non-Taxable: 22604K, Alloc Tax Rate: 1.6x
[47.115s][info][gc            ] GC(88) Pause Final Mark 2.239ms
[47.115s][info][gc,start      ] GC(88) Concurrent cleanup
[47.115s][info][gc            ] GC(88) Concurrent cleanup 253M->252M(269M) 0.042ms
[47.115s][info][gc,ergo       ] GC(88) Free: 220M, Max: 256K regular, 208M humongous, Frag: 6% external, 0% internal; Reserve: 25600K, Max: 256K
[47.115s][info][gc,start      ] GC(88) Concurrent evacuation
[47.115s][info][gc,task       ] GC(88) Using 1 of 1 workers for concurrent evacuation
[47.194s][info][gc            ] GC(88) Concurrent evacuation 78.396ms
[47.196s][info][gc,start      ] GC(88) Pause Init Update Refs
[47.196s][info][gc,ergo       ] GC(88) Pacer for Update Refs. Used: 282M, Free: 201M, Non-Taxable: 20659K, Alloc Tax Rate: 1.7x
[47.196s][info][gc            ] GC(88) Pause Init Update Refs 0.047ms
[47.196s][info][gc,start      ] GC(88) Concurrent update references
[47.196s][info][gc,task       ] GC(88) Using 1 of 1 workers for concurrent reference update
[47.441s][info][gc            ] GC(88) Concurrent update references 244.525ms
[47.445s][info][gc,start      ] GC(88) Pause Final Update Refs
[47.445s][info][gc,task       ] GC(88) Using 1 of 1 workers for final reference update
[47.445s][info][gc            ] GC(88) Pause Final Update Refs 0.478ms
[47.445s][info][gc,start      ] GC(88) Concurrent cleanup
[47.445s][info][gc            ] GC(88) Concurrent cleanup 372M->229M(375M) 0.063ms
[47.445s][info][gc,ergo       ] Free: 244M, Max: 256K regular, 101M humongous, Frag: 59% external, 0% internal; Reserve: 25600K, Max: 256K
[47.445s][info][gc,stats      ] 
[47.445s][info][gc,stats      ] All times are wall-clock times, except per-root-class counters, that are sum over
[47.445s][info][gc,stats      ] all workers. Dividing the <total> over the root stage time estimates parallelism.
[47.445s][info][gc,stats      ] 
[47.445s][info][gc,stats      ] Concurrent Reset                   3122 us
[47.445s][info][gc,stats      ] Pause Init Mark (G)                7223 us
[47.445s][info][gc,stats      ] Pause Init Mark (N)                1330 us
[47.445s][info][gc,stats      ]   Accumulate Stats                   13 us
[47.445s][info][gc,stats      ]   Make Parsable                      10 us
[47.445s][info][gc,stats      ]   Update Region States               35 us
[47.445s][info][gc,stats      ]   Scan Roots                       1233 us, parallelism: 0.78x
[47.445s][info][gc,stats      ]     S: <total>                      967 us
[47.445s][info][gc,stats      ]     S: Thread Roots                 409 us, workers (us): 409, 
[47.445s][info][gc,stats      ]     S: Universe Roots                 2 us, workers (us):   2, 
[47.445s][info][gc,stats      ]     S: JNI Handles Roots              2 us, workers (us):   2, 
[47.445s][info][gc,stats      ]     S: Synchronizer Roots             0 us, workers (us):   0, 
[47.445s][info][gc,stats      ]     S: Management Roots               1 us, workers (us):   1, 
[47.445s][info][gc,stats      ]     S: System Dict Roots             12 us, workers (us):  12, 
[47.445s][info][gc,stats      ]     S: CLDG Roots                   540 us, workers (us): 540, 
[47.445s][info][gc,stats      ]     S: JVMTI Roots                    1 us, workers (us):   1, 
[47.445s][info][gc,stats      ]   Resize TLABs                        7 us
[47.445s][info][gc,stats      ] Concurrent Marking               122717 us
[47.445s][info][gc,stats      ] Pause Final Mark (G)               2438 us
[47.445s][info][gc,stats      ] Pause Final Mark (N)               2218 us
[47.445s][info][gc,stats      ]   Finish Queues                      25 us
[47.445s][info][gc,stats      ]   System Purge                      282 us
[47.445s][info][gc,stats      ]     Weak Roots                      282 us
[47.445s][info][gc,stats      ]   Update Region States               29 us
[47.445s][info][gc,stats      ]   Retire TLABs                       16 us
[47.445s][info][gc,stats      ]   Choose Collection Set             112 us
[47.445s][info][gc,stats      ]   Rebuild Free Set                    7 us
[47.445s][info][gc,stats      ]   Initial Evacuation               1740 us, parallelism: 0.65x
[47.445s][info][gc,stats      ]     E: <total>                     1137 us
[47.445s][info][gc,stats      ]     E: Thread Roots                 422 us, workers (us): 422, 
[47.445s][info][gc,stats      ]     E: Code Cache Roots             201 us, workers (us): 201, 
[47.445s][info][gc,stats      ]     E: Universe Roots                 1 us, workers (us):   1, 
[47.445s][info][gc,stats      ]     E: JNI Handles Roots              1 us, workers (us):   1, 
[47.445s][info][gc,stats      ]     E: Synchronizer Roots             0 us, workers (us):   0, 
[47.445s][info][gc,stats      ]     E: Management Roots               2 us, workers (us):   2, 
[47.445s][info][gc,stats      ]     E: System Dict Roots             11 us, workers (us):  11, 
[47.445s][info][gc,stats      ]     E: CLDG Roots                   498 us, workers (us): 498, 
[47.445s][info][gc,stats      ]     E: JVMTI Roots                    1 us, workers (us):   1, 
[47.445s][info][gc,stats      ] Concurrent Cleanup                   34 us
[47.445s][info][gc,stats      ] Concurrent Evacuation             78383 us
[47.445s][info][gc,stats      ] Pause Init  Update Refs (G)        2738 us
[47.445s][info][gc,stats      ] Pause Init  Update Refs (N)          14 us
[47.445s][info][gc,stats      ]   Retire GCLABs                       7 us
[47.445s][info][gc,stats      ] Concurrent Update Refs           244510 us
[47.445s][info][gc,stats      ] Pause Final Update Refs (G)        3977 us
[47.445s][info][gc,stats      ] Pause Final Update Refs (N)         423 us
[47.445s][info][gc,stats      ]   Update Roots                      375 us, parallelism: 0.98x
[47.445s][info][gc,stats      ]     UR: <total>                     367 us
[47.445s][info][gc,stats      ]     UR: Thread Roots                367 us, workers (us): 367, 
[47.445s][info][gc,stats      ]   Update Region States               28 us
[47.445s][info][gc,stats      ]   Trash Collection Set                3 us
[47.445s][info][gc,stats      ]   Rebuild Free Set                    7 us
[47.445s][info][gc,stats      ] Concurrent Cleanup                   55 us
[47.445s][info][gc,stats      ] Pacing                            14170 us
[47.445s][info][gc,stats      ] 
[47.445s][info][gc,stats      ] Allocation pacing accrued:
[47.445s][info][gc,stats      ]      14 of   468 ms (  3.0%): Executor task launch worker for task 0.0 in stage 9.0 (TID 9)
[47.445s][info][gc,stats      ]      14 of   468 ms (  3.0%): <total>
[47.445s][info][gc,stats      ]       0 of   468 ms (  0.0%): <average total>
[47.445s][info][gc,stats      ]      14 of   468 ms (  3.0%): <average non-zero>
[47.445s][info][gc,stats      ] 
[47.445s][info][gc,metaspace  ] Metaspace: 60179K->60184K(1103872K)
[47.445s][info][gc,ergo       ] Pacer for Idle. Initial: 10240K, Alloc Tax Rate: 1.0x
[47.447s][info][gc            ] Trigger: Learning 5 of 5. Free (240M) is below initial threshold (350M)
[47.447s][info][gc,ergo       ] Free: 240M, Max: 256K regular, 101M humongous, Frag: 58% external, 0% internal; Reserve: 25600K, Max: 256K
[47.447s][info][gc,start      ] GC(89) Concurrent reset
[47.447s][info][gc,task       ] GC(89) Using 1 of 1 workers for concurrent reset
[47.447s][info][gc,ergo       ] GC(89) Pacer for Reset. Non-Taxable: 500M
[47.448s][info][gc            ] GC(89) Concurrent reset 0.274ms
[47.448s][info][gc,start      ] GC(89) Pause Init Mark
[47.448s][info][gc,task       ] GC(89) Using 1 of 1 workers for init marking
[47.450s][info][gc,ergo       ] GC(89) Pacer for Mark. Expected Live: 32432K, Free: 240M, Non-Taxable: 24601K, Alloc Tax Rate: 0.2x
[47.450s][info][gc            ] GC(89) Pause Init Mark 1.323ms
[47.450s][info][gc,start      ] GC(89) Concurrent marking
[47.450s][info][gc,task       ] GC(89) Using 1 of 1 workers for concurrent marking
[47.611s][info][gc            ] GC(89) Concurrent marking 160.999ms
[47.611s][info][gc,start      ] GC(89) Pause Final Mark
[47.611s][info][gc,task       ] GC(89) Using 1 of 1 workers for final marking
[47.611s][info][gc,ergo       ] GC(89) Adaptive CSet Selection. Target Free: 72533K, Actual Free: 198M, Max CSet: 21333K, Min Garbage: 0B
[47.611s][info][gc,ergo       ] GC(89) Collectable Garbage: 170M (98%), Immediate: 1024K (0%), CSet: 169M (98%)
[47.613s][info][gc,ergo       ] GC(89) Pacer for Evacuation. Used CSet: 182M, Free: 173M, Non-Taxable: 17792K, Alloc Tax Rate: 2.6x
[47.613s][info][gc            ] GC(89) Pause Final Mark 2.226ms
[47.613s][info][gc,start      ] GC(89) Concurrent cleanup
[47.613s][info][gc            ] GC(89) Concurrent cleanup 300M->300M(376M) 0.042ms
[47.613s][info][gc,ergo       ] GC(89) Free: 173M, Max: 256K regular, 101M humongous, Frag: 42% external, 0% internal; Reserve: 25597K, Max: 256K
[47.613s][info][gc,start      ] GC(89) Concurrent evacuation
[47.613s][info][gc,task       ] GC(89) Using 1 of 1 workers for concurrent evacuation
[47.664s][info][gc            ] GC(89) Concurrent evacuation 50.990ms
[47.667s][info][gc,start      ] GC(89) Pause Init Update Refs
[47.667s][info][gc,ergo       ] GC(89) Pacer for Update Refs. Used: 346M, Free: 141M, Non-Taxable: 14438K, Alloc Tax Rate: 3.0x
[47.667s][info][gc            ] GC(89) Pause Init Update Refs 0.040ms
[47.667s][info][gc,start      ] GC(89) Concurrent update references
[47.667s][info][gc,task       ] GC(89) Using 1 of 1 workers for concurrent reference update
[47.860s][info][gc            ] GC(89) Concurrent update references 192.688ms
[47.862s][info][gc,start      ] GC(89) Pause Final Update Refs
[47.862s][info][gc,task       ] GC(89) Using 1 of 1 workers for final reference update
[47.863s][info][gc            ] GC(89) Pause Final Update Refs 0.461ms
[47.863s][info][gc,start      ] GC(89) Concurrent cleanup
[47.863s][info][gc            ] GC(89) Concurrent cleanup 453M->270M(457M) 0.068ms
[47.863s][info][gc,ergo       ] Free: 202M, Max: 256K regular, 98304K humongous, Frag: 53% external, 1% internal; Reserve: 25600K, Max: 256K
[47.863s][info][gc,stats      ] 
[47.863s][info][gc,stats      ] All times are wall-clock times, except per-root-class counters, that are sum over
[47.863s][info][gc,stats      ] all workers. Dividing the <total> over the root stage time estimates parallelism.
[47.863s][info][gc,stats      ] 
[47.863s][info][gc,stats      ] Concurrent Reset                    268 us
[47.863s][info][gc,stats      ] Pause Init Mark (G)                2162 us
[47.863s][info][gc,stats      ] Pause Init Mark (N)                1305 us
[47.863s][info][gc,stats      ]   Accumulate Stats                   13 us
[47.863s][info][gc,stats      ]   Make Parsable                      11 us
[47.863s][info][gc,stats      ]   Update Region States               23 us
[47.863s][info][gc,stats      ]   Scan Roots                       1227 us, parallelism: 0.78x
[47.863s][info][gc,stats      ]     S: <total>                      962 us
[47.863s][info][gc,stats      ]     S: Thread Roots                 409 us, workers (us): 409, 
[47.863s][info][gc,stats      ]     S: Universe Roots                 2 us, workers (us):   2, 
[47.863s][info][gc,stats      ]     S: JNI Handles Roots              1 us, workers (us):   1, 
[47.863s][info][gc,stats      ]     S: Synchronizer Roots             0 us, workers (us):   0, 
[47.863s][info][gc,stats      ]     S: Management Roots               1 us, workers (us):   1, 
[47.863s][info][gc,stats      ]     S: System Dict Roots             11 us, workers (us):  11, 
[47.863s][info][gc,stats      ]     S: CLDG Roots                   536 us, workers (us): 536, 
[47.863s][info][gc,stats      ]     S: JVMTI Roots                    1 us, workers (us):   1, 
[47.863s][info][gc,stats      ]   Resize TLABs                        7 us
[47.863s][info][gc,stats      ] Concurrent Marking               160990 us
[47.863s][info][gc,stats      ] Pause Final Mark (G)               2374 us
[47.863s][info][gc,stats      ] Pause Final Mark (N)               2208 us
[47.863s][info][gc,stats      ]   Finish Queues                      13 us
[47.863s][info][gc,stats      ]   System Purge                      275 us
[47.863s][info][gc,stats      ]     Weak Roots                      275 us
[47.863s][info][gc,stats      ]   Update Region States               27 us
[47.863s][info][gc,stats      ]   Retire TLABs                       12 us
[47.863s][info][gc,stats      ]   Choose Collection Set             115 us
[47.863s][info][gc,stats      ]   Rebuild Free Set                   28 us
[47.863s][info][gc,stats      ]   Initial Evacuation               1730 us, parallelism: 0.64x
[47.863s][info][gc,stats      ]     E: <total>                     1110 us
[47.863s][info][gc,stats      ]     E: Thread Roots                 429 us, workers (us): 429, 
[47.863s][info][gc,stats      ]     E: Code Cache Roots             178 us, workers (us): 178, 
[47.863s][info][gc,stats      ]     E: Universe Roots                 1 us, workers (us):   1, 
[47.863s][info][gc,stats      ]     E: JNI Handles Roots              1 us, workers (us):   1, 
[47.863s][info][gc,stats      ]     E: Synchronizer Roots             0 us, workers (us):   0, 
[47.863s][info][gc,stats      ]     E: Management Roots               1 us, workers (us):   1, 
[47.863s][info][gc,stats      ]     E: System Dict Roots             11 us, workers (us):  11, 
[47.863s][info][gc,stats      ]     E: CLDG Roots                   487 us, workers (us): 487, 
[47.863s][info][gc,stats      ]     E: JVMTI Roots                    0 us, workers (us):   0, 
[47.863s][info][gc,stats      ] Concurrent Cleanup                   33 us
[47.863s][info][gc,stats      ] Concurrent Evacuation             50977 us
[47.863s][info][gc,stats      ] Pause Init  Update Refs (G)        2581 us
[47.863s][info][gc,stats      ] Pause Init  Update Refs (N)          15 us
[47.863s][info][gc,stats      ]   Retire GCLABs                       8 us
[47.863s][info][gc,stats      ] Concurrent Update Refs           192673 us
[47.863s][info][gc,stats      ] Pause Final Update Refs (G)        3008 us
[47.863s][info][gc,stats      ] Pause Final Update Refs (N)         431 us
[47.863s][info][gc,stats      ]   Update Roots                      385 us, parallelism: 0.98x
[47.863s][info][gc,stats      ]     UR: <total>                     375 us
[47.863s][info][gc,stats      ]     UR: Thread Roots                375 us, workers (us): 375, 
[47.863s][info][gc,stats      ]   Update Region States               28 us
[47.863s][info][gc,stats      ]   Trash Collection Set                4 us
[47.863s][info][gc,stats      ]   Rebuild Free Set                    7 us
[47.863s][info][gc,stats      ] Concurrent Cleanup                   61 us
[47.863s][info][gc,stats      ] Pacing                           124081 us
[47.863s][info][gc,stats      ] 
[47.863s][info][gc,stats      ] Allocation pacing accrued:
[47.863s][info][gc,stats      ]      12 of   418 ms (  2.9%): Spark Context Cleaner
[47.863s][info][gc,stats      ]     112 of   418 ms ( 26.8%): Executor task launch worker for task 0.0 in stage 9.0 (TID 9)
[47.863s][info][gc,stats      ]     124 of   418 ms ( 29.7%): <total>
[47.863s][info][gc,stats      ]       1 of   418 ms (  0.3%): <average total>
[47.863s][info][gc,stats      ]      62 of   418 ms ( 14.9%): <average non-zero>
[47.863s][info][gc,stats      ] 
[47.863s][info][gc,metaspace  ] Metaspace: 60184K->60184K(1103872K)
[47.863s][info][gc,ergo       ] Pacer for Idle. Initial: 10240K, Alloc Tax Rate: 1.0x
[47.870s][info][gc            ] Trigger: Average GC time (314.21 ms) is above the time for allocation rate (529 MB/s) to deplete free headroom (161M)
[47.870s][info][gc,ergo       ] Free headroom: 186M (free) - 25600K (spike) - 0B (penalties) = 161M
[47.870s][info][gc,ergo       ] Free: 186M, Max: 256K regular, 98304K humongous, Frag: 49% external, 1% internal; Reserve: 25600K, Max: 256K
[47.870s][info][gc,start      ] GC(90) Concurrent reset
[47.871s][info][gc,task       ] GC(90) Using 1 of 1 workers for concurrent reset
[47.871s][info][gc,ergo       ] GC(90) Pacer for Reset. Non-Taxable: 500M
[47.871s][info][gc            ] GC(90) Concurrent reset 0.361ms
[47.873s][info][gc,start      ] GC(90) Pause Init Mark (process weakrefs)
[47.873s][info][gc,task       ] GC(90) Using 1 of 1 workers for init marking
[47.875s][info][gc,ergo       ] GC(90) Pacer for Mark. Expected Live: 40046K, Free: 186M, Non-Taxable: 19123K, Alloc Tax Rate: 0.3x
[47.875s][info][gc            ] GC(90) Pause Init Mark (process weakrefs) 1.421ms
[47.875s][info][gc,start      ] GC(90) Concurrent marking (process weakrefs)
[47.875s][info][gc,task       ] GC(90) Using 1 of 1 workers for concurrent marking
[47.965s][info][gc            ] GC(90) Concurrent marking (process weakrefs) 90.030ms
[47.965s][info][gc,start      ] GC(90) Concurrent precleaning
[47.965s][info][gc,task       ] GC(90) Using 1 of 1 workers for concurrent preclean
[47.965s][info][gc,ergo       ] GC(90) Pacer for Precleaning. Non-Taxable: 500M
[47.965s][info][gc            ] GC(90) Concurrent precleaning 0.533ms
[47.966s][info][gc,start      ] GC(90) Pause Final Mark (process weakrefs)
[47.966s][info][gc,task       ] GC(90) Using 1 of 1 workers for final marking
[47.966s][info][gc,ergo       ] GC(90) Adaptive CSet Selection. Target Free: 72533K, Actual Free: 159M, Max CSet: 21333K, Min Garbage: 0B
[47.966s][info][gc,ergo       ] GC(90) Collectable Garbage: 205M (99%), Immediate: 2048K (0%), CSet: 203M (98%)
[47.968s][info][gc,ergo       ] GC(90) Pacer for Evacuation. Used CSet: 219M, Free: 135M, Non-Taxable: 13824K, Alloc Tax Rate: 4.0x
[47.968s][info][gc            ] GC(90) Pause Final Mark (process weakrefs) 2.307ms
[47.968s][info][gc,start      ] GC(90) Concurrent cleanup
[47.968s][info][gc            ] GC(90) Concurrent cleanup 340M->338M(457M) 0.043ms
[47.968s][info][gc,ergo       ] GC(90) Free: 135M, Max: 256K regular, 98304K humongous, Frag: 29% external, 1% internal; Reserve: 25600K, Max: 256K
[47.968s][info][gc,start      ] GC(90) Concurrent evacuation
[47.968s][info][gc,task       ] GC(90) Using 1 of 1 workers for concurrent evacuation
[48.010s][info][gc            ] GC(90) Concurrent evacuation 41.709ms
[48.012s][info][gc,start      ] GC(90) Pause Init Update Refs
[48.012s][info][gc,ergo       ] GC(90) Pacer for Update Refs. Used: 396M, Free: 96256K, Non-Taxable: 9625K, Alloc Tax Rate: 5.2x
[48.012s][info][gc            ] GC(90) Pause Init Update Refs 0.029ms
[48.012s][info][gc,start      ] GC(90) Concurrent update references
[48.012s][info][gc,task       ] GC(90) Using 1 of 1 workers for concurrent reference update
[48.142s][info][gc            ] GC(90) Concurrent update references 130.090ms
[48.143s][info][gc,start      ] GC(90) Pause Final Update Refs
[48.143s][info][gc,task       ] GC(90) Using 1 of 1 workers for final reference update
[48.143s][info][gc            ] GC(90) Pause Final Update Refs 0.473ms
[48.143s][info][gc,start      ] GC(90) Concurrent cleanup
[48.143s][info][gc            ] GC(90) Concurrent cleanup 473M->253M(475M) 0.082ms
[48.143s][info][gc,ergo       ] Free: 220M, Max: 256K regular, 71680K humongous, Frag: 69% external, 1% internal; Reserve: 25600K, Max: 256K
[48.143s][info][gc,stats      ] 
[48.143s][info][gc,stats      ] All times are wall-clock times, except per-root-class counters, that are sum over
[48.143s][info][gc,stats      ] all workers. Dividing the <total> over the root stage time estimates parallelism.
[48.143s][info][gc,stats      ] 
[48.143s][info][gc,stats      ] Concurrent Reset                    352 us
[48.143s][info][gc,stats      ] Pause Init Mark (G)                3973 us
[48.143s][info][gc,stats      ] Pause Init Mark (N)                1394 us
[48.143s][info][gc,stats      ]   Accumulate Stats                   16 us
[48.143s][info][gc,stats      ]   Make Parsable                      11 us
[48.143s][info][gc,stats      ]   Update Region States               25 us
[48.143s][info][gc,stats      ]   Scan Roots                       1297 us, parallelism: 0.78x
[48.143s][info][gc,stats      ]     S: <total>                     1012 us
[48.143s][info][gc,stats      ]     S: Thread Roots                 485 us, workers (us): 485, 
[48.143s][info][gc,stats      ]     S: Universe Roots                 2 us, workers (us):   2, 
[48.143s][info][gc,stats      ]     S: JNI Handles Roots              1 us, workers (us):   1, 
[48.143s][info][gc,stats      ]     S: Synchronizer Roots             0 us, workers (us):   0, 
[48.143s][info][gc,stats      ]     S: Management Roots               2 us, workers (us):   2, 
[48.143s][info][gc,stats      ]     S: System Dict Roots             11 us, workers (us):  11, 
[48.143s][info][gc,stats      ]     S: CLDG Roots                   510 us, workers (us): 510, 
[48.143s][info][gc,stats      ]     S: JVMTI Roots                    1 us, workers (us):   1, 
[48.143s][info][gc,stats      ]   Resize TLABs                       10 us
[48.143s][info][gc,stats      ] Concurrent Marking                90021 us
[48.143s][info][gc,stats      ] Concurrent Precleaning              525 us
[48.143s][info][gc,stats      ] Pause Final Mark (G)               2438 us
[48.143s][info][gc,stats      ] Pause Final Mark (N)               2298 us
[48.143s][info][gc,stats      ]   Finish Queues                       9 us
[48.143s][info][gc,stats      ]   Weak References                    18 us
[48.143s][info][gc,stats      ]     Process                          16 us
[48.143s][info][gc,stats      ]   System Purge                      274 us
[48.143s][info][gc,stats      ]     Weak Roots                      274 us
[48.143s][info][gc,stats      ]   Update Region States               26 us
[48.143s][info][gc,stats      ]   Retire TLABs                       12 us
[48.143s][info][gc,stats      ]   Choose Collection Set             130 us
[48.143s][info][gc,stats      ]   Rebuild Free Set                    6 us
[48.143s][info][gc,stats      ]   Initial Evacuation               1818 us, parallelism: 0.60x
[48.143s][info][gc,stats      ]     E: <total>                     1094 us
[48.143s][info][gc,stats      ]     E: Thread Roots                 401 us, workers (us): 401, 
[48.143s][info][gc,stats      ]     E: Code Cache Roots             196 us, workers (us): 196, 
[48.143s][info][gc,stats      ]     E: Universe Roots                 1 us, workers (us):   1, 
[48.143s][info][gc,stats      ]     E: JNI Handles Roots              1 us, workers (us):   1, 
[48.143s][info][gc,stats      ]     E: Synchronizer Roots             0 us, workers (us):   0, 
[48.143s][info][gc,stats      ]     E: Management Roots               2 us, workers (us):   2, 
[48.143s][info][gc,stats      ]     E: System Dict Roots             10 us, workers (us):  10, 
[48.143s][info][gc,stats      ]     E: CLDG Roots                   483 us, workers (us): 483, 
[48.143s][info][gc,stats      ]     E: JVMTI Roots                    1 us, workers (us):   1, 
[48.143s][info][gc,stats      ] Concurrent Cleanup                   34 us
[48.144s][info][gc,stats      ] Concurrent Evacuation             41695 us
[48.144s][info][gc,stats      ] Pause Init  Update Refs (G)        2624 us
[48.144s][info][gc,stats      ] Pause Init  Update Refs (N)          14 us
[48.144s][info][gc,stats      ]   Retire GCLABs                       7 us
[48.144s][info][gc,stats      ] Concurrent Update Refs           130075 us
[48.144s][info][gc,stats      ] Pause Final Update Refs (G)         705 us
[48.144s][info][gc,stats      ] Pause Final Update Refs (N)         462 us
[48.144s][info][gc,stats      ]   Update Roots                      409 us, parallelism: 0.96x
[48.144s][info][gc,stats      ]     UR: <total>                     394 us
[48.144s][info][gc,stats      ]     UR: Thread Roots                394 us, workers (us): 394, 
[48.144s][info][gc,stats      ]   Update Region States               30 us
[48.144s][info][gc,stats      ]   Trash Collection Set                5 us
[48.144s][info][gc,stats      ]   Rebuild Free Set                    8 us
[48.144s][info][gc,stats      ] Concurrent Cleanup                   74 us
[48.144s][info][gc,stats      ] Pacing                           111090 us
[48.144s][info][gc,stats      ] 
[48.144s][info][gc,stats      ] Allocation pacing accrued:
[48.144s][info][gc,stats      ]      13 of   280 ms (  4.5%): Spark Context Cleaner
[48.144s][info][gc,stats      ]      98 of   280 ms ( 35.1%): Executor task launch worker for task 0.0 in stage 9.0 (TID 9)
[48.144s][info][gc,stats      ]     111 of   280 ms ( 39.6%): <total>
[48.144s][info][gc,stats      ]       1 of   280 ms (  0.4%): <average total>
[48.144s][info][gc,stats      ]      56 of   280 ms ( 19.8%): <average non-zero>
[48.144s][info][gc,stats      ] 
[48.144s][info][gc,metaspace  ] Metaspace: 60184K->60184K(1103872K)
[48.144s][info][gc,ergo       ] Pacer for Idle. Initial: 10240K, Alloc Tax Rate: 1.0x
[48.145s][info][gc            ] Trigger: Average GC time (346.05 ms) is above the time for allocation rate (626 MB/s) to deplete free headroom (195M)
[48.145s][info][gc,ergo       ] Free headroom: 220M (free) - 25600K (spike) - 0B (penalties) = 195M
[48.145s][info][gc,ergo       ] Free: 220M, Max: 256K regular, 71680K humongous, Frag: 69% external, 1% internal; Reserve: 25600K, Max: 256K
[48.145s][info][gc,start      ] GC(91) Concurrent reset
[48.145s][info][gc,task       ] GC(91) Using 1 of 1 workers for concurrent reset
[48.145s][info][gc,ergo       ] GC(91) Pacer for Reset. Non-Taxable: 500M
[48.145s][info][gc            ] GC(91) Concurrent reset 0.553ms
[48.145s][info][gc,start      ] GC(91) Pause Init Mark
[48.145s][info][gc,task       ] GC(91) Using 1 of 1 workers for init marking
[48.147s][info][gc,ergo       ] GC(91) Pacer for Mark. Expected Live: 51672K, Free: 220M, Non-Taxable: 22579K, Alloc Tax Rate: 0.3x
[48.147s][info][gc            ] GC(91) Pause Init Mark 1.575ms
[48.150s][info][gc,start      ] GC(91) Concurrent marking
[48.150s][info][gc,task       ] GC(91) Using 1 of 1 workers for concurrent marking
[48.245s][info][gc            ] GC(91) Concurrent marking 95.296ms
[48.253s][info][gc,start      ] GC(91) Pause Final Mark
[48.253s][info][gc,task       ] GC(91) Using 1 of 1 workers for final marking
[48.254s][info][gc,ergo       ] GC(91) Adaptive CSet Selection. Target Free: 72533K, Actual Free: 187M, Max CSet: 21333K, Min Garbage: 0B
[48.254s][info][gc,ergo       ] GC(91) Collectable Garbage: 158M (98%), Immediate: 0B (0%), CSet: 158M (98%)
[48.257s][info][gc,ergo       ] GC(91) Pacer for Evacuation. Used CSet: 171M, Free: 162M, Non-Taxable: 16588K, Alloc Tax Rate: 2.6x
[48.258s][info][gc            ] GC(91) Pause Final Mark 4.234ms
[48.258s][info][gc,start      ] GC(91) Concurrent cleanup
[48.258s][info][gc            ] GC(91) Concurrent cleanup 311M->311M(475M) 0.119ms
[48.258s][info][gc,ergo       ] GC(91) Free: 162M, Max: 256K regular, 71680K humongous, Frag: 57% external, 1% internal; Reserve: 25600K, Max: 256K
[48.258s][info][gc,start      ] GC(91) Concurrent evacuation
[48.258s][info][gc,task       ] GC(91) Using 1 of 1 workers for concurrent evacuation
[48.320s][info][gc            ] GC(91) Concurrent evacuation 61.783ms
[48.322s][info][gc,start      ] GC(91) Pause Init Update Refs
[48.322s][info][gc,ergo       ] GC(91) Pacer for Update Refs. Used: 364M, Free: 122M, Non-Taxable: 12518K, Alloc Tax Rate: 3.6x
[48.322s][info][gc            ] GC(91) Pause Init Update Refs 0.039ms
[48.322s][info][gc,start      ] GC(91) Concurrent update references
[48.322s][info][gc,task       ] GC(91) Using 1 of 1 workers for concurrent reference update
[48.500s][info][gc            ] GC(91) Concurrent update references 177.887ms
[48.501s][info][gc,start      ] GC(91) Pause Final Update Refs
[48.501s][info][gc,task       ] GC(91) Using 1 of 1 workers for final reference update
[48.501s][info][gc            ] GC(91) Pause Final Update Refs 0.460ms
[48.501s][info][gc,start      ] GC(91) Concurrent cleanup
[48.501s][info][gc            ] GC(91) Concurrent cleanup 465M->293M(487M) 0.066ms
[48.501s][info][gc,ergo       ] Free: 180M, Max: 256K regular, 98304K humongous, Frag: 47% external, 1% internal; Reserve: 25600K, Max: 256K
[48.501s][info][gc,stats      ] 
[48.501s][info][gc,stats      ] All times are wall-clock times, except per-root-class counters, that are sum over
[48.501s][info][gc,stats      ] all workers. Dividing the <total> over the root stage time estimates parallelism.
[48.501s][info][gc,stats      ] 
[48.501s][info][gc,stats      ] Concurrent Reset                    541 us
[48.501s][info][gc,stats      ] Pause Init Mark (G)                4684 us
[48.501s][info][gc,stats      ] Pause Init Mark (N)                1564 us
[48.501s][info][gc,stats      ]   Accumulate Stats                   15 us
[48.501s][info][gc,stats      ]   Make Parsable                      11 us
[48.501s][info][gc,stats      ]   Update Region States               22 us
[48.501s][info][gc,stats      ]   Scan Roots                       1451 us, parallelism: 0.79x
[48.501s][info][gc,stats      ]     S: <total>                     1152 us
[48.501s][info][gc,stats      ]     S: Thread Roots                 473 us, workers (us): 473, 
[48.501s][info][gc,stats      ]     S: Universe Roots                 2 us, workers (us):   2, 
[48.501s][info][gc,stats      ]     S: JNI Handles Roots              2 us, workers (us):   2, 
[48.501s][info][gc,stats      ]     S: Synchronizer Roots             0 us, workers (us):   0, 
[48.501s][info][gc,stats      ]     S: Management Roots               2 us, workers (us):   2, 
[48.501s][info][gc,stats      ]     S: System Dict Roots             11 us, workers (us):  11, 
[48.501s][info][gc,stats      ]     S: CLDG Roots                   661 us, workers (us): 661, 
[48.501s][info][gc,stats      ]     S: JVMTI Roots                    1 us, workers (us):   1, 
[48.501s][info][gc,stats      ]   Resize TLABs                       16 us
[48.501s][info][gc,stats      ] Concurrent Marking                95246 us
[48.501s][info][gc,stats      ] Pause Final Mark (G)               7061 us
[48.501s][info][gc,stats      ] Pause Final Mark (N)               4182 us
[48.501s][info][gc,stats      ]   Finish Queues                      34 us
[48.501s][info][gc,stats      ]   System Purge                      480 us
[48.501s][info][gc,stats      ]     Weak Roots                      479 us
[48.501s][info][gc,stats      ]   Update Region States               51 us
[48.501s][info][gc,stats      ]   Retire TLABs                       23 us
[48.501s][info][gc,stats      ]   Choose Collection Set             269 us
[48.501s][info][gc,stats      ]   Rebuild Free Set                   13 us
[48.501s][info][gc,stats      ]   Initial Evacuation               3297 us, parallelism: 0.66x
[48.501s][info][gc,stats      ]     E: <total>                     2170 us
[48.501s][info][gc,stats      ]     E: Thread Roots                 997 us, workers (us): 997, 
[48.501s][info][gc,stats      ]     E: Code Cache Roots             298 us, workers (us): 298, 
[48.501s][info][gc,stats      ]     E: Universe Roots                 2 us, workers (us):   2, 
[48.501s][info][gc,stats      ]     E: JNI Handles Roots              1 us, workers (us):   1, 
[48.501s][info][gc,stats      ]     E: Synchronizer Roots             1 us, workers (us):   1, 
[48.501s][info][gc,stats      ]     E: Management Roots               2 us, workers (us):   2, 
[48.501s][info][gc,stats      ]     E: System Dict Roots             15 us, workers (us):  15, 
[48.501s][info][gc,stats      ]     E: CLDG Roots                   854 us, workers (us): 854, 
[48.501s][info][gc,stats      ]     E: JVMTI Roots                    1 us, workers (us):   1, 
[48.501s][info][gc,stats      ] Concurrent Cleanup                   99 us
[48.501s][info][gc,stats      ] Concurrent Evacuation             61763 us
[48.501s][info][gc,stats      ] Pause Init  Update Refs (G)        2811 us
[48.501s][info][gc,stats      ] Pause Init  Update Refs (N)          14 us
[48.501s][info][gc,stats      ]   Retire GCLABs                       7 us
[48.501s][info][gc,stats      ] Concurrent Update Refs           177875 us
[48.501s][info][gc,stats      ] Pause Final Update Refs (G)         664 us
[48.501s][info][gc,stats      ] Pause Final Update Refs (N)         442 us
[48.501s][info][gc,stats      ]   Update Roots                      395 us, parallelism: 0.90x
[48.501s][info][gc,stats      ]     UR: <total>                     357 us
[48.501s][info][gc,stats      ]     UR: Thread Roots                357 us, workers (us): 357, 
[48.501s][info][gc,stats      ]   Update Region States               28 us
[48.501s][info][gc,stats      ]   Trash Collection Set                4 us
[48.501s][info][gc,stats      ]   Rebuild Free Set                    7 us
[48.501s][info][gc,stats      ] Concurrent Cleanup                   59 us
[48.501s][info][gc,stats      ] Pacing                           105686 us
[48.501s][info][gc,stats      ] 
[48.501s][info][gc,stats      ] Allocation pacing accrued:
[48.501s][info][gc,stats      ]     106 of   358 ms ( 29.5%): Executor task launch worker for task 0.0 in stage 9.0 (TID 9)
[48.501s][info][gc,stats      ]     106 of   358 ms ( 29.5%): <total>
[48.501s][info][gc,stats      ]       1 of   358 ms (  0.3%): <average total>
[48.501s][info][gc,stats      ]     106 of   358 ms ( 29.5%): <average non-zero>
[48.501s][info][gc,stats      ] 
[48.501s][info][gc,metaspace  ] Metaspace: 60184K->60184K(1103872K)
[48.501s][info][gc,ergo       ] Pacer for Idle. Initial: 10240K, Alloc Tax Rate: 1.0x
[48.503s][info][gc            ] Trigger: Average GC time (361.03 ms) is above the time for allocation rate (557 MB/s) to deplete free headroom (155M)
[48.503s][info][gc,ergo       ] Free headroom: 180M (free) - 25600K (spike) - 0B (penalties) = 155M
[48.503s][info][gc,ergo       ] Free: 180M, Max: 256K regular, 98304K humongous, Frag: 47% external, 1% internal; Reserve: 25600K, Max: 256K
[48.503s][info][gc,start      ] GC(92) Concurrent reset
[48.503s][info][gc,task       ] GC(92) Using 1 of 1 workers for concurrent reset
[48.503s][info][gc,ergo       ] GC(92) Pacer for Reset. Non-Taxable: 500M
[48.503s][info][gc            ] GC(92) Concurrent reset 0.394ms
[48.503s][info][gc,start      ] GC(92) Pause Init Mark
[48.503s][info][gc,task       ] GC(92) Using 1 of 1 workers for init marking
[48.505s][info][gc,ergo       ] GC(92) Pacer for Mark. Expected Live: 64802K, Free: 180M, Non-Taxable: 18432K, Alloc Tax Rate: 0.4x
[48.505s][info][gc            ] GC(92) Pause Init Mark 1.363ms
[48.505s][info][gc,start      ] GC(92) Concurrent marking
[48.505s][info][gc,task       ] GC(92) Using 1 of 1 workers for concurrent marking
[48.606s][info][gc            ] GC(92) Concurrent marking 101.274ms
[48.606s][info][gc,start      ] GC(92) Pause Final Mark
[48.606s][info][gc,task       ] GC(92) Using 1 of 1 workers for final marking
[48.606s][info][gc,ergo       ] GC(92) Adaptive CSet Selection. Target Free: 72533K, Actual Free: 164M, Max CSet: 21333K, Min Garbage: 0B
[48.607s][info][gc,ergo       ] GC(92) Collectable Garbage: 184M (99%), Immediate: 0B (0%), CSet: 184M (99%)
[48.608s][info][gc,ergo       ] GC(92) Pacer for Evacuation. Used CSet: 199M, Free: 139M, Non-Taxable: 14310K, Alloc Tax Rate: 3.5x
[48.608s][info][gc            ] GC(92) Pause Final Mark 2.279ms
[48.610s][info][gc,start      ] GC(92) Concurrent cleanup
[48.610s][info][gc            ] GC(92) Concurrent cleanup 337M->337M(487M) 0.057ms
[48.610s][info][gc,ergo       ] GC(92) Free: 136M, Max: 256K regular, 98304K humongous, Frag: 30% external, 1% internal; Reserve: 25600K, Max: 256K
[48.610s][info][gc,start      ] GC(92) Concurrent evacuation
[48.610s][info][gc,task       ] GC(92) Using 1 of 1 workers for concurrent evacuation
[48.663s][info][gc            ] GC(92) Concurrent evacuation 53.113ms
[48.667s][info][gc,start      ] GC(92) Pause Init Update Refs
[48.667s][info][gc,ergo       ] GC(92) Pacer for Update Refs. Used: 405M, Free: 85504K, Non-Taxable: 8550K, Alloc Tax Rate: 5.9x
[48.667s][info][gc            ] GC(92) Pause Init Update Refs 0.077ms
[48.667s][info][gc,start      ] GC(92) Concurrent update references
[48.667s][info][gc,task       ] GC(92) Using 1 of 1 workers for concurrent reference update
[48.887s][info][gc            ] GC(92) Concurrent update references 219.812ms
[48.887s][info][gc,start      ] GC(92) Pause Final Update Refs
[48.887s][info][gc,task       ] GC(92) Using 1 of 1 workers for final reference update
[48.888s][info][gc            ] GC(92) Pause Final Update Refs 0.403ms
[48.888s][info][gc,start      ] GC(92) Concurrent cleanup
[48.888s][info][gc            ] GC(92) Concurrent cleanup 470M->271M(500M) 0.085ms
[48.888s][info][gc,ergo       ] Free: 201M, Max: 256K regular, 71680K humongous, Frag: 66% external, 4% internal; Reserve: 25600K, Max: 256K
[48.888s][info][gc,stats      ] 
[48.888s][info][gc,stats      ] All times are wall-clock times, except per-root-class counters, that are sum over
[48.888s][info][gc,stats      ] all workers. Dividing the <total> over the root stage time estimates parallelism.
[48.888s][info][gc,stats      ] 
[48.888s][info][gc,stats      ] Concurrent Reset                    384 us
[48.888s][info][gc,stats      ] Pause Init Mark (G)                1610 us
[48.888s][info][gc,stats      ] Pause Init Mark (N)                1353 us
[48.888s][info][gc,stats      ]   Accumulate Stats                   13 us
[48.888s][info][gc,stats      ]   Make Parsable                       9 us
[48.888s][info][gc,stats      ]   Update Region States               20 us
[48.888s][info][gc,stats      ]   Scan Roots                       1266 us, parallelism: 0.78x
[48.888s][info][gc,stats      ]     S: <total>                      993 us
[48.888s][info][gc,stats      ]     S: Thread Roots                 407 us, workers (us): 407, 
[48.888s][info][gc,stats      ]     S: Universe Roots                 3 us, workers (us):   3, 
[48.888s][info][gc,stats      ]     S: JNI Handles Roots              1 us, workers (us):   1, 
[48.888s][info][gc,stats      ]     S: Synchronizer Roots             0 us, workers (us):   0, 
[48.888s][info][gc,stats      ]     S: Management Roots               2 us, workers (us):   2, 
[48.888s][info][gc,stats      ]     S: System Dict Roots             11 us, workers (us):  11, 
[48.888s][info][gc,stats      ]     S: CLDG Roots                   569 us, workers (us): 569, 
[48.888s][info][gc,stats      ]     S: JVMTI Roots                    0 us, workers (us):   0, 
[48.888s][info][gc,stats      ]   Resize TLABs                       10 us
[48.888s][info][gc,stats      ] Concurrent Marking               101256 us
[48.888s][info][gc,stats      ] Pause Final Mark (G)               4231 us
[48.888s][info][gc,stats      ] Pause Final Mark (N)               2268 us
[48.888s][info][gc,stats      ]   Finish Queues                      11 us
[48.888s][info][gc,stats      ]   System Purge                      341 us
[48.888s][info][gc,stats      ]     Weak Roots                      340 us
[48.888s][info][gc,stats      ]   Update Region States               26 us
[48.888s][info][gc,stats      ]   Retire TLABs                       15 us
[48.888s][info][gc,stats      ]   Choose Collection Set             140 us
[48.888s][info][gc,stats      ]   Rebuild Free Set                    6 us
[48.888s][info][gc,stats      ]   Initial Evacuation               1722 us, parallelism: 0.66x
[48.888s][info][gc,stats      ]     E: <total>                     1134 us
[48.888s][info][gc,stats      ]     E: Thread Roots                 421 us, workers (us): 421, 
[48.888s][info][gc,stats      ]     E: Code Cache Roots             179 us, workers (us): 179, 
[48.888s][info][gc,stats      ]     E: Universe Roots                 1 us, workers (us):   1, 
[48.888s][info][gc,stats      ]     E: JNI Handles Roots              1 us, workers (us):   1, 
[48.888s][info][gc,stats      ]     E: Synchronizer Roots             0 us, workers (us):   0, 
[48.888s][info][gc,stats      ]     E: Management Roots               1 us, workers (us):   1, 
[48.888s][info][gc,stats      ]     E: System Dict Roots              9 us, workers (us):   9, 
[48.888s][info][gc,stats      ]     E: CLDG Roots                   522 us, workers (us): 522, 
[48.888s][info][gc,stats      ]     E: JVMTI Roots                    0 us, workers (us):   0, 
[48.888s][info][gc,stats      ] Concurrent Cleanup                   36 us
[48.888s][info][gc,stats      ] Concurrent Evacuation             53099 us
[48.888s][info][gc,stats      ] Pause Init  Update Refs (G)        3577 us
[48.888s][info][gc,stats      ] Pause Init  Update Refs (N)          23 us
[48.888s][info][gc,stats      ]   Retire GCLABs                      11 us
[48.888s][info][gc,stats      ] Concurrent Update Refs           219798 us
[48.888s][info][gc,stats      ] Pause Final Update Refs (G)         623 us
[48.888s][info][gc,stats      ] Pause Final Update Refs (N)         384 us
[48.888s][info][gc,stats      ]   Update Roots                      338 us, parallelism: 0.98x
[48.888s][info][gc,stats      ]     UR: <total>                     332 us
[48.888s][info][gc,stats      ]     UR: Thread Roots                332 us, workers (us): 332, 
[48.888s][info][gc,stats      ]   Update Region States               27 us
[48.888s][info][gc,stats      ]   Trash Collection Set                4 us
[48.888s][info][gc,stats      ]   Rebuild Free Set                    8 us
[48.888s][info][gc,stats      ] Concurrent Cleanup                   78 us
[48.888s][info][gc,stats      ] Pacing                           123954 us
[48.888s][info][gc,stats      ] 
[48.888s][info][gc,stats      ] Allocation pacing accrued:
[48.888s][info][gc,stats      ]      18 of   386 ms (  4.7%): main
[48.888s][info][gc,stats      ]     106 of   386 ms ( 27.4%): Executor task launch worker for task 0.0 in stage 9.0 (TID 9)
[48.888s][info][gc,stats      ]     124 of   386 ms ( 32.1%): <total>
[48.888s][info][gc,stats      ]       1 of   386 ms (  0.3%): <average total>
[48.888s][info][gc,stats      ]      62 of   386 ms ( 16.0%): <average non-zero>
[48.888s][info][gc,stats      ] 
[48.888s][info][gc,metaspace  ] Metaspace: 60184K->60303K(1103872K)
[48.888s][info][gc,ergo       ] Pacer for Idle. Initial: 10240K, Alloc Tax Rate: 1.0x
[48.986s][info][gc            ] Trigger: Average GC time (379.17 ms) is above the time for allocation rate (394 MB/s) to deplete free headroom (149M)
[48.986s][info][gc,ergo       ] Free headroom: 174M (free) - 25600K (spike) - 0B (penalties) = 149M
[48.986s][info][gc,ergo       ] Free: 174M, Max: 256K regular, 71680K humongous, Frag: 60% external, 5% internal; Reserve: 25600K, Max: 256K
[48.986s][info][gc,start      ] GC(93) Concurrent reset
[48.986s][info][gc,task       ] GC(93) Using 1 of 1 workers for concurrent reset
[48.986s][info][gc,ergo       ] GC(93) Pacer for Reset. Non-Taxable: 500M
[48.987s][info][gc            ] GC(93) Concurrent reset 0.472ms
[48.990s][info][gc,start      ] GC(93) Pause Init Mark
[48.990s][info][gc,task       ] GC(93) Using 1 of 1 workers for init marking
[48.991s][info][gc,ergo       ] GC(93) Pacer for Mark. Expected Live: 79548K, Free: 174M, Non-Taxable: 17824K, Alloc Tax Rate: 0.5x
[48.991s][info][gc            ] GC(93) Pause Init Mark 1.399ms
[48.991s][info][gc,start      ] GC(93) Concurrent marking
[48.991s][info][gc,task       ] GC(93) Using 1 of 1 workers for concurrent marking
[49.032s][info][gc            ] GC(93) Concurrent marking 41.389ms
[49.033s][info][gc,start      ] GC(93) Pause Final Mark
[49.033s][info][gc,task       ] GC(93) Using 1 of 1 workers for final marking
[49.033s][info][gc,ergo       ] GC(93) Adaptive CSet Selection. Target Free: 72533K, Actual Free: 416M, Max CSet: 21333K, Min Garbage: 0B
[49.033s][info][gc,ergo       ] GC(93) Collectable Garbage: 271M (99%), Immediate: 244M (89%), CSet: 27321K (9%)
[49.035s][info][gc,ergo       ] GC(93) Pacer for Evacuation. Used CSet: 29241K, Free: 393M, Non-Taxable: 40320K, Alloc Tax Rate: 1.1x
[49.035s][info][gc            ] GC(93) Pause Final Mark 2.283ms
[49.035s][info][gc,start      ] GC(93) Concurrent cleanup
[49.035s][info][gc            ] GC(93) Concurrent cleanup 324M->80M(500M) 0.083ms
[49.035s][info][gc,ergo       ] GC(93) Free: 393M, Max: 256K regular, 245M humongous, Frag: 38% external, 0% internal; Reserve: 25569K, Max: 256K
[49.035s][info][gc,start      ] GC(93) Concurrent evacuation
[49.035s][info][gc,task       ] GC(93) Using 1 of 1 workers for concurrent evacuation
[49.037s][info][gc            ] GC(93) Concurrent evacuation 1.767ms
[49.037s][info][gc,start      ] GC(93) Pause Init Update Refs
[49.037s][info][gc,ergo       ] GC(93) Pacer for Update Refs. Used: 84082K, Free: 393M, Non-Taxable: 40319K, Alloc Tax Rate: 1.1x
[49.037s][info][gc            ] GC(93) Pause Init Update Refs 0.035ms
[49.037s][info][gc,start      ] GC(93) Concurrent update references
[49.037s][info][gc,task       ] GC(93) Using 1 of 1 workers for concurrent reference update
[49.083s][info][gc            ] GC(93) Concurrent update references 45.571ms
[49.085s][info][gc,start      ] GC(93) Pause Final Update Refs
[49.085s][info][gc,task       ] GC(93) Using 1 of 1 workers for final reference update
[49.086s][info][gc            ] GC(93) Pause Final Update Refs 0.396ms
[49.086s][info][gc,start      ] GC(93) Concurrent cleanup
[49.086s][info][gc            ] GC(93) Concurrent cleanup 117M->88M(500M) 0.045ms
[49.086s][info][gc,ergo       ] Free: 385M, Max: 256K regular, 362M humongous, Frag: 6% external, 0% internal; Reserve: 25600K, Max: 256K
[49.086s][info][gc,stats      ] 
[49.086s][info][gc,stats      ] All times are wall-clock times, except per-root-class counters, that are sum over
[49.086s][info][gc,stats      ] all workers. Dividing the <total> over the root stage time estimates parallelism.
[49.086s][info][gc,stats      ] 
[49.086s][info][gc,stats      ] Concurrent Reset                    462 us
[49.086s][info][gc,stats      ] Pause Init Mark (G)                4112 us
[49.086s][info][gc,stats      ] Pause Init Mark (N)                1364 us
[49.086s][info][gc,stats      ]   Accumulate Stats                   17 us
[49.086s][info][gc,stats      ]   Make Parsable                      12 us
[49.086s][info][gc,stats      ]   Update Region States               23 us
[49.086s][info][gc,stats      ]   Scan Roots                       1268 us, parallelism: 0.79x
[49.086s][info][gc,stats      ]     S: <total>                     1001 us
[49.086s][info][gc,stats      ]     S: Thread Roots                 386 us, workers (us): 386, 
[49.086s][info][gc,stats      ]     S: Universe Roots                 3 us, workers (us):   3, 
[49.086s][info][gc,stats      ]     S: JNI Handles Roots              1 us, workers (us):   1, 
[49.086s][info][gc,stats      ]     S: Synchronizer Roots             0 us, workers (us):   0, 
[49.086s][info][gc,stats      ]     S: Management Roots               2 us, workers (us):   2, 
[49.086s][info][gc,stats      ]     S: System Dict Roots             13 us, workers (us):  13, 
[49.086s][info][gc,stats      ]     S: CLDG Roots                   596 us, workers (us): 596, 
[49.086s][info][gc,stats      ]     S: JVMTI Roots                    1 us, workers (us):   1, 
[49.086s][info][gc,stats      ]   Resize TLABs                        9 us
[49.086s][info][gc,stats      ] Concurrent Marking                41380 us
[49.086s][info][gc,stats      ] Pause Final Mark (G)               2389 us
[49.086s][info][gc,stats      ] Pause Final Mark (N)               2274 us
[49.086s][info][gc,stats      ]   Finish Queues                      11 us
[49.086s][info][gc,stats      ]   System Purge                      251 us
[49.086s][info][gc,stats      ]     Weak Roots                      251 us
[49.086s][info][gc,stats      ]   Update Region States               25 us
[49.086s][info][gc,stats      ]   Retire TLABs                       11 us
[49.086s][info][gc,stats      ]   Choose Collection Set              47 us
[49.086s][info][gc,stats      ]   Rebuild Free Set                    7 us
[49.086s][info][gc,stats      ]   Initial Evacuation               1915 us, parallelism: 0.65x
[49.086s][info][gc,stats      ]     E: <total>                     1243 us
[49.086s][info][gc,stats      ]     E: Thread Roots                 400 us, workers (us): 400, 
[49.086s][info][gc,stats      ]     E: Code Cache Roots             291 us, workers (us): 291, 
[49.086s][info][gc,stats      ]     E: Universe Roots                 1 us, workers (us):   1, 
[49.086s][info][gc,stats      ]     E: JNI Handles Roots              1 us, workers (us):   1, 
[49.086s][info][gc,stats      ]     E: Synchronizer Roots             0 us, workers (us):   0, 
[49.086s][info][gc,stats      ]     E: Management Roots               1 us, workers (us):   1, 
[49.086s][info][gc,stats      ]     E: System Dict Roots             11 us, workers (us):  11, 
[49.086s][info][gc,stats      ]     E: CLDG Roots                   538 us, workers (us): 538, 
[49.086s][info][gc,stats      ]     E: JVMTI Roots                    0 us, workers (us):   0, 
[49.086s][info][gc,stats      ] Concurrent Cleanup                   74 us
[49.086s][info][gc,stats      ] Concurrent Evacuation              1758 us
[49.086s][info][gc,stats      ] Pause Init  Update Refs (G)         232 us
[49.086s][info][gc,stats      ] Pause Init  Update Refs (N)          26 us
[49.086s][info][gc,stats      ]   Retire GCLABs                       7 us
[49.086s][info][gc,stats      ] Concurrent Update Refs            45556 us
[49.086s][info][gc,stats      ] Pause Final Update Refs (G)        3303 us
[49.086s][info][gc,stats      ] Pause Final Update Refs (N)         376 us
[49.086s][info][gc,stats      ]   Update Roots                      335 us, parallelism: 0.98x
[49.086s][info][gc,stats      ]     UR: <total>                     327 us
[49.086s][info][gc,stats      ]     UR: Thread Roots                327 us, workers (us): 327, 
[49.086s][info][gc,stats      ]   Update Region States               26 us
[49.086s][info][gc,stats      ]   Trash Collection Set                2 us
[49.086s][info][gc,stats      ]   Rebuild Free Set                    7 us
[49.086s][info][gc,stats      ] Concurrent Cleanup                   37 us
[49.086s][info][gc,stats      ] Pacing                            20853 us
[49.086s][info][gc,stats      ] 
[49.086s][info][gc,stats      ] Allocation pacing accrued:
[49.086s][info][gc,stats      ]      11 of   198 ms (  5.4%): main
[49.086s][info][gc,stats      ]      10 of   198 ms (  5.1%): Executor task launch worker for task 0.0 in stage 10.0 (TID 10)
[49.086s][info][gc,stats      ]      21 of   198 ms ( 10.5%): <total>
[49.086s][info][gc,stats      ]       0 of   198 ms (  0.1%): <average total>
[49.086s][info][gc,stats      ]      10 of   198 ms (  5.3%): <average non-zero>
[49.086s][info][gc,stats      ] 
[49.086s][info][gc,metaspace  ] Metaspace: 60395K->60395K(1103872K)
[49.086s][info][gc,ergo       ] Pacer for Idle. Initial: 10240K, Alloc Tax Rate: 1.0x
[49.117s][info][gc            ] Trigger: Average GC time (305.89 ms) is above the time for allocation rate (973 MB/s) to deplete free headroom (294M)
[49.117s][info][gc,ergo       ] Free headroom: 319M (free) - 25600K (spike) - 0B (penalties) = 294M
[49.117s][info][gc,ergo       ] Free: 319M, Max: 256K regular, 319M humongous, Frag: 0% external, 0% internal; Reserve: 25600K, Max: 256K
[49.117s][info][gc,start      ] GC(94) Concurrent reset
[49.117s][info][gc,task       ] GC(94) Using 1 of 1 workers for concurrent reset
[49.117s][info][gc,ergo       ] GC(94) Pacer for Reset. Non-Taxable: 500M
[49.117s][info][gc            ] GC(94) Concurrent reset 0.126ms
[49.120s][info][gc,start      ] GC(94) Pause Init Mark
[49.120s][info][gc,task       ] GC(94) Using 1 of 1 workers for init marking
[49.121s][info][gc,ergo       ] GC(94) Pacer for Mark. Expected Live: 75110K, Free: 319M, Non-Taxable: 32742K, Alloc Tax Rate: 0.3x
[49.121s][info][gc            ] GC(94) Pause Init Mark 1.309ms
[49.121s][info][gc,start      ] GC(94) Concurrent marking
[49.121s][info][gc,task       ] GC(94) Using 1 of 1 workers for concurrent marking
[49.181s][info][gc            ] GC(94) Concurrent marking 59.692ms
[49.181s][info][gc,start      ] GC(94) Pause Final Mark
[49.181s][info][gc,task       ] GC(94) Using 1 of 1 workers for final marking
[49.181s][info][gc,ergo       ] GC(94) Adaptive CSet Selection. Target Free: 72533K, Actual Free: 293M, Max CSet: 21333K, Min Garbage: 0B
[49.182s][info][gc,ergo       ] GC(94) Collectable Garbage: 117M (98%), Immediate: 256K (0%), CSet: 117M (98%)
[49.183s][info][gc,ergo       ] GC(94) Pacer for Evacuation. Used CSet: 126M, Free: 268M, Non-Taxable: 27494K, Alloc Tax Rate: 1.2x
[49.183s][info][gc            ] GC(94) Pause Final Mark 2.228ms
[49.183s][info][gc,start      ] GC(94) Concurrent cleanup
[49.183s][info][gc            ] GC(94) Concurrent cleanup 205M->205M(500M) 0.053ms
[49.183s][info][gc,ergo       ] GC(94) Free: 268M, Max: 256K regular, 268M humongous, Frag: 1% external, 0% internal; Reserve: 25569K, Max: 256K
[49.183s][info][gc,start      ] GC(94) Concurrent evacuation
[49.183s][info][gc,task       ] GC(94) Using 1 of 1 workers for concurrent evacuation
[49.208s][info][gc            ] GC(94) Concurrent evacuation 24.374ms
[49.211s][info][gc,start      ] GC(94) Pause Init Update Refs
[49.211s][info][gc,ergo       ] GC(94) Pacer for Update Refs. Used: 237M, Free: 245M, Non-Taxable: 25164K, Alloc Tax Rate: 1.2x
[49.211s][info][gc            ] GC(94) Pause Init Update Refs 0.049ms
[49.211s][info][gc,start      ] GC(94) Concurrent update references
[49.211s][info][gc,task       ] GC(94) Using 1 of 1 workers for concurrent reference update
[49.350s][info][gc            ] GC(94) Concurrent update references 139.680ms
[49.353s][info][gc,start      ] GC(94) Pause Final Update Refs
[49.353s][info][gc,task       ] GC(94) Using 1 of 1 workers for final reference update
[49.353s][info][gc            ] GC(94) Pause Final Update Refs 0.395ms
[49.358s][info][gc,start      ] GC(94) Concurrent cleanup
[49.358s][info][gc            ] GC(94) Concurrent cleanup 330M->214M(500M) 0.071ms
[49.358s][info][gc,ergo       ] Free: 259M, Max: 256K regular, 143M humongous, Frag: 45% external, 0% internal; Reserve: 25600K, Max: 256K
[49.358s][info][gc,stats      ] 
[49.358s][info][gc,stats      ] All times are wall-clock times, except per-root-class counters, that are sum over
[49.358s][info][gc,stats      ] all workers. Dividing the <total> over the root stage time estimates parallelism.
[49.358s][info][gc,stats      ] 
[49.358s][info][gc,stats      ] Concurrent Reset                    118 us
[49.358s][info][gc,stats      ] Pause Init Mark (G)                3813 us
[49.358s][info][gc,stats      ] Pause Init Mark (N)                1288 us
[49.358s][info][gc,stats      ]   Accumulate Stats                   13 us
[49.358s][info][gc,stats      ]   Make Parsable                       8 us
[49.358s][info][gc,stats      ]   Update Region States               21 us
[49.358s][info][gc,stats      ]   Scan Roots                       1210 us, parallelism: 0.77x
[49.358s][info][gc,stats      ]     S: <total>                      934 us
[49.358s][info][gc,stats      ]     S: Thread Roots                 397 us, workers (us): 397, 
[49.358s][info][gc,stats      ]     S: Universe Roots                 2 us, workers (us):   2, 
[49.358s][info][gc,stats      ]     S: JNI Handles Roots              1 us, workers (us):   1, 
[49.358s][info][gc,stats      ]     S: Synchronizer Roots             0 us, workers (us):   0, 
[49.358s][info][gc,stats      ]     S: Management Roots               1 us, workers (us):   1, 
[49.358s][info][gc,stats      ]     S: System Dict Roots             11 us, workers (us):  11, 
[49.358s][info][gc,stats      ]     S: CLDG Roots                   523 us, workers (us): 523, 
[49.358s][info][gc,stats      ]     S: JVMTI Roots                    0 us, workers (us):   0, 
[49.358s][info][gc,stats      ]   Resize TLABs                        9 us
[49.358s][info][gc,stats      ] Concurrent Marking                59683 us
[49.358s][info][gc,stats      ] Pause Final Mark (G)               2339 us
[49.358s][info][gc,stats      ] Pause Final Mark (N)               2219 us
[49.358s][info][gc,stats      ]   Finish Queues                      10 us
[49.358s][info][gc,stats      ]   System Purge                      280 us
[49.358s][info][gc,stats      ]     Weak Roots                      280 us
[49.358s][info][gc,stats      ]   Update Region States               25 us
[49.358s][info][gc,stats      ]   Retire TLABs                       12 us
[49.358s][info][gc,stats      ]   Choose Collection Set              87 us
[49.358s][info][gc,stats      ]   Rebuild Free Set                    6 us
[49.358s][info][gc,stats      ]   Initial Evacuation               1791 us, parallelism: 0.63x
[49.358s][info][gc,stats      ]     E: <total>                     1135 us
[49.358s][info][gc,stats      ]     E: Thread Roots                 381 us, workers (us): 381, 
[49.358s][info][gc,stats      ]     E: Code Cache Roots             280 us, workers (us): 280, 
[49.358s][info][gc,stats      ]     E: Universe Roots                 1 us, workers (us):   1, 
[49.358s][info][gc,stats      ]     E: JNI Handles Roots              1 us, workers (us):   1, 
[49.358s][info][gc,stats      ]     E: Synchronizer Roots             1 us, workers (us):   1, 
[49.358s][info][gc,stats      ]     E: Management Roots               1 us, workers (us):   1, 
[49.358s][info][gc,stats      ]     E: System Dict Roots              8 us, workers (us):   8, 
[49.358s][info][gc,stats      ]     E: CLDG Roots                   462 us, workers (us): 462, 
[49.358s][info][gc,stats      ]     E: JVMTI Roots                    1 us, workers (us):   1, 
[49.358s][info][gc,stats      ] Concurrent Cleanup                   34 us
[49.358s][info][gc,stats      ] Concurrent Evacuation             24361 us
[49.358s][info][gc,stats      ] Pause Init  Update Refs (G)        2704 us
[49.358s][info][gc,stats      ] Pause Init  Update Refs (N)          16 us
[49.358s][info][gc,stats      ]   Retire GCLABs                       7 us
[49.358s][info][gc,stats      ] Concurrent Update Refs           139665 us
[49.358s][info][gc,stats      ] Pause Final Update Refs (G)        7258 us
[49.358s][info][gc,stats      ] Pause Final Update Refs (N)         377 us
[49.358s][info][gc,stats      ]   Update Roots                      334 us, parallelism: 0.98x
[49.358s][info][gc,stats      ]     UR: <total>                     328 us
[49.358s][info][gc,stats      ]     UR: Thread Roots                328 us, workers (us): 328, 
[49.358s][info][gc,stats      ]   Update Region States               26 us
[49.358s][info][gc,stats      ]   Trash Collection Set                3 us
[49.358s][info][gc,stats      ]   Rebuild Free Set                    7 us
[49.358s][info][gc,stats      ] Concurrent Cleanup                   51 us
[49.358s][info][gc,stats      ] Pacing                             3890 us
[49.358s][info][gc,stats      ] 
[49.358s][info][gc,stats      ] Allocation pacing accrued:
[49.358s][info][gc,stats      ]       4 of   272 ms (  1.4%): Executor task launch worker for task 0.0 in stage 10.0 (TID 10)
[49.358s][info][gc,stats      ]       4 of   272 ms (  1.4%): <total>
[49.358s][info][gc,stats      ]       0 of   272 ms (  0.0%): <average total>
[49.358s][info][gc,stats      ]       4 of   272 ms (  1.4%): <average non-zero>
[49.358s][info][gc,stats      ] 
[49.358s][info][gc,metaspace  ] Metaspace: 60395K->60395K(1103872K)
[49.358s][info][gc,ergo       ] Pacer for Idle. Initial: 10240K, Alloc Tax Rate: 1.0x
[49.369s][info][gc            ] Trigger: Average GC time (270.86 ms) is above the time for allocation rate (799 MB/s) to deplete free headroom (211M)
[49.369s][info][gc,ergo       ] Free headroom: 236M (free) - 25600K (spike) - 0B (penalties) = 211M
[49.369s][info][gc,ergo       ] Free: 236M, Max: 256K regular, 143M humongous, Frag: 40% external, 0% internal; Reserve: 25600K, Max: 256K
[49.369s][info][gc,start      ] GC(95) Concurrent reset
[49.369s][info][gc,task       ] GC(95) Using 1 of 1 workers for concurrent reset
[49.369s][info][gc,ergo       ] GC(95) Pacer for Reset. Non-Taxable: 500M
[49.370s][info][gc            ] GC(95) Concurrent reset 0.243ms
[49.372s][info][gc,start      ] GC(95) Pause Init Mark (process weakrefs)
[49.372s][info][gc,task       ] GC(95) Using 1 of 1 workers for init marking
[49.374s][info][gc,ergo       ] GC(95) Pacer for Mark. Expected Live: 69594K, Free: 236M, Non-Taxable: 24192K, Alloc Tax Rate: 0.4x
[49.374s][info][gc            ] GC(95) Pause Init Mark (process weakrefs) 1.349ms
[49.374s][info][gc,start      ] GC(95) Concurrent marking (process weakrefs)
[49.374s][info][gc,task       ] GC(95) Using 1 of 1 workers for concurrent marking
[49.446s][info][gc            ] GC(95) Concurrent marking (process weakrefs) 72.555ms
[49.446s][info][gc,start      ] GC(95) Concurrent precleaning
[49.446s][info][gc,task       ] GC(95) Using 1 of 1 workers for concurrent preclean
[49.446s][info][gc,ergo       ] GC(95) Pacer for Precleaning. Non-Taxable: 500M
[49.451s][info][gc            ] GC(95) Concurrent precleaning 4.506ms
[49.453s][info][gc,start      ] GC(95) Pause Final Mark (process weakrefs)
[49.453s][info][gc,task       ] GC(95) Using 1 of 1 workers for final marking
[49.454s][info][gc,ergo       ] GC(95) Adaptive CSet Selection. Target Free: 72533K, Actual Free: 211M, Max CSet: 21333K, Min Garbage: 0B
[49.454s][info][gc,ergo       ] GC(95) Collectable Garbage: 184M (99%), Immediate: 1536K (0%), CSet: 183M (98%)
[49.455s][info][gc,ergo       ] GC(95) Pacer for Evacuation. Used CSet: 197M, Free: 186M, Non-Taxable: 19123K, Alloc Tax Rate: 2.6x
[49.455s][info][gc            ] GC(95) Pause Final Mark (process weakrefs) 2.249ms
[49.456s][info][gc,start      ] GC(95) Concurrent cleanup
[49.456s][info][gc            ] GC(95) Concurrent cleanup 288M->287M(500M) 0.042ms
[49.456s][info][gc,ergo       ] GC(95) Free: 186M, Max: 256K regular, 143M humongous, Frag: 24% external, 1% internal; Reserve: 25600K, Max: 256K
[49.456s][info][gc,start      ] GC(95) Concurrent evacuation
[49.456s][info][gc,task       ] GC(95) Using 1 of 1 workers for concurrent evacuation
[49.495s][info][gc            ] GC(95) Concurrent evacuation 39.640ms
[49.498s][info][gc,start      ] GC(95) Pause Init Update Refs
[49.498s][info][gc,ergo       ] GC(95) Pacer for Update Refs. Used: 334M, Free: 153M, Non-Taxable: 15744K, Alloc Tax Rate: 2.7x
[49.498s][info][gc            ] GC(95) Pause Init Update Refs 0.055ms
[49.498s][info][gc,start      ] GC(95) Concurrent update references
[49.498s][info][gc,task       ] GC(95) Using 1 of 1 workers for concurrent reference update
[49.624s][info][gc            ] GC(95) Concurrent update references 125.607ms
[49.626s][info][gc,start      ] GC(95) Pause Final Update Refs
[49.626s][info][gc,task       ] GC(95) Using 1 of 1 workers for final reference update
[49.627s][info][gc            ] GC(95) Pause Final Update Refs 0.449ms
[49.627s][info][gc,start      ] GC(95) Concurrent cleanup
[49.627s][info][gc            ] GC(95) Concurrent cleanup 450M->252M(500M) 0.069ms
[49.627s][info][gc,ergo       ] Free: 221M, Max: 256K regular, 135M humongous, Frag: 39% external, 1% internal; Reserve: 25600K, Max: 256K
[49.627s][info][gc,stats      ] 
[49.627s][info][gc,stats      ] All times are wall-clock times, except per-root-class counters, that are sum over
[49.627s][info][gc,stats      ] all workers. Dividing the <total> over the root stage time estimates parallelism.
[49.627s][info][gc,stats      ] 
[49.627s][info][gc,stats      ] Concurrent Reset                    235 us
[49.627s][info][gc,stats      ] Pause Init Mark (G)                3937 us
[49.627s][info][gc,stats      ] Pause Init Mark (N)                1313 us
[49.627s][info][gc,stats      ]   Accumulate Stats                   17 us
[49.627s][info][gc,stats      ]   Make Parsable                      10 us
[49.627s][info][gc,stats      ]   Update Region States               23 us
[49.627s][info][gc,stats      ]   Scan Roots                       1211 us, parallelism: 0.78x
[49.627s][info][gc,stats      ]     S: <total>                      940 us
[49.627s][info][gc,stats      ]     S: Thread Roots                 408 us, workers (us): 408, 
[49.627s][info][gc,stats      ]     S: Universe Roots                 2 us, workers (us):   2, 
[49.627s][info][gc,stats      ]     S: JNI Handles Roots              1 us, workers (us):   1, 
[49.627s][info][gc,stats      ]     S: Synchronizer Roots             0 us, workers (us):   0, 
[49.627s][info][gc,stats      ]     S: Management Roots               2 us, workers (us):   2, 
[49.627s][info][gc,stats      ]     S: System Dict Roots             11 us, workers (us):  11, 
[49.627s][info][gc,stats      ]     S: CLDG Roots                   514 us, workers (us): 514, 
[49.627s][info][gc,stats      ]     S: JVMTI Roots                    0 us, workers (us):   0, 
[49.627s][info][gc,stats      ]   Resize TLABs                       10 us
[49.627s][info][gc,stats      ] Concurrent Marking                72546 us
[49.627s][info][gc,stats      ] Concurrent Precleaning             4484 us
[49.627s][info][gc,stats      ] Pause Final Mark (G)               4715 us
[49.627s][info][gc,stats      ] Pause Final Mark (N)               2234 us
[49.627s][info][gc,stats      ]   Finish Queues                      20 us
[49.627s][info][gc,stats      ]   Weak References                    23 us
[49.627s][info][gc,stats      ]     Process                          20 us
[49.627s][info][gc,stats      ]   System Purge                      295 us
[49.627s][info][gc,stats      ]     Weak Roots                      295 us
[49.627s][info][gc,stats      ]   Update Region States               27 us
[49.627s][info][gc,stats      ]   Retire TLABs                       15 us
[49.627s][info][gc,stats      ]   Choose Collection Set             120 us
[49.627s][info][gc,stats      ]   Rebuild Free Set                    6 us
[49.627s][info][gc,stats      ]   Initial Evacuation               1721 us, parallelism: 0.64x
[49.627s][info][gc,stats      ]     E: <total>                     1105 us
[49.627s][info][gc,stats      ]     E: Thread Roots                 389 us, workers (us): 389, 
[49.627s][info][gc,stats      ]     E: Code Cache Roots             183 us, workers (us): 183, 
[49.627s][info][gc,stats      ]     E: Universe Roots                 1 us, workers (us):   1, 
[49.627s][info][gc,stats      ]     E: JNI Handles Roots              1 us, workers (us):   1, 
[49.627s][info][gc,stats      ]     E: Synchronizer Roots             0 us, workers (us):   0, 
[49.627s][info][gc,stats      ]     E: Management Roots               1 us, workers (us):   1, 
[49.627s][info][gc,stats      ]     E: System Dict Roots              9 us, workers (us):   9, 
[49.627s][info][gc,stats      ]     E: CLDG Roots                   520 us, workers (us): 520, 
[49.627s][info][gc,stats      ]     E: JVMTI Roots                    0 us, workers (us):   0, 
[49.627s][info][gc,stats      ] Concurrent Cleanup                   34 us
[49.627s][info][gc,stats      ] Concurrent Evacuation             39628 us
[49.627s][info][gc,stats      ] Pause Init  Update Refs (G)        2783 us
[49.627s][info][gc,stats      ] Pause Init  Update Refs (N)          23 us
[49.627s][info][gc,stats      ]   Retire GCLABs                       9 us
[49.627s][info][gc,stats      ] Concurrent Update Refs           125588 us
[49.627s][info][gc,stats      ] Pause Final Update Refs (G)        3062 us
[49.627s][info][gc,stats      ] Pause Final Update Refs (N)         422 us
[49.627s][info][gc,stats      ]   Update Roots                      377 us, parallelism: 0.98x
[49.627s][info][gc,stats      ]     UR: <total>                     369 us
[49.627s][info][gc,stats      ]     UR: Thread Roots                369 us, workers (us): 369, 
[49.627s][info][gc,stats      ]   Update Region States               27 us
[49.627s][info][gc,stats      ]   Trash Collection Set                4 us
[49.627s][info][gc,stats      ]   Rebuild Free Set                    6 us
[49.627s][info][gc,stats      ] Concurrent Cleanup                   62 us
[49.627s][info][gc,stats      ] Pacing                            36533 us
[49.627s][info][gc,stats      ] 
[49.627s][info][gc,stats      ] Allocation pacing accrued:
[49.627s][info][gc,stats      ]      37 of   269 ms ( 13.6%): Executor task launch worker for task 0.0 in stage 10.0 (TID 10)
[49.627s][info][gc,stats      ]      37 of   269 ms ( 13.6%): <total>
[49.627s][info][gc,stats      ]       0 of   269 ms (  0.1%): <average total>
[49.627s][info][gc,stats      ]      37 of   269 ms ( 13.6%): <average non-zero>
[49.627s][info][gc,stats      ] 
[49.627s][info][gc,metaspace  ] Metaspace: 60395K->60397K(1103872K)
[49.627s][info][gc,ergo       ] Pacer for Idle. Initial: 10240K, Alloc Tax Rate: 1.0x
[49.628s][info][gc            ] Trigger: Average GC time (267.79 ms) is above the time for allocation rate (781 MB/s) to deplete free headroom (194M)
[49.628s][info][gc,ergo       ] Free headroom: 219M (free) - 25600K (spike) - 0B (penalties) = 194M
[49.629s][info][gc,ergo       ] Free: 219M, Max: 256K regular, 135M humongous, Frag: 39% external, 1% internal; Reserve: 25600K, Max: 256K
[49.629s][info][gc,start      ] GC(96) Concurrent reset
[49.629s][info][gc,task       ] GC(96) Using 1 of 1 workers for concurrent reset
[49.629s][info][gc,ergo       ] GC(96) Pacer for Reset. Non-Taxable: 500M
[49.629s][info][gc            ] GC(96) Concurrent reset 0.344ms
[49.632s][info][gc,start      ] GC(96) Pause Init Mark
[49.632s][info][gc,task       ] GC(96) Using 1 of 1 workers for init marking
[49.634s][info][gc,ergo       ] GC(96) Pacer for Mark. Expected Live: 63610K, Free: 219M, Non-Taxable: 22425K, Alloc Tax Rate: 0.3x
[49.634s][info][gc            ] GC(96) Pause Init Mark 2.286ms
[49.634s][info][gc,start      ] GC(96) Concurrent marking
[49.634s][info][gc,task       ] GC(96) Using 1 of 1 workers for concurrent marking
[49.721s][info][gc            ] GC(96) Concurrent marking 87.190ms
[49.721s][info][gc,start      ] GC(96) Pause Final Mark
[49.721s][info][gc,task       ] GC(96) Using 1 of 1 workers for final marking
[49.722s][info][gc,ergo       ] GC(96) Adaptive CSet Selection. Target Free: 72533K, Actual Free: 201M, Max CSet: 21333K, Min Garbage: 0B
[49.722s][info][gc,ergo       ] GC(96) Collectable Garbage: 187M (99%), Immediate: 0B (0%), CSet: 187M (99%)
[49.724s][info][gc,ergo       ] GC(96) Pacer for Evacuation. Used CSet: 202M, Free: 176M, Non-Taxable: 18073K, Alloc Tax Rate: 2.8x
[49.724s][info][gc            ] GC(96) Pause Final Mark 2.304ms
[49.724s][info][gc,start      ] GC(96) Concurrent cleanup
[49.724s][info][gc            ] GC(96) Concurrent cleanup 298M->298M(500M) 0.057ms
[49.724s][info][gc,ergo       ] GC(96) Free: 175M, Max: 256K regular, 135M humongous, Frag: 23% external, 1% internal; Reserve: 25593K, Max: 256K
[49.724s][info][gc,start      ] GC(96) Concurrent evacuation
[49.724s][info][gc,task       ] GC(96) Using 1 of 1 workers for concurrent evacuation
[49.764s][info][gc            ] GC(96) Concurrent evacuation 39.434ms
[49.766s][info][gc,start      ] GC(96) Pause Init Update Refs
[49.767s][info][gc,ergo       ] GC(96) Pacer for Update Refs. Used: 359M, Free: 130M, Non-Taxable: 13312K, Alloc Tax Rate: 3.4x
[49.767s][info][gc            ] GC(96) Pause Init Update Refs 0.039ms
[49.767s][info][gc,start      ] GC(96) Concurrent update references
[49.767s][info][gc,task       ] GC(96) Using 1 of 1 workers for concurrent reference update
[49.892s][info][gc            ] GC(96) Concurrent update references 125.253ms
[49.892s][info][gc,start      ] GC(96) Pause Final Update Refs
[49.892s][info][gc,task       ] GC(96) Using 1 of 1 workers for final reference update
[49.892s][info][gc            ] GC(96) Pause Final Update Refs 0.416ms
[49.892s][info][gc,start      ] GC(96) Concurrent cleanup
[49.893s][info][gc            ] GC(96) Concurrent cleanup 463M->260M(500M) 0.070ms
[49.893s][info][gc,ergo       ] Free: 212M, Max: 256K regular, 115M humongous, Frag: 46% external, 1% internal; Reserve: 25600K, Max: 256K
[49.893s][info][gc,stats      ] 
[49.893s][info][gc,stats      ] All times are wall-clock times, except per-root-class counters, that are sum over
[49.893s][info][gc,stats      ] all workers. Dividing the <total> over the root stage time estimates parallelism.
[49.893s][info][gc,stats      ] 
[49.893s][info][gc,stats      ] Concurrent Reset                    334 us
[49.893s][info][gc,stats      ] Pause Init Mark (G)                5156 us
[49.893s][info][gc,stats      ] Pause Init Mark (N)                2241 us
[49.893s][info][gc,stats      ]   Accumulate Stats                   17 us
[49.893s][info][gc,stats      ]   Make Parsable                      16 us
[49.893s][info][gc,stats      ]   Update Region States               47 us
[49.893s][info][gc,stats      ]   Scan Roots                       2074 us, parallelism: 0.84x
[49.893s][info][gc,stats      ]     S: <total>                     1747 us
[49.893s][info][gc,stats      ]     S: Thread Roots                 825 us, workers (us): 825, 
[49.893s][info][gc,stats      ]     S: Universe Roots                 3 us, workers (us):   3, 
[49.893s][info][gc,stats      ]     S: JNI Handles Roots              2 us, workers (us):   2, 
[49.893s][info][gc,stats      ]     S: Synchronizer Roots             0 us, workers (us):   0, 
[49.893s][info][gc,stats      ]     S: Management Roots               2 us, workers (us):   2, 
[49.893s][info][gc,stats      ]     S: System Dict Roots             18 us, workers (us):  18, 
[49.893s][info][gc,stats      ]     S: CLDG Roots                   897 us, workers (us): 897, 
[49.893s][info][gc,stats      ]     S: JVMTI Roots                    1 us, workers (us):   1, 
[49.893s][info][gc,stats      ]   Resize TLABs                       21 us
[49.893s][info][gc,stats      ] Concurrent Marking                87169 us
[49.893s][info][gc,stats      ] Pause Final Mark (G)               3012 us
[49.893s][info][gc,stats      ] Pause Final Mark (N)               2293 us
[49.893s][info][gc,stats      ]   Finish Queues                      11 us
[49.893s][info][gc,stats      ]   System Purge                      245 us
[49.893s][info][gc,stats      ]     Weak Roots                      245 us
[49.893s][info][gc,stats      ]   Update Region States               25 us
[49.893s][info][gc,stats      ]   Retire TLABs                       12 us
[49.893s][info][gc,stats      ]   Choose Collection Set             115 us
[49.893s][info][gc,stats      ]   Rebuild Free Set                    6 us
[49.893s][info][gc,stats      ]   Initial Evacuation               1873 us, parallelism: 0.63x
[49.893s][info][gc,stats      ]     E: <total>                     1175 us
[49.893s][info][gc,stats      ]     E: Thread Roots                 487 us, workers (us): 487, 
[49.893s][info][gc,stats      ]     E: Code Cache Roots             182 us, workers (us): 182, 
[49.893s][info][gc,stats      ]     E: Universe Roots                 1 us, workers (us):   1, 
[49.893s][info][gc,stats      ]     E: JNI Handles Roots              1 us, workers (us):   1, 
[49.893s][info][gc,stats      ]     E: Synchronizer Roots             0 us, workers (us):   0, 
[49.893s][info][gc,stats      ]     E: Management Roots               1 us, workers (us):   1, 
[49.893s][info][gc,stats      ]     E: System Dict Roots              8 us, workers (us):   8, 
[49.893s][info][gc,stats      ]     E: CLDG Roots                   495 us, workers (us): 495, 
[49.893s][info][gc,stats      ]     E: JVMTI Roots                    0 us, workers (us):   0, 
[49.893s][info][gc,stats      ] Concurrent Cleanup                   33 us
[49.893s][info][gc,stats      ] Concurrent Evacuation             39422 us
[49.893s][info][gc,stats      ] Pause Init  Update Refs (G)        2673 us
[49.893s][info][gc,stats      ] Pause Init  Update Refs (N)          14 us
[49.893s][info][gc,stats      ]   Retire GCLABs                       8 us
[49.893s][info][gc,stats      ] Concurrent Update Refs           125239 us
[49.893s][info][gc,stats      ] Pause Final Update Refs (G)         630 us
[49.893s][info][gc,stats      ] Pause Final Update Refs (N)         406 us
[49.893s][info][gc,stats      ]   Update Roots                      361 us, parallelism: 0.98x
[49.893s][info][gc,stats      ]     UR: <total>                     353 us
[49.893s][info][gc,stats      ]     UR: Thread Roots                353 us, workers (us): 353, 
[49.893s][info][gc,stats      ]   Update Region States               27 us
[49.893s][info][gc,stats      ]   Trash Collection Set                4 us
[49.893s][info][gc,stats      ]   Rebuild Free Set                    7 us
[49.893s][info][gc,stats      ] Concurrent Cleanup                   64 us
[49.893s][info][gc,stats      ] Pacing                            66441 us
[49.893s][info][gc,stats      ] 
[49.893s][info][gc,stats      ] Allocation pacing accrued:
[49.893s][info][gc,stats      ]      13 of   266 ms (  4.8%): Spark Context Cleaner
[49.893s][info][gc,stats      ]      54 of   266 ms ( 20.2%): Executor task launch worker for task 0.0 in stage 10.0 (TID 10)
[49.893s][info][gc,stats      ]      66 of   266 ms ( 25.0%): <total>
[49.893s][info][gc,stats      ]       1 of   266 ms (  0.2%): <average total>
[49.893s][info][gc,stats      ]      33 of   266 ms ( 12.5%): <average non-zero>
[49.893s][info][gc,stats      ] 
[49.893s][info][gc,metaspace  ] Metaspace: 60397K->60397K(1103872K)
[49.893s][info][gc,ergo       ] Pacer for Idle. Initial: 10240K, Alloc Tax Rate: 1.0x
[49.912s][info][gc            ] Trigger: Average GC time (249.30 ms) is above the time for allocation rate (717 MB/s) to deplete free headroom (178M)
[49.912s][info][gc,ergo       ] Free headroom: 203M (free) - 25600K (spike) - 0B (penalties) = 178M
[49.912s][info][gc,ergo       ] Free: 203M, Max: 256K regular, 115M humongous, Frag: 44% external, 1% internal; Reserve: 25600K, Max: 256K
[49.912s][info][gc,start      ] GC(97) Concurrent reset
[49.912s][info][gc,task       ] GC(97) Using 1 of 1 workers for concurrent reset
[49.912s][info][gc,ergo       ] GC(97) Pacer for Reset. Non-Taxable: 500M
[49.913s][info][gc            ] GC(97) Concurrent reset 0.573ms
[49.916s][info][gc,start      ] GC(97) Pause Init Mark
[49.916s][info][gc,task       ] GC(97) Using 1 of 1 workers for init marking
[49.917s][info][gc,ergo       ] GC(97) Pacer for Mark. Expected Live: 58064K, Free: 203M, Non-Taxable: 20787K, Alloc Tax Rate: 0.3x
[49.917s][info][gc            ] GC(97) Pause Init Mark 1.360ms
[49.917s][info][gc,start      ] GC(97) Concurrent marking
[49.917s][info][gc,task       ] GC(97) Using 1 of 1 workers for concurrent marking
[50.005s][info][gc            ] GC(97) Concurrent marking 87.561ms
[50.005s][info][gc,start      ] GC(97) Pause Final Mark
[50.005s][info][gc,task       ] GC(97) Using 1 of 1 workers for final marking
[50.005s][info][gc,ergo       ] GC(97) Adaptive CSet Selection. Target Free: 72533K, Actual Free: 183M, Max CSet: 21333K, Min Garbage: 0B
[50.005s][info][gc,ergo       ] GC(97) Collectable Garbage: 186M (98%), Immediate: 2048K (1%), CSet: 184M (97%)
[50.007s][info][gc,ergo       ] GC(97) Pacer for Evacuation. Used CSet: 199M, Free: 158M, Non-Taxable: 16230K, Alloc Tax Rate: 3.1x
[50.007s][info][gc            ] GC(97) Pause Final Mark 2.190ms
[50.007s][info][gc,start      ] GC(97) Concurrent cleanup
[50.007s][info][gc            ] GC(97) Concurrent cleanup 317M->315M(500M) 0.042ms
[50.007s][info][gc,ergo       ] GC(97) Free: 158M, Max: 256K regular, 115M humongous, Frag: 28% external, 1% internal; Reserve: 25600K, Max: 256K
[50.007s][info][gc,start      ] GC(97) Concurrent evacuation
[50.007s][info][gc,task       ] GC(97) Using 1 of 1 workers for concurrent evacuation
[50.042s][info][gc            ] GC(97) Concurrent evacuation 35.156ms
[50.045s][info][gc,start      ] GC(97) Pause Init Update Refs
[50.045s][info][gc,ergo       ] GC(97) Pacer for Update Refs. Used: 368M, Free: 120M, Non-Taxable: 12313K, Alloc Tax Rate: 3.7x
[50.045s][info][gc            ] GC(97) Pause Init Update Refs 0.029ms
[50.045s][info][gc,start      ] GC(97) Concurrent update references
[50.045s][info][gc,task       ] GC(97) Using 1 of 1 workers for concurrent reference update
[50.176s][info][gc            ] GC(97) Concurrent update references 131.063ms
[50.176s][info][gc,start      ] GC(97) Pause Final Update Refs
[50.176s][info][gc,task       ] GC(97) Using 1 of 1 workers for final reference update
[50.177s][info][gc            ] GC(97) Pause Final Update Refs 0.454ms
[50.178s][info][gc,start      ] GC(97) Concurrent cleanup
[50.178s][info][gc            ] GC(97) Concurrent cleanup 464M->269M(500M) 0.080ms
[50.178s][info][gc,ergo       ] Free: 204M, Max: 256K regular, 76800K humongous, Frag: 64% external, 1% internal; Reserve: 25600K, Max: 256K
[50.178s][info][gc,stats      ] 
[50.178s][info][gc,stats      ] All times are wall-clock times, except per-root-class counters, that are sum over
[50.178s][info][gc,stats      ] all workers. Dividing the <total> over the root stage time estimates parallelism.
[50.179s][info][gc,stats      ] 
[50.179s][info][gc,stats      ] Concurrent Reset                    554 us
[50.179s][info][gc,stats      ] Pause Init Mark (G)                4331 us
[50.179s][info][gc,stats      ] Pause Init Mark (N)                1332 us
[50.179s][info][gc,stats      ]   Accumulate Stats                   14 us
[50.179s][info][gc,stats      ]   Make Parsable                      11 us
[50.179s][info][gc,stats      ]   Update Region States               23 us
[50.179s][info][gc,stats      ]   Scan Roots                       1240 us, parallelism: 0.77x
[50.179s][info][gc,stats      ]     S: <total>                      958 us
[50.179s][info][gc,stats      ]     S: Thread Roots                 412 us, workers (us): 412, 
[50.179s][info][gc,stats      ]     S: Universe Roots                 2 us, workers (us):   2, 
[50.179s][info][gc,stats      ]     S: JNI Handles Roots              2 us, workers (us):   2, 
[50.179s][info][gc,stats      ]     S: Synchronizer Roots             0 us, workers (us):   0, 
[50.179s][info][gc,stats      ]     S: Management Roots               1 us, workers (us):   1, 
[50.179s][info][gc,stats      ]     S: System Dict Roots             12 us, workers (us):  12, 
[50.179s][info][gc,stats      ]     S: CLDG Roots                   529 us, workers (us): 529, 
[50.179s][info][gc,stats      ]     S: JVMTI Roots                    1 us, workers (us):   1, 
[50.179s][info][gc,stats      ]   Resize TLABs                       10 us
[50.179s][info][gc,stats      ] Concurrent Marking                87552 us
[50.179s][info][gc,stats      ] Pause Final Mark (G)               2314 us
[50.179s][info][gc,stats      ] Pause Final Mark (N)               2171 us
[50.179s][info][gc,stats      ]   Finish Queues                      13 us
[50.179s][info][gc,stats      ]   System Purge                      252 us
[50.179s][info][gc,stats      ]     Weak Roots                      252 us
[50.179s][info][gc,stats      ]   Update Region States               26 us
[50.179s][info][gc,stats      ]   Retire TLABs                       11 us
[50.179s][info][gc,stats      ]   Choose Collection Set             123 us
[50.179s][info][gc,stats      ]   Rebuild Free Set                    6 us
[50.179s][info][gc,stats      ]   Initial Evacuation               1731 us, parallelism: 0.65x
[50.179s][info][gc,stats      ]     E: <total>                     1117 us
[50.179s][info][gc,stats      ]     E: Thread Roots                 458 us, workers (us): 458, 
[50.179s][info][gc,stats      ]     E: Code Cache Roots             182 us, workers (us): 182, 
[50.179s][info][gc,stats      ]     E: Universe Roots                 1 us, workers (us):   1, 
[50.179s][info][gc,stats      ]     E: JNI Handles Roots              1 us, workers (us):   1, 
[50.179s][info][gc,stats      ]     E: Synchronizer Roots             0 us, workers (us):   0, 
[50.179s][info][gc,stats      ]     E: Management Roots               1 us, workers (us):   1, 
[50.179s][info][gc,stats      ]     E: System Dict Roots              9 us, workers (us):   9, 
[50.179s][info][gc,stats      ]     E: CLDG Roots                   465 us, workers (us): 465, 
[50.179s][info][gc,stats      ]     E: JVMTI Roots                    0 us, workers (us):   0, 
[50.179s][info][gc,stats      ] Concurrent Cleanup                   34 us
[50.179s][info][gc,stats      ] Concurrent Evacuation             35145 us
[50.179s][info][gc,stats      ] Pause Init  Update Refs (G)        2637 us
[50.179s][info][gc,stats      ] Pause Init  Update Refs (N)          14 us
[50.179s][info][gc,stats      ]   Retire GCLABs                       7 us
[50.179s][info][gc,stats      ] Concurrent Update Refs           131048 us
[50.179s][info][gc,stats      ] Pause Final Update Refs (G)        2342 us
[50.179s][info][gc,stats      ] Pause Final Update Refs (N)         442 us
[50.179s][info][gc,stats      ]   Update Roots                      345 us, parallelism: 0.98x
[50.179s][info][gc,stats      ]     UR: <total>                     338 us
[50.179s][info][gc,stats      ]     UR: Thread Roots                338 us, workers (us): 338, 
[50.179s][info][gc,stats      ]   Update Region States               79 us
[50.179s][info][gc,stats      ]   Trash Collection Set                4 us
[50.179s][info][gc,stats      ]   Rebuild Free Set                    7 us
[50.179s][info][gc,stats      ] Concurrent Cleanup                   64 us
[50.179s][info][gc,stats      ] Pacing                           100707 us
[50.179s][info][gc,stats      ] 
[50.179s][info][gc,stats      ] Allocation pacing accrued:
[50.179s][info][gc,stats      ]       8 of   286 ms (  2.7%): Spark Context Cleaner
[50.179s][info][gc,stats      ]      93 of   286 ms ( 32.5%): Executor task launch worker for task 0.0 in stage 10.0 (TID 10)
[50.179s][info][gc,stats      ]     101 of   286 ms ( 35.2%): <total>
[50.179s][info][gc,stats      ]       1 of   286 ms (  0.3%): <average total>
[50.179s][info][gc,stats      ]      50 of   286 ms ( 17.6%): <average non-zero>
[50.179s][info][gc,stats      ] 
[50.179s][info][gc,metaspace  ] Metaspace: 60397K->60397K(1103872K)
[50.179s][info][gc,ergo       ] Pacer for Idle. Initial: 10240K, Alloc Tax Rate: 1.0x
[50.198s][info][gc            ] Trigger: Average GC time (225.56 ms) is above the time for allocation rate (722 MB/s) to deplete free headroom (157M)
[50.198s][info][gc,ergo       ] Free headroom: 182M (free) - 25600K (spike) - 0B (penalties) = 157M
[50.198s][info][gc,ergo       ] Free: 182M, Max: 256K regular, 76800K humongous, Frag: 59% external, 1% internal; Reserve: 25600K, Max: 256K
[50.198s][info][gc,start      ] GC(98) Concurrent reset
[50.198s][info][gc,task       ] GC(98) Using 1 of 1 workers for concurrent reset
[50.198s][info][gc,ergo       ] GC(98) Pacer for Reset. Non-Taxable: 500M
[50.199s][info][gc            ] GC(98) Concurrent reset 0.398ms
[50.201s][info][gc,start      ] GC(98) Pause Init Mark
[50.201s][info][gc,task       ] GC(98) Using 1 of 1 workers for init marking
[50.203s][info][gc,ergo       ] GC(98) Pacer for Mark. Expected Live: 52885K, Free: 182M, Non-Taxable: 18713K, Alloc Tax Rate: 0.3x
[50.203s][info][gc            ] GC(98) Pause Init Mark 1.428ms
[50.203s][info][gc,start      ] GC(98) Concurrent marking
[50.203s][info][gc,task       ] GC(98) Using 1 of 1 workers for concurrent marking
[50.310s][info][gc            ] GC(98) Concurrent marking 106.741ms
[50.310s][info][gc,start      ] GC(98) Pause Final Mark
[50.310s][info][gc,task       ] GC(98) Using 1 of 1 workers for final marking
[50.310s][info][gc,ergo       ] GC(98) Adaptive CSet Selection. Target Free: 72533K, Actual Free: 162M, Max CSet: 21333K, Min Garbage: 0B
[50.310s][info][gc,ergo       ] GC(98) Collectable Garbage: 191M (98%), Immediate: 0B (0%), CSet: 191M (98%)
[50.312s][info][gc,ergo       ] GC(98) Pacer for Evacuation. Used CSet: 206M, Free: 137M, Non-Taxable: 14080K, Alloc Tax Rate: 3.7x
[50.312s][info][gc            ] GC(98) Pause Final Mark 2.225ms
[50.312s][info][gc,start      ] GC(98) Concurrent cleanup
[50.312s][info][gc            ] GC(98) Concurrent cleanup 336M->336M(500M) 0.041ms
[50.312s][info][gc,ergo       ] GC(98) Free: 137M, Max: 256K regular, 76800K humongous, Frag: 46% external, 2% internal; Reserve: 25600K, Max: 256K
[50.312s][info][gc,start      ] GC(98) Concurrent evacuation
[50.312s][info][gc,task       ] GC(98) Using 1 of 1 workers for concurrent evacuation
[50.347s][info][gc            ] GC(98) Concurrent evacuation 34.401ms
[50.349s][info][gc,start      ] GC(98) Pause Init Update Refs
[50.349s][info][gc,ergo       ] GC(98) Pacer for Update Refs. Used: 384M, Free: 104M, Non-Taxable: 10726K, Alloc Tax Rate: 4.5x
[50.349s][info][gc            ] GC(98) Pause Init Update Refs 0.035ms
[50.349s][info][gc,start      ] GC(98) Concurrent update references
[50.349s][info][gc,task       ] GC(98) Using 1 of 1 workers for concurrent reference update
[50.484s][info][gc            ] GC(98) Concurrent update references 134.306ms
[50.484s][info][gc,start      ] GC(98) Pause Final Update Refs
[50.484s][info][gc,task       ] GC(98) Using 1 of 1 workers for final reference update
[50.484s][info][gc            ] GC(98) Pause Final Update Refs 0.403ms
[50.484s][info][gc,start      ] GC(98) Concurrent cleanup
[50.484s][info][gc            ] GC(98) Concurrent cleanup 473M->266M(500M) 0.071ms
[50.484s][info][gc,ergo       ] Free: 207M, Max: 256K regular, 93952K humongous, Frag: 56% external, 1% internal; Reserve: 25600K, Max: 256K
[50.484s][info][gc,stats      ] 
[50.484s][info][gc,stats      ] All times are wall-clock times, except per-root-class counters, that are sum over
[50.484s][info][gc,stats      ] all workers. Dividing the <total> over the root stage time estimates parallelism.
[50.484s][info][gc,stats      ] 
[50.484s][info][gc,stats      ] Concurrent Reset                    388 us
[50.484s][info][gc,stats      ] Pause Init Mark (G)                4241 us
[50.484s][info][gc,stats      ] Pause Init Mark (N)                1388 us
[50.484s][info][gc,stats      ]   Accumulate Stats                   14 us
[50.484s][info][gc,stats      ]   Make Parsable                      10 us
[50.484s][info][gc,stats      ]   Update Region States               31 us
[50.484s][info][gc,stats      ]   Scan Roots                       1281 us, parallelism: 0.79x
[50.484s][info][gc,stats      ]     S: <total>                     1013 us
[50.484s][info][gc,stats      ]     S: Thread Roots                 404 us, workers (us): 404, 
[50.484s][info][gc,stats      ]     S: Universe Roots                 2 us, workers (us):   2, 
[50.484s][info][gc,stats      ]     S: JNI Handles Roots              1 us, workers (us):   1, 
[50.484s][info][gc,stats      ]     S: Synchronizer Roots             0 us, workers (us):   0, 
[50.484s][info][gc,stats      ]     S: Management Roots               1 us, workers (us):   1, 
[50.484s][info][gc,stats      ]     S: System Dict Roots             11 us, workers (us):  11, 
[50.484s][info][gc,stats      ]     S: CLDG Roots                   593 us, workers (us): 593, 
[50.484s][info][gc,stats      ]     S: JVMTI Roots                    0 us, workers (us):   0, 
[50.484s][info][gc,stats      ]   Resize TLABs                       10 us
[50.484s][info][gc,stats      ] Concurrent Marking               106732 us
[50.484s][info][gc,stats      ] Pause Final Mark (G)               2348 us
[50.484s][info][gc,stats      ] Pause Final Mark (N)               2207 us
[50.484s][info][gc,stats      ]   Finish Queues                      13 us
[50.485s][info][gc,stats      ]   System Purge                      277 us
[50.485s][info][gc,stats      ]     Weak Roots                      277 us
[50.485s][info][gc,stats      ]   Update Region States               26 us
[50.485s][info][gc,stats      ]   Retire TLABs                        9 us
[50.485s][info][gc,stats      ]   Choose Collection Set             128 us
[50.485s][info][gc,stats      ]   Rebuild Free Set                    6 us
[50.485s][info][gc,stats      ]   Initial Evacuation               1739 us, parallelism: 0.63x
[50.485s][info][gc,stats      ]     E: <total>                     1089 us
[50.485s][info][gc,stats      ]     E: Thread Roots                 388 us, workers (us): 388, 
[50.485s][info][gc,stats      ]     E: Code Cache Roots             219 us, workers (us): 219, 
[50.485s][info][gc,stats      ]     E: Universe Roots                 1 us, workers (us):   1, 
[50.485s][info][gc,stats      ]     E: JNI Handles Roots              1 us, workers (us):   1, 
[50.485s][info][gc,stats      ]     E: Synchronizer Roots             0 us, workers (us):   0, 
[50.485s][info][gc,stats      ]     E: Management Roots               1 us, workers (us):   1, 
[50.485s][info][gc,stats      ]     E: System Dict Roots             10 us, workers (us):  10, 
[50.485s][info][gc,stats      ]     E: CLDG Roots                   468 us, workers (us): 468, 
[50.485s][info][gc,stats      ]     E: JVMTI Roots                    0 us, workers (us):   0, 
[50.485s][info][gc,stats      ] Concurrent Cleanup                   33 us
[50.485s][info][gc,stats      ] Concurrent Evacuation             34388 us
[50.485s][info][gc,stats      ] Pause Init  Update Refs (G)        2736 us
[50.485s][info][gc,stats      ] Pause Init  Update Refs (N)          14 us
[50.485s][info][gc,stats      ]   Retire GCLABs                       7 us
[50.485s][info][gc,stats      ] Concurrent Update Refs           134294 us
[50.485s][info][gc,stats      ] Pause Final Update Refs (G)         604 us
[50.485s][info][gc,stats      ] Pause Final Update Refs (N)         393 us
[50.485s][info][gc,stats      ]   Update Roots                      349 us, parallelism: 0.98x
[50.485s][info][gc,stats      ]     UR: <total>                     342 us
[50.485s][info][gc,stats      ]     UR: Thread Roots                342 us, workers (us): 342, 
[50.485s][info][gc,stats      ]   Update Region States               27 us
[50.485s][info][gc,stats      ]   Trash Collection Set                4 us
[50.485s][info][gc,stats      ]   Rebuild Free Set                    7 us
[50.485s][info][gc,stats      ] Concurrent Cleanup                   64 us
[50.485s][info][gc,stats      ] Pacing                           117211 us
[50.485s][info][gc,stats      ] 
[50.485s][info][gc,stats      ] Allocation pacing accrued:
[50.485s][info][gc,stats      ]     117 of   306 ms ( 38.3%): Executor task launch worker for task 0.0 in stage 10.0 (TID 10)
[50.485s][info][gc,stats      ]     117 of   306 ms ( 38.3%): <total>
[50.485s][info][gc,stats      ]       1 of   306 ms (  0.3%): <average total>
[50.485s][info][gc,stats      ]     117 of   306 ms ( 38.3%): <average non-zero>
[50.485s][info][gc,stats      ] 
[50.485s][info][gc,metaspace  ] Metaspace: 60397K->60397K(1103872K)
[50.485s][info][gc,ergo       ] Pacer for Idle. Initial: 10240K, Alloc Tax Rate: 1.0x
[50.502s][info][gc            ] Trigger: Average GC time (262.89 ms) is above the time for allocation rate (618 MB/s) to deplete free headroom (161M)
[50.502s][info][gc,ergo       ] Free headroom: 186M (free) - 25600K (spike) - 0B (penalties) = 161M
[50.502s][info][gc,ergo       ] Free: 186M, Max: 256K regular, 93952K humongous, Frag: 51% external, 1% internal; Reserve: 25600K, Max: 256K
[50.502s][info][gc,start      ] GC(99) Concurrent reset
[50.502s][info][gc,task       ] GC(99) Using 1 of 1 workers for concurrent reset
[50.502s][info][gc,ergo       ] GC(99) Pacer for Reset. Non-Taxable: 500M
[50.503s][info][gc            ] GC(99) Concurrent reset 0.426ms
[50.505s][info][gc,start      ] GC(99) Pause Init Mark (unload classes)
[50.505s][info][gc,task       ] GC(99) Using 1 of 1 workers for init marking
[50.506s][info][gc,ergo       ] GC(99) Pacer for Mark. Expected Live: 67823K, Free: 186M, Non-Taxable: 19046K, Alloc Tax Rate: 0.4x
[50.506s][info][gc            ] GC(99) Pause Init Mark (unload classes) 0.936ms
[50.506s][info][gc,start      ] GC(99) Concurrent marking (unload classes)
[50.506s][info][gc,task       ] GC(99) Using 1 of 1 workers for concurrent marking
[50.623s][info][gc            ] GC(99) Concurrent marking (unload classes) 116.942ms
[50.623s][info][gc,start      ] GC(99) Pause Final Mark (unload classes)
[50.623s][info][gc,task       ] GC(99) Using 1 of 1 workers for final marking
[50.644s][info][gc,stringtable] GC(99) Cleaned string and symbol table, strings: 20677 processed, 0 removed, symbols: 131929 processed, 202 removed
[50.644s][info][gc,ergo       ] GC(99) Adaptive CSet Selection. Target Free: 72533K, Actual Free: 170M, Max CSet: 21333K, Min Garbage: 0B
[50.644s][info][gc,ergo       ] GC(99) Collectable Garbage: 173M (98%), Immediate: 0B (0%), CSet: 173M (98%)
[50.646s][info][gc,ergo       ] GC(99) Pacer for Evacuation. Used CSet: 187M, Free: 145M, Non-Taxable: 14924K, Alloc Tax Rate: 3.1x
[50.646s][info][gc            ] GC(99) Pause Final Mark (unload classes) 22.900ms
[50.651s][info][gc,start      ] GC(99) Concurrent cleanup
[50.651s][info][gc            ] GC(99) Concurrent cleanup 336M->336M(500M) 0.058ms
[50.651s][info][gc,ergo       ] GC(99) Free: 137M, Max: 256K regular, 93952K humongous, Frag: 34% external, 1% internal; Reserve: 25593K, Max: 256K
[50.651s][info][gc,start      ] GC(99) Concurrent evacuation
[50.651s][info][gc,task       ] GC(99) Using 1 of 1 workers for concurrent evacuation
[50.677s][info][gc            ] GC(99) Concurrent evacuation 25.893ms
[50.679s][info][gc,start      ] GC(99) Pause Init Update Refs
[50.679s][info][gc,ergo       ] GC(99) Pacer for Update Refs. Used: 371M, Free: 116M, Non-Taxable: 11929K, Alloc Tax Rate: 3.9x
[50.679s][info][gc            ] GC(99) Pause Init Update Refs 0.048ms
[50.679s][info][gc,start      ] GC(99) Concurrent update references
[50.679s][info][gc,task       ] GC(99) Using 1 of 1 workers for concurrent reference update
[50.882s][info][gc            ] GC(99) Concurrent update references 202.857ms
[50.885s][info][gc,start      ] GC(99) Pause Final Update Refs
[50.885s][info][gc,task       ] GC(99) Using 1 of 1 workers for final reference update
[50.885s][info][gc            ] GC(99) Pause Final Update Refs 0.451ms
[50.885s][info][gc,start      ] GC(99) Concurrent cleanup
[50.886s][info][gc            ] GC(99) Concurrent cleanup 462M->274M(500M) 0.068ms
[50.886s][info][gc,ergo       ] Free: 199M, Max: 256K regular, 69632K humongous, Frag: 66% external, 1% internal; Reserve: 25600K, Max: 256K
[50.886s][info][gc,stats      ] 
[50.886s][info][gc,stats      ] All times are wall-clock times, except per-root-class counters, that are sum over
[50.886s][info][gc,stats      ] all workers. Dividing the <total> over the root stage time estimates parallelism.
[50.886s][info][gc,stats      ] 
[50.886s][info][gc,stats      ] Concurrent Reset                    416 us
[50.886s][info][gc,stats      ] Pause Init Mark (G)                3654 us
[50.886s][info][gc,stats      ] Pause Init Mark (N)                 903 us
[50.886s][info][gc,stats      ]   Accumulate Stats                   14 us
[50.886s][info][gc,stats      ]   Make Parsable                      10 us
[50.886s][info][gc,stats      ]   Update Region States               26 us
[50.886s][info][gc,stats      ]   Scan Roots                        816 us, parallelism: 0.67x
[50.886s][info][gc,stats      ]     S: <total>                      550 us
[50.886s][info][gc,stats      ]     S: Thread Roots                 442 us, workers (us): 442, 
[50.886s][info][gc,stats      ]     S: Universe Roots                 2 us, workers (us):   2, 
[50.886s][info][gc,stats      ]     S: JNI Handles Roots              1 us, workers (us):   1, 
[50.886s][info][gc,stats      ]     S: Synchronizer Roots             0 us, workers (us):   0, 
[50.886s][info][gc,stats      ]     S: Management Roots               1 us, workers (us):   1, 
[50.886s][info][gc,stats      ]     S: System Dict Roots             11 us, workers (us):  11, 
[50.886s][info][gc,stats      ]     S: CLDG Roots                    92 us, workers (us):  92, 
[50.886s][info][gc,stats      ]     S: JVMTI Roots                    1 us, workers (us):   1, 
[50.886s][info][gc,stats      ]   Resize TLABs                        7 us
[50.886s][info][gc,stats      ] Concurrent Marking               116933 us
[50.886s][info][gc,stats      ] Pause Final Mark (G)              27282 us
[50.886s][info][gc,stats      ] Pause Final Mark (N)              22880 us
[50.886s][info][gc,stats      ]   Finish Queues                      93 us
[50.886s][info][gc,stats      ]   System Purge                      275 us
[50.886s][info][gc,stats      ]     Unload Classes                  443 us
[50.886s][info][gc,stats      ]     Cleanup                       20013 us, parallelism: 1.00x
[50.886s][info][gc,stats      ]       CU: <total>                 19926 us
[50.886s][info][gc,stats      ]       CU: Code Cache Roots         6414 us, workers (us): 6414, 
[50.886s][info][gc,stats      ]       CU: Code Cache Cleaning      1409 us, workers (us): 1409, 
[50.886s][info][gc,stats      ]       CU: String Table Roots       6173 us, workers (us): 6173, 
[50.886s][info][gc,stats      ]       CU: Resolved Table Roots      167 us, workers (us): 167, 
[50.886s][info][gc,stats      ]       CU: CLDG Roots               5763 us, workers (us): 5763, 
[50.886s][info][gc,stats      ]     Weak Roots                      275 us
[50.886s][info][gc,stats      ]     CLDG                              1 us
[50.886s][info][gc,stats      ]   Update Region States               30 us
[50.886s][info][gc,stats      ]   Retire TLABs                       33 us
[50.886s][info][gc,stats      ]   Choose Collection Set             125 us
[50.886s][info][gc,stats      ]   Rebuild Free Set                    7 us
[50.886s][info][gc,stats      ]   Initial Evacuation               1848 us, parallelism: 0.60x
[50.886s][info][gc,stats      ]     E: <total>                     1101 us
[50.886s][info][gc,stats      ]     E: Thread Roots                 392 us, workers (us): 392, 
[50.886s][info][gc,stats      ]     E: Code Cache Roots             216 us, workers (us): 216, 
[50.886s][info][gc,stats      ]     E: Universe Roots                 1 us, workers (us):   1, 
[50.886s][info][gc,stats      ]     E: JNI Handles Roots              1 us, workers (us):   1, 
[50.886s][info][gc,stats      ]     E: Synchronizer Roots             1 us, workers (us):   1, 
[50.886s][info][gc,stats      ]     E: Management Roots               2 us, workers (us):   2, 
[50.886s][info][gc,stats      ]     E: System Dict Roots             10 us, workers (us):  10, 
[50.886s][info][gc,stats      ]     E: CLDG Roots                   477 us, workers (us): 477, 
[50.886s][info][gc,stats      ]     E: JVMTI Roots                    1 us, workers (us):   1, 
[50.886s][info][gc,stats      ] Concurrent Cleanup                   33 us
[50.886s][info][gc,stats      ] Concurrent Evacuation             25879 us
[50.886s][info][gc,stats      ] Pause Init  Update Refs (G)        2746 us
[50.886s][info][gc,stats      ] Pause Init  Update Refs (N)          14 us
[50.886s][info][gc,stats      ]   Retire GCLABs                       7 us
[50.886s][info][gc,stats      ] Concurrent Update Refs           202842 us
[50.886s][info][gc,stats      ] Pause Final Update Refs (G)        3104 us
[50.886s][info][gc,stats      ] Pause Final Update Refs (N)         414 us
[50.886s][info][gc,stats      ]   Update Roots                      367 us, parallelism: 0.97x
[50.886s][info][gc,stats      ]     UR: <total>                     357 us
[50.886s][info][gc,stats      ]     UR: Thread Roots                357 us, workers (us): 357, 
[50.886s][info][gc,stats      ]   Update Region States               27 us
[50.886s][info][gc,stats      ]   Trash Collection Set                4 us
[50.886s][info][gc,stats      ]   Rebuild Free Set                    8 us
[50.886s][info][gc,stats      ] Concurrent Cleanup                   61 us
[50.886s][info][gc,stats      ] Pacing                            91659 us
[50.886s][info][gc,stats      ] 
[50.886s][info][gc,stats      ] Allocation pacing accrued:
[50.886s][info][gc,stats      ]      92 of   401 ms ( 22.8%): Executor task launch worker for task 0.0 in stage 10.0 (TID 10)
[50.886s][info][gc,stats      ]      92 of   401 ms ( 22.8%): <total>
[50.886s][info][gc,stats      ]       1 of   401 ms (  0.2%): <average total>
[50.886s][info][gc,stats      ]      92 of   401 ms ( 22.8%): <average non-zero>
[50.886s][info][gc,stats      ] 
[50.886s][info][gc,metaspace  ] Metaspace: 60397K->60399K(1103872K)
[50.886s][info][gc,ergo       ] Pacer for Idle. Initial: 10240K, Alloc Tax Rate: 1.0x
[50.925s][info][gc            ] Trigger: Average GC time (291.50 ms) is above the time for allocation rate (470 MB/s) to deplete free headroom (135M)
[50.925s][info][gc,ergo       ] Free headroom: 160M (free) - 25600K (spike) - 0B (penalties) = 135M
[50.925s][info][gc,ergo       ] Free: 160M, Max: 256K regular, 69632K humongous, Frag: 58% external, 1% internal; Reserve: 25600K, Max: 256K
[50.925s][info][gc,start      ] GC(100) Concurrent reset
[50.925s][info][gc,task       ] GC(100) Using 1 of 1 workers for concurrent reset
[50.925s][info][gc,ergo       ] GC(100) Pacer for Reset. Non-Taxable: 500M
[50.926s][info][gc            ] GC(100) Concurrent reset 0.416ms
[50.928s][info][gc,start      ] GC(100) Pause Init Mark (process weakrefs)
[50.928s][info][gc,task       ] GC(100) Using 1 of 1 workers for init marking
[50.930s][info][gc,ergo       ] GC(100) Pacer for Mark. Expected Live: 83763K, Free: 160M, Non-Taxable: 16460K, Alloc Tax Rate: 0.6x
[50.930s][info][gc            ] GC(100) Pause Init Mark (process weakrefs) 1.303ms
[50.930s][info][gc,start      ] GC(100) Concurrent marking (process weakrefs)
[50.930s][info][gc,task       ] GC(100) Using 1 of 1 workers for concurrent marking
[51.040s][info][gc            ] GC(100) Concurrent marking (process weakrefs) 109.868ms
[51.040s][info][gc,start      ] GC(100) Concurrent precleaning
[51.040s][info][gc,task       ] GC(100) Using 1 of 1 workers for concurrent preclean
[51.040s][info][gc,ergo       ] GC(100) Pacer for Precleaning. Non-Taxable: 500M
[51.040s][info][gc            ] GC(100) Concurrent precleaning 0.498ms
[51.040s][info][gc,start      ] GC(100) Pause Final Mark (process weakrefs)
[51.040s][info][gc,task       ] GC(100) Using 1 of 1 workers for final marking
[51.041s][info][gc,ergo       ] GC(100) Adaptive CSet Selection. Target Free: 72533K, Actual Free: 255M, Max CSet: 21333K, Min Garbage: 0B
[51.041s][info][gc,ergo       ] GC(100) Collectable Garbage: 191M (98%), Immediate: 100M (51%), CSet: 93086K (46%)
[51.042s][info][gc,ergo       ] GC(100) Pacer for Evacuation. Used CSet: 100608K, Free: 230M, Non-Taxable: 23552K, Alloc Tax Rate: 1.1x
[51.042s][info][gc            ] GC(100) Pause Final Mark (process weakrefs) 2.134ms
[51.046s][info][gc,start      ] GC(100) Concurrent cleanup
[51.047s][info][gc            ] GC(100) Concurrent cleanup 344M->247M(500M) 0.066ms
[51.047s][info][gc,ergo       ] GC(100) Free: 226M, Max: 256K regular, 76032K humongous, Frag: 68% external, 1% internal; Reserve: 25583K, Max: 256K
[51.047s][info][gc,start      ] GC(100) Concurrent evacuation
[51.047s][info][gc,task       ] GC(100) Using 1 of 1 workers for concurrent evacuation
[51.067s][info][gc            ] GC(100) Concurrent evacuation 20.333ms
[51.070s][info][gc,start      ] GC(100) Pause Init Update Refs
[51.070s][info][gc,ergo       ] GC(100) Pacer for Update Refs. Used: 265M, Free: 215M, Non-Taxable: 22067K, Alloc Tax Rate: 1.5x
[51.070s][info][gc            ] GC(100) Pause Init Update Refs 0.026ms
[51.070s][info][gc,start      ] GC(100) Concurrent update references
[51.070s][info][gc,task       ] GC(100) Using 1 of 1 workers for concurrent reference update
[51.249s][info][gc            ] GC(100) Concurrent update references 179.391ms
[51.252s][info][gc,start      ] GC(100) Pause Final Update Refs
[51.252s][info][gc,task       ] GC(100) Using 1 of 1 workers for final reference update
[51.252s][info][gc            ] GC(100) Pause Final Update Refs 0.487ms
[51.252s][info][gc,start      ] GC(100) Concurrent cleanup
[51.252s][info][gc            ] GC(100) Concurrent cleanup 334M->236M(500M) 0.057ms
[51.252s][info][gc,ergo       ] Free: 237M, Max: 256K regular, 138M humongous, Frag: 42% external, 1% internal; Reserve: 25600K, Max: 256K
[51.252s][info][gc,stats      ] 
[51.252s][info][gc,stats      ] All times are wall-clock times, except per-root-class counters, that are sum over
[51.252s][info][gc,stats      ] all workers. Dividing the <total> over the root stage time estimates parallelism.
[51.252s][info][gc,stats      ] 
[51.252s][info][gc,stats      ] Concurrent Reset                    407 us
[51.252s][info][gc,stats      ] Pause Init Mark (G)                4000 us
[51.252s][info][gc,stats      ] Pause Init Mark (N)                1278 us
[51.252s][info][gc,stats      ]   Accumulate Stats                   14 us
[51.252s][info][gc,stats      ]   Make Parsable                      12 us
[51.252s][info][gc,stats      ]   Update Region States               22 us
[51.252s][info][gc,stats      ]   Scan Roots                       1198 us, parallelism: 0.77x
[51.252s][info][gc,stats      ]     S: <total>                      926 us
[51.252s][info][gc,stats      ]     S: Thread Roots                 380 us, workers (us): 380, 
[51.252s][info][gc,stats      ]     S: Universe Roots                 3 us, workers (us):   3, 
[51.252s][info][gc,stats      ]     S: JNI Handles Roots              1 us, workers (us):   1, 
[51.252s][info][gc,stats      ]     S: Synchronizer Roots             0 us, workers (us):   0, 
[51.252s][info][gc,stats      ]     S: Management Roots               2 us, workers (us):   2, 
[51.252s][info][gc,stats      ]     S: System Dict Roots             11 us, workers (us):  11, 
[51.252s][info][gc,stats      ]     S: CLDG Roots                   528 us, workers (us): 528, 
[51.252s][info][gc,stats      ]     S: JVMTI Roots                    1 us, workers (us):   1, 
[51.252s][info][gc,stats      ]   Resize TLABs                        7 us
[51.252s][info][gc,stats      ] Concurrent Marking               109859 us
[51.252s][info][gc,stats      ] Concurrent Precleaning              490 us
[51.252s][info][gc,stats      ] Pause Final Mark (G)               6228 us
[51.252s][info][gc,stats      ] Pause Final Mark (N)               2126 us
[51.252s][info][gc,stats      ]   Finish Queues                      10 us
[51.252s][info][gc,stats      ]   Weak References                    16 us
[51.252s][info][gc,stats      ]     Process                          14 us
[51.252s][info][gc,stats      ]   System Purge                      301 us
[51.252s][info][gc,stats      ]     Weak Roots                      301 us
[51.252s][info][gc,stats      ]   Update Region States               26 us
[51.252s][info][gc,stats      ]   Retire TLABs                       13 us
[51.252s][info][gc,stats      ]   Choose Collection Set              99 us
[51.252s][info][gc,stats      ]   Rebuild Free Set                    7 us
[51.252s][info][gc,stats      ]   Initial Evacuation               1647 us, parallelism: 0.65x
[51.252s][info][gc,stats      ]     E: <total>                     1066 us
[51.252s][info][gc,stats      ]     E: Thread Roots                 379 us, workers (us): 379, 
[51.252s][info][gc,stats      ]     E: Code Cache Roots             187 us, workers (us): 187, 
[51.252s][info][gc,stats      ]     E: Universe Roots                 1 us, workers (us):   1, 
[51.252s][info][gc,stats      ]     E: JNI Handles Roots              1 us, workers (us):   1, 
[51.252s][info][gc,stats      ]     E: Synchronizer Roots             0 us, workers (us):   0, 
[51.252s][info][gc,stats      ]     E: Management Roots               1 us, workers (us):   1, 
[51.252s][info][gc,stats      ]     E: System Dict Roots              8 us, workers (us):   8, 
[51.252s][info][gc,stats      ]     E: CLDG Roots                   488 us, workers (us): 488, 
[51.252s][info][gc,stats      ]     E: JVMTI Roots                    0 us, workers (us):   0, 
[51.252s][info][gc,stats      ] Concurrent Cleanup                   49 us
[51.252s][info][gc,stats      ] Concurrent Evacuation             20322 us
[51.253s][info][gc,stats      ] Pause Init  Update Refs (G)        2637 us
[51.253s][info][gc,stats      ] Pause Init  Update Refs (N)          13 us
[51.253s][info][gc,stats      ]   Retire GCLABs                       6 us
[51.253s][info][gc,stats      ] Concurrent Update Refs           179379 us
[51.253s][info][gc,stats      ] Pause Final Update Refs (G)        3186 us
[51.253s][info][gc,stats      ] Pause Final Update Refs (N)         451 us
[51.253s][info][gc,stats      ]   Update Roots                      402 us, parallelism: 0.96x
[51.253s][info][gc,stats      ]     UR: <total>                     384 us
[51.253s][info][gc,stats      ]     UR: Thread Roots                384 us, workers (us): 384, 
[51.253s][info][gc,stats      ]   Update Region States               29 us
[51.253s][info][gc,stats      ]   Trash Collection Set                3 us
[51.253s][info][gc,stats      ]   Rebuild Free Set                    8 us
[51.253s][info][gc,stats      ] Concurrent Cleanup                   48 us
[51.253s][info][gc,stats      ] Pacing                            61428 us
[51.253s][info][gc,stats      ] 
[51.253s][info][gc,stats      ] Allocation pacing accrued:
[51.253s][info][gc,stats      ]      13 of   367 ms (  3.5%): Spark Context Cleaner
[51.253s][info][gc,stats      ]      49 of   367 ms ( 13.3%): Executor task launch worker for task 0.0 in stage 10.0 (TID 10)
[51.253s][info][gc,stats      ]      61 of   367 ms ( 16.7%): <total>
[51.253s][info][gc,stats      ]       1 of   367 ms (  0.1%): <average total>
[51.253s][info][gc,stats      ]      31 of   367 ms (  8.4%): <average non-zero>
[51.253s][info][gc,stats      ] 
[51.253s][info][gc,metaspace  ] Metaspace: 60399K->60399K(1103872K)
[51.253s][info][gc,ergo       ] Pacer for Idle. Initial: 10240K, Alloc Tax Rate: 1.0x
[51.326s][info][gc            ] Trigger: Average GC time (305.40 ms) is above the time for allocation rate (466 MB/s) to deplete free headroom (140M)
[51.326s][info][gc,ergo       ] Free headroom: 165M (free) - 25600K (spike) - 0B (penalties) = 140M
[51.326s][info][gc,ergo       ] Free: 165M, Max: 256K regular, 138M humongous, Frag: 17% external, 1% internal; Reserve: 25600K, Max: 256K
[51.326s][info][gc,start      ] GC(101) Concurrent reset
[51.326s][info][gc,task       ] GC(101) Using 1 of 1 workers for concurrent reset
[51.326s][info][gc,ergo       ] GC(101) Pacer for Reset. Non-Taxable: 500M
[51.326s][info][gc            ] GC(101) Concurrent reset 0.307ms
[51.329s][info][gc,start      ] GC(101) Pause Init Mark
[51.329s][info][gc,task       ] GC(101) Using 1 of 1 workers for init marking
[51.330s][info][gc,ergo       ] GC(101) Pacer for Mark. Expected Live: 97911K, Free: 165M, Non-Taxable: 16921K, Alloc Tax Rate: 0.7x
[51.330s][info][gc            ] GC(101) Pause Init Mark 1.388ms
[51.330s][info][gc,start      ] GC(101) Concurrent marking
[51.330s][info][gc,task       ] GC(101) Using 1 of 1 workers for concurrent marking
[51.434s][info][gc            ] GC(101) Concurrent marking 103.204ms
[51.434s][info][gc,start      ] GC(101) Pause Final Mark
[51.434s][info][gc,task       ] GC(101) Using 1 of 1 workers for final marking
[51.434s][info][gc,ergo       ] GC(101) Collectable Garbage: 186M (98%), Immediate: 186M (98%), CSet: 0B (0%)
[51.434s][info][gc            ] GC(101) Pause Final Mark 0.372ms
[51.434s][info][gc,start      ] GC(101) Concurrent cleanup
[51.434s][info][gc            ] GC(101) Concurrent cleanup 338M->152M(500M) 0.067ms
[51.434s][info][gc,ergo       ] GC(101) Free: 321M, Max: 256K regular, 135M humongous, Frag: 58% external, 1% internal; Reserve: 25600K, Max: 256K
[51.434s][info][gc,ergo       ] Free: 321M, Max: 256K regular, 135M humongous, Frag: 58% external, 1% internal; Reserve: 25600K, Max: 256K
[51.434s][info][gc,stats      ] 
[51.434s][info][gc,stats      ] All times are wall-clock times, except per-root-class counters, that are sum over
[51.434s][info][gc,stats      ] all workers. Dividing the <total> over the root stage time estimates parallelism.
[51.434s][info][gc,stats      ] 
[51.434s][info][gc,stats      ] Concurrent Reset                    298 us
[51.434s][info][gc,stats      ] Pause Init Mark (G)                4076 us
[51.434s][info][gc,stats      ] Pause Init Mark (N)                1358 us
[51.434s][info][gc,stats      ]   Accumulate Stats                   14 us
[51.434s][info][gc,stats      ]   Make Parsable                      11 us
[51.434s][info][gc,stats      ]   Update Region States               25 us
[51.434s][info][gc,stats      ]   Scan Roots                       1263 us, parallelism: 0.79x
[51.434s][info][gc,stats      ]     S: <total>                      994 us
[51.434s][info][gc,stats      ]     S: Thread Roots                 398 us, workers (us): 398, 
[51.434s][info][gc,stats      ]     S: Universe Roots                 2 us, workers (us):   2, 
[51.434s][info][gc,stats      ]     S: JNI Handles Roots              1 us, workers (us):   1, 
[51.434s][info][gc,stats      ]     S: Synchronizer Roots             0 us, workers (us):   0, 
[51.434s][info][gc,stats      ]     S: Management Roots               1 us, workers (us):   1, 
[51.434s][info][gc,stats      ]     S: System Dict Roots             12 us, workers (us):  12, 
[51.434s][info][gc,stats      ]     S: CLDG Roots                   579 us, workers (us): 579, 
[51.434s][info][gc,stats      ]     S: JVMTI Roots                    1 us, workers (us):   1, 
[51.434s][info][gc,stats      ]   Resize TLABs                       10 us
[51.434s][info][gc,stats      ] Concurrent Marking               103195 us
[51.434s][info][gc,stats      ] Pause Final Mark (G)                472 us
[51.434s][info][gc,stats      ] Pause Final Mark (N)                363 us
[51.434s][info][gc,stats      ]   Finish Queues                      11 us
[51.434s][info][gc,stats      ]   System Purge                      285 us
[51.434s][info][gc,stats      ]     Weak Roots                      285 us
[51.434s][info][gc,stats      ]   Update Region States               26 us
[51.434s][info][gc,stats      ]   Retire TLABs                       12 us
[51.434s][info][gc,stats      ]   Choose Collection Set              16 us
[51.434s][info][gc,stats      ]   Rebuild Free Set                    7 us
[51.434s][info][gc,stats      ] Concurrent Cleanup                   61 us
[51.434s][info][gc,stats      ] Pacing                            37403 us
[51.434s][info][gc,stats      ] 
[51.434s][info][gc,stats      ] Allocation pacing accrued:
[51.434s][info][gc,stats      ]      37 of   182 ms ( 20.6%): Executor task launch worker for task 0.0 in stage 10.0 (TID 10)
[51.434s][info][gc,stats      ]      37 of   182 ms ( 20.6%): <total>
[51.434s][info][gc,stats      ]       0 of   182 ms (  0.2%): <average total>
[51.434s][info][gc,stats      ]      37 of   182 ms ( 20.6%): <average non-zero>
[51.434s][info][gc,stats      ] 
[51.434s][info][gc,metaspace  ] Metaspace: 60399K->60399K(1103872K)
[51.434s][info][gc,ergo       ] Pacer for Idle. Initial: 10240K, Alloc Tax Rate: 1.0x
[51.565s][info][gc            ] Trigger: Average GC time (274.24 ms) is above the time for allocation rate (636 MB/s) to deplete free headroom (174M)
[51.565s][info][gc,ergo       ] Free headroom: 199M (free) - 25600K (spike) - 0B (penalties) = 174M
[51.566s][info][gc,ergo       ] Free: 199M, Max: 256K regular, 135M humongous, Frag: 33% external, 1% internal; Reserve: 25600K, Max: 256K
[51.566s][info][gc,start      ] GC(102) Concurrent reset
[51.566s][info][gc,task       ] GC(102) Using 1 of 1 workers for concurrent reset
[51.566s][info][gc,ergo       ] GC(102) Pacer for Reset. Non-Taxable: 500M
[51.566s][info][gc            ] GC(102) Concurrent reset 0.199ms
[51.568s][info][gc,start      ] GC(102) Pause Init Mark
[51.568s][info][gc,task       ] GC(102) Using 1 of 1 workers for init marking
[51.570s][info][gc,ergo       ] GC(102) Pacer for Mark. Expected Live: 106M, Free: 199M, Non-Taxable: 20377K, Alloc Tax Rate: 0.7x
[51.570s][info][gc            ] GC(102) Pause Init Mark 1.354ms
[51.570s][info][gc,start      ] GC(102) Concurrent marking
[51.570s][info][gc,task       ] GC(102) Using 1 of 1 workers for concurrent marking
[51.680s][info][gc            ] GC(102) Concurrent marking 110.412ms
[51.680s][info][gc,start      ] GC(102) Pause Final Mark
[51.680s][info][gc,task       ] GC(102) Using 1 of 1 workers for final marking
[51.681s][info][gc,ergo       ] GC(102) Collectable Garbage: 152M (98%), Immediate: 152M (98%), CSet: 0B (0%)
[51.681s][info][gc            ] GC(102) Pause Final Mark 0.408ms
[51.685s][info][gc,start      ] GC(102) Concurrent cleanup
[51.685s][info][gc            ] GC(102) Concurrent cleanup 309M->160M(500M) 0.083ms
[51.685s][info][gc,ergo       ] GC(102) Free: 313M, Max: 256K regular, 138M humongous, Frag: 56% external, 0% internal; Reserve: 25600K, Max: 256K
[51.685s][info][gc,ergo       ] Free: 313M, Max: 256K regular, 138M humongous, Frag: 56% external, 0% internal; Reserve: 25600K, Max: 256K
[51.685s][info][gc,stats      ] 
[51.685s][info][gc,stats      ] All times are wall-clock times, except per-root-class counters, that are sum over
[51.685s][info][gc,stats      ] all workers. Dividing the <total> over the root stage time estimates parallelism.
[51.685s][info][gc,stats      ] 
[51.685s][info][gc,stats      ] Concurrent Reset                    190 us
[51.685s][info][gc,stats      ] Pause Init Mark (G)                3995 us
[51.685s][info][gc,stats      ] Pause Init Mark (N)                1327 us
[51.685s][info][gc,stats      ]   Accumulate Stats                   14 us
[51.685s][info][gc,stats      ]   Make Parsable                      10 us
[51.685s][info][gc,stats      ]   Update Region States               24 us
[51.685s][info][gc,stats      ]   Scan Roots                       1235 us, parallelism: 0.78x
[51.685s][info][gc,stats      ]     S: <total>                      962 us
[51.685s][info][gc,stats      ]     S: Thread Roots                 387 us, workers (us): 387, 
[51.685s][info][gc,stats      ]     S: Universe Roots                 2 us, workers (us):   2, 
[51.685s][info][gc,stats      ]     S: JNI Handles Roots              1 us, workers (us):   1, 
[51.685s][info][gc,stats      ]     S: Synchronizer Roots             0 us, workers (us):   0, 
[51.685s][info][gc,stats      ]     S: Management Roots               1 us, workers (us):   1, 
[51.685s][info][gc,stats      ]     S: System Dict Roots             11 us, workers (us):  11, 
[51.685s][info][gc,stats      ]     S: CLDG Roots                   558 us, workers (us): 558, 
[51.685s][info][gc,stats      ]     S: JVMTI Roots                    0 us, workers (us):   0, 
[51.685s][info][gc,stats      ]   Resize TLABs                        9 us
[51.685s][info][gc,stats      ] Concurrent Marking               110404 us
[51.685s][info][gc,stats      ] Pause Final Mark (G)               4332 us
[51.685s][info][gc,stats      ] Pause Final Mark (N)                399 us
[51.685s][info][gc,stats      ]   Finish Queues                      11 us
[51.685s][info][gc,stats      ]   System Purge                      315 us
[51.685s][info][gc,stats      ]     Weak Roots                      314 us
[51.685s][info][gc,stats      ]   Update Region States               25 us
[51.685s][info][gc,stats      ]   Retire TLABs                       16 us
[51.685s][info][gc,stats      ]   Choose Collection Set              19 us
[51.685s][info][gc,stats      ]   Rebuild Free Set                    7 us
[51.685s][info][gc,stats      ] Concurrent Cleanup                   59 us
[51.685s][info][gc,stats      ] Pacing                            41530 us
[51.685s][info][gc,stats      ] 
[51.685s][info][gc,stats      ] Allocation pacing accrued:
[51.685s][info][gc,stats      ]      42 of   250 ms ( 16.6%): Executor task launch worker for task 0.0 in stage 10.0 (TID 10)
[51.685s][info][gc,stats      ]      42 of   250 ms ( 16.6%): <total>
[51.685s][info][gc,stats      ]       0 of   250 ms (  0.1%): <average total>
[51.685s][info][gc,stats      ]      42 of   250 ms ( 16.6%): <average non-zero>
[51.685s][info][gc,stats      ] 
[51.685s][info][gc,metaspace  ] Metaspace: 60399K->60399K(1103872K)
[51.685s][info][gc,ergo       ] Pacer for Idle. Initial: 10240K, Alloc Tax Rate: 1.0x
[51.855s][info][gc            ] Trigger: Average GC time (244.78 ms) is above the time for allocation rate (612 MB/s) to deplete free headroom (149M)
[51.855s][info][gc,ergo       ] Free headroom: 174M (free) - 25600K (spike) - 0B (penalties) = 149M
[51.855s][info][gc,ergo       ] Free: 174M, Max: 256K regular, 138M humongous, Frag: 21% external, 1% internal; Reserve: 25600K, Max: 256K
[51.855s][info][gc,start      ] GC(103) Concurrent reset
[51.855s][info][gc,task       ] GC(103) Using 1 of 1 workers for concurrent reset
[51.855s][info][gc,ergo       ] GC(103) Pacer for Reset. Non-Taxable: 500M
[51.855s][info][gc            ] GC(103) Concurrent reset 0.200ms
[51.858s][info][gc,start      ] GC(103) Pause Init Mark
[51.858s][info][gc,task       ] GC(103) Using 1 of 1 workers for init marking
[51.860s][info][gc,ergo       ] GC(103) Pacer for Mark. Expected Live: 113M, Free: 174M, Non-Taxable: 17843K, Alloc Tax Rate: 0.8x
[51.860s][info][gc            ] GC(103) Pause Init Mark 2.146ms
[51.860s][info][gc,start      ] GC(103) Concurrent marking
[51.860s][info][gc,task       ] GC(103) Using 1 of 1 workers for concurrent marking
[51.979s][info][gc            ] GC(103) Concurrent marking 118.933ms
[51.979s][info][gc,start      ] GC(103) Pause Final Mark
[51.979s][info][gc,task       ] GC(103) Using 1 of 1 workers for final marking
[51.979s][info][gc,ergo       ] GC(103) Collectable Garbage: 177M (98%), Immediate: 177M (98%), CSet: 0B (0%)
[51.979s][info][gc            ] GC(103) Pause Final Mark 0.379ms
[51.979s][info][gc,start      ] GC(103) Concurrent cleanup
[51.979s][info][gc            ] GC(103) Concurrent cleanup 328M->151M(500M) 0.076ms
[51.979s][info][gc,ergo       ] GC(103) Free: 322M, Max: 256K regular, 138M humongous, Frag: 58% external, 0% internal; Reserve: 25600K, Max: 256K
[51.979s][info][gc,ergo       ] Free: 322M, Max: 256K regular, 138M humongous, Frag: 58% external, 0% internal; Reserve: 25600K, Max: 256K
[51.979s][info][gc,stats      ] 
[51.979s][info][gc,stats      ] All times are wall-clock times, except per-root-class counters, that are sum over
[51.979s][info][gc,stats      ] all workers. Dividing the <total> over the root stage time estimates parallelism.
[51.979s][info][gc,stats      ] 
[51.979s][info][gc,stats      ] Concurrent Reset                    193 us
[51.979s][info][gc,stats      ] Pause Init Mark (G)                4883 us
[51.979s][info][gc,stats      ] Pause Init Mark (N)                2104 us
[51.979s][info][gc,stats      ]   Accumulate Stats                   22 us
[51.979s][info][gc,stats      ]   Make Parsable                      13 us
[51.979s][info][gc,stats      ]   Update Region States               48 us
[51.979s][info][gc,stats      ]   Scan Roots                       1942 us, parallelism: 0.84x
[51.979s][info][gc,stats      ]     S: <total>                     1622 us
[51.979s][info][gc,stats      ]     S: Thread Roots                 667 us, workers (us): 667, 
[51.979s][info][gc,stats      ]     S: Universe Roots                 4 us, workers (us):   4, 
[51.979s][info][gc,stats      ]     S: JNI Handles Roots              2 us, workers (us):   2, 
[51.979s][info][gc,stats      ]     S: Synchronizer Roots             0 us, workers (us):   0, 
[51.979s][info][gc,stats      ]     S: Management Roots               1 us, workers (us):   1, 
[51.979s][info][gc,stats      ]     S: System Dict Roots             17 us, workers (us):  17, 
[51.979s][info][gc,stats      ]     S: CLDG Roots                   930 us, workers (us): 930, 
[51.979s][info][gc,stats      ]     S: JVMTI Roots                    1 us, workers (us):   1, 
[51.979s][info][gc,stats      ]   Resize TLABs                       18 us
[51.979s][info][gc,stats      ] Concurrent Marking               118912 us
[51.979s][info][gc,stats      ] Pause Final Mark (G)                488 us
[51.979s][info][gc,stats      ] Pause Final Mark (N)                361 us
[51.980s][info][gc,stats      ]   Finish Queues                      15 us
[51.980s][info][gc,stats      ]   System Purge                      278 us
[51.980s][info][gc,stats      ]     Weak Roots                      278 us
[51.980s][info][gc,stats      ]   Update Region States               26 us
[51.980s][info][gc,stats      ]   Retire TLABs                       13 us
[51.980s][info][gc,stats      ]   Choose Collection Set              15 us
[51.980s][info][gc,stats      ]   Rebuild Free Set                    7 us
[51.980s][info][gc,stats      ] Concurrent Cleanup                   60 us
[51.980s][info][gc,stats      ] Pacing                            25304 us
[51.980s][info][gc,stats      ] 
[51.980s][info][gc,stats      ] Allocation pacing accrued:
[51.980s][info][gc,stats      ]      25 of   295 ms (  8.6%): Executor task launch worker for task 0.0 in stage 10.0 (TID 10)
[51.980s][info][gc,stats      ]      25 of   295 ms (  8.6%): <total>
[51.980s][info][gc,stats      ]       0 of   295 ms (  0.1%): <average total>
[51.980s][info][gc,stats      ]      25 of   295 ms (  8.6%): <average non-zero>
[51.980s][info][gc,stats      ] 
[51.980s][info][gc,metaspace  ] Metaspace: 60399K->60399K(1103872K)
[51.980s][info][gc,ergo       ] Pacer for Idle. Initial: 10240K, Alloc Tax Rate: 1.0x
[52.165s][info][gc            ] Trigger: Average GC time (212.49 ms) is above the time for allocation rate (627 MB/s) to deplete free headroom (131M)
[52.166s][info][gc,ergo       ] Free headroom: 156M (free) - 25600K (spike) - 0B (penalties) = 131M
[52.166s][info][gc,ergo       ] Free: 156M, Max: 256K regular, 138M humongous, Frag: 12% external, 1% internal; Reserve: 25600K, Max: 256K
[52.166s][info][gc,start      ] GC(104) Concurrent reset
[52.166s][info][gc,task       ] GC(104) Using 1 of 1 workers for concurrent reset
[52.166s][info][gc,ergo       ] GC(104) Pacer for Reset. Non-Taxable: 500M
[52.166s][info][gc            ] GC(104) Concurrent reset 0.205ms
[52.169s][info][gc,start      ] GC(104) Pause Init Mark
[52.169s][info][gc,task       ] GC(104) Using 1 of 1 workers for init marking
[52.170s][info][gc,ergo       ] GC(104) Pacer for Mark. Expected Live: 118M, Free: 156M, Non-Taxable: 16025K, Alloc Tax Rate: 0.9x
[52.170s][info][gc            ] GC(104) Pause Init Mark 1.361ms
[52.170s][info][gc,start      ] GC(104) Concurrent marking
[52.170s][info][gc,task       ] GC(104) Using 1 of 1 workers for concurrent marking
[52.316s][info][gc            ] GC(104) Concurrent marking 145.538ms
[52.316s][info][gc,start      ] GC(104) Pause Final Mark
[52.316s][info][gc,task       ] GC(104) Using 1 of 1 workers for final marking
[52.316s][info][gc,ergo       ] GC(104) Collectable Garbage: 194M (98%), Immediate: 194M (98%), CSet: 0B (0%)
[52.316s][info][gc            ] GC(104) Pause Final Mark 0.387ms
[52.316s][info][gc,start      ] GC(104) Concurrent cleanup
[52.316s][info][gc            ] GC(104) Concurrent cleanup 343M->148M(500M) 0.069ms
[52.316s][info][gc,ergo       ] GC(104) Free: 325M, Max: 256K regular, 130M humongous, Frag: 60% external, 0% internal; Reserve: 25600K, Max: 256K
[52.316s][info][gc,ergo       ] Free: 325M, Max: 256K regular, 130M humongous, Frag: 60% external, 0% internal; Reserve: 25600K, Max: 256K
[52.316s][info][gc,stats      ] 
[52.316s][info][gc,stats      ] All times are wall-clock times, except per-root-class counters, that are sum over
[52.316s][info][gc,stats      ] all workers. Dividing the <total> over the root stage time estimates parallelism.
[52.316s][info][gc,stats      ] 
[52.316s][info][gc,stats      ] Concurrent Reset                    197 us
[52.316s][info][gc,stats      ] Pause Init Mark (G)                4116 us
[52.316s][info][gc,stats      ] Pause Init Mark (N)                1328 us
[52.316s][info][gc,stats      ]   Accumulate Stats                   14 us
[52.316s][info][gc,stats      ]   Make Parsable                      10 us
[52.316s][info][gc,stats      ]   Update Region States               28 us
[52.316s][info][gc,stats      ]   Scan Roots                       1229 us, parallelism: 0.78x
[52.316s][info][gc,stats      ]     S: <total>                      960 us
[52.316s][info][gc,stats      ]     S: Thread Roots                 388 us, workers (us): 388, 
[52.316s][info][gc,stats      ]     S: Universe Roots                 2 us, workers (us):   2, 
[52.316s][info][gc,stats      ]     S: JNI Handles Roots              1 us, workers (us):   1, 
[52.316s][info][gc,stats      ]     S: Synchronizer Roots             0 us, workers (us):   0, 
[52.316s][info][gc,stats      ]     S: Management Roots               1 us, workers (us):   1, 
[52.316s][info][gc,stats      ]     S: System Dict Roots             12 us, workers (us):  12, 
[52.316s][info][gc,stats      ]     S: CLDG Roots                   556 us, workers (us): 556, 
[52.316s][info][gc,stats      ]     S: JVMTI Roots                    0 us, workers (us):   0, 
[52.316s][info][gc,stats      ]   Resize TLABs                        9 us
[52.316s][info][gc,stats      ] Concurrent Marking               145530 us
[52.316s][info][gc,stats      ] Pause Final Mark (G)                493 us
[52.316s][info][gc,stats      ] Pause Final Mark (N)                361 us
[52.316s][info][gc,stats      ]   Finish Queues                      14 us
[52.316s][info][gc,stats      ]   System Purge                      269 us
[52.316s][info][gc,stats      ]     Weak Roots                      269 us
[52.316s][info][gc,stats      ]   Update Region States               26 us
[52.316s][info][gc,stats      ]   Retire TLABs                       16 us
[52.316s][info][gc,stats      ]   Choose Collection Set              19 us
[52.316s][info][gc,stats      ]   Rebuild Free Set                    7 us
[52.316s][info][gc,stats      ] Concurrent Cleanup                   62 us
[52.316s][info][gc,stats      ] Pacing                            58088 us
[52.316s][info][gc,stats      ] 
[52.316s][info][gc,stats      ] Allocation pacing accrued:
[52.316s][info][gc,stats      ]      58 of   337 ms ( 17.2%): Executor task launch worker for task 0.0 in stage 10.0 (TID 10)
[52.316s][info][gc,stats      ]      58 of   337 ms ( 17.2%): <total>
[52.316s][info][gc,stats      ]       0 of   337 ms (  0.1%): <average total>
[52.316s][info][gc,stats      ]      58 of   337 ms ( 17.2%): <average non-zero>
[52.316s][info][gc,stats      ] 
[52.316s][info][gc,metaspace  ] Metaspace: 60399K->60399K(1103872K)
[52.316s][info][gc,ergo       ] Pacer for Idle. Initial: 10240K, Alloc Tax Rate: 1.0x
[52.536s][info][gc            ] Trigger: Average GC time (165.92 ms) is above the time for allocation rate (609 MB/s) to deplete free headroom (100M)
[52.536s][info][gc,ergo       ] Free headroom: 125M (free) - 25600K (spike) - 0B (penalties) = 100M
[52.536s][info][gc,ergo       ] Free: 125M, Max: 256K regular, 125M humongous, Frag: 0% external, 2% internal; Reserve: 25600K, Max: 256K
[52.536s][info][gc,start      ] GC(105) Concurrent reset
[52.536s][info][gc,task       ] GC(105) Using 1 of 1 workers for concurrent reset
[52.536s][info][gc,ergo       ] GC(105) Pacer for Reset. Non-Taxable: 500M
[52.536s][info][gc            ] GC(105) Concurrent reset 0.203ms
[52.539s][info][gc,start      ] GC(105) Pause Init Mark (process weakrefs)
[52.539s][info][gc,task       ] GC(105) Using 1 of 1 workers for init marking
[52.540s][info][gc,ergo       ] GC(105) Pacer for Mark. Expected Live: 119M, Free: 125M, Non-Taxable: 12876K, Alloc Tax Rate: 1.2x
[52.540s][info][gc            ] GC(105) Pause Init Mark (process weakrefs) 1.367ms
[52.540s][info][gc,start      ] GC(105) Concurrent marking (process weakrefs)
[52.540s][info][gc,task       ] GC(105) Using 1 of 1 workers for concurrent marking
[52.643s][info][gc            ] GC(105) Concurrent marking (process weakrefs) 102.945ms
[52.643s][info][gc,start      ] GC(105) Concurrent precleaning
[52.643s][info][gc,task       ] GC(105) Using 1 of 1 workers for concurrent preclean
[52.643s][info][gc,ergo       ] GC(105) Pacer for Precleaning. Non-Taxable: 500M
[52.644s][info][gc            ] GC(105) Concurrent precleaning 0.501ms
[52.644s][info][gc,start      ] GC(105) Pause Final Mark (process weakrefs)
[52.644s][info][gc,task       ] GC(105) Using 1 of 1 workers for final marking
[52.644s][info][gc,ergo       ] GC(105) Collectable Garbage: 225M (98%), Immediate: 225M (98%), CSet: 0B (0%)
[52.644s][info][gc            ] GC(105) Pause Final Mark (process weakrefs) 0.409ms
[52.644s][info][gc,start      ] GC(105) Concurrent cleanup
[52.644s][info][gc            ] GC(105) Concurrent cleanup 369M->143M(500M) 0.074ms
[52.644s][info][gc,ergo       ] GC(105) Free: 330M, Max: 256K regular, 104M humongous, Frag: 69% external, 0% internal; Reserve: 25600K, Max: 256K
[52.644s][info][gc,ergo       ] Free: 330M, Max: 256K regular, 104M humongous, Frag: 69% external, 0% internal; Reserve: 25600K, Max: 256K
[52.644s][info][gc,stats      ] 
[52.644s][info][gc,stats      ] All times are wall-clock times, except per-root-class counters, that are sum over
[52.644s][info][gc,stats      ] all workers. Dividing the <total> over the root stage time estimates parallelism.
[52.644s][info][gc,stats      ] 
[52.644s][info][gc,stats      ] Concurrent Reset                    195 us
[52.644s][info][gc,stats      ] Pause Init Mark (G)                4112 us
[52.644s][info][gc,stats      ] Pause Init Mark (N)                1336 us
[52.644s][info][gc,stats      ]   Accumulate Stats                   14 us
[52.644s][info][gc,stats      ]   Make Parsable                      10 us
[52.644s][info][gc,stats      ]   Update Region States               27 us
[52.644s][info][gc,stats      ]   Scan Roots                       1242 us, parallelism: 0.78x
[52.644s][info][gc,stats      ]     S: <total>                      967 us
[52.644s][info][gc,stats      ]     S: Thread Roots                 384 us, workers (us): 384, 
[52.644s][info][gc,stats      ]     S: Universe Roots                 2 us, workers (us):   2, 
[52.644s][info][gc,stats      ]     S: JNI Handles Roots              1 us, workers (us):   1, 
[52.644s][info][gc,stats      ]     S: Synchronizer Roots             0 us, workers (us):   0, 
[52.644s][info][gc,stats      ]     S: Management Roots               1 us, workers (us):   1, 
[52.644s][info][gc,stats      ]     S: System Dict Roots             11 us, workers (us):  11, 
[52.644s][info][gc,stats      ]     S: CLDG Roots                   567 us, workers (us): 567, 
[52.644s][info][gc,stats      ]     S: JVMTI Roots                    1 us, workers (us):   1, 
[52.644s][info][gc,stats      ]   Resize TLABs                        8 us
[52.644s][info][gc,stats      ] Concurrent Marking               102935 us
[52.644s][info][gc,stats      ] Concurrent Precleaning              493 us
[52.645s][info][gc,stats      ] Pause Final Mark (G)                534 us
[52.645s][info][gc,stats      ] Pause Final Mark (N)                401 us
[52.645s][info][gc,stats      ]   Finish Queues                      11 us
[52.645s][info][gc,stats      ]   Weak References                    13 us
[52.645s][info][gc,stats      ]     Process                          11 us
[52.645s][info][gc,stats      ]   System Purge                      302 us
[52.645s][info][gc,stats      ]     Weak Roots                      302 us
[52.645s][info][gc,stats      ]   Update Region States               29 us
[52.645s][info][gc,stats      ]   Retire TLABs                       15 us
[52.645s][info][gc,stats      ]   Choose Collection Set              19 us
[52.645s][info][gc,stats      ]   Rebuild Free Set                    7 us
[52.645s][info][gc,stats      ] Concurrent Cleanup                   67 us
[52.645s][info][gc,stats      ] Pacing                            58936 us
[52.645s][info][gc,stats      ] 
[52.645s][info][gc,stats      ] Allocation pacing accrued:
[52.645s][info][gc,stats      ]      59 of   328 ms ( 18.0%): Executor task launch worker for task 0.0 in stage 10.0 (TID 10)
[52.645s][info][gc,stats      ]      59 of   328 ms ( 18.0%): <total>
[52.645s][info][gc,stats      ]       1 of   328 ms (  0.2%): <average total>
[52.645s][info][gc,stats      ]      59 of   328 ms ( 18.0%): <average non-zero>
[52.645s][info][gc,stats      ] 
[52.645s][info][gc,metaspace  ] Metaspace: 60399K->60399K(1103872K)
[52.645s][info][gc,ergo       ] Pacer for Idle. Initial: 10240K, Alloc Tax Rate: 1.0x
[52.872s][info][gc            ] Trigger: Average GC time (122.22 ms) is above the time for allocation rate (714 MB/s) to deplete free headroom (88320K)
[52.872s][info][gc,ergo       ] Free headroom: 111M (free) - 25600K (spike) - 0B (penalties) = 88320K
[52.872s][info][gc,ergo       ] Free: 111M, Max: 256K regular, 104M humongous, Frag: 7% external, 2% internal; Reserve: 25600K, Max: 256K
[52.872s][info][gc,start      ] GC(106) Concurrent reset
[52.872s][info][gc,task       ] GC(106) Using 1 of 1 workers for concurrent reset
[52.872s][info][gc,ergo       ] GC(106) Pacer for Reset. Non-Taxable: 500M
[52.872s][info][gc            ] GC(106) Concurrent reset 0.202ms
[52.875s][info][gc,start      ] GC(106) Pause Init Mark
[52.875s][info][gc,task       ] GC(106) Using 1 of 1 workers for init marking
[52.876s][info][gc,ergo       ] GC(106) Pacer for Mark. Expected Live: 119M, Free: 111M, Non-Taxable: 11392K, Alloc Tax Rate: 1.3x
[52.876s][info][gc            ] GC(106) Pause Init Mark 1.295ms
[52.876s][info][gc,start      ] GC(106) Concurrent marking
[52.876s][info][gc,task       ] GC(106) Using 1 of 1 workers for concurrent marking
[52.970s][info][gc            ] GC(106) Concurrent marking 93.892ms
[52.970s][info][gc,start      ] GC(106) Pause Final Mark
[52.970s][info][gc,task       ] GC(106) Using 1 of 1 workers for final marking
[52.971s][info][gc,ergo       ] GC(106) Collectable Garbage: 240M (98%), Immediate: 240M (98%), CSet: 0B (0%)
[52.971s][info][gc            ] GC(106) Pause Final Mark 0.470ms
[52.971s][info][gc,start      ] GC(106) Concurrent cleanup
[52.971s][info][gc            ] GC(106) Concurrent cleanup 381M->141M(500M) 0.088ms
[52.971s][info][gc,ergo       ] GC(106) Free: 332M, Max: 256K regular, 115M humongous, Frag: 66% external, 0% internal; Reserve: 25600K, Max: 256K
[52.971s][info][gc,ergo       ] Free: 332M, Max: 256K regular, 115M humongous, Frag: 66% external, 0% internal; Reserve: 25600K, Max: 256K
[52.971s][info][gc,stats      ] 
[52.971s][info][gc,stats      ] All times are wall-clock times, except per-root-class counters, that are sum over
[52.971s][info][gc,stats      ] all workers. Dividing the <total> over the root stage time estimates parallelism.
[52.971s][info][gc,stats      ] 
[52.971s][info][gc,stats      ] Concurrent Reset                    194 us
[52.971s][info][gc,stats      ] Pause Init Mark (G)                3956 us
[52.971s][info][gc,stats      ] Pause Init Mark (N)                1272 us
[52.971s][info][gc,stats      ]   Accumulate Stats                   14 us
[52.971s][info][gc,stats      ]   Make Parsable                      10 us
[52.971s][info][gc,stats      ]   Update Region States               22 us
[52.971s][info][gc,stats      ]   Scan Roots                       1192 us, parallelism: 0.78x
[52.971s][info][gc,stats      ]     S: <total>                      924 us
[52.971s][info][gc,stats      ]     S: Thread Roots                 389 us, workers (us): 389, 
[52.971s][info][gc,stats      ]     S: Universe Roots                 2 us, workers (us):   2, 
[52.971s][info][gc,stats      ]     S: JNI Handles Roots              1 us, workers (us):   1, 
[52.971s][info][gc,stats      ]     S: Synchronizer Roots             0 us, workers (us):   0, 
[52.971s][info][gc,stats      ]     S: Management Roots               2 us, workers (us):   2, 
[52.971s][info][gc,stats      ]     S: System Dict Roots             12 us, workers (us):  12, 
[52.971s][info][gc,stats      ]     S: CLDG Roots                   517 us, workers (us): 517, 
[52.971s][info][gc,stats      ]     S: JVMTI Roots                    1 us, workers (us):   1, 
[52.971s][info][gc,stats      ]   Resize TLABs                        7 us
[52.971s][info][gc,stats      ] Concurrent Marking                93884 us
[52.971s][info][gc,stats      ] Pause Final Mark (G)                584 us
[52.971s][info][gc,stats      ] Pause Final Mark (N)                461 us
[52.971s][info][gc,stats      ]   Finish Queues                      12 us
[52.971s][info][gc,stats      ]   System Purge                      280 us
[52.971s][info][gc,stats      ]     Weak Roots                      279 us
[52.971s][info][gc,stats      ]   Update Region States               28 us
[52.971s][info][gc,stats      ]   Retire TLABs                       98 us
[52.971s][info][gc,stats      ]   Choose Collection Set              29 us
[52.971s][info][gc,stats      ]   Rebuild Free Set                    7 us
[52.971s][info][gc,stats      ] Concurrent Cleanup                   70 us
[52.971s][info][gc,stats      ] Pacing                            56132 us
[52.971s][info][gc,stats      ] 
[52.971s][info][gc,stats      ] Allocation pacing accrued:
[52.971s][info][gc,stats      ]      12 of   326 ms (  3.6%): Spark Context Cleaner
[52.971s][info][gc,stats      ]      44 of   326 ms ( 13.6%): Executor task launch worker for task 0.0 in stage 10.0 (TID 10)
[52.971s][info][gc,stats      ]      56 of   326 ms ( 17.2%): <total>
[52.971s][info][gc,stats      ]       0 of   326 ms (  0.1%): <average total>
[52.971s][info][gc,stats      ]      28 of   326 ms (  8.6%): <average non-zero>
[52.971s][info][gc,stats      ] 
[52.971s][info][gc,metaspace  ] Metaspace: 60399K->60399K(1103872K)
[52.971s][info][gc,ergo       ] Pacer for Idle. Initial: 10240K, Alloc Tax Rate: 1.0x
[53.213s][info][gc            ] Trigger: Average GC time (120.34 ms) is above the time for allocation rate (711 MB/s) to deplete free headroom (86016K)
[53.213s][info][gc,ergo       ] Free headroom: 109M (free) - 25600K (spike) - 0B (penalties) = 86016K
[53.213s][info][gc,ergo       ] Free: 109M, Max: 256K regular, 94720K humongous, Frag: 16% external, 2% internal; Reserve: 25600K, Max: 256K
[53.213s][info][gc,start      ] GC(107) Concurrent reset
[53.213s][info][gc,task       ] GC(107) Using 1 of 1 workers for concurrent reset
[53.213s][info][gc,ergo       ] GC(107) Pacer for Reset. Non-Taxable: 500M
[53.213s][info][gc            ] GC(107) Concurrent reset 0.208ms
[53.216s][info][gc,start      ] GC(107) Pause Init Mark
[53.216s][info][gc,task       ] GC(107) Using 1 of 1 workers for init marking
[53.217s][info][gc,ergo       ] GC(107) Pacer for Mark. Expected Live: 119M, Free: 109M, Non-Taxable: 11161K, Alloc Tax Rate: 1.3x
[53.217s][info][gc            ] GC(107) Pause Init Mark 1.312ms
[53.217s][info][gc,start      ] GC(107) Concurrent marking
[53.217s][info][gc,task       ] GC(107) Using 1 of 1 workers for concurrent marking
[53.249s][info][gc            ] GC(107) Concurrent marking 31.370ms
[53.249s][info][gc,start      ] GC(107) Pause Final Mark
[53.249s][info][gc,task       ] GC(107) Using 1 of 1 workers for final marking
[53.249s][info][gc,ergo       ] GC(107) Collectable Garbage: 335M (98%), Immediate: 335M (98%), CSet: 0B (0%)
[53.249s][info][gc            ] GC(107) Pause Final Mark 0.393ms
[53.249s][info][gc,start      ] GC(107) Concurrent cleanup
[53.249s][info][gc            ] GC(107) Concurrent cleanup 379M->43M(500M) 0.094ms
[53.249s][info][gc,ergo       ] GC(107) Free: 430M, Max: 256K regular, 131M humongous, Frag: 70% external, 0% internal; Reserve: 25600K, Max: 256K
[53.249s][info][gc,ergo       ] Free: 430M, Max: 256K regular, 131M humongous, Frag: 70% external, 0% internal; Reserve: 25600K, Max: 256K
[53.249s][info][gc,stats      ] 
[53.249s][info][gc,stats      ] All times are wall-clock times, except per-root-class counters, that are sum over
[53.249s][info][gc,stats      ] all workers. Dividing the <total> over the root stage time estimates parallelism.
[53.249s][info][gc,stats      ] 
[53.249s][info][gc,stats      ] Concurrent Reset                    199 us
[53.250s][info][gc,stats      ] Pause Init Mark (G)                4020 us
[53.250s][info][gc,stats      ] Pause Init Mark (N)                1290 us
[53.250s][info][gc,stats      ]   Accumulate Stats                   14 us
[53.250s][info][gc,stats      ]   Make Parsable                      10 us
[53.250s][info][gc,stats      ]   Update Region States               25 us
[53.250s][info][gc,stats      ]   Scan Roots                       1209 us, parallelism: 0.78x
[53.250s][info][gc,stats      ]     S: <total>                      941 us
[53.250s][info][gc,stats      ]     S: Thread Roots                 382 us, workers (us): 382, 
[53.250s][info][gc,stats      ]     S: Universe Roots                 3 us, workers (us):   3, 
[53.250s][info][gc,stats      ]     S: JNI Handles Roots              2 us, workers (us):   2, 
[53.250s][info][gc,stats      ]     S: Synchronizer Roots             0 us, workers (us):   0, 
[53.250s][info][gc,stats      ]     S: Management Roots               1 us, workers (us):   1, 
[53.250s][info][gc,stats      ]     S: System Dict Roots             11 us, workers (us):  11, 
[53.250s][info][gc,stats      ]     S: CLDG Roots                   542 us, workers (us): 542, 
[53.250s][info][gc,stats      ]     S: JVMTI Roots                    1 us, workers (us):   1, 
[53.250s][info][gc,stats      ]   Resize TLABs                        7 us
[53.250s][info][gc,stats      ] Concurrent Marking                31361 us
[53.250s][info][gc,stats      ] Pause Final Mark (G)                489 us
[53.250s][info][gc,stats      ] Pause Final Mark (N)                384 us
[53.250s][info][gc,stats      ]   Finish Queues                      12 us
[53.250s][info][gc,stats      ]   System Purge                      295 us
[53.250s][info][gc,stats      ]     Weak Roots                      294 us
[53.250s][info][gc,stats      ]   Update Region States               27 us
[53.250s][info][gc,stats      ]   Retire TLABs                       15 us
[53.250s][info][gc,stats      ]   Choose Collection Set              22 us
[53.250s][info][gc,stats      ]   Rebuild Free Set                    7 us
[53.250s][info][gc,stats      ] Concurrent Cleanup                   87 us
[53.250s][info][gc,stats      ] Pacing                            10017 us
[53.250s][info][gc,stats      ] 
[53.250s][info][gc,stats      ] Allocation pacing accrued:
[53.250s][info][gc,stats      ]      10 of   279 ms (  3.6%): Executor task launch worker for task 0.0 in stage 10.0 (TID 10)
[53.250s][info][gc,stats      ]      10 of   279 ms (  3.6%): <total>
[53.250s][info][gc,stats      ]       0 of   279 ms (  0.0%): <average total>
[53.250s][info][gc,stats      ]      10 of   279 ms (  3.6%): <average non-zero>
[53.250s][info][gc,stats      ] 
[53.250s][info][gc,metaspace  ] Metaspace: 60399K->60399K(1103872K)
[53.250s][info][gc,ergo       ] Pacer for Idle. Initial: 10240K, Alloc Tax Rate: 1.0x
[53.505s][info][gc            ] Trigger: Average GC time (103.77 ms) is above the time for allocation rate (1061 MB/s) to deplete free headroom (110M)
[53.505s][info][gc,ergo       ] Free headroom: 135M (free) - 25600K (spike) - 0B (penalties) = 110M
[53.505s][info][gc,ergo       ] Free: 135M, Max: 256K regular, 72192K humongous, Frag: 48% external, 1% internal; Reserve: 25600K, Max: 256K
[53.505s][info][gc,start      ] GC(108) Concurrent reset
[53.505s][info][gc,task       ] GC(108) Using 1 of 1 workers for concurrent reset
[53.505s][info][gc,ergo       ] GC(108) Pacer for Reset. Non-Taxable: 500M
[53.505s][info][gc            ] GC(108) Concurrent reset 0.107ms
[53.508s][info][gc,start      ] GC(108) Pause Init Mark
[53.508s][info][gc,task       ] GC(108) Using 1 of 1 workers for init marking
[53.509s][info][gc,ergo       ] GC(108) Pacer for Mark. Expected Live: 100M, Free: 135M, Non-Taxable: 13824K, Alloc Tax Rate: 0.9x
[53.509s][info][gc            ] GC(108) Pause Init Mark 1.328ms
[53.509s][info][gc,start      ] GC(108) Concurrent marking
[53.509s][info][gc,task       ] GC(108) Using 1 of 1 workers for concurrent marking
[53.541s][info][gc            ] GC(108) Concurrent marking 31.470ms
[53.541s][info][gc,start      ] GC(108) Pause Final Mark
[53.541s][info][gc,task       ] GC(108) Using 1 of 1 workers for final marking
[53.541s][info][gc,ergo       ] GC(108) Collectable Garbage: 309M (98%), Immediate: 309M (98%), CSet: 0B (0%)
[53.541s][info][gc            ] GC(108) Pause Final Mark 0.389ms
[53.541s][info][gc,start      ] GC(108) Concurrent cleanup
[53.541s][info][gc            ] GC(108) Concurrent cleanup 355M->45M(500M) 0.086ms
[53.541s][info][gc,ergo       ] GC(108) Free: 428M, Max: 256K regular, 209M humongous, Frag: 52% external, 0% internal; Reserve: 25600K, Max: 256K
[53.541s][info][gc,ergo       ] Free: 428M, Max: 256K regular, 209M humongous, Frag: 52% external, 0% internal; Reserve: 25600K, Max: 256K
[53.541s][info][gc,stats      ] 
[53.541s][info][gc,stats      ] All times are wall-clock times, except per-root-class counters, that are sum over
[53.541s][info][gc,stats      ] all workers. Dividing the <total> over the root stage time estimates parallelism.
[53.541s][info][gc,stats      ] 
[53.541s][info][gc,stats      ] Concurrent Reset                     99 us
[53.542s][info][gc,stats      ] Pause Init Mark (G)                3968 us
[53.542s][info][gc,stats      ] Pause Init Mark (N)                1300 us
[53.542s][info][gc,stats      ]   Accumulate Stats                   18 us
[53.542s][info][gc,stats      ]   Make Parsable                       8 us
[53.542s][info][gc,stats      ]   Update Region States               23 us
[53.542s][info][gc,stats      ]   Scan Roots                       1217 us, parallelism: 0.78x
[53.542s][info][gc,stats      ]     S: <total>                      948 us
[53.542s][info][gc,stats      ]     S: Thread Roots                 399 us, workers (us): 399, 
[53.542s][info][gc,stats      ]     S: Universe Roots                 2 us, workers (us):   2, 
[53.542s][info][gc,stats      ]     S: JNI Handles Roots              1 us, workers (us):   1, 
[53.542s][info][gc,stats      ]     S: Synchronizer Roots             0 us, workers (us):   0, 
[53.542s][info][gc,stats      ]     S: Management Roots               1 us, workers (us):   1, 
[53.542s][info][gc,stats      ]     S: System Dict Roots             10 us, workers (us):  10, 
[53.542s][info][gc,stats      ]     S: CLDG Roots                   533 us, workers (us): 533, 
[53.542s][info][gc,stats      ]     S: JVMTI Roots                    0 us, workers (us):   0, 
[53.542s][info][gc,stats      ]   Resize TLABs                        9 us
[53.542s][info][gc,stats      ] Concurrent Marking                31460 us
[53.542s][info][gc,stats      ] Pause Final Mark (G)                488 us
[53.542s][info][gc,stats      ] Pause Final Mark (N)                381 us
[53.542s][info][gc,stats      ]   Finish Queues                      14 us
[53.542s][info][gc,stats      ]   System Purge                      288 us
[53.542s][info][gc,stats      ]     Weak Roots                      287 us
[53.542s][info][gc,stats      ]   Update Region States               28 us
[53.542s][info][gc,stats      ]   Retire TLABs                       18 us
[53.542s][info][gc,stats      ]   Choose Collection Set              20 us
[53.542s][info][gc,stats      ]   Rebuild Free Set                    7 us
[53.542s][info][gc,stats      ] Concurrent Cleanup                   80 us
[53.542s][info][gc,stats      ] Pacing                            10068 us
[53.542s][info][gc,stats      ] 
[53.542s][info][gc,stats      ] Allocation pacing accrued:
[53.542s][info][gc,stats      ]      10 of   292 ms (  3.4%): Executor task launch worker for task 0.0 in stage 10.0 (TID 10)
[53.542s][info][gc,stats      ]      10 of   292 ms (  3.4%): <total>
[53.542s][info][gc,stats      ]       0 of   292 ms (  0.0%): <average total>
[53.542s][info][gc,stats      ]      10 of   292 ms (  3.4%): <average non-zero>
[53.542s][info][gc,stats      ] 
[53.542s][info][gc,metaspace  ] Metaspace: 60399K->60399K(1103872K)
[53.542s][info][gc,ergo       ] Pacer for Idle. Initial: 10240K, Alloc Tax Rate: 1.0x
[53.778s][info][gc            ] Trigger: Average GC time (86.06 ms) is above the time for allocation rate (1174 MB/s) to deplete free headroom (100M)
[53.778s][info][gc,ergo       ] Free headroom: 125M (free) - 25600K (spike) - 0B (penalties) = 100M
[53.778s][info][gc,ergo       ] Free: 125M, Max: 256K regular, 55552K humongous, Frag: 57% external, 1% internal; Reserve: 25600K, Max: 256K
[53.778s][info][gc,start      ] GC(109) Concurrent reset
[53.778s][info][gc,task       ] GC(109) Using 1 of 1 workers for concurrent reset
[53.778s][info][gc,ergo       ] GC(109) Pacer for Reset. Non-Taxable: 500M
[53.778s][info][gc            ] GC(109) Concurrent reset 0.108ms
[53.781s][info][gc,start      ] GC(109) Pause Init Mark
[53.781s][info][gc,task       ] GC(109) Using 1 of 1 workers for init marking
[53.782s][info][gc,ergo       ] GC(109) Pacer for Mark. Expected Live: 83430K, Free: 125M, Non-Taxable: 12800K, Alloc Tax Rate: 0.8x
[53.782s][info][gc            ] GC(109) Pause Init Mark 1.380ms
[53.782s][info][gc,start      ] GC(109) Concurrent marking
[53.782s][info][gc,task       ] GC(109) Using 1 of 1 workers for concurrent marking
[53.816s][info][gc            ] GC(109) Concurrent marking 33.791ms
[53.816s][info][gc,start      ] GC(109) Pause Final Mark
[53.816s][info][gc,task       ] GC(109) Using 1 of 1 workers for final marking
[53.816s][info][gc,ergo       ] GC(109) Collectable Garbage: 319M (98%), Immediate: 319M (98%), CSet: 0B (0%)
[53.816s][info][gc            ] GC(109) Pause Final Mark 0.402ms
[53.816s][info][gc,start      ] GC(109) Concurrent cleanup
[53.817s][info][gc            ] GC(109) Concurrent cleanup 367M->48M(500M) 0.099ms
[53.817s][info][gc,ergo       ] GC(109) Free: 426M, Max: 256K regular, 259M humongous, Frag: 40% external, 0% internal; Reserve: 25600K, Max: 256K
[53.817s][info][gc,ergo       ] Free: 426M, Max: 256K regular, 259M humongous, Frag: 40% external, 0% internal; Reserve: 25600K, Max: 256K
[53.817s][info][gc,stats      ] 
[53.817s][info][gc,stats      ] All times are wall-clock times, except per-root-class counters, that are sum over
[53.817s][info][gc,stats      ] all workers. Dividing the <total> over the root stage time estimates parallelism.
[53.817s][info][gc,stats      ] 
[53.817s][info][gc,stats      ] Concurrent Reset                    100 us
[53.817s][info][gc,stats      ] Pause Init Mark (G)                4059 us
[53.817s][info][gc,stats      ] Pause Init Mark (N)                1356 us
[53.817s][info][gc,stats      ]   Accumulate Stats                   17 us
[53.817s][info][gc,stats      ]   Make Parsable                       8 us
[53.817s][info][gc,stats      ]   Update Region States               25 us
[53.817s][info][gc,stats      ]   Scan Roots                       1258 us, parallelism: 0.79x
[53.817s][info][gc,stats      ]     S: <total>                      993 us
[53.817s][info][gc,stats      ]     S: Thread Roots                 444 us, workers (us): 444, 
[53.817s][info][gc,stats      ]     S: Universe Roots                 2 us, workers (us):   2, 
[53.817s][info][gc,stats      ]     S: JNI Handles Roots              1 us, workers (us):   1, 
[53.817s][info][gc,stats      ]     S: Synchronizer Roots             0 us, workers (us):   0, 
[53.817s][info][gc,stats      ]     S: Management Roots               1 us, workers (us):   1, 
[53.817s][info][gc,stats      ]     S: System Dict Roots             11 us, workers (us):  11, 
[53.817s][info][gc,stats      ]     S: CLDG Roots                   532 us, workers (us): 532, 
[53.817s][info][gc,stats      ]     S: JVMTI Roots                    0 us, workers (us):   0, 
[53.817s][info][gc,stats      ]   Resize TLABs                       10 us
[53.817s][info][gc,stats      ] Concurrent Marking                33783 us
[53.817s][info][gc,stats      ] Pause Final Mark (G)                564 us
[53.817s][info][gc,stats      ] Pause Final Mark (N)                389 us
[53.817s][info][gc,stats      ]   Finish Queues                      15 us
[53.817s][info][gc,stats      ]   System Purge                      291 us
[53.817s][info][gc,stats      ]     Weak Roots                      291 us
[53.817s][info][gc,stats      ]   Update Region States               29 us
[53.817s][info][gc,stats      ]   Retire TLABs                       15 us
[53.817s][info][gc,stats      ]   Choose Collection Set              24 us
[53.817s][info][gc,stats      ]   Rebuild Free Set                    8 us
[53.817s][info][gc,stats      ] Concurrent Cleanup                   89 us
[53.817s][info][gc,stats      ] 
[53.817s][info][gc,stats      ] Allocation pacing accrued:
[53.817s][info][gc,stats      ]       0 of   275 ms (  0.0%): <total>
[53.817s][info][gc,stats      ]       0 of   275 ms (  0.0%): <average total>
[53.817s][info][gc,stats      ] 
[53.817s][info][gc,metaspace  ] Metaspace: 60399K->60399K(1103872K)
[53.817s][info][gc,ergo       ] Pacer for Idle. Initial: 10240K, Alloc Tax Rate: 1.0x
[54.087s][info][gc            ] Trigger: Average GC time (63.68 ms) is above the time for allocation rate (1133 MB/s) to deplete free headroom (71680K)
[54.087s][info][gc,ergo       ] Free headroom: 97280K (free) - 25600K (spike) - 0B (penalties) = 71680K
[54.087s][info][gc,ergo       ] Free: 97280K, Max: 256K regular, 55040K humongous, Frag: 44% external, 2% internal; Reserve: 25600K, Max: 256K
[54.087s][info][gc,start      ] GC(110) Concurrent reset
[54.087s][info][gc,task       ] GC(110) Using 1 of 1 workers for concurrent reset
[54.087s][info][gc,ergo       ] GC(110) Pacer for Reset. Non-Taxable: 500M
[54.087s][info][gc            ] GC(110) Concurrent reset 0.108ms
[54.090s][info][gc,start      ] GC(110) Pause Init Mark (process weakrefs)
[54.090s][info][gc,task       ] GC(110) Using 1 of 1 workers for init marking
[54.091s][info][gc,ergo       ] GC(110) Pacer for Mark. Expected Live: 63901K, Free: 97280K, Non-Taxable: 9728K, Alloc Tax Rate: 0.8x
[54.091s][info][gc            ] GC(110) Pause Init Mark (process weakrefs) 1.356ms
[54.091s][info][gc,start      ] GC(110) Concurrent marking (process weakrefs)
[54.091s][info][gc,task       ] GC(110) Using 1 of 1 workers for concurrent marking
[54.121s][info][gc            ] GC(110) Concurrent marking (process weakrefs) 29.774ms
[54.121s][info][gc,start      ] GC(110) Concurrent precleaning
[54.121s][info][gc,task       ] GC(110) Using 1 of 1 workers for concurrent preclean
[54.121s][info][gc,ergo       ] GC(110) Pacer for Precleaning. Non-Taxable: 500M
[54.121s][info][gc            ] GC(110) Concurrent precleaning 0.508ms
[54.121s][info][gc,start      ] GC(110) Pause Final Mark (process weakrefs)
[54.121s][info][gc,task       ] GC(110) Using 1 of 1 workers for final marking
[54.122s][info][gc,ergo       ] GC(110) Collectable Garbage: 350M (98%), Immediate: 350M (98%), CSet: 0B (0%)
[54.122s][info][gc            ] GC(110) Pause Final Mark (process weakrefs) 0.419ms
[54.127s][info][gc,start      ] GC(110) Concurrent cleanup
[54.127s][info][gc            ] GC(110) Concurrent cleanup 394M->51M(500M) 0.157ms
[54.127s][info][gc,ergo       ] GC(110) Free: 422M, Max: 256K regular, 290M humongous, Frag: 32% external, 0% internal; Reserve: 25600K, Max: 256K
[54.127s][info][gc,ergo       ] Free: 422M, Max: 256K regular, 290M humongous, Frag: 32% external, 0% internal; Reserve: 25600K, Max: 256K
[54.127s][info][gc,stats      ] 
[54.127s][info][gc,stats      ] All times are wall-clock times, except per-root-class counters, that are sum over
[54.127s][info][gc,stats      ] all workers. Dividing the <total> over the root stage time estimates parallelism.
[54.127s][info][gc,stats      ] 
[54.127s][info][gc,stats      ] Concurrent Reset                    100 us
[54.127s][info][gc,stats      ] Pause Init Mark (G)                4005 us
[54.127s][info][gc,stats      ] Pause Init Mark (N)                1341 us
[54.127s][info][gc,stats      ]   Accumulate Stats                   15 us
[54.127s][info][gc,stats      ]   Make Parsable                       8 us
[54.127s][info][gc,stats      ]   Update Region States               21 us
[54.127s][info][gc,stats      ]   Scan Roots                       1252 us, parallelism: 0.79x
[54.127s][info][gc,stats      ]     S: <total>                      987 us
[54.127s][info][gc,stats      ]     S: Thread Roots                 440 us, workers (us): 440, 
[54.127s][info][gc,stats      ]     S: Universe Roots                 2 us, workers (us):   2, 
[54.127s][info][gc,stats      ]     S: JNI Handles Roots              1 us, workers (us):   1, 
[54.127s][info][gc,stats      ]     S: Synchronizer Roots             0 us, workers (us):   0, 
[54.127s][info][gc,stats      ]     S: Management Roots               1 us, workers (us):   1, 
[54.127s][info][gc,stats      ]     S: System Dict Roots              9 us, workers (us):   9, 
[54.127s][info][gc,stats      ]     S: CLDG Roots                   533 us, workers (us): 533, 
[54.127s][info][gc,stats      ]     S: JVMTI Roots                    0 us, workers (us):   0, 
[54.127s][info][gc,stats      ]   Resize TLABs                        9 us
[54.127s][info][gc,stats      ] Concurrent Marking                29765 us
[54.127s][info][gc,stats      ] Concurrent Precleaning              500 us
[54.127s][info][gc,stats      ] Pause Final Mark (G)               5419 us
[54.127s][info][gc,stats      ] Pause Final Mark (N)                411 us
[54.127s][info][gc,stats      ]   Finish Queues                      11 us
[54.127s][info][gc,stats      ]   Weak References                    13 us
[54.127s][info][gc,stats      ]     Process                          11 us
[54.127s][info][gc,stats      ]   System Purge                      299 us
[54.127s][info][gc,stats      ]     Weak Roots                      299 us
[54.127s][info][gc,stats      ]   Update Region States               40 us
[54.127s][info][gc,stats      ]   Retire TLABs                       15 us
[54.127s][info][gc,stats      ]   Choose Collection Set              20 us
[54.127s][info][gc,stats      ]   Rebuild Free Set                    7 us
[54.127s][info][gc,stats      ] Concurrent Cleanup                   98 us
[54.127s][info][gc,stats      ] Pacing                            11074 us
[54.127s][info][gc,stats      ] 
[54.127s][info][gc,stats      ] Allocation pacing accrued:
[54.127s][info][gc,stats      ]      11 of   310 ms (  3.6%): Executor task launch worker for task 0.0 in stage 10.0 (TID 10)
[54.127s][info][gc,stats      ]      11 of   310 ms (  3.6%): <total>
[54.127s][info][gc,stats      ]       0 of   310 ms (  0.0%): <average total>
[54.127s][info][gc,stats      ]      11 of   310 ms (  3.6%): <average non-zero>
[54.127s][info][gc,stats      ] 
[54.127s][info][gc,metaspace  ] Metaspace: 60399K->60399K(1103872K)
[54.127s][info][gc,ergo       ] Pacer for Idle. Initial: 10240K, Alloc Tax Rate: 1.0x
[54.475s][info][gc            ] Trigger: Explicit GC request (System.gc())
[54.475s][info][gc,ergo       ] Free: 99812K, Max: 256K regular, 55040K humongous, Frag: 45% external, 2% internal; Reserve: 25600K, Max: 256K
[54.475s][info][gc,start      ] GC(111) Concurrent reset
[54.475s][info][gc,task       ] GC(111) Using 1 of 1 workers for concurrent reset
[54.475s][info][gc,ergo       ] GC(111) Pacer for Reset. Non-Taxable: 500M
[54.475s][info][gc            ] GC(111) Concurrent reset 0.107ms
[54.475s][info][gc,start      ] GC(111) Pause Init Mark (process weakrefs) (unload classes)
[54.475s][info][gc,task       ] GC(111) Using 1 of 1 workers for init marking
[54.476s][info][gc,ergo       ] GC(111) Pacer for Mark. Expected Live: 44373K, Free: 99812K, Non-Taxable: 9981K, Alloc Tax Rate: 0.5x
[54.476s][info][gc            ] GC(111) Pause Init Mark (process weakrefs) (unload classes) 0.795ms
[54.476s][info][gc,start      ] GC(111) Concurrent marking (process weakrefs) (unload classes)
[54.476s][info][gc,task       ] GC(111) Using 1 of 1 workers for concurrent marking
[54.520s][info][gc            ] GC(111) Concurrent marking (process weakrefs) (unload classes) 44.407ms
[54.520s][info][gc,start      ] GC(111) Concurrent precleaning
[54.520s][info][gc,task       ] GC(111) Using 1 of 1 workers for concurrent preclean
[54.520s][info][gc,ergo       ] GC(111) Pacer for Precleaning. Non-Taxable: 500M
[54.523s][info][gc            ] GC(111) Concurrent precleaning 2.436ms
[54.523s][info][gc,start      ] GC(111) Pause Final Mark (process weakrefs) (unload classes)
[54.523s][info][gc,task       ] GC(111) Using 1 of 1 workers for final marking
[54.560s][info][gc,stringtable] GC(111) Cleaned string and symbol table, strings: 18508 processed, 0 removed, symbols: 131743 processed, 0 removed
[54.560s][info][gc,ergo       ] GC(111) Collectable Garbage: 346M (98%), Immediate: 346M (98%), CSet: 0B (0%)
[54.560s][info][gc            ] GC(111) Pause Final Mark (process weakrefs) (unload classes) 37.448ms
[54.563s][info][gc,start      ] GC(111) Concurrent cleanup
[54.563s][info][gc            ] GC(111) Concurrent cleanup 376M->29M(500M) 0.161ms
[54.563s][info][gc,ergo       ] GC(111) Free: 444M, Max: 256K regular, 283M humongous, Frag: 37% external, 0% internal; Reserve: 25600K, Max: 256K
[54.563s][info][gc,ergo       ] Free: 444M, Max: 256K regular, 283M humongous, Frag: 37% external, 0% internal; Reserve: 25600K, Max: 256K
[54.563s][info][gc,stats      ] 
[54.563s][info][gc,stats      ] All times are wall-clock times, except per-root-class counters, that are sum over
[54.563s][info][gc,stats      ] all workers. Dividing the <total> over the root stage time estimates parallelism.
[54.563s][info][gc,stats      ] 
[54.563s][info][gc,stats      ] Concurrent Reset                     99 us
[54.563s][info][gc,stats      ] Pause Init Mark (G)                1026 us
[54.563s][info][gc,stats      ] Pause Init Mark (N)                 786 us
[54.563s][info][gc,stats      ]   Accumulate Stats                   13 us
[54.563s][info][gc,stats      ]   Make Parsable                      11 us
[54.563s][info][gc,stats      ]   Update Region States               21 us
[54.563s][info][gc,stats      ]   Scan Roots                        718 us, parallelism: 0.64x
[54.563s][info][gc,stats      ]     S: <total>                      458 us
[54.563s][info][gc,stats      ]     S: Thread Roots                 354 us, workers (us): 354, 
[54.563s][info][gc,stats      ]     S: Universe Roots                 2 us, workers (us):   2, 
[54.563s][info][gc,stats      ]     S: JNI Handles Roots              1 us, workers (us):   1, 
[54.563s][info][gc,stats      ]     S: Synchronizer Roots             0 us, workers (us):   0, 
[54.563s][info][gc,stats      ]     S: Management Roots               1 us, workers (us):   1, 
[54.563s][info][gc,stats      ]     S: System Dict Roots             10 us, workers (us):  10, 
[54.563s][info][gc,stats      ]     S: CLDG Roots                    90 us, workers (us):  90, 
[54.563s][info][gc,stats      ]     S: JVMTI Roots                    0 us, workers (us):   0, 
[54.563s][info][gc,stats      ]   Resize TLABs                        5 us
[54.563s][info][gc,stats      ] Concurrent Marking                44400 us
[54.563s][info][gc,stats      ] Concurrent Precleaning             2425 us
[54.563s][info][gc,stats      ] Pause Final Mark (G)              39888 us
[54.563s][info][gc,stats      ] Pause Final Mark (N)              37437 us
[54.563s][info][gc,stats      ]   Finish Queues                      84 us
[54.563s][info][gc,stats      ]   Weak References                    52 us
[54.563s][info][gc,stats      ]     Process                          50 us
[54.563s][info][gc,stats      ]   System Purge                      303 us
[54.563s][info][gc,stats      ]     Unload Classes                 1015 us
[54.563s][info][gc,stats      ]     Cleanup                       35621 us, parallelism: 1.00x
[54.563s][info][gc,stats      ]       CU: <total>                 35509 us
[54.563s][info][gc,stats      ]       CU: Code Cache Roots        14296 us, workers (us): 14296, 
[54.563s][info][gc,stats      ]       CU: Code Cache Cleaning      1815 us, workers (us): 1815, 
[54.563s][info][gc,stats      ]       CU: String Table Roots      11510 us, workers (us): 11510, 
[54.563s][info][gc,stats      ]       CU: Resolved Table Roots      167 us, workers (us): 167, 
[54.563s][info][gc,stats      ]       CU: CLDG Roots               7722 us, workers (us): 7722, 
[54.563s][info][gc,stats      ]     Weak Roots                      303 us
[54.563s][info][gc,stats      ]     CLDG                            244 us
[54.563s][info][gc,stats      ]   Update Region States               41 us
[54.563s][info][gc,stats      ]   Retire TLABs                       32 us
[54.563s][info][gc,stats      ]   Choose Collection Set              27 us
[54.563s][info][gc,stats      ]   Rebuild Free Set                    7 us
[54.563s][info][gc,stats      ] Concurrent Cleanup                   95 us
[54.563s][info][gc,stats      ] 
[54.563s][info][gc,stats      ] Allocation pacing accrued:
[54.563s][info][gc,stats      ]       0 of   436 ms (  0.0%): <total>
[54.563s][info][gc,stats      ]       0 of   436 ms (  0.0%): <average total>
[54.563s][info][gc,stats      ] 
[54.563s][info][gc,metaspace  ] Metaspace: 60455K->60077K(1103872K)
[54.563s][info][gc,ergo       ] Pacer for Idle. Initial: 10240K, Alloc Tax Rate: 1.0x
[54.563s][info][gc,start      ] Concurrent uncommit
[54.610s][info][gc            ] Concurrent uncommit 29M->29M(30M) 46.946ms
[54.930s][info][gc            ] Trigger: Learning 2 of 5. Free (347M) is below initial threshold (350M)
[54.930s][info][gc,ergo       ] Free: 347M, Max: 256K regular, 229M humongous, Frag: 35% external, 0% internal; Reserve: 25600K, Max: 256K
[54.930s][info][gc,start      ] GC(112) Concurrent reset
[54.930s][info][gc,task       ] GC(112) Using 1 of 1 workers for concurrent reset
[54.930s][info][gc,ergo       ] GC(112) Pacer for Reset. Non-Taxable: 500M
[54.930s][info][gc            ] GC(112) Concurrent reset 0.116ms
[54.936s][info][gc,start      ] GC(112) Pause Init Mark
[54.936s][info][gc,task       ] GC(112) Using 1 of 1 workers for init marking
[54.938s][info][gc,ergo       ] GC(112) Pacer for Mark. Expected Live: 24595K, Free: 347M, Non-Taxable: 35633K, Alloc Tax Rate: 0.1x
[54.938s][info][gc            ] GC(112) Pause Init Mark 1.567ms
[54.938s][info][gc,start      ] GC(112) Concurrent marking
[54.938s][info][gc,task       ] GC(112) Using 1 of 1 workers for concurrent marking
[55.038s][info][gc            ] GC(112) Concurrent marking 99.997ms
[55.038s][info][gc,start      ] GC(112) Pause Final Mark
[55.038s][info][gc,task       ] GC(112) Using 1 of 1 workers for final marking
[55.038s][info][gc,ergo       ] GC(112) Adaptive CSet Selection. Target Free: 72533K, Actual Free: 348M, Max CSet: 21333K, Min Garbage: 0B
[55.038s][info][gc,ergo       ] GC(112) Collectable Garbage: 95682K (98%), Immediate: 8587K (8%), CSet: 87095K (89%)
[55.041s][info][gc,ergo       ] GC(112) Pacer for Evacuation. Used CSet: 93317K, Free: 325M, Non-Taxable: 33302K, Alloc Tax Rate: 1.1x
[55.041s][info][gc            ] GC(112) Pause Final Mark 2.876ms
[55.041s][info][gc,start      ] GC(112) Concurrent cleanup
[55.041s][info][gc            ] GC(112) Concurrent cleanup 156M->148M(160M) 0.043ms
[55.041s][info][gc,ergo       ] GC(112) Free: 325M, Max: 256K regular, 196M humongous, Frag: 40% external, 0% internal; Reserve: 25344K, Max: 256K
[55.041s][info][gc,start      ] GC(112) Concurrent evacuation
[55.041s][info][gc,task       ] GC(112) Using 1 of 1 workers for concurrent evacuation
[55.070s][info][gc            ] GC(112) Concurrent evacuation 29.103ms
[55.073s][info][gc,start      ] GC(112) Pause Init Update Refs
[55.073s][info][gc,ergo       ] GC(112) Pacer for Update Refs. Used: 168M, Free: 310M, Non-Taxable: 31843K, Alloc Tax Rate: 1.1x
[55.073s][info][gc            ] GC(112) Pause Init Update Refs 0.063ms
[55.073s][info][gc,start      ] GC(112) Concurrent update references
[55.073s][info][gc,task       ] GC(112) Using 1 of 1 workers for concurrent reference update
[55.190s][info][gc            ] GC(112) Concurrent update references 117.375ms
[55.193s][info][gc,start      ] GC(112) Pause Final Update Refs
[55.193s][info][gc,task       ] GC(112) Using 1 of 1 workers for final reference update
[55.194s][info][gc            ] GC(112) Pause Final Update Refs 0.482ms
[55.194s][info][gc,start      ] GC(112) Concurrent cleanup
[55.194s][info][gc            ] GC(112) Concurrent cleanup 211M->120M(213M) 0.065ms
[55.194s][info][gc,ergo       ] Free: 353M, Max: 256K regular, 155M humongous, Frag: 57% external, 0% internal; Reserve: 25600K, Max: 256K
[55.194s][info][gc,stats      ] 
[55.194s][info][gc,stats      ] All times are wall-clock times, except per-root-class counters, that are sum over
[55.194s][info][gc,stats      ] all workers. Dividing the <total> over the root stage time estimates parallelism.
[55.194s][info][gc,stats      ] 
[55.194s][info][gc,stats      ] Concurrent Reset                    102 us
[55.194s][info][gc,stats      ] Pause Init Mark (G)                7335 us
[55.194s][info][gc,stats      ] Pause Init Mark (N)                1518 us
[55.194s][info][gc,stats      ]   Accumulate Stats                   15 us
[55.194s][info][gc,stats      ]   Make Parsable                      23 us
[55.194s][info][gc,stats      ]   Update Region States               33 us
[55.194s][info][gc,stats      ]   Scan Roots                       1392 us, parallelism: 0.81x
[55.194s][info][gc,stats      ]     S: <total>                     1128 us
[55.194s][info][gc,stats      ]     S: Thread Roots                 499 us, workers (us): 499, 
[55.194s][info][gc,stats      ]     S: Universe Roots                 2 us, workers (us):   2, 
[55.194s][info][gc,stats      ]     S: JNI Handles Roots              2 us, workers (us):   2, 
[55.194s][info][gc,stats      ]     S: Synchronizer Roots             0 us, workers (us):   0, 
[55.194s][info][gc,stats      ]     S: Management Roots               1 us, workers (us):   1, 
[55.194s][info][gc,stats      ]     S: System Dict Roots             10 us, workers (us):  10, 
[55.194s][info][gc,stats      ]     S: CLDG Roots                   613 us, workers (us): 613, 
[55.194s][info][gc,stats      ]     S: JVMTI Roots                    1 us, workers (us):   1, 
[55.194s][info][gc,stats      ]   Resize TLABs                       12 us
[55.194s][info][gc,stats      ] Concurrent Marking                99988 us
[55.194s][info][gc,stats      ] Pause Final Mark (G)               3015 us
[55.194s][info][gc,stats      ] Pause Final Mark (N)               2865 us
[55.194s][info][gc,stats      ]   Finish Queues                      16 us
[55.194s][info][gc,stats      ]   System Purge                      261 us
[55.194s][info][gc,stats      ]     Weak Roots                      261 us
[55.194s][info][gc,stats      ]   Update Region States               28 us
[55.194s][info][gc,stats      ]   Retire TLABs                       15 us
[55.194s][info][gc,stats      ]   Choose Collection Set              69 us
[55.194s][info][gc,stats      ]   Rebuild Free Set                    7 us
[55.194s][info][gc,stats      ]   Initial Evacuation               2463 us, parallelism: 0.64x
[55.194s][info][gc,stats      ]     E: <total>                     1587 us
[55.194s][info][gc,stats      ]     E: Thread Roots                 524 us, workers (us): 524, 
[55.194s][info][gc,stats      ]     E: Code Cache Roots             391 us, workers (us): 391, 
[55.194s][info][gc,stats      ]     E: Universe Roots                 1 us, workers (us):   1, 
[55.194s][info][gc,stats      ]     E: JNI Handles Roots             24 us, workers (us):  24, 
[55.194s][info][gc,stats      ]     E: Synchronizer Roots             0 us, workers (us):   0, 
[55.194s][info][gc,stats      ]     E: Management Roots               1 us, workers (us):   1, 
[55.194s][info][gc,stats      ]     E: System Dict Roots              9 us, workers (us):   9, 
[55.194s][info][gc,stats      ]     E: CLDG Roots                   636 us, workers (us): 636, 
[55.194s][info][gc,stats      ]     E: JVMTI Roots                    0 us, workers (us):   0, 
[55.194s][info][gc,stats      ] Concurrent Cleanup                   35 us
[55.194s][info][gc,stats      ] Concurrent Evacuation             29091 us
[55.194s][info][gc,stats      ] Pause Init  Update Refs (G)        2986 us
[55.194s][info][gc,stats      ] Pause Init  Update Refs (N)          17 us
[55.194s][info][gc,stats      ]   Retire GCLABs                       9 us
[55.194s][info][gc,stats      ] Concurrent Update Refs           117363 us
[55.194s][info][gc,stats      ] Pause Final Update Refs (G)        3322 us
[55.194s][info][gc,stats      ] Pause Final Update Refs (N)         448 us
[55.194s][info][gc,stats      ]   Update Roots                      402 us, parallelism: 0.98x
[55.194s][info][gc,stats      ]     UR: <total>                     393 us
[55.194s][info][gc,stats      ]     UR: Thread Roots                393 us, workers (us): 393, 
[55.194s][info][gc,stats      ]   Update Region States               28 us
[55.194s][info][gc,stats      ]   Trash Collection Set                3 us
[55.194s][info][gc,stats      ]   Rebuild Free Set                    8 us
[55.194s][info][gc,stats      ] Concurrent Cleanup                   56 us
[55.194s][info][gc,stats      ] 
[55.194s][info][gc,stats      ] Allocation pacing accrued:
[55.194s][info][gc,stats      ]       0 of   631 ms (  0.0%): <total>
[55.194s][info][gc,stats      ]       0 of   631 ms (  0.0%): <average total>
[55.194s][info][gc,stats      ] 
[55.194s][info][gc,metaspace  ] Metaspace: 60334K->60334K(1103872K)
[55.194s][info][gc,ergo       ] Pacer for Idle. Initial: 10240K, Alloc Tax Rate: 1.0x
[55.199s][info][gc            ] Trigger: Learning 3 of 5. Free (348M) is below initial threshold (350M)
[55.199s][info][gc,ergo       ] Free: 348M, Max: 256K regular, 155M humongous, Frag: 56% external, 0% internal; Reserve: 25600K, Max: 256K
[55.199s][info][gc,start      ] GC(113) Concurrent reset
[55.199s][info][gc,task       ] GC(113) Using 1 of 1 workers for concurrent reset
[55.199s][info][gc,ergo       ] GC(113) Pacer for Reset. Non-Taxable: 500M
[55.199s][info][gc            ] GC(113) Concurrent reset 0.220ms
[55.203s][info][gc,start      ] GC(113) Pause Init Mark
[55.203s][info][gc,task       ] GC(113) Using 1 of 1 workers for init marking
[55.204s][info][gc,ergo       ] GC(113) Pacer for Mark. Expected Live: 25546K, Free: 348M, Non-Taxable: 35734K, Alloc Tax Rate: 0.1x
[55.204s][info][gc            ] GC(113) Pause Init Mark 1.442ms
[55.204s][info][gc,start      ] GC(113) Concurrent marking
[55.204s][info][gc,task       ] GC(113) Using 1 of 1 workers for concurrent marking
[55.288s][info][gc            ] GC(113) Concurrent marking 84.169ms
[55.289s][info][gc,start      ] GC(113) Pause Final Mark
[55.289s][info][gc,task       ] GC(113) Using 1 of 1 workers for final marking
[55.289s][info][gc,ergo       ] GC(113) Adaptive CSet Selection. Target Free: 72533K, Actual Free: 325M, Max CSet: 21333K, Min Garbage: 0B
[55.289s][info][gc,ergo       ] GC(113) Collectable Garbage: 88919K (98%), Immediate: 256K (0%), CSet: 88663K (97%)
[55.291s][info][gc,ergo       ] GC(113) Pacer for Evacuation. Used CSet: 95744K, Free: 301M, Non-Taxable: 30845K, Alloc Tax Rate: 1.1x
[55.291s][info][gc            ] GC(113) Pause Final Mark 2.250ms
[55.295s][info][gc,start      ] GC(113) Concurrent cleanup
[55.295s][info][gc            ] GC(113) Concurrent cleanup 179M->179M(213M) 0.122ms
[55.295s][info][gc,ergo       ] GC(113) Free: 294M, Max: 256K regular, 155M humongous, Frag: 48% external, 0% internal; Reserve: 25585K, Max: 256K
[55.295s][info][gc,start      ] GC(113) Concurrent evacuation
[55.295s][info][gc,task       ] GC(113) Using 1 of 1 workers for concurrent evacuation
[55.318s][info][gc            ] GC(113) Concurrent evacuation 23.323ms
[55.321s][info][gc,start      ] GC(113) Pause Init Update Refs
[55.321s][info][gc,ergo       ] GC(113) Pacer for Update Refs. Used: 214M, Free: 266M, Non-Taxable: 27286K, Alloc Tax Rate: 1.1x
[55.321s][info][gc            ] GC(113) Pause Init Update Refs 0.029ms
[55.321s][info][gc,start      ] GC(113) Concurrent update references
[55.321s][info][gc,task       ] GC(113) Using 1 of 1 workers for concurrent reference update
[55.415s][info][gc            ] GC(113) Concurrent update references 94.107ms
[55.418s][info][gc,start      ] GC(113) Pause Final Update Refs
[55.418s][info][gc,task       ] GC(113) Using 1 of 1 workers for final reference update
[55.418s][info][gc            ] GC(113) Pause Final Update Refs 0.473ms
[55.418s][info][gc,start      ] GC(113) Concurrent cleanup
[55.418s][info][gc            ] GC(113) Concurrent cleanup 271M->177M(276M) 0.054ms
[55.418s][info][gc,ergo       ] Free: 295M, Max: 256K regular, 104M humongous, Frag: 65% external, 0% internal; Reserve: 25600K, Max: 256K
[55.418s][info][gc,stats      ] 
[55.418s][info][gc,stats      ] All times are wall-clock times, except per-root-class counters, that are sum over
[55.418s][info][gc,stats      ] all workers. Dividing the <total> over the root stage time estimates parallelism.
[55.418s][info][gc,stats      ] 
[55.418s][info][gc,stats      ] Concurrent Reset                    213 us
[55.418s][info][gc,stats      ] Pause Init Mark (G)                5220 us
[55.418s][info][gc,stats      ] Pause Init Mark (N)                1412 us
[55.418s][info][gc,stats      ]   Accumulate Stats                   15 us
[55.418s][info][gc,stats      ]   Make Parsable                      10 us
[55.418s][info][gc,stats      ]   Update Region States               27 us
[55.418s][info][gc,stats      ]   Scan Roots                       1308 us, parallelism: 0.80x
[55.418s][info][gc,stats      ]     S: <total>                     1040 us
[55.418s][info][gc,stats      ]     S: Thread Roots                 468 us, workers (us): 468, 
[55.418s][info][gc,stats      ]     S: Universe Roots                 2 us, workers (us):   2, 
[55.418s][info][gc,stats      ]     S: JNI Handles Roots             12 us, workers (us):  12, 
[55.418s][info][gc,stats      ]     S: Synchronizer Roots             0 us, workers (us):   0, 
[55.418s][info][gc,stats      ]     S: Management Roots               1 us, workers (us):   1, 
[55.418s][info][gc,stats      ]     S: System Dict Roots             11 us, workers (us):  11, 
[55.419s][info][gc,stats      ]     S: CLDG Roots                   546 us, workers (us): 546, 
[55.419s][info][gc,stats      ]     S: JVMTI Roots                    1 us, workers (us):   1, 
[55.419s][info][gc,stats      ]   Resize TLABs                       11 us
[55.419s][info][gc,stats      ] Concurrent Marking                84160 us
[55.419s][info][gc,stats      ] Pause Final Mark (G)               6089 us
[55.419s][info][gc,stats      ] Pause Final Mark (N)               2235 us
[55.419s][info][gc,stats      ]   Finish Queues                      21 us
[55.419s][info][gc,stats      ]   System Purge                      255 us
[55.419s][info][gc,stats      ]     Weak Roots                      255 us
[55.419s][info][gc,stats      ]   Update Region States               26 us
[55.419s][info][gc,stats      ]   Retire TLABs                       13 us
[55.419s][info][gc,stats      ]   Choose Collection Set              74 us
[55.419s][info][gc,stats      ]   Rebuild Free Set                    7 us
[55.419s][info][gc,stats      ]   Initial Evacuation               1830 us, parallelism: 0.65x
[55.419s][info][gc,stats      ]     E: <total>                     1188 us
[55.419s][info][gc,stats      ]     E: Thread Roots                 524 us, workers (us): 524, 
[55.419s][info][gc,stats      ]     E: Code Cache Roots             187 us, workers (us): 187, 
[55.419s][info][gc,stats      ]     E: Universe Roots                 1 us, workers (us):   1, 
[55.419s][info][gc,stats      ]     E: JNI Handles Roots              1 us, workers (us):   1, 
[55.419s][info][gc,stats      ]     E: Synchronizer Roots             0 us, workers (us):   0, 
[55.419s][info][gc,stats      ]     E: Management Roots               1 us, workers (us):   1, 
[55.419s][info][gc,stats      ]     E: System Dict Roots             10 us, workers (us):  10, 
[55.419s][info][gc,stats      ]     E: CLDG Roots                   462 us, workers (us): 462, 
[55.419s][info][gc,stats      ]     E: JVMTI Roots                    1 us, workers (us):   1, 
[55.419s][info][gc,stats      ] Concurrent Cleanup                   34 us
[55.419s][info][gc,stats      ] Concurrent Evacuation             23313 us
[55.419s][info][gc,stats      ] Pause Init  Update Refs (G)        2860 us
[55.419s][info][gc,stats      ] Pause Init  Update Refs (N)          14 us
[55.419s][info][gc,stats      ]   Retire GCLABs                       7 us
[55.419s][info][gc,stats      ] Concurrent Update Refs            94093 us
[55.419s][info][gc,stats      ] Pause Final Update Refs (G)        3266 us
[55.419s][info][gc,stats      ] Pause Final Update Refs (N)         448 us
[55.419s][info][gc,stats      ]   Update Roots                      403 us, parallelism: 0.98x
[55.419s][info][gc,stats      ]     UR: <total>                     395 us
[55.419s][info][gc,stats      ]     UR: Thread Roots                395 us, workers (us): 395, 
[55.419s][info][gc,stats      ]   Update Region States               27 us
[55.419s][info][gc,stats      ]   Trash Collection Set                3 us
[55.419s][info][gc,stats      ]   Rebuild Free Set                    7 us
[55.419s][info][gc,stats      ] Concurrent Cleanup                   47 us
[55.419s][info][gc,stats      ] 
[55.419s][info][gc,stats      ] Allocation pacing accrued:
[55.419s][info][gc,stats      ]       0 of   225 ms (  0.0%): <total>
[55.419s][info][gc,stats      ]       0 of   225 ms (  0.0%): <average total>
[55.419s][info][gc,stats      ] 
[55.419s][info][gc,metaspace  ] Metaspace: 60334K->60334K(1103872K)
[55.419s][info][gc,ergo       ] Pacer for Idle. Initial: 10240K, Alloc Tax Rate: 1.0x
[55.420s][info][gc            ] Trigger: Learning 4 of 5. Free (291M) is below initial threshold (350M)
[55.420s][info][gc,ergo       ] Free: 291M, Max: 256K regular, 104M humongous, Frag: 65% external, 0% internal; Reserve: 25600K, Max: 256K
[55.420s][info][gc,start      ] GC(114) Concurrent reset
[55.420s][info][gc,task       ] GC(114) Using 1 of 1 workers for concurrent reset
[55.420s][info][gc,ergo       ] GC(114) Pacer for Reset. Non-Taxable: 500M
[55.421s][info][gc            ] GC(114) Concurrent reset 0.195ms
[55.423s][info][gc,start      ] GC(114) Pause Init Mark
[55.423s][info][gc,task       ] GC(114) Using 1 of 1 workers for init marking
[55.425s][info][gc,ergo       ] GC(114) Pacer for Mark. Expected Live: 27946K, Free: 291M, Non-Taxable: 29872K, Alloc Tax Rate: 0.1x
[55.425s][info][gc            ] GC(114) Pause Init Mark 1.493ms
[55.425s][info][gc,start      ] GC(114) Concurrent marking
[55.425s][info][gc,task       ] GC(114) Using 1 of 1 workers for concurrent marking
[55.502s][info][gc            ] GC(114) Concurrent marking 76.759ms
[55.502s][info][gc,start      ] GC(114) Pause Final Mark
[55.502s][info][gc,task       ] GC(114) Using 1 of 1 workers for final marking
[55.502s][info][gc,ergo       ] GC(114) Adaptive CSet Selection. Target Free: 72533K, Actual Free: 253M, Max CSet: 21333K, Min Garbage: 0B
[55.502s][info][gc,ergo       ] GC(114) Collectable Garbage: 133M (98%), Immediate: 512K (0%), CSet: 132M (98%)
[55.504s][info][gc,ergo       ] GC(114) Pacer for Evacuation. Used CSet: 143M, Free: 229M, Non-Taxable: 23497K, Alloc Tax Rate: 1.5x
[55.504s][info][gc            ] GC(114) Pause Final Mark 2.208ms
[55.504s][info][gc,start      ] GC(114) Concurrent cleanup
[55.504s][info][gc            ] GC(114) Concurrent cleanup 244M->244M(276M) 0.042ms
[55.504s][info][gc,ergo       ] GC(114) Free: 229M, Max: 256K regular, 104M humongous, Frag: 55% external, 0% internal; Reserve: 25600K, Max: 256K
[55.504s][info][gc,start      ] GC(114) Concurrent evacuation
[55.504s][info][gc,task       ] GC(114) Using 1 of 1 workers for concurrent evacuation
[55.539s][info][gc            ] GC(114) Concurrent evacuation 34.791ms
[55.539s][info][gc,start      ] GC(114) Pause Init Update Refs
[55.539s][info][gc,ergo       ] GC(114) Pacer for Update Refs. Used: 290M, Free: 194M, Non-Taxable: 19888K, Alloc Tax Rate: 1.8x
[55.539s][info][gc            ] GC(114) Pause Init Update Refs 0.034ms
[55.539s][info][gc,start      ] GC(114) Concurrent update references
[55.539s][info][gc,task       ] GC(114) Using 1 of 1 workers for concurrent reference update
[55.665s][info][gc            ] GC(114) Concurrent update references 126.047ms
[55.668s][info][gc,start      ] GC(114) Pause Final Update Refs
[55.668s][info][gc,task       ] GC(114) Using 1 of 1 workers for final reference update
[55.669s][info][gc            ] GC(114) Pause Final Update Refs 0.480ms
[55.669s][info][gc,start      ] GC(114) Concurrent cleanup
[55.669s][info][gc            ] GC(114) Concurrent cleanup 369M->226M(374M) 0.062ms
[55.669s][info][gc,ergo       ] Free: 247M, Max: 256K regular, 96512K humongous, Frag: 62% external, 0% internal; Reserve: 25600K, Max: 256K
[55.669s][info][gc,stats      ] 
[55.669s][info][gc,stats      ] All times are wall-clock times, except per-root-class counters, that are sum over
[55.669s][info][gc,stats      ] all workers. Dividing the <total> over the root stage time estimates parallelism.
[55.669s][info][gc,stats      ] 
[55.669s][info][gc,stats      ] Concurrent Reset                    189 us
[55.669s][info][gc,stats      ] Pause Init Mark (G)                4333 us
[55.669s][info][gc,stats      ] Pause Init Mark (N)                1471 us
[55.669s][info][gc,stats      ]   Accumulate Stats                   16 us
[55.669s][info][gc,stats      ]   Make Parsable                      11 us
[55.669s][info][gc,stats      ]   Update Region States               24 us
[55.669s][info][gc,stats      ]   Scan Roots                       1365 us, parallelism: 0.78x
[55.669s][info][gc,stats      ]     S: <total>                     1065 us
[55.669s][info][gc,stats      ]     S: Thread Roots                 495 us, workers (us): 495, 
[55.669s][info][gc,stats      ]     S: Universe Roots                 2 us, workers (us):   2, 
[55.669s][info][gc,stats      ]     S: JNI Handles Roots              2 us, workers (us):   2, 
[55.669s][info][gc,stats      ]     S: Synchronizer Roots             0 us, workers (us):   0, 
[55.669s][info][gc,stats      ]     S: Management Roots               1 us, workers (us):   1, 
[55.669s][info][gc,stats      ]     S: System Dict Roots             10 us, workers (us):  10, 
[55.669s][info][gc,stats      ]     S: CLDG Roots                   553 us, workers (us): 553, 
[55.669s][info][gc,stats      ]     S: JVMTI Roots                    1 us, workers (us):   1, 
[55.669s][info][gc,stats      ]   Resize TLABs                       14 us
[55.669s][info][gc,stats      ] Concurrent Marking                76750 us
[55.669s][info][gc,stats      ] Pause Final Mark (G)               2342 us
[55.669s][info][gc,stats      ] Pause Final Mark (N)               2198 us
[55.669s][info][gc,stats      ]   Finish Queues                      14 us
[55.669s][info][gc,stats      ]   System Purge                      250 us
[55.669s][info][gc,stats      ]     Weak Roots                      250 us
[55.669s][info][gc,stats      ]   Update Region States               25 us
[55.669s][info][gc,stats      ]   Retire TLABs                       15 us
[55.669s][info][gc,stats      ]   Choose Collection Set              96 us
[55.669s][info][gc,stats      ]   Rebuild Free Set                    6 us
[55.669s][info][gc,stats      ]   Initial Evacuation               1784 us, parallelism: 0.63x
[55.669s][info][gc,stats      ]     E: <total>                     1120 us
[55.669s][info][gc,stats      ]     E: Thread Roots                 444 us, workers (us): 444, 
[55.669s][info][gc,stats      ]     E: Code Cache Roots             213 us, workers (us): 213, 
[55.669s][info][gc,stats      ]     E: Universe Roots                 1 us, workers (us):   1, 
[55.669s][info][gc,stats      ]     E: JNI Handles Roots              1 us, workers (us):   1, 
[55.669s][info][gc,stats      ]     E: Synchronizer Roots             0 us, workers (us):   0, 
[55.669s][info][gc,stats      ]     E: Management Roots               1 us, workers (us):   1, 
[55.669s][info][gc,stats      ]     E: System Dict Roots              9 us, workers (us):   9, 
[55.669s][info][gc,stats      ]     E: CLDG Roots                   450 us, workers (us): 450, 
[55.669s][info][gc,stats      ]     E: JVMTI Roots                    0 us, workers (us):   0, 
[55.669s][info][gc,stats      ] Concurrent Cleanup                   34 us
[55.669s][info][gc,stats      ] Concurrent Evacuation             34778 us
[55.669s][info][gc,stats      ] Pause Init  Update Refs (G)         276 us
[55.669s][info][gc,stats      ] Pause Init  Update Refs (N)          17 us
[55.669s][info][gc,stats      ]   Retire GCLABs                       8 us
[55.669s][info][gc,stats      ] Concurrent Update Refs           126032 us
[55.669s][info][gc,stats      ] Pause Final Update Refs (G)        3335 us
[55.669s][info][gc,stats      ] Pause Final Update Refs (N)         462 us
[55.669s][info][gc,stats      ]   Update Roots                      417 us, parallelism: 0.97x
[55.669s][info][gc,stats      ]     UR: <total>                     406 us
[55.669s][info][gc,stats      ]     UR: Thread Roots                406 us, workers (us): 406, 
[55.669s][info][gc,stats      ]   Update Region States               26 us
[55.669s][info][gc,stats      ]   Trash Collection Set                3 us
[55.669s][info][gc,stats      ]   Rebuild Free Set                    7 us
[55.669s][info][gc,stats      ] Concurrent Cleanup                   54 us
[55.669s][info][gc,stats      ] Pacing                            10761 us
[55.669s][info][gc,stats      ] 
[55.669s][info][gc,stats      ] Allocation pacing accrued:
[55.669s][info][gc,stats      ]      11 of   250 ms (  4.3%): Executor task launch worker for task 0.0 in stage 12.0 (TID 12)
[55.669s][info][gc,stats      ]      11 of   250 ms (  4.3%): <total>
[55.669s][info][gc,stats      ]       0 of   250 ms (  0.0%): <average total>
[55.669s][info][gc,stats      ]      11 of   250 ms (  4.3%): <average non-zero>
[55.669s][info][gc,stats      ] 
[55.669s][info][gc,metaspace  ] Metaspace: 60334K->60334K(1103872K)
[55.669s][info][gc,ergo       ] Pacer for Idle. Initial: 10240K, Alloc Tax Rate: 1.0x
[55.671s][info][gc            ] Trigger: Learning 5 of 5. Free (244M) is below initial threshold (350M)
[55.671s][info][gc,ergo       ] Free: 244M, Max: 256K regular, 96512K humongous, Frag: 62% external, 0% internal; Reserve: 25600K, Max: 256K
[55.671s][info][gc,start      ] GC(115) Concurrent reset
[55.671s][info][gc,task       ] GC(115) Using 1 of 1 workers for concurrent reset
[55.671s][info][gc,ergo       ] GC(115) Pacer for Reset. Non-Taxable: 500M
[55.673s][info][gc            ] GC(115) Concurrent reset 2.180ms
[55.676s][info][gc,start      ] GC(115) Pause Init Mark (process weakrefs)
[55.676s][info][gc,task       ] GC(115) Using 1 of 1 workers for init marking
[55.677s][info][gc,ergo       ] GC(115) Pacer for Mark. Expected Live: 32612K, Free: 240M, Non-Taxable: 24624K, Alloc Tax Rate: 0.2x
[55.677s][info][gc            ] GC(115) Pause Init Mark (process weakrefs) 1.383ms
[55.677s][info][gc,start      ] GC(115) Concurrent marking (process weakrefs)
[55.677s][info][gc,task       ] GC(115) Using 1 of 1 workers for concurrent marking
[55.796s][info][gc            ] GC(115) Concurrent marking (process weakrefs) 118.588ms
[55.796s][info][gc,start      ] GC(115) Concurrent precleaning
[55.796s][info][gc,task       ] GC(115) Using 1 of 1 workers for concurrent preclean
[55.796s][info][gc,ergo       ] GC(115) Pacer for Precleaning. Non-Taxable: 500M
[55.796s][info][gc            ] GC(115) Concurrent precleaning 0.556ms
[55.796s][info][gc,start      ] GC(115) Pause Final Mark (process weakrefs)
[55.796s][info][gc,task       ] GC(115) Using 1 of 1 workers for final marking
[55.797s][info][gc,ergo       ] GC(115) Adaptive CSet Selection. Target Free: 72533K, Actual Free: 181M, Max CSet: 21333K, Min Garbage: 0B
[55.797s][info][gc,ergo       ] GC(115) Collectable Garbage: 169M (98%), Immediate: 1024K (0%), CSet: 168M (98%)
[55.799s][info][gc,ergo       ] GC(115) Pacer for Evacuation. Used CSet: 182M, Free: 156M, Non-Taxable: 16074K, Alloc Tax Rate: 2.8x
[55.799s][info][gc            ] GC(115) Pause Final Mark (process weakrefs) 2.231ms
[55.799s][info][gc,start      ] GC(115) Concurrent cleanup
[55.799s][info][gc            ] GC(115) Concurrent cleanup 317M->316M(374M) 0.051ms
[55.799s][info][gc,ergo       ] GC(115) Free: 156M, Max: 256K regular, 96512K humongous, Frag: 40% external, 1% internal; Reserve: 25600K, Max: 256K
[55.799s][info][gc,start      ] GC(115) Concurrent evacuation
[55.799s][info][gc,task       ] GC(115) Using 1 of 1 workers for concurrent evacuation
[55.833s][info][gc            ] GC(115) Concurrent evacuation 34.534ms
[55.836s][info][gc,start      ] GC(115) Pause Init Update Refs
[55.836s][info][gc,ergo       ] GC(115) Pacer for Update Refs. Used: 361M, Free: 125M, Non-Taxable: 12874K, Alloc Tax Rate: 3.5x
[55.836s][info][gc            ] GC(115) Pause Init Update Refs 0.031ms
[55.836s][info][gc,start      ] GC(115) Concurrent update references
[55.836s][info][gc,task       ] GC(115) Using 1 of 1 workers for concurrent reference update
[56.014s][info][gc            ] GC(115) Concurrent update references 177.303ms
[56.020s][info][gc,start      ] GC(115) Pause Final Update Refs
[56.020s][info][gc,task       ] GC(115) Using 1 of 1 workers for final reference update
[56.020s][info][gc            ] GC(115) Pause Final Update Refs 0.528ms
[56.020s][info][gc,start      ] GC(115) Concurrent cleanup
[56.020s][info][gc            ] GC(115) Concurrent cleanup 459M->277M(461M) 0.069ms
[56.020s][info][gc,ergo       ] Free: 196M, Max: 256K regular, 89600K humongous, Frag: 56% external, 1% internal; Reserve: 25600K, Max: 256K
[56.020s][info][gc,stats      ] 
[56.020s][info][gc,stats      ] All times are wall-clock times, except per-root-class counters, that are sum over
[56.020s][info][gc,stats      ] all workers. Dividing the <total> over the root stage time estimates parallelism.
[56.020s][info][gc,stats      ] 
[56.020s][info][gc,stats      ] Concurrent Reset                   2172 us
[56.020s][info][gc,stats      ] Pause Init Mark (G)                4184 us
[56.020s][info][gc,stats      ] Pause Init Mark (N)                1360 us
[56.020s][info][gc,stats      ]   Accumulate Stats                   16 us
[56.020s][info][gc,stats      ]   Make Parsable                      11 us
[56.020s][info][gc,stats      ]   Update Region States               25 us
[56.020s][info][gc,stats      ]   Scan Roots                       1269 us, parallelism: 0.79x
[56.020s][info][gc,stats      ]     S: <total>                     1003 us
[56.020s][info][gc,stats      ]     S: Thread Roots                 448 us, workers (us): 448, 
[56.020s][info][gc,stats      ]     S: Universe Roots                 2 us, workers (us):   2, 
[56.020s][info][gc,stats      ]     S: JNI Handles Roots              2 us, workers (us):   2, 
[56.020s][info][gc,stats      ]     S: Synchronizer Roots             0 us, workers (us):   0, 
[56.020s][info][gc,stats      ]     S: Management Roots               1 us, workers (us):   1, 
[56.020s][info][gc,stats      ]     S: System Dict Roots             11 us, workers (us):  11, 
[56.020s][info][gc,stats      ]     S: CLDG Roots                   538 us, workers (us): 538, 
[56.020s][info][gc,stats      ]     S: JVMTI Roots                    0 us, workers (us):   0, 
[56.020s][info][gc,stats      ]   Resize TLABs                       11 us
[56.020s][info][gc,stats      ] Concurrent Marking               118579 us
[56.020s][info][gc,stats      ] Concurrent Precleaning              547 us
[56.020s][info][gc,stats      ] Pause Final Mark (G)               2460 us
[56.020s][info][gc,stats      ] Pause Final Mark (N)               2223 us
[56.020s][info][gc,stats      ]   Finish Queues                      12 us
[56.020s][info][gc,stats      ]   Weak References                    17 us
[56.020s][info][gc,stats      ]     Process                          14 us
[56.020s][info][gc,stats      ]   System Purge                      289 us
[56.020s][info][gc,stats      ]     Weak Roots                      289 us
[56.020s][info][gc,stats      ]   Update Region States               29 us
[56.020s][info][gc,stats      ]   Retire TLABs                       19 us
[56.020s][info][gc,stats      ]   Choose Collection Set             125 us
[56.020s][info][gc,stats      ]   Rebuild Free Set                    6 us
[56.020s][info][gc,stats      ]   Initial Evacuation               1721 us, parallelism: 0.65x
[56.020s][info][gc,stats      ]     E: <total>                     1113 us
[56.020s][info][gc,stats      ]     E: Thread Roots                 446 us, workers (us): 446, 
[56.021s][info][gc,stats      ]     E: Code Cache Roots             190 us, workers (us): 190, 
[56.021s][info][gc,stats      ]     E: Universe Roots                 1 us, workers (us):   1, 
[56.021s][info][gc,stats      ]     E: JNI Handles Roots              1 us, workers (us):   1, 
[56.021s][info][gc,stats      ]     E: Synchronizer Roots             0 us, workers (us):   0, 
[56.021s][info][gc,stats      ]     E: Management Roots               1 us, workers (us):   1, 
[56.021s][info][gc,stats      ]     E: System Dict Roots              9 us, workers (us):   9, 
[56.021s][info][gc,stats      ]     E: CLDG Roots                   464 us, workers (us): 464, 
[56.021s][info][gc,stats      ]     E: JVMTI Roots                    0 us, workers (us):   0, 
[56.021s][info][gc,stats      ] Concurrent Cleanup                   34 us
[56.021s][info][gc,stats      ] Concurrent Evacuation             34522 us
[56.021s][info][gc,stats      ] Pause Init  Update Refs (G)        2907 us
[56.021s][info][gc,stats      ] Pause Init  Update Refs (N)          15 us
[56.021s][info][gc,stats      ]   Retire GCLABs                       8 us
[56.021s][info][gc,stats      ] Concurrent Update Refs           177289 us
[56.021s][info][gc,stats      ] Pause Final Update Refs (G)        6545 us
[56.021s][info][gc,stats      ] Pause Final Update Refs (N)         470 us
[56.021s][info][gc,stats      ]   Update Roots                      420 us, parallelism: 0.97x
[56.021s][info][gc,stats      ]     UR: <total>                     408 us
[56.021s][info][gc,stats      ]     UR: Thread Roots                408 us, workers (us): 408, 
[56.021s][info][gc,stats      ]   Update Region States               30 us
[56.021s][info][gc,stats      ]   Trash Collection Set                4 us
[56.021s][info][gc,stats      ]   Rebuild Free Set                    7 us
[56.021s][info][gc,stats      ] Concurrent Cleanup                   61 us
[56.021s][info][gc,stats      ] Pacing                            56504 us
[56.021s][info][gc,stats      ] 
[56.021s][info][gc,stats      ] Allocation pacing accrued:
[56.021s][info][gc,stats      ]      57 of   351 ms ( 16.1%): Executor task launch worker for task 0.0 in stage 12.0 (TID 12)
[56.021s][info][gc,stats      ]      57 of   351 ms ( 16.1%): <total>
[56.021s][info][gc,stats      ]       0 of   351 ms (  0.1%): <average total>
[56.021s][info][gc,stats      ]      57 of   351 ms ( 16.1%): <average non-zero>
[56.021s][info][gc,stats      ] 
[56.021s][info][gc,metaspace  ] Metaspace: 60334K->60340K(1103872K)
[56.021s][info][gc,ergo       ] Pacer for Idle. Initial: 10240K, Alloc Tax Rate: 1.0x
[56.030s][info][gc            ] Trigger: Average GC time (233.90 ms) is above the time for allocation rate (660 MB/s) to deplete free headroom (151M)
[56.030s][info][gc,ergo       ] Free headroom: 176M (free) - 25600K (spike) - 0B (penalties) = 151M
[56.030s][info][gc,ergo       ] Free: 176M, Max: 256K regular, 89600K humongous, Frag: 51% external, 0% internal; Reserve: 25600K, Max: 256K
[56.030s][info][gc,start      ] GC(116) Concurrent reset
[56.030s][info][gc,task       ] GC(116) Using 1 of 1 workers for concurrent reset
[56.030s][info][gc,ergo       ] GC(116) Pacer for Reset. Non-Taxable: 500M
[56.031s][info][gc            ] GC(116) Concurrent reset 0.380ms
[56.034s][info][gc,start      ] GC(116) Pause Init Mark
[56.034s][info][gc,task       ] GC(116) Using 1 of 1 workers for init marking
[56.035s][info][gc,ergo       ] GC(116) Pacer for Mark. Expected Live: 40256K, Free: 176M, Non-Taxable: 18099K, Alloc Tax Rate: 0.3x
[56.035s][info][gc            ] GC(116) Pause Init Mark 1.622ms
[56.035s][info][gc,start      ] GC(116) Concurrent marking
[56.035s][info][gc,task       ] GC(116) Using 1 of 1 workers for concurrent marking
[56.130s][info][gc            ] GC(116) Concurrent marking 94.345ms
[56.130s][info][gc,start      ] GC(116) Pause Final Mark
[56.130s][info][gc,task       ] GC(116) Using 1 of 1 workers for final marking
[56.130s][info][gc,ergo       ] GC(116) Adaptive CSet Selection. Target Free: 72533K, Actual Free: 153M, Max CSet: 21333K, Min Garbage: 0B
[56.130s][info][gc,ergo       ] GC(116) Collectable Garbage: 214M (99%), Immediate: 2048K (0%), CSet: 212M (98%)
[56.132s][info][gc,ergo       ] GC(116) Pacer for Evacuation. Used CSet: 229M, Free: 128M, Non-Taxable: 13132K, Alloc Tax Rate: 4.4x
[56.132s][info][gc            ] GC(116) Pause Final Mark 2.482ms
[56.134s][info][gc,start      ] GC(116) Concurrent cleanup
[56.134s][info][gc            ] GC(116) Concurrent cleanup 348M->348M(461M) 0.052ms
[56.134s][info][gc,ergo       ] GC(116) Free: 125M, Max: 256K regular, 89600K humongous, Frag: 31% external, 1% internal; Reserve: 25591K, Max: 256K
[56.134s][info][gc,start      ] GC(116) Concurrent evacuation
[56.134s][info][gc,task       ] GC(116) Using 1 of 1 workers for concurrent evacuation
[56.185s][info][gc            ] GC(116) Concurrent evacuation 51.197ms
[56.188s][info][gc,start      ] GC(116) Pause Init Update Refs
[56.188s][info][gc,ergo       ] GC(116) Pacer for Update Refs. Used: 411M, Free: 81408K, Non-Taxable: 8140K, Alloc Tax Rate: 6.3x
[56.188s][info][gc            ] GC(116) Pause Init Update Refs 0.046ms
[56.188s][info][gc,start      ] GC(116) Concurrent update references
[56.188s][info][gc,task       ] GC(116) Using 1 of 1 workers for concurrent reference update
[56.324s][info][gc            ] GC(116) Concurrent update references 135.634ms
[56.324s][info][gc,start      ] GC(116) Pause Final Update Refs
[56.324s][info][gc,task       ] GC(116) Using 1 of 1 workers for final reference update
[56.325s][info][gc            ] GC(116) Pause Final Update Refs 0.501ms
[56.325s][info][gc,start      ] GC(116) Concurrent cleanup
[56.325s][info][gc            ] GC(116) Concurrent cleanup 476M->246M(478M) 0.074ms
[56.325s][info][gc,ergo       ] Free: 227M, Max: 256K regular, 58880K humongous, Frag: 75% external, 0% internal; Reserve: 25600K, Max: 256K
[56.325s][info][gc,stats      ] 
[56.325s][info][gc,stats      ] All times are wall-clock times, except per-root-class counters, that are sum over
[56.325s][info][gc,stats      ] all workers. Dividing the <total> over the root stage time estimates parallelism.
[56.325s][info][gc,stats      ] 
[56.325s][info][gc,stats      ] Concurrent Reset                    371 us
[56.325s][info][gc,stats      ] Pause Init Mark (G)                4563 us
[56.325s][info][gc,stats      ] Pause Init Mark (N)                1582 us
[56.325s][info][gc,stats      ]   Accumulate Stats                   16 us
[56.325s][info][gc,stats      ]   Make Parsable                      11 us
[56.325s][info][gc,stats      ]   Update Region States               31 us
[56.325s][info][gc,stats      ]   Scan Roots                       1458 us, parallelism: 0.80x
[56.325s][info][gc,stats      ]     S: <total>                     1171 us
[56.325s][info][gc,stats      ]     S: Thread Roots                 517 us, workers (us): 517, 
[56.325s][info][gc,stats      ]     S: Universe Roots                 2 us, workers (us):   2, 
[56.325s][info][gc,stats      ]     S: JNI Handles Roots              2 us, workers (us):   2, 
[56.325s][info][gc,stats      ]     S: Synchronizer Roots             0 us, workers (us):   0, 
[56.325s][info][gc,stats      ]     S: Management Roots               2 us, workers (us):   2, 
[56.325s][info][gc,stats      ]     S: System Dict Roots             12 us, workers (us):  12, 
[56.325s][info][gc,stats      ]     S: CLDG Roots                   636 us, workers (us): 636, 
[56.325s][info][gc,stats      ]     S: JVMTI Roots                    1 us, workers (us):   1, 
[56.325s][info][gc,stats      ]   Resize TLABs                       20 us
[56.325s][info][gc,stats      ] Concurrent Marking                94336 us
[56.325s][info][gc,stats      ] Pause Final Mark (G)               4190 us
[56.325s][info][gc,stats      ] Pause Final Mark (N)               2471 us
[56.325s][info][gc,stats      ]   Finish Queues                      11 us
[56.325s][info][gc,stats      ]   System Purge                      355 us
[56.325s][info][gc,stats      ]     Weak Roots                      355 us
[56.325s][info][gc,stats      ]   Update Region States               26 us
[56.325s][info][gc,stats      ]   Retire TLABs                       17 us
[56.325s][info][gc,stats      ]   Choose Collection Set             147 us
[56.325s][info][gc,stats      ]   Rebuild Free Set                    6 us
[56.325s][info][gc,stats      ]   Initial Evacuation               1901 us, parallelism: 0.67x
[56.325s][info][gc,stats      ]     E: <total>                     1269 us
[56.325s][info][gc,stats      ]     E: Thread Roots                 543 us, workers (us): 543, 
[56.325s][info][gc,stats      ]     E: Code Cache Roots             190 us, workers (us): 190, 
[56.325s][info][gc,stats      ]     E: Universe Roots                 1 us, workers (us):   1, 
[56.325s][info][gc,stats      ]     E: JNI Handles Roots              1 us, workers (us):   1, 
[56.325s][info][gc,stats      ]     E: Synchronizer Roots             0 us, workers (us):   0, 
[56.325s][info][gc,stats      ]     E: Management Roots               1 us, workers (us):   1, 
[56.325s][info][gc,stats      ]     E: System Dict Roots              9 us, workers (us):   9, 
[56.325s][info][gc,stats      ]     E: CLDG Roots                   523 us, workers (us): 523, 
[56.325s][info][gc,stats      ]     E: JVMTI Roots                    1 us, workers (us):   1, 
[56.325s][info][gc,stats      ] Concurrent Cleanup                   33 us
[56.325s][info][gc,stats      ] Concurrent Evacuation             51184 us
[56.325s][info][gc,stats      ] Pause Init  Update Refs (G)        3048 us
[56.325s][info][gc,stats      ] Pause Init  Update Refs (N)          16 us
[56.325s][info][gc,stats      ]   Retire GCLABs                       8 us
[56.325s][info][gc,stats      ] Concurrent Update Refs           135620 us
[56.325s][info][gc,stats      ] Pause Final Update Refs (G)         735 us
[56.325s][info][gc,stats      ] Pause Final Update Refs (N)         473 us
[56.325s][info][gc,stats      ]   Update Roots                      422 us, parallelism: 0.98x
[56.325s][info][gc,stats      ]     UR: <total>                     414 us
[56.325s][info][gc,stats      ]     UR: Thread Roots                414 us, workers (us): 414, 
[56.325s][info][gc,stats      ]   Update Region States               28 us
[56.325s][info][gc,stats      ]   Trash Collection Set                4 us
[56.325s][info][gc,stats      ]   Rebuild Free Set                    7 us
[56.325s][info][gc,stats      ] Concurrent Cleanup                   68 us
[56.325s][info][gc,stats      ] Pacing                           113826 us
[56.325s][info][gc,stats      ] 
[56.325s][info][gc,stats      ] Allocation pacing accrued:
[56.325s][info][gc,stats      ]     114 of   304 ms ( 37.4%): Executor task launch worker for task 0.0 in stage 12.0 (TID 12)
[56.325s][info][gc,stats      ]     114 of   304 ms ( 37.4%): <total>
[56.325s][info][gc,stats      ]       1 of   304 ms (  0.3%): <average total>
[56.325s][info][gc,stats      ]     114 of   304 ms ( 37.4%): <average non-zero>
[56.325s][info][gc,stats      ] 
[56.325s][info][gc,metaspace  ] Metaspace: 60340K->60340K(1103872K)
[56.325s][info][gc,ergo       ] Pacer for Idle. Initial: 10240K, Alloc Tax Rate: 1.0x
[56.346s][info][gc            ] Trigger: Average GC time (275.17 ms) is above the time for allocation rate (631 MB/s) to deplete free headroom (167M)
[56.346s][info][gc,ergo       ] Free headroom: 192M (free) - 25600K (spike) - 0B (penalties) = 167M
[56.346s][info][gc,ergo       ] Free: 192M, Max: 256K regular, 58880K humongous, Frag: 71% external, 0% internal; Reserve: 25600K, Max: 256K
[56.346s][info][gc,start      ] GC(117) Concurrent reset
[56.346s][info][gc,task       ] GC(117) Using 1 of 1 workers for concurrent reset
[56.346s][info][gc,ergo       ] GC(117) Pacer for Reset. Non-Taxable: 500M
[56.346s][info][gc            ] GC(117) Concurrent reset 0.486ms
[56.349s][info][gc,start      ] GC(117) Pause Init Mark
[56.349s][info][gc,task       ] GC(117) Using 1 of 1 workers for init marking
[56.351s][info][gc,ergo       ] GC(117) Pacer for Mark. Expected Live: 52069K, Free: 192M, Non-Taxable: 19660K, Alloc Tax Rate: 0.3x
[56.351s][info][gc            ] GC(117) Pause Init Mark 1.763ms
[56.351s][info][gc,start      ] GC(117) Concurrent marking
[56.351s][info][gc,task       ] GC(117) Using 1 of 1 workers for concurrent marking
[56.446s][info][gc            ] GC(117) Concurrent marking 95.139ms
[56.447s][info][gc,start      ] GC(117) Pause Final Mark
[56.447s][info][gc,task       ] GC(117) Using 1 of 1 workers for final marking
[56.447s][info][gc,ergo       ] GC(117) Adaptive CSet Selection. Target Free: 72533K, Actual Free: 169M, Max CSet: 21333K, Min Garbage: 0B
[56.447s][info][gc,ergo       ] GC(117) Collectable Garbage: 184M (99%), Immediate: 0B (0%), CSet: 184M (99%)
[56.449s][info][gc,ergo       ] GC(117) Pacer for Evacuation. Used CSet: 199M, Free: 144M, Non-Taxable: 14771K, Alloc Tax Rate: 3.4x
[56.449s][info][gc            ] GC(117) Pause Final Mark 2.197ms
[56.451s][info][gc,start      ] GC(117) Concurrent cleanup
[56.451s][info][gc            ] GC(117) Concurrent cleanup 334M->334M(478M) 0.057ms
[56.451s][info][gc,ergo       ] GC(117) Free: 139M, Max: 256K regular, 58880K humongous, Frag: 59% external, 1% internal; Reserve: 25600K, Max: 256K
[56.451s][info][gc,start      ] GC(117) Concurrent evacuation
[56.452s][info][gc,task       ] GC(117) Using 1 of 1 workers for concurrent evacuation
[56.497s][info][gc            ] GC(117) Concurrent evacuation 45.904ms
[56.501s][info][gc,start      ] GC(117) Pause Init Update Refs
[56.501s][info][gc,ergo       ] GC(117) Pacer for Update Refs. Used: 391M, Free: 100352K, Non-Taxable: 10035K, Alloc Tax Rate: 4.9x
[56.501s][info][gc            ] GC(117) Pause Init Update Refs 0.076ms
[56.501s][info][gc,start      ] GC(117) Concurrent update references
[56.501s][info][gc,task       ] GC(117) Using 1 of 1 workers for concurrent reference update
[56.642s][info][gc            ] GC(117) Concurrent update references 140.975ms
[56.642s][info][gc,start      ] GC(117) Pause Final Update Refs
[56.642s][info][gc,task       ] GC(117) Using 1 of 1 workers for final reference update
[56.642s][info][gc            ] GC(117) Pause Final Update Refs 0.517ms
[56.642s][info][gc,start      ] GC(117) Concurrent cleanup
[56.643s][info][gc            ] GC(117) Concurrent cleanup 471M->272M(493M) 0.070ms
[56.643s][info][gc,ergo       ] Free: 201M, Max: 256K regular, 88320K humongous, Frag: 58% external, 1% internal; Reserve: 25600K, Max: 256K
[56.643s][info][gc,stats      ] 
[56.643s][info][gc,stats      ] All times are wall-clock times, except per-root-class counters, that are sum over
[56.643s][info][gc,stats      ] all workers. Dividing the <total> over the root stage time estimates parallelism.
[56.643s][info][gc,stats      ] 
[56.643s][info][gc,stats      ] Concurrent Reset                    476 us
[56.643s][info][gc,stats      ] Pause Init Mark (G)                4701 us
[56.643s][info][gc,stats      ] Pause Init Mark (N)                1716 us
[56.643s][info][gc,stats      ]   Accumulate Stats                   18 us
[56.643s][info][gc,stats      ]   Make Parsable                      15 us
[56.643s][info][gc,stats      ]   Update Region States               35 us
[56.643s][info][gc,stats      ]   Scan Roots                       1581 us, parallelism: 0.81x
[56.643s][info][gc,stats      ]     S: <total>                     1281 us
[56.643s][info][gc,stats      ]     S: Thread Roots                 595 us, workers (us): 595, 
[56.643s][info][gc,stats      ]     S: Universe Roots                 2 us, workers (us):   2, 
[56.643s][info][gc,stats      ]     S: JNI Handles Roots              2 us, workers (us):   2, 
[56.643s][info][gc,stats      ]     S: Synchronizer Roots             0 us, workers (us):   0, 
[56.643s][info][gc,stats      ]     S: Management Roots               2 us, workers (us):   2, 
[56.643s][info][gc,stats      ]     S: System Dict Roots             15 us, workers (us):  15, 
[56.643s][info][gc,stats      ]     S: CLDG Roots                   664 us, workers (us): 664, 
[56.643s][info][gc,stats      ]     S: JVMTI Roots                    1 us, workers (us):   1, 
[56.643s][info][gc,stats      ]   Resize TLABs                       15 us
[56.643s][info][gc,stats      ] Concurrent Marking                95128 us
[56.643s][info][gc,stats      ] Pause Final Mark (G)               5018 us
[56.643s][info][gc,stats      ] Pause Final Mark (N)               2178 us
[56.643s][info][gc,stats      ]   Finish Queues                      15 us
[56.643s][info][gc,stats      ]   System Purge                      252 us
[56.643s][info][gc,stats      ]     Weak Roots                      251 us
[56.643s][info][gc,stats      ]   Update Region States               26 us
[56.643s][info][gc,stats      ]   Retire TLABs                       14 us
[56.643s][info][gc,stats      ]   Choose Collection Set             122 us
[56.643s][info][gc,stats      ]   Rebuild Free Set                    6 us
[56.643s][info][gc,stats      ]   Initial Evacuation               1737 us, parallelism: 0.66x
[56.643s][info][gc,stats      ]     E: <total>                     1141 us
[56.643s][info][gc,stats      ]     E: Thread Roots                 466 us, workers (us): 466, 
[56.643s][info][gc,stats      ]     E: Code Cache Roots             187 us, workers (us): 187, 
[56.643s][info][gc,stats      ]     E: Universe Roots                 1 us, workers (us):   1, 
[56.643s][info][gc,stats      ]     E: JNI Handles Roots              1 us, workers (us):   1, 
[56.643s][info][gc,stats      ]     E: Synchronizer Roots             0 us, workers (us):   0, 
[56.643s][info][gc,stats      ]     E: Management Roots               1 us, workers (us):   1, 
[56.643s][info][gc,stats      ]     E: System Dict Roots              8 us, workers (us):   8, 
[56.643s][info][gc,stats      ]     E: CLDG Roots                   475 us, workers (us): 475, 
[56.643s][info][gc,stats      ]     E: JVMTI Roots                    0 us, workers (us):   0, 
[56.643s][info][gc,stats      ] Concurrent Cleanup                   34 us
[56.643s][info][gc,stats      ] Concurrent Evacuation             45889 us
[56.643s][info][gc,stats      ] Pause Init  Update Refs (G)        3187 us
[56.643s][info][gc,stats      ] Pause Init  Update Refs (N)          23 us
[56.643s][info][gc,stats      ]   Retire GCLABs                      11 us
[56.643s][info][gc,stats      ] Concurrent Update Refs           140960 us
[56.643s][info][gc,stats      ] Pause Final Update Refs (G)         744 us
[56.643s][info][gc,stats      ] Pause Final Update Refs (N)         500 us
[56.643s][info][gc,stats      ]   Update Roots                      399 us, parallelism: 0.99x
[56.643s][info][gc,stats      ]     UR: <total>                     393 us
[56.643s][info][gc,stats      ]     UR: Thread Roots                393 us, workers (us): 393, 
[56.643s][info][gc,stats      ]   Update Region States               70 us
[56.643s][info][gc,stats      ]   Trash Collection Set                4 us
[56.643s][info][gc,stats      ]   Rebuild Free Set                    7 us
[56.643s][info][gc,stats      ] Concurrent Cleanup                   63 us
[56.643s][info][gc,stats      ] Pacing                           135138 us
[56.643s][info][gc,stats      ] 
[56.643s][info][gc,stats      ] Allocation pacing accrued:
[56.643s][info][gc,stats      ]      13 of   318 ms (  4.0%): Spark Context Cleaner
[56.643s][info][gc,stats      ]     122 of   318 ms ( 38.5%): Executor task launch worker for task 0.0 in stage 12.0 (TID 12)
[56.643s][info][gc,stats      ]     135 of   318 ms ( 42.5%): <total>
[56.643s][info][gc,stats      ]       1 of   318 ms (  0.3%): <average total>
[56.643s][info][gc,stats      ]      68 of   318 ms ( 21.3%): <average non-zero>
[56.643s][info][gc,stats      ] 
[56.643s][info][gc,metaspace  ] Metaspace: 60340K->60340K(1103872K)
[56.643s][info][gc,ergo       ] Pacer for Idle. Initial: 10240K, Alloc Tax Rate: 1.0x
[56.655s][info][gc            ] Trigger: Average GC time (281.77 ms) is above the time for allocation rate (600 MB/s) to deplete free headroom (165M)
[56.655s][info][gc,ergo       ] Free headroom: 190M (free) - 25600K (spike) - 0B (penalties) = 165M
[56.655s][info][gc,ergo       ] Free: 190M, Max: 256K regular, 88320K humongous, Frag: 55% external, 1% internal; Reserve: 25600K, Max: 256K
[56.655s][info][gc,start      ] GC(118) Concurrent reset
[56.655s][info][gc,task       ] GC(118) Using 1 of 1 workers for concurrent reset
[56.655s][info][gc,ergo       ] GC(118) Pacer for Reset. Non-Taxable: 500M
[56.656s][info][gc            ] GC(118) Concurrent reset 0.666ms
[56.659s][info][gc,start      ] GC(118) Pause Init Mark
[56.659s][info][gc,task       ] GC(118) Using 1 of 1 workers for init marking
[56.660s][info][gc,ergo       ] GC(118) Pacer for Mark. Expected Live: 65759K, Free: 190M, Non-Taxable: 19507K, Alloc Tax Rate: 0.4x
[56.660s][info][gc            ] GC(118) Pause Init Mark 1.511ms
[56.660s][info][gc,start      ] GC(118) Concurrent marking
[56.660s][info][gc,task       ] GC(118) Using 1 of 1 workers for concurrent marking
[56.760s][info][gc            ] GC(118) Concurrent marking 99.800ms
[56.760s][info][gc,start      ] GC(118) Pause Final Mark
[56.760s][info][gc,task       ] GC(118) Using 1 of 1 workers for final marking
[56.761s][info][gc,ergo       ] GC(118) Adaptive CSet Selection. Target Free: 72533K, Actual Free: 173M, Max CSet: 21333K, Min Garbage: 0B
[56.761s][info][gc,ergo       ] GC(118) Collectable Garbage: 171M (98%), Immediate: 0B (0%), CSet: 171M (98%)
[56.763s][info][gc,ergo       ] GC(118) Pacer for Evacuation. Used CSet: 185M, Free: 148M, Non-Taxable: 15206K, Alloc Tax Rate: 3.1x
[56.763s][info][gc            ] GC(118) Pause Final Mark 2.303ms
[56.763s][info][gc,start      ] GC(118) Concurrent cleanup
[56.763s][info][gc            ] GC(118) Concurrent cleanup 325M->325M(493M) 0.042ms
[56.763s][info][gc,ergo       ] GC(118) Free: 148M, Max: 256K regular, 88320K humongous, Frag: 42% external, 1% internal; Reserve: 25600K, Max: 256K
[56.763s][info][gc,start      ] GC(118) Concurrent evacuation
[56.763s][info][gc,task       ] GC(118) Using 1 of 1 workers for concurrent evacuation
[56.796s][info][gc            ] GC(118) Concurrent evacuation 33.066ms
[56.799s][info][gc,start      ] GC(118) Pause Init Update Refs
[56.799s][info][gc,ergo       ] GC(118) Pacer for Update Refs. Used: 366M, Free: 121M, Non-Taxable: 12416K, Alloc Tax Rate: 3.7x
[56.799s][info][gc            ] GC(118) Pause Init Update Refs 0.066ms
[56.799s][info][gc,start      ] GC(118) Concurrent update references
[56.799s][info][gc,task       ] GC(118) Using 1 of 1 workers for concurrent reference update
[57.143s][info][gc            ] GC(118) Concurrent update references 343.606ms
[57.143s][info][gc,start      ] GC(118) Pause Final Update Refs
[57.143s][info][gc,task       ] GC(118) Using 1 of 1 workers for final reference update
[57.144s][info][gc            ] GC(118) Pause Final Update Refs 1.067ms
[57.144s][info][gc,start      ] GC(118) Concurrent cleanup
[57.144s][info][gc            ] GC(118) Concurrent cleanup 467M->282M(500M) 0.070ms
[57.144s][info][gc,ergo       ] Free: 190M, Max: 256K regular, 58880K humongous, Frag: 70% external, 5% internal; Reserve: 25600K, Max: 256K
[57.144s][info][gc,stats      ] 
[57.144s][info][gc,stats      ] All times are wall-clock times, except per-root-class counters, that are sum over
[57.144s][info][gc,stats      ] all workers. Dividing the <total> over the root stage time estimates parallelism.
[57.144s][info][gc,stats      ] 
[57.144s][info][gc,stats      ] Concurrent Reset                    646 us
[57.144s][info][gc,stats      ] Pause Init Mark (G)                4552 us
[57.144s][info][gc,stats      ] Pause Init Mark (N)                1461 us
[57.144s][info][gc,stats      ]   Accumulate Stats                   25 us
[57.144s][info][gc,stats      ]   Make Parsable                      12 us
[57.144s][info][gc,stats      ]   Update Region States               34 us
[57.144s][info][gc,stats      ]   Scan Roots                       1333 us, parallelism: 0.80x
[57.144s][info][gc,stats      ]     S: <total>                     1071 us
[57.144s][info][gc,stats      ]     S: Thread Roots                 519 us, workers (us): 519, 
[57.144s][info][gc,stats      ]     S: Universe Roots                 2 us, workers (us):   2, 
[57.144s][info][gc,stats      ]     S: JNI Handles Roots              1 us, workers (us):   1, 
[57.144s][info][gc,stats      ]     S: Synchronizer Roots             0 us, workers (us):   0, 
[57.144s][info][gc,stats      ]     S: Management Roots               2 us, workers (us):   2, 
[57.144s][info][gc,stats      ]     S: System Dict Roots             11 us, workers (us):  11, 
[57.144s][info][gc,stats      ]     S: CLDG Roots                   535 us, workers (us): 535, 
[57.144s][info][gc,stats      ]     S: JVMTI Roots                    1 us, workers (us):   1, 
[57.144s][info][gc,stats      ]   Resize TLABs                       11 us
[57.144s][info][gc,stats      ] Concurrent Marking                99791 us
[57.144s][info][gc,stats      ] Pause Final Mark (G)               2433 us
[57.144s][info][gc,stats      ] Pause Final Mark (N)               2291 us
[57.144s][info][gc,stats      ]   Finish Queues                      12 us
[57.144s][info][gc,stats      ]   System Purge                      299 us
[57.144s][info][gc,stats      ]     Weak Roots                      298 us
[57.144s][info][gc,stats      ]   Update Region States               25 us
[57.144s][info][gc,stats      ]   Retire TLABs                       17 us
[57.144s][info][gc,stats      ]   Choose Collection Set             124 us
[57.144s][info][gc,stats      ]   Rebuild Free Set                    6 us
[57.144s][info][gc,stats      ]   Initial Evacuation               1800 us, parallelism: 0.67x
[57.144s][info][gc,stats      ]     E: <total>                     1205 us
[57.144s][info][gc,stats      ]     E: Thread Roots                 513 us, workers (us): 513, 
[57.144s][info][gc,stats      ]     E: Code Cache Roots             187 us, workers (us): 187, 
[57.144s][info][gc,stats      ]     E: Universe Roots                 1 us, workers (us):   1, 
[57.144s][info][gc,stats      ]     E: JNI Handles Roots              1 us, workers (us):   1, 
[57.144s][info][gc,stats      ]     E: Synchronizer Roots             0 us, workers (us):   0, 
[57.144s][info][gc,stats      ]     E: Management Roots               1 us, workers (us):   1, 
[57.144s][info][gc,stats      ]     E: System Dict Roots              8 us, workers (us):   8, 
[57.144s][info][gc,stats      ]     E: CLDG Roots                   493 us, workers (us): 493, 
[57.144s][info][gc,stats      ]     E: JVMTI Roots                    0 us, workers (us):   0, 
[57.144s][info][gc,stats      ] Concurrent Cleanup                   34 us
[57.144s][info][gc,stats      ] Concurrent Evacuation             33053 us
[57.144s][info][gc,stats      ] Pause Init  Update Refs (G)        3044 us
[57.144s][info][gc,stats      ] Pause Init  Update Refs (N)          23 us
[57.144s][info][gc,stats      ]   Retire GCLABs                       8 us
[57.144s][info][gc,stats      ] Concurrent Update Refs           343585 us
[57.144s][info][gc,stats      ] Pause Final Update Refs (G)        1350 us
[57.144s][info][gc,stats      ] Pause Final Update Refs (N)        1022 us
[57.144s][info][gc,stats      ]   Update Roots                      969 us, parallelism: 0.41x
[57.144s][info][gc,stats      ]     UR: <total>                     399 us
[57.144s][info][gc,stats      ]     UR: Thread Roots                399 us, workers (us): 399, 
[57.144s][info][gc,stats      ]   Update Region States               27 us
[57.144s][info][gc,stats      ]   Trash Collection Set                4 us
[57.144s][info][gc,stats      ]   Rebuild Free Set                    7 us
[57.144s][info][gc,stats      ] Concurrent Cleanup                   61 us
[57.145s][info][gc,stats      ] Pacing                            91418 us
[57.145s][info][gc,stats      ] 
[57.145s][info][gc,stats      ] Allocation pacing accrued:
[57.145s][info][gc,stats      ]      13 of   502 ms (  2.5%): Spark Context Cleaner
[57.145s][info][gc,stats      ]      79 of   502 ms ( 15.7%): Executor task launch worker for task 0.0 in stage 13.0 (TID 13)
[57.145s][info][gc,stats      ]      91 of   502 ms ( 18.2%): <total>
[57.145s][info][gc,stats      ]       1 of   502 ms (  0.1%): <average total>
[57.145s][info][gc,stats      ]      46 of   502 ms (  9.1%): <average non-zero>
[57.145s][info][gc,stats      ] 
[57.145s][info][gc,metaspace  ] Metaspace: 60340K->60499K(1103872K)
[57.145s][info][gc,ergo       ] Pacer for Idle. Initial: 10240K, Alloc Tax Rate: 1.0x
[57.168s][info][gc            ] Trigger: Average GC time (335.66 ms) is above the time for allocation rate (403 MB/s) to deplete free headroom (131M)
[57.168s][info][gc,ergo       ] Free headroom: 156M (free) - 25600K (spike) - 0B (penalties) = 131M
[57.168s][info][gc,ergo       ] Free: 156M, Max: 256K regular, 58880K humongous, Frag: 64% external, 5% internal; Reserve: 25600K, Max: 256K
[57.168s][info][gc,start      ] GC(119) Concurrent reset
[57.168s][info][gc,task       ] GC(119) Using 1 of 1 workers for concurrent reset
[57.168s][info][gc,ergo       ] GC(119) Pacer for Reset. Non-Taxable: 500M
[57.169s][info][gc            ] GC(119) Concurrent reset 0.446ms
[57.172s][info][gc,start      ] GC(119) Pause Init Mark
[57.172s][info][gc,task       ] GC(119) Using 1 of 1 workers for init marking
[57.173s][info][gc,ergo       ] GC(119) Pacer for Mark. Expected Live: 80875K, Free: 156M, Non-Taxable: 16005K, Alloc Tax Rate: 0.6x
[57.173s][info][gc            ] GC(119) Pause Init Mark 1.516ms
[57.173s][info][gc,start      ] GC(119) Concurrent marking
[57.173s][info][gc,task       ] GC(119) Using 1 of 1 workers for concurrent marking
[57.215s][info][gc            ] GC(119) Concurrent marking 41.984ms
[57.215s][info][gc,start      ] GC(119) Pause Final Mark
[57.215s][info][gc,task       ] GC(119) Using 1 of 1 workers for final marking
[57.216s][info][gc,ergo       ] GC(119) Adaptive CSet Selection. Target Free: 72533K, Actual Free: 377M, Max CSet: 21333K, Min Garbage: 0B
[57.216s][info][gc,ergo       ] GC(119) Collectable Garbage: 286M (99%), Immediate: 221M (76%), CSet: 66560K (22%)
[57.218s][info][gc,ergo       ] GC(119) Pacer for Evacuation. Used CSet: 71189K, Free: 354M, Non-Taxable: 36300K, Alloc Tax Rate: 1.1x
[57.218s][info][gc            ] GC(119) Pause Final Mark 2.609ms
[57.218s][info][gc,start      ] GC(119) Concurrent cleanup
[57.222s][info][gc            ] GC(119) Concurrent cleanup 340M->126M(500M) 4.050ms
[57.222s][info][gc,ergo       ] GC(119) Free: 347M, Max: 256K regular, 176M humongous, Frag: 50% external, 0% internal; Reserve: 25423K, Max: 256K
[57.222s][info][gc,start      ] GC(119) Concurrent evacuation
[57.222s][info][gc,task       ] GC(119) Using 1 of 1 workers for concurrent evacuation
[57.236s][info][gc            ] GC(119) Concurrent evacuation 13.872ms
[57.240s][info][gc,start      ] GC(119) Pause Init Update Refs
[57.240s][info][gc,ergo       ] GC(119) Pacer for Update Refs. Used: 135M, Free: 343M, Non-Taxable: 35123K, Alloc Tax Rate: 1.1x
[57.240s][info][gc            ] GC(119) Pause Init Update Refs 0.122ms
[57.240s][info][gc,start      ] GC(119) Concurrent update references
[57.240s][info][gc,task       ] GC(119) Using 1 of 1 workers for concurrent reference update
[57.295s][info][gc            ] GC(119) Concurrent update references 55.507ms
[57.298s][info][gc,start      ] GC(119) Pause Final Update Refs
[57.298s][info][gc,task       ] GC(119) Using 1 of 1 workers for final reference update
[57.299s][info][gc            ] GC(119) Pause Final Update Refs 1.139ms
[57.302s][info][gc,start      ] GC(119) Concurrent cleanup
[57.302s][info][gc            ] GC(119) Concurrent cleanup 179M->111M(500M) 0.186ms
[57.302s][info][gc,ergo       ] Free: 361M, Max: 256K regular, 330M humongous, Frag: 9% external, 0% internal; Reserve: 25600K, Max: 256K
[57.302s][info][gc,stats      ] 
[57.302s][info][gc,stats      ] All times are wall-clock times, except per-root-class counters, that are sum over
[57.302s][info][gc,stats      ] all workers. Dividing the <total> over the root stage time estimates parallelism.
[57.302s][info][gc,stats      ] 
[57.302s][info][gc,stats      ] Concurrent Reset                    436 us
[57.302s][info][gc,stats      ] Pause Init Mark (G)                4463 us
[57.302s][info][gc,stats      ] Pause Init Mark (N)                1481 us
[57.302s][info][gc,stats      ]   Accumulate Stats                   16 us
[57.303s][info][gc,stats      ]   Make Parsable                      15 us
[57.303s][info][gc,stats      ]   Update Region States               24 us
[57.303s][info][gc,stats      ]   Scan Roots                       1309 us, parallelism: 0.79x
[57.303s][info][gc,stats      ]     S: <total>                     1035 us
[57.303s][info][gc,stats      ]     S: Thread Roots                 447 us, workers (us): 447, 
[57.303s][info][gc,stats      ]     S: Universe Roots                 2 us, workers (us):   2, 
[57.303s][info][gc,stats      ]     S: JNI Handles Roots              1 us, workers (us):   1, 
[57.303s][info][gc,stats      ]     S: Synchronizer Roots             0 us, workers (us):   0, 
[57.303s][info][gc,stats      ]     S: Management Roots               2 us, workers (us):   2, 
[57.303s][info][gc,stats      ]     S: System Dict Roots             11 us, workers (us):  11, 
[57.303s][info][gc,stats      ]     S: CLDG Roots                   570 us, workers (us): 570, 
[57.303s][info][gc,stats      ]     S: JVMTI Roots                    0 us, workers (us):   0, 
[57.303s][info][gc,stats      ]   Resize TLABs                       10 us
[57.303s][info][gc,stats      ] Concurrent Marking                41968 us
[57.303s][info][gc,stats      ] Pause Final Mark (G)               2736 us
[57.303s][info][gc,stats      ] Pause Final Mark (N)               2597 us
[57.303s][info][gc,stats      ]   Finish Queues                      14 us
[57.303s][info][gc,stats      ]   System Purge                      302 us
[57.303s][info][gc,stats      ]     Weak Roots                      301 us
[57.303s][info][gc,stats      ]   Update Region States               31 us
[57.303s][info][gc,stats      ]   Retire TLABs                       20 us
[57.303s][info][gc,stats      ]   Choose Collection Set              99 us
[57.303s][info][gc,stats      ]   Rebuild Free Set                    9 us
[57.303s][info][gc,stats      ]   Initial Evacuation               2115 us, parallelism: 0.59x
[57.303s][info][gc,stats      ]     E: <total>                     1250 us
[57.303s][info][gc,stats      ]     E: Thread Roots                 435 us, workers (us): 435, 
[57.303s][info][gc,stats      ]     E: Code Cache Roots             201 us, workers (us): 201, 
[57.303s][info][gc,stats      ]     E: Universe Roots                 1 us, workers (us):   1, 
[57.303s][info][gc,stats      ]     E: JNI Handles Roots              1 us, workers (us):   1, 
[57.303s][info][gc,stats      ]     E: Synchronizer Roots             1 us, workers (us):   1, 
[57.303s][info][gc,stats      ]     E: Management Roots               2 us, workers (us):   2, 
[57.303s][info][gc,stats      ]     E: System Dict Roots             11 us, workers (us):  11, 
[57.303s][info][gc,stats      ]     E: CLDG Roots                   597 us, workers (us): 597, 
[57.303s][info][gc,stats      ]     E: JVMTI Roots                    1 us, workers (us):   1, 
[57.303s][info][gc,stats      ] Concurrent Cleanup                 4039 us
[57.303s][info][gc,stats      ] Concurrent Evacuation             13859 us
[57.303s][info][gc,stats      ] Pause Init  Update Refs (G)        3865 us
[57.303s][info][gc,stats      ] Pause Init  Update Refs (N)          68 us
[57.303s][info][gc,stats      ]   Retire GCLABs                      12 us
[57.303s][info][gc,stats      ] Concurrent Update Refs            55490 us
[57.303s][info][gc,stats      ] Pause Final Update Refs (G)        6780 us
[57.303s][info][gc,stats      ] Pause Final Update Refs (N)        1053 us
[57.303s][info][gc,stats      ]   Update Roots                      934 us, parallelism: 0.94x
[57.303s][info][gc,stats      ]     UR: <total>                     875 us
[57.303s][info][gc,stats      ]     UR: Thread Roots                875 us, workers (us): 875, 
[57.303s][info][gc,stats      ]   Update Region States               66 us
[57.303s][info][gc,stats      ]   Trash Collection Set                8 us
[57.303s][info][gc,stats      ]   Rebuild Free Set                   21 us
[57.303s][info][gc,stats      ] Concurrent Cleanup                  108 us
[57.303s][info][gc,stats      ] Pacing                            32540 us
[57.303s][info][gc,stats      ] 
[57.303s][info][gc,stats      ] Allocation pacing accrued:
[57.303s][info][gc,stats      ]      33 of   159 ms ( 20.5%): Executor task launch worker for task 0.0 in stage 13.0 (TID 13)
[57.303s][info][gc,stats      ]      33 of   159 ms ( 20.5%): <total>
[57.303s][info][gc,stats      ]       0 of   159 ms (  0.2%): <average total>
[57.303s][info][gc,stats      ]      33 of   159 ms ( 20.5%): <average non-zero>
[57.303s][info][gc,stats      ] 
[57.303s][info][gc,metaspace  ] Metaspace: 60499K->60499K(1103872K)
[57.303s][info][gc,ergo       ] Pacer for Idle. Initial: 10240K, Alloc Tax Rate: 1.0x
[57.380s][info][gc            ] Trigger: Average GC time (312.80 ms) is above the time for allocation rate (810 MB/s) to deplete free headroom (247M)
[57.380s][info][gc,ergo       ] Free headroom: 272M (free) - 25600K (spike) - 0B (penalties) = 247M
[57.380s][info][gc,ergo       ] Free: 272M, Max: 256K regular, 272M humongous, Frag: 0% external, 0% internal; Reserve: 25600K, Max: 256K
[57.380s][info][gc,start      ] GC(120) Concurrent reset
[57.380s][info][gc,task       ] GC(120) Using 1 of 1 workers for concurrent reset
[57.380s][info][gc,ergo       ] GC(120) Pacer for Reset. Non-Taxable: 500M
[57.380s][info][gc            ] GC(120) Concurrent reset 0.172ms
[57.383s][info][gc,start      ] GC(120) Pause Init Mark (process weakrefs)
[57.383s][info][gc,task       ] GC(120) Using 1 of 1 workers for init marking
[57.385s][info][gc,ergo       ] GC(120) Pacer for Mark. Expected Live: 76984K, Free: 272M, Non-Taxable: 27852K, Alloc Tax Rate: 0.3x
[57.385s][info][gc            ] GC(120) Pause Init Mark (process weakrefs) 1.368ms
[57.385s][info][gc,start      ] GC(120) Concurrent marking (process weakrefs)
[57.385s][info][gc,task       ] GC(120) Using 1 of 1 workers for concurrent marking
[57.450s][info][gc            ] GC(120) Concurrent marking (process weakrefs) 65.142ms
[57.450s][info][gc,start      ] GC(120) Concurrent precleaning
[57.450s][info][gc,task       ] GC(120) Using 1 of 1 workers for concurrent preclean
[57.450s][info][gc,ergo       ] GC(120) Pacer for Precleaning. Non-Taxable: 500M
[57.450s][info][gc            ] GC(120) Concurrent precleaning 0.508ms
[57.451s][info][gc,start      ] GC(120) Pause Final Mark (process weakrefs)
[57.451s][info][gc,task       ] GC(120) Using 1 of 1 workers for final marking
[57.451s][info][gc,ergo       ] GC(120) Adaptive CSet Selection. Target Free: 72533K, Actual Free: 252M, Max CSet: 21333K, Min Garbage: 0B
[57.451s][info][gc,ergo       ] GC(120) Collectable Garbage: 158M (98%), Immediate: 768K (0%), CSet: 157M (98%)
[57.453s][info][gc,ergo       ] GC(120) Pacer for Evacuation. Used CSet: 170M, Free: 228M, Non-Taxable: 23347K, Alloc Tax Rate: 1.8x
[57.453s][info][gc            ] GC(120) Pause Final Mark (process weakrefs) 2.649ms
[57.453s][info][gc,start      ] GC(120) Concurrent cleanup
[57.453s][info][gc            ] GC(120) Concurrent cleanup 246M->245M(500M) 0.043ms
[57.453s][info][gc,ergo       ] GC(120) Free: 228M, Max: 256K regular, 226M humongous, Frag: 1% external, 0% internal; Reserve: 25597K, Max: 256K
[57.453s][info][gc,start      ] GC(120) Concurrent evacuation
[57.453s][info][gc,task       ] GC(120) Using 1 of 1 workers for concurrent evacuation
[57.489s][info][gc            ] GC(120) Concurrent evacuation 35.188ms
[57.491s][info][gc,start      ] GC(120) Pause Init Update Refs
[57.492s][info][gc,ergo       ] GC(120) Pacer for Update Refs. Used: 284M, Free: 202M, Non-Taxable: 20684K, Alloc Tax Rate: 1.7x
[57.492s][info][gc            ] GC(120) Pause Init Update Refs 0.036ms
[57.492s][info][gc,start      ] GC(120) Concurrent update references
[57.492s][info][gc,task       ] GC(120) Using 1 of 1 workers for concurrent reference update
[57.634s][info][gc            ] GC(120) Concurrent update references 141.688ms
[57.636s][info][gc,start      ] GC(120) Pause Final Update Refs
[57.636s][info][gc,task       ] GC(120) Using 1 of 1 workers for final reference update
[57.637s][info][gc            ] GC(120) Pause Final Update Refs 0.468ms
[57.637s][info][gc,start      ] GC(120) Concurrent cleanup
[57.637s][info][gc            ] GC(120) Concurrent cleanup 360M->190M(500M) 0.066ms
[57.637s][info][gc,ergo       ] Free: 283M, Max: 256K regular, 113M humongous, Frag: 60% external, 0% internal; Reserve: 25600K, Max: 256K
[57.637s][info][gc,stats      ] 
[57.637s][info][gc,stats      ] All times are wall-clock times, except per-root-class counters, that are sum over
[57.637s][info][gc,stats      ] all workers. Dividing the <total> over the root stage time estimates parallelism.
[57.637s][info][gc,stats      ] 
[57.637s][info][gc,stats      ] Concurrent Reset                    165 us
[57.637s][info][gc,stats      ] Pause Init Mark (G)                4220 us
[57.637s][info][gc,stats      ] Pause Init Mark (N)                1341 us
[57.637s][info][gc,stats      ]   Accumulate Stats                   15 us
[57.637s][info][gc,stats      ]   Make Parsable                      12 us
[57.637s][info][gc,stats      ]   Update Region States               25 us
[57.637s][info][gc,stats      ]   Scan Roots                       1254 us, parallelism: 0.79x
[57.637s][info][gc,stats      ]     S: <total>                      991 us
[57.637s][info][gc,stats      ]     S: Thread Roots                 429 us, workers (us): 429, 
[57.637s][info][gc,stats      ]     S: Universe Roots                 3 us, workers (us):   3, 
[57.637s][info][gc,stats      ]     S: JNI Handles Roots              2 us, workers (us):   2, 
[57.637s][info][gc,stats      ]     S: Synchronizer Roots             0 us, workers (us):   0, 
[57.637s][info][gc,stats      ]     S: Management Roots               1 us, workers (us):   1, 
[57.637s][info][gc,stats      ]     S: System Dict Roots             11 us, workers (us):  11, 
[57.637s][info][gc,stats      ]     S: CLDG Roots                   545 us, workers (us): 545, 
[57.637s][info][gc,stats      ]     S: JVMTI Roots                    1 us, workers (us):   1, 
[57.637s][info][gc,stats      ]   Resize TLABs                        8 us
[57.637s][info][gc,stats      ] Concurrent Marking                65134 us
[57.637s][info][gc,stats      ] Concurrent Precleaning              500 us
[57.637s][info][gc,stats      ] Pause Final Mark (G)               2847 us
[57.637s][info][gc,stats      ] Pause Final Mark (N)               2636 us
[57.637s][info][gc,stats      ]   Finish Queues                      13 us
[57.637s][info][gc,stats      ]   Weak References                    20 us
[57.637s][info][gc,stats      ]     Process                          18 us
[57.637s][info][gc,stats      ]   System Purge                      278 us
[57.637s][info][gc,stats      ]     Weak Roots                      277 us
[57.637s][info][gc,stats      ]   Update Region States               26 us
[57.637s][info][gc,stats      ]   Retire TLABs                        9 us
[57.637s][info][gc,stats      ]   Choose Collection Set             101 us
[57.637s][info][gc,stats      ]   Rebuild Free Set                    6 us
[57.637s][info][gc,stats      ]   Initial Evacuation               2177 us, parallelism: 0.70x
[57.637s][info][gc,stats      ]     E: <total>                     1516 us
[57.637s][info][gc,stats      ]     E: Thread Roots                 479 us, workers (us): 479, 
[57.637s][info][gc,stats      ]     E: Code Cache Roots             373 us, workers (us): 373, 
[57.637s][info][gc,stats      ]     E: Universe Roots                 1 us, workers (us):   1, 
[57.637s][info][gc,stats      ]     E: JNI Handles Roots              1 us, workers (us):   1, 
[57.637s][info][gc,stats      ]     E: Synchronizer Roots             0 us, workers (us):   0, 
[57.637s][info][gc,stats      ]     E: Management Roots               1 us, workers (us):   1, 
[57.637s][info][gc,stats      ]     E: System Dict Roots              9 us, workers (us):   9, 
[57.637s][info][gc,stats      ]     E: CLDG Roots                   652 us, workers (us): 652, 
[57.637s][info][gc,stats      ]     E: JVMTI Roots                    0 us, workers (us):   0, 
[57.637s][info][gc,stats      ] Concurrent Cleanup                   35 us
[57.637s][info][gc,stats      ] Concurrent Evacuation             35173 us
[57.637s][info][gc,stats      ] Pause Init  Update Refs (G)        3236 us
[57.637s][info][gc,stats      ] Pause Init  Update Refs (N)          16 us
[57.637s][info][gc,stats      ]   Retire GCLABs                       9 us
[57.637s][info][gc,stats      ] Concurrent Update Refs           141670 us
[57.637s][info][gc,stats      ] Pause Final Update Refs (G)        3333 us
[57.637s][info][gc,stats      ] Pause Final Update Refs (N)         439 us
[57.637s][info][gc,stats      ]   Update Roots                      394 us, parallelism: 0.98x
[57.637s][info][gc,stats      ]     UR: <total>                     387 us
[57.637s][info][gc,stats      ]     UR: Thread Roots                387 us, workers (us): 387, 
[57.637s][info][gc,stats      ]   Update Region States               27 us
[57.637s][info][gc,stats      ]   Trash Collection Set                4 us
[57.637s][info][gc,stats      ]   Rebuild Free Set                    7 us
[57.637s][info][gc,stats      ] Concurrent Cleanup                   59 us
[57.637s][info][gc,stats      ] Pacing                            34720 us
[57.637s][info][gc,stats      ] 
[57.637s][info][gc,stats      ] Allocation pacing accrued:
[57.637s][info][gc,stats      ]      11 of   334 ms (  3.2%): Spark Context Cleaner
[57.637s][info][gc,stats      ]      24 of   334 ms (  7.1%): Executor task launch worker for task 0.0 in stage 13.0 (TID 13)
[57.637s][info][gc,stats      ]      35 of   334 ms ( 10.4%): <total>
[57.637s][info][gc,stats      ]       0 of   334 ms (  0.1%): <average total>
[57.637s][info][gc,stats      ]      17 of   334 ms (  5.2%): <average non-zero>
[57.637s][info][gc,stats      ] 
[57.637s][info][gc,metaspace  ] Metaspace: 60503K->60506K(1103872K)
[57.637s][info][gc,ergo       ] Pacer for Idle. Initial: 10240K, Alloc Tax Rate: 1.0x
[57.661s][info][gc            ] Trigger: Average GC time (294.19 ms) is above the time for allocation rate (706 MB/s) to deplete free headroom (207M)
[57.661s][info][gc,ergo       ] Free headroom: 232M (free) - 25600K (spike) - 0B (penalties) = 207M
[57.661s][info][gc,ergo       ] Free: 232M, Max: 256K regular, 113M humongous, Frag: 52% external, 0% internal; Reserve: 25600K, Max: 256K
[57.661s][info][gc,start      ] GC(121) Concurrent reset
[57.661s][info][gc,task       ] GC(121) Using 1 of 1 workers for concurrent reset
[57.661s][info][gc,ergo       ] GC(121) Pacer for Reset. Non-Taxable: 500M
[57.661s][info][gc            ] GC(121) Concurrent reset 0.301ms
[57.664s][info][gc,start      ] GC(121) Pause Init Mark
[57.664s][info][gc,task       ] GC(121) Using 1 of 1 workers for init marking
[57.665s][info][gc,ergo       ] GC(121) Pacer for Mark. Expected Live: 72803K, Free: 232M, Non-Taxable: 23833K, Alloc Tax Rate: 0.4x
[57.665s][info][gc            ] GC(121) Pause Init Mark 1.394ms
[57.665s][info][gc,start      ] GC(121) Concurrent marking
[57.665s][info][gc,task       ] GC(121) Using 1 of 1 workers for concurrent marking
[57.740s][info][gc            ] GC(121) Concurrent marking 74.220ms
[57.740s][info][gc,start      ] GC(121) Pause Final Mark
[57.740s][info][gc,task       ] GC(121) Using 1 of 1 workers for final marking
[57.740s][info][gc,ergo       ] GC(121) Adaptive CSet Selection. Target Free: 72533K, Actual Free: 216M, Max CSet: 21333K, Min Garbage: 0B
[57.740s][info][gc,ergo       ] GC(121) Collectable Garbage: 182M (99%), Immediate: 1024K (0%), CSet: 181M (98%)
[57.742s][info][gc,ergo       ] GC(121) Pacer for Evacuation. Used CSet: 196M, Free: 192M, Non-Taxable: 19660K, Alloc Tax Rate: 2.5x
[57.742s][info][gc            ] GC(121) Pause Final Mark 2.456ms
[57.742s][info][gc,start      ] GC(121) Concurrent cleanup
[57.742s][info][gc            ] GC(121) Concurrent cleanup 282M->281M(500M) 0.042ms
[57.742s][info][gc,ergo       ] GC(121) Free: 192M, Max: 256K regular, 113M humongous, Frag: 42% external, 1% internal; Reserve: 25593K, Max: 256K
[57.742s][info][gc,start      ] GC(121) Concurrent evacuation
[57.742s][info][gc,task       ] GC(121) Using 1 of 1 workers for concurrent evacuation
[57.775s][info][gc            ] GC(121) Concurrent evacuation 32.991ms
[57.778s][info][gc,start      ] GC(121) Pause Init Update Refs
[57.778s][info][gc,ergo       ] GC(121) Pacer for Update Refs. Used: 328M, Free: 159M, Non-Taxable: 16358K, Alloc Tax Rate: 2.5x
[57.778s][info][gc            ] GC(121) Pause Init Update Refs 0.034ms
[57.778s][info][gc,start      ] GC(121) Concurrent update references
[57.778s][info][gc,task       ] GC(121) Using 1 of 1 workers for concurrent reference update
[57.934s][info][gc            ] GC(121) Concurrent update references 155.882ms
[57.935s][info][gc,start      ] GC(121) Pause Final Update Refs
[57.935s][info][gc,task       ] GC(121) Using 1 of 1 workers for final reference update
[57.935s][info][gc            ] GC(121) Pause Final Update Refs 0.465ms
[57.935s][info][gc,start      ] GC(121) Concurrent cleanup
[57.935s][info][gc            ] GC(121) Concurrent cleanup 461M->265M(500M) 0.070ms
[57.935s][info][gc,ergo       ] Free: 208M, Max: 256K regular, 108M humongous, Frag: 48% external, 1% internal; Reserve: 25600K, Max: 256K
[57.935s][info][gc,stats      ] 
[57.935s][info][gc,stats      ] All times are wall-clock times, except per-root-class counters, that are sum over
[57.935s][info][gc,stats      ] all workers. Dividing the <total> over the root stage time estimates parallelism.
[57.935s][info][gc,stats      ] 
[57.935s][info][gc,stats      ] Concurrent Reset                    292 us
[57.935s][info][gc,stats      ] Pause Init Mark (G)                4365 us
[57.935s][info][gc,stats      ] Pause Init Mark (N)                1366 us
[57.935s][info][gc,stats      ]   Accumulate Stats                   16 us
[57.935s][info][gc,stats      ]   Make Parsable                      15 us
[57.935s][info][gc,stats      ]   Update Region States               25 us
[57.935s][info][gc,stats      ]   Scan Roots                       1272 us, parallelism: 0.79x
[57.935s][info][gc,stats      ]     S: <total>                     1006 us
[57.935s][info][gc,stats      ]     S: Thread Roots                 437 us, workers (us): 437, 
[57.935s][info][gc,stats      ]     S: Universe Roots                 2 us, workers (us):   2, 
[57.935s][info][gc,stats      ]     S: JNI Handles Roots              1 us, workers (us):   1, 
[57.935s][info][gc,stats      ]     S: Synchronizer Roots             0 us, workers (us):   0, 
[57.935s][info][gc,stats      ]     S: Management Roots               1 us, workers (us):   1, 
[57.935s][info][gc,stats      ]     S: System Dict Roots             11 us, workers (us):  11, 
[57.935s][info][gc,stats      ]     S: CLDG Roots                   552 us, workers (us): 552, 
[57.935s][info][gc,stats      ]     S: JVMTI Roots                    0 us, workers (us):   0, 
[57.935s][info][gc,stats      ]   Resize TLABs                        9 us
[57.935s][info][gc,stats      ] Concurrent Marking                74211 us
[57.935s][info][gc,stats      ] Pause Final Mark (G)               2579 us
[57.935s][info][gc,stats      ] Pause Final Mark (N)               2385 us
[57.935s][info][gc,stats      ]   Finish Queues                      23 us
[57.935s][info][gc,stats      ]   System Purge                      260 us
[57.935s][info][gc,stats      ]     Weak Roots                      260 us
[57.935s][info][gc,stats      ]   Update Region States               26 us
[57.935s][info][gc,stats      ]   Retire TLABs                       14 us
[57.935s][info][gc,stats      ]   Choose Collection Set             122 us
[57.935s][info][gc,stats      ]   Rebuild Free Set                    6 us
[57.935s][info][gc,stats      ]   Initial Evacuation               1924 us, parallelism: 0.67x
[57.935s][info][gc,stats      ]     E: <total>                     1284 us
[57.935s][info][gc,stats      ]     E: Thread Roots                 557 us, workers (us): 557, 
[57.935s][info][gc,stats      ]     E: Code Cache Roots             193 us, workers (us): 193, 
[57.935s][info][gc,stats      ]     E: Universe Roots                 1 us, workers (us):   1, 
[57.935s][info][gc,stats      ]     E: JNI Handles Roots              1 us, workers (us):   1, 
[57.935s][info][gc,stats      ]     E: Synchronizer Roots             0 us, workers (us):   0, 
[57.935s][info][gc,stats      ]     E: Management Roots               1 us, workers (us):   1, 
[57.935s][info][gc,stats      ]     E: System Dict Roots             10 us, workers (us):  10, 
[57.935s][info][gc,stats      ]     E: CLDG Roots                   520 us, workers (us): 520, 
[57.935s][info][gc,stats      ]     E: JVMTI Roots                    0 us, workers (us):   0, 
[57.935s][info][gc,stats      ] Concurrent Cleanup                   34 us
[57.935s][info][gc,stats      ] Concurrent Evacuation             32979 us
[57.935s][info][gc,stats      ] Pause Init  Update Refs (G)        2929 us
[57.935s][info][gc,stats      ] Pause Init  Update Refs (N)          15 us
[57.935s][info][gc,stats      ]   Retire GCLABs                       8 us
[57.935s][info][gc,stats      ] Concurrent Update Refs           155870 us
[57.935s][info][gc,stats      ] Pause Final Update Refs (G)         706 us
[57.935s][info][gc,stats      ] Pause Final Update Refs (N)         447 us
[57.935s][info][gc,stats      ]   Update Roots                      399 us, parallelism: 0.98x
[57.935s][info][gc,stats      ]     UR: <total>                     390 us
[57.935s][info][gc,stats      ]     UR: Thread Roots                390 us, workers (us): 390, 
[57.935s][info][gc,stats      ]   Update Region States               29 us
[57.935s][info][gc,stats      ]   Trash Collection Set                4 us
[57.935s][info][gc,stats      ]   Rebuild Free Set                    7 us
[57.935s][info][gc,stats      ] Concurrent Cleanup                   63 us
[57.935s][info][gc,stats      ] Pacing                            32018 us
[57.935s][info][gc,stats      ] 
[57.935s][info][gc,stats      ] Allocation pacing accrued:
[57.935s][info][gc,stats      ]      32 of   298 ms ( 10.7%): Executor task launch worker for task 0.0 in stage 13.0 (TID 13)
[57.935s][info][gc,stats      ]      32 of   298 ms ( 10.7%): <total>
[57.935s][info][gc,stats      ]       0 of   298 ms (  0.1%): <average total>
[57.935s][info][gc,stats      ]      32 of   298 ms ( 10.7%): <average non-zero>
[57.935s][info][gc,stats      ] 
[57.935s][info][gc,metaspace  ] Metaspace: 60506K->60506K(1103872K)
[57.935s][info][gc,ergo       ] Pacer for Idle. Initial: 10240K, Alloc Tax Rate: 1.0x
[57.936s][info][gc            ] Trigger: Average GC time (290.16 ms) is above the time for allocation rate (752 MB/s) to deplete free headroom (183M)
[57.936s][info][gc,ergo       ] Free headroom: 208M (free) - 25600K (spike) - 0B (penalties) = 183M
[57.936s][info][gc,ergo       ] Free: 208M, Max: 256K regular, 108M humongous, Frag: 48% external, 1% internal; Reserve: 25600K, Max: 256K
[57.936s][info][gc,start      ] GC(122) Concurrent reset
[57.936s][info][gc,task       ] GC(122) Using 1 of 1 workers for concurrent reset
[57.936s][info][gc,ergo       ] GC(122) Pacer for Reset. Non-Taxable: 500M
[57.937s][info][gc            ] GC(122) Concurrent reset 0.339ms
[57.937s][info][gc,start      ] GC(122) Pause Init Mark
[57.937s][info][gc,task       ] GC(122) Using 1 of 1 workers for init marking
[57.938s][info][gc,ergo       ] GC(122) Pacer for Mark. Expected Live: 67869K, Free: 208M, Non-Taxable: 21299K, Alloc Tax Rate: 0.4x
[57.938s][info][gc            ] GC(122) Pause Init Mark 1.462ms
[57.938s][info][gc,start      ] GC(122) Concurrent marking
[57.939s][info][gc,task       ] GC(122) Using 1 of 1 workers for concurrent marking
[58.034s][info][gc            ] GC(122) Concurrent marking 95.422ms
[58.035s][info][gc,start      ] GC(122) Pause Final Mark
[58.035s][info][gc,task       ] GC(122) Using 1 of 1 workers for final marking
[58.035s][info][gc,ergo       ] GC(122) Adaptive CSet Selection. Target Free: 72533K, Actual Free: 198M, Max CSet: 21333K, Min Garbage: 0B
[58.036s][info][gc,ergo       ] GC(122) Collectable Garbage: 191M (99%), Immediate: 0B (0%), CSet: 191M (99%)
[58.040s][info][gc,ergo       ] GC(122) Pacer for Evacuation. Used CSet: 207M, Free: 173M, Non-Taxable: 17715K, Alloc Tax Rate: 2.9x
[58.040s][info][gc            ] GC(122) Pause Final Mark 5.592ms
[58.040s][info][gc,start      ] GC(122) Concurrent cleanup
[58.040s][info][gc            ] GC(122) Concurrent cleanup 300M->300M(500M) 0.119ms
[58.040s][info][gc,ergo       ] GC(122) Free: 173M, Max: 256K regular, 108M humongous, Frag: 38% external, 1% internal; Reserve: 25600K, Max: 256K
[58.040s][info][gc,start      ] GC(122) Concurrent evacuation
[58.040s][info][gc,task       ] GC(122) Using 1 of 1 workers for concurrent evacuation
[58.076s][info][gc            ] GC(122) Concurrent evacuation 35.816ms
[58.079s][info][gc,start      ] GC(122) Pause Init Update Refs
[58.079s][info][gc,ergo       ] GC(122) Pacer for Update Refs. Used: 348M, Free: 141M, Non-Taxable: 14464K, Alloc Tax Rate: 3.0x
[58.079s][info][gc            ] GC(122) Pause Init Update Refs 0.047ms
[58.079s][info][gc,start      ] GC(122) Concurrent update references
[58.079s][info][gc,task       ] GC(122) Using 1 of 1 workers for concurrent reference update
[58.246s][info][gc            ] GC(122) Concurrent update references 166.571ms
[58.246s][info][gc,start      ] GC(122) Pause Final Update Refs
[58.246s][info][gc,task       ] GC(122) Using 1 of 1 workers for final reference update
[58.247s][info][gc            ] GC(122) Pause Final Update Refs 0.504ms
[58.247s][info][gc,start      ] GC(122) Concurrent cleanup
[58.247s][info][gc            ] GC(122) Concurrent cleanup 465M->257M(500M) 0.079ms
[58.247s][info][gc,ergo       ] Free: 216M, Max: 256K regular, 120M humongous, Frag: 45% external, 1% internal; Reserve: 25600K, Max: 256K
[58.247s][info][gc,stats      ] 
[58.247s][info][gc,stats      ] All times are wall-clock times, except per-root-class counters, that are sum over
[58.247s][info][gc,stats      ] all workers. Dividing the <total> over the root stage time estimates parallelism.
[58.247s][info][gc,stats      ] 
[58.247s][info][gc,stats      ] Concurrent Reset                    333 us
[58.247s][info][gc,stats      ] Pause Init Mark (G)                1710 us
[58.247s][info][gc,stats      ] Pause Init Mark (N)                1447 us
[58.247s][info][gc,stats      ]   Accumulate Stats                   16 us
[58.247s][info][gc,stats      ]   Make Parsable                      12 us
[58.247s][info][gc,stats      ]   Update Region States               22 us
[58.247s][info][gc,stats      ]   Scan Roots                       1355 us, parallelism: 0.77x
[58.247s][info][gc,stats      ]     S: <total>                     1041 us
[58.247s][info][gc,stats      ]     S: Thread Roots                 507 us, workers (us): 507, 
[58.247s][info][gc,stats      ]     S: Universe Roots                 2 us, workers (us):   2, 
[58.247s][info][gc,stats      ]     S: JNI Handles Roots              2 us, workers (us):   2, 
[58.247s][info][gc,stats      ]     S: Synchronizer Roots             0 us, workers (us):   0, 
[58.247s][info][gc,stats      ]     S: Management Roots               2 us, workers (us):   2, 
[58.247s][info][gc,stats      ]     S: System Dict Roots             11 us, workers (us):  11, 
[58.247s][info][gc,stats      ]     S: CLDG Roots                   516 us, workers (us): 516, 
[58.247s][info][gc,stats      ]     S: JVMTI Roots                    0 us, workers (us):   0, 
[58.247s][info][gc,stats      ]   Resize TLABs                       10 us
[58.247s][info][gc,stats      ] Concurrent Marking                95412 us
[58.247s][info][gc,stats      ] Pause Final Mark (G)               5970 us
[58.247s][info][gc,stats      ] Pause Final Mark (N)               5542 us
[58.247s][info][gc,stats      ]   Finish Queues                      44 us
[58.247s][info][gc,stats      ]   System Purge                      591 us
[58.247s][info][gc,stats      ]     Weak Roots                      590 us
[58.247s][info][gc,stats      ]   Update Region States               65 us
[58.247s][info][gc,stats      ]   Retire TLABs                       35 us
[58.247s][info][gc,stats      ]   Choose Collection Set             359 us
[58.247s][info][gc,stats      ]   Rebuild Free Set                   18 us
[58.247s][info][gc,stats      ]   Initial Evacuation               4407 us, parallelism: 0.54x
[58.247s][info][gc,stats      ]     E: <total>                     2363 us
[58.247s][info][gc,stats      ]     E: Thread Roots                 992 us, workers (us): 992, 
[58.247s][info][gc,stats      ]     E: Code Cache Roots             315 us, workers (us): 315, 
[58.247s][info][gc,stats      ]     E: Universe Roots                 2 us, workers (us):   2, 
[58.247s][info][gc,stats      ]     E: JNI Handles Roots              2 us, workers (us):   2, 
[58.247s][info][gc,stats      ]     E: Synchronizer Roots             0 us, workers (us):   0, 
[58.247s][info][gc,stats      ]     E: Management Roots               2 us, workers (us):   2, 
[58.247s][info][gc,stats      ]     E: System Dict Roots             19 us, workers (us):  19, 
[58.247s][info][gc,stats      ]     E: CLDG Roots                  1029 us, workers (us): 1029, 
[58.247s][info][gc,stats      ]     E: JVMTI Roots                    1 us, workers (us):   1, 
[58.247s][info][gc,stats      ] Concurrent Cleanup                   99 us
[58.247s][info][gc,stats      ] Concurrent Evacuation             35795 us
[58.247s][info][gc,stats      ] Pause Init  Update Refs (G)        2931 us
[58.247s][info][gc,stats      ] Pause Init  Update Refs (N)          15 us
[58.247s][info][gc,stats      ]   Retire GCLABs                       8 us
[58.247s][info][gc,stats      ] Concurrent Update Refs           166555 us
[58.247s][info][gc,stats      ] Pause Final Update Refs (G)         838 us
[58.247s][info][gc,stats      ] Pause Final Update Refs (N)         475 us
[58.247s][info][gc,stats      ]   Update Roots                      424 us, parallelism: 0.98x
[58.247s][info][gc,stats      ]     UR: <total>                     416 us
[58.247s][info][gc,stats      ]     UR: Thread Roots                416 us, workers (us): 416, 
[58.247s][info][gc,stats      ]   Update Region States               29 us
[58.247s][info][gc,stats      ]   Trash Collection Set                4 us
[58.247s][info][gc,stats      ]   Rebuild Free Set                    7 us
[58.247s][info][gc,stats      ] Concurrent Cleanup                   72 us
[58.247s][info][gc,stats      ] Pacing                            86821 us
[58.247s][info][gc,stats      ] 
[58.247s][info][gc,stats      ] Allocation pacing accrued:
[58.247s][info][gc,stats      ]      87 of   312 ms ( 27.9%): Executor task launch worker for task 0.0 in stage 13.0 (TID 13)
[58.247s][info][gc,stats      ]      87 of   312 ms ( 27.9%): <total>
[58.247s][info][gc,stats      ]       1 of   312 ms (  0.2%): <average total>
[58.247s][info][gc,stats      ]      87 of   312 ms ( 27.9%): <average non-zero>
[58.247s][info][gc,stats      ] 
[58.247s][info][gc,metaspace  ] Metaspace: 60506K->60506K(1103872K)
[58.247s][info][gc,ergo       ] Pacer for Idle. Initial: 10240K, Alloc Tax Rate: 1.0x
[58.257s][info][gc            ] Trigger: Average GC time (292.92 ms) is above the time for allocation rate (613 MB/s) to deplete free headroom (178M)
[58.257s][info][gc,ergo       ] Free headroom: 203M (free) - 25600K (spike) - 0B (penalties) = 178M
[58.257s][info][gc,ergo       ] Free: 203M, Max: 256K regular, 108M humongous, Frag: 47% external, 0% internal; Reserve: 25600K, Max: 256K
[58.257s][info][gc,start      ] GC(123) Concurrent reset
[58.257s][info][gc,task       ] GC(123) Using 1 of 1 workers for concurrent reset
[58.257s][info][gc,ergo       ] GC(123) Pacer for Reset. Non-Taxable: 500M
[58.257s][info][gc            ] GC(123) Concurrent reset 0.516ms
[58.260s][info][gc,start      ] GC(123) Pause Init Mark
[58.261s][info][gc,task       ] GC(123) Using 1 of 1 workers for init marking
[58.262s][info][gc,ergo       ] GC(123) Pacer for Mark. Expected Live: 63063K, Free: 203M, Non-Taxable: 20812K, Alloc Tax Rate: 0.4x
[58.262s][info][gc            ] GC(123) Pause Init Mark 1.444ms
[58.262s][info][gc,start      ] GC(123) Concurrent marking
[58.262s][info][gc,task       ] GC(123) Using 1 of 1 workers for concurrent marking
[58.351s][info][gc            ] GC(123) Concurrent marking 89.241ms
[58.351s][info][gc,start      ] GC(123) Pause Final Mark
[58.351s][info][gc,task       ] GC(123) Using 1 of 1 workers for final marking
[58.352s][info][gc,ergo       ] GC(123) Adaptive CSet Selection. Target Free: 72533K, Actual Free: 185M, Max CSet: 21333K, Min Garbage: 0B
[58.352s][info][gc,ergo       ] GC(123) Collectable Garbage: 179M (98%), Immediate: 2048K (1%), CSet: 177M (97%)
[58.354s][info][gc,ergo       ] GC(123) Pacer for Evacuation. Used CSet: 192M, Free: 160M, Non-Taxable: 16460K, Alloc Tax Rate: 2.9x
[58.354s][info][gc            ] GC(123) Pause Final Mark 2.234ms
[58.354s][info][gc,start      ] GC(123) Concurrent cleanup
[58.354s][info][gc            ] GC(123) Concurrent cleanup 315M->313M(500M) 0.043ms
[58.354s][info][gc,ergo       ] GC(123) Free: 160M, Max: 256K regular, 97536K humongous, Frag: 41% external, 1% internal; Reserve: 25600K, Max: 256K
[58.354s][info][gc,start      ] GC(123) Concurrent evacuation
[58.354s][info][gc,task       ] GC(123) Using 1 of 1 workers for concurrent evacuation
[58.389s][info][gc            ] GC(123) Concurrent evacuation 35.795ms
[58.392s][info][gc,start      ] GC(123) Pause Init Update Refs
[58.392s][info][gc,ergo       ] GC(123) Pacer for Update Refs. Used: 368M, Free: 120M, Non-Taxable: 12313K, Alloc Tax Rate: 3.7x
[58.392s][info][gc            ] GC(123) Pause Init Update Refs 0.029ms
[58.392s][info][gc,start      ] GC(123) Concurrent update references
[58.392s][info][gc,task       ] GC(123) Using 1 of 1 workers for concurrent reference update
[58.528s][info][gc            ] GC(123) Concurrent update references 135.069ms
[58.528s][info][gc,start      ] GC(123) Pause Final Update Refs
[58.528s][info][gc,task       ] GC(123) Using 1 of 1 workers for final reference update
[58.528s][info][gc            ] GC(123) Pause Final Update Refs 0.455ms
[58.528s][info][gc,start      ] GC(123) Concurrent cleanup
[58.528s][info][gc            ] GC(123) Concurrent cleanup 464M->272M(500M) 0.068ms
[58.528s][info][gc,ergo       ] Free: 201M, Max: 256K regular, 108M humongous, Frag: 47% external, 1% internal; Reserve: 25600K, Max: 256K
[58.528s][info][gc,stats      ] 
[58.528s][info][gc,stats      ] All times are wall-clock times, except per-root-class counters, that are sum over
[58.528s][info][gc,stats      ] all workers. Dividing the <total> over the root stage time estimates parallelism.
[58.528s][info][gc,stats      ] 
[58.528s][info][gc,stats      ] Concurrent Reset                    497 us
[58.528s][info][gc,stats      ] Pause Init Mark (G)                4496 us
[58.528s][info][gc,stats      ] Pause Init Mark (N)                1399 us
[58.528s][info][gc,stats      ]   Accumulate Stats                   16 us
[58.528s][info][gc,stats      ]   Make Parsable                      11 us
[58.528s][info][gc,stats      ]   Update Region States               32 us
[58.528s][info][gc,stats      ]   Scan Roots                       1289 us, parallelism: 0.77x
[58.528s][info][gc,stats      ]     S: <total>                      995 us
[58.528s][info][gc,stats      ]     S: Thread Roots                 455 us, workers (us): 455, 
[58.528s][info][gc,stats      ]     S: Universe Roots                 2 us, workers (us):   2, 
[58.528s][info][gc,stats      ]     S: JNI Handles Roots              2 us, workers (us):   2, 
[58.528s][info][gc,stats      ]     S: Synchronizer Roots             0 us, workers (us):   0, 
[58.528s][info][gc,stats      ]     S: Management Roots               1 us, workers (us):   1, 
[58.528s][info][gc,stats      ]     S: System Dict Roots             10 us, workers (us):  10, 
[58.528s][info][gc,stats      ]     S: CLDG Roots                   524 us, workers (us): 524, 
[58.528s][info][gc,stats      ]     S: JVMTI Roots                    1 us, workers (us):   1, 
[58.528s][info][gc,stats      ]   Resize TLABs                       12 us
[58.528s][info][gc,stats      ] Concurrent Marking                89232 us
[58.529s][info][gc,stats      ] Pause Final Mark (G)               2367 us
[58.529s][info][gc,stats      ] Pause Final Mark (N)               2222 us
[58.529s][info][gc,stats      ]   Finish Queues                      11 us
[58.529s][info][gc,stats      ]   System Purge                      293 us
[58.529s][info][gc,stats      ]     Weak Roots                      292 us
[58.529s][info][gc,stats      ]   Update Region States               25 us
[58.529s][info][gc,stats      ]   Retire TLABs                       17 us
[58.529s][info][gc,stats      ]   Choose Collection Set             124 us
[58.529s][info][gc,stats      ]   Rebuild Free Set                    6 us
[58.529s][info][gc,stats      ]   Initial Evacuation               1739 us, parallelism: 0.65x
[58.529s][info][gc,stats      ]     E: <total>                     1126 us
[58.529s][info][gc,stats      ]     E: Thread Roots                 429 us, workers (us): 429, 
[58.529s][info][gc,stats      ]     E: Code Cache Roots             194 us, workers (us): 194, 
[58.529s][info][gc,stats      ]     E: Universe Roots                 1 us, workers (us):   1, 
[58.529s][info][gc,stats      ]     E: JNI Handles Roots              1 us, workers (us):   1, 
[58.529s][info][gc,stats      ]     E: Synchronizer Roots             0 us, workers (us):   0, 
[58.529s][info][gc,stats      ]     E: Management Roots               1 us, workers (us):   1, 
[58.529s][info][gc,stats      ]     E: System Dict Roots              9 us, workers (us):   9, 
[58.529s][info][gc,stats      ]     E: CLDG Roots                   491 us, workers (us): 491, 
[58.529s][info][gc,stats      ]     E: JVMTI Roots                    0 us, workers (us):   0, 
[58.529s][info][gc,stats      ] Concurrent Cleanup                   34 us
[58.529s][info][gc,stats      ] Concurrent Evacuation             35782 us
[58.529s][info][gc,stats      ] Pause Init  Update Refs (G)        2959 us
[58.529s][info][gc,stats      ] Pause Init  Update Refs (N)          15 us
[58.529s][info][gc,stats      ]   Retire GCLABs                       8 us
[58.529s][info][gc,stats      ] Concurrent Update Refs           135055 us
[58.529s][info][gc,stats      ] Pause Final Update Refs (G)         691 us
[58.529s][info][gc,stats      ] Pause Final Update Refs (N)         444 us
[58.529s][info][gc,stats      ]   Update Roots                      388 us, parallelism: 0.98x
[58.529s][info][gc,stats      ]     UR: <total>                     381 us
[58.529s][info][gc,stats      ]     UR: Thread Roots                381 us, workers (us): 381, 
[58.529s][info][gc,stats      ]   Update Region States               27 us
[58.529s][info][gc,stats      ]   Trash Collection Set                4 us
[58.529s][info][gc,stats      ]   Rebuild Free Set                    7 us
[58.529s][info][gc,stats      ] Concurrent Cleanup                   62 us
[58.529s][info][gc,stats      ] Pacing                           113054 us
[58.529s][info][gc,stats      ] 
[58.529s][info][gc,stats      ] Allocation pacing accrued:
[58.529s][info][gc,stats      ]      13 of   282 ms (  4.5%): Spark Context Cleaner
[58.529s][info][gc,stats      ]     100 of   282 ms ( 35.7%): Executor task launch worker for task 0.0 in stage 13.0 (TID 13)
[58.529s][info][gc,stats      ]     113 of   282 ms ( 40.2%): <total>
[58.529s][info][gc,stats      ]       1 of   282 ms (  0.3%): <average total>
[58.529s][info][gc,stats      ]      57 of   282 ms ( 20.1%): <average non-zero>
[58.529s][info][gc,stats      ] 
[58.529s][info][gc,metaspace  ] Metaspace: 60506K->60506K(1103872K)
[58.529s][info][gc,ergo       ] Pacer for Idle. Initial: 10240K, Alloc Tax Rate: 1.0x
[58.533s][info][gc            ] Trigger: Average GC time (249.40 ms) is above the time for allocation rate (686 MB/s) to deplete free headroom (168M)
[58.533s][info][gc,ergo       ] Free headroom: 193M (free) - 25600K (spike) - 0B (penalties) = 168M
[58.533s][info][gc,ergo       ] Free: 193M, Max: 256K regular, 108M humongous, Frag: 45% external, 1% internal; Reserve: 25600K, Max: 256K
[58.533s][info][gc,start      ] GC(124) Concurrent reset
[58.533s][info][gc,task       ] GC(124) Using 1 of 1 workers for concurrent reset
[58.533s][info][gc,ergo       ] GC(124) Pacer for Reset. Non-Taxable: 500M
[58.534s][info][gc            ] GC(124) Concurrent reset 0.430ms
[58.537s][info][gc,start      ] GC(124) Pause Init Mark
[58.537s][info][gc,task       ] GC(124) Using 1 of 1 workers for init marking
[58.538s][info][gc,ergo       ] GC(124) Pacer for Mark. Expected Live: 58725K, Free: 193M, Non-Taxable: 19814K, Alloc Tax Rate: 0.4x
[58.538s][info][gc            ] GC(124) Pause Init Mark 1.372ms
[58.538s][info][gc,start      ] GC(124) Concurrent marking
[58.538s][info][gc,task       ] GC(124) Using 1 of 1 workers for concurrent marking
[58.641s][info][gc            ] GC(124) Concurrent marking 102.468ms
[58.641s][info][gc,start      ] GC(124) Pause Final Mark
[58.641s][info][gc,task       ] GC(124) Using 1 of 1 workers for final marking
[58.641s][info][gc,ergo       ] GC(124) Adaptive CSet Selection. Target Free: 72533K, Actual Free: 173M, Max CSet: 21333K, Min Garbage: 0B
[58.641s][info][gc,ergo       ] GC(124) Collectable Garbage: 175M (98%), Immediate: 0B (0%), CSet: 175M (98%)
[58.643s][info][gc,ergo       ] GC(124) Pacer for Evacuation. Used CSet: 190M, Free: 148M, Non-Taxable: 15180K, Alloc Tax Rate: 3.1x
[58.643s][info][gc            ] GC(124) Pause Final Mark 2.304ms
[58.647s][info][gc,start      ] GC(124) Concurrent cleanup
[58.647s][info][gc            ] GC(124) Concurrent cleanup 333M->333M(500M) 0.052ms
[58.647s][info][gc,ergo       ] GC(124) Free: 140M, Max: 256K regular, 107M humongous, Frag: 24% external, 1% internal; Reserve: 25600K, Max: 256K
[58.647s][info][gc,start      ] GC(124) Concurrent evacuation
[58.647s][info][gc,task       ] GC(124) Using 1 of 1 workers for concurrent evacuation
[58.677s][info][gc            ] GC(124) Concurrent evacuation 29.781ms
[58.680s][info][gc,start      ] GC(124) Pause Init Update Refs
[58.680s][info][gc,ergo       ] GC(124) Pacer for Update Refs. Used: 372M, Free: 115M, Non-Taxable: 11852K, Alloc Tax Rate: 3.9x
[58.680s][info][gc            ] GC(124) Pause Init Update Refs 0.035ms
[58.680s][info][gc,start      ] GC(124) Concurrent update references
[58.680s][info][gc,task       ] GC(124) Using 1 of 1 workers for concurrent reference update
[58.832s][info][gc            ] GC(124) Concurrent update references 152.482ms
[58.832s][info][gc,start      ] GC(124) Pause Final Update Refs
[58.832s][info][gc,task       ] GC(124) Using 1 of 1 workers for final reference update
[58.833s][info][gc            ] GC(124) Pause Final Update Refs 0.466ms
[58.833s][info][gc,start      ] GC(124) Concurrent cleanup
[58.833s][info][gc            ] GC(124) Concurrent cleanup 469M->279M(500M) 0.068ms
[58.833s][info][gc,ergo       ] Free: 194M, Max: 256K regular, 108M humongous, Frag: 45% external, 1% internal; Reserve: 25600K, Max: 256K
[58.833s][info][gc,stats      ] 
[58.833s][info][gc,stats      ] All times are wall-clock times, except per-root-class counters, that are sum over
[58.833s][info][gc,stats      ] all workers. Dividing the <total> over the root stage time estimates parallelism.
[58.833s][info][gc,stats      ] 
[58.833s][info][gc,stats      ] Concurrent Reset                    420 us
[58.833s][info][gc,stats      ] Pause Init Mark (G)                4267 us
[58.833s][info][gc,stats      ] Pause Init Mark (N)                1345 us
[58.833s][info][gc,stats      ]   Accumulate Stats                   16 us
[58.833s][info][gc,stats      ]   Make Parsable                      12 us
[58.833s][info][gc,stats      ]   Update Region States               23 us
[58.833s][info][gc,stats      ]   Scan Roots                       1261 us, parallelism: 0.79x
[58.833s][info][gc,stats      ]     S: <total>                      992 us
[58.833s][info][gc,stats      ]     S: Thread Roots                 426 us, workers (us): 426, 
[58.833s][info][gc,stats      ]     S: Universe Roots                 3 us, workers (us):   3, 
[58.833s][info][gc,stats      ]     S: JNI Handles Roots              2 us, workers (us):   2, 
[58.833s][info][gc,stats      ]     S: Synchronizer Roots             0 us, workers (us):   0, 
[58.833s][info][gc,stats      ]     S: Management Roots               1 us, workers (us):   1, 
[58.833s][info][gc,stats      ]     S: System Dict Roots             10 us, workers (us):  10, 
[58.833s][info][gc,stats      ]     S: CLDG Roots                   550 us, workers (us): 550, 
[58.833s][info][gc,stats      ]     S: JVMTI Roots                    0 us, workers (us):   0, 
[58.833s][info][gc,stats      ]   Resize TLABs                        8 us
[58.833s][info][gc,stats      ] Concurrent Marking               102459 us
[58.833s][info][gc,stats      ] Pause Final Mark (G)               6068 us
[58.833s][info][gc,stats      ] Pause Final Mark (N)               2292 us
[58.833s][info][gc,stats      ]   Finish Queues                      11 us
[58.833s][info][gc,stats      ]   System Purge                      271 us
[58.833s][info][gc,stats      ]     Weak Roots                      271 us
[58.833s][info][gc,stats      ]   Update Region States               26 us
[58.833s][info][gc,stats      ]   Retire TLABs                       18 us
[58.833s][info][gc,stats      ]   Choose Collection Set             132 us
[58.833s][info][gc,stats      ]   Rebuild Free Set                    6 us
[58.833s][info][gc,stats      ]   Initial Evacuation               1820 us, parallelism: 0.62x
[58.833s][info][gc,stats      ]     E: <total>                     1124 us
[58.833s][info][gc,stats      ]     E: Thread Roots                 447 us, workers (us): 447, 
[58.833s][info][gc,stats      ]     E: Code Cache Roots             192 us, workers (us): 192, 
[58.833s][info][gc,stats      ]     E: Universe Roots                 1 us, workers (us):   1, 
[58.833s][info][gc,stats      ]     E: JNI Handles Roots              1 us, workers (us):   1, 
[58.833s][info][gc,stats      ]     E: Synchronizer Roots             0 us, workers (us):   0, 
[58.833s][info][gc,stats      ]     E: Management Roots               2 us, workers (us):   2, 
[58.833s][info][gc,stats      ]     E: System Dict Roots              8 us, workers (us):   8, 
[58.833s][info][gc,stats      ]     E: CLDG Roots                   473 us, workers (us): 473, 
[58.833s][info][gc,stats      ]     E: JVMTI Roots                    0 us, workers (us):   0, 
[58.833s][info][gc,stats      ] Concurrent Cleanup                   33 us
[58.833s][info][gc,stats      ] Concurrent Evacuation             29769 us
[58.833s][info][gc,stats      ] Pause Init  Update Refs (G)        2902 us
[58.833s][info][gc,stats      ] Pause Init  Update Refs (N)          15 us
[58.833s][info][gc,stats      ]   Retire GCLABs                       8 us
[58.833s][info][gc,stats      ] Concurrent Update Refs           152468 us
[58.833s][info][gc,stats      ] Pause Final Update Refs (G)         716 us
[58.833s][info][gc,stats      ] Pause Final Update Refs (N)         443 us
[58.833s][info][gc,stats      ]   Update Roots                      397 us, parallelism: 0.98x
[58.833s][info][gc,stats      ]     UR: <total>                     390 us
[58.833s][info][gc,stats      ]     UR: Thread Roots                390 us, workers (us): 390, 
[58.833s][info][gc,stats      ]   Update Region States               27 us
[58.833s][info][gc,stats      ]   Trash Collection Set                4 us
[58.833s][info][gc,stats      ]   Rebuild Free Set                    7 us
[58.833s][info][gc,stats      ] Concurrent Cleanup                   62 us
[58.833s][info][gc,stats      ] Pacing                           145519 us
[58.833s][info][gc,stats      ] 
[58.833s][info][gc,stats      ] Allocation pacing accrued:
[58.833s][info][gc,stats      ]      13 of   305 ms (  4.1%): Spark Context Cleaner
[58.833s][info][gc,stats      ]     133 of   305 ms ( 43.6%): Executor task launch worker for task 0.0 in stage 13.0 (TID 13)
[58.833s][info][gc,stats      ]     146 of   305 ms ( 47.8%): <total>
[58.833s][info][gc,stats      ]       1 of   305 ms (  0.3%): <average total>
[58.833s][info][gc,stats      ]      73 of   305 ms ( 23.9%): <average non-zero>
[58.833s][info][gc,stats      ] 
[58.833s][info][gc,metaspace  ] Metaspace: 60506K->60506K(1103872K)
[58.833s][info][gc,ergo       ] Pacer for Idle. Initial: 10240K, Alloc Tax Rate: 1.0x
[58.841s][info][gc            ] Trigger: Average GC time (282.48 ms) is above the time for allocation rate (583 MB/s) to deplete free headroom (164M)
[58.841s][info][gc,ergo       ] Free headroom: 189M (free) - 25600K (spike) - 0B (penalties) = 164M
[58.841s][info][gc,ergo       ] Free: 189M, Max: 256K regular, 108M humongous, Frag: 44% external, 1% internal; Reserve: 25600K, Max: 256K
[58.841s][info][gc,start      ] GC(125) Concurrent reset
[58.841s][info][gc,task       ] GC(125) Using 1 of 1 workers for concurrent reset
[58.841s][info][gc,ergo       ] GC(125) Pacer for Reset. Non-Taxable: 500M
[58.842s][info][gc            ] GC(125) Concurrent reset 0.409ms
[58.845s][info][gc,start      ] GC(125) Pause Init Mark (process weakrefs)
[58.845s][info][gc,task       ] GC(125) Using 1 of 1 workers for init marking
[58.846s][info][gc,ergo       ] GC(125) Pacer for Mark. Expected Live: 74061K, Free: 189M, Non-Taxable: 19404K, Alloc Tax Rate: 0.5x
[58.846s][info][gc            ] GC(125) Pause Init Mark (process weakrefs) 1.395ms
[58.846s][info][gc,start      ] GC(125) Concurrent marking (process weakrefs)
[58.846s][info][gc,task       ] GC(125) Using 1 of 1 workers for concurrent marking
[58.953s][info][gc            ] GC(125) Concurrent marking (process weakrefs) 107.246ms
[58.953s][info][gc,start      ] GC(125) Concurrent precleaning
[58.953s][info][gc,task       ] GC(125) Using 1 of 1 workers for concurrent preclean
[58.953s][info][gc,ergo       ] GC(125) Pacer for Precleaning. Non-Taxable: 500M
[58.954s][info][gc            ] GC(125) Concurrent precleaning 0.524ms
[58.954s][info][gc,start      ] GC(125) Pause Final Mark (process weakrefs)
[58.954s][info][gc,task       ] GC(125) Using 1 of 1 workers for final marking
[58.954s][info][gc,ergo       ] GC(125) Adaptive CSet Selection. Target Free: 72533K, Actual Free: 175M, Max CSet: 21333K, Min Garbage: 0B
[58.954s][info][gc,ergo       ] GC(125) Collectable Garbage: 165M (98%), Immediate: 0B (0%), CSet: 165M (98%)
[58.956s][info][gc,ergo       ] GC(125) Pacer for Evacuation. Used CSet: 179M, Free: 150M, Non-Taxable: 15385K, Alloc Tax Rate: 2.9x
[58.956s][info][gc            ] GC(125) Pause Final Mark (process weakrefs) 2.278ms
[58.958s][info][gc,start      ] GC(125) Concurrent cleanup
[58.958s][info][gc            ] GC(125) Concurrent cleanup 326M->326M(500M) 0.054ms
[58.958s][info][gc,ergo       ] GC(125) Free: 147M, Max: 256K regular, 77568K humongous, Frag: 49% external, 1% internal; Reserve: 25597K, Max: 256K
[58.958s][info][gc,start      ] GC(125) Concurrent evacuation
[58.958s][info][gc,task       ] GC(125) Using 1 of 1 workers for concurrent evacuation
[59.017s][info][gc            ] GC(125) Concurrent evacuation 58.941ms
[59.020s][info][gc,start      ] GC(125) Pause Init Update Refs
[59.020s][info][gc,ergo       ] GC(125) Pacer for Update Refs. Used: 350M, Free: 137M, Non-Taxable: 14054K, Alloc Tax Rate: 3.1x
[59.020s][info][gc            ] GC(125) Pause Init Update Refs 0.058ms
[59.020s][info][gc,start      ] GC(125) Concurrent update references
[59.020s][info][gc,task       ] GC(125) Using 1 of 1 workers for concurrent reference update
[59.212s][info][gc            ] GC(125) Concurrent update references 191.784ms
[59.215s][info][gc,start      ] GC(125) Pause Final Update Refs
[59.215s][info][gc,task       ] GC(125) Using 1 of 1 workers for final reference update
[59.216s][info][gc            ] GC(125) Pause Final Update Refs 0.488ms
[59.216s][info][gc,start      ] GC(125) Concurrent cleanup
[59.216s][info][gc            ] GC(125) Concurrent cleanup 426M->246M(500M) 0.069ms
[59.216s][info][gc,ergo       ] Free: 227M, Max: 256K regular, 108M humongous, Frag: 53% external, 1% internal; Reserve: 25600K, Max: 256K
[59.216s][info][gc,stats      ] 
[59.216s][info][gc,stats      ] All times are wall-clock times, except per-root-class counters, that are sum over
[59.216s][info][gc,stats      ] all workers. Dividing the <total> over the root stage time estimates parallelism.
[59.216s][info][gc,stats      ] 
[59.216s][info][gc,stats      ] Concurrent Reset                    401 us
[59.216s][info][gc,stats      ] Pause Init Mark (G)                4280 us
[59.216s][info][gc,stats      ] Pause Init Mark (N)                1368 us
[59.216s][info][gc,stats      ]   Accumulate Stats                   16 us
[59.216s][info][gc,stats      ]   Make Parsable                      12 us
[59.216s][info][gc,stats      ]   Update Region States               24 us
[59.216s][info][gc,stats      ]   Scan Roots                       1279 us, parallelism: 0.79x
[59.216s][info][gc,stats      ]     S: <total>                     1009 us
[59.216s][info][gc,stats      ]     S: Thread Roots                 431 us, workers (us): 431, 
[59.216s][info][gc,stats      ]     S: Universe Roots                 2 us, workers (us):   2, 
[59.216s][info][gc,stats      ]     S: JNI Handles Roots              1 us, workers (us):   1, 
[59.216s][info][gc,stats      ]     S: Synchronizer Roots             0 us, workers (us):   0, 
[59.216s][info][gc,stats      ]     S: Management Roots               1 us, workers (us):   1, 
[59.216s][info][gc,stats      ]     S: System Dict Roots             13 us, workers (us):  13, 
[59.216s][info][gc,stats      ]     S: CLDG Roots                   559 us, workers (us): 559, 
[59.216s][info][gc,stats      ]     S: JVMTI Roots                    0 us, workers (us):   0, 
[59.216s][info][gc,stats      ]   Resize TLABs                        9 us
[59.216s][info][gc,stats      ] Concurrent Marking               107237 us
[59.216s][info][gc,stats      ] Concurrent Precleaning              515 us
[59.216s][info][gc,stats      ] Pause Final Mark (G)               3909 us
[59.216s][info][gc,stats      ] Pause Final Mark (N)               2254 us
[59.216s][info][gc,stats      ]   Finish Queues                      12 us
[59.216s][info][gc,stats      ]   Weak References                    16 us
[59.216s][info][gc,stats      ]     Process                          14 us
[59.216s][info][gc,stats      ]   System Purge                      282 us
[59.216s][info][gc,stats      ]     Weak Roots                      282 us
[59.216s][info][gc,stats      ]   Update Region States               30 us
[59.216s][info][gc,stats      ]   Retire TLABs                       16 us
[59.216s][info][gc,stats      ]   Choose Collection Set             122 us
[59.216s][info][gc,stats      ]   Rebuild Free Set                    6 us
[59.216s][info][gc,stats      ]   Initial Evacuation               1763 us, parallelism: 0.63x
[59.216s][info][gc,stats      ]     E: <total>                     1104 us
[59.216s][info][gc,stats      ]     E: Thread Roots                 429 us, workers (us): 429, 
[59.216s][info][gc,stats      ]     E: Code Cache Roots             212 us, workers (us): 212, 
[59.216s][info][gc,stats      ]     E: Universe Roots                 1 us, workers (us):   1, 
[59.216s][info][gc,stats      ]     E: JNI Handles Roots              1 us, workers (us):   1, 
[59.216s][info][gc,stats      ]     E: Synchronizer Roots             0 us, workers (us):   0, 
[59.216s][info][gc,stats      ]     E: Management Roots               1 us, workers (us):   1, 
[59.216s][info][gc,stats      ]     E: System Dict Roots             10 us, workers (us):  10, 
[59.216s][info][gc,stats      ]     E: CLDG Roots                   449 us, workers (us): 449, 
[59.216s][info][gc,stats      ]     E: JVMTI Roots                    0 us, workers (us):   0, 
[59.216s][info][gc,stats      ] Concurrent Cleanup                   34 us
[59.216s][info][gc,stats      ] Concurrent Evacuation             58927 us
[59.216s][info][gc,stats      ] Pause Init  Update Refs (G)        3570 us
[59.216s][info][gc,stats      ] Pause Init  Update Refs (N)          17 us
[59.216s][info][gc,stats      ]   Retire GCLABs                       9 us
[59.216s][info][gc,stats      ] Concurrent Update Refs           191769 us
[59.216s][info][gc,stats      ] Pause Final Update Refs (G)        3418 us
[59.216s][info][gc,stats      ] Pause Final Update Refs (N)         457 us
[59.216s][info][gc,stats      ]   Update Roots                      408 us, parallelism: 0.97x
[59.216s][info][gc,stats      ]     UR: <total>                     395 us
[59.216s][info][gc,stats      ]     UR: Thread Roots                395 us, workers (us): 395, 
[59.216s][info][gc,stats      ]   Update Region States               28 us
[59.216s][info][gc,stats      ]   Trash Collection Set                4 us
[59.216s][info][gc,stats      ]   Rebuild Free Set                    7 us
[59.216s][info][gc,stats      ] Concurrent Cleanup                   60 us
[59.216s][info][gc,stats      ] Pacing                            84779 us
[59.216s][info][gc,stats      ] 
[59.216s][info][gc,stats      ] Allocation pacing accrued:
[59.216s][info][gc,stats      ]      13 of   383 ms (  3.3%): Spark Context Cleaner
[59.216s][info][gc,stats      ]      72 of   383 ms ( 18.8%): Executor task launch worker for task 0.0 in stage 13.0 (TID 13)
[59.216s][info][gc,stats      ]      85 of   383 ms ( 22.1%): <total>
[59.216s][info][gc,stats      ]       1 of   383 ms (  0.2%): <average total>
[59.216s][info][gc,stats      ]      42 of   383 ms ( 11.1%): <average non-zero>
[59.216s][info][gc,stats      ] 
[59.216s][info][gc,metaspace  ] Metaspace: 60506K->60510K(1103872K)
[59.216s][info][gc,ergo       ] Pacer for Idle. Initial: 10240K, Alloc Tax Rate: 1.0x
[59.347s][info][gc            ] Trigger: Average GC time (306.05 ms) is above the time for allocation rate (409 MB/s) to deplete free headroom (123M)
[59.347s][info][gc,ergo       ] Free headroom: 148M (free) - 25600K (spike) - 0B (penalties) = 123M
[59.347s][info][gc,ergo       ] Free: 148M, Max: 256K regular, 87552K humongous, Frag: 43% external, 1% internal; Reserve: 25600K, Max: 256K
[59.348s][info][gc,start      ] GC(126) Concurrent reset
[59.348s][info][gc,task       ] GC(126) Using 1 of 1 workers for concurrent reset
[59.348s][info][gc,ergo       ] GC(126) Pacer for Reset. Non-Taxable: 500M
[59.348s][info][gc            ] GC(126) Concurrent reset 0.409ms
[59.351s][info][gc,start      ] GC(126) Pause Init Mark
[59.351s][info][gc,task       ] GC(126) Using 1 of 1 workers for init marking
[59.352s][info][gc,ergo       ] GC(126) Pacer for Mark. Expected Live: 89488K, Free: 148M, Non-Taxable: 15155K, Alloc Tax Rate: 0.7x
[59.352s][info][gc            ] GC(126) Pause Init Mark 1.405ms
[59.352s][info][gc,start      ] GC(126) Concurrent marking
[59.352s][info][gc,task       ] GC(126) Using 1 of 1 workers for concurrent marking
[59.456s][info][gc            ] GC(126) Concurrent marking 103.394ms
[59.456s][info][gc,start      ] GC(126) Pause Final Mark
[59.456s][info][gc,task       ] GC(126) Using 1 of 1 workers for final marking
[59.456s][info][gc,ergo       ] GC(126) Adaptive CSet Selection. Target Free: 72533K, Actual Free: 309M, Max CSet: 21333K, Min Garbage: 0B
[59.456s][info][gc,ergo       ] GC(126) Collectable Garbage: 204M (99%), Immediate: 164M (79%), CSet: 40970K (19%)
[59.458s][info][gc,ergo       ] GC(126) Pacer for Evacuation. Used CSet: 44288K, Free: 284M, Non-Taxable: 29132K, Alloc Tax Rate: 1.1x
[59.458s][info][gc            ] GC(126) Pause Final Mark 2.271ms
[59.463s][info][gc,start      ] GC(126) Concurrent cleanup
[59.463s][info][gc            ] GC(126) Concurrent cleanup 353M->193M(500M) 0.081ms
[59.463s][info][gc,ergo       ] GC(126) Free: 280M, Max: 256K regular, 136M humongous, Frag: 52% external, 0% internal; Reserve: 25583K, Max: 256K
[59.463s][info][gc,start      ] GC(126) Concurrent evacuation
[59.463s][info][gc,task       ] GC(126) Using 1 of 1 workers for concurrent evacuation
[59.466s][info][gc            ] GC(126) Concurrent evacuation 3.410ms
[59.469s][info][gc,start      ] GC(126) Pause Init Update Refs
[59.469s][info][gc,ergo       ] GC(126) Pacer for Update Refs. Used: 196M, Free: 280M, Non-Taxable: 28697K, Alloc Tax Rate: 1.1x
[59.469s][info][gc            ] GC(126) Pause Init Update Refs 0.036ms
[59.469s][info][gc,start      ] GC(126) Concurrent update references
[59.469s][info][gc,task       ] GC(126) Using 1 of 1 workers for concurrent reference update
[59.658s][info][gc            ] GC(126) Concurrent update references 189.185ms
[59.661s][info][gc,start      ] GC(126) Pause Final Update Refs
[59.661s][info][gc,task       ] GC(126) Using 1 of 1 workers for final reference update
[59.662s][info][gc            ] GC(126) Pause Final Update Refs 0.497ms
[59.662s][info][gc,start      ] GC(126) Concurrent cleanup
[59.662s][info][gc            ] GC(126) Concurrent cleanup 266M->223M(500M) 0.046ms
[59.662s][info][gc,ergo       ] Free: 250M, Max: 256K regular, 133M humongous, Frag: 47% external, 1% internal; Reserve: 25600K, Max: 256K
[59.662s][info][gc,stats      ] 
[59.662s][info][gc,stats      ] All times are wall-clock times, except per-root-class counters, that are sum over
[59.662s][info][gc,stats      ] all workers. Dividing the <total> over the root stage time estimates parallelism.
[59.662s][info][gc,stats      ] 
[59.662s][info][gc,stats      ] Concurrent Reset                    399 us
[59.662s][info][gc,stats      ] Pause Init Mark (G)                4278 us
[59.662s][info][gc,stats      ] Pause Init Mark (N)                1372 us
[59.662s][info][gc,stats      ]   Accumulate Stats                   16 us
[59.662s][info][gc,stats      ]   Make Parsable                      12 us
[59.662s][info][gc,stats      ]   Update Region States               27 us
[59.662s][info][gc,stats      ]   Scan Roots                       1277 us, parallelism: 0.79x
[59.662s][info][gc,stats      ]     S: <total>                     1006 us
[59.662s][info][gc,stats      ]     S: Thread Roots                 435 us, workers (us): 435, 
[59.662s][info][gc,stats      ]     S: Universe Roots                 3 us, workers (us):   3, 
[59.662s][info][gc,stats      ]     S: JNI Handles Roots              1 us, workers (us):   1, 
[59.662s][info][gc,stats      ]     S: Synchronizer Roots             0 us, workers (us):   0, 
[59.662s][info][gc,stats      ]     S: Management Roots               1 us, workers (us):   1, 
[59.662s][info][gc,stats      ]     S: System Dict Roots             12 us, workers (us):  12, 
[59.662s][info][gc,stats      ]     S: CLDG Roots                   553 us, workers (us): 553, 
[59.662s][info][gc,stats      ]     S: JVMTI Roots                    1 us, workers (us):   1, 
[59.662s][info][gc,stats      ]   Resize TLABs                       10 us
[59.662s][info][gc,stats      ] Concurrent Marking               103385 us
[59.662s][info][gc,stats      ] Pause Final Mark (G)               7051 us
[59.662s][info][gc,stats      ] Pause Final Mark (N)               2260 us
[59.662s][info][gc,stats      ]   Finish Queues                      12 us
[59.662s][info][gc,stats      ]   System Purge                      309 us
[59.662s][info][gc,stats      ]     Weak Roots                      309 us
[59.662s][info][gc,stats      ]   Update Region States               26 us
[59.662s][info][gc,stats      ]   Retire TLABs                       18 us
[59.662s][info][gc,stats      ]   Choose Collection Set              82 us
[59.662s][info][gc,stats      ]   Rebuild Free Set                    7 us
[59.662s][info][gc,stats      ]   Initial Evacuation               1800 us, parallelism: 0.67x
[59.662s][info][gc,stats      ]     E: <total>                     1214 us
[59.662s][info][gc,stats      ]     E: Thread Roots                 477 us, workers (us): 477, 
[59.662s][info][gc,stats      ]     E: Code Cache Roots             193 us, workers (us): 193, 
[59.662s][info][gc,stats      ]     E: Universe Roots                 1 us, workers (us):   1, 
[59.662s][info][gc,stats      ]     E: JNI Handles Roots              1 us, workers (us):   1, 
[59.662s][info][gc,stats      ]     E: Synchronizer Roots             0 us, workers (us):   0, 
[59.662s][info][gc,stats      ]     E: Management Roots               1 us, workers (us):   1, 
[59.662s][info][gc,stats      ]     E: System Dict Roots              9 us, workers (us):   9, 
[59.662s][info][gc,stats      ]     E: CLDG Roots                   532 us, workers (us): 532, 
[59.662s][info][gc,stats      ]     E: JVMTI Roots                    0 us, workers (us):   0, 
[59.662s][info][gc,stats      ] Concurrent Cleanup                   62 us
[59.662s][info][gc,stats      ] Concurrent Evacuation              3399 us
[59.662s][info][gc,stats      ] Pause Init  Update Refs (G)        2890 us
[59.662s][info][gc,stats      ] Pause Init  Update Refs (N)          15 us
[59.662s][info][gc,stats      ]   Retire GCLABs                       8 us
[59.662s][info][gc,stats      ] Concurrent Update Refs           189171 us
[59.662s][info][gc,stats      ] Pause Final Update Refs (G)        3313 us
[59.662s][info][gc,stats      ] Pause Final Update Refs (N)         441 us
[59.662s][info][gc,stats      ]   Update Roots                      392 us, parallelism: 0.98x
[59.662s][info][gc,stats      ]     UR: <total>                     383 us
[59.662s][info][gc,stats      ]     UR: Thread Roots                383 us, workers (us): 383, 
[59.662s][info][gc,stats      ]   Update Region States               27 us
[59.662s][info][gc,stats      ]   Trash Collection Set                2 us
[59.662s][info][gc,stats      ]   Rebuild Free Set                    7 us
[59.662s][info][gc,stats      ] Concurrent Cleanup                   39 us
[59.662s][info][gc,stats      ] Pacing                            38187 us
[59.662s][info][gc,stats      ] 
[59.662s][info][gc,stats      ] Allocation pacing accrued:
[59.662s][info][gc,stats      ]      38 of   446 ms (  8.6%): Executor task launch worker for task 0.0 in stage 13.0 (TID 13)
[59.662s][info][gc,stats      ]      38 of   446 ms (  8.6%): <total>
[59.662s][info][gc,stats      ]       0 of   446 ms (  0.1%): <average total>
[59.662s][info][gc,stats      ]      38 of   446 ms (  8.6%): <average non-zero>
[59.662s][info][gc,stats      ] 
[59.662s][info][gc,metaspace  ] Metaspace: 60510K->60510K(1103872K)
[59.662s][info][gc,ergo       ] Pacer for Idle. Initial: 10240K, Alloc Tax Rate: 1.0x
[59.747s][info][gc            ] Trigger: Average GC time (314.05 ms) is above the time for allocation rate (459 MB/s) to deplete free headroom (144M)
[59.747s][info][gc,ergo       ] Free headroom: 169M (free) - 25600K (spike) - 0B (penalties) = 144M
[59.747s][info][gc,ergo       ] Free: 169M, Max: 256K regular, 133M humongous, Frag: 21% external, 1% internal; Reserve: 25600K, Max: 256K
[59.747s][info][gc,start      ] GC(127) Concurrent reset
[59.747s][info][gc,task       ] GC(127) Using 1 of 1 workers for concurrent reset
[59.747s][info][gc,ergo       ] GC(127) Pacer for Reset. Non-Taxable: 500M
[59.747s][info][gc            ] GC(127) Concurrent reset 0.250ms
[59.750s][info][gc,start      ] GC(127) Pause Init Mark
[59.750s][info][gc,task       ] GC(127) Using 1 of 1 workers for init marking
[59.752s][info][gc,ergo       ] GC(127) Pacer for Mark. Expected Live: 102397K, Free: 169M, Non-Taxable: 17305K, Alloc Tax Rate: 0.7x
[59.752s][info][gc            ] GC(127) Pause Init Mark 1.448ms
[59.752s][info][gc,start      ] GC(127) Concurrent marking
[59.752s][info][gc,task       ] GC(127) Using 1 of 1 workers for concurrent marking
[59.853s][info][gc            ] GC(127) Concurrent marking 101.161ms
[59.853s][info][gc,start      ] GC(127) Pause Final Mark
[59.853s][info][gc,task       ] GC(127) Using 1 of 1 workers for final marking
[59.853s][info][gc,ergo       ] GC(127) Collectable Garbage: 182M (98%), Immediate: 182M (98%), CSet: 0B (0%)
[59.853s][info][gc            ] GC(127) Pause Final Mark 0.340ms
[59.853s][info][gc,start      ] GC(127) Concurrent cleanup
[59.853s][info][gc            ] GC(127) Concurrent cleanup 334M->152M(500M) 0.067ms
[59.853s][info][gc,ergo       ] GC(127) Free: 321M, Max: 256K regular, 167M humongous, Frag: 49% external, 0% internal; Reserve: 25600K, Max: 256K
[59.853s][info][gc,ergo       ] Free: 321M, Max: 256K regular, 167M humongous, Frag: 49% external, 0% internal; Reserve: 25600K, Max: 256K
[59.853s][info][gc,stats      ] 
[59.854s][info][gc,stats      ] All times are wall-clock times, except per-root-class counters, that are sum over
[59.854s][info][gc,stats      ] all workers. Dividing the <total> over the root stage time estimates parallelism.
[59.854s][info][gc,stats      ] 
[59.854s][info][gc,stats      ] Concurrent Reset                    242 us
[59.854s][info][gc,stats      ] Pause Init Mark (G)                4330 us
[59.854s][info][gc,stats      ] Pause Init Mark (N)                1417 us
[59.854s][info][gc,stats      ]   Accumulate Stats                   16 us
[59.854s][info][gc,stats      ]   Make Parsable                      12 us
[59.854s][info][gc,stats      ]   Update Region States               24 us
[59.854s][info][gc,stats      ]   Scan Roots                       1305 us, parallelism: 0.79x
[59.854s][info][gc,stats      ]     S: <total>                     1030 us
[59.854s][info][gc,stats      ]     S: Thread Roots                 463 us, workers (us): 463, 
[59.854s][info][gc,stats      ]     S: Universe Roots                 2 us, workers (us):   2, 
[59.854s][info][gc,stats      ]     S: JNI Handles Roots              2 us, workers (us):   2, 
[59.854s][info][gc,stats      ]     S: Synchronizer Roots             1 us, workers (us):   1, 
[59.854s][info][gc,stats      ]     S: Management Roots               1 us, workers (us):   1, 
[59.854s][info][gc,stats      ]     S: System Dict Roots             11 us, workers (us):  11, 
[59.854s][info][gc,stats      ]     S: CLDG Roots                   549 us, workers (us): 549, 
[59.854s][info][gc,stats      ]     S: JVMTI Roots                    1 us, workers (us):   1, 
[59.854s][info][gc,stats      ]   Resize TLABs                       13 us
[59.854s][info][gc,stats      ] Concurrent Marking               101153 us
[59.854s][info][gc,stats      ] Pause Final Mark (G)                453 us
[59.854s][info][gc,stats      ] Pause Final Mark (N)                329 us
[59.854s][info][gc,stats      ]   Finish Queues                      11 us
[59.854s][info][gc,stats      ]   System Purge                      248 us
[59.854s][info][gc,stats      ]     Weak Roots                      248 us
[59.854s][info][gc,stats      ]   Update Region States               26 us
[59.854s][info][gc,stats      ]   Retire TLABs                       15 us
[59.854s][info][gc,stats      ]   Choose Collection Set              15 us
[59.854s][info][gc,stats      ]   Rebuild Free Set                    7 us
[59.854s][info][gc,stats      ] Concurrent Cleanup                   60 us
[59.854s][info][gc,stats      ] Pacing                            24871 us
[59.854s][info][gc,stats      ] 
[59.854s][info][gc,stats      ] Allocation pacing accrued:
[59.854s][info][gc,stats      ]      25 of   191 ms ( 13.0%): Executor task launch worker for task 0.0 in stage 13.0 (TID 13)
[59.854s][info][gc,stats      ]      25 of   191 ms ( 13.0%): <total>
[59.854s][info][gc,stats      ]       0 of   191 ms (  0.1%): <average total>
[59.854s][info][gc,stats      ]      25 of   191 ms ( 13.0%): <average non-zero>
[59.854s][info][gc,stats      ] 
[59.854s][info][gc,metaspace  ] Metaspace: 60510K->60510K(1103872K)
[59.854s][info][gc,ergo       ] Pacer for Idle. Initial: 10240K, Alloc Tax Rate: 1.0x
[59.972s][info][gc            ] Trigger: Average GC time (273.25 ms) is above the time for allocation rate (656 MB/s) to deplete free headroom (179M)
[59.972s][info][gc,ergo       ] Free headroom: 204M (free) - 25600K (spike) - 0B (penalties) = 179M
[59.972s][info][gc,ergo       ] Free: 204M, Max: 256K regular, 167M humongous, Frag: 19% external, 1% internal; Reserve: 25600K, Max: 256K
[59.972s][info][gc,start      ] GC(128) Concurrent reset
[59.972s][info][gc,task       ] GC(128) Using 1 of 1 workers for concurrent reset
[59.972s][info][gc,ergo       ] GC(128) Pacer for Reset. Non-Taxable: 500M
[59.972s][info][gc            ] GC(128) Concurrent reset 0.201ms
[59.975s][info][gc,start      ] GC(128) Pause Init Mark
[59.975s][info][gc,task       ] GC(128) Using 1 of 1 workers for init marking
[59.976s][info][gc,ergo       ] GC(128) Pacer for Mark. Expected Live: 109M, Free: 204M, Non-Taxable: 20889K, Alloc Tax Rate: 0.7x
[59.976s][info][gc            ] GC(128) Pause Init Mark 1.374ms
[59.976s][info][gc,start      ] GC(128) Concurrent marking
[59.976s][info][gc,task       ] GC(128) Using 1 of 1 workers for concurrent marking
[60.081s][info][gc            ] GC(128) Concurrent marking 104.491ms
[60.081s][info][gc,start      ] GC(128) Pause Final Mark
[60.081s][info][gc,task       ] GC(128) Using 1 of 1 workers for final marking
[60.081s][info][gc,ergo       ] GC(128) Collectable Garbage: 147M (98%), Immediate: 147M (98%), CSet: 0B (0%)
[60.081s][info][gc            ] GC(128) Pause Final Mark 0.408ms
[60.082s][info][gc,start      ] GC(128) Concurrent cleanup
[60.082s][info][gc            ] GC(128) Concurrent cleanup 304M->156M(500M) 0.061ms
[60.082s][info][gc,ergo       ] GC(128) Free: 316M, Max: 256K regular, 199M humongous, Frag: 38% external, 0% internal; Reserve: 25600K, Max: 256K
[60.082s][info][gc,ergo       ] Free: 316M, Max: 256K regular, 199M humongous, Frag: 38% external, 0% internal; Reserve: 25600K, Max: 256K
[60.082s][info][gc,stats      ] 
[60.082s][info][gc,stats      ] All times are wall-clock times, except per-root-class counters, that are sum over
[60.082s][info][gc,stats      ] all workers. Dividing the <total> over the root stage time estimates parallelism.
[60.082s][info][gc,stats      ] 
[60.082s][info][gc,stats      ] Concurrent Reset                    193 us
[60.082s][info][gc,stats      ] Pause Init Mark (G)                4227 us
[60.082s][info][gc,stats      ] Pause Init Mark (N)                1346 us
[60.082s][info][gc,stats      ]   Accumulate Stats                   16 us
[60.082s][info][gc,stats      ]   Make Parsable                      12 us
[60.082s][info][gc,stats      ]   Update Region States               23 us
[60.082s][info][gc,stats      ]   Scan Roots                       1259 us, parallelism: 0.79x
[60.082s][info][gc,stats      ]     S: <total>                      989 us
[60.082s][info][gc,stats      ]     S: Thread Roots                 432 us, workers (us): 432, 
[60.082s][info][gc,stats      ]     S: Universe Roots                 2 us, workers (us):   2, 
[60.082s][info][gc,stats      ]     S: JNI Handles Roots              1 us, workers (us):   1, 
[60.082s][info][gc,stats      ]     S: Synchronizer Roots             0 us, workers (us):   0, 
[60.082s][info][gc,stats      ]     S: Management Roots               1 us, workers (us):   1, 
[60.082s][info][gc,stats      ]     S: System Dict Roots             11 us, workers (us):  11, 
[60.082s][info][gc,stats      ]     S: CLDG Roots                   540 us, workers (us): 540, 
[60.082s][info][gc,stats      ]     S: JVMTI Roots                    1 us, workers (us):   1, 
[60.082s][info][gc,stats      ]   Resize TLABs                        9 us
[60.082s][info][gc,stats      ] Concurrent Marking               104483 us
[60.082s][info][gc,stats      ] Pause Final Mark (G)                523 us
[60.082s][info][gc,stats      ] Pause Final Mark (N)                398 us
[60.082s][info][gc,stats      ]   Finish Queues                      12 us
[60.082s][info][gc,stats      ]   System Purge                      307 us
[60.082s][info][gc,stats      ]     Weak Roots                      306 us
[60.082s][info][gc,stats      ]   Update Region States               29 us
[60.082s][info][gc,stats      ]   Retire TLABs                       18 us
[60.082s][info][gc,stats      ]   Choose Collection Set              19 us
[60.082s][info][gc,stats      ]   Rebuild Free Set                    7 us
[60.082s][info][gc,stats      ] Concurrent Cleanup                   55 us
[60.082s][info][gc,stats      ] Pacing                            50443 us
[60.082s][info][gc,stats      ] 
[60.082s][info][gc,stats      ] Allocation pacing accrued:
[60.082s][info][gc,stats      ]      13 of   228 ms (  5.5%): Spark Context Cleaner
[60.082s][info][gc,stats      ]      38 of   228 ms ( 16.6%): Executor task launch worker for task 0.0 in stage 13.0 (TID 13)
[60.082s][info][gc,stats      ]      50 of   228 ms ( 22.1%): <total>
[60.082s][info][gc,stats      ]       0 of   228 ms (  0.2%): <average total>
[60.082s][info][gc,stats      ]      25 of   228 ms ( 11.1%): <average non-zero>
[60.082s][info][gc,stats      ] 
[60.082s][info][gc,metaspace  ] Metaspace: 60510K->60510K(1103872K)
[60.082s][info][gc,ergo       ] Pacer for Idle. Initial: 10240K, Alloc Tax Rate: 1.0x
[60.254s][info][gc            ] Trigger: Average GC time (240.87 ms) is above the time for allocation rate (624 MB/s) to deplete free headroom (150M)
[60.254s][info][gc,ergo       ] Free headroom: 175M (free) - 25600K (spike) - 0B (penalties) = 150M
[60.254s][info][gc,ergo       ] Free: 175M, Max: 256K regular, 175M humongous, Frag: 0% external, 1% internal; Reserve: 25600K, Max: 256K
[60.254s][info][gc,start      ] GC(129) Concurrent reset
[60.255s][info][gc,task       ] GC(129) Using 1 of 1 workers for concurrent reset
[60.255s][info][gc,ergo       ] GC(129) Pacer for Reset. Non-Taxable: 500M
[60.255s][info][gc            ] GC(129) Concurrent reset 0.326ms
[60.257s][info][gc,start      ] GC(129) Pause Init Mark
[60.257s][info][gc,task       ] GC(129) Using 1 of 1 workers for init marking
[60.259s][info][gc,ergo       ] GC(129) Pacer for Mark. Expected Live: 115M, Free: 175M, Non-Taxable: 17945K, Alloc Tax Rate: 0.8x
[60.259s][info][gc            ] GC(129) Pause Init Mark 1.980ms
[60.259s][info][gc,start      ] GC(129) Concurrent marking
[60.259s][info][gc,task       ] GC(129) Using 1 of 1 workers for concurrent marking
[60.368s][info][gc            ] GC(129) Concurrent marking 108.498ms
[60.368s][info][gc,start      ] GC(129) Pause Final Mark
[60.368s][info][gc,task       ] GC(129) Using 1 of 1 workers for final marking
[60.368s][info][gc,ergo       ] GC(129) Collectable Garbage: 176M (98%), Immediate: 176M (98%), CSet: 0B (0%)
[60.368s][info][gc            ] GC(129) Pause Final Mark 0.341ms
[60.368s][info][gc,start      ] GC(129) Concurrent cleanup
[60.368s][info][gc            ] GC(129) Concurrent cleanup 327M->151M(500M) 0.076ms
[60.368s][info][gc,ergo       ] GC(129) Free: 322M, Max: 256K regular, 146M humongous, Frag: 55% external, 0% internal; Reserve: 25600K, Max: 256K
[60.369s][info][gc,ergo       ] Free: 322M, Max: 256K regular, 146M humongous, Frag: 55% external, 0% internal; Reserve: 25600K, Max: 256K
[60.369s][info][gc,stats      ] 
[60.369s][info][gc,stats      ] All times are wall-clock times, except per-root-class counters, that are sum over
[60.369s][info][gc,stats      ] all workers. Dividing the <total> over the root stage time estimates parallelism.
[60.369s][info][gc,stats      ] 
[60.369s][info][gc,stats      ] Concurrent Reset                    309 us
[60.369s][info][gc,stats      ] Pause Init Mark (G)                4517 us
[60.369s][info][gc,stats      ] Pause Init Mark (N)                1914 us
[60.369s][info][gc,stats      ]   Accumulate Stats                   25 us
[60.369s][info][gc,stats      ]   Make Parsable                      14 us
[60.369s][info][gc,stats      ]   Update Region States               49 us
[60.369s][info][gc,stats      ]   Scan Roots                       1739 us, parallelism: 0.82x
[60.369s][info][gc,stats      ]     S: <total>                     1428 us
[60.369s][info][gc,stats      ]     S: Thread Roots                 610 us, workers (us): 610, 
[60.369s][info][gc,stats      ]     S: Universe Roots                 2 us, workers (us):   2, 
[60.369s][info][gc,stats      ]     S: JNI Handles Roots              3 us, workers (us):   3, 
[60.369s][info][gc,stats      ]     S: Synchronizer Roots             0 us, workers (us):   0, 
[60.369s][info][gc,stats      ]     S: Management Roots               2 us, workers (us):   2, 
[60.369s][info][gc,stats      ]     S: System Dict Roots             13 us, workers (us):  13, 
[60.369s][info][gc,stats      ]     S: CLDG Roots                   796 us, workers (us): 796, 
[60.369s][info][gc,stats      ]     S: JVMTI Roots                    1 us, workers (us):   1, 
[60.369s][info][gc,stats      ]   Resize TLABs                       24 us
[60.369s][info][gc,stats      ] Concurrent Marking               108488 us
[60.369s][info][gc,stats      ] Pause Final Mark (G)                458 us
[60.369s][info][gc,stats      ] Pause Final Mark (N)                330 us
[60.369s][info][gc,stats      ]   Finish Queues                      12 us
[60.369s][info][gc,stats      ]   System Purge                      249 us
[60.369s][info][gc,stats      ]     Weak Roots                      248 us
[60.369s][info][gc,stats      ]   Update Region States               26 us
[60.369s][info][gc,stats      ]   Retire TLABs                       15 us
[60.369s][info][gc,stats      ]   Choose Collection Set              15 us
[60.369s][info][gc,stats      ]   Rebuild Free Set                    7 us
[60.369s][info][gc,stats      ] Concurrent Cleanup                   59 us
[60.369s][info][gc,stats      ] Pacing                            46864 us
[60.369s][info][gc,stats      ] 
[60.369s][info][gc,stats      ] Allocation pacing accrued:
[60.369s][info][gc,stats      ]      47 of   287 ms ( 16.3%): Executor task launch worker for task 0.0 in stage 13.0 (TID 13)
[60.369s][info][gc,stats      ]      47 of   287 ms ( 16.3%): <total>
[60.369s][info][gc,stats      ]       0 of   287 ms (  0.1%): <average total>
[60.369s][info][gc,stats      ]      47 of   287 ms ( 16.3%): <average non-zero>
[60.369s][info][gc,stats      ] 
[60.369s][info][gc,metaspace  ] Metaspace: 60510K->60510K(1103872K)
[60.369s][info][gc,ergo       ] Pacer for Idle. Initial: 10240K, Alloc Tax Rate: 1.0x
[60.535s][info][gc            ] Trigger: Average GC time (203.76 ms) is above the time for allocation rate (676 MB/s) to deplete free headroom (137M)
[60.535s][info][gc,ergo       ] Free headroom: 162M (free) - 25600K (spike) - 0B (penalties) = 137M
[60.535s][info][gc,ergo       ] Free: 162M, Max: 256K regular, 146M humongous, Frag: 10% external, 1% internal; Reserve: 25600K, Max: 256K
[60.535s][info][gc,start      ] GC(130) Concurrent reset
[60.535s][info][gc,task       ] GC(130) Using 1 of 1 workers for concurrent reset
[60.535s][info][gc,ergo       ] GC(130) Pacer for Reset. Non-Taxable: 500M
[60.535s][info][gc            ] GC(130) Concurrent reset 0.210ms
[60.538s][info][gc,start      ] GC(130) Pause Init Mark (process weakrefs)
[60.538s][info][gc,task       ] GC(130) Using 1 of 1 workers for init marking
[60.539s][info][gc,ergo       ] GC(130) Pacer for Mark. Expected Live: 119M, Free: 162M, Non-Taxable: 16588K, Alloc Tax Rate: 0.9x
[60.539s][info][gc            ] GC(130) Pause Init Mark (process weakrefs) 1.396ms
[60.539s][info][gc,start      ] GC(130) Concurrent marking (process weakrefs)
[60.539s][info][gc,task       ] GC(130) Using 1 of 1 workers for concurrent marking
[60.638s][info][gc            ] GC(130) Concurrent marking (process weakrefs) 98.562ms
[60.638s][info][gc,start      ] GC(130) Concurrent precleaning
[60.638s][info][gc,task       ] GC(130) Using 1 of 1 workers for concurrent preclean
[60.638s][info][gc,ergo       ] GC(130) Pacer for Precleaning. Non-Taxable: 500M
[60.642s][info][gc            ] GC(130) Concurrent precleaning 4.498ms
[60.645s][info][gc,start      ] GC(130) Pause Final Mark (process weakrefs)
[60.645s][info][gc,task       ] GC(130) Using 1 of 1 workers for final marking
[60.646s][info][gc,ergo       ] GC(130) Collectable Garbage: 189M (98%), Immediate: 189M (98%), CSet: 0B (0%)
[60.646s][info][gc            ] GC(130) Pause Final Mark (process weakrefs) 0.408ms
[60.646s][info][gc,start      ] GC(130) Concurrent cleanup
[60.646s][info][gc            ] GC(130) Concurrent cleanup 342M->153M(500M) 0.068ms
[60.646s][info][gc,ergo       ] GC(130) Free: 320M, Max: 256K regular, 131M humongous, Frag: 60% external, 0% internal; Reserve: 25600K, Max: 256K
[60.646s][info][gc,ergo       ] Free: 320M, Max: 256K regular, 131M humongous, Frag: 60% external, 0% internal; Reserve: 25600K, Max: 256K
[60.646s][info][gc,stats      ] 
[60.646s][info][gc,stats      ] All times are wall-clock times, except per-root-class counters, that are sum over
[60.646s][info][gc,stats      ] all workers. Dividing the <total> over the root stage time estimates parallelism.
[60.646s][info][gc,stats      ] 
[60.646s][info][gc,stats      ] Concurrent Reset                    191 us
[60.646s][info][gc,stats      ] Pause Init Mark (G)                4242 us
[60.646s][info][gc,stats      ] Pause Init Mark (N)                1374 us
[60.646s][info][gc,stats      ]   Accumulate Stats                   16 us
[60.646s][info][gc,stats      ]   Make Parsable                      12 us
[60.646s][info][gc,stats      ]   Update Region States               22 us
[60.646s][info][gc,stats      ]   Scan Roots                       1285 us, parallelism: 0.79x
[60.646s][info][gc,stats      ]     S: <total>                     1018 us
[60.646s][info][gc,stats      ]     S: Thread Roots                 428 us, workers (us): 428, 
[60.646s][info][gc,stats      ]     S: Universe Roots                 2 us, workers (us):   2, 
[60.646s][info][gc,stats      ]     S: JNI Handles Roots              1 us, workers (us):   1, 
[60.646s][info][gc,stats      ]     S: Synchronizer Roots             0 us, workers (us):   0, 
[60.646s][info][gc,stats      ]     S: Management Roots               1 us, workers (us):   1, 
[60.646s][info][gc,stats      ]     S: System Dict Roots             11 us, workers (us):  11, 
[60.646s][info][gc,stats      ]     S: CLDG Roots                   573 us, workers (us): 573, 
[60.646s][info][gc,stats      ]     S: JVMTI Roots                    1 us, workers (us):   1, 
[60.646s][info][gc,stats      ]   Resize TLABs                       10 us
[60.646s][info][gc,stats      ] Concurrent Marking                98553 us
[60.646s][info][gc,stats      ] Concurrent Precleaning             4485 us
[60.646s][info][gc,stats      ] Pause Final Mark (G)               3195 us
[60.646s][info][gc,stats      ] Pause Final Mark (N)                392 us
[60.646s][info][gc,stats      ]   Finish Queues                      22 us
[60.646s][info][gc,stats      ]   Weak References                    13 us
[60.646s][info][gc,stats      ]     Process                          11 us
[60.646s][info][gc,stats      ]   System Purge                      287 us
[60.646s][info][gc,stats      ]     Weak Roots                      287 us
[60.646s][info][gc,stats      ]   Update Region States               28 us
[60.646s][info][gc,stats      ]   Retire TLABs                       15 us
[60.646s][info][gc,stats      ]   Choose Collection Set              14 us
[60.646s][info][gc,stats      ]   Rebuild Free Set                    7 us
[60.646s][info][gc,stats      ] Concurrent Cleanup                   61 us
[60.646s][info][gc,stats      ] Pacing                            51130 us
[60.646s][info][gc,stats      ] 
[60.646s][info][gc,stats      ] Allocation pacing accrued:
[60.646s][info][gc,stats      ]      51 of   277 ms ( 18.4%): Executor task launch worker for task 0.0 in stage 13.0 (TID 13)
[60.646s][info][gc,stats      ]      51 of   277 ms ( 18.4%): <total>
[60.646s][info][gc,stats      ]       0 of   277 ms (  0.1%): <average total>
[60.646s][info][gc,stats      ]      51 of   277 ms ( 18.4%): <average non-zero>
[60.646s][info][gc,stats      ] 
[60.646s][info][gc,metaspace  ] Metaspace: 60510K->60510K(1103872K)
[60.646s][info][gc,ergo       ] Pacer for Idle. Initial: 10240K, Alloc Tax Rate: 1.0x
[60.870s][info][gc            ] Trigger: Average GC time (151.04 ms) is above the time for allocation rate (675 MB/s) to deplete free headroom (100M)
[60.870s][info][gc,ergo       ] Free headroom: 125M (free) - 25600K (spike) - 0B (penalties) = 100M
[60.870s][info][gc,ergo       ] Free: 125M, Max: 256K regular, 125M humongous, Frag: 0% external, 1% internal; Reserve: 25600K, Max: 256K
[60.870s][info][gc,start      ] GC(131) Concurrent reset
[60.870s][info][gc,task       ] GC(131) Using 1 of 1 workers for concurrent reset
[60.870s][info][gc,ergo       ] GC(131) Pacer for Reset. Non-Taxable: 500M
[60.870s][info][gc            ] GC(131) Concurrent reset 0.221ms
[60.873s][info][gc,start      ] GC(131) Pause Init Mark
[60.873s][info][gc,task       ] GC(131) Using 1 of 1 workers for init marking
[60.875s][info][gc,ergo       ] GC(131) Pacer for Mark. Expected Live: 119M, Free: 125M, Non-Taxable: 12825K, Alloc Tax Rate: 1.2x
[60.875s][info][gc            ] GC(131) Pause Init Mark 1.536ms
[60.875s][info][gc,start      ] GC(131) Concurrent marking
[60.875s][info][gc,task       ] GC(131) Using 1 of 1 workers for concurrent marking
[60.967s][info][gc            ] GC(131) Concurrent marking 92.419ms
[60.967s][info][gc,start      ] GC(131) Pause Final Mark
[60.967s][info][gc,task       ] GC(131) Using 1 of 1 workers for final marking
[60.968s][info][gc,ergo       ] GC(131) Collectable Garbage: 226M (98%), Immediate: 226M (98%), CSet: 0B (0%)
[60.968s][info][gc            ] GC(131) Pause Final Mark 0.381ms
[60.971s][info][gc,start      ] GC(131) Concurrent cleanup
[60.971s][info][gc            ] GC(131) Concurrent cleanup 369M->146M(500M) 0.095ms
[60.971s][info][gc,ergo       ] GC(131) Free: 327M, Max: 256K regular, 104M humongous, Frag: 69% external, 0% internal; Reserve: 25600K, Max: 256K
[60.971s][info][gc,ergo       ] Free: 327M, Max: 256K regular, 104M humongous, Frag: 69% external, 0% internal; Reserve: 25600K, Max: 256K
[60.971s][info][gc,stats      ] 
[60.971s][info][gc,stats      ] All times are wall-clock times, except per-root-class counters, that are sum over
[60.971s][info][gc,stats      ] all workers. Dividing the <total> over the root stage time estimates parallelism.
[60.971s][info][gc,stats      ] 
[60.971s][info][gc,stats      ] Concurrent Reset                    212 us
[60.971s][info][gc,stats      ] Pause Init Mark (G)                4584 us
[60.971s][info][gc,stats      ] Pause Init Mark (N)                1504 us
[60.971s][info][gc,stats      ]   Accumulate Stats                   17 us
[60.971s][info][gc,stats      ]   Make Parsable                      11 us
[60.971s][info][gc,stats      ]   Update Region States               30 us
[60.971s][info][gc,stats      ]   Scan Roots                       1376 us, parallelism: 0.80x
[60.971s][info][gc,stats      ]     S: <total>                     1102 us
[60.971s][info][gc,stats      ]     S: Thread Roots                 517 us, workers (us): 517, 
[60.971s][info][gc,stats      ]     S: Universe Roots                 3 us, workers (us):   3, 
[60.971s][info][gc,stats      ]     S: JNI Handles Roots              1 us, workers (us):   1, 
[60.971s][info][gc,stats      ]     S: Synchronizer Roots             0 us, workers (us):   0, 
[60.971s][info][gc,stats      ]     S: Management Roots               1 us, workers (us):   1, 
[60.971s][info][gc,stats      ]     S: System Dict Roots             12 us, workers (us):  12, 
[60.971s][info][gc,stats      ]     S: CLDG Roots                   567 us, workers (us): 567, 
[60.971s][info][gc,stats      ]     S: JVMTI Roots                    0 us, workers (us):   0, 
[60.971s][info][gc,stats      ]   Resize TLABs                       26 us
[60.971s][info][gc,stats      ] Concurrent Marking                92410 us
[60.971s][info][gc,stats      ] Pause Final Mark (G)               3262 us
[60.971s][info][gc,stats      ] Pause Final Mark (N)                372 us
[60.971s][info][gc,stats      ]   Finish Queues                      13 us
[60.971s][info][gc,stats      ]   System Purge                      281 us
[60.971s][info][gc,stats      ]     Weak Roots                      280 us
[60.971s][info][gc,stats      ]   Update Region States               27 us
[60.971s][info][gc,stats      ]   Retire TLABs                       19 us
[60.971s][info][gc,stats      ]   Choose Collection Set              20 us
[60.971s][info][gc,stats      ]   Rebuild Free Set                    7 us
[60.971s][info][gc,stats      ] Concurrent Cleanup                   67 us
[60.971s][info][gc,stats      ] Pacing                            49660 us
[60.971s][info][gc,stats      ] 
[60.971s][info][gc,stats      ] Allocation pacing accrued:
[60.971s][info][gc,stats      ]      50 of   325 ms ( 15.3%): Executor task launch worker for task 0.0 in stage 13.0 (TID 13)
[60.971s][info][gc,stats      ]      50 of   325 ms ( 15.3%): <total>
[60.971s][info][gc,stats      ]       0 of   325 ms (  0.1%): <average total>
[60.971s][info][gc,stats      ]      50 of   325 ms ( 15.3%): <average non-zero>
[60.971s][info][gc,stats      ] 
[60.971s][info][gc,metaspace  ] Metaspace: 60510K->60510K(1103872K)
[60.971s][info][gc,ergo       ] Pacer for Idle. Initial: 10240K, Alloc Tax Rate: 1.0x
[61.200s][info][gc            ] Trigger: Average GC time (108.30 ms) is above the time for allocation rate (747 MB/s) to deplete free headroom (81920K)
[61.201s][info][gc,ergo       ] Free headroom: 105M (free) - 25600K (spike) - 0B (penalties) = 81920K
[61.201s][info][gc,ergo       ] Free: 105M, Max: 256K regular, 104M humongous, Frag: 1% external, 2% internal; Reserve: 25600K, Max: 256K
[61.201s][info][gc,start      ] GC(132) Concurrent reset
[61.201s][info][gc,task       ] GC(132) Using 1 of 1 workers for concurrent reset
[61.201s][info][gc,ergo       ] GC(132) Pacer for Reset. Non-Taxable: 500M
[61.201s][info][gc            ] GC(132) Concurrent reset 0.206ms
[61.204s][info][gc,start      ] GC(132) Pause Init Mark
[61.204s][info][gc,task       ] GC(132) Using 1 of 1 workers for init marking
[61.205s][info][gc,ergo       ] GC(132) Pacer for Mark. Expected Live: 119M, Free: 105M, Non-Taxable: 10752K, Alloc Tax Rate: 1.4x
[61.205s][info][gc            ] GC(132) Pause Init Mark 1.499ms
[61.206s][info][gc,start      ] GC(132) Concurrent marking
[61.206s][info][gc,task       ] GC(132) Using 1 of 1 workers for concurrent marking
[61.368s][info][gc            ] GC(132) Concurrent marking 162.394ms
[61.368s][info][gc,start      ] GC(132) Pause Final Mark
[61.368s][info][gc,task       ] GC(132) Using 1 of 1 workers for final marking
[61.369s][info][gc,ergo       ] GC(132) Collectable Garbage: 246M (98%), Immediate: 246M (98%), CSet: 0B (0%)
[61.369s][info][gc            ] GC(132) Pause Final Mark 0.614ms
[61.369s][info][gc,start      ] GC(132) Concurrent cleanup
[61.369s][info][gc            ] GC(132) Concurrent cleanup 387M->141M(500M) 0.186ms
[61.369s][info][gc,ergo       ] GC(132) Free: 332M, Max: 256K regular, 115M humongous, Frag: 66% external, 0% internal; Reserve: 25600K, Max: 256K
[61.369s][info][gc,ergo       ] Free: 332M, Max: 256K regular, 115M humongous, Frag: 66% external, 0% internal; Reserve: 25600K, Max: 256K
[61.369s][info][gc,stats      ] 
[61.369s][info][gc,stats      ] All times are wall-clock times, except per-root-class counters, that are sum over
[61.369s][info][gc,stats      ] all workers. Dividing the <total> over the root stage time estimates parallelism.
[61.369s][info][gc,stats      ] 
[61.369s][info][gc,stats      ] Concurrent Reset                    196 us
[61.369s][info][gc,stats      ] Pause Init Mark (G)                4661 us
[61.369s][info][gc,stats      ] Pause Init Mark (N)                1464 us
[61.369s][info][gc,stats      ]   Accumulate Stats                   16 us
[61.369s][info][gc,stats      ]   Make Parsable                      11 us
[61.369s][info][gc,stats      ]   Update Region States               47 us
[61.369s][info][gc,stats      ]   Scan Roots                       1333 us, parallelism: 0.79x
[61.369s][info][gc,stats      ]     S: <total>                     1058 us
[61.369s][info][gc,stats      ]     S: Thread Roots                 506 us, workers (us): 506, 
[61.369s][info][gc,stats      ]     S: Universe Roots                 2 us, workers (us):   2, 
[61.369s][info][gc,stats      ]     S: JNI Handles Roots              2 us, workers (us):   2, 
[61.369s][info][gc,stats      ]     S: Synchronizer Roots             0 us, workers (us):   0, 
[61.369s][info][gc,stats      ]     S: Management Roots               2 us, workers (us):   2, 
[61.369s][info][gc,stats      ]     S: System Dict Roots             11 us, workers (us):  11, 
[61.369s][info][gc,stats      ]     S: CLDG Roots                   535 us, workers (us): 535, 
[61.369s][info][gc,stats      ]     S: JVMTI Roots                    1 us, workers (us):   1, 
[61.369s][info][gc,stats      ]   Resize TLABs                       12 us
[61.369s][info][gc,stats      ] Concurrent Marking               162385 us
[61.369s][info][gc,stats      ] Pause Final Mark (G)                860 us
[61.369s][info][gc,stats      ] Pause Final Mark (N)                573 us
[61.369s][info][gc,stats      ]   Finish Queues                      33 us
[61.369s][info][gc,stats      ]   System Purge                      411 us
[61.369s][info][gc,stats      ]     Weak Roots                      411 us
[61.369s][info][gc,stats      ]   Update Region States               48 us
[61.369s][info][gc,stats      ]   Retire TLABs                       18 us
[61.369s][info][gc,stats      ]   Choose Collection Set              32 us
[61.369s][info][gc,stats      ]   Rebuild Free Set                   15 us
[61.369s][info][gc,stats      ] Concurrent Cleanup                  158 us
[61.369s][info][gc,stats      ] Pacing                           125083 us
[61.369s][info][gc,stats      ] 
[61.369s][info][gc,stats      ] Allocation pacing accrued:
[61.369s][info][gc,stats      ]      13 of   399 ms (  3.2%): Spark Context Cleaner
[61.369s][info][gc,stats      ]     112 of   399 ms ( 28.2%): Executor task launch worker for task 0.0 in stage 13.0 (TID 13)
[61.369s][info][gc,stats      ]     125 of   399 ms ( 31.4%): <total>
[61.369s][info][gc,stats      ]       1 of   399 ms (  0.2%): <average total>
[61.369s][info][gc,stats      ]      63 of   399 ms ( 15.7%): <average non-zero>
[61.369s][info][gc,stats      ] 
[61.369s][info][gc,metaspace  ] Metaspace: 60510K->60510K(1103872K)
[61.369s][info][gc,ergo       ] Pacer for Idle. Initial: 10240K, Alloc Tax Rate: 1.0x
[61.850s][info][gc            ] Trigger: Average GC time (120.71 ms) is above the time for allocation rate (427 MB/s) to deplete free headroom (50432K)
[61.850s][info][gc,ergo       ] Free headroom: 76032K (free) - 25600K (spike) - 0B (penalties) = 50432K
[61.850s][info][gc,ergo       ] Free: 76032K, Max: 256K regular, 76032K humongous, Frag: 0% external, 2% internal; Reserve: 25600K, Max: 256K
[61.850s][info][gc,start      ] GC(133) Concurrent reset
[61.850s][info][gc,task       ] GC(133) Using 1 of 1 workers for concurrent reset
[61.850s][info][gc,ergo       ] GC(133) Pacer for Reset. Non-Taxable: 500M
[61.850s][info][gc            ] GC(133) Concurrent reset 0.205ms
[61.853s][info][gc,start      ] GC(133) Pause Init Mark
[61.853s][info][gc,task       ] GC(133) Using 1 of 1 workers for init marking
[61.855s][info][gc,ergo       ] GC(133) Pacer for Mark. Expected Live: 119M, Free: 76032K, Non-Taxable: 7603K, Alloc Tax Rate: 2.0x
[61.855s][info][gc            ] GC(133) Pause Init Mark 1.421ms
[61.855s][info][gc,start      ] GC(133) Concurrent marking
[61.855s][info][gc,task       ] GC(133) Using 1 of 1 workers for concurrent marking
[61.879s][info][gc            ] GC(133) Concurrent marking 24.413ms
[61.879s][info][gc,start      ] GC(133) Pause Final Mark
[61.879s][info][gc,task       ] GC(133) Using 1 of 1 workers for final marking
[61.880s][info][gc,ergo       ] GC(133) Collectable Garbage: 368M (98%), Immediate: 368M (98%), CSet: 0B (0%)
[61.880s][info][gc            ] GC(133) Pause Final Mark 0.393ms
[61.880s][info][gc,start      ] GC(133) Concurrent cleanup
[61.880s][info][gc            ] GC(133) Concurrent cleanup 409M->40M(500M) 0.096ms
[61.880s][info][gc,ergo       ] GC(133) Free: 433M, Max: 256K regular, 180M humongous, Frag: 59% external, 0% internal; Reserve: 25600K, Max: 256K
[61.880s][info][gc,ergo       ] Free: 433M, Max: 256K regular, 180M humongous, Frag: 59% external, 0% internal; Reserve: 25600K, Max: 256K
[61.880s][info][gc,stats      ] 
[61.880s][info][gc,stats      ] All times are wall-clock times, except per-root-class counters, that are sum over
[61.880s][info][gc,stats      ] all workers. Dividing the <total> over the root stage time estimates parallelism.
[61.880s][info][gc,stats      ] 
[61.880s][info][gc,stats      ] Concurrent Reset                    198 us
[61.880s][info][gc,stats      ] Pause Init Mark (G)                4290 us
[61.880s][info][gc,stats      ] Pause Init Mark (N)                1394 us
[61.880s][info][gc,stats      ]   Accumulate Stats                   17 us
[61.880s][info][gc,stats      ]   Make Parsable                      11 us
[61.880s][info][gc,stats      ]   Update Region States               25 us
[61.880s][info][gc,stats      ]   Scan Roots                       1297 us, parallelism: 0.79x
[61.880s][info][gc,stats      ]     S: <total>                     1031 us
[61.880s][info][gc,stats      ]     S: Thread Roots                 437 us, workers (us): 437, 
[61.880s][info][gc,stats      ]     S: Universe Roots                 3 us, workers (us):   3, 
[61.880s][info][gc,stats      ]     S: JNI Handles Roots              1 us, workers (us):   1, 
[61.880s][info][gc,stats      ]     S: Synchronizer Roots             0 us, workers (us):   0, 
[61.880s][info][gc,stats      ]     S: Management Roots               1 us, workers (us):   1, 
[61.880s][info][gc,stats      ]     S: System Dict Roots             11 us, workers (us):  11, 
[61.880s][info][gc,stats      ]     S: CLDG Roots                   577 us, workers (us): 577, 
[61.880s][info][gc,stats      ]     S: JVMTI Roots                    0 us, workers (us):   0, 
[61.880s][info][gc,stats      ]   Resize TLABs                       12 us
[61.880s][info][gc,stats      ] Concurrent Marking                24404 us
[61.880s][info][gc,stats      ] Pause Final Mark (G)                504 us
[61.880s][info][gc,stats      ] Pause Final Mark (N)                384 us
[61.880s][info][gc,stats      ]   Finish Queues                      24 us
[61.880s][info][gc,stats      ]   System Purge                      283 us
[61.880s][info][gc,stats      ]     Weak Roots                      283 us
[61.880s][info][gc,stats      ]   Update Region States               26 us
[61.880s][info][gc,stats      ]   Retire TLABs                       14 us
[61.880s][info][gc,stats      ]   Choose Collection Set              22 us
[61.880s][info][gc,stats      ]   Rebuild Free Set                    7 us
[61.880s][info][gc,stats      ] Concurrent Cleanup                   89 us
[61.880s][info][gc,stats      ] Pacing                            10060 us
[61.880s][info][gc,stats      ] 
[61.880s][info][gc,stats      ] Allocation pacing accrued:
[61.880s][info][gc,stats      ]      10 of   511 ms (  2.0%): Executor task launch worker for task 0.0 in stage 13.0 (TID 13)
[61.880s][info][gc,stats      ]      10 of   511 ms (  2.0%): <total>
[61.880s][info][gc,stats      ]       0 of   511 ms (  0.0%): <average total>
[61.880s][info][gc,stats      ]      10 of   511 ms (  2.0%): <average non-zero>
[61.880s][info][gc,stats      ] 
[61.880s][info][gc,metaspace  ] Metaspace: 60510K->60510K(1103872K)
[61.880s][info][gc,ergo       ] Pacer for Idle. Initial: 10240K, Alloc Tax Rate: 1.0x
[62.092s][info][gc            ] Trigger: Average GC time (104.71 ms) is above the time for allocation rate (1206 MB/s) to deplete free headroom (126M)
[62.093s][info][gc,ergo       ] Free headroom: 151M (free) - 25600K (spike) - 0B (penalties) = 126M
[62.093s][info][gc,ergo       ] Free: 151M, Max: 256K regular, 90368K humongous, Frag: 42% external, 1% internal; Reserve: 25600K, Max: 256K
[62.093s][info][gc,start      ] GC(134) Concurrent reset
[62.093s][info][gc,task       ] GC(134) Using 1 of 1 workers for concurrent reset
[62.093s][info][gc,ergo       ] GC(134) Pacer for Reset. Non-Taxable: 500M
[62.093s][info][gc            ] GC(134) Concurrent reset 0.130ms
[62.095s][info][gc,start      ] GC(134) Pause Init Mark
[62.095s][info][gc,task       ] GC(134) Using 1 of 1 workers for init marking
[62.103s][info][gc,ergo       ] GC(134) Pacer for Mark. Expected Live: 100M, Free: 151M, Non-Taxable: 15488K, Alloc Tax Rate: 0.8x
[62.103s][info][gc            ] GC(134) Pause Init Mark 7.670ms
[62.106s][info][gc,start      ] GC(134) Concurrent marking
[62.106s][info][gc,task       ] GC(134) Using 1 of 1 workers for concurrent marking
[62.152s][info][gc            ] GC(134) Concurrent marking 46.029ms
[62.152s][info][gc,start      ] GC(134) Pause Final Mark
[62.152s][info][gc,task       ] GC(134) Using 1 of 1 workers for final marking
[62.153s][info][gc,ergo       ] GC(134) Collectable Garbage: 292M (97%), Immediate: 292M (97%), CSet: 0B (0%)
[62.153s][info][gc            ] GC(134) Pause Final Mark 0.430ms
[62.155s][info][gc,start      ] GC(134) Concurrent cleanup
[62.155s][info][gc            ] GC(134) Concurrent cleanup 340M->50M(500M) 0.161ms
[62.155s][info][gc,ergo       ] GC(134) Free: 423M, Max: 256K regular, 186M humongous, Frag: 57% external, 0% internal; Reserve: 25600K, Max: 256K
[62.155s][info][gc,ergo       ] Free: 423M, Max: 256K regular, 186M humongous, Frag: 57% external, 0% internal; Reserve: 25600K, Max: 256K
[62.155s][info][gc,stats      ] 
[62.155s][info][gc,stats      ] All times are wall-clock times, except per-root-class counters, that are sum over
[62.155s][info][gc,stats      ] all workers. Dividing the <total> over the root stage time estimates parallelism.
[62.155s][info][gc,stats      ] 
[62.155s][info][gc,stats      ] Concurrent Reset                    120 us
[62.155s][info][gc,stats      ] Pause Init Mark (G)               13527 us
[62.155s][info][gc,stats      ] Pause Init Mark (N)                7615 us
[62.155s][info][gc,stats      ]   Accumulate Stats                   19 us
[62.155s][info][gc,stats      ]   Make Parsable                      13 us
[62.155s][info][gc,stats      ]   Update Region States               41 us
[62.155s][info][gc,stats      ]   Scan Roots                       7461 us, parallelism: 0.96x
[62.155s][info][gc,stats      ]     S: <total>                     7135 us
[62.155s][info][gc,stats      ]     S: Thread Roots                6504 us, workers (us): 6504, 
[62.155s][info][gc,stats      ]     S: Universe Roots                 2 us, workers (us):   2, 
[62.155s][info][gc,stats      ]     S: JNI Handles Roots              2 us, workers (us):   2, 
[62.155s][info][gc,stats      ]     S: Synchronizer Roots             0 us, workers (us):   0, 
[62.155s][info][gc,stats      ]     S: Management Roots               2 us, workers (us):   2, 
[62.155s][info][gc,stats      ]     S: System Dict Roots             12 us, workers (us):  12, 
[62.155s][info][gc,stats      ]     S: CLDG Roots                   612 us, workers (us): 612, 
[62.155s][info][gc,stats      ]     S: JVMTI Roots                    1 us, workers (us):   1, 
[62.155s][info][gc,stats      ]   Resize TLABs                       19 us
[62.155s][info][gc,stats      ] Concurrent Marking                45963 us
[62.155s][info][gc,stats      ] Pause Final Mark (G)               2645 us
[62.155s][info][gc,stats      ] Pause Final Mark (N)                420 us
[62.155s][info][gc,stats      ]   Finish Queues                      21 us
[62.155s][info][gc,stats      ]   System Purge                      300 us
[62.155s][info][gc,stats      ]     Weak Roots                      299 us
[62.155s][info][gc,stats      ]   Update Region States               32 us
[62.155s][info][gc,stats      ]   Retire TLABs                       21 us
[62.155s][info][gc,stats      ]   Choose Collection Set              32 us
[62.155s][info][gc,stats      ]   Rebuild Free Set                    8 us
[62.155s][info][gc,stats      ] Concurrent Cleanup                   96 us
[62.155s][info][gc,stats      ] Pacing                             8207 us
[62.155s][info][gc,stats      ] 
[62.155s][info][gc,stats      ] Allocation pacing accrued:
[62.155s][info][gc,stats      ]       8 of   275 ms (  3.0%): Executor task launch worker for task 0.0 in stage 13.0 (TID 13)
[62.155s][info][gc,stats      ]       8 of   275 ms (  3.0%): <total>
[62.155s][info][gc,stats      ]       0 of   275 ms (  0.0%): <average total>
[62.155s][info][gc,stats      ]       8 of   275 ms (  3.0%): <average non-zero>
[62.155s][info][gc,stats      ] 
[62.155s][info][gc,metaspace  ] Metaspace: 60510K->60510K(1103872K)
[62.155s][info][gc,ergo       ] Pacer for Idle. Initial: 10240K, Alloc Tax Rate: 1.0x
[62.409s][info][gc            ] Trigger: Average GC time (94.43 ms) is above the time for allocation rate (1019 MB/s) to deplete free headroom (98304K)
[62.409s][info][gc,ergo       ] Free headroom: 121M (free) - 25600K (spike) - 0B (penalties) = 98304K
[62.409s][info][gc,ergo       ] Free: 121M, Max: 256K regular, 61696K humongous, Frag: 51% external, 1% internal; Reserve: 25600K, Max: 256K
[62.409s][info][gc,start      ] GC(135) Concurrent reset
[62.409s][info][gc,task       ] GC(135) Using 1 of 1 workers for concurrent reset
[62.409s][info][gc,ergo       ] GC(135) Pacer for Reset. Non-Taxable: 500M
[62.409s][info][gc            ] GC(135) Concurrent reset 0.109ms
[62.412s][info][gc,start      ] GC(135) Pause Init Mark (process weakrefs)
[62.412s][info][gc,task       ] GC(135) Using 1 of 1 workers for init marking
[62.413s][info][gc,ergo       ] GC(135) Pacer for Mark. Expected Live: 83479K, Free: 121M, Non-Taxable: 12390K, Alloc Tax Rate: 0.8x
[62.413s][info][gc            ] GC(135) Pause Init Mark (process weakrefs) 1.409ms
[62.414s][info][gc,start      ] GC(135) Concurrent marking (process weakrefs)
[62.414s][info][gc,task       ] GC(135) Using 1 of 1 workers for concurrent marking
[62.445s][info][gc            ] GC(135) Concurrent marking (process weakrefs) 31.928ms
[62.445s][info][gc,start      ] GC(135) Concurrent precleaning
[62.445s][info][gc,task       ] GC(135) Using 1 of 1 workers for concurrent preclean
[62.445s][info][gc,ergo       ] GC(135) Pacer for Precleaning. Non-Taxable: 500M
[62.446s][info][gc            ] GC(135) Concurrent precleaning 0.508ms
[62.446s][info][gc,start      ] GC(135) Pause Final Mark (process weakrefs)
[62.446s][info][gc,task       ] GC(135) Using 1 of 1 workers for final marking
[62.447s][info][gc,ergo       ] GC(135) Collectable Garbage: 322M (98%), Immediate: 322M (98%), CSet: 0B (0%)
[62.447s][info][gc            ] GC(135) Pause Final Mark (process weakrefs) 0.397ms
[62.447s][info][gc,start      ] GC(135) Concurrent cleanup
[62.447s][info][gc            ] GC(135) Concurrent cleanup 371M->48M(500M) 0.088ms
[62.447s][info][gc,ergo       ] GC(135) Free: 425M, Max: 256K regular, 192M humongous, Frag: 55% external, 0% internal; Reserve: 25600K, Max: 256K
[62.447s][info][gc,ergo       ] Free: 425M, Max: 256K regular, 192M humongous, Frag: 55% external, 0% internal; Reserve: 25600K, Max: 256K
[62.447s][info][gc,stats      ] 
[62.447s][info][gc,stats      ] All times are wall-clock times, except per-root-class counters, that are sum over
[62.447s][info][gc,stats      ] all workers. Dividing the <total> over the root stage time estimates parallelism.
[62.447s][info][gc,stats      ] 
[62.447s][info][gc,stats      ] Concurrent Reset                    102 us
[62.447s][info][gc,stats      ] Pause Init Mark (G)                4259 us
[62.447s][info][gc,stats      ] Pause Init Mark (N)                1390 us
[62.447s][info][gc,stats      ]   Accumulate Stats                   16 us
[62.447s][info][gc,stats      ]   Make Parsable                      10 us
[62.447s][info][gc,stats      ]   Update Region States               21 us
[62.447s][info][gc,stats      ]   Scan Roots                       1296 us, parallelism: 0.79x
[62.447s][info][gc,stats      ]     S: <total>                     1026 us
[62.447s][info][gc,stats      ]     S: Thread Roots                 451 us, workers (us): 451, 
[62.447s][info][gc,stats      ]     S: Universe Roots                 2 us, workers (us):   2, 
[62.447s][info][gc,stats      ]     S: JNI Handles Roots              1 us, workers (us):   1, 
[62.447s][info][gc,stats      ]     S: Synchronizer Roots             0 us, workers (us):   0, 
[62.447s][info][gc,stats      ]     S: Management Roots               1 us, workers (us):   1, 
[62.447s][info][gc,stats      ]     S: System Dict Roots             12 us, workers (us):  12, 
[62.447s][info][gc,stats      ]     S: CLDG Roots                   558 us, workers (us): 558, 
[62.447s][info][gc,stats      ]     S: JVMTI Roots                    0 us, workers (us):   0, 
[62.447s][info][gc,stats      ]   Resize TLABs                       11 us
[62.447s][info][gc,stats      ] Concurrent Marking                31919 us
[62.447s][info][gc,stats      ] Concurrent Precleaning              502 us
[62.447s][info][gc,stats      ] Pause Final Mark (G)                570 us
[62.447s][info][gc,stats      ] Pause Final Mark (N)                386 us
[62.447s][info][gc,stats      ]   Finish Queues                      32 us
[62.447s][info][gc,stats      ]   Weak References                    14 us
[62.447s][info][gc,stats      ]     Process                          11 us
[62.447s][info][gc,stats      ]   System Purge                      273 us
[62.447s][info][gc,stats      ]     Weak Roots                      273 us
[62.447s][info][gc,stats      ]   Update Region States               26 us
[62.447s][info][gc,stats      ]   Retire TLABs                       12 us
[62.447s][info][gc,stats      ]   Choose Collection Set              17 us
[62.447s][info][gc,stats      ]   Rebuild Free Set                    7 us
[62.447s][info][gc,stats      ] Concurrent Cleanup                   82 us
[62.447s][info][gc,stats      ] 
[62.447s][info][gc,stats      ] Allocation pacing accrued:
[62.447s][info][gc,stats      ]       0 of   291 ms (  0.0%): <total>
[62.447s][info][gc,stats      ]       0 of   291 ms (  0.0%): <average total>
[62.447s][info][gc,stats      ] 
[62.447s][info][gc,metaspace  ] Metaspace: 60510K->60510K(1103872K)
[62.447s][info][gc,ergo       ] Pacer for Idle. Initial: 10240K, Alloc Tax Rate: 1.0x
[62.712s][info][gc            ] Trigger: Average GC time (79.76 ms) is above the time for allocation rate (1098 MB/s) to deplete free headroom (87808K)
[62.712s][info][gc,ergo       ] Free headroom: 110M (free) - 25600K (spike) - 0B (penalties) = 87808K
[62.712s][info][gc,ergo       ] Free: 110M, Max: 256K regular, 61696K humongous, Frag: 46% external, 1% internal; Reserve: 25600K, Max: 256K
[62.712s][info][gc,start      ] GC(136) Concurrent reset
[62.712s][info][gc,task       ] GC(136) Using 1 of 1 workers for concurrent reset
[62.712s][info][gc,ergo       ] GC(136) Pacer for Reset. Non-Taxable: 500M
[62.712s][info][gc            ] GC(136) Concurrent reset 0.109ms
[62.715s][info][gc,start      ] GC(136) Pause Init Mark
[62.715s][info][gc,task       ] GC(136) Using 1 of 1 workers for init marking
[62.716s][info][gc,ergo       ] GC(136) Pacer for Mark. Expected Live: 63951K, Free: 110M, Non-Taxable: 11340K, Alloc Tax Rate: 0.7x
[62.716s][info][gc            ] GC(136) Pause Init Mark 1.380ms
[62.716s][info][gc,start      ] GC(136) Concurrent marking
[62.717s][info][gc,task       ] GC(136) Using 1 of 1 workers for concurrent marking
[62.766s][info][gc            ] GC(136) Concurrent marking 49.713ms
[62.766s][info][gc,start      ] GC(136) Pause Final Mark
[62.767s][info][gc,task       ] GC(136) Using 1 of 1 workers for final marking
[62.767s][info][gc,ergo       ] GC(136) Collectable Garbage: 332M (98%), Immediate: 332M (98%), CSet: 0B (0%)
[62.767s][info][gc            ] GC(136) Pause Final Mark 0.775ms
[62.767s][info][gc,start      ] GC(136) Concurrent cleanup
[62.768s][info][gc            ] GC(136) Concurrent cleanup 379M->46M(500M) 0.226ms
[62.768s][info][gc,ergo       ] GC(136) Free: 427M, Max: 256K regular, 199M humongous, Frag: 54% external, 0% internal; Reserve: 25600K, Max: 256K
[62.768s][info][gc,ergo       ] Free: 427M, Max: 256K regular, 199M humongous, Frag: 54% external, 0% internal; Reserve: 25600K, Max: 256K
[62.768s][info][gc,stats      ] 
[62.768s][info][gc,stats      ] All times are wall-clock times, except per-root-class counters, that are sum over
[62.768s][info][gc,stats      ] all workers. Dividing the <total> over the root stage time estimates parallelism.
[62.768s][info][gc,stats      ] 
[62.768s][info][gc,stats      ] Concurrent Reset                    102 us
[62.768s][info][gc,stats      ] Pause Init Mark (G)                4258 us
[62.768s][info][gc,stats      ] Pause Init Mark (N)                1358 us
[62.768s][info][gc,stats      ]   Accumulate Stats                   16 us
[62.768s][info][gc,stats      ]   Make Parsable                      10 us
[62.768s][info][gc,stats      ]   Update Region States               24 us
[62.768s][info][gc,stats      ]   Scan Roots                       1267 us, parallelism: 0.79x
[62.768s][info][gc,stats      ]     S: <total>                     1003 us
[62.768s][info][gc,stats      ]     S: Thread Roots                 437 us, workers (us): 437, 
[62.768s][info][gc,stats      ]     S: Universe Roots                 2 us, workers (us):   2, 
[62.768s][info][gc,stats      ]     S: JNI Handles Roots              1 us, workers (us):   1, 
[62.768s][info][gc,stats      ]     S: Synchronizer Roots             0 us, workers (us):   0, 
[62.768s][info][gc,stats      ]     S: Management Roots               1 us, workers (us):   1, 
[62.768s][info][gc,stats      ]     S: System Dict Roots             11 us, workers (us):  11, 
[62.768s][info][gc,stats      ]     S: CLDG Roots                   551 us, workers (us): 551, 
[62.768s][info][gc,stats      ]     S: JVMTI Roots                    1 us, workers (us):   1, 
[62.768s][info][gc,stats      ]   Resize TLABs                       11 us
[62.768s][info][gc,stats      ] Concurrent Marking                49703 us
[62.768s][info][gc,stats      ] Pause Final Mark (G)               1044 us
[62.768s][info][gc,stats      ] Pause Final Mark (N)                755 us
[62.768s][info][gc,stats      ]   Finish Queues                      30 us
[62.768s][info][gc,stats      ]   System Purge                      544 us
[62.768s][info][gc,stats      ]     Weak Roots                      542 us
[62.768s][info][gc,stats      ]   Update Region States               58 us
[62.768s][info][gc,stats      ]   Retire TLABs                       31 us
[62.768s][info][gc,stats      ]   Choose Collection Set              61 us
[62.768s][info][gc,stats      ]   Rebuild Free Set                   18 us
[62.768s][info][gc,stats      ] Concurrent Cleanup                  210 us
[62.768s][info][gc,stats      ] Pacing                             7170 us
[62.768s][info][gc,stats      ] 
[62.768s][info][gc,stats      ] Allocation pacing accrued:
[62.768s][info][gc,stats      ]       7 of   321 ms (  2.2%): Executor task launch worker for task 0.0 in stage 13.0 (TID 13)
[62.768s][info][gc,stats      ]       7 of   321 ms (  2.2%): <total>
[62.768s][info][gc,stats      ]       0 of   321 ms (  0.0%): <average total>
[62.768s][info][gc,stats      ]       7 of   321 ms (  2.2%): <average non-zero>
[62.768s][info][gc,stats      ] 
[62.768s][info][gc,metaspace  ] Metaspace: 60510K->60510K(1103872K)
[62.768s][info][gc,ergo       ] Pacer for Idle. Initial: 10240K, Alloc Tax Rate: 1.0x
[63.060s][info][gc            ] Trigger: Explicit GC request (System.gc())
[63.060s][info][gc,ergo       ] Free: 154M, Max: 256K regular, 61696K humongous, Frag: 62% external, 1% internal; Reserve: 25600K, Max: 256K
[63.060s][info][gc,start      ] GC(137) Concurrent reset
[63.060s][info][gc,task       ] GC(137) Using 1 of 1 workers for concurrent reset
[63.060s][info][gc,ergo       ] GC(137) Pacer for Reset. Non-Taxable: 500M
[63.060s][info][gc            ] GC(137) Concurrent reset 0.118ms
[63.060s][info][gc,start      ] GC(137) Pause Init Mark (process weakrefs) (unload classes)
[63.060s][info][gc,task       ] GC(137) Using 1 of 1 workers for init marking
[63.061s][info][gc,ergo       ] GC(137) Pacer for Mark. Expected Live: 44423K, Free: 154M, Non-Taxable: 15839K, Alloc Tax Rate: 0.3x
[63.061s][info][gc            ] GC(137) Pause Init Mark (process weakrefs) (unload classes) 0.857ms
[63.061s][info][gc,start      ] GC(137) Concurrent marking (process weakrefs) (unload classes)
[63.061s][info][gc,task       ] GC(137) Using 1 of 1 workers for concurrent marking
[63.101s][info][gc            ] GC(137) Concurrent marking (process weakrefs) (unload classes) 39.436ms
[63.101s][info][gc,start      ] GC(137) Concurrent precleaning
[63.101s][info][gc,task       ] GC(137) Using 1 of 1 workers for concurrent preclean
[63.101s][info][gc,ergo       ] GC(137) Pacer for Precleaning. Non-Taxable: 500M
[63.101s][info][gc            ] GC(137) Concurrent precleaning 0.296ms
[63.101s][info][gc,start      ] GC(137) Pause Final Mark (process weakrefs) (unload classes)
[63.101s][info][gc,task       ] GC(137) Using 1 of 1 workers for final marking
[63.125s][info][gc,stringtable] GC(137) Cleaned string and symbol table, strings: 18540 processed, 0 removed, symbols: 131947 processed, 200 removed
[63.125s][info][gc,ergo       ] GC(137) Collectable Garbage: 288M (97%), Immediate: 288M (97%), CSet: 0B (0%)
[63.125s][info][gc            ] GC(137) Pause Final Mark (process weakrefs) (unload classes) 24.053ms
[63.125s][info][gc,start      ] GC(137) Concurrent cleanup
[63.125s][info][gc            ] GC(137) Concurrent cleanup 318M->31M(500M) 0.123ms
[63.125s][info][gc,ergo       ] GC(137) Free: 442M, Max: 256K regular, 225M humongous, Frag: 50% external, 0% internal; Reserve: 25600K, Max: 256K
[63.125s][info][gc,ergo       ] Free: 442M, Max: 256K regular, 225M humongous, Frag: 50% external, 0% internal; Reserve: 25600K, Max: 256K
[63.125s][info][gc,stats      ] 
[63.125s][info][gc,stats      ] All times are wall-clock times, except per-root-class counters, that are sum over
[63.125s][info][gc,stats      ] all workers. Dividing the <total> over the root stage time estimates parallelism.
[63.125s][info][gc,stats      ] 
[63.125s][info][gc,stats      ] Concurrent Reset                    108 us
[63.125s][info][gc,stats      ] Pause Init Mark (G)                1134 us
[63.125s][info][gc,stats      ] Pause Init Mark (N)                 846 us
[63.125s][info][gc,stats      ]   Accumulate Stats                   16 us
[63.125s][info][gc,stats      ]   Make Parsable                      13 us
[63.125s][info][gc,stats      ]   Update Region States               20 us
[63.125s][info][gc,stats      ]   Scan Roots                        770 us, parallelism: 0.67x
[63.125s][info][gc,stats      ]     S: <total>                      515 us
[63.125s][info][gc,stats      ]     S: Thread Roots                 379 us, workers (us): 379, 
[63.125s][info][gc,stats      ]     S: Universe Roots                 2 us, workers (us):   2, 
[63.125s][info][gc,stats      ]     S: JNI Handles Roots              1 us, workers (us):   1, 
[63.125s][info][gc,stats      ]     S: Synchronizer Roots             0 us, workers (us):   0, 
[63.125s][info][gc,stats      ]     S: Management Roots               1 us, workers (us):   1, 
[63.125s][info][gc,stats      ]     S: System Dict Roots             10 us, workers (us):  10, 
[63.126s][info][gc,stats      ]     S: CLDG Roots                   121 us, workers (us): 121, 
[63.126s][info][gc,stats      ]     S: JVMTI Roots                    0 us, workers (us):   0, 
[63.126s][info][gc,stats      ]   Resize TLABs                        6 us
[63.126s][info][gc,stats      ] Concurrent Marking                39427 us
[63.126s][info][gc,stats      ] Concurrent Precleaning              290 us
[63.126s][info][gc,stats      ] Pause Final Mark (G)              24235 us
[63.126s][info][gc,stats      ] Pause Final Mark (N)              24044 us
[63.126s][info][gc,stats      ]   Finish Queues                      87 us
[63.126s][info][gc,stats      ]   Weak References                    50 us
[63.126s][info][gc,stats      ]     Process                          48 us
[63.126s][info][gc,stats      ]   System Purge                      285 us
[63.126s][info][gc,stats      ]     Unload Classes                 1041 us
[63.126s][info][gc,stats      ]     Cleanup                       22247 us, parallelism: 1.00x
[63.126s][info][gc,stats      ]       CU: <total>                 22158 us
[63.126s][info][gc,stats      ]       CU: Code Cache Roots         8531 us, workers (us): 8531, 
[63.126s][info][gc,stats      ]       CU: Code Cache Cleaning      1556 us, workers (us): 1556, 
[63.126s][info][gc,stats      ]       CU: String Table Roots       6158 us, workers (us): 6158, 
[63.126s][info][gc,stats      ]       CU: Resolved Table Roots      133 us, workers (us): 133, 
[63.126s][info][gc,stats      ]       CU: CLDG Roots               5780 us, workers (us): 5780, 
[63.126s][info][gc,stats      ]     Weak Roots                      285 us
[63.126s][info][gc,stats      ]     CLDG                            234 us
[63.126s][info][gc,stats      ]   Update Region States               30 us
[63.126s][info][gc,stats      ]   Retire TLABs                       33 us
[63.126s][info][gc,stats      ]   Choose Collection Set              20 us
[63.126s][info][gc,stats      ]   Rebuild Free Set                    8 us
[63.126s][info][gc,stats      ] Concurrent Cleanup                   77 us
[63.126s][info][gc,stats      ] 
[63.126s][info][gc,stats      ] Allocation pacing accrued:
[63.126s][info][gc,stats      ]       0 of   358 ms (  0.0%): <total>
[63.126s][info][gc,stats      ]       0 of   358 ms (  0.0%): <average total>
[63.126s][info][gc,stats      ] 
[63.126s][info][gc,metaspace  ] Metaspace: 60565K->60186K(1103872K)
[63.126s][info][gc,ergo       ] Pacer for Idle. Initial: 10240K, Alloc Tax Rate: 1.0x
[63.126s][info][gc,start      ] Concurrent uncommit
[63.159s][info][gc            ] Concurrent uncommit 31M->32M(33M) 32.944ms
[63.434s][info][gc            ] Trigger: Learning 2 of 5. Free (349M) is below initial threshold (350M)
[63.434s][info][gc,ergo       ] Free: 349M, Max: 256K regular, 174M humongous, Frag: 51% external, 0% internal; Reserve: 25600K, Max: 256K
[63.434s][info][gc,start      ] GC(138) Concurrent reset
[63.434s][info][gc,task       ] GC(138) Using 1 of 1 workers for concurrent reset
[63.434s][info][gc,ergo       ] GC(138) Pacer for Reset. Non-Taxable: 500M
[63.434s][info][gc            ] GC(138) Concurrent reset 0.111ms
[63.437s][info][gc,start      ] GC(138) Pause Init Mark
[63.437s][info][gc,task       ] GC(138) Using 1 of 1 workers for init marking
[63.439s][info][gc,ergo       ] GC(138) Pacer for Mark. Expected Live: 24645K, Free: 349M, Non-Taxable: 35781K, Alloc Tax Rate: 0.1x
[63.439s][info][gc            ] GC(138) Pause Init Mark 1.597ms
[63.439s][info][gc,start      ] GC(138) Concurrent marking
[63.439s][info][gc,task       ] GC(138) Using 1 of 1 workers for concurrent marking
[63.493s][info][gc            ] GC(138) Concurrent marking 53.963ms
[63.493s][info][gc,start      ] GC(138) Pause Final Mark
[63.493s][info][gc,task       ] GC(138) Using 1 of 1 workers for final marking
[63.494s][info][gc,ergo       ] GC(138) Adaptive CSet Selection. Target Free: 72533K, Actual Free: 353M, Max CSet: 21333K, Min Garbage: 0B
[63.494s][info][gc,ergo       ] GC(138) Collectable Garbage: 94299K (98%), Immediate: 7977K (8%), CSet: 86321K (89%)
[63.496s][info][gc,ergo       ] GC(138) Pacer for Evacuation. Used CSet: 92388K, Free: 329M, Non-Taxable: 33766K, Alloc Tax Rate: 1.1x
[63.496s][info][gc            ] GC(138) Pause Final Mark 2.904ms
[63.496s][info][gc,start      ] GC(138) Concurrent cleanup
[63.496s][info][gc            ] GC(138) Concurrent cleanup 151M->143M(155M) 0.044ms
[63.496s][info][gc,ergo       ] GC(138) Free: 329M, Max: 256K regular, 145M humongous, Frag: 57% external, 0% internal; Reserve: 25344K, Max: 256K
[63.496s][info][gc,start      ] GC(138) Concurrent evacuation
[63.496s][info][gc,task       ] GC(138) Using 1 of 1 workers for concurrent evacuation
[63.516s][info][gc            ] GC(138) Concurrent evacuation 19.315ms
[63.518s][info][gc,start      ] GC(138) Pause Init Update Refs
[63.519s][info][gc,ergo       ] GC(138) Pacer for Update Refs. Used: 167M, Free: 312M, Non-Taxable: 31974K, Alloc Tax Rate: 1.1x
[63.519s][info][gc            ] GC(138) Pause Init Update Refs 0.033ms
[63.519s][info][gc,start      ] GC(138) Concurrent update references
[63.519s][info][gc,task       ] GC(138) Using 1 of 1 workers for concurrent reference update
[63.578s][info][gc            ] GC(138) Concurrent update references 58.956ms
[63.581s][info][gc,start      ] GC(138) Pause Final Update Refs
[63.581s][info][gc,task       ] GC(138) Using 1 of 1 workers for final reference update
[63.581s][info][gc            ] GC(138) Pause Final Update Refs 0.535ms
[63.581s][info][gc,start      ] GC(138) Concurrent cleanup
[63.581s][info][gc            ] GC(138) Concurrent cleanup 201M->111M(203M) 0.054ms
[63.581s][info][gc,ergo       ] Free: 362M, Max: 256K regular, 278M humongous, Frag: 24% external, 0% internal; Reserve: 25600K, Max: 256K
[63.581s][info][gc,stats      ] 
[63.581s][info][gc,stats      ] All times are wall-clock times, except per-root-class counters, that are sum over
[63.581s][info][gc,stats      ] all workers. Dividing the <total> over the root stage time estimates parallelism.
[63.581s][info][gc,stats      ] 
[63.581s][info][gc,stats      ] Concurrent Reset                    103 us
[63.581s][info][gc,stats      ] Pause Init Mark (G)                4628 us
[63.581s][info][gc,stats      ] Pause Init Mark (N)                1567 us
[63.581s][info][gc,stats      ]   Accumulate Stats                   17 us
[63.581s][info][gc,stats      ]   Make Parsable                      18 us
[63.581s][info][gc,stats      ]   Update Region States               28 us
[63.581s][info][gc,stats      ]   Scan Roots                       1447 us, parallelism: 0.82x
[63.581s][info][gc,stats      ]     S: <total>                     1187 us
[63.581s][info][gc,stats      ]     S: Thread Roots                 553 us, workers (us): 553, 
[63.581s][info][gc,stats      ]     S: Universe Roots                 2 us, workers (us):   2, 
[63.581s][info][gc,stats      ]     S: JNI Handles Roots              2 us, workers (us):   2, 
[63.581s][info][gc,stats      ]     S: Synchronizer Roots             0 us, workers (us):   0, 
[63.581s][info][gc,stats      ]     S: Management Roots               1 us, workers (us):   1, 
[63.581s][info][gc,stats      ]     S: System Dict Roots             12 us, workers (us):  12, 
[63.581s][info][gc,stats      ]     S: CLDG Roots                   616 us, workers (us): 616, 
[63.581s][info][gc,stats      ]     S: JVMTI Roots                    1 us, workers (us):   1, 
[63.581s][info][gc,stats      ]   Resize TLABs                       18 us
[63.581s][info][gc,stats      ] Concurrent Marking                53954 us
[63.581s][info][gc,stats      ] Pause Final Mark (G)               3039 us
[63.581s][info][gc,stats      ] Pause Final Mark (N)               2884 us
[63.581s][info][gc,stats      ]   Finish Queues                      17 us
[63.581s][info][gc,stats      ]   System Purge                      264 us
[63.581s][info][gc,stats      ]     Weak Roots                      264 us
[63.581s][info][gc,stats      ]   Update Region States               28 us
[63.581s][info][gc,stats      ]   Retire TLABs                       18 us
[63.581s][info][gc,stats      ]   Choose Collection Set              69 us
[63.581s][info][gc,stats      ]   Rebuild Free Set                    8 us
[63.581s][info][gc,stats      ]   Initial Evacuation               2474 us, parallelism: 0.67x
[63.581s][info][gc,stats      ]     E: <total>                     1667 us
[63.581s][info][gc,stats      ]     E: Thread Roots                 576 us, workers (us): 576, 
[63.581s][info][gc,stats      ]     E: Code Cache Roots             417 us, workers (us): 417, 
[63.581s][info][gc,stats      ]     E: Universe Roots                 1 us, workers (us):   1, 
[63.581s][info][gc,stats      ]     E: JNI Handles Roots             28 us, workers (us):  28, 
[63.581s][info][gc,stats      ]     E: Synchronizer Roots             0 us, workers (us):   0, 
[63.581s][info][gc,stats      ]     E: Management Roots               1 us, workers (us):   1, 
[63.581s][info][gc,stats      ]     E: System Dict Roots              9 us, workers (us):   9, 
[63.581s][info][gc,stats      ]     E: CLDG Roots                   634 us, workers (us): 634, 
[63.581s][info][gc,stats      ]     E: JVMTI Roots                    0 us, workers (us):   0, 
[63.581s][info][gc,stats      ] Concurrent Cleanup                   35 us
[63.581s][info][gc,stats      ] Concurrent Evacuation             19304 us
[63.581s][info][gc,stats      ] Pause Init  Update Refs (G)        2986 us
[63.581s][info][gc,stats      ] Pause Init  Update Refs (N)          15 us
[63.581s][info][gc,stats      ]   Retire GCLABs                       8 us
[63.581s][info][gc,stats      ] Concurrent Update Refs            58942 us
[63.581s][info][gc,stats      ] Pause Final Update Refs (G)        3519 us
[63.581s][info][gc,stats      ] Pause Final Update Refs (N)         510 us
[63.581s][info][gc,stats      ]   Update Roots                      466 us, parallelism: 0.98x
[63.581s][info][gc,stats      ]     UR: <total>                     455 us
[63.581s][info][gc,stats      ]     UR: Thread Roots                455 us, workers (us): 455, 
[63.581s][info][gc,stats      ]   Update Region States               25 us
[63.581s][info][gc,stats      ]   Trash Collection Set                3 us
[63.581s][info][gc,stats      ]   Rebuild Free Set                    9 us
[63.581s][info][gc,stats      ] Concurrent Cleanup                   47 us
[63.581s][info][gc,stats      ] 
[63.581s][info][gc,stats      ] Allocation pacing accrued:
[63.581s][info][gc,stats      ]       0 of   456 ms (  0.0%): <total>
[63.581s][info][gc,stats      ]       0 of   456 ms (  0.0%): <average total>
[63.581s][info][gc,stats      ] 
[63.581s][info][gc,metaspace  ] Metaspace: 60473K->60473K(1103872K)
[63.581s][info][gc,ergo       ] Pacer for Idle. Initial: 10240K, Alloc Tax Rate: 1.0x
[63.588s][info][gc            ] Trigger: Learning 3 of 5. Free (347M) is below initial threshold (350M)
[63.589s][info][gc,ergo       ] Free: 347M, Max: 256K regular, 278M humongous, Frag: 20% external, 0% internal; Reserve: 25600K, Max: 256K
[63.589s][info][gc,start      ] GC(139) Concurrent reset
[63.589s][info][gc,task       ] GC(139) Using 1 of 1 workers for concurrent reset
[63.589s][info][gc,ergo       ] GC(139) Pacer for Reset. Non-Taxable: 500M
[63.589s][info][gc            ] GC(139) Concurrent reset 0.234ms
[63.592s][info][gc,start      ] GC(139) Pause Init Mark
[63.592s][info][gc,task       ] GC(139) Using 1 of 1 workers for init marking
[63.593s][info][gc,ergo       ] GC(139) Pacer for Mark. Expected Live: 25555K, Free: 347M, Non-Taxable: 35609K, Alloc Tax Rate: 0.1x
[63.593s][info][gc            ] GC(139) Pause Init Mark 1.449ms
[63.593s][info][gc,start      ] GC(139) Concurrent marking
[63.593s][info][gc,task       ] GC(139) Using 1 of 1 workers for concurrent marking
[63.657s][info][gc            ] GC(139) Concurrent marking 63.576ms
[63.657s][info][gc,start      ] GC(139) Pause Final Mark
[63.657s][info][gc,task       ] GC(139) Using 1 of 1 workers for final marking
[63.657s][info][gc,ergo       ] GC(139) Adaptive CSet Selection. Target Free: 72533K, Actual Free: 318M, Max CSet: 21333K, Min Garbage: 0B
[63.657s][info][gc,ergo       ] GC(139) Collectable Garbage: 90260K (98%), Immediate: 256K (0%), CSet: 90004K (97%)
[63.659s][info][gc,ergo       ] GC(139) Pacer for Evacuation. Used CSet: 97280K, Free: 293M, Non-Taxable: 30080K, Alloc Tax Rate: 1.1x
[63.659s][info][gc            ] GC(139) Pause Final Mark 2.266ms
[63.659s][info][gc,start      ] GC(139) Concurrent cleanup
[63.659s][info][gc            ] GC(139) Concurrent cleanup 180M->179M(203M) 0.043ms
[63.659s][info][gc,ergo       ] GC(139) Free: 293M, Max: 256K regular, 278M humongous, Frag: 6% external, 0% internal; Reserve: 25600K, Max: 256K
[63.659s][info][gc,start      ] GC(139) Concurrent evacuation
[63.659s][info][gc,task       ] GC(139) Using 1 of 1 workers for concurrent evacuation
[63.687s][info][gc            ] GC(139) Concurrent evacuation 27.876ms
[63.691s][info][gc,start      ] GC(139) Pause Init Update Refs
[63.691s][info][gc,ergo       ] GC(139) Pacer for Update Refs. Used: 210M, Free: 270M, Non-Taxable: 27648K, Alloc Tax Rate: 1.1x
[63.691s][info][gc            ] GC(139) Pause Init Update Refs 0.045ms
[63.691s][info][gc,start      ] GC(139) Concurrent update references
[63.691s][info][gc,task       ] GC(139) Using 1 of 1 workers for concurrent reference update
[63.792s][info][gc            ] GC(139) Concurrent update references 101.416ms
[63.793s][info][gc,start      ] GC(139) Pause Final Update Refs
[63.793s][info][gc,task       ] GC(139) Using 1 of 1 workers for final reference update
[63.794s][info][gc            ] GC(139) Pause Final Update Refs 0.944ms
[63.797s][info][gc,start      ] GC(139) Concurrent cleanup
[63.797s][info][gc            ] GC(139) Concurrent cleanup 267M->175M(273M) 0.204ms
[63.797s][info][gc,ergo       ] Free: 297M, Max: 256K regular, 206M humongous, Frag: 31% external, 0% internal; Reserve: 25600K, Max: 256K
[63.797s][info][gc,stats      ] 
[63.797s][info][gc,stats      ] All times are wall-clock times, except per-root-class counters, that are sum over
[63.797s][info][gc,stats      ] all workers. Dividing the <total> over the root stage time estimates parallelism.
[63.797s][info][gc,stats      ] 
[63.797s][info][gc,stats      ] Concurrent Reset                    226 us
[63.797s][info][gc,stats      ] Pause Init Mark (G)                4450 us
[63.797s][info][gc,stats      ] Pause Init Mark (N)                1423 us
[63.797s][info][gc,stats      ]   Accumulate Stats                   17 us
[63.797s][info][gc,stats      ]   Make Parsable                      12 us
[63.797s][info][gc,stats      ]   Update Region States               25 us
[63.797s][info][gc,stats      ]   Scan Roots                       1330 us, parallelism: 0.80x
[63.797s][info][gc,stats      ]     S: <total>                     1068 us
[63.797s][info][gc,stats      ]     S: Thread Roots                 492 us, workers (us): 492, 
[63.797s][info][gc,stats      ]     S: Universe Roots                 3 us, workers (us):   3, 
[63.797s][info][gc,stats      ]     S: JNI Handles Roots             10 us, workers (us):  10, 
[63.797s][info][gc,stats      ]     S: Synchronizer Roots             0 us, workers (us):   0, 
[63.797s][info][gc,stats      ]     S: Management Roots               1 us, workers (us):   1, 
[63.797s][info][gc,stats      ]     S: System Dict Roots             12 us, workers (us):  12, 
[63.797s][info][gc,stats      ]     S: CLDG Roots                   549 us, workers (us): 549, 
[63.797s][info][gc,stats      ]     S: JVMTI Roots                    0 us, workers (us):   0, 
[63.797s][info][gc,stats      ]   Resize TLABs                       10 us
[63.797s][info][gc,stats      ] Concurrent Marking                63568 us
[63.797s][info][gc,stats      ] Pause Final Mark (G)               2422 us
[63.797s][info][gc,stats      ] Pause Final Mark (N)               2245 us
[63.797s][info][gc,stats      ]   Finish Queues                      19 us
[63.797s][info][gc,stats      ]   System Purge                      249 us
[63.797s][info][gc,stats      ]     Weak Roots                      248 us
[63.797s][info][gc,stats      ]   Update Region States               26 us
[63.797s][info][gc,stats      ]   Retire TLABs                       16 us
[63.797s][info][gc,stats      ]   Choose Collection Set              74 us
[63.797s][info][gc,stats      ]   Rebuild Free Set                    7 us
[63.797s][info][gc,stats      ]   Initial Evacuation               1846 us, parallelism: 0.64x
[63.797s][info][gc,stats      ]     E: <total>                     1189 us
[63.797s][info][gc,stats      ]     E: Thread Roots                 515 us, workers (us): 515, 
[63.797s][info][gc,stats      ]     E: Code Cache Roots             196 us, workers (us): 196, 
[63.797s][info][gc,stats      ]     E: Universe Roots                 1 us, workers (us):   1, 
[63.797s][info][gc,stats      ]     E: JNI Handles Roots              1 us, workers (us):   1, 
[63.797s][info][gc,stats      ]     E: Synchronizer Roots             0 us, workers (us):   0, 
[63.797s][info][gc,stats      ]     E: Management Roots               1 us, workers (us):   1, 
[63.797s][info][gc,stats      ]     E: System Dict Roots              9 us, workers (us):   9, 
[63.797s][info][gc,stats      ]     E: CLDG Roots                   465 us, workers (us): 465, 
[63.797s][info][gc,stats      ]     E: JVMTI Roots                    0 us, workers (us):   0, 
[63.797s][info][gc,stats      ] Concurrent Cleanup                   34 us
[63.797s][info][gc,stats      ] Concurrent Evacuation             27864 us
[63.797s][info][gc,stats      ] Pause Init  Update Refs (G)        3570 us
[63.798s][info][gc,stats      ] Pause Init  Update Refs (N)          20 us
[63.798s][info][gc,stats      ]   Retire GCLABs                      12 us
[63.798s][info][gc,stats      ] Concurrent Update Refs           101400 us
[63.798s][info][gc,stats      ] Pause Final Update Refs (G)        4328 us
[63.798s][info][gc,stats      ] Pause Final Update Refs (N)         932 us
[63.798s][info][gc,stats      ]   Update Roots                      852 us, parallelism: 0.96x
[63.798s][info][gc,stats      ]     UR: <total>                     820 us
[63.798s][info][gc,stats      ]     UR: Thread Roots                820 us, workers (us): 820, 
[63.798s][info][gc,stats      ]   Update Region States               51 us
[63.798s][info][gc,stats      ]   Trash Collection Set                5 us
[63.798s][info][gc,stats      ]   Rebuild Free Set                   15 us
[63.798s][info][gc,stats      ] Concurrent Cleanup                  143 us
[63.798s][info][gc,stats      ] 
[63.798s][info][gc,stats      ] Allocation pacing accrued:
[63.798s][info][gc,stats      ]       0 of   216 ms (  0.0%): <total>
[63.798s][info][gc,stats      ]       0 of   216 ms (  0.0%): <average total>
[63.798s][info][gc,stats      ] 
[63.798s][info][gc,metaspace  ] Metaspace: 60473K->60473K(1103872K)
[63.798s][info][gc,ergo       ] Pacer for Idle. Initial: 10240K, Alloc Tax Rate: 1.0x
[63.800s][info][gc            ] Trigger: Learning 4 of 5. Free (296M) is below initial threshold (350M)
[63.800s][info][gc,ergo       ] Free: 296M, Max: 256K regular, 206M humongous, Frag: 31% external, 0% internal; Reserve: 25600K, Max: 256K
[63.800s][info][gc,start      ] GC(140) Concurrent reset
[63.800s][info][gc,task       ] GC(140) Using 1 of 1 workers for concurrent reset
[63.800s][info][gc,ergo       ] GC(140) Pacer for Reset. Non-Taxable: 500M
[63.800s][info][gc            ] GC(140) Concurrent reset 0.363ms
[63.803s][info][gc,start      ] GC(140) Pause Init Mark (process weakrefs)
[63.803s][info][gc,task       ] GC(140) Using 1 of 1 workers for init marking
[63.806s][info][gc,ergo       ] GC(140) Pacer for Mark. Expected Live: 27934K, Free: 296M, Non-Taxable: 30361K, Alloc Tax Rate: 0.1x
[63.806s][info][gc            ] GC(140) Pause Init Mark (process weakrefs) 3.109ms
[63.806s][info][gc,start      ] GC(140) Concurrent marking (process weakrefs)
[63.806s][info][gc,task       ] GC(140) Using 1 of 1 workers for concurrent marking
[63.907s][info][gc            ] GC(140) Concurrent marking (process weakrefs) 101.094ms
[63.907s][info][gc,start      ] GC(140) Concurrent precleaning
[63.907s][info][gc,task       ] GC(140) Using 1 of 1 workers for concurrent preclean
[63.907s][info][gc,ergo       ] GC(140) Pacer for Precleaning. Non-Taxable: 500M
[63.911s][info][gc            ] GC(140) Concurrent precleaning 3.674ms
[63.914s][info][gc,start      ] GC(140) Pause Final Mark (process weakrefs)
[63.914s][info][gc,task       ] GC(140) Using 1 of 1 workers for final marking
[63.914s][info][gc,ergo       ] GC(140) Adaptive CSet Selection. Target Free: 72533K, Actual Free: 240M, Max CSet: 21333K, Min Garbage: 0B
[63.915s][info][gc,ergo       ] GC(140) Collectable Garbage: 128M (98%), Immediate: 512K (0%), CSet: 128M (98%)
[63.918s][info][gc,ergo       ] GC(140) Pacer for Evacuation. Used CSet: 138M, Free: 216M, Non-Taxable: 22118K, Alloc Tax Rate: 1.6x
[63.918s][info][gc            ] GC(140) Pause Final Mark (process weakrefs) 4.203ms
[63.918s][info][gc,start      ] GC(140) Concurrent cleanup
[63.918s][info][gc            ] GC(140) Concurrent cleanup 258M->257M(273M) 0.121ms
[63.918s][info][gc,ergo       ] GC(140) Free: 216M, Max: 256K regular, 206M humongous, Frag: 5% external, 0% internal; Reserve: 25600K, Max: 256K
[63.918s][info][gc,start      ] GC(140) Concurrent evacuation
[63.918s][info][gc,task       ] GC(140) Using 1 of 1 workers for concurrent evacuation
[63.950s][info][gc            ] GC(140) Concurrent evacuation 31.323ms
[63.953s][info][gc,start      ] GC(140) Pause Init Update Refs
[63.953s][info][gc,ergo       ] GC(140) Pacer for Update Refs. Used: 290M, Free: 194M, Non-Taxable: 19865K, Alloc Tax Rate: 1.8x
[63.953s][info][gc            ] GC(140) Pause Init Update Refs 0.032ms
[63.953s][info][gc,start      ] GC(140) Concurrent update references
[63.953s][info][gc,task       ] GC(140) Using 1 of 1 workers for concurrent reference update
[64.097s][info][gc            ] GC(140) Concurrent update references 144.055ms
[64.100s][info][gc,start      ] GC(140) Pause Final Update Refs
[64.100s][info][gc,task       ] GC(140) Using 1 of 1 workers for final reference update
[64.100s][info][gc            ] GC(140) Pause Final Update Refs 0.526ms
[64.100s][info][gc,start      ] GC(140) Concurrent cleanup
[64.100s][info][gc            ] GC(140) Concurrent cleanup 383M->244M(386M) 0.061ms
[64.100s][info][gc,ergo       ] Free: 229M, Max: 256K regular, 92928K humongous, Frag: 61% external, 0% internal; Reserve: 25600K, Max: 256K
[64.100s][info][gc,stats      ] 
[64.100s][info][gc,stats      ] All times are wall-clock times, except per-root-class counters, that are sum over
[64.100s][info][gc,stats      ] all workers. Dividing the <total> over the root stage time estimates parallelism.
[64.100s][info][gc,stats      ] 
[64.100s][info][gc,stats      ] Concurrent Reset                    347 us
[64.100s][info][gc,stats      ] Pause Init Mark (G)                5761 us
[64.100s][info][gc,stats      ] Pause Init Mark (N)                3060 us
[64.100s][info][gc,stats      ]   Accumulate Stats                   36 us
[64.100s][info][gc,stats      ]   Make Parsable                      21 us
[64.100s][info][gc,stats      ]   Update Region States               64 us
[64.100s][info][gc,stats      ]   Scan Roots                       2832 us, parallelism: 0.86x
[64.100s][info][gc,stats      ]     S: <total>                     2444 us
[64.100s][info][gc,stats      ]     S: Thread Roots                1216 us, workers (us): 1216, 
[64.100s][info][gc,stats      ]     S: Universe Roots                 4 us, workers (us):   4, 
[64.100s][info][gc,stats      ]     S: JNI Handles Roots              3 us, workers (us):   3, 
[64.100s][info][gc,stats      ]     S: Synchronizer Roots             0 us, workers (us):   0, 
[64.100s][info][gc,stats      ]     S: Management Roots               2 us, workers (us):   2, 
[64.100s][info][gc,stats      ]     S: System Dict Roots             21 us, workers (us):  21, 
[64.100s][info][gc,stats      ]     S: CLDG Roots                  1196 us, workers (us): 1196, 
[64.100s][info][gc,stats      ]     S: JVMTI Roots                    1 us, workers (us):   1, 
[64.100s][info][gc,stats      ]   Resize TLABs                       30 us
[64.100s][info][gc,stats      ] Concurrent Marking               101074 us
[64.100s][info][gc,stats      ] Concurrent Precleaning             3663 us
[64.100s][info][gc,stats      ] Pause Final Mark (G)               7376 us
[64.100s][info][gc,stats      ] Pause Final Mark (N)               4166 us
[64.100s][info][gc,stats      ]   Finish Queues                      34 us
[64.100s][info][gc,stats      ]   Weak References                   102 us
[64.100s][info][gc,stats      ]     Process                          97 us
[64.100s][info][gc,stats      ]   System Purge                      443 us
[64.100s][info][gc,stats      ]     Weak Roots                      442 us
[64.100s][info][gc,stats      ]   Update Region States               48 us
[64.100s][info][gc,stats      ]   Retire TLABs                       23 us
[64.100s][info][gc,stats      ]   Choose Collection Set             227 us
[64.100s][info][gc,stats      ]   Rebuild Free Set                   14 us
[64.100s][info][gc,stats      ]   Initial Evacuation               3255 us, parallelism: 0.68x
[64.100s][info][gc,stats      ]     E: <total>                     2205 us
[64.100s][info][gc,stats      ]     E: Thread Roots                1210 us, workers (us): 1210, 
[64.100s][info][gc,stats      ]     E: Code Cache Roots             234 us, workers (us): 234, 
[64.100s][info][gc,stats      ]     E: Universe Roots                 2 us, workers (us):   2, 
[64.100s][info][gc,stats      ]     E: JNI Handles Roots              1 us, workers (us):   1, 
[64.100s][info][gc,stats      ]     E: Synchronizer Roots             0 us, workers (us):   0, 
[64.100s][info][gc,stats      ]     E: Management Roots               1 us, workers (us):   1, 
[64.101s][info][gc,stats      ]     E: System Dict Roots             14 us, workers (us):  14, 
[64.101s][info][gc,stats      ]     E: CLDG Roots                   741 us, workers (us): 741, 
[64.101s][info][gc,stats      ]     E: JVMTI Roots                    1 us, workers (us):   1, 
[64.101s][info][gc,stats      ] Concurrent Cleanup                  100 us
[64.101s][info][gc,stats      ] Concurrent Evacuation             31305 us
[64.101s][info][gc,stats      ] Pause Init  Update Refs (G)        2993 us
[64.101s][info][gc,stats      ] Pause Init  Update Refs (N)          16 us
[64.101s][info][gc,stats      ]   Retire GCLABs                       9 us
[64.101s][info][gc,stats      ] Concurrent Update Refs           144041 us
[64.101s][info][gc,stats      ] Pause Final Update Refs (G)        3516 us
[64.101s][info][gc,stats      ] Pause Final Update Refs (N)         498 us
[64.101s][info][gc,stats      ]   Update Roots                      451 us, parallelism: 0.98x
[64.101s][info][gc,stats      ]     UR: <total>                     443 us
[64.101s][info][gc,stats      ]     UR: Thread Roots                443 us, workers (us): 443, 
[64.101s][info][gc,stats      ]   Update Region States               27 us
[64.101s][info][gc,stats      ]   Trash Collection Set                4 us
[64.101s][info][gc,stats      ]   Rebuild Free Set                    7 us
[64.101s][info][gc,stats      ] Concurrent Cleanup                   54 us
[64.101s][info][gc,stats      ] 
[64.101s][info][gc,stats      ] Allocation pacing accrued:
[64.101s][info][gc,stats      ]       0 of   303 ms (  0.0%): <total>
[64.101s][info][gc,stats      ]       0 of   303 ms (  0.0%): <average total>
[64.101s][info][gc,stats      ] 
[64.101s][info][gc,metaspace  ] Metaspace: 60473K->60473K(1103872K)
[64.101s][info][gc,ergo       ] Pacer for Idle. Initial: 10240K, Alloc Tax Rate: 1.0x
[64.102s][info][gc            ] Trigger: Learning 5 of 5. Free (225M) is below initial threshold (350M)
[64.103s][info][gc,ergo       ] Free: 225M, Max: 256K regular, 92928K humongous, Frag: 60% external, 0% internal; Reserve: 25600K, Max: 256K
[64.103s][info][gc,start      ] GC(141) Concurrent reset
[64.103s][info][gc,task       ] GC(141) Using 1 of 1 workers for concurrent reset
[64.103s][info][gc,ergo       ] GC(141) Pacer for Reset. Non-Taxable: 500M
[64.104s][info][gc            ] GC(141) Concurrent reset 1.187ms
[64.107s][info][gc,start      ] GC(141) Pause Init Mark
[64.107s][info][gc,task       ] GC(141) Using 1 of 1 workers for init marking
[64.108s][info][gc,ergo       ] GC(141) Pacer for Mark. Expected Live: 32506K, Free: 223M, Non-Taxable: 22835K, Alloc Tax Rate: 0.2x
[64.108s][info][gc            ] GC(141) Pause Init Mark 1.485ms
[64.108s][info][gc,start      ] GC(141) Concurrent marking
[64.108s][info][gc,task       ] GC(141) Using 1 of 1 workers for concurrent marking
[64.251s][info][gc            ] GC(141) Concurrent marking 142.723ms
[64.251s][info][gc,start      ] GC(141) Pause Final Mark
[64.252s][info][gc,task       ] GC(141) Using 1 of 1 workers for final marking
[64.252s][info][gc,ergo       ] GC(141) Adaptive CSet Selection. Target Free: 72533K, Actual Free: 184M, Max CSet: 21333K, Min Garbage: 0B
[64.253s][info][gc,ergo       ] GC(141) Collectable Garbage: 186M (99%), Immediate: 1024K (0%), CSet: 185M (98%)
[64.255s][info][gc,ergo       ] GC(141) Pacer for Evacuation. Used CSet: 200M, Free: 159M, Non-Taxable: 16358K, Alloc Tax Rate: 3.1x
[64.255s][info][gc            ] GC(141) Pause Final Mark 3.185ms
[64.255s][info][gc,start      ] GC(141) Concurrent cleanup
[64.255s][info][gc            ] GC(141) Concurrent cleanup 315M->314M(386M) 0.043ms
[64.255s][info][gc,ergo       ] GC(141) Free: 159M, Max: 256K regular, 92928K humongous, Frag: 44% external, 1% internal; Reserve: 25597K, Max: 256K
[64.255s][info][gc,start      ] GC(141) Concurrent evacuation
[64.255s][info][gc,task       ] GC(141) Using 1 of 1 workers for concurrent evacuation
[64.299s][info][gc            ] GC(141) Concurrent evacuation 44.562ms
[64.302s][info][gc,start      ] GC(141) Pause Init Update Refs
[64.302s][info][gc,ergo       ] GC(141) Pacer for Update Refs. Used: 373M, Free: 115M, Non-Taxable: 11827K, Alloc Tax Rate: 4.0x
[64.302s][info][gc            ] GC(141) Pause Init Update Refs 0.038ms
[64.302s][info][gc,start      ] GC(141) Concurrent update references
[64.302s][info][gc,task       ] GC(141) Using 1 of 1 workers for concurrent reference update
[64.449s][info][gc            ] GC(141) Concurrent update references 146.247ms
[64.452s][info][gc,start      ] GC(141) Pause Final Update Refs
[64.452s][info][gc,task       ] GC(141) Using 1 of 1 workers for final reference update
[64.453s][info][gc            ] GC(141) Pause Final Update Refs 0.632ms
[64.453s][info][gc,start      ] GC(141) Concurrent cleanup
[64.453s][info][gc            ] GC(141) Concurrent cleanup 464M->264M(466M) 0.076ms
[64.453s][info][gc,ergo       ] Free: 209M, Max: 256K regular, 105M humongous, Frag: 50% external, 1% internal; Reserve: 25600K, Max: 256K
[64.453s][info][gc,stats      ] 
[64.453s][info][gc,stats      ] All times are wall-clock times, except per-root-class counters, that are sum over
[64.453s][info][gc,stats      ] all workers. Dividing the <total> over the root stage time estimates parallelism.
[64.453s][info][gc,stats      ] 
[64.453s][info][gc,stats      ] Concurrent Reset                   1178 us
[64.453s][info][gc,stats      ] Pause Init Mark (G)                4490 us
[64.453s][info][gc,stats      ] Pause Init Mark (N)                1464 us
[64.453s][info][gc,stats      ]   Accumulate Stats                   18 us
[64.453s][info][gc,stats      ]   Make Parsable                      13 us
[64.453s][info][gc,stats      ]   Update Region States               22 us
[64.453s][info][gc,stats      ]   Scan Roots                       1361 us, parallelism: 0.80x
[64.453s][info][gc,stats      ]     S: <total>                     1090 us
[64.453s][info][gc,stats      ]     S: Thread Roots                 526 us, workers (us): 526, 
[64.453s][info][gc,stats      ]     S: Universe Roots                 3 us, workers (us):   3, 
[64.453s][info][gc,stats      ]     S: JNI Handles Roots              2 us, workers (us):   2, 
[64.453s][info][gc,stats      ]     S: Synchronizer Roots             0 us, workers (us):   0, 
[64.453s][info][gc,stats      ]     S: Management Roots               2 us, workers (us):   2, 
[64.453s][info][gc,stats      ]     S: System Dict Roots             10 us, workers (us):  10, 
[64.453s][info][gc,stats      ]     S: CLDG Roots                   548 us, workers (us): 548, 
[64.453s][info][gc,stats      ]     S: JVMTI Roots                    1 us, workers (us):   1, 
[64.453s][info][gc,stats      ]   Resize TLABs                       15 us
[64.453s][info][gc,stats      ] Concurrent Marking               142712 us
[64.453s][info][gc,stats      ] Pause Final Mark (G)               3577 us
[64.453s][info][gc,stats      ] Pause Final Mark (N)               3153 us
[64.453s][info][gc,stats      ]   Finish Queues                      41 us
[64.453s][info][gc,stats      ]   System Purge                      662 us
[64.453s][info][gc,stats      ]     Weak Roots                      661 us
[64.453s][info][gc,stats      ]   Update Region States               83 us
[64.453s][info][gc,stats      ]   Retire TLABs                       47 us
[64.453s][info][gc,stats      ]   Choose Collection Set             300 us
[64.453s][info][gc,stats      ]   Rebuild Free Set                    7 us
[64.453s][info][gc,stats      ]   Initial Evacuation               1994 us, parallelism: 0.63x
[64.453s][info][gc,stats      ]     E: <total>                     1266 us
[64.453s][info][gc,stats      ]     E: Thread Roots                 495 us, workers (us): 495, 
[64.453s][info][gc,stats      ]     E: Code Cache Roots             255 us, workers (us): 255, 
[64.453s][info][gc,stats      ]     E: Universe Roots                 1 us, workers (us):   1, 
[64.453s][info][gc,stats      ]     E: JNI Handles Roots              1 us, workers (us):   1, 
[64.453s][info][gc,stats      ]     E: Synchronizer Roots             0 us, workers (us):   0, 
[64.453s][info][gc,stats      ]     E: Management Roots               2 us, workers (us):   2, 
[64.453s][info][gc,stats      ]     E: System Dict Roots             10 us, workers (us):  10, 
[64.453s][info][gc,stats      ]     E: CLDG Roots                   500 us, workers (us): 500, 
[64.453s][info][gc,stats      ]     E: JVMTI Roots                    1 us, workers (us):   1, 
[64.453s][info][gc,stats      ] Concurrent Cleanup                   34 us
[64.453s][info][gc,stats      ] Concurrent Evacuation             44550 us
[64.453s][info][gc,stats      ] Pause Init  Update Refs (G)        3032 us
[64.453s][info][gc,stats      ] Pause Init  Update Refs (N)          16 us
[64.453s][info][gc,stats      ]   Retire GCLABs                       9 us
[64.453s][info][gc,stats      ] Concurrent Update Refs           146231 us
[64.453s][info][gc,stats      ] Pause Final Update Refs (G)        4102 us
[64.453s][info][gc,stats      ] Pause Final Update Refs (N)         564 us
[64.453s][info][gc,stats      ]   Update Roots                      512 us, parallelism: 0.97x
[64.453s][info][gc,stats      ]     UR: <total>                     496 us
[64.453s][info][gc,stats      ]     UR: Thread Roots                496 us, workers (us): 496, 
[64.453s][info][gc,stats      ]   Update Region States               30 us
[64.453s][info][gc,stats      ]   Trash Collection Set                4 us
[64.453s][info][gc,stats      ]   Rebuild Free Set                    7 us
[64.453s][info][gc,stats      ] Concurrent Cleanup                   67 us
[64.453s][info][gc,stats      ] Pacing                            68597 us
[64.453s][info][gc,stats      ] 
[64.453s][info][gc,stats      ] Allocation pacing accrued:
[64.453s][info][gc,stats      ]      69 of   353 ms ( 19.5%): Executor task launch worker for task 0.0 in stage 15.0 (TID 15)
[64.453s][info][gc,stats      ]      69 of   353 ms ( 19.5%): <total>
[64.453s][info][gc,stats      ]       0 of   353 ms (  0.1%): <average total>
[64.453s][info][gc,stats      ]      69 of   353 ms ( 19.5%): <average non-zero>
[64.453s][info][gc,stats      ] 
[64.453s][info][gc,metaspace  ] Metaspace: 60473K->60473K(1103872K)
[64.453s][info][gc,ergo       ] Pacer for Idle. Initial: 10240K, Alloc Tax Rate: 1.0x
[64.474s][info][gc            ] Trigger: Average GC time (214.35 ms) is above the time for allocation rate (664 MB/s) to deplete free headroom (139M)
[64.474s][info][gc,ergo       ] Free headroom: 164M (free) - 25600K (spike) - 0B (penalties) = 139M
[64.474s][info][gc,ergo       ] Free: 164M, Max: 256K regular, 105M humongous, Frag: 37% external, 1% internal; Reserve: 25600K, Max: 256K
[64.474s][info][gc,start      ] GC(142) Concurrent reset
[64.474s][info][gc,task       ] GC(142) Using 1 of 1 workers for concurrent reset
[64.474s][info][gc,ergo       ] GC(142) Pacer for Reset. Non-Taxable: 500M
[64.474s][info][gc            ] GC(142) Concurrent reset 0.366ms
[64.477s][info][gc,start      ] GC(142) Pause Init Mark
[64.477s][info][gc,task       ] GC(142) Using 1 of 1 workers for init marking
[64.479s][info][gc,ergo       ] GC(142) Pacer for Mark. Expected Live: 40337K, Free: 164M, Non-Taxable: 16870K, Alloc Tax Rate: 0.3x
[64.479s][info][gc            ] GC(142) Pause Init Mark 1.557ms
[64.479s][info][gc,start      ] GC(142) Concurrent marking
[64.479s][info][gc,task       ] GC(142) Using 1 of 1 workers for concurrent marking
[64.570s][info][gc            ] GC(142) Concurrent marking 91.391ms
[64.570s][info][gc,start      ] GC(142) Pause Final Mark
[64.570s][info][gc,task       ] GC(142) Using 1 of 1 workers for final marking
[64.571s][info][gc,ergo       ] GC(142) Adaptive CSet Selection. Target Free: 72533K, Actual Free: 144M, Max CSet: 21333K, Min Garbage: 0B
[64.571s][info][gc,ergo       ] GC(142) Collectable Garbage: 224M (99%), Immediate: 2048K (0%), CSet: 222M (98%)
[64.573s][info][gc,ergo       ] GC(142) Pacer for Evacuation. Used CSet: 240M, Free: 119M, Non-Taxable: 12262K, Alloc Tax Rate: 4.9x
[64.573s][info][gc            ] GC(142) Pause Final Mark 2.378ms
[64.573s][info][gc,start      ] GC(142) Concurrent cleanup
[64.573s][info][gc            ] GC(142) Concurrent cleanup 356M->354M(466M) 0.042ms
[64.573s][info][gc,ergo       ] GC(142) Free: 119M, Max: 256K regular, 105M humongous, Frag: 13% external, 1% internal; Reserve: 25600K, Max: 256K
[64.573s][info][gc,start      ] GC(142) Concurrent evacuation
[64.573s][info][gc,task       ] GC(142) Using 1 of 1 workers for concurrent evacuation
[64.621s][info][gc            ] GC(142) Concurrent evacuation 47.787ms
[64.624s][info][gc,start      ] GC(142) Pause Init Update Refs
[64.624s][info][gc,ergo       ] GC(142) Pacer for Update Refs. Used: 419M, Free: 73728K, Non-Taxable: 7372K, Alloc Tax Rate: 7.1x
[64.624s][info][gc            ] GC(142) Pause Init Update Refs 0.032ms
[64.624s][info][gc,start      ] GC(142) Concurrent update references
[64.624s][info][gc,task       ] GC(142) Using 1 of 1 workers for concurrent reference update
[64.745s][info][gc            ] GC(142) Concurrent update references 121.619ms
[64.746s][info][gc,start      ] GC(142) Pause Final Update Refs
[64.746s][info][gc,task       ] GC(142) Using 1 of 1 workers for final reference update
[64.746s][info][gc            ] GC(142) Pause Final Update Refs 0.491ms
[64.746s][info][gc,start      ] GC(142) Concurrent cleanup
[64.746s][info][gc            ] GC(142) Concurrent cleanup 478M->237M(484M) 0.075ms
[64.746s][info][gc,ergo       ] Free: 236M, Max: 256K regular, 67072K humongous, Frag: 73% external, 1% internal; Reserve: 25600K, Max: 256K
[64.746s][info][gc,stats      ] 
[64.746s][info][gc,stats      ] All times are wall-clock times, except per-root-class counters, that are sum over
[64.746s][info][gc,stats      ] all workers. Dividing the <total> over the root stage time estimates parallelism.
[64.746s][info][gc,stats      ] 
[64.746s][info][gc,stats      ] Concurrent Reset                    356 us
[64.746s][info][gc,stats      ] Pause Init Mark (G)                4556 us
[64.746s][info][gc,stats      ] Pause Init Mark (N)                1520 us
[64.746s][info][gc,stats      ]   Accumulate Stats                   17 us
[64.746s][info][gc,stats      ]   Make Parsable                      12 us
[64.746s][info][gc,stats      ]   Update Region States               28 us
[64.746s][info][gc,stats      ]   Scan Roots                       1406 us, parallelism: 0.81x
[64.746s][info][gc,stats      ]     S: <total>                     1141 us
[64.746s][info][gc,stats      ]     S: Thread Roots                 564 us, workers (us): 564, 
[64.746s][info][gc,stats      ]     S: Universe Roots                 2 us, workers (us):   2, 
[64.746s][info][gc,stats      ]     S: JNI Handles Roots              2 us, workers (us):   2, 
[64.746s][info][gc,stats      ]     S: Synchronizer Roots             0 us, workers (us):   0, 
[64.746s][info][gc,stats      ]     S: Management Roots               1 us, workers (us):   1, 
[64.746s][info][gc,stats      ]     S: System Dict Roots             11 us, workers (us):  11, 
[64.746s][info][gc,stats      ]     S: CLDG Roots                   560 us, workers (us): 560, 
[64.746s][info][gc,stats      ]     S: JVMTI Roots                    1 us, workers (us):   1, 
[64.746s][info][gc,stats      ]   Resize TLABs                       15 us
[64.746s][info][gc,stats      ] Concurrent Marking                91382 us
[64.746s][info][gc,stats      ] Pause Final Mark (G)               2521 us
[64.746s][info][gc,stats      ] Pause Final Mark (N)               2367 us
[64.746s][info][gc,stats      ]   Finish Queues                      12 us
[64.746s][info][gc,stats      ]   System Purge                      342 us
[64.746s][info][gc,stats      ]     Weak Roots                      342 us
[64.746s][info][gc,stats      ]   Update Region States               26 us
[64.746s][info][gc,stats      ]   Retire TLABs                       19 us
[64.746s][info][gc,stats      ]   Choose Collection Set             141 us
[64.747s][info][gc,stats      ]   Rebuild Free Set                    6 us
[64.747s][info][gc,stats      ]   Initial Evacuation               1813 us, parallelism: 0.67x
[64.747s][info][gc,stats      ]     E: <total>                     1221 us
[64.747s][info][gc,stats      ]     E: Thread Roots                 528 us, workers (us): 528, 
[64.747s][info][gc,stats      ]     E: Code Cache Roots             198 us, workers (us): 198, 
[64.747s][info][gc,stats      ]     E: Universe Roots                 2 us, workers (us):   2, 
[64.747s][info][gc,stats      ]     E: JNI Handles Roots              1 us, workers (us):   1, 
[64.747s][info][gc,stats      ]     E: Synchronizer Roots             0 us, workers (us):   0, 
[64.747s][info][gc,stats      ]     E: Management Roots               1 us, workers (us):   1, 
[64.747s][info][gc,stats      ]     E: System Dict Roots              9 us, workers (us):   9, 
[64.747s][info][gc,stats      ]     E: CLDG Roots                   483 us, workers (us): 483, 
[64.747s][info][gc,stats      ]     E: JVMTI Roots                    0 us, workers (us):   0, 
[64.747s][info][gc,stats      ] Concurrent Cleanup                   34 us
[64.747s][info][gc,stats      ] Concurrent Evacuation             47775 us
[64.747s][info][gc,stats      ] Pause Init  Update Refs (G)        3046 us
[64.747s][info][gc,stats      ] Pause Init  Update Refs (N)          16 us
[64.747s][info][gc,stats      ]   Retire GCLABs                       9 us
[64.747s][info][gc,stats      ] Concurrent Update Refs           121604 us
[64.747s][info][gc,stats      ] Pause Final Update Refs (G)         780 us
[64.747s][info][gc,stats      ] Pause Final Update Refs (N)         480 us
[64.747s][info][gc,stats      ]   Update Roots                      434 us, parallelism: 0.98x
[64.747s][info][gc,stats      ]     UR: <total>                     427 us
[64.747s][info][gc,stats      ]     UR: Thread Roots                427 us, workers (us): 427, 
[64.747s][info][gc,stats      ]   Update Region States               27 us
[64.747s][info][gc,stats      ]   Trash Collection Set                5 us
[64.747s][info][gc,stats      ]   Rebuild Free Set                    7 us
[64.747s][info][gc,stats      ] Concurrent Cleanup                   69 us
[64.747s][info][gc,stats      ] Pacing                           124576 us
[64.747s][info][gc,stats      ] 
[64.747s][info][gc,stats      ] Allocation pacing accrued:
[64.747s][info][gc,stats      ]      13 of   293 ms (  4.4%): Spark Context Cleaner
[64.747s][info][gc,stats      ]     112 of   293 ms ( 38.1%): Executor task launch worker for task 0.0 in stage 15.0 (TID 15)
[64.747s][info][gc,stats      ]     125 of   293 ms ( 42.5%): <total>
[64.747s][info][gc,stats      ]       1 of   293 ms (  0.3%): <average total>
[64.747s][info][gc,stats      ]      62 of   293 ms ( 21.2%): <average non-zero>
[64.747s][info][gc,stats      ] 
[64.747s][info][gc,metaspace  ] Metaspace: 60473K->60473K(1103872K)
[64.747s][info][gc,ergo       ] Pacer for Idle. Initial: 10240K, Alloc Tax Rate: 1.0x
[64.771s][info][gc            ] Trigger: Average GC time (255.74 ms) is above the time for allocation rate (662 MB/s) to deplete free headroom (168M)
[64.771s][info][gc,ergo       ] Free headroom: 193M (free) - 25600K (spike) - 0B (penalties) = 168M
[64.771s][info][gc,ergo       ] Free: 193M, Max: 256K regular, 67072K humongous, Frag: 67% external, 1% internal; Reserve: 25600K, Max: 256K
[64.771s][info][gc,start      ] GC(143) Concurrent reset
[64.771s][info][gc,task       ] GC(143) Using 1 of 1 workers for concurrent reset
[64.771s][info][gc,ergo       ] GC(143) Pacer for Reset. Non-Taxable: 500M
[64.772s][info][gc            ] GC(143) Concurrent reset 0.585ms
[64.774s][info][gc,start      ] GC(143) Pause Init Mark
[64.774s][info][gc,task       ] GC(143) Using 1 of 1 workers for init marking
[64.776s][info][gc,ergo       ] GC(143) Pacer for Mark. Expected Live: 52507K, Free: 193M, Non-Taxable: 19763K, Alloc Tax Rate: 0.3x
[64.776s][info][gc            ] GC(143) Pause Init Mark 1.859ms
[64.776s][info][gc,start      ] GC(143) Concurrent marking
[64.776s][info][gc,task       ] GC(143) Using 1 of 1 workers for concurrent marking
[64.873s][info][gc            ] GC(143) Concurrent marking 97.016ms
[64.873s][info][gc,start      ] GC(143) Pause Final Mark
[64.873s][info][gc,task       ] GC(143) Using 1 of 1 workers for final marking
[64.874s][info][gc,ergo       ] GC(143) Adaptive CSet Selection. Target Free: 72533K, Actual Free: 170M, Max CSet: 21333K, Min Garbage: 0B
[64.874s][info][gc,ergo       ] GC(143) Collectable Garbage: 181M (99%), Immediate: 0B (0%), CSet: 181M (99%)
[64.877s][info][gc,ergo       ] GC(143) Pacer for Evacuation. Used CSet: 196M, Free: 145M, Non-Taxable: 14848K, Alloc Tax Rate: 3.3x
[64.877s][info][gc            ] GC(143) Pause Final Mark 4.195ms
[64.877s][info][gc,start      ] GC(143) Concurrent cleanup
[64.877s][info][gc            ] GC(143) Concurrent cleanup 328M->328M(484M) 0.049ms
[64.877s][info][gc,ergo       ] GC(143) Free: 145M, Max: 256K regular, 67072K humongous, Frag: 55% external, 1% internal; Reserve: 25600K, Max: 256K
[64.877s][info][gc,start      ] GC(143) Concurrent evacuation
[64.877s][info][gc,task       ] GC(143) Using 1 of 1 workers for concurrent evacuation
[64.914s][info][gc            ] GC(143) Concurrent evacuation 36.301ms
[64.917s][info][gc,start      ] GC(143) Pause Init Update Refs
[64.917s][info][gc,ergo       ] GC(143) Pacer for Update Refs. Used: 375M, Free: 113M, Non-Taxable: 11571K, Alloc Tax Rate: 4.1x
[64.917s][info][gc            ] GC(143) Pause Init Update Refs 0.049ms
[64.917s][info][gc,start      ] GC(143) Concurrent update references
[64.917s][info][gc,task       ] GC(143) Using 1 of 1 workers for concurrent reference update
[65.088s][info][gc            ] GC(143) Concurrent update references 170.908ms
[65.088s][info][gc,start      ] GC(143) Pause Final Update Refs
[65.088s][info][gc,task       ] GC(143) Using 1 of 1 workers for final reference update
[65.089s][info][gc            ] GC(143) Pause Final Update Refs 0.631ms
[65.089s][info][gc,start      ] GC(143) Concurrent cleanup
[65.089s][info][gc            ] GC(143) Concurrent cleanup 469M->272M(498M) 0.076ms
[65.089s][info][gc,ergo       ] Free: 201M, Max: 256K regular, 100M humongous, Frag: 51% external, 1% internal; Reserve: 25600K, Max: 256K
[65.089s][info][gc,stats      ] 
[65.089s][info][gc,stats      ] All times are wall-clock times, except per-root-class counters, that are sum over
[65.089s][info][gc,stats      ] all workers. Dividing the <total> over the root stage time estimates parallelism.
[65.089s][info][gc,stats      ] 
[65.089s][info][gc,stats      ] Concurrent Reset                    570 us
[65.089s][info][gc,stats      ] Pause Init Mark (G)                4343 us
[65.089s][info][gc,stats      ] Pause Init Mark (N)                1799 us
[65.089s][info][gc,stats      ]   Accumulate Stats                   21 us
[65.089s][info][gc,stats      ]   Make Parsable                      18 us
[65.089s][info][gc,stats      ]   Update Region States               43 us
[65.089s][info][gc,stats      ]   Scan Roots                       1635 us, parallelism: 0.83x
[65.089s][info][gc,stats      ]     S: <total>                     1357 us
[65.089s][info][gc,stats      ]     S: Thread Roots                 690 us, workers (us): 690, 
[65.089s][info][gc,stats      ]     S: Universe Roots                 2 us, workers (us):   2, 
[65.089s][info][gc,stats      ]     S: JNI Handles Roots              1 us, workers (us):   1, 
[65.089s][info][gc,stats      ]     S: Synchronizer Roots             0 us, workers (us):   0, 
[65.089s][info][gc,stats      ]     S: Management Roots               2 us, workers (us):   2, 
[65.089s][info][gc,stats      ]     S: System Dict Roots             10 us, workers (us):  10, 
[65.089s][info][gc,stats      ]     S: CLDG Roots                   650 us, workers (us): 650, 
[65.089s][info][gc,stats      ]     S: JVMTI Roots                    1 us, workers (us):   1, 
[65.089s][info][gc,stats      ]   Resize TLABs                       21 us
[65.089s][info][gc,stats      ] Concurrent Marking                97006 us
[65.089s][info][gc,stats      ] Pause Final Mark (G)               4371 us
[65.089s][info][gc,stats      ] Pause Final Mark (N)               4184 us
[65.089s][info][gc,stats      ]   Finish Queues                      12 us
[65.089s][info][gc,stats      ]   System Purge                      251 us
[65.089s][info][gc,stats      ]     Weak Roots                      250 us
[65.089s][info][gc,stats      ]   Update Region States               24 us
[65.089s][info][gc,stats      ]   Retire TLABs                       38 us
[65.089s][info][gc,stats      ]   Choose Collection Set             135 us
[65.089s][info][gc,stats      ]   Rebuild Free Set                    6 us
[65.089s][info][gc,stats      ]   Initial Evacuation               3709 us, parallelism: 0.83x
[65.089s][info][gc,stats      ]     E: <total>                     3096 us
[65.089s][info][gc,stats      ]     E: Thread Roots                2248 us, workers (us): 2248, 
[65.089s][info][gc,stats      ]     E: Code Cache Roots             233 us, workers (us): 233, 
[65.089s][info][gc,stats      ]     E: Universe Roots                 1 us, workers (us):   1, 
[65.089s][info][gc,stats      ]     E: JNI Handles Roots              1 us, workers (us):   1, 
[65.089s][info][gc,stats      ]     E: Synchronizer Roots             0 us, workers (us):   0, 
[65.089s][info][gc,stats      ]     E: Management Roots               1 us, workers (us):   1, 
[65.089s][info][gc,stats      ]     E: System Dict Roots              9 us, workers (us):   9, 
[65.089s][info][gc,stats      ]     E: CLDG Roots                   602 us, workers (us): 602, 
[65.089s][info][gc,stats      ]     E: JVMTI Roots                    0 us, workers (us):   0, 
[65.089s][info][gc,stats      ] Concurrent Cleanup                   37 us
[65.089s][info][gc,stats      ] Concurrent Evacuation             36287 us
[65.089s][info][gc,stats      ] Pause Init  Update Refs (G)        3039 us
[65.089s][info][gc,stats      ] Pause Init  Update Refs (N)          16 us
[65.089s][info][gc,stats      ]   Retire GCLABs                       8 us
[65.089s][info][gc,stats      ] Concurrent Update Refs           170892 us
[65.089s][info][gc,stats      ] Pause Final Update Refs (G)         956 us
[65.089s][info][gc,stats      ] Pause Final Update Refs (N)         600 us
[65.089s][info][gc,stats      ]   Update Roots                      546 us, parallelism: 0.97x
[65.089s][info][gc,stats      ]     UR: <total>                     530 us
[65.089s][info][gc,stats      ]     UR: Thread Roots                530 us, workers (us): 530, 
[65.089s][info][gc,stats      ]   Update Region States               32 us
[65.089s][info][gc,stats      ]   Trash Collection Set                4 us
[65.089s][info][gc,stats      ]   Rebuild Free Set                    7 us
[65.089s][info][gc,stats      ] Concurrent Cleanup                   68 us
[65.089s][info][gc,stats      ] Pacing                           120941 us
[65.089s][info][gc,stats      ] 
[65.089s][info][gc,stats      ] Allocation pacing accrued:
[65.089s][info][gc,stats      ]      13 of   343 ms (  3.7%): Spark Context Cleaner
[65.089s][info][gc,stats      ]     108 of   343 ms ( 31.6%): Executor task launch worker for task 0.0 in stage 15.0 (TID 15)
[65.089s][info][gc,stats      ]     121 of   343 ms ( 35.3%): <total>
[65.089s][info][gc,stats      ]       1 of   343 ms (  0.2%): <average total>
[65.089s][info][gc,stats      ]      60 of   343 ms ( 17.6%): <average non-zero>
[65.089s][info][gc,stats      ] 
[65.089s][info][gc,metaspace  ] Metaspace: 60473K->60473K(1103872K)
[65.089s][info][gc,ergo       ] Pacer for Idle. Initial: 10240K, Alloc Tax Rate: 1.0x
[65.096s][info][gc            ] Trigger: Average GC time (289.97 ms) is above the time for allocation rate (569 MB/s) to deplete free headroom (164M)
[65.096s][info][gc,ergo       ] Free headroom: 189M (free) - 25600K (spike) - 0B (penalties) = 164M
[65.096s][info][gc,ergo       ] Free: 189M, Max: 256K regular, 100M humongous, Frag: 48% external, 1% internal; Reserve: 25600K, Max: 256K
[65.096s][info][gc,start      ] GC(144) Concurrent reset
[65.096s][info][gc,task       ] GC(144) Using 1 of 1 workers for concurrent reset
[65.096s][info][gc,ergo       ] GC(144) Pacer for Reset. Non-Taxable: 500M
[65.097s][info][gc            ] GC(144) Concurrent reset 0.431ms
[65.100s][info][gc,start      ] GC(144) Pause Init Mark
[65.100s][info][gc,task       ] GC(144) Using 1 of 1 workers for init marking
[65.101s][info][gc,ergo       ] GC(144) Pacer for Mark. Expected Live: 66559K, Free: 189M, Non-Taxable: 19404K, Alloc Tax Rate: 0.4x
[65.101s][info][gc            ] GC(144) Pause Init Mark 1.523ms
[65.101s][info][gc,start      ] GC(144) Concurrent marking
[65.101s][info][gc,task       ] GC(144) Using 1 of 1 workers for concurrent marking
[65.228s][info][gc            ] GC(144) Concurrent marking 126.445ms
[65.228s][info][gc,start      ] GC(144) Pause Final Mark
[65.228s][info][gc,task       ] GC(144) Using 1 of 1 workers for final marking
[65.229s][info][gc,ergo       ] GC(144) Adaptive CSet Selection. Target Free: 72533K, Actual Free: 163M, Max CSet: 21333K, Min Garbage: 0B
[65.229s][info][gc,ergo       ] GC(144) Collectable Garbage: 171M (98%), Immediate: 0B (0%), CSet: 171M (98%)
[65.231s][info][gc,ergo       ] GC(144) Pacer for Evacuation. Used CSet: 185M, Free: 138M, Non-Taxable: 14182K, Alloc Tax Rate: 3.3x
[65.231s][info][gc            ] GC(144) Pause Final Mark 2.942ms
[65.231s][info][gc,start      ] GC(144) Concurrent cleanup
[65.231s][info][gc            ] GC(144) Concurrent cleanup 335M->335M(498M) 0.052ms
[65.231s][info][gc,ergo       ] GC(144) Free: 138M, Max: 256K regular, 100M humongous, Frag: 28% external, 1% internal; Reserve: 25600K, Max: 256K
[65.231s][info][gc,start      ] GC(144) Concurrent evacuation
[65.231s][info][gc,task       ] GC(144) Using 1 of 1 workers for concurrent evacuation
[65.271s][info][gc            ] GC(144) Concurrent evacuation 39.915ms
[65.274s][info][gc,start      ] GC(144) Pause Init Update Refs
[65.274s][info][gc,ergo       ] GC(144) Pacer for Update Refs. Used: 378M, Free: 109M, Non-Taxable: 11187K, Alloc Tax Rate: 4.2x
[65.274s][info][gc            ] GC(144) Pause Init Update Refs 0.047ms
[65.274s][info][gc,start      ] GC(144) Concurrent update references
[65.274s][info][gc,task       ] GC(144) Using 1 of 1 workers for concurrent reference update
[65.596s][info][gc            ] GC(144) Concurrent update references 321.564ms
[65.599s][info][gc,start      ] GC(144) Pause Final Update Refs
[65.599s][info][gc,task       ] GC(144) Using 1 of 1 workers for final reference update
[65.600s][info][gc            ] GC(144) Pause Final Update Refs 0.551ms
[65.600s][info][gc,start      ] GC(144) Concurrent cleanup
[65.600s][info][gc            ] GC(144) Concurrent cleanup 452M->267M(500M) 0.071ms
[65.600s][info][gc,ergo       ] Free: 205M, Max: 256K regular, 67072K humongous, Frag: 68% external, 4% internal; Reserve: 25600K, Max: 256K
[65.600s][info][gc,stats      ] 
[65.600s][info][gc,stats      ] All times are wall-clock times, except per-root-class counters, that are sum over
[65.600s][info][gc,stats      ] all workers. Dividing the <total> over the root stage time estimates parallelism.
[65.600s][info][gc,stats      ] 
[65.600s][info][gc,stats      ] Concurrent Reset                    421 us
[65.600s][info][gc,stats      ] Pause Init Mark (G)                4566 us
[65.600s][info][gc,stats      ] Pause Init Mark (N)                1490 us
[65.600s][info][gc,stats      ]   Accumulate Stats                   18 us
[65.600s][info][gc,stats      ]   Make Parsable                      14 us
[65.600s][info][gc,stats      ]   Update Region States               25 us
[65.600s][info][gc,stats      ]   Scan Roots                       1384 us, parallelism: 0.79x
[65.600s][info][gc,stats      ]     S: <total>                     1100 us
[65.600s][info][gc,stats      ]     S: Thread Roots                 535 us, workers (us): 535, 
[65.600s][info][gc,stats      ]     S: Universe Roots                 2 us, workers (us):   2, 
[65.600s][info][gc,stats      ]     S: JNI Handles Roots              2 us, workers (us):   2, 
[65.600s][info][gc,stats      ]     S: Synchronizer Roots             0 us, workers (us):   0, 
[65.600s][info][gc,stats      ]     S: Management Roots               2 us, workers (us):   2, 
[65.600s][info][gc,stats      ]     S: System Dict Roots             11 us, workers (us):  11, 
[65.600s][info][gc,stats      ]     S: CLDG Roots                   547 us, workers (us): 547, 
[65.600s][info][gc,stats      ]     S: JVMTI Roots                    1 us, workers (us):   1, 
[65.600s][info][gc,stats      ]   Resize TLABs                       14 us
[65.600s][info][gc,stats      ] Concurrent Marking               126435 us
[65.600s][info][gc,stats      ] Pause Final Mark (G)               3131 us
[65.600s][info][gc,stats      ] Pause Final Mark (N)               2918 us
[65.600s][info][gc,stats      ]   Finish Queues                      23 us
[65.600s][info][gc,stats      ]   System Purge                      336 us
[65.600s][info][gc,stats      ]     Weak Roots                      336 us
[65.600s][info][gc,stats      ]   Update Region States               33 us
[65.600s][info][gc,stats      ]   Retire TLABs                       22 us
[65.600s][info][gc,stats      ]   Choose Collection Set             160 us
[65.600s][info][gc,stats      ]   Rebuild Free Set                    8 us
[65.600s][info][gc,stats      ]   Initial Evacuation               2325 us, parallelism: 0.69x
[65.600s][info][gc,stats      ]     E: <total>                     1609 us
[65.600s][info][gc,stats      ]     E: Thread Roots                 718 us, workers (us): 718, 
[65.600s][info][gc,stats      ]     E: Code Cache Roots             347 us, workers (us): 347, 
[65.600s][info][gc,stats      ]     E: Universe Roots                 1 us, workers (us):   1, 
[65.600s][info][gc,stats      ]     E: JNI Handles Roots              1 us, workers (us):   1, 
[65.600s][info][gc,stats      ]     E: Synchronizer Roots             0 us, workers (us):   0, 
[65.600s][info][gc,stats      ]     E: Management Roots               2 us, workers (us):   2, 
[65.600s][info][gc,stats      ]     E: System Dict Roots             10 us, workers (us):  10, 
[65.600s][info][gc,stats      ]     E: CLDG Roots                   529 us, workers (us): 529, 
[65.600s][info][gc,stats      ]     E: JVMTI Roots                    1 us, workers (us):   1, 
[65.600s][info][gc,stats      ] Concurrent Cleanup                   40 us
[65.600s][info][gc,stats      ] Concurrent Evacuation             39901 us
[65.600s][info][gc,stats      ] Pause Init  Update Refs (G)        3262 us
[65.600s][info][gc,stats      ] Pause Init  Update Refs (N)          18 us
[65.600s][info][gc,stats      ]   Retire GCLABs                       8 us
[65.600s][info][gc,stats      ] Concurrent Update Refs           321548 us
[65.600s][info][gc,stats      ] Pause Final Update Refs (G)        3713 us
[65.600s][info][gc,stats      ] Pause Final Update Refs (N)         516 us
[65.600s][info][gc,stats      ]   Update Roots                      463 us, parallelism: 0.97x
[65.600s][info][gc,stats      ]     UR: <total>                     450 us
[65.600s][info][gc,stats      ]     UR: Thread Roots                450 us, workers (us): 450, 
[65.600s][info][gc,stats      ]   Update Region States               32 us
[65.600s][info][gc,stats      ]   Trash Collection Set                4 us
[65.600s][info][gc,stats      ]   Rebuild Free Set                    8 us
[65.600s][info][gc,stats      ] Concurrent Cleanup                   63 us
[65.600s][info][gc,stats      ] Pacing                            84863 us
[65.600s][info][gc,stats      ] 
[65.600s][info][gc,stats      ] Allocation pacing accrued:
[65.600s][info][gc,stats      ]      85 of   511 ms ( 16.6%): Executor task launch worker for task 0.0 in stage 16.0 (TID 16)
[65.600s][info][gc,stats      ]      85 of   511 ms ( 16.6%): <total>
[65.600s][info][gc,stats      ]       1 of   511 ms (  0.1%): <average total>
[65.600s][info][gc,stats      ]      85 of   511 ms ( 16.6%): <average non-zero>
[65.600s][info][gc,stats      ] 
[65.600s][info][gc,metaspace  ] Metaspace: 60473K->60640K(1103872K)
[65.600s][info][gc,ergo       ] Pacer for Idle. Initial: 10240K, Alloc Tax Rate: 1.0x
[65.631s][info][gc            ] Trigger: Average GC time (349.00 ms) is above the time for allocation rate (383 MB/s) to deplete free headroom (131M)
[65.631s][info][gc,ergo       ] Free headroom: 156M (free) - 25600K (spike) - 0B (penalties) = 131M
[65.631s][info][gc,ergo       ] Free: 156M, Max: 256K regular, 67072K humongous, Frag: 58% external, 6% internal; Reserve: 25600K, Max: 256K
[65.631s][info][gc,start      ] GC(145) Concurrent reset
[65.631s][info][gc,task       ] GC(145) Using 1 of 1 workers for concurrent reset
[65.631s][info][gc,ergo       ] GC(145) Pacer for Reset. Non-Taxable: 500M
[65.632s][info][gc            ] GC(145) Concurrent reset 0.451ms
[65.634s][info][gc,start      ] GC(145) Pause Init Mark (process weakrefs)
[65.634s][info][gc,task       ] GC(145) Using 1 of 1 workers for init marking
[65.635s][info][gc,ergo       ] GC(145) Pacer for Mark. Expected Live: 82004K, Free: 156M, Non-Taxable: 16029K, Alloc Tax Rate: 0.6x
[65.635s][info][gc            ] GC(145) Pause Init Mark (process weakrefs) 1.605ms
[65.635s][info][gc,start      ] GC(145) Concurrent marking (process weakrefs)
[65.635s][info][gc,task       ] GC(145) Using 1 of 1 workers for concurrent marking
[65.682s][info][gc            ] GC(145) Concurrent marking (process weakrefs) 46.673ms
[65.682s][info][gc,start      ] GC(145) Concurrent precleaning
[65.682s][info][gc,task       ] GC(145) Using 1 of 1 workers for concurrent preclean
[65.682s][info][gc,ergo       ] GC(145) Pacer for Precleaning. Non-Taxable: 500M
[65.683s][info][gc            ] GC(145) Concurrent precleaning 0.568ms
[65.683s][info][gc,start      ] GC(145) Pause Final Mark (process weakrefs)
[65.683s][info][gc,task       ] GC(145) Using 1 of 1 workers for final marking
[65.683s][info][gc,ergo       ] GC(145) Adaptive CSet Selection. Target Free: 72533K, Actual Free: 358M, Max CSet: 21333K, Min Garbage: 0B
[65.683s][info][gc,ergo       ] GC(145) Collectable Garbage: 284M (99%), Immediate: 201M (70%), CSet: 84862K (28%)
[65.686s][info][gc,ergo       ] GC(145) Pacer for Evacuation. Used CSet: 90914K, Free: 335M, Non-Taxable: 34329K, Alloc Tax Rate: 1.1x
[65.686s][info][gc            ] GC(145) Pause Final Mark (process weakrefs) 2.901ms
[65.686s][info][gc,start      ] GC(145) Concurrent cleanup
[65.686s][info][gc            ] GC(145) Concurrent cleanup 339M->138M(500M) 0.089ms
[65.686s][info][gc,ergo       ] GC(145) Free: 335M, Max: 256K regular, 147M humongous, Frag: 57% external, 0% internal; Reserve: 25569K, Max: 256K
[65.686s][info][gc,start      ] GC(145) Concurrent evacuation
[65.686s][info][gc,task       ] GC(145) Using 1 of 1 workers for concurrent evacuation
[65.705s][info][gc            ] GC(145) Concurrent evacuation 18.961ms
[65.714s][info][gc,start      ] GC(145) Pause Init Update Refs
[65.714s][info][gc,ergo       ] GC(145) Pacer for Update Refs. Used: 155M, Free: 324M, Non-Taxable: 33203K, Alloc Tax Rate: 1.1x
[65.714s][info][gc            ] GC(145) Pause Init Update Refs 0.056ms
[65.714s][info][gc,start      ] GC(145) Concurrent update references
[65.714s][info][gc,task       ] GC(145) Using 1 of 1 workers for concurrent reference update
[65.792s][info][gc            ] GC(145) Concurrent update references 77.760ms
[65.796s][info][gc,start      ] GC(145) Pause Final Update Refs
[65.796s][info][gc,task       ] GC(145) Using 1 of 1 workers for final reference update
[65.796s][info][gc            ] GC(145) Pause Final Update Refs 0.561ms
[65.796s][info][gc,start      ] GC(145) Concurrent cleanup
[65.796s][info][gc            ] GC(145) Concurrent cleanup 207M->118M(500M) 0.073ms
[65.796s][info][gc,ergo       ] Free: 355M, Max: 256K regular, 307M humongous, Frag: 14% external, 0% internal; Reserve: 25600K, Max: 256K
[65.796s][info][gc,stats      ] 
[65.796s][info][gc,stats      ] All times are wall-clock times, except per-root-class counters, that are sum over
[65.796s][info][gc,stats      ] all workers. Dividing the <total> over the root stage time estimates parallelism.
[65.797s][info][gc,stats      ] 
[65.797s][info][gc,stats      ] Concurrent Reset                    440 us
[65.797s][info][gc,stats      ] Pause Init Mark (G)                3896 us
[65.797s][info][gc,stats      ] Pause Init Mark (N)                1566 us
[65.797s][info][gc,stats      ]   Accumulate Stats                   18 us
[65.797s][info][gc,stats      ]   Make Parsable                      15 us
[65.797s][info][gc,stats      ]   Update Region States              103 us
[65.797s][info][gc,stats      ]   Scan Roots                       1369 us, parallelism: 0.80x
[65.797s][info][gc,stats      ]     S: <total>                     1096 us
[65.797s][info][gc,stats      ]     S: Thread Roots                 523 us, workers (us): 523, 
[65.797s][info][gc,stats      ]     S: Universe Roots                 3 us, workers (us):   3, 
[65.797s][info][gc,stats      ]     S: JNI Handles Roots              2 us, workers (us):   2, 
[65.797s][info][gc,stats      ]     S: Synchronizer Roots             0 us, workers (us):   0, 
[65.797s][info][gc,stats      ]     S: Management Roots               2 us, workers (us):   2, 
[65.797s][info][gc,stats      ]     S: System Dict Roots             12 us, workers (us):  12, 
[65.797s][info][gc,stats      ]     S: CLDG Roots                   554 us, workers (us): 554, 
[65.797s][info][gc,stats      ]     S: JVMTI Roots                    1 us, workers (us):   1, 
[65.797s][info][gc,stats      ]   Resize TLABs                       13 us
[65.797s][info][gc,stats      ] Concurrent Marking                46663 us
[65.797s][info][gc,stats      ] Concurrent Precleaning              559 us
[65.797s][info][gc,stats      ] Pause Final Mark (G)               3135 us
[65.797s][info][gc,stats      ] Pause Final Mark (N)               2883 us
[65.797s][info][gc,stats      ]   Finish Queues                      22 us
[65.797s][info][gc,stats      ]   Weak References                    25 us
[65.797s][info][gc,stats      ]     Process                          23 us
[65.797s][info][gc,stats      ]   System Purge                      324 us
[65.797s][info][gc,stats      ]     Weak Roots                      324 us
[65.797s][info][gc,stats      ]   Update Region States               32 us
[65.797s][info][gc,stats      ]   Retire TLABs                       15 us
[65.797s][info][gc,stats      ]   Choose Collection Set             104 us
[65.797s][info][gc,stats      ]   Rebuild Free Set                   10 us
[65.797s][info][gc,stats      ]   Initial Evacuation               2343 us, parallelism: 0.66x
[65.797s][info][gc,stats      ]     E: <total>                     1550 us
[65.797s][info][gc,stats      ]     E: Thread Roots                 553 us, workers (us): 553, 
[65.797s][info][gc,stats      ]     E: Code Cache Roots             428 us, workers (us): 428, 
[65.797s][info][gc,stats      ]     E: Universe Roots                 3 us, workers (us):   3, 
[65.797s][info][gc,stats      ]     E: JNI Handles Roots              1 us, workers (us):   1, 
[65.797s][info][gc,stats      ]     E: Synchronizer Roots             0 us, workers (us):   0, 
[65.797s][info][gc,stats      ]     E: Management Roots               1 us, workers (us):   1, 
[65.797s][info][gc,stats      ]     E: System Dict Roots             13 us, workers (us):  13, 
[65.797s][info][gc,stats      ]     E: CLDG Roots                   549 us, workers (us): 549, 
[65.797s][info][gc,stats      ]     E: JVMTI Roots                    1 us, workers (us):   1, 
[65.797s][info][gc,stats      ] Concurrent Cleanup                   77 us
[65.797s][info][gc,stats      ] Concurrent Evacuation             18947 us
[65.797s][info][gc,stats      ] Pause Init  Update Refs (G)        9360 us
[65.797s][info][gc,stats      ] Pause Init  Update Refs (N)          18 us
[65.797s][info][gc,stats      ]   Retire GCLABs                      10 us
[65.797s][info][gc,stats      ] Concurrent Update Refs            77743 us
[65.797s][info][gc,stats      ] Pause Final Update Refs (G)        4131 us
[65.797s][info][gc,stats      ] Pause Final Update Refs (N)         530 us
[65.797s][info][gc,stats      ]   Update Roots                      478 us, parallelism: 0.98x
[65.797s][info][gc,stats      ]     UR: <total>                     466 us
[65.797s][info][gc,stats      ]     UR: Thread Roots                466 us, workers (us): 466, 
[65.797s][info][gc,stats      ]   Update Region States               31 us
[65.797s][info][gc,stats      ]   Trash Collection Set                3 us
[65.797s][info][gc,stats      ]   Rebuild Free Set                    8 us
[65.797s][info][gc,stats      ] Concurrent Cleanup                   54 us
[65.797s][info][gc,stats      ] Pacing                            18566 us
[65.797s][info][gc,stats      ] 
[65.797s][info][gc,stats      ] Allocation pacing accrued:
[65.797s][info][gc,stats      ]      19 of   197 ms (  9.4%): Executor task launch worker for task 0.0 in stage 16.0 (TID 16)
[65.797s][info][gc,stats      ]      19 of   197 ms (  9.4%): <total>
[65.797s][info][gc,stats      ]       0 of   197 ms (  0.1%): <average total>
[65.797s][info][gc,stats      ]      19 of   197 ms (  9.4%): <average non-zero>
[65.797s][info][gc,stats      ] 
[65.797s][info][gc,metaspace  ] Metaspace: 60640K->60653K(1103872K)
[65.797s][info][gc,ergo       ] Pacer for Idle. Initial: 10240K, Alloc Tax Rate: 1.0x
[65.840s][info][gc            ] Trigger: Average GC time (321.94 ms) is above the time for allocation rate (796 MB/s) to deplete free headroom (251M)
[65.840s][info][gc,ergo       ] Free headroom: 276M (free) - 25600K (spike) - 0B (penalties) = 251M
[65.840s][info][gc,ergo       ] Free: 276M, Max: 256K regular, 276M humongous, Frag: 0% external, 0% internal; Reserve: 25600K, Max: 256K
[65.840s][info][gc,start      ] GC(146) Concurrent reset
[65.840s][info][gc,task       ] GC(146) Using 1 of 1 workers for concurrent reset
[65.840s][info][gc,ergo       ] GC(146) Pacer for Reset. Non-Taxable: 500M
[65.840s][info][gc            ] GC(146) Concurrent reset 0.203ms
[65.843s][info][gc,start      ] GC(146) Pause Init Mark
[65.843s][info][gc,task       ] GC(146) Using 1 of 1 workers for init marking
[65.844s][info][gc,ergo       ] GC(146) Pacer for Mark. Expected Live: 78483K, Free: 276M, Non-Taxable: 28262K, Alloc Tax Rate: 0.3x
[65.844s][info][gc            ] GC(146) Pause Init Mark 1.622ms
[65.844s][info][gc,start      ] GC(146) Concurrent marking
[65.844s][info][gc,task       ] GC(146) Using 1 of 1 workers for concurrent marking
[65.911s][info][gc            ] GC(146) Concurrent marking 66.755ms
[65.911s][info][gc,start      ] GC(146) Pause Final Mark
[65.911s][info][gc,task       ] GC(146) Using 1 of 1 workers for final marking
[65.912s][info][gc,ergo       ] GC(146) Adaptive CSet Selection. Target Free: 72533K, Actual Free: 256M, Max CSet: 21333K, Min Garbage: 0B
[65.912s][info][gc,ergo       ] GC(146) Collectable Garbage: 153M (98%), Immediate: 768K (0%), CSet: 152M (98%)
[65.914s][info][gc,ergo       ] GC(146) Pacer for Evacuation. Used CSet: 164M, Free: 231M, Non-Taxable: 23731K, Alloc Tax Rate: 1.7x
[65.914s][info][gc            ] GC(146) Pause Final Mark 2.341ms
[65.914s][info][gc,start      ] GC(146) Concurrent cleanup
[65.914s][info][gc            ] GC(146) Concurrent cleanup 242M->242M(500M) 0.045ms
[65.914s][info][gc,ergo       ] GC(146) Free: 231M, Max: 256K regular, 230M humongous, Frag: 1% external, 0% internal; Reserve: 25593K, Max: 256K
[65.914s][info][gc,start      ] GC(146) Concurrent evacuation
[65.914s][info][gc,task       ] GC(146) Using 1 of 1 workers for concurrent evacuation
[65.947s][info][gc            ] GC(146) Concurrent evacuation 33.179ms
[65.950s][info][gc,start      ] GC(146) Pause Init Update Refs
[65.950s][info][gc,ergo       ] GC(146) Pacer for Update Refs. Used: 287M, Free: 198M, Non-Taxable: 20352K, Alloc Tax Rate: 1.8x
[65.950s][info][gc            ] GC(146) Pause Init Update Refs 0.037ms
[65.950s][info][gc,start      ] GC(146) Concurrent update references
[65.950s][info][gc,task       ] GC(146) Using 1 of 1 workers for concurrent reference update
[66.064s][info][gc            ] GC(146) Concurrent update references 113.538ms
[66.067s][info][gc,start      ] GC(146) Pause Final Update Refs
[66.067s][info][gc,task       ] GC(146) Using 1 of 1 workers for final reference update
[66.068s][info][gc            ] GC(146) Pause Final Update Refs 0.526ms
[66.068s][info][gc,start      ] GC(146) Concurrent cleanup
[66.068s][info][gc            ] GC(146) Concurrent cleanup 375M->211M(500M) 0.066ms
[66.068s][info][gc,ergo       ] Free: 262M, Max: 256K regular, 100096K humongous, Frag: 63% external, 0% internal; Reserve: 25600K, Max: 256K
[66.068s][info][gc,stats      ] 
[66.068s][info][gc,stats      ] All times are wall-clock times, except per-root-class counters, that are sum over
[66.068s][info][gc,stats      ] all workers. Dividing the <total> over the root stage time estimates parallelism.
[66.068s][info][gc,stats      ] 
[66.068s][info][gc,stats      ] Concurrent Reset                    194 us
[66.068s][info][gc,stats      ] Pause Init Mark (G)                3978 us
[66.068s][info][gc,stats      ] Pause Init Mark (N)                1576 us
[66.068s][info][gc,stats      ]   Accumulate Stats                   19 us
[66.068s][info][gc,stats      ]   Make Parsable                      17 us
[66.068s][info][gc,stats      ]   Update Region States               35 us
[66.068s][info][gc,stats      ]   Scan Roots                       1449 us, parallelism: 0.80x
[66.068s][info][gc,stats      ]     S: <total>                     1152 us
[66.068s][info][gc,stats      ]     S: Thread Roots                 544 us, workers (us): 544, 
[66.068s][info][gc,stats      ]     S: Universe Roots                 2 us, workers (us):   2, 
[66.068s][info][gc,stats      ]     S: JNI Handles Roots              2 us, workers (us):   2, 
[66.068s][info][gc,stats      ]     S: Synchronizer Roots             0 us, workers (us):   0, 
[66.068s][info][gc,stats      ]     S: Management Roots               2 us, workers (us):   2, 
[66.068s][info][gc,stats      ]     S: System Dict Roots             12 us, workers (us):  12, 
[66.068s][info][gc,stats      ]     S: CLDG Roots                   590 us, workers (us): 590, 
[66.068s][info][gc,stats      ]     S: JVMTI Roots                    1 us, workers (us):   1, 
[66.068s][info][gc,stats      ]   Resize TLABs                       12 us
[66.068s][info][gc,stats      ] Concurrent Marking                66745 us
[66.068s][info][gc,stats      ] Pause Final Mark (G)               2500 us
[66.068s][info][gc,stats      ] Pause Final Mark (N)               2329 us
[66.068s][info][gc,stats      ]   Finish Queues                      14 us
[66.068s][info][gc,stats      ]   System Purge                      265 us
[66.068s][info][gc,stats      ]     Weak Roots                      265 us
[66.068s][info][gc,stats      ]   Update Region States               26 us
[66.068s][info][gc,stats      ]   Retire TLABs                       14 us
[66.068s][info][gc,stats      ]   Choose Collection Set             107 us
[66.068s][info][gc,stats      ]   Rebuild Free Set                    6 us
[66.068s][info][gc,stats      ]   Initial Evacuation               1889 us, parallelism: 0.67x
[66.068s][info][gc,stats      ]     E: <total>                     1262 us
[66.068s][info][gc,stats      ]     E: Thread Roots                 506 us, workers (us): 506, 
[66.068s][info][gc,stats      ]     E: Code Cache Roots             235 us, workers (us): 235, 
[66.068s][info][gc,stats      ]     E: Universe Roots                 1 us, workers (us):   1, 
[66.068s][info][gc,stats      ]     E: JNI Handles Roots              1 us, workers (us):   1, 
[66.068s][info][gc,stats      ]     E: Synchronizer Roots             0 us, workers (us):   0, 
[66.068s][info][gc,stats      ]     E: Management Roots               1 us, workers (us):   1, 
[66.068s][info][gc,stats      ]     E: System Dict Roots              9 us, workers (us):   9, 
[66.068s][info][gc,stats      ]     E: CLDG Roots                   508 us, workers (us): 508, 
[66.068s][info][gc,stats      ]     E: JVMTI Roots                    0 us, workers (us):   0, 
[66.068s][info][gc,stats      ] Concurrent Cleanup                   36 us
[66.068s][info][gc,stats      ] Concurrent Evacuation             33167 us
[66.068s][info][gc,stats      ] Pause Init  Update Refs (G)        3313 us
[66.068s][info][gc,stats      ] Pause Init  Update Refs (N)          16 us
[66.068s][info][gc,stats      ]   Retire GCLABs                       8 us
[66.068s][info][gc,stats      ] Concurrent Update Refs           113523 us
[66.068s][info][gc,stats      ] Pause Final Update Refs (G)        3683 us
[66.068s][info][gc,stats      ] Pause Final Update Refs (N)         495 us
[66.068s][info][gc,stats      ]   Update Roots                      447 us, parallelism: 0.98x
[66.068s][info][gc,stats      ]     UR: <total>                     436 us
[66.068s][info][gc,stats      ]     UR: Thread Roots                436 us, workers (us): 436, 
[66.068s][info][gc,stats      ]   Update Region States               27 us
[66.068s][info][gc,stats      ]   Trash Collection Set                4 us
[66.068s][info][gc,stats      ]   Rebuild Free Set                    8 us
[66.068s][info][gc,stats      ] Concurrent Cleanup                   59 us
[66.068s][info][gc,stats      ] Pacing                            22952 us
[66.068s][info][gc,stats      ] 
[66.068s][info][gc,stats      ] Allocation pacing accrued:
[66.068s][info][gc,stats      ]      23 of   271 ms (  8.5%): Executor task launch worker for task 0.0 in stage 16.0 (TID 16)
[66.068s][info][gc,stats      ]      23 of   271 ms (  8.5%): <total>
[66.068s][info][gc,stats      ]       0 of   271 ms (  0.1%): <average total>
[66.068s][info][gc,stats      ]      23 of   271 ms (  8.5%): <average non-zero>
[66.068s][info][gc,stats      ] 
[66.068s][info][gc,metaspace  ] Metaspace: 60653K->60653K(1103872K)
[66.068s][info][gc,ergo       ] Pacer for Idle. Initial: 10240K, Alloc Tax Rate: 1.0x
[66.084s][info][gc            ] Trigger: Average GC time (297.36 ms) is above the time for allocation rate (757 MB/s) to deplete free headroom (220M)
[66.084s][info][gc,ergo       ] Free headroom: 245M (free) - 25600K (spike) - 0B (penalties) = 220M
[66.084s][info][gc,ergo       ] Free: 245M, Max: 256K regular, 100096K humongous, Frag: 61% external, 0% internal; Reserve: 25600K, Max: 256K
[66.084s][info][gc,start      ] GC(147) Concurrent reset
[66.084s][info][gc,task       ] GC(147) Using 1 of 1 workers for concurrent reset
[66.084s][info][gc,ergo       ] GC(147) Pacer for Reset. Non-Taxable: 500M
[66.085s][info][gc            ] GC(147) Concurrent reset 0.342ms
[66.088s][info][gc,start      ] GC(147) Pause Init Mark
[66.088s][info][gc,task       ] GC(147) Using 1 of 1 workers for init marking
[66.090s][info][gc,ergo       ] GC(147) Pacer for Mark. Expected Live: 74296K, Free: 245M, Non-Taxable: 25113K, Alloc Tax Rate: 0.4x
[66.090s][info][gc            ] GC(147) Pause Init Mark 1.699ms
[66.090s][info][gc,start      ] GC(147) Concurrent marking
[66.090s][info][gc,task       ] GC(147) Using 1 of 1 workers for concurrent marking
[66.188s][info][gc            ] GC(147) Concurrent marking 97.924ms
[66.188s][info][gc,start      ] GC(147) Pause Final Mark
[66.188s][info][gc,task       ] GC(147) Using 1 of 1 workers for final marking
[66.188s][info][gc,ergo       ] GC(147) Adaptive CSet Selection. Target Free: 72533K, Actual Free: 227M, Max CSet: 21333K, Min Garbage: 0B
[66.188s][info][gc,ergo       ] GC(147) Collectable Garbage: 169M (98%), Immediate: 1024K (0%), CSet: 168M (98%)
[66.190s][info][gc,ergo       ] GC(147) Pacer for Evacuation. Used CSet: 182M, Free: 202M, Non-Taxable: 20736K, Alloc Tax Rate: 2.2x
[66.190s][info][gc            ] GC(147) Pause Final Mark 2.486ms
[66.190s][info][gc,start      ] GC(147) Concurrent cleanup
[66.191s][info][gc            ] GC(147) Concurrent cleanup 272M->271M(500M) 0.045ms
[66.191s][info][gc,ergo       ] GC(147) Free: 202M, Max: 256K regular, 100096K humongous, Frag: 52% external, 1% internal; Reserve: 25600K, Max: 256K
[66.191s][info][gc,start      ] GC(147) Concurrent evacuation
[66.191s][info][gc,task       ] GC(147) Using 1 of 1 workers for concurrent evacuation
[66.227s][info][gc            ] GC(147) Concurrent evacuation 36.466ms
[66.230s][info][gc,start      ] GC(147) Pause Init Update Refs
[66.230s][info][gc,ergo       ] GC(147) Pacer for Update Refs. Used: 311M, Free: 176M, Non-Taxable: 18073K, Alloc Tax Rate: 2.2x
[66.230s][info][gc            ] GC(147) Pause Init Update Refs 0.066ms
[66.230s][info][gc,start      ] GC(147) Concurrent update references
[66.230s][info][gc,task       ] GC(147) Using 1 of 1 workers for concurrent reference update
[66.372s][info][gc            ] GC(147) Concurrent update references 141.950ms
[66.375s][info][gc,start      ] GC(147) Pause Final Update Refs
[66.375s][info][gc,task       ] GC(147) Using 1 of 1 workers for final reference update
[66.376s][info][gc            ] GC(147) Pause Final Update Refs 0.557ms
[66.376s][info][gc,start      ] GC(147) Concurrent cleanup
[66.376s][info][gc            ] GC(147) Concurrent cleanup 440M->257M(500M) 0.068ms
[66.376s][info][gc,ergo       ] Free: 216M, Max: 256K regular, 97280K humongous, Frag: 57% external, 1% internal; Reserve: 25600K, Max: 256K
[66.376s][info][gc,stats      ] 
[66.376s][info][gc,stats      ] All times are wall-clock times, except per-root-class counters, that are sum over
[66.376s][info][gc,stats      ] all workers. Dividing the <total> over the root stage time estimates parallelism.
[66.376s][info][gc,stats      ] 
[66.376s][info][gc,stats      ] Concurrent Reset                    331 us
[66.376s][info][gc,stats      ] Pause Init Mark (G)                5310 us
[66.376s][info][gc,stats      ] Pause Init Mark (N)                1657 us
[66.376s][info][gc,stats      ]   Accumulate Stats                   20 us
[66.376s][info][gc,stats      ]   Make Parsable                      17 us
[66.376s][info][gc,stats      ]   Update Region States               37 us
[66.376s][info][gc,stats      ]   Scan Roots                       1517 us, parallelism: 0.82x
[66.376s][info][gc,stats      ]     S: <total>                     1242 us
[66.376s][info][gc,stats      ]     S: Thread Roots                 587 us, workers (us): 587, 
[66.376s][info][gc,stats      ]     S: Universe Roots                 3 us, workers (us):   3, 
[66.376s][info][gc,stats      ]     S: JNI Handles Roots              2 us, workers (us):   2, 
[66.376s][info][gc,stats      ]     S: Synchronizer Roots             0 us, workers (us):   0, 
[66.376s][info][gc,stats      ]     S: Management Roots               1 us, workers (us):   1, 
[66.376s][info][gc,stats      ]     S: System Dict Roots             14 us, workers (us):  14, 
[66.376s][info][gc,stats      ]     S: CLDG Roots                   635 us, workers (us): 635, 
[66.376s][info][gc,stats      ]     S: JVMTI Roots                    1 us, workers (us):   1, 
[66.376s][info][gc,stats      ]   Resize TLABs                       14 us
[66.376s][info][gc,stats      ] Concurrent Marking                97912 us
[66.376s][info][gc,stats      ] Pause Final Mark (G)               2642 us
[66.376s][info][gc,stats      ] Pause Final Mark (N)               2475 us
[66.376s][info][gc,stats      ]   Finish Queues                      13 us
[66.376s][info][gc,stats      ]   System Purge                      292 us
[66.376s][info][gc,stats      ]     Weak Roots                      292 us
[66.376s][info][gc,stats      ]   Update Region States               26 us
[66.376s][info][gc,stats      ]   Retire TLABs                       17 us
[66.376s][info][gc,stats      ]   Choose Collection Set             119 us
[66.376s][info][gc,stats      ]   Rebuild Free Set                    7 us
[66.376s][info][gc,stats      ]   Initial Evacuation               1992 us, parallelism: 0.63x
[66.376s][info][gc,stats      ]     E: <total>                     1262 us
[66.376s][info][gc,stats      ]     E: Thread Roots                 501 us, workers (us): 501, 
[66.376s][info][gc,stats      ]     E: Code Cache Roots             206 us, workers (us): 206, 
[66.376s][info][gc,stats      ]     E: Universe Roots                 2 us, workers (us):   2, 
[66.376s][info][gc,stats      ]     E: JNI Handles Roots              2 us, workers (us):   2, 
[66.376s][info][gc,stats      ]     E: Synchronizer Roots             0 us, workers (us):   0, 
[66.376s][info][gc,stats      ]     E: Management Roots               2 us, workers (us):   2, 
[66.376s][info][gc,stats      ]     E: System Dict Roots             10 us, workers (us):  10, 
[66.376s][info][gc,stats      ]     E: CLDG Roots                   540 us, workers (us): 540, 
[66.376s][info][gc,stats      ]     E: JVMTI Roots                    1 us, workers (us):   1, 
[66.376s][info][gc,stats      ] Concurrent Cleanup                   37 us
[66.376s][info][gc,stats      ] Concurrent Evacuation             36453 us
[66.376s][info][gc,stats      ] Pause Init  Update Refs (G)        2494 us
[66.376s][info][gc,stats      ] Pause Init  Update Refs (N)          22 us
[66.376s][info][gc,stats      ]   Retire GCLABs                       9 us
[66.376s][info][gc,stats      ] Concurrent Update Refs           141934 us
[66.376s][info][gc,stats      ] Pause Final Update Refs (G)        3602 us
[66.376s][info][gc,stats      ] Pause Final Update Refs (N)         508 us
[66.376s][info][gc,stats      ]   Update Roots                      460 us, parallelism: 0.98x
[66.376s][info][gc,stats      ]     UR: <total>                     450 us
[66.376s][info][gc,stats      ]     UR: Thread Roots                450 us, workers (us): 450, 
[66.376s][info][gc,stats      ]   Update Region States               29 us
[66.376s][info][gc,stats      ]   Trash Collection Set                4 us
[66.376s][info][gc,stats      ]   Rebuild Free Set                    6 us
[66.376s][info][gc,stats      ] Concurrent Cleanup                   61 us
[66.376s][info][gc,stats      ] Pacing                            30235 us
[66.376s][info][gc,stats      ] 
[66.376s][info][gc,stats      ] Allocation pacing accrued:
[66.376s][info][gc,stats      ]      30 of   308 ms (  9.8%): Executor task launch worker for task 0.0 in stage 16.0 (TID 16)
[66.376s][info][gc,stats      ]      30 of   308 ms (  9.8%): <total>
[66.376s][info][gc,stats      ]       0 of   308 ms (  0.1%): <average total>
[66.376s][info][gc,stats      ]      30 of   308 ms (  9.8%): <average non-zero>
[66.376s][info][gc,stats      ] 
[66.376s][info][gc,metaspace  ] Metaspace: 60653K->60653K(1103872K)
[66.376s][info][gc,ergo       ] Pacer for Idle. Initial: 10240K, Alloc Tax Rate: 1.0x
[66.377s][info][gc            ] Trigger: Average GC time (301.17 ms) is above the time for allocation rate (689 MB/s) to deplete free headroom (188M)
[66.377s][info][gc,ergo       ] Free headroom: 213M (free) - 25600K (spike) - 0B (penalties) = 188M
[66.377s][info][gc,ergo       ] Free: 213M, Max: 256K regular, 97280K humongous, Frag: 56% external, 1% internal; Reserve: 25600K, Max: 256K
[66.377s][info][gc,start      ] GC(148) Concurrent reset
[66.377s][info][gc,task       ] GC(148) Using 1 of 1 workers for concurrent reset
[66.377s][info][gc,ergo       ] GC(148) Pacer for Reset. Non-Taxable: 500M
[66.378s][info][gc            ] GC(148) Concurrent reset 0.330ms
[66.381s][info][gc,start      ] GC(148) Pause Init Mark
[66.381s][info][gc,task       ] GC(148) Using 1 of 1 workers for init marking
[66.384s][info][gc,ergo       ] GC(148) Pacer for Mark. Expected Live: 69001K, Free: 213M, Non-Taxable: 21811K, Alloc Tax Rate: 0.4x
[66.384s][info][gc            ] GC(148) Pause Init Mark 2.154ms
[66.384s][info][gc,start      ] GC(148) Concurrent marking
[66.384s][info][gc,task       ] GC(148) Using 1 of 1 workers for concurrent marking
[66.464s][info][gc            ] GC(148) Concurrent marking 80.818ms
[66.465s][info][gc,start      ] GC(148) Pause Final Mark
[66.465s][info][gc,task       ] GC(148) Using 1 of 1 workers for final marking
[66.465s][info][gc,ergo       ] GC(148) Adaptive CSet Selection. Target Free: 72533K, Actual Free: 197M, Max CSet: 21333K, Min Garbage: 0B
[66.465s][info][gc,ergo       ] GC(148) Collectable Garbage: 186M (99%), Immediate: 0B (0%), CSet: 186M (99%)
[66.467s][info][gc,ergo       ] GC(148) Pacer for Evacuation. Used CSet: 202M, Free: 172M, Non-Taxable: 17689K, Alloc Tax Rate: 2.9x
[66.467s][info][gc            ] GC(148) Pause Final Mark 2.332ms
[66.467s][info][gc,start      ] GC(148) Concurrent cleanup
[66.467s][info][gc            ] GC(148) Concurrent cleanup 300M->300M(500M) 0.041ms
[66.467s][info][gc,ergo       ] GC(148) Free: 172M, Max: 256K regular, 71680K humongous, Frag: 60% external, 1% internal; Reserve: 25597K, Max: 256K
[66.467s][info][gc,start      ] GC(148) Concurrent evacuation
[66.467s][info][gc,task       ] GC(148) Using 1 of 1 workers for concurrent evacuation
[66.503s][info][gc            ] GC(148) Concurrent evacuation 35.667ms
[66.506s][info][gc,start      ] GC(148) Pause Init Update Refs
[66.506s][info][gc,ergo       ] GC(148) Pacer for Update Refs. Used: 350M, Free: 138M, Non-Taxable: 14156K, Alloc Tax Rate: 3.1x
[66.506s][info][gc            ] GC(148) Pause Init Update Refs 0.036ms
[66.506s][info][gc,start      ] GC(148) Concurrent update references
[66.506s][info][gc,task       ] GC(148) Using 1 of 1 workers for concurrent reference update
[66.655s][info][gc            ] GC(148) Concurrent update references 149.732ms
[66.656s][info][gc,start      ] GC(148) Pause Final Update Refs
[66.656s][info][gc,task       ] GC(148) Using 1 of 1 workers for final reference update
[66.656s][info][gc            ] GC(148) Pause Final Update Refs 0.502ms
[66.656s][info][gc,start      ] GC(148) Concurrent cleanup
[66.656s][info][gc            ] GC(148) Concurrent cleanup 462M->260M(500M) 0.070ms
[66.656s][info][gc,ergo       ] Free: 213M, Max: 256K regular, 71680K humongous, Frag: 68% external, 1% internal; Reserve: 25600K, Max: 256K
[66.656s][info][gc,stats      ] 
[66.656s][info][gc,stats      ] All times are wall-clock times, except per-root-class counters, that are sum over
[66.656s][info][gc,stats      ] all workers. Dividing the <total> over the root stage time estimates parallelism.
[66.656s][info][gc,stats      ] 
[66.656s][info][gc,stats      ] Concurrent Reset                    324 us
[66.656s][info][gc,stats      ] Pause Init Mark (G)                5957 us
[66.656s][info][gc,stats      ] Pause Init Mark (N)                2123 us
[66.656s][info][gc,stats      ]   Accumulate Stats                   19 us
[66.656s][info][gc,stats      ]   Make Parsable                      14 us
[66.656s][info][gc,stats      ]   Update Region States               29 us
[66.656s][info][gc,stats      ]   Scan Roots                       1986 us, parallelism: 0.85x
[66.656s][info][gc,stats      ]     S: <total>                     1694 us
[66.656s][info][gc,stats      ]     S: Thread Roots                1076 us, workers (us): 1076, 
[66.656s][info][gc,stats      ]     S: Universe Roots                 2 us, workers (us):   2, 
[66.656s][info][gc,stats      ]     S: JNI Handles Roots              2 us, workers (us):   2, 
[66.656s][info][gc,stats      ]     S: Synchronizer Roots             0 us, workers (us):   0, 
[66.656s][info][gc,stats      ]     S: Management Roots               1 us, workers (us):   1, 
[66.656s][info][gc,stats      ]     S: System Dict Roots             11 us, workers (us):  11, 
[66.656s][info][gc,stats      ]     S: CLDG Roots                   600 us, workers (us): 600, 
[66.656s][info][gc,stats      ]     S: JVMTI Roots                    1 us, workers (us):   1, 
[66.656s][info][gc,stats      ]   Resize TLABs                       30 us
[66.656s][info][gc,stats      ] Concurrent Marking                80809 us
[66.656s][info][gc,stats      ] Pause Final Mark (G)               2472 us
[66.656s][info][gc,stats      ] Pause Final Mark (N)               2322 us
[66.656s][info][gc,stats      ]   Finish Queues                      13 us
[66.657s][info][gc,stats      ]   System Purge                      287 us
[66.657s][info][gc,stats      ]     Weak Roots                      286 us
[66.657s][info][gc,stats      ]   Update Region States               25 us
[66.657s][info][gc,stats      ]   Retire TLABs                       17 us
[66.657s][info][gc,stats      ]   Choose Collection Set             121 us
[66.657s][info][gc,stats      ]   Rebuild Free Set                    7 us
[66.657s][info][gc,stats      ]   Initial Evacuation               1844 us, parallelism: 0.66x
[66.657s][info][gc,stats      ]     E: <total>                     1212 us
[66.657s][info][gc,stats      ]     E: Thread Roots                 489 us, workers (us): 489, 
[66.657s][info][gc,stats      ]     E: Code Cache Roots             257 us, workers (us): 257, 
[66.657s][info][gc,stats      ]     E: Universe Roots                 1 us, workers (us):   1, 
[66.657s][info][gc,stats      ]     E: JNI Handles Roots              1 us, workers (us):   1, 
[66.657s][info][gc,stats      ]     E: Synchronizer Roots             0 us, workers (us):   0, 
[66.657s][info][gc,stats      ]     E: Management Roots               1 us, workers (us):   1, 
[66.657s][info][gc,stats      ]     E: System Dict Roots              9 us, workers (us):   9, 
[66.657s][info][gc,stats      ]     E: CLDG Roots                   453 us, workers (us): 453, 
[66.657s][info][gc,stats      ]     E: JVMTI Roots                    0 us, workers (us):   0, 
[66.657s][info][gc,stats      ] Concurrent Cleanup                   33 us
[66.657s][info][gc,stats      ] Concurrent Evacuation             35656 us
[66.657s][info][gc,stats      ] Pause Init  Update Refs (G)        3002 us
[66.657s][info][gc,stats      ] Pause Init  Update Refs (N)          18 us
[66.657s][info][gc,stats      ]   Retire GCLABs                       9 us
[66.657s][info][gc,stats      ] Concurrent Update Refs           149717 us
[66.657s][info][gc,stats      ] Pause Final Update Refs (G)         781 us
[66.657s][info][gc,stats      ] Pause Final Update Refs (N)         487 us
[66.657s][info][gc,stats      ]   Update Roots                      439 us, parallelism: 0.98x
[66.657s][info][gc,stats      ]     UR: <total>                     432 us
[66.657s][info][gc,stats      ]     UR: Thread Roots                432 us, workers (us): 432, 
[66.657s][info][gc,stats      ]   Update Region States               27 us
[66.657s][info][gc,stats      ]   Trash Collection Set                4 us
[66.657s][info][gc,stats      ]   Rebuild Free Set                    7 us
[66.657s][info][gc,stats      ] Concurrent Cleanup                   64 us
[66.657s][info][gc,stats      ] Pacing                            73634 us
[66.657s][info][gc,stats      ] 
[66.657s][info][gc,stats      ] Allocation pacing accrued:
[66.657s][info][gc,stats      ]      12 of   281 ms (  4.2%): Spark Context Cleaner
[66.657s][info][gc,stats      ]      62 of   281 ms ( 22.0%): Executor task launch worker for task 0.0 in stage 16.0 (TID 16)
[66.657s][info][gc,stats      ]      74 of   281 ms ( 26.2%): <total>
[66.657s][info][gc,stats      ]       0 of   281 ms (  0.2%): <average total>
[66.657s][info][gc,stats      ]      37 of   281 ms ( 13.1%): <average non-zero>
[66.657s][info][gc,stats      ] 
[66.657s][info][gc,metaspace  ] Metaspace: 60653K->60653K(1103872K)
[66.657s][info][gc,ergo       ] Pacer for Idle. Initial: 10240K, Alloc Tax Rate: 1.0x
[66.662s][info][gc            ] Trigger: Average GC time (293.39 ms) is above the time for allocation rate (689 MB/s) to deplete free headroom (178M)
[66.662s][info][gc,ergo       ] Free headroom: 203M (free) - 25600K (spike) - 0B (penalties) = 178M
[66.662s][info][gc,ergo       ] Free: 203M, Max: 256K regular, 71680K humongous, Frag: 66% external, 1% internal; Reserve: 25600K, Max: 256K
[66.662s][info][gc,start      ] GC(149) Concurrent reset
[66.662s][info][gc,task       ] GC(149) Using 1 of 1 workers for concurrent reset
[66.662s][info][gc,ergo       ] GC(149) Pacer for Reset. Non-Taxable: 500M
[66.663s][info][gc            ] GC(149) Concurrent reset 0.478ms
[66.663s][info][gc,start      ] GC(149) Pause Init Mark
[66.663s][info][gc,task       ] GC(149) Using 1 of 1 workers for init marking
[66.664s][info][gc,ergo       ] GC(149) Pacer for Mark. Expected Live: 63791K, Free: 203M, Non-Taxable: 20838K, Alloc Tax Rate: 0.4x
[66.664s][info][gc            ] GC(149) Pause Init Mark 1.425ms
[66.664s][info][gc,start      ] GC(149) Concurrent marking
[66.665s][info][gc,task       ] GC(149) Using 1 of 1 workers for concurrent marking
[66.781s][info][gc            ] GC(149) Concurrent marking 116.486ms
[66.781s][info][gc,start      ] GC(149) Pause Final Mark
[66.781s][info][gc,task       ] GC(149) Using 1 of 1 workers for final marking
[66.782s][info][gc,ergo       ] GC(149) Adaptive CSet Selection. Target Free: 72533K, Actual Free: 184M, Max CSet: 21333K, Min Garbage: 0B
[66.782s][info][gc,ergo       ] GC(149) Collectable Garbage: 179M (98%), Immediate: 2048K (1%), CSet: 177M (97%)
[66.784s][info][gc,ergo       ] GC(149) Pacer for Evacuation. Used CSet: 192M, Free: 160M, Non-Taxable: 16384K, Alloc Tax Rate: 2.9x
[66.784s][info][gc            ] GC(149) Pause Final Mark 2.347ms
[66.784s][info][gc,start      ] GC(149) Concurrent cleanup
[66.784s][info][gc            ] GC(149) Concurrent cleanup 315M->313M(500M) 0.043ms
[66.784s][info][gc,ergo       ] GC(149) Free: 160M, Max: 256K regular, 71680K humongous, Frag: 57% external, 1% internal; Reserve: 25600K, Max: 256K
[66.784s][info][gc,start      ] GC(149) Concurrent evacuation
[66.784s][info][gc,task       ] GC(149) Using 1 of 1 workers for concurrent evacuation
[66.817s][info][gc            ] GC(149) Concurrent evacuation 32.849ms
[66.820s][info][gc,start      ] GC(149) Pause Init Update Refs
[66.820s][info][gc,ergo       ] GC(149) Pacer for Update Refs. Used: 359M, Free: 128M, Non-Taxable: 13158K, Alloc Tax Rate: 3.4x
[66.820s][info][gc            ] GC(149) Pause Init Update Refs 0.047ms
[66.820s][info][gc,start      ] GC(149) Concurrent update references
[66.820s][info][gc,task       ] GC(149) Using 1 of 1 workers for concurrent reference update
[66.955s][info][gc            ] GC(149) Concurrent update references 135.006ms
[66.955s][info][gc,start      ] GC(149) Pause Final Update Refs
[66.955s][info][gc,task       ] GC(149) Using 1 of 1 workers for final reference update
[66.956s][info][gc            ] GC(149) Pause Final Update Refs 0.477ms
[66.956s][info][gc,start      ] GC(149) Concurrent cleanup
[66.956s][info][gc            ] GC(149) Concurrent cleanup 466M->273M(500M) 0.068ms
[66.956s][info][gc,ergo       ] Free: 200M, Max: 256K regular, 75520K humongous, Frag: 64% external, 1% internal; Reserve: 25600K, Max: 256K
[66.956s][info][gc,stats      ] 
[66.956s][info][gc,stats      ] All times are wall-clock times, except per-root-class counters, that are sum over
[66.956s][info][gc,stats      ] all workers. Dividing the <total> over the root stage time estimates parallelism.
[66.956s][info][gc,stats      ] 
[66.956s][info][gc,stats      ] Concurrent Reset                    467 us
[66.956s][info][gc,stats      ] Pause Init Mark (G)                1715 us
[66.956s][info][gc,stats      ] Pause Init Mark (N)                1414 us
[66.956s][info][gc,stats      ]   Accumulate Stats                   19 us
[66.956s][info][gc,stats      ]   Make Parsable                      14 us
[66.956s][info][gc,stats      ]   Update Region States               20 us
[66.956s][info][gc,stats      ]   Scan Roots                       1325 us, parallelism: 0.79x
[66.956s][info][gc,stats      ]     S: <total>                     1052 us
[66.956s][info][gc,stats      ]     S: Thread Roots                 481 us, workers (us): 481, 
[66.956s][info][gc,stats      ]     S: Universe Roots                 3 us, workers (us):   3, 
[66.956s][info][gc,stats      ]     S: JNI Handles Roots              2 us, workers (us):   2, 
[66.956s][info][gc,stats      ]     S: Synchronizer Roots             0 us, workers (us):   0, 
[66.956s][info][gc,stats      ]     S: Management Roots               2 us, workers (us):   2, 
[66.956s][info][gc,stats      ]     S: System Dict Roots             11 us, workers (us):  11, 
[66.956s][info][gc,stats      ]     S: CLDG Roots                   554 us, workers (us): 554, 
[66.956s][info][gc,stats      ]     S: JVMTI Roots                    0 us, workers (us):   0, 
[66.956s][info][gc,stats      ]   Resize TLABs                       10 us
[66.956s][info][gc,stats      ] Concurrent Marking               116477 us
[66.956s][info][gc,stats      ] Pause Final Mark (G)               2498 us
[66.956s][info][gc,stats      ] Pause Final Mark (N)               2313 us
[66.956s][info][gc,stats      ]   Finish Queues                      16 us
[66.956s][info][gc,stats      ]   System Purge                      253 us
[66.956s][info][gc,stats      ]     Weak Roots                      252 us
[66.956s][info][gc,stats      ]   Update Region States               26 us
[66.956s][info][gc,stats      ]   Retire TLABs                       14 us
[66.956s][info][gc,stats      ]   Choose Collection Set             123 us
[66.956s][info][gc,stats      ]   Rebuild Free Set                    6 us
[66.956s][info][gc,stats      ]   Initial Evacuation               1861 us, parallelism: 0.63x
[66.956s][info][gc,stats      ]     E: <total>                     1177 us
[66.956s][info][gc,stats      ]     E: Thread Roots                 483 us, workers (us): 483, 
[66.956s][info][gc,stats      ]     E: Code Cache Roots             221 us, workers (us): 221, 
[66.956s][info][gc,stats      ]     E: Universe Roots                 1 us, workers (us):   1, 
[66.956s][info][gc,stats      ]     E: JNI Handles Roots              1 us, workers (us):   1, 
[66.956s][info][gc,stats      ]     E: Synchronizer Roots             0 us, workers (us):   0, 
[66.956s][info][gc,stats      ]     E: Management Roots               1 us, workers (us):   1, 
[66.956s][info][gc,stats      ]     E: System Dict Roots             10 us, workers (us):  10, 
[66.956s][info][gc,stats      ]     E: CLDG Roots                   459 us, workers (us): 459, 
[66.956s][info][gc,stats      ]     E: JVMTI Roots                    0 us, workers (us):   0, 
[66.956s][info][gc,stats      ] Concurrent Cleanup                   35 us
[66.956s][info][gc,stats      ] Concurrent Evacuation             32837 us
[66.956s][info][gc,stats      ] Pause Init  Update Refs (G)        3296 us
[66.956s][info][gc,stats      ] Pause Init  Update Refs (N)          16 us
[66.956s][info][gc,stats      ]   Retire GCLABs                       9 us
[66.956s][info][gc,stats      ] Concurrent Update Refs           134991 us
[66.956s][info][gc,stats      ] Pause Final Update Refs (G)         738 us
[66.956s][info][gc,stats      ] Pause Final Update Refs (N)         466 us
[66.956s][info][gc,stats      ]   Update Roots                      422 us, parallelism: 0.98x
[66.956s][info][gc,stats      ]     UR: <total>                     416 us
[66.956s][info][gc,stats      ]     UR: Thread Roots                416 us, workers (us): 416, 
[66.956s][info][gc,stats      ]   Update Region States               27 us
[66.956s][info][gc,stats      ]   Trash Collection Set                4 us
[66.956s][info][gc,stats      ]   Rebuild Free Set                    7 us
[66.956s][info][gc,stats      ] Concurrent Cleanup                   62 us
[66.956s][info][gc,stats      ] Pacing                           128153 us
[66.956s][info][gc,stats      ] 
[66.956s][info][gc,stats      ] Allocation pacing accrued:
[66.956s][info][gc,stats      ]      13 of   299 ms (  4.2%): Spark Context Cleaner
[66.956s][info][gc,stats      ]     115 of   299 ms ( 38.6%): Executor task launch worker for task 0.0 in stage 16.0 (TID 16)
[66.956s][info][gc,stats      ]     128 of   299 ms ( 42.8%): <total>
[66.956s][info][gc,stats      ]       1 of   299 ms (  0.3%): <average total>
[66.956s][info][gc,stats      ]      64 of   299 ms ( 21.4%): <average non-zero>
[66.956s][info][gc,stats      ] 
[66.956s][info][gc,metaspace  ] Metaspace: 60653K->60653K(1103872K)
[66.956s][info][gc,ergo       ] Pacer for Idle. Initial: 10240K, Alloc Tax Rate: 1.0x
[66.980s][info][gc            ] Trigger: Average GC time (251.40 ms) is above the time for allocation rate (630 MB/s) to deplete free headroom (158M)
[66.980s][info][gc,ergo       ] Free headroom: 183M (free) - 25600K (spike) - 0B (penalties) = 158M
[66.980s][info][gc,ergo       ] Free: 183M, Max: 256K regular, 75520K humongous, Frag: 60% external, 1% internal; Reserve: 25600K, Max: 256K
[66.980s][info][gc,start      ] GC(150) Concurrent reset
[66.980s][info][gc,task       ] GC(150) Using 1 of 1 workers for concurrent reset
[66.980s][info][gc,ergo       ] GC(150) Pacer for Reset. Non-Taxable: 500M
[66.981s][info][gc            ] GC(150) Concurrent reset 0.602ms
[66.984s][info][gc,start      ] GC(150) Pause Init Mark (process weakrefs)
[66.984s][info][gc,task       ] GC(150) Using 1 of 1 workers for init marking
[66.987s][info][gc,ergo       ] GC(150) Pacer for Mark. Expected Live: 59062K, Free: 183M, Non-Taxable: 18764K, Alloc Tax Rate: 0.4x
[66.987s][info][gc            ] GC(150) Pause Init Mark (process weakrefs) 3.480ms
[66.987s][info][gc,start      ] GC(150) Concurrent marking (process weakrefs)
[66.987s][info][gc,task       ] GC(150) Using 1 of 1 workers for concurrent marking
[67.100s][info][gc            ] GC(150) Concurrent marking (process weakrefs) 112.520ms
[67.100s][info][gc,start      ] GC(150) Concurrent precleaning
[67.100s][info][gc,task       ] GC(150) Using 1 of 1 workers for concurrent preclean
[67.100s][info][gc,ergo       ] GC(150) Pacer for Precleaning. Non-Taxable: 500M
[67.100s][info][gc            ] GC(150) Concurrent precleaning 0.519ms
[67.101s][info][gc,start      ] GC(150) Pause Final Mark (process weakrefs)
[67.101s][info][gc,task       ] GC(150) Using 1 of 1 workers for final marking
[67.101s][info][gc,ergo       ] GC(150) Adaptive CSet Selection. Target Free: 72533K, Actual Free: 166M, Max CSet: 21333K, Min Garbage: 0B
[67.101s][info][gc,ergo       ] GC(150) Collectable Garbage: 185M (98%), Immediate: 0B (0%), CSet: 185M (98%)
[67.103s][info][gc,ergo       ] GC(150) Pacer for Evacuation. Used CSet: 200M, Free: 141M, Non-Taxable: 14489K, Alloc Tax Rate: 3.5x
[67.103s][info][gc            ] GC(150) Pause Final Mark (process weakrefs) 2.375ms
[67.103s][info][gc,start      ] GC(150) Concurrent cleanup
[67.103s][info][gc            ] GC(150) Concurrent cleanup 332M->332M(500M) 0.042ms
[67.103s][info][gc,ergo       ] GC(150) Free: 141M, Max: 256K regular, 70656K humongous, Frag: 52% external, 2% internal; Reserve: 25600K, Max: 256K
[67.103s][info][gc,start      ] GC(150) Concurrent evacuation
[67.103s][info][gc,task       ] GC(150) Using 1 of 1 workers for concurrent evacuation
[67.140s][info][gc            ] GC(150) Concurrent evacuation 36.588ms
[67.143s][info][gc,start      ] GC(150) Pause Init Update Refs
[67.143s][info][gc,ergo       ] GC(150) Pacer for Update Refs. Used: 384M, Free: 104M, Non-Taxable: 10700K, Alloc Tax Rate: 4.5x
[67.143s][info][gc            ] GC(150) Pause Init Update Refs 0.037ms
[67.143s][info][gc,start      ] GC(150) Concurrent update references
[67.143s][info][gc,task       ] GC(150) Using 1 of 1 workers for concurrent reference update
[67.288s][info][gc            ] GC(150) Concurrent update references 145.636ms
[67.289s][info][gc,start      ] GC(150) Pause Final Update Refs
[67.289s][info][gc,task       ] GC(150) Using 1 of 1 workers for final reference update
[67.289s][info][gc            ] GC(150) Pause Final Update Refs 0.529ms
[67.289s][info][gc,start      ] GC(150) Concurrent cleanup
[67.289s][info][gc            ] GC(150) Concurrent cleanup 469M->269M(500M) 0.070ms
[67.289s][info][gc,ergo       ] Free: 204M, Max: 256K regular, 71680K humongous, Frag: 66% external, 1% internal; Reserve: 25600K, Max: 256K
[67.289s][info][gc,stats      ] 
[67.289s][info][gc,stats      ] All times are wall-clock times, except per-root-class counters, that are sum over
[67.289s][info][gc,stats      ] all workers. Dividing the <total> over the root stage time estimates parallelism.
[67.289s][info][gc,stats      ] 
[67.289s][info][gc,stats      ] Concurrent Reset                    582 us
[67.289s][info][gc,stats      ] Pause Init Mark (G)                6350 us
[67.289s][info][gc,stats      ] Pause Init Mark (N)                3377 us
[67.289s][info][gc,stats      ]   Accumulate Stats                   44 us
[67.289s][info][gc,stats      ]   Make Parsable                      27 us
[67.289s][info][gc,stats      ]   Update Region States              102 us
[67.289s][info][gc,stats      ]   Scan Roots                       3075 us, parallelism: 0.86x
[67.289s][info][gc,stats      ]     S: <total>                     2649 us
[67.289s][info][gc,stats      ]     S: Thread Roots                1422 us, workers (us): 1422, 
[67.289s][info][gc,stats      ]     S: Universe Roots                 4 us, workers (us):   4, 
[67.289s][info][gc,stats      ]     S: JNI Handles Roots              4 us, workers (us):   4, 
[67.289s][info][gc,stats      ]     S: Synchronizer Roots             1 us, workers (us):   1, 
[67.289s][info][gc,stats      ]     S: Management Roots               3 us, workers (us):   3, 
[67.290s][info][gc,stats      ]     S: System Dict Roots             22 us, workers (us):  22, 
[67.290s][info][gc,stats      ]     S: CLDG Roots                  1193 us, workers (us): 1193, 
[67.290s][info][gc,stats      ]     S: JVMTI Roots                    1 us, workers (us):   1, 
[67.290s][info][gc,stats      ]   Resize TLABs                       38 us
[67.290s][info][gc,stats      ] Concurrent Marking               112498 us
[67.290s][info][gc,stats      ] Concurrent Precleaning              511 us
[67.290s][info][gc,stats      ] Pause Final Mark (G)               2547 us
[67.290s][info][gc,stats      ] Pause Final Mark (N)               2366 us
[67.290s][info][gc,stats      ]   Finish Queues                      12 us
[67.290s][info][gc,stats      ]   Weak References                    16 us
[67.290s][info][gc,stats      ]     Process                          14 us
[67.290s][info][gc,stats      ]   System Purge                      281 us
[67.290s][info][gc,stats      ]     Weak Roots                      281 us
[67.290s][info][gc,stats      ]   Update Region States               26 us
[67.290s][info][gc,stats      ]   Retire TLABs                       17 us
[67.290s][info][gc,stats      ]   Choose Collection Set             129 us
[67.290s][info][gc,stats      ]   Rebuild Free Set                    6 us
[67.290s][info][gc,stats      ]   Initial Evacuation               1872 us, parallelism: 0.65x
[67.290s][info][gc,stats      ]     E: <total>                     1216 us
[67.290s][info][gc,stats      ]     E: Thread Roots                 483 us, workers (us): 483, 
[67.290s][info][gc,stats      ]     E: Code Cache Roots             250 us, workers (us): 250, 
[67.290s][info][gc,stats      ]     E: Universe Roots                 1 us, workers (us):   1, 
[67.290s][info][gc,stats      ]     E: JNI Handles Roots              1 us, workers (us):   1, 
[67.290s][info][gc,stats      ]     E: Synchronizer Roots             0 us, workers (us):   0, 
[67.290s][info][gc,stats      ]     E: Management Roots               1 us, workers (us):   1, 
[67.290s][info][gc,stats      ]     E: System Dict Roots              8 us, workers (us):   8, 
[67.290s][info][gc,stats      ]     E: CLDG Roots                   472 us, workers (us): 472, 
[67.290s][info][gc,stats      ]     E: JVMTI Roots                    0 us, workers (us):   0, 
[67.290s][info][gc,stats      ] Concurrent Cleanup                   34 us
[67.290s][info][gc,stats      ] Concurrent Evacuation             36565 us
[67.290s][info][gc,stats      ] Pause Init  Update Refs (G)        3044 us
[67.290s][info][gc,stats      ] Pause Init  Update Refs (N)          16 us
[67.290s][info][gc,stats      ]   Retire GCLABs                       8 us
[67.290s][info][gc,stats      ] Concurrent Update Refs           145621 us
[67.290s][info][gc,stats      ] Pause Final Update Refs (G)         801 us
[67.290s][info][gc,stats      ] Pause Final Update Refs (N)         511 us
[67.290s][info][gc,stats      ]   Update Roots                      460 us, parallelism: 0.98x
[67.290s][info][gc,stats      ]     UR: <total>                     452 us
[67.290s][info][gc,stats      ]     UR: Thread Roots                452 us, workers (us): 452, 
[67.290s][info][gc,stats      ]   Update Region States               30 us
[67.290s][info][gc,stats      ]   Trash Collection Set                5 us
[67.290s][info][gc,stats      ]   Rebuild Free Set                    7 us
[67.290s][info][gc,stats      ] Concurrent Cleanup                   63 us
[67.290s][info][gc,stats      ] Pacing                           149477 us
[67.290s][info][gc,stats      ] 
[67.290s][info][gc,stats      ] Allocation pacing accrued:
[67.290s][info][gc,stats      ]      13 of   334 ms (  3.8%): Spark Context Cleaner
[67.290s][info][gc,stats      ]     137 of   334 ms ( 41.0%): Executor task launch worker for task 0.0 in stage 16.0 (TID 16)
[67.290s][info][gc,stats      ]     149 of   334 ms ( 44.8%): <total>
[67.290s][info][gc,stats      ]       1 of   334 ms (  0.3%): <average total>
[67.290s][info][gc,stats      ]      75 of   334 ms ( 22.4%): <average non-zero>
[67.290s][info][gc,stats      ] 
[67.290s][info][gc,metaspace  ] Metaspace: 60653K->60653K(1103872K)
[67.290s][info][gc,ergo       ] Pacer for Idle. Initial: 10240K, Alloc Tax Rate: 1.0x
[67.300s][info][gc            ] Trigger: Average GC time (280.13 ms) is above the time for allocation rate (574 MB/s) to deplete free headroom (160M)
[67.300s][info][gc,ergo       ] Free headroom: 185M (free) - 25600K (spike) - 0B (penalties) = 160M
[67.300s][info][gc,ergo       ] Free: 185M, Max: 256K regular, 71680K humongous, Frag: 63% external, 1% internal; Reserve: 25600K, Max: 256K
[67.300s][info][gc,start      ] GC(151) Concurrent reset
[67.300s][info][gc,task       ] GC(151) Using 1 of 1 workers for concurrent reset
[67.300s][info][gc,ergo       ] GC(151) Pacer for Reset. Non-Taxable: 500M
[67.300s][info][gc            ] GC(151) Concurrent reset 0.432ms
[67.304s][info][gc,start      ] GC(151) Pause Init Mark
[67.304s][info][gc,task       ] GC(151) Using 1 of 1 workers for init marking
[67.305s][info][gc,ergo       ] GC(151) Pacer for Mark. Expected Live: 74204K, Free: 185M, Non-Taxable: 18969K, Alloc Tax Rate: 0.5x
[67.305s][info][gc            ] GC(151) Pause Init Mark 1.539ms
[67.305s][info][gc,start      ] GC(151) Concurrent marking
[67.305s][info][gc,task       ] GC(151) Using 1 of 1 workers for concurrent marking
[67.442s][info][gc            ] GC(151) Concurrent marking 137.082ms
[67.442s][info][gc,start      ] GC(151) Pause Final Mark
[67.442s][info][gc,task       ] GC(151) Using 1 of 1 workers for final marking
[67.443s][info][gc,ergo       ] GC(151) Adaptive CSet Selection. Target Free: 72533K, Actual Free: 171M, Max CSet: 21333K, Min Garbage: 0B
[67.443s][info][gc,ergo       ] GC(151) Collectable Garbage: 169M (98%), Immediate: 0B (0%), CSet: 169M (98%)
[67.445s][info][gc,ergo       ] GC(151) Pacer for Evacuation. Used CSet: 183M, Free: 146M, Non-Taxable: 15027K, Alloc Tax Rate: 3.1x
[67.445s][info][gc            ] GC(151) Pause Final Mark 2.376ms
[67.445s][info][gc,start      ] GC(151) Concurrent cleanup
[67.445s][info][gc            ] GC(151) Concurrent cleanup 327M->327M(500M) 0.041ms
[67.445s][info][gc,ergo       ] GC(151) Free: 146M, Max: 256K regular, 71680K humongous, Frag: 53% external, 2% internal; Reserve: 25600K, Max: 256K
[67.445s][info][gc,start      ] GC(151) Concurrent evacuation
[67.445s][info][gc,task       ] GC(151) Using 1 of 1 workers for concurrent evacuation
[67.476s][info][gc            ] GC(151) Concurrent evacuation 31.197ms
[67.479s][info][gc,start      ] GC(151) Pause Init Update Refs
[67.479s][info][gc,ergo       ] GC(151) Pacer for Update Refs. Used: 354M, Free: 133M, Non-Taxable: 13619K, Alloc Tax Rate: 3.3x
[67.479s][info][gc            ] GC(151) Pause Init Update Refs 0.047ms
[67.479s][info][gc,start      ] GC(151) Concurrent update references
[67.479s][info][gc,task       ] GC(151) Using 1 of 1 workers for concurrent reference update
[67.665s][info][gc            ] GC(151) Concurrent update references 185.719ms
[67.668s][info][gc,start      ] GC(151) Pause Final Update Refs
[67.668s][info][gc,task       ] GC(151) Using 1 of 1 workers for final reference update
[67.669s][info][gc            ] GC(151) Pause Final Update Refs 0.558ms
[67.671s][info][gc,start      ] GC(151) Concurrent cleanup
[67.671s][info][gc            ] GC(151) Concurrent cleanup 425M->244M(500M) 0.088ms
[67.671s][info][gc,ergo       ] Free: 229M, Max: 256K regular, 170M humongous, Frag: 26% external, 1% internal; Reserve: 25600K, Max: 256K
[67.671s][info][gc,stats      ] 
[67.671s][info][gc,stats      ] All times are wall-clock times, except per-root-class counters, that are sum over
[67.671s][info][gc,stats      ] all workers. Dividing the <total> over the root stage time estimates parallelism.
[67.671s][info][gc,stats      ] 
[67.671s][info][gc,stats      ] Concurrent Reset                    422 us
[67.671s][info][gc,stats      ] Pause Init Mark (G)                4741 us
[67.671s][info][gc,stats      ] Pause Init Mark (N)                1505 us
[67.671s][info][gc,stats      ]   Accumulate Stats                   19 us
[67.671s][info][gc,stats      ]   Make Parsable                      14 us
[67.671s][info][gc,stats      ]   Update Region States               26 us
[67.671s][info][gc,stats      ]   Scan Roots                       1397 us, parallelism: 0.79x
[67.671s][info][gc,stats      ]     S: <total>                     1104 us
[67.671s][info][gc,stats      ]     S: Thread Roots                 520 us, workers (us): 520, 
[67.671s][info][gc,stats      ]     S: Universe Roots                 4 us, workers (us):   4, 
[67.671s][info][gc,stats      ]     S: JNI Handles Roots              2 us, workers (us):   2, 
[67.671s][info][gc,stats      ]     S: Synchronizer Roots             0 us, workers (us):   0, 
[67.671s][info][gc,stats      ]     S: Management Roots               1 us, workers (us):   1, 
[67.671s][info][gc,stats      ]     S: System Dict Roots             12 us, workers (us):  12, 
[67.671s][info][gc,stats      ]     S: CLDG Roots                   565 us, workers (us): 565, 
[67.671s][info][gc,stats      ]     S: JVMTI Roots                    0 us, workers (us):   0, 
[67.671s][info][gc,stats      ]   Resize TLABs                       14 us
[67.671s][info][gc,stats      ] Concurrent Marking               137073 us
[67.671s][info][gc,stats      ] Pause Final Mark (G)               2521 us
[67.671s][info][gc,stats      ] Pause Final Mark (N)               2365 us
[67.671s][info][gc,stats      ]   Finish Queues                      12 us
[67.671s][info][gc,stats      ]   System Purge                      340 us
[67.671s][info][gc,stats      ]     Weak Roots                      339 us
[67.671s][info][gc,stats      ]   Update Region States               26 us
[67.671s][info][gc,stats      ]   Retire TLABs                       21 us
[67.671s][info][gc,stats      ]   Choose Collection Set             128 us
[67.671s][info][gc,stats      ]   Rebuild Free Set                    6 us
[67.671s][info][gc,stats      ]   Initial Evacuation               1814 us, parallelism: 0.67x
[67.671s][info][gc,stats      ]     E: <total>                     1222 us
[67.671s][info][gc,stats      ]     E: Thread Roots                 516 us, workers (us): 516, 
[67.671s][info][gc,stats      ]     E: Code Cache Roots             207 us, workers (us): 207, 
[67.671s][info][gc,stats      ]     E: Universe Roots                 1 us, workers (us):   1, 
[67.671s][info][gc,stats      ]     E: JNI Handles Roots              1 us, workers (us):   1, 
[67.671s][info][gc,stats      ]     E: Synchronizer Roots             0 us, workers (us):   0, 
[67.671s][info][gc,stats      ]     E: Management Roots               1 us, workers (us):   1, 
[67.671s][info][gc,stats      ]     E: System Dict Roots              8 us, workers (us):   8, 
[67.671s][info][gc,stats      ]     E: CLDG Roots                   486 us, workers (us): 486, 
[67.671s][info][gc,stats      ]     E: JVMTI Roots                    0 us, workers (us):   0, 
[67.671s][info][gc,stats      ] Concurrent Cleanup                   33 us
[67.671s][info][gc,stats      ] Concurrent Evacuation             31184 us
[67.671s][info][gc,stats      ] Pause Init  Update Refs (G)        3043 us
[67.671s][info][gc,stats      ] Pause Init  Update Refs (N)          17 us
[67.671s][info][gc,stats      ]   Retire GCLABs                       9 us
[67.671s][info][gc,stats      ] Concurrent Update Refs           185704 us
[67.671s][info][gc,stats      ] Pause Final Update Refs (G)        6150 us
[67.671s][info][gc,stats      ] Pause Final Update Refs (N)         499 us
[67.671s][info][gc,stats      ]   Update Roots                      447 us, parallelism: 0.98x
[67.671s][info][gc,stats      ]     UR: <total>                     437 us
[67.671s][info][gc,stats      ]     UR: Thread Roots                437 us, workers (us): 437, 
[67.671s][info][gc,stats      ]   Update Region States               27 us
[67.671s][info][gc,stats      ]   Trash Collection Set                4 us
[67.671s][info][gc,stats      ]   Rebuild Free Set                    7 us
[67.671s][info][gc,stats      ] Concurrent Cleanup                   62 us
[67.671s][info][gc,stats      ] Pacing                            92915 us
[67.672s][info][gc,stats      ] 
[67.672s][info][gc,stats      ] Allocation pacing accrued:
[67.672s][info][gc,stats      ]      11 of   382 ms (  3.0%): Spark Context Cleaner
[67.672s][info][gc,stats      ]      81 of   382 ms ( 21.3%): Executor task launch worker for task 0.0 in stage 16.0 (TID 16)
[67.672s][info][gc,stats      ]      93 of   382 ms ( 24.3%): <total>
[67.672s][info][gc,stats      ]       1 of   382 ms (  0.2%): <average total>
[67.672s][info][gc,stats      ]      46 of   382 ms ( 12.2%): <average non-zero>
[67.672s][info][gc,stats      ] 
[67.672s][info][gc,metaspace  ] Metaspace: 60653K->60655K(1103872K)
[67.672s][info][gc,ergo       ] Pacer for Idle. Initial: 10240K, Alloc Tax Rate: 1.0x
[67.747s][info][gc            ] Trigger: Average GC time (308.89 ms) is above the time for allocation rate (436 MB/s) to deplete free headroom (134M)
[67.747s][info][gc,ergo       ] Free headroom: 159M (free) - 25600K (spike) - 0B (penalties) = 134M
[67.747s][info][gc,ergo       ] Free: 159M, Max: 256K regular, 159M humongous, Frag: 0% external, 1% internal; Reserve: 25600K, Max: 256K
[67.747s][info][gc,start      ] GC(152) Concurrent reset
[67.748s][info][gc,task       ] GC(152) Using 1 of 1 workers for concurrent reset
[67.748s][info][gc,ergo       ] GC(152) Pacer for Reset. Non-Taxable: 500M
[67.748s][info][gc            ] GC(152) Concurrent reset 0.626ms
[67.751s][info][gc,start      ] GC(152) Pause Init Mark
[67.751s][info][gc,task       ] GC(152) Using 1 of 1 workers for init marking
[67.753s][info][gc,ergo       ] GC(152) Pacer for Mark. Expected Live: 89587K, Free: 159M, Non-Taxable: 16332K, Alloc Tax Rate: 0.7x
[67.753s][info][gc            ] GC(152) Pause Init Mark 1.428ms
[67.753s][info][gc,start      ] GC(152) Concurrent marking
[67.753s][info][gc,task       ] GC(152) Using 1 of 1 workers for concurrent marking
[67.861s][info][gc            ] GC(152) Concurrent marking 107.999ms
[67.861s][info][gc,start      ] GC(152) Pause Final Mark
[67.861s][info][gc,task       ] GC(152) Using 1 of 1 workers for final marking
[67.861s][info][gc,ergo       ] GC(152) Adaptive CSet Selection. Target Free: 72533K, Actual Free: 315M, Max CSet: 21333K, Min Garbage: 0B
[67.861s][info][gc,ergo       ] GC(152) Collectable Garbage: 192M (99%), Immediate: 160M (82%), CSet: 32666K (16%)
[67.863s][info][gc,ergo       ] GC(152) Pacer for Evacuation. Used CSet: 35328K, Free: 290M, Non-Taxable: 29721K, Alloc Tax Rate: 1.1x
[67.863s][info][gc            ] GC(152) Pause Final Mark 2.548ms
[67.863s][info][gc,start      ] GC(152) Concurrent cleanup
[67.863s][info][gc            ] GC(152) Concurrent cleanup 344M->183M(500M) 0.070ms
[67.863s][info][gc,ergo       ] GC(152) Free: 290M, Max: 256K regular, 129M humongous, Frag: 56% external, 1% internal; Reserve: 25597K, Max: 256K
[67.864s][info][gc,start      ] GC(152) Concurrent evacuation
[67.864s][info][gc,task       ] GC(152) Using 1 of 1 workers for concurrent evacuation
[67.871s][info][gc            ] GC(152) Concurrent evacuation 7.774ms
[67.875s][info][gc,start      ] GC(152) Pause Init Update Refs
[67.875s][info][gc,ergo       ] GC(152) Pacer for Update Refs. Used: 190M, Free: 286M, Non-Taxable: 29286K, Alloc Tax Rate: 1.1x
[67.875s][info][gc            ] GC(152) Pause Init Update Refs 0.078ms
[67.875s][info][gc,start      ] GC(152) Concurrent update references
[67.875s][info][gc,task       ] GC(152) Using 1 of 1 workers for concurrent reference update
[68.049s][info][gc            ] GC(152) Concurrent update references 174.695ms
[68.053s][info][gc,start      ] GC(152) Pause Final Update Refs
[68.053s][info][gc,task       ] GC(152) Using 1 of 1 workers for final reference update
[68.053s][info][gc            ] GC(152) Pause Final Update Refs 0.480ms
[68.053s][info][gc,start      ] GC(152) Concurrent cleanup
[68.053s][info][gc            ] GC(152) Concurrent cleanup 258M->224M(500M) 0.045ms
[68.053s][info][gc,ergo       ] Free: 249M, Max: 256K regular, 127M humongous, Frag: 50% external, 1% internal; Reserve: 25600K, Max: 256K
[68.053s][info][gc,stats      ] 
[68.053s][info][gc,stats      ] All times are wall-clock times, except per-root-class counters, that are sum over
[68.053s][info][gc,stats      ] all workers. Dividing the <total> over the root stage time estimates parallelism.
[68.053s][info][gc,stats      ] 
[68.053s][info][gc,stats      ] Concurrent Reset                    605 us
[68.053s][info][gc,stats      ] Pause Init Mark (G)                4414 us
[68.053s][info][gc,stats      ] Pause Init Mark (N)                1400 us
[68.053s][info][gc,stats      ]   Accumulate Stats                   18 us
[68.053s][info][gc,stats      ]   Make Parsable                      13 us
[68.053s][info][gc,stats      ]   Update Region States               26 us
[68.053s][info][gc,stats      ]   Scan Roots                       1301 us, parallelism: 0.79x
[68.053s][info][gc,stats      ]     S: <total>                     1025 us
[68.053s][info][gc,stats      ]     S: Thread Roots                 495 us, workers (us): 495, 
[68.053s][info][gc,stats      ]     S: Universe Roots                 2 us, workers (us):   2, 
[68.053s][info][gc,stats      ]     S: JNI Handles Roots              1 us, workers (us):   1, 
[68.053s][info][gc,stats      ]     S: Synchronizer Roots             0 us, workers (us):   0, 
[68.053s][info][gc,stats      ]     S: Management Roots               1 us, workers (us):   1, 
[68.053s][info][gc,stats      ]     S: System Dict Roots             11 us, workers (us):  11, 
[68.053s][info][gc,stats      ]     S: CLDG Roots                   513 us, workers (us): 513, 
[68.053s][info][gc,stats      ]     S: JVMTI Roots                    1 us, workers (us):   1, 
[68.053s][info][gc,stats      ]   Resize TLABs                       12 us
[68.053s][info][gc,stats      ] Concurrent Marking               107990 us
[68.053s][info][gc,stats      ] Pause Final Mark (G)               2764 us
[68.053s][info][gc,stats      ] Pause Final Mark (N)               2527 us
[68.053s][info][gc,stats      ]   Finish Queues                      19 us
[68.053s][info][gc,stats      ]   System Purge                      248 us
[68.053s][info][gc,stats      ]     Weak Roots                      247 us
[68.053s][info][gc,stats      ]   Update Region States               28 us
[68.053s][info][gc,stats      ]   Retire TLABs                       13 us
[68.053s][info][gc,stats      ]   Choose Collection Set              77 us
[68.053s][info][gc,stats      ]   Rebuild Free Set                    7 us
[68.053s][info][gc,stats      ]   Initial Evacuation               2127 us, parallelism: 0.69x
[68.053s][info][gc,stats      ]     E: <total>                     1472 us
[68.053s][info][gc,stats      ]     E: Thread Roots                 522 us, workers (us): 522, 
[68.053s][info][gc,stats      ]     E: Code Cache Roots             360 us, workers (us): 360, 
[68.053s][info][gc,stats      ]     E: Universe Roots                 1 us, workers (us):   1, 
[68.053s][info][gc,stats      ]     E: JNI Handles Roots              1 us, workers (us):   1, 
[68.053s][info][gc,stats      ]     E: Synchronizer Roots             0 us, workers (us):   0, 
[68.053s][info][gc,stats      ]     E: Management Roots               1 us, workers (us):   1, 
[68.053s][info][gc,stats      ]     E: System Dict Roots              9 us, workers (us):   9, 
[68.053s][info][gc,stats      ]     E: CLDG Roots                   576 us, workers (us): 576, 
[68.053s][info][gc,stats      ]     E: JVMTI Roots                    1 us, workers (us):   1, 
[68.053s][info][gc,stats      ] Concurrent Cleanup                   61 us
[68.053s][info][gc,stats      ] Concurrent Evacuation              7762 us
[68.053s][info][gc,stats      ] Pause Init  Update Refs (G)        3408 us
[68.053s][info][gc,stats      ] Pause Init  Update Refs (N)          25 us
[68.053s][info][gc,stats      ]   Retire GCLABs                      10 us
[68.053s][info][gc,stats      ] Concurrent Update Refs           174679 us
[68.053s][info][gc,stats      ] Pause Final Update Refs (G)        3494 us
[68.053s][info][gc,stats      ] Pause Final Update Refs (N)         461 us
[68.053s][info][gc,stats      ]   Update Roots                      418 us, parallelism: 0.98x
[68.053s][info][gc,stats      ]     UR: <total>                     410 us
[68.053s][info][gc,stats      ]     UR: Thread Roots                410 us, workers (us): 410, 
[68.053s][info][gc,stats      ]   Update Region States               26 us
[68.053s][info][gc,stats      ]   Trash Collection Set                2 us
[68.053s][info][gc,stats      ]   Rebuild Free Set                    7 us
[68.053s][info][gc,stats      ] Concurrent Cleanup                   38 us
[68.053s][info][gc,stats      ] Pacing                            44003 us
[68.053s][info][gc,stats      ] 
[68.053s][info][gc,stats      ] Allocation pacing accrued:
[68.053s][info][gc,stats      ]      44 of   382 ms ( 11.5%): Executor task launch worker for task 0.0 in stage 16.0 (TID 16)
[68.053s][info][gc,stats      ]      44 of   382 ms ( 11.5%): <total>
[68.053s][info][gc,stats      ]       0 of   382 ms (  0.1%): <average total>
[68.053s][info][gc,stats      ]      44 of   382 ms ( 11.5%): <average non-zero>
[68.053s][info][gc,stats      ] 
[68.053s][info][gc,metaspace  ] Metaspace: 60655K->60655K(1103872K)
[68.053s][info][gc,ergo       ] Pacer for Idle. Initial: 10240K, Alloc Tax Rate: 1.0x
[68.136s][info][gc            ] Trigger: Average GC time (311.72 ms) is above the time for allocation rate (471 MB/s) to deplete free headroom (144M)
[68.136s][info][gc,ergo       ] Free headroom: 169M (free) - 25600K (spike) - 0B (penalties) = 144M
[68.136s][info][gc,ergo       ] Free: 169M, Max: 256K regular, 127M humongous, Frag: 25% external, 1% internal; Reserve: 25600K, Max: 256K
[68.136s][info][gc,start      ] GC(153) Concurrent reset
[68.136s][info][gc,task       ] GC(153) Using 1 of 1 workers for concurrent reset
[68.136s][info][gc,ergo       ] GC(153) Pacer for Reset. Non-Taxable: 500M
[68.137s][info][gc            ] GC(153) Concurrent reset 0.230ms
[68.140s][info][gc,start      ] GC(153) Pause Init Mark
[68.140s][info][gc,task       ] GC(153) Using 1 of 1 workers for init marking
[68.141s][info][gc,ergo       ] GC(153) Pacer for Mark. Expected Live: 100M, Free: 169M, Non-Taxable: 17305K, Alloc Tax Rate: 0.7x
[68.141s][info][gc            ] GC(153) Pause Init Mark 1.439ms
[68.141s][info][gc,start      ] GC(153) Concurrent marking
[68.141s][info][gc,task       ] GC(153) Using 1 of 1 workers for concurrent marking
[68.255s][info][gc            ] GC(153) Concurrent marking 114.042ms
[68.255s][info][gc,start      ] GC(153) Pause Final Mark
[68.255s][info][gc,task       ] GC(153) Using 1 of 1 workers for final marking
[68.256s][info][gc,ergo       ] GC(153) Collectable Garbage: 182M (98%), Immediate: 182M (98%), CSet: 0B (0%)
[68.256s][info][gc            ] GC(153) Pause Final Mark 0.378ms
[68.256s][info][gc,start      ] GC(153) Concurrent cleanup
[68.256s][info][gc            ] GC(153) Concurrent cleanup 334M->152M(500M) 0.067ms
[68.256s][info][gc,ergo       ] GC(153) Free: 321M, Max: 256K regular, 168M humongous, Frag: 48% external, 1% internal; Reserve: 25600K, Max: 256K
[68.256s][info][gc,ergo       ] Free: 321M, Max: 256K regular, 168M humongous, Frag: 48% external, 1% internal; Reserve: 25600K, Max: 256K
[68.256s][info][gc,stats      ] 
[68.256s][info][gc,stats      ] All times are wall-clock times, except per-root-class counters, that are sum over
[68.256s][info][gc,stats      ] all workers. Dividing the <total> over the root stage time estimates parallelism.
[68.256s][info][gc,stats      ] 
[68.256s][info][gc,stats      ] Concurrent Reset                    223 us
[68.256s][info][gc,stats      ] Pause Init Mark (G)                4508 us
[68.256s][info][gc,stats      ] Pause Init Mark (N)                1409 us
[68.256s][info][gc,stats      ]   Accumulate Stats                   17 us
[68.256s][info][gc,stats      ]   Make Parsable                      12 us
[68.256s][info][gc,stats      ]   Update Region States               24 us
[68.256s][info][gc,stats      ]   Scan Roots                       1316 us, parallelism: 0.79x
[68.256s][info][gc,stats      ]     S: <total>                     1046 us
[68.256s][info][gc,stats      ]     S: Thread Roots                 476 us, workers (us): 476, 
[68.256s][info][gc,stats      ]     S: Universe Roots                 2 us, workers (us):   2, 
[68.256s][info][gc,stats      ]     S: JNI Handles Roots              1 us, workers (us):   1, 
[68.256s][info][gc,stats      ]     S: Synchronizer Roots             0 us, workers (us):   0, 
[68.256s][info][gc,stats      ]     S: Management Roots               2 us, workers (us):   2, 
[68.256s][info][gc,stats      ]     S: System Dict Roots             11 us, workers (us):  11, 
[68.256s][info][gc,stats      ]     S: CLDG Roots                   553 us, workers (us): 553, 
[68.256s][info][gc,stats      ]     S: JVMTI Roots                    0 us, workers (us):   0, 
[68.256s][info][gc,stats      ]   Resize TLABs                       10 us
[68.256s][info][gc,stats      ] Concurrent Marking               114017 us
[68.256s][info][gc,stats      ] Pause Final Mark (G)                506 us
[68.256s][info][gc,stats      ] Pause Final Mark (N)                369 us
[68.256s][info][gc,stats      ]   Finish Queues                      12 us
[68.256s][info][gc,stats      ]   System Purge                      280 us
[68.256s][info][gc,stats      ]     Weak Roots                      280 us
[68.256s][info][gc,stats      ]   Update Region States               26 us
[68.256s][info][gc,stats      ]   Retire TLABs                       19 us
[68.256s][info][gc,stats      ]   Choose Collection Set              18 us
[68.256s][info][gc,stats      ]   Rebuild Free Set                    7 us
[68.256s][info][gc,stats      ] Concurrent Cleanup                   60 us
[68.256s][info][gc,stats      ] Pacing                            43608 us
[68.256s][info][gc,stats      ] 
[68.256s][info][gc,stats      ] Allocation pacing accrued:
[68.256s][info][gc,stats      ]      44 of   203 ms ( 21.5%): Executor task launch worker for task 0.0 in stage 16.0 (TID 16)
[68.256s][info][gc,stats      ]      44 of   203 ms ( 21.5%): <total>
[68.256s][info][gc,stats      ]       0 of   203 ms (  0.1%): <average total>
[68.256s][info][gc,stats      ]      44 of   203 ms ( 21.5%): <average non-zero>
[68.256s][info][gc,stats      ] 
[68.256s][info][gc,metaspace  ] Metaspace: 60655K->60655K(1103872K)
[68.256s][info][gc,ergo       ] Pacer for Idle. Initial: 10240K, Alloc Tax Rate: 1.0x
[68.412s][info][gc            ] Trigger: Average GC time (279.79 ms) is above the time for allocation rate (589 MB/s) to deplete free headroom (164M)
[68.412s][info][gc,ergo       ] Free headroom: 189M (free) - 25600K (spike) - 0B (penalties) = 164M
[68.412s][info][gc,ergo       ] Free: 189M, Max: 256K regular, 168M humongous, Frag: 12% external, 1% internal; Reserve: 25600K, Max: 256K
[68.412s][info][gc,start      ] GC(154) Concurrent reset
[68.412s][info][gc,task       ] GC(154) Using 1 of 1 workers for concurrent reset
[68.412s][info][gc,ergo       ] GC(154) Pacer for Reset. Non-Taxable: 500M
[68.412s][info][gc            ] GC(154) Concurrent reset 0.197ms
[68.415s][info][gc,start      ] GC(154) Pause Init Mark
[68.415s][info][gc,task       ] GC(154) Using 1 of 1 workers for init marking
[68.417s][info][gc,ergo       ] GC(154) Pacer for Mark. Expected Live: 109M, Free: 189M, Non-Taxable: 19353K, Alloc Tax Rate: 0.7x
[68.417s][info][gc            ] GC(154) Pause Init Mark 1.476ms
[68.417s][info][gc,start      ] GC(154) Concurrent marking
[68.417s][info][gc,task       ] GC(154) Using 1 of 1 workers for concurrent marking
[68.534s][info][gc            ] GC(154) Concurrent marking 117.225ms
[68.537s][info][gc,start      ] GC(154) Pause Final Mark
[68.537s][info][gc,task       ] GC(154) Using 1 of 1 workers for final marking
[68.537s][info][gc,ergo       ] GC(154) Collectable Garbage: 162M (98%), Immediate: 162M (98%), CSet: 0B (0%)
[68.537s][info][gc            ] GC(154) Pause Final Mark 0.370ms
[68.537s][info][gc,start      ] GC(154) Concurrent cleanup
[68.537s][info][gc            ] GC(154) Concurrent cleanup 322M->160M(500M) 0.065ms
[68.537s][info][gc,ergo       ] GC(154) Free: 313M, Max: 256K regular, 151M humongous, Frag: 52% external, 1% internal; Reserve: 25600K, Max: 256K
[68.537s][info][gc,ergo       ] Free: 313M, Max: 256K regular, 151M humongous, Frag: 52% external, 1% internal; Reserve: 25600K, Max: 256K
[68.537s][info][gc,stats      ] 
[68.537s][info][gc,stats      ] All times are wall-clock times, except per-root-class counters, that are sum over
[68.537s][info][gc,stats      ] all workers. Dividing the <total> over the root stage time estimates parallelism.
[68.537s][info][gc,stats      ] 
[68.537s][info][gc,stats      ] Concurrent Reset                    188 us
[68.537s][info][gc,stats      ] Pause Init Mark (G)                4496 us
[68.537s][info][gc,stats      ] Pause Init Mark (N)                1449 us
[68.537s][info][gc,stats      ]   Accumulate Stats                   18 us
[68.537s][info][gc,stats      ]   Make Parsable                      13 us
[68.537s][info][gc,stats      ]   Update Region States               26 us
[68.537s][info][gc,stats      ]   Scan Roots                       1332 us, parallelism: 0.80x
[68.537s][info][gc,stats      ]     S: <total>                     1063 us
[68.537s][info][gc,stats      ]     S: Thread Roots                 486 us, workers (us): 486, 
[68.537s][info][gc,stats      ]     S: Universe Roots                 2 us, workers (us):   2, 
[68.538s][info][gc,stats      ]     S: JNI Handles Roots              1 us, workers (us):   1, 
[68.538s][info][gc,stats      ]     S: Synchronizer Roots             0 us, workers (us):   0, 
[68.538s][info][gc,stats      ]     S: Management Roots               1 us, workers (us):   1, 
[68.538s][info][gc,stats      ]     S: System Dict Roots             11 us, workers (us):  11, 
[68.538s][info][gc,stats      ]     S: CLDG Roots                   560 us, workers (us): 560, 
[68.538s][info][gc,stats      ]     S: JVMTI Roots                    1 us, workers (us):   1, 
[68.538s][info][gc,stats      ]   Resize TLABs                       12 us
[68.538s][info][gc,stats      ] Concurrent Marking               117212 us
[68.538s][info][gc,stats      ] Pause Final Mark (G)               3263 us
[68.538s][info][gc,stats      ] Pause Final Mark (N)                350 us
[68.538s][info][gc,stats      ]   Finish Queues                      25 us
[68.538s][info][gc,stats      ]   System Purge                      253 us
[68.538s][info][gc,stats      ]     Weak Roots                      253 us
[68.538s][info][gc,stats      ]   Update Region States               28 us
[68.538s][info][gc,stats      ]   Retire TLABs                       16 us
[68.538s][info][gc,stats      ]   Choose Collection Set              14 us
[68.538s][info][gc,stats      ]   Rebuild Free Set                    7 us
[68.538s][info][gc,stats      ] Concurrent Cleanup                   57 us
[68.538s][info][gc,stats      ] Pacing                            65920 us
[68.538s][info][gc,stats      ] 
[68.538s][info][gc,stats      ] Allocation pacing accrued:
[68.538s][info][gc,stats      ]      13 of   282 ms (  4.5%): Spark Context Cleaner
[68.538s][info][gc,stats      ]      53 of   282 ms ( 18.9%): Executor task launch worker for task 0.0 in stage 16.0 (TID 16)
[68.538s][info][gc,stats      ]      66 of   282 ms ( 23.4%): <total>
[68.538s][info][gc,stats      ]       0 of   282 ms (  0.1%): <average total>
[68.538s][info][gc,stats      ]      33 of   282 ms ( 11.7%): <average non-zero>
[68.538s][info][gc,stats      ] 
[68.538s][info][gc,metaspace  ] Metaspace: 60655K->60655K(1103872K)
[68.538s][info][gc,ergo       ] Pacer for Idle. Initial: 10240K, Alloc Tax Rate: 1.0x
[68.670s][info][gc            ] Trigger: Average GC time (246.15 ms) is above the time for allocation rate (649 MB/s) to deplete free headroom (159M)
[68.670s][info][gc,ergo       ] Free headroom: 184M (free) - 25600K (spike) - 0B (penalties) = 159M
[68.670s][info][gc,ergo       ] Free: 184M, Max: 256K regular, 151M humongous, Frag: 18% external, 1% internal; Reserve: 25600K, Max: 256K
[68.670s][info][gc,start      ] GC(155) Concurrent reset
[68.670s][info][gc,task       ] GC(155) Using 1 of 1 workers for concurrent reset
[68.670s][info][gc,ergo       ] GC(155) Pacer for Reset. Non-Taxable: 500M
[68.670s][info][gc            ] GC(155) Concurrent reset 0.198ms
[68.673s][info][gc,start      ] GC(155) Pause Init Mark (process weakrefs)
[68.673s][info][gc,task       ] GC(155) Using 1 of 1 workers for init marking
[68.675s][info][gc,ergo       ] GC(155) Pacer for Mark. Expected Live: 115M, Free: 184M, Non-Taxable: 18841K, Alloc Tax Rate: 0.8x
[68.675s][info][gc            ] GC(155) Pause Init Mark (process weakrefs) 1.509ms
[68.675s][info][gc,start      ] GC(155) Concurrent marking (process weakrefs)
[68.675s][info][gc,task       ] GC(155) Using 1 of 1 workers for concurrent marking
[68.812s][info][gc            ] GC(155) Concurrent marking (process weakrefs) 137.067ms
[68.812s][info][gc,start      ] GC(155) Concurrent precleaning
[68.812s][info][gc,task       ] GC(155) Using 1 of 1 workers for concurrent preclean
[68.812s][info][gc,ergo       ] GC(155) Pacer for Precleaning. Non-Taxable: 500M
[68.813s][info][gc            ] GC(155) Concurrent precleaning 1.191ms
[68.814s][info][gc,start      ] GC(155) Pause Final Mark (process weakrefs)
[68.814s][info][gc,task       ] GC(155) Using 1 of 1 workers for final marking
[68.814s][info][gc,ergo       ] GC(155) Collectable Garbage: 167M (98%), Immediate: 167M (98%), CSet: 0B (0%)
[68.814s][info][gc            ] GC(155) Pause Final Mark (process weakrefs) 0.684ms
[68.814s][info][gc,start      ] GC(155) Concurrent cleanup
[68.815s][info][gc            ] GC(155) Concurrent cleanup 321M->153M(500M) 0.718ms
[68.815s][info][gc,ergo       ] GC(155) Free: 319M, Max: 256K regular, 168M humongous, Frag: 48% external, 1% internal; Reserve: 25600K, Max: 256K
[68.815s][info][gc,ergo       ] Free: 319M, Max: 256K regular, 168M humongous, Frag: 48% external, 1% internal; Reserve: 25600K, Max: 256K
[68.815s][info][gc,stats      ] 
[68.815s][info][gc,stats      ] All times are wall-clock times, except per-root-class counters, that are sum over
[68.815s][info][gc,stats      ] all workers. Dividing the <total> over the root stage time estimates parallelism.
[68.815s][info][gc,stats      ] 
[68.815s][info][gc,stats      ] Concurrent Reset                    190 us
[68.815s][info][gc,stats      ] Pause Init Mark (G)                4622 us
[68.815s][info][gc,stats      ] Pause Init Mark (N)                1477 us
[68.815s][info][gc,stats      ]   Accumulate Stats                   18 us
[68.815s][info][gc,stats      ]   Make Parsable                      11 us
[68.815s][info][gc,stats      ]   Update Region States               27 us
[68.815s][info][gc,stats      ]   Scan Roots                       1318 us, parallelism: 0.80x
[68.815s][info][gc,stats      ]     S: <total>                     1052 us
[68.815s][info][gc,stats      ]     S: Thread Roots                 477 us, workers (us): 477, 
[68.815s][info][gc,stats      ]     S: Universe Roots                 2 us, workers (us):   2, 
[68.815s][info][gc,stats      ]     S: JNI Handles Roots              2 us, workers (us):   2, 
[68.815s][info][gc,stats      ]     S: Synchronizer Roots             0 us, workers (us):   0, 
[68.815s][info][gc,stats      ]     S: Management Roots               1 us, workers (us):   1, 
[68.815s][info][gc,stats      ]     S: System Dict Roots             11 us, workers (us):  11, 
[68.815s][info][gc,stats      ]     S: CLDG Roots                   558 us, workers (us): 558, 
[68.815s][info][gc,stats      ]     S: JVMTI Roots                    0 us, workers (us):   0, 
[68.815s][info][gc,stats      ]   Resize TLABs                       11 us
[68.815s][info][gc,stats      ] Concurrent Marking               137056 us
[68.815s][info][gc,stats      ] Concurrent Precleaning             1167 us
[68.815s][info][gc,stats      ] Pause Final Mark (G)               1144 us
[68.815s][info][gc,stats      ] Pause Final Mark (N)                661 us
[68.815s][info][gc,stats      ]   Finish Queues                      40 us
[68.815s][info][gc,stats      ]   Weak References                    29 us
[68.815s][info][gc,stats      ]     Process                          26 us
[68.815s][info][gc,stats      ]   System Purge                      445 us
[68.815s][info][gc,stats      ]     Weak Roots                      445 us
[68.815s][info][gc,stats      ]   Update Region States               47 us
[68.815s][info][gc,stats      ]   Retire TLABs                       25 us
[68.815s][info][gc,stats      ]   Choose Collection Set              45 us
[68.815s][info][gc,stats      ]   Rebuild Free Set                   16 us
[68.815s][info][gc,stats      ] Concurrent Cleanup                  702 us
[68.815s][info][gc,stats      ] Pacing                            65615 us
[68.816s][info][gc,stats      ] 
[68.816s][info][gc,stats      ] Allocation pacing accrued:
[68.816s][info][gc,stats      ]      66 of   278 ms ( 23.6%): Executor task launch worker for task 0.0 in stage 16.0 (TID 16)
[68.816s][info][gc,stats      ]      66 of   278 ms ( 23.6%): <total>
[68.816s][info][gc,stats      ]       0 of   278 ms (  0.2%): <average total>
[68.816s][info][gc,stats      ]      66 of   278 ms ( 23.6%): <average non-zero>
[68.816s][info][gc,stats      ] 
[68.816s][info][gc,metaspace  ] Metaspace: 60655K->60655K(1103872K)
[68.816s][info][gc,ergo       ] Pacer for Idle. Initial: 10240K, Alloc Tax Rate: 1.0x
[69.001s][info][gc            ] Trigger: Average GC time (213.38 ms) is above the time for allocation rate (603 MB/s) to deplete free headroom (126M)
[69.001s][info][gc,ergo       ] Free headroom: 151M (free) - 25600K (spike) - 0B (penalties) = 126M
[69.001s][info][gc,ergo       ] Free: 151M, Max: 256K regular, 151M humongous, Frag: 0% external, 2% internal; Reserve: 25600K, Max: 256K
[69.001s][info][gc,start      ] GC(156) Concurrent reset
[69.001s][info][gc,task       ] GC(156) Using 1 of 1 workers for concurrent reset
[69.001s][info][gc,ergo       ] GC(156) Pacer for Reset. Non-Taxable: 500M
[69.001s][info][gc            ] GC(156) Concurrent reset 0.200ms
[69.004s][info][gc,start      ] GC(156) Pause Init Mark
[69.004s][info][gc,task       ] GC(156) Using 1 of 1 workers for init marking
[69.006s][info][gc,ergo       ] GC(156) Pacer for Mark. Expected Live: 119M, Free: 151M, Non-Taxable: 15513K, Alloc Tax Rate: 1.0x
[69.006s][info][gc            ] GC(156) Pause Init Mark 1.416ms
[69.006s][info][gc,start      ] GC(156) Concurrent marking
[69.006s][info][gc,task       ] GC(156) Using 1 of 1 workers for concurrent marking
[69.103s][info][gc            ] GC(156) Concurrent marking 97.276ms
[69.103s][info][gc,start      ] GC(156) Pause Final Mark
[69.103s][info][gc,task       ] GC(156) Using 1 of 1 workers for final marking
[69.104s][info][gc,ergo       ] GC(156) Collectable Garbage: 199M (98%), Immediate: 199M (98%), CSet: 0B (0%)
[69.104s][info][gc            ] GC(156) Pause Final Mark 0.378ms
[69.104s][info][gc,start      ] GC(156) Concurrent cleanup
[69.104s][info][gc            ] GC(156) Concurrent cleanup 347M->147M(500M) 0.084ms
[69.104s][info][gc,ergo       ] GC(156) Free: 326M, Max: 256K regular, 126M humongous, Frag: 62% external, 1% internal; Reserve: 25600K, Max: 256K
[69.104s][info][gc,ergo       ] Free: 326M, Max: 256K regular, 126M humongous, Frag: 62% external, 1% internal; Reserve: 25600K, Max: 256K
[69.104s][info][gc,stats      ] 
[69.104s][info][gc,stats      ] All times are wall-clock times, except per-root-class counters, that are sum over
[69.104s][info][gc,stats      ] all workers. Dividing the <total> over the root stage time estimates parallelism.
[69.104s][info][gc,stats      ] 
[69.104s][info][gc,stats      ] Concurrent Reset                    192 us
[69.104s][info][gc,stats      ] Pause Init Mark (G)                4379 us
[69.104s][info][gc,stats      ] Pause Init Mark (N)                1392 us
[69.104s][info][gc,stats      ]   Accumulate Stats                   18 us
[69.104s][info][gc,stats      ]   Make Parsable                      14 us
[69.104s][info][gc,stats      ]   Update Region States               24 us
[69.104s][info][gc,stats      ]   Scan Roots                       1298 us, parallelism: 0.79x
[69.104s][info][gc,stats      ]     S: <total>                     1030 us
[69.104s][info][gc,stats      ]     S: Thread Roots                 476 us, workers (us): 476, 
[69.104s][info][gc,stats      ]     S: Universe Roots                 2 us, workers (us):   2, 
[69.104s][info][gc,stats      ]     S: JNI Handles Roots              1 us, workers (us):   1, 
[69.104s][info][gc,stats      ]     S: Synchronizer Roots             0 us, workers (us):   0, 
[69.104s][info][gc,stats      ]     S: Management Roots               2 us, workers (us):   2, 
[69.104s][info][gc,stats      ]     S: System Dict Roots             11 us, workers (us):  11, 
[69.104s][info][gc,stats      ]     S: CLDG Roots                   536 us, workers (us): 536, 
[69.104s][info][gc,stats      ]     S: JVMTI Roots                    1 us, workers (us):   1, 
[69.104s][info][gc,stats      ]   Resize TLABs                       10 us
[69.104s][info][gc,stats      ] Concurrent Marking                97267 us
[69.104s][info][gc,stats      ] Pause Final Mark (G)                504 us
[69.104s][info][gc,stats      ] Pause Final Mark (N)                368 us
[69.104s][info][gc,stats      ]   Finish Queues                      13 us
[69.104s][info][gc,stats      ]   System Purge                      281 us
[69.104s][info][gc,stats      ]     Weak Roots                      281 us
[69.104s][info][gc,stats      ]   Update Region States               26 us
[69.104s][info][gc,stats      ]   Retire TLABs                       17 us
[69.104s][info][gc,stats      ]   Choose Collection Set              16 us
[69.104s][info][gc,stats      ]   Rebuild Free Set                    7 us
[69.104s][info][gc,stats      ] Concurrent Cleanup                   77 us
[69.104s][info][gc,stats      ] Pacing                            37735 us
[69.104s][info][gc,stats      ] 
[69.104s][info][gc,stats      ] Allocation pacing accrued:
[69.104s][info][gc,stats      ]      38 of   288 ms ( 13.1%): Executor task launch worker for task 0.0 in stage 16.0 (TID 16)
[69.104s][info][gc,stats      ]      38 of   288 ms ( 13.1%): <total>
[69.104s][info][gc,stats      ]       0 of   288 ms (  0.1%): <average total>
[69.104s][info][gc,stats      ]      38 of   288 ms ( 13.1%): <average non-zero>
[69.104s][info][gc,stats      ] 
[69.104s][info][gc,metaspace  ] Metaspace: 60655K->60655K(1103872K)
[69.104s][info][gc,ergo       ] Pacer for Idle. Initial: 10240K, Alloc Tax Rate: 1.0x
[69.371s][info][gc            ] Trigger: Average GC time (159.62 ms) is above the time for allocation rate (617 MB/s) to deplete free headroom (100608K)
[69.371s][info][gc,ergo       ] Free headroom: 123M (free) - 25600K (spike) - 0B (penalties) = 100608K
[69.371s][info][gc,ergo       ] Free: 123M, Max: 256K regular, 123M humongous, Frag: 0% external, 2% internal; Reserve: 25600K, Max: 256K
[69.371s][info][gc,start      ] GC(157) Concurrent reset
[69.371s][info][gc,task       ] GC(157) Using 1 of 1 workers for concurrent reset
[69.371s][info][gc,ergo       ] GC(157) Pacer for Reset. Non-Taxable: 500M
[69.371s][info][gc            ] GC(157) Concurrent reset 0.356ms
[69.374s][info][gc,start      ] GC(157) Pause Init Mark
[69.374s][info][gc,task       ] GC(157) Using 1 of 1 workers for init marking
[69.377s][info][gc,ergo       ] GC(157) Pacer for Mark. Expected Live: 119M, Free: 123M, Non-Taxable: 12620K, Alloc Tax Rate: 1.2x
[69.377s][info][gc            ] GC(157) Pause Init Mark 2.931ms
[69.377s][info][gc,start      ] GC(157) Concurrent marking
[69.377s][info][gc,task       ] GC(157) Using 1 of 1 workers for concurrent marking
[69.471s][info][gc            ] GC(157) Concurrent marking 93.759ms
[69.471s][info][gc,start      ] GC(157) Pause Final Mark
[69.471s][info][gc,task       ] GC(157) Using 1 of 1 workers for final marking
[69.471s][info][gc,ergo       ] GC(157) Collectable Garbage: 228M (98%), Immediate: 228M (98%), CSet: 0B (0%)
[69.471s][info][gc            ] GC(157) Pause Final Mark 0.497ms
[69.471s][info][gc,start      ] GC(157) Concurrent cleanup
[69.471s][info][gc            ] GC(157) Concurrent cleanup 371M->143M(500M) 0.074ms
[69.471s][info][gc,ergo       ] GC(157) Free: 330M, Max: 256K regular, 102M humongous, Frag: 69% external, 1% internal; Reserve: 25600K, Max: 256K
[69.471s][info][gc,ergo       ] Free: 330M, Max: 256K regular, 102M humongous, Frag: 69% external, 1% internal; Reserve: 25600K, Max: 256K
[69.471s][info][gc,stats      ] 
[69.471s][info][gc,stats      ] All times are wall-clock times, except per-root-class counters, that are sum over
[69.471s][info][gc,stats      ] all workers. Dividing the <total> over the root stage time estimates parallelism.
[69.471s][info][gc,stats      ] 
[69.471s][info][gc,stats      ] Concurrent Reset                    335 us
[69.471s][info][gc,stats      ] Pause Init Mark (G)                5505 us
[69.471s][info][gc,stats      ] Pause Init Mark (N)                2891 us
[69.471s][info][gc,stats      ]   Accumulate Stats                   27 us
[69.471s][info][gc,stats      ]   Make Parsable                      21 us
[69.471s][info][gc,stats      ]   Update Region States               61 us
[69.471s][info][gc,stats      ]   Scan Roots                       2687 us, parallelism: 0.81x
[69.471s][info][gc,stats      ]     S: <total>                     2185 us
[69.471s][info][gc,stats      ]     S: Thread Roots                1004 us, workers (us): 1004, 
[69.471s][info][gc,stats      ]     S: Universe Roots                 4 us, workers (us):   4, 
[69.472s][info][gc,stats      ]     S: JNI Handles Roots              3 us, workers (us):   3, 
[69.472s][info][gc,stats      ]     S: Synchronizer Roots             1 us, workers (us):   1, 
[69.472s][info][gc,stats      ]     S: Management Roots               3 us, workers (us):   3, 
[69.472s][info][gc,stats      ]     S: System Dict Roots             22 us, workers (us):  22, 
[69.472s][info][gc,stats      ]     S: CLDG Roots                  1148 us, workers (us): 1148, 
[69.472s][info][gc,stats      ]     S: JVMTI Roots                    1 us, workers (us):   1, 
[69.472s][info][gc,stats      ]   Resize TLABs                       25 us
[69.472s][info][gc,stats      ] Concurrent Marking                93744 us
[69.472s][info][gc,stats      ] Pause Final Mark (G)                622 us
[69.472s][info][gc,stats      ] Pause Final Mark (N)                488 us
[69.472s][info][gc,stats      ]   Finish Queues                      13 us
[69.472s][info][gc,stats      ]   System Purge                      280 us
[69.472s][info][gc,stats      ]     Weak Roots                      280 us
[69.472s][info][gc,stats      ]   Update Region States              128 us
[69.472s][info][gc,stats      ]   Retire TLABs                       24 us
[69.472s][info][gc,stats      ]   Choose Collection Set              29 us
[69.472s][info][gc,stats      ]   Rebuild Free Set                    8 us
[69.472s][info][gc,stats      ] Concurrent Cleanup                   67 us
[69.472s][info][gc,stats      ] Pacing                            59265 us
[69.472s][info][gc,stats      ] 
[69.472s][info][gc,stats      ] Allocation pacing accrued:
[69.472s][info][gc,stats      ]      59 of   368 ms ( 16.1%): Executor task launch worker for task 0.0 in stage 16.0 (TID 16)
[69.472s][info][gc,stats      ]      59 of   368 ms ( 16.1%): <total>
[69.472s][info][gc,stats      ]       0 of   368 ms (  0.1%): <average total>
[69.472s][info][gc,stats      ]      59 of   368 ms ( 16.1%): <average non-zero>
[69.472s][info][gc,stats      ] 
[69.472s][info][gc,metaspace  ] Metaspace: 60655K->60655K(1103872K)
[69.472s][info][gc,ergo       ] Pacer for Idle. Initial: 10240K, Alloc Tax Rate: 1.0x
[69.705s][info][gc            ] Trigger: Average GC time (118.59 ms) is above the time for allocation rate (722 MB/s) to deplete free headroom (87296K)
[69.705s][info][gc,ergo       ] Free headroom: 110M (free) - 25600K (spike) - 0B (penalties) = 87296K
[69.705s][info][gc,ergo       ] Free: 110M, Max: 256K regular, 102M humongous, Frag: 8% external, 2% internal; Reserve: 25600K, Max: 256K
[69.705s][info][gc,start      ] GC(158) Concurrent reset
[69.705s][info][gc,task       ] GC(158) Using 1 of 1 workers for concurrent reset
[69.705s][info][gc,ergo       ] GC(158) Pacer for Reset. Non-Taxable: 500M
[69.705s][info][gc            ] GC(158) Concurrent reset 0.205ms
[69.708s][info][gc,start      ] GC(158) Pause Init Mark
[69.708s][info][gc,task       ] GC(158) Using 1 of 1 workers for init marking
[69.710s][info][gc,ergo       ] GC(158) Pacer for Mark. Expected Live: 119M, Free: 110M, Non-Taxable: 11289K, Alloc Tax Rate: 1.3x
[69.710s][info][gc            ] GC(158) Pause Init Mark 1.895ms
[69.710s][info][gc,start      ] GC(158) Concurrent marking
[69.710s][info][gc,task       ] GC(158) Using 1 of 1 workers for concurrent marking
[69.821s][info][gc            ] GC(158) Concurrent marking 110.579ms
[69.821s][info][gc,start      ] GC(158) Pause Final Mark
[69.821s][info][gc,task       ] GC(158) Using 1 of 1 workers for final marking
[69.821s][info][gc,ergo       ] GC(158) Collectable Garbage: 241M (98%), Immediate: 241M (98%), CSet: 0B (0%)
[69.821s][info][gc            ] GC(158) Pause Final Mark 0.396ms
[69.821s][info][gc,start      ] GC(158) Concurrent cleanup
[69.821s][info][gc            ] GC(158) Concurrent cleanup 382M->141M(500M) 0.076ms
[69.821s][info][gc,ergo       ] GC(158) Free: 332M, Max: 256K regular, 105M humongous, Frag: 69% external, 1% internal; Reserve: 25600K, Max: 256K
[69.821s][info][gc,ergo       ] Free: 332M, Max: 256K regular, 105M humongous, Frag: 69% external, 1% internal; Reserve: 25600K, Max: 256K
[69.821s][info][gc,stats      ] 
[69.821s][info][gc,stats      ] All times are wall-clock times, except per-root-class counters, that are sum over
[69.821s][info][gc,stats      ] all workers. Dividing the <total> over the root stage time estimates parallelism.
[69.821s][info][gc,stats      ] 
[69.821s][info][gc,stats      ] Concurrent Reset                    196 us
[69.821s][info][gc,stats      ] Pause Init Mark (G)                5028 us
[69.821s][info][gc,stats      ] Pause Init Mark (N)                1855 us
[69.821s][info][gc,stats      ]   Accumulate Stats                   24 us
[69.821s][info][gc,stats      ]   Make Parsable                      16 us
[69.821s][info][gc,stats      ]   Update Region States               36 us
[69.821s][info][gc,stats      ]   Scan Roots                       1693 us, parallelism: 0.81x
[69.821s][info][gc,stats      ]     S: <total>                     1367 us
[69.821s][info][gc,stats      ]     S: Thread Roots                 704 us, workers (us): 704, 
[69.821s][info][gc,stats      ]     S: Universe Roots                 3 us, workers (us):   3, 
[69.821s][info][gc,stats      ]     S: JNI Handles Roots              2 us, workers (us):   2, 
[69.821s][info][gc,stats      ]     S: Synchronizer Roots             0 us, workers (us):   0, 
[69.821s][info][gc,stats      ]     S: Management Roots               3 us, workers (us):   3, 
[69.821s][info][gc,stats      ]     S: System Dict Roots             12 us, workers (us):  12, 
[69.821s][info][gc,stats      ]     S: CLDG Roots                   642 us, workers (us): 642, 
[69.821s][info][gc,stats      ]     S: JVMTI Roots                    1 us, workers (us):   1, 
[69.821s][info][gc,stats      ]   Resize TLABs                       22 us
[69.821s][info][gc,stats      ] Concurrent Marking               110562 us
[69.821s][info][gc,stats      ] Pause Final Mark (G)                523 us
[69.821s][info][gc,stats      ] Pause Final Mark (N)                387 us
[69.822s][info][gc,stats      ]   Finish Queues                      13 us
[69.822s][info][gc,stats      ]   System Purge                      294 us
[69.822s][info][gc,stats      ]     Weak Roots                      294 us
[69.822s][info][gc,stats      ]   Update Region States               26 us
[69.822s][info][gc,stats      ]   Retire TLABs                       21 us
[69.822s][info][gc,stats      ]   Choose Collection Set              19 us
[69.822s][info][gc,stats      ]   Rebuild Free Set                    7 us
[69.822s][info][gc,stats      ] Concurrent Cleanup                   69 us
[69.822s][info][gc,stats      ] Pacing                            70413 us
[69.822s][info][gc,stats      ] 
[69.822s][info][gc,stats      ] Allocation pacing accrued:
[69.822s][info][gc,stats      ]      70 of   350 ms ( 20.1%): Executor task launch worker for task 0.0 in stage 16.0 (TID 16)
[69.822s][info][gc,stats      ]      70 of   350 ms ( 20.1%): <total>
[69.822s][info][gc,stats      ]       0 of   350 ms (  0.1%): <average total>
[69.822s][info][gc,stats      ]      70 of   350 ms ( 20.1%): <average non-zero>
[69.822s][info][gc,stats      ] 
[69.822s][info][gc,metaspace  ] Metaspace: 60655K->60655K(1103872K)
[69.822s][info][gc,ergo       ] Pacer for Idle. Initial: 10240K, Alloc Tax Rate: 1.0x
[70.049s][info][gc            ] Trigger: Average GC time (118.00 ms) is above the time for allocation rate (710 MB/s) to deplete free headroom (83968K)
[70.049s][info][gc,ergo       ] Free headroom: 107M (free) - 25600K (spike) - 0B (penalties) = 83968K
[70.049s][info][gc,ergo       ] Free: 107M, Max: 256K regular, 93440K humongous, Frag: 15% external, 2% internal; Reserve: 25600K, Max: 256K
[70.049s][info][gc,start      ] GC(159) Concurrent reset
[70.049s][info][gc,task       ] GC(159) Using 1 of 1 workers for concurrent reset
[70.049s][info][gc,ergo       ] GC(159) Pacer for Reset. Non-Taxable: 500M
[70.049s][info][gc            ] GC(159) Concurrent reset 0.203ms
[70.052s][info][gc,start      ] GC(159) Pause Init Mark
[70.052s][info][gc,task       ] GC(159) Using 1 of 1 workers for init marking
[70.054s][info][gc,ergo       ] GC(159) Pacer for Mark. Expected Live: 119M, Free: 107M, Non-Taxable: 10956K, Alloc Tax Rate: 1.4x
[70.054s][info][gc            ] GC(159) Pause Init Mark 1.506ms
[70.054s][info][gc,start      ] GC(159) Concurrent marking
[70.054s][info][gc,task       ] GC(159) Using 1 of 1 workers for concurrent marking
[70.082s][info][gc            ] GC(159) Concurrent marking 28.338ms
[70.082s][info][gc,start      ] GC(159) Pause Final Mark
[70.082s][info][gc,task       ] GC(159) Using 1 of 1 workers for final marking
[70.083s][info][gc,ergo       ] GC(159) Collectable Garbage: 336M (98%), Immediate: 336M (98%), CSet: 0B (0%)
[70.083s][info][gc            ] GC(159) Pause Final Mark 0.381ms
[70.083s][info][gc,start      ] GC(159) Concurrent cleanup
[70.083s][info][gc            ] GC(159) Concurrent cleanup 381M->44M(500M) 0.091ms
[70.083s][info][gc,ergo       ] GC(159) Free: 429M, Max: 256K regular, 177M humongous, Frag: 59% external, 0% internal; Reserve: 25600K, Max: 256K
[70.083s][info][gc,ergo       ] Free: 429M, Max: 256K regular, 177M humongous, Frag: 59% external, 0% internal; Reserve: 25600K, Max: 256K
[70.083s][info][gc,stats      ] 
[70.083s][info][gc,stats      ] All times are wall-clock times, except per-root-class counters, that are sum over
[70.083s][info][gc,stats      ] all workers. Dividing the <total> over the root stage time estimates parallelism.
[70.083s][info][gc,stats      ] 
[70.083s][info][gc,stats      ] Concurrent Reset                    194 us
[70.083s][info][gc,stats      ] Pause Init Mark (G)                4547 us
[70.083s][info][gc,stats      ] Pause Init Mark (N)                1471 us
[70.083s][info][gc,stats      ]   Accumulate Stats                   19 us
[70.083s][info][gc,stats      ]   Make Parsable                      13 us
[70.083s][info][gc,stats      ]   Update Region States               23 us
[70.083s][info][gc,stats      ]   Scan Roots                       1357 us, parallelism: 0.80x
[70.083s][info][gc,stats      ]     S: <total>                     1083 us
[70.083s][info][gc,stats      ]     S: Thread Roots                 499 us, workers (us): 499, 
[70.083s][info][gc,stats      ]     S: Universe Roots                 2 us, workers (us):   2, 
[70.083s][info][gc,stats      ]     S: JNI Handles Roots              2 us, workers (us):   2, 
[70.083s][info][gc,stats      ]     S: Synchronizer Roots             0 us, workers (us):   0, 
[70.083s][info][gc,stats      ]     S: Management Roots               2 us, workers (us):   2, 
[70.083s][info][gc,stats      ]     S: System Dict Roots             11 us, workers (us):  11, 
[70.083s][info][gc,stats      ]     S: CLDG Roots                   566 us, workers (us): 566, 
[70.083s][info][gc,stats      ]     S: JVMTI Roots                    0 us, workers (us):   0, 
[70.083s][info][gc,stats      ]   Resize TLABs                       15 us
[70.083s][info][gc,stats      ] Concurrent Marking                28329 us
[70.083s][info][gc,stats      ] Pause Final Mark (G)                506 us
[70.083s][info][gc,stats      ] Pause Final Mark (N)                372 us
[70.083s][info][gc,stats      ]   Finish Queues                      14 us
[70.083s][info][gc,stats      ]   System Purge                      280 us
[70.083s][info][gc,stats      ]     Weak Roots                      280 us
[70.083s][info][gc,stats      ]   Update Region States               30 us
[70.083s][info][gc,stats      ]   Retire TLABs                       16 us
[70.083s][info][gc,stats      ]   Choose Collection Set              19 us
[70.083s][info][gc,stats      ]   Rebuild Free Set                    7 us
[70.083s][info][gc,stats      ] Concurrent Cleanup                   84 us
[70.083s][info][gc,stats      ] Pacing                            21158 us
[70.083s][info][gc,stats      ] 
[70.083s][info][gc,stats      ] Allocation pacing accrued:
[70.083s][info][gc,stats      ]      11 of   261 ms (  4.2%): RemoteBlock-temp-file-clean-thread
[70.083s][info][gc,stats      ]      10 of   261 ms (  3.9%): Executor task launch worker for task 0.0 in stage 16.0 (TID 16)
[70.083s][info][gc,stats      ]      21 of   261 ms (  8.1%): <total>
[70.083s][info][gc,stats      ]       0 of   261 ms (  0.1%): <average total>
[70.083s][info][gc,stats      ]      11 of   261 ms (  4.0%): <average non-zero>
[70.083s][info][gc,stats      ] 
[70.083s][info][gc,metaspace  ] Metaspace: 60655K->60655K(1103872K)
[70.083s][info][gc,ergo       ] Pacer for Idle. Initial: 10240K, Alloc Tax Rate: 1.0x
[70.329s][info][gc            ] Trigger: Average GC time (99.68 ms) is above the time for allocation rate (1108 MB/s) to deplete free headroom (108M)
[70.329s][info][gc,ergo       ] Free headroom: 133M (free) - 25600K (spike) - 0B (penalties) = 108M
[70.329s][info][gc,ergo       ] Free: 133M, Max: 256K regular, 71168K humongous, Frag: 48% external, 1% internal; Reserve: 25600K, Max: 256K
[70.329s][info][gc,start      ] GC(160) Concurrent reset
[70.329s][info][gc,task       ] GC(160) Using 1 of 1 workers for concurrent reset
[70.329s][info][gc,ergo       ] GC(160) Pacer for Reset. Non-Taxable: 500M
[70.329s][info][gc            ] GC(160) Concurrent reset 0.107ms
[70.332s][info][gc,start      ] GC(160) Pause Init Mark (process weakrefs)
[70.332s][info][gc,task       ] GC(160) Using 1 of 1 workers for init marking
[70.334s][info][gc,ergo       ] GC(160) Pacer for Mark. Expected Live: 100M, Free: 133M, Non-Taxable: 13670K, Alloc Tax Rate: 0.9x
[70.334s][info][gc            ] GC(160) Pause Init Mark (process weakrefs) 1.462ms
[70.334s][info][gc,start      ] GC(160) Concurrent marking (process weakrefs)
[70.334s][info][gc,task       ] GC(160) Using 1 of 1 workers for concurrent marking
[70.369s][info][gc            ] GC(160) Concurrent marking (process weakrefs) 35.000ms
[70.369s][info][gc,start      ] GC(160) Concurrent precleaning
[70.369s][info][gc,task       ] GC(160) Using 1 of 1 workers for concurrent preclean
[70.369s][info][gc,ergo       ] GC(160) Pacer for Precleaning. Non-Taxable: 500M
[70.375s][info][gc            ] GC(160) Concurrent precleaning 5.771ms
[70.378s][info][gc,start      ] GC(160) Pause Final Mark (process weakrefs)
[70.378s][info][gc,task       ] GC(160) Using 1 of 1 workers for final marking
[70.378s][info][gc,ergo       ] GC(160) Collectable Garbage: 309M (97%), Immediate: 309M (97%), CSet: 0B (0%)
[70.378s][info][gc            ] GC(160) Pause Final Mark (process weakrefs) 0.493ms
[70.378s][info][gc,start      ] GC(160) Concurrent cleanup
[70.378s][info][gc            ] GC(160) Concurrent cleanup 365M->56M(500M) 0.088ms
[70.378s][info][gc,ergo       ] GC(160) Free: 417M, Max: 256K regular, 177M humongous, Frag: 58% external, 0% internal; Reserve: 25600K, Max: 256K
[70.378s][info][gc,ergo       ] Free: 417M, Max: 256K regular, 177M humongous, Frag: 58% external, 0% internal; Reserve: 25600K, Max: 256K
[70.378s][info][gc,stats      ] 
[70.378s][info][gc,stats      ] All times are wall-clock times, except per-root-class counters, that are sum over
[70.378s][info][gc,stats      ] all workers. Dividing the <total> over the root stage time estimates parallelism.
[70.378s][info][gc,stats      ] 
[70.378s][info][gc,stats      ] Concurrent Reset                    100 us
[70.378s][info][gc,stats      ] Pause Init Mark (G)                4452 us
[70.378s][info][gc,stats      ] Pause Init Mark (N)                1436 us
[70.378s][info][gc,stats      ]   Accumulate Stats                   19 us
[70.378s][info][gc,stats      ]   Make Parsable                      14 us
[70.378s][info][gc,stats      ]   Update Region States               26 us
[70.378s][info][gc,stats      ]   Scan Roots                       1333 us, parallelism: 0.80x
[70.378s][info][gc,stats      ]     S: <total>                     1068 us
[70.378s][info][gc,stats      ]     S: Thread Roots                 487 us, workers (us): 487, 
[70.378s][info][gc,stats      ]     S: Universe Roots                 2 us, workers (us):   2, 
[70.378s][info][gc,stats      ]     S: JNI Handles Roots              1 us, workers (us):   1, 
[70.378s][info][gc,stats      ]     S: Synchronizer Roots             0 us, workers (us):   0, 
[70.378s][info][gc,stats      ]     S: Management Roots               2 us, workers (us):   2, 
[70.378s][info][gc,stats      ]     S: System Dict Roots             11 us, workers (us):  11, 
[70.378s][info][gc,stats      ]     S: CLDG Roots                   565 us, workers (us): 565, 
[70.378s][info][gc,stats      ]     S: JVMTI Roots                    0 us, workers (us):   0, 
[70.378s][info][gc,stats      ]   Resize TLABs                       12 us
[70.378s][info][gc,stats      ] Concurrent Marking                34991 us
[70.378s][info][gc,stats      ] Concurrent Precleaning             5760 us
[70.378s][info][gc,stats      ] Pause Final Mark (G)               3482 us
[70.378s][info][gc,stats      ] Pause Final Mark (N)                460 us
[70.378s][info][gc,stats      ]   Finish Queues                      28 us
[70.378s][info][gc,stats      ]   Weak References                    14 us
[70.378s][info][gc,stats      ]     Process                          12 us
[70.378s][info][gc,stats      ]   System Purge                      327 us
[70.378s][info][gc,stats      ]     Weak Roots                      327 us
[70.378s][info][gc,stats      ]   Update Region States               29 us
[70.378s][info][gc,stats      ]   Retire TLABs                       23 us
[70.378s][info][gc,stats      ]   Choose Collection Set              23 us
[70.378s][info][gc,stats      ]   Rebuild Free Set                    7 us
[70.378s][info][gc,stats      ] Concurrent Cleanup                   80 us
[70.378s][info][gc,stats      ] Pacing                             3341 us
[70.378s][info][gc,stats      ] 
[70.378s][info][gc,stats      ] Allocation pacing accrued:
[70.378s][info][gc,stats      ]       3 of   296 ms (  1.1%): Executor task launch worker for task 0.0 in stage 16.0 (TID 16)
[70.378s][info][gc,stats      ]       3 of   296 ms (  1.1%): <total>
[70.378s][info][gc,stats      ]       0 of   296 ms (  0.0%): <average total>
[70.378s][info][gc,stats      ]       3 of   296 ms (  1.1%): <average non-zero>
[70.378s][info][gc,stats      ] 
[70.378s][info][gc,metaspace  ] Metaspace: 60656K->60656K(1103872K)
[70.378s][info][gc,ergo       ] Pacer for Idle. Initial: 10240K, Alloc Tax Rate: 1.0x
[70.610s][info][gc            ] Trigger: Average GC time (80.44 ms) is above the time for allocation rate (1165 MB/s) to deplete free headroom (93184K)
[70.610s][info][gc,ergo       ] Free headroom: 116M (free) - 25600K (spike) - 0B (penalties) = 93184K
[70.610s][info][gc,ergo       ] Free: 116M, Max: 256K regular, 63488K humongous, Frag: 47% external, 1% internal; Reserve: 25600K, Max: 256K
[70.610s][info][gc,start      ] GC(161) Concurrent reset
[70.610s][info][gc,task       ] GC(161) Using 1 of 1 workers for concurrent reset
[70.610s][info][gc,ergo       ] GC(161) Pacer for Reset. Non-Taxable: 500M
[70.610s][info][gc            ] GC(161) Concurrent reset 0.111ms
[70.613s][info][gc,start      ] GC(161) Pause Init Mark
[70.613s][info][gc,task       ] GC(161) Using 1 of 1 workers for init marking
[70.614s][info][gc,ergo       ] GC(161) Pacer for Mark. Expected Live: 83530K, Free: 116M, Non-Taxable: 11878K, Alloc Tax Rate: 0.9x
[70.614s][info][gc            ] GC(161) Pause Init Mark 1.525ms
[70.614s][info][gc,start      ] GC(161) Concurrent marking
[70.614s][info][gc,task       ] GC(161) Using 1 of 1 workers for concurrent marking
[70.649s][info][gc            ] GC(161) Concurrent marking 35.068ms
[70.650s][info][gc,start      ] GC(161) Pause Final Mark
[70.650s][info][gc,task       ] GC(161) Using 1 of 1 workers for final marking
[70.650s][info][gc,ergo       ] GC(161) Collectable Garbage: 326M (97%), Immediate: 326M (97%), CSet: 0B (0%)
[70.650s][info][gc            ] GC(161) Pause Final Mark 0.379ms
[70.650s][info][gc,start      ] GC(161) Concurrent cleanup
[70.650s][info][gc            ] GC(161) Concurrent cleanup 374M->48M(500M) 0.089ms
[70.650s][info][gc,ergo       ] GC(161) Free: 426M, Max: 256K regular, 199M humongous, Frag: 54% external, 0% internal; Reserve: 25600K, Max: 256K
[70.650s][info][gc,ergo       ] Free: 426M, Max: 256K regular, 199M humongous, Frag: 54% external, 0% internal; Reserve: 25600K, Max: 256K
[70.650s][info][gc,stats      ] 
[70.650s][info][gc,stats      ] All times are wall-clock times, except per-root-class counters, that are sum over
[70.650s][info][gc,stats      ] all workers. Dividing the <total> over the root stage time estimates parallelism.
[70.650s][info][gc,stats      ] 
[70.650s][info][gc,stats      ] Concurrent Reset                    103 us
[70.650s][info][gc,stats      ] Pause Init Mark (G)                4519 us
[70.650s][info][gc,stats      ] Pause Init Mark (N)                1489 us
[70.650s][info][gc,stats      ]   Accumulate Stats                   19 us
[70.650s][info][gc,stats      ]   Make Parsable                      12 us
[70.650s][info][gc,stats      ]   Update Region States               29 us
[70.650s][info][gc,stats      ]   Scan Roots                       1376 us, parallelism: 0.81x
[70.650s][info][gc,stats      ]     S: <total>                     1108 us
[70.650s][info][gc,stats      ]     S: Thread Roots                 529 us, workers (us): 529, 
[70.650s][info][gc,stats      ]     S: Universe Roots                 3 us, workers (us):   3, 
[70.650s][info][gc,stats      ]     S: JNI Handles Roots              2 us, workers (us):   2, 
[70.650s][info][gc,stats      ]     S: Synchronizer Roots             0 us, workers (us):   0, 
[70.650s][info][gc,stats      ]     S: Management Roots               1 us, workers (us):   1, 
[70.650s][info][gc,stats      ]     S: System Dict Roots             11 us, workers (us):  11, 
[70.650s][info][gc,stats      ]     S: CLDG Roots                   561 us, workers (us): 561, 
[70.650s][info][gc,stats      ]     S: JVMTI Roots                    1 us, workers (us):   1, 
[70.650s][info][gc,stats      ]   Resize TLABs                       15 us
[70.650s][info][gc,stats      ] Concurrent Marking                35059 us
[70.650s][info][gc,stats      ] Pause Final Mark (G)                505 us
[70.650s][info][gc,stats      ] Pause Final Mark (N)                371 us
[70.650s][info][gc,stats      ]   Finish Queues                      15 us
[70.650s][info][gc,stats      ]   System Purge                      259 us
[70.650s][info][gc,stats      ]     Weak Roots                      258 us
[70.650s][info][gc,stats      ]   Update Region States               27 us
[70.650s][info][gc,stats      ]   Retire TLABs                       17 us
[70.650s][info][gc,stats      ]   Choose Collection Set              26 us
[70.650s][info][gc,stats      ]   Rebuild Free Set                    7 us
[70.650s][info][gc,stats      ] Concurrent Cleanup                   82 us
[70.650s][info][gc,stats      ] 
[70.650s][info][gc,stats      ] Allocation pacing accrued:
[70.650s][info][gc,stats      ]       0 of   272 ms (  0.0%): <total>
[70.650s][info][gc,stats      ]       0 of   272 ms (  0.0%): <average total>
[70.650s][info][gc,stats      ] 
[70.650s][info][gc,metaspace  ] Metaspace: 60656K->60656K(1103872K)
[70.650s][info][gc,ergo       ] Pacer for Idle. Initial: 10240K, Alloc Tax Rate: 1.0x
[70.940s][info][gc            ] Trigger: Average GC time (68.01 ms) is above the time for allocation rate (1049 MB/s) to deplete free headroom (72704K)
[70.940s][info][gc,ergo       ] Free headroom: 98304K (free) - 25600K (spike) - 0B (penalties) = 72704K
[70.940s][info][gc,ergo       ] Free: 98304K, Max: 256K regular, 63488K humongous, Frag: 36% external, 2% internal; Reserve: 25600K, Max: 256K
[70.940s][info][gc,start      ] GC(162) Concurrent reset
[70.940s][info][gc,task       ] GC(162) Using 1 of 1 workers for concurrent reset
[70.940s][info][gc,ergo       ] GC(162) Pacer for Reset. Non-Taxable: 500M
[70.940s][info][gc            ] GC(162) Concurrent reset 0.112ms
[70.943s][info][gc,start      ] GC(162) Pause Init Mark
[70.943s][info][gc,task       ] GC(162) Using 1 of 1 workers for init marking
[70.945s][info][gc,ergo       ] GC(162) Pacer for Mark. Expected Live: 64001K, Free: 98304K, Non-Taxable: 9830K, Alloc Tax Rate: 0.8x
[70.945s][info][gc            ] GC(162) Pause Init Mark 1.512ms
[70.945s][info][gc,start      ] GC(162) Concurrent marking
[70.945s][info][gc,task       ] GC(162) Using 1 of 1 workers for concurrent marking
[70.975s][info][gc            ] GC(162) Concurrent marking 30.427ms
[70.976s][info][gc,start      ] GC(162) Pause Final Mark
[70.976s][info][gc,task       ] GC(162) Using 1 of 1 workers for final marking
[70.976s][info][gc,ergo       ] GC(162) Collectable Garbage: 346M (97%), Immediate: 346M (97%), CSet: 0B (0%)
[70.976s][info][gc            ] GC(162) Pause Final Mark 0.344ms
[70.976s][info][gc,start      ] GC(162) Concurrent cleanup
[70.976s][info][gc            ] GC(162) Concurrent cleanup 393M->47M(500M) 0.119ms
[70.976s][info][gc,ergo       ] GC(162) Free: 426M, Max: 256K regular, 199M humongous, Frag: 54% external, 0% internal; Reserve: 25600K, Max: 256K
[70.976s][info][gc,ergo       ] Free: 426M, Max: 256K regular, 199M humongous, Frag: 54% external, 0% internal; Reserve: 25600K, Max: 256K
[70.976s][info][gc,stats      ] 
[70.976s][info][gc,stats      ] All times are wall-clock times, except per-root-class counters, that are sum over
[70.976s][info][gc,stats      ] all workers. Dividing the <total> over the root stage time estimates parallelism.
[70.976s][info][gc,stats      ] 
[70.976s][info][gc,stats      ] Concurrent Reset                    103 us
[70.976s][info][gc,stats      ] Pause Init Mark (G)                4788 us
[70.976s][info][gc,stats      ] Pause Init Mark (N)                1490 us
[70.976s][info][gc,stats      ]   Accumulate Stats                   18 us
[70.976s][info][gc,stats      ]   Make Parsable                      12 us
[70.976s][info][gc,stats      ]   Update Region States               25 us
[70.976s][info][gc,stats      ]   Scan Roots                       1366 us, parallelism: 0.79x
[70.976s][info][gc,stats      ]     S: <total>                     1082 us
[70.976s][info][gc,stats      ]     S: Thread Roots                 511 us, workers (us): 511, 
[70.976s][info][gc,stats      ]     S: Universe Roots                 2 us, workers (us):   2, 
[70.976s][info][gc,stats      ]     S: JNI Handles Roots              2 us, workers (us):   2, 
[70.976s][info][gc,stats      ]     S: Synchronizer Roots             0 us, workers (us):   0, 
[70.976s][info][gc,stats      ]     S: Management Roots               2 us, workers (us):   2, 
[70.976s][info][gc,stats      ]     S: System Dict Roots             11 us, workers (us):  11, 
[70.976s][info][gc,stats      ]     S: CLDG Roots                   554 us, workers (us): 554, 
[70.976s][info][gc,stats      ]     S: JVMTI Roots                    1 us, workers (us):   1, 
[70.976s][info][gc,stats      ]   Resize TLABs                       15 us
[70.976s][info][gc,stats      ] Concurrent Marking                30418 us
[70.976s][info][gc,stats      ] Pause Final Mark (G)                461 us
[70.976s][info][gc,stats      ] Pause Final Mark (N)                336 us
[70.976s][info][gc,stats      ]   Finish Queues                      13 us
[70.976s][info][gc,stats      ]   System Purge                      248 us
[70.976s][info][gc,stats      ]     Weak Roots                      247 us
[70.976s][info][gc,stats      ]   Update Region States               26 us
[70.976s][info][gc,stats      ]   Retire TLABs                       17 us
[70.976s][info][gc,stats      ]   Choose Collection Set              19 us
[70.976s][info][gc,stats      ]   Rebuild Free Set                    7 us
[70.976s][info][gc,stats      ] Concurrent Cleanup                  112 us
[70.976s][info][gc,stats      ] Pacing                             6107 us
[70.976s][info][gc,stats      ] 
[70.976s][info][gc,stats      ] Allocation pacing accrued:
[70.976s][info][gc,stats      ]       6 of   326 ms (  1.9%): Executor task launch worker for task 0.0 in stage 16.0 (TID 16)
[70.976s][info][gc,stats      ]       6 of   326 ms (  1.9%): <total>
[70.976s][info][gc,stats      ]       0 of   326 ms (  0.0%): <average total>
[70.976s][info][gc,stats      ]       6 of   326 ms (  1.9%): <average non-zero>
[70.976s][info][gc,stats      ] 
[70.976s][info][gc,metaspace  ] Metaspace: 60656K->60656K(1103872K)
[70.976s][info][gc,ergo       ] Pacer for Idle. Initial: 10240K, Alloc Tax Rate: 1.0x
[71.264s][info][gc            ] Trigger: Explicit GC request (System.gc())
[71.265s][info][gc,ergo       ] Free: 164M, Max: 256K regular, 84480K humongous, Frag: 50% external, 1% internal; Reserve: 25600K, Max: 256K
[71.265s][info][gc,start      ] GC(163) Concurrent reset
[71.265s][info][gc,task       ] GC(163) Using 1 of 1 workers for concurrent reset
[71.265s][info][gc,ergo       ] GC(163) Pacer for Reset. Non-Taxable: 500M
[71.265s][info][gc            ] GC(163) Concurrent reset 0.234ms
[71.266s][info][gc,start      ] GC(163) Pause Init Mark (process weakrefs) (unload classes)
[71.266s][info][gc,task       ] GC(163) Using 1 of 1 workers for init marking
[71.268s][info][gc,ergo       ] GC(163) Pacer for Mark. Expected Live: 44473K, Free: 164M, Non-Taxable: 16837K, Alloc Tax Rate: 0.3x
[71.268s][info][gc            ] GC(163) Pause Init Mark (process weakrefs) (unload classes) 1.944ms
[71.268s][info][gc,start      ] GC(163) Concurrent marking (process weakrefs) (unload classes)
[71.268s][info][gc,task       ] GC(163) Using 1 of 1 workers for concurrent marking
[71.347s][info][gc            ] GC(163) Concurrent marking (process weakrefs) (unload classes) 79.197ms
[71.347s][info][gc,start      ] GC(163) Concurrent precleaning
[71.347s][info][gc,task       ] GC(163) Using 1 of 1 workers for concurrent preclean
[71.347s][info][gc,ergo       ] GC(163) Pacer for Precleaning. Non-Taxable: 500M
[71.348s][info][gc            ] GC(163) Concurrent precleaning 0.328ms
[71.348s][info][gc,start      ] GC(163) Pause Final Mark (process weakrefs) (unload classes)
[71.348s][info][gc,task       ] GC(163) Using 1 of 1 workers for final marking
[71.373s][info][gc,stringtable] GC(163) Cleaned string and symbol table, strings: 18579 processed, 0 removed, symbols: 131949 processed, 200 removed
[71.374s][info][gc,ergo       ] GC(163) Collectable Garbage: 277M (96%), Immediate: 277M (96%), CSet: 0B (0%)
[71.374s][info][gc            ] GC(163) Pause Final Mark (process weakrefs) (unload classes) 26.077ms
[71.379s][info][gc,start      ] GC(163) Concurrent cleanup
[71.379s][info][gc            ] GC(163) Concurrent cleanup 309M->32M(500M) 0.137ms
[71.379s][info][gc,ergo       ] GC(163) Free: 441M, Max: 256K regular, 216M humongous, Frag: 52% external, 0% internal; Reserve: 25600K, Max: 256K
[71.379s][info][gc,ergo       ] Free: 441M, Max: 256K regular, 216M humongous, Frag: 52% external, 0% internal; Reserve: 25600K, Max: 256K
[71.379s][info][gc,stats      ] 
[71.379s][info][gc,stats      ] All times are wall-clock times, except per-root-class counters, that are sum over
[71.379s][info][gc,stats      ] all workers. Dividing the <total> over the root stage time estimates parallelism.
[71.379s][info][gc,stats      ] 
[71.379s][info][gc,stats      ] Concurrent Reset                    212 us
[71.379s][info][gc,stats      ] Pause Init Mark (G)                2604 us
[71.379s][info][gc,stats      ] Pause Init Mark (N)                1891 us
[71.379s][info][gc,stats      ]   Accumulate Stats                   48 us
[71.379s][info][gc,stats      ]   Make Parsable                      24 us
[71.379s][info][gc,stats      ]   Update Region States               76 us
[71.379s][info][gc,stats      ]   Scan Roots                       1656 us, parallelism: 0.67x
[71.379s][info][gc,stats      ]     S: <total>                     1106 us
[71.379s][info][gc,stats      ]     S: Thread Roots                 835 us, workers (us): 835, 
[71.379s][info][gc,stats      ]     S: Universe Roots                 4 us, workers (us):   4, 
[71.379s][info][gc,stats      ]     S: JNI Handles Roots              3 us, workers (us):   3, 
[71.379s][info][gc,stats      ]     S: Synchronizer Roots             1 us, workers (us):   1, 
[71.379s][info][gc,stats      ]     S: Management Roots               3 us, workers (us):   3, 
[71.379s][info][gc,stats      ]     S: System Dict Roots             21 us, workers (us):  21, 
[71.379s][info][gc,stats      ]     S: CLDG Roots                   238 us, workers (us): 238, 
[71.379s][info][gc,stats      ]     S: JVMTI Roots                    1 us, workers (us):   1, 
[71.379s][info][gc,stats      ]   Resize TLABs                       19 us
[71.379s][info][gc,stats      ] Concurrent Marking                79182 us
[71.379s][info][gc,stats      ] Concurrent Precleaning              319 us
[71.379s][info][gc,stats      ] Pause Final Mark (G)              31146 us
[71.379s][info][gc,stats      ] Pause Final Mark (N)              26067 us
[71.379s][info][gc,stats      ]   Finish Queues                     102 us
[71.379s][info][gc,stats      ]   Weak References                    54 us
[71.379s][info][gc,stats      ]     Process                          53 us
[71.379s][info][gc,stats      ]   System Purge                      281 us
[71.379s][info][gc,stats      ]     Unload Classes                 1026 us
[71.379s][info][gc,stats      ]     Cleanup                       24241 us, parallelism: 1.00x
[71.379s][info][gc,stats      ]       CU: <total>                 24135 us
[71.379s][info][gc,stats      ]       CU: Code Cache Roots        10301 us, workers (us): 10301, 
[71.379s][info][gc,stats      ]       CU: Code Cache Cleaning      1646 us, workers (us): 1646, 
[71.379s][info][gc,stats      ]       CU: String Table Roots       6045 us, workers (us): 6045, 
[71.379s][info][gc,stats      ]       CU: Resolved Table Roots      132 us, workers (us): 132, 
[71.379s][info][gc,stats      ]       CU: CLDG Roots               6012 us, workers (us): 6012, 
[71.379s][info][gc,stats      ]     Weak Roots                      281 us
[71.379s][info][gc,stats      ]     CLDG                            227 us
[71.379s][info][gc,stats      ]   Update Region States               29 us
[71.379s][info][gc,stats      ]   Retire TLABs                       39 us
[71.379s][info][gc,stats      ]   Choose Collection Set              50 us
[71.379s][info][gc,stats      ]   Rebuild Free Set                    9 us
[71.379s][info][gc,stats      ] Concurrent Cleanup                   82 us
[71.379s][info][gc,stats      ] Pacing                             7002 us
[71.379s][info][gc,stats      ] 
[71.379s][info][gc,stats      ] Allocation pacing accrued:
[71.379s][info][gc,stats      ]       7 of   403 ms (  1.7%): Executor task launch worker for task 0.0 in stage 17.0 (TID 17)
[71.379s][info][gc,stats      ]       7 of   403 ms (  1.7%): <total>
[71.379s][info][gc,stats      ]       0 of   403 ms (  0.0%): <average total>
[71.379s][info][gc,stats      ]       7 of   403 ms (  1.7%): <average non-zero>
[71.379s][info][gc,stats      ] 
[71.379s][info][gc,metaspace  ] Metaspace: 60690K->60316K(1103872K)
[71.379s][info][gc,ergo       ] Pacer for Idle. Initial: 10240K, Alloc Tax Rate: 1.0x
[71.379s][info][gc,start      ] Concurrent uncommit
[71.427s][info][gc            ] Concurrent uncommit 32M->32M(33M) 47.963ms
[71.738s][info][gc            ] Trigger: Learning 2 of 5. Free (349M) is below initial threshold (350M)
[71.738s][info][gc,ergo       ] Free: 349M, Max: 256K regular, 164M humongous, Frag: 53% external, 0% internal; Reserve: 25600K, Max: 256K
[71.738s][info][gc,start      ] GC(164) Concurrent reset
[71.738s][info][gc,task       ] GC(164) Using 1 of 1 workers for concurrent reset
[71.738s][info][gc,ergo       ] GC(164) Pacer for Reset. Non-Taxable: 500M
[71.739s][info][gc            ] GC(164) Concurrent reset 0.119ms
[71.744s][info][gc,start      ] GC(164) Pause Init Mark
[71.745s][info][gc,task       ] GC(164) Using 1 of 1 workers for init marking
[71.747s][info][gc,ergo       ] GC(164) Pacer for Mark. Expected Live: 24695K, Free: 349M, Non-Taxable: 35814K, Alloc Tax Rate: 0.1x
[71.747s][info][gc            ] GC(164) Pause Init Mark 2.474ms
[71.749s][info][gc,start      ] GC(164) Concurrent marking
[71.749s][info][gc,task       ] GC(164) Using 1 of 1 workers for concurrent marking
[71.862s][info][gc            ] GC(164) Concurrent marking 112.596ms
[71.862s][info][gc,start      ] GC(164) Pause Final Mark
[71.862s][info][gc,task       ] GC(164) Using 1 of 1 workers for final marking
[71.862s][info][gc,ergo       ] GC(164) Adaptive CSet Selection. Target Free: 72533K, Actual Free: 345M, Max CSet: 21333K, Min Garbage: 0B
[71.862s][info][gc,ergo       ] GC(164) Collectable Garbage: 94031K (98%), Immediate: 8040K (8%), CSet: 85990K (89%)
[71.871s][info][gc,ergo       ] GC(164) Pacer for Evacuation. Used CSet: 91798K, Free: 322M, Non-Taxable: 33049K, Alloc Tax Rate: 1.1x
[71.871s][info][gc            ] GC(164) Pause Final Mark 8.696ms
[71.871s][info][gc,start      ] GC(164) Concurrent cleanup
[71.871s][info][gc            ] GC(164) Concurrent cleanup 158M->150M(162M) 0.044ms
[71.871s][info][gc,ergo       ] GC(164) Free: 322M, Max: 256K regular, 128M humongous, Frag: 61% external, 0% internal; Reserve: 25473K, Max: 256K
[71.871s][info][gc,start      ] GC(164) Concurrent evacuation
[71.871s][info][gc,task       ] GC(164) Using 1 of 1 workers for concurrent evacuation
[71.888s][info][gc            ] GC(164) Concurrent evacuation 17.218ms
[71.896s][info][gc,start      ] GC(164) Pause Init Update Refs
[71.896s][info][gc,ergo       ] GC(164) Pacer for Update Refs. Used: 171M, Free: 307M, Non-Taxable: 31488K, Alloc Tax Rate: 1.1x
[71.896s][info][gc            ] GC(164) Pause Init Update Refs 0.062ms
[71.896s][info][gc,start      ] GC(164) Concurrent update references
[71.896s][info][gc,task       ] GC(164) Using 1 of 1 workers for concurrent reference update
[72.000s][info][gc            ] GC(164) Concurrent update references 104.515ms
[72.004s][info][gc,start      ] GC(164) Pause Final Update Refs
[72.004s][info][gc,task       ] GC(164) Using 1 of 1 workers for final reference update
[72.005s][info][gc            ] GC(164) Pause Final Update Refs 0.573ms
[72.005s][info][gc,start      ] GC(164) Concurrent cleanup
[72.005s][info][gc            ] GC(164) Concurrent cleanup 218M->128M(220M) 0.054ms
[72.005s][info][gc,ergo       ] Free: 345M, Max: 256K regular, 261M humongous, Frag: 25% external, 0% internal; Reserve: 25600K, Max: 256K
[72.005s][info][gc,stats      ] 
[72.005s][info][gc,stats      ] All times are wall-clock times, except per-root-class counters, that are sum over
[72.005s][info][gc,stats      ] all workers. Dividing the <total> over the root stage time estimates parallelism.
[72.005s][info][gc,stats      ] 
[72.005s][info][gc,stats      ] Concurrent Reset                    104 us
[72.005s][info][gc,stats      ] Pause Init Mark (G)               10453 us
[72.005s][info][gc,stats      ] Pause Init Mark (N)                2408 us
[72.005s][info][gc,stats      ]   Accumulate Stats                   28 us
[72.005s][info][gc,stats      ]   Make Parsable                      26 us
[72.005s][info][gc,stats      ]   Update Region States               54 us
[72.005s][info][gc,stats      ]   Scan Roots                       2202 us, parallelism: 0.86x
[72.005s][info][gc,stats      ]     S: <total>                     1892 us
[72.005s][info][gc,stats      ]     S: Thread Roots                 951 us, workers (us): 951, 
[72.005s][info][gc,stats      ]     S: Universe Roots                 3 us, workers (us):   3, 
[72.005s][info][gc,stats      ]     S: JNI Handles Roots              2 us, workers (us):   2, 
[72.005s][info][gc,stats      ]     S: Synchronizer Roots             0 us, workers (us):   0, 
[72.005s][info][gc,stats      ]     S: Management Roots               3 us, workers (us):   3, 
[72.005s][info][gc,stats      ]     S: System Dict Roots             14 us, workers (us):  14, 
[72.005s][info][gc,stats      ]     S: CLDG Roots                   919 us, workers (us): 919, 
[72.005s][info][gc,stats      ]     S: JVMTI Roots                    1 us, workers (us):   1, 
[72.005s][info][gc,stats      ]   Resize TLABs                       25 us
[72.005s][info][gc,stats      ] Concurrent Marking               112539 us
[72.005s][info][gc,stats      ] Pause Final Mark (G)               8870 us
[72.005s][info][gc,stats      ] Pause Final Mark (N)               8685 us
[72.005s][info][gc,stats      ]   Finish Queues                      19 us
[72.005s][info][gc,stats      ]   System Purge                      291 us
[72.005s][info][gc,stats      ]     Weak Roots                      291 us
[72.005s][info][gc,stats      ]   Update Region States               32 us
[72.005s][info][gc,stats      ]   Retire TLABs                       20 us
[72.005s][info][gc,stats      ]   Choose Collection Set             124 us
[72.005s][info][gc,stats      ]   Rebuild Free Set                    8 us
[72.005s][info][gc,stats      ]   Initial Evacuation               8182 us, parallelism: 0.89x
[72.005s][info][gc,stats      ]     E: <total>                     7318 us
[72.005s][info][gc,stats      ]     E: Thread Roots                6525 us, workers (us): 6525, 
[72.005s][info][gc,stats      ]     E: Code Cache Roots             234 us, workers (us): 234, 
[72.005s][info][gc,stats      ]     E: Universe Roots                 1 us, workers (us):   1, 
[72.005s][info][gc,stats      ]     E: JNI Handles Roots              1 us, workers (us):   1, 
[72.005s][info][gc,stats      ]     E: Synchronizer Roots             0 us, workers (us):   0, 
[72.005s][info][gc,stats      ]     E: Management Roots               1 us, workers (us):   1, 
[72.005s][info][gc,stats      ]     E: System Dict Roots             10 us, workers (us):  10, 
[72.005s][info][gc,stats      ]     E: CLDG Roots                   545 us, workers (us): 545, 
[72.005s][info][gc,stats      ]     E: JVMTI Roots                    0 us, workers (us):   0, 
[72.005s][info][gc,stats      ] Concurrent Cleanup                   36 us
[72.005s][info][gc,stats      ] Concurrent Evacuation             17206 us
[72.005s][info][gc,stats      ] Pause Init  Update Refs (G)        7930 us
[72.005s][info][gc,stats      ] Pause Init  Update Refs (N)          18 us
[72.005s][info][gc,stats      ]   Retire GCLABs                      10 us
[72.005s][info][gc,stats      ] Concurrent Update Refs           104500 us
[72.005s][info][gc,stats      ] Pause Final Update Refs (G)        4411 us
[72.005s][info][gc,stats      ] Pause Final Update Refs (N)         530 us
[72.005s][info][gc,stats      ]   Update Roots                      484 us, parallelism: 0.98x
[72.005s][info][gc,stats      ]     UR: <total>                     475 us
[72.005s][info][gc,stats      ]     UR: Thread Roots                475 us, workers (us): 475, 
[72.005s][info][gc,stats      ]   Update Region States               28 us
[72.005s][info][gc,stats      ]   Trash Collection Set                3 us
[72.005s][info][gc,stats      ]   Rebuild Free Set                    7 us
[72.005s][info][gc,stats      ] Concurrent Cleanup                   47 us
[72.005s][info][gc,stats      ] 
[72.005s][info][gc,stats      ] Allocation pacing accrued:
[72.005s][info][gc,stats      ]       0 of   626 ms (  0.0%): <total>
[72.005s][info][gc,stats      ]       0 of   626 ms (  0.0%): <average total>
[72.005s][info][gc,stats      ] 
[72.005s][info][gc,metaspace  ] Metaspace: 60624K->60624K(1103872K)
[72.005s][info][gc,ergo       ] Pacer for Idle. Initial: 10240K, Alloc Tax Rate: 1.0x
[72.007s][info][gc            ] Trigger: Learning 3 of 5. Free (341M) is below initial threshold (350M)
[72.007s][info][gc,ergo       ] Free: 341M, Max: 256K regular, 261M humongous, Frag: 24% external, 0% internal; Reserve: 25600K, Max: 256K
[72.007s][info][gc,start      ] GC(165) Concurrent reset
[72.007s][info][gc,task       ] GC(165) Using 1 of 1 workers for concurrent reset
[72.007s][info][gc,ergo       ] GC(165) Pacer for Reset. Non-Taxable: 500M
[72.007s][info][gc            ] GC(165) Concurrent reset 0.216ms
[72.009s][info][gc,start      ] GC(165) Pause Init Mark (process weakrefs)
[72.009s][info][gc,task       ] GC(165) Using 1 of 1 workers for init marking
[72.011s][info][gc,ergo       ] GC(165) Pacer for Mark. Expected Live: 25581K, Free: 341M, Non-Taxable: 35000K, Alloc Tax Rate: 0.1x
[72.011s][info][gc            ] GC(165) Pause Init Mark (process weakrefs) 1.543ms
[72.011s][info][gc,start      ] GC(165) Concurrent marking (process weakrefs)
[72.011s][info][gc,task       ] GC(165) Using 1 of 1 workers for concurrent marking
[72.113s][info][gc            ] GC(165) Concurrent marking (process weakrefs) 101.972ms
[72.113s][info][gc,start      ] GC(165) Concurrent precleaning
[72.113s][info][gc,task       ] GC(165) Using 1 of 1 workers for concurrent preclean
[72.113s][info][gc,ergo       ] GC(165) Pacer for Precleaning. Non-Taxable: 500M
[72.115s][info][gc            ] GC(165) Concurrent precleaning 2.183ms
[72.117s][info][gc,start      ] GC(165) Pause Final Mark (process weakrefs)
[72.117s][info][gc,task       ] GC(165) Using 1 of 1 workers for final marking
[72.117s][info][gc,ergo       ] GC(165) Adaptive CSet Selection. Target Free: 72533K, Actual Free: 306M, Max CSet: 21333K, Min Garbage: 0B
[72.117s][info][gc,ergo       ] GC(165) Collectable Garbage: 95888K (98%), Immediate: 256K (0%), CSet: 95632K (97%)
[72.121s][info][gc,ergo       ] GC(165) Pacer for Evacuation. Used CSet: 100M, Free: 282M, Non-Taxable: 28882K, Alloc Tax Rate: 1.1x
[72.121s][info][gc            ] GC(165) Pause Final Mark (process weakrefs) 4.452ms
[72.121s][info][gc,start      ] GC(165) Concurrent cleanup
[72.121s][info][gc            ] GC(165) Concurrent cleanup 191M->191M(220M) 0.043ms
[72.121s][info][gc,ergo       ] GC(165) Free: 282M, Max: 256K regular, 261M humongous, Frag: 8% external, 0% internal; Reserve: 25600K, Max: 256K
[72.121s][info][gc,start      ] GC(165) Concurrent evacuation
[72.121s][info][gc,task       ] GC(165) Using 1 of 1 workers for concurrent evacuation
[72.150s][info][gc            ] GC(165) Concurrent evacuation 29.135ms
[72.161s][info][gc,start      ] GC(165) Pause Init Update Refs
[72.161s][info][gc,ergo       ] GC(165) Pacer for Update Refs. Used: 220M, Free: 260M, Non-Taxable: 26680K, Alloc Tax Rate: 1.1x
[72.161s][info][gc            ] GC(165) Pause Init Update Refs 0.069ms
[72.161s][info][gc,start      ] GC(165) Concurrent update references
[72.161s][info][gc,task       ] GC(165) Using 1 of 1 workers for concurrent reference update
[72.331s][info][gc            ] GC(165) Concurrent update references 169.764ms
[72.334s][info][gc,start      ] GC(165) Pause Final Update Refs
[72.334s][info][gc,task       ] GC(165) Using 1 of 1 workers for final reference update
[72.334s][info][gc            ] GC(165) Pause Final Update Refs 0.539ms
[72.334s][info][gc,start      ] GC(165) Concurrent cleanup
[72.334s][info][gc            ] GC(165) Concurrent cleanup 290M->189M(294M) 0.106ms
[72.334s][info][gc,ergo       ] Free: 283M, Max: 256K regular, 183M humongous, Frag: 36% external, 0% internal; Reserve: 25600K, Max: 256K
[72.334s][info][gc,stats      ] 
[72.334s][info][gc,stats      ] All times are wall-clock times, except per-root-class counters, that are sum over
[72.334s][info][gc,stats      ] all workers. Dividing the <total> over the root stage time estimates parallelism.
[72.334s][info][gc,stats      ] 
[72.334s][info][gc,stats      ] Concurrent Reset                    208 us
[72.334s][info][gc,stats      ] Pause Init Mark (G)                3565 us
[72.334s][info][gc,stats      ] Pause Init Mark (N)                1522 us
[72.334s][info][gc,stats      ]   Accumulate Stats                   19 us
[72.334s][info][gc,stats      ]   Make Parsable                      14 us
[72.334s][info][gc,stats      ]   Update Region States               22 us
[72.334s][info][gc,stats      ]   Scan Roots                       1424 us, parallelism: 0.82x
[72.334s][info][gc,stats      ]     S: <total>                     1164 us
[72.334s][info][gc,stats      ]     S: Thread Roots                 555 us, workers (us): 555, 
[72.334s][info][gc,stats      ]     S: Universe Roots                 2 us, workers (us):   2, 
[72.334s][info][gc,stats      ]     S: JNI Handles Roots              1 us, workers (us):   1, 
[72.334s][info][gc,stats      ]     S: Synchronizer Roots             0 us, workers (us):   0, 
[72.334s][info][gc,stats      ]     S: Management Roots               1 us, workers (us):   1, 
[72.334s][info][gc,stats      ]     S: System Dict Roots             11 us, workers (us):  11, 
[72.335s][info][gc,stats      ]     S: CLDG Roots                   591 us, workers (us): 591, 
[72.335s][info][gc,stats      ]     S: JVMTI Roots                    1 us, workers (us):   1, 
[72.335s][info][gc,stats      ]   Resize TLABs                       13 us
[72.335s][info][gc,stats      ] Concurrent Marking               101950 us
[72.335s][info][gc,stats      ] Concurrent Precleaning             2173 us
[72.335s][info][gc,stats      ] Pause Final Mark (G)               5953 us
[72.335s][info][gc,stats      ] Pause Final Mark (N)               4440 us
[72.335s][info][gc,stats      ]   Finish Queues                      30 us
[72.335s][info][gc,stats      ]   Weak References                    22 us
[72.335s][info][gc,stats      ]     Process                          19 us
[72.335s][info][gc,stats      ]   System Purge                      287 us
[72.335s][info][gc,stats      ]     Weak Roots                      286 us
[72.335s][info][gc,stats      ]   Update Region States               30 us
[72.335s][info][gc,stats      ]   Retire TLABs                       18 us
[72.335s][info][gc,stats      ]   Choose Collection Set              86 us
[72.335s][info][gc,stats      ]   Rebuild Free Set                    8 us
[72.335s][info][gc,stats      ]   Initial Evacuation               3951 us, parallelism: 0.84x
[72.335s][info][gc,stats      ]     E: <total>                     3310 us
[72.335s][info][gc,stats      ]     E: Thread Roots                2585 us, workers (us): 2585, 
[72.335s][info][gc,stats      ]     E: Code Cache Roots             237 us, workers (us): 237, 
[72.335s][info][gc,stats      ]     E: Universe Roots                 1 us, workers (us):   1, 
[72.335s][info][gc,stats      ]     E: JNI Handles Roots              1 us, workers (us):   1, 
[72.335s][info][gc,stats      ]     E: Synchronizer Roots             0 us, workers (us):   0, 
[72.335s][info][gc,stats      ]     E: Management Roots               1 us, workers (us):   1, 
[72.335s][info][gc,stats      ]     E: System Dict Roots             10 us, workers (us):  10, 
[72.335s][info][gc,stats      ]     E: CLDG Roots                   475 us, workers (us): 475, 
[72.335s][info][gc,stats      ]     E: JVMTI Roots                    0 us, workers (us):   0, 
[72.335s][info][gc,stats      ] Concurrent Cleanup                   34 us
[72.335s][info][gc,stats      ] Concurrent Evacuation             29122 us
[72.335s][info][gc,stats      ] Pause Init  Update Refs (G)       10449 us
[72.335s][info][gc,stats      ] Pause Init  Update Refs (N)          20 us
[72.335s][info][gc,stats      ]   Retire GCLABs                      11 us
[72.335s][info][gc,stats      ] Concurrent Update Refs           169749 us
[72.335s][info][gc,stats      ] Pause Final Update Refs (G)        3696 us
[72.335s][info][gc,stats      ] Pause Final Update Refs (N)         522 us
[72.335s][info][gc,stats      ]   Update Roots                      478 us, parallelism: 0.98x
[72.335s][info][gc,stats      ]     UR: <total>                     469 us
[72.335s][info][gc,stats      ]     UR: Thread Roots                469 us, workers (us): 469, 
[72.335s][info][gc,stats      ]   Update Region States               27 us
[72.335s][info][gc,stats      ]   Trash Collection Set                3 us
[72.335s][info][gc,stats      ]   Rebuild Free Set                    7 us
[72.335s][info][gc,stats      ] Concurrent Cleanup                   97 us
[72.335s][info][gc,stats      ] 
[72.335s][info][gc,stats      ] Allocation pacing accrued:
[72.335s][info][gc,stats      ]       0 of   329 ms (  0.0%): <total>
[72.335s][info][gc,stats      ]       0 of   329 ms (  0.0%): <average total>
[72.335s][info][gc,stats      ] 
[72.335s][info][gc,metaspace  ] Metaspace: 60624K->60624K(1103872K)
[72.335s][info][gc,ergo       ] Pacer for Idle. Initial: 10240K, Alloc Tax Rate: 1.0x
[72.336s][info][gc            ] Trigger: Learning 4 of 5. Free (280M) is below initial threshold (350M)
[72.336s][info][gc,ergo       ] Free: 280M, Max: 256K regular, 183M humongous, Frag: 35% external, 0% internal; Reserve: 25600K, Max: 256K
[72.336s][info][gc,start      ] GC(166) Concurrent reset
[72.336s][info][gc,task       ] GC(166) Using 1 of 1 workers for concurrent reset
[72.336s][info][gc,ergo       ] GC(166) Pacer for Reset. Non-Taxable: 500M
[72.339s][info][gc            ] GC(166) Concurrent reset 3.132ms
[72.343s][info][gc,start      ] GC(166) Pause Init Mark
[72.343s][info][gc,task       ] GC(166) Using 1 of 1 workers for init marking
[72.344s][info][gc,ergo       ] GC(166) Pacer for Mark. Expected Live: 28022K, Free: 273M, Non-Taxable: 28037K, Alloc Tax Rate: 0.1x
[72.344s][info][gc            ] GC(166) Pause Init Mark 1.583ms
[72.344s][info][gc,start      ] GC(166) Concurrent marking
[72.344s][info][gc,task       ] GC(166) Using 1 of 1 workers for concurrent marking
[72.427s][info][gc            ] GC(166) Concurrent marking 82.690ms
[72.427s][info][gc,start      ] GC(166) Pause Final Mark
[72.427s][info][gc,task       ] GC(166) Using 1 of 1 workers for final marking
[72.427s][info][gc,ergo       ] GC(166) Adaptive CSet Selection. Target Free: 72533K, Actual Free: 222M, Max CSet: 21333K, Min Garbage: 0B
[72.428s][info][gc,ergo       ] GC(166) Collectable Garbage: 149M (98%), Immediate: 512K (0%), CSet: 148M (98%)
[72.429s][info][gc,ergo       ] GC(166) Pacer for Evacuation. Used CSet: 160M, Free: 197M, Non-Taxable: 20255K, Alloc Tax Rate: 2.0x
[72.430s][info][gc            ] GC(166) Pause Final Mark 2.462ms
[72.434s][info][gc,start      ] GC(166) Concurrent cleanup
[72.434s][info][gc            ] GC(166) Concurrent cleanup 284M->284M(295M) 0.063ms
[72.434s][info][gc,ergo       ] GC(166) Free: 189M, Max: 256K regular, 183M humongous, Frag: 4% external, 0% internal; Reserve: 25585K, Max: 256K
[72.434s][info][gc,start      ] GC(166) Concurrent evacuation
[72.434s][info][gc,task       ] GC(166) Using 1 of 1 workers for concurrent evacuation
[72.467s][info][gc            ] GC(166) Concurrent evacuation 32.564ms
[72.470s][info][gc,start      ] GC(166) Pause Init Update Refs
[72.470s][info][gc,ergo       ] GC(166) Pacer for Update Refs. Used: 320M, Free: 165M, Non-Taxable: 16927K, Alloc Tax Rate: 2.4x
[72.470s][info][gc            ] GC(166) Pause Init Update Refs 0.048ms
[72.470s][info][gc,start      ] GC(166) Concurrent update references
[72.470s][info][gc,task       ] GC(166) Using 1 of 1 workers for concurrent reference update
[72.633s][info][gc            ] GC(166) Concurrent update references 163.095ms
[72.636s][info][gc,start      ] GC(166) Pause Final Update Refs
[72.636s][info][gc,task       ] GC(166) Using 1 of 1 workers for final reference update
[72.637s][info][gc            ] GC(166) Pause Final Update Refs 0.546ms
[72.639s][info][gc,start      ] GC(166) Concurrent cleanup
[72.639s][info][gc            ] GC(166) Concurrent cleanup 422M->265M(424M) 0.079ms
[72.639s][info][gc,ergo       ] Free: 208M, Max: 256K regular, 72448K humongous, Frag: 67% external, 0% internal; Reserve: 25600K, Max: 256K
[72.639s][info][gc,stats      ] 
[72.639s][info][gc,stats      ] All times are wall-clock times, except per-root-class counters, that are sum over
[72.639s][info][gc,stats      ] all workers. Dividing the <total> over the root stage time estimates parallelism.
[72.639s][info][gc,stats      ] 
[72.639s][info][gc,stats      ] Concurrent Reset                   3122 us
[72.639s][info][gc,stats      ] Pause Init Mark (G)                4759 us
[72.639s][info][gc,stats      ] Pause Init Mark (N)                1552 us
[72.639s][info][gc,stats      ]   Accumulate Stats                   24 us
[72.639s][info][gc,stats      ]   Make Parsable                      12 us
[72.639s][info][gc,stats      ]   Update Region States               26 us
[72.639s][info][gc,stats      ]   Scan Roots                       1433 us, parallelism: 0.81x
[72.639s][info][gc,stats      ]     S: <total>                     1167 us
[72.639s][info][gc,stats      ]     S: Thread Roots                 597 us, workers (us): 597, 
[72.639s][info][gc,stats      ]     S: Universe Roots                 2 us, workers (us):   2, 
[72.639s][info][gc,stats      ]     S: JNI Handles Roots              1 us, workers (us):   1, 
[72.639s][info][gc,stats      ]     S: Synchronizer Roots             0 us, workers (us):   0, 
[72.639s][info][gc,stats      ]     S: Management Roots               1 us, workers (us):   1, 
[72.639s][info][gc,stats      ]     S: System Dict Roots             11 us, workers (us):  11, 
[72.639s][info][gc,stats      ]     S: CLDG Roots                   554 us, workers (us): 554, 
[72.639s][info][gc,stats      ]     S: JVMTI Roots                    0 us, workers (us):   0, 
[72.639s][info][gc,stats      ]   Resize TLABs                       17 us
[72.639s][info][gc,stats      ] Concurrent Marking                82681 us
[72.639s][info][gc,stats      ] Pause Final Mark (G)               7045 us
[72.639s][info][gc,stats      ] Pause Final Mark (N)               2453 us
[72.639s][info][gc,stats      ]   Finish Queues                      13 us
[72.639s][info][gc,stats      ]   System Purge                      285 us
[72.639s][info][gc,stats      ]     Weak Roots                      285 us
[72.639s][info][gc,stats      ]   Update Region States               26 us
[72.639s][info][gc,stats      ]   Retire TLABs                       23 us
[72.639s][info][gc,stats      ]   Choose Collection Set             112 us
[72.639s][info][gc,stats      ]   Rebuild Free Set                    7 us
[72.639s][info][gc,stats      ]   Initial Evacuation               1979 us, parallelism: 0.70x
[72.639s][info][gc,stats      ]     E: <total>                     1382 us
[72.639s][info][gc,stats      ]     E: Thread Roots                 608 us, workers (us): 608, 
[72.639s][info][gc,stats      ]     E: Code Cache Roots             216 us, workers (us): 216, 
[72.639s][info][gc,stats      ]     E: Universe Roots                 1 us, workers (us):   1, 
[72.639s][info][gc,stats      ]     E: JNI Handles Roots              1 us, workers (us):   1, 
[72.639s][info][gc,stats      ]     E: Synchronizer Roots             0 us, workers (us):   0, 
[72.639s][info][gc,stats      ]     E: Management Roots               1 us, workers (us):   1, 
[72.639s][info][gc,stats      ]     E: System Dict Roots              9 us, workers (us):   9, 
[72.639s][info][gc,stats      ]     E: CLDG Roots                   545 us, workers (us): 545, 
[72.639s][info][gc,stats      ]     E: JVMTI Roots                    0 us, workers (us):   0, 
[72.639s][info][gc,stats      ] Concurrent Cleanup                   34 us
[72.639s][info][gc,stats      ] Concurrent Evacuation             32552 us
[72.639s][info][gc,stats      ] Pause Init  Update Refs (G)        3216 us
[72.639s][info][gc,stats      ] Pause Init  Update Refs (N)          19 us
[72.639s][info][gc,stats      ]   Retire GCLABs                       9 us
[72.639s][info][gc,stats      ] Concurrent Update Refs           163080 us
[72.639s][info][gc,stats      ] Pause Final Update Refs (G)        6045 us
[72.639s][info][gc,stats      ] Pause Final Update Refs (N)         527 us
[72.639s][info][gc,stats      ]   Update Roots                      481 us, parallelism: 0.98x
[72.639s][info][gc,stats      ]     UR: <total>                     473 us
[72.639s][info][gc,stats      ]     UR: Thread Roots                473 us, workers (us): 473, 
[72.639s][info][gc,stats      ]   Update Region States               27 us
[72.639s][info][gc,stats      ]   Trash Collection Set                4 us
[72.640s][info][gc,stats      ]   Rebuild Free Set                    7 us
[72.640s][info][gc,stats      ] Concurrent Cleanup                   58 us
[72.640s][info][gc,stats      ] Pacing                            20199 us
[72.640s][info][gc,stats      ] 
[72.640s][info][gc,stats      ] Allocation pacing accrued:
[72.640s][info][gc,stats      ]      11 of   305 ms (  3.6%): Spark Context Cleaner
[72.640s][info][gc,stats      ]       9 of   305 ms (  3.1%): Executor task launch worker for task 0.0 in stage 18.0 (TID 18)
[72.640s][info][gc,stats      ]      20 of   305 ms (  6.6%): <total>
[72.640s][info][gc,stats      ]       0 of   305 ms (  0.0%): <average total>
[72.640s][info][gc,stats      ]      10 of   305 ms (  3.3%): <average non-zero>
[72.640s][info][gc,stats      ] 
[72.640s][info][gc,metaspace  ] Metaspace: 60624K->60624K(1103872K)
[72.640s][info][gc,ergo       ] Pacer for Idle. Initial: 10240K, Alloc Tax Rate: 1.0x
[72.641s][info][gc            ] Trigger: Learning 5 of 5. Free (204M) is below initial threshold (350M)
[72.641s][info][gc,ergo       ] Free: 204M, Max: 256K regular, 72448K humongous, Frag: 66% external, 0% internal; Reserve: 25600K, Max: 256K
[72.641s][info][gc,start      ] GC(167) Concurrent reset
[72.641s][info][gc,task       ] GC(167) Using 1 of 1 workers for concurrent reset
[72.641s][info][gc,ergo       ] GC(167) Pacer for Reset. Non-Taxable: 500M
[72.641s][info][gc            ] GC(167) Concurrent reset 0.295ms
[72.645s][info][gc,start      ] GC(167) Pause Init Mark
[72.645s][info][gc,task       ] GC(167) Using 1 of 1 workers for init marking
[72.646s][info][gc,ergo       ] GC(167) Pacer for Mark. Expected Live: 33000K, Free: 204M, Non-Taxable: 20946K, Alloc Tax Rate: 0.2x
[72.646s][info][gc            ] GC(167) Pause Init Mark 1.590ms
[72.646s][info][gc,start      ] GC(167) Concurrent marking
[72.646s][info][gc,task       ] GC(167) Using 1 of 1 workers for concurrent marking
[72.738s][info][gc            ] GC(167) Concurrent marking 91.197ms
[72.738s][info][gc,start      ] GC(167) Pause Final Mark
[72.738s][info][gc,task       ] GC(167) Using 1 of 1 workers for final marking
[72.738s][info][gc,ergo       ] GC(167) Adaptive CSet Selection. Target Free: 72533K, Actual Free: 173M, Max CSet: 21333K, Min Garbage: 0B
[72.738s][info][gc,ergo       ] GC(167) Collectable Garbage: 201M (99%), Immediate: 1024K (0%), CSet: 200M (98%)
[72.740s][info][gc,ergo       ] GC(167) Pacer for Evacuation. Used CSet: 216M, Free: 148M, Non-Taxable: 15237K, Alloc Tax Rate: 3.6x
[72.740s][info][gc            ] GC(167) Pause Final Mark 2.494ms
[72.740s][info][gc,start      ] GC(167) Concurrent cleanup
[72.741s][info][gc            ] GC(167) Concurrent cleanup 325M->325M(424M) 0.043ms
[72.741s][info][gc,ergo       ] GC(167) Free: 148M, Max: 256K regular, 72448K humongous, Frag: 53% external, 1% internal; Reserve: 25600K, Max: 256K
[72.741s][info][gc,start      ] GC(167) Concurrent evacuation
[72.741s][info][gc,task       ] GC(167) Using 1 of 1 workers for concurrent evacuation
[72.803s][info][gc            ] GC(167) Concurrent evacuation 62.051ms
[72.808s][info][gc,start      ] GC(167) Pause Init Update Refs
[72.808s][info][gc,ergo       ] GC(167) Pacer for Update Refs. Used: 397M, Free: 94007K, Non-Taxable: 9400K, Alloc Tax Rate: 5.3x
[72.808s][info][gc            ] GC(167) Pause Init Update Refs 0.070ms
[72.808s][info][gc,start      ] GC(167) Concurrent update references
[72.808s][info][gc,task       ] GC(167) Using 1 of 1 workers for concurrent reference update
[72.931s][info][gc            ] GC(167) Concurrent update references 123.651ms
[72.932s][info][gc,start      ] GC(167) Pause Final Update Refs
[72.932s][info][gc,task       ] GC(167) Using 1 of 1 workers for final reference update
[72.932s][info][gc            ] GC(167) Pause Final Update Refs 0.533ms
[72.932s][info][gc,start      ] GC(167) Concurrent cleanup
[72.932s][info][gc            ] GC(167) Concurrent cleanup 469M->252M(471M) 0.089ms
[72.932s][info][gc,ergo       ] Free: 220M, Max: 256K regular, 119M humongous, Frag: 46% external, 0% internal; Reserve: 25600K, Max: 256K
[72.932s][info][gc,stats      ] 
[72.932s][info][gc,stats      ] All times are wall-clock times, except per-root-class counters, that are sum over
[72.932s][info][gc,stats      ] all workers. Dividing the <total> over the root stage time estimates parallelism.
[72.932s][info][gc,stats      ] 
[72.932s][info][gc,stats      ] Concurrent Reset                    289 us
[72.932s][info][gc,stats      ] Pause Init Mark (G)                5019 us
[72.932s][info][gc,stats      ] Pause Init Mark (N)                1555 us
[72.932s][info][gc,stats      ]   Accumulate Stats                   20 us
[72.932s][info][gc,stats      ]   Make Parsable                      13 us
[72.932s][info][gc,stats      ]   Update Region States               28 us
[72.932s][info][gc,stats      ]   Scan Roots                       1438 us, parallelism: 0.80x
[72.932s][info][gc,stats      ]     S: <total>                     1151 us
[72.932s][info][gc,stats      ]     S: Thread Roots                 599 us, workers (us): 599, 
[72.932s][info][gc,stats      ]     S: Universe Roots                 2 us, workers (us):   2, 
[72.932s][info][gc,stats      ]     S: JNI Handles Roots              2 us, workers (us):   2, 
[72.932s][info][gc,stats      ]     S: Synchronizer Roots             0 us, workers (us):   0, 
[72.932s][info][gc,stats      ]     S: Management Roots               1 us, workers (us):   1, 
[72.932s][info][gc,stats      ]     S: System Dict Roots             11 us, workers (us):  11, 
[72.932s][info][gc,stats      ]     S: CLDG Roots                   535 us, workers (us): 535, 
[72.932s][info][gc,stats      ]     S: JVMTI Roots                    1 us, workers (us):   1, 
[72.932s][info][gc,stats      ]   Resize TLABs                       14 us
[72.932s][info][gc,stats      ] Concurrent Marking                91189 us
[72.932s][info][gc,stats      ] Pause Final Mark (G)               2724 us
[72.932s][info][gc,stats      ] Pause Final Mark (N)               2480 us
[72.932s][info][gc,stats      ]   Finish Queues                      28 us
[72.932s][info][gc,stats      ]   System Purge                      283 us
[72.932s][info][gc,stats      ]     Weak Roots                      282 us
[72.932s][info][gc,stats      ]   Update Region States               26 us
[72.932s][info][gc,stats      ]   Retire TLABs                       15 us
[72.932s][info][gc,stats      ]   Choose Collection Set             127 us
[72.932s][info][gc,stats      ]   Rebuild Free Set                    7 us
[72.932s][info][gc,stats      ]   Initial Evacuation               1988 us, parallelism: 0.68x
[72.933s][info][gc,stats      ]     E: <total>                     1358 us
[72.933s][info][gc,stats      ]     E: Thread Roots                 630 us, workers (us): 630, 
[72.933s][info][gc,stats      ]     E: Code Cache Roots             211 us, workers (us): 211, 
[72.933s][info][gc,stats      ]     E: Universe Roots                 1 us, workers (us):   1, 
[72.933s][info][gc,stats      ]     E: JNI Handles Roots              1 us, workers (us):   1, 
[72.933s][info][gc,stats      ]     E: Synchronizer Roots             0 us, workers (us):   0, 
[72.933s][info][gc,stats      ]     E: Management Roots               1 us, workers (us):   1, 
[72.933s][info][gc,stats      ]     E: System Dict Roots              8 us, workers (us):   8, 
[72.933s][info][gc,stats      ]     E: CLDG Roots                   506 us, workers (us): 506, 
[72.933s][info][gc,stats      ]     E: JVMTI Roots                    0 us, workers (us):   0, 
[72.933s][info][gc,stats      ] Concurrent Cleanup                   34 us
[72.933s][info][gc,stats      ] Concurrent Evacuation             62038 us
[72.933s][info][gc,stats      ] Pause Init  Update Refs (G)        5082 us
[72.933s][info][gc,stats      ] Pause Init  Update Refs (N)          20 us
[72.933s][info][gc,stats      ]   Retire GCLABs                      11 us
[72.933s][info][gc,stats      ] Concurrent Update Refs           123634 us
[72.933s][info][gc,stats      ] Pause Final Update Refs (G)         821 us
[72.933s][info][gc,stats      ] Pause Final Update Refs (N)         523 us
[72.933s][info][gc,stats      ]   Update Roots                      478 us, parallelism: 0.99x
[72.933s][info][gc,stats      ]     UR: <total>                     471 us
[72.933s][info][gc,stats      ]     UR: Thread Roots                471 us, workers (us): 471, 
[72.933s][info][gc,stats      ]   Update Region States               27 us
[72.933s][info][gc,stats      ]   Trash Collection Set                4 us
[72.933s][info][gc,stats      ]   Rebuild Free Set                    7 us
[72.933s][info][gc,stats      ] Concurrent Cleanup                   81 us
[72.933s][info][gc,stats      ] Pacing                            68231 us
[72.933s][info][gc,stats      ] 
[72.933s][info][gc,stats      ] Allocation pacing accrued:
[72.933s][info][gc,stats      ]      68 of   293 ms ( 23.3%): Executor task launch worker for task 0.0 in stage 18.0 (TID 18)
[72.933s][info][gc,stats      ]      68 of   293 ms ( 23.3%): <total>
[72.933s][info][gc,stats      ]       0 of   293 ms (  0.1%): <average total>
[72.933s][info][gc,stats      ]      68 of   293 ms ( 23.3%): <average non-zero>
[72.933s][info][gc,stats      ] 
[72.933s][info][gc,metaspace  ] Metaspace: 60624K->60624K(1103872K)
[72.933s][info][gc,ergo       ] Pacer for Idle. Initial: 10240K, Alloc Tax Rate: 1.0x
[72.958s][info][gc            ] Trigger: Average GC time (260.34 ms) is above the time for allocation rate (669 MB/s) to deplete free headroom (169M)
[72.958s][info][gc,ergo       ] Free headroom: 194M (free) - 25600K (spike) - 0B (penalties) = 169M
[72.958s][info][gc,ergo       ] Free: 194M, Max: 256K regular, 119M humongous, Frag: 39% external, 0% internal; Reserve: 25600K, Max: 256K
[72.958s][info][gc,start      ] GC(168) Concurrent reset
[72.958s][info][gc,task       ] GC(168) Using 1 of 1 workers for concurrent reset
[72.958s][info][gc,ergo       ] GC(168) Pacer for Reset. Non-Taxable: 500M
[72.958s][info][gc            ] GC(168) Concurrent reset 0.395ms
[72.962s][info][gc,start      ] GC(168) Pause Init Mark
[72.962s][info][gc,task       ] GC(168) Using 1 of 1 workers for init marking
[72.963s][info][gc,ergo       ] GC(168) Pacer for Mark. Expected Live: 41487K, Free: 194M, Non-Taxable: 19896K, Alloc Tax Rate: 0.3x
[72.963s][info][gc            ] GC(168) Pause Init Mark 1.526ms
[72.963s][info][gc,start      ] GC(168) Concurrent marking
[72.963s][info][gc,task       ] GC(168) Using 1 of 1 workers for concurrent marking
[73.056s][info][gc            ] GC(168) Concurrent marking 93.275ms
[73.057s][info][gc,start      ] GC(168) Pause Final Mark
[73.057s][info][gc,task       ] GC(168) Using 1 of 1 workers for final marking
[73.057s][info][gc,ergo       ] GC(168) Adaptive CSet Selection. Target Free: 72533K, Actual Free: 162M, Max CSet: 21333K, Min Garbage: 0B
[73.058s][info][gc,ergo       ] GC(168) Collectable Garbage: 194M (99%), Immediate: 2048K (1%), CSet: 192M (98%)
[73.059s][info][gc,ergo       ] GC(168) Pacer for Evacuation. Used CSet: 207M, Free: 137M, Non-Taxable: 14110K, Alloc Tax Rate: 3.7x
[73.060s][info][gc            ] GC(168) Pause Final Mark 2.453ms
[73.062s][info][gc,start      ] GC(168) Concurrent cleanup
[73.062s][info][gc            ] GC(168) Concurrent cleanup 341M->341M(471M) 0.049ms
[73.062s][info][gc,ergo       ] GC(168) Free: 132M, Max: 256K regular, 119M humongous, Frag: 10% external, 1% internal; Reserve: 25600K, Max: 256K
[73.062s][info][gc,start      ] GC(168) Concurrent evacuation
[73.062s][info][gc,task       ] GC(168) Using 1 of 1 workers for concurrent evacuation
[73.108s][info][gc            ] GC(168) Concurrent evacuation 45.432ms
[73.111s][info][gc,start      ] GC(168) Pause Init Update Refs
[73.111s][info][gc,ergo       ] GC(168) Pacer for Update Refs. Used: 407M, Free: 84023K, Non-Taxable: 8402K, Alloc Tax Rate: 6.1x
[73.111s][info][gc            ] GC(168) Pause Init Update Refs 0.036ms
[73.111s][info][gc,start      ] GC(168) Concurrent update references
[73.111s][info][gc,task       ] GC(168) Using 1 of 1 workers for concurrent reference update
[73.246s][info][gc            ] GC(168) Concurrent update references 135.251ms
[73.247s][info][gc,start      ] GC(168) Pause Final Update Refs
[73.247s][info][gc,task       ] GC(168) Using 1 of 1 workers for final reference update
[73.247s][info][gc            ] GC(168) Pause Final Update Refs 0.585ms
[73.247s][info][gc,start      ] GC(168) Concurrent cleanup
[73.247s][info][gc            ] GC(168) Concurrent cleanup 473M->265M(486M) 0.072ms
[73.247s][info][gc,ergo       ] Free: 208M, Max: 256K regular, 56064K humongous, Frag: 74% external, 1% internal; Reserve: 25600K, Max: 256K
[73.247s][info][gc,stats      ] 
[73.247s][info][gc,stats      ] All times are wall-clock times, except per-root-class counters, that are sum over
[73.247s][info][gc,stats      ] all workers. Dividing the <total> over the root stage time estimates parallelism.
[73.247s][info][gc,stats      ] 
[73.247s][info][gc,stats      ] Concurrent Reset                    386 us
[73.247s][info][gc,stats      ] Pause Init Mark (G)                5000 us
[73.247s][info][gc,stats      ] Pause Init Mark (N)                1494 us
[73.247s][info][gc,stats      ]   Accumulate Stats                   23 us
[73.247s][info][gc,stats      ]   Make Parsable                      12 us
[73.247s][info][gc,stats      ]   Update Region States               27 us
[73.247s][info][gc,stats      ]   Scan Roots                       1386 us, parallelism: 0.81x
[73.247s][info][gc,stats      ]     S: <total>                     1124 us
[73.247s][info][gc,stats      ]     S: Thread Roots                 593 us, workers (us): 593, 
[73.247s][info][gc,stats      ]     S: Universe Roots                 3 us, workers (us):   3, 
[73.248s][info][gc,stats      ]     S: JNI Handles Roots              1 us, workers (us):   1, 
[73.248s][info][gc,stats      ]     S: Synchronizer Roots             0 us, workers (us):   0, 
[73.248s][info][gc,stats      ]     S: Management Roots               1 us, workers (us):   1, 
[73.248s][info][gc,stats      ]     S: System Dict Roots             12 us, workers (us):  12, 
[73.248s][info][gc,stats      ]     S: CLDG Roots                   513 us, workers (us): 513, 
[73.248s][info][gc,stats      ]     S: JVMTI Roots                    0 us, workers (us):   0, 
[73.248s][info][gc,stats      ]   Resize TLABs                       12 us
[73.248s][info][gc,stats      ] Concurrent Marking                93266 us
[73.248s][info][gc,stats      ] Pause Final Mark (G)               5803 us
[73.248s][info][gc,stats      ] Pause Final Mark (N)               2442 us
[73.248s][info][gc,stats      ]   Finish Queues                      19 us
[73.248s][info][gc,stats      ]   System Purge                      284 us
[73.248s][info][gc,stats      ]     Weak Roots                      284 us
[73.248s][info][gc,stats      ]   Update Region States               26 us
[73.248s][info][gc,stats      ]   Retire TLABs                       38 us
[73.248s][info][gc,stats      ]   Choose Collection Set             135 us
[73.248s][info][gc,stats      ]   Rebuild Free Set                    6 us
[73.248s][info][gc,stats      ]   Initial Evacuation               1925 us, parallelism: 0.69x
[73.248s][info][gc,stats      ]     E: <total>                     1337 us
[73.248s][info][gc,stats      ]     E: Thread Roots                 605 us, workers (us): 605, 
[73.248s][info][gc,stats      ]     E: Code Cache Roots             227 us, workers (us): 227, 
[73.248s][info][gc,stats      ]     E: Universe Roots                 1 us, workers (us):   1, 
[73.248s][info][gc,stats      ]     E: JNI Handles Roots              1 us, workers (us):   1, 
[73.248s][info][gc,stats      ]     E: Synchronizer Roots             0 us, workers (us):   0, 
[73.248s][info][gc,stats      ]     E: Management Roots               1 us, workers (us):   1, 
[73.248s][info][gc,stats      ]     E: System Dict Roots              9 us, workers (us):   9, 
[73.248s][info][gc,stats      ]     E: CLDG Roots                   493 us, workers (us): 493, 
[73.248s][info][gc,stats      ]     E: JVMTI Roots                    0 us, workers (us):   0, 
[73.248s][info][gc,stats      ] Concurrent Cleanup                   33 us
[73.248s][info][gc,stats      ] Concurrent Evacuation             45420 us
[73.248s][info][gc,stats      ] Pause Init  Update Refs (G)        3204 us
[73.248s][info][gc,stats      ] Pause Init  Update Refs (N)          17 us
[73.248s][info][gc,stats      ]   Retire GCLABs                      10 us
[73.248s][info][gc,stats      ] Concurrent Update Refs           135239 us
[73.248s][info][gc,stats      ] Pause Final Update Refs (G)         877 us
[73.248s][info][gc,stats      ] Pause Final Update Refs (N)         565 us
[73.248s][info][gc,stats      ]   Update Roots                      518 us, parallelism: 0.98x
[73.248s][info][gc,stats      ]     UR: <total>                     508 us
[73.248s][info][gc,stats      ]     UR: Thread Roots                508 us, workers (us): 508, 
[73.248s][info][gc,stats      ]   Update Region States               28 us
[73.248s][info][gc,stats      ]   Trash Collection Set                4 us
[73.248s][info][gc,stats      ]   Rebuild Free Set                    7 us
[73.248s][info][gc,stats      ] Concurrent Cleanup                   65 us
[73.248s][info][gc,stats      ] Pacing                           132085 us
[73.248s][info][gc,stats      ] 
[73.248s][info][gc,stats      ] Allocation pacing accrued:
[73.248s][info][gc,stats      ]      14 of   315 ms (  4.3%): Spark Context Cleaner
[73.248s][info][gc,stats      ]     119 of   315 ms ( 37.6%): Executor task launch worker for task 0.0 in stage 18.0 (TID 18)
[73.248s][info][gc,stats      ]     132 of   315 ms ( 41.9%): <total>
[73.248s][info][gc,stats      ]       1 of   315 ms (  0.2%): <average total>
[73.248s][info][gc,stats      ]      66 of   315 ms ( 21.0%): <average non-zero>
[73.248s][info][gc,stats      ] 
[73.248s][info][gc,metaspace  ] Metaspace: 60624K->60624K(1103872K)
[73.248s][info][gc,ergo       ] Pacer for Idle. Initial: 10240K, Alloc Tax Rate: 1.0x
[73.256s][info][gc            ] Trigger: Average GC time (295.52 ms) is above the time for allocation rate (617 MB/s) to deplete free headroom (179M)
[73.256s][info][gc,ergo       ] Free headroom: 204M (free) - 25600K (spike) - 0B (penalties) = 179M
[73.256s][info][gc,ergo       ] Free: 204M, Max: 256K regular, 56064K humongous, Frag: 74% external, 1% internal; Reserve: 25600K, Max: 256K
[73.256s][info][gc,start      ] GC(169) Concurrent reset
[73.256s][info][gc,task       ] GC(169) Using 1 of 1 workers for concurrent reset
[73.256s][info][gc,ergo       ] GC(169) Pacer for Reset. Non-Taxable: 500M
[73.258s][info][gc            ] GC(169) Concurrent reset 2.321ms
[73.261s][info][gc,start      ] GC(169) Pause Init Mark
[73.261s][info][gc,task       ] GC(169) Using 1 of 1 workers for init marking
[73.263s][info][gc,ergo       ] GC(169) Pacer for Mark. Expected Live: 53806K, Free: 200M, Non-Taxable: 20536K, Alloc Tax Rate: 0.3x
[73.263s][info][gc            ] GC(169) Pause Init Mark 1.571ms
[73.263s][info][gc,start      ] GC(169) Concurrent marking
[73.263s][info][gc,task       ] GC(169) Using 1 of 1 workers for concurrent marking
[73.380s][info][gc            ] GC(169) Concurrent marking 117.203ms
[73.380s][info][gc,start      ] GC(169) Pause Final Mark
[73.380s][info][gc,task       ] GC(169) Using 1 of 1 workers for final marking
[73.381s][info][gc,ergo       ] GC(169) Adaptive CSet Selection. Target Free: 72533K, Actual Free: 176M, Max CSet: 21333K, Min Garbage: 0B
[73.381s][info][gc,ergo       ] GC(169) Collectable Garbage: 173M (98%), Immediate: 0B (0%), CSet: 173M (98%)
[73.383s][info][gc,ergo       ] GC(169) Pacer for Evacuation. Used CSet: 188M, Free: 151M, Non-Taxable: 15467K, Alloc Tax Rate: 3.0x
[73.383s][info][gc            ] GC(169) Pause Final Mark 2.484ms
[73.383s][info][gc,start      ] GC(169) Concurrent cleanup
[73.383s][info][gc            ] GC(169) Concurrent cleanup 322M->322M(486M) 0.042ms
[73.383s][info][gc,ergo       ] GC(169) Free: 151M, Max: 256K regular, 41216K humongous, Frag: 74% external, 1% internal; Reserve: 25600K, Max: 256K
[73.383s][info][gc,start      ] GC(169) Concurrent evacuation
[73.383s][info][gc,task       ] GC(169) Using 1 of 1 workers for concurrent evacuation
[73.421s][info][gc            ] GC(169) Concurrent evacuation 37.758ms
[73.424s][info][gc,start      ] GC(169) Pause Init Update Refs
[73.424s][info][gc,ergo       ] GC(169) Pacer for Update Refs. Used: 364M, Free: 123M, Non-Taxable: 12651K, Alloc Tax Rate: 3.6x
[73.424s][info][gc            ] GC(169) Pause Init Update Refs 0.035ms
[73.424s][info][gc,start      ] GC(169) Concurrent update references
[73.424s][info][gc,task       ] GC(169) Using 1 of 1 workers for concurrent reference update
[73.563s][info][gc            ] GC(169) Concurrent update references 139.096ms
[73.564s][info][gc,start      ] GC(169) Pause Final Update Refs
[73.564s][info][gc,task       ] GC(169) Using 1 of 1 workers for final reference update
[73.564s][info][gc            ] GC(169) Pause Final Update Refs 0.547ms
[73.564s][info][gc,start      ] GC(169) Concurrent cleanup
[73.564s][info][gc            ] GC(169) Concurrent cleanup 467M->279M(500M) 0.072ms
[73.564s][info][gc,ergo       ] Free: 194M, Max: 256K regular, 107M humongous, Frag: 45% external, 1% internal; Reserve: 25600K, Max: 256K
[73.564s][info][gc,stats      ] 
[73.564s][info][gc,stats      ] All times are wall-clock times, except per-root-class counters, that are sum over
[73.564s][info][gc,stats      ] all workers. Dividing the <total> over the root stage time estimates parallelism.
[73.564s][info][gc,stats      ] 
[73.564s][info][gc,stats      ] Concurrent Reset                   2308 us
[73.564s][info][gc,stats      ] Pause Init Mark (G)                4841 us
[73.564s][info][gc,stats      ] Pause Init Mark (N)                1548 us
[73.564s][info][gc,stats      ]   Accumulate Stats                   20 us
[73.564s][info][gc,stats      ]   Make Parsable                      13 us
[73.564s][info][gc,stats      ]   Update Region States               24 us
[73.564s][info][gc,stats      ]   Scan Roots                       1438 us, parallelism: 0.80x
[73.564s][info][gc,stats      ]     S: <total>                     1150 us
[73.564s][info][gc,stats      ]     S: Thread Roots                 609 us, workers (us): 609, 
[73.564s][info][gc,stats      ]     S: Universe Roots                 2 us, workers (us):   2, 
[73.564s][info][gc,stats      ]     S: JNI Handles Roots              1 us, workers (us):   1, 
[73.564s][info][gc,stats      ]     S: Synchronizer Roots             0 us, workers (us):   0, 
[73.564s][info][gc,stats      ]     S: Management Roots               1 us, workers (us):   1, 
[73.564s][info][gc,stats      ]     S: System Dict Roots             11 us, workers (us):  11, 
[73.564s][info][gc,stats      ]     S: CLDG Roots                   525 us, workers (us): 525, 
[73.564s][info][gc,stats      ]     S: JVMTI Roots                    1 us, workers (us):   1, 
[73.564s][info][gc,stats      ]   Resize TLABs                       15 us
[73.564s][info][gc,stats      ] Concurrent Marking               117193 us
[73.564s][info][gc,stats      ] Pause Final Mark (G)               2670 us
[73.564s][info][gc,stats      ] Pause Final Mark (N)               2466 us
[73.564s][info][gc,stats      ]   Finish Queues                      18 us
[73.564s][info][gc,stats      ]   System Purge                      254 us
[73.564s][info][gc,stats      ]     Weak Roots                      254 us
[73.564s][info][gc,stats      ]   Update Region States               28 us
[73.564s][info][gc,stats      ]   Retire TLABs                       17 us
[73.564s][info][gc,stats      ]   Choose Collection Set             171 us
[73.564s][info][gc,stats      ]   Rebuild Free Set                    7 us
[73.564s][info][gc,stats      ]   Initial Evacuation               1964 us, parallelism: 0.67x
[73.564s][info][gc,stats      ]     E: <total>                     1321 us
[73.564s][info][gc,stats      ]     E: Thread Roots                 579 us, workers (us): 579, 
[73.564s][info][gc,stats      ]     E: Code Cache Roots             212 us, workers (us): 212, 
[73.564s][info][gc,stats      ]     E: Universe Roots                 1 us, workers (us):   1, 
[73.564s][info][gc,stats      ]     E: JNI Handles Roots              1 us, workers (us):   1, 
[73.564s][info][gc,stats      ]     E: Synchronizer Roots             0 us, workers (us):   0, 
[73.564s][info][gc,stats      ]     E: Management Roots               1 us, workers (us):   1, 
[73.564s][info][gc,stats      ]     E: System Dict Roots             10 us, workers (us):  10, 
[73.564s][info][gc,stats      ]     E: CLDG Roots                   517 us, workers (us): 517, 
[73.564s][info][gc,stats      ]     E: JVMTI Roots                    1 us, workers (us):   1, 
[73.564s][info][gc,stats      ] Concurrent Cleanup                   33 us
[73.564s][info][gc,stats      ] Concurrent Evacuation             37746 us
[73.564s][info][gc,stats      ] Pause Init  Update Refs (G)        3251 us
[73.564s][info][gc,stats      ] Pause Init  Update Refs (N)          17 us
[73.564s][info][gc,stats      ]   Retire GCLABs                      10 us
[73.564s][info][gc,stats      ] Concurrent Update Refs           139081 us
[73.564s][info][gc,stats      ] Pause Final Update Refs (G)         844 us
[73.564s][info][gc,stats      ] Pause Final Update Refs (N)         526 us
[73.564s][info][gc,stats      ]   Update Roots                      480 us, parallelism: 0.99x
[73.564s][info][gc,stats      ]     UR: <total>                     474 us
[73.564s][info][gc,stats      ]     UR: Thread Roots                474 us, workers (us): 474, 
[73.564s][info][gc,stats      ]   Update Region States               27 us
[73.564s][info][gc,stats      ]   Trash Collection Set                4 us
[73.564s][info][gc,stats      ]   Rebuild Free Set                    7 us
[73.564s][info][gc,stats      ] Concurrent Cleanup                   65 us
[73.564s][info][gc,stats      ] Pacing                           140851 us
[73.564s][info][gc,stats      ] 
[73.564s][info][gc,stats      ] Allocation pacing accrued:
[73.565s][info][gc,stats      ]      13 of   317 ms (  4.0%): Spark Context Cleaner
[73.565s][info][gc,stats      ]     128 of   317 ms ( 40.5%): Executor task launch worker for task 0.0 in stage 18.0 (TID 18)
[73.565s][info][gc,stats      ]     141 of   317 ms ( 44.5%): <total>
[73.565s][info][gc,stats      ]       1 of   317 ms (  0.3%): <average total>
[73.565s][info][gc,stats      ]      70 of   317 ms ( 22.2%): <average non-zero>
[73.565s][info][gc,stats      ] 
[73.565s][info][gc,metaspace  ] Metaspace: 60624K->60624K(1103872K)
[73.565s][info][gc,ergo       ] Pacer for Idle. Initial: 10240K, Alloc Tax Rate: 1.0x
[73.566s][info][gc            ] Trigger: Average GC time (303.91 ms) is above the time for allocation rate (595 MB/s) to deplete free headroom (169M)
[73.566s][info][gc,ergo       ] Free headroom: 194M (free) - 25600K (spike) - 0B (penalties) = 169M
[73.566s][info][gc,ergo       ] Free: 194M, Max: 256K regular, 107M humongous, Frag: 45% external, 1% internal; Reserve: 25600K, Max: 256K
[73.566s][info][gc,start      ] GC(170) Concurrent reset
[73.566s][info][gc,task       ] GC(170) Using 1 of 1 workers for concurrent reset
[73.566s][info][gc,ergo       ] GC(170) Pacer for Reset. Non-Taxable: 500M
[73.566s][info][gc            ] GC(170) Concurrent reset 0.385ms
[73.566s][info][gc,start      ] GC(170) Pause Init Mark (process weakrefs)
[73.566s][info][gc,task       ] GC(170) Using 1 of 1 workers for init marking
[73.568s][info][gc,ergo       ] GC(170) Pacer for Mark. Expected Live: 67891K, Free: 194M, Non-Taxable: 19871K, Alloc Tax Rate: 0.4x
[73.568s][info][gc            ] GC(170) Pause Init Mark (process weakrefs) 1.710ms
[73.570s][info][gc,start      ] GC(170) Concurrent marking (process weakrefs)
[73.571s][info][gc,task       ] GC(170) Using 1 of 1 workers for concurrent marking
[73.667s][info][gc            ] GC(170) Concurrent marking (process weakrefs) 96.866ms
[73.667s][info][gc,start      ] GC(170) Concurrent precleaning
[73.667s][info][gc,task       ] GC(170) Using 1 of 1 workers for concurrent preclean
[73.667s][info][gc,ergo       ] GC(170) Pacer for Precleaning. Non-Taxable: 500M
[73.668s][info][gc            ] GC(170) Concurrent precleaning 0.501ms
[73.668s][info][gc,start      ] GC(170) Pause Final Mark (process weakrefs)
[73.668s][info][gc,task       ] GC(170) Using 1 of 1 workers for final marking
[73.668s][info][gc,ergo       ] GC(170) Adaptive CSet Selection. Target Free: 72533K, Actual Free: 176M, Max CSet: 21333K, Min Garbage: 0B
[73.669s][info][gc,ergo       ] GC(170) Collectable Garbage: 166M (98%), Immediate: 0B (0%), CSet: 166M (98%)
[73.670s][info][gc,ergo       ] GC(170) Pacer for Evacuation. Used CSet: 180M, Free: 151M, Non-Taxable: 15544K, Alloc Tax Rate: 2.9x
[73.670s][info][gc            ] GC(170) Pause Final Mark (process weakrefs) 2.437ms
[73.673s][info][gc,start      ] GC(170) Concurrent cleanup
[73.673s][info][gc            ] GC(170) Concurrent cleanup 327M->327M(500M) 0.049ms
[73.673s][info][gc,ergo       ] GC(170) Free: 146M, Max: 256K regular, 107M humongous, Frag: 27% external, 1% internal; Reserve: 25600K, Max: 256K
[73.673s][info][gc,start      ] GC(170) Concurrent evacuation
[73.673s][info][gc,task       ] GC(170) Using 1 of 1 workers for concurrent evacuation
[73.706s][info][gc            ] GC(170) Concurrent evacuation 32.570ms
[73.709s][info][gc,start      ] GC(170) Pause Init Update Refs
[73.709s][info][gc,ergo       ] GC(170) Pacer for Update Refs. Used: 373M, Free: 113M, Non-Taxable: 11653K, Alloc Tax Rate: 4.0x
[73.709s][info][gc            ] GC(170) Pause Init Update Refs 0.045ms
[73.709s][info][gc,start      ] GC(170) Concurrent update references
[73.709s][info][gc,task       ] GC(170) Using 1 of 1 workers for concurrent reference update
[74.036s][info][gc            ] GC(170) Concurrent update references 326.844ms
[74.040s][info][gc,start      ] GC(170) Pause Final Update Refs
[74.040s][info][gc,task       ] GC(170) Using 1 of 1 workers for final reference update
[74.041s][info][gc            ] GC(170) Pause Final Update Refs 0.737ms
[74.041s][info][gc,start      ] GC(170) Concurrent cleanup
[74.041s][info][gc            ] GC(170) Concurrent cleanup 451M->271M(500M) 0.071ms
[74.041s][info][gc,ergo       ] Free: 201M, Max: 256K regular, 56064K humongous, Frag: 73% external, 4% internal; Reserve: 25600K, Max: 256K
[74.041s][info][gc,stats      ] 
[74.041s][info][gc,stats      ] All times are wall-clock times, except per-root-class counters, that are sum over
[74.041s][info][gc,stats      ] all workers. Dividing the <total> over the root stage time estimates parallelism.
[74.041s][info][gc,stats      ] 
[74.041s][info][gc,stats      ] Concurrent Reset                    379 us
[74.041s][info][gc,stats      ] Pause Init Mark (G)                4487 us
[74.041s][info][gc,stats      ] Pause Init Mark (N)                1691 us
[74.041s][info][gc,stats      ]   Accumulate Stats                   20 us
[74.041s][info][gc,stats      ]   Make Parsable                      15 us
[74.041s][info][gc,stats      ]   Update Region States               25 us
[74.041s][info][gc,stats      ]   Scan Roots                       1571 us, parallelism: 0.75x
[74.041s][info][gc,stats      ]     S: <total>                     1179 us
[74.041s][info][gc,stats      ]     S: Thread Roots                 619 us, workers (us): 619, 
[74.041s][info][gc,stats      ]     S: Universe Roots                 2 us, workers (us):   2, 
[74.041s][info][gc,stats      ]     S: JNI Handles Roots              2 us, workers (us):   2, 
[74.041s][info][gc,stats      ]     S: Synchronizer Roots             0 us, workers (us):   0, 
[74.041s][info][gc,stats      ]     S: Management Roots               3 us, workers (us):   3, 
[74.041s][info][gc,stats      ]     S: System Dict Roots             11 us, workers (us):  11, 
[74.041s][info][gc,stats      ]     S: CLDG Roots                   541 us, workers (us): 541, 
[74.041s][info][gc,stats      ]     S: JVMTI Roots                    1 us, workers (us):   1, 
[74.041s][info][gc,stats      ]   Resize TLABs                       17 us
[74.041s][info][gc,stats      ] Concurrent Marking                96845 us
[74.041s][info][gc,stats      ] Concurrent Precleaning              493 us
[74.041s][info][gc,stats      ] Pause Final Mark (G)               5206 us
[74.041s][info][gc,stats      ] Pause Final Mark (N)               2427 us
[74.041s][info][gc,stats      ]   Finish Queues                      12 us
[74.041s][info][gc,stats      ]   Weak References                    12 us
[74.041s][info][gc,stats      ]     Process                          11 us
[74.041s][info][gc,stats      ]   System Purge                      305 us
[74.041s][info][gc,stats      ]     Weak Roots                      304 us
[74.041s][info][gc,stats      ]   Update Region States               26 us
[74.041s][info][gc,stats      ]   Retire TLABs                       23 us
[74.041s][info][gc,stats      ]   Choose Collection Set             127 us
[74.041s][info][gc,stats      ]   Rebuild Free Set                    6 us
[74.041s][info][gc,stats      ]   Initial Evacuation               1911 us, parallelism: 0.69x
[74.041s][info][gc,stats      ]     E: <total>                     1326 us
[74.041s][info][gc,stats      ]     E: Thread Roots                 590 us, workers (us): 590, 
[74.041s][info][gc,stats      ]     E: Code Cache Roots             210 us, workers (us): 210, 
[74.041s][info][gc,stats      ]     E: Universe Roots                 1 us, workers (us):   1, 
[74.041s][info][gc,stats      ]     E: JNI Handles Roots              1 us, workers (us):   1, 
[74.041s][info][gc,stats      ]     E: Synchronizer Roots             0 us, workers (us):   0, 
[74.041s][info][gc,stats      ]     E: Management Roots               1 us, workers (us):   1, 
[74.041s][info][gc,stats      ]     E: System Dict Roots              9 us, workers (us):   9, 
[74.041s][info][gc,stats      ]     E: CLDG Roots                   513 us, workers (us): 513, 
[74.041s][info][gc,stats      ]     E: JVMTI Roots                    0 us, workers (us):   0, 
[74.041s][info][gc,stats      ] Concurrent Cleanup                   34 us
[74.041s][info][gc,stats      ] Concurrent Evacuation             32557 us
[74.041s][info][gc,stats      ] Pause Init  Update Refs (G)        3358 us
[74.041s][info][gc,stats      ] Pause Init  Update Refs (N)          18 us
[74.041s][info][gc,stats      ]   Retire GCLABs                      10 us
[74.041s][info][gc,stats      ] Concurrent Update Refs           326830 us
[74.041s][info][gc,stats      ] Pause Final Update Refs (G)        4370 us
[74.041s][info][gc,stats      ] Pause Final Update Refs (N)         612 us
[74.041s][info][gc,stats      ]   Update Roots                      508 us, parallelism: 0.98x
[74.041s][info][gc,stats      ]     UR: <total>                     496 us
[74.041s][info][gc,stats      ]     UR: Thread Roots                496 us, workers (us): 496, 
[74.041s][info][gc,stats      ]   Update Region States               73 us
[74.041s][info][gc,stats      ]   Trash Collection Set                5 us
[74.041s][info][gc,stats      ]   Rebuild Free Set                    8 us
[74.041s][info][gc,stats      ] Concurrent Cleanup                   62 us
[74.041s][info][gc,stats      ] Pacing                            72374 us
[74.041s][info][gc,stats      ] 
[74.041s][info][gc,stats      ] Allocation pacing accrued:
[74.041s][info][gc,stats      ]      72 of   476 ms ( 15.2%): Executor task launch worker for task 0.0 in stage 19.0 (TID 19)
[74.041s][info][gc,stats      ]      72 of   476 ms ( 15.2%): <total>
[74.041s][info][gc,stats      ]       0 of   476 ms (  0.1%): <average total>
[74.041s][info][gc,stats      ]      72 of   476 ms ( 15.2%): <average non-zero>
[74.041s][info][gc,stats      ] 
[74.041s][info][gc,metaspace  ] Metaspace: 60624K->60783K(1103872K)
[74.041s][info][gc,ergo       ] Pacer for Idle. Initial: 10240K, Alloc Tax Rate: 1.0x
[74.064s][info][gc            ] Trigger: Average GC time (333.46 ms) is above the time for allocation rate (408 MB/s) to deplete free headroom (133M)
[74.064s][info][gc,ergo       ] Free headroom: 158M (free) - 25600K (spike) - 0B (penalties) = 133M
[74.064s][info][gc,ergo       ] Free: 158M, Max: 256K regular, 46848K humongous, Frag: 71% external, 5% internal; Reserve: 25600K, Max: 256K
[74.064s][info][gc,start      ] GC(171) Concurrent reset
[74.064s][info][gc,task       ] GC(171) Using 1 of 1 workers for concurrent reset
[74.064s][info][gc,ergo       ] GC(171) Pacer for Reset. Non-Taxable: 500M
[74.064s][info][gc            ] GC(171) Concurrent reset 0.436ms
[74.068s][info][gc,start      ] GC(171) Pause Init Mark
[74.068s][info][gc,task       ] GC(171) Using 1 of 1 workers for init marking
[74.069s][info][gc,ergo       ] GC(171) Pacer for Mark. Expected Live: 83216K, Free: 158M, Non-Taxable: 16188K, Alloc Tax Rate: 0.6x
[74.069s][info][gc            ] GC(171) Pause Init Mark 1.525ms
[74.069s][info][gc,start      ] GC(171) Concurrent marking
[74.069s][info][gc,task       ] GC(171) Using 1 of 1 workers for concurrent marking
[74.108s][info][gc            ] GC(171) Concurrent marking 38.704ms
[74.108s][info][gc,start      ] GC(171) Pause Final Mark
[74.108s][info][gc,task       ] GC(171) Using 1 of 1 workers for final marking
[74.109s][info][gc,ergo       ] GC(171) Adaptive CSet Selection. Target Free: 72533K, Actual Free: 364M, Max CSet: 21333K, Min Garbage: 0B
[74.109s][info][gc,ergo       ] GC(171) Collectable Garbage: 283M (99%), Immediate: 206M (72%), CSet: 78368K (26%)
[74.111s][info][gc,ergo       ] GC(171) Pacer for Evacuation. Used CSet: 83955K, Free: 341M, Non-Taxable: 34995K, Alloc Tax Rate: 1.1x
[74.111s][info][gc            ] GC(171) Pause Final Mark 2.593ms
[74.113s][info][gc,start      ] GC(171) Concurrent cleanup
[74.113s][info][gc            ] GC(171) Concurrent cleanup 338M->134M(500M) 0.085ms
[74.113s][info][gc,ergo       ] GC(171) Free: 338M, Max: 256K regular, 204M humongous, Frag: 40% external, 0% internal; Reserve: 25247K, Max: 256K
[74.113s][info][gc,start      ] GC(171) Concurrent evacuation
[74.113s][info][gc,task       ] GC(171) Using 1 of 1 workers for concurrent evacuation
[74.131s][info][gc            ] GC(171) Concurrent evacuation 18.175ms
[74.134s][info][gc,start      ] GC(171) Pause Init Update Refs
[74.134s][info][gc,ergo       ] GC(171) Pacer for Update Refs. Used: 163M, Free: 315M, Non-Taxable: 32307K, Alloc Tax Rate: 1.1x
[74.134s][info][gc            ] GC(171) Pause Init Update Refs 0.039ms
[74.134s][info][gc,start      ] GC(171) Concurrent update references
[74.134s][info][gc,task       ] GC(171) Using 1 of 1 workers for concurrent reference update
[74.195s][info][gc            ] GC(171) Concurrent update references 60.151ms
[74.198s][info][gc,start      ] GC(171) Pause Final Update Refs
[74.198s][info][gc,task       ] GC(171) Using 1 of 1 workers for final reference update
[74.198s][info][gc            ] GC(171) Pause Final Update Refs 0.542ms
[74.198s][info][gc,start      ] GC(171) Concurrent cleanup
[74.198s][info][gc            ] GC(171) Concurrent cleanup 218M->136M(500M) 0.053ms
[74.198s][info][gc,ergo       ] Free: 336M, Max: 256K regular, 293M humongous, Frag: 13% external, 0% internal; Reserve: 25600K, Max: 256K
[74.198s][info][gc,stats      ] 
[74.198s][info][gc,stats      ] All times are wall-clock times, except per-root-class counters, that are sum over
[74.198s][info][gc,stats      ] all workers. Dividing the <total> over the root stage time estimates parallelism.
[74.198s][info][gc,stats      ] 
[74.198s][info][gc,stats      ] Concurrent Reset                    426 us
[74.198s][info][gc,stats      ] Pause Init Mark (G)                4863 us
[74.198s][info][gc,stats      ] Pause Init Mark (N)                1492 us
[74.198s][info][gc,stats      ]   Accumulate Stats                   34 us
[74.198s][info][gc,stats      ]   Make Parsable                      16 us
[74.198s][info][gc,stats      ]   Update Region States               30 us
[74.198s][info][gc,stats      ]   Scan Roots                       1368 us, parallelism: 0.81x
[74.198s][info][gc,stats      ]     S: <total>                     1103 us
[74.198s][info][gc,stats      ]     S: Thread Roots                 561 us, workers (us): 561, 
[74.198s][info][gc,stats      ]     S: Universe Roots                 2 us, workers (us):   2, 
[74.198s][info][gc,stats      ]     S: JNI Handles Roots              1 us, workers (us):   1, 
[74.198s][info][gc,stats      ]     S: Synchronizer Roots             0 us, workers (us):   0, 
[74.198s][info][gc,stats      ]     S: Management Roots               1 us, workers (us):   1, 
[74.198s][info][gc,stats      ]     S: System Dict Roots             11 us, workers (us):  11, 
[74.198s][info][gc,stats      ]     S: CLDG Roots                   525 us, workers (us): 525, 
[74.198s][info][gc,stats      ]     S: JVMTI Roots                    0 us, workers (us):   0, 
[74.198s][info][gc,stats      ]   Resize TLABs                       11 us
[74.198s][info][gc,stats      ] Concurrent Marking                38695 us
[74.198s][info][gc,stats      ] Pause Final Mark (G)               4726 us
[74.198s][info][gc,stats      ] Pause Final Mark (N)               2584 us
[74.198s][info][gc,stats      ]   Finish Queues                      14 us
[74.198s][info][gc,stats      ]   System Purge                      291 us
[74.199s][info][gc,stats      ]     Weak Roots                      290 us
[74.199s][info][gc,stats      ]   Update Region States               26 us
[74.199s][info][gc,stats      ]   Retire TLABs                       18 us
[74.199s][info][gc,stats      ]   Choose Collection Set              72 us
[74.199s][info][gc,stats      ]   Rebuild Free Set                    7 us
[74.199s][info][gc,stats      ]   Initial Evacuation               2148 us, parallelism: 0.64x
[74.199s][info][gc,stats      ]     E: <total>                     1375 us
[74.199s][info][gc,stats      ]     E: Thread Roots                 535 us, workers (us): 535, 
[74.199s][info][gc,stats      ]     E: Code Cache Roots             242 us, workers (us): 242, 
[74.199s][info][gc,stats      ]     E: Universe Roots                 1 us, workers (us):   1, 
[74.199s][info][gc,stats      ]     E: JNI Handles Roots              1 us, workers (us):   1, 
[74.199s][info][gc,stats      ]     E: Synchronizer Roots             0 us, workers (us):   0, 
[74.199s][info][gc,stats      ]     E: Management Roots               1 us, workers (us):   1, 
[74.199s][info][gc,stats      ]     E: System Dict Roots             10 us, workers (us):  10, 
[74.199s][info][gc,stats      ]     E: CLDG Roots                   583 us, workers (us): 583, 
[74.199s][info][gc,stats      ]     E: JVMTI Roots                    1 us, workers (us):   1, 
[74.199s][info][gc,stats      ] Concurrent Cleanup                   67 us
[74.199s][info][gc,stats      ] Concurrent Evacuation             18165 us
[74.199s][info][gc,stats      ] Pause Init  Update Refs (G)        3290 us
[74.199s][info][gc,stats      ] Pause Init  Update Refs (N)          17 us
[74.199s][info][gc,stats      ]   Retire GCLABs                       9 us
[74.199s][info][gc,stats      ] Concurrent Update Refs            60137 us
[74.199s][info][gc,stats      ] Pause Final Update Refs (G)        3715 us
[74.199s][info][gc,stats      ] Pause Final Update Refs (N)         512 us
[74.199s][info][gc,stats      ]   Update Roots                      468 us, parallelism: 0.98x
[74.199s][info][gc,stats      ]     UR: <total>                     460 us
[74.199s][info][gc,stats      ]     UR: Thread Roots                460 us, workers (us): 460, 
[74.199s][info][gc,stats      ]   Update Region States               27 us
[74.199s][info][gc,stats      ]   Trash Collection Set                3 us
[74.199s][info][gc,stats      ]   Rebuild Free Set                    7 us
[74.199s][info][gc,stats      ] Concurrent Cleanup                   45 us
[74.199s][info][gc,stats      ] Pacing                            11489 us
[74.199s][info][gc,stats      ] 
[74.199s][info][gc,stats      ] Allocation pacing accrued:
[74.199s][info][gc,stats      ]      11 of   158 ms (  7.3%): Executor task launch worker for task 0.0 in stage 19.0 (TID 19)
[74.199s][info][gc,stats      ]      11 of   158 ms (  7.3%): <total>
[74.199s][info][gc,stats      ]       0 of   158 ms (  0.0%): <average total>
[74.199s][info][gc,stats      ]      11 of   158 ms (  7.3%): <average non-zero>
[74.199s][info][gc,stats      ] 
[74.199s][info][gc,metaspace  ] Metaspace: 60783K->60783K(1103872K)
[74.199s][info][gc,ergo       ] Pacer for Idle. Initial: 10240K, Alloc Tax Rate: 1.0x
[74.214s][info][gc            ] Trigger: Average GC time (299.74 ms) is above the time for allocation rate (929 MB/s) to deplete free headroom (277M)
[74.214s][info][gc,ergo       ] Free headroom: 302M (free) - 25600K (spike) - 0B (penalties) = 277M
[74.214s][info][gc,ergo       ] Free: 302M, Max: 256K regular, 293M humongous, Frag: 4% external, 0% internal; Reserve: 25600K, Max: 256K
[74.214s][info][gc,start      ] GC(172) Concurrent reset
[74.214s][info][gc,task       ] GC(172) Using 1 of 1 workers for concurrent reset
[74.215s][info][gc,ergo       ] GC(172) Pacer for Reset. Non-Taxable: 500M
[74.215s][info][gc            ] GC(172) Concurrent reset 0.192ms
[74.217s][info][gc,start      ] GC(172) Pause Init Mark
[74.217s][info][gc,task       ] GC(172) Using 1 of 1 workers for init marking
[74.218s][info][gc,ergo       ] GC(172) Pacer for Mark. Expected Live: 79211K, Free: 302M, Non-Taxable: 31007K, Alloc Tax Rate: 0.3x
[74.219s][info][gc            ] GC(172) Pause Init Mark 1.568ms
[74.219s][info][gc,start      ] GC(172) Concurrent marking
[74.219s][info][gc,task       ] GC(172) Using 1 of 1 workers for concurrent marking
[74.298s][info][gc            ] GC(172) Concurrent marking 79.186ms
[74.298s][info][gc,start      ] GC(172) Pause Final Mark
[74.298s][info][gc,task       ] GC(172) Using 1 of 1 workers for final marking
[74.298s][info][gc,ergo       ] GC(172) Adaptive CSet Selection. Target Free: 72533K, Actual Free: 271M, Max CSet: 21333K, Min Garbage: 0B
[74.298s][info][gc,ergo       ] GC(172) Collectable Garbage: 128M (98%), Immediate: 768K (0%), CSet: 127M (97%)
[74.300s][info][gc,ergo       ] GC(172) Pacer for Evacuation. Used CSet: 138M, Free: 246M, Non-Taxable: 25247K, Alloc Tax Rate: 1.4x
[74.300s][info][gc            ] GC(172) Pause Final Mark 2.302ms
[74.300s][info][gc,start      ] GC(172) Concurrent cleanup
[74.300s][info][gc            ] GC(172) Concurrent cleanup 227M->227M(500M) 0.043ms
[74.300s][info][gc,ergo       ] GC(172) Free: 246M, Max: 256K regular, 245M humongous, Frag: 1% external, 0% internal; Reserve: 25600K, Max: 256K
[74.300s][info][gc,start      ] GC(172) Concurrent evacuation
[74.300s][info][gc,task       ] GC(172) Using 1 of 1 workers for concurrent evacuation
[74.321s][info][gc            ] GC(172) Concurrent evacuation 20.717ms
[74.324s][info][gc,start      ] GC(172) Pause Init Update Refs
[74.324s][info][gc,ergo       ] GC(172) Pacer for Update Refs. Used: 255M, Free: 228M, Non-Taxable: 23352K, Alloc Tax Rate: 1.4x
[74.324s][info][gc            ] GC(172) Pause Init Update Refs 0.031ms
[74.324s][info][gc,start      ] GC(172) Concurrent update references
[74.324s][info][gc,task       ] GC(172) Using 1 of 1 workers for concurrent reference update
[74.438s][info][gc            ] GC(172) Concurrent update references 113.448ms
[74.441s][info][gc,start      ] GC(172) Pause Final Update Refs
[74.441s][info][gc,task       ] GC(172) Using 1 of 1 workers for final reference update
[74.442s][info][gc            ] GC(172) Pause Final Update Refs 0.539ms
[74.442s][info][gc,start      ] GC(172) Concurrent cleanup
[74.442s][info][gc            ] GC(172) Concurrent cleanup 361M->223M(500M) 0.061ms
[74.442s][info][gc,ergo       ] Free: 249M, Max: 256K regular, 111M humongous, Frag: 56% external, 0% internal; Reserve: 25600K, Max: 256K
[74.442s][info][gc,stats      ] 
[74.442s][info][gc,stats      ] All times are wall-clock times, except per-root-class counters, that are sum over
[74.442s][info][gc,stats      ] all workers. Dividing the <total> over the root stage time estimates parallelism.
[74.442s][info][gc,stats      ] 
[74.442s][info][gc,stats      ] Concurrent Reset                    174 us
[74.442s][info][gc,stats      ] Pause Init Mark (G)                3864 us
[74.442s][info][gc,stats      ] Pause Init Mark (N)                1535 us
[74.442s][info][gc,stats      ]   Accumulate Stats                   21 us
[74.442s][info][gc,stats      ]   Make Parsable                      14 us
[74.442s][info][gc,stats      ]   Update Region States               26 us
[74.442s][info][gc,stats      ]   Scan Roots                       1425 us, parallelism: 0.80x
[74.442s][info][gc,stats      ]     S: <total>                     1133 us
[74.442s][info][gc,stats      ]     S: Thread Roots                 558 us, workers (us): 558, 
[74.442s][info][gc,stats      ]     S: Universe Roots                 2 us, workers (us):   2, 
[74.442s][info][gc,stats      ]     S: JNI Handles Roots              2 us, workers (us):   2, 
[74.442s][info][gc,stats      ]     S: Synchronizer Roots             0 us, workers (us):   0, 
[74.442s][info][gc,stats      ]     S: Management Roots               1 us, workers (us):   1, 
[74.442s][info][gc,stats      ]     S: System Dict Roots             10 us, workers (us):  10, 
[74.442s][info][gc,stats      ]     S: CLDG Roots                   558 us, workers (us): 558, 
[74.442s][info][gc,stats      ]     S: JVMTI Roots                    1 us, workers (us):   1, 
[74.442s][info][gc,stats      ]   Resize TLABs                       14 us
[74.442s][info][gc,stats      ] Concurrent Marking                79177 us
[74.442s][info][gc,stats      ] Pause Final Mark (G)               2473 us
[74.442s][info][gc,stats      ] Pause Final Mark (N)               2290 us
[74.442s][info][gc,stats      ]   Finish Queues                      16 us
[74.442s][info][gc,stats      ]   System Purge                      257 us
[74.442s][info][gc,stats      ]     Weak Roots                      257 us
[74.442s][info][gc,stats      ]   Update Region States               32 us
[74.442s][info][gc,stats      ]   Retire TLABs                       19 us
[74.442s][info][gc,stats      ]   Choose Collection Set              94 us
[74.442s][info][gc,stats      ]   Rebuild Free Set                    6 us
[74.442s][info][gc,stats      ]   Initial Evacuation               1857 us, parallelism: 0.64x
[74.442s][info][gc,stats      ]     E: <total>                     1196 us
[74.442s][info][gc,stats      ]     E: Thread Roots                 511 us, workers (us): 511, 
[74.442s][info][gc,stats      ]     E: Code Cache Roots             211 us, workers (us): 211, 
[74.442s][info][gc,stats      ]     E: Universe Roots                 1 us, workers (us):   1, 
[74.442s][info][gc,stats      ]     E: JNI Handles Roots              1 us, workers (us):   1, 
[74.442s][info][gc,stats      ]     E: Synchronizer Roots             1 us, workers (us):   1, 
[74.442s][info][gc,stats      ]     E: Management Roots               1 us, workers (us):   1, 
[74.442s][info][gc,stats      ]     E: System Dict Roots             10 us, workers (us):  10, 
[74.442s][info][gc,stats      ]     E: CLDG Roots                   459 us, workers (us): 459, 
[74.442s][info][gc,stats      ]     E: JVMTI Roots                    1 us, workers (us):   1, 
[74.442s][info][gc,stats      ] Concurrent Cleanup                   35 us
[74.442s][info][gc,stats      ] Concurrent Evacuation             20707 us
[74.442s][info][gc,stats      ] Pause Init  Update Refs (G)        3243 us
[74.442s][info][gc,stats      ] Pause Init  Update Refs (N)          16 us
[74.442s][info][gc,stats      ]   Retire GCLABs                       9 us
[74.442s][info][gc,stats      ] Concurrent Update Refs           113434 us
[74.442s][info][gc,stats      ] Pause Final Update Refs (G)        3733 us
[74.442s][info][gc,stats      ] Pause Final Update Refs (N)         523 us
[74.442s][info][gc,stats      ]   Update Roots                      477 us, parallelism: 0.98x
[74.442s][info][gc,stats      ]     UR: <total>                     468 us
[74.442s][info][gc,stats      ]     UR: Thread Roots                468 us, workers (us): 468, 
[74.442s][info][gc,stats      ]   Update Region States               29 us
[74.442s][info][gc,stats      ]   Trash Collection Set                3 us
[74.442s][info][gc,stats      ]   Rebuild Free Set                    7 us
[74.442s][info][gc,stats      ] Concurrent Cleanup                   54 us
[74.442s][info][gc,stats      ] Pacing                            10674 us
[74.442s][info][gc,stats      ] 
[74.442s][info][gc,stats      ] Allocation pacing accrued:
[74.442s][info][gc,stats      ]      11 of   243 ms (  4.4%): Executor task launch worker for task 0.0 in stage 19.0 (TID 19)
[74.442s][info][gc,stats      ]      11 of   243 ms (  4.4%): <total>
[74.442s][info][gc,stats      ]       0 of   243 ms (  0.0%): <average total>
[74.442s][info][gc,stats      ]      11 of   243 ms (  4.4%): <average non-zero>
[74.442s][info][gc,stats      ] 
[74.442s][info][gc,metaspace  ] Metaspace: 60783K->60783K(1103872K)
[74.442s][info][gc,ergo       ] Pacer for Idle. Initial: 10240K, Alloc Tax Rate: 1.0x
[74.443s][info][gc            ] Trigger: Average GC time (286.93 ms) is above the time for allocation rate (808 MB/s) to deplete free headroom (222M)
[74.443s][info][gc,ergo       ] Free headroom: 247M (free) - 25600K (spike) - 0B (penalties) = 222M
[74.443s][info][gc,ergo       ] Free: 247M, Max: 256K regular, 111M humongous, Frag: 55% external, 0% internal; Reserve: 25600K, Max: 256K
[74.443s][info][gc,start      ] GC(173) Concurrent reset
[74.443s][info][gc,task       ] GC(173) Using 1 of 1 workers for concurrent reset
[74.443s][info][gc,ergo       ] GC(173) Pacer for Reset. Non-Taxable: 500M
[74.443s][info][gc            ] GC(173) Concurrent reset 0.247ms
[74.445s][info][gc,start      ] GC(173) Pause Init Mark
[74.445s][info][gc,task       ] GC(173) Using 1 of 1 workers for init marking
[74.446s][info][gc,ergo       ] GC(173) Pacer for Mark. Expected Live: 73898K, Free: 247M, Non-Taxable: 25298K, Alloc Tax Rate: 0.4x
[74.446s][info][gc            ] GC(173) Pause Init Mark 1.524ms
[74.446s][info][gc,start      ] GC(173) Concurrent marking
[74.446s][info][gc,task       ] GC(173) Using 1 of 1 workers for concurrent marking
[74.515s][info][gc            ] GC(173) Concurrent marking 68.787ms
[74.515s][info][gc,start      ] GC(173) Pause Final Mark
[74.515s][info][gc,task       ] GC(173) Using 1 of 1 workers for final marking
[74.516s][info][gc,ergo       ] GC(173) Adaptive CSet Selection. Target Free: 72533K, Actual Free: 228M, Max CSet: 21333K, Min Garbage: 0B
[74.516s][info][gc,ergo       ] GC(173) Collectable Garbage: 170M (98%), Immediate: 1024K (0%), CSet: 169M (98%)
[74.518s][info][gc,ergo       ] GC(173) Pacer for Evacuation. Used CSet: 182M, Free: 204M, Non-Taxable: 20895K, Alloc Tax Rate: 2.2x
[74.518s][info][gc            ] GC(173) Pause Final Mark 2.372ms
[74.522s][info][gc,start      ] GC(173) Concurrent cleanup
[74.522s][info][gc            ] GC(173) Concurrent cleanup 278M->277M(500M) 0.067ms
[74.522s][info][gc,ergo       ] GC(173) Free: 196M, Max: 256K regular, 111M humongous, Frag: 43% external, 0% internal; Reserve: 25593K, Max: 256K
[74.522s][info][gc,start      ] GC(173) Concurrent evacuation
[74.522s][info][gc,task       ] GC(173) Using 1 of 1 workers for concurrent evacuation
[74.554s][info][gc            ] GC(173) Concurrent evacuation 32.492ms
[74.558s][info][gc,start      ] GC(173) Pause Init Update Refs
[74.558s][info][gc,ergo       ] GC(173) Pacer for Update Refs. Used: 321M, Free: 165M, Non-Taxable: 16978K, Alloc Tax Rate: 2.4x
[74.558s][info][gc            ] GC(173) Pause Init Update Refs 0.063ms
[74.558s][info][gc,start      ] GC(173) Concurrent update references
[74.558s][info][gc,task       ] GC(173) Using 1 of 1 workers for concurrent reference update
[74.741s][info][gc            ] GC(173) Concurrent update references 182.564ms
[74.744s][info][gc,start      ] GC(173) Pause Final Update Refs
[74.744s][info][gc,task       ] GC(173) Using 1 of 1 workers for final reference update
[74.744s][info][gc            ] GC(173) Pause Final Update Refs 0.560ms
[74.747s][info][gc,start      ] GC(173) Concurrent cleanup
[74.747s][info][gc            ] GC(173) Concurrent cleanup 426M->248M(500M) 0.078ms
[74.747s][info][gc,ergo       ] Free: 225M, Max: 256K regular, 116M humongous, Frag: 49% external, 0% internal; Reserve: 25600K, Max: 256K
[74.747s][info][gc,stats      ] 
[74.747s][info][gc,stats      ] All times are wall-clock times, except per-root-class counters, that are sum over
[74.747s][info][gc,stats      ] all workers. Dividing the <total> over the root stage time estimates parallelism.
[74.747s][info][gc,stats      ] 
[74.747s][info][gc,stats      ] Concurrent Reset                    242 us
[74.747s][info][gc,stats      ] Pause Init Mark (G)                2978 us
[74.747s][info][gc,stats      ] Pause Init Mark (N)                1505 us
[74.747s][info][gc,stats      ]   Accumulate Stats                   19 us
[74.747s][info][gc,stats      ]   Make Parsable                      15 us
[74.747s][info][gc,stats      ]   Update Region States               21 us
[74.747s][info][gc,stats      ]   Scan Roots                       1405 us, parallelism: 0.80x
[74.747s][info][gc,stats      ]     S: <total>                     1119 us
[74.747s][info][gc,stats      ]     S: Thread Roots                 571 us, workers (us): 571, 
[74.747s][info][gc,stats      ]     S: Universe Roots                 2 us, workers (us):   2, 
[74.747s][info][gc,stats      ]     S: JNI Handles Roots              1 us, workers (us):   1, 
[74.747s][info][gc,stats      ]     S: Synchronizer Roots             0 us, workers (us):   0, 
[74.747s][info][gc,stats      ]     S: Management Roots               1 us, workers (us):   1, 
[74.747s][info][gc,stats      ]     S: System Dict Roots             11 us, workers (us):  11, 
[74.747s][info][gc,stats      ]     S: CLDG Roots                   532 us, workers (us): 532, 
[74.747s][info][gc,stats      ]     S: JVMTI Roots                    1 us, workers (us):   1, 
[74.747s][info][gc,stats      ]   Resize TLABs                       13 us
[74.747s][info][gc,stats      ] Concurrent Marking                68779 us
[74.747s][info][gc,stats      ] Pause Final Mark (G)               6685 us
[74.747s][info][gc,stats      ] Pause Final Mark (N)               2362 us
[74.747s][info][gc,stats      ]   Finish Queues                      14 us
[74.747s][info][gc,stats      ]   System Purge                      274 us
[74.747s][info][gc,stats      ]     Weak Roots                      274 us
[74.747s][info][gc,stats      ]   Update Region States               25 us
[74.747s][info][gc,stats      ]   Retire TLABs                       24 us
[74.747s][info][gc,stats      ]   Choose Collection Set             113 us
[74.747s][info][gc,stats      ]   Rebuild Free Set                    6 us
[74.747s][info][gc,stats      ]   Initial Evacuation               1899 us, parallelism: 0.69x
[74.747s][info][gc,stats      ]     E: <total>                     1308 us
[74.747s][info][gc,stats      ]     E: Thread Roots                 548 us, workers (us): 548, 
[74.747s][info][gc,stats      ]     E: Code Cache Roots             219 us, workers (us): 219, 
[74.747s][info][gc,stats      ]     E: Universe Roots                 1 us, workers (us):   1, 
[74.747s][info][gc,stats      ]     E: JNI Handles Roots              1 us, workers (us):   1, 
[74.747s][info][gc,stats      ]     E: Synchronizer Roots             0 us, workers (us):   0, 
[74.747s][info][gc,stats      ]     E: Management Roots               2 us, workers (us):   2, 
[74.747s][info][gc,stats      ]     E: System Dict Roots              9 us, workers (us):   9, 
[74.747s][info][gc,stats      ]     E: CLDG Roots                   528 us, workers (us): 528, 
[74.747s][info][gc,stats      ]     E: JVMTI Roots                    1 us, workers (us):   1, 
[74.747s][info][gc,stats      ] Concurrent Cleanup                   34 us
[74.747s][info][gc,stats      ] Concurrent Evacuation             32480 us
[74.747s][info][gc,stats      ] Pause Init  Update Refs (G)        3470 us
[74.747s][info][gc,stats      ] Pause Init  Update Refs (N)          27 us
[74.747s][info][gc,stats      ]   Retire GCLABs                      12 us
[74.747s][info][gc,stats      ] Concurrent Update Refs           182541 us
[74.747s][info][gc,stats      ] Pause Final Update Refs (G)        6080 us
[74.747s][info][gc,stats      ] Pause Final Update Refs (N)         530 us
[74.747s][info][gc,stats      ]   Update Roots                      482 us, parallelism: 0.98x
[74.747s][info][gc,stats      ]     UR: <total>                     475 us
[74.747s][info][gc,stats      ]     UR: Thread Roots                475 us, workers (us): 475, 
[74.747s][info][gc,stats      ]   Update Region States               27 us
[74.747s][info][gc,stats      ]   Trash Collection Set                4 us
[74.747s][info][gc,stats      ]   Rebuild Free Set                    7 us
[74.747s][info][gc,stats      ] Concurrent Cleanup                   60 us
[74.747s][info][gc,stats      ] Pacing                            40084 us
[74.747s][info][gc,stats      ] 
[74.747s][info][gc,stats      ] Allocation pacing accrued:
[74.747s][info][gc,stats      ]      13 of   305 ms (  4.1%): Spark Context Cleaner
[74.747s][info][gc,stats      ]      27 of   305 ms (  9.0%): Executor task launch worker for task 0.0 in stage 19.0 (TID 19)
[74.747s][info][gc,stats      ]      40 of   305 ms ( 13.1%): <total>
[74.747s][info][gc,stats      ]       0 of   305 ms (  0.1%): <average total>
[74.747s][info][gc,stats      ]      20 of   305 ms (  6.6%): <average non-zero>
[74.747s][info][gc,stats      ] 
[74.747s][info][gc,metaspace  ] Metaspace: 60783K->60783K(1103872K)
[74.747s][info][gc,ergo       ] Pacer for Idle. Initial: 10240K, Alloc Tax Rate: 1.0x
[74.753s][info][gc            ] Trigger: Average GC time (289.73 ms) is above the time for allocation rate (663 MB/s) to deplete free headroom (187M)
[74.753s][info][gc,ergo       ] Free headroom: 212M (free) - 25600K (spike) - 0B (penalties) = 187M
[74.753s][info][gc,ergo       ] Free: 212M, Max: 256K regular, 111M humongous, Frag: 48% external, 0% internal; Reserve: 25600K, Max: 256K
[74.753s][info][gc,start      ] GC(174) Concurrent reset
[74.753s][info][gc,task       ] GC(174) Using 1 of 1 workers for concurrent reset
[74.753s][info][gc,ergo       ] GC(174) Pacer for Reset. Non-Taxable: 500M
[74.753s][info][gc            ] GC(174) Concurrent reset 0.330ms
[74.756s][info][gc,start      ] GC(174) Pause Init Mark
[74.756s][info][gc,task       ] GC(174) Using 1 of 1 workers for init marking
[74.758s][info][gc,ergo       ] GC(174) Pacer for Mark. Expected Live: 67986K, Free: 212M, Non-Taxable: 21739K, Alloc Tax Rate: 0.4x
[74.758s][info][gc            ] GC(174) Pause Init Mark 1.519ms
[74.758s][info][gc,start      ] GC(174) Concurrent marking
[74.758s][info][gc,task       ] GC(174) Using 1 of 1 workers for concurrent marking
[74.837s][info][gc            ] GC(174) Concurrent marking 79.184ms
[74.837s][info][gc,start      ] GC(174) Pause Final Mark
[74.837s][info][gc,task       ] GC(174) Using 1 of 1 workers for final marking
[74.838s][info][gc,ergo       ] GC(174) Adaptive CSet Selection. Target Free: 72533K, Actual Free: 197M, Max CSet: 21333K, Min Garbage: 0B
[74.838s][info][gc,ergo       ] GC(174) Collectable Garbage: 189M (98%), Immediate: 0B (0%), CSet: 189M (98%)
[74.840s][info][gc,ergo       ] GC(174) Pacer for Evacuation. Used CSet: 205M, Free: 172M, Non-Taxable: 17618K, Alloc Tax Rate: 2.9x
[74.840s][info][gc            ] GC(174) Pause Final Mark 2.440ms
[74.840s][info][gc,start      ] GC(174) Concurrent cleanup
[74.840s][info][gc            ] GC(174) Concurrent cleanup 301M->301M(500M) 0.046ms
[74.840s][info][gc,ergo       ] GC(174) Free: 172M, Max: 256K regular, 72960K humongous, Frag: 59% external, 1% internal; Reserve: 25600K, Max: 256K
[74.840s][info][gc,start      ] GC(174) Concurrent evacuation
[74.840s][info][gc,task       ] GC(174) Using 1 of 1 workers for concurrent evacuation
[74.869s][info][gc            ] GC(174) Concurrent evacuation 29.529ms
[74.874s][info][gc,start      ] GC(174) Pause Init Update Refs
[74.874s][info][gc,ergo       ] GC(174) Pacer for Update Refs. Used: 341M, Free: 148M, Non-Taxable: 15160K, Alloc Tax Rate: 2.8x
[74.874s][info][gc            ] GC(174) Pause Init Update Refs 0.090ms
[74.874s][info][gc,start      ] GC(174) Concurrent update references
[74.874s][info][gc,task       ] GC(174) Using 1 of 1 workers for concurrent reference update
[75.014s][info][gc            ] GC(174) Concurrent update references 140.026ms
[75.015s][info][gc,start      ] GC(174) Pause Final Update Refs
[75.015s][info][gc,task       ] GC(174) Using 1 of 1 workers for final reference update
[75.015s][info][gc            ] GC(174) Pause Final Update Refs 0.530ms
[75.015s][info][gc,start      ] GC(174) Concurrent cleanup
[75.015s][info][gc            ] GC(174) Concurrent cleanup 458M->253M(500M) 0.071ms
[75.015s][info][gc,ergo       ] Free: 219M, Max: 256K regular, 112M humongous, Frag: 49% external, 1% internal; Reserve: 25600K, Max: 256K
[75.015s][info][gc,stats      ] 
[75.015s][info][gc,stats      ] All times are wall-clock times, except per-root-class counters, that are sum over
[75.015s][info][gc,stats      ] all workers. Dividing the <total> over the root stage time estimates parallelism.
[75.015s][info][gc,stats      ] 
[75.015s][info][gc,stats      ] Concurrent Reset                    323 us
[75.015s][info][gc,stats      ] Pause Init Mark (G)                4891 us
[75.015s][info][gc,stats      ] Pause Init Mark (N)                1488 us
[75.015s][info][gc,stats      ]   Accumulate Stats                   20 us
[75.015s][info][gc,stats      ]   Make Parsable                      14 us
[75.015s][info][gc,stats      ]   Update Region States               27 us
[75.015s][info][gc,stats      ]   Scan Roots                       1380 us, parallelism: 0.80x
[75.015s][info][gc,stats      ]     S: <total>                     1098 us
[75.015s][info][gc,stats      ]     S: Thread Roots                 565 us, workers (us): 565, 
[75.015s][info][gc,stats      ]     S: Universe Roots                 2 us, workers (us):   2, 
[75.015s][info][gc,stats      ]     S: JNI Handles Roots              1 us, workers (us):   1, 
[75.015s][info][gc,stats      ]     S: Synchronizer Roots             0 us, workers (us):   0, 
[75.015s][info][gc,stats      ]     S: Management Roots               1 us, workers (us):   1, 
[75.015s][info][gc,stats      ]     S: System Dict Roots             12 us, workers (us):  12, 
[75.015s][info][gc,stats      ]     S: CLDG Roots                   516 us, workers (us): 516, 
[75.015s][info][gc,stats      ]     S: JVMTI Roots                    1 us, workers (us):   1, 
[75.015s][info][gc,stats      ]   Resize TLABs                       13 us
[75.015s][info][gc,stats      ] Concurrent Marking                79175 us
[75.015s][info][gc,stats      ] Pause Final Mark (G)               2610 us
[75.015s][info][gc,stats      ] Pause Final Mark (N)               2431 us
[75.015s][info][gc,stats      ]   Finish Queues                      13 us
[75.015s][info][gc,stats      ]   System Purge                      278 us
[75.015s][info][gc,stats      ]     Weak Roots                      277 us
[75.015s][info][gc,stats      ]   Update Region States               25 us
[75.015s][info][gc,stats      ]   Retire TLABs                       40 us
[75.015s][info][gc,stats      ]   Choose Collection Set             124 us
[75.015s][info][gc,stats      ]   Rebuild Free Set                    6 us
[75.015s][info][gc,stats      ]   Initial Evacuation               1938 us, parallelism: 0.69x
[75.015s][info][gc,stats      ]     E: <total>                     1338 us
[75.015s][info][gc,stats      ]     E: Thread Roots                 596 us, workers (us): 596, 
[75.015s][info][gc,stats      ]     E: Code Cache Roots             211 us, workers (us): 211, 
[75.015s][info][gc,stats      ]     E: Universe Roots                 2 us, workers (us):   2, 
[75.015s][info][gc,stats      ]     E: JNI Handles Roots              1 us, workers (us):   1, 
[75.015s][info][gc,stats      ]     E: Synchronizer Roots             0 us, workers (us):   0, 
[75.015s][info][gc,stats      ]     E: Management Roots               1 us, workers (us):   1, 
[75.015s][info][gc,stats      ]     E: System Dict Roots              9 us, workers (us):   9, 
[75.015s][info][gc,stats      ]     E: CLDG Roots                   518 us, workers (us): 518, 
[75.015s][info][gc,stats      ]     E: JVMTI Roots                    0 us, workers (us):   0, 
[75.015s][info][gc,stats      ] Concurrent Cleanup                   37 us
[75.015s][info][gc,stats      ] Concurrent Evacuation             29517 us
[75.015s][info][gc,stats      ] Pause Init  Update Refs (G)        4843 us
[75.015s][info][gc,stats      ] Pause Init  Update Refs (N)          23 us
[75.015s][info][gc,stats      ]   Retire GCLABs                      11 us
[75.015s][info][gc,stats      ] Concurrent Update Refs           140012 us
[75.015s][info][gc,stats      ] Pause Final Update Refs (G)         858 us
[75.015s][info][gc,stats      ] Pause Final Update Refs (N)         516 us
[75.015s][info][gc,stats      ]   Update Roots                      457 us, parallelism: 0.98x
[75.015s][info][gc,stats      ]     UR: <total>                     450 us
[75.015s][info][gc,stats      ]     UR: Thread Roots                450 us, workers (us): 450, 
[75.015s][info][gc,stats      ]   Update Region States               41 us
[75.015s][info][gc,stats      ]   Trash Collection Set                4 us
[75.015s][info][gc,stats      ]   Rebuild Free Set                    7 us
[75.015s][info][gc,stats      ] Concurrent Cleanup                   64 us
[75.015s][info][gc,stats      ] Pacing                            72370 us
[75.015s][info][gc,stats      ] 
[75.015s][info][gc,stats      ] Allocation pacing accrued:
[75.015s][info][gc,stats      ]      11 of   268 ms (  4.0%): RemoteBlock-temp-file-clean-thread
[75.015s][info][gc,stats      ]      13 of   268 ms (  4.8%): Spark Context Cleaner
[75.015s][info][gc,stats      ]      49 of   268 ms ( 18.1%): Executor task launch worker for task 0.0 in stage 19.0 (TID 19)
[75.015s][info][gc,stats      ]      72 of   268 ms ( 27.0%): <total>
[75.015s][info][gc,stats      ]       0 of   268 ms (  0.2%): <average total>
[75.016s][info][gc,stats      ]      24 of   268 ms (  9.0%): <average non-zero>
[75.016s][info][gc,stats      ] 
[75.016s][info][gc,metaspace  ] Metaspace: 60783K->60783K(1103872K)
[75.016s][info][gc,ergo       ] Pacer for Idle. Initial: 10240K, Alloc Tax Rate: 1.0x
[75.017s][info][gc            ] Trigger: Average GC time (280.58 ms) is above the time for allocation rate (703 MB/s) to deplete free headroom (190M)
[75.017s][info][gc,ergo       ] Free headroom: 215M (free) - 25600K (spike) - 0B (penalties) = 190M
[75.017s][info][gc,ergo       ] Free: 215M, Max: 256K regular, 112M humongous, Frag: 48% external, 1% internal; Reserve: 25600K, Max: 256K
[75.017s][info][gc,start      ] GC(175) Concurrent reset
[75.017s][info][gc,task       ] GC(175) Using 1 of 1 workers for concurrent reset
[75.017s][info][gc,ergo       ] GC(175) Pacer for Reset. Non-Taxable: 500M
[75.018s][info][gc            ] GC(175) Concurrent reset 0.384ms
[75.021s][info][gc,start      ] GC(175) Pause Init Mark (process weakrefs)
[75.021s][info][gc,task       ] GC(175) Using 1 of 1 workers for init marking
[75.023s][info][gc,ergo       ] GC(175) Pacer for Mark. Expected Live: 62337K, Free: 215M, Non-Taxable: 22098K, Alloc Tax Rate: 0.3x
[75.023s][info][gc            ] GC(175) Pause Init Mark (process weakrefs) 1.582ms
[75.023s][info][gc,start      ] GC(175) Concurrent marking (process weakrefs)
[75.023s][info][gc,task       ] GC(175) Using 1 of 1 workers for concurrent marking
[75.114s][info][gc            ] GC(175) Concurrent marking (process weakrefs) 91.381ms
[75.114s][info][gc,start      ] GC(175) Concurrent precleaning
[75.114s][info][gc,task       ] GC(175) Using 1 of 1 workers for concurrent preclean
[75.114s][info][gc,ergo       ] GC(175) Pacer for Precleaning. Non-Taxable: 500M
[75.115s][info][gc            ] GC(175) Concurrent precleaning 0.528ms
[75.115s][info][gc,start      ] GC(175) Pause Final Mark (process weakrefs)
[75.115s][info][gc,task       ] GC(175) Using 1 of 1 workers for final marking
[75.115s][info][gc,ergo       ] GC(175) Adaptive CSet Selection. Target Free: 72533K, Actual Free: 195M, Max CSet: 21333K, Min Garbage: 0B
[75.115s][info][gc,ergo       ] GC(175) Collectable Garbage: 170M (98%), Immediate: 2048K (1%), CSet: 168M (97%)
[75.117s][info][gc,ergo       ] GC(175) Pacer for Evacuation. Used CSet: 182M, Free: 170M, Non-Taxable: 17439K, Alloc Tax Rate: 2.6x
[75.117s][info][gc            ] GC(175) Pause Final Mark (process weakrefs) 2.399ms
[75.122s][info][gc,start      ] GC(175) Concurrent cleanup
[75.122s][info][gc            ] GC(175) Concurrent cleanup 314M->312M(500M) 0.053ms
[75.122s][info][gc,ergo       ] GC(175) Free: 160M, Max: 256K regular, 95232K humongous, Frag: 43% external, 1% internal; Reserve: 25600K, Max: 256K
[75.122s][info][gc,start      ] GC(175) Concurrent evacuation
[75.122s][info][gc,task       ] GC(175) Using 1 of 1 workers for concurrent evacuation
[75.153s][info][gc            ] GC(175) Concurrent evacuation 31.304ms
[75.157s][info][gc,start      ] GC(175) Pause Init Update Refs
[75.157s][info][gc,ergo       ] GC(175) Pacer for Update Refs. Used: 347M, Free: 139M, Non-Taxable: 14315K, Alloc Tax Rate: 3.0x
[75.157s][info][gc            ] GC(175) Pause Init Update Refs 0.047ms
[75.157s][info][gc,start      ] GC(175) Concurrent update references
[75.157s][info][gc,task       ] GC(175) Using 1 of 1 workers for concurrent reference update
[75.307s][info][gc            ] GC(175) Concurrent update references 150.112ms
[75.307s][info][gc,start      ] GC(175) Pause Final Update Refs
[75.307s][info][gc,task       ] GC(175) Using 1 of 1 workers for final reference update
[75.308s][info][gc            ] GC(175) Pause Final Update Refs 0.592ms
[75.308s][info][gc,start      ] GC(175) Concurrent cleanup
[75.308s][info][gc            ] GC(175) Concurrent cleanup 463M->281M(500M) 0.068ms
[75.308s][info][gc,ergo       ] Free: 192M, Max: 256K regular, 61440K humongous, Frag: 69% external, 1% internal; Reserve: 25600K, Max: 256K
[75.308s][info][gc,stats      ] 
[75.308s][info][gc,stats      ] All times are wall-clock times, except per-root-class counters, that are sum over
[75.308s][info][gc,stats      ] all workers. Dividing the <total> over the root stage time estimates parallelism.
[75.308s][info][gc,stats      ] 
[75.308s][info][gc,stats      ] Concurrent Reset                    376 us
[75.308s][info][gc,stats      ] Pause Init Mark (G)                4859 us
[75.308s][info][gc,stats      ] Pause Init Mark (N)                1548 us
[75.308s][info][gc,stats      ]   Accumulate Stats                   20 us
[75.308s][info][gc,stats      ]   Make Parsable                      15 us
[75.308s][info][gc,stats      ]   Update Region States               24 us
[75.308s][info][gc,stats      ]   Scan Roots                       1429 us, parallelism: 0.80x
[75.308s][info][gc,stats      ]     S: <total>                     1143 us
[75.308s][info][gc,stats      ]     S: Thread Roots                 596 us, workers (us): 596, 
[75.308s][info][gc,stats      ]     S: Universe Roots                 2 us, workers (us):   2, 
[75.308s][info][gc,stats      ]     S: JNI Handles Roots              1 us, workers (us):   1, 
[75.308s][info][gc,stats      ]     S: Synchronizer Roots             0 us, workers (us):   0, 
[75.308s][info][gc,stats      ]     S: Management Roots               1 us, workers (us):   1, 
[75.308s][info][gc,stats      ]     S: System Dict Roots             10 us, workers (us):  10, 
[75.308s][info][gc,stats      ]     S: CLDG Roots                   532 us, workers (us): 532, 
[75.308s][info][gc,stats      ]     S: JVMTI Roots                    0 us, workers (us):   0, 
[75.308s][info][gc,stats      ]   Resize TLABs                       15 us
[75.308s][info][gc,stats      ] Concurrent Marking                91372 us
[75.308s][info][gc,stats      ] Concurrent Precleaning              516 us
[75.308s][info][gc,stats      ] Pause Final Mark (G)               7229 us
[75.308s][info][gc,stats      ] Pause Final Mark (N)               2390 us
[75.308s][info][gc,stats      ]   Finish Queues                      16 us
[75.308s][info][gc,stats      ]   Weak References                    20 us
[75.308s][info][gc,stats      ]     Process                          17 us
[75.308s][info][gc,stats      ]   System Purge                      320 us
[75.308s][info][gc,stats      ]     Weak Roots                      320 us
[75.308s][info][gc,stats      ]   Update Region States               29 us
[75.308s][info][gc,stats      ]   Retire TLABs                       20 us
[75.308s][info][gc,stats      ]   Choose Collection Set             120 us
[75.308s][info][gc,stats      ]   Rebuild Free Set                    6 us
[75.308s][info][gc,stats      ]   Initial Evacuation               1853 us, parallelism: 0.68x
[75.308s][info][gc,stats      ]     E: <total>                     1264 us
[75.308s][info][gc,stats      ]     E: Thread Roots                 549 us, workers (us): 549, 
[75.308s][info][gc,stats      ]     E: Code Cache Roots             211 us, workers (us): 211, 
[75.308s][info][gc,stats      ]     E: Universe Roots                 1 us, workers (us):   1, 
[75.308s][info][gc,stats      ]     E: JNI Handles Roots              1 us, workers (us):   1, 
[75.308s][info][gc,stats      ]     E: Synchronizer Roots             0 us, workers (us):   0, 
[75.308s][info][gc,stats      ]     E: Management Roots               1 us, workers (us):   1, 
[75.308s][info][gc,stats      ]     E: System Dict Roots              9 us, workers (us):   9, 
[75.308s][info][gc,stats      ]     E: CLDG Roots                   490 us, workers (us): 490, 
[75.308s][info][gc,stats      ]     E: JVMTI Roots                    1 us, workers (us):   1, 
[75.308s][info][gc,stats      ] Concurrent Cleanup                   35 us
[75.308s][info][gc,stats      ] Concurrent Evacuation             31291 us
[75.308s][info][gc,stats      ] Pause Init  Update Refs (G)        3379 us
[75.308s][info][gc,stats      ] Pause Init  Update Refs (N)          18 us
[75.308s][info][gc,stats      ]   Retire GCLABs                      10 us
[75.308s][info][gc,stats      ] Concurrent Update Refs           150097 us
[75.308s][info][gc,stats      ] Pause Final Update Refs (G)         897 us
[75.308s][info][gc,stats      ] Pause Final Update Refs (N)         573 us
[75.308s][info][gc,stats      ]   Update Roots                      524 us, parallelism: 0.98x
[75.308s][info][gc,stats      ]     UR: <total>                     516 us
[75.308s][info][gc,stats      ]     UR: Thread Roots                516 us, workers (us): 516, 
[75.308s][info][gc,stats      ]   Update Region States               29 us
[75.308s][info][gc,stats      ]   Trash Collection Set                4 us
[75.308s][info][gc,stats      ]   Rebuild Free Set                    7 us
[75.308s][info][gc,stats      ] Concurrent Cleanup                   61 us
[75.308s][info][gc,stats      ] Pacing                           110758 us
[75.308s][info][gc,stats      ] 
[75.308s][info][gc,stats      ] Allocation pacing accrued:
[75.308s][info][gc,stats      ]      10 of   293 ms (  3.4%): Spark Context Cleaner
[75.308s][info][gc,stats      ]     101 of   293 ms ( 34.5%): Executor task launch worker for task 0.0 in stage 19.0 (TID 19)
[75.308s][info][gc,stats      ]     111 of   293 ms ( 37.8%): <total>
[75.308s][info][gc,stats      ]       1 of   293 ms (  0.2%): <average total>
[75.308s][info][gc,stats      ]      55 of   293 ms ( 18.9%): <average non-zero>
[75.308s][info][gc,stats      ] 
[75.308s][info][gc,metaspace  ] Metaspace: 60783K->60785K(1103872K)
[75.308s][info][gc,ergo       ] Pacer for Idle. Initial: 10240K, Alloc Tax Rate: 1.0x
[75.322s][info][gc            ] Trigger: Average GC time (243.68 ms) is above the time for allocation rate (662 MB/s) to deplete free headroom (159M)
[75.322s][info][gc,ergo       ] Free headroom: 184M (free) - 25600K (spike) - 0B (penalties) = 159M
[75.322s][info][gc,ergo       ] Free: 184M, Max: 256K regular, 57856K humongous, Frag: 70% external, 1% internal; Reserve: 25600K, Max: 256K
[75.322s][info][gc,start      ] GC(176) Concurrent reset
[75.322s][info][gc,task       ] GC(176) Using 1 of 1 workers for concurrent reset
[75.322s][info][gc,ergo       ] GC(176) Pacer for Reset. Non-Taxable: 500M
[75.323s][info][gc            ] GC(176) Concurrent reset 0.369ms
[75.325s][info][gc,start      ] GC(176) Pause Init Mark
[75.325s][info][gc,task       ] GC(176) Using 1 of 1 workers for init marking
[75.327s][info][gc,ergo       ] GC(176) Pacer for Mark. Expected Live: 57080K, Free: 184M, Non-Taxable: 18898K, Alloc Tax Rate: 0.4x
[75.327s][info][gc            ] GC(176) Pause Init Mark 1.895ms
[75.327s][info][gc,start      ] GC(176) Concurrent marking
[75.327s][info][gc,task       ] GC(176) Using 1 of 1 workers for concurrent marking
[75.427s][info][gc            ] GC(176) Concurrent marking 99.205ms
[75.427s][info][gc,start      ] GC(176) Pause Final Mark
[75.427s][info][gc,task       ] GC(176) Using 1 of 1 workers for final marking
[75.427s][info][gc,ergo       ] GC(176) Adaptive CSet Selection. Target Free: 72533K, Actual Free: 165M, Max CSet: 21333K, Min Garbage: 0B
[75.427s][info][gc,ergo       ] GC(176) Collectable Garbage: 186M (98%), Immediate: 0B (0%), CSet: 186M (98%)
[75.429s][info][gc,ergo       ] GC(176) Pacer for Evacuation. Used CSet: 202M, Free: 140M, Non-Taxable: 14341K, Alloc Tax Rate: 3.5x
[75.429s][info][gc            ] GC(176) Pause Final Mark 2.434ms
[75.429s][info][gc,start      ] GC(176) Concurrent cleanup
[75.429s][info][gc            ] GC(176) Concurrent cleanup 333M->333M(500M) 0.042ms
[75.429s][info][gc,ergo       ] GC(176) Free: 140M, Max: 256K regular, 54272K humongous, Frag: 63% external, 1% internal; Reserve: 25593K, Max: 256K
[75.429s][info][gc,start      ] GC(176) Concurrent evacuation
[75.429s][info][gc,task       ] GC(176) Using 1 of 1 workers for concurrent evacuation
[75.463s][info][gc            ] GC(176) Concurrent evacuation 33.216ms
[75.466s][info][gc,start      ] GC(176) Pause Init Update Refs
[75.466s][info][gc,ergo       ] GC(176) Pacer for Update Refs. Used: 382M, Free: 106M, Non-Taxable: 10911K, Alloc Tax Rate: 4.4x
[75.466s][info][gc            ] GC(176) Pause Init Update Refs 0.031ms
[75.466s][info][gc,start      ] GC(176) Concurrent update references
[75.466s][info][gc,task       ] GC(176) Using 1 of 1 workers for concurrent reference update
[75.599s][info][gc            ] GC(176) Concurrent update references 133.374ms
[75.600s][info][gc,start      ] GC(176) Pause Final Update Refs
[75.600s][info][gc,task       ] GC(176) Using 1 of 1 workers for final reference update
[75.600s][info][gc            ] GC(176) Pause Final Update Refs 0.539ms
[75.600s][info][gc,start      ] GC(176) Concurrent cleanup
[75.600s][info][gc            ] GC(176) Concurrent cleanup 469M->267M(500M) 0.074ms
[75.600s][info][gc,ergo       ] Free: 205M, Max: 256K regular, 115M humongous, Frag: 44% external, 1% internal; Reserve: 25600K, Max: 256K
[75.600s][info][gc,stats      ] 
[75.600s][info][gc,stats      ] All times are wall-clock times, except per-root-class counters, that are sum over
[75.600s][info][gc,stats      ] all workers. Dividing the <total> over the root stage time estimates parallelism.
[75.600s][info][gc,stats      ] 
[75.600s][info][gc,stats      ] Concurrent Reset                    359 us
[75.600s][info][gc,stats      ] Pause Init Mark (G)                4617 us
[75.600s][info][gc,stats      ] Pause Init Mark (N)                1863 us
[75.600s][info][gc,stats      ]   Accumulate Stats                   20 us
[75.600s][info][gc,stats      ]   Make Parsable                      17 us
[75.600s][info][gc,stats      ]   Update Region States               25 us
[75.600s][info][gc,stats      ]   Scan Roots                       1743 us, parallelism: 0.82x
[75.600s][info][gc,stats      ]     S: <total>                     1437 us
[75.600s][info][gc,stats      ]     S: Thread Roots                 553 us, workers (us): 553, 
[75.600s][info][gc,stats      ]     S: Universe Roots                 3 us, workers (us):   3, 
[75.600s][info][gc,stats      ]     S: JNI Handles Roots              2 us, workers (us):   2, 
[75.600s][info][gc,stats      ]     S: Synchronizer Roots             0 us, workers (us):   0, 
[75.600s][info][gc,stats      ]     S: Management Roots               2 us, workers (us):   2, 
[75.600s][info][gc,stats      ]     S: System Dict Roots             16 us, workers (us):  16, 
[75.600s][info][gc,stats      ]     S: CLDG Roots                   859 us, workers (us): 859, 
[75.600s][info][gc,stats      ]     S: JVMTI Roots                    1 us, workers (us):   1, 
[75.600s][info][gc,stats      ]   Resize TLABs                       16 us
[75.600s][info][gc,stats      ] Concurrent Marking                99195 us
[75.600s][info][gc,stats      ] Pause Final Mark (G)               2630 us
[75.600s][info][gc,stats      ] Pause Final Mark (N)               2419 us
[75.600s][info][gc,stats      ]   Finish Queues                      20 us
[75.600s][info][gc,stats      ]   System Purge                      279 us
[75.600s][info][gc,stats      ]     Weak Roots                      279 us
[75.600s][info][gc,stats      ]   Update Region States               28 us
[75.600s][info][gc,stats      ]   Retire TLABs                       15 us
[75.600s][info][gc,stats      ]   Choose Collection Set             136 us
[75.600s][info][gc,stats      ]   Rebuild Free Set                    6 us
[75.600s][info][gc,stats      ]   Initial Evacuation               1927 us, parallelism: 0.67x
[75.600s][info][gc,stats      ]     E: <total>                     1296 us
[75.600s][info][gc,stats      ]     E: Thread Roots                 591 us, workers (us): 591, 
[75.600s][info][gc,stats      ]     E: Code Cache Roots             211 us, workers (us): 211, 
[75.600s][info][gc,stats      ]     E: Universe Roots                 1 us, workers (us):   1, 
[75.600s][info][gc,stats      ]     E: JNI Handles Roots              1 us, workers (us):   1, 
[75.600s][info][gc,stats      ]     E: Synchronizer Roots             0 us, workers (us):   0, 
[75.600s][info][gc,stats      ]     E: Management Roots               1 us, workers (us):   1, 
[75.600s][info][gc,stats      ]     E: System Dict Roots              9 us, workers (us):   9, 
[75.600s][info][gc,stats      ]     E: CLDG Roots                   482 us, workers (us): 482, 
[75.600s][info][gc,stats      ]     E: JVMTI Roots                    0 us, workers (us):   0, 
[75.600s][info][gc,stats      ] Concurrent Cleanup                   33 us
[75.600s][info][gc,stats      ] Concurrent Evacuation             33205 us
[75.600s][info][gc,stats      ] Pause Init  Update Refs (G)        3275 us
[75.600s][info][gc,stats      ] Pause Init  Update Refs (N)          17 us
[75.600s][info][gc,stats      ]   Retire GCLABs                      10 us
[75.600s][info][gc,stats      ] Concurrent Update Refs           133353 us
[75.600s][info][gc,stats      ] Pause Final Update Refs (G)         835 us
[75.600s][info][gc,stats      ] Pause Final Update Refs (N)         529 us
[75.600s][info][gc,stats      ]   Update Roots                      483 us, parallelism: 0.98x
[75.600s][info][gc,stats      ]     UR: <total>                     475 us
[75.600s][info][gc,stats      ]     UR: Thread Roots                475 us, workers (us): 475, 
[75.600s][info][gc,stats      ]   Update Region States               27 us
[75.600s][info][gc,stats      ]   Trash Collection Set                4 us
[75.600s][info][gc,stats      ]   Rebuild Free Set                    7 us
[75.600s][info][gc,stats      ] Concurrent Cleanup                   67 us
[75.600s][info][gc,stats      ] Pacing                           129865 us
[75.600s][info][gc,stats      ] 
[75.600s][info][gc,stats      ] Allocation pacing accrued:
[75.600s][info][gc,stats      ]      13 of   292 ms (  4.3%): Spark Context Cleaner
[75.600s][info][gc,stats      ]     117 of   292 ms ( 40.1%): Executor task launch worker for task 0.0 in stage 19.0 (TID 19)
[75.600s][info][gc,stats      ]     130 of   292 ms ( 44.4%): <total>
[75.600s][info][gc,stats      ]       1 of   292 ms (  0.3%): <average total>
[75.600s][info][gc,stats      ]      65 of   292 ms ( 22.2%): <average non-zero>
[75.600s][info][gc,stats      ] 
[75.600s][info][gc,metaspace  ] Metaspace: 60785K->60785K(1103872K)
[75.600s][info][gc,ergo       ] Pacer for Idle. Initial: 10240K, Alloc Tax Rate: 1.0x
[75.614s][info][gc            ] Trigger: Average GC time (272.37 ms) is above the time for allocation rate (622 MB/s) to deplete free headroom (164M)
[75.614s][info][gc,ergo       ] Free headroom: 189M (free) - 25600K (spike) - 0B (penalties) = 164M
[75.614s][info][gc,ergo       ] Free: 189M, Max: 256K regular, 115M humongous, Frag: 39% external, 1% internal; Reserve: 25600K, Max: 256K
[75.614s][info][gc,start      ] GC(177) Concurrent reset
[75.614s][info][gc,task       ] GC(177) Using 1 of 1 workers for concurrent reset
[75.614s][info][gc,ergo       ] GC(177) Pacer for Reset. Non-Taxable: 500M
[75.615s][info][gc            ] GC(177) Concurrent reset 0.428ms
[75.618s][info][gc,start      ] GC(177) Pause Init Mark
[75.618s][info][gc,task       ] GC(177) Using 1 of 1 workers for init marking
[75.620s][info][gc,ergo       ] GC(177) Pacer for Mark. Expected Live: 71715K, Free: 189M, Non-Taxable: 19410K, Alloc Tax Rate: 0.5x
[75.620s][info][gc            ] GC(177) Pause Init Mark 1.572ms
[75.620s][info][gc,start      ] GC(177) Concurrent marking
[75.620s][info][gc,task       ] GC(177) Using 1 of 1 workers for concurrent marking
[75.734s][info][gc            ] GC(177) Concurrent marking 114.318ms
[75.734s][info][gc,start      ] GC(177) Pause Final Mark
[75.734s][info][gc,task       ] GC(177) Using 1 of 1 workers for final marking
[75.735s][info][gc,ergo       ] GC(177) Adaptive CSet Selection. Target Free: 72533K, Actual Free: 174M, Max CSet: 21333K, Min Garbage: 0B
[75.735s][info][gc,ergo       ] GC(177) Collectable Garbage: 167M (98%), Immediate: 0B (0%), CSet: 167M (98%)
[75.737s][info][gc,ergo       ] GC(177) Pacer for Evacuation. Used CSet: 181M, Free: 149M, Non-Taxable: 15288K, Alloc Tax Rate: 3.0x
[75.737s][info][gc            ] GC(177) Pause Final Mark 2.456ms
[75.737s][info][gc,start      ] GC(177) Concurrent cleanup
[75.737s][info][gc            ] GC(177) Concurrent cleanup 324M->324M(500M) 0.042ms
[75.737s][info][gc,ergo       ] GC(177) Free: 149M, Max: 256K regular, 101M humongous, Frag: 33% external, 1% internal; Reserve: 25600K, Max: 256K
[75.737s][info][gc,start      ] GC(177) Concurrent evacuation
[75.737s][info][gc,task       ] GC(177) Using 1 of 1 workers for concurrent evacuation
[75.762s][info][gc            ] GC(177) Concurrent evacuation 24.705ms
[75.764s][info][gc,start      ] GC(177) Pause Init Update Refs
[75.764s][info][gc,ergo       ] GC(177) Pacer for Update Refs. Used: 357M, Free: 129M, Non-Taxable: 13291K, Alloc Tax Rate: 3.4x
[75.764s][info][gc            ] GC(177) Pause Init Update Refs 0.057ms
[75.764s][info][gc,start      ] GC(177) Concurrent update references
[75.764s][info][gc,task       ] GC(177) Using 1 of 1 workers for concurrent reference update
[75.977s][info][gc            ] GC(177) Concurrent update references 212.500ms
[75.980s][info][gc,start      ] GC(177) Pause Final Update Refs
[75.980s][info][gc,task       ] GC(177) Using 1 of 1 workers for final reference update
[75.981s][info][gc            ] GC(177) Pause Final Update Refs 0.556ms
[75.981s][info][gc,start      ] GC(177) Concurrent cleanup
[75.981s][info][gc            ] GC(177) Concurrent cleanup 442M->261M(500M) 0.068ms
[75.981s][info][gc,ergo       ] Free: 212M, Max: 256K regular, 57856K humongous, Frag: 74% external, 1% internal; Reserve: 25600K, Max: 256K
[75.981s][info][gc,stats      ] 
[75.981s][info][gc,stats      ] All times are wall-clock times, except per-root-class counters, that are sum over
[75.981s][info][gc,stats      ] all workers. Dividing the <total> over the root stage time estimates parallelism.
[75.981s][info][gc,stats      ] 
[75.981s][info][gc,stats      ] Concurrent Reset                    418 us
[75.981s][info][gc,stats      ] Pause Init Mark (G)                4933 us
[75.981s][info][gc,stats      ] Pause Init Mark (N)                1541 us
[75.981s][info][gc,stats      ]   Accumulate Stats                   25 us
[75.981s][info][gc,stats      ]   Make Parsable                      15 us
[75.981s][info][gc,stats      ]   Update Region States               28 us
[75.981s][info][gc,stats      ]   Scan Roots                       1404 us, parallelism: 0.78x
[75.981s][info][gc,stats      ]     S: <total>                     1102 us
[75.981s][info][gc,stats      ]     S: Thread Roots                 544 us, workers (us): 544, 
[75.981s][info][gc,stats      ]     S: Universe Roots                 2 us, workers (us):   2, 
[75.981s][info][gc,stats      ]     S: JNI Handles Roots              2 us, workers (us):   2, 
[75.981s][info][gc,stats      ]     S: Synchronizer Roots             0 us, workers (us):   0, 
[75.981s][info][gc,stats      ]     S: Management Roots               1 us, workers (us):   1, 
[75.981s][info][gc,stats      ]     S: System Dict Roots             11 us, workers (us):  11, 
[75.981s][info][gc,stats      ]     S: CLDG Roots                   541 us, workers (us): 541, 
[75.981s][info][gc,stats      ]     S: JVMTI Roots                    0 us, workers (us):   0, 
[75.981s][info][gc,stats      ]   Resize TLABs                       14 us
[75.981s][info][gc,stats      ] Concurrent Marking               114309 us
[75.981s][info][gc,stats      ] Pause Final Mark (G)               2619 us
[75.981s][info][gc,stats      ] Pause Final Mark (N)               2444 us
[75.981s][info][gc,stats      ]   Finish Queues                      14 us
[75.981s][info][gc,stats      ]   System Purge                      346 us
[75.981s][info][gc,stats      ]     Weak Roots                      346 us
[75.981s][info][gc,stats      ]   Update Region States               27 us
[75.981s][info][gc,stats      ]   Retire TLABs                       24 us
[75.981s][info][gc,stats      ]   Choose Collection Set             133 us
[75.981s][info][gc,stats      ]   Rebuild Free Set                    6 us
[75.981s][info][gc,stats      ]   Initial Evacuation               1886 us, parallelism: 0.68x
[75.981s][info][gc,stats      ]     E: <total>                     1274 us
[75.981s][info][gc,stats      ]     E: Thread Roots                 550 us, workers (us): 550, 
[75.981s][info][gc,stats      ]     E: Code Cache Roots             227 us, workers (us): 227, 
[75.981s][info][gc,stats      ]     E: Universe Roots                 1 us, workers (us):   1, 
[75.981s][info][gc,stats      ]     E: JNI Handles Roots              1 us, workers (us):   1, 
[75.981s][info][gc,stats      ]     E: Synchronizer Roots             0 us, workers (us):   0, 
[75.981s][info][gc,stats      ]     E: Management Roots               1 us, workers (us):   1, 
[75.981s][info][gc,stats      ]     E: System Dict Roots             10 us, workers (us):  10, 
[75.981s][info][gc,stats      ]     E: CLDG Roots                   483 us, workers (us): 483, 
[75.981s][info][gc,stats      ]     E: JVMTI Roots                    0 us, workers (us):   0, 
[75.981s][info][gc,stats      ] Concurrent Cleanup                   33 us
[75.981s][info][gc,stats      ] Concurrent Evacuation             24692 us
[75.981s][info][gc,stats      ] Pause Init  Update Refs (G)        2403 us
[75.981s][info][gc,stats      ] Pause Init  Update Refs (N)          19 us
[75.981s][info][gc,stats      ]   Retire GCLABs                      10 us
[75.981s][info][gc,stats      ] Concurrent Update Refs           212485 us
[75.981s][info][gc,stats      ] Pause Final Update Refs (G)        3919 us
[75.981s][info][gc,stats      ] Pause Final Update Refs (N)         518 us
[75.981s][info][gc,stats      ]   Update Roots                      469 us, parallelism: 0.98x
[75.981s][info][gc,stats      ]     UR: <total>                     462 us
[75.981s][info][gc,stats      ]     UR: Thread Roots                462 us, workers (us): 462, 
[75.981s][info][gc,stats      ]   Update Region States               28 us
[75.981s][info][gc,stats      ]   Trash Collection Set                4 us
[75.981s][info][gc,stats      ]   Rebuild Free Set                    7 us
[75.981s][info][gc,stats      ] Concurrent Cleanup                   60 us
[75.981s][info][gc,stats      ] Pacing                           105852 us
[75.981s][info][gc,stats      ] 
[75.981s][info][gc,stats      ] Allocation pacing accrued:
[75.981s][info][gc,stats      ]      13 of   381 ms (  3.3%): Spark Context Cleaner
[75.981s][info][gc,stats      ]      93 of   381 ms ( 24.5%): Executor task launch worker for task 0.0 in stage 19.0 (TID 19)
[75.981s][info][gc,stats      ]     106 of   381 ms ( 27.8%): <total>
[75.981s][info][gc,stats      ]       1 of   381 ms (  0.2%): <average total>
[75.981s][info][gc,stats      ]      53 of   381 ms ( 13.9%): <average non-zero>
[75.981s][info][gc,stats      ] 
[75.981s][info][gc,metaspace  ] Metaspace: 60785K->60789K(1103872K)
[75.981s][info][gc,ergo       ] Pacer for Idle. Initial: 10240K, Alloc Tax Rate: 1.0x
[76.032s][info][gc            ] Trigger: Average GC time (300.19 ms) is above the time for allocation rate (465 MB/s) to deplete free headroom (138M)
[76.032s][info][gc,ergo       ] Free headroom: 163M (free) - 25600K (spike) - 0B (penalties) = 138M
[76.032s][info][gc,ergo       ] Free: 163M, Max: 256K regular, 54272K humongous, Frag: 68% external, 1% internal; Reserve: 25600K, Max: 256K
[76.032s][info][gc,start      ] GC(178) Concurrent reset
[76.032s][info][gc,task       ] GC(178) Using 1 of 1 workers for concurrent reset
[76.032s][info][gc,ergo       ] GC(178) Pacer for Reset. Non-Taxable: 500M
[76.032s][info][gc            ] GC(178) Concurrent reset 0.458ms
[76.035s][info][gc,start      ] GC(178) Pause Init Mark
[76.035s][info][gc,task       ] GC(178) Using 1 of 1 workers for init marking
[76.037s][info][gc,ergo       ] GC(178) Pacer for Mark. Expected Live: 86959K, Free: 163M, Non-Taxable: 16747K, Alloc Tax Rate: 0.6x
[76.037s][info][gc            ] GC(178) Pause Init Mark 2.318ms
[76.037s][info][gc,start      ] GC(178) Concurrent marking
[76.037s][info][gc,task       ] GC(178) Using 1 of 1 workers for concurrent marking
[76.147s][info][gc            ] GC(178) Concurrent marking 110.261ms
[76.147s][info][gc,start      ] GC(178) Pause Final Mark
[76.147s][info][gc,task       ] GC(178) Using 1 of 1 workers for final marking
[76.148s][info][gc,ergo       ] GC(178) Adaptive CSet Selection. Target Free: 72533K, Actual Free: 277M, Max CSet: 21333K, Min Garbage: 0B
[76.148s][info][gc,ergo       ] GC(178) Collectable Garbage: 188M (98%), Immediate: 120M (63%), CSet: 69862K (35%)
[76.150s][info][gc,ergo       ] GC(178) Pacer for Evacuation. Used CSet: 75520K, Free: 252M, Non-Taxable: 25861K, Alloc Tax Rate: 1.1x
[76.150s][info][gc            ] GC(178) Pause Final Mark 2.477ms
[76.150s][info][gc,start      ] GC(178) Concurrent cleanup
[76.150s][info][gc            ] GC(178) Concurrent cleanup 341M->221M(500M) 0.063ms
[76.150s][info][gc,ergo       ] GC(178) Free: 252M, Max: 256K regular, 135M humongous, Frag: 47% external, 1% internal; Reserve: 25597K, Max: 256K
[76.150s][info][gc,start      ] GC(178) Concurrent evacuation
[76.150s][info][gc,task       ] GC(178) Using 1 of 1 workers for concurrent evacuation
[76.167s][info][gc            ] GC(178) Concurrent evacuation 16.510ms
[76.170s][info][gc,start      ] GC(178) Pause Init Update Refs
[76.170s][info][gc,ergo       ] GC(178) Pacer for Update Refs. Used: 233M, Free: 246M, Non-Taxable: 25195K, Alloc Tax Rate: 1.2x
[76.170s][info][gc            ] GC(178) Pause Init Update Refs 0.035ms
[76.170s][info][gc,start      ] GC(178) Concurrent update references
[76.170s][info][gc,task       ] GC(178) Using 1 of 1 workers for concurrent reference update
[76.347s][info][gc            ] GC(178) Concurrent update references 177.258ms
[76.351s][info][gc,start      ] GC(178) Pause Final Update Refs
[76.351s][info][gc,task       ] GC(178) Using 1 of 1 workers for final reference update
[76.351s][info][gc            ] GC(178) Pause Final Update Refs 0.592ms
[76.351s][info][gc,start      ] GC(178) Concurrent cleanup
[76.352s][info][gc            ] GC(178) Concurrent cleanup 304M->230M(500M) 0.052ms
[76.352s][info][gc,ergo       ] Free: 242M, Max: 256K regular, 130M humongous, Frag: 47% external, 1% internal; Reserve: 25600K, Max: 256K
[76.352s][info][gc,stats      ] 
[76.352s][info][gc,stats      ] All times are wall-clock times, except per-root-class counters, that are sum over
[76.352s][info][gc,stats      ] all workers. Dividing the <total> over the root stage time estimates parallelism.
[76.352s][info][gc,stats      ] 
[76.352s][info][gc,stats      ] Concurrent Reset                    446 us
[76.352s][info][gc,stats      ] Pause Init Mark (G)                4892 us
[76.352s][info][gc,stats      ] Pause Init Mark (N)                2258 us
[76.352s][info][gc,stats      ]   Accumulate Stats                   38 us
[76.352s][info][gc,stats      ]   Make Parsable                      16 us
[76.352s][info][gc,stats      ]   Update Region States               42 us
[76.352s][info][gc,stats      ]   Scan Roots                       2074 us, parallelism: 0.84x
[76.352s][info][gc,stats      ]     S: <total>                     1733 us
[76.352s][info][gc,stats      ]     S: Thread Roots                 778 us, workers (us): 778, 
[76.352s][info][gc,stats      ]     S: Universe Roots                 3 us, workers (us):   3, 
[76.352s][info][gc,stats      ]     S: JNI Handles Roots              2 us, workers (us):   2, 
[76.352s][info][gc,stats      ]     S: Synchronizer Roots             1 us, workers (us):   1, 
[76.352s][info][gc,stats      ]     S: Management Roots               3 us, workers (us):   3, 
[76.352s][info][gc,stats      ]     S: System Dict Roots             16 us, workers (us):  16, 
[76.352s][info][gc,stats      ]     S: CLDG Roots                   929 us, workers (us): 929, 
[76.352s][info][gc,stats      ]     S: JVMTI Roots                    1 us, workers (us):   1, 
[76.352s][info][gc,stats      ]   Resize TLABs                       25 us
[76.352s][info][gc,stats      ] Concurrent Marking               110252 us
[76.352s][info][gc,stats      ] Pause Final Mark (G)               2638 us
[76.352s][info][gc,stats      ] Pause Final Mark (N)               2467 us
[76.352s][info][gc,stats      ]   Finish Queues                      13 us
[76.352s][info][gc,stats      ]   System Purge                      281 us
[76.352s][info][gc,stats      ]     Weak Roots                      281 us
[76.352s][info][gc,stats      ]   Update Region States               26 us
[76.352s][info][gc,stats      ]   Retire TLABs                       52 us
[76.352s][info][gc,stats      ]   Choose Collection Set              99 us
[76.352s][info][gc,stats      ]   Rebuild Free Set                    7 us
[76.352s][info][gc,stats      ]   Initial Evacuation               1982 us, parallelism: 0.68x
[76.352s][info][gc,stats      ]     E: <total>                     1338 us
[76.352s][info][gc,stats      ]     E: Thread Roots                 589 us, workers (us): 589, 
[76.352s][info][gc,stats      ]     E: Code Cache Roots             229 us, workers (us): 229, 
[76.352s][info][gc,stats      ]     E: Universe Roots                 1 us, workers (us):   1, 
[76.352s][info][gc,stats      ]     E: JNI Handles Roots              1 us, workers (us):   1, 
[76.352s][info][gc,stats      ]     E: Synchronizer Roots             0 us, workers (us):   0, 
[76.352s][info][gc,stats      ]     E: Management Roots               2 us, workers (us):   2, 
[76.352s][info][gc,stats      ]     E: System Dict Roots             12 us, workers (us):  12, 
[76.352s][info][gc,stats      ]     E: CLDG Roots                   503 us, workers (us): 503, 
[76.352s][info][gc,stats      ]     E: JVMTI Roots                    0 us, workers (us):   0, 
[76.352s][info][gc,stats      ] Concurrent Cleanup                   54 us
[76.352s][info][gc,stats      ] Concurrent Evacuation             16499 us
[76.352s][info][gc,stats      ] Pause Init  Update Refs (G)        3307 us
[76.352s][info][gc,stats      ] Pause Init  Update Refs (N)          17 us
[76.352s][info][gc,stats      ]   Retire GCLABs                       9 us
[76.352s][info][gc,stats      ] Concurrent Update Refs           177245 us
[76.352s][info][gc,stats      ] Pause Final Update Refs (G)        3849 us
[76.352s][info][gc,stats      ] Pause Final Update Refs (N)         546 us
[76.352s][info][gc,stats      ]   Update Roots                      499 us, parallelism: 0.98x
[76.352s][info][gc,stats      ]     UR: <total>                     488 us
[76.352s][info][gc,stats      ]     UR: Thread Roots                488 us, workers (us): 488, 
[76.352s][info][gc,stats      ]   Update Region States               28 us
[76.352s][info][gc,stats      ]   Trash Collection Set                3 us
[76.352s][info][gc,stats      ]   Rebuild Free Set                    7 us
[76.352s][info][gc,stats      ] Concurrent Cleanup                   44 us
[76.352s][info][gc,stats      ] Pacing                            47551 us
[76.352s][info][gc,stats      ] 
[76.352s][info][gc,stats      ] Allocation pacing accrued:
[76.352s][info][gc,stats      ]      48 of   371 ms ( 12.8%): Executor task launch worker for task 0.0 in stage 19.0 (TID 19)
[76.352s][info][gc,stats      ]      48 of   371 ms ( 12.8%): <total>
[76.352s][info][gc,stats      ]       0 of   371 ms (  0.1%): <average total>
[76.352s][info][gc,stats      ]      48 of   371 ms ( 12.8%): <average non-zero>
[76.352s][info][gc,stats      ] 
[76.352s][info][gc,metaspace  ] Metaspace: 60789K->60789K(1103872K)
[76.352s][info][gc,ergo       ] Pacer for Idle. Initial: 10240K, Alloc Tax Rate: 1.0x
[76.436s][info][gc            ] Trigger: Average GC time (303.43 ms) is above the time for allocation rate (465 MB/s) to deplete free headroom (138M)
[76.436s][info][gc,ergo       ] Free headroom: 163M (free) - 25600K (spike) - 0B (penalties) = 138M
[76.436s][info][gc,ergo       ] Free: 163M, Max: 256K regular, 130M humongous, Frag: 21% external, 1% internal; Reserve: 25600K, Max: 256K
[76.436s][info][gc,start      ] GC(179) Concurrent reset
[76.436s][info][gc,task       ] GC(179) Using 1 of 1 workers for concurrent reset
[76.436s][info][gc,ergo       ] GC(179) Pacer for Reset. Non-Taxable: 500M
[76.436s][info][gc            ] GC(179) Concurrent reset 0.292ms
[76.439s][info][gc,start      ] GC(179) Pause Init Mark
[76.439s][info][gc,task       ] GC(179) Using 1 of 1 workers for init marking
[76.440s][info][gc,ergo       ] GC(179) Pacer for Mark. Expected Live: 100343K, Free: 163M, Non-Taxable: 16773K, Alloc Tax Rate: 0.7x
[76.440s][info][gc            ] GC(179) Pause Init Mark 1.535ms
[76.440s][info][gc,start      ] GC(179) Concurrent marking
[76.440s][info][gc,task       ] GC(179) Using 1 of 1 workers for concurrent marking
[76.543s][info][gc            ] GC(179) Concurrent marking 102.504ms
[76.543s][info][gc,start      ] GC(179) Pause Final Mark
[76.543s][info][gc,task       ] GC(179) Using 1 of 1 workers for final marking
[76.543s][info][gc,ergo       ] GC(179) Collectable Garbage: 187M (98%), Immediate: 187M (98%), CSet: 0B (0%)
[76.543s][info][gc            ] GC(179) Pause Final Mark 0.360ms
[76.543s][info][gc,start      ] GC(179) Concurrent cleanup
[76.544s][info][gc            ] GC(179) Concurrent cleanup 339M->151M(500M) 0.067ms
[76.544s][info][gc,ergo       ] GC(179) Free: 321M, Max: 256K regular, 137M humongous, Frag: 58% external, 1% internal; Reserve: 25600K, Max: 256K
[76.544s][info][gc,ergo       ] Free: 321M, Max: 256K regular, 137M humongous, Frag: 58% external, 1% internal; Reserve: 25600K, Max: 256K
[76.544s][info][gc,stats      ] 
[76.544s][info][gc,stats      ] All times are wall-clock times, except per-root-class counters, that are sum over
[76.544s][info][gc,stats      ] all workers. Dividing the <total> over the root stage time estimates parallelism.
[76.544s][info][gc,stats      ] 
[76.544s][info][gc,stats      ] Concurrent Reset                    283 us
[76.544s][info][gc,stats      ] Pause Init Mark (G)                3841 us
[76.544s][info][gc,stats      ] Pause Init Mark (N)                1503 us
[76.544s][info][gc,stats      ]   Accumulate Stats                   21 us
[76.544s][info][gc,stats      ]   Make Parsable                      14 us
[76.544s][info][gc,stats      ]   Update Region States               26 us
[76.544s][info][gc,stats      ]   Scan Roots                       1396 us, parallelism: 0.79x
[76.544s][info][gc,stats      ]     S: <total>                     1103 us
[76.544s][info][gc,stats      ]     S: Thread Roots                 562 us, workers (us): 562, 
[76.544s][info][gc,stats      ]     S: Universe Roots                 2 us, workers (us):   2, 
[76.544s][info][gc,stats      ]     S: JNI Handles Roots              2 us, workers (us):   2, 
[76.544s][info][gc,stats      ]     S: Synchronizer Roots             0 us, workers (us):   0, 
[76.544s][info][gc,stats      ]     S: Management Roots               1 us, workers (us):   1, 
[76.544s][info][gc,stats      ]     S: System Dict Roots             11 us, workers (us):  11, 
[76.544s][info][gc,stats      ]     S: CLDG Roots                   523 us, workers (us): 523, 
[76.544s][info][gc,stats      ]     S: JVMTI Roots                    1 us, workers (us):   1, 
[76.544s][info][gc,stats      ]   Resize TLABs                       15 us
[76.544s][info][gc,stats      ] Concurrent Marking               102495 us
[76.544s][info][gc,stats      ] Pause Final Mark (G)                500 us
[76.544s][info][gc,stats      ] Pause Final Mark (N)                343 us
[76.544s][info][gc,stats      ]   Finish Queues                      16 us
[76.544s][info][gc,stats      ]   System Purge                      253 us
[76.544s][info][gc,stats      ]     Weak Roots                      252 us
[76.544s][info][gc,stats      ]   Update Region States               26 us
[76.544s][info][gc,stats      ]   Retire TLABs                       18 us
[76.544s][info][gc,stats      ]   Choose Collection Set              15 us
[76.544s][info][gc,stats      ]   Rebuild Free Set                    7 us
[76.544s][info][gc,stats      ] Concurrent Cleanup                   61 us
[76.544s][info][gc,stats      ] Pacing                            24917 us
[76.544s][info][gc,stats      ] 
[76.544s][info][gc,stats      ] Allocation pacing accrued:
[76.544s][info][gc,stats      ]      25 of   192 ms ( 13.0%): Executor task launch worker for task 0.0 in stage 19.0 (TID 19)
[76.544s][info][gc,stats      ]      25 of   192 ms ( 13.0%): <total>
[76.544s][info][gc,stats      ]       0 of   192 ms (  0.1%): <average total>
[76.544s][info][gc,stats      ]      25 of   192 ms ( 13.0%): <average non-zero>
[76.544s][info][gc,stats      ] 
[76.544s][info][gc,metaspace  ] Metaspace: 60789K->60789K(1103872K)
[76.544s][info][gc,ergo       ] Pacer for Idle. Initial: 10240K, Alloc Tax Rate: 1.0x
[76.674s][info][gc            ] Trigger: Average GC time (272.37 ms) is above the time for allocation rate (642 MB/s) to deplete free headroom (173M)
[76.674s][info][gc,ergo       ] Free headroom: 198M (free) - 25600K (spike) - 0B (penalties) = 173M
[76.674s][info][gc,ergo       ] Free: 198M, Max: 256K regular, 137M humongous, Frag: 31% external, 1% internal; Reserve: 25600K, Max: 256K
[76.674s][info][gc,start      ] GC(180) Concurrent reset
[76.674s][info][gc,task       ] GC(180) Using 1 of 1 workers for concurrent reset
[76.674s][info][gc,ergo       ] GC(180) Pacer for Reset. Non-Taxable: 500M
[76.674s][info][gc            ] GC(180) Concurrent reset 0.199ms
[76.678s][info][gc,start      ] GC(180) Pause Init Mark (process weakrefs)
[76.678s][info][gc,task       ] GC(180) Using 1 of 1 workers for init marking
[76.681s][info][gc,ergo       ] GC(180) Pacer for Mark. Expected Live: 107M, Free: 198M, Non-Taxable: 20331K, Alloc Tax Rate: 0.7x
[76.681s][info][gc            ] GC(180) Pause Init Mark (process weakrefs) 2.614ms
[76.681s][info][gc,start      ] GC(180) Concurrent marking (process weakrefs)
[76.681s][info][gc,task       ] GC(180) Using 1 of 1 workers for concurrent marking
[76.823s][info][gc            ] GC(180) Concurrent marking (process weakrefs) 142.238ms
[76.823s][info][gc,start      ] GC(180) Concurrent precleaning
[76.823s][info][gc,task       ] GC(180) Using 1 of 1 workers for concurrent preclean
[76.823s][info][gc,ergo       ] GC(180) Pacer for Precleaning. Non-Taxable: 500M
[76.824s][info][gc            ] GC(180) Concurrent precleaning 0.529ms
[76.824s][info][gc,start      ] GC(180) Pause Final Mark (process weakrefs)
[76.824s][info][gc,task       ] GC(180) Using 1 of 1 workers for final marking
[76.824s][info][gc,ergo       ] GC(180) Collectable Garbage: 152M (98%), Immediate: 152M (98%), CSet: 0B (0%)
[76.824s][info][gc            ] GC(180) Pause Final Mark (process weakrefs) 0.416ms
[76.824s][info][gc,start      ] GC(180) Concurrent cleanup
[76.824s][info][gc            ] GC(180) Concurrent cleanup 308M->156M(500M) 0.062ms
[76.824s][info][gc,ergo       ] GC(180) Free: 317M, Max: 256K regular, 137M humongous, Frag: 57% external, 1% internal; Reserve: 25600K, Max: 256K
[76.824s][info][gc,ergo       ] Free: 317M, Max: 256K regular, 137M humongous, Frag: 57% external, 1% internal; Reserve: 25600K, Max: 256K
[76.824s][info][gc,stats      ] 
[76.824s][info][gc,stats      ] All times are wall-clock times, except per-root-class counters, that are sum over
[76.824s][info][gc,stats      ] all workers. Dividing the <total> over the root stage time estimates parallelism.
[76.824s][info][gc,stats      ] 
[76.824s][info][gc,stats      ] Concurrent Reset                    191 us
[76.824s][info][gc,stats      ] Pause Init Mark (G)                6840 us
[76.824s][info][gc,stats      ] Pause Init Mark (N)                2556 us
[76.824s][info][gc,stats      ]   Accumulate Stats                   27 us
[76.824s][info][gc,stats      ]   Make Parsable                      19 us
[76.824s][info][gc,stats      ]   Update Region States               60 us
[76.824s][info][gc,stats      ]   Scan Roots                       2349 us, parallelism: 0.81x
[76.824s][info][gc,stats      ]     S: <total>                     1892 us
[76.824s][info][gc,stats      ]     S: Thread Roots                 950 us, workers (us): 950, 
[76.824s][info][gc,stats      ]     S: Universe Roots                 4 us, workers (us):   4, 
[76.824s][info][gc,stats      ]     S: JNI Handles Roots              3 us, workers (us):   3, 
[76.824s][info][gc,stats      ]     S: Synchronizer Roots             1 us, workers (us):   1, 
[76.824s][info][gc,stats      ]     S: Management Roots               2 us, workers (us):   2, 
[76.824s][info][gc,stats      ]     S: System Dict Roots             16 us, workers (us):  16, 
[76.824s][info][gc,stats      ]     S: CLDG Roots                   916 us, workers (us): 916, 
[76.824s][info][gc,stats      ]     S: JVMTI Roots                    1 us, workers (us):   1, 
[76.824s][info][gc,stats      ]   Resize TLABs                       28 us
[76.824s][info][gc,stats      ] Concurrent Marking               142223 us
[76.824s][info][gc,stats      ] Concurrent Precleaning              520 us
[76.824s][info][gc,stats      ] Pause Final Mark (G)                575 us
[76.824s][info][gc,stats      ] Pause Final Mark (N)                408 us
[76.824s][info][gc,stats      ]   Finish Queues                      13 us
[76.824s][info][gc,stats      ]   Weak References                    16 us
[76.824s][info][gc,stats      ]     Process                          14 us
[76.824s][info][gc,stats      ]   System Purge                      281 us
[76.824s][info][gc,stats      ]     Weak Roots                      280 us
[76.824s][info][gc,stats      ]   Update Region States               40 us
[76.824s][info][gc,stats      ]   Retire TLABs                       24 us
[76.824s][info][gc,stats      ]   Choose Collection Set              22 us
[76.824s][info][gc,stats      ]   Rebuild Free Set                    7 us
[76.824s][info][gc,stats      ] Concurrent Cleanup                   56 us
[76.824s][info][gc,stats      ] Pacing                            37845 us
[76.824s][info][gc,stats      ] 
[76.824s][info][gc,stats      ] Allocation pacing accrued:
[76.824s][info][gc,stats      ]      38 of   281 ms ( 13.5%): Executor task launch worker for task 0.0 in stage 19.0 (TID 19)
[76.824s][info][gc,stats      ]      38 of   281 ms ( 13.5%): <total>
[76.824s][info][gc,stats      ]       0 of   281 ms (  0.1%): <average total>
[76.824s][info][gc,stats      ]      38 of   281 ms ( 13.5%): <average non-zero>
[76.824s][info][gc,stats      ] 
[76.824s][info][gc,metaspace  ] Metaspace: 60789K->60789K(1103872K)
[76.824s][info][gc,ergo       ] Pacer for Idle. Initial: 10240K, Alloc Tax Rate: 1.0x
[76.972s][info][gc            ] Trigger: Average GC time (244.37 ms) is above the time for allocation rate (602 MB/s) to deplete free headroom (146M)
[76.972s][info][gc,ergo       ] Free headroom: 171M (free) - 25600K (spike) - 0B (penalties) = 146M
[76.972s][info][gc,ergo       ] Free: 171M, Max: 256K regular, 137M humongous, Frag: 20% external, 1% internal; Reserve: 25600K, Max: 256K
[76.972s][info][gc,start      ] GC(181) Concurrent reset
[76.972s][info][gc,task       ] GC(181) Using 1 of 1 workers for concurrent reset
[76.972s][info][gc,ergo       ] GC(181) Pacer for Reset. Non-Taxable: 500M
[76.972s][info][gc            ] GC(181) Concurrent reset 0.197ms
[76.975s][info][gc,start      ] GC(181) Pause Init Mark
[76.975s][info][gc,task       ] GC(181) Using 1 of 1 workers for init marking
[76.977s][info][gc,ergo       ] GC(181) Pacer for Mark. Expected Live: 114M, Free: 171M, Non-Taxable: 17592K, Alloc Tax Rate: 0.8x
[76.977s][info][gc            ] GC(181) Pause Init Mark 1.534ms
[76.977s][info][gc,start      ] GC(181) Concurrent marking
[76.977s][info][gc,task       ] GC(181) Using 1 of 1 workers for concurrent marking
[77.108s][info][gc            ] GC(181) Concurrent marking 131.510ms
[77.108s][info][gc,start      ] GC(181) Pause Final Mark
[77.109s][info][gc,task       ] GC(181) Using 1 of 1 workers for final marking
[77.109s][info][gc,ergo       ] GC(181) Collectable Garbage: 179M (98%), Immediate: 179M (98%), CSet: 0B (0%)
[77.109s][info][gc            ] GC(181) Pause Final Mark 0.382ms
[77.109s][info][gc,start      ] GC(181) Concurrent cleanup
[77.109s][info][gc            ] GC(181) Concurrent cleanup 330M->151M(500M) 0.066ms
[77.109s][info][gc,ergo       ] GC(181) Free: 322M, Max: 256K regular, 137M humongous, Frag: 58% external, 1% internal; Reserve: 25600K, Max: 256K
[77.109s][info][gc,ergo       ] Free: 322M, Max: 256K regular, 137M humongous, Frag: 58% external, 1% internal; Reserve: 25600K, Max: 256K
[77.109s][info][gc,stats      ] 
[77.109s][info][gc,stats      ] All times are wall-clock times, except per-root-class counters, that are sum over
[77.109s][info][gc,stats      ] all workers. Dividing the <total> over the root stage time estimates parallelism.
[77.109s][info][gc,stats      ] 
[77.109s][info][gc,stats      ] Concurrent Reset                    189 us
[77.109s][info][gc,stats      ] Pause Init Mark (G)                4807 us
[77.109s][info][gc,stats      ] Pause Init Mark (N)                1510 us
[77.109s][info][gc,stats      ]   Accumulate Stats                   21 us
[77.109s][info][gc,stats      ]   Make Parsable                      15 us
[77.109s][info][gc,stats      ]   Update Region States               23 us
[77.109s][info][gc,stats      ]   Scan Roots                       1392 us, parallelism: 0.80x
[77.109s][info][gc,stats      ]     S: <total>                     1114 us
[77.109s][info][gc,stats      ]     S: Thread Roots                 545 us, workers (us): 545, 
[77.109s][info][gc,stats      ]     S: Universe Roots                 3 us, workers (us):   3, 
[77.109s][info][gc,stats      ]     S: JNI Handles Roots              2 us, workers (us):   2, 
[77.109s][info][gc,stats      ]     S: Synchronizer Roots             1 us, workers (us):   1, 
[77.109s][info][gc,stats      ]     S: Management Roots               4 us, workers (us):   4, 
[77.109s][info][gc,stats      ]     S: System Dict Roots             14 us, workers (us):  14, 
[77.109s][info][gc,stats      ]     S: CLDG Roots                   546 us, workers (us): 546, 
[77.109s][info][gc,stats      ]     S: JVMTI Roots                    1 us, workers (us):   1, 
[77.109s][info][gc,stats      ]   Resize TLABs                       15 us
[77.109s][info][gc,stats      ] Concurrent Marking               131501 us
[77.109s][info][gc,stats      ] Pause Final Mark (G)                577 us
[77.109s][info][gc,stats      ] Pause Final Mark (N)                365 us
[77.109s][info][gc,stats      ]   Finish Queues                      17 us
[77.109s][info][gc,stats      ]   System Purge                      281 us
[77.109s][info][gc,stats      ]     Weak Roots                      281 us
[77.109s][info][gc,stats      ]   Update Region States               26 us
[77.109s][info][gc,stats      ]   Retire TLABs                       13 us
[77.109s][info][gc,stats      ]   Choose Collection Set              15 us
[77.109s][info][gc,stats      ]   Rebuild Free Set                    7 us
[77.109s][info][gc,stats      ] Concurrent Cleanup                   60 us
[77.109s][info][gc,stats      ] Pacing                            31041 us
[77.109s][info][gc,stats      ] 
[77.109s][info][gc,stats      ] Allocation pacing accrued:
[77.109s][info][gc,stats      ]      31 of   285 ms ( 10.9%): Executor task launch worker for task 0.0 in stage 19.0 (TID 19)
[77.109s][info][gc,stats      ]      31 of   285 ms ( 10.9%): <total>
[77.109s][info][gc,stats      ]       0 of   285 ms (  0.1%): <average total>
[77.109s][info][gc,stats      ]      31 of   285 ms ( 10.9%): <average non-zero>
[77.109s][info][gc,stats      ] 
[77.109s][info][gc,metaspace  ] Metaspace: 60789K->60789K(1103872K)
[77.109s][info][gc,ergo       ] Pacer for Idle. Initial: 10240K, Alloc Tax Rate: 1.0x
[77.290s][info][gc            ] Trigger: Average GC time (216.25 ms) is above the time for allocation rate (612 MB/s) to deplete free headroom (131M)
[77.290s][info][gc,ergo       ] Free headroom: 156M (free) - 25600K (spike) - 0B (penalties) = 131M
[77.290s][info][gc,ergo       ] Free: 156M, Max: 256K regular, 137M humongous, Frag: 12% external, 1% internal; Reserve: 25600K, Max: 256K
[77.290s][info][gc,start      ] GC(182) Concurrent reset
[77.290s][info][gc,task       ] GC(182) Using 1 of 1 workers for concurrent reset
[77.290s][info][gc,ergo       ] GC(182) Pacer for Reset. Non-Taxable: 500M
[77.291s][info][gc            ] GC(182) Concurrent reset 0.201ms
[77.294s][info][gc,start      ] GC(182) Pause Init Mark
[77.294s][info][gc,task       ] GC(182) Using 1 of 1 workers for init marking
[77.295s][info][gc,ergo       ] GC(182) Pacer for Mark. Expected Live: 118M, Free: 156M, Non-Taxable: 16005K, Alloc Tax Rate: 0.9x
[77.295s][info][gc            ] GC(182) Pause Init Mark 1.508ms
[77.295s][info][gc,start      ] GC(182) Concurrent marking
[77.295s][info][gc,task       ] GC(182) Using 1 of 1 workers for concurrent marking
[77.397s][info][gc            ] GC(182) Concurrent marking 102.181ms
[77.398s][info][gc,start      ] GC(182) Pause Final Mark
[77.398s][info][gc,task       ] GC(182) Using 1 of 1 workers for final marking
[77.398s][info][gc,ergo       ] GC(182) Collectable Garbage: 194M (98%), Immediate: 194M (98%), CSet: 0B (0%)
[77.398s][info][gc            ] GC(182) Pause Final Mark 0.363ms
[77.400s][info][gc,start      ] GC(182) Concurrent cleanup
[77.400s][info][gc            ] GC(182) Concurrent cleanup 343M->150M(500M) 0.075ms
[77.400s][info][gc,ergo       ] GC(182) Free: 323M, Max: 256K regular, 130M humongous, Frag: 60% external, 1% internal; Reserve: 25600K, Max: 256K
[77.400s][info][gc,ergo       ] Free: 323M, Max: 256K regular, 130M humongous, Frag: 60% external, 1% internal; Reserve: 25600K, Max: 256K
[77.400s][info][gc,stats      ] 
[77.400s][info][gc,stats      ] All times are wall-clock times, except per-root-class counters, that are sum over
[77.400s][info][gc,stats      ] all workers. Dividing the <total> over the root stage time estimates parallelism.
[77.400s][info][gc,stats      ] 
[77.400s][info][gc,stats      ] Concurrent Reset                    193 us
[77.400s][info][gc,stats      ] Pause Init Mark (G)                4737 us
[77.400s][info][gc,stats      ] Pause Init Mark (N)                1487 us
[77.400s][info][gc,stats      ]   Accumulate Stats                   21 us
[77.400s][info][gc,stats      ]   Make Parsable                      14 us
[77.400s][info][gc,stats      ]   Update Region States               22 us
[77.400s][info][gc,stats      ]   Scan Roots                       1384 us, parallelism: 0.78x
[77.400s][info][gc,stats      ]     S: <total>                     1076 us
[77.400s][info][gc,stats      ]     S: Thread Roots                 525 us, workers (us): 525, 
[77.400s][info][gc,stats      ]     S: Universe Roots                 2 us, workers (us):   2, 
[77.400s][info][gc,stats      ]     S: JNI Handles Roots              2 us, workers (us):   2, 
[77.400s][info][gc,stats      ]     S: Synchronizer Roots             0 us, workers (us):   0, 
[77.400s][info][gc,stats      ]     S: Management Roots               2 us, workers (us):   2, 
[77.400s][info][gc,stats      ]     S: System Dict Roots             12 us, workers (us):  12, 
[77.400s][info][gc,stats      ]     S: CLDG Roots                   534 us, workers (us): 534, 
[77.400s][info][gc,stats      ]     S: JVMTI Roots                    0 us, workers (us):   0, 
[77.400s][info][gc,stats      ]   Resize TLABs                       14 us
[77.400s][info][gc,stats      ] Concurrent Marking               102172 us
[77.400s][info][gc,stats      ] Pause Final Mark (G)               2089 us
[77.400s][info][gc,stats      ] Pause Final Mark (N)                351 us
[77.400s][info][gc,stats      ]   Finish Queues                      26 us
[77.400s][info][gc,stats      ]   System Purge                      254 us
[77.400s][info][gc,stats      ]     Weak Roots                      254 us
[77.400s][info][gc,stats      ]   Update Region States               25 us
[77.400s][info][gc,stats      ]   Retire TLABs                       18 us
[77.400s][info][gc,stats      ]   Choose Collection Set              15 us
[77.400s][info][gc,stats      ]   Rebuild Free Set                    7 us
[77.400s][info][gc,stats      ] Concurrent Cleanup                   62 us
[77.400s][info][gc,stats      ] Pacing                           120041 us
[77.400s][info][gc,stats      ] 
[77.400s][info][gc,stats      ] Allocation pacing accrued:
[77.400s][info][gc,stats      ]      13 of   291 ms (  4.3%): driver-heartbeater
[77.400s][info][gc,stats      ]      24 of   291 ms (  8.4%): spark-listener-group-appStatus
[77.400s][info][gc,stats      ]      12 of   291 ms (  4.2%): spark-listener-group-executorManagement
[77.400s][info][gc,stats      ]      12 of   291 ms (  4.2%): spark-listener-group-shared
[77.400s][info][gc,stats      ]      58 of   291 ms ( 20.1%): Executor task launch worker for task 0.0 in stage 19.0 (TID 19)
[77.400s][info][gc,stats      ]     120 of   291 ms ( 41.3%): <total>
[77.400s][info][gc,stats      ]       1 of   291 ms (  0.2%): <average total>
[77.400s][info][gc,stats      ]      24 of   291 ms (  8.3%): <average non-zero>
[77.400s][info][gc,stats      ] 
[77.400s][info][gc,metaspace  ] Metaspace: 60789K->60790K(1103872K)
[77.400s][info][gc,ergo       ] Pacer for Idle. Initial: 10240K, Alloc Tax Rate: 1.0x
[77.610s][info][gc            ] Trigger: Average GC time (164.88 ms) is above the time for allocation rate (677 MB/s) to deplete free headroom (109M)
[77.610s][info][gc,ergo       ] Free headroom: 134M (free) - 25600K (spike) - 0B (penalties) = 109M
[77.610s][info][gc,ergo       ] Free: 134M, Max: 256K regular, 130M humongous, Frag: 4% external, 2% internal; Reserve: 25600K, Max: 256K
[77.610s][info][gc,start      ] GC(183) Concurrent reset
[77.610s][info][gc,task       ] GC(183) Using 1 of 1 workers for concurrent reset
[77.610s][info][gc,ergo       ] GC(183) Pacer for Reset. Non-Taxable: 500M
[77.610s][info][gc            ] GC(183) Concurrent reset 0.222ms
[77.612s][info][gc,start      ] GC(183) Pause Init Mark
[77.612s][info][gc,task       ] GC(183) Using 1 of 1 workers for init marking
[77.614s][info][gc,ergo       ] GC(183) Pacer for Mark. Expected Live: 119M, Free: 134M, Non-Taxable: 13803K, Alloc Tax Rate: 1.1x
[77.614s][info][gc            ] GC(183) Pause Init Mark 1.584ms
[77.614s][info][gc,start      ] GC(183) Concurrent marking
[77.614s][info][gc,task       ] GC(183) Using 1 of 1 workers for concurrent marking
[77.730s][info][gc            ] GC(183) Concurrent marking 116.001ms
[77.732s][info][gc,start      ] GC(183) Pause Final Mark
[77.732s][info][gc,task       ] GC(183) Using 1 of 1 workers for final marking
[77.733s][info][gc,ergo       ] GC(183) Collectable Garbage: 215M (98%), Immediate: 215M (98%), CSet: 0B (0%)
[77.733s][info][gc            ] GC(183) Pause Final Mark 0.962ms
[77.733s][info][gc,start      ] GC(183) Concurrent cleanup
[77.734s][info][gc            ] GC(183) Concurrent cleanup 362M->147M(500M) 0.220ms
[77.734s][info][gc,ergo       ] GC(183) Free: 326M, Max: 256K regular, 110M humongous, Frag: 67% external, 1% internal; Reserve: 25600K, Max: 256K
[77.734s][info][gc,ergo       ] Free: 326M, Max: 256K regular, 110M humongous, Frag: 67% external, 1% internal; Reserve: 25600K, Max: 256K
[77.734s][info][gc,stats      ] 
[77.734s][info][gc,stats      ] All times are wall-clock times, except per-root-class counters, that are sum over
[77.734s][info][gc,stats      ] all workers. Dividing the <total> over the root stage time estimates parallelism.
[77.734s][info][gc,stats      ] 
[77.734s][info][gc,stats      ] Concurrent Reset                    213 us
[77.734s][info][gc,stats      ] Pause Init Mark (G)                3883 us
[77.734s][info][gc,stats      ] Pause Init Mark (N)                1550 us
[77.734s][info][gc,stats      ]   Accumulate Stats                   20 us
[77.734s][info][gc,stats      ]   Make Parsable                      13 us
[77.734s][info][gc,stats      ]   Update Region States               28 us
[77.734s][info][gc,stats      ]   Scan Roots                       1435 us, parallelism: 0.79x
[77.734s][info][gc,stats      ]     S: <total>                     1138 us
[77.734s][info][gc,stats      ]     S: Thread Roots                 588 us, workers (us): 588, 
[77.734s][info][gc,stats      ]     S: Universe Roots                 2 us, workers (us):   2, 
[77.734s][info][gc,stats      ]     S: JNI Handles Roots              1 us, workers (us):   1, 
[77.734s][info][gc,stats      ]     S: Synchronizer Roots             0 us, workers (us):   0, 
[77.734s][info][gc,stats      ]     S: Management Roots               2 us, workers (us):   2, 
[77.734s][info][gc,stats      ]     S: System Dict Roots             11 us, workers (us):  11, 
[77.734s][info][gc,stats      ]     S: CLDG Roots                   533 us, workers (us): 533, 
[77.734s][info][gc,stats      ]     S: JVMTI Roots                    1 us, workers (us):   1, 
[77.734s][info][gc,stats      ]   Resize TLABs                       14 us
[77.734s][info][gc,stats      ] Concurrent Marking               115987 us
[77.734s][info][gc,stats      ] Pause Final Mark (G)               3268 us
[77.734s][info][gc,stats      ] Pause Final Mark (N)                915 us
[77.734s][info][gc,stats      ]   Finish Queues                      47 us
[77.734s][info][gc,stats      ]   System Purge                      654 us
[77.734s][info][gc,stats      ]     Weak Roots                      653 us
[77.734s][info][gc,stats      ]   Update Region States               73 us
[77.734s][info][gc,stats      ]   Retire TLABs                       46 us
[77.734s][info][gc,stats      ]   Choose Collection Set              54 us
[77.734s][info][gc,stats      ]   Rebuild Free Set                   21 us
[77.734s][info][gc,stats      ] Concurrent Cleanup                  200 us
[77.734s][info][gc,stats      ] Pacing                            75060 us
[77.734s][info][gc,stats      ] 
[77.734s][info][gc,stats      ] Allocation pacing accrued:
[77.734s][info][gc,stats      ]      12 of   334 ms (  3.5%): Spark Context Cleaner
[77.734s][info][gc,stats      ]      63 of   334 ms ( 19.0%): Executor task launch worker for task 0.0 in stage 19.0 (TID 19)
[77.734s][info][gc,stats      ]      75 of   334 ms ( 22.4%): <total>
[77.734s][info][gc,stats      ]       0 of   334 ms (  0.1%): <average total>
[77.734s][info][gc,stats      ]      38 of   334 ms ( 11.2%): <average non-zero>
[77.734s][info][gc,stats      ] 
[77.734s][info][gc,metaspace  ] Metaspace: 60790K->60790K(1103872K)
[77.734s][info][gc,ergo       ] Pacer for Idle. Initial: 10240K, Alloc Tax Rate: 1.0x
[77.968s][info][gc            ] Trigger: Average GC time (125.66 ms) is above the time for allocation rate (674 MB/s) to deplete free headroom (85815K)
[77.968s][info][gc,ergo       ] Free headroom: 108M (free) - 25600K (spike) - 0B (penalties) = 85815K
[77.968s][info][gc,ergo       ] Free: 108M, Max: 256K regular, 108M humongous, Frag: 0% external, 2% internal; Reserve: 25600K, Max: 256K
[77.968s][info][gc,start      ] GC(184) Concurrent reset
[77.969s][info][gc,task       ] GC(184) Using 1 of 1 workers for concurrent reset
[77.969s][info][gc,ergo       ] GC(184) Pacer for Reset. Non-Taxable: 500M
[77.969s][info][gc            ] GC(184) Concurrent reset 0.205ms
[77.972s][info][gc,start      ] GC(184) Pause Init Mark
[77.972s][info][gc,task       ] GC(184) Using 1 of 1 workers for init marking
[77.975s][info][gc,ergo       ] GC(184) Pacer for Mark. Expected Live: 119M, Free: 108M, Non-Taxable: 11141K, Alloc Tax Rate: 1.3x
[77.975s][info][gc            ] GC(184) Pause Init Mark 2.433ms
[77.975s][info][gc,start      ] GC(184) Concurrent marking
[77.975s][info][gc,task       ] GC(184) Using 1 of 1 workers for concurrent marking
[78.093s][info][gc            ] GC(184) Concurrent marking 118.084ms
[78.093s][info][gc,start      ] GC(184) Pause Final Mark
[78.093s][info][gc,task       ] GC(184) Using 1 of 1 workers for final marking
[78.093s][info][gc,ergo       ] GC(184) Collectable Garbage: 241M (98%), Immediate: 241M (98%), CSet: 0B (0%)
[78.093s][info][gc            ] GC(184) Pause Final Mark 0.419ms
[78.097s][info][gc,start      ] GC(184) Concurrent cleanup
[78.097s][info][gc            ] GC(184) Concurrent cleanup 383M->145M(500M) 0.088ms
[78.097s][info][gc,ergo       ] GC(184) Free: 328M, Max: 256K regular, 115M humongous, Frag: 65% external, 0% internal; Reserve: 25600K, Max: 256K
[78.097s][info][gc,ergo       ] Free: 328M, Max: 256K regular, 115M humongous, Frag: 65% external, 0% internal; Reserve: 25600K, Max: 256K
[78.097s][info][gc,stats      ] 
[78.097s][info][gc,stats      ] All times are wall-clock times, except per-root-class counters, that are sum over
[78.097s][info][gc,stats      ] all workers. Dividing the <total> over the root stage time estimates parallelism.
[78.097s][info][gc,stats      ] 
[78.097s][info][gc,stats      ] Concurrent Reset                    197 us
[78.097s][info][gc,stats      ] Pause Init Mark (G)                5953 us
[78.097s][info][gc,stats      ] Pause Init Mark (N)                2369 us
[78.097s][info][gc,stats      ]   Accumulate Stats                   37 us
[78.097s][info][gc,stats      ]   Make Parsable                      19 us
[78.097s][info][gc,stats      ]   Update Region States               49 us
[78.097s][info][gc,stats      ]   Scan Roots                       2186 us, parallelism: 0.86x
[78.097s][info][gc,stats      ]     S: <total>                     1869 us
[78.097s][info][gc,stats      ]     S: Thread Roots                 964 us, workers (us): 964, 
[78.097s][info][gc,stats      ]     S: Universe Roots                 4 us, workers (us):   4, 
[78.097s][info][gc,stats      ]     S: JNI Handles Roots              3 us, workers (us):   3, 
[78.097s][info][gc,stats      ]     S: Synchronizer Roots             0 us, workers (us):   0, 
[78.097s][info][gc,stats      ]     S: Management Roots               2 us, workers (us):   2, 
[78.097s][info][gc,stats      ]     S: System Dict Roots             18 us, workers (us):  18, 
[78.097s][info][gc,stats      ]     S: CLDG Roots                   878 us, workers (us): 878, 
[78.097s][info][gc,stats      ]     S: JVMTI Roots                    1 us, workers (us):   1, 
[78.097s][info][gc,stats      ]   Resize TLABs                       24 us
[78.097s][info][gc,stats      ] Concurrent Marking               118062 us
[78.097s][info][gc,stats      ] Pause Final Mark (G)               4453 us
[78.097s][info][gc,stats      ] Pause Final Mark (N)                403 us
[78.097s][info][gc,stats      ]   Finish Queues                      18 us
[78.098s][info][gc,stats      ]   System Purge                      281 us
[78.098s][info][gc,stats      ]     Weak Roots                      281 us
[78.098s][info][gc,stats      ]   Update Region States               26 us
[78.098s][info][gc,stats      ]   Retire TLABs                       19 us
[78.098s][info][gc,stats      ]   Choose Collection Set              16 us
[78.098s][info][gc,stats      ]   Rebuild Free Set                   34 us
[78.098s][info][gc,stats      ] Concurrent Cleanup                   70 us
[78.098s][info][gc,stats      ] Pacing                            46578 us
[78.098s][info][gc,stats      ] 
[78.098s][info][gc,stats      ] Allocation pacing accrued:
[78.098s][info][gc,stats      ]      47 of   363 ms ( 12.8%): Executor task launch worker for task 0.0 in stage 19.0 (TID 19)
[78.098s][info][gc,stats      ]      47 of   363 ms ( 12.8%): <total>
[78.098s][info][gc,stats      ]       0 of   363 ms (  0.1%): <average total>
[78.098s][info][gc,stats      ]      47 of   363 ms ( 12.8%): <average non-zero>
[78.098s][info][gc,stats      ] 
[78.098s][info][gc,metaspace  ] Metaspace: 60790K->60790K(1103872K)
[78.098s][info][gc,ergo       ] Pacer for Idle. Initial: 10240K, Alloc Tax Rate: 1.0x
[78.356s][info][gc            ] Trigger: Average GC time (129.96 ms) is above the time for allocation rate (634 MB/s) to deplete free headroom (81463K)
[78.356s][info][gc,ergo       ] Free headroom: 104M (free) - 25600K (spike) - 0B (penalties) = 81463K
[78.356s][info][gc,ergo       ] Free: 104M, Max: 256K regular, 92672K humongous, Frag: 14% external, 2% internal; Reserve: 25600K, Max: 256K
[78.356s][info][gc,start      ] GC(185) Concurrent reset
[78.356s][info][gc,task       ] GC(185) Using 1 of 1 workers for concurrent reset
[78.356s][info][gc,ergo       ] GC(185) Pacer for Reset. Non-Taxable: 500M
[78.357s][info][gc            ] GC(185) Concurrent reset 0.208ms
[78.360s][info][gc,start      ] GC(185) Pause Init Mark (process weakrefs)
[78.360s][info][gc,task       ] GC(185) Using 1 of 1 workers for init marking
[78.361s][info][gc,ergo       ] GC(185) Pacer for Mark. Expected Live: 119M, Free: 104M, Non-Taxable: 10706K, Alloc Tax Rate: 1.4x
[78.361s][info][gc            ] GC(185) Pause Init Mark (process weakrefs) 1.506ms
[78.361s][info][gc,start      ] GC(185) Concurrent marking (process weakrefs)
[78.361s][info][gc,task       ] GC(185) Using 1 of 1 workers for concurrent marking
[78.390s][info][gc            ] GC(185) Concurrent marking (process weakrefs) 28.854ms
[78.390s][info][gc,start      ] GC(185) Concurrent precleaning
[78.390s][info][gc,task       ] GC(185) Using 1 of 1 workers for concurrent preclean
[78.390s][info][gc,ergo       ] GC(185) Pacer for Precleaning. Non-Taxable: 500M
[78.391s][info][gc            ] GC(185) Concurrent precleaning 0.566ms
[78.391s][info][gc,start      ] GC(185) Pause Final Mark (process weakrefs)
[78.391s][info][gc,task       ] GC(185) Using 1 of 1 workers for final marking
[78.392s][info][gc,ergo       ] GC(185) Collectable Garbage: 337M (97%), Immediate: 337M (97%), CSet: 0B (0%)
[78.392s][info][gc            ] GC(185) Pause Final Mark (process weakrefs) 0.425ms
[78.392s][info][gc,start      ] GC(185) Concurrent cleanup
[78.392s][info][gc            ] GC(185) Concurrent cleanup 383M->45M(500M) 0.092ms
[78.392s][info][gc,ergo       ] GC(185) Free: 428M, Max: 256K regular, 133M humongous, Frag: 69% external, 0% internal; Reserve: 25600K, Max: 256K
[78.392s][info][gc,ergo       ] Free: 428M, Max: 256K regular, 133M humongous, Frag: 69% external, 0% internal; Reserve: 25600K, Max: 256K
[78.392s][info][gc,stats      ] 
[78.392s][info][gc,stats      ] All times are wall-clock times, except per-root-class counters, that are sum over
[78.392s][info][gc,stats      ] all workers. Dividing the <total> over the root stage time estimates parallelism.
[78.392s][info][gc,stats      ] 
[78.392s][info][gc,stats      ] Concurrent Reset                    200 us
[78.392s][info][gc,stats      ] Pause Init Mark (G)                4786 us
[78.392s][info][gc,stats      ] Pause Init Mark (N)                1477 us
[78.392s][info][gc,stats      ]   Accumulate Stats                   20 us
[78.392s][info][gc,stats      ]   Make Parsable                      14 us
[78.392s][info][gc,stats      ]   Update Region States               23 us
[78.392s][info][gc,stats      ]   Scan Roots                       1362 us, parallelism: 0.79x
[78.392s][info][gc,stats      ]     S: <total>                     1080 us
[78.392s][info][gc,stats      ]     S: Thread Roots                 524 us, workers (us): 524, 
[78.392s][info][gc,stats      ]     S: Universe Roots                 2 us, workers (us):   2, 
[78.392s][info][gc,stats      ]     S: JNI Handles Roots              1 us, workers (us):   1, 
[78.392s][info][gc,stats      ]     S: Synchronizer Roots             0 us, workers (us):   0, 
[78.392s][info][gc,stats      ]     S: Management Roots               1 us, workers (us):   1, 
[78.392s][info][gc,stats      ]     S: System Dict Roots             11 us, workers (us):  11, 
[78.392s][info][gc,stats      ]     S: CLDG Roots                   539 us, workers (us): 539, 
[78.392s][info][gc,stats      ]     S: JVMTI Roots                    0 us, workers (us):   0, 
[78.392s][info][gc,stats      ]   Resize TLABs                       22 us
[78.392s][info][gc,stats      ] Concurrent Marking                28844 us
[78.392s][info][gc,stats      ] Concurrent Precleaning              558 us
[78.392s][info][gc,stats      ] Pause Final Mark (G)                683 us
[78.392s][info][gc,stats      ] Pause Final Mark (N)                416 us
[78.392s][info][gc,stats      ]   Finish Queues                      22 us
[78.392s][info][gc,stats      ]   Weak References                    16 us
[78.392s][info][gc,stats      ]     Process                          14 us
[78.392s][info][gc,stats      ]   System Purge                      289 us
[78.392s][info][gc,stats      ]     Weak Roots                      289 us
[78.392s][info][gc,stats      ]   Update Region States               29 us
[78.392s][info][gc,stats      ]   Retire TLABs                       24 us
[78.392s][info][gc,stats      ]   Choose Collection Set              22 us
[78.392s][info][gc,stats      ]   Rebuild Free Set                    7 us
[78.392s][info][gc,stats      ] Concurrent Cleanup                   85 us
[78.392s][info][gc,stats      ] 
[78.392s][info][gc,stats      ] Allocation pacing accrued:
[78.392s][info][gc,stats      ]       0 of   294 ms (  0.0%): <total>
[78.392s][info][gc,stats      ]       0 of   294 ms (  0.0%): <average total>
[78.392s][info][gc,stats      ] 
[78.392s][info][gc,metaspace  ] Metaspace: 60790K->60790K(1103872K)
[78.392s][info][gc,ergo       ] Pacer for Idle. Initial: 10240K, Alloc Tax Rate: 1.0x
[78.635s][info][gc            ] Trigger: Average GC time (106.91 ms) is above the time for allocation rate (1083 MB/s) to deplete free headroom (115M)
[78.635s][info][gc,ergo       ] Free headroom: 140M (free) - 25600K (spike) - 0B (penalties) = 115M
[78.635s][info][gc,ergo       ] Free: 140M, Max: 256K regular, 79360K humongous, Frag: 45% external, 1% internal; Reserve: 25600K, Max: 256K
[78.635s][info][gc,start      ] GC(186) Concurrent reset
[78.635s][info][gc,task       ] GC(186) Using 1 of 1 workers for concurrent reset
[78.635s][info][gc,ergo       ] GC(186) Pacer for Reset. Non-Taxable: 500M
[78.635s][info][gc            ] GC(186) Concurrent reset 0.115ms
[78.638s][info][gc,start      ] GC(186) Pause Init Mark
[78.638s][info][gc,task       ] GC(186) Using 1 of 1 workers for init marking
[78.640s][info][gc,ergo       ] GC(186) Pacer for Mark. Expected Live: 100M, Free: 140M, Non-Taxable: 14418K, Alloc Tax Rate: 0.9x
[78.640s][info][gc            ] GC(186) Pause Init Mark 1.630ms
[78.640s][info][gc,start      ] GC(186) Concurrent marking
[78.640s][info][gc,task       ] GC(186) Using 1 of 1 workers for concurrent marking
[78.669s][info][gc            ] GC(186) Concurrent marking 29.098ms
[78.678s][info][gc,start      ] GC(186) Pause Final Mark
[78.678s][info][gc,task       ] GC(186) Using 1 of 1 workers for final marking
[78.678s][info][gc,ergo       ] GC(186) Collectable Garbage: 301M (97%), Immediate: 301M (97%), CSet: 0B (0%)
[78.678s][info][gc            ] GC(186) Pause Final Mark 0.416ms
[78.679s][info][gc,start      ] GC(186) Concurrent cleanup
[78.679s][info][gc            ] GC(186) Concurrent cleanup 351M->49M(500M) 0.086ms
[78.679s][info][gc,ergo       ] GC(186) Free: 424M, Max: 256K regular, 140M humongous, Frag: 67% external, 0% internal; Reserve: 25600K, Max: 256K
[78.679s][info][gc,ergo       ] Free: 424M, Max: 256K regular, 140M humongous, Frag: 67% external, 0% internal; Reserve: 25600K, Max: 256K
[78.679s][info][gc,stats      ] 
[78.679s][info][gc,stats      ] All times are wall-clock times, except per-root-class counters, that are sum over
[78.679s][info][gc,stats      ] all workers. Dividing the <total> over the root stage time estimates parallelism.
[78.679s][info][gc,stats      ] 
[78.679s][info][gc,stats      ] Concurrent Reset                    107 us
[78.679s][info][gc,stats      ] Pause Init Mark (G)                4907 us
[78.679s][info][gc,stats      ] Pause Init Mark (N)                1609 us
[78.679s][info][gc,stats      ]   Accumulate Stats                   20 us
[78.679s][info][gc,stats      ]   Make Parsable                      12 us
[78.679s][info][gc,stats      ]   Update Region States               22 us
[78.679s][info][gc,stats      ]   Scan Roots                       1486 us, parallelism: 0.80x
[78.679s][info][gc,stats      ]     S: <total>                     1192 us
[78.679s][info][gc,stats      ]     S: Thread Roots                 617 us, workers (us): 617, 
[78.679s][info][gc,stats      ]     S: Universe Roots                 2 us, workers (us):   2, 
[78.679s][info][gc,stats      ]     S: JNI Handles Roots              2 us, workers (us):   2, 
[78.679s][info][gc,stats      ]     S: Synchronizer Roots             0 us, workers (us):   0, 
[78.679s][info][gc,stats      ]     S: Management Roots               1 us, workers (us):   1, 
[78.679s][info][gc,stats      ]     S: System Dict Roots             12 us, workers (us):  12, 
[78.679s][info][gc,stats      ]     S: CLDG Roots                   556 us, workers (us): 556, 
[78.679s][info][gc,stats      ]     S: JVMTI Roots                    1 us, workers (us):   1, 
[78.679s][info][gc,stats      ]   Resize TLABs                       21 us
[78.679s][info][gc,stats      ] Concurrent Marking                29088 us
[78.679s][info][gc,stats      ] Pause Final Mark (G)               9455 us
[78.679s][info][gc,stats      ] Pause Final Mark (N)                386 us
[78.679s][info][gc,stats      ]   Finish Queues                      28 us
[78.679s][info][gc,stats      ]   System Purge                      280 us
[78.679s][info][gc,stats      ]     Weak Roots                      280 us
[78.679s][info][gc,stats      ]   Update Region States               28 us
[78.679s][info][gc,stats      ]   Retire TLABs                       19 us
[78.679s][info][gc,stats      ]   Choose Collection Set              17 us
[78.679s][info][gc,stats      ]   Rebuild Free Set                    7 us
[78.679s][info][gc,stats      ] Concurrent Cleanup                   78 us
[78.679s][info][gc,stats      ] Pacing                            10045 us
[78.679s][info][gc,stats      ] 
[78.679s][info][gc,stats      ] Allocation pacing accrued:
[78.679s][info][gc,stats      ]      10 of   287 ms (  3.5%): Executor task launch worker for task 0.0 in stage 19.0 (TID 19)
[78.679s][info][gc,stats      ]      10 of   287 ms (  3.5%): <total>
[78.679s][info][gc,stats      ]       0 of   287 ms (  0.0%): <average total>
[78.679s][info][gc,stats      ]      10 of   287 ms (  3.5%): <average non-zero>
[78.679s][info][gc,stats      ] 
[78.679s][info][gc,metaspace  ] Metaspace: 60790K->60790K(1103872K)
[78.679s][info][gc,ergo       ] Pacer for Idle. Initial: 10240K, Alloc Tax Rate: 1.0x
[78.942s][info][gc            ] Trigger: Average GC time (88.21 ms) is above the time for allocation rate (1057 MB/s) to deplete free headroom (95287K)
[78.942s][info][gc,ergo       ] Free headroom: 118M (free) - 25600K (spike) - 0B (penalties) = 95287K
[78.942s][info][gc,ergo       ] Free: 118M, Max: 256K regular, 56064K humongous, Frag: 54% external, 1% internal; Reserve: 25600K, Max: 256K
[78.942s][info][gc,start      ] GC(187) Concurrent reset
[78.942s][info][gc,task       ] GC(187) Using 1 of 1 workers for concurrent reset
[78.942s][info][gc,ergo       ] GC(187) Pacer for Reset. Non-Taxable: 500M
[78.942s][info][gc            ] GC(187) Concurrent reset 0.130ms
[78.944s][info][gc,start      ] GC(187) Pause Init Mark
[78.944s][info][gc,task       ] GC(187) Using 1 of 1 workers for init marking
[78.946s][info][gc,ergo       ] GC(187) Pacer for Mark. Expected Live: 83579K, Free: 118M, Non-Taxable: 12088K, Alloc Tax Rate: 0.8x
[78.946s][info][gc            ] GC(187) Pause Init Mark 1.483ms
[78.946s][info][gc,start      ] GC(187) Concurrent marking
[78.946s][info][gc,task       ] GC(187) Using 1 of 1 workers for concurrent marking
[78.978s][info][gc            ] GC(187) Concurrent marking 32.217ms
[78.978s][info][gc,start      ] GC(187) Pause Final Mark
[78.978s][info][gc,task       ] GC(187) Using 1 of 1 workers for final marking
[78.978s][info][gc,ergo       ] GC(187) Collectable Garbage: 324M (97%), Immediate: 324M (97%), CSet: 0B (0%)
[78.978s][info][gc            ] GC(187) Pause Final Mark 0.394ms
[78.979s][info][gc,start      ] GC(187) Concurrent cleanup
[78.979s][info][gc            ] GC(187) Concurrent cleanup 373M->49M(500M) 0.092ms
[78.979s][info][gc,ergo       ] GC(187) Free: 424M, Max: 256K regular, 183M humongous, Frag: 57% external, 0% internal; Reserve: 25600K, Max: 256K
[78.979s][info][gc,ergo       ] Free: 424M, Max: 256K regular, 183M humongous, Frag: 57% external, 0% internal; Reserve: 25600K, Max: 256K
[78.979s][info][gc,stats      ] 
[78.979s][info][gc,stats      ] All times are wall-clock times, except per-root-class counters, that are sum over
[78.979s][info][gc,stats      ] all workers. Dividing the <total> over the root stage time estimates parallelism.
[78.979s][info][gc,stats      ] 
[78.979s][info][gc,stats      ] Concurrent Reset                    119 us
[78.979s][info][gc,stats      ] Pause Init Mark (G)                3764 us
[78.979s][info][gc,stats      ] Pause Init Mark (N)                1465 us
[78.979s][info][gc,stats      ]   Accumulate Stats                   20 us
[78.979s][info][gc,stats      ]   Make Parsable                      14 us
[78.979s][info][gc,stats      ]   Update Region States               23 us
[78.979s][info][gc,stats      ]   Scan Roots                       1365 us, parallelism: 0.79x
[78.979s][info][gc,stats      ]     S: <total>                     1079 us
[78.979s][info][gc,stats      ]     S: Thread Roots                 537 us, workers (us): 537, 
[78.979s][info][gc,stats      ]     S: Universe Roots                 2 us, workers (us):   2, 
[78.979s][info][gc,stats      ]     S: JNI Handles Roots              1 us, workers (us):   1, 
[78.979s][info][gc,stats      ]     S: Synchronizer Roots             0 us, workers (us):   0, 
[78.979s][info][gc,stats      ]     S: Management Roots               1 us, workers (us):   1, 
[78.979s][info][gc,stats      ]     S: System Dict Roots             11 us, workers (us):  11, 
[78.979s][info][gc,stats      ]     S: CLDG Roots                   525 us, workers (us): 525, 
[78.979s][info][gc,stats      ]     S: JVMTI Roots                    0 us, workers (us):   0, 
[78.979s][info][gc,stats      ]   Resize TLABs                       13 us
[78.979s][info][gc,stats      ] Concurrent Marking                32208 us
[78.979s][info][gc,stats      ] Pause Final Mark (G)                524 us
[78.979s][info][gc,stats      ] Pause Final Mark (N)                373 us
[78.979s][info][gc,stats      ]   Finish Queues                      14 us
[78.979s][info][gc,stats      ]   System Purge                      282 us
[78.979s][info][gc,stats      ]     Weak Roots                      282 us
[78.979s][info][gc,stats      ]   Update Region States               26 us
[78.979s][info][gc,stats      ]   Retire TLABs                       19 us
[78.979s][info][gc,stats      ]   Choose Collection Set              17 us
[78.979s][info][gc,stats      ]   Rebuild Free Set                    7 us
[78.979s][info][gc,stats      ] Concurrent Cleanup                   85 us
[78.979s][info][gc,stats      ] 
[78.979s][info][gc,stats      ] Allocation pacing accrued:
[78.979s][info][gc,stats      ]       0 of   300 ms (  0.0%): <total>
[78.979s][info][gc,stats      ]       0 of   300 ms (  0.0%): <average total>
[78.979s][info][gc,stats      ] 
[78.979s][info][gc,metaspace  ] Metaspace: 60790K->60790K(1103872K)
[78.979s][info][gc,ergo       ] Pacer for Idle. Initial: 10240K, Alloc Tax Rate: 1.0x
[79.225s][info][gc            ] Trigger: Average GC time (73.70 ms) is above the time for allocation rate (1173 MB/s) to deplete free headroom (87351K)
[79.225s][info][gc,ergo       ] Free headroom: 110M (free) - 25600K (spike) - 0B (penalties) = 87351K
[79.225s][info][gc,ergo       ] Free: 110M, Max: 256K regular, 37888K humongous, Frag: 67% external, 1% internal; Reserve: 25600K, Max: 256K
[79.225s][info][gc,start      ] GC(188) Concurrent reset
[79.225s][info][gc,task       ] GC(188) Using 1 of 1 workers for concurrent reset
[79.225s][info][gc,ergo       ] GC(188) Pacer for Reset. Non-Taxable: 500M
[79.225s][info][gc            ] GC(188) Concurrent reset 0.110ms
[79.227s][info][gc,start      ] GC(188) Pause Init Mark
[79.227s][info][gc,task       ] GC(188) Using 1 of 1 workers for init marking
[79.229s][info][gc,ergo       ] GC(188) Pacer for Mark. Expected Live: 64051K, Free: 110M, Non-Taxable: 11295K, Alloc Tax Rate: 0.7x
[79.229s][info][gc            ] GC(188) Pause Init Mark 1.567ms
[79.229s][info][gc,start      ] GC(188) Concurrent marking
[79.229s][info][gc,task       ] GC(188) Using 1 of 1 workers for concurrent marking
[79.261s][info][gc            ] GC(188) Concurrent marking 31.763ms
[79.261s][info][gc,start      ] GC(188) Pause Final Mark
[79.261s][info][gc,task       ] GC(188) Using 1 of 1 workers for final marking
[79.261s][info][gc,ergo       ] GC(188) Collectable Garbage: 332M (97%), Immediate: 332M (97%), CSet: 0B (0%)
[79.261s][info][gc            ] GC(188) Pause Final Mark 0.389ms
[79.261s][info][gc,start      ] GC(188) Concurrent cleanup
[79.261s][info][gc            ] GC(188) Concurrent cleanup 381M->49M(500M) 0.090ms
[79.261s][info][gc,ergo       ] GC(188) Free: 424M, Max: 256K regular, 183M humongous, Frag: 57% external, 0% internal; Reserve: 25600K, Max: 256K
[79.262s][info][gc,ergo       ] Free: 424M, Max: 256K regular, 183M humongous, Frag: 57% external, 0% internal; Reserve: 25600K, Max: 256K
[79.262s][info][gc,stats      ] 
[79.262s][info][gc,stats      ] All times are wall-clock times, except per-root-class counters, that are sum over
[79.262s][info][gc,stats      ] all workers. Dividing the <total> over the root stage time estimates parallelism.
[79.262s][info][gc,stats      ] 
[79.262s][info][gc,stats      ] Concurrent Reset                    103 us
[79.262s][info][gc,stats      ] Pause Init Mark (G)                3857 us
[79.262s][info][gc,stats      ] Pause Init Mark (N)                1548 us
[79.262s][info][gc,stats      ]   Accumulate Stats                   20 us
[79.262s][info][gc,stats      ]   Make Parsable                      12 us
[79.262s][info][gc,stats      ]   Update Region States               25 us
[79.262s][info][gc,stats      ]   Scan Roots                       1433 us, parallelism: 0.81x
[79.262s][info][gc,stats      ]     S: <total>                     1166 us
[79.262s][info][gc,stats      ]     S: Thread Roots                 570 us, workers (us): 570, 
[79.262s][info][gc,stats      ]     S: Universe Roots                 3 us, workers (us):   3, 
[79.262s][info][gc,stats      ]     S: JNI Handles Roots              2 us, workers (us):   2, 
[79.262s][info][gc,stats      ]     S: Synchronizer Roots             0 us, workers (us):   0, 
[79.262s][info][gc,stats      ]     S: Management Roots               1 us, workers (us):   1, 
[79.262s][info][gc,stats      ]     S: System Dict Roots             29 us, workers (us):  29, 
[79.262s][info][gc,stats      ]     S: CLDG Roots                   561 us, workers (us): 561, 
[79.262s][info][gc,stats      ]     S: JVMTI Roots                    0 us, workers (us):   0, 
[79.262s][info][gc,stats      ]   Resize TLABs                       19 us
[79.262s][info][gc,stats      ] Concurrent Marking                31754 us
[79.262s][info][gc,stats      ] Pause Final Mark (G)                524 us
[79.262s][info][gc,stats      ] Pause Final Mark (N)                380 us
[79.262s][info][gc,stats      ]   Finish Queues                      13 us
[79.262s][info][gc,stats      ]   System Purge                      280 us
[79.262s][info][gc,stats      ]     Weak Roots                      279 us
[79.262s][info][gc,stats      ]   Update Region States               27 us
[79.262s][info][gc,stats      ]   Retire TLABs                       24 us
[79.262s][info][gc,stats      ]   Choose Collection Set              22 us
[79.262s][info][gc,stats      ]   Rebuild Free Set                    7 us
[79.262s][info][gc,stats      ] Concurrent Cleanup                   83 us
[79.262s][info][gc,stats      ] Pacing                             4750 us
[79.262s][info][gc,stats      ] 
[79.262s][info][gc,stats      ] Allocation pacing accrued:
[79.262s][info][gc,stats      ]       5 of   283 ms (  1.7%): Executor task launch worker for task 0.0 in stage 19.0 (TID 19)
[79.262s][info][gc,stats      ]       5 of   283 ms (  1.7%): <total>
[79.262s][info][gc,stats      ]       0 of   283 ms (  0.0%): <average total>
[79.262s][info][gc,stats      ]       5 of   283 ms (  1.7%): <average non-zero>
[79.262s][info][gc,stats      ] 
[79.262s][info][gc,metaspace  ] Metaspace: 60790K->60790K(1103872K)
[79.262s][info][gc,ergo       ] Pacer for Idle. Initial: 10240K, Alloc Tax Rate: 1.0x
[79.662s][info][gc            ] Trigger: Explicit GC request (System.gc())
[79.662s][info][gc,ergo       ] Free: 94961K, Max: 256K regular, 29440K humongous, Frag: 69% external, 2% internal; Reserve: 25600K, Max: 256K
[79.662s][info][gc,start      ] GC(189) Concurrent reset
[79.662s][info][gc,task       ] GC(189) Using 1 of 1 workers for concurrent reset
[79.662s][info][gc,ergo       ] GC(189) Pacer for Reset. Non-Taxable: 500M
[79.663s][info][gc            ] GC(189) Concurrent reset 0.118ms
[79.663s][info][gc,start      ] GC(189) Pause Init Mark (process weakrefs) (unload classes)
[79.663s][info][gc,task       ] GC(189) Using 1 of 1 workers for init marking
[79.664s][info][gc,ergo       ] GC(189) Pacer for Mark. Expected Live: 44523K, Free: 94961K, Non-Taxable: 9496K, Alloc Tax Rate: 0.6x
[79.664s][info][gc            ] GC(189) Pause Init Mark (process weakrefs) (unload classes) 0.956ms
[79.664s][info][gc,start      ] GC(189) Concurrent marking (process weakrefs) (unload classes)
[79.664s][info][gc,task       ] GC(189) Using 1 of 1 workers for concurrent marking
[79.682s][info][gc            ] GC(189) Concurrent marking (process weakrefs) (unload classes) 18.674ms
[79.683s][info][gc,start      ] GC(189) Concurrent precleaning
[79.683s][info][gc,task       ] GC(189) Using 1 of 1 workers for concurrent preclean
[79.683s][info][gc,ergo       ] GC(189) Pacer for Precleaning. Non-Taxable: 500M
[79.683s][info][gc            ] GC(189) Concurrent precleaning 0.277ms
[79.683s][info][gc,start      ] GC(189) Pause Final Mark (process weakrefs) (unload classes)
[79.683s][info][gc,task       ] GC(189) Using 1 of 1 workers for final marking
[79.716s][info][gc,stringtable] GC(189) Cleaned string and symbol table, strings: 18605 processed, 0 removed, symbols: 131950 processed, 198 removed
[79.717s][info][gc,ergo       ] GC(189) Collectable Garbage: 348M (97%), Immediate: 348M (97%), CSet: 0B (0%)
[79.717s][info][gc            ] GC(189) Pause Final Mark (process weakrefs) (unload classes) 33.787ms
[79.717s][info][gc,start      ] GC(189) Concurrent cleanup
[79.717s][info][gc            ] GC(189) Concurrent cleanup 381M->32M(500M) 0.094ms
[79.717s][info][gc,ergo       ] GC(189) Free: 441M, Max: 256K regular, 183M humongous, Frag: 59% external, 0% internal; Reserve: 25600K, Max: 256K
[79.717s][info][gc,ergo       ] Free: 441M, Max: 256K regular, 183M humongous, Frag: 59% external, 0% internal; Reserve: 25600K, Max: 256K
[79.717s][info][gc,stats      ] 
[79.717s][info][gc,stats      ] All times are wall-clock times, except per-root-class counters, that are sum over
[79.717s][info][gc,stats      ] all workers. Dividing the <total> over the root stage time estimates parallelism.
[79.717s][info][gc,stats      ] 
[79.717s][info][gc,stats      ] Concurrent Reset                    106 us
[79.717s][info][gc,stats      ] Pause Init Mark (G)                1280 us
[79.717s][info][gc,stats      ] Pause Init Mark (N)                 943 us
[79.717s][info][gc,stats      ]   Accumulate Stats                   21 us
[79.717s][info][gc,stats      ]   Make Parsable                      15 us
[79.717s][info][gc,stats      ]   Update Region States               24 us
[79.717s][info][gc,stats      ]   Scan Roots                        854 us, parallelism: 0.68x
[79.717s][info][gc,stats      ]     S: <total>                      582 us
[79.717s][info][gc,stats      ]     S: Thread Roots                 477 us, workers (us): 477, 
[79.717s][info][gc,stats      ]     S: Universe Roots                 2 us, workers (us):   2, 
[79.717s][info][gc,stats      ]     S: JNI Handles Roots              1 us, workers (us):   1, 
[79.717s][info][gc,stats      ]     S: Synchronizer Roots             0 us, workers (us):   0, 
[79.717s][info][gc,stats      ]     S: Management Roots               1 us, workers (us):   1, 
[79.717s][info][gc,stats      ]     S: System Dict Roots             12 us, workers (us):  12, 
[79.717s][info][gc,stats      ]     S: CLDG Roots                    88 us, workers (us):  88, 
[79.717s][info][gc,stats      ]     S: JVMTI Roots                    0 us, workers (us):   0, 
[79.717s][info][gc,stats      ]   Resize TLABs                       10 us
[79.717s][info][gc,stats      ] Concurrent Marking                18666 us
[79.717s][info][gc,stats      ] Concurrent Precleaning              270 us
[79.717s][info][gc,stats      ] Pause Final Mark (G)              33966 us
[79.717s][info][gc,stats      ] Pause Final Mark (N)              33776 us
[79.717s][info][gc,stats      ]   Finish Queues                     123 us
[79.717s][info][gc,stats      ]   Weak References                    52 us
[79.717s][info][gc,stats      ]     Process                          51 us
[79.717s][info][gc,stats      ]   System Purge                     3090 us
[79.717s][info][gc,stats      ]     Unload Classes                 1096 us
[79.717s][info][gc,stats      ]     Cleanup                       29068 us, parallelism: 1.00x
[79.717s][info][gc,stats      ]       CU: <total>                 28967 us
[79.717s][info][gc,stats      ]       CU: Code Cache Roots        15293 us, workers (us): 15293, 
[79.717s][info][gc,stats      ]       CU: Code Cache Cleaning      1681 us, workers (us): 1681, 
[79.717s][info][gc,stats      ]       CU: String Table Roots       5642 us, workers (us): 5642, 
[79.717s][info][gc,stats      ]       CU: Resolved Table Roots      131 us, workers (us): 131, 
[79.717s][info][gc,stats      ]       CU: CLDG Roots               6220 us, workers (us): 6220, 
[79.717s][info][gc,stats      ]     Weak Roots                     3089 us
[79.717s][info][gc,stats      ]     CLDG                            234 us
[79.717s][info][gc,stats      ]   Update Region States               33 us
[79.717s][info][gc,stats      ]   Retire TLABs                       42 us
[79.717s][info][gc,stats      ]   Choose Collection Set              22 us
[79.717s][info][gc,stats      ]   Rebuild Free Set                    7 us
[79.717s][info][gc,stats      ] Concurrent Cleanup                   86 us
[79.717s][info][gc,stats      ] Pacing                            10055 us
[79.717s][info][gc,stats      ] 
[79.717s][info][gc,stats      ] Allocation pacing accrued:
[79.717s][info][gc,stats      ]      10 of   455 ms (  2.2%): Executor task launch worker for task 0.0 in stage 20.0 (TID 20)
[79.717s][info][gc,stats      ]      10 of   455 ms (  2.2%): <total>
[79.717s][info][gc,stats      ]       0 of   455 ms (  0.0%): <average total>
[79.717s][info][gc,stats      ]      10 of   455 ms (  2.2%): <average non-zero>
[79.717s][info][gc,stats      ] 
[79.717s][info][gc,metaspace  ] Metaspace: 60848K->60466K(1103872K)
[79.717s][info][gc,ergo       ] Pacer for Idle. Initial: 10240K, Alloc Tax Rate: 1.0x
[79.717s][info][gc,start      ] Concurrent uncommit
[79.767s][info][gc            ] Concurrent uncommit 32M->33M(34M) 50.300ms
[79.992s][info][gc            ] Trigger: Learning 2 of 5. Free (348M) is below initial threshold (350M)
[79.992s][info][gc,ergo       ] Free: 348M, Max: 256K regular, 131M humongous, Frag: 63% external, 0% internal; Reserve: 25600K, Max: 256K
[79.992s][info][gc,start      ] GC(190) Concurrent reset
[79.992s][info][gc,task       ] GC(190) Using 1 of 1 workers for concurrent reset
[79.992s][info][gc,ergo       ] GC(190) Pacer for Reset. Non-Taxable: 500M
[79.992s][info][gc            ] GC(190) Concurrent reset 0.119ms
[79.995s][info][gc,start      ] GC(190) Pause Init Mark (process weakrefs)
[79.995s][info][gc,task       ] GC(190) Using 1 of 1 workers for init marking
[79.996s][info][gc,ergo       ] GC(190) Pacer for Mark. Expected Live: 24744K, Free: 348M, Non-Taxable: 35637K, Alloc Tax Rate: 0.1x
[79.996s][info][gc            ] GC(190) Pause Init Mark (process weakrefs) 1.629ms
[79.996s][info][gc,start      ] GC(190) Concurrent marking (process weakrefs)
[79.996s][info][gc,task       ] GC(190) Using 1 of 1 workers for concurrent marking
[80.066s][info][gc            ] GC(190) Concurrent marking (process weakrefs) 69.471ms
[80.066s][info][gc,start      ] GC(190) Concurrent precleaning
[80.066s][info][gc,task       ] GC(190) Using 1 of 1 workers for concurrent preclean
[80.066s][info][gc,ergo       ] GC(190) Pacer for Precleaning. Non-Taxable: 500M
[80.066s][info][gc            ] GC(190) Concurrent precleaning 0.623ms
[80.067s][info][gc,start      ] GC(190) Pause Final Mark (process weakrefs)
[80.067s][info][gc,task       ] GC(190) Using 1 of 1 workers for final marking
[80.067s][info][gc,ergo       ] GC(190) Adaptive CSet Selection. Target Free: 72533K, Actual Free: 349M, Max CSet: 21333K, Min Garbage: 0B
[80.067s][info][gc,ergo       ] GC(190) Collectable Garbage: 95509K (98%), Immediate: 7978K (8%), CSet: 87530K (89%)
[80.069s][info][gc,ergo       ] GC(190) Pacer for Evacuation. Used CSet: 93289K, Free: 326M, Non-Taxable: 33433K, Alloc Tax Rate: 1.1x
[80.069s][info][gc            ] GC(190) Pause Final Mark (process weakrefs) 2.749ms
[80.069s][info][gc,start      ] GC(190) Concurrent cleanup
[80.069s][info][gc            ] GC(190) Concurrent cleanup 154M->146M(158M) 0.044ms
[80.069s][info][gc,ergo       ] GC(190) Free: 326M, Max: 256K regular, 111M humongous, Frag: 67% external, 0% internal; Reserve: 25344K, Max: 256K
[80.069s][info][gc,start      ] GC(190) Concurrent evacuation
[80.069s][info][gc,task       ] GC(190) Using 1 of 1 workers for concurrent evacuation
[80.090s][info][gc            ] GC(190) Concurrent evacuation 20.374ms
[80.093s][info][gc,start      ] GC(190) Pause Init Update Refs
[80.093s][info][gc,ergo       ] GC(190) Pacer for Update Refs. Used: 171M, Free: 307M, Non-Taxable: 31436K, Alloc Tax Rate: 1.1x
[80.093s][info][gc            ] GC(190) Pause Init Update Refs 0.047ms
[80.093s][info][gc,start      ] GC(190) Concurrent update references
[80.093s][info][gc,task       ] GC(190) Using 1 of 1 workers for concurrent reference update
[80.163s][info][gc            ] GC(190) Concurrent update references 69.420ms
[80.166s][info][gc,start      ] GC(190) Pause Final Update Refs
[80.166s][info][gc,task       ] GC(190) Using 1 of 1 workers for final reference update
[80.167s][info][gc            ] GC(190) Pause Final Update Refs 0.636ms
[80.167s][info][gc,start      ] GC(190) Concurrent cleanup
[80.167s][info][gc            ] GC(190) Concurrent cleanup 214M->123M(216M) 0.267ms
[80.167s][info][gc,ergo       ] Free: 350M, Max: 256K regular, 266M humongous, Frag: 24% external, 0% internal; Reserve: 25600K, Max: 256K
[80.167s][info][gc,stats      ] 
[80.167s][info][gc,stats      ] All times are wall-clock times, except per-root-class counters, that are sum over
[80.167s][info][gc,stats      ] all workers. Dividing the <total> over the root stage time estimates parallelism.
[80.167s][info][gc,stats      ] 
[80.167s][info][gc,stats      ] Concurrent Reset                    110 us
[80.167s][info][gc,stats      ] Pause Init Mark (G)                3987 us
[80.167s][info][gc,stats      ] Pause Init Mark (N)                1602 us
[80.167s][info][gc,stats      ]   Accumulate Stats                   22 us
[80.167s][info][gc,stats      ]   Make Parsable                      22 us
[80.167s][info][gc,stats      ]   Update Region States               22 us
[80.167s][info][gc,stats      ]   Scan Roots                       1490 us, parallelism: 0.81x
[80.167s][info][gc,stats      ]     S: <total>                     1214 us
[80.167s][info][gc,stats      ]     S: Thread Roots                 628 us, workers (us): 628, 
[80.167s][info][gc,stats      ]     S: Universe Roots                 2 us, workers (us):   2, 
[80.167s][info][gc,stats      ]     S: JNI Handles Roots              2 us, workers (us):   2, 
[80.167s][info][gc,stats      ]     S: Synchronizer Roots             0 us, workers (us):   0, 
[80.167s][info][gc,stats      ]     S: Management Roots               1 us, workers (us):   1, 
[80.167s][info][gc,stats      ]     S: System Dict Roots             11 us, workers (us):  11, 
[80.167s][info][gc,stats      ]     S: CLDG Roots                   569 us, workers (us): 569, 
[80.167s][info][gc,stats      ]     S: JVMTI Roots                    0 us, workers (us):   0, 
[80.167s][info][gc,stats      ]   Resize TLABs                       16 us
[80.167s][info][gc,stats      ] Concurrent Marking                69462 us
[80.167s][info][gc,stats      ] Concurrent Precleaning              614 us
[80.167s][info][gc,stats      ] Pause Final Mark (G)               2960 us
[80.167s][info][gc,stats      ] Pause Final Mark (N)               2739 us
[80.167s][info][gc,stats      ]   Finish Queues                      17 us
[80.167s][info][gc,stats      ]   Weak References                    20 us
[80.167s][info][gc,stats      ]     Process                          17 us
[80.167s][info][gc,stats      ]   System Purge                      286 us
[80.167s][info][gc,stats      ]     Weak Roots                      286 us
[80.167s][info][gc,stats      ]   Update Region States               28 us
[80.167s][info][gc,stats      ]   Retire TLABs                       22 us
[80.167s][info][gc,stats      ]   Choose Collection Set              69 us
[80.167s][info][gc,stats      ]   Rebuild Free Set                    8 us
[80.167s][info][gc,stats      ]   Initial Evacuation               2284 us, parallelism: 0.65x
[80.167s][info][gc,stats      ]     E: <total>                     1490 us
[80.167s][info][gc,stats      ]     E: Thread Roots                 679 us, workers (us): 679, 
[80.167s][info][gc,stats      ]     E: Code Cache Roots             259 us, workers (us): 259, 
[80.167s][info][gc,stats      ]     E: Universe Roots                26 us, workers (us):  26, 
[80.167s][info][gc,stats      ]     E: JNI Handles Roots              1 us, workers (us):   1, 
[80.167s][info][gc,stats      ]     E: Synchronizer Roots             0 us, workers (us):   0, 
[80.167s][info][gc,stats      ]     E: Management Roots               1 us, workers (us):   1, 
[80.167s][info][gc,stats      ]     E: System Dict Roots             11 us, workers (us):  11, 
[80.167s][info][gc,stats      ]     E: CLDG Roots                   513 us, workers (us): 513, 
[80.167s][info][gc,stats      ]     E: JVMTI Roots                    1 us, workers (us):   1, 
[80.167s][info][gc,stats      ] Concurrent Cleanup                   35 us
[80.167s][info][gc,stats      ] Concurrent Evacuation             20363 us
[80.167s][info][gc,stats      ] Pause Init  Update Refs (G)        3447 us
[80.167s][info][gc,stats      ] Pause Init  Update Refs (N)          20 us
[80.167s][info][gc,stats      ]   Retire GCLABs                      10 us
[80.167s][info][gc,stats      ] Concurrent Update Refs            69404 us
[80.167s][info][gc,stats      ] Pause Final Update Refs (G)        4065 us
[80.167s][info][gc,stats      ] Pause Final Update Refs (N)         615 us
[80.167s][info][gc,stats      ]   Update Roots                      521 us, parallelism: 0.98x
[80.167s][info][gc,stats      ]     UR: <total>                     511 us
[80.167s][info][gc,stats      ]     UR: Thread Roots                511 us, workers (us): 511, 
[80.167s][info][gc,stats      ]   Update Region States               74 us
[80.167s][info][gc,stats      ]   Trash Collection Set                3 us
[80.167s][info][gc,stats      ]   Rebuild Free Set                    8 us
[80.167s][info][gc,stats      ] Concurrent Cleanup                  258 us
[80.167s][info][gc,stats      ] 
[80.167s][info][gc,stats      ] Allocation pacing accrued:
[80.167s][info][gc,stats      ]       0 of   450 ms (  0.0%): <total>
[80.167s][info][gc,stats      ]       0 of   450 ms (  0.0%): <average total>
[80.167s][info][gc,stats      ] 
[80.167s][info][gc,metaspace  ] Metaspace: 60742K->60742K(1103872K)
[80.167s][info][gc,ergo       ] Pacer for Idle. Initial: 10240K, Alloc Tax Rate: 1.0x
[80.170s][info][gc            ] Trigger: Learning 3 of 5. Free (348M) is below initial threshold (350M)
[80.170s][info][gc,ergo       ] Free: 348M, Max: 256K regular, 266M humongous, Frag: 24% external, 0% internal; Reserve: 25600K, Max: 256K
[80.170s][info][gc,start      ] GC(191) Concurrent reset
[80.170s][info][gc,task       ] GC(191) Using 1 of 1 workers for concurrent reset
[80.170s][info][gc,ergo       ] GC(191) Pacer for Reset. Non-Taxable: 500M
[80.170s][info][gc            ] GC(191) Concurrent reset 0.241ms
[80.173s][info][gc,start      ] GC(191) Pause Init Mark
[80.173s][info][gc,task       ] GC(191) Using 1 of 1 workers for init marking
[80.175s][info][gc,ergo       ] GC(191) Pacer for Mark. Expected Live: 25653K, Free: 348M, Non-Taxable: 35660K, Alloc Tax Rate: 0.1x
[80.176s][info][gc            ] GC(191) Pause Init Mark 3.635ms
[80.177s][info][gc,start      ] GC(191) Concurrent marking
[80.177s][info][gc,task       ] GC(191) Using 1 of 1 workers for concurrent marking
[80.252s][info][gc            ] GC(191) Concurrent marking 75.607ms
[80.252s][info][gc,start      ] GC(191) Pause Final Mark
[80.252s][info][gc,task       ] GC(191) Using 1 of 1 workers for final marking
[80.253s][info][gc,ergo       ] GC(191) Adaptive CSet Selection. Target Free: 72533K, Actual Free: 318M, Max CSet: 21333K, Min Garbage: 0B
[80.253s][info][gc,ergo       ] GC(191) Collectable Garbage: 89589K (97%), Immediate: 256K (0%), CSet: 89333K (97%)
[80.255s][info][gc,ergo       ] GC(191) Pacer for Evacuation. Used CSet: 96512K, Free: 293M, Non-Taxable: 30028K, Alloc Tax Rate: 1.1x
[80.255s][info][gc            ] GC(191) Pause Final Mark 2.609ms
[80.259s][info][gc,start      ] GC(191) Concurrent cleanup
[80.259s][info][gc            ] GC(191) Concurrent cleanup 187M->187M(216M) 0.068ms
[80.259s][info][gc,ergo       ] GC(191) Free: 286M, Max: 256K regular, 266M humongous, Frag: 7% external, 0% internal; Reserve: 25585K, Max: 256K
[80.259s][info][gc,start      ] GC(191) Concurrent evacuation
[80.259s][info][gc,task       ] GC(191) Using 1 of 1 workers for concurrent evacuation
[80.276s][info][gc            ] GC(191) Concurrent evacuation 17.337ms
[80.280s][info][gc,start      ] GC(191) Pause Init Update Refs
[80.280s][info][gc,ergo       ] GC(191) Pacer for Update Refs. Used: 211M, Free: 269M, Non-Taxable: 27622K, Alloc Tax Rate: 1.1x
[80.280s][info][gc            ] GC(191) Pause Init Update Refs 0.048ms
[80.280s][info][gc,start      ] GC(191) Concurrent update references
[80.280s][info][gc,task       ] GC(191) Using 1 of 1 workers for concurrent reference update
[80.387s][info][gc            ] GC(191) Concurrent update references 107.198ms
[80.389s][info][gc,start      ] GC(191) Pause Final Update Refs
[80.389s][info][gc,task       ] GC(191) Using 1 of 1 workers for final reference update
[80.390s][info][gc            ] GC(191) Pause Final Update Refs 0.633ms
[80.390s][info][gc,start      ] GC(191) Concurrent cleanup
[80.390s][info][gc            ] GC(191) Concurrent cleanup 276M->182M(282M) 0.058ms
[80.390s][info][gc,ergo       ] Free: 291M, Max: 256K regular, 197M humongous, Frag: 33% external, 0% internal; Reserve: 25600K, Max: 256K
[80.390s][info][gc,stats      ] 
[80.390s][info][gc,stats      ] All times are wall-clock times, except per-root-class counters, that are sum over
[80.390s][info][gc,stats      ] all workers. Dividing the <total> over the root stage time estimates parallelism.
[80.390s][info][gc,stats      ] 
[80.390s][info][gc,stats      ] Concurrent Reset                    230 us
[80.390s][info][gc,stats      ] Pause Init Mark (G)                6100 us
[80.390s][info][gc,stats      ] Pause Init Mark (N)                3567 us
[80.390s][info][gc,stats      ]   Accumulate Stats                   29 us
[80.390s][info][gc,stats      ]   Make Parsable                      20 us
[80.390s][info][gc,stats      ]   Update Region States               44 us
[80.390s][info][gc,stats      ]   Scan Roots                       1590 us, parallelism: 0.83x
[80.390s][info][gc,stats      ]     S: <total>                     1317 us
[80.390s][info][gc,stats      ]     S: Thread Roots                 644 us, workers (us): 644, 
[80.390s][info][gc,stats      ]     S: Universe Roots                 2 us, workers (us):   2, 
[80.390s][info][gc,stats      ]     S: JNI Handles Roots              2 us, workers (us):   2, 
[80.390s][info][gc,stats      ]     S: Synchronizer Roots             0 us, workers (us):   0, 
[80.390s][info][gc,stats      ]     S: Management Roots               2 us, workers (us):   2, 
[80.390s][info][gc,stats      ]     S: System Dict Roots             12 us, workers (us):  12, 
[80.390s][info][gc,stats      ]     S: CLDG Roots                   655 us, workers (us): 655, 
[80.390s][info][gc,stats      ]     S: JVMTI Roots                    1 us, workers (us):   1, 
[80.390s][info][gc,stats      ]   Resize TLABs                       18 us
[80.390s][info][gc,stats      ] Concurrent Marking                75594 us
[80.390s][info][gc,stats      ] Pause Final Mark (G)               6498 us
[80.390s][info][gc,stats      ] Pause Final Mark (N)               2598 us
[80.390s][info][gc,stats      ]   Finish Queues                      16 us
[80.390s][info][gc,stats      ]   System Purge                      248 us
[80.390s][info][gc,stats      ]     Weak Roots                      247 us
[80.390s][info][gc,stats      ]   Update Region States               26 us
[80.390s][info][gc,stats      ]   Retire TLABs                       21 us
[80.390s][info][gc,stats      ]   Choose Collection Set              73 us
[80.390s][info][gc,stats      ]   Rebuild Free Set                    7 us
[80.390s][info][gc,stats      ]   Initial Evacuation               2200 us, parallelism: 0.67x
[80.390s][info][gc,stats      ]     E: <total>                     1466 us
[80.390s][info][gc,stats      ]     E: Thread Roots                 621 us, workers (us): 621, 
[80.390s][info][gc,stats      ]     E: Code Cache Roots             222 us, workers (us): 222, 
[80.390s][info][gc,stats      ]     E: Universe Roots                 1 us, workers (us):   1, 
[80.390s][info][gc,stats      ]     E: JNI Handles Roots              1 us, workers (us):   1, 
[80.390s][info][gc,stats      ]     E: Synchronizer Roots             0 us, workers (us):   0, 
[80.390s][info][gc,stats      ]     E: Management Roots               2 us, workers (us):   2, 
[80.390s][info][gc,stats      ]     E: System Dict Roots             10 us, workers (us):  10, 
[80.390s][info][gc,stats      ]     E: CLDG Roots                   609 us, workers (us): 609, 
[80.390s][info][gc,stats      ]     E: JVMTI Roots                    0 us, workers (us):   0, 
[80.390s][info][gc,stats      ] Concurrent Cleanup                   34 us
[80.390s][info][gc,stats      ] Concurrent Evacuation             17326 us
[80.390s][info][gc,stats      ] Pause Init  Update Refs (G)        3577 us
[80.390s][info][gc,stats      ] Pause Init  Update Refs (N)          19 us
[80.390s][info][gc,stats      ]   Retire GCLABs                      10 us
[80.390s][info][gc,stats      ] Concurrent Update Refs           107183 us
[80.390s][info][gc,stats      ] Pause Final Update Refs (G)        2954 us
[80.390s][info][gc,stats      ] Pause Final Update Refs (N)         615 us
[80.390s][info][gc,stats      ]   Update Roots                      568 us, parallelism: 0.98x
[80.390s][info][gc,stats      ]     UR: <total>                     556 us
[80.390s][info][gc,stats      ]     UR: Thread Roots                556 us, workers (us): 556, 
[80.390s][info][gc,stats      ]   Update Region States               28 us
[80.390s][info][gc,stats      ]   Trash Collection Set                3 us
[80.390s][info][gc,stats      ]   Rebuild Free Set                    8 us
[80.390s][info][gc,stats      ] Concurrent Cleanup                   47 us
[80.390s][info][gc,stats      ] 
[80.390s][info][gc,stats      ] Allocation pacing accrued:
[80.390s][info][gc,stats      ]       0 of   223 ms (  0.0%): <total>
[80.390s][info][gc,stats      ]       0 of   223 ms (  0.0%): <average total>
[80.390s][info][gc,stats      ] 
[80.390s][info][gc,metaspace  ] Metaspace: 60742K->60742K(1103872K)
[80.390s][info][gc,ergo       ] Pacer for Idle. Initial: 10240K, Alloc Tax Rate: 1.0x
[80.392s][info][gc            ] Trigger: Learning 4 of 5. Free (288M) is below initial threshold (350M)
[80.392s][info][gc,ergo       ] Free: 288M, Max: 256K regular, 197M humongous, Frag: 32% external, 0% internal; Reserve: 25600K, Max: 256K
[80.392s][info][gc,start      ] GC(192) Concurrent reset
[80.392s][info][gc,task       ] GC(192) Using 1 of 1 workers for concurrent reset
[80.392s][info][gc,ergo       ] GC(192) Pacer for Reset. Non-Taxable: 500M
[80.394s][info][gc            ] GC(192) Concurrent reset 2.207ms
[80.397s][info][gc,start      ] GC(192) Pause Init Mark
[80.397s][info][gc,task       ] GC(192) Using 1 of 1 workers for init marking
[80.399s][info][gc,ergo       ] GC(192) Pacer for Mark. Expected Live: 28022K, Free: 284M, Non-Taxable: 29132K, Alloc Tax Rate: 0.1x
[80.399s][info][gc            ] GC(192) Pause Init Mark 1.637ms
[80.399s][info][gc,start      ] GC(192) Concurrent marking
[80.399s][info][gc,task       ] GC(192) Using 1 of 1 workers for concurrent marking
[80.499s][info][gc            ] GC(192) Concurrent marking 99.758ms
[80.499s][info][gc,start      ] GC(192) Pause Final Mark
[80.499s][info][gc,task       ] GC(192) Using 1 of 1 workers for final marking
[80.499s][info][gc,ergo       ] GC(192) Adaptive CSet Selection. Target Free: 72533K, Actual Free: 231M, Max CSet: 21333K, Min Garbage: 0B
[80.500s][info][gc,ergo       ] GC(192) Collectable Garbage: 139M (98%), Immediate: 768K (0%), CSet: 138M (98%)
[80.501s][info][gc,ergo       ] GC(192) Pacer for Evacuation. Used CSet: 150M, Free: 206M, Non-Taxable: 21171K, Alloc Tax Rate: 1.8x
[80.501s][info][gc            ] GC(192) Pause Final Mark 2.481ms
[80.504s][info][gc,start      ] GC(192) Concurrent cleanup
[80.504s][info][gc            ] GC(192) Concurrent cleanup 271M->271M(282M) 0.073ms
[80.504s][info][gc,ergo       ] GC(192) Free: 202M, Max: 256K regular, 197M humongous, Frag: 3% external, 0% internal; Reserve: 25600K, Max: 256K
[80.504s][info][gc,start      ] GC(192) Concurrent evacuation
[80.504s][info][gc,task       ] GC(192) Using 1 of 1 workers for concurrent evacuation
[80.535s][info][gc            ] GC(192) Concurrent evacuation 31.031ms
[80.539s][info][gc,start      ] GC(192) Pause Init Update Refs
[80.539s][info][gc,ergo       ] GC(192) Pacer for Update Refs. Used: 304M, Free: 180M, Non-Taxable: 18508K, Alloc Tax Rate: 2.1x
[80.539s][info][gc            ] GC(192) Pause Init Update Refs 0.039ms
[80.539s][info][gc,start      ] GC(192) Concurrent update references
[80.539s][info][gc,task       ] GC(192) Using 1 of 1 workers for concurrent reference update
[80.686s][info][gc            ] GC(192) Concurrent update references 146.927ms
[80.688s][info][gc,start      ] GC(192) Pause Final Update Refs
[80.688s][info][gc,task       ] GC(192) Using 1 of 1 workers for final reference update
[80.689s][info][gc            ] GC(192) Pause Final Update Refs 0.606ms
[80.690s][info][gc,start      ] GC(192) Concurrent cleanup
[80.690s][info][gc            ] GC(192) Concurrent cleanup 388M->240M(393M) 0.069ms
[80.690s][info][gc,ergo       ] Free: 233M, Max: 256K regular, 87296K humongous, Frag: 64% external, 0% internal; Reserve: 25600K, Max: 256K
[80.690s][info][gc,stats      ] 
[80.690s][info][gc,stats      ] All times are wall-clock times, except per-root-class counters, that are sum over
[80.690s][info][gc,stats      ] all workers. Dividing the <total> over the root stage time estimates parallelism.
[80.690s][info][gc,stats      ] 
[80.690s][info][gc,stats      ] Concurrent Reset                   2200 us
[80.690s][info][gc,stats      ] Pause Init Mark (G)                5150 us
[80.690s][info][gc,stats      ] Pause Init Mark (N)                1597 us
[80.690s][info][gc,stats      ]   Accumulate Stats                   27 us
[80.690s][info][gc,stats      ]   Make Parsable                      14 us
[80.690s][info][gc,stats      ]   Update Region States               33 us
[80.690s][info][gc,stats      ]   Scan Roots                       1460 us, parallelism: 0.82x
[80.690s][info][gc,stats      ]     S: <total>                     1199 us
[80.690s][info][gc,stats      ]     S: Thread Roots                 652 us, workers (us): 652, 
[80.690s][info][gc,stats      ]     S: Universe Roots                 2 us, workers (us):   2, 
[80.690s][info][gc,stats      ]     S: JNI Handles Roots              2 us, workers (us):   2, 
[80.690s][info][gc,stats      ]     S: Synchronizer Roots             0 us, workers (us):   0, 
[80.690s][info][gc,stats      ]     S: Management Roots               1 us, workers (us):   1, 
[80.690s][info][gc,stats      ]     S: System Dict Roots             10 us, workers (us):  10, 
[80.690s][info][gc,stats      ]     S: CLDG Roots                   531 us, workers (us): 531, 
[80.690s][info][gc,stats      ]     S: JVMTI Roots                    0 us, workers (us):   0, 
[80.690s][info][gc,stats      ]   Resize TLABs                       14 us
[80.690s][info][gc,stats      ] Concurrent Marking                99749 us
[80.690s][info][gc,stats      ] Pause Final Mark (G)               5126 us
[80.690s][info][gc,stats      ] Pause Final Mark (N)               2470 us
[80.690s][info][gc,stats      ]   Finish Queues                      17 us
[80.690s][info][gc,stats      ]   System Purge                      295 us
[80.690s][info][gc,stats      ]     Weak Roots                      295 us
[80.690s][info][gc,stats      ]   Update Region States               27 us
[80.690s][info][gc,stats      ]   Retire TLABs                       25 us
[80.690s][info][gc,stats      ]   Choose Collection Set             110 us
[80.690s][info][gc,stats      ]   Rebuild Free Set                    7 us
[80.690s][info][gc,stats      ]   Initial Evacuation               1981 us, parallelism: 0.68x
[80.690s][info][gc,stats      ]     E: <total>                     1343 us
[80.690s][info][gc,stats      ]     E: Thread Roots                 626 us, workers (us): 626, 
[80.690s][info][gc,stats      ]     E: Code Cache Roots             217 us, workers (us): 217, 
[80.690s][info][gc,stats      ]     E: Universe Roots                 1 us, workers (us):   1, 
[80.690s][info][gc,stats      ]     E: JNI Handles Roots              1 us, workers (us):   1, 
[80.690s][info][gc,stats      ]     E: Synchronizer Roots             0 us, workers (us):   0, 
[80.690s][info][gc,stats      ]     E: Management Roots               1 us, workers (us):   1, 
[80.690s][info][gc,stats      ]     E: System Dict Roots             10 us, workers (us):  10, 
[80.690s][info][gc,stats      ]     E: CLDG Roots                   486 us, workers (us): 486, 
[80.690s][info][gc,stats      ]     E: JVMTI Roots                    0 us, workers (us):   0, 
[80.690s][info][gc,stats      ] Concurrent Cleanup                   35 us
[80.690s][info][gc,stats      ] Concurrent Evacuation             31018 us
[80.690s][info][gc,stats      ] Pause Init  Update Refs (G)        3507 us
[80.690s][info][gc,stats      ] Pause Init  Update Refs (N)          18 us
[80.690s][info][gc,stats      ]   Retire GCLABs                      10 us
[80.690s][info][gc,stats      ] Concurrent Update Refs           146913 us
[80.690s][info][gc,stats      ] Pause Final Update Refs (G)        3963 us
[80.690s][info][gc,stats      ] Pause Final Update Refs (N)         578 us
[80.690s][info][gc,stats      ]   Update Roots                      531 us, parallelism: 0.98x
[80.690s][info][gc,stats      ]     UR: <total>                     520 us
[80.690s][info][gc,stats      ]     UR: Thread Roots                520 us, workers (us): 520, 
[80.690s][info][gc,stats      ]   Update Region States               27 us
[80.690s][info][gc,stats      ]   Trash Collection Set                3 us
[80.690s][info][gc,stats      ]   Rebuild Free Set                    8 us
[80.690s][info][gc,stats      ] Concurrent Cleanup                   55 us
[80.690s][info][gc,stats      ] 
[80.690s][info][gc,stats      ] Allocation pacing accrued:
[80.690s][info][gc,stats      ]       0 of   300 ms (  0.0%): <total>
[80.690s][info][gc,stats      ]       0 of   300 ms (  0.0%): <average total>
[80.690s][info][gc,stats      ] 
[80.690s][info][gc,metaspace  ] Metaspace: 60742K->60742K(1103872K)
[80.690s][info][gc,ergo       ] Pacer for Idle. Initial: 10240K, Alloc Tax Rate: 1.0x
[80.692s][info][gc            ] Trigger: Learning 5 of 5. Free (229M) is below initial threshold (350M)
[80.692s][info][gc,ergo       ] Free: 229M, Max: 256K regular, 87296K humongous, Frag: 63% external, 0% internal; Reserve: 25600K, Max: 256K
[80.692s][info][gc,start      ] GC(193) Concurrent reset
[80.692s][info][gc,task       ] GC(193) Using 1 of 1 workers for concurrent reset
[80.692s][info][gc,ergo       ] GC(193) Pacer for Reset. Non-Taxable: 500M
[80.696s][info][gc            ] GC(193) Concurrent reset 4.189ms
[80.699s][info][gc,start      ] GC(193) Pause Init Mark
[80.699s][info][gc,task       ] GC(193) Using 1 of 1 workers for init marking
[80.701s][info][gc,ergo       ] GC(193) Pacer for Mark. Expected Live: 32768K, Free: 221M, Non-Taxable: 22656K, Alloc Tax Rate: 0.2x
[80.701s][info][gc            ] GC(193) Pause Init Mark 1.590ms
[80.701s][info][gc,start      ] GC(193) Concurrent marking
[80.701s][info][gc,task       ] GC(193) Using 1 of 1 workers for concurrent marking
[80.807s][info][gc            ] GC(193) Concurrent marking 106.536ms
[80.808s][info][gc,start      ] GC(193) Pause Final Mark
[80.808s][info][gc,task       ] GC(193) Using 1 of 1 workers for final marking
[80.808s][info][gc,ergo       ] GC(193) Adaptive CSet Selection. Target Free: 72533K, Actual Free: 185M, Max CSet: 21333K, Min Garbage: 0B
[80.808s][info][gc,ergo       ] GC(193) Collectable Garbage: 186M (99%), Immediate: 1024K (0%), CSet: 185M (98%)
[80.811s][info][gc,ergo       ] GC(193) Pacer for Evacuation. Used CSet: 201M, Free: 160M, Non-Taxable: 16409K, Alloc Tax Rate: 3.1x
[80.811s][info][gc            ] GC(193) Pause Final Mark 3.349ms
[80.814s][info][gc,start      ] GC(193) Concurrent cleanup
[80.814s][info][gc            ] GC(193) Concurrent cleanup 318M->318M(393M) 0.168ms
[80.814s][info][gc,ergo       ] GC(193) Free: 155M, Max: 256K regular, 87296K humongous, Frag: 46% external, 1% internal; Reserve: 25600K, Max: 256K
[80.814s][info][gc,start      ] GC(193) Concurrent evacuation
[80.814s][info][gc,task       ] GC(193) Using 1 of 1 workers for concurrent evacuation
[80.893s][info][gc            ] GC(193) Concurrent evacuation 78.913ms
[80.896s][info][gc,start      ] GC(193) Pause Init Update Refs
[80.896s][info][gc,ergo       ] GC(193) Pacer for Update Refs. Used: 363M, Free: 125M, Non-Taxable: 12876K, Alloc Tax Rate: 3.5x
[80.896s][info][gc            ] GC(193) Pause Init Update Refs 0.032ms
[80.896s][info][gc,start      ] GC(193) Concurrent update references
[80.896s][info][gc,task       ] GC(193) Using 1 of 1 workers for concurrent reference update
[81.040s][info][gc            ] GC(193) Concurrent update references 143.750ms
[81.043s][info][gc,start      ] GC(193) Pause Final Update Refs
[81.043s][info][gc,task       ] GC(193) Using 1 of 1 workers for final reference update
[81.044s][info][gc            ] GC(193) Pause Final Update Refs 0.624ms
[81.044s][info][gc,start      ] GC(193) Concurrent cleanup
[81.044s][info][gc            ] GC(193) Concurrent cleanup 460M->259M(463M) 0.070ms
[81.044s][info][gc,ergo       ] Free: 213M, Max: 256K regular, 101M humongous, Frag: 53% external, 1% internal; Reserve: 25600K, Max: 256K
[81.044s][info][gc,stats      ] 
[81.044s][info][gc,stats      ] All times are wall-clock times, except per-root-class counters, that are sum over
[81.044s][info][gc,stats      ] all workers. Dividing the <total> over the root stage time estimates parallelism.
[81.044s][info][gc,stats      ] 
[81.044s][info][gc,stats      ] Concurrent Reset                   4178 us
[81.044s][info][gc,stats      ] Pause Init Mark (G)                5032 us
[81.044s][info][gc,stats      ] Pause Init Mark (N)                1568 us
[81.044s][info][gc,stats      ]   Accumulate Stats                   22 us
[81.044s][info][gc,stats      ]   Make Parsable                      26 us
[81.044s][info][gc,stats      ]   Update Region States               25 us
[81.044s][info][gc,stats      ]   Scan Roots                       1446 us, parallelism: 0.81x
[81.044s][info][gc,stats      ]     S: <total>                     1174 us
[81.044s][info][gc,stats      ]     S: Thread Roots                 628 us, workers (us): 628, 
[81.044s][info][gc,stats      ]     S: Universe Roots                 2 us, workers (us):   2, 
[81.044s][info][gc,stats      ]     S: JNI Handles Roots              1 us, workers (us):   1, 
[81.044s][info][gc,stats      ]     S: Synchronizer Roots             0 us, workers (us):   0, 
[81.044s][info][gc,stats      ]     S: Management Roots               1 us, workers (us):   1, 
[81.044s][info][gc,stats      ]     S: System Dict Roots             12 us, workers (us):  12, 
[81.044s][info][gc,stats      ]     S: CLDG Roots                   528 us, workers (us): 528, 
[81.044s][info][gc,stats      ]     S: JVMTI Roots                    1 us, workers (us):   1, 
[81.044s][info][gc,stats      ]   Resize TLABs                       17 us
[81.044s][info][gc,stats      ] Concurrent Marking               106526 us
[81.044s][info][gc,stats      ] Pause Final Mark (G)               6721 us
[81.044s][info][gc,stats      ] Pause Final Mark (N)               3337 us
[81.044s][info][gc,stats      ]   Finish Queues                      13 us
[81.044s][info][gc,stats      ]   System Purge                      269 us
[81.044s][info][gc,stats      ]     Weak Roots                      268 us
[81.044s][info][gc,stats      ]   Update Region States               25 us
[81.044s][info][gc,stats      ]   Retire TLABs                       24 us
[81.044s][info][gc,stats      ]   Choose Collection Set             130 us
[81.044s][info][gc,stats      ]   Rebuild Free Set                    7 us
[81.044s][info][gc,stats      ]   Initial Evacuation               2861 us, parallelism: 0.78x
[81.044s][info][gc,stats      ]     E: <total>                     2229 us
[81.044s][info][gc,stats      ]     E: Thread Roots                1225 us, workers (us): 1225, 
[81.044s][info][gc,stats      ]     E: Code Cache Roots             258 us, workers (us): 258, 
[81.044s][info][gc,stats      ]     E: Universe Roots                 1 us, workers (us):   1, 
[81.044s][info][gc,stats      ]     E: JNI Handles Roots              1 us, workers (us):   1, 
[81.044s][info][gc,stats      ]     E: Synchronizer Roots             0 us, workers (us):   0, 
[81.044s][info][gc,stats      ]     E: Management Roots               1 us, workers (us):   1, 
[81.044s][info][gc,stats      ]     E: System Dict Roots             10 us, workers (us):  10, 
[81.044s][info][gc,stats      ]     E: CLDG Roots                   731 us, workers (us): 731, 
[81.044s][info][gc,stats      ]     E: JVMTI Roots                    1 us, workers (us):   1, 
[81.044s][info][gc,stats      ] Concurrent Cleanup                   87 us
[81.044s][info][gc,stats      ] Concurrent Evacuation             78896 us
[81.044s][info][gc,stats      ] Pause Init  Update Refs (G)        2327 us
[81.044s][info][gc,stats      ] Pause Init  Update Refs (N)          17 us
[81.044s][info][gc,stats      ]   Retire GCLABs                      10 us
[81.044s][info][gc,stats      ] Concurrent Update Refs           143734 us
[81.044s][info][gc,stats      ] Pause Final Update Refs (G)        3956 us
[81.044s][info][gc,stats      ] Pause Final Update Refs (N)         595 us
[81.044s][info][gc,stats      ]   Update Roots                      546 us, parallelism: 0.98x
[81.044s][info][gc,stats      ]     UR: <total>                     537 us
[81.044s][info][gc,stats      ]     UR: Thread Roots                537 us, workers (us): 537, 
[81.044s][info][gc,stats      ]   Update Region States               29 us
[81.044s][info][gc,stats      ]   Trash Collection Set                4 us
[81.044s][info][gc,stats      ]   Rebuild Free Set                    7 us
[81.044s][info][gc,stats      ] Concurrent Cleanup                   63 us
[81.044s][info][gc,stats      ] Pacing                            52705 us
[81.044s][info][gc,stats      ] 
[81.044s][info][gc,stats      ] Allocation pacing accrued:
[81.044s][info][gc,stats      ]      53 of   354 ms ( 14.9%): Executor task launch worker for task 0.0 in stage 21.0 (TID 21)
[81.044s][info][gc,stats      ]      53 of   354 ms ( 14.9%): <total>
[81.044s][info][gc,stats      ]       0 of   354 ms (  0.1%): <average total>
[81.044s][info][gc,stats      ]      53 of   354 ms ( 14.9%): <average non-zero>
[81.044s][info][gc,stats      ] 
[81.044s][info][gc,metaspace  ] Metaspace: 60742K->60742K(1103872K)
[81.044s][info][gc,ergo       ] Pacer for Idle. Initial: 10240K, Alloc Tax Rate: 1.0x
[81.063s][info][gc            ] Trigger: Average GC time (219.88 ms) is above the time for allocation rate (664 MB/s) to deplete free headroom (145M)
[81.063s][info][gc,ergo       ] Free headroom: 170M (free) - 25600K (spike) - 0B (penalties) = 145M
[81.063s][info][gc,ergo       ] Free: 170M, Max: 256K regular, 101M humongous, Frag: 41% external, 1% internal; Reserve: 25600K, Max: 256K
[81.063s][info][gc,start      ] GC(194) Concurrent reset
[81.063s][info][gc,task       ] GC(194) Using 1 of 1 workers for concurrent reset
[81.063s][info][gc,ergo       ] GC(194) Pacer for Reset. Non-Taxable: 500M
[81.063s][info][gc            ] GC(194) Concurrent reset 0.419ms
[81.066s][info][gc,start      ] GC(194) Pause Init Mark
[81.066s][info][gc,task       ] GC(194) Using 1 of 1 workers for init marking
[81.067s][info][gc,ergo       ] GC(194) Pacer for Mark. Expected Live: 40782K, Free: 170M, Non-Taxable: 17433K, Alloc Tax Rate: 0.3x
[81.067s][info][gc            ] GC(194) Pause Init Mark 1.684ms
[81.067s][info][gc,start      ] GC(194) Concurrent marking
[81.067s][info][gc,task       ] GC(194) Using 1 of 1 workers for concurrent marking
[81.160s][info][gc            ] GC(194) Concurrent marking 92.653ms
[81.160s][info][gc,start      ] GC(194) Pause Final Mark
[81.160s][info][gc,task       ] GC(194) Using 1 of 1 workers for final marking
[81.161s][info][gc,ergo       ] GC(194) Adaptive CSet Selection. Target Free: 72533K, Actual Free: 148M, Max CSet: 21333K, Min Garbage: 0B
[81.161s][info][gc,ergo       ] GC(194) Collectable Garbage: 218M (99%), Immediate: 2048K (0%), CSet: 216M (98%)
[81.163s][info][gc,ergo       ] GC(194) Pacer for Evacuation. Used CSet: 234M, Free: 124M, Non-Taxable: 12697K, Alloc Tax Rate: 4.6x
[81.163s][info][gc            ] GC(194) Pause Final Mark 2.578ms
[81.163s][info][gc,start      ] GC(194) Concurrent cleanup
[81.163s][info][gc            ] GC(194) Concurrent cleanup 351M->349M(463M) 0.043ms
[81.163s][info][gc,ergo       ] GC(194) Free: 124M, Max: 256K regular, 101M humongous, Frag: 19% external, 1% internal; Reserve: 25600K, Max: 256K
[81.163s][info][gc,start      ] GC(194) Concurrent evacuation
[81.163s][info][gc,task       ] GC(194) Using 1 of 1 workers for concurrent evacuation
[81.216s][info][gc            ] GC(194) Concurrent evacuation 52.812ms
[81.219s][info][gc,start      ] GC(194) Pause Init Update Refs
[81.219s][info][gc,ergo       ] GC(194) Pacer for Update Refs. Used: 418M, Free: 75008K, Non-Taxable: 7500K, Alloc Tax Rate: 7.0x
[81.219s][info][gc            ] GC(194) Pause Init Update Refs 0.055ms
[81.219s][info][gc,start      ] GC(194) Concurrent update references
[81.219s][info][gc,task       ] GC(194) Using 1 of 1 workers for concurrent reference update
[81.364s][info][gc            ] GC(194) Concurrent update references 144.919ms
[81.365s][info][gc,start      ] GC(194) Pause Final Update Refs
[81.365s][info][gc,task       ] GC(194) Using 1 of 1 workers for final reference update
[81.366s][info][gc            ] GC(194) Pause Final Update Refs 0.679ms
[81.366s][info][gc,start      ] GC(194) Concurrent cleanup
[81.366s][info][gc            ] GC(194) Concurrent cleanup 476M->242M(481M) 0.077ms
[81.366s][info][gc,ergo       ] Free: 231M, Max: 256K regular, 69376K humongous, Frag: 71% external, 1% internal; Reserve: 25600K, Max: 256K
[81.366s][info][gc,stats      ] 
[81.366s][info][gc,stats      ] All times are wall-clock times, except per-root-class counters, that are sum over
[81.366s][info][gc,stats      ] all workers. Dividing the <total> over the root stage time estimates parallelism.
[81.366s][info][gc,stats      ] 
[81.366s][info][gc,stats      ] Concurrent Reset                    409 us
[81.366s][info][gc,stats      ] Pause Init Mark (G)                4012 us
[81.366s][info][gc,stats      ] Pause Init Mark (N)                1657 us
[81.366s][info][gc,stats      ]   Accumulate Stats                   22 us
[81.366s][info][gc,stats      ]   Make Parsable                      16 us
[81.366s][info][gc,stats      ]   Update Region States              112 us
[81.366s][info][gc,stats      ]   Scan Roots                       1453 us, parallelism: 0.81x
[81.366s][info][gc,stats      ]     S: <total>                     1181 us
[81.366s][info][gc,stats      ]     S: Thread Roots                 636 us, workers (us): 636, 
[81.366s][info][gc,stats      ]     S: Universe Roots                 2 us, workers (us):   2, 
[81.366s][info][gc,stats      ]     S: JNI Handles Roots              1 us, workers (us):   1, 
[81.366s][info][gc,stats      ]     S: Synchronizer Roots             0 us, workers (us):   0, 
[81.366s][info][gc,stats      ]     S: Management Roots               2 us, workers (us):   2, 
[81.366s][info][gc,stats      ]     S: System Dict Roots             11 us, workers (us):  11, 
[81.366s][info][gc,stats      ]     S: CLDG Roots                   528 us, workers (us): 528, 
[81.366s][info][gc,stats      ]     S: JVMTI Roots                    1 us, workers (us):   1, 
[81.366s][info][gc,stats      ]   Resize TLABs                       15 us
[81.366s][info][gc,stats      ] Concurrent Marking                92644 us
[81.366s][info][gc,stats      ] Pause Final Mark (G)               2753 us
[81.366s][info][gc,stats      ] Pause Final Mark (N)               2567 us
[81.366s][info][gc,stats      ]   Finish Queues                      14 us
[81.366s][info][gc,stats      ]   System Purge                      251 us
[81.366s][info][gc,stats      ]     Weak Roots                      251 us
[81.366s][info][gc,stats      ]   Update Region States              103 us
[81.366s][info][gc,stats      ]   Retire TLABs                       25 us
[81.366s][info][gc,stats      ]   Choose Collection Set             150 us
[81.366s][info][gc,stats      ]   Rebuild Free Set                    6 us
[81.366s][info][gc,stats      ]   Initial Evacuation               2011 us, parallelism: 0.70x
[81.366s][info][gc,stats      ]     E: <total>                     1400 us
[81.366s][info][gc,stats      ]     E: Thread Roots                 663 us, workers (us): 663, 
[81.366s][info][gc,stats      ]     E: Code Cache Roots             219 us, workers (us): 219, 
[81.366s][info][gc,stats      ]     E: Universe Roots                 1 us, workers (us):   1, 
[81.366s][info][gc,stats      ]     E: JNI Handles Roots              1 us, workers (us):   1, 
[81.366s][info][gc,stats      ]     E: Synchronizer Roots             1 us, workers (us):   1, 
[81.366s][info][gc,stats      ]     E: Management Roots               1 us, workers (us):   1, 
[81.366s][info][gc,stats      ]     E: System Dict Roots             10 us, workers (us):  10, 
[81.366s][info][gc,stats      ]     E: CLDG Roots                   505 us, workers (us): 505, 
[81.366s][info][gc,stats      ]     E: JVMTI Roots                    0 us, workers (us):   0, 
[81.366s][info][gc,stats      ] Concurrent Cleanup                   35 us
[81.366s][info][gc,stats      ] Concurrent Evacuation             52800 us
[81.366s][info][gc,stats      ] Pause Init  Update Refs (G)        3529 us
[81.366s][info][gc,stats      ] Pause Init  Update Refs (N)          30 us
[81.366s][info][gc,stats      ]   Retire GCLABs                      14 us
[81.366s][info][gc,stats      ] Concurrent Update Refs           144896 us
[81.366s][info][gc,stats      ] Pause Final Update Refs (G)        1010 us
[81.366s][info][gc,stats      ] Pause Final Update Refs (N)         652 us
[81.366s][info][gc,stats      ]   Update Roots                      600 us, parallelism: 0.98x
[81.366s][info][gc,stats      ]     UR: <total>                     587 us
[81.366s][info][gc,stats      ]     UR: Thread Roots                587 us, workers (us): 587, 
[81.366s][info][gc,stats      ]   Update Region States               29 us
[81.366s][info][gc,stats      ]   Trash Collection Set                4 us
[81.366s][info][gc,stats      ]   Rebuild Free Set                    8 us
[81.366s][info][gc,stats      ] Concurrent Cleanup                   69 us
[81.366s][info][gc,stats      ] Pacing                           107218 us
[81.366s][info][gc,stats      ] 
[81.366s][info][gc,stats      ] Allocation pacing accrued:
[81.366s][info][gc,stats      ]     107 of   322 ms ( 33.3%): Executor task launch worker for task 0.0 in stage 21.0 (TID 21)
[81.366s][info][gc,stats      ]     107 of   322 ms ( 33.3%): <total>
[81.366s][info][gc,stats      ]       1 of   322 ms (  0.2%): <average total>
[81.366s][info][gc,stats      ]     107 of   322 ms ( 33.3%): <average non-zero>
[81.366s][info][gc,stats      ] 
[81.366s][info][gc,metaspace  ] Metaspace: 60742K->60742K(1103872K)
[81.366s][info][gc,ergo       ] Pacer for Idle. Initial: 10240K, Alloc Tax Rate: 1.0x
[81.388s][info][gc            ] Trigger: Average GC time (269.54 ms) is above the time for allocation rate (616 MB/s) to deplete free headroom (163M)
[81.388s][info][gc,ergo       ] Free headroom: 188M (free) - 25600K (spike) - 0B (penalties) = 163M
[81.388s][info][gc,ergo       ] Free: 188M, Max: 256K regular, 68864K humongous, Frag: 65% external, 1% internal; Reserve: 25600K, Max: 256K
[81.388s][info][gc,start      ] GC(195) Concurrent reset
[81.388s][info][gc,task       ] GC(195) Using 1 of 1 workers for concurrent reset
[81.388s][info][gc,ergo       ] GC(195) Pacer for Reset. Non-Taxable: 500M
[81.389s][info][gc            ] GC(195) Concurrent reset 0.487ms
[81.391s][info][gc,start      ] GC(195) Pause Init Mark (process weakrefs)
[81.391s][info][gc,task       ] GC(195) Using 1 of 1 workers for init marking
[81.393s][info][gc,ergo       ] GC(195) Pacer for Mark. Expected Live: 53037K, Free: 188M, Non-Taxable: 19302K, Alloc Tax Rate: 0.3x
[81.393s][info][gc            ] GC(195) Pause Init Mark (process weakrefs) 1.548ms
[81.393s][info][gc,start      ] GC(195) Concurrent marking (process weakrefs)
[81.393s][info][gc,task       ] GC(195) Using 1 of 1 workers for concurrent marking
[81.501s][info][gc            ] GC(195) Concurrent marking (process weakrefs) 108.556ms
[81.501s][info][gc,start      ] GC(195) Concurrent precleaning
[81.501s][info][gc,task       ] GC(195) Using 1 of 1 workers for concurrent preclean
[81.501s][info][gc,ergo       ] GC(195) Pacer for Precleaning. Non-Taxable: 500M
[81.506s][info][gc            ] GC(195) Concurrent precleaning 4.491ms
[81.509s][info][gc,start      ] GC(195) Pause Final Mark (process weakrefs)
[81.509s][info][gc,task       ] GC(195) Using 1 of 1 workers for final marking
[81.510s][info][gc,ergo       ] GC(195) Adaptive CSet Selection. Target Free: 72533K, Actual Free: 160M, Max CSet: 21333K, Min Garbage: 0B
[81.510s][info][gc,ergo       ] GC(195) Collectable Garbage: 185M (99%), Immediate: 512K (0%), CSet: 184M (98%)
[81.512s][info][gc,ergo       ] GC(195) Pacer for Evacuation. Used CSet: 200M, Free: 135M, Non-Taxable: 13849K, Alloc Tax Rate: 3.6x
[81.512s][info][gc            ] GC(195) Pause Final Mark (process weakrefs) 2.887ms
[81.512s][info][gc,start      ] GC(195) Concurrent cleanup
[81.512s][info][gc            ] GC(195) Concurrent cleanup 339M->338M(481M) 0.043ms
[81.512s][info][gc,ergo       ] GC(195) Free: 135M, Max: 256K regular, 63744K humongous, Frag: 54% external, 1% internal; Reserve: 25344K, Max: 256K
[81.512s][info][gc,start      ] GC(195) Concurrent evacuation
[81.512s][info][gc,task       ] GC(195) Using 1 of 1 workers for concurrent evacuation
[81.553s][info][gc            ] GC(195) Concurrent evacuation 40.541ms
[81.555s][info][gc,start      ] GC(195) Pause Init Update Refs
[81.555s][info][gc,ergo       ] GC(195) Pacer for Update Refs. Used: 393M, Free: 98560K, Non-Taxable: 9856K, Alloc Tax Rate: 5.0x
[81.555s][info][gc            ] GC(195) Pause Init Update Refs 0.032ms
[81.555s][info][gc,start      ] GC(195) Concurrent update references
[81.555s][info][gc,task       ] GC(195) Using 1 of 1 workers for concurrent reference update
[81.688s][info][gc            ] GC(195) Concurrent update references 132.859ms
[81.688s][info][gc,start      ] GC(195) Pause Final Update Refs
[81.688s][info][gc,task       ] GC(195) Using 1 of 1 workers for final reference update
[81.689s][info][gc            ] GC(195) Pause Final Update Refs 0.588ms
[81.689s][info][gc,start      ] GC(195) Concurrent cleanup
[81.689s][info][gc            ] GC(195) Concurrent cleanup 470M->270M(495M) 0.070ms
[81.689s][info][gc,ergo       ] Free: 203M, Max: 256K regular, 57600K humongous, Frag: 73% external, 1% internal; Reserve: 25600K, Max: 256K
[81.689s][info][gc,stats      ] 
[81.689s][info][gc,stats      ] All times are wall-clock times, except per-root-class counters, that are sum over
[81.689s][info][gc,stats      ] all workers. Dividing the <total> over the root stage time estimates parallelism.
[81.689s][info][gc,stats      ] 
[81.689s][info][gc,stats      ] Concurrent Reset                    477 us
[81.689s][info][gc,stats      ] Pause Init Mark (G)                3931 us
[81.689s][info][gc,stats      ] Pause Init Mark (N)                1514 us
[81.689s][info][gc,stats      ]   Accumulate Stats                   26 us
[81.689s][info][gc,stats      ]   Make Parsable                      13 us
[81.689s][info][gc,stats      ]   Update Region States               26 us
[81.689s][info][gc,stats      ]   Scan Roots                       1406 us, parallelism: 0.81x
[81.689s][info][gc,stats      ]     S: <total>                     1141 us
[81.689s][info][gc,stats      ]     S: Thread Roots                 591 us, workers (us): 591, 
[81.689s][info][gc,stats      ]     S: Universe Roots                 2 us, workers (us):   2, 
[81.689s][info][gc,stats      ]     S: JNI Handles Roots              1 us, workers (us):   1, 
[81.689s][info][gc,stats      ]     S: Synchronizer Roots             0 us, workers (us):   0, 
[81.689s][info][gc,stats      ]     S: Management Roots               1 us, workers (us):   1, 
[81.689s][info][gc,stats      ]     S: System Dict Roots             12 us, workers (us):  12, 
[81.689s][info][gc,stats      ]     S: CLDG Roots                   532 us, workers (us): 532, 
[81.689s][info][gc,stats      ]     S: JVMTI Roots                    1 us, workers (us):   1, 
[81.689s][info][gc,stats      ]   Resize TLABs                       12 us
[81.689s][info][gc,stats      ] Concurrent Marking               108547 us
[81.689s][info][gc,stats      ] Concurrent Precleaning             4479 us
[81.689s][info][gc,stats      ] Pause Final Mark (G)               6240 us
[81.689s][info][gc,stats      ] Pause Final Mark (N)               2866 us
[81.689s][info][gc,stats      ]   Finish Queues                      28 us
[81.689s][info][gc,stats      ]   Weak References                    13 us
[81.689s][info][gc,stats      ]     Process                          11 us
[81.689s][info][gc,stats      ]   System Purge                      273 us
[81.689s][info][gc,stats      ]     Weak Roots                      273 us
[81.689s][info][gc,stats      ]   Update Region States               30 us
[81.689s][info][gc,stats      ]   Retire TLABs                       27 us
[81.689s][info][gc,stats      ]   Choose Collection Set             139 us
[81.689s][info][gc,stats      ]   Rebuild Free Set                    6 us
[81.689s][info][gc,stats      ]   Initial Evacuation               2342 us, parallelism: 0.74x
[81.689s][info][gc,stats      ]     E: <total>                     1724 us
[81.689s][info][gc,stats      ]     E: Thread Roots                 616 us, workers (us): 616, 
[81.689s][info][gc,stats      ]     E: Code Cache Roots             487 us, workers (us): 487, 
[81.689s][info][gc,stats      ]     E: Universe Roots                 1 us, workers (us):   1, 
[81.689s][info][gc,stats      ]     E: JNI Handles Roots              3 us, workers (us):   3, 
[81.689s][info][gc,stats      ]     E: Synchronizer Roots             0 us, workers (us):   0, 
[81.689s][info][gc,stats      ]     E: Management Roots               1 us, workers (us):   1, 
[81.689s][info][gc,stats      ]     E: System Dict Roots             10 us, workers (us):  10, 
[81.689s][info][gc,stats      ]     E: CLDG Roots                   605 us, workers (us): 605, 
[81.689s][info][gc,stats      ]     E: JVMTI Roots                    1 us, workers (us):   1, 
[81.689s][info][gc,stats      ] Concurrent Cleanup                   34 us
[81.689s][info][gc,stats      ] Concurrent Evacuation             40529 us
[81.689s][info][gc,stats      ] Pause Init  Update Refs (G)        2327 us
[81.689s][info][gc,stats      ] Pause Init  Update Refs (N)          19 us
[81.689s][info][gc,stats      ]   Retire GCLABs                      10 us
[81.689s][info][gc,stats      ] Concurrent Update Refs           132844 us
[81.689s][info][gc,stats      ] Pause Final Update Refs (G)         923 us
[81.689s][info][gc,stats      ] Pause Final Update Refs (N)         567 us
[81.689s][info][gc,stats      ]   Update Roots                      520 us, parallelism: 0.99x
[81.689s][info][gc,stats      ]     UR: <total>                     513 us
[81.689s][info][gc,stats      ]     UR: Thread Roots                513 us, workers (us): 513, 
[81.689s][info][gc,stats      ]   Update Region States               28 us
[81.689s][info][gc,stats      ]   Trash Collection Set                4 us
[81.689s][info][gc,stats      ]   Rebuild Free Set                    7 us
[81.689s][info][gc,stats      ] Concurrent Cleanup                   64 us
[81.689s][info][gc,stats      ] Pacing                           163315 us
[81.689s][info][gc,stats      ] 
[81.689s][info][gc,stats      ] Allocation pacing accrued:
[81.689s][info][gc,stats      ]      12 of   323 ms (  3.7%): Spark Context Cleaner
[81.689s][info][gc,stats      ]     151 of   323 ms ( 46.8%): Executor task launch worker for task 0.0 in stage 21.0 (TID 21)
[81.690s][info][gc,stats      ]     163 of   323 ms ( 50.5%): <total>
[81.690s][info][gc,stats      ]       1 of   323 ms (  0.3%): <average total>
[81.690s][info][gc,stats      ]      82 of   323 ms ( 25.2%): <average non-zero>
[81.690s][info][gc,stats      ] 
[81.690s][info][gc,metaspace  ] Metaspace: 60742K->60742K(1103872K)
[81.690s][info][gc,ergo       ] Pacer for Idle. Initial: 10240K, Alloc Tax Rate: 1.0x
[81.693s][info][gc            ] Trigger: Average GC time (294.70 ms) is above the time for allocation rate (584 MB/s) to deplete free headroom (170M)
[81.693s][info][gc,ergo       ] Free headroom: 195M (free) - 25600K (spike) - 0B (penalties) = 170M
[81.693s][info][gc,ergo       ] Free: 195M, Max: 256K regular, 57600K humongous, Frag: 72% external, 1% internal; Reserve: 25600K, Max: 256K
[81.693s][info][gc,start      ] GC(196) Concurrent reset
[81.693s][info][gc,task       ] GC(196) Using 1 of 1 workers for concurrent reset
[81.693s][info][gc,ergo       ] GC(196) Pacer for Reset. Non-Taxable: 500M
[81.694s][info][gc            ] GC(196) Concurrent reset 0.418ms
[81.697s][info][gc,start      ] GC(196) Pause Init Mark
[81.697s][info][gc,task       ] GC(196) Using 1 of 1 workers for init marking
[81.699s][info][gc,ergo       ] GC(196) Pacer for Mark. Expected Live: 67219K, Free: 195M, Non-Taxable: 20044K, Alloc Tax Rate: 0.4x
[81.699s][info][gc            ] GC(196) Pause Init Mark 1.665ms
[81.699s][info][gc,start      ] GC(196) Concurrent marking
[81.699s][info][gc,task       ] GC(196) Using 1 of 1 workers for concurrent marking
[81.798s][info][gc            ] GC(196) Concurrent marking 99.695ms
[81.799s][info][gc,start      ] GC(196) Pause Final Mark
[81.799s][info][gc,task       ] GC(196) Using 1 of 1 workers for final marking
[81.799s][info][gc,ergo       ] GC(196) Adaptive CSet Selection. Target Free: 72533K, Actual Free: 179M, Max CSet: 21333K, Min Garbage: 0B
[81.799s][info][gc,ergo       ] GC(196) Collectable Garbage: 164M (98%), Immediate: 0B (0%), CSet: 164M (98%)
[81.801s][info][gc,ergo       ] GC(196) Pacer for Evacuation. Used CSet: 178M, Free: 154M, Non-Taxable: 15795K, Alloc Tax Rate: 2.8x
[81.801s][info][gc            ] GC(196) Pause Final Mark 2.669ms
[81.803s][info][gc,start      ] GC(196) Concurrent cleanup
[81.803s][info][gc            ] GC(196) Concurrent cleanup 322M->322M(495M) 0.048ms
[81.803s][info][gc,ergo       ] GC(196) Free: 151M, Max: 256K regular, 53760K humongous, Frag: 66% external, 1% internal; Reserve: 25600K, Max: 256K
[81.803s][info][gc,start      ] GC(196) Concurrent evacuation
[81.803s][info][gc,task       ] GC(196) Using 1 of 1 workers for concurrent evacuation
[81.840s][info][gc            ] GC(196) Concurrent evacuation 37.686ms
[81.844s][info][gc,start      ] GC(196) Pause Init Update Refs
[81.844s][info][gc,ergo       ] GC(196) Pacer for Update Refs. Used: 372M, Free: 115M, Non-Taxable: 11801K, Alloc Tax Rate: 3.9x
[81.844s][info][gc            ] GC(196) Pause Init Update Refs 0.036ms
[81.844s][info][gc,start      ] GC(196) Concurrent update references
[81.844s][info][gc,task       ] GC(196) Using 1 of 1 workers for concurrent reference update
[82.094s][info][gc            ] GC(196) Concurrent update references 250.274ms
[82.098s][info][gc,start      ] GC(196) Pause Final Update Refs
[82.098s][info][gc,task       ] GC(196) Using 1 of 1 workers for final reference update
[82.098s][info][gc            ] GC(196) Pause Final Update Refs 0.604ms
[82.098s][info][gc,start      ] GC(196) Concurrent cleanup
[82.098s][info][gc            ] GC(196) Concurrent cleanup 463M->285M(500M) 0.068ms
[82.098s][info][gc,ergo       ] Free: 187M, Max: 256K regular, 68864K humongous, Frag: 64% external, 5% internal; Reserve: 25600K, Max: 256K
[82.098s][info][gc,stats      ] 
[82.098s][info][gc,stats      ] All times are wall-clock times, except per-root-class counters, that are sum over
[82.098s][info][gc,stats      ] all workers. Dividing the <total> over the root stage time estimates parallelism.
[82.098s][info][gc,stats      ] 
[82.098s][info][gc,stats      ] Concurrent Reset                    408 us
[82.098s][info][gc,stats      ] Pause Init Mark (G)                5049 us
[82.098s][info][gc,stats      ] Pause Init Mark (N)                1611 us
[82.099s][info][gc,stats      ]   Accumulate Stats                   31 us
[82.099s][info][gc,stats      ]   Make Parsable                      13 us
[82.099s][info][gc,stats      ]   Update Region States               32 us
[82.099s][info][gc,stats      ]   Scan Roots                       1469 us, parallelism: 0.82x
[82.099s][info][gc,stats      ]     S: <total>                     1209 us
[82.099s][info][gc,stats      ]     S: Thread Roots                 660 us, workers (us): 660, 
[82.099s][info][gc,stats      ]     S: Universe Roots                 2 us, workers (us):   2, 
[82.099s][info][gc,stats      ]     S: JNI Handles Roots              1 us, workers (us):   1, 
[82.099s][info][gc,stats      ]     S: Synchronizer Roots             0 us, workers (us):   0, 
[82.099s][info][gc,stats      ]     S: Management Roots               2 us, workers (us):   2, 
[82.099s][info][gc,stats      ]     S: System Dict Roots             11 us, workers (us):  11, 
[82.099s][info][gc,stats      ]     S: CLDG Roots                   531 us, workers (us): 531, 
[82.099s][info][gc,stats      ]     S: JVMTI Roots                    1 us, workers (us):   1, 
[82.099s][info][gc,stats      ]   Resize TLABs                       14 us
[82.099s][info][gc,stats      ] Concurrent Marking                99686 us
[82.099s][info][gc,stats      ] Pause Final Mark (G)               4155 us
[82.099s][info][gc,stats      ] Pause Final Mark (N)               2658 us
[82.099s][info][gc,stats      ]   Finish Queues                      13 us
[82.099s][info][gc,stats      ]   System Purge                      351 us
[82.099s][info][gc,stats      ]     Weak Roots                      350 us
[82.099s][info][gc,stats      ]   Update Region States               30 us
[82.099s][info][gc,stats      ]   Retire TLABs                       26 us
[82.099s][info][gc,stats      ]   Choose Collection Set             143 us
[82.099s][info][gc,stats      ]   Rebuild Free Set                    6 us
[82.099s][info][gc,stats      ]   Initial Evacuation               2082 us, parallelism: 0.66x
[82.099s][info][gc,stats      ]     E: <total>                     1366 us
[82.099s][info][gc,stats      ]     E: Thread Roots                 610 us, workers (us): 610, 
[82.099s][info][gc,stats      ]     E: Code Cache Roots             221 us, workers (us): 221, 
[82.099s][info][gc,stats      ]     E: Universe Roots                 1 us, workers (us):   1, 
[82.099s][info][gc,stats      ]     E: JNI Handles Roots              1 us, workers (us):   1, 
[82.099s][info][gc,stats      ]     E: Synchronizer Roots             0 us, workers (us):   0, 
[82.099s][info][gc,stats      ]     E: Management Roots               1 us, workers (us):   1, 
[82.099s][info][gc,stats      ]     E: System Dict Roots              9 us, workers (us):   9, 
[82.099s][info][gc,stats      ]     E: CLDG Roots                   523 us, workers (us): 523, 
[82.099s][info][gc,stats      ]     E: JVMTI Roots                    1 us, workers (us):   1, 
[82.099s][info][gc,stats      ] Concurrent Cleanup                   33 us
[82.099s][info][gc,stats      ] Concurrent Evacuation             37673 us
[82.099s][info][gc,stats      ] Pause Init  Update Refs (G)        3545 us
[82.099s][info][gc,stats      ] Pause Init  Update Refs (N)          18 us
[82.099s][info][gc,stats      ]   Retire GCLABs                      11 us
[82.099s][info][gc,stats      ] Concurrent Update Refs           250261 us
[82.099s][info][gc,stats      ] Pause Final Update Refs (G)        3960 us
[82.099s][info][gc,stats      ] Pause Final Update Refs (N)         551 us
[82.099s][info][gc,stats      ]   Update Roots                      499 us, parallelism: 0.99x
[82.099s][info][gc,stats      ]     UR: <total>                     491 us
[82.099s][info][gc,stats      ]     UR: Thread Roots                491 us, workers (us): 491, 
[82.099s][info][gc,stats      ]   Update Region States               28 us
[82.099s][info][gc,stats      ]   Trash Collection Set                4 us
[82.099s][info][gc,stats      ]   Rebuild Free Set                    7 us
[82.099s][info][gc,stats      ] Concurrent Cleanup                   60 us
[82.099s][info][gc,stats      ] Pacing                            91820 us
[82.099s][info][gc,stats      ] 
[82.099s][info][gc,stats      ] Allocation pacing accrued:
[82.099s][info][gc,stats      ]      13 of   409 ms (  3.1%): Spark Context Cleaner
[82.099s][info][gc,stats      ]      79 of   409 ms ( 19.3%): Executor task launch worker for task 0.0 in stage 22.0 (TID 22)
[82.099s][info][gc,stats      ]      92 of   409 ms ( 22.4%): <total>
[82.099s][info][gc,stats      ]       0 of   409 ms (  0.1%): <average total>
[82.099s][info][gc,stats      ]      46 of   409 ms ( 11.2%): <average non-zero>
[82.099s][info][gc,stats      ] 
[82.099s][info][gc,metaspace  ] Metaspace: 60742K->60896K(1103872K)
[82.099s][info][gc,ergo       ] Pacer for Idle. Initial: 10240K, Alloc Tax Rate: 1.0x
[82.107s][info][gc            ] Trigger: Average GC time (331.78 ms) is above the time for allocation rate (455 MB/s) to deplete free headroom (148M)
[82.107s][info][gc,ergo       ] Free headroom: 173M (free) - 25600K (spike) - 0B (penalties) = 148M
[82.107s][info][gc,ergo       ] Free: 173M, Max: 256K regular, 63744K humongous, Frag: 64% external, 5% internal; Reserve: 25600K, Max: 256K
[82.107s][info][gc,start      ] GC(197) Concurrent reset
[82.107s][info][gc,task       ] GC(197) Using 1 of 1 workers for concurrent reset
[82.107s][info][gc,ergo       ] GC(197) Pacer for Reset. Non-Taxable: 500M
[82.107s][info][gc            ] GC(197) Concurrent reset 0.432ms
[82.109s][info][gc,start      ] GC(197) Pause Init Mark
[82.109s][info][gc,task       ] GC(197) Using 1 of 1 workers for init marking
[82.111s][info][gc,ergo       ] GC(197) Pacer for Mark. Expected Live: 82697K, Free: 173M, Non-Taxable: 17720K, Alloc Tax Rate: 0.6x
[82.111s][info][gc            ] GC(197) Pause Init Mark 1.682ms
[82.111s][info][gc,start      ] GC(197) Concurrent marking
[82.111s][info][gc,task       ] GC(197) Using 1 of 1 workers for concurrent marking
[82.148s][info][gc            ] GC(197) Concurrent marking 37.214ms
[82.148s][info][gc,start      ] GC(197) Pause Final Mark
[82.148s][info][gc,task       ] GC(197) Using 1 of 1 workers for final marking
[82.149s][info][gc,ergo       ] GC(197) Adaptive CSet Selection. Target Free: 72533K, Actual Free: 371M, Max CSet: 21333K, Min Garbage: 0B
[82.149s][info][gc,ergo       ] GC(197) Collectable Garbage: 269M (99%), Immediate: 201M (74%), CSet: 69476K (25%)
[82.151s][info][gc,ergo       ] GC(197) Pacer for Evacuation. Used CSet: 74528K, Free: 349M, Non-Taxable: 35737K, Alloc Tax Rate: 1.1x
[82.151s][info][gc            ] GC(197) Pause Final Mark 2.948ms
[82.154s][info][gc,start      ] GC(197) Concurrent cleanup
[82.155s][info][gc            ] GC(197) Concurrent cleanup 325M->130M(500M) 0.106ms
[82.155s][info][gc,ergo       ] GC(197) Free: 343M, Max: 256K regular, 175M humongous, Frag: 49% external, 0% internal; Reserve: 24845K, Max: 256K
[82.155s][info][gc,start      ] GC(197) Concurrent evacuation
[82.155s][info][gc,task       ] GC(197) Using 1 of 1 workers for concurrent evacuation
[82.162s][info][gc            ] GC(197) Concurrent evacuation 7.864ms
[82.165s][info][gc,start      ] GC(197) Pause Init Update Refs
[82.165s][info][gc,ergo       ] GC(197) Pacer for Update Refs. Used: 134M, Free: 343M, Non-Taxable: 35200K, Alloc Tax Rate: 1.1x
[82.165s][info][gc            ] GC(197) Pause Init Update Refs 0.035ms
[82.165s][info][gc,start      ] GC(197) Concurrent update references
[82.165s][info][gc,task       ] GC(197) Using 1 of 1 workers for concurrent reference update
[82.221s][info][gc            ] GC(197) Concurrent update references 55.762ms
[82.225s][info][gc,start      ] GC(197) Pause Final Update Refs
[82.225s][info][gc,task       ] GC(197) Using 1 of 1 workers for final reference update
[82.226s][info][gc            ] GC(197) Pause Final Update Refs 0.803ms
[82.231s][info][gc,start      ] GC(197) Concurrent cleanup
[82.231s][info][gc            ] GC(197) Concurrent cleanup 178M->111M(500M) 0.097ms
[82.231s][info][gc,ergo       ] Free: 361M, Max: 256K regular, 354M humongous, Frag: 3% external, 0% internal; Reserve: 25600K, Max: 256K
[82.231s][info][gc,stats      ] 
[82.231s][info][gc,stats      ] All times are wall-clock times, except per-root-class counters, that are sum over
[82.231s][info][gc,stats      ] all workers. Dividing the <total> over the root stage time estimates parallelism.
[82.231s][info][gc,stats      ] 
[82.231s][info][gc,stats      ] Concurrent Reset                    423 us
[82.231s][info][gc,stats      ] Pause Init Mark (G)                4020 us
[82.231s][info][gc,stats      ] Pause Init Mark (N)                1656 us
[82.231s][info][gc,stats      ]   Accumulate Stats                   22 us
[82.231s][info][gc,stats      ]   Make Parsable                      48 us
[82.231s][info][gc,stats      ]   Update Region States               27 us
[82.231s][info][gc,stats      ]   Scan Roots                       1494 us, parallelism: 0.80x
[82.231s][info][gc,stats      ]     S: <total>                     1198 us
[82.231s][info][gc,stats      ]     S: Thread Roots                 652 us, workers (us): 652, 
[82.231s][info][gc,stats      ]     S: Universe Roots                 3 us, workers (us):   3, 
[82.231s][info][gc,stats      ]     S: JNI Handles Roots              1 us, workers (us):   1, 
[82.231s][info][gc,stats      ]     S: Synchronizer Roots             0 us, workers (us):   0, 
[82.231s][info][gc,stats      ]     S: Management Roots               2 us, workers (us):   2, 
[82.231s][info][gc,stats      ]     S: System Dict Roots             11 us, workers (us):  11, 
[82.231s][info][gc,stats      ]     S: CLDG Roots                   529 us, workers (us): 529, 
[82.231s][info][gc,stats      ]     S: JVMTI Roots                    1 us, workers (us):   1, 
[82.231s][info][gc,stats      ]   Resize TLABs                       16 us
[82.231s][info][gc,stats      ] Concurrent Marking                37206 us
[82.231s][info][gc,stats      ] Pause Final Mark (G)               6099 us
[82.231s][info][gc,stats      ] Pause Final Mark (N)               2939 us
[82.231s][info][gc,stats      ]   Finish Queues                      13 us
[82.231s][info][gc,stats      ]   System Purge                      295 us
[82.231s][info][gc,stats      ]     Weak Roots                      295 us
[82.231s][info][gc,stats      ]   Update Region States               27 us
[82.231s][info][gc,stats      ]   Retire TLABs                       25 us
[82.231s][info][gc,stats      ]   Choose Collection Set              75 us
[82.231s][info][gc,stats      ]   Rebuild Free Set                    7 us
[82.231s][info][gc,stats      ]   Initial Evacuation               2488 us, parallelism: 0.70x
[82.231s][info][gc,stats      ]     E: <total>                     1732 us
[82.231s][info][gc,stats      ]     E: Thread Roots                 594 us, workers (us): 594, 
[82.231s][info][gc,stats      ]     E: Code Cache Roots             575 us, workers (us): 575, 
[82.231s][info][gc,stats      ]     E: Universe Roots                 1 us, workers (us):   1, 
[82.231s][info][gc,stats      ]     E: JNI Handles Roots              3 us, workers (us):   3, 
[82.231s][info][gc,stats      ]     E: Synchronizer Roots             0 us, workers (us):   0, 
[82.231s][info][gc,stats      ]     E: Management Roots               1 us, workers (us):   1, 
[82.231s][info][gc,stats      ]     E: System Dict Roots              9 us, workers (us):   9, 
[82.231s][info][gc,stats      ]     E: CLDG Roots                   548 us, workers (us): 548, 
[82.231s][info][gc,stats      ]     E: JVMTI Roots                    1 us, workers (us):   1, 
[82.231s][info][gc,stats      ] Concurrent Cleanup                   67 us
[82.231s][info][gc,stats      ] Concurrent Evacuation              7852 us
[82.231s][info][gc,stats      ] Pause Init  Update Refs (G)        2333 us
[82.231s][info][gc,stats      ] Pause Init  Update Refs (N)          18 us
[82.231s][info][gc,stats      ]   Retire GCLABs                      11 us
[82.231s][info][gc,stats      ] Concurrent Update Refs            55748 us
[82.231s][info][gc,stats      ] Pause Final Update Refs (G)       10024 us
[82.231s][info][gc,stats      ] Pause Final Update Refs (N)         736 us
[82.231s][info][gc,stats      ]   Update Roots                      678 us, parallelism: 0.95x
[82.231s][info][gc,stats      ]     UR: <total>                     643 us
[82.231s][info][gc,stats      ]     UR: Thread Roots                643 us, workers (us): 643, 
[82.231s][info][gc,stats      ]   Update Region States               33 us
[82.231s][info][gc,stats      ]   Trash Collection Set                4 us
[82.231s][info][gc,stats      ]   Rebuild Free Set                    9 us
[82.231s][info][gc,stats      ] Concurrent Cleanup                   52 us
[82.231s][info][gc,stats      ] Pacing                            13743 us
[82.231s][info][gc,stats      ] 
[82.231s][info][gc,stats      ] Allocation pacing accrued:
[82.231s][info][gc,stats      ]      14 of   132 ms ( 10.4%): Executor task launch worker for task 0.0 in stage 22.0 (TID 22)
[82.231s][info][gc,stats      ]      14 of   132 ms ( 10.4%): <total>
[82.231s][info][gc,stats      ]       0 of   132 ms (  0.1%): <average total>
[82.231s][info][gc,stats      ]      14 of   132 ms ( 10.4%): <average non-zero>
[82.231s][info][gc,stats      ] 
[82.231s][info][gc,metaspace  ] Metaspace: 60896K->60896K(1103872K)
[82.231s][info][gc,ergo       ] Pacer for Idle. Initial: 10240K, Alloc Tax Rate: 1.0x
[82.296s][info][gc            ] Trigger: Average GC time (297.00 ms) is above the time for allocation rate (875 MB/s) to deplete free headroom (252M)
[82.296s][info][gc,ergo       ] Free headroom: 277M (free) - 25600K (spike) - 0B (penalties) = 252M
[82.296s][info][gc,ergo       ] Free: 277M, Max: 256K regular, 277M humongous, Frag: 0% external, 0% internal; Reserve: 25600K, Max: 256K
[82.296s][info][gc,start      ] GC(198) Concurrent reset
[82.296s][info][gc,task       ] GC(198) Using 1 of 1 workers for concurrent reset
[82.296s][info][gc,ergo       ] GC(198) Pacer for Reset. Non-Taxable: 500M
[82.296s][info][gc            ] GC(198) Concurrent reset 0.191ms
[82.299s][info][gc,start      ] GC(198) Pause Init Mark
[82.299s][info][gc,task       ] GC(198) Using 1 of 1 workers for init marking
[82.300s][info][gc,ergo       ] GC(198) Pacer for Mark. Expected Live: 78768K, Free: 277M, Non-Taxable: 28416K, Alloc Tax Rate: 0.3x
[82.300s][info][gc            ] GC(198) Pause Init Mark 1.714ms
[82.300s][info][gc,start      ] GC(198) Concurrent marking
[82.300s][info][gc,task       ] GC(198) Using 1 of 1 workers for concurrent marking
[82.370s][info][gc            ] GC(198) Concurrent marking 69.350ms
[82.370s][info][gc,start      ] GC(198) Pause Final Mark
[82.370s][info][gc,task       ] GC(198) Using 1 of 1 workers for final marking
[82.370s][info][gc,ergo       ] GC(198) Adaptive CSet Selection. Target Free: 72533K, Actual Free: 247M, Max CSet: 21333K, Min Garbage: 0B
[82.370s][info][gc,ergo       ] GC(198) Collectable Garbage: 152M (98%), Immediate: 768K (0%), CSet: 152M (98%)
[82.372s][info][gc,ergo       ] GC(198) Pacer for Evacuation. Used CSet: 164M, Free: 223M, Non-Taxable: 22835K, Alloc Tax Rate: 1.8x
[82.372s][info][gc            ] GC(198) Pause Final Mark 2.553ms
[82.372s][info][gc,start      ] GC(198) Concurrent cleanup
[82.373s][info][gc            ] GC(198) Concurrent cleanup 251M->250M(500M) 0.043ms
[82.373s][info][gc,ergo       ] GC(198) Free: 223M, Max: 256K regular, 221M humongous, Frag: 1% external, 0% internal; Reserve: 25600K, Max: 256K
[82.373s][info][gc,start      ] GC(198) Concurrent evacuation
[82.373s][info][gc,task       ] GC(198) Using 1 of 1 workers for concurrent evacuation
[82.397s][info][gc            ] GC(198) Concurrent evacuation 24.424ms
[82.399s][info][gc,start      ] GC(198) Pause Init Update Refs
[82.399s][info][gc,ergo       ] GC(198) Pacer for Update Refs. Used: 285M, Free: 201M, Non-Taxable: 20582K, Alloc Tax Rate: 1.7x
[82.399s][info][gc            ] GC(198) Pause Init Update Refs 0.033ms
[82.399s][info][gc,start      ] GC(198) Concurrent update references
[82.399s][info][gc,task       ] GC(198) Using 1 of 1 workers for concurrent reference update
[82.520s][info][gc            ] GC(198) Concurrent update references 120.461ms
[82.522s][info][gc,start      ] GC(198) Pause Final Update Refs
[82.522s][info][gc,task       ] GC(198) Using 1 of 1 workers for final reference update
[82.523s][info][gc            ] GC(198) Pause Final Update Refs 0.619ms
[82.527s][info][gc,start      ] GC(198) Concurrent cleanup
[82.527s][info][gc            ] GC(198) Concurrent cleanup 388M->232M(500M) 0.073ms
[82.527s][info][gc,ergo       ] Free: 241M, Max: 256K regular, 88064K humongous, Frag: 65% external, 0% internal; Reserve: 25600K, Max: 256K
[82.527s][info][gc,stats      ] 
[82.527s][info][gc,stats      ] All times are wall-clock times, except per-root-class counters, that are sum over
[82.527s][info][gc,stats      ] all workers. Dividing the <total> over the root stage time estimates parallelism.
[82.527s][info][gc,stats      ] 
[82.527s][info][gc,stats      ] Concurrent Reset                    183 us
[82.527s][info][gc,stats      ] Pause Init Mark (G)                4016 us
[82.527s][info][gc,stats      ] Pause Init Mark (N)                1692 us
[82.527s][info][gc,stats      ]   Accumulate Stats                   21 us
[82.527s][info][gc,stats      ]   Make Parsable                      14 us
[82.527s][info][gc,stats      ]   Update Region States               22 us
[82.527s][info][gc,stats      ]   Scan Roots                       1556 us, parallelism: 0.75x
[82.527s][info][gc,stats      ]     S: <total>                     1166 us
[82.527s][info][gc,stats      ]     S: Thread Roots                 591 us, workers (us): 591, 
[82.527s][info][gc,stats      ]     S: Universe Roots                 2 us, workers (us):   2, 
[82.527s][info][gc,stats      ]     S: JNI Handles Roots              1 us, workers (us):   1, 
[82.527s][info][gc,stats      ]     S: Synchronizer Roots             0 us, workers (us):   0, 
[82.527s][info][gc,stats      ]     S: Management Roots               1 us, workers (us):   1, 
[82.527s][info][gc,stats      ]     S: System Dict Roots             10 us, workers (us):  10, 
[82.527s][info][gc,stats      ]     S: CLDG Roots                   559 us, workers (us): 559, 
[82.527s][info][gc,stats      ]     S: JVMTI Roots                    0 us, workers (us):   0, 
[82.527s][info][gc,stats      ]   Resize TLABs                       18 us
[82.527s][info][gc,stats      ] Concurrent Marking                69341 us
[82.527s][info][gc,stats      ] Pause Final Mark (G)               2711 us
[82.527s][info][gc,stats      ] Pause Final Mark (N)               2544 us
[82.527s][info][gc,stats      ]   Finish Queues                      15 us
[82.527s][info][gc,stats      ]   System Purge                      279 us
[82.527s][info][gc,stats      ]     Weak Roots                      279 us
[82.527s][info][gc,stats      ]   Update Region States               28 us
[82.527s][info][gc,stats      ]   Retire TLABs                       20 us
[82.527s][info][gc,stats      ]   Choose Collection Set             150 us
[82.527s][info][gc,stats      ]   Rebuild Free Set                    7 us
[82.527s][info][gc,stats      ]   Initial Evacuation               2037 us, parallelism: 0.62x
[82.527s][info][gc,stats      ]     E: <total>                     1268 us
[82.527s][info][gc,stats      ]     E: Thread Roots                 558 us, workers (us): 558, 
[82.527s][info][gc,stats      ]     E: Code Cache Roots             229 us, workers (us): 229, 
[82.527s][info][gc,stats      ]     E: Universe Roots                 1 us, workers (us):   1, 
[82.527s][info][gc,stats      ]     E: JNI Handles Roots              1 us, workers (us):   1, 
[82.527s][info][gc,stats      ]     E: Synchronizer Roots             0 us, workers (us):   0, 
[82.527s][info][gc,stats      ]     E: Management Roots               1 us, workers (us):   1, 
[82.527s][info][gc,stats      ]     E: System Dict Roots              8 us, workers (us):   8, 
[82.527s][info][gc,stats      ]     E: CLDG Roots                   468 us, workers (us): 468, 
[82.527s][info][gc,stats      ]     E: JVMTI Roots                    0 us, workers (us):   0, 
[82.527s][info][gc,stats      ] Concurrent Cleanup                   34 us
[82.527s][info][gc,stats      ] Concurrent Evacuation             24411 us
[82.527s][info][gc,stats      ] Pause Init  Update Refs (G)        2374 us
[82.527s][info][gc,stats      ] Pause Init  Update Refs (N)          19 us
[82.527s][info][gc,stats      ]   Retire GCLABs                      11 us
[82.527s][info][gc,stats      ] Concurrent Update Refs           120446 us
[82.527s][info][gc,stats      ] Pause Final Update Refs (G)        6685 us
[82.527s][info][gc,stats      ] Pause Final Update Refs (N)         590 us
[82.527s][info][gc,stats      ]   Update Roots                      543 us, parallelism: 0.98x
[82.527s][info][gc,stats      ]     UR: <total>                     533 us
[82.527s][info][gc,stats      ]     UR: Thread Roots                533 us, workers (us): 533, 
[82.527s][info][gc,stats      ]   Update Region States               27 us
[82.527s][info][gc,stats      ]   Trash Collection Set                4 us
[82.527s][info][gc,stats      ]   Rebuild Free Set                    7 us
[82.527s][info][gc,stats      ] Concurrent Cleanup                   57 us
[82.527s][info][gc,stats      ] Pacing                            17890 us
[82.527s][info][gc,stats      ] 
[82.527s][info][gc,stats      ] Allocation pacing accrued:
[82.527s][info][gc,stats      ]      18 of   296 ms (  6.0%): Executor task launch worker for task 0.0 in stage 22.0 (TID 22)
[82.527s][info][gc,stats      ]      18 of   296 ms (  6.0%): <total>
[82.527s][info][gc,stats      ]       0 of   296 ms (  0.0%): <average total>
[82.527s][info][gc,stats      ]      18 of   296 ms (  6.0%): <average non-zero>
[82.527s][info][gc,stats      ] 
[82.527s][info][gc,metaspace  ] Metaspace: 60896K->60896K(1103872K)
[82.527s][info][gc,ergo       ] Pacer for Idle. Initial: 10240K, Alloc Tax Rate: 1.0x
[82.529s][info][gc            ] Trigger: Average GC time (272.71 ms) is above the time for allocation rate (831 MB/s) to deplete free headroom (212M)
[82.529s][info][gc,ergo       ] Free headroom: 237M (free) - 25600K (spike) - 0B (penalties) = 212M
[82.529s][info][gc,ergo       ] Free: 237M, Max: 256K regular, 88064K humongous, Frag: 64% external, 0% internal; Reserve: 25600K, Max: 256K
[82.529s][info][gc,start      ] GC(199) Concurrent reset
[82.529s][info][gc,task       ] GC(199) Using 1 of 1 workers for concurrent reset
[82.529s][info][gc,ergo       ] GC(199) Pacer for Reset. Non-Taxable: 500M
[82.529s][info][gc            ] GC(199) Concurrent reset 0.295ms
[82.531s][info][gc,start      ] GC(199) Pause Init Mark (unload classes)
[82.531s][info][gc,task       ] GC(199) Using 1 of 1 workers for init marking
[82.532s][info][gc,ergo       ] GC(199) Pacer for Mark. Expected Live: 74171K, Free: 237M, Non-Taxable: 24320K, Alloc Tax Rate: 0.4x
[82.532s][info][gc            ] GC(199) Pause Init Mark (unload classes) 1.069ms
[82.532s][info][gc,start      ] GC(199) Concurrent marking (unload classes)
[82.532s][info][gc,task       ] GC(199) Using 1 of 1 workers for concurrent marking
[82.603s][info][gc            ] GC(199) Concurrent marking (unload classes) 70.262ms
[82.603s][info][gc,start      ] GC(199) Pause Final Mark (unload classes)
[82.603s][info][gc,task       ] GC(199) Using 1 of 1 workers for final marking
[82.625s][info][gc,stringtable] GC(199) Cleaned string and symbol table, strings: 20796 processed, 0 removed, symbols: 131942 processed, 204 removed
[82.625s][info][gc,ergo       ] GC(199) Adaptive CSet Selection. Target Free: 72533K, Actual Free: 221M, Max CSet: 21333K, Min Garbage: 0B
[82.625s][info][gc,ergo       ] GC(199) Collectable Garbage: 177M (98%), Immediate: 1024K (0%), CSet: 176M (98%)
[82.628s][info][gc,ergo       ] GC(199) Pacer for Evacuation. Used CSet: 191M, Free: 196M, Non-Taxable: 20096K, Alloc Tax Rate: 2.4x
[82.628s][info][gc            ] GC(199) Pause Final Mark (unload classes) 24.785ms
[82.630s][info][gc,start      ] GC(199) Concurrent cleanup
[82.630s][info][gc            ] GC(199) Concurrent cleanup 283M->282M(500M) 0.073ms
[82.630s][info][gc,ergo       ] GC(199) Free: 191M, Max: 256K regular, 105M humongous, Frag: 46% external, 0% internal; Reserve: 25600K, Max: 256K
[82.630s][info][gc,start      ] GC(199) Concurrent evacuation
[82.630s][info][gc,task       ] GC(199) Using 1 of 1 workers for concurrent evacuation
[82.660s][info][gc            ] GC(199) Concurrent evacuation 29.594ms
[82.662s][info][gc,start      ] GC(199) Pause Init Update Refs
[82.662s][info][gc,ergo       ] GC(199) Pacer for Update Refs. Used: 325M, Free: 163M, Non-Taxable: 16691K, Alloc Tax Rate: 2.4x
[82.662s][info][gc            ] GC(199) Pause Init Update Refs 0.030ms
[82.662s][info][gc,start      ] GC(199) Concurrent update references
[82.662s][info][gc,task       ] GC(199) Using 1 of 1 workers for concurrent reference update
[82.821s][info][gc            ] GC(199) Concurrent update references 158.633ms
[82.823s][info][gc,start      ] GC(199) Pause Final Update Refs
[82.823s][info][gc,task       ] GC(199) Using 1 of 1 workers for final reference update
[82.824s][info][gc            ] GC(199) Pause Final Update Refs 0.626ms
[82.827s][info][gc,start      ] GC(199) Concurrent cleanup
[82.827s][info][gc            ] GC(199) Concurrent cleanup 450M->265M(500M) 0.075ms
[82.827s][info][gc,ergo       ] Free: 208M, Max: 256K regular, 109M humongous, Frag: 48% external, 0% internal; Reserve: 25600K, Max: 256K
[82.827s][info][gc,stats      ] 
[82.827s][info][gc,stats      ] All times are wall-clock times, except per-root-class counters, that are sum over
[82.827s][info][gc,stats      ] all workers. Dividing the <total> over the root stage time estimates parallelism.
[82.827s][info][gc,stats      ] 
[82.827s][info][gc,stats      ] Concurrent Reset                    286 us
[82.827s][info][gc,stats      ] Pause Init Mark (G)                3377 us
[82.827s][info][gc,stats      ] Pause Init Mark (N)                1039 us
[82.827s][info][gc,stats      ]   Accumulate Stats                   21 us
[82.827s][info][gc,stats      ]   Make Parsable                      15 us
[82.827s][info][gc,stats      ]   Update Region States               25 us
[82.827s][info][gc,stats      ]   Scan Roots                        943 us, parallelism: 0.70x
[82.827s][info][gc,stats      ]     S: <total>                      658 us
[82.827s][info][gc,stats      ]     S: Thread Roots                 541 us, workers (us): 541, 
[82.827s][info][gc,stats      ]     S: Universe Roots                 2 us, workers (us):   2, 
[82.827s][info][gc,stats      ]     S: JNI Handles Roots              1 us, workers (us):   1, 
[82.827s][info][gc,stats      ]     S: Synchronizer Roots             0 us, workers (us):   0, 
[82.827s][info][gc,stats      ]     S: Management Roots               1 us, workers (us):   1, 
[82.827s][info][gc,stats      ]     S: System Dict Roots             11 us, workers (us):  11, 
[82.827s][info][gc,stats      ]     S: CLDG Roots                    99 us, workers (us):  99, 
[82.827s][info][gc,stats      ]     S: JVMTI Roots                    1 us, workers (us):   1, 
[82.827s][info][gc,stats      ]   Resize TLABs                       10 us
[82.827s][info][gc,stats      ] Concurrent Marking                70254 us
[82.827s][info][gc,stats      ] Pause Final Mark (G)              27629 us
[82.827s][info][gc,stats      ] Pause Final Mark (N)              24774 us
[82.827s][info][gc,stats      ]   Finish Queues                     154 us
[82.827s][info][gc,stats      ]   System Purge                      281 us
[82.827s][info][gc,stats      ]     Unload Classes                  443 us
[82.827s][info][gc,stats      ]     Cleanup                       21526 us, parallelism: 1.00x
[82.827s][info][gc,stats      ]       CU: <total>                 21436 us
[82.827s][info][gc,stats      ]       CU: Code Cache Roots         7504 us, workers (us): 7504, 
[82.827s][info][gc,stats      ]       CU: Code Cache Cleaning      1656 us, workers (us): 1656, 
[82.827s][info][gc,stats      ]       CU: String Table Roots       5939 us, workers (us): 5939, 
[82.827s][info][gc,stats      ]       CU: Resolved Table Roots      133 us, workers (us): 133, 
[82.827s][info][gc,stats      ]       CU: CLDG Roots               6204 us, workers (us): 6204, 
[82.827s][info][gc,stats      ]     Weak Roots                      281 us
[82.827s][info][gc,stats      ]     CLDG                              1 us
[82.827s][info][gc,stats      ]   Update Region States               29 us
[82.827s][info][gc,stats      ]   Retire TLABs                       50 us
[82.827s][info][gc,stats      ]   Choose Collection Set             153 us
[82.827s][info][gc,stats      ]   Rebuild Free Set                    7 us
[82.827s][info][gc,stats      ]   Initial Evacuation               2119 us, parallelism: 0.64x
[82.827s][info][gc,stats      ]     E: <total>                     1367 us
[82.827s][info][gc,stats      ]     E: Thread Roots                 598 us, workers (us): 598, 
[82.827s][info][gc,stats      ]     E: Code Cache Roots             217 us, workers (us): 217, 
[82.827s][info][gc,stats      ]     E: Universe Roots                 1 us, workers (us):   1, 
[82.827s][info][gc,stats      ]     E: JNI Handles Roots              1 us, workers (us):   1, 
[82.827s][info][gc,stats      ]     E: Synchronizer Roots             0 us, workers (us):   0, 
[82.827s][info][gc,stats      ]     E: Management Roots               2 us, workers (us):   2, 
[82.827s][info][gc,stats      ]     E: System Dict Roots             11 us, workers (us):  11, 
[82.827s][info][gc,stats      ]     E: CLDG Roots                   536 us, workers (us): 536, 
[82.827s][info][gc,stats      ]     E: JVMTI Roots                    1 us, workers (us):   1, 
[82.827s][info][gc,stats      ] Concurrent Cleanup                   34 us
[82.827s][info][gc,stats      ] Concurrent Evacuation             29582 us
[82.827s][info][gc,stats      ] Pause Init  Update Refs (G)        2323 us
[82.827s][info][gc,stats      ] Pause Init  Update Refs (N)          18 us
[82.827s][info][gc,stats      ]   Retire GCLABs                      11 us
[82.827s][info][gc,stats      ] Concurrent Update Refs           158619 us
[82.827s][info][gc,stats      ] Pause Final Update Refs (G)        5605 us
[82.827s][info][gc,stats      ] Pause Final Update Refs (N)         581 us
[82.827s][info][gc,stats      ]   Update Roots                      529 us, parallelism: 0.98x
[82.827s][info][gc,stats      ]     UR: <total>                     518 us
[82.827s][info][gc,stats      ]     UR: Thread Roots                518 us, workers (us): 518, 
[82.827s][info][gc,stats      ]   Update Region States               27 us
[82.827s][info][gc,stats      ]   Trash Collection Set                4 us
[82.827s][info][gc,stats      ]   Rebuild Free Set                    7 us
[82.827s][info][gc,stats      ] Concurrent Cleanup                   61 us
[82.827s][info][gc,stats      ] Pacing                            66099 us
[82.827s][info][gc,stats      ] 
[82.827s][info][gc,stats      ] Allocation pacing accrued:
[82.827s][info][gc,stats      ]      11 of   300 ms (  3.6%): Spark Context Cleaner
[82.827s][info][gc,stats      ]      55 of   300 ms ( 18.5%): Executor task launch worker for task 0.0 in stage 22.0 (TID 22)
[82.827s][info][gc,stats      ]      66 of   300 ms ( 22.0%): <total>
[82.827s][info][gc,stats      ]       0 of   300 ms (  0.1%): <average total>
[82.827s][info][gc,stats      ]      33 of   300 ms ( 11.0%): <average non-zero>
[82.827s][info][gc,stats      ] 
[82.827s][info][gc,metaspace  ] Metaspace: 60896K->60896K(1103872K)
[82.827s][info][gc,ergo       ] Pacer for Idle. Initial: 10240K, Alloc Tax Rate: 1.0x
[82.829s][info][gc            ] Trigger: Average GC time (271.77 ms) is above the time for allocation rate (701 MB/s) to deplete free headroom (180M)
[82.829s][info][gc,ergo       ] Free headroom: 205M (free) - 25600K (spike) - 0B (penalties) = 180M
[82.829s][info][gc,ergo       ] Free: 205M, Max: 256K regular, 109M humongous, Frag: 47% external, 0% internal; Reserve: 25600K, Max: 256K
[82.829s][info][gc,start      ] GC(200) Concurrent reset
[82.829s][info][gc,task       ] GC(200) Using 1 of 1 workers for concurrent reset
[82.829s][info][gc,ergo       ] GC(200) Pacer for Reset. Non-Taxable: 500M
[82.829s][info][gc            ] GC(200) Concurrent reset 0.393ms
[82.833s][info][gc,start      ] GC(200) Pause Init Mark (process weakrefs)
[82.833s][info][gc,task       ] GC(200) Using 1 of 1 workers for init marking
[82.834s][info][gc,ergo       ] GC(200) Pacer for Mark. Expected Live: 68697K, Free: 205M, Non-Taxable: 21017K, Alloc Tax Rate: 0.4x
[82.834s][info][gc            ] GC(200) Pause Init Mark (process weakrefs) 1.532ms
[82.834s][info][gc,start      ] GC(200) Concurrent marking (process weakrefs)
[82.834s][info][gc,task       ] GC(200) Using 1 of 1 workers for concurrent marking
[82.914s][info][gc            ] GC(200) Concurrent marking (process weakrefs) 80.023ms
[82.914s][info][gc,start      ] GC(200) Concurrent precleaning
[82.914s][info][gc,task       ] GC(200) Using 1 of 1 workers for concurrent preclean
[82.914s][info][gc,ergo       ] GC(200) Pacer for Precleaning. Non-Taxable: 500M
[82.919s][info][gc            ] GC(200) Concurrent precleaning 4.480ms
[82.922s][info][gc,start      ] GC(200) Pause Final Mark (process weakrefs)
[82.922s][info][gc,task       ] GC(200) Using 1 of 1 workers for final marking
[82.922s][info][gc,ergo       ] GC(200) Adaptive CSet Selection. Target Free: 72533K, Actual Free: 185M, Max CSet: 21333K, Min Garbage: 0B
[82.923s][info][gc,ergo       ] GC(200) Collectable Garbage: 194M (99%), Immediate: 0B (0%), CSet: 194M (99%)
[82.925s][info][gc,ergo       ] GC(200) Pacer for Evacuation. Used CSet: 210M, Free: 160M, Non-Taxable: 16384K, Alloc Tax Rate: 3.2x
[82.925s][info][gc            ] GC(200) Pause Final Mark (process weakrefs) 2.551ms
[82.925s][info][gc,start      ] GC(200) Concurrent cleanup
[82.925s][info][gc            ] GC(200) Concurrent cleanup 313M->313M(500M) 0.042ms
[82.925s][info][gc,ergo       ] GC(200) Free: 160M, Max: 256K regular, 70400K humongous, Frag: 58% external, 1% internal; Reserve: 25600K, Max: 256K
[82.925s][info][gc,start      ] GC(200) Concurrent evacuation
[82.925s][info][gc,task       ] GC(200) Using 1 of 1 workers for concurrent evacuation
[82.976s][info][gc            ] GC(200) Concurrent evacuation 51.069ms
[82.979s][info][gc,start      ] GC(200) Pause Init Update Refs
[82.979s][info][gc,ergo       ] GC(200) Pacer for Update Refs. Used: 371M, Free: 118M, Non-Taxable: 12108K, Alloc Tax Rate: 3.8x
[82.979s][info][gc            ] GC(200) Pause Init Update Refs 0.041ms
[82.979s][info][gc,start      ] GC(200) Concurrent update references
[82.979s][info][gc,task       ] GC(200) Using 1 of 1 workers for concurrent reference update
[83.108s][info][gc            ] GC(200) Concurrent update references 129.078ms
[83.109s][info][gc,start      ] GC(200) Pause Final Update Refs
[83.109s][info][gc,task       ] GC(200) Using 1 of 1 workers for final reference update
[83.109s][info][gc            ] GC(200) Pause Final Update Refs 0.579ms
[83.109s][info][gc,start      ] GC(200) Concurrent cleanup
[83.109s][info][gc            ] GC(200) Concurrent cleanup 466M->256M(500M) 0.072ms
[83.109s][info][gc,ergo       ] Free: 217M, Max: 256K regular, 124M humongous, Frag: 43% external, 1% internal; Reserve: 25600K, Max: 256K
[83.109s][info][gc,stats      ] 
[83.109s][info][gc,stats      ] All times are wall-clock times, except per-root-class counters, that are sum over
[83.109s][info][gc,stats      ] all workers. Dividing the <total> over the root stage time estimates parallelism.
[83.109s][info][gc,stats      ] 
[83.109s][info][gc,stats      ] Concurrent Reset                    386 us
[83.109s][info][gc,stats      ] Pause Init Mark (G)                5095 us
[83.109s][info][gc,stats      ] Pause Init Mark (N)                1503 us
[83.109s][info][gc,stats      ]   Accumulate Stats                   24 us
[83.109s][info][gc,stats      ]   Make Parsable                      14 us
[83.109s][info][gc,stats      ]   Update Region States               25 us
[83.109s][info][gc,stats      ]   Scan Roots                       1395 us, parallelism: 0.81x
[83.109s][info][gc,stats      ]     S: <total>                     1127 us
[83.109s][info][gc,stats      ]     S: Thread Roots                 572 us, workers (us): 572, 
[83.109s][info][gc,stats      ]     S: Universe Roots                 3 us, workers (us):   3, 
[83.109s][info][gc,stats      ]     S: JNI Handles Roots              1 us, workers (us):   1, 
[83.109s][info][gc,stats      ]     S: Synchronizer Roots             0 us, workers (us):   0, 
[83.109s][info][gc,stats      ]     S: Management Roots               1 us, workers (us):   1, 
[83.109s][info][gc,stats      ]     S: System Dict Roots             12 us, workers (us):  12, 
[83.109s][info][gc,stats      ]     S: CLDG Roots                   536 us, workers (us): 536, 
[83.110s][info][gc,stats      ]     S: JVMTI Roots                    1 us, workers (us):   1, 
[83.110s][info][gc,stats      ]   Resize TLABs                       14 us
[83.110s][info][gc,stats      ] Concurrent Marking                80013 us
[83.110s][info][gc,stats      ] Concurrent Precleaning             4472 us
[83.110s][info][gc,stats      ] Pause Final Mark (G)               5918 us
[83.110s][info][gc,stats      ] Pause Final Mark (N)               2534 us
[83.110s][info][gc,stats      ]   Finish Queues                      25 us
[83.110s][info][gc,stats      ]   Weak References                    23 us
[83.110s][info][gc,stats      ]     Process                          21 us
[83.110s][info][gc,stats      ]   System Purge                      286 us
[83.110s][info][gc,stats      ]     Weak Roots                      286 us
[83.110s][info][gc,stats      ]   Update Region States               40 us
[83.110s][info][gc,stats      ]   Retire TLABs                       30 us
[83.110s][info][gc,stats      ]   Choose Collection Set             127 us
[83.110s][info][gc,stats      ]   Rebuild Free Set                    6 us
[83.110s][info][gc,stats      ]   Initial Evacuation               1989 us, parallelism: 0.70x
[83.110s][info][gc,stats      ]     E: <total>                     1396 us
[83.110s][info][gc,stats      ]     E: Thread Roots                 695 us, workers (us): 695, 
[83.110s][info][gc,stats      ]     E: Code Cache Roots             221 us, workers (us): 221, 
[83.110s][info][gc,stats      ]     E: Universe Roots                 1 us, workers (us):   1, 
[83.110s][info][gc,stats      ]     E: JNI Handles Roots              1 us, workers (us):   1, 
[83.110s][info][gc,stats      ]     E: Synchronizer Roots             0 us, workers (us):   0, 
[83.110s][info][gc,stats      ]     E: Management Roots               1 us, workers (us):   1, 
[83.110s][info][gc,stats      ]     E: System Dict Roots             10 us, workers (us):  10, 
[83.110s][info][gc,stats      ]     E: CLDG Roots                   467 us, workers (us): 467, 
[83.110s][info][gc,stats      ]     E: JVMTI Roots                    1 us, workers (us):   1, 
[83.110s][info][gc,stats      ] Concurrent Cleanup                   34 us
[83.110s][info][gc,stats      ] Concurrent Evacuation             51057 us
[83.110s][info][gc,stats      ] Pause Init  Update Refs (G)        3507 us
[83.110s][info][gc,stats      ] Pause Init  Update Refs (N)          20 us
[83.110s][info][gc,stats      ]   Retire GCLABs                      11 us
[83.110s][info][gc,stats      ] Concurrent Update Refs           129064 us
[83.110s][info][gc,stats      ] Pause Final Update Refs (G)         896 us
[83.110s][info][gc,stats      ] Pause Final Update Refs (N)         568 us
[83.110s][info][gc,stats      ]   Update Roots                      521 us, parallelism: 0.98x
[83.110s][info][gc,stats      ]     UR: <total>                     513 us
[83.110s][info][gc,stats      ]     UR: Thread Roots                513 us, workers (us): 513, 
[83.110s][info][gc,stats      ]   Update Region States               27 us
[83.110s][info][gc,stats      ]   Trash Collection Set                4 us
[83.110s][info][gc,stats      ]   Rebuild Free Set                    7 us
[83.110s][info][gc,stats      ] Concurrent Cleanup                   65 us
[83.110s][info][gc,stats      ] Pacing                            86496 us
[83.110s][info][gc,stats      ] 
[83.110s][info][gc,stats      ] Allocation pacing accrued:
[83.110s][info][gc,stats      ]      11 of   283 ms (  3.8%): Spark Context Cleaner
[83.110s][info][gc,stats      ]      76 of   283 ms ( 26.8%): Executor task launch worker for task 0.0 in stage 22.0 (TID 22)
[83.110s][info][gc,stats      ]      86 of   283 ms ( 30.6%): <total>
[83.110s][info][gc,stats      ]       0 of   283 ms (  0.2%): <average total>
[83.110s][info][gc,stats      ]      43 of   283 ms ( 15.3%): <average non-zero>
[83.110s][info][gc,stats      ] 
[83.110s][info][gc,metaspace  ] Metaspace: 60896K->60896K(1103872K)
[83.110s][info][gc,ergo       ] Pacer for Idle. Initial: 10240K, Alloc Tax Rate: 1.0x
[83.118s][info][gc            ] Trigger: Average GC time (267.77 ms) is above the time for allocation rate (675 MB/s) to deplete free headroom (179M)
[83.118s][info][gc,ergo       ] Free headroom: 204M (free) - 25600K (spike) - 0B (penalties) = 179M
[83.118s][info][gc,ergo       ] Free: 204M, Max: 256K regular, 124M humongous, Frag: 40% external, 0% internal; Reserve: 25600K, Max: 256K
[83.118s][info][gc,start      ] GC(201) Concurrent reset
[83.118s][info][gc,task       ] GC(201) Using 1 of 1 workers for concurrent reset
[83.118s][info][gc,ergo       ] GC(201) Pacer for Reset. Non-Taxable: 500M
[83.118s][info][gc            ] GC(201) Concurrent reset 0.395ms
[83.121s][info][gc,start      ] GC(201) Pause Init Mark
[83.121s][info][gc,task       ] GC(201) Using 1 of 1 workers for init marking
[83.123s][info][gc,ergo       ] GC(201) Pacer for Mark. Expected Live: 63388K, Free: 204M, Non-Taxable: 20940K, Alloc Tax Rate: 0.4x
[83.123s][info][gc            ] GC(201) Pause Init Mark 2.021ms
[83.123s][info][gc,start      ] GC(201) Concurrent marking
[83.123s][info][gc,task       ] GC(201) Using 1 of 1 workers for concurrent marking
[83.226s][info][gc            ] GC(201) Concurrent marking 102.809ms
[83.226s][info][gc,start      ] GC(201) Pause Final Mark
[83.226s][info][gc,task       ] GC(201) Using 1 of 1 workers for final marking
[83.226s][info][gc,ergo       ] GC(201) Adaptive CSet Selection. Target Free: 72533K, Actual Free: 185M, Max CSet: 21333K, Min Garbage: 0B
[83.227s][info][gc,ergo       ] GC(201) Collectable Garbage: 178M (98%), Immediate: 2048K (1%), CSet: 176M (97%)
[83.230s][info][gc,ergo       ] GC(201) Pacer for Evacuation. Used CSet: 191M, Free: 161M, Non-Taxable: 16486K, Alloc Tax Rate: 2.9x
[83.230s][info][gc            ] GC(201) Pause Final Mark 4.026ms
[83.234s][info][gc,start      ] GC(201) Concurrent cleanup
[83.234s][info][gc            ] GC(201) Concurrent cleanup 321M->319M(500M) 0.080ms
[83.234s][info][gc,ergo       ] GC(201) Free: 154M, Max: 256K regular, 99328K humongous, Frag: 38% external, 1% internal; Reserve: 25593K, Max: 256K
[83.234s][info][gc,start      ] GC(201) Concurrent evacuation
[83.234s][info][gc,task       ] GC(201) Using 1 of 1 workers for concurrent evacuation
[83.265s][info][gc            ] GC(201) Concurrent evacuation 30.868ms
[83.269s][info][gc,start      ] GC(201) Pause Init Update Refs
[83.269s][info][gc,ergo       ] GC(201) Pacer for Update Refs. Used: 364M, Free: 124M, Non-Taxable: 12697K, Alloc Tax Rate: 3.6x
[83.269s][info][gc            ] GC(201) Pause Init Update Refs 0.050ms
[83.269s][info][gc,start      ] GC(201) Concurrent update references
[83.269s][info][gc,task       ] GC(201) Using 1 of 1 workers for concurrent reference update
[83.412s][info][gc            ] GC(201) Concurrent update references 143.505ms
[83.413s][info][gc,start      ] GC(201) Pause Final Update Refs
[83.413s][info][gc,task       ] GC(201) Using 1 of 1 workers for final reference update
[83.413s][info][gc            ] GC(201) Pause Final Update Refs 0.603ms
[83.413s][info][gc,start      ] GC(201) Concurrent cleanup
[83.413s][info][gc            ] GC(201) Concurrent cleanup 467M->276M(500M) 0.069ms
[83.413s][info][gc,ergo       ] Free: 197M, Max: 256K regular, 81408K humongous, Frag: 60% external, 1% internal; Reserve: 25600K, Max: 256K
[83.413s][info][gc,stats      ] 
[83.413s][info][gc,stats      ] All times are wall-clock times, except per-root-class counters, that are sum over
[83.413s][info][gc,stats      ] all workers. Dividing the <total> over the root stage time estimates parallelism.
[83.413s][info][gc,stats      ] 
[83.413s][info][gc,stats      ] Concurrent Reset                    386 us
[83.413s][info][gc,stats      ] Pause Init Mark (G)                4416 us
[83.413s][info][gc,stats      ] Pause Init Mark (N)                1994 us
[83.413s][info][gc,stats      ]   Accumulate Stats                   21 us
[83.413s][info][gc,stats      ]   Make Parsable                      19 us
[83.413s][info][gc,stats      ]   Update Region States               22 us
[83.413s][info][gc,stats      ]   Scan Roots                       1833 us, parallelism: 0.84x
[83.414s][info][gc,stats      ]     S: <total>                     1543 us
[83.414s][info][gc,stats      ]     S: Thread Roots                1012 us, workers (us): 1012, 
[83.414s][info][gc,stats      ]     S: Universe Roots                 2 us, workers (us):   2, 
[83.414s][info][gc,stats      ]     S: JNI Handles Roots              1 us, workers (us):   1, 
[83.414s][info][gc,stats      ]     S: Synchronizer Roots             0 us, workers (us):   0, 
[83.414s][info][gc,stats      ]     S: Management Roots               2 us, workers (us):   2, 
[83.414s][info][gc,stats      ]     S: System Dict Roots             11 us, workers (us):  11, 
[83.414s][info][gc,stats      ]     S: CLDG Roots                   514 us, workers (us): 514, 
[83.414s][info][gc,stats      ]     S: JVMTI Roots                    0 us, workers (us):   0, 
[83.414s][info][gc,stats      ]   Resize TLABs                       24 us
[83.414s][info][gc,stats      ] Concurrent Marking               102790 us
[83.414s][info][gc,stats      ] Pause Final Mark (G)               8544 us
[83.414s][info][gc,stats      ] Pause Final Mark (N)               4013 us
[83.414s][info][gc,stats      ]   Finish Queues                      16 us
[83.414s][info][gc,stats      ]   System Purge                      326 us
[83.414s][info][gc,stats      ]     Weak Roots                      325 us
[83.414s][info][gc,stats      ]   Update Region States               29 us
[83.414s][info][gc,stats      ]   Retire TLABs                       16 us
[83.414s][info][gc,stats      ]   Choose Collection Set             319 us
[83.414s][info][gc,stats      ]   Rebuild Free Set                   10 us
[83.414s][info][gc,stats      ]   Initial Evacuation               3289 us, parallelism: 0.77x
[83.414s][info][gc,stats      ]     E: <total>                     2532 us
[83.414s][info][gc,stats      ]     E: Thread Roots                1551 us, workers (us): 1551, 
[83.414s][info][gc,stats      ]     E: Code Cache Roots             340 us, workers (us): 340, 
[83.414s][info][gc,stats      ]     E: Universe Roots                 1 us, workers (us):   1, 
[83.414s][info][gc,stats      ]     E: JNI Handles Roots              1 us, workers (us):   1, 
[83.414s][info][gc,stats      ]     E: Synchronizer Roots             0 us, workers (us):   0, 
[83.414s][info][gc,stats      ]     E: Management Roots               2 us, workers (us):   2, 
[83.414s][info][gc,stats      ]     E: System Dict Roots             10 us, workers (us):  10, 
[83.414s][info][gc,stats      ]     E: CLDG Roots                   626 us, workers (us): 626, 
[83.414s][info][gc,stats      ]     E: JVMTI Roots                    1 us, workers (us):   1, 
[83.414s][info][gc,stats      ] Concurrent Cleanup                   34 us
[83.414s][info][gc,stats      ] Concurrent Evacuation             30854 us
[83.414s][info][gc,stats      ] Pause Init  Update Refs (G)        3662 us
[83.414s][info][gc,stats      ] Pause Init  Update Refs (N)          19 us
[83.414s][info][gc,stats      ]   Retire GCLABs                      11 us
[83.414s][info][gc,stats      ] Concurrent Update Refs           143492 us
[83.414s][info][gc,stats      ] Pause Final Update Refs (G)         915 us
[83.414s][info][gc,stats      ] Pause Final Update Refs (N)         591 us
[83.414s][info][gc,stats      ]   Update Roots                      545 us, parallelism: 0.98x
[83.414s][info][gc,stats      ]     UR: <total>                     535 us
[83.414s][info][gc,stats      ]     UR: Thread Roots                535 us, workers (us): 535, 
[83.414s][info][gc,stats      ]   Update Region States               27 us
[83.414s][info][gc,stats      ]   Trash Collection Set                4 us
[83.414s][info][gc,stats      ]   Rebuild Free Set                    7 us
[83.414s][info][gc,stats      ] Concurrent Cleanup                   62 us
[83.414s][info][gc,stats      ] Pacing                           137610 us
[83.414s][info][gc,stats      ] 
[83.414s][info][gc,stats      ] Allocation pacing accrued:
[83.414s][info][gc,stats      ]      13 of   304 ms (  4.2%): Spark Context Cleaner
[83.414s][info][gc,stats      ]     125 of   304 ms ( 41.1%): Executor task launch worker for task 0.0 in stage 22.0 (TID 22)
[83.414s][info][gc,stats      ]     138 of   304 ms ( 45.3%): <total>
[83.414s][info][gc,stats      ]       1 of   304 ms (  0.2%): <average total>
[83.414s][info][gc,stats      ]      69 of   304 ms ( 22.6%): <average non-zero>
[83.414s][info][gc,stats      ] 
[83.414s][info][gc,metaspace  ] Metaspace: 60896K->60896K(1103872K)
[83.414s][info][gc,ergo       ] Pacer for Idle. Initial: 10240K, Alloc Tax Rate: 1.0x
[83.444s][info][gc            ] Trigger: Average GC time (245.82 ms) is above the time for allocation rate (634 MB/s) to deplete free headroom (151M)
[83.444s][info][gc,ergo       ] Free headroom: 176M (free) - 25600K (spike) - 0B (penalties) = 151M
[83.444s][info][gc,ergo       ] Free: 176M, Max: 256K regular, 81408K humongous, Frag: 56% external, 1% internal; Reserve: 25600K, Max: 256K
[83.444s][info][gc,start      ] GC(202) Concurrent reset
[83.444s][info][gc,task       ] GC(202) Using 1 of 1 workers for concurrent reset
[83.444s][info][gc,ergo       ] GC(202) Pacer for Reset. Non-Taxable: 500M
[83.445s][info][gc            ] GC(202) Concurrent reset 0.410ms
[83.447s][info][gc,start      ] GC(202) Pause Init Mark
[83.447s][info][gc,task       ] GC(202) Using 1 of 1 workers for init marking
[83.449s][info][gc,ergo       ] GC(202) Pacer for Mark. Expected Live: 58625K, Free: 176M, Non-Taxable: 18099K, Alloc Tax Rate: 0.4x
[83.449s][info][gc            ] GC(202) Pause Init Mark 1.657ms
[83.449s][info][gc,start      ] GC(202) Concurrent marking
[83.449s][info][gc,task       ] GC(202) Using 1 of 1 workers for concurrent marking
[83.550s][info][gc            ] GC(202) Concurrent marking 101.051ms
[83.550s][info][gc,start      ] GC(202) Pause Final Mark
[83.550s][info][gc,task       ] GC(202) Using 1 of 1 workers for final marking
[83.550s][info][gc,ergo       ] GC(202) Adaptive CSet Selection. Target Free: 72533K, Actual Free: 160M, Max CSet: 21333K, Min Garbage: 0B
[83.551s][info][gc,ergo       ] GC(202) Collectable Garbage: 191M (99%), Immediate: 0B (0%), CSet: 191M (99%)
[83.553s][info][gc,ergo       ] GC(202) Pacer for Evacuation. Used CSet: 207M, Free: 135M, Non-Taxable: 13849K, Alloc Tax Rate: 3.7x
[83.553s][info][gc            ] GC(202) Pause Final Mark 2.938ms
[83.559s][info][gc,start      ] GC(202) Concurrent cleanup
[83.559s][info][gc            ] GC(202) Concurrent cleanup 349M->349M(500M) 0.076ms
[83.559s][info][gc,ergo       ] GC(202) Free: 124M, Max: 256K regular, 69376K humongous, Frag: 46% external, 1% internal; Reserve: 25600K, Max: 256K
[83.559s][info][gc,start      ] GC(202) Concurrent evacuation
[83.559s][info][gc,task       ] GC(202) Using 1 of 1 workers for concurrent evacuation
[83.593s][info][gc            ] GC(202) Concurrent evacuation 34.544ms
[83.597s][info][gc,start      ] GC(202) Pause Init Update Refs
[83.597s][info][gc,ergo       ] GC(202) Pacer for Update Refs. Used: 399M, Free: 92160K, Non-Taxable: 9216K, Alloc Tax Rate: 5.4x
[83.597s][info][gc            ] GC(202) Pause Init Update Refs 0.079ms
[83.597s][info][gc,start      ] GC(202) Concurrent update references
[83.597s][info][gc,task       ] GC(202) Using 1 of 1 workers for concurrent reference update
[83.728s][info][gc            ] GC(202) Concurrent update references 130.849ms
[83.728s][info][gc,start      ] GC(202) Pause Final Update Refs
[83.728s][info][gc,task       ] GC(202) Using 1 of 1 workers for final reference update
[83.729s][info][gc            ] GC(202) Pause Final Update Refs 0.612ms
[83.729s][info][gc,start      ] GC(202) Concurrent cleanup
[83.729s][info][gc            ] GC(202) Concurrent cleanup 473M->266M(500M) 0.071ms
[83.729s][info][gc,ergo       ] Free: 207M, Max: 256K regular, 128M humongous, Frag: 39% external, 1% internal; Reserve: 25600K, Max: 256K
[83.729s][info][gc,stats      ] 
[83.729s][info][gc,stats      ] All times are wall-clock times, except per-root-class counters, that are sum over
[83.729s][info][gc,stats      ] all workers. Dividing the <total> over the root stage time estimates parallelism.
[83.729s][info][gc,stats      ] 
[83.729s][info][gc,stats      ] Concurrent Reset                    400 us
[83.729s][info][gc,stats      ] Pause Init Mark (G)                3981 us
[83.729s][info][gc,stats      ] Pause Init Mark (N)                1598 us
[83.729s][info][gc,stats      ]   Accumulate Stats                   32 us
[83.729s][info][gc,stats      ]   Make Parsable                      14 us
[83.729s][info][gc,stats      ]   Update Region States               34 us
[83.729s][info][gc,stats      ]   Scan Roots                       1444 us, parallelism: 0.81x
[83.729s][info][gc,stats      ]     S: <total>                     1172 us
[83.729s][info][gc,stats      ]     S: Thread Roots                 617 us, workers (us): 617, 
[83.729s][info][gc,stats      ]     S: Universe Roots                 2 us, workers (us):   2, 
[83.729s][info][gc,stats      ]     S: JNI Handles Roots              2 us, workers (us):   2, 
[83.729s][info][gc,stats      ]     S: Synchronizer Roots             0 us, workers (us):   0, 
[83.729s][info][gc,stats      ]     S: Management Roots               2 us, workers (us):   2, 
[83.729s][info][gc,stats      ]     S: System Dict Roots             11 us, workers (us):  11, 
[83.729s][info][gc,stats      ]     S: CLDG Roots                   537 us, workers (us): 537, 
[83.729s][info][gc,stats      ]     S: JVMTI Roots                    1 us, workers (us):   1, 
[83.729s][info][gc,stats      ]   Resize TLABs                       13 us
[83.729s][info][gc,stats      ] Concurrent Marking               101041 us
[83.729s][info][gc,stats      ] Pause Final Mark (G)               8709 us
[83.729s][info][gc,stats      ] Pause Final Mark (N)               2926 us
[83.729s][info][gc,stats      ]   Finish Queues                      17 us
[83.729s][info][gc,stats      ]   System Purge                      248 us
[83.729s][info][gc,stats      ]     Weak Roots                      248 us
[83.729s][info][gc,stats      ]   Update Region States               27 us
[83.729s][info][gc,stats      ]   Retire TLABs                       22 us
[83.729s][info][gc,stats      ]   Choose Collection Set             130 us
[83.729s][info][gc,stats      ]   Rebuild Free Set                    6 us
[83.729s][info][gc,stats      ]   Initial Evacuation               2469 us, parallelism: 0.71x
[83.729s][info][gc,stats      ]     E: <total>                     1765 us
[83.729s][info][gc,stats      ]     E: Thread Roots                 731 us, workers (us): 731, 
[83.729s][info][gc,stats      ]     E: Code Cache Roots             410 us, workers (us): 410, 
[83.729s][info][gc,stats      ]     E: Universe Roots                 1 us, workers (us):   1, 
[83.729s][info][gc,stats      ]     E: JNI Handles Roots              1 us, workers (us):   1, 
[83.729s][info][gc,stats      ]     E: Synchronizer Roots             0 us, workers (us):   0, 
[83.729s][info][gc,stats      ]     E: Management Roots               1 us, workers (us):   1, 
[83.729s][info][gc,stats      ]     E: System Dict Roots             10 us, workers (us):  10, 
[83.729s][info][gc,stats      ]     E: CLDG Roots                   611 us, workers (us): 611, 
[83.729s][info][gc,stats      ]     E: JVMTI Roots                    0 us, workers (us):   0, 
[83.729s][info][gc,stats      ] Concurrent Cleanup                   33 us
[83.729s][info][gc,stats      ] Concurrent Evacuation             34530 us
[83.729s][info][gc,stats      ] Pause Init  Update Refs (G)        3790 us
[83.729s][info][gc,stats      ] Pause Init  Update Refs (N)          30 us
[83.729s][info][gc,stats      ]   Retire GCLABs                      13 us
[83.729s][info][gc,stats      ] Concurrent Update Refs           130829 us
[83.729s][info][gc,stats      ] Pause Final Update Refs (G)         925 us
[83.729s][info][gc,stats      ] Pause Final Update Refs (N)         592 us
[83.729s][info][gc,stats      ]   Update Roots                      544 us, parallelism: 0.98x
[83.729s][info][gc,stats      ]     UR: <total>                     534 us
[83.729s][info][gc,stats      ]     UR: Thread Roots                534 us, workers (us): 534, 
[83.729s][info][gc,stats      ]   Update Region States               28 us
[83.729s][info][gc,stats      ]   Trash Collection Set                4 us
[83.729s][info][gc,stats      ]   Rebuild Free Set                    7 us
[83.729s][info][gc,stats      ] Concurrent Cleanup                   64 us
[83.729s][info][gc,stats      ] Pacing                           125024 us
[83.729s][info][gc,stats      ] 
[83.729s][info][gc,stats      ] Allocation pacing accrued:
[83.729s][info][gc,stats      ]     125 of   316 ms ( 39.6%): Executor task launch worker for task 0.0 in stage 22.0 (TID 22)
[83.729s][info][gc,stats      ]     125 of   316 ms ( 39.6%): <total>
[83.729s][info][gc,stats      ]       1 of   316 ms (  0.2%): <average total>
[83.729s][info][gc,stats      ]     125 of   316 ms ( 39.6%): <average non-zero>
[83.729s][info][gc,stats      ] 
[83.729s][info][gc,metaspace  ] Metaspace: 60896K->60896K(1103872K)
[83.729s][info][gc,ergo       ] Pacer for Idle. Initial: 10240K, Alloc Tax Rate: 1.0x
[83.746s][info][gc            ] Trigger: Average GC time (277.93 ms) is above the time for allocation rate (594 MB/s) to deplete free headroom (163M)
[83.746s][info][gc,ergo       ] Free headroom: 188M (free) - 25600K (spike) - 0B (penalties) = 163M
[83.746s][info][gc,ergo       ] Free: 188M, Max: 256K regular, 128M humongous, Frag: 33% external, 1% internal; Reserve: 25600K, Max: 256K
[83.746s][info][gc,start      ] GC(203) Concurrent reset
[83.746s][info][gc,task       ] GC(203) Using 1 of 1 workers for concurrent reset
[83.746s][info][gc,ergo       ] GC(203) Pacer for Reset. Non-Taxable: 500M
[83.747s][info][gc            ] GC(203) Concurrent reset 0.458ms
[83.749s][info][gc,start      ] GC(203) Pause Init Mark
[83.749s][info][gc,task       ] GC(203) Using 1 of 1 workers for init marking
[83.751s][info][gc,ergo       ] GC(203) Pacer for Mark. Expected Live: 74089K, Free: 188M, Non-Taxable: 19302K, Alloc Tax Rate: 0.5x
[83.751s][info][gc            ] GC(203) Pause Init Mark 1.650ms
[83.751s][info][gc,start      ] GC(203) Concurrent marking
[83.751s][info][gc,task       ] GC(203) Using 1 of 1 workers for concurrent marking
[83.901s][info][gc            ] GC(203) Concurrent marking 149.663ms
[83.910s][info][gc,start      ] GC(203) Pause Final Mark
[83.910s][info][gc,task       ] GC(203) Using 1 of 1 workers for final marking
[83.910s][info][gc,ergo       ] GC(203) Adaptive CSet Selection. Target Free: 72533K, Actual Free: 169M, Max CSet: 21333K, Min Garbage: 0B
[83.910s][info][gc,ergo       ] GC(203) Collectable Garbage: 165M (98%), Immediate: 0B (0%), CSet: 165M (98%)
[83.912s][info][gc,ergo       ] GC(203) Pacer for Evacuation. Used CSet: 179M, Free: 144M, Non-Taxable: 14745K, Alloc Tax Rate: 3.0x
[83.912s][info][gc            ] GC(203) Pause Final Mark 2.456ms
[83.912s][info][gc,start      ] GC(203) Concurrent cleanup
[83.912s][info][gc            ] GC(203) Concurrent cleanup 329M->329M(500M) 0.044ms
[83.912s][info][gc,ergo       ] GC(203) Free: 144M, Max: 256K regular, 107M humongous, Frag: 26% external, 1% internal; Reserve: 25600K, Max: 256K
[83.912s][info][gc,start      ] GC(203) Concurrent evacuation
[83.912s][info][gc,task       ] GC(203) Using 1 of 1 workers for concurrent evacuation
[83.937s][info][gc            ] GC(203) Concurrent evacuation 25.053ms
[83.940s][info][gc,start      ] GC(203) Pause Init Update Refs
[83.940s][info][gc,ergo       ] GC(203) Pacer for Update Refs. Used: 352M, Free: 134M, Non-Taxable: 13798K, Alloc Tax Rate: 3.2x
[83.940s][info][gc            ] GC(203) Pause Init Update Refs 0.036ms
[83.940s][info][gc,start      ] GC(203) Concurrent update references
[83.940s][info][gc,task       ] GC(203) Using 1 of 1 workers for concurrent reference update
[84.142s][info][gc            ] GC(203) Concurrent update references 202.378ms
[84.146s][info][gc,start      ] GC(203) Pause Final Update Refs
[84.146s][info][gc,task       ] GC(203) Using 1 of 1 workers for final reference update
[84.146s][info][gc            ] GC(203) Pause Final Update Refs 0.592ms
[84.147s][info][gc,start      ] GC(203) Concurrent cleanup
[84.147s][info][gc            ] GC(203) Concurrent cleanup 436M->256M(500M) 0.068ms
[84.147s][info][gc,ergo       ] Free: 217M, Max: 256K regular, 162M humongous, Frag: 26% external, 1% internal; Reserve: 25600K, Max: 256K
[84.147s][info][gc,stats      ] 
[84.147s][info][gc,stats      ] All times are wall-clock times, except per-root-class counters, that are sum over
[84.147s][info][gc,stats      ] all workers. Dividing the <total> over the root stage time estimates parallelism.
[84.147s][info][gc,stats      ] 
[84.147s][info][gc,stats      ] Concurrent Reset                    445 us
[84.147s][info][gc,stats      ] Pause Init Mark (G)                4052 us
[84.147s][info][gc,stats      ] Pause Init Mark (N)                1615 us
[84.147s][info][gc,stats      ]   Accumulate Stats                   29 us
[84.147s][info][gc,stats      ]   Make Parsable                      14 us
[84.147s][info][gc,stats      ]   Update Region States               30 us
[84.147s][info][gc,stats      ]   Scan Roots                       1486 us, parallelism: 0.82x
[84.147s][info][gc,stats      ]     S: <total>                     1212 us
[84.147s][info][gc,stats      ]     S: Thread Roots                 609 us, workers (us): 609, 
[84.147s][info][gc,stats      ]     S: Universe Roots                 2 us, workers (us):   2, 
[84.147s][info][gc,stats      ]     S: JNI Handles Roots              1 us, workers (us):   1, 
[84.147s][info][gc,stats      ]     S: Synchronizer Roots             0 us, workers (us):   0, 
[84.147s][info][gc,stats      ]     S: Management Roots               2 us, workers (us):   2, 
[84.147s][info][gc,stats      ]     S: System Dict Roots             11 us, workers (us):  11, 
[84.147s][info][gc,stats      ]     S: CLDG Roots                   586 us, workers (us): 586, 
[84.147s][info][gc,stats      ]     S: JVMTI Roots                    0 us, workers (us):   0, 
[84.147s][info][gc,stats      ]   Resize TLABs                       17 us
[84.147s][info][gc,stats      ] Concurrent Marking               149654 us
[84.147s][info][gc,stats      ] Pause Final Mark (G)              11770 us
[84.147s][info][gc,stats      ] Pause Final Mark (N)               2415 us
[84.147s][info][gc,stats      ]   Finish Queues                      28 us
[84.147s][info][gc,stats      ]   System Purge                      289 us
[84.147s][info][gc,stats      ]     Weak Roots                      289 us
[84.147s][info][gc,stats      ]   Update Region States               29 us
[84.147s][info][gc,stats      ]   Retire TLABs                       23 us
[84.147s][info][gc,stats      ]   Choose Collection Set             161 us
[84.147s][info][gc,stats      ]   Rebuild Free Set                    7 us
[84.147s][info][gc,stats      ]   Initial Evacuation               1869 us, parallelism: 0.68x
[84.147s][info][gc,stats      ]     E: <total>                     1268 us
[84.147s][info][gc,stats      ]     E: Thread Roots                 562 us, workers (us): 562, 
[84.147s][info][gc,stats      ]     E: Code Cache Roots             227 us, workers (us): 227, 
[84.147s][info][gc,stats      ]     E: Universe Roots                 1 us, workers (us):   1, 
[84.147s][info][gc,stats      ]     E: JNI Handles Roots              1 us, workers (us):   1, 
[84.147s][info][gc,stats      ]     E: Synchronizer Roots             1 us, workers (us):   1, 
[84.147s][info][gc,stats      ]     E: Management Roots               1 us, workers (us):   1, 
[84.147s][info][gc,stats      ]     E: System Dict Roots             10 us, workers (us):  10, 
[84.147s][info][gc,stats      ]     E: CLDG Roots                   465 us, workers (us): 465, 
[84.147s][info][gc,stats      ]     E: JVMTI Roots                    0 us, workers (us):   0, 
[84.147s][info][gc,stats      ] Concurrent Cleanup                   33 us
[84.147s][info][gc,stats      ] Concurrent Evacuation             25040 us
[84.147s][info][gc,stats      ] Pause Init  Update Refs (G)        2357 us
[84.147s][info][gc,stats      ] Pause Init  Update Refs (N)          18 us
[84.147s][info][gc,stats      ]   Retire GCLABs                      10 us
[84.147s][info][gc,stats      ] Concurrent Update Refs           202365 us
[84.147s][info][gc,stats      ] Pause Final Update Refs (G)        4129 us
[84.147s][info][gc,stats      ] Pause Final Update Refs (N)         556 us
[84.147s][info][gc,stats      ]   Update Roots                      505 us, parallelism: 0.98x
[84.147s][info][gc,stats      ]     UR: <total>                     497 us
[84.147s][info][gc,stats      ]     UR: Thread Roots                497 us, workers (us): 497, 
[84.147s][info][gc,stats      ]   Update Region States               30 us
[84.147s][info][gc,stats      ]   Trash Collection Set                4 us
[84.147s][info][gc,stats      ]   Rebuild Free Set                    8 us
[84.147s][info][gc,stats      ] Concurrent Cleanup                   60 us
[84.147s][info][gc,stats      ] Pacing                            80127 us
[84.147s][info][gc,stats      ] 
[84.147s][info][gc,stats      ] Allocation pacing accrued:
[84.147s][info][gc,stats      ]      13 of   418 ms (  3.0%): RemoteBlock-temp-file-clean-thread
[84.147s][info][gc,stats      ]      67 of   418 ms ( 16.2%): Executor task launch worker for task 0.0 in stage 22.0 (TID 22)
[84.147s][info][gc,stats      ]      80 of   418 ms ( 19.2%): <total>
[84.147s][info][gc,stats      ]       0 of   418 ms (  0.1%): <average total>
[84.147s][info][gc,stats      ]      40 of   418 ms (  9.6%): <average non-zero>
[84.147s][info][gc,stats      ] 
[84.147s][info][gc,metaspace  ] Metaspace: 60896K->60911K(1103872K)
[84.147s][info][gc,ergo       ] Pacer for Idle. Initial: 10240K, Alloc Tax Rate: 1.0x
[84.218s][info][gc            ] Trigger: Average GC time (311.87 ms) is above the time for allocation rate (421 MB/s) to deplete free headroom (130M)
[84.218s][info][gc,ergo       ] Free headroom: 155M (free) - 25600K (spike) - 0B (penalties) = 130M
[84.218s][info][gc,ergo       ] Free: 155M, Max: 256K regular, 155M humongous, Frag: 0% external, 1% internal; Reserve: 25600K, Max: 256K
[84.218s][info][gc,start      ] GC(204) Concurrent reset
[84.218s][info][gc,task       ] GC(204) Using 1 of 1 workers for concurrent reset
[84.218s][info][gc,ergo       ] GC(204) Pacer for Reset. Non-Taxable: 500M
[84.219s][info][gc            ] GC(204) Concurrent reset 0.468ms
[84.222s][info][gc,start      ] GC(204) Pause Init Mark
[84.222s][info][gc,task       ] GC(204) Using 1 of 1 workers for init marking
[84.224s][info][gc,ergo       ] GC(204) Pacer for Mark. Expected Live: 89729K, Free: 155M, Non-Taxable: 15948K, Alloc Tax Rate: 0.7x
[84.224s][info][gc            ] GC(204) Pause Init Mark 1.881ms
[84.224s][info][gc,start      ] GC(204) Concurrent marking
[84.224s][info][gc,task       ] GC(204) Using 1 of 1 workers for concurrent marking
[84.337s][info][gc            ] GC(204) Concurrent marking 112.694ms
[84.337s][info][gc,start      ] GC(204) Pause Final Mark
[84.337s][info][gc,task       ] GC(204) Using 1 of 1 workers for final marking
[84.337s][info][gc,ergo       ] GC(204) Adaptive CSet Selection. Target Free: 72533K, Actual Free: 317M, Max CSet: 21333K, Min Garbage: 0B
[84.338s][info][gc,ergo       ] GC(204) Collectable Garbage: 196M (99%), Immediate: 166M (83%), CSet: 30816K (15%)
[84.339s][info][gc,ergo       ] GC(204) Pacer for Evacuation. Used CSet: 33280K, Free: 292M, Non-Taxable: 29977K, Alloc Tax Rate: 1.1x
[84.339s][info][gc            ] GC(204) Pause Final Mark 2.418ms
[84.340s][info][gc,start      ] GC(204) Concurrent cleanup
[84.340s][info][gc            ] GC(204) Concurrent cleanup 347M->181M(500M) 0.069ms
[84.340s][info][gc,ergo       ] GC(204) Free: 292M, Max: 256K regular, 126M humongous, Frag: 57% external, 1% internal; Reserve: 25597K, Max: 256K
[84.340s][info][gc,start      ] GC(204) Concurrent evacuation
[84.340s][info][gc,task       ] GC(204) Using 1 of 1 workers for concurrent evacuation
[84.347s][info][gc            ] GC(204) Concurrent evacuation 7.428ms
[84.351s][info][gc,start      ] GC(204) Pause Init Update Refs
[84.351s][info][gc,ergo       ] GC(204) Pacer for Update Refs. Used: 187M, Free: 288M, Non-Taxable: 29542K, Alloc Tax Rate: 1.1x
[84.351s][info][gc            ] GC(204) Pause Init Update Refs 0.046ms
[84.351s][info][gc,start      ] GC(204) Concurrent update references
[84.351s][info][gc,task       ] GC(204) Using 1 of 1 workers for concurrent reference update
[84.509s][info][gc            ] GC(204) Concurrent update references 158.198ms
[84.511s][info][gc,start      ] GC(204) Pause Final Update Refs
[84.511s][info][gc,task       ] GC(204) Using 1 of 1 workers for final reference update
[84.512s][info][gc            ] GC(204) Pause Final Update Refs 0.592ms
[84.512s][info][gc,start      ] GC(204) Concurrent cleanup
[84.512s][info][gc            ] GC(204) Concurrent cleanup 255M->222M(500M) 0.045ms
[84.512s][info][gc,ergo       ] Free: 251M, Max: 256K regular, 124M humongous, Frag: 51% external, 1% internal; Reserve: 25600K, Max: 256K
[84.512s][info][gc,stats      ] 
[84.512s][info][gc,stats      ] All times are wall-clock times, except per-root-class counters, that are sum over
[84.512s][info][gc,stats      ] all workers. Dividing the <total> over the root stage time estimates parallelism.
[84.512s][info][gc,stats      ] 
[84.512s][info][gc,stats      ] Concurrent Reset                    457 us
[84.512s][info][gc,stats      ] Pause Init Mark (G)                5397 us
[84.512s][info][gc,stats      ] Pause Init Mark (N)                1823 us
[84.512s][info][gc,stats      ]   Accumulate Stats                   27 us
[84.512s][info][gc,stats      ]   Make Parsable                      19 us
[84.512s][info][gc,stats      ]   Update Region States               42 us
[84.512s][info][gc,stats      ]   Scan Roots                       1645 us, parallelism: 0.82x
[84.512s][info][gc,stats      ]     S: <total>                     1357 us
[84.512s][info][gc,stats      ]     S: Thread Roots                 711 us, workers (us): 711, 
[84.512s][info][gc,stats      ]     S: Universe Roots                 2 us, workers (us):   2, 
[84.512s][info][gc,stats      ]     S: JNI Handles Roots              2 us, workers (us):   2, 
[84.512s][info][gc,stats      ]     S: Synchronizer Roots             0 us, workers (us):   0, 
[84.512s][info][gc,stats      ]     S: Management Roots               2 us, workers (us):   2, 
[84.512s][info][gc,stats      ]     S: System Dict Roots             14 us, workers (us):  14, 
[84.512s][info][gc,stats      ]     S: CLDG Roots                   626 us, workers (us): 626, 
[84.512s][info][gc,stats      ]     S: JVMTI Roots                    1 us, workers (us):   1, 
[84.512s][info][gc,stats      ]   Resize TLABs                       25 us
[84.512s][info][gc,stats      ] Concurrent Marking               112680 us
[84.512s][info][gc,stats      ] Pause Final Mark (G)               2591 us
[84.512s][info][gc,stats      ] Pause Final Mark (N)               2407 us
[84.512s][info][gc,stats      ]   Finish Queues                      13 us
[84.512s][info][gc,stats      ]   System Purge                      255 us
[84.512s][info][gc,stats      ]     Weak Roots                      255 us
[84.512s][info][gc,stats      ]   Update Region States               61 us
[84.512s][info][gc,stats      ]   Retire TLABs                       25 us
[84.512s][info][gc,stats      ]   Choose Collection Set              76 us
[84.512s][info][gc,stats      ]   Rebuild Free Set                    7 us
[84.512s][info][gc,stats      ]   Initial Evacuation               1963 us, parallelism: 0.68x
[84.512s][info][gc,stats      ]     E: <total>                     1331 us
[84.512s][info][gc,stats      ]     E: Thread Roots                 579 us, workers (us): 579, 
[84.512s][info][gc,stats      ]     E: Code Cache Roots             229 us, workers (us): 229, 
[84.512s][info][gc,stats      ]     E: Universe Roots                 1 us, workers (us):   1, 
[84.512s][info][gc,stats      ]     E: JNI Handles Roots              1 us, workers (us):   1, 
[84.512s][info][gc,stats      ]     E: Synchronizer Roots             0 us, workers (us):   0, 
[84.512s][info][gc,stats      ]     E: Management Roots               1 us, workers (us):   1, 
[84.512s][info][gc,stats      ]     E: System Dict Roots             10 us, workers (us):  10, 
[84.512s][info][gc,stats      ]     E: CLDG Roots                   510 us, workers (us): 510, 
[84.512s][info][gc,stats      ]     E: JVMTI Roots                    0 us, workers (us):   0, 
[84.512s][info][gc,stats      ] Concurrent Cleanup                   61 us
[84.512s][info][gc,stats      ] Concurrent Evacuation              7417 us
[84.512s][info][gc,stats      ] Pause Init  Update Refs (G)        3572 us
[84.512s][info][gc,stats      ] Pause Init  Update Refs (N)          19 us
[84.512s][info][gc,stats      ]   Retire GCLABs                      11 us
[84.512s][info][gc,stats      ] Concurrent Update Refs           158183 us
[84.512s][info][gc,stats      ] Pause Final Update Refs (G)        2911 us
[84.512s][info][gc,stats      ] Pause Final Update Refs (N)         544 us
[84.512s][info][gc,stats      ]   Update Roots                      497 us, parallelism: 0.98x
[84.512s][info][gc,stats      ]     UR: <total>                     489 us
[84.512s][info][gc,stats      ]     UR: Thread Roots                489 us, workers (us): 489, 
[84.512s][info][gc,stats      ]   Update Region States               27 us
[84.512s][info][gc,stats      ]   Trash Collection Set                2 us
[84.512s][info][gc,stats      ]   Rebuild Free Set                    7 us
[84.512s][info][gc,stats      ] Concurrent Cleanup                   38 us
[84.512s][info][gc,stats      ] Pacing                            45011 us
[84.512s][info][gc,stats      ] 
[84.512s][info][gc,stats      ] Allocation pacing accrued:
[84.512s][info][gc,stats      ]      45 of   365 ms ( 12.3%): Executor task launch worker for task 0.0 in stage 22.0 (TID 22)
[84.512s][info][gc,stats      ]      45 of   365 ms ( 12.3%): <total>
[84.512s][info][gc,stats      ]       0 of   365 ms (  0.1%): <average total>
[84.512s][info][gc,stats      ]      45 of   365 ms ( 12.3%): <average non-zero>
[84.512s][info][gc,stats      ] 
[84.512s][info][gc,metaspace  ] Metaspace: 60911K->60911K(1103872K)
[84.512s][info][gc,ergo       ] Pacer for Idle. Initial: 10240K, Alloc Tax Rate: 1.0x
[84.602s][info][gc            ] Trigger: Average GC time (310.99 ms) is above the time for allocation rate (473 MB/s) to deplete free headroom (145M)
[84.602s][info][gc,ergo       ] Free headroom: 170M (free) - 25600K (spike) - 0B (penalties) = 145M
[84.602s][info][gc,ergo       ] Free: 170M, Max: 256K regular, 124M humongous, Frag: 28% external, 1% internal; Reserve: 25600K, Max: 256K
[84.602s][info][gc,start      ] GC(205) Concurrent reset
[84.602s][info][gc,task       ] GC(205) Using 1 of 1 workers for concurrent reset
[84.602s][info][gc,ergo       ] GC(205) Pacer for Reset. Non-Taxable: 500M
[84.603s][info][gc            ] GC(205) Concurrent reset 0.236ms
[84.605s][info][gc,start      ] GC(205) Pause Init Mark (process weakrefs)
[84.605s][info][gc,task       ] GC(205) Using 1 of 1 workers for init marking
[84.606s][info][gc,ergo       ] GC(205) Pacer for Mark. Expected Live: 100M, Free: 170M, Non-Taxable: 17459K, Alloc Tax Rate: 0.7x
[84.607s][info][gc            ] GC(205) Pause Init Mark (process weakrefs) 1.663ms
[84.607s][info][gc,start      ] GC(205) Concurrent marking (process weakrefs)
[84.607s][info][gc,task       ] GC(205) Using 1 of 1 workers for concurrent marking
[84.713s][info][gc            ] GC(205) Concurrent marking (process weakrefs) 106.429ms
[84.713s][info][gc,start      ] GC(205) Concurrent precleaning
[84.713s][info][gc,task       ] GC(205) Using 1 of 1 workers for concurrent preclean
[84.713s][info][gc,ergo       ] GC(205) Pacer for Precleaning. Non-Taxable: 500M
[84.714s][info][gc            ] GC(205) Concurrent precleaning 0.549ms
[84.714s][info][gc,start      ] GC(205) Pause Final Mark (process weakrefs)
[84.714s][info][gc,task       ] GC(205) Using 1 of 1 workers for final marking
[84.714s][info][gc,ergo       ] GC(205) Collectable Garbage: 180M (98%), Immediate: 180M (98%), CSet: 0B (0%)
[84.714s][info][gc            ] GC(205) Pause Final Mark (process weakrefs) 0.392ms
[84.714s][info][gc,start      ] GC(205) Concurrent cleanup
[84.714s][info][gc            ] GC(205) Concurrent cleanup 333M->152M(500M) 0.067ms
[84.714s][info][gc,ergo       ] GC(205) Free: 321M, Max: 256K regular, 159M humongous, Frag: 51% external, 1% internal; Reserve: 25600K, Max: 256K
[84.714s][info][gc,ergo       ] Free: 321M, Max: 256K regular, 159M humongous, Frag: 51% external, 1% internal; Reserve: 25600K, Max: 256K
[84.714s][info][gc,stats      ] 
[84.714s][info][gc,stats      ] All times are wall-clock times, except per-root-class counters, that are sum over
[84.714s][info][gc,stats      ] all workers. Dividing the <total> over the root stage time estimates parallelism.
[84.714s][info][gc,stats      ] 
[84.714s][info][gc,stats      ] Concurrent Reset                    228 us
[84.714s][info][gc,stats      ] Pause Init Mark (G)                3982 us
[84.714s][info][gc,stats      ] Pause Init Mark (N)                1633 us
[84.714s][info][gc,stats      ]   Accumulate Stats                   22 us
[84.714s][info][gc,stats      ]   Make Parsable                      16 us
[84.714s][info][gc,stats      ]   Update Region States               23 us
[84.714s][info][gc,stats      ]   Scan Roots                       1512 us, parallelism: 0.80x
[84.714s][info][gc,stats      ]     S: <total>                     1208 us
[84.714s][info][gc,stats      ]     S: Thread Roots                 661 us, workers (us): 661, 
[84.714s][info][gc,stats      ]     S: Universe Roots                 2 us, workers (us):   2, 
[84.714s][info][gc,stats      ]     S: JNI Handles Roots              1 us, workers (us):   1, 
[84.714s][info][gc,stats      ]     S: Synchronizer Roots             0 us, workers (us):   0, 
[84.714s][info][gc,stats      ]     S: Management Roots               1 us, workers (us):   1, 
[84.714s][info][gc,stats      ]     S: System Dict Roots             10 us, workers (us):  10, 
[84.714s][info][gc,stats      ]     S: CLDG Roots                   531 us, workers (us): 531, 
[84.714s][info][gc,stats      ]     S: JVMTI Roots                    0 us, workers (us):   0, 
[84.714s][info][gc,stats      ]   Resize TLABs                       17 us
[84.714s][info][gc,stats      ] Concurrent Marking               106420 us
[84.714s][info][gc,stats      ] Concurrent Precleaning              535 us
[84.714s][info][gc,stats      ] Pause Final Mark (G)                562 us
[84.714s][info][gc,stats      ] Pause Final Mark (N)                384 us
[84.714s][info][gc,stats      ]   Finish Queues                      13 us
[84.714s][info][gc,stats      ]   Weak References                    16 us
[84.714s][info][gc,stats      ]     Process                          14 us
[84.714s][info][gc,stats      ]   System Purge                      283 us
[84.714s][info][gc,stats      ]     Weak Roots                      282 us
[84.714s][info][gc,stats      ]   Update Region States               26 us
[84.714s][info][gc,stats      ]   Retire TLABs                       19 us
[84.714s][info][gc,stats      ]   Choose Collection Set              15 us
[84.714s][info][gc,stats      ]   Rebuild Free Set                    7 us
[84.714s][info][gc,stats      ] Concurrent Cleanup                   60 us
[84.714s][info][gc,stats      ] Pacing                            50092 us
[84.714s][info][gc,stats      ] 
[84.714s][info][gc,stats      ] Allocation pacing accrued:
[84.714s][info][gc,stats      ]      13 of   202 ms (  6.3%): Spark Context Cleaner
[84.714s][info][gc,stats      ]      37 of   202 ms ( 18.5%): Executor task launch worker for task 0.0 in stage 22.0 (TID 22)
[84.714s][info][gc,stats      ]      50 of   202 ms ( 24.8%): <total>
[84.714s][info][gc,stats      ]       0 of   202 ms (  0.1%): <average total>
[84.714s][info][gc,stats      ]      25 of   202 ms ( 12.4%): <average non-zero>
[84.714s][info][gc,stats      ] 
[84.714s][info][gc,metaspace  ] Metaspace: 60911K->60911K(1103872K)
[84.714s][info][gc,ergo       ] Pacer for Idle. Initial: 10240K, Alloc Tax Rate: 1.0x
[84.876s][info][gc            ] Trigger: Average GC time (277.22 ms) is above the time for allocation rate (594 MB/s) to deplete free headroom (163M)
[84.876s][info][gc,ergo       ] Free headroom: 188M (free) - 25600K (spike) - 0B (penalties) = 163M
[84.876s][info][gc,ergo       ] Free: 188M, Max: 256K regular, 159M humongous, Frag: 16% external, 1% internal; Reserve: 25600K, Max: 256K
[84.876s][info][gc,start      ] GC(206) Concurrent reset
[84.876s][info][gc,task       ] GC(206) Using 1 of 1 workers for concurrent reset
[84.876s][info][gc,ergo       ] GC(206) Pacer for Reset. Non-Taxable: 500M
[84.876s][info][gc            ] GC(206) Concurrent reset 0.215ms
[84.879s][info][gc,start      ] GC(206) Pause Init Mark
[84.879s][info][gc,task       ] GC(206) Using 1 of 1 workers for init marking
[84.880s][info][gc,ergo       ] GC(206) Pacer for Mark. Expected Live: 109M, Free: 188M, Non-Taxable: 19328K, Alloc Tax Rate: 0.7x
[84.880s][info][gc            ] GC(206) Pause Init Mark 1.917ms
[84.880s][info][gc,start      ] GC(206) Concurrent marking
[84.880s][info][gc,task       ] GC(206) Using 1 of 1 workers for concurrent marking
[84.982s][info][gc            ] GC(206) Concurrent marking 101.453ms
[84.982s][info][gc,start      ] GC(206) Pause Final Mark
[84.982s][info][gc,task       ] GC(206) Using 1 of 1 workers for final marking
[84.983s][info][gc,ergo       ] GC(206) Collectable Garbage: 162M (98%), Immediate: 162M (98%), CSet: 0B (0%)
[84.983s][info][gc            ] GC(206) Pause Final Mark 0.456ms
[84.986s][info][gc,start      ] GC(206) Concurrent cleanup
[84.986s][info][gc            ] GC(206) Concurrent cleanup 317M->158M(500M) 0.072ms
[84.986s][info][gc,ergo       ] GC(206) Free: 315M, Max: 256K regular, 156M humongous, Frag: 51% external, 0% internal; Reserve: 25600K, Max: 256K
[84.986s][info][gc,ergo       ] Free: 315M, Max: 256K regular, 156M humongous, Frag: 51% external, 0% internal; Reserve: 25600K, Max: 256K
[84.986s][info][gc,stats      ] 
[84.986s][info][gc,stats      ] All times are wall-clock times, except per-root-class counters, that are sum over
[84.986s][info][gc,stats      ] all workers. Dividing the <total> over the root stage time estimates parallelism.
[84.986s][info][gc,stats      ] 
[84.986s][info][gc,stats      ] Concurrent Reset                    206 us
[84.986s][info][gc,stats      ] Pause Init Mark (G)                4280 us
[84.986s][info][gc,stats      ] Pause Init Mark (N)                1868 us
[84.986s][info][gc,stats      ]   Accumulate Stats                   24 us
[84.986s][info][gc,stats      ]   Make Parsable                      16 us
[84.986s][info][gc,stats      ]   Update Region States               39 us
[84.986s][info][gc,stats      ]   Scan Roots                       1697 us, parallelism: 0.78x
[84.986s][info][gc,stats      ]     S: <total>                     1316 us
[84.986s][info][gc,stats      ]     S: Thread Roots                 647 us, workers (us): 647, 
[84.986s][info][gc,stats      ]     S: Universe Roots                 2 us, workers (us):   2, 
[84.986s][info][gc,stats      ]     S: JNI Handles Roots              2 us, workers (us):   2, 
[84.986s][info][gc,stats      ]     S: Synchronizer Roots             0 us, workers (us):   0, 
[84.986s][info][gc,stats      ]     S: Management Roots               2 us, workers (us):   2, 
[84.986s][info][gc,stats      ]     S: System Dict Roots             12 us, workers (us):  12, 
[84.986s][info][gc,stats      ]     S: CLDG Roots                   650 us, workers (us): 650, 
[84.986s][info][gc,stats      ]     S: JVMTI Roots                    1 us, workers (us):   1, 
[84.986s][info][gc,stats      ]   Resize TLABs                       20 us
[84.986s][info][gc,stats      ] Concurrent Marking               101444 us
[84.986s][info][gc,stats      ] Pause Final Mark (G)               4282 us
[84.986s][info][gc,stats      ] Pause Final Mark (N)                444 us
[84.986s][info][gc,stats      ]   Finish Queues                      13 us
[84.986s][info][gc,stats      ]   System Purge                      342 us
[84.986s][info][gc,stats      ]     Weak Roots                      342 us
[84.986s][info][gc,stats      ]   Update Region States               27 us
[84.986s][info][gc,stats      ]   Retire TLABs                       26 us
[84.986s][info][gc,stats      ]   Choose Collection Set              22 us
[84.986s][info][gc,stats      ]   Rebuild Free Set                    7 us
[84.986s][info][gc,stats      ] Concurrent Cleanup                   57 us
[84.986s][info][gc,stats      ] Pacing                            43530 us
[84.986s][info][gc,stats      ] 
[84.986s][info][gc,stats      ] Allocation pacing accrued:
[84.986s][info][gc,stats      ]      44 of   272 ms ( 16.0%): Executor task launch worker for task 0.0 in stage 22.0 (TID 22)
[84.986s][info][gc,stats      ]      44 of   272 ms ( 16.0%): <total>
[84.987s][info][gc,stats      ]       0 of   272 ms (  0.1%): <average total>
[84.987s][info][gc,stats      ]      44 of   272 ms ( 16.0%): <average non-zero>
[84.987s][info][gc,stats      ] 
[84.987s][info][gc,metaspace  ] Metaspace: 60911K->60911K(1103872K)
[84.987s][info][gc,ergo       ] Pacer for Idle. Initial: 10240K, Alloc Tax Rate: 1.0x
[85.114s][info][gc            ] Trigger: Average GC time (240.21 ms) is above the time for allocation rate (685 MB/s) to deplete free headroom (163M)
[85.114s][info][gc,ergo       ] Free headroom: 188M (free) - 25600K (spike) - 0B (penalties) = 163M
[85.114s][info][gc,ergo       ] Free: 188M, Max: 256K regular, 156M humongous, Frag: 17% external, 1% internal; Reserve: 25600K, Max: 256K
[85.114s][info][gc,start      ] GC(207) Concurrent reset
[85.114s][info][gc,task       ] GC(207) Using 1 of 1 workers for concurrent reset
[85.114s][info][gc,ergo       ] GC(207) Pacer for Reset. Non-Taxable: 500M
[85.115s][info][gc            ] GC(207) Concurrent reset 0.197ms
[85.117s][info][gc,start      ] GC(207) Pause Init Mark
[85.117s][info][gc,task       ] GC(207) Using 1 of 1 workers for init marking
[85.119s][info][gc,ergo       ] GC(207) Pacer for Mark. Expected Live: 116M, Free: 188M, Non-Taxable: 19251K, Alloc Tax Rate: 0.8x
[85.119s][info][gc            ] GC(207) Pause Init Mark 1.612ms
[85.119s][info][gc,start      ] GC(207) Concurrent marking
[85.119s][info][gc,task       ] GC(207) Using 1 of 1 workers for concurrent marking
[85.221s][info][gc            ] GC(207) Concurrent marking 102.386ms
[85.221s][info][gc,start      ] GC(207) Pause Final Mark
[85.221s][info][gc,task       ] GC(207) Using 1 of 1 workers for final marking
[85.222s][info][gc,ergo       ] GC(207) Collectable Garbage: 163M (98%), Immediate: 163M (98%), CSet: 0B (0%)
[85.222s][info][gc            ] GC(207) Pause Final Mark 0.373ms
[85.222s][info][gc,start      ] GC(207) Concurrent cleanup
[85.222s][info][gc            ] GC(207) Concurrent cleanup 317M->154M(500M) 0.064ms
[85.222s][info][gc,ergo       ] GC(207) Free: 319M, Max: 256K regular, 156M humongous, Frag: 52% external, 1% internal; Reserve: 25600K, Max: 256K
[85.222s][info][gc,ergo       ] Free: 319M, Max: 256K regular, 156M humongous, Frag: 52% external, 1% internal; Reserve: 25600K, Max: 256K
[85.222s][info][gc,stats      ] 
[85.222s][info][gc,stats      ] All times are wall-clock times, except per-root-class counters, that are sum over
[85.222s][info][gc,stats      ] all workers. Dividing the <total> over the root stage time estimates parallelism.
[85.222s][info][gc,stats      ] 
[85.222s][info][gc,stats      ] Concurrent Reset                    189 us
[85.222s][info][gc,stats      ] Pause Init Mark (G)                4005 us
[85.222s][info][gc,stats      ] Pause Init Mark (N)                1574 us
[85.222s][info][gc,stats      ]   Accumulate Stats                   27 us
[85.222s][info][gc,stats      ]   Make Parsable                      13 us
[85.222s][info][gc,stats      ]   Update Region States               28 us
[85.222s][info][gc,stats      ]   Scan Roots                       1456 us, parallelism: 0.80x
[85.222s][info][gc,stats      ]     S: <total>                     1167 us
[85.222s][info][gc,stats      ]     S: Thread Roots                 609 us, workers (us): 609, 
[85.222s][info][gc,stats      ]     S: Universe Roots                 2 us, workers (us):   2, 
[85.222s][info][gc,stats      ]     S: JNI Handles Roots              2 us, workers (us):   2, 
[85.222s][info][gc,stats      ]     S: Synchronizer Roots             0 us, workers (us):   0, 
[85.222s][info][gc,stats      ]     S: Management Roots               2 us, workers (us):   2, 
[85.222s][info][gc,stats      ]     S: System Dict Roots             11 us, workers (us):  11, 
[85.222s][info][gc,stats      ]     S: CLDG Roots                   541 us, workers (us): 541, 
[85.222s][info][gc,stats      ]     S: JVMTI Roots                    1 us, workers (us):   1, 
[85.222s][info][gc,stats      ]   Resize TLABs                       15 us
[85.222s][info][gc,stats      ] Concurrent Marking               102377 us
[85.222s][info][gc,stats      ] Pause Final Mark (G)                546 us
[85.222s][info][gc,stats      ] Pause Final Mark (N)                356 us
[85.222s][info][gc,stats      ]   Finish Queues                      19 us
[85.222s][info][gc,stats      ]   System Purge                      259 us
[85.222s][info][gc,stats      ]     Weak Roots                      258 us
[85.222s][info][gc,stats      ]   Update Region States               28 us
[85.222s][info][gc,stats      ]   Retire TLABs                       20 us
[85.222s][info][gc,stats      ]   Choose Collection Set              16 us
[85.222s][info][gc,stats      ]   Rebuild Free Set                    7 us
[85.222s][info][gc,stats      ] Concurrent Cleanup                   57 us
[85.222s][info][gc,stats      ] Pacing                            49567 us
[85.222s][info][gc,stats      ] 
[85.222s][info][gc,stats      ] Allocation pacing accrued:
[85.222s][info][gc,stats      ]      13 of   236 ms (  5.4%): Spark Context Cleaner
[85.222s][info][gc,stats      ]      37 of   236 ms ( 15.7%): Executor task launch worker for task 0.0 in stage 22.0 (TID 22)
[85.222s][info][gc,stats      ]      50 of   236 ms ( 21.0%): <total>
[85.222s][info][gc,stats      ]       0 of   236 ms (  0.1%): <average total>
[85.222s][info][gc,stats      ]      25 of   236 ms ( 10.5%): <average non-zero>
[85.222s][info][gc,stats      ] 
[85.222s][info][gc,metaspace  ] Metaspace: 60911K->60911K(1103872K)
[85.222s][info][gc,ergo       ] Pacer for Idle. Initial: 10240K, Alloc Tax Rate: 1.0x
[85.419s][info][gc            ] Trigger: Average GC time (204.74 ms) is above the time for allocation rate (641 MB/s) to deplete free headroom (131M)
[85.419s][info][gc,ergo       ] Free headroom: 156M (free) - 25600K (spike) - 0B (penalties) = 131M
[85.419s][info][gc,ergo       ] Free: 156M, Max: 256K regular, 156M humongous, Frag: 0% external, 1% internal; Reserve: 25600K, Max: 256K
[85.419s][info][gc,start      ] GC(208) Concurrent reset
[85.419s][info][gc,task       ] GC(208) Using 1 of 1 workers for concurrent reset
[85.419s][info][gc,ergo       ] GC(208) Pacer for Reset. Non-Taxable: 500M
[85.419s][info][gc            ] GC(208) Concurrent reset 0.199ms
[85.422s][info][gc,start      ] GC(208) Pause Init Mark
[85.422s][info][gc,task       ] GC(208) Using 1 of 1 workers for init marking
[85.423s][info][gc,ergo       ] GC(208) Pacer for Mark. Expected Live: 119M, Free: 156M, Non-Taxable: 15974K, Alloc Tax Rate: 0.9x
[85.423s][info][gc            ] GC(208) Pause Init Mark 1.710ms
[85.423s][info][gc,start      ] GC(208) Concurrent marking
[85.423s][info][gc,task       ] GC(208) Using 1 of 1 workers for concurrent marking
[85.541s][info][gc            ] GC(208) Concurrent marking 117.693ms
[85.541s][info][gc,start      ] GC(208) Pause Final Mark
[85.541s][info][gc,task       ] GC(208) Using 1 of 1 workers for final marking
[85.542s][info][gc,ergo       ] GC(208) Collectable Garbage: 195M (98%), Immediate: 195M (98%), CSet: 0B (0%)
[85.542s][info][gc            ] GC(208) Pause Final Mark 0.364ms
[85.542s][info][gc,start      ] GC(208) Concurrent cleanup
[85.542s][info][gc            ] GC(208) Concurrent cleanup 343M->148M(500M) 0.069ms
[85.542s][info][gc,ergo       ] GC(208) Free: 325M, Max: 256K regular, 130M humongous, Frag: 61% external, 0% internal; Reserve: 25600K, Max: 256K
[85.542s][info][gc,ergo       ] Free: 325M, Max: 256K regular, 130M humongous, Frag: 61% external, 0% internal; Reserve: 25600K, Max: 256K
[85.542s][info][gc,stats      ] 
[85.542s][info][gc,stats      ] All times are wall-clock times, except per-root-class counters, that are sum over
[85.542s][info][gc,stats      ] all workers. Dividing the <total> over the root stage time estimates parallelism.
[85.542s][info][gc,stats      ] 
[85.542s][info][gc,stats      ] Concurrent Reset                    191 us
[85.542s][info][gc,stats      ] Pause Init Mark (G)                4057 us
[85.542s][info][gc,stats      ] Pause Init Mark (N)                1686 us
[85.542s][info][gc,stats      ]   Accumulate Stats                   22 us
[85.542s][info][gc,stats      ]   Make Parsable                      15 us
[85.542s][info][gc,stats      ]   Update Region States               21 us
[85.542s][info][gc,stats      ]   Scan Roots                       1561 us, parallelism: 0.75x
[85.542s][info][gc,stats      ]     S: <total>                     1167 us
[85.542s][info][gc,stats      ]     S: Thread Roots                 605 us, workers (us): 605, 
[85.542s][info][gc,stats      ]     S: Universe Roots                 2 us, workers (us):   2, 
[85.542s][info][gc,stats      ]     S: JNI Handles Roots              2 us, workers (us):   2, 
[85.542s][info][gc,stats      ]     S: Synchronizer Roots             0 us, workers (us):   0, 
[85.542s][info][gc,stats      ]     S: Management Roots               1 us, workers (us):   1, 
[85.542s][info][gc,stats      ]     S: System Dict Roots             11 us, workers (us):  11, 
[85.542s][info][gc,stats      ]     S: CLDG Roots                   545 us, workers (us): 545, 
[85.542s][info][gc,stats      ]     S: JVMTI Roots                    0 us, workers (us):   0, 
[85.542s][info][gc,stats      ]   Resize TLABs                       17 us
[85.542s][info][gc,stats      ] Concurrent Marking               117683 us
[85.542s][info][gc,stats      ] Pause Final Mark (G)                525 us
[85.542s][info][gc,stats      ] Pause Final Mark (N)                349 us
[85.542s][info][gc,stats      ]   Finish Queues                      18 us
[85.542s][info][gc,stats      ]   System Purge                      254 us
[85.542s][info][gc,stats      ]     Weak Roots                      253 us
[85.542s][info][gc,stats      ]   Update Region States               26 us
[85.542s][info][gc,stats      ]   Retire TLABs                       21 us
[85.542s][info][gc,stats      ]   Choose Collection Set              16 us
[85.542s][info][gc,stats      ]   Rebuild Free Set                    7 us
[85.542s][info][gc,stats      ] Concurrent Cleanup                   62 us
[85.542s][info][gc,stats      ] Pacing                            46845 us
[85.542s][info][gc,stats      ] 
[85.542s][info][gc,stats      ] Allocation pacing accrued:
[85.542s][info][gc,stats      ]      47 of   320 ms ( 14.6%): Executor task launch worker for task 0.0 in stage 22.0 (TID 22)
[85.542s][info][gc,stats      ]      47 of   320 ms ( 14.6%): <total>
[85.542s][info][gc,stats      ]       0 of   320 ms (  0.1%): <average total>
[85.542s][info][gc,stats      ]      47 of   320 ms ( 14.6%): <average non-zero>
[85.542s][info][gc,stats      ] 
[85.542s][info][gc,metaspace  ] Metaspace: 60911K->60911K(1103872K)
[85.542s][info][gc,ergo       ] Pacer for Idle. Initial: 10240K, Alloc Tax Rate: 1.0x
[85.747s][info][gc            ] Trigger: Average GC time (149.21 ms) is above the time for allocation rate (687 MB/s) to deplete free headroom (101M)
[85.747s][info][gc,ergo       ] Free headroom: 126M (free) - 25600K (spike) - 0B (penalties) = 101M
[85.747s][info][gc,ergo       ] Free: 126M, Max: 256K regular, 126M humongous, Frag: 0% external, 2% internal; Reserve: 25600K, Max: 256K
[85.747s][info][gc,start      ] GC(209) Concurrent reset
[85.747s][info][gc,task       ] GC(209) Using 1 of 1 workers for concurrent reset
[85.747s][info][gc,ergo       ] GC(209) Pacer for Reset. Non-Taxable: 500M
[85.747s][info][gc            ] GC(209) Concurrent reset 0.201ms
[85.750s][info][gc,start      ] GC(209) Pause Init Mark
[85.750s][info][gc,task       ] GC(209) Using 1 of 1 workers for init marking
[85.751s][info][gc,ergo       ] GC(209) Pacer for Mark. Expected Live: 119M, Free: 126M, Non-Taxable: 12902K, Alloc Tax Rate: 1.2x
[85.751s][info][gc            ] GC(209) Pause Init Mark 1.781ms
[85.751s][info][gc,start      ] GC(209) Concurrent marking
[85.751s][info][gc,task       ] GC(209) Using 1 of 1 workers for concurrent marking
[85.864s][info][gc            ] GC(209) Concurrent marking 112.176ms
[85.864s][info][gc,start      ] GC(209) Pause Final Mark
[85.864s][info][gc,task       ] GC(209) Using 1 of 1 workers for final marking
[85.864s][info][gc,ergo       ] GC(209) Collectable Garbage: 225M (98%), Immediate: 225M (98%), CSet: 0B (0%)
[85.864s][info][gc            ] GC(209) Pause Final Mark 0.401ms
[85.864s][info][gc,start      ] GC(209) Concurrent cleanup
[85.864s][info][gc            ] GC(209) Concurrent cleanup 368M->143M(500M) 0.074ms
[85.864s][info][gc,ergo       ] GC(209) Free: 330M, Max: 256K regular, 105M humongous, Frag: 69% external, 0% internal; Reserve: 25600K, Max: 256K
[85.864s][info][gc,ergo       ] Free: 330M, Max: 256K regular, 105M humongous, Frag: 69% external, 0% internal; Reserve: 25600K, Max: 256K
[85.864s][info][gc,stats      ] 
[85.864s][info][gc,stats      ] All times are wall-clock times, except per-root-class counters, that are sum over
[85.864s][info][gc,stats      ] all workers. Dividing the <total> over the root stage time estimates parallelism.
[85.864s][info][gc,stats      ] 
[85.864s][info][gc,stats      ] Concurrent Reset                    194 us
[85.864s][info][gc,stats      ] Pause Init Mark (G)                4110 us
[85.864s][info][gc,stats      ] Pause Init Mark (N)                1754 us
[85.864s][info][gc,stats      ]   Accumulate Stats                   21 us
[85.864s][info][gc,stats      ]   Make Parsable                      15 us
[85.864s][info][gc,stats      ]   Update Region States               24 us
[85.864s][info][gc,stats      ]   Scan Roots                       1625 us, parallelism: 0.77x
[85.864s][info][gc,stats      ]     S: <total>                     1247 us
[85.864s][info][gc,stats      ]     S: Thread Roots                 677 us, workers (us): 677, 
[85.864s][info][gc,stats      ]     S: Universe Roots                 3 us, workers (us):   3, 
[85.864s][info][gc,stats      ]     S: JNI Handles Roots              2 us, workers (us):   2, 
[85.864s][info][gc,stats      ]     S: Synchronizer Roots             0 us, workers (us):   0, 
[85.864s][info][gc,stats      ]     S: Management Roots               1 us, workers (us):   1, 
[85.864s][info][gc,stats      ]     S: System Dict Roots             11 us, workers (us):  11, 
[85.864s][info][gc,stats      ]     S: CLDG Roots                   553 us, workers (us): 553, 
[85.864s][info][gc,stats      ]     S: JVMTI Roots                    0 us, workers (us):   0, 
[85.864s][info][gc,stats      ]   Resize TLABs                       20 us
[85.864s][info][gc,stats      ] Concurrent Marking               112167 us
[85.864s][info][gc,stats      ] Pause Final Mark (G)                562 us
[85.864s][info][gc,stats      ] Pause Final Mark (N)                392 us
[85.864s][info][gc,stats      ]   Finish Queues                      13 us
[85.864s][info][gc,stats      ]   System Purge                      253 us
[85.864s][info][gc,stats      ]     Weak Roots                      253 us
[85.864s][info][gc,stats      ]   Update Region States               26 us
[85.864s][info][gc,stats      ]   Retire TLABs                       52 us
[85.864s][info][gc,stats      ]   Choose Collection Set              20 us
[85.864s][info][gc,stats      ]   Rebuild Free Set                   10 us
[85.864s][info][gc,stats      ] Concurrent Cleanup                   67 us
[85.865s][info][gc,stats      ] Pacing                            57107 us
[85.865s][info][gc,stats      ] 
[85.865s][info][gc,stats      ] Allocation pacing accrued:
[85.865s][info][gc,stats      ]      13 of   322 ms (  3.9%): Spark Context Cleaner
[85.865s][info][gc,stats      ]      44 of   322 ms ( 13.8%): Executor task launch worker for task 0.0 in stage 22.0 (TID 22)
[85.865s][info][gc,stats      ]      57 of   322 ms ( 17.7%): <total>
[85.865s][info][gc,stats      ]       0 of   322 ms (  0.1%): <average total>
[85.865s][info][gc,stats      ]      29 of   322 ms (  8.9%): <average non-zero>
[85.865s][info][gc,stats      ] 
[85.865s][info][gc,metaspace  ] Metaspace: 60911K->60916K(1103872K)
[85.865s][info][gc,ergo       ] Pacer for Idle. Initial: 10240K, Alloc Tax Rate: 1.0x
[86.093s][info][gc            ] Trigger: Average GC time (113.92 ms) is above the time for allocation rate (710 MB/s) to deplete free headroom (82432K)
[86.094s][info][gc,ergo       ] Free headroom: 105M (free) - 25600K (spike) - 0B (penalties) = 82432K
[86.094s][info][gc,ergo       ] Free: 105M, Max: 256K regular, 105M humongous, Frag: 1% external, 2% internal; Reserve: 25600K, Max: 256K
[86.094s][info][gc,start      ] GC(210) Concurrent reset
[86.094s][info][gc,task       ] GC(210) Using 1 of 1 workers for concurrent reset
[86.094s][info][gc,ergo       ] GC(210) Pacer for Reset. Non-Taxable: 500M
[86.094s][info][gc            ] GC(210) Concurrent reset 0.200ms
[86.096s][info][gc,start      ] GC(210) Pause Init Mark (process weakrefs)
[86.096s][info][gc,task       ] GC(210) Using 1 of 1 workers for init marking
[86.098s][info][gc,ergo       ] GC(210) Pacer for Mark. Expected Live: 119M, Free: 105M, Non-Taxable: 10803K, Alloc Tax Rate: 1.4x
[86.098s][info][gc            ] GC(210) Pause Init Mark (process weakrefs) 1.666ms
[86.098s][info][gc,start      ] GC(210) Concurrent marking (process weakrefs)
[86.098s][info][gc,task       ] GC(210) Using 1 of 1 workers for concurrent marking
[86.187s][info][gc            ] GC(210) Concurrent marking (process weakrefs) 89.415ms
[86.187s][info][gc,start      ] GC(210) Concurrent precleaning
[86.187s][info][gc,task       ] GC(210) Using 1 of 1 workers for concurrent preclean
[86.187s][info][gc,ergo       ] GC(210) Pacer for Precleaning. Non-Taxable: 500M
[86.188s][info][gc            ] GC(210) Concurrent precleaning 0.513ms
[86.188s][info][gc,start      ] GC(210) Pause Final Mark (process weakrefs)
[86.188s][info][gc,task       ] GC(210) Using 1 of 1 workers for final marking
[86.188s][info][gc,ergo       ] GC(210) Collectable Garbage: 245M (98%), Immediate: 245M (98%), CSet: 0B (0%)
[86.188s][info][gc            ] GC(210) Pause Final Mark (process weakrefs) 0.443ms
[86.194s][info][gc,start      ] GC(210) Concurrent cleanup
[86.194s][info][gc            ] GC(210) Concurrent cleanup 386M->146M(500M) 0.120ms
[86.194s][info][gc,ergo       ] GC(210) Free: 327M, Max: 256K regular, 112M humongous, Frag: 66% external, 0% internal; Reserve: 25600K, Max: 256K
[86.194s][info][gc,ergo       ] Free: 327M, Max: 256K regular, 112M humongous, Frag: 66% external, 0% internal; Reserve: 25600K, Max: 256K
[86.194s][info][gc,stats      ] 
[86.194s][info][gc,stats      ] All times are wall-clock times, except per-root-class counters, that are sum over
[86.194s][info][gc,stats      ] all workers. Dividing the <total> over the root stage time estimates parallelism.
[86.194s][info][gc,stats      ] 
[86.194s][info][gc,stats      ] Concurrent Reset                    192 us
[86.194s][info][gc,stats      ] Pause Init Mark (G)                4033 us
[86.194s][info][gc,stats      ] Pause Init Mark (N)                1639 us
[86.194s][info][gc,stats      ]   Accumulate Stats                   22 us
[86.194s][info][gc,stats      ]   Make Parsable                      15 us
[86.194s][info][gc,stats      ]   Update Region States               26 us
[86.194s][info][gc,stats      ]   Scan Roots                       1503 us, parallelism: 0.80x
[86.194s][info][gc,stats      ]     S: <total>                     1205 us
[86.194s][info][gc,stats      ]     S: Thread Roots                 652 us, workers (us): 652, 
[86.194s][info][gc,stats      ]     S: Universe Roots                 2 us, workers (us):   2, 
[86.194s][info][gc,stats      ]     S: JNI Handles Roots              2 us, workers (us):   2, 
[86.194s][info][gc,stats      ]     S: Synchronizer Roots             0 us, workers (us):   0, 
[86.194s][info][gc,stats      ]     S: Management Roots               2 us, workers (us):   2, 
[86.194s][info][gc,stats      ]     S: System Dict Roots             12 us, workers (us):  12, 
[86.194s][info][gc,stats      ]     S: CLDG Roots                   535 us, workers (us): 535, 
[86.194s][info][gc,stats      ]     S: JVMTI Roots                    1 us, workers (us):   1, 
[86.194s][info][gc,stats      ]   Resize TLABs                       31 us
[86.194s][info][gc,stats      ] Concurrent Marking                89401 us
[86.194s][info][gc,stats      ] Concurrent Precleaning              507 us
[86.194s][info][gc,stats      ] Pause Final Mark (G)               6301 us
[86.194s][info][gc,stats      ] Pause Final Mark (N)                434 us
[86.194s][info][gc,stats      ]   Finish Queues                      14 us
[86.194s][info][gc,stats      ]   Weak References                    17 us
[86.194s][info][gc,stats      ]     Process                          14 us
[86.194s][info][gc,stats      ]   System Purge                      317 us
[86.194s][info][gc,stats      ]     Weak Roots                      317 us
[86.194s][info][gc,stats      ]   Update Region States               27 us
[86.194s][info][gc,stats      ]   Retire TLABs                       27 us
[86.194s][info][gc,stats      ]   Choose Collection Set              21 us
[86.194s][info][gc,stats      ]   Rebuild Free Set                    7 us
[86.194s][info][gc,stats      ] Concurrent Cleanup                   70 us
[86.194s][info][gc,stats      ] Pacing                            76888 us
[86.194s][info][gc,stats      ] 
[86.194s][info][gc,stats      ] Allocation pacing accrued:
[86.194s][info][gc,stats      ]       8 of   330 ms (  2.4%): RemoteBlock-temp-file-clean-thread
[86.194s][info][gc,stats      ]      11 of   330 ms (  3.3%): Spark Context Cleaner
[86.194s][info][gc,stats      ]      58 of   330 ms ( 17.6%): Executor task launch worker for task 0.0 in stage 22.0 (TID 22)
[86.194s][info][gc,stats      ]      77 of   330 ms ( 23.3%): <total>
[86.194s][info][gc,stats      ]       0 of   330 ms (  0.1%): <average total>
[86.194s][info][gc,stats      ]      26 of   330 ms (  7.8%): <average non-zero>
[86.194s][info][gc,stats      ] 
[86.194s][info][gc,metaspace  ] Metaspace: 60916K->60916K(1103872K)
[86.194s][info][gc,ergo       ] Pacer for Idle. Initial: 10240K, Alloc Tax Rate: 1.0x
[86.432s][info][gc            ] Trigger: Average GC time (111.65 ms) is above the time for allocation rate (725 MB/s) to deplete free headroom (82176K)
[86.433s][info][gc,ergo       ] Free headroom: 105M (free) - 25600K (spike) - 0B (penalties) = 82176K
[86.433s][info][gc,ergo       ] Free: 105M, Max: 256K regular, 89856K humongous, Frag: 17% external, 2% internal; Reserve: 25600K, Max: 256K
[86.433s][info][gc,start      ] GC(211) Concurrent reset
[86.433s][info][gc,task       ] GC(211) Using 1 of 1 workers for concurrent reset
[86.433s][info][gc,ergo       ] GC(211) Pacer for Reset. Non-Taxable: 500M
[86.433s][info][gc            ] GC(211) Concurrent reset 0.212ms
[86.435s][info][gc,start      ] GC(211) Pause Init Mark
[86.435s][info][gc,task       ] GC(211) Using 1 of 1 workers for init marking
[86.437s][info][gc,ergo       ] GC(211) Pacer for Mark. Expected Live: 119M, Free: 105M, Non-Taxable: 10777K, Alloc Tax Rate: 1.4x
[86.437s][info][gc            ] GC(211) Pause Init Mark 1.621ms
[86.437s][info][gc,start      ] GC(211) Concurrent marking
[86.437s][info][gc,task       ] GC(211) Using 1 of 1 workers for concurrent marking
[86.468s][info][gc            ] GC(211) Concurrent marking 31.149ms
[86.468s][info][gc,start      ] GC(211) Pause Final Mark
[86.468s][info][gc,task       ] GC(211) Using 1 of 1 workers for final marking
[86.469s][info][gc,ergo       ] GC(211) Collectable Garbage: 337M (98%), Immediate: 337M (98%), CSet: 0B (0%)
[86.469s][info][gc            ] GC(211) Pause Final Mark 0.427ms
[86.469s][info][gc,start      ] GC(211) Concurrent cleanup
[86.469s][info][gc            ] GC(211) Concurrent cleanup 382M->45M(500M) 0.091ms
[86.469s][info][gc,ergo       ] GC(211) Free: 429M, Max: 256K regular, 181M humongous, Frag: 58% external, 0% internal; Reserve: 25600K, Max: 256K
[86.469s][info][gc,ergo       ] Free: 429M, Max: 256K regular, 181M humongous, Frag: 58% external, 0% internal; Reserve: 25600K, Max: 256K
[86.469s][info][gc,stats      ] 
[86.469s][info][gc,stats      ] All times are wall-clock times, except per-root-class counters, that are sum over
[86.469s][info][gc,stats      ] all workers. Dividing the <total> over the root stage time estimates parallelism.
[86.469s][info][gc,stats      ] 
[86.469s][info][gc,stats      ] Concurrent Reset                    204 us
[86.469s][info][gc,stats      ] Pause Init Mark (G)                3941 us
[86.469s][info][gc,stats      ] Pause Init Mark (N)                1565 us
[86.469s][info][gc,stats      ]   Accumulate Stats                   28 us
[86.469s][info][gc,stats      ]   Make Parsable                      13 us
[86.469s][info][gc,stats      ]   Update Region States               29 us
[86.469s][info][gc,stats      ]   Scan Roots                       1435 us, parallelism: 0.81x
[86.469s][info][gc,stats      ]     S: <total>                     1166 us
[86.469s][info][gc,stats      ]     S: Thread Roots                 613 us, workers (us): 613, 
[86.469s][info][gc,stats      ]     S: Universe Roots                 2 us, workers (us):   2, 
[86.469s][info][gc,stats      ]     S: JNI Handles Roots              1 us, workers (us):   1, 
[86.469s][info][gc,stats      ]     S: Synchronizer Roots             0 us, workers (us):   0, 
[86.469s][info][gc,stats      ]     S: Management Roots               2 us, workers (us):   2, 
[86.469s][info][gc,stats      ]     S: System Dict Roots             11 us, workers (us):  11, 
[86.469s][info][gc,stats      ]     S: CLDG Roots                   535 us, workers (us): 535, 
[86.469s][info][gc,stats      ]     S: JVMTI Roots                    1 us, workers (us):   1, 
[86.469s][info][gc,stats      ]   Resize TLABs                       13 us
[86.469s][info][gc,stats      ] Concurrent Marking                31140 us
[86.469s][info][gc,stats      ] Pause Final Mark (G)                573 us
[86.469s][info][gc,stats      ] Pause Final Mark (N)                417 us
[86.469s][info][gc,stats      ]   Finish Queues                      14 us
[86.469s][info][gc,stats      ]   System Purge                      308 us
[86.469s][info][gc,stats      ]     Weak Roots                      308 us
[86.469s][info][gc,stats      ]   Update Region States               27 us
[86.469s][info][gc,stats      ]   Retire TLABs                       26 us
[86.469s][info][gc,stats      ]   Choose Collection Set              27 us
[86.469s][info][gc,stats      ]   Rebuild Free Set                    7 us
[86.469s][info][gc,stats      ] Concurrent Cleanup                   84 us
[86.469s][info][gc,stats      ] 
[86.469s][info][gc,stats      ] Allocation pacing accrued:
[86.469s][info][gc,stats      ]       0 of   275 ms (  0.0%): <total>
[86.469s][info][gc,stats      ]       0 of   275 ms (  0.0%): <average total>
[86.469s][info][gc,stats      ] 
[86.469s][info][gc,metaspace  ] Metaspace: 60916K->60916K(1103872K)
[86.469s][info][gc,ergo       ] Pacer for Idle. Initial: 10240K, Alloc Tax Rate: 1.0x
[86.718s][info][gc            ] Trigger: Average GC time (96.78 ms) is above the time for allocation rate (1096 MB/s) to deplete free headroom (105M)
[86.718s][info][gc,ergo       ] Free headroom: 130M (free) - 25600K (spike) - 0B (penalties) = 105M
[86.718s][info][gc,ergo       ] Free: 130M, Max: 256K regular, 69120K humongous, Frag: 49% external, 1% internal; Reserve: 25600K, Max: 256K
[86.718s][info][gc,start      ] GC(212) Concurrent reset
[86.718s][info][gc,task       ] GC(212) Using 1 of 1 workers for concurrent reset
[86.718s][info][gc,ergo       ] GC(212) Pacer for Reset. Non-Taxable: 500M
[86.718s][info][gc            ] GC(212) Concurrent reset 0.125ms
[86.721s][info][gc,start      ] GC(212) Pause Init Mark
[86.721s][info][gc,task       ] GC(212) Using 1 of 1 workers for init marking
[86.723s][info][gc,ergo       ] GC(212) Pacer for Mark. Expected Live: 100M, Free: 130M, Non-Taxable: 13363K, Alloc Tax Rate: 0.9x
[86.723s][info][gc            ] GC(212) Pause Init Mark 2.190ms
[86.723s][info][gc,start      ] GC(212) Concurrent marking
[86.723s][info][gc,task       ] GC(212) Using 1 of 1 workers for concurrent marking
[86.756s][info][gc            ] GC(212) Concurrent marking 32.764ms
[86.756s][info][gc,start      ] GC(212) Pause Final Mark
[86.756s][info][gc,task       ] GC(212) Using 1 of 1 workers for final marking
[86.756s][info][gc,ergo       ] GC(212) Collectable Garbage: 312M (97%), Immediate: 312M (97%), CSet: 0B (0%)
[86.756s][info][gc            ] GC(212) Pause Final Mark 0.446ms
[86.756s][info][gc,start      ] GC(212) Concurrent cleanup
[86.756s][info][gc            ] GC(212) Concurrent cleanup 361M->49M(500M) 0.087ms
[86.756s][info][gc,ergo       ] GC(212) Free: 424M, Max: 256K regular, 181M humongous, Frag: 58% external, 0% internal; Reserve: 25600K, Max: 256K
[86.756s][info][gc,ergo       ] Free: 424M, Max: 256K regular, 181M humongous, Frag: 58% external, 0% internal; Reserve: 25600K, Max: 256K
[86.756s][info][gc,stats      ] 
[86.756s][info][gc,stats      ] All times are wall-clock times, except per-root-class counters, that are sum over
[86.756s][info][gc,stats      ] all workers. Dividing the <total> over the root stage time estimates parallelism.
[86.756s][info][gc,stats      ] 
[86.756s][info][gc,stats      ] Concurrent Reset                    116 us
[86.756s][info][gc,stats      ] Pause Init Mark (G)                4642 us
[86.756s][info][gc,stats      ] Pause Init Mark (N)                2134 us
[86.756s][info][gc,stats      ]   Accumulate Stats                   24 us
[86.756s][info][gc,stats      ]   Make Parsable                      73 us
[86.756s][info][gc,stats      ]   Update Region States               52 us
[86.756s][info][gc,stats      ]   Scan Roots                       1797 us, parallelism: 0.83x
[86.756s][info][gc,stats      ]     S: <total>                     1491 us
[86.756s][info][gc,stats      ]     S: Thread Roots                 710 us, workers (us): 710, 
[86.756s][info][gc,stats      ]     S: Universe Roots                 3 us, workers (us):   3, 
[86.756s][info][gc,stats      ]     S: JNI Handles Roots              2 us, workers (us):   2, 
[86.756s][info][gc,stats      ]     S: Synchronizer Roots             0 us, workers (us):   0, 
[86.756s][info][gc,stats      ]     S: Management Roots               3 us, workers (us):   3, 
[86.756s][info][gc,stats      ]     S: System Dict Roots             14 us, workers (us):  14, 
[86.756s][info][gc,stats      ]     S: CLDG Roots                   758 us, workers (us): 758, 
[86.756s][info][gc,stats      ]     S: JVMTI Roots                    1 us, workers (us):   1, 
[86.756s][info][gc,stats      ]   Resize TLABs                       25 us
[86.756s][info][gc,stats      ] Concurrent Marking                32752 us
[86.756s][info][gc,stats      ] Pause Final Mark (G)                584 us
[86.756s][info][gc,stats      ] Pause Final Mark (N)                437 us
[86.756s][info][gc,stats      ]   Finish Queues                      13 us
[86.756s][info][gc,stats      ]   System Purge                      326 us
[86.756s][info][gc,stats      ]     Weak Roots                      326 us
[86.756s][info][gc,stats      ]   Update Region States               27 us
[86.756s][info][gc,stats      ]   Retire TLABs                       25 us
[86.756s][info][gc,stats      ]   Choose Collection Set              33 us
[86.756s][info][gc,stats      ]   Rebuild Free Set                    7 us
[86.756s][info][gc,stats      ] Concurrent Cleanup                   80 us
[86.756s][info][gc,stats      ] Pacing                             6589 us
[86.756s][info][gc,stats      ] 
[86.756s][info][gc,stats      ] Allocation pacing accrued:
[86.756s][info][gc,stats      ]       7 of   287 ms (  2.3%): Executor task launch worker for task 0.0 in stage 22.0 (TID 22)
[86.756s][info][gc,stats      ]       7 of   287 ms (  2.3%): <total>
[86.756s][info][gc,stats      ]       0 of   287 ms (  0.0%): <average total>
[86.756s][info][gc,stats      ]       7 of   287 ms (  2.3%): <average non-zero>
[86.756s][info][gc,stats      ] 
[86.756s][info][gc,metaspace  ] Metaspace: 60916K->60916K(1103872K)
[86.756s][info][gc,ergo       ] Pacer for Idle. Initial: 10240K, Alloc Tax Rate: 1.0x
[86.982s][info][gc            ] Trigger: Average GC time (82.97 ms) is above the time for allocation rate (1211 MB/s) to deplete free headroom (100864K)
[86.982s][info][gc,ergo       ] Free headroom: 123M (free) - 25600K (spike) - 0B (penalties) = 100864K
[86.982s][info][gc,ergo       ] Free: 123M, Max: 256K regular, 50432K humongous, Frag: 61% external, 1% internal; Reserve: 25600K, Max: 256K
[86.982s][info][gc,start      ] GC(213) Concurrent reset
[86.982s][info][gc,task       ] GC(213) Using 1 of 1 workers for concurrent reset
[86.982s][info][gc,ergo       ] GC(213) Pacer for Reset. Non-Taxable: 500M
[86.982s][info][gc            ] GC(213) Concurrent reset 0.111ms
[86.985s][info][gc,start      ] GC(213) Pause Init Mark
[86.985s][info][gc,task       ] GC(213) Using 1 of 1 workers for init marking
[86.988s][info][gc,ergo       ] GC(213) Pacer for Mark. Expected Live: 83618K, Free: 123M, Non-Taxable: 12646K, Alloc Tax Rate: 0.8x
[86.988s][info][gc            ] GC(213) Pause Init Mark 2.492ms
[86.988s][info][gc,start      ] GC(213) Concurrent marking
[86.988s][info][gc,task       ] GC(213) Using 1 of 1 workers for concurrent marking
[87.041s][info][gc            ] GC(213) Concurrent marking 52.774ms
[87.041s][info][gc,start      ] GC(213) Pause Final Mark
[87.041s][info][gc,task       ] GC(213) Using 1 of 1 workers for final marking
[87.041s][info][gc,ergo       ] GC(213) Collectable Garbage: 319M (97%), Immediate: 319M (97%), CSet: 0B (0%)
[87.041s][info][gc            ] GC(213) Pause Final Mark 0.355ms
[87.041s][info][gc,start      ] GC(213) Concurrent cleanup
[87.041s][info][gc            ] GC(213) Concurrent cleanup 369M->49M(500M) 0.116ms
[87.041s][info][gc,ergo       ] GC(213) Free: 424M, Max: 256K regular, 194M humongous, Frag: 55% external, 0% internal; Reserve: 25600K, Max: 256K
[87.041s][info][gc,ergo       ] Free: 424M, Max: 256K regular, 194M humongous, Frag: 55% external, 0% internal; Reserve: 25600K, Max: 256K
[87.041s][info][gc,stats      ] 
[87.041s][info][gc,stats      ] All times are wall-clock times, except per-root-class counters, that are sum over
[87.041s][info][gc,stats      ] all workers. Dividing the <total> over the root stage time estimates parallelism.
[87.041s][info][gc,stats      ] 
[87.041s][info][gc,stats      ] Concurrent Reset                    104 us
[87.041s][info][gc,stats      ] Pause Init Mark (G)                5954 us
[87.041s][info][gc,stats      ] Pause Init Mark (N)                2452 us
[87.041s][info][gc,stats      ]   Accumulate Stats                   26 us
[87.041s][info][gc,stats      ]   Make Parsable                      17 us
[87.041s][info][gc,stats      ]   Update Region States               47 us
[87.041s][info][gc,stats      ]   Scan Roots                       2274 us, parallelism: 0.84x
[87.041s][info][gc,stats      ]     S: <total>                     1921 us
[87.041s][info][gc,stats      ]     S: Thread Roots                 985 us, workers (us): 985, 
[87.041s][info][gc,stats      ]     S: Universe Roots                 3 us, workers (us):   3, 
[87.041s][info][gc,stats      ]     S: JNI Handles Roots              2 us, workers (us):   2, 
[87.041s][info][gc,stats      ]     S: Synchronizer Roots             0 us, workers (us):   0, 
[87.041s][info][gc,stats      ]     S: Management Roots               2 us, workers (us):   2, 
[87.041s][info][gc,stats      ]     S: System Dict Roots             16 us, workers (us):  16, 
[87.041s][info][gc,stats      ]     S: CLDG Roots                   911 us, workers (us): 911, 
[87.041s][info][gc,stats      ]     S: JVMTI Roots                    1 us, workers (us):   1, 
[87.041s][info][gc,stats      ]   Resize TLABs                       28 us
[87.041s][info][gc,stats      ] Concurrent Marking                52758 us
[87.041s][info][gc,stats      ] Pause Final Mark (G)                488 us
[87.041s][info][gc,stats      ] Pause Final Mark (N)                347 us
[87.041s][info][gc,stats      ]   Finish Queues                      14 us
[87.041s][info][gc,stats      ]   System Purge                      257 us
[87.041s][info][gc,stats      ]     Weak Roots                      257 us
[87.041s][info][gc,stats      ]   Update Region States               26 us
[87.041s][info][gc,stats      ]   Retire TLABs                       19 us
[87.041s][info][gc,stats      ]   Choose Collection Set              17 us
[87.041s][info][gc,stats      ]   Rebuild Free Set                    7 us
[87.041s][info][gc,stats      ] Concurrent Cleanup                  108 us
[87.041s][info][gc,stats      ] Pacing                             6499 us
[87.041s][info][gc,stats      ] 
[87.041s][info][gc,stats      ] Allocation pacing accrued:
[87.041s][info][gc,stats      ]       4 of   285 ms (  1.4%): Spark Context Cleaner
[87.041s][info][gc,stats      ]       3 of   285 ms (  0.9%): Executor task launch worker for task 0.0 in stage 22.0 (TID 22)
[87.041s][info][gc,stats      ]       6 of   285 ms (  2.3%): <total>
[87.041s][info][gc,stats      ]       0 of   285 ms (  0.0%): <average total>
[87.041s][info][gc,stats      ]       3 of   285 ms (  1.1%): <average non-zero>
[87.041s][info][gc,stats      ] 
[87.041s][info][gc,metaspace  ] Metaspace: 60916K->60916K(1103872K)
[87.041s][info][gc,ergo       ] Pacer for Idle. Initial: 10240K, Alloc Tax Rate: 1.0x
[87.310s][info][gc            ] Trigger: Average GC time (70.34 ms) is above the time for allocation rate (1053 MB/s) to deplete free headroom (73728K)
[87.310s][info][gc,ergo       ] Free headroom: 99328K (free) - 25600K (spike) - 0B (penalties) = 73728K
[87.310s][info][gc,ergo       ] Free: 99328K, Max: 256K regular, 34816K humongous, Frag: 65% external, 2% internal; Reserve: 25600K, Max: 256K
[87.310s][info][gc,start      ] GC(214) Concurrent reset
[87.310s][info][gc,task       ] GC(214) Using 1 of 1 workers for concurrent reset
[87.310s][info][gc,ergo       ] GC(214) Pacer for Reset. Non-Taxable: 500M
[87.310s][info][gc            ] GC(214) Concurrent reset 0.114ms
[87.314s][info][gc,start      ] GC(214) Pause Init Mark
[87.314s][info][gc,task       ] GC(214) Using 1 of 1 workers for init marking
[87.315s][info][gc,ergo       ] GC(214) Pacer for Mark. Expected Live: 64088K, Free: 99328K, Non-Taxable: 9932K, Alloc Tax Rate: 0.8x
[87.315s][info][gc            ] GC(214) Pause Init Mark 1.555ms
[87.315s][info][gc,start      ] GC(214) Concurrent marking
[87.315s][info][gc,task       ] GC(214) Using 1 of 1 workers for concurrent marking
[87.345s][info][gc            ] GC(214) Concurrent marking 29.835ms
[87.345s][info][gc,start      ] GC(214) Pause Final Mark
[87.345s][info][gc,task       ] GC(214) Using 1 of 1 workers for final marking
[87.346s][info][gc,ergo       ] GC(214) Collectable Garbage: 345M (98%), Immediate: 345M (98%), CSet: 0B (0%)
[87.346s][info][gc            ] GC(214) Pause Final Mark 0.362ms
[87.346s][info][gc,start      ] GC(214) Concurrent cleanup
[87.346s][info][gc            ] GC(214) Concurrent cleanup 393M->47M(500M) 0.095ms
[87.346s][info][gc,ergo       ] GC(214) Free: 426M, Max: 256K regular, 194M humongous, Frag: 55% external, 0% internal; Reserve: 25600K, Max: 256K
[87.346s][info][gc,ergo       ] Free: 426M, Max: 256K regular, 194M humongous, Frag: 55% external, 0% internal; Reserve: 25600K, Max: 256K
[87.346s][info][gc,stats      ] 
[87.346s][info][gc,stats      ] All times are wall-clock times, except per-root-class counters, that are sum over
[87.346s][info][gc,stats      ] all workers. Dividing the <total> over the root stage time estimates parallelism.
[87.346s][info][gc,stats      ] 
[87.346s][info][gc,stats      ] Concurrent Reset                    106 us
[87.346s][info][gc,stats      ] Pause Init Mark (G)                4882 us
[87.346s][info][gc,stats      ] Pause Init Mark (N)                1535 us
[87.346s][info][gc,stats      ]   Accumulate Stats                   20 us
[87.346s][info][gc,stats      ]   Make Parsable                      13 us
[87.346s][info][gc,stats      ]   Update Region States               23 us
[87.346s][info][gc,stats      ]   Scan Roots                       1410 us, parallelism: 0.78x
[87.346s][info][gc,stats      ]     S: <total>                     1099 us
[87.346s][info][gc,stats      ]     S: Thread Roots                 552 us, workers (us): 552, 
[87.346s][info][gc,stats      ]     S: Universe Roots                 2 us, workers (us):   2, 
[87.346s][info][gc,stats      ]     S: JNI Handles Roots              2 us, workers (us):   2, 
[87.346s][info][gc,stats      ]     S: Synchronizer Roots             0 us, workers (us):   0, 
[87.346s][info][gc,stats      ]     S: Management Roots               2 us, workers (us):   2, 
[87.346s][info][gc,stats      ]     S: System Dict Roots             10 us, workers (us):  10, 
[87.346s][info][gc,stats      ]     S: CLDG Roots                   530 us, workers (us): 530, 
[87.346s][info][gc,stats      ]     S: JVMTI Roots                    1 us, workers (us):   1, 
[87.346s][info][gc,stats      ]   Resize TLABs                       20 us
[87.346s][info][gc,stats      ] Concurrent Marking                29826 us
[87.346s][info][gc,stats      ] Pause Final Mark (G)                527 us
[87.346s][info][gc,stats      ] Pause Final Mark (N)                346 us
[87.346s][info][gc,stats      ]   Finish Queues                      18 us
[87.346s][info][gc,stats      ]   System Purge                      254 us
[87.346s][info][gc,stats      ]     Weak Roots                      254 us
[87.346s][info][gc,stats      ]   Update Region States               26 us
[87.346s][info][gc,stats      ]   Retire TLABs                       16 us
[87.346s][info][gc,stats      ]   Choose Collection Set              18 us
[87.346s][info][gc,stats      ]   Rebuild Free Set                    7 us
[87.346s][info][gc,stats      ] Concurrent Cleanup                   89 us
[87.346s][info][gc,stats      ] Pacing                             3526 us
[87.346s][info][gc,stats      ] 
[87.346s][info][gc,stats      ] Allocation pacing accrued:
[87.346s][info][gc,stats      ]       4 of   304 ms (  1.2%): Executor task launch worker for task 0.0 in stage 22.0 (TID 22)
[87.346s][info][gc,stats      ]       4 of   304 ms (  1.2%): <total>
[87.346s][info][gc,stats      ]       0 of   304 ms (  0.0%): <average total>
[87.346s][info][gc,stats      ]       4 of   304 ms (  1.2%): <average non-zero>
[87.346s][info][gc,stats      ] 
[87.346s][info][gc,metaspace  ] Metaspace: 60916K->60916K(1103872K)
[87.346s][info][gc,ergo       ] Pacer for Idle. Initial: 10240K, Alloc Tax Rate: 1.0x
[87.599s][info][gc            ] Trigger: Explicit GC request (System.gc())
[87.599s][info][gc,ergo       ] Free: 159M, Max: 256K regular, 80128K humongous, Frag: 52% external, 1% internal; Reserve: 25600K, Max: 256K
[87.600s][info][gc,start      ] GC(215) Concurrent reset
[87.600s][info][gc,task       ] GC(215) Using 1 of 1 workers for concurrent reset
[87.600s][info][gc,ergo       ] GC(215) Pacer for Reset. Non-Taxable: 500M
[87.600s][info][gc            ] GC(215) Concurrent reset 0.119ms
[87.600s][info][gc,start      ] GC(215) Pause Init Mark (process weakrefs) (unload classes)
[87.600s][info][gc,task       ] GC(215) Using 1 of 1 workers for init marking
[87.601s][info][gc,ergo       ] GC(215) Pacer for Mark. Expected Live: 44558K, Free: 159M, Non-Taxable: 16377K, Alloc Tax Rate: 0.3x
[87.601s][info][gc            ] GC(215) Pause Init Mark (process weakrefs) (unload classes) 0.979ms
[87.601s][info][gc,start      ] GC(215) Concurrent marking (process weakrefs) (unload classes)
[87.601s][info][gc,task       ] GC(215) Using 1 of 1 workers for concurrent marking
[87.663s][info][gc            ] GC(215) Concurrent marking (process weakrefs) (unload classes) 62.296ms
[87.663s][info][gc,start      ] GC(215) Concurrent precleaning
[87.663s][info][gc,task       ] GC(215) Using 1 of 1 workers for concurrent preclean
[87.663s][info][gc,ergo       ] GC(215) Pacer for Precleaning. Non-Taxable: 500M
[87.664s][info][gc            ] GC(215) Concurrent precleaning 0.267ms
[87.664s][info][gc,start      ] GC(215) Pause Final Mark (process weakrefs) (unload classes)
[87.664s][info][gc,task       ] GC(215) Using 1 of 1 workers for final marking
[87.688s][info][gc,stringtable] GC(215) Cleaned string and symbol table, strings: 18619 processed, 0 removed, symbols: 131754 processed, 0 removed
[87.689s][info][gc,ergo       ] GC(215) Collectable Garbage: 282M (97%), Immediate: 282M (97%), CSet: 0B (0%)
[87.689s][info][gc            ] GC(215) Pause Final Mark (process weakrefs) (unload classes) 25.135ms
[87.689s][info][gc,start      ] GC(215) Concurrent cleanup
[87.689s][info][gc            ] GC(215) Concurrent cleanup 313M->31M(500M) 0.084ms
[87.689s][info][gc,ergo       ] GC(215) Free: 442M, Max: 256K regular, 194M humongous, Frag: 56% external, 0% internal; Reserve: 25600K, Max: 256K
[87.689s][info][gc,ergo       ] Free: 442M, Max: 256K regular, 194M humongous, Frag: 56% external, 0% internal; Reserve: 25600K, Max: 256K
[87.689s][info][gc,stats      ] 
[87.689s][info][gc,stats      ] All times are wall-clock times, except per-root-class counters, that are sum over
[87.689s][info][gc,stats      ] all workers. Dividing the <total> over the root stage time estimates parallelism.
[87.689s][info][gc,stats      ] 
[87.689s][info][gc,stats      ] Concurrent Reset                    105 us
[87.689s][info][gc,stats      ] Pause Init Mark (G)                1294 us
[87.689s][info][gc,stats      ] Pause Init Mark (N)                 966 us
[87.689s][info][gc,stats      ]   Accumulate Stats                   20 us
[87.689s][info][gc,stats      ]   Make Parsable                      15 us
[87.689s][info][gc,stats      ]   Update Region States               22 us
[87.689s][info][gc,stats      ]   Scan Roots                        879 us, parallelism: 0.66x
[87.689s][info][gc,stats      ]     S: <total>                      578 us
[87.689s][info][gc,stats      ]     S: Thread Roots                 461 us, workers (us): 461, 
[87.689s][info][gc,stats      ]     S: Universe Roots                 2 us, workers (us):   2, 
[87.689s][info][gc,stats      ]     S: JNI Handles Roots              1 us, workers (us):   1, 
[87.689s][info][gc,stats      ]     S: Synchronizer Roots             1 us, workers (us):   1, 
[87.689s][info][gc,stats      ]     S: Management Roots               1 us, workers (us):   1, 
[87.689s][info][gc,stats      ]     S: System Dict Roots             11 us, workers (us):  11, 
[87.689s][info][gc,stats      ]     S: CLDG Roots                   101 us, workers (us): 101, 
[87.689s][info][gc,stats      ]     S: JVMTI Roots                    1 us, workers (us):   1, 
[87.689s][info][gc,stats      ]   Resize TLABs                        8 us
[87.689s][info][gc,stats      ] Concurrent Marking                62289 us
[87.689s][info][gc,stats      ] Concurrent Precleaning              260 us
[87.689s][info][gc,stats      ] Pause Final Mark (G)              25344 us
[87.689s][info][gc,stats      ] Pause Final Mark (N)              25126 us
[87.689s][info][gc,stats      ]   Finish Queues                     168 us
[87.689s][info][gc,stats      ]   Weak References                    55 us
[87.689s][info][gc,stats      ]     Process                          53 us
[87.689s][info][gc,stats      ]   System Purge                      306 us
[87.689s][info][gc,stats      ]     Unload Classes                 1020 us
[87.689s][info][gc,stats      ]     Cleanup                       23231 us, parallelism: 1.00x
[87.689s][info][gc,stats      ]       CU: <total>                 23143 us
[87.689s][info][gc,stats      ]       CU: Code Cache Roots         9506 us, workers (us): 9506, 
[87.689s][info][gc,stats      ]       CU: Code Cache Cleaning      1622 us, workers (us): 1622, 
[87.689s][info][gc,stats      ]       CU: String Table Roots       5661 us, workers (us): 5661, 
[87.689s][info][gc,stats      ]       CU: Resolved Table Roots      135 us, workers (us): 135, 
[87.689s][info][gc,stats      ]       CU: CLDG Roots               6219 us, workers (us): 6219, 
[87.689s][info][gc,stats      ]     Weak Roots                      306 us
[87.689s][info][gc,stats      ]     CLDG                            241 us
[87.689s][info][gc,stats      ]   Update Region States               30 us
[87.689s][info][gc,stats      ]   Retire TLABs                       41 us
[87.689s][info][gc,stats      ]   Choose Collection Set              19 us
[87.689s][info][gc,stats      ]   Rebuild Free Set                    7 us
[87.689s][info][gc,stats      ] Concurrent Cleanup                   75 us
[87.689s][info][gc,stats      ] Pacing                             8263 us
[87.689s][info][gc,stats      ] 
[87.689s][info][gc,stats      ] Allocation pacing accrued:
[87.689s][info][gc,stats      ]       8 of   343 ms (  2.4%): Executor task launch worker for task 0.0 in stage 23.0 (TID 23)
[87.689s][info][gc,stats      ]       8 of   343 ms (  2.4%): <total>
[87.689s][info][gc,stats      ]       0 of   343 ms (  0.0%): <average total>
[87.689s][info][gc,stats      ]       8 of   343 ms (  2.4%): <average non-zero>
[87.689s][info][gc,stats      ] 
[87.689s][info][gc,metaspace  ] Metaspace: 60950K->60572K(1103872K)
[87.689s][info][gc,ergo       ] Pacer for Idle. Initial: 10240K, Alloc Tax Rate: 1.0x
[87.689s][info][gc,start      ] Concurrent uncommit
[87.713s][info][gc            ] Concurrent uncommit 31M->31M(33M) 23.868ms
[87.992s][info][gc            ] Trigger: Learning 2 of 5. Free (347M) is below initial threshold (350M)
[88.002s][info][gc,ergo       ] Free: 342M, Max: 256K regular, 136M humongous, Frag: 61% external, 0% internal; Reserve: 25600K, Max: 256K
[88.002s][info][gc,start      ] GC(216) Concurrent reset
[88.002s][info][gc,task       ] GC(216) Using 1 of 1 workers for concurrent reset
[88.002s][info][gc,ergo       ] GC(216) Pacer for Reset. Non-Taxable: 500M
[88.002s][info][gc            ] GC(216) Concurrent reset 0.123ms
[88.009s][info][gc,start      ] GC(216) Pause Init Mark
[88.009s][info][gc,task       ] GC(216) Using 1 of 1 workers for init marking
[88.011s][info][gc,ergo       ] GC(216) Pacer for Mark. Expected Live: 24777K, Free: 342M, Non-Taxable: 35091K, Alloc Tax Rate: 0.1x
[88.011s][info][gc            ] GC(216) Pause Init Mark 1.770ms
[88.011s][info][gc,start      ] GC(216) Concurrent marking
[88.011s][info][gc,task       ] GC(216) Using 1 of 1 workers for concurrent marking
[88.100s][info][gc            ] GC(216) Concurrent marking 89.149ms
[88.100s][info][gc,start      ] GC(216) Pause Final Mark
[88.100s][info][gc,task       ] GC(216) Using 1 of 1 workers for final marking
[88.101s][info][gc,ergo       ] GC(216) Adaptive CSet Selection. Target Free: 72533K, Actual Free: 338M, Max CSet: 21333K, Min Garbage: 0B
[88.102s][info][gc,ergo       ] GC(216) Collectable Garbage: 100610K (98%), Immediate: 7912K (7%), CSet: 92698K (90%)
[88.105s][info][gc,ergo       ] GC(216) Pacer for Evacuation. Used CSet: 99156K, Free: 315M, Non-Taxable: 32351K, Alloc Tax Rate: 1.1x
[88.105s][info][gc            ] GC(216) Pause Final Mark 4.119ms
[88.105s][info][gc,start      ] GC(216) Concurrent cleanup
[88.105s][info][gc            ] GC(216) Concurrent cleanup 165M->157M(169M) 0.044ms
[88.105s][info][gc,ergo       ] GC(216) Free: 315M, Max: 256K regular, 113M humongous, Frag: 65% external, 0% internal; Reserve: 25088K, Max: 256K
[88.105s][info][gc,start      ] GC(216) Concurrent evacuation
[88.105s][info][gc,task       ] GC(216) Using 1 of 1 workers for concurrent evacuation
[88.119s][info][gc            ] GC(216) Concurrent evacuation 14.186ms
[88.121s][info][gc,start      ] GC(216) Pause Init Update Refs
[88.121s][info][gc,ergo       ] GC(216) Pacer for Update Refs. Used: 174M, Free: 305M, Non-Taxable: 31251K, Alloc Tax Rate: 1.1x
[88.121s][info][gc            ] GC(216) Pause Init Update Refs 0.031ms
[88.121s][info][gc,start      ] GC(216) Concurrent update references
[88.121s][info][gc,task       ] GC(216) Using 1 of 1 workers for concurrent reference update
[88.207s][info][gc            ] GC(216) Concurrent update references 85.906ms
[88.212s][info][gc,start      ] GC(216) Pause Final Update Refs
[88.212s][info][gc,task       ] GC(216) Using 1 of 1 workers for final reference update
[88.212s][info][gc            ] GC(216) Pause Final Update Refs 0.665ms
[88.214s][info][gc,start      ] GC(216) Concurrent cleanup
[88.214s][info][gc            ] GC(216) Concurrent cleanup 213M->119M(215M) 0.079ms
[88.214s][info][gc,ergo       ] Free: 354M, Max: 256K regular, 175M humongous, Frag: 51% external, 0% internal; Reserve: 25600K, Max: 256K
[88.214s][info][gc,stats      ] 
[88.214s][info][gc,stats      ] All times are wall-clock times, except per-root-class counters, that are sum over
[88.214s][info][gc,stats      ] all workers. Dividing the <total> over the root stage time estimates parallelism.
[88.214s][info][gc,stats      ] 
[88.214s][info][gc,stats      ] Concurrent Reset                    112 us
[88.214s][info][gc,stats      ] Pause Init Mark (G)                8709 us
[88.214s][info][gc,stats      ] Pause Init Mark (N)                1720 us
[88.214s][info][gc,stats      ]   Accumulate Stats                   21 us
[88.214s][info][gc,stats      ]   Make Parsable                      21 us
[88.214s][info][gc,stats      ]   Update Region States               36 us
[88.214s][info][gc,stats      ]   Scan Roots                       1581 us, parallelism: 0.83x
[88.214s][info][gc,stats      ]     S: <total>                     1316 us
[88.214s][info][gc,stats      ]     S: Thread Roots                 694 us, workers (us): 694, 
[88.214s][info][gc,stats      ]     S: Universe Roots                 2 us, workers (us):   2, 
[88.214s][info][gc,stats      ]     S: JNI Handles Roots              1 us, workers (us):   1, 
[88.214s][info][gc,stats      ]     S: Synchronizer Roots             0 us, workers (us):   0, 
[88.214s][info][gc,stats      ]     S: Management Roots               1 us, workers (us):   1, 
[88.214s][info][gc,stats      ]     S: System Dict Roots             10 us, workers (us):  10, 
[88.214s][info][gc,stats      ]     S: CLDG Roots                   607 us, workers (us): 607, 
[88.214s][info][gc,stats      ]     S: JVMTI Roots                    1 us, workers (us):   1, 
[88.214s][info][gc,stats      ]   Resize TLABs                       18 us
[88.214s][info][gc,stats      ] Concurrent Marking                89138 us
[88.214s][info][gc,stats      ] Pause Final Mark (G)               4564 us
[88.214s][info][gc,stats      ] Pause Final Mark (N)               4092 us
[88.214s][info][gc,stats      ]   Finish Queues                      88 us
[88.214s][info][gc,stats      ]   System Purge                      601 us
[88.214s][info][gc,stats      ]     Weak Roots                      600 us
[88.214s][info][gc,stats      ]   Update Region States               62 us
[88.214s][info][gc,stats      ]   Retire TLABs                       35 us
[88.214s][info][gc,stats      ]   Choose Collection Set             343 us
[88.214s][info][gc,stats      ]   Rebuild Free Set                   25 us
[88.214s][info][gc,stats      ]   Initial Evacuation               2921 us, parallelism: 0.66x
[88.214s][info][gc,stats      ]     E: <total>                     1921 us
[88.214s][info][gc,stats      ]     E: Thread Roots                 710 us, workers (us): 710, 
[88.214s][info][gc,stats      ]     E: Code Cache Roots             550 us, workers (us): 550, 
[88.214s][info][gc,stats      ]     E: Universe Roots                 2 us, workers (us):   2, 
[88.214s][info][gc,stats      ]     E: JNI Handles Roots             44 us, workers (us):  44, 
[88.214s][info][gc,stats      ]     E: Synchronizer Roots             0 us, workers (us):   0, 
[88.214s][info][gc,stats      ]     E: Management Roots               3 us, workers (us):   3, 
[88.214s][info][gc,stats      ]     E: System Dict Roots             18 us, workers (us):  18, 
[88.214s][info][gc,stats      ]     E: CLDG Roots                   593 us, workers (us): 593, 
[88.214s][info][gc,stats      ]     E: JVMTI Roots                    1 us, workers (us):   1, 
[88.214s][info][gc,stats      ] Concurrent Cleanup                   36 us
[88.214s][info][gc,stats      ] Concurrent Evacuation             14174 us
[88.214s][info][gc,stats      ] Pause Init  Update Refs (G)        2365 us
[88.214s][info][gc,stats      ] Pause Init  Update Refs (N)          18 us
[88.214s][info][gc,stats      ]   Retire GCLABs                      10 us
[88.214s][info][gc,stats      ] Concurrent Update Refs            85892 us
[88.214s][info][gc,stats      ] Pause Final Update Refs (G)        6646 us
[88.214s][info][gc,stats      ] Pause Final Update Refs (N)         619 us
[88.214s][info][gc,stats      ]   Update Roots                      571 us, parallelism: 0.98x
[88.214s][info][gc,stats      ]     UR: <total>                     558 us
[88.214s][info][gc,stats      ]     UR: Thread Roots                558 us, workers (us): 558, 
[88.214s][info][gc,stats      ]   Update Region States               28 us
[88.214s][info][gc,stats      ]   Trash Collection Set                3 us
[88.214s][info][gc,stats      ]   Rebuild Free Set                    8 us
[88.214s][info][gc,stats      ] Concurrent Cleanup                   53 us
[88.214s][info][gc,stats      ] 
[88.214s][info][gc,stats      ] Allocation pacing accrued:
[88.214s][info][gc,stats      ]       0 of   525 ms (  0.0%): <total>
[88.214s][info][gc,stats      ]       0 of   525 ms (  0.0%): <average total>
[88.214s][info][gc,stats      ] 
[88.214s][info][gc,metaspace  ] Metaspace: 60829K->60829K(1103872K)
[88.214s][info][gc,ergo       ] Pacer for Idle. Initial: 10240K, Alloc Tax Rate: 1.0x
[88.218s][info][gc            ] Trigger: Learning 3 of 5. Free (347M) is below initial threshold (350M)
[88.218s][info][gc,ergo       ] Free: 347M, Max: 256K regular, 175M humongous, Frag: 50% external, 0% internal; Reserve: 25600K, Max: 256K
[88.218s][info][gc,start      ] GC(217) Concurrent reset
[88.218s][info][gc,task       ] GC(217) Using 1 of 1 workers for concurrent reset
[88.218s][info][gc,ergo       ] GC(217) Pacer for Reset. Non-Taxable: 500M
[88.218s][info][gc            ] GC(217) Concurrent reset 0.250ms
[88.220s][info][gc,start      ] GC(217) Pause Init Mark
[88.220s][info][gc,task       ] GC(217) Using 1 of 1 workers for init marking
[88.222s][info][gc,ergo       ] GC(217) Pacer for Mark. Expected Live: 25778K, Free: 347M, Non-Taxable: 35551K, Alloc Tax Rate: 0.1x
[88.222s][info][gc            ] GC(217) Pause Init Mark 1.830ms
[88.222s][info][gc,start      ] GC(217) Concurrent marking
[88.222s][info][gc,task       ] GC(217) Using 1 of 1 workers for concurrent marking
[88.300s][info][gc            ] GC(217) Concurrent marking 77.435ms
[88.300s][info][gc,start      ] GC(217) Pause Final Mark
[88.300s][info][gc,task       ] GC(217) Using 1 of 1 workers for final marking
[88.301s][info][gc,ergo       ] GC(217) Adaptive CSet Selection. Target Free: 72533K, Actual Free: 314M, Max CSet: 21333K, Min Garbage: 0B
[88.301s][info][gc,ergo       ] GC(217) Collectable Garbage: 90121K (97%), Immediate: 256K (0%), CSet: 89865K (97%)
[88.305s][info][gc,ergo       ] GC(217) Pacer for Evacuation. Used CSet: 97024K, Free: 290M, Non-Taxable: 29714K, Alloc Tax Rate: 1.1x
[88.305s][info][gc            ] GC(217) Pause Final Mark 4.999ms
[88.311s][info][gc,start      ] GC(217) Concurrent cleanup
[88.311s][info][gc            ] GC(217) Concurrent cleanup 187M->187M(215M) 0.130ms
[88.311s][info][gc,ergo       ] GC(217) Free: 286M, Max: 256K regular, 175M humongous, Frag: 39% external, 0% internal; Reserve: 25585K, Max: 256K
[88.311s][info][gc,start      ] GC(217) Concurrent evacuation
[88.311s][info][gc,task       ] GC(217) Using 1 of 1 workers for concurrent evacuation
[88.346s][info][gc            ] GC(217) Concurrent evacuation 34.632ms
[88.349s][info][gc,start      ] GC(217) Pause Init Update Refs
[88.349s][info][gc,ergo       ] GC(217) Pacer for Update Refs. Used: 205M, Free: 275M, Non-Taxable: 28204K, Alloc Tax Rate: 1.1x
[88.349s][info][gc            ] GC(217) Pause Init Update Refs 0.041ms
[88.349s][info][gc,start      ] GC(217) Concurrent update references
[88.349s][info][gc,task       ] GC(217) Using 1 of 1 workers for concurrent reference update
[88.454s][info][gc            ] GC(217) Concurrent update references 105.411ms
[88.458s][info][gc,start      ] GC(217) Pause Final Update Refs
[88.458s][info][gc,task       ] GC(217) Using 1 of 1 workers for final reference update
[88.459s][info][gc            ] GC(217) Pause Final Update Refs 0.656ms
[88.459s][info][gc,start      ] GC(217) Concurrent cleanup
[88.459s][info][gc            ] GC(217) Concurrent cleanup 273M->178M(279M) 0.058ms
[88.459s][info][gc,ergo       ] Free: 294M, Max: 256K regular, 168M humongous, Frag: 43% external, 0% internal; Reserve: 25600K, Max: 256K
[88.459s][info][gc,stats      ] 
[88.459s][info][gc,stats      ] All times are wall-clock times, except per-root-class counters, that are sum over
[88.459s][info][gc,stats      ] all workers. Dividing the <total> over the root stage time estimates parallelism.
[88.459s][info][gc,stats      ] 
[88.459s][info][gc,stats      ] Concurrent Reset                    243 us
[88.459s][info][gc,stats      ] Pause Init Mark (G)                4183 us
[88.459s][info][gc,stats      ] Pause Init Mark (N)                1798 us
[88.459s][info][gc,stats      ]   Accumulate Stats                   22 us
[88.459s][info][gc,stats      ]   Make Parsable                      16 us
[88.459s][info][gc,stats      ]   Update Region States               42 us
[88.459s][info][gc,stats      ]   Scan Roots                       1626 us, parallelism: 0.81x
[88.459s][info][gc,stats      ]     S: <total>                     1318 us
[88.459s][info][gc,stats      ]     S: Thread Roots                 760 us, workers (us): 760, 
[88.459s][info][gc,stats      ]     S: Universe Roots                 2 us, workers (us):   2, 
[88.459s][info][gc,stats      ]     S: JNI Handles Roots             12 us, workers (us):  12, 
[88.459s][info][gc,stats      ]     S: Synchronizer Roots             0 us, workers (us):   0, 
[88.459s][info][gc,stats      ]     S: Management Roots               2 us, workers (us):   2, 
[88.459s][info][gc,stats      ]     S: System Dict Roots             11 us, workers (us):  11, 
[88.459s][info][gc,stats      ]     S: CLDG Roots                   529 us, workers (us): 529, 
[88.459s][info][gc,stats      ]     S: JVMTI Roots                    1 us, workers (us):   1, 
[88.459s][info][gc,stats      ]   Resize TLABs                       28 us
[88.459s][info][gc,stats      ] Concurrent Marking                77421 us
[88.459s][info][gc,stats      ] Pause Final Mark (G)              10902 us
[88.459s][info][gc,stats      ] Pause Final Mark (N)               4962 us
[88.459s][info][gc,stats      ]   Finish Queues                      45 us
[88.459s][info][gc,stats      ]   System Purge                      534 us
[88.459s][info][gc,stats      ]     Weak Roots                      533 us
[88.459s][info][gc,stats      ]   Update Region States               63 us
[88.459s][info][gc,stats      ]   Retire TLABs                       66 us
[88.459s][info][gc,stats      ]   Choose Collection Set             242 us
[88.459s][info][gc,stats      ]   Rebuild Free Set                   21 us
[88.459s][info][gc,stats      ]   Initial Evacuation               3976 us, parallelism: 0.70x
[88.459s][info][gc,stats      ]     E: <total>                     2771 us
[88.459s][info][gc,stats      ]     E: Thread Roots                1453 us, workers (us): 1453, 
[88.459s][info][gc,stats      ]     E: Code Cache Roots             335 us, workers (us): 335, 
[88.459s][info][gc,stats      ]     E: Universe Roots                 2 us, workers (us):   2, 
[88.459s][info][gc,stats      ]     E: JNI Handles Roots              1 us, workers (us):   1, 
[88.459s][info][gc,stats      ]     E: Synchronizer Roots             0 us, workers (us):   0, 
[88.459s][info][gc,stats      ]     E: Management Roots               2 us, workers (us):   2, 
[88.459s][info][gc,stats      ]     E: System Dict Roots             14 us, workers (us):  14, 
[88.459s][info][gc,stats      ]     E: CLDG Roots                   964 us, workers (us): 964, 
[88.459s][info][gc,stats      ]     E: JVMTI Roots                    1 us, workers (us):   1, 
[88.459s][info][gc,stats      ] Concurrent Cleanup                   72 us
[88.459s][info][gc,stats      ] Concurrent Evacuation             34616 us
[88.459s][info][gc,stats      ] Pause Init  Update Refs (G)        3472 us
[88.459s][info][gc,stats      ] Pause Init  Update Refs (N)          18 us
[88.459s][info][gc,stats      ]   Retire GCLABs                      11 us
[88.459s][info][gc,stats      ] Concurrent Update Refs           105398 us
[88.459s][info][gc,stats      ] Pause Final Update Refs (G)        4146 us
[88.459s][info][gc,stats      ] Pause Final Update Refs (N)         624 us
[88.459s][info][gc,stats      ]   Update Roots                      578 us, parallelism: 0.98x
[88.459s][info][gc,stats      ]     UR: <total>                     569 us
[88.459s][info][gc,stats      ]     UR: Thread Roots                569 us, workers (us): 569, 
[88.459s][info][gc,stats      ]   Update Region States               28 us
[88.459s][info][gc,stats      ]   Trash Collection Set                2 us
[88.459s][info][gc,stats      ]   Rebuild Free Set                    7 us
[88.459s][info][gc,stats      ] Concurrent Cleanup                   50 us
[88.459s][info][gc,stats      ] 
[88.459s][info][gc,stats      ] Allocation pacing accrued:
[88.459s][info][gc,stats      ]       0 of   245 ms (  0.0%): <total>
[88.459s][info][gc,stats      ]       0 of   245 ms (  0.0%): <average total>
[88.459s][info][gc,stats      ] 
[88.459s][info][gc,metaspace  ] Metaspace: 60829K->60829K(1103872K)
[88.459s][info][gc,ergo       ] Pacer for Idle. Initial: 10240K, Alloc Tax Rate: 1.0x
[88.460s][info][gc            ] Trigger: Learning 4 of 5. Free (292M) is below initial threshold (350M)
[88.460s][info][gc,ergo       ] Free: 292M, Max: 256K regular, 168M humongous, Frag: 43% external, 0% internal; Reserve: 25600K, Max: 256K
[88.460s][info][gc,start      ] GC(218) Concurrent reset
[88.460s][info][gc,task       ] GC(218) Using 1 of 1 workers for concurrent reset
[88.460s][info][gc,ergo       ] GC(218) Pacer for Reset. Non-Taxable: 500M
[88.460s][info][gc            ] GC(218) Concurrent reset 0.198ms
[88.463s][info][gc,start      ] GC(218) Pause Init Mark
[88.463s][info][gc,task       ] GC(218) Using 1 of 1 workers for init marking
[88.464s][info][gc,ergo       ] GC(218) Pacer for Mark. Expected Live: 28249K, Free: 292M, Non-Taxable: 29945K, Alloc Tax Rate: 0.1x
[88.464s][info][gc            ] GC(218) Pause Init Mark 1.654ms
[88.464s][info][gc,start      ] GC(218) Concurrent marking
[88.464s][info][gc,task       ] GC(218) Using 1 of 1 workers for concurrent marking
[88.548s][info][gc            ] GC(218) Concurrent marking 84.035ms
[88.549s][info][gc,start      ] GC(218) Pause Final Mark
[88.549s][info][gc,task       ] GC(218) Using 1 of 1 workers for final marking
[88.549s][info][gc,ergo       ] GC(218) Adaptive CSet Selection. Target Free: 72533K, Actual Free: 247M, Max CSet: 21333K, Min Garbage: 0B
[88.549s][info][gc,ergo       ] GC(218) Collectable Garbage: 131M (98%), Immediate: 512K (0%), CSet: 131M (98%)
[88.551s][info][gc,ergo       ] GC(218) Pacer for Evacuation. Used CSet: 141M, Free: 222M, Non-Taxable: 22777K, Alloc Tax Rate: 1.6x
[88.551s][info][gc            ] GC(218) Pause Final Mark 2.494ms
[88.551s][info][gc,start      ] GC(218) Concurrent cleanup
[88.551s][info][gc            ] GC(218) Concurrent cleanup 251M->251M(279M) 0.043ms
[88.551s][info][gc,ergo       ] GC(218) Free: 222M, Max: 256K regular, 168M humongous, Frag: 25% external, 0% internal; Reserve: 25600K, Max: 256K
[88.551s][info][gc,start      ] GC(218) Concurrent evacuation
[88.551s][info][gc,task       ] GC(218) Using 1 of 1 workers for concurrent evacuation
[88.580s][info][gc            ] GC(218) Concurrent evacuation 29.207ms
[88.584s][info][gc,start      ] GC(218) Pause Init Update Refs
[88.584s][info][gc,ergo       ] GC(218) Pacer for Update Refs. Used: 284M, Free: 199M, Non-Taxable: 20422K, Alloc Tax Rate: 1.7x
[88.584s][info][gc            ] GC(218) Pause Init Update Refs 0.042ms
[88.584s][info][gc,start      ] GC(218) Concurrent update references
[88.584s][info][gc,task       ] GC(218) Using 1 of 1 workers for concurrent reference update
[88.727s][info][gc            ] GC(218) Concurrent update references 143.349ms
[88.731s][info][gc,start      ] GC(218) Pause Final Update Refs
[88.731s][info][gc,task       ] GC(218) Using 1 of 1 workers for final reference update
[88.732s][info][gc            ] GC(218) Pause Final Update Refs 0.605ms
[88.732s][info][gc,start      ] GC(218) Concurrent cleanup
[88.732s][info][gc            ] GC(218) Concurrent cleanup 378M->236M(381M) 0.062ms
[88.732s][info][gc,ergo       ] Free: 237M, Max: 256K regular, 97792K humongous, Frag: 60% external, 0% internal; Reserve: 25600K, Max: 256K
[88.732s][info][gc,stats      ] 
[88.732s][info][gc,stats      ] All times are wall-clock times, except per-root-class counters, that are sum over
[88.732s][info][gc,stats      ] all workers. Dividing the <total> over the root stage time estimates parallelism.
[88.732s][info][gc,stats      ] 
[88.732s][info][gc,stats      ] Concurrent Reset                    192 us
[88.732s][info][gc,stats      ] Pause Init Mark (G)                3964 us
[88.732s][info][gc,stats      ] Pause Init Mark (N)                1628 us
[88.732s][info][gc,stats      ]   Accumulate Stats                   21 us
[88.732s][info][gc,stats      ]   Make Parsable                      15 us
[88.732s][info][gc,stats      ]   Update Region States               25 us
[88.732s][info][gc,stats      ]   Scan Roots                       1499 us, parallelism: 0.82x
[88.732s][info][gc,stats      ]     S: <total>                     1223 us
[88.732s][info][gc,stats      ]     S: Thread Roots                 650 us, workers (us): 650, 
[88.732s][info][gc,stats      ]     S: Universe Roots                 3 us, workers (us):   3, 
[88.732s][info][gc,stats      ]     S: JNI Handles Roots              1 us, workers (us):   1, 
[88.732s][info][gc,stats      ]     S: Synchronizer Roots             0 us, workers (us):   0, 
[88.732s][info][gc,stats      ]     S: Management Roots               1 us, workers (us):   1, 
[88.732s][info][gc,stats      ]     S: System Dict Roots             11 us, workers (us):  11, 
[88.732s][info][gc,stats      ]     S: CLDG Roots                   556 us, workers (us): 556, 
[88.732s][info][gc,stats      ]     S: JVMTI Roots                    1 us, workers (us):   1, 
[88.732s][info][gc,stats      ]   Resize TLABs                       21 us
[88.732s][info][gc,stats      ] Concurrent Marking                84026 us
[88.732s][info][gc,stats      ] Pause Final Mark (G)               2671 us
[88.732s][info][gc,stats      ] Pause Final Mark (N)               2483 us
[88.732s][info][gc,stats      ]   Finish Queues                      16 us
[88.732s][info][gc,stats      ]   System Purge                      255 us
[88.732s][info][gc,stats      ]     Weak Roots                      254 us
[88.732s][info][gc,stats      ]   Update Region States               30 us
[88.732s][info][gc,stats      ]   Retire TLABs                       20 us
[88.732s][info][gc,stats      ]   Choose Collection Set              99 us
[88.732s][info][gc,stats      ]   Rebuild Free Set                    7 us
[88.732s][info][gc,stats      ]   Initial Evacuation               2050 us, parallelism: 0.64x
[88.732s][info][gc,stats      ]     E: <total>                     1319 us
[88.732s][info][gc,stats      ]     E: Thread Roots                 584 us, workers (us): 584, 
[88.732s][info][gc,stats      ]     E: Code Cache Roots             221 us, workers (us): 221, 
[88.732s][info][gc,stats      ]     E: Universe Roots                 1 us, workers (us):   1, 
[88.732s][info][gc,stats      ]     E: JNI Handles Roots              1 us, workers (us):   1, 
[88.732s][info][gc,stats      ]     E: Synchronizer Roots             0 us, workers (us):   0, 
[88.732s][info][gc,stats      ]     E: Management Roots               2 us, workers (us):   2, 
[88.732s][info][gc,stats      ]     E: System Dict Roots              9 us, workers (us):   9, 
[88.732s][info][gc,stats      ]     E: CLDG Roots                   501 us, workers (us): 501, 
[88.732s][info][gc,stats      ]     E: JVMTI Roots                    0 us, workers (us):   0, 
[88.732s][info][gc,stats      ] Concurrent Cleanup                   34 us
[88.732s][info][gc,stats      ] Concurrent Evacuation             29193 us
[88.732s][info][gc,stats      ] Pause Init  Update Refs (G)        3625 us
[88.732s][info][gc,stats      ] Pause Init  Update Refs (N)          19 us
[88.732s][info][gc,stats      ]   Retire GCLABs                      11 us
[88.732s][info][gc,stats      ] Concurrent Update Refs           143335 us
[88.732s][info][gc,stats      ] Pause Final Update Refs (G)        4139 us
[88.732s][info][gc,stats      ] Pause Final Update Refs (N)         575 us
[88.732s][info][gc,stats      ]   Update Roots                      528 us, parallelism: 0.98x
[88.732s][info][gc,stats      ]     UR: <total>                     518 us
[88.732s][info][gc,stats      ]     UR: Thread Roots                518 us, workers (us): 518, 
[88.732s][info][gc,stats      ]   Update Region States               27 us
[88.732s][info][gc,stats      ]   Trash Collection Set                3 us
[88.732s][info][gc,stats      ]   Rebuild Free Set                    8 us
[88.732s][info][gc,stats      ] Concurrent Cleanup                   54 us
[88.732s][info][gc,stats      ] Pacing                            11948 us
[88.732s][info][gc,stats      ] 
[88.732s][info][gc,stats      ] Allocation pacing accrued:
[88.732s][info][gc,stats      ]      12 of   273 ms (  4.4%): Executor task launch worker for task 0.0 in stage 24.0 (TID 24)
[88.732s][info][gc,stats      ]      12 of   273 ms (  4.4%): <total>
[88.732s][info][gc,stats      ]       0 of   273 ms (  0.0%): <average total>
[88.732s][info][gc,stats      ]      12 of   273 ms (  4.4%): <average non-zero>
[88.732s][info][gc,stats      ] 
[88.732s][info][gc,metaspace  ] Metaspace: 60829K->60829K(1103872K)
[88.732s][info][gc,ergo       ] Pacer for Idle. Initial: 10240K, Alloc Tax Rate: 1.0x
[88.734s][info][gc            ] Trigger: Learning 5 of 5. Free (233M) is below initial threshold (350M)
[88.734s][info][gc,ergo       ] Free: 233M, Max: 256K regular, 97792K humongous, Frag: 60% external, 0% internal; Reserve: 25600K, Max: 256K
[88.734s][info][gc,start      ] GC(219) Concurrent reset
[88.734s][info][gc,task       ] GC(219) Using 1 of 1 workers for concurrent reset
[88.734s][info][gc,ergo       ] GC(219) Pacer for Reset. Non-Taxable: 500M
[88.734s][info][gc            ] GC(219) Concurrent reset 0.295ms
[88.736s][info][gc,start      ] GC(219) Pause Init Mark
[88.736s][info][gc,task       ] GC(219) Using 1 of 1 workers for init marking
[88.738s][info][gc,ergo       ] GC(219) Pacer for Mark. Expected Live: 32972K, Free: 233M, Non-Taxable: 23936K, Alloc Tax Rate: 0.2x
[88.738s][info][gc            ] GC(219) Pause Init Mark 1.720ms
[88.738s][info][gc,start      ] GC(219) Concurrent marking
[88.738s][info][gc,task       ] GC(219) Using 1 of 1 workers for concurrent marking
[88.838s][info][gc            ] GC(219) Concurrent marking 99.663ms
[88.838s][info][gc,start      ] GC(219) Pause Final Mark
[88.838s][info][gc,task       ] GC(219) Using 1 of 1 workers for final marking
[88.838s][info][gc,ergo       ] GC(219) Adaptive CSet Selection. Target Free: 72533K, Actual Free: 194M, Max CSet: 21333K, Min Garbage: 0B
[88.839s][info][gc,ergo       ] GC(219) Collectable Garbage: 175M (98%), Immediate: 1024K (0%), CSet: 174M (98%)
[88.841s][info][gc,ergo       ] GC(219) Pacer for Evacuation. Used CSet: 188M, Free: 169M, Non-Taxable: 17382K, Alloc Tax Rate: 2.7x
[88.841s][info][gc            ] GC(219) Pause Final Mark 2.721ms
[88.841s][info][gc,start      ] GC(219) Concurrent cleanup
[88.841s][info][gc            ] GC(219) Concurrent cleanup 305M->304M(382M) 0.042ms
[88.841s][info][gc,ergo       ] GC(219) Free: 169M, Max: 256K regular, 97792K humongous, Frag: 44% external, 1% internal; Reserve: 25597K, Max: 256K
[88.841s][info][gc,start      ] GC(219) Concurrent evacuation
[88.841s][info][gc,task       ] GC(219) Using 1 of 1 workers for concurrent evacuation
[88.909s][info][gc            ] GC(219) Concurrent evacuation 68.367ms
[88.913s][info][gc,start      ] GC(219) Pause Init Update Refs
[88.913s][info][gc,ergo       ] GC(219) Pacer for Update Refs. Used: 356M, Free: 131M, Non-Taxable: 13490K, Alloc Tax Rate: 3.3x
[88.913s][info][gc            ] GC(219) Pause Init Update Refs 0.039ms
[88.913s][info][gc,start      ] GC(219) Concurrent update references
[88.913s][info][gc,task       ] GC(219) Using 1 of 1 workers for concurrent reference update
[89.052s][info][gc            ] GC(219) Concurrent update references 139.144ms
[89.055s][info][gc,start      ] GC(219) Pause Final Update Refs
[89.055s][info][gc,task       ] GC(219) Using 1 of 1 workers for final reference update
[89.055s][info][gc            ] GC(219) Pause Final Update Refs 0.577ms
[89.057s][info][gc,start      ] GC(219) Concurrent cleanup
[89.057s][info][gc            ] GC(219) Concurrent cleanup 449M->265M(452M) 0.077ms
[89.057s][info][gc,ergo       ] Free: 208M, Max: 256K regular, 96256K humongous, Frag: 55% external, 0% internal; Reserve: 25600K, Max: 256K
[89.057s][info][gc,stats      ] 
[89.057s][info][gc,stats      ] All times are wall-clock times, except per-root-class counters, that are sum over
[89.057s][info][gc,stats      ] all workers. Dividing the <total> over the root stage time estimates parallelism.
[89.057s][info][gc,stats      ] 
[89.057s][info][gc,stats      ] Concurrent Reset                    280 us
[89.057s][info][gc,stats      ] Pause Init Mark (G)                4044 us
[89.057s][info][gc,stats      ] Pause Init Mark (N)                1693 us
[89.057s][info][gc,stats      ]   Accumulate Stats                   21 us
[89.057s][info][gc,stats      ]   Make Parsable                      16 us
[89.057s][info][gc,stats      ]   Update Region States               22 us
[89.057s][info][gc,stats      ]   Scan Roots                       1569 us, parallelism: 0.80x
[89.057s][info][gc,stats      ]     S: <total>                     1248 us
[89.057s][info][gc,stats      ]     S: Thread Roots                 682 us, workers (us): 682, 
[89.057s][info][gc,stats      ]     S: Universe Roots                 3 us, workers (us):   3, 
[89.057s][info][gc,stats      ]     S: JNI Handles Roots              2 us, workers (us):   2, 
[89.057s][info][gc,stats      ]     S: Synchronizer Roots             1 us, workers (us):   1, 
[89.057s][info][gc,stats      ]     S: Management Roots               2 us, workers (us):   2, 
[89.057s][info][gc,stats      ]     S: System Dict Roots             15 us, workers (us):  15, 
[89.057s][info][gc,stats      ]     S: CLDG Roots                   544 us, workers (us): 544, 
[89.057s][info][gc,stats      ]     S: JVMTI Roots                    1 us, workers (us):   1, 
[89.057s][info][gc,stats      ]   Resize TLABs                       19 us
[89.057s][info][gc,stats      ] Concurrent Marking                99654 us
[89.057s][info][gc,stats      ] Pause Final Mark (G)               2892 us
[89.057s][info][gc,stats      ] Pause Final Mark (N)               2710 us
[89.057s][info][gc,stats      ]   Finish Queues                      15 us
[89.057s][info][gc,stats      ]   System Purge                      316 us
[89.057s][info][gc,stats      ]     Weak Roots                      315 us
[89.057s][info][gc,stats      ]   Update Region States               28 us
[89.057s][info][gc,stats      ]   Retire TLABs                       25 us
[89.057s][info][gc,stats      ]   Choose Collection Set             129 us
[89.057s][info][gc,stats      ]   Rebuild Free Set                    7 us
[89.057s][info][gc,stats      ]   Initial Evacuation               2183 us, parallelism: 0.73x
[89.057s][info][gc,stats      ]     E: <total>                     1591 us
[89.057s][info][gc,stats      ]     E: Thread Roots                 802 us, workers (us): 802, 
[89.057s][info][gc,stats      ]     E: Code Cache Roots             248 us, workers (us): 248, 
[89.057s][info][gc,stats      ]     E: Universe Roots                 1 us, workers (us):   1, 
[89.057s][info][gc,stats      ]     E: JNI Handles Roots              1 us, workers (us):   1, 
[89.057s][info][gc,stats      ]     E: Synchronizer Roots             0 us, workers (us):   0, 
[89.057s][info][gc,stats      ]     E: Management Roots               1 us, workers (us):   1, 
[89.057s][info][gc,stats      ]     E: System Dict Roots              8 us, workers (us):   8, 
[89.057s][info][gc,stats      ]     E: CLDG Roots                   529 us, workers (us): 529, 
[89.057s][info][gc,stats      ]     E: JVMTI Roots                    1 us, workers (us):   1, 
[89.057s][info][gc,stats      ] Concurrent Cleanup                   34 us
[89.057s][info][gc,stats      ] Concurrent Evacuation             68352 us
[89.057s][info][gc,stats      ] Pause Init  Update Refs (G)        3734 us
[89.057s][info][gc,stats      ] Pause Init  Update Refs (N)          18 us
[89.057s][info][gc,stats      ]   Retire GCLABs                      10 us
[89.057s][info][gc,stats      ] Concurrent Update Refs           139129 us
[89.057s][info][gc,stats      ] Pause Final Update Refs (G)        4933 us
[89.057s][info][gc,stats      ] Pause Final Update Refs (N)         562 us
[89.057s][info][gc,stats      ]   Update Roots                      517 us, parallelism: 0.98x
[89.057s][info][gc,stats      ]     UR: <total>                     509 us
[89.057s][info][gc,stats      ]     UR: Thread Roots                509 us, workers (us): 509, 
[89.057s][info][gc,stats      ]   Update Region States               27 us
[89.057s][info][gc,stats      ]   Trash Collection Set                4 us
[89.057s][info][gc,stats      ]   Rebuild Free Set                    7 us
[89.057s][info][gc,stats      ] Concurrent Cleanup                   61 us
[89.058s][info][gc,stats      ] Pacing                            50848 us
[89.058s][info][gc,stats      ] 
[89.058s][info][gc,stats      ] Allocation pacing accrued:
[89.058s][info][gc,stats      ]      11 of   326 ms (  3.3%): Spark Context Cleaner
[89.058s][info][gc,stats      ]      40 of   326 ms ( 12.3%): Executor task launch worker for task 0.0 in stage 24.0 (TID 24)
[89.058s][info][gc,stats      ]      51 of   326 ms ( 15.6%): <total>
[89.058s][info][gc,stats      ]       0 of   326 ms (  0.1%): <average total>
[89.058s][info][gc,stats      ]      25 of   326 ms (  7.8%): <average non-zero>
[89.058s][info][gc,stats      ] 
[89.058s][info][gc,metaspace  ] Metaspace: 60829K->60829K(1103872K)
[89.058s][info][gc,ergo       ] Pacer for Idle. Initial: 10240K, Alloc Tax Rate: 1.0x
[89.072s][info][gc            ] Trigger: Average GC time (227.48 ms) is above the time for allocation rate (690 MB/s) to deplete free headroom (151M)
[89.072s][info][gc,ergo       ] Free headroom: 176M (free) - 25600K (spike) - 0B (penalties) = 151M
[89.072s][info][gc,ergo       ] Free: 176M, Max: 256K regular, 96256K humongous, Frag: 47% external, 0% internal; Reserve: 25600K, Max: 256K
[89.072s][info][gc,start      ] GC(220) Concurrent reset
[89.072s][info][gc,task       ] GC(220) Using 1 of 1 workers for concurrent reset
[89.072s][info][gc,ergo       ] GC(220) Pacer for Reset. Non-Taxable: 500M
[89.072s][info][gc            ] GC(220) Concurrent reset 0.355ms
[89.075s][info][gc,start      ] GC(220) Pause Init Mark (process weakrefs)
[89.075s][info][gc,task       ] GC(220) Using 1 of 1 workers for init marking
[89.076s][info][gc,ergo       ] GC(220) Pacer for Mark. Expected Live: 40769K, Free: 176M, Non-Taxable: 18022K, Alloc Tax Rate: 0.3x
[89.076s][info][gc            ] GC(220) Pause Init Mark (process weakrefs) 1.587ms
[89.076s][info][gc,start      ] GC(220) Concurrent marking (process weakrefs)
[89.076s][info][gc,task       ] GC(220) Using 1 of 1 workers for concurrent marking
[89.209s][info][gc            ] GC(220) Concurrent marking (process weakrefs) 132.657ms
[89.209s][info][gc,start      ] GC(220) Concurrent precleaning
[89.209s][info][gc,task       ] GC(220) Using 1 of 1 workers for concurrent preclean
[89.209s][info][gc,ergo       ] GC(220) Pacer for Precleaning. Non-Taxable: 500M
[89.209s][info][gc            ] GC(220) Concurrent precleaning 0.526ms
[89.210s][info][gc,start      ] GC(220) Pause Final Mark (process weakrefs)
[89.210s][info][gc,task       ] GC(220) Using 1 of 1 workers for final marking
[89.210s][info][gc,ergo       ] GC(220) Adaptive CSet Selection. Target Free: 72533K, Actual Free: 152M, Max CSet: 21333K, Min Garbage: 0B
[89.210s][info][gc,ergo       ] GC(220) Collectable Garbage: 214M (99%), Immediate: 2048K (0%), CSet: 212M (98%)
[89.212s][info][gc,ergo       ] GC(220) Pacer for Evacuation. Used CSet: 229M, Free: 128M, Non-Taxable: 13107K, Alloc Tax Rate: 4.4x
[89.212s][info][gc            ] GC(220) Pause Final Mark (process weakrefs) 2.523ms
[89.212s][info][gc,start      ] GC(220) Concurrent cleanup
[89.212s][info][gc            ] GC(220) Concurrent cleanup 347M->345M(452M) 0.044ms
[89.212s][info][gc,ergo       ] GC(220) Free: 128M, Max: 256K regular, 96256K humongous, Frag: 27% external, 1% internal; Reserve: 25600K, Max: 256K
[89.212s][info][gc,start      ] GC(220) Concurrent evacuation
[89.212s][info][gc,task       ] GC(220) Using 1 of 1 workers for concurrent evacuation
[89.273s][info][gc            ] GC(220) Concurrent evacuation 60.254ms
[89.275s][info][gc,start      ] GC(220) Pause Init Update Refs
[89.275s][info][gc,ergo       ] GC(220) Pacer for Update Refs. Used: 396M, Free: 96768K, Non-Taxable: 9676K, Alloc Tax Rate: 5.1x
[89.275s][info][gc            ] GC(220) Pause Init Update Refs 0.055ms
[89.275s][info][gc,start      ] GC(220) Concurrent update references
[89.275s][info][gc,task       ] GC(220) Using 1 of 1 workers for concurrent reference update
[89.409s][info][gc            ] GC(220) Concurrent update references 134.175ms
[89.410s][info][gc,start      ] GC(220) Pause Final Update Refs
[89.410s][info][gc,task       ] GC(220) Using 1 of 1 workers for final reference update
[89.410s][info][gc            ] GC(220) Pause Final Update Refs 0.623ms
[89.410s][info][gc,start      ] GC(220) Concurrent cleanup
[89.410s][info][gc            ] GC(220) Concurrent cleanup 474M->245M(475M) 0.074ms
[89.410s][info][gc,ergo       ] Free: 228M, Max: 256K regular, 65024K humongous, Frag: 73% external, 1% internal; Reserve: 25600K, Max: 256K
[89.410s][info][gc,stats      ] 
[89.410s][info][gc,stats      ] All times are wall-clock times, except per-root-class counters, that are sum over
[89.410s][info][gc,stats      ] all workers. Dividing the <total> over the root stage time estimates parallelism.
[89.410s][info][gc,stats      ] 
[89.410s][info][gc,stats      ] Concurrent Reset                    346 us
[89.411s][info][gc,stats      ] Pause Init Mark (G)                3910 us
[89.411s][info][gc,stats      ] Pause Init Mark (N)                1562 us
[89.411s][info][gc,stats      ]   Accumulate Stats                   21 us
[89.411s][info][gc,stats      ]   Make Parsable                      17 us
[89.411s][info][gc,stats      ]   Update Region States               22 us
[89.411s][info][gc,stats      ]   Scan Roots                       1455 us, parallelism: 0.81x
[89.411s][info][gc,stats      ]     S: <total>                     1172 us
[89.411s][info][gc,stats      ]     S: Thread Roots                 635 us, workers (us): 635, 
[89.411s][info][gc,stats      ]     S: Universe Roots                 2 us, workers (us):   2, 
[89.411s][info][gc,stats      ]     S: JNI Handles Roots              1 us, workers (us):   1, 
[89.411s][info][gc,stats      ]     S: Synchronizer Roots             1 us, workers (us):   1, 
[89.411s][info][gc,stats      ]     S: Management Roots               2 us, workers (us):   2, 
[89.411s][info][gc,stats      ]     S: System Dict Roots             11 us, workers (us):  11, 
[89.411s][info][gc,stats      ]     S: CLDG Roots                   520 us, workers (us): 520, 
[89.411s][info][gc,stats      ]     S: JVMTI Roots                    1 us, workers (us):   1, 
[89.411s][info][gc,stats      ]   Resize TLABs                       15 us
[89.411s][info][gc,stats      ] Concurrent Marking               132648 us
[89.411s][info][gc,stats      ] Concurrent Precleaning              518 us
[89.411s][info][gc,stats      ] Pause Final Mark (G)               2803 us
[89.411s][info][gc,stats      ] Pause Final Mark (N)               2507 us
[89.411s][info][gc,stats      ]   Finish Queues                      23 us
[89.411s][info][gc,stats      ]   Weak References                    21 us
[89.411s][info][gc,stats      ]     Process                          18 us
[89.411s][info][gc,stats      ]   System Purge                      284 us
[89.411s][info][gc,stats      ]     Weak Roots                      284 us
[89.411s][info][gc,stats      ]   Update Region States               28 us
[89.411s][info][gc,stats      ]   Retire TLABs                       19 us
[89.411s][info][gc,stats      ]   Choose Collection Set             137 us
[89.411s][info][gc,stats      ]   Rebuild Free Set                    7 us
[89.411s][info][gc,stats      ]   Initial Evacuation               1982 us, parallelism: 0.67x
[89.411s][info][gc,stats      ]     E: <total>                     1322 us
[89.411s][info][gc,stats      ]     E: Thread Roots                 611 us, workers (us): 611, 
[89.411s][info][gc,stats      ]     E: Code Cache Roots             227 us, workers (us): 227, 
[89.411s][info][gc,stats      ]     E: Universe Roots                 1 us, workers (us):   1, 
[89.411s][info][gc,stats      ]     E: JNI Handles Roots              1 us, workers (us):   1, 
[89.411s][info][gc,stats      ]     E: Synchronizer Roots             0 us, workers (us):   0, 
[89.411s][info][gc,stats      ]     E: Management Roots               1 us, workers (us):   1, 
[89.411s][info][gc,stats      ]     E: System Dict Roots             10 us, workers (us):  10, 
[89.411s][info][gc,stats      ]     E: CLDG Roots                   470 us, workers (us): 470, 
[89.411s][info][gc,stats      ]     E: JVMTI Roots                    0 us, workers (us):   0, 
[89.411s][info][gc,stats      ] Concurrent Cleanup                   35 us
[89.411s][info][gc,stats      ] Concurrent Evacuation             60237 us
[89.411s][info][gc,stats      ] Pause Init  Update Refs (G)        2377 us
[89.411s][info][gc,stats      ] Pause Init  Update Refs (N)          20 us
[89.411s][info][gc,stats      ]   Retire GCLABs                       9 us
[89.411s][info][gc,stats      ] Concurrent Update Refs           134161 us
[89.411s][info][gc,stats      ] Pause Final Update Refs (G)         953 us
[89.411s][info][gc,stats      ] Pause Final Update Refs (N)         612 us
[89.411s][info][gc,stats      ]   Update Roots                      566 us, parallelism: 0.98x
[89.411s][info][gc,stats      ]     UR: <total>                     557 us
[89.411s][info][gc,stats      ]     UR: Thread Roots                557 us, workers (us): 557, 
[89.411s][info][gc,stats      ]   Update Region States               27 us
[89.411s][info][gc,stats      ]   Trash Collection Set                4 us
[89.411s][info][gc,stats      ]   Rebuild Free Set                    7 us
[89.411s][info][gc,stats      ] Concurrent Cleanup                   68 us
[89.411s][info][gc,stats      ] Pacing                           152168 us
[89.411s][info][gc,stats      ] 
[89.411s][info][gc,stats      ] Allocation pacing accrued:
[89.411s][info][gc,stats      ]      13 of   353 ms (  3.6%): Spark Context Cleaner
[89.411s][info][gc,stats      ]     139 of   353 ms ( 39.5%): Executor task launch worker for task 0.0 in stage 24.0 (TID 24)
[89.411s][info][gc,stats      ]     152 of   353 ms ( 43.1%): <total>
[89.411s][info][gc,stats      ]       1 of   353 ms (  0.2%): <average total>
[89.411s][info][gc,stats      ]      76 of   353 ms ( 21.5%): <average non-zero>
[89.411s][info][gc,stats      ] 
[89.411s][info][gc,metaspace  ] Metaspace: 60829K->60829K(1103872K)
[89.411s][info][gc,ergo       ] Pacer for Idle. Initial: 10240K, Alloc Tax Rate: 1.0x
[89.442s][info][gc            ] Trigger: Average GC time (277.29 ms) is above the time for allocation rate (575 MB/s) to deplete free headroom (152M)
[89.442s][info][gc,ergo       ] Free headroom: 177M (free) - 25600K (spike) - 0B (penalties) = 152M
[89.442s][info][gc,ergo       ] Free: 177M, Max: 256K regular, 61440K humongous, Frag: 67% external, 1% internal; Reserve: 25600K, Max: 256K
[89.442s][info][gc,start      ] GC(221) Concurrent reset
[89.442s][info][gc,task       ] GC(221) Using 1 of 1 workers for concurrent reset
[89.442s][info][gc,ergo       ] GC(221) Pacer for Reset. Non-Taxable: 500M
[89.443s][info][gc            ] GC(221) Concurrent reset 0.465ms
[89.445s][info][gc,start      ] GC(221) Pause Init Mark
[89.445s][info][gc,task       ] GC(221) Using 1 of 1 workers for init marking
[89.447s][info][gc,ergo       ] GC(221) Pacer for Mark. Expected Live: 52728K, Free: 177M, Non-Taxable: 18176K, Alloc Tax Rate: 0.4x
[89.447s][info][gc            ] GC(221) Pause Init Mark 1.715ms
[89.447s][info][gc,start      ] GC(221) Concurrent marking
[89.447s][info][gc,task       ] GC(221) Using 1 of 1 workers for concurrent marking
[89.542s][info][gc            ] GC(221) Concurrent marking 95.397ms
[89.542s][info][gc,start      ] GC(221) Pause Final Mark
[89.543s][info][gc,task       ] GC(221) Using 1 of 1 workers for final marking
[89.543s][info][gc,ergo       ] GC(221) Adaptive CSet Selection. Target Free: 72533K, Actual Free: 158M, Max CSet: 21333K, Min Garbage: 0B
[89.543s][info][gc,ergo       ] GC(221) Collectable Garbage: 196M (99%), Immediate: 0B (0%), CSet: 196M (99%)
[89.545s][info][gc,ergo       ] GC(221) Pacer for Evacuation. Used CSet: 213M, Free: 133M, Non-Taxable: 13644K, Alloc Tax Rate: 3.9x
[89.545s][info][gc            ] GC(221) Pause Final Mark 2.474ms
[89.551s][info][gc,start      ] GC(221) Concurrent cleanup
[89.551s][info][gc            ] GC(221) Concurrent cleanup 352M->352M(475M) 0.060ms
[89.551s][info][gc,ergo       ] GC(221) Free: 121M, Max: 256K regular, 61440K humongous, Frag: 51% external, 1% internal; Reserve: 25600K, Max: 256K
[89.551s][info][gc,start      ] GC(221) Concurrent evacuation
[89.551s][info][gc,task       ] GC(221) Using 1 of 1 workers for concurrent evacuation
[89.590s][info][gc            ] GC(221) Concurrent evacuation 38.902ms
[89.592s][info][gc,start      ] GC(221) Pause Init Update Refs
[89.592s][info][gc,ergo       ] GC(221) Pacer for Update Refs. Used: 402M, Free: 89856K, Non-Taxable: 8985K, Alloc Tax Rate: 5.6x
[89.592s][info][gc            ] GC(221) Pause Init Update Refs 0.039ms
[89.592s][info][gc,start      ] GC(221) Concurrent update references
[89.592s][info][gc,task       ] GC(221) Using 1 of 1 workers for concurrent reference update
[89.718s][info][gc            ] GC(221) Concurrent update references 125.466ms
[89.718s][info][gc,start      ] GC(221) Pause Final Update Refs
[89.718s][info][gc,task       ] GC(221) Using 1 of 1 workers for final reference update
[89.719s][info][gc            ] GC(221) Pause Final Update Refs 0.583ms
[89.719s][info][gc,start      ] GC(221) Concurrent cleanup
[89.719s][info][gc            ] GC(221) Concurrent cleanup 472M->259M(491M) 0.073ms
[89.719s][info][gc,ergo       ] Free: 214M, Max: 256K regular, 96256K humongous, Frag: 57% external, 1% internal; Reserve: 25600K, Max: 256K
[89.719s][info][gc,stats      ] 
[89.719s][info][gc,stats      ] All times are wall-clock times, except per-root-class counters, that are sum over
[89.719s][info][gc,stats      ] all workers. Dividing the <total> over the root stage time estimates parallelism.
[89.719s][info][gc,stats      ] 
[89.719s][info][gc,stats      ] Concurrent Reset                    455 us
[89.719s][info][gc,stats      ] Pause Init Mark (G)                4142 us
[89.719s][info][gc,stats      ] Pause Init Mark (N)                1673 us
[89.719s][info][gc,stats      ]   Accumulate Stats                   29 us
[89.719s][info][gc,stats      ]   Make Parsable                      13 us
[89.719s][info][gc,stats      ]   Update Region States               36 us
[89.719s][info][gc,stats      ]   Scan Roots                       1523 us, parallelism: 0.83x
[89.719s][info][gc,stats      ]     S: <total>                     1259 us
[89.719s][info][gc,stats      ]     S: Thread Roots                 622 us, workers (us): 622, 
[89.719s][info][gc,stats      ]     S: Universe Roots                 2 us, workers (us):   2, 
[89.719s][info][gc,stats      ]     S: JNI Handles Roots              2 us, workers (us):   2, 
[89.719s][info][gc,stats      ]     S: Synchronizer Roots             0 us, workers (us):   0, 
[89.719s][info][gc,stats      ]     S: Management Roots               2 us, workers (us):   2, 
[89.719s][info][gc,stats      ]     S: System Dict Roots             12 us, workers (us):  12, 
[89.719s][info][gc,stats      ]     S: CLDG Roots                   620 us, workers (us): 620, 
[89.719s][info][gc,stats      ]     S: JVMTI Roots                    1 us, workers (us):   1, 
[89.719s][info][gc,stats      ]   Resize TLABs                       16 us
[89.719s][info][gc,stats      ] Concurrent Marking                95388 us
[89.719s][info][gc,stats      ] Pause Final Mark (G)               8306 us
[89.719s][info][gc,stats      ] Pause Final Mark (N)               2463 us
[89.719s][info][gc,stats      ]   Finish Queues                      13 us
[89.719s][info][gc,stats      ]   System Purge                      253 us
[89.719s][info][gc,stats      ]     Weak Roots                      253 us
[89.719s][info][gc,stats      ]   Update Region States               53 us
[89.719s][info][gc,stats      ]   Retire TLABs                       26 us
[89.719s][info][gc,stats      ]   Choose Collection Set             140 us
[89.719s][info][gc,stats      ]   Rebuild Free Set                    6 us
[89.719s][info][gc,stats      ]   Initial Evacuation               1963 us, parallelism: 0.70x
[89.719s][info][gc,stats      ]     E: <total>                     1367 us
[89.719s][info][gc,stats      ]     E: Thread Roots                 644 us, workers (us): 644, 
[89.719s][info][gc,stats      ]     E: Code Cache Roots             227 us, workers (us): 227, 
[89.719s][info][gc,stats      ]     E: Universe Roots                 1 us, workers (us):   1, 
[89.719s][info][gc,stats      ]     E: JNI Handles Roots              1 us, workers (us):   1, 
[89.719s][info][gc,stats      ]     E: Synchronizer Roots             0 us, workers (us):   0, 
[89.719s][info][gc,stats      ]     E: Management Roots               1 us, workers (us):   1, 
[89.719s][info][gc,stats      ]     E: System Dict Roots              9 us, workers (us):   9, 
[89.719s][info][gc,stats      ]     E: CLDG Roots                   483 us, workers (us): 483, 
[89.719s][info][gc,stats      ]     E: JVMTI Roots                    0 us, workers (us):   0, 
[89.719s][info][gc,stats      ] Concurrent Cleanup                   33 us
[89.719s][info][gc,stats      ] Concurrent Evacuation             38890 us
[89.719s][info][gc,stats      ] Pause Init  Update Refs (G)        2343 us
[89.719s][info][gc,stats      ] Pause Init  Update Refs (N)          19 us
[89.719s][info][gc,stats      ]   Retire GCLABs                      11 us
[89.719s][info][gc,stats      ] Concurrent Update Refs           125453 us
[89.719s][info][gc,stats      ] Pause Final Update Refs (G)         937 us
[89.719s][info][gc,stats      ] Pause Final Update Refs (N)         565 us
[89.719s][info][gc,stats      ]   Update Roots                      519 us, parallelism: 0.98x
[89.719s][info][gc,stats      ]     UR: <total>                     509 us
[89.719s][info][gc,stats      ]     UR: Thread Roots                509 us, workers (us): 509, 
[89.719s][info][gc,stats      ]   Update Region States               28 us
[89.719s][info][gc,stats      ]   Trash Collection Set                4 us
[89.719s][info][gc,stats      ]   Rebuild Free Set                    7 us
[89.719s][info][gc,stats      ] Concurrent Cleanup                   65 us
[89.719s][info][gc,stats      ] Pacing                           146688 us
[89.719s][info][gc,stats      ] 
[89.719s][info][gc,stats      ] Allocation pacing accrued:
[89.719s][info][gc,stats      ]      13 of   308 ms (  4.1%): Spark Context Cleaner
[89.719s][info][gc,stats      ]     134 of   308 ms ( 43.5%): Executor task launch worker for task 0.0 in stage 24.0 (TID 24)
[89.719s][info][gc,stats      ]     147 of   308 ms ( 47.6%): <total>
[89.719s][info][gc,stats      ]       1 of   308 ms (  0.2%): <average total>
[89.719s][info][gc,stats      ]      73 of   308 ms ( 23.8%): <average non-zero>
[89.719s][info][gc,stats      ] 
[89.719s][info][gc,metaspace  ] Metaspace: 60829K->60829K(1103872K)
[89.719s][info][gc,ergo       ] Pacer for Idle. Initial: 10240K, Alloc Tax Rate: 1.0x
[89.728s][info][gc            ] Trigger: Average GC time (290.16 ms) is above the time for allocation rate (608 MB/s) to deplete free headroom (175M)
[89.728s][info][gc,ergo       ] Free headroom: 200M (free) - 25600K (spike) - 0B (penalties) = 175M
[89.728s][info][gc,ergo       ] Free: 200M, Max: 256K regular, 96256K humongous, Frag: 54% external, 1% internal; Reserve: 25600K, Max: 256K
[89.728s][info][gc,start      ] GC(222) Concurrent reset
[89.728s][info][gc,task       ] GC(222) Using 1 of 1 workers for concurrent reset
[89.728s][info][gc,ergo       ] GC(222) Pacer for Reset. Non-Taxable: 500M
[89.728s][info][gc            ] GC(222) Concurrent reset 0.437ms
[89.730s][info][gc,start      ] GC(222) Pause Init Mark
[89.730s][info][gc,task       ] GC(222) Using 1 of 1 workers for init marking
[89.732s][info][gc,ergo       ] GC(222) Pacer for Mark. Expected Live: 66724K, Free: 200M, Non-Taxable: 20556K, Alloc Tax Rate: 0.4x
[89.732s][info][gc            ] GC(222) Pause Init Mark 1.631ms
[89.732s][info][gc,start      ] GC(222) Concurrent marking
[89.732s][info][gc,task       ] GC(222) Using 1 of 1 workers for concurrent marking
[89.835s][info][gc            ] GC(222) Concurrent marking 102.829ms
[89.835s][info][gc,start      ] GC(222) Pause Final Mark
[89.835s][info][gc,task       ] GC(222) Using 1 of 1 workers for final marking
[89.835s][info][gc,ergo       ] GC(222) Adaptive CSet Selection. Target Free: 72533K, Actual Free: 182M, Max CSet: 21333K, Min Garbage: 0B
[89.836s][info][gc,ergo       ] GC(222) Collectable Garbage: 160M (98%), Immediate: 0B (0%), CSet: 160M (98%)
[89.838s][info][gc,ergo       ] GC(222) Pacer for Evacuation. Used CSet: 173M, Free: 157M, Non-Taxable: 16076K, Alloc Tax Rate: 2.7x
[89.838s][info][gc            ] GC(222) Pause Final Mark 2.438ms
[89.842s][info][gc,start      ] GC(222) Concurrent cleanup
[89.842s][info][gc            ] GC(222) Concurrent cleanup 325M->325M(491M) 0.053ms
[89.842s][info][gc,ergo       ] GC(222) Free: 148M, Max: 256K regular, 96256K humongous, Frag: 37% external, 1% internal; Reserve: 25600K, Max: 256K
[89.842s][info][gc,start      ] GC(222) Concurrent evacuation
[89.842s][info][gc,task       ] GC(222) Using 1 of 1 workers for concurrent evacuation
[89.905s][info][gc            ] GC(222) Concurrent evacuation 63.496ms
[89.908s][info][gc,start      ] GC(222) Pause Init Update Refs
[89.908s][info][gc,ergo       ] GC(222) Pacer for Update Refs. Used: 373M, Free: 113M, Non-Taxable: 11648K, Alloc Tax Rate: 4.0x
[89.908s][info][gc            ] GC(222) Pause Init Update Refs 0.032ms
[89.908s][info][gc,start      ] GC(222) Concurrent update references
[89.908s][info][gc,task       ] GC(222) Using 1 of 1 workers for concurrent reference update
[90.207s][info][gc            ] GC(222) Concurrent update references 299.507ms
[90.211s][info][gc,start      ] GC(222) Pause Final Update Refs
[90.211s][info][gc,task       ] GC(222) Using 1 of 1 workers for final reference update
[90.212s][info][gc            ] GC(222) Pause Final Update Refs 0.638ms
[90.212s][info][gc,start      ] GC(222) Concurrent cleanup
[90.212s][info][gc            ] GC(222) Concurrent cleanup 449M->275M(500M) 0.067ms
[90.212s][info][gc,ergo       ] Free: 197M, Max: 256K regular, 61440K humongous, Frag: 70% external, 5% internal; Reserve: 25600K, Max: 256K
[90.212s][info][gc,stats      ] 
[90.212s][info][gc,stats      ] All times are wall-clock times, except per-root-class counters, that are sum over
[90.212s][info][gc,stats      ] all workers. Dividing the <total> over the root stage time estimates parallelism.
[90.212s][info][gc,stats      ] 
[90.212s][info][gc,stats      ] Concurrent Reset                    428 us
[90.212s][info][gc,stats      ] Pause Init Mark (G)                3966 us
[90.212s][info][gc,stats      ] Pause Init Mark (N)                1598 us
[90.212s][info][gc,stats      ]   Accumulate Stats                   22 us
[90.212s][info][gc,stats      ]   Make Parsable                      68 us
[90.212s][info][gc,stats      ]   Update Region States               26 us
[90.212s][info][gc,stats      ]   Scan Roots                       1431 us, parallelism: 0.81x
[90.212s][info][gc,stats      ]     S: <total>                     1162 us
[90.212s][info][gc,stats      ]     S: Thread Roots                 619 us, workers (us): 619, 
[90.212s][info][gc,stats      ]     S: Universe Roots                 3 us, workers (us):   3, 
[90.212s][info][gc,stats      ]     S: JNI Handles Roots              1 us, workers (us):   1, 
[90.212s][info][gc,stats      ]     S: Synchronizer Roots             0 us, workers (us):   0, 
[90.212s][info][gc,stats      ]     S: Management Roots               1 us, workers (us):   1, 
[90.212s][info][gc,stats      ]     S: System Dict Roots             11 us, workers (us):  11, 
[90.212s][info][gc,stats      ]     S: CLDG Roots                   526 us, workers (us): 526, 
[90.212s][info][gc,stats      ]     S: JVMTI Roots                    1 us, workers (us):   1, 
[90.212s][info][gc,stats      ]   Resize TLABs                       11 us
[90.212s][info][gc,stats      ] Concurrent Marking               102820 us
[90.212s][info][gc,stats      ] Pause Final Mark (G)               6991 us
[90.212s][info][gc,stats      ] Pause Final Mark (N)               2420 us
[90.212s][info][gc,stats      ]   Finish Queues                      23 us
[90.212s][info][gc,stats      ]   System Purge                      278 us
[90.212s][info][gc,stats      ]     Weak Roots                      278 us
[90.212s][info][gc,stats      ]   Update Region States               25 us
[90.212s][info][gc,stats      ]   Retire TLABs                       13 us
[90.212s][info][gc,stats      ]   Choose Collection Set             119 us
[90.212s][info][gc,stats      ]   Rebuild Free Set                    6 us
[90.212s][info][gc,stats      ]   Initial Evacuation               1949 us, parallelism: 0.68x
[90.212s][info][gc,stats      ]     E: <total>                     1331 us
[90.212s][info][gc,stats      ]     E: Thread Roots                 638 us, workers (us): 638, 
[90.212s][info][gc,stats      ]     E: Code Cache Roots             220 us, workers (us): 220, 
[90.212s][info][gc,stats      ]     E: Universe Roots                 1 us, workers (us):   1, 
[90.212s][info][gc,stats      ]     E: JNI Handles Roots              1 us, workers (us):   1, 
[90.212s][info][gc,stats      ]     E: Synchronizer Roots             0 us, workers (us):   0, 
[90.212s][info][gc,stats      ]     E: Management Roots               1 us, workers (us):   1, 
[90.212s][info][gc,stats      ]     E: System Dict Roots              9 us, workers (us):   9, 
[90.212s][info][gc,stats      ]     E: CLDG Roots                   460 us, workers (us): 460, 
[90.212s][info][gc,stats      ]     E: JVMTI Roots                    0 us, workers (us):   0, 
[90.212s][info][gc,stats      ] Concurrent Cleanup                   33 us
[90.212s][info][gc,stats      ] Concurrent Evacuation             63483 us
[90.212s][info][gc,stats      ] Pause Init  Update Refs (G)        2325 us
[90.212s][info][gc,stats      ] Pause Init  Update Refs (N)          19 us
[90.212s][info][gc,stats      ]   Retire GCLABs                      11 us
[90.212s][info][gc,stats      ] Concurrent Update Refs           299495 us
[90.212s][info][gc,stats      ] Pause Final Update Refs (G)        4086 us
[90.212s][info][gc,stats      ] Pause Final Update Refs (N)         575 us
[90.212s][info][gc,stats      ]   Update Roots                      523 us, parallelism: 0.98x
[90.212s][info][gc,stats      ]     UR: <total>                     514 us
[90.212s][info][gc,stats      ]     UR: Thread Roots                514 us, workers (us): 514, 
[90.212s][info][gc,stats      ]   Update Region States               27 us
[90.212s][info][gc,stats      ]   Trash Collection Set                4 us
[90.212s][info][gc,stats      ]   Rebuild Free Set                    7 us
[90.212s][info][gc,stats      ] Concurrent Cleanup                   59 us
[90.212s][info][gc,stats      ] Pacing                            91434 us
[90.212s][info][gc,stats      ] 
[90.212s][info][gc,stats      ] Allocation pacing accrued:
[90.212s][info][gc,stats      ]      91 of   493 ms ( 18.5%): Executor task launch worker for task 0.0 in stage 25.0 (TID 25)
[90.212s][info][gc,stats      ]      91 of   493 ms ( 18.5%): <total>
[90.212s][info][gc,stats      ]       0 of   493 ms (  0.1%): <average total>
[90.212s][info][gc,stats      ]      91 of   493 ms ( 18.5%): <average non-zero>
[90.212s][info][gc,stats      ] 
[90.212s][info][gc,metaspace  ] Metaspace: 60829K->60986K(1103872K)
[90.212s][info][gc,ergo       ] Pacer for Idle. Initial: 10240K, Alloc Tax Rate: 1.0x
[90.239s][info][gc            ] Trigger: Average GC time (338.79 ms) is above the time for allocation rate (400 MB/s) to deplete free headroom (132M)
[90.239s][info][gc,ergo       ] Free headroom: 157M (free) - 25600K (spike) - 0B (penalties) = 132M
[90.239s][info][gc,ergo       ] Free: 157M, Max: 256K regular, 61440K humongous, Frag: 62% external, 5% internal; Reserve: 25600K, Max: 256K
[90.239s][info][gc,start      ] GC(223) Concurrent reset
[90.239s][info][gc,task       ] GC(223) Using 1 of 1 workers for concurrent reset
[90.239s][info][gc,ergo       ] GC(223) Pacer for Reset. Non-Taxable: 500M
[90.239s][info][gc            ] GC(223) Concurrent reset 0.549ms
[90.242s][info][gc,start      ] GC(223) Pause Init Mark
[90.242s][info][gc,task       ] GC(223) Using 1 of 1 workers for init marking
[90.243s][info][gc,ergo       ] GC(223) Pacer for Mark. Expected Live: 81938K, Free: 157M, Non-Taxable: 16106K, Alloc Tax Rate: 0.6x
[90.243s][info][gc            ] GC(223) Pause Init Mark 1.712ms
[90.243s][info][gc,start      ] GC(223) Concurrent marking
[90.243s][info][gc,task       ] GC(223) Using 1 of 1 workers for concurrent marking
[90.329s][info][gc            ] GC(223) Concurrent marking 86.024ms
[90.330s][info][gc,start      ] GC(223) Pause Final Mark
[90.330s][info][gc,task       ] GC(223) Using 1 of 1 workers for final marking
[90.330s][info][gc,ergo       ] GC(223) Adaptive CSet Selection. Target Free: 72533K, Actual Free: 368M, Max CSet: 21333K, Min Garbage: 0B
[90.330s][info][gc,ergo       ] GC(223) Collectable Garbage: 284M (99%), Immediate: 211M (73%), CSet: 74933K (25%)
[90.332s][info][gc,ergo       ] GC(223) Pacer for Evacuation. Used CSet: 80421K, Free: 345M, Non-Taxable: 35379K, Alloc Tax Rate: 1.1x
[90.332s][info][gc            ] GC(223) Pause Final Mark 2.442ms
[90.332s][info][gc,start      ] GC(223) Concurrent cleanup
[90.332s][info][gc            ] GC(223) Concurrent cleanup 339M->128M(500M) 0.077ms
[90.332s][info][gc,ergo       ] GC(223) Free: 345M, Max: 256K regular, 151M humongous, Frag: 57% external, 0% internal; Reserve: 25569K, Max: 256K
[90.332s][info][gc,start      ] GC(223) Concurrent evacuation
[90.332s][info][gc,task       ] GC(223) Using 1 of 1 workers for concurrent evacuation
[90.342s][info][gc            ] GC(223) Concurrent evacuation 9.658ms
[90.344s][info][gc,start      ] GC(223) Pause Init Update Refs
[90.344s][info][gc,ergo       ] GC(223) Pacer for Update Refs. Used: 135M, Free: 343M, Non-Taxable: 35200K, Alloc Tax Rate: 1.1x
[90.344s][info][gc            ] GC(223) Pause Init Update Refs 0.047ms
[90.344s][info][gc,start      ] GC(223) Concurrent update references
[90.344s][info][gc,task       ] GC(223) Using 1 of 1 workers for concurrent reference update
[90.403s][info][gc            ] GC(223) Concurrent update references 58.248ms
[90.405s][info][gc,start      ] GC(223) Pause Final Update Refs
[90.405s][info][gc,task       ] GC(223) Using 1 of 1 workers for final reference update
[90.405s][info][gc            ] GC(223) Pause Final Update Refs 0.569ms
[90.405s][info][gc,start      ] GC(223) Concurrent cleanup
[90.406s][info][gc            ] GC(223) Concurrent cleanup 186M->107M(500M) 0.054ms
[90.406s][info][gc,ergo       ] Free: 365M, Max: 256K regular, 326M humongous, Frag: 11% external, 0% internal; Reserve: 25600K, Max: 256K
[90.406s][info][gc,stats      ] 
[90.406s][info][gc,stats      ] All times are wall-clock times, except per-root-class counters, that are sum over
[90.406s][info][gc,stats      ] all workers. Dividing the <total> over the root stage time estimates parallelism.
[90.406s][info][gc,stats      ] 
[90.406s][info][gc,stats      ] Concurrent Reset                    534 us
[90.406s][info][gc,stats      ] Pause Init Mark (G)                4089 us
[90.406s][info][gc,stats      ] Pause Init Mark (N)                1672 us
[90.406s][info][gc,stats      ]   Accumulate Stats                   30 us
[90.406s][info][gc,stats      ]   Make Parsable                      17 us
[90.406s][info][gc,stats      ]   Update Region States               37 us
[90.406s][info][gc,stats      ]   Scan Roots                       1522 us, parallelism: 0.82x
[90.406s][info][gc,stats      ]     S: <total>                     1247 us
[90.406s][info][gc,stats      ]     S: Thread Roots                 623 us, workers (us): 623, 
[90.406s][info][gc,stats      ]     S: Universe Roots                 2 us, workers (us):   2, 
[90.406s][info][gc,stats      ]     S: JNI Handles Roots              2 us, workers (us):   2, 
[90.406s][info][gc,stats      ]     S: Synchronizer Roots             0 us, workers (us):   0, 
[90.406s][info][gc,stats      ]     S: Management Roots               2 us, workers (us):   2, 
[90.406s][info][gc,stats      ]     S: System Dict Roots             12 us, workers (us):  12, 
[90.406s][info][gc,stats      ]     S: CLDG Roots                   607 us, workers (us): 607, 
[90.406s][info][gc,stats      ]     S: JVMTI Roots                    1 us, workers (us):   1, 
[90.406s][info][gc,stats      ]   Resize TLABs                       20 us
[90.406s][info][gc,stats      ] Concurrent Marking                86014 us
[90.406s][info][gc,stats      ] Pause Final Mark (G)               2643 us
[90.406s][info][gc,stats      ] Pause Final Mark (N)               2429 us
[90.406s][info][gc,stats      ]   Finish Queues                      15 us
[90.406s][info][gc,stats      ]   System Purge                      258 us
[90.406s][info][gc,stats      ]     Weak Roots                      258 us
[90.406s][info][gc,stats      ]   Update Region States               26 us
[90.406s][info][gc,stats      ]   Retire TLABs                       21 us
[90.406s][info][gc,stats      ]   Choose Collection Set              69 us
[90.406s][info][gc,stats      ]   Rebuild Free Set                    8 us
[90.406s][info][gc,stats      ]   Initial Evacuation               2025 us, parallelism: 0.66x
[90.406s][info][gc,stats      ]     E: <total>                     1342 us
[90.406s][info][gc,stats      ]     E: Thread Roots                 622 us, workers (us): 622, 
[90.406s][info][gc,stats      ]     E: Code Cache Roots             236 us, workers (us): 236, 
[90.406s][info][gc,stats      ]     E: Universe Roots                 1 us, workers (us):   1, 
[90.406s][info][gc,stats      ]     E: JNI Handles Roots              1 us, workers (us):   1, 
[90.406s][info][gc,stats      ]     E: Synchronizer Roots             0 us, workers (us):   0, 
[90.406s][info][gc,stats      ]     E: Management Roots               1 us, workers (us):   1, 
[90.406s][info][gc,stats      ]     E: System Dict Roots              9 us, workers (us):   9, 
[90.406s][info][gc,stats      ]     E: CLDG Roots                   471 us, workers (us): 471, 
[90.406s][info][gc,stats      ]     E: JVMTI Roots                    0 us, workers (us):   0, 
[90.406s][info][gc,stats      ] Concurrent Cleanup                   69 us
[90.406s][info][gc,stats      ] Concurrent Evacuation              9646 us
[90.406s][info][gc,stats      ] Pause Init  Update Refs (G)        2391 us
[90.406s][info][gc,stats      ] Pause Init  Update Refs (N)          19 us
[90.406s][info][gc,stats      ]   Retire GCLABs                      10 us
[90.406s][info][gc,stats      ] Concurrent Update Refs            58232 us
[90.406s][info][gc,stats      ] Pause Final Update Refs (G)        2897 us
[90.406s][info][gc,stats      ] Pause Final Update Refs (N)         550 us
[90.406s][info][gc,stats      ]   Update Roots                      507 us, parallelism: 0.98x
[90.406s][info][gc,stats      ]     UR: <total>                     497 us
[90.406s][info][gc,stats      ]     UR: Thread Roots                497 us, workers (us): 497, 
[90.406s][info][gc,stats      ]   Update Region States               26 us
[90.406s][info][gc,stats      ]   Trash Collection Set                2 us
[90.406s][info][gc,stats      ]   Rebuild Free Set                    7 us
[90.406s][info][gc,stats      ] Concurrent Cleanup                   47 us
[90.406s][info][gc,stats      ] Pacing                            10811 us
[90.406s][info][gc,stats      ] 
[90.406s][info][gc,stats      ] Allocation pacing accrued:
[90.406s][info][gc,stats      ]      11 of   194 ms (  5.6%): Executor task launch worker for task 0.0 in stage 25.0 (TID 25)
[90.406s][info][gc,stats      ]      11 of   194 ms (  5.6%): <total>
[90.406s][info][gc,stats      ]       0 of   194 ms (  0.0%): <average total>
[90.406s][info][gc,stats      ]      11 of   194 ms (  5.6%): <average non-zero>
[90.406s][info][gc,stats      ] 
[90.406s][info][gc,metaspace  ] Metaspace: 60986K->60986K(1103872K)
[90.406s][info][gc,ergo       ] Pacer for Idle. Initial: 10240K, Alloc Tax Rate: 1.0x
[90.447s][info][gc            ] Trigger: Average GC time (317.86 ms) is above the time for allocation rate (796 MB/s) to deplete free headroom (252M)
[90.447s][info][gc,ergo       ] Free headroom: 277M (free) - 25600K (spike) - 0B (penalties) = 252M
[90.447s][info][gc,ergo       ] Free: 277M, Max: 256K regular, 277M humongous, Frag: 0% external, 0% internal; Reserve: 25600K, Max: 256K
[90.447s][info][gc,start      ] GC(224) Concurrent reset
[90.447s][info][gc,task       ] GC(224) Using 1 of 1 workers for concurrent reset
[90.447s][info][gc,ergo       ] GC(224) Pacer for Reset. Non-Taxable: 500M
[90.447s][info][gc            ] GC(224) Concurrent reset 0.186ms
[90.449s][info][gc,start      ] GC(224) Pause Init Mark
[90.449s][info][gc,task       ] GC(224) Using 1 of 1 workers for init marking
[90.451s][info][gc,ergo       ] GC(224) Pacer for Mark. Expected Live: 78125K, Free: 277M, Non-Taxable: 28390K, Alloc Tax Rate: 0.3x
[90.451s][info][gc            ] GC(224) Pause Init Mark 1.633ms
[90.451s][info][gc,start      ] GC(224) Concurrent marking
[90.451s][info][gc,task       ] GC(224) Using 1 of 1 workers for concurrent marking
[90.515s][info][gc            ] GC(224) Concurrent marking 63.577ms
[90.515s][info][gc,start      ] GC(224) Pause Final Mark
[90.515s][info][gc,task       ] GC(224) Using 1 of 1 workers for final marking
[90.515s][info][gc,ergo       ] GC(224) Adaptive CSet Selection. Target Free: 72533K, Actual Free: 257M, Max CSet: 21333K, Min Garbage: 0B
[90.515s][info][gc,ergo       ] GC(224) Collectable Garbage: 152M (98%), Immediate: 768K (0%), CSet: 151M (98%)
[90.517s][info][gc,ergo       ] GC(224) Pacer for Evacuation. Used CSet: 164M, Free: 233M, Non-Taxable: 23859K, Alloc Tax Rate: 1.7x
[90.517s][info][gc            ] GC(224) Pause Final Mark 2.500ms
[90.517s][info][gc,start      ] GC(224) Concurrent cleanup
[90.517s][info][gc            ] GC(224) Concurrent cleanup 241M->240M(500M) 0.048ms
[90.517s][info][gc,ergo       ] GC(224) Free: 233M, Max: 256K regular, 231M humongous, Frag: 1% external, 0% internal; Reserve: 25600K, Max: 256K
[90.517s][info][gc,start      ] GC(224) Concurrent evacuation
[90.517s][info][gc,task       ] GC(224) Using 1 of 1 workers for concurrent evacuation
[90.550s][info][gc            ] GC(224) Concurrent evacuation 32.760ms
[90.554s][info][gc,start      ] GC(224) Pause Init Update Refs
[90.554s][info][gc,ergo       ] GC(224) Pacer for Update Refs. Used: 287M, Free: 199M, Non-Taxable: 20377K, Alloc Tax Rate: 1.8x
[90.554s][info][gc            ] GC(224) Pause Init Update Refs 0.040ms
[90.554s][info][gc,start      ] GC(224) Concurrent update references
[90.554s][info][gc,task       ] GC(224) Using 1 of 1 workers for concurrent reference update
[90.668s][info][gc            ] GC(224) Concurrent update references 114.048ms
[90.671s][info][gc,start      ] GC(224) Pause Final Update Refs
[90.671s][info][gc,task       ] GC(224) Using 1 of 1 workers for final reference update
[90.672s][info][gc            ] GC(224) Pause Final Update Refs 0.615ms
[90.672s][info][gc,start      ] GC(224) Concurrent cleanup
[90.672s][info][gc            ] GC(224) Concurrent cleanup 387M->223M(500M) 0.065ms
[90.672s][info][gc,ergo       ] Free: 250M, Max: 256K regular, 98304K humongous, Frag: 62% external, 0% internal; Reserve: 25600K, Max: 256K
[90.672s][info][gc,stats      ] 
[90.672s][info][gc,stats      ] All times are wall-clock times, except per-root-class counters, that are sum over
[90.672s][info][gc,stats      ] all workers. Dividing the <total> over the root stage time estimates parallelism.
[90.672s][info][gc,stats      ] 
[90.672s][info][gc,stats      ] Concurrent Reset                    178 us
[90.672s][info][gc,stats      ] Pause Init Mark (G)                3940 us
[90.672s][info][gc,stats      ] Pause Init Mark (N)                1609 us
[90.672s][info][gc,stats      ]   Accumulate Stats                   21 us
[90.672s][info][gc,stats      ]   Make Parsable                      14 us
[90.672s][info][gc,stats      ]   Update Region States               20 us
[90.672s][info][gc,stats      ]   Scan Roots                       1496 us, parallelism: 0.81x
[90.672s][info][gc,stats      ]     S: <total>                     1204 us
[90.672s][info][gc,stats      ]     S: Thread Roots                 662 us, workers (us): 662, 
[90.672s][info][gc,stats      ]     S: Universe Roots                 2 us, workers (us):   2, 
[90.672s][info][gc,stats      ]     S: JNI Handles Roots              1 us, workers (us):   1, 
[90.672s][info][gc,stats      ]     S: Synchronizer Roots             0 us, workers (us):   0, 
[90.672s][info][gc,stats      ]     S: Management Roots               1 us, workers (us):   1, 
[90.672s][info][gc,stats      ]     S: System Dict Roots             11 us, workers (us):  11, 
[90.672s][info][gc,stats      ]     S: CLDG Roots                   525 us, workers (us): 525, 
[90.672s][info][gc,stats      ]     S: JVMTI Roots                    0 us, workers (us):   0, 
[90.672s][info][gc,stats      ]   Resize TLABs                       17 us
[90.672s][info][gc,stats      ] Concurrent Marking                63568 us
[90.672s][info][gc,stats      ] Pause Final Mark (G)               2684 us
[90.672s][info][gc,stats      ] Pause Final Mark (N)               2490 us
[90.672s][info][gc,stats      ]   Finish Queues                      13 us
[90.672s][info][gc,stats      ]   System Purge                      251 us
[90.672s][info][gc,stats      ]     Weak Roots                      251 us
[90.672s][info][gc,stats      ]   Update Region States               25 us
[90.672s][info][gc,stats      ]   Retire TLABs                       20 us
[90.672s][info][gc,stats      ]   Choose Collection Set             165 us
[90.672s][info][gc,stats      ]   Rebuild Free Set                    7 us
[90.672s][info][gc,stats      ]   Initial Evacuation               2002 us, parallelism: 0.68x
[90.672s][info][gc,stats      ]     E: <total>                     1357 us
[90.672s][info][gc,stats      ]     E: Thread Roots                 639 us, workers (us): 639, 
[90.672s][info][gc,stats      ]     E: Code Cache Roots             226 us, workers (us): 226, 
[90.672s][info][gc,stats      ]     E: Universe Roots                 1 us, workers (us):   1, 
[90.672s][info][gc,stats      ]     E: JNI Handles Roots              1 us, workers (us):   1, 
[90.672s][info][gc,stats      ]     E: Synchronizer Roots             0 us, workers (us):   0, 
[90.672s][info][gc,stats      ]     E: Management Roots               1 us, workers (us):   1, 
[90.672s][info][gc,stats      ]     E: System Dict Roots              8 us, workers (us):   8, 
[90.672s][info][gc,stats      ]     E: CLDG Roots                   480 us, workers (us): 480, 
[90.672s][info][gc,stats      ]     E: JVMTI Roots                    0 us, workers (us):   0, 
[90.672s][info][gc,stats      ] Concurrent Cleanup                   36 us
[90.672s][info][gc,stats      ] Concurrent Evacuation             32746 us
[90.672s][info][gc,stats      ] Pause Init  Update Refs (G)        3650 us
[90.672s][info][gc,stats      ] Pause Init  Update Refs (N)          19 us
[90.672s][info][gc,stats      ]   Retire GCLABs                      11 us
[90.672s][info][gc,stats      ] Concurrent Update Refs           114035 us
[90.672s][info][gc,stats      ] Pause Final Update Refs (G)        4040 us
[90.672s][info][gc,stats      ] Pause Final Update Refs (N)         576 us
[90.672s][info][gc,stats      ]   Update Roots                      529 us, parallelism: 0.98x
[90.672s][info][gc,stats      ]     UR: <total>                     517 us
[90.672s][info][gc,stats      ]     UR: Thread Roots                517 us, workers (us): 517, 
[90.672s][info][gc,stats      ]   Update Region States               27 us
[90.672s][info][gc,stats      ]   Trash Collection Set                4 us
[90.672s][info][gc,stats      ]   Rebuild Free Set                    8 us
[90.672s][info][gc,stats      ] Concurrent Cleanup                   58 us
[90.672s][info][gc,stats      ] Pacing                            27140 us
[90.672s][info][gc,stats      ] 
[90.672s][info][gc,stats      ] Allocation pacing accrued:
[90.672s][info][gc,stats      ]      27 of   267 ms ( 10.2%): Executor task launch worker for task 0.0 in stage 25.0 (TID 25)
[90.672s][info][gc,stats      ]      27 of   267 ms ( 10.2%): <total>
[90.672s][info][gc,stats      ]       0 of   267 ms (  0.1%): <average total>
[90.672s][info][gc,stats      ]      27 of   267 ms ( 10.2%): <average non-zero>
[90.672s][info][gc,stats      ] 
[90.672s][info][gc,metaspace  ] Metaspace: 60986K->60986K(1103872K)
[90.672s][info][gc,ergo       ] Pacer for Idle. Initial: 10240K, Alloc Tax Rate: 1.0x
[90.673s][info][gc            ] Trigger: Average GC time (298.21 ms) is above the time for allocation rate (803 MB/s) to deplete free headroom (223M)
[90.673s][info][gc,ergo       ] Free headroom: 248M (free) - 25600K (spike) - 0B (penalties) = 223M
[90.673s][info][gc,ergo       ] Free: 248M, Max: 256K regular, 98304K humongous, Frag: 62% external, 0% internal; Reserve: 25600K, Max: 256K
[90.673s][info][gc,start      ] GC(225) Concurrent reset
[90.673s][info][gc,task       ] GC(225) Using 1 of 1 workers for concurrent reset
[90.673s][info][gc,ergo       ] GC(225) Pacer for Reset. Non-Taxable: 500M
[90.674s][info][gc            ] GC(225) Concurrent reset 0.279ms
[90.676s][info][gc,start      ] GC(225) Pause Init Mark (process weakrefs)
[90.676s][info][gc,task       ] GC(225) Using 1 of 1 workers for init marking
[90.678s][info][gc,ergo       ] GC(225) Pacer for Mark. Expected Live: 73839K, Free: 248M, Non-Taxable: 25420K, Alloc Tax Rate: 0.4x
[90.678s][info][gc            ] GC(225) Pause Init Mark (process weakrefs) 1.557ms
[90.678s][info][gc,start      ] GC(225) Concurrent marking (process weakrefs)
[90.678s][info][gc,task       ] GC(225) Using 1 of 1 workers for concurrent marking
[90.750s][info][gc            ] GC(225) Concurrent marking (process weakrefs) 72.518ms
[90.750s][info][gc,start      ] GC(225) Concurrent precleaning
[90.750s][info][gc,task       ] GC(225) Using 1 of 1 workers for concurrent preclean
[90.750s][info][gc,ergo       ] GC(225) Pacer for Precleaning. Non-Taxable: 500M
[90.751s][info][gc            ] GC(225) Concurrent precleaning 0.589ms
[90.751s][info][gc,start      ] GC(225) Pause Final Mark (process weakrefs)
[90.751s][info][gc,task       ] GC(225) Using 1 of 1 workers for final marking
[90.751s][info][gc,ergo       ] GC(225) Adaptive CSet Selection. Target Free: 72533K, Actual Free: 229M, Max CSet: 21333K, Min Garbage: 0B
[90.751s][info][gc,ergo       ] GC(225) Collectable Garbage: 167M (98%), Immediate: 1024K (0%), CSet: 166M (98%)
[90.753s][info][gc,ergo       ] GC(225) Pacer for Evacuation. Used CSet: 180M, Free: 205M, Non-Taxable: 20992K, Alloc Tax Rate: 2.1x
[90.753s][info][gc            ] GC(225) Pause Final Mark (process weakrefs) 2.554ms
[90.754s][info][gc,start      ] GC(225) Concurrent cleanup
[90.754s][info][gc            ] GC(225) Concurrent cleanup 269M->268M(500M) 0.055ms
[90.754s][info][gc,ergo       ] GC(225) Free: 205M, Max: 256K regular, 106M humongous, Frag: 49% external, 1% internal; Reserve: 25600K, Max: 256K
[90.754s][info][gc,start      ] GC(225) Concurrent evacuation
[90.754s][info][gc,task       ] GC(225) Using 1 of 1 workers for concurrent evacuation
[90.793s][info][gc            ] GC(225) Concurrent evacuation 39.422ms
[90.795s][info][gc,start      ] GC(225) Pause Init Update Refs
[90.796s][info][gc,ergo       ] GC(225) Pacer for Update Refs. Used: 314M, Free: 173M, Non-Taxable: 17740K, Alloc Tax Rate: 2.2x
[90.796s][info][gc            ] GC(225) Pause Init Update Refs 0.044ms
[90.796s][info][gc,start      ] GC(225) Concurrent update references
[90.796s][info][gc,task       ] GC(225) Using 1 of 1 workers for concurrent reference update
[90.920s][info][gc            ] GC(225) Concurrent update references 124.871ms
[90.924s][info][gc,start      ] GC(225) Pause Final Update Refs
[90.924s][info][gc,task       ] GC(225) Using 1 of 1 workers for final reference update
[90.925s][info][gc            ] GC(225) Pause Final Update Refs 0.621ms
[90.925s][info][gc,start      ] GC(225) Concurrent cleanup
[90.925s][info][gc            ] GC(225) Concurrent cleanup 432M->252M(500M) 0.068ms
[90.925s][info][gc,ergo       ] Free: 221M, Max: 256K regular, 103M humongous, Frag: 54% external, 1% internal; Reserve: 25600K, Max: 256K
[90.925s][info][gc,stats      ] 
[90.925s][info][gc,stats      ] All times are wall-clock times, except per-root-class counters, that are sum over
[90.925s][info][gc,stats      ] all workers. Dividing the <total> over the root stage time estimates parallelism.
[90.925s][info][gc,stats      ] 
[90.925s][info][gc,stats      ] Concurrent Reset                    273 us
[90.925s][info][gc,stats      ] Pause Init Mark (G)                3871 us
[90.925s][info][gc,stats      ] Pause Init Mark (N)                1529 us
[90.925s][info][gc,stats      ]   Accumulate Stats                   21 us
[90.925s][info][gc,stats      ]   Make Parsable                      16 us
[90.925s][info][gc,stats      ]   Update Region States               23 us
[90.925s][info][gc,stats      ]   Scan Roots                       1419 us, parallelism: 0.79x
[90.925s][info][gc,stats      ]     S: <total>                     1125 us
[90.925s][info][gc,stats      ]     S: Thread Roots                 580 us, workers (us): 580, 
[90.925s][info][gc,stats      ]     S: Universe Roots                 2 us, workers (us):   2, 
[90.925s][info][gc,stats      ]     S: JNI Handles Roots              1 us, workers (us):   1, 
[90.925s][info][gc,stats      ]     S: Synchronizer Roots             0 us, workers (us):   0, 
[90.925s][info][gc,stats      ]     S: Management Roots               2 us, workers (us):   2, 
[90.925s][info][gc,stats      ]     S: System Dict Roots             10 us, workers (us):  10, 
[90.925s][info][gc,stats      ]     S: CLDG Roots                   530 us, workers (us): 530, 
[90.925s][info][gc,stats      ]     S: JVMTI Roots                    0 us, workers (us):   0, 
[90.925s][info][gc,stats      ]   Resize TLABs                       14 us
[90.925s][info][gc,stats      ] Concurrent Marking                72510 us
[90.925s][info][gc,stats      ] Concurrent Precleaning              581 us
[90.925s][info][gc,stats      ] Pause Final Mark (G)               2811 us
[90.925s][info][gc,stats      ] Pause Final Mark (N)               2544 us
[90.925s][info][gc,stats      ]   Finish Queues                      13 us
[90.925s][info][gc,stats      ]   Weak References                    19 us
[90.925s][info][gc,stats      ]     Process                          17 us
[90.925s][info][gc,stats      ]   System Purge                      280 us
[90.925s][info][gc,stats      ]     Weak Roots                      280 us
[90.925s][info][gc,stats      ]   Update Region States               27 us
[90.925s][info][gc,stats      ]   Retire TLABs                       20 us
[90.925s][info][gc,stats      ]   Choose Collection Set             109 us
[90.925s][info][gc,stats      ]   Rebuild Free Set                    6 us
[90.925s][info][gc,stats      ]   Initial Evacuation               2065 us, parallelism: 0.66x
[90.925s][info][gc,stats      ]     E: <total>                     1371 us
[90.925s][info][gc,stats      ]     E: Thread Roots                 565 us, workers (us): 565, 
[90.925s][info][gc,stats      ]     E: Code Cache Roots             330 us, workers (us): 330, 
[90.925s][info][gc,stats      ]     E: Universe Roots                 1 us, workers (us):   1, 
[90.925s][info][gc,stats      ]     E: JNI Handles Roots              1 us, workers (us):   1, 
[90.925s][info][gc,stats      ]     E: Synchronizer Roots             0 us, workers (us):   0, 
[90.925s][info][gc,stats      ]     E: Management Roots               1 us, workers (us):   1, 
[90.925s][info][gc,stats      ]     E: System Dict Roots             10 us, workers (us):  10, 
[90.925s][info][gc,stats      ]     E: CLDG Roots                   464 us, workers (us): 464, 
[90.925s][info][gc,stats      ]     E: JVMTI Roots                    0 us, workers (us):   0, 
[90.925s][info][gc,stats      ] Concurrent Cleanup                   37 us
[90.925s][info][gc,stats      ] Concurrent Evacuation             39408 us
[90.925s][info][gc,stats      ] Pause Init  Update Refs (G)        2358 us
[90.925s][info][gc,stats      ] Pause Init  Update Refs (N)          19 us
[90.925s][info][gc,stats      ]   Retire GCLABs                      11 us
[90.925s][info][gc,stats      ] Concurrent Update Refs           124845 us
[90.925s][info][gc,stats      ] Pause Final Update Refs (G)        4320 us
[90.925s][info][gc,stats      ] Pause Final Update Refs (N)         580 us
[90.925s][info][gc,stats      ]   Update Roots                      532 us, parallelism: 0.98x
[90.925s][info][gc,stats      ]     UR: <total>                     522 us
[90.925s][info][gc,stats      ]     UR: Thread Roots                522 us, workers (us): 522, 
[90.925s][info][gc,stats      ]   Update Region States               28 us
[90.925s][info][gc,stats      ]   Trash Collection Set                4 us
[90.925s][info][gc,stats      ]   Rebuild Free Set                    6 us
[90.925s][info][gc,stats      ] Concurrent Cleanup                   60 us
[90.925s][info][gc,stats      ] Pacing                            53063 us
[90.925s][info][gc,stats      ] 
[90.925s][info][gc,stats      ] Allocation pacing accrued:
[90.925s][info][gc,stats      ]      53 of   253 ms ( 21.0%): Executor task launch worker for task 0.0 in stage 25.0 (TID 25)
[90.925s][info][gc,stats      ]      53 of   253 ms ( 21.0%): <total>
[90.925s][info][gc,stats      ]       0 of   253 ms (  0.1%): <average total>
[90.925s][info][gc,stats      ]      53 of   253 ms ( 21.0%): <average non-zero>
[90.925s][info][gc,stats      ] 
[90.925s][info][gc,metaspace  ] Metaspace: 60986K->60992K(1103872K)
[90.925s][info][gc,ergo       ] Pacer for Idle. Initial: 10240K, Alloc Tax Rate: 1.0x
[90.927s][info][gc            ] Trigger: Average GC time (280.80 ms) is above the time for allocation rate (781 MB/s) to deplete free headroom (193M)
[90.927s][info][gc,ergo       ] Free headroom: 218M (free) - 25600K (spike) - 0B (penalties) = 193M
[90.927s][info][gc,ergo       ] Free: 218M, Max: 256K regular, 103M humongous, Frag: 53% external, 1% internal; Reserve: 25600K, Max: 256K
[90.927s][info][gc,start      ] GC(226) Concurrent reset
[90.927s][info][gc,task       ] GC(226) Using 1 of 1 workers for concurrent reset
[90.927s][info][gc,ergo       ] GC(226) Pacer for Reset. Non-Taxable: 500M
[90.927s][info][gc            ] GC(226) Concurrent reset 0.322ms
[90.929s][info][gc,start      ] GC(226) Pause Init Mark
[90.929s][info][gc,task       ] GC(226) Using 1 of 1 workers for init marking
[90.930s][info][gc,ergo       ] GC(226) Pacer for Mark. Expected Live: 68587K, Free: 218M, Non-Taxable: 22348K, Alloc Tax Rate: 0.4x
[90.930s][info][gc            ] GC(226) Pause Init Mark 1.527ms
[90.930s][info][gc,start      ] GC(226) Concurrent marking
[90.930s][info][gc,task       ] GC(226) Using 1 of 1 workers for concurrent marking
[91.008s][info][gc            ] GC(226) Concurrent marking 77.627ms
[91.008s][info][gc,start      ] GC(226) Pause Final Mark
[91.008s][info][gc,task       ] GC(226) Using 1 of 1 workers for final marking
[91.008s][info][gc,ergo       ] GC(226) Adaptive CSet Selection. Target Free: 72533K, Actual Free: 202M, Max CSet: 21333K, Min Garbage: 0B
[91.009s][info][gc,ergo       ] GC(226) Collectable Garbage: 182M (98%), Immediate: 0B (0%), CSet: 182M (98%)
[91.010s][info][gc,ergo       ] GC(226) Pacer for Evacuation. Used CSet: 197M, Free: 177M, Non-Taxable: 18201K, Alloc Tax Rate: 2.7x
[91.010s][info][gc            ] GC(226) Pause Final Mark 2.419ms
[91.011s][info][gc,start      ] GC(226) Concurrent cleanup
[91.011s][info][gc            ] GC(226) Concurrent cleanup 296M->296M(500M) 0.052ms
[91.011s][info][gc,ergo       ] GC(226) Free: 177M, Max: 256K regular, 74752K humongous, Frag: 59% external, 1% internal; Reserve: 25593K, Max: 256K
[91.011s][info][gc,start      ] GC(226) Concurrent evacuation
[91.011s][info][gc,task       ] GC(226) Using 1 of 1 workers for concurrent evacuation
[91.041s][info][gc            ] GC(226) Concurrent evacuation 30.563ms
[91.044s][info][gc,start      ] GC(226) Pause Init Update Refs
[91.044s][info][gc,ergo       ] GC(226) Pacer for Update Refs. Used: 323M, Free: 165M, Non-Taxable: 16896K, Alloc Tax Rate: 2.4x
[91.044s][info][gc            ] GC(226) Pause Init Update Refs 0.034ms
[91.044s][info][gc,start      ] GC(226) Concurrent update references
[91.044s][info][gc,task       ] GC(226) Using 1 of 1 workers for concurrent reference update
[91.195s][info][gc            ] GC(226) Concurrent update references 150.996ms
[91.201s][info][gc,start      ] GC(226) Pause Final Update Refs
[91.201s][info][gc,task       ] GC(226) Using 1 of 1 workers for final reference update
[91.202s][info][gc            ] GC(226) Pause Final Update Refs 1.489ms
[91.202s][info][gc,start      ] GC(226) Concurrent cleanup
[91.203s][info][gc            ] GC(226) Concurrent cleanup 468M->270M(500M) 0.212ms
[91.203s][info][gc,ergo       ] Free: 203M, Max: 256K regular, 106M humongous, Frag: 48% external, 1% internal; Reserve: 25600K, Max: 256K
[91.203s][info][gc,stats      ] 
[91.203s][info][gc,stats      ] All times are wall-clock times, except per-root-class counters, that are sum over
[91.203s][info][gc,stats      ] all workers. Dividing the <total> over the root stage time estimates parallelism.
[91.203s][info][gc,stats      ] 
[91.203s][info][gc,stats      ] Concurrent Reset                    316 us
[91.203s][info][gc,stats      ] Pause Init Mark (G)                3388 us
[91.203s][info][gc,stats      ] Pause Init Mark (N)                1503 us
[91.203s][info][gc,stats      ]   Accumulate Stats                   22 us
[91.203s][info][gc,stats      ]   Make Parsable                      19 us
[91.203s][info][gc,stats      ]   Update Region States               23 us
[91.203s][info][gc,stats      ]   Scan Roots                       1401 us, parallelism: 0.81x
[91.203s][info][gc,stats      ]     S: <total>                     1128 us
[91.203s][info][gc,stats      ]     S: Thread Roots                 564 us, workers (us): 564, 
[91.203s][info][gc,stats      ]     S: Universe Roots                 2 us, workers (us):   2, 
[91.203s][info][gc,stats      ]     S: JNI Handles Roots              1 us, workers (us):   1, 
[91.203s][info][gc,stats      ]     S: Synchronizer Roots             0 us, workers (us):   0, 
[91.203s][info][gc,stats      ]     S: Management Roots               1 us, workers (us):   1, 
[91.203s][info][gc,stats      ]     S: System Dict Roots             10 us, workers (us):  10, 
[91.203s][info][gc,stats      ]     S: CLDG Roots                   548 us, workers (us): 548, 
[91.203s][info][gc,stats      ]     S: JVMTI Roots                    1 us, workers (us):   1, 
[91.203s][info][gc,stats      ]   Resize TLABs                       11 us
[91.203s][info][gc,stats      ] Concurrent Marking                77619 us
[91.203s][info][gc,stats      ] Pause Final Mark (G)               2648 us
[91.203s][info][gc,stats      ] Pause Final Mark (N)               2410 us
[91.203s][info][gc,stats      ]   Finish Queues                      12 us
[91.203s][info][gc,stats      ]   System Purge                      281 us
[91.203s][info][gc,stats      ]     Weak Roots                      280 us
[91.203s][info][gc,stats      ]   Update Region States               25 us
[91.203s][info][gc,stats      ]   Retire TLABs                       20 us
[91.203s][info][gc,stats      ]   Choose Collection Set             124 us
[91.203s][info][gc,stats      ]   Rebuild Free Set                    6 us
[91.203s][info][gc,stats      ]   Initial Evacuation               1935 us, parallelism: 0.66x
[91.203s][info][gc,stats      ]     E: <total>                     1285 us
[91.203s][info][gc,stats      ]     E: Thread Roots                 576 us, workers (us): 576, 
[91.203s][info][gc,stats      ]     E: Code Cache Roots             229 us, workers (us): 229, 
[91.203s][info][gc,stats      ]     E: Universe Roots                 1 us, workers (us):   1, 
[91.203s][info][gc,stats      ]     E: JNI Handles Roots              1 us, workers (us):   1, 
[91.203s][info][gc,stats      ]     E: Synchronizer Roots             0 us, workers (us):   0, 
[91.203s][info][gc,stats      ]     E: Management Roots               1 us, workers (us):   1, 
[91.203s][info][gc,stats      ]     E: System Dict Roots              9 us, workers (us):   9, 
[91.203s][info][gc,stats      ]     E: CLDG Roots                   466 us, workers (us): 466, 
[91.203s][info][gc,stats      ]     E: JVMTI Roots                    0 us, workers (us):   0, 
[91.203s][info][gc,stats      ] Concurrent Cleanup                   35 us
[91.203s][info][gc,stats      ] Concurrent Evacuation             30550 us
[91.203s][info][gc,stats      ] Pause Init  Update Refs (G)        2338 us
[91.203s][info][gc,stats      ] Pause Init  Update Refs (N)          18 us
[91.203s][info][gc,stats      ]   Retire GCLABs                      10 us
[91.203s][info][gc,stats      ] Concurrent Update Refs           150980 us
[91.203s][info][gc,stats      ] Pause Final Update Refs (G)        7748 us
[91.203s][info][gc,stats      ] Pause Final Update Refs (N)        1444 us
[91.203s][info][gc,stats      ]   Update Roots                     1320 us, parallelism: 0.99x
[91.203s][info][gc,stats      ]     UR: <total>                    1302 us
[91.203s][info][gc,stats      ]     UR: Thread Roots               1302 us, workers (us): 1302, 
[91.203s][info][gc,stats      ]   Update Region States               71 us
[91.203s][info][gc,stats      ]   Trash Collection Set               12 us
[91.203s][info][gc,stats      ]   Rebuild Free Set                   20 us
[91.203s][info][gc,stats      ] Concurrent Cleanup                  192 us
[91.203s][info][gc,stats      ] Pacing                            39335 us
[91.203s][info][gc,stats      ] 
[91.203s][info][gc,stats      ] Allocation pacing accrued:
[91.203s][info][gc,stats      ]      39 of   278 ms ( 14.1%): Executor task launch worker for task 0.0 in stage 25.0 (TID 25)
[91.203s][info][gc,stats      ]      39 of   278 ms ( 14.1%): <total>
[91.203s][info][gc,stats      ]       0 of   278 ms (  0.1%): <average total>
[91.203s][info][gc,stats      ]      39 of   278 ms ( 14.1%): <average non-zero>
[91.203s][info][gc,stats      ] 
[91.203s][info][gc,metaspace  ] Metaspace: 60992K->60992K(1103872K)
[91.204s][info][gc,ergo       ] Pacer for Idle. Initial: 10240K, Alloc Tax Rate: 1.0x
[91.205s][info][gc            ] Trigger: Average GC time (280.75 ms) is above the time for allocation rate (715 MB/s) to deplete free headroom (177M)
[91.205s][info][gc,ergo       ] Free headroom: 202M (free) - 25600K (spike) - 0B (penalties) = 177M
[91.205s][info][gc,ergo       ] Free: 202M, Max: 256K regular, 106M humongous, Frag: 48% external, 1% internal; Reserve: 25600K, Max: 256K
[91.205s][info][gc,start      ] GC(227) Concurrent reset
[91.205s][info][gc,task       ] GC(227) Using 1 of 1 workers for concurrent reset
[91.205s][info][gc,ergo       ] GC(227) Pacer for Reset. Non-Taxable: 500M
[91.206s][info][gc            ] GC(227) Concurrent reset 0.572ms
[91.208s][info][gc,start      ] GC(227) Pause Init Mark
[91.208s][info][gc,task       ] GC(227) Using 1 of 1 workers for init marking
[91.211s][info][gc,ergo       ] GC(227) Pacer for Mark. Expected Live: 63078K, Free: 202M, Non-Taxable: 20684K, Alloc Tax Rate: 0.4x
[91.211s][info][gc            ] GC(227) Pause Init Mark 3.079ms
[91.211s][info][gc,start      ] GC(227) Concurrent marking
[91.211s][info][gc,task       ] GC(227) Using 1 of 1 workers for concurrent marking
[91.324s][info][gc            ] GC(227) Concurrent marking 113.306ms
[91.324s][info][gc,start      ] GC(227) Pause Final Mark
[91.324s][info][gc,task       ] GC(227) Using 1 of 1 workers for final marking
[91.325s][info][gc,ergo       ] GC(227) Adaptive CSet Selection. Target Free: 72533K, Actual Free: 184M, Max CSet: 21333K, Min Garbage: 0B
[91.325s][info][gc,ergo       ] GC(227) Collectable Garbage: 182M (98%), Immediate: 2048K (1%), CSet: 180M (97%)
[91.327s][info][gc,ergo       ] GC(227) Pacer for Evacuation. Used CSet: 195M, Free: 159M, Non-Taxable: 16307K, Alloc Tax Rate: 3.0x
[91.327s][info][gc            ] GC(227) Pause Final Mark 2.493ms
[91.327s][info][gc,start      ] GC(227) Concurrent cleanup
[91.327s][info][gc            ] GC(227) Concurrent cleanup 316M->314M(500M) 0.043ms
[91.327s][info][gc,ergo       ] GC(227) Free: 159M, Max: 256K regular, 106M humongous, Frag: 34% external, 1% internal; Reserve: 25600K, Max: 256K
[91.327s][info][gc,start      ] GC(227) Concurrent evacuation
[91.327s][info][gc,task       ] GC(227) Using 1 of 1 workers for concurrent evacuation
[91.360s][info][gc            ] GC(227) Concurrent evacuation 32.739ms
[91.364s][info][gc,start      ] GC(227) Pause Init Update Refs
[91.364s][info][gc,ergo       ] GC(227) Pacer for Update Refs. Used: 362M, Free: 126M, Non-Taxable: 12928K, Alloc Tax Rate: 3.5x
[91.364s][info][gc            ] GC(227) Pause Init Update Refs 0.043ms
[91.364s][info][gc,start      ] GC(227) Concurrent update references
[91.364s][info][gc,task       ] GC(227) Using 1 of 1 workers for concurrent reference update
[91.500s][info][gc            ] GC(227) Concurrent update references 136.787ms
[91.501s][info][gc,start      ] GC(227) Pause Final Update Refs
[91.501s][info][gc,task       ] GC(227) Using 1 of 1 workers for final reference update
[91.502s][info][gc            ] GC(227) Pause Final Update Refs 0.621ms
[91.502s][info][gc,start      ] GC(227) Concurrent cleanup
[91.502s][info][gc            ] GC(227) Concurrent cleanup 467M->272M(500M) 0.121ms
[91.502s][info][gc,ergo       ] Free: 201M, Max: 256K regular, 74752K humongous, Frag: 64% external, 1% internal; Reserve: 25600K, Max: 256K
[91.502s][info][gc,stats      ] 
[91.502s][info][gc,stats      ] All times are wall-clock times, except per-root-class counters, that are sum over
[91.502s][info][gc,stats      ] all workers. Dividing the <total> over the root stage time estimates parallelism.
[91.502s][info][gc,stats      ] 
[91.502s][info][gc,stats      ] Concurrent Reset                    554 us
[91.502s][info][gc,stats      ] Pause Init Mark (G)                5033 us
[91.502s][info][gc,stats      ] Pause Init Mark (N)                3043 us
[91.502s][info][gc,stats      ]   Accumulate Stats                   27 us
[91.502s][info][gc,stats      ]   Make Parsable                      21 us
[91.502s][info][gc,stats      ]   Update Region States               45 us
[91.502s][info][gc,stats      ]   Scan Roots                       2864 us, parallelism: 0.87x
[91.502s][info][gc,stats      ]     S: <total>                     2485 us
[91.502s][info][gc,stats      ]     S: Thread Roots                1242 us, workers (us): 1242, 
[91.502s][info][gc,stats      ]     S: Universe Roots                 4 us, workers (us):   4, 
[91.502s][info][gc,stats      ]     S: JNI Handles Roots              3 us, workers (us):   3, 
[91.502s][info][gc,stats      ]     S: Synchronizer Roots             1 us, workers (us):   1, 
[91.502s][info][gc,stats      ]     S: Management Roots               2 us, workers (us):   2, 
[91.502s][info][gc,stats      ]     S: System Dict Roots             22 us, workers (us):  22, 
[91.502s][info][gc,stats      ]     S: CLDG Roots                  1210 us, workers (us): 1210, 
[91.502s][info][gc,stats      ]     S: JVMTI Roots                    1 us, workers (us):   1, 
[91.502s][info][gc,stats      ]   Resize TLABs                       22 us
[91.502s][info][gc,stats      ] Concurrent Marking               113291 us
[91.502s][info][gc,stats      ] Pause Final Mark (G)               2704 us
[91.502s][info][gc,stats      ] Pause Final Mark (N)               2463 us
[91.502s][info][gc,stats      ]   Finish Queues                      18 us
[91.502s][info][gc,stats      ]   System Purge                      255 us
[91.502s][info][gc,stats      ]     Weak Roots                      255 us
[91.502s][info][gc,stats      ]   Update Region States               25 us
[91.502s][info][gc,stats      ]   Retire TLABs                       20 us
[91.502s][info][gc,stats      ]   Choose Collection Set             121 us
[91.502s][info][gc,stats      ]   Rebuild Free Set                    6 us
[91.502s][info][gc,stats      ]   Initial Evacuation               2008 us, parallelism: 0.68x
[91.502s][info][gc,stats      ]     E: <total>                     1368 us
[91.502s][info][gc,stats      ]     E: Thread Roots                 651 us, workers (us): 651, 
[91.502s][info][gc,stats      ]     E: Code Cache Roots             242 us, workers (us): 242, 
[91.502s][info][gc,stats      ]     E: Universe Roots                 1 us, workers (us):   1, 
[91.502s][info][gc,stats      ]     E: JNI Handles Roots              1 us, workers (us):   1, 
[91.502s][info][gc,stats      ]     E: Synchronizer Roots             0 us, workers (us):   0, 
[91.502s][info][gc,stats      ]     E: Management Roots               1 us, workers (us):   1, 
[91.502s][info][gc,stats      ]     E: System Dict Roots              9 us, workers (us):   9, 
[91.502s][info][gc,stats      ]     E: CLDG Roots                   463 us, workers (us): 463, 
[91.502s][info][gc,stats      ]     E: JVMTI Roots                    0 us, workers (us):   0, 
[91.502s][info][gc,stats      ] Concurrent Cleanup                   35 us
[91.502s][info][gc,stats      ] Concurrent Evacuation             32727 us
[91.502s][info][gc,stats      ] Pause Init  Update Refs (G)        3952 us
[91.502s][info][gc,stats      ] Pause Init  Update Refs (N)          18 us
[91.502s][info][gc,stats      ]   Retire GCLABs                      10 us
[91.502s][info][gc,stats      ] Concurrent Update Refs           136773 us
[91.502s][info][gc,stats      ] Pause Final Update Refs (G)        1014 us
[91.502s][info][gc,stats      ] Pause Final Update Refs (N)         596 us
[91.502s][info][gc,stats      ]   Update Roots                      546 us, parallelism: 0.98x
[91.502s][info][gc,stats      ]     UR: <total>                     534 us
[91.502s][info][gc,stats      ]     UR: Thread Roots                534 us, workers (us): 534, 
[91.502s][info][gc,stats      ]   Update Region States               28 us
[91.502s][info][gc,stats      ]   Trash Collection Set                5 us
[91.502s][info][gc,stats      ]   Rebuild Free Set                    8 us
[91.502s][info][gc,stats      ] Concurrent Cleanup                  110 us
[91.502s][info][gc,stats      ] Pacing                           100036 us
[91.502s][info][gc,stats      ] 
[91.502s][info][gc,stats      ] Allocation pacing accrued:
[91.502s][info][gc,stats      ]      13 of   299 ms (  4.3%): Spark Context Cleaner
[91.502s][info][gc,stats      ]      87 of   299 ms ( 29.2%): Executor task launch worker for task 0.0 in stage 25.0 (TID 25)
[91.502s][info][gc,stats      ]     100 of   299 ms ( 33.5%): <total>
[91.502s][info][gc,stats      ]       1 of   299 ms (  0.2%): <average total>
[91.502s][info][gc,stats      ]      50 of   299 ms ( 16.7%): <average non-zero>
[91.502s][info][gc,stats      ] 
[91.502s][info][gc,metaspace  ] Metaspace: 60992K->60992K(1103872K)
[91.502s][info][gc,ergo       ] Pacer for Idle. Initial: 10240K, Alloc Tax Rate: 1.0x
[91.516s][info][gc            ] Trigger: Average GC time (243.29 ms) is above the time for allocation rate (651 MB/s) to deplete free headroom (157M)
[91.516s][info][gc,ergo       ] Free headroom: 182M (free) - 25600K (spike) - 0B (penalties) = 157M
[91.516s][info][gc,ergo       ] Free: 182M, Max: 256K regular, 74752K humongous, Frag: 60% external, 1% internal; Reserve: 25600K, Max: 256K
[91.516s][info][gc,start      ] GC(228) Concurrent reset
[91.516s][info][gc,task       ] GC(228) Using 1 of 1 workers for concurrent reset
[91.516s][info][gc,ergo       ] GC(228) Pacer for Reset. Non-Taxable: 500M
[91.516s][info][gc            ] GC(228) Concurrent reset 0.397ms
[91.519s][info][gc,start      ] GC(228) Pause Init Mark
[91.519s][info][gc,task       ] GC(228) Using 1 of 1 workers for init marking
[91.521s][info][gc,ergo       ] GC(228) Pacer for Mark. Expected Live: 58267K, Free: 182M, Non-Taxable: 18688K, Alloc Tax Rate: 0.4x
[91.521s][info][gc            ] GC(228) Pause Init Mark 1.821ms
[91.521s][info][gc,start      ] GC(228) Concurrent marking
[91.521s][info][gc,task       ] GC(228) Using 1 of 1 workers for concurrent marking
[91.623s][info][gc            ] GC(228) Concurrent marking 102.122ms
[91.624s][info][gc,start      ] GC(228) Pause Final Mark
[91.624s][info][gc,task       ] GC(228) Using 1 of 1 workers for final marking
[91.624s][info][gc,ergo       ] GC(228) Adaptive CSet Selection. Target Free: 72533K, Actual Free: 165M, Max CSet: 21333K, Min Garbage: 0B
[91.624s][info][gc,ergo       ] GC(228) Collectable Garbage: 186M (99%), Immediate: 0B (0%), CSet: 186M (99%)
[91.626s][info][gc,ergo       ] GC(228) Pacer for Evacuation. Used CSet: 202M, Free: 140M, Non-Taxable: 14387K, Alloc Tax Rate: 3.5x
[91.626s][info][gc            ] GC(228) Pause Final Mark 2.737ms
[91.628s][info][gc,start      ] GC(228) Concurrent cleanup
[91.628s][info][gc            ] GC(228) Concurrent cleanup 336M->336M(500M) 0.050ms
[91.628s][info][gc,ergo       ] GC(228) Free: 137M, Max: 256K regular, 74752K humongous, Frag: 47% external, 1% internal; Reserve: 25600K, Max: 256K
[91.628s][info][gc,start      ] GC(228) Concurrent evacuation
[91.628s][info][gc,task       ] GC(228) Using 1 of 1 workers for concurrent evacuation
[91.661s][info][gc            ] GC(228) Concurrent evacuation 33.030ms
[91.663s][info][gc,start      ] GC(228) Pause Init Update Refs
[91.663s][info][gc,ergo       ] GC(228) Pacer for Update Refs. Used: 383M, Free: 106M, Non-Taxable: 10854K, Alloc Tax Rate: 4.4x
[91.663s][info][gc            ] GC(228) Pause Init Update Refs 0.036ms
[91.663s][info][gc,start      ] GC(228) Concurrent update references
[91.663s][info][gc,task       ] GC(228) Using 1 of 1 workers for concurrent reference update
[91.820s][info][gc            ] GC(228) Concurrent update references 156.439ms
[91.820s][info][gc,start      ] GC(228) Pause Final Update Refs
[91.820s][info][gc,task       ] GC(228) Using 1 of 1 workers for final reference update
[91.821s][info][gc            ] GC(228) Pause Final Update Refs 0.569ms
[91.821s][info][gc,start      ] GC(228) Concurrent cleanup
[91.821s][info][gc            ] GC(228) Concurrent cleanup 471M->268M(500M) 0.071ms
[91.821s][info][gc,ergo       ] Free: 205M, Max: 256K regular, 141M humongous, Frag: 31% external, 1% internal; Reserve: 25600K, Max: 256K
[91.821s][info][gc,stats      ] 
[91.821s][info][gc,stats      ] All times are wall-clock times, except per-root-class counters, that are sum over
[91.821s][info][gc,stats      ] all workers. Dividing the <total> over the root stage time estimates parallelism.
[91.821s][info][gc,stats      ] 
[91.821s][info][gc,stats      ] Concurrent Reset                    388 us
[91.821s][info][gc,stats      ] Pause Init Mark (G)                5139 us
[91.821s][info][gc,stats      ] Pause Init Mark (N)                1785 us
[91.821s][info][gc,stats      ]   Accumulate Stats                   31 us
[91.821s][info][gc,stats      ]   Make Parsable                      19 us
[91.821s][info][gc,stats      ]   Update Region States               39 us
[91.821s][info][gc,stats      ]   Scan Roots                       1490 us, parallelism: 0.81x
[91.821s][info][gc,stats      ]     S: <total>                     1206 us
[91.821s][info][gc,stats      ]     S: Thread Roots                 607 us, workers (us): 607, 
[91.821s][info][gc,stats      ]     S: Universe Roots                 2 us, workers (us):   2, 
[91.821s][info][gc,stats      ]     S: JNI Handles Roots              1 us, workers (us):   1, 
[91.821s][info][gc,stats      ]     S: Synchronizer Roots             0 us, workers (us):   0, 
[91.821s][info][gc,stats      ]     S: Management Roots               2 us, workers (us):   2, 
[91.821s][info][gc,stats      ]     S: System Dict Roots             12 us, workers (us):  12, 
[91.821s][info][gc,stats      ]     S: CLDG Roots                   580 us, workers (us): 580, 
[91.821s][info][gc,stats      ]     S: JVMTI Roots                    1 us, workers (us):   1, 
[91.821s][info][gc,stats      ]   Resize TLABs                       16 us
[91.821s][info][gc,stats      ] Concurrent Marking               102113 us
[91.821s][info][gc,stats      ] Pause Final Mark (G)               4567 us
[91.821s][info][gc,stats      ] Pause Final Mark (N)               2724 us
[91.821s][info][gc,stats      ]   Finish Queues                      13 us
[91.821s][info][gc,stats      ]   System Purge                      246 us
[91.821s][info][gc,stats      ]     Weak Roots                      246 us
[91.821s][info][gc,stats      ]   Update Region States               25 us
[91.821s][info][gc,stats      ]   Retire TLABs                       20 us
[91.821s][info][gc,stats      ]   Choose Collection Set             126 us
[91.821s][info][gc,stats      ]   Rebuild Free Set                    6 us
[91.821s][info][gc,stats      ]   Initial Evacuation               2281 us, parallelism: 0.60x
[91.821s][info][gc,stats      ]     E: <total>                     1371 us
[91.821s][info][gc,stats      ]     E: Thread Roots                 562 us, workers (us): 562, 
[91.821s][info][gc,stats      ]     E: Code Cache Roots             245 us, workers (us): 245, 
[91.821s][info][gc,stats      ]     E: Universe Roots                 1 us, workers (us):   1, 
[91.821s][info][gc,stats      ]     E: JNI Handles Roots              1 us, workers (us):   1, 
[91.821s][info][gc,stats      ]     E: Synchronizer Roots             0 us, workers (us):   0, 
[91.821s][info][gc,stats      ]     E: Management Roots               1 us, workers (us):   1, 
[91.821s][info][gc,stats      ]     E: System Dict Roots             10 us, workers (us):  10, 
[91.821s][info][gc,stats      ]     E: CLDG Roots                   549 us, workers (us): 549, 
[91.821s][info][gc,stats      ]     E: JVMTI Roots                    1 us, workers (us):   1, 
[91.821s][info][gc,stats      ] Concurrent Cleanup                   33 us
[91.821s][info][gc,stats      ] Concurrent Evacuation             33017 us
[91.821s][info][gc,stats      ] Pause Init  Update Refs (G)        2359 us
[91.821s][info][gc,stats      ] Pause Init  Update Refs (N)          18 us
[91.821s][info][gc,stats      ]   Retire GCLABs                      11 us
[91.821s][info][gc,stats      ] Concurrent Update Refs           156424 us
[91.821s][info][gc,stats      ] Pause Final Update Refs (G)         891 us
[91.821s][info][gc,stats      ] Pause Final Update Refs (N)         557 us
[91.821s][info][gc,stats      ]   Update Roots                      510 us, parallelism: 0.98x
[91.821s][info][gc,stats      ]     UR: <total>                     500 us
[91.821s][info][gc,stats      ]     UR: Thread Roots                500 us, workers (us): 500, 
[91.821s][info][gc,stats      ]   Update Region States               27 us
[91.821s][info][gc,stats      ]   Trash Collection Set                4 us
[91.821s][info][gc,stats      ]   Rebuild Free Set                    8 us
[91.821s][info][gc,stats      ] Concurrent Cleanup                   63 us
[91.821s][info][gc,stats      ] Pacing                           147062 us
[91.821s][info][gc,stats      ] 
[91.821s][info][gc,stats      ] Allocation pacing accrued:
[91.821s][info][gc,stats      ]     147 of   319 ms ( 46.1%): Executor task launch worker for task 0.0 in stage 25.0 (TID 25)
[91.821s][info][gc,stats      ]     147 of   319 ms ( 46.1%): <total>
[91.821s][info][gc,stats      ]       1 of   319 ms (  0.2%): <average total>
[91.821s][info][gc,stats      ]     147 of   319 ms ( 46.1%): <average non-zero>
[91.821s][info][gc,stats      ] 
[91.821s][info][gc,metaspace  ] Metaspace: 60992K->60992K(1103872K)
[91.821s][info][gc,ergo       ] Pacer for Idle. Initial: 10240K, Alloc Tax Rate: 1.0x
[91.858s][info][gc            ] Trigger: Average GC time (270.97 ms) is above the time for allocation rate (571 MB/s) to deplete free headroom (149M)
[91.858s][info][gc,ergo       ] Free headroom: 174M (free) - 25600K (spike) - 0B (penalties) = 149M
[91.858s][info][gc,ergo       ] Free: 174M, Max: 256K regular, 141M humongous, Frag: 19% external, 1% internal; Reserve: 25600K, Max: 256K
[91.858s][info][gc,start      ] GC(229) Concurrent reset
[91.858s][info][gc,task       ] GC(229) Using 1 of 1 workers for concurrent reset
[91.858s][info][gc,ergo       ] GC(229) Pacer for Reset. Non-Taxable: 500M
[91.858s][info][gc            ] GC(229) Concurrent reset 0.429ms
[91.860s][info][gc,start      ] GC(229) Pause Init Mark
[91.860s][info][gc,task       ] GC(229) Using 1 of 1 workers for init marking
[91.862s][info][gc,ergo       ] GC(229) Pacer for Mark. Expected Live: 73358K, Free: 174M, Non-Taxable: 17817K, Alloc Tax Rate: 0.5x
[91.862s][info][gc            ] GC(229) Pause Init Mark 1.562ms
[91.862s][info][gc,start      ] GC(229) Concurrent marking
[91.862s][info][gc,task       ] GC(229) Using 1 of 1 workers for concurrent marking
[91.980s][info][gc            ] GC(229) Concurrent marking 117.844ms
[91.980s][info][gc,start      ] GC(229) Pause Final Mark
[91.980s][info][gc,task       ] GC(229) Using 1 of 1 workers for final marking
[91.980s][info][gc,ergo       ] GC(229) Adaptive CSet Selection. Target Free: 72533K, Actual Free: 162M, Max CSet: 21333K, Min Garbage: 0B
[91.981s][info][gc,ergo       ] GC(229) Collectable Garbage: 180M (98%), Immediate: 0B (0%), CSet: 180M (98%)
[91.982s][info][gc,ergo       ] GC(229) Pacer for Evacuation. Used CSet: 195M, Free: 137M, Non-Taxable: 14080K, Alloc Tax Rate: 3.5x
[91.982s][info][gc            ] GC(229) Pause Final Mark 2.371ms
[91.987s][info][gc,start      ] GC(229) Concurrent cleanup
[91.987s][info][gc            ] GC(229) Concurrent cleanup 339M->339M(500M) 0.063ms
[91.987s][info][gc,ergo       ] GC(229) Free: 134M, Max: 256K regular, 112M humongous, Frag: 17% external, 2% internal; Reserve: 25600K, Max: 256K
[91.987s][info][gc,start      ] GC(229) Concurrent evacuation
[91.987s][info][gc,task       ] GC(229) Using 1 of 1 workers for concurrent evacuation
[92.018s][info][gc            ] GC(229) Concurrent evacuation 31.342ms
[92.022s][info][gc,start      ] GC(229) Pause Init Update Refs
[92.022s][info][gc,ergo       ] GC(229) Pacer for Update Refs. Used: 367M, Free: 121M, Non-Taxable: 12390K, Alloc Tax Rate: 3.7x
[92.022s][info][gc            ] GC(229) Pause Init Update Refs 0.042ms
[92.022s][info][gc,start      ] GC(229) Concurrent update references
[92.022s][info][gc,task       ] GC(229) Using 1 of 1 workers for concurrent reference update
[92.211s][info][gc            ] GC(229) Concurrent update references 189.242ms
[92.213s][info][gc,start      ] GC(229) Pause Final Update Refs
[92.213s][info][gc,task       ] GC(229) Using 1 of 1 workers for final reference update
[92.214s][info][gc            ] GC(229) Pause Final Update Refs 0.620ms
[92.214s][info][gc,start      ] GC(229) Concurrent cleanup
[92.214s][info][gc            ] GC(229) Concurrent cleanup 445M->250M(500M) 0.071ms
[92.214s][info][gc,ergo       ] Free: 223M, Max: 256K regular, 139M humongous, Frag: 38% external, 1% internal; Reserve: 25600K, Max: 256K
[92.214s][info][gc,stats      ] 
[92.214s][info][gc,stats      ] All times are wall-clock times, except per-root-class counters, that are sum over
[92.214s][info][gc,stats      ] all workers. Dividing the <total> over the root stage time estimates parallelism.
[92.214s][info][gc,stats      ] 
[92.214s][info][gc,stats      ] Concurrent Reset                    420 us
[92.214s][info][gc,stats      ] Pause Init Mark (G)                3904 us
[92.214s][info][gc,stats      ] Pause Init Mark (N)                1533 us
[92.214s][info][gc,stats      ]   Accumulate Stats                   41 us
[92.214s][info][gc,stats      ]   Make Parsable                      14 us
[92.214s][info][gc,stats      ]   Update Region States               26 us
[92.214s][info][gc,stats      ]   Scan Roots                       1408 us, parallelism: 0.80x
[92.214s][info][gc,stats      ]     S: <total>                     1129 us
[92.214s][info][gc,stats      ]     S: Thread Roots                 582 us, workers (us): 582, 
[92.214s][info][gc,stats      ]     S: Universe Roots                 2 us, workers (us):   2, 
[92.214s][info][gc,stats      ]     S: JNI Handles Roots              1 us, workers (us):   1, 
[92.214s][info][gc,stats      ]     S: Synchronizer Roots             0 us, workers (us):   0, 
[92.214s][info][gc,stats      ]     S: Management Roots               2 us, workers (us):   2, 
[92.214s][info][gc,stats      ]     S: System Dict Roots             12 us, workers (us):  12, 
[92.214s][info][gc,stats      ]     S: CLDG Roots                   528 us, workers (us): 528, 
[92.214s][info][gc,stats      ]     S: JVMTI Roots                    1 us, workers (us):   1, 
[92.214s][info][gc,stats      ]   Resize TLABs                       11 us
[92.214s][info][gc,stats      ] Concurrent Marking               117834 us
[92.214s][info][gc,stats      ] Pause Final Mark (G)               6667 us
[92.214s][info][gc,stats      ] Pause Final Mark (N)               2359 us
[92.214s][info][gc,stats      ]   Finish Queues                      14 us
[92.214s][info][gc,stats      ]   System Purge                      247 us
[92.214s][info][gc,stats      ]     Weak Roots                      247 us
[92.214s][info][gc,stats      ]   Update Region States               27 us
[92.214s][info][gc,stats      ]   Retire TLABs                       15 us
[92.214s][info][gc,stats      ]   Choose Collection Set             129 us
[92.214s][info][gc,stats      ]   Rebuild Free Set                    6 us
[92.214s][info][gc,stats      ]   Initial Evacuation               1914 us, parallelism: 0.67x
[92.214s][info][gc,stats      ]     E: <total>                     1288 us
[92.214s][info][gc,stats      ]     E: Thread Roots                 549 us, workers (us): 549, 
[92.214s][info][gc,stats      ]     E: Code Cache Roots             264 us, workers (us): 264, 
[92.214s][info][gc,stats      ]     E: Universe Roots                 1 us, workers (us):   1, 
[92.214s][info][gc,stats      ]     E: JNI Handles Roots              1 us, workers (us):   1, 
[92.214s][info][gc,stats      ]     E: Synchronizer Roots             0 us, workers (us):   0, 
[92.214s][info][gc,stats      ]     E: Management Roots               1 us, workers (us):   1, 
[92.214s][info][gc,stats      ]     E: System Dict Roots              9 us, workers (us):   9, 
[92.214s][info][gc,stats      ]     E: CLDG Roots                   463 us, workers (us): 463, 
[92.214s][info][gc,stats      ]     E: JVMTI Roots                    0 us, workers (us):   0, 
[92.214s][info][gc,stats      ] Concurrent Cleanup                   34 us
[92.214s][info][gc,stats      ] Concurrent Evacuation             31331 us
[92.214s][info][gc,stats      ] Pause Init  Update Refs (G)        3525 us
[92.214s][info][gc,stats      ] Pause Init  Update Refs (N)          17 us
[92.214s][info][gc,stats      ]   Retire GCLABs                      10 us
[92.214s][info][gc,stats      ] Concurrent Update Refs           189228 us
[92.214s][info][gc,stats      ] Pause Final Update Refs (G)        2933 us
[92.214s][info][gc,stats      ] Pause Final Update Refs (N)         547 us
[92.214s][info][gc,stats      ]   Update Roots                      495 us, parallelism: 0.99x
[92.214s][info][gc,stats      ]     UR: <total>                     488 us
[92.214s][info][gc,stats      ]     UR: Thread Roots                488 us, workers (us): 488, 
[92.214s][info][gc,stats      ]   Update Region States               30 us
[92.214s][info][gc,stats      ]   Trash Collection Set                4 us
[92.214s][info][gc,stats      ]   Rebuild Free Set                    7 us
[92.214s][info][gc,stats      ] Concurrent Cleanup                   62 us
[92.214s][info][gc,stats      ] Pacing                            93605 us
[92.214s][info][gc,stats      ] 
[92.214s][info][gc,stats      ] Allocation pacing accrued:
[92.214s][info][gc,stats      ]      12 of   393 ms (  3.1%): Spark Context Cleaner
[92.214s][info][gc,stats      ]      81 of   393 ms ( 20.7%): Executor task launch worker for task 0.0 in stage 25.0 (TID 25)
[92.214s][info][gc,stats      ]      94 of   393 ms ( 23.8%): <total>
[92.214s][info][gc,stats      ]       0 of   393 ms (  0.1%): <average total>
[92.214s][info][gc,stats      ]      47 of   393 ms ( 11.9%): <average non-zero>
[92.214s][info][gc,stats      ] 
[92.214s][info][gc,metaspace  ] Metaspace: 60992K->60996K(1103872K)
[92.214s][info][gc,ergo       ] Pacer for Idle. Initial: 10240K, Alloc Tax Rate: 1.0x
[92.291s][info][gc            ] Trigger: Average GC time (297.20 ms) is above the time for allocation rate (452 MB/s) to deplete free headroom (134M)
[92.291s][info][gc,ergo       ] Free headroom: 159M (free) - 25600K (spike) - 0B (penalties) = 134M
[92.291s][info][gc,ergo       ] Free: 159M, Max: 256K regular, 139M humongous, Frag: 13% external, 1% internal; Reserve: 25600K, Max: 256K
[92.291s][info][gc,start      ] GC(230) Concurrent reset
[92.291s][info][gc,task       ] GC(230) Using 1 of 1 workers for concurrent reset
[92.291s][info][gc,ergo       ] GC(230) Pacer for Reset. Non-Taxable: 500M
[92.291s][info][gc            ] GC(230) Concurrent reset 0.523ms
[92.294s][info][gc,start      ] GC(230) Pause Init Mark (process weakrefs)
[92.294s][info][gc,task       ] GC(230) Using 1 of 1 workers for init marking
[92.295s][info][gc,ergo       ] GC(230) Pacer for Mark. Expected Live: 88869K, Free: 159M, Non-Taxable: 16281K, Alloc Tax Rate: 0.7x
[92.295s][info][gc            ] GC(230) Pause Init Mark (process weakrefs) 1.569ms
[92.295s][info][gc,start      ] GC(230) Concurrent marking (process weakrefs)
[92.295s][info][gc,task       ] GC(230) Using 1 of 1 workers for concurrent marking
[92.400s][info][gc            ] GC(230) Concurrent marking (process weakrefs) 105.036ms
[92.400s][info][gc,start      ] GC(230) Concurrent precleaning
[92.400s][info][gc,task       ] GC(230) Using 1 of 1 workers for concurrent preclean
[92.400s][info][gc,ergo       ] GC(230) Pacer for Precleaning. Non-Taxable: 500M
[92.401s][info][gc            ] GC(230) Concurrent precleaning 0.535ms
[92.401s][info][gc,start      ] GC(230) Pause Final Mark (process weakrefs)
[92.401s][info][gc,task       ] GC(230) Using 1 of 1 workers for final marking
[92.401s][info][gc,ergo       ] GC(230) Adaptive CSet Selection. Target Free: 72533K, Actual Free: 315M, Max CSet: 21333K, Min Garbage: 0B
[92.401s][info][gc,ergo       ] GC(230) Collectable Garbage: 193M (99%), Immediate: 161M (82%), CSet: 32583K (16%)
[92.403s][info][gc,ergo       ] GC(230) Pacer for Evacuation. Used CSet: 35328K, Free: 290M, Non-Taxable: 29721K, Alloc Tax Rate: 1.1x
[92.403s][info][gc            ] GC(230) Pause Final Mark (process weakrefs) 2.428ms
[92.403s][info][gc,start      ] GC(230) Concurrent cleanup
[92.403s][info][gc            ] GC(230) Concurrent cleanup 344M->183M(500M) 0.068ms
[92.403s][info][gc,ergo       ] GC(230) Free: 290M, Max: 256K regular, 129M humongous, Frag: 56% external, 1% internal; Reserve: 25597K, Max: 256K
[92.403s][info][gc,start      ] GC(230) Concurrent evacuation
[92.403s][info][gc,task       ] GC(230) Using 1 of 1 workers for concurrent evacuation
[92.411s][info][gc            ] GC(230) Concurrent evacuation 7.719ms
[92.415s][info][gc,start      ] GC(230) Pause Init Update Refs
[92.415s][info][gc,ergo       ] GC(230) Pacer for Update Refs. Used: 190M, Free: 286M, Non-Taxable: 29286K, Alloc Tax Rate: 1.1x
[92.415s][info][gc            ] GC(230) Pause Init Update Refs 0.102ms
[92.415s][info][gc,start      ] GC(230) Concurrent update references
[92.415s][info][gc,task       ] GC(230) Using 1 of 1 workers for concurrent reference update
[92.577s][info][gc            ] GC(230) Concurrent update references 161.752ms
[92.579s][info][gc,start      ] GC(230) Pause Final Update Refs
[92.579s][info][gc,task       ] GC(230) Using 1 of 1 workers for final reference update
[92.580s][info][gc            ] GC(230) Pause Final Update Refs 0.592ms
[92.582s][info][gc,start      ] GC(230) Concurrent cleanup
[92.582s][info][gc            ] GC(230) Concurrent cleanup 256M->223M(500M) 0.054ms
[92.582s][info][gc,ergo       ] Free: 250M, Max: 256K regular, 126M humongous, Frag: 50% external, 1% internal; Reserve: 25600K, Max: 256K
[92.582s][info][gc,stats      ] 
[92.582s][info][gc,stats      ] All times are wall-clock times, except per-root-class counters, that are sum over
[92.582s][info][gc,stats      ] all workers. Dividing the <total> over the root stage time estimates parallelism.
[92.582s][info][gc,stats      ] 
[92.582s][info][gc,stats      ] Concurrent Reset                    510 us
[92.582s][info][gc,stats      ] Pause Init Mark (G)                3919 us
[92.582s][info][gc,stats      ] Pause Init Mark (N)                1545 us
[92.582s][info][gc,stats      ]   Accumulate Stats                   25 us
[92.582s][info][gc,stats      ]   Make Parsable                      15 us
[92.582s][info][gc,stats      ]   Update Region States               27 us
[92.582s][info][gc,stats      ]   Scan Roots                       1430 us, parallelism: 0.81x
[92.582s][info][gc,stats      ]     S: <total>                     1163 us
[92.582s][info][gc,stats      ]     S: Thread Roots                 559 us, workers (us): 559, 
[92.582s][info][gc,stats      ]     S: Universe Roots                 3 us, workers (us):   3, 
[92.582s][info][gc,stats      ]     S: JNI Handles Roots              2 us, workers (us):   2, 
[92.582s][info][gc,stats      ]     S: Synchronizer Roots             0 us, workers (us):   0, 
[92.582s][info][gc,stats      ]     S: Management Roots               1 us, workers (us):   1, 
[92.582s][info][gc,stats      ]     S: System Dict Roots             11 us, workers (us):  11, 
[92.582s][info][gc,stats      ]     S: CLDG Roots                   586 us, workers (us): 586, 
[92.582s][info][gc,stats      ]     S: JVMTI Roots                    1 us, workers (us):   1, 
[92.582s][info][gc,stats      ]   Resize TLABs                       15 us
[92.582s][info][gc,stats      ] Concurrent Marking               105027 us
[92.582s][info][gc,stats      ] Concurrent Precleaning              527 us
[92.582s][info][gc,stats      ] Pause Final Mark (G)               2618 us
[92.582s][info][gc,stats      ] Pause Final Mark (N)               2381 us
[92.582s][info][gc,stats      ]   Finish Queues                      25 us
[92.582s][info][gc,stats      ]   Weak References                    17 us
[92.582s][info][gc,stats      ]     Process                          15 us
[92.582s][info][gc,stats      ]   System Purge                      280 us
[92.582s][info][gc,stats      ]     Weak Roots                      280 us
[92.582s][info][gc,stats      ]   Update Region States               27 us
[92.582s][info][gc,stats      ]   Retire TLABs                       18 us
[92.582s][info][gc,stats      ]   Choose Collection Set              71 us
[92.582s][info][gc,stats      ]   Rebuild Free Set                    7 us
[92.582s][info][gc,stats      ]   Initial Evacuation               1930 us, parallelism: 0.66x
[92.582s][info][gc,stats      ]     E: <total>                     1283 us
[92.582s][info][gc,stats      ]     E: Thread Roots                 571 us, workers (us): 571, 
[92.582s][info][gc,stats      ]     E: Code Cache Roots             227 us, workers (us): 227, 
[92.582s][info][gc,stats      ]     E: Universe Roots                 1 us, workers (us):   1, 
[92.582s][info][gc,stats      ]     E: JNI Handles Roots              1 us, workers (us):   1, 
[92.582s][info][gc,stats      ]     E: Synchronizer Roots             0 us, workers (us):   0, 
[92.582s][info][gc,stats      ]     E: Management Roots               1 us, workers (us):   1, 
[92.582s][info][gc,stats      ]     E: System Dict Roots             10 us, workers (us):  10, 
[92.582s][info][gc,stats      ]     E: CLDG Roots                   471 us, workers (us): 471, 
[92.582s][info][gc,stats      ]     E: JVMTI Roots                    0 us, workers (us):   0, 
[92.582s][info][gc,stats      ] Concurrent Cleanup                   60 us
[92.582s][info][gc,stats      ] Concurrent Evacuation              7708 us
[92.582s][info][gc,stats      ] Pause Init  Update Refs (G)        3769 us
[92.582s][info][gc,stats      ] Pause Init  Update Refs (N)          27 us
[92.582s][info][gc,stats      ]   Retire GCLABs                       9 us
[92.582s][info][gc,stats      ] Concurrent Update Refs           161737 us
[92.582s][info][gc,stats      ] Pause Final Update Refs (G)        4848 us
[92.582s][info][gc,stats      ] Pause Final Update Refs (N)         552 us
[92.582s][info][gc,stats      ]   Update Roots                      489 us, parallelism: 0.97x
[92.582s][info][gc,stats      ]     UR: <total>                     476 us
[92.582s][info][gc,stats      ]     UR: Thread Roots                476 us, workers (us): 476, 
[92.582s][info][gc,stats      ]   Update Region States               27 us
[92.582s][info][gc,stats      ]   Trash Collection Set                2 us
[92.582s][info][gc,stats      ]   Rebuild Free Set                   26 us
[92.582s][info][gc,stats      ] Concurrent Cleanup                   38 us
[92.582s][info][gc,stats      ] Pacing                            44053 us
[92.582s][info][gc,stats      ] 
[92.582s][info][gc,stats      ] Allocation pacing accrued:
[92.582s][info][gc,stats      ]      44 of   368 ms ( 12.0%): Executor task launch worker for task 0.0 in stage 25.0 (TID 25)
[92.582s][info][gc,stats      ]      44 of   368 ms ( 12.0%): <total>
[92.582s][info][gc,stats      ]       0 of   368 ms (  0.1%): <average total>
[92.582s][info][gc,stats      ]      44 of   368 ms ( 12.0%): <average non-zero>
[92.582s][info][gc,stats      ] 
[92.582s][info][gc,metaspace  ] Metaspace: 60996K->60996K(1103872K)
[92.582s][info][gc,ergo       ] Pacer for Idle. Initial: 10240K, Alloc Tax Rate: 1.0x
[92.667s][info][gc            ] Trigger: Average GC time (305.13 ms) is above the time for allocation rate (481 MB/s) to deplete free headroom (146M)
[92.667s][info][gc,ergo       ] Free headroom: 171M (free) - 25600K (spike) - 0B (penalties) = 146M
[92.667s][info][gc,ergo       ] Free: 171M, Max: 256K regular, 126M humongous, Frag: 27% external, 1% internal; Reserve: 25600K, Max: 256K
[92.667s][info][gc,start      ] GC(231) Concurrent reset
[92.667s][info][gc,task       ] GC(231) Using 1 of 1 workers for concurrent reset
[92.667s][info][gc,ergo       ] GC(231) Pacer for Reset. Non-Taxable: 500M
[92.667s][info][gc            ] GC(231) Concurrent reset 0.239ms
[92.669s][info][gc,start      ] GC(231) Pause Init Mark
[92.669s][info][gc,task       ] GC(231) Using 1 of 1 workers for init marking
[92.671s][info][gc,ergo       ] GC(231) Pacer for Mark. Expected Live: 101949K, Free: 171M, Non-Taxable: 17510K, Alloc Tax Rate: 0.7x
[92.671s][info][gc            ] GC(231) Pause Init Mark 1.589ms
[92.671s][info][gc,start      ] GC(231) Concurrent marking
[92.671s][info][gc,task       ] GC(231) Using 1 of 1 workers for concurrent marking
[92.775s][info][gc            ] GC(231) Concurrent marking 104.421ms
[92.776s][info][gc,start      ] GC(231) Pause Final Mark
[92.776s][info][gc,task       ] GC(231) Using 1 of 1 workers for final marking
[92.776s][info][gc,ergo       ] GC(231) Collectable Garbage: 180M (98%), Immediate: 180M (98%), CSet: 0B (0%)
[92.776s][info][gc            ] GC(231) Pause Final Mark 0.388ms
[92.776s][info][gc,start      ] GC(231) Concurrent cleanup
[92.776s][info][gc            ] GC(231) Concurrent cleanup 333M->153M(500M) 0.067ms
[92.776s][info][gc,ergo       ] GC(231) Free: 320M, Max: 256K regular, 137M humongous, Frag: 58% external, 1% internal; Reserve: 25600K, Max: 256K
[92.776s][info][gc,ergo       ] Free: 320M, Max: 256K regular, 137M humongous, Frag: 58% external, 1% internal; Reserve: 25600K, Max: 256K
[92.776s][info][gc,stats      ] 
[92.776s][info][gc,stats      ] All times are wall-clock times, except per-root-class counters, that are sum over
[92.776s][info][gc,stats      ] all workers. Dividing the <total> over the root stage time estimates parallelism.
[92.776s][info][gc,stats      ] 
[92.776s][info][gc,stats      ] Concurrent Reset                    230 us
[92.776s][info][gc,stats      ] Pause Init Mark (G)                3904 us
[92.776s][info][gc,stats      ] Pause Init Mark (N)                1562 us
[92.776s][info][gc,stats      ]   Accumulate Stats                   21 us
[92.776s][info][gc,stats      ]   Make Parsable                      15 us
[92.776s][info][gc,stats      ]   Update Region States               24 us
[92.776s][info][gc,stats      ]   Scan Roots                       1453 us, parallelism: 0.80x
[92.776s][info][gc,stats      ]     S: <total>                     1161 us
[92.776s][info][gc,stats      ]     S: Thread Roots                 622 us, workers (us): 622, 
[92.776s][info][gc,stats      ]     S: Universe Roots                 2 us, workers (us):   2, 
[92.776s][info][gc,stats      ]     S: JNI Handles Roots              1 us, workers (us):   1, 
[92.776s][info][gc,stats      ]     S: Synchronizer Roots             0 us, workers (us):   0, 
[92.776s][info][gc,stats      ]     S: Management Roots               1 us, workers (us):   1, 
[92.776s][info][gc,stats      ]     S: System Dict Roots             11 us, workers (us):  11, 
[92.776s][info][gc,stats      ]     S: CLDG Roots                   523 us, workers (us): 523, 
[92.776s][info][gc,stats      ]     S: JVMTI Roots                    0 us, workers (us):   0, 
[92.776s][info][gc,stats      ]   Resize TLABs                       15 us
[92.776s][info][gc,stats      ] Concurrent Marking               104412 us
[92.776s][info][gc,stats      ] Pause Final Mark (G)                550 us
[92.776s][info][gc,stats      ] Pause Final Mark (N)                376 us
[92.776s][info][gc,stats      ]   Finish Queues                      14 us
[92.777s][info][gc,stats      ]   System Purge                      278 us
[92.777s][info][gc,stats      ]     Weak Roots                      278 us
[92.777s][info][gc,stats      ]   Update Region States               31 us
[92.777s][info][gc,stats      ]   Retire TLABs                       21 us
[92.777s][info][gc,stats      ]   Choose Collection Set              18 us
[92.777s][info][gc,stats      ]   Rebuild Free Set                    7 us
[92.777s][info][gc,stats      ] Concurrent Cleanup                   60 us
[92.777s][info][gc,stats      ] Pacing                            37727 us
[92.777s][info][gc,stats      ] 
[92.777s][info][gc,stats      ] Allocation pacing accrued:
[92.777s][info][gc,stats      ]      38 of   194 ms ( 19.4%): Executor task launch worker for task 0.0 in stage 25.0 (TID 25)
[92.777s][info][gc,stats      ]      38 of   194 ms ( 19.4%): <total>
[92.777s][info][gc,stats      ]       0 of   194 ms (  0.1%): <average total>
[92.777s][info][gc,stats      ]      38 of   194 ms ( 19.4%): <average non-zero>
[92.777s][info][gc,stats      ] 
[92.777s][info][gc,metaspace  ] Metaspace: 60996K->60996K(1103872K)
[92.777s][info][gc,ergo       ] Pacer for Idle. Initial: 10240K, Alloc Tax Rate: 1.0x
[92.942s][info][gc            ] Trigger: Average GC time (271.80 ms) is above the time for allocation rate (599 MB/s) to deplete free headroom (161M)
[92.943s][info][gc,ergo       ] Free headroom: 186M (free) - 25600K (spike) - 0B (penalties) = 161M
[92.943s][info][gc,ergo       ] Free: 186M, Max: 256K regular, 137M humongous, Frag: 27% external, 1% internal; Reserve: 25600K, Max: 256K
[92.943s][info][gc,start      ] GC(232) Concurrent reset
[92.943s][info][gc,task       ] GC(232) Using 1 of 1 workers for concurrent reset
[92.943s][info][gc,ergo       ] GC(232) Pacer for Reset. Non-Taxable: 500M
[92.943s][info][gc            ] GC(232) Concurrent reset 0.238ms
[92.945s][info][gc,start      ] GC(232) Pause Init Mark
[92.945s][info][gc,task       ] GC(232) Using 1 of 1 workers for init marking
[92.947s][info][gc,ergo       ] GC(232) Pacer for Mark. Expected Live: 109M, Free: 186M, Non-Taxable: 19072K, Alloc Tax Rate: 0.7x
[92.947s][info][gc            ] GC(232) Pause Init Mark 1.812ms
[92.947s][info][gc,start      ] GC(232) Concurrent marking
[92.947s][info][gc,task       ] GC(232) Using 1 of 1 workers for concurrent marking
[93.063s][info][gc            ] GC(232) Concurrent marking 115.434ms
[93.064s][info][gc,start      ] GC(232) Pause Final Mark
[93.064s][info][gc,task       ] GC(232) Using 1 of 1 workers for final marking
[93.064s][info][gc,ergo       ] GC(232) Collectable Garbage: 165M (98%), Immediate: 165M (98%), CSet: 0B (0%)
[93.064s][info][gc            ] GC(232) Pause Final Mark 0.402ms
[93.064s][info][gc,start      ] GC(232) Concurrent cleanup
[93.064s][info][gc            ] GC(232) Concurrent cleanup 319M->154M(500M) 0.074ms
[93.064s][info][gc,ergo       ] GC(232) Free: 319M, Max: 256K regular, 137M humongous, Frag: 58% external, 1% internal; Reserve: 25600K, Max: 256K
[93.064s][info][gc,ergo       ] Free: 319M, Max: 256K regular, 137M humongous, Frag: 58% external, 1% internal; Reserve: 25600K, Max: 256K
[93.064s][info][gc,stats      ] 
[93.064s][info][gc,stats      ] All times are wall-clock times, except per-root-class counters, that are sum over
[93.064s][info][gc,stats      ] all workers. Dividing the <total> over the root stage time estimates parallelism.
[93.064s][info][gc,stats      ] 
[93.064s][info][gc,stats      ] Concurrent Reset                    229 us
[93.064s][info][gc,stats      ] Pause Init Mark (G)                4203 us
[93.064s][info][gc,stats      ] Pause Init Mark (N)                1775 us
[93.064s][info][gc,stats      ]   Accumulate Stats                   31 us
[93.064s][info][gc,stats      ]   Make Parsable                      17 us
[93.064s][info][gc,stats      ]   Update Region States               39 us
[93.064s][info][gc,stats      ]   Scan Roots                       1588 us, parallelism: 0.82x
[93.064s][info][gc,stats      ]     S: <total>                     1297 us
[93.064s][info][gc,stats      ]     S: Thread Roots                 712 us, workers (us): 712, 
[93.064s][info][gc,stats      ]     S: Universe Roots                 2 us, workers (us):   2, 
[93.064s][info][gc,stats      ]     S: JNI Handles Roots              2 us, workers (us):   2, 
[93.064s][info][gc,stats      ]     S: Synchronizer Roots             0 us, workers (us):   0, 
[93.064s][info][gc,stats      ]     S: Management Roots               2 us, workers (us):   2, 
[93.064s][info][gc,stats      ]     S: System Dict Roots             11 us, workers (us):  11, 
[93.064s][info][gc,stats      ]     S: CLDG Roots                   567 us, workers (us): 567, 
[93.064s][info][gc,stats      ]     S: JVMTI Roots                    1 us, workers (us):   1, 
[93.064s][info][gc,stats      ]   Resize TLABs                       21 us
[93.064s][info][gc,stats      ] Concurrent Marking               115424 us
[93.064s][info][gc,stats      ] Pause Final Mark (G)                668 us
[93.064s][info][gc,stats      ] Pause Final Mark (N)                389 us
[93.064s][info][gc,stats      ]   Finish Queues                      26 us
[93.064s][info][gc,stats      ]   System Purge                      276 us
[93.064s][info][gc,stats      ]     Weak Roots                      276 us
[93.064s][info][gc,stats      ]   Update Region States               30 us
[93.064s][info][gc,stats      ]   Retire TLABs                       23 us
[93.065s][info][gc,stats      ]   Choose Collection Set              18 us
[93.065s][info][gc,stats      ]   Rebuild Free Set                    8 us
[93.065s][info][gc,stats      ] Concurrent Cleanup                   66 us
[93.065s][info][gc,stats      ] Pacing                            57495 us
[93.065s][info][gc,stats      ] 
[93.065s][info][gc,stats      ] Allocation pacing accrued:
[93.065s][info][gc,stats      ]      13 of   288 ms (  4.4%): Spark Context Cleaner
[93.065s][info][gc,stats      ]      45 of   288 ms ( 15.6%): Executor task launch worker for task 0.0 in stage 25.0 (TID 25)
[93.065s][info][gc,stats      ]      57 of   288 ms ( 20.0%): <total>
[93.065s][info][gc,stats      ]       0 of   288 ms (  0.1%): <average total>
[93.065s][info][gc,stats      ]      29 of   288 ms ( 10.0%): <average non-zero>
[93.065s][info][gc,stats      ] 
[93.065s][info][gc,metaspace  ] Metaspace: 60996K->60996K(1103872K)
[93.065s][info][gc,ergo       ] Pacer for Idle. Initial: 10240K, Alloc Tax Rate: 1.0x
[93.278s][info][gc            ] Trigger: Average GC time (236.80 ms) is above the time for allocation rate (574 MB/s) to deplete free headroom (134M)
[93.278s][info][gc,ergo       ] Free headroom: 159M (free) - 25600K (spike) - 0B (penalties) = 134M
[93.278s][info][gc,ergo       ] Free: 159M, Max: 256K regular, 137M humongous, Frag: 14% external, 2% internal; Reserve: 25600K, Max: 256K
[93.278s][info][gc,start      ] GC(233) Concurrent reset
[93.278s][info][gc,task       ] GC(233) Using 1 of 1 workers for concurrent reset
[93.278s][info][gc,ergo       ] GC(233) Pacer for Reset. Non-Taxable: 500M
[93.278s][info][gc            ] GC(233) Concurrent reset 0.237ms
[93.280s][info][gc,start      ] GC(233) Pause Init Mark
[93.280s][info][gc,task       ] GC(233) Using 1 of 1 workers for init marking
[93.282s][info][gc,ergo       ] GC(233) Pacer for Mark. Expected Live: 115M, Free: 159M, Non-Taxable: 16281K, Alloc Tax Rate: 0.9x
[93.282s][info][gc            ] GC(233) Pause Init Mark 1.718ms
[93.282s][info][gc,start      ] GC(233) Concurrent marking
[93.282s][info][gc,task       ] GC(233) Using 1 of 1 workers for concurrent marking
[93.390s][info][gc            ] GC(233) Concurrent marking 107.517ms
[93.390s][info][gc,start      ] GC(233) Pause Final Mark
[93.390s][info][gc,task       ] GC(233) Using 1 of 1 workers for final marking
[93.390s][info][gc,ergo       ] GC(233) Collectable Garbage: 192M (98%), Immediate: 192M (98%), CSet: 0B (0%)
[93.390s][info][gc            ] GC(233) Pause Final Mark 0.355ms
[93.390s][info][gc,start      ] GC(233) Concurrent cleanup
[93.390s][info][gc            ] GC(233) Concurrent cleanup 341M->149M(500M) 0.072ms
[93.390s][info][gc,ergo       ] GC(233) Free: 324M, Max: 256K regular, 132M humongous, Frag: 60% external, 1% internal; Reserve: 25600K, Max: 256K
[93.390s][info][gc,ergo       ] Free: 324M, Max: 256K regular, 132M humongous, Frag: 60% external, 1% internal; Reserve: 25600K, Max: 256K
[93.390s][info][gc,stats      ] 
[93.390s][info][gc,stats      ] All times are wall-clock times, except per-root-class counters, that are sum over
[93.390s][info][gc,stats      ] all workers. Dividing the <total> over the root stage time estimates parallelism.
[93.390s][info][gc,stats      ] 
[93.390s][info][gc,stats      ] Concurrent Reset                    227 us
[93.390s][info][gc,stats      ] Pause Init Mark (G)                4065 us
[93.390s][info][gc,stats      ] Pause Init Mark (N)                1674 us
[93.390s][info][gc,stats      ]   Accumulate Stats                   43 us
[93.390s][info][gc,stats      ]   Make Parsable                      14 us
[93.390s][info][gc,stats      ]   Update Region States               40 us
[93.390s][info][gc,stats      ]   Scan Roots                       1508 us, parallelism: 0.82x
[93.390s][info][gc,stats      ]     S: <total>                     1230 us
[93.390s][info][gc,stats      ]     S: Thread Roots                 661 us, workers (us): 661, 
[93.390s][info][gc,stats      ]     S: Universe Roots                 2 us, workers (us):   2, 
[93.390s][info][gc,stats      ]     S: JNI Handles Roots              2 us, workers (us):   2, 
[93.390s][info][gc,stats      ]     S: Synchronizer Roots             0 us, workers (us):   0, 
[93.390s][info][gc,stats      ]     S: Management Roots               2 us, workers (us):   2, 
[93.390s][info][gc,stats      ]     S: System Dict Roots             12 us, workers (us):  12, 
[93.390s][info][gc,stats      ]     S: CLDG Roots                   551 us, workers (us): 551, 
[93.390s][info][gc,stats      ]     S: JVMTI Roots                    1 us, workers (us):   1, 
[93.390s][info][gc,stats      ]   Resize TLABs                       22 us
[93.390s][info][gc,stats      ] Concurrent Marking               107508 us
[93.390s][info][gc,stats      ] Pause Final Mark (G)                502 us
[93.390s][info][gc,stats      ] Pause Final Mark (N)                344 us
[93.390s][info][gc,stats      ]   Finish Queues                      14 us
[93.390s][info][gc,stats      ]   System Purge                      255 us
[93.390s][info][gc,stats      ]     Weak Roots                      254 us
[93.390s][info][gc,stats      ]   Update Region States               26 us
[93.390s][info][gc,stats      ]   Retire TLABs                       21 us
[93.390s][info][gc,stats      ]   Choose Collection Set              16 us
[93.390s][info][gc,stats      ]   Rebuild Free Set                    7 us
[93.390s][info][gc,stats      ] Concurrent Cleanup                   65 us
[93.390s][info][gc,stats      ] Pacing                            44367 us
[93.390s][info][gc,stats      ] 
[93.390s][info][gc,stats      ] Allocation pacing accrued:
[93.390s][info][gc,stats      ]      44 of   326 ms ( 13.6%): Executor task launch worker for task 0.0 in stage 25.0 (TID 25)
[93.390s][info][gc,stats      ]      44 of   326 ms ( 13.6%): <total>
[93.390s][info][gc,stats      ]       0 of   326 ms (  0.1%): <average total>
[93.390s][info][gc,stats      ]      44 of   326 ms ( 13.6%): <average non-zero>
[93.390s][info][gc,stats      ] 
[93.390s][info][gc,metaspace  ] Metaspace: 60996K->60996K(1103872K)
[93.390s][info][gc,ergo       ] Pacer for Idle. Initial: 10240K, Alloc Tax Rate: 1.0x
[93.566s][info][gc            ] Trigger: Average GC time (198.24 ms) is above the time for allocation rate (672 MB/s) to deplete free headroom (132M)
[93.566s][info][gc,ergo       ] Free headroom: 157M (free) - 25600K (spike) - 0B (penalties) = 132M
[93.566s][info][gc,ergo       ] Free: 157M, Max: 256K regular, 132M humongous, Frag: 16% external, 2% internal; Reserve: 25600K, Max: 256K
[93.566s][info][gc,start      ] GC(234) Concurrent reset
[93.566s][info][gc,task       ] GC(234) Using 1 of 1 workers for concurrent reset
[93.566s][info][gc,ergo       ] GC(234) Pacer for Reset. Non-Taxable: 500M
[93.567s][info][gc            ] GC(234) Concurrent reset 0.202ms
[93.569s][info][gc,start      ] GC(234) Pause Init Mark
[93.569s][info][gc,task       ] GC(234) Using 1 of 1 workers for init marking
[93.570s][info][gc,ergo       ] GC(234) Pacer for Mark. Expected Live: 119M, Free: 157M, Non-Taxable: 16102K, Alloc Tax Rate: 0.9x
[93.571s][info][gc            ] GC(234) Pause Init Mark 1.602ms
[93.571s][info][gc,start      ] GC(234) Concurrent marking
[93.571s][info][gc,task       ] GC(234) Using 1 of 1 workers for concurrent marking
[93.676s][info][gc            ] GC(234) Concurrent marking 105.124ms
[93.680s][info][gc,start      ] GC(234) Pause Final Mark
[93.681s][info][gc,task       ] GC(234) Using 1 of 1 workers for final marking
[93.681s][info][gc,ergo       ] GC(234) Collectable Garbage: 194M (98%), Immediate: 194M (98%), CSet: 0B (0%)
[93.681s][info][gc            ] GC(234) Pause Final Mark 0.530ms
[93.681s][info][gc,start      ] GC(234) Concurrent cleanup
[93.681s][info][gc            ] GC(234) Concurrent cleanup 345M->151M(500M) 0.070ms
[93.681s][info][gc,ergo       ] GC(234) Free: 322M, Max: 256K regular, 128M humongous, Frag: 61% external, 1% internal; Reserve: 25600K, Max: 256K
[93.681s][info][gc,ergo       ] Free: 322M, Max: 256K regular, 128M humongous, Frag: 61% external, 1% internal; Reserve: 25600K, Max: 256K
[93.681s][info][gc,stats      ] 
[93.681s][info][gc,stats      ] All times are wall-clock times, except per-root-class counters, that are sum over
[93.681s][info][gc,stats      ] all workers. Dividing the <total> over the root stage time estimates parallelism.
[93.681s][info][gc,stats      ] 
[93.681s][info][gc,stats      ] Concurrent Reset                    194 us
[93.681s][info][gc,stats      ] Pause Init Mark (G)                3915 us
[93.681s][info][gc,stats      ] Pause Init Mark (N)                1575 us
[93.681s][info][gc,stats      ]   Accumulate Stats                   21 us
[93.681s][info][gc,stats      ]   Make Parsable                      15 us
[93.681s][info][gc,stats      ]   Update Region States               23 us
[93.681s][info][gc,stats      ]   Scan Roots                       1451 us, parallelism: 0.79x
[93.681s][info][gc,stats      ]     S: <total>                     1149 us
[93.681s][info][gc,stats      ]     S: Thread Roots                 598 us, workers (us): 598, 
[93.681s][info][gc,stats      ]     S: Universe Roots                 2 us, workers (us):   2, 
[93.681s][info][gc,stats      ]     S: JNI Handles Roots              1 us, workers (us):   1, 
[93.681s][info][gc,stats      ]     S: Synchronizer Roots             0 us, workers (us):   0, 
[93.681s][info][gc,stats      ]     S: Management Roots               1 us, workers (us):   1, 
[93.681s][info][gc,stats      ]     S: System Dict Roots             11 us, workers (us):  11, 
[93.681s][info][gc,stats      ]     S: CLDG Roots                   534 us, workers (us): 534, 
[93.681s][info][gc,stats      ]     S: JVMTI Roots                    0 us, workers (us):   0, 
[93.681s][info][gc,stats      ]   Resize TLABs                       18 us
[93.681s][info][gc,stats      ] Concurrent Marking               105115 us
[93.681s][info][gc,stats      ] Pause Final Mark (G)               2377 us
[93.681s][info][gc,stats      ] Pause Final Mark (N)                508 us
[93.681s][info][gc,stats      ]   Finish Queues                      26 us
[93.681s][info][gc,stats      ]   System Purge                      387 us
[93.681s][info][gc,stats      ]     Weak Roots                      387 us
[93.681s][info][gc,stats      ]   Update Region States               27 us
[93.681s][info][gc,stats      ]   Retire TLABs                       26 us
[93.681s][info][gc,stats      ]   Choose Collection Set              27 us
[93.681s][info][gc,stats      ]   Rebuild Free Set                    8 us
[93.681s][info][gc,stats      ] Concurrent Cleanup                   62 us
[93.681s][info][gc,stats      ] Pacing                            69944 us
[93.681s][info][gc,stats      ] 
[93.681s][info][gc,stats      ] Allocation pacing accrued:
[93.681s][info][gc,stats      ]      13 of   291 ms (  4.3%): Spark Context Cleaner
[93.681s][info][gc,stats      ]      57 of   291 ms ( 19.7%): Executor task launch worker for task 0.0 in stage 25.0 (TID 25)
[93.681s][info][gc,stats      ]      70 of   291 ms ( 24.0%): <total>
[93.681s][info][gc,stats      ]       0 of   291 ms (  0.1%): <average total>
[93.681s][info][gc,stats      ]      35 of   291 ms ( 12.0%): <average non-zero>
[93.681s][info][gc,stats      ] 
[93.681s][info][gc,metaspace  ] Metaspace: 60996K->60996K(1103872K)
[93.681s][info][gc,ergo       ] Pacer for Idle. Initial: 10240K, Alloc Tax Rate: 1.0x
[93.886s][info][gc            ] Trigger: Average GC time (149.92 ms) is above the time for allocation rate (696 MB/s) to deplete free headroom (104M)
[93.886s][info][gc,ergo       ] Free headroom: 129M (free) - 25600K (spike) - 0B (penalties) = 104M
[93.886s][info][gc,ergo       ] Free: 129M, Max: 256K regular, 128M humongous, Frag: 1% external, 2% internal; Reserve: 25600K, Max: 256K
[93.886s][info][gc,start      ] GC(235) Concurrent reset
[93.886s][info][gc,task       ] GC(235) Using 1 of 1 workers for concurrent reset
[93.886s][info][gc,ergo       ] GC(235) Pacer for Reset. Non-Taxable: 500M
[93.886s][info][gc            ] GC(235) Concurrent reset 0.223ms
[93.889s][info][gc,start      ] GC(235) Pause Init Mark (process weakrefs)
[93.889s][info][gc,task       ] GC(235) Using 1 of 1 workers for init marking
[93.890s][info][gc,ergo       ] GC(235) Pacer for Mark. Expected Live: 119M, Free: 129M, Non-Taxable: 13209K, Alloc Tax Rate: 1.1x
[93.890s][info][gc            ] GC(235) Pause Init Mark (process weakrefs) 1.543ms
[93.890s][info][gc,start      ] GC(235) Concurrent marking (process weakrefs)
[93.890s][info][gc,task       ] GC(235) Using 1 of 1 workers for concurrent marking
[93.981s][info][gc            ] GC(235) Concurrent marking (process weakrefs) 90.880ms
[93.981s][info][gc,start      ] GC(235) Concurrent precleaning
[93.981s][info][gc,task       ] GC(235) Using 1 of 1 workers for concurrent preclean
[93.981s][info][gc,ergo       ] GC(235) Pacer for Precleaning. Non-Taxable: 500M
[93.982s][info][gc            ] GC(235) Concurrent precleaning 0.511ms
[93.982s][info][gc,start      ] GC(235) Pause Final Mark (process weakrefs)
[93.982s][info][gc,task       ] GC(235) Using 1 of 1 workers for final marking
[93.982s][info][gc,ergo       ] GC(235) Collectable Garbage: 222M (98%), Immediate: 222M (98%), CSet: 0B (0%)
[93.982s][info][gc            ] GC(235) Pause Final Mark (process weakrefs) 0.397ms
[93.982s][info][gc,start      ] GC(235) Concurrent cleanup
[93.982s][info][gc            ] GC(235) Concurrent cleanup 366M->144M(500M) 0.073ms
[93.982s][info][gc,ergo       ] GC(235) Free: 329M, Max: 256K regular, 107M humongous, Frag: 68% external, 1% internal; Reserve: 25600K, Max: 256K
[93.982s][info][gc,ergo       ] Free: 329M, Max: 256K regular, 107M humongous, Frag: 68% external, 1% internal; Reserve: 25600K, Max: 256K
[93.982s][info][gc,stats      ] 
[93.982s][info][gc,stats      ] All times are wall-clock times, except per-root-class counters, that are sum over
[93.982s][info][gc,stats      ] all workers. Dividing the <total> over the root stage time estimates parallelism.
[93.982s][info][gc,stats      ] 
[93.982s][info][gc,stats      ] Concurrent Reset                    215 us
[93.982s][info][gc,stats      ] Pause Init Mark (G)                3859 us
[93.982s][info][gc,stats      ] Pause Init Mark (N)                1524 us
[93.982s][info][gc,stats      ]   Accumulate Stats                   21 us
[93.982s][info][gc,stats      ]   Make Parsable                      15 us
[93.982s][info][gc,stats      ]   Update Region States               21 us
[93.982s][info][gc,stats      ]   Scan Roots                       1421 us, parallelism: 0.79x
[93.982s][info][gc,stats      ]     S: <total>                     1117 us
[93.982s][info][gc,stats      ]     S: Thread Roots                 562 us, workers (us): 562, 
[93.982s][info][gc,stats      ]     S: Universe Roots                 2 us, workers (us):   2, 
[93.982s][info][gc,stats      ]     S: JNI Handles Roots              1 us, workers (us):   1, 
[93.982s][info][gc,stats      ]     S: Synchronizer Roots             0 us, workers (us):   0, 
[93.982s][info][gc,stats      ]     S: Management Roots               2 us, workers (us):   2, 
[93.982s][info][gc,stats      ]     S: System Dict Roots             12 us, workers (us):  12, 
[93.982s][info][gc,stats      ]     S: CLDG Roots                   538 us, workers (us): 538, 
[93.982s][info][gc,stats      ]     S: JVMTI Roots                    1 us, workers (us):   1, 
[93.982s][info][gc,stats      ]   Resize TLABs                       15 us
[93.982s][info][gc,stats      ] Concurrent Marking                90872 us
[93.982s][info][gc,stats      ] Concurrent Precleaning              505 us
[93.982s][info][gc,stats      ] Pause Final Mark (G)                612 us
[93.982s][info][gc,stats      ] Pause Final Mark (N)                386 us
[93.982s][info][gc,stats      ]   Finish Queues                      19 us
[93.982s][info][gc,stats      ]   Weak References                    13 us
[93.982s][info][gc,stats      ]     Process                          11 us
[93.982s][info][gc,stats      ]   System Purge                      284 us
[93.982s][info][gc,stats      ]     Weak Roots                      284 us
[93.982s][info][gc,stats      ]   Update Region States               27 us
[93.982s][info][gc,stats      ]   Retire TLABs                       14 us
[93.982s][info][gc,stats      ]   Choose Collection Set              16 us
[93.982s][info][gc,stats      ]   Rebuild Free Set                    7 us
[93.982s][info][gc,stats      ] Concurrent Cleanup                   66 us
[93.982s][info][gc,stats      ] Pacing                            50321 us
[93.982s][info][gc,stats      ] 
[93.982s][info][gc,stats      ] Allocation pacing accrued:
[93.982s][info][gc,stats      ]      13 of   301 ms (  4.2%): Spark Context Cleaner
[93.982s][info][gc,stats      ]      38 of   301 ms ( 12.5%): Executor task launch worker for task 0.0 in stage 25.0 (TID 25)
[93.982s][info][gc,stats      ]      50 of   301 ms ( 16.7%): <total>
[93.982s][info][gc,stats      ]       0 of   301 ms (  0.1%): <average total>
[93.982s][info][gc,stats      ]      25 of   301 ms (  8.4%): <average non-zero>
[93.982s][info][gc,stats      ] 
[93.982s][info][gc,metaspace  ] Metaspace: 60996K->60996K(1103872K)
[93.982s][info][gc,ergo       ] Pacer for Idle. Initial: 10240K, Alloc Tax Rate: 1.0x
[94.213s][info][gc            ] Trigger: Average GC time (110.93 ms) is above the time for allocation rate (747 MB/s) to deplete free headroom (83968K)
[94.213s][info][gc,ergo       ] Free headroom: 107M (free) - 25600K (spike) - 0B (penalties) = 83968K
[94.213s][info][gc,ergo       ] Free: 107M, Max: 256K regular, 107M humongous, Frag: 0% external, 2% internal; Reserve: 25600K, Max: 256K
[94.213s][info][gc,start      ] GC(236) Concurrent reset
[94.213s][info][gc,task       ] GC(236) Using 1 of 1 workers for concurrent reset
[94.213s][info][gc,ergo       ] GC(236) Pacer for Reset. Non-Taxable: 500M
[94.214s][info][gc            ] GC(236) Concurrent reset 0.210ms
[94.216s][info][gc,start      ] GC(236) Pause Init Mark
[94.216s][info][gc,task       ] GC(236) Using 1 of 1 workers for init marking
[94.217s][info][gc,ergo       ] GC(236) Pacer for Mark. Expected Live: 119M, Free: 107M, Non-Taxable: 10956K, Alloc Tax Rate: 1.4x
[94.217s][info][gc            ] GC(236) Pause Init Mark 1.582ms
[94.217s][info][gc,start      ] GC(236) Concurrent marking
[94.217s][info][gc,task       ] GC(236) Using 1 of 1 workers for concurrent marking
[94.335s][info][gc            ] GC(236) Concurrent marking 117.496ms
[94.335s][info][gc,start      ] GC(236) Pause Final Mark
[94.335s][info][gc,task       ] GC(236) Using 1 of 1 workers for final marking
[94.336s][info][gc,ergo       ] GC(236) Collectable Garbage: 244M (98%), Immediate: 244M (98%), CSet: 0B (0%)
[94.336s][info][gc            ] GC(236) Pause Final Mark 0.430ms
[94.336s][info][gc,start      ] GC(236) Concurrent cleanup
[94.336s][info][gc            ] GC(236) Concurrent cleanup 385M->141M(500M) 0.076ms
[94.336s][info][gc,ergo       ] GC(236) Free: 332M, Max: 256K regular, 92160K humongous, Frag: 73% external, 1% internal; Reserve: 25600K, Max: 256K
[94.336s][info][gc,ergo       ] Free: 332M, Max: 256K regular, 92160K humongous, Frag: 73% external, 1% internal; Reserve: 25600K, Max: 256K
[94.336s][info][gc,stats      ] 
[94.336s][info][gc,stats      ] All times are wall-clock times, except per-root-class counters, that are sum over
[94.336s][info][gc,stats      ] all workers. Dividing the <total> over the root stage time estimates parallelism.
[94.336s][info][gc,stats      ] 
[94.336s][info][gc,stats      ] Concurrent Reset                    202 us
[94.336s][info][gc,stats      ] Pause Init Mark (G)                3896 us
[94.336s][info][gc,stats      ] Pause Init Mark (N)                1554 us
[94.336s][info][gc,stats      ]   Accumulate Stats                   21 us
[94.336s][info][gc,stats      ]   Make Parsable                      15 us
[94.336s][info][gc,stats      ]   Update Region States               24 us
[94.336s][info][gc,stats      ]   Scan Roots                       1438 us, parallelism: 0.80x
[94.336s][info][gc,stats      ]     S: <total>                     1149 us
[94.336s][info][gc,stats      ]     S: Thread Roots                 583 us, workers (us): 583, 
[94.336s][info][gc,stats      ]     S: Universe Roots                 3 us, workers (us):   3, 
[94.336s][info][gc,stats      ]     S: JNI Handles Roots              1 us, workers (us):   1, 
[94.336s][info][gc,stats      ]     S: Synchronizer Roots             0 us, workers (us):   0, 
[94.336s][info][gc,stats      ]     S: Management Roots               1 us, workers (us):   1, 
[94.336s][info][gc,stats      ]     S: System Dict Roots             12 us, workers (us):  12, 
[94.336s][info][gc,stats      ]     S: CLDG Roots                   549 us, workers (us): 549, 
[94.336s][info][gc,stats      ]     S: JVMTI Roots                    1 us, workers (us):   1, 
[94.336s][info][gc,stats      ]   Resize TLABs                       15 us
[94.336s][info][gc,stats      ] Concurrent Marking               117487 us
[94.336s][info][gc,stats      ] Pause Final Mark (G)                589 us
[94.336s][info][gc,stats      ] Pause Final Mark (N)                420 us
[94.336s][info][gc,stats      ]   Finish Queues                      14 us
[94.336s][info][gc,stats      ]   System Purge                      313 us
[94.336s][info][gc,stats      ]     Weak Roots                      313 us
[94.336s][info][gc,stats      ]   Update Region States               27 us
[94.336s][info][gc,stats      ]   Retire TLABs                       25 us
[94.336s][info][gc,stats      ]   Choose Collection Set              27 us
[94.336s][info][gc,stats      ]   Rebuild Free Set                    7 us
[94.336s][info][gc,stats      ] Concurrent Cleanup                   70 us
[94.336s][info][gc,stats      ] Pacing                            94685 us
[94.336s][info][gc,stats      ] 
[94.336s][info][gc,stats      ] Allocation pacing accrued:
[94.336s][info][gc,stats      ]      13 of   353 ms (  3.6%): Spark Context Cleaner
[94.336s][info][gc,stats      ]      82 of   353 ms ( 23.2%): Executor task launch worker for task 0.0 in stage 25.0 (TID 25)
[94.336s][info][gc,stats      ]      95 of   353 ms ( 26.8%): <total>
[94.336s][info][gc,stats      ]       0 of   353 ms (  0.1%): <average total>
[94.336s][info][gc,stats      ]      47 of   353 ms ( 13.4%): <average non-zero>
[94.336s][info][gc,stats      ] 
[94.336s][info][gc,metaspace  ] Metaspace: 60996K->60996K(1103872K)
[94.336s][info][gc,ergo       ] Pacer for Idle. Initial: 10240K, Alloc Tax Rate: 1.0x
[94.545s][info][gc            ] Trigger: Average GC time (113.51 ms) is above the time for allocation rate (739 MB/s) to deplete free headroom (82944K)
[94.546s][info][gc,ergo       ] Free headroom: 106M (free) - 25600K (spike) - 0B (penalties) = 82944K
[94.546s][info][gc,ergo       ] Free: 106M, Max: 256K regular, 90624K humongous, Frag: 17% external, 2% internal; Reserve: 25600K, Max: 256K
[94.546s][info][gc,start      ] GC(237) Concurrent reset
[94.546s][info][gc,task       ] GC(237) Using 1 of 1 workers for concurrent reset
[94.546s][info][gc,ergo       ] GC(237) Pacer for Reset. Non-Taxable: 500M
[94.546s][info][gc            ] GC(237) Concurrent reset 0.209ms
[94.548s][info][gc,start      ] GC(237) Pause Init Mark
[94.548s][info][gc,task       ] GC(237) Using 1 of 1 workers for init marking
[94.550s][info][gc,ergo       ] GC(237) Pacer for Mark. Expected Live: 119M, Free: 106M, Non-Taxable: 10854K, Alloc Tax Rate: 1.4x
[94.550s][info][gc            ] GC(237) Pause Init Mark 1.553ms
[94.550s][info][gc,start      ] GC(237) Concurrent marking
[94.550s][info][gc,task       ] GC(237) Using 1 of 1 workers for concurrent marking
[94.578s][info][gc            ] GC(237) Concurrent marking 28.670ms
[94.578s][info][gc,start      ] GC(237) Pause Final Mark
[94.578s][info][gc,task       ] GC(237) Using 1 of 1 workers for final marking
[94.579s][info][gc,ergo       ] GC(237) Collectable Garbage: 337M (98%), Immediate: 337M (98%), CSet: 0B (0%)
[94.579s][info][gc            ] GC(237) Pause Final Mark 0.457ms
[94.579s][info][gc,start      ] GC(237) Concurrent cleanup
[94.579s][info][gc            ] GC(237) Concurrent cleanup 382M->44M(500M) 0.091ms
[94.579s][info][gc,ergo       ] GC(237) Free: 429M, Max: 256K regular, 156M humongous, Frag: 64% external, 0% internal; Reserve: 25600K, Max: 256K
[94.579s][info][gc,ergo       ] Free: 429M, Max: 256K regular, 156M humongous, Frag: 64% external, 0% internal; Reserve: 25600K, Max: 256K
[94.579s][info][gc,stats      ] 
[94.579s][info][gc,stats      ] All times are wall-clock times, except per-root-class counters, that are sum over
[94.579s][info][gc,stats      ] all workers. Dividing the <total> over the root stage time estimates parallelism.
[94.579s][info][gc,stats      ] 
[94.579s][info][gc,stats      ] Concurrent Reset                    201 us
[94.579s][info][gc,stats      ] Pause Init Mark (G)                3865 us
[94.579s][info][gc,stats      ] Pause Init Mark (N)                1530 us
[94.579s][info][gc,stats      ]   Accumulate Stats                   21 us
[94.579s][info][gc,stats      ]   Make Parsable                      15 us
[94.579s][info][gc,stats      ]   Update Region States               23 us
[94.579s][info][gc,stats      ]   Scan Roots                       1411 us, parallelism: 0.79x
[94.579s][info][gc,stats      ]     S: <total>                     1120 us
[94.579s][info][gc,stats      ]     S: Thread Roots                 580 us, workers (us): 580, 
[94.579s][info][gc,stats      ]     S: Universe Roots                 2 us, workers (us):   2, 
[94.579s][info][gc,stats      ]     S: JNI Handles Roots              1 us, workers (us):   1, 
[94.579s][info][gc,stats      ]     S: Synchronizer Roots             0 us, workers (us):   0, 
[94.579s][info][gc,stats      ]     S: Management Roots               1 us, workers (us):   1, 
[94.579s][info][gc,stats      ]     S: System Dict Roots             10 us, workers (us):  10, 
[94.579s][info][gc,stats      ]     S: CLDG Roots                   524 us, workers (us): 524, 
[94.579s][info][gc,stats      ]     S: JVMTI Roots                    1 us, workers (us):   1, 
[94.579s][info][gc,stats      ]   Resize TLABs                       22 us
[94.579s][info][gc,stats      ] Concurrent Marking                28662 us
[94.579s][info][gc,stats      ] Pause Final Mark (G)                610 us
[94.579s][info][gc,stats      ] Pause Final Mark (N)                447 us
[94.579s][info][gc,stats      ]   Finish Queues                      13 us
[94.579s][info][gc,stats      ]   System Purge                      332 us
[94.579s][info][gc,stats      ]     Weak Roots                      332 us
[94.579s][info][gc,stats      ]   Update Region States               32 us
[94.579s][info][gc,stats      ]   Retire TLABs                       28 us
[94.579s][info][gc,stats      ]   Choose Collection Set              28 us
[94.579s][info][gc,stats      ]   Rebuild Free Set                    7 us
[94.579s][info][gc,stats      ] Concurrent Cleanup                   84 us
[94.579s][info][gc,stats      ] Pacing                            10045 us
[94.579s][info][gc,stats      ] 
[94.579s][info][gc,stats      ] Allocation pacing accrued:
[94.579s][info][gc,stats      ]      10 of   243 ms (  4.1%): Executor task launch worker for task 0.0 in stage 25.0 (TID 25)
[94.579s][info][gc,stats      ]      10 of   243 ms (  4.1%): <total>
[94.579s][info][gc,stats      ]       0 of   243 ms (  0.0%): <average total>
[94.579s][info][gc,stats      ]      10 of   243 ms (  4.1%): <average non-zero>
[94.579s][info][gc,stats      ] 
[94.579s][info][gc,metaspace  ] Metaspace: 60996K->60996K(1103872K)
[94.579s][info][gc,ergo       ] Pacer for Idle. Initial: 10240K, Alloc Tax Rate: 1.0x
[94.830s][info][gc            ] Trigger: Average GC time (95.86 ms) is above the time for allocation rate (1103 MB/s) to deplete free headroom (105M)
[94.830s][info][gc,ergo       ] Free headroom: 130M (free) - 25600K (spike) - 0B (penalties) = 105M
[94.830s][info][gc,ergo       ] Free: 130M, Max: 256K regular, 68096K humongous, Frag: 50% external, 1% internal; Reserve: 25600K, Max: 256K
[94.830s][info][gc,start      ] GC(238) Concurrent reset
[94.830s][info][gc,task       ] GC(238) Using 1 of 1 workers for concurrent reset
[94.830s][info][gc,ergo       ] GC(238) Pacer for Reset. Non-Taxable: 500M
[94.831s][info][gc            ] GC(238) Concurrent reset 0.232ms
[94.833s][info][gc,start      ] GC(238) Pause Init Mark
[94.833s][info][gc,task       ] GC(238) Using 1 of 1 workers for init marking
[94.838s][info][gc,ergo       ] GC(238) Pacer for Mark. Expected Live: 100M, Free: 130M, Non-Taxable: 13363K, Alloc Tax Rate: 0.9x
[94.838s][info][gc            ] GC(238) Pause Init Mark 4.664ms
[94.838s][info][gc,start      ] GC(238) Concurrent marking
[94.838s][info][gc,task       ] GC(238) Using 1 of 1 workers for concurrent marking
[94.895s][info][gc            ] GC(238) Concurrent marking 57.317ms
[94.895s][info][gc,start      ] GC(238) Pause Final Mark
[94.895s][info][gc,task       ] GC(238) Using 1 of 1 workers for final marking
[94.896s][info][gc,ergo       ] GC(238) Collectable Garbage: 313M (98%), Immediate: 313M (98%), CSet: 0B (0%)
[94.896s][info][gc            ] GC(238) Pause Final Mark 0.365ms
[94.896s][info][gc,start      ] GC(238) Concurrent cleanup
[94.896s][info][gc            ] GC(238) Concurrent cleanup 358M->45M(500M) 0.087ms
[94.896s][info][gc,ergo       ] GC(238) Free: 428M, Max: 256K regular, 156M humongous, Frag: 64% external, 0% internal; Reserve: 25600K, Max: 256K
[94.896s][info][gc,ergo       ] Free: 428M, Max: 256K regular, 156M humongous, Frag: 64% external, 0% internal; Reserve: 25600K, Max: 256K
[94.896s][info][gc,stats      ] 
[94.896s][info][gc,stats      ] All times are wall-clock times, except per-root-class counters, that are sum over
[94.896s][info][gc,stats      ] all workers. Dividing the <total> over the root stage time estimates parallelism.
[94.896s][info][gc,stats      ] 
[94.896s][info][gc,stats      ] Concurrent Reset                    209 us
[94.896s][info][gc,stats      ] Pause Init Mark (G)                7423 us
[94.896s][info][gc,stats      ] Pause Init Mark (N)                4611 us
[94.896s][info][gc,stats      ]   Accumulate Stats                   35 us
[94.896s][info][gc,stats      ]   Make Parsable                      25 us
[94.896s][info][gc,stats      ]   Update Region States               66 us
[94.896s][info][gc,stats      ]   Scan Roots                       4348 us, parallelism: 0.89x
[94.896s][info][gc,stats      ]     S: <total>                     3880 us
[94.896s][info][gc,stats      ]     S: Thread Roots                1530 us, workers (us): 1530, 
[94.896s][info][gc,stats      ]     S: Universe Roots                 4 us, workers (us):   4, 
[94.896s][info][gc,stats      ]     S: JNI Handles Roots              3 us, workers (us):   3, 
[94.896s][info][gc,stats      ]     S: Synchronizer Roots             0 us, workers (us):   0, 
[94.896s][info][gc,stats      ]     S: Management Roots               2 us, workers (us):   2, 
[94.896s][info][gc,stats      ]     S: System Dict Roots             21 us, workers (us):  21, 
[94.896s][info][gc,stats      ]     S: CLDG Roots                  2318 us, workers (us): 2318, 
[94.896s][info][gc,stats      ]     S: JVMTI Roots                    1 us, workers (us):   1, 
[94.896s][info][gc,stats      ]   Resize TLABs                       45 us
[94.896s][info][gc,stats      ] Concurrent Marking                57295 us
[94.896s][info][gc,stats      ] Pause Final Mark (G)                518 us
[94.896s][info][gc,stats      ] Pause Final Mark (N)                356 us
[94.896s][info][gc,stats      ]   Finish Queues                      17 us
[94.896s][info][gc,stats      ]   System Purge                      250 us
[94.896s][info][gc,stats      ]     Weak Roots                      250 us
[94.896s][info][gc,stats      ]   Update Region States               27 us
[94.896s][info][gc,stats      ]   Retire TLABs                       21 us
[94.896s][info][gc,stats      ]   Choose Collection Set              18 us
[94.896s][info][gc,stats      ]   Rebuild Free Set                    7 us
[94.896s][info][gc,stats      ] Concurrent Cleanup                   80 us
[94.896s][info][gc,stats      ] Pacing                            10029 us
[94.896s][info][gc,stats      ] 
[94.896s][info][gc,stats      ] Allocation pacing accrued:
[94.896s][info][gc,stats      ]      10 of   317 ms (  3.2%): Executor task launch worker for task 0.0 in stage 25.0 (TID 25)
[94.896s][info][gc,stats      ]      10 of   317 ms (  3.2%): <total>
[94.896s][info][gc,stats      ]       0 of   317 ms (  0.0%): <average total>
[94.896s][info][gc,stats      ]      10 of   317 ms (  3.2%): <average non-zero>
[94.896s][info][gc,stats      ] 
[94.896s][info][gc,metaspace  ] Metaspace: 60996K->60996K(1103872K)
[94.896s][info][gc,ergo       ] Pacer for Idle. Initial: 10240K, Alloc Tax Rate: 1.0x
[95.130s][info][gc            ] Trigger: Average GC time (86.50 ms) is above the time for allocation rate (1090 MB/s) to deplete free headroom (94973K)
[95.130s][info][gc,ergo       ] Free headroom: 117M (free) - 25600K (spike) - 0B (penalties) = 94973K
[95.130s][info][gc,ergo       ] Free: 117M, Max: 256K regular, 52224K humongous, Frag: 57% external, 1% internal; Reserve: 25600K, Max: 256K
[95.130s][info][gc,start      ] GC(239) Concurrent reset
[95.130s][info][gc,task       ] GC(239) Using 1 of 1 workers for concurrent reset
[95.130s][info][gc,ergo       ] GC(239) Pacer for Reset. Non-Taxable: 500M
[95.130s][info][gc            ] GC(239) Concurrent reset 0.111ms
[95.132s][info][gc,start      ] GC(239) Pause Init Mark
[95.132s][info][gc,task       ] GC(239) Using 1 of 1 workers for init marking
[95.134s][info][gc,ergo       ] GC(239) Pacer for Mark. Expected Live: 83649K, Free: 117M, Non-Taxable: 12057K, Alloc Tax Rate: 0.8x
[95.134s][info][gc            ] GC(239) Pause Init Mark 1.577ms
[95.134s][info][gc,start      ] GC(239) Concurrent marking
[95.134s][info][gc,task       ] GC(239) Using 1 of 1 workers for concurrent marking
[95.166s][info][gc            ] GC(239) Concurrent marking 31.797ms
[95.166s][info][gc,start      ] GC(239) Pause Final Mark
[95.166s][info][gc,task       ] GC(239) Using 1 of 1 workers for final marking
[95.166s][info][gc,ergo       ] GC(239) Collectable Garbage: 326M (98%), Immediate: 326M (98%), CSet: 0B (0%)
[95.166s][info][gc            ] GC(239) Pause Final Mark 0.453ms
[95.166s][info][gc,start      ] GC(239) Concurrent cleanup
[95.166s][info][gc            ] GC(239) Concurrent cleanup 373M->47M(500M) 0.089ms
[95.166s][info][gc,ergo       ] GC(239) Free: 426M, Max: 256K regular, 185M humongous, Frag: 57% external, 0% internal; Reserve: 25600K, Max: 256K
[95.166s][info][gc,ergo       ] Free: 426M, Max: 256K regular, 185M humongous, Frag: 57% external, 0% internal; Reserve: 25600K, Max: 256K
[95.166s][info][gc,stats      ] 
[95.166s][info][gc,stats      ] All times are wall-clock times, except per-root-class counters, that are sum over
[95.166s][info][gc,stats      ] all workers. Dividing the <total> over the root stage time estimates parallelism.
[95.166s][info][gc,stats      ] 
[95.166s][info][gc,stats      ] Concurrent Reset                    104 us
[95.166s][info][gc,stats      ] Pause Init Mark (G)                3880 us
[95.166s][info][gc,stats      ] Pause Init Mark (N)                1563 us
[95.166s][info][gc,stats      ]   Accumulate Stats                   20 us
[95.166s][info][gc,stats      ]   Make Parsable                      13 us
[95.166s][info][gc,stats      ]   Update Region States               20 us
[95.166s][info][gc,stats      ]   Scan Roots                       1455 us, parallelism: 0.81x
[95.166s][info][gc,stats      ]     S: <total>                     1183 us
[95.166s][info][gc,stats      ]     S: Thread Roots                 597 us, workers (us): 597, 
[95.166s][info][gc,stats      ]     S: Universe Roots                 2 us, workers (us):   2, 
[95.166s][info][gc,stats      ]     S: JNI Handles Roots              1 us, workers (us):   1, 
[95.167s][info][gc,stats      ]     S: Synchronizer Roots             0 us, workers (us):   0, 
[95.167s][info][gc,stats      ]     S: Management Roots               1 us, workers (us):   1, 
[95.167s][info][gc,stats      ]     S: System Dict Roots             10 us, workers (us):  10, 
[95.167s][info][gc,stats      ]     S: CLDG Roots                   571 us, workers (us): 571, 
[95.167s][info][gc,stats      ]     S: JVMTI Roots                    1 us, workers (us):   1, 
[95.167s][info][gc,stats      ]   Resize TLABs                       17 us
[95.167s][info][gc,stats      ] Concurrent Marking                31787 us
[95.167s][info][gc,stats      ] Pause Final Mark (G)                597 us
[95.167s][info][gc,stats      ] Pause Final Mark (N)                387 us
[95.167s][info][gc,stats      ]   Finish Queues                      22 us
[95.167s][info][gc,stats      ]   System Purge                      285 us
[95.167s][info][gc,stats      ]     Weak Roots                      285 us
[95.167s][info][gc,stats      ]   Update Region States               27 us
[95.167s][info][gc,stats      ]   Retire TLABs                       20 us
[95.167s][info][gc,stats      ]   Choose Collection Set              17 us
[95.167s][info][gc,stats      ]   Rebuild Free Set                    7 us
[95.167s][info][gc,stats      ] Concurrent Cleanup                   82 us
[95.167s][info][gc,stats      ] 
[95.167s][info][gc,stats      ] Allocation pacing accrued:
[95.167s][info][gc,stats      ]       0 of   270 ms (  0.0%): <total>
[95.167s][info][gc,stats      ]       0 of   270 ms (  0.0%): <average total>
[95.167s][info][gc,stats      ] 
[95.167s][info][gc,metaspace  ] Metaspace: 60996K->60996K(1103872K)
[95.167s][info][gc,ergo       ] Pacer for Idle. Initial: 10240K, Alloc Tax Rate: 1.0x
[95.422s][info][gc            ] Trigger: Average GC time (70.86 ms) is above the time for allocation rate (1156 MB/s) to deplete free headroom (83200K)
[95.422s][info][gc,ergo       ] Free headroom: 106M (free) - 25600K (spike) - 0B (penalties) = 83200K
[95.422s][info][gc,ergo       ] Free: 106M, Max: 256K regular, 39680K humongous, Frag: 64% external, 2% internal; Reserve: 25600K, Max: 256K
[95.422s][info][gc,start      ] GC(240) Concurrent reset
[95.422s][info][gc,task       ] GC(240) Using 1 of 1 workers for concurrent reset
[95.422s][info][gc,ergo       ] GC(240) Pacer for Reset. Non-Taxable: 500M
[95.422s][info][gc            ] GC(240) Concurrent reset 0.110ms
[95.424s][info][gc,start      ] GC(240) Pause Init Mark (process weakrefs)
[95.425s][info][gc,task       ] GC(240) Using 1 of 1 workers for init marking
[95.426s][info][gc,ergo       ] GC(240) Pacer for Mark. Expected Live: 64121K, Free: 106M, Non-Taxable: 10880K, Alloc Tax Rate: 0.7x
[95.426s][info][gc            ] GC(240) Pause Init Mark (process weakrefs) 1.622ms
[95.426s][info][gc,start      ] GC(240) Concurrent marking (process weakrefs)
[95.426s][info][gc,task       ] GC(240) Using 1 of 1 workers for concurrent marking
[95.464s][info][gc            ] GC(240) Concurrent marking (process weakrefs) 37.432ms
[95.464s][info][gc,start      ] GC(240) Concurrent precleaning
[95.464s][info][gc,task       ] GC(240) Using 1 of 1 workers for concurrent preclean
[95.464s][info][gc,ergo       ] GC(240) Pacer for Precleaning. Non-Taxable: 500M
[95.464s][info][gc            ] GC(240) Concurrent precleaning 0.590ms
[95.464s][info][gc,start      ] GC(240) Pause Final Mark (process weakrefs)
[95.464s][info][gc,task       ] GC(240) Using 1 of 1 workers for final marking
[95.465s][info][gc,ergo       ] GC(240) Collectable Garbage: 337M (98%), Immediate: 337M (98%), CSet: 0B (0%)
[95.465s][info][gc            ] GC(240) Pause Final Mark (process weakrefs) 0.472ms
[95.465s][info][gc,start      ] GC(240) Concurrent cleanup
[95.465s][info][gc            ] GC(240) Concurrent cleanup 385M->47M(500M) 0.096ms
[95.465s][info][gc,ergo       ] GC(240) Free: 426M, Max: 256K regular, 185M humongous, Frag: 57% external, 0% internal; Reserve: 25600K, Max: 256K
[95.465s][info][gc,ergo       ] Free: 426M, Max: 256K regular, 185M humongous, Frag: 57% external, 0% internal; Reserve: 25600K, Max: 256K
[95.465s][info][gc,stats      ] 
[95.465s][info][gc,stats      ] All times are wall-clock times, except per-root-class counters, that are sum over
[95.465s][info][gc,stats      ] all workers. Dividing the <total> over the root stage time estimates parallelism.
[95.465s][info][gc,stats      ] 
[95.465s][info][gc,stats      ] Concurrent Reset                    103 us
[95.465s][info][gc,stats      ] Pause Init Mark (G)                3928 us
[95.465s][info][gc,stats      ] Pause Init Mark (N)                1603 us
[95.465s][info][gc,stats      ]   Accumulate Stats                   20 us
[95.465s][info][gc,stats      ]   Make Parsable                      13 us
[95.465s][info][gc,stats      ]   Update Region States               21 us
[95.465s][info][gc,stats      ]   Scan Roots                       1492 us, parallelism: 0.80x
[95.465s][info][gc,stats      ]     S: <total>                     1198 us
[95.465s][info][gc,stats      ]     S: Thread Roots                 648 us, workers (us): 648, 
[95.465s][info][gc,stats      ]     S: Universe Roots                 2 us, workers (us):   2, 
[95.465s][info][gc,stats      ]     S: JNI Handles Roots              1 us, workers (us):   1, 
[95.465s][info][gc,stats      ]     S: Synchronizer Roots             0 us, workers (us):   0, 
[95.465s][info][gc,stats      ]     S: Management Roots               1 us, workers (us):   1, 
[95.465s][info][gc,stats      ]     S: System Dict Roots             11 us, workers (us):  11, 
[95.465s][info][gc,stats      ]     S: CLDG Roots                   535 us, workers (us): 535, 
[95.465s][info][gc,stats      ]     S: JVMTI Roots                    0 us, workers (us):   0, 
[95.465s][info][gc,stats      ]   Resize TLABs                       18 us
[95.465s][info][gc,stats      ] Concurrent Marking                37423 us
[95.465s][info][gc,stats      ] Concurrent Precleaning              580 us
[95.465s][info][gc,stats      ] Pause Final Mark (G)                752 us
[95.465s][info][gc,stats      ] Pause Final Mark (N)                457 us
[95.465s][info][gc,stats      ]   Finish Queues                      27 us
[95.465s][info][gc,stats      ]   Weak References                    14 us
[95.465s][info][gc,stats      ]     Process                          12 us
[95.465s][info][gc,stats      ]   System Purge                      276 us
[95.465s][info][gc,stats      ]     Weak Roots                      275 us
[95.465s][info][gc,stats      ]   Update Region States               28 us
[95.465s][info][gc,stats      ]   Retire TLABs                       18 us
[95.465s][info][gc,stats      ]   Choose Collection Set              78 us
[95.465s][info][gc,stats      ]   Rebuild Free Set                   10 us
[95.465s][info][gc,stats      ] Concurrent Cleanup                   88 us
[95.465s][info][gc,stats      ] Pacing                             9823 us
[95.465s][info][gc,stats      ] 
[95.465s][info][gc,stats      ] Allocation pacing accrued:
[95.465s][info][gc,stats      ]      10 of   299 ms (  3.3%): Executor task launch worker for task 0.0 in stage 25.0 (TID 25)
[95.465s][info][gc,stats      ]      10 of   299 ms (  3.3%): <total>
[95.465s][info][gc,stats      ]       0 of   299 ms (  0.0%): <average total>
[95.465s][info][gc,stats      ]      10 of   299 ms (  3.3%): <average non-zero>
[95.465s][info][gc,stats      ] 
[95.465s][info][gc,metaspace  ] Metaspace: 60996K->60996K(1103872K)
[95.465s][info][gc,ergo       ] Pacer for Idle. Initial: 10240K, Alloc Tax Rate: 1.0x
[95.742s][info][gc            ] Trigger: Explicit GC request (System.gc())
[95.743s][info][gc,ergo       ] Free: 180M, Max: 256K regular, 77312K humongous, Frag: 59% external, 1% internal; Reserve: 25600K, Max: 256K
[95.743s][info][gc,start      ] GC(241) Concurrent reset
[95.743s][info][gc,task       ] GC(241) Using 1 of 1 workers for concurrent reset
[95.743s][info][gc,ergo       ] GC(241) Pacer for Reset. Non-Taxable: 500M
[95.743s][info][gc            ] GC(241) Concurrent reset 0.115ms
[95.743s][info][gc,start      ] GC(241) Pause Init Mark (process weakrefs) (unload classes)
[95.743s][info][gc,task       ] GC(241) Using 1 of 1 workers for init marking
[95.744s][info][gc,ergo       ] GC(241) Pacer for Mark. Expected Live: 44593K, Free: 180M, Non-Taxable: 18501K, Alloc Tax Rate: 0.3x
[95.744s][info][gc            ] GC(241) Pause Init Mark (process weakrefs) (unload classes) 1.021ms
[95.744s][info][gc,start      ] GC(241) Concurrent marking (process weakrefs) (unload classes)
[95.744s][info][gc,task       ] GC(241) Using 1 of 1 workers for concurrent marking
[95.771s][info][gc            ] GC(241) Concurrent marking (process weakrefs) (unload classes) 27.269ms
[95.771s][info][gc,start      ] GC(241) Concurrent precleaning
[95.771s][info][gc,task       ] GC(241) Using 1 of 1 workers for concurrent preclean
[95.771s][info][gc,ergo       ] GC(241) Pacer for Precleaning. Non-Taxable: 500M
[95.772s][info][gc            ] GC(241) Concurrent precleaning 0.285ms
[95.772s][info][gc,start      ] GC(241) Pause Final Mark (process weakrefs) (unload classes)
[95.772s][info][gc,task       ] GC(241) Using 1 of 1 workers for final marking
[95.797s][info][gc,stringtable] GC(241) Cleaned string and symbol table, strings: 18660 processed, 0 removed, symbols: 131954 processed, 200 removed
[95.798s][info][gc,ergo       ] GC(241) Collectable Garbage: 263M (97%), Immediate: 263M (97%), CSet: 0B (0%)
[95.798s][info][gc            ] GC(241) Pause Final Mark (process weakrefs) (unload classes) 25.948ms
[95.799s][info][gc,start      ] GC(241) Concurrent cleanup
[95.799s][info][gc            ] GC(241) Concurrent cleanup 292M->30M(500M) 0.116ms
[95.799s][info][gc,ergo       ] GC(241) Free: 443M, Max: 256K regular, 198M humongous, Frag: 56% external, 0% internal; Reserve: 25600K, Max: 256K
[95.799s][info][gc,ergo       ] Free: 443M, Max: 256K regular, 198M humongous, Frag: 56% external, 0% internal; Reserve: 25600K, Max: 256K
[95.799s][info][gc,stats      ] 
[95.799s][info][gc,stats      ] All times are wall-clock times, except per-root-class counters, that are sum over
[95.799s][info][gc,stats      ] all workers. Dividing the <total> over the root stage time estimates parallelism.
[95.799s][info][gc,stats      ] 
[95.799s][info][gc,stats      ] Concurrent Reset                    102 us
[95.799s][info][gc,stats      ] Pause Init Mark (G)                1351 us
[95.799s][info][gc,stats      ] Pause Init Mark (N)                1012 us
[95.799s][info][gc,stats      ]   Accumulate Stats                   21 us
[95.799s][info][gc,stats      ]   Make Parsable                      16 us
[95.799s][info][gc,stats      ]   Update Region States               22 us
[95.799s][info][gc,stats      ]   Scan Roots                        912 us, parallelism: 0.68x
[95.799s][info][gc,stats      ]     S: <total>                      621 us
[95.799s][info][gc,stats      ]     S: Thread Roots                 499 us, workers (us): 499, 
[95.799s][info][gc,stats      ]     S: Universe Roots                 4 us, workers (us):   4, 
[95.799s][info][gc,stats      ]     S: JNI Handles Roots              1 us, workers (us):   1, 
[95.799s][info][gc,stats      ]     S: Synchronizer Roots             1 us, workers (us):   1, 
[95.799s][info][gc,stats      ]     S: Management Roots               2 us, workers (us):   2, 
[95.799s][info][gc,stats      ]     S: System Dict Roots             10 us, workers (us):  10, 
[95.799s][info][gc,stats      ]     S: CLDG Roots                   104 us, workers (us): 104, 
[95.799s][info][gc,stats      ]     S: JVMTI Roots                    1 us, workers (us):   1, 
[95.799s][info][gc,stats      ]   Resize TLABs                       11 us
[95.799s][info][gc,stats      ] Concurrent Marking                27260 us
[95.799s][info][gc,stats      ] Concurrent Precleaning              278 us
[95.799s][info][gc,stats      ] Pause Final Mark (G)              27336 us
[95.799s][info][gc,stats      ] Pause Final Mark (N)              25938 us
[95.799s][info][gc,stats      ]   Finish Queues                     127 us
[95.799s][info][gc,stats      ]   Weak References                    52 us
[95.799s][info][gc,stats      ]     Process                          50 us
[95.799s][info][gc,stats      ]   System Purge                      285 us
[95.799s][info][gc,stats      ]     Unload Classes                 1028 us
[95.799s][info][gc,stats      ]     Cleanup                       24084 us, parallelism: 1.00x
[95.799s][info][gc,stats      ]       CU: <total>                 23999 us
[95.799s][info][gc,stats      ]       CU: Code Cache Roots         9835 us, workers (us): 9835, 
[95.799s][info][gc,stats      ]       CU: Code Cache Cleaning      1745 us, workers (us): 1745, 
[95.799s][info][gc,stats      ]       CU: String Table Roots       5860 us, workers (us): 5860, 
[95.799s][info][gc,stats      ]       CU: Resolved Table Roots      132 us, workers (us): 132, 
[95.799s][info][gc,stats      ]       CU: CLDG Roots               6425 us, workers (us): 6425, 
[95.799s][info][gc,stats      ]     Weak Roots                      285 us
[95.799s][info][gc,stats      ]     CLDG                            238 us
[95.799s][info][gc,stats      ]   Update Region States               35 us
[95.799s][info][gc,stats      ]   Retire TLABs                       45 us
[95.799s][info][gc,stats      ]   Choose Collection Set              20 us
[95.799s][info][gc,stats      ]   Rebuild Free Set                    7 us
[95.799s][info][gc,stats      ] Concurrent Cleanup                   76 us
[95.799s][info][gc,stats      ] Pacing                             7684 us
[95.799s][info][gc,stats      ] 
[95.799s][info][gc,stats      ] Allocation pacing accrued:
[95.799s][info][gc,stats      ]       8 of   334 ms (  2.3%): Executor task launch worker for task 0.0 in stage 26.0 (TID 26)
[95.799s][info][gc,stats      ]       8 of   334 ms (  2.3%): <total>
[95.799s][info][gc,stats      ]       0 of   334 ms (  0.0%): <average total>
[95.799s][info][gc,stats      ]       8 of   334 ms (  2.3%): <average non-zero>
[95.799s][info][gc,stats      ] 
[95.799s][info][gc,metaspace  ] Metaspace: 61033K->60654K(1103872K)
[95.799s][info][gc,ergo       ] Pacer for Idle. Initial: 10240K, Alloc Tax Rate: 1.0x
[95.799s][info][gc,start      ] Concurrent uncommit
[95.829s][info][gc            ] Concurrent uncommit 30M->30M(31M) 29.334ms
[96.036s][info][gc            ] Trigger: Learning 2 of 5. Free (349M) is below initial threshold (350M)
[96.036s][info][gc,ergo       ] Free: 349M, Max: 256K regular, 146M humongous, Frag: 59% external, 0% internal; Reserve: 25600K, Max: 256K
[96.036s][info][gc,start      ] GC(242) Concurrent reset
[96.036s][info][gc,task       ] GC(242) Using 1 of 1 workers for concurrent reset
[96.036s][info][gc,ergo       ] GC(242) Pacer for Reset. Non-Taxable: 500M
[96.036s][info][gc            ] GC(242) Concurrent reset 0.113ms
[96.039s][info][gc,start      ] GC(242) Pause Init Mark
[96.039s][info][gc,task       ] GC(242) Using 1 of 1 workers for init marking
[96.041s][info][gc,ergo       ] GC(242) Pacer for Mark. Expected Live: 24815K, Free: 349M, Non-Taxable: 35835K, Alloc Tax Rate: 0.1x
[96.041s][info][gc            ] GC(242) Pause Init Mark 1.753ms
[96.041s][info][gc,start      ] GC(242) Concurrent marking
[96.041s][info][gc,task       ] GC(242) Using 1 of 1 workers for concurrent marking
[96.097s][info][gc            ] GC(242) Concurrent marking 56.823ms
[96.098s][info][gc,start      ] GC(242) Pause Final Mark
[96.098s][info][gc,task       ] GC(242) Using 1 of 1 workers for final marking
[96.098s][info][gc,ergo       ] GC(242) Adaptive CSet Selection. Target Free: 72533K, Actual Free: 350M, Max CSet: 21333K, Min Garbage: 0B
[96.098s][info][gc,ergo       ] GC(242) Collectable Garbage: 93671K (98%), Immediate: 8391K (8%), CSet: 85279K (89%)
[96.100s][info][gc,ergo       ] GC(242) Pacer for Evacuation. Used CSet: 91160K, Free: 327M, Non-Taxable: 33536K, Alloc Tax Rate: 1.1x
[96.100s][info][gc            ] GC(242) Pause Final Mark 2.806ms
[96.100s][info][gc,start      ] GC(242) Concurrent cleanup
[96.101s][info][gc            ] GC(242) Concurrent cleanup 154M->145M(157M) 0.045ms
[96.101s][info][gc,ergo       ] GC(242) Free: 327M, Max: 256K regular, 134M humongous, Frag: 59% external, 0% internal; Reserve: 25473K, Max: 256K
[96.101s][info][gc,start      ] GC(242) Concurrent evacuation
[96.101s][info][gc,task       ] GC(242) Using 1 of 1 workers for concurrent evacuation
[96.117s][info][gc            ] GC(242) Concurrent evacuation 16.556ms
[96.121s][info][gc,start      ] GC(242) Pause Init Update Refs
[96.121s][info][gc,ergo       ] GC(242) Pacer for Update Refs. Used: 166M, Free: 313M, Non-Taxable: 32051K, Alloc Tax Rate: 1.1x
[96.121s][info][gc            ] GC(242) Pause Init Update Refs 0.051ms
[96.121s][info][gc,start      ] GC(242) Concurrent update references
[96.121s][info][gc,task       ] GC(242) Using 1 of 1 workers for concurrent reference update
[96.186s][info][gc            ] GC(242) Concurrent update references 64.734ms
[96.188s][info][gc,start      ] GC(242) Pause Final Update Refs
[96.188s][info][gc,task       ] GC(242) Using 1 of 1 workers for final reference update
[96.189s][info][gc            ] GC(242) Pause Final Update Refs 0.622ms
[96.189s][info][gc,start      ] GC(242) Concurrent cleanup
[96.189s][info][gc            ] GC(242) Concurrent cleanup 205M->116M(207M) 0.054ms
[96.189s][info][gc,ergo       ] Free: 356M, Max: 256K regular, 272M humongous, Frag: 24% external, 0% internal; Reserve: 25600K, Max: 256K
[96.189s][info][gc,stats      ] 
[96.189s][info][gc,stats      ] All times are wall-clock times, except per-root-class counters, that are sum over
[96.189s][info][gc,stats      ] all workers. Dividing the <total> over the root stage time estimates parallelism.
[96.189s][info][gc,stats      ] 
[96.189s][info][gc,stats      ] Concurrent Reset                    103 us
[96.189s][info][gc,stats      ] Pause Init Mark (G)                4738 us
[96.189s][info][gc,stats      ] Pause Init Mark (N)                1717 us
[96.189s][info][gc,stats      ]   Accumulate Stats                   23 us
[96.189s][info][gc,stats      ]   Make Parsable                      22 us
[96.189s][info][gc,stats      ]   Update Region States               32 us
[96.189s][info][gc,stats      ]   Scan Roots                       1578 us, parallelism: 0.83x
[96.189s][info][gc,stats      ]     S: <total>                     1317 us
[96.189s][info][gc,stats      ]     S: Thread Roots                 707 us, workers (us): 707, 
[96.189s][info][gc,stats      ]     S: Universe Roots                 2 us, workers (us):   2, 
[96.189s][info][gc,stats      ]     S: JNI Handles Roots              2 us, workers (us):   2, 
[96.189s][info][gc,stats      ]     S: Synchronizer Roots             0 us, workers (us):   0, 
[96.189s][info][gc,stats      ]     S: Management Roots               2 us, workers (us):   2, 
[96.189s][info][gc,stats      ]     S: System Dict Roots             11 us, workers (us):  11, 
[96.189s][info][gc,stats      ]     S: CLDG Roots                   593 us, workers (us): 593, 
[96.189s][info][gc,stats      ]     S: JVMTI Roots                    1 us, workers (us):   1, 
[96.189s][info][gc,stats      ]   Resize TLABs                       22 us
[96.189s][info][gc,stats      ] Concurrent Marking                56814 us
[96.189s][info][gc,stats      ] Pause Final Mark (G)               2969 us
[96.189s][info][gc,stats      ] Pause Final Mark (N)               2797 us
[96.189s][info][gc,stats      ]   Finish Queues                      13 us
[96.189s][info][gc,stats      ]   System Purge                      292 us
[96.189s][info][gc,stats      ]     Weak Roots                      292 us
[96.189s][info][gc,stats      ]   Update Region States               27 us
[96.189s][info][gc,stats      ]   Retire TLABs                       21 us
[96.189s][info][gc,stats      ]   Choose Collection Set              68 us
[96.189s][info][gc,stats      ]   Rebuild Free Set                    8 us
[96.189s][info][gc,stats      ]   Initial Evacuation               2359 us, parallelism: 0.62x
[96.189s][info][gc,stats      ]     E: <total>                     1462 us
[96.189s][info][gc,stats      ]     E: Thread Roots                 694 us, workers (us): 694, 
[96.189s][info][gc,stats      ]     E: Code Cache Roots             244 us, workers (us): 244, 
[96.189s][info][gc,stats      ]     E: Universe Roots                 1 us, workers (us):   1, 
[96.189s][info][gc,stats      ]     E: JNI Handles Roots              1 us, workers (us):   1, 
[96.189s][info][gc,stats      ]     E: Synchronizer Roots             0 us, workers (us):   0, 
[96.189s][info][gc,stats      ]     E: Management Roots               1 us, workers (us):   1, 
[96.189s][info][gc,stats      ]     E: System Dict Roots             10 us, workers (us):  10, 
[96.189s][info][gc,stats      ]     E: CLDG Roots                   510 us, workers (us): 510, 
[96.189s][info][gc,stats      ]     E: JVMTI Roots                    1 us, workers (us):   1, 
[96.189s][info][gc,stats      ] Concurrent Cleanup                   36 us
[96.189s][info][gc,stats      ] Concurrent Evacuation             16544 us
[96.189s][info][gc,stats      ] Pause Init  Update Refs (G)        3694 us
[96.189s][info][gc,stats      ] Pause Init  Update Refs (N)          20 us
[96.189s][info][gc,stats      ]   Retire GCLABs                      11 us
[96.189s][info][gc,stats      ] Concurrent Update Refs            64719 us
[96.189s][info][gc,stats      ] Pause Final Update Refs (G)        2945 us
[96.189s][info][gc,stats      ] Pause Final Update Refs (N)         608 us
[96.189s][info][gc,stats      ]   Update Roots                      561 us, parallelism: 0.98x
[96.189s][info][gc,stats      ]     UR: <total>                     551 us
[96.189s][info][gc,stats      ]     UR: Thread Roots                551 us, workers (us): 551, 
[96.189s][info][gc,stats      ]   Update Region States               28 us
[96.189s][info][gc,stats      ]   Trash Collection Set                3 us
[96.189s][info][gc,stats      ]   Rebuild Free Set                    9 us
[96.189s][info][gc,stats      ] Concurrent Cleanup                   47 us
[96.189s][info][gc,stats      ] 
[96.189s][info][gc,stats      ] Allocation pacing accrued:
[96.189s][info][gc,stats      ]       0 of   389 ms (  0.0%): <total>
[96.189s][info][gc,stats      ]       0 of   389 ms (  0.0%): <average total>
[96.189s][info][gc,stats      ] 
[96.189s][info][gc,metaspace  ] Metaspace: 60900K->60900K(1103872K)
[96.189s][info][gc,ergo       ] Pacer for Idle. Initial: 10240K, Alloc Tax Rate: 1.0x
[96.194s][info][gc            ] Trigger: Learning 3 of 5. Free (346M) is below initial threshold (350M)
[96.194s][info][gc,ergo       ] Free: 346M, Max: 256K regular, 272M humongous, Frag: 22% external, 0% internal; Reserve: 25600K, Max: 256K
[96.194s][info][gc,start      ] GC(243) Concurrent reset
[96.194s][info][gc,task       ] GC(243) Using 1 of 1 workers for concurrent reset
[96.194s][info][gc,ergo       ] GC(243) Pacer for Reset. Non-Taxable: 500M
[96.194s][info][gc            ] GC(243) Concurrent reset 0.251ms
[96.197s][info][gc,start      ] GC(243) Pause Init Mark
[96.197s][info][gc,task       ] GC(243) Using 1 of 1 workers for init marking
[96.198s][info][gc,ergo       ] GC(243) Pacer for Mark. Expected Live: 25732K, Free: 346M, Non-Taxable: 35506K, Alloc Tax Rate: 0.1x
[96.198s][info][gc            ] GC(243) Pause Init Mark 1.710ms
[96.198s][info][gc,start      ] GC(243) Concurrent marking
[96.198s][info][gc,task       ] GC(243) Using 1 of 1 workers for concurrent marking
[96.273s][info][gc            ] GC(243) Concurrent marking 74.880ms
[96.273s][info][gc,start      ] GC(243) Pause Final Mark
[96.273s][info][gc,task       ] GC(243) Using 1 of 1 workers for final marking
[96.274s][info][gc,ergo       ] GC(243) Adaptive CSet Selection. Target Free: 72533K, Actual Free: 309M, Max CSet: 21333K, Min Garbage: 0B
[96.274s][info][gc,ergo       ] GC(243) Collectable Garbage: 90902K (97%), Immediate: 258K (0%), CSet: 90643K (97%)
[96.276s][info][gc,ergo       ] GC(243) Pacer for Evacuation. Used CSet: 97792K, Free: 284M, Non-Taxable: 29132K, Alloc Tax Rate: 1.1x
[96.276s][info][gc            ] GC(243) Pause Final Mark 2.455ms
[96.276s][info][gc,start      ] GC(243) Concurrent cleanup
[96.276s][info][gc            ] GC(243) Concurrent cleanup 189M->189M(207M) 0.063ms
[96.276s][info][gc,ergo       ] GC(243) Free: 284M, Max: 256K regular, 273M humongous, Frag: 5% external, 0% internal; Reserve: 25600K, Max: 256K
[96.276s][info][gc,start      ] GC(243) Concurrent evacuation
[96.276s][info][gc,task       ] GC(243) Using 1 of 1 workers for concurrent evacuation
[96.299s][info][gc            ] GC(243) Concurrent evacuation 22.573ms
[96.299s][info][gc,start      ] GC(243) Pause Init Update Refs
[96.299s][info][gc,ergo       ] GC(243) Pacer for Update Refs. Used: 217M, Free: 263M, Non-Taxable: 26982K, Alloc Tax Rate: 1.1x
[96.299s][info][gc            ] GC(243) Pause Init Update Refs 0.028ms
[96.299s][info][gc,start      ] GC(243) Concurrent update references
[96.299s][info][gc,task       ] GC(243) Using 1 of 1 workers for concurrent reference update
[96.408s][info][gc            ] GC(243) Concurrent update references 108.615ms
[96.411s][info][gc,start      ] GC(243) Pause Final Update Refs
[96.411s][info][gc,task       ] GC(243) Using 1 of 1 workers for final reference update
[96.412s][info][gc            ] GC(243) Pause Final Update Refs 0.672ms
[96.412s][info][gc,start      ] GC(243) Concurrent cleanup
[96.412s][info][gc            ] GC(243) Concurrent cleanup 285M->190M(288M) 0.055ms
[96.412s][info][gc,ergo       ] Free: 283M, Max: 256K regular, 188M humongous, Frag: 34% external, 0% internal; Reserve: 25600K, Max: 256K
[96.412s][info][gc,stats      ] 
[96.412s][info][gc,stats      ] All times are wall-clock times, except per-root-class counters, that are sum over
[96.412s][info][gc,stats      ] all workers. Dividing the <total> over the root stage time estimates parallelism.
[96.412s][info][gc,stats      ] 
[96.412s][info][gc,stats      ] Concurrent Reset                    242 us
[96.412s][info][gc,stats      ] Pause Init Mark (G)                4059 us
[96.412s][info][gc,stats      ] Pause Init Mark (N)                1683 us
[96.412s][info][gc,stats      ]   Accumulate Stats                   23 us
[96.412s][info][gc,stats      ]   Make Parsable                      15 us
[96.412s][info][gc,stats      ]   Update Region States               24 us
[96.412s][info][gc,stats      ]   Scan Roots                       1560 us, parallelism: 0.82x
[96.412s][info][gc,stats      ]     S: <total>                     1273 us
[96.412s][info][gc,stats      ]     S: Thread Roots                 697 us, workers (us): 697, 
[96.412s][info][gc,stats      ]     S: Universe Roots                 2 us, workers (us):   2, 
[96.412s][info][gc,stats      ]     S: JNI Handles Roots              1 us, workers (us):   1, 
[96.412s][info][gc,stats      ]     S: Synchronizer Roots             0 us, workers (us):   0, 
[96.412s][info][gc,stats      ]     S: Management Roots               2 us, workers (us):   2, 
[96.412s][info][gc,stats      ]     S: System Dict Roots             12 us, workers (us):  12, 
[96.412s][info][gc,stats      ]     S: CLDG Roots                   558 us, workers (us): 558, 
[96.412s][info][gc,stats      ]     S: JVMTI Roots                    1 us, workers (us):   1, 
[96.412s][info][gc,stats      ]   Resize TLABs                       20 us
[96.412s][info][gc,stats      ] Concurrent Marking                74871 us
[96.412s][info][gc,stats      ] Pause Final Mark (G)               2652 us
[96.412s][info][gc,stats      ] Pause Final Mark (N)               2444 us
[96.412s][info][gc,stats      ]   Finish Queues                      18 us
[96.412s][info][gc,stats      ]   System Purge                      248 us
[96.412s][info][gc,stats      ]     Weak Roots                      248 us
[96.412s][info][gc,stats      ]   Update Region States               26 us
[96.412s][info][gc,stats      ]   Retire TLABs                       23 us
[96.412s][info][gc,stats      ]   Choose Collection Set              79 us
[96.412s][info][gc,stats      ]   Rebuild Free Set                    7 us
[96.412s][info][gc,stats      ]   Initial Evacuation               2036 us, parallelism: 0.68x
[96.412s][info][gc,stats      ]     E: <total>                     1376 us
[96.412s][info][gc,stats      ]     E: Thread Roots                 623 us, workers (us): 623, 
[96.412s][info][gc,stats      ]     E: Code Cache Roots             286 us, workers (us): 286, 
[96.412s][info][gc,stats      ]     E: Universe Roots                 1 us, workers (us):   1, 
[96.412s][info][gc,stats      ]     E: JNI Handles Roots              1 us, workers (us):   1, 
[96.412s][info][gc,stats      ]     E: Synchronizer Roots             0 us, workers (us):   0, 
[96.412s][info][gc,stats      ]     E: Management Roots               1 us, workers (us):   1, 
[96.412s][info][gc,stats      ]     E: System Dict Roots              9 us, workers (us):   9, 
[96.412s][info][gc,stats      ]     E: CLDG Roots                   454 us, workers (us): 454, 
[96.412s][info][gc,stats      ]     E: JVMTI Roots                    0 us, workers (us):   0, 
[96.412s][info][gc,stats      ] Concurrent Cleanup                   54 us
[96.412s][info][gc,stats      ] Concurrent Evacuation             22562 us
[96.412s][info][gc,stats      ] Pause Init  Update Refs (G)         380 us
[96.412s][info][gc,stats      ] Pause Init  Update Refs (N)          19 us
[96.412s][info][gc,stats      ]   Retire GCLABs                      12 us
[96.412s][info][gc,stats      ] Concurrent Update Refs           108600 us
[96.412s][info][gc,stats      ] Pause Final Update Refs (G)        4447 us
[96.412s][info][gc,stats      ] Pause Final Update Refs (N)         644 us
[96.412s][info][gc,stats      ]   Update Roots                      587 us, parallelism: 0.98x
[96.412s][info][gc,stats      ]     UR: <total>                     574 us
[96.412s][info][gc,stats      ]     UR: Thread Roots                574 us, workers (us): 574, 
[96.412s][info][gc,stats      ]   Update Region States               27 us
[96.412s][info][gc,stats      ]   Trash Collection Set                3 us
[96.412s][info][gc,stats      ]   Rebuild Free Set                    8 us
[96.412s][info][gc,stats      ] Concurrent Cleanup                   47 us
[96.412s][info][gc,stats      ] 
[96.412s][info][gc,stats      ] Allocation pacing accrued:
[96.412s][info][gc,stats      ]       0 of   224 ms (  0.0%): <total>
[96.412s][info][gc,stats      ]       0 of   224 ms (  0.0%): <average total>
[96.412s][info][gc,stats      ] 
[96.412s][info][gc,metaspace  ] Metaspace: 60900K->60900K(1103872K)
[96.412s][info][gc,ergo       ] Pacer for Idle. Initial: 10240K, Alloc Tax Rate: 1.0x
[96.414s][info][gc            ] Trigger: Learning 4 of 5. Free (280M) is below initial threshold (350M)
[96.414s][info][gc,ergo       ] Free: 280M, Max: 256K regular, 188M humongous, Frag: 33% external, 0% internal; Reserve: 25600K, Max: 256K
[96.414s][info][gc,start      ] GC(244) Concurrent reset
[96.414s][info][gc,task       ] GC(244) Using 1 of 1 workers for concurrent reset
[96.414s][info][gc,ergo       ] GC(244) Pacer for Reset. Non-Taxable: 500M
[96.414s][info][gc            ] GC(244) Concurrent reset 0.198ms
[96.416s][info][gc,start      ] GC(244) Pause Init Mark
[96.416s][info][gc,task       ] GC(244) Using 1 of 1 workers for init marking
[96.418s][info][gc,ergo       ] GC(244) Pacer for Mark. Expected Live: 28125K, Free: 280M, Non-Taxable: 28697K, Alloc Tax Rate: 0.1x
[96.418s][info][gc            ] GC(244) Pause Init Mark 1.590ms
[96.418s][info][gc,start      ] GC(244) Concurrent marking
[96.418s][info][gc,task       ] GC(244) Using 1 of 1 workers for concurrent marking
[96.499s][info][gc            ] GC(244) Concurrent marking 81.177ms
[96.500s][info][gc,start      ] GC(244) Pause Final Mark
[96.500s][info][gc,task       ] GC(244) Using 1 of 1 workers for final marking
[96.500s][info][gc,ergo       ] GC(244) Adaptive CSet Selection. Target Free: 72533K, Actual Free: 253M, Max CSet: 21333K, Min Garbage: 0B
[96.500s][info][gc,ergo       ] GC(244) Collectable Garbage: 143M (98%), Immediate: 512K (0%), CSet: 142M (98%)
[96.503s][info][gc,ergo       ] GC(244) Pacer for Evacuation. Used CSet: 154M, Free: 228M, Non-Taxable: 23372K, Alloc Tax Rate: 1.7x
[96.503s][info][gc            ] GC(244) Pause Final Mark 3.476ms
[96.503s][info][gc,start      ] GC(244) Concurrent cleanup
[96.503s][info][gc            ] GC(244) Concurrent cleanup 245M->245M(288M) 0.046ms
[96.503s][info][gc,ergo       ] GC(244) Free: 228M, Max: 256K regular, 188M humongous, Frag: 18% external, 0% internal; Reserve: 25600K, Max: 256K
[96.503s][info][gc,start      ] GC(244) Concurrent evacuation
[96.503s][info][gc,task       ] GC(244) Using 1 of 1 workers for concurrent evacuation
[96.538s][info][gc            ] GC(244) Concurrent evacuation 34.800ms
[96.540s][info][gc,start      ] GC(244) Pause Init Update Refs
[96.540s][info][gc,ergo       ] GC(244) Pacer for Update Refs. Used: 284M, Free: 200M, Non-Taxable: 20531K, Alloc Tax Rate: 1.7x
[96.540s][info][gc            ] GC(244) Pause Init Update Refs 0.037ms
[96.540s][info][gc,start      ] GC(244) Concurrent update references
[96.540s][info][gc,task       ] GC(244) Using 1 of 1 workers for concurrent reference update
[96.695s][info][gc            ] GC(244) Concurrent update references 154.552ms
[96.697s][info][gc,start      ] GC(244) Pause Final Update Refs
[96.698s][info][gc,task       ] GC(244) Using 1 of 1 workers for final reference update
[96.698s][info][gc            ] GC(244) Pause Final Update Refs 0.740ms
[96.698s][info][gc,start      ] GC(244) Concurrent cleanup
[96.698s][info][gc            ] GC(244) Concurrent cleanup 372M->217M(374M) 0.072ms
[96.698s][info][gc,ergo       ] Free: 255M, Max: 256K regular, 101M humongous, Frag: 61% external, 0% internal; Reserve: 25600K, Max: 256K
[96.698s][info][gc,stats      ] 
[96.698s][info][gc,stats      ] All times are wall-clock times, except per-root-class counters, that are sum over
[96.698s][info][gc,stats      ] all workers. Dividing the <total> over the root stage time estimates parallelism.
[96.698s][info][gc,stats      ] 
[96.698s][info][gc,stats      ] Concurrent Reset                    192 us
[96.698s][info][gc,stats      ] Pause Init Mark (G)                3597 us
[96.698s][info][gc,stats      ] Pause Init Mark (N)                1563 us
[96.698s][info][gc,stats      ]   Accumulate Stats                   23 us
[96.698s][info][gc,stats      ]   Make Parsable                      21 us
[96.698s][info][gc,stats      ]   Update Region States               26 us
[96.698s][info][gc,stats      ]   Scan Roots                       1444 us, parallelism: 0.81x
[96.698s][info][gc,stats      ]     S: <total>                     1174 us
[96.698s][info][gc,stats      ]     S: Thread Roots                 615 us, workers (us): 615, 
[96.698s][info][gc,stats      ]     S: Universe Roots                 2 us, workers (us):   2, 
[96.698s][info][gc,stats      ]     S: JNI Handles Roots              1 us, workers (us):   1, 
[96.698s][info][gc,stats      ]     S: Synchronizer Roots             0 us, workers (us):   0, 
[96.698s][info][gc,stats      ]     S: Management Roots               1 us, workers (us):   1, 
[96.698s][info][gc,stats      ]     S: System Dict Roots             12 us, workers (us):  12, 
[96.698s][info][gc,stats      ]     S: CLDG Roots                   542 us, workers (us): 542, 
[96.698s][info][gc,stats      ]     S: JVMTI Roots                    1 us, workers (us):   1, 
[96.698s][info][gc,stats      ]   Resize TLABs                       14 us
[96.698s][info][gc,stats      ] Concurrent Marking                81168 us
[96.698s][info][gc,stats      ] Pause Final Mark (G)               4050 us
[96.698s][info][gc,stats      ] Pause Final Mark (N)               3450 us
[96.698s][info][gc,stats      ]   Finish Queues                      57 us
[96.698s][info][gc,stats      ]   System Purge                      294 us
[96.698s][info][gc,stats      ]     Weak Roots                      294 us
[96.698s][info][gc,stats      ]   Update Region States               28 us
[96.698s][info][gc,stats      ]   Retire TLABs                       21 us
[96.698s][info][gc,stats      ]   Choose Collection Set             116 us
[96.698s][info][gc,stats      ]   Rebuild Free Set                    7 us
[96.698s][info][gc,stats      ]   Initial Evacuation               2918 us, parallelism: 0.77x
[96.698s][info][gc,stats      ]     E: <total>                     2247 us
[96.698s][info][gc,stats      ]     E: Thread Roots                1429 us, workers (us): 1429, 
[96.698s][info][gc,stats      ]     E: Code Cache Roots             235 us, workers (us): 235, 
[96.698s][info][gc,stats      ]     E: Universe Roots                 1 us, workers (us):   1, 
[96.698s][info][gc,stats      ]     E: JNI Handles Roots              1 us, workers (us):   1, 
[96.698s][info][gc,stats      ]     E: Synchronizer Roots             0 us, workers (us):   0, 
[96.698s][info][gc,stats      ]     E: Management Roots               1 us, workers (us):   1, 
[96.698s][info][gc,stats      ]     E: System Dict Roots             10 us, workers (us):  10, 
[96.699s][info][gc,stats      ]     E: CLDG Roots                   569 us, workers (us): 569, 
[96.699s][info][gc,stats      ]     E: JVMTI Roots                    1 us, workers (us):   1, 
[96.699s][info][gc,stats      ] Concurrent Cleanup                   36 us
[96.699s][info][gc,stats      ] Concurrent Evacuation             34788 us
[96.699s][info][gc,stats      ] Pause Init  Update Refs (G)        2337 us
[96.699s][info][gc,stats      ] Pause Init  Update Refs (N)          19 us
[96.699s][info][gc,stats      ]   Retire GCLABs                      11 us
[96.699s][info][gc,stats      ] Concurrent Update Refs           154538 us
[96.699s][info][gc,stats      ] Pause Final Update Refs (G)        3185 us
[96.699s][info][gc,stats      ] Pause Final Update Refs (N)         690 us
[96.699s][info][gc,stats      ]   Update Roots                      634 us, parallelism: 0.97x
[96.699s][info][gc,stats      ]     UR: <total>                     618 us
[96.699s][info][gc,stats      ]     UR: Thread Roots                618 us, workers (us): 618, 
[96.699s][info][gc,stats      ]   Update Region States               32 us
[96.699s][info][gc,stats      ]   Trash Collection Set                4 us
[96.699s][info][gc,stats      ]   Rebuild Free Set                    8 us
[96.699s][info][gc,stats      ] Concurrent Cleanup                   63 us
[96.699s][info][gc,stats      ] Pacing                            22623 us
[96.699s][info][gc,stats      ] 
[96.699s][info][gc,stats      ] Allocation pacing accrued:
[96.699s][info][gc,stats      ]      23 of   286 ms (  7.9%): Executor task launch worker for task 0.0 in stage 27.0 (TID 27)
[96.699s][info][gc,stats      ]      23 of   286 ms (  7.9%): <total>
[96.699s][info][gc,stats      ]       0 of   286 ms (  0.0%): <average total>
[96.699s][info][gc,stats      ]      23 of   286 ms (  7.9%): <average non-zero>
[96.699s][info][gc,stats      ] 
[96.699s][info][gc,metaspace  ] Metaspace: 60900K->60900K(1103872K)
[96.699s][info][gc,ergo       ] Pacer for Idle. Initial: 10240K, Alloc Tax Rate: 1.0x
[96.700s][info][gc            ] Trigger: Learning 5 of 5. Free (252M) is below initial threshold (350M)
[96.700s][info][gc,ergo       ] Free: 252M, Max: 256K regular, 101M humongous, Frag: 60% external, 0% internal; Reserve: 25600K, Max: 256K
[96.700s][info][gc,start      ] GC(245) Concurrent reset
[96.700s][info][gc,task       ] GC(245) Using 1 of 1 workers for concurrent reset
[96.700s][info][gc,ergo       ] GC(245) Pacer for Reset. Non-Taxable: 500M
[96.700s][info][gc            ] GC(245) Concurrent reset 0.280ms
[96.702s][info][gc,start      ] GC(245) Pause Init Mark (process weakrefs)
[96.702s][info][gc,task       ] GC(245) Using 1 of 1 workers for init marking
[96.703s][info][gc,ergo       ] GC(245) Pacer for Mark. Expected Live: 32960K, Free: 252M, Non-Taxable: 25881K, Alloc Tax Rate: 0.2x
[96.703s][info][gc            ] GC(245) Pause Init Mark (process weakrefs) 1.676ms
[96.703s][info][gc,start      ] GC(245) Concurrent marking (process weakrefs)
[96.703s][info][gc,task       ] GC(245) Using 1 of 1 workers for concurrent marking
[96.792s][info][gc            ] GC(245) Concurrent marking (process weakrefs) 88.840ms
[96.792s][info][gc,start      ] GC(245) Concurrent precleaning
[96.792s][info][gc,task       ] GC(245) Using 1 of 1 workers for concurrent preclean
[96.792s][info][gc,ergo       ] GC(245) Pacer for Precleaning. Non-Taxable: 500M
[96.793s][info][gc            ] GC(245) Concurrent precleaning 0.561ms
[96.793s][info][gc,start      ] GC(245) Pause Final Mark (process weakrefs)
[96.793s][info][gc,task       ] GC(245) Using 1 of 1 workers for final marking
[96.793s][info][gc,ergo       ] GC(245) Adaptive CSet Selection. Target Free: 72533K, Actual Free: 213M, Max CSet: 21333K, Min Garbage: 0B
[96.794s][info][gc,ergo       ] GC(245) Collectable Garbage: 157M (98%), Immediate: 1024K (0%), CSet: 156M (98%)
[96.796s][info][gc,ergo       ] GC(245) Pacer for Evacuation. Used CSet: 169M, Free: 188M, Non-Taxable: 19327K, Alloc Tax Rate: 2.2x
[96.796s][info][gc            ] GC(245) Pause Final Mark (process weakrefs) 3.245ms
[96.796s][info][gc,start      ] GC(245) Concurrent cleanup
[96.796s][info][gc            ] GC(245) Concurrent cleanup 286M->285M(375M) 0.043ms
[96.796s][info][gc,ergo       ] GC(245) Free: 188M, Max: 256K regular, 101M humongous, Frag: 47% external, 0% internal; Reserve: 25344K, Max: 256K
[96.796s][info][gc,start      ] GC(245) Concurrent evacuation
[96.796s][info][gc,task       ] GC(245) Using 1 of 1 workers for concurrent evacuation
[96.838s][info][gc            ] GC(245) Concurrent evacuation 41.449ms
[96.842s][info][gc,start      ] GC(245) Pause Init Update Refs
[96.842s][info][gc,ergo       ] GC(245) Pacer for Update Refs. Used: 336M, Free: 150M, Non-Taxable: 15436K, Alloc Tax Rate: 2.7x
[96.842s][info][gc            ] GC(245) Pause Init Update Refs 0.076ms
[96.842s][info][gc,start      ] GC(245) Concurrent update references
[96.842s][info][gc,task       ] GC(245) Using 1 of 1 workers for concurrent reference update
[96.994s][info][gc            ] GC(245) Concurrent update references 151.840ms
[96.998s][info][gc,start      ] GC(245) Pause Final Update Refs
[96.998s][info][gc,task       ] GC(245) Using 1 of 1 workers for final reference update
[96.999s][info][gc            ] GC(245) Pause Final Update Refs 1.138ms
[96.999s][info][gc,start      ] GC(245) Concurrent cleanup
[96.999s][info][gc            ] GC(245) Concurrent cleanup 437M->267M(438M) 0.145ms
[96.999s][info][gc,ergo       ] Free: 205M, Max: 256K regular, 76800K humongous, Frag: 64% external, 0% internal; Reserve: 25600K, Max: 256K
[96.999s][info][gc,stats      ] 
[96.999s][info][gc,stats      ] All times are wall-clock times, except per-root-class counters, that are sum over
[96.999s][info][gc,stats      ] all workers. Dividing the <total> over the root stage time estimates parallelism.
[96.999s][info][gc,stats      ] 
[96.999s][info][gc,stats      ] Concurrent Reset                    274 us
[96.999s][info][gc,stats      ] Pause Init Mark (G)                3017 us
[96.999s][info][gc,stats      ] Pause Init Mark (N)                1646 us
[96.999s][info][gc,stats      ]   Accumulate Stats                   22 us
[96.999s][info][gc,stats      ]   Make Parsable                      17 us
[96.999s][info][gc,stats      ]   Update Region States               26 us
[96.999s][info][gc,stats      ]   Scan Roots                       1523 us, parallelism: 0.78x
[96.999s][info][gc,stats      ]     S: <total>                     1191 us
[96.999s][info][gc,stats      ]     S: Thread Roots                 631 us, workers (us): 631, 
[96.999s][info][gc,stats      ]     S: Universe Roots                 2 us, workers (us):   2, 
[96.999s][info][gc,stats      ]     S: JNI Handles Roots              2 us, workers (us):   2, 
[96.999s][info][gc,stats      ]     S: Synchronizer Roots             0 us, workers (us):   0, 
[96.999s][info][gc,stats      ]     S: Management Roots               2 us, workers (us):   2, 
[96.999s][info][gc,stats      ]     S: System Dict Roots             12 us, workers (us):  12, 
[96.999s][info][gc,stats      ]     S: CLDG Roots                   542 us, workers (us): 542, 
[96.999s][info][gc,stats      ]     S: JVMTI Roots                    1 us, workers (us):   1, 
[96.999s][info][gc,stats      ]   Resize TLABs                       17 us
[96.999s][info][gc,stats      ] Concurrent Marking                88830 us
[96.999s][info][gc,stats      ] Concurrent Precleaning              553 us
[96.999s][info][gc,stats      ] Pause Final Mark (G)               3481 us
[96.999s][info][gc,stats      ] Pause Final Mark (N)               3230 us
[97.000s][info][gc,stats      ]   Finish Queues                      19 us
[97.000s][info][gc,stats      ]   Weak References                    20 us
[97.000s][info][gc,stats      ]     Process                          18 us
[97.000s][info][gc,stats      ]   System Purge                      281 us
[97.000s][info][gc,stats      ]     Weak Roots                      281 us
[97.000s][info][gc,stats      ]   Update Region States               28 us
[97.000s][info][gc,stats      ]   Retire TLABs                       20 us
[97.000s][info][gc,stats      ]   Choose Collection Set             109 us
[97.000s][info][gc,stats      ]   Rebuild Free Set                    6 us
[97.000s][info][gc,stats      ]   Initial Evacuation               2740 us, parallelism: 0.71x
[97.000s][info][gc,stats      ]     E: <total>                     1952 us
[97.000s][info][gc,stats      ]     E: Thread Roots                 663 us, workers (us): 663, 
[97.000s][info][gc,stats      ]     E: Code Cache Roots             547 us, workers (us): 547, 
[97.000s][info][gc,stats      ]     E: Universe Roots                 1 us, workers (us):   1, 
[97.000s][info][gc,stats      ]     E: JNI Handles Roots             31 us, workers (us):  31, 
[97.000s][info][gc,stats      ]     E: Synchronizer Roots             0 us, workers (us):   0, 
[97.000s][info][gc,stats      ]     E: Management Roots               1 us, workers (us):   1, 
[97.000s][info][gc,stats      ]     E: System Dict Roots             10 us, workers (us):  10, 
[97.000s][info][gc,stats      ]     E: CLDG Roots                   699 us, workers (us): 699, 
[97.000s][info][gc,stats      ]     E: JVMTI Roots                    0 us, workers (us):   0, 
[97.000s][info][gc,stats      ] Concurrent Cleanup                   35 us
[97.000s][info][gc,stats      ] Concurrent Evacuation             41430 us
[97.000s][info][gc,stats      ] Pause Init  Update Refs (G)        4409 us
[97.000s][info][gc,stats      ] Pause Init  Update Refs (N)          29 us
[97.000s][info][gc,stats      ]   Retire GCLABs                      14 us
[97.000s][info][gc,stats      ] Concurrent Update Refs           151819 us
[97.000s][info][gc,stats      ] Pause Final Update Refs (G)        4796 us
[97.000s][info][gc,stats      ] Pause Final Update Refs (N)        1095 us
[97.000s][info][gc,stats      ]   Update Roots                      988 us, parallelism: 0.98x
[97.000s][info][gc,stats      ]     UR: <total>                     970 us
[97.000s][info][gc,stats      ]     UR: Thread Roots                970 us, workers (us): 970, 
[97.000s][info][gc,stats      ]   Update Region States               50 us
[97.000s][info][gc,stats      ]   Trash Collection Set                7 us
[97.000s][info][gc,stats      ]   Rebuild Free Set                   17 us
[97.000s][info][gc,stats      ] Concurrent Cleanup                  131 us
[97.000s][info][gc,stats      ] Pacing                            39293 us
[97.000s][info][gc,stats      ] 
[97.000s][info][gc,stats      ] Allocation pacing accrued:
[97.000s][info][gc,stats      ]      39 of   301 ms ( 13.0%): Executor task launch worker for task 0.0 in stage 27.0 (TID 27)
[97.000s][info][gc,stats      ]      39 of   301 ms ( 13.0%): <total>
[97.000s][info][gc,stats      ]       0 of   301 ms (  0.1%): <average total>
[97.000s][info][gc,stats      ]      39 of   301 ms ( 13.0%): <average non-zero>
[97.000s][info][gc,stats      ] 
[97.000s][info][gc,metaspace  ] Metaspace: 60900K->60900K(1103872K)
[97.000s][info][gc,ergo       ] Pacer for Idle. Initial: 10240K, Alloc Tax Rate: 1.0x
[97.023s][info][gc            ] Trigger: Average GC time (202.26 ms) is above the time for allocation rate (738 MB/s) to deplete free headroom (146M)
[97.024s][info][gc,ergo       ] Free headroom: 171M (free) - 25600K (spike) - 0B (penalties) = 146M
[97.024s][info][gc,ergo       ] Free: 171M, Max: 256K regular, 76800K humongous, Frag: 57% external, 0% internal; Reserve: 25600K, Max: 256K
[97.024s][info][gc,start      ] GC(246) Concurrent reset
[97.024s][info][gc,task       ] GC(246) Using 1 of 1 workers for concurrent reset
[97.024s][info][gc,ergo       ] GC(246) Pacer for Reset. Non-Taxable: 500M
[97.024s][info][gc            ] GC(246) Concurrent reset 0.326ms
[97.026s][info][gc,start      ] GC(246) Pause Init Mark
[97.026s][info][gc,task       ] GC(246) Using 1 of 1 workers for init marking
[97.028s][info][gc,ergo       ] GC(246) Pacer for Mark. Expected Live: 40562K, Free: 171M, Non-Taxable: 17587K, Alloc Tax Rate: 0.3x
[97.028s][info][gc            ] GC(246) Pause Init Mark 1.684ms
[97.028s][info][gc,start      ] GC(246) Concurrent marking
[97.028s][info][gc,task       ] GC(246) Using 1 of 1 workers for concurrent marking
[97.118s][info][gc            ] GC(246) Concurrent marking 90.452ms
[97.119s][info][gc,start      ] GC(246) Pause Final Mark
[97.119s][info][gc,task       ] GC(246) Using 1 of 1 workers for final marking
[97.119s][info][gc,ergo       ] GC(246) Adaptive CSet Selection. Target Free: 72533K, Actual Free: 148M, Max CSet: 21333K, Min Garbage: 0B
[97.119s][info][gc,ergo       ] GC(246) Collectable Garbage: 218M (99%), Immediate: 2048K (0%), CSet: 216M (98%)
[97.121s][info][gc,ergo       ] GC(246) Pacer for Evacuation. Used CSet: 234M, Free: 124M, Non-Taxable: 12697K, Alloc Tax Rate: 4.6x
[97.121s][info][gc            ] GC(246) Pause Final Mark 2.434ms
[97.121s][info][gc,start      ] GC(246) Concurrent cleanup
[97.121s][info][gc            ] GC(246) Concurrent cleanup 351M->349M(438M) 0.043ms
[97.121s][info][gc,ergo       ] GC(246) Free: 124M, Max: 256K regular, 76800K humongous, Frag: 40% external, 1% internal; Reserve: 25600K, Max: 256K
[97.121s][info][gc,start      ] GC(246) Concurrent evacuation
[97.121s][info][gc,task       ] GC(246) Using 1 of 1 workers for concurrent evacuation
[97.207s][info][gc            ] GC(246) Concurrent evacuation 86.029ms
[97.210s][info][gc,start      ] GC(246) Pause Init Update Refs
[97.210s][info][gc,ergo       ] GC(246) Pacer for Update Refs. Used: 410M, Free: 82688K, Non-Taxable: 8268K, Alloc Tax Rate: 6.2x
[97.210s][info][gc            ] GC(246) Pause Init Update Refs 0.049ms
[97.210s][info][gc,start      ] GC(246) Concurrent update references
[97.210s][info][gc,task       ] GC(246) Using 1 of 1 workers for concurrent reference update
[97.354s][info][gc            ] GC(246) Concurrent update references 143.930ms
[97.354s][info][gc,start      ] GC(246) Pause Final Update Refs
[97.354s][info][gc,task       ] GC(246) Using 1 of 1 workers for final reference update
[97.355s][info][gc            ] GC(246) Pause Final Update Refs 0.580ms
[97.355s][info][gc,start      ] GC(246) Concurrent cleanup
[97.355s][info][gc            ] GC(246) Concurrent cleanup 477M->243M(479M) 0.076ms
[97.355s][info][gc,ergo       ] Free: 230M, Max: 256K regular, 80128K humongous, Frag: 67% external, 0% internal; Reserve: 25600K, Max: 256K
[97.355s][info][gc,stats      ] 
[97.355s][info][gc,stats      ] All times are wall-clock times, except per-root-class counters, that are sum over
[97.355s][info][gc,stats      ] all workers. Dividing the <total> over the root stage time estimates parallelism.
[97.355s][info][gc,stats      ] 
[97.355s][info][gc,stats      ] Concurrent Reset                    317 us
[97.355s][info][gc,stats      ] Pause Init Mark (G)                4012 us
[97.355s][info][gc,stats      ] Pause Init Mark (N)                1658 us
[97.355s][info][gc,stats      ]   Accumulate Stats                   21 us
[97.355s][info][gc,stats      ]   Make Parsable                      18 us
[97.355s][info][gc,stats      ]   Update Region States               23 us
[97.355s][info][gc,stats      ]   Scan Roots                       1539 us, parallelism: 0.79x
[97.355s][info][gc,stats      ]     S: <total>                     1214 us
[97.355s][info][gc,stats      ]     S: Thread Roots                 638 us, workers (us): 638, 
[97.355s][info][gc,stats      ]     S: Universe Roots                 2 us, workers (us):   2, 
[97.355s][info][gc,stats      ]     S: JNI Handles Roots             13 us, workers (us):  13, 
[97.355s][info][gc,stats      ]     S: Synchronizer Roots             0 us, workers (us):   0, 
[97.355s][info][gc,stats      ]     S: Management Roots               2 us, workers (us):   2, 
[97.355s][info][gc,stats      ]     S: System Dict Roots             11 us, workers (us):  11, 
[97.355s][info][gc,stats      ]     S: CLDG Roots                   547 us, workers (us): 547, 
[97.355s][info][gc,stats      ]     S: JVMTI Roots                    1 us, workers (us):   1, 
[97.355s][info][gc,stats      ]   Resize TLABs                       17 us
[97.355s][info][gc,stats      ] Concurrent Marking                90443 us
[97.355s][info][gc,stats      ] Pause Final Mark (G)               2604 us
[97.355s][info][gc,stats      ] Pause Final Mark (N)               2413 us
[97.355s][info][gc,stats      ]   Finish Queues                      13 us
[97.355s][info][gc,stats      ]   System Purge                      253 us
[97.355s][info][gc,stats      ]     Weak Roots                      253 us
[97.355s][info][gc,stats      ]   Update Region States               26 us
[97.355s][info][gc,stats      ]   Retire TLABs                       14 us
[97.355s][info][gc,stats      ]   Choose Collection Set             134 us
[97.355s][info][gc,stats      ]   Rebuild Free Set                    6 us
[97.355s][info][gc,stats      ]   Initial Evacuation               1959 us, parallelism: 0.68x
[97.355s][info][gc,stats      ]     E: <total>                     1341 us
[97.355s][info][gc,stats      ]     E: Thread Roots                 579 us, workers (us): 579, 
[97.355s][info][gc,stats      ]     E: Code Cache Roots             269 us, workers (us): 269, 
[97.355s][info][gc,stats      ]     E: Universe Roots                 1 us, workers (us):   1, 
[97.355s][info][gc,stats      ]     E: JNI Handles Roots              1 us, workers (us):   1, 
[97.355s][info][gc,stats      ]     E: Synchronizer Roots             0 us, workers (us):   0, 
[97.355s][info][gc,stats      ]     E: Management Roots               1 us, workers (us):   1, 
[97.355s][info][gc,stats      ]     E: System Dict Roots             10 us, workers (us):  10, 
[97.355s][info][gc,stats      ]     E: CLDG Roots                   479 us, workers (us): 479, 
[97.355s][info][gc,stats      ]     E: JVMTI Roots                    0 us, workers (us):   0, 
[97.355s][info][gc,stats      ] Concurrent Cleanup                   35 us
[97.355s][info][gc,stats      ] Concurrent Evacuation             86017 us
[97.355s][info][gc,stats      ] Pause Init  Update Refs (G)        2350 us
[97.355s][info][gc,stats      ] Pause Init  Update Refs (N)          20 us
[97.355s][info][gc,stats      ]   Retire GCLABs                      10 us
[97.355s][info][gc,stats      ] Concurrent Update Refs           143917 us
[97.355s][info][gc,stats      ] Pause Final Update Refs (G)         958 us
[97.355s][info][gc,stats      ] Pause Final Update Refs (N)         561 us
[97.355s][info][gc,stats      ]   Update Roots                      512 us, parallelism: 0.98x
[97.355s][info][gc,stats      ]     UR: <total>                     501 us
[97.355s][info][gc,stats      ]     UR: Thread Roots                501 us, workers (us): 501, 
[97.355s][info][gc,stats      ]   Update Region States               30 us
[97.355s][info][gc,stats      ]   Trash Collection Set                4 us
[97.355s][info][gc,stats      ]   Rebuild Free Set                    7 us
[97.355s][info][gc,stats      ] Concurrent Cleanup                   68 us
[97.355s][info][gc,stats      ] Pacing                           117797 us
[97.355s][info][gc,stats      ] 
[97.355s][info][gc,stats      ] Allocation pacing accrued:
[97.355s][info][gc,stats      ]      13 of   355 ms (  3.6%): Spark Context Cleaner
[97.355s][info][gc,stats      ]     105 of   355 ms ( 29.6%): Executor task launch worker for task 0.0 in stage 27.0 (TID 27)
[97.355s][info][gc,stats      ]     118 of   355 ms ( 33.2%): <total>
[97.355s][info][gc,stats      ]       1 of   355 ms (  0.2%): <average total>
[97.355s][info][gc,stats      ]      59 of   355 ms ( 16.6%): <average non-zero>
[97.355s][info][gc,stats      ] 
[97.355s][info][gc,metaspace  ] Metaspace: 60900K->60900K(1103872K)
[97.355s][info][gc,ergo       ] Pacer for Idle. Initial: 10240K, Alloc Tax Rate: 1.0x
[97.386s][info][gc            ] Trigger: Average GC time (257.17 ms) is above the time for allocation rate (593 MB/s) to deplete free headroom (150M)
[97.386s][info][gc,ergo       ] Free headroom: 175M (free) - 25600K (spike) - 0B (penalties) = 150M
[97.386s][info][gc,ergo       ] Free: 175M, Max: 256K regular, 80128K humongous, Frag: 56% external, 0% internal; Reserve: 25600K, Max: 256K
[97.386s][info][gc,start      ] GC(247) Concurrent reset
[97.386s][info][gc,task       ] GC(247) Using 1 of 1 workers for concurrent reset
[97.386s][info][gc,ergo       ] GC(247) Pacer for Reset. Non-Taxable: 500M
[97.387s][info][gc            ] GC(247) Concurrent reset 0.478ms
[97.389s][info][gc,start      ] GC(247) Pause Init Mark
[97.389s][info][gc,task       ] GC(247) Using 1 of 1 workers for init marking
[97.391s][info][gc,ergo       ] GC(247) Pacer for Mark. Expected Live: 52409K, Free: 175M, Non-Taxable: 17996K, Alloc Tax Rate: 0.4x
[97.392s][info][gc            ] GC(247) Pause Init Mark 2.654ms
[97.392s][info][gc,start      ] GC(247) Concurrent marking
[97.392s][info][gc,task       ] GC(247) Using 1 of 1 workers for concurrent marking
[97.490s][info][gc            ] GC(247) Concurrent marking 98.725ms
[97.490s][info][gc,start      ] GC(247) Pause Final Mark
[97.491s][info][gc,task       ] GC(247) Using 1 of 1 workers for final marking
[97.491s][info][gc,ergo       ] GC(247) Adaptive CSet Selection. Target Free: 72533K, Actual Free: 156M, Max CSet: 21333K, Min Garbage: 0B
[97.491s][info][gc,ergo       ] GC(247) Collectable Garbage: 198M (99%), Immediate: 0B (0%), CSet: 198M (99%)
[97.493s][info][gc,ergo       ] GC(247) Pacer for Evacuation. Used CSet: 215M, Free: 131M, Non-Taxable: 13491K, Alloc Tax Rate: 4.0x
[97.493s][info][gc            ] GC(247) Pause Final Mark 2.573ms
[97.493s][info][gc,start      ] GC(247) Concurrent cleanup
[97.493s][info][gc            ] GC(247) Concurrent cleanup 342M->342M(479M) 0.041ms
[97.493s][info][gc,ergo       ] GC(247) Free: 131M, Max: 256K regular, 80128K humongous, Frag: 41% external, 1% internal; Reserve: 25597K, Max: 256K
[97.493s][info][gc,start      ] GC(247) Concurrent evacuation
[97.493s][info][gc,task       ] GC(247) Using 1 of 1 workers for concurrent evacuation
[97.537s][info][gc            ] GC(247) Concurrent evacuation 43.362ms
[97.539s][info][gc,start      ] GC(247) Pause Init Update Refs
[97.539s][info][gc,ergo       ] GC(247) Pacer for Update Refs. Used: 400M, Free: 92416K, Non-Taxable: 9241K, Alloc Tax Rate: 5.4x
[97.539s][info][gc            ] GC(247) Pause Init Update Refs 0.038ms
[97.539s][info][gc,start      ] GC(247) Concurrent update references
[97.539s][info][gc,task       ] GC(247) Using 1 of 1 workers for concurrent reference update
[97.678s][info][gc            ] GC(247) Concurrent update references 138.679ms
[97.678s][info][gc,start      ] GC(247) Pause Final Update Refs
[97.678s][info][gc,task       ] GC(247) Using 1 of 1 workers for final reference update
[97.679s][info][gc            ] GC(247) Pause Final Update Refs 0.744ms
[97.679s][info][gc,start      ] GC(247) Concurrent cleanup
[97.679s][info][gc            ] GC(247) Concurrent cleanup 472M->257M(495M) 0.083ms
[97.679s][info][gc,ergo       ] Free: 216M, Max: 256K regular, 76800K humongous, Frag: 66% external, 1% internal; Reserve: 25600K, Max: 256K
[97.679s][info][gc,stats      ] 
[97.679s][info][gc,stats      ] All times are wall-clock times, except per-root-class counters, that are sum over
[97.679s][info][gc,stats      ] all workers. Dividing the <total> over the root stage time estimates parallelism.
[97.679s][info][gc,stats      ] 
[97.679s][info][gc,stats      ] Concurrent Reset                    468 us
[97.679s][info][gc,stats      ] Pause Init Mark (G)                5013 us
[97.679s][info][gc,stats      ] Pause Init Mark (N)                2521 us
[97.679s][info][gc,stats      ]   Accumulate Stats                   41 us
[97.679s][info][gc,stats      ]   Make Parsable                      20 us
[97.679s][info][gc,stats      ]   Update Region States               56 us
[97.679s][info][gc,stats      ]   Scan Roots                       2311 us, parallelism: 0.86x
[97.679s][info][gc,stats      ]     S: <total>                     1993 us
[97.679s][info][gc,stats      ]     S: Thread Roots                1040 us, workers (us): 1040, 
[97.679s][info][gc,stats      ]     S: Universe Roots                 3 us, workers (us):   3, 
[97.679s][info][gc,stats      ]     S: JNI Handles Roots              3 us, workers (us):   3, 
[97.679s][info][gc,stats      ]     S: Synchronizer Roots             0 us, workers (us):   0, 
[97.679s][info][gc,stats      ]     S: Management Roots               2 us, workers (us):   2, 
[97.679s][info][gc,stats      ]     S: System Dict Roots             17 us, workers (us):  17, 
[97.679s][info][gc,stats      ]     S: CLDG Roots                   928 us, workers (us): 928, 
[97.679s][info][gc,stats      ]     S: JVMTI Roots                    1 us, workers (us):   1, 
[97.679s][info][gc,stats      ]   Resize TLABs                       25 us
[97.679s][info][gc,stats      ] Concurrent Marking                98710 us
[97.679s][info][gc,stats      ] Pause Final Mark (G)               2745 us
[97.679s][info][gc,stats      ] Pause Final Mark (N)               2563 us
[97.679s][info][gc,stats      ]   Finish Queues                      77 us
[97.679s][info][gc,stats      ]   System Purge                      280 us
[97.679s][info][gc,stats      ]     Weak Roots                      280 us
[97.679s][info][gc,stats      ]   Update Region States               25 us
[97.679s][info][gc,stats      ]   Retire TLABs                       21 us
[97.679s][info][gc,stats      ]   Choose Collection Set             143 us
[97.679s][info][gc,stats      ]   Rebuild Free Set                    6 us
[97.679s][info][gc,stats      ]   Initial Evacuation               2002 us, parallelism: 0.69x
[97.679s][info][gc,stats      ]     E: <total>                     1378 us
[97.679s][info][gc,stats      ]     E: Thread Roots                 673 us, workers (us): 673, 
[97.679s][info][gc,stats      ]     E: Code Cache Roots             227 us, workers (us): 227, 
[97.679s][info][gc,stats      ]     E: Universe Roots                 1 us, workers (us):   1, 
[97.679s][info][gc,stats      ]     E: JNI Handles Roots              1 us, workers (us):   1, 
[97.679s][info][gc,stats      ]     E: Synchronizer Roots             0 us, workers (us):   0, 
[97.679s][info][gc,stats      ]     E: Management Roots               1 us, workers (us):   1, 
[97.679s][info][gc,stats      ]     E: System Dict Roots             10 us, workers (us):  10, 
[97.679s][info][gc,stats      ]     E: CLDG Roots                   464 us, workers (us): 464, 
[97.679s][info][gc,stats      ]     E: JVMTI Roots                    0 us, workers (us):   0, 
[97.679s][info][gc,stats      ] Concurrent Cleanup                   33 us
[97.679s][info][gc,stats      ] Concurrent Evacuation             43349 us
[97.679s][info][gc,stats      ] Pause Init  Update Refs (G)        2353 us
[97.679s][info][gc,stats      ] Pause Init  Update Refs (N)          19 us
[97.679s][info][gc,stats      ]   Retire GCLABs                      11 us
[97.679s][info][gc,stats      ] Concurrent Update Refs           138665 us
[97.679s][info][gc,stats      ] Pause Final Update Refs (G)        1144 us
[97.679s][info][gc,stats      ] Pause Final Update Refs (N)         725 us
[97.679s][info][gc,stats      ]   Update Roots                      668 us, parallelism: 0.98x
[97.679s][info][gc,stats      ]     UR: <total>                     652 us
[97.679s][info][gc,stats      ]     UR: Thread Roots                652 us, workers (us): 652, 
[97.679s][info][gc,stats      ]   Update Region States               32 us
[97.679s][info][gc,stats      ]   Trash Collection Set                6 us
[97.679s][info][gc,stats      ]   Rebuild Free Set                    9 us
[97.679s][info][gc,stats      ] Concurrent Cleanup                   73 us
[97.679s][info][gc,stats      ] Pacing                           117685 us
[97.679s][info][gc,stats      ] 
[97.679s][info][gc,stats      ] Allocation pacing accrued:
[97.679s][info][gc,stats      ]     118 of   324 ms ( 36.3%): Executor task launch worker for task 0.0 in stage 27.0 (TID 27)
[97.679s][info][gc,stats      ]     118 of   324 ms ( 36.3%): <total>
[97.679s][info][gc,stats      ]       1 of   324 ms (  0.2%): <average total>
[97.679s][info][gc,stats      ]     118 of   324 ms ( 36.3%): <average non-zero>
[97.679s][info][gc,stats      ] 
[97.679s][info][gc,metaspace  ] Metaspace: 60902K->60902K(1103872K)
[97.679s][info][gc,ergo       ] Pacer for Idle. Initial: 10240K, Alloc Tax Rate: 1.0x
[97.706s][info][gc            ] Trigger: Average GC time (285.17 ms) is above the time for allocation rate (586 MB/s) to deplete free headroom (162M)
[97.706s][info][gc,ergo       ] Free headroom: 187M (free) - 25600K (spike) - 0B (penalties) = 162M
[97.706s][info][gc,ergo       ] Free: 187M, Max: 256K regular, 76800K humongous, Frag: 60% external, 1% internal; Reserve: 25600K, Max: 256K
[97.706s][info][gc,start      ] GC(248) Concurrent reset
[97.706s][info][gc,task       ] GC(248) Using 1 of 1 workers for concurrent reset
[97.706s][info][gc,ergo       ] GC(248) Pacer for Reset. Non-Taxable: 500M
[97.707s][info][gc            ] GC(248) Concurrent reset 0.582ms
[97.709s][info][gc,start      ] GC(248) Pause Init Mark
[97.709s][info][gc,task       ] GC(248) Using 1 of 1 workers for init marking
[97.711s][info][gc,ergo       ] GC(248) Pacer for Mark. Expected Live: 66413K, Free: 187M, Non-Taxable: 19148K, Alloc Tax Rate: 0.4x
[97.711s][info][gc            ] GC(248) Pause Init Mark 2.268ms
[97.711s][info][gc,start      ] GC(248) Concurrent marking
[97.711s][info][gc,task       ] GC(248) Using 1 of 1 workers for concurrent marking
[97.827s][info][gc            ] GC(248) Concurrent marking 115.658ms
[97.827s][info][gc,start      ] GC(248) Pause Final Mark
[97.827s][info][gc,task       ] GC(248) Using 1 of 1 workers for final marking
[97.828s][info][gc,ergo       ] GC(248) Adaptive CSet Selection. Target Free: 72533K, Actual Free: 170M, Max CSet: 21333K, Min Garbage: 0B
[97.828s][info][gc,ergo       ] GC(248) Collectable Garbage: 173M (98%), Immediate: 0B (0%), CSet: 173M (98%)
[97.830s][info][gc,ergo       ] GC(248) Pacer for Evacuation. Used CSet: 187M, Free: 145M, Non-Taxable: 14924K, Alloc Tax Rate: 3.1x
[97.830s][info][gc            ] GC(248) Pause Final Mark 2.463ms
[97.830s][info][gc,start      ] GC(248) Concurrent cleanup
[97.830s][info][gc            ] GC(248) Concurrent cleanup 328M->328M(495M) 0.041ms
[97.830s][info][gc,ergo       ] GC(248) Free: 145M, Max: 256K regular, 76800K humongous, Frag: 49% external, 1% internal; Reserve: 25600K, Max: 256K
[97.830s][info][gc,start      ] GC(248) Concurrent evacuation
[97.830s][info][gc,task       ] GC(248) Using 1 of 1 workers for concurrent evacuation
[97.868s][info][gc            ] GC(248) Concurrent evacuation 37.680ms
[97.870s][info][gc,start      ] GC(248) Pause Init Update Refs
[97.870s][info][gc,ergo       ] GC(248) Pacer for Update Refs. Used: 379M, Free: 108M, Non-Taxable: 11110K, Alloc Tax Rate: 4.3x
[97.870s][info][gc            ] GC(248) Pause Init Update Refs 0.039ms
[97.870s][info][gc,start      ] GC(248) Concurrent update references
[97.870s][info][gc,task       ] GC(248) Using 1 of 1 workers for concurrent reference update
[98.115s][info][gc            ] GC(248) Concurrent update references 245.344ms
[98.116s][info][gc,start      ] GC(248) Pause Final Update Refs
[98.116s][info][gc,task       ] GC(248) Using 1 of 1 workers for final reference update
[98.116s][info][gc            ] GC(248) Pause Final Update Refs 0.604ms
[98.116s][info][gc,start      ] GC(248) Concurrent cleanup
[98.117s][info][gc            ] GC(248) Concurrent cleanup 467M->279M(500M) 0.069ms
[98.117s][info][gc,ergo       ] Free: 193M, Max: 256K regular, 80128K humongous, Frag: 60% external, 5% internal; Reserve: 25600K, Max: 256K
[98.117s][info][gc,stats      ] 
[98.117s][info][gc,stats      ] All times are wall-clock times, except per-root-class counters, that are sum over
[98.117s][info][gc,stats      ] all workers. Dividing the <total> over the root stage time estimates parallelism.
[98.117s][info][gc,stats      ] 
[98.117s][info][gc,stats      ] Concurrent Reset                    569 us
[98.117s][info][gc,stats      ] Pause Init Mark (G)                4621 us
[98.117s][info][gc,stats      ] Pause Init Mark (N)                2236 us
[98.117s][info][gc,stats      ]   Accumulate Stats                   21 us
[98.117s][info][gc,stats      ]   Make Parsable                      15 us
[98.117s][info][gc,stats      ]   Update Region States               30 us
[98.117s][info][gc,stats      ]   Scan Roots                       2054 us, parallelism: 0.68x
[98.117s][info][gc,stats      ]     S: <total>                     1400 us
[98.117s][info][gc,stats      ]     S: Thread Roots                 656 us, workers (us): 656, 
[98.117s][info][gc,stats      ]     S: Universe Roots                 2 us, workers (us):   2, 
[98.117s][info][gc,stats      ]     S: JNI Handles Roots              2 us, workers (us):   2, 
[98.117s][info][gc,stats      ]     S: Synchronizer Roots             0 us, workers (us):   0, 
[98.117s][info][gc,stats      ]     S: Management Roots               2 us, workers (us):   2, 
[98.117s][info][gc,stats      ]     S: System Dict Roots             11 us, workers (us):  11, 
[98.117s][info][gc,stats      ]     S: CLDG Roots                   724 us, workers (us): 724, 
[98.117s][info][gc,stats      ]     S: JVMTI Roots                    1 us, workers (us):   1, 
[98.117s][info][gc,stats      ]   Resize TLABs                       21 us
[98.117s][info][gc,stats      ] Concurrent Marking               115649 us
[98.117s][info][gc,stats      ] Pause Final Mark (G)               2633 us
[98.117s][info][gc,stats      ] Pause Final Mark (N)               2452 us
[98.117s][info][gc,stats      ]   Finish Queues                      13 us
[98.117s][info][gc,stats      ]   System Purge                      253 us
[98.117s][info][gc,stats      ]     Weak Roots                      253 us
[98.117s][info][gc,stats      ]   Update Region States               27 us
[98.117s][info][gc,stats      ]   Retire TLABs                       38 us
[98.117s][info][gc,stats      ]   Choose Collection Set             131 us
[98.117s][info][gc,stats      ]   Rebuild Free Set                    6 us
[98.117s][info][gc,stats      ]   Initial Evacuation               1978 us, parallelism: 0.68x
[98.117s][info][gc,stats      ]     E: <total>                     1344 us
[98.117s][info][gc,stats      ]     E: Thread Roots                 610 us, workers (us): 610, 
[98.117s][info][gc,stats      ]     E: Code Cache Roots             230 us, workers (us): 230, 
[98.117s][info][gc,stats      ]     E: Universe Roots                 1 us, workers (us):   1, 
[98.117s][info][gc,stats      ]     E: JNI Handles Roots              1 us, workers (us):   1, 
[98.117s][info][gc,stats      ]     E: Synchronizer Roots             0 us, workers (us):   0, 
[98.117s][info][gc,stats      ]     E: Management Roots               1 us, workers (us):   1, 
[98.117s][info][gc,stats      ]     E: System Dict Roots             10 us, workers (us):  10, 
[98.117s][info][gc,stats      ]     E: CLDG Roots                   489 us, workers (us): 489, 
[98.117s][info][gc,stats      ]     E: JVMTI Roots                    0 us, workers (us):   0, 
[98.117s][info][gc,stats      ] Concurrent Cleanup                   34 us
[98.117s][info][gc,stats      ] Concurrent Evacuation             37668 us
[98.117s][info][gc,stats      ] Pause Init  Update Refs (G)        2417 us
[98.117s][info][gc,stats      ] Pause Init  Update Refs (N)          20 us
[98.117s][info][gc,stats      ]   Retire GCLABs                      12 us
[98.117s][info][gc,stats      ] Concurrent Update Refs           245329 us
[98.117s][info][gc,stats      ] Pause Final Update Refs (G)         933 us
[98.117s][info][gc,stats      ] Pause Final Update Refs (N)         570 us
[98.117s][info][gc,stats      ]   Update Roots                      518 us, parallelism: 0.98x
[98.117s][info][gc,stats      ]     UR: <total>                     510 us
[98.117s][info][gc,stats      ]     UR: Thread Roots                510 us, workers (us): 510, 
[98.117s][info][gc,stats      ]   Update Region States               27 us
[98.117s][info][gc,stats      ]   Trash Collection Set                4 us
[98.117s][info][gc,stats      ]   Rebuild Free Set                    7 us
[98.117s][info][gc,stats      ] Concurrent Cleanup                   61 us
[98.117s][info][gc,stats      ] Pacing                           102515 us
[98.117s][info][gc,stats      ] 
[98.117s][info][gc,stats      ] Allocation pacing accrued:
[98.117s][info][gc,stats      ]      13 of   437 ms (  2.9%): Spark Context Cleaner
[98.117s][info][gc,stats      ]      90 of   437 ms ( 20.5%): Executor task launch worker for task 0.0 in stage 28.0 (TID 28)
[98.117s][info][gc,stats      ]     103 of   437 ms ( 23.4%): <total>
[98.117s][info][gc,stats      ]       1 of   437 ms (  0.1%): <average total>
[98.117s][info][gc,stats      ]      51 of   437 ms ( 11.7%): <average non-zero>
[98.117s][info][gc,stats      ] 
[98.117s][info][gc,metaspace  ] Metaspace: 60902K->61059K(1103872K)
[98.117s][info][gc,ergo       ] Pacer for Idle. Initial: 10240K, Alloc Tax Rate: 1.0x
[98.136s][info][gc            ] Trigger: Average GC time (323.60 ms) is above the time for allocation rate (446 MB/s) to deplete free headroom (144M)
[98.137s][info][gc,ergo       ] Free headroom: 169M (free) - 25600K (spike) - 0B (penalties) = 144M
[98.137s][info][gc,ergo       ] Free: 169M, Max: 256K regular, 80128K humongous, Frag: 54% external, 5% internal; Reserve: 25600K, Max: 256K
[98.137s][info][gc,start      ] GC(249) Concurrent reset
[98.137s][info][gc,task       ] GC(249) Using 1 of 1 workers for concurrent reset
[98.137s][info][gc,ergo       ] GC(249) Pacer for Reset. Non-Taxable: 500M
[98.137s][info][gc            ] GC(249) Concurrent reset 0.433ms
[98.139s][info][gc,start      ] GC(249) Pause Init Mark
[98.139s][info][gc,task       ] GC(249) Using 1 of 1 workers for init marking
[98.141s][info][gc,ergo       ] GC(249) Pacer for Mark. Expected Live: 81845K, Free: 169M, Non-Taxable: 17336K, Alloc Tax Rate: 0.6x
[98.141s][info][gc            ] GC(249) Pause Init Mark 1.600ms
[98.141s][info][gc,start      ] GC(249) Concurrent marking
[98.141s][info][gc,task       ] GC(249) Using 1 of 1 workers for concurrent marking
[98.179s][info][gc            ] GC(249) Concurrent marking 38.092ms
[98.179s][info][gc,start      ] GC(249) Pause Final Mark
[98.179s][info][gc,task       ] GC(249) Using 1 of 1 workers for final marking
[98.180s][info][gc,ergo       ] GC(249) Adaptive CSet Selection. Target Free: 72533K, Actual Free: 369M, Max CSet: 21333K, Min Garbage: 0B
[98.180s][info][gc,ergo       ] GC(249) Collectable Garbage: 272M (99%), Immediate: 202M (73%), CSet: 71863K (25%)
[98.182s][info][gc,ergo       ] GC(249) Pacer for Evacuation. Used CSet: 76952K, Free: 346M, Non-Taxable: 35507K, Alloc Tax Rate: 1.1x
[98.182s][info][gc            ] GC(249) Pause Final Mark 3.024ms
[98.186s][info][gc,start      ] GC(249) Concurrent cleanup
[98.186s][info][gc            ] GC(249) Concurrent cleanup 328M->130M(500M) 0.118ms
[98.186s][info][gc,ergo       ] GC(249) Free: 343M, Max: 256K regular, 192M humongous, Frag: 45% external, 0% internal; Reserve: 24320K, Max: 256K
[98.186s][info][gc,start      ] GC(249) Concurrent evacuation
[98.187s][info][gc,task       ] GC(249) Using 1 of 1 workers for concurrent evacuation
[98.195s][info][gc            ] GC(249) Concurrent evacuation 8.383ms
[98.199s][info][gc,start      ] GC(249) Pause Init Update Refs
[98.199s][info][gc,ergo       ] GC(249) Pacer for Update Refs. Used: 137M, Free: 340M, Non-Taxable: 34892K, Alloc Tax Rate: 1.1x
[98.199s][info][gc            ] GC(249) Pause Init Update Refs 0.043ms
[98.199s][info][gc,start      ] GC(249) Concurrent update references
[98.199s][info][gc,task       ] GC(249) Using 1 of 1 workers for concurrent reference update
[98.269s][info][gc            ] GC(249) Concurrent update references 70.041ms
[98.269s][info][gc,start      ] GC(249) Pause Final Update Refs
[98.269s][info][gc,task       ] GC(249) Using 1 of 1 workers for final reference update
[98.270s][info][gc            ] GC(249) Pause Final Update Refs 0.618ms
[98.270s][info][gc,start      ] GC(249) Concurrent cleanup
[98.270s][info][gc            ] GC(249) Concurrent cleanup 187M->112M(500M) 0.052ms
[98.270s][info][gc,ergo       ] Free: 361M, Max: 256K regular, 337M humongous, Frag: 7% external, 0% internal; Reserve: 25600K, Max: 256K
[98.270s][info][gc,stats      ] 
[98.270s][info][gc,stats      ] All times are wall-clock times, except per-root-class counters, that are sum over
[98.270s][info][gc,stats      ] all workers. Dividing the <total> over the root stage time estimates parallelism.
[98.270s][info][gc,stats      ] 
[98.270s][info][gc,stats      ] Concurrent Reset                    422 us
[98.270s][info][gc,stats      ] Pause Init Mark (G)                3926 us
[98.270s][info][gc,stats      ] Pause Init Mark (N)                1568 us
[98.270s][info][gc,stats      ]   Accumulate Stats                   20 us
[98.270s][info][gc,stats      ]   Make Parsable                      56 us
[98.270s][info][gc,stats      ]   Update Region States               34 us
[98.270s][info][gc,stats      ]   Scan Roots                       1407 us, parallelism: 0.81x
[98.270s][info][gc,stats      ]     S: <total>                     1137 us
[98.270s][info][gc,stats      ]     S: Thread Roots                 585 us, workers (us): 585, 
[98.270s][info][gc,stats      ]     S: Universe Roots                 2 us, workers (us):   2, 
[98.270s][info][gc,stats      ]     S: JNI Handles Roots              1 us, workers (us):   1, 
[98.270s][info][gc,stats      ]     S: Synchronizer Roots             0 us, workers (us):   0, 
[98.270s][info][gc,stats      ]     S: Management Roots               1 us, workers (us):   1, 
[98.270s][info][gc,stats      ]     S: System Dict Roots             12 us, workers (us):  12, 
[98.270s][info][gc,stats      ]     S: CLDG Roots                   534 us, workers (us): 534, 
[98.270s][info][gc,stats      ]     S: JVMTI Roots                    1 us, workers (us):   1, 
[98.270s][info][gc,stats      ]   Resize TLABs                       11 us
[98.270s][info][gc,stats      ] Concurrent Marking                38083 us
[98.270s][info][gc,stats      ] Pause Final Mark (G)               7288 us
[98.270s][info][gc,stats      ] Pause Final Mark (N)               3015 us
[98.270s][info][gc,stats      ]   Finish Queues                      12 us
[98.270s][info][gc,stats      ]   System Purge                      320 us
[98.270s][info][gc,stats      ]     Weak Roots                      320 us
[98.270s][info][gc,stats      ]   Update Region States               25 us
[98.270s][info][gc,stats      ]   Retire TLABs                       26 us
[98.270s][info][gc,stats      ]   Choose Collection Set              72 us
[98.270s][info][gc,stats      ]   Rebuild Free Set                    7 us
[98.270s][info][gc,stats      ]   Initial Evacuation               2544 us, parallelism: 0.72x
[98.270s][info][gc,stats      ]     E: <total>                     1832 us
[98.270s][info][gc,stats      ]     E: Thread Roots                 601 us, workers (us): 601, 
[98.270s][info][gc,stats      ]     E: Code Cache Roots             637 us, workers (us): 637, 
[98.270s][info][gc,stats      ]     E: Universe Roots                 1 us, workers (us):   1, 
[98.270s][info][gc,stats      ]     E: JNI Handles Roots              3 us, workers (us):   3, 
[98.270s][info][gc,stats      ]     E: Synchronizer Roots             0 us, workers (us):   0, 
[98.270s][info][gc,stats      ]     E: Management Roots               1 us, workers (us):   1, 
[98.270s][info][gc,stats      ]     E: System Dict Roots              9 us, workers (us):   9, 
[98.270s][info][gc,stats      ]     E: CLDG Roots                   579 us, workers (us): 579, 
[98.270s][info][gc,stats      ]     E: JVMTI Roots                    0 us, workers (us):   0, 
[98.270s][info][gc,stats      ] Concurrent Cleanup                   68 us
[98.270s][info][gc,stats      ] Concurrent Evacuation              8372 us
[98.270s][info][gc,stats      ] Pause Init  Update Refs (G)        3641 us
[98.270s][info][gc,stats      ] Pause Init  Update Refs (N)          18 us
[98.270s][info][gc,stats      ]   Retire GCLABs                      11 us
[98.270s][info][gc,stats      ] Concurrent Update Refs            70026 us
[98.270s][info][gc,stats      ] Pause Final Update Refs (G)         947 us
[98.270s][info][gc,stats      ] Pause Final Update Refs (N)         604 us
[98.270s][info][gc,stats      ]   Update Roots                      540 us, parallelism: 0.98x
[98.270s][info][gc,stats      ]     UR: <total>                     530 us
[98.270s][info][gc,stats      ]     UR: Thread Roots                530 us, workers (us): 530, 
[98.270s][info][gc,stats      ]   Update Region States               45 us
[98.270s][info][gc,stats      ]   Trash Collection Set                3 us
[98.270s][info][gc,stats      ]   Rebuild Free Set                    7 us
[98.270s][info][gc,stats      ] Concurrent Cleanup                   45 us
[98.270s][info][gc,stats      ] Pacing                            25928 us
[98.270s][info][gc,stats      ] 
[98.270s][info][gc,stats      ] Allocation pacing accrued:
[98.270s][info][gc,stats      ]      26 of   153 ms ( 16.9%): Executor task launch worker for task 0.0 in stage 28.0 (TID 28)
[98.270s][info][gc,stats      ]      26 of   153 ms ( 16.9%): <total>
[98.270s][info][gc,stats      ]       0 of   153 ms (  0.1%): <average total>
[98.270s][info][gc,stats      ]      26 of   153 ms ( 16.9%): <average non-zero>
[98.270s][info][gc,stats      ] 
[98.270s][info][gc,metaspace  ] Metaspace: 61059K->61059K(1103872K)
[98.270s][info][gc,ergo       ] Pacer for Idle. Initial: 10240K, Alloc Tax Rate: 1.0x
[98.305s][info][gc            ] Trigger: Average GC time (293.31 ms) is above the time for allocation rate (918 MB/s) to deplete free headroom (264M)
[98.305s][info][gc,ergo       ] Free headroom: 289M (free) - 25600K (spike) - 0B (penalties) = 264M
[98.305s][info][gc,ergo       ] Free: 289M, Max: 256K regular, 289M humongous, Frag: 0% external, 0% internal; Reserve: 25600K, Max: 256K
[98.305s][info][gc,start      ] GC(250) Concurrent reset
[98.305s][info][gc,task       ] GC(250) Using 1 of 1 workers for concurrent reset
[98.305s][info][gc,ergo       ] GC(250) Pacer for Reset. Non-Taxable: 500M
[98.305s][info][gc            ] GC(250) Concurrent reset 0.179ms
[98.307s][info][gc,start      ] GC(250) Pause Init Mark (process weakrefs)
[98.307s][info][gc,task       ] GC(250) Using 1 of 1 workers for init marking
[98.309s][info][gc,ergo       ] GC(250) Pacer for Mark. Expected Live: 77863K, Free: 289M, Non-Taxable: 29593K, Alloc Tax Rate: 0.3x
[98.309s][info][gc            ] GC(250) Pause Init Mark (process weakrefs) 1.761ms
[98.309s][info][gc,start      ] GC(250) Concurrent marking (process weakrefs)
[98.309s][info][gc,task       ] GC(250) Using 1 of 1 workers for concurrent marking
[98.372s][info][gc            ] GC(250) Concurrent marking (process weakrefs) 62.795ms
[98.372s][info][gc,start      ] GC(250) Concurrent precleaning
[98.372s][info][gc,task       ] GC(250) Using 1 of 1 workers for concurrent preclean
[98.372s][info][gc,ergo       ] GC(250) Pacer for Precleaning. Non-Taxable: 500M
[98.372s][info][gc            ] GC(250) Concurrent precleaning 0.554ms
[98.372s][info][gc,start      ] GC(250) Pause Final Mark (process weakrefs)
[98.372s][info][gc,task       ] GC(250) Using 1 of 1 workers for final marking
[98.373s][info][gc,ergo       ] GC(250) Adaptive CSet Selection. Target Free: 72533K, Actual Free: 267M, Max CSet: 21333K, Min Garbage: 0B
[98.373s][info][gc,ergo       ] GC(250) Collectable Garbage: 141M (98%), Immediate: 768K (0%), CSet: 141M (98%)
[98.375s][info][gc,ergo       ] GC(250) Pacer for Evacuation. Used CSet: 152M, Free: 242M, Non-Taxable: 24857K, Alloc Tax Rate: 1.5x
[98.375s][info][gc            ] GC(250) Pause Final Mark (process weakrefs) 2.438ms
[98.378s][info][gc,start      ] GC(250) Concurrent cleanup
[98.378s][info][gc            ] GC(250) Concurrent cleanup 237M->237M(500M) 0.054ms
[98.378s][info][gc,ergo       ] GC(250) Free: 236M, Max: 256K regular, 236M humongous, Frag: 0% external, 0% internal; Reserve: 25600K, Max: 256K
[98.378s][info][gc,start      ] GC(250) Concurrent evacuation
[98.378s][info][gc,task       ] GC(250) Using 1 of 1 workers for concurrent evacuation
[98.407s][info][gc            ] GC(250) Concurrent evacuation 28.695ms
[98.409s][info][gc,start      ] GC(250) Pause Init Update Refs
[98.409s][info][gc,ergo       ] GC(250) Pacer for Update Refs. Used: 269M, Free: 215M, Non-Taxable: 22092K, Alloc Tax Rate: 1.5x
[98.409s][info][gc            ] GC(250) Pause Init Update Refs 0.034ms
[98.409s][info][gc,start      ] GC(250) Concurrent update references
[98.409s][info][gc,task       ] GC(250) Using 1 of 1 workers for concurrent reference update
[98.520s][info][gc            ] GC(250) Concurrent update references 110.668ms
[98.523s][info][gc,start      ] GC(250) Pause Final Update Refs
[98.523s][info][gc,task       ] GC(250) Using 1 of 1 workers for final reference update
[98.524s][info][gc            ] GC(250) Pause Final Update Refs 0.605ms
[98.524s][info][gc,start      ] GC(250) Concurrent cleanup
[98.524s][info][gc            ] GC(250) Concurrent cleanup 368M->216M(500M) 0.063ms
[98.524s][info][gc,ergo       ] Free: 257M, Max: 256K regular, 104M humongous, Frag: 60% external, 0% internal; Reserve: 25600K, Max: 256K
[98.524s][info][gc,stats      ] 
[98.524s][info][gc,stats      ] All times are wall-clock times, except per-root-class counters, that are sum over
[98.524s][info][gc,stats      ] all workers. Dividing the <total> over the root stage time estimates parallelism.
[98.524s][info][gc,stats      ] 
[98.524s][info][gc,stats      ] Concurrent Reset                    171 us
[98.524s][info][gc,stats      ] Pause Init Mark (G)                4105 us
[98.524s][info][gc,stats      ] Pause Init Mark (N)                1732 us
[98.524s][info][gc,stats      ]   Accumulate Stats                   21 us
[98.524s][info][gc,stats      ]   Make Parsable                      16 us
[98.524s][info][gc,stats      ]   Update Region States               25 us
[98.524s][info][gc,stats      ]   Scan Roots                       1595 us, parallelism: 0.81x
[98.524s][info][gc,stats      ]     S: <total>                     1286 us
[98.524s][info][gc,stats      ]     S: Thread Roots                 674 us, workers (us): 674, 
[98.524s][info][gc,stats      ]     S: Universe Roots                 2 us, workers (us):   2, 
[98.524s][info][gc,stats      ]     S: JNI Handles Roots              2 us, workers (us):   2, 
[98.524s][info][gc,stats      ]     S: Synchronizer Roots             0 us, workers (us):   0, 
[98.524s][info][gc,stats      ]     S: Management Roots               2 us, workers (us):   2, 
[98.524s][info][gc,stats      ]     S: System Dict Roots             13 us, workers (us):  13, 
[98.524s][info][gc,stats      ]     S: CLDG Roots                   593 us, workers (us): 593, 
[98.524s][info][gc,stats      ]     S: JVMTI Roots                    1 us, workers (us):   1, 
[98.524s][info][gc,stats      ]   Resize TLABs                       21 us
[98.524s][info][gc,stats      ] Concurrent Marking                62786 us
[98.524s][info][gc,stats      ] Concurrent Precleaning              546 us
[98.524s][info][gc,stats      ] Pause Final Mark (G)               5555 us
[98.524s][info][gc,stats      ] Pause Final Mark (N)               2427 us
[98.524s][info][gc,stats      ]   Finish Queues                      13 us
[98.524s][info][gc,stats      ]   Weak References                    19 us
[98.524s][info][gc,stats      ]     Process                          18 us
[98.524s][info][gc,stats      ]   System Purge                      287 us
[98.524s][info][gc,stats      ]     Weak Roots                      287 us
[98.524s][info][gc,stats      ]   Update Region States               26 us
[98.524s][info][gc,stats      ]   Retire TLABs                       21 us
[98.524s][info][gc,stats      ]   Choose Collection Set             124 us
[98.524s][info][gc,stats      ]   Rebuild Free Set                    7 us
[98.524s][info][gc,stats      ]   Initial Evacuation               1923 us, parallelism: 0.68x
[98.524s][info][gc,stats      ]     E: <total>                     1299 us
[98.524s][info][gc,stats      ]     E: Thread Roots                 553 us, workers (us): 553, 
[98.524s][info][gc,stats      ]     E: Code Cache Roots             231 us, workers (us): 231, 
[98.524s][info][gc,stats      ]     E: Universe Roots                 1 us, workers (us):   1, 
[98.524s][info][gc,stats      ]     E: JNI Handles Roots              1 us, workers (us):   1, 
[98.524s][info][gc,stats      ]     E: Synchronizer Roots             0 us, workers (us):   0, 
[98.524s][info][gc,stats      ]     E: Management Roots               1 us, workers (us):   1, 
[98.524s][info][gc,stats      ]     E: System Dict Roots              9 us, workers (us):   9, 
[98.524s][info][gc,stats      ]     E: CLDG Roots                   503 us, workers (us): 503, 
[98.524s][info][gc,stats      ]     E: JVMTI Roots                    0 us, workers (us):   0, 
[98.524s][info][gc,stats      ] Concurrent Cleanup                   33 us
[98.524s][info][gc,stats      ] Concurrent Evacuation             28688 us
[98.524s][info][gc,stats      ] Pause Init  Update Refs (G)        2357 us
[98.524s][info][gc,stats      ] Pause Init  Update Refs (N)          17 us
[98.524s][info][gc,stats      ]   Retire GCLABs                      10 us
[98.524s][info][gc,stats      ] Concurrent Update Refs           110654 us
[98.524s][info][gc,stats      ] Pause Final Update Refs (G)        4108 us
[98.524s][info][gc,stats      ] Pause Final Update Refs (N)         573 us
[98.524s][info][gc,stats      ]   Update Roots                      527 us, parallelism: 0.98x
[98.524s][info][gc,stats      ]     UR: <total>                     518 us
[98.524s][info][gc,stats      ]     UR: Thread Roots                518 us, workers (us): 518, 
[98.524s][info][gc,stats      ]   Update Region States               27 us
[98.524s][info][gc,stats      ]   Trash Collection Set                4 us
[98.524s][info][gc,stats      ]   Rebuild Free Set                    8 us
[98.524s][info][gc,stats      ] Concurrent Cleanup                   56 us
[98.524s][info][gc,stats      ] Pacing                            21529 us
[98.524s][info][gc,stats      ] 
[98.524s][info][gc,stats      ] Allocation pacing accrued:
[98.524s][info][gc,stats      ]      22 of   254 ms (  8.5%): Executor task launch worker for task 0.0 in stage 28.0 (TID 28)
[98.524s][info][gc,stats      ]      22 of   254 ms (  8.5%): <total>
[98.524s][info][gc,stats      ]       0 of   254 ms (  0.0%): <average total>
[98.524s][info][gc,stats      ]      22 of   254 ms (  8.5%): <average non-zero>
[98.524s][info][gc,stats      ] 
[98.524s][info][gc,metaspace  ] Metaspace: 61059K->61059K(1103872K)
[98.524s][info][gc,ergo       ] Pacer for Idle. Initial: 10240K, Alloc Tax Rate: 1.0x
[98.529s][info][gc            ] Trigger: Average GC time (277.36 ms) is above the time for allocation rate (824 MB/s) to deplete free headroom (221M)
[98.529s][info][gc,ergo       ] Free headroom: 246M (free) - 25600K (spike) - 0B (penalties) = 221M
[98.529s][info][gc,ergo       ] Free: 246M, Max: 256K regular, 104M humongous, Frag: 58% external, 0% internal; Reserve: 25600K, Max: 256K
[98.529s][info][gc,start      ] GC(251) Concurrent reset
[98.529s][info][gc,task       ] GC(251) Using 1 of 1 workers for concurrent reset
[98.529s][info][gc,ergo       ] GC(251) Pacer for Reset. Non-Taxable: 500M
[98.530s][info][gc            ] GC(251) Concurrent reset 0.273ms
[98.532s][info][gc,start      ] GC(251) Pause Init Mark
[98.532s][info][gc,task       ] GC(251) Using 1 of 1 workers for init marking
[98.533s][info][gc,ergo       ] GC(251) Pacer for Mark. Expected Live: 73539K, Free: 246M, Non-Taxable: 25190K, Alloc Tax Rate: 0.4x
[98.534s][info][gc            ] GC(251) Pause Init Mark 1.579ms
[98.534s][info][gc,start      ] GC(251) Concurrent marking
[98.534s][info][gc,task       ] GC(251) Using 1 of 1 workers for concurrent marking
[98.609s][info][gc            ] GC(251) Concurrent marking 75.175ms
[98.609s][info][gc,start      ] GC(251) Pause Final Mark
[98.609s][info][gc,task       ] GC(251) Using 1 of 1 workers for final marking
[98.609s][info][gc,ergo       ] GC(251) Adaptive CSet Selection. Target Free: 72533K, Actual Free: 227M, Max CSet: 21333K, Min Garbage: 0B
[98.610s][info][gc,ergo       ] GC(251) Collectable Garbage: 170M (98%), Immediate: 1024K (0%), CSet: 169M (98%)
[98.612s][info][gc,ergo       ] GC(251) Pacer for Evacuation. Used CSet: 183M, Free: 203M, Non-Taxable: 20787K, Alloc Tax Rate: 2.2x
[98.612s][info][gc            ] GC(251) Pause Final Mark 3.321ms
[98.612s][info][gc,start      ] GC(251) Concurrent cleanup
[98.612s][info][gc            ] GC(251) Concurrent cleanup 271M->270M(500M) 0.100ms
[98.612s][info][gc,ergo       ] GC(251) Free: 203M, Max: 256K regular, 104M humongous, Frag: 49% external, 0% internal; Reserve: 25593K, Max: 256K
[98.612s][info][gc,start      ] GC(251) Concurrent evacuation
[98.612s][info][gc,task       ] GC(251) Using 1 of 1 workers for concurrent evacuation
[98.645s][info][gc            ] GC(251) Concurrent evacuation 32.872ms
[98.649s][info][gc,start      ] GC(251) Pause Init Update Refs
[98.649s][info][gc,ergo       ] GC(251) Pacer for Update Refs. Used: 317M, Free: 170M, Non-Taxable: 17484K, Alloc Tax Rate: 2.3x
[98.649s][info][gc            ] GC(251) Pause Init Update Refs 0.044ms
[98.649s][info][gc,start      ] GC(251) Concurrent update references
[98.649s][info][gc,task       ] GC(251) Using 1 of 1 workers for concurrent reference update
[98.773s][info][gc            ] GC(251) Concurrent update references 123.679ms
[98.775s][info][gc,start      ] GC(251) Pause Final Update Refs
[98.775s][info][gc,task       ] GC(251) Using 1 of 1 workers for final reference update
[98.776s][info][gc            ] GC(251) Pause Final Update Refs 0.586ms
[98.776s][info][gc,start      ] GC(251) Concurrent cleanup
[98.776s][info][gc            ] GC(251) Concurrent cleanup 434M->250M(500M) 0.068ms
[98.776s][info][gc,ergo       ] Free: 223M, Max: 256K regular, 120M humongous, Frag: 47% external, 0% internal; Reserve: 25600K, Max: 256K
[98.776s][info][gc,stats      ] 
[98.776s][info][gc,stats      ] All times are wall-clock times, except per-root-class counters, that are sum over
[98.776s][info][gc,stats      ] all workers. Dividing the <total> over the root stage time estimates parallelism.
[98.776s][info][gc,stats      ] 
[98.776s][info][gc,stats      ] Concurrent Reset                    265 us
[98.776s][info][gc,stats      ] Pause Init Mark (G)                3902 us
[98.776s][info][gc,stats      ] Pause Init Mark (N)                1552 us
[98.776s][info][gc,stats      ]   Accumulate Stats                   22 us
[98.776s][info][gc,stats      ]   Make Parsable                      20 us
[98.776s][info][gc,stats      ]   Update Region States               27 us
[98.776s][info][gc,stats      ]   Scan Roots                       1439 us, parallelism: 0.80x
[98.776s][info][gc,stats      ]     S: <total>                     1154 us
[98.776s][info][gc,stats      ]     S: Thread Roots                 578 us, workers (us): 578, 
[98.776s][info][gc,stats      ]     S: Universe Roots                 2 us, workers (us):   2, 
[98.776s][info][gc,stats      ]     S: JNI Handles Roots              1 us, workers (us):   1, 
[98.776s][info][gc,stats      ]     S: Synchronizer Roots             0 us, workers (us):   0, 
[98.776s][info][gc,stats      ]     S: Management Roots               2 us, workers (us):   2, 
[98.776s][info][gc,stats      ]     S: System Dict Roots             11 us, workers (us):  11, 
[98.776s][info][gc,stats      ]     S: CLDG Roots                   559 us, workers (us): 559, 
[98.776s][info][gc,stats      ]     S: JVMTI Roots                    0 us, workers (us):   0, 
[98.776s][info][gc,stats      ]   Resize TLABs                       14 us
[98.776s][info][gc,stats      ] Concurrent Marking                75166 us
[98.776s][info][gc,stats      ] Pause Final Mark (G)               3526 us
[98.776s][info][gc,stats      ] Pause Final Mark (N)               3307 us
[98.776s][info][gc,stats      ]   Finish Queues                      17 us
[98.776s][info][gc,stats      ]   System Purge                      316 us
[98.776s][info][gc,stats      ]     Weak Roots                      316 us
[98.776s][info][gc,stats      ]   Update Region States               31 us
[98.776s][info][gc,stats      ]   Retire TLABs                       23 us
[98.776s][info][gc,stats      ]   Choose Collection Set             194 us
[98.776s][info][gc,stats      ]   Rebuild Free Set                    8 us
[98.776s][info][gc,stats      ]   Initial Evacuation               2708 us, parallelism: 0.72x
[98.776s][info][gc,stats      ]     E: <total>                     1953 us
[98.776s][info][gc,stats      ]     E: Thread Roots                 657 us, workers (us): 657, 
[98.776s][info][gc,stats      ]     E: Code Cache Roots             473 us, workers (us): 473, 
[98.776s][info][gc,stats      ]     E: Universe Roots                 1 us, workers (us):   1, 
[98.776s][info][gc,stats      ]     E: JNI Handles Roots              1 us, workers (us):   1, 
[98.776s][info][gc,stats      ]     E: Synchronizer Roots             0 us, workers (us):   0, 
[98.776s][info][gc,stats      ]     E: Management Roots               2 us, workers (us):   2, 
[98.776s][info][gc,stats      ]     E: System Dict Roots             10 us, workers (us):  10, 
[98.776s][info][gc,stats      ]     E: CLDG Roots                   807 us, workers (us): 807, 
[98.776s][info][gc,stats      ]     E: JVMTI Roots                    1 us, workers (us):   1, 
[98.776s][info][gc,stats      ] Concurrent Cleanup                   37 us
[98.776s][info][gc,stats      ] Concurrent Evacuation             32858 us
[98.776s][info][gc,stats      ] Pause Init  Update Refs (G)        3652 us
[98.776s][info][gc,stats      ] Pause Init  Update Refs (N)          19 us
[98.776s][info][gc,stats      ]   Retire GCLABs                      11 us
[98.776s][info][gc,stats      ] Concurrent Update Refs           123665 us
[98.776s][info][gc,stats      ] Pause Final Update Refs (G)        2896 us
[98.776s][info][gc,stats      ] Pause Final Update Refs (N)         572 us
[98.776s][info][gc,stats      ]   Update Roots                      524 us, parallelism: 0.98x
[98.776s][info][gc,stats      ]     UR: <total>                     516 us
[98.776s][info][gc,stats      ]     UR: Thread Roots                516 us, workers (us): 516, 
[98.776s][info][gc,stats      ]   Update Region States               29 us
[98.776s][info][gc,stats      ]   Trash Collection Set                4 us
[98.776s][info][gc,stats      ]   Rebuild Free Set                    6 us
[98.776s][info][gc,stats      ] Concurrent Cleanup                   61 us
[98.776s][info][gc,stats      ] Pacing                            55474 us
[98.776s][info][gc,stats      ] 
[98.776s][info][gc,stats      ] Allocation pacing accrued:
[98.776s][info][gc,stats      ]      13 of   252 ms (  5.1%): Spark Context Cleaner
[98.776s][info][gc,stats      ]      43 of   252 ms ( 17.0%): Executor task launch worker for task 0.0 in stage 28.0 (TID 28)
[98.776s][info][gc,stats      ]      55 of   252 ms ( 22.0%): <total>
[98.776s][info][gc,stats      ]       0 of   252 ms (  0.1%): <average total>
[98.776s][info][gc,stats      ]      28 of   252 ms ( 11.0%): <average non-zero>
[98.776s][info][gc,stats      ] 
[98.776s][info][gc,metaspace  ] Metaspace: 61059K->61059K(1103872K)
[98.776s][info][gc,ergo       ] Pacer for Idle. Initial: 10240K, Alloc Tax Rate: 1.0x
[98.777s][info][gc            ] Trigger: Average GC time (260.41 ms) is above the time for allocation rate (793 MB/s) to deplete free headroom (195M)
[98.777s][info][gc,ergo       ] Free headroom: 220M (free) - 25600K (spike) - 0B (penalties) = 195M
[98.777s][info][gc,ergo       ] Free: 220M, Max: 256K regular, 120M humongous, Frag: 46% external, 0% internal; Reserve: 25600K, Max: 256K
[98.777s][info][gc,start      ] GC(252) Concurrent reset
[98.778s][info][gc,task       ] GC(252) Using 1 of 1 workers for concurrent reset
[98.778s][info][gc,ergo       ] GC(252) Pacer for Reset. Non-Taxable: 500M
[98.778s][info][gc            ] GC(252) Concurrent reset 0.324ms
[98.779s][info][gc,start      ] GC(252) Pause Init Mark
[98.779s][info][gc,task       ] GC(252) Using 1 of 1 workers for init marking
[98.781s][info][gc,ergo       ] GC(252) Pacer for Mark. Expected Live: 68190K, Free: 220M, Non-Taxable: 22528K, Alloc Tax Rate: 0.4x
[98.781s][info][gc            ] GC(252) Pause Init Mark 1.554ms
[98.781s][info][gc,start      ] GC(252) Concurrent marking
[98.781s][info][gc,task       ] GC(252) Using 1 of 1 workers for concurrent marking
[98.888s][info][gc            ] GC(252) Concurrent marking 107.407ms
[98.889s][info][gc,start      ] GC(252) Pause Final Mark
[98.889s][info][gc,task       ] GC(252) Using 1 of 1 workers for final marking
[98.889s][info][gc,ergo       ] GC(252) Adaptive CSet Selection. Target Free: 72533K, Actual Free: 203M, Max CSet: 21333K, Min Garbage: 0B
[98.889s][info][gc,ergo       ] GC(252) Collectable Garbage: 182M (98%), Immediate: 0B (0%), CSet: 182M (98%)
[98.892s][info][gc,ergo       ] GC(252) Pacer for Evacuation. Used CSet: 197M, Free: 178M, Non-Taxable: 18278K, Alloc Tax Rate: 2.7x
[98.892s][info][gc            ] GC(252) Pause Final Mark 2.942ms
[98.895s][info][gc,start      ] GC(252) Concurrent cleanup
[98.895s][info][gc            ] GC(252) Concurrent cleanup 301M->301M(500M) 0.086ms
[98.895s][info][gc,ergo       ] GC(252) Free: 172M, Max: 256K regular, 83712K humongous, Frag: 53% external, 1% internal; Reserve: 25600K, Max: 256K
[98.895s][info][gc,start      ] GC(252) Concurrent evacuation
[98.895s][info][gc,task       ] GC(252) Using 1 of 1 workers for concurrent evacuation
[98.926s][info][gc            ] GC(252) Concurrent evacuation 31.044ms
[98.930s][info][gc,start      ] GC(252) Pause Init Update Refs
[98.930s][info][gc,ergo       ] GC(252) Pacer for Update Refs. Used: 335M, Free: 153M, Non-Taxable: 15743K, Alloc Tax Rate: 2.7x
[98.930s][info][gc            ] GC(252) Pause Init Update Refs 0.065ms
[98.930s][info][gc,start      ] GC(252) Concurrent update references
[98.930s][info][gc,task       ] GC(252) Using 1 of 1 workers for concurrent reference update
[99.068s][info][gc            ] GC(252) Concurrent update references 138.124ms
[99.070s][info][gc,start      ] GC(252) Pause Final Update Refs
[99.070s][info][gc,task       ] GC(252) Using 1 of 1 workers for final reference update
[99.071s][info][gc            ] GC(252) Pause Final Update Refs 0.636ms
[99.071s][info][gc,start      ] GC(252) Concurrent cleanup
[99.071s][info][gc            ] GC(252) Concurrent cleanup 461M->264M(500M) 0.070ms
[99.071s][info][gc,ergo       ] Free: 209M, Max: 256K regular, 112M humongous, Frag: 47% external, 1% internal; Reserve: 25600K, Max: 256K
[99.071s][info][gc,stats      ] 
[99.071s][info][gc,stats      ] All times are wall-clock times, except per-root-class counters, that are sum over
[99.071s][info][gc,stats      ] all workers. Dividing the <total> over the root stage time estimates parallelism.
[99.071s][info][gc,stats      ] 
[99.071s][info][gc,stats      ] Concurrent Reset                    318 us
[99.071s][info][gc,stats      ] Pause Init Mark (G)                3035 us
[99.071s][info][gc,stats      ] Pause Init Mark (N)                1530 us
[99.071s][info][gc,stats      ]   Accumulate Stats                   22 us
[99.071s][info][gc,stats      ]   Make Parsable                      16 us
[99.071s][info][gc,stats      ]   Update Region States               23 us
[99.071s][info][gc,stats      ]   Scan Roots                       1426 us, parallelism: 0.79x
[99.071s][info][gc,stats      ]     S: <total>                     1130 us
[99.071s][info][gc,stats      ]     S: Thread Roots                 592 us, workers (us): 592, 
[99.071s][info][gc,stats      ]     S: Universe Roots                 2 us, workers (us):   2, 
[99.071s][info][gc,stats      ]     S: JNI Handles Roots              1 us, workers (us):   1, 
[99.071s][info][gc,stats      ]     S: Synchronizer Roots             0 us, workers (us):   0, 
[99.071s][info][gc,stats      ]     S: Management Roots               2 us, workers (us):   2, 
[99.071s][info][gc,stats      ]     S: System Dict Roots             10 us, workers (us):  10, 
[99.071s][info][gc,stats      ]     S: CLDG Roots                   522 us, workers (us): 522, 
[99.071s][info][gc,stats      ]     S: JVMTI Roots                    1 us, workers (us):   1, 
[99.071s][info][gc,stats      ]   Resize TLABs                       14 us
[99.071s][info][gc,stats      ] Concurrent Marking               107399 us
[99.071s][info][gc,stats      ] Pause Final Mark (G)               6368 us
[99.071s][info][gc,stats      ] Pause Final Mark (N)               2916 us
[99.071s][info][gc,stats      ]   Finish Queues                      25 us
[99.071s][info][gc,stats      ]   System Purge                      363 us
[99.071s][info][gc,stats      ]     Weak Roots                      362 us
[99.071s][info][gc,stats      ]   Update Region States               35 us
[99.071s][info][gc,stats      ]   Retire TLABs                       36 us
[99.071s][info][gc,stats      ]   Choose Collection Set             143 us
[99.071s][info][gc,stats      ]   Rebuild Free Set                   11 us
[99.071s][info][gc,stats      ]   Initial Evacuation               2292 us, parallelism: 0.65x
[99.071s][info][gc,stats      ]     E: <total>                     1481 us
[99.071s][info][gc,stats      ]     E: Thread Roots                 578 us, workers (us): 578, 
[99.071s][info][gc,stats      ]     E: Code Cache Roots             296 us, workers (us): 296, 
[99.071s][info][gc,stats      ]     E: Universe Roots                 1 us, workers (us):   1, 
[99.071s][info][gc,stats      ]     E: JNI Handles Roots              1 us, workers (us):   1, 
[99.071s][info][gc,stats      ]     E: Synchronizer Roots             0 us, workers (us):   0, 
[99.071s][info][gc,stats      ]     E: Management Roots               2 us, workers (us):   2, 
[99.071s][info][gc,stats      ]     E: System Dict Roots             11 us, workers (us):  11, 
[99.071s][info][gc,stats      ]     E: CLDG Roots                   591 us, workers (us): 591, 
[99.071s][info][gc,stats      ]     E: JVMTI Roots                    1 us, workers (us):   1, 
[99.071s][info][gc,stats      ] Concurrent Cleanup                   37 us
[99.071s][info][gc,stats      ] Concurrent Evacuation             31032 us
[99.071s][info][gc,stats      ] Pause Init  Update Refs (G)        3545 us
[99.071s][info][gc,stats      ] Pause Init  Update Refs (N)          21 us
[99.071s][info][gc,stats      ]   Retire GCLABs                      13 us
[99.071s][info][gc,stats      ] Concurrent Update Refs           138110 us
[99.071s][info][gc,stats      ] Pause Final Update Refs (G)        2947 us
[99.071s][info][gc,stats      ] Pause Final Update Refs (N)         621 us
[99.071s][info][gc,stats      ]   Update Roots                      571 us, parallelism: 0.99x
[99.071s][info][gc,stats      ]     UR: <total>                     563 us
[99.071s][info][gc,stats      ]     UR: Thread Roots                563 us, workers (us): 563, 
[99.071s][info][gc,stats      ]   Update Region States               27 us
[99.071s][info][gc,stats      ]   Trash Collection Set                5 us
[99.071s][info][gc,stats      ]   Rebuild Free Set                    7 us
[99.071s][info][gc,stats      ] Concurrent Cleanup                   63 us
[99.071s][info][gc,stats      ] Pacing                            52678 us
[99.071s][info][gc,stats      ] 
[99.071s][info][gc,stats      ] Allocation pacing accrued:
[99.071s][info][gc,stats      ]      13 of   295 ms (  4.3%): RemoteBlock-temp-file-clean-thread
[99.071s][info][gc,stats      ]      40 of   295 ms ( 13.5%): Executor task launch worker for task 0.0 in stage 28.0 (TID 28)
[99.071s][info][gc,stats      ]      53 of   295 ms ( 17.9%): <total>
[99.071s][info][gc,stats      ]       0 of   295 ms (  0.1%): <average total>
[99.071s][info][gc,stats      ]      26 of   295 ms (  8.9%): <average non-zero>
[99.071s][info][gc,stats      ] 
[99.071s][info][gc,metaspace  ] Metaspace: 61059K->61059K(1103872K)
[99.071s][info][gc,ergo       ] Pacer for Idle. Initial: 10240K, Alloc Tax Rate: 1.0x
[99.076s][info][gc            ] Trigger: Average GC time (260.50 ms) is above the time for allocation rate (685 MB/s) to deplete free headroom (172M)
[99.077s][info][gc,ergo       ] Free headroom: 197M (free) - 25600K (spike) - 0B (penalties) = 172M
[99.077s][info][gc,ergo       ] Free: 197M, Max: 256K regular, 112M humongous, Frag: 43% external, 1% internal; Reserve: 25600K, Max: 256K
[99.077s][info][gc,start      ] GC(253) Concurrent reset
[99.077s][info][gc,task       ] GC(253) Using 1 of 1 workers for concurrent reset
[99.077s][info][gc,ergo       ] GC(253) Pacer for Reset. Non-Taxable: 500M
[99.077s][info][gc            ] GC(253) Concurrent reset 0.392ms
[99.079s][info][gc,start      ] GC(253) Pause Init Mark
[99.079s][info][gc,task       ] GC(253) Using 1 of 1 workers for init marking
[99.081s][info][gc,ergo       ] GC(253) Pacer for Mark. Expected Live: 62555K, Free: 197M, Non-Taxable: 20172K, Alloc Tax Rate: 0.4x
[99.081s][info][gc            ] GC(253) Pause Init Mark 1.686ms
[99.081s][info][gc,start      ] GC(253) Concurrent marking
[99.081s][info][gc,task       ] GC(253) Using 1 of 1 workers for concurrent marking
[99.171s][info][gc            ] GC(253) Concurrent marking 90.133ms
[99.171s][info][gc,start      ] GC(253) Pause Final Mark
[99.171s][info][gc,task       ] GC(253) Using 1 of 1 workers for final marking
[99.172s][info][gc,ergo       ] GC(253) Adaptive CSet Selection. Target Free: 72533K, Actual Free: 180M, Max CSet: 21333K, Min Garbage: 0B
[99.172s][info][gc,ergo       ] GC(253) Collectable Garbage: 187M (99%), Immediate: 2048K (1%), CSet: 185M (97%)
[99.174s][info][gc,ergo       ] GC(253) Pacer for Evacuation. Used CSet: 201M, Free: 155M, Non-Taxable: 15948K, Alloc Tax Rate: 3.2x
[99.174s][info][gc            ] GC(253) Pause Final Mark 2.579ms
[99.174s][info][gc,start      ] GC(253) Concurrent cleanup
[99.174s][info][gc            ] GC(253) Concurrent cleanup 320M->318M(500M) 0.048ms
[99.174s][info][gc,ergo       ] GC(253) Free: 155M, Max: 256K regular, 92416K humongous, Frag: 43% external, 1% internal; Reserve: 25600K, Max: 256K
[99.174s][info][gc,start      ] GC(253) Concurrent evacuation
[99.174s][info][gc,task       ] GC(253) Using 1 of 1 workers for concurrent evacuation
[99.210s][info][gc            ] GC(253) Concurrent evacuation 35.441ms
[99.212s][info][gc,start      ] GC(253) Pause Init Update Refs
[99.212s][info][gc,ergo       ] GC(253) Pacer for Update Refs. Used: 368M, Free: 120M, Non-Taxable: 12364K, Alloc Tax Rate: 3.7x
[99.212s][info][gc            ] GC(253) Pause Init Update Refs 0.036ms
[99.212s][info][gc,start      ] GC(253) Concurrent update references
[99.212s][info][gc,task       ] GC(253) Using 1 of 1 workers for concurrent reference update
[99.368s][info][gc            ] GC(253) Concurrent update references 156.471ms
[99.369s][info][gc,start      ] GC(253) Pause Final Update Refs
[99.369s][info][gc,task       ] GC(253) Using 1 of 1 workers for final reference update
[99.369s][info][gc            ] GC(253) Pause Final Update Refs 0.563ms
[99.369s][info][gc,start      ] GC(253) Concurrent cleanup
[99.369s][info][gc            ] GC(253) Concurrent cleanup 467M->266M(500M) 0.070ms
[99.369s][info][gc,ergo       ] Free: 207M, Max: 256K regular, 64256K humongous, Frag: 70% external, 1% internal; Reserve: 25600K, Max: 256K
[99.369s][info][gc,stats      ] 
[99.369s][info][gc,stats      ] All times are wall-clock times, except per-root-class counters, that are sum over
[99.369s][info][gc,stats      ] all workers. Dividing the <total> over the root stage time estimates parallelism.
[99.369s][info][gc,stats      ] 
[99.369s][info][gc,stats      ] Concurrent Reset                    383 us
[99.369s][info][gc,stats      ] Pause Init Mark (G)                4018 us
[99.369s][info][gc,stats      ] Pause Init Mark (N)                1660 us
[99.369s][info][gc,stats      ]   Accumulate Stats                   22 us
[99.369s][info][gc,stats      ]   Make Parsable                      17 us
[99.369s][info][gc,stats      ]   Update Region States               22 us
[99.369s][info][gc,stats      ]   Scan Roots                       1544 us, parallelism: 0.80x
[99.370s][info][gc,stats      ]     S: <total>                     1230 us
[99.370s][info][gc,stats      ]     S: Thread Roots                 651 us, workers (us): 651, 
[99.370s][info][gc,stats      ]     S: Universe Roots                 3 us, workers (us):   3, 
[99.370s][info][gc,stats      ]     S: JNI Handles Roots              2 us, workers (us):   2, 
[99.370s][info][gc,stats      ]     S: Synchronizer Roots             0 us, workers (us):   0, 
[99.370s][info][gc,stats      ]     S: Management Roots               2 us, workers (us):   2, 
[99.370s][info][gc,stats      ]     S: System Dict Roots             13 us, workers (us):  13, 
[99.370s][info][gc,stats      ]     S: CLDG Roots                   558 us, workers (us): 558, 
[99.370s][info][gc,stats      ]     S: JVMTI Roots                    1 us, workers (us):   1, 
[99.370s][info][gc,stats      ]   Resize TLABs                       17 us
[99.370s][info][gc,stats      ] Concurrent Marking                90124 us
[99.370s][info][gc,stats      ] Pause Final Mark (G)               2839 us
[99.370s][info][gc,stats      ] Pause Final Mark (N)               2561 us
[99.370s][info][gc,stats      ]   Finish Queues                      19 us
[99.370s][info][gc,stats      ]   System Purge                      257 us
[99.370s][info][gc,stats      ]     Weak Roots                      256 us
[99.370s][info][gc,stats      ]   Update Region States               27 us
[99.370s][info][gc,stats      ]   Retire TLABs                       15 us
[99.370s][info][gc,stats      ]   Choose Collection Set             127 us
[99.370s][info][gc,stats      ]   Rebuild Free Set                    7 us
[99.370s][info][gc,stats      ]   Initial Evacuation               2100 us, parallelism: 0.65x
[99.370s][info][gc,stats      ]     E: <total>                     1360 us
[99.370s][info][gc,stats      ]     E: Thread Roots                 566 us, workers (us): 566, 
[99.370s][info][gc,stats      ]     E: Code Cache Roots             302 us, workers (us): 302, 
[99.370s][info][gc,stats      ]     E: Universe Roots                 1 us, workers (us):   1, 
[99.370s][info][gc,stats      ]     E: JNI Handles Roots              1 us, workers (us):   1, 
[99.370s][info][gc,stats      ]     E: Synchronizer Roots             0 us, workers (us):   0, 
[99.370s][info][gc,stats      ]     E: Management Roots               1 us, workers (us):   1, 
[99.370s][info][gc,stats      ]     E: System Dict Roots              9 us, workers (us):   9, 
[99.370s][info][gc,stats      ]     E: CLDG Roots                   481 us, workers (us): 481, 
[99.370s][info][gc,stats      ]     E: JVMTI Roots                    0 us, workers (us):   0, 
[99.370s][info][gc,stats      ] Concurrent Cleanup                   37 us
[99.370s][info][gc,stats      ] Concurrent Evacuation             35428 us
[99.370s][info][gc,stats      ] Pause Init  Update Refs (G)        2346 us
[99.370s][info][gc,stats      ] Pause Init  Update Refs (N)          18 us
[99.370s][info][gc,stats      ]   Retire GCLABs                      11 us
[99.370s][info][gc,stats      ] Concurrent Update Refs           156456 us
[99.370s][info][gc,stats      ] Pause Final Update Refs (G)         919 us
[99.370s][info][gc,stats      ] Pause Final Update Refs (N)         545 us
[99.370s][info][gc,stats      ]   Update Roots                      499 us, parallelism: 0.98x
[99.370s][info][gc,stats      ]     UR: <total>                     490 us
[99.370s][info][gc,stats      ]     UR: Thread Roots                490 us, workers (us): 490, 
[99.370s][info][gc,stats      ]   Update Region States               27 us
[99.370s][info][gc,stats      ]   Trash Collection Set                4 us
[99.370s][info][gc,stats      ]   Rebuild Free Set                    7 us
[99.370s][info][gc,stats      ] Concurrent Cleanup                   63 us
[99.370s][info][gc,stats      ] Pacing                            90324 us
[99.370s][info][gc,stats      ] 
[99.370s][info][gc,stats      ] Allocation pacing accrued:
[99.370s][info][gc,stats      ]      13 of   299 ms (  4.2%): Spark Context Cleaner
[99.370s][info][gc,stats      ]      78 of   299 ms ( 26.0%): Executor task launch worker for task 0.0 in stage 28.0 (TID 28)
[99.370s][info][gc,stats      ]      90 of   299 ms ( 30.2%): <total>
[99.370s][info][gc,stats      ]       0 of   299 ms (  0.2%): <average total>
[99.370s][info][gc,stats      ]      45 of   299 ms ( 15.1%): <average non-zero>
[99.370s][info][gc,stats      ] 
[99.370s][info][gc,metaspace  ] Metaspace: 61059K->61059K(1103872K)
[99.370s][info][gc,ergo       ] Pacer for Idle. Initial: 10240K, Alloc Tax Rate: 1.0x
[99.386s][info][gc            ] Trigger: Average GC time (237.02 ms) is above the time for allocation rate (669 MB/s) to deplete free headroom (152M)
[99.386s][info][gc,ergo       ] Free headroom: 177M (free) - 25600K (spike) - 0B (penalties) = 152M
[99.386s][info][gc,ergo       ] Free: 177M, Max: 256K regular, 64256K humongous, Frag: 65% external, 1% internal; Reserve: 25600K, Max: 256K
[99.386s][info][gc,start      ] GC(254) Concurrent reset
[99.386s][info][gc,task       ] GC(254) Using 1 of 1 workers for concurrent reset
[99.386s][info][gc,ergo       ] GC(254) Pacer for Reset. Non-Taxable: 500M
[99.387s][info][gc            ] GC(254) Concurrent reset 0.415ms
[99.389s][info][gc,start      ] GC(254) Pause Init Mark
[99.389s][info][gc,task       ] GC(254) Using 1 of 1 workers for init marking
[99.391s][info][gc,ergo       ] GC(254) Pacer for Mark. Expected Live: 57491K, Free: 177M, Non-Taxable: 18201K, Alloc Tax Rate: 0.4x
[99.391s][info][gc            ] GC(254) Pause Init Mark 1.662ms
[99.391s][info][gc,start      ] GC(254) Concurrent marking
[99.391s][info][gc,task       ] GC(254) Using 1 of 1 workers for concurrent marking
[99.514s][info][gc            ] GC(254) Concurrent marking 123.657ms
[99.515s][info][gc,start      ] GC(254) Pause Final Mark
[99.515s][info][gc,task       ] GC(254) Using 1 of 1 workers for final marking
[99.516s][info][gc,ergo       ] GC(254) Adaptive CSet Selection. Target Free: 72533K, Actual Free: 160M, Max CSet: 21333K, Min Garbage: 0B
[99.516s][info][gc,ergo       ] GC(254) Collectable Garbage: 191M (99%), Immediate: 0B (0%), CSet: 191M (99%)
[99.520s][info][gc,ergo       ] GC(254) Pacer for Evacuation. Used CSet: 207M, Free: 135M, Non-Taxable: 13849K, Alloc Tax Rate: 3.8x
[99.520s][info][gc            ] GC(254) Pause Final Mark 4.835ms
[99.520s][info][gc,start      ] GC(254) Concurrent cleanup
[99.520s][info][gc            ] GC(254) Concurrent cleanup 338M->338M(500M) 0.099ms
[99.520s][info][gc,ergo       ] GC(254) Free: 135M, Max: 256K regular, 64256K humongous, Frag: 54% external, 2% internal; Reserve: 25600K, Max: 256K
[99.520s][info][gc,start      ] GC(254) Concurrent evacuation
[99.520s][info][gc,task       ] GC(254) Using 1 of 1 workers for concurrent evacuation
[99.599s][info][gc            ] GC(254) Concurrent evacuation 78.517ms
[99.602s][info][gc,start      ] GC(254) Pause Init Update Refs
[99.602s][info][gc,ergo       ] GC(254) Pacer for Update Refs. Used: 390M, Free: 102144K, Non-Taxable: 10214K, Alloc Tax Rate: 4.8x
[99.602s][info][gc            ] GC(254) Pause Init Update Refs 0.041ms
[99.602s][info][gc,start      ] GC(254) Concurrent update references
[99.602s][info][gc,task       ] GC(254) Using 1 of 1 workers for concurrent reference update
[99.734s][info][gc            ] GC(254) Concurrent update references 131.700ms
[99.734s][info][gc,start      ] GC(254) Pause Final Update Refs
[99.734s][info][gc,task       ] GC(254) Using 1 of 1 workers for final reference update
[99.735s][info][gc            ] GC(254) Pause Final Update Refs 0.573ms
[99.735s][info][gc,start      ] GC(254) Concurrent cleanup
[99.735s][info][gc            ] GC(254) Concurrent cleanup 471M->263M(500M) 0.072ms
[99.735s][info][gc,ergo       ] Free: 210M, Max: 256K regular, 121M humongous, Frag: 43% external, 1% internal; Reserve: 25600K, Max: 256K
[99.735s][info][gc,stats      ] 
[99.735s][info][gc,stats      ] All times are wall-clock times, except per-root-class counters, that are sum over
[99.735s][info][gc,stats      ] all workers. Dividing the <total> over the root stage time estimates parallelism.
[99.735s][info][gc,stats      ] 
[99.735s][info][gc,stats      ] Concurrent Reset                    405 us
[99.735s][info][gc,stats      ] Pause Init Mark (G)                3992 us
[99.735s][info][gc,stats      ] Pause Init Mark (N)                1637 us
[99.735s][info][gc,stats      ]   Accumulate Stats                   22 us
[99.735s][info][gc,stats      ]   Make Parsable                      17 us
[99.735s][info][gc,stats      ]   Update Region States               76 us
[99.735s][info][gc,stats      ]   Scan Roots                       1470 us, parallelism: 0.82x
[99.735s][info][gc,stats      ]     S: <total>                     1201 us
[99.735s][info][gc,stats      ]     S: Thread Roots                 655 us, workers (us): 655, 
[99.735s][info][gc,stats      ]     S: Universe Roots                 2 us, workers (us):   2, 
[99.735s][info][gc,stats      ]     S: JNI Handles Roots              2 us, workers (us):   2, 
[99.735s][info][gc,stats      ]     S: Synchronizer Roots             1 us, workers (us):   1, 
[99.735s][info][gc,stats      ]     S: Management Roots               2 us, workers (us):   2, 
[99.735s][info][gc,stats      ]     S: System Dict Roots             10 us, workers (us):  10, 
[99.735s][info][gc,stats      ]     S: CLDG Roots                   529 us, workers (us): 529, 
[99.735s][info][gc,stats      ]     S: JVMTI Roots                    0 us, workers (us):   0, 
[99.735s][info][gc,stats      ]   Resize TLABs                       15 us
[99.735s][info][gc,stats      ] Concurrent Marking               123647 us
[99.735s][info][gc,stats      ] Pause Final Mark (G)               5267 us
[99.735s][info][gc,stats      ] Pause Final Mark (N)               4793 us
[99.735s][info][gc,stats      ]   Finish Queues                      43 us
[99.735s][info][gc,stats      ]   System Purge                      547 us
[99.735s][info][gc,stats      ]     Weak Roots                      546 us
[99.735s][info][gc,stats      ]   Update Region States               54 us
[99.735s][info][gc,stats      ]   Retire TLABs                       53 us
[99.735s][info][gc,stats      ]   Choose Collection Set             333 us
[99.735s][info][gc,stats      ]   Rebuild Free Set                   15 us
[99.735s][info][gc,stats      ]   Initial Evacuation               3730 us, parallelism: 0.65x
[99.735s][info][gc,stats      ]     E: <total>                     2441 us
[99.735s][info][gc,stats      ]     E: Thread Roots                1146 us, workers (us): 1146, 
[99.735s][info][gc,stats      ]     E: Code Cache Roots             427 us, workers (us): 427, 
[99.735s][info][gc,stats      ]     E: Universe Roots                 2 us, workers (us):   2, 
[99.735s][info][gc,stats      ]     E: JNI Handles Roots              1 us, workers (us):   1, 
[99.735s][info][gc,stats      ]     E: Synchronizer Roots             0 us, workers (us):   0, 
[99.735s][info][gc,stats      ]     E: Management Roots               2 us, workers (us):   2, 
[99.735s][info][gc,stats      ]     E: System Dict Roots             16 us, workers (us):  16, 
[99.735s][info][gc,stats      ]     E: CLDG Roots                   844 us, workers (us): 844, 
[99.735s][info][gc,stats      ]     E: JVMTI Roots                    1 us, workers (us):   1, 
[99.735s][info][gc,stats      ] Concurrent Cleanup                   81 us
[99.735s][info][gc,stats      ] Concurrent Evacuation             78501 us
[99.735s][info][gc,stats      ] Pause Init  Update Refs (G)        3514 us
[99.735s][info][gc,stats      ] Pause Init  Update Refs (N)          18 us
[99.735s][info][gc,stats      ]   Retire GCLABs                      10 us
[99.735s][info][gc,stats      ] Concurrent Update Refs           131684 us
[99.735s][info][gc,stats      ] Pause Final Update Refs (G)         951 us
[99.735s][info][gc,stats      ] Pause Final Update Refs (N)         550 us
[99.735s][info][gc,stats      ]   Update Roots                      503 us, parallelism: 0.99x
[99.735s][info][gc,stats      ]     UR: <total>                     497 us
[99.735s][info][gc,stats      ]     UR: Thread Roots                497 us, workers (us): 497, 
[99.735s][info][gc,stats      ]   Update Region States               27 us
[99.735s][info][gc,stats      ]   Trash Collection Set                4 us
[99.735s][info][gc,stats      ]   Rebuild Free Set                    7 us
[99.735s][info][gc,stats      ] Concurrent Cleanup                   65 us
[99.735s][info][gc,stats      ] Pacing                           160824 us
[99.735s][info][gc,stats      ] 
[99.735s][info][gc,stats      ] Allocation pacing accrued:
[99.735s][info][gc,stats      ]      13 of   365 ms (  3.5%): Spark Context Cleaner
[99.735s][info][gc,stats      ]     148 of   365 ms ( 40.5%): Executor task launch worker for task 0.0 in stage 28.0 (TID 28)
[99.735s][info][gc,stats      ]     161 of   365 ms ( 44.0%): <total>
[99.735s][info][gc,stats      ]       1 of   365 ms (  0.2%): <average total>
[99.735s][info][gc,stats      ]      80 of   365 ms ( 22.0%): <average non-zero>
[99.735s][info][gc,stats      ] 
[99.735s][info][gc,metaspace  ] Metaspace: 61059K->61059K(1103872K)
[99.735s][info][gc,ergo       ] Pacer for Idle. Initial: 10240K, Alloc Tax Rate: 1.0x
[99.752s][info][gc            ] Trigger: Average GC time (280.12 ms) is above the time for allocation rate (536 MB/s) to deplete free headroom (148M)
[99.752s][info][gc,ergo       ] Free headroom: 173M (free) - 25600K (spike) - 0B (penalties) = 148M
[99.752s][info][gc,ergo       ] Free: 173M, Max: 256K regular, 121M humongous, Frag: 30% external, 1% internal; Reserve: 25600K, Max: 256K
[99.752s][info][gc,start      ] GC(255) Concurrent reset
[99.752s][info][gc,task       ] GC(255) Using 1 of 1 workers for concurrent reset
[99.752s][info][gc,ergo       ] GC(255) Pacer for Reset. Non-Taxable: 500M
[99.752s][info][gc            ] GC(255) Concurrent reset 0.433ms
[99.755s][info][gc,start      ] GC(255) Pause Init Mark (process weakrefs)
[99.755s][info][gc,task       ] GC(255) Using 1 of 1 workers for init marking
[99.756s][info][gc,ergo       ] GC(255) Pacer for Mark. Expected Live: 72604K, Free: 173M, Non-Taxable: 17740K, Alloc Tax Rate: 0.5x
[99.756s][info][gc            ] GC(255) Pause Init Mark (process weakrefs) 1.630ms
[99.756s][info][gc,start      ] GC(255) Concurrent marking (process weakrefs)
[99.756s][info][gc,task       ] GC(255) Using 1 of 1 workers for concurrent marking
[99.922s][info][gc            ] GC(255) Concurrent marking (process weakrefs) 166.177ms
[99.922s][info][gc,start      ] GC(255) Concurrent precleaning
[99.922s][info][gc,task       ] GC(255) Using 1 of 1 workers for concurrent preclean
[99.922s][info][gc,ergo       ] GC(255) Pacer for Precleaning. Non-Taxable: 500M
[99.927s][info][gc            ] GC(255) Concurrent precleaning 4.487ms
[99.930s][info][gc,start      ] GC(255) Pause Final Mark (process weakrefs)
[99.930s][info][gc,task       ] GC(255) Using 1 of 1 workers for final marking
[99.931s][info][gc,ergo       ] GC(255) Adaptive CSet Selection. Target Free: 72533K, Actual Free: 157M, Max CSet: 21333K, Min Garbage: 0B
[99.931s][info][gc,ergo       ] GC(255) Collectable Garbage: 181M (98%), Immediate: 0B (0%), CSet: 181M (98%)
[99.933s][info][gc,ergo       ] GC(255) Pacer for Evacuation. Used CSet: 196M, Free: 132M, Non-Taxable: 13593K, Alloc Tax Rate: 3.6x
[99.933s][info][gc            ] GC(255) Pause Final Mark (process weakrefs) 2.467ms
[99.933s][info][gc,start      ] GC(255) Concurrent cleanup
[99.933s][info][gc            ] GC(255) Concurrent cleanup 341M->341M(500M) 0.042ms
[99.933s][info][gc,ergo       ] GC(255) Free: 132M, Max: 256K regular, 88320K humongous, Frag: 36% external, 2% internal; Reserve: 25600K, Max: 256K
[99.933s][info][gc,start      ] GC(255) Concurrent evacuation
[99.933s][info][gc,task       ] GC(255) Using 1 of 1 workers for concurrent evacuation
[99.967s][info][gc            ] GC(255) Concurrent evacuation 33.814ms
[99.970s][info][gc,start      ] GC(255) Pause Init Update Refs
[99.970s][info][gc,ergo       ] GC(255) Pacer for Update Refs. Used: 371M, Free: 117M, Non-Taxable: 12032K, Alloc Tax Rate: 3.9x
[99.970s][info][gc            ] GC(255) Pause Init Update Refs 0.043ms
[99.970s][info][gc,start      ] GC(255) Concurrent update references
[99.970s][info][gc,task       ] GC(255) Using 1 of 1 workers for concurrent reference update
[100.162s][info][gc            ] GC(255) Concurrent update references 192.082ms
[100.165s][info][gc,start      ] GC(255) Pause Final Update Refs
[100.165s][info][gc,task       ] GC(255) Using 1 of 1 workers for final reference update
[100.165s][info][gc            ] GC(255) Pause Final Update Refs 0.613ms
[100.166s][info][gc,start      ] GC(255) Concurrent cleanup
[100.166s][info][gc            ] GC(255) Concurrent cleanup 450M->254M(500M) 0.070ms
[100.166s][info][gc,ergo       ] Free: 219M, Max: 256K regular, 64256K humongous, Frag: 72% external, 1% internal; Reserve: 25600K, Max: 256K
[100.166s][info][gc,stats      ] 
[100.166s][info][gc,stats      ] All times are wall-clock times, except per-root-class counters, that are sum over
[100.166s][info][gc,stats      ] all workers. Dividing the <total> over the root stage time estimates parallelism.
[100.166s][info][gc,stats      ] 
[100.166s][info][gc,stats      ] Concurrent Reset                    423 us
[100.166s][info][gc,stats      ] Pause Init Mark (G)                4000 us
[100.166s][info][gc,stats      ] Pause Init Mark (N)                1603 us
[100.166s][info][gc,stats      ]   Accumulate Stats                   22 us
[100.166s][info][gc,stats      ]   Make Parsable                      60 us
[100.166s][info][gc,stats      ]   Update Region States               26 us
[100.166s][info][gc,stats      ]   Scan Roots                       1439 us, parallelism: 0.81x
[100.166s][info][gc,stats      ]     S: <total>                     1169 us
[100.166s][info][gc,stats      ]     S: Thread Roots                 619 us, workers (us): 619, 
[100.166s][info][gc,stats      ]     S: Universe Roots                 3 us, workers (us):   3, 
[100.166s][info][gc,stats      ]     S: JNI Handles Roots              2 us, workers (us):   2, 
[100.166s][info][gc,stats      ]     S: Synchronizer Roots             0 us, workers (us):   0, 
[100.166s][info][gc,stats      ]     S: Management Roots               2 us, workers (us):   2, 
[100.166s][info][gc,stats      ]     S: System Dict Roots             11 us, workers (us):  11, 
[100.166s][info][gc,stats      ]     S: CLDG Roots                   533 us, workers (us): 533, 
[100.166s][info][gc,stats      ]     S: JVMTI Roots                    0 us, workers (us):   0, 
[100.166s][info][gc,stats      ]   Resize TLABs                       18 us
[100.166s][info][gc,stats      ] Concurrent Marking               166169 us
[100.166s][info][gc,stats      ] Concurrent Precleaning             4477 us
[100.166s][info][gc,stats      ] Pause Final Mark (G)               5943 us
[100.166s][info][gc,stats      ] Pause Final Mark (N)               2451 us
[100.166s][info][gc,stats      ]   Finish Queues                      26 us
[100.166s][info][gc,stats      ]   Weak References                    16 us
[100.166s][info][gc,stats      ]     Process                          14 us
[100.166s][info][gc,stats      ]   System Purge                      309 us
[100.166s][info][gc,stats      ]     Weak Roots                      309 us
[100.166s][info][gc,stats      ]   Update Region States               29 us
[100.166s][info][gc,stats      ]   Retire TLABs                       30 us
[100.166s][info][gc,stats      ]   Choose Collection Set             130 us
[100.166s][info][gc,stats      ]   Rebuild Free Set                    6 us
[100.166s][info][gc,stats      ]   Initial Evacuation               1898 us, parallelism: 0.69x
[100.166s][info][gc,stats      ]     E: <total>                     1301 us
[100.166s][info][gc,stats      ]     E: Thread Roots                 579 us, workers (us): 579, 
[100.166s][info][gc,stats      ]     E: Code Cache Roots             235 us, workers (us): 235, 
[100.166s][info][gc,stats      ]     E: Universe Roots                 1 us, workers (us):   1, 
[100.166s][info][gc,stats      ]     E: JNI Handles Roots              1 us, workers (us):   1, 
[100.166s][info][gc,stats      ]     E: Synchronizer Roots             0 us, workers (us):   0, 
[100.166s][info][gc,stats      ]     E: Management Roots               1 us, workers (us):   1, 
[100.166s][info][gc,stats      ]     E: System Dict Roots             10 us, workers (us):  10, 
[100.166s][info][gc,stats      ]     E: CLDG Roots                   474 us, workers (us): 474, 
[100.166s][info][gc,stats      ]     E: JVMTI Roots                    1 us, workers (us):   1, 
[100.166s][info][gc,stats      ] Concurrent Cleanup                   34 us
[100.166s][info][gc,stats      ] Concurrent Evacuation             33802 us
[100.166s][info][gc,stats      ] Pause Init  Update Refs (G)        3551 us
[100.166s][info][gc,stats      ] Pause Init  Update Refs (N)          18 us
[100.166s][info][gc,stats      ]   Retire GCLABs                      10 us
[100.166s][info][gc,stats      ] Concurrent Update Refs           192067 us
[100.166s][info][gc,stats      ] Pause Final Update Refs (G)        2923 us
[100.166s][info][gc,stats      ] Pause Final Update Refs (N)         586 us
[100.166s][info][gc,stats      ]   Update Roots                      529 us, parallelism: 0.98x
[100.166s][info][gc,stats      ]     UR: <total>                     519 us
[100.166s][info][gc,stats      ]     UR: Thread Roots                519 us, workers (us): 519, 
[100.166s][info][gc,stats      ]   Update Region States               27 us
[100.166s][info][gc,stats      ]   Trash Collection Set                4 us
[100.166s][info][gc,stats      ]   Rebuild Free Set                    7 us
[100.166s][info][gc,stats      ] Concurrent Cleanup                   62 us
[100.166s][info][gc,stats      ] Pacing                           106762 us
[100.166s][info][gc,stats      ] 
[100.166s][info][gc,stats      ] Allocation pacing accrued:
[100.166s][info][gc,stats      ]      11 of   431 ms (  2.6%): RemoteBlock-temp-file-clean-thread
[100.166s][info][gc,stats      ]      96 of   431 ms ( 22.2%): Executor task launch worker for task 0.0 in stage 28.0 (TID 28)
[100.166s][info][gc,stats      ]     107 of   431 ms ( 24.8%): <total>
[100.166s][info][gc,stats      ]       1 of   431 ms (  0.1%): <average total>
[100.166s][info][gc,stats      ]      53 of   431 ms ( 12.4%): <average non-zero>
[100.166s][info][gc,stats      ] 
[100.166s][info][gc,metaspace  ] Metaspace: 61059K->61063K(1103872K)
[100.166s][info][gc,ergo       ] Pacer for Idle. Initial: 10240K, Alloc Tax Rate: 1.0x
[100.265s][info][gc            ] Trigger: Average GC time (319.01 ms) is above the time for allocation rate (398 MB/s) to deplete free headroom (125M)
[100.265s][info][gc,ergo       ] Free headroom: 150M (free) - 25600K (spike) - 0B (penalties) = 125M
[100.265s][info][gc,ergo       ] Free: 150M, Max: 256K regular, 64256K humongous, Frag: 59% external, 1% internal; Reserve: 25600K, Max: 256K
[100.265s][info][gc,start      ] GC(256) Concurrent reset
[100.265s][info][gc,task       ] GC(256) Using 1 of 1 workers for concurrent reset
[100.265s][info][gc,ergo       ] GC(256) Pacer for Reset. Non-Taxable: 500M
[100.265s][info][gc            ] GC(256) Concurrent reset 0.437ms
[100.268s][info][gc,start      ] GC(256) Pause Init Mark
[100.268s][info][gc,task       ] GC(256) Using 1 of 1 workers for init marking
[100.269s][info][gc,ergo       ] GC(256) Pacer for Mark. Expected Live: 88324K, Free: 150M, Non-Taxable: 15411K, Alloc Tax Rate: 0.7x
[100.269s][info][gc            ] GC(256) Pause Init Mark 1.828ms
[100.269s][info][gc,start      ] GC(256) Concurrent marking
[100.269s][info][gc,task       ] GC(256) Using 1 of 1 workers for concurrent marking
[100.374s][info][gc            ] GC(256) Concurrent marking 105.031ms
[100.375s][info][gc,start      ] GC(256) Pause Final Mark
[100.375s][info][gc,task       ] GC(256) Using 1 of 1 workers for final marking
[100.375s][info][gc,ergo       ] GC(256) Adaptive CSet Selection. Target Free: 72533K, Actual Free: 315M, Max CSet: 21333K, Min Garbage: 0B
[100.375s][info][gc,ergo       ] GC(256) Collectable Garbage: 201M (99%), Immediate: 168M (82%), CSet: 34090K (16%)
[100.377s][info][gc,ergo       ] GC(256) Pacer for Evacuation. Used CSet: 36864K, Free: 290M, Non-Taxable: 29721K, Alloc Tax Rate: 1.1x
[100.377s][info][gc            ] GC(256) Pause Final Mark 2.326ms
[100.377s][info][gc,start      ] GC(256) Concurrent cleanup
[100.377s][info][gc            ] GC(256) Concurrent cleanup 351M->183M(500M) 0.102ms
[100.377s][info][gc,ergo       ] GC(256) Free: 290M, Max: 256K regular, 130M humongous, Frag: 56% external, 1% internal; Reserve: 25597K, Max: 256K
[100.377s][info][gc,start      ] GC(256) Concurrent evacuation
[100.377s][info][gc,task       ] GC(256) Using 1 of 1 workers for concurrent evacuation
[100.385s][info][gc            ] GC(256) Concurrent evacuation 7.626ms
[100.387s][info][gc,start      ] GC(256) Pause Init Update Refs
[100.387s][info][gc,ergo       ] GC(256) Pacer for Update Refs. Used: 190M, Free: 285M, Non-Taxable: 29286K, Alloc Tax Rate: 1.1x
[100.387s][info][gc            ] GC(256) Pause Init Update Refs 0.038ms
[100.387s][info][gc,start      ] GC(256) Concurrent update references
[100.387s][info][gc,task       ] GC(256) Using 1 of 1 workers for concurrent reference update
[100.554s][info][gc            ] GC(256) Concurrent update references 166.598ms
[100.557s][info][gc,start      ] GC(256) Pause Final Update Refs
[100.557s][info][gc,task       ] GC(256) Using 1 of 1 workers for final reference update
[100.558s][info][gc            ] GC(256) Pause Final Update Refs 0.648ms
[100.558s][info][gc,start      ] GC(256) Concurrent cleanup
[100.558s][info][gc            ] GC(256) Concurrent cleanup 261M->225M(500M) 0.046ms
[100.558s][info][gc,ergo       ] Free: 248M, Max: 256K regular, 127M humongous, Frag: 49% external, 1% internal; Reserve: 25600K, Max: 256K
[100.558s][info][gc,stats      ] 
[100.558s][info][gc,stats      ] All times are wall-clock times, except per-root-class counters, that are sum over
[100.558s][info][gc,stats      ] all workers. Dividing the <total> over the root stage time estimates parallelism.
[100.558s][info][gc,stats      ] 
[100.558s][info][gc,stats      ] Concurrent Reset                    427 us
[100.558s][info][gc,stats      ] Pause Init Mark (G)                4167 us
[100.558s][info][gc,stats      ] Pause Init Mark (N)                1798 us
[100.558s][info][gc,stats      ]   Accumulate Stats                   24 us
[100.558s][info][gc,stats      ]   Make Parsable                      18 us
[100.558s][info][gc,stats      ]   Update Region States               27 us
[100.558s][info][gc,stats      ]   Scan Roots                       1645 us, parallelism: 0.83x
[100.558s][info][gc,stats      ]     S: <total>                     1364 us
[100.558s][info][gc,stats      ]     S: Thread Roots                 814 us, workers (us): 814, 
[100.558s][info][gc,stats      ]     S: Universe Roots                 3 us, workers (us):   3, 
[100.558s][info][gc,stats      ]     S: JNI Handles Roots              2 us, workers (us):   2, 
[100.558s][info][gc,stats      ]     S: Synchronizer Roots             0 us, workers (us):   0, 
[100.558s][info][gc,stats      ]     S: Management Roots               1 us, workers (us):   1, 
[100.558s][info][gc,stats      ]     S: System Dict Roots             11 us, workers (us):  11, 
[100.558s][info][gc,stats      ]     S: CLDG Roots                   533 us, workers (us): 533, 
[100.558s][info][gc,stats      ]     S: JVMTI Roots                    1 us, workers (us):   1, 
[100.558s][info][gc,stats      ]   Resize TLABs                       17 us
[100.558s][info][gc,stats      ] Concurrent Marking               105022 us
[100.558s][info][gc,stats      ] Pause Final Mark (G)               2506 us
[100.558s][info][gc,stats      ] Pause Final Mark (N)               2315 us
[100.558s][info][gc,stats      ]   Finish Queues                      15 us
[100.558s][info][gc,stats      ]   System Purge                      253 us
[100.558s][info][gc,stats      ]     Weak Roots                      253 us
[100.558s][info][gc,stats      ]   Update Region States               26 us
[100.558s][info][gc,stats      ]   Retire TLABs                       21 us
[100.558s][info][gc,stats      ]   Choose Collection Set              72 us
[100.558s][info][gc,stats      ]   Rebuild Free Set                    7 us
[100.558s][info][gc,stats      ]   Initial Evacuation               1914 us, parallelism: 0.68x
[100.558s][info][gc,stats      ]     E: <total>                     1293 us
[100.558s][info][gc,stats      ]     E: Thread Roots                 561 us, workers (us): 561, 
[100.558s][info][gc,stats      ]     E: Code Cache Roots             274 us, workers (us): 274, 
[100.558s][info][gc,stats      ]     E: Universe Roots                 1 us, workers (us):   1, 
[100.558s][info][gc,stats      ]     E: JNI Handles Roots              1 us, workers (us):   1, 
[100.558s][info][gc,stats      ]     E: Synchronizer Roots             0 us, workers (us):   0, 
[100.558s][info][gc,stats      ]     E: Management Roots               1 us, workers (us):   1, 
[100.558s][info][gc,stats      ]     E: System Dict Roots             10 us, workers (us):  10, 
[100.558s][info][gc,stats      ]     E: CLDG Roots                   445 us, workers (us): 445, 
[100.558s][info][gc,stats      ]     E: JVMTI Roots                    0 us, workers (us):   0, 
[100.558s][info][gc,stats      ] Concurrent Cleanup                   93 us
[100.558s][info][gc,stats      ] Concurrent Evacuation              7612 us
[100.558s][info][gc,stats      ] Pause Init  Update Refs (G)        2368 us
[100.558s][info][gc,stats      ] Pause Init  Update Refs (N)          19 us
[100.558s][info][gc,stats      ]   Retire GCLABs                      11 us
[100.558s][info][gc,stats      ] Concurrent Update Refs           166583 us
[100.558s][info][gc,stats      ] Pause Final Update Refs (G)        4172 us
[100.558s][info][gc,stats      ] Pause Final Update Refs (N)         612 us
[100.558s][info][gc,stats      ]   Update Roots                      562 us, parallelism: 0.98x
[100.558s][info][gc,stats      ]     UR: <total>                     550 us
[100.558s][info][gc,stats      ]     UR: Thread Roots                550 us, workers (us): 550, 
[100.558s][info][gc,stats      ]   Update Region States               28 us
[100.558s][info][gc,stats      ]   Trash Collection Set                2 us
[100.558s][info][gc,stats      ]   Rebuild Free Set                    7 us
[100.558s][info][gc,stats      ] Concurrent Cleanup                   38 us
[100.558s][info][gc,stats      ] Pacing                            54754 us
[100.558s][info][gc,stats      ] 
[100.558s][info][gc,stats      ] Allocation pacing accrued:
[100.558s][info][gc,stats      ]      13 of   393 ms (  3.2%): Spark Context Cleaner
[100.558s][info][gc,stats      ]      42 of   393 ms ( 10.7%): Executor task launch worker for task 0.0 in stage 28.0 (TID 28)
[100.558s][info][gc,stats      ]      55 of   393 ms ( 13.9%): <total>
[100.558s][info][gc,stats      ]       0 of   393 ms (  0.1%): <average total>
[100.558s][info][gc,stats      ]      27 of   393 ms (  7.0%): <average non-zero>
[100.558s][info][gc,stats      ] 
[100.558s][info][gc,metaspace  ] Metaspace: 61063K->61063K(1103872K)
[100.558s][info][gc,ergo       ] Pacer for Idle. Initial: 10240K, Alloc Tax Rate: 1.0x
[100.632s][info][gc            ] Trigger: Average GC time (328.42 ms) is above the time for allocation rate (471 MB/s) to deplete free headroom (153M)
[100.632s][info][gc,ergo       ] Free headroom: 178M (free) - 25600K (spike) - 0B (penalties) = 153M
[100.632s][info][gc,ergo       ] Free: 178M, Max: 256K regular, 127M humongous, Frag: 29% external, 1% internal; Reserve: 25600K, Max: 256K
[100.632s][info][gc,start      ] GC(257) Concurrent reset
[100.632s][info][gc,task       ] GC(257) Using 1 of 1 workers for concurrent reset
[100.632s][info][gc,ergo       ] GC(257) Pacer for Reset. Non-Taxable: 500M
[100.632s][info][gc            ] GC(257) Concurrent reset 0.235ms
[100.635s][info][gc,start      ] GC(257) Pause Init Mark
[100.635s][info][gc,task       ] GC(257) Using 1 of 1 workers for init marking
[100.636s][info][gc,ergo       ] GC(257) Pacer for Mark. Expected Live: 101611K, Free: 178M, Non-Taxable: 18329K, Alloc Tax Rate: 0.7x
[100.636s][info][gc            ] GC(257) Pause Init Mark 1.641ms
[100.636s][info][gc,start      ] GC(257) Concurrent marking
[100.636s][info][gc,task       ] GC(257) Using 1 of 1 workers for concurrent marking
[100.767s][info][gc            ] GC(257) Concurrent marking 130.393ms
[100.767s][info][gc,start      ] GC(257) Pause Final Mark
[100.767s][info][gc,task       ] GC(257) Using 1 of 1 workers for final marking
[100.767s][info][gc,ergo       ] GC(257) Collectable Garbage: 172M (98%), Immediate: 172M (98%), CSet: 0B (0%)
[100.767s][info][gc            ] GC(257) Pause Final Mark 0.420ms
[100.767s][info][gc,start      ] GC(257) Concurrent cleanup
[100.768s][info][gc            ] GC(257) Concurrent cleanup 326M->154M(500M) 0.066ms
[100.768s][info][gc,ergo       ] GC(257) Free: 319M, Max: 256K regular, 144M humongous, Frag: 55% external, 1% internal; Reserve: 25600K, Max: 256K
[100.768s][info][gc,ergo       ] Free: 319M, Max: 256K regular, 144M humongous, Frag: 55% external, 1% internal; Reserve: 25600K, Max: 256K
[100.768s][info][gc,stats      ] 
[100.768s][info][gc,stats      ] All times are wall-clock times, except per-root-class counters, that are sum over
[100.768s][info][gc,stats      ] all workers. Dividing the <total> over the root stage time estimates parallelism.
[100.768s][info][gc,stats      ] 
[100.768s][info][gc,stats      ] Concurrent Reset                    226 us
[100.768s][info][gc,stats      ] Pause Init Mark (G)                3962 us
[100.768s][info][gc,stats      ] Pause Init Mark (N)                1611 us
[100.768s][info][gc,stats      ]   Accumulate Stats                   21 us
[100.768s][info][gc,stats      ]   Make Parsable                      16 us
[100.768s][info][gc,stats      ]   Update Region States               23 us
[100.768s][info][gc,stats      ]   Scan Roots                       1491 us, parallelism: 0.79x
[100.768s][info][gc,stats      ]     S: <total>                     1181 us
[100.768s][info][gc,stats      ]     S: Thread Roots                 614 us, workers (us): 614, 
[100.768s][info][gc,stats      ]     S: Universe Roots                 3 us, workers (us):   3, 
[100.768s][info][gc,stats      ]     S: JNI Handles Roots              1 us, workers (us):   1, 
[100.768s][info][gc,stats      ]     S: Synchronizer Roots             0 us, workers (us):   0, 
[100.768s][info][gc,stats      ]     S: Management Roots               2 us, workers (us):   2, 
[100.768s][info][gc,stats      ]     S: System Dict Roots             12 us, workers (us):  12, 
[100.768s][info][gc,stats      ]     S: CLDG Roots                   548 us, workers (us): 548, 
[100.768s][info][gc,stats      ]     S: JVMTI Roots                    0 us, workers (us):   0, 
[100.768s][info][gc,stats      ]   Resize TLABs                       16 us
[100.768s][info][gc,stats      ] Concurrent Marking               130384 us
[100.768s][info][gc,stats      ] Pause Final Mark (G)                608 us
[100.768s][info][gc,stats      ] Pause Final Mark (N)                392 us
[100.768s][info][gc,stats      ]   Finish Queues                      19 us
[100.768s][info][gc,stats      ]   System Purge                      293 us
[100.768s][info][gc,stats      ]     Weak Roots                      293 us
[100.768s][info][gc,stats      ]   Update Region States               26 us
[100.768s][info][gc,stats      ]   Retire TLABs                       13 us
[100.768s][info][gc,stats      ]   Choose Collection Set              16 us
[100.768s][info][gc,stats      ]   Rebuild Free Set                    7 us
[100.768s][info][gc,stats      ] Concurrent Cleanup                   59 us
[100.768s][info][gc,stats      ] Pacing                            12469 us
[100.768s][info][gc,stats      ] 
[100.768s][info][gc,stats      ] Allocation pacing accrued:
[100.768s][info][gc,stats      ]      12 of   209 ms (  6.0%): Executor task launch worker for task 0.0 in stage 28.0 (TID 28)
[100.768s][info][gc,stats      ]      12 of   209 ms (  6.0%): <total>
[100.768s][info][gc,stats      ]       0 of   209 ms (  0.0%): <average total>
[100.768s][info][gc,stats      ]      12 of   209 ms (  6.0%): <average non-zero>
[100.768s][info][gc,stats      ] 
[100.768s][info][gc,metaspace  ] Metaspace: 61063K->61063K(1103872K)
[100.768s][info][gc,ergo       ] Pacer for Idle. Initial: 10240K, Alloc Tax Rate: 1.0x
[100.900s][info][gc            ] Trigger: Average GC time (296.84 ms) is above the time for allocation rate (580 MB/s) to deplete free headroom (171M)
[100.900s][info][gc,ergo       ] Free headroom: 196M (free) - 25600K (spike) - 0B (penalties) = 171M
[100.900s][info][gc,ergo       ] Free: 196M, Max: 256K regular, 144M humongous, Frag: 27% external, 1% internal; Reserve: 25600K, Max: 256K
[100.900s][info][gc,start      ] GC(258) Concurrent reset
[100.900s][info][gc,task       ] GC(258) Using 1 of 1 workers for concurrent reset
[100.900s][info][gc,ergo       ] GC(258) Pacer for Reset. Non-Taxable: 500M
[100.900s][info][gc            ] GC(258) Concurrent reset 0.212ms
[100.902s][info][gc,start      ] GC(258) Pause Init Mark
[100.902s][info][gc,task       ] GC(258) Using 1 of 1 workers for init marking
[100.904s][info][gc,ergo       ] GC(258) Pacer for Mark. Expected Live: 109M, Free: 196M, Non-Taxable: 20070K, Alloc Tax Rate: 0.7x
[100.904s][info][gc            ] GC(258) Pause Init Mark 1.535ms
[100.904s][info][gc,start      ] GC(258) Concurrent marking
[100.904s][info][gc,task       ] GC(258) Using 1 of 1 workers for concurrent marking
[101.007s][info][gc            ] GC(258) Concurrent marking 103.124ms
[101.007s][info][gc,start      ] GC(258) Pause Final Mark
[101.007s][info][gc,task       ] GC(258) Using 1 of 1 workers for final marking
[101.008s][info][gc,ergo       ] GC(258) Collectable Garbage: 155M (98%), Immediate: 155M (98%), CSet: 0B (0%)
[101.008s][info][gc            ] GC(258) Pause Final Mark 0.389ms
[101.008s][info][gc,start      ] GC(258) Concurrent cleanup
[101.008s][info][gc            ] GC(258) Concurrent cleanup 311M->155M(500M) 0.066ms
[101.008s][info][gc,ergo       ] GC(258) Free: 318M, Max: 256K regular, 144M humongous, Frag: 55% external, 1% internal; Reserve: 25600K, Max: 256K
[101.008s][info][gc,ergo       ] Free: 318M, Max: 256K regular, 144M humongous, Frag: 55% external, 1% internal; Reserve: 25600K, Max: 256K
[101.008s][info][gc,stats      ] 
[101.008s][info][gc,stats      ] All times are wall-clock times, except per-root-class counters, that are sum over
[101.008s][info][gc,stats      ] all workers. Dividing the <total> over the root stage time estimates parallelism.
[101.008s][info][gc,stats      ] 
[101.008s][info][gc,stats      ] Concurrent Reset                    204 us
[101.008s][info][gc,stats      ] Pause Init Mark (G)                3839 us
[101.008s][info][gc,stats      ] Pause Init Mark (N)                1513 us
[101.008s][info][gc,stats      ]   Accumulate Stats                   22 us
[101.008s][info][gc,stats      ]   Make Parsable                      17 us
[101.008s][info][gc,stats      ]   Update Region States               22 us
[101.008s][info][gc,stats      ]   Scan Roots                       1408 us, parallelism: 0.79x
[101.008s][info][gc,stats      ]     S: <total>                     1112 us
[101.008s][info][gc,stats      ]     S: Thread Roots                 566 us, workers (us): 566, 
[101.008s][info][gc,stats      ]     S: Universe Roots                 2 us, workers (us):   2, 
[101.008s][info][gc,stats      ]     S: JNI Handles Roots              1 us, workers (us):   1, 
[101.008s][info][gc,stats      ]     S: Synchronizer Roots             0 us, workers (us):   0, 
[101.008s][info][gc,stats      ]     S: Management Roots               2 us, workers (us):   2, 
[101.008s][info][gc,stats      ]     S: System Dict Roots             11 us, workers (us):  11, 
[101.008s][info][gc,stats      ]     S: CLDG Roots                   529 us, workers (us): 529, 
[101.008s][info][gc,stats      ]     S: JVMTI Roots                    0 us, workers (us):   0, 
[101.008s][info][gc,stats      ]   Resize TLABs                       14 us
[101.008s][info][gc,stats      ] Concurrent Marking               103115 us
[101.008s][info][gc,stats      ] Pause Final Mark (G)                554 us
[101.008s][info][gc,stats      ] Pause Final Mark (N)                378 us
[101.008s][info][gc,stats      ]   Finish Queues                      19 us
[101.008s][info][gc,stats      ]   System Purge                      285 us
[101.008s][info][gc,stats      ]     Weak Roots                      284 us
[101.008s][info][gc,stats      ]   Update Region States               26 us
[101.008s][info][gc,stats      ]   Retire TLABs                       18 us
[101.008s][info][gc,stats      ]   Choose Collection Set              15 us
[101.008s][info][gc,stats      ]   Rebuild Free Set                    7 us
[101.008s][info][gc,stats      ] Concurrent Cleanup                   59 us
[101.008s][info][gc,stats      ] Pacing                            47431 us
[101.008s][info][gc,stats      ] 
[101.008s][info][gc,stats      ] Allocation pacing accrued:
[101.008s][info][gc,stats      ]      13 of   240 ms (  5.3%): Spark Context Cleaner
[101.008s][info][gc,stats      ]      35 of   240 ms ( 14.5%): Executor task launch worker for task 0.0 in stage 28.0 (TID 28)
[101.008s][info][gc,stats      ]      47 of   240 ms ( 19.7%): <total>
[101.008s][info][gc,stats      ]       0 of   240 ms (  0.1%): <average total>
[101.008s][info][gc,stats      ]      24 of   240 ms (  9.9%): <average non-zero>
[101.008s][info][gc,stats      ] 
[101.008s][info][gc,metaspace  ] Metaspace: 61063K->61063K(1103872K)
[101.008s][info][gc,ergo       ] Pacer for Idle. Initial: 10240K, Alloc Tax Rate: 1.0x
[101.227s][info][gc            ] Trigger: Average GC time (259.84 ms) is above the time for allocation rate (557 MB/s) to deplete free headroom (144M)
[101.227s][info][gc,ergo       ] Free headroom: 169M (free) - 25600K (spike) - 0B (penalties) = 144M
[101.227s][info][gc,ergo       ] Free: 169M, Max: 256K regular, 144M humongous, Frag: 15% external, 1% internal; Reserve: 25600K, Max: 256K
[101.227s][info][gc,start      ] GC(259) Concurrent reset
[101.227s][info][gc,task       ] GC(259) Using 1 of 1 workers for concurrent reset
[101.227s][info][gc,ergo       ] GC(259) Pacer for Reset. Non-Taxable: 500M
[101.227s][info][gc            ] GC(259) Concurrent reset 0.264ms
[101.230s][info][gc,start      ] GC(259) Pause Init Mark
[101.230s][info][gc,task       ] GC(259) Using 1 of 1 workers for init marking
[101.232s][info][gc,ergo       ] GC(259) Pacer for Mark. Expected Live: 115M, Free: 169M, Non-Taxable: 17305K, Alloc Tax Rate: 0.8x
[101.232s][info][gc            ] GC(259) Pause Init Mark 1.894ms
[101.232s][info][gc,start      ] GC(259) Concurrent marking
[101.232s][info][gc,task       ] GC(259) Using 1 of 1 workers for concurrent marking
[101.354s][info][gc            ] GC(259) Concurrent marking 122.452ms
[101.355s][info][gc,start      ] GC(259) Pause Final Mark
[101.355s][info][gc,task       ] GC(259) Using 1 of 1 workers for final marking
[101.355s][info][gc,ergo       ] GC(259) Collectable Garbage: 182M (98%), Immediate: 182M (98%), CSet: 0B (0%)
[101.355s][info][gc            ] GC(259) Pause Final Mark 0.645ms
[101.355s][info][gc,start      ] GC(259) Concurrent cleanup
[101.355s][info][gc            ] GC(259) Concurrent cleanup 337M->155M(500M) 0.150ms
[101.355s][info][gc,ergo       ] GC(259) Free: 318M, Max: 256K regular, 136M humongous, Frag: 58% external, 1% internal; Reserve: 25600K, Max: 256K
[101.356s][info][gc,ergo       ] Free: 318M, Max: 256K regular, 136M humongous, Frag: 58% external, 1% internal; Reserve: 25600K, Max: 256K
[101.356s][info][gc,stats      ] 
[101.356s][info][gc,stats      ] All times are wall-clock times, except per-root-class counters, that are sum over
[101.356s][info][gc,stats      ] all workers. Dividing the <total> over the root stage time estimates parallelism.
[101.356s][info][gc,stats      ] 
[101.356s][info][gc,stats      ] Concurrent Reset                    228 us
[101.356s][info][gc,stats      ] Pause Init Mark (G)                4265 us
[101.356s][info][gc,stats      ] Pause Init Mark (N)                1849 us
[101.356s][info][gc,stats      ]   Accumulate Stats                   23 us
[101.356s][info][gc,stats      ]   Make Parsable                      15 us
[101.356s][info][gc,stats      ]   Update Region States               36 us
[101.356s][info][gc,stats      ]   Scan Roots                       1691 us, parallelism: 0.78x
[101.356s][info][gc,stats      ]     S: <total>                     1318 us
[101.356s][info][gc,stats      ]     S: Thread Roots                 696 us, workers (us): 696, 
[101.356s][info][gc,stats      ]     S: Universe Roots                 3 us, workers (us):   3, 
[101.356s][info][gc,stats      ]     S: JNI Handles Roots              2 us, workers (us):   2, 
[101.356s][info][gc,stats      ]     S: Synchronizer Roots             0 us, workers (us):   0, 
[101.356s][info][gc,stats      ]     S: Management Roots               2 us, workers (us):   2, 
[101.356s][info][gc,stats      ]     S: System Dict Roots             13 us, workers (us):  13, 
[101.356s][info][gc,stats      ]     S: CLDG Roots                   601 us, workers (us): 601, 
[101.356s][info][gc,stats      ]     S: JVMTI Roots                    1 us, workers (us):   1, 
[101.356s][info][gc,stats      ]   Resize TLABs                       23 us
[101.356s][info][gc,stats      ] Concurrent Marking               122442 us
[101.356s][info][gc,stats      ] Pause Final Mark (G)               1002 us
[101.356s][info][gc,stats      ] Pause Final Mark (N)                621 us
[101.356s][info][gc,stats      ]   Finish Queues                      31 us
[101.356s][info][gc,stats      ]   System Purge                      427 us
[101.356s][info][gc,stats      ]     Weak Roots                      427 us
[101.356s][info][gc,stats      ]   Update Region States               50 us
[101.356s][info][gc,stats      ]   Retire TLABs                       28 us
[101.356s][info][gc,stats      ]   Choose Collection Set              56 us
[101.356s][info][gc,stats      ]   Rebuild Free Set                   15 us
[101.356s][info][gc,stats      ] Concurrent Cleanup                  137 us
[101.356s][info][gc,stats      ] Pacing                            56518 us
[101.356s][info][gc,stats      ] 
[101.356s][info][gc,stats      ] Allocation pacing accrued:
[101.356s][info][gc,stats      ]      57 of   348 ms ( 16.3%): Executor task launch worker for task 0.0 in stage 28.0 (TID 28)
[101.356s][info][gc,stats      ]      57 of   348 ms ( 16.3%): <total>
[101.356s][info][gc,stats      ]       0 of   348 ms (  0.1%): <average total>
[101.356s][info][gc,stats      ]      57 of   348 ms ( 16.3%): <average non-zero>
[101.356s][info][gc,stats      ] 
[101.356s][info][gc,metaspace  ] Metaspace: 61063K->61063K(1103872K)
[101.356s][info][gc,ergo       ] Pacer for Idle. Initial: 10240K, Alloc Tax Rate: 1.0x
[101.561s][info][gc            ] Trigger: Average GC time (215.78 ms) is above the time for allocation rate (595 MB/s) to deplete free headroom (127M)
[101.562s][info][gc,ergo       ] Free headroom: 152M (free) - 25600K (spike) - 0B (penalties) = 127M
[101.562s][info][gc,ergo       ] Free: 152M, Max: 256K regular, 136M humongous, Frag: 11% external, 1% internal; Reserve: 25600K, Max: 256K
[101.562s][info][gc,start      ] GC(260) Concurrent reset
[101.562s][info][gc,task       ] GC(260) Using 1 of 1 workers for concurrent reset
[101.562s][info][gc,ergo       ] GC(260) Pacer for Reset. Non-Taxable: 500M
[101.562s][info][gc            ] GC(260) Concurrent reset 0.203ms
[101.564s][info][gc,start      ] GC(260) Pause Init Mark (process weakrefs)
[101.564s][info][gc,task       ] GC(260) Using 1 of 1 workers for init marking
[101.566s][info][gc,ergo       ] GC(260) Pacer for Mark. Expected Live: 119M, Free: 152M, Non-Taxable: 15616K, Alloc Tax Rate: 1.0x
[101.566s][info][gc            ] GC(260) Pause Init Mark (process weakrefs) 1.590ms
[101.566s][info][gc,start      ] GC(260) Concurrent marking (process weakrefs)
[101.566s][info][gc,task       ] GC(260) Using 1 of 1 workers for concurrent marking
[101.666s][info][gc            ] GC(260) Concurrent marking (process weakrefs) 100.116ms
[101.666s][info][gc,start      ] GC(260) Concurrent precleaning
[101.666s][info][gc,task       ] GC(260) Using 1 of 1 workers for concurrent preclean
[101.666s][info][gc,ergo       ] GC(260) Pacer for Precleaning. Non-Taxable: 500M
[101.670s][info][gc            ] GC(260) Concurrent precleaning 4.406ms
[101.674s][info][gc,start      ] GC(260) Pause Final Mark (process weakrefs)
[101.674s][info][gc,task       ] GC(260) Using 1 of 1 workers for final marking
[101.674s][info][gc,ergo       ] GC(260) Collectable Garbage: 198M (98%), Immediate: 198M (98%), CSet: 0B (0%)
[101.674s][info][gc            ] GC(260) Pause Final Mark (process weakrefs) 0.414ms
[101.674s][info][gc,start      ] GC(260) Concurrent cleanup
[101.675s][info][gc            ] GC(260) Concurrent cleanup 351M->152M(500M) 0.070ms
[101.675s][info][gc,ergo       ] GC(260) Free: 321M, Max: 256K regular, 122M humongous, Frag: 62% external, 1% internal; Reserve: 25600K, Max: 256K
[101.675s][info][gc,ergo       ] Free: 321M, Max: 256K regular, 122M humongous, Frag: 62% external, 1% internal; Reserve: 25600K, Max: 256K
[101.675s][info][gc,stats      ] 
[101.675s][info][gc,stats      ] All times are wall-clock times, except per-root-class counters, that are sum over
[101.675s][info][gc,stats      ] all workers. Dividing the <total> over the root stage time estimates parallelism.
[101.675s][info][gc,stats      ] 
[101.675s][info][gc,stats      ] Concurrent Reset                    195 us
[101.675s][info][gc,stats      ] Pause Init Mark (G)                3906 us
[101.675s][info][gc,stats      ] Pause Init Mark (N)                1569 us
[101.675s][info][gc,stats      ]   Accumulate Stats                   31 us
[101.675s][info][gc,stats      ]   Make Parsable                      14 us
[101.675s][info][gc,stats      ]   Update Region States               24 us
[101.675s][info][gc,stats      ]   Scan Roots                       1420 us, parallelism: 0.80x
[101.675s][info][gc,stats      ]     S: <total>                     1140 us
[101.675s][info][gc,stats      ]     S: Thread Roots                 588 us, workers (us): 588, 
[101.675s][info][gc,stats      ]     S: Universe Roots                 2 us, workers (us):   2, 
[101.675s][info][gc,stats      ]     S: JNI Handles Roots              1 us, workers (us):   1, 
[101.675s][info][gc,stats      ]     S: Synchronizer Roots             0 us, workers (us):   0, 
[101.675s][info][gc,stats      ]     S: Management Roots               1 us, workers (us):   1, 
[101.675s][info][gc,stats      ]     S: System Dict Roots             11 us, workers (us):  11, 
[101.675s][info][gc,stats      ]     S: CLDG Roots                   536 us, workers (us): 536, 
[101.675s][info][gc,stats      ]     S: JVMTI Roots                    1 us, workers (us):   1, 
[101.675s][info][gc,stats      ]   Resize TLABs                       14 us
[101.675s][info][gc,stats      ] Concurrent Marking               100107 us
[101.675s][info][gc,stats      ] Concurrent Precleaning             4394 us
[101.675s][info][gc,stats      ] Pause Final Mark (G)               3929 us
[101.675s][info][gc,stats      ] Pause Final Mark (N)                379 us
[101.675s][info][gc,stats      ]   Finish Queues                      29 us
[101.675s][info][gc,stats      ]   Weak References                    14 us
[101.675s][info][gc,stats      ]     Process                          12 us
[101.675s][info][gc,stats      ]   System Purge                      256 us
[101.675s][info][gc,stats      ]     Weak Roots                      256 us
[101.675s][info][gc,stats      ]   Update Region States               29 us
[101.675s][info][gc,stats      ]   Retire TLABs                       22 us
[101.675s][info][gc,stats      ]   Choose Collection Set              16 us
[101.675s][info][gc,stats      ]   Rebuild Free Set                    7 us
[101.675s][info][gc,stats      ] Concurrent Cleanup                   63 us
[101.675s][info][gc,stats      ] Pacing                            49200 us
[101.675s][info][gc,stats      ] 
[101.675s][info][gc,stats      ] Allocation pacing accrued:
[101.675s][info][gc,stats      ]      49 of   319 ms ( 15.4%): Executor task launch worker for task 0.0 in stage 28.0 (TID 28)
[101.675s][info][gc,stats      ]      49 of   319 ms ( 15.4%): <total>
[101.675s][info][gc,stats      ]       0 of   319 ms (  0.1%): <average total>
[101.675s][info][gc,stats      ]      49 of   319 ms ( 15.4%): <average non-zero>
[101.675s][info][gc,stats      ] 
[101.675s][info][gc,metaspace  ] Metaspace: 61063K->61063K(1103872K)
[101.675s][info][gc,ergo       ] Pacer for Idle. Initial: 10240K, Alloc Tax Rate: 1.0x
[101.872s][info][gc            ] Trigger: Average GC time (155.56 ms) is above the time for allocation rate (702 MB/s) to deplete free headroom (108M)
[101.872s][info][gc,ergo       ] Free headroom: 133M (free) - 25600K (spike) - 0B (penalties) = 108M
[101.872s][info][gc,ergo       ] Free: 133M, Max: 256K regular, 122M humongous, Frag: 8% external, 2% internal; Reserve: 25600K, Max: 256K
[101.872s][info][gc,start      ] GC(261) Concurrent reset
[101.872s][info][gc,task       ] GC(261) Using 1 of 1 workers for concurrent reset
[101.872s][info][gc,ergo       ] GC(261) Pacer for Reset. Non-Taxable: 500M
[101.873s][info][gc            ] GC(261) Concurrent reset 0.203ms
[101.875s][info][gc,start      ] GC(261) Pause Init Mark
[101.875s][info][gc,task       ] GC(261) Using 1 of 1 workers for init marking
[101.876s][info][gc,ergo       ] GC(261) Pacer for Mark. Expected Live: 119M, Free: 133M, Non-Taxable: 13644K, Alloc Tax Rate: 1.1x
[101.876s][info][gc            ] GC(261) Pause Init Mark 1.625ms
[101.876s][info][gc,start      ] GC(261) Concurrent marking
[101.876s][info][gc,task       ] GC(261) Using 1 of 1 workers for concurrent marking
[101.974s][info][gc            ] GC(261) Concurrent marking 98.019ms
[101.975s][info][gc,start      ] GC(261) Pause Final Mark
[101.975s][info][gc,task       ] GC(261) Using 1 of 1 workers for final marking
[101.975s][info][gc,ergo       ] GC(261) Collectable Garbage: 218M (98%), Immediate: 218M (98%), CSet: 0B (0%)
[101.975s][info][gc            ] GC(261) Pause Final Mark 0.375ms
[101.975s][info][gc,start      ] GC(261) Concurrent cleanup
[101.975s][info][gc            ] GC(261) Concurrent cleanup 362M->144M(500M) 0.072ms
[101.975s][info][gc,ergo       ] GC(261) Free: 329M, Max: 256K regular, 111M humongous, Frag: 67% external, 1% internal; Reserve: 25600K, Max: 256K
[101.975s][info][gc,ergo       ] Free: 329M, Max: 256K regular, 111M humongous, Frag: 67% external, 1% internal; Reserve: 25600K, Max: 256K
[101.975s][info][gc,stats      ] 
[101.975s][info][gc,stats      ] All times are wall-clock times, except per-root-class counters, that are sum over
[101.975s][info][gc,stats      ] all workers. Dividing the <total> over the root stage time estimates parallelism.
[101.975s][info][gc,stats      ] 
[101.975s][info][gc,stats      ] Concurrent Reset                    195 us
[101.975s][info][gc,stats      ] Pause Init Mark (G)                3939 us
[101.975s][info][gc,stats      ] Pause Init Mark (N)                1598 us
[101.975s][info][gc,stats      ]   Accumulate Stats                   21 us
[101.975s][info][gc,stats      ]   Make Parsable                      15 us
[101.975s][info][gc,stats      ]   Update Region States               23 us
[101.975s][info][gc,stats      ]   Scan Roots                       1477 us, parallelism: 0.79x
[101.975s][info][gc,stats      ]     S: <total>                     1172 us
[101.975s][info][gc,stats      ]     S: Thread Roots                 609 us, workers (us): 609, 
[101.975s][info][gc,stats      ]     S: Universe Roots                 2 us, workers (us):   2, 
[101.975s][info][gc,stats      ]     S: JNI Handles Roots              1 us, workers (us):   1, 
[101.975s][info][gc,stats      ]     S: Synchronizer Roots             0 us, workers (us):   0, 
[101.975s][info][gc,stats      ]     S: Management Roots               1 us, workers (us):   1, 
[101.975s][info][gc,stats      ]     S: System Dict Roots             12 us, workers (us):  12, 
[101.975s][info][gc,stats      ]     S: CLDG Roots                   546 us, workers (us): 546, 
[101.975s][info][gc,stats      ]     S: JVMTI Roots                    0 us, workers (us):   0, 
[101.975s][info][gc,stats      ]   Resize TLABs                       19 us
[101.975s][info][gc,stats      ] Concurrent Marking                98010 us
[101.975s][info][gc,stats      ] Pause Final Mark (G)                530 us
[101.975s][info][gc,stats      ] Pause Final Mark (N)                366 us
[101.975s][info][gc,stats      ]   Finish Queues                      13 us
[101.975s][info][gc,stats      ]   System Purge                      269 us
[101.975s][info][gc,stats      ]     Weak Roots                      269 us
[101.975s][info][gc,stats      ]   Update Region States               26 us
[101.975s][info][gc,stats      ]   Retire TLABs                       25 us
[101.975s][info][gc,stats      ]   Choose Collection Set              19 us
[101.975s][info][gc,stats      ]   Rebuild Free Set                    7 us
[101.975s][info][gc,stats      ] Concurrent Cleanup                   66 us
[101.975s][info][gc,stats      ] Pacing                            37745 us
[101.975s][info][gc,stats      ] 
[101.975s][info][gc,stats      ] Allocation pacing accrued:
[101.975s][info][gc,stats      ]      38 of   301 ms ( 12.6%): Executor task launch worker for task 0.0 in stage 28.0 (TID 28)
[101.975s][info][gc,stats      ]      38 of   301 ms ( 12.6%): <total>
[101.975s][info][gc,stats      ]       0 of   301 ms (  0.1%): <average total>
[101.975s][info][gc,stats      ]      38 of   301 ms ( 12.6%): <average non-zero>
[101.975s][info][gc,stats      ] 
[101.975s][info][gc,metaspace  ] Metaspace: 61063K->61063K(1103872K)
[101.975s][info][gc,ergo       ] Pacer for Idle. Initial: 10240K, Alloc Tax Rate: 1.0x
[102.214s][info][gc            ] Trigger: Average GC time (117.44 ms) is above the time for allocation rate (713 MB/s) to deplete free headroom (84480K)
[102.214s][info][gc,ergo       ] Free headroom: 107M (free) - 25600K (spike) - 0B (penalties) = 84480K
[102.214s][info][gc,ergo       ] Free: 107M, Max: 256K regular, 107M humongous, Frag: 0% external, 2% internal; Reserve: 25600K, Max: 256K
[102.214s][info][gc,start      ] GC(262) Concurrent reset
[102.214s][info][gc,task       ] GC(262) Using 1 of 1 workers for concurrent reset
[102.214s][info][gc,ergo       ] GC(262) Pacer for Reset. Non-Taxable: 500M
[102.215s][info][gc            ] GC(262) Concurrent reset 0.202ms
[102.217s][info][gc,start      ] GC(262) Pause Init Mark
[102.217s][info][gc,task       ] GC(262) Using 1 of 1 workers for init marking
[102.218s][info][gc,ergo       ] GC(262) Pacer for Mark. Expected Live: 119M, Free: 107M, Non-Taxable: 11008K, Alloc Tax Rate: 1.4x
[102.218s][info][gc            ] GC(262) Pause Init Mark 1.611ms
[102.219s][info][gc,start      ] GC(262) Concurrent marking
[102.219s][info][gc,task       ] GC(262) Using 1 of 1 workers for concurrent marking
[102.398s][info][gc            ] GC(262) Concurrent marking 179.512ms
[102.399s][info][gc,start      ] GC(262) Pause Final Mark
[102.399s][info][gc,task       ] GC(262) Using 1 of 1 workers for final marking
[102.399s][info][gc,ergo       ] GC(262) Collectable Garbage: 243M (98%), Immediate: 243M (98%), CSet: 0B (0%)
[102.400s][info][gc            ] GC(262) Pause Final Mark 0.934ms
[102.400s][info][gc,start      ] GC(262) Concurrent cleanup
[102.400s][info][gc            ] GC(262) Concurrent cleanup 385M->141M(500M) 0.267ms
[102.400s][info][gc,ergo       ] GC(262) Free: 332M, Max: 256K regular, 110M humongous, Frag: 67% external, 1% internal; Reserve: 25600K, Max: 256K
[102.400s][info][gc,ergo       ] Free: 332M, Max: 256K regular, 110M humongous, Frag: 67% external, 1% internal; Reserve: 25600K, Max: 256K
[102.400s][info][gc,stats      ] 
[102.400s][info][gc,stats      ] All times are wall-clock times, except per-root-class counters, that are sum over
[102.400s][info][gc,stats      ] all workers. Dividing the <total> over the root stage time estimates parallelism.
[102.400s][info][gc,stats      ] 
[102.400s][info][gc,stats      ] Concurrent Reset                    194 us
[102.400s][info][gc,stats      ] Pause Init Mark (G)                3953 us
[102.400s][info][gc,stats      ] Pause Init Mark (N)                1584 us
[102.400s][info][gc,stats      ]   Accumulate Stats                   21 us
[102.400s][info][gc,stats      ]   Make Parsable                      14 us
[102.400s][info][gc,stats      ]   Update Region States               24 us
[102.400s][info][gc,stats      ]   Scan Roots                       1468 us, parallelism: 0.80x
[102.400s][info][gc,stats      ]     S: <total>                     1178 us
[102.400s][info][gc,stats      ]     S: Thread Roots                 630 us, workers (us): 630, 
[102.400s][info][gc,stats      ]     S: Universe Roots                 2 us, workers (us):   2, 
[102.400s][info][gc,stats      ]     S: JNI Handles Roots              1 us, workers (us):   1, 
[102.400s][info][gc,stats      ]     S: Synchronizer Roots             0 us, workers (us):   0, 
[102.400s][info][gc,stats      ]     S: Management Roots               1 us, workers (us):   1, 
[102.400s][info][gc,stats      ]     S: System Dict Roots             11 us, workers (us):  11, 
[102.400s][info][gc,stats      ]     S: CLDG Roots                   531 us, workers (us): 531, 
[102.400s][info][gc,stats      ]     S: JVMTI Roots                    0 us, workers (us):   0, 
[102.400s][info][gc,stats      ]   Resize TLABs                       17 us
[102.400s][info][gc,stats      ] Concurrent Marking               179501 us
[102.400s][info][gc,stats      ] Pause Final Mark (G)               1441 us
[102.400s][info][gc,stats      ] Pause Final Mark (N)                906 us
[102.400s][info][gc,stats      ]   Finish Queues                      41 us
[102.400s][info][gc,stats      ]   System Purge                      638 us
[102.400s][info][gc,stats      ]     Weak Roots                      637 us
[102.400s][info][gc,stats      ]   Update Region States               68 us
[102.400s][info][gc,stats      ]   Retire TLABs                       49 us
[102.400s][info][gc,stats      ]   Choose Collection Set              71 us
[102.400s][info][gc,stats      ]   Rebuild Free Set                   21 us
[102.400s][info][gc,stats      ] Concurrent Cleanup                  245 us
[102.400s][info][gc,stats      ] Pacing                           125434 us
[102.400s][info][gc,stats      ] 
[102.400s][info][gc,stats      ] Allocation pacing accrued:
[102.400s][info][gc,stats      ]      13 of   425 ms (  3.0%): Spark Context Cleaner
[102.400s][info][gc,stats      ]     113 of   425 ms ( 26.5%): Executor task launch worker for task 0.0 in stage 28.0 (TID 28)
[102.400s][info][gc,stats      ]     125 of   425 ms ( 29.5%): <total>
[102.400s][info][gc,stats      ]       1 of   425 ms (  0.2%): <average total>
[102.400s][info][gc,stats      ]      63 of   425 ms ( 14.8%): <average non-zero>
[102.400s][info][gc,stats      ] 
[102.400s][info][gc,metaspace  ] Metaspace: 61063K->61063K(1103872K)
[102.400s][info][gc,ergo       ] Pacer for Idle. Initial: 10240K, Alloc Tax Rate: 1.0x
[102.630s][info][gc            ] Trigger: Average GC time (127.47 ms) is above the time for allocation rate (605 MB/s) to deplete free headroom (76288K)
[102.631s][info][gc,ergo       ] Free headroom: 101888K (free) - 25600K (spike) - 0B (penalties) = 76288K
[102.631s][info][gc,ergo       ] Free: 101888K, Max: 256K regular, 90368K humongous, Frag: 12% external, 2% internal; Reserve: 25600K, Max: 256K
[102.631s][info][gc,start      ] GC(263) Concurrent reset
[102.631s][info][gc,task       ] GC(263) Using 1 of 1 workers for concurrent reset
[102.631s][info][gc,ergo       ] GC(263) Pacer for Reset. Non-Taxable: 500M
[102.631s][info][gc            ] GC(263) Concurrent reset 0.206ms
[102.633s][info][gc,start      ] GC(263) Pause Init Mark
[102.633s][info][gc,task       ] GC(263) Using 1 of 1 workers for init marking
[102.635s][info][gc,ergo       ] GC(263) Pacer for Mark. Expected Live: 119M, Free: 101888K, Non-Taxable: 10188K, Alloc Tax Rate: 1.5x
[102.635s][info][gc            ] GC(263) Pause Init Mark 1.547ms
[102.635s][info][gc,start      ] GC(263) Concurrent marking
[102.635s][info][gc,task       ] GC(263) Using 1 of 1 workers for concurrent marking
[102.663s][info][gc            ] GC(263) Concurrent marking 28.408ms
[102.663s][info][gc,start      ] GC(263) Pause Final Mark
[102.663s][info][gc,task       ] GC(263) Using 1 of 1 workers for final marking
[102.664s][info][gc,ergo       ] GC(263) Collectable Garbage: 343M (98%), Immediate: 343M (98%), CSet: 0B (0%)
[102.664s][info][gc            ] GC(263) Pause Final Mark 0.541ms
[102.664s][info][gc,start      ] GC(263) Concurrent cleanup
[102.664s][info][gc            ] GC(263) Concurrent cleanup 387M->43M(500M) 0.094ms
[102.664s][info][gc,ergo       ] GC(263) Free: 430M, Max: 256K regular, 181M humongous, Frag: 58% external, 0% internal; Reserve: 25600K, Max: 256K
[102.664s][info][gc,ergo       ] Free: 430M, Max: 256K regular, 181M humongous, Frag: 58% external, 0% internal; Reserve: 25600K, Max: 256K
[102.664s][info][gc,stats      ] 
[102.664s][info][gc,stats      ] All times are wall-clock times, except per-root-class counters, that are sum over
[102.664s][info][gc,stats      ] all workers. Dividing the <total> over the root stage time estimates parallelism.
[102.664s][info][gc,stats      ] 
[102.664s][info][gc,stats      ] Concurrent Reset                    198 us
[102.664s][info][gc,stats      ] Pause Init Mark (G)                3858 us
[102.664s][info][gc,stats      ] Pause Init Mark (N)                1527 us
[102.664s][info][gc,stats      ]   Accumulate Stats                   21 us
[102.664s][info][gc,stats      ]   Make Parsable                      14 us
[102.664s][info][gc,stats      ]   Update Region States               22 us
[102.664s][info][gc,stats      ]   Scan Roots                       1425 us, parallelism: 0.79x
[102.664s][info][gc,stats      ]     S: <total>                     1128 us
[102.664s][info][gc,stats      ]     S: Thread Roots                 586 us, workers (us): 586, 
[102.664s][info][gc,stats      ]     S: Universe Roots                 2 us, workers (us):   2, 
[102.664s][info][gc,stats      ]     S: JNI Handles Roots              1 us, workers (us):   1, 
[102.664s][info][gc,stats      ]     S: Synchronizer Roots             0 us, workers (us):   0, 
[102.664s][info][gc,stats      ]     S: Management Roots               1 us, workers (us):   1, 
[102.664s][info][gc,stats      ]     S: System Dict Roots             11 us, workers (us):  11, 
[102.664s][info][gc,stats      ]     S: CLDG Roots                   525 us, workers (us): 525, 
[102.664s][info][gc,stats      ]     S: JVMTI Roots                    0 us, workers (us):   0, 
[102.664s][info][gc,stats      ]   Resize TLABs                       14 us
[102.664s][info][gc,stats      ] Concurrent Marking                28399 us
[102.664s][info][gc,stats      ] Pause Final Mark (G)                825 us
[102.664s][info][gc,stats      ] Pause Final Mark (N)                511 us
[102.664s][info][gc,stats      ]   Finish Queues                      39 us
[102.664s][info][gc,stats      ]   System Purge                      338 us
[102.664s][info][gc,stats      ]     Weak Roots                      337 us
[102.664s][info][gc,stats      ]   Update Region States               30 us
[102.664s][info][gc,stats      ]   Retire TLABs                       34 us
[102.664s][info][gc,stats      ]   Choose Collection Set              52 us
[102.664s][info][gc,stats      ]   Rebuild Free Set                    7 us
[102.664s][info][gc,stats      ] Concurrent Cleanup                   85 us
[102.664s][info][gc,stats      ] Pacing                             5431 us
[102.664s][info][gc,stats      ] 
[102.664s][info][gc,stats      ] Allocation pacing accrued:
[102.664s][info][gc,stats      ]       5 of   264 ms (  2.1%): Executor task launch worker for task 0.0 in stage 28.0 (TID 28)
[102.664s][info][gc,stats      ]       5 of   264 ms (  2.1%): <total>
[102.664s][info][gc,stats      ]       0 of   264 ms (  0.0%): <average total>
[102.664s][info][gc,stats      ]       5 of   264 ms (  2.1%): <average non-zero>
[102.664s][info][gc,stats      ] 
[102.664s][info][gc,metaspace  ] Metaspace: 61063K->61063K(1103872K)
[102.664s][info][gc,ergo       ] Pacer for Idle. Initial: 10240K, Alloc Tax Rate: 1.0x
[102.893s][info][gc            ] Trigger: Average GC time (112.59 ms) is above the time for allocation rate (1123 MB/s) to deplete free headroom (123M)
[102.893s][info][gc,ergo       ] Free headroom: 148M (free) - 25600K (spike) - 0B (penalties) = 123M
[102.894s][info][gc,ergo       ] Free: 148M, Max: 256K regular, 87040K humongous, Frag: 43% external, 1% internal; Reserve: 25600K, Max: 256K
[102.894s][info][gc,start      ] GC(264) Concurrent reset
[102.894s][info][gc,task       ] GC(264) Using 1 of 1 workers for concurrent reset
[102.894s][info][gc,ergo       ] GC(264) Pacer for Reset. Non-Taxable: 500M
[102.894s][info][gc            ] GC(264) Concurrent reset 0.114ms
[102.896s][info][gc,start      ] GC(264) Pause Init Mark
[102.896s][info][gc,task       ] GC(264) Using 1 of 1 workers for init marking
[102.898s][info][gc,ergo       ] GC(264) Pacer for Mark. Expected Live: 100M, Free: 148M, Non-Taxable: 15206K, Alloc Tax Rate: 0.8x
[102.898s][info][gc            ] GC(264) Pause Init Mark 1.643ms
[102.898s][info][gc,start      ] GC(264) Concurrent marking
[102.898s][info][gc,task       ] GC(264) Using 1 of 1 workers for concurrent marking
[102.934s][info][gc            ] GC(264) Concurrent marking 36.138ms
[102.934s][info][gc,start      ] GC(264) Pause Final Mark
[102.934s][info][gc,task       ] GC(264) Using 1 of 1 workers for final marking
[102.934s][info][gc,ergo       ] GC(264) Collectable Garbage: 295M (97%), Immediate: 295M (97%), CSet: 0B (0%)
[102.934s][info][gc            ] GC(264) Pause Final Mark 0.427ms
[102.934s][info][gc,start      ] GC(264) Concurrent cleanup
[102.934s][info][gc            ] GC(264) Concurrent cleanup 345M->50M(500M) 0.084ms
[102.934s][info][gc,ergo       ] GC(264) Free: 423M, Max: 256K regular, 181M humongous, Frag: 58% external, 0% internal; Reserve: 25600K, Max: 256K
[102.934s][info][gc,ergo       ] Free: 423M, Max: 256K regular, 181M humongous, Frag: 58% external, 0% internal; Reserve: 25600K, Max: 256K
[102.934s][info][gc,stats      ] 
[102.935s][info][gc,stats      ] All times are wall-clock times, except per-root-class counters, that are sum over
[102.935s][info][gc,stats      ] all workers. Dividing the <total> over the root stage time estimates parallelism.
[102.935s][info][gc,stats      ] 
[102.935s][info][gc,stats      ] Concurrent Reset                    105 us
[102.935s][info][gc,stats      ] Pause Init Mark (G)                3963 us
[102.935s][info][gc,stats      ] Pause Init Mark (N)                1617 us
[102.935s][info][gc,stats      ]   Accumulate Stats                   22 us
[102.935s][info][gc,stats      ]   Make Parsable                      14 us
[102.935s][info][gc,stats      ]   Update Region States               29 us
[102.935s][info][gc,stats      ]   Scan Roots                       1495 us, parallelism: 0.80x
[102.935s][info][gc,stats      ]     S: <total>                     1194 us
[102.935s][info][gc,stats      ]     S: Thread Roots                 615 us, workers (us): 615, 
[102.935s][info][gc,stats      ]     S: Universe Roots                 2 us, workers (us):   2, 
[102.935s][info][gc,stats      ]     S: JNI Handles Roots              2 us, workers (us):   2, 
[102.935s][info][gc,stats      ]     S: Synchronizer Roots             0 us, workers (us):   0, 
[102.935s][info][gc,stats      ]     S: Management Roots               2 us, workers (us):   2, 
[102.935s][info][gc,stats      ]     S: System Dict Roots             12 us, workers (us):  12, 
[102.935s][info][gc,stats      ]     S: CLDG Roots                   561 us, workers (us): 561, 
[102.935s][info][gc,stats      ]     S: JVMTI Roots                    0 us, workers (us):   0, 
[102.935s][info][gc,stats      ]   Resize TLABs                       17 us
[102.935s][info][gc,stats      ] Concurrent Marking                36129 us
[102.935s][info][gc,stats      ] Pause Final Mark (G)                571 us
[102.935s][info][gc,stats      ] Pause Final Mark (N)                418 us
[102.935s][info][gc,stats      ]   Finish Queues                      16 us
[102.935s][info][gc,stats      ]   System Purge                      285 us
[102.935s][info][gc,stats      ]     Weak Roots                      284 us
[102.935s][info][gc,stats      ]   Update Region States               28 us
[102.935s][info][gc,stats      ]   Retire TLABs                       54 us
[102.935s][info][gc,stats      ]   Choose Collection Set              22 us
[102.935s][info][gc,stats      ]   Rebuild Free Set                    7 us
[102.935s][info][gc,stats      ] Concurrent Cleanup                   77 us
[102.935s][info][gc,stats      ] Pacing                             8490 us
[102.935s][info][gc,stats      ] 
[102.935s][info][gc,stats      ] Allocation pacing accrued:
[102.935s][info][gc,stats      ]       8 of   270 ms (  3.1%): Executor task launch worker for task 0.0 in stage 28.0 (TID 28)
[102.935s][info][gc,stats      ]       8 of   270 ms (  3.1%): <total>
[102.935s][info][gc,stats      ]       0 of   270 ms (  0.0%): <average total>
[102.935s][info][gc,stats      ]       8 of   270 ms (  3.1%): <average non-zero>
[102.935s][info][gc,stats      ] 
[102.935s][info][gc,metaspace  ] Metaspace: 61063K->61063K(1103872K)
[102.935s][info][gc,ergo       ] Pacer for Idle. Initial: 10240K, Alloc Tax Rate: 1.0x
[103.175s][info][gc            ] Trigger: Average GC time (95.11 ms) is above the time for allocation rate (1114 MB/s) to deplete free headroom (105M)
[103.175s][info][gc,ergo       ] Free headroom: 130M (free) - 25600K (spike) - 0B (penalties) = 105M
[103.175s][info][gc,ergo       ] Free: 130M, Max: 256K regular, 66304K humongous, Frag: 51% external, 1% internal; Reserve: 25600K, Max: 256K
[103.175s][info][gc,start      ] GC(265) Concurrent reset
[103.175s][info][gc,task       ] GC(265) Using 1 of 1 workers for concurrent reset
[103.175s][info][gc,ergo       ] GC(265) Pacer for Reset. Non-Taxable: 500M
[103.175s][info][gc            ] GC(265) Concurrent reset 0.110ms
[103.177s][info][gc,start      ] GC(265) Pause Init Mark (process weakrefs)
[103.177s][info][gc,task       ] GC(265) Using 1 of 1 workers for init marking
[103.179s][info][gc,ergo       ] GC(265) Pacer for Mark. Expected Live: 83677K, Free: 130M, Non-Taxable: 13312K, Alloc Tax Rate: 0.8x
[103.179s][info][gc            ] GC(265) Pause Init Mark (process weakrefs) 1.651ms
[103.179s][info][gc,start      ] GC(265) Concurrent marking (process weakrefs)
[103.179s][info][gc,task       ] GC(265) Using 1 of 1 workers for concurrent marking
[103.213s][info][gc            ] GC(265) Concurrent marking (process weakrefs) 34.279ms
[103.213s][info][gc,start      ] GC(265) Concurrent precleaning
[103.213s][info][gc,task       ] GC(265) Using 1 of 1 workers for concurrent preclean
[103.213s][info][gc,ergo       ] GC(265) Pacer for Precleaning. Non-Taxable: 500M
[103.214s][info][gc            ] GC(265) Concurrent precleaning 0.543ms
[103.214s][info][gc,start      ] GC(265) Pause Final Mark (process weakrefs)
[103.214s][info][gc,task       ] GC(265) Using 1 of 1 workers for final marking
[103.215s][info][gc,ergo       ] GC(265) Collectable Garbage: 313M (98%), Immediate: 313M (98%), CSet: 0B (0%)
[103.215s][info][gc            ] GC(265) Pause Final Mark (process weakrefs) 0.399ms
[103.215s][info][gc,start      ] GC(265) Concurrent cleanup
[103.215s][info][gc            ] GC(265) Concurrent cleanup 363M->50M(500M) 0.086ms
[103.215s][info][gc,ergo       ] GC(265) Free: 424M, Max: 256K regular, 213M humongous, Frag: 50% external, 0% internal; Reserve: 25600K, Max: 256K
[103.215s][info][gc,ergo       ] Free: 424M, Max: 256K regular, 213M humongous, Frag: 50% external, 0% internal; Reserve: 25600K, Max: 256K
[103.215s][info][gc,stats      ] 
[103.215s][info][gc,stats      ] All times are wall-clock times, except per-root-class counters, that are sum over
[103.215s][info][gc,stats      ] all workers. Dividing the <total> over the root stage time estimates parallelism.
[103.215s][info][gc,stats      ] 
[103.215s][info][gc,stats      ] Concurrent Reset                    102 us
[103.215s][info][gc,stats      ] Pause Init Mark (G)                3954 us
[103.215s][info][gc,stats      ] Pause Init Mark (N)                1632 us
[103.215s][info][gc,stats      ]   Accumulate Stats                   21 us
[103.215s][info][gc,stats      ]   Make Parsable                      13 us
[103.215s][info][gc,stats      ]   Update Region States               22 us
[103.215s][info][gc,stats      ]   Scan Roots                       1512 us, parallelism: 0.80x
[103.215s][info][gc,stats      ]     S: <total>                     1212 us
[103.215s][info][gc,stats      ]     S: Thread Roots                 656 us, workers (us): 656, 
[103.215s][info][gc,stats      ]     S: Universe Roots                 2 us, workers (us):   2, 
[103.215s][info][gc,stats      ]     S: JNI Handles Roots              1 us, workers (us):   1, 
[103.215s][info][gc,stats      ]     S: Synchronizer Roots             0 us, workers (us):   0, 
[103.215s][info][gc,stats      ]     S: Management Roots               2 us, workers (us):   2, 
[103.215s][info][gc,stats      ]     S: System Dict Roots             11 us, workers (us):  11, 
[103.215s][info][gc,stats      ]     S: CLDG Roots                   540 us, workers (us): 540, 
[103.215s][info][gc,stats      ]     S: JVMTI Roots                    0 us, workers (us):   0, 
[103.215s][info][gc,stats      ]   Resize TLABs                       20 us
[103.215s][info][gc,stats      ] Concurrent Marking                34270 us
[103.215s][info][gc,stats      ] Concurrent Precleaning              535 us
[103.215s][info][gc,stats      ] Pause Final Mark (G)                605 us
[103.215s][info][gc,stats      ] Pause Final Mark (N)                391 us
[103.215s][info][gc,stats      ]   Finish Queues                      16 us
[103.215s][info][gc,stats      ]   Weak References                    13 us
[103.215s][info][gc,stats      ]     Process                          11 us
[103.215s][info][gc,stats      ]   System Purge                      286 us
[103.215s][info][gc,stats      ]     Weak Roots                      286 us
[103.215s][info][gc,stats      ]   Update Region States               27 us
[103.215s][info][gc,stats      ]   Retire TLABs                       21 us
[103.215s][info][gc,stats      ]   Choose Collection Set              17 us
[103.215s][info][gc,stats      ]   Rebuild Free Set                    7 us
[103.215s][info][gc,stats      ] Concurrent Cleanup                   80 us
[103.215s][info][gc,stats      ] 
[103.215s][info][gc,stats      ] Allocation pacing accrued:
[103.215s][info][gc,stats      ]       0 of   280 ms (  0.0%): <total>
[103.215s][info][gc,stats      ]       0 of   280 ms (  0.0%): <average total>
[103.215s][info][gc,stats      ] 
[103.215s][info][gc,metaspace  ] Metaspace: 61063K->61063K(1103872K)
[103.215s][info][gc,ergo       ] Pacer for Idle. Initial: 10240K, Alloc Tax Rate: 1.0x
[103.466s][info][gc            ] Trigger: Average GC time (80.49 ms) is above the time for allocation rate (1133 MB/s) to deplete free headroom (91136K)
[103.466s][info][gc,ergo       ] Free headroom: 114M (free) - 25600K (spike) - 0B (penalties) = 91136K
[103.466s][info][gc,ergo       ] Free: 114M, Max: 256K regular, 48128K humongous, Frag: 59% external, 1% internal; Reserve: 25600K, Max: 256K
[103.466s][info][gc,start      ] GC(266) Concurrent reset
[103.466s][info][gc,task       ] GC(266) Using 1 of 1 workers for concurrent reset
[103.466s][info][gc,ergo       ] GC(266) Pacer for Reset. Non-Taxable: 500M
[103.466s][info][gc            ] GC(266) Concurrent reset 0.110ms
[103.468s][info][gc,start      ] GC(266) Pause Init Mark
[103.469s][info][gc,task       ] GC(266) Using 1 of 1 workers for init marking
[103.470s][info][gc,ergo       ] GC(266) Pacer for Mark. Expected Live: 64149K, Free: 114M, Non-Taxable: 11673K, Alloc Tax Rate: 0.7x
[103.470s][info][gc            ] GC(266) Pause Init Mark 1.698ms
[103.470s][info][gc,start      ] GC(266) Concurrent marking
[103.470s][info][gc,task       ] GC(266) Using 1 of 1 workers for concurrent marking
[103.501s][info][gc            ] GC(266) Concurrent marking 30.288ms
[103.501s][info][gc,start      ] GC(266) Pause Final Mark
[103.501s][info][gc,task       ] GC(266) Using 1 of 1 workers for final marking
[103.501s][info][gc,ergo       ] GC(266) Collectable Garbage: 329M (98%), Immediate: 329M (98%), CSet: 0B (0%)
[103.501s][info][gc            ] GC(266) Pause Final Mark 0.457ms
[103.505s][info][gc,start      ] GC(266) Concurrent cleanup
[103.505s][info][gc            ] GC(266) Concurrent cleanup 373M->49M(500M) 0.105ms
[103.505s][info][gc,ergo       ] GC(266) Free: 424M, Max: 256K regular, 213M humongous, Frag: 50% external, 0% internal; Reserve: 25600K, Max: 256K
[103.505s][info][gc,ergo       ] Free: 424M, Max: 256K regular, 213M humongous, Frag: 50% external, 0% internal; Reserve: 25600K, Max: 256K
[103.505s][info][gc,stats      ] 
[103.505s][info][gc,stats      ] All times are wall-clock times, except per-root-class counters, that are sum over
[103.505s][info][gc,stats      ] all workers. Dividing the <total> over the root stage time estimates parallelism.
[103.505s][info][gc,stats      ] 
[103.505s][info][gc,stats      ] Concurrent Reset                    103 us
[103.505s][info][gc,stats      ] Pause Init Mark (G)                4032 us
[103.505s][info][gc,stats      ] Pause Init Mark (N)                1666 us
[103.505s][info][gc,stats      ]   Accumulate Stats                   22 us
[103.505s][info][gc,stats      ]   Make Parsable                      14 us
[103.505s][info][gc,stats      ]   Update Region States               28 us
[103.505s][info][gc,stats      ]   Scan Roots                       1531 us, parallelism: 0.80x
[103.505s][info][gc,stats      ]     S: <total>                     1226 us
[103.505s][info][gc,stats      ]     S: Thread Roots                 651 us, workers (us): 651, 
[103.505s][info][gc,stats      ]     S: Universe Roots                 2 us, workers (us):   2, 
[103.505s][info][gc,stats      ]     S: JNI Handles Roots              2 us, workers (us):   2, 
[103.505s][info][gc,stats      ]     S: Synchronizer Roots             0 us, workers (us):   0, 
[103.505s][info][gc,stats      ]     S: Management Roots               2 us, workers (us):   2, 
[103.505s][info][gc,stats      ]     S: System Dict Roots             11 us, workers (us):  11, 
[103.505s][info][gc,stats      ]     S: CLDG Roots                   557 us, workers (us): 557, 
[103.505s][info][gc,stats      ]     S: JVMTI Roots                    1 us, workers (us):   1, 
[103.505s][info][gc,stats      ]   Resize TLABs                       19 us
[103.505s][info][gc,stats      ] Concurrent Marking                30278 us
[103.505s][info][gc,stats      ] Pause Final Mark (G)               4425 us
[103.505s][info][gc,stats      ] Pause Final Mark (N)                448 us
[103.505s][info][gc,stats      ]   Finish Queues                      18 us
[103.505s][info][gc,stats      ]   System Purge                      287 us
[103.505s][info][gc,stats      ]     Weak Roots                      287 us
[103.505s][info][gc,stats      ]   Update Region States               28 us
[103.505s][info][gc,stats      ]   Retire TLABs                       78 us
[103.505s][info][gc,stats      ]   Choose Collection Set              23 us
[103.505s][info][gc,stats      ]   Rebuild Free Set                    7 us
[103.505s][info][gc,stats      ] Concurrent Cleanup                   84 us
[103.505s][info][gc,stats      ] Pacing                             4287 us
[103.505s][info][gc,stats      ] 
[103.505s][info][gc,stats      ] Allocation pacing accrued:
[103.505s][info][gc,stats      ]       4 of   290 ms (  1.5%): Executor task launch worker for task 0.0 in stage 28.0 (TID 28)
[103.505s][info][gc,stats      ]       4 of   290 ms (  1.5%): <total>
[103.505s][info][gc,stats      ]       0 of   290 ms (  0.0%): <average total>
[103.505s][info][gc,stats      ]       4 of   290 ms (  1.5%): <average non-zero>
[103.505s][info][gc,stats      ] 
[103.505s][info][gc,metaspace  ] Metaspace: 61063K->61063K(1103872K)
[103.505s][info][gc,ergo       ] Pacer for Idle. Initial: 10240K, Alloc Tax Rate: 1.0x
[103.951s][info][gc            ] Cancelling GC: Stopping VM
[103.952s][info][gc,heap,exit  ] Heap
[103.952s][info][gc,heap,exit  ] Shenandoah Heap
[103.952s][info][gc,heap,exit  ]  500M max, 500M soft max, 500M committed, 374M used
[103.952s][info][gc,heap,exit  ]  2000 x 256K regions
[103.952s][info][gc,heap,exit  ] Status: cancelled
[103.952s][info][gc,heap,exit  ] Reserved region:
[103.952s][info][gc,heap,exit  ]  - [0x00000000e0c00000, 0x0000000100000000) 
[103.952s][info][gc,heap,exit  ] Collection set:
[103.952s][info][gc,heap,exit  ]  - map (vanilla): 0x0000000000013830
[103.952s][info][gc,heap,exit  ]  - map (biased):  0x0000000000010000
[103.952s][info][gc,heap,exit  ] 
[103.952s][info][gc,heap,exit  ]  Metaspace       used 61635K, capacity 65123K, committed 65436K, reserved 1103872K
[103.952s][info][gc,heap,exit  ]   class space    used 8600K, capacity 10326K, committed 10368K, reserved 1048576K
[103.952s][info][gc,stats      ] 
[103.952s][info][gc,stats      ] GC STATISTICS:
[103.952s][info][gc,stats      ]   "(G)" (gross) pauses include VM time: time to notify and block threads, do the pre-
[103.952s][info][gc,stats      ]         and post-safepoint housekeeping. Use -XX:+PrintSafepointStatistics to dissect.
[103.952s][info][gc,stats      ]   "(N)" (net) pauses are the times spent in the actual GC code.
[103.952s][info][gc,stats      ]   "a" is average time for each phase, look at levels to see if average makes sense.
[103.952s][info][gc,stats      ]   "lvls" are quantiles: 0% (minimum), 25%, 50% (median), 75%, 100% (maximum).
[103.952s][info][gc,stats      ] 
[103.952s][info][gc,stats      ]   All times are wall-clock times, except per-root-class counters, that are sum over
[103.952s][info][gc,stats      ]   all workers. Dividing the <total> over the root stage time estimates parallelism.
[103.952s][info][gc,stats      ] 
[103.952s][info][gc,stats      ]   Pacing delays are measured from entering the pacing code till exiting it. Therefore,
[103.952s][info][gc,stats      ]   observed pacing delays may be higher than the threshold when paced thread spent more
[103.952s][info][gc,stats      ]   time in the pacing code. It usually happens when thread is de-scheduled while paced,
[103.952s][info][gc,stats      ]   OS takes longer to unblock the thread, or JVM experiences an STW pause.
[103.952s][info][gc,stats      ] 
[103.952s][info][gc,stats      ]   Higher delay would prevent application outpacing the GC, but it will hide the GC latencies
[103.952s][info][gc,stats      ]   from the STW pause times. Pacing affects the individual threads, and so it would also be
[103.952s][info][gc,stats      ]   invisible to the usual profiling tools, but would add up to end-to-end application latency.
[103.952s][info][gc,stats      ]   Raise max pacing delay with care.
[103.952s][info][gc,stats      ] 
[103.952s][info][gc,stats      ] Concurrent Reset               =    0.099 s (a =      370 us) (n =   267) (lvls, us =       88,      188,      225,      395,     7313)
[103.952s][info][gc,stats      ] Pause Init Mark (G)            =    1.106 s (a =     4142 us) (n =   267) (lvls, us =      773,     3633,     4004,     4609,    13527)
[103.952s][info][gc,stats      ] Pause Init Mark (N)            =    0.411 s (a =     1539 us) (n =   267) (lvls, us =      619,     1289,     1484,     1621,     7615)
[103.952s][info][gc,stats      ]   Accumulate Stats             =    0.005 s (a =       18 us) (n =   267) (lvls, us =        3,       11,       18,       21,       51)
[103.952s][info][gc,stats      ]   Make Parsable                =    0.004 s (a =       13 us) (n =   267) (lvls, us =        3,        9,       12,       15,       73)
[103.952s][info][gc,stats      ]   Update Region States         =    0.008 s (a =       30 us) (n =   267) (lvls, us =       20,       23,       25,       33,      112)
[103.952s][info][gc,stats      ]   Scan Roots                   =    0.378 s (a =     1416 us) (n =   267) (lvls, us =      514,     1191,     1367,     1484,     7461)
[103.952s][info][gc,stats      ]     S: <total>                 =    0.302 s (a =     1131 us) (n =   267) (lvls, us =      342,      924,     1074,     1191,     7135)
[103.952s][info][gc,stats      ]     S: Thread Roots            =    0.145 s (a =      542 us) (n =   267) (lvls, us =      186,      371,      506,      615,     6504)
[103.952s][info][gc,stats      ]     S: Universe Roots          =    0.001 s (a =        5 us) (n =   267) (lvls, us =        2,        2,        2,        3,      737)
[103.952s][info][gc,stats      ]     S: JNI Handles Roots       =    0.000 s (a =        2 us) (n =   267) (lvls, us =        1,        1,        1,        2,       14)
[103.952s][info][gc,stats      ]     S: Synchronizer Roots      =    0.000 s (a =        0 us) (n =   267) (lvls, us =        0,        0,        0,        0,        1)
[103.952s][info][gc,stats      ]     S: Management Roots        =    0.000 s (a =        2 us) (n =   267) (lvls, us =        1,        1,        1,        2,        9)
[103.952s][info][gc,stats      ]     S: System Dict Roots       =    0.003 s (a =       12 us) (n =   267) (lvls, us =        6,       11,       11,       12,       45)
[103.952s][info][gc,stats      ]     S: CLDG Roots              =    0.151 s (a =      566 us) (n =   267) (lvls, us =       74,      527,      545,      572,     2318)
[103.952s][info][gc,stats      ]     S: JVMTI Roots             =    0.000 s (a =        1 us) (n =   267) (lvls, us =        0,        0,        1,        1,        1)
[103.952s][info][gc,stats      ]   Resize TLABs                 =    0.003 s (a =       13 us) (n =   267) (lvls, us =        2,        7,       12,       17,       64)
[103.952s][info][gc,stats      ] Concurrent Marking             =   23.863 s (a =    89376 us) (n =   267) (lvls, us =    18555,    68750,    95313,   105469,   330556)
[103.952s][info][gc,stats      ] Concurrent Precleaning         =    0.079 s (a =     1274 us) (n =    62) (lvls, us =      250,      480,      520,      580,     7408)
[103.952s][info][gc,stats      ] Pause Final Mark (G)           =    1.160 s (a =     4344 us) (n =   267) (lvls, us =      367,      584,     2598,     4551,    58492)
[103.952s][info][gc,stats      ] Pause Final Mark (N)           =    0.838 s (a =     3139 us) (n =   267) (lvls, us =      303,      391,     2129,     2480,    58359)
[103.952s][info][gc,stats      ]   Finish Queues                =    0.015 s (a =       57 us) (n =   267) (lvls, us =        8,       12,       14,       20,     3414)
[103.952s][info][gc,stats      ]   Weak References              =    0.002 s (a =       38 us) (n =    62) (lvls, us =       12,       15,       19,       34,      558)
[103.952s][info][gc,stats      ]     Process                    =    0.002 s (a =       36 us) (n =    62) (lvls, us =       10,       13,       17,       31,      555)
[103.952s][info][gc,stats      ]   System Purge                 =    0.081 s (a =      305 us) (n =   267) (lvls, us =      141,      258,      279,      301,     3090)
[103.952s][info][gc,stats      ]     Unload Classes             =    0.013 s (a =      934 us) (n =    14) (lvls, us =      355,      443,     1016,     1035,     1693)
[103.952s][info][gc,stats      ]     Cleanup                    =    0.353 s (a =    25216 us) (n =    14) (lvls, us =     8711,    14648,    23047,    28906,    51685)
[103.952s][info][gc,stats      ]       CU: <total>              =    0.352 s (a =    25111 us) (n =    14) (lvls, us =     8633,    14453,    23047,    28906,    51581)
[103.952s][info][gc,stats      ]       CU: Code Cache Roots     =    0.134 s (a =     9556 us) (n =    14) (lvls, us =     2422,     4258,     9492,    11914,    16485)
[103.952s][info][gc,stats      ]       CU: Code Cache Cleaning  =    0.022 s (a =     1578 us) (n =    14) (lvls, us =      725,      975,     1621,     1680,     2895)
[103.952s][info][gc,stats      ]       CU: String Table Roots   =    0.105 s (a =     7474 us) (n =    14) (lvls, us =     1074,     4766,     5938,     6172,    18993)
[103.952s][info][gc,stats      ]       CU: Resolved Table Roots =    0.002 s (a =      139 us) (n =    14) (lvls, us =       35,       70,      133,      137,      267)
[103.952s][info][gc,stats      ]       CU: CLDG Roots           =    0.089 s (a =     6364 us) (n =    14) (lvls, us =     3184,     4980,     6055,     6211,    12941)
[103.952s][info][gc,stats      ]     Weak Roots                 =    0.081 s (a =      304 us) (n =   267) (lvls, us =      139,      256,      279,      299,     3089)
[103.952s][info][gc,stats      ]     CLDG                       =    0.002 s (a =      174 us) (n =    14) (lvls, us =        1,        1,      227,      236,      359)
[103.952s][info][gc,stats      ]   Update Region States         =    0.018 s (a =       66 us) (n =   267) (lvls, us =       23,       26,       27,       29,     4818)
[103.952s][info][gc,stats      ]   Retire TLABs                 =    0.005 s (a =       19 us) (n =   267) (lvls, us =        4,       11,       17,       22,       98)
[103.952s][info][gc,stats      ]   Choose Collection Set        =    0.022 s (a =       84 us) (n =   267) (lvls, us =       13,       20,       74,      125,      415)
[103.952s][info][gc,stats      ]   Rebuild Free Set             =    0.004 s (a =       15 us) (n =   267) (lvls, us =        6,        7,        7,        7,     2068)
[103.952s][info][gc,stats      ]   Initial Evacuation           =    0.319 s (a =     2061 us) (n =   155) (lvls, us =      867,     1719,     1895,     2109,     8182)
[103.952s][info][gc,stats      ]     E: <total>                 =    0.210 s (a =     1352 us) (n =   155) (lvls, us =      521,     1055,     1250,     1367,     7318)
[103.952s][info][gc,stats      ]     E: Thread Roots            =    0.089 s (a =      572 us) (n =   155) (lvls, us =      166,      342,      510,      604,     6525)
[103.952s][info][gc,stats      ]     E: Code Cache Roots        =    0.037 s (a =      239 us) (n =   155) (lvls, us =       78,      182,      217,      248,     1001)
[103.952s][info][gc,stats      ]     E: Universe Roots          =    0.000 s (a =        2 us) (n =   155) (lvls, us =        1,        1,        1,        1,       29)
[103.952s][info][gc,stats      ]     E: JNI Handles Roots       =    0.000 s (a =        2 us) (n =   155) (lvls, us =        1,        1,        1,        1,       44)
[103.952s][info][gc,stats      ]     E: Synchronizer Roots      =    0.000 s (a =        0 us) (n =   155) (lvls, us =        0,        0,        0,        0,        1)
[103.952s][info][gc,stats      ]     E: Management Roots        =    0.000 s (a =        1 us) (n =   155) (lvls, us =        1,        1,        1,        1,        4)
[103.952s][info][gc,stats      ]     E: System Dict Roots       =    0.002 s (a =       11 us) (n =   155) (lvls, us =        5,        9,        9,       10,       89)
[103.952s][info][gc,stats      ]     E: CLDG Roots              =    0.081 s (a =      525 us) (n =   155) (lvls, us =      264,      465,      488,      541,     1029)
[103.952s][info][gc,stats      ]     E: JVMTI Roots             =    0.000 s (a =        1 us) (n =   155) (lvls, us =        0,        0,        0,        1,        1)
[103.952s][info][gc,stats      ] Concurrent Cleanup             =    0.020 s (a =       75 us) (n =   267) (lvls, us =       33,       34,       55,       75,     4039)
[103.952s][info][gc,stats      ] Concurrent Evacuation          =    5.813 s (a =    37504 us) (n =   155) (lvls, us =     1738,    25781,    33008,    42578,   128901)
[103.952s][info][gc,stats      ] Pause Init  Update Refs (G)    =    0.466 s (a =     3007 us) (n =   155) (lvls, us =      137,     2344,     2891,     3457,    10820)
[103.952s][info][gc,stats      ] Pause Init  Update Refs (N)    =    0.003 s (a =       17 us) (n =   155) (lvls, us =        9,       14,       17,       19,       68)
[103.952s][info][gc,stats      ]   Retire GCLABs                =    0.001 s (a =        8 us) (n =   155) (lvls, us =        3,        6,        9,       10,       14)
[103.952s][info][gc,stats      ] Concurrent Update Refs         =   23.122 s (a =   149177 us) (n =   155) (lvls, us =    14648,   121094,   140625,   173828,   349709)
[103.952s][info][gc,stats      ] Pause Final Update Refs (G)    =    0.454 s (a =     2928 us) (n =   155) (lvls, us =      404,      896,     2910,     4062,    10239)
[103.952s][info][gc,stats      ] Pause Final Update Refs (N)    =    0.090 s (a =      584 us) (n =   155) (lvls, us =      207,      375,      510,      576,     6569)
[103.952s][info][gc,stats      ]   Update Roots                 =    0.079 s (a =      508 us) (n =   155) (lvls, us =      164,      326,      459,      523,     6518)
[103.952s][info][gc,stats      ]     UR: <total>                =    0.066 s (a =      428 us) (n =   155) (lvls, us =      156,      312,      436,      512,     1302)
[103.952s][info][gc,stats      ]     UR: Thread Roots           =    0.066 s (a =      428 us) (n =   155) (lvls, us =      156,      312,      436,      512,     1302)
[103.952s][info][gc,stats      ]   Update Region States         =    0.008 s (a =       54 us) (n =   155) (lvls, us =       25,       27,       27,       29,     3594)
[103.952s][info][gc,stats      ]   Trash Collection Set         =    0.001 s (a =        4 us) (n =   155) (lvls, us =        2,        3,        4,        4,       12)
[103.952s][info][gc,stats      ]   Rebuild Free Set             =    0.001 s (a =        8 us) (n =   155) (lvls, us =        6,        7,        7,        8,       26)
[103.952s][info][gc,stats      ] Concurrent Cleanup             =    0.010 s (a =       65 us) (n =   155) (lvls, us =       37,       53,       61,       65,      258)
[103.952s][info][gc,stats      ] Concurrent Uncommit            =    0.403 s (a =    40310 us) (n =    10) (lvls, us =    23828,    24414,    41797,    46875,    68216)
[103.952s][info][gc,stats      ] Pacing                         =   13.565 s (a =    50804 us) (n =   267) (lvls, us =        0,     8262,    43945,    80469,   177792)
[103.952s][info][gc,stats      ] 
[103.952s][info][gc,stats      ] 
[103.952s][info][gc,stats      ] Under allocation pressure, concurrent cycles may cancel, and either continue cycle
[103.952s][info][gc,stats      ] under stop-the-world pause or result in stop-the-world Full GC. Increase heap size,
[103.952s][info][gc,stats      ] tune GC heuristics, set more aggressive pacing delay, or lower allocation rate
[103.952s][info][gc,stats      ] to avoid Degenerated and Full GC cycles.
[103.952s][info][gc,stats      ] 
[103.952s][info][gc,stats      ]   267 successful concurrent GCs
[103.952s][info][gc,stats      ]      10 invoked explicitly
[103.952s][info][gc,stats      ]       0 invoked implicitly
[103.952s][info][gc,stats      ] 
[103.952s][info][gc,stats      ]     0 Degenerated GCs
[103.952s][info][gc,stats      ]       0 caused by allocation failure
[103.952s][info][gc,stats      ]       0 upgraded to Full GC
[103.952s][info][gc,stats      ] 
[103.952s][info][gc,stats      ]     0 Full GCs
[103.952s][info][gc,stats      ]       0 invoked explicitly
[103.952s][info][gc,stats      ]       0 invoked implicitly
[103.952s][info][gc,stats      ]       0 caused by allocation failure
[103.952s][info][gc,stats      ]       0 upgraded from Degenerated GC
[103.952s][info][gc,stats      ] 
[103.952s][info][gc,stats      ] 
