[0.003s][info][gc,init] Regions: 3000 x 512K
[0.003s][info][gc,init] Humongous object threshold: 512K
[0.003s][info][gc,init] Max TLAB size: 512K
[0.003s][info][gc,init] GC threads: 1 parallel, 1 concurrent
[0.003s][info][gc     ] Heuristics ergonomically sets -XX:+ExplicitGCInvokesConcurrent
[0.003s][info][gc     ] Heuristics ergonomically sets -XX:+ShenandoahImplicitGCInvokesConcurrent
[0.003s][info][gc,init] Shenandoah GC mode: Snapshot-At-The-Beginning (SATB)
[0.003s][info][gc,init] Shenandoah heuristics: Adaptive
[0.004s][info][gc,ergo] Pacer for Idle. Initial: 30720K, Alloc Tax Rate: 1.0x
[0.004s][info][gc,init] Initialize Shenandoah heap: 124M initial, 6656K min, 1500M max
[0.004s][info][gc,init] Safepointing mechanism: global-page poll
[0.004s][info][gc     ] Using Shenandoah
[0.004s][info][gc,heap,coops] Heap address: 0x00000000a2400000, size: 1500 MB, Compressed Oops mode: 32-bit
[0.007s][info][gc,init      ] Reference processing: serial discovery, serial processing
[4.048s][info][gc           ] Trigger: Metadata GC Threshold
[4.048s][info][gc,ergo      ] Free: 1345M, Max: 512K regular, 1345M humongous, Frag: 0% external, 0% internal; Reserve: 76800K, Max: 512K
[4.048s][info][gc,start     ] GC(0) Concurrent reset
[4.048s][info][gc,task      ] GC(0) Using 1 of 1 workers for concurrent reset
[4.048s][info][gc,ergo      ] GC(0) Pacer for Reset. Non-Taxable: 1500M
[4.048s][info][gc           ] GC(0) Concurrent reset 0.096ms
[4.053s][info][gc,start     ] GC(0) Pause Init Mark (process weakrefs) (unload classes)
[4.053s][info][gc,task      ] GC(0) Using 1 of 1 workers for init marking
[4.054s][info][gc,ergo      ] GC(0) Pacer for Mark. Expected Live: 150M, Free: 1345M, Non-Taxable: 134M, Alloc Tax Rate: 0.1x
[4.054s][info][gc           ] GC(0) Pause Init Mark (process weakrefs) (unload classes) 1.134ms
[4.054s][info][gc,start     ] GC(0) Concurrent marking (process weakrefs) (unload classes)
[4.054s][info][gc,task      ] GC(0) Using 1 of 1 workers for concurrent marking
[4.075s][info][gc           ] GC(0) Concurrent marking (process weakrefs) (unload classes) 21.307ms
[4.076s][info][gc,start     ] GC(0) Concurrent precleaning
[4.076s][info][gc,task      ] GC(0) Using 1 of 1 workers for concurrent preclean
[4.076s][info][gc,ergo      ] GC(0) Pacer for Precleaning. Non-Taxable: 1500M
[4.089s][info][gc           ] GC(0) Concurrent precleaning 13.901ms
[4.091s][info][gc,start     ] GC(0) Pause Final Mark (process weakrefs) (unload classes)
[4.091s][info][gc,task      ] GC(0) Using 1 of 1 workers for final marking
[4.098s][info][gc,stringtable] GC(0) Cleaned string and symbol table, strings: 7871 processed, 0 removed, symbols: 40182 processed, 43 removed
[4.098s][info][gc,ergo       ] GC(0) Adaptive CSet Selection. Target Free: 212M, Actual Free: 1419M, Max CSet: 64000K, Min Garbage: 0B
[4.098s][info][gc,ergo       ] GC(0) Collectable Garbage: 62209K (98%), Immediate: 0B (0%), CSet: 62209K (98%)
[4.100s][info][gc,ergo       ] GC(0) Pacer for Evacuation. Used CSet: 69632K, Free: 1344M, Non-Taxable: 134M, Alloc Tax Rate: 1.1x
[4.100s][info][gc            ] GC(0) Pause Final Mark (process weakrefs) (unload classes) 9.172ms
[4.105s][info][gc,start      ] GC(0) Concurrent cleanup
[4.105s][info][gc            ] GC(0) Concurrent cleanup 81M->81M(126M) 0.088ms
[4.105s][info][gc,ergo       ] GC(0) Free: 1344M, Max: 512K regular, 1344M humongous, Frag: 0% external, 0% internal; Reserve: 74752K, Max: 512K
[4.105s][info][gc,start      ] GC(0) Concurrent evacuation
[4.105s][info][gc,task       ] GC(0) Using 1 of 1 workers for concurrent evacuation
[4.123s][info][gc            ] GC(0) Concurrent evacuation 18.239ms
[4.123s][info][gc,start      ] GC(0) Pause Init Update Refs
[4.123s][info][gc,ergo       ] GC(0) Pacer for Update Refs. Used: 91060K, Free: 1343M, Non-Taxable: 134M, Alloc Tax Rate: 1.1x
[4.123s][info][gc            ] GC(0) Pause Init Update Refs 0.019ms
[4.123s][info][gc,start      ] GC(0) Concurrent update references
[4.123s][info][gc,task       ] GC(0) Using 1 of 1 workers for concurrent reference update
[4.145s][info][gc            ] GC(0) Concurrent update references 21.664ms
[4.147s][info][gc,start      ] GC(0) Pause Final Update Refs
[4.147s][info][gc,task       ] GC(0) Using 1 of 1 workers for final reference update
[4.147s][info][gc            ] GC(0) Pause Final Update Refs 0.447ms
[4.147s][info][gc,start      ] GC(0) Concurrent cleanup
[4.147s][info][gc            ] GC(0) Concurrent cleanup 88M->20M(133M) 0.068ms
[4.147s][info][gc,ergo       ] Free: 1403M, Max: 512K regular, 1335M humongous, Frag: 5% external, 0% internal; Reserve: 76800K, Max: 512K
[4.147s][info][gc,stats      ] 
[4.147s][info][gc,stats      ] All times are wall-clock times, except per-root-class counters, that are sum over
[4.147s][info][gc,stats      ] all workers. Dividing the <total> over the root stage time estimates parallelism.
[4.147s][info][gc,stats      ] 
[4.147s][info][gc,stats      ] Concurrent Reset                     68 us
[4.147s][info][gc,stats      ] Pause Init Mark (G)                5744 us
[4.147s][info][gc,stats      ] Pause Init Mark (N)                1087 us
[4.147s][info][gc,stats      ]   Accumulate Stats                    3 us
[4.147s][info][gc,stats      ]   Make Parsable                       3 us
[4.147s][info][gc,stats      ]   Update Region States               50 us
[4.147s][info][gc,stats      ]   Scan Roots                       1008 us, parallelism: 0.94x
[4.147s][info][gc,stats      ]     S: <total>                      948 us
[4.148s][info][gc,stats      ]     S: Thread Roots                 751 us, workers (us): 751, 
[4.148s][info][gc,stats      ]     S: Universe Roots                21 us, workers (us):  21, 
[4.148s][info][gc,stats      ]     S: JNI Handles Roots              5 us, workers (us):   5, 
[4.148s][info][gc,stats      ]     S: Synchronizer Roots             0 us, workers (us):   0, 
[4.148s][info][gc,stats      ]     S: Management Roots               1 us, workers (us):   1, 
[4.148s][info][gc,stats      ]     S: System Dict Roots             32 us, workers (us):  32, 
[4.148s][info][gc,stats      ]     S: CLDG Roots                   138 us, workers (us): 138, 
[4.148s][info][gc,stats      ]     S: JVMTI Roots                    0 us, workers (us):   0, 
[4.148s][info][gc,stats      ]   Resize TLABs                        1 us
[4.148s][info][gc,stats      ] Concurrent Marking                21297 us
[4.148s][info][gc,stats      ] Concurrent Precleaning            13889 us
[4.148s][info][gc,stats      ] Pause Final Mark (G)              15324 us
[4.148s][info][gc,stats      ] Pause Final Mark (N)               9159 us
[4.148s][info][gc,stats      ]   Finish Queues                      18 us
[4.148s][info][gc,stats      ]   Weak References                    93 us
[4.148s][info][gc,stats      ]     Process                          91 us
[4.148s][info][gc,stats      ]   System Purge                      127 us
[4.148s][info][gc,stats      ]     Unload Classes                  601 us
[4.148s][info][gc,stats      ]     Cleanup                        5627 us, parallelism: 0.99x
[4.148s][info][gc,stats      ]       CU: <total>                  5549 us
[4.148s][info][gc,stats      ]       CU: Code Cache Roots         1846 us, workers (us): 1846, 
[4.148s][info][gc,stats      ]       CU: Code Cache Cleaning       538 us, workers (us): 538, 
[4.148s][info][gc,stats      ]       CU: String Table Roots        811 us, workers (us): 811, 
[4.148s][info][gc,stats      ]       CU: Resolved Table Roots       23 us, workers (us):  23, 
[4.148s][info][gc,stats      ]       CU: CLDG Roots               2332 us, workers (us): 2332, 
[4.148s][info][gc,stats      ]     Weak Roots                      127 us
[4.148s][info][gc,stats      ]     CLDG                              1 us
[4.148s][info][gc,stats      ]   Update Region States               53 us
[4.148s][info][gc,stats      ]   Retire TLABs                        6 us
[4.148s][info][gc,stats      ]   Choose Collection Set              57 us
[4.148s][info][gc,stats      ]   Rebuild Free Set                   10 us
[4.148s][info][gc,stats      ]   Initial Evacuation               2557 us, parallelism: 0.64x
[4.148s][info][gc,stats      ]     E: <total>                     1629 us
[4.148s][info][gc,stats      ]     E: Thread Roots                 232 us, workers (us): 232, 
[4.148s][info][gc,stats      ]     E: Code Cache Roots             644 us, workers (us): 644, 
[4.148s][info][gc,stats      ]     E: Universe Roots                22 us, workers (us):  22, 
[4.148s][info][gc,stats      ]     E: JNI Handles Roots              5 us, workers (us):   5, 
[4.148s][info][gc,stats      ]     E: Synchronizer Roots             0 us, workers (us):   0, 
[4.148s][info][gc,stats      ]     E: Management Roots               2 us, workers (us):   2, 
[4.148s][info][gc,stats      ]     E: System Dict Roots             14 us, workers (us):  14, 
[4.148s][info][gc,stats      ]     E: CLDG Roots                   708 us, workers (us): 708, 
[4.148s][info][gc,stats      ]     E: JVMTI Roots                    1 us, workers (us):   1, 
[4.148s][info][gc,stats      ] Concurrent Cleanup                   51 us
[4.148s][info][gc,stats      ] Concurrent Evacuation             18227 us
[4.148s][info][gc,stats      ] Pause Init  Update Refs (G)         144 us
[4.148s][info][gc,stats      ] Pause Init  Update Refs (N)           9 us
[4.148s][info][gc,stats      ]   Retire GCLABs                       2 us
[4.148s][info][gc,stats      ] Concurrent Update Refs            21650 us
[4.148s][info][gc,stats      ] Pause Final Update Refs (G)        2271 us
[4.148s][info][gc,stats      ] Pause Final Update Refs (N)         428 us
[4.148s][info][gc,stats      ]   Update Roots                      357 us, parallelism: 0.98x
[4.148s][info][gc,stats      ]     UR: <total>                     351 us
[4.148s][info][gc,stats      ]     UR: Thread Roots                351 us, workers (us): 351, 
[4.148s][info][gc,stats      ]   Update Region States               51 us
[4.148s][info][gc,stats      ]   Trash Collection Set                2 us
[4.148s][info][gc,stats      ]   Rebuild Free Set                   11 us
[4.148s][info][gc,stats      ] Concurrent Cleanup                   54 us
[4.148s][info][gc,stats      ] 
[4.148s][info][gc,stats      ] Allocation pacing accrued:
[4.148s][info][gc,stats      ]       0 of  4144 ms (  0.0%): <total>
[4.148s][info][gc,stats      ]       0 of  4144 ms (  0.0%): <average total>
[4.148s][info][gc,stats      ] 
[4.148s][info][gc,metaspace  ] Metaspace: 20166K->20458K(1067008K)
[4.148s][info][gc,ergo       ] Pacer for Idle. Initial: 30720K, Alloc Tax Rate: 1.0x
[6.091s][info][gc            ] Trigger: Metadata GC Threshold
[6.091s][info][gc,ergo       ] Free: 1332M, Max: 512K regular, 1332M humongous, Frag: 0% external, 0% internal; Reserve: 76800K, Max: 512K
[6.091s][info][gc,start      ] GC(1) Concurrent reset
[6.092s][info][gc,task       ] GC(1) Using 1 of 1 workers for concurrent reset
[6.092s][info][gc,ergo       ] GC(1) Pacer for Reset. Non-Taxable: 1500M
[6.092s][info][gc            ] GC(1) Concurrent reset 0.201ms
[6.092s][info][gc,start      ] GC(1) Pause Init Mark (unload classes)
[6.092s][info][gc,task       ] GC(1) Using 1 of 1 workers for init marking
[6.093s][info][gc,ergo       ] GC(1) Pacer for Mark. Expected Live: 17452K, Free: 1332M, Non-Taxable: 133M, Alloc Tax Rate: 0.0x
[6.093s][info][gc            ] GC(1) Pause Init Mark (unload classes) 1.603ms
[6.093s][info][gc,start      ] GC(1) Concurrent marking (unload classes)
[6.093s][info][gc,task       ] GC(1) Using 1 of 1 workers for concurrent marking
[6.132s][info][gc            ] GC(1) Concurrent marking (unload classes) 38.982ms
[6.132s][info][gc,start      ] GC(1) Pause Final Mark (unload classes)
[6.133s][info][gc,task       ] GC(1) Using 1 of 1 workers for final marking
[6.142s][info][gc,stringtable] GC(1) Cleaned string and symbol table, strings: 13470 processed, 0 removed, symbols: 81152 processed, 44 removed
[6.142s][info][gc,ergo       ] GC(1) Adaptive CSet Selection. Target Free: 212M, Actual Free: 1406M, Max CSet: 64000K, Min Garbage: 0B
[6.142s][info][gc,ergo       ] GC(1) Collectable Garbage: 71559K (98%), Immediate: 512K (0%), CSet: 71047K (97%)
[6.145s][info][gc,ergo       ] GC(1) Pacer for Evacuation. Used CSet: 75776K, Free: 1331M, Non-Taxable: 133M, Alloc Tax Rate: 1.1x
[6.145s][info][gc            ] GC(1) Pause Final Mark (unload classes) 12.115ms
[6.145s][info][gc,start      ] GC(1) Concurrent cleanup
[6.145s][info][gc            ] GC(1) Concurrent cleanup 93M->93M(134M) 0.078ms
[6.145s][info][gc,ergo       ] GC(1) Free: 1331M, Max: 512K regular, 1331M humongous, Frag: 1% external, 0% internal; Reserve: 75776K, Max: 512K
[6.145s][info][gc,start      ] GC(1) Concurrent evacuation
[6.145s][info][gc,task       ] GC(1) Using 1 of 1 workers for concurrent evacuation
[6.156s][info][gc            ] GC(1) Concurrent evacuation 11.251ms
[6.161s][info][gc,start      ] GC(1) Pause Init Update Refs
[6.161s][info][gc,ergo       ] GC(1) Pacer for Update Refs. Used: 100263K, Free: 1331M, Non-Taxable: 133M, Alloc Tax Rate: 1.1x
[6.161s][info][gc            ] GC(1) Pause Init Update Refs 0.054ms
[6.161s][info][gc,start      ] GC(1) Concurrent update references
[6.161s][info][gc,task       ] GC(1) Using 1 of 1 workers for concurrent reference update
[6.203s][info][gc            ] GC(1) Concurrent update references 42.178ms
[6.204s][info][gc,start      ] GC(1) Pause Final Update Refs
[6.204s][info][gc,task       ] GC(1) Using 1 of 1 workers for final reference update
[6.205s][info][gc            ] GC(1) Pause Final Update Refs 1.387ms
[6.205s][info][gc,start      ] GC(1) Concurrent cleanup
[6.205s][info][gc            ] GC(1) Concurrent cleanup 98M->24M(138M) 0.062ms
[6.205s][info][gc,ergo       ] Free: 1399M, Max: 512K regular, 1327M humongous, Frag: 6% external, 0% internal; Reserve: 76800K, Max: 512K
[6.205s][info][gc,stats      ] 
[6.205s][info][gc,stats      ] All times are wall-clock times, except per-root-class counters, that are sum over
[6.205s][info][gc,stats      ] all workers. Dividing the <total> over the root stage time estimates parallelism.
[6.205s][info][gc,stats      ] 
[6.205s][info][gc,stats      ] Concurrent Reset                    173 us
[6.205s][info][gc,stats      ] Pause Init Mark (G)                1741 us
[6.205s][info][gc,stats      ] Pause Init Mark (N)                1595 us
[6.205s][info][gc,stats      ]   Accumulate Stats                    5 us
[6.205s][info][gc,stats      ]   Make Parsable                      11 us
[6.205s][info][gc,stats      ]   Update Region States               29 us
[6.205s][info][gc,stats      ]   Scan Roots                       1524 us, parallelism: 0.93x
[6.205s][info][gc,stats      ]     S: <total>                     1416 us
[6.205s][info][gc,stats      ]     S: Thread Roots                1325 us, workers (us): 1325, 
[6.205s][info][gc,stats      ]     S: Universe Roots                 2 us, workers (us):   2, 
[6.205s][info][gc,stats      ]     S: JNI Handles Roots              1 us, workers (us):   1, 
[6.205s][info][gc,stats      ]     S: Synchronizer Roots             0 us, workers (us):   0, 
[6.205s][info][gc,stats      ]     S: Management Roots               1 us, workers (us):   1, 
[6.205s][info][gc,stats      ]     S: System Dict Roots             22 us, workers (us):  22, 
[6.205s][info][gc,stats      ]     S: CLDG Roots                    64 us, workers (us):  64, 
[6.205s][info][gc,stats      ]     S: JVMTI Roots                    0 us, workers (us):   0, 
[6.205s][info][gc,stats      ]   Resize TLABs                        4 us
[6.205s][info][gc,stats      ] Concurrent Marking                38974 us
[6.205s][info][gc,stats      ] Pause Final Mark (G)              12557 us
[6.205s][info][gc,stats      ] Pause Final Mark (N)              12105 us
[6.205s][info][gc,stats      ]   Finish Queues                      34 us
[6.205s][info][gc,stats      ]   System Purge                      167 us
[6.205s][info][gc,stats      ]     Unload Classes                  371 us
[6.205s][info][gc,stats      ]     Cleanup                        9161 us, parallelism: 0.99x
[6.205s][info][gc,stats      ]       CU: <total>                  9094 us
[6.205s][info][gc,stats      ]       CU: Code Cache Roots         2491 us, workers (us): 2491, 
[6.205s][info][gc,stats      ]       CU: Code Cache Cleaning       752 us, workers (us): 752, 
[6.205s][info][gc,stats      ]       CU: String Table Roots       2398 us, workers (us): 2398, 
[6.205s][info][gc,stats      ]       CU: Resolved Table Roots       46 us, workers (us):  46, 
[6.205s][info][gc,stats      ]       CU: CLDG Roots               3407 us, workers (us): 3407, 
[6.205s][info][gc,stats      ]     Weak Roots                      167 us
[6.205s][info][gc,stats      ]     CLDG                              1 us
[6.205s][info][gc,stats      ]   Update Region States               51 us
[6.205s][info][gc,stats      ]   Retire TLABs                       13 us
[6.205s][info][gc,stats      ]   Choose Collection Set              44 us
[6.205s][info][gc,stats      ]   Rebuild Free Set                    9 us
[6.205s][info][gc,stats      ]   Initial Evacuation               2244 us, parallelism: 0.52x
[6.205s][info][gc,stats      ]     E: <total>                     1171 us
[6.205s][info][gc,stats      ]     E: Thread Roots                 379 us, workers (us): 379, 
[6.205s][info][gc,stats      ]     E: Code Cache Roots             116 us, workers (us): 116, 
[6.205s][info][gc,stats      ]     E: Universe Roots                 1 us, workers (us):   1, 
[6.205s][info][gc,stats      ]     E: JNI Handles Roots              2 us, workers (us):   2, 
[6.205s][info][gc,stats      ]     E: Synchronizer Roots             0 us, workers (us):   0, 
[6.205s][info][gc,stats      ]     E: Management Roots               1 us, workers (us):   1, 
[6.205s][info][gc,stats      ]     E: System Dict Roots             38 us, workers (us):  38, 
[6.205s][info][gc,stats      ]     E: CLDG Roots                   632 us, workers (us): 632, 
[6.205s][info][gc,stats      ]     E: JVMTI Roots                    1 us, workers (us):   1, 
[6.205s][info][gc,stats      ] Concurrent Cleanup                   57 us
[6.205s][info][gc,stats      ] Concurrent Evacuation             11238 us
[6.205s][info][gc,stats      ] Pause Init  Update Refs (G)        4864 us
[6.205s][info][gc,stats      ] Pause Init  Update Refs (N)          11 us
[6.205s][info][gc,stats      ]   Retire GCLABs                       4 us
[6.205s][info][gc,stats      ] Concurrent Update Refs            42167 us
[6.205s][info][gc,stats      ] Pause Final Update Refs (G)        1549 us
[6.205s][info][gc,stats      ] Pause Final Update Refs (N)        1374 us
[6.205s][info][gc,stats      ]   Update Roots                      522 us, parallelism: 0.98x
[6.205s][info][gc,stats      ]     UR: <total>                     514 us
[6.205s][info][gc,stats      ]     UR: Thread Roots                514 us, workers (us): 514, 
[6.205s][info][gc,stats      ]   Update Region States              831 us
[6.205s][info][gc,stats      ]   Trash Collection Set                2 us
[6.205s][info][gc,stats      ]   Rebuild Free Set                   11 us
[6.205s][info][gc,stats      ] Concurrent Cleanup                   54 us
[6.205s][info][gc,stats      ] 
[6.205s][info][gc,stats      ] Allocation pacing accrued:
[6.205s][info][gc,stats      ]       0 of  2058 ms (  0.0%): <total>
[6.205s][info][gc,stats      ]       0 of  2058 ms (  0.0%): <average total>
[6.205s][info][gc,stats      ] 
[6.205s][info][gc,metaspace  ] Metaspace: 34572K->35183K(1081344K)
[6.205s][info][gc,ergo       ] Pacer for Idle. Initial: 30720K, Alloc Tax Rate: 1.0x
[8.102s][info][gc            ] Trigger: Learning 3 of 5. Free (1049M) is below initial threshold (1050M)
[8.102s][info][gc,ergo       ] Free: 1049M, Max: 512K regular, 1049M humongous, Frag: 0% external, 0% internal; Reserve: 76800K, Max: 512K
[8.102s][info][gc,start      ] GC(2) Concurrent reset
[8.102s][info][gc,task       ] GC(2) Using 1 of 1 workers for concurrent reset
[8.102s][info][gc,ergo       ] GC(2) Pacer for Reset. Non-Taxable: 1500M
[8.102s][info][gc            ] GC(2) Concurrent reset 0.242ms
[8.104s][info][gc,start      ] GC(2) Pause Init Mark
[8.104s][info][gc,task       ] GC(2) Using 1 of 1 workers for init marking
[8.105s][info][gc,ergo       ] GC(2) Pacer for Mark. Expected Live: 19354K, Free: 1049M, Non-Taxable: 104M, Alloc Tax Rate: 0.0x
[8.105s][info][gc            ] GC(2) Pause Init Mark 0.968ms
[8.105s][info][gc,start      ] GC(2) Concurrent marking
[8.105s][info][gc,task       ] GC(2) Using 1 of 1 workers for concurrent marking
[8.334s][info][gc            ] GC(2) Concurrent marking 228.681ms
[8.340s][info][gc,start      ] GC(2) Pause Final Mark
[8.340s][info][gc,task       ] GC(2) Using 1 of 1 workers for final marking
[8.341s][info][gc,ergo       ] GC(2) Adaptive CSet Selection. Target Free: 212M, Actual Free: 1049M, Max CSet: 64000K, Min Garbage: 0B
[8.341s][info][gc,ergo       ] GC(2) Collectable Garbage: 298M (99%), Immediate: 380K (0%), CSet: 297M (99%)
[8.343s][info][gc,ergo       ] GC(2) Pacer for Evacuation. Used CSet: 351M, Free: 975M, Non-Taxable: 99840K, Alloc Tax Rate: 1.1x
[8.343s][info][gc            ] GC(2) Pause Final Mark 2.901ms
[8.343s][info][gc,start      ] GC(2) Concurrent cleanup
[8.343s][info][gc            ] GC(2) Concurrent cleanup 449M->449M(452M) 0.059ms
[8.343s][info][gc,ergo       ] GC(2) Free: 975M, Max: 512K regular, 974M humongous, Frag: 1% external, 0% internal; Reserve: 76288K, Max: 512K
[8.343s][info][gc,start      ] GC(2) Concurrent evacuation
[8.343s][info][gc,task       ] GC(2) Using 1 of 1 workers for concurrent evacuation
[8.488s][info][gc            ] GC(2) Concurrent evacuation 144.668ms
[8.490s][info][gc,start      ] GC(2) Pause Init Update Refs
[8.490s][info][gc,ergo       ] GC(2) Pacer for Update Refs. Used: 556M, Free: 921M, Non-Taxable: 94362K, Alloc Tax Rate: 1.1x
[8.490s][info][gc            ] GC(2) Pause Init Update Refs 0.027ms
[8.490s][info][gc,start      ] GC(2) Concurrent update references
[8.490s][info][gc,task       ] GC(2) Using 1 of 1 workers for concurrent reference update
[8.650s][info][gc            ] GC(2) Concurrent update references 160.238ms
[8.652s][info][gc,start      ] GC(2) Pause Final Update Refs
[8.652s][info][gc,task       ] GC(2) Using 1 of 1 workers for final reference update
[8.653s][info][gc            ] GC(2) Pause Final Update Refs 0.311ms
[8.653s][info][gc,start      ] GC(2) Concurrent cleanup
[8.653s][info][gc            ] GC(2) Concurrent cleanup 611M->259M(613M) 0.082ms
[8.653s][info][gc,ergo       ] Free: 1164M, Max: 512K regular, 812M humongous, Frag: 31% external, 0% internal; Reserve: 76800K, Max: 512K
[8.653s][info][gc,stats      ] 
[8.653s][info][gc,stats      ] All times are wall-clock times, except per-root-class counters, that are sum over
[8.653s][info][gc,stats      ] all workers. Dividing the <total> over the root stage time estimates parallelism.
[8.653s][info][gc,stats      ] 
[8.653s][info][gc,stats      ] Concurrent Reset                    213 us
[8.653s][info][gc,stats      ] Pause Init Mark (G)                3043 us
[8.653s][info][gc,stats      ] Pause Init Mark (N)                 949 us
[8.653s][info][gc,stats      ]   Accumulate Stats                    7 us
[8.653s][info][gc,stats      ]   Make Parsable                      10 us
[8.653s][info][gc,stats      ]   Update Region States               29 us
[8.653s][info][gc,stats      ]   Scan Roots                        869 us, parallelism: 0.84x
[8.653s][info][gc,stats      ]     S: <total>                      727 us
[8.653s][info][gc,stats      ]     S: Thread Roots                 276 us, workers (us): 276, 
[8.653s][info][gc,stats      ]     S: Universe Roots                 2 us, workers (us):   2, 
[8.653s][info][gc,stats      ]     S: JNI Handles Roots              1 us, workers (us):   1, 
[8.653s][info][gc,stats      ]     S: Synchronizer Roots             0 us, workers (us):   0, 
[8.653s][info][gc,stats      ]     S: Management Roots               1 us, workers (us):   1, 
[8.653s][info][gc,stats      ]     S: System Dict Roots             16 us, workers (us):  16, 
[8.653s][info][gc,stats      ]     S: CLDG Roots                   430 us, workers (us): 430, 
[8.653s][info][gc,stats      ]     S: JVMTI Roots                    0 us, workers (us):   0, 
[8.653s][info][gc,stats      ]   Resize TLABs                        2 us
[8.653s][info][gc,stats      ] Concurrent Marking               228673 us
[8.653s][info][gc,stats      ] Pause Final Mark (G)               5855 us
[8.653s][info][gc,stats      ] Pause Final Mark (N)               2852 us
[8.653s][info][gc,stats      ]   Finish Queues                      20 us
[8.653s][info][gc,stats      ]   System Purge                      479 us
[8.653s][info][gc,stats      ]     Weak Roots                      478 us
[8.653s][info][gc,stats      ]   Update Region States              136 us
[8.653s][info][gc,stats      ]   Retire TLABs                       16 us
[8.653s][info][gc,stats      ]   Choose Collection Set             420 us
[8.653s][info][gc,stats      ]   Rebuild Free Set                   33 us
[8.653s][info][gc,stats      ]   Initial Evacuation               1739 us, parallelism: 0.49x
[8.653s][info][gc,stats      ]     E: <total>                      845 us
[8.653s][info][gc,stats      ]     E: Thread Roots                 209 us, workers (us): 209, 
[8.653s][info][gc,stats      ]     E: Code Cache Roots             148 us, workers (us): 148, 
[8.653s][info][gc,stats      ]     E: Universe Roots                 1 us, workers (us):   1, 
[8.653s][info][gc,stats      ]     E: JNI Handles Roots              1 us, workers (us):   1, 
[8.653s][info][gc,stats      ]     E: Synchronizer Roots             0 us, workers (us):   0, 
[8.653s][info][gc,stats      ]     E: Management Roots               4 us, workers (us):   4, 
[8.653s][info][gc,stats      ]     E: System Dict Roots             10 us, workers (us):  10, 
[8.653s][info][gc,stats      ]     E: CLDG Roots                   471 us, workers (us): 471, 
[8.653s][info][gc,stats      ]     E: JVMTI Roots                    1 us, workers (us):   1, 
[8.653s][info][gc,stats      ] Concurrent Cleanup                   50 us
[8.653s][info][gc,stats      ] Concurrent Evacuation            144655 us
[8.653s][info][gc,stats      ] Pause Init  Update Refs (G)        2176 us
[8.653s][info][gc,stats      ] Pause Init  Update Refs (N)           9 us
[8.653s][info][gc,stats      ]   Retire GCLABs                       3 us
[8.653s][info][gc,stats      ] Concurrent Update Refs           160224 us
[8.653s][info][gc,stats      ] Pause Final Update Refs (G)        2386 us
[8.653s][info][gc,stats      ] Pause Final Update Refs (N)         285 us
[8.653s][info][gc,stats      ]   Update Roots                      169 us, parallelism: 0.96x
[8.653s][info][gc,stats      ]     UR: <total>                     163 us
[8.653s][info][gc,stats      ]     UR: Thread Roots                163 us, workers (us): 163, 
[8.653s][info][gc,stats      ]   Update Region States               92 us
[8.653s][info][gc,stats      ]   Trash Collection Set                4 us
[8.653s][info][gc,stats      ]   Rebuild Free Set                   10 us
[8.653s][info][gc,stats      ] Concurrent Cleanup                   75 us
[8.653s][info][gc,stats      ] 
[8.653s][info][gc,stats      ] Allocation pacing accrued:
[8.653s][info][gc,stats      ]       0 of  2448 ms (  0.0%): <total>
[8.653s][info][gc,stats      ]       0 of  2448 ms (  0.0%): <average total>
[8.653s][info][gc,stats      ] 
[8.653s][info][gc,metaspace  ] Metaspace: 42879K->42879K(1087488K)
[8.653s][info][gc,ergo       ] Pacer for Idle. Initial: 30720K, Alloc Tax Rate: 1.0x
[9.846s][info][gc            ] Trigger: Learning 4 of 5. Free (1049M) is below initial threshold (1050M)
[9.847s][info][gc,ergo       ] Free: 1049M, Max: 512K regular, 812M humongous, Frag: 23% external, 0% internal; Reserve: 76800K, Max: 512K
[9.847s][info][gc,start      ] GC(3) Concurrent reset
[9.847s][info][gc,task       ] GC(3) Using 1 of 1 workers for concurrent reset
[9.847s][info][gc,ergo       ] GC(3) Pacer for Reset. Non-Taxable: 1500M
[9.847s][info][gc            ] GC(3) Concurrent reset 0.611ms
[9.849s][info][gc,start      ] GC(3) Pause Init Mark
[9.849s][info][gc,task       ] GC(3) Using 1 of 1 workers for init marking
[9.850s][info][gc,ergo       ] GC(3) Pacer for Mark. Expected Live: 38346K, Free: 1049M, Non-Taxable: 104M, Alloc Tax Rate: 0.0x
[9.850s][info][gc            ] GC(3) Pause Init Mark 1.100ms
[9.850s][info][gc,start      ] GC(3) Concurrent marking
[9.850s][info][gc,task       ] GC(3) Using 1 of 1 workers for concurrent marking
[9.898s][info][gc            ] GC(3) Concurrent marking 48.068ms
[9.898s][info][gc,start      ] GC(3) Pause Final Mark
[9.898s][info][gc,task       ] GC(3) Using 1 of 1 workers for final marking
[9.899s][info][gc,ergo       ] GC(3) Collectable Garbage: 320M (91%), Immediate: 320M (91%), CSet: 0B (0%)
[9.899s][info][gc            ] GC(3) Pause Final Mark 0.319ms
[9.899s][info][gc,start      ] GC(3) Concurrent cleanup
[9.899s][info][gc            ] GC(3) Concurrent cleanup 375M->55M(613M) 0.079ms
[9.899s][info][gc,ergo       ] GC(3) Free: 1368M, Max: 512K regular, 1280M humongous, Frag: 7% external, 0% internal; Reserve: 76800K, Max: 512K
[9.899s][info][gc,ergo       ] Free: 1368M, Max: 512K regular, 1280M humongous, Frag: 7% external, 0% internal; Reserve: 76800K, Max: 512K
[9.899s][info][gc,stats      ] 
[9.899s][info][gc,stats      ] All times are wall-clock times, except per-root-class counters, that are sum over
[9.899s][info][gc,stats      ] all workers. Dividing the <total> over the root stage time estimates parallelism.
[9.899s][info][gc,stats      ] 
[9.899s][info][gc,stats      ] Concurrent Reset                    580 us
[9.899s][info][gc,stats      ] Pause Init Mark (G)                2897 us
[9.899s][info][gc,stats      ] Pause Init Mark (N)                1072 us
[9.899s][info][gc,stats      ]   Accumulate Stats                    7 us
[9.899s][info][gc,stats      ]   Make Parsable                       5 us
[9.899s][info][gc,stats      ]   Update Region States               45 us
[9.899s][info][gc,stats      ]   Scan Roots                        976 us, parallelism: 0.78x
[9.899s][info][gc,stats      ]     S: <total>                      760 us
[9.899s][info][gc,stats      ]     S: Thread Roots                 339 us, workers (us): 339, 
[9.899s][info][gc,stats      ]     S: Universe Roots                 2 us, workers (us):   2, 
[9.899s][info][gc,stats      ]     S: JNI Handles Roots              2 us, workers (us):   2, 
[9.899s][info][gc,stats      ]     S: Synchronizer Roots             0 us, workers (us):   0, 
[9.899s][info][gc,stats      ]     S: Management Roots               1 us, workers (us):   1, 
[9.899s][info][gc,stats      ]     S: System Dict Roots             11 us, workers (us):  11, 
[9.899s][info][gc,stats      ]     S: CLDG Roots                   405 us, workers (us): 405, 
[9.899s][info][gc,stats      ]     S: JVMTI Roots                    1 us, workers (us):   1, 
[9.899s][info][gc,stats      ]   Resize TLABs                        4 us
[9.899s][info][gc,stats      ] Concurrent Marking                48048 us
[9.899s][info][gc,stats      ] Pause Final Mark (G)                367 us
[9.899s][info][gc,stats      ] Pause Final Mark (N)                311 us
[9.899s][info][gc,stats      ]   Finish Queues                      10 us
[9.899s][info][gc,stats      ]   System Purge                      211 us
[9.899s][info][gc,stats      ]     Weak Roots                      210 us
[9.899s][info][gc,stats      ]   Update Region States               52 us
[9.899s][info][gc,stats      ]   Retire TLABs                        6 us
[9.899s][info][gc,stats      ]   Choose Collection Set              17 us
[9.899s][info][gc,stats      ]   Rebuild Free Set                   11 us
[9.899s][info][gc,stats      ] Concurrent Cleanup                   73 us
[9.899s][info][gc,stats      ] 
[9.899s][info][gc,stats      ] Allocation pacing accrued:
[9.899s][info][gc,stats      ]       0 of  1246 ms (  0.0%): <total>
[9.899s][info][gc,stats      ]       0 of  1246 ms (  0.0%): <average total>
[9.899s][info][gc,stats      ] 
[9.899s][info][gc,metaspace  ] Metaspace: 48151K->48394K(1091584K)
[9.899s][info][gc,ergo       ] Pacer for Idle. Initial: 30720K, Alloc Tax Rate: 1.0x
[10.173s][info][gc            ] Trigger: Explicit GC request (System.gc())
[10.173s][info][gc,ergo       ] Free: 1353M, Max: 512K regular, 1280M humongous, Frag: 6% external, 0% internal; Reserve: 76800K, Max: 512K
[10.173s][info][gc,start      ] GC(4) Concurrent reset
[10.173s][info][gc,task       ] GC(4) Using 1 of 1 workers for concurrent reset
[10.173s][info][gc,ergo       ] GC(4) Pacer for Reset. Non-Taxable: 1500M
[10.173s][info][gc            ] GC(4) Concurrent reset 0.135ms
[10.173s][info][gc,start      ] GC(4) Pause Init Mark (process weakrefs) (unload classes)
[10.173s][info][gc,task       ] GC(4) Using 1 of 1 workers for init marking
[10.174s][info][gc,ergo       ] GC(4) Pacer for Mark. Expected Live: 34684K, Free: 1353M, Non-Taxable: 135M, Alloc Tax Rate: 0.0x
[10.174s][info][gc            ] GC(4) Pause Init Mark (process weakrefs) (unload classes) 0.579ms
[10.174s][info][gc,start      ] GC(4) Concurrent marking (process weakrefs) (unload classes)
[10.174s][info][gc,task       ] GC(4) Using 1 of 1 workers for concurrent marking
[10.227s][info][gc            ] GC(4) Concurrent marking (process weakrefs) (unload classes) 53.679ms
[10.227s][info][gc,start      ] GC(4) Concurrent precleaning
[10.227s][info][gc,task       ] GC(4) Using 1 of 1 workers for concurrent preclean
[10.227s][info][gc,ergo       ] GC(4) Pacer for Precleaning. Non-Taxable: 1500M
[10.234s][info][gc            ] GC(4) Concurrent precleaning 6.520ms
[10.234s][info][gc,start      ] GC(4) Pause Final Mark (process weakrefs) (unload classes)
[10.234s][info][gc,task       ] GC(4) Using 1 of 1 workers for final marking
[10.251s][info][gc,stringtable] GC(4) Cleaned string and symbol table, strings: 16617 processed, 0 removed, symbols: 113919 processed, 30 removed
[10.251s][info][gc,ergo       ] GC(4) Adaptive CSet Selection. Target Free: 212M, Actual Free: 1434M, Max CSet: 64000K, Min Garbage: 0B
[10.251s][info][gc,ergo       ] GC(4) Collectable Garbage: 47543K (96%), Immediate: 6280K (12%), CSet: 41263K (83%)
[10.253s][info][gc,ergo       ] GC(4) Pacer for Evacuation. Used CSet: 44827K, Free: 1360M, Non-Taxable: 136M, Alloc Tax Rate: 1.1x
[10.253s][info][gc            ] GC(4) Pause Final Mark (process weakrefs) (unload classes) 19.021ms
[10.255s][info][gc,start      ] GC(4) Concurrent cleanup
[10.255s][info][gc            ] GC(4) Concurrent cleanup 69M->63M(613M) 0.092ms
[10.255s][info][gc,ergo       ] GC(4) Free: 1360M, Max: 512K regular, 1280M humongous, Frag: 6% external, 0% internal; Reserve: 76544K, Max: 512K
[10.255s][info][gc,start      ] GC(4) Concurrent evacuation
[10.255s][info][gc,task       ] GC(4) Using 1 of 1 workers for concurrent evacuation
[10.263s][info][gc            ] GC(4) Concurrent evacuation 8.567ms
[10.264s][info][gc,start      ] GC(4) Pause Init Update Refs
[10.264s][info][gc,ergo       ] GC(4) Pacer for Update Refs. Used: 68816K, Free: 1360M, Non-Taxable: 136M, Alloc Tax Rate: 1.1x
[10.264s][info][gc            ] GC(4) Pause Init Update Refs 0.026ms
[10.264s][info][gc,start      ] GC(4) Concurrent update references
[10.264s][info][gc,task       ] GC(4) Using 1 of 1 workers for concurrent reference update
[10.286s][info][gc            ] GC(4) Concurrent update references 21.912ms
[10.286s][info][gc,start      ] GC(4) Pause Final Update Refs
[10.286s][info][gc,task       ] GC(4) Using 1 of 1 workers for final reference update
[10.286s][info][gc            ] GC(4) Pause Final Update Refs 0.276ms
[10.286s][info][gc,start      ] GC(4) Concurrent cleanup
[10.286s][info][gc            ] GC(4) Concurrent cleanup 67M->23M(613M) 0.058ms
[10.286s][info][gc,ergo       ] Free: 1400M, Max: 512K regular, 1358M humongous, Frag: 3% external, 0% internal; Reserve: 76800K, Max: 512K
[10.286s][info][gc,stats      ] 
[10.286s][info][gc,stats      ] All times are wall-clock times, except per-root-class counters, that are sum over
[10.286s][info][gc,stats      ] all workers. Dividing the <total> over the root stage time estimates parallelism.
[10.286s][info][gc,stats      ] 
[10.286s][info][gc,stats      ] Concurrent Reset                    126 us
[10.286s][info][gc,stats      ] Pause Init Mark (G)                 692 us
[10.286s][info][gc,stats      ] Pause Init Mark (N)                 571 us
[10.286s][info][gc,stats      ]   Accumulate Stats                    6 us
[10.286s][info][gc,stats      ]   Make Parsable                       6 us
[10.286s][info][gc,stats      ]   Update Region States               27 us
[10.286s][info][gc,stats      ]   Scan Roots                        511 us, parallelism: 0.66x
[10.286s][info][gc,stats      ]     S: <total>                      336 us
[10.286s][info][gc,stats      ]     S: Thread Roots                 249 us, workers (us): 249, 
[10.286s][info][gc,stats      ]     S: Universe Roots                 2 us, workers (us):   2, 
[10.286s][info][gc,stats      ]     S: JNI Handles Roots              1 us, workers (us):   1, 
[10.286s][info][gc,stats      ]     S: Synchronizer Roots             0 us, workers (us):   0, 
[10.286s][info][gc,stats      ]     S: Management Roots               1 us, workers (us):   1, 
[10.286s][info][gc,stats      ]     S: System Dict Roots              8 us, workers (us):   8, 
[10.286s][info][gc,stats      ]     S: CLDG Roots                    74 us, workers (us):  74, 
[10.286s][info][gc,stats      ]     S: JVMTI Roots                    0 us, workers (us):   0, 
[10.286s][info][gc,stats      ]   Resize TLABs                        3 us
[10.286s][info][gc,stats      ] Concurrent Marking                53670 us
[10.286s][info][gc,stats      ] Concurrent Precleaning             6508 us
[10.286s][info][gc,stats      ] Pause Final Mark (G)              20792 us
[10.286s][info][gc,stats      ] Pause Final Mark (N)              19010 us
[10.286s][info][gc,stats      ]   Finish Queues                      37 us
[10.286s][info][gc,stats      ]   Weak References                   364 us
[10.286s][info][gc,stats      ]     Process                         361 us
[10.286s][info][gc,stats      ]   System Purge                      235 us
[10.286s][info][gc,stats      ]     Unload Classes                  890 us
[10.286s][info][gc,stats      ]     Cleanup                       15460 us, parallelism: 0.99x
[10.286s][info][gc,stats      ]       CU: <total>                 15369 us
[10.286s][info][gc,stats      ]       CU: Code Cache Roots         4481 us, workers (us): 4481, 
[10.286s][info][gc,stats      ]       CU: Code Cache Cleaning       957 us, workers (us): 957, 
[10.286s][info][gc,stats      ]       CU: String Table Roots       5303 us, workers (us): 5303, 
[10.286s][info][gc,stats      ]       CU: Resolved Table Roots       73 us, workers (us):  73, 
[10.286s][info][gc,stats      ]       CU: CLDG Roots               4554 us, workers (us): 4554, 
[10.286s][info][gc,stats      ]     Weak Roots                      235 us
[10.286s][info][gc,stats      ]     CLDG                            165 us
[10.286s][info][gc,stats      ]   Update Region States               53 us
[10.286s][info][gc,stats      ]   Retire TLABs                       15 us
[10.286s][info][gc,stats      ]   Choose Collection Set              30 us
[10.286s][info][gc,stats      ]   Rebuild Free Set                   11 us
[10.286s][info][gc,stats      ]   Initial Evacuation               1739 us, parallelism: 0.55x
[10.286s][info][gc,stats      ]     E: <total>                      958 us
[10.286s][info][gc,stats      ]     E: Thread Roots                 206 us, workers (us): 206, 
[10.286s][info][gc,stats      ]     E: Code Cache Roots             233 us, workers (us): 233, 
[10.286s][info][gc,stats      ]     E: Universe Roots                 3 us, workers (us):   3, 
[10.286s][info][gc,stats      ]     E: JNI Handles Roots              2 us, workers (us):   2, 
[10.286s][info][gc,stats      ]     E: Synchronizer Roots             0 us, workers (us):   0, 
[10.286s][info][gc,stats      ]     E: Management Roots               2 us, workers (us):   2, 
[10.286s][info][gc,stats      ]     E: System Dict Roots             12 us, workers (us):  12, 
[10.286s][info][gc,stats      ]     E: CLDG Roots                   499 us, workers (us): 499, 
[10.286s][info][gc,stats      ]     E: JVMTI Roots                    1 us, workers (us):   1, 
[10.286s][info][gc,stats      ] Concurrent Cleanup                   52 us
[10.286s][info][gc,stats      ] Concurrent Evacuation              8555 us
[10.286s][info][gc,stats      ] Pause Init  Update Refs (G)         181 us
[10.286s][info][gc,stats      ] Pause Init  Update Refs (N)          10 us
[10.286s][info][gc,stats      ]   Retire GCLABs                       4 us
[10.286s][info][gc,stats      ] Concurrent Update Refs            21898 us
[10.286s][info][gc,stats      ] Pause Final Update Refs (G)         398 us
[10.286s][info][gc,stats      ] Pause Final Update Refs (N)         266 us
[10.286s][info][gc,stats      ]   Update Roots                      193 us, parallelism: 0.95x
[10.286s][info][gc,stats      ]     UR: <total>                     185 us
[10.286s][info][gc,stats      ]     UR: Thread Roots                185 us, workers (us): 185, 
[10.286s][info][gc,stats      ]   Update Region States               54 us
[10.286s][info][gc,stats      ]   Trash Collection Set                2 us
[10.286s][info][gc,stats      ]   Rebuild Free Set                   10 us
[10.286s][info][gc,stats      ] Concurrent Cleanup                   52 us
[10.286s][info][gc,stats      ] 
[10.286s][info][gc,stats      ] Allocation pacing accrued:
[10.286s][info][gc,stats      ]       0 of   388 ms (  0.0%): <total>
[10.286s][info][gc,stats      ]       0 of   388 ms (  0.0%): <average total>
[10.286s][info][gc,stats      ] 
[10.286s][info][gc,metaspace  ] Metaspace: 49349K->49089K(1093632K)
[10.286s][info][gc,ergo       ] Pacer for Idle. Initial: 30720K, Alloc Tax Rate: 1.0x
[10.286s][info][gc,start      ] Concurrent uncommit
[10.330s][info][gc            ] Concurrent uncommit 23M->23M(24M) 43.761ms
[13.067s][info][gc            ] Trigger: Learning 2 of 5. Free (1048M) is below initial threshold (1050M)
[13.067s][info][gc,ergo       ] Free: 1048M, Max: 512K regular, 1048M humongous, Frag: 0% external, 0% internal; Reserve: 76800K, Max: 512K
[13.067s][info][gc,start      ] GC(5) Concurrent reset
[13.067s][info][gc,task       ] GC(5) Using 1 of 1 workers for concurrent reset
[13.067s][info][gc,ergo       ] GC(5) Pacer for Reset. Non-Taxable: 1500M
[13.067s][info][gc            ] GC(5) Concurrent reset 0.250ms
[13.074s][info][gc,start      ] GC(5) Pause Init Mark (process weakrefs)
[13.074s][info][gc,task       ] GC(5) Using 1 of 1 workers for init marking
[13.076s][info][gc,ergo       ] GC(5) Pacer for Mark. Expected Live: 32052K, Free: 1048M, Non-Taxable: 104M, Alloc Tax Rate: 0.0x
[13.076s][info][gc            ] GC(5) Pause Init Mark (process weakrefs) 2.667ms
[13.077s][info][gc,start      ] GC(5) Concurrent marking (process weakrefs)
[13.077s][info][gc,task       ] GC(5) Using 1 of 1 workers for concurrent marking
[13.262s][info][gc            ] GC(5) Concurrent marking (process weakrefs) 185.256ms
[13.262s][info][gc,start      ] GC(5) Concurrent precleaning
[13.262s][info][gc,task       ] GC(5) Using 1 of 1 workers for concurrent preclean
[13.262s][info][gc,ergo       ] GC(5) Pacer for Precleaning. Non-Taxable: 1500M
[13.266s][info][gc            ] GC(5) Concurrent precleaning 3.789ms
[13.268s][info][gc,start      ] GC(5) Pause Final Mark (process weakrefs)
[13.268s][info][gc,task       ] GC(5) Using 1 of 1 workers for final marking
[13.268s][info][gc,ergo       ] GC(5) Adaptive CSet Selection. Target Free: 212M, Actual Free: 1066M, Max CSet: 64000K, Min Garbage: 0B
[13.268s][info][gc,ergo       ] GC(5) Collectable Garbage: 324M (99%), Immediate: 7362K (2%), CSet: 316M (97%)
[13.271s][info][gc,ergo       ] GC(5) Pacer for Evacuation. Used CSet: 343M, Free: 993M, Non-Taxable: 101683K, Alloc Tax Rate: 1.1x
[13.271s][info][gc            ] GC(5) Pause Final Mark (process weakrefs) 3.278ms
[13.271s][info][gc,start      ] GC(5) Concurrent cleanup
[13.271s][info][gc            ] GC(5) Concurrent cleanup 438M->430M(441M) 0.060ms
[13.271s][info][gc,ergo       ] GC(5) Free: 993M, Max: 512K regular, 984M humongous, Frag: 1% external, 0% internal; Reserve: 75776K, Max: 512K
[13.271s][info][gc,start      ] GC(5) Concurrent evacuation
[13.271s][info][gc,task       ] GC(5) Using 1 of 1 workers for concurrent evacuation
[13.375s][info][gc            ] GC(5) Concurrent evacuation 103.442ms
[13.377s][info][gc,start      ] GC(5) Pause Init Update Refs
[13.377s][info][gc,ergo       ] GC(5) Pacer for Update Refs. Used: 501M, Free: 948M, Non-Taxable: 97075K, Alloc Tax Rate: 1.1x
[13.377s][info][gc            ] GC(5) Pause Init Update Refs 0.025ms
[13.377s][info][gc,start      ] GC(5) Concurrent update references
[13.377s][info][gc,task       ] GC(5) Using 1 of 1 workers for concurrent reference update
[13.575s][info][gc            ] GC(5) Concurrent update references 197.699ms
[13.577s][info][gc,start      ] GC(5) Pause Final Update Refs
[13.577s][info][gc,task       ] GC(5) Using 1 of 1 workers for final reference update
[13.577s][info][gc            ] GC(5) Pause Final Update Refs 0.336ms
[13.577s][info][gc,start      ] GC(5) Concurrent cleanup
[13.578s][info][gc            ] GC(5) Concurrent cleanup 598M->254M(600M) 0.083ms
[13.578s][info][gc,ergo       ] Free: 1168M, Max: 512K regular, 826M humongous, Frag: 30% external, 0% internal; Reserve: 76800K, Max: 512K
[13.578s][info][gc,stats      ] 
[13.578s][info][gc,stats      ] All times are wall-clock times, except per-root-class counters, that are sum over
[13.578s][info][gc,stats      ] all workers. Dividing the <total> over the root stage time estimates parallelism.
[13.578s][info][gc,stats      ] 
[13.578s][info][gc,stats      ] Concurrent Reset                    221 us
[13.578s][info][gc,stats      ] Pause Init Mark (G)                9099 us
[13.578s][info][gc,stats      ] Pause Init Mark (N)                2602 us
[13.578s][info][gc,stats      ]   Accumulate Stats                    9 us
[13.578s][info][gc,stats      ]   Make Parsable                      13 us
[13.578s][info][gc,stats      ]   Update Region States               76 us
[13.578s][info][gc,stats      ]   Scan Roots                       2431 us, parallelism: 0.89x
[13.578s][info][gc,stats      ]     S: <total>                     2161 us
[13.578s][info][gc,stats      ]     S: Thread Roots                1198 us, workers (us): 1198, 
[13.578s][info][gc,stats      ]     S: Universe Roots                 3 us, workers (us):   3, 
[13.578s][info][gc,stats      ]     S: JNI Handles Roots              2 us, workers (us):   2, 
[13.578s][info][gc,stats      ]     S: Synchronizer Roots             0 us, workers (us):   0, 
[13.578s][info][gc,stats      ]     S: Management Roots               2 us, workers (us):   2, 
[13.578s][info][gc,stats      ]     S: System Dict Roots             51 us, workers (us):  51, 
[13.578s][info][gc,stats      ]     S: CLDG Roots                   904 us, workers (us): 904, 
[13.578s][info][gc,stats      ]     S: JVMTI Roots                    1 us, workers (us):   1, 
[13.578s][info][gc,stats      ]   Resize TLABs                       10 us
[13.578s][info][gc,stats      ] Concurrent Marking               185244 us
[13.578s][info][gc,stats      ] Concurrent Precleaning             3776 us
[13.578s][info][gc,stats      ] Pause Final Mark (G)               5479 us
[13.578s][info][gc,stats      ] Pause Final Mark (N)               3253 us
[13.578s][info][gc,stats      ]   Finish Queues                      15 us
[13.578s][info][gc,stats      ]   Weak References                   146 us
[13.578s][info][gc,stats      ]     Process                         144 us
[13.578s][info][gc,stats      ]   System Purge                      273 us
[13.578s][info][gc,stats      ]     Weak Roots                      273 us
[13.578s][info][gc,stats      ]   Update Region States               51 us
[13.578s][info][gc,stats      ]   Retire TLABs                        6 us
[13.578s][info][gc,stats      ]   Choose Collection Set             105 us
[13.578s][info][gc,stats      ]   Rebuild Free Set                    9 us
[13.578s][info][gc,stats      ]   Initial Evacuation               2639 us, parallelism: 0.57x
[13.578s][info][gc,stats      ]     E: <total>                     1496 us
[13.578s][info][gc,stats      ]     E: Thread Roots                 318 us, workers (us): 318, 
[13.578s][info][gc,stats      ]     E: Code Cache Roots             399 us, workers (us): 399, 
[13.578s][info][gc,stats      ]     E: Universe Roots                25 us, workers (us):  25, 
[13.578s][info][gc,stats      ]     E: JNI Handles Roots              1 us, workers (us):   1, 
[13.578s][info][gc,stats      ]     E: Synchronizer Roots             0 us, workers (us):   0, 
[13.578s][info][gc,stats      ]     E: Management Roots               1 us, workers (us):   1, 
[13.578s][info][gc,stats      ]     E: System Dict Roots             12 us, workers (us):  12, 
[13.578s][info][gc,stats      ]     E: CLDG Roots                   739 us, workers (us): 739, 
[13.578s][info][gc,stats      ]     E: JVMTI Roots                    0 us, workers (us):   0, 
[13.578s][info][gc,stats      ] Concurrent Cleanup                   52 us
[13.578s][info][gc,stats      ] Concurrent Evacuation            103432 us
[13.578s][info][gc,stats      ] Pause Init  Update Refs (G)        2125 us
[13.578s][info][gc,stats      ] Pause Init  Update Refs (N)          10 us
[13.578s][info][gc,stats      ]   Retire GCLABs                       4 us
[13.578s][info][gc,stats      ] Concurrent Update Refs           197685 us
[13.578s][info][gc,stats      ] Pause Final Update Refs (G)        2777 us
[13.578s][info][gc,stats      ] Pause Final Update Refs (N)         285 us
[13.578s][info][gc,stats      ]   Update Roots                      213 us, parallelism: 0.96x
[13.578s][info][gc,stats      ]     UR: <total>                     204 us
[13.578s][info][gc,stats      ]     UR: Thread Roots                204 us, workers (us): 204, 
[13.578s][info][gc,stats      ]   Update Region States               51 us
[13.578s][info][gc,stats      ]   Trash Collection Set                4 us
[13.578s][info][gc,stats      ]   Rebuild Free Set                    9 us
[13.578s][info][gc,stats      ] Concurrent Cleanup                   75 us
[13.578s][info][gc,stats      ] 
[13.578s][info][gc,stats      ] Allocation pacing accrued:
[13.578s][info][gc,stats      ]       0 of  3291 ms (  0.0%): <total>
[13.578s][info][gc,stats      ]       0 of  3291 ms (  0.0%): <average total>
[13.578s][info][gc,stats      ] 
[13.578s][info][gc,metaspace  ] Metaspace: 55102K->55114K(1097728K)
[13.578s][info][gc,ergo       ] Pacer for Idle. Initial: 30720K, Alloc Tax Rate: 1.0x
[13.660s][info][gc            ] Trigger: Learning 3 of 5. Free (1047M) is below initial threshold (1050M)
[13.660s][info][gc,ergo       ] Free: 1047M, Max: 512K regular, 826M humongous, Frag: 22% external, 0% internal; Reserve: 76800K, Max: 512K
[13.660s][info][gc,start      ] GC(6) Concurrent reset
[13.660s][info][gc,task       ] GC(6) Using 1 of 1 workers for concurrent reset
[13.660s][info][gc,ergo       ] GC(6) Pacer for Reset. Non-Taxable: 1500M
[13.661s][info][gc            ] GC(6) Concurrent reset 0.596ms
[13.663s][info][gc,start      ] GC(6) Pause Init Mark
[13.663s][info][gc,task       ] GC(6) Using 1 of 1 workers for init marking
[13.664s][info][gc,ergo       ] GC(6) Pacer for Mark. Expected Live: 38291K, Free: 1047M, Non-Taxable: 104M, Alloc Tax Rate: 0.0x
[13.664s][info][gc            ] GC(6) Pause Init Mark 1.069ms
[13.664s][info][gc,start      ] GC(6) Concurrent marking
[13.664s][info][gc,task       ] GC(6) Using 1 of 1 workers for concurrent marking
[13.814s][info][gc            ] GC(6) Concurrent marking 149.919ms
[13.814s][info][gc,start      ] GC(6) Pause Final Mark
[13.814s][info][gc,task       ] GC(6) Using 1 of 1 workers for final marking
[13.815s][info][gc,ergo       ] GC(6) Adaptive CSet Selection. Target Free: 212M, Actual Free: 1001M, Max CSet: 64000K, Min Garbage: 0B
[13.815s][info][gc,ergo       ] GC(6) Collectable Garbage: 296M (99%), Immediate: 4607K (1%), CSet: 291M (97%)
[13.816s][info][gc,ergo       ] GC(6) Pacer for Evacuation. Used CSet: 318M, Free: 927M, Non-Taxable: 94984K, Alloc Tax Rate: 1.1x
[13.816s][info][gc            ] GC(6) Pause Final Mark 1.796ms
[13.816s][info][gc,start      ] GC(6) Concurrent cleanup
[13.816s][info][gc            ] GC(6) Concurrent cleanup 500M->495M(600M) 0.070ms
[13.816s][info][gc,ergo       ] GC(6) Free: 927M, Max: 512K regular, 826M humongous, Frag: 11% external, 0% internal; Reserve: 76797K, Max: 512K
[13.816s][info][gc,start      ] GC(6) Concurrent evacuation
[13.816s][info][gc,task       ] GC(6) Using 1 of 1 workers for concurrent evacuation
[13.891s][info][gc            ] GC(6) Concurrent evacuation 74.365ms
[13.893s][info][gc,start      ] GC(6) Pause Init Update Refs
[13.893s][info][gc,ergo       ] GC(6) Pacer for Update Refs. Used: 586M, Free: 864M, Non-Taxable: 88482K, Alloc Tax Rate: 1.1x
[13.893s][info][gc            ] GC(6) Pause Init Update Refs 0.029ms
[13.893s][info][gc,start      ] GC(6) Concurrent update references
[13.893s][info][gc,task       ] GC(6) Using 1 of 1 workers for concurrent reference update
[14.164s][info][gc            ] GC(6) Concurrent update references 270.887ms
[14.166s][info][gc,start      ] GC(6) Pause Final Update Refs
[14.166s][info][gc,task       ] GC(6) Using 1 of 1 workers for final reference update
[14.167s][info][gc            ] GC(6) Pause Final Update Refs 0.616ms
[14.167s][info][gc,start      ] GC(6) Concurrent cleanup
[14.167s][info][gc            ] GC(6) Concurrent cleanup 733M->414M(735M) 0.242ms
[14.167s][info][gc,ergo       ] Free: 1008M, Max: 512K regular, 690M humongous, Frag: 32% external, 0% internal; Reserve: 76800K, Max: 512K
[14.167s][info][gc,stats      ] 
[14.167s][info][gc,stats      ] All times are wall-clock times, except per-root-class counters, that are sum over
[14.167s][info][gc,stats      ] all workers. Dividing the <total> over the root stage time estimates parallelism.
[14.167s][info][gc,stats      ] 
[14.167s][info][gc,stats      ] Concurrent Reset                    586 us
[14.167s][info][gc,stats      ] Pause Init Mark (G)                3318 us
[14.167s][info][gc,stats      ] Pause Init Mark (N)                1044 us
[14.167s][info][gc,stats      ]   Accumulate Stats                    7 us
[14.167s][info][gc,stats      ]   Make Parsable                       7 us
[14.167s][info][gc,stats      ]   Update Region States               40 us
[14.167s][info][gc,stats      ]   Scan Roots                        959 us, parallelism: 0.76x
[14.167s][info][gc,stats      ]     S: <total>                      728 us
[14.167s][info][gc,stats      ]     S: Thread Roots                 271 us, workers (us): 271, 
[14.167s][info][gc,stats      ]     S: Universe Roots                 3 us, workers (us):   3, 
[14.167s][info][gc,stats      ]     S: JNI Handles Roots              1 us, workers (us):   1, 
[14.167s][info][gc,stats      ]     S: Synchronizer Roots             0 us, workers (us):   0, 
[14.167s][info][gc,stats      ]     S: Management Roots               1 us, workers (us):   1, 
[14.167s][info][gc,stats      ]     S: System Dict Roots             10 us, workers (us):  10, 
[14.167s][info][gc,stats      ]     S: CLDG Roots                   441 us, workers (us): 441, 
[14.167s][info][gc,stats      ]     S: JVMTI Roots                    1 us, workers (us):   1, 
[14.167s][info][gc,stats      ]   Resize TLABs                        4 us
[14.167s][info][gc,stats      ] Concurrent Marking               149910 us
[14.167s][info][gc,stats      ] Pause Final Mark (G)               1873 us
[14.167s][info][gc,stats      ] Pause Final Mark (N)               1779 us
[14.167s][info][gc,stats      ]   Finish Queues                      12 us
[14.167s][info][gc,stats      ]   System Purge                      252 us
[14.167s][info][gc,stats      ]     Weak Roots                      252 us
[14.167s][info][gc,stats      ]   Update Region States               47 us
[14.167s][info][gc,stats      ]   Retire TLABs                        7 us
[14.167s][info][gc,stats      ]   Choose Collection Set             127 us
[14.167s][info][gc,stats      ]   Rebuild Free Set                   11 us
[14.167s][info][gc,stats      ]   Initial Evacuation               1314 us, parallelism: 0.61x
[14.167s][info][gc,stats      ]     E: <total>                      798 us
[14.167s][info][gc,stats      ]     E: Thread Roots                 218 us, workers (us): 218, 
[14.167s][info][gc,stats      ]     E: Code Cache Roots             132 us, workers (us): 132, 
[14.168s][info][gc,stats      ]     E: Universe Roots                 1 us, workers (us):   1, 
[14.168s][info][gc,stats      ]     E: JNI Handles Roots              1 us, workers (us):   1, 
[14.168s][info][gc,stats      ]     E: Synchronizer Roots             0 us, workers (us):   0, 
[14.168s][info][gc,stats      ]     E: Management Roots               1 us, workers (us):   1, 
[14.168s][info][gc,stats      ]     E: System Dict Roots              7 us, workers (us):   7, 
[14.168s][info][gc,stats      ]     E: CLDG Roots                   436 us, workers (us): 436, 
[14.168s][info][gc,stats      ]     E: JVMTI Roots                    0 us, workers (us):   0, 
[14.168s][info][gc,stats      ] Concurrent Cleanup                   51 us
[14.168s][info][gc,stats      ] Concurrent Evacuation             74353 us
[14.168s][info][gc,stats      ] Pause Init  Update Refs (G)        2206 us
[14.168s][info][gc,stats      ] Pause Init  Update Refs (N)          10 us
[14.168s][info][gc,stats      ]   Retire GCLABs                       3 us
[14.168s][info][gc,stats      ] Concurrent Update Refs           270870 us
[14.168s][info][gc,stats      ] Pause Final Update Refs (G)        2868 us
[14.168s][info][gc,stats      ] Pause Final Update Refs (N)         563 us
[14.168s][info][gc,stats      ]   Update Roots                      410 us, parallelism: 0.94x
[14.168s][info][gc,stats      ]     UR: <total>                     387 us
[14.168s][info][gc,stats      ]     UR: Thread Roots                387 us, workers (us): 387, 
[14.168s][info][gc,stats      ]   Update Region States               96 us
[14.168s][info][gc,stats      ]   Trash Collection Set               11 us
[14.168s][info][gc,stats      ]   Rebuild Free Set                   29 us
[14.168s][info][gc,stats      ] Concurrent Cleanup                  223 us
[14.168s][info][gc,stats      ] 
[14.168s][info][gc,stats      ] Allocation pacing accrued:
[14.168s][info][gc,stats      ]       0 of   590 ms (  0.0%): <total>
[14.168s][info][gc,stats      ]       0 of   590 ms (  0.0%): <average total>
[14.168s][info][gc,stats      ] 
[14.168s][info][gc,metaspace  ] Metaspace: 55114K->55129K(1097728K)
[14.168s][info][gc,ergo       ] Pacer for Idle. Initial: 30720K, Alloc Tax Rate: 1.0x
[14.173s][info][gc            ] Trigger: Learning 4 of 5. Free (1005M) is below initial threshold (1050M)
[14.173s][info][gc,ergo       ] Free: 1005M, Max: 512K regular, 690M humongous, Frag: 32% external, 0% internal; Reserve: 76800K, Max: 512K
[14.173s][info][gc,start      ] GC(7) Concurrent reset
[14.173s][info][gc,task       ] GC(7) Using 1 of 1 workers for concurrent reset
[14.173s][info][gc,ergo       ] GC(7) Pacer for Reset. Non-Taxable: 1500M
[14.174s][info][gc            ] GC(7) Concurrent reset 0.899ms
[14.179s][info][gc,start      ] GC(7) Pause Init Mark
[14.179s][info][gc,task       ] GC(7) Using 1 of 1 workers for init marking
[14.181s][info][gc,ergo       ] GC(7) Pacer for Mark. Expected Live: 49835K, Free: 1005M, Non-Taxable: 100M, Alloc Tax Rate: 0.1x
[14.181s][info][gc            ] GC(7) Pause Init Mark 2.150ms
[14.181s][info][gc,start      ] GC(7) Concurrent marking
[14.181s][info][gc,task       ] GC(7) Using 1 of 1 workers for concurrent marking
[14.379s][info][gc            ] GC(7) Concurrent marking 197.916ms
[14.379s][info][gc,start      ] GC(7) Pause Final Mark
[14.379s][info][gc,task       ] GC(7) Using 1 of 1 workers for final marking
[14.379s][info][gc,ergo       ] GC(7) Adaptive CSet Selection. Target Free: 212M, Actual Free: 912M, Max CSet: 64000K, Min Garbage: 0B
[14.379s][info][gc,ergo       ] GC(7) Collectable Garbage: 310M (99%), Immediate: 0B (0%), CSet: 310M (99%)
[14.381s][info][gc,ergo       ] GC(7) Pacer for Evacuation. Used CSet: 339M, Free: 837M, Non-Taxable: 85760K, Alloc Tax Rate: 1.1x
[14.381s][info][gc            ] GC(7) Pause Final Mark 1.881ms
[14.381s][info][gc,start      ] GC(7) Concurrent cleanup
[14.381s][info][gc            ] GC(7) Concurrent cleanup 585M->585M(735M) 0.063ms
[14.381s][info][gc,ergo       ] GC(7) Free: 837M, Max: 512K regular, 690M humongous, Frag: 18% external, 0% internal; Reserve: 76797K, Max: 512K
[14.381s][info][gc,start      ] GC(7) Concurrent evacuation
[14.381s][info][gc,task       ] GC(7) Using 1 of 1 workers for concurrent evacuation
[14.457s][info][gc            ] GC(7) Concurrent evacuation 76.016ms
[14.459s][info][gc,start      ] GC(7) Pause Init Update Refs
[14.459s][info][gc,ergo       ] GC(7) Pacer for Update Refs. Used: 665M, Free: 787M, Non-Taxable: 80603K, Alloc Tax Rate: 1.1x
[14.459s][info][gc            ] GC(7) Pause Init Update Refs 0.055ms
[14.459s][info][gc,start      ] GC(7) Concurrent update references
[14.459s][info][gc,task       ] GC(7) Using 1 of 1 workers for concurrent reference update
[14.790s][info][gc            ] GC(7) Concurrent update references 331.022ms
[14.793s][info][gc,start      ] GC(7) Pause Final Update Refs
[14.793s][info][gc,task       ] GC(7) Using 1 of 1 workers for final reference update
[14.793s][info][gc            ] GC(7) Pause Final Update Refs 0.326ms
[14.793s][info][gc,start      ] GC(7) Concurrent cleanup
[14.793s][info][gc            ] GC(7) Concurrent cleanup 882M->542M(884M) 0.082ms
[14.793s][info][gc,ergo       ] Free: 880M, Max: 512K regular, 541M humongous, Frag: 39% external, 0% internal; Reserve: 76800K, Max: 512K
[14.793s][info][gc,stats      ] 
[14.793s][info][gc,stats      ] All times are wall-clock times, except per-root-class counters, that are sum over
[14.793s][info][gc,stats      ] all workers. Dividing the <total> over the root stage time estimates parallelism.
[14.793s][info][gc,stats      ] 
[14.793s][info][gc,stats      ] Concurrent Reset                    876 us
[14.793s][info][gc,stats      ] Pause Init Mark (G)                6475 us
[14.793s][info][gc,stats      ] Pause Init Mark (N)                2091 us
[14.793s][info][gc,stats      ]   Accumulate Stats                   10 us
[14.793s][info][gc,stats      ]   Make Parsable                      10 us
[14.793s][info][gc,stats      ]   Update Region States               99 us
[14.793s][info][gc,stats      ]   Scan Roots                       1891 us, parallelism: 0.80x
[14.793s][info][gc,stats      ]     S: <total>                     1506 us
[14.793s][info][gc,stats      ]     S: Thread Roots                 466 us, workers (us): 466, 
[14.793s][info][gc,stats      ]     S: Universe Roots                 5 us, workers (us):   5, 
[14.793s][info][gc,stats      ]     S: JNI Handles Roots              3 us, workers (us):   3, 
[14.793s][info][gc,stats      ]     S: Synchronizer Roots             0 us, workers (us):   0, 
[14.793s][info][gc,stats      ]     S: Management Roots               3 us, workers (us):   3, 
[14.793s][info][gc,stats      ]     S: System Dict Roots             20 us, workers (us):  20, 
[14.793s][info][gc,stats      ]     S: CLDG Roots                  1008 us, workers (us): 1008, 
[14.793s][info][gc,stats      ]     S: JVMTI Roots                    1 us, workers (us):   1, 
[14.793s][info][gc,stats      ]   Resize TLABs                        7 us
[14.793s][info][gc,stats      ] Concurrent Marking               197895 us
[14.793s][info][gc,stats      ] Pause Final Mark (G)               1975 us
[14.793s][info][gc,stats      ] Pause Final Mark (N)               1863 us
[14.793s][info][gc,stats      ]   Finish Queues                      14 us
[14.793s][info][gc,stats      ]   System Purge                      223 us
[14.793s][info][gc,stats      ]     Weak Roots                      222 us
[14.793s][info][gc,stats      ]   Update Region States               46 us
[14.793s][info][gc,stats      ]   Retire TLABs                        6 us
[14.793s][info][gc,stats      ]   Choose Collection Set             146 us
[14.793s][info][gc,stats      ]   Rebuild Free Set                   11 us
[14.793s][info][gc,stats      ]   Initial Evacuation               1409 us, parallelism: 0.58x
[14.793s][info][gc,stats      ]     E: <total>                      819 us
[14.793s][info][gc,stats      ]     E: Thread Roots                 224 us, workers (us): 224, 
[14.793s][info][gc,stats      ]     E: Code Cache Roots             145 us, workers (us): 145, 
[14.793s][info][gc,stats      ]     E: Universe Roots                 1 us, workers (us):   1, 
[14.793s][info][gc,stats      ]     E: JNI Handles Roots              1 us, workers (us):   1, 
[14.793s][info][gc,stats      ]     E: Synchronizer Roots             0 us, workers (us):   0, 
[14.793s][info][gc,stats      ]     E: Management Roots               2 us, workers (us):   2, 
[14.793s][info][gc,stats      ]     E: System Dict Roots              8 us, workers (us):   8, 
[14.793s][info][gc,stats      ]     E: CLDG Roots                   437 us, workers (us): 437, 
[14.793s][info][gc,stats      ]     E: JVMTI Roots                    1 us, workers (us):   1, 
[14.793s][info][gc,stats      ] Concurrent Cleanup                   52 us
[14.793s][info][gc,stats      ] Concurrent Evacuation             76004 us
[14.793s][info][gc,stats      ] Pause Init  Update Refs (G)        2438 us
[14.793s][info][gc,stats      ] Pause Init  Update Refs (N)          13 us
[14.793s][info][gc,stats      ]   Retire GCLABs                       5 us
[14.793s][info][gc,stats      ] Concurrent Update Refs           331006 us
[14.793s][info][gc,stats      ] Pause Final Update Refs (G)        2446 us
[14.793s][info][gc,stats      ] Pause Final Update Refs (N)         281 us
[14.793s][info][gc,stats      ]   Update Roots                      205 us, parallelism: 0.97x
[14.793s][info][gc,stats      ]     UR: <total>                     199 us
[14.793s][info][gc,stats      ]     UR: Thread Roots                199 us, workers (us): 199, 
[14.793s][info][gc,stats      ]   Update Region States               49 us
[14.793s][info][gc,stats      ]   Trash Collection Set                4 us
[14.793s][info][gc,stats      ]   Rebuild Free Set                    9 us
[14.793s][info][gc,stats      ] Concurrent Cleanup                   75 us
[14.793s][info][gc,stats      ] 
[14.793s][info][gc,stats      ] Allocation pacing accrued:
[14.793s][info][gc,stats      ]       0 of   626 ms (  0.0%): <total>
[14.793s][info][gc,stats      ]       0 of   626 ms (  0.0%): <average total>
[14.793s][info][gc,stats      ] 
[14.793s][info][gc,metaspace  ] Metaspace: 55129K->55130K(1097728K)
[14.793s][info][gc,ergo       ] Pacer for Idle. Initial: 30720K, Alloc Tax Rate: 1.0x
[14.794s][info][gc            ] Trigger: Learning 5 of 5. Free (877M) is below initial threshold (1050M)
[14.795s][info][gc,ergo       ] Free: 877M, Max: 512K regular, 541M humongous, Frag: 39% external, 0% internal; Reserve: 76800K, Max: 512K
[14.795s][info][gc,start      ] GC(8) Concurrent reset
[14.795s][info][gc,task       ] GC(8) Using 1 of 1 workers for concurrent reset
[14.795s][info][gc,ergo       ] GC(8) Pacer for Reset. Non-Taxable: 1500M
[14.795s][info][gc            ] GC(8) Concurrent reset 0.663ms
[14.797s][info][gc,start      ] GC(8) Pause Init Mark
[14.797s][info][gc,task       ] GC(8) Using 1 of 1 workers for init marking
[14.798s][info][gc,ergo       ] GC(8) Pacer for Mark. Expected Live: 56263K, Free: 877M, Non-Taxable: 89884K, Alloc Tax Rate: 0.1x
[14.798s][info][gc            ] GC(8) Pause Init Mark 1.025ms
[14.798s][info][gc,start      ] GC(8) Concurrent marking
[14.798s][info][gc,task       ] GC(8) Using 1 of 1 workers for concurrent marking
[15.059s][info][gc            ] GC(8) Concurrent marking 261.006ms
[15.060s][info][gc,start      ] GC(8) Pause Final Mark
[15.060s][info][gc,task       ] GC(8) Using 1 of 1 workers for final marking
[15.060s][info][gc,ergo       ] GC(8) Adaptive CSet Selection. Target Free: 212M, Actual Free: 737M, Max CSet: 64000K, Min Garbage: 0B
[15.060s][info][gc,ergo       ] GC(8) Collectable Garbage: 396M (99%), Immediate: 4096K (1%), CSet: 392M (98%)
[15.061s][info][gc,ergo       ] GC(8) Pacer for Evacuation. Used CSet: 429M, Free: 663M, Non-Taxable: 67910K, Alloc Tax Rate: 1.6x
[15.061s][info][gc            ] GC(8) Pause Final Mark 1.891ms
[15.061s][info][gc,start      ] GC(8) Concurrent cleanup
[15.062s][info][gc            ] GC(8) Concurrent cleanup 764M->760M(884M) 0.059ms
[15.062s][info][gc,ergo       ] GC(8) Free: 663M, Max: 512K regular, 541M humongous, Frag: 19% external, 0% internal; Reserve: 76797K, Max: 512K
[15.062s][info][gc,start      ] GC(8) Concurrent evacuation
[15.062s][info][gc,task       ] GC(8) Using 1 of 1 workers for concurrent evacuation
[15.165s][info][gc            ] GC(8) Concurrent evacuation 103.890ms
[15.166s][info][gc,start      ] GC(8) Pause Init Update Refs
[15.166s][info][gc,ergo       ] GC(8) Pacer for Update Refs. Used: 853M, Free: 606M, Non-Taxable: 62105K, Alloc Tax Rate: 1.7x
[15.166s][info][gc            ] GC(8) Pause Init Update Refs 0.072ms
[15.166s][info][gc,start      ] GC(8) Concurrent update references
[15.166s][info][gc,task       ] GC(8) Using 1 of 1 workers for concurrent reference update
[16.030s][info][gc            ] GC(8) Concurrent update references 863.569ms
[16.033s][info][gc,start      ] GC(8) Pause Final Update Refs
[16.033s][info][gc,task       ] GC(8) Using 1 of 1 workers for final reference update
[16.033s][info][gc            ] GC(8) Pause Final Update Refs 0.502ms
[16.033s][info][gc,start      ] GC(8) Concurrent cleanup
[16.034s][info][gc            ] GC(8) Concurrent cleanup 879M->449M(921M) 0.090ms
[16.034s][info][gc,ergo       ] Free: 972M, Max: 512K regular, 663M humongous, Frag: 32% external, 0% internal; Reserve: 76800K, Max: 512K
[16.034s][info][gc,stats      ] 
[16.034s][info][gc,stats      ] All times are wall-clock times, except per-root-class counters, that are sum over
[16.034s][info][gc,stats      ] all workers. Dividing the <total> over the root stage time estimates parallelism.
[16.034s][info][gc,stats      ] 
[16.034s][info][gc,stats      ] Concurrent Reset                    652 us
[16.034s][info][gc,stats      ] Pause Init Mark (G)                3202 us
[16.034s][info][gc,stats      ] Pause Init Mark (N)                1002 us
[16.034s][info][gc,stats      ]   Accumulate Stats                    7 us
[16.034s][info][gc,stats      ]   Make Parsable                       7 us
[16.034s][info][gc,stats      ]   Update Region States               46 us
[16.034s][info][gc,stats      ]   Scan Roots                        918 us, parallelism: 0.74x
[16.034s][info][gc,stats      ]     S: <total>                      682 us
[16.034s][info][gc,stats      ]     S: Thread Roots                 219 us, workers (us): 219, 
[16.034s][info][gc,stats      ]     S: Universe Roots                 2 us, workers (us):   2, 
[16.034s][info][gc,stats      ]     S: JNI Handles Roots              1 us, workers (us):   1, 
[16.034s][info][gc,stats      ]     S: Synchronizer Roots             0 us, workers (us):   0, 
[16.034s][info][gc,stats      ]     S: Management Roots               2 us, workers (us):   2, 
[16.034s][info][gc,stats      ]     S: System Dict Roots             10 us, workers (us):  10, 
[16.034s][info][gc,stats      ]     S: CLDG Roots                   448 us, workers (us): 448, 
[16.034s][info][gc,stats      ]     S: JVMTI Roots                    1 us, workers (us):   1, 
[16.034s][info][gc,stats      ]   Resize TLABs                        3 us
[16.034s][info][gc,stats      ] Concurrent Marking               260993 us
[16.034s][info][gc,stats      ] Pause Final Mark (G)               1964 us
[16.034s][info][gc,stats      ] Pause Final Mark (N)               1873 us
[16.034s][info][gc,stats      ]   Finish Queues                      12 us
[16.034s][info][gc,stats      ]   System Purge                      226 us
[16.034s][info][gc,stats      ]     Weak Roots                      226 us
[16.034s][info][gc,stats      ]   Update Region States               49 us
[16.034s][info][gc,stats      ]   Retire TLABs                        6 us
[16.034s][info][gc,stats      ]   Choose Collection Set             162 us
[16.034s][info][gc,stats      ]   Rebuild Free Set                    9 us
[16.034s][info][gc,stats      ]   Initial Evacuation               1401 us, parallelism: 0.60x
[16.034s][info][gc,stats      ]     E: <total>                      846 us
[16.034s][info][gc,stats      ]     E: Thread Roots                 293 us, workers (us): 293, 
[16.034s][info][gc,stats      ]     E: Code Cache Roots             138 us, workers (us): 138, 
[16.034s][info][gc,stats      ]     E: Universe Roots                 1 us, workers (us):   1, 
[16.034s][info][gc,stats      ]     E: JNI Handles Roots              1 us, workers (us):   1, 
[16.034s][info][gc,stats      ]     E: Synchronizer Roots             0 us, workers (us):   0, 
[16.034s][info][gc,stats      ]     E: Management Roots               1 us, workers (us):   1, 
[16.034s][info][gc,stats      ]     E: System Dict Roots              9 us, workers (us):   9, 
[16.034s][info][gc,stats      ]     E: CLDG Roots                   401 us, workers (us): 401, 
[16.034s][info][gc,stats      ]     E: JVMTI Roots                    0 us, workers (us):   0, 
[16.034s][info][gc,stats      ] Concurrent Cleanup                   51 us
[16.034s][info][gc,stats      ] Concurrent Evacuation            103882 us
[16.034s][info][gc,stats      ] Pause Init  Update Refs (G)         503 us
[16.034s][info][gc,stats      ] Pause Init  Update Refs (N)          25 us
[16.034s][info][gc,stats      ]   Retire GCLABs                       7 us
[16.034s][info][gc,stats      ] Concurrent Update Refs           863542 us
[16.034s][info][gc,stats      ] Pause Final Update Refs (G)        3594 us
[16.034s][info][gc,stats      ] Pause Final Update Refs (N)         391 us
[16.034s][info][gc,stats      ]   Update Roots                      310 us, parallelism: 0.97x
[16.034s][info][gc,stats      ]     UR: <total>                     301 us
[16.034s][info][gc,stats      ]     UR: Thread Roots                301 us, workers (us): 301, 
[16.034s][info][gc,stats      ]   Update Region States               51 us
[16.034s][info][gc,stats      ]   Trash Collection Set                5 us
[16.034s][info][gc,stats      ]   Rebuild Free Set                   10 us
[16.034s][info][gc,stats      ] Concurrent Cleanup                   82 us
[16.034s][info][gc,stats      ] Pacing                            10361 us
[16.034s][info][gc,stats      ] 
[16.034s][info][gc,stats      ] Allocation pacing accrued:
[16.034s][info][gc,stats      ]      10 of  1241 ms (  0.8%): Executor task launch worker for task 0.0 in stage 1.0 (TID 1)
[16.034s][info][gc,stats      ]      10 of  1241 ms (  0.8%): <total>
[16.034s][info][gc,stats      ]       0 of  1241 ms (  0.0%): <average total>
[16.034s][info][gc,stats      ]      10 of  1241 ms (  0.8%): <average non-zero>
[16.034s][info][gc,stats      ] 
[16.034s][info][gc,metaspace  ] Metaspace: 55130K->57083K(1099776K)
[16.034s][info][gc,ergo       ] Pacer for Idle. Initial: 30720K, Alloc Tax Rate: 1.0x
[16.877s][info][gc            ] Trigger: Average GC time (597.85 ms) is above the time for allocation rate (448 MB/s) to deplete free headroom (266M)
[16.877s][info][gc,ergo       ] Free headroom: 341M (free) - 76800K (spike) - 0B (penalties) = 266M
[16.877s][info][gc,ergo       ] Free: 341M, Max: 512K regular, 341M humongous, Frag: 0% external, 0% internal; Reserve: 76800K, Max: 512K
[16.877s][info][gc,start      ] GC(9) Concurrent reset
[16.877s][info][gc,task       ] GC(9) Using 1 of 1 workers for concurrent reset
[16.877s][info][gc,ergo       ] GC(9) Pacer for Reset. Non-Taxable: 1500M
[16.878s][info][gc            ] GC(9) Concurrent reset 1.077ms
[16.881s][info][gc,start      ] GC(9) Pause Init Mark
[16.881s][info][gc,task       ] GC(9) Using 1 of 1 workers for init marking
[16.882s][info][gc,ergo       ] GC(9) Pacer for Mark. Expected Live: 81471K, Free: 341M, Non-Taxable: 34988K, Alloc Tax Rate: 0.3x
[16.882s][info][gc            ] GC(9) Pause Init Mark 1.223ms
[16.882s][info][gc,start      ] GC(9) Concurrent marking
[16.882s][info][gc,task       ] GC(9) Using 1 of 1 workers for concurrent marking
[17.086s][info][gc            ] GC(9) Concurrent marking 203.935ms
[17.086s][info][gc,start      ] GC(9) Pause Final Mark
[17.086s][info][gc,task       ] GC(9) Using 1 of 1 workers for final marking
[17.086s][info][gc,ergo       ] GC(9) Adaptive CSet Selection. Target Free: 212M, Actual Free: 989M, Max CSet: 64000K, Min Garbage: 0B
[17.086s][info][gc,ergo       ] GC(9) Collectable Garbage: 911M (99%), Immediate: 643M (70%), CSet: 268M (29%)
[17.088s][info][gc,ergo       ] GC(9) Pacer for Evacuation. Used CSet: 292M, Free: 915M, Non-Taxable: 93746K, Alloc Tax Rate: 1.1x
[17.088s][info][gc            ] GC(9) Pause Final Mark 2.300ms
[17.093s][info][gc,start      ] GC(9) Concurrent cleanup
[17.093s][info][gc            ] GC(9) Concurrent cleanup 1151M->515M(1154M) 0.126ms
[17.093s][info][gc,ergo       ] GC(9) Free: 908M, Max: 512K regular, 271M humongous, Frag: 71% external, 0% internal; Reserve: 76658K, Max: 512K
[17.093s][info][gc,start      ] GC(9) Concurrent evacuation
[17.093s][info][gc,task       ] GC(9) Using 1 of 1 workers for concurrent evacuation
[17.157s][info][gc            ] GC(9) Concurrent evacuation 64.331ms
[17.160s][info][gc,start      ] GC(9) Pause Init Update Refs
[17.160s][info][gc,ergo       ] GC(9) Pacer for Update Refs. Used: 587M, Free: 861M, Non-Taxable: 88216K, Alloc Tax Rate: 1.1x
[17.160s][info][gc            ] GC(9) Pause Init Update Refs 0.022ms
[17.160s][info][gc,start      ] GC(9) Concurrent update references
[17.160s][info][gc,task       ] GC(9) Using 1 of 1 workers for concurrent reference update
[17.482s][info][gc            ] GC(9) Concurrent update references 321.806ms
[17.484s][info][gc,start      ] GC(9) Pause Final Update Refs
[17.484s][info][gc,task       ] GC(9) Using 1 of 1 workers for final reference update
[17.484s][info][gc            ] GC(9) Pause Final Update Refs 0.502ms
[17.484s][info][gc,start      ] GC(9) Concurrent cleanup
[17.485s][info][gc            ] GC(9) Concurrent cleanup 801M->508M(1179M) 0.079ms
[17.485s][info][gc,ergo       ] Free: 914M, Max: 512K regular, 350M humongous, Frag: 62% external, 0% internal; Reserve: 76800K, Max: 512K
[17.485s][info][gc,stats      ] 
[17.485s][info][gc,stats      ] All times are wall-clock times, except per-root-class counters, that are sum over
[17.485s][info][gc,stats      ] all workers. Dividing the <total> over the root stage time estimates parallelism.
[17.485s][info][gc,stats      ] 
[17.485s][info][gc,stats      ] Concurrent Reset                   1062 us
[17.485s][info][gc,stats      ] Pause Init Mark (G)                3376 us
[17.485s][info][gc,stats      ] Pause Init Mark (N)                1197 us
[17.485s][info][gc,stats      ]   Accumulate Stats                    7 us
[17.485s][info][gc,stats      ]   Make Parsable                      10 us
[17.485s][info][gc,stats      ]   Update Region States               40 us
[17.485s][info][gc,stats      ]   Scan Roots                       1103 us, parallelism: 0.77x
[17.485s][info][gc,stats      ]     S: <total>                      844 us
[17.485s][info][gc,stats      ]     S: Thread Roots                 238 us, workers (us): 238, 
[17.485s][info][gc,stats      ]     S: Universe Roots                 2 us, workers (us):   2, 
[17.485s][info][gc,stats      ]     S: JNI Handles Roots              2 us, workers (us):   2, 
[17.485s][info][gc,stats      ]     S: Synchronizer Roots             0 us, workers (us):   0, 
[17.485s][info][gc,stats      ]     S: Management Roots               1 us, workers (us):   1, 
[17.485s][info][gc,stats      ]     S: System Dict Roots             57 us, workers (us):  57, 
[17.485s][info][gc,stats      ]     S: CLDG Roots                   544 us, workers (us): 544, 
[17.485s][info][gc,stats      ]     S: JVMTI Roots                    1 us, workers (us):   1, 
[17.485s][info][gc,stats      ]   Resize TLABs                        4 us
[17.485s][info][gc,stats      ] Concurrent Marking               203926 us
[17.485s][info][gc,stats      ] Pause Final Mark (G)               7095 us
[17.485s][info][gc,stats      ] Pause Final Mark (N)               2259 us
[17.485s][info][gc,stats      ]   Finish Queues                      11 us
[17.485s][info][gc,stats      ]   System Purge                      302 us
[17.485s][info][gc,stats      ]     Weak Roots                      301 us
[17.485s][info][gc,stats      ]   Update Region States               45 us
[17.485s][info][gc,stats      ]   Retire TLABs                        7 us
[17.485s][info][gc,stats      ]   Choose Collection Set             113 us
[17.485s][info][gc,stats      ]   Rebuild Free Set                   10 us
[17.485s][info][gc,stats      ]   Initial Evacuation               1759 us, parallelism: 0.58x
[17.485s][info][gc,stats      ]     E: <total>                     1020 us
[17.485s][info][gc,stats      ]     E: Thread Roots                 263 us, workers (us): 263, 
[17.485s][info][gc,stats      ]     E: Code Cache Roots             221 us, workers (us): 221, 
[17.485s][info][gc,stats      ]     E: Universe Roots                 1 us, workers (us):   1, 
[17.485s][info][gc,stats      ]     E: JNI Handles Roots              1 us, workers (us):   1, 
[17.485s][info][gc,stats      ]     E: Synchronizer Roots             0 us, workers (us):   0, 
[17.485s][info][gc,stats      ]     E: Management Roots               1 us, workers (us):   1, 
[17.485s][info][gc,stats      ]     E: System Dict Roots             13 us, workers (us):  13, 
[17.485s][info][gc,stats      ]     E: CLDG Roots                   520 us, workers (us): 520, 
[17.485s][info][gc,stats      ]     E: JVMTI Roots                    0 us, workers (us):   0, 
[17.485s][info][gc,stats      ] Concurrent Cleanup                  106 us
[17.485s][info][gc,stats      ] Concurrent Evacuation             64319 us
[17.485s][info][gc,stats      ] Pause Init  Update Refs (G)        2173 us
[17.485s][info][gc,stats      ] Pause Init  Update Refs (N)          10 us
[17.485s][info][gc,stats      ]   Retire GCLABs                       3 us
[17.485s][info][gc,stats      ] Concurrent Update Refs           321794 us
[17.485s][info][gc,stats      ] Pause Final Update Refs (G)        2832 us
[17.485s][info][gc,stats      ] Pause Final Update Refs (N)         447 us
[17.485s][info][gc,stats      ]   Update Roots                      372 us, parallelism: 0.97x
[17.485s][info][gc,stats      ]     UR: <total>                     361 us
[17.485s][info][gc,stats      ]     UR: Thread Roots                361 us, workers (us): 361, 
[17.485s][info][gc,stats      ]   Update Region States               52 us
[17.485s][info][gc,stats      ]   Trash Collection Set                4 us
[17.485s][info][gc,stats      ]   Rebuild Free Set                   10 us
[17.485s][info][gc,stats      ] Concurrent Cleanup                   72 us
[17.485s][info][gc,stats      ] Pacing                            68297 us
[17.485s][info][gc,stats      ] 
[17.485s][info][gc,stats      ] Allocation pacing accrued:
[17.485s][info][gc,stats      ]      68 of  1451 ms (  4.7%): Executor task launch worker for task 0.0 in stage 1.0 (TID 1)
[17.485s][info][gc,stats      ]      68 of  1451 ms (  4.7%): <total>
[17.485s][info][gc,stats      ]       1 of  1451 ms (  0.1%): <average total>
[17.485s][info][gc,stats      ]      68 of  1451 ms (  4.7%): <average non-zero>
[17.485s][info][gc,stats      ] 
[17.485s][info][gc,metaspace  ] Metaspace: 57087K->57143K(1099776K)
[17.485s][info][gc,ergo       ] Pacer for Idle. Initial: 30720K, Alloc Tax Rate: 1.0x
[17.775s][info][gc            ] Trigger: Average GC time (696.63 ms) is above the time for allocation rate (740 MB/s) to deplete free headroom (514M)
[17.775s][info][gc,ergo       ] Free headroom: 589M (free) - 76800K (spike) - 0B (penalties) = 514M
[17.775s][info][gc,ergo       ] Free: 589M, Max: 512K regular, 341M humongous, Frag: 43% external, 0% internal; Reserve: 76800K, Max: 512K
[17.775s][info][gc,start      ] GC(10) Concurrent reset
[17.775s][info][gc,task       ] GC(10) Using 1 of 1 workers for concurrent reset
[17.775s][info][gc,ergo       ] GC(10) Pacer for Reset. Non-Taxable: 1500M
[17.776s][info][gc            ] GC(10) Concurrent reset 0.688ms
[17.778s][info][gc,start      ] GC(10) Pause Init Mark (process weakrefs)
[17.778s][info][gc,task       ] GC(10) Using 1 of 1 workers for init marking
[17.779s][info][gc,ergo       ] GC(10) Pacer for Mark. Expected Live: 108M, Free: 589M, Non-Taxable: 60364K, Alloc Tax Rate: 0.2x
[17.779s][info][gc            ] GC(10) Pause Init Mark (process weakrefs) 1.157ms
[17.779s][info][gc,start      ] GC(10) Concurrent marking (process weakrefs)
[17.779s][info][gc,task       ] GC(10) Using 1 of 1 workers for concurrent marking
[17.983s][info][gc            ] GC(10) Concurrent marking (process weakrefs) 203.581ms
[17.983s][info][gc,start      ] GC(10) Concurrent precleaning
[17.983s][info][gc,task       ] GC(10) Using 1 of 1 workers for concurrent preclean
[17.983s][info][gc,ergo       ] GC(10) Pacer for Precleaning. Non-Taxable: 1500M
[17.990s][info][gc            ] GC(10) Concurrent precleaning 6.918ms
[17.992s][info][gc,start      ] GC(10) Pause Final Mark (process weakrefs)
[17.992s][info][gc,task       ] GC(10) Using 1 of 1 workers for final marking
[17.993s][info][gc,ergo       ] GC(10) Collectable Garbage: 658M (98%), Immediate: 658M (98%), CSet: 0B (0%)
[17.993s][info][gc            ] GC(10) Pause Final Mark (process weakrefs) 0.878ms
[17.993s][info][gc,start      ] GC(10) Concurrent cleanup
[17.994s][info][gc            ] GC(10) Concurrent cleanup 946M->288M(1179M) 0.236ms
[17.994s][info][gc,ergo       ] GC(10) Free: 1135M, Max: 512K regular, 547M humongous, Frag: 52% external, 0% internal; Reserve: 76800K, Max: 512K
[17.994s][info][gc,ergo       ] Free: 1135M, Max: 512K regular, 547M humongous, Frag: 52% external, 0% internal; Reserve: 76800K, Max: 512K
[17.994s][info][gc,stats      ] 
[17.994s][info][gc,stats      ] All times are wall-clock times, except per-root-class counters, that are sum over
[17.994s][info][gc,stats      ] all workers. Dividing the <total> over the root stage time estimates parallelism.
[17.994s][info][gc,stats      ] 
[17.994s][info][gc,stats      ] Concurrent Reset                    677 us
[17.994s][info][gc,stats      ] Pause Init Mark (G)                3423 us
[17.994s][info][gc,stats      ] Pause Init Mark (N)                1120 us
[17.994s][info][gc,stats      ]   Accumulate Stats                    7 us
[17.994s][info][gc,stats      ]   Make Parsable                      10 us
[17.994s][info][gc,stats      ]   Update Region States               42 us
[17.994s][info][gc,stats      ]   Scan Roots                       1029 us, parallelism: 0.74x
[17.994s][info][gc,stats      ]     S: <total>                      759 us
[17.994s][info][gc,stats      ]     S: Thread Roots                 221 us, workers (us): 221, 
[17.994s][info][gc,stats      ]     S: Universe Roots                 3 us, workers (us):   3, 
[17.994s][info][gc,stats      ]     S: JNI Handles Roots              2 us, workers (us):   2, 
[17.994s][info][gc,stats      ]     S: Synchronizer Roots             0 us, workers (us):   0, 
[17.994s][info][gc,stats      ]     S: Management Roots               2 us, workers (us):   2, 
[17.994s][info][gc,stats      ]     S: System Dict Roots             12 us, workers (us):  12, 
[17.994s][info][gc,stats      ]     S: CLDG Roots                   519 us, workers (us): 519, 
[17.994s][info][gc,stats      ]     S: JVMTI Roots                    1 us, workers (us):   1, 
[17.994s][info][gc,stats      ]   Resize TLABs                        4 us
[17.994s][info][gc,stats      ] Concurrent Marking               203573 us
[17.994s][info][gc,stats      ] Concurrent Precleaning             6899 us
[17.994s][info][gc,stats      ] Pause Final Mark (G)               3279 us
[17.994s][info][gc,stats      ] Pause Final Mark (N)                826 us
[17.994s][info][gc,stats      ]   Finish Queues                      27 us
[17.994s][info][gc,stats      ]   Weak References                   132 us
[17.994s][info][gc,stats      ]     Process                         129 us
[17.994s][info][gc,stats      ]   System Purge                      493 us
[17.994s][info][gc,stats      ]     Weak Roots                      492 us
[17.994s][info][gc,stats      ]   Update Region States               76 us
[17.994s][info][gc,stats      ]   Retire TLABs                       12 us
[17.994s][info][gc,stats      ]   Choose Collection Set              52 us
[17.994s][info][gc,stats      ]   Rebuild Free Set                   21 us
[17.994s][info][gc,stats      ] Concurrent Cleanup                  221 us
[17.994s][info][gc,stats      ] Pacing                            74956 us
[17.994s][info][gc,stats      ] 
[17.994s][info][gc,stats      ] Allocation pacing accrued:
[17.994s][info][gc,stats      ]      75 of   509 ms ( 14.7%): Executor task launch worker for task 0.0 in stage 1.0 (TID 1)
[17.994s][info][gc,stats      ]      75 of   509 ms ( 14.7%): <total>
[17.994s][info][gc,stats      ]       2 of   509 ms (  0.3%): <average total>
[17.994s][info][gc,stats      ]      75 of   509 ms ( 14.7%): <average non-zero>
[17.994s][info][gc,stats      ] 
[17.994s][info][gc,metaspace  ] Metaspace: 57589K->57589K(1101824K)
[17.994s][info][gc,ergo       ] Pacer for Idle. Initial: 30720K, Alloc Tax Rate: 1.0x
[18.580s][info][gc            ] Trigger: Average GC time (638.24 ms) is above the time for allocation rate (813 MB/s) to deplete free headroom (517M)
[18.580s][info][gc,ergo       ] Free headroom: 592M (free) - 76800K (spike) - 0B (penalties) = 517M
[18.580s][info][gc,ergo       ] Free: 592M, Max: 512K regular, 547M humongous, Frag: 8% external, 0% internal; Reserve: 76800K, Max: 512K
[18.580s][info][gc,start      ] GC(11) Concurrent reset
[18.580s][info][gc,task       ] GC(11) Using 1 of 1 workers for concurrent reset
[18.580s][info][gc,ergo       ] GC(11) Pacer for Reset. Non-Taxable: 1500M
[18.580s][info][gc            ] GC(11) Concurrent reset 0.270ms
[18.583s][info][gc,start      ] GC(11) Pause Init Mark
[18.583s][info][gc,task       ] GC(11) Using 1 of 1 workers for init marking
[18.584s][info][gc,ergo       ] GC(11) Pacer for Mark. Expected Live: 132M, Free: 592M, Non-Taxable: 60722K, Alloc Tax Rate: 0.3x
[18.584s][info][gc            ] GC(11) Pause Init Mark 1.203ms
[18.584s][info][gc,start      ] GC(11) Concurrent marking
[18.584s][info][gc,task       ] GC(11) Using 1 of 1 workers for concurrent marking
[18.744s][info][gc            ] GC(11) Concurrent marking 160.283ms
[18.744s][info][gc,start      ] GC(11) Pause Final Mark
[18.744s][info][gc,task       ] GC(11) Using 1 of 1 workers for final marking
[18.745s][info][gc,ergo       ] GC(11) Collectable Garbage: 647M (97%), Immediate: 647M (97%), CSet: 0B (0%)
[18.745s][info][gc            ] GC(11) Pause Final Mark 0.367ms
[18.745s][info][gc,start      ] GC(11) Concurrent cleanup
[18.745s][info][gc            ] GC(11) Concurrent cleanup 926M->279M(1179M) 0.104ms
[18.745s][info][gc,ergo       ] GC(11) Free: 1143M, Max: 512K regular, 496M humongous, Frag: 57% external, 0% internal; Reserve: 76800K, Max: 512K
[18.745s][info][gc,ergo       ] Free: 1143M, Max: 512K regular, 496M humongous, Frag: 57% external, 0% internal; Reserve: 76800K, Max: 512K
[18.745s][info][gc,stats      ] 
[18.745s][info][gc,stats      ] All times are wall-clock times, except per-root-class counters, that are sum over
[18.745s][info][gc,stats      ] all workers. Dividing the <total> over the root stage time estimates parallelism.
[18.745s][info][gc,stats      ] 
[18.745s][info][gc,stats      ] Concurrent Reset                    262 us
[18.745s][info][gc,stats      ] Pause Init Mark (G)                3356 us
[18.745s][info][gc,stats      ] Pause Init Mark (N)                1177 us
[18.745s][info][gc,stats      ]   Accumulate Stats                    7 us
[18.745s][info][gc,stats      ]   Make Parsable                      11 us
[18.745s][info][gc,stats      ]   Update Region States               39 us
[18.745s][info][gc,stats      ]   Scan Roots                       1092 us, parallelism: 0.74x
[18.745s][info][gc,stats      ]     S: <total>                      808 us
[18.745s][info][gc,stats      ]     S: Thread Roots                 251 us, workers (us): 251, 
[18.745s][info][gc,stats      ]     S: Universe Roots                 2 us, workers (us):   2, 
[18.745s][info][gc,stats      ]     S: JNI Handles Roots              2 us, workers (us):   2, 
[18.745s][info][gc,stats      ]     S: Synchronizer Roots             0 us, workers (us):   0, 
[18.745s][info][gc,stats      ]     S: Management Roots               2 us, workers (us):   2, 
[18.745s][info][gc,stats      ]     S: System Dict Roots             13 us, workers (us):  13, 
[18.745s][info][gc,stats      ]     S: CLDG Roots                   537 us, workers (us): 537, 
[18.745s][info][gc,stats      ]     S: JVMTI Roots                    0 us, workers (us):   0, 
[18.745s][info][gc,stats      ]   Resize TLABs                        4 us
[18.745s][info][gc,stats      ] Concurrent Marking               160275 us
[18.745s][info][gc,stats      ] Pause Final Mark (G)                430 us
[18.745s][info][gc,stats      ] Pause Final Mark (N)                349 us
[18.745s][info][gc,stats      ]   Finish Queues                      12 us
[18.745s][info][gc,stats      ]   System Purge                      247 us
[18.745s][info][gc,stats      ]     Weak Roots                      247 us
[18.745s][info][gc,stats      ]   Update Region States               46 us
[18.745s][info][gc,stats      ]   Retire TLABs                        6 us
[18.745s][info][gc,stats      ]   Choose Collection Set              19 us
[18.745s][info][gc,stats      ]   Rebuild Free Set                   10 us
[18.745s][info][gc,stats      ] Concurrent Cleanup                   98 us
[18.745s][info][gc,stats      ] Pacing                            36878 us
[18.745s][info][gc,stats      ] 
[18.745s][info][gc,stats      ] Allocation pacing accrued:
[18.745s][info][gc,stats      ]      37 of   751 ms (  4.9%): Executor task launch worker for task 0.0 in stage 1.0 (TID 1)
[18.745s][info][gc,stats      ]      37 of   751 ms (  4.9%): <total>
[18.745s][info][gc,stats      ]       1 of   751 ms (  0.1%): <average total>
[18.745s][info][gc,stats      ]      37 of   751 ms (  4.9%): <average non-zero>
[18.745s][info][gc,stats      ] 
[18.745s][info][gc,metaspace  ] Metaspace: 57862K->57862K(1101824K)
[18.745s][info][gc,ergo       ] Pacer for Idle. Initial: 30720K, Alloc Tax Rate: 1.0x
[19.253s][info][gc            ] Trigger: Explicit GC request (System.gc())
[19.254s][info][gc,ergo       ] Free: 926M, Max: 512K regular, 496M humongous, Frag: 47% external, 0% internal; Reserve: 76800K, Max: 512K
[19.254s][info][gc,start      ] GC(12) Concurrent reset
[19.254s][info][gc,task       ] GC(12) Using 1 of 1 workers for concurrent reset
[19.254s][info][gc,ergo       ] GC(12) Pacer for Reset. Non-Taxable: 1500M
[19.254s][info][gc            ] GC(12) Concurrent reset 0.306ms
[19.254s][info][gc,start      ] GC(12) Pause Init Mark (process weakrefs) (unload classes)
[19.254s][info][gc,task       ] GC(12) Using 1 of 1 workers for init marking
[19.255s][info][gc,ergo       ] GC(12) Pacer for Mark. Expected Live: 150M, Free: 926M, Non-Taxable: 94886K, Alloc Tax Rate: 0.2x
[19.255s][info][gc            ] GC(12) Pause Init Mark (process weakrefs) (unload classes) 0.770ms
[19.255s][info][gc,start      ] GC(12) Concurrent marking (process weakrefs) (unload classes)
[19.255s][info][gc,task       ] GC(12) Using 1 of 1 workers for concurrent marking
[19.468s][info][gc            ] GC(12) Concurrent marking (process weakrefs) (unload classes) 213.632ms
[19.469s][info][gc,start      ] GC(12) Concurrent precleaning
[19.469s][info][gc,task       ] GC(12) Using 1 of 1 workers for concurrent preclean
[19.469s][info][gc,ergo       ] GC(12) Pacer for Precleaning. Non-Taxable: 1500M
[19.474s][info][gc            ] GC(12) Concurrent precleaning 5.118ms
[19.474s][info][gc,start      ] GC(12) Pause Final Mark (process weakrefs) (unload classes)
[19.474s][info][gc,task       ] GC(12) Using 1 of 1 workers for final marking
[19.495s][info][gc,stringtable] GC(12) Cleaned string and symbol table, strings: 18394 processed, 0 removed, symbols: 131775 processed, 46 removed
[19.496s][info][gc,ergo       ] GC(12) Collectable Garbage: 304M (92%), Immediate: 304M (92%), CSet: 0B (0%)
[19.496s][info][gc            ] GC(12) Pause Final Mark (process weakrefs) (unload classes) 21.825ms
[19.501s][info][gc,start      ] GC(12) Concurrent cleanup
[19.501s][info][gc            ] GC(12) Concurrent cleanup 496M->192M(1179M) 0.124ms
[19.501s][info][gc,ergo       ] GC(12) Free: 1231M, Max: 512K regular, 667M humongous, Frag: 46% external, 0% internal; Reserve: 76800K, Max: 512K
[19.501s][info][gc,ergo       ] Free: 1231M, Max: 512K regular, 667M humongous, Frag: 46% external, 0% internal; Reserve: 76800K, Max: 512K
[19.501s][info][gc,stats      ] 
[19.501s][info][gc,stats      ] All times are wall-clock times, except per-root-class counters, that are sum over
[19.501s][info][gc,stats      ] all workers. Dividing the <total> over the root stage time estimates parallelism.
[19.501s][info][gc,stats      ] 
[19.501s][info][gc,stats      ] Concurrent Reset                    296 us
[19.501s][info][gc,stats      ] Pause Init Mark (G)                 907 us
[19.501s][info][gc,stats      ] Pause Init Mark (N)                 757 us
[19.501s][info][gc,stats      ]   Accumulate Stats                    7 us
[19.501s][info][gc,stats      ]   Make Parsable                      10 us
[19.501s][info][gc,stats      ]   Update Region States               29 us
[19.501s][info][gc,stats      ]   Scan Roots                        681 us, parallelism: 0.52x
[19.501s][info][gc,stats      ]     S: <total>                      351 us
[19.501s][info][gc,stats      ]     S: Thread Roots                 216 us, workers (us): 216, 
[19.501s][info][gc,stats      ]     S: Universe Roots                 2 us, workers (us):   2, 
[19.501s][info][gc,stats      ]     S: JNI Handles Roots              2 us, workers (us):   2, 
[19.501s][info][gc,stats      ]     S: Synchronizer Roots             0 us, workers (us):   0, 
[19.501s][info][gc,stats      ]     S: Management Roots               2 us, workers (us):   2, 
[19.501s][info][gc,stats      ]     S: System Dict Roots             11 us, workers (us):  11, 
[19.501s][info][gc,stats      ]     S: CLDG Roots                   117 us, workers (us): 117, 
[19.501s][info][gc,stats      ]     S: JVMTI Roots                    1 us, workers (us):   1, 
[19.501s][info][gc,stats      ]   Resize TLABs                        3 us
[19.501s][info][gc,stats      ] Concurrent Marking               213623 us
[19.501s][info][gc,stats      ] Concurrent Precleaning             5099 us
[19.501s][info][gc,stats      ] Pause Final Mark (G)              26899 us
[19.501s][info][gc,stats      ] Pause Final Mark (N)              21814 us
[19.501s][info][gc,stats      ]   Finish Queues                      44 us
[19.501s][info][gc,stats      ]   Weak References                   109 us
[19.501s][info][gc,stats      ]     Process                         107 us
[19.501s][info][gc,stats      ]   System Purge                      412 us
[19.501s][info][gc,stats      ]     Unload Classes                 1177 us
[19.501s][info][gc,stats      ]     Cleanup                       19691 us, parallelism: 1.00x
[19.501s][info][gc,stats      ]       CU: <total>                 19612 us
[19.501s][info][gc,stats      ]       CU: Code Cache Roots         6751 us, workers (us): 6751, 
[19.501s][info][gc,stats      ]       CU: Code Cache Cleaning      1293 us, workers (us): 1293, 
[19.501s][info][gc,stats      ]       CU: String Table Roots       5847 us, workers (us): 5847, 
[19.501s][info][gc,stats      ]       CU: Resolved Table Roots      135 us, workers (us): 135, 
[19.501s][info][gc,stats      ]       CU: CLDG Roots               5586 us, workers (us): 5586, 
[19.501s][info][gc,stats      ]     Weak Roots                      411 us
[19.501s][info][gc,stats      ]     CLDG                            270 us
[19.501s][info][gc,stats      ]   Update Region States               53 us
[19.501s][info][gc,stats      ]   Retire TLABs                       19 us
[19.501s][info][gc,stats      ]   Choose Collection Set              19 us
[19.501s][info][gc,stats      ]   Rebuild Free Set                   11 us
[19.501s][info][gc,stats      ] Concurrent Cleanup                   79 us
[19.501s][info][gc,stats      ] Pacing                             8747 us
[19.501s][info][gc,stats      ] 
[19.501s][info][gc,stats      ] Allocation pacing accrued:
[19.501s][info][gc,stats      ]       9 of   756 ms (  1.2%): Executor task launch worker for task 0.0 in stage 2.0 (TID 2)
[19.501s][info][gc,stats      ]       9 of   756 ms (  1.2%): <total>
[19.501s][info][gc,stats      ]       0 of   756 ms (  0.0%): <average total>
[19.501s][info][gc,stats      ]       9 of   756 ms (  1.2%): <average non-zero>
[19.501s][info][gc,stats      ] 
[19.501s][info][gc,metaspace  ] Metaspace: 60002K->59503K(1103872K)
[19.501s][info][gc,ergo       ] Pacer for Idle. Initial: 30720K, Alloc Tax Rate: 1.0x
[19.501s][info][gc,start      ] Concurrent uncommit
[19.581s][info][gc            ] Concurrent uncommit 192M->192M(194M) 79.469ms
[21.347s][info][gc            ] Trigger: Learning 2 of 5. Free (1049M) is below initial threshold (1050M)
[21.347s][info][gc,ergo       ] Free: 1049M, Max: 512K regular, 667M humongous, Frag: 37% external, 0% internal; Reserve: 76800K, Max: 512K
[21.347s][info][gc,start      ] GC(13) Concurrent reset
[21.347s][info][gc,task       ] GC(13) Using 1 of 1 workers for concurrent reset
[21.347s][info][gc,ergo       ] GC(13) Pacer for Reset. Non-Taxable: 1500M
[21.348s][info][gc            ] GC(13) Concurrent reset 0.388ms
[21.352s][info][gc,start      ] GC(13) Pause Init Mark
[21.352s][info][gc,task       ] GC(13) Using 1 of 1 workers for init marking
[21.354s][info][gc,ergo       ] GC(13) Pacer for Mark. Expected Live: 162M, Free: 1049M, Non-Taxable: 104M, Alloc Tax Rate: 0.2x
[21.354s][info][gc            ] GC(13) Pause Init Mark 1.793ms
[21.354s][info][gc,start      ] GC(13) Concurrent marking
[21.354s][info][gc,task       ] GC(13) Using 1 of 1 workers for concurrent marking
[21.570s][info][gc            ] GC(13) Concurrent marking 216.312ms
[21.576s][info][gc,start      ] GC(13) Pause Final Mark
[21.576s][info][gc,task       ] GC(13) Using 1 of 1 workers for final marking
[21.576s][info][gc,ergo       ] GC(13) Adaptive CSet Selection. Target Free: 212M, Actual Free: 1188M, Max CSet: 64000K, Min Garbage: 0B
[21.576s][info][gc,ergo       ] GC(13) Collectable Garbage: 202M (98%), Immediate: 157M (76%), CSet: 46291K (22%)
[21.578s][info][gc,ergo       ] GC(13) Pacer for Evacuation. Used CSet: 49264K, Free: 1115M, Non-Taxable: 111M, Alloc Tax Rate: 1.1x
[21.579s][info][gc            ] GC(13) Pause Final Mark 2.821ms
[21.579s][info][gc,start      ] GC(13) Concurrent cleanup
[21.579s][info][gc            ] GC(13) Concurrent cleanup 465M->308M(469M) 0.074ms
[21.579s][info][gc,ergo       ] GC(13) Free: 1115M, Max: 512K regular, 667M humongous, Frag: 41% external, 0% internal; Reserve: 76544K, Max: 512K
[21.579s][info][gc,start      ] GC(13) Concurrent evacuation
[21.579s][info][gc,task       ] GC(13) Using 1 of 1 workers for concurrent evacuation
[21.586s][info][gc            ] GC(13) Concurrent evacuation 7.497ms
[21.588s][info][gc,start      ] GC(13) Pause Init Update Refs
[21.588s][info][gc,ergo       ] GC(13) Pacer for Update Refs. Used: 316M, Free: 1109M, Non-Taxable: 110M, Alloc Tax Rate: 1.1x
[21.588s][info][gc            ] GC(13) Pause Init Update Refs 0.024ms
[21.588s][info][gc,start      ] GC(13) Concurrent update references
[21.588s][info][gc,task       ] GC(13) Using 1 of 1 workers for concurrent reference update
[21.881s][info][gc            ] GC(13) Concurrent update references 292.434ms
[21.883s][info][gc,start      ] GC(13) Pause Final Update Refs
[21.883s][info][gc,task       ] GC(13) Using 1 of 1 workers for final reference update
[21.884s][info][gc            ] GC(13) Pause Final Update Refs 0.369ms
[21.884s][info][gc,start      ] GC(13) Concurrent cleanup
[21.884s][info][gc            ] GC(13) Concurrent cleanup 487M->439M(489M) 0.060ms
[21.884s][info][gc,ergo       ] Free: 984M, Max: 512K regular, 668M humongous, Frag: 33% external, 0% internal; Reserve: 76800K, Max: 512K
[21.884s][info][gc,stats      ] 
[21.884s][info][gc,stats      ] All times are wall-clock times, except per-root-class counters, that are sum over
[21.884s][info][gc,stats      ] all workers. Dividing the <total> over the root stage time estimates parallelism.
[21.884s][info][gc,stats      ] 
[21.884s][info][gc,stats      ] Concurrent Reset                    355 us
[21.884s][info][gc,stats      ] Pause Init Mark (G)                5963 us
[21.884s][info][gc,stats      ] Pause Init Mark (N)                1755 us
[21.884s][info][gc,stats      ]   Accumulate Stats                    9 us
[21.884s][info][gc,stats      ]   Make Parsable                      16 us
[21.884s][info][gc,stats      ]   Update Region States               49 us
[21.884s][info][gc,stats      ]   Scan Roots                       1625 us, parallelism: 0.82x
[21.884s][info][gc,stats      ]     S: <total>                     1334 us
[21.884s][info][gc,stats      ]     S: Thread Roots                 482 us, workers (us): 482, 
[21.884s][info][gc,stats      ]     S: Universe Roots                 2 us, workers (us):   2, 
[21.884s][info][gc,stats      ]     S: JNI Handles Roots              2 us, workers (us):   2, 
[21.884s][info][gc,stats      ]     S: Synchronizer Roots             0 us, workers (us):   0, 
[21.884s][info][gc,stats      ]     S: Management Roots               1 us, workers (us):   1, 
[21.884s][info][gc,stats      ]     S: System Dict Roots             13 us, workers (us):  13, 
[21.884s][info][gc,stats      ]     S: CLDG Roots                   833 us, workers (us): 833, 
[21.884s][info][gc,stats      ]     S: JVMTI Roots                    0 us, workers (us):   0, 
[21.884s][info][gc,stats      ]   Resize TLABs                       10 us
[21.884s][info][gc,stats      ] Concurrent Marking               216303 us
[21.884s][info][gc,stats      ] Pause Final Mark (G)               5082 us
[21.884s][info][gc,stats      ] Pause Final Mark (N)               2772 us
[21.884s][info][gc,stats      ]   Finish Queues                      24 us
[21.884s][info][gc,stats      ]   System Purge                      312 us
[21.884s][info][gc,stats      ]     Weak Roots                      311 us
[21.884s][info][gc,stats      ]   Update Region States               56 us
[21.884s][info][gc,stats      ]   Retire TLABs                       10 us
[21.884s][info][gc,stats      ]   Choose Collection Set              65 us
[21.884s][info][gc,stats      ]   Rebuild Free Set                   10 us
[21.884s][info][gc,stats      ]   Initial Evacuation               2285 us, parallelism: 0.58x
[21.884s][info][gc,stats      ]     E: <total>                     1316 us
[21.884s][info][gc,stats      ]     E: Thread Roots                 330 us, workers (us): 330, 
[21.884s][info][gc,stats      ]     E: Code Cache Roots             241 us, workers (us): 241, 
[21.884s][info][gc,stats      ]     E: Universe Roots                 1 us, workers (us):   1, 
[21.884s][info][gc,stats      ]     E: JNI Handles Roots              2 us, workers (us):   2, 
[21.884s][info][gc,stats      ]     E: Synchronizer Roots             0 us, workers (us):   0, 
[21.884s][info][gc,stats      ]     E: Management Roots               2 us, workers (us):   2, 
[21.884s][info][gc,stats      ]     E: System Dict Roots             36 us, workers (us):  36, 
[21.884s][info][gc,stats      ]     E: CLDG Roots                   703 us, workers (us): 703, 
[21.884s][info][gc,stats      ]     E: JVMTI Roots                    1 us, workers (us):   1, 
[21.884s][info][gc,stats      ] Concurrent Cleanup                   65 us
[21.884s][info][gc,stats      ] Concurrent Evacuation              7486 us
[21.884s][info][gc,stats      ] Pause Init  Update Refs (G)        2214 us
[21.884s][info][gc,stats      ] Pause Init  Update Refs (N)          11 us
[21.884s][info][gc,stats      ]   Retire GCLABs                       5 us
[21.884s][info][gc,stats      ] Concurrent Update Refs           292420 us
[21.884s][info][gc,stats      ] Pause Final Update Refs (G)        2578 us
[21.884s][info][gc,stats      ] Pause Final Update Refs (N)         346 us
[21.884s][info][gc,stats      ]   Update Roots                      274 us, parallelism: 0.95x
[21.884s][info][gc,stats      ]     UR: <total>                     260 us
[21.884s][info][gc,stats      ]     UR: Thread Roots                260 us, workers (us): 260, 
[21.884s][info][gc,stats      ]   Update Region States               51 us
[21.884s][info][gc,stats      ]   Trash Collection Set                2 us
[21.884s][info][gc,stats      ]   Rebuild Free Set                   10 us
[21.884s][info][gc,stats      ] Concurrent Cleanup                   53 us
[21.884s][info][gc,stats      ] 
[21.884s][info][gc,stats      ] Allocation pacing accrued:
[21.884s][info][gc,stats      ]       0 of  2383 ms (  0.0%): <total>
[21.884s][info][gc,stats      ]       0 of  2383 ms (  0.0%): <average total>
[21.884s][info][gc,stats      ] 
[21.884s][info][gc,metaspace  ] Metaspace: 60069K->60069K(1103872K)
[21.884s][info][gc,ergo       ] Pacer for Idle. Initial: 30720K, Alloc Tax Rate: 1.0x
[21.885s][info][gc            ] Trigger: Learning 3 of 5. Free (982M) is below initial threshold (1050M)
[21.885s][info][gc,ergo       ] Free: 982M, Max: 512K regular, 668M humongous, Frag: 32% external, 0% internal; Reserve: 76800K, Max: 512K
[21.885s][info][gc,start      ] GC(14) Concurrent reset
[21.885s][info][gc,task       ] GC(14) Using 1 of 1 workers for concurrent reset
[21.885s][info][gc,ergo       ] GC(14) Pacer for Reset. Non-Taxable: 1500M
[21.886s][info][gc            ] GC(14) Concurrent reset 0.351ms
[21.888s][info][gc,start      ] GC(14) Pause Init Mark
[21.888s][info][gc,task       ] GC(14) Using 1 of 1 workers for init marking
[21.890s][info][gc,ergo       ] GC(14) Pacer for Mark. Expected Live: 167M, Free: 982M, Non-Taxable: 100607K, Alloc Tax Rate: 0.2x
[21.890s][info][gc            ] GC(14) Pause Init Mark 1.953ms
[21.890s][info][gc,start      ] GC(14) Concurrent marking
[21.890s][info][gc,task       ] GC(14) Using 1 of 1 workers for concurrent marking
[22.112s][info][gc            ] GC(14) Concurrent marking 221.545ms
[22.112s][info][gc,start      ] GC(14) Pause Final Mark
[22.112s][info][gc,task       ] GC(14) Using 1 of 1 workers for final marking
[22.112s][info][gc,ergo       ] GC(14) Collectable Garbage: 270M (98%), Immediate: 270M (98%), CSet: 0B (0%)
[22.112s][info][gc            ] GC(14) Pause Final Mark 0.408ms
[22.112s][info][gc,start      ] GC(14) Concurrent cleanup
[22.112s][info][gc            ] GC(14) Concurrent cleanup 537M->267M(543M) 0.076ms
[22.112s][info][gc,ergo       ] GC(14) Free: 1155M, Max: 512K regular, 668M humongous, Frag: 43% external, 0% internal; Reserve: 76800K, Max: 512K
[22.112s][info][gc,ergo       ] Free: 1155M, Max: 512K regular, 668M humongous, Frag: 43% external, 0% internal; Reserve: 76800K, Max: 512K
[22.112s][info][gc,stats      ] 
[22.112s][info][gc,stats      ] All times are wall-clock times, except per-root-class counters, that are sum over
[22.112s][info][gc,stats      ] all workers. Dividing the <total> over the root stage time estimates parallelism.
[22.112s][info][gc,stats      ] 
[22.112s][info][gc,stats      ] Concurrent Reset                    344 us
[22.112s][info][gc,stats      ] Pause Init Mark (G)                4365 us
[22.112s][info][gc,stats      ] Pause Init Mark (N)                1915 us
[22.112s][info][gc,stats      ]   Accumulate Stats                   11 us
[22.112s][info][gc,stats      ]   Make Parsable                      11 us
[22.112s][info][gc,stats      ]   Update Region States               67 us
[22.112s][info][gc,stats      ]   Scan Roots                       1771 us, parallelism: 0.80x
[22.112s][info][gc,stats      ]     S: <total>                     1415 us
[22.112s][info][gc,stats      ]     S: Thread Roots                 443 us, workers (us): 443, 
[22.112s][info][gc,stats      ]     S: Universe Roots                 4 us, workers (us):   4, 
[22.112s][info][gc,stats      ]     S: JNI Handles Roots              2 us, workers (us):   2, 
[22.112s][info][gc,stats      ]     S: Synchronizer Roots             0 us, workers (us):   0, 
[22.112s][info][gc,stats      ]     S: Management Roots               2 us, workers (us):   2, 
[22.112s][info][gc,stats      ]     S: System Dict Roots             31 us, workers (us):  31, 
[22.112s][info][gc,stats      ]     S: CLDG Roots                   933 us, workers (us): 933, 
[22.113s][info][gc,stats      ]     S: JVMTI Roots                    1 us, workers (us):   1, 
[22.113s][info][gc,stats      ]   Resize TLABs                        8 us
[22.113s][info][gc,stats      ] Concurrent Marking               221522 us
[22.113s][info][gc,stats      ] Pause Final Mark (G)                483 us
[22.113s][info][gc,stats      ] Pause Final Mark (N)                392 us
[22.113s][info][gc,stats      ]   Finish Queues                      13 us
[22.113s][info][gc,stats      ]   System Purge                      276 us
[22.113s][info][gc,stats      ]     Weak Roots                      275 us
[22.113s][info][gc,stats      ]   Update Region States               54 us
[22.113s][info][gc,stats      ]   Retire TLABs                        9 us
[22.113s][info][gc,stats      ]   Choose Collection Set              20 us
[22.113s][info][gc,stats      ]   Rebuild Free Set                   10 us
[22.113s][info][gc,stats      ] Concurrent Cleanup                   69 us
[22.113s][info][gc,stats      ] 
[22.113s][info][gc,stats      ] Allocation pacing accrued:
[22.113s][info][gc,stats      ]       0 of   229 ms (  0.0%): <total>
[22.113s][info][gc,stats      ]       0 of   229 ms (  0.0%): <average total>
[22.113s][info][gc,stats      ] 
[22.113s][info][gc,metaspace  ] Metaspace: 60069K->60069K(1103872K)
[22.113s][info][gc,ergo       ] Pacer for Idle. Initial: 30720K, Alloc Tax Rate: 1.0x
[22.191s][info][gc            ] Trigger: Learning 4 of 5. Free (1048M) is below initial threshold (1050M)
[22.191s][info][gc,ergo       ] Free: 1048M, Max: 512K regular, 668M humongous, Frag: 37% external, 0% internal; Reserve: 76800K, Max: 512K
[22.191s][info][gc,start      ] GC(15) Concurrent reset
[22.191s][info][gc,task       ] GC(15) Using 1 of 1 workers for concurrent reset
[22.191s][info][gc,ergo       ] GC(15) Pacer for Reset. Non-Taxable: 1500M
[22.192s][info][gc            ] GC(15) Concurrent reset 0.401ms
[22.195s][info][gc,start      ] GC(15) Pause Init Mark (process weakrefs)
[22.195s][info][gc,task       ] GC(15) Using 1 of 1 workers for init marking
[22.196s][info][gc,ergo       ] GC(15) Pacer for Mark. Expected Live: 167M, Free: 1048M, Non-Taxable: 104M, Alloc Tax Rate: 0.2x
[22.196s][info][gc            ] GC(15) Pause Init Mark (process weakrefs) 1.291ms
[22.196s][info][gc,start      ] GC(15) Concurrent marking (process weakrefs)
[22.196s][info][gc,task       ] GC(15) Using 1 of 1 workers for concurrent marking
[22.414s][info][gc            ] GC(15) Concurrent marking (process weakrefs) 217.676ms
[22.414s][info][gc,start      ] GC(15) Concurrent precleaning
[22.414s][info][gc,task       ] GC(15) Using 1 of 1 workers for concurrent preclean
[22.414s][info][gc,ergo       ] GC(15) Pacer for Precleaning. Non-Taxable: 1500M
[22.415s][info][gc            ] GC(15) Concurrent precleaning 0.906ms
[22.415s][info][gc,start      ] GC(15) Pause Final Mark (process weakrefs)
[22.415s][info][gc,task       ] GC(15) Using 1 of 1 workers for final marking
[22.415s][info][gc,ergo       ] GC(15) Collectable Garbage: 203M (97%), Immediate: 203M (97%), CSet: 0B (0%)
[22.415s][info][gc            ] GC(15) Pause Final Mark (process weakrefs) 0.626ms
[22.415s][info][gc,start      ] GC(15) Concurrent cleanup
[22.415s][info][gc            ] GC(15) Concurrent cleanup 516M->313M(543M) 0.071ms
[22.415s][info][gc,ergo       ] GC(15) Free: 1110M, Max: 512K regular, 668M humongous, Frag: 40% external, 0% internal; Reserve: 76800K, Max: 512K
[22.415s][info][gc,ergo       ] Free: 1110M, Max: 512K regular, 668M humongous, Frag: 40% external, 0% internal; Reserve: 76800K, Max: 512K
[22.415s][info][gc,stats      ] 
[22.415s][info][gc,stats      ] All times are wall-clock times, except per-root-class counters, that are sum over
[22.415s][info][gc,stats      ] all workers. Dividing the <total> over the root stage time estimates parallelism.
[22.415s][info][gc,stats      ] 
[22.415s][info][gc,stats      ] Concurrent Reset                    389 us
[22.415s][info][gc,stats      ] Pause Init Mark (G)                4055 us
[22.415s][info][gc,stats      ] Pause Init Mark (N)                1261 us
[22.415s][info][gc,stats      ]   Accumulate Stats                    9 us
[22.416s][info][gc,stats      ]   Make Parsable                       7 us
[22.416s][info][gc,stats      ]   Update Region States               41 us
[22.416s][info][gc,stats      ]   Scan Roots                       1163 us, parallelism: 0.76x
[22.416s][info][gc,stats      ]     S: <total>                      880 us
[22.416s][info][gc,stats      ]     S: Thread Roots                 292 us, workers (us): 292, 
[22.416s][info][gc,stats      ]     S: Universe Roots                 3 us, workers (us):   3, 
[22.416s][info][gc,stats      ]     S: JNI Handles Roots              2 us, workers (us):   2, 
[22.416s][info][gc,stats      ]     S: Synchronizer Roots             0 us, workers (us):   0, 
[22.416s][info][gc,stats      ]     S: Management Roots               1 us, workers (us):   1, 
[22.416s][info][gc,stats      ]     S: System Dict Roots             12 us, workers (us):  12, 
[22.416s][info][gc,stats      ]     S: CLDG Roots                   570 us, workers (us): 570, 
[22.416s][info][gc,stats      ]     S: JVMTI Roots                    0 us, workers (us):   0, 
[22.416s][info][gc,stats      ]   Resize TLABs                        6 us
[22.416s][info][gc,stats      ] Concurrent Marking               217666 us
[22.416s][info][gc,stats      ] Concurrent Precleaning              877 us
[22.416s][info][gc,stats      ] Pause Final Mark (G)                783 us
[22.416s][info][gc,stats      ] Pause Final Mark (N)                611 us
[22.416s][info][gc,stats      ]   Finish Queues                      19 us
[22.416s][info][gc,stats      ]   Weak References                    43 us
[22.416s][info][gc,stats      ]     Process                          40 us
[22.416s][info][gc,stats      ]   System Purge                      444 us
[22.416s][info][gc,stats      ]     Weak Roots                      443 us
[22.416s][info][gc,stats      ]   Update Region States               52 us
[22.416s][info][gc,stats      ]   Retire TLABs                       12 us
[22.416s][info][gc,stats      ]   Choose Collection Set              20 us
[22.416s][info][gc,stats      ]   Rebuild Free Set                   10 us
[22.416s][info][gc,stats      ] Concurrent Cleanup                   64 us
[22.416s][info][gc,stats      ] 
[22.416s][info][gc,stats      ] Allocation pacing accrued:
[22.416s][info][gc,stats      ]       0 of   303 ms (  0.0%): <total>
[22.416s][info][gc,stats      ]       0 of   303 ms (  0.0%): <average total>
[22.416s][info][gc,stats      ] 
[22.416s][info][gc,metaspace  ] Metaspace: 60069K->60069K(1103872K)
[22.416s][info][gc,ergo       ] Pacer for Idle. Initial: 30720K, Alloc Tax Rate: 1.0x
[22.471s][info][gc            ] Trigger: Learning 5 of 5. Free (1048M) is below initial threshold (1050M)
[22.471s][info][gc,ergo       ] Free: 1048M, Max: 512K regular, 668M humongous, Frag: 37% external, 0% internal; Reserve: 76800K, Max: 512K
[22.471s][info][gc,start      ] GC(16) Concurrent reset
[22.471s][info][gc,task       ] GC(16) Using 1 of 1 workers for concurrent reset
[22.471s][info][gc,ergo       ] GC(16) Pacer for Reset. Non-Taxable: 1500M
[22.471s][info][gc            ] GC(16) Concurrent reset 0.290ms
[22.473s][info][gc,start      ] GC(16) Pause Init Mark
[22.473s][info][gc,task       ] GC(16) Using 1 of 1 workers for init marking
[22.475s][info][gc,ergo       ] GC(16) Pacer for Mark. Expected Live: 166M, Free: 1048M, Non-Taxable: 104M, Alloc Tax Rate: 0.2x
[22.475s][info][gc            ] GC(16) Pause Init Mark 1.306ms
[22.475s][info][gc,start      ] GC(16) Concurrent marking
[22.475s][info][gc,task       ] GC(16) Using 1 of 1 workers for concurrent marking
[22.685s][info][gc            ] GC(16) Concurrent marking 210.342ms
[22.685s][info][gc,start      ] GC(16) Pause Final Mark
[22.685s][info][gc,task       ] GC(16) Using 1 of 1 workers for final marking
[22.686s][info][gc,ergo       ] GC(16) Collectable Garbage: 200M (96%), Immediate: 200M (96%), CSet: 0B (0%)
[22.686s][info][gc            ] GC(16) Pause Final Mark 0.407ms
[22.686s][info][gc,start      ] GC(16) Concurrent cleanup
[22.686s][info][gc            ] GC(16) Concurrent cleanup 508M->307M(543M) 0.072ms
[22.686s][info][gc,ergo       ] GC(16) Free: 1115M, Max: 512K regular, 668M humongous, Frag: 41% external, 0% internal; Reserve: 76800K, Max: 512K
[22.686s][info][gc,ergo       ] Free: 1115M, Max: 512K regular, 668M humongous, Frag: 41% external, 0% internal; Reserve: 76800K, Max: 512K
[22.686s][info][gc,stats      ] 
[22.686s][info][gc,stats      ] All times are wall-clock times, except per-root-class counters, that are sum over
[22.686s][info][gc,stats      ] all workers. Dividing the <total> over the root stage time estimates parallelism.
[22.686s][info][gc,stats      ] 
[22.686s][info][gc,stats      ] Concurrent Reset                    280 us
[22.686s][info][gc,stats      ] Pause Init Mark (G)                3626 us
[22.686s][info][gc,stats      ] Pause Init Mark (N)                1279 us
[22.686s][info][gc,stats      ]   Accumulate Stats                   10 us
[22.686s][info][gc,stats      ]   Make Parsable                      11 us
[22.686s][info][gc,stats      ]   Update Region States               40 us
[22.686s][info][gc,stats      ]   Scan Roots                       1181 us, parallelism: 0.75x
[22.686s][info][gc,stats      ]     S: <total>                      885 us
[22.686s][info][gc,stats      ]     S: Thread Roots                 319 us, workers (us): 319, 
[22.686s][info][gc,stats      ]     S: Universe Roots                 2 us, workers (us):   2, 
[22.686s][info][gc,stats      ]     S: JNI Handles Roots              1 us, workers (us):   1, 
[22.686s][info][gc,stats      ]     S: Synchronizer Roots             0 us, workers (us):   0, 
[22.686s][info][gc,stats      ]     S: Management Roots               2 us, workers (us):   2, 
[22.686s][info][gc,stats      ]     S: System Dict Roots             10 us, workers (us):  10, 
[22.686s][info][gc,stats      ]     S: CLDG Roots                   550 us, workers (us): 550, 
[22.686s][info][gc,stats      ]     S: JVMTI Roots                    0 us, workers (us):   0, 
[22.686s][info][gc,stats      ]   Resize TLABs                        7 us
[22.686s][info][gc,stats      ] Concurrent Marking               210333 us
[22.686s][info][gc,stats      ] Pause Final Mark (G)                501 us
[22.686s][info][gc,stats      ] Pause Final Mark (N)                389 us
[22.686s][info][gc,stats      ]   Finish Queues                      14 us
[22.686s][info][gc,stats      ]   System Purge                      252 us
[22.686s][info][gc,stats      ]     Weak Roots                      251 us
[22.686s][info][gc,stats      ]   Update Region States               49 us
[22.686s][info][gc,stats      ]   Retire TLABs                        9 us
[22.686s][info][gc,stats      ]   Choose Collection Set              16 us
[22.686s][info][gc,stats      ]   Rebuild Free Set                   32 us
[22.686s][info][gc,stats      ] Concurrent Cleanup                   64 us
[22.686s][info][gc,stats      ] 
[22.686s][info][gc,stats      ] Allocation pacing accrued:
[22.686s][info][gc,stats      ]       0 of   270 ms (  0.0%): <total>
[22.686s][info][gc,stats      ]       0 of   270 ms (  0.0%): <average total>
[22.686s][info][gc,stats      ] 
[22.686s][info][gc,metaspace  ] Metaspace: 60080K->60081K(1103872K)
[22.686s][info][gc,ergo       ] Pacer for Idle. Initial: 30720K, Alloc Tax Rate: 1.0x
[23.377s][info][gc            ] Trigger: Average GC time (289.92 ms) is above the time for allocation rate (983 MB/s) to deplete free headroom (283M)
[23.377s][info][gc,ergo       ] Free headroom: 358M (free) - 76800K (spike) - 0B (penalties) = 283M
[23.377s][info][gc,ergo       ] Free: 358M, Max: 512K regular, 358M humongous, Frag: 0% external, 0% internal; Reserve: 76800K, Max: 512K
[23.377s][info][gc,start      ] GC(17) Concurrent reset
[23.377s][info][gc,task       ] GC(17) Using 1 of 1 workers for concurrent reset
[23.377s][info][gc,ergo       ] GC(17) Pacer for Reset. Non-Taxable: 1500M
[23.377s][info][gc            ] GC(17) Concurrent reset 0.354ms
[23.379s][info][gc,start      ] GC(17) Pause Init Mark
[23.380s][info][gc,task       ] GC(17) Using 1 of 1 workers for init marking
[23.381s][info][gc,ergo       ] GC(17) Pacer for Mark. Expected Live: 166M, Free: 358M, Non-Taxable: 36760K, Alloc Tax Rate: 0.6x
[23.381s][info][gc            ] GC(17) Pause Init Mark 1.353ms
[23.381s][info][gc,start      ] GC(17) Concurrent marking
[23.381s][info][gc,task       ] GC(17) Using 1 of 1 workers for concurrent marking
[23.536s][info][gc            ] GC(17) Concurrent marking 155.091ms
[23.536s][info][gc,start      ] GC(17) Pause Final Mark
[23.536s][info][gc,task       ] GC(17) Using 1 of 1 workers for final marking
[23.536s][info][gc,ergo       ] GC(17) Collectable Garbage: 890M (99%), Immediate: 890M (99%), CSet: 0B (0%)
[23.536s][info][gc            ] GC(17) Pause Final Mark 0.366ms
[23.536s][info][gc,start      ] GC(17) Concurrent cleanup
[23.537s][info][gc            ] GC(17) Concurrent cleanup 1118M->228M(1124M) 0.122ms
[23.537s][info][gc,ergo       ] GC(17) Free: 1194M, Max: 512K regular, 543M humongous, Frag: 55% external, 0% internal; Reserve: 76800K, Max: 512K
[23.537s][info][gc,ergo       ] Free: 1194M, Max: 512K regular, 543M humongous, Frag: 55% external, 0% internal; Reserve: 76800K, Max: 512K
[23.537s][info][gc,stats      ] 
[23.537s][info][gc,stats      ] All times are wall-clock times, except per-root-class counters, that are sum over
[23.537s][info][gc,stats      ] all workers. Dividing the <total> over the root stage time estimates parallelism.
[23.537s][info][gc,stats      ] 
[23.537s][info][gc,stats      ] Concurrent Reset                    335 us
[23.537s][info][gc,stats      ] Pause Init Mark (G)                3666 us
[23.537s][info][gc,stats      ] Pause Init Mark (N)                1317 us
[23.537s][info][gc,stats      ]   Accumulate Stats                   12 us
[23.537s][info][gc,stats      ]   Make Parsable                       7 us
[23.537s][info][gc,stats      ]   Update Region States               53 us
[23.537s][info][gc,stats      ]   Scan Roots                       1202 us, parallelism: 0.76x
[23.537s][info][gc,stats      ]     S: <total>                      909 us
[23.537s][info][gc,stats      ]     S: Thread Roots                 326 us, workers (us): 326, 
[23.537s][info][gc,stats      ]     S: Universe Roots                 3 us, workers (us):   3, 
[23.537s][info][gc,stats      ]     S: JNI Handles Roots              2 us, workers (us):   2, 
[23.537s][info][gc,stats      ]     S: Synchronizer Roots             0 us, workers (us):   0, 
[23.537s][info][gc,stats      ]     S: Management Roots               2 us, workers (us):   2, 
[23.537s][info][gc,stats      ]     S: System Dict Roots             12 us, workers (us):  12, 
[23.537s][info][gc,stats      ]     S: CLDG Roots                   564 us, workers (us): 564, 
[23.537s][info][gc,stats      ]     S: JVMTI Roots                    1 us, workers (us):   1, 
[23.537s][info][gc,stats      ]   Resize TLABs                        8 us
[23.537s][info][gc,stats      ] Concurrent Marking               155082 us
[23.537s][info][gc,stats      ] Pause Final Mark (G)                439 us
[23.537s][info][gc,stats      ] Pause Final Mark (N)                356 us
[23.537s][info][gc,stats      ]   Finish Queues                      11 us
[23.537s][info][gc,stats      ]   System Purge                      253 us
[23.537s][info][gc,stats      ]     Weak Roots                      252 us
[23.537s][info][gc,stats      ]   Update Region States               46 us
[23.537s][info][gc,stats      ]   Retire TLABs                        9 us
[23.537s][info][gc,stats      ]   Choose Collection Set              21 us
[23.537s][info][gc,stats      ]   Rebuild Free Set                   10 us
[23.537s][info][gc,stats      ] Concurrent Cleanup                  116 us
[23.537s][info][gc,stats      ] Pacing                            37411 us
[23.537s][info][gc,stats      ] 
[23.537s][info][gc,stats      ] Allocation pacing accrued:
[23.537s][info][gc,stats      ]      37 of   851 ms (  4.4%): Executor task launch worker for task 0.0 in stage 4.0 (TID 4)
[23.537s][info][gc,stats      ]      37 of   851 ms (  4.4%): <total>
[23.537s][info][gc,stats      ]       0 of   851 ms (  0.1%): <average total>
[23.537s][info][gc,stats      ]      37 of   851 ms (  4.4%): <average non-zero>
[23.537s][info][gc,stats      ] 
[23.537s][info][gc,metaspace  ] Metaspace: 60081K->60081K(1103872K)
[23.537s][info][gc,ergo       ] Pacer for Idle. Initial: 30720K, Alloc Tax Rate: 1.0x
[24.031s][info][gc            ] Trigger: Explicit GC request (System.gc())
[24.031s][info][gc,ergo       ] Free: 713M, Max: 512K regular, 304M humongous, Frag: 58% external, 0% internal; Reserve: 76800K, Max: 512K
[24.031s][info][gc,start      ] GC(18) Concurrent reset
[24.031s][info][gc,task       ] GC(18) Using 1 of 1 workers for concurrent reset
[24.031s][info][gc,ergo       ] GC(18) Pacer for Reset. Non-Taxable: 1500M
[24.031s][info][gc            ] GC(18) Concurrent reset 0.310ms
[24.032s][info][gc,start      ] GC(18) Pause Init Mark (process weakrefs) (unload classes)
[24.032s][info][gc,task       ] GC(18) Using 1 of 1 workers for init marking
[24.033s][info][gc,ergo       ] GC(18) Pacer for Mark. Expected Live: 167M, Free: 713M, Non-Taxable: 73076K, Alloc Tax Rate: 0.3x
[24.033s][info][gc            ] GC(18) Pause Init Mark (process weakrefs) (unload classes) 0.946ms
[24.033s][info][gc,start      ] GC(18) Concurrent marking (process weakrefs) (unload classes)
[24.033s][info][gc,task       ] GC(18) Using 1 of 1 workers for concurrent marking
[24.153s][info][gc            ] GC(18) Concurrent marking (process weakrefs) (unload classes) 119.861ms
[24.153s][info][gc,start      ] GC(18) Concurrent precleaning
[24.153s][info][gc,task       ] GC(18) Using 1 of 1 workers for concurrent preclean
[24.153s][info][gc,ergo       ] GC(18) Pacer for Precleaning. Non-Taxable: 1500M
[24.153s][info][gc            ] GC(18) Concurrent precleaning 0.270ms
[24.153s][info][gc,start      ] GC(18) Pause Final Mark (process weakrefs) (unload classes)
[24.153s][info][gc,task       ] GC(18) Using 1 of 1 workers for final marking
[24.178s][info][gc,stringtable] GC(18) Cleaned string and symbol table, strings: 18434 processed, 0 removed, symbols: 131954 processed, 202 removed
[24.179s][info][gc,ergo       ] GC(18) Collectable Garbage: 533M (98%), Immediate: 533M (98%), CSet: 0B (0%)
[24.179s][info][gc            ] GC(18) Pause Final Mark (process weakrefs) (unload classes) 25.842ms
[24.179s][info][gc,start      ] GC(18) Concurrent cleanup
[24.179s][info][gc            ] GC(18) Concurrent cleanup 709M->176M(1124M) 0.098ms
[24.179s][info][gc,ergo       ] GC(18) Free: 1247M, Max: 512K regular, 668M humongous, Frag: 47% external, 0% internal; Reserve: 76800K, Max: 512K
[24.179s][info][gc,ergo       ] Free: 1247M, Max: 512K regular, 668M humongous, Frag: 47% external, 0% internal; Reserve: 76800K, Max: 512K
[24.179s][info][gc,stats      ] 
[24.179s][info][gc,stats      ] All times are wall-clock times, except per-root-class counters, that are sum over
[24.179s][info][gc,stats      ] all workers. Dividing the <total> over the root stage time estimates parallelism.
[24.179s][info][gc,stats      ] 
[24.179s][info][gc,stats      ] Concurrent Reset                    295 us
[24.179s][info][gc,stats      ] Pause Init Mark (G)                1169 us
[24.179s][info][gc,stats      ] Pause Init Mark (N)                 932 us
[24.179s][info][gc,stats      ]   Accumulate Stats                   10 us
[24.179s][info][gc,stats      ]   Make Parsable                      12 us
[24.179s][info][gc,stats      ]   Update Region States               30 us
[24.179s][info][gc,stats      ]   Scan Roots                        844 us, parallelism: 0.47x
[24.179s][info][gc,stats      ]     S: <total>                      397 us
[24.179s][info][gc,stats      ]     S: Thread Roots                 271 us, workers (us): 271, 
[24.179s][info][gc,stats      ]     S: Universe Roots                 2 us, workers (us):   2, 
[24.179s][info][gc,stats      ]     S: JNI Handles Roots              2 us, workers (us):   2, 
[24.179s][info][gc,stats      ]     S: Synchronizer Roots             0 us, workers (us):   0, 
[24.179s][info][gc,stats      ]     S: Management Roots               2 us, workers (us):   2, 
[24.179s][info][gc,stats      ]     S: System Dict Roots             11 us, workers (us):  11, 
[24.179s][info][gc,stats      ]     S: CLDG Roots                   108 us, workers (us): 108, 
[24.179s][info][gc,stats      ]     S: JVMTI Roots                    0 us, workers (us):   0, 
[24.179s][info][gc,stats      ]   Resize TLABs                        5 us
[24.179s][info][gc,stats      ] Concurrent Marking               119853 us
[24.179s][info][gc,stats      ] Concurrent Precleaning              263 us
[24.179s][info][gc,stats      ] Pause Final Mark (G)              25970 us
[24.179s][info][gc,stats      ] Pause Final Mark (N)              25833 us
[24.179s][info][gc,stats      ]   Finish Queues                      50 us
[24.179s][info][gc,stats      ]   Weak References                    48 us
[24.179s][info][gc,stats      ]     Process                          46 us
[24.179s][info][gc,stats      ]   System Purge                     2158 us
[24.179s][info][gc,stats      ]     Unload Classes                 1173 us
[24.179s][info][gc,stats      ]     Cleanup                       22052 us, parallelism: 1.00x
[24.179s][info][gc,stats      ]       CU: <total>                 21967 us
[24.179s][info][gc,stats      ]       CU: Code Cache Roots         7273 us, workers (us): 7273, 
[24.179s][info][gc,stats      ]       CU: Code Cache Cleaning      1303 us, workers (us): 1303, 
[24.179s][info][gc,stats      ]       CU: String Table Roots       7258 us, workers (us): 7258, 
[24.179s][info][gc,stats      ]       CU: Resolved Table Roots      133 us, workers (us): 133, 
[24.179s][info][gc,stats      ]       CU: CLDG Roots               6000 us, workers (us): 6000, 
[24.179s][info][gc,stats      ]     Weak Roots                     2157 us
[24.179s][info][gc,stats      ]     CLDG                            234 us
[24.179s][info][gc,stats      ]   Update Region States               54 us
[24.179s][info][gc,stats      ]   Retire TLABs                       23 us
[24.179s][info][gc,stats      ]   Choose Collection Set              22 us
[24.179s][info][gc,stats      ]   Rebuild Free Set                   11 us
[24.179s][info][gc,stats      ] Concurrent Cleanup                   89 us
[24.179s][info][gc,stats      ] Pacing                            10057 us
[24.179s][info][gc,stats      ] 
[24.179s][info][gc,stats      ] Allocation pacing accrued:
[24.179s][info][gc,stats      ]      10 of   642 ms (  1.6%): Executor task launch worker for task 0.0 in stage 5.0 (TID 5)
[24.179s][info][gc,stats      ]      10 of   642 ms (  1.6%): <total>
[24.179s][info][gc,stats      ]       0 of   642 ms (  0.0%): <average total>
[24.179s][info][gc,stats      ]      10 of   642 ms (  1.6%): <average non-zero>
[24.179s][info][gc,stats      ] 
[24.179s][info][gc,metaspace  ] Metaspace: 60140K->59762K(1103872K)
[24.179s][info][gc,ergo       ] Pacer for Idle. Initial: 30720K, Alloc Tax Rate: 1.0x
[24.179s][info][gc,start      ] Concurrent uncommit
[24.216s][info][gc            ] Concurrent uncommit 176M->176M(178M) 36.841ms
[25.299s][info][gc            ] Trigger: Learning 2 of 5. Free (1049M) is below initial threshold (1050M)
[25.299s][info][gc,ergo       ] Free: 1049M, Max: 512K regular, 668M humongous, Frag: 37% external, 0% internal; Reserve: 76800K, Max: 512K
[25.300s][info][gc,start      ] GC(19) Concurrent reset
[25.300s][info][gc,task       ] GC(19) Using 1 of 1 workers for concurrent reset
[25.300s][info][gc,ergo       ] GC(19) Pacer for Reset. Non-Taxable: 1500M
[25.300s][info][gc            ] GC(19) Concurrent reset 0.326ms
[25.302s][info][gc,start      ] GC(19) Pause Init Mark
[25.302s][info][gc,task       ] GC(19) Using 1 of 1 workers for init marking
[25.304s][info][gc,ergo       ] GC(19) Pacer for Mark. Expected Live: 166M, Free: 1049M, Non-Taxable: 104M, Alloc Tax Rate: 0.2x
[25.304s][info][gc            ] GC(19) Pause Init Mark 1.438ms
[25.304s][info][gc,start      ] GC(19) Concurrent marking
[25.304s][info][gc,task       ] GC(19) Using 1 of 1 workers for concurrent marking
[25.583s][info][gc            ] GC(19) Concurrent marking 279.408ms
[25.583s][info][gc,start      ] GC(19) Pause Final Mark
[25.583s][info][gc,task       ] GC(19) Using 1 of 1 workers for final marking
[25.584s][info][gc,ergo       ] GC(19) Adaptive CSet Selection. Target Free: 212M, Actual Free: 1205M, Max CSet: 64000K, Min Garbage: 0B
[25.584s][info][gc,ergo       ] GC(19) Collectable Garbage: 202M (98%), Immediate: 175M (85%), CSet: 28621K (13%)
[25.586s][info][gc,ergo       ] GC(19) Pacer for Evacuation. Used CSet: 30203K, Free: 1131M, Non-Taxable: 113M, Alloc Tax Rate: 1.1x
[25.586s][info][gc            ] GC(19) Pause Final Mark 2.807ms
[25.586s][info][gc,start      ] GC(19) Concurrent cleanup
[25.586s][info][gc            ] GC(19) Concurrent cleanup 466M->291M(470M) 0.079ms
[25.586s][info][gc,ergo       ] GC(19) Free: 1131M, Max: 512K regular, 668M humongous, Frag: 41% external, 0% internal; Reserve: 76544K, Max: 512K
[25.586s][info][gc,start      ] GC(19) Concurrent evacuation
[25.586s][info][gc,task       ] GC(19) Using 1 of 1 workers for concurrent evacuation
[25.588s][info][gc            ] GC(19) Concurrent evacuation 1.539ms
[25.588s][info][gc,start      ] GC(19) Pause Init Update Refs
[25.588s][info][gc,ergo       ] GC(19) Pacer for Update Refs. Used: 293M, Free: 1131M, Non-Taxable: 113M, Alloc Tax Rate: 1.1x
[25.588s][info][gc            ] GC(19) Pause Init Update Refs 0.020ms
[25.588s][info][gc,start      ] GC(19) Concurrent update references
[25.588s][info][gc,task       ] GC(19) Using 1 of 1 workers for concurrent reference update
[25.913s][info][gc            ] GC(19) Concurrent update references 324.891ms
[25.916s][info][gc,start      ] GC(19) Pause Final Update Refs
[25.916s][info][gc,task       ] GC(19) Using 1 of 1 workers for final reference update
[25.916s][info][gc            ] GC(19) Pause Final Update Refs 0.537ms
[25.921s][info][gc,start      ] GC(19) Concurrent cleanup
[25.922s][info][gc            ] GC(19) Concurrent cleanup 445M->421M(472M) 0.098ms
[25.922s][info][gc,ergo       ] Free: 1002M, Max: 512K regular, 667M humongous, Frag: 34% external, 0% internal; Reserve: 76800K, Max: 512K
[25.922s][info][gc,stats      ] 
[25.922s][info][gc,stats      ] All times are wall-clock times, except per-root-class counters, that are sum over
[25.922s][info][gc,stats      ] all workers. Dividing the <total> over the root stage time estimates parallelism.
[25.922s][info][gc,stats      ] 
[25.922s][info][gc,stats      ] Concurrent Reset                    311 us
[25.922s][info][gc,stats      ] Pause Init Mark (G)                3836 us
[25.922s][info][gc,stats      ] Pause Init Mark (N)                1403 us
[25.922s][info][gc,stats      ]   Accumulate Stats                   15 us
[25.922s][info][gc,stats      ]   Make Parsable                      16 us
[25.922s][info][gc,stats      ]   Update Region States               46 us
[25.922s][info][gc,stats      ]   Scan Roots                       1274 us, parallelism: 0.78x
[25.922s][info][gc,stats      ]     S: <total>                      994 us
[25.922s][info][gc,stats      ]     S: Thread Roots                 383 us, workers (us): 383, 
[25.922s][info][gc,stats      ]     S: Universe Roots                 2 us, workers (us):   2, 
[25.922s][info][gc,stats      ]     S: JNI Handles Roots              2 us, workers (us):   2, 
[25.922s][info][gc,stats      ]     S: Synchronizer Roots             0 us, workers (us):   0, 
[25.922s][info][gc,stats      ]     S: Management Roots               2 us, workers (us):   2, 
[25.922s][info][gc,stats      ]     S: System Dict Roots             13 us, workers (us):  13, 
[25.922s][info][gc,stats      ]     S: CLDG Roots                   591 us, workers (us): 591, 
[25.922s][info][gc,stats      ]     S: JVMTI Roots                    0 us, workers (us):   0, 
[25.922s][info][gc,stats      ]   Resize TLABs                        9 us
[25.922s][info][gc,stats      ] Concurrent Marking               279399 us
[25.922s][info][gc,stats      ] Pause Final Mark (G)               2919 us
[25.922s][info][gc,stats      ] Pause Final Mark (N)               2789 us
[25.922s][info][gc,stats      ]   Finish Queues                      14 us
[25.922s][info][gc,stats      ]   System Purge                      271 us
[25.922s][info][gc,stats      ]     Weak Roots                      271 us
[25.922s][info][gc,stats      ]   Update Region States               75 us
[25.922s][info][gc,stats      ]   Retire TLABs                       17 us
[25.922s][info][gc,stats      ]   Choose Collection Set              80 us
[25.922s][info][gc,stats      ]   Rebuild Free Set                   13 us
[25.922s][info][gc,stats      ]   Initial Evacuation               2311 us, parallelism: 0.56x
[25.922s][info][gc,stats      ]     E: <total>                     1295 us
[25.922s][info][gc,stats      ]     E: Thread Roots                 362 us, workers (us): 362, 
[25.922s][info][gc,stats      ]     E: Code Cache Roots             283 us, workers (us): 283, 
[25.922s][info][gc,stats      ]     E: Universe Roots                 1 us, workers (us):   1, 
[25.922s][info][gc,stats      ]     E: JNI Handles Roots              2 us, workers (us):   2, 
[25.922s][info][gc,stats      ]     E: Synchronizer Roots             0 us, workers (us):   0, 
[25.922s][info][gc,stats      ]     E: Management Roots               1 us, workers (us):   1, 
[25.922s][info][gc,stats      ]     E: System Dict Roots             35 us, workers (us):  35, 
[25.922s][info][gc,stats      ]     E: CLDG Roots                   610 us, workers (us): 610, 
[25.922s][info][gc,stats      ]     E: JVMTI Roots                    1 us, workers (us):   1, 
[25.922s][info][gc,stats      ] Concurrent Cleanup                   69 us
[25.922s][info][gc,stats      ] Concurrent Evacuation              1528 us
[25.922s][info][gc,stats      ] Pause Init  Update Refs (G)         200 us
[25.922s][info][gc,stats      ] Pause Init  Update Refs (N)          11 us
[25.922s][info][gc,stats      ]   Retire GCLABs                       5 us
[25.922s][info][gc,stats      ] Concurrent Update Refs           324871 us
[25.922s][info][gc,stats      ] Pause Final Update Refs (G)        8251 us
[25.922s][info][gc,stats      ] Pause Final Update Refs (N)         440 us
[25.922s][info][gc,stats      ]   Update Roots                      358 us, parallelism: 0.94x
[25.922s][info][gc,stats      ]     UR: <total>                     338 us
[25.922s][info][gc,stats      ]     UR: Thread Roots                338 us, workers (us): 338, 
[25.922s][info][gc,stats      ]   Update Region States               49 us
[25.922s][info][gc,stats      ]   Trash Collection Set                2 us
[25.922s][info][gc,stats      ]   Rebuild Free Set                   10 us
[25.922s][info][gc,stats      ] Concurrent Cleanup                   54 us
[25.922s][info][gc,stats      ] 
[25.922s][info][gc,stats      ] Allocation pacing accrued:
[25.922s][info][gc,stats      ]       0 of  1743 ms (  0.0%): <total>
[25.922s][info][gc,stats      ]       0 of  1743 ms (  0.0%): <average total>
[25.922s][info][gc,stats      ] 
[25.922s][info][gc,metaspace  ] Metaspace: 60226K->60226K(1103872K)
[25.922s][info][gc,ergo       ] Pacer for Idle. Initial: 30720K, Alloc Tax Rate: 1.0x
[25.923s][info][gc            ] Trigger: Learning 3 of 5. Free (1000M) is below initial threshold (1050M)
[25.923s][info][gc,ergo       ] Free: 1000M, Max: 512K regular, 667M humongous, Frag: 34% external, 0% internal; Reserve: 76800K, Max: 512K
[25.923s][info][gc,start      ] GC(20) Concurrent reset
[25.923s][info][gc,task       ] GC(20) Using 1 of 1 workers for concurrent reset
[25.923s][info][gc,ergo       ] GC(20) Pacer for Reset. Non-Taxable: 1500M
[25.924s][info][gc            ] GC(20) Concurrent reset 0.366ms
[25.926s][info][gc,start      ] GC(20) Pause Init Mark (process weakrefs)
[25.926s][info][gc,task       ] GC(20) Using 1 of 1 workers for init marking
[25.927s][info][gc,ergo       ] GC(20) Pacer for Mark. Expected Live: 166M, Free: 1000M, Non-Taxable: 100M, Alloc Tax Rate: 0.2x
[25.927s][info][gc            ] GC(20) Pause Init Mark (process weakrefs) 1.355ms
[25.927s][info][gc,start      ] GC(20) Concurrent marking (process weakrefs)
[25.927s][info][gc,task       ] GC(20) Using 1 of 1 workers for concurrent marking
[26.127s][info][gc            ] GC(20) Concurrent marking (process weakrefs) 199.392ms
[26.127s][info][gc,start      ] GC(20) Concurrent precleaning
[26.127s][info][gc,task       ] GC(20) Using 1 of 1 workers for concurrent preclean
[26.127s][info][gc,ergo       ] GC(20) Pacer for Precleaning. Non-Taxable: 1500M
[26.128s][info][gc            ] GC(20) Concurrent precleaning 0.536ms
[26.128s][info][gc,start      ] GC(20) Pause Final Mark (process weakrefs)
[26.128s][info][gc,task       ] GC(20) Using 1 of 1 workers for final marking
[26.128s][info][gc,ergo       ] GC(20) Collectable Garbage: 251M (98%), Immediate: 251M (98%), CSet: 0B (0%)
[26.128s][info][gc            ] GC(20) Pause Final Mark (process weakrefs) 0.397ms
[26.128s][info][gc,start      ] GC(20) Concurrent cleanup
[26.128s][info][gc            ] GC(20) Concurrent cleanup 519M->268M(526M) 0.074ms
[26.128s][info][gc,ergo       ] GC(20) Free: 1154M, Max: 512K regular, 667M humongous, Frag: 43% external, 0% internal; Reserve: 76800K, Max: 512K
[26.128s][info][gc,ergo       ] Free: 1154M, Max: 512K regular, 667M humongous, Frag: 43% external, 0% internal; Reserve: 76800K, Max: 512K
[26.128s][info][gc,stats      ] 
[26.128s][info][gc,stats      ] All times are wall-clock times, except per-root-class counters, that are sum over
[26.128s][info][gc,stats      ] all workers. Dividing the <total> over the root stage time estimates parallelism.
[26.128s][info][gc,stats      ] 
[26.128s][info][gc,stats      ] Concurrent Reset                    357 us
[26.128s][info][gc,stats      ] Pause Init Mark (G)                3736 us
[26.128s][info][gc,stats      ] Pause Init Mark (N)                1318 us
[26.128s][info][gc,stats      ]   Accumulate Stats                   12 us
[26.128s][info][gc,stats      ]   Make Parsable                       9 us
[26.128s][info][gc,stats      ]   Update Region States               40 us
[26.128s][info][gc,stats      ]   Scan Roots                       1215 us, parallelism: 0.75x
[26.128s][info][gc,stats      ]     S: <total>                      917 us
[26.128s][info][gc,stats      ]     S: Thread Roots                 349 us, workers (us): 349, 
[26.128s][info][gc,stats      ]     S: Universe Roots                 3 us, workers (us):   3, 
[26.128s][info][gc,stats      ]     S: JNI Handles Roots              1 us, workers (us):   1, 
[26.128s][info][gc,stats      ]     S: Synchronizer Roots             0 us, workers (us):   0, 
[26.128s][info][gc,stats      ]     S: Management Roots               1 us, workers (us):   1, 
[26.128s][info][gc,stats      ]     S: System Dict Roots             20 us, workers (us):  20, 
[26.128s][info][gc,stats      ]     S: CLDG Roots                   542 us, workers (us): 542, 
[26.128s][info][gc,stats      ]     S: JVMTI Roots                    1 us, workers (us):   1, 
[26.128s][info][gc,stats      ]   Resize TLABs                        8 us
[26.128s][info][gc,stats      ] Concurrent Marking               199384 us
[26.128s][info][gc,stats      ] Concurrent Precleaning              522 us
[26.128s][info][gc,stats      ] Pause Final Mark (G)                499 us
[26.128s][info][gc,stats      ] Pause Final Mark (N)                388 us
[26.128s][info][gc,stats      ]   Finish Queues                      11 us
[26.128s][info][gc,stats      ]   Weak References                    20 us
[26.128s][info][gc,stats      ]     Process                          18 us
[26.128s][info][gc,stats      ]   System Purge                      265 us
[26.128s][info][gc,stats      ]     Weak Roots                      265 us
[26.128s][info][gc,stats      ]   Update Region States               51 us
[26.128s][info][gc,stats      ]   Retire TLABs                       10 us
[26.128s][info][gc,stats      ]   Choose Collection Set              16 us
[26.128s][info][gc,stats      ]   Rebuild Free Set                   11 us
[26.128s][info][gc,stats      ] Concurrent Cleanup                   68 us
[26.128s][info][gc,stats      ] 
[26.128s][info][gc,stats      ] Allocation pacing accrued:
[26.128s][info][gc,stats      ]       0 of   207 ms (  0.0%): <total>
[26.128s][info][gc,stats      ]       0 of   207 ms (  0.0%): <average total>
[26.128s][info][gc,stats      ] 
[26.128s][info][gc,metaspace  ] Metaspace: 60226K->60226K(1103872K)
[26.128s][info][gc,ergo       ] Pacer for Idle. Initial: 30720K, Alloc Tax Rate: 1.0x
[26.229s][info][gc            ] Trigger: Learning 4 of 5. Free (1049M) is below initial threshold (1050M)
[26.229s][info][gc,ergo       ] Free: 1049M, Max: 512K regular, 667M humongous, Frag: 37% external, 0% internal; Reserve: 76800K, Max: 512K
[26.229s][info][gc,start      ] GC(21) Concurrent reset
[26.229s][info][gc,task       ] GC(21) Using 1 of 1 workers for concurrent reset
[26.229s][info][gc,ergo       ] GC(21) Pacer for Reset. Non-Taxable: 1500M
[26.230s][info][gc            ] GC(21) Concurrent reset 0.272ms
[26.232s][info][gc,start      ] GC(21) Pause Init Mark
[26.232s][info][gc,task       ] GC(21) Using 1 of 1 workers for init marking
[26.233s][info][gc,ergo       ] GC(21) Pacer for Mark. Expected Live: 166M, Free: 1049M, Non-Taxable: 104M, Alloc Tax Rate: 0.2x
[26.233s][info][gc            ] GC(21) Pause Init Mark 1.378ms
[26.233s][info][gc,start      ] GC(21) Concurrent marking
[26.233s][info][gc,task       ] GC(21) Using 1 of 1 workers for concurrent marking
[26.443s][info][gc            ] GC(21) Concurrent marking 209.209ms
[26.445s][info][gc,start      ] GC(21) Pause Final Mark
[26.445s][info][gc,task       ] GC(21) Using 1 of 1 workers for final marking
[26.446s][info][gc,ergo       ] GC(21) Collectable Garbage: 199M (96%), Immediate: 199M (96%), CSet: 0B (0%)
[26.446s][info][gc            ] GC(21) Pause Final Mark 0.413ms
[26.446s][info][gc,start      ] GC(21) Concurrent cleanup
[26.446s][info][gc            ] GC(21) Concurrent cleanup 492M->293M(526M) 0.071ms
[26.446s][info][gc,ergo       ] GC(21) Free: 1129M, Max: 512K regular, 667M humongous, Frag: 41% external, 0% internal; Reserve: 76800K, Max: 512K
[26.446s][info][gc,ergo       ] Free: 1129M, Max: 512K regular, 667M humongous, Frag: 41% external, 0% internal; Reserve: 76800K, Max: 512K
[26.446s][info][gc,stats      ] 
[26.446s][info][gc,stats      ] All times are wall-clock times, except per-root-class counters, that are sum over
[26.446s][info][gc,stats      ] all workers. Dividing the <total> over the root stage time estimates parallelism.
[26.446s][info][gc,stats      ] 
[26.446s][info][gc,stats      ] Concurrent Reset                    262 us
[26.446s][info][gc,stats      ] Pause Init Mark (G)                3838 us
[26.446s][info][gc,stats      ] Pause Init Mark (N)                1355 us
[26.446s][info][gc,stats      ]   Accumulate Stats                   12 us
[26.446s][info][gc,stats      ]   Make Parsable                      13 us
[26.446s][info][gc,stats      ]   Update Region States               44 us
[26.446s][info][gc,stats      ]   Scan Roots                       1246 us, parallelism: 0.77x
[26.446s][info][gc,stats      ]     S: <total>                      956 us
[26.446s][info][gc,stats      ]     S: Thread Roots                 416 us, workers (us): 416, 
[26.446s][info][gc,stats      ]     S: Universe Roots                 3 us, workers (us):   3, 
[26.446s][info][gc,stats      ]     S: JNI Handles Roots              1 us, workers (us):   1, 
[26.446s][info][gc,stats      ]     S: Synchronizer Roots             0 us, workers (us):   0, 
[26.446s][info][gc,stats      ]     S: Management Roots               1 us, workers (us):   1, 
[26.446s][info][gc,stats      ]     S: System Dict Roots             12 us, workers (us):  12, 
[26.446s][info][gc,stats      ]     S: CLDG Roots                   522 us, workers (us): 522, 
[26.446s][info][gc,stats      ]     S: JVMTI Roots                    1 us, workers (us):   1, 
[26.446s][info][gc,stats      ]   Resize TLABs                        9 us
[26.446s][info][gc,stats      ] Concurrent Marking               209200 us
[26.446s][info][gc,stats      ] Pause Final Mark (G)               2781 us
[26.446s][info][gc,stats      ] Pause Final Mark (N)                379 us
[26.446s][info][gc,stats      ]   Finish Queues                      23 us
[26.446s][info][gc,stats      ]   System Purge                      254 us
[26.446s][info][gc,stats      ]     Weak Roots                      253 us
[26.446s][info][gc,stats      ]   Update Region States               53 us
[26.446s][info][gc,stats      ]   Retire TLABs                       13 us
[26.446s][info][gc,stats      ]   Choose Collection Set              16 us
[26.446s][info][gc,stats      ]   Rebuild Free Set                   11 us
[26.446s][info][gc,stats      ] Concurrent Cleanup                   64 us
[26.446s][info][gc,stats      ] 
[26.446s][info][gc,stats      ] Allocation pacing accrued:
[26.446s][info][gc,stats      ]       0 of   318 ms (  0.0%): <total>
[26.446s][info][gc,stats      ]       0 of   318 ms (  0.0%): <average total>
[26.446s][info][gc,stats      ] 
[26.446s][info][gc,metaspace  ] Metaspace: 60238K->60238K(1103872K)
[26.446s][info][gc,ergo       ] Pacer for Idle. Initial: 30720K, Alloc Tax Rate: 1.0x
[26.514s][info][gc            ] Trigger: Learning 5 of 5. Free (1047M) is below initial threshold (1050M)
[26.515s][info][gc,ergo       ] Free: 1047M, Max: 512K regular, 667M humongous, Frag: 37% external, 0% internal; Reserve: 76800K, Max: 512K
[26.515s][info][gc,start      ] GC(22) Concurrent reset
[26.515s][info][gc,task       ] GC(22) Using 1 of 1 workers for concurrent reset
[26.515s][info][gc,ergo       ] GC(22) Pacer for Reset. Non-Taxable: 1500M
[26.515s][info][gc            ] GC(22) Concurrent reset 0.276ms
[26.517s][info][gc,start      ] GC(22) Pause Init Mark
[26.517s][info][gc,task       ] GC(22) Using 1 of 1 workers for init marking
[26.520s][info][gc,ergo       ] GC(22) Pacer for Mark. Expected Live: 166M, Free: 1047M, Non-Taxable: 104M, Alloc Tax Rate: 0.2x
[26.520s][info][gc            ] GC(22) Pause Init Mark 3.021ms
[26.520s][info][gc,start      ] GC(22) Concurrent marking
[26.520s][info][gc,task       ] GC(22) Using 1 of 1 workers for concurrent marking
[26.780s][info][gc            ] GC(22) Concurrent marking 259.567ms
[26.780s][info][gc,start      ] GC(22) Pause Final Mark
[26.780s][info][gc,task       ] GC(22) Using 1 of 1 workers for final marking
[26.780s][info][gc,ergo       ] GC(22) Collectable Garbage: 200M (96%), Immediate: 200M (96%), CSet: 0B (0%)
[26.780s][info][gc            ] GC(22) Pause Final Mark 0.430ms
[26.780s][info][gc,start      ] GC(22) Concurrent cleanup
[26.781s][info][gc            ] GC(22) Concurrent cleanup 497M->296M(526M) 0.071ms
[26.781s][info][gc,ergo       ] GC(22) Free: 1126M, Max: 512K regular, 667M humongous, Frag: 41% external, 0% internal; Reserve: 76800K, Max: 512K
[26.781s][info][gc,ergo       ] Free: 1126M, Max: 512K regular, 667M humongous, Frag: 41% external, 0% internal; Reserve: 76800K, Max: 512K
[26.781s][info][gc,stats      ] 
[26.781s][info][gc,stats      ] All times are wall-clock times, except per-root-class counters, that are sum over
[26.781s][info][gc,stats      ] all workers. Dividing the <total> over the root stage time estimates parallelism.
[26.781s][info][gc,stats      ] 
[26.781s][info][gc,stats      ] Concurrent Reset                    267 us
[26.781s][info][gc,stats      ] Pause Init Mark (G)                5427 us
[26.781s][info][gc,stats      ] Pause Init Mark (N)                2963 us
[26.781s][info][gc,stats      ]   Accumulate Stats                   18 us
[26.781s][info][gc,stats      ]   Make Parsable                      16 us
[26.781s][info][gc,stats      ]   Update Region States              198 us
[26.781s][info][gc,stats      ]   Scan Roots                       2613 us, parallelism: 0.82x
[26.781s][info][gc,stats      ]     S: <total>                     2143 us
[26.781s][info][gc,stats      ]     S: Thread Roots                 918 us, workers (us): 918, 
[26.781s][info][gc,stats      ]     S: Universe Roots                 5 us, workers (us):   5, 
[26.781s][info][gc,stats      ]     S: JNI Handles Roots              3 us, workers (us):   3, 
[26.781s][info][gc,stats      ]     S: Synchronizer Roots             1 us, workers (us):   1, 
[26.781s][info][gc,stats      ]     S: Management Roots               3 us, workers (us):   3, 
[26.781s][info][gc,stats      ]     S: System Dict Roots             23 us, workers (us):  23, 
[26.781s][info][gc,stats      ]     S: CLDG Roots                  1191 us, workers (us): 1191, 
[26.781s][info][gc,stats      ]     S: JVMTI Roots                    1 us, workers (us):   1, 
[26.781s][info][gc,stats      ]   Resize TLABs                       21 us
[26.781s][info][gc,stats      ] Concurrent Marking               259421 us
[26.781s][info][gc,stats      ] Pause Final Mark (G)                523 us
[26.781s][info][gc,stats      ] Pause Final Mark (N)                412 us
[26.781s][info][gc,stats      ]   Finish Queues                      15 us
[26.781s][info][gc,stats      ]   System Purge                      284 us
[26.781s][info][gc,stats      ]     Weak Roots                      284 us
[26.781s][info][gc,stats      ]   Update Region States               52 us
[26.781s][info][gc,stats      ]   Retire TLABs                       14 us
[26.781s][info][gc,stats      ]   Choose Collection Set              27 us
[26.781s][info][gc,stats      ]   Rebuild Free Set                   12 us
[26.781s][info][gc,stats      ] Concurrent Cleanup                   64 us
[26.781s][info][gc,stats      ] 
[26.781s][info][gc,stats      ] Allocation pacing accrued:
[26.781s][info][gc,stats      ]       0 of   335 ms (  0.0%): <total>
[26.781s][info][gc,stats      ]       0 of   335 ms (  0.0%): <average total>
[26.781s][info][gc,stats      ] 
[26.781s][info][gc,metaspace  ] Metaspace: 60238K->60238K(1103872K)
[26.781s][info][gc,ergo       ] Pacer for Idle. Initial: 30720K, Alloc Tax Rate: 1.0x
[27.651s][info][gc            ] Trigger: Average GC time (291.43 ms) is above the time for allocation rate (822 MB/s) to deplete free headroom (238M)
[27.651s][info][gc,ergo       ] Free headroom: 313M (free) - 76800K (spike) - 0B (penalties) = 238M
[27.651s][info][gc,ergo       ] Free: 313M, Max: 512K regular, 313M humongous, Frag: 0% external, 0% internal; Reserve: 76800K, Max: 512K
[27.651s][info][gc,start      ] GC(23) Concurrent reset
[27.651s][info][gc,task       ] GC(23) Using 1 of 1 workers for concurrent reset
[27.651s][info][gc,ergo       ] GC(23) Pacer for Reset. Non-Taxable: 1500M
[27.651s][info][gc            ] GC(23) Concurrent reset 0.341ms
[27.654s][info][gc,start      ] GC(23) Pause Init Mark
[27.654s][info][gc,task       ] GC(23) Using 1 of 1 workers for init marking
[27.655s][info][gc,ergo       ] GC(23) Pacer for Mark. Expected Live: 166M, Free: 313M, Non-Taxable: 32152K, Alloc Tax Rate: 0.6x
[27.655s][info][gc            ] GC(23) Pause Init Mark 1.488ms
[27.655s][info][gc,start      ] GC(23) Concurrent marking
[27.655s][info][gc,task       ] GC(23) Using 1 of 1 workers for concurrent marking
[27.816s][info][gc            ] GC(23) Concurrent marking 160.312ms
[27.816s][info][gc,start      ] GC(23) Pause Final Mark
[27.816s][info][gc,task       ] GC(23) Using 1 of 1 workers for final marking
[27.816s][info][gc,ergo       ] GC(23) Collectable Garbage: 933M (99%), Immediate: 933M (99%), CSet: 0B (0%)
[27.816s][info][gc            ] GC(23) Pause Final Mark 0.428ms
[27.816s][info][gc,start      ] GC(23) Concurrent cleanup
[27.816s][info][gc            ] GC(23) Concurrent cleanup 1157M->224M(1161M) 0.127ms
[27.816s][info][gc,ergo       ] GC(23) Free: 1199M, Max: 512K regular, 543M humongous, Frag: 55% external, 0% internal; Reserve: 76800K, Max: 512K
[27.816s][info][gc,ergo       ] Free: 1199M, Max: 512K regular, 543M humongous, Frag: 55% external, 0% internal; Reserve: 76800K, Max: 512K
[27.816s][info][gc,stats      ] 
[27.816s][info][gc,stats      ] All times are wall-clock times, except per-root-class counters, that are sum over
[27.816s][info][gc,stats      ] all workers. Dividing the <total> over the root stage time estimates parallelism.
[27.816s][info][gc,stats      ] 
[27.816s][info][gc,stats      ] Concurrent Reset                    331 us
[27.816s][info][gc,stats      ] Pause Init Mark (G)                3916 us
[27.816s][info][gc,stats      ] Pause Init Mark (N)                1459 us
[27.816s][info][gc,stats      ]   Accumulate Stats                   13 us
[27.816s][info][gc,stats      ]   Make Parsable                      12 us
[27.816s][info][gc,stats      ]   Update Region States               41 us
[27.816s][info][gc,stats      ]   Scan Roots                       1337 us, parallelism: 0.78x
[27.816s][info][gc,stats      ]     S: <total>                     1045 us
[27.817s][info][gc,stats      ]     S: Thread Roots                 415 us, workers (us): 415, 
[27.817s][info][gc,stats      ]     S: Universe Roots                 3 us, workers (us):   3, 
[27.817s][info][gc,stats      ]     S: JNI Handles Roots              2 us, workers (us):   2, 
[27.817s][info][gc,stats      ]     S: Synchronizer Roots             0 us, workers (us):   0, 
[27.817s][info][gc,stats      ]     S: Management Roots               2 us, workers (us):   2, 
[27.817s][info][gc,stats      ]     S: System Dict Roots             11 us, workers (us):  11, 
[27.817s][info][gc,stats      ]     S: CLDG Roots                   612 us, workers (us): 612, 
[27.817s][info][gc,stats      ]     S: JVMTI Roots                    1 us, workers (us):   1, 
[27.817s][info][gc,stats      ]   Resize TLABs                       10 us
[27.817s][info][gc,stats      ] Concurrent Marking               160304 us
[27.817s][info][gc,stats      ] Pause Final Mark (G)                520 us
[27.817s][info][gc,stats      ] Pause Final Mark (N)                418 us
[27.817s][info][gc,stats      ]   Finish Queues                      12 us
[27.817s][info][gc,stats      ]   System Purge                      300 us
[27.817s][info][gc,stats      ]     Weak Roots                      300 us
[27.817s][info][gc,stats      ]   Update Region States               47 us
[27.817s][info][gc,stats      ]   Retire TLABs                       14 us
[27.817s][info][gc,stats      ]   Choose Collection Set              28 us
[27.817s][info][gc,stats      ]   Rebuild Free Set                   10 us
[27.817s][info][gc,stats      ] Concurrent Cleanup                  120 us
[27.817s][info][gc,stats      ] Pacing                            48160 us
[27.817s][info][gc,stats      ] 
[27.817s][info][gc,stats      ] Allocation pacing accrued:
[27.817s][info][gc,stats      ]      48 of  1036 ms (  4.6%): Executor task launch worker for task 0.0 in stage 7.0 (TID 7)
[27.817s][info][gc,stats      ]      48 of  1036 ms (  4.6%): <total>
[27.817s][info][gc,stats      ]       0 of  1036 ms (  0.0%): <average total>
[27.817s][info][gc,stats      ]      48 of  1036 ms (  4.6%): <average non-zero>
[27.817s][info][gc,stats      ] 
[27.817s][info][gc,metaspace  ] Metaspace: 60242K->60242K(1103872K)
[27.817s][info][gc,ergo       ] Pacer for Idle. Initial: 30720K, Alloc Tax Rate: 1.0x
[28.263s][info][gc            ] Trigger: Explicit GC request (System.gc())
[28.263s][info][gc,ergo       ] Free: 757M, Max: 512K regular, 265M humongous, Frag: 65% external, 0% internal; Reserve: 76800K, Max: 512K
[28.263s][info][gc,start      ] GC(24) Concurrent reset
[28.263s][info][gc,task       ] GC(24) Using 1 of 1 workers for concurrent reset
[28.263s][info][gc,ergo       ] GC(24) Pacer for Reset. Non-Taxable: 1500M
[28.263s][info][gc            ] GC(24) Concurrent reset 0.273ms
[28.263s][info][gc,start      ] GC(24) Pause Init Mark (process weakrefs) (unload classes)
[28.263s][info][gc,task       ] GC(24) Using 1 of 1 workers for init marking
[28.264s][info][gc,ergo       ] GC(24) Pacer for Mark. Expected Live: 167M, Free: 757M, Non-Taxable: 77570K, Alloc Tax Rate: 0.3x
[28.264s][info][gc            ] GC(24) Pause Init Mark (process weakrefs) (unload classes) 0.884ms
[28.264s][info][gc,start      ] GC(24) Concurrent marking (process weakrefs) (unload classes)
[28.264s][info][gc,task       ] GC(24) Using 1 of 1 workers for concurrent marking
[28.376s][info][gc            ] GC(24) Concurrent marking (process weakrefs) (unload classes) 111.295ms
[28.376s][info][gc,start      ] GC(24) Concurrent precleaning
[28.376s][info][gc,task       ] GC(24) Using 1 of 1 workers for concurrent preclean
[28.376s][info][gc,ergo       ] GC(24) Pacer for Precleaning. Non-Taxable: 1500M
[28.376s][info][gc            ] GC(24) Concurrent precleaning 0.314ms
[28.376s][info][gc,start      ] GC(24) Pause Final Mark (process weakrefs) (unload classes)
[28.376s][info][gc,task       ] GC(24) Using 1 of 1 workers for final marking
[28.401s][info][gc,stringtable] GC(24) Cleaned string and symbol table, strings: 18453 processed, 0 removed, symbols: 131959 processed, 200 removed
[28.401s][info][gc,ergo       ] GC(24) Collectable Garbage: 488M (97%), Immediate: 488M (97%), CSet: 0B (0%)
[28.401s][info][gc            ] GC(24) Pause Final Mark (process weakrefs) (unload classes) 25.291ms
[28.401s][info][gc,start      ] GC(24) Concurrent cleanup
[28.402s][info][gc            ] GC(24) Concurrent cleanup 665M->177M(1161M) 0.095ms
[28.402s][info][gc,ergo       ] GC(24) Free: 1246M, Max: 512K regular, 477M humongous, Frag: 62% external, 0% internal; Reserve: 76800K, Max: 512K
[28.402s][info][gc,ergo       ] Free: 1246M, Max: 512K regular, 477M humongous, Frag: 62% external, 0% internal; Reserve: 76800K, Max: 512K
[28.402s][info][gc,stats      ] 
[28.402s][info][gc,stats      ] All times are wall-clock times, except per-root-class counters, that are sum over
[28.402s][info][gc,stats      ] all workers. Dividing the <total> over the root stage time estimates parallelism.
[28.402s][info][gc,stats      ] 
[28.402s][info][gc,stats      ] Concurrent Reset                    265 us
[28.402s][info][gc,stats      ] Pause Init Mark (G)                1088 us
[28.402s][info][gc,stats      ] Pause Init Mark (N)                 871 us
[28.402s][info][gc,stats      ]   Accumulate Stats                   11 us
[28.402s][info][gc,stats      ]   Make Parsable                      12 us
[28.402s][info][gc,stats      ]   Update Region States               30 us
[28.402s][info][gc,stats      ]   Scan Roots                        776 us, parallelism: 0.55x
[28.402s][info][gc,stats      ]     S: <total>                      424 us
[28.402s][info][gc,stats      ]     S: Thread Roots                 308 us, workers (us): 308, 
[28.402s][info][gc,stats      ]     S: Universe Roots                 3 us, workers (us):   3, 
[28.402s][info][gc,stats      ]     S: JNI Handles Roots              2 us, workers (us):   2, 
[28.402s][info][gc,stats      ]     S: Synchronizer Roots             0 us, workers (us):   0, 
[28.402s][info][gc,stats      ]     S: Management Roots               2 us, workers (us):   2, 
[28.402s][info][gc,stats      ]     S: System Dict Roots             12 us, workers (us):  12, 
[28.402s][info][gc,stats      ]     S: CLDG Roots                    96 us, workers (us):  96, 
[28.402s][info][gc,stats      ]     S: JVMTI Roots                    1 us, workers (us):   1, 
[28.402s][info][gc,stats      ]   Resize TLABs                        5 us
[28.402s][info][gc,stats      ] Concurrent Marking               111287 us
[28.402s][info][gc,stats      ] Concurrent Precleaning              306 us
[28.402s][info][gc,stats      ] Pause Final Mark (G)              25413 us
[28.402s][info][gc,stats      ] Pause Final Mark (N)              25282 us
[28.402s][info][gc,stats      ]   Finish Queues                      63 us
[28.402s][info][gc,stats      ]   Weak References                    50 us
[28.402s][info][gc,stats      ]     Process                          48 us
[28.402s][info][gc,stats      ]   System Purge                      256 us
[28.402s][info][gc,stats      ]     Unload Classes                 1134 us
[28.402s][info][gc,stats      ]     Cleanup                       23410 us, parallelism: 1.00x
[28.402s][info][gc,stats      ]       CU: <total>                 23333 us
[28.402s][info][gc,stats      ]       CU: Code Cache Roots         7406 us, workers (us): 7406, 
[28.402s][info][gc,stats      ]       CU: Code Cache Cleaning      1471 us, workers (us): 1471, 
[28.402s][info][gc,stats      ]       CU: String Table Roots       6206 us, workers (us): 6206, 
[28.402s][info][gc,stats      ]       CU: Resolved Table Roots      141 us, workers (us): 141, 
[28.402s][info][gc,stats      ]       CU: CLDG Roots               8109 us, workers (us): 8109, 
[28.402s][info][gc,stats      ]     Weak Roots                      256 us
[28.402s][info][gc,stats      ]     CLDG                            230 us
[28.402s][info][gc,stats      ]   Update Region States               54 us
[28.402s][info][gc,stats      ]   Retire TLABs                       40 us
[28.402s][info][gc,stats      ]   Choose Collection Set              27 us
[28.402s][info][gc,stats      ]   Rebuild Free Set                   10 us
[28.402s][info][gc,stats      ] Concurrent Cleanup                   86 us
[28.402s][info][gc,stats      ] Pacing                            10309 us
[28.402s][info][gc,stats      ] 
[28.402s][info][gc,stats      ] Allocation pacing accrued:
[28.402s][info][gc,stats      ]      10 of   585 ms (  1.8%): Executor task launch worker for task 0.0 in stage 8.0 (TID 8)
[28.402s][info][gc,stats      ]      10 of   585 ms (  1.8%): <total>
[28.402s][info][gc,stats      ]       0 of   585 ms (  0.0%): <average total>
[28.402s][info][gc,stats      ]      10 of   585 ms (  1.8%): <average non-zero>
[28.402s][info][gc,stats      ] 
[28.402s][info][gc,metaspace  ] Metaspace: 60287K->59909K(1103872K)
[28.402s][info][gc,ergo       ] Pacer for Idle. Initial: 30720K, Alloc Tax Rate: 1.0x
[28.402s][info][gc,start      ] Concurrent uncommit
[28.440s][info][gc            ] Concurrent uncommit 177M->177M(179M) 38.031ms
[29.239s][info][gc            ] Trigger: Learning 2 of 5. Free (1048M) is below initial threshold (1050M)
[29.239s][info][gc,ergo       ] Free: 1048M, Max: 512K regular, 477M humongous, Frag: 55% external, 0% internal; Reserve: 76800K, Max: 512K
[29.239s][info][gc,start      ] GC(25) Concurrent reset
[29.239s][info][gc,task       ] GC(25) Using 1 of 1 workers for concurrent reset
[29.239s][info][gc,ergo       ] GC(25) Pacer for Reset. Non-Taxable: 1500M
[29.239s][info][gc            ] GC(25) Concurrent reset 0.320ms
[29.245s][info][gc,start      ] GC(25) Pause Init Mark (process weakrefs)
[29.245s][info][gc,task       ] GC(25) Using 1 of 1 workers for init marking
[29.246s][info][gc,ergo       ] GC(25) Pacer for Mark. Expected Live: 166M, Free: 1048M, Non-Taxable: 104M, Alloc Tax Rate: 0.2x
[29.246s][info][gc            ] GC(25) Pause Init Mark (process weakrefs) 1.518ms
[29.246s][info][gc,start      ] GC(25) Concurrent marking (process weakrefs)
[29.246s][info][gc,task       ] GC(25) Using 1 of 1 workers for concurrent marking
[29.562s][info][gc            ] GC(25) Concurrent marking (process weakrefs) 315.525ms
[29.562s][info][gc,start      ] GC(25) Concurrent precleaning
[29.562s][info][gc,task       ] GC(25) Using 1 of 1 workers for concurrent preclean
[29.562s][info][gc,ergo       ] GC(25) Pacer for Precleaning. Non-Taxable: 1500M
[29.563s][info][gc            ] GC(25) Concurrent precleaning 0.817ms
[29.563s][info][gc,start      ] GC(25) Pause Final Mark (process weakrefs)
[29.563s][info][gc,task       ] GC(25) Using 1 of 1 workers for final marking
[29.564s][info][gc,ergo       ] GC(25) Adaptive CSet Selection. Target Free: 212M, Actual Free: 1204M, Max CSet: 64000K, Min Garbage: 0B
[29.564s][info][gc,ergo       ] GC(25) Collectable Garbage: 203M (98%), Immediate: 174M (84%), CSet: 30300K (14%)
[29.569s][info][gc,ergo       ] GC(25) Pacer for Evacuation. Used CSet: 31904K, Free: 1131M, Non-Taxable: 113M, Alloc Tax Rate: 1.1x
[29.569s][info][gc            ] GC(25) Pause Final Mark (process weakrefs) 5.687ms
[29.569s][info][gc,start      ] GC(25) Concurrent cleanup
[29.569s][info][gc            ] GC(25) Concurrent cleanup 466M->292M(470M) 0.092ms
[29.569s][info][gc,ergo       ] GC(25) Free: 1131M, Max: 512K regular, 477M humongous, Frag: 58% external, 0% internal; Reserve: 76544K, Max: 512K
[29.569s][info][gc,start      ] GC(25) Concurrent evacuation
[29.569s][info][gc,task       ] GC(25) Using 1 of 1 workers for concurrent evacuation
[29.585s][info][gc            ] GC(25) Concurrent evacuation 15.844ms
[29.595s][info][gc,start      ] GC(25) Pause Init Update Refs
[29.595s][info][gc,ergo       ] GC(25) Pacer for Update Refs. Used: 298M, Free: 1126M, Non-Taxable: 112M, Alloc Tax Rate: 1.1x
[29.595s][info][gc            ] GC(25) Pause Init Update Refs 0.066ms
[29.595s][info][gc,start      ] GC(25) Concurrent update references
[29.595s][info][gc,task       ] GC(25) Using 1 of 1 workers for concurrent reference update
[29.966s][info][gc            ] GC(25) Concurrent update references 370.353ms
[29.969s][info][gc,start      ] GC(25) Pause Final Update Refs
[29.969s][info][gc,task       ] GC(25) Using 1 of 1 workers for final reference update
[29.969s][info][gc            ] GC(25) Pause Final Update Refs 0.451ms
[29.969s][info][gc,start      ] GC(25) Concurrent cleanup
[29.969s][info][gc            ] GC(25) Concurrent cleanup 449M->418M(472M) 0.059ms
[29.969s][info][gc,ergo       ] Free: 1004M, Max: 512K regular, 667M humongous, Frag: 34% external, 0% internal; Reserve: 76800K, Max: 512K
[29.969s][info][gc,stats      ] 
[29.969s][info][gc,stats      ] All times are wall-clock times, except per-root-class counters, that are sum over
[29.969s][info][gc,stats      ] all workers. Dividing the <total> over the root stage time estimates parallelism.
[29.969s][info][gc,stats      ] 
[29.969s][info][gc,stats      ] Concurrent Reset                    305 us
[29.969s][info][gc,stats      ] Pause Init Mark (G)                7063 us
[29.969s][info][gc,stats      ] Pause Init Mark (N)                1475 us
[29.969s][info][gc,stats      ]   Accumulate Stats                   13 us
[29.969s][info][gc,stats      ]   Make Parsable                      17 us
[29.969s][info][gc,stats      ]   Update Region States               52 us
[29.969s][info][gc,stats      ]   Scan Roots                       1348 us, parallelism: 0.79x
[29.969s][info][gc,stats      ]     S: <total>                     1068 us
[29.969s][info][gc,stats      ]     S: Thread Roots                 436 us, workers (us): 436, 
[29.969s][info][gc,stats      ]     S: Universe Roots                 3 us, workers (us):   3, 
[29.969s][info][gc,stats      ]     S: JNI Handles Roots              2 us, workers (us):   2, 
[29.969s][info][gc,stats      ]     S: Synchronizer Roots             0 us, workers (us):   0, 
[29.969s][info][gc,stats      ]     S: Management Roots               1 us, workers (us):   1, 
[29.969s][info][gc,stats      ]     S: System Dict Roots             12 us, workers (us):  12, 
[29.969s][info][gc,stats      ]     S: CLDG Roots                   613 us, workers (us): 613, 
[29.969s][info][gc,stats      ]     S: JVMTI Roots                    1 us, workers (us):   1, 
[29.969s][info][gc,stats      ]   Resize TLABs                        9 us
[29.969s][info][gc,stats      ] Concurrent Marking               315515 us
[29.969s][info][gc,stats      ] Concurrent Precleaning              618 us
[29.969s][info][gc,stats      ] Pause Final Mark (G)               5913 us
[29.969s][info][gc,stats      ] Pause Final Mark (N)               5419 us
[29.969s][info][gc,stats      ]   Finish Queues                      18 us
[29.969s][info][gc,stats      ]   Weak References                    27 us
[29.969s][info][gc,stats      ]     Process                          24 us
[29.969s][info][gc,stats      ]   System Purge                      665 us
[29.969s][info][gc,stats      ]     Weak Roots                      664 us
[29.969s][info][gc,stats      ]   Update Region States               65 us
[29.969s][info][gc,stats      ]   Retire TLABs                       32 us
[29.969s][info][gc,stats      ]   Choose Collection Set             102 us
[29.969s][info][gc,stats      ]   Rebuild Free Set                   14 us
[29.969s][info][gc,stats      ]   Initial Evacuation               4488 us, parallelism: 0.66x
[29.969s][info][gc,stats      ]     E: <total>                     2955 us
[29.969s][info][gc,stats      ]     E: Thread Roots                 508 us, workers (us): 508, 
[29.969s][info][gc,stats      ]     E: Code Cache Roots             587 us, workers (us): 587, 
[29.969s][info][gc,stats      ]     E: Universe Roots                38 us, workers (us):  38, 
[29.969s][info][gc,stats      ]     E: JNI Handles Roots              2 us, workers (us):   2, 
[29.969s][info][gc,stats      ]     E: Synchronizer Roots             1 us, workers (us):   1, 
[29.970s][info][gc,stats      ]     E: Management Roots               2 us, workers (us):   2, 
[29.970s][info][gc,stats      ]     E: System Dict Roots             13 us, workers (us):  13, 
[29.970s][info][gc,stats      ]     E: CLDG Roots                  1805 us, workers (us): 1805, 
[29.970s][info][gc,stats      ]     E: JVMTI Roots                    1 us, workers (us):   1, 
[29.970s][info][gc,stats      ] Concurrent Cleanup                   73 us
[29.970s][info][gc,stats      ] Concurrent Evacuation             15833 us
[29.970s][info][gc,stats      ] Pause Init  Update Refs (G)       10416 us
[29.970s][info][gc,stats      ] Pause Init  Update Refs (N)          18 us
[29.970s][info][gc,stats      ]   Retire GCLABs                      10 us
[29.970s][info][gc,stats      ] Concurrent Update Refs           370338 us
[29.970s][info][gc,stats      ] Pause Final Update Refs (G)        3268 us
[29.970s][info][gc,stats      ] Pause Final Update Refs (N)         419 us
[29.970s][info][gc,stats      ]   Update Roots                      350 us, parallelism: 0.98x
[29.970s][info][gc,stats      ]     UR: <total>                     343 us
[29.970s][info][gc,stats      ]     UR: Thread Roots                343 us, workers (us): 343, 
[29.970s][info][gc,stats      ]   Update Region States               48 us
[29.970s][info][gc,stats      ]   Trash Collection Set                2 us
[29.970s][info][gc,stats      ]   Rebuild Free Set                   10 us
[29.970s][info][gc,stats      ] Concurrent Cleanup                   52 us
[29.970s][info][gc,stats      ] 
[29.970s][info][gc,stats      ] Allocation pacing accrued:
[29.970s][info][gc,stats      ]       0 of  1568 ms (  0.0%): <total>
[29.970s][info][gc,stats      ]       0 of  1568 ms (  0.0%): <average total>
[29.970s][info][gc,stats      ] 
[29.970s][info][gc,metaspace  ] Metaspace: 60336K->60352K(1103872K)
[29.970s][info][gc,ergo       ] Pacer for Idle. Initial: 30720K, Alloc Tax Rate: 1.0x
[29.971s][info][gc            ] Trigger: Learning 3 of 5. Free (1003M) is below initial threshold (1050M)
[29.971s][info][gc,ergo       ] Free: 1003M, Max: 512K regular, 667M humongous, Frag: 34% external, 0% internal; Reserve: 76800K, Max: 512K
[29.971s][info][gc,start      ] GC(26) Concurrent reset
[29.971s][info][gc,task       ] GC(26) Using 1 of 1 workers for concurrent reset
[29.971s][info][gc,ergo       ] GC(26) Pacer for Reset. Non-Taxable: 1500M
[29.971s][info][gc            ] GC(26) Concurrent reset 0.390ms
[29.974s][info][gc,start      ] GC(26) Pause Init Mark
[29.974s][info][gc,task       ] GC(26) Using 1 of 1 workers for init marking
[29.975s][info][gc,ergo       ] GC(26) Pacer for Mark. Expected Live: 166M, Free: 1003M, Non-Taxable: 100M, Alloc Tax Rate: 0.2x
[29.975s][info][gc            ] GC(26) Pause Init Mark 1.452ms
[29.975s][info][gc,start      ] GC(26) Concurrent marking
[29.975s][info][gc,task       ] GC(26) Using 1 of 1 workers for concurrent marking
[30.196s][info][gc            ] GC(26) Concurrent marking 220.771ms
[30.196s][info][gc,start      ] GC(26) Pause Final Mark
[30.196s][info][gc,task       ] GC(26) Using 1 of 1 workers for final marking
[30.197s][info][gc,ergo       ] GC(26) Collectable Garbage: 243M (96%), Immediate: 243M (96%), CSet: 0B (0%)
[30.197s][info][gc            ] GC(26) Pause Final Mark 0.412ms
[30.197s][info][gc,start      ] GC(26) Concurrent cleanup
[30.197s][info][gc            ] GC(26) Concurrent cleanup 517M->274M(525M) 0.148ms
[30.197s][info][gc,ergo       ] GC(26) Free: 1149M, Max: 512K regular, 667M humongous, Frag: 42% external, 0% internal; Reserve: 76800K, Max: 512K
[30.197s][info][gc,ergo       ] Free: 1149M, Max: 512K regular, 667M humongous, Frag: 42% external, 0% internal; Reserve: 76800K, Max: 512K
[30.197s][info][gc,stats      ] 
[30.197s][info][gc,stats      ] All times are wall-clock times, except per-root-class counters, that are sum over
[30.197s][info][gc,stats      ] all workers. Dividing the <total> over the root stage time estimates parallelism.
[30.197s][info][gc,stats      ] 
[30.197s][info][gc,stats      ] Concurrent Reset                    379 us
[30.197s][info][gc,stats      ] Pause Init Mark (G)                4041 us
[30.197s][info][gc,stats      ] Pause Init Mark (N)                1434 us
[30.197s][info][gc,stats      ]   Accumulate Stats                   14 us
[30.197s][info][gc,stats      ]   Make Parsable                      14 us
[30.197s][info][gc,stats      ]   Update Region States               34 us
[30.197s][info][gc,stats      ]   Scan Roots                       1323 us, parallelism: 0.77x
[30.197s][info][gc,stats      ]     S: <total>                     1018 us
[30.197s][info][gc,stats      ]     S: Thread Roots                 443 us, workers (us): 443, 
[30.197s][info][gc,stats      ]     S: Universe Roots                 2 us, workers (us):   2, 
[30.197s][info][gc,stats      ]     S: JNI Handles Roots              1 us, workers (us):   1, 
[30.197s][info][gc,stats      ]     S: Synchronizer Roots             0 us, workers (us):   0, 
[30.197s][info][gc,stats      ]     S: Management Roots               2 us, workers (us):   2, 
[30.197s][info][gc,stats      ]     S: System Dict Roots             21 us, workers (us):  21, 
[30.197s][info][gc,stats      ]     S: CLDG Roots                   548 us, workers (us): 548, 
[30.197s][info][gc,stats      ]     S: JVMTI Roots                    1 us, workers (us):   1, 
[30.197s][info][gc,stats      ]   Resize TLABs                       12 us
[30.197s][info][gc,stats      ] Concurrent Marking               220762 us
[30.197s][info][gc,stats      ] Pause Final Mark (G)                524 us
[30.197s][info][gc,stats      ] Pause Final Mark (N)                379 us
[30.197s][info][gc,stats      ]   Finish Queues                      18 us
[30.197s][info][gc,stats      ]   System Purge                      255 us
[30.197s][info][gc,stats      ]     Weak Roots                      255 us
[30.197s][info][gc,stats      ]   Update Region States               52 us
[30.197s][info][gc,stats      ]   Retire TLABs                       15 us
[30.197s][info][gc,stats      ]   Choose Collection Set              18 us
[30.197s][info][gc,stats      ]   Rebuild Free Set                   10 us
[30.197s][info][gc,stats      ] Concurrent Cleanup                  130 us
[30.197s][info][gc,stats      ] 
[30.197s][info][gc,stats      ] Allocation pacing accrued:
[30.197s][info][gc,stats      ]       0 of   228 ms (  0.0%): <total>
[30.197s][info][gc,stats      ]       0 of   228 ms (  0.0%): <average total>
[30.197s][info][gc,stats      ] 
[30.197s][info][gc,metaspace  ] Metaspace: 60352K->60352K(1103872K)
[30.198s][info][gc,ergo       ] Pacer for Idle. Initial: 30720K, Alloc Tax Rate: 1.0x
[30.304s][info][gc            ] Trigger: Learning 4 of 5. Free (1049M) is below initial threshold (1050M)
[30.304s][info][gc,ergo       ] Free: 1049M, Max: 512K regular, 667M humongous, Frag: 37% external, 0% internal; Reserve: 76800K, Max: 512K
[30.305s][info][gc,start      ] GC(27) Concurrent reset
[30.305s][info][gc,task       ] GC(27) Using 1 of 1 workers for concurrent reset
[30.305s][info][gc,ergo       ] GC(27) Pacer for Reset. Non-Taxable: 1500M
[30.305s][info][gc            ] GC(27) Concurrent reset 0.296ms
[30.307s][info][gc,start      ] GC(27) Pause Init Mark
[30.308s][info][gc,task       ] GC(27) Using 1 of 1 workers for init marking
[30.309s][info][gc,ergo       ] GC(27) Pacer for Mark. Expected Live: 166M, Free: 1049M, Non-Taxable: 104M, Alloc Tax Rate: 0.2x
[30.309s][info][gc            ] GC(27) Pause Init Mark 1.402ms
[30.309s][info][gc,start      ] GC(27) Concurrent marking
[30.309s][info][gc,task       ] GC(27) Using 1 of 1 workers for concurrent marking
[30.531s][info][gc            ] GC(27) Concurrent marking 222.324ms
[30.532s][info][gc,start      ] GC(27) Pause Final Mark
[30.532s][info][gc,task       ] GC(27) Using 1 of 1 workers for final marking
[30.532s][info][gc,ergo       ] GC(27) Collectable Garbage: 197M (95%), Immediate: 197M (95%), CSet: 0B (0%)
[30.532s][info][gc            ] GC(27) Pause Final Mark 0.571ms
[30.532s][info][gc,start      ] GC(27) Concurrent cleanup
[30.532s][info][gc            ] GC(27) Concurrent cleanup 497M->299M(525M) 0.079ms
[30.532s][info][gc,ergo       ] GC(27) Free: 1123M, Max: 512K regular, 667M humongous, Frag: 41% external, 0% internal; Reserve: 76800K, Max: 512K
[30.532s][info][gc,ergo       ] Free: 1123M, Max: 512K regular, 667M humongous, Frag: 41% external, 0% internal; Reserve: 76800K, Max: 512K
[30.532s][info][gc,stats      ] 
[30.532s][info][gc,stats      ] All times are wall-clock times, except per-root-class counters, that are sum over
[30.532s][info][gc,stats      ] all workers. Dividing the <total> over the root stage time estimates parallelism.
[30.532s][info][gc,stats      ] 
[30.532s][info][gc,stats      ] Concurrent Reset                    287 us
[30.532s][info][gc,stats      ] Pause Init Mark (G)                4101 us
[30.532s][info][gc,stats      ] Pause Init Mark (N)                1369 us
[30.532s][info][gc,stats      ]   Accumulate Stats                   14 us
[30.532s][info][gc,stats      ]   Make Parsable                      11 us
[30.532s][info][gc,stats      ]   Update Region States               42 us
[30.532s][info][gc,stats      ]   Scan Roots                       1259 us, parallelism: 0.78x
[30.532s][info][gc,stats      ]     S: <total>                      981 us
[30.532s][info][gc,stats      ]     S: Thread Roots                 398 us, workers (us): 398, 
[30.532s][info][gc,stats      ]     S: Universe Roots                 2 us, workers (us):   2, 
[30.532s][info][gc,stats      ]     S: JNI Handles Roots              2 us, workers (us):   2, 
[30.532s][info][gc,stats      ]     S: Synchronizer Roots             0 us, workers (us):   0, 
[30.532s][info][gc,stats      ]     S: Management Roots               1 us, workers (us):   1, 
[30.532s][info][gc,stats      ]     S: System Dict Roots             12 us, workers (us):  12, 
[30.532s][info][gc,stats      ]     S: CLDG Roots                   564 us, workers (us): 564, 
[30.532s][info][gc,stats      ]     S: JVMTI Roots                    1 us, workers (us):   1, 
[30.532s][info][gc,stats      ]   Resize TLABs                        8 us
[30.532s][info][gc,stats      ] Concurrent Marking               222315 us
[30.532s][info][gc,stats      ] Pause Final Mark (G)                788 us
[30.532s][info][gc,stats      ] Pause Final Mark (N)                535 us
[30.532s][info][gc,stats      ]   Finish Queues                      35 us
[30.532s][info][gc,stats      ]   System Purge                      314 us
[30.532s][info][gc,stats      ]     Weak Roots                      314 us
[30.532s][info][gc,stats      ]   Update Region States               57 us
[30.532s][info][gc,stats      ]   Retire TLABs                       21 us
[30.532s][info][gc,stats      ]   Choose Collection Set              78 us
[30.532s][info][gc,stats      ]   Rebuild Free Set                   16 us
[30.532s][info][gc,stats      ] Concurrent Cleanup                   68 us
[30.532s][info][gc,stats      ] 
[30.532s][info][gc,stats      ] Allocation pacing accrued:
[30.532s][info][gc,stats      ]       0 of   335 ms (  0.0%): <total>
[30.532s][info][gc,stats      ]       0 of   335 ms (  0.0%): <average total>
[30.532s][info][gc,stats      ] 
[30.532s][info][gc,metaspace  ] Metaspace: 60352K->60352K(1103872K)
[30.533s][info][gc,ergo       ] Pacer for Idle. Initial: 30720K, Alloc Tax Rate: 1.0x
[30.622s][info][gc            ] Trigger: Learning 5 of 5. Free (1047M) is below initial threshold (1050M)
[30.622s][info][gc,ergo       ] Free: 1047M, Max: 512K regular, 667M humongous, Frag: 37% external, 0% internal; Reserve: 76800K, Max: 512K
[30.622s][info][gc,start      ] GC(28) Concurrent reset
[30.622s][info][gc,task       ] GC(28) Using 1 of 1 workers for concurrent reset
[30.622s][info][gc,ergo       ] GC(28) Pacer for Reset. Non-Taxable: 1500M
[30.622s][info][gc            ] GC(28) Concurrent reset 0.273ms
[30.625s][info][gc,start      ] GC(28) Pause Init Mark
[30.625s][info][gc,task       ] GC(28) Using 1 of 1 workers for init marking
[30.626s][info][gc,ergo       ] GC(28) Pacer for Mark. Expected Live: 166M, Free: 1047M, Non-Taxable: 104M, Alloc Tax Rate: 0.2x
[30.626s][info][gc            ] GC(28) Pause Init Mark 1.467ms
[30.626s][info][gc,start      ] GC(28) Concurrent marking
[30.626s][info][gc,task       ] GC(28) Using 1 of 1 workers for concurrent marking
[30.844s][info][gc            ] GC(28) Concurrent marking 217.904ms
[30.845s][info][gc,start      ] GC(28) Pause Final Mark
[30.845s][info][gc,task       ] GC(28) Using 1 of 1 workers for final marking
[30.845s][info][gc,ergo       ] GC(28) Collectable Garbage: 199M (95%), Immediate: 199M (95%), CSet: 0B (0%)
[30.845s][info][gc            ] GC(28) Pause Final Mark 0.480ms
[30.845s][info][gc,start      ] GC(28) Concurrent cleanup
[30.845s][info][gc            ] GC(28) Concurrent cleanup 493M->293M(525M) 0.071ms
[30.845s][info][gc,ergo       ] GC(28) Free: 1129M, Max: 512K regular, 667M humongous, Frag: 41% external, 0% internal; Reserve: 76800K, Max: 512K
[30.845s][info][gc,ergo       ] Free: 1129M, Max: 512K regular, 667M humongous, Frag: 41% external, 0% internal; Reserve: 76800K, Max: 512K
[30.845s][info][gc,stats      ] 
[30.845s][info][gc,stats      ] All times are wall-clock times, except per-root-class counters, that are sum over
[30.845s][info][gc,stats      ] all workers. Dividing the <total> over the root stage time estimates parallelism.
[30.845s][info][gc,stats      ] 
[30.845s][info][gc,stats      ] Concurrent Reset                    264 us
[30.845s][info][gc,stats      ] Pause Init Mark (G)                4132 us
[30.845s][info][gc,stats      ] Pause Init Mark (N)                1438 us
[30.845s][info][gc,stats      ]   Accumulate Stats                   16 us
[30.845s][info][gc,stats      ]   Make Parsable                      11 us
[30.845s][info][gc,stats      ]   Update Region States               42 us
[30.845s][info][gc,stats      ]   Scan Roots                       1322 us, parallelism: 0.78x
[30.845s][info][gc,stats      ]     S: <total>                     1032 us
[30.845s][info][gc,stats      ]     S: Thread Roots                 400 us, workers (us): 400, 
[30.845s][info][gc,stats      ]     S: Universe Roots                 3 us, workers (us):   3, 
[30.845s][info][gc,stats      ]     S: JNI Handles Roots              1 us, workers (us):   1, 
[30.845s][info][gc,stats      ]     S: Synchronizer Roots             0 us, workers (us):   0, 
[30.845s][info][gc,stats      ]     S: Management Roots               1 us, workers (us):   1, 
[30.845s][info][gc,stats      ]     S: System Dict Roots             12 us, workers (us):  12, 
[30.845s][info][gc,stats      ]     S: CLDG Roots                   614 us, workers (us): 614, 
[30.845s][info][gc,stats      ]     S: JVMTI Roots                    1 us, workers (us):   1, 
[30.845s][info][gc,stats      ]   Resize TLABs                       10 us
[30.845s][info][gc,stats      ] Concurrent Marking               217895 us
[30.845s][info][gc,stats      ] Pause Final Mark (G)                589 us
[30.845s][info][gc,stats      ] Pause Final Mark (N)                463 us
[30.845s][info][gc,stats      ]   Finish Queues                      14 us
[30.845s][info][gc,stats      ]   System Purge                      338 us
[30.845s][info][gc,stats      ]     Weak Roots                      337 us
[30.845s][info][gc,stats      ]   Update Region States               51 us
[30.845s][info][gc,stats      ]   Retire TLABs                       17 us
[30.845s][info][gc,stats      ]   Choose Collection Set              26 us
[30.845s][info][gc,stats      ]   Rebuild Free Set                   10 us
[30.845s][info][gc,stats      ] Concurrent Cleanup                   64 us
[30.845s][info][gc,stats      ] 
[30.845s][info][gc,stats      ] Allocation pacing accrued:
[30.845s][info][gc,stats      ]       0 of   313 ms (  0.0%): <total>
[30.845s][info][gc,stats      ]       0 of   313 ms (  0.0%): <average total>
[30.845s][info][gc,stats      ] 
[30.845s][info][gc,metaspace  ] Metaspace: 60352K->60352K(1103872K)
[30.845s][info][gc,ergo       ] Pacer for Idle. Initial: 30720K, Alloc Tax Rate: 1.0x
[31.762s][info][gc            ] Trigger: Average GC time (309.14 ms) is above the time for allocation rate (809 MB/s) to deplete free headroom (249M)
[31.763s][info][gc,ergo       ] Free headroom: 324M (free) - 76800K (spike) - 0B (penalties) = 249M
[31.763s][info][gc,ergo       ] Free: 324M, Max: 512K regular, 324M humongous, Frag: 0% external, 0% internal; Reserve: 76800K, Max: 512K
[31.763s][info][gc,start      ] GC(29) Concurrent reset
[31.763s][info][gc,task       ] GC(29) Using 1 of 1 workers for concurrent reset
[31.763s][info][gc,ergo       ] GC(29) Pacer for Reset. Non-Taxable: 1500M
[31.763s][info][gc            ] GC(29) Concurrent reset 0.393ms
[31.766s][info][gc,start      ] GC(29) Pause Init Mark
[31.766s][info][gc,task       ] GC(29) Using 1 of 1 workers for init marking
[31.768s][info][gc,ergo       ] GC(29) Pacer for Mark. Expected Live: 166M, Free: 324M, Non-Taxable: 33228K, Alloc Tax Rate: 0.6x
[31.768s][info][gc            ] GC(29) Pause Init Mark 1.478ms
[31.768s][info][gc,start      ] GC(29) Concurrent marking
[31.768s][info][gc,task       ] GC(29) Using 1 of 1 workers for concurrent marking
[31.947s][info][gc            ] GC(29) Concurrent marking 178.879ms
[31.947s][info][gc,start      ] GC(29) Pause Final Mark
[31.947s][info][gc,task       ] GC(29) Using 1 of 1 workers for final marking
[31.947s][info][gc,ergo       ] GC(29) Collectable Garbage: 923M (99%), Immediate: 923M (99%), CSet: 0B (0%)
[31.947s][info][gc            ] GC(29) Pause Final Mark 0.443ms
[31.953s][info][gc,start      ] GC(29) Concurrent cleanup
[31.953s][info][gc            ] GC(29) Concurrent cleanup 1148M->231M(1152M) 0.199ms
[31.953s][info][gc,ergo       ] GC(29) Free: 1191M, Max: 512K regular, 428M humongous, Frag: 65% external, 0% internal; Reserve: 76800K, Max: 512K
[31.953s][info][gc,ergo       ] Free: 1191M, Max: 512K regular, 428M humongous, Frag: 65% external, 0% internal; Reserve: 76800K, Max: 512K
[31.953s][info][gc,stats      ] 
[31.953s][info][gc,stats      ] All times are wall-clock times, except per-root-class counters, that are sum over
[31.953s][info][gc,stats      ] all workers. Dividing the <total> over the root stage time estimates parallelism.
[31.953s][info][gc,stats      ] 
[31.953s][info][gc,stats      ] Concurrent Reset                    369 us
[31.953s][info][gc,stats      ] Pause Init Mark (G)                4257 us
[31.953s][info][gc,stats      ] Pause Init Mark (N)                1421 us
[31.953s][info][gc,stats      ]   Accumulate Stats                   19 us
[31.953s][info][gc,stats      ]   Make Parsable                      11 us
[31.953s][info][gc,stats      ]   Update Region States               53 us
[31.953s][info][gc,stats      ]   Scan Roots                       1282 us, parallelism: 0.78x
[31.953s][info][gc,stats      ]     S: <total>                     1004 us
[31.953s][info][gc,stats      ]     S: Thread Roots                 444 us, workers (us): 444, 
[31.953s][info][gc,stats      ]     S: Universe Roots                 3 us, workers (us):   3, 
[31.953s][info][gc,stats      ]     S: JNI Handles Roots              2 us, workers (us):   2, 
[31.953s][info][gc,stats      ]     S: Synchronizer Roots             0 us, workers (us):   0, 
[31.953s][info][gc,stats      ]     S: Management Roots               1 us, workers (us):   1, 
[31.953s][info][gc,stats      ]     S: System Dict Roots             12 us, workers (us):  12, 
[31.953s][info][gc,stats      ]     S: CLDG Roots                   541 us, workers (us): 541, 
[31.953s][info][gc,stats      ]     S: JVMTI Roots                    1 us, workers (us):   1, 
[31.953s][info][gc,stats      ]   Resize TLABs                       12 us
[31.953s][info][gc,stats      ] Concurrent Marking               178869 us
[31.953s][info][gc,stats      ] Pause Final Mark (G)               6208 us
[31.953s][info][gc,stats      ] Pause Final Mark (N)                433 us
[31.953s][info][gc,stats      ]   Finish Queues                      12 us
[31.953s][info][gc,stats      ]   System Purge                      306 us
[31.953s][info][gc,stats      ]     Weak Roots                      306 us
[31.953s][info][gc,stats      ]   Update Region States               49 us
[31.953s][info][gc,stats      ]   Retire TLABs                       17 us
[31.953s][info][gc,stats      ]   Choose Collection Set              32 us
[31.953s][info][gc,stats      ]   Rebuild Free Set                   11 us
[31.953s][info][gc,stats      ] Concurrent Cleanup                  146 us
[31.953s][info][gc,stats      ] Pacing                            56276 us
[31.953s][info][gc,stats      ] 
[31.953s][info][gc,stats      ] Allocation pacing accrued:
[31.953s][info][gc,stats      ]      56 of  1108 ms (  5.1%): Executor task launch worker for task 0.0 in stage 10.0 (TID 10)
[31.953s][info][gc,stats      ]      56 of  1108 ms (  5.1%): <total>
[31.953s][info][gc,stats      ]       0 of  1108 ms (  0.0%): <average total>
[31.953s][info][gc,stats      ]      56 of  1108 ms (  5.1%): <average non-zero>
[31.953s][info][gc,stats      ] 
[31.953s][info][gc,metaspace  ] Metaspace: 60352K->60352K(1103872K)
[31.953s][info][gc,ergo       ] Pacer for Idle. Initial: 30720K, Alloc Tax Rate: 1.0x
[32.490s][info][gc            ] Trigger: Explicit GC request (System.gc())
[32.490s][info][gc,ergo       ] Free: 736M, Max: 512K regular, 274M humongous, Frag: 63% external, 0% internal; Reserve: 76800K, Max: 512K
[32.490s][info][gc,start      ] GC(30) Concurrent reset
[32.490s][info][gc,task       ] GC(30) Using 1 of 1 workers for concurrent reset
[32.490s][info][gc,ergo       ] GC(30) Pacer for Reset. Non-Taxable: 1500M
[32.491s][info][gc            ] GC(30) Concurrent reset 0.273ms
[32.491s][info][gc,start      ] GC(30) Pause Init Mark (process weakrefs) (unload classes)
[32.491s][info][gc,task       ] GC(30) Using 1 of 1 workers for init marking
[32.492s][info][gc,ergo       ] GC(30) Pacer for Mark. Expected Live: 167M, Free: 736M, Non-Taxable: 75416K, Alloc Tax Rate: 0.3x
[32.492s][info][gc            ] GC(30) Pause Init Mark (process weakrefs) (unload classes) 0.953ms
[32.492s][info][gc,start      ] GC(30) Concurrent marking (process weakrefs) (unload classes)
[32.492s][info][gc,task       ] GC(30) Using 1 of 1 workers for concurrent marking
[32.709s][info][gc            ] GC(30) Concurrent marking (process weakrefs) (unload classes) 217.176ms
[32.709s][info][gc,start      ] GC(30) Concurrent precleaning
[32.709s][info][gc,task       ] GC(30) Using 1 of 1 workers for concurrent preclean
[32.709s][info][gc,ergo       ] GC(30) Pacer for Precleaning. Non-Taxable: 1500M
[32.713s][info][gc            ] GC(30) Concurrent precleaning 4.174ms
[32.714s][info][gc,start      ] GC(30) Pause Final Mark (process weakrefs) (unload classes)
[32.714s][info][gc,task       ] GC(30) Using 1 of 1 workers for final marking
[32.760s][info][gc,stringtable] GC(30) Cleaned string and symbol table, strings: 18477 processed, 0 removed, symbols: 131959 processed, 200 removed
[32.765s][info][gc,ergo       ] GC(30) Collectable Garbage: 509M (97%), Immediate: 509M (97%), CSet: 0B (0%)
[32.765s][info][gc            ] GC(30) Pause Final Mark (process weakrefs) (unload classes) 51.396ms
[32.765s][info][gc,start      ] GC(30) Concurrent cleanup
[32.765s][info][gc            ] GC(30) Concurrent cleanup 686M->177M(1152M) 0.097ms
[32.765s][info][gc,ergo       ] GC(30) Free: 1245M, Max: 512K regular, 667M humongous, Frag: 47% external, 0% internal; Reserve: 76800K, Max: 512K
[32.765s][info][gc,ergo       ] Free: 1245M, Max: 512K regular, 667M humongous, Frag: 47% external, 0% internal; Reserve: 76800K, Max: 512K
[32.765s][info][gc,stats      ] 
[32.765s][info][gc,stats      ] All times are wall-clock times, except per-root-class counters, that are sum over
[32.765s][info][gc,stats      ] all workers. Dividing the <total> over the root stage time estimates parallelism.
[32.765s][info][gc,stats      ] 
[32.765s][info][gc,stats      ] Concurrent Reset                    265 us
[32.765s][info][gc,stats      ] Pause Init Mark (G)                1201 us
[32.765s][info][gc,stats      ] Pause Init Mark (N)                 940 us
[32.765s][info][gc,stats      ]   Accumulate Stats                   14 us
[32.765s][info][gc,stats      ]   Make Parsable                      14 us
[32.765s][info][gc,stats      ]   Update Region States               31 us
[32.765s][info][gc,stats      ]   Scan Roots                        849 us, parallelism: 0.60x
[32.765s][info][gc,stats      ]     S: <total>                      505 us
[32.765s][info][gc,stats      ]     S: Thread Roots                 373 us, workers (us): 373, 
[32.765s][info][gc,stats      ]     S: Universe Roots                 4 us, workers (us):   4, 
[32.765s][info][gc,stats      ]     S: JNI Handles Roots              2 us, workers (us):   2, 
[32.765s][info][gc,stats      ]     S: Synchronizer Roots             1 us, workers (us):   1, 
[32.765s][info][gc,stats      ]     S: Management Roots               3 us, workers (us):   3, 
[32.765s][info][gc,stats      ]     S: System Dict Roots             12 us, workers (us):  12, 
[32.765s][info][gc,stats      ]     S: CLDG Roots                   111 us, workers (us): 111, 
[32.765s][info][gc,stats      ]     S: JVMTI Roots                    0 us, workers (us):   0, 
[32.765s][info][gc,stats      ]   Resize TLABs                        6 us
[32.765s][info][gc,stats      ] Concurrent Marking               217168 us
[32.765s][info][gc,stats      ] Concurrent Precleaning             4152 us
[32.765s][info][gc,stats      ] Pause Final Mark (G)              51663 us
[32.765s][info][gc,stats      ] Pause Final Mark (N)              51385 us
[32.765s][info][gc,stats      ]   Finish Queues                      86 us
[32.765s][info][gc,stats      ]   Weak References                    48 us
[32.765s][info][gc,stats      ]     Process                          46 us
[32.765s][info][gc,stats      ]   System Purge                      295 us
[32.765s][info][gc,stats      ]     Unload Classes                 1007 us
[32.765s][info][gc,stats      ]     Cleanup                       44974 us, parallelism: 1.00x
[32.765s][info][gc,stats      ]       CU: <total>                 44894 us
[32.765s][info][gc,stats      ]       CU: Code Cache Roots        12770 us, workers (us): 12770, 
[32.765s][info][gc,stats      ]       CU: Code Cache Cleaning      8608 us, workers (us): 8608, 
[32.765s][info][gc,stats      ]       CU: String Table Roots      17001 us, workers (us): 17001, 
[32.765s][info][gc,stats      ]       CU: Resolved Table Roots      132 us, workers (us): 132, 
[32.765s][info][gc,stats      ]       CU: CLDG Roots               6381 us, workers (us): 6381, 
[32.765s][info][gc,stats      ]     Weak Roots                      294 us
[32.765s][info][gc,stats      ]     CLDG                            225 us
[32.766s][info][gc,stats      ]   Update Region States             4637 us
[32.766s][info][gc,stats      ]   Retire TLABs                       38 us
[32.766s][info][gc,stats      ]   Choose Collection Set              55 us
[32.766s][info][gc,stats      ]   Rebuild Free Set                   11 us
[32.766s][info][gc,stats      ] Concurrent Cleanup                   88 us
[32.766s][info][gc,stats      ] 
[32.766s][info][gc,stats      ] Allocation pacing accrued:
[32.766s][info][gc,stats      ]       0 of   812 ms (  0.0%): <total>
[32.766s][info][gc,stats      ]       0 of   812 ms (  0.0%): <average total>
[32.766s][info][gc,stats      ] 
[32.766s][info][gc,metaspace  ] Metaspace: 60413K->60035K(1103872K)
[32.766s][info][gc,ergo       ] Pacer for Idle. Initial: 30720K, Alloc Tax Rate: 1.0x
[32.766s][info][gc,start      ] Concurrent uncommit
[32.831s][info][gc            ] Concurrent uncommit 177M->177M(180M) 65.672ms
[33.626s][info][gc            ] Trigger: Learning 2 of 5. Free (1049M) is below initial threshold (1050M)
[33.633s][info][gc,ergo       ] Free: 1049M, Max: 512K regular, 667M humongous, Frag: 37% external, 0% internal; Reserve: 76800K, Max: 512K
[33.635s][info][gc,start      ] GC(31) Concurrent reset
[33.637s][info][gc,task       ] GC(31) Using 1 of 1 workers for concurrent reset
[33.637s][info][gc,ergo       ] GC(31) Pacer for Reset. Non-Taxable: 1500M
[33.639s][info][gc            ] GC(31) Concurrent reset 4.320ms
[33.658s][info][gc,start      ] GC(31) Pause Init Mark
[33.658s][info][gc,task       ] GC(31) Using 1 of 1 workers for init marking
[33.662s][info][gc,ergo       ] GC(31) Pacer for Mark. Expected Live: 166M, Free: 1049M, Non-Taxable: 104M, Alloc Tax Rate: 0.2x
[33.662s][info][gc            ] GC(31) Pause Init Mark 3.916ms
[33.662s][info][gc,start      ] GC(31) Concurrent marking
[33.662s][info][gc,task       ] GC(31) Using 1 of 1 workers for concurrent marking
[33.904s][info][gc            ] GC(31) Concurrent marking 242.274ms
[33.904s][info][gc,start      ] GC(31) Pause Final Mark
[33.904s][info][gc,task       ] GC(31) Using 1 of 1 workers for final marking
[33.905s][info][gc,ergo       ] GC(31) Adaptive CSet Selection. Target Free: 212M, Actual Free: 1210M, Max CSet: 64000K, Min Garbage: 0B
[33.905s][info][gc,ergo       ] GC(31) Collectable Garbage: 201M (98%), Immediate: 174M (85%), CSet: 27828K (13%)
[33.907s][info][gc,ergo       ] GC(31) Pacer for Evacuation. Used CSet: 29506K, Free: 1138M, Non-Taxable: 113M, Alloc Tax Rate: 1.1x
[33.907s][info][gc            ] GC(31) Pause Final Mark 2.932ms
[33.907s][info][gc,start      ] GC(31) Concurrent cleanup
[33.907s][info][gc            ] GC(31) Concurrent cleanup 459M->285M(464M) 0.076ms
[33.907s][info][gc,ergo       ] GC(31) Free: 1138M, Max: 512K regular, 667M humongous, Frag: 42% external, 0% internal; Reserve: 76544K, Max: 512K
[33.907s][info][gc,start      ] GC(31) Concurrent evacuation
[33.907s][info][gc,task       ] GC(31) Using 1 of 1 workers for concurrent evacuation
[33.915s][info][gc            ] GC(31) Concurrent evacuation 7.164ms
[33.917s][info][gc,start      ] GC(31) Pause Init Update Refs
[33.917s][info][gc,ergo       ] GC(31) Pacer for Update Refs. Used: 292M, Free: 1132M, Non-Taxable: 113M, Alloc Tax Rate: 1.1x
[33.917s][info][gc            ] GC(31) Pause Init Update Refs 0.038ms
[33.917s][info][gc,start      ] GC(31) Concurrent update references
[33.917s][info][gc,task       ] GC(31) Using 1 of 1 workers for concurrent reference update
[34.199s][info][gc            ] GC(31) Concurrent update references 281.163ms
[34.202s][info][gc,start      ] GC(31) Pause Final Update Refs
[34.202s][info][gc,task       ] GC(31) Using 1 of 1 workers for final reference update
[34.202s][info][gc            ] GC(31) Pause Final Update Refs 0.506ms
[34.202s][info][gc,start      ] GC(31) Concurrent cleanup
[34.202s][info][gc            ] GC(31) Concurrent cleanup 440M->411M(466M) 0.059ms
[34.202s][info][gc,ergo       ] Free: 1011M, Max: 512K regular, 667M humongous, Frag: 35% external, 0% internal; Reserve: 76800K, Max: 512K
[34.202s][info][gc,stats      ] 
[34.202s][info][gc,stats      ] All times are wall-clock times, except per-root-class counters, that are sum over
[34.202s][info][gc,stats      ] all workers. Dividing the <total> over the root stage time estimates parallelism.
[34.202s][info][gc,stats      ] 
[34.202s][info][gc,stats      ] Concurrent Reset                   2047 us
[34.202s][info][gc,stats      ] Pause Init Mark (G)               22482 us
[34.202s][info][gc,stats      ] Pause Init Mark (N)                3837 us
[34.202s][info][gc,stats      ]   Accumulate Stats                   99 us
[34.202s][info][gc,stats      ]   Make Parsable                      46 us
[34.202s][info][gc,stats      ]   Update Region States              105 us
[34.202s][info][gc,stats      ]   Scan Roots                       3468 us, parallelism: 0.88x
[34.202s][info][gc,stats      ]     S: <total>                     3048 us
[34.202s][info][gc,stats      ]     S: Thread Roots                1638 us, workers (us): 1638, 
[34.202s][info][gc,stats      ]     S: Universe Roots                 4 us, workers (us):   4, 
[34.202s][info][gc,stats      ]     S: JNI Handles Roots              3 us, workers (us):   3, 
[34.202s][info][gc,stats      ]     S: Synchronizer Roots             1 us, workers (us):   1, 
[34.202s][info][gc,stats      ]     S: Management Roots               3 us, workers (us):   3, 
[34.202s][info][gc,stats      ]     S: System Dict Roots             23 us, workers (us):  23, 
[34.202s][info][gc,stats      ]     S: CLDG Roots                  1376 us, workers (us): 1376, 
[34.202s][info][gc,stats      ]     S: JVMTI Roots                    1 us, workers (us):   1, 
[34.202s][info][gc,stats      ]   Resize TLABs                       32 us
[34.202s][info][gc,stats      ] Concurrent Marking               242217 us
[34.202s][info][gc,stats      ] Pause Final Mark (G)               3080 us
[34.202s][info][gc,stats      ] Pause Final Mark (N)               2913 us
[34.202s][info][gc,stats      ]   Finish Queues                      20 us
[34.202s][info][gc,stats      ]   System Purge                      271 us
[34.202s][info][gc,stats      ]     Weak Roots                      270 us
[34.202s][info][gc,stats      ]   Update Region States               53 us
[34.202s][info][gc,stats      ]   Retire TLABs                       16 us
[34.202s][info][gc,stats      ]   Choose Collection Set              60 us
[34.202s][info][gc,stats      ]   Rebuild Free Set                   11 us
[34.202s][info][gc,stats      ]   Initial Evacuation               2474 us, parallelism: 0.62x
[34.202s][info][gc,stats      ]     E: <total>                     1524 us
[34.202s][info][gc,stats      ]     E: Thread Roots                 507 us, workers (us): 507, 
[34.202s][info][gc,stats      ]     E: Code Cache Roots             364 us, workers (us): 364, 
[34.202s][info][gc,stats      ]     E: Universe Roots                 1 us, workers (us):   1, 
[34.202s][info][gc,stats      ]     E: JNI Handles Roots              1 us, workers (us):   1, 
[34.202s][info][gc,stats      ]     E: Synchronizer Roots             0 us, workers (us):   0, 
[34.202s][info][gc,stats      ]     E: Management Roots               1 us, workers (us):   1, 
[34.202s][info][gc,stats      ]     E: System Dict Roots             37 us, workers (us):  37, 
[34.202s][info][gc,stats      ]     E: CLDG Roots                   612 us, workers (us): 612, 
[34.202s][info][gc,stats      ]     E: JVMTI Roots                    1 us, workers (us):   1, 
[34.202s][info][gc,stats      ] Concurrent Cleanup                   67 us
[34.202s][info][gc,stats      ] Concurrent Evacuation              7153 us
[34.202s][info][gc,stats      ] Pause Init  Update Refs (G)        2779 us
[34.202s][info][gc,stats      ] Pause Init  Update Refs (N)          15 us
[34.202s][info][gc,stats      ]   Retire GCLABs                       8 us
[34.202s][info][gc,stats      ] Concurrent Update Refs           281149 us
[34.202s][info][gc,stats      ] Pause Final Update Refs (G)        3346 us
[34.202s][info][gc,stats      ] Pause Final Update Refs (N)         459 us
[34.202s][info][gc,stats      ]   Update Roots                      384 us, parallelism: 0.98x
[34.202s][info][gc,stats      ]     UR: <total>                     377 us
[34.202s][info][gc,stats      ]     UR: Thread Roots                377 us, workers (us): 377, 
[34.202s][info][gc,stats      ]   Update Region States               49 us
[34.202s][info][gc,stats      ]   Trash Collection Set                2 us
[34.202s][info][gc,stats      ]   Rebuild Free Set                   10 us
[34.202s][info][gc,stats      ] Concurrent Cleanup                   52 us
[34.202s][info][gc,stats      ] 
[34.202s][info][gc,stats      ] Allocation pacing accrued:
[34.202s][info][gc,stats      ]       0 of  1437 ms (  0.0%): <total>
[34.202s][info][gc,stats      ]       0 of  1437 ms (  0.0%): <average total>
[34.202s][info][gc,stats      ] 
[34.203s][info][gc,metaspace  ] Metaspace: 60483K->60483K(1103872K)
[34.203s][info][gc,ergo       ] Pacer for Idle. Initial: 30720K, Alloc Tax Rate: 1.0x
[34.205s][info][gc            ] Trigger: Learning 3 of 5. Free (1010M) is below initial threshold (1050M)
[34.205s][info][gc,ergo       ] Free: 1010M, Max: 512K regular, 667M humongous, Frag: 34% external, 0% internal; Reserve: 76800K, Max: 512K
[34.205s][info][gc,start      ] GC(32) Concurrent reset
[34.205s][info][gc,task       ] GC(32) Using 1 of 1 workers for concurrent reset
[34.205s][info][gc,ergo       ] GC(32) Pacer for Reset. Non-Taxable: 1500M
[34.206s][info][gc            ] GC(32) Concurrent reset 0.410ms
[34.206s][info][gc,start      ] GC(32) Pause Init Mark
[34.206s][info][gc,task       ] GC(32) Using 1 of 1 workers for init marking
[34.207s][info][gc,ergo       ] GC(32) Pacer for Mark. Expected Live: 166M, Free: 1010M, Non-Taxable: 101M, Alloc Tax Rate: 0.2x
[34.207s][info][gc            ] GC(32) Pause Init Mark 1.452ms
[34.207s][info][gc,start      ] GC(32) Concurrent marking
[34.207s][info][gc,task       ] GC(32) Using 1 of 1 workers for concurrent marking
[34.422s][info][gc            ] GC(32) Concurrent marking 214.688ms
[34.422s][info][gc,start      ] GC(32) Pause Final Mark
[34.422s][info][gc,task       ] GC(32) Using 1 of 1 workers for final marking
[34.423s][info][gc,ergo       ] GC(32) Collectable Garbage: 241M (98%), Immediate: 241M (98%), CSet: 0B (0%)
[34.423s][info][gc            ] GC(32) Pause Final Mark 0.381ms
[34.423s][info][gc,start      ] GC(32) Concurrent cleanup
[34.423s][info][gc            ] GC(32) Concurrent cleanup 514M->273M(522M) 0.073ms
[34.423s][info][gc,ergo       ] GC(32) Free: 1150M, Max: 512K regular, 667M humongous, Frag: 42% external, 0% internal; Reserve: 76800K, Max: 512K
[34.423s][info][gc,ergo       ] Free: 1150M, Max: 512K regular, 667M humongous, Frag: 42% external, 0% internal; Reserve: 76800K, Max: 512K
[34.423s][info][gc,stats      ] 
[34.423s][info][gc,stats      ] All times are wall-clock times, except per-root-class counters, that are sum over
[34.423s][info][gc,stats      ] all workers. Dividing the <total> over the root stage time estimates parallelism.
[34.423s][info][gc,stats      ] 
[34.423s][info][gc,stats      ] Concurrent Reset                    400 us
[34.423s][info][gc,stats      ] Pause Init Mark (G)                1720 us
[34.423s][info][gc,stats      ] Pause Init Mark (N)                1442 us
[34.423s][info][gc,stats      ]   Accumulate Stats                   17 us
[34.423s][info][gc,stats      ]   Make Parsable                      12 us
[34.423s][info][gc,stats      ]   Update Region States               30 us
[34.423s][info][gc,stats      ]   Scan Roots                       1346 us, parallelism: 0.79x
[34.423s][info][gc,stats      ]     S: <total>                     1062 us
[34.423s][info][gc,stats      ]     S: Thread Roots                 455 us, workers (us): 455, 
[34.423s][info][gc,stats      ]     S: Universe Roots                 2 us, workers (us):   2, 
[34.423s][info][gc,stats      ]     S: JNI Handles Roots              2 us, workers (us):   2, 
[34.423s][info][gc,stats      ]     S: Synchronizer Roots             0 us, workers (us):   0, 
[34.423s][info][gc,stats      ]     S: Management Roots               2 us, workers (us):   2, 
[34.423s][info][gc,stats      ]     S: System Dict Roots             24 us, workers (us):  24, 
[34.423s][info][gc,stats      ]     S: CLDG Roots                   576 us, workers (us): 576, 
[34.423s][info][gc,stats      ]     S: JVMTI Roots                    0 us, workers (us):   0, 
[34.423s][info][gc,stats      ]   Resize TLABs                       11 us
[34.423s][info][gc,stats      ] Concurrent Marking               214679 us
[34.423s][info][gc,stats      ] Pause Final Mark (G)                508 us
[34.423s][info][gc,stats      ] Pause Final Mark (N)                362 us
[34.423s][info][gc,stats      ]   Finish Queues                      18 us
[34.423s][info][gc,stats      ]   System Purge                      247 us
[34.423s][info][gc,stats      ]     Weak Roots                      247 us
[34.423s][info][gc,stats      ]   Update Region States               50 us
[34.423s][info][gc,stats      ]   Retire TLABs                       14 us
[34.423s][info][gc,stats      ]   Choose Collection Set              16 us
[34.423s][info][gc,stats      ]   Rebuild Free Set                   10 us
[34.423s][info][gc,stats      ] Concurrent Cleanup                   67 us
[34.423s][info][gc,stats      ] 
[34.423s][info][gc,stats      ] Allocation pacing accrued:
[34.423s][info][gc,stats      ]       0 of   220 ms (  0.0%): <total>
[34.423s][info][gc,stats      ]       0 of   220 ms (  0.0%): <average total>
[34.423s][info][gc,stats      ] 
[34.423s][info][gc,metaspace  ] Metaspace: 60483K->60483K(1103872K)
[34.423s][info][gc,ergo       ] Pacer for Idle. Initial: 30720K, Alloc Tax Rate: 1.0x
[34.511s][info][gc            ] Trigger: Learning 4 of 5. Free (1047M) is below initial threshold (1050M)
[34.511s][info][gc,ergo       ] Free: 1047M, Max: 512K regular, 667M humongous, Frag: 37% external, 0% internal; Reserve: 76800K, Max: 512K
[34.511s][info][gc,start      ] GC(33) Concurrent reset
[34.511s][info][gc,task       ] GC(33) Using 1 of 1 workers for concurrent reset
[34.511s][info][gc,ergo       ] GC(33) Pacer for Reset. Non-Taxable: 1500M
[34.511s][info][gc            ] GC(33) Concurrent reset 0.273ms
[34.514s][info][gc,start      ] GC(33) Pause Init Mark
[34.514s][info][gc,task       ] GC(33) Using 1 of 1 workers for init marking
[34.516s][info][gc,ergo       ] GC(33) Pacer for Mark. Expected Live: 166M, Free: 1047M, Non-Taxable: 104M, Alloc Tax Rate: 0.2x
[34.516s][info][gc            ] GC(33) Pause Init Mark 1.457ms
[34.516s][info][gc,start      ] GC(33) Concurrent marking
[34.516s][info][gc,task       ] GC(33) Using 1 of 1 workers for concurrent marking
[34.722s][info][gc            ] GC(33) Concurrent marking 205.882ms
[34.722s][info][gc,start      ] GC(33) Pause Final Mark
[34.722s][info][gc,task       ] GC(33) Using 1 of 1 workers for final marking
[34.722s][info][gc,ergo       ] GC(33) Collectable Garbage: 204M (97%), Immediate: 204M (97%), CSet: 0B (0%)
[34.722s][info][gc            ] GC(33) Pause Final Mark 0.407ms
[34.722s][info][gc,start      ] GC(33) Concurrent cleanup
[34.722s][info][gc            ] GC(33) Concurrent cleanup 489M->285M(522M) 0.071ms
[34.722s][info][gc,ergo       ] GC(33) Free: 1138M, Max: 512K regular, 667M humongous, Frag: 42% external, 0% internal; Reserve: 76800K, Max: 512K
[34.722s][info][gc,ergo       ] Free: 1138M, Max: 512K regular, 667M humongous, Frag: 42% external, 0% internal; Reserve: 76800K, Max: 512K
[34.722s][info][gc,stats      ] 
[34.722s][info][gc,stats      ] All times are wall-clock times, except per-root-class counters, that are sum over
[34.722s][info][gc,stats      ] all workers. Dividing the <total> over the root stage time estimates parallelism.
[34.722s][info][gc,stats      ] 
[34.722s][info][gc,stats      ] Concurrent Reset                    264 us
[34.722s][info][gc,stats      ] Pause Init Mark (G)                4346 us
[34.722s][info][gc,stats      ] Pause Init Mark (N)                1428 us
[34.722s][info][gc,stats      ]   Accumulate Stats                   16 us
[34.722s][info][gc,stats      ]   Make Parsable                      12 us
[34.722s][info][gc,stats      ]   Update Region States               42 us
[34.722s][info][gc,stats      ]   Scan Roots                       1315 us, parallelism: 0.79x
[34.722s][info][gc,stats      ]     S: <total>                     1036 us
[34.722s][info][gc,stats      ]     S: Thread Roots                 452 us, workers (us): 452, 
[34.722s][info][gc,stats      ]     S: Universe Roots                 2 us, workers (us):   2, 
[34.722s][info][gc,stats      ]     S: JNI Handles Roots              1 us, workers (us):   1, 
[34.722s][info][gc,stats      ]     S: Synchronizer Roots             0 us, workers (us):   0, 
[34.722s][info][gc,stats      ]     S: Management Roots               1 us, workers (us):   1, 
[34.722s][info][gc,stats      ]     S: System Dict Roots             11 us, workers (us):  11, 
[34.722s][info][gc,stats      ]     S: CLDG Roots                   568 us, workers (us): 568, 
[34.722s][info][gc,stats      ]     S: JVMTI Roots                    0 us, workers (us):   0, 
[34.722s][info][gc,stats      ]   Resize TLABs                       11 us
[34.723s][info][gc,stats      ] Concurrent Marking               205874 us
[34.723s][info][gc,stats      ] Pause Final Mark (G)                521 us
[34.723s][info][gc,stats      ] Pause Final Mark (N)                390 us
[34.723s][info][gc,stats      ]   Finish Queues                      15 us
[34.723s][info][gc,stats      ]   System Purge                      268 us
[34.723s][info][gc,stats      ]     Weak Roots                      268 us
[34.723s][info][gc,stats      ]   Update Region States               51 us
[34.723s][info][gc,stats      ]   Retire TLABs                       19 us
[34.723s][info][gc,stats      ]   Choose Collection Set              19 us
[34.723s][info][gc,stats      ]   Rebuild Free Set                   10 us
[34.723s][info][gc,stats      ] Concurrent Cleanup                   64 us
[34.723s][info][gc,stats      ] 
[34.723s][info][gc,stats      ] Allocation pacing accrued:
[34.723s][info][gc,stats      ]       0 of   300 ms (  0.0%): <total>
[34.723s][info][gc,stats      ]       0 of   300 ms (  0.0%): <average total>
[34.723s][info][gc,stats      ] 
[34.723s][info][gc,metaspace  ] Metaspace: 60483K->60483K(1103872K)
[34.723s][info][gc,ergo       ] Pacer for Idle. Initial: 30720K, Alloc Tax Rate: 1.0x
[34.797s][info][gc            ] Trigger: Learning 5 of 5. Free (1049M) is below initial threshold (1050M)
[34.798s][info][gc,ergo       ] Free: 1049M, Max: 512K regular, 667M humongous, Frag: 37% external, 0% internal; Reserve: 76800K, Max: 512K
[34.798s][info][gc,start      ] GC(34) Concurrent reset
[34.798s][info][gc,task       ] GC(34) Using 1 of 1 workers for concurrent reset
[34.798s][info][gc,ergo       ] GC(34) Pacer for Reset. Non-Taxable: 1500M
[34.798s][info][gc            ] GC(34) Concurrent reset 0.395ms
[34.800s][info][gc,start      ] GC(34) Pause Init Mark
[34.800s][info][gc,task       ] GC(34) Using 1 of 1 workers for init marking
[34.802s][info][gc,ergo       ] GC(34) Pacer for Mark. Expected Live: 166M, Free: 1049M, Non-Taxable: 104M, Alloc Tax Rate: 0.2x
[34.802s][info][gc            ] GC(34) Pause Init Mark 1.522ms
[34.802s][info][gc,start      ] GC(34) Concurrent marking
[34.802s][info][gc,task       ] GC(34) Using 1 of 1 workers for concurrent marking
[35.016s][info][gc            ] GC(34) Concurrent marking 214.475ms
[35.017s][info][gc,start      ] GC(34) Pause Final Mark
[35.017s][info][gc,task       ] GC(34) Using 1 of 1 workers for final marking
[35.017s][info][gc,ergo       ] GC(34) Collectable Garbage: 202M (97%), Immediate: 202M (97%), CSet: 0B (0%)
[35.017s][info][gc            ] GC(34) Pause Final Mark 0.514ms
[35.017s][info][gc,start      ] GC(34) Concurrent cleanup
[35.017s][info][gc            ] GC(34) Concurrent cleanup 495M->293M(522M) 0.074ms
[35.017s][info][gc,ergo       ] GC(34) Free: 1129M, Max: 512K regular, 667M humongous, Frag: 41% external, 0% internal; Reserve: 76800K, Max: 512K
[35.017s][info][gc,ergo       ] Free: 1129M, Max: 512K regular, 667M humongous, Frag: 41% external, 0% internal; Reserve: 76800K, Max: 512K
[35.017s][info][gc,stats      ] 
[35.017s][info][gc,stats      ] All times are wall-clock times, except per-root-class counters, that are sum over
[35.017s][info][gc,stats      ] all workers. Dividing the <total> over the root stage time estimates parallelism.
[35.017s][info][gc,stats      ] 
[35.017s][info][gc,stats      ] Concurrent Reset                    379 us
[35.017s][info][gc,stats      ] Pause Init Mark (G)                3773 us
[35.017s][info][gc,stats      ] Pause Init Mark (N)                1494 us
[35.017s][info][gc,stats      ]   Accumulate Stats                   16 us
[35.017s][info][gc,stats      ]   Make Parsable                      11 us
[35.017s][info][gc,stats      ]   Update Region States               64 us
[35.017s][info][gc,stats      ]   Scan Roots                       1354 us, parallelism: 0.79x
[35.017s][info][gc,stats      ]     S: <total>                     1069 us
[35.017s][info][gc,stats      ]     S: Thread Roots                 517 us, workers (us): 517, 
[35.017s][info][gc,stats      ]     S: Universe Roots                 3 us, workers (us):   3, 
[35.017s][info][gc,stats      ]     S: JNI Handles Roots              1 us, workers (us):   1, 
[35.017s][info][gc,stats      ]     S: Synchronizer Roots             0 us, workers (us):   0, 
[35.017s][info][gc,stats      ]     S: Management Roots               2 us, workers (us):   2, 
[35.017s][info][gc,stats      ]     S: System Dict Roots             12 us, workers (us):  12, 
[35.017s][info][gc,stats      ]     S: CLDG Roots                   534 us, workers (us): 534, 
[35.017s][info][gc,stats      ]     S: JVMTI Roots                    1 us, workers (us):   1, 
[35.017s][info][gc,stats      ]   Resize TLABs                       11 us
[35.017s][info][gc,stats      ] Concurrent Marking               214466 us
[35.017s][info][gc,stats      ] Pause Final Mark (G)                760 us
[35.017s][info][gc,stats      ] Pause Final Mark (N)                455 us
[35.017s][info][gc,stats      ]   Finish Queues                      27 us
[35.017s][info][gc,stats      ]   System Purge                      306 us
[35.018s][info][gc,stats      ]     Weak Roots                      305 us
[35.018s][info][gc,stats      ]   Update Region States               54 us
[35.018s][info][gc,stats      ]   Retire TLABs                       20 us
[35.018s][info][gc,stats      ]   Choose Collection Set              22 us
[35.018s][info][gc,stats      ]   Rebuild Free Set                   12 us
[35.018s][info][gc,stats      ] Concurrent Cleanup                   66 us
[35.018s][info][gc,stats      ] 
[35.018s][info][gc,stats      ] Allocation pacing accrued:
[35.018s][info][gc,stats      ]       0 of   295 ms (  0.0%): <total>
[35.018s][info][gc,stats      ]       0 of   295 ms (  0.0%): <average total>
[35.018s][info][gc,stats      ] 
[35.018s][info][gc,metaspace  ] Metaspace: 60483K->60483K(1103872K)
[35.018s][info][gc,ergo       ] Pacer for Idle. Initial: 30720K, Alloc Tax Rate: 1.0x
[35.893s][info][gc            ] Trigger: Average GC time (298.12 ms) is above the time for allocation rate (845 MB/s) to deplete free headroom (250M)
[35.893s][info][gc,ergo       ] Free headroom: 325M (free) - 76800K (spike) - 0B (penalties) = 250M
[35.893s][info][gc,ergo       ] Free: 325M, Max: 512K regular, 325M humongous, Frag: 0% external, 0% internal; Reserve: 76800K, Max: 512K
[35.893s][info][gc,start      ] GC(35) Concurrent reset
[35.893s][info][gc,task       ] GC(35) Using 1 of 1 workers for concurrent reset
[35.893s][info][gc,ergo       ] GC(35) Pacer for Reset. Non-Taxable: 1500M
[35.894s][info][gc            ] GC(35) Concurrent reset 0.327ms
[35.896s][info][gc,start      ] GC(35) Pause Init Mark (process weakrefs)
[35.897s][info][gc,task       ] GC(35) Using 1 of 1 workers for init marking
[35.898s][info][gc,ergo       ] GC(35) Pacer for Mark. Expected Live: 166M, Free: 325M, Non-Taxable: 33381K, Alloc Tax Rate: 0.6x
[35.898s][info][gc            ] GC(35) Pause Init Mark (process weakrefs) 1.534ms
[35.898s][info][gc,start      ] GC(35) Concurrent marking (process weakrefs)
[35.898s][info][gc,task       ] GC(35) Using 1 of 1 workers for concurrent marking
[36.055s][info][gc            ] GC(35) Concurrent marking (process weakrefs) 156.863ms
[36.055s][info][gc,start      ] GC(35) Concurrent precleaning
[36.055s][info][gc,task       ] GC(35) Using 1 of 1 workers for concurrent preclean
[36.055s][info][gc,ergo       ] GC(35) Pacer for Precleaning. Non-Taxable: 1500M
[36.056s][info][gc            ] GC(35) Concurrent precleaning 0.541ms
[36.056s][info][gc,start      ] GC(35) Pause Final Mark (process weakrefs)
[36.056s][info][gc,task       ] GC(35) Using 1 of 1 workers for final marking
[36.056s][info][gc,ergo       ] GC(35) Collectable Garbage: 926M (99%), Immediate: 926M (99%), CSet: 0B (0%)
[36.056s][info][gc            ] GC(35) Pause Final Mark (process weakrefs) 0.398ms
[36.056s][info][gc,start      ] GC(35) Concurrent cleanup
[36.056s][info][gc            ] GC(35) Concurrent cleanup 1147M->221M(1151M) 0.194ms
[36.056s][info][gc,ergo       ] GC(35) Free: 1201M, Max: 512K regular, 543M humongous, Frag: 55% external, 0% internal; Reserve: 76800K, Max: 512K
[36.056s][info][gc,ergo       ] Free: 1201M, Max: 512K regular, 543M humongous, Frag: 55% external, 0% internal; Reserve: 76800K, Max: 512K
[36.056s][info][gc,stats      ] 
[36.056s][info][gc,stats      ] All times are wall-clock times, except per-root-class counters, that are sum over
[36.056s][info][gc,stats      ] all workers. Dividing the <total> over the root stage time estimates parallelism.
[36.056s][info][gc,stats      ] 
[36.056s][info][gc,stats      ] Concurrent Reset                    317 us
[36.056s][info][gc,stats      ] Pause Init Mark (G)                4394 us
[36.056s][info][gc,stats      ] Pause Init Mark (N)                1507 us
[36.056s][info][gc,stats      ]   Accumulate Stats                   16 us
[36.056s][info][gc,stats      ]   Make Parsable                      12 us
[36.056s][info][gc,stats      ]   Update Region States               37 us
[36.056s][info][gc,stats      ]   Scan Roots                       1393 us, parallelism: 0.80x
[36.056s][info][gc,stats      ]     S: <total>                     1113 us
[36.056s][info][gc,stats      ]     S: Thread Roots                 468 us, workers (us): 468, 
[36.056s][info][gc,stats      ]     S: Universe Roots                 3 us, workers (us):   3, 
[36.056s][info][gc,stats      ]     S: JNI Handles Roots              1 us, workers (us):   1, 
[36.056s][info][gc,stats      ]     S: Synchronizer Roots             0 us, workers (us):   0, 
[36.056s][info][gc,stats      ]     S: Management Roots               1 us, workers (us):   1, 
[36.056s][info][gc,stats      ]     S: System Dict Roots             11 us, workers (us):  11, 
[36.056s][info][gc,stats      ]     S: CLDG Roots                   627 us, workers (us): 627, 
[36.056s][info][gc,stats      ]     S: JVMTI Roots                    1 us, workers (us):   1, 
[36.056s][info][gc,stats      ]   Resize TLABs                       14 us
[36.056s][info][gc,stats      ] Concurrent Marking               156855 us
[36.056s][info][gc,stats      ] Concurrent Precleaning              532 us
[36.056s][info][gc,stats      ] Pause Final Mark (G)                540 us
[36.056s][info][gc,stats      ] Pause Final Mark (N)                380 us
[36.056s][info][gc,stats      ]   Finish Queues                      14 us
[36.056s][info][gc,stats      ]   Weak References                    20 us
[36.056s][info][gc,stats      ]     Process                          18 us
[36.056s][info][gc,stats      ]   System Purge                      248 us
[36.056s][info][gc,stats      ]     Weak Roots                      248 us
[36.056s][info][gc,stats      ]   Update Region States               48 us
[36.056s][info][gc,stats      ]   Retire TLABs                       15 us
[36.056s][info][gc,stats      ]   Choose Collection Set              21 us
[36.056s][info][gc,stats      ]   Rebuild Free Set                   10 us
[36.056s][info][gc,stats      ] Concurrent Cleanup                  185 us
[36.056s][info][gc,stats      ] Pacing                            47725 us
[36.056s][info][gc,stats      ] 
[36.056s][info][gc,stats      ] Allocation pacing accrued:
[36.056s][info][gc,stats      ]      48 of  1039 ms (  4.6%): Executor task launch worker for task 0.0 in stage 13.0 (TID 13)
[36.056s][info][gc,stats      ]      48 of  1039 ms (  4.6%): <total>
[36.056s][info][gc,stats      ]       0 of  1039 ms (  0.0%): <average total>
[36.056s][info][gc,stats      ]      48 of  1039 ms (  4.6%): <average non-zero>
[36.056s][info][gc,stats      ] 
[36.056s][info][gc,metaspace  ] Metaspace: 60483K->60483K(1103872K)
[36.056s][info][gc,ergo       ] Pacer for Idle. Initial: 30720K, Alloc Tax Rate: 1.0x
[36.514s][info][gc            ] Trigger: Explicit GC request (System.gc())
[36.514s][info][gc,ergo       ] Free: 746M, Max: 512K regular, 275M humongous, Frag: 64% external, 0% internal; Reserve: 76800K, Max: 512K
[36.514s][info][gc,start      ] GC(36) Concurrent reset
[36.514s][info][gc,task       ] GC(36) Using 1 of 1 workers for concurrent reset
[36.514s][info][gc,ergo       ] GC(36) Pacer for Reset. Non-Taxable: 1500M
[36.514s][info][gc            ] GC(36) Concurrent reset 0.284ms
[36.514s][info][gc,start      ] GC(36) Pause Init Mark (process weakrefs) (unload classes)
[36.514s][info][gc,task       ] GC(36) Using 1 of 1 workers for init marking
[36.515s][info][gc,ergo       ] GC(36) Pacer for Mark. Expected Live: 167M, Free: 746M, Non-Taxable: 76454K, Alloc Tax Rate: 0.3x
[36.515s][info][gc            ] GC(36) Pause Init Mark (process weakrefs) (unload classes) 1.012ms
[36.515s][info][gc,start      ] GC(36) Concurrent marking (process weakrefs) (unload classes)
[36.515s][info][gc,task       ] GC(36) Using 1 of 1 workers for concurrent marking
[36.654s][info][gc            ] GC(36) Concurrent marking (process weakrefs) (unload classes) 138.335ms
[36.654s][info][gc,start      ] GC(36) Concurrent precleaning
[36.654s][info][gc,task       ] GC(36) Using 1 of 1 workers for concurrent preclean
[36.654s][info][gc,ergo       ] GC(36) Pacer for Precleaning. Non-Taxable: 1500M
[36.654s][info][gc            ] GC(36) Concurrent precleaning 0.301ms
[36.654s][info][gc,start      ] GC(36) Pause Final Mark (process weakrefs) (unload classes)
[36.654s][info][gc,task       ] GC(36) Using 1 of 1 workers for final marking
[36.678s][info][gc,stringtable] GC(36) Cleaned string and symbol table, strings: 18511 processed, 0 removed, symbols: 131959 processed, 200 removed
[36.679s][info][gc,ergo       ] GC(36) Collectable Garbage: 500M (97%), Immediate: 500M (97%), CSet: 0B (0%)
[36.679s][info][gc            ] GC(36) Pause Final Mark (process weakrefs) (unload classes) 24.450ms
[36.679s][info][gc,start      ] GC(36) Concurrent cleanup
[36.679s][info][gc            ] GC(36) Concurrent cleanup 676M->176M(1151M) 0.133ms
[36.679s][info][gc,ergo       ] GC(36) Free: 1247M, Max: 512K regular, 667M humongous, Frag: 47% external, 0% internal; Reserve: 76800K, Max: 512K
[36.679s][info][gc,ergo       ] Free: 1247M, Max: 512K regular, 667M humongous, Frag: 47% external, 0% internal; Reserve: 76800K, Max: 512K
[36.679s][info][gc,stats      ] 
[36.679s][info][gc,stats      ] All times are wall-clock times, except per-root-class counters, that are sum over
[36.679s][info][gc,stats      ] all workers. Dividing the <total> over the root stage time estimates parallelism.
[36.679s][info][gc,stats      ] 
[36.679s][info][gc,stats      ] Concurrent Reset                    276 us
[36.679s][info][gc,stats      ] Pause Init Mark (G)                1268 us
[36.679s][info][gc,stats      ] Pause Init Mark (N)                 998 us
[36.679s][info][gc,stats      ]   Accumulate Stats                   16 us
[36.679s][info][gc,stats      ]   Make Parsable                      17 us
[36.679s][info][gc,stats      ]   Update Region States               32 us
[36.679s][info][gc,stats      ]   Scan Roots                        895 us, parallelism: 0.60x
[36.679s][info][gc,stats      ]     S: <total>                      537 us
[36.679s][info][gc,stats      ]     S: Thread Roots                 412 us, workers (us): 412, 
[36.679s][info][gc,stats      ]     S: Universe Roots                 3 us, workers (us):   3, 
[36.679s][info][gc,stats      ]     S: JNI Handles Roots              2 us, workers (us):   2, 
[36.679s][info][gc,stats      ]     S: Synchronizer Roots             0 us, workers (us):   0, 
[36.679s][info][gc,stats      ]     S: Management Roots               2 us, workers (us):   2, 
[36.679s][info][gc,stats      ]     S: System Dict Roots             11 us, workers (us):  11, 
[36.679s][info][gc,stats      ]     S: CLDG Roots                   107 us, workers (us): 107, 
[36.679s][info][gc,stats      ]     S: JVMTI Roots                    1 us, workers (us):   1, 
[36.679s][info][gc,stats      ]   Resize TLABs                        9 us
[36.679s][info][gc,stats      ] Concurrent Marking               138327 us
[36.679s][info][gc,stats      ] Concurrent Precleaning              288 us
[36.679s][info][gc,stats      ] Pause Final Mark (G)              24599 us
[36.679s][info][gc,stats      ] Pause Final Mark (N)              24440 us
[36.679s][info][gc,stats      ]   Finish Queues                     135 us
[36.679s][info][gc,stats      ]   Weak References                    58 us
[36.679s][info][gc,stats      ]     Process                          56 us
[36.679s][info][gc,stats      ]   System Purge                      287 us
[36.679s][info][gc,stats      ]     Unload Classes                 1117 us
[36.679s][info][gc,stats      ]     Cleanup                       22483 us, parallelism: 1.00x
[36.679s][info][gc,stats      ]       CU: <total>                 22400 us
[36.679s][info][gc,stats      ]       CU: Code Cache Roots         8185 us, workers (us): 8185, 
[36.679s][info][gc,stats      ]       CU: Code Cache Cleaning      1570 us, workers (us): 1570, 
[36.679s][info][gc,stats      ]       CU: String Table Roots       6126 us, workers (us): 6126, 
[36.679s][info][gc,stats      ]       CU: Resolved Table Roots      133 us, workers (us): 133, 
[36.679s][info][gc,stats      ]       CU: CLDG Roots               6386 us, workers (us): 6386, 
[36.679s][info][gc,stats      ]     Weak Roots                      286 us
[36.679s][info][gc,stats      ]     CLDG                            230 us
[36.679s][info][gc,stats      ]   Update Region States               52 us
[36.679s][info][gc,stats      ]   Retire TLABs                       38 us
[36.679s][info][gc,stats      ]   Choose Collection Set              21 us
[36.679s][info][gc,stats      ]   Rebuild Free Set                   11 us
[36.679s][info][gc,stats      ] Concurrent Cleanup                  121 us
[36.679s][info][gc,stats      ] Pacing                             9726 us
[36.679s][info][gc,stats      ] 
[36.679s][info][gc,stats      ] Allocation pacing accrued:
[36.679s][info][gc,stats      ]      10 of   623 ms (  1.6%): Executor task launch worker for task 0.0 in stage 14.0 (TID 14)
[36.679s][info][gc,stats      ]      10 of   623 ms (  1.6%): <total>
[36.679s][info][gc,stats      ]       0 of   623 ms (  0.0%): <average total>
[36.679s][info][gc,stats      ]      10 of   623 ms (  1.6%): <average non-zero>
[36.679s][info][gc,stats      ] 
[36.679s][info][gc,metaspace  ] Metaspace: 60529K->60150K(1103872K)
[36.679s][info][gc,ergo       ] Pacer for Idle. Initial: 30720K, Alloc Tax Rate: 1.0x
[36.679s][info][gc,start      ] Concurrent uncommit
[36.714s][info][gc            ] Concurrent uncommit 176M->176M(178M) 34.966ms
[37.241s][info][gc            ] Trigger: Learning 2 of 5. Free (1049M) is below initial threshold (1050M)
[37.241s][info][gc,ergo       ] Free: 1049M, Max: 512K regular, 667M humongous, Frag: 37% external, 0% internal; Reserve: 76800K, Max: 512K
[37.241s][info][gc,start      ] GC(37) Concurrent reset
[37.241s][info][gc,task       ] GC(37) Using 1 of 1 workers for concurrent reset
[37.241s][info][gc,ergo       ] GC(37) Pacer for Reset. Non-Taxable: 1500M
[37.241s][info][gc            ] GC(37) Concurrent reset 0.293ms
[37.244s][info][gc,start      ] GC(37) Pause Init Mark
[37.244s][info][gc,task       ] GC(37) Using 1 of 1 workers for init marking
[37.246s][info][gc,ergo       ] GC(37) Pacer for Mark. Expected Live: 166M, Free: 1049M, Non-Taxable: 104M, Alloc Tax Rate: 0.2x
[37.246s][info][gc            ] GC(37) Pause Init Mark 1.837ms
[37.246s][info][gc,start      ] GC(37) Concurrent marking
[37.246s][info][gc,task       ] GC(37) Using 1 of 1 workers for concurrent marking
[37.492s][info][gc            ] GC(37) Concurrent marking 245.440ms
[37.492s][info][gc,start      ] GC(37) Pause Final Mark
[37.492s][info][gc,task       ] GC(37) Using 1 of 1 workers for final marking
[37.493s][info][gc,ergo       ] GC(37) Adaptive CSet Selection. Target Free: 212M, Actual Free: 1210M, Max CSet: 64000K, Min Garbage: 0B
[37.494s][info][gc,ergo       ] GC(37) Collectable Garbage: 202M (98%), Immediate: 174M (85%), CSet: 28385K (13%)
[37.499s][info][gc,ergo       ] GC(37) Pacer for Evacuation. Used CSet: 30111K, Free: 1137M, Non-Taxable: 113M, Alloc Tax Rate: 1.1x
[37.499s][info][gc            ] GC(37) Pause Final Mark 6.531ms
[37.499s][info][gc,start      ] GC(37) Concurrent cleanup
[37.499s][info][gc            ] GC(37) Concurrent cleanup 460M->285M(464M) 0.163ms
[37.499s][info][gc,ergo       ] GC(37) Free: 1137M, Max: 512K regular, 667M humongous, Frag: 42% external, 0% internal; Reserve: 76544K, Max: 512K
[37.499s][info][gc,start      ] GC(37) Concurrent evacuation
[37.499s][info][gc,task       ] GC(37) Using 1 of 1 workers for concurrent evacuation
[37.507s][info][gc            ] GC(37) Concurrent evacuation 8.114ms
[37.510s][info][gc,start      ] GC(37) Pause Init Update Refs
[37.510s][info][gc,ergo       ] GC(37) Pacer for Update Refs. Used: 293M, Free: 1131M, Non-Taxable: 113M, Alloc Tax Rate: 1.1x
[37.510s][info][gc            ] GC(37) Pause Init Update Refs 0.047ms
[37.510s][info][gc,start      ] GC(37) Concurrent update references
[37.510s][info][gc,task       ] GC(37) Using 1 of 1 workers for concurrent reference update
[37.785s][info][gc            ] GC(37) Concurrent update references 275.022ms
[37.788s][info][gc,start      ] GC(37) Pause Final Update Refs
[37.788s][info][gc,task       ] GC(37) Using 1 of 1 workers for final reference update
[37.789s][info][gc            ] GC(37) Pause Final Update Refs 0.579ms
[37.789s][info][gc,start      ] GC(37) Concurrent cleanup
[37.789s][info][gc            ] GC(37) Concurrent cleanup 442M->413M(466M) 0.061ms
[37.789s][info][gc,ergo       ] Free: 1010M, Max: 512K regular, 667M humongous, Frag: 34% external, 0% internal; Reserve: 76800K, Max: 512K
[37.789s][info][gc,stats      ] 
[37.789s][info][gc,stats      ] All times are wall-clock times, except per-root-class counters, that are sum over
[37.789s][info][gc,stats      ] all workers. Dividing the <total> over the root stage time estimates parallelism.
[37.789s][info][gc,stats      ] 
[37.789s][info][gc,stats      ] Concurrent Reset                    283 us
[37.789s][info][gc,stats      ] Pause Init Mark (G)                4933 us
[37.789s][info][gc,stats      ] Pause Init Mark (N)                1796 us
[37.789s][info][gc,stats      ]   Accumulate Stats                   29 us
[37.789s][info][gc,stats      ]   Make Parsable                      19 us
[37.789s][info][gc,stats      ]   Update Region States               53 us
[37.789s][info][gc,stats      ]   Scan Roots                       1615 us, parallelism: 0.82x
[37.789s][info][gc,stats      ]     S: <total>                     1319 us
[37.789s][info][gc,stats      ]     S: Thread Roots                 576 us, workers (us): 576, 
[37.789s][info][gc,stats      ]     S: Universe Roots                 2 us, workers (us):   2, 
[37.789s][info][gc,stats      ]     S: JNI Handles Roots              2 us, workers (us):   2, 
[37.789s][info][gc,stats      ]     S: Synchronizer Roots             0 us, workers (us):   0, 
[37.789s][info][gc,stats      ]     S: Management Roots               2 us, workers (us):   2, 
[37.789s][info][gc,stats      ]     S: System Dict Roots             13 us, workers (us):  13, 
[37.789s][info][gc,stats      ]     S: CLDG Roots                   723 us, workers (us): 723, 
[37.789s][info][gc,stats      ]     S: JVMTI Roots                    1 us, workers (us):   1, 
[37.789s][info][gc,stats      ]   Resize TLABs                       16 us
[37.789s][info][gc,stats      ] Concurrent Marking               245430 us
[37.789s][info][gc,stats      ] Pause Final Mark (G)               6932 us
[37.789s][info][gc,stats      ] Pause Final Mark (N)               6435 us
[37.789s][info][gc,stats      ]   Finish Queues                      51 us
[37.789s][info][gc,stats      ]   System Purge                      720 us
[37.789s][info][gc,stats      ]     Weak Roots                      718 us
[37.789s][info][gc,stats      ]   Update Region States               97 us
[37.789s][info][gc,stats      ]   Retire TLABs                       44 us
[37.789s][info][gc,stats      ]   Choose Collection Set             209 us
[37.789s][info][gc,stats      ]   Rebuild Free Set                   55 us
[37.789s][info][gc,stats      ]   Initial Evacuation               5223 us, parallelism: 0.63x
[37.789s][info][gc,stats      ]     E: <total>                     3295 us
[37.789s][info][gc,stats      ]     E: Thread Roots                1029 us, workers (us): 1029, 
[37.789s][info][gc,stats      ]     E: Code Cache Roots             817 us, workers (us): 817, 
[37.789s][info][gc,stats      ]     E: Universe Roots                 2 us, workers (us):   2, 
[37.789s][info][gc,stats      ]     E: JNI Handles Roots              2 us, workers (us):   2, 
[37.789s][info][gc,stats      ]     E: Synchronizer Roots             0 us, workers (us):   0, 
[37.789s][info][gc,stats      ]     E: Management Roots               3 us, workers (us):   3, 
[37.789s][info][gc,stats      ]     E: System Dict Roots             60 us, workers (us):  60, 
[37.789s][info][gc,stats      ]     E: CLDG Roots                  1380 us, workers (us): 1380, 
[37.789s][info][gc,stats      ]     E: JVMTI Roots                    1 us, workers (us):   1, 
[37.789s][info][gc,stats      ] Concurrent Cleanup                  147 us
[37.789s][info][gc,stats      ] Concurrent Evacuation              8102 us
[37.789s][info][gc,stats      ] Pause Init  Update Refs (G)        3090 us
[37.789s][info][gc,stats      ] Pause Init  Update Refs (N)          18 us
[37.789s][info][gc,stats      ]   Retire GCLABs                       9 us
[37.789s][info][gc,stats      ] Concurrent Update Refs           275006 us
[37.789s][info][gc,stats      ] Pause Final Update Refs (G)        3554 us
[37.789s][info][gc,stats      ] Pause Final Update Refs (N)         540 us
[37.789s][info][gc,stats      ]   Update Roots                      466 us, parallelism: 0.98x
[37.789s][info][gc,stats      ]     UR: <total>                     458 us
[37.789s][info][gc,stats      ]     UR: Thread Roots                458 us, workers (us): 458, 
[37.789s][info][gc,stats      ]   Update Region States               50 us
[37.789s][info][gc,stats      ]   Trash Collection Set                2 us
[37.789s][info][gc,stats      ]   Rebuild Free Set                   10 us
[37.789s][info][gc,stats      ] Concurrent Cleanup                   53 us
[37.789s][info][gc,stats      ] 
[37.789s][info][gc,stats      ] Allocation pacing accrued:
[37.789s][info][gc,stats      ]       0 of  1110 ms (  0.0%): <total>
[37.789s][info][gc,stats      ]       0 of  1110 ms (  0.0%): <average total>
[37.789s][info][gc,stats      ] 
[37.789s][info][gc,metaspace  ] Metaspace: 60584K->60587K(1103872K)
[37.789s][info][gc,ergo       ] Pacer for Idle. Initial: 30720K, Alloc Tax Rate: 1.0x
[37.791s][info][gc            ] Trigger: Learning 3 of 5. Free (1008M) is below initial threshold (1050M)
[37.791s][info][gc,ergo       ] Free: 1008M, Max: 512K regular, 667M humongous, Frag: 34% external, 0% internal; Reserve: 76800K, Max: 512K
[37.791s][info][gc,start      ] GC(38) Concurrent reset
[37.791s][info][gc,task       ] GC(38) Using 1 of 1 workers for concurrent reset
[37.791s][info][gc,ergo       ] GC(38) Pacer for Reset. Non-Taxable: 1500M
[37.791s][info][gc            ] GC(38) Concurrent reset 0.335ms
[37.795s][info][gc,start      ] GC(38) Pause Init Mark
[37.795s][info][gc,task       ] GC(38) Using 1 of 1 workers for init marking
[37.798s][info][gc,ergo       ] GC(38) Pacer for Mark. Expected Live: 166M, Free: 1008M, Non-Taxable: 100M, Alloc Tax Rate: 0.2x
[37.798s][info][gc            ] GC(38) Pause Init Mark 2.855ms
[37.798s][info][gc,start      ] GC(38) Concurrent marking
[37.798s][info][gc,task       ] GC(38) Using 1 of 1 workers for concurrent marking
[38.017s][info][gc            ] GC(38) Concurrent marking 218.736ms
[38.017s][info][gc,start      ] GC(38) Pause Final Mark
[38.017s][info][gc,task       ] GC(38) Using 1 of 1 workers for final marking
[38.017s][info][gc,ergo       ] GC(38) Collectable Garbage: 242M (98%), Immediate: 242M (98%), CSet: 0B (0%)
[38.017s][info][gc            ] GC(38) Pause Final Mark 0.426ms
[38.017s][info][gc,start      ] GC(38) Concurrent cleanup
[38.017s][info][gc            ] GC(38) Concurrent cleanup 519M->276M(526M) 0.121ms
[38.017s][info][gc,ergo       ] GC(38) Free: 1146M, Max: 512K regular, 667M humongous, Frag: 42% external, 0% internal; Reserve: 76800K, Max: 512K
[38.017s][info][gc,ergo       ] Free: 1146M, Max: 512K regular, 667M humongous, Frag: 42% external, 0% internal; Reserve: 76800K, Max: 512K
[38.017s][info][gc,stats      ] 
[38.017s][info][gc,stats      ] All times are wall-clock times, except per-root-class counters, that are sum over
[38.017s][info][gc,stats      ] all workers. Dividing the <total> over the root stage time estimates parallelism.
[38.017s][info][gc,stats      ] 
[38.017s][info][gc,stats      ] Concurrent Reset                    328 us
[38.017s][info][gc,stats      ] Pause Init Mark (G)                6834 us
[38.017s][info][gc,stats      ] Pause Init Mark (N)                2813 us
[38.017s][info][gc,stats      ]   Accumulate Stats                   22 us
[38.017s][info][gc,stats      ]   Make Parsable                      17 us
[38.017s][info][gc,stats      ]   Update Region States               70 us
[38.017s][info][gc,stats      ]   Scan Roots                       2639 us, parallelism: 0.87x
[38.017s][info][gc,stats      ]     S: <total>                     2304 us
[38.018s][info][gc,stats      ]     S: Thread Roots                 939 us, workers (us): 939, 
[38.018s][info][gc,stats      ]     S: Universe Roots                 3 us, workers (us):   3, 
[38.018s][info][gc,stats      ]     S: JNI Handles Roots             27 us, workers (us):  27, 
[38.018s][info][gc,stats      ]     S: Synchronizer Roots             0 us, workers (us):   0, 
[38.018s][info][gc,stats      ]     S: Management Roots               2 us, workers (us):   2, 
[38.018s][info][gc,stats      ]     S: System Dict Roots             30 us, workers (us):  30, 
[38.018s][info][gc,stats      ]     S: CLDG Roots                  1302 us, workers (us): 1302, 
[38.018s][info][gc,stats      ]     S: JVMTI Roots                    1 us, workers (us):   1, 
[38.018s][info][gc,stats      ]   Resize TLABs                       15 us
[38.018s][info][gc,stats      ] Concurrent Marking               218726 us
[38.018s][info][gc,stats      ] Pause Final Mark (G)                558 us
[38.018s][info][gc,stats      ] Pause Final Mark (N)                400 us
[38.018s][info][gc,stats      ]   Finish Queues                      19 us
[38.018s][info][gc,stats      ]   System Purge                      266 us
[38.018s][info][gc,stats      ]     Weak Roots                      266 us
[38.018s][info][gc,stats      ]   Update Region States               60 us
[38.018s][info][gc,stats      ]   Retire TLABs                       18 us
[38.018s][info][gc,stats      ]   Choose Collection Set              18 us
[38.018s][info][gc,stats      ]   Rebuild Free Set                   11 us
[38.018s][info][gc,stats      ] Concurrent Cleanup                  114 us
[38.018s][info][gc,stats      ] 
[38.018s][info][gc,stats      ] Allocation pacing accrued:
[38.018s][info][gc,stats      ]       0 of   228 ms (  0.0%): <total>
[38.018s][info][gc,stats      ]       0 of   228 ms (  0.0%): <average total>
[38.018s][info][gc,stats      ] 
[38.018s][info][gc,metaspace  ] Metaspace: 60587K->60587K(1103872K)
[38.018s][info][gc,ergo       ] Pacer for Idle. Initial: 30720K, Alloc Tax Rate: 1.0x
[38.102s][info][gc            ] Trigger: Learning 4 of 5. Free (1048M) is below initial threshold (1050M)
[38.102s][info][gc,ergo       ] Free: 1048M, Max: 512K regular, 667M humongous, Frag: 37% external, 0% internal; Reserve: 76800K, Max: 512K
[38.102s][info][gc,start      ] GC(39) Concurrent reset
[38.102s][info][gc,task       ] GC(39) Using 1 of 1 workers for concurrent reset
[38.102s][info][gc,ergo       ] GC(39) Pacer for Reset. Non-Taxable: 1500M
[38.103s][info][gc            ] GC(39) Concurrent reset 0.285ms
[38.106s][info][gc,start      ] GC(39) Pause Init Mark
[38.106s][info][gc,task       ] GC(39) Using 1 of 1 workers for init marking
[38.107s][info][gc,ergo       ] GC(39) Pacer for Mark. Expected Live: 166M, Free: 1048M, Non-Taxable: 104M, Alloc Tax Rate: 0.2x
[38.107s][info][gc            ] GC(39) Pause Init Mark 1.512ms
[38.107s][info][gc,start      ] GC(39) Concurrent marking
[38.107s][info][gc,task       ] GC(39) Using 1 of 1 workers for concurrent marking
[38.339s][info][gc            ] GC(39) Concurrent marking 231.850ms
[38.340s][info][gc,start      ] GC(39) Pause Final Mark
[38.340s][info][gc,task       ] GC(39) Using 1 of 1 workers for final marking
[38.340s][info][gc,ergo       ] GC(39) Collectable Garbage: 203M (97%), Immediate: 203M (97%), CSet: 0B (0%)
[38.340s][info][gc            ] GC(39) Pause Final Mark 0.753ms
[38.341s][info][gc,start      ] GC(39) Concurrent cleanup
[38.341s][info][gc            ] GC(39) Concurrent cleanup 499M->296M(526M) 0.200ms
[38.341s][info][gc,ergo       ] GC(39) Free: 1126M, Max: 512K regular, 667M humongous, Frag: 41% external, 0% internal; Reserve: 76800K, Max: 512K
[38.341s][info][gc,ergo       ] Free: 1126M, Max: 512K regular, 667M humongous, Frag: 41% external, 0% internal; Reserve: 76800K, Max: 512K
[38.341s][info][gc,stats      ] 
[38.341s][info][gc,stats      ] All times are wall-clock times, except per-root-class counters, that are sum over
[38.341s][info][gc,stats      ] all workers. Dividing the <total> over the root stage time estimates parallelism.
[38.341s][info][gc,stats      ] 
[38.341s][info][gc,stats      ] Concurrent Reset                    276 us
[38.341s][info][gc,stats      ] Pause Init Mark (G)                4637 us
[38.341s][info][gc,stats      ] Pause Init Mark (N)                1479 us
[38.341s][info][gc,stats      ]   Accumulate Stats                   18 us
[38.341s][info][gc,stats      ]   Make Parsable                      13 us
[38.341s][info][gc,stats      ]   Update Region States               41 us
[38.341s][info][gc,stats      ]   Scan Roots                       1359 us, parallelism: 0.79x
[38.341s][info][gc,stats      ]     S: <total>                     1077 us
[38.341s][info][gc,stats      ]     S: Thread Roots                 494 us, workers (us): 494, 
[38.341s][info][gc,stats      ]     S: Universe Roots                 3 us, workers (us):   3, 
[38.341s][info][gc,stats      ]     S: JNI Handles Roots              1 us, workers (us):   1, 
[38.341s][info][gc,stats      ]     S: Synchronizer Roots             0 us, workers (us):   0, 
[38.341s][info][gc,stats      ]     S: Management Roots               1 us, workers (us):   1, 
[38.341s][info][gc,stats      ]     S: System Dict Roots             12 us, workers (us):  12, 
[38.341s][info][gc,stats      ]     S: CLDG Roots                   565 us, workers (us): 565, 
[38.341s][info][gc,stats      ]     S: JVMTI Roots                    0 us, workers (us):   0, 
[38.341s][info][gc,stats      ]   Resize TLABs                       15 us
[38.341s][info][gc,stats      ] Concurrent Marking               231841 us
[38.341s][info][gc,stats      ] Pause Final Mark (G)               1035 us
[38.341s][info][gc,stats      ] Pause Final Mark (N)                652 us
[38.341s][info][gc,stats      ]   Finish Queues                      40 us
[38.341s][info][gc,stats      ]   System Purge                      426 us
[38.341s][info][gc,stats      ]     Weak Roots                      426 us
[38.341s][info][gc,stats      ]   Update Region States               74 us
[38.341s][info][gc,stats      ]   Retire TLABs                       22 us
[38.341s][info][gc,stats      ]   Choose Collection Set              33 us
[38.341s][info][gc,stats      ]   Rebuild Free Set                   24 us
[38.341s][info][gc,stats      ] Concurrent Cleanup                  186 us
[38.341s][info][gc,stats      ] 
[38.341s][info][gc,stats      ] Allocation pacing accrued:
[38.341s][info][gc,stats      ]       0 of   324 ms (  0.0%): <total>
[38.341s][info][gc,stats      ]       0 of   324 ms (  0.0%): <average total>
[38.341s][info][gc,stats      ] 
[38.341s][info][gc,metaspace  ] Metaspace: 60587K->60587K(1103872K)
[38.341s][info][gc,ergo       ] Pacer for Idle. Initial: 30720K, Alloc Tax Rate: 1.0x
[38.427s][info][gc            ] Trigger: Learning 5 of 5. Free (1049M) is below initial threshold (1050M)
[38.427s][info][gc,ergo       ] Free: 1049M, Max: 512K regular, 667M humongous, Frag: 37% external, 0% internal; Reserve: 76800K, Max: 512K
[38.427s][info][gc,start      ] GC(40) Concurrent reset
[38.427s][info][gc,task       ] GC(40) Using 1 of 1 workers for concurrent reset
[38.427s][info][gc,ergo       ] GC(40) Pacer for Reset. Non-Taxable: 1500M
[38.427s][info][gc            ] GC(40) Concurrent reset 0.269ms
[38.430s][info][gc,start      ] GC(40) Pause Init Mark (process weakrefs)
[38.430s][info][gc,task       ] GC(40) Using 1 of 1 workers for init marking
[38.432s][info][gc,ergo       ] GC(40) Pacer for Mark. Expected Live: 167M, Free: 1049M, Non-Taxable: 104M, Alloc Tax Rate: 0.2x
[38.432s][info][gc            ] GC(40) Pause Init Mark (process weakrefs) 1.466ms
[38.432s][info][gc,start      ] GC(40) Concurrent marking (process weakrefs)
[38.432s][info][gc,task       ] GC(40) Using 1 of 1 workers for concurrent marking
[38.644s][info][gc            ] GC(40) Concurrent marking (process weakrefs) 212.127ms
[38.644s][info][gc,start      ] GC(40) Concurrent precleaning
[38.644s][info][gc,task       ] GC(40) Using 1 of 1 workers for concurrent preclean
[38.644s][info][gc,ergo       ] GC(40) Pacer for Precleaning. Non-Taxable: 1500M
[38.644s][info][gc            ] GC(40) Concurrent precleaning 0.542ms
[38.645s][info][gc,start      ] GC(40) Pause Final Mark (process weakrefs)
[38.645s][info][gc,task       ] GC(40) Using 1 of 1 workers for final marking
[38.645s][info][gc,ergo       ] GC(40) Collectable Garbage: 201M (97%), Immediate: 201M (97%), CSet: 0B (0%)
[38.645s][info][gc            ] GC(40) Pause Final Mark (process weakrefs) 0.502ms
[38.645s][info][gc,start      ] GC(40) Concurrent cleanup
[38.645s][info][gc            ] GC(40) Concurrent cleanup 493M->292M(526M) 0.075ms
[38.645s][info][gc,ergo       ] GC(40) Free: 1131M, Max: 512K regular, 667M humongous, Frag: 41% external, 0% internal; Reserve: 76800K, Max: 512K
[38.645s][info][gc,ergo       ] Free: 1131M, Max: 512K regular, 667M humongous, Frag: 41% external, 0% internal; Reserve: 76800K, Max: 512K
[38.645s][info][gc,stats      ] 
[38.645s][info][gc,stats      ] All times are wall-clock times, except per-root-class counters, that are sum over
[38.645s][info][gc,stats      ] all workers. Dividing the <total> over the root stage time estimates parallelism.
[38.645s][info][gc,stats      ] 
[38.645s][info][gc,stats      ] Concurrent Reset                    260 us
[38.645s][info][gc,stats      ] Pause Init Mark (G)                4525 us
[38.645s][info][gc,stats      ] Pause Init Mark (N)                1439 us
[38.645s][info][gc,stats      ]   Accumulate Stats                   18 us
[38.645s][info][gc,stats      ]   Make Parsable                      14 us
[38.645s][info][gc,stats      ]   Update Region States               37 us
[38.645s][info][gc,stats      ]   Scan Roots                       1331 us, parallelism: 0.79x
[38.645s][info][gc,stats      ]     S: <total>                     1047 us
[38.645s][info][gc,stats      ]     S: Thread Roots                 468 us, workers (us): 468, 
[38.645s][info][gc,stats      ]     S: Universe Roots                 3 us, workers (us):   3, 
[38.645s][info][gc,stats      ]     S: JNI Handles Roots              2 us, workers (us):   2, 
[38.645s][info][gc,stats      ]     S: Synchronizer Roots             0 us, workers (us):   0, 
[38.645s][info][gc,stats      ]     S: Management Roots               1 us, workers (us):   1, 
[38.645s][info][gc,stats      ]     S: System Dict Roots             11 us, workers (us):  11, 
[38.645s][info][gc,stats      ]     S: CLDG Roots                   561 us, workers (us): 561, 
[38.645s][info][gc,stats      ]     S: JVMTI Roots                    0 us, workers (us):   0, 
[38.645s][info][gc,stats      ]   Resize TLABs                       11 us
[38.645s][info][gc,stats      ] Concurrent Marking               212117 us
[38.645s][info][gc,stats      ] Concurrent Precleaning              529 us
[38.645s][info][gc,stats      ] Pause Final Mark (G)                643 us
[38.645s][info][gc,stats      ] Pause Final Mark (N)                494 us
[38.645s][info][gc,stats      ]   Finish Queues                      12 us
[38.645s][info][gc,stats      ]   Weak References                    20 us
[38.645s][info][gc,stats      ]     Process                          18 us
[38.645s][info][gc,stats      ]   System Purge                      347 us
[38.645s][info][gc,stats      ]     Weak Roots                      347 us
[38.645s][info][gc,stats      ]   Update Region States               52 us
[38.645s][info][gc,stats      ]   Retire TLABs                       21 us
[38.645s][info][gc,stats      ]   Choose Collection Set              26 us
[38.645s][info][gc,stats      ]   Rebuild Free Set                   10 us
[38.645s][info][gc,stats      ] Concurrent Cleanup                   68 us
[38.645s][info][gc,stats      ] 
[38.645s][info][gc,stats      ] Allocation pacing accrued:
[38.645s][info][gc,stats      ]       0 of   304 ms (  0.0%): <total>
[38.645s][info][gc,stats      ]       0 of   304 ms (  0.0%): <average total>
[38.645s][info][gc,stats      ] 
[38.645s][info][gc,metaspace  ] Metaspace: 60587K->60587K(1103872K)
[38.645s][info][gc,ergo       ] Pacer for Idle. Initial: 30720K, Alloc Tax Rate: 1.0x
[39.505s][info][gc            ] Trigger: Average GC time (279.34 ms) is above the time for allocation rate (868 MB/s) to deplete free headroom (241M)
[39.505s][info][gc,ergo       ] Free headroom: 316M (free) - 76800K (spike) - 0B (penalties) = 241M
[39.505s][info][gc,ergo       ] Free: 316M, Max: 512K regular, 316M humongous, Frag: 0% external, 0% internal; Reserve: 76800K, Max: 512K
[39.505s][info][gc,start      ] GC(41) Concurrent reset
[39.505s][info][gc,task       ] GC(41) Using 1 of 1 workers for concurrent reset
[39.505s][info][gc,ergo       ] GC(41) Pacer for Reset. Non-Taxable: 1500M
[39.505s][info][gc            ] GC(41) Concurrent reset 0.313ms
[39.508s][info][gc,start      ] GC(41) Pause Init Mark
[39.508s][info][gc,task       ] GC(41) Using 1 of 1 workers for init marking
[39.510s][info][gc,ergo       ] GC(41) Pacer for Mark. Expected Live: 167M, Free: 316M, Non-Taxable: 32408K, Alloc Tax Rate: 0.6x
[39.510s][info][gc            ] GC(41) Pause Init Mark 1.626ms
[39.510s][info][gc,start      ] GC(41) Concurrent marking
[39.510s][info][gc,task       ] GC(41) Using 1 of 1 workers for concurrent marking
[39.670s][info][gc            ] GC(41) Concurrent marking 159.798ms
[39.670s][info][gc,start      ] GC(41) Pause Final Mark
[39.670s][info][gc,task       ] GC(41) Using 1 of 1 workers for final marking
[39.670s][info][gc,ergo       ] GC(41) Collectable Garbage: 932M (99%), Immediate: 932M (99%), CSet: 0B (0%)
[39.670s][info][gc            ] GC(41) Pause Final Mark 0.382ms
[39.670s][info][gc,start      ] GC(41) Concurrent cleanup
[39.670s][info][gc            ] GC(41) Concurrent cleanup 1155M->223M(1159M) 0.126ms
[39.670s][info][gc,ergo       ] GC(41) Free: 1199M, Max: 512K regular, 302M humongous, Frag: 75% external, 0% internal; Reserve: 76800K, Max: 512K
[39.670s][info][gc,ergo       ] Free: 1199M, Max: 512K regular, 302M humongous, Frag: 75% external, 0% internal; Reserve: 76800K, Max: 512K
[39.670s][info][gc,stats      ] 
[39.670s][info][gc,stats      ] All times are wall-clock times, except per-root-class counters, that are sum over
[39.670s][info][gc,stats      ] all workers. Dividing the <total> over the root stage time estimates parallelism.
[39.670s][info][gc,stats      ] 
[39.670s][info][gc,stats      ] Concurrent Reset                    303 us
[39.670s][info][gc,stats      ] Pause Init Mark (G)                4714 us
[39.670s][info][gc,stats      ] Pause Init Mark (N)                1595 us
[39.670s][info][gc,stats      ]   Accumulate Stats                   19 us
[39.670s][info][gc,stats      ]   Make Parsable                      16 us
[39.670s][info][gc,stats      ]   Update Region States               43 us
[39.671s][info][gc,stats      ]   Scan Roots                       1454 us, parallelism: 0.79x
[39.671s][info][gc,stats      ]     S: <total>                     1141 us
[39.671s][info][gc,stats      ]     S: Thread Roots                 578 us, workers (us): 578, 
[39.671s][info][gc,stats      ]     S: Universe Roots                 3 us, workers (us):   3, 
[39.671s][info][gc,stats      ]     S: JNI Handles Roots              1 us, workers (us):   1, 
[39.671s][info][gc,stats      ]     S: Synchronizer Roots             0 us, workers (us):   0, 
[39.671s][info][gc,stats      ]     S: Management Roots               2 us, workers (us):   2, 
[39.671s][info][gc,stats      ]     S: System Dict Roots             11 us, workers (us):  11, 
[39.671s][info][gc,stats      ]     S: CLDG Roots                   546 us, workers (us): 546, 
[39.671s][info][gc,stats      ]     S: JVMTI Roots                    0 us, workers (us):   0, 
[39.671s][info][gc,stats      ]   Resize TLABs                       16 us
[39.671s][info][gc,stats      ] Concurrent Marking               159789 us
[39.671s][info][gc,stats      ] Pause Final Mark (G)                512 us
[39.671s][info][gc,stats      ] Pause Final Mark (N)                372 us
[39.671s][info][gc,stats      ]   Finish Queues                      14 us
[39.671s][info][gc,stats      ]   System Purge                      256 us
[39.671s][info][gc,stats      ]     Weak Roots                      255 us
[39.671s][info][gc,stats      ]   Update Region States               47 us
[39.671s][info][gc,stats      ]   Retire TLABs                       18 us
[39.671s][info][gc,stats      ]   Choose Collection Set              21 us
[39.671s][info][gc,stats      ]   Rebuild Free Set                   10 us
[39.671s][info][gc,stats      ] Concurrent Cleanup                  120 us
[39.671s][info][gc,stats      ] Pacing                            48670 us
[39.671s][info][gc,stats      ] 
[39.671s][info][gc,stats      ] Allocation pacing accrued:
[39.671s][info][gc,stats      ]      49 of  1025 ms (  4.7%): Executor task launch worker for task 0.0 in stage 16.0 (TID 16)
[39.671s][info][gc,stats      ]      49 of  1025 ms (  4.7%): <total>
[39.671s][info][gc,stats      ]       0 of  1025 ms (  0.0%): <average total>
[39.671s][info][gc,stats      ]      49 of  1025 ms (  4.7%): <average non-zero>
[39.671s][info][gc,stats      ] 
[39.671s][info][gc,metaspace  ] Metaspace: 60588K->60588K(1103872K)
[39.671s][info][gc,ergo       ] Pacer for Idle. Initial: 30720K, Alloc Tax Rate: 1.0x
[40.108s][info][gc            ] Trigger: Explicit GC request (System.gc())
[40.109s][info][gc,ergo       ] Free: 753M, Max: 512K regular, 267M humongous, Frag: 65% external, 0% internal; Reserve: 76800K, Max: 512K
[40.109s][info][gc,start      ] GC(42) Concurrent reset
[40.109s][info][gc,task       ] GC(42) Using 1 of 1 workers for concurrent reset
[40.109s][info][gc,ergo       ] GC(42) Pacer for Reset. Non-Taxable: 1500M
[40.109s][info][gc            ] GC(42) Concurrent reset 0.306ms
[40.109s][info][gc,start      ] GC(42) Pause Init Mark (process weakrefs) (unload classes)
[40.109s][info][gc,task       ] GC(42) Using 1 of 1 workers for init marking
[40.110s][info][gc,ergo       ] GC(42) Pacer for Mark. Expected Live: 167M, Free: 753M, Non-Taxable: 77119K, Alloc Tax Rate: 0.3x
[40.110s][info][gc            ] GC(42) Pause Init Mark (process weakrefs) (unload classes) 1.187ms
[40.110s][info][gc,start      ] GC(42) Concurrent marking (process weakrefs) (unload classes)
[40.110s][info][gc,task       ] GC(42) Using 1 of 1 workers for concurrent marking
[40.244s][info][gc            ] GC(42) Concurrent marking (process weakrefs) (unload classes) 133.046ms
[40.244s][info][gc,start      ] GC(42) Concurrent precleaning
[40.244s][info][gc,task       ] GC(42) Using 1 of 1 workers for concurrent preclean
[40.244s][info][gc,ergo       ] GC(42) Pacer for Precleaning. Non-Taxable: 1500M
[40.244s][info][gc            ] GC(42) Concurrent precleaning 0.299ms
[40.244s][info][gc,start      ] GC(42) Pause Final Mark (process weakrefs) (unload classes)
[40.244s][info][gc,task       ] GC(42) Using 1 of 1 workers for final marking
[40.268s][info][gc,stringtable] GC(42) Cleaned string and symbol table, strings: 18533 processed, 0 removed, symbols: 131965 processed, 200 removed
[40.268s][info][gc,ergo       ] GC(42) Collectable Garbage: 493M (97%), Immediate: 493M (97%), CSet: 0B (0%)
[40.268s][info][gc            ] GC(42) Pause Final Mark (process weakrefs) (unload classes) 24.208ms
[40.268s][info][gc,start      ] GC(42) Concurrent cleanup
[40.268s][info][gc            ] GC(42) Concurrent cleanup 670M->177M(1159M) 0.095ms
[40.268s][info][gc,ergo       ] GC(42) Free: 1246M, Max: 512K regular, 667M humongous, Frag: 47% external, 0% internal; Reserve: 76800K, Max: 512K
[40.268s][info][gc,ergo       ] Free: 1246M, Max: 512K regular, 667M humongous, Frag: 47% external, 0% internal; Reserve: 76800K, Max: 512K
[40.268s][info][gc,stats      ] 
[40.268s][info][gc,stats      ] All times are wall-clock times, except per-root-class counters, that are sum over
[40.268s][info][gc,stats      ] all workers. Dividing the <total> over the root stage time estimates parallelism.
[40.268s][info][gc,stats      ] 
[40.268s][info][gc,stats      ] Concurrent Reset                    293 us
[40.268s][info][gc,stats      ] Pause Init Mark (G)                1477 us
[40.268s][info][gc,stats      ] Pause Init Mark (N)                1171 us
[40.268s][info][gc,stats      ]   Accumulate Stats                   19 us
[40.268s][info][gc,stats      ]   Make Parsable                      16 us
[40.268s][info][gc,stats      ]   Update Region States               33 us
[40.268s][info][gc,stats      ]   Scan Roots                       1011 us, parallelism: 0.59x
[40.268s][info][gc,stats      ]     S: <total>                      592 us
[40.268s][info][gc,stats      ]     S: Thread Roots                 472 us, workers (us): 472, 
[40.268s][info][gc,stats      ]     S: Universe Roots                 2 us, workers (us):   2, 
[40.268s][info][gc,stats      ]     S: JNI Handles Roots              1 us, workers (us):   1, 
[40.268s][info][gc,stats      ]     S: Synchronizer Roots             0 us, workers (us):   0, 
[40.268s][info][gc,stats      ]     S: Management Roots               1 us, workers (us):   1, 
[40.268s][info][gc,stats      ]     S: System Dict Roots             12 us, workers (us):  12, 
[40.268s][info][gc,stats      ]     S: CLDG Roots                   101 us, workers (us): 101, 
[40.268s][info][gc,stats      ]     S: JVMTI Roots                    1 us, workers (us):   1, 
[40.268s][info][gc,stats      ]   Resize TLABs                       11 us
[40.268s][info][gc,stats      ] Concurrent Marking               133038 us
[40.268s][info][gc,stats      ] Concurrent Precleaning              291 us
[40.268s][info][gc,stats      ] Pause Final Mark (G)              24374 us
[40.268s][info][gc,stats      ] Pause Final Mark (N)              24198 us
[40.268s][info][gc,stats      ]   Finish Queues                     101 us
[40.268s][info][gc,stats      ]   Weak References                    48 us
[40.268s][info][gc,stats      ]     Process                          47 us
[40.268s][info][gc,stats      ]   System Purge                      319 us
[40.268s][info][gc,stats      ]     Unload Classes                 1056 us
[40.268s][info][gc,stats      ]     Cleanup                       22305 us, parallelism: 1.00x
[40.268s][info][gc,stats      ]       CU: <total>                 22231 us
[40.268s][info][gc,stats      ]       CU: Code Cache Roots         8241 us, workers (us): 8241, 
[40.268s][info][gc,stats      ]       CU: Code Cache Cleaning      1688 us, workers (us): 1688, 
[40.269s][info][gc,stats      ]       CU: String Table Roots       6054 us, workers (us): 6054, 
[40.269s][info][gc,stats      ]       CU: Resolved Table Roots      167 us, workers (us): 167, 
[40.269s][info][gc,stats      ]       CU: CLDG Roots               6081 us, workers (us): 6081, 
[40.269s][info][gc,stats      ]     Weak Roots                      319 us
[40.269s][info][gc,stats      ]     CLDG                            232 us
[40.269s][info][gc,stats      ]   Update Region States               53 us
[40.269s][info][gc,stats      ]   Retire TLABs                       43 us
[40.269s][info][gc,stats      ]   Choose Collection Set              22 us
[40.269s][info][gc,stats      ]   Rebuild Free Set                   10 us
[40.269s][info][gc,stats      ] Concurrent Cleanup                   86 us
[40.269s][info][gc,stats      ] Pacing                             7249 us
[40.269s][info][gc,stats      ] 
[40.269s][info][gc,stats      ] Allocation pacing accrued:
[40.269s][info][gc,stats      ]       7 of   598 ms (  1.2%): Executor task launch worker for task 0.0 in stage 17.0 (TID 17)
[40.269s][info][gc,stats      ]       7 of   598 ms (  1.2%): <total>
[40.269s][info][gc,stats      ]       0 of   598 ms (  0.0%): <average total>
[40.269s][info][gc,stats      ]       7 of   598 ms (  1.2%): <average non-zero>
[40.269s][info][gc,stats      ] 
[40.269s][info][gc,metaspace  ] Metaspace: 60628K->60250K(1103872K)
[40.269s][info][gc,ergo       ] Pacer for Idle. Initial: 30720K, Alloc Tax Rate: 1.0x
[40.269s][info][gc,start      ] Concurrent uncommit
[40.303s][info][gc            ] Concurrent uncommit 177M->177M(179M) 34.069ms
[40.769s][info][gc            ] Trigger: Learning 2 of 5. Free (1048M) is below initial threshold (1050M)
[40.769s][info][gc,ergo       ] Free: 1048M, Max: 512K regular, 667M humongous, Frag: 37% external, 0% internal; Reserve: 76800K, Max: 512K
[40.769s][info][gc,start      ] GC(43) Concurrent reset
[40.769s][info][gc,task       ] GC(43) Using 1 of 1 workers for concurrent reset
[40.769s][info][gc,ergo       ] GC(43) Pacer for Reset. Non-Taxable: 1500M
[40.770s][info][gc            ] GC(43) Concurrent reset 0.329ms
[40.773s][info][gc,start      ] GC(43) Pause Init Mark
[40.773s][info][gc,task       ] GC(43) Using 1 of 1 workers for init marking
[40.775s][info][gc,ergo       ] GC(43) Pacer for Mark. Expected Live: 167M, Free: 1048M, Non-Taxable: 104M, Alloc Tax Rate: 0.2x
[40.775s][info][gc            ] GC(43) Pause Init Mark 1.659ms
[40.775s][info][gc,start      ] GC(43) Concurrent marking
[40.775s][info][gc,task       ] GC(43) Using 1 of 1 workers for concurrent marking
[40.976s][info][gc            ] GC(43) Concurrent marking 201.096ms
[40.976s][info][gc,start      ] GC(43) Pause Final Mark
[40.976s][info][gc,task       ] GC(43) Using 1 of 1 workers for final marking
[40.976s][info][gc,ergo       ] GC(43) Adaptive CSet Selection. Target Free: 212M, Actual Free: 1212M, Max CSet: 64000K, Min Garbage: 0B
[40.976s][info][gc,ergo       ] GC(43) Collectable Garbage: 203M (98%), Immediate: 175M (85%), CSet: 28339K (13%)
[40.979s][info][gc,ergo       ] GC(43) Pacer for Evacuation. Used CSet: 30113K, Free: 1139M, Non-Taxable: 113M, Alloc Tax Rate: 1.1x
[40.979s][info][gc            ] GC(43) Pause Final Mark 3.175ms
[40.979s][info][gc,start      ] GC(43) Concurrent cleanup
[40.979s][info][gc            ] GC(43) Concurrent cleanup 458M->283M(463M) 0.075ms
[40.979s][info][gc,ergo       ] GC(43) Free: 1139M, Max: 512K regular, 667M humongous, Frag: 42% external, 0% internal; Reserve: 76544K, Max: 512K
[40.979s][info][gc,start      ] GC(43) Concurrent evacuation
[40.979s][info][gc,task       ] GC(43) Using 1 of 1 workers for concurrent evacuation
[40.985s][info][gc            ] GC(43) Concurrent evacuation 5.274ms
[40.989s][info][gc,start      ] GC(43) Pause Init Update Refs
[40.989s][info][gc,ergo       ] GC(43) Pacer for Update Refs. Used: 289M, Free: 1135M, Non-Taxable: 113M, Alloc Tax Rate: 1.1x
[40.989s][info][gc            ] GC(43) Pause Init Update Refs 0.067ms
[40.989s][info][gc,start      ] GC(43) Concurrent update references
[40.989s][info][gc,task       ] GC(43) Using 1 of 1 workers for concurrent reference update
[41.342s][info][gc            ] GC(43) Concurrent update references 352.943ms
[41.344s][info][gc,start      ] GC(43) Pause Final Update Refs
[41.344s][info][gc,task       ] GC(43) Using 1 of 1 workers for final reference update
[41.345s][info][gc            ] GC(43) Pause Final Update Refs 0.728ms
[41.345s][info][gc,start      ] GC(43) Concurrent cleanup
[41.345s][info][gc            ] GC(43) Concurrent cleanup 437M->408M(465M) 0.068ms
[41.345s][info][gc,ergo       ] Free: 1015M, Max: 512K regular, 667M humongous, Frag: 35% external, 0% internal; Reserve: 76800K, Max: 512K
[41.345s][info][gc,stats      ] 
[41.345s][info][gc,stats      ] All times are wall-clock times, except per-root-class counters, that are sum over
[41.345s][info][gc,stats      ] all workers. Dividing the <total> over the root stage time estimates parallelism.
[41.345s][info][gc,stats      ] 
[41.345s][info][gc,stats      ] Concurrent Reset                    314 us
[41.345s][info][gc,stats      ] Pause Init Mark (G)                5053 us
[41.345s][info][gc,stats      ] Pause Init Mark (N)                1621 us
[41.345s][info][gc,stats      ]   Accumulate Stats                   26 us
[41.345s][info][gc,stats      ]   Make Parsable                      21 us
[41.345s][info][gc,stats      ]   Update Region States               48 us
[41.345s][info][gc,stats      ]   Scan Roots                       1477 us, parallelism: 0.81x
[41.345s][info][gc,stats      ]     S: <total>                     1199 us
[41.345s][info][gc,stats      ]     S: Thread Roots                 578 us, workers (us): 578, 
[41.345s][info][gc,stats      ]     S: Universe Roots                 2 us, workers (us):   2, 
[41.345s][info][gc,stats      ]     S: JNI Handles Roots              2 us, workers (us):   2, 
[41.345s][info][gc,stats      ]     S: Synchronizer Roots             0 us, workers (us):   0, 
[41.345s][info][gc,stats      ]     S: Management Roots               1 us, workers (us):   1, 
[41.345s][info][gc,stats      ]     S: System Dict Roots             12 us, workers (us):  12, 
[41.345s][info][gc,stats      ]     S: CLDG Roots                   604 us, workers (us): 604, 
[41.345s][info][gc,stats      ]     S: JVMTI Roots                    1 us, workers (us):   1, 
[41.345s][info][gc,stats      ]   Resize TLABs                       14 us
[41.345s][info][gc,stats      ] Concurrent Marking               201085 us
[41.345s][info][gc,stats      ] Pause Final Mark (G)               3372 us
[41.345s][info][gc,stats      ] Pause Final Mark (N)               3157 us
[41.345s][info][gc,stats      ]   Finish Queues                      17 us
[41.345s][info][gc,stats      ]   System Purge                      306 us
[41.345s][info][gc,stats      ]     Weak Roots                      306 us
[41.345s][info][gc,stats      ]   Update Region States               51 us
[41.345s][info][gc,stats      ]   Retire TLABs                       22 us
[41.345s][info][gc,stats      ]   Choose Collection Set              65 us
[41.345s][info][gc,stats      ]   Rebuild Free Set                   10 us
[41.345s][info][gc,stats      ]   Initial Evacuation               2676 us, parallelism: 0.64x
[41.345s][info][gc,stats      ]     E: <total>                     1715 us
[41.345s][info][gc,stats      ]     E: Thread Roots                 622 us, workers (us): 622, 
[41.345s][info][gc,stats      ]     E: Code Cache Roots             447 us, workers (us): 447, 
[41.345s][info][gc,stats      ]     E: Universe Roots                 1 us, workers (us):   1, 
[41.345s][info][gc,stats      ]     E: JNI Handles Roots              1 us, workers (us):   1, 
[41.345s][info][gc,stats      ]     E: Synchronizer Roots             0 us, workers (us):   0, 
[41.345s][info][gc,stats      ]     E: Management Roots               1 us, workers (us):   1, 
[41.345s][info][gc,stats      ]     E: System Dict Roots             33 us, workers (us):  33, 
[41.345s][info][gc,stats      ]     E: CLDG Roots                   609 us, workers (us): 609, 
[41.345s][info][gc,stats      ]     E: JVMTI Roots                    0 us, workers (us):   0, 
[41.345s][info][gc,stats      ] Concurrent Cleanup                   66 us
[41.345s][info][gc,stats      ] Concurrent Evacuation              5263 us
[41.345s][info][gc,stats      ] Pause Init  Update Refs (G)        3934 us
[41.345s][info][gc,stats      ] Pause Init  Update Refs (N)          29 us
[41.345s][info][gc,stats      ]   Retire GCLABs                      14 us
[41.345s][info][gc,stats      ] Concurrent Update Refs           352925 us
[41.345s][info][gc,stats      ] Pause Final Update Refs (G)        3376 us
[41.345s][info][gc,stats      ] Pause Final Update Refs (N)         661 us
[41.345s][info][gc,stats      ]   Update Roots                      580 us, parallelism: 0.98x
[41.345s][info][gc,stats      ]     UR: <total>                     571 us
[41.345s][info][gc,stats      ]     UR: Thread Roots                571 us, workers (us): 571, 
[41.345s][info][gc,stats      ]   Update Region States               57 us
[41.345s][info][gc,stats      ]   Trash Collection Set                2 us
[41.345s][info][gc,stats      ]   Rebuild Free Set                   11 us
[41.345s][info][gc,stats      ] Concurrent Cleanup                   59 us
[41.345s][info][gc,stats      ] 
[41.345s][info][gc,stats      ] Allocation pacing accrued:
[41.345s][info][gc,stats      ]       0 of  1077 ms (  0.0%): <total>
[41.345s][info][gc,stats      ]       0 of  1077 ms (  0.0%): <average total>
[41.345s][info][gc,stats      ] 
[41.346s][info][gc,metaspace  ] Metaspace: 60660K->60660K(1103872K)
[41.346s][info][gc,ergo       ] Pacer for Idle. Initial: 30720K, Alloc Tax Rate: 1.0x
[41.347s][info][gc            ] Trigger: Learning 3 of 5. Free (1012M) is below initial threshold (1050M)
[41.348s][info][gc,ergo       ] Free: 1012M, Max: 512K regular, 667M humongous, Frag: 35% external, 0% internal; Reserve: 76800K, Max: 512K
[41.348s][info][gc,start      ] GC(44) Concurrent reset
[41.348s][info][gc,task       ] GC(44) Using 1 of 1 workers for concurrent reset
[41.348s][info][gc,ergo       ] GC(44) Pacer for Reset. Non-Taxable: 1500M
[41.348s][info][gc            ] GC(44) Concurrent reset 0.358ms
[41.350s][info][gc,start      ] GC(44) Pause Init Mark
[41.350s][info][gc,task       ] GC(44) Using 1 of 1 workers for init marking
[41.352s][info][gc,ergo       ] GC(44) Pacer for Mark. Expected Live: 167M, Free: 1012M, Non-Taxable: 101M, Alloc Tax Rate: 0.2x
[41.352s][info][gc            ] GC(44) Pause Init Mark 1.815ms
[41.352s][info][gc,start      ] GC(44) Concurrent marking
[41.352s][info][gc,task       ] GC(44) Using 1 of 1 workers for concurrent marking
[41.561s][info][gc            ] GC(44) Concurrent marking 209.515ms
[41.562s][info][gc,start      ] GC(44) Pause Final Mark
[41.562s][info][gc,task       ] GC(44) Using 1 of 1 workers for final marking
[41.562s][info][gc,ergo       ] GC(44) Collectable Garbage: 239M (98%), Immediate: 239M (98%), CSet: 0B (0%)
[41.562s][info][gc            ] GC(44) Pause Final Mark 0.532ms
[41.562s][info][gc,start      ] GC(44) Concurrent cleanup
[41.562s][info][gc            ] GC(44) Concurrent cleanup 511M->272M(518M) 0.088ms
[41.562s][info][gc,ergo       ] GC(44) Free: 1150M, Max: 512K regular, 667M humongous, Frag: 42% external, 0% internal; Reserve: 76800K, Max: 512K
[41.562s][info][gc,ergo       ] Free: 1150M, Max: 512K regular, 667M humongous, Frag: 42% external, 0% internal; Reserve: 76800K, Max: 512K
[41.562s][info][gc,stats      ] 
[41.562s][info][gc,stats      ] All times are wall-clock times, except per-root-class counters, that are sum over
[41.562s][info][gc,stats      ] all workers. Dividing the <total> over the root stage time estimates parallelism.
[41.562s][info][gc,stats      ] 
[41.562s][info][gc,stats      ] Concurrent Reset                    348 us
[41.562s][info][gc,stats      ] Pause Init Mark (G)                3748 us
[41.562s][info][gc,stats      ] Pause Init Mark (N)                1778 us
[41.562s][info][gc,stats      ]   Accumulate Stats                   22 us
[41.562s][info][gc,stats      ]   Make Parsable                      16 us
[41.562s][info][gc,stats      ]   Update Region States               60 us
[41.562s][info][gc,stats      ]   Scan Roots                       1616 us, parallelism: 0.79x
[41.563s][info][gc,stats      ]     S: <total>                     1281 us
[41.563s][info][gc,stats      ]     S: Thread Roots                 594 us, workers (us): 594, 
[41.563s][info][gc,stats      ]     S: Universe Roots                 3 us, workers (us):   3, 
[41.563s][info][gc,stats      ]     S: JNI Handles Roots              2 us, workers (us):   2, 
[41.563s][info][gc,stats      ]     S: Synchronizer Roots             0 us, workers (us):   0, 
[41.563s][info][gc,stats      ]     S: Management Roots               2 us, workers (us):   2, 
[41.563s][info][gc,stats      ]     S: System Dict Roots             27 us, workers (us):  27, 
[41.563s][info][gc,stats      ]     S: CLDG Roots                   653 us, workers (us): 653, 
[41.563s][info][gc,stats      ]     S: JVMTI Roots                    1 us, workers (us):   1, 
[41.563s][info][gc,stats      ]   Resize TLABs                       20 us
[41.563s][info][gc,stats      ] Concurrent Marking               209506 us
[41.563s][info][gc,stats      ] Pause Final Mark (G)                872 us
[41.563s][info][gc,stats      ] Pause Final Mark (N)                500 us
[41.563s][info][gc,stats      ]   Finish Queues                      31 us
[41.563s][info][gc,stats      ]   System Purge                      322 us
[41.563s][info][gc,stats      ]     Weak Roots                      321 us
[41.563s][info][gc,stats      ]   Update Region States               58 us
[41.563s][info][gc,stats      ]   Retire TLABs                       29 us
[41.563s][info][gc,stats      ]   Choose Collection Set              35 us
[41.563s][info][gc,stats      ]   Rebuild Free Set                   12 us
[41.563s][info][gc,stats      ] Concurrent Cleanup                   74 us
[41.563s][info][gc,stats      ] 
[41.563s][info][gc,stats      ] Allocation pacing accrued:
[41.563s][info][gc,stats      ]       0 of   217 ms (  0.0%): <total>
[41.563s][info][gc,stats      ]       0 of   217 ms (  0.0%): <average total>
[41.563s][info][gc,stats      ] 
[41.563s][info][gc,metaspace  ] Metaspace: 60660K->60660K(1103872K)
[41.563s][info][gc,ergo       ] Pacer for Idle. Initial: 30720K, Alloc Tax Rate: 1.0x
[41.648s][info][gc            ] Trigger: Learning 4 of 5. Free (1049M) is below initial threshold (1050M)
[41.648s][info][gc,ergo       ] Free: 1049M, Max: 512K regular, 667M humongous, Frag: 37% external, 0% internal; Reserve: 76800K, Max: 512K
[41.649s][info][gc,start      ] GC(45) Concurrent reset
[41.649s][info][gc,task       ] GC(45) Using 1 of 1 workers for concurrent reset
[41.649s][info][gc,ergo       ] GC(45) Pacer for Reset. Non-Taxable: 1500M
[41.649s][info][gc            ] GC(45) Concurrent reset 0.267ms
[41.652s][info][gc,start      ] GC(45) Pause Init Mark (process weakrefs)
[41.652s][info][gc,task       ] GC(45) Using 1 of 1 workers for init marking
[41.654s][info][gc,ergo       ] GC(45) Pacer for Mark. Expected Live: 167M, Free: 1049M, Non-Taxable: 104M, Alloc Tax Rate: 0.2x
[41.654s][info][gc            ] GC(45) Pause Init Mark (process weakrefs) 1.644ms
[41.654s][info][gc,start      ] GC(45) Concurrent marking (process weakrefs)
[41.654s][info][gc,task       ] GC(45) Using 1 of 1 workers for concurrent marking
[41.887s][info][gc            ] GC(45) Concurrent marking (process weakrefs) 232.937ms
[41.887s][info][gc,start      ] GC(45) Concurrent precleaning
[41.887s][info][gc,task       ] GC(45) Using 1 of 1 workers for concurrent preclean
[41.887s][info][gc,ergo       ] GC(45) Pacer for Precleaning. Non-Taxable: 1500M
[41.888s][info][gc            ] GC(45) Concurrent precleaning 0.620ms
[41.889s][info][gc,start      ] GC(45) Pause Final Mark (process weakrefs)
[41.889s][info][gc,task       ] GC(45) Using 1 of 1 workers for final marking
[41.890s][info][gc,ergo       ] GC(45) Collectable Garbage: 202M (97%), Immediate: 202M (97%), CSet: 0B (0%)
[41.890s][info][gc            ] GC(45) Pause Final Mark (process weakrefs) 0.699ms
[41.890s][info][gc,start      ] GC(45) Concurrent cleanup
[41.890s][info][gc            ] GC(45) Concurrent cleanup 493M->291M(518M) 0.073ms
[41.890s][info][gc,ergo       ] GC(45) Free: 1131M, Max: 512K regular, 667M humongous, Frag: 42% external, 0% internal; Reserve: 76800K, Max: 512K
[41.890s][info][gc,ergo       ] Free: 1131M, Max: 512K regular, 667M humongous, Frag: 42% external, 0% internal; Reserve: 76800K, Max: 512K
[41.890s][info][gc,stats      ] 
[41.890s][info][gc,stats      ] All times are wall-clock times, except per-root-class counters, that are sum over
[41.890s][info][gc,stats      ] all workers. Dividing the <total> over the root stage time estimates parallelism.
[41.890s][info][gc,stats      ] 
[41.890s][info][gc,stats      ] Concurrent Reset                    258 us
[41.890s][info][gc,stats      ] Pause Init Mark (G)                4908 us
[41.890s][info][gc,stats      ] Pause Init Mark (N)                1614 us
[41.890s][info][gc,stats      ]   Accumulate Stats                   20 us
[41.890s][info][gc,stats      ]   Make Parsable                      14 us
[41.890s][info][gc,stats      ]   Update Region States               40 us
[41.890s][info][gc,stats      ]   Scan Roots                       1482 us, parallelism: 0.79x
[41.890s][info][gc,stats      ]     S: <total>                     1176 us
[41.890s][info][gc,stats      ]     S: Thread Roots                 601 us, workers (us): 601, 
[41.890s][info][gc,stats      ]     S: Universe Roots                 2 us, workers (us):   2, 
[41.890s][info][gc,stats      ]     S: JNI Handles Roots              1 us, workers (us):   1, 
[41.890s][info][gc,stats      ]     S: Synchronizer Roots             0 us, workers (us):   0, 
[41.890s][info][gc,stats      ]     S: Management Roots               2 us, workers (us):   2, 
[41.890s][info][gc,stats      ]     S: System Dict Roots             10 us, workers (us):  10, 
[41.890s][info][gc,stats      ]     S: CLDG Roots                   558 us, workers (us): 558, 
[41.890s][info][gc,stats      ]     S: JVMTI Roots                    1 us, workers (us):   1, 
[41.890s][info][gc,stats      ]   Resize TLABs                       16 us
[41.890s][info][gc,stats      ] Concurrent Marking               232928 us
[41.890s][info][gc,stats      ] Concurrent Precleaning              580 us
[41.890s][info][gc,stats      ] Pause Final Mark (G)               2282 us
[41.890s][info][gc,stats      ] Pause Final Mark (N)                679 us
[41.890s][info][gc,stats      ]   Finish Queues                      28 us
[41.890s][info][gc,stats      ]   Weak References                    25 us
[41.890s][info][gc,stats      ]     Process                          22 us
[41.890s][info][gc,stats      ]   System Purge                      427 us
[41.890s][info][gc,stats      ]     Weak Roots                      426 us
[41.890s][info][gc,stats      ]   Update Region States               52 us
[41.890s][info][gc,stats      ]   Retire TLABs                       33 us
[41.890s][info][gc,stats      ]   Choose Collection Set              31 us
[41.890s][info][gc,stats      ]   Rebuild Free Set                   74 us
[41.890s][info][gc,stats      ] Concurrent Cleanup                   65 us
[41.890s][info][gc,stats      ] 
[41.890s][info][gc,stats      ] Allocation pacing accrued:
[41.890s][info][gc,stats      ]       0 of   328 ms (  0.0%): <total>
[41.890s][info][gc,stats      ]       0 of   328 ms (  0.0%): <average total>
[41.890s][info][gc,stats      ] 
[41.890s][info][gc,metaspace  ] Metaspace: 60660K->60660K(1103872K)
[41.890s][info][gc,ergo       ] Pacer for Idle. Initial: 30720K, Alloc Tax Rate: 1.0x
[41.995s][info][gc            ] Trigger: Learning 5 of 5. Free (1049M) is below initial threshold (1050M)
[41.995s][info][gc,ergo       ] Free: 1049M, Max: 512K regular, 667M humongous, Frag: 37% external, 0% internal; Reserve: 76800K, Max: 512K
[41.995s][info][gc,start      ] GC(46) Concurrent reset
[41.995s][info][gc,task       ] GC(46) Using 1 of 1 workers for concurrent reset
[41.995s][info][gc,ergo       ] GC(46) Pacer for Reset. Non-Taxable: 1500M
[41.995s][info][gc            ] GC(46) Concurrent reset 0.306ms
[41.998s][info][gc,start      ] GC(46) Pause Init Mark
[41.998s][info][gc,task       ] GC(46) Using 1 of 1 workers for init marking
[42.000s][info][gc,ergo       ] GC(46) Pacer for Mark. Expected Live: 167M, Free: 1049M, Non-Taxable: 104M, Alloc Tax Rate: 0.2x
[42.000s][info][gc            ] GC(46) Pause Init Mark 1.568ms
[42.000s][info][gc,start      ] GC(46) Concurrent marking
[42.000s][info][gc,task       ] GC(46) Using 1 of 1 workers for concurrent marking
[42.213s][info][gc            ] GC(46) Concurrent marking 213.094ms
[42.214s][info][gc,start      ] GC(46) Pause Final Mark
[42.214s][info][gc,task       ] GC(46) Using 1 of 1 workers for final marking
[42.215s][info][gc,ergo       ] GC(46) Collectable Garbage: 198M (96%), Immediate: 198M (96%), CSet: 0B (0%)
[42.215s][info][gc            ] GC(46) Pause Final Mark 0.928ms
[42.215s][info][gc,start      ] GC(46) Concurrent cleanup
[42.215s][info][gc            ] GC(46) Concurrent cleanup 484M->285M(518M) 0.214ms
[42.215s][info][gc,ergo       ] GC(46) Free: 1137M, Max: 512K regular, 667M humongous, Frag: 42% external, 0% internal; Reserve: 76800K, Max: 512K
[42.215s][info][gc,ergo       ] Free: 1137M, Max: 512K regular, 667M humongous, Frag: 42% external, 0% internal; Reserve: 76800K, Max: 512K
[42.215s][info][gc,stats      ] 
[42.215s][info][gc,stats      ] All times are wall-clock times, except per-root-class counters, that are sum over
[42.215s][info][gc,stats      ] all workers. Dividing the <total> over the root stage time estimates parallelism.
[42.215s][info][gc,stats      ] 
[42.215s][info][gc,stats      ] Concurrent Reset                    291 us
[42.215s][info][gc,stats      ] Pause Init Mark (G)                4898 us
[42.215s][info][gc,stats      ] Pause Init Mark (N)                1527 us
[42.215s][info][gc,stats      ]   Accumulate Stats                   26 us
[42.215s][info][gc,stats      ]   Make Parsable                      15 us
[42.215s][info][gc,stats      ]   Update Region States               40 us
[42.215s][info][gc,stats      ]   Scan Roots                       1403 us, parallelism: 0.80x
[42.215s][info][gc,stats      ]     S: <total>                     1123 us
[42.215s][info][gc,stats      ]     S: Thread Roots                 556 us, workers (us): 556, 
[42.215s][info][gc,stats      ]     S: Universe Roots                 3 us, workers (us):   3, 
[42.215s][info][gc,stats      ]     S: JNI Handles Roots              1 us, workers (us):   1, 
[42.215s][info][gc,stats      ]     S: Synchronizer Roots             0 us, workers (us):   0, 
[42.215s][info][gc,stats      ]     S: Management Roots               1 us, workers (us):   1, 
[42.215s][info][gc,stats      ]     S: System Dict Roots             12 us, workers (us):  12, 
[42.215s][info][gc,stats      ]     S: CLDG Roots                   549 us, workers (us): 549, 
[42.215s][info][gc,stats      ]     S: JVMTI Roots                    1 us, workers (us):   1, 
[42.215s][info][gc,stats      ]   Resize TLABs                       13 us
[42.215s][info][gc,stats      ] Concurrent Marking               213085 us
[42.215s][info][gc,stats      ] Pause Final Mark (G)               1299 us
[42.215s][info][gc,stats      ] Pause Final Mark (N)                854 us
[42.215s][info][gc,stats      ]   Finish Queues                      42 us
[42.215s][info][gc,stats      ]   System Purge                      508 us
[42.215s][info][gc,stats      ]     Weak Roots                      507 us
[42.215s][info][gc,stats      ]   Update Region States              134 us
[42.215s][info][gc,stats      ]   Retire TLABs                       55 us
[42.215s][info][gc,stats      ]   Choose Collection Set              58 us
[42.215s][info][gc,stats      ]   Rebuild Free Set                   31 us
[42.215s][info][gc,stats      ] Concurrent Cleanup                  194 us
[42.215s][info][gc,stats      ] 
[42.215s][info][gc,stats      ] Allocation pacing accrued:
[42.215s][info][gc,stats      ]       0 of   325 ms (  0.0%): <total>
[42.215s][info][gc,stats      ]       0 of   325 ms (  0.0%): <average total>
[42.215s][info][gc,stats      ] 
[42.215s][info][gc,metaspace  ] Metaspace: 60666K->60666K(1103872K)
[42.215s][info][gc,ergo       ] Pacer for Idle. Initial: 30720K, Alloc Tax Rate: 1.0x
[43.094s][info][gc            ] Trigger: Average GC time (282.43 ms) is above the time for allocation rate (849 MB/s) to deplete free headroom (239M)
[43.094s][info][gc,ergo       ] Free headroom: 314M (free) - 76800K (spike) - 0B (penalties) = 239M
[43.095s][info][gc,ergo       ] Free: 314M, Max: 512K regular, 314M humongous, Frag: 0% external, 0% internal; Reserve: 76800K, Max: 512K
[43.095s][info][gc,start      ] GC(47) Concurrent reset
[43.095s][info][gc,task       ] GC(47) Using 1 of 1 workers for concurrent reset
[43.095s][info][gc,ergo       ] GC(47) Pacer for Reset. Non-Taxable: 1500M
[43.095s][info][gc            ] GC(47) Concurrent reset 0.431ms
[43.097s][info][gc,start      ] GC(47) Pause Init Mark
[43.097s][info][gc,task       ] GC(47) Using 1 of 1 workers for init marking
[43.099s][info][gc,ergo       ] GC(47) Pacer for Mark. Expected Live: 167M, Free: 314M, Non-Taxable: 32204K, Alloc Tax Rate: 0.6x
[43.099s][info][gc            ] GC(47) Pause Init Mark 1.812ms
[43.099s][info][gc,start      ] GC(47) Concurrent marking
[43.099s][info][gc,task       ] GC(47) Using 1 of 1 workers for concurrent marking
[43.268s][info][gc            ] GC(47) Concurrent marking 168.595ms
[43.268s][info][gc,start      ] GC(47) Pause Final Mark
[43.268s][info][gc,task       ] GC(47) Using 1 of 1 workers for final marking
[43.268s][info][gc,ergo       ] GC(47) Collectable Garbage: 934M (99%), Immediate: 934M (99%), CSet: 0B (0%)
[43.268s][info][gc            ] GC(47) Pause Final Mark 0.386ms
[43.268s][info][gc,start      ] GC(47) Concurrent cleanup
[43.268s][info][gc            ] GC(47) Concurrent cleanup 1156M->222M(1160M) 0.126ms
[43.268s][info][gc,ergo       ] GC(47) Free: 1200M, Max: 512K regular, 543M humongous, Frag: 55% external, 0% internal; Reserve: 76800K, Max: 512K
[43.269s][info][gc,ergo       ] Free: 1200M, Max: 512K regular, 543M humongous, Frag: 55% external, 0% internal; Reserve: 76800K, Max: 512K
[43.269s][info][gc,stats      ] 
[43.269s][info][gc,stats      ] All times are wall-clock times, except per-root-class counters, that are sum over
[43.269s][info][gc,stats      ] all workers. Dividing the <total> over the root stage time estimates parallelism.
[43.269s][info][gc,stats      ] 
[43.269s][info][gc,stats      ] Concurrent Reset                    419 us
[43.269s][info][gc,stats      ] Pause Init Mark (G)                4141 us
[43.269s][info][gc,stats      ] Pause Init Mark (N)                1792 us
[43.269s][info][gc,stats      ]   Accumulate Stats                   20 us
[43.269s][info][gc,stats      ]   Make Parsable                      14 us
[43.269s][info][gc,stats      ]   Update Region States               34 us
[43.269s][info][gc,stats      ]   Scan Roots                       1652 us, parallelism: 0.83x
[43.269s][info][gc,stats      ]     S: <total>                     1364 us
[43.269s][info][gc,stats      ]     S: Thread Roots                 637 us, workers (us): 637, 
[43.269s][info][gc,stats      ]     S: Universe Roots                 3 us, workers (us):   3, 
[43.269s][info][gc,stats      ]     S: JNI Handles Roots              2 us, workers (us):   2, 
[43.269s][info][gc,stats      ]     S: Synchronizer Roots             0 us, workers (us):   0, 
[43.269s][info][gc,stats      ]     S: Management Roots               1 us, workers (us):   1, 
[43.269s][info][gc,stats      ]     S: System Dict Roots             13 us, workers (us):  13, 
[43.269s][info][gc,stats      ]     S: CLDG Roots                   553 us, workers (us): 553, 
[43.269s][info][gc,stats      ]     S: JVMTI Roots                  154 us, workers (us): 154, 
[43.269s][info][gc,stats      ]   Resize TLABs                       20 us
[43.269s][info][gc,stats      ] Concurrent Marking               168576 us
[43.269s][info][gc,stats      ] Pause Final Mark (G)                533 us
[43.269s][info][gc,stats      ] Pause Final Mark (N)                376 us
[43.269s][info][gc,stats      ]   Finish Queues                      14 us
[43.269s][info][gc,stats      ]   System Purge                      257 us
[43.269s][info][gc,stats      ]     Weak Roots                      256 us
[43.269s][info][gc,stats      ]   Update Region States               47 us
[43.269s][info][gc,stats      ]   Retire TLABs                       21 us
[43.269s][info][gc,stats      ]   Choose Collection Set              21 us
[43.269s][info][gc,stats      ]   Rebuild Free Set                   10 us
[43.269s][info][gc,stats      ] Concurrent Cleanup                  119 us
[43.269s][info][gc,stats      ] Pacing                            36546 us
[43.269s][info][gc,stats      ] 
[43.269s][info][gc,stats      ] Allocation pacing accrued:
[43.269s][info][gc,stats      ]      37 of  1053 ms (  3.5%): Executor task launch worker for task 0.0 in stage 19.0 (TID 19)
[43.269s][info][gc,stats      ]      37 of  1053 ms (  3.5%): <total>
[43.269s][info][gc,stats      ]       0 of  1053 ms (  0.0%): <average total>
[43.269s][info][gc,stats      ]      37 of  1053 ms (  3.5%): <average non-zero>
[43.269s][info][gc,stats      ] 
[43.269s][info][gc,metaspace  ] Metaspace: 60666K->60666K(1103872K)
[43.269s][info][gc,ergo       ] Pacer for Idle. Initial: 30720K, Alloc Tax Rate: 1.0x
[43.710s][info][gc            ] Trigger: Explicit GC request (System.gc())
[43.711s][info][gc,ergo       ] Free: 748M, Max: 512K regular, 266M humongous, Frag: 65% external, 0% internal; Reserve: 76800K, Max: 512K
[43.711s][info][gc,start      ] GC(48) Concurrent reset
[43.711s][info][gc,task       ] GC(48) Using 1 of 1 workers for concurrent reset
[43.711s][info][gc,ergo       ] GC(48) Pacer for Reset. Non-Taxable: 1500M
[43.711s][info][gc            ] GC(48) Concurrent reset 0.298ms
[43.711s][info][gc,start      ] GC(48) Pause Init Mark (process weakrefs) (unload classes)
[43.711s][info][gc,task       ] GC(48) Using 1 of 1 workers for init marking
[43.712s][info][gc,ergo       ] GC(48) Pacer for Mark. Expected Live: 167M, Free: 748M, Non-Taxable: 76648K, Alloc Tax Rate: 0.3x
[43.712s][info][gc            ] GC(48) Pause Init Mark (process weakrefs) (unload classes) 1.062ms
[43.712s][info][gc,start      ] GC(48) Concurrent marking (process weakrefs) (unload classes)
[43.712s][info][gc,task       ] GC(48) Using 1 of 1 workers for concurrent marking
[43.836s][info][gc            ] GC(48) Concurrent marking (process weakrefs) (unload classes) 123.809ms
[43.836s][info][gc,start      ] GC(48) Concurrent precleaning
[43.836s][info][gc,task       ] GC(48) Using 1 of 1 workers for concurrent preclean
[43.836s][info][gc,ergo       ] GC(48) Pacer for Precleaning. Non-Taxable: 1500M
[43.837s][info][gc            ] GC(48) Concurrent precleaning 0.327ms
[43.837s][info][gc,start      ] GC(48) Pause Final Mark (process weakrefs) (unload classes)
[43.837s][info][gc,task       ] GC(48) Using 1 of 1 workers for final marking
[43.861s][info][gc,stringtable] GC(48) Cleaned string and symbol table, strings: 18564 processed, 0 removed, symbols: 131965 processed, 200 removed
[43.861s][info][gc,ergo       ] GC(48) Collectable Garbage: 498M (97%), Immediate: 498M (97%), CSet: 0B (0%)
[43.861s][info][gc            ] GC(48) Pause Final Mark (process weakrefs) (unload classes) 24.488ms
[43.861s][info][gc,start      ] GC(48) Concurrent cleanup
[43.861s][info][gc            ] GC(48) Concurrent cleanup 674M->176M(1160M) 0.095ms
[43.861s][info][gc,ergo       ] GC(48) Free: 1247M, Max: 512K regular, 667M humongous, Frag: 47% external, 0% internal; Reserve: 76800K, Max: 512K
[43.861s][info][gc,ergo       ] Free: 1247M, Max: 512K regular, 667M humongous, Frag: 47% external, 0% internal; Reserve: 76800K, Max: 512K
[43.861s][info][gc,stats      ] 
[43.861s][info][gc,stats      ] All times are wall-clock times, except per-root-class counters, that are sum over
[43.861s][info][gc,stats      ] all workers. Dividing the <total> over the root stage time estimates parallelism.
[43.861s][info][gc,stats      ] 
[43.861s][info][gc,stats      ] Concurrent Reset                    290 us
[43.861s][info][gc,stats      ] Pause Init Mark (G)                1387 us
[43.861s][info][gc,stats      ] Pause Init Mark (N)                1046 us
[43.861s][info][gc,stats      ]   Accumulate Stats                   21 us
[43.861s][info][gc,stats      ]   Make Parsable                      18 us
[43.861s][info][gc,stats      ]   Update Region States               34 us
[43.861s][info][gc,stats      ]   Scan Roots                        941 us, parallelism: 0.65x
[43.861s][info][gc,stats      ]     S: <total>                      610 us
[43.861s][info][gc,stats      ]     S: Thread Roots                 492 us, workers (us): 492, 
[43.861s][info][gc,stats      ]     S: Universe Roots                 2 us, workers (us):   2, 
[43.861s][info][gc,stats      ]     S: JNI Handles Roots              2 us, workers (us):   2, 
[43.861s][info][gc,stats      ]     S: Synchronizer Roots             0 us, workers (us):   0, 
[43.861s][info][gc,stats      ]     S: Management Roots               2 us, workers (us):   2, 
[43.861s][info][gc,stats      ]     S: System Dict Roots             12 us, workers (us):  12, 
[43.861s][info][gc,stats      ]     S: CLDG Roots                    99 us, workers (us):  99, 
[43.861s][info][gc,stats      ]     S: JVMTI Roots                    1 us, workers (us):   1, 
[43.861s][info][gc,stats      ]   Resize TLABs                       10 us
[43.861s][info][gc,stats      ] Concurrent Marking               123801 us
[43.861s][info][gc,stats      ] Concurrent Precleaning              313 us
[43.861s][info][gc,stats      ] Pause Final Mark (G)              24694 us
[43.861s][info][gc,stats      ] Pause Final Mark (N)              24479 us
[43.861s][info][gc,stats      ]   Finish Queues                     115 us
[43.861s][info][gc,stats      ]   Weak References                    50 us
[43.861s][info][gc,stats      ]     Process                          48 us
[43.861s][info][gc,stats      ]   System Purge                      263 us
[43.861s][info][gc,stats      ]     Unload Classes                 1097 us
[43.861s][info][gc,stats      ]     Cleanup                       22528 us, parallelism: 1.00x
[43.861s][info][gc,stats      ]       CU: <total>                 22445 us
[43.861s][info][gc,stats      ]       CU: Code Cache Roots         8600 us, workers (us): 8600, 
[43.861s][info][gc,stats      ]       CU: Code Cache Cleaning      1635 us, workers (us): 1635, 
[43.861s][info][gc,stats      ]       CU: String Table Roots       5864 us, workers (us): 5864, 
[43.861s][info][gc,stats      ]       CU: Resolved Table Roots      134 us, workers (us): 134, 
[43.862s][info][gc,stats      ]       CU: CLDG Roots               6212 us, workers (us): 6212, 
[43.862s][info][gc,stats      ]     Weak Roots                      262 us
[43.862s][info][gc,stats      ]     CLDG                            279 us
[43.862s][info][gc,stats      ]   Update Region States               53 us
[43.862s][info][gc,stats      ]   Retire TLABs                       49 us
[43.862s][info][gc,stats      ]   Choose Collection Set              28 us
[43.862s][info][gc,stats      ]   Rebuild Free Set                   10 us
[43.862s][info][gc,stats      ] Concurrent Cleanup                   87 us
[43.862s][info][gc,stats      ] Pacing                            10202 us
[43.862s][info][gc,stats      ] 
[43.862s][info][gc,stats      ] Allocation pacing accrued:
[43.862s][info][gc,stats      ]      10 of   593 ms (  1.7%): Executor task launch worker for task 0.0 in stage 20.0 (TID 20)
[43.862s][info][gc,stats      ]      10 of   593 ms (  1.7%): <total>
[43.862s][info][gc,stats      ]       0 of   593 ms (  0.0%): <average total>
[43.862s][info][gc,stats      ]      10 of   593 ms (  1.7%): <average non-zero>
[43.862s][info][gc,stats      ] 
[43.862s][info][gc,metaspace  ] Metaspace: 60713K->60334K(1103872K)
[43.862s][info][gc,ergo       ] Pacer for Idle. Initial: 30720K, Alloc Tax Rate: 1.0x
[43.862s][info][gc,start      ] Concurrent uncommit
[43.919s][info][gc            ] Concurrent uncommit 176M->177M(179M) 57.432ms
[44.554s][info][gc            ] Trigger: Learning 2 of 5. Free (1049M) is below initial threshold (1050M)
[44.554s][info][gc,ergo       ] Free: 1049M, Max: 512K regular, 667M humongous, Frag: 37% external, 0% internal; Reserve: 76800K, Max: 512K
[44.554s][info][gc,start      ] GC(49) Concurrent reset
[44.554s][info][gc,task       ] GC(49) Using 1 of 1 workers for concurrent reset
[44.554s][info][gc,ergo       ] GC(49) Pacer for Reset. Non-Taxable: 1500M
[44.554s][info][gc            ] GC(49) Concurrent reset 0.300ms
[44.560s][info][gc,start      ] GC(49) Pause Init Mark
[44.560s][info][gc,task       ] GC(49) Using 1 of 1 workers for init marking
[44.561s][info][gc,ergo       ] GC(49) Pacer for Mark. Expected Live: 167M, Free: 1049M, Non-Taxable: 104M, Alloc Tax Rate: 0.2x
[44.561s][info][gc            ] GC(49) Pause Init Mark 1.848ms
[44.561s][info][gc,start      ] GC(49) Concurrent marking
[44.561s][info][gc,task       ] GC(49) Using 1 of 1 workers for concurrent marking
[44.825s][info][gc            ] GC(49) Concurrent marking 263.058ms
[44.825s][info][gc,start      ] GC(49) Pause Final Mark
[44.825s][info][gc,task       ] GC(49) Using 1 of 1 workers for final marking
[44.825s][info][gc,ergo       ] GC(49) Adaptive CSet Selection. Target Free: 212M, Actual Free: 1205M, Max CSet: 64000K, Min Garbage: 0B
[44.825s][info][gc,ergo       ] GC(49) Collectable Garbage: 201M (98%), Immediate: 174M (85%), CSet: 27668K (13%)
[44.828s][info][gc,ergo       ] GC(49) Pacer for Evacuation. Used CSet: 29488K, Free: 1132M, Non-Taxable: 113M, Alloc Tax Rate: 1.1x
[44.828s][info][gc            ] GC(49) Pause Final Mark 3.250ms
[44.828s][info][gc,start      ] GC(49) Concurrent cleanup
[44.828s][info][gc            ] GC(49) Concurrent cleanup 465M->290M(470M) 0.075ms
[44.828s][info][gc,ergo       ] GC(49) Free: 1132M, Max: 512K regular, 667M humongous, Frag: 42% external, 0% internal; Reserve: 76544K, Max: 512K
[44.828s][info][gc,start      ] GC(49) Concurrent evacuation
[44.828s][info][gc,task       ] GC(49) Using 1 of 1 workers for concurrent evacuation
[44.830s][info][gc            ] GC(49) Concurrent evacuation 1.715ms
[44.830s][info][gc,start      ] GC(49) Pause Init Update Refs
[44.830s][info][gc,ergo       ] GC(49) Pacer for Update Refs. Used: 292M, Free: 1132M, Non-Taxable: 113M, Alloc Tax Rate: 1.1x
[44.830s][info][gc            ] GC(49) Pause Init Update Refs 0.026ms
[44.830s][info][gc,start      ] GC(49) Concurrent update references
[44.830s][info][gc,task       ] GC(49) Using 1 of 1 workers for concurrent reference update
[45.122s][info][gc            ] GC(49) Concurrent update references 291.456ms
[45.125s][info][gc,start      ] GC(49) Pause Final Update Refs
[45.125s][info][gc,task       ] GC(49) Using 1 of 1 workers for final reference update
[45.126s][info][gc            ] GC(49) Pause Final Update Refs 0.619ms
[45.126s][info][gc,start      ] GC(49) Concurrent cleanup
[45.126s][info][gc            ] GC(49) Concurrent cleanup 445M->417M(471M) 0.101ms
[45.126s][info][gc,ergo       ] Free: 1006M, Max: 512K regular, 667M humongous, Frag: 34% external, 0% internal; Reserve: 76800K, Max: 512K
[45.126s][info][gc,stats      ] 
[45.126s][info][gc,stats      ] All times are wall-clock times, except per-root-class counters, that are sum over
[45.126s][info][gc,stats      ] all workers. Dividing the <total> over the root stage time estimates parallelism.
[45.126s][info][gc,stats      ] 
[45.126s][info][gc,stats      ] Concurrent Reset                    291 us
[45.126s][info][gc,stats      ] Pause Init Mark (G)                7366 us
[45.126s][info][gc,stats      ] Pause Init Mark (N)                1803 us
[45.126s][info][gc,stats      ]   Accumulate Stats                   22 us
[45.126s][info][gc,stats      ]   Make Parsable                      23 us
[45.126s][info][gc,stats      ]   Update Region States               50 us
[45.126s][info][gc,stats      ]   Scan Roots                       1627 us, parallelism: 0.83x
[45.126s][info][gc,stats      ]     S: <total>                     1347 us
[45.126s][info][gc,stats      ]     S: Thread Roots                 690 us, workers (us): 690, 
[45.126s][info][gc,stats      ]     S: Universe Roots                 2 us, workers (us):   2, 
[45.126s][info][gc,stats      ]     S: JNI Handles Roots              2 us, workers (us):   2, 
[45.126s][info][gc,stats      ]     S: Synchronizer Roots             0 us, workers (us):   0, 
[45.126s][info][gc,stats      ]     S: Management Roots               1 us, workers (us):   1, 
[45.126s][info][gc,stats      ]     S: System Dict Roots             14 us, workers (us):  14, 
[45.126s][info][gc,stats      ]     S: CLDG Roots                   637 us, workers (us): 637, 
[45.126s][info][gc,stats      ]     S: JVMTI Roots                    0 us, workers (us):   0, 
[45.126s][info][gc,stats      ]   Resize TLABs                       23 us
[45.126s][info][gc,stats      ] Concurrent Marking               263046 us
[45.126s][info][gc,stats      ] Pause Final Mark (G)               3426 us
[45.126s][info][gc,stats      ] Pause Final Mark (N)               3230 us
[45.126s][info][gc,stats      ]   Finish Queues                      20 us
[45.126s][info][gc,stats      ]   System Purge                      351 us
[45.126s][info][gc,stats      ]     Weak Roots                      351 us
[45.126s][info][gc,stats      ]   Update Region States               55 us
[45.126s][info][gc,stats      ]   Retire TLABs                       27 us
[45.126s][info][gc,stats      ]   Choose Collection Set              66 us
[45.126s][info][gc,stats      ]   Rebuild Free Set                   11 us
[45.126s][info][gc,stats      ]   Initial Evacuation               2691 us, parallelism: 0.66x
[45.126s][info][gc,stats      ]     E: <total>                     1783 us
[45.126s][info][gc,stats      ]     E: Thread Roots                 701 us, workers (us): 701, 
[45.126s][info][gc,stats      ]     E: Code Cache Roots             466 us, workers (us): 466, 
[45.126s][info][gc,stats      ]     E: Universe Roots                 1 us, workers (us):   1, 
[45.126s][info][gc,stats      ]     E: JNI Handles Roots              1 us, workers (us):   1, 
[45.126s][info][gc,stats      ]     E: Synchronizer Roots             0 us, workers (us):   0, 
[45.126s][info][gc,stats      ]     E: Management Roots               1 us, workers (us):   1, 
[45.126s][info][gc,stats      ]     E: System Dict Roots             35 us, workers (us):  35, 
[45.126s][info][gc,stats      ]     E: CLDG Roots                   577 us, workers (us): 577, 
[45.126s][info][gc,stats      ]     E: JVMTI Roots                    0 us, workers (us):   0, 
[45.126s][info][gc,stats      ] Concurrent Cleanup                   67 us
[45.126s][info][gc,stats      ] Concurrent Evacuation              1705 us
[45.126s][info][gc,stats      ] Pause Init  Update Refs (G)         343 us
[45.126s][info][gc,stats      ] Pause Init  Update Refs (N)          18 us
[45.126s][info][gc,stats      ]   Retire GCLABs                      11 us
[45.126s][info][gc,stats      ] Concurrent Update Refs           291443 us
[45.126s][info][gc,stats      ] Pause Final Update Refs (G)        4056 us
[45.126s][info][gc,stats      ] Pause Final Update Refs (N)         581 us
[45.126s][info][gc,stats      ]   Update Roots                      511 us, parallelism: 0.98x
[45.126s][info][gc,stats      ]     UR: <total>                     502 us
[45.126s][info][gc,stats      ]     UR: Thread Roots                502 us, workers (us): 502, 
[45.126s][info][gc,stats      ]   Update Region States               49 us
[45.126s][info][gc,stats      ]   Trash Collection Set                2 us
[45.126s][info][gc,stats      ]   Rebuild Free Set                   10 us
[45.126s][info][gc,stats      ] Concurrent Cleanup                   92 us
[45.126s][info][gc,stats      ] 
[45.126s][info][gc,stats      ] Allocation pacing accrued:
[45.126s][info][gc,stats      ]       0 of  1265 ms (  0.0%): <total>
[45.126s][info][gc,stats      ]       0 of  1265 ms (  0.0%): <average total>
[45.126s][info][gc,stats      ] 
[45.126s][info][gc,metaspace  ] Metaspace: 60742K->60742K(1103872K)
[45.126s][info][gc,ergo       ] Pacer for Idle. Initial: 30720K, Alloc Tax Rate: 1.0x
[45.128s][info][gc            ] Trigger: Learning 3 of 5. Free (1004M) is below initial threshold (1050M)
[45.128s][info][gc,ergo       ] Free: 1004M, Max: 512K regular, 667M humongous, Frag: 34% external, 0% internal; Reserve: 76800K, Max: 512K
[45.128s][info][gc,start      ] GC(50) Concurrent reset
[45.128s][info][gc,task       ] GC(50) Using 1 of 1 workers for concurrent reset
[45.128s][info][gc,ergo       ] GC(50) Pacer for Reset. Non-Taxable: 1500M
[45.128s][info][gc            ] GC(50) Concurrent reset 0.313ms
[45.131s][info][gc,start      ] GC(50) Pause Init Mark (process weakrefs)
[45.131s][info][gc,task       ] GC(50) Using 1 of 1 workers for init marking
[45.132s][info][gc,ergo       ] GC(50) Pacer for Mark. Expected Live: 167M, Free: 1004M, Non-Taxable: 100M, Alloc Tax Rate: 0.2x
[45.132s][info][gc            ] GC(50) Pause Init Mark (process weakrefs) 1.704ms
[45.132s][info][gc,start      ] GC(50) Concurrent marking (process weakrefs)
[45.132s][info][gc,task       ] GC(50) Using 1 of 1 workers for concurrent marking
[45.377s][info][gc            ] GC(50) Concurrent marking (process weakrefs) 244.491ms
[45.377s][info][gc,start      ] GC(50) Concurrent precleaning
[45.377s][info][gc,task       ] GC(50) Using 1 of 1 workers for concurrent preclean
[45.377s][info][gc,ergo       ] GC(50) Pacer for Precleaning. Non-Taxable: 1500M
[45.378s][info][gc            ] GC(50) Concurrent precleaning 0.996ms
[45.378s][info][gc,start      ] GC(50) Pause Final Mark (process weakrefs)
[45.378s][info][gc,task       ] GC(50) Using 1 of 1 workers for final marking
[45.379s][info][gc,ergo       ] GC(50) Collectable Garbage: 247M (98%), Immediate: 247M (98%), CSet: 0B (0%)
[45.379s][info][gc            ] GC(50) Pause Final Mark (process weakrefs) 1.058ms
[45.380s][info][gc,start      ] GC(50) Concurrent cleanup
[45.380s][info][gc            ] GC(50) Concurrent cleanup 524M->277M(531M) 0.227ms
[45.380s][info][gc,ergo       ] GC(50) Free: 1146M, Max: 512K regular, 667M humongous, Frag: 42% external, 0% internal; Reserve: 76800K, Max: 512K
[45.380s][info][gc,ergo       ] Free: 1146M, Max: 512K regular, 667M humongous, Frag: 42% external, 0% internal; Reserve: 76800K, Max: 512K
[45.380s][info][gc,stats      ] 
[45.380s][info][gc,stats      ] All times are wall-clock times, except per-root-class counters, that are sum over
[45.380s][info][gc,stats      ] all workers. Dividing the <total> over the root stage time estimates parallelism.
[45.380s][info][gc,stats      ] 
[45.380s][info][gc,stats      ] Concurrent Reset                    307 us
[45.380s][info][gc,stats      ] Pause Init Mark (G)                4026 us
[45.380s][info][gc,stats      ] Pause Init Mark (N)                1676 us
[45.382s][info][gc,stats      ]   Accumulate Stats                   24 us
[45.382s][info][gc,stats      ]   Make Parsable                      17 us
[45.382s][info][gc,stats      ]   Update Region States               37 us
[45.382s][info][gc,stats      ]   Scan Roots                       1540 us, parallelism: 0.80x
[45.383s][info][gc,stats      ]     S: <total>                     1224 us
[45.383s][info][gc,stats      ]     S: Thread Roots                 646 us, workers (us): 646, 
[45.383s][info][gc,stats      ]     S: Universe Roots                 3 us, workers (us):   3, 
[45.383s][info][gc,stats      ]     S: JNI Handles Roots              1 us, workers (us):   1, 
[45.383s][info][gc,stats      ]     S: Synchronizer Roots             0 us, workers (us):   0, 
[45.383s][info][gc,stats      ]     S: Management Roots               1 us, workers (us):   1, 
[45.383s][info][gc,stats      ]     S: System Dict Roots             21 us, workers (us):  21, 
[45.383s][info][gc,stats      ]     S: CLDG Roots                   551 us, workers (us): 551, 
[45.383s][info][gc,stats      ]     S: JVMTI Roots                    0 us, workers (us):   0, 
[45.383s][info][gc,stats      ]   Resize TLABs                       18 us
[45.383s][info][gc,stats      ] Concurrent Marking               244481 us
[45.383s][info][gc,stats      ] Concurrent Precleaning              968 us
[45.383s][info][gc,stats      ] Pause Final Mark (G)               1617 us
[45.383s][info][gc,stats      ] Pause Final Mark (N)               1028 us
[45.383s][info][gc,stats      ]   Finish Queues                      48 us
[45.383s][info][gc,stats      ]   Weak References                    52 us
[45.383s][info][gc,stats      ]     Process                          47 us
[45.383s][info][gc,stats      ]   System Purge                      650 us
[45.383s][info][gc,stats      ]     Weak Roots                      650 us
[45.383s][info][gc,stats      ]   Update Region States               99 us
[45.383s][info][gc,stats      ]   Retire TLABs                       60 us
[45.383s][info][gc,stats      ]   Choose Collection Set              70 us
[45.383s][info][gc,stats      ]   Rebuild Free Set                   31 us
[45.383s][info][gc,stats      ] Concurrent Cleanup                  206 us
[45.383s][info][gc,stats      ] 
[45.383s][info][gc,stats      ] Allocation pacing accrued:
[45.383s][info][gc,stats      ]       0 of   257 ms (  0.0%): <total>
[45.383s][info][gc,stats      ]       0 of   257 ms (  0.0%): <average total>
[45.383s][info][gc,stats      ] 
[45.383s][info][gc,metaspace  ] Metaspace: 60742K->60742K(1103872K)
[45.383s][info][gc,ergo       ] Pacer for Idle. Initial: 30720K, Alloc Tax Rate: 1.0x
[45.490s][info][gc            ] Trigger: Learning 4 of 5. Free (1048M) is below initial threshold (1050M)
[45.491s][info][gc,ergo       ] Free: 1048M, Max: 512K regular, 667M humongous, Frag: 37% external, 0% internal; Reserve: 76800K, Max: 512K
[45.491s][info][gc,start      ] GC(51) Concurrent reset
[45.491s][info][gc,task       ] GC(51) Using 1 of 1 workers for concurrent reset
[45.491s][info][gc,ergo       ] GC(51) Pacer for Reset. Non-Taxable: 1500M
[45.491s][info][gc            ] GC(51) Concurrent reset 0.265ms
[45.493s][info][gc,start      ] GC(51) Pause Init Mark
[45.493s][info][gc,task       ] GC(51) Using 1 of 1 workers for init marking
[45.495s][info][gc,ergo       ] GC(51) Pacer for Mark. Expected Live: 167M, Free: 1048M, Non-Taxable: 104M, Alloc Tax Rate: 0.2x
[45.495s][info][gc            ] GC(51) Pause Init Mark 1.944ms
[45.495s][info][gc,start      ] GC(51) Concurrent marking
[45.495s][info][gc,task       ] GC(51) Using 1 of 1 workers for concurrent marking
[45.744s][info][gc            ] GC(51) Concurrent marking 249.042ms
[45.744s][info][gc,start      ] GC(51) Pause Final Mark
[45.744s][info][gc,task       ] GC(51) Using 1 of 1 workers for final marking
[45.745s][info][gc,ergo       ] GC(51) Collectable Garbage: 199M (96%), Immediate: 199M (96%), CSet: 0B (0%)
[45.745s][info][gc            ] GC(51) Pause Final Mark 0.460ms
[45.745s][info][gc,start      ] GC(51) Concurrent cleanup
[45.745s][info][gc            ] GC(51) Concurrent cleanup 497M->298M(531M) 0.072ms
[45.745s][info][gc,ergo       ] GC(51) Free: 1125M, Max: 512K regular, 667M humongous, Frag: 41% external, 0% internal; Reserve: 76800K, Max: 512K
[45.745s][info][gc,ergo       ] Free: 1125M, Max: 512K regular, 667M humongous, Frag: 41% external, 0% internal; Reserve: 76800K, Max: 512K
[45.745s][info][gc,stats      ] 
[45.745s][info][gc,stats      ] All times are wall-clock times, except per-root-class counters, that are sum over
[45.745s][info][gc,stats      ] all workers. Dividing the <total> over the root stage time estimates parallelism.
[45.745s][info][gc,stats      ] 
[45.745s][info][gc,stats      ] Concurrent Reset                    256 us
[45.745s][info][gc,stats      ] Pause Init Mark (G)                4283 us
[45.745s][info][gc,stats      ] Pause Init Mark (N)                1914 us
[45.745s][info][gc,stats      ]   Accumulate Stats                   22 us
[45.745s][info][gc,stats      ]   Make Parsable                      19 us
[45.745s][info][gc,stats      ]   Update Region States               38 us
[45.745s][info][gc,stats      ]   Scan Roots                       1771 us, parallelism: 0.81x
[45.745s][info][gc,stats      ]     S: <total>                     1430 us
[45.745s][info][gc,stats      ]     S: Thread Roots                 805 us, workers (us): 805, 
[45.745s][info][gc,stats      ]     S: Universe Roots                 3 us, workers (us):   3, 
[45.745s][info][gc,stats      ]     S: JNI Handles Roots              1 us, workers (us):   1, 
[45.745s][info][gc,stats      ]     S: Synchronizer Roots             0 us, workers (us):   0, 
[45.745s][info][gc,stats      ]     S: Management Roots               2 us, workers (us):   2, 
[45.745s][info][gc,stats      ]     S: System Dict Roots             12 us, workers (us):  12, 
[45.745s][info][gc,stats      ]     S: CLDG Roots                   607 us, workers (us): 607, 
[45.745s][info][gc,stats      ]     S: JVMTI Roots                    0 us, workers (us):   0, 
[45.745s][info][gc,stats      ]   Resize TLABs                       19 us
[45.745s][info][gc,stats      ] Concurrent Marking               249034 us
[45.745s][info][gc,stats      ] Pause Final Mark (G)                626 us
[45.745s][info][gc,stats      ] Pause Final Mark (N)                443 us
[45.745s][info][gc,stats      ]   Finish Queues                      29 us
[45.745s][info][gc,stats      ]   System Purge                      278 us
[45.745s][info][gc,stats      ]     Weak Roots                      277 us
[45.745s][info][gc,stats      ]   Update Region States               51 us
[45.745s][info][gc,stats      ]   Retire TLABs                       22 us
[45.745s][info][gc,stats      ]   Choose Collection Set              23 us
[45.745s][info][gc,stats      ]   Rebuild Free Set                   10 us
[45.745s][info][gc,stats      ] Concurrent Cleanup                   64 us
[45.745s][info][gc,stats      ] 
[45.745s][info][gc,stats      ] Allocation pacing accrued:
[45.745s][info][gc,stats      ]       0 of   362 ms (  0.0%): <total>
[45.745s][info][gc,stats      ]       0 of   362 ms (  0.0%): <average total>
[45.745s][info][gc,stats      ] 
[45.745s][info][gc,metaspace  ] Metaspace: 60744K->60744K(1103872K)
[45.745s][info][gc,ergo       ] Pacer for Idle. Initial: 30720K, Alloc Tax Rate: 1.0x
[45.821s][info][gc            ] Trigger: Learning 5 of 5. Free (1049M) is below initial threshold (1050M)
[45.821s][info][gc,ergo       ] Free: 1049M, Max: 512K regular, 667M humongous, Frag: 37% external, 0% internal; Reserve: 76800K, Max: 512K
[45.821s][info][gc,start      ] GC(52) Concurrent reset
[45.821s][info][gc,task       ] GC(52) Using 1 of 1 workers for concurrent reset
[45.821s][info][gc,ergo       ] GC(52) Pacer for Reset. Non-Taxable: 1500M
[45.821s][info][gc            ] GC(52) Concurrent reset 0.271ms
[45.823s][info][gc,start      ] GC(52) Pause Init Mark
[45.823s][info][gc,task       ] GC(52) Using 1 of 1 workers for init marking
[45.825s][info][gc,ergo       ] GC(52) Pacer for Mark. Expected Live: 167M, Free: 1049M, Non-Taxable: 104M, Alloc Tax Rate: 0.2x
[45.825s][info][gc            ] GC(52) Pause Init Mark 1.720ms
[45.825s][info][gc,start      ] GC(52) Concurrent marking
[45.825s][info][gc,task       ] GC(52) Using 1 of 1 workers for concurrent marking
[46.038s][info][gc            ] GC(52) Concurrent marking 212.864ms
[46.038s][info][gc,start      ] GC(52) Pause Final Mark
[46.038s][info][gc,task       ] GC(52) Using 1 of 1 workers for final marking
[46.039s][info][gc,ergo       ] GC(52) Collectable Garbage: 199M (96%), Immediate: 199M (96%), CSet: 0B (0%)
[46.039s][info][gc            ] GC(52) Pause Final Mark 0.433ms
[46.039s][info][gc,start      ] GC(52) Concurrent cleanup
[46.039s][info][gc            ] GC(52) Concurrent cleanup 492M->293M(531M) 0.071ms
[46.039s][info][gc,ergo       ] GC(52) Free: 1129M, Max: 512K regular, 667M humongous, Frag: 41% external, 0% internal; Reserve: 76800K, Max: 512K
[46.039s][info][gc,ergo       ] Free: 1129M, Max: 512K regular, 667M humongous, Frag: 41% external, 0% internal; Reserve: 76800K, Max: 512K
[46.039s][info][gc,stats      ] 
[46.039s][info][gc,stats      ] All times are wall-clock times, except per-root-class counters, that are sum over
[46.039s][info][gc,stats      ] all workers. Dividing the <total> over the root stage time estimates parallelism.
[46.039s][info][gc,stats      ] 
[46.039s][info][gc,stats      ] Concurrent Reset                    262 us
[46.039s][info][gc,stats      ] Pause Init Mark (G)                4054 us
[46.039s][info][gc,stats      ] Pause Init Mark (N)                1697 us
[46.039s][info][gc,stats      ]   Accumulate Stats                   23 us
[46.039s][info][gc,stats      ]   Make Parsable                      16 us
[46.039s][info][gc,stats      ]   Update Region States               35 us
[46.039s][info][gc,stats      ]   Scan Roots                       1563 us, parallelism: 0.80x
[46.039s][info][gc,stats      ]     S: <total>                     1243 us
[46.039s][info][gc,stats      ]     S: Thread Roots                 678 us, workers (us): 678, 
[46.039s][info][gc,stats      ]     S: Universe Roots                 3 us, workers (us):   3, 
[46.039s][info][gc,stats      ]     S: JNI Handles Roots              2 us, workers (us):   2, 
[46.039s][info][gc,stats      ]     S: Synchronizer Roots             0 us, workers (us):   0, 
[46.039s][info][gc,stats      ]     S: Management Roots               2 us, workers (us):   2, 
[46.039s][info][gc,stats      ]     S: System Dict Roots             11 us, workers (us):  11, 
[46.039s][info][gc,stats      ]     S: CLDG Roots                   546 us, workers (us): 546, 
[46.039s][info][gc,stats      ]     S: JVMTI Roots                    1 us, workers (us):   1, 
[46.039s][info][gc,stats      ]   Resize TLABs                       18 us
[46.039s][info][gc,stats      ] Concurrent Marking               212856 us
[46.039s][info][gc,stats      ] Pause Final Mark (G)                592 us
[46.039s][info][gc,stats      ] Pause Final Mark (N)                415 us
[46.039s][info][gc,stats      ]   Finish Queues                      19 us
[46.039s][info][gc,stats      ]   System Purge                      276 us
[46.039s][info][gc,stats      ]     Weak Roots                      276 us
[46.039s][info][gc,stats      ]   Update Region States               52 us
[46.039s][info][gc,stats      ]   Retire TLABs                       27 us
[46.039s][info][gc,stats      ]   Choose Collection Set              23 us
[46.039s][info][gc,stats      ]   Rebuild Free Set                   10 us
[46.039s][info][gc,stats      ] Concurrent Cleanup                   64 us
[46.039s][info][gc,stats      ] 
[46.039s][info][gc,stats      ] Allocation pacing accrued:
[46.039s][info][gc,stats      ]       0 of   294 ms (  0.0%): <total>
[46.039s][info][gc,stats      ]       0 of   294 ms (  0.0%): <average total>
[46.039s][info][gc,stats      ] 
[46.039s][info][gc,metaspace  ] Metaspace: 60744K->60744K(1103872K)
[46.039s][info][gc,ergo       ] Pacer for Idle. Initial: 30720K, Alloc Tax Rate: 1.0x
[46.951s][info][gc            ] Trigger: Average GC time (289.47 ms) is above the time for allocation rate (827 MB/s) to deplete free headroom (238M)
[46.952s][info][gc,ergo       ] Free headroom: 313M (free) - 76800K (spike) - 0B (penalties) = 238M
[46.952s][info][gc,ergo       ] Free: 313M, Max: 512K regular, 313M humongous, Frag: 0% external, 0% internal; Reserve: 76800K, Max: 512K
[46.952s][info][gc,start      ] GC(53) Concurrent reset
[46.952s][info][gc,task       ] GC(53) Using 1 of 1 workers for concurrent reset
[46.952s][info][gc,ergo       ] GC(53) Pacer for Reset. Non-Taxable: 1500M
[46.952s][info][gc            ] GC(53) Concurrent reset 0.325ms
[46.954s][info][gc,start      ] GC(53) Pause Init Mark
[46.955s][info][gc,task       ] GC(53) Using 1 of 1 workers for init marking
[46.956s][info][gc,ergo       ] GC(53) Pacer for Mark. Expected Live: 167M, Free: 313M, Non-Taxable: 32101K, Alloc Tax Rate: 0.7x
[46.956s][info][gc            ] GC(53) Pause Init Mark 1.730ms
[46.956s][info][gc,start      ] GC(53) Concurrent marking
[46.956s][info][gc,task       ] GC(53) Using 1 of 1 workers for concurrent marking
[47.113s][info][gc            ] GC(53) Concurrent marking 156.478ms
[47.113s][info][gc,start      ] GC(53) Pause Final Mark
[47.113s][info][gc,task       ] GC(53) Using 1 of 1 workers for final marking
[47.113s][info][gc,ergo       ] GC(53) Collectable Garbage: 935M (99%), Immediate: 935M (99%), CSet: 0B (0%)
[47.113s][info][gc            ] GC(53) Pause Final Mark 0.409ms
[47.113s][info][gc,start      ] GC(53) Concurrent cleanup
[47.114s][info][gc            ] GC(53) Concurrent cleanup 1157M->222M(1161M) 0.161ms
[47.114s][info][gc,ergo       ] GC(53) Free: 1200M, Max: 512K regular, 543M humongous, Frag: 55% external, 0% internal; Reserve: 76800K, Max: 512K
[47.114s][info][gc,ergo       ] Free: 1200M, Max: 512K regular, 543M humongous, Frag: 55% external, 0% internal; Reserve: 76800K, Max: 512K
[47.114s][info][gc,stats      ] 
[47.114s][info][gc,stats      ] All times are wall-clock times, except per-root-class counters, that are sum over
[47.114s][info][gc,stats      ] all workers. Dividing the <total> over the root stage time estimates parallelism.
[47.114s][info][gc,stats      ] 
[47.114s][info][gc,stats      ] Concurrent Reset                    314 us
[47.114s][info][gc,stats      ] Pause Init Mark (G)                4070 us
[47.114s][info][gc,stats      ] Pause Init Mark (N)                1699 us
[47.114s][info][gc,stats      ]   Accumulate Stats                   23 us
[47.114s][info][gc,stats      ]   Make Parsable                      17 us
[47.114s][info][gc,stats      ]   Update Region States               42 us
[47.114s][info][gc,stats      ]   Scan Roots                       1544 us, parallelism: 0.80x
[47.114s][info][gc,stats      ]     S: <total>                     1239 us
[47.114s][info][gc,stats      ]     S: Thread Roots                 628 us, workers (us): 628, 
[47.114s][info][gc,stats      ]     S: Universe Roots                 3 us, workers (us):   3, 
[47.114s][info][gc,stats      ]     S: JNI Handles Roots              2 us, workers (us):   2, 
[47.114s][info][gc,stats      ]     S: Synchronizer Roots             0 us, workers (us):   0, 
[47.114s][info][gc,stats      ]     S: Management Roots               1 us, workers (us):   1, 
[47.114s][info][gc,stats      ]     S: System Dict Roots             11 us, workers (us):  11, 
[47.114s][info][gc,stats      ]     S: CLDG Roots                   593 us, workers (us): 593, 
[47.114s][info][gc,stats      ]     S: JVMTI Roots                    0 us, workers (us):   0, 
[47.114s][info][gc,stats      ]   Resize TLABs                       24 us
[47.114s][info][gc,stats      ] Concurrent Marking               156468 us
[47.114s][info][gc,stats      ] Pause Final Mark (G)                575 us
[47.114s][info][gc,stats      ] Pause Final Mark (N)                392 us
[47.114s][info][gc,stats      ]   Finish Queues                      20 us
[47.114s][info][gc,stats      ]   System Purge                      253 us
[47.114s][info][gc,stats      ]     Weak Roots                      253 us
[47.114s][info][gc,stats      ]   Update Region States               47 us
[47.114s][info][gc,stats      ]   Retire TLABs                       21 us
[47.114s][info][gc,stats      ]   Choose Collection Set              22 us
[47.114s][info][gc,stats      ]   Rebuild Free Set                   10 us
[47.114s][info][gc,stats      ] Concurrent Cleanup                  153 us
[47.114s][info][gc,stats      ] Pacing                            36734 us
[47.114s][info][gc,stats      ] 
[47.114s][info][gc,stats      ] Allocation pacing accrued:
[47.114s][info][gc,stats      ]      37 of  1075 ms (  3.4%): Executor task launch worker for task 0.0 in stage 22.0 (TID 22)
[47.114s][info][gc,stats      ]      37 of  1075 ms (  3.4%): <total>
[47.114s][info][gc,stats      ]       0 of  1075 ms (  0.0%): <average total>
[47.114s][info][gc,stats      ]      37 of  1075 ms (  3.4%): <average non-zero>
[47.114s][info][gc,stats      ] 
[47.114s][info][gc,metaspace  ] Metaspace: 60744K->60744K(1103872K)
[47.114s][info][gc,ergo       ] Pacer for Idle. Initial: 30720K, Alloc Tax Rate: 1.0x
[47.564s][info][gc            ] Trigger: Explicit GC request (System.gc())
[47.564s][info][gc,ergo       ] Free: 755M, Max: 512K regular, 265M humongous, Frag: 65% external, 0% internal; Reserve: 76800K, Max: 512K
[47.564s][info][gc,start      ] GC(54) Concurrent reset
[47.564s][info][gc,task       ] GC(54) Using 1 of 1 workers for concurrent reset
[47.564s][info][gc,ergo       ] GC(54) Pacer for Reset. Non-Taxable: 1500M
[47.565s][info][gc            ] GC(54) Concurrent reset 0.290ms
[47.565s][info][gc,start      ] GC(54) Pause Init Mark (process weakrefs) (unload classes)
[47.565s][info][gc,task       ] GC(54) Using 1 of 1 workers for init marking
[47.566s][info][gc,ergo       ] GC(54) Pacer for Mark. Expected Live: 167M, Free: 755M, Non-Taxable: 77362K, Alloc Tax Rate: 0.3x
[47.566s][info][gc            ] GC(54) Pause Init Mark (process weakrefs) (unload classes) 1.252ms
[47.566s][info][gc,start      ] GC(54) Concurrent marking (process weakrefs) (unload classes)
[47.566s][info][gc,task       ] GC(54) Using 1 of 1 workers for concurrent marking
[47.779s][info][gc            ] GC(54) Concurrent marking (process weakrefs) (unload classes) 212.790ms
[47.779s][info][gc,start      ] GC(54) Concurrent precleaning
[47.779s][info][gc,task       ] GC(54) Using 1 of 1 workers for concurrent preclean
[47.779s][info][gc,ergo       ] GC(54) Pacer for Precleaning. Non-Taxable: 1500M
[47.784s][info][gc            ] GC(54) Concurrent precleaning 4.191ms
[47.784s][info][gc,start      ] GC(54) Pause Final Mark (process weakrefs) (unload classes)
[47.784s][info][gc,task       ] GC(54) Using 1 of 1 workers for final marking
[47.831s][info][gc,stringtable] GC(54) Cleaned string and symbol table, strings: 18582 processed, 0 removed, symbols: 131967 processed, 200 removed
[47.837s][info][gc,ergo       ] GC(54) Collectable Garbage: 490M (97%), Immediate: 490M (97%), CSet: 0B (0%)
[47.837s][info][gc            ] GC(54) Pause Final Mark (process weakrefs) (unload classes) 53.307ms
[47.837s][info][gc,start      ] GC(54) Concurrent cleanup
[47.837s][info][gc            ] GC(54) Concurrent cleanup 667M->177M(1161M) 0.095ms
[47.837s][info][gc,ergo       ] GC(54) Free: 1246M, Max: 512K regular, 667M humongous, Frag: 47% external, 0% internal; Reserve: 76800K, Max: 512K
[47.837s][info][gc,ergo       ] Free: 1246M, Max: 512K regular, 667M humongous, Frag: 47% external, 0% internal; Reserve: 76800K, Max: 512K
[47.837s][info][gc,stats      ] 
[47.837s][info][gc,stats      ] All times are wall-clock times, except per-root-class counters, that are sum over
[47.837s][info][gc,stats      ] all workers. Dividing the <total> over the root stage time estimates parallelism.
[47.837s][info][gc,stats      ] 
[47.837s][info][gc,stats      ] Concurrent Reset                    281 us
[47.837s][info][gc,stats      ] Pause Init Mark (G)                1620 us
[47.837s][info][gc,stats      ] Pause Init Mark (N)                1237 us
[47.837s][info][gc,stats      ]   Accumulate Stats                   24 us
[47.837s][info][gc,stats      ]   Make Parsable                      20 us
[47.837s][info][gc,stats      ]   Update Region States               33 us
[47.837s][info][gc,stats      ]   Scan Roots                       1104 us, parallelism: 0.63x
[47.837s][info][gc,stats      ]     S: <total>                      700 us
[47.837s][info][gc,stats      ]     S: Thread Roots                 586 us, workers (us): 586, 
[47.837s][info][gc,stats      ]     S: Universe Roots                 3 us, workers (us):   3, 
[47.837s][info][gc,stats      ]     S: JNI Handles Roots              2 us, workers (us):   2, 
[47.837s][info][gc,stats      ]     S: Synchronizer Roots             1 us, workers (us):   1, 
[47.837s][info][gc,stats      ]     S: Management Roots               2 us, workers (us):   2, 
[47.837s][info][gc,stats      ]     S: System Dict Roots             12 us, workers (us):  12, 
[47.837s][info][gc,stats      ]     S: CLDG Roots                    95 us, workers (us):  95, 
[47.837s][info][gc,stats      ]     S: JVMTI Roots                    1 us, workers (us):   1, 
[47.837s][info][gc,stats      ]   Resize TLABs                       20 us
[47.837s][info][gc,stats      ] Concurrent Marking               212781 us
[47.838s][info][gc,stats      ] Concurrent Precleaning             4165 us
[47.838s][info][gc,stats      ] Pause Final Mark (G)              53697 us
[47.838s][info][gc,stats      ] Pause Final Mark (N)              53295 us
[47.838s][info][gc,stats      ]   Finish Queues                     143 us
[47.838s][info][gc,stats      ]   Weak References                    52 us
[47.838s][info][gc,stats      ]     Process                          50 us
[47.838s][info][gc,stats      ]   System Purge                      330 us
[47.838s][info][gc,stats      ]     Unload Classes                 1394 us
[47.838s][info][gc,stats      ]     Cleanup                       45375 us, parallelism: 1.00x
[47.838s][info][gc,stats      ]       CU: <total>                 45286 us
[47.838s][info][gc,stats      ]       CU: Code Cache Roots        19301 us, workers (us): 19301, 
[47.838s][info][gc,stats      ]       CU: Code Cache Cleaning      1741 us, workers (us): 1741, 
[47.838s][info][gc,stats      ]       CU: String Table Roots      11761 us, workers (us): 11761, 
[47.838s][info][gc,stats      ]       CU: Resolved Table Roots      133 us, workers (us): 133, 
[47.838s][info][gc,stats      ]       CU: CLDG Roots              12350 us, workers (us): 12350, 
[47.838s][info][gc,stats      ]     Weak Roots                      330 us
[47.838s][info][gc,stats      ]     CLDG                            229 us
[47.838s][info][gc,stats      ]   Update Region States             5613 us
[47.838s][info][gc,stats      ]   Retire TLABs                       67 us
[47.838s][info][gc,stats      ]   Choose Collection Set              68 us
[47.838s][info][gc,stats      ]   Rebuild Free Set                   13 us
[47.838s][info][gc,stats      ] Concurrent Cleanup                   85 us
[47.838s][info][gc,stats      ] Pacing                            10510 us
[47.838s][info][gc,stats      ] 
[47.838s][info][gc,stats      ] Allocation pacing accrued:
[47.838s][info][gc,stats      ]      11 of   724 ms (  1.5%): Executor task launch worker for task 0.0 in stage 23.0 (TID 23)
[47.838s][info][gc,stats      ]      11 of   724 ms (  1.5%): <total>
[47.838s][info][gc,stats      ]       0 of   724 ms (  0.0%): <average total>
[47.838s][info][gc,stats      ]      11 of   724 ms (  1.5%): <average non-zero>
[47.838s][info][gc,stats      ] 
[47.838s][info][gc,metaspace  ] Metaspace: 60803K->60429K(1103872K)
[47.838s][info][gc,ergo       ] Pacer for Idle. Initial: 30720K, Alloc Tax Rate: 1.0x
[47.838s][info][gc,start      ] Concurrent uncommit
[47.942s][info][gc            ] Concurrent uncommit 177M->178M(180M) 104.210ms
[48.389s][info][gc            ] Trigger: Learning 2 of 5. Free (1049M) is below initial threshold (1050M)
[48.389s][info][gc,ergo       ] Free: 1049M, Max: 512K regular, 667M humongous, Frag: 37% external, 0% internal; Reserve: 76800K, Max: 512K
[48.389s][info][gc,start      ] GC(55) Concurrent reset
[48.389s][info][gc,task       ] GC(55) Using 1 of 1 workers for concurrent reset
[48.389s][info][gc,ergo       ] GC(55) Pacer for Reset. Non-Taxable: 1500M
[48.390s][info][gc            ] GC(55) Concurrent reset 0.328ms
[48.392s][info][gc,start      ] GC(55) Pause Init Mark (process weakrefs)
[48.392s][info][gc,task       ] GC(55) Using 1 of 1 workers for init marking
[48.394s][info][gc,ergo       ] GC(55) Pacer for Mark. Expected Live: 167M, Free: 1049M, Non-Taxable: 104M, Alloc Tax Rate: 0.2x
[48.394s][info][gc            ] GC(55) Pause Init Mark (process weakrefs) 1.855ms
[48.394s][info][gc,start      ] GC(55) Concurrent marking (process weakrefs)
[48.394s][info][gc,task       ] GC(55) Using 1 of 1 workers for concurrent marking
[48.649s][info][gc            ] GC(55) Concurrent marking (process weakrefs) 254.972ms
[48.649s][info][gc,start      ] GC(55) Concurrent precleaning
[48.649s][info][gc,task       ] GC(55) Using 1 of 1 workers for concurrent preclean
[48.649s][info][gc,ergo       ] GC(55) Pacer for Precleaning. Non-Taxable: 1500M
[48.650s][info][gc            ] GC(55) Concurrent precleaning 0.676ms
[48.650s][info][gc,start      ] GC(55) Pause Final Mark (process weakrefs)
[48.650s][info][gc,task       ] GC(55) Using 1 of 1 workers for final marking
[48.650s][info][gc,ergo       ] GC(55) Adaptive CSet Selection. Target Free: 212M, Actual Free: 1205M, Max CSet: 64000K, Min Garbage: 0B
[48.650s][info][gc,ergo       ] GC(55) Collectable Garbage: 202M (98%), Immediate: 174M (85%), CSet: 28585K (13%)
[48.653s][info][gc,ergo       ] GC(55) Pacer for Evacuation. Used CSet: 30425K, Free: 1132M, Non-Taxable: 113M, Alloc Tax Rate: 1.1x
[48.653s][info][gc            ] GC(55) Pause Final Mark (process weakrefs) 3.303ms
[48.653s][info][gc,start      ] GC(55) Concurrent cleanup
[48.653s][info][gc            ] GC(55) Concurrent cleanup 465M->290M(469M) 0.076ms
[48.653s][info][gc,ergo       ] GC(55) Free: 1132M, Max: 512K regular, 667M humongous, Frag: 42% external, 0% internal; Reserve: 76544K, Max: 512K
[48.653s][info][gc,start      ] GC(55) Concurrent evacuation
[48.653s][info][gc,task       ] GC(55) Using 1 of 1 workers for concurrent evacuation
[48.656s][info][gc            ] GC(55) Concurrent evacuation 3.065ms
[48.659s][info][gc,start      ] GC(55) Pause Init Update Refs
[48.659s][info][gc,ergo       ] GC(55) Pacer for Update Refs. Used: 292M, Free: 1132M, Non-Taxable: 113M, Alloc Tax Rate: 1.1x
[48.659s][info][gc            ] GC(55) Pause Init Update Refs 0.048ms
[48.659s][info][gc,start      ] GC(55) Concurrent update references
[48.659s][info][gc,task       ] GC(55) Using 1 of 1 workers for concurrent reference update
[48.952s][info][gc            ] GC(55) Concurrent update references 293.320ms
[48.956s][info][gc,start      ] GC(55) Pause Final Update Refs
[48.956s][info][gc,task       ] GC(55) Using 1 of 1 workers for final reference update
[48.959s][info][gc            ] GC(55) Pause Final Update Refs 2.617ms
[48.959s][info][gc,start      ] GC(55) Concurrent cleanup
[48.959s][info][gc            ] GC(55) Concurrent cleanup 447M->417M(471M) 0.167ms
[48.959s][info][gc,ergo       ] Free: 1005M, Max: 512K regular, 667M humongous, Frag: 34% external, 0% internal; Reserve: 76800K, Max: 512K
[48.959s][info][gc,stats      ] 
[48.959s][info][gc,stats      ] All times are wall-clock times, except per-root-class counters, that are sum over
[48.959s][info][gc,stats      ] all workers. Dividing the <total> over the root stage time estimates parallelism.
[48.959s][info][gc,stats      ] 
[48.959s][info][gc,stats      ] Concurrent Reset                    319 us
[48.959s][info][gc,stats      ] Pause Init Mark (G)                4223 us
[48.959s][info][gc,stats      ] Pause Init Mark (N)                1789 us
[48.959s][info][gc,stats      ]   Accumulate Stats                   31 us
[48.959s][info][gc,stats      ]   Make Parsable                      24 us
[48.959s][info][gc,stats      ]   Update Region States               37 us
[48.959s][info][gc,stats      ]   Scan Roots                       1635 us, parallelism: 0.83x
[48.959s][info][gc,stats      ]     S: <total>                     1351 us
[48.959s][info][gc,stats      ]     S: Thread Roots                 684 us, workers (us): 684, 
[48.959s][info][gc,stats      ]     S: Universe Roots                 2 us, workers (us):   2, 
[48.959s][info][gc,stats      ]     S: JNI Handles Roots              2 us, workers (us):   2, 
[48.959s][info][gc,stats      ]     S: Synchronizer Roots             0 us, workers (us):   0, 
[48.959s][info][gc,stats      ]     S: Management Roots               2 us, workers (us):   2, 
[48.959s][info][gc,stats      ]     S: System Dict Roots             12 us, workers (us):  12, 
[48.959s][info][gc,stats      ]     S: CLDG Roots                   648 us, workers (us): 648, 
[48.959s][info][gc,stats      ]     S: JVMTI Roots                    1 us, workers (us):   1, 
[48.959s][info][gc,stats      ]   Resize TLABs                       19 us
[48.959s][info][gc,stats      ] Concurrent Marking               254963 us
[48.959s][info][gc,stats      ] Concurrent Precleaning              647 us
[48.959s][info][gc,stats      ] Pause Final Mark (G)               3581 us
[48.959s][info][gc,stats      ] Pause Final Mark (N)               3283 us
[48.960s][info][gc,stats      ]   Finish Queues                      24 us
[48.960s][info][gc,stats      ]   Weak References                    22 us
[48.960s][info][gc,stats      ]     Process                          20 us
[48.960s][info][gc,stats      ]   System Purge                      290 us
[48.960s][info][gc,stats      ]     Weak Roots                      290 us
[48.960s][info][gc,stats      ]   Update Region States               53 us
[48.960s][info][gc,stats      ]   Retire TLABs                       27 us
[48.960s][info][gc,stats      ]   Choose Collection Set              76 us
[48.960s][info][gc,stats      ]   Rebuild Free Set                   12 us
[48.960s][info][gc,stats      ]   Initial Evacuation               2771 us, parallelism: 0.68x
[48.960s][info][gc,stats      ]     E: <total>                     1878 us
[48.960s][info][gc,stats      ]     E: Thread Roots                 716 us, workers (us): 716, 
[48.960s][info][gc,stats      ]     E: Code Cache Roots             514 us, workers (us): 514, 
[48.960s][info][gc,stats      ]     E: Universe Roots                26 us, workers (us):  26, 
[48.960s][info][gc,stats      ]     E: JNI Handles Roots              1 us, workers (us):   1, 
[48.960s][info][gc,stats      ]     E: Synchronizer Roots             0 us, workers (us):   0, 
[48.960s][info][gc,stats      ]     E: Management Roots               1 us, workers (us):   1, 
[48.960s][info][gc,stats      ]     E: System Dict Roots             11 us, workers (us):  11, 
[48.960s][info][gc,stats      ]     E: CLDG Roots                   607 us, workers (us): 607, 
[48.960s][info][gc,stats      ]     E: JVMTI Roots                    0 us, workers (us):   0, 
[48.960s][info][gc,stats      ] Concurrent Cleanup                   67 us
[48.960s][info][gc,stats      ] Concurrent Evacuation              3052 us
[48.960s][info][gc,stats      ] Pause Init  Update Refs (G)        2435 us
[48.960s][info][gc,stats      ] Pause Init  Update Refs (N)          21 us
[48.960s][info][gc,stats      ]   Retire GCLABs                      11 us
[48.960s][info][gc,stats      ] Concurrent Update Refs           293306 us
[48.960s][info][gc,stats      ] Pause Final Update Refs (G)        6579 us
[48.960s][info][gc,stats      ] Pause Final Update Refs (N)        2564 us
[48.960s][info][gc,stats      ]   Update Roots                     2336 us, parallelism: 0.93x
[48.960s][info][gc,stats      ]     UR: <total>                    2182 us
[48.960s][info][gc,stats      ]     UR: Thread Roots               2182 us, workers (us): 2182, 
[48.960s][info][gc,stats      ]   Update Region States              193 us
[48.960s][info][gc,stats      ]   Trash Collection Set                3 us
[48.960s][info][gc,stats      ]   Rebuild Free Set                   13 us
[48.960s][info][gc,stats      ] Concurrent Cleanup                  157 us
[48.960s][info][gc,stats      ] 
[48.960s][info][gc,stats      ] Allocation pacing accrued:
[48.960s][info][gc,stats      ]       0 of  1122 ms (  0.0%): <total>
[48.960s][info][gc,stats      ]       0 of  1122 ms (  0.0%): <average total>
[48.960s][info][gc,stats      ] 
[48.960s][info][gc,metaspace  ] Metaspace: 60820K->60821K(1103872K)
[48.960s][info][gc,ergo       ] Pacer for Idle. Initial: 30720K, Alloc Tax Rate: 1.0x
[48.962s][info][gc            ] Trigger: Learning 3 of 5. Free (1003M) is below initial threshold (1050M)
[48.962s][info][gc,ergo       ] Free: 1003M, Max: 512K regular, 667M humongous, Frag: 34% external, 0% internal; Reserve: 76800K, Max: 512K
[48.962s][info][gc,start      ] GC(56) Concurrent reset
[48.962s][info][gc,task       ] GC(56) Using 1 of 1 workers for concurrent reset
[48.962s][info][gc,ergo       ] GC(56) Pacer for Reset. Non-Taxable: 1500M
[48.966s][info][gc            ] GC(56) Concurrent reset 4.395ms
[48.970s][info][gc,start      ] GC(56) Pause Init Mark
[48.971s][info][gc,task       ] GC(56) Using 1 of 1 workers for init marking
[48.972s][info][gc,ergo       ] GC(56) Pacer for Mark. Expected Live: 167M, Free: 999M, Non-Taxable: 102348K, Alloc Tax Rate: 0.2x
[48.972s][info][gc            ] GC(56) Pause Init Mark 1.879ms
[48.972s][info][gc,start      ] GC(56) Concurrent marking
[48.972s][info][gc,task       ] GC(56) Using 1 of 1 workers for concurrent marking
[49.186s][info][gc            ] GC(56) Concurrent marking 213.673ms
[49.186s][info][gc,start      ] GC(56) Pause Final Mark
[49.186s][info][gc,task       ] GC(56) Using 1 of 1 workers for final marking
[49.187s][info][gc,ergo       ] GC(56) Collectable Garbage: 249M (97%), Immediate: 249M (97%), CSet: 0B (0%)
[49.187s][info][gc            ] GC(56) Pause Final Mark 0.456ms
[49.187s][info][gc,start      ] GC(56) Concurrent cleanup
[49.187s][info][gc            ] GC(56) Concurrent cleanup 521M->271M(529M) 0.075ms
[49.187s][info][gc,ergo       ] GC(56) Free: 1151M, Max: 512K regular, 667M humongous, Frag: 43% external, 0% internal; Reserve: 76800K, Max: 512K
[49.187s][info][gc,ergo       ] Free: 1151M, Max: 512K regular, 667M humongous, Frag: 43% external, 0% internal; Reserve: 76800K, Max: 512K
[49.187s][info][gc,stats      ] 
[49.187s][info][gc,stats      ] All times are wall-clock times, except per-root-class counters, that are sum over
[49.187s][info][gc,stats      ] all workers. Dividing the <total> over the root stage time estimates parallelism.
[49.187s][info][gc,stats      ] 
[49.187s][info][gc,stats      ] Concurrent Reset                   4384 us
[49.187s][info][gc,stats      ] Pause Init Mark (G)                5897 us
[49.187s][info][gc,stats      ] Pause Init Mark (N)                1845 us
[49.187s][info][gc,stats      ]   Accumulate Stats                   25 us
[49.187s][info][gc,stats      ]   Make Parsable                      19 us
[49.187s][info][gc,stats      ]   Update Region States               44 us
[49.187s][info][gc,stats      ]   Scan Roots                       1686 us, parallelism: 0.75x
[49.187s][info][gc,stats      ]     S: <total>                     1261 us
[49.187s][info][gc,stats      ]     S: Thread Roots                 682 us, workers (us): 682, 
[49.187s][info][gc,stats      ]     S: Universe Roots                 3 us, workers (us):   3, 
[49.187s][info][gc,stats      ]     S: JNI Handles Roots              1 us, workers (us):   1, 
[49.187s][info][gc,stats      ]     S: Synchronizer Roots             0 us, workers (us):   0, 
[49.187s][info][gc,stats      ]     S: Management Roots               1 us, workers (us):   1, 
[49.187s][info][gc,stats      ]     S: System Dict Roots             20 us, workers (us):  20, 
[49.187s][info][gc,stats      ]     S: CLDG Roots                   552 us, workers (us): 552, 
[49.187s][info][gc,stats      ]     S: JVMTI Roots                    1 us, workers (us):   1, 
[49.187s][info][gc,stats      ]   Resize TLABs                       20 us
[49.187s][info][gc,stats      ] Concurrent Marking               213664 us
[49.187s][info][gc,stats      ] Pause Final Mark (G)                643 us
[49.187s][info][gc,stats      ] Pause Final Mark (N)                439 us
[49.187s][info][gc,stats      ]   Finish Queues                      21 us
[49.187s][info][gc,stats      ]   System Purge                      260 us
[49.187s][info][gc,stats      ]     Weak Roots                      260 us
[49.187s][info][gc,stats      ]   Update Region States               57 us
[49.187s][info][gc,stats      ]   Retire TLABs                       60 us
[49.187s][info][gc,stats      ]   Choose Collection Set              22 us
[49.187s][info][gc,stats      ]   Rebuild Free Set                   10 us
[49.187s][info][gc,stats      ] Concurrent Cleanup                   67 us
[49.187s][info][gc,stats      ] 
[49.187s][info][gc,stats      ] Allocation pacing accrued:
[49.187s][info][gc,stats      ]       0 of   227 ms (  0.0%): <total>
[49.187s][info][gc,stats      ]       0 of   227 ms (  0.0%): <average total>
[49.187s][info][gc,stats      ] 
[49.187s][info][gc,metaspace  ] Metaspace: 60821K->60821K(1103872K)
[49.187s][info][gc,ergo       ] Pacer for Idle. Initial: 30720K, Alloc Tax Rate: 1.0x
[49.281s][info][gc            ] Trigger: Learning 4 of 5. Free (1049M) is below initial threshold (1050M)
[49.281s][info][gc,ergo       ] Free: 1049M, Max: 512K regular, 667M humongous, Frag: 37% external, 0% internal; Reserve: 76800K, Max: 512K
[49.281s][info][gc,start      ] GC(57) Concurrent reset
[49.281s][info][gc,task       ] GC(57) Using 1 of 1 workers for concurrent reset
[49.281s][info][gc,ergo       ] GC(57) Pacer for Reset. Non-Taxable: 1500M
[49.282s][info][gc            ] GC(57) Concurrent reset 0.474ms
[49.285s][info][gc,start      ] GC(57) Pause Init Mark
[49.285s][info][gc,task       ] GC(57) Using 1 of 1 workers for init marking
[49.287s][info][gc,ergo       ] GC(57) Pacer for Mark. Expected Live: 167M, Free: 1049M, Non-Taxable: 104M, Alloc Tax Rate: 0.2x
[49.287s][info][gc            ] GC(57) Pause Init Mark 2.204ms
[49.287s][info][gc,start      ] GC(57) Concurrent marking
[49.287s][info][gc,task       ] GC(57) Using 1 of 1 workers for concurrent marking
[49.505s][info][gc            ] GC(57) Concurrent marking 217.809ms
[49.505s][info][gc,start      ] GC(57) Pause Final Mark
[49.505s][info][gc,task       ] GC(57) Using 1 of 1 workers for final marking
[49.506s][info][gc,ergo       ] GC(57) Collectable Garbage: 199M (96%), Immediate: 199M (96%), CSet: 0B (0%)
[49.506s][info][gc            ] GC(57) Pause Final Mark 0.478ms
[49.506s][info][gc,start      ] GC(57) Concurrent cleanup
[49.506s][info][gc            ] GC(57) Concurrent cleanup 493M->294M(529M) 0.071ms
[49.506s][info][gc,ergo       ] GC(57) Free: 1129M, Max: 512K regular, 667M humongous, Frag: 41% external, 0% internal; Reserve: 76800K, Max: 512K
[49.506s][info][gc,ergo       ] Free: 1129M, Max: 512K regular, 667M humongous, Frag: 41% external, 0% internal; Reserve: 76800K, Max: 512K
[49.506s][info][gc,stats      ] 
[49.506s][info][gc,stats      ] All times are wall-clock times, except per-root-class counters, that are sum over
[49.506s][info][gc,stats      ] all workers. Dividing the <total> over the root stage time estimates parallelism.
[49.506s][info][gc,stats      ] 
[49.506s][info][gc,stats      ] Concurrent Reset                    454 us
[49.506s][info][gc,stats      ] Pause Init Mark (G)                5045 us
[49.506s][info][gc,stats      ] Pause Init Mark (N)                2139 us
[49.506s][info][gc,stats      ]   Accumulate Stats                   40 us
[49.506s][info][gc,stats      ]   Make Parsable                      29 us
[49.506s][info][gc,stats      ]   Update Region States              101 us
[49.506s][info][gc,stats      ]   Scan Roots                       1892 us, parallelism: 0.68x
[49.506s][info][gc,stats      ]     S: <total>                     1284 us
[49.506s][info][gc,stats      ]     S: Thread Roots                 669 us, workers (us): 669, 
[49.506s][info][gc,stats      ]     S: Universe Roots                 5 us, workers (us):   5, 
[49.506s][info][gc,stats      ]     S: JNI Handles Roots              3 us, workers (us):   3, 
[49.506s][info][gc,stats      ]     S: Synchronizer Roots             0 us, workers (us):   0, 
[49.506s][info][gc,stats      ]     S: Management Roots               3 us, workers (us):   3, 
[49.506s][info][gc,stats      ]     S: System Dict Roots             22 us, workers (us):  22, 
[49.506s][info][gc,stats      ]     S: CLDG Roots                   582 us, workers (us): 582, 
[49.506s][info][gc,stats      ]     S: JVMTI Roots                    1 us, workers (us):   1, 
[49.506s][info][gc,stats      ]   Resize TLABs                       19 us
[49.506s][info][gc,stats      ] Concurrent Marking               217691 us
[49.506s][info][gc,stats      ] Pause Final Mark (G)                700 us
[49.506s][info][gc,stats      ] Pause Final Mark (N)                437 us
[49.506s][info][gc,stats      ]   Finish Queues                      27 us
[49.506s][info][gc,stats      ]   System Purge                      292 us
[49.506s][info][gc,stats      ]     Weak Roots                      291 us
[49.506s][info][gc,stats      ]   Update Region States               51 us
[49.506s][info][gc,stats      ]   Retire TLABs                       26 us
[49.506s][info][gc,stats      ]   Choose Collection Set              19 us
[49.506s][info][gc,stats      ]   Rebuild Free Set                   10 us
[49.506s][info][gc,stats      ] Concurrent Cleanup                   64 us
[49.506s][info][gc,stats      ] 
[49.506s][info][gc,stats      ] Allocation pacing accrued:
[49.506s][info][gc,stats      ]       0 of   319 ms (  0.0%): <total>
[49.506s][info][gc,stats      ]       0 of   319 ms (  0.0%): <average total>
[49.506s][info][gc,stats      ] 
[49.506s][info][gc,metaspace  ] Metaspace: 60821K->60821K(1103872K)
[49.506s][info][gc,ergo       ] Pacer for Idle. Initial: 30720K, Alloc Tax Rate: 1.0x
[49.573s][info][gc            ] Trigger: Learning 5 of 5. Free (1049M) is below initial threshold (1050M)
[49.573s][info][gc,ergo       ] Free: 1049M, Max: 512K regular, 667M humongous, Frag: 37% external, 0% internal; Reserve: 76800K, Max: 512K
[49.573s][info][gc,start      ] GC(58) Concurrent reset
[49.573s][info][gc,task       ] GC(58) Using 1 of 1 workers for concurrent reset
[49.573s][info][gc,ergo       ] GC(58) Pacer for Reset. Non-Taxable: 1500M
[49.574s][info][gc            ] GC(58) Concurrent reset 0.273ms
[49.576s][info][gc,start      ] GC(58) Pause Init Mark
[49.576s][info][gc,task       ] GC(58) Using 1 of 1 workers for init marking
[49.578s][info][gc,ergo       ] GC(58) Pacer for Mark. Expected Live: 167M, Free: 1049M, Non-Taxable: 104M, Alloc Tax Rate: 0.2x
[49.578s][info][gc            ] GC(58) Pause Init Mark 1.792ms
[49.578s][info][gc,start      ] GC(58) Concurrent marking
[49.578s][info][gc,task       ] GC(58) Using 1 of 1 workers for concurrent marking
[49.816s][info][gc            ] GC(58) Concurrent marking 238.557ms
[49.817s][info][gc,start      ] GC(58) Pause Final Mark
[49.817s][info][gc,task       ] GC(58) Using 1 of 1 workers for final marking
[49.817s][info][gc,ergo       ] GC(58) Collectable Garbage: 199M (96%), Immediate: 199M (96%), CSet: 0B (0%)
[49.817s][info][gc            ] GC(58) Pause Final Mark 0.470ms
[49.817s][info][gc,start      ] GC(58) Concurrent cleanup
[49.817s][info][gc            ] GC(58) Concurrent cleanup 496M->297M(529M) 0.072ms
[49.817s][info][gc,ergo       ] GC(58) Free: 1126M, Max: 512K regular, 667M humongous, Frag: 41% external, 0% internal; Reserve: 76800K, Max: 512K
[49.817s][info][gc,ergo       ] Free: 1126M, Max: 512K regular, 667M humongous, Frag: 41% external, 0% internal; Reserve: 76800K, Max: 512K
[49.817s][info][gc,stats      ] 
[49.817s][info][gc,stats      ] All times are wall-clock times, except per-root-class counters, that are sum over
[49.817s][info][gc,stats      ] all workers. Dividing the <total> over the root stage time estimates parallelism.
[49.817s][info][gc,stats      ] 
[49.817s][info][gc,stats      ] Concurrent Reset                    264 us
[49.817s][info][gc,stats      ] Pause Init Mark (G)                4161 us
[49.817s][info][gc,stats      ] Pause Init Mark (N)                1761 us
[49.817s][info][gc,stats      ]   Accumulate Stats                   27 us
[49.817s][info][gc,stats      ]   Make Parsable                      54 us
[49.817s][info][gc,stats      ]   Update Region States               41 us
[49.817s][info][gc,stats      ]   Scan Roots                       1585 us, parallelism: 0.82x
[49.817s][info][gc,stats      ]     S: <total>                     1305 us
[49.817s][info][gc,stats      ]     S: Thread Roots                 737 us, workers (us): 737, 
[49.817s][info][gc,stats      ]     S: Universe Roots                 3 us, workers (us):   3, 
[49.817s][info][gc,stats      ]     S: JNI Handles Roots              1 us, workers (us):   1, 
[49.817s][info][gc,stats      ]     S: Synchronizer Roots             0 us, workers (us):   0, 
[49.817s][info][gc,stats      ]     S: Management Roots               1 us, workers (us):   1, 
[49.817s][info][gc,stats      ]     S: System Dict Roots             12 us, workers (us):  12, 
[49.817s][info][gc,stats      ]     S: CLDG Roots                   549 us, workers (us): 549, 
[49.817s][info][gc,stats      ]     S: JVMTI Roots                    1 us, workers (us):   1, 
[49.817s][info][gc,stats      ]   Resize TLABs                       17 us
[49.817s][info][gc,stats      ] Concurrent Marking               238548 us
[49.817s][info][gc,stats      ] Pause Final Mark (G)                698 us
[49.817s][info][gc,stats      ] Pause Final Mark (N)                437 us
[49.818s][info][gc,stats      ]   Finish Queues                      35 us
[49.818s][info][gc,stats      ]   System Purge                      279 us
[49.818s][info][gc,stats      ]     Weak Roots                      279 us
[49.818s][info][gc,stats      ]   Update Region States               52 us
[49.818s][info][gc,stats      ]   Retire TLABs                       26 us
[49.818s][info][gc,stats      ]   Choose Collection Set              23 us
[49.818s][info][gc,stats      ]   Rebuild Free Set                   10 us
[49.818s][info][gc,stats      ] Concurrent Cleanup                   64 us
[49.818s][info][gc,stats      ] 
[49.818s][info][gc,stats      ] Allocation pacing accrued:
[49.818s][info][gc,stats      ]       0 of   312 ms (  0.0%): <total>
[49.818s][info][gc,stats      ]       0 of   312 ms (  0.0%): <average total>
[49.818s][info][gc,stats      ] 
[49.818s][info][gc,metaspace  ] Metaspace: 60821K->60821K(1103872K)
[49.818s][info][gc,ergo       ] Pacer for Idle. Initial: 30720K, Alloc Tax Rate: 1.0x
[50.652s][info][gc            ] Trigger: Average GC time (307.21 ms) is above the time for allocation rate (848 MB/s) to deplete free headroom (258M)
[50.652s][info][gc,ergo       ] Free headroom: 333M (free) - 76800K (spike) - 0B (penalties) = 258M
[50.652s][info][gc,ergo       ] Free: 333M, Max: 512K regular, 333M humongous, Frag: 0% external, 0% internal; Reserve: 76800K, Max: 512K
[50.652s][info][gc,start      ] GC(59) Concurrent reset
[50.652s][info][gc,task       ] GC(59) Using 1 of 1 workers for concurrent reset
[50.652s][info][gc,ergo       ] GC(59) Pacer for Reset. Non-Taxable: 1500M
[50.653s][info][gc            ] GC(59) Concurrent reset 0.344ms
[50.655s][info][gc,start      ] GC(59) Pause Init Mark
[50.655s][info][gc,task       ] GC(59) Using 1 of 1 workers for init marking
[50.657s][info][gc,ergo       ] GC(59) Pacer for Mark. Expected Live: 167M, Free: 333M, Non-Taxable: 34200K, Alloc Tax Rate: 0.6x
[50.657s][info][gc            ] GC(59) Pause Init Mark 1.751ms
[50.657s][info][gc,start      ] GC(59) Concurrent marking
[50.657s][info][gc,task       ] GC(59) Using 1 of 1 workers for concurrent marking
[50.821s][info][gc            ] GC(59) Concurrent marking 164.321ms
[50.823s][info][gc,start      ] GC(59) Pause Final Mark
[50.823s][info][gc,task       ] GC(59) Using 1 of 1 workers for final marking
[50.824s][info][gc,ergo       ] GC(59) Collectable Garbage: 914M (99%), Immediate: 914M (99%), CSet: 0B (0%)
[50.824s][info][gc            ] GC(59) Pause Final Mark 0.433ms
[50.824s][info][gc,start      ] GC(59) Concurrent cleanup
[50.824s][info][gc            ] GC(59) Concurrent cleanup 1145M->231M(1149M) 0.135ms
[50.824s][info][gc,ergo       ] GC(59) Free: 1192M, Max: 512K regular, 429M humongous, Frag: 65% external, 0% internal; Reserve: 76800K, Max: 512K
[50.824s][info][gc,ergo       ] Free: 1192M, Max: 512K regular, 429M humongous, Frag: 65% external, 0% internal; Reserve: 76800K, Max: 512K
[50.824s][info][gc,stats      ] 
[50.824s][info][gc,stats      ] All times are wall-clock times, except per-root-class counters, that are sum over
[50.824s][info][gc,stats      ] all workers. Dividing the <total> over the root stage time estimates parallelism.
[50.824s][info][gc,stats      ] 
[50.824s][info][gc,stats      ] Concurrent Reset                    334 us
[50.824s][info][gc,stats      ] Pause Init Mark (G)                4160 us
[50.824s][info][gc,stats      ] Pause Init Mark (N)                1715 us
[50.824s][info][gc,stats      ]   Accumulate Stats                   31 us
[50.824s][info][gc,stats      ]   Make Parsable                      16 us
[50.824s][info][gc,stats      ]   Update Region States               53 us
[50.824s][info][gc,stats      ]   Scan Roots                       1554 us, parallelism: 0.82x
[50.824s][info][gc,stats      ]     S: <total>                     1271 us
[50.824s][info][gc,stats      ]     S: Thread Roots                 666 us, workers (us): 666, 
[50.824s][info][gc,stats      ]     S: Universe Roots                 3 us, workers (us):   3, 
[50.824s][info][gc,stats      ]     S: JNI Handles Roots              2 us, workers (us):   2, 
[50.824s][info][gc,stats      ]     S: Synchronizer Roots             0 us, workers (us):   0, 
[50.824s][info][gc,stats      ]     S: Management Roots               1 us, workers (us):   1, 
[50.824s][info][gc,stats      ]     S: System Dict Roots             12 us, workers (us):  12, 
[50.824s][info][gc,stats      ]     S: CLDG Roots                   586 us, workers (us): 586, 
[50.824s][info][gc,stats      ]     S: JVMTI Roots                    1 us, workers (us):   1, 
[50.824s][info][gc,stats      ]   Resize TLABs                       17 us
[50.824s][info][gc,stats      ] Concurrent Marking               164305 us
[50.824s][info][gc,stats      ] Pause Final Mark (G)               2833 us
[50.824s][info][gc,stats      ] Pause Final Mark (N)                419 us
[50.824s][info][gc,stats      ]   Finish Queues                      32 us
[50.824s][info][gc,stats      ]   System Purge                      266 us
[50.824s][info][gc,stats      ]     Weak Roots                      265 us
[50.824s][info][gc,stats      ]   Update Region States               55 us
[50.824s][info][gc,stats      ]   Retire TLABs                       28 us
[50.824s][info][gc,stats      ]   Choose Collection Set              21 us
[50.824s][info][gc,stats      ]   Rebuild Free Set                   10 us
[50.824s][info][gc,stats      ] Concurrent Cleanup                  119 us
[50.824s][info][gc,stats      ] Pacing                            47679 us
[50.824s][info][gc,stats      ] 
[50.824s][info][gc,stats      ] Allocation pacing accrued:
[50.824s][info][gc,stats      ]      48 of  1007 ms (  4.7%): Executor task launch worker for task 0.0 in stage 25.0 (TID 25)
[50.824s][info][gc,stats      ]      48 of  1007 ms (  4.7%): <total>
[50.824s][info][gc,stats      ]       0 of  1007 ms (  0.0%): <average total>
[50.824s][info][gc,stats      ]      48 of  1007 ms (  4.7%): <average non-zero>
[50.824s][info][gc,stats      ] 
[50.824s][info][gc,metaspace  ] Metaspace: 60825K->60825K(1103872K)
[50.824s][info][gc,ergo       ] Pacer for Idle. Initial: 30720K, Alloc Tax Rate: 1.0x
[51.265s][info][gc            ] Trigger: Explicit GC request (System.gc())
[51.265s][info][gc,ergo       ] Free: 735M, Max: 512K regular, 277M humongous, Frag: 63% external, 0% internal; Reserve: 76800K, Max: 512K
[51.265s][info][gc,start      ] GC(60) Concurrent reset
[51.265s][info][gc,task       ] GC(60) Using 1 of 1 workers for concurrent reset
[51.265s][info][gc,ergo       ] GC(60) Pacer for Reset. Non-Taxable: 1500M
[51.265s][info][gc            ] GC(60) Concurrent reset 0.307ms
[51.266s][info][gc,start      ] GC(60) Pause Init Mark (process weakrefs) (unload classes)
[51.266s][info][gc,task       ] GC(60) Using 1 of 1 workers for init marking
[51.267s][info][gc,ergo       ] GC(60) Pacer for Mark. Expected Live: 167M, Free: 735M, Non-Taxable: 75327K, Alloc Tax Rate: 0.3x
[51.267s][info][gc            ] GC(60) Pause Init Mark (process weakrefs) (unload classes) 1.177ms
[51.267s][info][gc,start      ] GC(60) Concurrent marking (process weakrefs) (unload classes)
[51.267s][info][gc,task       ] GC(60) Using 1 of 1 workers for concurrent marking
[51.426s][info][gc            ] GC(60) Concurrent marking (process weakrefs) (unload classes) 158.726ms
[51.426s][info][gc,start      ] GC(60) Concurrent precleaning
[51.426s][info][gc,task       ] GC(60) Using 1 of 1 workers for concurrent preclean
[51.426s][info][gc,ergo       ] GC(60) Pacer for Precleaning. Non-Taxable: 1500M
[51.426s][info][gc            ] GC(60) Concurrent precleaning 0.372ms
[51.426s][info][gc,start      ] GC(60) Pause Final Mark (process weakrefs) (unload classes)
[51.426s][info][gc,task       ] GC(60) Using 1 of 1 workers for final marking
[51.488s][info][gc,stringtable] GC(60) Cleaned string and symbol table, strings: 18586 processed, 0 removed, symbols: 131969 processed, 198 removed
[51.488s][info][gc,ergo       ] GC(60) Collectable Garbage: 510M (97%), Immediate: 510M (97%), CSet: 0B (0%)
[51.488s][info][gc            ] GC(60) Pause Final Mark (process weakrefs) (unload classes) 62.107ms
[51.488s][info][gc,start      ] GC(60) Concurrent cleanup
[51.492s][info][gc            ] GC(60) Concurrent cleanup 687M->177M(1149M) 4.056ms
[51.492s][info][gc,ergo       ] GC(60) Free: 1246M, Max: 512K regular, 667M humongous, Frag: 47% external, 0% internal; Reserve: 76800K, Max: 512K
[51.493s][info][gc,ergo       ] Free: 1246M, Max: 512K regular, 667M humongous, Frag: 47% external, 0% internal; Reserve: 76800K, Max: 512K
[51.493s][info][gc,stats      ] 
[51.493s][info][gc,stats      ] All times are wall-clock times, except per-root-class counters, that are sum over
[51.493s][info][gc,stats      ] all workers. Dividing the <total> over the root stage time estimates parallelism.
[51.493s][info][gc,stats      ] 
[51.493s][info][gc,stats      ] Concurrent Reset                    293 us
[51.493s][info][gc,stats      ] Pause Init Mark (G)                1631 us
[51.493s][info][gc,stats      ] Pause Init Mark (N)                1144 us
[51.493s][info][gc,stats      ]   Accumulate Stats                   32 us
[51.493s][info][gc,stats      ]   Make Parsable                      20 us
[51.493s][info][gc,stats      ]   Update Region States               43 us
[51.493s][info][gc,stats      ]   Scan Roots                       1008 us, parallelism: 0.72x
[51.493s][info][gc,stats      ]     S: <total>                      729 us
[51.493s][info][gc,stats      ]     S: Thread Roots                 613 us, workers (us): 613, 
[51.493s][info][gc,stats      ]     S: Universe Roots                 3 us, workers (us):   3, 
[51.493s][info][gc,stats      ]     S: JNI Handles Roots              1 us, workers (us):   1, 
[51.493s][info][gc,stats      ]     S: Synchronizer Roots             0 us, workers (us):   0, 
[51.493s][info][gc,stats      ]     S: Management Roots               1 us, workers (us):   1, 
[51.493s][info][gc,stats      ]     S: System Dict Roots             12 us, workers (us):  12, 
[51.493s][info][gc,stats      ]     S: CLDG Roots                    98 us, workers (us):  98, 
[51.493s][info][gc,stats      ]     S: JVMTI Roots                    1 us, workers (us):   1, 
[51.493s][info][gc,stats      ]   Resize TLABs                       14 us
[51.493s][info][gc,stats      ] Concurrent Marking               158717 us
[51.493s][info][gc,stats      ] Concurrent Precleaning              364 us
[51.493s][info][gc,stats      ] Pause Final Mark (G)              62354 us
[51.493s][info][gc,stats      ] Pause Final Mark (N)              62097 us
[51.493s][info][gc,stats      ]   Finish Queues                     143 us
[51.493s][info][gc,stats      ]   Weak References                    51 us
[51.493s][info][gc,stats      ]     Process                          49 us
[51.493s][info][gc,stats      ]   System Purge                      282 us
[51.493s][info][gc,stats      ]     Unload Classes                 1065 us
[51.493s][info][gc,stats      ]     Cleanup                       60144 us, parallelism: 0.94x
[51.493s][info][gc,stats      ]       CU: <total>                 56649 us
[51.493s][info][gc,stats      ]       CU: Code Cache Roots        17535 us, workers (us): 17535, 
[51.493s][info][gc,stats      ]       CU: Code Cache Cleaning      6434 us, workers (us): 6434, 
[51.493s][info][gc,stats      ]       CU: String Table Roots      15187 us, workers (us): 15187, 
[51.493s][info][gc,stats      ]       CU: Resolved Table Roots      166 us, workers (us): 166, 
[51.493s][info][gc,stats      ]       CU: CLDG Roots              17326 us, workers (us): 17326, 
[51.493s][info][gc,stats      ]     Weak Roots                      282 us
[51.493s][info][gc,stats      ]     CLDG                            248 us
[51.493s][info][gc,stats      ]   Update Region States               56 us
[51.493s][info][gc,stats      ]   Retire TLABs                       58 us
[51.493s][info][gc,stats      ]   Choose Collection Set              22 us
[51.493s][info][gc,stats      ]   Rebuild Free Set                   10 us
[51.493s][info][gc,stats      ] Concurrent Cleanup                 4037 us
[51.514s][info][gc,stats      ] 
[51.514s][info][gc,stats      ] Allocation pacing accrued:
[51.514s][info][gc,stats      ]       0 of   690 ms (  0.0%): <total>
[51.514s][info][gc,stats      ]       0 of   690 ms (  0.0%): <average total>
[51.514s][info][gc,stats      ] 
[51.515s][info][gc,metaspace  ] Metaspace: 60862K->60495K(1103872K)
[51.515s][info][gc,ergo       ] Pacer for Idle. Initial: 30720K, Alloc Tax Rate: 1.0x
[51.515s][info][gc,start      ] Concurrent uncommit
[51.636s][info][gc            ] Concurrent uncommit 178M->178M(180M) 121.025ms
[52.134s][info][gc            ] Trigger: Learning 2 of 5. Free (1048M) is below initial threshold (1050M)
[52.135s][info][gc,ergo       ] Free: 1048M, Max: 512K regular, 667M humongous, Frag: 37% external, 0% internal; Reserve: 76800K, Max: 512K
[52.135s][info][gc,start      ] GC(61) Concurrent reset
[52.135s][info][gc,task       ] GC(61) Using 1 of 1 workers for concurrent reset
[52.135s][info][gc,ergo       ] GC(61) Pacer for Reset. Non-Taxable: 1500M
[52.135s][info][gc            ] GC(61) Concurrent reset 0.330ms
[52.137s][info][gc,start      ] GC(61) Pause Init Mark
[52.137s][info][gc,task       ] GC(61) Using 1 of 1 workers for init marking
[52.139s][info][gc,ergo       ] GC(61) Pacer for Mark. Expected Live: 167M, Free: 1048M, Non-Taxable: 104M, Alloc Tax Rate: 0.2x
[52.139s][info][gc            ] GC(61) Pause Init Mark 1.870ms
[52.139s][info][gc,start      ] GC(61) Concurrent marking
[52.139s][info][gc,task       ] GC(61) Using 1 of 1 workers for concurrent marking
[52.365s][info][gc            ] GC(61) Concurrent marking 225.603ms
[52.365s][info][gc,start      ] GC(61) Pause Final Mark
[52.365s][info][gc,task       ] GC(61) Using 1 of 1 workers for final marking
[52.366s][info][gc,ergo       ] GC(61) Adaptive CSet Selection. Target Free: 212M, Actual Free: 1208M, Max CSet: 64000K, Min Garbage: 0B
[52.366s][info][gc,ergo       ] GC(61) Collectable Garbage: 203M (98%), Immediate: 176M (85%), CSet: 27770K (13%)
[52.368s][info][gc,ergo       ] GC(61) Pacer for Evacuation. Used CSet: 29673K, Free: 1135M, Non-Taxable: 113M, Alloc Tax Rate: 1.1x
[52.368s][info][gc            ] GC(61) Pause Final Mark 3.219ms
[52.368s][info][gc,start      ] GC(61) Concurrent cleanup
[52.369s][info][gc            ] GC(61) Concurrent cleanup 463M->287M(468M) 0.076ms
[52.369s][info][gc,ergo       ] GC(61) Free: 1135M, Max: 512K regular, 667M humongous, Frag: 42% external, 0% internal; Reserve: 76544K, Max: 512K
[52.369s][info][gc,start      ] GC(61) Concurrent evacuation
[52.369s][info][gc,task       ] GC(61) Using 1 of 1 workers for concurrent evacuation
[52.375s][info][gc            ] GC(61) Concurrent evacuation 5.966ms
[52.378s][info][gc,start      ] GC(61) Pause Init Update Refs
[52.378s][info][gc,ergo       ] GC(61) Pacer for Update Refs. Used: 293M, Free: 1131M, Non-Taxable: 113M, Alloc Tax Rate: 1.1x
[52.378s][info][gc            ] GC(61) Pause Init Update Refs 0.052ms
[52.379s][info][gc,start      ] GC(61) Concurrent update references
[52.379s][info][gc,task       ] GC(61) Using 1 of 1 workers for concurrent reference update
[52.661s][info][gc            ] GC(61) Concurrent update references 282.055ms
[52.663s][info][gc,start      ] GC(61) Pause Final Update Refs
[52.663s][info][gc,task       ] GC(61) Using 1 of 1 workers for final reference update
[52.664s][info][gc            ] GC(61) Pause Final Update Refs 0.736ms
[52.664s][info][gc,start      ] GC(61) Concurrent cleanup
[52.664s][info][gc            ] GC(61) Concurrent cleanup 437M->408M(469M) 0.089ms
[52.664s][info][gc,ergo       ] Free: 1014M, Max: 512K regular, 667M humongous, Frag: 35% external, 0% internal; Reserve: 76800K, Max: 512K
[52.664s][info][gc,stats      ] 
[52.664s][info][gc,stats      ] All times are wall-clock times, except per-root-class counters, that are sum over
[52.664s][info][gc,stats      ] all workers. Dividing the <total> over the root stage time estimates parallelism.
[52.664s][info][gc,stats      ] 
[52.664s][info][gc,stats      ] Concurrent Reset                    315 us
[52.664s][info][gc,stats      ] Pause Init Mark (G)                4350 us
[52.664s][info][gc,stats      ] Pause Init Mark (N)                1836 us
[52.664s][info][gc,stats      ]   Accumulate Stats                   33 us
[52.664s][info][gc,stats      ]   Make Parsable                      23 us
[52.664s][info][gc,stats      ]   Update Region States               44 us
[52.664s][info][gc,stats      ]   Scan Roots                       1648 us, parallelism: 0.83x
[52.664s][info][gc,stats      ]     S: <total>                     1360 us
[52.664s][info][gc,stats      ]     S: Thread Roots                 720 us, workers (us): 720, 
[52.664s][info][gc,stats      ]     S: Universe Roots                 2 us, workers (us):   2, 
[52.664s][info][gc,stats      ]     S: JNI Handles Roots              2 us, workers (us):   2, 
[52.664s][info][gc,stats      ]     S: Synchronizer Roots             0 us, workers (us):   0, 
[52.664s][info][gc,stats      ]     S: Management Roots               1 us, workers (us):   1, 
[52.664s][info][gc,stats      ]     S: System Dict Roots             11 us, workers (us):  11, 
[52.664s][info][gc,stats      ]     S: CLDG Roots                   623 us, workers (us): 623, 
[52.664s][info][gc,stats      ]     S: JVMTI Roots                    1 us, workers (us):   1, 
[52.664s][info][gc,stats      ]   Resize TLABs                       19 us
[52.664s][info][gc,stats      ] Concurrent Marking               225594 us
[52.664s][info][gc,stats      ] Pause Final Mark (G)               3431 us
[52.664s][info][gc,stats      ] Pause Final Mark (N)               3199 us
[52.664s][info][gc,stats      ]   Finish Queues                      25 us
[52.664s][info][gc,stats      ]   System Purge                      281 us
[52.664s][info][gc,stats      ]     Weak Roots                      281 us
[52.664s][info][gc,stats      ]   Update Region States               53 us
[52.664s][info][gc,stats      ]   Retire TLABs                       25 us
[52.664s][info][gc,stats      ]   Choose Collection Set              60 us
[52.664s][info][gc,stats      ]   Rebuild Free Set                   10 us
[52.664s][info][gc,stats      ]   Initial Evacuation               2736 us, parallelism: 0.67x
[52.664s][info][gc,stats      ]     E: <total>                     1824 us
[52.664s][info][gc,stats      ]     E: Thread Roots                 724 us, workers (us): 724, 
[52.664s][info][gc,stats      ]     E: Code Cache Roots             472 us, workers (us): 472, 
[52.664s][info][gc,stats      ]     E: Universe Roots                 1 us, workers (us):   1, 
[52.664s][info][gc,stats      ]     E: JNI Handles Roots              1 us, workers (us):   1, 
[52.664s][info][gc,stats      ]     E: Synchronizer Roots             0 us, workers (us):   0, 
[52.664s][info][gc,stats      ]     E: Management Roots               1 us, workers (us):   1, 
[52.664s][info][gc,stats      ]     E: System Dict Roots             38 us, workers (us):  38, 
[52.664s][info][gc,stats      ]     E: CLDG Roots                   586 us, workers (us): 586, 
[52.664s][info][gc,stats      ]     E: JVMTI Roots                    0 us, workers (us):   0, 
[52.664s][info][gc,stats      ] Concurrent Cleanup                   66 us
[52.664s][info][gc,stats      ] Concurrent Evacuation              5955 us
[52.664s][info][gc,stats      ] Pause Init  Update Refs (G)        3979 us
[52.664s][info][gc,stats      ] Pause Init  Update Refs (N)          21 us
[52.664s][info][gc,stats      ]   Retire GCLABs                      12 us
[52.664s][info][gc,stats      ] Concurrent Update Refs           282040 us
[52.664s][info][gc,stats      ] Pause Final Update Refs (G)        3137 us
[52.664s][info][gc,stats      ] Pause Final Update Refs (N)         655 us
[52.664s][info][gc,stats      ]   Update Roots                      579 us, parallelism: 0.98x
[52.664s][info][gc,stats      ]     UR: <total>                     568 us
[52.664s][info][gc,stats      ]     UR: Thread Roots                568 us, workers (us): 568, 
[52.664s][info][gc,stats      ]   Update Region States               48 us
[52.664s][info][gc,stats      ]   Trash Collection Set                2 us
[52.664s][info][gc,stats      ]   Rebuild Free Set                   10 us
[52.664s][info][gc,stats      ] Concurrent Cleanup                   80 us
[52.664s][info][gc,stats      ] 
[52.664s][info][gc,stats      ] Allocation pacing accrued:
[52.664s][info][gc,stats      ]       0 of  1150 ms (  0.0%): <total>
[52.664s][info][gc,stats      ]       0 of  1150 ms (  0.0%): <average total>
[52.664s][info][gc,stats      ] 
[52.664s][info][gc,metaspace  ] Metaspace: 60890K->60890K(1103872K)
[52.664s][info][gc,ergo       ] Pacer for Idle. Initial: 30720K, Alloc Tax Rate: 1.0x
[52.666s][info][gc            ] Trigger: Learning 3 of 5. Free (1012M) is below initial threshold (1050M)
[52.666s][info][gc,ergo       ] Free: 1012M, Max: 512K regular, 667M humongous, Frag: 35% external, 0% internal; Reserve: 76800K, Max: 512K
[52.666s][info][gc,start      ] GC(62) Concurrent reset
[52.666s][info][gc,task       ] GC(62) Using 1 of 1 workers for concurrent reset
[52.666s][info][gc,ergo       ] GC(62) Pacer for Reset. Non-Taxable: 1500M
[52.669s][info][gc            ] GC(62) Concurrent reset 3.317ms
[52.673s][info][gc,start      ] GC(62) Pause Init Mark
[52.673s][info][gc,task       ] GC(62) Using 1 of 1 workers for init marking
[52.675s][info][gc,ergo       ] GC(62) Pacer for Mark. Expected Live: 167M, Free: 1009M, Non-Taxable: 100M, Alloc Tax Rate: 0.2x
[52.675s][info][gc            ] GC(62) Pause Init Mark 1.811ms
[52.675s][info][gc,start      ] GC(62) Concurrent marking
[52.675s][info][gc,task       ] GC(62) Using 1 of 1 workers for concurrent marking
[52.901s][info][gc            ] GC(62) Concurrent marking 225.382ms
[52.901s][info][gc,start      ] GC(62) Pause Final Mark
[52.901s][info][gc,task       ] GC(62) Using 1 of 1 workers for final marking
[52.901s][info][gc,ergo       ] GC(62) Collectable Garbage: 242M (98%), Immediate: 242M (98%), CSet: 0B (0%)
[52.901s][info][gc            ] GC(62) Pause Final Mark 0.423ms
[52.901s][info][gc,start      ] GC(62) Concurrent cleanup
[52.901s][info][gc            ] GC(62) Concurrent cleanup 521M->279M(528M) 0.074ms
[52.901s][info][gc,ergo       ] GC(62) Free: 1144M, Max: 512K regular, 667M humongous, Frag: 42% external, 0% internal; Reserve: 76800K, Max: 512K
[52.901s][info][gc,ergo       ] Free: 1144M, Max: 512K regular, 667M humongous, Frag: 42% external, 0% internal; Reserve: 76800K, Max: 512K
[52.901s][info][gc,stats      ] 
[52.901s][info][gc,stats      ] All times are wall-clock times, except per-root-class counters, that are sum over
[52.901s][info][gc,stats      ] all workers. Dividing the <total> over the root stage time estimates parallelism.
[52.901s][info][gc,stats      ] 
[52.901s][info][gc,stats      ] Concurrent Reset                   3306 us
[52.901s][info][gc,stats      ] Pause Init Mark (G)                5833 us
[52.901s][info][gc,stats      ] Pause Init Mark (N)                1777 us
[52.901s][info][gc,stats      ]   Accumulate Stats                   26 us
[52.901s][info][gc,stats      ]   Make Parsable                      16 us
[52.901s][info][gc,stats      ]   Update Region States               43 us
[52.901s][info][gc,stats      ]   Scan Roots                       1624 us, parallelism: 0.82x
[52.901s][info][gc,stats      ]     S: <total>                     1331 us
[52.901s][info][gc,stats      ]     S: Thread Roots                 737 us, workers (us): 737, 
[52.901s][info][gc,stats      ]     S: Universe Roots                 2 us, workers (us):   2, 
[52.901s][info][gc,stats      ]     S: JNI Handles Roots              1 us, workers (us):   1, 
[52.901s][info][gc,stats      ]     S: Synchronizer Roots             0 us, workers (us):   0, 
[52.901s][info][gc,stats      ]     S: Management Roots               2 us, workers (us):   2, 
[52.901s][info][gc,stats      ]     S: System Dict Roots             22 us, workers (us):  22, 
[52.901s][info][gc,stats      ]     S: CLDG Roots                   566 us, workers (us): 566, 
[52.901s][info][gc,stats      ]     S: JVMTI Roots                    0 us, workers (us):   0, 
[52.901s][info][gc,stats      ]   Resize TLABs                       21 us
[52.901s][info][gc,stats      ] Concurrent Marking               225373 us
[52.901s][info][gc,stats      ] Pause Final Mark (G)                610 us
[52.901s][info][gc,stats      ] Pause Final Mark (N)                404 us
[52.901s][info][gc,stats      ]   Finish Queues                      23 us
[52.901s][info][gc,stats      ]   System Purge                      270 us
[52.901s][info][gc,stats      ]     Weak Roots                      269 us
[52.902s][info][gc,stats      ]   Update Region States               52 us
[52.902s][info][gc,stats      ]   Retire TLABs                       23 us
[52.902s][info][gc,stats      ]   Choose Collection Set              17 us
[52.902s][info][gc,stats      ]   Rebuild Free Set                   10 us
[52.902s][info][gc,stats      ] Concurrent Cleanup                   67 us
[52.902s][info][gc,stats      ] 
[52.902s][info][gc,stats      ] Allocation pacing accrued:
[52.902s][info][gc,stats      ]       0 of   237 ms (  0.0%): <total>
[52.902s][info][gc,stats      ]       0 of   237 ms (  0.0%): <average total>
[52.902s][info][gc,stats      ] 
[52.902s][info][gc,metaspace  ] Metaspace: 60890K->60890K(1103872K)
[52.902s][info][gc,ergo       ] Pacer for Idle. Initial: 30720K, Alloc Tax Rate: 1.0x
[52.980s][info][gc            ] Trigger: Learning 4 of 5. Free (1049M) is below initial threshold (1050M)
[52.980s][info][gc,ergo       ] Free: 1049M, Max: 512K regular, 667M humongous, Frag: 37% external, 0% internal; Reserve: 76800K, Max: 512K
[52.980s][info][gc,start      ] GC(63) Concurrent reset
[52.980s][info][gc,task       ] GC(63) Using 1 of 1 workers for concurrent reset
[52.980s][info][gc,ergo       ] GC(63) Pacer for Reset. Non-Taxable: 1500M
[52.980s][info][gc            ] GC(63) Concurrent reset 0.256ms
[52.982s][info][gc,start      ] GC(63) Pause Init Mark
[52.982s][info][gc,task       ] GC(63) Using 1 of 1 workers for init marking
[52.984s][info][gc,ergo       ] GC(63) Pacer for Mark. Expected Live: 167M, Free: 1049M, Non-Taxable: 104M, Alloc Tax Rate: 0.2x
[52.984s][info][gc            ] GC(63) Pause Init Mark 1.688ms
[52.984s][info][gc,start      ] GC(63) Concurrent marking
[52.984s][info][gc,task       ] GC(63) Using 1 of 1 workers for concurrent marking
[53.215s][info][gc            ] GC(63) Concurrent marking 231.324ms
[53.216s][info][gc,start      ] GC(63) Pause Final Mark
[53.216s][info][gc,task       ] GC(63) Using 1 of 1 workers for final marking
[53.216s][info][gc,ergo       ] GC(63) Collectable Garbage: 202M (97%), Immediate: 202M (97%), CSet: 0B (0%)
[53.216s][info][gc            ] GC(63) Pause Final Mark 0.407ms
[53.216s][info][gc,start      ] GC(63) Concurrent cleanup
[53.216s][info][gc            ] GC(63) Concurrent cleanup 493M->291M(528M) 0.130ms
[53.216s][info][gc,ergo       ] GC(63) Free: 1131M, Max: 512K regular, 667M humongous, Frag: 42% external, 0% internal; Reserve: 76800K, Max: 512K
[53.216s][info][gc,ergo       ] Free: 1131M, Max: 512K regular, 667M humongous, Frag: 42% external, 0% internal; Reserve: 76800K, Max: 512K
[53.216s][info][gc,stats      ] 
[53.216s][info][gc,stats      ] All times are wall-clock times, except per-root-class counters, that are sum over
[53.216s][info][gc,stats      ] all workers. Dividing the <total> over the root stage time estimates parallelism.
[53.216s][info][gc,stats      ] 
[53.216s][info][gc,stats      ] Concurrent Reset                    248 us
[53.216s][info][gc,stats      ] Pause Init Mark (G)                4048 us
[53.216s][info][gc,stats      ] Pause Init Mark (N)                1662 us
[53.216s][info][gc,stats      ]   Accumulate Stats                   26 us
[53.216s][info][gc,stats      ]   Make Parsable                      17 us
[53.216s][info][gc,stats      ]   Update Region States               37 us
[53.216s][info][gc,stats      ]   Scan Roots                       1532 us, parallelism: 0.80x
[53.216s][info][gc,stats      ]     S: <total>                     1232 us
[53.216s][info][gc,stats      ]     S: Thread Roots                 686 us, workers (us): 686, 
[53.216s][info][gc,stats      ]     S: Universe Roots                 3 us, workers (us):   3, 
[53.216s][info][gc,stats      ]     S: JNI Handles Roots              2 us, workers (us):   2, 
[53.216s][info][gc,stats      ]     S: Synchronizer Roots             0 us, workers (us):   0, 
[53.216s][info][gc,stats      ]     S: Management Roots               1 us, workers (us):   1, 
[53.216s][info][gc,stats      ]     S: System Dict Roots             11 us, workers (us):  11, 
[53.216s][info][gc,stats      ]     S: CLDG Roots                   528 us, workers (us): 528, 
[53.216s][info][gc,stats      ]     S: JVMTI Roots                    0 us, workers (us):   0, 
[53.216s][info][gc,stats      ]   Resize TLABs                       18 us
[53.216s][info][gc,stats      ] Concurrent Marking               231315 us
[53.216s][info][gc,stats      ] Pause Final Mark (G)                586 us
[53.216s][info][gc,stats      ] Pause Final Mark (N)                390 us
[53.216s][info][gc,stats      ]   Finish Queues                      21 us
[53.216s][info][gc,stats      ]   System Purge                      260 us
[53.216s][info][gc,stats      ]     Weak Roots                      260 us
[53.216s][info][gc,stats      ]   Update Region States               52 us
[53.216s][info][gc,stats      ]   Retire TLABs                       22 us
[53.216s][info][gc,stats      ]   Choose Collection Set              16 us
[53.216s][info][gc,stats      ]   Rebuild Free Set                   10 us
[53.216s][info][gc,stats      ] Concurrent Cleanup                  122 us
[53.216s][info][gc,stats      ] 
[53.216s][info][gc,stats      ] Allocation pacing accrued:
[53.216s][info][gc,stats      ]       0 of   315 ms (  0.0%): <total>
[53.216s][info][gc,stats      ]       0 of   315 ms (  0.0%): <average total>
[53.216s][info][gc,stats      ] 
[53.216s][info][gc,metaspace  ] Metaspace: 60890K->60890K(1103872K)
[53.216s][info][gc,ergo       ] Pacer for Idle. Initial: 30720K, Alloc Tax Rate: 1.0x
[53.284s][info][gc            ] Trigger: Learning 5 of 5. Free (1048M) is below initial threshold (1050M)
[53.284s][info][gc,ergo       ] Free: 1048M, Max: 512K regular, 667M humongous, Frag: 37% external, 0% internal; Reserve: 76800K, Max: 512K
[53.285s][info][gc,start      ] GC(64) Concurrent reset
[53.285s][info][gc,task       ] GC(64) Using 1 of 1 workers for concurrent reset
[53.285s][info][gc,ergo       ] GC(64) Pacer for Reset. Non-Taxable: 1500M
[53.285s][info][gc            ] GC(64) Concurrent reset 0.266ms
[53.287s][info][gc,start      ] GC(64) Pause Init Mark
[53.287s][info][gc,task       ] GC(64) Using 1 of 1 workers for init marking
[53.289s][info][gc,ergo       ] GC(64) Pacer for Mark. Expected Live: 167M, Free: 1048M, Non-Taxable: 104M, Alloc Tax Rate: 0.2x
[53.289s][info][gc            ] GC(64) Pause Init Mark 1.744ms
[53.289s][info][gc,start      ] GC(64) Concurrent marking
[53.289s][info][gc,task       ] GC(64) Using 1 of 1 workers for concurrent marking
[53.504s][info][gc            ] GC(64) Concurrent marking 215.163ms
[53.504s][info][gc,start      ] GC(64) Pause Final Mark
[53.504s][info][gc,task       ] GC(64) Using 1 of 1 workers for final marking
[53.505s][info][gc,ergo       ] GC(64) Collectable Garbage: 203M (97%), Immediate: 203M (97%), CSet: 0B (0%)
[53.505s][info][gc            ] GC(64) Pause Final Mark 0.427ms
[53.505s][info][gc,start      ] GC(64) Concurrent cleanup
[53.505s][info][gc            ] GC(64) Concurrent cleanup 496M->293M(528M) 0.071ms
[53.505s][info][gc,ergo       ] GC(64) Free: 1130M, Max: 512K regular, 667M humongous, Frag: 41% external, 0% internal; Reserve: 76800K, Max: 512K
[53.505s][info][gc,ergo       ] Free: 1130M, Max: 512K regular, 667M humongous, Frag: 41% external, 0% internal; Reserve: 76800K, Max: 512K
[53.505s][info][gc,stats      ] 
[53.505s][info][gc,stats      ] All times are wall-clock times, except per-root-class counters, that are sum over
[53.505s][info][gc,stats      ] all workers. Dividing the <total> over the root stage time estimates parallelism.
[53.505s][info][gc,stats      ] 
[53.505s][info][gc,stats      ] Concurrent Reset                    257 us
[53.505s][info][gc,stats      ] Pause Init Mark (G)                4117 us
[53.505s][info][gc,stats      ] Pause Init Mark (N)                1716 us
[53.505s][info][gc,stats      ]   Accumulate Stats                   27 us
[53.505s][info][gc,stats      ]   Make Parsable                      18 us
[53.505s][info][gc,stats      ]   Update Region States               40 us
[53.505s][info][gc,stats      ]   Scan Roots                       1576 us, parallelism: 0.80x
[53.505s][info][gc,stats      ]     S: <total>                     1263 us
[53.505s][info][gc,stats      ]     S: Thread Roots                 700 us, workers (us): 700, 
[53.505s][info][gc,stats      ]     S: Universe Roots                 3 us, workers (us):   3, 
[53.505s][info][gc,stats      ]     S: JNI Handles Roots              1 us, workers (us):   1, 
[53.505s][info][gc,stats      ]     S: Synchronizer Roots             0 us, workers (us):   0, 
[53.505s][info][gc,stats      ]     S: Management Roots               1 us, workers (us):   1, 
[53.505s][info][gc,stats      ]     S: System Dict Roots             10 us, workers (us):  10, 
[53.505s][info][gc,stats      ]     S: CLDG Roots                   547 us, workers (us): 547, 
[53.505s][info][gc,stats      ]     S: JVMTI Roots                    1 us, workers (us):   1, 
[53.505s][info][gc,stats      ]   Resize TLABs                       19 us
[53.505s][info][gc,stats      ] Concurrent Marking               215154 us
[53.505s][info][gc,stats      ] Pause Final Mark (G)                632 us
[53.505s][info][gc,stats      ] Pause Final Mark (N)                390 us
[53.505s][info][gc,stats      ]   Finish Queues                      21 us
[53.505s][info][gc,stats      ]   System Purge                      263 us
[53.505s][info][gc,stats      ]     Weak Roots                      263 us
[53.505s][info][gc,stats      ]   Update Region States               49 us
[53.505s][info][gc,stats      ]   Retire TLABs                       16 us
[53.505s][info][gc,stats      ]   Choose Collection Set              17 us
[53.505s][info][gc,stats      ]   Rebuild Free Set                   10 us
[53.505s][info][gc,stats      ] Concurrent Cleanup                   64 us
[53.505s][info][gc,stats      ] 
[53.505s][info][gc,stats      ] Allocation pacing accrued:
[53.505s][info][gc,stats      ]       0 of   289 ms (  0.0%): <total>
[53.505s][info][gc,stats      ]       0 of   289 ms (  0.0%): <average total>
[53.505s][info][gc,stats      ] 
[53.505s][info][gc,metaspace  ] Metaspace: 60890K->60890K(1103872K)
[53.505s][info][gc,ergo       ] Pacer for Idle. Initial: 30720K, Alloc Tax Rate: 1.0x
[54.314s][info][gc            ] Trigger: Average GC time (289.87 ms) is above the time for allocation rate (893 MB/s) to deplete free headroom (257M)
[54.314s][info][gc,ergo       ] Free headroom: 332M (free) - 76800K (spike) - 0B (penalties) = 257M
[54.314s][info][gc,ergo       ] Free: 332M, Max: 512K regular, 332M humongous, Frag: 0% external, 0% internal; Reserve: 76800K, Max: 512K
[54.314s][info][gc,start      ] GC(65) Concurrent reset
[54.314s][info][gc,task       ] GC(65) Using 1 of 1 workers for concurrent reset
[54.314s][info][gc,ergo       ] GC(65) Pacer for Reset. Non-Taxable: 1500M
[54.315s][info][gc            ] GC(65) Concurrent reset 0.339ms
[54.317s][info][gc,start      ] GC(65) Pause Init Mark (process weakrefs)
[54.317s][info][gc,task       ] GC(65) Using 1 of 1 workers for init marking
[54.319s][info][gc,ergo       ] GC(65) Pacer for Mark. Expected Live: 167M, Free: 332M, Non-Taxable: 34047K, Alloc Tax Rate: 0.6x
[54.319s][info][gc            ] GC(65) Pause Init Mark (process weakrefs) 1.663ms
[54.319s][info][gc,start      ] GC(65) Concurrent marking (process weakrefs)
[54.319s][info][gc,task       ] GC(65) Using 1 of 1 workers for concurrent marking
[54.481s][info][gc            ] GC(65) Concurrent marking (process weakrefs) 162.608ms
[54.481s][info][gc,start      ] GC(65) Concurrent precleaning
[54.481s][info][gc,task       ] GC(65) Using 1 of 1 workers for concurrent preclean
[54.481s][info][gc,ergo       ] GC(65) Pacer for Precleaning. Non-Taxable: 1500M
[54.482s][info][gc            ] GC(65) Concurrent precleaning 0.531ms
[54.482s][info][gc,start      ] GC(65) Pause Final Mark (process weakrefs)
[54.482s][info][gc,task       ] GC(65) Using 1 of 1 workers for final marking
[54.483s][info][gc,ergo       ] GC(65) Collectable Garbage: 919M (99%), Immediate: 919M (99%), CSet: 0B (0%)
[54.483s][info][gc            ] GC(65) Pause Final Mark (process weakrefs) 0.439ms
[54.483s][info][gc,start      ] GC(65) Concurrent cleanup
[54.483s][info][gc            ] GC(65) Concurrent cleanup 1141M->222M(1145M) 0.125ms
[54.483s][info][gc,ergo       ] GC(65) Free: 1201M, Max: 512K regular, 543M humongous, Frag: 55% external, 0% internal; Reserve: 76800K, Max: 512K
[54.483s][info][gc,ergo       ] Free: 1201M, Max: 512K regular, 543M humongous, Frag: 55% external, 0% internal; Reserve: 76800K, Max: 512K
[54.483s][info][gc,stats      ] 
[54.483s][info][gc,stats      ] All times are wall-clock times, except per-root-class counters, that are sum over
[54.483s][info][gc,stats      ] all workers. Dividing the <total> over the root stage time estimates parallelism.
[54.483s][info][gc,stats      ] 
[54.483s][info][gc,stats      ] Concurrent Reset                    329 us
[54.483s][info][gc,stats      ] Pause Init Mark (G)                4080 us
[54.483s][info][gc,stats      ] Pause Init Mark (N)                1641 us
[54.483s][info][gc,stats      ]   Accumulate Stats                   31 us
[54.483s][info][gc,stats      ]   Make Parsable                      16 us
[54.483s][info][gc,stats      ]   Update Region States               39 us
[54.483s][info][gc,stats      ]   Scan Roots                       1507 us, parallelism: 0.81x
[54.483s][info][gc,stats      ]     S: <total>                     1227 us
[54.483s][info][gc,stats      ]     S: Thread Roots                 658 us, workers (us): 658, 
[54.483s][info][gc,stats      ]     S: Universe Roots                 2 us, workers (us):   2, 
[54.483s][info][gc,stats      ]     S: JNI Handles Roots              2 us, workers (us):   2, 
[54.483s][info][gc,stats      ]     S: Synchronizer Roots             0 us, workers (us):   0, 
[54.483s][info][gc,stats      ]     S: Management Roots               2 us, workers (us):   2, 
[54.483s][info][gc,stats      ]     S: System Dict Roots             11 us, workers (us):  11, 
[54.483s][info][gc,stats      ]     S: CLDG Roots                   551 us, workers (us): 551, 
[54.483s][info][gc,stats      ]     S: JVMTI Roots                    0 us, workers (us):   0, 
[54.483s][info][gc,stats      ]   Resize TLABs                       16 us
[54.483s][info][gc,stats      ] Concurrent Marking               162599 us
[54.483s][info][gc,stats      ] Concurrent Precleaning              523 us
[54.483s][info][gc,stats      ] Pause Final Mark (G)                693 us
[54.483s][info][gc,stats      ] Pause Final Mark (N)                428 us
[54.483s][info][gc,stats      ]   Finish Queues                      23 us
[54.483s][info][gc,stats      ]   Weak References                    21 us
[54.483s][info][gc,stats      ]     Process                          18 us
[54.483s][info][gc,stats      ]   System Purge                      275 us
[54.483s][info][gc,stats      ]     Weak Roots                      275 us
[54.483s][info][gc,stats      ]   Update Region States               48 us
[54.483s][info][gc,stats      ]   Retire TLABs                       23 us
[54.483s][info][gc,stats      ]   Choose Collection Set              22 us
[54.483s][info][gc,stats      ]   Rebuild Free Set                   10 us
[54.483s][info][gc,stats      ] Concurrent Cleanup                  118 us
[54.483s][info][gc,stats      ] Pacing                            49263 us
[54.483s][info][gc,stats      ] 
[54.483s][info][gc,stats      ] Allocation pacing accrued:
[54.483s][info][gc,stats      ]      49 of   978 ms (  5.0%): Executor task launch worker for task 0.0 in stage 28.0 (TID 28)
[54.483s][info][gc,stats      ]      49 of   978 ms (  5.0%): <total>
[54.483s][info][gc,stats      ]       0 of   978 ms (  0.0%): <average total>
[54.483s][info][gc,stats      ]      49 of   978 ms (  5.0%): <average non-zero>
[54.483s][info][gc,stats      ] 
[54.483s][info][gc,metaspace  ] Metaspace: 60890K->60890K(1103872K)
[54.483s][info][gc,ergo       ] Pacer for Idle. Initial: 30720K, Alloc Tax Rate: 1.0x
[55.121s][info][gc            ] Cancelling GC: Stopping VM
[55.122s][info][gc,heap,exit  ] Heap
[55.123s][info][gc,heap,exit  ] Shenandoah Heap
[55.123s][info][gc,heap,exit  ]  1500M max, 1500M soft max, 1145M committed, 734M used
[55.123s][info][gc,heap,exit  ]  3000 x 512K regions
[55.123s][info][gc,heap,exit  ] Status: cancelled
[55.123s][info][gc,heap,exit  ] Reserved region:
[55.123s][info][gc,heap,exit  ]  - [0x00000000a2400000, 0x0000000100000000) 
[55.123s][info][gc,heap,exit  ] Collection set:
[55.123s][info][gc,heap,exit  ]  - map (vanilla): 0x0000000000011448
[55.123s][info][gc,heap,exit  ]  - map (biased):  0x0000000000010000
[55.123s][info][gc,heap,exit  ] 
[55.123s][info][gc,heap,exit  ]  Metaspace       used 61463K, capacity 64954K, committed 65180K, reserved 1103872K
[55.123s][info][gc,heap,exit  ]   class space    used 8616K, capacity 10351K, committed 10368K, reserved 1048576K
[55.123s][info][gc,stats      ] 
[55.123s][info][gc,stats      ] GC STATISTICS:
[55.123s][info][gc,stats      ]   "(G)" (gross) pauses include VM time: time to notify and block threads, do the pre-
[55.123s][info][gc,stats      ]         and post-safepoint housekeeping. Use -XX:+PrintSafepointStatistics to dissect.
[55.123s][info][gc,stats      ]   "(N)" (net) pauses are the times spent in the actual GC code.
[55.123s][info][gc,stats      ]   "a" is average time for each phase, look at levels to see if average makes sense.
[55.123s][info][gc,stats      ]   "lvls" are quantiles: 0% (minimum), 25%, 50% (median), 75%, 100% (maximum).
[55.123s][info][gc,stats      ] 
[55.123s][info][gc,stats      ]   All times are wall-clock times, except per-root-class counters, that are sum over
[55.123s][info][gc,stats      ]   all workers. Dividing the <total> over the root stage time estimates parallelism.
[55.123s][info][gc,stats      ] 
[55.123s][info][gc,stats      ]   Pacing delays are measured from entering the pacing code till exiting it. Therefore,
[55.123s][info][gc,stats      ]   observed pacing delays may be higher than the threshold when paced thread spent more
[55.123s][info][gc,stats      ]   time in the pacing code. It usually happens when thread is de-scheduled while paced,
[55.123s][info][gc,stats      ]   OS takes longer to unblock the thread, or JVM experiences an STW pause.
[55.123s][info][gc,stats      ] 
[55.123s][info][gc,stats      ]   Higher delay would prevent application outpacing the GC, but it will hide the GC latencies
[55.123s][info][gc,stats      ]   from the STW pause times. Pacing affects the individual threads, and so it would also be
[55.123s][info][gc,stats      ]   invisible to the usual profiling tools, but would add up to end-to-end application latency.
[55.123s][info][gc,stats      ]   Raise max pacing delay with care.
[55.123s][info][gc,stats      ] 
[55.123s][info][gc,stats      ] Concurrent Reset               =    0.031 s (a =      470 us) (n =    66) (lvls, us =       68,      264,      303,      354,     4384)
[55.123s][info][gc,stats      ] Pause Init Mark (G)            =    0.279 s (a =     4227 us) (n =    66) (lvls, us =      691,     3301,     4062,     4629,    22482)
[55.123s][info][gc,stats      ] Pause Init Mark (N)            =    0.102 s (a =     1539 us) (n =    66) (lvls, us =      570,     1172,     1465,     1738,     3837)
[55.123s][info][gc,stats      ]   Accumulate Stats             =    0.001 s (a =       19 us) (n =    66) (lvls, us =        3,       10,       16,       23,       99)
[55.123s][info][gc,stats      ]   Make Parsable                =    0.001 s (a =       15 us) (n =    66) (lvls, us =        3,       11,       14,       17,       54)
[55.123s][info][gc,stats      ]   Update Region States         =    0.003 s (a =       47 us) (n =    66) (lvls, us =       27,       37,       41,       47,      198)
[55.123s][info][gc,stats      ]   Scan Roots                   =    0.093 s (a =     1406 us) (n =    66) (lvls, us =      510,     1074,     1348,     1582,     3468)
[55.123s][info][gc,stats      ]     S: <total>                 =    0.073 s (a =     1103 us) (n =    66) (lvls, us =      336,      807,     1055,     1270,     3048)
[55.123s][info][gc,stats      ]     S: Thread Roots            =    0.036 s (a =      545 us) (n =    66) (lvls, us =      215,      371,      480,      666,     1638)
[55.123s][info][gc,stats      ]     S: Universe Roots          =    0.000 s (a =        3 us) (n =    66) (lvls, us =        2,        2,        3,        3,       21)
[55.123s][info][gc,stats      ]     S: JNI Handles Roots       =    0.000 s (a =        2 us) (n =    66) (lvls, us =        1,        1,        2,        2,       27)
[55.123s][info][gc,stats      ]     S: Synchronizer Roots      =    0.000 s (a =        0 us) (n =    66) (lvls, us =        0,        0,        0,        0,        1)
[55.123s][info][gc,stats      ]     S: Management Roots        =    0.000 s (a =        2 us) (n =    66) (lvls, us =        1,        1,        1,        2,        3)
[55.123s][info][gc,stats      ]     S: System Dict Roots       =    0.001 s (a =       16 us) (n =    66) (lvls, us =        8,       11,       12,       16,       57)
[55.123s][info][gc,stats      ]     S: CLDG Roots              =    0.035 s (a =      533 us) (n =    66) (lvls, us =       63,      447,      551,      604,     1376)
[55.123s][info][gc,stats      ]     S: JVMTI Roots             =    0.000 s (a =        3 us) (n =    66) (lvls, us =        0,        0,        1,        1,      154)
[55.123s][info][gc,stats      ]   Resize TLABs                 =    0.001 s (a =       12 us) (n =    66) (lvls, us =        1,        7,       11,       17,       32)
[55.123s][info][gc,stats      ] Concurrent Marking             =   12.867 s (a =   194959 us) (n =    66) (lvls, us =    21289,   160156,   210938,   220703,   315515)
[55.123s][info][gc,stats      ] Concurrent Precleaning         =    0.052 s (a =     2369 us) (n =    22) (lvls, us =      262,      312,      580,     3770,    13889)
[55.123s][info][gc,stats      ] Pause Final Mark (G)           =    0.470 s (a =     7120 us) (n =    66) (lvls, us =      365,      574,     1289,     5469,    62354)
[55.123s][info][gc,stats      ] Pause Final Mark (N)           =    0.418 s (a =     6339 us) (n =    66) (lvls, us =      311,      391,      533,     3184,    62097)
[55.123s][info][gc,stats      ]   Finish Queues                =    0.002 s (a =       32 us) (n =    66) (lvls, us =       10,       14,       20,       31,      143)
[55.123s][info][gc,stats      ]   Weak References              =    0.002 s (a =       68 us) (n =    22) (lvls, us =       20,       22,       48,       52,      364)
[55.123s][info][gc,stats      ]     Process                    =    0.001 s (a =       66 us) (n =    22) (lvls, us =       18,       20,       46,       49,      361)
[55.123s][info][gc,stats      ]   System Purge                 =    0.022 s (a =      339 us) (n =    66) (lvls, us =      127,      254,      275,      312,     2158)
[55.123s][info][gc,stats      ]     Unload Classes             =    0.012 s (a =     1007 us) (n =    12) (lvls, us =      371,      889,     1055,     1133,     1394)
[55.123s][info][gc,stats      ]     Cleanup                    =    0.313 s (a =    26101 us) (n =    12) (lvls, us =     5625,    15430,    22266,    23242,    60144)
[55.123s][info][gc,stats      ]       CU: <total>              =    0.309 s (a =    25736 us) (n =    12) (lvls, us =     5547,    15234,    22070,    23242,    56649)
[55.123s][info][gc,stats      ]       CU: Code Cache Roots     =    0.105 s (a =     8740 us) (n =    12) (lvls, us =     1836,     4473,     7402,     8594,    19301)
[55.123s][info][gc,stats      ]       CU: Code Cache Cleaning  =    0.028 s (a =     2333 us) (n =    12) (lvls, us =      537,      957,     1465,     1680,     8608)
[55.123s][info][gc,stats      ]       CU: String Table Roots   =    0.090 s (a =     7485 us) (n =    12) (lvls, us =      811,     5293,     6035,     7246,    17001)
[55.123s][info][gc,stats      ]       CU: Resolved Table Roots =    0.001 s (a =      118 us) (n =    12) (lvls, us =       23,       73,      133,      133,      167)
[55.123s][info][gc,stats      ]       CU: CLDG Roots           =    0.085 s (a =     7060 us) (n =    12) (lvls, us =     2324,     4551,     6074,     6367,    17326)
[55.123s][info][gc,stats      ]     Weak Roots                 =    0.022 s (a =      338 us) (n =    66) (lvls, us =      127,      254,      275,      312,     2157)
[55.123s][info][gc,stats      ]     CLDG                       =    0.002 s (a =      195 us) (n =    12) (lvls, us =        1,      164,      229,      234,      279)
[55.123s][info][gc,stats      ]   Update Region States         =    0.014 s (a =      211 us) (n =    66) (lvls, us =       45,       50,       52,       55,     5613)
[55.123s][info][gc,stats      ]   Retire TLABs                 =    0.002 s (a =       23 us) (n =    66) (lvls, us =        6,       12,       19,       27,       67)
[55.123s][info][gc,stats      ]   Choose Collection Set        =    0.003 s (a =       50 us) (n =    66) (lvls, us =       16,       20,       26,       60,      420)
[55.123s][info][gc,stats      ]   Rebuild Free Set             =    0.001 s (a =       14 us) (n =    66) (lvls, us =        9,       10,       10,       11,       74)
[55.123s][info][gc,stats      ]   Initial Evacuation           =    0.044 s (a =     2470 us) (n =    18) (lvls, us =     1309,     1738,     2305,     2656,     5223)
[55.123s][info][gc,stats      ]     E: <total>                 =    0.027 s (a =     1509 us) (n =    18) (lvls, us =      797,      846,     1309,     1699,     3295)
[55.123s][info][gc,stats      ]     E: Thread Roots            =    0.008 s (a =      436 us) (n =    18) (lvls, us =      205,      223,      330,      506,     1029)
[55.123s][info][gc,stats      ]     E: Code Cache Roots        =    0.006 s (a =      354 us) (n =    18) (lvls, us =      115,      145,      281,      465,      817)
[55.123s][info][gc,stats      ]     E: Universe Roots          =    0.000 s (a =        7 us) (n =    18) (lvls, us =        1,        1,        1,        2,       38)
[55.123s][info][gc,stats      ]     E: JNI Handles Roots       =    0.000 s (a =        2 us) (n =    18) (lvls, us =        1,        1,        1,        2,        5)
[55.123s][info][gc,stats      ]     E: Synchronizer Roots      =    0.000 s (a =        0 us) (n =    18) (lvls, us =        0,        0,        0,        0,        1)
[55.123s][info][gc,stats      ]     E: Management Roots        =    0.000 s (a =        2 us) (n =    18) (lvls, us =        1,        1,        1,        2,        4)
[55.123s][info][gc,stats      ]     E: System Dict Roots       =    0.000 s (a =       23 us) (n =    18) (lvls, us =        7,       10,       13,       35,       60)
[55.123s][info][gc,stats      ]     E: CLDG Roots              =    0.012 s (a =      685 us) (n =    18) (lvls, us =      400,      469,      605,      631,     1805)
[55.123s][info][gc,stats      ]     E: JVMTI Roots             =    0.000 s (a =        1 us) (n =    18) (lvls, us =        0,        0,        0,        1,        1)
[55.123s][info][gc,stats      ] Concurrent Cleanup             =    0.010 s (a =      150 us) (n =    66) (lvls, us =       50,       64,       68,      115,     4037)
[55.123s][info][gc,stats      ] Concurrent Evacuation          =    0.661 s (a =    36708 us) (n =    18) (lvls, us =     1523,     5254,     8555,    64258,   144655)
[55.123s][info][gc,stats      ] Pause Init  Update Refs (G)    =    0.046 s (a =     2567 us) (n =    18) (lvls, us =      143,      342,     2188,     2773,    10416)
[55.123s][info][gc,stats      ] Pause Init  Update Refs (N)    =    0.000 s (a =       15 us) (n =    18) (lvls, us =        9,       10,       11,       18,       29)
[55.123s][info][gc,stats      ]   Retire GCLABs                =    0.000 s (a =        7 us) (n =    18) (lvls, us =        2,        3,        5,        9,       14)
[55.123s][info][gc,stats      ] Concurrent Update Refs         =    4.994 s (a =   277463 us) (n =    18) (lvls, us =    21484,   160156,   281250,   320312,   863542)
[55.123s][info][gc,stats      ] Pause Final Update Refs (G)    =    0.059 s (a =     3293 us) (n =    18) (lvls, us =      396,     2383,     2852,     3359,     8251)
[55.123s][info][gc,stats      ] Pause Final Update Refs (N)    =    0.011 s (a =      610 us) (n =    18) (lvls, us =      266,      285,      439,      563,     2564)
[55.123s][info][gc,stats      ]   Update Roots                 =    0.009 s (a =      477 us) (n =    18) (lvls, us =      168,      211,      357,      465,     2336)
[55.123s][info][gc,stats      ]     UR: <total>                =    0.008 s (a =      459 us) (n =    18) (lvls, us =      162,      203,      350,      457,     2182)
[55.123s][info][gc,stats      ]     UR: Thread Roots           =    0.008 s (a =      459 us) (n =    18) (lvls, us =      162,      203,      350,      457,     2182)
[55.123s][info][gc,stats      ]   Update Region States         =    0.002 s (a =      107 us) (n =    18) (lvls, us =       48,       49,       51,       54,      831)
[55.123s][info][gc,stats      ]   Trash Collection Set         =    0.000 s (a =        3 us) (n =    18) (lvls, us =        2,        2,        2,        4,       11)
[55.123s][info][gc,stats      ]   Rebuild Free Set             =    0.000 s (a =       11 us) (n =    18) (lvls, us =        9,       10,       10,       10,       29)
[55.123s][info][gc,stats      ] Concurrent Cleanup             =    0.001 s (a =       79 us) (n =    18) (lvls, us =       51,       53,       59,       75,      223)
[55.123s][info][gc,stats      ] Concurrent Uncommit            =    0.615 s (a =    61536 us) (n =    10) (lvls, us =    33984,    34766,    43555,    65625,   121013)
[55.123s][info][gc,stats      ] Pacing                         =    0.666 s (a =    10087 us) (n =    66) (lvls, us =        0,        0,        0,     9707,    74956)
[55.123s][info][gc,stats      ] 
[55.123s][info][gc,stats      ] 
[55.123s][info][gc,stats      ] Under allocation pressure, concurrent cycles may cancel, and either continue cycle
[55.123s][info][gc,stats      ] under stop-the-world pause or result in stop-the-world Full GC. Increase heap size,
[55.123s][info][gc,stats      ] tune GC heuristics, set more aggressive pacing delay, or lower allocation rate
[55.123s][info][gc,stats      ] to avoid Degenerated and Full GC cycles.
[55.123s][info][gc,stats      ] 
[55.123s][info][gc,stats      ]    66 successful concurrent GCs
[55.123s][info][gc,stats      ]      10 invoked explicitly
[55.123s][info][gc,stats      ]       0 invoked implicitly
[55.123s][info][gc,stats      ] 
[55.123s][info][gc,stats      ]     0 Degenerated GCs
[55.123s][info][gc,stats      ]       0 caused by allocation failure
[55.123s][info][gc,stats      ]       0 upgraded to Full GC
[55.123s][info][gc,stats      ] 
[55.123s][info][gc,stats      ]     0 Full GCs
[55.123s][info][gc,stats      ]       0 invoked explicitly
[55.123s][info][gc,stats      ]       0 invoked implicitly
[55.123s][info][gc,stats      ]       0 caused by allocation failure
[55.123s][info][gc,stats      ]       0 upgraded from Degenerated GC
[55.123s][info][gc,stats      ] 
[55.123s][info][gc,stats      ] 
