[0.003s][info][gc,init] Regions: 4000 x 256K
[0.003s][info][gc,init] Humongous object threshold: 256K
[0.003s][info][gc,init] Max TLAB size: 256K
[0.003s][info][gc,init] GC threads: 1 parallel, 1 concurrent
[0.003s][info][gc     ] Heuristics ergonomically sets -XX:+ExplicitGCInvokesConcurrent
[0.003s][info][gc     ] Heuristics ergonomically sets -XX:+ShenandoahImplicitGCInvokesConcurrent
[0.003s][info][gc,init] Shenandoah GC mode: Snapshot-At-The-Beginning (SATB)
[0.003s][info][gc,init] Shenandoah heuristics: Adaptive
[0.004s][info][gc,ergo] Pacer for Idle. Initial: 20480K, Alloc Tax Rate: 1.0x
[0.004s][info][gc,init] Initialize Shenandoah heap: 124M initial, 6656K min, 1000M max
[0.004s][info][gc,init] Safepointing mechanism: global-page poll
[0.004s][info][gc     ] Using Shenandoah
[0.004s][info][gc,heap,coops] Heap address: 0x00000000c1800000, size: 1000 MB, Compressed Oops mode: 32-bit
[0.008s][info][gc,init      ] Reference processing: serial discovery, serial processing
[3.997s][info][gc           ] Trigger: Metadata GC Threshold
[3.998s][info][gc,ergo      ] Free: 870M, Max: 256K regular, 870M humongous, Frag: 0% external, 0% internal; Reserve: 51200K, Max: 256K
[3.998s][info][gc,start     ] GC(0) Concurrent reset
[3.998s][info][gc,task      ] GC(0) Using 1 of 1 workers for concurrent reset
[3.998s][info][gc,ergo      ] GC(0) Pacer for Reset. Non-Taxable: 1000M
[3.998s][info][gc           ] GC(0) Concurrent reset 0.119ms
[3.998s][info][gc,start     ] GC(0) Pause Init Mark (process weakrefs) (unload classes)
[3.998s][info][gc,task      ] GC(0) Using 1 of 1 workers for init marking
[3.999s][info][gc,ergo      ] GC(0) Pacer for Mark. Expected Live: 100M, Free: 870M, Non-Taxable: 89088K, Alloc Tax Rate: 0.1x
[3.999s][info][gc           ] GC(0) Pause Init Mark (process weakrefs) (unload classes) 1.161ms
[3.999s][info][gc,start     ] GC(0) Concurrent marking (process weakrefs) (unload classes)
[3.999s][info][gc,task      ] GC(0) Using 1 of 1 workers for concurrent marking
[4.033s][info][gc           ] GC(0) Concurrent marking (process weakrefs) (unload classes) 33.859ms
[4.033s][info][gc,start     ] GC(0) Concurrent precleaning
[4.033s][info][gc,task      ] GC(0) Using 1 of 1 workers for concurrent preclean
[4.033s][info][gc,ergo      ] GC(0) Pacer for Precleaning. Non-Taxable: 1000M
[4.033s][info][gc           ] GC(0) Concurrent precleaning 0.269ms
[4.033s][info][gc,start     ] GC(0) Pause Final Mark (process weakrefs) (unload classes)
[4.033s][info][gc,task      ] GC(0) Using 1 of 1 workers for final marking
[4.040s][info][gc,stringtable] GC(0) Cleaned string and symbol table, strings: 7522 processed, 0 removed, symbols: 40182 processed, 43 removed
[4.040s][info][gc,ergo       ] GC(0) Adaptive CSet Selection. Target Free: 141M, Actual Free: 920M, Max CSet: 42666K, Min Garbage: 0B
[4.040s][info][gc,ergo       ] GC(0) Collectable Garbage: 62288K (99%), Immediate: 1193K (1%), CSet: 61094K (97%)
[4.042s][info][gc,ergo       ] GC(0) Pacer for Evacuation. Used CSet: 68096K, Free: 871M, Non-Taxable: 89226K, Alloc Tax Rate: 1.1x
[4.042s][info][gc            ] GC(0) Pause Final Mark (process weakrefs) (unload classes) 8.925ms
[4.043s][info][gc,start      ] GC(0) Concurrent cleanup
[4.043s][info][gc            ] GC(0) Concurrent cleanup 79M->78M(125M) 0.091ms
[4.043s][info][gc,ergo       ] GC(0) Free: 871M, Max: 256K regular, 869M humongous, Frag: 1% external, 0% internal; Reserve: 50432K, Max: 256K
[4.043s][info][gc,start      ] GC(0) Concurrent evacuation
[4.043s][info][gc,task       ] GC(0) Using 1 of 1 workers for concurrent evacuation
[4.066s][info][gc            ] GC(0) Concurrent evacuation 23.354ms
[4.069s][info][gc,start      ] GC(0) Pause Init Update Refs
[4.069s][info][gc,ergo       ] GC(0) Pacer for Update Refs. Used: 87248K, Free: 870M, Non-Taxable: 89174K, Alloc Tax Rate: 1.1x
[4.069s][info][gc            ] GC(0) Pause Init Update Refs 0.044ms
[4.069s][info][gc,start      ] GC(0) Concurrent update references
[4.069s][info][gc,task       ] GC(0) Using 1 of 1 workers for concurrent reference update
[4.102s][info][gc            ] GC(0) Concurrent update references 32.700ms
[4.102s][info][gc,start      ] GC(0) Pause Final Update Refs
[4.102s][info][gc,task       ] GC(0) Using 1 of 1 workers for final reference update
[4.102s][info][gc            ] GC(0) Pause Final Update Refs 0.370ms
[4.105s][info][gc,start      ] GC(0) Concurrent cleanup
[4.105s][info][gc            ] GC(0) Concurrent cleanup 85M->18M(131M) 0.119ms
[4.105s][info][gc,ergo       ] Free: 930M, Max: 256K regular, 862M humongous, Frag: 8% external, 0% internal; Reserve: 51200K, Max: 256K
[4.105s][info][gc,stats      ] 
[4.105s][info][gc,stats      ] All times are wall-clock times, except per-root-class counters, that are sum over
[4.105s][info][gc,stats      ] all workers. Dividing the <total> over the root stage time estimates parallelism.
[4.105s][info][gc,stats      ] 
[4.105s][info][gc,stats      ] Concurrent Reset                     86 us
[4.105s][info][gc,stats      ] Pause Init Mark (G)                1278 us
[4.105s][info][gc,stats      ] Pause Init Mark (N)                1150 us
[4.105s][info][gc,stats      ]   Accumulate Stats                    2 us
[4.105s][info][gc,stats      ]   Make Parsable                       3 us
[4.105s][info][gc,stats      ]   Update Region States               39 us
[4.105s][info][gc,stats      ]   Scan Roots                       1074 us, parallelism: 0.93x
[4.105s][info][gc,stats      ]     S: <total>                      999 us
[4.105s][info][gc,stats      ]     S: Thread Roots                 802 us, workers (us): 802, 
[4.105s][info][gc,stats      ]     S: Universe Roots                20 us, workers (us):  20, 
[4.105s][info][gc,stats      ]     S: JNI Handles Roots              4 us, workers (us):   4, 
[4.105s][info][gc,stats      ]     S: Synchronizer Roots             0 us, workers (us):   0, 
[4.105s][info][gc,stats      ]     S: Management Roots               1 us, workers (us):   1, 
[4.105s][info][gc,stats      ]     S: System Dict Roots             31 us, workers (us):  31, 
[4.105s][info][gc,stats      ]     S: CLDG Roots                   140 us, workers (us): 140, 
[4.105s][info][gc,stats      ]     S: JVMTI Roots                    0 us, workers (us):   0, 
[4.105s][info][gc,stats      ]   Resize TLABs                        2 us
[4.105s][info][gc,stats      ] Concurrent Marking                33850 us
[4.105s][info][gc,stats      ] Concurrent Precleaning              263 us
[4.105s][info][gc,stats      ] Pause Final Mark (G)               9661 us
[4.105s][info][gc,stats      ] Pause Final Mark (N)               8917 us
[4.105s][info][gc,stats      ]   Finish Queues                      15 us
[4.105s][info][gc,stats      ]   Weak References                    69 us
[4.105s][info][gc,stats      ]     Process                          67 us
[4.105s][info][gc,stats      ]   System Purge                      128 us
[4.105s][info][gc,stats      ]     Unload Classes                  572 us
[4.105s][info][gc,stats      ]     Cleanup                        5485 us, parallelism: 0.99x
[4.105s][info][gc,stats      ]       CU: <total>                  5416 us
[4.105s][info][gc,stats      ]       CU: Code Cache Roots         1800 us, workers (us): 1800, 
[4.105s][info][gc,stats      ]       CU: Code Cache Cleaning       489 us, workers (us): 489, 
[4.105s][info][gc,stats      ]       CU: String Table Roots        832 us, workers (us): 832, 
[4.105s][info][gc,stats      ]       CU: Resolved Table Roots       26 us, workers (us):  26, 
[4.105s][info][gc,stats      ]       CU: CLDG Roots               2268 us, workers (us): 2268, 
[4.105s][info][gc,stats      ]     Weak Roots                      127 us
[4.105s][info][gc,stats      ]     CLDG                              1 us
[4.105s][info][gc,stats      ]   Update Region States               65 us
[4.105s][info][gc,stats      ]   Retire TLABs                        5 us
[4.105s][info][gc,stats      ]   Choose Collection Set              60 us
[4.105s][info][gc,stats      ]   Rebuild Free Set                   14 us
[4.105s][info][gc,stats      ]   Initial Evacuation               2495 us, parallelism: 0.63x
[4.105s][info][gc,stats      ]     E: <total>                     1562 us
[4.105s][info][gc,stats      ]     E: Thread Roots                 252 us, workers (us): 252, 
[4.105s][info][gc,stats      ]     E: Code Cache Roots             595 us, workers (us): 595, 
[4.105s][info][gc,stats      ]     E: Universe Roots                20 us, workers (us):  20, 
[4.105s][info][gc,stats      ]     E: JNI Handles Roots              4 us, workers (us):   4, 
[4.105s][info][gc,stats      ]     E: Synchronizer Roots             0 us, workers (us):   0, 
[4.105s][info][gc,stats      ]     E: Management Roots               2 us, workers (us):   2, 
[4.105s][info][gc,stats      ]     E: System Dict Roots             15 us, workers (us):  15, 
[4.105s][info][gc,stats      ]     E: CLDG Roots                   674 us, workers (us): 674, 
[4.105s][info][gc,stats      ]     E: JVMTI Roots                    1 us, workers (us):   1, 
[4.105s][info][gc,stats      ] Concurrent Cleanup                   68 us
[4.105s][info][gc,stats      ] Concurrent Evacuation             23343 us
[4.105s][info][gc,stats      ] Pause Init  Update Refs (G)        2307 us
[4.105s][info][gc,stats      ] Pause Init  Update Refs (N)          10 us
[4.105s][info][gc,stats      ]   Retire GCLABs                       3 us
[4.105s][info][gc,stats      ] Concurrent Update Refs            32686 us
[4.105s][info][gc,stats      ] Pause Final Update Refs (G)        3401 us
[4.105s][info][gc,stats      ] Pause Final Update Refs (N)         359 us
[4.105s][info][gc,stats      ]   Update Roots                      199 us, parallelism: 0.97x
[4.105s][info][gc,stats      ]     UR: <total>                     192 us
[4.105s][info][gc,stats      ]     UR: Thread Roots                192 us, workers (us): 192, 
[4.105s][info][gc,stats      ]   Update Region States              129 us
[4.105s][info][gc,stats      ]   Trash Collection Set                5 us
[4.105s][info][gc,stats      ]   Rebuild Free Set                   20 us
[4.105s][info][gc,stats      ] Concurrent Cleanup                   79 us
[4.105s][info][gc,stats      ] 
[4.105s][info][gc,stats      ] Allocation pacing accrued:
[4.105s][info][gc,stats      ]       0 of  4102 ms (  0.0%): <total>
[4.105s][info][gc,stats      ]       0 of  4102 ms (  0.0%): <average total>
[4.105s][info][gc,stats      ] 
[4.105s][info][gc,metaspace  ] Metaspace: 20120K->20159K(1067008K)
[4.105s][info][gc,ergo       ] Pacer for Idle. Initial: 20480K, Alloc Tax Rate: 1.0x
[6.065s][info][gc            ] Trigger: Metadata GC Threshold
[6.065s][info][gc,ergo       ] Free: 864M, Max: 256K regular, 862M humongous, Frag: 1% external, 0% internal; Reserve: 51200K, Max: 256K
[6.065s][info][gc,start      ] GC(1) Concurrent reset
[6.065s][info][gc,task       ] GC(1) Using 1 of 1 workers for concurrent reset
[6.065s][info][gc,ergo       ] GC(1) Pacer for Reset. Non-Taxable: 1000M
[6.065s][info][gc            ] GC(1) Concurrent reset 0.209ms
[6.071s][info][gc,start      ] GC(1) Pause Init Mark (unload classes)
[6.071s][info][gc,task       ] GC(1) Using 1 of 1 workers for init marking
[6.072s][info][gc,ergo       ] GC(1) Pacer for Mark. Expected Live: 17418K, Free: 864M, Non-Taxable: 88550K, Alloc Tax Rate: 0.0x
[6.072s][info][gc            ] GC(1) Pause Init Mark (unload classes) 1.679ms
[6.072s][info][gc,start      ] GC(1) Concurrent marking (unload classes)
[6.073s][info][gc,task       ] GC(1) Using 1 of 1 workers for concurrent marking
[6.107s][info][gc            ] GC(1) Concurrent marking (unload classes) 34.298ms
[6.107s][info][gc,start      ] GC(1) Pause Final Mark (unload classes)
[6.107s][info][gc,task       ] GC(1) Using 1 of 1 workers for final marking
[6.124s][info][gc,stringtable] GC(1) Cleaned string and symbol table, strings: 13426 processed, 0 removed, symbols: 80047 processed, 46 removed
[6.124s][info][gc,ergo       ] GC(1) Adaptive CSet Selection. Target Free: 141M, Actual Free: 914M, Max CSet: 42666K, Min Garbage: 0B
[6.125s][info][gc,ergo       ] GC(1) Collectable Garbage: 64017K (98%), Immediate: 624K (0%), CSet: 63392K (97%)
[6.127s][info][gc,ergo       ] GC(1) Pacer for Evacuation. Used CSet: 67584K, Free: 865M, Non-Taxable: 88579K, Alloc Tax Rate: 1.1x
[6.127s][info][gc            ] GC(1) Pause Final Mark (unload classes) 20.073ms
[6.128s][info][gc,start      ] GC(1) Concurrent cleanup
[6.128s][info][gc            ] GC(1) Concurrent cleanup 85M->84M(132M) 0.101ms
[6.128s][info][gc,ergo       ] GC(1) Free: 865M, Max: 256K regular, 862M humongous, Frag: 1% external, 0% internal; Reserve: 50432K, Max: 256K
[6.128s][info][gc,start      ] GC(1) Concurrent evacuation
[6.128s][info][gc,task       ] GC(1) Using 1 of 1 workers for concurrent evacuation
[6.151s][info][gc            ] GC(1) Concurrent evacuation 22.738ms
[6.153s][info][gc,start      ] GC(1) Pause Init Update Refs
[6.153s][info][gc,ergo       ] GC(1) Pacer for Update Refs. Used: 91085K, Free: 864M, Non-Taxable: 88507K, Alloc Tax Rate: 1.1x
[6.153s][info][gc            ] GC(1) Pause Init Update Refs 0.028ms
[6.153s][info][gc,start      ] GC(1) Concurrent update references
[6.153s][info][gc,task       ] GC(1) Using 1 of 1 workers for concurrent reference update
[6.170s][info][gc            ] GC(1) Concurrent update references 16.579ms
[6.172s][info][gc,start      ] GC(1) Pause Final Update Refs
[6.172s][info][gc,task       ] GC(1) Using 1 of 1 workers for final reference update
[6.173s][info][gc            ] GC(1) Pause Final Update Refs 0.458ms
[6.173s][info][gc,start      ] GC(1) Concurrent cleanup
[6.173s][info][gc            ] GC(1) Concurrent cleanup 89M->23M(135M) 0.083ms
[6.173s][info][gc,ergo       ] Free: 925M, Max: 256K regular, 860M humongous, Frag: 8% external, 0% internal; Reserve: 51200K, Max: 256K
[6.173s][info][gc,stats      ] 
[6.173s][info][gc,stats      ] All times are wall-clock times, except per-root-class counters, that are sum over
[6.173s][info][gc,stats      ] all workers. Dividing the <total> over the root stage time estimates parallelism.
[6.173s][info][gc,stats      ] 
[6.173s][info][gc,stats      ] Concurrent Reset                    182 us
[6.173s][info][gc,stats      ] Pause Init Mark (G)                7368 us
[6.173s][info][gc,stats      ] Pause Init Mark (N)                1630 us
[6.173s][info][gc,stats      ]   Accumulate Stats                    6 us
[6.173s][info][gc,stats      ]   Make Parsable                      11 us
[6.173s][info][gc,stats      ]   Update Region States               66 us
[6.173s][info][gc,stats      ]   Scan Roots                       1492 us, parallelism: 0.92x
[6.173s][info][gc,stats      ]     S: <total>                     1370 us
[6.173s][info][gc,stats      ]     S: Thread Roots                1255 us, workers (us): 1255, 
[6.173s][info][gc,stats      ]     S: Universe Roots                 2 us, workers (us):   2, 
[6.173s][info][gc,stats      ]     S: JNI Handles Roots              1 us, workers (us):   1, 
[6.173s][info][gc,stats      ]     S: Synchronizer Roots             0 us, workers (us):   0, 
[6.173s][info][gc,stats      ]     S: Management Roots               1 us, workers (us):   1, 
[6.173s][info][gc,stats      ]     S: System Dict Roots             33 us, workers (us):  33, 
[6.173s][info][gc,stats      ]     S: CLDG Roots                    77 us, workers (us):  77, 
[6.173s][info][gc,stats      ]     S: JVMTI Roots                    1 us, workers (us):   1, 
[6.173s][info][gc,stats      ]   Resize TLABs                        5 us
[6.173s][info][gc,stats      ] Concurrent Marking                34279 us
[6.173s][info][gc,stats      ] Pause Final Mark (G)              21306 us
[6.173s][info][gc,stats      ] Pause Final Mark (N)              20064 us
[6.173s][info][gc,stats      ]   Finish Queues                      35 us
[6.173s][info][gc,stats      ]   System Purge                      184 us
[6.173s][info][gc,stats      ]     Unload Classes                  355 us
[6.173s][info][gc,stats      ]     Cleanup                       16950 us, parallelism: 1.00x
[6.173s][info][gc,stats      ]       CU: <total>                 16869 us
[6.173s][info][gc,stats      ]       CU: Code Cache Roots         2458 us, workers (us): 2458, 
[6.173s][info][gc,stats      ]       CU: Code Cache Cleaning       791 us, workers (us): 791, 
[6.173s][info][gc,stats      ]       CU: String Table Roots       6518 us, workers (us): 6518, 
[6.173s][info][gc,stats      ]       CU: Resolved Table Roots       49 us, workers (us):  49, 
[6.173s][info][gc,stats      ]       CU: CLDG Roots               7052 us, workers (us): 7052, 
[6.173s][info][gc,stats      ]     Weak Roots                      184 us
[6.173s][info][gc,stats      ]     CLDG                              1 us
[6.173s][info][gc,stats      ]   Update Region States               65 us
[6.173s][info][gc,stats      ]   Retire TLABs                       13 us
[6.173s][info][gc,stats      ]   Choose Collection Set              70 us
[6.173s][info][gc,stats      ]   Rebuild Free Set                   12 us
[6.173s][info][gc,stats      ]   Initial Evacuation               2369 us, parallelism: 0.53x
[6.173s][info][gc,stats      ]     E: <total>                     1245 us
[6.173s][info][gc,stats      ]     E: Thread Roots                 269 us, workers (us): 269, 
[6.173s][info][gc,stats      ]     E: Code Cache Roots             210 us, workers (us): 210, 
[6.173s][info][gc,stats      ]     E: Universe Roots                 1 us, workers (us):   1, 
[6.173s][info][gc,stats      ]     E: JNI Handles Roots              2 us, workers (us):   2, 
[6.173s][info][gc,stats      ]     E: Synchronizer Roots             0 us, workers (us):   0, 
[6.173s][info][gc,stats      ]     E: Management Roots               1 us, workers (us):   1, 
[6.173s][info][gc,stats      ]     E: System Dict Roots             40 us, workers (us):  40, 
[6.173s][info][gc,stats      ]     E: CLDG Roots                   720 us, workers (us): 720, 
[6.173s][info][gc,stats      ]     E: JVMTI Roots                    1 us, workers (us):   1, 
[6.173s][info][gc,stats      ] Concurrent Cleanup                   68 us
[6.173s][info][gc,stats      ] Concurrent Evacuation             22726 us
[6.173s][info][gc,stats      ] Pause Init  Update Refs (G)        2099 us
[6.173s][info][gc,stats      ] Pause Init  Update Refs (N)          10 us
[6.173s][info][gc,stats      ]   Retire GCLABs                       3 us
[6.173s][info][gc,stats      ] Concurrent Update Refs            16565 us
[6.173s][info][gc,stats      ] Pause Final Update Refs (G)        2876 us
[6.173s][info][gc,stats      ] Pause Final Update Refs (N)         421 us
[6.173s][info][gc,stats      ]   Update Roots                      329 us, parallelism: 0.97x
[6.173s][info][gc,stats      ]     UR: <total>                     318 us
[6.173s][info][gc,stats      ]     UR: Thread Roots                318 us, workers (us): 318, 
[6.173s][info][gc,stats      ]   Update Region States               64 us
[6.173s][info][gc,stats      ]   Trash Collection Set                3 us
[6.173s][info][gc,stats      ]   Rebuild Free Set                   19 us
[6.173s][info][gc,stats      ] Concurrent Cleanup                   75 us
[6.173s][info][gc,stats      ] 
[6.173s][info][gc,stats      ] Allocation pacing accrued:
[6.173s][info][gc,stats      ]       0 of  2068 ms (  0.0%): <total>
[6.173s][info][gc,stats      ]       0 of  2068 ms (  0.0%): <average total>
[6.173s][info][gc,stats      ] 
[6.173s][info][gc,metaspace  ] Metaspace: 34495K->34846K(1081344K)
[6.173s][info][gc,ergo       ] Pacer for Idle. Initial: 20480K, Alloc Tax Rate: 1.0x
[7.784s][info][gc            ] Trigger: Learning 3 of 5. Free (698M) is below initial threshold (700M)
[7.784s][info][gc,ergo       ] Free: 698M, Max: 256K regular, 698M humongous, Frag: 0% external, 0% internal; Reserve: 51200K, Max: 256K
[7.784s][info][gc,start      ] GC(2) Concurrent reset
[7.784s][info][gc,task       ] GC(2) Using 1 of 1 workers for concurrent reset
[7.784s][info][gc,ergo       ] GC(2) Pacer for Reset. Non-Taxable: 1000M
[7.784s][info][gc            ] GC(2) Concurrent reset 0.236ms
[7.786s][info][gc,start      ] GC(2) Pause Init Mark
[7.787s][info][gc,task       ] GC(2) Using 1 of 1 workers for init marking
[7.787s][info][gc,ergo       ] GC(2) Pacer for Mark. Expected Live: 19339K, Free: 698M, Non-Taxable: 71552K, Alloc Tax Rate: 0.0x
[7.787s][info][gc            ] GC(2) Pause Init Mark 0.998ms
[7.788s][info][gc,start      ] GC(2) Concurrent marking
[7.788s][info][gc,task       ] GC(2) Using 1 of 1 workers for concurrent marking
[7.950s][info][gc            ] GC(2) Concurrent marking 162.484ms
[7.957s][info][gc,start      ] GC(2) Pause Final Mark
[7.957s][info][gc,task       ] GC(2) Using 1 of 1 workers for final marking
[7.957s][info][gc,ergo       ] GC(2) Adaptive CSet Selection. Target Free: 141M, Actual Free: 699M, Max CSet: 42666K, Min Garbage: 0B
[7.957s][info][gc,ergo       ] GC(2) Collectable Garbage: 195M (99%), Immediate: 317K (0%), CSet: 194M (99%)
[7.960s][info][gc,ergo       ] GC(2) Pacer for Evacuation. Used CSet: 228M, Free: 649M, Non-Taxable: 66509K, Alloc Tax Rate: 1.1x
[7.960s][info][gc            ] GC(2) Pause Final Mark 2.798ms
[7.960s][info][gc,start      ] GC(2) Concurrent cleanup
[7.960s][info][gc            ] GC(2) Concurrent cleanup 300M->299M(301M) 0.097ms
[7.960s][info][gc,ergo       ] GC(2) Free: 649M, Max: 256K regular, 649M humongous, Frag: 1% external, 0% internal; Reserve: 50688K, Max: 256K
[7.960s][info][gc,start      ] GC(2) Concurrent evacuation
[7.960s][info][gc,task       ] GC(2) Using 1 of 1 workers for concurrent evacuation
[8.071s][info][gc            ] GC(2) Concurrent evacuation 111.175ms
[8.074s][info][gc,start      ] GC(2) Pause Init Update Refs
[8.074s][info][gc,ergo       ] GC(2) Pacer for Update Refs. Used: 372M, Free: 610M, Non-Taxable: 62464K, Alloc Tax Rate: 1.1x
[8.074s][info][gc            ] GC(2) Pause Init Update Refs 0.036ms
[8.074s][info][gc,start      ] GC(2) Concurrent update references
[8.074s][info][gc,task       ] GC(2) Using 1 of 1 workers for concurrent reference update
[8.195s][info][gc            ] GC(2) Concurrent update references 121.499ms
[8.196s][info][gc,start      ] GC(2) Pause Final Update Refs
[8.196s][info][gc,task       ] GC(2) Using 1 of 1 workers for final reference update
[8.196s][info][gc            ] GC(2) Pause Final Update Refs 0.309ms
[8.196s][info][gc,start      ] GC(2) Concurrent cleanup
[8.196s][info][gc            ] GC(2) Concurrent cleanup 409M->181M(411M) 0.120ms
[8.196s][info][gc,ergo       ] Free: 767M, Max: 256K regular, 539M humongous, Frag: 30% external, 0% internal; Reserve: 51200K, Max: 256K
[8.196s][info][gc,stats      ] 
[8.196s][info][gc,stats      ] All times are wall-clock times, except per-root-class counters, that are sum over
[8.196s][info][gc,stats      ] all workers. Dividing the <total> over the root stage time estimates parallelism.
[8.196s][info][gc,stats      ] 
[8.196s][info][gc,stats      ] Concurrent Reset                    208 us
[8.196s][info][gc,stats      ] Pause Init Mark (G)                3135 us
[8.196s][info][gc,stats      ] Pause Init Mark (N)                 976 us
[8.196s][info][gc,stats      ]   Accumulate Stats                    6 us
[8.196s][info][gc,stats      ]   Make Parsable                      10 us
[8.196s][info][gc,stats      ]   Update Region States               45 us
[8.196s][info][gc,stats      ]   Scan Roots                        878 us, parallelism: 0.84x
[8.196s][info][gc,stats      ]     S: <total>                      738 us
[8.196s][info][gc,stats      ]     S: Thread Roots                 306 us, workers (us): 306, 
[8.196s][info][gc,stats      ]     S: Universe Roots                 2 us, workers (us):   2, 
[8.196s][info][gc,stats      ]     S: JNI Handles Roots              1 us, workers (us):   1, 
[8.196s][info][gc,stats      ]     S: Synchronizer Roots             0 us, workers (us):   0, 
[8.196s][info][gc,stats      ]     S: Management Roots               1 us, workers (us):   1, 
[8.196s][info][gc,stats      ]     S: System Dict Roots             31 us, workers (us):  31, 
[8.196s][info][gc,stats      ]     S: CLDG Roots                   396 us, workers (us): 396, 
[8.196s][info][gc,stats      ]     S: JVMTI Roots                    0 us, workers (us):   0, 
[8.196s][info][gc,stats      ]   Resize TLABs                        3 us
[8.196s][info][gc,stats      ] Concurrent Marking               162475 us
[8.196s][info][gc,stats      ] Pause Final Mark (G)               5745 us
[8.196s][info][gc,stats      ] Pause Final Mark (N)               2760 us
[8.196s][info][gc,stats      ]   Finish Queues                      18 us
[8.196s][info][gc,stats      ]   System Purge                      228 us
[8.196s][info][gc,stats      ]     Weak Roots                      228 us
[8.196s][info][gc,stats      ]   Update Region States               76 us
[8.196s][info][gc,stats      ]   Retire TLABs                        6 us
[8.196s][info][gc,stats      ]   Choose Collection Set             143 us
[8.196s][info][gc,stats      ]   Rebuild Free Set                   11 us
[8.196s][info][gc,stats      ]   Initial Evacuation               2271 us, parallelism: 0.59x
[8.196s][info][gc,stats      ]     E: <total>                     1337 us
[8.196s][info][gc,stats      ]     E: Thread Roots                 195 us, workers (us): 195, 
[8.196s][info][gc,stats      ]     E: Code Cache Roots             146 us, workers (us): 146, 
[8.196s][info][gc,stats      ]     E: Universe Roots                 1 us, workers (us):   1, 
[8.196s][info][gc,stats      ]     E: JNI Handles Roots              1 us, workers (us):   1, 
[8.196s][info][gc,stats      ]     E: Synchronizer Roots             0 us, workers (us):   0, 
[8.196s][info][gc,stats      ]     E: Management Roots              16 us, workers (us):  16, 
[8.196s][info][gc,stats      ]     E: System Dict Roots              9 us, workers (us):   9, 
[8.196s][info][gc,stats      ]     E: CLDG Roots                   970 us, workers (us): 970, 
[8.196s][info][gc,stats      ]     E: JVMTI Roots                    0 us, workers (us):   0, 
[8.196s][info][gc,stats      ] Concurrent Cleanup                   86 us
[8.196s][info][gc,stats      ] Concurrent Evacuation            111161 us
[8.196s][info][gc,stats      ] Pause Init  Update Refs (G)        2773 us
[8.196s][info][gc,stats      ] Pause Init  Update Refs (N)          11 us
[8.196s][info][gc,stats      ]   Retire GCLABs                       4 us
[8.196s][info][gc,stats      ] Concurrent Update Refs           121484 us
[8.196s][info][gc,stats      ] Pause Final Update Refs (G)         452 us
[8.196s][info][gc,stats      ] Pause Final Update Refs (N)         279 us
[8.196s][info][gc,stats      ]   Update Roots                      181 us, parallelism: 0.96x
[8.196s][info][gc,stats      ]     UR: <total>                     173 us
[8.196s][info][gc,stats      ]     UR: Thread Roots                173 us, workers (us): 173, 
[8.196s][info][gc,stats      ]   Update Region States               66 us
[8.196s][info][gc,stats      ]   Trash Collection Set                6 us
[8.196s][info][gc,stats      ]   Rebuild Free Set                   15 us
[8.196s][info][gc,stats      ] Concurrent Cleanup                  112 us
[8.196s][info][gc,stats      ] 
[8.196s][info][gc,stats      ] Allocation pacing accrued:
[8.196s][info][gc,stats      ]       0 of  2023 ms (  0.0%): <total>
[8.196s][info][gc,stats      ]       0 of  2023 ms (  0.0%): <average total>
[8.196s][info][gc,stats      ] 
[8.196s][info][gc,metaspace  ] Metaspace: 42877K->42877K(1087488K)
[8.196s][info][gc,ergo       ] Pacer for Idle. Initial: 20480K, Alloc Tax Rate: 1.0x
[8.261s][info][gc            ] Trigger: Learning 4 of 5. Free (698M) is below initial threshold (700M)
[8.261s][info][gc,ergo       ] Free: 698M, Max: 256K regular, 539M humongous, Frag: 23% external, 0% internal; Reserve: 51200K, Max: 256K
[8.261s][info][gc,start      ] GC(3) Concurrent reset
[8.261s][info][gc,task       ] GC(3) Using 1 of 1 workers for concurrent reset
[8.261s][info][gc,ergo       ] GC(3) Pacer for Reset. Non-Taxable: 1000M
[8.261s][info][gc            ] GC(3) Concurrent reset 0.399ms
[8.263s][info][gc,start      ] GC(3) Pause Init Mark
[8.263s][info][gc,task       ] GC(3) Using 1 of 1 workers for init marking
[8.264s][info][gc,ergo       ] GC(3) Pacer for Mark. Expected Live: 31277K, Free: 698M, Non-Taxable: 71475K, Alloc Tax Rate: 0.1x
[8.264s][info][gc            ] GC(3) Pause Init Mark 0.801ms
[8.264s][info][gc,start      ] GC(3) Concurrent marking
[8.264s][info][gc,task       ] GC(3) Using 1 of 1 workers for concurrent marking
[8.421s][info][gc            ] GC(3) Concurrent marking 156.593ms
[8.421s][info][gc,start      ] GC(3) Pause Final Mark
[8.421s][info][gc,task       ] GC(3) Using 1 of 1 workers for final marking
[8.421s][info][gc,ergo       ] GC(3) Adaptive CSet Selection. Target Free: 141M, Actual Free: 663M, Max CSet: 42666K, Min Garbage: 0B
[8.421s][info][gc,ergo       ] GC(3) Collectable Garbage: 163M (99%), Immediate: 0B (0%), CSet: 163M (99%)
[8.422s][info][gc,ergo       ] GC(3) Pacer for Evacuation. Used CSet: 196M, Free: 613M, Non-Taxable: 62848K, Alloc Tax Rate: 1.1x
[8.422s][info][gc            ] GC(3) Pause Final Mark 1.345ms
[8.422s][info][gc,start      ] GC(3) Concurrent cleanup
[8.422s][info][gc            ] GC(3) Concurrent cleanup 335M->335M(411M) 0.074ms
[8.422s][info][gc,ergo       ] GC(3) Free: 613M, Max: 256K regular, 539M humongous, Frag: 13% external, 0% internal; Reserve: 51200K, Max: 256K
[8.422s][info][gc,start      ] GC(3) Concurrent evacuation
[8.422s][info][gc,task       ] GC(3) Using 1 of 1 workers for concurrent evacuation
[8.509s][info][gc            ] GC(3) Concurrent evacuation 86.291ms
[8.511s][info][gc,start      ] GC(3) Pause Init Update Refs
[8.511s][info][gc,ergo       ] GC(3) Pacer for Update Refs. Used: 408M, Free: 574M, Non-Taxable: 58808K, Alloc Tax Rate: 1.1x
[8.511s][info][gc            ] GC(3) Pause Init Update Refs 0.030ms
[8.511s][info][gc,start      ] GC(3) Concurrent update references
[8.511s][info][gc,task       ] GC(3) Using 1 of 1 workers for concurrent reference update
[8.672s][info][gc            ] GC(3) Concurrent update references 160.792ms
[8.674s][info][gc,start      ] GC(3) Pause Final Update Refs
[8.674s][info][gc,task       ] GC(3) Using 1 of 1 workers for final reference update
[8.674s][info][gc            ] GC(3) Pause Final Update Refs 0.321ms
[8.674s][info][gc,start      ] GC(3) Concurrent cleanup
[8.675s][info][gc            ] GC(3) Concurrent cleanup 477M->280M(478M) 0.106ms
[8.675s][info][gc,ergo       ] Free: 668M, Max: 256K regular, 472M humongous, Frag: 30% external, 0% internal; Reserve: 51200K, Max: 256K
[8.675s][info][gc,stats      ] 
[8.675s][info][gc,stats      ] All times are wall-clock times, except per-root-class counters, that are sum over
[8.675s][info][gc,stats      ] all workers. Dividing the <total> over the root stage time estimates parallelism.
[8.675s][info][gc,stats      ] 
[8.675s][info][gc,stats      ] Concurrent Reset                    389 us
[8.675s][info][gc,stats      ] Pause Init Mark (G)                2884 us
[8.675s][info][gc,stats      ] Pause Init Mark (N)                 773 us
[8.675s][info][gc,stats      ]   Accumulate Stats                    7 us
[8.675s][info][gc,stats      ]   Make Parsable                       6 us
[8.675s][info][gc,stats      ]   Update Region States               54 us
[8.675s][info][gc,stats      ]   Scan Roots                        675 us, parallelism: 0.79x
[8.675s][info][gc,stats      ]     S: <total>                      533 us
[8.675s][info][gc,stats      ]     S: Thread Roots                 175 us, workers (us): 175, 
[8.675s][info][gc,stats      ]     S: Universe Roots                 3 us, workers (us):   3, 
[8.675s][info][gc,stats      ]     S: JNI Handles Roots              1 us, workers (us):   1, 
[8.675s][info][gc,stats      ]     S: Synchronizer Roots             0 us, workers (us):   0, 
[8.675s][info][gc,stats      ]     S: Management Roots              12 us, workers (us):  12, 
[8.675s][info][gc,stats      ]     S: System Dict Roots              9 us, workers (us):   9, 
[8.675s][info][gc,stats      ]     S: CLDG Roots                   332 us, workers (us): 332, 
[8.675s][info][gc,stats      ]     S: JVMTI Roots                    1 us, workers (us):   1, 
[8.675s][info][gc,stats      ]   Resize TLABs                        2 us
[8.675s][info][gc,stats      ] Concurrent Marking               156585 us
[8.675s][info][gc,stats      ] Pause Final Mark (G)               1417 us
[8.675s][info][gc,stats      ] Pause Final Mark (N)               1329 us
[8.675s][info][gc,stats      ]   Finish Queues                      14 us
[8.675s][info][gc,stats      ]   System Purge                      177 us
[8.675s][info][gc,stats      ]     Weak Roots                      177 us
[8.675s][info][gc,stats      ]   Update Region States               61 us
[8.675s][info][gc,stats      ]   Retire TLABs                        7 us
[8.675s][info][gc,stats      ]   Choose Collection Set             138 us
[8.675s][info][gc,stats      ]   Rebuild Free Set                   11 us
[8.675s][info][gc,stats      ]   Initial Evacuation                913 us, parallelism: 0.62x
[8.675s][info][gc,stats      ]     E: <total>                      562 us
[8.675s][info][gc,stats      ]     E: Thread Roots                 169 us, workers (us): 169, 
[8.675s][info][gc,stats      ]     E: Code Cache Roots             125 us, workers (us): 125, 
[8.675s][info][gc,stats      ]     E: Universe Roots                 1 us, workers (us):   1, 
[8.675s][info][gc,stats      ]     E: JNI Handles Roots              1 us, workers (us):   1, 
[8.675s][info][gc,stats      ]     E: Synchronizer Roots             0 us, workers (us):   0, 
[8.675s][info][gc,stats      ]     E: Management Roots               1 us, workers (us):   1, 
[8.675s][info][gc,stats      ]     E: System Dict Roots              7 us, workers (us):   7, 
[8.675s][info][gc,stats      ]     E: CLDG Roots                   256 us, workers (us): 256, 
[8.675s][info][gc,stats      ]     E: JVMTI Roots                    0 us, workers (us):   0, 
[8.675s][info][gc,stats      ] Concurrent Cleanup                   66 us
[8.675s][info][gc,stats      ] Concurrent Evacuation             86278 us
[8.675s][info][gc,stats      ] Pause Init  Update Refs (G)        2354 us
[8.675s][info][gc,stats      ] Pause Init  Update Refs (N)          10 us
[8.675s][info][gc,stats      ]   Retire GCLABs                       4 us
[8.675s][info][gc,stats      ] Concurrent Update Refs           160778 us
[8.675s][info][gc,stats      ] Pause Final Update Refs (G)        2449 us
[8.675s][info][gc,stats      ] Pause Final Update Refs (N)         268 us
[8.675s][info][gc,stats      ]   Update Roots                      175 us, parallelism: 0.95x
[8.675s][info][gc,stats      ]     UR: <total>                     165 us
[8.675s][info][gc,stats      ]     UR: Thread Roots                165 us, workers (us): 165, 
[8.675s][info][gc,stats      ]   Update Region States               62 us
[8.675s][info][gc,stats      ]   Trash Collection Set                5 us
[8.675s][info][gc,stats      ]   Rebuild Free Set                   13 us
[8.675s][info][gc,stats      ] Concurrent Cleanup                   99 us
[8.675s][info][gc,stats      ] 
[8.675s][info][gc,stats      ] Allocation pacing accrued:
[8.675s][info][gc,stats      ]       0 of   478 ms (  0.0%): <total>
[8.675s][info][gc,stats      ]       0 of   478 ms (  0.0%): <average total>
[8.675s][info][gc,stats      ] 
[8.675s][info][gc,metaspace  ] Metaspace: 42877K->42877K(1087488K)
[8.675s][info][gc,ergo       ] Pacer for Idle. Initial: 20480K, Alloc Tax Rate: 1.0x
[8.676s][info][gc            ] Trigger: Learning 5 of 5. Free (667M) is below initial threshold (700M)
[8.676s][info][gc,ergo       ] Free: 667M, Max: 256K regular, 472M humongous, Frag: 30% external, 0% internal; Reserve: 51200K, Max: 256K
[8.676s][info][gc,start      ] GC(4) Concurrent reset
[8.676s][info][gc,task       ] GC(4) Using 1 of 1 workers for concurrent reset
[8.676s][info][gc,ergo       ] GC(4) Pacer for Reset. Non-Taxable: 1000M
[8.680s][info][gc            ] GC(4) Concurrent reset 4.200ms
[8.682s][info][gc,start      ] GC(4) Pause Init Mark
[8.682s][info][gc,task       ] GC(4) Using 1 of 1 workers for init marking
[8.683s][info][gc,ergo       ] GC(4) Pacer for Mark. Expected Live: 45708K, Free: 662M, Non-Taxable: 67875K, Alloc Tax Rate: 0.1x
[8.683s][info][gc            ] GC(4) Pause Init Mark 0.766ms
[8.683s][info][gc,start      ] GC(4) Concurrent marking
[8.683s][info][gc,task       ] GC(4) Using 1 of 1 workers for concurrent marking
[8.997s][info][gc            ] GC(4) Concurrent marking 313.948ms
[8.997s][info][gc,start      ] GC(4) Pause Final Mark
[8.997s][info][gc,task       ] GC(4) Using 1 of 1 workers for final marking
[8.998s][info][gc,ergo       ] GC(4) Adaptive CSet Selection. Target Free: 141M, Actual Free: 710M, Max CSet: 42666K, Min Garbage: 0B
[8.998s][info][gc,ergo       ] GC(4) Collectable Garbage: 164M (99%), Immediate: 0B (0%), CSet: 164M (99%)
[8.999s][info][gc,ergo       ] GC(4) Pacer for Evacuation. Used CSet: 198M, Free: 660M, Non-Taxable: 67668K, Alloc Tax Rate: 1.1x
[8.999s][info][gc            ] GC(4) Pause Final Mark 1.393ms
[9.002s][info][gc,start      ] GC(4) Concurrent cleanup
[9.002s][info][gc            ] GC(4) Concurrent cleanup 288M->288M(478M) 0.117ms
[9.002s][info][gc,ergo       ] GC(4) Free: 660M, Max: 256K regular, 472M humongous, Frag: 29% external, 0% internal; Reserve: 51200K, Max: 256K
[9.002s][info][gc,start      ] GC(4) Concurrent evacuation
[9.002s][info][gc,task       ] GC(4) Using 1 of 1 workers for concurrent evacuation
[9.116s][info][gc            ] GC(4) Concurrent evacuation 113.825ms
[9.118s][info][gc,start      ] GC(4) Pause Init Update Refs
[9.118s][info][gc,ergo       ] GC(4) Pacer for Update Refs. Used: 322M, Free: 660M, Non-Taxable: 67635K, Alloc Tax Rate: 1.1x
[9.118s][info][gc            ] GC(4) Pause Init Update Refs 0.025ms
[9.118s][info][gc,start      ] GC(4) Concurrent update references
[9.118s][info][gc,task       ] GC(4) Using 1 of 1 workers for concurrent reference update
[9.259s][info][gc            ] GC(4) Concurrent update references 140.726ms
[9.259s][info][gc,start      ] GC(4) Pause Final Update Refs
[9.259s][info][gc,task       ] GC(4) Using 1 of 1 workers for final reference update
[9.260s][info][gc            ] GC(4) Pause Final Update Refs 0.435ms
[9.260s][info][gc,start      ] GC(4) Concurrent cleanup
[9.260s][info][gc            ] GC(4) Concurrent cleanup 325M->127M(511M) 0.101ms
[9.260s][info][gc,ergo       ] Free: 821M, Max: 256K regular, 785M humongous, Frag: 5% external, 0% internal; Reserve: 51200K, Max: 256K
[9.260s][info][gc,stats      ] 
[9.260s][info][gc,stats      ] All times are wall-clock times, except per-root-class counters, that are sum over
[9.260s][info][gc,stats      ] all workers. Dividing the <total> over the root stage time estimates parallelism.
[9.260s][info][gc,stats      ] 
[9.260s][info][gc,stats      ] Concurrent Reset                   4188 us
[9.260s][info][gc,stats      ] Pause Init Mark (G)                2868 us
[9.260s][info][gc,stats      ] Pause Init Mark (N)                 746 us
[9.260s][info][gc,stats      ]   Accumulate Stats                    6 us
[9.260s][info][gc,stats      ]   Make Parsable                       6 us
[9.260s][info][gc,stats      ]   Update Region States               47 us
[9.260s][info][gc,stats      ]   Scan Roots                        652 us, parallelism: 0.78x
[9.260s][info][gc,stats      ]     S: <total>                      511 us
[9.260s][info][gc,stats      ]     S: Thread Roots                 177 us, workers (us): 177, 
[9.260s][info][gc,stats      ]     S: Universe Roots                 3 us, workers (us):   3, 
[9.260s][info][gc,stats      ]     S: JNI Handles Roots              1 us, workers (us):   1, 
[9.260s][info][gc,stats      ]     S: Synchronizer Roots             0 us, workers (us):   0, 
[9.260s][info][gc,stats      ]     S: Management Roots               1 us, workers (us):   1, 
[9.260s][info][gc,stats      ]     S: System Dict Roots              8 us, workers (us):   8, 
[9.260s][info][gc,stats      ]     S: CLDG Roots                   319 us, workers (us): 319, 
[9.260s][info][gc,stats      ]     S: JVMTI Roots                    0 us, workers (us):   0, 
[9.260s][info][gc,stats      ]   Resize TLABs                        2 us
[9.260s][info][gc,stats      ] Concurrent Marking               313940 us
[9.260s][info][gc,stats      ] Pause Final Mark (G)               4880 us
[9.260s][info][gc,stats      ] Pause Final Mark (N)               1375 us
[9.260s][info][gc,stats      ]   Finish Queues                      26 us
[9.260s][info][gc,stats      ]   System Purge                      164 us
[9.260s][info][gc,stats      ]     Weak Roots                      163 us
[9.260s][info][gc,stats      ]   Update Region States               60 us
[9.260s][info][gc,stats      ]   Retire TLABs                        7 us
[9.260s][info][gc,stats      ]   Choose Collection Set             124 us
[9.260s][info][gc,stats      ]   Rebuild Free Set                   12 us
[9.260s][info][gc,stats      ]   Initial Evacuation                975 us, parallelism: 0.62x
[9.260s][info][gc,stats      ]     E: <total>                      604 us
[9.260s][info][gc,stats      ]     E: Thread Roots                 192 us, workers (us): 192, 
[9.260s][info][gc,stats      ]     E: Code Cache Roots              82 us, workers (us):  82, 
[9.260s][info][gc,stats      ]     E: Universe Roots                 1 us, workers (us):   1, 
[9.260s][info][gc,stats      ]     E: JNI Handles Roots              1 us, workers (us):   1, 
[9.260s][info][gc,stats      ]     E: Synchronizer Roots             0 us, workers (us):   0, 
[9.260s][info][gc,stats      ]     E: Management Roots               1 us, workers (us):   1, 
[9.260s][info][gc,stats      ]     E: System Dict Roots              7 us, workers (us):   7, 
[9.260s][info][gc,stats      ]     E: CLDG Roots                   320 us, workers (us): 320, 
[9.260s][info][gc,stats      ]     E: JVMTI Roots                    0 us, workers (us):   0, 
[9.260s][info][gc,stats      ] Concurrent Cleanup                   69 us
[9.260s][info][gc,stats      ] Concurrent Evacuation            113812 us
[9.260s][info][gc,stats      ] Pause Init  Update Refs (G)        2163 us
[9.260s][info][gc,stats      ] Pause Init  Update Refs (N)          10 us
[9.260s][info][gc,stats      ]   Retire GCLABs                       4 us
[9.260s][info][gc,stats      ] Concurrent Update Refs           140701 us
[9.260s][info][gc,stats      ] Pause Final Update Refs (G)         576 us
[9.260s][info][gc,stats      ] Pause Final Update Refs (N)         425 us
[9.260s][info][gc,stats      ]   Update Roots                      340 us, parallelism: 0.98x
[9.260s][info][gc,stats      ]     UR: <total>                     333 us
[9.260s][info][gc,stats      ]     UR: Thread Roots                333 us, workers (us): 333, 
[9.260s][info][gc,stats      ]   Update Region States               62 us
[9.260s][info][gc,stats      ]   Trash Collection Set                4 us
[9.260s][info][gc,stats      ]   Rebuild Free Set                   13 us
[9.260s][info][gc,stats      ] Concurrent Cleanup                   95 us
[9.260s][info][gc,stats      ] 
[9.260s][info][gc,stats      ] Allocation pacing accrued:
[9.260s][info][gc,stats      ]       0 of   585 ms (  0.0%): <total>
[9.260s][info][gc,stats      ]       0 of   585 ms (  0.0%): <average total>
[9.260s][info][gc,stats      ] 
[9.260s][info][gc,metaspace  ] Metaspace: 42877K->43650K(1087488K)
[9.260s][info][gc,ergo       ] Pacer for Idle. Initial: 20480K, Alloc Tax Rate: 1.0x
[10.196s][info][gc            ] Trigger: Explicit GC request (System.gc())
[10.197s][info][gc,ergo       ] Free: 784M, Max: 256K regular, 784M humongous, Frag: 0% external, 0% internal; Reserve: 51200K, Max: 256K
[10.197s][info][gc,start      ] GC(5) Concurrent reset
[10.197s][info][gc,task       ] GC(5) Using 1 of 1 workers for concurrent reset
[10.197s][info][gc,ergo       ] GC(5) Pacer for Reset. Non-Taxable: 1000M
[10.197s][info][gc            ] GC(5) Concurrent reset 0.493ms
[10.197s][info][gc,start      ] GC(5) Pause Init Mark (process weakrefs) (unload classes)
[10.197s][info][gc,task       ] GC(5) Using 1 of 1 workers for init marking
[10.198s][info][gc,ergo       ] GC(5) Pacer for Mark. Expected Live: 61203K, Free: 784M, Non-Taxable: 80340K, Alloc Tax Rate: 0.1x
[10.198s][info][gc            ] GC(5) Pause Init Mark (process weakrefs) (unload classes) 0.679ms
[10.198s][info][gc,start      ] GC(5) Concurrent marking (process weakrefs) (unload classes)
[10.198s][info][gc,task       ] GC(5) Using 1 of 1 workers for concurrent marking
[10.225s][info][gc            ] GC(5) Concurrent marking (process weakrefs) (unload classes) 27.021ms
[10.225s][info][gc,start      ] GC(5) Concurrent precleaning
[10.225s][info][gc,task       ] GC(5) Using 1 of 1 workers for concurrent preclean
[10.225s][info][gc,ergo       ] GC(5) Pacer for Precleaning. Non-Taxable: 1000M
[10.226s][info][gc            ] GC(5) Concurrent precleaning 0.570ms
[10.226s][info][gc,start      ] GC(5) Pause Final Mark (process weakrefs) (unload classes)
[10.226s][info][gc,task       ] GC(5) Using 1 of 1 workers for final marking
[10.242s][info][gc,stringtable] GC(5) Cleaned string and symbol table, strings: 16588 processed, 0 removed, symbols: 113919 processed, 30 removed
[10.242s][info][gc,ergo       ] GC(5) Adaptive CSet Selection. Target Free: 141M, Actual Free: 939M, Max CSet: 42666K, Min Garbage: 0B
[10.242s][info][gc,ergo       ] GC(5) Collectable Garbage: 140M (99%), Immediate: 105M (74%), CSet: 35574K (24%)
[10.244s][info][gc,ergo       ] GC(5) Pacer for Evacuation. Used CSet: 38243K, Free: 891M, Non-Taxable: 91315K, Alloc Tax Rate: 1.1x
[10.244s][info][gc            ] GC(5) Pause Final Mark (process weakrefs) (unload classes) 18.184ms
[10.245s][info][gc,start      ] GC(5) Concurrent cleanup
[10.245s][info][gc            ] GC(5) Concurrent cleanup 162M->57M(511M) 0.126ms
[10.245s][info][gc,ergo       ] GC(5) Free: 891M, Max: 256K regular, 834M humongous, Frag: 7% external, 0% internal; Reserve: 50941K, Max: 256K
[10.245s][info][gc,start      ] GC(5) Concurrent evacuation
[10.245s][info][gc,task       ] GC(5) Using 1 of 1 workers for concurrent evacuation
[10.256s][info][gc            ] GC(5) Concurrent evacuation 11.071ms
[10.257s][info][gc,start      ] GC(5) Pause Init Update Refs
[10.257s][info][gc,ergo       ] GC(5) Pacer for Update Refs. Used: 61563K, Free: 891M, Non-Taxable: 91292K, Alloc Tax Rate: 1.1x
[10.257s][info][gc            ] GC(5) Pause Init Update Refs 0.022ms
[10.257s][info][gc,start      ] GC(5) Concurrent update references
[10.257s][info][gc,task       ] GC(5) Using 1 of 1 workers for concurrent reference update
[10.271s][info][gc            ] GC(5) Concurrent update references 14.613ms
[10.271s][info][gc,start      ] GC(5) Pause Final Update Refs
[10.271s][info][gc,task       ] GC(5) Using 1 of 1 workers for final reference update
[10.276s][info][gc            ] GC(5) Pause Final Update Refs 4.459ms
[10.276s][info][gc,start      ] GC(5) Concurrent cleanup
[10.276s][info][gc            ] GC(5) Concurrent cleanup 60M->22M(511M) 0.080ms
[10.276s][info][gc,ergo       ] Free: 926M, Max: 256K regular, 884M humongous, Frag: 5% external, 0% internal; Reserve: 51200K, Max: 256K
[10.276s][info][gc,stats      ] 
[10.276s][info][gc,stats      ] All times are wall-clock times, except per-root-class counters, that are sum over
[10.276s][info][gc,stats      ] all workers. Dividing the <total> over the root stage time estimates parallelism.
[10.276s][info][gc,stats      ] 
[10.276s][info][gc,stats      ] Concurrent Reset                    460 us
[10.276s][info][gc,stats      ] Pause Init Mark (G)                 827 us
[10.276s][info][gc,stats      ] Pause Init Mark (N)                 664 us
[10.276s][info][gc,stats      ]   Accumulate Stats                   10 us
[10.276s][info][gc,stats      ]   Make Parsable                      68 us
[10.276s][info][gc,stats      ]   Update Region States               51 us
[10.276s][info][gc,stats      ]   Scan Roots                        508 us, parallelism: 0.65x
[10.276s][info][gc,stats      ]     S: <total>                      331 us
[10.276s][info][gc,stats      ]     S: Thread Roots                 237 us, workers (us): 237, 
[10.276s][info][gc,stats      ]     S: Universe Roots                 3 us, workers (us):   3, 
[10.276s][info][gc,stats      ]     S: JNI Handles Roots              2 us, workers (us):   2, 
[10.276s][info][gc,stats      ]     S: Synchronizer Roots             0 us, workers (us):   0, 
[10.276s][info][gc,stats      ]     S: Management Roots               2 us, workers (us):   2, 
[10.276s][info][gc,stats      ]     S: System Dict Roots             10 us, workers (us):  10, 
[10.276s][info][gc,stats      ]     S: CLDG Roots                    77 us, workers (us):  77, 
[10.276s][info][gc,stats      ]     S: JVMTI Roots                    1 us, workers (us):   1, 
[10.276s][info][gc,stats      ]   Resize TLABs                        2 us
[10.276s][info][gc,stats      ] Concurrent Marking                27013 us
[10.276s][info][gc,stats      ] Concurrent Precleaning              564 us
[10.276s][info][gc,stats      ] Pause Final Mark (G)              19615 us
[10.276s][info][gc,stats      ] Pause Final Mark (N)              18168 us
[10.276s][info][gc,stats      ]   Finish Queues                      35 us
[10.276s][info][gc,stats      ]   Weak References                   287 us
[10.276s][info][gc,stats      ]     Process                         285 us
[10.276s][info][gc,stats      ]   System Purge                      205 us
[10.276s][info][gc,stats      ]     Unload Classes                  923 us
[10.276s][info][gc,stats      ]     Cleanup                       14589 us, parallelism: 0.99x
[10.276s][info][gc,stats      ]       CU: <total>                 14506 us
[10.276s][info][gc,stats      ]       CU: Code Cache Roots         4245 us, workers (us): 4245, 
[10.276s][info][gc,stats      ]       CU: Code Cache Cleaning       989 us, workers (us): 989, 
[10.276s][info][gc,stats      ]       CU: String Table Roots       4568 us, workers (us): 4568, 
[10.276s][info][gc,stats      ]       CU: Resolved Table Roots       72 us, workers (us):  72, 
[10.276s][info][gc,stats      ]       CU: CLDG Roots               4633 us, workers (us): 4633, 
[10.276s][info][gc,stats      ]     Weak Roots                      205 us
[10.276s][info][gc,stats      ]     CLDG                            166 us
[10.276s][info][gc,stats      ]   Update Region States               65 us
[10.276s][info][gc,stats      ]   Retire TLABs                       14 us
[10.276s][info][gc,stats      ]   Choose Collection Set              47 us
[10.276s][info][gc,stats      ]   Rebuild Free Set                   13 us
[10.276s][info][gc,stats      ]   Initial Evacuation               1816 us, parallelism: 0.54x
[10.276s][info][gc,stats      ]     E: <total>                      974 us
[10.276s][info][gc,stats      ]     E: Thread Roots                 198 us, workers (us): 198, 
[10.276s][info][gc,stats      ]     E: Code Cache Roots             269 us, workers (us): 269, 
[10.276s][info][gc,stats      ]     E: Universe Roots                 3 us, workers (us):   3, 
[10.276s][info][gc,stats      ]     E: JNI Handles Roots              2 us, workers (us):   2, 
[10.276s][info][gc,stats      ]     E: Synchronizer Roots             0 us, workers (us):   0, 
[10.276s][info][gc,stats      ]     E: Management Roots               2 us, workers (us):   2, 
[10.276s][info][gc,stats      ]     E: System Dict Roots             12 us, workers (us):  12, 
[10.276s][info][gc,stats      ]     E: CLDG Roots                   487 us, workers (us): 487, 
[10.276s][info][gc,stats      ]     E: JVMTI Roots                    1 us, workers (us):   1, 
[10.276s][info][gc,stats      ] Concurrent Cleanup                   86 us
[10.276s][info][gc,stats      ] Concurrent Evacuation             11059 us
[10.276s][info][gc,stats      ] Pause Init  Update Refs (G)         197 us
[10.276s][info][gc,stats      ] Pause Init  Update Refs (N)          11 us
[10.276s][info][gc,stats      ]   Retire GCLABs                       4 us
[10.276s][info][gc,stats      ] Concurrent Update Refs            14598 us
[10.276s][info][gc,stats      ] Pause Final Update Refs (G)        4629 us
[10.276s][info][gc,stats      ] Pause Final Update Refs (N)        4445 us
[10.276s][info][gc,stats      ]   Update Roots                     4352 us, parallelism: 0.04x
[10.276s][info][gc,stats      ]     UR: <total>                     194 us
[10.276s][info][gc,stats      ]     UR: Thread Roots                194 us, workers (us): 194, 
[10.276s][info][gc,stats      ]   Update Region States               69 us
[10.276s][info][gc,stats      ]   Trash Collection Set                3 us
[10.276s][info][gc,stats      ]   Rebuild Free Set                   13 us
[10.276s][info][gc,stats      ] Concurrent Cleanup                   71 us
[10.276s][info][gc,stats      ] 
[10.276s][info][gc,stats      ] Allocation pacing accrued:
[10.276s][info][gc,stats      ]       0 of  1016 ms (  0.0%): <total>
[10.276s][info][gc,stats      ]       0 of  1016 ms (  0.0%): <average total>
[10.276s][info][gc,stats      ] 
[10.276s][info][gc,metaspace  ] Metaspace: 49344K->49084K(1093632K)
[10.276s][info][gc,ergo       ] Pacer for Idle. Initial: 20480K, Alloc Tax Rate: 1.0x
[10.276s][info][gc,start      ] Concurrent uncommit
[10.326s][info][gc            ] Concurrent uncommit 22M->22M(23M) 50.030ms
[12.594s][info][gc            ] Trigger: Learning 2 of 5. Free (699M) is below initial threshold (700M)
[12.595s][info][gc,ergo       ] Free: 699M, Max: 256K regular, 699M humongous, Frag: 0% external, 0% internal; Reserve: 51200K, Max: 256K
[12.595s][info][gc,start      ] GC(6) Concurrent reset
[12.595s][info][gc,task       ] GC(6) Using 1 of 1 workers for concurrent reset
[12.595s][info][gc,ergo       ] GC(6) Pacer for Reset. Non-Taxable: 1000M
[12.595s][info][gc            ] GC(6) Concurrent reset 0.255ms
[12.595s][info][gc,start      ] GC(6) Pause Init Mark
[12.595s][info][gc,task       ] GC(6) Using 1 of 1 workers for init marking
[12.604s][info][gc,ergo       ] GC(6) Pacer for Mark. Expected Live: 62024K, Free: 699M, Non-Taxable: 71603K, Alloc Tax Rate: 0.1x
[12.604s][info][gc            ] GC(6) Pause Init Mark 8.721ms
[12.613s][info][gc,start      ] GC(6) Concurrent marking
[12.613s][info][gc,task       ] GC(6) Using 1 of 1 workers for concurrent marking
[12.721s][info][gc            ] GC(6) Concurrent marking 108.444ms
[12.722s][info][gc,start      ] GC(6) Pause Final Mark
[12.722s][info][gc,task       ] GC(6) Using 1 of 1 workers for final marking
[12.722s][info][gc,ergo       ] GC(6) Adaptive CSet Selection. Target Free: 141M, Actual Free: 735M, Max CSet: 42666K, Min Garbage: 0B
[12.722s][info][gc,ergo       ] GC(6) Collectable Garbage: 208M (99%), Immediate: 8572K (3%), CSet: 199M (95%)
[12.724s][info][gc,ergo       ] GC(6) Pacer for Evacuation. Used CSet: 215M, Free: 688M, Non-Taxable: 70451K, Alloc Tax Rate: 1.1x
[12.724s][info][gc            ] GC(6) Pause Final Mark 2.809ms
[12.726s][info][gc,start      ] GC(6) Concurrent cleanup
[12.726s][info][gc            ] GC(6) Concurrent cleanup 269M->262M(273M) 0.091ms
[12.726s][info][gc,ergo       ] GC(6) Free: 686M, Max: 256K regular, 677M humongous, Frag: 2% external, 0% internal; Reserve: 50877K, Max: 256K
[12.726s][info][gc,start      ] GC(6) Concurrent evacuation
[12.726s][info][gc,task       ] GC(6) Using 1 of 1 workers for concurrent evacuation
[12.793s][info][gc            ] GC(6) Concurrent evacuation 66.988ms
[12.796s][info][gc,start      ] GC(6) Pause Init Update Refs
[12.796s][info][gc,ergo       ] GC(6) Pacer for Update Refs. Used: 292M, Free: 672M, Non-Taxable: 68838K, Alloc Tax Rate: 1.1x
[12.796s][info][gc            ] GC(6) Pause Init Update Refs 0.050ms
[12.796s][info][gc,start      ] GC(6) Concurrent update references
[12.796s][info][gc,task       ] GC(6) Using 1 of 1 workers for concurrent reference update
[12.932s][info][gc            ] GC(6) Concurrent update references 136.491ms
[12.937s][info][gc,start      ] GC(6) Pause Final Update Refs
[12.938s][info][gc,task       ] GC(6) Using 1 of 1 workers for final reference update
[12.938s][info][gc            ] GC(6) Pause Final Update Refs 0.348ms
[12.938s][info][gc,start      ] GC(6) Concurrent cleanup
[12.938s][info][gc            ] GC(6) Concurrent cleanup 322M->106M(323M) 0.106ms
[12.938s][info][gc,ergo       ] Free: 842M, Max: 256K regular, 627M humongous, Frag: 26% external, 0% internal; Reserve: 51200K, Max: 256K
[12.938s][info][gc,stats      ] 
[12.938s][info][gc,stats      ] All times are wall-clock times, except per-root-class counters, that are sum over
[12.938s][info][gc,stats      ] all workers. Dividing the <total> over the root stage time estimates parallelism.
[12.938s][info][gc,stats      ] 
[12.938s][info][gc,stats      ] Concurrent Reset                    227 us
[12.938s][info][gc,stats      ] Pause Init Mark (G)               18037 us
[12.938s][info][gc,stats      ] Pause Init Mark (N)                8709 us
[12.938s][info][gc,stats      ]   Accumulate Stats                    6 us
[12.938s][info][gc,stats      ]   Make Parsable                       8 us
[12.938s][info][gc,stats      ]   Update Region States               36 us
[12.938s][info][gc,stats      ]   Scan Roots                       8607 us, parallelism: 0.17x
[12.938s][info][gc,stats      ]     S: <total>                     1458 us
[12.938s][info][gc,stats      ]     S: Thread Roots                 874 us, workers (us): 874, 
[12.938s][info][gc,stats      ]     S: Universe Roots                 2 us, workers (us):   2, 
[12.938s][info][gc,stats      ]     S: JNI Handles Roots              2 us, workers (us):   2, 
[12.938s][info][gc,stats      ]     S: Synchronizer Roots             0 us, workers (us):   0, 
[12.938s][info][gc,stats      ]     S: Management Roots               2 us, workers (us):   2, 
[12.938s][info][gc,stats      ]     S: System Dict Roots             30 us, workers (us):  30, 
[12.938s][info][gc,stats      ]     S: CLDG Roots                   546 us, workers (us): 546, 
[12.938s][info][gc,stats      ]     S: JVMTI Roots                    1 us, workers (us):   1, 
[12.938s][info][gc,stats      ]   Resize TLABs                        6 us
[12.938s][info][gc,stats      ] Concurrent Marking               108399 us
[12.938s][info][gc,stats      ] Pause Final Mark (G)               4787 us
[12.938s][info][gc,stats      ] Pause Final Mark (N)               2798 us
[12.938s][info][gc,stats      ]   Finish Queues                      13 us
[12.938s][info][gc,stats      ]   System Purge                      261 us
[12.938s][info][gc,stats      ]     Weak Roots                      261 us
[12.938s][info][gc,stats      ]   Update Region States               59 us
[12.938s][info][gc,stats      ]   Retire TLABs                        6 us
[12.938s][info][gc,stats      ]   Choose Collection Set             133 us
[12.938s][info][gc,stats      ]   Rebuild Free Set                   12 us
[12.938s][info][gc,stats      ]   Initial Evacuation               2307 us, parallelism: 0.51x
[12.938s][info][gc,stats      ]     E: <total>                     1167 us
[12.938s][info][gc,stats      ]     E: Thread Roots                 238 us, workers (us): 238, 
[12.938s][info][gc,stats      ]     E: Code Cache Roots             218 us, workers (us): 218, 
[12.938s][info][gc,stats      ]     E: Universe Roots                 1 us, workers (us):   1, 
[12.938s][info][gc,stats      ]     E: JNI Handles Roots              1 us, workers (us):   1, 
[12.938s][info][gc,stats      ]     E: Synchronizer Roots             0 us, workers (us):   0, 
[12.938s][info][gc,stats      ]     E: Management Roots               1 us, workers (us):   1, 
[12.938s][info][gc,stats      ]     E: System Dict Roots             40 us, workers (us):  40, 
[12.938s][info][gc,stats      ]     E: CLDG Roots                   668 us, workers (us): 668, 
[12.938s][info][gc,stats      ]     E: JVMTI Roots                    0 us, workers (us):   0, 
[12.938s][info][gc,stats      ] Concurrent Cleanup                   70 us
[12.938s][info][gc,stats      ] Concurrent Evacuation             66976 us
[12.938s][info][gc,stats      ] Pause Init  Update Refs (G)        2242 us
[12.938s][info][gc,stats      ] Pause Init  Update Refs (N)          12 us
[12.938s][info][gc,stats      ]   Retire GCLABs                       3 us
[12.938s][info][gc,stats      ] Concurrent Update Refs           136477 us
[12.938s][info][gc,stats      ] Pause Final Update Refs (G)        5663 us
[12.938s][info][gc,stats      ] Pause Final Update Refs (N)         303 us
[12.938s][info][gc,stats      ]   Update Roots                      211 us, parallelism: 0.96x
[12.938s][info][gc,stats      ]     UR: <total>                     202 us
[12.938s][info][gc,stats      ]     UR: Thread Roots                202 us, workers (us): 202, 
[12.938s][info][gc,stats      ]   Update Region States               65 us
[12.938s][info][gc,stats      ]   Trash Collection Set                5 us
[12.938s][info][gc,stats      ]   Rebuild Free Set                   14 us
[12.938s][info][gc,stats      ] Concurrent Cleanup                   98 us
[12.938s][info][gc,stats      ] 
[12.938s][info][gc,stats      ] Allocation pacing accrued:
[12.938s][info][gc,stats      ]       0 of  2662 ms (  0.0%): <total>
[12.938s][info][gc,stats      ]       0 of  2662 ms (  0.0%): <average total>
[12.938s][info][gc,stats      ] 
[12.938s][info][gc,metaspace  ] Metaspace: 55087K->55090K(1097728K)
[12.938s][info][gc,ergo       ] Pacer for Idle. Initial: 20480K, Alloc Tax Rate: 1.0x
[13.144s][info][gc            ] Trigger: Learning 3 of 5. Free (698M) is below initial threshold (700M)
[13.145s][info][gc,ergo       ] Free: 698M, Max: 256K regular, 627M humongous, Frag: 11% external, 0% internal; Reserve: 51200K, Max: 256K
[13.145s][info][gc,start      ] GC(7) Concurrent reset
[13.145s][info][gc,task       ] GC(7) Using 1 of 1 workers for concurrent reset
[13.145s][info][gc,ergo       ] GC(7) Pacer for Reset. Non-Taxable: 1000M
[13.145s][info][gc            ] GC(7) Concurrent reset 0.433ms
[13.147s][info][gc,start      ] GC(7) Pause Init Mark
[13.147s][info][gc,task       ] GC(7) Using 1 of 1 workers for init marking
[13.148s][info][gc,ergo       ] GC(7) Pacer for Mark. Expected Live: 65427K, Free: 698M, Non-Taxable: 71500K, Alloc Tax Rate: 0.1x
[13.148s][info][gc            ] GC(7) Pause Init Mark 1.019ms
[13.148s][info][gc,start      ] GC(7) Concurrent marking
[13.148s][info][gc,task       ] GC(7) Using 1 of 1 workers for concurrent marking
[13.283s][info][gc            ] GC(7) Concurrent marking 135.129ms
[13.284s][info][gc,start      ] GC(7) Pause Final Mark
[13.284s][info][gc,task       ] GC(7) Using 1 of 1 workers for final marking
[13.284s][info][gc,ergo       ] GC(7) Adaptive CSet Selection. Target Free: 141M, Actual Free: 661M, Max CSet: 42666K, Min Garbage: 0B
[13.284s][info][gc,ergo       ] GC(7) Collectable Garbage: 193M (99%), Immediate: 1536K (0%), CSet: 191M (98%)
[13.285s][info][gc,ergo       ] GC(7) Pacer for Evacuation. Used CSet: 209M, Free: 611M, Non-Taxable: 62645K, Alloc Tax Rate: 1.1x
[13.285s][info][gc            ] GC(7) Pause Final Mark 1.816ms
[13.285s][info][gc,start      ] GC(7) Concurrent cleanup
[13.285s][info][gc            ] GC(7) Concurrent cleanup 338M->337M(340M) 0.078ms
[13.285s][info][gc,ergo       ] GC(7) Free: 611M, Max: 256K regular, 610M humongous, Frag: 1% external, 0% internal; Reserve: 51197K, Max: 256K
[13.285s][info][gc,start      ] GC(7) Concurrent evacuation
[13.285s][info][gc,task       ] GC(7) Using 1 of 1 workers for concurrent evacuation
[13.328s][info][gc            ] GC(7) Concurrent evacuation 42.304ms
[13.330s][info][gc,start      ] GC(7) Pause Init Update Refs
[13.330s][info][gc,ergo       ] GC(7) Pacer for Update Refs. Used: 377M, Free: 589M, Non-Taxable: 60341K, Alloc Tax Rate: 1.1x
[13.330s][info][gc            ] GC(7) Pause Init Update Refs 0.028ms
[13.330s][info][gc,start      ] GC(7) Concurrent update references
[13.330s][info][gc,task       ] GC(7) Using 1 of 1 workers for concurrent reference update
[13.509s][info][gc            ] GC(7) Concurrent update references 178.693ms
[13.511s][info][gc,start      ] GC(7) Pause Final Update Refs
[13.511s][info][gc,task       ] GC(7) Using 1 of 1 workers for final reference update
[13.511s][info][gc            ] GC(7) Pause Final Update Refs 0.541ms
[13.511s][info][gc,start      ] GC(7) Concurrent cleanup
[13.511s][info][gc            ] GC(7) Concurrent cleanup 483M->274M(485M) 0.105ms
[13.512s][info][gc,ergo       ] Free: 673M, Max: 256K regular, 465M humongous, Frag: 31% external, 0% internal; Reserve: 51200K, Max: 256K
[13.512s][info][gc,stats      ] 
[13.512s][info][gc,stats      ] All times are wall-clock times, except per-root-class counters, that are sum over
[13.512s][info][gc,stats      ] all workers. Dividing the <total> over the root stage time estimates parallelism.
[13.512s][info][gc,stats      ] 
[13.512s][info][gc,stats      ] Concurrent Reset                    424 us
[13.512s][info][gc,stats      ] Pause Init Mark (G)                3199 us
[13.512s][info][gc,stats      ] Pause Init Mark (N)                 993 us
[13.512s][info][gc,stats      ]   Accumulate Stats                    7 us
[13.512s][info][gc,stats      ]   Make Parsable                       6 us
[13.512s][info][gc,stats      ]   Update Region States               43 us
[13.512s][info][gc,stats      ]   Scan Roots                        912 us, parallelism: 0.73x
[13.512s][info][gc,stats      ]     S: <total>                      668 us
[13.512s][info][gc,stats      ]     S: Thread Roots                 215 us, workers (us): 215, 
[13.512s][info][gc,stats      ]     S: Universe Roots                 2 us, workers (us):   2, 
[13.512s][info][gc,stats      ]     S: JNI Handles Roots              1 us, workers (us):   1, 
[13.512s][info][gc,stats      ]     S: Synchronizer Roots             1 us, workers (us):   1, 
[13.512s][info][gc,stats      ]     S: Management Roots               2 us, workers (us):   2, 
[13.512s][info][gc,stats      ]     S: System Dict Roots             10 us, workers (us):  10, 
[13.512s][info][gc,stats      ]     S: CLDG Roots                   437 us, workers (us): 437, 
[13.512s][info][gc,stats      ]     S: JVMTI Roots                    0 us, workers (us):   0, 
[13.512s][info][gc,stats      ]   Resize TLABs                        3 us
[13.512s][info][gc,stats      ] Concurrent Marking               135121 us
[13.512s][info][gc,stats      ] Pause Final Mark (G)               1892 us
[13.512s][info][gc,stats      ] Pause Final Mark (N)               1805 us
[13.512s][info][gc,stats      ]   Finish Queues                      11 us
[13.512s][info][gc,stats      ]   System Purge                      225 us
[13.512s][info][gc,stats      ]     Weak Roots                      225 us
[13.512s][info][gc,stats      ]   Update Region States               76 us
[13.512s][info][gc,stats      ]   Retire TLABs                        7 us
[13.512s][info][gc,stats      ]   Choose Collection Set             143 us
[13.512s][info][gc,stats      ]   Rebuild Free Set                   13 us
[13.512s][info][gc,stats      ]   Initial Evacuation               1325 us, parallelism: 0.58x
[13.512s][info][gc,stats      ]     E: <total>                      773 us
[13.512s][info][gc,stats      ]     E: Thread Roots                 232 us, workers (us): 232, 
[13.512s][info][gc,stats      ]     E: Code Cache Roots             130 us, workers (us): 130, 
[13.512s][info][gc,stats      ]     E: Universe Roots                 1 us, workers (us):   1, 
[13.512s][info][gc,stats      ]     E: JNI Handles Roots              1 us, workers (us):   1, 
[13.512s][info][gc,stats      ]     E: Synchronizer Roots             0 us, workers (us):   0, 
[13.512s][info][gc,stats      ]     E: Management Roots               3 us, workers (us):   3, 
[13.512s][info][gc,stats      ]     E: System Dict Roots             13 us, workers (us):  13, 
[13.512s][info][gc,stats      ]     E: CLDG Roots                   392 us, workers (us): 392, 
[13.512s][info][gc,stats      ]     E: JVMTI Roots                    0 us, workers (us):   0, 
[13.512s][info][gc,stats      ] Concurrent Cleanup                   69 us
[13.512s][info][gc,stats      ] Concurrent Evacuation             42292 us
[13.512s][info][gc,stats      ] Pause Init  Update Refs (G)        2084 us
[13.512s][info][gc,stats      ] Pause Init  Update Refs (N)          10 us
[13.512s][info][gc,stats      ]   Retire GCLABs                       4 us
[13.512s][info][gc,stats      ] Concurrent Update Refs           178678 us
[13.512s][info][gc,stats      ] Pause Final Update Refs (G)        2626 us
[13.512s][info][gc,stats      ] Pause Final Update Refs (N)         368 us
[13.512s][info][gc,stats      ]   Update Roots                      265 us, parallelism: 0.96x
[13.512s][info][gc,stats      ]     UR: <total>                     255 us
[13.512s][info][gc,stats      ]     UR: Thread Roots                255 us, workers (us): 255, 
[13.512s][info][gc,stats      ]   Update Region States               65 us
[13.512s][info][gc,stats      ]   Trash Collection Set                5 us
[13.512s][info][gc,stats      ]   Rebuild Free Set                   13 us
[13.512s][info][gc,stats      ] Concurrent Cleanup                   97 us
[13.512s][info][gc,stats      ] 
[13.512s][info][gc,stats      ] Allocation pacing accrued:
[13.512s][info][gc,stats      ]       0 of   574 ms (  0.0%): <total>
[13.512s][info][gc,stats      ]       0 of   574 ms (  0.0%): <average total>
[13.512s][info][gc,stats      ] 
[13.512s][info][gc,metaspace  ] Metaspace: 55112K->55113K(1097728K)
[13.512s][info][gc,ergo       ] Pacer for Idle. Initial: 20480K, Alloc Tax Rate: 1.0x
[13.513s][info][gc            ] Trigger: Learning 4 of 5. Free (673M) is below initial threshold (700M)
[13.513s][info][gc,ergo       ] Free: 673M, Max: 256K regular, 465M humongous, Frag: 31% external, 0% internal; Reserve: 51200K, Max: 256K
[13.513s][info][gc,start      ] GC(8) Concurrent reset
[13.513s][info][gc,task       ] GC(8) Using 1 of 1 workers for concurrent reset
[13.513s][info][gc,ergo       ] GC(8) Pacer for Reset. Non-Taxable: 1000M
[13.513s][info][gc            ] GC(8) Concurrent reset 0.401ms
[13.515s][info][gc,start      ] GC(8) Pause Init Mark
[13.516s][info][gc,task       ] GC(8) Using 1 of 1 workers for init marking
[13.517s][info][gc,ergo       ] GC(8) Pacer for Mark. Expected Live: 65806K, Free: 673M, Non-Taxable: 68945K, Alloc Tax Rate: 0.1x
[13.517s][info][gc            ] GC(8) Pause Init Mark 1.170ms
[13.517s][info][gc,start      ] GC(8) Concurrent marking
[13.517s][info][gc,task       ] GC(8) Using 1 of 1 workers for concurrent marking
[13.647s][info][gc            ] GC(8) Concurrent marking 130.045ms
[13.647s][info][gc,start      ] GC(8) Pause Final Mark
[13.647s][info][gc,task       ] GC(8) Using 1 of 1 workers for final marking
[13.647s][info][gc,ergo       ] GC(8) Adaptive CSet Selection. Target Free: 141M, Actual Free: 616M, Max CSet: 42666K, Min Garbage: 0B
[13.647s][info][gc,ergo       ] GC(8) Collectable Garbage: 197M (99%), Immediate: 2048K (1%), CSet: 195M (98%)
[13.649s][info][gc,ergo       ] GC(8) Pacer for Evacuation. Used CSet: 213M, Free: 566M, Non-Taxable: 57991K, Alloc Tax Rate: 1.1x
[13.649s][info][gc            ] GC(8) Pause Final Mark 1.766ms
[13.649s][info][gc,start      ] GC(8) Concurrent cleanup
[13.649s][info][gc            ] GC(8) Concurrent cleanup 384M->382M(485M) 0.091ms
[13.649s][info][gc,ergo       ] GC(8) Free: 566M, Max: 256K regular, 465M humongous, Frag: 18% external, 0% internal; Reserve: 51200K, Max: 256K
[13.649s][info][gc,start      ] GC(8) Concurrent evacuation
[13.649s][info][gc,task       ] GC(8) Using 1 of 1 workers for concurrent evacuation
[13.696s][info][gc            ] GC(8) Concurrent evacuation 47.540ms
[13.698s][info][gc,start      ] GC(8) Pause Init Update Refs
[13.698s][info][gc,ergo       ] GC(8) Pacer for Update Refs. Used: 441M, Free: 525M, Non-Taxable: 53843K, Alloc Tax Rate: 1.1x
[13.699s][info][gc            ] GC(8) Pause Init Update Refs 0.036ms
[13.699s][info][gc,start      ] GC(8) Concurrent update references
[13.699s][info][gc,task       ] GC(8) Using 1 of 1 workers for concurrent reference update
[13.927s][info][gc            ] GC(8) Concurrent update references 228.318ms
[13.929s][info][gc,start      ] GC(8) Pause Final Update Refs
[13.929s][info][gc,task       ] GC(8) Using 1 of 1 workers for final reference update
[13.929s][info][gc            ] GC(8) Pause Final Update Refs 0.331ms
[13.929s][info][gc,start      ] GC(8) Concurrent cleanup
[13.930s][info][gc            ] GC(8) Concurrent cleanup 584M->370M(585M) 0.108ms
[13.930s][info][gc,ergo       ] Free: 578M, Max: 256K regular, 364M humongous, Frag: 38% external, 0% internal; Reserve: 51200K, Max: 256K
[13.930s][info][gc,stats      ] 
[13.930s][info][gc,stats      ] All times are wall-clock times, except per-root-class counters, that are sum over
[13.930s][info][gc,stats      ] all workers. Dividing the <total> over the root stage time estimates parallelism.
[13.930s][info][gc,stats      ] 
[13.930s][info][gc,stats      ] Concurrent Reset                    393 us
[13.930s][info][gc,stats      ] Pause Init Mark (G)                3332 us
[13.930s][info][gc,stats      ] Pause Init Mark (N)                1134 us
[13.930s][info][gc,stats      ]   Accumulate Stats                    7 us
[13.930s][info][gc,stats      ]   Make Parsable                       6 us
[13.930s][info][gc,stats      ]   Update Region States               58 us
[13.930s][info][gc,stats      ]   Scan Roots                       1012 us, parallelism: 0.75x
[13.930s][info][gc,stats      ]     S: <total>                      760 us
[13.930s][info][gc,stats      ]     S: Thread Roots                 254 us, workers (us): 254, 
[13.930s][info][gc,stats      ]     S: Universe Roots                 3 us, workers (us):   3, 
[13.930s][info][gc,stats      ]     S: JNI Handles Roots              1 us, workers (us):   1, 
[13.930s][info][gc,stats      ]     S: Synchronizer Roots             0 us, workers (us):   0, 
[13.930s][info][gc,stats      ]     S: Management Roots               2 us, workers (us):   2, 
[13.930s][info][gc,stats      ]     S: System Dict Roots             11 us, workers (us):  11, 
[13.930s][info][gc,stats      ]     S: CLDG Roots                   489 us, workers (us): 489, 
[13.930s][info][gc,stats      ]     S: JVMTI Roots                    1 us, workers (us):   1, 
[13.930s][info][gc,stats      ]   Resize TLABs                        6 us
[13.930s][info][gc,stats      ] Concurrent Marking               130035 us
[13.930s][info][gc,stats      ] Pause Final Mark (G)               1838 us
[13.930s][info][gc,stats      ] Pause Final Mark (N)               1755 us
[13.930s][info][gc,stats      ]   Finish Queues                       9 us
[13.930s][info][gc,stats      ]   System Purge                      226 us
[13.930s][info][gc,stats      ]     Weak Roots                      226 us
[13.930s][info][gc,stats      ]   Update Region States               58 us
[13.930s][info][gc,stats      ]   Retire TLABs                        5 us
[13.930s][info][gc,stats      ]   Choose Collection Set             161 us
[13.930s][info][gc,stats      ]   Rebuild Free Set                   12 us
[13.930s][info][gc,stats      ]   Initial Evacuation               1276 us, parallelism: 0.59x
[13.930s][info][gc,stats      ]     E: <total>                      757 us
[13.930s][info][gc,stats      ]     E: Thread Roots                 215 us, workers (us): 215, 
[13.930s][info][gc,stats      ]     E: Code Cache Roots             127 us, workers (us): 127, 
[13.930s][info][gc,stats      ]     E: Universe Roots                 1 us, workers (us):   1, 
[13.930s][info][gc,stats      ]     E: JNI Handles Roots              1 us, workers (us):   1, 
[13.930s][info][gc,stats      ]     E: Synchronizer Roots             0 us, workers (us):   0, 
[13.930s][info][gc,stats      ]     E: Management Roots               1 us, workers (us):   1, 
[13.930s][info][gc,stats      ]     E: System Dict Roots              9 us, workers (us):   9, 
[13.930s][info][gc,stats      ]     E: CLDG Roots                   403 us, workers (us): 403, 
[13.930s][info][gc,stats      ]     E: JVMTI Roots                    0 us, workers (us):   0, 
[13.930s][info][gc,stats      ] Concurrent Cleanup                   82 us
[13.930s][info][gc,stats      ] Concurrent Evacuation             47527 us
[13.930s][info][gc,stats      ] Pause Init  Update Refs (G)        2206 us
[13.930s][info][gc,stats      ] Pause Init  Update Refs (N)          12 us
[13.930s][info][gc,stats      ]   Retire GCLABs                       4 us
[13.930s][info][gc,stats      ] Concurrent Update Refs           228303 us
[13.930s][info][gc,stats      ] Pause Final Update Refs (G)        2459 us
[13.930s][info][gc,stats      ] Pause Final Update Refs (N)         302 us
[13.930s][info][gc,stats      ]   Update Roots                      215 us, parallelism: 0.97x
[13.930s][info][gc,stats      ]     UR: <total>                     207 us
[13.930s][info][gc,stats      ]     UR: Thread Roots                207 us, workers (us): 207, 
[13.930s][info][gc,stats      ]   Update Region States               63 us
[13.930s][info][gc,stats      ]   Trash Collection Set                5 us
[13.930s][info][gc,stats      ]   Rebuild Free Set                   12 us
[13.930s][info][gc,stats      ] Concurrent Cleanup                  101 us
[13.930s][info][gc,stats      ] 
[13.930s][info][gc,stats      ] Allocation pacing accrued:
[13.930s][info][gc,stats      ]       0 of   418 ms (  0.0%): <total>
[13.930s][info][gc,stats      ]       0 of   418 ms (  0.0%): <average total>
[13.930s][info][gc,stats      ] 
[13.930s][info][gc,metaspace  ] Metaspace: 55113K->55129K(1097728K)
[13.930s][info][gc,ergo       ] Pacer for Idle. Initial: 20480K, Alloc Tax Rate: 1.0x
[13.931s][info][gc            ] Trigger: Learning 5 of 5. Free (576M) is below initial threshold (700M)
[13.931s][info][gc,ergo       ] Free: 576M, Max: 256K regular, 364M humongous, Frag: 37% external, 0% internal; Reserve: 51200K, Max: 256K
[13.931s][info][gc,start      ] GC(9) Concurrent reset
[13.931s][info][gc,task       ] GC(9) Using 1 of 1 workers for concurrent reset
[13.931s][info][gc,ergo       ] GC(9) Pacer for Reset. Non-Taxable: 1000M
[13.932s][info][gc            ] GC(9) Concurrent reset 0.467ms
[13.934s][info][gc,start      ] GC(9) Pause Init Mark
[13.934s][info][gc,task       ] GC(9) Using 1 of 1 workers for init marking
[13.935s][info][gc,ergo       ] GC(9) Pacer for Mark. Expected Live: 63539K, Free: 576M, Non-Taxable: 58996K, Alloc Tax Rate: 0.1x
[13.935s][info][gc            ] GC(9) Pause Init Mark 1.669ms
[13.935s][info][gc,start      ] GC(9) Concurrent marking
[13.935s][info][gc,task       ] GC(9) Using 1 of 1 workers for concurrent marking
[14.118s][info][gc            ] GC(9) Concurrent marking 183.003ms
[14.119s][info][gc,start      ] GC(9) Pause Final Mark
[14.119s][info][gc,task       ] GC(9) Using 1 of 1 workers for final marking
[14.119s][info][gc,ergo       ] GC(9) Adaptive CSet Selection. Target Free: 141M, Actual Free: 499M, Max CSet: 42666K, Min Garbage: 0B
[14.119s][info][gc,ergo       ] GC(9) Collectable Garbage: 270M (99%), Immediate: 0B (0%), CSet: 270M (99%)
[14.120s][info][gc,ergo       ] GC(9) Pacer for Evacuation. Used CSet: 295M, Free: 449M, Non-Taxable: 46054K, Alloc Tax Rate: 1.6x
[14.120s][info][gc            ] GC(9) Pause Final Mark 1.946ms
[14.123s][info][gc,start      ] GC(9) Concurrent cleanup
[14.123s][info][gc            ] GC(9) Concurrent cleanup 502M->502M(586M) 0.096ms
[14.123s][info][gc,ergo       ] GC(9) Free: 446M, Max: 256K regular, 364M humongous, Frag: 19% external, 0% internal; Reserve: 51197K, Max: 256K
[14.123s][info][gc,start      ] GC(9) Concurrent evacuation
[14.123s][info][gc,task       ] GC(9) Using 1 of 1 workers for concurrent evacuation
[14.199s][info][gc            ] GC(9) Concurrent evacuation 76.335ms
[14.201s][info][gc,start      ] GC(9) Pause Init Update Refs
[14.201s][info][gc,ergo       ] GC(9) Pacer for Update Refs. Used: 592M, Free: 381M, Non-Taxable: 39049K, Alloc Tax Rate: 1.9x
[14.201s][info][gc            ] GC(9) Pause Init Update Refs 0.023ms
[14.201s][info][gc,start      ] GC(9) Concurrent update references
[14.201s][info][gc,task       ] GC(9) Using 1 of 1 workers for concurrent reference update
[14.479s][info][gc            ] GC(9) Concurrent update references 278.126ms
[14.482s][info][gc,start      ] GC(9) Pause Final Update Refs
[14.482s][info][gc,task       ] GC(9) Using 1 of 1 workers for final reference update
[14.482s][info][gc            ] GC(9) Pause Final Update Refs 0.318ms
[14.482s][info][gc,start      ] GC(9) Concurrent cleanup
[14.482s][info][gc            ] GC(9) Concurrent cleanup 749M->453M(751M) 0.117ms
[14.482s][info][gc,ergo       ] Free: 494M, Max: 256K regular, 199M humongous, Frag: 60% external, 0% internal; Reserve: 51200K, Max: 256K
[14.482s][info][gc,stats      ] 
[14.482s][info][gc,stats      ] All times are wall-clock times, except per-root-class counters, that are sum over
[14.482s][info][gc,stats      ] all workers. Dividing the <total> over the root stage time estimates parallelism.
[14.482s][info][gc,stats      ] 
[14.482s][info][gc,stats      ] Concurrent Reset                    460 us
[14.482s][info][gc,stats      ] Pause Init Mark (G)                3840 us
[14.482s][info][gc,stats      ] Pause Init Mark (N)                1627 us
[14.482s][info][gc,stats      ]   Accumulate Stats                    8 us
[14.482s][info][gc,stats      ]   Make Parsable                       8 us
[14.482s][info][gc,stats      ]   Update Region States               91 us
[14.482s][info][gc,stats      ]   Scan Roots                       1468 us, parallelism: 0.77x
[14.482s][info][gc,stats      ]     S: <total>                     1125 us
[14.482s][info][gc,stats      ]     S: Thread Roots                 349 us, workers (us): 349, 
[14.482s][info][gc,stats      ]     S: Universe Roots                 4 us, workers (us):   4, 
[14.482s][info][gc,stats      ]     S: JNI Handles Roots              2 us, workers (us):   2, 
[14.482s][info][gc,stats      ]     S: Synchronizer Roots             0 us, workers (us):   0, 
[14.482s][info][gc,stats      ]     S: Management Roots               2 us, workers (us):   2, 
[14.482s][info][gc,stats      ]     S: System Dict Roots             15 us, workers (us):  15, 
[14.482s][info][gc,stats      ]     S: CLDG Roots                   752 us, workers (us): 752, 
[14.482s][info][gc,stats      ]     S: JVMTI Roots                    1 us, workers (us):   1, 
[14.482s][info][gc,stats      ]   Resize TLABs                        5 us
[14.482s][info][gc,stats      ] Concurrent Marking               182988 us
[14.482s][info][gc,stats      ] Pause Final Mark (G)               4121 us
[14.482s][info][gc,stats      ] Pause Final Mark (N)               1936 us
[14.482s][info][gc,stats      ]   Finish Queues                      10 us
[14.482s][info][gc,stats      ]   System Purge                      303 us
[14.482s][info][gc,stats      ]     Weak Roots                      303 us
[14.482s][info][gc,stats      ]   Update Region States               57 us
[14.482s][info][gc,stats      ]   Retire TLABs                        7 us
[14.482s][info][gc,stats      ]   Choose Collection Set             207 us
[14.482s][info][gc,stats      ]   Rebuild Free Set                   11 us
[14.482s][info][gc,stats      ]   Initial Evacuation               1333 us, parallelism: 0.58x
[14.482s][info][gc,stats      ]     E: <total>                      777 us
[14.482s][info][gc,stats      ]     E: Thread Roots                 210 us, workers (us): 210, 
[14.482s][info][gc,stats      ]     E: Code Cache Roots             139 us, workers (us): 139, 
[14.482s][info][gc,stats      ]     E: Universe Roots                 1 us, workers (us):   1, 
[14.482s][info][gc,stats      ]     E: JNI Handles Roots              1 us, workers (us):   1, 
[14.482s][info][gc,stats      ]     E: Synchronizer Roots             0 us, workers (us):   0, 
[14.482s][info][gc,stats      ]     E: Management Roots               2 us, workers (us):   2, 
[14.482s][info][gc,stats      ]     E: System Dict Roots              9 us, workers (us):   9, 
[14.482s][info][gc,stats      ]     E: CLDG Roots                   414 us, workers (us): 414, 
[14.482s][info][gc,stats      ]     E: JVMTI Roots                    0 us, workers (us):   0, 
[14.482s][info][gc,stats      ] Concurrent Cleanup                   67 us
[14.482s][info][gc,stats      ] Concurrent Evacuation             76326 us
[14.482s][info][gc,stats      ] Pause Init  Update Refs (G)        2083 us
[14.482s][info][gc,stats      ] Pause Init  Update Refs (N)          10 us
[14.482s][info][gc,stats      ]   Retire GCLABs                       3 us
[14.482s][info][gc,stats      ] Concurrent Update Refs           278112 us
[14.482s][info][gc,stats      ] Pause Final Update Refs (G)        2458 us
[14.482s][info][gc,stats      ] Pause Final Update Refs (N)         292 us
[14.482s][info][gc,stats      ]   Update Roots                      205 us, parallelism: 0.96x
[14.482s][info][gc,stats      ]     UR: <total>                     197 us
[14.482s][info][gc,stats      ]     UR: Thread Roots                197 us, workers (us): 197, 
[14.482s][info][gc,stats      ]   Update Region States               60 us
[14.482s][info][gc,stats      ]   Trash Collection Set                6 us
[14.482s][info][gc,stats      ]   Rebuild Free Set                   13 us
[14.482s][info][gc,stats      ] Concurrent Cleanup                  110 us
[14.482s][info][gc,stats      ] Pacing                            13961 us
[14.482s][info][gc,stats      ] 
[14.482s][info][gc,stats      ] Allocation pacing accrued:
[14.482s][info][gc,stats      ]      14 of   553 ms (  2.5%): Executor task launch worker for task 0.0 in stage 0.0 (TID 0)
[14.482s][info][gc,stats      ]      14 of   553 ms (  2.5%): <total>
[14.482s][info][gc,stats      ]       0 of   553 ms (  0.1%): <average total>
[14.482s][info][gc,stats      ]      14 of   553 ms (  2.5%): <average non-zero>
[14.482s][info][gc,stats      ] 
[14.482s][info][gc,metaspace  ] Metaspace: 55129K->55129K(1097728K)
[14.482s][info][gc,ergo       ] Pacer for Idle. Initial: 20480K, Alloc Tax Rate: 1.0x
[14.569s][info][gc            ] Trigger: Average GC time (351.44 ms) is above the time for allocation rate (807 MB/s) to deplete free headroom (281M)
[14.569s][info][gc,ergo       ] Free headroom: 331M (free) - 51200K (spike) - 0B (penalties) = 281M
[14.569s][info][gc,ergo       ] Free: 331M, Max: 256K regular, 199M humongous, Frag: 40% external, 0% internal; Reserve: 51200K, Max: 256K
[14.569s][info][gc,start      ] GC(10) Concurrent reset
[14.569s][info][gc,task       ] GC(10) Using 1 of 1 workers for concurrent reset
[14.569s][info][gc,ergo       ] GC(10) Pacer for Reset. Non-Taxable: 1000M
[14.570s][info][gc            ] GC(10) Concurrent reset 0.617ms
[14.572s][info][gc,start      ] GC(10) Pause Init Mark (process weakrefs)
[14.572s][info][gc,task       ] GC(10) Using 1 of 1 workers for init marking
[14.573s][info][gc,ergo       ] GC(10) Pacer for Mark. Expected Live: 59531K, Free: 331M, Non-Taxable: 33955K, Alloc Tax Rate: 0.2x
[14.574s][info][gc            ] GC(10) Pause Init Mark (process weakrefs) 1.532ms
[14.574s][info][gc,start      ] GC(10) Concurrent marking (process weakrefs)
[14.574s][info][gc,task       ] GC(10) Using 1 of 1 workers for concurrent marking
[14.788s][info][gc            ] GC(10) Concurrent marking (process weakrefs) 214.627ms
[14.788s][info][gc,start      ] GC(10) Concurrent precleaning
[14.788s][info][gc,task       ] GC(10) Using 1 of 1 workers for concurrent preclean
[14.788s][info][gc,ergo       ] GC(10) Pacer for Precleaning. Non-Taxable: 1000M
[14.789s][info][gc            ] GC(10) Concurrent precleaning 0.434ms
[14.789s][info][gc,start      ] GC(10) Pause Final Mark (process weakrefs)
[14.789s][info][gc,task       ] GC(10) Using 1 of 1 workers for final marking
[14.789s][info][gc,ergo       ] GC(10) Adaptive CSet Selection. Target Free: 141M, Actual Free: 290M, Max CSet: 42666K, Min Garbage: 0B
[14.789s][info][gc,ergo       ] GC(10) Collectable Garbage: 454M (96%), Immediate: 4096K (0%), CSet: 450M (95%)
[14.791s][info][gc,ergo       ] GC(10) Pacer for Evacuation. Used CSet: 492M, Free: 241M, Non-Taxable: 24700K, Alloc Tax Rate: 5.0x
[14.791s][info][gc            ] GC(10) Pause Final Mark (process weakrefs) 2.047ms
[14.795s][info][gc,start      ] GC(10) Concurrent cleanup
[14.795s][info][gc            ] GC(10) Concurrent cleanup 714M->714M(751M) 0.092ms
[14.795s][info][gc,ergo       ] GC(10) Free: 234M, Max: 256K regular, 199M humongous, Frag: 15% external, 0% internal; Reserve: 51197K, Max: 256K
[14.795s][info][gc,start      ] GC(10) Concurrent evacuation
[14.795s][info][gc,task       ] GC(10) Using 1 of 1 workers for concurrent evacuation
[14.902s][info][gc            ] GC(10) Concurrent evacuation 107.276ms
[14.905s][info][gc,start      ] GC(10) Pause Init Update Refs
[14.905s][info][gc,ergo       ] GC(10) Pacer for Update Refs. Used: 826M, Free: 164M, Non-Taxable: 16805K, Alloc Tax Rate: 6.2x
[14.905s][info][gc            ] GC(10) Pause Init Update Refs 0.034ms
[14.905s][info][gc,start      ] GC(10) Concurrent update references
[14.905s][info][gc,task       ] GC(10) Using 1 of 1 workers for concurrent reference update
[15.405s][info][gc            ] GC(10) Concurrent update references 500.092ms
[15.408s][info][gc,start      ] GC(10) Pause Final Update Refs
[15.408s][info][gc,task       ] GC(10) Using 1 of 1 workers for final reference update
[15.408s][info][gc            ] GC(10) Pause Final Update Refs 0.534ms
[15.408s][info][gc,start      ] GC(10) Concurrent cleanup
[15.408s][info][gc            ] GC(10) Concurrent cleanup 920M->427M(921M) 0.153ms
[15.408s][info][gc,ergo       ] Free: 520M, Max: 256K regular, 46336K humongous, Frag: 92% external, 0% internal; Reserve: 51200K, Max: 256K
[15.408s][info][gc,stats      ] 
[15.408s][info][gc,stats      ] All times are wall-clock times, except per-root-class counters, that are sum over
[15.408s][info][gc,stats      ] all workers. Dividing the <total> over the root stage time estimates parallelism.
[15.408s][info][gc,stats      ] 
[15.408s][info][gc,stats      ] Concurrent Reset                    606 us
[15.408s][info][gc,stats      ] Pause Init Mark (G)                3710 us
[15.408s][info][gc,stats      ] Pause Init Mark (N)                1486 us
[15.408s][info][gc,stats      ]   Accumulate Stats                    9 us
[15.408s][info][gc,stats      ]   Make Parsable                       9 us
[15.408s][info][gc,stats      ]   Update Region States               62 us
[15.408s][info][gc,stats      ]   Scan Roots                       1329 us, parallelism: 0.79x
[15.408s][info][gc,stats      ]     S: <total>                     1048 us
[15.408s][info][gc,stats      ]     S: Thread Roots                 507 us, workers (us): 507, 
[15.408s][info][gc,stats      ]     S: Universe Roots                 3 us, workers (us):   3, 
[15.408s][info][gc,stats      ]     S: JNI Handles Roots              2 us, workers (us):   2, 
[15.408s][info][gc,stats      ]     S: Synchronizer Roots             0 us, workers (us):   0, 
[15.408s][info][gc,stats      ]     S: Management Roots               2 us, workers (us):   2, 
[15.408s][info][gc,stats      ]     S: System Dict Roots             13 us, workers (us):  13, 
[15.408s][info][gc,stats      ]     S: CLDG Roots                   521 us, workers (us): 521, 
[15.408s][info][gc,stats      ]     S: JVMTI Roots                    0 us, workers (us):   0, 
[15.408s][info][gc,stats      ]   Resize TLABs                        6 us
[15.408s][info][gc,stats      ] Concurrent Marking               214617 us
[15.408s][info][gc,stats      ] Concurrent Precleaning              420 us
[15.408s][info][gc,stats      ] Pause Final Mark (G)               6092 us
[15.408s][info][gc,stats      ] Pause Final Mark (N)               2038 us
[15.408s][info][gc,stats      ]   Finish Queues                       9 us
[15.408s][info][gc,stats      ]   Weak References                    53 us
[15.408s][info][gc,stats      ]     Process                          51 us
[15.408s][info][gc,stats      ]   System Purge                      259 us
[15.408s][info][gc,stats      ]     Weak Roots                      259 us
[15.408s][info][gc,stats      ]   Update Region States               59 us
[15.409s][info][gc,stats      ]   Retire TLABs                        8 us
[15.409s][info][gc,stats      ]   Choose Collection Set             298 us
[15.409s][info][gc,stats      ]   Rebuild Free Set                   12 us
[15.409s][info][gc,stats      ]   Initial Evacuation               1337 us, parallelism: 0.58x
[15.409s][info][gc,stats      ]     E: <total>                      770 us
[15.409s][info][gc,stats      ]     E: Thread Roots                 211 us, workers (us): 211, 
[15.409s][info][gc,stats      ]     E: Code Cache Roots             139 us, workers (us): 139, 
[15.409s][info][gc,stats      ]     E: Universe Roots                 1 us, workers (us):   1, 
[15.409s][info][gc,stats      ]     E: JNI Handles Roots              1 us, workers (us):   1, 
[15.409s][info][gc,stats      ]     E: Synchronizer Roots             0 us, workers (us):   0, 
[15.409s][info][gc,stats      ]     E: Management Roots               2 us, workers (us):   2, 
[15.409s][info][gc,stats      ]     E: System Dict Roots              9 us, workers (us):   9, 
[15.409s][info][gc,stats      ]     E: CLDG Roots                   407 us, workers (us): 407, 
[15.409s][info][gc,stats      ]     E: JVMTI Roots                    0 us, workers (us):   0, 
[15.409s][info][gc,stats      ] Concurrent Cleanup                   66 us
[15.409s][info][gc,stats      ] Concurrent Evacuation            107263 us
[15.409s][info][gc,stats      ] Pause Init  Update Refs (G)        2121 us
[15.409s][info][gc,stats      ] Pause Init  Update Refs (N)          11 us
[15.409s][info][gc,stats      ]   Retire GCLABs                       4 us
[15.409s][info][gc,stats      ] Concurrent Update Refs           500078 us
[15.409s][info][gc,stats      ] Pause Final Update Refs (G)        3230 us
[15.409s][info][gc,stats      ] Pause Final Update Refs (N)         449 us
[15.409s][info][gc,stats      ]   Update Roots                      351 us, parallelism: 0.98x
[15.409s][info][gc,stats      ]     UR: <total>                     342 us
[15.409s][info][gc,stats      ]     UR: Thread Roots                342 us, workers (us): 342, 
[15.409s][info][gc,stats      ]   Update Region States               62 us
[15.409s][info][gc,stats      ]   Trash Collection Set                9 us
[15.409s][info][gc,stats      ]   Rebuild Free Set                   13 us
[15.409s][info][gc,stats      ] Concurrent Cleanup                  145 us
[15.409s][info][gc,stats      ] Pacing                            76401 us
[15.409s][info][gc,stats      ] 
[15.409s][info][gc,stats      ] Allocation pacing accrued:
[15.409s][info][gc,stats      ]      76 of   926 ms (  8.2%): Executor task launch worker for task 0.0 in stage 0.0 (TID 0)
[15.409s][info][gc,stats      ]      76 of   926 ms (  8.2%): <total>
[15.409s][info][gc,stats      ]       2 of   926 ms (  0.2%): <average total>
[15.409s][info][gc,stats      ]      76 of   926 ms (  8.2%): <average non-zero>
[15.409s][info][gc,stats      ] 
[15.409s][info][gc,metaspace  ] Metaspace: 55130K->56109K(1099776K)
[15.409s][info][gc,ergo       ] Pacer for Idle. Initial: 20480K, Alloc Tax Rate: 1.0x
[16.364s][info][gc            ] Trigger: Average GC time (503.38 ms) is above the time for allocation rate (321 MB/s) to deplete free headroom (160M)
[16.365s][info][gc,ergo       ] Free headroom: 210M (free) - 51200K (spike) - 0B (penalties) = 160M
[16.365s][info][gc,ergo       ] Free: 210M, Max: 256K regular, 46336K humongous, Frag: 79% external, 1% internal; Reserve: 51200K, Max: 256K
[16.365s][info][gc,start      ] GC(11) Concurrent reset
[16.365s][info][gc,task       ] GC(11) Using 1 of 1 workers for concurrent reset
[16.365s][info][gc,ergo       ] GC(11) Pacer for Reset. Non-Taxable: 1000M
[16.366s][info][gc            ] GC(11) Concurrent reset 1.204ms
[16.368s][info][gc,start      ] GC(11) Pause Init Mark
[16.368s][info][gc,task       ] GC(11) Using 1 of 1 workers for init marking
[16.369s][info][gc,ergo       ] GC(11) Pacer for Mark. Expected Live: 85443K, Free: 210M, Non-Taxable: 21505K, Alloc Tax Rate: 0.5x
[16.369s][info][gc            ] GC(11) Pause Init Mark 1.326ms
[16.369s][info][gc,start      ] GC(11) Concurrent marking
[16.369s][info][gc,task       ] GC(11) Using 1 of 1 workers for concurrent marking
[16.574s][info][gc            ] GC(11) Concurrent marking 204.991ms
[16.580s][info][gc,start      ] GC(11) Pause Final Mark
[16.580s][info][gc,task       ] GC(11) Using 1 of 1 workers for final marking
[16.581s][info][gc,ergo       ] GC(11) Adaptive CSet Selection. Target Free: 141M, Actual Free: 514M, Max CSet: 42666K, Min Garbage: 0B
[16.581s][info][gc,ergo       ] GC(11) Collectable Garbage: 567M (99%), Immediate: 306M (53%), CSet: 261M (45%)
[16.583s][info][gc,ergo       ] GC(11) Pacer for Evacuation. Used CSet: 285M, Free: 466M, Non-Taxable: 47744K, Alloc Tax Rate: 1.5x
[16.583s][info][gc            ] GC(11) Pause Final Mark 2.499ms
[16.583s][info][gc,start      ] GC(11) Concurrent cleanup
[16.583s][info][gc            ] GC(11) Concurrent cleanup 789M->482M(921M) 0.129ms
[16.583s][info][gc,ergo       ] GC(11) Free: 466M, Max: 256K regular, 46336K humongous, Frag: 91% external, 0% internal; Reserve: 51073K, Max: 256K
[16.583s][info][gc,start      ] GC(11) Concurrent evacuation
[16.583s][info][gc,task       ] GC(11) Using 1 of 1 workers for concurrent evacuation
[16.650s][info][gc            ] GC(11) Concurrent evacuation 66.863ms
[16.652s][info][gc,start      ] GC(11) Pause Init Update Refs
[16.652s][info][gc,ergo       ] GC(11) Pacer for Update Refs. Used: 554M, Free: 418M, Non-Taxable: 42828K, Alloc Tax Rate: 1.6x
[16.652s][info][gc            ] GC(11) Pause Init Update Refs 0.027ms
[16.652s][info][gc,start      ] GC(11) Concurrent update references
[16.652s][info][gc,task       ] GC(11) Using 1 of 1 workers for concurrent reference update
[16.957s][info][gc            ] GC(11) Concurrent update references 304.720ms
[16.961s][info][gc,start      ] GC(11) Pause Final Update Refs
[16.961s][info][gc,task       ] GC(11) Using 1 of 1 workers for final reference update
[16.961s][info][gc            ] GC(11) Pause Final Update Refs 0.620ms
[16.961s][info][gc,start      ] GC(11) Concurrent cleanup
[16.962s][info][gc            ] GC(11) Concurrent cleanup 750M->464M(946M) 0.135ms
[16.962s][info][gc,ergo       ] Free: 484M, Max: 256K regular, 344M humongous, Frag: 29% external, 0% internal; Reserve: 51200K, Max: 256K
[16.962s][info][gc,stats      ] 
[16.962s][info][gc,stats      ] All times are wall-clock times, except per-root-class counters, that are sum over
[16.962s][info][gc,stats      ] all workers. Dividing the <total> over the root stage time estimates parallelism.
[16.962s][info][gc,stats      ] 
[16.962s][info][gc,stats      ] Concurrent Reset                   1189 us
[16.962s][info][gc,stats      ] Pause Init Mark (G)                3614 us
[16.962s][info][gc,stats      ] Pause Init Mark (N)                1304 us
[16.962s][info][gc,stats      ]   Accumulate Stats                    8 us
[16.962s][info][gc,stats      ]   Make Parsable                      10 us
[16.962s][info][gc,stats      ]   Update Region States               47 us
[16.962s][info][gc,stats      ]   Scan Roots                       1198 us, parallelism: 0.78x
[16.962s][info][gc,stats      ]     S: <total>                      933 us
[16.962s][info][gc,stats      ]     S: Thread Roots                 324 us, workers (us): 324, 
[16.962s][info][gc,stats      ]     S: Universe Roots                 3 us, workers (us):   3, 
[16.962s][info][gc,stats      ]     S: JNI Handles Roots              1 us, workers (us):   1, 
[16.962s][info][gc,stats      ]     S: Synchronizer Roots             0 us, workers (us):   0, 
[16.962s][info][gc,stats      ]     S: Management Roots               1 us, workers (us):   1, 
[16.962s][info][gc,stats      ]     S: System Dict Roots             24 us, workers (us):  24, 
[16.962s][info][gc,stats      ]     S: CLDG Roots                   580 us, workers (us): 580, 
[16.962s][info][gc,stats      ]     S: JVMTI Roots                    0 us, workers (us):   0, 
[16.962s][info][gc,stats      ]   Resize TLABs                        5 us
[16.962s][info][gc,stats      ] Concurrent Marking               204981 us
[16.962s][info][gc,stats      ] Pause Final Mark (G)               4608 us
[16.962s][info][gc,stats      ] Pause Final Mark (N)               2447 us
[16.962s][info][gc,stats      ]   Finish Queues                      17 us
[16.962s][info][gc,stats      ]   System Purge                      258 us
[16.962s][info][gc,stats      ]     Weak Roots                      258 us
[16.962s][info][gc,stats      ]   Update Region States               65 us
[16.962s][info][gc,stats      ]   Retire TLABs                        7 us
[16.962s][info][gc,stats      ]   Choose Collection Set             206 us
[16.962s][info][gc,stats      ]   Rebuild Free Set                   13 us
[16.962s][info][gc,stats      ]   Initial Evacuation               1872 us, parallelism: 0.57x
[16.962s][info][gc,stats      ]     E: <total>                     1065 us
[16.962s][info][gc,stats      ]     E: Thread Roots                 240 us, workers (us): 240, 
[16.962s][info][gc,stats      ]     E: Code Cache Roots             211 us, workers (us): 211, 
[16.962s][info][gc,stats      ]     E: Universe Roots                 1 us, workers (us):   1, 
[16.962s][info][gc,stats      ]     E: JNI Handles Roots              1 us, workers (us):   1, 
[16.962s][info][gc,stats      ]     E: Synchronizer Roots             0 us, workers (us):   0, 
[16.962s][info][gc,stats      ]     E: Management Roots               2 us, workers (us):   2, 
[16.962s][info][gc,stats      ]     E: System Dict Roots             30 us, workers (us):  30, 
[16.962s][info][gc,stats      ]     E: CLDG Roots                   579 us, workers (us): 579, 
[16.962s][info][gc,stats      ]     E: JVMTI Roots                    1 us, workers (us):   1, 
[16.962s][info][gc,stats      ] Concurrent Cleanup                  120 us
[16.962s][info][gc,stats      ] Concurrent Evacuation             66852 us
[16.962s][info][gc,stats      ] Pause Init  Update Refs (G)        2096 us
[16.962s][info][gc,stats      ] Pause Init  Update Refs (N)          11 us
[16.962s][info][gc,stats      ]   Retire GCLABs                       4 us
[16.962s][info][gc,stats      ] Concurrent Update Refs           304706 us
[16.962s][info][gc,stats      ] Pause Final Update Refs (G)        4683 us
[16.962s][info][gc,stats      ] Pause Final Update Refs (N)         547 us
[16.962s][info][gc,stats      ]   Update Roots                      440 us, parallelism: 0.96x
[16.962s][info][gc,stats      ]     UR: <total>                     424 us
[16.962s][info][gc,stats      ]     UR: Thread Roots                424 us, workers (us): 424, 
[16.962s][info][gc,stats      ]   Update Region States               69 us
[16.962s][info][gc,stats      ]   Trash Collection Set                8 us
[16.962s][info][gc,stats      ]   Rebuild Free Set                   16 us
[16.962s][info][gc,stats      ] Concurrent Cleanup                  124 us
[16.962s][info][gc,stats      ] Pacing                           160103 us
[16.962s][info][gc,stats      ] 
[16.962s][info][gc,stats      ] Allocation pacing accrued:
[16.962s][info][gc,stats      ]      13 of  1553 ms (  0.8%): RemoteBlock-temp-file-clean-thread
[16.962s][info][gc,stats      ]     147 of  1553 ms (  9.5%): Executor task launch worker for task 0.0 in stage 1.0 (TID 1)
[16.962s][info][gc,stats      ]     160 of  1553 ms ( 10.3%): <total>
[16.962s][info][gc,stats      ]       3 of  1553 ms (  0.2%): <average total>
[16.962s][info][gc,stats      ]      80 of  1553 ms (  5.2%): <average non-zero>
[16.962s][info][gc,stats      ] 
[16.962s][info][gc,metaspace  ] Metaspace: 57115K->57115K(1099776K)
[16.962s][info][gc,ergo       ] Pacer for Idle. Initial: 20480K, Alloc Tax Rate: 1.0x
[17.020s][info][gc            ] Trigger: Average GC time (554.12 ms) is above the time for allocation rate (607 MB/s) to deplete free headroom (332M)
[17.020s][info][gc,ergo       ] Free headroom: 382M (free) - 51200K (spike) - 0B (penalties) = 332M
[17.020s][info][gc,ergo       ] Free: 382M, Max: 256K regular, 344M humongous, Frag: 10% external, 0% internal; Reserve: 51200K, Max: 256K
[17.020s][info][gc,start      ] GC(12) Concurrent reset
[17.020s][info][gc,task       ] GC(12) Using 1 of 1 workers for concurrent reset
[17.020s][info][gc,ergo       ] GC(12) Pacer for Reset. Non-Taxable: 1000M
[17.021s][info][gc            ] GC(12) Concurrent reset 0.761ms
[17.023s][info][gc,start      ] GC(12) Pause Init Mark
[17.023s][info][gc,task       ] GC(12) Using 1 of 1 workers for init marking
[17.024s][info][gc,ergo       ] GC(12) Pacer for Mark. Expected Live: 109M, Free: 382M, Non-Taxable: 39116K, Alloc Tax Rate: 0.4x
[17.024s][info][gc            ] GC(12) Pause Init Mark 1.155ms
[17.024s][info][gc,start      ] GC(12) Concurrent marking
[17.024s][info][gc,task       ] GC(12) Using 1 of 1 workers for concurrent marking
[17.186s][info][gc            ] GC(12) Concurrent marking 162.377ms
[17.187s][info][gc,start      ] GC(12) Pause Final Mark
[17.187s][info][gc,task       ] GC(12) Using 1 of 1 workers for final marking
[17.187s][info][gc,ergo       ] GC(12) Collectable Garbage: 396M (99%), Immediate: 396M (99%), CSet: 0B (0%)
[17.187s][info][gc            ] GC(12) Pause Final Mark 0.377ms
[17.187s][info][gc,start      ] GC(12) Concurrent cleanup
[17.187s][info][gc            ] GC(12) Concurrent cleanup 637M->240M(946M) 0.144ms
[17.187s][info][gc,ergo       ] GC(12) Free: 708M, Max: 256K regular, 300M humongous, Frag: 58% external, 0% internal; Reserve: 51200K, Max: 256K
[17.187s][info][gc,ergo       ] Free: 708M, Max: 256K regular, 300M humongous, Frag: 58% external, 0% internal; Reserve: 51200K, Max: 256K
[17.187s][info][gc,stats      ] 
[17.187s][info][gc,stats      ] All times are wall-clock times, except per-root-class counters, that are sum over
[17.187s][info][gc,stats      ] all workers. Dividing the <total> over the root stage time estimates parallelism.
[17.187s][info][gc,stats      ] 
[17.187s][info][gc,stats      ] Concurrent Reset                    750 us
[17.187s][info][gc,stats      ] Pause Init Mark (G)                3359 us
[17.187s][info][gc,stats      ] Pause Init Mark (N)                1130 us
[17.187s][info][gc,stats      ]   Accumulate Stats                    6 us
[17.187s][info][gc,stats      ]   Make Parsable                       6 us
[17.187s][info][gc,stats      ]   Update Region States               51 us
[17.187s][info][gc,stats      ]   Scan Roots                       1025 us, parallelism: 0.74x
[17.187s][info][gc,stats      ]     S: <total>                      764 us
[17.187s][info][gc,stats      ]     S: Thread Roots                 223 us, workers (us): 223, 
[17.187s][info][gc,stats      ]     S: Universe Roots                 3 us, workers (us):   3, 
[17.187s][info][gc,stats      ]     S: JNI Handles Roots              1 us, workers (us):   1, 
[17.187s][info][gc,stats      ]     S: Synchronizer Roots             0 us, workers (us):   0, 
[17.187s][info][gc,stats      ]     S: Management Roots               2 us, workers (us):   2, 
[17.187s][info][gc,stats      ]     S: System Dict Roots             24 us, workers (us):  24, 
[17.187s][info][gc,stats      ]     S: CLDG Roots                   510 us, workers (us): 510, 
[17.187s][info][gc,stats      ]     S: JVMTI Roots                    0 us, workers (us):   0, 
[17.187s][info][gc,stats      ]   Resize TLABs                        4 us
[17.187s][info][gc,stats      ] Concurrent Marking               162368 us
[17.187s][info][gc,stats      ] Pause Final Mark (G)                434 us
[17.187s][info][gc,stats      ] Pause Final Mark (N)                361 us
[17.187s][info][gc,stats      ]   Finish Queues                      11 us
[17.187s][info][gc,stats      ]   System Purge                      243 us
[17.187s][info][gc,stats      ]     Weak Roots                      242 us
[17.187s][info][gc,stats      ]   Update Region States               59 us
[17.187s][info][gc,stats      ]   Retire TLABs                        6 us
[17.187s][info][gc,stats      ]   Choose Collection Set              23 us
[17.187s][info][gc,stats      ]   Rebuild Free Set                   12 us
[17.187s][info][gc,stats      ] Concurrent Cleanup                  137 us
[17.187s][info][gc,stats      ] Pacing                            73850 us
[17.187s][info][gc,stats      ] 
[17.187s][info][gc,stats      ] Allocation pacing accrued:
[17.187s][info][gc,stats      ]      74 of   225 ms ( 32.8%): Executor task launch worker for task 0.0 in stage 1.0 (TID 1)
[17.187s][info][gc,stats      ]      74 of   225 ms ( 32.8%): <total>
[17.187s][info][gc,stats      ]       2 of   225 ms (  0.7%): <average total>
[17.187s][info][gc,stats      ]      74 of   225 ms ( 32.8%): <average non-zero>
[17.187s][info][gc,stats      ] 
[17.187s][info][gc,metaspace  ] Metaspace: 57115K->57115K(1099776K)
[17.187s][info][gc,ergo       ] Pacer for Idle. Initial: 20480K, Alloc Tax Rate: 1.0x
[17.351s][info][gc            ] Trigger: Average GC time (514.19 ms) is above the time for allocation rate (864 MB/s) to deplete free headroom (442M)
[17.352s][info][gc,ergo       ] Free headroom: 492M (free) - 51200K (spike) - 0B (penalties) = 442M
[17.352s][info][gc,ergo       ] Free: 492M, Max: 256K regular, 300M humongous, Frag: 39% external, 0% internal; Reserve: 51200K, Max: 256K
[17.352s][info][gc,start      ] GC(13) Concurrent reset
[17.352s][info][gc,task       ] GC(13) Using 1 of 1 workers for concurrent reset
[17.352s][info][gc,ergo       ] GC(13) Pacer for Reset. Non-Taxable: 1000M
[17.352s][info][gc            ] GC(13) Concurrent reset 0.283ms
[17.354s][info][gc,start      ] GC(13) Pause Init Mark
[17.354s][info][gc,task       ] GC(13) Using 1 of 1 workers for init marking
[17.355s][info][gc,ergo       ] GC(13) Pacer for Mark. Expected Live: 131M, Free: 492M, Non-Taxable: 50406K, Alloc Tax Rate: 0.3x
[17.355s][info][gc            ] GC(13) Pause Init Mark 1.209ms
[17.355s][info][gc,start      ] GC(13) Concurrent marking
[17.355s][info][gc,task       ] GC(13) Using 1 of 1 workers for concurrent marking
[17.502s][info][gc            ] GC(13) Concurrent marking 147.031ms
[17.503s][info][gc,start      ] GC(13) Pause Final Mark
[17.503s][info][gc,task       ] GC(13) Using 1 of 1 workers for final marking
[17.503s][info][gc,ergo       ] GC(13) Collectable Garbage: 286M (99%), Immediate: 286M (99%), CSet: 0B (0%)
[17.503s][info][gc            ] GC(13) Pause Final Mark 0.495ms
[17.503s][info][gc,start      ] GC(13) Concurrent cleanup
[17.503s][info][gc            ] GC(13) Concurrent cleanup 539M->253M(946M) 0.115ms
[17.503s][info][gc,ergo       ] GC(13) Free: 695M, Max: 256K regular, 469M humongous, Frag: 33% external, 0% internal; Reserve: 51200K, Max: 256K
[17.503s][info][gc,ergo       ] Free: 695M, Max: 256K regular, 469M humongous, Frag: 33% external, 0% internal; Reserve: 51200K, Max: 256K
[17.503s][info][gc,stats      ] 
[17.503s][info][gc,stats      ] All times are wall-clock times, except per-root-class counters, that are sum over
[17.503s][info][gc,stats      ] all workers. Dividing the <total> over the root stage time estimates parallelism.
[17.503s][info][gc,stats      ] 
[17.503s][info][gc,stats      ] Concurrent Reset                    275 us
[17.503s][info][gc,stats      ] Pause Init Mark (G)                3431 us
[17.503s][info][gc,stats      ] Pause Init Mark (N)                1176 us
[17.503s][info][gc,stats      ]   Accumulate Stats                    7 us
[17.503s][info][gc,stats      ]   Make Parsable                       6 us
[17.503s][info][gc,stats      ]   Update Region States               50 us
[17.503s][info][gc,stats      ]   Scan Roots                       1066 us, parallelism: 0.70x
[17.503s][info][gc,stats      ]     S: <total>                      748 us
[17.503s][info][gc,stats      ]     S: Thread Roots                 237 us, workers (us): 237, 
[17.503s][info][gc,stats      ]     S: Universe Roots                 2 us, workers (us):   2, 
[17.503s][info][gc,stats      ]     S: JNI Handles Roots              1 us, workers (us):   1, 
[17.503s][info][gc,stats      ]     S: Synchronizer Roots             0 us, workers (us):   0, 
[17.503s][info][gc,stats      ]     S: Management Roots               2 us, workers (us):   2, 
[17.503s][info][gc,stats      ]     S: System Dict Roots              9 us, workers (us):   9, 
[17.503s][info][gc,stats      ]     S: CLDG Roots                   496 us, workers (us): 496, 
[17.503s][info][gc,stats      ]     S: JVMTI Roots                    1 us, workers (us):   1, 
[17.503s][info][gc,stats      ]   Resize TLABs                        6 us
[17.503s][info][gc,stats      ] Concurrent Marking               147016 us
[17.503s][info][gc,stats      ] Pause Final Mark (G)                563 us
[17.503s][info][gc,stats      ] Pause Final Mark (N)                463 us
[17.503s][info][gc,stats      ]   Finish Queues                      12 us
[17.503s][info][gc,stats      ]   System Purge                      320 us
[17.503s][info][gc,stats      ]     Weak Roots                      319 us
[17.503s][info][gc,stats      ]   Update Region States               64 us
[17.503s][info][gc,stats      ]   Retire TLABs                        8 us
[17.503s][info][gc,stats      ]   Choose Collection Set              34 us
[17.503s][info][gc,stats      ]   Rebuild Free Set                   13 us
[17.503s][info][gc,stats      ] Concurrent Cleanup                  108 us
[17.503s][info][gc,stats      ] Pacing                            72853 us
[17.503s][info][gc,stats      ] 
[17.503s][info][gc,stats      ] Allocation pacing accrued:
[17.503s][info][gc,stats      ]      13 of   316 ms (  4.0%): RemoteBlock-temp-file-clean-thread
[17.503s][info][gc,stats      ]      60 of   316 ms ( 19.0%): Executor task launch worker for task 0.0 in stage 1.0 (TID 1)
[17.503s][info][gc,stats      ]      73 of   316 ms ( 23.1%): <total>
[17.503s][info][gc,stats      ]       1 of   316 ms (  0.5%): <average total>
[17.503s][info][gc,stats      ]      36 of   316 ms ( 11.5%): <average non-zero>
[17.503s][info][gc,stats      ] 
[17.503s][info][gc,metaspace  ] Metaspace: 57115K->57115K(1099776K)
[17.503s][info][gc,ergo       ] Pacer for Idle. Initial: 20480K, Alloc Tax Rate: 1.0x
[17.612s][info][gc            ] Trigger: Average GC time (461.20 ms) is above the time for allocation rate (1012 MB/s) to deplete free headroom (465M)
[17.612s][info][gc,ergo       ] Free headroom: 515M (free) - 51200K (spike) - 0B (penalties) = 465M
[17.612s][info][gc,ergo       ] Free: 515M, Max: 256K regular, 469M humongous, Frag: 9% external, 0% internal; Reserve: 51200K, Max: 256K
[17.612s][info][gc,start      ] GC(14) Concurrent reset
[17.612s][info][gc,task       ] GC(14) Using 1 of 1 workers for concurrent reset
[17.612s][info][gc,ergo       ] GC(14) Pacer for Reset. Non-Taxable: 1000M
[17.613s][info][gc            ] GC(14) Concurrent reset 0.306ms
[17.615s][info][gc,start      ] GC(14) Pause Init Mark
[17.615s][info][gc,task       ] GC(14) Using 1 of 1 workers for init marking
[17.616s][info][gc,ergo       ] GC(14) Pacer for Mark. Expected Live: 150M, Free: 515M, Non-Taxable: 52736K, Alloc Tax Rate: 0.4x
[17.616s][info][gc            ] GC(14) Pause Init Mark 1.153ms
[17.616s][info][gc,start      ] GC(14) Concurrent marking
[17.616s][info][gc,task       ] GC(14) Using 1 of 1 workers for concurrent marking
[17.758s][info][gc            ] GC(14) Concurrent marking 142.220ms
[17.758s][info][gc,start      ] GC(14) Pause Final Mark
[17.758s][info][gc,task       ] GC(14) Using 1 of 1 workers for final marking
[17.759s][info][gc,ergo       ] GC(14) Collectable Garbage: 263M (98%), Immediate: 263M (98%), CSet: 0B (0%)
[17.759s][info][gc            ] GC(14) Pause Final Mark 0.363ms
[17.759s][info][gc,start      ] GC(14) Concurrent cleanup
[17.759s][info][gc            ] GC(14) Concurrent cleanup 516M->252M(946M) 0.183ms
[17.759s][info][gc,ergo       ] GC(14) Free: 696M, Max: 256K regular, 421M humongous, Frag: 40% external, 0% internal; Reserve: 51200K, Max: 256K
[17.759s][info][gc,ergo       ] Free: 696M, Max: 256K regular, 421M humongous, Frag: 40% external, 0% internal; Reserve: 51200K, Max: 256K
[17.759s][info][gc,stats      ] 
[17.759s][info][gc,stats      ] All times are wall-clock times, except per-root-class counters, that are sum over
[17.759s][info][gc,stats      ] all workers. Dividing the <total> over the root stage time estimates parallelism.
[17.759s][info][gc,stats      ] 
[17.759s][info][gc,stats      ] Concurrent Reset                    296 us
[17.759s][info][gc,stats      ] Pause Init Mark (G)                3375 us
[17.759s][info][gc,stats      ] Pause Init Mark (N)                1123 us
[17.759s][info][gc,stats      ]   Accumulate Stats                    7 us
[17.759s][info][gc,stats      ]   Make Parsable                       6 us
[17.759s][info][gc,stats      ]   Update Region States               52 us
[17.759s][info][gc,stats      ]   Scan Roots                       1022 us, parallelism: 0.72x
[17.759s][info][gc,stats      ]     S: <total>                      741 us
[17.759s][info][gc,stats      ]     S: Thread Roots                 218 us, workers (us): 218, 
[17.759s][info][gc,stats      ]     S: Universe Roots                 4 us, workers (us):   4, 
[17.759s][info][gc,stats      ]     S: JNI Handles Roots              2 us, workers (us):   2, 
[17.759s][info][gc,stats      ]     S: Synchronizer Roots             1 us, workers (us):   1, 
[17.759s][info][gc,stats      ]     S: Management Roots               2 us, workers (us):   2, 
[17.759s][info][gc,stats      ]     S: System Dict Roots             11 us, workers (us):  11, 
[17.759s][info][gc,stats      ]     S: CLDG Roots                   503 us, workers (us): 503, 
[17.759s][info][gc,stats      ]     S: JVMTI Roots                    1 us, workers (us):   1, 
[17.759s][info][gc,stats      ]   Resize TLABs                        4 us
[17.759s][info][gc,stats      ] Concurrent Marking               142211 us
[17.759s][info][gc,stats      ] Pause Final Mark (G)                418 us
[17.759s][info][gc,stats      ] Pause Final Mark (N)                354 us
[17.759s][info][gc,stats      ]   Finish Queues                       9 us
[17.759s][info][gc,stats      ]   System Purge                      238 us
[17.759s][info][gc,stats      ]     Weak Roots                      238 us
[17.759s][info][gc,stats      ]   Update Region States               61 us
[17.759s][info][gc,stats      ]   Retire TLABs                        6 us
[17.759s][info][gc,stats      ]   Choose Collection Set              21 us
[17.759s][info][gc,stats      ]   Rebuild Free Set                   12 us
[17.759s][info][gc,stats      ] Concurrent Cleanup                  176 us
[17.759s][info][gc,stats      ] Pacing                            45180 us
[17.759s][info][gc,stats      ] 
[17.759s][info][gc,stats      ] Allocation pacing accrued:
[17.759s][info][gc,stats      ]      45 of   256 ms ( 17.7%): Executor task launch worker for task 0.0 in stage 1.0 (TID 1)
[17.759s][info][gc,stats      ]      45 of   256 ms ( 17.7%): <total>
[17.759s][info][gc,stats      ]       1 of   256 ms (  0.4%): <average total>
[17.759s][info][gc,stats      ]      45 of   256 ms ( 17.7%): <average non-zero>
[17.759s][info][gc,stats      ] 
[17.759s][info][gc,metaspace  ] Metaspace: 57115K->57115K(1099776K)
[17.759s][info][gc,ergo       ] Pacer for Idle. Initial: 20480K, Alloc Tax Rate: 1.0x
[17.900s][info][gc            ] Trigger: Average GC time (380.33 ms) is above the time for allocation rate (1098 MB/s) to deplete free headroom (412M)
[17.901s][info][gc,ergo       ] Free headroom: 462M (free) - 51200K (spike) - 0B (penalties) = 412M
[17.901s][info][gc,ergo       ] Free: 462M, Max: 256K regular, 421M humongous, Frag: 9% external, 0% internal; Reserve: 51200K, Max: 256K
[17.901s][info][gc,start      ] GC(15) Concurrent reset
[17.901s][info][gc,task       ] GC(15) Using 1 of 1 workers for concurrent reset
[17.901s][info][gc,ergo       ] GC(15) Pacer for Reset. Non-Taxable: 1000M
[17.901s][info][gc            ] GC(15) Concurrent reset 0.288ms
[17.903s][info][gc,start      ] GC(15) Pause Init Mark (process weakrefs)
[17.903s][info][gc,task       ] GC(15) Using 1 of 1 workers for init marking
[17.904s][info][gc,ergo       ] GC(15) Pacer for Mark. Expected Live: 163M, Free: 462M, Non-Taxable: 47360K, Alloc Tax Rate: 0.4x
[17.904s][info][gc            ] GC(15) Pause Init Mark (process weakrefs) 1.183ms
[17.904s][info][gc,start      ] GC(15) Concurrent marking (process weakrefs)
[17.904s][info][gc,task       ] GC(15) Using 1 of 1 workers for concurrent marking
[18.063s][info][gc            ] GC(15) Concurrent marking (process weakrefs) 159.220ms
[18.064s][info][gc,start      ] GC(15) Concurrent precleaning
[18.064s][info][gc,task       ] GC(15) Using 1 of 1 workers for concurrent preclean
[18.064s][info][gc,ergo       ] GC(15) Pacer for Precleaning. Non-Taxable: 1000M
[18.071s][info][gc            ] GC(15) Concurrent precleaning 7.476ms
[18.073s][info][gc,start      ] GC(15) Pause Final Mark (process weakrefs)
[18.073s][info][gc,task       ] GC(15) Using 1 of 1 workers for final marking
[18.074s][info][gc,ergo       ] GC(15) Collectable Garbage: 316M (99%), Immediate: 316M (99%), CSet: 0B (0%)
[18.074s][info][gc            ] GC(15) Pause Final Mark (process weakrefs) 0.479ms
[18.074s][info][gc,start      ] GC(15) Concurrent cleanup
[18.074s][info][gc            ] GC(15) Concurrent cleanup 570M->254M(946M) 0.119ms
[18.074s][info][gc,ergo       ] GC(15) Free: 694M, Max: 256K regular, 367M humongous, Frag: 48% external, 0% internal; Reserve: 51200K, Max: 256K
[18.074s][info][gc,ergo       ] Free: 694M, Max: 256K regular, 367M humongous, Frag: 48% external, 0% internal; Reserve: 51200K, Max: 256K
[18.074s][info][gc,stats      ] 
[18.074s][info][gc,stats      ] All times are wall-clock times, except per-root-class counters, that are sum over
[18.074s][info][gc,stats      ] all workers. Dividing the <total> over the root stage time estimates parallelism.
[18.074s][info][gc,stats      ] 
[18.074s][info][gc,stats      ] Concurrent Reset                    280 us
[18.074s][info][gc,stats      ] Pause Init Mark (G)                3359 us
[18.074s][info][gc,stats      ] Pause Init Mark (N)                1155 us
[18.074s][info][gc,stats      ]   Accumulate Stats                    7 us
[18.074s][info][gc,stats      ]   Make Parsable                       6 us
[18.074s][info][gc,stats      ]   Update Region States               48 us
[18.074s][info][gc,stats      ]   Scan Roots                       1055 us, parallelism: 0.71x
[18.074s][info][gc,stats      ]     S: <total>                      753 us
[18.074s][info][gc,stats      ]     S: Thread Roots                 218 us, workers (us): 218, 
[18.074s][info][gc,stats      ]     S: Universe Roots                 2 us, workers (us):   2, 
[18.074s][info][gc,stats      ]     S: JNI Handles Roots              1 us, workers (us):   1, 
[18.074s][info][gc,stats      ]     S: Synchronizer Roots             0 us, workers (us):   0, 
[18.074s][info][gc,stats      ]     S: Management Roots               2 us, workers (us):   2, 
[18.074s][info][gc,stats      ]     S: System Dict Roots             12 us, workers (us):  12, 
[18.074s][info][gc,stats      ]     S: CLDG Roots                   517 us, workers (us): 517, 
[18.074s][info][gc,stats      ]     S: JVMTI Roots                    1 us, workers (us):   1, 
[18.074s][info][gc,stats      ]   Resize TLABs                        4 us
[18.074s][info][gc,stats      ] Concurrent Marking               159211 us
[18.074s][info][gc,stats      ] Concurrent Precleaning             7458 us
[18.074s][info][gc,stats      ] Pause Final Mark (G)               2623 us
[18.074s][info][gc,stats      ] Pause Final Mark (N)                464 us
[18.074s][info][gc,stats      ]   Finish Queues                      15 us
[18.074s][info][gc,stats      ]   Weak References                    47 us
[18.074s][info][gc,stats      ]     Process                          45 us
[18.074s][info][gc,stats      ]   System Purge                      284 us
[18.074s][info][gc,stats      ]     Weak Roots                      284 us
[18.074s][info][gc,stats      ]   Update Region States               66 us
[18.074s][info][gc,stats      ]   Retire TLABs                        8 us
[18.074s][info][gc,stats      ]   Choose Collection Set              25 us
[18.074s][info][gc,stats      ]   Rebuild Free Set                   12 us
[18.074s][info][gc,stats      ] Concurrent Cleanup                  112 us
[18.074s][info][gc,stats      ] Pacing                            67691 us
[18.074s][info][gc,stats      ] 
[18.074s][info][gc,stats      ] Allocation pacing accrued:
[18.074s][info][gc,stats      ]      68 of   315 ms ( 21.5%): Executor task launch worker for task 0.0 in stage 1.0 (TID 1)
[18.074s][info][gc,stats      ]      68 of   315 ms ( 21.5%): <total>
[18.074s][info][gc,stats      ]       1 of   315 ms (  0.4%): <average total>
[18.074s][info][gc,stats      ]      68 of   315 ms ( 21.5%): <average non-zero>
[18.074s][info][gc,stats      ] 
[18.074s][info][gc,metaspace  ] Metaspace: 57115K->57115K(1099776K)
[18.074s][info][gc,ergo       ] Pacer for Idle. Initial: 20480K, Alloc Tax Rate: 1.0x
[18.457s][info][gc            ] Trigger: Average GC time (247.16 ms) is above the time for allocation rate (912 MB/s) to deplete free headroom (221M)
[18.457s][info][gc,ergo       ] Free headroom: 271M (free) - 51200K (spike) - 0B (penalties) = 221M
[18.457s][info][gc,ergo       ] Free: 271M, Max: 256K regular, 260M humongous, Frag: 5% external, 0% internal; Reserve: 51200K, Max: 256K
[18.457s][info][gc,start      ] GC(16) Concurrent reset
[18.457s][info][gc,task       ] GC(16) Using 1 of 1 workers for concurrent reset
[18.457s][info][gc,ergo       ] GC(16) Pacer for Reset. Non-Taxable: 1000M
[18.457s][info][gc            ] GC(16) Concurrent reset 0.398ms
[18.460s][info][gc,start      ] GC(16) Pause Init Mark
[18.460s][info][gc,task       ] GC(16) Using 1 of 1 workers for init marking
[18.461s][info][gc,ergo       ] GC(16) Pacer for Mark. Expected Live: 167M, Free: 271M, Non-Taxable: 27827K, Alloc Tax Rate: 0.8x
[18.461s][info][gc            ] GC(16) Pause Init Mark 1.416ms
[18.461s][info][gc,start      ] GC(16) Concurrent marking
[18.461s][info][gc,task       ] GC(16) Using 1 of 1 workers for concurrent marking
[18.590s][info][gc            ] GC(16) Concurrent marking 128.231ms
[18.590s][info][gc,start      ] GC(16) Pause Final Mark
[18.590s][info][gc,task       ] GC(16) Using 1 of 1 workers for final marking
[18.590s][info][gc,ergo       ] GC(16) Collectable Garbage: 503M (98%), Immediate: 503M (98%), CSet: 0B (0%)
[18.590s][info][gc            ] GC(16) Pause Final Mark 0.371ms
[18.590s][info][gc,start      ] GC(16) Concurrent cleanup
[18.590s][info][gc            ] GC(16) Concurrent cleanup 719M->216M(946M) 0.193ms
[18.590s][info][gc,ergo       ] GC(16) Free: 733M, Max: 256K regular, 270M humongous, Frag: 64% external, 0% internal; Reserve: 51200K, Max: 256K
[18.590s][info][gc,ergo       ] Free: 733M, Max: 256K regular, 270M humongous, Frag: 64% external, 0% internal; Reserve: 51200K, Max: 256K
[18.590s][info][gc,stats      ] 
[18.590s][info][gc,stats      ] All times are wall-clock times, except per-root-class counters, that are sum over
[18.590s][info][gc,stats      ] all workers. Dividing the <total> over the root stage time estimates parallelism.
[18.590s][info][gc,stats      ] 
[18.590s][info][gc,stats      ] Concurrent Reset                    381 us
[18.590s][info][gc,stats      ] Pause Init Mark (G)                4186 us
[18.590s][info][gc,stats      ] Pause Init Mark (N)                1363 us
[18.590s][info][gc,stats      ]   Accumulate Stats                    8 us
[18.590s][info][gc,stats      ]   Make Parsable                      11 us
[18.590s][info][gc,stats      ]   Update Region States               73 us
[18.590s][info][gc,stats      ]   Scan Roots                       1194 us, parallelism: 0.76x
[18.590s][info][gc,stats      ]     S: <total>                      911 us
[18.590s][info][gc,stats      ]     S: Thread Roots                 304 us, workers (us): 304, 
[18.590s][info][gc,stats      ]     S: Universe Roots                 3 us, workers (us):   3, 
[18.590s][info][gc,stats      ]     S: JNI Handles Roots              2 us, workers (us):   2, 
[18.590s][info][gc,stats      ]     S: Synchronizer Roots             0 us, workers (us):   0, 
[18.590s][info][gc,stats      ]     S: Management Roots               3 us, workers (us):   3, 
[18.590s][info][gc,stats      ]     S: System Dict Roots             14 us, workers (us):  14, 
[18.590s][info][gc,stats      ]     S: CLDG Roots                   585 us, workers (us): 585, 
[18.590s][info][gc,stats      ]     S: JVMTI Roots                    1 us, workers (us):   1, 
[18.590s][info][gc,stats      ]   Resize TLABs                        8 us
[18.590s][info][gc,stats      ] Concurrent Marking               128219 us
[18.590s][info][gc,stats      ] Pause Final Mark (G)                429 us
[18.591s][info][gc,stats      ] Pause Final Mark (N)                361 us
[18.591s][info][gc,stats      ]   Finish Queues                      10 us
[18.591s][info][gc,stats      ]   System Purge                      242 us
[18.591s][info][gc,stats      ]     Weak Roots                      242 us
[18.591s][info][gc,stats      ]   Update Region States               59 us
[18.591s][info][gc,stats      ]   Retire TLABs                        7 us
[18.591s][info][gc,stats      ]   Choose Collection Set              25 us
[18.591s][info][gc,stats      ]   Rebuild Free Set                   12 us
[18.591s][info][gc,stats      ] Concurrent Cleanup                  185 us
[18.591s][info][gc,stats      ] Pacing                            75147 us
[18.591s][info][gc,stats      ] 
[18.591s][info][gc,stats      ] Allocation pacing accrued:
[18.591s][info][gc,stats      ]      13 of   517 ms (  2.5%): Spark Context Cleaner
[18.591s][info][gc,stats      ]      62 of   517 ms ( 12.1%): Executor task launch worker for task 0.0 in stage 1.0 (TID 1)
[18.591s][info][gc,stats      ]      75 of   517 ms ( 14.5%): <total>
[18.591s][info][gc,stats      ]       1 of   517 ms (  0.3%): <average total>
[18.591s][info][gc,stats      ]      38 of   517 ms (  7.3%): <average non-zero>
[18.591s][info][gc,stats      ] 
[18.591s][info][gc,metaspace  ] Metaspace: 57457K->57457K(1099776K)
[18.591s][info][gc,ergo       ] Pacer for Idle. Initial: 20480K, Alloc Tax Rate: 1.0x
[19.018s][info][gc            ] Trigger: Explicit GC request (System.gc())
[19.019s][info][gc,ergo       ] Free: 576M, Max: 256K regular, 270M humongous, Frag: 54% external, 0% internal; Reserve: 51200K, Max: 256K
[19.019s][info][gc,start      ] GC(17) Concurrent reset
[19.019s][info][gc,task       ] GC(17) Using 1 of 1 workers for concurrent reset
[19.019s][info][gc,ergo       ] GC(17) Pacer for Reset. Non-Taxable: 1000M
[19.019s][info][gc            ] GC(17) Concurrent reset 0.336ms
[19.019s][info][gc,start      ] GC(17) Pause Init Mark (process weakrefs) (unload classes)
[19.019s][info][gc,task       ] GC(17) Using 1 of 1 workers for init marking
[19.020s][info][gc,ergo       ] GC(17) Pacer for Mark. Expected Live: 167M, Free: 576M, Non-Taxable: 59059K, Alloc Tax Rate: 0.4x
[19.020s][info][gc            ] GC(17) Pause Init Mark (process weakrefs) (unload classes) 0.732ms
[19.020s][info][gc,start      ] GC(17) Concurrent marking (process weakrefs) (unload classes)
[19.020s][info][gc,task       ] GC(17) Using 1 of 1 workers for concurrent marking
[19.179s][info][gc            ] GC(17) Concurrent marking (process weakrefs) (unload classes) 159.190ms
[19.179s][info][gc,start      ] GC(17) Concurrent precleaning
[19.179s][info][gc,task       ] GC(17) Using 1 of 1 workers for concurrent preclean
[19.179s][info][gc,ergo       ] GC(17) Pacer for Precleaning. Non-Taxable: 1000M
[19.179s][info][gc            ] GC(17) Concurrent precleaning 0.340ms
[19.179s][info][gc,start      ] GC(17) Pause Final Mark (process weakrefs) (unload classes)
[19.179s][info][gc,task       ] GC(17) Using 1 of 1 workers for final marking
[19.201s][info][gc,stringtable] GC(17) Cleaned string and symbol table, strings: 18260 processed, 0 removed, symbols: 131325 processed, 46 removed
[19.201s][info][gc,ergo       ] GC(17) Collectable Garbage: 190M (92%), Immediate: 190M (92%), CSet: 0B (0%)
[19.201s][info][gc            ] GC(17) Pause Final Mark (process weakrefs) (unload classes) 21.521ms
[19.201s][info][gc,start      ] GC(17) Concurrent cleanup
[19.201s][info][gc            ] GC(17) Concurrent cleanup 372M->181M(946M) 0.138ms
[19.201s][info][gc,ergo       ] GC(17) Free: 767M, Max: 256K regular, 608M humongous, Frag: 21% external, 0% internal; Reserve: 51200K, Max: 256K
[19.201s][info][gc,ergo       ] Free: 767M, Max: 256K regular, 608M humongous, Frag: 21% external, 0% internal; Reserve: 51200K, Max: 256K
[19.201s][info][gc,stats      ] 
[19.201s][info][gc,stats      ] All times are wall-clock times, except per-root-class counters, that are sum over
[19.201s][info][gc,stats      ] all workers. Dividing the <total> over the root stage time estimates parallelism.
[19.201s][info][gc,stats      ] 
[19.201s][info][gc,stats      ] Concurrent Reset                    321 us
[19.201s][info][gc,stats      ] Pause Init Mark (G)                 863 us
[19.201s][info][gc,stats      ] Pause Init Mark (N)                 718 us
[19.201s][info][gc,stats      ]   Accumulate Stats                    7 us
[19.201s][info][gc,stats      ]   Make Parsable                       9 us
[19.201s][info][gc,stats      ]   Update Region States               37 us
[19.201s][info][gc,stats      ]   Scan Roots                        639 us, parallelism: 0.49x
[19.201s][info][gc,stats      ]     S: <total>                      311 us
[19.201s][info][gc,stats      ]     S: Thread Roots                 191 us, workers (us): 191, 
[19.201s][info][gc,stats      ]     S: Universe Roots                 2 us, workers (us):   2, 
[19.201s][info][gc,stats      ]     S: JNI Handles Roots              1 us, workers (us):   1, 
[19.201s][info][gc,stats      ]     S: Synchronizer Roots             0 us, workers (us):   0, 
[19.201s][info][gc,stats      ]     S: Management Roots               2 us, workers (us):   2, 
[19.201s][info][gc,stats      ]     S: System Dict Roots             12 us, workers (us):  12, 
[19.201s][info][gc,stats      ]     S: CLDG Roots                   101 us, workers (us): 101, 
[19.201s][info][gc,stats      ]     S: JVMTI Roots                    1 us, workers (us):   1, 
[19.201s][info][gc,stats      ]   Resize TLABs                        3 us
[19.201s][info][gc,stats      ] Concurrent Marking               159182 us
[19.201s][info][gc,stats      ] Concurrent Precleaning              332 us
[19.201s][info][gc,stats      ] Pause Final Mark (G)              21604 us
[19.201s][info][gc,stats      ] Pause Final Mark (N)              21513 us
[19.201s][info][gc,stats      ]   Finish Queues                      41 us
[19.201s][info][gc,stats      ]   Weak References                   127 us
[19.201s][info][gc,stats      ]     Process                         125 us
[19.201s][info][gc,stats      ]   System Purge                      293 us
[19.201s][info][gc,stats      ]     Unload Classes                 1074 us
[19.201s][info][gc,stats      ]     Cleanup                       19554 us, parallelism: 1.00x
[19.201s][info][gc,stats      ]       CU: <total>                 19465 us
[19.201s][info][gc,stats      ]       CU: Code Cache Roots         6257 us, workers (us): 6257, 
[19.201s][info][gc,stats      ]       CU: Code Cache Cleaning      1225 us, workers (us): 1225, 
[19.201s][info][gc,stats      ]       CU: String Table Roots       6243 us, workers (us): 6243, 
[19.201s][info][gc,stats      ]       CU: Resolved Table Roots      131 us, workers (us): 131, 
[19.201s][info][gc,stats      ]       CU: CLDG Roots               5609 us, workers (us): 5609, 
[19.201s][info][gc,stats      ]     Weak Roots                      293 us
[19.201s][info][gc,stats      ]     CLDG                            293 us
[19.201s][info][gc,stats      ]   Update Region States               68 us
[19.201s][info][gc,stats      ]   Retire TLABs                       18 us
[19.201s][info][gc,stats      ]   Choose Collection Set              24 us
[19.201s][info][gc,stats      ]   Rebuild Free Set                   13 us
[19.201s][info][gc,stats      ] Concurrent Cleanup                  128 us
[19.201s][info][gc,stats      ] Pacing                            11829 us
[19.201s][info][gc,stats      ] 
[19.201s][info][gc,stats      ] Allocation pacing accrued:
[19.201s][info][gc,stats      ]      12 of   611 ms (  1.9%): Executor task launch worker for task 0.0 in stage 2.0 (TID 2)
[19.201s][info][gc,stats      ]      12 of   611 ms (  1.9%): <total>
[19.201s][info][gc,stats      ]       0 of   611 ms (  0.0%): <average total>
[19.201s][info][gc,stats      ]      12 of   611 ms (  1.9%): <average non-zero>
[19.201s][info][gc,stats      ] 
[19.201s][info][gc,metaspace  ] Metaspace: 59614K->59116K(1101824K)
[19.201s][info][gc,ergo       ] Pacer for Idle. Initial: 20480K, Alloc Tax Rate: 1.0x
[19.201s][info][gc,start      ] Concurrent uncommit
[19.260s][info][gc            ] Concurrent uncommit 181M->181M(182M) 58.724ms
[19.962s][info][gc            ] Trigger: Learning 2 of 5. Free (699M) is below initial threshold (700M)
[19.963s][info][gc,ergo       ] Free: 699M, Max: 256K regular, 608M humongous, Frag: 14% external, 0% internal; Reserve: 51200K, Max: 256K
[19.963s][info][gc,start      ] GC(18) Concurrent reset
[19.963s][info][gc,task       ] GC(18) Using 1 of 1 workers for concurrent reset
[19.963s][info][gc,ergo       ] GC(18) Pacer for Reset. Non-Taxable: 1000M
[19.963s][info][gc            ] GC(18) Concurrent reset 0.316ms
[19.967s][info][gc,start      ] GC(18) Pause Init Mark
[19.967s][info][gc,task       ] GC(18) Using 1 of 1 workers for init marking
[19.969s][info][gc,ergo       ] GC(18) Pacer for Mark. Expected Live: 167M, Free: 699M, Non-Taxable: 71658K, Alloc Tax Rate: 0.3x
[19.969s][info][gc            ] GC(18) Pause Init Mark 1.470ms
[19.969s][info][gc,start      ] GC(18) Concurrent marking
[19.969s][info][gc,task       ] GC(18) Using 1 of 1 workers for concurrent marking
[20.287s][info][gc            ] GC(18) Concurrent marking 318.232ms
[20.287s][info][gc,start      ] GC(18) Pause Final Mark
[20.287s][info][gc,task       ] GC(18) Using 1 of 1 workers for final marking
[20.288s][info][gc,ergo       ] GC(18) Adaptive CSet Selection. Target Free: 141M, Actual Free: 771M, Max CSet: 42666K, Min Garbage: 0B
[20.288s][info][gc,ergo       ] GC(18) Collectable Garbage: 78179K (97%), Immediate: 45666K (57%), CSet: 32513K (40%)
[20.290s][info][gc,ergo       ] GC(18) Pacer for Evacuation. Used CSet: 36262K, Free: 724M, Non-Taxable: 74188K, Alloc Tax Rate: 1.1x
[20.290s][info][gc            ] GC(18) Pause Final Mark 3.279ms
[20.290s][info][gc,start      ] GC(18) Concurrent cleanup
[20.291s][info][gc            ] GC(18) Concurrent cleanup 269M->224M(274M) 0.085ms
[20.291s][info][gc,ergo       ] GC(18) Free: 724M, Max: 256K regular, 608M humongous, Frag: 16% external, 0% internal; Reserve: 50688K, Max: 256K
[20.291s][info][gc,start      ] GC(18) Concurrent evacuation
[20.291s][info][gc,task       ] GC(18) Using 1 of 1 workers for concurrent evacuation
[20.305s][info][gc            ] GC(18) Concurrent evacuation 14.523ms
[20.309s][info][gc,start      ] GC(18) Pause Init Update Refs
[20.309s][info][gc,ergo       ] GC(18) Pacer for Update Refs. Used: 229M, Free: 722M, Non-Taxable: 74009K, Alloc Tax Rate: 1.1x
[20.309s][info][gc            ] GC(18) Pause Init Update Refs 0.063ms
[20.310s][info][gc,start      ] GC(18) Concurrent update references
[20.310s][info][gc,task       ] GC(18) Using 1 of 1 workers for concurrent reference update
[20.636s][info][gc            ] GC(18) Concurrent update references 326.691ms
[20.639s][info][gc,start      ] GC(18) Pause Final Update Refs
[20.639s][info][gc,task       ] GC(18) Using 1 of 1 workers for final reference update
[20.639s][info][gc            ] GC(18) Pause Final Update Refs 0.457ms
[20.639s][info][gc,start      ] GC(18) Concurrent cleanup
[20.639s][info][gc            ] GC(18) Concurrent cleanup 254M->218M(277M) 0.079ms
[20.639s][info][gc,ergo       ] Free: 730M, Max: 256K regular, 674M humongous, Frag: 8% external, 0% internal; Reserve: 51200K, Max: 256K
[20.639s][info][gc,stats      ] 
[20.639s][info][gc,stats      ] All times are wall-clock times, except per-root-class counters, that are sum over
[20.639s][info][gc,stats      ] all workers. Dividing the <total> over the root stage time estimates parallelism.
[20.639s][info][gc,stats      ] 
[20.639s][info][gc,stats      ] Concurrent Reset                    301 us
[20.639s][info][gc,stats      ] Pause Init Mark (G)                5860 us
[20.639s][info][gc,stats      ] Pause Init Mark (N)                1421 us
[20.639s][info][gc,stats      ]   Accumulate Stats                    9 us
[20.639s][info][gc,stats      ]   Make Parsable                      17 us
[20.639s][info][gc,stats      ]   Update Region States               67 us
[20.639s][info][gc,stats      ]   Scan Roots                       1279 us, parallelism: 0.78x
[20.639s][info][gc,stats      ]     S: <total>                      999 us
[20.639s][info][gc,stats      ]     S: Thread Roots                 343 us, workers (us): 343, 
[20.639s][info][gc,stats      ]     S: Universe Roots                 2 us, workers (us):   2, 
[20.639s][info][gc,stats      ]     S: JNI Handles Roots              2 us, workers (us):   2, 
[20.639s][info][gc,stats      ]     S: Synchronizer Roots             0 us, workers (us):   0, 
[20.639s][info][gc,stats      ]     S: Management Roots               1 us, workers (us):   1, 
[20.639s][info][gc,stats      ]     S: System Dict Roots             25 us, workers (us):  25, 
[20.639s][info][gc,stats      ]     S: CLDG Roots                   625 us, workers (us): 625, 
[20.639s][info][gc,stats      ]     S: JVMTI Roots                    1 us, workers (us):   1, 
[20.639s][info][gc,stats      ]   Resize TLABs                        7 us
[20.639s][info][gc,stats      ] Concurrent Marking               318222 us
[20.639s][info][gc,stats      ] Pause Final Mark (G)               3369 us
[20.639s][info][gc,stats      ] Pause Final Mark (N)               3261 us
[20.639s][info][gc,stats      ]   Finish Queues                      13 us
[20.639s][info][gc,stats      ]   System Purge                      289 us
[20.639s][info][gc,stats      ]     Weak Roots                      289 us
[20.639s][info][gc,stats      ]   Update Region States               67 us
[20.639s][info][gc,stats      ]   Retire TLABs                        9 us
[20.639s][info][gc,stats      ]   Choose Collection Set             103 us
[20.639s][info][gc,stats      ]   Rebuild Free Set                   32 us
[20.639s][info][gc,stats      ]   Initial Evacuation               2741 us, parallelism: 0.59x
[20.639s][info][gc,stats      ]     E: <total>                     1613 us
[20.639s][info][gc,stats      ]     E: Thread Roots                 351 us, workers (us): 351, 
[20.639s][info][gc,stats      ]     E: Code Cache Roots             463 us, workers (us): 463, 
[20.639s][info][gc,stats      ]     E: Universe Roots                 1 us, workers (us):   1, 
[20.639s][info][gc,stats      ]     E: JNI Handles Roots              2 us, workers (us):   2, 
[20.639s][info][gc,stats      ]     E: Synchronizer Roots             0 us, workers (us):   0, 
[20.639s][info][gc,stats      ]     E: Management Roots               1 us, workers (us):   1, 
[20.639s][info][gc,stats      ]     E: System Dict Roots             37 us, workers (us):  37, 
[20.639s][info][gc,stats      ]     E: CLDG Roots                   757 us, workers (us): 757, 
[20.639s][info][gc,stats      ]     E: JVMTI Roots                    0 us, workers (us):   0, 
[20.639s][info][gc,stats      ] Concurrent Cleanup                   77 us
[20.639s][info][gc,stats      ] Concurrent Evacuation             14512 us
[20.639s][info][gc,stats      ] Pause Init  Update Refs (G)        4352 us
[20.639s][info][gc,stats      ] Pause Init  Update Refs (N)          15 us
[20.639s][info][gc,stats      ]   Retire GCLABs                       6 us
[20.639s][info][gc,stats      ] Concurrent Update Refs           326675 us
[20.639s][info][gc,stats      ] Pause Final Update Refs (G)        2742 us
[20.639s][info][gc,stats      ] Pause Final Update Refs (N)         382 us
[20.639s][info][gc,stats      ]   Update Roots                      287 us, parallelism: 0.97x
[20.639s][info][gc,stats      ]     UR: <total>                     277 us
[20.639s][info][gc,stats      ]     UR: Thread Roots                277 us, workers (us): 277, 
[20.639s][info][gc,stats      ]   Update Region States               65 us
[20.639s][info][gc,stats      ]   Trash Collection Set                3 us
[20.639s][info][gc,stats      ]   Rebuild Free Set                   14 us
[20.639s][info][gc,stats      ] Concurrent Cleanup                   71 us
[20.639s][info][gc,stats      ] 
[20.639s][info][gc,stats      ] Allocation pacing accrued:
[20.639s][info][gc,stats      ]       0 of  1438 ms (  0.0%): <total>
[20.639s][info][gc,stats      ]       0 of  1438 ms (  0.0%): <average total>
[20.639s][info][gc,stats      ] 
[20.639s][info][gc,metaspace  ] Metaspace: 60070K->60070K(1103872K)
[20.640s][info][gc,ergo       ] Pacer for Idle. Initial: 20480K, Alloc Tax Rate: 1.0x
[20.740s][info][gc            ] Trigger: Learning 3 of 5. Free (699M) is below initial threshold (700M)
[20.740s][info][gc,ergo       ] Free: 699M, Max: 256K regular, 674M humongous, Frag: 4% external, 0% internal; Reserve: 51200K, Max: 256K
[20.740s][info][gc,start      ] GC(19) Concurrent reset
[20.740s][info][gc,task       ] GC(19) Using 1 of 1 workers for concurrent reset
[20.740s][info][gc,ergo       ] GC(19) Pacer for Reset. Non-Taxable: 1000M
[20.741s][info][gc            ] GC(19) Concurrent reset 0.343ms
[20.743s][info][gc,start      ] GC(19) Pause Init Mark
[20.743s][info][gc,task       ] GC(19) Using 1 of 1 workers for init marking
[20.744s][info][gc,ergo       ] GC(19) Pacer for Mark. Expected Live: 167M, Free: 699M, Non-Taxable: 71577K, Alloc Tax Rate: 0.3x
[20.744s][info][gc            ] GC(19) Pause Init Mark 1.297ms
[20.744s][info][gc,start      ] GC(19) Concurrent marking
[20.744s][info][gc,task       ] GC(19) Using 1 of 1 workers for concurrent marking
[21.045s][info][gc            ] GC(19) Concurrent marking 301.160ms
[21.045s][info][gc,start      ] GC(19) Pause Final Mark
[21.046s][info][gc,task       ] GC(19) Using 1 of 1 workers for final marking
[21.046s][info][gc,ergo       ] GC(19) Collectable Garbage: 81664K (96%), Immediate: 81664K (96%), CSet: 0B (0%)
[21.046s][info][gc            ] GC(19) Pause Final Mark 0.433ms
[21.046s][info][gc,start      ] GC(19) Concurrent cleanup
[21.046s][info][gc            ] GC(19) Concurrent cleanup 324M->245M(333M) 0.083ms
[21.046s][info][gc,ergo       ] GC(19) Free: 704M, Max: 256K regular, 613M humongous, Frag: 13% external, 0% internal; Reserve: 51200K, Max: 256K
[21.046s][info][gc,ergo       ] Free: 704M, Max: 256K regular, 613M humongous, Frag: 13% external, 0% internal; Reserve: 51200K, Max: 256K
[21.046s][info][gc,stats      ] 
[21.046s][info][gc,stats      ] All times are wall-clock times, except per-root-class counters, that are sum over
[21.046s][info][gc,stats      ] all workers. Dividing the <total> over the root stage time estimates parallelism.
[21.046s][info][gc,stats      ] 
[21.046s][info][gc,stats      ] Concurrent Reset                    334 us
[21.046s][info][gc,stats      ] Pause Init Mark (G)                3547 us
[21.046s][info][gc,stats      ] Pause Init Mark (N)                1265 us
[21.046s][info][gc,stats      ]   Accumulate Stats                    9 us
[21.046s][info][gc,stats      ]   Make Parsable                       8 us
[21.046s][info][gc,stats      ]   Update Region States               54 us
[21.046s][info][gc,stats      ]   Scan Roots                       1160 us, parallelism: 0.74x
[21.046s][info][gc,stats      ]     S: <total>                      863 us
[21.046s][info][gc,stats      ]     S: Thread Roots                 288 us, workers (us): 288, 
[21.046s][info][gc,stats      ]     S: Universe Roots                 2 us, workers (us):   2, 
[21.046s][info][gc,stats      ]     S: JNI Handles Roots              1 us, workers (us):   1, 
[21.046s][info][gc,stats      ]     S: Synchronizer Roots             0 us, workers (us):   0, 
[21.046s][info][gc,stats      ]     S: Management Roots               1 us, workers (us):   1, 
[21.046s][info][gc,stats      ]     S: System Dict Roots             22 us, workers (us):  22, 
[21.046s][info][gc,stats      ]     S: CLDG Roots                   547 us, workers (us): 547, 
[21.046s][info][gc,stats      ]     S: JVMTI Roots                    1 us, workers (us):   1, 
[21.046s][info][gc,stats      ]   Resize TLABs                        6 us
[21.046s][info][gc,stats      ] Concurrent Marking               301151 us
[21.046s][info][gc,stats      ] Pause Final Mark (G)                512 us
[21.046s][info][gc,stats      ] Pause Final Mark (N)                416 us
[21.046s][info][gc,stats      ]   Finish Queues                      18 us
[21.046s][info][gc,stats      ]   System Purge                      255 us
[21.046s][info][gc,stats      ]     Weak Roots                      255 us
[21.046s][info][gc,stats      ]   Update Region States               81 us
[21.046s][info][gc,stats      ]   Retire TLABs                       10 us
[21.046s][info][gc,stats      ]   Choose Collection Set              30 us
[21.046s][info][gc,stats      ]   Rebuild Free Set                   14 us
[21.046s][info][gc,stats      ] Concurrent Cleanup                   76 us
[21.046s][info][gc,stats      ] 
[21.046s][info][gc,stats      ] Allocation pacing accrued:
[21.046s][info][gc,stats      ]       0 of   407 ms (  0.0%): <total>
[21.046s][info][gc,stats      ]       0 of   407 ms (  0.0%): <average total>
[21.046s][info][gc,stats      ] 
[21.046s][info][gc,metaspace  ] Metaspace: 60070K->60070K(1103872K)
[21.046s][info][gc,ergo       ] Pacer for Idle. Initial: 20480K, Alloc Tax Rate: 1.0x
[21.050s][info][gc            ] Trigger: Learning 4 of 5. Free (699M) is below initial threshold (700M)
[21.050s][info][gc,ergo       ] Free: 699M, Max: 256K regular, 613M humongous, Frag: 13% external, 0% internal; Reserve: 51200K, Max: 256K
[21.050s][info][gc,start      ] GC(20) Concurrent reset
[21.050s][info][gc,task       ] GC(20) Using 1 of 1 workers for concurrent reset
[21.050s][info][gc,ergo       ] GC(20) Pacer for Reset. Non-Taxable: 1000M
[21.050s][info][gc            ] GC(20) Concurrent reset 0.282ms
[21.053s][info][gc,start      ] GC(20) Pause Init Mark (process weakrefs)
[21.053s][info][gc,task       ] GC(20) Using 1 of 1 workers for init marking
[21.054s][info][gc,ergo       ] GC(20) Pacer for Mark. Expected Live: 167M, Free: 699M, Non-Taxable: 71654K, Alloc Tax Rate: 0.3x
[21.054s][info][gc            ] GC(20) Pause Init Mark (process weakrefs) 1.334ms
[21.054s][info][gc,start      ] GC(20) Concurrent marking (process weakrefs)
[21.054s][info][gc,task       ] GC(20) Using 1 of 1 workers for concurrent marking
[21.316s][info][gc            ] GC(20) Concurrent marking (process weakrefs) 261.928ms
[21.316s][info][gc,start      ] GC(20) Concurrent precleaning
[21.316s][info][gc,task       ] GC(20) Using 1 of 1 workers for concurrent preclean
[21.316s][info][gc,ergo       ] GC(20) Pacer for Precleaning. Non-Taxable: 1000M
[21.317s][info][gc            ] GC(20) Concurrent precleaning 0.626ms
[21.317s][info][gc,start      ] GC(20) Pause Final Mark (process weakrefs)
[21.317s][info][gc,task       ] GC(20) Using 1 of 1 workers for final marking
[21.317s][info][gc,ergo       ] GC(20) Collectable Garbage: 80896K (96%), Immediate: 80896K (96%), CSet: 0B (0%)
[21.317s][info][gc            ] GC(20) Pause Final Mark (process weakrefs) 0.431ms
[21.317s][info][gc,start      ] GC(20) Concurrent cleanup
[21.317s][info][gc            ] GC(20) Concurrent cleanup 356M->277M(360M) 0.083ms
[21.317s][info][gc,ergo       ] GC(20) Free: 672M, Max: 256K regular, 582M humongous, Frag: 14% external, 0% internal; Reserve: 51200K, Max: 256K
[21.317s][info][gc,ergo       ] Free: 672M, Max: 256K regular, 582M humongous, Frag: 14% external, 0% internal; Reserve: 51200K, Max: 256K
[21.317s][info][gc,stats      ] 
[21.317s][info][gc,stats      ] All times are wall-clock times, except per-root-class counters, that are sum over
[21.317s][info][gc,stats      ] all workers. Dividing the <total> over the root stage time estimates parallelism.
[21.317s][info][gc,stats      ] 
[21.317s][info][gc,stats      ] Concurrent Reset                    275 us
[21.317s][info][gc,stats      ] Pause Init Mark (G)                3814 us
[21.317s][info][gc,stats      ] Pause Init Mark (N)                1297 us
[21.317s][info][gc,stats      ]   Accumulate Stats                    9 us
[21.317s][info][gc,stats      ]   Make Parsable                       7 us
[21.317s][info][gc,stats      ]   Update Region States               79 us
[21.317s][info][gc,stats      ]   Scan Roots                       1151 us, parallelism: 0.75x
[21.317s][info][gc,stats      ]     S: <total>                      867 us
[21.317s][info][gc,stats      ]     S: Thread Roots                 304 us, workers (us): 304, 
[21.317s][info][gc,stats      ]     S: Universe Roots                 2 us, workers (us):   2, 
[21.317s][info][gc,stats      ]     S: JNI Handles Roots              2 us, workers (us):   2, 
[21.317s][info][gc,stats      ]     S: Synchronizer Roots             1 us, workers (us):   1, 
[21.317s][info][gc,stats      ]     S: Management Roots               2 us, workers (us):   2, 
[21.317s][info][gc,stats      ]     S: System Dict Roots             12 us, workers (us):  12, 
[21.317s][info][gc,stats      ]     S: CLDG Roots                   543 us, workers (us): 543, 
[21.317s][info][gc,stats      ]     S: JVMTI Roots                    0 us, workers (us):   0, 
[21.317s][info][gc,stats      ]   Resize TLABs                        6 us
[21.317s][info][gc,stats      ] Concurrent Marking               261919 us
[21.317s][info][gc,stats      ] Concurrent Precleaning              606 us
[21.318s][info][gc,stats      ] Pause Final Mark (G)                574 us
[21.318s][info][gc,stats      ] Pause Final Mark (N)                423 us
[21.318s][info][gc,stats      ]   Finish Queues                      14 us
[21.318s][info][gc,stats      ]   Weak References                    33 us
[21.318s][info][gc,stats      ]     Process                          30 us
[21.318s][info][gc,stats      ]   System Purge                      260 us
[21.318s][info][gc,stats      ]     Weak Roots                      260 us
[21.318s][info][gc,stats      ]   Update Region States               68 us
[21.318s][info][gc,stats      ]   Retire TLABs                        9 us
[21.318s][info][gc,stats      ]   Choose Collection Set              20 us
[21.318s][info][gc,stats      ]   Rebuild Free Set                   13 us
[21.318s][info][gc,stats      ] Concurrent Cleanup                   76 us
[21.318s][info][gc,stats      ] 
[21.318s][info][gc,stats      ] Allocation pacing accrued:
[21.318s][info][gc,stats      ]       0 of   272 ms (  0.0%): <total>
[21.318s][info][gc,stats      ]       0 of   272 ms (  0.0%): <average total>
[21.318s][info][gc,stats      ] 
[21.318s][info][gc,metaspace  ] Metaspace: 60070K->60070K(1103872K)
[21.318s][info][gc,ergo       ] Pacer for Idle. Initial: 20480K, Alloc Tax Rate: 1.0x
[21.323s][info][gc            ] Trigger: Learning 5 of 5. Free (668M) is below initial threshold (700M)
[21.323s][info][gc,ergo       ] Free: 668M, Max: 256K regular, 582M humongous, Frag: 13% external, 0% internal; Reserve: 51200K, Max: 256K
[21.323s][info][gc,start      ] GC(21) Concurrent reset
[21.323s][info][gc,task       ] GC(21) Using 1 of 1 workers for concurrent reset
[21.323s][info][gc,ergo       ] GC(21) Pacer for Reset. Non-Taxable: 1000M
[21.327s][info][gc            ] GC(21) Concurrent reset 3.849ms
[21.329s][info][gc,start      ] GC(21) Pause Init Mark
[21.329s][info][gc,task       ] GC(21) Using 1 of 1 workers for init marking
[21.330s][info][gc,ergo       ] GC(21) Pacer for Mark. Expected Live: 167M, Free: 664M, Non-Taxable: 68019K, Alloc Tax Rate: 0.3x
[21.330s][info][gc            ] GC(21) Pause Init Mark 1.432ms
[21.330s][info][gc,start      ] GC(21) Concurrent marking
[21.330s][info][gc,task       ] GC(21) Using 1 of 1 workers for concurrent marking
[21.583s][info][gc            ] GC(21) Concurrent marking 252.185ms
[21.586s][info][gc,start      ] GC(21) Pause Final Mark
[21.586s][info][gc,task       ] GC(21) Using 1 of 1 workers for final marking
[21.586s][info][gc,ergo       ] GC(21) Collectable Garbage: 114M (97%), Immediate: 114M (97%), CSet: 0B (0%)
[21.587s][info][gc            ] GC(21) Pause Final Mark 0.939ms
[21.587s][info][gc,start      ] GC(21) Concurrent cleanup
[21.587s][info][gc            ] GC(21) Concurrent cleanup 383M->269M(388M) 0.198ms
[21.587s][info][gc,ergo       ] GC(21) Free: 679M, Max: 256K regular, 554M humongous, Frag: 19% external, 0% internal; Reserve: 51200K, Max: 256K
[21.587s][info][gc,ergo       ] Free: 679M, Max: 256K regular, 554M humongous, Frag: 19% external, 0% internal; Reserve: 51200K, Max: 256K
[21.587s][info][gc,stats      ] 
[21.587s][info][gc,stats      ] All times are wall-clock times, except per-root-class counters, that are sum over
[21.587s][info][gc,stats      ] all workers. Dividing the <total> over the root stage time estimates parallelism.
[21.587s][info][gc,stats      ] 
[21.587s][info][gc,stats      ] Concurrent Reset                   3836 us
[21.587s][info][gc,stats      ] Pause Init Mark (G)                3844 us
[21.587s][info][gc,stats      ] Pause Init Mark (N)                1411 us
[21.587s][info][gc,stats      ]   Accumulate Stats                    9 us
[21.587s][info][gc,stats      ]   Make Parsable                       7 us
[21.587s][info][gc,stats      ]   Update Region States               51 us
[21.587s][info][gc,stats      ]   Scan Roots                       1303 us, parallelism: 0.77x
[21.587s][info][gc,stats      ]     S: <total>                     1008 us
[21.587s][info][gc,stats      ]     S: Thread Roots                 470 us, workers (us): 470, 
[21.587s][info][gc,stats      ]     S: Universe Roots                 2 us, workers (us):   2, 
[21.587s][info][gc,stats      ]     S: JNI Handles Roots              1 us, workers (us):   1, 
[21.587s][info][gc,stats      ]     S: Synchronizer Roots             0 us, workers (us):   0, 
[21.587s][info][gc,stats      ]     S: Management Roots               1 us, workers (us):   1, 
[21.587s][info][gc,stats      ]     S: System Dict Roots             11 us, workers (us):  11, 
[21.587s][info][gc,stats      ]     S: CLDG Roots                   521 us, workers (us): 521, 
[21.587s][info][gc,stats      ]     S: JVMTI Roots                    0 us, workers (us):   0, 
[21.587s][info][gc,stats      ]   Resize TLABs                        7 us
[21.587s][info][gc,stats      ] Concurrent Marking               252176 us
[21.587s][info][gc,stats      ] Pause Final Mark (G)               3513 us
[21.587s][info][gc,stats      ] Pause Final Mark (N)                874 us
[21.587s][info][gc,stats      ]   Finish Queues                      38 us
[21.587s][info][gc,stats      ]   System Purge                      417 us
[21.587s][info][gc,stats      ]     Weak Roots                      416 us
[21.587s][info][gc,stats      ]   Update Region States              296 us
[21.587s][info][gc,stats      ]   Retire TLABs                       22 us
[21.587s][info][gc,stats      ]   Choose Collection Set              53 us
[21.587s][info][gc,stats      ]   Rebuild Free Set                   32 us
[21.587s][info][gc,stats      ] Concurrent Cleanup                  183 us
[21.587s][info][gc,stats      ] Pacing                             4775 us
[21.587s][info][gc,stats      ] 
[21.587s][info][gc,stats      ] Allocation pacing accrued:
[21.587s][info][gc,stats      ]       5 of   269 ms (  1.8%): Executor task launch worker for task 0.0 in stage 4.0 (TID 4)
[21.587s][info][gc,stats      ]       5 of   269 ms (  1.8%): <total>
[21.587s][info][gc,stats      ]       0 of   269 ms (  0.0%): <average total>
[21.587s][info][gc,stats      ]       5 of   269 ms (  1.8%): <average non-zero>
[21.587s][info][gc,stats      ] 
[21.587s][info][gc,metaspace  ] Metaspace: 60071K->60079K(1103872K)
[21.587s][info][gc,ergo       ] Pacer for Idle. Initial: 20480K, Alloc Tax Rate: 1.0x
[22.034s][info][gc            ] Trigger: Average GC time (339.32 ms) is above the time for allocation rate (698 MB/s) to deplete free headroom (236M)
[22.034s][info][gc,ergo       ] Free headroom: 286M (free) - 51200K (spike) - 0B (penalties) = 236M
[22.034s][info][gc,ergo       ] Free: 286M, Max: 256K regular, 275M humongous, Frag: 4% external, 0% internal; Reserve: 51200K, Max: 256K
[22.034s][info][gc,start      ] GC(22) Concurrent reset
[22.034s][info][gc,task       ] GC(22) Using 1 of 1 workers for concurrent reset
[22.034s][info][gc,ergo       ] GC(22) Pacer for Reset. Non-Taxable: 1000M
[22.035s][info][gc            ] GC(22) Concurrent reset 0.356ms
[22.037s][info][gc,start      ] GC(22) Pause Init Mark
[22.037s][info][gc,task       ] GC(22) Using 1 of 1 workers for init marking
[22.038s][info][gc,ergo       ] GC(22) Pacer for Mark. Expected Live: 167M, Free: 286M, Non-Taxable: 29337K, Alloc Tax Rate: 0.7x
[22.038s][info][gc            ] GC(22) Pause Init Mark 1.342ms
[22.038s][info][gc,start      ] GC(22) Concurrent marking
[22.038s][info][gc,task       ] GC(22) Using 1 of 1 workers for concurrent marking
[22.196s][info][gc            ] GC(22) Concurrent marking 157.231ms
[22.196s][info][gc,start      ] GC(22) Pause Final Mark
[22.196s][info][gc,task       ] GC(22) Using 1 of 1 workers for final marking
[22.196s][info][gc,ergo       ] GC(22) Collectable Garbage: 490M (99%), Immediate: 490M (99%), CSet: 0B (0%)
[22.196s][info][gc            ] GC(22) Pause Final Mark 0.385ms
[22.196s][info][gc,start      ] GC(22) Concurrent cleanup
[22.196s][info][gc            ] GC(22) Concurrent cleanup 707M->216M(712M) 0.176ms
[22.196s][info][gc,ergo       ] GC(22) Free: 732M, Max: 256K regular, 298M humongous, Frag: 60% external, 0% internal; Reserve: 51200K, Max: 256K
[22.196s][info][gc,ergo       ] Free: 732M, Max: 256K regular, 298M humongous, Frag: 60% external, 0% internal; Reserve: 51200K, Max: 256K
[22.196s][info][gc,stats      ] 
[22.196s][info][gc,stats      ] All times are wall-clock times, except per-root-class counters, that are sum over
[22.196s][info][gc,stats      ] all workers. Dividing the <total> over the root stage time estimates parallelism.
[22.196s][info][gc,stats      ] 
[22.196s][info][gc,stats      ] Concurrent Reset                    348 us
[22.196s][info][gc,stats      ] Pause Init Mark (G)                3663 us
[22.196s][info][gc,stats      ] Pause Init Mark (N)                1316 us
[22.196s][info][gc,stats      ]   Accumulate Stats                   11 us
[22.196s][info][gc,stats      ]   Make Parsable                       7 us
[22.196s][info][gc,stats      ]   Update Region States               49 us
[22.196s][info][gc,stats      ]   Scan Roots                       1198 us, parallelism: 0.76x
[22.196s][info][gc,stats      ]     S: <total>                      913 us
[22.196s][info][gc,stats      ]     S: Thread Roots                 364 us, workers (us): 364, 
[22.196s][info][gc,stats      ]     S: Universe Roots                 2 us, workers (us):   2, 
[22.196s][info][gc,stats      ]     S: JNI Handles Roots              1 us, workers (us):   1, 
[22.196s][info][gc,stats      ]     S: Synchronizer Roots             0 us, workers (us):   0, 
[22.196s][info][gc,stats      ]     S: Management Roots               1 us, workers (us):   1, 
[22.196s][info][gc,stats      ]     S: System Dict Roots             11 us, workers (us):  11, 
[22.196s][info][gc,stats      ]     S: CLDG Roots                   532 us, workers (us): 532, 
[22.196s][info][gc,stats      ]     S: JVMTI Roots                    0 us, workers (us):   0, 
[22.196s][info][gc,stats      ]   Resize TLABs                        6 us
[22.196s][info][gc,stats      ] Concurrent Marking               157222 us
[22.196s][info][gc,stats      ] Pause Final Mark (G)                457 us
[22.196s][info][gc,stats      ] Pause Final Mark (N)                376 us
[22.196s][info][gc,stats      ]   Finish Queues                      11 us
[22.196s][info][gc,stats      ]   System Purge                      253 us
[22.196s][info][gc,stats      ]     Weak Roots                      252 us
[22.196s][info][gc,stats      ]   Update Region States               60 us
[22.196s][info][gc,stats      ]   Retire TLABs                        9 us
[22.196s][info][gc,stats      ]   Choose Collection Set              24 us
[22.196s][info][gc,stats      ]   Rebuild Free Set                   13 us
[22.196s][info][gc,stats      ] Concurrent Cleanup                  168 us
[22.196s][info][gc,stats      ] Pacing                            49929 us
[22.196s][info][gc,stats      ] 
[22.196s][info][gc,stats      ] Allocation pacing accrued:
[22.196s][info][gc,stats      ]      50 of   609 ms (  8.2%): Executor task launch worker for task 0.0 in stage 4.0 (TID 4)
[22.196s][info][gc,stats      ]      50 of   609 ms (  8.2%): <total>
[22.196s][info][gc,stats      ]       1 of   609 ms (  0.1%): <average total>
[22.196s][info][gc,stats      ]      50 of   609 ms (  8.2%): <average non-zero>
[22.196s][info][gc,stats      ] 
[22.197s][info][gc,metaspace  ] Metaspace: 60079K->60079K(1103872K)
[22.197s][info][gc,ergo       ] Pacer for Idle. Initial: 20480K, Alloc Tax Rate: 1.0x
[22.597s][info][gc            ] Trigger: Average GC time (335.20 ms) is above the time for allocation rate (811 MB/s) to deplete free headroom (271M)
[22.597s][info][gc,ergo       ] Free headroom: 321M (free) - 51200K (spike) - 0B (penalties) = 271M
[22.597s][info][gc,ergo       ] Free: 321M, Max: 256K regular, 230M humongous, Frag: 29% external, 0% internal; Reserve: 51200K, Max: 256K
[22.597s][info][gc,start      ] GC(23) Concurrent reset
[22.597s][info][gc,task       ] GC(23) Using 1 of 1 workers for concurrent reset
[22.597s][info][gc,ergo       ] GC(23) Pacer for Reset. Non-Taxable: 1000M
[22.598s][info][gc            ] GC(23) Concurrent reset 0.376ms
[22.600s][info][gc,start      ] GC(23) Pause Init Mark
[22.600s][info][gc,task       ] GC(23) Using 1 of 1 workers for init marking
[22.601s][info][gc,ergo       ] GC(23) Pacer for Mark. Expected Live: 167M, Free: 321M, Non-Taxable: 32896K, Alloc Tax Rate: 0.6x
[22.601s][info][gc            ] GC(23) Pause Init Mark 1.325ms
[22.601s][info][gc,start      ] GC(23) Concurrent marking
[22.601s][info][gc,task       ] GC(23) Using 1 of 1 workers for concurrent marking
[22.743s][info][gc            ] GC(23) Concurrent marking 141.327ms
[22.743s][info][gc,start      ] GC(23) Pause Final Mark
[22.743s][info][gc,task       ] GC(23) Using 1 of 1 workers for final marking
[22.743s][info][gc,ergo       ] GC(23) Collectable Garbage: 456M (99%), Immediate: 456M (99%), CSet: 0B (0%)
[22.743s][info][gc            ] GC(23) Pause Final Mark 0.376ms
[22.743s][info][gc,start      ] GC(23) Concurrent cleanup
[22.743s][info][gc            ] GC(23) Concurrent cleanup 677M->221M(712M) 0.140ms
[22.743s][info][gc,ergo       ] GC(23) Free: 727M, Max: 256K regular, 305M humongous, Frag: 59% external, 0% internal; Reserve: 51200K, Max: 256K
[22.743s][info][gc,ergo       ] Free: 727M, Max: 256K regular, 305M humongous, Frag: 59% external, 0% internal; Reserve: 51200K, Max: 256K
[22.743s][info][gc,stats      ] 
[22.743s][info][gc,stats      ] All times are wall-clock times, except per-root-class counters, that are sum over
[22.743s][info][gc,stats      ] all workers. Dividing the <total> over the root stage time estimates parallelism.
[22.743s][info][gc,stats      ] 
[22.743s][info][gc,stats      ] Concurrent Reset                    364 us
[22.743s][info][gc,stats      ] Pause Init Mark (G)                3854 us
[22.744s][info][gc,stats      ] Pause Init Mark (N)                1293 us
[22.744s][info][gc,stats      ]   Accumulate Stats                   10 us
[22.744s][info][gc,stats      ]   Make Parsable                       8 us
[22.744s][info][gc,stats      ]   Update Region States               65 us
[22.744s][info][gc,stats      ]   Scan Roots                       1172 us, parallelism: 0.76x
[22.744s][info][gc,stats      ]     S: <total>                      892 us
[22.744s][info][gc,stats      ]     S: Thread Roots                 307 us, workers (us): 307, 
[22.744s][info][gc,stats      ]     S: Universe Roots                 2 us, workers (us):   2, 
[22.744s][info][gc,stats      ]     S: JNI Handles Roots              1 us, workers (us):   1, 
[22.744s][info][gc,stats      ]     S: Synchronizer Roots             0 us, workers (us):   0, 
[22.744s][info][gc,stats      ]     S: Management Roots               2 us, workers (us):   2, 
[22.744s][info][gc,stats      ]     S: System Dict Roots             12 us, workers (us):  12, 
[22.744s][info][gc,stats      ]     S: CLDG Roots                   567 us, workers (us): 567, 
[22.744s][info][gc,stats      ]     S: JVMTI Roots                    1 us, workers (us):   1, 
[22.744s][info][gc,stats      ]   Resize TLABs                        6 us
[22.744s][info][gc,stats      ] Concurrent Marking               141318 us
[22.744s][info][gc,stats      ] Pause Final Mark (G)                449 us
[22.744s][info][gc,stats      ] Pause Final Mark (N)                367 us
[22.744s][info][gc,stats      ]   Finish Queues                      11 us
[22.744s][info][gc,stats      ]   System Purge                      243 us
[22.744s][info][gc,stats      ]     Weak Roots                      243 us
[22.744s][info][gc,stats      ]   Update Region States               61 us
[22.744s][info][gc,stats      ]   Retire TLABs                        9 us
[22.744s][info][gc,stats      ]   Choose Collection Set              24 us
[22.744s][info][gc,stats      ]   Rebuild Free Set                   13 us
[22.744s][info][gc,stats      ] Concurrent Cleanup                  134 us
[22.744s][info][gc,stats      ] Pacing                            54826 us
[22.744s][info][gc,stats      ] 
[22.744s][info][gc,stats      ] Allocation pacing accrued:
[22.744s][info][gc,stats      ]      55 of   547 ms ( 10.0%): Executor task launch worker for task 0.0 in stage 4.0 (TID 4)
[22.744s][info][gc,stats      ]      55 of   547 ms ( 10.0%): <total>
[22.744s][info][gc,stats      ]       1 of   547 ms (  0.1%): <average total>
[22.744s][info][gc,stats      ]      55 of   547 ms ( 10.0%): <average non-zero>
[22.744s][info][gc,stats      ] 
[22.744s][info][gc,metaspace  ] Metaspace: 60080K->60080K(1103872K)
[22.744s][info][gc,ergo       ] Pacer for Idle. Initial: 20480K, Alloc Tax Rate: 1.0x
[23.201s][info][gc            ] Trigger: Average GC time (229.13 ms) is above the time for allocation rate (876 MB/s) to deplete free headroom (198M)
[23.201s][info][gc,ergo       ] Free headroom: 248M (free) - 51200K (spike) - 0B (penalties) = 198M
[23.201s][info][gc,ergo       ] Free: 248M, Max: 256K regular, 237M humongous, Frag: 5% external, 0% internal; Reserve: 51200K, Max: 256K
[23.201s][info][gc,start      ] GC(24) Concurrent reset
[23.201s][info][gc,task       ] GC(24) Using 1 of 1 workers for concurrent reset
[23.201s][info][gc,ergo       ] GC(24) Pacer for Reset. Non-Taxable: 1000M
[23.201s][info][gc            ] GC(24) Concurrent reset 0.304ms
[23.204s][info][gc,start      ] GC(24) Pause Init Mark
[23.204s][info][gc,task       ] GC(24) Using 1 of 1 workers for init marking
[23.205s][info][gc,ergo       ] GC(24) Pacer for Mark. Expected Live: 167M, Free: 248M, Non-Taxable: 25420K, Alloc Tax Rate: 0.8x
[23.205s][info][gc            ] GC(24) Pause Init Mark 1.282ms
[23.205s][info][gc,start      ] GC(24) Concurrent marking
[23.205s][info][gc,task       ] GC(24) Using 1 of 1 workers for concurrent marking
[23.354s][info][gc            ] GC(24) Concurrent marking 148.743ms
[23.354s][info][gc,start      ] GC(24) Pause Final Mark
[23.354s][info][gc,task       ] GC(24) Using 1 of 1 workers for final marking
[23.354s][info][gc,ergo       ] GC(24) Collectable Garbage: 529M (99%), Immediate: 529M (99%), CSet: 0B (0%)
[23.354s][info][gc            ] GC(24) Pause Final Mark 0.445ms
[23.354s][info][gc,start      ] GC(24) Concurrent cleanup
[23.355s][info][gc            ] GC(24) Concurrent cleanup 739M->210M(744M) 0.152ms
[23.355s][info][gc,ergo       ] GC(24) Free: 738M, Max: 256K regular, 198M humongous, Frag: 74% external, 0% internal; Reserve: 51200K, Max: 256K
[23.355s][info][gc,ergo       ] Free: 738M, Max: 256K regular, 198M humongous, Frag: 74% external, 0% internal; Reserve: 51200K, Max: 256K
[23.355s][info][gc,stats      ] 
[23.355s][info][gc,stats      ] All times are wall-clock times, except per-root-class counters, that are sum over
[23.355s][info][gc,stats      ] all workers. Dividing the <total> over the root stage time estimates parallelism.
[23.355s][info][gc,stats      ] 
[23.355s][info][gc,stats      ] Concurrent Reset                    294 us
[23.355s][info][gc,stats      ] Pause Init Mark (G)                3672 us
[23.355s][info][gc,stats      ] Pause Init Mark (N)                1254 us
[23.355s][info][gc,stats      ]   Accumulate Stats                   12 us
[23.355s][info][gc,stats      ]   Make Parsable                       7 us
[23.355s][info][gc,stats      ]   Update Region States               54 us
[23.355s][info][gc,stats      ]   Scan Roots                       1149 us, parallelism: 0.75x
[23.355s][info][gc,stats      ]     S: <total>                      867 us
[23.355s][info][gc,stats      ]     S: Thread Roots                 316 us, workers (us): 316, 
[23.355s][info][gc,stats      ]     S: Universe Roots                 3 us, workers (us):   3, 
[23.355s][info][gc,stats      ]     S: JNI Handles Roots              2 us, workers (us):   2, 
[23.355s][info][gc,stats      ]     S: Synchronizer Roots             0 us, workers (us):   0, 
[23.355s][info][gc,stats      ]     S: Management Roots               1 us, workers (us):   1, 
[23.355s][info][gc,stats      ]     S: System Dict Roots             11 us, workers (us):  11, 
[23.355s][info][gc,stats      ]     S: CLDG Roots                   533 us, workers (us): 533, 
[23.355s][info][gc,stats      ]     S: JVMTI Roots                    0 us, workers (us):   0, 
[23.355s][info][gc,stats      ]   Resize TLABs                        6 us
[23.355s][info][gc,stats      ] Concurrent Marking               148735 us
[23.355s][info][gc,stats      ] Pause Final Mark (G)                522 us
[23.355s][info][gc,stats      ] Pause Final Mark (N)                436 us
[23.355s][info][gc,stats      ]   Finish Queues                      11 us
[23.355s][info][gc,stats      ]   System Purge                      300 us
[23.355s][info][gc,stats      ]     Weak Roots                      300 us
[23.355s][info][gc,stats      ]   Update Region States               62 us
[23.355s][info][gc,stats      ]   Retire TLABs                       12 us
[23.355s][info][gc,stats      ]   Choose Collection Set              31 us
[23.355s][info][gc,stats      ]   Rebuild Free Set                   14 us
[23.355s][info][gc,stats      ] Concurrent Cleanup                  145 us
[23.355s][info][gc,stats      ] Pacing                            59163 us
[23.355s][info][gc,stats      ] 
[23.355s][info][gc,stats      ] Allocation pacing accrued:
[23.355s][info][gc,stats      ]      59 of   611 ms (  9.7%): Executor task launch worker for task 0.0 in stage 4.0 (TID 4)
[23.355s][info][gc,stats      ]      59 of   611 ms (  9.7%): <total>
[23.355s][info][gc,stats      ]       1 of   611 ms (  0.1%): <average total>
[23.355s][info][gc,stats      ]      59 of   611 ms (  9.7%): <average non-zero>
[23.355s][info][gc,stats      ] 
[23.355s][info][gc,metaspace  ] Metaspace: 60080K->60080K(1103872K)
[23.355s][info][gc,ergo       ] Pacer for Idle. Initial: 20480K, Alloc Tax Rate: 1.0x
[23.800s][info][gc            ] Trigger: Explicit GC request (System.gc())
[23.800s][info][gc,ergo       ] Free: 301M, Max: 256K regular, 198M humongous, Frag: 35% external, 0% internal; Reserve: 51200K, Max: 256K
[23.800s][info][gc,start      ] GC(25) Concurrent reset
[23.800s][info][gc,task       ] GC(25) Using 1 of 1 workers for concurrent reset
[23.800s][info][gc,ergo       ] GC(25) Pacer for Reset. Non-Taxable: 1000M
[23.800s][info][gc            ] GC(25) Concurrent reset 0.338ms
[23.800s][info][gc,start      ] GC(25) Pause Init Mark (process weakrefs) (unload classes)
[23.801s][info][gc,task       ] GC(25) Using 1 of 1 workers for init marking
[23.801s][info][gc,ergo       ] GC(25) Pacer for Mark. Expected Live: 167M, Free: 301M, Non-Taxable: 30899K, Alloc Tax Rate: 0.7x
[23.801s][info][gc            ] GC(25) Pause Init Mark (process weakrefs) (unload classes) 0.853ms
[23.801s][info][gc,start      ] GC(25) Concurrent marking (process weakrefs) (unload classes)
[23.801s][info][gc,task       ] GC(25) Using 1 of 1 workers for concurrent marking
[23.921s][info][gc            ] GC(25) Concurrent marking (process weakrefs) (unload classes) 120.027ms
[23.922s][info][gc,start      ] GC(25) Concurrent precleaning
[23.922s][info][gc,task       ] GC(25) Using 1 of 1 workers for concurrent preclean
[23.922s][info][gc,ergo       ] GC(25) Pacer for Precleaning. Non-Taxable: 1000M
[23.922s][info][gc            ] GC(25) Concurrent precleaning 0.286ms
[23.922s][info][gc,start      ] GC(25) Pause Final Mark (process weakrefs) (unload classes)
[23.922s][info][gc,task       ] GC(25) Using 1 of 1 workers for final marking
[23.944s][info][gc,stringtable] GC(25) Cleaned string and symbol table, strings: 18343 processed, 0 removed, symbols: 131954 processed, 202 removed
[23.944s][info][gc,ergo       ] GC(25) Collectable Garbage: 474M (98%), Immediate: 474M (98%), CSet: 0B (0%)
[23.944s][info][gc            ] GC(25) Pause Final Mark (process weakrefs) (unload classes) 22.305ms
[23.944s][info][gc,start      ] GC(25) Concurrent cleanup
[23.944s][info][gc            ] GC(25) Concurrent cleanup 647M->173M(744M) 0.145ms
[23.944s][info][gc,ergo       ] GC(25) Free: 775M, Max: 256K regular, 365M humongous, Frag: 53% external, 0% internal; Reserve: 51200K, Max: 256K
[23.944s][info][gc,ergo       ] Free: 775M, Max: 256K regular, 365M humongous, Frag: 53% external, 0% internal; Reserve: 51200K, Max: 256K
[23.944s][info][gc,stats      ] 
[23.944s][info][gc,stats      ] All times are wall-clock times, except per-root-class counters, that are sum over
[23.944s][info][gc,stats      ] all workers. Dividing the <total> over the root stage time estimates parallelism.
[23.944s][info][gc,stats      ] 
[23.944s][info][gc,stats      ] Concurrent Reset                    330 us
[23.944s][info][gc,stats      ] Pause Init Mark (G)                1073 us
[23.944s][info][gc,stats      ] Pause Init Mark (N)                 838 us
[23.944s][info][gc,stats      ]   Accumulate Stats                   10 us
[23.944s][info][gc,stats      ]   Make Parsable                      11 us
[23.944s][info][gc,stats      ]   Update Region States               40 us
[23.944s][info][gc,stats      ]   Scan Roots                        746 us, parallelism: 0.54x
[23.945s][info][gc,stats      ]     S: <total>                      400 us
[23.945s][info][gc,stats      ]     S: Thread Roots                 271 us, workers (us): 271, 
[23.945s][info][gc,stats      ]     S: Universe Roots                 2 us, workers (us):   2, 
[23.945s][info][gc,stats      ]     S: JNI Handles Roots              3 us, workers (us):   3, 
[23.945s][info][gc,stats      ]     S: Synchronizer Roots             0 us, workers (us):   0, 
[23.945s][info][gc,stats      ]     S: Management Roots               2 us, workers (us):   2, 
[23.945s][info][gc,stats      ]     S: System Dict Roots             13 us, workers (us):  13, 
[23.945s][info][gc,stats      ]     S: CLDG Roots                   107 us, workers (us): 107, 
[23.945s][info][gc,stats      ]     S: JVMTI Roots                    1 us, workers (us):   1, 
[23.945s][info][gc,stats      ]   Resize TLABs                        5 us
[23.945s][info][gc,stats      ] Concurrent Marking               120019 us
[23.945s][info][gc,stats      ] Concurrent Precleaning              273 us
[23.945s][info][gc,stats      ] Pause Final Mark (G)              22404 us
[23.945s][info][gc,stats      ] Pause Final Mark (N)              22296 us
[23.945s][info][gc,stats      ]   Finish Queues                     151 us
[23.945s][info][gc,stats      ]   Weak References                    57 us
[23.945s][info][gc,stats      ]     Process                          55 us
[23.945s][info][gc,stats      ]   System Purge                      287 us
[23.945s][info][gc,stats      ]     Unload Classes                 1032 us
[23.945s][info][gc,stats      ]     Cleanup                       20402 us, parallelism: 1.00x
[23.945s][info][gc,stats      ]       CU: <total>                 20319 us
[23.945s][info][gc,stats      ]       CU: Code Cache Roots         6768 us, workers (us): 6768, 
[23.945s][info][gc,stats      ]       CU: Code Cache Cleaning      1259 us, workers (us): 1259, 
[23.945s][info][gc,stats      ]       CU: String Table Roots       6257 us, workers (us): 6257, 
[23.945s][info][gc,stats      ]       CU: Resolved Table Roots      162 us, workers (us): 162, 
[23.945s][info][gc,stats      ]       CU: CLDG Roots               5873 us, workers (us): 5873, 
[23.945s][info][gc,stats      ]     Weak Roots                      286 us
[23.945s][info][gc,stats      ]     CLDG                            221 us
[23.945s][info][gc,stats      ]   Update Region States               65 us
[23.945s][info][gc,stats      ]   Retire TLABs                       22 us
[23.945s][info][gc,stats      ]   Choose Collection Set              27 us
[23.945s][info][gc,stats      ]   Rebuild Free Set                   13 us
[23.945s][info][gc,stats      ] Concurrent Cleanup                  136 us
[23.945s][info][gc,stats      ] Pacing                             3787 us
[23.945s][info][gc,stats      ] 
[23.945s][info][gc,stats      ] Allocation pacing accrued:
[23.945s][info][gc,stats      ]       4 of   590 ms (  0.6%): Executor task launch worker for task 0.0 in stage 5.0 (TID 5)
[23.945s][info][gc,stats      ]       4 of   590 ms (  0.6%): <total>
[23.945s][info][gc,stats      ]       0 of   590 ms (  0.0%): <average total>
[23.945s][info][gc,stats      ]       4 of   590 ms (  0.6%): <average non-zero>
[23.945s][info][gc,stats      ] 
[23.945s][info][gc,metaspace  ] Metaspace: 60136K->59758K(1103872K)
[23.945s][info][gc,ergo       ] Pacer for Idle. Initial: 20480K, Alloc Tax Rate: 1.0x
[23.945s][info][gc,start      ] Concurrent uncommit
[23.972s][info][gc            ] Concurrent uncommit 173M->173M(174M) 27.490ms
[24.510s][info][gc            ] Trigger: Learning 2 of 5. Free (698M) is below initial threshold (700M)
[24.510s][info][gc,ergo       ] Free: 698M, Max: 256K regular, 353M humongous, Frag: 50% external, 0% internal; Reserve: 51200K, Max: 256K
[24.510s][info][gc,start      ] GC(26) Concurrent reset
[24.510s][info][gc,task       ] GC(26) Using 1 of 1 workers for concurrent reset
[24.510s][info][gc,ergo       ] GC(26) Pacer for Reset. Non-Taxable: 1000M
[24.511s][info][gc            ] GC(26) Concurrent reset 0.341ms
[24.513s][info][gc,start      ] GC(26) Pause Init Mark
[24.513s][info][gc,task       ] GC(26) Using 1 of 1 workers for init marking
[24.515s][info][gc,ergo       ] GC(26) Pacer for Mark. Expected Live: 167M, Free: 698M, Non-Taxable: 71551K, Alloc Tax Rate: 0.3x
[24.515s][info][gc            ] GC(26) Pause Init Mark 1.498ms
[24.515s][info][gc,start      ] GC(26) Concurrent marking
[24.515s][info][gc,task       ] GC(26) Using 1 of 1 workers for concurrent marking
[24.837s][info][gc            ] GC(26) Concurrent marking 322.207ms
[24.850s][info][gc,start      ] GC(26) Pause Final Mark
[24.850s][info][gc,task       ] GC(26) Using 1 of 1 workers for final marking
[24.850s][info][gc,ergo       ] GC(26) Adaptive CSet Selection. Target Free: 141M, Actual Free: 713M, Max CSet: 42666K, Min Garbage: 0B
[24.850s][info][gc,ergo       ] GC(26) Collectable Garbage: 79501K (97%), Immediate: 60827K (74%), CSet: 18673K (22%)
[24.853s][info][gc,ergo       ] GC(26) Pacer for Evacuation. Used CSet: 20418K, Free: 667M, Non-Taxable: 68352K, Alloc Tax Rate: 1.1x
[24.853s][info][gc            ] GC(26) Pause Final Mark 3.203ms
[24.853s][info][gc,start      ] GC(26) Concurrent cleanup
[24.853s][info][gc            ] GC(26) Concurrent cleanup 341M->281M(346M) 0.087ms
[24.853s][info][gc,ergo       ] GC(26) Free: 667M, Max: 256K regular, 329M humongous, Frag: 51% external, 0% internal; Reserve: 50688K, Max: 256K
[24.853s][info][gc,start      ] GC(26) Concurrent evacuation
[24.853s][info][gc,task       ] GC(26) Using 1 of 1 workers for concurrent evacuation
[24.860s][info][gc            ] GC(26) Concurrent evacuation 6.871ms
[24.866s][info][gc,start      ] GC(26) Pause Init Update Refs
[24.866s][info][gc,ergo       ] GC(26) Pacer for Update Refs. Used: 288M, Free: 662M, Non-Taxable: 67814K, Alloc Tax Rate: 1.1x
[24.866s][info][gc            ] GC(26) Pause Init Update Refs 0.057ms
[24.866s][info][gc,start      ] GC(26) Concurrent update references
[24.866s][info][gc,task       ] GC(26) Using 1 of 1 workers for concurrent reference update
[25.350s][info][gc            ] GC(26) Concurrent update references 483.516ms
[25.357s][info][gc,start      ] GC(26) Pause Final Update Refs
[25.357s][info][gc,task       ] GC(26) Using 1 of 1 workers for final reference update
[25.357s][info][gc            ] GC(26) Pause Final Update Refs 0.486ms
[25.357s][info][gc,start      ] GC(26) Concurrent cleanup
[25.357s][info][gc            ] GC(26) Concurrent cleanup 414M->394M(415M) 0.092ms
[25.357s][info][gc,ergo       ] Free: 554M, Max: 256K regular, 527M humongous, Frag: 5% external, 0% internal; Reserve: 51200K, Max: 256K
[25.357s][info][gc,stats      ] 
[25.357s][info][gc,stats      ] All times are wall-clock times, except per-root-class counters, that are sum over
[25.357s][info][gc,stats      ] all workers. Dividing the <total> over the root stage time estimates parallelism.
[25.357s][info][gc,stats      ] 
[25.357s][info][gc,stats      ] Concurrent Reset                    331 us
[25.357s][info][gc,stats      ] Pause Init Mark (G)                3913 us
[25.357s][info][gc,stats      ] Pause Init Mark (N)                1462 us
[25.357s][info][gc,stats      ]   Accumulate Stats                   14 us
[25.357s][info][gc,stats      ]   Make Parsable                      16 us
[25.357s][info][gc,stats      ]   Update Region States               60 us
[25.357s][info][gc,stats      ]   Scan Roots                       1323 us, parallelism: 0.79x
[25.357s][info][gc,stats      ]     S: <total>                     1045 us
[25.357s][info][gc,stats      ]     S: Thread Roots                 386 us, workers (us): 386, 
[25.357s][info][gc,stats      ]     S: Universe Roots                 2 us, workers (us):   2, 
[25.357s][info][gc,stats      ]     S: JNI Handles Roots              1 us, workers (us):   1, 
[25.357s][info][gc,stats      ]     S: Synchronizer Roots             0 us, workers (us):   0, 
[25.357s][info][gc,stats      ]     S: Management Roots               1 us, workers (us):   1, 
[25.357s][info][gc,stats      ]     S: System Dict Roots             11 us, workers (us):  11, 
[25.357s][info][gc,stats      ]     S: CLDG Roots                   643 us, workers (us): 643, 
[25.357s][info][gc,stats      ]     S: JVMTI Roots                    1 us, workers (us):   1, 
[25.357s][info][gc,stats      ]   Resize TLABs                       10 us
[25.357s][info][gc,stats      ] Concurrent Marking               322197 us
[25.357s][info][gc,stats      ] Pause Final Mark (G)              10176 us
[25.357s][info][gc,stats      ] Pause Final Mark (N)               3082 us
[25.357s][info][gc,stats      ]   Finish Queues                      30 us
[25.357s][info][gc,stats      ]   System Purge                      303 us
[25.357s][info][gc,stats      ]     Weak Roots                      302 us
[25.357s][info][gc,stats      ]   Update Region States               82 us
[25.357s][info][gc,stats      ]   Retire TLABs                       13 us
[25.357s][info][gc,stats      ]   Choose Collection Set             108 us
[25.357s][info][gc,stats      ]   Rebuild Free Set                   16 us
[25.358s][info][gc,stats      ]   Initial Evacuation               2516 us, parallelism: 0.58x
[25.358s][info][gc,stats      ]     E: <total>                     1454 us
[25.358s][info][gc,stats      ]     E: Thread Roots                 373 us, workers (us): 373, 
[25.358s][info][gc,stats      ]     E: Code Cache Roots             426 us, workers (us): 426, 
[25.358s][info][gc,stats      ]     E: Universe Roots                 1 us, workers (us):   1, 
[25.358s][info][gc,stats      ]     E: JNI Handles Roots              1 us, workers (us):   1, 
[25.358s][info][gc,stats      ]     E: Synchronizer Roots             0 us, workers (us):   0, 
[25.358s][info][gc,stats      ]     E: Management Roots               2 us, workers (us):   2, 
[25.358s][info][gc,stats      ]     E: System Dict Roots             40 us, workers (us):  40, 
[25.358s][info][gc,stats      ]     E: CLDG Roots                   611 us, workers (us): 611, 
[25.358s][info][gc,stats      ]     E: JVMTI Roots                    0 us, workers (us):   0, 
[25.358s][info][gc,stats      ] Concurrent Cleanup                   79 us
[25.358s][info][gc,stats      ] Concurrent Evacuation              6860 us
[25.358s][info][gc,stats      ] Pause Init  Update Refs (G)        6344 us
[25.358s][info][gc,stats      ] Pause Init  Update Refs (N)          15 us
[25.358s][info][gc,stats      ]   Retire GCLABs                       7 us
[25.358s][info][gc,stats      ] Concurrent Update Refs           483500 us
[25.358s][info][gc,stats      ] Pause Final Update Refs (G)        7390 us
[25.358s][info][gc,stats      ] Pause Final Update Refs (N)         412 us
[25.358s][info][gc,stats      ]   Update Roots                      308 us, parallelism: 0.96x
[25.358s][info][gc,stats      ]     UR: <total>                     296 us
[25.358s][info][gc,stats      ]     UR: Thread Roots                296 us, workers (us): 296, 
[25.358s][info][gc,stats      ]   Update Region States               77 us
[25.358s][info][gc,stats      ]   Trash Collection Set                3 us
[25.358s][info][gc,stats      ]   Rebuild Free Set                   14 us
[25.358s][info][gc,stats      ] Concurrent Cleanup                   72 us
[25.358s][info][gc,stats      ] 
[25.358s][info][gc,stats      ] Allocation pacing accrued:
[25.358s][info][gc,stats      ]       0 of  1413 ms (  0.0%): <total>
[25.358s][info][gc,stats      ]       0 of  1413 ms (  0.0%): <average total>
[25.358s][info][gc,stats      ] 
[25.358s][info][gc,metaspace  ] Metaspace: 60221K->60221K(1103872K)
[25.358s][info][gc,ergo       ] Pacer for Idle. Initial: 20480K, Alloc Tax Rate: 1.0x
[25.359s][info][gc            ] Trigger: Learning 3 of 5. Free (552M) is below initial threshold (700M)
[25.360s][info][gc,ergo       ] Free: 552M, Max: 256K regular, 527M humongous, Frag: 5% external, 0% internal; Reserve: 51200K, Max: 256K
[25.360s][info][gc,start      ] GC(27) Concurrent reset
[25.360s][info][gc,task       ] GC(27) Using 1 of 1 workers for concurrent reset
[25.360s][info][gc,ergo       ] GC(27) Pacer for Reset. Non-Taxable: 1000M
[25.360s][info][gc            ] GC(27) Concurrent reset 0.343ms
[25.361s][info][gc,start      ] GC(27) Pause Init Mark
[25.361s][info][gc,task       ] GC(27) Using 1 of 1 workers for init marking
[25.362s][info][gc,ergo       ] GC(27) Pacer for Mark. Expected Live: 167M, Free: 552M, Non-Taxable: 56601K, Alloc Tax Rate: 0.4x
[25.362s][info][gc            ] GC(27) Pause Init Mark 1.324ms
[25.362s][info][gc,start      ] GC(27) Concurrent marking
[25.362s][info][gc,task       ] GC(27) Using 1 of 1 workers for concurrent marking
[25.650s][info][gc            ] GC(27) Concurrent marking 287.859ms
[25.650s][info][gc,start      ] GC(27) Pause Final Mark
[25.650s][info][gc,task       ] GC(27) Using 1 of 1 workers for final marking
[25.650s][info][gc,ergo       ] GC(27) Collectable Garbage: 226M (98%), Immediate: 226M (98%), CSet: 0B (0%)
[25.650s][info][gc            ] GC(27) Pause Final Mark 0.397ms
[25.650s][info][gc,start      ] GC(27) Concurrent cleanup
[25.651s][info][gc            ] GC(27) Concurrent cleanup 480M->254M(486M) 0.106ms
[25.651s][info][gc,ergo       ] GC(27) Free: 694M, Max: 256K regular, 456M humongous, Frag: 35% external, 0% internal; Reserve: 51200K, Max: 256K
[25.651s][info][gc,ergo       ] Free: 694M, Max: 256K regular, 456M humongous, Frag: 35% external, 0% internal; Reserve: 51200K, Max: 256K
[25.651s][info][gc,stats      ] 
[25.651s][info][gc,stats      ] All times are wall-clock times, except per-root-class counters, that are sum over
[25.651s][info][gc,stats      ] all workers. Dividing the <total> over the root stage time estimates parallelism.
[25.651s][info][gc,stats      ] 
[25.651s][info][gc,stats      ] Concurrent Reset                    336 us
[25.651s][info][gc,stats      ] Pause Init Mark (G)                2138 us
[25.651s][info][gc,stats      ] Pause Init Mark (N)                1304 us
[25.651s][info][gc,stats      ]   Accumulate Stats                   11 us
[25.651s][info][gc,stats      ]   Make Parsable                       9 us
[25.651s][info][gc,stats      ]   Update Region States               45 us
[25.651s][info][gc,stats      ]   Scan Roots                       1207 us, parallelism: 0.77x
[25.651s][info][gc,stats      ]     S: <total>                      924 us
[25.651s][info][gc,stats      ]     S: Thread Roots                 323 us, workers (us): 323, 
[25.651s][info][gc,stats      ]     S: Universe Roots                 3 us, workers (us):   3, 
[25.651s][info][gc,stats      ]     S: JNI Handles Roots              1 us, workers (us):   1, 
[25.651s][info][gc,stats      ]     S: Synchronizer Roots             0 us, workers (us):   0, 
[25.651s][info][gc,stats      ]     S: Management Roots               1 us, workers (us):   1, 
[25.651s][info][gc,stats      ]     S: System Dict Roots             24 us, workers (us):  24, 
[25.651s][info][gc,stats      ]     S: CLDG Roots                   571 us, workers (us): 571, 
[25.651s][info][gc,stats      ]     S: JVMTI Roots                    0 us, workers (us):   0, 
[25.651s][info][gc,stats      ]   Resize TLABs                        6 us
[25.651s][info][gc,stats      ] Concurrent Marking               287851 us
[25.651s][info][gc,stats      ] Pause Final Mark (G)                484 us
[25.651s][info][gc,stats      ] Pause Final Mark (N)                380 us
[25.651s][info][gc,stats      ]   Finish Queues                      13 us
[25.651s][info][gc,stats      ]   System Purge                      252 us
[25.651s][info][gc,stats      ]     Weak Roots                      251 us
[25.651s][info][gc,stats      ]   Update Region States               63 us
[25.651s][info][gc,stats      ]   Retire TLABs                       11 us
[25.651s][info][gc,stats      ]   Choose Collection Set              21 us
[25.651s][info][gc,stats      ]   Rebuild Free Set                   14 us
[25.651s][info][gc,stats      ] Concurrent Cleanup                   99 us
[25.651s][info][gc,stats      ] Pacing                            12763 us
[25.651s][info][gc,stats      ] 
[25.651s][info][gc,stats      ] Allocation pacing accrued:
[25.651s][info][gc,stats      ]      13 of   293 ms (  4.4%): Executor task launch worker for task 0.0 in stage 7.0 (TID 7)
[25.651s][info][gc,stats      ]      13 of   293 ms (  4.4%): <total>
[25.651s][info][gc,stats      ]       0 of   293 ms (  0.0%): <average total>
[25.651s][info][gc,stats      ]      13 of   293 ms (  4.4%): <average non-zero>
[25.651s][info][gc,stats      ] 
[25.651s][info][gc,metaspace  ] Metaspace: 60221K->60221K(1103872K)
[25.651s][info][gc,ergo       ] Pacer for Idle. Initial: 20480K, Alloc Tax Rate: 1.0x
[25.653s][info][gc            ] Trigger: Learning 4 of 5. Free (692M) is below initial threshold (700M)
[25.653s][info][gc,ergo       ] Free: 692M, Max: 256K regular, 456M humongous, Frag: 35% external, 0% internal; Reserve: 51200K, Max: 256K
[25.653s][info][gc,start      ] GC(28) Concurrent reset
[25.653s][info][gc,task       ] GC(28) Using 1 of 1 workers for concurrent reset
[25.653s][info][gc,ergo       ] GC(28) Pacer for Reset. Non-Taxable: 1000M
[25.658s][info][gc            ] GC(28) Concurrent reset 5.115ms
[25.665s][info][gc,start      ] GC(28) Pause Init Mark
[25.665s][info][gc,task       ] GC(28) Using 1 of 1 workers for init marking
[25.666s][info][gc,ergo       ] GC(28) Pacer for Mark. Expected Live: 167M, Free: 686M, Non-Taxable: 70297K, Alloc Tax Rate: 0.3x
[25.666s][info][gc            ] GC(28) Pause Init Mark 1.535ms
[25.666s][info][gc,start      ] GC(28) Concurrent marking
[25.666s][info][gc,task       ] GC(28) Using 1 of 1 workers for concurrent marking
[25.936s][info][gc            ] GC(28) Concurrent marking 269.747ms
[25.936s][info][gc,start      ] GC(28) Pause Final Mark
[25.936s][info][gc,task       ] GC(28) Using 1 of 1 workers for final marking
[25.936s][info][gc,ergo       ] GC(28) Collectable Garbage: 94976K (97%), Immediate: 94976K (97%), CSet: 0B (0%)
[25.936s][info][gc            ] GC(28) Pause Final Mark 0.401ms
[25.936s][info][gc,start      ] GC(28) Concurrent cleanup
[25.937s][info][gc            ] GC(28) Concurrent cleanup 367M->274M(486M) 0.085ms
[25.937s][info][gc,ergo       ] GC(28) Free: 674M, Max: 256K regular, 478M humongous, Frag: 30% external, 0% internal; Reserve: 51200K, Max: 256K
[25.937s][info][gc,ergo       ] Free: 674M, Max: 256K regular, 478M humongous, Frag: 30% external, 0% internal; Reserve: 51200K, Max: 256K
[25.937s][info][gc,stats      ] 
[25.937s][info][gc,stats      ] All times are wall-clock times, except per-root-class counters, that are sum over
[25.937s][info][gc,stats      ] all workers. Dividing the <total> over the root stage time estimates parallelism.
[25.937s][info][gc,stats      ] 
[25.937s][info][gc,stats      ] Concurrent Reset                   5104 us
[25.937s][info][gc,stats      ] Pause Init Mark (G)                8179 us
[25.937s][info][gc,stats      ] Pause Init Mark (N)                1487 us
[25.937s][info][gc,stats      ]   Accumulate Stats                   12 us
[25.937s][info][gc,stats      ]   Make Parsable                       9 us
[25.937s][info][gc,stats      ]   Update Region States               74 us
[25.937s][info][gc,stats      ]   Scan Roots                       1329 us, parallelism: 0.77x
[25.937s][info][gc,stats      ]     S: <total>                     1030 us
[25.937s][info][gc,stats      ]     S: Thread Roots                 383 us, workers (us): 383, 
[25.937s][info][gc,stats      ]     S: Universe Roots                 2 us, workers (us):   2, 
[25.937s][info][gc,stats      ]     S: JNI Handles Roots              2 us, workers (us):   2, 
[25.937s][info][gc,stats      ]     S: Synchronizer Roots             0 us, workers (us):   0, 
[25.937s][info][gc,stats      ]     S: Management Roots               2 us, workers (us):   2, 
[25.937s][info][gc,stats      ]     S: System Dict Roots             13 us, workers (us):  13, 
[25.937s][info][gc,stats      ]     S: CLDG Roots                   627 us, workers (us): 627, 
[25.937s][info][gc,stats      ]     S: JVMTI Roots                    1 us, workers (us):   1, 
[25.937s][info][gc,stats      ]   Resize TLABs                       11 us
[25.937s][info][gc,stats      ] Concurrent Marking               269738 us
[25.937s][info][gc,stats      ] Pause Final Mark (G)                504 us
[25.937s][info][gc,stats      ] Pause Final Mark (N)                381 us
[25.937s][info][gc,stats      ]   Finish Queues                      14 us
[25.937s][info][gc,stats      ]   System Purge                      253 us
[25.937s][info][gc,stats      ]     Weak Roots                      253 us
[25.937s][info][gc,stats      ]   Update Region States               60 us
[25.937s][info][gc,stats      ]   Retire TLABs                       11 us
[25.937s][info][gc,stats      ]   Choose Collection Set              20 us
[25.937s][info][gc,stats      ]   Rebuild Free Set                   15 us
[25.937s][info][gc,stats      ] Concurrent Cleanup                   78 us
[25.937s][info][gc,stats      ] Pacing                             9694 us
[25.937s][info][gc,stats      ] 
[25.937s][info][gc,stats      ] Allocation pacing accrued:
[25.937s][info][gc,stats      ]      10 of   286 ms (  3.4%): Executor task launch worker for task 0.0 in stage 7.0 (TID 7)
[25.937s][info][gc,stats      ]      10 of   286 ms (  3.4%): <total>
[25.937s][info][gc,stats      ]       0 of   286 ms (  0.0%): <average total>
[25.937s][info][gc,stats      ]      10 of   286 ms (  3.4%): <average non-zero>
[25.937s][info][gc,stats      ] 
[25.937s][info][gc,metaspace  ] Metaspace: 60221K->60221K(1103872K)
[25.937s][info][gc,ergo       ] Pacer for Idle. Initial: 20480K, Alloc Tax Rate: 1.0x
[25.938s][info][gc            ] Trigger: Learning 5 of 5. Free (674M) is below initial threshold (700M)
[25.938s][info][gc,ergo       ] Free: 674M, Max: 256K regular, 478M humongous, Frag: 30% external, 0% internal; Reserve: 51200K, Max: 256K
[25.938s][info][gc,start      ] GC(29) Concurrent reset
[25.938s][info][gc,task       ] GC(29) Using 1 of 1 workers for concurrent reset
[25.938s][info][gc,ergo       ] GC(29) Pacer for Reset. Non-Taxable: 1000M
[25.938s][info][gc            ] GC(29) Concurrent reset 0.324ms
[25.938s][info][gc,start      ] GC(29) Pause Init Mark
[25.938s][info][gc,task       ] GC(29) Using 1 of 1 workers for init marking
[25.940s][info][gc,ergo       ] GC(29) Pacer for Mark. Expected Live: 166M, Free: 674M, Non-Taxable: 69068K, Alloc Tax Rate: 0.3x
[25.940s][info][gc            ] GC(29) Pause Init Mark 1.325ms
[25.943s][info][gc,start      ] GC(29) Concurrent marking
[25.943s][info][gc,task       ] GC(29) Using 1 of 1 workers for concurrent marking
[26.124s][info][gc            ] GC(29) Concurrent marking 181.310ms
[26.124s][info][gc,start      ] GC(29) Pause Final Mark
[26.124s][info][gc,task       ] GC(29) Using 1 of 1 workers for final marking
[26.125s][info][gc,ergo       ] GC(29) Collectable Garbage: 104M (97%), Immediate: 104M (97%), CSet: 0B (0%)
[26.125s][info][gc            ] GC(29) Pause Final Mark 0.405ms
[26.125s][info][gc,start      ] GC(29) Concurrent cleanup
[26.125s][info][gc            ] GC(29) Concurrent cleanup 378M->273M(486M) 0.087ms
[26.125s][info][gc,ergo       ] GC(29) Free: 675M, Max: 256K regular, 560M humongous, Frag: 18% external, 0% internal; Reserve: 51200K, Max: 256K
[26.125s][info][gc,ergo       ] Free: 675M, Max: 256K regular, 560M humongous, Frag: 18% external, 0% internal; Reserve: 51200K, Max: 256K
[26.125s][info][gc,stats      ] 
[26.125s][info][gc,stats      ] All times are wall-clock times, except per-root-class counters, that are sum over
[26.125s][info][gc,stats      ] all workers. Dividing the <total> over the root stage time estimates parallelism.
[26.125s][info][gc,stats      ] 
[26.125s][info][gc,stats      ] Concurrent Reset                    317 us
[26.125s][info][gc,stats      ] Pause Init Mark (G)                4701 us
[26.125s][info][gc,stats      ] Pause Init Mark (N)                1316 us
[26.125s][info][gc,stats      ]   Accumulate Stats                   11 us
[26.125s][info][gc,stats      ]   Make Parsable                       8 us
[26.125s][info][gc,stats      ]   Update Region States               35 us
[26.125s][info][gc,stats      ]   Scan Roots                       1229 us, parallelism: 0.77x
[26.125s][info][gc,stats      ]     S: <total>                      945 us
[26.125s][info][gc,stats      ]     S: Thread Roots                 341 us, workers (us): 341, 
[26.125s][info][gc,stats      ]     S: Universe Roots                 3 us, workers (us):   3, 
[26.125s][info][gc,stats      ]     S: JNI Handles Roots              2 us, workers (us):   2, 
[26.125s][info][gc,stats      ]     S: Synchronizer Roots             0 us, workers (us):   0, 
[26.125s][info][gc,stats      ]     S: Management Roots               1 us, workers (us):   1, 
[26.125s][info][gc,stats      ]     S: System Dict Roots             12 us, workers (us):  12, 
[26.125s][info][gc,stats      ]     S: CLDG Roots                   587 us, workers (us): 587, 
[26.125s][info][gc,stats      ]     S: JVMTI Roots                    0 us, workers (us):   0, 
[26.125s][info][gc,stats      ]   Resize TLABs                        7 us
[26.125s][info][gc,stats      ] Concurrent Marking               181275 us
[26.125s][info][gc,stats      ] Pause Final Mark (G)                490 us
[26.125s][info][gc,stats      ] Pause Final Mark (N)                394 us
[26.125s][info][gc,stats      ]   Finish Queues                      11 us
[26.125s][info][gc,stats      ]   System Purge                      265 us
[26.125s][info][gc,stats      ]     Weak Roots                      265 us
[26.125s][info][gc,stats      ]   Update Region States               64 us
[26.125s][info][gc,stats      ]   Retire TLABs                       14 us
[26.125s][info][gc,stats      ]   Choose Collection Set              22 us
[26.125s][info][gc,stats      ]   Rebuild Free Set                   13 us
[26.125s][info][gc,stats      ] Concurrent Cleanup                   80 us
[26.125s][info][gc,stats      ] Pacing                            23466 us
[26.125s][info][gc,stats      ] 
[26.125s][info][gc,stats      ] Allocation pacing accrued:
[26.125s][info][gc,stats      ]      23 of   188 ms ( 12.5%): Executor task launch worker for task 0.0 in stage 7.0 (TID 7)
[26.125s][info][gc,stats      ]      23 of   188 ms ( 12.5%): <total>
[26.125s][info][gc,stats      ]       0 of   188 ms (  0.1%): <average total>
[26.125s][info][gc,stats      ]      23 of   188 ms ( 12.5%): <average non-zero>
[26.125s][info][gc,stats      ] 
[26.125s][info][gc,metaspace  ] Metaspace: 60221K->60221K(1103872K)
[26.125s][info][gc,ergo       ] Pacer for Idle. Initial: 20480K, Alloc Tax Rate: 1.0x
[26.420s][info][gc            ] Trigger: Average GC time (350.67 ms) is above the time for allocation rate (876 MB/s) to deplete free headroom (307M)
[26.420s][info][gc,ergo       ] Free headroom: 357M (free) - 51200K (spike) - 0B (penalties) = 307M
[26.420s][info][gc,ergo       ] Free: 357M, Max: 256K regular, 345M humongous, Frag: 4% external, 0% internal; Reserve: 51200K, Max: 256K
[26.420s][info][gc,start      ] GC(30) Concurrent reset
[26.420s][info][gc,task       ] GC(30) Using 1 of 1 workers for concurrent reset
[26.420s][info][gc,ergo       ] GC(30) Pacer for Reset. Non-Taxable: 1000M
[26.420s][info][gc            ] GC(30) Concurrent reset 0.342ms
[26.423s][info][gc,start      ] GC(30) Pause Init Mark (process weakrefs)
[26.423s][info][gc,task       ] GC(30) Using 1 of 1 workers for init marking
[26.424s][info][gc,ergo       ] GC(30) Pacer for Mark. Expected Live: 166M, Free: 357M, Non-Taxable: 36556K, Alloc Tax Rate: 0.6x
[26.424s][info][gc            ] GC(30) Pause Init Mark (process weakrefs) 1.328ms
[26.424s][info][gc,start      ] GC(30) Concurrent marking (process weakrefs)
[26.424s][info][gc,task       ] GC(30) Using 1 of 1 workers for concurrent marking
[26.583s][info][gc            ] GC(30) Concurrent marking (process weakrefs) 159.023ms
[26.583s][info][gc,start      ] GC(30) Concurrent precleaning
[26.583s][info][gc,task       ] GC(30) Using 1 of 1 workers for concurrent preclean
[26.583s][info][gc,ergo       ] GC(30) Pacer for Precleaning. Non-Taxable: 1000M
[26.584s][info][gc            ] GC(30) Concurrent precleaning 0.518ms
[26.584s][info][gc,start      ] GC(30) Pause Final Mark (process weakrefs)
[26.584s][info][gc,task       ] GC(30) Using 1 of 1 workers for final marking
[26.584s][info][gc,ergo       ] GC(30) Collectable Garbage: 422M (99%), Immediate: 422M (99%), CSet: 0B (0%)
[26.584s][info][gc            ] GC(30) Pause Final Mark (process weakrefs) 0.450ms
[26.584s][info][gc,start      ] GC(30) Concurrent cleanup
[26.584s][info][gc            ] GC(30) Concurrent cleanup 647M->225M(650M) 0.135ms
[26.584s][info][gc,ergo       ] GC(30) Free: 724M, Max: 256K regular, 290M humongous, Frag: 60% external, 0% internal; Reserve: 51200K, Max: 256K
[26.584s][info][gc,ergo       ] Free: 724M, Max: 256K regular, 290M humongous, Frag: 60% external, 0% internal; Reserve: 51200K, Max: 256K
[26.584s][info][gc,stats      ] 
[26.584s][info][gc,stats      ] All times are wall-clock times, except per-root-class counters, that are sum over
[26.584s][info][gc,stats      ] all workers. Dividing the <total> over the root stage time estimates parallelism.
[26.584s][info][gc,stats      ] 
[26.584s][info][gc,stats      ] Concurrent Reset                    333 us
[26.584s][info][gc,stats      ] Pause Init Mark (G)                3760 us
[26.584s][info][gc,stats      ] Pause Init Mark (N)                1303 us
[26.584s][info][gc,stats      ]   Accumulate Stats                   12 us
[26.584s][info][gc,stats      ]   Make Parsable                       9 us
[26.584s][info][gc,stats      ]   Update Region States               47 us
[26.584s][info][gc,stats      ]   Scan Roots                       1198 us, parallelism: 0.76x
[26.584s][info][gc,stats      ]     S: <total>                      908 us
[26.584s][info][gc,stats      ]     S: Thread Roots                 343 us, workers (us): 343, 
[26.584s][info][gc,stats      ]     S: Universe Roots                 2 us, workers (us):   2, 
[26.584s][info][gc,stats      ]     S: JNI Handles Roots              2 us, workers (us):   2, 
[26.584s][info][gc,stats      ]     S: Synchronizer Roots             0 us, workers (us):   0, 
[26.584s][info][gc,stats      ]     S: Management Roots               2 us, workers (us):   2, 
[26.584s][info][gc,stats      ]     S: System Dict Roots             11 us, workers (us):  11, 
[26.584s][info][gc,stats      ]     S: CLDG Roots                   547 us, workers (us): 547, 
[26.584s][info][gc,stats      ]     S: JVMTI Roots                    0 us, workers (us):   0, 
[26.584s][info][gc,stats      ]   Resize TLABs                        7 us
[26.584s][info][gc,stats      ] Concurrent Marking               159014 us
[26.584s][info][gc,stats      ] Concurrent Precleaning              511 us
[26.584s][info][gc,stats      ] Pause Final Mark (G)                546 us
[26.584s][info][gc,stats      ] Pause Final Mark (N)                442 us
[26.584s][info][gc,stats      ]   Finish Queues                      11 us
[26.584s][info][gc,stats      ]   Weak References                    19 us
[26.584s][info][gc,stats      ]     Process                          17 us
[26.584s][info][gc,stats      ]   System Purge                      293 us
[26.584s][info][gc,stats      ]     Weak Roots                      293 us
[26.584s][info][gc,stats      ]   Update Region States               61 us
[26.584s][info][gc,stats      ]   Retire TLABs                       14 us
[26.584s][info][gc,stats      ]   Choose Collection Set              26 us
[26.584s][info][gc,stats      ]   Rebuild Free Set                   13 us
[26.584s][info][gc,stats      ] Concurrent Cleanup                  128 us
[26.584s][info][gc,stats      ] Pacing                            44436 us
[26.584s][info][gc,stats      ] 
[26.585s][info][gc,stats      ] Allocation pacing accrued:
[26.585s][info][gc,stats      ]      44 of   460 ms (  9.7%): Executor task launch worker for task 0.0 in stage 7.0 (TID 7)
[26.585s][info][gc,stats      ]      44 of   460 ms (  9.7%): <total>
[26.585s][info][gc,stats      ]       0 of   460 ms (  0.1%): <average total>
[26.585s][info][gc,stats      ]      44 of   460 ms (  9.7%): <average non-zero>
[26.585s][info][gc,stats      ] 
[26.585s][info][gc,metaspace  ] Metaspace: 60221K->60221K(1103872K)
[26.585s][info][gc,ergo       ] Pacer for Idle. Initial: 20480K, Alloc Tax Rate: 1.0x
[26.886s][info][gc            ] Trigger: Average GC time (354.66 ms) is above the time for allocation rate (892 MB/s) to deplete free headroom (313M)
[26.886s][info][gc,ergo       ] Free headroom: 363M (free) - 51200K (spike) - 0B (penalties) = 313M
[26.886s][info][gc,ergo       ] Free: 363M, Max: 256K regular, 290M humongous, Frag: 21% external, 0% internal; Reserve: 51200K, Max: 256K
[26.886s][info][gc,start      ] GC(31) Concurrent reset
[26.886s][info][gc,task       ] GC(31) Using 1 of 1 workers for concurrent reset
[26.886s][info][gc,ergo       ] GC(31) Pacer for Reset. Non-Taxable: 1000M
[26.886s][info][gc            ] GC(31) Concurrent reset 0.304ms
[26.889s][info][gc,start      ] GC(31) Pause Init Mark
[26.889s][info][gc,task       ] GC(31) Using 1 of 1 workers for init marking
[26.890s][info][gc,ergo       ] GC(31) Pacer for Mark. Expected Live: 167M, Free: 363M, Non-Taxable: 37222K, Alloc Tax Rate: 0.6x
[26.890s][info][gc            ] GC(31) Pause Init Mark 1.357ms
[26.890s][info][gc,start      ] GC(31) Concurrent marking
[26.890s][info][gc,task       ] GC(31) Using 1 of 1 workers for concurrent marking
[27.064s][info][gc            ] GC(31) Concurrent marking 173.463ms
[27.064s][info][gc,start      ] GC(31) Pause Final Mark
[27.064s][info][gc,task       ] GC(31) Using 1 of 1 workers for final marking
[27.065s][info][gc,ergo       ] GC(31) Collectable Garbage: 414M (99%), Immediate: 414M (99%), CSet: 0B (0%)
[27.065s][info][gc            ] GC(31) Pause Final Mark 0.585ms
[27.065s][info][gc,start      ] GC(31) Concurrent cleanup
[27.065s][info][gc            ] GC(31) Concurrent cleanup 642M->227M(650M) 0.222ms
[27.065s][info][gc,ergo       ] GC(31) Free: 721M, Max: 256K regular, 351M humongous, Frag: 52% external, 0% internal; Reserve: 51200K, Max: 256K
[27.065s][info][gc,ergo       ] Free: 721M, Max: 256K regular, 351M humongous, Frag: 52% external, 0% internal; Reserve: 51200K, Max: 256K
[27.065s][info][gc,stats      ] 
[27.065s][info][gc,stats      ] All times are wall-clock times, except per-root-class counters, that are sum over
[27.065s][info][gc,stats      ] all workers. Dividing the <total> over the root stage time estimates parallelism.
[27.065s][info][gc,stats      ] 
[27.065s][info][gc,stats      ] Concurrent Reset                    296 us
[27.065s][info][gc,stats      ] Pause Init Mark (G)                3804 us
[27.065s][info][gc,stats      ] Pause Init Mark (N)                1326 us
[27.065s][info][gc,stats      ]   Accumulate Stats                   15 us
[27.065s][info][gc,stats      ]   Make Parsable                      12 us
[27.065s][info][gc,stats      ]   Update Region States               59 us
[27.065s][info][gc,stats      ]   Scan Roots                       1202 us, parallelism: 0.77x
[27.065s][info][gc,stats      ]     S: <total>                      922 us
[27.065s][info][gc,stats      ]     S: Thread Roots                 361 us, workers (us): 361, 
[27.065s][info][gc,stats      ]     S: Universe Roots                 3 us, workers (us):   3, 
[27.065s][info][gc,stats      ]     S: JNI Handles Roots              1 us, workers (us):   1, 
[27.065s][info][gc,stats      ]     S: Synchronizer Roots             0 us, workers (us):   0, 
[27.065s][info][gc,stats      ]     S: Management Roots               2 us, workers (us):   2, 
[27.065s][info][gc,stats      ]     S: System Dict Roots             11 us, workers (us):  11, 
[27.065s][info][gc,stats      ]     S: CLDG Roots                   543 us, workers (us): 543, 
[27.065s][info][gc,stats      ]     S: JVMTI Roots                    0 us, workers (us):   0, 
[27.065s][info][gc,stats      ]   Resize TLABs                        8 us
[27.065s][info][gc,stats      ] Concurrent Marking               173454 us
[27.065s][info][gc,stats      ] Pause Final Mark (G)                765 us
[27.065s][info][gc,stats      ] Pause Final Mark (N)                568 us
[27.065s][info][gc,stats      ]   Finish Queues                      23 us
[27.065s][info][gc,stats      ]   System Purge                      352 us
[27.065s][info][gc,stats      ]     Weak Roots                      351 us
[27.065s][info][gc,stats      ]   Update Region States              106 us
[27.065s][info][gc,stats      ]   Retire TLABs                       20 us
[27.065s][info][gc,stats      ]   Choose Collection Set              45 us
[27.065s][info][gc,stats      ]   Rebuild Free Set                   15 us
[27.065s][info][gc,stats      ] Concurrent Cleanup                  206 us
[27.065s][info][gc,stats      ] Pacing                            60027 us
[27.065s][info][gc,stats      ] 
[27.065s][info][gc,stats      ] Allocation pacing accrued:
[27.065s][info][gc,stats      ]      60 of   481 ms ( 12.5%): Executor task launch worker for task 0.0 in stage 7.0 (TID 7)
[27.065s][info][gc,stats      ]      60 of   481 ms ( 12.5%): <total>
[27.065s][info][gc,stats      ]       1 of   481 ms (  0.1%): <average total>
[27.065s][info][gc,stats      ]      60 of   481 ms ( 12.5%): <average non-zero>
[27.065s][info][gc,stats      ] 
[27.065s][info][gc,metaspace  ] Metaspace: 60222K->60222K(1103872K)
[27.065s][info][gc,ergo       ] Pacer for Idle. Initial: 20480K, Alloc Tax Rate: 1.0x
[27.524s][info][gc            ] Trigger: Average GC time (221.07 ms) is above the time for allocation rate (848 MB/s) to deplete free headroom (186M)
[27.524s][info][gc,ergo       ] Free headroom: 236M (free) - 51200K (spike) - 0B (penalties) = 186M
[27.524s][info][gc,ergo       ] Free: 236M, Max: 256K regular, 225M humongous, Frag: 5% external, 0% internal; Reserve: 51200K, Max: 256K
[27.524s][info][gc,start      ] GC(32) Concurrent reset
[27.524s][info][gc,task       ] GC(32) Using 1 of 1 workers for concurrent reset
[27.524s][info][gc,ergo       ] GC(32) Pacer for Reset. Non-Taxable: 1000M
[27.525s][info][gc            ] GC(32) Concurrent reset 0.370ms
[27.527s][info][gc,start      ] GC(32) Pause Init Mark
[27.527s][info][gc,task       ] GC(32) Using 1 of 1 workers for init marking
[27.528s][info][gc,ergo       ] GC(32) Pacer for Mark. Expected Live: 167M, Free: 236M, Non-Taxable: 24243K, Alloc Tax Rate: 0.9x
[27.528s][info][gc            ] GC(32) Pause Init Mark 1.361ms
[27.528s][info][gc,start      ] GC(32) Concurrent marking
[27.528s][info][gc,task       ] GC(32) Using 1 of 1 workers for concurrent marking
[27.707s][info][gc            ] GC(32) Concurrent marking 178.272ms
[27.707s][info][gc,start      ] GC(32) Pause Final Mark
[27.707s][info][gc,task       ] GC(32) Using 1 of 1 workers for final marking
[27.707s][info][gc,ergo       ] GC(32) Collectable Garbage: 541M (99%), Immediate: 541M (99%), CSet: 0B (0%)
[27.707s][info][gc            ] GC(32) Pause Final Mark 0.423ms
[27.711s][info][gc,start      ] GC(32) Concurrent cleanup
[27.711s][info][gc            ] GC(32) Concurrent cleanup 750M->213M(753M) 0.173ms
[27.711s][info][gc,ergo       ] GC(32) Free: 735M, Max: 256K regular, 214M humongous, Frag: 71% external, 0% internal; Reserve: 51200K, Max: 256K
[27.711s][info][gc,ergo       ] Free: 735M, Max: 256K regular, 214M humongous, Frag: 71% external, 0% internal; Reserve: 51200K, Max: 256K
[27.711s][info][gc,stats      ] 
[27.711s][info][gc,stats      ] All times are wall-clock times, except per-root-class counters, that are sum over
[27.711s][info][gc,stats      ] all workers. Dividing the <total> over the root stage time estimates parallelism.
[27.711s][info][gc,stats      ] 
[27.711s][info][gc,stats      ] Concurrent Reset                    362 us
[27.711s][info][gc,stats      ] Pause Init Mark (G)                3801 us
[27.711s][info][gc,stats      ] Pause Init Mark (N)                1331 us
[27.711s][info][gc,stats      ]   Accumulate Stats                   14 us
[27.711s][info][gc,stats      ]   Make Parsable                       9 us
[27.711s][info][gc,stats      ]   Update Region States               55 us
[27.711s][info][gc,stats      ]   Scan Roots                       1208 us, parallelism: 0.77x
[27.711s][info][gc,stats      ]     S: <total>                      925 us
[27.711s][info][gc,stats      ]     S: Thread Roots                 352 us, workers (us): 352, 
[27.711s][info][gc,stats      ]     S: Universe Roots                 3 us, workers (us):   3, 
[27.711s][info][gc,stats      ]     S: JNI Handles Roots              2 us, workers (us):   2, 
[27.711s][info][gc,stats      ]     S: Synchronizer Roots             0 us, workers (us):   0, 
[27.711s][info][gc,stats      ]     S: Management Roots               1 us, workers (us):   1, 
[27.711s][info][gc,stats      ]     S: System Dict Roots             11 us, workers (us):  11, 
[27.711s][info][gc,stats      ]     S: CLDG Roots                   555 us, workers (us): 555, 
[27.711s][info][gc,stats      ]     S: JVMTI Roots                    0 us, workers (us):   0, 
[27.711s][info][gc,stats      ]   Resize TLABs                        8 us
[27.711s][info][gc,stats      ] Concurrent Marking               178263 us
[27.711s][info][gc,stats      ] Pause Final Mark (G)               3975 us
[27.711s][info][gc,stats      ] Pause Final Mark (N)                410 us
[27.711s][info][gc,stats      ]   Finish Queues                      11 us
[27.711s][info][gc,stats      ]   System Purge                      282 us
[27.711s][info][gc,stats      ]     Weak Roots                      282 us
[27.711s][info][gc,stats      ]   Update Region States               62 us
[27.711s][info][gc,stats      ]   Retire TLABs                        9 us
[27.711s][info][gc,stats      ]   Choose Collection Set              26 us
[27.711s][info][gc,stats      ]   Rebuild Free Set                   13 us
[27.711s][info][gc,stats      ] Concurrent Cleanup                  150 us
[27.711s][info][gc,stats      ] Pacing                           121975 us
[27.711s][info][gc,stats      ] 
[27.711s][info][gc,stats      ] Allocation pacing accrued:
[27.711s][info][gc,stats      ]      13 of   646 ms (  2.0%): Spark Context Cleaner
[27.711s][info][gc,stats      ]     109 of   646 ms ( 16.9%): Executor task launch worker for task 0.0 in stage 7.0 (TID 7)
[27.711s][info][gc,stats      ]     122 of   646 ms ( 18.9%): <total>
[27.711s][info][gc,stats      ]       1 of   646 ms (  0.2%): <average total>
[27.711s][info][gc,stats      ]      61 of   646 ms (  9.4%): <average non-zero>
[27.711s][info][gc,stats      ] 
[27.711s][info][gc,metaspace  ] Metaspace: 60222K->60222K(1103872K)
[27.711s][info][gc,ergo       ] Pacer for Idle. Initial: 20480K, Alloc Tax Rate: 1.0x
[28.094s][info][gc            ] Trigger: Explicit GC request (System.gc())
[28.094s][info][gc,ergo       ] Free: 385M, Max: 256K regular, 187M humongous, Frag: 52% external, 0% internal; Reserve: 51200K, Max: 256K
[28.094s][info][gc,start      ] GC(33) Concurrent reset
[28.094s][info][gc,task       ] GC(33) Using 1 of 1 workers for concurrent reset
[28.094s][info][gc,ergo       ] GC(33) Pacer for Reset. Non-Taxable: 1000M
[28.095s][info][gc            ] GC(33) Concurrent reset 0.335ms
[28.095s][info][gc,start      ] GC(33) Pause Init Mark (process weakrefs) (unload classes)
[28.095s][info][gc,task       ] GC(33) Using 1 of 1 workers for init marking
[28.096s][info][gc,ergo       ] GC(33) Pacer for Mark. Expected Live: 167M, Free: 385M, Non-Taxable: 39515K, Alloc Tax Rate: 0.5x
[28.096s][info][gc            ] GC(33) Pause Init Mark (process weakrefs) (unload classes) 0.911ms
[28.096s][info][gc,start      ] GC(33) Concurrent marking (process weakrefs) (unload classes)
[28.096s][info][gc,task       ] GC(33) Using 1 of 1 workers for concurrent marking
[28.220s][info][gc            ] GC(33) Concurrent marking (process weakrefs) (unload classes) 124.420ms
[28.220s][info][gc,start      ] GC(33) Concurrent precleaning
[28.220s][info][gc,task       ] GC(33) Using 1 of 1 workers for concurrent preclean
[28.220s][info][gc,ergo       ] GC(33) Pacer for Precleaning. Non-Taxable: 1000M
[28.220s][info][gc            ] GC(33) Concurrent precleaning 0.288ms
[28.221s][info][gc,start      ] GC(33) Pause Final Mark (process weakrefs) (unload classes)
[28.221s][info][gc,task       ] GC(33) Using 1 of 1 workers for final marking
[28.243s][info][gc,stringtable] GC(33) Cleaned string and symbol table, strings: 18368 processed, 0 removed, symbols: 131958 processed, 200 removed
[28.244s][info][gc,ergo       ] GC(33) Collectable Garbage: 390M (98%), Immediate: 390M (98%), CSet: 0B (0%)
[28.244s][info][gc            ] GC(33) Pause Final Mark (process weakrefs) (unload classes) 22.981ms
[28.244s][info][gc,start      ] GC(33) Concurrent cleanup
[28.244s][info][gc            ] GC(33) Concurrent cleanup 562M->172M(753M) 0.132ms
[28.244s][info][gc,ergo       ] GC(33) Free: 776M, Max: 256K regular, 412M humongous, Frag: 47% external, 0% internal; Reserve: 51200K, Max: 256K
[28.244s][info][gc,ergo       ] Free: 776M, Max: 256K regular, 412M humongous, Frag: 47% external, 0% internal; Reserve: 51200K, Max: 256K
[28.244s][info][gc,stats      ] 
[28.244s][info][gc,stats      ] All times are wall-clock times, except per-root-class counters, that are sum over
[28.244s][info][gc,stats      ] all workers. Dividing the <total> over the root stage time estimates parallelism.
[28.244s][info][gc,stats      ] 
[28.244s][info][gc,stats      ] Concurrent Reset                    321 us
[28.244s][info][gc,stats      ] Pause Init Mark (G)                1110 us
[28.244s][info][gc,stats      ] Pause Init Mark (N)                 896 us
[28.244s][info][gc,stats      ]   Accumulate Stats                   11 us
[28.244s][info][gc,stats      ]   Make Parsable                      12 us
[28.244s][info][gc,stats      ]   Update Region States               40 us
[28.244s][info][gc,stats      ]   Scan Roots                        795 us, parallelism: 0.55x
[28.244s][info][gc,stats      ]     S: <total>                      438 us
[28.244s][info][gc,stats      ]     S: Thread Roots                 319 us, workers (us): 319, 
[28.244s][info][gc,stats      ]     S: Universe Roots                 2 us, workers (us):   2, 
[28.244s][info][gc,stats      ]     S: JNI Handles Roots              2 us, workers (us):   2, 
[28.244s][info][gc,stats      ]     S: Synchronizer Roots             0 us, workers (us):   0, 
[28.244s][info][gc,stats      ]     S: Management Roots               2 us, workers (us):   2, 
[28.244s][info][gc,stats      ]     S: System Dict Roots             12 us, workers (us):  12, 
[28.244s][info][gc,stats      ]     S: CLDG Roots                   101 us, workers (us): 101, 
[28.244s][info][gc,stats      ]     S: JVMTI Roots                    0 us, workers (us):   0, 
[28.244s][info][gc,stats      ]   Resize TLABs                        6 us
[28.244s][info][gc,stats      ] Concurrent Marking               124411 us
[28.244s][info][gc,stats      ] Concurrent Precleaning              280 us
[28.244s][info][gc,stats      ] Pause Final Mark (G)              23145 us
[28.244s][info][gc,stats      ] Pause Final Mark (N)              22972 us
[28.244s][info][gc,stats      ]   Finish Queues                      66 us
[28.244s][info][gc,stats      ]   Weak References                    48 us
[28.244s][info][gc,stats      ]     Process                          46 us
[28.244s][info][gc,stats      ]   System Purge                      272 us
[28.244s][info][gc,stats      ]     Unload Classes                 1082 us
[28.244s][info][gc,stats      ]     Cleanup                       21113 us, parallelism: 1.00x
[28.244s][info][gc,stats      ]       CU: <total>                 21018 us
[28.244s][info][gc,stats      ]       CU: Code Cache Roots         7264 us, workers (us): 7264, 
[28.244s][info][gc,stats      ]       CU: Code Cache Cleaning      1391 us, workers (us): 1391, 
[28.244s][info][gc,stats      ]       CU: String Table Roots       6258 us, workers (us): 6258, 
[28.244s][info][gc,stats      ]       CU: Resolved Table Roots      177 us, workers (us): 177, 
[28.244s][info][gc,stats      ]       CU: CLDG Roots               5927 us, workers (us): 5927, 
[28.244s][info][gc,stats      ]     Weak Roots                      271 us
[28.244s][info][gc,stats      ]     CLDG                            225 us
[28.244s][info][gc,stats      ]   Update Region States               82 us
[28.244s][info][gc,stats      ]   Retire TLABs                       28 us
[28.244s][info][gc,stats      ]   Choose Collection Set              36 us
[28.244s][info][gc,stats      ]   Rebuild Free Set                   13 us
[28.244s][info][gc,stats      ] Concurrent Cleanup                  123 us
[28.244s][info][gc,stats      ] 
[28.244s][info][gc,stats      ] Allocation pacing accrued:
[28.244s][info][gc,stats      ]       0 of   533 ms (  0.0%): <total>
[28.244s][info][gc,stats      ]       0 of   533 ms (  0.0%): <average total>
[28.244s][info][gc,stats      ] 
[28.244s][info][gc,metaspace  ] Metaspace: 60296K->59918K(1103872K)
[28.244s][info][gc,ergo       ] Pacer for Idle. Initial: 20480K, Alloc Tax Rate: 1.0x
[28.244s][info][gc,start      ] Concurrent uncommit
[28.272s][info][gc            ] Concurrent uncommit 172M->172M(173M) 28.115ms
[28.793s][info][gc            ] Trigger: Learning 2 of 5. Free (698M) is below initial threshold (700M)
[28.793s][info][gc,ergo       ] Free: 698M, Max: 256K regular, 412M humongous, Frag: 41% external, 0% internal; Reserve: 51200K, Max: 256K
[28.793s][info][gc,start      ] GC(34) Concurrent reset
[28.793s][info][gc,task       ] GC(34) Using 1 of 1 workers for concurrent reset
[28.793s][info][gc,ergo       ] GC(34) Pacer for Reset. Non-Taxable: 1000M
[28.793s][info][gc            ] GC(34) Concurrent reset 0.344ms
[28.799s][info][gc,start      ] GC(34) Pause Init Mark
[28.799s][info][gc,task       ] GC(34) Using 1 of 1 workers for init marking
[28.800s][info][gc,ergo       ] GC(34) Pacer for Mark. Expected Live: 166M, Free: 698M, Non-Taxable: 71541K, Alloc Tax Rate: 0.3x
[28.800s][info][gc            ] GC(34) Pause Init Mark 1.517ms
[28.800s][info][gc,start      ] GC(34) Concurrent marking
[28.800s][info][gc,task       ] GC(34) Using 1 of 1 workers for concurrent marking
[29.096s][info][gc            ] GC(34) Concurrent marking 295.553ms
[29.102s][info][gc,start      ] GC(34) Pause Final Mark
[29.102s][info][gc,task       ] GC(34) Using 1 of 1 workers for final marking
[29.102s][info][gc,ergo       ] GC(34) Adaptive CSet Selection. Target Free: 141M, Actual Free: 720M, Max CSet: 42666K, Min Garbage: 0B
[29.102s][info][gc,ergo       ] GC(34) Collectable Garbage: 79430K (97%), Immediate: 62235K (76%), CSet: 17195K (21%)
[29.105s][info][gc,ergo       ] GC(34) Pacer for Evacuation. Used CSet: 18768K, Free: 673M, Non-Taxable: 68992K, Alloc Tax Rate: 1.1x
[29.105s][info][gc            ] GC(34) Pause Final Mark 3.758ms
[29.105s][info][gc,start      ] GC(34) Concurrent cleanup
[29.106s][info][gc            ] GC(34) Concurrent cleanup 336M->275M(341M) 0.092ms
[29.106s][info][gc,ergo       ] GC(34) Free: 673M, Max: 256K regular, 412M humongous, Frag: 39% external, 0% internal; Reserve: 50688K, Max: 256K
[29.106s][info][gc,start      ] GC(34) Concurrent evacuation
[29.106s][info][gc,task       ] GC(34) Using 1 of 1 workers for concurrent evacuation
[29.114s][info][gc            ] GC(34) Concurrent evacuation 8.229ms
[29.119s][info][gc,start      ] GC(34) Pause Init Update Refs
[29.119s][info][gc,ergo       ] GC(34) Pacer for Update Refs. Used: 281M, Free: 669M, Non-Taxable: 68505K, Alloc Tax Rate: 1.1x
[29.119s][info][gc            ] GC(34) Pause Init Update Refs 0.065ms
[29.119s][info][gc,start      ] GC(34) Concurrent update references
[29.119s][info][gc,task       ] GC(34) Using 1 of 1 workers for concurrent reference update
[29.570s][info][gc            ] GC(34) Concurrent update references 450.260ms
[29.573s][info][gc,start      ] GC(34) Pause Final Update Refs
[29.573s][info][gc,task       ] GC(34) Using 1 of 1 workers for final reference update
[29.577s][info][gc            ] GC(34) Pause Final Update Refs 3.873ms
[29.577s][info][gc,start      ] GC(34) Concurrent cleanup
[29.577s][info][gc            ] GC(34) Concurrent cleanup 406M->388M(408M) 0.078ms
[29.577s][info][gc,ergo       ] Free: 560M, Max: 256K regular, 534M humongous, Frag: 5% external, 0% internal; Reserve: 51200K, Max: 256K
[29.577s][info][gc,stats      ] 
[29.577s][info][gc,stats      ] All times are wall-clock times, except per-root-class counters, that are sum over
[29.577s][info][gc,stats      ] all workers. Dividing the <total> over the root stage time estimates parallelism.
[29.577s][info][gc,stats      ] 
[29.577s][info][gc,stats      ] Concurrent Reset                    329 us
[29.577s][info][gc,stats      ] Pause Init Mark (G)                7004 us
[29.577s][info][gc,stats      ] Pause Init Mark (N)                1468 us
[29.577s][info][gc,stats      ]   Accumulate Stats                   14 us
[29.577s][info][gc,stats      ]   Make Parsable                      17 us
[29.577s][info][gc,stats      ]   Update Region States               65 us
[29.577s][info][gc,stats      ]   Scan Roots                       1326 us, parallelism: 0.79x
[29.577s][info][gc,stats      ]     S: <total>                     1048 us
[29.577s][info][gc,stats      ]     S: Thread Roots                 414 us, workers (us): 414, 
[29.577s][info][gc,stats      ]     S: Universe Roots                 2 us, workers (us):   2, 
[29.577s][info][gc,stats      ]     S: JNI Handles Roots              2 us, workers (us):   2, 
[29.577s][info][gc,stats      ]     S: Synchronizer Roots             0 us, workers (us):   0, 
[29.577s][info][gc,stats      ]     S: Management Roots               1 us, workers (us):   1, 
[29.577s][info][gc,stats      ]     S: System Dict Roots             11 us, workers (us):  11, 
[29.577s][info][gc,stats      ]     S: CLDG Roots                   616 us, workers (us): 616, 
[29.577s][info][gc,stats      ]     S: JVMTI Roots                    1 us, workers (us):   1, 
[29.577s][info][gc,stats      ]   Resize TLABs                        9 us
[29.577s][info][gc,stats      ] Concurrent Marking               295544 us
[29.577s][info][gc,stats      ] Pause Final Mark (G)               6834 us
[29.577s][info][gc,stats      ] Pause Final Mark (N)               3684 us
[29.577s][info][gc,stats      ]   Finish Queues                      31 us
[29.577s][info][gc,stats      ]   System Purge                      293 us
[29.577s][info][gc,stats      ]     Weak Roots                      293 us
[29.577s][info][gc,stats      ]   Update Region States               69 us
[29.577s][info][gc,stats      ]   Retire TLABs                       15 us
[29.577s][info][gc,stats      ]   Choose Collection Set             115 us
[29.577s][info][gc,stats      ]   Rebuild Free Set                   15 us
[29.577s][info][gc,stats      ]   Initial Evacuation               3135 us, parallelism: 0.63x
[29.577s][info][gc,stats      ]     E: <total>                     1989 us
[29.577s][info][gc,stats      ]     E: Thread Roots                 416 us, workers (us): 416, 
[29.577s][info][gc,stats      ]     E: Code Cache Roots             635 us, workers (us): 635, 
[29.577s][info][gc,stats      ]     E: Universe Roots                 1 us, workers (us):   1, 
[29.577s][info][gc,stats      ]     E: JNI Handles Roots              2 us, workers (us):   2, 
[29.577s][info][gc,stats      ]     E: Synchronizer Roots             0 us, workers (us):   0, 
[29.577s][info][gc,stats      ]     E: Management Roots               2 us, workers (us):   2, 
[29.577s][info][gc,stats      ]     E: System Dict Roots             45 us, workers (us):  45, 
[29.577s][info][gc,stats      ]     E: CLDG Roots                   888 us, workers (us): 888, 
[29.577s][info][gc,stats      ]     E: JVMTI Roots                    0 us, workers (us):   0, 
[29.577s][info][gc,stats      ] Concurrent Cleanup                   83 us
[29.577s][info][gc,stats      ] Concurrent Evacuation              8218 us
[29.577s][info][gc,stats      ] Pause Init  Update Refs (G)        5488 us
[29.577s][info][gc,stats      ] Pause Init  Update Refs (N)          17 us
[29.577s][info][gc,stats      ]   Retire GCLABs                       9 us
[29.577s][info][gc,stats      ] Concurrent Update Refs           450245 us
[29.577s][info][gc,stats      ] Pause Final Update Refs (G)        6850 us
[29.577s][info][gc,stats      ] Pause Final Update Refs (N)        3717 us
[29.577s][info][gc,stats      ]   Update Roots                      400 us, parallelism: 0.97x
[29.577s][info][gc,stats      ]     UR: <total>                     390 us
[29.577s][info][gc,stats      ]     UR: Thread Roots                390 us, workers (us): 390, 
[29.577s][info][gc,stats      ]   Update Region States             3273 us
[29.577s][info][gc,stats      ]   Trash Collection Set                3 us
[29.577s][info][gc,stats      ]   Rebuild Free Set                   14 us
[29.577s][info][gc,stats      ] Concurrent Cleanup                   68 us
[29.577s][info][gc,stats      ] 
[29.577s][info][gc,stats      ] Allocation pacing accrued:
[29.577s][info][gc,stats      ]       0 of  1333 ms (  0.0%): <total>
[29.577s][info][gc,stats      ]       0 of  1333 ms (  0.0%): <average total>
[29.577s][info][gc,stats      ] 
[29.577s][info][gc,metaspace  ] Metaspace: 60338K->60338K(1103872K)
[29.577s][info][gc,ergo       ] Pacer for Idle. Initial: 20480K, Alloc Tax Rate: 1.0x
[29.578s][info][gc            ] Trigger: Learning 3 of 5. Free (559M) is below initial threshold (700M)
[29.578s][info][gc,ergo       ] Free: 559M, Max: 256K regular, 534M humongous, Frag: 5% external, 0% internal; Reserve: 51200K, Max: 256K
[29.578s][info][gc,start      ] GC(35) Concurrent reset
[29.578s][info][gc,task       ] GC(35) Using 1 of 1 workers for concurrent reset
[29.578s][info][gc,ergo       ] GC(35) Pacer for Reset. Non-Taxable: 1000M
[29.583s][info][gc            ] GC(35) Concurrent reset 4.251ms
[29.585s][info][gc,start      ] GC(35) Pause Init Mark (process weakrefs)
[29.585s][info][gc,task       ] GC(35) Using 1 of 1 workers for init marking
[29.587s][info][gc,ergo       ] GC(35) Pacer for Mark. Expected Live: 166M, Free: 555M, Non-Taxable: 56832K, Alloc Tax Rate: 0.4x
[29.587s][info][gc            ] GC(35) Pause Init Mark (process weakrefs) 1.509ms
[29.587s][info][gc,start      ] GC(35) Concurrent marking (process weakrefs)
[29.587s][info][gc,task       ] GC(35) Using 1 of 1 workers for concurrent marking
[29.883s][info][gc            ] GC(35) Concurrent marking (process weakrefs) 295.988ms
[29.883s][info][gc,start      ] GC(35) Concurrent precleaning
[29.883s][info][gc,task       ] GC(35) Using 1 of 1 workers for concurrent preclean
[29.883s][info][gc,ergo       ] GC(35) Pacer for Precleaning. Non-Taxable: 1000M
[29.884s][info][gc            ] GC(35) Concurrent precleaning 0.561ms
[29.884s][info][gc,start      ] GC(35) Pause Final Mark (process weakrefs)
[29.884s][info][gc,task       ] GC(35) Using 1 of 1 workers for final marking
[29.884s][info][gc,ergo       ] GC(35) Collectable Garbage: 224M (98%), Immediate: 224M (98%), CSet: 0B (0%)
[29.884s][info][gc            ] GC(35) Pause Final Mark (process weakrefs) 0.411ms
[29.884s][info][gc,start      ] GC(35) Concurrent cleanup
[29.884s][info][gc            ] GC(35) Concurrent cleanup 478M->254M(483M) 0.143ms
[29.884s][info][gc,ergo       ] GC(35) Free: 694M, Max: 256K regular, 459M humongous, Frag: 34% external, 0% internal; Reserve: 51200K, Max: 256K
[29.884s][info][gc,ergo       ] Free: 694M, Max: 256K regular, 459M humongous, Frag: 34% external, 0% internal; Reserve: 51200K, Max: 256K
[29.884s][info][gc,stats      ] 
[29.884s][info][gc,stats      ] All times are wall-clock times, except per-root-class counters, that are sum over
[29.884s][info][gc,stats      ] all workers. Dividing the <total> over the root stage time estimates parallelism.
[29.884s][info][gc,stats      ] 
[29.884s][info][gc,stats      ] Concurrent Reset                   4239 us
[29.884s][info][gc,stats      ] Pause Init Mark (G)                4209 us
[29.884s][info][gc,stats      ] Pause Init Mark (N)                1462 us
[29.884s][info][gc,stats      ]   Accumulate Stats                   13 us
[29.884s][info][gc,stats      ]   Make Parsable                      12 us
[29.884s][info][gc,stats      ]   Update Region States               73 us
[29.884s][info][gc,stats      ]   Scan Roots                       1310 us, parallelism: 0.78x
[29.884s][info][gc,stats      ]     S: <total>                     1026 us
[29.884s][info][gc,stats      ]     S: Thread Roots                 393 us, workers (us): 393, 
[29.884s][info][gc,stats      ]     S: Universe Roots                 2 us, workers (us):   2, 
[29.884s][info][gc,stats      ]     S: JNI Handles Roots              2 us, workers (us):   2, 
[29.884s][info][gc,stats      ]     S: Synchronizer Roots             0 us, workers (us):   0, 
[29.884s][info][gc,stats      ]     S: Management Roots               1 us, workers (us):   1, 
[29.884s][info][gc,stats      ]     S: System Dict Roots             24 us, workers (us):  24, 
[29.884s][info][gc,stats      ]     S: CLDG Roots                   603 us, workers (us): 603, 
[29.884s][info][gc,stats      ]     S: JVMTI Roots                    1 us, workers (us):   1, 
[29.884s][info][gc,stats      ]   Resize TLABs                        9 us
[29.884s][info][gc,stats      ] Concurrent Marking               295979 us
[29.884s][info][gc,stats      ] Concurrent Precleaning              548 us
[29.884s][info][gc,stats      ] Pause Final Mark (G)                524 us
[29.884s][info][gc,stats      ] Pause Final Mark (N)                403 us
[29.884s][info][gc,stats      ]   Finish Queues                      11 us
[29.884s][info][gc,stats      ]   Weak References                    20 us
[29.884s][info][gc,stats      ]     Process                          18 us
[29.884s][info][gc,stats      ]   System Purge                      252 us
[29.884s][info][gc,stats      ]     Weak Roots                      252 us
[29.884s][info][gc,stats      ]   Update Region States               62 us
[29.884s][info][gc,stats      ]   Retire TLABs                       17 us
[29.884s][info][gc,stats      ]   Choose Collection Set              22 us
[29.884s][info][gc,stats      ]   Rebuild Free Set                   13 us
[29.884s][info][gc,stats      ] Concurrent Cleanup                  135 us
[29.884s][info][gc,stats      ] 
[29.884s][info][gc,stats      ] Allocation pacing accrued:
[29.884s][info][gc,stats      ]       0 of   307 ms (  0.0%): <total>
[29.884s][info][gc,stats      ]       0 of   307 ms (  0.0%): <average total>
[29.884s][info][gc,stats      ] 
[29.884s][info][gc,metaspace  ] Metaspace: 60338K->60350K(1103872K)
[29.884s][info][gc,ergo       ] Pacer for Idle. Initial: 20480K, Alloc Tax Rate: 1.0x
[29.886s][info][gc            ] Trigger: Learning 4 of 5. Free (692M) is below initial threshold (700M)
[29.886s][info][gc,ergo       ] Free: 692M, Max: 256K regular, 459M humongous, Frag: 34% external, 0% internal; Reserve: 51200K, Max: 256K
[29.886s][info][gc,start      ] GC(36) Concurrent reset
[29.886s][info][gc,task       ] GC(36) Using 1 of 1 workers for concurrent reset
[29.886s][info][gc,ergo       ] GC(36) Pacer for Reset. Non-Taxable: 1000M
[29.890s][info][gc            ] GC(36) Concurrent reset 4.170ms
[29.896s][info][gc,start      ] GC(36) Pause Init Mark
[29.897s][info][gc,task       ] GC(36) Using 1 of 1 workers for init marking
[29.898s][info][gc,ergo       ] GC(36) Pacer for Mark. Expected Live: 166M, Free: 684M, Non-Taxable: 70092K, Alloc Tax Rate: 0.3x
[29.898s][info][gc            ] GC(36) Pause Init Mark 1.427ms
[29.898s][info][gc,start      ] GC(36) Concurrent marking
[29.898s][info][gc,task       ] GC(36) Using 1 of 1 workers for concurrent marking
[30.102s][info][gc            ] GC(36) Concurrent marking 203.417ms
[30.102s][info][gc,start      ] GC(36) Pause Final Mark
[30.102s][info][gc,task       ] GC(36) Using 1 of 1 workers for final marking
[30.102s][info][gc,ergo       ] GC(36) Collectable Garbage: 95744K (95%), Immediate: 95744K (95%), CSet: 0B (0%)
[30.102s][info][gc            ] GC(36) Pause Final Mark 0.519ms
[30.106s][info][gc,start      ] GC(36) Concurrent cleanup
[30.106s][info][gc            ] GC(36) Concurrent cleanup 369M->280M(483M) 0.101ms
[30.106s][info][gc,ergo       ] GC(36) Free: 668M, Max: 256K regular, 478M humongous, Frag: 29% external, 0% internal; Reserve: 51200K, Max: 256K
[30.106s][info][gc,ergo       ] Free: 668M, Max: 256K regular, 478M humongous, Frag: 29% external, 0% internal; Reserve: 51200K, Max: 256K
[30.106s][info][gc,stats      ] 
[30.106s][info][gc,stats      ] All times are wall-clock times, except per-root-class counters, that are sum over
[30.106s][info][gc,stats      ] all workers. Dividing the <total> over the root stage time estimates parallelism.
[30.106s][info][gc,stats      ] 
[30.106s][info][gc,stats      ] Concurrent Reset                   4160 us
[30.106s][info][gc,stats      ] Pause Init Mark (G)                7766 us
[30.106s][info][gc,stats      ] Pause Init Mark (N)                1393 us
[30.106s][info][gc,stats      ]   Accumulate Stats                   13 us
[30.106s][info][gc,stats      ]   Make Parsable                       9 us
[30.106s][info][gc,stats      ]   Update Region States               62 us
[30.106s][info][gc,stats      ]   Scan Roots                       1266 us, parallelism: 0.77x
[30.106s][info][gc,stats      ]     S: <total>                      976 us
[30.106s][info][gc,stats      ]     S: Thread Roots                 416 us, workers (us): 416, 
[30.106s][info][gc,stats      ]     S: Universe Roots                 2 us, workers (us):   2, 
[30.106s][info][gc,stats      ]     S: JNI Handles Roots              2 us, workers (us):   2, 
[30.106s][info][gc,stats      ]     S: Synchronizer Roots             1 us, workers (us):   1, 
[30.106s][info][gc,stats      ]     S: Management Roots               2 us, workers (us):   2, 
[30.106s][info][gc,stats      ]     S: System Dict Roots             12 us, workers (us):  12, 
[30.106s][info][gc,stats      ]     S: CLDG Roots                   541 us, workers (us): 541, 
[30.106s][info][gc,stats      ]     S: JVMTI Roots                    0 us, workers (us):   0, 
[30.106s][info][gc,stats      ]   Resize TLABs                       11 us
[30.106s][info][gc,stats      ] Concurrent Marking               203404 us
[30.106s][info][gc,stats      ] Pause Final Mark (G)               4351 us
[30.106s][info][gc,stats      ] Pause Final Mark (N)                501 us
[30.106s][info][gc,stats      ]   Finish Queues                      15 us
[30.106s][info][gc,stats      ]   System Purge                      353 us
[30.106s][info][gc,stats      ]     Weak Roots                      352 us
[30.106s][info][gc,stats      ]   Update Region States               62 us
[30.106s][info][gc,stats      ]   Retire TLABs                       20 us
[30.106s][info][gc,stats      ]   Choose Collection Set              31 us
[30.106s][info][gc,stats      ]   Rebuild Free Set                   13 us
[30.106s][info][gc,stats      ] Concurrent Cleanup                   79 us
[30.106s][info][gc,stats      ] Pacing                            23517 us
[30.106s][info][gc,stats      ] 
[30.106s][info][gc,stats      ] Allocation pacing accrued:
[30.106s][info][gc,stats      ]      24 of   222 ms ( 10.6%): Executor task launch worker for task 0.0 in stage 10.0 (TID 10)
[30.106s][info][gc,stats      ]      24 of   222 ms ( 10.6%): <total>
[30.106s][info][gc,stats      ]       0 of   222 ms (  0.1%): <average total>
[30.106s][info][gc,stats      ]      24 of   222 ms ( 10.6%): <average non-zero>
[30.106s][info][gc,stats      ] 
[30.106s][info][gc,metaspace  ] Metaspace: 60350K->60364K(1103872K)
[30.106s][info][gc,ergo       ] Pacer for Idle. Initial: 20480K, Alloc Tax Rate: 1.0x
[30.108s][info][gc            ] Trigger: Learning 5 of 5. Free (666M) is below initial threshold (700M)
[30.108s][info][gc,ergo       ] Free: 666M, Max: 256K regular, 478M humongous, Frag: 29% external, 0% internal; Reserve: 51200K, Max: 256K
[30.108s][info][gc,start      ] GC(37) Concurrent reset
[30.108s][info][gc,task       ] GC(37) Using 1 of 1 workers for concurrent reset
[30.108s][info][gc,ergo       ] GC(37) Pacer for Reset. Non-Taxable: 1000M
[30.108s][info][gc            ] GC(37) Concurrent reset 0.280ms
[30.111s][info][gc,start      ] GC(37) Pause Init Mark
[30.111s][info][gc,task       ] GC(37) Using 1 of 1 workers for init marking
[30.112s][info][gc,ergo       ] GC(37) Pacer for Mark. Expected Live: 166M, Free: 666M, Non-Taxable: 68275K, Alloc Tax Rate: 0.3x
[30.112s][info][gc            ] GC(37) Pause Init Mark 1.463ms
[30.112s][info][gc,start      ] GC(37) Concurrent marking
[30.112s][info][gc,task       ] GC(37) Using 1 of 1 workers for concurrent marking
[30.305s][info][gc            ] GC(37) Concurrent marking 192.674ms
[30.305s][info][gc,start      ] GC(37) Pause Final Mark
[30.305s][info][gc,task       ] GC(37) Using 1 of 1 workers for final marking
[30.306s][info][gc,ergo       ] GC(37) Collectable Garbage: 109M (95%), Immediate: 109M (95%), CSet: 0B (0%)
[30.306s][info][gc            ] GC(37) Pause Final Mark 0.508ms
[30.306s][info][gc,start      ] GC(37) Concurrent cleanup
[30.306s][info][gc            ] GC(37) Concurrent cleanup 392M->282M(483M) 0.089ms
[30.306s][info][gc,ergo       ] GC(37) Free: 666M, Max: 256K regular, 484M humongous, Frag: 28% external, 0% internal; Reserve: 51200K, Max: 256K
[30.306s][info][gc,ergo       ] Free: 666M, Max: 256K regular, 484M humongous, Frag: 28% external, 0% internal; Reserve: 51200K, Max: 256K
[30.306s][info][gc,stats      ] 
[30.306s][info][gc,stats      ] All times are wall-clock times, except per-root-class counters, that are sum over
[30.306s][info][gc,stats      ] all workers. Dividing the <total> over the root stage time estimates parallelism.
[30.306s][info][gc,stats      ] 
[30.306s][info][gc,stats      ] Concurrent Reset                    275 us
[30.306s][info][gc,stats      ] Pause Init Mark (G)                3971 us
[30.306s][info][gc,stats      ] Pause Init Mark (N)                1434 us
[30.306s][info][gc,stats      ]   Accumulate Stats                   14 us
[30.306s][info][gc,stats      ]   Make Parsable                      10 us
[30.306s][info][gc,stats      ]   Update Region States               68 us
[30.306s][info][gc,stats      ]   Scan Roots                       1292 us, parallelism: 0.77x
[30.306s][info][gc,stats      ]     S: <total>                     1000 us
[30.306s][info][gc,stats      ]     S: Thread Roots                 447 us, workers (us): 447, 
[30.306s][info][gc,stats      ]     S: Universe Roots                 2 us, workers (us):   2, 
[30.306s][info][gc,stats      ]     S: JNI Handles Roots              1 us, workers (us):   1, 
[30.306s][info][gc,stats      ]     S: Synchronizer Roots             0 us, workers (us):   0, 
[30.306s][info][gc,stats      ]     S: Management Roots               2 us, workers (us):   2, 
[30.306s][info][gc,stats      ]     S: System Dict Roots             12 us, workers (us):  12, 
[30.306s][info][gc,stats      ]     S: CLDG Roots                   535 us, workers (us): 535, 
[30.306s][info][gc,stats      ]     S: JVMTI Roots                    1 us, workers (us):   1, 
[30.306s][info][gc,stats      ]   Resize TLABs                       11 us
[30.306s][info][gc,stats      ] Concurrent Marking               192665 us
[30.306s][info][gc,stats      ] Pause Final Mark (G)                624 us
[30.306s][info][gc,stats      ] Pause Final Mark (N)                476 us
[30.306s][info][gc,stats      ]   Finish Queues                      18 us
[30.306s][info][gc,stats      ]   System Purge                      312 us
[30.306s][info][gc,stats      ]     Weak Roots                      312 us
[30.306s][info][gc,stats      ]   Update Region States               67 us
[30.306s][info][gc,stats      ]   Retire TLABs                       20 us
[30.306s][info][gc,stats      ]   Choose Collection Set              33 us
[30.306s][info][gc,stats      ]   Rebuild Free Set                   13 us
[30.306s][info][gc,stats      ] Concurrent Cleanup                   81 us
[30.306s][info][gc,stats      ] Pacing                            14840 us
[30.306s][info][gc,stats      ] 
[30.306s][info][gc,stats      ] Allocation pacing accrued:
[30.306s][info][gc,stats      ]      15 of   200 ms (  7.4%): Executor task launch worker for task 0.0 in stage 10.0 (TID 10)
[30.306s][info][gc,stats      ]      15 of   200 ms (  7.4%): <total>
[30.306s][info][gc,stats      ]       0 of   200 ms (  0.1%): <average total>
[30.306s][info][gc,stats      ]      15 of   200 ms (  7.4%): <average non-zero>
[30.306s][info][gc,stats      ] 
[30.306s][info][gc,metaspace  ] Metaspace: 60364K->60364K(1103872K)
[30.306s][info][gc,ergo       ] Pacer for Idle. Initial: 20480K, Alloc Tax Rate: 1.0x
[30.630s][info][gc            ] Trigger: Average GC time (331.39 ms) is above the time for allocation rate (852 MB/s) to deplete free headroom (282M)
[30.630s][info][gc,ergo       ] Free headroom: 332M (free) - 51200K (spike) - 0B (penalties) = 282M
[30.630s][info][gc,ergo       ] Free: 332M, Max: 256K regular, 320M humongous, Frag: 4% external, 0% internal; Reserve: 51200K, Max: 256K
[30.630s][info][gc,start      ] GC(38) Concurrent reset
[30.630s][info][gc,task       ] GC(38) Using 1 of 1 workers for concurrent reset
[30.630s][info][gc,ergo       ] GC(38) Pacer for Reset. Non-Taxable: 1000M
[30.630s][info][gc            ] GC(38) Concurrent reset 0.382ms
[30.633s][info][gc,start      ] GC(38) Pause Init Mark
[30.633s][info][gc,task       ] GC(38) Using 1 of 1 workers for init marking
[30.634s][info][gc,ergo       ] GC(38) Pacer for Mark. Expected Live: 166M, Free: 332M, Non-Taxable: 33996K, Alloc Tax Rate: 0.6x
[30.634s][info][gc            ] GC(38) Pause Init Mark 1.440ms
[30.634s][info][gc,start      ] GC(38) Concurrent marking
[30.634s][info][gc,task       ] GC(38) Using 1 of 1 workers for concurrent marking
[30.785s][info][gc            ] GC(38) Concurrent marking 151.074ms
[30.785s][info][gc,start      ] GC(38) Pause Final Mark
[30.785s][info][gc,task       ] GC(38) Using 1 of 1 workers for final marking
[30.786s][info][gc,ergo       ] GC(38) Collectable Garbage: 444M (98%), Immediate: 444M (98%), CSet: 0B (0%)
[30.786s][info][gc            ] GC(38) Pause Final Mark 0.385ms
[30.786s][info][gc,start      ] GC(38) Concurrent cleanup
[30.786s][info][gc            ] GC(38) Concurrent cleanup 668M->223M(670M) 0.195ms
[30.786s][info][gc,ergo       ] GC(38) Free: 725M, Max: 256K regular, 269M humongous, Frag: 63% external, 0% internal; Reserve: 51200K, Max: 256K
[30.786s][info][gc,ergo       ] Free: 725M, Max: 256K regular, 269M humongous, Frag: 63% external, 0% internal; Reserve: 51200K, Max: 256K
[30.786s][info][gc,stats      ] 
[30.786s][info][gc,stats      ] All times are wall-clock times, except per-root-class counters, that are sum over
[30.786s][info][gc,stats      ] all workers. Dividing the <total> over the root stage time estimates parallelism.
[30.786s][info][gc,stats      ] 
[30.786s][info][gc,stats      ] Concurrent Reset                    374 us
[30.786s][info][gc,stats      ] Pause Init Mark (G)                4014 us
[30.786s][info][gc,stats      ] Pause Init Mark (N)                1414 us
[30.786s][info][gc,stats      ]   Accumulate Stats                   14 us
[30.786s][info][gc,stats      ]   Make Parsable                      12 us
[30.786s][info][gc,stats      ]   Update Region States               49 us
[30.786s][info][gc,stats      ]   Scan Roots                       1291 us, parallelism: 0.78x
[30.786s][info][gc,stats      ]     S: <total>                     1007 us
[30.786s][info][gc,stats      ]     S: Thread Roots                 428 us, workers (us): 428, 
[30.786s][info][gc,stats      ]     S: Universe Roots                 3 us, workers (us):   3, 
[30.786s][info][gc,stats      ]     S: JNI Handles Roots              1 us, workers (us):   1, 
[30.786s][info][gc,stats      ]     S: Synchronizer Roots             0 us, workers (us):   0, 
[30.786s][info][gc,stats      ]     S: Management Roots               1 us, workers (us):   1, 
[30.786s][info][gc,stats      ]     S: System Dict Roots             12 us, workers (us):  12, 
[30.786s][info][gc,stats      ]     S: CLDG Roots                   562 us, workers (us): 562, 
[30.786s][info][gc,stats      ]     S: JVMTI Roots                    1 us, workers (us):   1, 
[30.786s][info][gc,stats      ]   Resize TLABs                       12 us
[30.786s][info][gc,stats      ] Concurrent Marking               151066 us
[30.786s][info][gc,stats      ] Pause Final Mark (G)                486 us
[30.786s][info][gc,stats      ] Pause Final Mark (N)                376 us
[30.786s][info][gc,stats      ]   Finish Queues                      12 us
[30.786s][info][gc,stats      ]   System Purge                      246 us
[30.786s][info][gc,stats      ]     Weak Roots                      246 us
[30.786s][info][gc,stats      ]   Update Region States               60 us
[30.786s][info][gc,stats      ]   Retire TLABs                       14 us
[30.786s][info][gc,stats      ]   Choose Collection Set              24 us
[30.786s][info][gc,stats      ]   Rebuild Free Set                   14 us
[30.786s][info][gc,stats      ] Concurrent Cleanup                  187 us
[30.786s][info][gc,stats      ] Pacing                            36783 us
[30.786s][info][gc,stats      ] 
[30.786s][info][gc,stats      ] Allocation pacing accrued:
[30.786s][info][gc,stats      ]      37 of   480 ms (  7.7%): Executor task launch worker for task 0.0 in stage 10.0 (TID 10)
[30.786s][info][gc,stats      ]      37 of   480 ms (  7.7%): <total>
[30.786s][info][gc,stats      ]       0 of   480 ms (  0.1%): <average total>
[30.786s][info][gc,stats      ]      37 of   480 ms (  7.7%): <average non-zero>
[30.786s][info][gc,stats      ] 
[30.786s][info][gc,metaspace  ] Metaspace: 60364K->60364K(1103872K)
[30.786s][info][gc,ergo       ] Pacer for Idle. Initial: 20480K, Alloc Tax Rate: 1.0x
[31.145s][info][gc            ] Trigger: Average GC time (332.74 ms) is above the time for allocation rate (858 MB/s) to deplete free headroom (285M)
[31.145s][info][gc,ergo       ] Free headroom: 335M (free) - 51200K (spike) - 0B (penalties) = 285M
[31.145s][info][gc,ergo       ] Free: 335M, Max: 256K regular, 269M humongous, Frag: 20% external, 0% internal; Reserve: 51200K, Max: 256K
[31.145s][info][gc,start      ] GC(39) Concurrent reset
[31.145s][info][gc,task       ] GC(39) Using 1 of 1 workers for concurrent reset
[31.145s][info][gc,ergo       ] GC(39) Pacer for Reset. Non-Taxable: 1000M
[31.145s][info][gc            ] GC(39) Concurrent reset 0.303ms
[31.148s][info][gc,start      ] GC(39) Pause Init Mark
[31.148s][info][gc,task       ] GC(39) Using 1 of 1 workers for init marking
[31.149s][info][gc,ergo       ] GC(39) Pacer for Mark. Expected Live: 167M, Free: 335M, Non-Taxable: 34304K, Alloc Tax Rate: 0.6x
[31.149s][info][gc            ] GC(39) Pause Init Mark 1.489ms
[31.149s][info][gc,start      ] GC(39) Concurrent marking
[31.149s][info][gc,task       ] GC(39) Using 1 of 1 workers for concurrent marking
[31.293s][info][gc            ] GC(39) Concurrent marking 143.709ms
[31.293s][info][gc,start      ] GC(39) Pause Final Mark
[31.293s][info][gc,task       ] GC(39) Using 1 of 1 workers for final marking
[31.293s][info][gc,ergo       ] GC(39) Collectable Garbage: 441M (98%), Immediate: 441M (98%), CSet: 0B (0%)
[31.293s][info][gc            ] GC(39) Pause Final Mark 0.460ms
[31.293s][info][gc,start      ] GC(39) Concurrent cleanup
[31.294s][info][gc            ] GC(39) Concurrent cleanup 666M->224M(670M) 0.138ms
[31.294s][info][gc,ergo       ] GC(39) Free: 724M, Max: 256K regular, 323M humongous, Frag: 56% external, 0% internal; Reserve: 51200K, Max: 256K
[31.294s][info][gc,ergo       ] Free: 724M, Max: 256K regular, 323M humongous, Frag: 56% external, 0% internal; Reserve: 51200K, Max: 256K
[31.294s][info][gc,stats      ] 
[31.294s][info][gc,stats      ] All times are wall-clock times, except per-root-class counters, that are sum over
[31.294s][info][gc,stats      ] all workers. Dividing the <total> over the root stage time estimates parallelism.
[31.294s][info][gc,stats      ] 
[31.294s][info][gc,stats      ] Concurrent Reset                    294 us
[31.294s][info][gc,stats      ] Pause Init Mark (G)                4059 us
[31.294s][info][gc,stats      ] Pause Init Mark (N)                1450 us
[31.294s][info][gc,stats      ]   Accumulate Stats                   17 us
[31.294s][info][gc,stats      ]   Make Parsable                      16 us
[31.294s][info][gc,stats      ]   Update Region States               69 us
[31.294s][info][gc,stats      ]   Scan Roots                       1293 us, parallelism: 0.78x
[31.294s][info][gc,stats      ]     S: <total>                     1008 us
[31.294s][info][gc,stats      ]     S: Thread Roots                 412 us, workers (us): 412, 
[31.294s][info][gc,stats      ]     S: Universe Roots                 2 us, workers (us):   2, 
[31.294s][info][gc,stats      ]     S: JNI Handles Roots              1 us, workers (us):   1, 
[31.294s][info][gc,stats      ]     S: Synchronizer Roots             0 us, workers (us):   0, 
[31.294s][info][gc,stats      ]     S: Management Roots               2 us, workers (us):   2, 
[31.294s][info][gc,stats      ]     S: System Dict Roots             12 us, workers (us):  12, 
[31.294s][info][gc,stats      ]     S: CLDG Roots                   578 us, workers (us): 578, 
[31.294s][info][gc,stats      ]     S: JVMTI Roots                    1 us, workers (us):   1, 
[31.294s][info][gc,stats      ]   Resize TLABs                       11 us
[31.294s][info][gc,stats      ] Concurrent Marking               143700 us
[31.294s][info][gc,stats      ] Pause Final Mark (G)                565 us
[31.294s][info][gc,stats      ] Pause Final Mark (N)                450 us
[31.294s][info][gc,stats      ]   Finish Queues                      12 us
[31.294s][info][gc,stats      ]   System Purge                      309 us
[31.294s][info][gc,stats      ]     Weak Roots                      308 us
[31.294s][info][gc,stats      ]   Update Region States               60 us
[31.294s][info][gc,stats      ]   Retire TLABs                       16 us
[31.294s][info][gc,stats      ]   Choose Collection Set              34 us
[31.294s][info][gc,stats      ]   Rebuild Free Set                   13 us
[31.294s][info][gc,stats      ] Concurrent Cleanup                  132 us
[31.294s][info][gc,stats      ] Pacing                            58755 us
[31.294s][info][gc,stats      ] 
[31.294s][info][gc,stats      ] Allocation pacing accrued:
[31.294s][info][gc,stats      ]      59 of   508 ms ( 11.6%): Executor task launch worker for task 0.0 in stage 10.0 (TID 10)
[31.294s][info][gc,stats      ]      59 of   508 ms ( 11.6%): <total>
[31.294s][info][gc,stats      ]       1 of   508 ms (  0.1%): <average total>
[31.294s][info][gc,stats      ]      59 of   508 ms ( 11.6%): <average non-zero>
[31.294s][info][gc,stats      ] 
[31.294s][info][gc,metaspace  ] Metaspace: 60364K->60364K(1103872K)
[31.294s][info][gc,ergo       ] Pacer for Idle. Initial: 20480K, Alloc Tax Rate: 1.0x
[31.715s][info][gc            ] Trigger: Average GC time (205.76 ms) is above the time for allocation rate (938 MB/s) to deplete free headroom (191M)
[31.715s][info][gc,ergo       ] Free headroom: 241M (free) - 51200K (spike) - 0B (penalties) = 191M
[31.715s][info][gc,ergo       ] Free: 241M, Max: 256K regular, 230M humongous, Frag: 5% external, 0% internal; Reserve: 51200K, Max: 256K
[31.715s][info][gc,start      ] GC(40) Concurrent reset
[31.715s][info][gc,task       ] GC(40) Using 1 of 1 workers for concurrent reset
[31.715s][info][gc,ergo       ] GC(40) Pacer for Reset. Non-Taxable: 1000M
[31.716s][info][gc            ] GC(40) Concurrent reset 0.371ms
[31.718s][info][gc,start      ] GC(40) Pause Init Mark (process weakrefs)
[31.718s][info][gc,task       ] GC(40) Using 1 of 1 workers for init marking
[31.720s][info][gc,ergo       ] GC(40) Pacer for Mark. Expected Live: 167M, Free: 241M, Non-Taxable: 24729K, Alloc Tax Rate: 0.8x
[31.720s][info][gc            ] GC(40) Pause Init Mark (process weakrefs) 1.397ms
[31.720s][info][gc,start      ] GC(40) Concurrent marking (process weakrefs)
[31.720s][info][gc,task       ] GC(40) Using 1 of 1 workers for concurrent marking
[31.868s][info][gc            ] GC(40) Concurrent marking (process weakrefs) 148.664ms
[31.868s][info][gc,start      ] GC(40) Concurrent precleaning
[31.868s][info][gc,task       ] GC(40) Using 1 of 1 workers for concurrent preclean
[31.868s][info][gc,ergo       ] GC(40) Pacer for Precleaning. Non-Taxable: 1000M
[31.869s][info][gc            ] GC(40) Concurrent precleaning 0.567ms
[31.869s][info][gc,start      ] GC(40) Pause Final Mark (process weakrefs)
[31.869s][info][gc,task       ] GC(40) Using 1 of 1 workers for final marking
[31.870s][info][gc,ergo       ] GC(40) Collectable Garbage: 535M (98%), Immediate: 535M (98%), CSet: 0B (0%)
[31.870s][info][gc            ] GC(40) Pause Final Mark (process weakrefs) 0.486ms
[31.870s][info][gc,start      ] GC(40) Concurrent cleanup
[31.870s][info][gc            ] GC(40) Concurrent cleanup 745M->210M(748M) 0.152ms
[31.870s][info][gc,ergo       ] GC(40) Free: 738M, Max: 256K regular, 217M humongous, Frag: 71% external, 0% internal; Reserve: 51200K, Max: 256K
[31.870s][info][gc,ergo       ] Free: 738M, Max: 256K regular, 217M humongous, Frag: 71% external, 0% internal; Reserve: 51200K, Max: 256K
[31.870s][info][gc,stats      ] 
[31.870s][info][gc,stats      ] All times are wall-clock times, except per-root-class counters, that are sum over
[31.870s][info][gc,stats      ] all workers. Dividing the <total> over the root stage time estimates parallelism.
[31.870s][info][gc,stats      ] 
[31.870s][info][gc,stats      ] Concurrent Reset                    362 us
[31.870s][info][gc,stats      ] Pause Init Mark (G)                3948 us
[31.870s][info][gc,stats      ] Pause Init Mark (N)                1371 us
[31.870s][info][gc,stats      ]   Accumulate Stats                   14 us
[31.870s][info][gc,stats      ]   Make Parsable                      11 us
[31.870s][info][gc,stats      ]   Update Region States               49 us
[31.870s][info][gc,stats      ]   Scan Roots                       1259 us, parallelism: 0.77x
[31.870s][info][gc,stats      ]     S: <total>                      975 us
[31.870s][info][gc,stats      ]     S: Thread Roots                 407 us, workers (us): 407, 
[31.870s][info][gc,stats      ]     S: Universe Roots                 3 us, workers (us):   3, 
[31.870s][info][gc,stats      ]     S: JNI Handles Roots              2 us, workers (us):   2, 
[31.870s][info][gc,stats      ]     S: Synchronizer Roots             0 us, workers (us):   0, 
[31.870s][info][gc,stats      ]     S: Management Roots               2 us, workers (us):   2, 
[31.870s][info][gc,stats      ]     S: System Dict Roots             11 us, workers (us):  11, 
[31.870s][info][gc,stats      ]     S: CLDG Roots                   551 us, workers (us): 551, 
[31.870s][info][gc,stats      ]     S: JVMTI Roots                    0 us, workers (us):   0, 
[31.870s][info][gc,stats      ]   Resize TLABs                        9 us
[31.870s][info][gc,stats      ] Concurrent Marking               148654 us
[31.870s][info][gc,stats      ] Concurrent Precleaning              559 us
[31.870s][info][gc,stats      ] Pause Final Mark (G)                625 us
[31.870s][info][gc,stats      ] Pause Final Mark (N)                478 us
[31.870s][info][gc,stats      ]   Finish Queues                      14 us
[31.870s][info][gc,stats      ]   Weak References                    18 us
[31.870s][info][gc,stats      ]     Process                          16 us
[31.870s][info][gc,stats      ]   System Purge                      280 us
[31.870s][info][gc,stats      ]     Weak Roots                      279 us
[31.870s][info][gc,stats      ]   Update Region States               62 us
[31.870s][info][gc,stats      ]   Retire TLABs                       16 us
[31.870s][info][gc,stats      ]   Choose Collection Set              69 us
[31.870s][info][gc,stats      ]   Rebuild Free Set                   15 us
[31.870s][info][gc,stats      ] Concurrent Cleanup                  146 us
[31.870s][info][gc,stats      ] Pacing                            69186 us
[31.870s][info][gc,stats      ] 
[31.870s][info][gc,stats      ] Allocation pacing accrued:
[31.870s][info][gc,stats      ]      69 of   576 ms ( 12.0%): Executor task launch worker for task 0.0 in stage 10.0 (TID 10)
[31.870s][info][gc,stats      ]      69 of   576 ms ( 12.0%): <total>
[31.870s][info][gc,stats      ]       1 of   576 ms (  0.1%): <average total>
[31.870s][info][gc,stats      ]      69 of   576 ms ( 12.0%): <average non-zero>
[31.870s][info][gc,stats      ] 
[31.870s][info][gc,metaspace  ] Metaspace: 60364K->60364K(1103872K)
[31.870s][info][gc,ergo       ] Pacer for Idle. Initial: 20480K, Alloc Tax Rate: 1.0x
[32.224s][info][gc            ] Trigger: Explicit GC request (System.gc())
[32.224s][info][gc,ergo       ] Free: 431M, Max: 256K regular, 192M humongous, Frag: 56% external, 0% internal; Reserve: 51200K, Max: 256K
[32.224s][info][gc,start      ] GC(41) Concurrent reset
[32.224s][info][gc,task       ] GC(41) Using 1 of 1 workers for concurrent reset
[32.224s][info][gc,ergo       ] GC(41) Pacer for Reset. Non-Taxable: 1000M
[32.225s][info][gc            ] GC(41) Concurrent reset 0.325ms
[32.225s][info][gc,start      ] GC(41) Pause Init Mark (process weakrefs) (unload classes)
[32.225s][info][gc,task       ] GC(41) Using 1 of 1 workers for init marking
[32.226s][info][gc,ergo       ] GC(41) Pacer for Mark. Expected Live: 167M, Free: 431M, Non-Taxable: 44206K, Alloc Tax Rate: 0.5x
[32.226s][info][gc            ] GC(41) Pause Init Mark (process weakrefs) (unload classes) 1.006ms
[32.226s][info][gc,start      ] GC(41) Concurrent marking (process weakrefs) (unload classes)
[32.226s][info][gc,task       ] GC(41) Using 1 of 1 workers for concurrent marking
[32.407s][info][gc            ] GC(41) Concurrent marking (process weakrefs) (unload classes) 181.293ms
[32.407s][info][gc,start      ] GC(41) Concurrent precleaning
[32.407s][info][gc,task       ] GC(41) Using 1 of 1 workers for concurrent preclean
[32.407s][info][gc,ergo       ] GC(41) Pacer for Precleaning. Non-Taxable: 1000M
[32.408s][info][gc            ] GC(41) Concurrent precleaning 0.402ms
[32.408s][info][gc,start      ] GC(41) Pause Final Mark (process weakrefs) (unload classes)
[32.408s][info][gc,task       ] GC(41) Using 1 of 1 workers for final marking
[32.431s][info][gc,stringtable] GC(41) Cleaned string and symbol table, strings: 18397 processed, 0 removed, symbols: 131958 processed, 200 removed
[32.431s][info][gc,ergo       ] GC(41) Collectable Garbage: 343M (97%), Immediate: 343M (97%), CSet: 0B (0%)
[32.431s][info][gc            ] GC(41) Pause Final Mark (process weakrefs) (unload classes) 23.278ms
[32.431s][info][gc,start      ] GC(41) Concurrent cleanup
[32.431s][info][gc            ] GC(41) Concurrent cleanup 517M->173M(748M) 0.147ms
[32.432s][info][gc,ergo       ] GC(41) Free: 775M, Max: 256K regular, 458M humongous, Frag: 41% external, 0% internal; Reserve: 51200K, Max: 256K
[32.432s][info][gc,ergo       ] Free: 775M, Max: 256K regular, 458M humongous, Frag: 41% external, 0% internal; Reserve: 51200K, Max: 256K
[32.432s][info][gc,stats      ] 
[32.432s][info][gc,stats      ] All times are wall-clock times, except per-root-class counters, that are sum over
[32.432s][info][gc,stats      ] all workers. Dividing the <total> over the root stage time estimates parallelism.
[32.432s][info][gc,stats      ] 
[32.432s][info][gc,stats      ] Concurrent Reset                    316 us
[32.432s][info][gc,stats      ] Pause Init Mark (G)                1251 us
[32.432s][info][gc,stats      ] Pause Init Mark (N)                 991 us
[32.432s][info][gc,stats      ]   Accumulate Stats                   13 us
[32.432s][info][gc,stats      ]   Make Parsable                      13 us
[32.432s][info][gc,stats      ]   Update Region States               41 us
[32.432s][info][gc,stats      ]   Scan Roots                        882 us, parallelism: 0.57x
[32.432s][info][gc,stats      ]     S: <total>                      505 us
[32.432s][info][gc,stats      ]     S: Thread Roots                 376 us, workers (us): 376, 
[32.432s][info][gc,stats      ]     S: Universe Roots                 2 us, workers (us):   2, 
[32.432s][info][gc,stats      ]     S: JNI Handles Roots              1 us, workers (us):   1, 
[32.432s][info][gc,stats      ]     S: Synchronizer Roots             0 us, workers (us):   0, 
[32.432s][info][gc,stats      ]     S: Management Roots               2 us, workers (us):   2, 
[32.432s][info][gc,stats      ]     S: System Dict Roots             11 us, workers (us):  11, 
[32.432s][info][gc,stats      ]     S: CLDG Roots                   111 us, workers (us): 111, 
[32.432s][info][gc,stats      ]     S: JVMTI Roots                    0 us, workers (us):   0, 
[32.432s][info][gc,stats      ]   Resize TLABs                        9 us
[32.432s][info][gc,stats      ] Concurrent Marking               181283 us
[32.432s][info][gc,stats      ] Concurrent Precleaning              388 us
[32.432s][info][gc,stats      ] Pause Final Mark (G)              23525 us
[32.432s][info][gc,stats      ] Pause Final Mark (N)              23257 us
[32.432s][info][gc,stats      ]   Finish Queues                     175 us
[32.432s][info][gc,stats      ]   Weak References                   102 us
[32.432s][info][gc,stats      ]     Process                          98 us
[32.432s][info][gc,stats      ]   System Purge                      457 us
[32.432s][info][gc,stats      ]     Unload Classes                  994 us
[32.432s][info][gc,stats      ]     Cleanup                       21153 us, parallelism: 1.00x
[32.432s][info][gc,stats      ]       CU: <total>                 21070 us
[32.432s][info][gc,stats      ]       CU: Code Cache Roots         7581 us, workers (us): 7581, 
[32.432s][info][gc,stats      ]       CU: Code Cache Cleaning      1490 us, workers (us): 1490, 
[32.432s][info][gc,stats      ]       CU: String Table Roots       5862 us, workers (us): 5862, 
[32.432s][info][gc,stats      ]       CU: Resolved Table Roots      133 us, workers (us): 133, 
[32.432s][info][gc,stats      ]       CU: CLDG Roots               6003 us, workers (us): 6003, 
[32.432s][info][gc,stats      ]     Weak Roots                      457 us
[32.432s][info][gc,stats      ]     CLDG                            225 us
[32.432s][info][gc,stats      ]   Update Region States               65 us
[32.432s][info][gc,stats      ]   Retire TLABs                       32 us
[32.432s][info][gc,stats      ]   Choose Collection Set              26 us
[32.432s][info][gc,stats      ]   Rebuild Free Set                   13 us
[32.432s][info][gc,stats      ] Concurrent Cleanup                  138 us
[32.432s][info][gc,stats      ] Pacing                             8770 us
[32.432s][info][gc,stats      ] 
[32.432s][info][gc,stats      ] Allocation pacing accrued:
[32.432s][info][gc,stats      ]       9 of   562 ms (  1.6%): Executor task launch worker for task 0.0 in stage 11.0 (TID 11)
[32.432s][info][gc,stats      ]       9 of   562 ms (  1.6%): <total>
[32.432s][info][gc,stats      ]       0 of   562 ms (  0.0%): <average total>
[32.432s][info][gc,stats      ]       9 of   562 ms (  1.6%): <average non-zero>
[32.432s][info][gc,stats      ] 
[32.432s][info][gc,metaspace  ] Metaspace: 60414K->60036K(1103872K)
[32.432s][info][gc,ergo       ] Pacer for Idle. Initial: 20480K, Alloc Tax Rate: 1.0x
[32.432s][info][gc,start      ] Concurrent uncommit
[32.457s][info][gc            ] Concurrent uncommit 173M->173M(175M) 24.879ms
[33.020s][info][gc            ] Trigger: Learning 2 of 5. Free (699M) is below initial threshold (700M)
[33.020s][info][gc,ergo       ] Free: 699M, Max: 256K regular, 458M humongous, Frag: 35% external, 0% internal; Reserve: 51200K, Max: 256K
[33.020s][info][gc,start      ] GC(42) Concurrent reset
[33.020s][info][gc,task       ] GC(42) Using 1 of 1 workers for concurrent reset
[33.020s][info][gc,ergo       ] GC(42) Pacer for Reset. Non-Taxable: 1000M
[33.021s][info][gc            ] GC(42) Concurrent reset 0.435ms
[33.023s][info][gc,start      ] GC(42) Pause Init Mark
[33.023s][info][gc,task       ] GC(42) Using 1 of 1 workers for init marking
[33.027s][info][gc,ergo       ] GC(42) Pacer for Mark. Expected Live: 166M, Free: 699M, Non-Taxable: 71649K, Alloc Tax Rate: 0.3x
[33.027s][info][gc            ] GC(42) Pause Init Mark 3.333ms
[33.027s][info][gc,start      ] GC(42) Concurrent marking
[33.027s][info][gc,task       ] GC(42) Using 1 of 1 workers for concurrent marking
[33.228s][info][gc            ] GC(42) Concurrent marking 201.121ms
[33.228s][info][gc,start      ] GC(42) Pause Final Mark
[33.228s][info][gc,task       ] GC(42) Using 1 of 1 workers for final marking
[33.229s][info][gc,ergo       ] GC(42) Adaptive CSet Selection. Target Free: 141M, Actual Free: 722M, Max CSet: 42666K, Min Garbage: 0B
[33.229s][info][gc,ergo       ] GC(42) Collectable Garbage: 77983K (97%), Immediate: 58722K (73%), CSet: 19261K (24%)
[33.231s][info][gc,ergo       ] GC(42) Pacer for Evacuation. Used CSet: 20883K, Free: 676M, Non-Taxable: 69294K, Alloc Tax Rate: 1.1x
[33.231s][info][gc            ] GC(42) Pause Final Mark 3.241ms
[33.231s][info][gc,start      ] GC(42) Concurrent cleanup
[33.232s][info][gc            ] GC(42) Concurrent cleanup 329M->272M(335M) 0.108ms
[33.232s][info][gc,ergo       ] GC(42) Free: 676M, Max: 256K regular, 458M humongous, Frag: 33% external, 0% internal; Reserve: 50688K, Max: 256K
[33.232s][info][gc,start      ] GC(42) Concurrent evacuation
[33.232s][info][gc,task       ] GC(42) Using 1 of 1 workers for concurrent evacuation
[33.239s][info][gc            ] GC(42) Concurrent evacuation 7.866ms
[33.242s][info][gc,start      ] GC(42) Pause Init Update Refs
[33.242s][info][gc,ergo       ] GC(42) Pacer for Update Refs. Used: 279M, Free: 670M, Non-Taxable: 68654K, Alloc Tax Rate: 1.1x
[33.242s][info][gc            ] GC(42) Pause Init Update Refs 0.050ms
[33.242s][info][gc,start      ] GC(42) Concurrent update references
[33.242s][info][gc,task       ] GC(42) Using 1 of 1 workers for concurrent reference update
[33.510s][info][gc            ] GC(42) Concurrent update references 267.499ms
[33.512s][info][gc,start      ] GC(42) Pause Final Update Refs
[33.513s][info][gc,task       ] GC(42) Using 1 of 1 workers for final reference update
[33.513s][info][gc            ] GC(42) Pause Final Update Refs 0.574ms
[33.513s][info][gc,start      ] GC(42) Concurrent cleanup
[33.513s][info][gc            ] GC(42) Concurrent cleanup 404M->383M(405M) 0.076ms
[33.513s][info][gc,ergo       ] Free: 565M, Max: 256K regular, 458M humongous, Frag: 19% external, 0% internal; Reserve: 51200K, Max: 256K
[33.513s][info][gc,stats      ] 
[33.513s][info][gc,stats      ] All times are wall-clock times, except per-root-class counters, that are sum over
[33.513s][info][gc,stats      ] all workers. Dividing the <total> over the root stage time estimates parallelism.
[33.513s][info][gc,stats      ] 
[33.513s][info][gc,stats      ] Concurrent Reset                    407 us
[33.513s][info][gc,stats      ] Pause Init Mark (G)                5898 us
[33.513s][info][gc,stats      ] Pause Init Mark (N)                3286 us
[33.513s][info][gc,stats      ]   Accumulate Stats                   24 us
[33.513s][info][gc,stats      ]   Make Parsable                      30 us
[33.513s][info][gc,stats      ]   Update Region States              117 us
[33.513s][info][gc,stats      ]   Scan Roots                       3018 us, parallelism: 0.84x
[33.513s][info][gc,stats      ]     S: <total>                     2542 us
[33.513s][info][gc,stats      ]     S: Thread Roots                1176 us, workers (us): 1176, 
[33.513s][info][gc,stats      ]     S: Universe Roots                 4 us, workers (us):   4, 
[33.513s][info][gc,stats      ]     S: JNI Handles Roots              3 us, workers (us):   3, 
[33.513s][info][gc,stats      ]     S: Synchronizer Roots             1 us, workers (us):   1, 
[33.513s][info][gc,stats      ]     S: Management Roots               3 us, workers (us):   3, 
[33.513s][info][gc,stats      ]     S: System Dict Roots             21 us, workers (us):  21, 
[33.513s][info][gc,stats      ]     S: CLDG Roots                  1334 us, workers (us): 1334, 
[33.513s][info][gc,stats      ]     S: JVMTI Roots                    1 us, workers (us):   1, 
[33.513s][info][gc,stats      ]   Resize TLABs                       22 us
[33.513s][info][gc,stats      ] Concurrent Marking               201101 us
[33.513s][info][gc,stats      ] Pause Final Mark (G)               3375 us
[33.513s][info][gc,stats      ] Pause Final Mark (N)               3223 us
[33.513s][info][gc,stats      ]   Finish Queues                      18 us
[33.513s][info][gc,stats      ]   System Purge                      276 us
[33.513s][info][gc,stats      ]     Weak Roots                      275 us
[33.513s][info][gc,stats      ]   Update Region States               77 us
[33.513s][info][gc,stats      ]   Retire TLABs                       20 us
[33.513s][info][gc,stats      ]   Choose Collection Set             115 us
[33.513s][info][gc,stats      ]   Rebuild Free Set                   14 us
[33.513s][info][gc,stats      ]   Initial Evacuation               2694 us, parallelism: 0.62x
[33.513s][info][gc,stats      ]     E: <total>                     1671 us
[33.513s][info][gc,stats      ]     E: Thread Roots                 463 us, workers (us): 463, 
[33.513s][info][gc,stats      ]     E: Code Cache Roots             587 us, workers (us): 587, 
[33.513s][info][gc,stats      ]     E: Universe Roots                 1 us, workers (us):   1, 
[33.513s][info][gc,stats      ]     E: JNI Handles Roots              2 us, workers (us):   2, 
[33.513s][info][gc,stats      ]     E: Synchronizer Roots             0 us, workers (us):   0, 
[33.513s][info][gc,stats      ]     E: Management Roots               2 us, workers (us):   2, 
[33.513s][info][gc,stats      ]     E: System Dict Roots             39 us, workers (us):  39, 
[33.513s][info][gc,stats      ]     E: CLDG Roots                   578 us, workers (us): 578, 
[33.513s][info][gc,stats      ]     E: JVMTI Roots                    0 us, workers (us):   0, 
[33.513s][info][gc,stats      ] Concurrent Cleanup                   97 us
[33.513s][info][gc,stats      ] Concurrent Evacuation              7852 us
[33.513s][info][gc,stats      ] Pause Init  Update Refs (G)        2682 us
[33.513s][info][gc,stats      ] Pause Init  Update Refs (N)          16 us
[33.513s][info][gc,stats      ]   Retire GCLABs                       8 us
[33.513s][info][gc,stats      ] Concurrent Update Refs           267485 us
[33.513s][info][gc,stats      ] Pause Final Update Refs (G)        3214 us
[33.513s][info][gc,stats      ] Pause Final Update Refs (N)         498 us
[33.513s][info][gc,stats      ]   Update Roots                      400 us, parallelism: 0.97x
[33.513s][info][gc,stats      ]     UR: <total>                     388 us
[33.513s][info][gc,stats      ]     UR: Thread Roots                388 us, workers (us): 388, 
[33.513s][info][gc,stats      ]   Update Region States               66 us
[33.513s][info][gc,stats      ]   Trash Collection Set                2 us
[33.513s][info][gc,stats      ]   Rebuild Free Set                   14 us
[33.513s][info][gc,stats      ] Concurrent Cleanup                   69 us
[33.513s][info][gc,stats      ] 
[33.513s][info][gc,stats      ] Allocation pacing accrued:
[33.513s][info][gc,stats      ]       0 of  1082 ms (  0.0%): <total>
[33.513s][info][gc,stats      ]       0 of  1082 ms (  0.0%): <average total>
[33.513s][info][gc,stats      ] 
[33.513s][info][gc,metaspace  ] Metaspace: 60458K->60458K(1103872K)
[33.513s][info][gc,ergo       ] Pacer for Idle. Initial: 20480K, Alloc Tax Rate: 1.0x
[33.515s][info][gc            ] Trigger: Learning 3 of 5. Free (563M) is below initial threshold (700M)
[33.515s][info][gc,ergo       ] Free: 563M, Max: 256K regular, 458M humongous, Frag: 19% external, 0% internal; Reserve: 51200K, Max: 256K
[33.515s][info][gc,start      ] GC(43) Concurrent reset
[33.515s][info][gc,task       ] GC(43) Using 1 of 1 workers for concurrent reset
[33.515s][info][gc,ergo       ] GC(43) Pacer for Reset. Non-Taxable: 1000M
[33.515s][info][gc            ] GC(43) Concurrent reset 0.331ms
[33.518s][info][gc,start      ] GC(43) Pause Init Mark
[33.518s][info][gc,task       ] GC(43) Using 1 of 1 workers for init marking
[33.519s][info][gc,ergo       ] GC(43) Pacer for Mark. Expected Live: 166M, Free: 563M, Non-Taxable: 57723K, Alloc Tax Rate: 0.4x
[33.519s][info][gc            ] GC(43) Pause Init Mark 1.506ms
[33.519s][info][gc,start      ] GC(43) Concurrent marking
[33.519s][info][gc,task       ] GC(43) Using 1 of 1 workers for concurrent marking
[33.708s][info][gc            ] GC(43) Concurrent marking 188.136ms
[33.708s][info][gc,start      ] GC(43) Pause Final Mark
[33.708s][info][gc,task       ] GC(43) Using 1 of 1 workers for final marking
[33.708s][info][gc,ergo       ] GC(43) Collectable Garbage: 215M (98%), Immediate: 215M (98%), CSet: 0B (0%)
[33.708s][info][gc            ] GC(43) Pause Final Mark 0.423ms
[33.708s][info][gc,start      ] GC(43) Concurrent cleanup
[33.708s][info][gc            ] GC(43) Concurrent cleanup 471M->256M(476M) 0.104ms
[33.708s][info][gc,ergo       ] GC(43) Free: 692M, Max: 256K regular, 458M humongous, Frag: 34% external, 0% internal; Reserve: 51200K, Max: 256K
[33.708s][info][gc,ergo       ] Free: 692M, Max: 256K regular, 458M humongous, Frag: 34% external, 0% internal; Reserve: 51200K, Max: 256K
[33.708s][info][gc,stats      ] 
[33.708s][info][gc,stats      ] All times are wall-clock times, except per-root-class counters, that are sum over
[33.708s][info][gc,stats      ] all workers. Dividing the <total> over the root stage time estimates parallelism.
[33.708s][info][gc,stats      ] 
[33.708s][info][gc,stats      ] Concurrent Reset                    324 us
[33.708s][info][gc,stats      ] Pause Init Mark (G)                4162 us
[33.708s][info][gc,stats      ] Pause Init Mark (N)                1478 us
[33.708s][info][gc,stats      ]   Accumulate Stats                   17 us
[33.708s][info][gc,stats      ]   Make Parsable                      11 us
[33.708s][info][gc,stats      ]   Update Region States               56 us
[33.708s][info][gc,stats      ]   Scan Roots                       1349 us, parallelism: 0.79x
[33.708s][info][gc,stats      ]     S: <total>                     1068 us
[33.708s][info][gc,stats      ]     S: Thread Roots                 432 us, workers (us): 432, 
[33.708s][info][gc,stats      ]     S: Universe Roots                 2 us, workers (us):   2, 
[33.708s][info][gc,stats      ]     S: JNI Handles Roots              1 us, workers (us):   1, 
[33.708s][info][gc,stats      ]     S: Synchronizer Roots             0 us, workers (us):   0, 
[33.708s][info][gc,stats      ]     S: Management Roots               1 us, workers (us):   1, 
[33.708s][info][gc,stats      ]     S: System Dict Roots             23 us, workers (us):  23, 
[33.708s][info][gc,stats      ]     S: CLDG Roots                   608 us, workers (us): 608, 
[33.708s][info][gc,stats      ]     S: JVMTI Roots                    0 us, workers (us):   0, 
[33.708s][info][gc,stats      ]   Resize TLABs                       11 us
[33.708s][info][gc,stats      ] Concurrent Marking               188128 us
[33.708s][info][gc,stats      ] Pause Final Mark (G)                534 us
[33.708s][info][gc,stats      ] Pause Final Mark (N)                413 us
[33.708s][info][gc,stats      ]   Finish Queues                      12 us
[33.708s][info][gc,stats      ]   System Purge                      281 us
[33.708s][info][gc,stats      ]     Weak Roots                      280 us
[33.708s][info][gc,stats      ]   Update Region States               63 us
[33.708s][info][gc,stats      ]   Retire TLABs                       16 us
[33.708s][info][gc,stats      ]   Choose Collection Set              22 us
[33.708s][info][gc,stats      ]   Rebuild Free Set                   14 us
[33.708s][info][gc,stats      ] Concurrent Cleanup                   97 us
[33.708s][info][gc,stats      ] 
[33.708s][info][gc,stats      ] Allocation pacing accrued:
[33.708s][info][gc,stats      ]       0 of   195 ms (  0.0%): <total>
[33.708s][info][gc,stats      ]       0 of   195 ms (  0.0%): <average total>
[33.708s][info][gc,stats      ] 
[33.708s][info][gc,metaspace  ] Metaspace: 60458K->60458K(1103872K)
[33.708s][info][gc,ergo       ] Pacer for Idle. Initial: 20480K, Alloc Tax Rate: 1.0x
[33.710s][info][gc            ] Trigger: Learning 4 of 5. Free (690M) is below initial threshold (700M)
[33.710s][info][gc,ergo       ] Free: 690M, Max: 256K regular, 458M humongous, Frag: 34% external, 0% internal; Reserve: 51200K, Max: 256K
[33.710s][info][gc,start      ] GC(44) Concurrent reset
[33.710s][info][gc,task       ] GC(44) Using 1 of 1 workers for concurrent reset
[33.710s][info][gc,ergo       ] GC(44) Pacer for Reset. Non-Taxable: 1000M
[33.714s][info][gc            ] GC(44) Concurrent reset 3.258ms
[33.714s][info][gc,start      ] GC(44) Pause Init Mark
[33.714s][info][gc,task       ] GC(44) Using 1 of 1 workers for init marking
[33.715s][info][gc,ergo       ] GC(44) Pacer for Mark. Expected Live: 166M, Free: 686M, Non-Taxable: 70318K, Alloc Tax Rate: 0.3x
[33.715s][info][gc            ] GC(44) Pause Init Mark 1.519ms
[33.715s][info][gc,start      ] GC(44) Concurrent marking
[33.715s][info][gc,task       ] GC(44) Using 1 of 1 workers for concurrent marking
[33.907s][info][gc            ] GC(44) Concurrent marking 191.980ms
[33.908s][info][gc,start      ] GC(44) Pause Final Mark
[33.908s][info][gc,task       ] GC(44) Using 1 of 1 workers for final marking
[33.908s][info][gc,ergo       ] GC(44) Collectable Garbage: 94208K (96%), Immediate: 94208K (96%), CSet: 0B (0%)
[33.908s][info][gc            ] GC(44) Pause Final Mark 0.499ms
[33.908s][info][gc,start      ] GC(44) Concurrent cleanup
[33.908s][info][gc            ] GC(44) Concurrent cleanup 367M->275M(476M) 0.087ms
[33.908s][info][gc,ergo       ] GC(44) Free: 673M, Max: 256K regular, 458M humongous, Frag: 32% external, 0% internal; Reserve: 51200K, Max: 256K
[33.908s][info][gc,ergo       ] Free: 673M, Max: 256K regular, 458M humongous, Frag: 32% external, 0% internal; Reserve: 51200K, Max: 256K
[33.908s][info][gc,stats      ] 
[33.908s][info][gc,stats      ] All times are wall-clock times, except per-root-class counters, that are sum over
[33.908s][info][gc,stats      ] all workers. Dividing the <total> over the root stage time estimates parallelism.
[33.908s][info][gc,stats      ] 
[33.908s][info][gc,stats      ] Concurrent Reset                   3249 us
[33.908s][info][gc,stats      ] Pause Init Mark (G)                1775 us
[33.908s][info][gc,stats      ] Pause Init Mark (N)                1507 us
[33.908s][info][gc,stats      ]   Accumulate Stats                   16 us
[33.908s][info][gc,stats      ]   Make Parsable                      11 us
[33.908s][info][gc,stats      ]   Update Region States               43 us
[33.908s][info][gc,stats      ]   Scan Roots                       1391 us, parallelism: 0.74x
[33.908s][info][gc,stats      ]     S: <total>                     1029 us
[33.908s][info][gc,stats      ]     S: Thread Roots                 461 us, workers (us): 461, 
[33.908s][info][gc,stats      ]     S: Universe Roots                 3 us, workers (us):   3, 
[33.908s][info][gc,stats      ]     S: JNI Handles Roots              2 us, workers (us):   2, 
[33.908s][info][gc,stats      ]     S: Synchronizer Roots             0 us, workers (us):   0, 
[33.908s][info][gc,stats      ]     S: Management Roots               2 us, workers (us):   2, 
[33.908s][info][gc,stats      ]     S: System Dict Roots             12 us, workers (us):  12, 
[33.908s][info][gc,stats      ]     S: CLDG Roots                   549 us, workers (us): 549, 
[33.908s][info][gc,stats      ]     S: JVMTI Roots                    0 us, workers (us):   0, 
[33.908s][info][gc,stats      ]   Resize TLABs                       12 us
[33.908s][info][gc,stats      ] Concurrent Marking               191971 us
[33.908s][info][gc,stats      ] Pause Final Mark (G)                629 us
[33.908s][info][gc,stats      ] Pause Final Mark (N)                489 us
[33.908s][info][gc,stats      ]   Finish Queues                      12 us
[33.908s][info][gc,stats      ]   System Purge                      318 us
[33.908s][info][gc,stats      ]     Weak Roots                      317 us
[33.908s][info][gc,stats      ]   Update Region States               70 us
[33.908s][info][gc,stats      ]   Retire TLABs                       23 us
[33.908s][info][gc,stats      ]   Choose Collection Set              42 us
[33.908s][info][gc,stats      ]   Rebuild Free Set                   17 us
[33.908s][info][gc,stats      ] Concurrent Cleanup                   79 us
[33.908s][info][gc,stats      ] Pacing                            10013 us
[33.908s][info][gc,stats      ] 
[33.908s][info][gc,stats      ] Allocation pacing accrued:
[33.908s][info][gc,stats      ]      10 of   200 ms (  5.0%): Executor task launch worker for task 0.0 in stage 13.0 (TID 13)
[33.908s][info][gc,stats      ]      10 of   200 ms (  5.0%): <total>
[33.908s][info][gc,stats      ]       0 of   200 ms (  0.0%): <average total>
[33.908s][info][gc,stats      ]      10 of   200 ms (  5.0%): <average non-zero>
[33.908s][info][gc,stats      ] 
[33.908s][info][gc,metaspace  ] Metaspace: 60458K->60458K(1103872K)
[33.908s][info][gc,ergo       ] Pacer for Idle. Initial: 20480K, Alloc Tax Rate: 1.0x
[33.909s][info][gc            ] Trigger: Learning 5 of 5. Free (673M) is below initial threshold (700M)
[33.909s][info][gc,ergo       ] Free: 673M, Max: 256K regular, 458M humongous, Frag: 32% external, 0% internal; Reserve: 51200K, Max: 256K
[33.909s][info][gc,start      ] GC(45) Concurrent reset
[33.909s][info][gc,task       ] GC(45) Using 1 of 1 workers for concurrent reset
[33.909s][info][gc,ergo       ] GC(45) Pacer for Reset. Non-Taxable: 1000M
[33.910s][info][gc            ] GC(45) Concurrent reset 0.324ms
[33.910s][info][gc,start      ] GC(45) Pause Init Mark (process weakrefs)
[33.910s][info][gc,task       ] GC(45) Using 1 of 1 workers for init marking
[33.911s][info][gc,ergo       ] GC(45) Pacer for Mark. Expected Live: 166M, Free: 673M, Non-Taxable: 69012K, Alloc Tax Rate: 0.3x
[33.912s][info][gc            ] GC(45) Pause Init Mark (process weakrefs) 1.493ms
[33.912s][info][gc,start      ] GC(45) Concurrent marking (process weakrefs)
[33.912s][info][gc,task       ] GC(45) Using 1 of 1 workers for concurrent marking
[34.102s][info][gc            ] GC(45) Concurrent marking (process weakrefs) 190.677ms
[34.102s][info][gc,start      ] GC(45) Concurrent precleaning
[34.102s][info][gc,task       ] GC(45) Using 1 of 1 workers for concurrent preclean
[34.102s][info][gc,ergo       ] GC(45) Pacer for Precleaning. Non-Taxable: 1000M
[34.103s][info][gc            ] GC(45) Concurrent precleaning 0.540ms
[34.103s][info][gc,start      ] GC(45) Pause Final Mark (process weakrefs)
[34.103s][info][gc,task       ] GC(45) Using 1 of 1 workers for final marking
[34.103s][info][gc,ergo       ] GC(45) Collectable Garbage: 105M (97%), Immediate: 105M (97%), CSet: 0B (0%)
[34.103s][info][gc            ] GC(45) Pause Final Mark (process weakrefs) 0.496ms
[34.104s][info][gc,start      ] GC(45) Concurrent cleanup
[34.104s][info][gc            ] GC(45) Concurrent cleanup 378M->273M(476M) 0.088ms
[34.104s][info][gc,ergo       ] GC(45) Free: 675M, Max: 256K regular, 458M humongous, Frag: 33% external, 0% internal; Reserve: 51200K, Max: 256K
[34.104s][info][gc,ergo       ] Free: 675M, Max: 256K regular, 458M humongous, Frag: 33% external, 0% internal; Reserve: 51200K, Max: 256K
[34.104s][info][gc,stats      ] 
[34.104s][info][gc,stats      ] All times are wall-clock times, except per-root-class counters, that are sum over
[34.104s][info][gc,stats      ] all workers. Dividing the <total> over the root stage time estimates parallelism.
[34.104s][info][gc,stats      ] 
[34.104s][info][gc,stats      ] Concurrent Reset                    316 us
[34.104s][info][gc,stats      ] Pause Init Mark (G)                1741 us
[34.104s][info][gc,stats      ] Pause Init Mark (N)                1483 us
[34.104s][info][gc,stats      ]   Accumulate Stats                   15 us
[34.104s][info][gc,stats      ]   Make Parsable                      10 us
[34.104s][info][gc,stats      ]   Update Region States               35 us
[34.104s][info][gc,stats      ]   Scan Roots                       1368 us, parallelism: 0.79x
[34.104s][info][gc,stats      ]     S: <total>                     1081 us
[34.104s][info][gc,stats      ]     S: Thread Roots                 444 us, workers (us): 444, 
[34.104s][info][gc,stats      ]     S: Universe Roots                 2 us, workers (us):   2, 
[34.104s][info][gc,stats      ]     S: JNI Handles Roots              1 us, workers (us):   1, 
[34.104s][info][gc,stats      ]     S: Synchronizer Roots             0 us, workers (us):   0, 
[34.104s][info][gc,stats      ]     S: Management Roots               1 us, workers (us):   1, 
[34.104s][info][gc,stats      ]     S: System Dict Roots             10 us, workers (us):  10, 
[34.104s][info][gc,stats      ]     S: CLDG Roots                   621 us, workers (us): 621, 
[34.104s][info][gc,stats      ]     S: JVMTI Roots                    0 us, workers (us):   0, 
[34.104s][info][gc,stats      ]   Resize TLABs                       13 us
[34.104s][info][gc,stats      ] Concurrent Marking               190669 us
[34.104s][info][gc,stats      ] Concurrent Precleaning              526 us
[34.104s][info][gc,stats      ] Pause Final Mark (G)                630 us
[34.104s][info][gc,stats      ] Pause Final Mark (N)                486 us
[34.104s][info][gc,stats      ]   Finish Queues                      12 us
[34.104s][info][gc,stats      ]   Weak References                    19 us
[34.104s][info][gc,stats      ]     Process                          17 us
[34.104s][info][gc,stats      ]   System Purge                      324 us
[34.104s][info][gc,stats      ]     Weak Roots                      323 us
[34.104s][info][gc,stats      ]   Update Region States               65 us
[34.104s][info][gc,stats      ]   Retire TLABs                       19 us
[34.104s][info][gc,stats      ]   Choose Collection Set              30 us
[34.104s][info][gc,stats      ]   Rebuild Free Set                   13 us
[34.104s][info][gc,stats      ] Concurrent Cleanup                   81 us
[34.104s][info][gc,stats      ] Pacing                            21960 us
[34.104s][info][gc,stats      ] 
[34.104s][info][gc,stats      ] Allocation pacing accrued:
[34.104s][info][gc,stats      ]      22 of   195 ms ( 11.2%): Executor task launch worker for task 0.0 in stage 13.0 (TID 13)
[34.104s][info][gc,stats      ]      22 of   195 ms ( 11.2%): <total>
[34.104s][info][gc,stats      ]       0 of   195 ms (  0.1%): <average total>
[34.104s][info][gc,stats      ]      22 of   195 ms ( 11.2%): <average non-zero>
[34.104s][info][gc,stats      ] 
[34.104s][info][gc,metaspace  ] Metaspace: 60458K->60458K(1103872K)
[34.104s][info][gc,ergo       ] Pacer for Idle. Initial: 20480K, Alloc Tax Rate: 1.0x
[34.482s][info][gc            ] Trigger: Average GC time (257.03 ms) is above the time for allocation rate (880 MB/s) to deplete free headroom (225M)
[34.483s][info][gc,ergo       ] Free headroom: 275M (free) - 51200K (spike) - 0B (penalties) = 225M
[34.483s][info][gc,ergo       ] Free: 275M, Max: 256K regular, 263M humongous, Frag: 5% external, 0% internal; Reserve: 51200K, Max: 256K
[34.483s][info][gc,start      ] GC(46) Concurrent reset
[34.483s][info][gc,task       ] GC(46) Using 1 of 1 workers for concurrent reset
[34.483s][info][gc,ergo       ] GC(46) Pacer for Reset. Non-Taxable: 1000M
[34.483s][info][gc            ] GC(46) Concurrent reset 0.356ms
[34.486s][info][gc,start      ] GC(46) Pause Init Mark
[34.486s][info][gc,task       ] GC(46) Using 1 of 1 workers for init marking
[34.487s][info][gc,ergo       ] GC(46) Pacer for Mark. Expected Live: 166M, Free: 275M, Non-Taxable: 28160K, Alloc Tax Rate: 0.7x
[34.487s][info][gc            ] GC(46) Pause Init Mark 1.575ms
[34.487s][info][gc,start      ] GC(46) Concurrent marking
[34.487s][info][gc,task       ] GC(46) Using 1 of 1 workers for concurrent marking
[34.634s][info][gc            ] GC(46) Concurrent marking 147.195ms
[34.635s][info][gc,start      ] GC(46) Pause Final Mark
[34.635s][info][gc,task       ] GC(46) Using 1 of 1 workers for final marking
[34.635s][info][gc,ergo       ] GC(46) Collectable Garbage: 502M (99%), Immediate: 502M (99%), CSet: 0B (0%)
[34.635s][info][gc            ] GC(46) Pause Final Mark 0.511ms
[34.639s][info][gc,start      ] GC(46) Concurrent cleanup
[34.639s][info][gc            ] GC(46) Concurrent cleanup 716M->219M(719M) 0.173ms
[34.639s][info][gc,ergo       ] GC(46) Free: 729M, Max: 256K regular, 267M humongous, Frag: 64% external, 0% internal; Reserve: 51200K, Max: 256K
[34.639s][info][gc,ergo       ] Free: 729M, Max: 256K regular, 267M humongous, Frag: 64% external, 0% internal; Reserve: 51200K, Max: 256K
[34.639s][info][gc,stats      ] 
[34.639s][info][gc,stats      ] All times are wall-clock times, except per-root-class counters, that are sum over
[34.639s][info][gc,stats      ] all workers. Dividing the <total> over the root stage time estimates parallelism.
[34.639s][info][gc,stats      ] 
[34.639s][info][gc,stats      ] Concurrent Reset                    346 us
[34.639s][info][gc,stats      ] Pause Init Mark (G)                4272 us
[34.639s][info][gc,stats      ] Pause Init Mark (N)                1548 us
[34.639s][info][gc,stats      ]   Accumulate Stats                   17 us
[34.639s][info][gc,stats      ]   Make Parsable                      15 us
[34.639s][info][gc,stats      ]   Update Region States               50 us
[34.639s][info][gc,stats      ]   Scan Roots                       1408 us, parallelism: 0.80x
[34.639s][info][gc,stats      ]     S: <total>                     1120 us
[34.639s][info][gc,stats      ]     S: Thread Roots                 493 us, workers (us): 493, 
[34.639s][info][gc,stats      ]     S: Universe Roots                 2 us, workers (us):   2, 
[34.639s][info][gc,stats      ]     S: JNI Handles Roots              1 us, workers (us):   1, 
[34.639s][info][gc,stats      ]     S: Synchronizer Roots             0 us, workers (us):   0, 
[34.639s][info][gc,stats      ]     S: Management Roots               1 us, workers (us):   1, 
[34.639s][info][gc,stats      ]     S: System Dict Roots             12 us, workers (us):  12, 
[34.639s][info][gc,stats      ]     S: CLDG Roots                   609 us, workers (us): 609, 
[34.639s][info][gc,stats      ]     S: JVMTI Roots                    0 us, workers (us):   0, 
[34.639s][info][gc,stats      ]   Resize TLABs                       16 us
[34.639s][info][gc,stats      ] Concurrent Marking               147185 us
[34.639s][info][gc,stats      ] Pause Final Mark (G)               4185 us
[34.639s][info][gc,stats      ] Pause Final Mark (N)                501 us
[34.639s][info][gc,stats      ]   Finish Queues                      13 us
[34.639s][info][gc,stats      ]   System Purge                      353 us
[34.639s][info][gc,stats      ]     Weak Roots                      353 us
[34.639s][info][gc,stats      ]   Update Region States               60 us
[34.639s][info][gc,stats      ]   Retire TLABs                       20 us
[34.639s][info][gc,stats      ]   Choose Collection Set              35 us
[34.639s][info][gc,stats      ]   Rebuild Free Set                   13 us
[34.639s][info][gc,stats      ] Concurrent Cleanup                  146 us
[34.639s][info][gc,stats      ] Pacing                            57742 us
[34.639s][info][gc,stats      ] 
[34.639s][info][gc,stats      ] Allocation pacing accrued:
[34.639s][info][gc,stats      ]      58 of   535 ms ( 10.8%): Executor task launch worker for task 0.0 in stage 13.0 (TID 13)
[34.639s][info][gc,stats      ]      58 of   535 ms ( 10.8%): <total>
[34.639s][info][gc,stats      ]       0 of   535 ms (  0.1%): <average total>
[34.639s][info][gc,stats      ]      58 of   535 ms ( 10.8%): <average non-zero>
[34.639s][info][gc,stats      ] 
[34.639s][info][gc,metaspace  ] Metaspace: 60461K->60461K(1103872K)
[34.639s][info][gc,ergo       ] Pacer for Idle. Initial: 20480K, Alloc Tax Rate: 1.0x
[35.016s][info][gc            ] Trigger: Average GC time (246.87 ms) is above the time for allocation rate (934 MB/s) to deplete free headroom (229M)
[35.016s][info][gc,ergo       ] Free headroom: 279M (free) - 51200K (spike) - 0B (penalties) = 229M
[35.016s][info][gc,ergo       ] Free: 279M, Max: 256K regular, 221M humongous, Frag: 21% external, 0% internal; Reserve: 51200K, Max: 256K
[35.016s][info][gc,start      ] GC(47) Concurrent reset
[35.016s][info][gc,task       ] GC(47) Using 1 of 1 workers for concurrent reset
[35.016s][info][gc,ergo       ] GC(47) Pacer for Reset. Non-Taxable: 1000M
[35.016s][info][gc            ] GC(47) Concurrent reset 0.305ms
[35.019s][info][gc,start      ] GC(47) Pause Init Mark
[35.019s][info][gc,task       ] GC(47) Using 1 of 1 workers for init marking
[35.020s][info][gc,ergo       ] GC(47) Pacer for Mark. Expected Live: 167M, Free: 279M, Non-Taxable: 28569K, Alloc Tax Rate: 0.7x
[35.020s][info][gc            ] GC(47) Pause Init Mark 1.444ms
[35.020s][info][gc,start      ] GC(47) Concurrent marking
[35.020s][info][gc,task       ] GC(47) Using 1 of 1 workers for concurrent marking
[35.159s][info][gc            ] GC(47) Concurrent marking 138.520ms
[35.159s][info][gc,start      ] GC(47) Pause Final Mark
[35.159s][info][gc,task       ] GC(47) Using 1 of 1 workers for final marking
[35.160s][info][gc,ergo       ] GC(47) Collectable Garbage: 498M (99%), Immediate: 498M (99%), CSet: 0B (0%)
[35.160s][info][gc            ] GC(47) Pause Final Mark 0.451ms
[35.160s][info][gc,start      ] GC(47) Concurrent cleanup
[35.160s][info][gc            ] GC(47) Concurrent cleanup 713M->215M(719M) 0.146ms
[35.160s][info][gc,ergo       ] GC(47) Free: 733M, Max: 256K regular, 267M humongous, Frag: 64% external, 0% internal; Reserve: 51200K, Max: 256K
[35.160s][info][gc,ergo       ] Free: 733M, Max: 256K regular, 267M humongous, Frag: 64% external, 0% internal; Reserve: 51200K, Max: 256K
[35.160s][info][gc,stats      ] 
[35.160s][info][gc,stats      ] All times are wall-clock times, except per-root-class counters, that are sum over
[35.160s][info][gc,stats      ] all workers. Dividing the <total> over the root stage time estimates parallelism.
[35.160s][info][gc,stats      ] 
[35.160s][info][gc,stats      ] Concurrent Reset                    297 us
[35.160s][info][gc,stats      ] Pause Init Mark (G)                4189 us
[35.160s][info][gc,stats      ] Pause Init Mark (N)                1415 us
[35.160s][info][gc,stats      ]   Accumulate Stats                   17 us
[35.160s][info][gc,stats      ]   Make Parsable                      12 us
[35.160s][info][gc,stats      ]   Update Region States               50 us
[35.160s][info][gc,stats      ]   Scan Roots                       1294 us, parallelism: 0.78x
[35.160s][info][gc,stats      ]     S: <total>                     1012 us
[35.160s][info][gc,stats      ]     S: Thread Roots                 446 us, workers (us): 446, 
[35.160s][info][gc,stats      ]     S: Universe Roots                 2 us, workers (us):   2, 
[35.160s][info][gc,stats      ]     S: JNI Handles Roots              1 us, workers (us):   1, 
[35.160s][info][gc,stats      ]     S: Synchronizer Roots             0 us, workers (us):   0, 
[35.160s][info][gc,stats      ]     S: Management Roots               2 us, workers (us):   2, 
[35.160s][info][gc,stats      ]     S: System Dict Roots             11 us, workers (us):  11, 
[35.160s][info][gc,stats      ]     S: CLDG Roots                   549 us, workers (us): 549, 
[35.160s][info][gc,stats      ]     S: JVMTI Roots                    1 us, workers (us):   1, 
[35.160s][info][gc,stats      ]   Resize TLABs                       11 us
[35.160s][info][gc,stats      ] Concurrent Marking               138510 us
[35.160s][info][gc,stats      ] Pause Final Mark (G)                573 us
[35.160s][info][gc,stats      ] Pause Final Mark (N)                434 us
[35.160s][info][gc,stats      ]   Finish Queues                      16 us
[35.160s][info][gc,stats      ]   System Purge                      289 us
[35.160s][info][gc,stats      ]     Weak Roots                      289 us
[35.160s][info][gc,stats      ]   Update Region States               60 us
[35.160s][info][gc,stats      ]   Retire TLABs                       19 us
[35.160s][info][gc,stats      ]   Choose Collection Set              29 us
[35.160s][info][gc,stats      ]   Rebuild Free Set                   13 us
[35.160s][info][gc,stats      ] Concurrent Cleanup                  140 us
[35.160s][info][gc,stats      ] Pacing                            61330 us
[35.160s][info][gc,stats      ] 
[35.160s][info][gc,stats      ] Allocation pacing accrued:
[35.160s][info][gc,stats      ]      61 of   521 ms ( 11.8%): Executor task launch worker for task 0.0 in stage 13.0 (TID 13)
[35.160s][info][gc,stats      ]      61 of   521 ms ( 11.8%): <total>
[35.160s][info][gc,stats      ]       0 of   521 ms (  0.1%): <average total>
[35.160s][info][gc,stats      ]      61 of   521 ms ( 11.8%): <average non-zero>
[35.160s][info][gc,stats      ] 
[35.160s][info][gc,metaspace  ] Metaspace: 60461K->60461K(1103872K)
[35.160s][info][gc,ergo       ] Pacer for Idle. Initial: 20480K, Alloc Tax Rate: 1.0x
[35.579s][info][gc            ] Trigger: Average GC time (177.11 ms) is above the time for allocation rate (985 MB/s) to deplete free headroom (172M)
[35.579s][info][gc,ergo       ] Free headroom: 222M (free) - 51200K (spike) - 0B (penalties) = 172M
[35.579s][info][gc,ergo       ] Free: 222M, Max: 256K regular, 211M humongous, Frag: 6% external, 0% internal; Reserve: 51200K, Max: 256K
[35.579s][info][gc,start      ] GC(48) Concurrent reset
[35.579s][info][gc,task       ] GC(48) Using 1 of 1 workers for concurrent reset
[35.579s][info][gc,ergo       ] GC(48) Pacer for Reset. Non-Taxable: 1000M
[35.580s][info][gc            ] GC(48) Concurrent reset 0.391ms
[35.582s][info][gc,start      ] GC(48) Pause Init Mark
[35.582s][info][gc,task       ] GC(48) Using 1 of 1 workers for init marking
[35.584s][info][gc,ergo       ] GC(48) Pacer for Mark. Expected Live: 167M, Free: 222M, Non-Taxable: 22809K, Alloc Tax Rate: 0.9x
[35.584s][info][gc            ] GC(48) Pause Init Mark 1.540ms
[35.584s][info][gc,start      ] GC(48) Concurrent marking
[35.584s][info][gc,task       ] GC(48) Using 1 of 1 workers for concurrent marking
[35.721s][info][gc            ] GC(48) Concurrent marking 137.545ms
[35.722s][info][gc,start      ] GC(48) Pause Final Mark
[35.722s][info][gc,task       ] GC(48) Using 1 of 1 workers for final marking
[35.722s][info][gc,ergo       ] GC(48) Collectable Garbage: 554M (99%), Immediate: 554M (99%), CSet: 0B (0%)
[35.722s][info][gc            ] GC(48) Pause Final Mark 0.407ms
[35.722s][info][gc,start      ] GC(48) Concurrent cleanup
[35.722s][info][gc            ] GC(48) Concurrent cleanup 761M->207M(764M) 0.157ms
[35.722s][info][gc,ergo       ] GC(48) Free: 741M, Max: 256K regular, 195M humongous, Frag: 74% external, 0% internal; Reserve: 51200K, Max: 256K
[35.722s][info][gc,ergo       ] Free: 741M, Max: 256K regular, 195M humongous, Frag: 74% external, 0% internal; Reserve: 51200K, Max: 256K
[35.722s][info][gc,stats      ] 
[35.722s][info][gc,stats      ] All times are wall-clock times, except per-root-class counters, that are sum over
[35.722s][info][gc,stats      ] all workers. Dividing the <total> over the root stage time estimates parallelism.
[35.722s][info][gc,stats      ] 
[35.722s][info][gc,stats      ] Concurrent Reset                    383 us
[35.722s][info][gc,stats      ] Pause Init Mark (G)                4372 us
[35.722s][info][gc,stats      ] Pause Init Mark (N)                1512 us
[35.722s][info][gc,stats      ]   Accumulate Stats                   16 us
[35.722s][info][gc,stats      ]   Make Parsable                      12 us
[35.722s][info][gc,stats      ]   Update Region States               52 us
[35.722s][info][gc,stats      ]   Scan Roots                       1353 us, parallelism: 0.79x
[35.722s][info][gc,stats      ]     S: <total>                     1068 us
[35.722s][info][gc,stats      ]     S: Thread Roots                 475 us, workers (us): 475, 
[35.722s][info][gc,stats      ]     S: Universe Roots                 3 us, workers (us):   3, 
[35.722s][info][gc,stats      ]     S: JNI Handles Roots              1 us, workers (us):   1, 
[35.722s][info][gc,stats      ]     S: Synchronizer Roots             0 us, workers (us):   0, 
[35.722s][info][gc,stats      ]     S: Management Roots               2 us, workers (us):   2, 
[35.722s][info][gc,stats      ]     S: System Dict Roots             10 us, workers (us):  10, 
[35.722s][info][gc,stats      ]     S: CLDG Roots                   576 us, workers (us): 576, 
[35.722s][info][gc,stats      ]     S: JVMTI Roots                    0 us, workers (us):   0, 
[35.722s][info][gc,stats      ]   Resize TLABs                       31 us
[35.722s][info][gc,stats      ] Concurrent Marking               137536 us
[35.722s][info][gc,stats      ] Pause Final Mark (G)                544 us
[35.722s][info][gc,stats      ] Pause Final Mark (N)                396 us
[35.722s][info][gc,stats      ]   Finish Queues                      19 us
[35.722s][info][gc,stats      ]   System Purge                      256 us
[35.722s][info][gc,stats      ]     Weak Roots                      256 us
[35.722s][info][gc,stats      ]   Update Region States               59 us
[35.722s][info][gc,stats      ]   Retire TLABs                       15 us
[35.722s][info][gc,stats      ]   Choose Collection Set              25 us
[35.722s][info][gc,stats      ]   Rebuild Free Set                   13 us
[35.722s][info][gc,stats      ] Concurrent Cleanup                  151 us
[35.722s][info][gc,stats      ] Pacing                            72245 us
[35.722s][info][gc,stats      ] 
[35.722s][info][gc,stats      ] Allocation pacing accrued:
[35.722s][info][gc,stats      ]      72 of   562 ms ( 12.8%): Executor task launch worker for task 0.0 in stage 13.0 (TID 13)
[35.722s][info][gc,stats      ]      72 of   562 ms ( 12.8%): <total>
[35.722s][info][gc,stats      ]       1 of   562 ms (  0.1%): <average total>
[35.722s][info][gc,stats      ]      72 of   562 ms ( 12.8%): <average non-zero>
[35.722s][info][gc,stats      ] 
[35.722s][info][gc,metaspace  ] Metaspace: 60461K->60461K(1103872K)
[35.722s][info][gc,ergo       ] Pacer for Idle. Initial: 20480K, Alloc Tax Rate: 1.0x
[35.943s][info][gc            ] Trigger: Explicit GC request (System.gc())
[35.944s][info][gc,ergo       ] Free: 547M, Max: 256K regular, 195M humongous, Frag: 65% external, 0% internal; Reserve: 51200K, Max: 256K
[35.944s][info][gc,start      ] GC(49) Concurrent reset
[35.944s][info][gc,task       ] GC(49) Using 1 of 1 workers for concurrent reset
[35.944s][info][gc,ergo       ] GC(49) Pacer for Reset. Non-Taxable: 1000M
[35.944s][info][gc            ] GC(49) Concurrent reset 0.329ms
[35.944s][info][gc,start      ] GC(49) Pause Init Mark (process weakrefs) (unload classes)
[35.944s][info][gc,task       ] GC(49) Using 1 of 1 workers for init marking
[35.945s][info][gc,ergo       ] GC(49) Pacer for Mark. Expected Live: 167M, Free: 547M, Non-Taxable: 56057K, Alloc Tax Rate: 0.4x
[35.945s][info][gc            ] GC(49) Pause Init Mark (process weakrefs) (unload classes) 1.017ms
[35.945s][info][gc,start      ] GC(49) Concurrent marking (process weakrefs) (unload classes)
[35.945s][info][gc,task       ] GC(49) Using 1 of 1 workers for concurrent marking
[36.054s][info][gc            ] GC(49) Concurrent marking (process weakrefs) (unload classes) 109.158ms
[36.054s][info][gc,start      ] GC(49) Concurrent precleaning
[36.054s][info][gc,task       ] GC(49) Using 1 of 1 workers for concurrent preclean
[36.054s][info][gc,ergo       ] GC(49) Pacer for Precleaning. Non-Taxable: 1000M
[36.055s][info][gc            ] GC(49) Concurrent precleaning 0.283ms
[36.055s][info][gc,start      ] GC(49) Pause Final Mark (process weakrefs) (unload classes)
[36.055s][info][gc,task       ] GC(49) Using 1 of 1 workers for final marking
[36.086s][info][gc,stringtable] GC(49) Cleaned string and symbol table, strings: 18446 processed, 0 removed, symbols: 131958 processed, 200 removed
[36.087s][info][gc,ergo       ] GC(49) Collectable Garbage: 228M (96%), Immediate: 228M (96%), CSet: 0B (0%)
[36.087s][info][gc            ] GC(49) Pause Final Mark (process weakrefs) (unload classes) 32.262ms
[36.087s][info][gc,start      ] GC(49) Concurrent cleanup
[36.088s][info][gc            ] GC(49) Concurrent cleanup 401M->173M(764M) 0.325ms
[36.088s][info][gc,ergo       ] GC(49) Free: 775M, Max: 256K regular, 458M humongous, Frag: 41% external, 0% internal; Reserve: 51200K, Max: 256K
[36.088s][info][gc,ergo       ] Free: 775M, Max: 256K regular, 458M humongous, Frag: 41% external, 0% internal; Reserve: 51200K, Max: 256K
[36.088s][info][gc,stats      ] 
[36.088s][info][gc,stats      ] All times are wall-clock times, except per-root-class counters, that are sum over
[36.088s][info][gc,stats      ] all workers. Dividing the <total> over the root stage time estimates parallelism.
[36.088s][info][gc,stats      ] 
[36.088s][info][gc,stats      ] Concurrent Reset                    314 us
[36.088s][info][gc,stats      ] Pause Init Mark (G)                1278 us
[36.088s][info][gc,stats      ] Pause Init Mark (N)                1002 us
[36.088s][info][gc,stats      ]   Accumulate Stats                   17 us
[36.088s][info][gc,stats      ]   Make Parsable                      14 us
[36.088s][info][gc,stats      ]   Update Region States               40 us
[36.088s][info][gc,stats      ]   Scan Roots                        895 us, parallelism: 0.59x
[36.088s][info][gc,stats      ]     S: <total>                      528 us
[36.088s][info][gc,stats      ]     S: Thread Roots                 413 us, workers (us): 413, 
[36.088s][info][gc,stats      ]     S: Universe Roots                 2 us, workers (us):   2, 
[36.088s][info][gc,stats      ]     S: JNI Handles Roots              1 us, workers (us):   1, 
[36.088s][info][gc,stats      ]     S: Synchronizer Roots             0 us, workers (us):   0, 
[36.088s][info][gc,stats      ]     S: Management Roots               2 us, workers (us):   2, 
[36.088s][info][gc,stats      ]     S: System Dict Roots             11 us, workers (us):  11, 
[36.088s][info][gc,stats      ]     S: CLDG Roots                    98 us, workers (us):  98, 
[36.088s][info][gc,stats      ]     S: JVMTI Roots                    1 us, workers (us):   1, 
[36.088s][info][gc,stats      ]   Resize TLABs                        9 us
[36.088s][info][gc,stats      ] Concurrent Marking               109142 us
[36.088s][info][gc,stats      ] Concurrent Precleaning              275 us
[36.088s][info][gc,stats      ] Pause Final Mark (G)              32452 us
[36.088s][info][gc,stats      ] Pause Final Mark (N)              32247 us
[36.088s][info][gc,stats      ]   Finish Queues                      91 us
[36.088s][info][gc,stats      ]   Weak References                    52 us
[36.088s][info][gc,stats      ]     Process                          50 us
[36.088s][info][gc,stats      ]   System Purge                      288 us
[36.088s][info][gc,stats      ]     Unload Classes                 1064 us
[36.088s][info][gc,stats      ]     Cleanup                       29962 us, parallelism: 1.00x
[36.088s][info][gc,stats      ]       CU: <total>                 29845 us
[36.088s][info][gc,stats      ]       CU: Code Cache Roots         8059 us, workers (us): 8059, 
[36.088s][info][gc,stats      ]       CU: Code Cache Cleaning      3218 us, workers (us): 3218, 
[36.088s][info][gc,stats      ]       CU: String Table Roots       6552 us, workers (us): 6552, 
[36.088s][info][gc,stats      ]       CU: Resolved Table Roots      209 us, workers (us): 209, 
[36.088s][info][gc,stats      ]       CU: CLDG Roots              11808 us, workers (us): 11808, 
[36.088s][info][gc,stats      ]     Weak Roots                      287 us
[36.088s][info][gc,stats      ]     CLDG                            441 us
[36.088s][info][gc,stats      ]   Update Region States              132 us
[36.088s][info][gc,stats      ]   Retire TLABs                       89 us
[36.088s][info][gc,stats      ]   Choose Collection Set              78 us
[36.088s][info][gc,stats      ]   Rebuild Free Set                   40 us
[36.088s][info][gc,stats      ] Concurrent Cleanup                  304 us
[36.088s][info][gc,stats      ] Pacing                             2528 us
[36.088s][info][gc,stats      ] 
[36.088s][info][gc,stats      ] Allocation pacing accrued:
[36.088s][info][gc,stats      ]       3 of   366 ms (  0.7%): Executor task launch worker for task 0.0 in stage 14.0 (TID 14)
[36.088s][info][gc,stats      ]       3 of   366 ms (  0.7%): <total>
[36.088s][info][gc,stats      ]       0 of   366 ms (  0.0%): <average total>
[36.088s][info][gc,stats      ]       3 of   366 ms (  0.7%): <average non-zero>
[36.088s][info][gc,stats      ] 
[36.088s][info][gc,metaspace  ] Metaspace: 60501K->60122K(1103872K)
[36.088s][info][gc,ergo       ] Pacer for Idle. Initial: 20480K, Alloc Tax Rate: 1.0x
[36.088s][info][gc,start      ] Concurrent uncommit
[36.126s][info][gc            ] Concurrent uncommit 173M->173M(174M) 37.385ms
[36.442s][info][gc            ] Trigger: Learning 2 of 5. Free (699M) is below initial threshold (700M)
[36.442s][info][gc,ergo       ] Free: 699M, Max: 256K regular, 458M humongous, Frag: 35% external, 0% internal; Reserve: 51200K, Max: 256K
[36.442s][info][gc,start      ] GC(50) Concurrent reset
[36.442s][info][gc,task       ] GC(50) Using 1 of 1 workers for concurrent reset
[36.442s][info][gc,ergo       ] GC(50) Pacer for Reset. Non-Taxable: 1000M
[36.442s][info][gc            ] GC(50) Concurrent reset 0.344ms
[36.445s][info][gc,start      ] GC(50) Pause Init Mark (process weakrefs)
[36.445s][info][gc,task       ] GC(50) Using 1 of 1 workers for init marking
[36.447s][info][gc,ergo       ] GC(50) Pacer for Mark. Expected Live: 166M, Free: 699M, Non-Taxable: 71675K, Alloc Tax Rate: 0.3x
[36.447s][info][gc            ] GC(50) Pause Init Mark (process weakrefs) 1.723ms
[36.447s][info][gc,start      ] GC(50) Concurrent marking (process weakrefs)
[36.447s][info][gc,task       ] GC(50) Using 1 of 1 workers for concurrent marking
[36.653s][info][gc            ] GC(50) Concurrent marking (process weakrefs) 206.434ms
[36.654s][info][gc,start      ] GC(50) Concurrent precleaning
[36.654s][info][gc,task       ] GC(50) Using 1 of 1 workers for concurrent preclean
[36.654s][info][gc,ergo       ] GC(50) Pacer for Precleaning. Non-Taxable: 1000M
[36.654s][info][gc            ] GC(50) Concurrent precleaning 0.654ms
[36.654s][info][gc,start      ] GC(50) Pause Final Mark (process weakrefs)
[36.654s][info][gc,task       ] GC(50) Using 1 of 1 workers for final marking
[36.655s][info][gc,ergo       ] GC(50) Adaptive CSet Selection. Target Free: 141M, Actual Free: 717M, Max CSet: 42666K, Min Garbage: 0B
[36.655s][info][gc,ergo       ] GC(50) Collectable Garbage: 77827K (97%), Immediate: 59812K (74%), CSet: 18014K (22%)
[36.658s][info][gc,ergo       ] GC(50) Pacer for Evacuation. Used CSet: 19657K, Free: 670M, Non-Taxable: 68703K, Alloc Tax Rate: 1.1x
[36.658s][info][gc            ] GC(50) Pause Final Mark (process weakrefs) 3.457ms
[36.658s][info][gc,start      ] GC(50) Concurrent cleanup
[36.658s][info][gc            ] GC(50) Concurrent cleanup 336M->278M(341M) 0.087ms
[36.658s][info][gc,ergo       ] GC(50) Free: 670M, Max: 256K regular, 458M humongous, Frag: 32% external, 0% internal; Reserve: 50688K, Max: 256K
[36.658s][info][gc,start      ] GC(50) Concurrent evacuation
[36.658s][info][gc,task       ] GC(50) Using 1 of 1 workers for concurrent evacuation
[36.665s][info][gc            ] GC(50) Concurrent evacuation 7.181ms
[36.673s][info][gc,start      ] GC(50) Pause Init Update Refs
[36.673s][info][gc,ergo       ] GC(50) Pacer for Update Refs. Used: 283M, Free: 666M, Non-Taxable: 68294K, Alloc Tax Rate: 1.1x
[36.673s][info][gc            ] GC(50) Pause Init Update Refs 0.069ms
[36.673s][info][gc,start      ] GC(50) Concurrent update references
[36.673s][info][gc,task       ] GC(50) Using 1 of 1 workers for concurrent reference update
[36.991s][info][gc            ] GC(50) Concurrent update references 317.643ms
[36.994s][info][gc,start      ] GC(50) Pause Final Update Refs
[36.994s][info][gc,task       ] GC(50) Using 1 of 1 workers for final reference update
[36.995s][info][gc            ] GC(50) Pause Final Update Refs 0.559ms
[36.995s][info][gc,start      ] GC(50) Concurrent cleanup
[36.995s][info][gc            ] GC(50) Concurrent cleanup 407M->388M(408M) 0.078ms
[36.995s][info][gc,ergo       ] Free: 560M, Max: 256K regular, 532M humongous, Frag: 6% external, 0% internal; Reserve: 51200K, Max: 256K
[36.995s][info][gc,stats      ] 
[36.995s][info][gc,stats      ] All times are wall-clock times, except per-root-class counters, that are sum over
[36.995s][info][gc,stats      ] all workers. Dividing the <total> over the root stage time estimates parallelism.
[36.995s][info][gc,stats      ] 
[36.995s][info][gc,stats      ] Concurrent Reset                    335 us
[36.995s][info][gc,stats      ] Pause Init Mark (G)                4614 us
[36.995s][info][gc,stats      ] Pause Init Mark (N)                1694 us
[36.995s][info][gc,stats      ]   Accumulate Stats                   18 us
[36.995s][info][gc,stats      ]   Make Parsable                      20 us
[36.995s][info][gc,stats      ]   Update Region States               47 us
[36.995s][info][gc,stats      ]   Scan Roots                       1542 us, parallelism: 0.81x
[36.995s][info][gc,stats      ]     S: <total>                     1255 us
[36.995s][info][gc,stats      ]     S: Thread Roots                 567 us, workers (us): 567, 
[36.995s][info][gc,stats      ]     S: Universe Roots                 2 us, workers (us):   2, 
[36.995s][info][gc,stats      ]     S: JNI Handles Roots              1 us, workers (us):   1, 
[36.995s][info][gc,stats      ]     S: Synchronizer Roots             0 us, workers (us):   0, 
[36.995s][info][gc,stats      ]     S: Management Roots               1 us, workers (us):   1, 
[36.995s][info][gc,stats      ]     S: System Dict Roots             12 us, workers (us):  12, 
[36.995s][info][gc,stats      ]     S: CLDG Roots                   671 us, workers (us): 671, 
[36.995s][info][gc,stats      ]     S: JVMTI Roots                    0 us, workers (us):   0, 
[36.995s][info][gc,stats      ]   Resize TLABs                       17 us
[36.995s][info][gc,stats      ] Concurrent Marking               206425 us
[36.995s][info][gc,stats      ] Concurrent Precleaning              626 us
[36.995s][info][gc,stats      ] Pause Final Mark (G)               3646 us
[36.995s][info][gc,stats      ] Pause Final Mark (N)               3448 us
[36.995s][info][gc,stats      ]   Finish Queues                      16 us
[36.995s][info][gc,stats      ]   Weak References                    20 us
[36.995s][info][gc,stats      ]     Process                          18 us
[36.995s][info][gc,stats      ]   System Purge                      298 us
[36.995s][info][gc,stats      ]     Weak Roots                      298 us
[36.995s][info][gc,stats      ]   Update Region States              141 us
[36.995s][info][gc,stats      ]   Retire TLABs                       25 us
[36.995s][info][gc,stats      ]   Choose Collection Set             119 us
[36.995s][info][gc,stats      ]   Rebuild Free Set                   14 us
[36.995s][info][gc,stats      ]   Initial Evacuation               2809 us, parallelism: 0.62x
[36.995s][info][gc,stats      ]     E: <total>                     1751 us
[36.995s][info][gc,stats      ]     E: Thread Roots                 550 us, workers (us): 550, 
[36.995s][info][gc,stats      ]     E: Code Cache Roots             554 us, workers (us): 554, 
[36.995s][info][gc,stats      ]     E: Universe Roots                31 us, workers (us):  31, 
[36.995s][info][gc,stats      ]     E: JNI Handles Roots              1 us, workers (us):   1, 
[36.995s][info][gc,stats      ]     E: Synchronizer Roots             0 us, workers (us):   0, 
[36.995s][info][gc,stats      ]     E: Management Roots               2 us, workers (us):   2, 
[36.995s][info][gc,stats      ]     E: System Dict Roots             11 us, workers (us):  11, 
[36.995s][info][gc,stats      ]     E: CLDG Roots                   601 us, workers (us): 601, 
[36.995s][info][gc,stats      ]     E: JVMTI Roots                    0 us, workers (us):   0, 
[36.995s][info][gc,stats      ] Concurrent Cleanup                   79 us
[36.995s][info][gc,stats      ] Concurrent Evacuation              7170 us
[36.995s][info][gc,stats      ] Pause Init  Update Refs (G)        8156 us
[36.995s][info][gc,stats      ] Pause Init  Update Refs (N)          28 us
[36.995s][info][gc,stats      ]   Retire GCLABs                      10 us
[36.995s][info][gc,stats      ] Concurrent Update Refs           317626 us
[36.995s][info][gc,stats      ] Pause Final Update Refs (G)        3490 us
[36.995s][info][gc,stats      ] Pause Final Update Refs (N)         522 us
[36.995s][info][gc,stats      ]   Update Roots                      434 us, parallelism: 0.98x
[36.995s][info][gc,stats      ]     UR: <total>                     427 us
[36.995s][info][gc,stats      ]     UR: Thread Roots                427 us, workers (us): 427, 
[36.995s][info][gc,stats      ]   Update Region States               62 us
[36.995s][info][gc,stats      ]   Trash Collection Set                2 us
[36.995s][info][gc,stats      ]   Rebuild Free Set                   14 us
[36.995s][info][gc,stats      ] Concurrent Cleanup                   69 us
[36.995s][info][gc,stats      ] 
[36.995s][info][gc,stats      ] Allocation pacing accrued:
[36.995s][info][gc,stats      ]       0 of   907 ms (  0.0%): <total>
[36.995s][info][gc,stats      ]       0 of   907 ms (  0.0%): <average total>
[36.995s][info][gc,stats      ] 
[36.995s][info][gc,metaspace  ] Metaspace: 60547K->60550K(1103872K)
[36.995s][info][gc,ergo       ] Pacer for Idle. Initial: 20480K, Alloc Tax Rate: 1.0x
[36.997s][info][gc            ] Trigger: Learning 3 of 5. Free (558M) is below initial threshold (700M)
[36.997s][info][gc,ergo       ] Free: 558M, Max: 256K regular, 532M humongous, Frag: 5% external, 0% internal; Reserve: 51200K, Max: 256K
[36.997s][info][gc,start      ] GC(51) Concurrent reset
[36.997s][info][gc,task       ] GC(51) Using 1 of 1 workers for concurrent reset
[36.997s][info][gc,ergo       ] GC(51) Pacer for Reset. Non-Taxable: 1000M
[36.999s][info][gc            ] GC(51) Concurrent reset 2.257ms
[37.002s][info][gc,start      ] GC(51) Pause Init Mark
[37.002s][info][gc,task       ] GC(51) Using 1 of 1 workers for init marking
[37.004s][info][gc,ergo       ] GC(51) Pacer for Mark. Expected Live: 166M, Free: 556M, Non-Taxable: 56985K, Alloc Tax Rate: 0.4x
[37.004s][info][gc            ] GC(51) Pause Init Mark 1.569ms
[37.004s][info][gc,start      ] GC(51) Concurrent marking
[37.004s][info][gc,task       ] GC(51) Using 1 of 1 workers for concurrent marking
[37.194s][info][gc            ] GC(51) Concurrent marking 190.032ms
[37.200s][info][gc,start      ] GC(51) Pause Final Mark
[37.200s][info][gc,task       ] GC(51) Using 1 of 1 workers for final marking
[37.200s][info][gc,ergo       ] GC(51) Collectable Garbage: 220M (97%), Immediate: 220M (97%), CSet: 0B (0%)
[37.200s][info][gc            ] GC(51) Pause Final Mark 0.520ms
[37.200s][info][gc,start      ] GC(51) Concurrent cleanup
[37.200s][info][gc            ] GC(51) Concurrent cleanup 480M->259M(483M) 0.111ms
[37.200s][info][gc,ergo       ] GC(51) Free: 689M, Max: 256K regular, 457M humongous, Frag: 34% external, 0% internal; Reserve: 51200K, Max: 256K
[37.200s][info][gc,ergo       ] Free: 689M, Max: 256K regular, 457M humongous, Frag: 34% external, 0% internal; Reserve: 51200K, Max: 256K
[37.200s][info][gc,stats      ] 
[37.200s][info][gc,stats      ] All times are wall-clock times, except per-root-class counters, that are sum over
[37.200s][info][gc,stats      ] all workers. Dividing the <total> over the root stage time estimates parallelism.
[37.200s][info][gc,stats      ] 
[37.200s][info][gc,stats      ] Concurrent Reset                   2243 us
[37.200s][info][gc,stats      ] Pause Init Mark (G)                4495 us
[37.200s][info][gc,stats      ] Pause Init Mark (N)                1538 us
[37.200s][info][gc,stats      ]   Accumulate Stats                   18 us
[37.200s][info][gc,stats      ]   Make Parsable                      15 us
[37.200s][info][gc,stats      ]   Update Region States               55 us
[37.200s][info][gc,stats      ]   Scan Roots                       1392 us, parallelism: 0.80x
[37.200s][info][gc,stats      ]     S: <total>                     1111 us
[37.200s][info][gc,stats      ]     S: Thread Roots                 514 us, workers (us): 514, 
[37.200s][info][gc,stats      ]     S: Universe Roots                 2 us, workers (us):   2, 
[37.200s][info][gc,stats      ]     S: JNI Handles Roots              1 us, workers (us):   1, 
[37.200s][info][gc,stats      ]     S: Synchronizer Roots             0 us, workers (us):   0, 
[37.200s][info][gc,stats      ]     S: Management Roots               1 us, workers (us):   1, 
[37.200s][info][gc,stats      ]     S: System Dict Roots             22 us, workers (us):  22, 
[37.200s][info][gc,stats      ]     S: CLDG Roots                   569 us, workers (us): 569, 
[37.200s][info][gc,stats      ]     S: JVMTI Roots                    0 us, workers (us):   0, 
[37.200s][info][gc,stats      ]   Resize TLABs                       15 us
[37.200s][info][gc,stats      ] Concurrent Marking               190022 us
[37.200s][info][gc,stats      ] Pause Final Mark (G)               5598 us
[37.200s][info][gc,stats      ] Pause Final Mark (N)                455 us
[37.200s][info][gc,stats      ]   Finish Queues                      36 us
[37.200s][info][gc,stats      ]   System Purge                      276 us
[37.200s][info][gc,stats      ]     Weak Roots                      276 us
[37.200s][info][gc,stats      ]   Update Region States               68 us
[37.200s][info][gc,stats      ]   Retire TLABs                       21 us
[37.200s][info][gc,stats      ]   Choose Collection Set              25 us
[37.200s][info][gc,stats      ]   Rebuild Free Set                   17 us
[37.200s][info][gc,stats      ] Concurrent Cleanup                  102 us
[37.200s][info][gc,stats      ] Pacing                            15759 us
[37.200s][info][gc,stats      ] 
[37.200s][info][gc,stats      ] Allocation pacing accrued:
[37.200s][info][gc,stats      ]      16 of   205 ms (  7.7%): Executor task launch worker for task 0.0 in stage 16.0 (TID 16)
[37.200s][info][gc,stats      ]      16 of   205 ms (  7.7%): <total>
[37.200s][info][gc,stats      ]       0 of   205 ms (  0.0%): <average total>
[37.200s][info][gc,stats      ]      16 of   205 ms (  7.7%): <average non-zero>
[37.200s][info][gc,stats      ] 
[37.200s][info][gc,metaspace  ] Metaspace: 60550K->60550K(1103872K)
[37.200s][info][gc,ergo       ] Pacer for Idle. Initial: 20480K, Alloc Tax Rate: 1.0x
[37.202s][info][gc            ] Trigger: Learning 4 of 5. Free (687M) is below initial threshold (700M)
[37.202s][info][gc,ergo       ] Free: 687M, Max: 256K regular, 457M humongous, Frag: 34% external, 0% internal; Reserve: 51200K, Max: 256K
[37.202s][info][gc,start      ] GC(52) Concurrent reset
[37.202s][info][gc,task       ] GC(52) Using 1 of 1 workers for concurrent reset
[37.202s][info][gc,ergo       ] GC(52) Pacer for Reset. Non-Taxable: 1000M
[37.203s][info][gc            ] GC(52) Concurrent reset 0.302ms
[37.204s][info][gc,start      ] GC(52) Pause Init Mark
[37.204s][info][gc,task       ] GC(52) Using 1 of 1 workers for init marking
[37.206s][info][gc,ergo       ] GC(52) Pacer for Mark. Expected Live: 166M, Free: 687M, Non-Taxable: 70374K, Alloc Tax Rate: 0.3x
[37.206s][info][gc            ] GC(52) Pause Init Mark 1.542ms
[37.206s][info][gc,start      ] GC(52) Concurrent marking
[37.206s][info][gc,task       ] GC(52) Using 1 of 1 workers for concurrent marking
[37.427s][info][gc            ] GC(52) Concurrent marking 221.220ms
[37.427s][info][gc,start      ] GC(52) Pause Final Mark
[37.427s][info][gc,task       ] GC(52) Using 1 of 1 workers for final marking
[37.428s][info][gc,ergo       ] GC(52) Collectable Garbage: 92160K (95%), Immediate: 92160K (95%), CSet: 0B (0%)
[37.428s][info][gc            ] GC(52) Pause Final Mark 0.401ms
[37.428s][info][gc,start      ] GC(52) Concurrent cleanup
[37.428s][info][gc            ] GC(52) Concurrent cleanup 366M->276M(483M) 0.085ms
[37.428s][info][gc,ergo       ] GC(52) Free: 672M, Max: 256K regular, 475M humongous, Frag: 30% external, 0% internal; Reserve: 51200K, Max: 256K
[37.428s][info][gc,ergo       ] Free: 672M, Max: 256K regular, 475M humongous, Frag: 30% external, 0% internal; Reserve: 51200K, Max: 256K
[37.428s][info][gc,stats      ] 
[37.428s][info][gc,stats      ] All times are wall-clock times, except per-root-class counters, that are sum over
[37.428s][info][gc,stats      ] all workers. Dividing the <total> over the root stage time estimates parallelism.
[37.428s][info][gc,stats      ] 
[37.428s][info][gc,stats      ] Concurrent Reset                    295 us
[37.428s][info][gc,stats      ] Pause Init Mark (G)                3268 us
[37.428s][info][gc,stats      ] Pause Init Mark (N)                1508 us
[37.428s][info][gc,stats      ]   Accumulate Stats                   19 us
[37.428s][info][gc,stats      ]   Make Parsable                      14 us
[37.428s][info][gc,stats      ]   Update Region States               49 us
[37.428s][info][gc,stats      ]   Scan Roots                       1385 us, parallelism: 0.80x
[37.428s][info][gc,stats      ]     S: <total>                     1103 us
[37.428s][info][gc,stats      ]     S: Thread Roots                 519 us, workers (us): 519, 
[37.428s][info][gc,stats      ]     S: Universe Roots                 3 us, workers (us):   3, 
[37.428s][info][gc,stats      ]     S: JNI Handles Roots              1 us, workers (us):   1, 
[37.428s][info][gc,stats      ]     S: Synchronizer Roots             0 us, workers (us):   0, 
[37.428s][info][gc,stats      ]     S: Management Roots               1 us, workers (us):   1, 
[37.428s][info][gc,stats      ]     S: System Dict Roots             10 us, workers (us):  10, 
[37.428s][info][gc,stats      ]     S: CLDG Roots                   568 us, workers (us): 568, 
[37.428s][info][gc,stats      ]     S: JVMTI Roots                    0 us, workers (us):   0, 
[37.428s][info][gc,stats      ]   Resize TLABs                       10 us
[37.428s][info][gc,stats      ] Concurrent Marking               221210 us
[37.428s][info][gc,stats      ] Pause Final Mark (G)                528 us
[37.428s][info][gc,stats      ] Pause Final Mark (N)                384 us
[37.428s][info][gc,stats      ]   Finish Queues                      17 us
[37.428s][info][gc,stats      ]   System Purge                      251 us
[37.428s][info][gc,stats      ]     Weak Roots                      251 us
[37.428s][info][gc,stats      ]   Update Region States               62 us
[37.428s][info][gc,stats      ]   Retire TLABs                       13 us
[37.428s][info][gc,stats      ]   Choose Collection Set              20 us
[37.428s][info][gc,stats      ]   Rebuild Free Set                   14 us
[37.428s][info][gc,stats      ] Concurrent Cleanup                   78 us
[37.428s][info][gc,stats      ] 
[37.428s][info][gc,stats      ] Allocation pacing accrued:
[37.428s][info][gc,stats      ]       0 of   228 ms (  0.0%): <total>
[37.428s][info][gc,stats      ]       0 of   228 ms (  0.0%): <average total>
[37.428s][info][gc,stats      ] 
[37.428s][info][gc,metaspace  ] Metaspace: 60550K->60550K(1103872K)
[37.428s][info][gc,ergo       ] Pacer for Idle. Initial: 20480K, Alloc Tax Rate: 1.0x
[37.429s][info][gc            ] Trigger: Learning 5 of 5. Free (672M) is below initial threshold (700M)
[37.429s][info][gc,ergo       ] Free: 672M, Max: 256K regular, 475M humongous, Frag: 30% external, 0% internal; Reserve: 51200K, Max: 256K
[37.429s][info][gc,start      ] GC(53) Concurrent reset
[37.429s][info][gc,task       ] GC(53) Using 1 of 1 workers for concurrent reset
[37.429s][info][gc,ergo       ] GC(53) Pacer for Reset. Non-Taxable: 1000M
[37.429s][info][gc            ] GC(53) Concurrent reset 0.273ms
[37.430s][info][gc,start      ] GC(53) Pause Init Mark
[37.430s][info][gc,task       ] GC(53) Using 1 of 1 workers for init marking
[37.431s][info][gc,ergo       ] GC(53) Pacer for Mark. Expected Live: 166M, Free: 672M, Non-Taxable: 68838K, Alloc Tax Rate: 0.3x
[37.431s][info][gc            ] GC(53) Pause Init Mark 1.543ms
[37.431s][info][gc,start      ] GC(53) Concurrent marking
[37.431s][info][gc,task       ] GC(53) Using 1 of 1 workers for concurrent marking
[37.611s][info][gc            ] GC(53) Concurrent marking 179.882ms
[37.611s][info][gc,start      ] GC(53) Pause Final Mark
[37.611s][info][gc,task       ] GC(53) Using 1 of 1 workers for final marking
[37.612s][info][gc,ergo       ] GC(53) Collectable Garbage: 105M (95%), Immediate: 105M (95%), CSet: 0B (0%)
[37.612s][info][gc            ] GC(53) Pause Final Mark 0.437ms
[37.612s][info][gc,start      ] GC(53) Concurrent cleanup
[37.612s][info][gc            ] GC(53) Concurrent cleanup 379M->274M(483M) 0.087ms
[37.612s][info][gc,ergo       ] GC(53) Free: 674M, Max: 256K regular, 558M humongous, Frag: 18% external, 0% internal; Reserve: 51200K, Max: 256K
[37.612s][info][gc,ergo       ] Free: 674M, Max: 256K regular, 558M humongous, Frag: 18% external, 0% internal; Reserve: 51200K, Max: 256K
[37.612s][info][gc,stats      ] 
[37.612s][info][gc,stats      ] All times are wall-clock times, except per-root-class counters, that are sum over
[37.612s][info][gc,stats      ] all workers. Dividing the <total> over the root stage time estimates parallelism.
[37.612s][info][gc,stats      ] 
[37.612s][info][gc,stats      ] Concurrent Reset                    267 us
[37.612s][info][gc,stats      ] Pause Init Mark (G)                1809 us
[37.612s][info][gc,stats      ] Pause Init Mark (N)                1531 us
[37.612s][info][gc,stats      ]   Accumulate Stats                   18 us
[37.612s][info][gc,stats      ]   Make Parsable                      11 us
[37.612s][info][gc,stats      ]   Update Region States               38 us
[37.612s][info][gc,stats      ]   Scan Roots                       1417 us, parallelism: 0.75x
[37.612s][info][gc,stats      ]     S: <total>                     1065 us
[37.612s][info][gc,stats      ]     S: Thread Roots                 514 us, workers (us): 514, 
[37.612s][info][gc,stats      ]     S: Universe Roots                 3 us, workers (us):   3, 
[37.612s][info][gc,stats      ]     S: JNI Handles Roots              1 us, workers (us):   1, 
[37.612s][info][gc,stats      ]     S: Synchronizer Roots             0 us, workers (us):   0, 
[37.612s][info][gc,stats      ]     S: Management Roots               2 us, workers (us):   2, 
[37.612s][info][gc,stats      ]     S: System Dict Roots             11 us, workers (us):  11, 
[37.612s][info][gc,stats      ]     S: CLDG Roots                   533 us, workers (us): 533, 
[37.612s][info][gc,stats      ]     S: JVMTI Roots                    1 us, workers (us):   1, 
[37.612s][info][gc,stats      ]   Resize TLABs                       14 us
[37.612s][info][gc,stats      ] Concurrent Marking               179873 us
[37.612s][info][gc,stats      ] Pause Final Mark (G)                568 us
[37.612s][info][gc,stats      ] Pause Final Mark (N)                420 us
[37.612s][info][gc,stats      ]   Finish Queues                      16 us
[37.612s][info][gc,stats      ]   System Purge                      252 us
[37.612s][info][gc,stats      ]     Weak Roots                      252 us
[37.612s][info][gc,stats      ]   Update Region States               79 us
[37.612s][info][gc,stats      ]   Retire TLABs                       26 us
[37.612s][info][gc,stats      ]   Choose Collection Set              25 us
[37.612s][info][gc,stats      ]   Rebuild Free Set                   14 us
[37.612s][info][gc,stats      ] Concurrent Cleanup                   81 us
[37.612s][info][gc,stats      ] Pacing                            22197 us
[37.612s][info][gc,stats      ] 
[37.612s][info][gc,stats      ] Allocation pacing accrued:
[37.612s][info][gc,stats      ]      22 of   184 ms ( 12.1%): Executor task launch worker for task 0.0 in stage 16.0 (TID 16)
[37.612s][info][gc,stats      ]      22 of   184 ms ( 12.1%): <total>
[37.612s][info][gc,stats      ]       0 of   184 ms (  0.1%): <average total>
[37.612s][info][gc,stats      ]      22 of   184 ms ( 12.1%): <average non-zero>
[37.612s][info][gc,stats      ] 
[37.612s][info][gc,metaspace  ] Metaspace: 60550K->60550K(1103872K)
[37.612s][info][gc,ergo       ] Pacer for Idle. Initial: 20480K, Alloc Tax Rate: 1.0x
[37.990s][info][gc            ] Trigger: Average GC time (261.68 ms) is above the time for allocation rate (885 MB/s) to deplete free headroom (230M)
[37.990s][info][gc,ergo       ] Free headroom: 280M (free) - 51200K (spike) - 0B (penalties) = 230M
[37.990s][info][gc,ergo       ] Free: 280M, Max: 256K regular, 269M humongous, Frag: 5% external, 0% internal; Reserve: 51200K, Max: 256K
[37.990s][info][gc,start      ] GC(54) Concurrent reset
[37.990s][info][gc,task       ] GC(54) Using 1 of 1 workers for concurrent reset
[37.990s][info][gc,ergo       ] GC(54) Pacer for Reset. Non-Taxable: 1000M
[37.990s][info][gc            ] GC(54) Concurrent reset 0.415ms
[37.994s][info][gc,start      ] GC(54) Pause Init Mark
[37.994s][info][gc,task       ] GC(54) Using 1 of 1 workers for init marking
[37.995s][info][gc,ergo       ] GC(54) Pacer for Mark. Expected Live: 166M, Free: 280M, Non-Taxable: 28748K, Alloc Tax Rate: 0.7x
[37.995s][info][gc            ] GC(54) Pause Init Mark 1.617ms
[37.995s][info][gc,start      ] GC(54) Concurrent marking
[37.995s][info][gc,task       ] GC(54) Using 1 of 1 workers for concurrent marking
[38.141s][info][gc            ] GC(54) Concurrent marking 146.089ms
[38.141s][info][gc,start      ] GC(54) Pause Final Mark
[38.141s][info][gc,task       ] GC(54) Using 1 of 1 workers for final marking
[38.142s][info][gc,ergo       ] GC(54) Collectable Garbage: 496M (99%), Immediate: 496M (99%), CSet: 0B (0%)
[38.142s][info][gc            ] GC(54) Pause Final Mark 0.405ms
[38.142s][info][gc,start      ] GC(54) Concurrent cleanup
[38.142s][info][gc            ] GC(54) Concurrent cleanup 712M->215M(714M) 0.146ms
[38.142s][info][gc,ergo       ] GC(54) Free: 733M, Max: 256K regular, 225M humongous, Frag: 70% external, 0% internal; Reserve: 51200K, Max: 256K
[38.142s][info][gc,ergo       ] Free: 733M, Max: 256K regular, 225M humongous, Frag: 70% external, 0% internal; Reserve: 51200K, Max: 256K
[38.142s][info][gc,stats      ] 
[38.142s][info][gc,stats      ] All times are wall-clock times, except per-root-class counters, that are sum over
[38.142s][info][gc,stats      ] all workers. Dividing the <total> over the root stage time estimates parallelism.
[38.142s][info][gc,stats      ] 
[38.142s][info][gc,stats      ] Concurrent Reset                    406 us
[38.142s][info][gc,stats      ] Pause Init Mark (G)                4770 us
[38.142s][info][gc,stats      ] Pause Init Mark (N)                1572 us
[38.142s][info][gc,stats      ]   Accumulate Stats                   21 us
[38.142s][info][gc,stats      ]   Make Parsable                      13 us
[38.142s][info][gc,stats      ]   Update Region States               80 us
[38.142s][info][gc,stats      ]   Scan Roots                       1400 us, parallelism: 0.80x
[38.142s][info][gc,stats      ]     S: <total>                     1121 us
[38.142s][info][gc,stats      ]     S: Thread Roots                 562 us, workers (us): 562, 
[38.142s][info][gc,stats      ]     S: Universe Roots                 2 us, workers (us):   2, 
[38.142s][info][gc,stats      ]     S: JNI Handles Roots              1 us, workers (us):   1, 
[38.142s][info][gc,stats      ]     S: Synchronizer Roots             0 us, workers (us):   0, 
[38.142s][info][gc,stats      ]     S: Management Roots               2 us, workers (us):   2, 
[38.142s][info][gc,stats      ]     S: System Dict Roots             11 us, workers (us):  11, 
[38.142s][info][gc,stats      ]     S: CLDG Roots                   541 us, workers (us): 541, 
[38.142s][info][gc,stats      ]     S: JVMTI Roots                    1 us, workers (us):   1, 
[38.142s][info][gc,stats      ]   Resize TLABs                       14 us
[38.142s][info][gc,stats      ] Concurrent Marking               146079 us
[38.142s][info][gc,stats      ] Pause Final Mark (G)                537 us
[38.142s][info][gc,stats      ] Pause Final Mark (N)                395 us
[38.142s][info][gc,stats      ]   Finish Queues                      14 us
[38.142s][info][gc,stats      ]   System Purge                      254 us
[38.142s][info][gc,stats      ]     Weak Roots                      254 us
[38.142s][info][gc,stats      ]   Update Region States               59 us
[38.142s][info][gc,stats      ]   Retire TLABs                       19 us
[38.142s][info][gc,stats      ]   Choose Collection Set              28 us
[38.142s][info][gc,stats      ]   Rebuild Free Set                   13 us
[38.142s][info][gc,stats      ] Concurrent Cleanup                  140 us
[38.142s][info][gc,stats      ] Pacing                            54834 us
[38.142s][info][gc,stats      ] 
[38.142s][info][gc,stats      ] Allocation pacing accrued:
[38.142s][info][gc,stats      ]      55 of   530 ms ( 10.3%): Executor task launch worker for task 0.0 in stage 16.0 (TID 16)
[38.142s][info][gc,stats      ]      55 of   530 ms ( 10.3%): <total>
[38.142s][info][gc,stats      ]       0 of   530 ms (  0.1%): <average total>
[38.142s][info][gc,stats      ]      55 of   530 ms ( 10.3%): <average non-zero>
[38.142s][info][gc,stats      ] 
[38.142s][info][gc,metaspace  ] Metaspace: 60550K->60550K(1103872K)
[38.142s][info][gc,ergo       ] Pacer for Idle. Initial: 20480K, Alloc Tax Rate: 1.0x
[38.493s][info][gc            ] Trigger: Average GC time (263.29 ms) is above the time for allocation rate (950 MB/s) to deplete free headroom (249M)
[38.493s][info][gc,ergo       ] Free headroom: 299M (free) - 51200K (spike) - 0B (penalties) = 249M
[38.493s][info][gc,ergo       ] Free: 299M, Max: 256K regular, 225M humongous, Frag: 25% external, 0% internal; Reserve: 51200K, Max: 256K
[38.493s][info][gc,start      ] GC(55) Concurrent reset
[38.493s][info][gc,task       ] GC(55) Using 1 of 1 workers for concurrent reset
[38.493s][info][gc,ergo       ] GC(55) Pacer for Reset. Non-Taxable: 1000M
[38.494s][info][gc            ] GC(55) Concurrent reset 0.314ms
[38.497s][info][gc,start      ] GC(55) Pause Init Mark (process weakrefs)
[38.497s][info][gc,task       ] GC(55) Using 1 of 1 workers for init marking
[38.498s][info][gc,ergo       ] GC(55) Pacer for Mark. Expected Live: 167M, Free: 299M, Non-Taxable: 30668K, Alloc Tax Rate: 0.7x
[38.498s][info][gc            ] GC(55) Pause Init Mark (process weakrefs) 1.655ms
[38.498s][info][gc,start      ] GC(55) Concurrent marking (process weakrefs)
[38.499s][info][gc,task       ] GC(55) Using 1 of 1 workers for concurrent marking
[38.669s][info][gc            ] GC(55) Concurrent marking (process weakrefs) 170.326ms
[38.669s][info][gc,start      ] GC(55) Concurrent precleaning
[38.669s][info][gc,task       ] GC(55) Using 1 of 1 workers for concurrent preclean
[38.669s][info][gc,ergo       ] GC(55) Pacer for Precleaning. Non-Taxable: 1000M
[38.669s][info][gc            ] GC(55) Concurrent precleaning 0.528ms
[38.670s][info][gc,start      ] GC(55) Pause Final Mark (process weakrefs)
[38.670s][info][gc,task       ] GC(55) Using 1 of 1 workers for final marking
[38.670s][info][gc,ergo       ] GC(55) Collectable Garbage: 477M (99%), Immediate: 477M (99%), CSet: 0B (0%)
[38.670s][info][gc            ] GC(55) Pause Final Mark (process weakrefs) 0.545ms
[38.675s][info][gc,start      ] GC(55) Concurrent cleanup
[38.675s][info][gc            ] GC(55) Concurrent cleanup 696M->224M(714M) 0.156ms
[38.675s][info][gc,ergo       ] GC(55) Free: 724M, Max: 256K regular, 286M humongous, Frag: 61% external, 0% internal; Reserve: 51200K, Max: 256K
[38.675s][info][gc,ergo       ] Free: 724M, Max: 256K regular, 286M humongous, Frag: 61% external, 0% internal; Reserve: 51200K, Max: 256K
[38.675s][info][gc,stats      ] 
[38.675s][info][gc,stats      ] All times are wall-clock times, except per-root-class counters, that are sum over
[38.675s][info][gc,stats      ] all workers. Dividing the <total> over the root stage time estimates parallelism.
[38.675s][info][gc,stats      ] 
[38.675s][info][gc,stats      ] Concurrent Reset                    305 us
[38.675s][info][gc,stats      ] Pause Init Mark (G)                4890 us
[38.675s][info][gc,stats      ] Pause Init Mark (N)                1613 us
[38.675s][info][gc,stats      ]   Accumulate Stats                   20 us
[38.675s][info][gc,stats      ]   Make Parsable                      15 us
[38.675s][info][gc,stats      ]   Update Region States               74 us
[38.675s][info][gc,stats      ]   Scan Roots                       1431 us, parallelism: 0.80x
[38.675s][info][gc,stats      ]     S: <total>                     1151 us
[38.675s][info][gc,stats      ]     S: Thread Roots                 583 us, workers (us): 583, 
[38.675s][info][gc,stats      ]     S: Universe Roots                 2 us, workers (us):   2, 
[38.675s][info][gc,stats      ]     S: JNI Handles Roots              2 us, workers (us):   2, 
[38.675s][info][gc,stats      ]     S: Synchronizer Roots             0 us, workers (us):   0, 
[38.675s][info][gc,stats      ]     S: Management Roots               2 us, workers (us):   2, 
[38.675s][info][gc,stats      ]     S: System Dict Roots             11 us, workers (us):  11, 
[38.675s][info][gc,stats      ]     S: CLDG Roots                   550 us, workers (us): 550, 
[38.675s][info][gc,stats      ]     S: JVMTI Roots                    1 us, workers (us):   1, 
[38.675s][info][gc,stats      ]   Resize TLABs                       12 us
[38.675s][info][gc,stats      ] Concurrent Marking               170316 us
[38.675s][info][gc,stats      ] Concurrent Precleaning              518 us
[38.675s][info][gc,stats      ] Pause Final Mark (G)               5333 us
[38.675s][info][gc,stats      ] Pause Final Mark (N)                536 us
[38.675s][info][gc,stats      ]   Finish Queues                      18 us
[38.675s][info][gc,stats      ]   Weak References                    19 us
[38.675s][info][gc,stats      ]     Process                          16 us
[38.675s][info][gc,stats      ]   System Purge                      362 us
[38.675s][info][gc,stats      ]     Weak Roots                      362 us
[38.675s][info][gc,stats      ]   Update Region States               63 us
[38.675s][info][gc,stats      ]   Retire TLABs                       24 us
[38.675s][info][gc,stats      ]   Choose Collection Set              32 us
[38.675s][info][gc,stats      ]   Rebuild Free Set                   13 us
[38.675s][info][gc,stats      ] Concurrent Cleanup                  141 us
[38.675s][info][gc,stats      ] Pacing                            67899 us
[38.675s][info][gc,stats      ] 
[38.675s][info][gc,stats      ] Allocation pacing accrued:
[38.675s][info][gc,stats      ]      68 of   533 ms ( 12.7%): Executor task launch worker for task 0.0 in stage 16.0 (TID 16)
[38.675s][info][gc,stats      ]      68 of   533 ms ( 12.7%): <total>
[38.675s][info][gc,stats      ]       0 of   533 ms (  0.1%): <average total>
[38.675s][info][gc,stats      ]      68 of   533 ms ( 12.7%): <average non-zero>
[38.675s][info][gc,stats      ] 
[38.675s][info][gc,metaspace  ] Metaspace: 60550K->60550K(1103872K)
[38.675s][info][gc,ergo       ] Pacer for Idle. Initial: 20480K, Alloc Tax Rate: 1.0x
[39.072s][info][gc            ] Trigger: Average GC time (189.08 ms) is above the time for allocation rate (948 MB/s) to deplete free headroom (178M)
[39.073s][info][gc,ergo       ] Free headroom: 228M (free) - 51200K (spike) - 0B (penalties) = 178M
[39.073s][info][gc,ergo       ] Free: 228M, Max: 256K regular, 216M humongous, Frag: 5% external, 0% internal; Reserve: 51200K, Max: 256K
[39.073s][info][gc,start      ] GC(56) Concurrent reset
[39.073s][info][gc,task       ] GC(56) Using 1 of 1 workers for concurrent reset
[39.073s][info][gc,ergo       ] GC(56) Pacer for Reset. Non-Taxable: 1000M
[39.073s][info][gc            ] GC(56) Concurrent reset 0.376ms
[39.076s][info][gc,start      ] GC(56) Pause Init Mark
[39.076s][info][gc,task       ] GC(56) Using 1 of 1 workers for init marking
[39.078s][info][gc,ergo       ] GC(56) Pacer for Mark. Expected Live: 167M, Free: 228M, Non-Taxable: 23347K, Alloc Tax Rate: 0.9x
[39.078s][info][gc            ] GC(56) Pause Init Mark 1.571ms
[39.078s][info][gc,start      ] GC(56) Concurrent marking
[39.078s][info][gc,task       ] GC(56) Using 1 of 1 workers for concurrent marking
[39.217s][info][gc            ] GC(56) Concurrent marking 138.987ms
[39.217s][info][gc,start      ] GC(56) Pause Final Mark
[39.217s][info][gc,task       ] GC(56) Using 1 of 1 workers for final marking
[39.217s][info][gc,ergo       ] GC(56) Collectable Garbage: 549M (99%), Immediate: 549M (99%), CSet: 0B (0%)
[39.217s][info][gc            ] GC(56) Pause Final Mark 0.457ms
[39.217s][info][gc,start      ] GC(56) Concurrent cleanup
[39.217s][info][gc            ] GC(56) Concurrent cleanup 756M->207M(759M) 0.154ms
[39.217s][info][gc,ergo       ] GC(56) Free: 741M, Max: 256K regular, 181M humongous, Frag: 76% external, 0% internal; Reserve: 51200K, Max: 256K
[39.218s][info][gc,ergo       ] Free: 741M, Max: 256K regular, 181M humongous, Frag: 76% external, 0% internal; Reserve: 51200K, Max: 256K
[39.218s][info][gc,stats      ] 
[39.218s][info][gc,stats      ] All times are wall-clock times, except per-root-class counters, that are sum over
[39.218s][info][gc,stats      ] all workers. Dividing the <total> over the root stage time estimates parallelism.
[39.218s][info][gc,stats      ] 
[39.218s][info][gc,stats      ] Concurrent Reset                    367 us
[39.218s][info][gc,stats      ] Pause Init Mark (G)                4539 us
[39.218s][info][gc,stats      ] Pause Init Mark (N)                1541 us
[39.218s][info][gc,stats      ]   Accumulate Stats                   19 us
[39.218s][info][gc,stats      ]   Make Parsable                      13 us
[39.218s][info][gc,stats      ]   Update Region States               55 us
[39.218s][info][gc,stats      ]   Scan Roots                       1399 us, parallelism: 0.78x
[39.218s][info][gc,stats      ]     S: <total>                     1096 us
[39.218s][info][gc,stats      ]     S: Thread Roots                 527 us, workers (us): 527, 
[39.218s][info][gc,stats      ]     S: Universe Roots                 2 us, workers (us):   2, 
[39.218s][info][gc,stats      ]     S: JNI Handles Roots              2 us, workers (us):   2, 
[39.218s][info][gc,stats      ]     S: Synchronizer Roots             0 us, workers (us):   0, 
[39.218s][info][gc,stats      ]     S: Management Roots               1 us, workers (us):   1, 
[39.218s][info][gc,stats      ]     S: System Dict Roots             12 us, workers (us):  12, 
[39.218s][info][gc,stats      ]     S: CLDG Roots                   551 us, workers (us): 551, 
[39.218s][info][gc,stats      ]     S: JVMTI Roots                    1 us, workers (us):   1, 
[39.218s][info][gc,stats      ]   Resize TLABs                       15 us
[39.218s][info][gc,stats      ] Concurrent Marking               138978 us
[39.218s][info][gc,stats      ] Pause Final Mark (G)                593 us
[39.218s][info][gc,stats      ] Pause Final Mark (N)                447 us
[39.218s][info][gc,stats      ]   Finish Queues                      14 us
[39.218s][info][gc,stats      ]   System Purge                      294 us
[39.218s][info][gc,stats      ]     Weak Roots                      293 us
[39.218s][info][gc,stats      ]   Update Region States               61 us
[39.218s][info][gc,stats      ]   Retire TLABs                       22 us
[39.218s][info][gc,stats      ]   Choose Collection Set              36 us
[39.218s][info][gc,stats      ]   Rebuild Free Set                   14 us
[39.218s][info][gc,stats      ] Concurrent Cleanup                  148 us
[39.218s][info][gc,stats      ] Pacing                            49196 us
[39.218s][info][gc,stats      ] 
[39.218s][info][gc,stats      ] Allocation pacing accrued:
[39.218s][info][gc,stats      ]      49 of   543 ms (  9.1%): Executor task launch worker for task 0.0 in stage 16.0 (TID 16)
[39.218s][info][gc,stats      ]      49 of   543 ms (  9.1%): <total>
[39.218s][info][gc,stats      ]       0 of   543 ms (  0.1%): <average total>
[39.218s][info][gc,stats      ]      49 of   543 ms (  9.1%): <average non-zero>
[39.218s][info][gc,stats      ] 
[39.218s][info][gc,metaspace  ] Metaspace: 60550K->60550K(1103872K)
[39.218s][info][gc,ergo       ] Pacer for Idle. Initial: 20480K, Alloc Tax Rate: 1.0x
[39.468s][info][gc            ] Trigger: Explicit GC request (System.gc())
[39.468s][info][gc,ergo       ] Free: 521M, Max: 256K regular, 181M humongous, Frag: 66% external, 0% internal; Reserve: 51200K, Max: 256K
[39.468s][info][gc,start      ] GC(57) Concurrent reset
[39.468s][info][gc,task       ] GC(57) Using 1 of 1 workers for concurrent reset
[39.468s][info][gc,ergo       ] GC(57) Pacer for Reset. Non-Taxable: 1000M
[39.469s][info][gc            ] GC(57) Concurrent reset 0.312ms
[39.469s][info][gc,start      ] GC(57) Pause Init Mark (process weakrefs) (unload classes)
[39.469s][info][gc,task       ] GC(57) Using 1 of 1 workers for init marking
[39.470s][info][gc,ergo       ] GC(57) Pacer for Mark. Expected Live: 167M, Free: 521M, Non-Taxable: 53364K, Alloc Tax Rate: 0.4x
[39.470s][info][gc            ] GC(57) Pause Init Mark (process weakrefs) (unload classes) 1.264ms
[39.470s][info][gc,start      ] GC(57) Concurrent marking (process weakrefs) (unload classes)
[39.470s][info][gc,task       ] GC(57) Using 1 of 1 workers for concurrent marking
[39.592s][info][gc            ] GC(57) Concurrent marking (process weakrefs) (unload classes) 122.004ms
[39.592s][info][gc,start      ] GC(57) Concurrent precleaning
[39.592s][info][gc,task       ] GC(57) Using 1 of 1 workers for concurrent preclean
[39.592s][info][gc,ergo       ] GC(57) Pacer for Precleaning. Non-Taxable: 1000M
[39.593s][info][gc            ] GC(57) Concurrent precleaning 0.280ms
[39.593s][info][gc,start      ] GC(57) Pause Final Mark (process weakrefs) (unload classes)
[39.593s][info][gc,task       ] GC(57) Using 1 of 1 workers for final marking
[39.616s][info][gc,stringtable] GC(57) Cleaned string and symbol table, strings: 18465 processed, 0 removed, symbols: 131960 processed, 200 removed
[39.617s][info][gc,ergo       ] GC(57) Collectable Garbage: 254M (97%), Immediate: 254M (97%), CSet: 0B (0%)
[39.617s][info][gc            ] GC(57) Pause Final Mark (process weakrefs) (unload classes) 24.032ms
[39.617s][info][gc,start      ] GC(57) Concurrent cleanup
[39.617s][info][gc            ] GC(57) Concurrent cleanup 427M->172M(759M) 0.112ms
[39.617s][info][gc,ergo       ] GC(57) Free: 776M, Max: 256K regular, 546M humongous, Frag: 30% external, 0% internal; Reserve: 51200K, Max: 256K
[39.617s][info][gc,ergo       ] Free: 776M, Max: 256K regular, 546M humongous, Frag: 30% external, 0% internal; Reserve: 51200K, Max: 256K
[39.617s][info][gc,stats      ] 
[39.617s][info][gc,stats      ] All times are wall-clock times, except per-root-class counters, that are sum over
[39.617s][info][gc,stats      ] all workers. Dividing the <total> over the root stage time estimates parallelism.
[39.617s][info][gc,stats      ] 
[39.617s][info][gc,stats      ] Concurrent Reset                    303 us
[39.617s][info][gc,stats      ] Pause Init Mark (G)                1561 us
[39.617s][info][gc,stats      ] Pause Init Mark (N)                1170 us
[39.617s][info][gc,stats      ]   Accumulate Stats                   19 us
[39.617s][info][gc,stats      ]   Make Parsable                      15 us
[39.617s][info][gc,stats      ]   Update Region States               40 us
[39.617s][info][gc,stats      ]   Scan Roots                       1046 us, parallelism: 0.58x
[39.617s][info][gc,stats      ]     S: <total>                      603 us
[39.617s][info][gc,stats      ]     S: Thread Roots                 473 us, workers (us): 473, 
[39.617s][info][gc,stats      ]     S: Universe Roots                 2 us, workers (us):   2, 
[39.617s][info][gc,stats      ]     S: JNI Handles Roots              1 us, workers (us):   1, 
[39.617s][info][gc,stats      ]     S: Synchronizer Roots             0 us, workers (us):   0, 
[39.617s][info][gc,stats      ]     S: Management Roots               2 us, workers (us):   2, 
[39.617s][info][gc,stats      ]     S: System Dict Roots             12 us, workers (us):  12, 
[39.617s][info][gc,stats      ]     S: CLDG Roots                   111 us, workers (us): 111, 
[39.617s][info][gc,stats      ]     S: JVMTI Roots                    1 us, workers (us):   1, 
[39.617s][info][gc,stats      ]   Resize TLABs                       13 us
[39.617s][info][gc,stats      ] Concurrent Marking               121995 us
[39.617s][info][gc,stats      ] Concurrent Precleaning              272 us
[39.617s][info][gc,stats      ] Pause Final Mark (G)              24207 us
[39.617s][info][gc,stats      ] Pause Final Mark (N)              24023 us
[39.617s][info][gc,stats      ]   Finish Queues                     104 us
[39.617s][info][gc,stats      ]   Weak References                    48 us
[39.617s][info][gc,stats      ]     Process                          46 us
[39.617s][info][gc,stats      ]   System Purge                      284 us
[39.617s][info][gc,stats      ]     Unload Classes                 1117 us
[39.617s][info][gc,stats      ]     Cleanup                       22044 us, parallelism: 1.00x
[39.617s][info][gc,stats      ]       CU: <total>                 21967 us
[39.617s][info][gc,stats      ]       CU: Code Cache Roots         8135 us, workers (us): 8135, 
[39.617s][info][gc,stats      ]       CU: Code Cache Cleaning      1655 us, workers (us): 1655, 
[39.617s][info][gc,stats      ]       CU: String Table Roots       5971 us, workers (us): 5971, 
[39.617s][info][gc,stats      ]       CU: Resolved Table Roots      135 us, workers (us): 135, 
[39.617s][info][gc,stats      ]       CU: CLDG Roots               6070 us, workers (us): 6070, 
[39.617s][info][gc,stats      ]     Weak Roots                      283 us
[39.617s][info][gc,stats      ]     CLDG                            227 us
[39.617s][info][gc,stats      ]   Update Region States               68 us
[39.617s][info][gc,stats      ]   Retire TLABs                       43 us
[39.617s][info][gc,stats      ]   Choose Collection Set              60 us
[39.617s][info][gc,stats      ]   Rebuild Free Set                   20 us
[39.617s][info][gc,stats      ] Concurrent Cleanup                  103 us
[39.617s][info][gc,stats      ] Pacing                            12052 us
[39.617s][info][gc,stats      ] 
[39.617s][info][gc,stats      ] Allocation pacing accrued:
[39.617s][info][gc,stats      ]      12 of   399 ms (  3.0%): Executor task launch worker for task 0.0 in stage 17.0 (TID 17)
[39.617s][info][gc,stats      ]      12 of   399 ms (  3.0%): <total>
[39.617s][info][gc,stats      ]       0 of   399 ms (  0.0%): <average total>
[39.617s][info][gc,stats      ]      12 of   399 ms (  3.0%): <average non-zero>
[39.617s][info][gc,stats      ] 
[39.617s][info][gc,metaspace  ] Metaspace: 60594K->60216K(1103872K)
[39.617s][info][gc,ergo       ] Pacer for Idle. Initial: 20480K, Alloc Tax Rate: 1.0x
[39.617s][info][gc,start      ] Concurrent uncommit
[39.642s][info][gc            ] Concurrent uncommit 172M->172M(174M) 25.286ms
[39.962s][info][gc            ] Trigger: Learning 2 of 5. Free (699M) is below initial threshold (700M)
[39.962s][info][gc,ergo       ] Free: 699M, Max: 256K regular, 546M humongous, Frag: 22% external, 0% internal; Reserve: 51200K, Max: 256K
[39.962s][info][gc,start      ] GC(58) Concurrent reset
[39.962s][info][gc,task       ] GC(58) Using 1 of 1 workers for concurrent reset
[39.962s][info][gc,ergo       ] GC(58) Pacer for Reset. Non-Taxable: 1000M
[39.962s][info][gc            ] GC(58) Concurrent reset 0.352ms
[39.965s][info][gc,start      ] GC(58) Pause Init Mark
[39.965s][info][gc,task       ] GC(58) Using 1 of 1 workers for init marking
[39.967s][info][gc,ergo       ] GC(58) Pacer for Mark. Expected Live: 166M, Free: 699M, Non-Taxable: 71644K, Alloc Tax Rate: 0.3x
[39.967s][info][gc            ] GC(58) Pause Init Mark 1.948ms
[39.967s][info][gc,start      ] GC(58) Concurrent marking
[39.967s][info][gc,task       ] GC(58) Using 1 of 1 workers for concurrent marking
[40.168s][info][gc            ] GC(58) Concurrent marking 200.531ms
[40.168s][info][gc,start      ] GC(58) Pause Final Mark
[40.168s][info][gc,task       ] GC(58) Using 1 of 1 workers for final marking
[40.169s][info][gc,ergo       ] GC(58) Adaptive CSet Selection. Target Free: 141M, Actual Free: 720M, Max CSet: 42666K, Min Garbage: 0B
[40.169s][info][gc,ergo       ] GC(58) Collectable Garbage: 78336K (97%), Immediate: 59758K (74%), CSet: 18577K (23%)
[40.172s][info][gc,ergo       ] GC(58) Pacer for Evacuation. Used CSet: 20299K, Free: 673M, Non-Taxable: 68966K, Alloc Tax Rate: 1.1x
[40.172s][info][gc            ] GC(58) Pause Final Mark 3.585ms
[40.175s][info][gc,start      ] GC(58) Concurrent cleanup
[40.175s][info][gc            ] GC(58) Concurrent cleanup 335M->278M(339M) 0.103ms
[40.175s][info][gc,ergo       ] GC(58) Free: 670M, Max: 256K regular, 546M humongous, Frag: 19% external, 0% internal; Reserve: 50673K, Max: 256K
[40.175s][info][gc,start      ] GC(58) Concurrent evacuation
[40.175s][info][gc,task       ] GC(58) Using 1 of 1 workers for concurrent evacuation
[40.180s][info][gc            ] GC(58) Concurrent evacuation 5.043ms
[40.183s][info][gc,start      ] GC(58) Pause Init Update Refs
[40.183s][info][gc,ergo       ] GC(58) Pacer for Update Refs. Used: 283M, Free: 666M, Non-Taxable: 68275K, Alloc Tax Rate: 1.1x
[40.183s][info][gc            ] GC(58) Pause Init Update Refs 0.043ms
[40.183s][info][gc,start      ] GC(58) Concurrent update references
[40.183s][info][gc,task       ] GC(58) Using 1 of 1 workers for concurrent reference update
[40.488s][info][gc            ] GC(58) Concurrent update references 304.411ms
[40.491s][info][gc,start      ] GC(58) Pause Final Update Refs
[40.491s][info][gc,task       ] GC(58) Using 1 of 1 workers for final reference update
[40.492s][info][gc            ] GC(58) Pause Final Update Refs 0.587ms
[40.492s][info][gc,start      ] GC(58) Concurrent cleanup
[40.492s][info][gc            ] GC(58) Concurrent cleanup 421M->401M(422M) 0.076ms
[40.492s][info][gc,ergo       ] Free: 547M, Max: 256K regular, 518M humongous, Frag: 6% external, 0% internal; Reserve: 51200K, Max: 256K
[40.492s][info][gc,stats      ] 
[40.492s][info][gc,stats      ] All times are wall-clock times, except per-root-class counters, that are sum over
[40.492s][info][gc,stats      ] all workers. Dividing the <total> over the root stage time estimates parallelism.
[40.492s][info][gc,stats      ] 
[40.492s][info][gc,stats      ] Concurrent Reset                    327 us
[40.492s][info][gc,stats      ] Pause Init Mark (G)                5050 us
[40.492s][info][gc,stats      ] Pause Init Mark (N)                1919 us
[40.492s][info][gc,stats      ]   Accumulate Stats                   20 us
[40.492s][info][gc,stats      ]   Make Parsable                      22 us
[40.492s][info][gc,stats      ]   Update Region States               49 us
[40.492s][info][gc,stats      ]   Scan Roots                       1756 us, parallelism: 0.81x
[40.492s][info][gc,stats      ]     S: <total>                     1427 us
[40.492s][info][gc,stats      ]     S: Thread Roots                 608 us, workers (us): 608, 
[40.492s][info][gc,stats      ]     S: Universe Roots                 2 us, workers (us):   2, 
[40.492s][info][gc,stats      ]     S: JNI Handles Roots              1 us, workers (us):   1, 
[40.492s][info][gc,stats      ]     S: Synchronizer Roots             0 us, workers (us):   0, 
[40.492s][info][gc,stats      ]     S: Management Roots               2 us, workers (us):   2, 
[40.492s][info][gc,stats      ]     S: System Dict Roots             13 us, workers (us):  13, 
[40.492s][info][gc,stats      ]     S: CLDG Roots                   800 us, workers (us): 800, 
[40.492s][info][gc,stats      ]     S: JVMTI Roots                    1 us, workers (us):   1, 
[40.492s][info][gc,stats      ]   Resize TLABs                       19 us
[40.492s][info][gc,stats      ] Concurrent Marking               200521 us
[40.492s][info][gc,stats      ] Pause Final Mark (G)               6957 us
[40.492s][info][gc,stats      ] Pause Final Mark (N)               3566 us
[40.492s][info][gc,stats      ]   Finish Queues                      22 us
[40.492s][info][gc,stats      ]   System Purge                      273 us
[40.492s][info][gc,stats      ]     Weak Roots                      273 us
[40.492s][info][gc,stats      ]   Update Region States               63 us
[40.492s][info][gc,stats      ]   Retire TLABs                       20 us
[40.492s][info][gc,stats      ]   Choose Collection Set             105 us
[40.492s][info][gc,stats      ]   Rebuild Free Set                   15 us
[40.492s][info][gc,stats      ]   Initial Evacuation               3059 us, parallelism: 0.65x
[40.492s][info][gc,stats      ]     E: <total>                     1980 us
[40.492s][info][gc,stats      ]     E: Thread Roots                 574 us, workers (us): 574, 
[40.492s][info][gc,stats      ]     E: Code Cache Roots             735 us, workers (us): 735, 
[40.492s][info][gc,stats      ]     E: Universe Roots                 1 us, workers (us):   1, 
[40.492s][info][gc,stats      ]     E: JNI Handles Roots              1 us, workers (us):   1, 
[40.492s][info][gc,stats      ]     E: Synchronizer Roots             0 us, workers (us):   0, 
[40.492s][info][gc,stats      ]     E: Management Roots               2 us, workers (us):   2, 
[40.492s][info][gc,stats      ]     E: System Dict Roots             41 us, workers (us):  41, 
[40.492s][info][gc,stats      ]     E: CLDG Roots                   625 us, workers (us): 625, 
[40.492s][info][gc,stats      ]     E: JVMTI Roots                    1 us, workers (us):   1, 
[40.492s][info][gc,stats      ] Concurrent Cleanup                   78 us
[40.492s][info][gc,stats      ] Concurrent Evacuation              5031 us
[40.492s][info][gc,stats      ] Pause Init  Update Refs (G)        3203 us
[40.492s][info][gc,stats      ] Pause Init  Update Refs (N)          17 us
[40.492s][info][gc,stats      ]   Retire GCLABs                      10 us
[40.492s][info][gc,stats      ] Concurrent Update Refs           304396 us
[40.492s][info][gc,stats      ] Pause Final Update Refs (G)        3667 us
[40.492s][info][gc,stats      ] Pause Final Update Refs (N)         558 us
[40.492s][info][gc,stats      ]   Update Roots                      472 us, parallelism: 0.98x
[40.492s][info][gc,stats      ]     UR: <total>                     463 us
[40.492s][info][gc,stats      ]     UR: Thread Roots                463 us, workers (us): 463, 
[40.492s][info][gc,stats      ]   Update Region States               61 us
[40.492s][info][gc,stats      ]   Trash Collection Set                2 us
[40.492s][info][gc,stats      ]   Rebuild Free Set                   13 us
[40.492s][info][gc,stats      ] Concurrent Cleanup                   68 us
[40.492s][info][gc,stats      ] 
[40.492s][info][gc,stats      ] Allocation pacing accrued:
[40.492s][info][gc,stats      ]       0 of   875 ms (  0.0%): <total>
[40.492s][info][gc,stats      ]       0 of   875 ms (  0.0%): <average total>
[40.492s][info][gc,stats      ] 
[40.492s][info][gc,metaspace  ] Metaspace: 60676K->60676K(1103872K)
[40.492s][info][gc,ergo       ] Pacer for Idle. Initial: 20480K, Alloc Tax Rate: 1.0x
[40.493s][info][gc            ] Trigger: Learning 3 of 5. Free (546M) is below initial threshold (700M)
[40.493s][info][gc,ergo       ] Free: 546M, Max: 256K regular, 518M humongous, Frag: 6% external, 0% internal; Reserve: 51200K, Max: 256K
[40.493s][info][gc,start      ] GC(59) Concurrent reset
[40.493s][info][gc,task       ] GC(59) Using 1 of 1 workers for concurrent reset
[40.493s][info][gc,ergo       ] GC(59) Pacer for Reset. Non-Taxable: 1000M
[40.494s][info][gc            ] GC(59) Concurrent reset 0.346ms
[40.496s][info][gc,start      ] GC(59) Pause Init Mark
[40.496s][info][gc,task       ] GC(59) Using 1 of 1 workers for init marking
[40.497s][info][gc,ergo       ] GC(59) Pacer for Mark. Expected Live: 167M, Free: 546M, Non-Taxable: 55936K, Alloc Tax Rate: 0.4x
[40.497s][info][gc            ] GC(59) Pause Init Mark 1.633ms
[40.497s][info][gc,start      ] GC(59) Concurrent marking
[40.497s][info][gc,task       ] GC(59) Using 1 of 1 workers for concurrent marking
[40.705s][info][gc            ] GC(59) Concurrent marking 207.472ms
[40.705s][info][gc,start      ] GC(59) Pause Final Mark
[40.705s][info][gc,task       ] GC(59) Using 1 of 1 workers for final marking
[40.706s][info][gc,ergo       ] GC(59) Collectable Garbage: 233M (98%), Immediate: 233M (98%), CSet: 0B (0%)
[40.706s][info][gc            ] GC(59) Pause Final Mark 0.501ms
[40.706s][info][gc,start      ] GC(59) Concurrent cleanup
[40.706s][info][gc            ] GC(59) Concurrent cleanup 486M->253M(488M) 0.111ms
[40.706s][info][gc,ergo       ] GC(59) Free: 696M, Max: 256K regular, 451M humongous, Frag: 36% external, 0% internal; Reserve: 51200K, Max: 256K
[40.706s][info][gc,ergo       ] Free: 696M, Max: 256K regular, 451M humongous, Frag: 36% external, 0% internal; Reserve: 51200K, Max: 256K
[40.706s][info][gc,stats      ] 
[40.706s][info][gc,stats      ] All times are wall-clock times, except per-root-class counters, that are sum over
[40.706s][info][gc,stats      ] all workers. Dividing the <total> over the root stage time estimates parallelism.
[40.706s][info][gc,stats      ] 
[40.706s][info][gc,stats      ] Concurrent Reset                    340 us
[40.706s][info][gc,stats      ] Pause Init Mark (G)                3774 us
[40.706s][info][gc,stats      ] Pause Init Mark (N)                1600 us
[40.706s][info][gc,stats      ]   Accumulate Stats                   20 us
[40.706s][info][gc,stats      ]   Make Parsable                      14 us
[40.706s][info][gc,stats      ]   Update Region States               49 us
[40.706s][info][gc,stats      ]   Scan Roots                       1453 us, parallelism: 0.80x
[40.706s][info][gc,stats      ]     S: <total>                     1165 us
[40.706s][info][gc,stats      ]     S: Thread Roots                 561 us, workers (us): 561, 
[40.706s][info][gc,stats      ]     S: Universe Roots                 3 us, workers (us):   3, 
[40.706s][info][gc,stats      ]     S: JNI Handles Roots              1 us, workers (us):   1, 
[40.706s][info][gc,stats      ]     S: Synchronizer Roots             0 us, workers (us):   0, 
[40.706s][info][gc,stats      ]     S: Management Roots              13 us, workers (us):  13, 
[40.706s][info][gc,stats      ]     S: System Dict Roots             23 us, workers (us):  23, 
[40.706s][info][gc,stats      ]     S: CLDG Roots                   563 us, workers (us): 563, 
[40.706s][info][gc,stats      ]     S: JVMTI Roots                    0 us, workers (us):   0, 
[40.706s][info][gc,stats      ]   Resize TLABs                       20 us
[40.706s][info][gc,stats      ] Concurrent Marking               207462 us
[40.706s][info][gc,stats      ] Pause Final Mark (G)                649 us
[40.706s][info][gc,stats      ] Pause Final Mark (N)                468 us
[40.706s][info][gc,stats      ]   Finish Queues                      18 us
[40.706s][info][gc,stats      ]   System Purge                      306 us
[40.706s][info][gc,stats      ]     Weak Roots                      306 us
[40.706s][info][gc,stats      ]   Update Region States               63 us
[40.706s][info][gc,stats      ]   Retire TLABs                       24 us
[40.706s][info][gc,stats      ]   Choose Collection Set              29 us
[40.706s][info][gc,stats      ]   Rebuild Free Set                   16 us
[40.706s][info][gc,stats      ] Concurrent Cleanup                  104 us
[40.706s][info][gc,stats      ] 
[40.706s][info][gc,stats      ] Allocation pacing accrued:
[40.706s][info][gc,stats      ]       0 of   214 ms (  0.0%): <total>
[40.706s][info][gc,stats      ]       0 of   214 ms (  0.0%): <average total>
[40.706s][info][gc,stats      ] 
[40.706s][info][gc,metaspace  ] Metaspace: 60676K->60676K(1103872K)
[40.706s][info][gc,ergo       ] Pacer for Idle. Initial: 20480K, Alloc Tax Rate: 1.0x
[40.710s][info][gc            ] Trigger: Learning 4 of 5. Free (691M) is below initial threshold (700M)
[40.710s][info][gc,ergo       ] Free: 691M, Max: 256K regular, 451M humongous, Frag: 35% external, 0% internal; Reserve: 51200K, Max: 256K
[40.710s][info][gc,start      ] GC(60) Concurrent reset
[40.710s][info][gc,task       ] GC(60) Using 1 of 1 workers for concurrent reset
[40.710s][info][gc,ergo       ] GC(60) Pacer for Reset. Non-Taxable: 1000M
[40.710s][info][gc            ] GC(60) Concurrent reset 0.273ms
[40.714s][info][gc,start      ] GC(60) Pause Init Mark (process weakrefs)
[40.714s][info][gc,task       ] GC(60) Using 1 of 1 workers for init marking
[40.716s][info][gc,ergo       ] GC(60) Pacer for Mark. Expected Live: 167M, Free: 691M, Non-Taxable: 70758K, Alloc Tax Rate: 0.3x
[40.716s][info][gc            ] GC(60) Pause Init Mark (process weakrefs) 2.744ms
[40.717s][info][gc,start      ] GC(60) Concurrent marking (process weakrefs)
[40.717s][info][gc,task       ] GC(60) Using 1 of 1 workers for concurrent marking
[40.916s][info][gc            ] GC(60) Concurrent marking (process weakrefs) 199.927ms
[40.917s][info][gc,start      ] GC(60) Concurrent precleaning
[40.917s][info][gc,task       ] GC(60) Using 1 of 1 workers for concurrent preclean
[40.917s][info][gc,ergo       ] GC(60) Pacer for Precleaning. Non-Taxable: 1000M
[40.917s][info][gc            ] GC(60) Concurrent precleaning 0.593ms
[40.917s][info][gc,start      ] GC(60) Pause Final Mark (process weakrefs)
[40.917s][info][gc,task       ] GC(60) Using 1 of 1 workers for final marking
[40.918s][info][gc,ergo       ] GC(60) Collectable Garbage: 90112K (96%), Immediate: 90112K (96%), CSet: 0B (0%)
[40.918s][info][gc            ] GC(60) Pause Final Mark (process weakrefs) 0.482ms
[40.918s][info][gc,start      ] GC(60) Concurrent cleanup
[40.918s][info][gc            ] GC(60) Concurrent cleanup 363M->275M(488M) 0.085ms
[40.918s][info][gc,ergo       ] GC(60) Free: 673M, Max: 256K regular, 477M humongous, Frag: 30% external, 0% internal; Reserve: 51200K, Max: 256K
[40.918s][info][gc,ergo       ] Free: 673M, Max: 256K regular, 477M humongous, Frag: 30% external, 0% internal; Reserve: 51200K, Max: 256K
[40.918s][info][gc,stats      ] 
[40.918s][info][gc,stats      ] All times are wall-clock times, except per-root-class counters, that are sum over
[40.918s][info][gc,stats      ] all workers. Dividing the <total> over the root stage time estimates parallelism.
[40.918s][info][gc,stats      ] 
[40.918s][info][gc,stats      ] Concurrent Reset                    267 us
[40.918s][info][gc,stats      ] Pause Init Mark (G)                6028 us
[40.918s][info][gc,stats      ] Pause Init Mark (N)                2688 us
[40.918s][info][gc,stats      ]   Accumulate Stats                   26 us
[40.918s][info][gc,stats      ]   Make Parsable                      18 us
[40.918s][info][gc,stats      ]   Update Region States              107 us
[40.918s][info][gc,stats      ]   Scan Roots                       2431 us, parallelism: 0.83x
[40.918s][info][gc,stats      ]     S: <total>                     2010 us
[40.918s][info][gc,stats      ]     S: Thread Roots                1096 us, workers (us): 1096, 
[40.918s][info][gc,stats      ]     S: Universe Roots                 4 us, workers (us):   4, 
[40.918s][info][gc,stats      ]     S: JNI Handles Roots              3 us, workers (us):   3, 
[40.918s][info][gc,stats      ]     S: Synchronizer Roots             0 us, workers (us):   0, 
[40.918s][info][gc,stats      ]     S: Management Roots               3 us, workers (us):   3, 
[40.918s][info][gc,stats      ]     S: System Dict Roots             17 us, workers (us):  17, 
[40.918s][info][gc,stats      ]     S: CLDG Roots                   886 us, workers (us): 886, 
[40.918s][info][gc,stats      ]     S: JVMTI Roots                    1 us, workers (us):   1, 
[40.918s][info][gc,stats      ]   Resize TLABs                       32 us
[40.918s][info][gc,stats      ] Concurrent Marking               199907 us
[40.918s][info][gc,stats      ] Concurrent Precleaning              569 us
[40.918s][info][gc,stats      ] Pause Final Mark (G)                764 us
[40.918s][info][gc,stats      ] Pause Final Mark (N)                464 us
[40.918s][info][gc,stats      ]   Finish Queues                      25 us
[40.918s][info][gc,stats      ]   Weak References                    23 us
[40.918s][info][gc,stats      ]     Process                          20 us
[40.918s][info][gc,stats      ]   System Purge                      293 us
[40.918s][info][gc,stats      ]     Weak Roots                      292 us
[40.918s][info][gc,stats      ]   Update Region States               64 us
[40.918s][info][gc,stats      ]   Retire TLABs                       18 us
[40.918s][info][gc,stats      ]   Choose Collection Set              20 us
[40.918s][info][gc,stats      ]   Rebuild Free Set                   14 us
[40.918s][info][gc,stats      ] Concurrent Cleanup                   78 us
[40.918s][info][gc,stats      ] Pacing                            19852 us
[40.918s][info][gc,stats      ] 
[40.918s][info][gc,stats      ] Allocation pacing accrued:
[40.918s][info][gc,stats      ]      20 of   212 ms (  9.4%): Executor task launch worker for task 0.0 in stage 19.0 (TID 19)
[40.918s][info][gc,stats      ]      20 of   212 ms (  9.4%): <total>
[40.918s][info][gc,stats      ]       0 of   212 ms (  0.1%): <average total>
[40.918s][info][gc,stats      ]      20 of   212 ms (  9.4%): <average non-zero>
[40.918s][info][gc,stats      ] 
[40.918s][info][gc,metaspace  ] Metaspace: 60676K->60676K(1103872K)
[40.918s][info][gc,ergo       ] Pacer for Idle. Initial: 20480K, Alloc Tax Rate: 1.0x
[40.920s][info][gc            ] Trigger: Learning 5 of 5. Free (673M) is below initial threshold (700M)
[40.920s][info][gc,ergo       ] Free: 673M, Max: 256K regular, 477M humongous, Frag: 30% external, 0% internal; Reserve: 51200K, Max: 256K
[40.921s][info][gc,start      ] GC(61) Concurrent reset
[40.921s][info][gc,task       ] GC(61) Using 1 of 1 workers for concurrent reset
[40.921s][info][gc,ergo       ] GC(61) Pacer for Reset. Non-Taxable: 1000M
[40.921s][info][gc            ] GC(61) Concurrent reset 0.272ms
[40.921s][info][gc,start      ] GC(61) Pause Init Mark
[40.921s][info][gc,task       ] GC(61) Using 1 of 1 workers for init marking
[40.923s][info][gc,ergo       ] GC(61) Pacer for Mark. Expected Live: 167M, Free: 673M, Non-Taxable: 68915K, Alloc Tax Rate: 0.3x
[40.923s][info][gc            ] GC(61) Pause Init Mark 1.834ms
[40.923s][info][gc,start      ] GC(61) Concurrent marking
[40.923s][info][gc,task       ] GC(61) Using 1 of 1 workers for concurrent marking
[41.115s][info][gc            ] GC(61) Concurrent marking 191.621ms
[41.115s][info][gc,start      ] GC(61) Pause Final Mark
[41.115s][info][gc,task       ] GC(61) Using 1 of 1 workers for final marking
[41.115s][info][gc,ergo       ] GC(61) Collectable Garbage: 105M (97%), Immediate: 105M (97%), CSet: 0B (0%)
[41.115s][info][gc            ] GC(61) Pause Final Mark 0.446ms
[41.115s][info][gc,start      ] GC(61) Concurrent cleanup
[41.115s][info][gc            ] GC(61) Concurrent cleanup 379M->273M(488M) 0.088ms
[41.115s][info][gc,ergo       ] GC(61) Free: 675M, Max: 256K regular, 559M humongous, Frag: 18% external, 0% internal; Reserve: 51200K, Max: 256K
[41.115s][info][gc,ergo       ] Free: 675M, Max: 256K regular, 559M humongous, Frag: 18% external, 0% internal; Reserve: 51200K, Max: 256K
[41.115s][info][gc,stats      ] 
[41.115s][info][gc,stats      ] All times are wall-clock times, except per-root-class counters, that are sum over
[41.115s][info][gc,stats      ] all workers. Dividing the <total> over the root stage time estimates parallelism.
[41.115s][info][gc,stats      ] 
[41.115s][info][gc,stats      ] Concurrent Reset                    266 us
[41.115s][info][gc,stats      ] Pause Init Mark (G)                2094 us
[41.115s][info][gc,stats      ] Pause Init Mark (N)                1820 us
[41.115s][info][gc,stats      ]   Accumulate Stats                   20 us
[41.115s][info][gc,stats      ]   Make Parsable                      14 us
[41.115s][info][gc,stats      ]   Update Region States               41 us
[41.115s][info][gc,stats      ]   Scan Roots                       1685 us, parallelism: 0.77x
[41.115s][info][gc,stats      ]     S: <total>                     1305 us
[41.115s][info][gc,stats      ]     S: Thread Roots                 753 us, workers (us): 753, 
[41.115s][info][gc,stats      ]     S: Universe Roots                 2 us, workers (us):   2, 
[41.115s][info][gc,stats      ]     S: JNI Handles Roots              2 us, workers (us):   2, 
[41.115s][info][gc,stats      ]     S: Synchronizer Roots             0 us, workers (us):   0, 
[41.115s][info][gc,stats      ]     S: Management Roots               2 us, workers (us):   2, 
[41.115s][info][gc,stats      ]     S: System Dict Roots             12 us, workers (us):  12, 
[41.115s][info][gc,stats      ]     S: CLDG Roots                   533 us, workers (us): 533, 
[41.115s][info][gc,stats      ]     S: JVMTI Roots                    1 us, workers (us):   1, 
[41.115s][info][gc,stats      ]   Resize TLABs                       17 us
[41.115s][info][gc,stats      ] Concurrent Marking               191611 us
[41.115s][info][gc,stats      ] Pause Final Mark (G)                666 us
[41.115s][info][gc,stats      ] Pause Final Mark (N)                429 us
[41.115s][info][gc,stats      ]   Finish Queues                      20 us
[41.115s][info][gc,stats      ]   System Purge                      284 us
[41.115s][info][gc,stats      ]     Weak Roots                      284 us
[41.115s][info][gc,stats      ]   Update Region States               62 us
[41.115s][info][gc,stats      ]   Retire TLABs                       20 us
[41.115s][info][gc,stats      ]   Choose Collection Set              20 us
[41.115s][info][gc,stats      ]   Rebuild Free Set                   14 us
[41.115s][info][gc,stats      ] Concurrent Cleanup                   81 us
[41.115s][info][gc,stats      ] Pacing                            23415 us
[41.115s][info][gc,stats      ] 
[41.115s][info][gc,stats      ] Allocation pacing accrued:
[41.115s][info][gc,stats      ]      23 of   197 ms ( 11.9%): Executor task launch worker for task 0.0 in stage 19.0 (TID 19)
[41.115s][info][gc,stats      ]      23 of   197 ms ( 11.9%): <total>
[41.115s][info][gc,stats      ]       0 of   197 ms (  0.1%): <average total>
[41.116s][info][gc,stats      ]      23 of   197 ms ( 11.9%): <average non-zero>
[41.116s][info][gc,stats      ] 
[41.116s][info][gc,metaspace  ] Metaspace: 60677K->60679K(1103872K)
[41.116s][info][gc,ergo       ] Pacer for Idle. Initial: 20480K, Alloc Tax Rate: 1.0x
[41.477s][info][gc            ] Trigger: Average GC time (258.71 ms) is above the time for allocation rate (895 MB/s) to deplete free headroom (230M)
[41.477s][info][gc,ergo       ] Free headroom: 280M (free) - 51200K (spike) - 0B (penalties) = 230M
[41.477s][info][gc,ergo       ] Free: 280M, Max: 256K regular, 268M humongous, Frag: 5% external, 0% internal; Reserve: 51200K, Max: 256K
[41.477s][info][gc,start      ] GC(62) Concurrent reset
[41.478s][info][gc,task       ] GC(62) Using 1 of 1 workers for concurrent reset
[41.478s][info][gc,ergo       ] GC(62) Pacer for Reset. Non-Taxable: 1000M
[41.478s][info][gc            ] GC(62) Concurrent reset 0.359ms
[41.481s][info][gc,start      ] GC(62) Pause Init Mark
[41.481s][info][gc,task       ] GC(62) Using 1 of 1 workers for init marking
[41.483s][info][gc,ergo       ] GC(62) Pacer for Mark. Expected Live: 167M, Free: 280M, Non-Taxable: 28697K, Alloc Tax Rate: 0.7x
[41.483s][info][gc            ] GC(62) Pause Init Mark 1.634ms
[41.483s][info][gc,start      ] GC(62) Concurrent marking
[41.483s][info][gc,task       ] GC(62) Using 1 of 1 workers for concurrent marking
[41.663s][info][gc            ] GC(62) Concurrent marking 180.593ms
[41.664s][info][gc,start      ] GC(62) Pause Final Mark
[41.664s][info][gc,task       ] GC(62) Using 1 of 1 workers for final marking
[41.664s][info][gc,ergo       ] GC(62) Collectable Garbage: 497M (99%), Immediate: 497M (99%), CSet: 0B (0%)
[41.664s][info][gc            ] GC(62) Pause Final Mark 0.439ms
[41.664s][info][gc,start      ] GC(62) Concurrent cleanup
[41.664s][info][gc            ] GC(62) Concurrent cleanup 713M->216M(715M) 0.147ms
[41.664s][info][gc,ergo       ] GC(62) Free: 733M, Max: 256K regular, 356M humongous, Frag: 52% external, 0% internal; Reserve: 51200K, Max: 256K
[41.664s][info][gc,ergo       ] Free: 733M, Max: 256K regular, 356M humongous, Frag: 52% external, 0% internal; Reserve: 51200K, Max: 256K
[41.664s][info][gc,stats      ] 
[41.664s][info][gc,stats      ] All times are wall-clock times, except per-root-class counters, that are sum over
[41.664s][info][gc,stats      ] all workers. Dividing the <total> over the root stage time estimates parallelism.
[41.664s][info][gc,stats      ] 
[41.664s][info][gc,stats      ] Concurrent Reset                    349 us
[41.664s][info][gc,stats      ] Pause Init Mark (G)                4900 us
[41.664s][info][gc,stats      ] Pause Init Mark (N)                1604 us
[41.664s][info][gc,stats      ]   Accumulate Stats                   25 us
[41.664s][info][gc,stats      ]   Make Parsable                      14 us
[41.664s][info][gc,stats      ]   Update Region States               58 us
[41.664s][info][gc,stats      ]   Scan Roots                       1449 us, parallelism: 0.81x
[41.664s][info][gc,stats      ]     S: <total>                     1170 us
[41.664s][info][gc,stats      ]     S: Thread Roots                 564 us, workers (us): 564, 
[41.664s][info][gc,stats      ]     S: Universe Roots                 2 us, workers (us):   2, 
[41.664s][info][gc,stats      ]     S: JNI Handles Roots              1 us, workers (us):   1, 
[41.664s][info][gc,stats      ]     S: Synchronizer Roots             0 us, workers (us):   0, 
[41.664s][info][gc,stats      ]     S: Management Roots               1 us, workers (us):   1, 
[41.664s][info][gc,stats      ]     S: System Dict Roots             10 us, workers (us):  10, 
[41.664s][info][gc,stats      ]     S: CLDG Roots                   590 us, workers (us): 590, 
[41.664s][info][gc,stats      ]     S: JVMTI Roots                    1 us, workers (us):   1, 
[41.664s][info][gc,stats      ]   Resize TLABs                       15 us
[41.664s][info][gc,stats      ] Concurrent Marking               180584 us
[41.664s][info][gc,stats      ] Pause Final Mark (G)                586 us
[41.664s][info][gc,stats      ] Pause Final Mark (N)                429 us
[41.664s][info][gc,stats      ]   Finish Queues                      15 us
[41.664s][info][gc,stats      ]   System Purge                      273 us
[41.664s][info][gc,stats      ]     Weak Roots                      272 us
[41.664s][info][gc,stats      ]   Update Region States               66 us
[41.664s][info][gc,stats      ]   Retire TLABs                       25 us
[41.664s][info][gc,stats      ]   Choose Collection Set              29 us
[41.664s][info][gc,stats      ]   Rebuild Free Set                   13 us
[41.664s][info][gc,stats      ] Concurrent Cleanup                  140 us
[41.664s][info][gc,stats      ] Pacing                            80919 us
[41.664s][info][gc,stats      ] 
[41.664s][info][gc,stats      ] Allocation pacing accrued:
[41.664s][info][gc,stats      ]      81 of   549 ms ( 14.7%): Executor task launch worker for task 0.0 in stage 19.0 (TID 19)
[41.664s][info][gc,stats      ]      81 of   549 ms ( 14.7%): <total>
[41.664s][info][gc,stats      ]       0 of   549 ms (  0.1%): <average total>
[41.664s][info][gc,stats      ]      81 of   549 ms ( 14.7%): <average non-zero>
[41.664s][info][gc,stats      ] 
[41.664s][info][gc,metaspace  ] Metaspace: 60679K->60679K(1103872K)
[41.664s][info][gc,ergo       ] Pacer for Idle. Initial: 20480K, Alloc Tax Rate: 1.0x
[42.092s][info][gc            ] Trigger: Average GC time (266.33 ms) is above the time for allocation rate (827 MB/s) to deplete free headroom (219M)
[42.092s][info][gc,ergo       ] Free headroom: 269M (free) - 51200K (spike) - 0B (penalties) = 219M
[42.092s][info][gc,ergo       ] Free: 269M, Max: 256K regular, 224M humongous, Frag: 17% external, 0% internal; Reserve: 51200K, Max: 256K
[42.092s][info][gc,start      ] GC(63) Concurrent reset
[42.092s][info][gc,task       ] GC(63) Using 1 of 1 workers for concurrent reset
[42.092s][info][gc,ergo       ] GC(63) Pacer for Reset. Non-Taxable: 1000M
[42.092s][info][gc            ] GC(63) Concurrent reset 0.429ms
[42.095s][info][gc,start      ] GC(63) Pause Init Mark
[42.095s][info][gc,task       ] GC(63) Using 1 of 1 workers for init marking
[42.098s][info][gc,ergo       ] GC(63) Pacer for Mark. Expected Live: 167M, Free: 269M, Non-Taxable: 27596K, Alloc Tax Rate: 0.8x
[42.098s][info][gc            ] GC(63) Pause Init Mark 3.286ms
[42.099s][info][gc,start      ] GC(63) Concurrent marking
[42.099s][info][gc,task       ] GC(63) Using 1 of 1 workers for concurrent marking
[42.239s][info][gc            ] GC(63) Concurrent marking 140.319ms
[42.239s][info][gc,start      ] GC(63) Pause Final Mark
[42.239s][info][gc,task       ] GC(63) Using 1 of 1 workers for final marking
[42.240s][info][gc,ergo       ] GC(63) Collectable Garbage: 507M (99%), Immediate: 507M (99%), CSet: 0B (0%)
[42.240s][info][gc            ] GC(63) Pause Final Mark 0.655ms
[42.240s][info][gc,start      ] GC(63) Concurrent cleanup
[42.240s][info][gc            ] GC(63) Concurrent cleanup 721M->214M(724M) 0.229ms
[42.240s][info][gc,ergo       ] GC(63) Free: 735M, Max: 256K regular, 216M humongous, Frag: 71% external, 0% internal; Reserve: 51200K, Max: 256K
[42.240s][info][gc,ergo       ] Free: 735M, Max: 256K regular, 216M humongous, Frag: 71% external, 0% internal; Reserve: 51200K, Max: 256K
[42.240s][info][gc,stats      ] 
[42.240s][info][gc,stats      ] All times are wall-clock times, except per-root-class counters, that are sum over
[42.240s][info][gc,stats      ] all workers. Dividing the <total> over the root stage time estimates parallelism.
[42.240s][info][gc,stats      ] 
[42.240s][info][gc,stats      ] Concurrent Reset                    414 us
[42.240s][info][gc,stats      ] Pause Init Mark (G)                6019 us
[42.240s][info][gc,stats      ] Pause Init Mark (N)                3225 us
[42.240s][info][gc,stats      ]   Accumulate Stats                   35 us
[42.240s][info][gc,stats      ]   Make Parsable                      24 us
[42.240s][info][gc,stats      ]   Update Region States              127 us
[42.241s][info][gc,stats      ]   Scan Roots                       2943 us, parallelism: 0.83x
[42.241s][info][gc,stats      ]     S: <total>                     2455 us
[42.241s][info][gc,stats      ]     S: Thread Roots                1254 us, workers (us): 1254, 
[42.241s][info][gc,stats      ]     S: Universe Roots                 4 us, workers (us):   4, 
[42.241s][info][gc,stats      ]     S: JNI Handles Roots              3 us, workers (us):   3, 
[42.241s][info][gc,stats      ]     S: Synchronizer Roots             0 us, workers (us):   0, 
[42.241s][info][gc,stats      ]     S: Management Roots               3 us, workers (us):   3, 
[42.241s][info][gc,stats      ]     S: System Dict Roots             22 us, workers (us):  22, 
[42.241s][info][gc,stats      ]     S: CLDG Roots                  1167 us, workers (us): 1167, 
[42.241s][info][gc,stats      ]     S: JVMTI Roots                    1 us, workers (us):   1, 
[42.241s][info][gc,stats      ]   Resize TLABs                       28 us
[42.241s][info][gc,stats      ] Concurrent Marking               140298 us
[42.241s][info][gc,stats      ] Pause Final Mark (G)                969 us
[42.241s][info][gc,stats      ] Pause Final Mark (N)                619 us
[42.241s][info][gc,stats      ]   Finish Queues                      36 us
[42.241s][info][gc,stats      ]   System Purge                      373 us
[42.241s][info][gc,stats      ]     Weak Roots                      373 us
[42.241s][info][gc,stats      ]   Update Region States              105 us
[42.241s][info][gc,stats      ]   Retire TLABs                       32 us
[42.241s][info][gc,stats      ]   Choose Collection Set              46 us
[42.241s][info][gc,stats      ]   Rebuild Free Set                   17 us
[42.241s][info][gc,stats      ] Concurrent Cleanup                  218 us
[42.241s][info][gc,stats      ] Pacing                            65497 us
[42.241s][info][gc,stats      ] 
[42.241s][info][gc,stats      ] Allocation pacing accrued:
[42.241s][info][gc,stats      ]      65 of   576 ms ( 11.4%): Executor task launch worker for task 0.0 in stage 19.0 (TID 19)
[42.241s][info][gc,stats      ]      65 of   576 ms ( 11.4%): <total>
[42.241s][info][gc,stats      ]       0 of   576 ms (  0.1%): <average total>
[42.241s][info][gc,stats      ]      65 of   576 ms ( 11.4%): <average non-zero>
[42.241s][info][gc,stats      ] 
[42.241s][info][gc,metaspace  ] Metaspace: 60679K->60679K(1103872K)
[42.241s][info][gc,ergo       ] Pacer for Idle. Initial: 20480K, Alloc Tax Rate: 1.0x
[42.658s][info][gc            ] Trigger: Average GC time (190.06 ms) is above the time for allocation rate (964 MB/s) to deplete free headroom (182M)
[42.658s][info][gc,ergo       ] Free headroom: 232M (free) - 51200K (spike) - 0B (penalties) = 182M
[42.658s][info][gc,ergo       ] Free: 232M, Max: 256K regular, 216M humongous, Frag: 7% external, 0% internal; Reserve: 51200K, Max: 256K
[42.658s][info][gc,start      ] GC(64) Concurrent reset
[42.658s][info][gc,task       ] GC(64) Using 1 of 1 workers for concurrent reset
[42.658s][info][gc,ergo       ] GC(64) Pacer for Reset. Non-Taxable: 1000M
[42.658s][info][gc            ] GC(64) Concurrent reset 0.334ms
[42.661s][info][gc,start      ] GC(64) Pause Init Mark
[42.661s][info][gc,task       ] GC(64) Using 1 of 1 workers for init marking
[42.663s][info][gc,ergo       ] GC(64) Pacer for Mark. Expected Live: 167M, Free: 232M, Non-Taxable: 23782K, Alloc Tax Rate: 0.9x
[42.663s][info][gc            ] GC(64) Pause Init Mark 1.632ms
[42.663s][info][gc,start      ] GC(64) Concurrent marking
[42.663s][info][gc,task       ] GC(64) Using 1 of 1 workers for concurrent marking
[42.799s][info][gc            ] GC(64) Concurrent marking 136.143ms
[42.799s][info][gc,start      ] GC(64) Pause Final Mark
[42.799s][info][gc,task       ] GC(64) Using 1 of 1 workers for final marking
[42.800s][info][gc,ergo       ] GC(64) Collectable Garbage: 545M (99%), Immediate: 545M (99%), CSet: 0B (0%)
[42.800s][info][gc            ] GC(64) Pause Final Mark 0.411ms
[42.802s][info][gc,start      ] GC(64) Concurrent cleanup
[42.802s][info][gc            ] GC(64) Concurrent cleanup 753M->211M(755M) 0.163ms
[42.802s][info][gc,ergo       ] GC(64) Free: 737M, Max: 256K regular, 196M humongous, Frag: 74% external, 0% internal; Reserve: 51200K, Max: 256K
[42.802s][info][gc,ergo       ] Free: 737M, Max: 256K regular, 196M humongous, Frag: 74% external, 0% internal; Reserve: 51200K, Max: 256K
[42.802s][info][gc,stats      ] 
[42.802s][info][gc,stats      ] All times are wall-clock times, except per-root-class counters, that are sum over
[42.802s][info][gc,stats      ] all workers. Dividing the <total> over the root stage time estimates parallelism.
[42.802s][info][gc,stats      ] 
[42.802s][info][gc,stats      ] Concurrent Reset                    326 us
[42.802s][info][gc,stats      ] Pause Init Mark (G)                4897 us
[42.802s][info][gc,stats      ] Pause Init Mark (N)                1604 us
[42.802s][info][gc,stats      ]   Accumulate Stats                   20 us
[42.802s][info][gc,stats      ]   Make Parsable                      14 us
[42.802s][info][gc,stats      ]   Update Region States               52 us
[42.802s][info][gc,stats      ]   Scan Roots                       1467 us, parallelism: 0.80x
[42.802s][info][gc,stats      ]     S: <total>                     1170 us
[42.802s][info][gc,stats      ]     S: Thread Roots                 618 us, workers (us): 618, 
[42.802s][info][gc,stats      ]     S: Universe Roots                 3 us, workers (us):   3, 
[42.802s][info][gc,stats      ]     S: JNI Handles Roots              1 us, workers (us):   1, 
[42.802s][info][gc,stats      ]     S: Synchronizer Roots             0 us, workers (us):   0, 
[42.802s][info][gc,stats      ]     S: Management Roots               2 us, workers (us):   2, 
[42.803s][info][gc,stats      ]     S: System Dict Roots             11 us, workers (us):  11, 
[42.803s][info][gc,stats      ]     S: CLDG Roots                   534 us, workers (us): 534, 
[42.803s][info][gc,stats      ]     S: JVMTI Roots                    0 us, workers (us):   0, 
[42.803s][info][gc,stats      ]   Resize TLABs                       15 us
[42.803s][info][gc,stats      ] Concurrent Marking               136133 us
[42.803s][info][gc,stats      ] Pause Final Mark (G)               3004 us
[42.803s][info][gc,stats      ] Pause Final Mark (N)                399 us
[42.803s][info][gc,stats      ]   Finish Queues                      20 us
[42.803s][info][gc,stats      ]   System Purge                      258 us
[42.803s][info][gc,stats      ]     Weak Roots                      258 us
[42.803s][info][gc,stats      ]   Update Region States               60 us
[42.803s][info][gc,stats      ]   Retire TLABs                       14 us
[42.803s][info][gc,stats      ]   Choose Collection Set              26 us
[42.803s][info][gc,stats      ]   Rebuild Free Set                   13 us
[42.803s][info][gc,stats      ] Concurrent Cleanup                  148 us
[42.803s][info][gc,stats      ] Pacing                            72828 us
[42.803s][info][gc,stats      ] 
[42.803s][info][gc,stats      ] Allocation pacing accrued:
[42.803s][info][gc,stats      ]      73 of   562 ms ( 13.0%): Executor task launch worker for task 0.0 in stage 19.0 (TID 19)
[42.803s][info][gc,stats      ]      73 of   562 ms ( 13.0%): <total>
[42.803s][info][gc,stats      ]       0 of   562 ms (  0.1%): <average total>
[42.803s][info][gc,stats      ]      73 of   562 ms ( 13.0%): <average non-zero>
[42.803s][info][gc,stats      ] 
[42.803s][info][gc,metaspace  ] Metaspace: 60679K->60679K(1103872K)
[42.803s][info][gc,ergo       ] Pacer for Idle. Initial: 20480K, Alloc Tax Rate: 1.0x
[43.012s][info][gc            ] Trigger: Explicit GC request (System.gc())
[43.012s][info][gc,ergo       ] Free: 558M, Max: 256K regular, 196M humongous, Frag: 65% external, 0% internal; Reserve: 51200K, Max: 256K
[43.012s][info][gc,start      ] GC(65) Concurrent reset
[43.012s][info][gc,task       ] GC(65) Using 1 of 1 workers for concurrent reset
[43.012s][info][gc,ergo       ] GC(65) Pacer for Reset. Non-Taxable: 1000M
[43.013s][info][gc            ] GC(65) Concurrent reset 0.298ms
[43.013s][info][gc,start      ] GC(65) Pause Init Mark (process weakrefs) (unload classes)
[43.013s][info][gc,task       ] GC(65) Using 1 of 1 workers for init marking
[43.014s][info][gc,ergo       ] GC(65) Pacer for Mark. Expected Live: 167M, Free: 558M, Non-Taxable: 57206K, Alloc Tax Rate: 0.4x
[43.014s][info][gc            ] GC(65) Pause Init Mark (process weakrefs) (unload classes) 1.071ms
[43.014s][info][gc,start      ] GC(65) Concurrent marking (process weakrefs) (unload classes)
[43.014s][info][gc,task       ] GC(65) Using 1 of 1 workers for concurrent marking
[43.136s][info][gc            ] GC(65) Concurrent marking (process weakrefs) (unload classes) 121.818ms
[43.136s][info][gc,start      ] GC(65) Concurrent precleaning
[43.136s][info][gc,task       ] GC(65) Using 1 of 1 workers for concurrent preclean
[43.136s][info][gc,ergo       ] GC(65) Pacer for Precleaning. Non-Taxable: 1000M
[43.136s][info][gc            ] GC(65) Concurrent precleaning 0.313ms
[43.137s][info][gc,start      ] GC(65) Pause Final Mark (process weakrefs) (unload classes)
[43.137s][info][gc,task       ] GC(65) Using 1 of 1 workers for final marking
[43.181s][info][gc,stringtable] GC(65) Cleaned string and symbol table, strings: 18491 processed, 0 removed, symbols: 131964 processed, 200 removed
[43.182s][info][gc,ergo       ] GC(65) Collectable Garbage: 217M (96%), Immediate: 217M (96%), CSet: 0B (0%)
[43.182s][info][gc            ] GC(65) Pause Final Mark (process weakrefs) (unload classes) 45.273ms
[43.182s][info][gc,start      ] GC(65) Concurrent cleanup
[43.182s][info][gc            ] GC(65) Concurrent cleanup 389M->173M(755M) 0.112ms
[43.182s][info][gc,ergo       ] GC(65) Free: 775M, Max: 256K regular, 584M humongous, Frag: 25% external, 0% internal; Reserve: 51200K, Max: 256K
[43.182s][info][gc,ergo       ] Free: 775M, Max: 256K regular, 584M humongous, Frag: 25% external, 0% internal; Reserve: 51200K, Max: 256K
[43.182s][info][gc,stats      ] 
[43.182s][info][gc,stats      ] All times are wall-clock times, except per-root-class counters, that are sum over
[43.182s][info][gc,stats      ] all workers. Dividing the <total> over the root stage time estimates parallelism.
[43.182s][info][gc,stats      ] 
[43.182s][info][gc,stats      ] Concurrent Reset                    289 us
[43.182s][info][gc,stats      ] Pause Init Mark (G)                1402 us
[43.182s][info][gc,stats      ] Pause Init Mark (N)                1056 us
[43.182s][info][gc,stats      ]   Accumulate Stats                   21 us
[43.182s][info][gc,stats      ]   Make Parsable                      17 us
[43.182s][info][gc,stats      ]   Update Region States               42 us
[43.182s][info][gc,stats      ]   Scan Roots                        941 us, parallelism: 0.64x
[43.182s][info][gc,stats      ]     S: <total>                      606 us
[43.182s][info][gc,stats      ]     S: Thread Roots                 494 us, workers (us): 494, 
[43.182s][info][gc,stats      ]     S: Universe Roots                 3 us, workers (us):   3, 
[43.182s][info][gc,stats      ]     S: JNI Handles Roots              1 us, workers (us):   1, 
[43.182s][info][gc,stats      ]     S: Synchronizer Roots             0 us, workers (us):   0, 
[43.182s][info][gc,stats      ]     S: Management Roots               2 us, workers (us):   2, 
[43.182s][info][gc,stats      ]     S: System Dict Roots             11 us, workers (us):  11, 
[43.182s][info][gc,stats      ]     S: CLDG Roots                    94 us, workers (us):  94, 
[43.182s][info][gc,stats      ]     S: JVMTI Roots                    0 us, workers (us):   0, 
[43.182s][info][gc,stats      ]   Resize TLABs                        8 us
[43.182s][info][gc,stats      ] Concurrent Marking               121810 us
[43.182s][info][gc,stats      ] Concurrent Precleaning              299 us
[43.182s][info][gc,stats      ] Pause Final Mark (G)              45523 us
[43.182s][info][gc,stats      ] Pause Final Mark (N)              45262 us
[43.182s][info][gc,stats      ]   Finish Queues                     119 us
[43.182s][info][gc,stats      ]   Weak References                    56 us
[43.182s][info][gc,stats      ]     Process                          54 us
[43.182s][info][gc,stats      ]   System Purge                      297 us
[43.182s][info][gc,stats      ]     Unload Classes                 1081 us
[43.182s][info][gc,stats      ]     Cleanup                       43060 us, parallelism: 1.00x
[43.182s][info][gc,stats      ]       CU: <total>                 42949 us
[43.182s][info][gc,stats      ]       CU: Code Cache Roots         8466 us, workers (us): 8466, 
[43.182s][info][gc,stats      ]       CU: Code Cache Cleaning      3166 us, workers (us): 3166, 
[43.182s][info][gc,stats      ]       CU: String Table Roots      12299 us, workers (us): 12299, 
[43.182s][info][gc,stats      ]       CU: Resolved Table Roots      205 us, workers (us): 205, 
[43.182s][info][gc,stats      ]       CU: CLDG Roots              18812 us, workers (us): 18812, 
[43.182s][info][gc,stats      ]     Weak Roots                      297 us
[43.182s][info][gc,stats      ]     CLDG                            441 us
[43.182s][info][gc,stats      ]   Update Region States               82 us
[43.182s][info][gc,stats      ]   Retire TLABs                       47 us
[43.182s][info][gc,stats      ]   Choose Collection Set              56 us
[43.182s][info][gc,stats      ]   Rebuild Free Set                   14 us
[43.182s][info][gc,stats      ] Concurrent Cleanup                   97 us
[43.182s][info][gc,stats      ] 
[43.182s][info][gc,stats      ] Allocation pacing accrued:
[43.182s][info][gc,stats      ]       0 of   380 ms (  0.0%): <total>
[43.182s][info][gc,stats      ]       0 of   380 ms (  0.0%): <average total>
[43.182s][info][gc,stats      ] 
[43.182s][info][gc,metaspace  ] Metaspace: 60724K->60346K(1103872K)
[43.182s][info][gc,ergo       ] Pacer for Idle. Initial: 20480K, Alloc Tax Rate: 1.0x
[43.182s][info][gc,start      ] Concurrent uncommit
[43.208s][info][gc            ] Concurrent uncommit 173M->173M(174M) 25.737ms
[43.546s][info][gc            ] Trigger: Learning 2 of 5. Free (698M) is below initial threshold (700M)
[43.546s][info][gc,ergo       ] Free: 698M, Max: 256K regular, 584M humongous, Frag: 17% external, 0% internal; Reserve: 51200K, Max: 256K
[43.546s][info][gc,start      ] GC(66) Concurrent reset
[43.546s][info][gc,task       ] GC(66) Using 1 of 1 workers for concurrent reset
[43.546s][info][gc,ergo       ] GC(66) Pacer for Reset. Non-Taxable: 1000M
[43.546s][info][gc            ] GC(66) Concurrent reset 0.340ms
[43.550s][info][gc,start      ] GC(66) Pause Init Mark
[43.550s][info][gc,task       ] GC(66) Using 1 of 1 workers for init marking
[43.552s][info][gc,ergo       ] GC(66) Pacer for Mark. Expected Live: 167M, Free: 698M, Non-Taxable: 71516K, Alloc Tax Rate: 0.3x
[43.552s][info][gc            ] GC(66) Pause Init Mark 1.838ms
[43.552s][info][gc,start      ] GC(66) Concurrent marking
[43.552s][info][gc,task       ] GC(66) Using 1 of 1 workers for concurrent marking
[43.878s][info][gc            ] GC(66) Concurrent marking 326.624ms
[43.879s][info][gc,start      ] GC(66) Pause Final Mark
[43.879s][info][gc,task       ] GC(66) Using 1 of 1 workers for final marking
[43.883s][info][gc,ergo       ] GC(66) Adaptive CSet Selection. Target Free: 141M, Actual Free: 715M, Max CSet: 42666K, Min Garbage: 0B
[43.884s][info][gc,ergo       ] GC(66) Collectable Garbage: 79592K (97%), Immediate: 61686K (75%), CSet: 17905K (21%)
[43.887s][info][gc,ergo       ] GC(66) Pacer for Evacuation. Used CSet: 19671K, Free: 669M, Non-Taxable: 68505K, Alloc Tax Rate: 1.1x
[43.887s][info][gc            ] GC(66) Pause Final Mark 7.794ms
[43.891s][info][gc,start      ] GC(66) Concurrent cleanup
[43.891s][info][gc            ] GC(66) Concurrent cleanup 341M->283M(345M) 0.121ms
[43.891s][info][gc,ergo       ] GC(66) Free: 665M, Max: 256K regular, 584M humongous, Frag: 13% external, 0% internal; Reserve: 50673K, Max: 256K
[43.891s][info][gc,start      ] GC(66) Concurrent evacuation
[43.891s][info][gc,task       ] GC(66) Using 1 of 1 workers for concurrent evacuation
[43.893s][info][gc            ] GC(66) Concurrent evacuation 1.592ms
[43.899s][info][gc,start      ] GC(66) Pause Init Update Refs
[43.899s][info][gc,ergo       ] GC(66) Pacer for Update Refs. Used: 285M, Free: 665M, Non-Taxable: 68096K, Alloc Tax Rate: 1.1x
[43.899s][info][gc            ] GC(66) Pause Init Update Refs 0.072ms
[43.899s][info][gc,start      ] GC(66) Concurrent update references
[43.899s][info][gc,task       ] GC(66) Using 1 of 1 workers for concurrent reference update
[44.277s][info][gc            ] GC(66) Concurrent update references 377.511ms
[44.280s][info][gc,start      ] GC(66) Pause Final Update Refs
[44.280s][info][gc,task       ] GC(66) Using 1 of 1 workers for final reference update
[44.281s][info][gc            ] GC(66) Pause Final Update Refs 0.665ms
[44.281s][info][gc,start      ] GC(66) Concurrent cleanup
[44.281s][info][gc            ] GC(66) Concurrent cleanup 416M->397M(418M) 0.076ms
[44.281s][info][gc,ergo       ] Free: 551M, Max: 256K regular, 522M humongous, Frag: 6% external, 0% internal; Reserve: 51200K, Max: 256K
[44.281s][info][gc,stats      ] 
[44.281s][info][gc,stats      ] All times are wall-clock times, except per-root-class counters, that are sum over
[44.281s][info][gc,stats      ] all workers. Dividing the <total> over the root stage time estimates parallelism.
[44.281s][info][gc,stats      ] 
[44.281s][info][gc,stats      ] Concurrent Reset                    331 us
[44.281s][info][gc,stats      ] Pause Init Mark (G)                5551 us
[44.281s][info][gc,stats      ] Pause Init Mark (N)                1801 us
[44.281s][info][gc,stats      ]   Accumulate Stats                   21 us
[44.281s][info][gc,stats      ]   Make Parsable                      21 us
[44.281s][info][gc,stats      ]   Update Region States               58 us
[44.281s][info][gc,stats      ]   Scan Roots                       1633 us, parallelism: 0.83x
[44.281s][info][gc,stats      ]     S: <total>                     1355 us
[44.281s][info][gc,stats      ]     S: Thread Roots                 678 us, workers (us): 678, 
[44.281s][info][gc,stats      ]     S: Universe Roots                 2 us, workers (us):   2, 
[44.281s][info][gc,stats      ]     S: JNI Handles Roots              1 us, workers (us):   1, 
[44.281s][info][gc,stats      ]     S: Synchronizer Roots             0 us, workers (us):   0, 
[44.281s][info][gc,stats      ]     S: Management Roots               1 us, workers (us):   1, 
[44.281s][info][gc,stats      ]     S: System Dict Roots             12 us, workers (us):  12, 
[44.281s][info][gc,stats      ]     S: CLDG Roots                   659 us, workers (us): 659, 
[44.281s][info][gc,stats      ]     S: JVMTI Roots                    0 us, workers (us):   0, 
[44.281s][info][gc,stats      ]   Resize TLABs                       22 us
[44.281s][info][gc,stats      ] Concurrent Marking               326614 us
[44.281s][info][gc,stats      ] Pause Final Mark (G)              12114 us
[44.281s][info][gc,stats      ] Pause Final Mark (N)               7760 us
[44.281s][info][gc,stats      ]   Finish Queues                    4152 us
[44.281s][info][gc,stats      ]   System Purge                      288 us
[44.281s][info][gc,stats      ]     Weak Roots                      286 us
[44.281s][info][gc,stats      ]   Update Region States               67 us
[44.281s][info][gc,stats      ]   Retire TLABs                       27 us
[44.281s][info][gc,stats      ]   Choose Collection Set             145 us
[44.281s][info][gc,stats      ]   Rebuild Free Set                   15 us
[44.281s][info][gc,stats      ]   Initial Evacuation               3052 us, parallelism: 0.66x
[44.281s][info][gc,stats      ]     E: <total>                     2029 us
[44.281s][info][gc,stats      ]     E: Thread Roots                 735 us, workers (us): 735, 
[44.281s][info][gc,stats      ]     E: Code Cache Roots             651 us, workers (us): 651, 
[44.281s][info][gc,stats      ]     E: Universe Roots                 1 us, workers (us):   1, 
[44.281s][info][gc,stats      ]     E: JNI Handles Roots              1 us, workers (us):   1, 
[44.281s][info][gc,stats      ]     E: Synchronizer Roots             1 us, workers (us):   1, 
[44.281s][info][gc,stats      ]     E: Management Roots               1 us, workers (us):   1, 
[44.281s][info][gc,stats      ]     E: System Dict Roots             43 us, workers (us):  43, 
[44.281s][info][gc,stats      ]     E: CLDG Roots                   596 us, workers (us): 596, 
[44.281s][info][gc,stats      ]     E: JVMTI Roots                    1 us, workers (us):   1, 
[44.281s][info][gc,stats      ] Concurrent Cleanup                   79 us
[44.281s][info][gc,stats      ] Concurrent Evacuation              1580 us
[44.281s][info][gc,stats      ] Pause Init  Update Refs (G)        6437 us
[44.281s][info][gc,stats      ] Pause Init  Update Refs (N)          22 us
[44.281s][info][gc,stats      ]   Retire GCLABs                      12 us
[44.281s][info][gc,stats      ] Concurrent Update Refs           377495 us
[44.281s][info][gc,stats      ] Pause Final Update Refs (G)        4131 us
[44.281s][info][gc,stats      ] Pause Final Update Refs (N)         623 us
[44.281s][info][gc,stats      ]   Update Roots                      529 us, parallelism: 0.98x
[44.281s][info][gc,stats      ]     UR: <total>                     518 us
[44.281s][info][gc,stats      ]     UR: Thread Roots                518 us, workers (us): 518, 
[44.281s][info][gc,stats      ]   Update Region States               63 us
[44.281s][info][gc,stats      ]   Trash Collection Set                3 us
[44.281s][info][gc,stats      ]   Rebuild Free Set                   17 us
[44.281s][info][gc,stats      ] Concurrent Cleanup                   69 us
[44.281s][info][gc,stats      ] 
[44.281s][info][gc,stats      ] Allocation pacing accrued:
[44.281s][info][gc,stats      ]       0 of  1099 ms (  0.0%): <total>
[44.281s][info][gc,stats      ]       0 of  1099 ms (  0.0%): <average total>
[44.281s][info][gc,stats      ] 
[44.281s][info][gc,metaspace  ] Metaspace: 60779K->60779K(1103872K)
[44.281s][info][gc,ergo       ] Pacer for Idle. Initial: 20480K, Alloc Tax Rate: 1.0x
[44.283s][info][gc            ] Trigger: Learning 3 of 5. Free (549M) is below initial threshold (700M)
[44.283s][info][gc,ergo       ] Free: 549M, Max: 256K regular, 522M humongous, Frag: 6% external, 0% internal; Reserve: 51200K, Max: 256K
[44.283s][info][gc,start      ] GC(67) Concurrent reset
[44.283s][info][gc,task       ] GC(67) Using 1 of 1 workers for concurrent reset
[44.283s][info][gc,ergo       ] GC(67) Pacer for Reset. Non-Taxable: 1000M
[44.283s][info][gc            ] GC(67) Concurrent reset 0.315ms
[44.285s][info][gc,start      ] GC(67) Pause Init Mark
[44.285s][info][gc,task       ] GC(67) Using 1 of 1 workers for init marking
[44.287s][info][gc,ergo       ] GC(67) Pacer for Mark. Expected Live: 167M, Free: 549M, Non-Taxable: 56268K, Alloc Tax Rate: 0.4x
[44.287s][info][gc            ] GC(67) Pause Init Mark 1.686ms
[44.287s][info][gc,start      ] GC(67) Concurrent marking
[44.287s][info][gc,task       ] GC(67) Using 1 of 1 workers for concurrent marking
[44.498s][info][gc            ] GC(67) Concurrent marking 211.134ms
[44.498s][info][gc,start      ] GC(67) Pause Final Mark
[44.498s][info][gc,task       ] GC(67) Using 1 of 1 workers for final marking
[44.499s][info][gc,ergo       ] GC(67) Collectable Garbage: 229M (98%), Immediate: 229M (98%), CSet: 0B (0%)
[44.499s][info][gc            ] GC(67) Pause Final Mark 0.569ms
[44.499s][info][gc,start      ] GC(67) Concurrent cleanup
[44.499s][info][gc            ] GC(67) Concurrent cleanup 483M->253M(486M) 0.116ms
[44.499s][info][gc,ergo       ] GC(67) Free: 695M, Max: 256K regular, 454M humongous, Frag: 35% external, 0% internal; Reserve: 51200K, Max: 256K
[44.499s][info][gc,ergo       ] Free: 695M, Max: 256K regular, 454M humongous, Frag: 35% external, 0% internal; Reserve: 51200K, Max: 256K
[44.499s][info][gc,stats      ] 
[44.499s][info][gc,stats      ] All times are wall-clock times, except per-root-class counters, that are sum over
[44.499s][info][gc,stats      ] all workers. Dividing the <total> over the root stage time estimates parallelism.
[44.499s][info][gc,stats      ] 
[44.499s][info][gc,stats      ] Concurrent Reset                    309 us
[44.499s][info][gc,stats      ] Pause Init Mark (G)                4007 us
[44.499s][info][gc,stats      ] Pause Init Mark (N)                1659 us
[44.499s][info][gc,stats      ]   Accumulate Stats                   20 us
[44.499s][info][gc,stats      ]   Make Parsable                      15 us
[44.499s][info][gc,stats      ]   Update Region States               46 us
[44.499s][info][gc,stats      ]   Scan Roots                       1520 us, parallelism: 0.80x
[44.499s][info][gc,stats      ]     S: <total>                     1216 us
[44.499s][info][gc,stats      ]     S: Thread Roots                 647 us, workers (us): 647, 
[44.499s][info][gc,stats      ]     S: Universe Roots                 2 us, workers (us):   2, 
[44.499s][info][gc,stats      ]     S: JNI Handles Roots              1 us, workers (us):   1, 
[44.499s][info][gc,stats      ]     S: Synchronizer Roots             0 us, workers (us):   0, 
[44.499s][info][gc,stats      ]     S: Management Roots               2 us, workers (us):   2, 
[44.499s][info][gc,stats      ]     S: System Dict Roots             21 us, workers (us):  21, 
[44.499s][info][gc,stats      ]     S: CLDG Roots                   542 us, workers (us): 542, 
[44.499s][info][gc,stats      ]     S: JVMTI Roots                    0 us, workers (us):   0, 
[44.499s][info][gc,stats      ]   Resize TLABs                       16 us
[44.499s][info][gc,stats      ] Concurrent Marking               211124 us
[44.499s][info][gc,stats      ] Pause Final Mark (G)                778 us
[44.499s][info][gc,stats      ] Pause Final Mark (N)                546 us
[44.499s][info][gc,stats      ]   Finish Queues                      25 us
[44.499s][info][gc,stats      ]   System Purge                      364 us
[44.499s][info][gc,stats      ]     Weak Roots                      364 us
[44.499s][info][gc,stats      ]   Update Region States               67 us
[44.499s][info][gc,stats      ]   Retire TLABs                       28 us
[44.499s][info][gc,stats      ]   Choose Collection Set              33 us
[44.499s][info][gc,stats      ]   Rebuild Free Set                   17 us
[44.499s][info][gc,stats      ] Concurrent Cleanup                  107 us
[44.499s][info][gc,stats      ] 
[44.499s][info][gc,stats      ] Allocation pacing accrued:
[44.499s][info][gc,stats      ]       0 of   218 ms (  0.0%): <total>
[44.499s][info][gc,stats      ]       0 of   218 ms (  0.0%): <average total>
[44.499s][info][gc,stats      ] 
[44.499s][info][gc,metaspace  ] Metaspace: 60779K->60779K(1103872K)
[44.499s][info][gc,ergo       ] Pacer for Idle. Initial: 20480K, Alloc Tax Rate: 1.0x
[44.500s][info][gc            ] Trigger: Learning 4 of 5. Free (693M) is below initial threshold (700M)
[44.501s][info][gc,ergo       ] Free: 693M, Max: 256K regular, 454M humongous, Frag: 35% external, 0% internal; Reserve: 51200K, Max: 256K
[44.501s][info][gc,start      ] GC(68) Concurrent reset
[44.501s][info][gc,task       ] GC(68) Using 1 of 1 workers for concurrent reset
[44.501s][info][gc,ergo       ] GC(68) Pacer for Reset. Non-Taxable: 1000M
[44.507s][info][gc            ] GC(68) Concurrent reset 6.125ms
[44.510s][info][gc,start      ] GC(68) Pause Init Mark
[44.510s][info][gc,task       ] GC(68) Using 1 of 1 workers for init marking
[44.512s][info][gc,ergo       ] GC(68) Pacer for Mark. Expected Live: 167M, Free: 687M, Non-Taxable: 70374K, Alloc Tax Rate: 0.3x
[44.512s][info][gc            ] GC(68) Pause Init Mark 1.811ms
[44.512s][info][gc,start      ] GC(68) Concurrent marking
[44.512s][info][gc,task       ] GC(68) Using 1 of 1 workers for concurrent marking
[44.720s][info][gc            ] GC(68) Concurrent marking 208.113ms
[44.724s][info][gc,start      ] GC(68) Pause Final Mark
[44.724s][info][gc,task       ] GC(68) Using 1 of 1 workers for final marking
[44.725s][info][gc,ergo       ] GC(68) Collectable Garbage: 93952K (97%), Immediate: 93952K (97%), CSet: 0B (0%)
[44.725s][info][gc            ] GC(68) Pause Final Mark 0.587ms
[44.725s][info][gc,start      ] GC(68) Concurrent cleanup
[44.725s][info][gc            ] GC(68) Concurrent cleanup 370M->279M(486M) 0.086ms
[44.725s][info][gc,ergo       ] GC(68) Free: 670M, Max: 256K regular, 478M humongous, Frag: 29% external, 0% internal; Reserve: 51200K, Max: 256K
[44.725s][info][gc,ergo       ] Free: 670M, Max: 256K regular, 478M humongous, Frag: 29% external, 0% internal; Reserve: 51200K, Max: 256K
[44.725s][info][gc,stats      ] 
[44.725s][info][gc,stats      ] All times are wall-clock times, except per-root-class counters, that are sum over
[44.725s][info][gc,stats      ] all workers. Dividing the <total> over the root stage time estimates parallelism.
[44.725s][info][gc,stats      ] 
[44.725s][info][gc,stats      ] Concurrent Reset                   6111 us
[44.725s][info][gc,stats      ] Pause Init Mark (G)                5500 us
[44.725s][info][gc,stats      ] Pause Init Mark (N)                1759 us
[44.725s][info][gc,stats      ]   Accumulate Stats                   23 us
[44.725s][info][gc,stats      ]   Make Parsable                      18 us
[44.725s][info][gc,stats      ]   Update Region States               69 us
[44.725s][info][gc,stats      ]   Scan Roots                       1563 us, parallelism: 0.82x
[44.725s][info][gc,stats      ]     S: <total>                     1281 us
[44.725s][info][gc,stats      ]     S: Thread Roots                 671 us, workers (us): 671, 
[44.725s][info][gc,stats      ]     S: Universe Roots                 2 us, workers (us):   2, 
[44.725s][info][gc,stats      ]     S: JNI Handles Roots              2 us, workers (us):   2, 
[44.725s][info][gc,stats      ]     S: Synchronizer Roots             0 us, workers (us):   0, 
[44.725s][info][gc,stats      ]     S: Management Roots               2 us, workers (us):   2, 
[44.725s][info][gc,stats      ]     S: System Dict Roots             12 us, workers (us):  12, 
[44.725s][info][gc,stats      ]     S: CLDG Roots                   591 us, workers (us): 591, 
[44.725s][info][gc,stats      ]     S: JVMTI Roots                    0 us, workers (us):   0, 
[44.725s][info][gc,stats      ]   Resize TLABs                       22 us
[44.725s][info][gc,stats      ] Concurrent Marking               208097 us
[44.725s][info][gc,stats      ] Pause Final Mark (G)               4109 us
[44.725s][info][gc,stats      ] Pause Final Mark (N)                472 us
[44.725s][info][gc,stats      ]   Finish Queues                      39 us
[44.725s][info][gc,stats      ]   System Purge                      283 us
[44.725s][info][gc,stats      ]     Weak Roots                      283 us
[44.725s][info][gc,stats      ]   Update Region States               66 us
[44.725s][info][gc,stats      ]   Retire TLABs                       28 us
[44.725s][info][gc,stats      ]   Choose Collection Set              26 us
[44.725s][info][gc,stats      ]   Rebuild Free Set                   14 us
[44.725s][info][gc,stats      ] Concurrent Cleanup                   79 us
[44.725s][info][gc,stats      ] Pacing                            18355 us
[44.725s][info][gc,stats      ] 
[44.725s][info][gc,stats      ] Allocation pacing accrued:
[44.725s][info][gc,stats      ]      18 of   226 ms (  8.1%): Executor task launch worker for task 0.0 in stage 22.0 (TID 22)
[44.725s][info][gc,stats      ]      18 of   226 ms (  8.1%): <total>
[44.725s][info][gc,stats      ]       0 of   226 ms (  0.0%): <average total>
[44.725s][info][gc,stats      ]      18 of   226 ms (  8.1%): <average non-zero>
[44.725s][info][gc,stats      ] 
[44.725s][info][gc,metaspace  ] Metaspace: 60779K->60779K(1103872K)
[44.725s][info][gc,ergo       ] Pacer for Idle. Initial: 20480K, Alloc Tax Rate: 1.0x
[44.726s][info][gc            ] Trigger: Learning 5 of 5. Free (668M) is below initial threshold (700M)
[44.726s][info][gc,ergo       ] Free: 668M, Max: 256K regular, 478M humongous, Frag: 29% external, 0% internal; Reserve: 51200K, Max: 256K
[44.726s][info][gc,start      ] GC(69) Concurrent reset
[44.726s][info][gc,task       ] GC(69) Using 1 of 1 workers for concurrent reset
[44.726s][info][gc,ergo       ] GC(69) Pacer for Reset. Non-Taxable: 1000M
[44.727s][info][gc            ] GC(69) Concurrent reset 0.293ms
[44.728s][info][gc,start      ] GC(69) Pause Init Mark
[44.728s][info][gc,task       ] GC(69) Using 1 of 1 workers for init marking
[44.730s][info][gc,ergo       ] GC(69) Pacer for Mark. Expected Live: 167M, Free: 668M, Non-Taxable: 68454K, Alloc Tax Rate: 0.3x
[44.730s][info][gc            ] GC(69) Pause Init Mark 1.733ms
[44.730s][info][gc,start      ] GC(69) Concurrent marking
[44.730s][info][gc,task       ] GC(69) Using 1 of 1 workers for concurrent marking
[44.918s][info][gc            ] GC(69) Concurrent marking 188.445ms
[44.918s][info][gc,start      ] GC(69) Pause Final Mark
[44.918s][info][gc,task       ] GC(69) Using 1 of 1 workers for final marking
[44.919s][info][gc,ergo       ] GC(69) Collectable Garbage: 110M (97%), Immediate: 110M (97%), CSet: 0B (0%)
[44.919s][info][gc            ] GC(69) Pause Final Mark 0.543ms
[44.919s][info][gc,start      ] GC(69) Concurrent cleanup
[44.919s][info][gc            ] GC(69) Concurrent cleanup 382M->272M(486M) 0.089ms
[44.919s][info][gc,ergo       ] GC(69) Free: 677M, Max: 256K regular, 555M humongous, Frag: 18% external, 0% internal; Reserve: 51200K, Max: 256K
[44.919s][info][gc,ergo       ] Free: 677M, Max: 256K regular, 555M humongous, Frag: 18% external, 0% internal; Reserve: 51200K, Max: 256K
[44.919s][info][gc,stats      ] 
[44.919s][info][gc,stats      ] All times are wall-clock times, except per-root-class counters, that are sum over
[44.919s][info][gc,stats      ] all workers. Dividing the <total> over the root stage time estimates parallelism.
[44.919s][info][gc,stats      ] 
[44.919s][info][gc,stats      ] Concurrent Reset                    285 us
[44.919s][info][gc,stats      ] Pause Init Mark (G)                3040 us
[44.919s][info][gc,stats      ] Pause Init Mark (N)                1706 us
[44.919s][info][gc,stats      ]   Accumulate Stats                   22 us
[44.919s][info][gc,stats      ]   Make Parsable                      14 us
[44.919s][info][gc,stats      ]   Update Region States               61 us
[44.919s][info][gc,stats      ]   Scan Roots                       1548 us, parallelism: 0.78x
[44.919s][info][gc,stats      ]     S: <total>                     1211 us
[44.919s][info][gc,stats      ]     S: Thread Roots                 639 us, workers (us): 639, 
[44.919s][info][gc,stats      ]     S: Universe Roots                 3 us, workers (us):   3, 
[44.919s][info][gc,stats      ]     S: JNI Handles Roots              2 us, workers (us):   2, 
[44.919s][info][gc,stats      ]     S: Synchronizer Roots             0 us, workers (us):   0, 
[44.919s][info][gc,stats      ]     S: Management Roots               2 us, workers (us):   2, 
[44.919s][info][gc,stats      ]     S: System Dict Roots             12 us, workers (us):  12, 
[44.919s][info][gc,stats      ]     S: CLDG Roots                   554 us, workers (us): 554, 
[44.919s][info][gc,stats      ]     S: JVMTI Roots                    1 us, workers (us):   1, 
[44.919s][info][gc,stats      ]   Resize TLABs                       20 us
[44.919s][info][gc,stats      ] Concurrent Marking               188435 us
[44.919s][info][gc,stats      ] Pause Final Mark (G)                708 us
[44.919s][info][gc,stats      ] Pause Final Mark (N)                532 us
[44.919s][info][gc,stats      ]   Finish Queues                      14 us
[44.919s][info][gc,stats      ]   System Purge                      266 us
[44.919s][info][gc,stats      ]     Weak Roots                      266 us
[44.919s][info][gc,stats      ]   Update Region States              152 us
[44.919s][info][gc,stats      ]   Retire TLABs                       34 us
[44.919s][info][gc,stats      ]   Choose Collection Set              45 us
[44.919s][info][gc,stats      ]   Rebuild Free Set                   14 us
[44.919s][info][gc,stats      ] Concurrent Cleanup                   82 us
[44.919s][info][gc,stats      ] 
[44.919s][info][gc,stats      ] Allocation pacing accrued:
[44.919s][info][gc,stats      ]       0 of   194 ms (  0.0%): <total>
[44.919s][info][gc,stats      ]       0 of   194 ms (  0.0%): <average total>
[44.919s][info][gc,stats      ] 
[44.919s][info][gc,metaspace  ] Metaspace: 60779K->60779K(1103872K)
[44.919s][info][gc,ergo       ] Pacer for Idle. Initial: 20480K, Alloc Tax Rate: 1.0x
[45.247s][info][gc            ] Trigger: Average GC time (307.58 ms) is above the time for allocation rate (882 MB/s) to deplete free headroom (269M)
[45.247s][info][gc,ergo       ] Free headroom: 319M (free) - 51200K (spike) - 0B (penalties) = 269M
[45.247s][info][gc,ergo       ] Free: 319M, Max: 256K regular, 308M humongous, Frag: 4% external, 0% internal; Reserve: 51200K, Max: 256K
[45.247s][info][gc,start      ] GC(70) Concurrent reset
[45.247s][info][gc,task       ] GC(70) Using 1 of 1 workers for concurrent reset
[45.247s][info][gc,ergo       ] GC(70) Pacer for Reset. Non-Taxable: 1000M
[45.248s][info][gc            ] GC(70) Concurrent reset 0.379ms
[45.250s][info][gc,start      ] GC(70) Pause Init Mark (process weakrefs)
[45.250s][info][gc,task       ] GC(70) Using 1 of 1 workers for init marking
[45.252s][info][gc,ergo       ] GC(70) Pacer for Mark. Expected Live: 167M, Free: 319M, Non-Taxable: 32742K, Alloc Tax Rate: 0.6x
[45.252s][info][gc            ] GC(70) Pause Init Mark (process weakrefs) 1.669ms
[45.252s][info][gc,start      ] GC(70) Concurrent marking (process weakrefs)
[45.252s][info][gc,task       ] GC(70) Using 1 of 1 workers for concurrent marking
[45.407s][info][gc            ] GC(70) Concurrent marking (process weakrefs) 155.763ms
[45.407s][info][gc,start      ] GC(70) Concurrent precleaning
[45.407s][info][gc,task       ] GC(70) Using 1 of 1 workers for concurrent preclean
[45.407s][info][gc,ergo       ] GC(70) Pacer for Precleaning. Non-Taxable: 1000M
[45.408s][info][gc            ] GC(70) Concurrent precleaning 0.532ms
[45.408s][info][gc,start      ] GC(70) Pause Final Mark (process weakrefs)
[45.408s][info][gc,task       ] GC(70) Using 1 of 1 workers for final marking
[45.409s][info][gc,ergo       ] GC(70) Collectable Garbage: 459M (99%), Immediate: 459M (99%), CSet: 0B (0%)
[45.409s][info][gc            ] GC(70) Pause Final Mark (process weakrefs) 0.493ms
[45.411s][info][gc,start      ] GC(70) Concurrent cleanup
[45.411s][info][gc            ] GC(70) Concurrent cleanup 678M->222M(681M) 0.139ms
[45.411s][info][gc,ergo       ] GC(70) Free: 726M, Max: 256K regular, 269M humongous, Frag: 63% external, 0% internal; Reserve: 51200K, Max: 256K
[45.411s][info][gc,ergo       ] Free: 726M, Max: 256K regular, 269M humongous, Frag: 63% external, 0% internal; Reserve: 51200K, Max: 256K
[45.411s][info][gc,stats      ] 
[45.411s][info][gc,stats      ] All times are wall-clock times, except per-root-class counters, that are sum over
[45.411s][info][gc,stats      ] all workers. Dividing the <total> over the root stage time estimates parallelism.
[45.411s][info][gc,stats      ] 
[45.411s][info][gc,stats      ] Concurrent Reset                    371 us
[45.411s][info][gc,stats      ] Pause Init Mark (G)                3993 us
[45.411s][info][gc,stats      ] Pause Init Mark (N)                1591 us
[45.411s][info][gc,stats      ]   Accumulate Stats                   27 us
[45.411s][info][gc,stats      ]   Make Parsable                      14 us
[45.411s][info][gc,stats      ]   Update Region States               52 us
[45.411s][info][gc,stats      ]   Scan Roots                       1432 us, parallelism: 0.80x
[45.411s][info][gc,stats      ]     S: <total>                     1152 us
[45.411s][info][gc,stats      ]     S: Thread Roots                 596 us, workers (us): 596, 
[45.411s][info][gc,stats      ]     S: Universe Roots                 2 us, workers (us):   2, 
[45.411s][info][gc,stats      ]     S: JNI Handles Roots              1 us, workers (us):   1, 
[45.411s][info][gc,stats      ]     S: Synchronizer Roots             0 us, workers (us):   0, 
[45.411s][info][gc,stats      ]     S: Management Roots               2 us, workers (us):   2, 
[45.411s][info][gc,stats      ]     S: System Dict Roots             12 us, workers (us):  12, 
[45.411s][info][gc,stats      ]     S: CLDG Roots                   539 us, workers (us): 539, 
[45.411s][info][gc,stats      ]     S: JVMTI Roots                    1 us, workers (us):   1, 
[45.411s][info][gc,stats      ]   Resize TLABs                       15 us
[45.411s][info][gc,stats      ] Concurrent Marking               155754 us
[45.411s][info][gc,stats      ] Concurrent Precleaning              523 us
[45.411s][info][gc,stats      ] Pause Final Mark (G)               3269 us
[45.411s][info][gc,stats      ] Pause Final Mark (N)                484 us
[45.411s][info][gc,stats      ]   Finish Queues                      15 us
[45.411s][info][gc,stats      ]   Weak References                    20 us
[45.411s][info][gc,stats      ]     Process                          18 us
[45.411s][info][gc,stats      ]   System Purge                      314 us
[45.411s][info][gc,stats      ]     Weak Roots                      314 us
[45.411s][info][gc,stats      ]   Update Region States               61 us
[45.411s][info][gc,stats      ]   Retire TLABs                       25 us
[45.411s][info][gc,stats      ]   Choose Collection Set              30 us
[45.411s][info][gc,stats      ]   Rebuild Free Set                   13 us
[45.411s][info][gc,stats      ] Concurrent Cleanup                  118 us
[45.411s][info][gc,stats      ] Pacing                            58283 us
[45.411s][info][gc,stats      ] 
[45.412s][info][gc,stats      ] Allocation pacing accrued:
[45.412s][info][gc,stats      ]      58 of   492 ms ( 11.8%): Executor task launch worker for task 0.0 in stage 22.0 (TID 22)
[45.412s][info][gc,stats      ]      58 of   492 ms ( 11.8%): <total>
[45.412s][info][gc,stats      ]       0 of   492 ms (  0.1%): <average total>
[45.412s][info][gc,stats      ]      58 of   492 ms ( 11.8%): <average non-zero>
[45.412s][info][gc,stats      ] 
[45.412s][info][gc,metaspace  ] Metaspace: 60779K->60779K(1103872K)
[45.412s][info][gc,ergo       ] Pacer for Idle. Initial: 20480K, Alloc Tax Rate: 1.0x
[45.815s][info][gc            ] Trigger: Average GC time (306.49 ms) is above the time for allocation rate (835 MB/s) to deplete free headroom (255M)
[45.815s][info][gc,ergo       ] Free headroom: 305M (free) - 51200K (spike) - 0B (penalties) = 255M
[45.815s][info][gc,ergo       ] Free: 305M, Max: 256K regular, 259M humongous, Frag: 16% external, 0% internal; Reserve: 51200K, Max: 256K
[45.815s][info][gc,start      ] GC(71) Concurrent reset
[45.815s][info][gc,task       ] GC(71) Using 1 of 1 workers for concurrent reset
[45.815s][info][gc,ergo       ] GC(71) Pacer for Reset. Non-Taxable: 1000M
[45.815s][info][gc            ] GC(71) Concurrent reset 0.325ms
[45.818s][info][gc,start      ] GC(71) Pause Init Mark
[45.818s][info][gc,task       ] GC(71) Using 1 of 1 workers for init marking
[45.819s][info][gc,ergo       ] GC(71) Pacer for Mark. Expected Live: 167M, Free: 305M, Non-Taxable: 31257K, Alloc Tax Rate: 0.7x
[45.819s][info][gc            ] GC(71) Pause Init Mark 1.808ms
[45.819s][info][gc,start      ] GC(71) Concurrent marking
[45.820s][info][gc,task       ] GC(71) Using 1 of 1 workers for concurrent marking
[45.965s][info][gc            ] GC(71) Concurrent marking 145.191ms
[45.965s][info][gc,start      ] GC(71) Pause Final Mark
[45.965s][info][gc,task       ] GC(71) Using 1 of 1 workers for final marking
[45.965s][info][gc,ergo       ] GC(71) Collectable Garbage: 472M (99%), Immediate: 472M (99%), CSet: 0B (0%)
[45.965s][info][gc            ] GC(71) Pause Final Mark 0.453ms
[45.965s][info][gc,start      ] GC(71) Concurrent cleanup
[45.966s][info][gc            ] GC(71) Concurrent cleanup 691M->219M(694M) 0.143ms
[45.966s][info][gc,ergo       ] GC(71) Free: 730M, Max: 256K regular, 246M humongous, Frag: 67% external, 0% internal; Reserve: 51200K, Max: 256K
[45.966s][info][gc,ergo       ] Free: 730M, Max: 256K regular, 246M humongous, Frag: 67% external, 0% internal; Reserve: 51200K, Max: 256K
[45.966s][info][gc,stats      ] 
[45.966s][info][gc,stats      ] All times are wall-clock times, except per-root-class counters, that are sum over
[45.966s][info][gc,stats      ] all workers. Dividing the <total> over the root stage time estimates parallelism.
[45.966s][info][gc,stats      ] 
[45.966s][info][gc,stats      ] Concurrent Reset                    316 us
[45.966s][info][gc,stats      ] Pause Init Mark (G)                4209 us
[45.966s][info][gc,stats      ] Pause Init Mark (N)                1764 us
[45.966s][info][gc,stats      ]   Accumulate Stats                   32 us
[45.966s][info][gc,stats      ]   Make Parsable                      18 us
[45.966s][info][gc,stats      ]   Update Region States               66 us
[45.966s][info][gc,stats      ]   Scan Roots                       1589 us, parallelism: 0.82x
[45.966s][info][gc,stats      ]     S: <total>                     1299 us
[45.966s][info][gc,stats      ]     S: Thread Roots                 654 us, workers (us): 654, 
[45.966s][info][gc,stats      ]     S: Universe Roots                 2 us, workers (us):   2, 
[45.966s][info][gc,stats      ]     S: JNI Handles Roots              1 us, workers (us):   1, 
[45.966s][info][gc,stats      ]     S: Synchronizer Roots             0 us, workers (us):   0, 
[45.966s][info][gc,stats      ]     S: Management Roots               1 us, workers (us):   1, 
[45.966s][info][gc,stats      ]     S: System Dict Roots             12 us, workers (us):  12, 
[45.966s][info][gc,stats      ]     S: CLDG Roots                   628 us, workers (us): 628, 
[45.966s][info][gc,stats      ]     S: JVMTI Roots                    1 us, workers (us):   1, 
[45.966s][info][gc,stats      ]   Resize TLABs                       20 us
[45.966s][info][gc,stats      ] Concurrent Marking               145181 us
[45.966s][info][gc,stats      ] Pause Final Mark (G)                616 us
[45.966s][info][gc,stats      ] Pause Final Mark (N)                443 us
[45.966s][info][gc,stats      ]   Finish Queues                      15 us
[45.966s][info][gc,stats      ]   System Purge                      291 us
[45.966s][info][gc,stats      ]     Weak Roots                      290 us
[45.966s][info][gc,stats      ]   Update Region States               60 us
[45.966s][info][gc,stats      ]   Retire TLABs                       28 us
[45.966s][info][gc,stats      ]   Choose Collection Set              29 us
[45.966s][info][gc,stats      ]   Rebuild Free Set                   13 us
[45.966s][info][gc,stats      ] Concurrent Cleanup                  136 us
[45.966s][info][gc,stats      ] Pacing                            49754 us
[45.966s][info][gc,stats      ] 
[45.966s][info][gc,stats      ] Allocation pacing accrued:
[45.966s][info][gc,stats      ]      50 of   554 ms (  9.0%): Executor task launch worker for task 0.0 in stage 22.0 (TID 22)
[45.966s][info][gc,stats      ]      50 of   554 ms (  9.0%): <total>
[45.966s][info][gc,stats      ]       0 of   554 ms (  0.0%): <average total>
[45.966s][info][gc,stats      ]      50 of   554 ms (  9.0%): <average non-zero>
[45.966s][info][gc,stats      ] 
[45.966s][info][gc,metaspace  ] Metaspace: 60781K->60781K(1103872K)
[45.966s][info][gc,ergo       ] Pacer for Idle. Initial: 20480K, Alloc Tax Rate: 1.0x
[46.381s][info][gc            ] Trigger: Average GC time (189.63 ms) is above the time for allocation rate (964 MB/s) to deplete free headroom (181M)
[46.382s][info][gc,ergo       ] Free headroom: 231M (free) - 51200K (spike) - 0B (penalties) = 181M
[46.382s][info][gc,ergo       ] Free: 231M, Max: 256K regular, 220M humongous, Frag: 5% external, 0% internal; Reserve: 51200K, Max: 256K
[46.382s][info][gc,start      ] GC(72) Concurrent reset
[46.382s][info][gc,task       ] GC(72) Using 1 of 1 workers for concurrent reset
[46.382s][info][gc,ergo       ] GC(72) Pacer for Reset. Non-Taxable: 1000M
[46.382s][info][gc            ] GC(72) Concurrent reset 0.382ms
[46.385s][info][gc,start      ] GC(72) Pause Init Mark
[46.385s][info][gc,task       ] GC(72) Using 1 of 1 workers for init marking
[46.386s][info][gc,ergo       ] GC(72) Pacer for Mark. Expected Live: 167M, Free: 231M, Non-Taxable: 23705K, Alloc Tax Rate: 0.9x
[46.386s][info][gc            ] GC(72) Pause Init Mark 1.699ms
[46.386s][info][gc,start      ] GC(72) Concurrent marking
[46.386s][info][gc,task       ] GC(72) Using 1 of 1 workers for concurrent marking
[46.525s][info][gc            ] GC(72) Concurrent marking 139.193ms
[46.526s][info][gc,start      ] GC(72) Pause Final Mark
[46.526s][info][gc,task       ] GC(72) Using 1 of 1 workers for final marking
[46.526s][info][gc,ergo       ] GC(72) Collectable Garbage: 546M (99%), Immediate: 546M (99%), CSet: 0B (0%)
[46.526s][info][gc            ] GC(72) Pause Final Mark 0.534ms
[46.526s][info][gc,start      ] GC(72) Concurrent cleanup
[46.526s][info][gc            ] GC(72) Concurrent cleanup 753M->207M(756M) 0.155ms
[46.526s][info][gc,ergo       ] GC(72) Free: 741M, Max: 256K regular, 192M humongous, Frag: 75% external, 0% internal; Reserve: 51200K, Max: 256K
[46.526s][info][gc,ergo       ] Free: 741M, Max: 256K regular, 192M humongous, Frag: 75% external, 0% internal; Reserve: 51200K, Max: 256K
[46.526s][info][gc,stats      ] 
[46.526s][info][gc,stats      ] All times are wall-clock times, except per-root-class counters, that are sum over
[46.526s][info][gc,stats      ] all workers. Dividing the <total> over the root stage time estimates parallelism.
[46.526s][info][gc,stats      ] 
[46.526s][info][gc,stats      ] Concurrent Reset                    372 us
[46.526s][info][gc,stats      ] Pause Init Mark (G)                4146 us
[46.526s][info][gc,stats      ] Pause Init Mark (N)                1655 us
[46.526s][info][gc,stats      ]   Accumulate Stats                   24 us
[46.526s][info][gc,stats      ]   Make Parsable                      14 us
[46.526s][info][gc,stats      ]   Update Region States               62 us
[46.526s][info][gc,stats      ]   Scan Roots                       1498 us, parallelism: 0.81x
[46.526s][info][gc,stats      ]     S: <total>                     1218 us
[46.526s][info][gc,stats      ]     S: Thread Roots                 635 us, workers (us): 635, 
[46.526s][info][gc,stats      ]     S: Universe Roots                 2 us, workers (us):   2, 
[46.527s][info][gc,stats      ]     S: JNI Handles Roots              2 us, workers (us):   2, 
[46.527s][info][gc,stats      ]     S: Synchronizer Roots             0 us, workers (us):   0, 
[46.527s][info][gc,stats      ]     S: Management Roots               2 us, workers (us):   2, 
[46.527s][info][gc,stats      ]     S: System Dict Roots             11 us, workers (us):  11, 
[46.527s][info][gc,stats      ]     S: CLDG Roots                   565 us, workers (us): 565, 
[46.527s][info][gc,stats      ]     S: JVMTI Roots                    1 us, workers (us):   1, 
[46.527s][info][gc,stats      ]   Resize TLABs                       18 us
[46.527s][info][gc,stats      ] Concurrent Marking               139183 us
[46.527s][info][gc,stats      ] Pause Final Mark (G)                710 us
[46.527s][info][gc,stats      ] Pause Final Mark (N)                523 us
[46.527s][info][gc,stats      ]   Finish Queues                      18 us
[46.527s][info][gc,stats      ]   System Purge                      270 us
[46.527s][info][gc,stats      ]     Weak Roots                      270 us
[46.527s][info][gc,stats      ]   Update Region States              147 us
[46.527s][info][gc,stats      ]   Retire TLABs                       29 us
[46.527s][info][gc,stats      ]   Choose Collection Set              39 us
[46.527s][info][gc,stats      ]   Rebuild Free Set                   13 us
[46.527s][info][gc,stats      ] Concurrent Cleanup                  147 us
[46.527s][info][gc,stats      ] Pacing                            72675 us
[46.527s][info][gc,stats      ] 
[46.527s][info][gc,stats      ] Allocation pacing accrued:
[46.527s][info][gc,stats      ]      13 of   561 ms (  2.3%): RemoteBlock-temp-file-clean-thread
[46.527s][info][gc,stats      ]      60 of   561 ms ( 10.7%): Executor task launch worker for task 0.0 in stage 22.0 (TID 22)
[46.527s][info][gc,stats      ]      73 of   561 ms ( 13.0%): <total>
[46.527s][info][gc,stats      ]       0 of   561 ms (  0.1%): <average total>
[46.527s][info][gc,stats      ]      36 of   561 ms (  6.5%): <average non-zero>
[46.527s][info][gc,stats      ] 
[46.527s][info][gc,metaspace  ] Metaspace: 60781K->60781K(1103872K)
[46.527s][info][gc,ergo       ] Pacer for Idle. Initial: 20480K, Alloc Tax Rate: 1.0x
[46.780s][info][gc            ] Trigger: Explicit GC request (System.gc())
[46.780s][info][gc,ergo       ] Free: 492M, Max: 256K regular, 184M humongous, Frag: 63% external, 0% internal; Reserve: 51200K, Max: 256K
[46.780s][info][gc,start      ] GC(73) Concurrent reset
[46.780s][info][gc,task       ] GC(73) Using 1 of 1 workers for concurrent reset
[46.780s][info][gc,ergo       ] GC(73) Pacer for Reset. Non-Taxable: 1000M
[46.781s][info][gc            ] GC(73) Concurrent reset 0.318ms
[46.781s][info][gc,start      ] GC(73) Pause Init Mark (process weakrefs) (unload classes)
[46.781s][info][gc,task       ] GC(73) Using 1 of 1 workers for init marking
[46.782s][info][gc,ergo       ] GC(73) Pacer for Mark. Expected Live: 167M, Free: 492M, Non-Taxable: 50452K, Alloc Tax Rate: 0.4x
[46.782s][info][gc            ] GC(73) Pause Init Mark (process weakrefs) (unload classes) 1.318ms
[46.782s][info][gc,start      ] GC(73) Concurrent marking (process weakrefs) (unload classes)
[46.782s][info][gc,task       ] GC(73) Using 1 of 1 workers for concurrent marking
[46.918s][info][gc            ] GC(73) Concurrent marking (process weakrefs) (unload classes) 136.057ms
[46.918s][info][gc,start      ] GC(73) Concurrent precleaning
[46.918s][info][gc,task       ] GC(73) Using 1 of 1 workers for concurrent preclean
[46.918s][info][gc,ergo       ] GC(73) Pacer for Precleaning. Non-Taxable: 1000M
[46.919s][info][gc            ] GC(73) Concurrent precleaning 0.327ms
[46.919s][info][gc,start      ] GC(73) Pause Final Mark (process weakrefs) (unload classes)
[46.919s][info][gc,task       ] GC(73) Using 1 of 1 workers for final marking
[46.949s][info][gc,stringtable] GC(73) Cleaned string and symbol table, strings: 18536 processed, 0 removed, symbols: 131966 processed, 200 removed
[46.950s][info][gc,ergo       ] GC(73) Collectable Garbage: 283M (97%), Immediate: 283M (97%), CSet: 0B (0%)
[46.950s][info][gc            ] GC(73) Pause Final Mark (process weakrefs) (unload classes) 30.530ms
[46.950s][info][gc,start      ] GC(73) Concurrent cleanup
[46.950s][info][gc            ] GC(73) Concurrent cleanup 455M->173M(756M) 0.117ms
[46.950s][info][gc,ergo       ] GC(73) Free: 775M, Max: 256K regular, 518M humongous, Frag: 34% external, 0% internal; Reserve: 51200K, Max: 256K
[46.950s][info][gc,ergo       ] Free: 775M, Max: 256K regular, 518M humongous, Frag: 34% external, 0% internal; Reserve: 51200K, Max: 256K
[46.950s][info][gc,stats      ] 
[46.950s][info][gc,stats      ] All times are wall-clock times, except per-root-class counters, that are sum over
[46.950s][info][gc,stats      ] all workers. Dividing the <total> over the root stage time estimates parallelism.
[46.950s][info][gc,stats      ] 
[46.950s][info][gc,stats      ] Concurrent Reset                    307 us
[46.950s][info][gc,stats      ] Pause Init Mark (G)                1695 us
[46.950s][info][gc,stats      ] Pause Init Mark (N)                1300 us
[46.950s][info][gc,stats      ]   Accumulate Stats                   24 us
[46.950s][info][gc,stats      ]   Make Parsable                      18 us
[46.950s][info][gc,stats      ]   Update Region States               75 us
[46.950s][info][gc,stats      ]   Scan Roots                       1120 us, parallelism: 0.73x
[46.950s][info][gc,stats      ]     S: <total>                      814 us
[46.950s][info][gc,stats      ]     S: Thread Roots                 701 us, workers (us): 701, 
[46.950s][info][gc,stats      ]     S: Universe Roots                 2 us, workers (us):   2, 
[46.950s][info][gc,stats      ]     S: JNI Handles Roots              2 us, workers (us):   2, 
[46.950s][info][gc,stats      ]     S: Synchronizer Roots             1 us, workers (us):   1, 
[46.950s][info][gc,stats      ]     S: Management Roots               2 us, workers (us):   2, 
[46.950s][info][gc,stats      ]     S: System Dict Roots             11 us, workers (us):  11, 
[46.950s][info][gc,stats      ]     S: CLDG Roots                    95 us, workers (us):  95, 
[46.950s][info][gc,stats      ]     S: JVMTI Roots                    0 us, workers (us):   0, 
[46.950s][info][gc,stats      ]   Resize TLABs                       21 us
[46.950s][info][gc,stats      ] Concurrent Marking               136047 us
[46.950s][info][gc,stats      ] Concurrent Precleaning              317 us
[46.950s][info][gc,stats      ] Pause Final Mark (G)              31015 us
[46.950s][info][gc,stats      ] Pause Final Mark (N)              30509 us
[46.950s][info][gc,stats      ]   Finish Queues                     174 us
[46.950s][info][gc,stats      ]   Weak References                    84 us
[46.950s][info][gc,stats      ]     Process                          81 us
[46.950s][info][gc,stats      ]   System Purge                      317 us
[46.950s][info][gc,stats      ]     Unload Classes                 1245 us
[46.950s][info][gc,stats      ]     Cleanup                       28286 us, parallelism: 1.00x
[46.950s][info][gc,stats      ]       CU: <total>                 28190 us
[46.950s][info][gc,stats      ]       CU: Code Cache Roots         8841 us, workers (us): 8841, 
[46.950s][info][gc,stats      ]       CU: Code Cache Cleaning      1903 us, workers (us): 1903, 
[46.950s][info][gc,stats      ]       CU: String Table Roots      10752 us, workers (us): 10752, 
[46.950s][info][gc,stats      ]       CU: Resolved Table Roots      133 us, workers (us): 133, 
[46.950s][info][gc,stats      ]       CU: CLDG Roots               6561 us, workers (us): 6561, 
[46.950s][info][gc,stats      ]     Weak Roots                      317 us
[46.950s][info][gc,stats      ]     CLDG                            231 us
[46.950s][info][gc,stats      ]   Update Region States               66 us
[46.950s][info][gc,stats      ]   Retire TLABs                       53 us
[46.950s][info][gc,stats      ]   Choose Collection Set              25 us
[46.950s][info][gc,stats      ]   Rebuild Free Set                   13 us
[46.950s][info][gc,stats      ] Concurrent Cleanup                  107 us
[46.950s][info][gc,stats      ] Pacing                            10983 us
[46.950s][info][gc,stats      ] 
[46.950s][info][gc,stats      ] Allocation pacing accrued:
[46.950s][info][gc,stats      ]      11 of   424 ms (  2.6%): Executor task launch worker for task 0.0 in stage 23.0 (TID 23)
[46.950s][info][gc,stats      ]      11 of   424 ms (  2.6%): <total>
[46.950s][info][gc,stats      ]       0 of   424 ms (  0.0%): <average total>
[46.950s][info][gc,stats      ]      11 of   424 ms (  2.6%): <average non-zero>
[46.950s][info][gc,stats      ] 
[46.950s][info][gc,metaspace  ] Metaspace: 60813K->60434K(1103872K)
[46.950s][info][gc,ergo       ] Pacer for Idle. Initial: 20480K, Alloc Tax Rate: 1.0x
[46.950s][info][gc,start      ] Concurrent uncommit
[46.999s][info][gc            ] Concurrent uncommit 173M->173M(174M) 48.324ms
[47.314s][info][gc            ] Trigger: Learning 2 of 5. Free (699M) is below initial threshold (700M)
[47.315s][info][gc,ergo       ] Free: 699M, Max: 256K regular, 518M humongous, Frag: 26% external, 0% internal; Reserve: 51200K, Max: 256K
[47.315s][info][gc,start      ] GC(74) Concurrent reset
[47.315s][info][gc,task       ] GC(74) Using 1 of 1 workers for concurrent reset
[47.315s][info][gc,ergo       ] GC(74) Pacer for Reset. Non-Taxable: 1000M
[47.315s][info][gc            ] GC(74) Concurrent reset 0.387ms
[47.317s][info][gc,start      ] GC(74) Pause Init Mark
[47.317s][info][gc,task       ] GC(74) Using 1 of 1 workers for init marking
[47.319s][info][gc,ergo       ] GC(74) Pacer for Mark. Expected Live: 167M, Free: 699M, Non-Taxable: 71623K, Alloc Tax Rate: 0.3x
[47.319s][info][gc            ] GC(74) Pause Init Mark 1.923ms
[47.319s][info][gc,start      ] GC(74) Concurrent marking
[47.319s][info][gc,task       ] GC(74) Using 1 of 1 workers for concurrent marking
[47.538s][info][gc            ] GC(74) Concurrent marking 218.493ms
[47.538s][info][gc,start      ] GC(74) Pause Final Mark
[47.538s][info][gc,task       ] GC(74) Using 1 of 1 workers for final marking
[47.539s][info][gc,ergo       ] GC(74) Adaptive CSet Selection. Target Free: 141M, Actual Free: 713M, Max CSet: 42666K, Min Garbage: 0B
[47.539s][info][gc,ergo       ] GC(74) Collectable Garbage: 78495K (97%), Immediate: 61186K (75%), CSet: 17308K (21%)
[47.542s][info][gc,ergo       ] GC(74) Pacer for Evacuation. Used CSet: 18895K, Free: 666M, Non-Taxable: 68244K, Alloc Tax Rate: 1.1x
[47.542s][info][gc            ] GC(74) Pause Final Mark 3.711ms
[47.542s][info][gc,start      ] GC(74) Concurrent cleanup
[47.542s][info][gc            ] GC(74) Concurrent cleanup 342M->282M(347M) 0.087ms
[47.542s][info][gc,ergo       ] GC(74) Free: 666M, Max: 256K regular, 518M humongous, Frag: 23% external, 0% internal; Reserve: 50688K, Max: 256K
[47.542s][info][gc,start      ] GC(74) Concurrent evacuation
[47.542s][info][gc,task       ] GC(74) Using 1 of 1 workers for concurrent evacuation
[47.548s][info][gc            ] GC(74) Concurrent evacuation 5.987ms
[47.552s][info][gc,start      ] GC(74) Pause Init Update Refs
[47.552s][info][gc,ergo       ] GC(74) Pacer for Update Refs. Used: 288M, Free: 661M, Non-Taxable: 67758K, Alloc Tax Rate: 1.1x
[47.552s][info][gc            ] GC(74) Pause Init Update Refs 0.055ms
[47.552s][info][gc,start      ] GC(74) Concurrent update references
[47.552s][info][gc,task       ] GC(74) Using 1 of 1 workers for concurrent reference update
[47.842s][info][gc            ] GC(74) Concurrent update references 290.489ms
[47.846s][info][gc,start      ] GC(74) Pause Final Update Refs
[47.846s][info][gc,task       ] GC(74) Using 1 of 1 workers for final reference update
[47.846s][info][gc            ] GC(74) Pause Final Update Refs 0.676ms
[47.846s][info][gc,start      ] GC(74) Concurrent cleanup
[47.847s][info][gc            ] GC(74) Concurrent cleanup 425M->407M(426M) 0.076ms
[47.847s][info][gc,ergo       ] Free: 542M, Max: 256K regular, 513M humongous, Frag: 6% external, 0% internal; Reserve: 51200K, Max: 256K
[47.847s][info][gc,stats      ] 
[47.847s][info][gc,stats      ] All times are wall-clock times, except per-root-class counters, that are sum over
[47.847s][info][gc,stats      ] all workers. Dividing the <total> over the root stage time estimates parallelism.
[47.847s][info][gc,stats      ] 
[47.847s][info][gc,stats      ] Concurrent Reset                    306 us
[47.847s][info][gc,stats      ] Pause Init Mark (G)                4299 us
[47.847s][info][gc,stats      ] Pause Init Mark (N)                1903 us
[47.847s][info][gc,stats      ]   Accumulate Stats                   25 us
[47.847s][info][gc,stats      ]   Make Parsable                      24 us
[47.847s][info][gc,stats      ]   Update Region States               51 us
[47.847s][info][gc,stats      ]   Scan Roots                       1733 us, parallelism: 0.84x
[47.847s][info][gc,stats      ]     S: <total>                     1448 us
[47.847s][info][gc,stats      ]     S: Thread Roots                 710 us, workers (us): 710, 
[47.847s][info][gc,stats      ]     S: Universe Roots                 2 us, workers (us):   2, 
[47.847s][info][gc,stats      ]     S: JNI Handles Roots              1 us, workers (us):   1, 
[47.847s][info][gc,stats      ]     S: Synchronizer Roots             0 us, workers (us):   0, 
[47.847s][info][gc,stats      ]     S: Management Roots               2 us, workers (us):   2, 
[47.847s][info][gc,stats      ]     S: System Dict Roots             11 us, workers (us):  11, 
[47.847s][info][gc,stats      ]     S: CLDG Roots                   722 us, workers (us): 722, 
[47.847s][info][gc,stats      ]     S: JVMTI Roots                    0 us, workers (us):   0, 
[47.847s][info][gc,stats      ]   Resize TLABs                       21 us
[47.847s][info][gc,stats      ] Concurrent Marking               218484 us
[47.847s][info][gc,stats      ] Pause Final Mark (G)               3900 us
[47.847s][info][gc,stats      ] Pause Final Mark (N)               3692 us
[47.847s][info][gc,stats      ]   Finish Queues                      20 us
[47.847s][info][gc,stats      ]   System Purge                      277 us
[47.847s][info][gc,stats      ]     Weak Roots                      277 us
[47.847s][info][gc,stats      ]   Update Region States               64 us
[47.847s][info][gc,stats      ]   Retire TLABs                       23 us
[47.847s][info][gc,stats      ]   Choose Collection Set             108 us
[47.847s][info][gc,stats      ]   Rebuild Free Set                   15 us
[47.847s][info][gc,stats      ]   Initial Evacuation               3176 us, parallelism: 0.65x
[47.847s][info][gc,stats      ]     E: <total>                     2061 us
[47.847s][info][gc,stats      ]     E: Thread Roots                 719 us, workers (us): 719, 
[47.847s][info][gc,stats      ]     E: Code Cache Roots             684 us, workers (us): 684, 
[47.847s][info][gc,stats      ]     E: Universe Roots                 1 us, workers (us):   1, 
[47.847s][info][gc,stats      ]     E: JNI Handles Roots              1 us, workers (us):   1, 
[47.847s][info][gc,stats      ]     E: Synchronizer Roots             0 us, workers (us):   0, 
[47.847s][info][gc,stats      ]     E: Management Roots               2 us, workers (us):   2, 
[47.847s][info][gc,stats      ]     E: System Dict Roots             37 us, workers (us):  37, 
[47.847s][info][gc,stats      ]     E: CLDG Roots                   617 us, workers (us): 617, 
[47.847s][info][gc,stats      ]     E: JVMTI Roots                    0 us, workers (us):   0, 
[47.847s][info][gc,stats      ] Concurrent Cleanup                   79 us
[47.847s][info][gc,stats      ] Concurrent Evacuation              5975 us
[47.847s][info][gc,stats      ] Pause Init  Update Refs (G)        3554 us
[47.847s][info][gc,stats      ] Pause Init  Update Refs (N)          23 us
[47.847s][info][gc,stats      ]   Retire GCLABs                      12 us
[47.847s][info][gc,stats      ] Concurrent Update Refs           290474 us
[47.847s][info][gc,stats      ] Pause Final Update Refs (G)        4222 us
[47.847s][info][gc,stats      ] Pause Final Update Refs (N)         639 us
[47.847s][info][gc,stats      ]   Update Roots                      548 us, parallelism: 0.99x
[47.847s][info][gc,stats      ]     UR: <total>                     541 us
[47.847s][info][gc,stats      ]     UR: Thread Roots                541 us, workers (us): 541, 
[47.847s][info][gc,stats      ]   Update Region States               64 us
[47.847s][info][gc,stats      ]   Trash Collection Set                2 us
[47.847s][info][gc,stats      ]   Rebuild Free Set                   15 us
[47.847s][info][gc,stats      ] Concurrent Cleanup                   68 us
[47.847s][info][gc,stats      ] 
[47.847s][info][gc,stats      ] Allocation pacing accrued:
[47.847s][info][gc,stats      ]       0 of   897 ms (  0.0%): <total>
[47.847s][info][gc,stats      ]       0 of   897 ms (  0.0%): <average total>
[47.847s][info][gc,stats      ] 
[47.847s][info][gc,metaspace  ] Metaspace: 60829K->60829K(1103872K)
[47.847s][info][gc,ergo       ] Pacer for Idle. Initial: 20480K, Alloc Tax Rate: 1.0x
[47.849s][info][gc            ] Trigger: Learning 3 of 5. Free (540M) is below initial threshold (700M)
[47.849s][info][gc,ergo       ] Free: 540M, Max: 256K regular, 513M humongous, Frag: 5% external, 0% internal; Reserve: 51200K, Max: 256K
[47.849s][info][gc,start      ] GC(75) Concurrent reset
[47.849s][info][gc,task       ] GC(75) Using 1 of 1 workers for concurrent reset
[47.849s][info][gc,ergo       ] GC(75) Pacer for Reset. Non-Taxable: 1000M
[47.849s][info][gc            ] GC(75) Concurrent reset 0.326ms
[47.851s][info][gc,start      ] GC(75) Pause Init Mark (process weakrefs)
[47.851s][info][gc,task       ] GC(75) Using 1 of 1 workers for init marking
[47.853s][info][gc,ergo       ] GC(75) Pacer for Mark. Expected Live: 167M, Free: 540M, Non-Taxable: 55321K, Alloc Tax Rate: 0.4x
[47.853s][info][gc            ] GC(75) Pause Init Mark (process weakrefs) 1.689ms
[47.853s][info][gc,start      ] GC(75) Concurrent marking (process weakrefs)
[47.853s][info][gc,task       ] GC(75) Using 1 of 1 workers for concurrent marking
[48.042s][info][gc            ] GC(75) Concurrent marking (process weakrefs) 189.160ms
[48.042s][info][gc,start      ] GC(75) Concurrent precleaning
[48.042s][info][gc,task       ] GC(75) Using 1 of 1 workers for concurrent preclean
[48.042s][info][gc,ergo       ] GC(75) Pacer for Precleaning. Non-Taxable: 1000M
[48.043s][info][gc            ] GC(75) Concurrent precleaning 0.574ms
[48.043s][info][gc,start      ] GC(75) Pause Final Mark (process weakrefs)
[48.043s][info][gc,task       ] GC(75) Using 1 of 1 workers for final marking
[48.044s][info][gc,ergo       ] GC(75) Collectable Garbage: 238M (98%), Immediate: 238M (98%), CSet: 0B (0%)
[48.044s][info][gc            ] GC(75) Pause Final Mark (process weakrefs) 0.485ms
[48.044s][info][gc,start      ] GC(75) Concurrent cleanup
[48.044s][info][gc            ] GC(75) Concurrent cleanup 491M->253M(493M) 0.108ms
[48.044s][info][gc,ergo       ] GC(75) Free: 696M, Max: 256K regular, 446M humongous, Frag: 36% external, 0% internal; Reserve: 51200K, Max: 256K
[48.044s][info][gc,ergo       ] Free: 696M, Max: 256K regular, 446M humongous, Frag: 36% external, 0% internal; Reserve: 51200K, Max: 256K
[48.044s][info][gc,stats      ] 
[48.044s][info][gc,stats      ] All times are wall-clock times, except per-root-class counters, that are sum over
[48.044s][info][gc,stats      ] all workers. Dividing the <total> over the root stage time estimates parallelism.
[48.044s][info][gc,stats      ] 
[48.044s][info][gc,stats      ] Concurrent Reset                    319 us
[48.044s][info][gc,stats      ] Pause Init Mark (G)                4032 us
[48.044s][info][gc,stats      ] Pause Init Mark (N)                1664 us
[48.044s][info][gc,stats      ]   Accumulate Stats                   25 us
[48.044s][info][gc,stats      ]   Make Parsable                      17 us
[48.044s][info][gc,stats      ]   Update Region States               52 us
[48.044s][info][gc,stats      ]   Scan Roots                       1521 us, parallelism: 0.80x
[48.044s][info][gc,stats      ]     S: <total>                     1223 us
[48.044s][info][gc,stats      ]     S: Thread Roots                 653 us, workers (us): 653, 
[48.044s][info][gc,stats      ]     S: Universe Roots                 3 us, workers (us):   3, 
[48.044s][info][gc,stats      ]     S: JNI Handles Roots              2 us, workers (us):   2, 
[48.044s][info][gc,stats      ]     S: Synchronizer Roots             0 us, workers (us):   0, 
[48.044s][info][gc,stats      ]     S: Management Roots               2 us, workers (us):   2, 
[48.044s][info][gc,stats      ]     S: System Dict Roots             21 us, workers (us):  21, 
[48.044s][info][gc,stats      ]     S: CLDG Roots                   543 us, workers (us): 543, 
[48.044s][info][gc,stats      ]     S: JVMTI Roots                    0 us, workers (us):   0, 
[48.044s][info][gc,stats      ]   Resize TLABs                       15 us
[48.044s][info][gc,stats      ] Concurrent Marking               189150 us
[48.044s][info][gc,stats      ] Concurrent Precleaning              558 us
[48.044s][info][gc,stats      ] Pause Final Mark (G)                747 us
[48.044s][info][gc,stats      ] Pause Final Mark (N)                467 us
[48.044s][info][gc,stats      ]   Finish Queues                      27 us
[48.044s][info][gc,stats      ]   Weak References                    22 us
[48.044s][info][gc,stats      ]     Process                          19 us
[48.044s][info][gc,stats      ]   System Purge                      287 us
[48.044s][info][gc,stats      ]     Weak Roots                      286 us
[48.044s][info][gc,stats      ]   Update Region States               65 us
[48.044s][info][gc,stats      ]   Retire TLABs                       24 us
[48.044s][info][gc,stats      ]   Choose Collection Set              23 us
[48.044s][info][gc,stats      ]   Rebuild Free Set                   14 us
[48.044s][info][gc,stats      ] Concurrent Cleanup                  101 us
[48.044s][info][gc,stats      ] 
[48.044s][info][gc,stats      ] Allocation pacing accrued:
[48.044s][info][gc,stats      ]       0 of   197 ms (  0.0%): <total>
[48.044s][info][gc,stats      ]       0 of   197 ms (  0.0%): <average total>
[48.044s][info][gc,stats      ] 
[48.044s][info][gc,metaspace  ] Metaspace: 60829K->60829K(1103872K)
[48.044s][info][gc,ergo       ] Pacer for Idle. Initial: 20480K, Alloc Tax Rate: 1.0x
[48.046s][info][gc            ] Trigger: Learning 4 of 5. Free (694M) is below initial threshold (700M)
[48.046s][info][gc,ergo       ] Free: 694M, Max: 256K regular, 446M humongous, Frag: 36% external, 0% internal; Reserve: 51200K, Max: 256K
[48.046s][info][gc,start      ] GC(76) Concurrent reset
[48.046s][info][gc,task       ] GC(76) Using 1 of 1 workers for concurrent reset
[48.046s][info][gc,ergo       ] GC(76) Pacer for Reset. Non-Taxable: 1000M
[48.051s][info][gc            ] GC(76) Concurrent reset 5.186ms
[48.055s][info][gc,start      ] GC(76) Pause Init Mark
[48.055s][info][gc,task       ] GC(76) Using 1 of 1 workers for init marking
[48.057s][info][gc,ergo       ] GC(76) Pacer for Mark. Expected Live: 167M, Free: 688M, Non-Taxable: 70528K, Alloc Tax Rate: 0.3x
[48.057s][info][gc            ] GC(76) Pause Init Mark 1.738ms
[48.057s][info][gc,start      ] GC(76) Concurrent marking
[48.057s][info][gc,task       ] GC(76) Using 1 of 1 workers for concurrent marking
[48.284s][info][gc            ] GC(76) Concurrent marking 227.247ms
[48.285s][info][gc,start      ] GC(76) Pause Final Mark
[48.285s][info][gc,task       ] GC(76) Using 1 of 1 workers for final marking
[48.285s][info][gc,ergo       ] GC(76) Collectable Garbage: 91648K (96%), Immediate: 91648K (96%), CSet: 0B (0%)
[48.285s][info][gc            ] GC(76) Pause Final Mark 0.645ms
[48.285s][info][gc,start      ] GC(76) Concurrent cleanup
[48.286s][info][gc            ] GC(76) Concurrent cleanup 365M->276M(493M) 0.086ms
[48.286s][info][gc,ergo       ] GC(76) Free: 673M, Max: 256K regular, 478M humongous, Frag: 29% external, 0% internal; Reserve: 51200K, Max: 256K
[48.286s][info][gc,ergo       ] Free: 673M, Max: 256K regular, 478M humongous, Frag: 29% external, 0% internal; Reserve: 51200K, Max: 256K
[48.286s][info][gc,stats      ] 
[48.286s][info][gc,stats      ] All times are wall-clock times, except per-root-class counters, that are sum over
[48.286s][info][gc,stats      ] all workers. Dividing the <total> over the root stage time estimates parallelism.
[48.286s][info][gc,stats      ] 
[48.286s][info][gc,stats      ] Concurrent Reset                   5173 us
[48.286s][info][gc,stats      ] Pause Init Mark (G)                5729 us
[48.286s][info][gc,stats      ] Pause Init Mark (N)                1697 us
[48.286s][info][gc,stats      ]   Accumulate Stats                   25 us
[48.286s][info][gc,stats      ]   Make Parsable                      16 us
[48.286s][info][gc,stats      ]   Update Region States               63 us
[48.286s][info][gc,stats      ]   Scan Roots                       1529 us, parallelism: 0.82x
[48.286s][info][gc,stats      ]     S: <total>                     1253 us
[48.286s][info][gc,stats      ]     S: Thread Roots                 654 us, workers (us): 654, 
[48.286s][info][gc,stats      ]     S: Universe Roots                 2 us, workers (us):   2, 
[48.286s][info][gc,stats      ]     S: JNI Handles Roots              1 us, workers (us):   1, 
[48.286s][info][gc,stats      ]     S: Synchronizer Roots             0 us, workers (us):   0, 
[48.286s][info][gc,stats      ]     S: Management Roots               1 us, workers (us):   1, 
[48.286s][info][gc,stats      ]     S: System Dict Roots             21 us, workers (us):  21, 
[48.286s][info][gc,stats      ]     S: CLDG Roots                   572 us, workers (us): 572, 
[48.286s][info][gc,stats      ]     S: JVMTI Roots                    0 us, workers (us):   0, 
[48.286s][info][gc,stats      ]   Resize TLABs                       18 us
[48.286s][info][gc,stats      ] Concurrent Marking               227237 us
[48.286s][info][gc,stats      ] Pause Final Mark (G)               1021 us
[48.286s][info][gc,stats      ] Pause Final Mark (N)                602 us
[48.286s][info][gc,stats      ]   Finish Queues                      41 us
[48.286s][info][gc,stats      ]   System Purge                      376 us
[48.286s][info][gc,stats      ]     Weak Roots                      376 us
[48.286s][info][gc,stats      ]   Update Region States               94 us
[48.286s][info][gc,stats      ]   Retire TLABs                       29 us
[48.286s][info][gc,stats      ]   Choose Collection Set              31 us
[48.286s][info][gc,stats      ]   Rebuild Free Set                   14 us
[48.286s][info][gc,stats      ] Concurrent Cleanup                   78 us
[48.286s][info][gc,stats      ] Pacing                            23479 us
[48.286s][info][gc,stats      ] 
[48.286s][info][gc,stats      ] Allocation pacing accrued:
[48.286s][info][gc,stats      ]      23 of   242 ms (  9.7%): Executor task launch worker for task 0.0 in stage 25.0 (TID 25)
[48.286s][info][gc,stats      ]      23 of   242 ms (  9.7%): <total>
[48.286s][info][gc,stats      ]       0 of   242 ms (  0.0%): <average total>
[48.286s][info][gc,stats      ]      23 of   242 ms (  9.7%): <average non-zero>
[48.286s][info][gc,stats      ] 
[48.286s][info][gc,metaspace  ] Metaspace: 60829K->60831K(1103872K)
[48.286s][info][gc,ergo       ] Pacer for Idle. Initial: 20480K, Alloc Tax Rate: 1.0x
[48.287s][info][gc            ] Trigger: Learning 5 of 5. Free (673M) is below initial threshold (700M)
[48.287s][info][gc,ergo       ] Free: 673M, Max: 256K regular, 478M humongous, Frag: 29% external, 0% internal; Reserve: 51200K, Max: 256K
[48.287s][info][gc,start      ] GC(77) Concurrent reset
[48.287s][info][gc,task       ] GC(77) Using 1 of 1 workers for concurrent reset
[48.287s][info][gc,ergo       ] GC(77) Pacer for Reset. Non-Taxable: 1000M
[48.287s][info][gc            ] GC(77) Concurrent reset 0.275ms
[48.287s][info][gc,start      ] GC(77) Pause Init Mark
[48.288s][info][gc,task       ] GC(77) Using 1 of 1 workers for init marking
[48.289s][info][gc,ergo       ] GC(77) Pacer for Mark. Expected Live: 167M, Free: 673M, Non-Taxable: 68915K, Alloc Tax Rate: 0.3x
[48.289s][info][gc            ] GC(77) Pause Init Mark 1.670ms
[48.289s][info][gc,start      ] GC(77) Concurrent marking
[48.289s][info][gc,task       ] GC(77) Using 1 of 1 workers for concurrent marking
[48.482s][info][gc            ] GC(77) Concurrent marking 192.348ms
[48.482s][info][gc,start      ] GC(77) Pause Final Mark
[48.482s][info][gc,task       ] GC(77) Using 1 of 1 workers for final marking
[48.482s][info][gc,ergo       ] GC(77) Collectable Garbage: 104M (95%), Immediate: 104M (95%), CSet: 0B (0%)
[48.482s][info][gc            ] GC(77) Pause Final Mark 0.448ms
[48.482s][info][gc,start      ] GC(77) Concurrent cleanup
[48.482s][info][gc            ] GC(77) Concurrent cleanup 379M->275M(493M) 0.088ms
[48.482s][info][gc,ergo       ] GC(77) Free: 673M, Max: 256K regular, 518M humongous, Frag: 24% external, 0% internal; Reserve: 51200K, Max: 256K
[48.482s][info][gc,ergo       ] Free: 673M, Max: 256K regular, 518M humongous, Frag: 24% external, 0% internal; Reserve: 51200K, Max: 256K
[48.482s][info][gc,stats      ] 
[48.482s][info][gc,stats      ] All times are wall-clock times, except per-root-class counters, that are sum over
[48.482s][info][gc,stats      ] all workers. Dividing the <total> over the root stage time estimates parallelism.
[48.482s][info][gc,stats      ] 
[48.482s][info][gc,stats      ] Concurrent Reset                    269 us
[48.482s][info][gc,stats      ] Pause Init Mark (G)                2066 us
[48.482s][info][gc,stats      ] Pause Init Mark (N)                1642 us
[48.482s][info][gc,stats      ]   Accumulate Stats                   26 us
[48.482s][info][gc,stats      ]   Make Parsable                      15 us
[48.482s][info][gc,stats      ]   Update Region States               51 us
[48.482s][info][gc,stats      ]   Scan Roots                       1499 us, parallelism: 0.81x
[48.482s][info][gc,stats      ]     S: <total>                     1217 us
[48.482s][info][gc,stats      ]     S: Thread Roots                 656 us, workers (us): 656, 
[48.482s][info][gc,stats      ]     S: Universe Roots                 3 us, workers (us):   3, 
[48.482s][info][gc,stats      ]     S: JNI Handles Roots              2 us, workers (us):   2, 
[48.482s][info][gc,stats      ]     S: Synchronizer Roots             0 us, workers (us):   0, 
[48.482s][info][gc,stats      ]     S: Management Roots               1 us, workers (us):   1, 
[48.482s][info][gc,stats      ]     S: System Dict Roots             11 us, workers (us):  11, 
[48.482s][info][gc,stats      ]     S: CLDG Roots                   544 us, workers (us): 544, 
[48.482s][info][gc,stats      ]     S: JVMTI Roots                    0 us, workers (us):   0, 
[48.482s][info][gc,stats      ]   Resize TLABs                       18 us
[48.482s][info][gc,stats      ] Concurrent Marking               192287 us
[48.482s][info][gc,stats      ] Pause Final Mark (G)                686 us
[48.482s][info][gc,stats      ] Pause Final Mark (N)                430 us
[48.483s][info][gc,stats      ]   Finish Queues                      23 us
[48.483s][info][gc,stats      ]   System Purge                      283 us
[48.483s][info][gc,stats      ]     Weak Roots                      283 us
[48.483s][info][gc,stats      ]   Update Region States               60 us
[48.483s][info][gc,stats      ]   Retire TLABs                       21 us
[48.483s][info][gc,stats      ]   Choose Collection Set              20 us
[48.483s][info][gc,stats      ]   Rebuild Free Set                   14 us
[48.483s][info][gc,stats      ] Concurrent Cleanup                   80 us
[48.483s][info][gc,stats      ] Pacing                            23397 us
[48.483s][info][gc,stats      ] 
[48.483s][info][gc,stats      ] Allocation pacing accrued:
[48.483s][info][gc,stats      ]      23 of   197 ms ( 11.9%): Executor task launch worker for task 0.0 in stage 25.0 (TID 25)
[48.483s][info][gc,stats      ]      23 of   197 ms ( 11.9%): <total>
[48.483s][info][gc,stats      ]       0 of   197 ms (  0.1%): <average total>
[48.483s][info][gc,stats      ]      23 of   197 ms ( 11.9%): <average non-zero>
[48.483s][info][gc,stats      ] 
[48.483s][info][gc,metaspace  ] Metaspace: 60831K->60831K(1103872K)
[48.483s][info][gc,ergo       ] Pacer for Idle. Initial: 20480K, Alloc Tax Rate: 1.0x
[48.898s][info][gc            ] Trigger: Average GC time (266.34 ms) is above the time for allocation rate (830 MB/s) to deplete free headroom (220M)
[48.898s][info][gc,ergo       ] Free headroom: 270M (free) - 51200K (spike) - 0B (penalties) = 220M
[48.898s][info][gc,ergo       ] Free: 270M, Max: 256K regular, 259M humongous, Frag: 5% external, 0% internal; Reserve: 51200K, Max: 256K
[48.898s][info][gc,start      ] GC(78) Concurrent reset
[48.898s][info][gc,task       ] GC(78) Using 1 of 1 workers for concurrent reset
[48.898s][info][gc,ergo       ] GC(78) Pacer for Reset. Non-Taxable: 1000M
[48.899s][info][gc            ] GC(78) Concurrent reset 0.369ms
[48.901s][info][gc,start      ] GC(78) Pause Init Mark
[48.901s][info][gc,task       ] GC(78) Using 1 of 1 workers for init marking
[48.903s][info][gc,ergo       ] GC(78) Pacer for Mark. Expected Live: 167M, Free: 270M, Non-Taxable: 27648K, Alloc Tax Rate: 0.8x
[48.903s][info][gc            ] GC(78) Pause Init Mark 1.889ms
[48.903s][info][gc,start      ] GC(78) Concurrent marking
[48.903s][info][gc,task       ] GC(78) Using 1 of 1 workers for concurrent marking
[49.071s][info][gc            ] GC(78) Concurrent marking 168.407ms
[49.072s][info][gc,start      ] GC(78) Pause Final Mark
[49.072s][info][gc,task       ] GC(78) Using 1 of 1 workers for final marking
[49.072s][info][gc,ergo       ] GC(78) Collectable Garbage: 507M (99%), Immediate: 507M (99%), CSet: 0B (0%)
[49.072s][info][gc            ] GC(78) Pause Final Mark 0.454ms
[49.072s][info][gc,start      ] GC(78) Concurrent cleanup
[49.072s][info][gc            ] GC(78) Concurrent cleanup 721M->214M(723M) 0.152ms
[49.072s][info][gc,ergo       ] GC(78) Free: 735M, Max: 256K regular, 217M humongous, Frag: 71% external, 0% internal; Reserve: 51200K, Max: 256K
[49.072s][info][gc,ergo       ] Free: 735M, Max: 256K regular, 217M humongous, Frag: 71% external, 0% internal; Reserve: 51200K, Max: 256K
[49.072s][info][gc,stats      ] 
[49.072s][info][gc,stats      ] All times are wall-clock times, except per-root-class counters, that are sum over
[49.072s][info][gc,stats      ] all workers. Dividing the <total> over the root stage time estimates parallelism.
[49.072s][info][gc,stats      ] 
[49.072s][info][gc,stats      ] Concurrent Reset                    360 us
[49.072s][info][gc,stats      ] Pause Init Mark (G)                4279 us
[49.072s][info][gc,stats      ] Pause Init Mark (N)                1859 us
[49.072s][info][gc,stats      ]   Accumulate Stats                   30 us
[49.072s][info][gc,stats      ]   Make Parsable                      18 us
[49.072s][info][gc,stats      ]   Update Region States               60 us
[49.072s][info][gc,stats      ]   Scan Roots                       1667 us, parallelism: 0.81x
[49.072s][info][gc,stats      ]     S: <total>                     1347 us
[49.072s][info][gc,stats      ]     S: Thread Roots                 698 us, workers (us): 698, 
[49.072s][info][gc,stats      ]     S: Universe Roots                 2 us, workers (us):   2, 
[49.072s][info][gc,stats      ]     S: JNI Handles Roots              1 us, workers (us):   1, 
[49.072s][info][gc,stats      ]     S: Synchronizer Roots             0 us, workers (us):   0, 
[49.072s][info][gc,stats      ]     S: Management Roots               2 us, workers (us):   2, 
[49.072s][info][gc,stats      ]     S: System Dict Roots             12 us, workers (us):  12, 
[49.072s][info][gc,stats      ]     S: CLDG Roots                   631 us, workers (us): 631, 
[49.072s][info][gc,stats      ]     S: JVMTI Roots                    1 us, workers (us):   1, 
[49.072s][info][gc,stats      ]   Resize TLABs                       23 us
[49.072s][info][gc,stats      ] Concurrent Marking               168398 us
[49.072s][info][gc,stats      ] Pause Final Mark (G)                633 us
[49.072s][info][gc,stats      ] Pause Final Mark (N)                444 us
[49.072s][info][gc,stats      ]   Finish Queues                      16 us
[49.072s][info][gc,stats      ]   System Purge                      255 us
[49.072s][info][gc,stats      ]     Weak Roots                      255 us
[49.072s][info][gc,stats      ]   Update Region States               59 us
[49.072s][info][gc,stats      ]   Retire TLABs                       60 us
[49.072s][info][gc,stats      ]   Choose Collection Set              33 us
[49.072s][info][gc,stats      ]   Rebuild Free Set                   13 us
[49.072s][info][gc,stats      ] Concurrent Cleanup                  142 us
[49.072s][info][gc,stats      ] Pacing                            59735 us
[49.072s][info][gc,stats      ] 
[49.072s][info][gc,stats      ] Allocation pacing accrued:
[49.072s][info][gc,stats      ]      60 of   590 ms ( 10.1%): Executor task launch worker for task 0.0 in stage 25.0 (TID 25)
[49.072s][info][gc,stats      ]      60 of   590 ms ( 10.1%): <total>
[49.072s][info][gc,stats      ]       0 of   590 ms (  0.0%): <average total>
[49.072s][info][gc,stats      ]      60 of   590 ms ( 10.1%): <average non-zero>
[49.072s][info][gc,stats      ] 
[49.072s][info][gc,metaspace  ] Metaspace: 60831K->60831K(1103872K)
[49.072s][info][gc,ergo       ] Pacer for Idle. Initial: 20480K, Alloc Tax Rate: 1.0x
[49.419s][info][gc            ] Trigger: Average GC time (267.21 ms) is above the time for allocation rate (925 MB/s) to deplete free headroom (245M)
[49.419s][info][gc,ergo       ] Free headroom: 295M (free) - 51200K (spike) - 0B (penalties) = 245M
[49.419s][info][gc,ergo       ] Free: 295M, Max: 256K regular, 217M humongous, Frag: 27% external, 0% internal; Reserve: 51200K, Max: 256K
[49.419s][info][gc,start      ] GC(79) Concurrent reset
[49.419s][info][gc,task       ] GC(79) Using 1 of 1 workers for concurrent reset
[49.419s][info][gc,ergo       ] GC(79) Pacer for Reset. Non-Taxable: 1000M
[49.419s][info][gc            ] GC(79) Concurrent reset 0.304ms
[49.422s][info][gc,start      ] GC(79) Pause Init Mark
[49.422s][info][gc,task       ] GC(79) Using 1 of 1 workers for init marking
[49.423s][info][gc,ergo       ] GC(79) Pacer for Mark. Expected Live: 167M, Free: 295M, Non-Taxable: 30259K, Alloc Tax Rate: 0.7x
[49.423s][info][gc            ] GC(79) Pause Init Mark 1.840ms
[49.424s][info][gc,start      ] GC(79) Concurrent marking
[49.424s][info][gc,task       ] GC(79) Using 1 of 1 workers for concurrent marking
[49.564s][info][gc            ] GC(79) Concurrent marking 140.668ms
[49.565s][info][gc,start      ] GC(79) Pause Final Mark
[49.565s][info][gc,task       ] GC(79) Using 1 of 1 workers for final marking
[49.565s][info][gc,ergo       ] GC(79) Collectable Garbage: 481M (99%), Immediate: 481M (99%), CSet: 0B (0%)
[49.565s][info][gc            ] GC(79) Pause Final Mark 0.444ms
[49.565s][info][gc,start      ] GC(79) Concurrent cleanup
[49.565s][info][gc            ] GC(79) Concurrent cleanup 699M->218M(723M) 0.145ms
[49.565s][info][gc,ergo       ] GC(79) Free: 731M, Max: 256K regular, 280M humongous, Frag: 62% external, 0% internal; Reserve: 51200K, Max: 256K
[49.565s][info][gc,ergo       ] Free: 731M, Max: 256K regular, 280M humongous, Frag: 62% external, 0% internal; Reserve: 51200K, Max: 256K
[49.565s][info][gc,stats      ] 
[49.565s][info][gc,stats      ] All times are wall-clock times, except per-root-class counters, that are sum over
[49.565s][info][gc,stats      ] all workers. Dividing the <total> over the root stage time estimates parallelism.
[49.565s][info][gc,stats      ] 
[49.565s][info][gc,stats      ] Concurrent Reset                    296 us
[49.565s][info][gc,stats      ] Pause Init Mark (G)                4198 us
[49.565s][info][gc,stats      ] Pause Init Mark (N)                1810 us
[49.565s][info][gc,stats      ]   Accumulate Stats                   25 us
[49.565s][info][gc,stats      ]   Make Parsable                      75 us
[49.565s][info][gc,stats      ]   Update Region States               63 us
[49.565s][info][gc,stats      ]   Scan Roots                       1579 us, parallelism: 0.82x
[49.565s][info][gc,stats      ]     S: <total>                     1295 us
[49.565s][info][gc,stats      ]     S: Thread Roots                 742 us, workers (us): 742, 
[49.565s][info][gc,stats      ]     S: Universe Roots                 3 us, workers (us):   3, 
[49.565s][info][gc,stats      ]     S: JNI Handles Roots              1 us, workers (us):   1, 
[49.565s][info][gc,stats      ]     S: Synchronizer Roots             0 us, workers (us):   0, 
[49.565s][info][gc,stats      ]     S: Management Roots               2 us, workers (us):   2, 
[49.565s][info][gc,stats      ]     S: System Dict Roots             10 us, workers (us):  10, 
[49.565s][info][gc,stats      ]     S: CLDG Roots                   536 us, workers (us): 536, 
[49.565s][info][gc,stats      ]     S: JVMTI Roots                    1 us, workers (us):   1, 
[49.565s][info][gc,stats      ]   Resize TLABs                       20 us
[49.565s][info][gc,stats      ] Concurrent Marking               140659 us
[49.565s][info][gc,stats      ] Pause Final Mark (G)                692 us
[49.565s][info][gc,stats      ] Pause Final Mark (N)                416 us
[49.565s][info][gc,stats      ]   Finish Queues                      25 us
[49.565s][info][gc,stats      ]   System Purge                      263 us
[49.565s][info][gc,stats      ]     Weak Roots                      263 us
[49.565s][info][gc,stats      ]   Update Region States               60 us
[49.565s][info][gc,stats      ]   Retire TLABs                       20 us
[49.565s][info][gc,stats      ]   Choose Collection Set              25 us
[49.565s][info][gc,stats      ]   Rebuild Free Set                   14 us
[49.565s][info][gc,stats      ] Concurrent Cleanup                  138 us
[49.565s][info][gc,stats      ] Pacing                            53385 us
[49.565s][info][gc,stats      ] 
[49.565s][info][gc,stats      ] Allocation pacing accrued:
[49.565s][info][gc,stats      ]      53 of   493 ms ( 10.8%): Executor task launch worker for task 0.0 in stage 25.0 (TID 25)
[49.565s][info][gc,stats      ]      53 of   493 ms ( 10.8%): <total>
[49.565s][info][gc,stats      ]       0 of   493 ms (  0.0%): <average total>
[49.565s][info][gc,stats      ]      53 of   493 ms ( 10.8%): <average non-zero>
[49.565s][info][gc,stats      ] 
[49.565s][info][gc,metaspace  ] Metaspace: 60831K->60831K(1103872K)
[49.565s][info][gc,ergo       ] Pacer for Idle. Initial: 20480K, Alloc Tax Rate: 1.0x
[49.964s][info][gc            ] Trigger: Average GC time (190.07 ms) is above the time for allocation rate (991 MB/s) to deplete free headroom (187M)
[49.964s][info][gc,ergo       ] Free headroom: 237M (free) - 51200K (spike) - 0B (penalties) = 187M
[49.964s][info][gc,ergo       ] Free: 237M, Max: 256K regular, 226M humongous, Frag: 5% external, 0% internal; Reserve: 51200K, Max: 256K
[49.964s][info][gc,start      ] GC(80) Concurrent reset
[49.964s][info][gc,task       ] GC(80) Using 1 of 1 workers for concurrent reset
[49.964s][info][gc,ergo       ] GC(80) Pacer for Reset. Non-Taxable: 1000M
[49.965s][info][gc            ] GC(80) Concurrent reset 0.309ms
[49.967s][info][gc,start      ] GC(80) Pause Init Mark (process weakrefs)
[49.967s][info][gc,task       ] GC(80) Using 1 of 1 workers for init marking
[49.969s][info][gc,ergo       ] GC(80) Pacer for Mark. Expected Live: 167M, Free: 237M, Non-Taxable: 24268K, Alloc Tax Rate: 0.9x
[49.969s][info][gc            ] GC(80) Pause Init Mark (process weakrefs) 1.753ms
[49.969s][info][gc,start      ] GC(80) Concurrent marking (process weakrefs)
[49.969s][info][gc,task       ] GC(80) Using 1 of 1 workers for concurrent marking
[50.120s][info][gc            ] GC(80) Concurrent marking (process weakrefs) 151.489ms
[50.120s][info][gc,start      ] GC(80) Concurrent precleaning
[50.120s][info][gc,task       ] GC(80) Using 1 of 1 workers for concurrent preclean
[50.120s][info][gc,ergo       ] GC(80) Pacer for Precleaning. Non-Taxable: 1000M
[50.126s][info][gc            ] GC(80) Concurrent precleaning 6.143ms
[50.131s][info][gc,start      ] GC(80) Pause Final Mark (process weakrefs)
[50.131s][info][gc,task       ] GC(80) Using 1 of 1 workers for final marking
[50.132s][info][gc,ergo       ] GC(80) Collectable Garbage: 539M (99%), Immediate: 539M (99%), CSet: 0B (0%)
[50.132s][info][gc            ] GC(80) Pause Final Mark (process weakrefs) 1.230ms
[50.132s][info][gc,start      ] GC(80) Concurrent cleanup
[50.133s][info][gc            ] GC(80) Concurrent cleanup 751M->211M(753M) 0.469ms
[50.133s][info][gc,ergo       ] GC(80) Free: 737M, Max: 256K regular, 193M humongous, Frag: 74% external, 0% internal; Reserve: 51200K, Max: 256K
[50.133s][info][gc,ergo       ] Free: 737M, Max: 256K regular, 193M humongous, Frag: 74% external, 0% internal; Reserve: 51200K, Max: 256K
[50.133s][info][gc,stats      ] 
[50.133s][info][gc,stats      ] All times are wall-clock times, except per-root-class counters, that are sum over
[50.133s][info][gc,stats      ] all workers. Dividing the <total> over the root stage time estimates parallelism.
[50.133s][info][gc,stats      ] 
[50.133s][info][gc,stats      ] Concurrent Reset                    300 us
[50.133s][info][gc,stats      ] Pause Init Mark (G)                4121 us
[50.133s][info][gc,stats      ] Pause Init Mark (N)                1723 us
[50.133s][info][gc,stats      ]   Accumulate Stats                   43 us
[50.133s][info][gc,stats      ]   Make Parsable                      22 us
[50.133s][info][gc,stats      ]   Update Region States               58 us
[50.133s][info][gc,stats      ]   Scan Roots                       1539 us, parallelism: 0.82x
[50.133s][info][gc,stats      ]     S: <total>                     1262 us
[50.133s][info][gc,stats      ]     S: Thread Roots                 691 us, workers (us): 691, 
[50.133s][info][gc,stats      ]     S: Universe Roots                 2 us, workers (us):   2, 
[50.133s][info][gc,stats      ]     S: JNI Handles Roots              1 us, workers (us):   1, 
[50.133s][info][gc,stats      ]     S: Synchronizer Roots             0 us, workers (us):   0, 
[50.133s][info][gc,stats      ]     S: Management Roots               2 us, workers (us):   2, 
[50.133s][info][gc,stats      ]     S: System Dict Roots             10 us, workers (us):  10, 
[50.133s][info][gc,stats      ]     S: CLDG Roots                   554 us, workers (us): 554, 
[50.133s][info][gc,stats      ]     S: JVMTI Roots                    0 us, workers (us):   0, 
[50.133s][info][gc,stats      ]   Resize TLABs                       16 us
[50.133s][info][gc,stats      ] Concurrent Marking               151478 us
[50.133s][info][gc,stats      ] Concurrent Precleaning             6113 us
[50.133s][info][gc,stats      ] Pause Final Mark (G)               5889 us
[50.133s][info][gc,stats      ] Pause Final Mark (N)               1145 us
[50.133s][info][gc,stats      ]   Finish Queues                      97 us
[50.133s][info][gc,stats      ]   Weak References                    52 us
[50.133s][info][gc,stats      ]     Process                          48 us
[50.133s][info][gc,stats      ]   System Purge                      587 us
[50.133s][info][gc,stats      ]     Weak Roots                      586 us
[50.133s][info][gc,stats      ]   Update Region States              129 us
[50.133s][info][gc,stats      ]   Retire TLABs                      100 us
[50.133s][info][gc,stats      ]   Choose Collection Set              86 us
[50.133s][info][gc,stats      ]   Rebuild Free Set                   42 us
[50.133s][info][gc,stats      ] Concurrent Cleanup                  449 us
[50.133s][info][gc,stats      ] Pacing                            83588 us
[50.133s][info][gc,stats      ] 
[50.133s][info][gc,stats      ] Allocation pacing accrued:
[50.133s][info][gc,stats      ]      84 of   568 ms ( 14.7%): Executor task launch worker for task 0.0 in stage 25.0 (TID 25)
[50.133s][info][gc,stats      ]      84 of   568 ms ( 14.7%): <total>
[50.133s][info][gc,stats      ]       0 of   568 ms (  0.1%): <average total>
[50.134s][info][gc,stats      ]      84 of   568 ms ( 14.7%): <average non-zero>
[50.134s][info][gc,stats      ] 
[50.134s][info][gc,metaspace  ] Metaspace: 60837K->60837K(1103872K)
[50.134s][info][gc,ergo       ] Pacer for Idle. Initial: 20480K, Alloc Tax Rate: 1.0x
[50.350s][info][gc            ] Trigger: Explicit GC request (System.gc())
[50.350s][info][gc,ergo       ] Free: 541M, Max: 256K regular, 193M humongous, Frag: 65% external, 0% internal; Reserve: 51200K, Max: 256K
[50.350s][info][gc,start      ] GC(81) Concurrent reset
[50.350s][info][gc,task       ] GC(81) Using 1 of 1 workers for concurrent reset
[50.350s][info][gc,ergo       ] GC(81) Pacer for Reset. Non-Taxable: 1000M
[50.351s][info][gc            ] GC(81) Concurrent reset 0.332ms
[50.351s][info][gc,start      ] GC(81) Pause Init Mark (process weakrefs) (unload classes)
[50.351s][info][gc,task       ] GC(81) Using 1 of 1 workers for init marking
[50.352s][info][gc,ergo       ] GC(81) Pacer for Mark. Expected Live: 167M, Free: 541M, Non-Taxable: 55494K, Alloc Tax Rate: 0.4x
[50.352s][info][gc            ] GC(81) Pause Init Mark (process weakrefs) (unload classes) 1.205ms
[50.352s][info][gc,start      ] GC(81) Concurrent marking (process weakrefs) (unload classes)
[50.352s][info][gc,task       ] GC(81) Using 1 of 1 workers for concurrent marking
[50.457s][info][gc            ] GC(81) Concurrent marking (process weakrefs) (unload classes) 104.219ms
[50.457s][info][gc,start      ] GC(81) Concurrent precleaning
[50.457s][info][gc,task       ] GC(81) Using 1 of 1 workers for concurrent preclean
[50.457s][info][gc,ergo       ] GC(81) Pacer for Precleaning. Non-Taxable: 1000M
[50.457s][info][gc            ] GC(81) Concurrent precleaning 0.282ms
[50.457s][info][gc,start      ] GC(81) Pause Final Mark (process weakrefs) (unload classes)
[50.457s][info][gc,task       ] GC(81) Using 1 of 1 workers for final marking
[50.482s][info][gc,stringtable] GC(81) Cleaned string and symbol table, strings: 18538 processed, 0 removed, symbols: 131968 processed, 200 removed
[50.483s][info][gc,ergo       ] GC(81) Collectable Garbage: 233M (96%), Immediate: 233M (96%), CSet: 0B (0%)
[50.483s][info][gc            ] GC(81) Pause Final Mark (process weakrefs) (unload classes) 25.841ms
[50.483s][info][gc,start      ] GC(81) Concurrent cleanup
[50.483s][info][gc            ] GC(81) Concurrent cleanup 406M->173M(753M) 0.110ms
[50.483s][info][gc,ergo       ] GC(81) Free: 775M, Max: 256K regular, 497M humongous, Frag: 36% external, 0% internal; Reserve: 51200K, Max: 256K
[50.483s][info][gc,ergo       ] Free: 775M, Max: 256K regular, 497M humongous, Frag: 36% external, 0% internal; Reserve: 51200K, Max: 256K
[50.483s][info][gc,stats      ] 
[50.483s][info][gc,stats      ] All times are wall-clock times, except per-root-class counters, that are sum over
[50.483s][info][gc,stats      ] all workers. Dividing the <total> over the root stage time estimates parallelism.
[50.483s][info][gc,stats      ] 
[50.483s][info][gc,stats      ] Concurrent Reset                    316 us
[50.483s][info][gc,stats      ] Pause Init Mark (G)                1684 us
[50.483s][info][gc,stats      ] Pause Init Mark (N)                1172 us
[50.483s][info][gc,stats      ]   Accumulate Stats                   30 us
[50.483s][info][gc,stats      ]   Make Parsable                      17 us
[50.483s][info][gc,stats      ]   Update Region States               54 us
[50.483s][info][gc,stats      ]   Scan Roots                       1027 us, parallelism: 0.73x
[50.483s][info][gc,stats      ]     S: <total>                      747 us
[50.483s][info][gc,stats      ]     S: Thread Roots                 633 us, workers (us): 633, 
[50.483s][info][gc,stats      ]     S: Universe Roots                 2 us, workers (us):   2, 
[50.483s][info][gc,stats      ]     S: JNI Handles Roots              2 us, workers (us):   2, 
[50.483s][info][gc,stats      ]     S: Synchronizer Roots             0 us, workers (us):   0, 
[50.483s][info][gc,stats      ]     S: Management Roots               2 us, workers (us):   2, 
[50.483s][info][gc,stats      ]     S: System Dict Roots             12 us, workers (us):  12, 
[50.483s][info][gc,stats      ]     S: CLDG Roots                    96 us, workers (us):  96, 
[50.483s][info][gc,stats      ]     S: JVMTI Roots                    1 us, workers (us):   1, 
[50.483s][info][gc,stats      ]   Resize TLABs                       14 us
[50.483s][info][gc,stats      ] Concurrent Marking               104210 us
[50.483s][info][gc,stats      ] Concurrent Precleaning              273 us
[50.483s][info][gc,stats      ] Pause Final Mark (G)              26081 us
[50.483s][info][gc,stats      ] Pause Final Mark (N)              25831 us
[50.483s][info][gc,stats      ]   Finish Queues                     147 us
[50.483s][info][gc,stats      ]   Weak References                    50 us
[50.483s][info][gc,stats      ]     Process                          48 us
[50.483s][info][gc,stats      ]   System Purge                      319 us
[50.483s][info][gc,stats      ]     Unload Classes                 1102 us
[50.483s][info][gc,stats      ]     Cleanup                       23772 us, parallelism: 1.00x
[50.483s][info][gc,stats      ]       CU: <total>                 23703 us
[50.483s][info][gc,stats      ]       CU: Code Cache Roots         8996 us, workers (us): 8996, 
[50.483s][info][gc,stats      ]       CU: Code Cache Cleaning      1601 us, workers (us): 1601, 
[50.483s][info][gc,stats      ]       CU: String Table Roots       6537 us, workers (us): 6537, 
[50.483s][info][gc,stats      ]       CU: Resolved Table Roots      137 us, workers (us): 137, 
[50.483s][info][gc,stats      ]       CU: CLDG Roots               6433 us, workers (us): 6433, 
[50.483s][info][gc,stats      ]     Weak Roots                      319 us
[50.483s][info][gc,stats      ]     CLDG                            236 us
[50.483s][info][gc,stats      ]   Update Region States               65 us
[50.483s][info][gc,stats      ]   Retire TLABs                       73 us
[50.483s][info][gc,stats      ]   Choose Collection Set              43 us
[50.483s][info][gc,stats      ]   Rebuild Free Set                   15 us
[50.483s][info][gc,stats      ] Concurrent Cleanup                  100 us
[50.483s][info][gc,stats      ] 
[50.483s][info][gc,stats      ] Allocation pacing accrued:
[50.483s][info][gc,stats      ]       0 of   350 ms (  0.0%): <total>
[50.483s][info][gc,stats      ]       0 of   350 ms (  0.0%): <average total>
[50.483s][info][gc,stats      ] 
[50.483s][info][gc,metaspace  ] Metaspace: 60872K->60494K(1103872K)
[50.483s][info][gc,ergo       ] Pacer for Idle. Initial: 20480K, Alloc Tax Rate: 1.0x
[50.483s][info][gc,start      ] Concurrent uncommit
[50.524s][info][gc            ] Concurrent uncommit 173M->174M(175M) 40.388ms
[50.826s][info][gc            ] Trigger: Learning 2 of 5. Free (698M) is below initial threshold (700M)
[50.826s][info][gc,ergo       ] Free: 698M, Max: 256K regular, 497M humongous, Frag: 29% external, 0% internal; Reserve: 51200K, Max: 256K
[50.826s][info][gc,start      ] GC(82) Concurrent reset
[50.826s][info][gc,task       ] GC(82) Using 1 of 1 workers for concurrent reset
[50.826s][info][gc,ergo       ] GC(82) Pacer for Reset. Non-Taxable: 1000M
[50.827s][info][gc            ] GC(82) Concurrent reset 0.364ms
[50.829s][info][gc,start      ] GC(82) Pause Init Mark
[50.829s][info][gc,task       ] GC(82) Using 1 of 1 workers for init marking
[50.831s][info][gc,ergo       ] GC(82) Pacer for Mark. Expected Live: 167M, Free: 698M, Non-Taxable: 71547K, Alloc Tax Rate: 0.3x
[50.831s][info][gc            ] GC(82) Pause Init Mark 2.085ms
[50.831s][info][gc,start      ] GC(82) Concurrent marking
[50.831s][info][gc,task       ] GC(82) Using 1 of 1 workers for concurrent marking
[51.030s][info][gc            ] GC(82) Concurrent marking 199.358ms
[51.031s][info][gc,start      ] GC(82) Pause Final Mark
[51.031s][info][gc,task       ] GC(82) Using 1 of 1 workers for final marking
[51.031s][info][gc,ergo       ] GC(82) Adaptive CSet Selection. Target Free: 141M, Actual Free: 719M, Max CSet: 42666K, Min Garbage: 0B
[51.031s][info][gc,ergo       ] GC(82) Collectable Garbage: 79202K (97%), Immediate: 60492K (74%), CSet: 18709K (23%)
[51.035s][info][gc,ergo       ] GC(82) Pacer for Evacuation. Used CSet: 20525K, Free: 672M, Non-Taxable: 68883K, Alloc Tax Rate: 1.1x
[51.035s][info][gc            ] GC(82) Pause Final Mark 4.078ms
[51.038s][info][gc,start      ] GC(82) Concurrent cleanup
[51.038s][info][gc            ] GC(82) Concurrent cleanup 336M->279M(340M) 0.104ms
[51.038s][info][gc,ergo       ] GC(82) Free: 669M, Max: 256K regular, 497M humongous, Frag: 26% external, 0% internal; Reserve: 50673K, Max: 256K
[51.038s][info][gc,start      ] GC(82) Concurrent evacuation
[51.038s][info][gc,task       ] GC(82) Using 1 of 1 workers for concurrent evacuation
[51.039s][info][gc            ] GC(82) Concurrent evacuation 1.458ms
[51.042s][info][gc,start      ] GC(82) Pause Init Update Refs
[51.042s][info][gc,ergo       ] GC(82) Pacer for Update Refs. Used: 281M, Free: 669M, Non-Taxable: 68550K, Alloc Tax Rate: 1.1x
[51.042s][info][gc            ] GC(82) Pause Init Update Refs 0.042ms
[51.042s][info][gc,start      ] GC(82) Concurrent update references
[51.042s][info][gc,task       ] GC(82) Using 1 of 1 workers for concurrent reference update
[51.340s][info][gc            ] GC(82) Concurrent update references 298.549ms
[51.344s][info][gc,start      ] GC(82) Pause Final Update Refs
[51.344s][info][gc,task       ] GC(82) Using 1 of 1 workers for final reference update
[51.345s][info][gc            ] GC(82) Pause Final Update Refs 0.727ms
[51.345s][info][gc,start      ] GC(82) Concurrent cleanup
[51.345s][info][gc            ] GC(82) Concurrent cleanup 411M->391M(413M) 0.076ms
[51.345s][info][gc,ergo       ] Free: 557M, Max: 256K regular, 528M humongous, Frag: 6% external, 0% internal; Reserve: 51200K, Max: 256K
[51.345s][info][gc,stats      ] 
[51.345s][info][gc,stats      ] All times are wall-clock times, except per-root-class counters, that are sum over
[51.345s][info][gc,stats      ] all workers. Dividing the <total> over the root stage time estimates parallelism.
[51.345s][info][gc,stats      ] 
[51.345s][info][gc,stats      ] Concurrent Reset                    351 us
[51.345s][info][gc,stats      ] Pause Init Mark (G)                4554 us
[51.345s][info][gc,stats      ] Pause Init Mark (N)                2045 us
[51.345s][info][gc,stats      ]   Accumulate Stats                   32 us
[51.345s][info][gc,stats      ]   Make Parsable                      25 us
[51.345s][info][gc,stats      ]   Update Region States               71 us
[51.345s][info][gc,stats      ]   Scan Roots                       1836 us, parallelism: 0.84x
[51.345s][info][gc,stats      ]     S: <total>                     1542 us
[51.345s][info][gc,stats      ]     S: Thread Roots                 811 us, workers (us): 811, 
[51.345s][info][gc,stats      ]     S: Universe Roots                 2 us, workers (us):   2, 
[51.345s][info][gc,stats      ]     S: JNI Handles Roots              2 us, workers (us):   2, 
[51.345s][info][gc,stats      ]     S: Synchronizer Roots             0 us, workers (us):   0, 
[51.345s][info][gc,stats      ]     S: Management Roots               2 us, workers (us):   2, 
[51.345s][info][gc,stats      ]     S: System Dict Roots             11 us, workers (us):  11, 
[51.345s][info][gc,stats      ]     S: CLDG Roots                   713 us, workers (us): 713, 
[51.345s][info][gc,stats      ]     S: JVMTI Roots                    1 us, workers (us):   1, 
[51.345s][info][gc,stats      ]   Resize TLABs                       28 us
[51.345s][info][gc,stats      ] Concurrent Marking               199348 us
[51.345s][info][gc,stats      ] Pause Final Mark (G)               7333 us
[51.345s][info][gc,stats      ] Pause Final Mark (N)               4059 us
[51.345s][info][gc,stats      ]   Finish Queues                      26 us
[51.345s][info][gc,stats      ]   System Purge                      316 us
[51.345s][info][gc,stats      ]     Weak Roots                      316 us
[51.345s][info][gc,stats      ]   Update Region States               64 us
[51.345s][info][gc,stats      ]   Retire TLABs                       32 us
[51.345s][info][gc,stats      ]   Choose Collection Set             120 us
[51.345s][info][gc,stats      ]   Rebuild Free Set                   14 us
[51.345s][info][gc,stats      ]   Initial Evacuation               3478 us, parallelism: 0.68x
[51.345s][info][gc,stats      ]     E: <total>                     2369 us
[51.345s][info][gc,stats      ]     E: Thread Roots                 806 us, workers (us): 806, 
[51.345s][info][gc,stats      ]     E: Code Cache Roots             746 us, workers (us): 746, 
[51.345s][info][gc,stats      ]     E: Universe Roots                 1 us, workers (us):   1, 
[51.345s][info][gc,stats      ]     E: JNI Handles Roots              1 us, workers (us):   1, 
[51.345s][info][gc,stats      ]     E: Synchronizer Roots             0 us, workers (us):   0, 
[51.345s][info][gc,stats      ]     E: Management Roots               1 us, workers (us):   1, 
[51.345s][info][gc,stats      ]     E: System Dict Roots             34 us, workers (us):  34, 
[51.345s][info][gc,stats      ]     E: CLDG Roots                   778 us, workers (us): 778, 
[51.345s][info][gc,stats      ]     E: JVMTI Roots                    1 us, workers (us):   1, 
[51.345s][info][gc,stats      ] Concurrent Cleanup                   79 us
[51.345s][info][gc,stats      ] Concurrent Evacuation              1449 us
[51.345s][info][gc,stats      ] Pause Init  Update Refs (G)        2406 us
[51.345s][info][gc,stats      ] Pause Init  Update Refs (N)          20 us
[51.345s][info][gc,stats      ]   Retire GCLABs                      10 us
[51.345s][info][gc,stats      ] Concurrent Update Refs           298534 us
[51.345s][info][gc,stats      ] Pause Final Update Refs (G)        4566 us
[51.345s][info][gc,stats      ] Pause Final Update Refs (N)         676 us
[51.345s][info][gc,stats      ]   Update Roots                      582 us, parallelism: 0.98x
[51.345s][info][gc,stats      ]     UR: <total>                     572 us
[51.345s][info][gc,stats      ]     UR: Thread Roots                572 us, workers (us): 572, 
[51.345s][info][gc,stats      ]   Update Region States               67 us
[51.345s][info][gc,stats      ]   Trash Collection Set                3 us
[51.345s][info][gc,stats      ]   Rebuild Free Set                   14 us
[51.345s][info][gc,stats      ] Concurrent Cleanup                   68 us
[51.345s][info][gc,stats      ] 
[51.345s][info][gc,stats      ] Allocation pacing accrued:
[51.345s][info][gc,stats      ]       0 of   862 ms (  0.0%): <total>
[51.345s][info][gc,stats      ]       0 of   862 ms (  0.0%): <average total>
[51.345s][info][gc,stats      ] 
[51.346s][info][gc,metaspace  ] Metaspace: 60889K->60889K(1103872K)
[51.346s][info][gc,ergo       ] Pacer for Idle. Initial: 20480K, Alloc Tax Rate: 1.0x
[51.347s][info][gc            ] Trigger: Learning 3 of 5. Free (556M) is below initial threshold (700M)
[51.347s][info][gc,ergo       ] Free: 556M, Max: 256K regular, 528M humongous, Frag: 5% external, 0% internal; Reserve: 51200K, Max: 256K
[51.347s][info][gc,start      ] GC(83) Concurrent reset
[51.347s][info][gc,task       ] GC(83) Using 1 of 1 workers for concurrent reset
[51.347s][info][gc,ergo       ] GC(83) Pacer for Reset. Non-Taxable: 1000M
[51.347s][info][gc            ] GC(83) Concurrent reset 0.329ms
[51.349s][info][gc,start      ] GC(83) Pause Init Mark
[51.349s][info][gc,task       ] GC(83) Using 1 of 1 workers for init marking
[51.351s][info][gc,ergo       ] GC(83) Pacer for Mark. Expected Live: 167M, Free: 556M, Non-Taxable: 56934K, Alloc Tax Rate: 0.4x
[51.351s][info][gc            ] GC(83) Pause Init Mark 1.851ms
[51.351s][info][gc,start      ] GC(83) Concurrent marking
[51.351s][info][gc,task       ] GC(83) Using 1 of 1 workers for concurrent marking
[51.537s][info][gc            ] GC(83) Concurrent marking 185.838ms
[51.537s][info][gc,start      ] GC(83) Pause Final Mark
[51.537s][info][gc,task       ] GC(83) Using 1 of 1 workers for final marking
[51.538s][info][gc,ergo       ] GC(83) Collectable Garbage: 222M (98%), Immediate: 222M (98%), CSet: 0B (0%)
[51.538s][info][gc            ] GC(83) Pause Final Mark 0.521ms
[51.538s][info][gc,start      ] GC(83) Concurrent cleanup
[51.538s][info][gc            ] GC(83) Concurrent cleanup 477M->255M(480M) 0.106ms
[51.538s][info][gc,ergo       ] GC(83) Free: 693M, Max: 256K regular, 460M humongous, Frag: 34% external, 0% internal; Reserve: 51200K, Max: 256K
[51.538s][info][gc,ergo       ] Free: 693M, Max: 256K regular, 460M humongous, Frag: 34% external, 0% internal; Reserve: 51200K, Max: 256K
[51.538s][info][gc,stats      ] 
[51.538s][info][gc,stats      ] All times are wall-clock times, except per-root-class counters, that are sum over
[51.538s][info][gc,stats      ] all workers. Dividing the <total> over the root stage time estimates parallelism.
[51.538s][info][gc,stats      ] 
[51.538s][info][gc,stats      ] Concurrent Reset                    321 us
[51.538s][info][gc,stats      ] Pause Init Mark (G)                4003 us
[51.538s][info][gc,stats      ] Pause Init Mark (N)                1821 us
[51.538s][info][gc,stats      ]   Accumulate Stats                   26 us
[51.538s][info][gc,stats      ]   Make Parsable                      17 us
[51.538s][info][gc,stats      ]   Update Region States               49 us
[51.538s][info][gc,stats      ]   Scan Roots                       1655 us, parallelism: 0.82x
[51.538s][info][gc,stats      ]     S: <total>                     1351 us
[51.538s][info][gc,stats      ]     S: Thread Roots                 758 us, workers (us): 758, 
[51.538s][info][gc,stats      ]     S: Universe Roots                 3 us, workers (us):   3, 
[51.538s][info][gc,stats      ]     S: JNI Handles Roots              2 us, workers (us):   2, 
[51.538s][info][gc,stats      ]     S: Synchronizer Roots             0 us, workers (us):   0, 
[51.538s][info][gc,stats      ]     S: Management Roots               2 us, workers (us):   2, 
[51.538s][info][gc,stats      ]     S: System Dict Roots             23 us, workers (us):  23, 
[51.538s][info][gc,stats      ]     S: CLDG Roots                   563 us, workers (us): 563, 
[51.538s][info][gc,stats      ]     S: JVMTI Roots                    0 us, workers (us):   0, 
[51.538s][info][gc,stats      ]   Resize TLABs                       25 us
[51.538s][info][gc,stats      ] Concurrent Marking               185829 us
[51.538s][info][gc,stats      ] Pause Final Mark (G)                706 us
[51.538s][info][gc,stats      ] Pause Final Mark (N)                510 us
[51.538s][info][gc,stats      ]   Finish Queues                      66 us
[51.538s][info][gc,stats      ]   System Purge                      295 us
[51.538s][info][gc,stats      ]     Weak Roots                      295 us
[51.538s][info][gc,stats      ]   Update Region States               63 us
[51.538s][info][gc,stats      ]   Retire TLABs                       25 us
[51.538s][info][gc,stats      ]   Choose Collection Set              34 us
[51.538s][info][gc,stats      ]   Rebuild Free Set                   16 us
[51.538s][info][gc,stats      ] Concurrent Cleanup                   98 us
[51.538s][info][gc,stats      ] 
[51.538s][info][gc,stats      ] Allocation pacing accrued:
[51.538s][info][gc,stats      ]       0 of   192 ms (  0.0%): <total>
[51.538s][info][gc,stats      ]       0 of   192 ms (  0.0%): <average total>
[51.538s][info][gc,stats      ] 
[51.538s][info][gc,metaspace  ] Metaspace: 60889K->60889K(1103872K)
[51.538s][info][gc,ergo       ] Pacer for Idle. Initial: 20480K, Alloc Tax Rate: 1.0x
[51.540s][info][gc            ] Trigger: Learning 4 of 5. Free (691M) is below initial threshold (700M)
[51.540s][info][gc,ergo       ] Free: 691M, Max: 256K regular, 460M humongous, Frag: 34% external, 0% internal; Reserve: 51200K, Max: 256K
[51.540s][info][gc,start      ] GC(84) Concurrent reset
[51.540s][info][gc,task       ] GC(84) Using 1 of 1 workers for concurrent reset
[51.540s][info][gc,ergo       ] GC(84) Pacer for Reset. Non-Taxable: 1000M
[51.542s][info][gc            ] GC(84) Concurrent reset 2.292ms
[51.545s][info][gc,start      ] GC(84) Pause Init Mark
[51.545s][info][gc,task       ] GC(84) Using 1 of 1 workers for init marking
[51.547s][info][gc,ergo       ] GC(84) Pacer for Mark. Expected Live: 167M, Free: 689M, Non-Taxable: 70579K, Alloc Tax Rate: 0.3x
[51.547s][info][gc            ] GC(84) Pause Init Mark 1.825ms
[51.547s][info][gc,start      ] GC(84) Concurrent marking
[51.547s][info][gc,task       ] GC(84) Using 1 of 1 workers for concurrent marking
[51.748s][info][gc            ] GC(84) Concurrent marking 201.602ms
[51.749s][info][gc,start      ] GC(84) Pause Final Mark
[51.749s][info][gc,task       ] GC(84) Using 1 of 1 workers for final marking
[51.750s][info][gc,ergo       ] GC(84) Collectable Garbage: 91392K (96%), Immediate: 91392K (96%), CSet: 0B (0%)
[51.750s][info][gc            ] GC(84) Pause Final Mark 1.057ms
[51.750s][info][gc,start      ] GC(84) Concurrent cleanup
[51.754s][info][gc            ] GC(84) Concurrent cleanup 365M->277M(480M) 4.272ms
[51.755s][info][gc,ergo       ] GC(84) Free: 671M, Max: 256K regular, 477M humongous, Frag: 29% external, 0% internal; Reserve: 51200K, Max: 256K
[51.755s][info][gc,ergo       ] Free: 671M, Max: 256K regular, 477M humongous, Frag: 29% external, 0% internal; Reserve: 51200K, Max: 256K
[51.755s][info][gc,stats      ] 
[51.755s][info][gc,stats      ] All times are wall-clock times, except per-root-class counters, that are sum over
[51.755s][info][gc,stats      ] all workers. Dividing the <total> over the root stage time estimates parallelism.
[51.755s][info][gc,stats      ] 
[51.755s][info][gc,stats      ] Concurrent Reset                   2279 us
[51.755s][info][gc,stats      ] Pause Init Mark (G)                4255 us
[51.755s][info][gc,stats      ] Pause Init Mark (N)                1799 us
[51.755s][info][gc,stats      ]   Accumulate Stats                   26 us
[51.755s][info][gc,stats      ]   Make Parsable                      36 us
[51.755s][info][gc,stats      ]   Update Region States               58 us
[51.755s][info][gc,stats      ]   Scan Roots                       1611 us, parallelism: 0.82x
[51.755s][info][gc,stats      ]     S: <total>                     1318 us
[51.755s][info][gc,stats      ]     S: Thread Roots                 757 us, workers (us): 757, 
[51.755s][info][gc,stats      ]     S: Universe Roots                 3 us, workers (us):   3, 
[51.755s][info][gc,stats      ]     S: JNI Handles Roots              1 us, workers (us):   1, 
[51.755s][info][gc,stats      ]     S: Synchronizer Roots             0 us, workers (us):   0, 
[51.755s][info][gc,stats      ]     S: Management Roots               2 us, workers (us):   2, 
[51.755s][info][gc,stats      ]     S: System Dict Roots             10 us, workers (us):  10, 
[51.755s][info][gc,stats      ]     S: CLDG Roots                   543 us, workers (us): 543, 
[51.755s][info][gc,stats      ]     S: JVMTI Roots                    0 us, workers (us):   0, 
[51.755s][info][gc,stats      ]   Resize TLABs                       21 us
[51.755s][info][gc,stats      ] Concurrent Marking               201591 us
[51.755s][info][gc,stats      ] Pause Final Mark (G)               1596 us
[51.755s][info][gc,stats      ] Pause Final Mark (N)               1008 us
[51.755s][info][gc,stats      ]   Finish Queues                      60 us
[51.755s][info][gc,stats      ]   System Purge                      633 us
[51.755s][info][gc,stats      ]     Weak Roots                      632 us
[51.755s][info][gc,stats      ]   Update Region States              126 us
[51.755s][info][gc,stats      ]   Retire TLABs                       58 us
[51.755s][info][gc,stats      ]   Choose Collection Set              65 us
[51.755s][info][gc,stats      ]   Rebuild Free Set                   44 us
[51.755s][info][gc,stats      ] Concurrent Cleanup                  240 us
[51.755s][info][gc,stats      ] Pacing                            39256 us
[51.755s][info][gc,stats      ] 
[51.755s][info][gc,stats      ] Allocation pacing accrued:
[51.755s][info][gc,stats      ]      39 of   217 ms ( 18.1%): Executor task launch worker for task 0.0 in stage 28.0 (TID 28)
[51.755s][info][gc,stats      ]      39 of   217 ms ( 18.1%): <total>
[51.755s][info][gc,stats      ]       0 of   217 ms (  0.1%): <average total>
[51.755s][info][gc,stats      ]      39 of   217 ms ( 18.1%): <average non-zero>
[51.755s][info][gc,stats      ] 
[51.755s][info][gc,metaspace  ] Metaspace: 60889K->60889K(1103872K)
[51.755s][info][gc,ergo       ] Pacer for Idle. Initial: 20480K, Alloc Tax Rate: 1.0x
[51.756s][info][gc            ] Trigger: Learning 5 of 5. Free (670M) is below initial threshold (700M)
[51.756s][info][gc,ergo       ] Free: 670M, Max: 256K regular, 477M humongous, Frag: 29% external, 0% internal; Reserve: 51200K, Max: 256K
[51.756s][info][gc,start      ] GC(85) Concurrent reset
[51.756s][info][gc,task       ] GC(85) Using 1 of 1 workers for concurrent reset
[51.756s][info][gc,ergo       ] GC(85) Pacer for Reset. Non-Taxable: 1000M
[51.757s][info][gc            ] GC(85) Concurrent reset 0.495ms
[51.759s][info][gc,start      ] GC(85) Pause Init Mark (process weakrefs)
[51.759s][info][gc,task       ] GC(85) Using 1 of 1 workers for init marking
[51.765s][info][gc,ergo       ] GC(85) Pacer for Mark. Expected Live: 167M, Free: 670M, Non-Taxable: 68684K, Alloc Tax Rate: 0.3x
[51.765s][info][gc            ] GC(85) Pause Init Mark (process weakrefs) 5.537ms
[51.767s][info][gc,start      ] GC(85) Concurrent marking (process weakrefs)
[51.767s][info][gc,task       ] GC(85) Using 1 of 1 workers for concurrent marking
[51.966s][info][gc            ] GC(85) Concurrent marking (process weakrefs) 199.259ms
[51.966s][info][gc,start      ] GC(85) Concurrent precleaning
[51.966s][info][gc,task       ] GC(85) Using 1 of 1 workers for concurrent preclean
[51.966s][info][gc,ergo       ] GC(85) Pacer for Precleaning. Non-Taxable: 1000M
[51.967s][info][gc            ] GC(85) Concurrent precleaning 0.629ms
[51.967s][info][gc,start      ] GC(85) Pause Final Mark (process weakrefs)
[51.967s][info][gc,task       ] GC(85) Using 1 of 1 workers for final marking
[51.968s][info][gc,ergo       ] GC(85) Collectable Garbage: 107M (97%), Immediate: 107M (97%), CSet: 0B (0%)
[51.968s][info][gc            ] GC(85) Pause Final Mark (process weakrefs) 0.492ms
[51.968s][info][gc,start      ] GC(85) Concurrent cleanup
[51.968s][info][gc            ] GC(85) Concurrent cleanup 386M->278M(480M) 0.088ms
[51.968s][info][gc,ergo       ] GC(85) Free: 670M, Max: 256K regular, 552M humongous, Frag: 18% external, 0% internal; Reserve: 51200K, Max: 256K
[51.968s][info][gc,ergo       ] Free: 670M, Max: 256K regular, 552M humongous, Frag: 18% external, 0% internal; Reserve: 51200K, Max: 256K
[51.968s][info][gc,stats      ] 
[51.968s][info][gc,stats      ] All times are wall-clock times, except per-root-class counters, that are sum over
[51.968s][info][gc,stats      ] all workers. Dividing the <total> over the root stage time estimates parallelism.
[51.968s][info][gc,stats      ] 
[51.968s][info][gc,stats      ] Concurrent Reset                    480 us
[51.968s][info][gc,stats      ] Pause Init Mark (G)               10140 us
[51.968s][info][gc,stats      ] Pause Init Mark (N)                5482 us
[51.968s][info][gc,stats      ]   Accumulate Stats                   48 us
[51.968s][info][gc,stats      ]   Make Parsable                      32 us
[51.968s][info][gc,stats      ]   Update Region States              131 us
[51.968s][info][gc,stats      ]   Scan Roots                       5178 us, parallelism: 0.90x
[51.968s][info][gc,stats      ]     S: <total>                     4660 us
[51.968s][info][gc,stats      ]     S: Thread Roots                 747 us, workers (us): 747, 
[51.968s][info][gc,stats      ]     S: Universe Roots                 5 us, workers (us):   5, 
[51.968s][info][gc,stats      ]     S: JNI Handles Roots              3 us, workers (us):   3, 
[51.968s][info][gc,stats      ]     S: Synchronizer Roots             1 us, workers (us):   1, 
[51.968s][info][gc,stats      ]     S: Management Roots               4 us, workers (us):   4, 
[51.968s][info][gc,stats      ]     S: System Dict Roots             23 us, workers (us):  23, 
[51.968s][info][gc,stats      ]     S: CLDG Roots                  3875 us, workers (us): 3875, 
[51.968s][info][gc,stats      ]     S: JVMTI Roots                    1 us, workers (us):   1, 
[51.968s][info][gc,stats      ]   Resize TLABs                       30 us
[51.968s][info][gc,stats      ] Concurrent Marking               199240 us
[51.968s][info][gc,stats      ] Concurrent Precleaning              595 us
[51.968s][info][gc,stats      ] Pause Final Mark (G)                796 us
[51.968s][info][gc,stats      ] Pause Final Mark (N)                476 us
[51.968s][info][gc,stats      ]   Finish Queues                      37 us
[51.968s][info][gc,stats      ]   Weak References                    23 us
[51.968s][info][gc,stats      ]     Process                          20 us
[51.968s][info][gc,stats      ]   System Purge                      284 us
[51.968s][info][gc,stats      ]     Weak Roots                      284 us
[51.968s][info][gc,stats      ]   Update Region States               65 us
[51.968s][info][gc,stats      ]   Retire TLABs                       25 us
[51.968s][info][gc,stats      ]   Choose Collection Set              20 us
[51.968s][info][gc,stats      ]   Rebuild Free Set                   14 us
[51.968s][info][gc,stats      ] Concurrent Cleanup                   81 us
[51.968s][info][gc,stats      ] Pacing                            21451 us
[51.968s][info][gc,stats      ] 
[51.968s][info][gc,stats      ] Allocation pacing accrued:
[51.968s][info][gc,stats      ]      21 of   213 ms ( 10.1%): Executor task launch worker for task 0.0 in stage 28.0 (TID 28)
[51.968s][info][gc,stats      ]      21 of   213 ms ( 10.1%): <total>
[51.968s][info][gc,stats      ]       0 of   213 ms (  0.0%): <average total>
[51.968s][info][gc,stats      ]      21 of   213 ms ( 10.1%): <average non-zero>
[51.968s][info][gc,stats      ] 
[51.968s][info][gc,metaspace  ] Metaspace: 60889K->60889K(1103872K)
[51.968s][info][gc,ergo       ] Pacer for Idle. Initial: 20480K, Alloc Tax Rate: 1.0x
[52.400s][info][gc            ] Trigger: Average GC time (253.80 ms) is above the time for allocation rate (812 MB/s) to deplete free headroom (205M)
[52.401s][info][gc,ergo       ] Free headroom: 255M (free) - 51200K (spike) - 0B (penalties) = 205M
[52.401s][info][gc,ergo       ] Free: 255M, Max: 256K regular, 244M humongous, Frag: 5% external, 0% internal; Reserve: 51200K, Max: 256K
[52.401s][info][gc,start      ] GC(86) Concurrent reset
[52.401s][info][gc,task       ] GC(86) Using 1 of 1 workers for concurrent reset
[52.401s][info][gc,ergo       ] GC(86) Pacer for Reset. Non-Taxable: 1000M
[52.401s][info][gc            ] GC(86) Concurrent reset 0.332ms
[52.403s][info][gc,start      ] GC(86) Pause Init Mark
[52.404s][info][gc,task       ] GC(86) Using 1 of 1 workers for init marking
[52.406s][info][gc,ergo       ] GC(86) Pacer for Mark. Expected Live: 167M, Free: 255M, Non-Taxable: 26163K, Alloc Tax Rate: 0.8x
[52.406s][info][gc            ] GC(86) Pause Init Mark 2.074ms
[52.406s][info][gc,start      ] GC(86) Concurrent marking
[52.406s][info][gc,task       ] GC(86) Using 1 of 1 workers for concurrent marking
[52.554s][info][gc            ] GC(86) Concurrent marking 148.760ms
[52.555s][info][gc,start      ] GC(86) Pause Final Mark
[52.555s][info][gc,task       ] GC(86) Using 1 of 1 workers for final marking
[52.555s][info][gc,ergo       ] GC(86) Collectable Garbage: 522M (99%), Immediate: 522M (99%), CSet: 0B (0%)
[52.555s][info][gc            ] GC(86) Pause Final Mark 0.483ms
[52.555s][info][gc,start      ] GC(86) Concurrent cleanup
[52.555s][info][gc            ] GC(86) Concurrent cleanup 733M->211M(736M) 0.152ms
[52.555s][info][gc,ergo       ] GC(86) Free: 737M, Max: 256K regular, 208M humongous, Frag: 72% external, 0% internal; Reserve: 51200K, Max: 256K
[52.555s][info][gc,ergo       ] Free: 737M, Max: 256K regular, 208M humongous, Frag: 72% external, 0% internal; Reserve: 51200K, Max: 256K
[52.555s][info][gc,stats      ] 
[52.555s][info][gc,stats      ] All times are wall-clock times, except per-root-class counters, that are sum over
[52.555s][info][gc,stats      ] all workers. Dividing the <total> over the root stage time estimates parallelism.
[52.555s][info][gc,stats      ] 
[52.555s][info][gc,stats      ] Concurrent Reset                    323 us
[52.555s][info][gc,stats      ] Pause Init Mark (G)                4552 us
[52.555s][info][gc,stats      ] Pause Init Mark (N)                2035 us
[52.555s][info][gc,stats      ]   Accumulate Stats                   27 us
[52.555s][info][gc,stats      ]   Make Parsable                      18 us
[52.555s][info][gc,stats      ]   Update Region States               62 us
[52.555s][info][gc,stats      ]   Scan Roots                       1842 us, parallelism: 0.84x
[52.555s][info][gc,stats      ]     S: <total>                     1556 us
[52.555s][info][gc,stats      ]     S: Thread Roots                 779 us, workers (us): 779, 
[52.555s][info][gc,stats      ]     S: Universe Roots                 2 us, workers (us):   2, 
[52.555s][info][gc,stats      ]     S: JNI Handles Roots              1 us, workers (us):   1, 
[52.555s][info][gc,stats      ]     S: Synchronizer Roots             0 us, workers (us):   0, 
[52.555s][info][gc,stats      ]     S: Management Roots               1 us, workers (us):   1, 
[52.555s][info][gc,stats      ]     S: System Dict Roots             11 us, workers (us):  11, 
[52.555s][info][gc,stats      ]     S: CLDG Roots                   760 us, workers (us): 760, 
[52.555s][info][gc,stats      ]     S: JVMTI Roots                    1 us, workers (us):   1, 
[52.555s][info][gc,stats      ]   Resize TLABs                       29 us
[52.555s][info][gc,stats      ] Concurrent Marking               148747 us
[52.555s][info][gc,stats      ] Pause Final Mark (G)                745 us
[52.555s][info][gc,stats      ] Pause Final Mark (N)                465 us
[52.555s][info][gc,stats      ]   Finish Queues                      35 us
[52.555s][info][gc,stats      ]   System Purge                      291 us
[52.555s][info][gc,stats      ]     Weak Roots                      291 us
[52.555s][info][gc,stats      ]   Update Region States               61 us
[52.555s][info][gc,stats      ]   Retire TLABs                       27 us
[52.555s][info][gc,stats      ]   Choose Collection Set              27 us
[52.555s][info][gc,stats      ]   Rebuild Free Set                   13 us
[52.555s][info][gc,stats      ] Concurrent Cleanup                  144 us
[52.555s][info][gc,stats      ] Pacing                            62693 us
[52.555s][info][gc,stats      ] 
[52.555s][info][gc,stats      ] Allocation pacing accrued:
[52.556s][info][gc,stats      ]      13 of   587 ms (  2.2%): RemoteBlock-temp-file-clean-thread
[52.556s][info][gc,stats      ]      50 of   587 ms (  8.5%): Executor task launch worker for task 0.0 in stage 28.0 (TID 28)
[52.556s][info][gc,stats      ]      63 of   587 ms ( 10.7%): <total>
[52.556s][info][gc,stats      ]       0 of   587 ms (  0.0%): <average total>
[52.556s][info][gc,stats      ]      31 of   587 ms (  5.3%): <average non-zero>
[52.556s][info][gc,stats      ] 
[52.556s][info][gc,metaspace  ] Metaspace: 60890K->60890K(1103872K)
[52.556s][info][gc,ergo       ] Pacer for Idle. Initial: 20480K, Alloc Tax Rate: 1.0x
[52.956s][info][gc            ] Trigger: Average GC time (258.17 ms) is above the time for allocation rate (895 MB/s) to deplete free headroom (230M)
[52.956s][info][gc,ergo       ] Free headroom: 280M (free) - 51200K (spike) - 0B (penalties) = 230M
[52.956s][info][gc,ergo       ] Free: 280M, Max: 256K regular, 204M humongous, Frag: 28% external, 0% internal; Reserve: 51200K, Max: 256K
[52.956s][info][gc,start      ] GC(87) Concurrent reset
[52.956s][info][gc,task       ] GC(87) Using 1 of 1 workers for concurrent reset
[52.956s][info][gc,ergo       ] GC(87) Pacer for Reset. Non-Taxable: 1000M
[52.957s][info][gc            ] GC(87) Concurrent reset 0.300ms
[52.959s][info][gc,start      ] GC(87) Pause Init Mark
[52.959s][info][gc,task       ] GC(87) Using 1 of 1 workers for init marking
[52.961s][info][gc,ergo       ] GC(87) Pacer for Mark. Expected Live: 167M, Free: 280M, Non-Taxable: 28723K, Alloc Tax Rate: 0.7x
[52.961s][info][gc            ] GC(87) Pause Init Mark 1.706ms
[52.961s][info][gc,start      ] GC(87) Concurrent marking
[52.961s][info][gc,task       ] GC(87) Using 1 of 1 workers for concurrent marking
[53.104s][info][gc            ] GC(87) Concurrent marking 143.486ms
[53.105s][info][gc,start      ] GC(87) Pause Final Mark
[53.105s][info][gc,task       ] GC(87) Using 1 of 1 workers for final marking
[53.105s][info][gc,ergo       ] GC(87) Collectable Garbage: 497M (99%), Immediate: 497M (99%), CSet: 0B (0%)
[53.105s][info][gc            ] GC(87) Pause Final Mark 0.509ms
[53.111s][info][gc,start      ] GC(87) Concurrent cleanup
[53.111s][info][gc            ] GC(87) Concurrent cleanup 712M->222M(736M) 0.176ms
[53.111s][info][gc,ergo       ] GC(87) Free: 726M, Max: 256K regular, 265M humongous, Frag: 64% external, 0% internal; Reserve: 51200K, Max: 256K
[53.111s][info][gc,ergo       ] Free: 726M, Max: 256K regular, 265M humongous, Frag: 64% external, 0% internal; Reserve: 51200K, Max: 256K
[53.111s][info][gc,stats      ] 
[53.111s][info][gc,stats      ] All times are wall-clock times, except per-root-class counters, that are sum over
[53.111s][info][gc,stats      ] all workers. Dividing the <total> over the root stage time estimates parallelism.
[53.111s][info][gc,stats      ] 
[53.111s][info][gc,stats      ] Concurrent Reset                    291 us
[53.111s][info][gc,stats      ] Pause Init Mark (G)                4068 us
[53.111s][info][gc,stats      ] Pause Init Mark (N)                1662 us
[53.111s][info][gc,stats      ]   Accumulate Stats                   34 us
[53.111s][info][gc,stats      ]   Make Parsable                      15 us
[53.111s][info][gc,stats      ]   Update Region States               50 us
[53.111s][info][gc,stats      ]   Scan Roots                       1513 us, parallelism: 0.82x
[53.111s][info][gc,stats      ]     S: <total>                     1234 us
[53.111s][info][gc,stats      ]     S: Thread Roots                 692 us, workers (us): 692, 
[53.111s][info][gc,stats      ]     S: Universe Roots                 2 us, workers (us):   2, 
[53.111s][info][gc,stats      ]     S: JNI Handles Roots              1 us, workers (us):   1, 
[53.111s][info][gc,stats      ]     S: Synchronizer Roots             0 us, workers (us):   0, 
[53.111s][info][gc,stats      ]     S: Management Roots               2 us, workers (us):   2, 
[53.111s][info][gc,stats      ]     S: System Dict Roots             12 us, workers (us):  12, 
[53.111s][info][gc,stats      ]     S: CLDG Roots                   525 us, workers (us): 525, 
[53.111s][info][gc,stats      ]     S: JVMTI Roots                    1 us, workers (us):   1, 
[53.111s][info][gc,stats      ]   Resize TLABs                       17 us
[53.111s][info][gc,stats      ] Concurrent Marking               143477 us
[53.111s][info][gc,stats      ] Pause Final Mark (G)               6191 us
[53.111s][info][gc,stats      ] Pause Final Mark (N)                498 us
[53.111s][info][gc,stats      ]   Finish Queues                      17 us
[53.111s][info][gc,stats      ]   System Purge                      333 us
[53.111s][info][gc,stats      ]     Weak Roots                      332 us
[53.111s][info][gc,stats      ]   Update Region States               60 us
[53.111s][info][gc,stats      ]   Retire TLABs                       31 us
[53.111s][info][gc,stats      ]   Choose Collection Set              36 us
[53.111s][info][gc,stats      ]   Rebuild Free Set                   14 us
[53.111s][info][gc,stats      ] Concurrent Cleanup                  145 us
[53.111s][info][gc,stats      ] Pacing                            78337 us
[53.111s][info][gc,stats      ] 
[53.111s][info][gc,stats      ] Allocation pacing accrued:
[53.111s][info][gc,stats      ]      78 of   555 ms ( 14.1%): Executor task launch worker for task 0.0 in stage 28.0 (TID 28)
[53.111s][info][gc,stats      ]      78 of   555 ms ( 14.1%): <total>
[53.111s][info][gc,stats      ]       0 of   555 ms (  0.1%): <average total>
[53.111s][info][gc,stats      ]      78 of   555 ms ( 14.1%): <average non-zero>
[53.111s][info][gc,stats      ] 
[53.111s][info][gc,metaspace  ] Metaspace: 60890K->60890K(1103872K)
[53.111s][info][gc,ergo       ] Pacer for Idle. Initial: 20480K, Alloc Tax Rate: 1.0x
[53.515s][info][gc            ] Trigger: Average GC time (185.21 ms) is above the time for allocation rate (980 MB/s) to deplete free headroom (180M)
[53.515s][info][gc,ergo       ] Free headroom: 230M (free) - 51200K (spike) - 0B (penalties) = 180M
[53.515s][info][gc,ergo       ] Free: 230M, Max: 256K regular, 219M humongous, Frag: 5% external, 0% internal; Reserve: 51200K, Max: 256K
[53.515s][info][gc,start      ] GC(88) Concurrent reset
[53.515s][info][gc,task       ] GC(88) Using 1 of 1 workers for concurrent reset
[53.515s][info][gc,ergo       ] GC(88) Pacer for Reset. Non-Taxable: 1000M
[53.516s][info][gc            ] GC(88) Concurrent reset 0.334ms
[53.518s][info][gc,start      ] GC(88) Pause Init Mark
[53.518s][info][gc,task       ] GC(88) Using 1 of 1 workers for init marking
[53.520s][info][gc,ergo       ] GC(88) Pacer for Mark. Expected Live: 167M, Free: 230M, Non-Taxable: 23552K, Alloc Tax Rate: 0.9x
[53.520s][info][gc            ] GC(88) Pause Init Mark 1.731ms
[53.520s][info][gc,start      ] GC(88) Concurrent marking
[53.520s][info][gc,task       ] GC(88) Using 1 of 1 workers for concurrent marking
[53.677s][info][gc            ] GC(88) Concurrent marking 157.459ms
[53.686s][info][gc,start      ] GC(88) Pause Final Mark
[53.686s][info][gc,task       ] GC(88) Using 1 of 1 workers for final marking
[53.686s][info][gc,ergo       ] GC(88) Collectable Garbage: 547M (99%), Immediate: 547M (99%), CSet: 0B (0%)
[53.686s][info][gc            ] GC(88) Pause Final Mark 0.562ms
[53.686s][info][gc,start      ] GC(88) Concurrent cleanup
[53.687s][info][gc            ] GC(88) Concurrent cleanup 760M->212M(763M) 0.160ms
[53.687s][info][gc,ergo       ] GC(88) Free: 736M, Max: 256K regular, 215M humongous, Frag: 71% external, 0% internal; Reserve: 51200K, Max: 256K
[53.687s][info][gc,ergo       ] Free: 736M, Max: 256K regular, 215M humongous, Frag: 71% external, 0% internal; Reserve: 51200K, Max: 256K
[53.687s][info][gc,stats      ] 
[53.687s][info][gc,stats      ] All times are wall-clock times, except per-root-class counters, that are sum over
[53.687s][info][gc,stats      ] all workers. Dividing the <total> over the root stage time estimates parallelism.
[53.687s][info][gc,stats      ] 
[53.687s][info][gc,stats      ] Concurrent Reset                    324 us
[53.687s][info][gc,stats      ] Pause Init Mark (G)                4134 us
[53.687s][info][gc,stats      ] Pause Init Mark (N)                1697 us
[53.687s][info][gc,stats      ]   Accumulate Stats                   33 us
[53.687s][info][gc,stats      ]   Make Parsable                      17 us
[53.687s][info][gc,stats      ]   Update Region States               62 us
[53.687s][info][gc,stats      ]   Scan Roots                       1502 us, parallelism: 0.82x
[53.687s][info][gc,stats      ]     S: <total>                     1227 us
[53.687s][info][gc,stats      ]     S: Thread Roots                 670 us, workers (us): 670, 
[53.687s][info][gc,stats      ]     S: Universe Roots                 2 us, workers (us):   2, 
[53.687s][info][gc,stats      ]     S: JNI Handles Roots              2 us, workers (us):   2, 
[53.687s][info][gc,stats      ]     S: Synchronizer Roots             0 us, workers (us):   0, 
[53.687s][info][gc,stats      ]     S: Management Roots               2 us, workers (us):   2, 
[53.687s][info][gc,stats      ]     S: System Dict Roots             12 us, workers (us):  12, 
[53.687s][info][gc,stats      ]     S: CLDG Roots                   539 us, workers (us): 539, 
[53.687s][info][gc,stats      ]     S: JVMTI Roots                    1 us, workers (us):   1, 
[53.687s][info][gc,stats      ]   Resize TLABs                       17 us
[53.687s][info][gc,stats      ] Concurrent Marking               157450 us
[53.687s][info][gc,stats      ] Pause Final Mark (G)               4273 us
[53.687s][info][gc,stats      ] Pause Final Mark (N)                522 us
[53.687s][info][gc,stats      ]   Finish Queues                      35 us
[53.687s][info][gc,stats      ]   System Purge                      330 us
[53.687s][info][gc,stats      ]     Weak Roots                      329 us
[53.687s][info][gc,stats      ]   Update Region States               66 us
[53.687s][info][gc,stats      ]   Retire TLABs                       36 us
[53.687s][info][gc,stats      ]   Choose Collection Set              34 us
[53.687s][info][gc,stats      ]   Rebuild Free Set                   13 us
[53.687s][info][gc,stats      ] Concurrent Cleanup                  152 us
[53.687s][info][gc,stats      ] Pacing                            66985 us
[53.687s][info][gc,stats      ] 
[53.687s][info][gc,stats      ] Allocation pacing accrued:
[53.687s][info][gc,stats      ]      67 of   576 ms ( 11.6%): Executor task launch worker for task 0.0 in stage 28.0 (TID 28)
[53.687s][info][gc,stats      ]      67 of   576 ms ( 11.6%): <total>
[53.687s][info][gc,stats      ]       0 of   576 ms (  0.1%): <average total>
[53.687s][info][gc,stats      ]      67 of   576 ms ( 11.6%): <average non-zero>
[53.687s][info][gc,stats      ] 
[53.687s][info][gc,metaspace  ] Metaspace: 60890K->60890K(1103872K)
[53.687s][info][gc,ergo       ] Pacer for Idle. Initial: 20480K, Alloc Tax Rate: 1.0x
[54.080s][info][gc            ] Cancelling GC: Stopping VM
[54.082s][info][gc,heap,exit  ] Heap
[54.082s][info][gc,heap,exit  ] Shenandoah Heap
[54.082s][info][gc,heap,exit  ]  1000M max, 1000M soft max, 763M committed, 409M used
[54.082s][info][gc,heap,exit  ]  4000 x 256K regions
[54.082s][info][gc,heap,exit  ] Status: cancelled
[54.082s][info][gc,heap,exit  ] Reserved region:
[54.082s][info][gc,heap,exit  ]  - [0x00000000c1800000, 0x0000000100000000) 
[54.082s][info][gc,heap,exit  ] Collection set:
[54.082s][info][gc,heap,exit  ]  - map (vanilla): 0x0000000000013060
[54.082s][info][gc,heap,exit  ]  - map (biased):  0x0000000000010000
[54.082s][info][gc,heap,exit  ] 
[54.082s][info][gc,heap,exit  ]  Metaspace       used 61456K, capacity 64954K, committed 65308K, reserved 1103872K
[54.082s][info][gc,heap,exit  ]   class space    used 8615K, capacity 10351K, committed 10444K, reserved 1048576K
[54.082s][info][gc,stats      ] 
[54.082s][info][gc,stats      ] GC STATISTICS:
[54.082s][info][gc,stats      ]   "(G)" (gross) pauses include VM time: time to notify and block threads, do the pre-
[54.082s][info][gc,stats      ]         and post-safepoint housekeeping. Use -XX:+PrintSafepointStatistics to dissect.
[54.082s][info][gc,stats      ]   "(N)" (net) pauses are the times spent in the actual GC code.
[54.082s][info][gc,stats      ]   "a" is average time for each phase, look at levels to see if average makes sense.
[54.082s][info][gc,stats      ]   "lvls" are quantiles: 0% (minimum), 25%, 50% (median), 75%, 100% (maximum).
[54.082s][info][gc,stats      ] 
[54.082s][info][gc,stats      ]   All times are wall-clock times, except per-root-class counters, that are sum over
[54.082s][info][gc,stats      ]   all workers. Dividing the <total> over the root stage time estimates parallelism.
[54.082s][info][gc,stats      ] 
[54.082s][info][gc,stats      ]   Pacing delays are measured from entering the pacing code till exiting it. Therefore,
[54.082s][info][gc,stats      ]   observed pacing delays may be higher than the threshold when paced thread spent more
[54.082s][info][gc,stats      ]   time in the pacing code. It usually happens when thread is de-scheduled while paced,
[54.082s][info][gc,stats      ]   OS takes longer to unblock the thread, or JVM experiences an STW pause.
[54.082s][info][gc,stats      ] 
[54.082s][info][gc,stats      ]   Higher delay would prevent application outpacing the GC, but it will hide the GC latencies
[54.082s][info][gc,stats      ]   from the STW pause times. Pacing affects the individual threads, and so it would also be
[54.082s][info][gc,stats      ]   invisible to the usual profiling tools, but would add up to end-to-end application latency.
[54.082s][info][gc,stats      ]   Raise max pacing delay with care.
[54.082s][info][gc,stats      ] 
[54.082s][info][gc,stats      ] Concurrent Reset               =    0.068 s (a =      762 us) (n =    89) (lvls, us =       86,      295,      326,      381,     6111)
[54.082s][info][gc,stats      ] Pause Init Mark (G)            =    0.360 s (a =     4041 us) (n =    89) (lvls, us =      826,     3184,     3965,     4492,    18037)
[54.082s][info][gc,stats      ] Pause Init Mark (N)            =    0.144 s (a =     1613 us) (n =    89) (lvls, us =      664,     1289,     1465,     1660,     8709)
[54.082s][info][gc,stats      ]   Accumulate Stats             =    0.002 s (a =       17 us) (n =    89) (lvls, us =        2,       10,       16,       23,       48)
[54.082s][info][gc,stats      ]   Make Parsable                =    0.001 s (a =       15 us) (n =    89) (lvls, us =        3,        9,       13,       17,       75)
[54.082s][info][gc,stats      ]   Update Region States         =    0.005 s (a =       58 us) (n =    89) (lvls, us =       35,       47,       52,       62,      131)
[54.082s][info][gc,stats      ]   Scan Roots                   =    0.131 s (a =     1469 us) (n =    89) (lvls, us =      506,     1133,     1328,     1504,     8607)
[54.082s][info][gc,stats      ]     S: <total>                 =    0.098 s (a =     1098 us) (n =    89) (lvls, us =      311,      865,     1035,     1211,     4660)
[54.082s][info][gc,stats      ]     S: Thread Roots            =    0.046 s (a =      517 us) (n =    89) (lvls, us =      174,      342,      473,      652,     1255)
[54.082s][info][gc,stats      ]     S: Universe Roots          =    0.000 s (a =        3 us) (n =    89) (lvls, us =        2,        2,        2,        3,       20)
[54.082s][info][gc,stats      ]     S: JNI Handles Roots       =    0.000 s (a =        2 us) (n =    89) (lvls, us =        1,        1,        1,        2,        4)
[54.082s][info][gc,stats      ]     S: Synchronizer Roots      =    0.000 s (a =        0 us) (n =    89) (lvls, us =        0,        0,        0,        0,        1)
[54.082s][info][gc,stats      ]     S: Management Roots        =    0.000 s (a =        2 us) (n =    89) (lvls, us =        1,        1,        2,        2,       13)
[54.082s][info][gc,stats      ]     S: System Dict Roots       =    0.001 s (a =       14 us) (n =    89) (lvls, us =        8,       11,       12,       13,       33)
[54.082s][info][gc,stats      ]     S: CLDG Roots              =    0.050 s (a =      559 us) (n =    89) (lvls, us =       77,      520,      547,      586,     3875)
[54.082s][info][gc,stats      ]     S: JVMTI Roots             =    0.000 s (a =        1 us) (n =    89) (lvls, us =        0,        0,        1,        1,        1)
[54.082s][info][gc,stats      ]   Resize TLABs                 =    0.001 s (a =       13 us) (n =    89) (lvls, us =        2,        6,       11,       17,       32)
[54.082s][info][gc,stats      ] Concurrent Marking             =   15.807 s (a =   177609 us) (n =    89) (lvls, us =    26953,   140625,   167969,   199219,   326614)
[54.082s][info][gc,stats      ] Concurrent Precleaning         =    0.024 s (a =      947 us) (n =    25) (lvls, us =      262,      279,      510,      559,     7458)
[54.082s][info][gc,stats      ] Pause Final Mark (G)           =    0.479 s (a =     5383 us) (n =    89) (lvls, us =      416,      572,      967,     4863,    45523)
[54.082s][info][gc,stats      ] Pause Final Mark (N)           =    0.377 s (a =     4240 us) (n =    89) (lvls, us =      354,      428,      488,     2441,    45262)
[54.082s][info][gc,stats      ]   Finish Queues                =    0.007 s (a =       77 us) (n =    89) (lvls, us =        9,       13,       17,       31,     4152)
[54.082s][info][gc,stats      ]   Weak References              =    0.001 s (a =       55 us) (n =    25) (lvls, us =       18,       20,       47,       53,      287)
[54.082s][info][gc,stats      ]     Process                    =    0.001 s (a =       52 us) (n =    25) (lvls, us =       16,       18,       44,       51,      285)
[54.082s][info][gc,stats      ]   System Purge                 =    0.026 s (a =      290 us) (n =    89) (lvls, us =      127,      254,      283,      303,      633)
[54.082s][info][gc,stats      ]     Unload Classes             =    0.012 s (a =      970 us) (n =    12) (lvls, us =      354,      922,     1055,     1074,     1245)
[54.082s][info][gc,stats      ]     Cleanup                    =    0.266 s (a =    22198 us) (n =    12) (lvls, us =     5469,    16797,    21094,    23633,    43060)
[54.082s][info][gc,stats      ]       CU: <total>              =    0.265 s (a =    22110 us) (n =    12) (lvls, us =     5410,    16797,    20898,    23633,    42949)
[54.082s][info][gc,stats      ]       CU: Code Cache Roots     =    0.079 s (a =     6573 us) (n =    12) (lvls, us =     1797,     4238,     7246,     8125,     8996)
[54.082s][info][gc,stats      ]       CU: Code Cache Cleaning  =    0.019 s (a =     1598 us) (n =    12) (lvls, us =      488,      988,     1387,     1641,     3218)
[54.082s][info][gc,stats      ]       CU: String Table Roots   =    0.079 s (a =     6554 us) (n =    12) (lvls, us =      832,     5859,     6250,     6523,    12299)
[54.082s][info][gc,stats      ]       CU: Resolved Table Roots =    0.002 s (a =      131 us) (n =    12) (lvls, us =       26,       71,      133,      160,      209)
[54.082s][info][gc,stats      ]       CU: CLDG Roots           =    0.087 s (a =     7254 us) (n =    12) (lvls, us =     2266,     5605,     5996,     6543,    18812)
[54.082s][info][gc,stats      ]     Weak Roots                 =    0.026 s (a =      290 us) (n =    89) (lvls, us =      127,      254,      283,      303,      632)
[54.082s][info][gc,stats      ]     CLDG                       =    0.003 s (a =      226 us) (n =    12) (lvls, us =        1,      164,      225,      234,      441)
[54.082s][info][gc,stats      ]   Update Region States         =    0.007 s (a =       73 us) (n =    89) (lvls, us =       57,       61,       64,       67,      296)
[54.082s][info][gc,stats      ]   Retire TLABs                 =    0.002 s (a =       22 us) (n =    89) (lvls, us =        5,       11,       19,       25,      100)
[54.082s][info][gc,stats      ]   Choose Collection Set        =    0.005 s (a =       56 us) (n =    89) (lvls, us =       20,       25,       31,       60,      298)
[54.082s][info][gc,stats      ]   Rebuild Free Set             =    0.001 s (a =       15 us) (n =    89) (lvls, us =       11,       13,       13,       14,       44)
[54.082s][info][gc,stats      ]   Initial Evacuation           =    0.047 s (a =     2236 us) (n =    21) (lvls, us =      912,     1328,     2305,     2734,     3478)
[54.082s][info][gc,stats      ]     E: <total>                 =    0.029 s (a =     1358 us) (n =    21) (lvls, us =      561,      771,     1230,     1660,     2369)
[54.082s][info][gc,stats      ]     E: Thread Roots            =    0.008 s (a =      362 us) (n =    21) (lvls, us =      168,      209,      238,      414,      806)
[54.082s][info][gc,stats      ]     E: Code Cache Roots        =    0.008 s (a =      375 us) (n =    21) (lvls, us =       82,      137,      217,      586,      746)
[54.082s][info][gc,stats      ]     E: Universe Roots          =    0.000 s (a =        4 us) (n =    21) (lvls, us =        1,        1,        1,        1,       31)
[54.082s][info][gc,stats      ]     E: JNI Handles Roots       =    0.000 s (a =        1 us) (n =    21) (lvls, us =        1,        1,        1,        1,        4)
[54.082s][info][gc,stats      ]     E: Synchronizer Roots      =    0.000 s (a =        0 us) (n =    21) (lvls, us =        0,        0,        0,        0,        1)
[54.082s][info][gc,stats      ]     E: Management Roots        =    0.000 s (a =        2 us) (n =    21) (lvls, us =        1,        1,        2,        2,       16)
[54.082s][info][gc,stats      ]     E: System Dict Roots       =    0.001 s (a =       25 us) (n =    21) (lvls, us =        7,        9,       15,       38,       45)
[54.082s][info][gc,stats      ]     E: CLDG Roots              =    0.012 s (a =      588 us) (n =    21) (lvls, us =      256,      406,      596,      666,      970)
[54.082s][info][gc,stats      ]     E: JVMTI Roots             =    0.000 s (a =        1 us) (n =    21) (lvls, us =        0,        0,        0,        0,        1)
[54.082s][info][gc,stats      ] Concurrent Cleanup             =    0.011 s (a =      119 us) (n =    89) (lvls, us =       66,       79,      102,      139,      449)
[54.082s][info][gc,stats      ] Concurrent Evacuation          =    0.834 s (a =    39727 us) (n =    21) (lvls, us =     1445,     6855,    14453,    66797,   113812)
[54.082s][info][gc,stats      ] Pause Init  Update Refs (G)    =    0.067 s (a =     3207 us) (n =    21) (lvls, us =      197,     2090,     2305,     3203,     8156)
[54.082s][info][gc,stats      ] Pause Init  Update Refs (N)    =    0.000 s (a =       14 us) (n =    21) (lvls, us =       10,       10,       11,       16,       28)
[54.082s][info][gc,stats      ]   Retire GCLABs                =    0.000 s (a =        6 us) (n =    21) (lvls, us =        3,        4,        4,        8,       12)
[54.082s][info][gc,stats      ] Concurrent Update Refs         =    5.230 s (a =   249028 us) (n =    21) (lvls, us =    14453,   134766,   265625,   304688,   500078)
[54.082s][info][gc,stats      ] Pause Final Update Refs (G)    =    0.076 s (a =     3608 us) (n =    21) (lvls, us =      451,     2441,     3223,     4219,     7390)
[54.082s][info][gc,stats      ] Pause Final Update Refs (N)    =    0.016 s (a =      785 us) (n =    21) (lvls, us =      268,      301,      420,      545,     4445)
[54.082s][info][gc,stats      ]   Update Roots                 =    0.011 s (a =      534 us) (n =    21) (lvls, us =      174,      211,      328,      434,     4352)
[54.082s][info][gc,stats      ]     UR: <total>                =    0.007 s (a =      327 us) (n =    21) (lvls, us =      164,      195,      295,      389,      572)
[54.082s][info][gc,stats      ]     UR: Thread Roots           =    0.007 s (a =      327 us) (n =    21) (lvls, us =      164,      195,      295,      389,      572)
[54.082s][info][gc,stats      ]   Update Region States         =    0.005 s (a =      221 us) (n =    21) (lvls, us =       60,       62,       64,       66,     3273)
[54.082s][info][gc,stats      ]   Trash Collection Set         =    0.000 s (a =        4 us) (n =    21) (lvls, us =        2,        2,        3,        5,        9)
[54.082s][info][gc,stats      ]   Rebuild Free Set             =    0.000 s (a =       14 us) (n =    21) (lvls, us =       12,       13,       13,       14,       20)
[54.082s][info][gc,stats      ] Concurrent Cleanup             =    0.002 s (a =       87 us) (n =    21) (lvls, us =       68,       68,       72,       98,      145)
[54.082s][info][gc,stats      ] Concurrent Uncommit            =    0.366 s (a =    36624 us) (n =    10) (lvls, us =    24805,    25195,    27930,    40234,    58713)
[54.082s][info][gc,stats      ] Pacing                         =    2.686 s (a =    30183 us) (n =    89) (lvls, us =        0,        0,    15625,    58203,   160103)
[54.082s][info][gc,stats      ] 
[54.082s][info][gc,stats      ] 
[54.082s][info][gc,stats      ] Under allocation pressure, concurrent cycles may cancel, and either continue cycle
[54.082s][info][gc,stats      ] under stop-the-world pause or result in stop-the-world Full GC. Increase heap size,
[54.082s][info][gc,stats      ] tune GC heuristics, set more aggressive pacing delay, or lower allocation rate
[54.082s][info][gc,stats      ] to avoid Degenerated and Full GC cycles.
[54.082s][info][gc,stats      ] 
[54.082s][info][gc,stats      ]    89 successful concurrent GCs
[54.082s][info][gc,stats      ]      10 invoked explicitly
[54.082s][info][gc,stats      ]       0 invoked implicitly
[54.082s][info][gc,stats      ] 
[54.082s][info][gc,stats      ]     0 Degenerated GCs
[54.082s][info][gc,stats      ]       0 caused by allocation failure
[54.082s][info][gc,stats      ]       0 upgraded to Full GC
[54.082s][info][gc,stats      ] 
[54.082s][info][gc,stats      ]     0 Full GCs
[54.082s][info][gc,stats      ]       0 invoked explicitly
[54.082s][info][gc,stats      ]       0 invoked implicitly
[54.082s][info][gc,stats      ]       0 caused by allocation failure
[54.082s][info][gc,stats      ]       0 upgraded from Degenerated GC
[54.082s][info][gc,stats      ] 
[54.082s][info][gc,stats      ] 
