[0.002s][info][gc,init] Initializing The Z Garbage Collector
[0.002s][info][gc,init] Version: 11.0.15+10-Ubuntu-0ubuntu0.20.04.1 (release)
[0.002s][info][gc,init] NUMA Support: Disabled
[0.002s][info][gc,init] CPUs: 1 total, 1 available
[0.002s][info][gc,init] Memory: 7952M
[0.002s][info][gc,init] Large Page Support: Disabled
[0.002s][info][gc,init] Workers: 1 parallel, 1 concurrent
[0.003s][info][gc,init] Heap backed by file: /memfd:java_heap
[0.003s][info][gc,init] Available space on backing filesystem: N/A
[0.056s][info][gc,init] Pre-touching: Disabled
[0.062s][info][gc,init] Pre-mapping: 126M
[0.075s][info][gc,init] Runtime Workers: 1 parallel
[0.075s][info][gc     ] Using The Z Garbage Collector
[3.013s][info][gc,start] GC(0) Garbage Collection (Warmup)
[3.014s][info][gc,phases] GC(0) Pause Mark Start 0.750ms
[3.034s][info][gc,phases] GC(0) Concurrent Mark 20.058ms
[3.037s][info][gc,phases] GC(0) Pause Mark End 0.203ms
[3.037s][info][gc,phases] GC(0) Concurrent Process Non-Strong References 0.355ms
[3.037s][info][gc,phases] GC(0) Concurrent Reset Relocation Set 0.000ms
[3.037s][info][gc,phases] GC(0) Concurrent Destroy Detached Pages 0.000ms
[3.041s][info][gc,phases] GC(0) Concurrent Select Relocation Set 4.433ms
[3.042s][info][gc,phases] GC(0) Concurrent Prepare Relocation Set 0.313ms
[3.043s][info][gc,phases] GC(0) Pause Relocate Start 0.880ms
[3.057s][info][gc,phases] GC(0) Concurrent Relocate 13.229ms
[3.058s][info][gc,load  ] GC(0) Load: 1.87/0.91/0.40
[3.058s][info][gc,mmu   ] GC(0) MMU: 2ms/56.0%, 5ms/82.4%, 10ms/89.2%, 20ms/94.6%, 50ms/96.3%, 100ms/98.2%
[3.058s][info][gc,marking] GC(0) Mark: 1 stripe(s), 2 proactive flush(es), 1 terminate flush(es), 0 completion(s), 0 continuation(s) 
[3.058s][info][gc,reloc  ] GC(0) Relocation: Successful, 6M relocated
[3.058s][info][gc,nmethod] GC(0) NMethods: 309 registered, 0 unregistered
[3.058s][info][gc,metaspace] GC(0) Metaspace: 19M used, 19M capacity, 19M committed, 20M reserved
[3.058s][info][gc,ref      ] GC(0) Soft: 316 encountered, 0 discovered, 0 enqueued
[3.058s][info][gc,ref      ] GC(0) Weak: 642 encountered, 587 discovered, 142 enqueued
[3.058s][info][gc,ref      ] GC(0) Final: 2 encountered, 0 discovered, 0 enqueued
[3.058s][info][gc,ref      ] GC(0) Phantom: 240 encountered, 230 discovered, 193 enqueued
[3.058s][info][gc,heap     ] GC(0)                Mark Start          Mark End        Relocate Start      Relocate End           High               Low         
[3.058s][info][gc,heap     ] GC(0)  Capacity:      160M (32%)         160M (32%)         160M (32%)         160M (32%)         160M (32%)         160M (32%)    
[3.058s][info][gc,heap     ] GC(0)   Reserve:       34M (7%)           34M (7%)           34M (7%)           34M (7%)           34M (7%)           34M (7%)     
[3.058s][info][gc,heap     ] GC(0)      Free:      390M (78%)         356M (71%)         356M (71%)         392M (78%)         392M (78%)         354M (71%)    
[3.058s][info][gc,heap     ] GC(0)      Used:       76M (15%)         110M (22%)         110M (22%)          74M (15%)         112M (22%)          74M (15%)    
[3.058s][info][gc,heap     ] GC(0)      Live:         -                 6M (1%)            6M (1%)            6M (1%)             -                  -          
[3.058s][info][gc,heap     ] GC(0) Allocated:         -                34M (7%)           34M (7%)           40M (8%)             -                  -          
[3.058s][info][gc,heap     ] GC(0)   Garbage:         -                69M (14%)          69M (14%)          33M (7%)             -                  -          
[3.058s][info][gc,heap     ] GC(0) Reclaimed:         -                  -                 0M (0%)           36M (7%)             -                  -          
[3.058s][info][gc          ] GC(0) Garbage Collection (Warmup) 76M(15%)->74M(15%)
[3.813s][info][gc,start    ] GC(1) Garbage Collection (Warmup)
[3.818s][info][gc,phases   ] GC(1) Pause Mark Start 3.929ms
[3.867s][info][gc,phases   ] GC(1) Concurrent Mark 49.157ms
[3.867s][info][gc,phases   ] GC(1) Pause Mark End 0.215ms
[3.868s][info][gc,phases   ] GC(1) Concurrent Process Non-Strong References 0.735ms
[3.868s][info][gc,phases   ] GC(1) Concurrent Reset Relocation Set 0.049ms
[3.868s][info][gc,phases   ] GC(1) Concurrent Destroy Detached Pages 0.000ms
[3.870s][info][gc,phases   ] GC(1) Concurrent Select Relocation Set 1.499ms
[3.870s][info][gc,phases   ] GC(1) Concurrent Prepare Relocation Set 0.307ms
[3.872s][info][gc,phases   ] GC(1) Pause Relocate Start 0.990ms
[3.904s][info][gc,phases   ] GC(1) Concurrent Relocate 31.137ms
[3.904s][info][gc,load     ] GC(1) Load: 1.87/0.91/0.40
[3.904s][info][gc,mmu      ] GC(1) MMU: 2ms/0.0%, 5ms/21.4%, 10ms/60.7%, 20ms/80.4%, 50ms/92.1%, 100ms/94.9%
[3.904s][info][gc,marking  ] GC(1) Mark: 1 stripe(s), 2 proactive flush(es), 1 terminate flush(es), 0 completion(s), 0 continuation(s) 
[3.904s][info][gc,reloc    ] GC(1) Relocation: Successful, 11M relocated
[3.904s][info][gc,nmethod  ] GC(1) NMethods: 466 registered, 0 unregistered
[3.904s][info][gc,metaspace] GC(1) Metaspace: 25M used, 25M capacity, 26M committed, 26M reserved
[3.904s][info][gc,ref      ] GC(1) Soft: 2710 encountered, 0 discovered, 0 enqueued
[3.904s][info][gc,ref      ] GC(1) Weak: 1060 encountered, 788 discovered, 168 enqueued
[3.904s][info][gc,ref      ] GC(1) Final: 4 encountered, 1 discovered, 1 enqueued
[3.904s][info][gc,ref      ] GC(1) Phantom: 748 encountered, 689 discovered, 147 enqueued
[3.904s][info][gc,heap     ] GC(1)                Mark Start          Mark End        Relocate Start      Relocate End           High               Low         
[3.904s][info][gc,heap     ] GC(1)  Capacity:      160M (32%)         160M (32%)         160M (32%)         178M (36%)         178M (36%)         160M (32%)    
[3.904s][info][gc,heap     ] GC(1)   Reserve:       34M (7%)           34M (7%)           34M (7%)           34M (7%)           34M (7%)           34M (7%)     
[3.904s][info][gc,heap     ] GC(1)      Free:      366M (73%)         364M (73%)         364M (73%)         414M (83%)         416M (83%)         330M (66%)    
[3.904s][info][gc,heap     ] GC(1)      Used:      100M (20%)         102M (20%)         102M (20%)          52M (10%)         136M (27%)          50M (10%)    
[3.904s][info][gc,heap     ] GC(1)      Live:         -                18M (4%)           18M (4%)           18M (4%)             -                  -          
[3.904s][info][gc,heap     ] GC(1) Allocated:         -                 2M (0%)            2M (0%)           44M (9%)             -                  -          
[3.904s][info][gc,heap     ] GC(1)   Garbage:         -                81M (16%)          81M (16%)          29M (6%)             -                  -          
[3.904s][info][gc,heap     ] GC(1) Reclaimed:         -                  -                 0M (0%)           52M (10%)            -                  -          
[3.904s][info][gc          ] GC(1) Garbage Collection (Warmup) 100M(20%)->52M(10%)
[5.773s][info][gc,start    ] GC(2) Garbage Collection (Metadata GC Threshold)
[5.778s][info][gc,phases   ] GC(2) Pause Mark Start 2.033ms
[5.891s][info][gc,phases   ] GC(2) Concurrent Mark 112.777ms
[5.891s][info][gc,phases   ] GC(2) Pause Mark End 0.355ms
[5.893s][info][gc,phases   ] GC(2) Concurrent Process Non-Strong References 1.479ms
[5.893s][info][gc,phases   ] GC(2) Concurrent Reset Relocation Set 0.004ms
[5.893s][info][gc,phases   ] GC(2) Concurrent Destroy Detached Pages 0.000ms
[5.895s][info][gc,phases   ] GC(2) Concurrent Select Relocation Set 1.507ms
[5.896s][info][gc,phases   ] GC(2) Concurrent Prepare Relocation Set 1.458ms
[5.898s][info][gc,phases   ] GC(2) Pause Relocate Start 2.358ms
[5.926s][info][gc,phases   ] GC(2) Concurrent Relocate 27.770ms
[5.926s][info][gc,load     ] GC(2) Load: 1.87/0.91/0.40
[5.926s][info][gc,mmu      ] GC(2) MMU: 2ms/0.0%, 5ms/21.4%, 10ms/60.7%, 20ms/80.4%, 50ms/92.1%, 100ms/94.9%
[5.926s][info][gc,marking  ] GC(2) Mark: 1 stripe(s), 2 proactive flush(es), 3 terminate flush(es), 0 completion(s), 0 continuation(s) 
[5.926s][info][gc,reloc    ] GC(2) Relocation: Successful, 11M relocated
[5.926s][info][gc,nmethod  ] GC(2) NMethods: 869 registered, 0 unregistered
[5.926s][info][gc,metaspace] GC(2) Metaspace: 42M used, 43M capacity, 44M committed, 44M reserved
[5.926s][info][gc,ref      ] GC(2) Soft: 3107 encountered, 0 discovered, 0 enqueued
[5.926s][info][gc,ref      ] GC(2) Weak: 1872 encountered, 1468 discovered, 242 enqueued
[5.926s][info][gc,ref      ] GC(2) Final: 38 encountered, 18 discovered, 18 enqueued
[5.926s][info][gc,ref      ] GC(2) Phantom: 1007 encountered, 884 discovered, 382 enqueued
[5.926s][info][gc,heap     ] GC(2)                Mark Start          Mark End        Relocate Start      Relocate End           High               Low         
[5.926s][info][gc,heap     ] GC(2)  Capacity:      232M (46%)         236M (47%)         236M (47%)         238M (48%)         238M (48%)         232M (46%)    
[5.926s][info][gc,heap     ] GC(2)   Reserve:       34M (7%)           34M (7%)           34M (7%)           34M (7%)           34M (7%)           34M (7%)     
[5.926s][info][gc,heap     ] GC(2)      Free:      332M (66%)         328M (66%)         328M (66%)         408M (82%)         408M (82%)         326M (65%)    
[5.926s][info][gc,heap     ] GC(2)      Used:      134M (27%)         138M (28%)         138M (28%)          58M (12%)         140M (28%)          58M (12%)    
[5.926s][info][gc,heap     ] GC(2)      Live:         -                24M (5%)           24M (5%)           24M (5%)             -                  -          
[5.926s][info][gc,heap     ] GC(2) Allocated:         -                 4M (1%)            4M (1%)           12M (2%)             -                  -          
[5.926s][info][gc,heap     ] GC(2)   Garbage:         -               109M (22%)         109M (22%)          29M (6%)             -                  -          
[5.926s][info][gc,heap     ] GC(2) Reclaimed:         -                  -                 0M (0%)           80M (16%)            -                  -          
[5.926s][info][gc          ] GC(2) Garbage Collection (Metadata GC Threshold) 134M(27%)->58M(12%)
[7.313s][info][gc,start    ] GC(3) Garbage Collection (Allocation Rate)
[7.316s][info][gc,phases   ] GC(3) Pause Mark Start 1.329ms
[7.500s][info][gc,phases   ] GC(3) Concurrent Mark 183.878ms
[7.503s][info][gc,phases   ] GC(3) Pause Mark End 0.169ms
[7.504s][info][gc,phases   ] GC(3) Concurrent Process Non-Strong References 1.725ms
[7.505s][info][gc,phases   ] GC(3) Concurrent Reset Relocation Set 0.006ms
[7.505s][info][gc,phases   ] GC(3) Concurrent Destroy Detached Pages 0.000ms
[7.506s][info][gc,phases   ] GC(3) Concurrent Select Relocation Set 1.626ms
[7.510s][info][gc,phases   ] GC(3) Concurrent Prepare Relocation Set 3.155ms
[7.512s][info][gc,phases   ] GC(3) Pause Relocate Start 2.075ms
[7.683s][info][gc,phases   ] GC(3) Concurrent Relocate 164.407ms
[7.684s][info][gc,load     ] GC(3) Load: 1.96/0.95/0.42
[7.684s][info][gc,mmu      ] GC(3) MMU: 2ms/0.0%, 5ms/21.4%, 10ms/60.7%, 20ms/80.4%, 50ms/92.1%, 100ms/94.9%
[7.684s][info][gc,marking  ] GC(3) Mark: 1 stripe(s), 2 proactive flush(es), 1 terminate flush(es), 0 completion(s), 0 continuation(s) 
[7.684s][info][gc,reloc    ] GC(3) Relocation: Successful, 34M relocated
[7.684s][info][gc,nmethod  ] GC(3) NMethods: 1075 registered, 0 unregistered
[7.684s][info][gc,metaspace] GC(3) Metaspace: 50M used, 52M capacity, 52M committed, 54M reserved
[7.684s][info][gc,ref      ] GC(3) Soft: 3451 encountered, 0 discovered, 0 enqueued
[7.684s][info][gc,ref      ] GC(3) Weak: 2313 encountered, 1768 discovered, 156 enqueued
[7.684s][info][gc,ref      ] GC(3) Final: 23 encountered, 0 discovered, 0 enqueued
[7.684s][info][gc,ref      ] GC(3) Phantom: 913 encountered, 862 discovered, 282 enqueued
[7.684s][info][gc,heap     ] GC(3)                Mark Start          Mark End        Relocate Start      Relocate End           High               Low         
[7.684s][info][gc,heap     ] GC(3)  Capacity:      386M (77%)         476M (95%)         476M (95%)         484M (97%)         484M (97%)         386M (77%)    
[7.684s][info][gc,heap     ] GC(3)   Reserve:       34M (7%)           34M (7%)           34M (7%)           34M (7%)           34M (7%)           34M (7%)     
[7.684s][info][gc,heap     ] GC(3)      Free:      178M (36%)          88M (18%)          88M (18%)         168M (34%)         178M (36%)          80M (16%)    
[7.684s][info][gc,heap     ] GC(3)      Used:      288M (58%)         378M (76%)         378M (76%)         298M (60%)         386M (77%)         288M (58%)    
[7.684s][info][gc,heap     ] GC(3)      Live:         -                52M (10%)          52M (10%)          52M (10%)            -                  -          
[7.684s][info][gc,heap     ] GC(3) Allocated:         -                90M (18%)          90M (18%)         246M (49%)            -                  -          
[7.684s][info][gc,heap     ] GC(3)   Garbage:         -               235M (47%)         235M (47%)          29M (6%)             -                  -          
[7.684s][info][gc,heap     ] GC(3) Reclaimed:         -                  -                 0M (0%)          206M (41%)            -                  -          
[7.684s][info][gc          ] GC(3) Garbage Collection (Allocation Rate) 288M(58%)->298M(60%)
[7.713s][info][gc,start    ] GC(4) Garbage Collection (Allocation Rate)
[7.717s][info][gc,phases   ] GC(4) Pause Mark Start 1.209ms
[7.810s][info][gc,heap     ] Page Cache Flushed: 2M requested, 32M(64M->32M) flushed
[7.889s][info][gc,heap     ] Page Cache Flushed: 2M requested, 32M(32M->0M) flushed
[7.978s][info][gc,phases   ] GC(4) Concurrent Mark 261.141ms
[7.978s][info][gc,phases   ] GC(4) Pause Mark End 0.206ms
[7.979s][info][gc,phases   ] GC(4) Concurrent Process Non-Strong References 1.095ms
[7.980s][info][gc,phases   ] GC(4) Concurrent Reset Relocation Set 0.312ms
[7.980s][info][gc,phases   ] GC(4) Concurrent Destroy Detached Pages 0.004ms
[7.981s][info][gc,phases   ] GC(4) Concurrent Select Relocation Set 1.502ms
[7.985s][info][gc,phases   ] GC(4) Concurrent Prepare Relocation Set 3.540ms
[7.986s][info][gc,phases   ] GC(4) Pause Relocate Start 1.113ms
[7.987s][info][gc          ] Allocation Stall (main) 46.940ms
[7.989s][info][gc          ] Allocation Stall (main) 0.837ms
[7.992s][info][gc          ] Allocation Stall (main) 1.473ms
[7.997s][info][gc          ] Allocation Stall (main) 1.696ms
[8.013s][info][gc          ] Allocation Stall (main) 5.076ms
[8.032s][info][gc          ] Allocation Stall (main) 7.353ms
[8.236s][info][gc,phases   ] GC(4) Concurrent Relocate 249.604ms
[8.236s][info][gc,load     ] GC(4) Load: 1.96/0.95/0.42
[8.236s][info][gc,mmu      ] GC(4) MMU: 2ms/0.0%, 5ms/21.4%, 10ms/60.7%, 20ms/80.4%, 50ms/92.1%, 100ms/94.9%
[8.236s][info][gc,marking  ] GC(4) Mark: 1 stripe(s), 2 proactive flush(es), 1 terminate flush(es), 0 completion(s), 0 continuation(s) 
[8.236s][info][gc,reloc    ] GC(4) Relocation: Successful, 43M relocated
[8.236s][info][gc,nmethod  ] GC(4) NMethods: 1075 registered, 0 unregistered
[8.236s][info][gc,metaspace] GC(4) Metaspace: 50M used, 52M capacity, 52M committed, 54M reserved
[8.236s][info][gc,ref      ] GC(4) Soft: 3451 encountered, 0 discovered, 0 enqueued
[8.236s][info][gc,ref      ] GC(4) Weak: 2157 encountered, 1612 discovered, 0 enqueued
[8.236s][info][gc,ref      ] GC(4) Final: 23 encountered, 0 discovered, 0 enqueued
[8.236s][info][gc,ref      ] GC(4) Phantom: 631 encountered, 627 discovered, 0 enqueued
[8.236s][info][gc,heap     ] GC(4)                Mark Start          Mark End        Relocate Start      Relocate End           High               Low         
[8.236s][info][gc,heap     ] GC(4)  Capacity:      484M (97%)         500M (100%)        500M (100%)        500M (100%)        500M (100%)        484M (97%)    
[8.236s][info][gc,heap     ] GC(4)   Reserve:       34M (7%)           34M (7%)           34M (7%)           34M (7%)           34M (7%)           32M (6%)     
[8.236s][info][gc,heap     ] GC(4)      Free:      120M (24%)           0M (0%)            0M (0%)           28M (6%)          120M (24%)           0M (0%)     
[8.236s][info][gc,heap     ] GC(4)      Used:      346M (69%)         466M (93%)         466M (93%)         438M (88%)         468M (94%)         346M (69%)    
[8.236s][info][gc,heap     ] GC(4)      Live:         -                89M (18%)          89M (18%)          89M (18%)            -                  -          
[8.236s][info][gc,heap     ] GC(4) Allocated:         -               120M (24%)         120M (24%)         358M (72%)            -                  -          
[8.236s][info][gc,heap     ] GC(4)   Garbage:         -               256M (51%)         256M (51%)          32M (7%)             -                  -          
[8.236s][info][gc,heap     ] GC(4) Reclaimed:         -                  -                 0M (0%)          224M (45%)            -                  -          
[8.236s][info][gc          ] GC(4) Garbage Collection (Allocation Rate) 346M(69%)->438M(88%)
[8.255s][info][gc,start    ] GC(5) Garbage Collection (Allocation Stall)
[8.255s][info][gc,ref      ] GC(5) Clearing All Soft References
[8.256s][info][gc,phases   ] GC(5) Pause Mark Start 1.228ms
[8.449s][info][gc,phases   ] GC(5) Concurrent Mark 192.532ms
[8.449s][info][gc,phases   ] GC(5) Pause Mark End 0.192ms
[8.450s][info][gc,phases   ] GC(5) Concurrent Process Non-Strong References 1.152ms
[8.451s][info][gc,phases   ] GC(5) Concurrent Reset Relocation Set 0.424ms
[8.451s][info][gc,phases   ] GC(5) Concurrent Destroy Detached Pages 0.000ms
[8.453s][info][gc,phases   ] GC(5) Concurrent Select Relocation Set 1.998ms
[8.458s][info][gc,phases   ] GC(5) Concurrent Prepare Relocation Set 4.754ms
[8.459s][info][gc,phases   ] GC(5) Pause Relocate Start 1.256ms
[8.460s][info][gc          ] Allocation Stall (main) 205.538ms
[8.463s][info][gc          ] Allocation Stall (Spark Context Cleaner) 120.655ms
[8.464s][info][gc          ] Allocation Stall (main) 1.491ms
[8.471s][info][gc          ] Allocation Stall (main) 4.252ms
[8.831s][info][gc,phases   ] GC(5) Concurrent Relocate 371.224ms
[8.831s][info][gc,load     ] GC(5) Load: 1.96/0.95/0.42
[8.831s][info][gc,mmu      ] GC(5) MMU: 2ms/0.0%, 5ms/21.4%, 10ms/60.7%, 20ms/80.4%, 50ms/92.1%, 100ms/94.9%
[8.831s][info][gc,marking  ] GC(5) Mark: 1 stripe(s), 2 proactive flush(es), 1 terminate flush(es), 0 completion(s), 0 continuation(s) 
[8.831s][info][gc,reloc    ] GC(5) Relocation: Successful, 57M relocated
[8.831s][info][gc,nmethod  ] GC(5) NMethods: 1095 registered, 0 unregistered
[8.831s][info][gc,metaspace] GC(5) Metaspace: 50M used, 52M capacity, 52M committed, 54M reserved
[8.831s][info][gc,ref      ] GC(5) Soft: 3437 encountered, 1902 discovered, 1647 enqueued
[8.831s][info][gc,ref      ] GC(5) Weak: 2157 encountered, 1600 discovered, 0 enqueued
[8.831s][info][gc,ref      ] GC(5) Final: 23 encountered, 0 discovered, 0 enqueued
[8.831s][info][gc,ref      ] GC(5) Phantom: 631 encountered, 627 discovered, 0 enqueued
[8.831s][info][gc,heap     ] GC(5)                Mark Start          Mark End        Relocate Start      Relocate End           High               Low         
[8.831s][info][gc,heap     ] GC(5)  Capacity:      500M (100%)        500M (100%)        500M (100%)        500M (100%)        500M (100%)        500M (100%)   
[8.831s][info][gc,heap     ] GC(5)   Reserve:       34M (7%)           34M (7%)           34M (7%)           34M (7%)           34M (7%)           32M (6%)     
[8.831s][info][gc,heap     ] GC(5)      Free:        0M (0%)            0M (0%)            0M (0%)          182M (36%)         182M (36%)           0M (0%)     
[8.831s][info][gc,heap     ] GC(5)      Used:      466M (93%)         466M (93%)         466M (93%)         284M (57%)         468M (94%)         284M (57%)    
[8.831s][info][gc,heap     ] GC(5)      Live:         -               135M (27%)         135M (27%)         135M (27%)            -                  -          
[8.831s][info][gc,heap     ] GC(5) Allocated:         -                 0M (0%)            0M (0%)          174M (35%)            -                  -          
[8.831s][info][gc,heap     ] GC(5)   Garbage:         -               330M (66%)         330M (66%)          30M (6%)             -                  -          
[8.831s][info][gc,heap     ] GC(5) Reclaimed:         -                  -                 0M (0%)          300M (60%)            -                  -          
[8.831s][info][gc          ] GC(5) Garbage Collection (Allocation Stall) 466M(93%)->284M(57%)
[8.913s][info][gc,start    ] GC(6) Garbage Collection (Allocation Rate)
[8.915s][info][gc,phases   ] GC(6) Pause Mark Start 1.316ms
[9.405s][info][gc,phases   ] GC(6) Concurrent Mark 489.991ms
[9.407s][info][gc,phases   ] GC(6) Pause Mark End 0.266ms
[9.409s][info][gc,phases   ] GC(6) Concurrent Process Non-Strong References 1.249ms
[9.409s][info][gc,phases   ] GC(6) Concurrent Reset Relocation Set 0.580ms
[9.409s][info][gc,phases   ] GC(6) Concurrent Destroy Detached Pages 0.000ms
[9.411s][info][gc,phases   ] GC(6) Concurrent Select Relocation Set 1.589ms
[9.412s][info][gc,phases   ] GC(6) Concurrent Prepare Relocation Set 1.358ms
[9.414s][info][gc,phases   ] GC(6) Pause Relocate Start 1.119ms
[9.560s][info][gc,phases   ] GC(6) Concurrent Relocate 137.349ms
[9.560s][info][gc,load     ] GC(6) Load: 1.96/0.95/0.42
[9.560s][info][gc,mmu      ] GC(6) MMU: 2ms/0.0%, 5ms/21.4%, 10ms/60.7%, 20ms/80.4%, 50ms/92.1%, 100ms/94.9%
[9.560s][info][gc,marking  ] GC(6) Mark: 1 stripe(s), 2 proactive flush(es), 1 terminate flush(es), 0 completion(s), 0 continuation(s) 
[9.560s][info][gc,reloc    ] GC(6) Relocation: Successful, 22M relocated
[9.560s][info][gc,nmethod  ] GC(6) NMethods: 1126 registered, 0 unregistered
[9.560s][info][gc,metaspace] GC(6) Metaspace: 52M used, 54M capacity, 54M committed, 56M reserved
[9.560s][info][gc,ref      ] GC(6) Soft: 1791 encountered, 0 discovered, 0 enqueued
[9.560s][info][gc,ref      ] GC(6) Weak: 2158 encountered, 1605 discovered, 1 enqueued
[9.560s][info][gc,ref      ] GC(6) Final: 23 encountered, 0 discovered, 0 enqueued
[9.560s][info][gc,ref      ] GC(6) Phantom: 633 encountered, 442 discovered, 1 enqueued
[9.560s][info][gc,heap     ] GC(6)                Mark Start          Mark End        Relocate Start      Relocate End           High               Low         
[9.560s][info][gc,heap     ] GC(6)  Capacity:      500M (100%)        500M (100%)        500M (100%)        500M (100%)        500M (100%)        500M (100%)   
[9.560s][info][gc,heap     ] GC(6)   Reserve:       34M (7%)           34M (7%)           34M (7%)           34M (7%)           34M (7%)           34M (7%)     
[9.560s][info][gc,heap     ] GC(6)      Free:      182M (36%)         174M (35%)         174M (35%)         272M (54%)         272M (54%)         172M (34%)    
[9.560s][info][gc,heap     ] GC(6)      Used:      284M (57%)         292M (58%)         292M (58%)         194M (39%)         294M (59%)         194M (39%)    
[9.560s][info][gc,heap     ] GC(6)      Live:         -               152M (30%)         152M (30%)         152M (30%)            -                  -          
[9.560s][info][gc,heap     ] GC(6) Allocated:         -                 8M (2%)            8M (2%)           30M (6%)             -                  -          
[9.560s][info][gc,heap     ] GC(6)   Garbage:         -               131M (26%)         131M (26%)          29M (6%)             -                  -          
[9.560s][info][gc,heap     ] GC(6) Reclaimed:         -                  -                 0M (0%)          102M (20%)            -                  -          
[9.560s][info][gc          ] GC(6) Garbage Collection (Allocation Rate) 284M(57%)->194M(39%)
[9.613s][info][gc,start    ] GC(7) Garbage Collection (Allocation Rate)
[9.620s][info][gc,phases   ] GC(7) Pause Mark Start 1.613ms
[9.705s][info][gc,phases   ] GC(7) Concurrent Mark 84.209ms
[9.709s][info][gc,phases   ] GC(7) Pause Mark End 0.403ms
[9.710s][info][gc,phases   ] GC(7) Concurrent Process Non-Strong References 1.105ms
[9.711s][info][gc,phases   ] GC(7) Concurrent Reset Relocation Set 0.263ms
[9.711s][info][gc,phases   ] GC(7) Concurrent Destroy Detached Pages 0.000ms
[9.713s][info][gc,phases   ] GC(7) Concurrent Select Relocation Set 1.978ms
[9.713s][info][gc,phases   ] GC(7) Concurrent Prepare Relocation Set 0.065ms
[9.714s][info][gc,phases   ] GC(7) Pause Relocate Start 1.227ms
[9.718s][info][gc,phases   ] GC(7) Concurrent Relocate 3.895ms
[9.718s][info][gc,load     ] GC(7) Load: 1.96/0.95/0.42
[9.718s][info][gc,mmu      ] GC(7) MMU: 2ms/0.0%, 5ms/21.4%, 10ms/60.7%, 20ms/80.4%, 50ms/92.1%, 100ms/94.9%
[9.718s][info][gc,marking  ] GC(7) Mark: 1 stripe(s), 3 proactive flush(es), 3 terminate flush(es), 0 completion(s), 0 continuation(s) 
[9.718s][info][gc,reloc    ] GC(7) Relocation: Successful, 9M relocated
[9.718s][info][gc,nmethod  ] GC(7) NMethods: 1151 registered, 0 unregistered
[9.718s][info][gc,metaspace] GC(7) Metaspace: 53M used, 55M capacity, 55M committed, 56M reserved
[9.718s][info][gc,ref      ] GC(7) Soft: 1882 encountered, 0 discovered, 0 enqueued
[9.718s][info][gc,ref      ] GC(7) Weak: 2355 encountered, 1804 discovered, 59 enqueued
[9.718s][info][gc,ref      ] GC(7) Final: 24 encountered, 0 discovered, 0 enqueued
[9.718s][info][gc,ref      ] GC(7) Phantom: 751 encountered, 609 discovered, 118 enqueued
[9.718s][info][gc,heap     ] GC(7)                Mark Start          Mark End        Relocate Start      Relocate End           High               Low         
[9.718s][info][gc,heap     ] GC(7)  Capacity:      500M (100%)        500M (100%)        500M (100%)        500M (100%)        500M (100%)        500M (100%)   
[9.718s][info][gc,heap     ] GC(7)   Reserve:       34M (7%)           34M (7%)           34M (7%)           34M (7%)           34M (7%)           34M (7%)     
[9.718s][info][gc,heap     ] GC(7)      Free:      270M (54%)         266M (53%)         380M (76%)         406M (81%)         406M (81%)         266M (53%)    
[9.718s][info][gc,heap     ] GC(7)      Used:      196M (39%)         200M (40%)          86M (17%)          60M (12%)         200M (40%)          60M (12%)    
[9.718s][info][gc,heap     ] GC(7)      Live:         -                25M (5%)           25M (5%)           25M (5%)             -                  -          
[9.718s][info][gc,heap     ] GC(7) Allocated:         -                 4M (1%)            4M (1%)            8M (2%)             -                  -          
[9.718s][info][gc,heap     ] GC(7)   Garbage:         -               170M (34%)          56M (11%)          30M (6%)             -                  -          
[9.718s][info][gc,heap     ] GC(7) Reclaimed:         -                  -               114M (23%)         140M (28%)            -                  -          
[9.718s][info][gc          ] GC(7) Garbage Collection (Allocation Rate) 196M(39%)->60M(12%)
[10.113s][info][gc,stats    ] === Garbage Collection Statistics =======================================================================================================================
[10.113s][info][gc,stats    ]                                                              Last 10s              Last 10m              Last 10h                Total
[10.113s][info][gc,stats    ]                                                              Avg / Max             Avg / Max             Avg / Max             Avg / Max
[10.113s][info][gc,stats    ]   Collector: Garbage Collection Cycle                    313.611 / 646.517     313.611 / 646.517     313.611 / 646.517     313.611 / 646.517     ms
[10.113s][info][gc,stats    ]  Contention: Mark Segment Reset Contention                     0 / 0                 0 / 0                 0 / 0                 0 / 0           ops/s
[10.113s][info][gc,stats    ]  Contention: Mark SeqNum Reset Contention                      0 / 0                 0 / 0                 0 / 0                 0 / 0           ops/s
[10.113s][info][gc,stats    ]  Contention: Relocation Contention                             0 / 0                 0 / 0                 0 / 0                 0 / 0           ops/s
[10.113s][info][gc,stats    ]    Critical: Allocation Stall                             39.531 / 205.538      39.531 / 205.538      39.531 / 205.538      39.531 / 205.538     ms
[10.113s][info][gc,stats    ]    Critical: Allocation Stall                                  1 / 6                 1 / 6                 1 / 6                 1 / 6           ops/s
[10.113s][info][gc,stats    ]    Critical: GC Locker Stall                               0.020 / 0.020         0.020 / 0.020         0.020 / 0.020         0.020 / 0.020       ms
[10.113s][info][gc,stats    ]    Critical: GC Locker Stall                                   0 / 1                 0 / 1                 0 / 1                 0 / 1           ops/s
[10.113s][info][gc,stats    ]      Memory: Allocation Rate                                 121 / 616             121 / 616             121 / 616             121 / 616         MB/s
[10.113s][info][gc,stats    ]      Memory: Heap Used After Mark                            269 / 466             269 / 466             269 / 466             269 / 466         MB
[10.113s][info][gc,stats    ]      Memory: Heap Used After Relocation                      182 / 438             182 / 438             182 / 438             182 / 438         MB
[10.113s][info][gc,stats    ]      Memory: Heap Used Before Mark                           236 / 466             236 / 466             236 / 466             236 / 466         MB
[10.113s][info][gc,stats    ]      Memory: Heap Used Before Relocation                     254 / 466             254 / 466             254 / 466             254 / 466         MB
[10.113s][info][gc,stats    ]      Memory: Out Of Memory                                     0 / 0                 0 / 0                 0 / 0                 0 / 0           ops/s
[10.113s][info][gc,stats    ]      Memory: Page Cache Flush                                  6 / 64                6 / 64                6 / 64                6 / 64          MB/s
[10.113s][info][gc,stats    ]      Memory: Page Cache Hit L1                                44 / 179              44 / 179              44 / 179              44 / 179         ops/s
[10.113s][info][gc,stats    ]      Memory: Page Cache Hit L2                                 0 / 0                 0 / 0                 0 / 0                 0 / 0           ops/s
[10.113s][info][gc,stats    ]      Memory: Page Cache Miss                                  22 / 154              22 / 154              22 / 154              22 / 154         ops/s
[10.113s][info][gc,stats    ]      Memory: Undo Object Allocation Failed                     0 / 0                 0 / 0                 0 / 0                 0 / 0           ops/s
[10.113s][info][gc,stats    ]      Memory: Undo Object Allocation Succeeded                  0 / 0                 0 / 0                 0 / 0                 0 / 0           ops/s
[10.113s][info][gc,stats    ]      Memory: Undo Page Allocation                              0 / 1                 0 / 1                 0 / 1                 0 / 1           ops/s
[10.113s][info][gc,stats    ]       Phase: Concurrent Destroy Detached Pages             0.001 / 0.004         0.001 / 0.004         0.001 / 0.004         0.001 / 0.004       ms
[10.113s][info][gc,stats    ]       Phase: Concurrent Mark                             174.218 / 489.991     174.218 / 489.991     174.218 / 489.991     174.218 / 489.991     ms
[10.113s][info][gc,stats    ]       Phase: Concurrent Mark Continue                      0.000 / 0.000         0.000 / 0.000         0.000 / 0.000         0.000 / 0.000       ms
[10.113s][info][gc,stats    ]       Phase: Concurrent Prepare Relocation Set             1.869 / 4.754         1.869 / 4.754         1.869 / 4.754         1.869 / 4.754       ms
[10.113s][info][gc,stats    ]       Phase: Concurrent Process Non-Strong References      1.112 / 1.725         1.112 / 1.725         1.112 / 1.725         1.112 / 1.725       ms
[10.113s][info][gc,stats    ]       Phase: Concurrent Relocate                         124.827 / 371.224     124.827 / 371.224     124.827 / 371.224     124.827 / 371.224     ms
[10.113s][info][gc,stats    ]       Phase: Concurrent Reset Relocation Set               0.205 / 0.580         0.205 / 0.580         0.205 / 0.580         0.205 / 0.580       ms
[10.113s][info][gc,stats    ]       Phase: Concurrent Select Relocation Set              2.017 / 4.433         2.017 / 4.433         2.017 / 4.433         2.017 / 4.433       ms
[10.113s][info][gc,stats    ]       Phase: Pause Mark End                                0.251 / 0.403         0.251 / 0.403         0.251 / 0.403         0.251 / 0.403       ms
[10.113s][info][gc,stats    ]       Phase: Pause Mark Start                              1.676 / 3.929         1.676 / 3.929         1.676 / 3.929         1.676 / 3.929       ms
[10.113s][info][gc,stats    ]       Phase: Pause Relocate Start                          1.377 / 2.358         1.377 / 2.358         1.377 / 2.358         1.377 / 2.358       ms
[10.113s][info][gc,stats    ]    Subphase: Concurrent Mark                             173.723 / 489.968     173.723 / 489.968     173.723 / 489.968     173.723 / 489.968     ms
[10.113s][info][gc,stats    ]    Subphase: Concurrent Mark Idle                          0.000 / 0.000         0.000 / 0.000         0.000 / 0.000         0.000 / 0.000       ms
[10.113s][info][gc,stats    ]    Subphase: Concurrent Mark Try Flush                     1.838 / 9.760         1.838 / 9.760         1.838 / 9.760         1.838 / 9.760       ms
[10.113s][info][gc,stats    ]    Subphase: Concurrent Mark Try Terminate                 1.078 / 9.762         1.078 / 9.762         1.078 / 9.762         1.078 / 9.762       ms
[10.113s][info][gc,stats    ]    Subphase: Concurrent References Enqueue                 0.002 / 0.004         0.002 / 0.004         0.002 / 0.004         0.002 / 0.004       ms
[10.114s][info][gc,stats    ]    Subphase: Concurrent References Process                 0.421 / 0.556         0.421 / 0.556         0.421 / 0.556         0.421 / 0.556       ms
[10.114s][info][gc,stats    ]    Subphase: Concurrent Weak Roots                         0.680 / 1.190         0.680 / 1.190         0.680 / 1.190         0.680 / 1.190       ms
[10.114s][info][gc,stats    ]    Subphase: Concurrent Weak Roots JNIWeakHandles          0.000 / 0.000         0.000 / 0.000         0.000 / 0.000         0.000 / 0.000       ms
[10.114s][info][gc,stats    ]    Subphase: Concurrent Weak Roots StringTable             0.555 / 0.948         0.555 / 0.948         0.555 / 0.948         0.555 / 0.948       ms
[10.114s][info][gc,stats    ]    Subphase: Concurrent Weak Roots VMWeakHandles           0.123 / 0.241         0.123 / 0.241         0.123 / 0.241         0.123 / 0.241       ms
[10.114s][info][gc,stats    ]    Subphase: Pause Mark Try Complete                       0.000 / 0.000         0.000 / 0.000         0.000 / 0.000         0.000 / 0.000       ms
[10.114s][info][gc,stats    ]    Subphase: Pause Remap TLABS                             0.001 / 0.001         0.001 / 0.001         0.001 / 0.001         0.001 / 0.001       ms
[10.114s][info][gc,stats    ]    Subphase: Pause Retire TLABS                            0.009 / 0.015         0.009 / 0.015         0.009 / 0.015         0.009 / 0.015       ms
[10.114s][info][gc,stats    ]    Subphase: Pause Roots                                   1.001 / 3.858         1.001 / 3.858         1.001 / 3.858         1.001 / 3.858       ms
[10.114s][info][gc,stats    ]    Subphase: Pause Roots ClassLoaderDataGraph              0.479 / 1.311         0.479 / 1.311         0.479 / 1.311         0.479 / 1.311       ms
[10.114s][info][gc,stats    ]    Subphase: Pause Roots CodeCache                         0.398 / 0.632         0.398 / 0.632         0.398 / 0.632         0.398 / 0.632       ms
[10.114s][info][gc,stats    ]    Subphase: Pause Roots JNIHandles                        0.001 / 0.005         0.001 / 0.005         0.001 / 0.005         0.001 / 0.005       ms
[10.114s][info][gc,stats    ]    Subphase: Pause Roots JNIWeakHandles                    0.000 / 0.000         0.000 / 0.000         0.000 / 0.000         0.000 / 0.000       ms
[10.114s][info][gc,stats    ]    Subphase: Pause Roots JRFWeak                           0.000 / 0.000         0.000 / 0.000         0.000 / 0.000         0.000 / 0.000       ms
[10.114s][info][gc,stats    ]    Subphase: Pause Roots JVMTIExport                       0.000 / 0.001         0.000 / 0.001         0.000 / 0.001         0.000 / 0.001       ms
[10.114s][info][gc,stats    ]    Subphase: Pause Roots JVMTIWeakExport                   0.001 / 0.001         0.001 / 0.001         0.001 / 0.001         0.001 / 0.001       ms
[10.114s][info][gc,stats    ]    Subphase: Pause Roots Management                        0.024 / 0.371         0.024 / 0.371         0.024 / 0.371         0.024 / 0.371       ms
[10.114s][info][gc,stats    ]    Subphase: Pause Roots ObjectSynchronizer                0.000 / 0.000         0.000 / 0.000         0.000 / 0.000         0.000 / 0.000       ms
[10.114s][info][gc,stats    ]    Subphase: Pause Roots Setup                             0.070 / 0.163         0.070 / 0.163         0.070 / 0.163         0.070 / 0.163       ms
[10.114s][info][gc,stats    ]    Subphase: Pause Roots StringTable                       0.000 / 0.000         0.000 / 0.000         0.000 / 0.000         0.000 / 0.000       ms
[10.114s][info][gc,stats    ]    Subphase: Pause Roots SystemDictionary                  0.030 / 0.337         0.030 / 0.337         0.030 / 0.337         0.030 / 0.337       ms
[10.114s][info][gc,stats    ]    Subphase: Pause Roots Teardown                          0.001 / 0.002         0.001 / 0.002         0.001 / 0.002         0.001 / 0.002       ms
[10.114s][info][gc,stats    ]    Subphase: Pause Roots Threads                           0.375 / 2.860         0.375 / 2.860         0.375 / 2.860         0.375 / 2.860       ms
[10.114s][info][gc,stats    ]    Subphase: Pause Roots Universe                          0.003 / 0.011         0.003 / 0.011         0.003 / 0.011         0.003 / 0.011       ms
[10.114s][info][gc,stats    ]    Subphase: Pause Roots VMWeakHandles                     0.000 / 0.000         0.000 / 0.000         0.000 / 0.000         0.000 / 0.000       ms
[10.114s][info][gc,stats    ]    Subphase: Pause Weak Roots                              0.002 / 0.007         0.002 / 0.007         0.002 / 0.007         0.002 / 0.007       ms
[10.114s][info][gc,stats    ]    Subphase: Pause Weak Roots JFRWeak                      0.001 / 0.001         0.001 / 0.001         0.001 / 0.001         0.001 / 0.001       ms
[10.114s][info][gc,stats    ]    Subphase: Pause Weak Roots JNIWeakHandles               0.000 / 0.000         0.000 / 0.000         0.000 / 0.000         0.000 / 0.000       ms
[10.114s][info][gc,stats    ]    Subphase: Pause Weak Roots JVMTIWeakExport              0.001 / 0.006         0.001 / 0.006         0.001 / 0.006         0.001 / 0.006       ms
[10.114s][info][gc,stats    ]    Subphase: Pause Weak Roots Setup                        0.000 / 0.000         0.000 / 0.000         0.000 / 0.000         0.000 / 0.000       ms
[10.114s][info][gc,stats    ]    Subphase: Pause Weak Roots StringTable                  0.000 / 0.000         0.000 / 0.000         0.000 / 0.000         0.000 / 0.000       ms
[10.114s][info][gc,stats    ]    Subphase: Pause Weak Roots SymbolTable                  0.000 / 0.000         0.000 / 0.000         0.000 / 0.000         0.000 / 0.000       ms
[10.114s][info][gc,stats    ]    Subphase: Pause Weak Roots Teardown                     0.001 / 0.001         0.001 / 0.001         0.001 / 0.001         0.001 / 0.001       ms
[10.114s][info][gc,stats    ]    Subphase: Pause Weak Roots VMWeakHandles                0.000 / 0.000         0.000 / 0.000         0.000 / 0.000         0.000 / 0.000       ms
[10.114s][info][gc,stats    ]      System: Java Threads                                     34 / 46               34 / 46               34 / 46               34 / 46          threads
[10.114s][info][gc,stats    ] =========================================================================================================================================================
[10.224s][info][gc,heap     ] Page Cache Flushed: 6M requested, 6M(392M->386M) flushed
[10.336s][info][gc,heap     ] Page Cache Flushed: 32M requested, 32M(382M->350M) flushed
[10.476s][info][gc,start    ] GC(8) Garbage Collection (System.gc())
[10.478s][info][gc,phases   ] GC(8) Pause Mark Start 1.522ms
[10.541s][info][gc,phases   ] GC(8) Concurrent Mark 63.560ms
[10.542s][info][gc,phases   ] GC(8) Pause Mark End 0.166ms
[10.543s][info][gc,phases   ] GC(8) Concurrent Process Non-Strong References 1.186ms
[10.543s][info][gc,phases   ] GC(8) Concurrent Reset Relocation Set 0.003ms
[10.543s][info][gc,phases   ] GC(8) Concurrent Destroy Detached Pages 0.018ms
[10.545s][info][gc,phases   ] GC(8) Concurrent Select Relocation Set 1.798ms
[10.545s][info][gc,phases   ] GC(8) Concurrent Prepare Relocation Set 0.020ms
[10.548s][info][gc,phases   ] GC(8) Pause Relocate Start 3.804ms
[10.551s][info][gc,phases   ] GC(8) Concurrent Relocate 2.027ms
[10.551s][info][gc,load     ] GC(8) Load: 1.96/0.95/0.42
[10.551s][info][gc,mmu      ] GC(8) MMU: 2ms/0.0%, 5ms/21.4%, 10ms/60.3%, 20ms/80.2%, 50ms/92.1%, 100ms/94.5%
[10.551s][info][gc,marking  ] GC(8) Mark: 1 stripe(s), 1 proactive flush(es), 1 terminate flush(es), 0 completion(s), 0 continuation(s) 
[10.551s][info][gc,reloc    ] GC(8) Relocation: Successful, 8M relocated
[10.551s][info][gc,nmethod  ] GC(8) NMethods: 1380 registered, 0 unregistered
[10.551s][info][gc,metaspace] GC(8) Metaspace: 56M used, 59M capacity, 59M committed, 60M reserved
[10.551s][info][gc,ref      ] GC(8) Soft: 2114 encountered, 0 discovered, 0 enqueued
[10.551s][info][gc,ref      ] GC(8) Weak: 2741 encountered, 2120 discovered, 139 enqueued
[10.551s][info][gc,ref      ] GC(8) Final: 33 encountered, 7 discovered, 7 enqueued
[10.551s][info][gc,ref      ] GC(8) Phantom: 763 encountered, 600 discovered, 122 enqueued
[10.551s][info][gc,heap     ] GC(8)                Mark Start          Mark End        Relocate Start      Relocate End           High               Low         
[10.551s][info][gc,heap     ] GC(8)  Capacity:      500M (100%)        500M (100%)        500M (100%)        500M (100%)        500M (100%)        500M (100%)   
[10.551s][info][gc,heap     ] GC(8)   Reserve:       34M (7%)           34M (7%)           34M (7%)           34M (7%)           34M (7%)           34M (7%)     
[10.551s][info][gc,heap     ] GC(8)      Free:      342M (68%)         342M (68%)         380M (76%)         408M (82%)         408M (82%)         342M (68%)    
[10.551s][info][gc,heap     ] GC(8)      Used:      124M (25%)         124M (25%)          86M (17%)          58M (12%)         124M (25%)          58M (12%)    
[10.551s][info][gc,heap     ] GC(8)      Live:         -                26M (5%)           26M (5%)           26M (5%)             -                  -          
[10.551s][info][gc,heap     ] GC(8) Allocated:         -                 0M (0%)            0M (0%)            2M (0%)             -                  -          
[10.551s][info][gc,heap     ] GC(8)   Garbage:         -                97M (20%)          59M (12%)          31M (6%)             -                  -          
[10.551s][info][gc,heap     ] GC(8) Reclaimed:         -                  -                38M (8%)           66M (13%)            -                  -          
[10.551s][info][gc          ] GC(8) Garbage Collection (System.gc()) 124M(25%)->58M(12%)
[12.213s][info][gc,start    ] GC(9) Garbage Collection (Allocation Rate)
[12.219s][info][gc,phases   ] GC(9) Pause Mark Start 2.646ms
[12.376s][info][gc,phases   ] GC(9) Concurrent Mark 152.108ms
[12.381s][info][gc,phases   ] GC(9) Pause Mark End 0.220ms
[12.382s][info][gc,phases   ] GC(9) Concurrent Process Non-Strong References 1.591ms
[12.382s][info][gc,phases   ] GC(9) Concurrent Reset Relocation Set 0.004ms
[12.382s][info][gc,phases   ] GC(9) Concurrent Destroy Detached Pages 0.001ms
[12.384s][info][gc,phases   ] GC(9) Concurrent Select Relocation Set 1.557ms
[12.387s][info][gc,phases   ] GC(9) Concurrent Prepare Relocation Set 2.783ms
[12.389s][info][gc,phases   ] GC(9) Pause Relocate Start 2.024ms
[12.473s][info][gc,phases   ] GC(9) Concurrent Relocate 78.254ms
[12.473s][info][gc,load     ] GC(9) Load: 2.05/0.98/0.43
[12.473s][info][gc,mmu      ] GC(9) MMU: 2ms/0.0%, 5ms/21.4%, 10ms/60.3%, 20ms/80.2%, 50ms/92.1%, 100ms/94.5%
[12.473s][info][gc,marking  ] GC(9) Mark: 1 stripe(s), 2 proactive flush(es), 1 terminate flush(es), 0 completion(s), 0 continuation(s) 
[12.473s][info][gc,reloc    ] GC(9) Relocation: Successful, 20M relocated
[12.473s][info][gc,nmethod  ] GC(9) NMethods: 1731 registered, 0 unregistered
[12.473s][info][gc,metaspace] GC(9) Metaspace: 62M used, 65M capacity, 65M committed, 66M reserved
[12.473s][info][gc,ref      ] GC(9) Soft: 2700 encountered, 0 discovered, 0 enqueued
[12.473s][info][gc,ref      ] GC(9) Weak: 3813 encountered, 2841 discovered, 256 enqueued
[12.473s][info][gc,ref      ] GC(9) Final: 31 encountered, 4 discovered, 4 enqueued
[12.473s][info][gc,ref      ] GC(9) Phantom: 963 encountered, 846 discovered, 315 enqueued
[12.473s][info][gc,heap     ] GC(9)                Mark Start          Mark End        Relocate Start      Relocate End           High               Low         
[12.473s][info][gc,heap     ] GC(9)  Capacity:      500M (100%)        500M (100%)        500M (100%)        500M (100%)        500M (100%)        500M (100%)   
[12.473s][info][gc,heap     ] GC(9)   Reserve:       34M (7%)           34M (7%)           34M (7%)           34M (7%)           34M (7%)           34M (7%)     
[12.473s][info][gc,heap     ] GC(9)      Free:      186M (37%)         134M (27%)         140M (28%)         334M (67%)         334M (67%)         106M (21%)    
[12.473s][info][gc,heap     ] GC(9)      Used:      280M (56%)         332M (66%)         326M (65%)         132M (26%)         360M (72%)         132M (26%)    
[12.473s][info][gc,heap     ] GC(9)      Live:         -                38M (8%)           38M (8%)           38M (8%)             -                  -          
[12.473s][info][gc,heap     ] GC(9) Allocated:         -                52M (10%)          52M (10%)         108M (22%)            -                  -          
[12.473s][info][gc,heap     ] GC(9)   Garbage:         -               241M (48%)         235M (47%)          29M (6%)             -                  -          
[12.473s][info][gc,heap     ] GC(9) Reclaimed:         -                  -                 6M (1%)          212M (42%)            -                  -          
[12.473s][info][gc          ] GC(9) Garbage Collection (Allocation Rate) 280M(56%)->132M(26%)
[12.513s][info][gc,start    ] GC(10) Garbage Collection (Allocation Rate)
[12.517s][info][gc,phases   ] GC(10) Pause Mark Start 1.809ms
[12.695s][info][gc,phases   ] GC(10) Concurrent Mark 177.756ms
[12.698s][info][gc,phases   ] GC(10) Pause Mark End 0.243ms
[12.699s][info][gc,phases   ] GC(10) Concurrent Process Non-Strong References 1.662ms
[12.699s][info][gc,phases   ] GC(10) Concurrent Reset Relocation Set 0.014ms
[12.699s][info][gc,phases   ] GC(10) Concurrent Destroy Detached Pages 0.000ms
[12.701s][info][gc,phases   ] GC(10) Concurrent Select Relocation Set 1.523ms
[12.701s][info][gc,phases   ] GC(10) Concurrent Prepare Relocation Set 0.232ms
[12.703s][info][gc,phases   ] GC(10) Pause Relocate Start 1.924ms
[12.752s][info][gc,phases   ] GC(10) Concurrent Relocate 48.390ms
[12.752s][info][gc,load     ] GC(10) Load: 2.05/0.98/0.43
[12.752s][info][gc,mmu      ] GC(10) MMU: 2ms/0.0%, 5ms/21.4%, 10ms/60.3%, 20ms/80.2%, 50ms/92.1%, 100ms/94.5%
[12.752s][info][gc,marking  ] GC(10) Mark: 1 stripe(s), 2 proactive flush(es), 1 terminate flush(es), 0 completion(s), 0 continuation(s) 
[12.752s][info][gc,reloc    ] GC(10) Relocation: Successful, 14M relocated
[12.752s][info][gc,nmethod  ] GC(10) NMethods: 1754 registered, 0 unregistered
[12.752s][info][gc,metaspace] GC(10) Metaspace: 62M used, 65M capacity, 65M committed, 66M reserved
[12.752s][info][gc,ref      ] GC(10) Soft: 2700 encountered, 0 discovered, 0 enqueued
[12.752s][info][gc,ref      ] GC(10) Weak: 3557 encountered, 2586 discovered, 0 enqueued
[12.752s][info][gc,ref      ] GC(10) Final: 27 encountered, 0 discovered, 0 enqueued
[12.752s][info][gc,ref      ] GC(10) Phantom: 648 encountered, 644 discovered, 0 enqueued
[12.752s][info][gc,heap     ] GC(10)                Mark Start          Mark End        Relocate Start      Relocate End           High               Low         
[12.752s][info][gc,heap     ] GC(10)  Capacity:      500M (100%)        500M (100%)        500M (100%)        500M (100%)        500M (100%)        500M (100%)   
[12.752s][info][gc,heap     ] GC(10)   Reserve:       34M (7%)           34M (7%)           34M (7%)           34M (7%)           34M (7%)           34M (7%)     
[12.752s][info][gc,heap     ] GC(10)      Free:      324M (65%)         226M (45%)         226M (45%)         268M (54%)         324M (65%)         218M (44%)    
[12.752s][info][gc,heap     ] GC(10)      Used:      142M (28%)         240M (48%)         240M (48%)         198M (40%)         248M (50%)         142M (28%)    
[12.752s][info][gc,heap     ] GC(10)      Live:         -                43M (9%)           43M (9%)           43M (9%)             -                  -          
[12.752s][info][gc,heap     ] GC(10) Allocated:         -                98M (20%)          98M (20%)         132M (26%)            -                  -          
[12.752s][info][gc,heap     ] GC(10)   Garbage:         -                98M (20%)          98M (20%)          30M (6%)             -                  -          
[12.752s][info][gc,heap     ] GC(10) Reclaimed:         -                  -                 0M (0%)           68M (14%)            -                  -          
[12.752s][info][gc          ] GC(10) Garbage Collection (Allocation Rate) 142M(28%)->198M(40%)
[12.813s][info][gc,start    ] GC(11) Garbage Collection (Allocation Rate)
[12.821s][info][gc,phases   ] GC(11) Pause Mark Start 1.865ms
[13.042s][info][gc,phases   ] GC(11) Concurrent Mark 220.713ms
[13.047s][info][gc,phases   ] GC(11) Pause Mark End 0.223ms
[13.048s][info][gc,phases   ] GC(11) Concurrent Process Non-Strong References 1.346ms
[13.048s][info][gc,phases   ] GC(11) Concurrent Reset Relocation Set 0.009ms
[13.048s][info][gc,phases   ] GC(11) Concurrent Destroy Detached Pages 0.000ms
[13.050s][info][gc,phases   ] GC(11) Concurrent Select Relocation Set 1.532ms
[13.052s][info][gc,phases   ] GC(11) Concurrent Prepare Relocation Set 1.542ms
[13.053s][info][gc,phases   ] GC(11) Pause Relocate Start 1.562ms
[13.158s][info][gc,phases   ] GC(11) Concurrent Relocate 103.550ms
[13.158s][info][gc,load     ] GC(11) Load: 2.05/0.98/0.43
[13.158s][info][gc,mmu      ] GC(11) MMU: 2ms/0.0%, 5ms/21.4%, 10ms/60.3%, 20ms/80.2%, 50ms/92.1%, 100ms/94.5%
[13.158s][info][gc,marking  ] GC(11) Mark: 1 stripe(s), 2 proactive flush(es), 1 terminate flush(es), 0 completion(s), 0 continuation(s) 
[13.158s][info][gc,reloc    ] GC(11) Relocation: Successful, 19M relocated
[13.158s][info][gc,nmethod  ] GC(11) NMethods: 1835 registered, 0 unregistered
[13.158s][info][gc,metaspace] GC(11) Metaspace: 62M used, 65M capacity, 65M committed, 66M reserved
[13.158s][info][gc,ref      ] GC(11) Soft: 2700 encountered, 0 discovered, 0 enqueued
[13.158s][info][gc,ref      ] GC(11) Weak: 3557 encountered, 2585 discovered, 0 enqueued
[13.158s][info][gc,ref      ] GC(11) Final: 27 encountered, 0 discovered, 0 enqueued
[13.158s][info][gc,ref      ] GC(11) Phantom: 648 encountered, 644 discovered, 0 enqueued
[13.158s][info][gc,heap     ] GC(11)                Mark Start          Mark End        Relocate Start      Relocate End           High               Low         
[13.158s][info][gc,heap     ] GC(11)  Capacity:      500M (100%)        500M (100%)        500M (100%)        500M (100%)        500M (100%)        500M (100%)   
[13.158s][info][gc,heap     ] GC(11)   Reserve:       34M (7%)           34M (7%)           34M (7%)           34M (7%)           34M (7%)           34M (7%)     
[13.158s][info][gc,heap     ] GC(11)      Free:      222M (44%)         104M (21%)         104M (21%)         214M (43%)         222M (44%)          70M (14%)    
[13.158s][info][gc,heap     ] GC(11)      Used:      244M (49%)         362M (72%)         362M (72%)         252M (50%)         396M (79%)         244M (49%)    
[13.158s][info][gc,heap     ] GC(11)      Live:         -                54M (11%)          54M (11%)          54M (11%)            -                  -          
[13.158s][info][gc,heap     ] GC(11) Allocated:         -               118M (24%)         118M (24%)         212M (42%)            -                  -          
[13.158s][info][gc,heap     ] GC(11)   Garbage:         -               189M (38%)         189M (38%)          31M (6%)             -                  -          
[13.158s][info][gc,heap     ] GC(11) Reclaimed:         -                  -                 0M (0%)          158M (32%)            -                  -          
[13.158s][info][gc          ] GC(11) Garbage Collection (Allocation Rate) 244M(49%)->252M(50%)
[13.214s][info][gc,start    ] GC(12) Garbage Collection (Allocation Rate)
[13.221s][info][gc,phases   ] GC(12) Pause Mark Start 4.801ms
[13.460s][info][gc,heap     ] Page Cache Flushed: 2M requested, 32M(64M->32M) flushed
[13.461s][info][gc,heap     ] Page Cache Flushed: 2M requested, 32M(32M->0M) flushed
[13.500s][info][gc,phases   ] GC(12) Concurrent Mark 278.433ms
[13.500s][info][gc,phases   ] GC(12) Pause Mark End 0.246ms
[13.501s][info][gc,phases   ] GC(12) Concurrent Process Non-Strong References 1.178ms
[13.501s][info][gc,phases   ] GC(12) Concurrent Reset Relocation Set 0.154ms
[13.501s][info][gc,phases   ] GC(12) Concurrent Destroy Detached Pages 0.005ms
[13.503s][info][gc,phases   ] GC(12) Concurrent Select Relocation Set 1.575ms
[13.507s][info][gc,phases   ] GC(12) Concurrent Prepare Relocation Set 4.439ms
[13.509s][info][gc,phases   ] GC(12) Pause Relocate Start 1.717ms
[13.510s][info][gc          ] Allocation Stall (Executor task launch worker for task 0.0 in stage 0.0 (TID 0)) 16.546ms
[13.511s][info][gc          ] Allocation Stall (Executor task launch worker for task 0.0 in stage 0.0 (TID 0)) 0.441ms
[13.512s][info][gc          ] Allocation Stall (Executor task launch worker for task 0.0 in stage 0.0 (TID 0)) 0.398ms
[13.514s][info][gc          ] Allocation Stall (Executor task launch worker for task 0.0 in stage 0.0 (TID 0)) 0.821ms
[13.519s][info][gc          ] Allocation Stall (Executor task launch worker for task 0.0 in stage 0.0 (TID 0)) 4.550ms
[13.530s][info][gc          ] Allocation Stall (Executor task launch worker for task 0.0 in stage 0.0 (TID 0)) 4.817ms
[13.574s][info][gc,heap     ] Page Cache Flushed: 10M requested, 10M(28M->18M) flushed
[13.601s][info][gc,phases   ] GC(12) Concurrent Relocate 91.352ms
[13.601s][info][gc,load     ] GC(12) Load: 2.05/0.98/0.43
[13.601s][info][gc,mmu      ] GC(12) MMU: 2ms/0.0%, 5ms/4.0%, 10ms/52.0%, 20ms/76.0%, 50ms/90.4%, 100ms/94.5%
[13.601s][info][gc,marking  ] GC(12) Mark: 1 stripe(s), 2 proactive flush(es), 1 terminate flush(es), 0 completion(s), 0 continuation(s) 
[13.601s][info][gc,reloc    ] GC(12) Relocation: Incomplete
[13.601s][info][gc,nmethod  ] GC(12) NMethods: 1861 registered, 0 unregistered
[13.601s][info][gc,metaspace] GC(12) Metaspace: 62M used, 65M capacity, 65M committed, 66M reserved
[13.601s][info][gc,ref      ] GC(12) Soft: 2700 encountered, 0 discovered, 0 enqueued
[13.601s][info][gc,ref      ] GC(12) Weak: 3557 encountered, 2586 discovered, 0 enqueued
[13.601s][info][gc,ref      ] GC(12) Final: 27 encountered, 0 discovered, 0 enqueued
[13.601s][info][gc,ref      ] GC(12) Phantom: 648 encountered, 644 discovered, 0 enqueued
[13.601s][info][gc,heap     ] GC(12)                Mark Start          Mark End        Relocate Start      Relocate End           High               Low         
[13.601s][info][gc,heap     ] GC(12)  Capacity:      500M (100%)        500M (100%)        500M (100%)        500M (100%)        500M (100%)        500M (100%)   
[13.601s][info][gc,heap     ] GC(12)   Reserve:       34M (7%)           34M (7%)           34M (7%)           34M (7%)           34M (7%)           32M (6%)     
[13.601s][info][gc,heap     ] GC(12)      Free:      174M (35%)           0M (0%)            0M (0%)           80M (16%)         174M (35%)           0M (0%)     
[13.601s][info][gc,heap     ] GC(12)      Used:      292M (58%)         466M (93%)         466M (93%)         386M (77%)         468M (94%)         292M (58%)    
[13.601s][info][gc,heap     ] GC(12)      Live:         -                74M (15%)          74M (15%)          74M (15%)            -                  -          
[13.601s][info][gc,heap     ] GC(12) Allocated:         -               174M (35%)         174M (35%)         294M (59%)            -                  -          
[13.601s][info][gc,heap     ] GC(12)   Garbage:         -               217M (44%)         217M (44%)          33M (7%)             -                  -          
[13.601s][info][gc,heap     ] GC(12) Reclaimed:         -                  -                 0M (0%)          184M (37%)            -                  -          
[13.601s][info][gc          ] GC(12) Garbage Collection (Allocation Rate) 292M(58%)->386M(77%)
[13.613s][info][gc,start    ] GC(13) Garbage Collection (Allocation Rate)
[13.617s][info][gc,phases   ] GC(13) Pause Mark Start 1.853ms
[13.762s][info][gc,phases   ] GC(13) Concurrent Mark 144.799ms
[13.762s][info][gc,phases   ] GC(13) Pause Mark End 0.201ms
[13.764s][info][gc,phases   ] GC(13) Concurrent Process Non-Strong References 1.171ms
[13.764s][info][gc,phases   ] GC(13) Concurrent Reset Relocation Set 0.267ms
[13.764s][info][gc,phases   ] GC(13) Concurrent Destroy Detached Pages 0.006ms
[13.765s][info][gc,heap     ] GC(13) Page Cache Flushed: 2M requested, 6M(6M->0M) flushed
[13.766s][info][gc          ] Allocation Stall (Executor task launch worker for task 0.0 in stage 0.0 (TID 0)) 97.415ms
[13.767s][info][gc          ] Allocation Stall (Spark Context Cleaner) 65.420ms
[13.769s][info][gc,phases   ] GC(13) Concurrent Select Relocation Set 4.758ms
[13.776s][info][gc,phases   ] GC(13) Concurrent Prepare Relocation Set 6.844ms
[13.777s][info][gc,phases   ] GC(13) Pause Relocate Start 1.537ms
[13.778s][info][gc          ] Allocation Stall (Executor task launch worker for task 0.0 in stage 0.0 (TID 0)) 9.228ms
[13.779s][info][gc          ] Allocation Stall (Executor task launch worker for task 0.0 in stage 0.0 (TID 0)) 0.348ms
[13.782s][info][gc          ] Allocation Stall (Executor task launch worker for task 0.0 in stage 0.0 (TID 0)) 2.301ms
[13.791s][info][gc          ] Allocation Stall (Executor task launch worker for task 0.0 in stage 0.0 (TID 0)) 5.262ms
[13.915s][info][gc,phases   ] GC(13) Concurrent Relocate 137.490ms
[13.915s][info][gc,load     ] GC(13) Load: 2.05/0.98/0.43
[13.915s][info][gc,mmu      ] GC(13) MMU: 2ms/0.0%, 5ms/4.0%, 10ms/52.0%, 20ms/76.0%, 50ms/90.4%, 100ms/94.5%
[13.915s][info][gc,marking  ] GC(13) Mark: 1 stripe(s), 2 proactive flush(es), 1 terminate flush(es), 0 completion(s), 0 continuation(s) 
[13.915s][info][gc,reloc    ] GC(13) Relocation: Successful, 31M relocated
[13.915s][info][gc,nmethod  ] GC(13) NMethods: 1868 registered, 0 unregistered
[13.915s][info][gc,metaspace] GC(13) Metaspace: 62M used, 65M capacity, 65M committed, 66M reserved
[13.915s][info][gc,ref      ] GC(13) Soft: 2700 encountered, 0 discovered, 0 enqueued
[13.915s][info][gc,ref      ] GC(13) Weak: 3557 encountered, 2586 discovered, 0 enqueued
[13.915s][info][gc,ref      ] GC(13) Final: 27 encountered, 0 discovered, 0 enqueued
[13.915s][info][gc,ref      ] GC(13) Phantom: 648 encountered, 644 discovered, 0 enqueued
[13.915s][info][gc,heap     ] GC(13)                Mark Start          Mark End        Relocate Start      Relocate End           High               Low         
[13.915s][info][gc,heap     ] GC(13)  Capacity:      500M (100%)        500M (100%)        500M (100%)        500M (100%)        500M (100%)        500M (100%)   
[13.915s][info][gc,heap     ] GC(13)   Reserve:       34M (7%)           34M (7%)           34M (7%)           34M (7%)           34M (7%)           32M (6%)     
[13.915s][info][gc,heap     ] GC(13)      Free:       62M (12%)           0M (0%)            0M (0%)           76M (15%)          90M (18%)           0M (0%)     
[13.915s][info][gc,heap     ] GC(13)      Used:      404M (81%)         466M (93%)         466M (93%)         390M (78%)         468M (94%)         376M (75%)    
[13.915s][info][gc,heap     ] GC(13)      Live:         -               100M (20%)         100M (20%)         100M (20%)            -                  -          
[13.915s][info][gc,heap     ] GC(13) Allocated:         -                62M (12%)          70M (14%)         284M (57%)            -                  -          
[13.915s][info][gc,heap     ] GC(13)   Garbage:         -               303M (61%)         297M (59%)          31M (6%)             -                  -          
[13.915s][info][gc,heap     ] GC(13) Reclaimed:         -                  -                 6M (1%)          272M (54%)            -                  -          
[13.915s][info][gc          ] GC(13) Garbage Collection (Allocation Rate) 404M(81%)->390M(78%)
[13.947s][info][gc,start    ] GC(14) Garbage Collection (Allocation Stall)
[13.947s][info][gc,ref      ] GC(14) Clearing All Soft References
[13.949s][info][gc,phases   ] GC(14) Pause Mark Start 1.870ms
[14.105s][info][gc,phases   ] GC(14) Concurrent Mark 156.848ms
[14.106s][info][gc,phases   ] GC(14) Pause Mark End 0.243ms
[14.107s][info][gc,phases   ] GC(14) Concurrent Process Non-Strong References 1.344ms
[14.108s][info][gc,phases   ] GC(14) Concurrent Reset Relocation Set 0.428ms
[14.108s][info][gc,phases   ] GC(14) Concurrent Destroy Detached Pages 0.003ms
[14.109s][info][gc,phases   ] GC(14) Concurrent Select Relocation Set 1.525ms
[14.115s][info][gc,phases   ] GC(14) Concurrent Prepare Relocation Set 6.259ms
[14.117s][info][gc,phases   ] GC(14) Pause Relocate Start 1.663ms
[14.118s][info][gc          ] Allocation Stall (Executor task launch worker for task 0.0 in stage 0.0 (TID 0)) 171.681ms
[14.119s][info][gc          ] Allocation Stall (Spark Context Cleaner) 151.385ms
[14.120s][info][gc          ] Allocation Stall (Executor task launch worker for task 0.0 in stage 0.0 (TID 0)) 0.867ms
[14.122s][info][gc          ] Allocation Stall (Executor task launch worker for task 0.0 in stage 0.0 (TID 0)) 0.484ms
[14.123s][info][gc          ] Allocation Stall (Executor task launch worker for task 0.0 in stage 0.0 (TID 0)) 0.427ms
[14.126s][info][gc          ] Allocation Stall (Executor task launch worker for task 0.0 in stage 0.0 (TID 0)) 2.819ms
[14.147s][info][gc          ] Allocation Stall (Executor task launch worker for task 0.0 in stage 0.0 (TID 0)) 4.499ms
[14.336s][info][gc,phases   ] GC(14) Concurrent Relocate 218.889ms
[14.336s][info][gc,load     ] GC(14) Load: 2.05/0.98/0.43
[14.336s][info][gc,mmu      ] GC(14) MMU: 2ms/0.0%, 5ms/4.0%, 10ms/52.0%, 20ms/76.0%, 50ms/90.4%, 100ms/94.5%
[14.336s][info][gc,marking  ] GC(14) Mark: 1 stripe(s), 2 proactive flush(es), 1 terminate flush(es), 0 completion(s), 0 continuation(s) 
[14.336s][info][gc,reloc    ] GC(14) Relocation: Successful, 38M relocated
[14.336s][info][gc,nmethod  ] GC(14) NMethods: 1890 registered, 0 unregistered
[14.336s][info][gc,metaspace] GC(14) Metaspace: 63M used, 66M capacity, 66M committed, 68M reserved
[14.336s][info][gc,ref      ] GC(14) Soft: 2683 encountered, 1101 discovered, 636 enqueued
[14.336s][info][gc,ref      ] GC(14) Weak: 3557 encountered, 2805 discovered, 0 enqueued
[14.336s][info][gc,ref      ] GC(14) Final: 27 encountered, 0 discovered, 0 enqueued
[14.336s][info][gc,ref      ] GC(14) Phantom: 648 encountered, 644 discovered, 0 enqueued
[14.336s][info][gc,heap     ] GC(14)                Mark Start          Mark End        Relocate Start      Relocate End           High               Low         
[14.336s][info][gc,heap     ] GC(14)  Capacity:      500M (100%)        500M (100%)        500M (100%)        500M (100%)        500M (100%)        500M (100%)   
[14.336s][info][gc,heap     ] GC(14)   Reserve:       34M (7%)           34M (7%)           34M (7%)           34M (7%)           34M (7%)           32M (6%)     
[14.336s][info][gc,heap     ] GC(14)      Free:        0M (0%)            0M (0%)            0M (0%)          174M (35%)         174M (35%)           0M (0%)     
[14.336s][info][gc,heap     ] GC(14)      Used:      466M (93%)         466M (93%)         466M (93%)         292M (58%)         468M (94%)         292M (58%)    
[14.336s][info][gc,heap     ] GC(14)      Live:         -               125M (25%)         125M (25%)         125M (25%)            -                  -          
[14.336s][info][gc,heap     ] GC(14) Allocated:         -                 0M (0%)            0M (0%)          164M (33%)            -                  -          
[14.336s][info][gc,heap     ] GC(14)   Garbage:         -               340M (68%)         340M (68%)          34M (7%)             -                  -          
[14.336s][info][gc,heap     ] GC(14) Reclaimed:         -                  -                 0M (0%)          306M (61%)            -                  -          
[14.336s][info][gc          ] GC(14) Garbage Collection (Allocation Stall) 466M(93%)->292M(58%)
[14.413s][info][gc,start    ] GC(15) Garbage Collection (Allocation Rate)
[14.415s][info][gc,phases   ] GC(15) Pause Mark Start 2.086ms
[14.530s][info][gc,phases   ] GC(15) Concurrent Mark 114.827ms
[14.531s][info][gc,phases   ] GC(15) Pause Mark End 0.461ms
[14.532s][info][gc,phases   ] GC(15) Concurrent Process Non-Strong References 1.350ms
[14.533s][info][gc,phases   ] GC(15) Concurrent Reset Relocation Set 0.550ms
[14.533s][info][gc,phases   ] GC(15) Concurrent Destroy Detached Pages 0.000ms
[14.534s][info][gc,phases   ] GC(15) Concurrent Select Relocation Set 1.521ms
[14.534s][info][gc,phases   ] GC(15) Concurrent Prepare Relocation Set 0.124ms
[14.540s][info][gc,phases   ] GC(15) Pause Relocate Start 2.320ms
[14.581s][info][gc,phases   ] GC(15) Concurrent Relocate 41.453ms
[14.581s][info][gc,load     ] GC(15) Load: 2.05/0.98/0.43
[14.581s][info][gc,mmu      ] GC(15) MMU: 2ms/0.0%, 5ms/4.0%, 10ms/52.0%, 20ms/76.0%, 50ms/90.4%, 100ms/94.5%
[14.581s][info][gc,marking  ] GC(15) Mark: 1 stripe(s), 4 proactive flush(es), 1 terminate flush(es), 0 completion(s), 0 continuation(s) 
[14.581s][info][gc,reloc    ] GC(15) Relocation: Successful, 12M relocated
[14.581s][info][gc,nmethod  ] GC(15) NMethods: 1917 registered, 0 unregistered
[14.581s][info][gc,metaspace] GC(15) Metaspace: 64M used, 67M capacity, 67M committed, 68M reserved
[14.581s][info][gc,ref      ] GC(15) Soft: 2180 encountered, 0 discovered, 0 enqueued
[14.581s][info][gc,ref      ] GC(15) Weak: 3846 encountered, 2932 discovered, 149 enqueued
[14.581s][info][gc,ref      ] GC(15) Final: 27 encountered, 0 discovered, 0 enqueued
[14.581s][info][gc,ref      ] GC(15) Phantom: 749 encountered, 601 discovered, 102 enqueued
[14.581s][info][gc,heap     ] GC(15)                Mark Start          Mark End        Relocate Start      Relocate End           High               Low         
[14.581s][info][gc,heap     ] GC(15)  Capacity:      500M (100%)        500M (100%)        500M (100%)        500M (100%)        500M (100%)        500M (100%)   
[14.581s][info][gc,heap     ] GC(15)   Reserve:       34M (7%)           34M (7%)           34M (7%)           34M (7%)           34M (7%)           34M (7%)     
[14.581s][info][gc,heap     ] GC(15)      Free:      170M (34%)         166M (33%)         360M (72%)         398M (80%)         398M (80%)         166M (33%)    
[14.581s][info][gc,heap     ] GC(15)      Used:      296M (59%)         300M (60%)         106M (21%)          68M (14%)         300M (60%)          68M (14%)    
[14.581s][info][gc,heap     ] GC(15)      Live:         -                28M (6%)           28M (6%)           28M (6%)             -                  -          
[14.581s][info][gc,heap     ] GC(15) Allocated:         -                 4M (1%)            4M (1%)           14M (3%)             -                  -          
[14.581s][info][gc,heap     ] GC(15)   Garbage:         -               267M (54%)          73M (15%)          31M (6%)             -                  -          
[14.581s][info][gc,heap     ] GC(15) Reclaimed:         -                  -               194M (39%)         236M (47%)            -                  -          
[14.581s][info][gc          ] GC(15) Garbage Collection (Allocation Rate) 296M(59%)->68M(14%)
[14.612s][info][gc,heap     ] Page Cache Flushed: 32M requested, 32M(396M->364M) flushed
[14.613s][info][gc,start    ] GC(16) Garbage Collection (Allocation Rate)
[14.625s][info][gc,phases   ] GC(16) Pause Mark Start 2.122ms
[14.631s][info][gc,heap     ] Page Cache Flushed: 32M requested, 32M(362M->330M) flushed
[14.754s][info][gc,phases   ] GC(16) Concurrent Mark 128.177ms
[14.755s][info][gc,phases   ] GC(16) Pause Mark End 0.526ms
[14.757s][info][gc,phases   ] GC(16) Concurrent Process Non-Strong References 1.694ms
[14.757s][info][gc,phases   ] GC(16) Concurrent Reset Relocation Set 0.004ms
[14.757s][info][gc,phases   ] GC(16) Concurrent Destroy Detached Pages 0.023ms
[14.758s][info][gc,phases   ] GC(16) Concurrent Select Relocation Set 1.514ms
[14.758s][info][gc,phases   ] GC(16) Concurrent Prepare Relocation Set 0.020ms
[14.760s][info][gc,phases   ] GC(16) Pause Relocate Start 1.694ms
[14.770s][info][gc,phases   ] GC(16) Concurrent Relocate 9.267ms
[14.770s][info][gc,load     ] GC(16) Load: 2.05/0.98/0.43
[14.770s][info][gc,mmu      ] GC(16) MMU: 2ms/0.0%, 5ms/4.0%, 10ms/52.0%, 20ms/76.0%, 50ms/90.4%, 100ms/94.5%
[14.770s][info][gc,marking  ] GC(16) Mark: 1 stripe(s), 6 proactive flush(es), 1 terminate flush(es), 0 completion(s), 0 continuation(s) 
[14.770s][info][gc,reloc    ] GC(16) Relocation: Successful, 9M relocated
[14.770s][info][gc,nmethod  ] GC(16) NMethods: 1943 registered, 0 unregistered
[14.770s][info][gc,metaspace] GC(16) Metaspace: 64M used, 67M capacity, 67M committed, 68M reserved
[14.770s][info][gc,ref      ] GC(16) Soft: 2275 encountered, 0 discovered, 0 enqueued
[14.770s][info][gc,ref      ] GC(16) Weak: 3868 encountered, 2914 discovered, 41 enqueued
[14.770s][info][gc,ref      ] GC(16) Final: 27 encountered, 0 discovered, 0 enqueued
[14.770s][info][gc,ref      ] GC(16) Phantom: 702 encountered, 511 discovered, 53 enqueued
[14.770s][info][gc,heap     ] GC(16)                Mark Start          Mark End        Relocate Start      Relocate End           High               Low         
[14.770s][info][gc,heap     ] GC(16)  Capacity:      500M (100%)        500M (100%)        500M (100%)        500M (100%)        500M (100%)        500M (100%)   
[14.770s][info][gc,heap     ] GC(16)   Reserve:       34M (7%)           34M (7%)           34M (7%)           34M (7%)           34M (7%)           34M (7%)     
[14.770s][info][gc,heap     ] GC(16)      Free:      362M (72%)         324M (65%)         324M (65%)         400M (80%)         400M (80%)         322M (64%)    
[14.770s][info][gc,heap     ] GC(16)      Used:      104M (21%)         142M (28%)         142M (28%)          66M (13%)         144M (29%)          66M (13%)    
[14.770s][info][gc,heap     ] GC(16)      Live:         -                29M (6%)           29M (6%)           29M (6%)             -                  -          
[14.770s][info][gc,heap     ] GC(16) Allocated:         -                38M (8%)           38M (8%)           40M (8%)             -                  -          
[14.770s][info][gc,heap     ] GC(16)   Garbage:         -                74M (15%)          74M (15%)    17592186044414M (3         -                  -          
[14.770s][info][gc,heap     ] GC(16) Reclaimed:         -                  -                 0M (0%)           76M (15%)            -                  -          
[14.770s][info][gc          ] GC(16) Garbage Collection (Allocation Rate) 104M(21%)->66M(13%)
[14.814s][info][gc,start    ] GC(17) Garbage Collection (Allocation Rate)
[14.816s][info][gc,phases   ] GC(17) Pause Mark Start 2.326ms
[14.933s][info][gc,heap     ] Page Cache Flushed: 6M requested, 32M(396M->364M) flushed
[14.988s][info][gc,phases   ] GC(17) Concurrent Mark 172.346ms
[14.989s][info][gc,phases   ] GC(17) Pause Mark End 0.416ms
[14.991s][info][gc,phases   ] GC(17) Concurrent Process Non-Strong References 1.519ms
[14.991s][info][gc,phases   ] GC(17) Concurrent Reset Relocation Set 0.004ms
[14.991s][info][gc,phases   ] GC(17) Concurrent Destroy Detached Pages 0.004ms
[14.992s][info][gc,phases   ] GC(17) Concurrent Select Relocation Set 1.501ms
[14.992s][info][gc,phases   ] GC(17) Concurrent Prepare Relocation Set 0.063ms
[14.994s][info][gc,phases   ] GC(17) Pause Relocate Start 1.766ms
[15.009s][info][gc,phases   ] GC(17) Concurrent Relocate 14.472ms
[15.009s][info][gc,load     ] GC(17) Load: 2.05/0.98/0.43
[15.009s][info][gc,mmu      ] GC(17) MMU: 2ms/0.0%, 5ms/4.0%, 10ms/52.0%, 20ms/76.0%, 50ms/90.4%, 100ms/94.5%
[15.009s][info][gc,marking  ] GC(17) Mark: 1 stripe(s), 3 proactive flush(es), 3 terminate flush(es), 1 completion(s), 0 continuation(s) 
[15.009s][info][gc,reloc    ] GC(17) Relocation: Successful, 9M relocated
[15.009s][info][gc,nmethod  ] GC(17) NMethods: 1980 registered, 0 unregistered
[15.009s][info][gc,metaspace] GC(17) Metaspace: 64M used, 68M capacity, 68M committed, 70M reserved
[15.009s][info][gc,ref      ] GC(17) Soft: 2366 encountered, 0 discovered, 0 enqueued
[15.009s][info][gc,ref      ] GC(17) Weak: 3933 encountered, 2966 discovered, 16 enqueued
[15.009s][info][gc,ref      ] GC(17) Final: 27 encountered, 0 discovered, 0 enqueued
[15.009s][info][gc,ref      ] GC(17) Phantom: 667 encountered, 663 discovered, 19 enqueued
[15.009s][info][gc,heap     ] GC(17)                Mark Start          Mark End        Relocate Start      Relocate End           High               Low         
[15.009s][info][gc,heap     ] GC(17)  Capacity:      500M (100%)        500M (100%)        500M (100%)        500M (100%)        500M (100%)        500M (100%)   
[15.009s][info][gc,heap     ] GC(17)   Reserve:       34M (7%)           34M (7%)           34M (7%)           34M (7%)           34M (7%)           34M (7%)     
[15.009s][info][gc,heap     ] GC(17)      Free:      398M (80%)         386M (77%)         386M (77%)         394M (79%)         398M (80%)         384M (77%)    
[15.009s][info][gc,heap     ] GC(17)      Used:       68M (14%)          80M (16%)          80M (16%)          72M (14%)          82M (16%)          68M (14%)    
[15.009s][info][gc,heap     ] GC(17)      Live:         -                29M (6%)           29M (6%)           29M (6%)             -                  -          
[15.009s][info][gc,heap     ] GC(17) Allocated:         -                12M (2%)           12M (2%)           16M (3%)             -                  -          
[15.009s][info][gc,heap     ] GC(17)   Garbage:         -                38M (8%)           38M (8%)           30M (6%)             -                  -          
[15.009s][info][gc,heap     ] GC(17) Reclaimed:         -                  -                 0M (0%)            8M (2%)             -                  -          
[15.009s][info][gc          ] GC(17) Garbage Collection (Allocation Rate) 68M(14%)->72M(14%)
[15.114s][info][gc,start    ] GC(18) Garbage Collection (Allocation Rate)
[15.119s][info][gc,phases   ] GC(18) Pause Mark Start 2.159ms
[15.254s][info][gc,phases   ] GC(18) Concurrent Mark 135.487ms
[15.260s][info][gc,phases   ] GC(18) Pause Mark End 0.267ms
[15.265s][info][gc,phases   ] GC(18) Concurrent Process Non-Strong References 1.671ms
[15.265s][info][gc,phases   ] GC(18) Concurrent Reset Relocation Set 0.002ms
[15.265s][info][gc,phases   ] GC(18) Concurrent Destroy Detached Pages 0.000ms
[15.266s][info][gc,phases   ] GC(18) Concurrent Select Relocation Set 1.525ms
[15.266s][info][gc,phases   ] GC(18) Concurrent Prepare Relocation Set 0.057ms
[15.273s][info][gc,phases   ] GC(18) Pause Relocate Start 1.798ms
[15.288s][info][gc,phases   ] GC(18) Concurrent Relocate 14.942ms
[15.288s][info][gc,load     ] GC(18) Load: 2.05/0.98/0.43
[15.288s][info][gc,mmu      ] GC(18) MMU: 2ms/0.0%, 5ms/4.0%, 10ms/52.0%, 20ms/76.0%, 50ms/90.4%, 100ms/94.5%
[15.288s][info][gc,marking  ] GC(18) Mark: 1 stripe(s), 2 proactive flush(es), 1 terminate flush(es), 0 completion(s), 0 continuation(s) 
[15.288s][info][gc,reloc    ] GC(18) Relocation: Successful, 10M relocated
[15.288s][info][gc,nmethod  ] GC(18) NMethods: 1992 registered, 0 unregistered
[15.288s][info][gc,metaspace] GC(18) Metaspace: 64M used, 68M capacity, 68M committed, 70M reserved
[15.288s][info][gc,ref      ] GC(18) Soft: 2543 encountered, 0 discovered, 0 enqueued
[15.288s][info][gc,ref      ] GC(18) Weak: 4069 encountered, 3033 discovered, 45 enqueued
[15.288s][info][gc,ref      ] GC(18) Final: 27 encountered, 0 discovered, 0 enqueued
[15.288s][info][gc,ref      ] GC(18) Phantom: 660 encountered, 656 discovered, 11 enqueued
[15.288s][info][gc,heap     ] GC(18)                Mark Start          Mark End        Relocate Start      Relocate End           High               Low         
[15.288s][info][gc,heap     ] GC(18)  Capacity:      500M (100%)        500M (100%)        500M (100%)        500M (100%)        500M (100%)        500M (100%)   
[15.288s][info][gc,heap     ] GC(18)   Reserve:       34M (7%)           34M (7%)           34M (7%)           34M (7%)           34M (7%)           34M (7%)     
[15.288s][info][gc,heap     ] GC(18)      Free:      352M (70%)         284M (57%)         286M (57%)         326M (65%)         352M (70%)         280M (56%)    
[15.288s][info][gc,heap     ] GC(18)      Used:      114M (23%)         182M (36%)         180M (36%)         140M (28%)         186M (37%)         114M (23%)    
[15.288s][info][gc,heap     ] GC(18)      Live:         -                31M (6%)           31M (6%)           31M (6%)             -                  -          
[15.288s][info][gc,heap     ] GC(18) Allocated:         -                68M (14%)          72M (14%)          80M (16%)            -                  -          
[15.288s][info][gc,heap     ] GC(18)   Garbage:         -                82M (16%)          76M (15%)          34M (7%)             -                  -          
[15.288s][info][gc,heap     ] GC(18) Reclaimed:         -                  -                 6M (1%)           48M (10%)            -                  -          
[15.288s][info][gc          ] GC(18) Garbage Collection (Allocation Rate) 114M(23%)->140M(28%)
[15.414s][info][gc,start    ] GC(19) Garbage Collection (Allocation Rate)
[15.423s][info][gc,phases   ] GC(19) Pause Mark Start 2.165ms
[15.566s][info][gc,phases   ] GC(19) Concurrent Mark 143.222ms
[15.571s][info][gc,phases   ] GC(19) Pause Mark End 0.284ms
[15.576s][info][gc,phases   ] GC(19) Concurrent Process Non-Strong References 4.843ms
[15.576s][info][gc,phases   ] GC(19) Concurrent Reset Relocation Set 0.006ms
[15.576s][info][gc,phases   ] GC(19) Concurrent Destroy Detached Pages 0.000ms
[15.578s][info][gc,phases   ] GC(19) Concurrent Select Relocation Set 1.526ms
[15.578s][info][gc,phases   ] GC(19) Concurrent Prepare Relocation Set 0.445ms
[15.584s][info][gc,phases   ] GC(19) Pause Relocate Start 1.734ms
[15.645s][info][gc,phases   ] GC(19) Concurrent Relocate 60.738ms
[15.645s][info][gc,load     ] GC(19) Load: 2.05/0.98/0.43
[15.645s][info][gc,mmu      ] GC(19) MMU: 2ms/0.0%, 5ms/4.0%, 10ms/52.0%, 20ms/76.0%, 50ms/90.4%, 100ms/94.5%
[15.645s][info][gc,marking  ] GC(19) Mark: 1 stripe(s), 2 proactive flush(es), 1 terminate flush(es), 0 completion(s), 0 continuation(s) 
[15.645s][info][gc,reloc    ] GC(19) Relocation: Successful, 15M relocated
[15.645s][info][gc,nmethod  ] GC(19) NMethods: 1992 registered, 0 unregistered
[15.645s][info][gc,metaspace] GC(19) Metaspace: 64M used, 68M capacity, 68M committed, 70M reserved
[15.645s][info][gc,ref      ] GC(19) Soft: 2543 encountered, 0 discovered, 0 enqueued
[15.645s][info][gc,ref      ] GC(19) Weak: 4024 encountered, 2988 discovered, 0 enqueued
[15.645s][info][gc,ref      ] GC(19) Final: 27 encountered, 0 discovered, 0 enqueued
[15.645s][info][gc,ref      ] GC(19) Phantom: 649 encountered, 645 discovered, 0 enqueued
[15.645s][info][gc,heap     ] GC(19)                Mark Start          Mark End        Relocate Start      Relocate End           High               Low         
[15.645s][info][gc,heap     ] GC(19)  Capacity:      500M (100%)        500M (100%)        500M (100%)        500M (100%)        500M (100%)        500M (100%)   
[15.645s][info][gc,heap     ] GC(19)   Reserve:       34M (7%)           34M (7%)           34M (7%)           34M (7%)           34M (7%)           34M (7%)     
[15.645s][info][gc,heap     ] GC(19)      Free:      270M (54%)         226M (45%)         224M (45%)         332M (66%)         332M (66%)         188M (38%)    
[15.645s][info][gc,heap     ] GC(19)      Used:      196M (39%)         240M (48%)         242M (48%)         134M (27%)         278M (56%)         134M (27%)    
[15.645s][info][gc,heap     ] GC(19)      Live:         -                38M (8%)           38M (8%)           38M (8%)             -                  -          
[15.645s][info][gc,heap     ] GC(19) Allocated:         -                44M (9%)           46M (9%)          106M (21%)            -                  -          
[15.645s][info][gc,heap     ] GC(19)   Garbage:         -               157M (31%)         157M (31%)          33M (7%)             -                  -          
[15.645s][info][gc,heap     ] GC(19) Reclaimed:         -                  -                 0M (0%)          124M (25%)            -                  -          
[15.645s][info][gc          ] GC(19) Garbage Collection (Allocation Rate) 196M(39%)->134M(27%)
[15.714s][info][gc,start    ] GC(20) Garbage Collection (Allocation Rate)
[15.723s][info][gc,phases   ] GC(20) Pause Mark Start 2.104ms
[15.955s][info][gc,phases   ] GC(20) Concurrent Mark 232.267ms
[15.957s][info][gc,phases   ] GC(20) Pause Mark End 0.220ms
[15.959s][info][gc,phases   ] GC(20) Concurrent Process Non-Strong References 1.499ms
[15.959s][info][gc,phases   ] GC(20) Concurrent Reset Relocation Set 0.013ms
[15.959s][info][gc,phases   ] GC(20) Concurrent Destroy Detached Pages 0.000ms
[15.960s][info][gc,phases   ] GC(20) Concurrent Select Relocation Set 1.505ms
[15.961s][info][gc,phases   ] GC(20) Concurrent Prepare Relocation Set 0.190ms
[15.962s][info][gc,phases   ] GC(20) Pause Relocate Start 1.689ms
[16.014s][info][gc,phases   ] GC(20) Concurrent Relocate 51.764ms
[16.014s][info][gc,load     ] GC(20) Load: 2.05/0.98/0.43
[16.014s][info][gc,mmu      ] GC(20) MMU: 2ms/0.0%, 5ms/4.0%, 10ms/52.0%, 20ms/76.0%, 50ms/90.4%, 100ms/94.5%
[16.014s][info][gc,marking  ] GC(20) Mark: 1 stripe(s), 2 proactive flush(es), 1 terminate flush(es), 0 completion(s), 0 continuation(s) 
[16.014s][info][gc,reloc    ] GC(20) Relocation: Successful, 14M relocated
[16.014s][info][gc,nmethod  ] GC(20) NMethods: 1993 registered, 0 unregistered
[16.014s][info][gc,metaspace] GC(20) Metaspace: 64M used, 68M capacity, 68M committed, 70M reserved
[16.014s][info][gc,ref      ] GC(20) Soft: 2543 encountered, 0 discovered, 0 enqueued
[16.014s][info][gc,ref      ] GC(20) Weak: 4024 encountered, 2989 discovered, 0 enqueued
[16.014s][info][gc,ref      ] GC(20) Final: 27 encountered, 0 discovered, 0 enqueued
[16.014s][info][gc,ref      ] GC(20) Phantom: 649 encountered, 645 discovered, 0 enqueued
[16.014s][info][gc,heap     ] GC(20)                Mark Start          Mark End        Relocate Start      Relocate End           High               Low         
[16.014s][info][gc,heap     ] GC(20)  Capacity:      500M (100%)        500M (100%)        500M (100%)        500M (100%)        500M (100%)        500M (100%)   
[16.014s][info][gc,heap     ] GC(20)   Reserve:       34M (7%)           34M (7%)           34M (7%)           34M (7%)           34M (7%)           34M (7%)     
[16.014s][info][gc,heap     ] GC(20)      Free:      304M (61%)         226M (45%)         226M (45%)         296M (59%)         304M (61%)         220M (44%)    
[16.014s][info][gc,heap     ] GC(20)      Used:      162M (32%)         240M (48%)         240M (48%)         170M (34%)         246M (49%)         162M (32%)    
[16.014s][info][gc,heap     ] GC(20)      Live:         -                45M (9%)           45M (9%)           45M (9%)             -                  -          
[16.014s][info][gc,heap     ] GC(20) Allocated:         -                78M (16%)          78M (16%)         102M (20%)            -                  -          
[16.014s][info][gc,heap     ] GC(20)   Garbage:         -               116M (23%)         116M (23%)          32M (6%)             -                  -          
[16.014s][info][gc,heap     ] GC(20) Reclaimed:         -                  -                 0M (0%)           84M (17%)            -                  -          
[16.014s][info][gc          ] GC(20) Garbage Collection (Allocation Rate) 162M(32%)->170M(34%)
[16.113s][info][gc,start    ] GC(21) Garbage Collection (Allocation Rate)
[16.117s][info][gc,phases   ] GC(21) Pause Mark Start 2.069ms
[16.383s][info][gc,phases   ] GC(21) Concurrent Mark 265.475ms
[16.385s][info][gc,phases   ] GC(21) Pause Mark End 0.277ms
[16.387s][info][gc,phases   ] GC(21) Concurrent Process Non-Strong References 1.333ms
[16.387s][info][gc,phases   ] GC(21) Concurrent Reset Relocation Set 0.012ms
[16.387s][info][gc,phases   ] GC(21) Concurrent Destroy Detached Pages 0.000ms
[16.388s][info][gc,phases   ] GC(21) Concurrent Select Relocation Set 1.500ms
[16.389s][info][gc,phases   ] GC(21) Concurrent Prepare Relocation Set 0.857ms
[16.391s][info][gc,phases   ] GC(21) Pause Relocate Start 1.827ms
[16.502s][info][gc,phases   ] GC(21) Concurrent Relocate 107.822ms
[16.503s][info][gc,load     ] GC(21) Load: 2.05/0.98/0.43
[16.503s][info][gc,mmu      ] GC(21) MMU: 2ms/0.0%, 5ms/4.0%, 10ms/52.0%, 20ms/76.0%, 50ms/90.4%, 100ms/94.5%
[16.503s][info][gc,marking  ] GC(21) Mark: 1 stripe(s), 2 proactive flush(es), 1 terminate flush(es), 0 completion(s), 0 continuation(s) 
[16.503s][info][gc,reloc    ] GC(21) Relocation: Successful, 22M relocated
[16.503s][info][gc,nmethod  ] GC(21) NMethods: 2008 registered, 0 unregistered
[16.503s][info][gc,metaspace] GC(21) Metaspace: 64M used, 68M capacity, 68M committed, 70M reserved
[16.503s][info][gc,ref      ] GC(21) Soft: 2543 encountered, 0 discovered, 0 enqueued
[16.503s][info][gc,ref      ] GC(21) Weak: 4024 encountered, 2989 discovered, 0 enqueued
[16.503s][info][gc,ref      ] GC(21) Final: 27 encountered, 0 discovered, 0 enqueued
[16.503s][info][gc,ref      ] GC(21) Phantom: 649 encountered, 645 discovered, 0 enqueued
[16.503s][info][gc,heap     ] GC(21)                Mark Start          Mark End        Relocate Start      Relocate End           High               Low         
[16.503s][info][gc,heap     ] GC(21)  Capacity:      500M (100%)        500M (100%)        500M (100%)        500M (100%)        500M (100%)        500M (100%)   
[16.503s][info][gc,heap     ] GC(21)   Reserve:       34M (7%)           34M (7%)           34M (7%)           34M (7%)           34M (7%)           34M (7%)     
[16.503s][info][gc,heap     ] GC(21)      Free:      178M (36%)          58M (12%)          58M (12%)         198M (40%)         198M (40%)          22M (4%)     
[16.503s][info][gc,heap     ] GC(21)      Used:      288M (58%)         408M (82%)         408M (82%)         268M (54%)         444M (89%)         268M (54%)    
[16.503s][info][gc,heap     ] GC(21)      Live:         -                59M (12%)          59M (12%)          59M (12%)            -                  -          
[16.503s][info][gc,heap     ] GC(21) Allocated:         -               120M (24%)         120M (24%)         226M (45%)            -                  -          
[16.503s][info][gc,heap     ] GC(21)   Garbage:         -               228M (46%)         228M (46%)          28M (6%)             -                  -          
[16.503s][info][gc,heap     ] GC(21) Reclaimed:         -                  -                 0M (0%)          200M (40%)            -                  -          
[16.503s][info][gc          ] GC(21) Garbage Collection (Allocation Rate) 288M(58%)->268M(54%)
[16.513s][info][gc,start    ] GC(22) Garbage Collection (Allocation Rate)
[16.520s][info][gc,phases   ] GC(22) Pause Mark Start 2.115ms
[16.725s][info][gc,heap     ] Page Cache Flushed: 2M requested, 32M(64M->32M) flushed
[16.764s][info][gc,heap     ] Page Cache Flushed: 2M requested, 32M(32M->0M) flushed
[16.798s][info][gc,phases   ] GC(22) Concurrent Mark 278.197ms
[16.801s][info][gc,phases   ] GC(22) Pause Mark End 0.256ms
[16.802s][info][gc,phases   ] GC(22) Concurrent Process Non-Strong References 1.412ms
[16.802s][info][gc,phases   ] GC(22) Concurrent Reset Relocation Set 0.160ms
[16.802s][info][gc,phases   ] GC(22) Concurrent Destroy Detached Pages 0.005ms
[16.804s][info][gc,phases   ] GC(22) Concurrent Select Relocation Set 1.575ms
[16.805s][info][gc,phases   ] GC(22) Concurrent Prepare Relocation Set 0.960ms
[16.807s][info][gc,phases   ] GC(22) Pause Relocate Start 1.901ms
[16.811s][info][gc          ] Allocation Stall (Executor task launch worker for task 0.0 in stage 1.0 (TID 1)) 2.923ms
[16.823s][info][gc          ] Allocation Stall (Executor task launch worker for task 0.0 in stage 1.0 (TID 1)) 5.602ms
[16.865s][info][gc,heap     ] Page Cache Flushed: 10M requested, 10M(56M->46M) flushed
[16.877s][info][gc,phases   ] GC(22) Concurrent Relocate 69.819ms
[16.877s][info][gc,load     ] GC(22) Load: 2.12/1.02/0.44
[16.877s][info][gc,mmu      ] GC(22) MMU: 2ms/0.0%, 5ms/4.0%, 10ms/52.0%, 20ms/76.0%, 50ms/90.4%, 100ms/94.5%
[16.877s][info][gc,marking  ] GC(22) Mark: 1 stripe(s), 2 proactive flush(es), 1 terminate flush(es), 0 completion(s), 0 continuation(s) 
[16.877s][info][gc,reloc    ] GC(22) Relocation: Successful, 21M relocated
[16.877s][info][gc,nmethod  ] GC(22) NMethods: 2014 registered, 0 unregistered
[16.877s][info][gc,metaspace] GC(22) Metaspace: 64M used, 68M capacity, 68M committed, 70M reserved
[16.877s][info][gc,ref      ] GC(22) Soft: 2543 encountered, 0 discovered, 0 enqueued
[16.877s][info][gc,ref      ] GC(22) Weak: 4024 encountered, 2989 discovered, 0 enqueued
[16.877s][info][gc,ref      ] GC(22) Final: 27 encountered, 0 discovered, 0 enqueued
[16.877s][info][gc,ref      ] GC(22) Phantom: 649 encountered, 645 discovered, 0 enqueued
[16.877s][info][gc,heap     ] GC(22)                Mark Start          Mark End        Relocate Start      Relocate End           High               Low         
[16.877s][info][gc,heap     ] GC(22)  Capacity:      500M (100%)        500M (100%)        500M (100%)        500M (100%)        500M (100%)        500M (100%)   
[16.877s][info][gc,heap     ] GC(22)   Reserve:       34M (7%)           34M (7%)           34M (7%)           34M (7%)           34M (7%)           34M (7%)     
[16.877s][info][gc,heap     ] GC(22)      Free:      186M (37%)           2M (0%)            2M (0%)           80M (16%)         186M (37%)           0M (0%)     
[16.877s][info][gc,heap     ] GC(22)      Used:      280M (56%)         464M (93%)         464M (93%)         386M (77%)         466M (93%)         280M (56%)    
[16.877s][info][gc,heap     ] GC(22)      Live:         -                76M (15%)          76M (15%)          76M (15%)            -                  -          
[16.877s][info][gc,heap     ] GC(22) Allocated:         -               184M (37%)         184M (37%)         292M (58%)            -                  -          
[16.877s][info][gc,heap     ] GC(22)   Garbage:         -               203M (41%)         203M (41%)          31M (6%)             -                  -          
[16.877s][info][gc,heap     ] GC(22) Reclaimed:         -                  -                 0M (0%)          172M (34%)            -                  -          
[16.877s][info][gc          ] GC(22) Garbage Collection (Allocation Rate) 280M(56%)->386M(77%)
[16.913s][info][gc,start    ] GC(23) Garbage Collection (Allocation Rate)
[16.918s][info][gc,phases   ] GC(23) Pause Mark Start 2.076ms
[17.045s][info][gc,phases   ] GC(23) Concurrent Mark 127.693ms
[17.046s][info][gc,phases   ] GC(23) Pause Mark End 0.216ms
[17.047s][info][gc,phases   ] GC(23) Concurrent Process Non-Strong References 1.236ms
[17.047s][info][gc,phases   ] GC(23) Concurrent Reset Relocation Set 0.022ms
[17.047s][info][gc,phases   ] GC(23) Concurrent Destroy Detached Pages 0.006ms
[17.050s][info][gc,heap     ] GC(23) Page Cache Flushed: 2M requested, 6M(6M->0M) flushed
[17.051s][info][gc          ] Allocation Stall (Executor task launch worker for task 0.0 in stage 1.0 (TID 1)) 127.306ms
[17.053s][info][gc          ] Allocation Stall (Spark Context Cleaner) 127.715ms
[17.053s][info][gc,phases   ] GC(23) Concurrent Select Relocation Set 5.811ms
[17.055s][info][gc,phases   ] GC(23) Concurrent Prepare Relocation Set 1.863ms
[17.057s][info][gc,phases   ] GC(23) Pause Relocate Start 1.771ms
[17.057s][info][gc          ] Allocation Stall (Executor task launch worker for task 0.0 in stage 1.0 (TID 1)) 4.311ms
[17.063s][info][gc          ] Allocation Stall (Executor task launch worker for task 0.0 in stage 1.0 (TID 1)) 3.705ms
[17.075s][info][gc          ] Allocation Stall (Executor task launch worker for task 0.0 in stage 1.0 (TID 1)) 5.513ms
[17.209s][info][gc,phases   ] GC(23) Concurrent Relocate 151.786ms
[17.209s][info][gc,load     ] GC(23) Load: 2.12/1.02/0.44
[17.209s][info][gc,mmu      ] GC(23) MMU: 2ms/0.0%, 5ms/4.0%, 10ms/52.0%, 20ms/76.0%, 50ms/90.4%, 100ms/94.5%
[17.209s][info][gc,marking  ] GC(23) Mark: 1 stripe(s), 2 proactive flush(es), 1 terminate flush(es), 0 completion(s), 0 continuation(s) 
[17.209s][info][gc,reloc    ] GC(23) Relocation: Incomplete
[17.209s][info][gc,nmethod  ] GC(23) NMethods: 2022 registered, 0 unregistered
[17.209s][info][gc,metaspace] GC(23) Metaspace: 64M used, 68M capacity, 68M committed, 70M reserved
[17.209s][info][gc,ref      ] GC(23) Soft: 2543 encountered, 0 discovered, 0 enqueued
[17.209s][info][gc,ref      ] GC(23) Weak: 4024 encountered, 2989 discovered, 0 enqueued
[17.209s][info][gc,ref      ] GC(23) Final: 27 encountered, 0 discovered, 0 enqueued
[17.209s][info][gc,ref      ] GC(23) Phantom: 649 encountered, 645 discovered, 0 enqueued
[17.209s][info][gc,heap     ] GC(23)                Mark Start          Mark End        Relocate Start      Relocate End           High               Low         
[17.209s][info][gc,heap     ] GC(23)  Capacity:      500M (100%)        500M (100%)        500M (100%)        500M (100%)        500M (100%)        500M (100%)   
[17.209s][info][gc,heap     ] GC(23)   Reserve:       34M (7%)           34M (7%)           34M (7%)           34M (7%)           34M (7%)           32M (6%)     
[17.209s][info][gc,heap     ] GC(23)      Free:        2M (0%)            0M (0%)            0M (0%)          112M (22%)         134M (27%)           0M (0%)     
[17.209s][info][gc,heap     ] GC(23)      Used:      464M (93%)         466M (93%)         466M (93%)         354M (71%)         468M (94%)         332M (66%)    
[17.209s][info][gc,heap     ] GC(23)      Live:         -               105M (21%)         105M (21%)         105M (21%)            -                  -          
[17.209s][info][gc,heap     ] GC(23) Allocated:         -                 2M (0%)            8M (2%)          244M (49%)            -                  -          
[17.209s][info][gc,heap     ] GC(23)   Garbage:         -               358M (72%)         352M (70%)          34M (7%)             -                  -          
[17.209s][info][gc,heap     ] GC(23) Reclaimed:         -                  -                 6M (1%)          324M (65%)            -                  -          
[17.209s][info][gc          ] GC(23) Garbage Collection (Allocation Rate) 464M(93%)->354M(71%)
[17.215s][info][gc,start    ] GC(24) Garbage Collection (Allocation Rate)
[17.219s][info][gc,phases   ] GC(24) Pause Mark Start 2.218ms
[17.403s][info][gc,phases   ] GC(24) Concurrent Mark 183.858ms
[17.404s][info][gc,phases   ] GC(24) Pause Mark End 0.217ms
[17.405s][info][gc,phases   ] GC(24) Concurrent Process Non-Strong References 1.183ms
[17.405s][info][gc,phases   ] GC(24) Concurrent Reset Relocation Set 0.353ms
[17.405s][info][gc,phases   ] GC(24) Concurrent Destroy Detached Pages 0.003ms
[17.407s][info][gc,phases   ] GC(24) Concurrent Select Relocation Set 1.520ms
[17.408s][info][gc,phases   ] GC(24) Concurrent Prepare Relocation Set 1.399ms
[17.410s][info][gc,phases   ] GC(24) Pause Relocate Start 1.765ms
[17.410s][info][gc          ] Allocation Stall (Executor task launch worker for task 0.0 in stage 1.0 (TID 1)) 115.286ms
[17.411s][info][gc          ] Allocation Stall (Executor task launch worker for task 0.0 in stage 1.0 (TID 1)) 0.337ms
[17.413s][info][gc          ] Allocation Stall (Executor task launch worker for task 0.0 in stage 1.0 (TID 1)) 1.015ms
[17.414s][info][gc          ] Allocation Stall (Executor task launch worker for task 0.0 in stage 1.0 (TID 1)) 0.360ms
[17.415s][info][gc          ] Allocation Stall (Executor task launch worker for task 0.0 in stage 1.0 (TID 1)) 0.405ms
[17.416s][info][gc          ] Allocation Stall (Executor task launch worker for task 0.0 in stage 1.0 (TID 1)) 0.380ms
[17.419s][info][gc          ] Allocation Stall (Executor task launch worker for task 0.0 in stage 1.0 (TID 1)) 1.525ms
[17.427s][info][gc          ] Allocation Stall (Executor task launch worker for task 0.0 in stage 1.0 (TID 1)) 5.753ms
[17.443s][info][gc          ] Allocation Stall (Executor task launch worker for task 0.0 in stage 1.0 (TID 1)) 5.508ms
[17.502s][info][gc,phases   ] GC(24) Concurrent Relocate 91.475ms
[17.502s][info][gc,load     ] GC(24) Load: 2.12/1.02/0.44
[17.502s][info][gc,mmu      ] GC(24) MMU: 2ms/0.0%, 5ms/4.0%, 10ms/52.0%, 20ms/76.0%, 50ms/90.4%, 100ms/94.5%
[17.502s][info][gc,marking  ] GC(24) Mark: 1 stripe(s), 2 proactive flush(es), 1 terminate flush(es), 0 completion(s), 0 continuation(s) 
[17.502s][info][gc,reloc    ] GC(24) Relocation: Successful, 24M relocated
[17.502s][info][gc,nmethod  ] GC(24) NMethods: 2025 registered, 0 unregistered
[17.502s][info][gc,metaspace] GC(24) Metaspace: 64M used, 68M capacity, 68M committed, 70M reserved
[17.502s][info][gc,ref      ] GC(24) Soft: 2543 encountered, 0 discovered, 0 enqueued
[17.502s][info][gc,ref      ] GC(24) Weak: 4024 encountered, 2989 discovered, 0 enqueued
[17.502s][info][gc,ref      ] GC(24) Final: 27 encountered, 0 discovered, 0 enqueued
[17.502s][info][gc,ref      ] GC(24) Phantom: 649 encountered, 645 discovered, 0 enqueued
[17.502s][info][gc,heap     ] GC(24)                Mark Start          Mark End        Relocate Start      Relocate End           High               Low         
[17.502s][info][gc,heap     ] GC(24)  Capacity:      500M (100%)        500M (100%)        500M (100%)        500M (100%)        500M (100%)        500M (100%)   
[17.502s][info][gc,heap     ] GC(24)   Reserve:       34M (7%)           34M (7%)           34M (7%)           34M (7%)           34M (7%)           32M (6%)     
[17.502s][info][gc,heap     ] GC(24)      Free:      102M (20%)           0M (0%)            0M (0%)           84M (17%)         102M (20%)           0M (0%)     
[17.502s][info][gc,heap     ] GC(24)      Used:      364M (73%)         466M (93%)         466M (93%)         382M (76%)         468M (94%)         364M (73%)    
[17.502s][info][gc,heap     ] GC(24)      Live:         -               121M (24%)         121M (24%)         121M (24%)            -                  -          
[17.502s][info][gc,heap     ] GC(24) Allocated:         -               102M (20%)         102M (20%)         246M (49%)            -                  -          
[17.502s][info][gc,heap     ] GC(24)   Garbage:         -               242M (48%)         242M (48%)          32M (6%)             -                  -          
[17.502s][info][gc,heap     ] GC(24) Reclaimed:         -                  -                 0M (0%)          210M (42%)            -                  -          
[17.502s][info][gc          ] GC(24) Garbage Collection (Allocation Rate) 364M(73%)->382M(76%)
[17.516s][info][gc,start    ] GC(25) Garbage Collection (Allocation Rate)
[17.519s][info][gc,phases   ] GC(25) Pause Mark Start 2.349ms
[18.101s][info][gc,phases   ] GC(25) Concurrent Mark 582.256ms
[18.103s][info][gc,phases   ] GC(25) Pause Mark End 0.243ms
[18.105s][info][gc,phases   ] GC(25) Concurrent Process Non-Strong References 1.283ms
[18.105s][info][gc,phases   ] GC(25) Concurrent Reset Relocation Set 0.183ms
[18.105s][info][gc,phases   ] GC(25) Concurrent Destroy Detached Pages 0.001ms
[18.107s][info][gc,phases   ] GC(25) Concurrent Select Relocation Set 1.495ms
[18.118s][info][gc,phases   ] GC(25) Concurrent Prepare Relocation Set 11.639ms
[18.128s][info][gc,phases   ] GC(25) Pause Relocate Start 3.449ms
[18.302s][info][gc,phases   ] GC(25) Concurrent Relocate 173.885ms
[18.302s][info][gc,load     ] GC(25) Load: 2.12/1.02/0.44
[18.302s][info][gc,mmu      ] GC(25) MMU: 2ms/0.0%, 5ms/4.0%, 10ms/52.0%, 20ms/76.0%, 50ms/90.4%, 100ms/94.5%
[18.302s][info][gc,marking  ] GC(25) Mark: 1 stripe(s), 2 proactive flush(es), 1 terminate flush(es), 0 completion(s), 0 continuation(s) 
[18.302s][info][gc,reloc    ] GC(25) Relocation: Successful, 25M relocated
[18.302s][info][gc,nmethod  ] GC(25) NMethods: 2202 registered, 0 unregistered
[18.302s][info][gc,metaspace] GC(25) Metaspace: 65M used, 68M capacity, 68M committed, 70M reserved
[18.302s][info][gc,ref      ] GC(25) Soft: 2545 encountered, 0 discovered, 0 enqueued
[18.302s][info][gc,ref      ] GC(25) Weak: 4026 encountered, 2989 discovered, 2 enqueued
[18.302s][info][gc,ref      ] GC(25) Final: 27 encountered, 0 discovered, 0 enqueued
[18.302s][info][gc,ref      ] GC(25) Phantom: 651 encountered, 647 discovered, 2 enqueued
[18.302s][info][gc,heap     ] GC(25)                Mark Start          Mark End        Relocate Start      Relocate End           High               Low         
[18.302s][info][gc,heap     ] GC(25)  Capacity:      500M (100%)        500M (100%)        500M (100%)        500M (100%)        500M (100%)        500M (100%)   
[18.302s][info][gc,heap     ] GC(25)   Reserve:       34M (7%)           34M (7%)           34M (7%)           34M (7%)           34M (7%)           34M (7%)     
[18.302s][info][gc,heap     ] GC(25)      Free:       82M (16%)          22M (4%)           20M (4%)          184M (37%)         184M (37%)          18M (4%)     
[18.302s][info][gc,heap     ] GC(25)      Used:      384M (77%)         444M (89%)         446M (89%)         282M (56%)         448M (90%)         282M (56%)    
[18.302s][info][gc,heap     ] GC(25)      Live:         -               138M (28%)         138M (28%)         138M (28%)            -                  -          
[18.302s][info][gc,heap     ] GC(25) Allocated:         -                60M (12%)          62M (12%)         130M (26%)            -                  -          
[18.302s][info][gc,heap     ] GC(25)   Garbage:         -               245M (49%)         245M (49%)          31M (6%)             -                  -          
[18.302s][info][gc,heap     ] GC(25) Reclaimed:         -                  -                 0M (0%)          214M (43%)            -                  -          
[18.302s][info][gc          ] GC(25) Garbage Collection (Allocation Rate) 384M(77%)->282M(56%)
[18.313s][info][gc,start    ] GC(26) Garbage Collection (Allocation Rate)
[18.317s][info][gc,phases   ] GC(26) Pause Mark Start 2.242ms
[18.690s][info][gc,phases   ] GC(26) Concurrent Mark 373.152ms
[18.691s][info][gc,phases   ] GC(26) Pause Mark End 0.209ms
[18.692s][info][gc,phases   ] GC(26) Concurrent Process Non-Strong References 1.285ms
[18.693s][info][gc,phases   ] GC(26) Concurrent Reset Relocation Set 0.193ms
[18.693s][info][gc,phases   ] GC(26) Concurrent Destroy Detached Pages 0.000ms
[18.694s][info][gc,phases   ] GC(26) Concurrent Select Relocation Set 1.521ms
[18.694s][info][gc,phases   ] GC(26) Concurrent Prepare Relocation Set 0.033ms
[18.696s][info][gc,phases   ] GC(26) Pause Relocate Start 1.793ms
[18.696s][info][gc          ] Allocation Stall (Executor task launch worker for task 0.0 in stage 1.0 (TID 1)) 60.953ms
[18.705s][info][gc,phases   ] GC(26) Concurrent Relocate 6.213ms
[18.705s][info][gc,load     ] GC(26) Load: 2.12/1.02/0.44
[18.705s][info][gc,mmu      ] GC(26) MMU: 2ms/0.0%, 5ms/4.0%, 10ms/52.0%, 20ms/76.0%, 50ms/90.4%, 100ms/94.5%
[18.705s][info][gc,marking  ] GC(26) Mark: 1 stripe(s), 2 proactive flush(es), 1 terminate flush(es), 0 completion(s), 0 continuation(s) 
[18.705s][info][gc,reloc    ] GC(26) Relocation: Successful, 9M relocated
[18.705s][info][gc,nmethod  ] GC(26) NMethods: 2225 registered, 0 unregistered
[18.705s][info][gc,metaspace] GC(26) Metaspace: 65M used, 68M capacity, 68M committed, 70M reserved
[18.705s][info][gc,ref      ] GC(26) Soft: 2570 encountered, 0 discovered, 0 enqueued
[18.705s][info][gc,ref      ] GC(26) Weak: 4066 encountered, 3018 discovered, 14 enqueued
[18.705s][info][gc,ref      ] GC(26) Final: 27 encountered, 0 discovered, 0 enqueued
[18.705s][info][gc,ref      ] GC(26) Phantom: 666 encountered, 659 discovered, 17 enqueued
[18.705s][info][gc,heap     ] GC(26)                Mark Start          Mark End        Relocate Start      Relocate End           High               Low         
[18.705s][info][gc,heap     ] GC(26)  Capacity:      500M (100%)        500M (100%)        500M (100%)        500M (100%)        500M (100%)        500M (100%)   
[18.705s][info][gc,heap     ] GC(26)   Reserve:       34M (7%)           34M (7%)           34M (7%)           34M (7%)           34M (7%)           34M (7%)     
[18.705s][info][gc,heap     ] GC(26)      Free:      172M (34%)           0M (0%)          100M (20%)         108M (22%)         172M (34%)           0M (0%)     
[18.705s][info][gc,heap     ] GC(26)      Used:      294M (59%)         466M (93%)         366M (73%)         358M (72%)         466M (93%)         294M (59%)    
[18.705s][info][gc,heap     ] GC(26)      Live:         -               138M (28%)         138M (28%)         138M (28%)            -                  -          
[18.705s][info][gc,heap     ] GC(26) Allocated:         -               172M (34%)         174M (35%)         190M (38%)            -                  -          
[18.705s][info][gc,heap     ] GC(26)   Garbage:         -               155M (31%)          53M (11%)          31M (6%)             -                  -          
[18.705s][info][gc,heap     ] GC(26) Reclaimed:         -                  -               102M (20%)         124M (25%)            -                  -          
[18.705s][info][gc          ] GC(26) Garbage Collection (Allocation Rate) 294M(59%)->358M(72%)
[18.714s][info][gc,start    ] GC(27) Garbage Collection (Allocation Rate)
[18.718s][info][gc,phases   ] GC(27) Pause Mark Start 2.125ms
[18.898s][info][gc,phases   ] GC(27) Concurrent Mark 179.880ms
[18.898s][info][gc,phases   ] GC(27) Pause Mark End 0.213ms
[18.899s][info][gc,phases   ] GC(27) Concurrent Process Non-Strong References 1.262ms
[18.899s][info][gc,phases   ] GC(27) Concurrent Reset Relocation Set 0.003ms
[18.899s][info][gc,phases   ] GC(27) Concurrent Destroy Detached Pages 0.000ms
[18.901s][info][gc,phases   ] GC(27) Concurrent Select Relocation Set 1.506ms
[18.901s][info][gc,phases   ] GC(27) Concurrent Prepare Relocation Set 0.065ms
[18.903s][info][gc,phases   ] GC(27) Pause Relocate Start 1.775ms
[18.903s][info][gc          ] Allocation Stall (Executor task launch worker for task 0.0 in stage 1.0 (TID 1)) 105.354ms
[18.910s][info][gc,phases   ] GC(27) Concurrent Relocate 6.463ms
[18.910s][info][gc,load     ] GC(27) Load: 2.12/1.02/0.44
[18.910s][info][gc,mmu      ] GC(27) MMU: 2ms/0.0%, 5ms/4.0%, 10ms/52.0%, 20ms/76.0%, 50ms/90.4%, 100ms/94.5%
[18.910s][info][gc,marking  ] GC(27) Mark: 1 stripe(s), 2 proactive flush(es), 1 terminate flush(es), 0 completion(s), 0 continuation(s) 
[18.910s][info][gc,reloc    ] GC(27) Relocation: Successful, 9M relocated
[18.910s][info][gc,nmethod  ] GC(27) NMethods: 2228 registered, 0 unregistered
[18.910s][info][gc,metaspace] GC(27) Metaspace: 65M used, 68M capacity, 68M committed, 70M reserved
[18.910s][info][gc,ref      ] GC(27) Soft: 2570 encountered, 0 discovered, 0 enqueued
[18.910s][info][gc,ref      ] GC(27) Weak: 4052 encountered, 3004 discovered, 0 enqueued
[18.910s][info][gc,ref      ] GC(27) Final: 27 encountered, 0 discovered, 0 enqueued
[18.910s][info][gc,ref      ] GC(27) Phantom: 649 encountered, 645 discovered, 0 enqueued
[18.910s][info][gc,heap     ] GC(27)                Mark Start          Mark End        Relocate Start      Relocate End           High               Low         
[18.910s][info][gc,heap     ] GC(27)  Capacity:      500M (100%)        500M (100%)        500M (100%)        500M (100%)        500M (100%)        500M (100%)   
[18.910s][info][gc,heap     ] GC(27)   Reserve:       34M (7%)           34M (7%)           34M (7%)           34M (7%)           34M (7%)           34M (7%)     
[18.910s][info][gc,heap     ] GC(27)      Free:       88M (18%)           0M (0%)          198M (40%)         198M (40%)         198M (40%)           0M (0%)     
[18.910s][info][gc,heap     ] GC(27)      Used:      378M (76%)         466M (93%)         268M (54%)         268M (54%)         466M (93%)         268M (54%)    
[18.910s][info][gc,heap     ] GC(27)      Live:         -               138M (28%)         138M (28%)         138M (28%)            -                  -          
[18.910s][info][gc,heap     ] GC(27) Allocated:         -                88M (18%)          90M (18%)         100M (20%)            -                  -          
[18.910s][info][gc,heap     ] GC(27)   Garbage:         -               239M (48%)          39M (8%)           31M (6%)             -                  -          
[18.910s][info][gc,heap     ] GC(27) Reclaimed:         -                  -               200M (40%)         208M (42%)            -                  -          
[18.910s][info][gc          ] GC(27) Garbage Collection (Allocation Rate) 378M(76%)->268M(54%)
[18.913s][info][gc,start    ] GC(28) Garbage Collection (Allocation Rate)
[18.917s][info][gc,phases   ] GC(28) Pause Mark Start 2.102ms
[19.135s][info][gc,phases   ] GC(28) Concurrent Mark 217.941ms
[19.135s][info][gc,phases   ] GC(28) Pause Mark End 0.207ms
[19.137s][info][gc,phases   ] GC(28) Concurrent Process Non-Strong References 1.277ms
[19.137s][info][gc,phases   ] GC(28) Concurrent Reset Relocation Set 0.002ms
[19.137s][info][gc,phases   ] GC(28) Concurrent Destroy Detached Pages 0.000ms
[19.138s][info][gc,phases   ] GC(28) Concurrent Select Relocation Set 1.587ms
[19.138s][info][gc,phases   ] GC(28) Concurrent Prepare Relocation Set 0.062ms
[19.140s][info][gc,phases   ] GC(28) Pause Relocate Start 1.713ms
[19.140s][info][gc          ] Allocation Stall (Executor task launch worker for task 0.0 in stage 1.0 (TID 1)) 56.434ms
[19.149s][info][gc,phases   ] GC(28) Concurrent Relocate 6.591ms
[19.149s][info][gc,load     ] GC(28) Load: 2.12/1.02/0.44
[19.149s][info][gc,mmu      ] GC(28) MMU: 2ms/0.0%, 5ms/4.0%, 10ms/52.0%, 20ms/76.0%, 50ms/90.4%, 100ms/94.5%
[19.149s][info][gc,marking  ] GC(28) Mark: 1 stripe(s), 2 proactive flush(es), 1 terminate flush(es), 0 completion(s), 0 continuation(s) 
[19.149s][info][gc,reloc    ] GC(28) Relocation: Successful, 9M relocated
[19.149s][info][gc,nmethod  ] GC(28) NMethods: 2228 registered, 0 unregistered
[19.149s][info][gc,metaspace] GC(28) Metaspace: 65M used, 68M capacity, 68M committed, 70M reserved
[19.149s][info][gc,ref      ] GC(28) Soft: 2570 encountered, 0 discovered, 0 enqueued
[19.149s][info][gc,ref      ] GC(28) Weak: 4052 encountered, 3003 discovered, 0 enqueued
[19.149s][info][gc,ref      ] GC(28) Final: 27 encountered, 0 discovered, 0 enqueued
[19.149s][info][gc,ref      ] GC(28) Phantom: 649 encountered, 645 discovered, 0 enqueued
[19.149s][info][gc,heap     ] GC(28)                Mark Start          Mark End        Relocate Start      Relocate End           High               Low         
[19.149s][info][gc,heap     ] GC(28)  Capacity:      500M (100%)        500M (100%)        500M (100%)        500M (100%)        500M (100%)        500M (100%)   
[19.149s][info][gc,heap     ] GC(28)   Reserve:       34M (7%)           34M (7%)           34M (7%)           34M (7%)           34M (7%)           34M (7%)     
[19.149s][info][gc,heap     ] GC(28)      Free:      190M (38%)           0M (0%)           96M (19%)          90M (18%)         190M (38%)           0M (0%)     
[19.149s][info][gc,heap     ] GC(28)      Used:      276M (55%)         466M (93%)         370M (74%)         376M (75%)         466M (93%)         276M (55%)    
[19.149s][info][gc,heap     ] GC(28)      Live:         -               138M (28%)         138M (28%)         138M (28%)            -                  -          
[19.149s][info][gc,heap     ] GC(28) Allocated:         -               190M (38%)         192M (38%)         206M (41%)            -                  -          
[19.149s][info][gc,heap     ] GC(28)   Garbage:         -               137M (27%)          39M (8%)           35M (7%)             -                  -          
[19.149s][info][gc,heap     ] GC(28) Reclaimed:         -                  -                98M (20%)         102M (20%)            -                  -          
[19.149s][info][gc          ] GC(28) Garbage Collection (Allocation Rate) 276M(55%)->376M(75%)
[19.199s][info][gc,start    ] GC(29) Garbage Collection (Allocation Stall)
[19.199s][info][gc,ref      ] GC(29) Clearing All Soft References
[19.201s][info][gc,phases   ] GC(29) Pause Mark Start 2.154ms
[19.352s][info][gc,phases   ] GC(29) Concurrent Mark 150.947ms
[19.353s][info][gc,phases   ] GC(29) Pause Mark End 0.284ms
[19.354s][info][gc,phases   ] GC(29) Concurrent Process Non-Strong References 1.391ms
[19.354s][info][gc,phases   ] GC(29) Concurrent Reset Relocation Set 0.002ms
[19.354s][info][gc,phases   ] GC(29) Concurrent Destroy Detached Pages 0.000ms
[19.355s][info][gc          ] Allocation Stall (Executor task launch worker for task 0.0 in stage 1.0 (TID 1)) 155.838ms
[19.358s][info][gc          ] Allocation Stall (RemoteBlock-temp-file-clean-thread) 147.340ms
[19.358s][info][gc          ] Allocation Stall (executor-heartbeater) 99.624ms
[19.362s][info][gc          ] Allocation Stall (Spark Context Cleaner) 94.404ms
[19.363s][info][gc,phases   ] GC(29) Concurrent Select Relocation Set 9.148ms
[19.363s][info][gc,phases   ] GC(29) Concurrent Prepare Relocation Set 0.030ms
[19.367s][info][gc,phases   ] GC(29) Pause Relocate Start 1.989ms
[19.373s][info][gc,phases   ] GC(29) Concurrent Relocate 5.513ms
[19.373s][info][gc,load     ] GC(29) Load: 2.12/1.02/0.44
[19.373s][info][gc,mmu      ] GC(29) MMU: 2ms/0.0%, 5ms/4.0%, 10ms/52.0%, 20ms/76.0%, 50ms/90.4%, 100ms/94.5%
[19.373s][info][gc,marking  ] GC(29) Mark: 1 stripe(s), 2 proactive flush(es), 1 terminate flush(es), 0 completion(s), 0 continuation(s) 
[19.373s][info][gc,reloc    ] GC(29) Relocation: Successful, 10M relocated
[19.373s][info][gc,nmethod  ] GC(29) NMethods: 2228 registered, 0 unregistered
[19.373s][info][gc,metaspace] GC(29) Metaspace: 65M used, 68M capacity, 68M committed, 70M reserved
[19.373s][info][gc,ref      ] GC(29) Soft: 2565 encountered, 970 discovered, 462 enqueued
[19.373s][info][gc,ref      ] GC(29) Weak: 4052 encountered, 3239 discovered, 0 enqueued
[19.373s][info][gc,ref      ] GC(29) Final: 27 encountered, 0 discovered, 0 enqueued
[19.373s][info][gc,ref      ] GC(29) Phantom: 649 encountered, 645 discovered, 0 enqueued
[19.373s][info][gc,heap     ] GC(29)                Mark Start          Mark End        Relocate Start      Relocate End           High               Low         
[19.373s][info][gc,heap     ] GC(29)  Capacity:      500M (100%)        500M (100%)        500M (100%)        500M (100%)        500M (100%)        500M (100%)   
[19.373s][info][gc,heap     ] GC(29)   Reserve:       34M (7%)           34M (7%)           34M (7%)           34M (7%)           34M (7%)           34M (7%)     
[19.373s][info][gc,heap     ] GC(29)      Free:        0M (0%)            0M (0%)          274M (55%)         280M (56%)         280M (56%)           0M (0%)     
[19.373s][info][gc,heap     ] GC(29)      Used:      466M (93%)         466M (93%)         192M (38%)         186M (37%)         466M (93%)         186M (37%)    
[19.373s][info][gc,heap     ] GC(29)      Live:         -               136M (27%)         136M (27%)         136M (27%)            -                  -          
[19.373s][info][gc,heap     ] GC(29) Allocated:         -                 0M (0%)           16M (3%)           24M (5%)             -                  -          
[19.373s][info][gc,heap     ] GC(29)   Garbage:         -               329M (66%)          45M (9%)           35M (7%)             -                  -          
[19.373s][info][gc,heap     ] GC(29) Reclaimed:         -                  -               284M (57%)         294M (59%)            -                  -          
[19.373s][info][gc          ] GC(29) Garbage Collection (Allocation Stall) 466M(93%)->186M(37%)
[19.413s][info][gc,start    ] GC(30) Garbage Collection (Allocation Rate)
[19.420s][info][gc,phases   ] GC(30) Pause Mark Start 2.370ms
[19.718s][info][gc,phases   ] GC(30) Concurrent Mark 298.167ms
[19.718s][info][gc,phases   ] GC(30) Pause Mark End 0.248ms
[19.720s][info][gc,phases   ] GC(30) Concurrent Process Non-Strong References 1.344ms
[19.720s][info][gc,phases   ] GC(30) Concurrent Reset Relocation Set 0.002ms
[19.720s][info][gc,phases   ] GC(30) Concurrent Destroy Detached Pages 0.000ms
[19.721s][info][gc,phases   ] GC(30) Concurrent Select Relocation Set 1.685ms
[19.722s][info][gc,phases   ] GC(30) Concurrent Prepare Relocation Set 0.238ms
[19.724s][info][gc,phases   ] GC(30) Pause Relocate Start 1.857ms
[19.724s][info][gc          ] Allocation Stall (Executor task launch worker for task 0.0 in stage 1.0 (TID 1)) 23.611ms
[19.738s][info][gc,phases   ] GC(30) Concurrent Relocate 10.697ms
[19.738s][info][gc,load     ] GC(30) Load: 2.12/1.02/0.44
[19.738s][info][gc,mmu      ] GC(30) MMU: 2ms/0.0%, 5ms/4.0%, 10ms/52.0%, 20ms/76.0%, 50ms/90.4%, 100ms/94.5%
[19.738s][info][gc,marking  ] GC(30) Mark: 1 stripe(s), 2 proactive flush(es), 1 terminate flush(es), 0 completion(s), 0 continuation(s) 
[19.738s][info][gc,reloc    ] GC(30) Relocation: Successful, 11M relocated
[19.738s][info][gc,nmethod  ] GC(30) NMethods: 2233 registered, 0 unregistered
[19.738s][info][gc,metaspace] GC(30) Metaspace: 65M used, 69M capacity, 69M committed, 70M reserved
[19.738s][info][gc,ref      ] GC(30) Soft: 2122 encountered, 0 discovered, 0 enqueued
[19.738s][info][gc,ref      ] GC(30) Weak: 4131 encountered, 3062 discovered, 28 enqueued
[19.738s][info][gc,ref      ] GC(30) Final: 27 encountered, 0 discovered, 0 enqueued
[19.738s][info][gc,ref      ] GC(30) Phantom: 679 encountered, 484 discovered, 29 enqueued
[19.738s][info][gc,heap     ] GC(30)                Mark Start          Mark End        Relocate Start      Relocate End           High               Low         
[19.738s][info][gc,heap     ] GC(30)  Capacity:      500M (100%)        500M (100%)        500M (100%)        500M (100%)        500M (100%)        500M (100%)   
[19.738s][info][gc,heap     ] GC(30)   Reserve:       34M (7%)           34M (7%)           34M (7%)           34M (7%)           34M (7%)           34M (7%)     
[19.738s][info][gc,heap     ] GC(30)      Free:      250M (50%)           0M (0%)           26M (5%)           30M (6%)          250M (50%)           0M (0%)     
[19.738s][info][gc,heap     ] GC(30)      Used:      216M (43%)         466M (93%)         440M (88%)         436M (87%)         466M (93%)         216M (43%)    
[19.738s][info][gc,heap     ] GC(30)      Live:         -               137M (27%)         137M (27%)         137M (27%)            -                  -          
[19.738s][info][gc,heap     ] GC(30) Allocated:         -               250M (50%)         252M (50%)         270M (54%)            -                  -          
[19.738s][info][gc,heap     ] GC(30)   Garbage:         -                78M (16%)          50M (10%)          32M (7%)             -                  -          
[19.738s][info][gc,heap     ] GC(30) Reclaimed:         -                  -                28M (6%)           46M (9%)             -                  -          
[19.738s][info][gc          ] GC(30) Garbage Collection (Allocation Rate) 216M(43%)->436M(87%)
[19.751s][info][gc,start    ] GC(31) Garbage Collection (Allocation Stall)
[19.752s][info][gc,ref      ] GC(31) Clearing All Soft References
[19.754s][info][gc,phases   ] GC(31) Pause Mark Start 2.234ms
[19.931s][info][gc,phases   ] GC(31) Concurrent Mark 177.036ms
[19.931s][info][gc,phases   ] GC(31) Pause Mark End 0.211ms
[19.933s][info][gc,phases   ] GC(31) Concurrent Process Non-Strong References 1.457ms
[19.933s][info][gc,phases   ] GC(31) Concurrent Reset Relocation Set 0.003ms
[19.933s][info][gc,phases   ] GC(31) Concurrent Destroy Detached Pages 0.000ms
[19.934s][info][gc,phases   ] GC(31) Concurrent Select Relocation Set 1.542ms
[19.934s][info][gc,phases   ] GC(31) Concurrent Prepare Relocation Set 0.032ms
[19.936s][info][gc,phases   ] GC(31) Pause Relocate Start 1.849ms
[19.936s][info][gc          ] Allocation Stall (Spark Context Cleaner) 171.480ms
[19.936s][info][gc          ] Allocation Stall (Executor task launch worker for task 0.0 in stage 1.0 (TID 1)) 185.148ms
[19.945s][info][gc,phases   ] GC(31) Concurrent Relocate 5.709ms
[19.945s][info][gc,load     ] GC(31) Load: 2.12/1.02/0.44
[19.945s][info][gc,mmu      ] GC(31) MMU: 2ms/0.0%, 5ms/4.0%, 10ms/52.0%, 20ms/76.0%, 50ms/90.4%, 100ms/94.5%
[19.945s][info][gc,marking  ] GC(31) Mark: 1 stripe(s), 2 proactive flush(es), 1 terminate flush(es), 0 completion(s), 0 continuation(s) 
[19.945s][info][gc,reloc    ] GC(31) Relocation: Successful, 10M relocated
[19.945s][info][gc,nmethod  ] GC(31) NMethods: 2233 registered, 0 unregistered
[19.945s][info][gc,metaspace] GC(31) Metaspace: 65M used, 69M capacity, 69M committed, 70M reserved
[19.945s][info][gc,ref      ] GC(31) Soft: 2134 encountered, 537 discovered, 22 enqueued
[19.945s][info][gc,ref      ] GC(31) Weak: 4166 encountered, 3344 discovered, 19 enqueued
[19.945s][info][gc,ref      ] GC(31) Final: 27 encountered, 0 discovered, 0 enqueued
[19.945s][info][gc,ref      ] GC(31) Phantom: 665 encountered, 661 discovered, 15 enqueued
[19.945s][info][gc,heap     ] GC(31)                Mark Start          Mark End        Relocate Start      Relocate End           High               Low         
[19.945s][info][gc,heap     ] GC(31)  Capacity:      500M (100%)        500M (100%)        500M (100%)        500M (100%)        500M (100%)        500M (100%)   
[19.945s][info][gc,heap     ] GC(31)   Reserve:       34M (7%)           34M (7%)           34M (7%)           34M (7%)           34M (7%)           34M (7%)     
[19.945s][info][gc,heap     ] GC(31)      Free:        0M (0%)            0M (0%)          278M (56%)         280M (56%)         280M (56%)           0M (0%)     
[19.945s][info][gc,heap     ] GC(31)      Used:      466M (93%)         466M (93%)         188M (38%)         186M (37%)         466M (93%)         186M (37%)    
[19.945s][info][gc,heap     ] GC(31)      Live:         -               136M (27%)         136M (27%)         136M (27%)            -                  -          
[19.945s][info][gc,heap     ] GC(31) Allocated:         -                 0M (0%)            4M (1%)           20M (4%)             -                  -          
[19.945s][info][gc,heap     ] GC(31)   Garbage:         -               329M (66%)          47M (9%)           33M (7%)             -                  -          
[19.945s][info][gc,heap     ] GC(31) Reclaimed:         -                  -               282M (56%)         296M (59%)            -                  -          
[19.945s][info][gc          ] GC(31) Garbage Collection (Allocation Stall) 466M(93%)->186M(37%)
[20.013s][info][gc,start    ] GC(32) Garbage Collection (Allocation Rate)
[20.020s][info][gc,phases   ] GC(32) Pause Mark Start 2.221ms
[20.113s][info][gc,stats    ] === Garbage Collection Statistics =======================================================================================================================
[20.113s][info][gc,stats    ]                                                              Last 10s              Last 10m              Last 10h                Total
[20.113s][info][gc,stats    ]                                                              Avg / Max             Avg / Max             Avg / Max             Avg / Max
[20.113s][info][gc,stats    ]   Collector: Garbage Collection Cycle                    285.902 / 786.210     292.829 / 786.210     292.829 / 786.210     292.829 / 786.210     ms
[20.113s][info][gc,stats    ]  Contention: Mark Segment Reset Contention                     0 / 0                 0 / 0                 0 / 0                 0 / 0           ops/s
[20.113s][info][gc,stats    ]  Contention: Mark SeqNum Reset Contention                      0 / 0                 0 / 0                 0 / 0                 0 / 0           ops/s
[20.113s][info][gc,stats    ]  Contention: Relocation Contention                             0 / 1                 0 / 1                 0 / 1                 0 / 1           ops/s
[20.113s][info][gc,stats    ]    Critical: Allocation Stall                             45.501 / 185.148      44.415 / 205.538      44.415 / 205.538      44.415 / 205.538     ms
[20.113s][info][gc,stats    ]    Critical: Allocation Stall                                  4 / 12                2 / 12                2 / 12                2 / 12          ops/s
[20.113s][info][gc,stats    ]    Critical: GC Locker Stall                               1.626 / 1.626         0.823 / 1.626         0.823 / 1.626         0.823 / 1.626       ms
[20.113s][info][gc,stats    ]    Critical: GC Locker Stall                                   0 / 1                 0 / 1                 0 / 1                 0 / 1           ops/s
[20.113s][info][gc,stats    ]      Memory: Allocation Rate                                 449 / 728             285 / 728             285 / 728             285 / 728         MB/s
[20.113s][info][gc,stats    ]      Memory: Heap Used After Mark                            361 / 466             338 / 466             338 / 466             338 / 466         MB
[20.113s][info][gc,stats    ]      Memory: Heap Used After Relocation                      243 / 436             228 / 438             228 / 438             228 / 438         MB
[20.113s][info][gc,stats    ]      Memory: Heap Used Before Mark                           284 / 466             272 / 466             272 / 466             272 / 466         MB
[20.113s][info][gc,stats    ]      Memory: Heap Used Before Relocation                     311 / 466             297 / 466             297 / 466             297 / 466         MB
[20.113s][info][gc,stats    ]      Memory: Out Of Memory                                     0 / 0                 0 / 0                 0 / 0                 0 / 0           ops/s
[20.113s][info][gc,stats    ]      Memory: Page Cache Flush                                 29 / 96               17 / 96               17 / 96               17 / 96          MB/s
[20.113s][info][gc,stats    ]      Memory: Page Cache Hit L1                               215 / 369             130 / 369             130 / 369             130 / 369         ops/s
[20.113s][info][gc,stats    ]      Memory: Page Cache Hit L2                                 0 / 0                 0 / 0                 0 / 0                 0 / 0           ops/s
[20.113s][info][gc,stats    ]      Memory: Page Cache Miss                                   6 / 33               14 / 154              14 / 154              14 / 154         ops/s
[20.113s][info][gc,stats    ]      Memory: Undo Object Allocation Failed                     0 / 0                 0 / 0                 0 / 0                 0 / 0           ops/s
[20.113s][info][gc,stats    ]      Memory: Undo Object Allocation Succeeded                  0 / 1                 0 / 1                 0 / 1                 0 / 1           ops/s
[20.113s][info][gc,stats    ]      Memory: Undo Page Allocation                              0 / 4                 0 / 4                 0 / 4                 0 / 4           ops/s
[20.113s][info][gc,stats    ]       Phase: Concurrent Destroy Detached Pages             0.003 / 0.023         0.003 / 0.023         0.003 / 0.023         0.003 / 0.023       ms
[20.113s][info][gc,stats    ]       Phase: Concurrent Mark                             206.464 / 582.256     198.403 / 582.256     198.403 / 582.256     198.403 / 582.256     ms
[20.113s][info][gc,stats    ]       Phase: Concurrent Mark Continue                      0.000 / 0.000         0.000 / 0.000         0.000 / 0.000         0.000 / 0.000       ms
[20.113s][info][gc,stats    ]       Phase: Concurrent Prepare Relocation Set             1.675 / 11.639        1.723 / 11.639        1.723 / 11.639        1.723 / 11.639      ms
[20.113s][info][gc,stats    ]       Phase: Concurrent Process Non-Strong References      1.521 / 4.843         1.419 / 4.843         1.419 / 4.843         1.419 / 4.843       ms
[20.113s][info][gc,stats    ]       Phase: Concurrent Relocate                          62.857 / 218.889      78.349 / 371.224      78.349 / 371.224      78.349 / 371.224     ms
[20.113s][info][gc,stats    ]       Phase: Concurrent Reset Relocation Set               0.100 / 0.550         0.126 / 0.580         0.126 / 0.580         0.126 / 0.580       ms
[20.113s][info][gc,stats    ]       Phase: Concurrent Select Relocation Set              2.177 / 9.148         2.137 / 9.148         2.137 / 9.148         2.137 / 9.148       ms
[20.113s][info][gc,stats    ]       Phase: Pause Mark End                                0.262 / 0.526         0.259 / 0.526         0.259 / 0.526         0.259 / 0.526       ms
[20.113s][info][gc,stats    ]       Phase: Pause Mark Start                              2.224 / 4.801         2.091 / 4.801         2.091 / 4.801         2.091 / 4.801       ms
[20.113s][info][gc,stats    ]       Phase: Pause Relocate Start                          1.955 / 3.804         1.811 / 3.804         1.811 / 3.804         1.811 / 3.804       ms
[20.113s][info][gc,stats    ]    Subphase: Concurrent Mark                             203.887 / 582.233     196.346 / 582.233     196.346 / 582.233     196.346 / 582.233     ms
[20.113s][info][gc,stats    ]    Subphase: Concurrent Mark Idle                          0.000 / 0.000         0.000 / 0.000         0.000 / 0.000         0.000 / 0.000       ms
[20.113s][info][gc,stats    ]    Subphase: Concurrent Mark Try Flush                     1.816 / 20.193        1.822 / 20.193        1.822 / 20.193        1.822 / 20.193      ms
[20.113s][info][gc,stats    ]    Subphase: Concurrent Mark Try Terminate                 0.636 / 4.204         0.762 / 9.762         0.762 / 9.762         0.762 / 9.762       ms
[20.113s][info][gc,stats    ]    Subphase: Concurrent References Enqueue                 0.001 / 0.004         0.002 / 0.004         0.002 / 0.004         0.002 / 0.004       ms
[20.113s][info][gc,stats    ]    Subphase: Concurrent References Process                 0.723 / 4.032         0.648 / 4.032         0.648 / 4.032         0.648 / 4.032       ms
[20.113s][info][gc,stats    ]    Subphase: Concurrent Weak Roots                         0.788 / 1.118         0.761 / 1.190         0.761 / 1.190         0.761 / 1.190       ms
[20.113s][info][gc,stats    ]    Subphase: Concurrent Weak Roots JNIWeakHandles          0.000 / 0.001         0.000 / 0.001         0.000 / 0.001         0.000 / 0.001       ms
[20.113s][info][gc,stats    ]    Subphase: Concurrent Weak Roots StringTable             0.589 / 0.798         0.581 / 0.948         0.581 / 0.948         0.581 / 0.948       ms
[20.113s][info][gc,stats    ]    Subphase: Concurrent Weak Roots VMWeakHandles           0.198 / 0.394         0.179 / 0.394         0.179 / 0.394         0.179 / 0.394       ms
[20.113s][info][gc,stats    ]    Subphase: Pause Mark Try Complete                       0.001 / 0.001         0.001 / 0.001         0.001 / 0.001         0.001 / 0.001       ms
[20.113s][info][gc,stats    ]    Subphase: Pause Remap TLABS                             0.001 / 0.003         0.001 / 0.003         0.001 / 0.003         0.001 / 0.003       ms
[20.113s][info][gc,stats    ]    Subphase: Pause Retire TLABS                            0.011 / 0.018         0.010 / 0.018         0.010 / 0.018         0.010 / 0.018       ms
[20.113s][info][gc,stats    ]    Subphase: Pause Roots                                   1.257 / 4.511         1.193 / 4.511         1.193 / 4.511         1.193 / 4.511       ms
[20.113s][info][gc,stats    ]    Subphase: Pause Roots ClassLoaderDataGraph              0.598 / 1.101         0.568 / 1.311         0.568 / 1.311         0.568 / 1.311       ms
[20.113s][info][gc,stats    ]    Subphase: Pause Roots CodeCache                         0.866 / 3.562         0.751 / 3.562         0.751 / 3.562         0.751 / 3.562       ms
[20.113s][info][gc,stats    ]    Subphase: Pause Roots JNIHandles                        0.001 / 0.003         0.001 / 0.005         0.001 / 0.005         0.001 / 0.005       ms
[20.113s][info][gc,stats    ]    Subphase: Pause Roots JNIWeakHandles                    0.000 / 0.000         0.000 / 0.000         0.000 / 0.000         0.000 / 0.000       ms
[20.113s][info][gc,stats    ]    Subphase: Pause Roots JRFWeak                           0.000 / 0.000         0.000 / 0.000         0.000 / 0.000         0.000 / 0.000       ms
[20.113s][info][gc,stats    ]    Subphase: Pause Roots JVMTIExport                       0.000 / 0.001         0.000 / 0.001         0.000 / 0.001         0.000 / 0.001       ms
[20.113s][info][gc,stats    ]    Subphase: Pause Roots JVMTIWeakExport                   0.004 / 0.068         0.003 / 0.068         0.003 / 0.068         0.003 / 0.068       ms
[20.113s][info][gc,stats    ]    Subphase: Pause Roots Management                        0.001 / 0.003         0.007 / 0.371         0.007 / 0.371         0.007 / 0.371       ms
[20.113s][info][gc,stats    ]    Subphase: Pause Roots ObjectSynchronizer                0.000 / 0.001         0.000 / 0.001         0.000 / 0.001         0.000 / 0.001       ms
[20.113s][info][gc,stats    ]    Subphase: Pause Roots Setup                             0.169 / 0.366         0.144 / 0.366         0.144 / 0.366         0.144 / 0.366       ms
[20.113s][info][gc,stats    ]    Subphase: Pause Roots StringTable                       0.000 / 0.000         0.000 / 0.000         0.000 / 0.000         0.000 / 0.000       ms
[20.113s][info][gc,stats    ]    Subphase: Pause Roots SystemDictionary                  0.012 / 0.074         0.016 / 0.337         0.016 / 0.337         0.016 / 0.337       ms
[20.113s][info][gc,stats    ]    Subphase: Pause Roots Teardown                          0.001 / 0.004         0.001 / 0.004         0.001 / 0.004         0.001 / 0.004       ms
[20.113s][info][gc,stats    ]    Subphase: Pause Roots Threads                           0.259 / 1.008         0.288 / 2.860         0.288 / 2.860         0.288 / 2.860       ms
[20.113s][info][gc,stats    ]    Subphase: Pause Roots Universe                          0.002 / 0.007         0.002 / 0.011         0.002 / 0.011         0.002 / 0.011       ms
[20.113s][info][gc,stats    ]    Subphase: Pause Roots VMWeakHandles                     0.000 / 0.000         0.000 / 0.000         0.000 / 0.000         0.000 / 0.000       ms
[20.113s][info][gc,stats    ]    Subphase: Pause Weak Roots                              0.002 / 0.002         0.002 / 0.007         0.002 / 0.007         0.002 / 0.007       ms
[20.113s][info][gc,stats    ]    Subphase: Pause Weak Roots JFRWeak                      0.001 / 0.001         0.001 / 0.001         0.001 / 0.001         0.001 / 0.001       ms
[20.113s][info][gc,stats    ]    Subphase: Pause Weak Roots JNIWeakHandles               0.000 / 0.000         0.000 / 0.000         0.000 / 0.000         0.000 / 0.000       ms
[20.113s][info][gc,stats    ]    Subphase: Pause Weak Roots JVMTIWeakExport              0.001 / 0.001         0.001 / 0.006         0.001 / 0.006         0.001 / 0.006       ms
[20.113s][info][gc,stats    ]    Subphase: Pause Weak Roots Setup                        0.000 / 0.000         0.000 / 0.000         0.000 / 0.000         0.000 / 0.000       ms
[20.113s][info][gc,stats    ]    Subphase: Pause Weak Roots StringTable                  0.000 / 0.000         0.000 / 0.000         0.000 / 0.000         0.000 / 0.000       ms
[20.113s][info][gc,stats    ]    Subphase: Pause Weak Roots SymbolTable                  0.000 / 0.000         0.000 / 0.000         0.000 / 0.000         0.000 / 0.000       ms
[20.113s][info][gc,stats    ]    Subphase: Pause Weak Roots Teardown                     0.001 / 0.001         0.001 / 0.001         0.001 / 0.001         0.001 / 0.001       ms
[20.113s][info][gc,stats    ]    Subphase: Pause Weak Roots VMWeakHandles                0.000 / 0.000         0.000 / 0.000         0.000 / 0.000         0.000 / 0.000       ms
[20.113s][info][gc,stats    ]      System: Java Threads                                     52 / 54               47 / 54               47 / 54               47 / 54          threads
[20.113s][info][gc,stats    ] =========================================================================================================================================================
[20.226s][info][gc,phases   ] GC(32) Concurrent Mark 206.474ms
[20.226s][info][gc,phases   ] GC(32) Pause Mark End 0.217ms
[20.228s][info][gc,phases   ] GC(32) Concurrent Process Non-Strong References 1.469ms
[20.228s][info][gc,phases   ] GC(32) Concurrent Reset Relocation Set 0.003ms
[20.228s][info][gc,phases   ] GC(32) Concurrent Destroy Detached Pages 0.000ms
[20.230s][info][gc,phases   ] GC(32) Concurrent Select Relocation Set 1.614ms
[20.230s][info][gc,phases   ] GC(32) Concurrent Prepare Relocation Set 0.025ms
[20.232s][info][gc,phases   ] GC(32) Pause Relocate Start 1.828ms
[20.232s][info][gc          ] Allocation Stall (Executor task launch worker for task 0.0 in stage 1.0 (TID 1)) 92.954ms
[20.240s][info][gc,phases   ] GC(32) Concurrent Relocate 6.784ms
[20.240s][info][gc,load     ] GC(32) Load: 2.12/1.02/0.44
[20.240s][info][gc,mmu      ] GC(32) MMU: 2ms/0.0%, 5ms/4.0%, 10ms/52.0%, 20ms/76.0%, 50ms/90.4%, 100ms/94.5%
[20.240s][info][gc,marking  ] GC(32) Mark: 1 stripe(s), 2 proactive flush(es), 1 terminate flush(es), 0 completion(s), 0 continuation(s) 
[20.240s][info][gc,reloc    ] GC(32) Relocation: Successful, 10M relocated
[20.240s][info][gc,nmethod  ] GC(32) NMethods: 2233 registered, 0 unregistered
[20.240s][info][gc,metaspace] GC(32) Metaspace: 65M used, 69M capacity, 69M committed, 70M reserved
[20.240s][info][gc,ref      ] GC(32) Soft: 2112 encountered, 0 discovered, 0 enqueued
[20.240s][info][gc,ref      ] GC(32) Weak: 4147 encountered, 3175 discovered, 0 enqueued
[20.240s][info][gc,ref      ] GC(32) Final: 27 encountered, 0 discovered, 0 enqueued
[20.240s][info][gc,ref      ] GC(32) Phantom: 650 encountered, 646 discovered, 0 enqueued
[20.240s][info][gc,heap     ] GC(32)                Mark Start          Mark End        Relocate Start      Relocate End           High               Low         
[20.240s][info][gc,heap     ] GC(32)  Capacity:      500M (100%)        500M (100%)        500M (100%)        500M (100%)        500M (100%)        500M (100%)   
[20.240s][info][gc,heap     ] GC(32)   Reserve:       34M (7%)           34M (7%)           34M (7%)           34M (7%)           34M (7%)           34M (7%)     
[20.240s][info][gc,heap     ] GC(32)      Free:      128M (26%)           0M (0%)          156M (31%)         152M (30%)         156M (31%)           0M (0%)     
[20.240s][info][gc,heap     ] GC(32)      Used:      338M (68%)         466M (93%)         310M (62%)         314M (63%)         466M (93%)         310M (62%)    
[20.240s][info][gc,heap     ] GC(32)      Live:         -               136M (27%)         136M (27%)         136M (27%)            -                  -          
[20.240s][info][gc,heap     ] GC(32) Allocated:         -               128M (26%)         130M (26%)         146M (29%)            -                  -          
[20.240s][info][gc,heap     ] GC(32)   Garbage:         -               201M (40%)          43M (9%)           33M (7%)             -                  -          
[20.240s][info][gc,heap     ] GC(32) Reclaimed:         -                  -               158M (32%)         168M (34%)            -                  -          
[20.240s][info][gc          ] GC(32) Garbage Collection (Allocation Rate) 338M(68%)->314M(63%)
[20.313s][info][gc,start    ] GC(33) Garbage Collection (Allocation Rate)
[20.317s][info][gc,phases   ] GC(33) Pause Mark Start 2.143ms
[20.443s][info][gc,phases   ] GC(33) Concurrent Mark 125.762ms
[20.444s][info][gc,phases   ] GC(33) Pause Mark End 0.209ms
[20.452s][info][gc,phases   ] GC(33) Concurrent Process Non-Strong References 7.066ms
[20.452s][info][gc,phases   ] GC(33) Concurrent Reset Relocation Set 0.004ms
[20.452s][info][gc,phases   ] GC(33) Concurrent Destroy Detached Pages 0.001ms
[20.454s][info][gc,phases   ] GC(33) Concurrent Select Relocation Set 1.527ms
[20.454s][info][gc,phases   ] GC(33) Concurrent Prepare Relocation Set 0.017ms
[20.466s][info][gc,phases   ] GC(33) Pause Relocate Start 11.915ms
[20.466s][info][gc          ] Allocation Stall (RemoteBlock-temp-file-clean-thread) 106.714ms
[20.466s][info][gc          ] Allocation Stall (Executor task launch worker for task 0.0 in stage 1.0 (TID 1)) 107.367ms
[20.476s][info][gc,phases   ] GC(33) Concurrent Relocate 7.657ms
[20.476s][info][gc,load     ] GC(33) Load: 2.12/1.02/0.44
[20.476s][info][gc,mmu      ] GC(33) MMU: 2ms/0.0%, 5ms/0.0%, 10ms/0.0%, 20ms/40.4%, 50ms/75.8%, 100ms/87.9%
[20.476s][info][gc,marking  ] GC(33) Mark: 1 stripe(s), 2 proactive flush(es), 1 terminate flush(es), 0 completion(s), 0 continuation(s) 
[20.476s][info][gc,reloc    ] GC(33) Relocation: Successful, 9M relocated
[20.476s][info][gc,nmethod  ] GC(33) NMethods: 2235 registered, 0 unregistered
[20.476s][info][gc,metaspace] GC(33) Metaspace: 65M used, 69M capacity, 69M committed, 70M reserved
[20.476s][info][gc,ref      ] GC(33) Soft: 2112 encountered, 0 discovered, 0 enqueued
[20.476s][info][gc,ref      ] GC(33) Weak: 4147 encountered, 3175 discovered, 0 enqueued
[20.476s][info][gc,ref      ] GC(33) Final: 27 encountered, 0 discovered, 0 enqueued
[20.476s][info][gc,ref      ] GC(33) Phantom: 650 encountered, 646 discovered, 0 enqueued
[20.476s][info][gc,heap     ] GC(33)                Mark Start          Mark End        Relocate Start      Relocate End           High               Low         
[20.476s][info][gc,heap     ] GC(33)  Capacity:      500M (100%)        500M (100%)        500M (100%)        500M (100%)        500M (100%)        500M (100%)   
[20.476s][info][gc,heap     ] GC(33)   Reserve:       34M (7%)           34M (7%)           34M (7%)           34M (7%)           34M (7%)           34M (7%)     
[20.476s][info][gc,heap     ] GC(33)      Free:       20M (4%)            0M (0%)          362M (72%)         380M (76%)         380M (76%)           0M (0%)     
[20.476s][info][gc,heap     ] GC(33)      Used:      446M (89%)         466M (93%)         104M (21%)          86M (17%)         466M (93%)          86M (17%)    
[20.476s][info][gc,heap     ] GC(33)      Live:         -                28M (6%)           28M (6%)           28M (6%)             -                  -          
[20.476s][info][gc,heap     ] GC(33) Allocated:         -                20M (4%)           24M (5%)           30M (6%)             -                  -          
[20.476s][info][gc,heap     ] GC(33)   Garbage:         -               417M (84%)          51M (10%)          31M (6%)             -                  -          
[20.476s][info][gc,heap     ] GC(33) Reclaimed:         -                  -               366M (73%)         386M (77%)            -                  -          
[20.476s][info][gc          ] GC(33) Garbage Collection (Allocation Rate) 446M(89%)->86M(17%)
[20.514s][info][gc,start    ] GC(34) Garbage Collection (Allocation Rate)
[20.523s][info][gc,phases   ] GC(34) Pause Mark Start 2.216ms
[20.596s][info][gc,phases   ] GC(34) Concurrent Mark 73.844ms
[20.599s][info][gc,phases   ] GC(34) Pause Mark End 0.203ms
[20.600s][info][gc,phases   ] GC(34) Concurrent Process Non-Strong References 1.429ms
[20.600s][info][gc,phases   ] GC(34) Concurrent Reset Relocation Set 0.003ms
[20.600s][info][gc,phases   ] GC(34) Concurrent Destroy Detached Pages 0.001ms
[20.604s][info][gc,phases   ] GC(34) Concurrent Select Relocation Set 3.483ms
[20.604s][info][gc,phases   ] GC(34) Concurrent Prepare Relocation Set 0.025ms
[20.606s][info][gc,phases   ] GC(34) Pause Relocate Start 1.792ms
[20.613s][info][gc,phases   ] GC(34) Concurrent Relocate 1.498ms
[20.613s][info][gc,load     ] GC(34) Load: 2.12/1.02/0.44
[20.613s][info][gc,mmu      ] GC(34) MMU: 2ms/0.0%, 5ms/0.0%, 10ms/0.0%, 20ms/40.4%, 50ms/75.8%, 100ms/85.7%
[20.613s][info][gc,marking  ] GC(34) Mark: 1 stripe(s), 2 proactive flush(es), 1 terminate flush(es), 0 completion(s), 0 continuation(s) 
[20.613s][info][gc,reloc    ] GC(34) Relocation: Successful, 9M relocated
[20.613s][info][gc,nmethod  ] GC(34) NMethods: 2237 registered, 0 unregistered
[20.613s][info][gc,metaspace] GC(34) Metaspace: 65M used, 69M capacity, 69M committed, 70M reserved
[20.613s][info][gc,ref      ] GC(34) Soft: 2112 encountered, 0 discovered, 0 enqueued
[20.613s][info][gc,ref      ] GC(34) Weak: 4147 encountered, 3175 discovered, 0 enqueued
[20.613s][info][gc,ref      ] GC(34) Final: 27 encountered, 0 discovered, 0 enqueued
[20.613s][info][gc,ref      ] GC(34) Phantom: 650 encountered, 646 discovered, 0 enqueued
[20.613s][info][gc,heap     ] GC(34)                Mark Start          Mark End        Relocate Start      Relocate End           High               Low         
[20.613s][info][gc,heap     ] GC(34)  Capacity:      500M (100%)        500M (100%)        500M (100%)        500M (100%)        500M (100%)        500M (100%)   
[20.613s][info][gc,heap     ] GC(34)   Reserve:       34M (7%)           34M (7%)           34M (7%)           34M (7%)           34M (7%)           34M (7%)     
[20.613s][info][gc,heap     ] GC(34)      Free:      352M (70%)         276M (55%)         322M (64%)         316M (63%)         352M (70%)         276M (55%)    
[20.613s][info][gc,heap     ] GC(34)      Used:      114M (23%)         190M (38%)         144M (29%)         150M (30%)         190M (38%)         114M (23%)    
[20.613s][info][gc,heap     ] GC(34)      Live:         -                28M (6%)           28M (6%)           28M (6%)             -                  -          
[20.613s][info][gc,heap     ] GC(34) Allocated:         -                76M (15%)          76M (15%)          92M (18%)            -                  -          
[20.613s][info][gc,heap     ] GC(34)   Garbage:         -                85M (17%)          39M (8%)           33M (7%)             -                  -          
[20.613s][info][gc,heap     ] GC(34) Reclaimed:         -                  -                46M (9%)           52M (10%)            -                  -          
[20.613s][info][gc          ] GC(34) Garbage Collection (Allocation Rate) 114M(23%)->150M(30%)
[20.613s][info][gc,start    ] GC(35) Garbage Collection (Allocation Rate)
[20.620s][info][gc,phases   ] GC(35) Pause Mark Start 2.242ms
[20.689s][info][gc,phases   ] GC(35) Concurrent Mark 69.689ms
[20.692s][info][gc,phases   ] GC(35) Pause Mark End 0.209ms
[20.693s][info][gc,phases   ] GC(35) Concurrent Process Non-Strong References 1.449ms
[20.693s][info][gc,phases   ] GC(35) Concurrent Reset Relocation Set 0.002ms
[20.693s][info][gc,phases   ] GC(35) Concurrent Destroy Detached Pages 0.000ms
[20.695s][info][gc,phases   ] GC(35) Concurrent Select Relocation Set 1.542ms
[20.695s][info][gc,phases   ] GC(35) Concurrent Prepare Relocation Set 0.022ms
[20.697s][info][gc,phases   ] GC(35) Pause Relocate Start 1.850ms
[20.705s][info][gc,phases   ] GC(35) Concurrent Relocate 8.115ms
[20.705s][info][gc,load     ] GC(35) Load: 2.12/1.02/0.44
[20.705s][info][gc,mmu      ] GC(35) MMU: 2ms/0.0%, 5ms/0.0%, 10ms/0.0%, 20ms/40.4%, 50ms/75.8%, 100ms/85.7%
[20.705s][info][gc,marking  ] GC(35) Mark: 1 stripe(s), 3 proactive flush(es), 1 terminate flush(es), 0 completion(s), 0 continuation(s) 
[20.705s][info][gc,reloc    ] GC(35) Relocation: Successful, 9M relocated
[20.705s][info][gc,nmethod  ] GC(35) NMethods: 2238 registered, 0 unregistered
[20.705s][info][gc,metaspace] GC(35) Metaspace: 65M used, 69M capacity, 69M committed, 70M reserved
[20.705s][info][gc,ref      ] GC(35) Soft: 2112 encountered, 0 discovered, 0 enqueued
[20.705s][info][gc,ref      ] GC(35) Weak: 4147 encountered, 3175 discovered, 0 enqueued
[20.705s][info][gc,ref      ] GC(35) Final: 27 encountered, 0 discovered, 0 enqueued
[20.705s][info][gc,ref      ] GC(35) Phantom: 650 encountered, 646 discovered, 0 enqueued
[20.705s][info][gc,heap     ] GC(35)                Mark Start          Mark End        Relocate Start      Relocate End           High               Low         
[20.705s][info][gc,heap     ] GC(35)  Capacity:      500M (100%)        500M (100%)        500M (100%)        500M (100%)        500M (100%)        500M (100%)   
[20.705s][info][gc,heap     ] GC(35)   Reserve:       34M (7%)           34M (7%)           34M (7%)           34M (7%)           34M (7%)           34M (7%)     
[20.705s][info][gc,heap     ] GC(35)      Free:      314M (63%)         244M (49%)         328M (66%)         322M (64%)         328M (66%)         244M (49%)    
[20.705s][info][gc,heap     ] GC(35)      Used:      152M (30%)         222M (44%)         138M (28%)         144M (29%)         222M (44%)         138M (28%)    
[20.705s][info][gc,heap     ] GC(35)      Live:         -                28M (6%)           28M (6%)           28M (6%)             -                  -          
[20.705s][info][gc,heap     ] GC(35) Allocated:         -                70M (14%)          70M (14%)          86M (17%)            -                  -          
[20.705s][info][gc,heap     ] GC(35)   Garbage:         -               123M (25%)          39M (8%)           31M (6%)             -                  -          
[20.705s][info][gc,heap     ] GC(35) Reclaimed:         -                  -                84M (17%)          92M (18%)            -                  -          
[20.705s][info][gc          ] GC(35) Garbage Collection (Allocation Rate) 152M(30%)->144M(29%)
[20.713s][info][gc,start    ] GC(36) Garbage Collection (Allocation Rate)
[20.717s][info][gc,phases   ] GC(36) Pause Mark Start 2.301ms
[20.779s][info][gc,phases   ] GC(36) Concurrent Mark 61.963ms
[20.782s][info][gc,phases   ] GC(36) Pause Mark End 0.214ms
[20.783s][info][gc,phases   ] GC(36) Concurrent Process Non-Strong References 1.431ms
[20.783s][info][gc,phases   ] GC(36) Concurrent Reset Relocation Set 0.002ms
[20.783s][info][gc,phases   ] GC(36) Concurrent Destroy Detached Pages 0.000ms
[20.785s][info][gc,phases   ] GC(36) Concurrent Select Relocation Set 1.577ms
[20.785s][info][gc,phases   ] GC(36) Concurrent Prepare Relocation Set 0.023ms
[20.787s][info][gc,phases   ] GC(36) Pause Relocate Start 1.803ms
[20.793s][info][gc,phases   ] GC(36) Concurrent Relocate 6.147ms
[20.793s][info][gc,load     ] GC(36) Load: 2.12/1.02/0.44
[20.793s][info][gc,mmu      ] GC(36) MMU: 2ms/0.0%, 5ms/0.0%, 10ms/0.0%, 20ms/40.4%, 50ms/75.8%, 100ms/85.7%
[20.793s][info][gc,marking  ] GC(36) Mark: 1 stripe(s), 2 proactive flush(es), 1 terminate flush(es), 0 completion(s), 0 continuation(s) 
[20.793s][info][gc,reloc    ] GC(36) Relocation: Successful, 9M relocated
[20.793s][info][gc,nmethod  ] GC(36) NMethods: 2238 registered, 0 unregistered
[20.793s][info][gc,metaspace] GC(36) Metaspace: 65M used, 69M capacity, 69M committed, 70M reserved
[20.793s][info][gc,ref      ] GC(36) Soft: 2112 encountered, 0 discovered, 0 enqueued
[20.793s][info][gc,ref      ] GC(36) Weak: 4147 encountered, 3175 discovered, 0 enqueued
[20.793s][info][gc,ref      ] GC(36) Final: 27 encountered, 0 discovered, 0 enqueued
[20.793s][info][gc,ref      ] GC(36) Phantom: 650 encountered, 646 discovered, 0 enqueued
[20.793s][info][gc,heap     ] GC(36)                Mark Start          Mark End        Relocate Start      Relocate End           High               Low         
[20.793s][info][gc,heap     ] GC(36)  Capacity:      500M (100%)        500M (100%)        500M (100%)        500M (100%)        500M (100%)        500M (100%)   
[20.793s][info][gc,heap     ] GC(36)   Reserve:       34M (7%)           34M (7%)           34M (7%)           34M (7%)           34M (7%)           34M (7%)     
[20.793s][info][gc,heap     ] GC(36)      Free:      302M (60%)         236M (47%)         330M (66%)         330M (66%)         330M (66%)         236M (47%)    
[20.793s][info][gc,heap     ] GC(36)      Used:      164M (33%)         230M (46%)         136M (27%)         136M (27%)         230M (46%)         136M (27%)    
[20.793s][info][gc,heap     ] GC(36)      Live:         -                28M (6%)           28M (6%)           28M (6%)             -                  -          
[20.793s][info][gc,heap     ] GC(36) Allocated:         -                66M (13%)          66M (13%)          78M (16%)            -                  -          
[20.793s][info][gc,heap     ] GC(36)   Garbage:         -               135M (27%)          41M (8%)           31M (6%)             -                  -          
[20.793s][info][gc,heap     ] GC(36) Reclaimed:         -                  -                94M (19%)         104M (21%)            -                  -          
[20.793s][info][gc          ] GC(36) Garbage Collection (Allocation Rate) 164M(33%)->136M(27%)
[20.813s][info][gc,start    ] GC(37) Garbage Collection (Allocation Rate)
[20.818s][info][gc,phases   ] GC(37) Pause Mark Start 2.161ms
[20.877s][info][gc,phases   ] GC(37) Concurrent Mark 59.183ms
[20.879s][info][gc,phases   ] GC(37) Pause Mark End 0.214ms
[20.881s][info][gc,phases   ] GC(37) Concurrent Process Non-Strong References 1.437ms
[20.881s][info][gc,phases   ] GC(37) Concurrent Reset Relocation Set 0.003ms
[20.881s][info][gc,phases   ] GC(37) Concurrent Destroy Detached Pages 0.000ms
[20.882s][info][gc,phases   ] GC(37) Concurrent Select Relocation Set 1.543ms
[20.882s][info][gc,phases   ] GC(37) Concurrent Prepare Relocation Set 0.023ms
[20.884s][info][gc,phases   ] GC(37) Pause Relocate Start 1.883ms
[20.892s][info][gc,phases   ] GC(37) Concurrent Relocate 8.050ms
[20.892s][info][gc,load     ] GC(37) Load: 2.12/1.02/0.44
[20.892s][info][gc,mmu      ] GC(37) MMU: 2ms/0.0%, 5ms/0.0%, 10ms/0.0%, 20ms/40.4%, 50ms/75.8%, 100ms/85.7%
[20.892s][info][gc,marking  ] GC(37) Mark: 1 stripe(s), 2 proactive flush(es), 1 terminate flush(es), 0 completion(s), 0 continuation(s) 
[20.892s][info][gc,reloc    ] GC(37) Relocation: Successful, 9M relocated
[20.892s][info][gc,nmethod  ] GC(37) NMethods: 2238 registered, 0 unregistered
[20.892s][info][gc,metaspace] GC(37) Metaspace: 65M used, 69M capacity, 69M committed, 70M reserved
[20.892s][info][gc,ref      ] GC(37) Soft: 2112 encountered, 0 discovered, 0 enqueued
[20.892s][info][gc,ref      ] GC(37) Weak: 4147 encountered, 3175 discovered, 0 enqueued
[20.892s][info][gc,ref      ] GC(37) Final: 27 encountered, 0 discovered, 0 enqueued
[20.893s][info][gc,ref      ] GC(37) Phantom: 650 encountered, 646 discovered, 0 enqueued
[20.893s][info][gc,heap     ] GC(37)                Mark Start          Mark End        Relocate Start      Relocate End           High               Low         
[20.893s][info][gc,heap     ] GC(37)  Capacity:      500M (100%)        500M (100%)        500M (100%)        500M (100%)        500M (100%)        500M (100%)   
[20.893s][info][gc,heap     ] GC(37)   Reserve:       34M (7%)           34M (7%)           34M (7%)           34M (7%)           34M (7%)           34M (7%)     
[20.893s][info][gc,heap     ] GC(37)      Free:      280M (56%)         202M (40%)         320M (64%)         312M (62%)         320M (64%)         202M (40%)    
[20.893s][info][gc,heap     ] GC(37)      Used:      186M (37%)         264M (53%)         146M (29%)         154M (31%)         264M (53%)         146M (29%)    
[20.893s][info][gc,heap     ] GC(37)      Live:         -                28M (6%)           28M (6%)           28M (6%)             -                  -          
[20.893s][info][gc,heap     ] GC(37) Allocated:         -                78M (16%)          78M (16%)          96M (19%)            -                  -          
[20.893s][info][gc,heap     ] GC(37)   Garbage:         -               157M (32%)          39M (8%)           31M (6%)             -                  -          
[20.893s][info][gc,heap     ] GC(37) Reclaimed:         -                  -               118M (24%)         126M (25%)            -                  -          
[20.893s][info][gc          ] GC(37) Garbage Collection (Allocation Rate) 186M(37%)->154M(31%)
[20.913s][info][gc,start    ] GC(38) Garbage Collection (Allocation Rate)
[20.917s][info][gc,phases   ] GC(38) Pause Mark Start 2.146ms
[20.988s][info][gc,phases   ] GC(38) Concurrent Mark 70.969ms
[20.991s][info][gc,phases   ] GC(38) Pause Mark End 0.213ms
[20.992s][info][gc,phases   ] GC(38) Concurrent Process Non-Strong References 1.428ms
[20.992s][info][gc,phases   ] GC(38) Concurrent Reset Relocation Set 0.002ms
[20.992s][info][gc,phases   ] GC(38) Concurrent Destroy Detached Pages 0.001ms
[20.994s][info][gc,phases   ] GC(38) Concurrent Select Relocation Set 1.531ms
[20.994s][info][gc,phases   ] GC(38) Concurrent Prepare Relocation Set 0.025ms
[20.996s][info][gc,phases   ] GC(38) Pause Relocate Start 1.906ms
[21.001s][info][gc,phases   ] GC(38) Concurrent Relocate 5.139ms
[21.001s][info][gc,load     ] GC(38) Load: 2.12/1.02/0.44
[21.001s][info][gc,mmu      ] GC(38) MMU: 2ms/0.0%, 5ms/0.0%, 10ms/0.0%, 20ms/40.4%, 50ms/75.8%, 100ms/85.7%
[21.001s][info][gc,marking  ] GC(38) Mark: 1 stripe(s), 2 proactive flush(es), 1 terminate flush(es), 0 completion(s), 0 continuation(s) 
[21.001s][info][gc,reloc    ] GC(38) Relocation: Successful, 9M relocated
[21.001s][info][gc,nmethod  ] GC(38) NMethods: 2239 registered, 0 unregistered
[21.001s][info][gc,metaspace] GC(38) Metaspace: 65M used, 69M capacity, 69M committed, 70M reserved
[21.001s][info][gc,ref      ] GC(38) Soft: 2112 encountered, 0 discovered, 0 enqueued
[21.001s][info][gc,ref      ] GC(38) Weak: 4147 encountered, 3175 discovered, 0 enqueued
[21.001s][info][gc,ref      ] GC(38) Final: 27 encountered, 0 discovered, 0 enqueued
[21.001s][info][gc,ref      ] GC(38) Phantom: 650 encountered, 646 discovered, 0 enqueued
[21.001s][info][gc,heap     ] GC(38)                Mark Start          Mark End        Relocate Start      Relocate End           High               Low         
[21.001s][info][gc,heap     ] GC(38)  Capacity:      500M (100%)        500M (100%)        500M (100%)        500M (100%)        500M (100%)        500M (100%)   
[21.001s][info][gc,heap     ] GC(38)   Reserve:       34M (7%)           34M (7%)           34M (7%)           34M (7%)           34M (7%)           34M (7%)     
[21.001s][info][gc,heap     ] GC(38)      Free:      260M (52%)         188M (38%)         324M (65%)         324M (65%)         324M (65%)         188M (38%)    
[21.001s][info][gc,heap     ] GC(38)      Used:      206M (41%)         278M (56%)         142M (28%)         142M (28%)         278M (56%)         142M (28%)    
[21.001s][info][gc,heap     ] GC(38)      Live:         -                28M (6%)           28M (6%)           28M (6%)             -                  -          
[21.001s][info][gc,heap     ] GC(38) Allocated:         -                72M (14%)          72M (14%)          84M (17%)            -                  -          
[21.001s][info][gc,heap     ] GC(38)   Garbage:         -               177M (36%)          41M (8%)           33M (7%)             -                  -          
[21.001s][info][gc,heap     ] GC(38) Reclaimed:         -                  -               136M (27%)         144M (29%)            -                  -          
[21.001s][info][gc          ] GC(38) Garbage Collection (Allocation Rate) 206M(41%)->142M(28%)
[21.013s][info][gc,start    ] GC(39) Garbage Collection (Allocation Rate)
[21.017s][info][gc,phases   ] GC(39) Pause Mark Start 2.126ms
[21.076s][info][gc,phases   ] GC(39) Concurrent Mark 59.257ms
[21.079s][info][gc,phases   ] GC(39) Pause Mark End 0.275ms
[21.081s][info][gc,phases   ] GC(39) Concurrent Process Non-Strong References 1.703ms
[21.081s][info][gc,phases   ] GC(39) Concurrent Reset Relocation Set 0.003ms
[21.081s][info][gc,phases   ] GC(39) Concurrent Destroy Detached Pages 0.001ms
[21.083s][info][gc,phases   ] GC(39) Concurrent Select Relocation Set 2.599ms
[21.083s][info][gc,phases   ] GC(39) Concurrent Prepare Relocation Set 0.032ms
[21.086s][info][gc,phases   ] GC(39) Pause Relocate Start 2.009ms
[21.094s][info][gc,phases   ] GC(39) Concurrent Relocate 8.300ms
[21.094s][info][gc,load     ] GC(39) Load: 2.12/1.02/0.44
[21.094s][info][gc,mmu      ] GC(39) MMU: 2ms/0.0%, 5ms/0.0%, 10ms/0.0%, 20ms/40.4%, 50ms/75.8%, 100ms/85.7%
[21.094s][info][gc,marking  ] GC(39) Mark: 1 stripe(s), 2 proactive flush(es), 1 terminate flush(es), 0 completion(s), 0 continuation(s) 
[21.094s][info][gc,reloc    ] GC(39) Relocation: Successful, 9M relocated
[21.094s][info][gc,nmethod  ] GC(39) NMethods: 2239 registered, 0 unregistered
[21.094s][info][gc,metaspace] GC(39) Metaspace: 65M used, 69M capacity, 69M committed, 70M reserved
[21.094s][info][gc,ref      ] GC(39) Soft: 2112 encountered, 0 discovered, 0 enqueued
[21.094s][info][gc,ref      ] GC(39) Weak: 4147 encountered, 3175 discovered, 0 enqueued
[21.094s][info][gc,ref      ] GC(39) Final: 27 encountered, 0 discovered, 0 enqueued
[21.094s][info][gc,ref      ] GC(39) Phantom: 650 encountered, 646 discovered, 0 enqueued
[21.094s][info][gc,heap     ] GC(39)                Mark Start          Mark End        Relocate Start      Relocate End           High               Low         
[21.094s][info][gc,heap     ] GC(39)  Capacity:      500M (100%)        500M (100%)        500M (100%)        500M (100%)        500M (100%)        500M (100%)   
[21.094s][info][gc,heap     ] GC(39)   Reserve:       34M (7%)           34M (7%)           34M (7%)           34M (7%)           34M (7%)           34M (7%)     
[21.094s][info][gc,heap     ] GC(39)      Free:      296M (59%)         216M (43%)         314M (63%)         314M (63%)         314M (63%)         216M (43%)    
[21.094s][info][gc,heap     ] GC(39)      Used:      170M (34%)         250M (50%)         152M (30%)         152M (30%)         250M (50%)         152M (30%)    
[21.094s][info][gc,heap     ] GC(39)      Live:         -                28M (6%)           28M (6%)           28M (6%)             -                  -          
[21.094s][info][gc,heap     ] GC(39) Allocated:         -                80M (16%)          80M (16%)          94M (19%)            -                  -          
[21.094s][info][gc,heap     ] GC(39)   Garbage:         -               141M (28%)          43M (9%)           33M (7%)             -                  -          
[21.094s][info][gc,heap     ] GC(39) Reclaimed:         -                  -                98M (20%)         108M (22%)            -                  -          
[21.094s][info][gc          ] GC(39) Garbage Collection (Allocation Rate) 170M(34%)->152M(30%)
[21.113s][info][gc,start    ] GC(40) Garbage Collection (Allocation Rate)
[21.118s][info][gc,phases   ] GC(40) Pause Mark Start 2.187ms
[21.179s][info][gc,phases   ] GC(40) Concurrent Mark 61.050ms
[21.181s][info][gc,phases   ] GC(40) Pause Mark End 0.210ms
[21.183s][info][gc,phases   ] GC(40) Concurrent Process Non-Strong References 1.408ms
[21.183s][info][gc,phases   ] GC(40) Concurrent Reset Relocation Set 0.003ms
[21.183s][info][gc,phases   ] GC(40) Concurrent Destroy Detached Pages 0.000ms
[21.184s][info][gc,phases   ] GC(40) Concurrent Select Relocation Set 1.542ms
[21.184s][info][gc,phases   ] GC(40) Concurrent Prepare Relocation Set 0.024ms
[21.186s][info][gc,phases   ] GC(40) Pause Relocate Start 1.765ms
[21.192s][info][gc,phases   ] GC(40) Concurrent Relocate 6.281ms
[21.192s][info][gc,load     ] GC(40) Load: 2.12/1.02/0.44
[21.192s][info][gc,mmu      ] GC(40) MMU: 2ms/0.0%, 5ms/0.0%, 10ms/0.0%, 20ms/40.4%, 50ms/75.8%, 100ms/85.7%
[21.192s][info][gc,marking  ] GC(40) Mark: 1 stripe(s), 2 proactive flush(es), 1 terminate flush(es), 0 completion(s), 0 continuation(s) 
[21.192s][info][gc,reloc    ] GC(40) Relocation: Successful, 9M relocated
[21.192s][info][gc,nmethod  ] GC(40) NMethods: 2244 registered, 0 unregistered
[21.192s][info][gc,metaspace] GC(40) Metaspace: 65M used, 69M capacity, 69M committed, 70M reserved
[21.192s][info][gc,ref      ] GC(40) Soft: 2112 encountered, 0 discovered, 0 enqueued
[21.192s][info][gc,ref      ] GC(40) Weak: 4147 encountered, 3175 discovered, 0 enqueued
[21.192s][info][gc,ref      ] GC(40) Final: 27 encountered, 0 discovered, 0 enqueued
[21.192s][info][gc,ref      ] GC(40) Phantom: 650 encountered, 646 discovered, 0 enqueued
[21.193s][info][gc,heap     ] GC(40)                Mark Start          Mark End        Relocate Start      Relocate End           High               Low         
[21.193s][info][gc,heap     ] GC(40)  Capacity:      500M (100%)        500M (100%)        500M (100%)        500M (100%)        500M (100%)        500M (100%)   
[21.193s][info][gc,heap     ] GC(40)   Reserve:       34M (7%)           34M (7%)           34M (7%)           34M (7%)           34M (7%)           34M (7%)     
[21.193s][info][gc,heap     ] GC(40)      Free:      264M (53%)         188M (38%)         320M (64%)         318M (64%)         320M (64%)         188M (38%)    
[21.193s][info][gc,heap     ] GC(40)      Used:      202M (40%)         278M (56%)         146M (29%)         148M (30%)         278M (56%)         146M (29%)    
[21.193s][info][gc,heap     ] GC(40)      Live:         -                28M (6%)           28M (6%)           28M (6%)             -                  -          
[21.193s][info][gc,heap     ] GC(40) Allocated:         -                76M (15%)          76M (15%)          90M (18%)            -                  -          
[21.193s][info][gc,heap     ] GC(40)   Garbage:         -               173M (35%)          41M (8%)           33M (7%)             -                  -          
[21.193s][info][gc,heap     ] GC(40) Reclaimed:         -                  -               132M (26%)         140M (28%)            -                  -          
[21.193s][info][gc          ] GC(40) Garbage Collection (Allocation Rate) 202M(40%)->148M(30%)
[21.215s][info][gc,start    ] GC(41) Garbage Collection (Allocation Rate)
[21.222s][info][gc,phases   ] GC(41) Pause Mark Start 3.482ms
[21.283s][info][gc,phases   ] GC(41) Concurrent Mark 61.203ms
[21.286s][info][gc,phases   ] GC(41) Pause Mark End 0.211ms
[21.287s][info][gc,phases   ] GC(41) Concurrent Process Non-Strong References 1.455ms
[21.287s][info][gc,phases   ] GC(41) Concurrent Reset Relocation Set 0.003ms
[21.287s][info][gc,phases   ] GC(41) Concurrent Destroy Detached Pages 0.001ms
[21.289s][info][gc,phases   ] GC(41) Concurrent Select Relocation Set 1.508ms
[21.289s][info][gc,phases   ] GC(41) Concurrent Prepare Relocation Set 0.024ms
[21.291s][info][gc,phases   ] GC(41) Pause Relocate Start 1.827ms
[21.301s][info][gc,phases   ] GC(41) Concurrent Relocate 10.149ms
[21.301s][info][gc,load     ] GC(41) Load: 2.12/1.02/0.44
[21.301s][info][gc,mmu      ] GC(41) MMU: 2ms/0.0%, 5ms/0.0%, 10ms/0.0%, 20ms/40.4%, 50ms/75.8%, 100ms/85.7%
[21.301s][info][gc,marking  ] GC(41) Mark: 1 stripe(s), 2 proactive flush(es), 1 terminate flush(es), 0 completion(s), 0 continuation(s) 
[21.301s][info][gc,reloc    ] GC(41) Relocation: Successful, 9M relocated
[21.301s][info][gc,nmethod  ] GC(41) NMethods: 2250 registered, 0 unregistered
[21.301s][info][gc,metaspace] GC(41) Metaspace: 65M used, 69M capacity, 69M committed, 70M reserved
[21.301s][info][gc,ref      ] GC(41) Soft: 2112 encountered, 0 discovered, 0 enqueued
[21.301s][info][gc,ref      ] GC(41) Weak: 4147 encountered, 3175 discovered, 0 enqueued
[21.301s][info][gc,ref      ] GC(41) Final: 27 encountered, 0 discovered, 0 enqueued
[21.301s][info][gc,ref      ] GC(41) Phantom: 650 encountered, 646 discovered, 0 enqueued
[21.301s][info][gc,heap     ] GC(41)                Mark Start          Mark End        Relocate Start      Relocate End           High               Low         
[21.301s][info][gc,heap     ] GC(41)  Capacity:      500M (100%)        500M (100%)        500M (100%)        500M (100%)        500M (100%)        500M (100%)   
[21.301s][info][gc,heap     ] GC(41)   Reserve:       34M (7%)           34M (7%)           34M (7%)           34M (7%)           34M (7%)           34M (7%)     
[21.301s][info][gc,heap     ] GC(41)      Free:      284M (57%)         208M (42%)         318M (64%)         312M (62%)         318M (64%)         208M (42%)    
[21.301s][info][gc,heap     ] GC(41)      Used:      182M (36%)         258M (52%)         148M (30%)         154M (31%)         258M (52%)         148M (30%)    
[21.301s][info][gc,heap     ] GC(41)      Live:         -                28M (6%)           28M (6%)           28M (6%)             -                  -          
[21.301s][info][gc,heap     ] GC(41) Allocated:         -                76M (15%)          76M (15%)          96M (19%)            -                  -          
[21.301s][info][gc,heap     ] GC(41)   Garbage:         -               153M (31%)          43M (9%)           31M (6%)             -                  -          
[21.301s][info][gc,heap     ] GC(41) Reclaimed:         -                  -               110M (22%)         122M (24%)            -                  -          
[21.301s][info][gc          ] GC(41) Garbage Collection (Allocation Rate) 182M(36%)->154M(31%)
[21.313s][info][gc,start    ] GC(42) Garbage Collection (Allocation Rate)
[21.317s][info][gc,phases   ] GC(42) Pause Mark Start 2.225ms
[21.379s][info][gc,phases   ] GC(42) Concurrent Mark 62.053ms
[21.380s][info][gc,phases   ] GC(42) Pause Mark End 0.212ms
[21.382s][info][gc,phases   ] GC(42) Concurrent Process Non-Strong References 2.114ms
[21.382s][info][gc,phases   ] GC(42) Concurrent Reset Relocation Set 0.004ms
[21.382s][info][gc,phases   ] GC(42) Concurrent Destroy Detached Pages 0.001ms
[21.383s][info][gc,phases   ] GC(42) Concurrent Select Relocation Set 1.718ms
[21.384s][info][gc,phases   ] GC(42) Concurrent Prepare Relocation Set 0.029ms
[21.386s][info][gc,phases   ] GC(42) Pause Relocate Start 1.828ms
[21.393s][info][gc,phases   ] GC(42) Concurrent Relocate 7.164ms
[21.393s][info][gc,load     ] GC(42) Load: 2.12/1.02/0.44
[21.393s][info][gc,mmu      ] GC(42) MMU: 2ms/0.0%, 5ms/0.0%, 10ms/0.0%, 20ms/40.4%, 50ms/75.8%, 100ms/85.7%
[21.393s][info][gc,marking  ] GC(42) Mark: 1 stripe(s), 2 proactive flush(es), 1 terminate flush(es), 0 completion(s), 0 continuation(s) 
[21.393s][info][gc,reloc    ] GC(42) Relocation: Successful, 9M relocated
[21.393s][info][gc,nmethod  ] GC(42) NMethods: 2263 registered, 0 unregistered
[21.393s][info][gc,metaspace] GC(42) Metaspace: 65M used, 69M capacity, 69M committed, 70M reserved
[21.393s][info][gc,ref      ] GC(42) Soft: 2112 encountered, 0 discovered, 0 enqueued
[21.393s][info][gc,ref      ] GC(42) Weak: 4147 encountered, 3175 discovered, 0 enqueued
[21.393s][info][gc,ref      ] GC(42) Final: 27 encountered, 0 discovered, 0 enqueued
[21.393s][info][gc,ref      ] GC(42) Phantom: 650 encountered, 646 discovered, 0 enqueued
[21.393s][info][gc,heap     ] GC(42)                Mark Start          Mark End        Relocate Start      Relocate End           High               Low         
[21.393s][info][gc,heap     ] GC(42)  Capacity:      500M (100%)        500M (100%)        500M (100%)        500M (100%)        500M (100%)        500M (100%)   
[21.393s][info][gc,heap     ] GC(42)   Reserve:       34M (7%)           34M (7%)           34M (7%)           34M (7%)           34M (7%)           34M (7%)     
[21.393s][info][gc,heap     ] GC(42)      Free:      288M (58%)         210M (42%)         318M (64%)         314M (63%)         318M (64%)         210M (42%)    
[21.393s][info][gc,heap     ] GC(42)      Used:      178M (36%)         256M (51%)         148M (30%)         152M (30%)         256M (51%)         148M (30%)    
[21.393s][info][gc,heap     ] GC(42)      Live:         -                28M (6%)           28M (6%)           28M (6%)             -                  -          
[21.393s][info][gc,heap     ] GC(42) Allocated:         -                78M (16%)          78M (16%)          94M (19%)            -                  -          
[21.393s][info][gc,heap     ] GC(42)   Garbage:         -               149M (30%)          41M (8%)           33M (7%)             -                  -          
[21.393s][info][gc,heap     ] GC(42) Reclaimed:         -                  -               108M (22%)         116M (23%)            -                  -          
[21.393s][info][gc          ] GC(42) Garbage Collection (Allocation Rate) 178M(36%)->152M(30%)
[21.413s][info][gc,start    ] GC(43) Garbage Collection (Allocation Rate)
[21.418s][info][gc,phases   ] GC(43) Pause Mark Start 2.149ms
[21.478s][info][gc,phases   ] GC(43) Concurrent Mark 60.161ms
[21.480s][info][gc,phases   ] GC(43) Pause Mark End 0.215ms
[21.482s][info][gc,phases   ] GC(43) Concurrent Process Non-Strong References 1.441ms
[21.482s][info][gc,phases   ] GC(43) Concurrent Reset Relocation Set 0.003ms
[21.482s][info][gc,phases   ] GC(43) Concurrent Destroy Detached Pages 0.000ms
[21.483s][info][gc,phases   ] GC(43) Concurrent Select Relocation Set 1.633ms
[21.483s][info][gc,phases   ] GC(43) Concurrent Prepare Relocation Set 0.029ms
[21.485s][info][gc,phases   ] GC(43) Pause Relocate Start 1.801ms
[21.500s][info][gc,phases   ] GC(43) Concurrent Relocate 14.458ms
[21.500s][info][gc,load     ] GC(43) Load: 2.12/1.02/0.44
[21.500s][info][gc,mmu      ] GC(43) MMU: 2ms/0.0%, 5ms/0.0%, 10ms/0.0%, 20ms/40.4%, 50ms/75.8%, 100ms/85.7%
[21.500s][info][gc,marking  ] GC(43) Mark: 1 stripe(s), 2 proactive flush(es), 1 terminate flush(es), 0 completion(s), 0 continuation(s) 
[21.500s][info][gc,reloc    ] GC(43) Relocation: Successful, 9M relocated
[21.500s][info][gc,nmethod  ] GC(43) NMethods: 2265 registered, 0 unregistered
[21.500s][info][gc,metaspace] GC(43) Metaspace: 65M used, 69M capacity, 69M committed, 70M reserved
[21.500s][info][gc,ref      ] GC(43) Soft: 2112 encountered, 0 discovered, 0 enqueued
[21.500s][info][gc,ref      ] GC(43) Weak: 4147 encountered, 3175 discovered, 0 enqueued
[21.500s][info][gc,ref      ] GC(43) Final: 27 encountered, 0 discovered, 0 enqueued
[21.500s][info][gc,ref      ] GC(43) Phantom: 650 encountered, 646 discovered, 0 enqueued
[21.500s][info][gc,heap     ] GC(43)                Mark Start          Mark End        Relocate Start      Relocate End           High               Low         
[21.500s][info][gc,heap     ] GC(43)  Capacity:      500M (100%)        500M (100%)        500M (100%)        500M (100%)        500M (100%)        500M (100%)   
[21.500s][info][gc,heap     ] GC(43)   Reserve:       34M (7%)           34M (7%)           34M (7%)           34M (7%)           34M (7%)           34M (7%)     
[21.500s][info][gc,heap     ] GC(43)      Free:      264M (53%)         184M (37%)         316M (63%)         312M (62%)         316M (63%)         184M (37%)    
[21.500s][info][gc,heap     ] GC(43)      Used:      202M (40%)         282M (56%)         150M (30%)         154M (31%)         282M (56%)         150M (30%)    
[21.500s][info][gc,heap     ] GC(43)      Live:         -                28M (6%)           28M (6%)           28M (6%)             -                  -          
[21.500s][info][gc,heap     ] GC(43) Allocated:         -                80M (16%)          80M (16%)          96M (19%)            -                  -          
[21.500s][info][gc,heap     ] GC(43)   Garbage:         -               173M (35%)          41M (8%)           33M (7%)             -                  -          
[21.500s][info][gc,heap     ] GC(43) Reclaimed:         -                  -               132M (26%)         140M (28%)            -                  -          
[21.500s][info][gc          ] GC(43) Garbage Collection (Allocation Rate) 202M(40%)->154M(31%)
[21.518s][info][gc,start    ] GC(44) Garbage Collection (Allocation Rate)
[21.527s][info][gc,phases   ] GC(44) Pause Mark Start 2.253ms
[21.644s][info][gc,phases   ] GC(44) Concurrent Mark 116.774ms
[21.646s][info][gc,phases   ] GC(44) Pause Mark End 0.218ms
[21.648s][info][gc,phases   ] GC(44) Concurrent Process Non-Strong References 1.490ms
[21.648s][info][gc,phases   ] GC(44) Concurrent Reset Relocation Set 0.003ms
[21.648s][info][gc,phases   ] GC(44) Concurrent Destroy Detached Pages 0.001ms
[21.650s][info][gc,phases   ] GC(44) Concurrent Select Relocation Set 1.902ms
[21.650s][info][gc,phases   ] GC(44) Concurrent Prepare Relocation Set 0.025ms
[21.652s][info][gc,phases   ] GC(44) Pause Relocate Start 1.827ms
[21.661s][info][gc,phases   ] GC(44) Concurrent Relocate 8.617ms
[21.661s][info][gc,load     ] GC(44) Load: 2.12/1.02/0.44
[21.661s][info][gc,mmu      ] GC(44) MMU: 2ms/0.0%, 5ms/0.0%, 10ms/0.0%, 20ms/40.4%, 50ms/75.8%, 100ms/85.7%
[21.661s][info][gc,marking  ] GC(44) Mark: 1 stripe(s), 2 proactive flush(es), 1 terminate flush(es), 0 completion(s), 0 continuation(s) 
[21.661s][info][gc,reloc    ] GC(44) Relocation: Successful, 9M relocated
[21.661s][info][gc,nmethod  ] GC(44) NMethods: 2266 registered, 0 unregistered
[21.661s][info][gc,metaspace] GC(44) Metaspace: 65M used, 69M capacity, 69M committed, 70M reserved
[21.661s][info][gc,ref      ] GC(44) Soft: 2112 encountered, 0 discovered, 0 enqueued
[21.661s][info][gc,ref      ] GC(44) Weak: 4147 encountered, 3175 discovered, 0 enqueued
[21.661s][info][gc,ref      ] GC(44) Final: 27 encountered, 0 discovered, 0 enqueued
[21.661s][info][gc,ref      ] GC(44) Phantom: 650 encountered, 646 discovered, 0 enqueued
[21.661s][info][gc,heap     ] GC(44)                Mark Start          Mark End        Relocate Start      Relocate End           High               Low         
[21.661s][info][gc,heap     ] GC(44)  Capacity:      500M (100%)        500M (100%)        500M (100%)        500M (100%)        500M (100%)        500M (100%)   
[21.661s][info][gc,heap     ] GC(44)   Reserve:       34M (7%)           34M (7%)           34M (7%)           34M (7%)           34M (7%)           34M (7%)     
[21.661s][info][gc,heap     ] GC(44)      Free:      288M (58%)         208M (42%)         316M (63%)         308M (62%)         316M (63%)         208M (42%)    
[21.661s][info][gc,heap     ] GC(44)      Used:      178M (36%)         258M (52%)         150M (30%)         158M (32%)         258M (52%)         150M (30%)    
[21.661s][info][gc,heap     ] GC(44)      Live:         -                28M (6%)           28M (6%)           28M (6%)             -                  -          
[21.661s][info][gc,heap     ] GC(44) Allocated:         -                80M (16%)          80M (16%)         100M (20%)            -                  -          
[21.661s][info][gc,heap     ] GC(44)   Garbage:         -               149M (30%)          41M (8%)           31M (6%)             -                  -          
[21.661s][info][gc,heap     ] GC(44) Reclaimed:         -                  -               108M (22%)         118M (24%)            -                  -          
[21.661s][info][gc          ] GC(44) Garbage Collection (Allocation Rate) 178M(36%)->158M(32%)
[21.713s][info][gc,start    ] GC(45) Garbage Collection (Allocation Rate)
[21.718s][info][gc,phases   ] GC(45) Pause Mark Start 2.154ms
[21.774s][info][gc,phases   ] GC(45) Concurrent Mark 56.149ms
[21.776s][info][gc,phases   ] GC(45) Pause Mark End 0.209ms
[21.778s][info][gc,phases   ] GC(45) Concurrent Process Non-Strong References 1.389ms
[21.778s][info][gc,phases   ] GC(45) Concurrent Reset Relocation Set 0.003ms
[21.778s][info][gc,phases   ] GC(45) Concurrent Destroy Detached Pages 0.000ms
[21.779s][info][gc,phases   ] GC(45) Concurrent Select Relocation Set 1.548ms
[21.779s][info][gc,phases   ] GC(45) Concurrent Prepare Relocation Set 0.024ms
[21.781s][info][gc,phases   ] GC(45) Pause Relocate Start 1.852ms
[21.789s][info][gc,phases   ] GC(45) Concurrent Relocate 7.506ms
[21.789s][info][gc,load     ] GC(45) Load: 2.03/1.02/0.45
[21.789s][info][gc,mmu      ] GC(45) MMU: 2ms/0.0%, 5ms/0.0%, 10ms/0.0%, 20ms/40.4%, 50ms/75.8%, 100ms/85.7%
[21.789s][info][gc,marking  ] GC(45) Mark: 1 stripe(s), 2 proactive flush(es), 1 terminate flush(es), 0 completion(s), 0 continuation(s) 
[21.789s][info][gc,reloc    ] GC(45) Relocation: Successful, 9M relocated
[21.789s][info][gc,nmethod  ] GC(45) NMethods: 2269 registered, 0 unregistered
[21.789s][info][gc,metaspace] GC(45) Metaspace: 65M used, 69M capacity, 69M committed, 70M reserved
[21.789s][info][gc,ref      ] GC(45) Soft: 2112 encountered, 0 discovered, 0 enqueued
[21.789s][info][gc,ref      ] GC(45) Weak: 4147 encountered, 3175 discovered, 0 enqueued
[21.789s][info][gc,ref      ] GC(45) Final: 27 encountered, 0 discovered, 0 enqueued
[21.789s][info][gc,ref      ] GC(45) Phantom: 650 encountered, 646 discovered, 0 enqueued
[21.789s][info][gc,heap     ] GC(45)                Mark Start          Mark End        Relocate Start      Relocate End           High               Low         
[21.789s][info][gc,heap     ] GC(45)  Capacity:      500M (100%)        500M (100%)        500M (100%)        500M (100%)        500M (100%)        500M (100%)   
[21.789s][info][gc,heap     ] GC(45)   Reserve:       34M (7%)           34M (7%)           34M (7%)           34M (7%)           34M (7%)           34M (7%)     
[21.789s][info][gc,heap     ] GC(45)      Free:      190M (38%)         116M (23%)         322M (64%)         318M (64%)         322M (64%)         116M (23%)    
[21.789s][info][gc,heap     ] GC(45)      Used:      276M (55%)         350M (70%)         144M (29%)         148M (30%)         350M (70%)         144M (29%)    
[21.789s][info][gc,heap     ] GC(45)      Live:         -                28M (6%)           28M (6%)           28M (6%)             -                  -          
[21.789s][info][gc,heap     ] GC(45) Allocated:         -                74M (15%)          74M (15%)          90M (18%)            -                  -          
[21.789s][info][gc,heap     ] GC(45)   Garbage:         -               247M (50%)          41M (8%)           33M (7%)             -                  -          
[21.789s][info][gc,heap     ] GC(45) Reclaimed:         -                  -               206M (41%)         214M (43%)            -                  -          
[21.789s][info][gc          ] GC(45) Garbage Collection (Allocation Rate) 276M(55%)->148M(30%)
[21.813s][info][gc,start    ] GC(46) Garbage Collection (Allocation Rate)
[21.817s][info][gc,phases   ] GC(46) Pause Mark Start 2.199ms
[21.878s][info][gc,phases   ] GC(46) Concurrent Mark 60.123ms
[21.880s][info][gc,phases   ] GC(46) Pause Mark End 0.210ms
[21.881s][info][gc,phases   ] GC(46) Concurrent Process Non-Strong References 1.396ms
[21.881s][info][gc,phases   ] GC(46) Concurrent Reset Relocation Set 0.002ms
[21.881s][info][gc,phases   ] GC(46) Concurrent Destroy Detached Pages 0.000ms
[21.883s][info][gc,phases   ] GC(46) Concurrent Select Relocation Set 1.717ms
[21.883s][info][gc,phases   ] GC(46) Concurrent Prepare Relocation Set 0.034ms
[21.885s][info][gc,phases   ] GC(46) Pause Relocate Start 1.875ms
[21.893s][info][gc,phases   ] GC(46) Concurrent Relocate 8.141ms
[21.894s][info][gc,load     ] GC(46) Load: 2.03/1.02/0.45
[21.894s][info][gc,mmu      ] GC(46) MMU: 2ms/0.0%, 5ms/0.0%, 10ms/0.0%, 20ms/40.4%, 50ms/75.8%, 100ms/85.7%
[21.894s][info][gc,marking  ] GC(46) Mark: 1 stripe(s), 2 proactive flush(es), 1 terminate flush(es), 0 completion(s), 0 continuation(s) 
[21.894s][info][gc,reloc    ] GC(46) Relocation: Successful, 9M relocated
[21.894s][info][gc,nmethod  ] GC(46) NMethods: 2269 registered, 0 unregistered
[21.894s][info][gc,metaspace] GC(46) Metaspace: 65M used, 69M capacity, 69M committed, 70M reserved
[21.894s][info][gc,ref      ] GC(46) Soft: 2112 encountered, 0 discovered, 0 enqueued
[21.894s][info][gc,ref      ] GC(46) Weak: 4147 encountered, 3175 discovered, 0 enqueued
[21.894s][info][gc,ref      ] GC(46) Final: 27 encountered, 0 discovered, 0 enqueued
[21.894s][info][gc,ref      ] GC(46) Phantom: 650 encountered, 646 discovered, 0 enqueued
[21.894s][info][gc,heap     ] GC(46)                Mark Start          Mark End        Relocate Start      Relocate End           High               Low         
[21.894s][info][gc,heap     ] GC(46)  Capacity:      500M (100%)        500M (100%)        500M (100%)        500M (100%)        500M (100%)        500M (100%)   
[21.894s][info][gc,heap     ] GC(46)   Reserve:       34M (7%)           34M (7%)           34M (7%)           34M (7%)           34M (7%)           34M (7%)     
[21.894s][info][gc,heap     ] GC(46)      Free:      260M (52%)         186M (37%)         324M (65%)         320M (64%)         324M (65%)         186M (37%)    
[21.894s][info][gc,heap     ] GC(46)      Used:      206M (41%)         280M (56%)         142M (28%)         146M (29%)         280M (56%)         142M (28%)    
[21.894s][info][gc,heap     ] GC(46)      Live:         -                28M (6%)           28M (6%)           28M (6%)             -                  -          
[21.894s][info][gc,heap     ] GC(46) Allocated:         -                74M (15%)          74M (15%)          88M (18%)            -                  -          
[21.894s][info][gc,heap     ] GC(46)   Garbage:         -               177M (36%)          39M (8%)           31M (6%)             -                  -          
[21.894s][info][gc,heap     ] GC(46) Reclaimed:         -                  -               138M (28%)         146M (29%)            -                  -          
[21.894s][info][gc          ] GC(46) Garbage Collection (Allocation Rate) 206M(41%)->146M(29%)
[21.913s][info][gc,start    ] GC(47) Garbage Collection (Allocation Rate)
[21.917s][info][gc,phases   ] GC(47) Pause Mark Start 2.154ms
[21.976s][info][gc,phases   ] GC(47) Concurrent Mark 59.208ms
[21.979s][info][gc,phases   ] GC(47) Pause Mark End 0.205ms
[21.980s][info][gc,phases   ] GC(47) Concurrent Process Non-Strong References 1.415ms
[21.980s][info][gc,phases   ] GC(47) Concurrent Reset Relocation Set 0.002ms
[21.980s][info][gc,phases   ] GC(47) Concurrent Destroy Detached Pages 0.000ms
[21.982s][info][gc,phases   ] GC(47) Concurrent Select Relocation Set 1.526ms
[21.982s][info][gc,phases   ] GC(47) Concurrent Prepare Relocation Set 0.026ms
[21.984s][info][gc,phases   ] GC(47) Pause Relocate Start 1.787ms
[21.986s][info][gc,phases   ] GC(47) Concurrent Relocate 2.344ms
[21.986s][info][gc,load     ] GC(47) Load: 2.03/1.02/0.45
[21.986s][info][gc,mmu      ] GC(47) MMU: 2ms/0.0%, 5ms/0.0%, 10ms/0.0%, 20ms/40.4%, 50ms/75.8%, 100ms/85.7%
[21.986s][info][gc,marking  ] GC(47) Mark: 1 stripe(s), 2 proactive flush(es), 1 terminate flush(es), 0 completion(s), 0 continuation(s) 
[21.986s][info][gc,reloc    ] GC(47) Relocation: Successful, 9M relocated
[21.986s][info][gc,nmethod  ] GC(47) NMethods: 2269 registered, 0 unregistered
[21.986s][info][gc,metaspace] GC(47) Metaspace: 65M used, 69M capacity, 69M committed, 70M reserved
[21.986s][info][gc,ref      ] GC(47) Soft: 2112 encountered, 0 discovered, 0 enqueued
[21.986s][info][gc,ref      ] GC(47) Weak: 4147 encountered, 3175 discovered, 0 enqueued
[21.986s][info][gc,ref      ] GC(47) Final: 27 encountered, 0 discovered, 0 enqueued
[21.986s][info][gc,ref      ] GC(47) Phantom: 650 encountered, 646 discovered, 0 enqueued
[21.986s][info][gc,heap     ] GC(47)                Mark Start          Mark End        Relocate Start      Relocate End           High               Low         
[21.986s][info][gc,heap     ] GC(47)  Capacity:      500M (100%)        500M (100%)        500M (100%)        500M (100%)        500M (100%)        500M (100%)   
[21.986s][info][gc,heap     ] GC(47)   Reserve:       34M (7%)           34M (7%)           34M (7%)           34M (7%)           34M (7%)           34M (7%)     
[21.986s][info][gc,heap     ] GC(47)      Free:      282M (56%)         204M (41%)         316M (63%)         328M (66%)         328M (66%)         204M (41%)    
[21.986s][info][gc,heap     ] GC(47)      Used:      184M (37%)         262M (52%)         150M (30%)         138M (28%)         262M (52%)         138M (28%)    
[21.986s][info][gc,heap     ] GC(47)      Live:         -                28M (6%)           28M (6%)           28M (6%)             -                  -          
[21.986s][info][gc,heap     ] GC(47) Allocated:         -                78M (16%)          78M (16%)          80M (16%)            -                  -          
[21.986s][info][gc,heap     ] GC(47)   Garbage:         -               155M (31%)          43M (9%)           31M (6%)             -                  -          
[21.986s][info][gc,heap     ] GC(47) Reclaimed:         -                  -               112M (22%)         124M (25%)            -                  -          
[21.986s][info][gc          ] GC(47) Garbage Collection (Allocation Rate) 184M(37%)->138M(28%)
[22.013s][info][gc,start    ] GC(48) Garbage Collection (Allocation Rate)
[22.018s][info][gc,phases   ] GC(48) Pause Mark Start 2.129ms
[22.077s][info][gc,phases   ] GC(48) Concurrent Mark 59.173ms
[22.079s][info][gc,phases   ] GC(48) Pause Mark End 0.208ms
[22.081s][info][gc,phases   ] GC(48) Concurrent Process Non-Strong References 1.425ms
[22.081s][info][gc,phases   ] GC(48) Concurrent Reset Relocation Set 0.003ms
[22.081s][info][gc,phases   ] GC(48) Concurrent Destroy Detached Pages 0.000ms
[22.082s][info][gc,phases   ] GC(48) Concurrent Select Relocation Set 1.508ms
[22.082s][info][gc,phases   ] GC(48) Concurrent Prepare Relocation Set 0.023ms
[22.084s][info][gc,phases   ] GC(48) Pause Relocate Start 1.793ms
[22.087s][info][gc,phases   ] GC(48) Concurrent Relocate 2.425ms
[22.087s][info][gc,load     ] GC(48) Load: 2.03/1.02/0.45
[22.087s][info][gc,mmu      ] GC(48) MMU: 2ms/0.0%, 5ms/0.0%, 10ms/0.0%, 20ms/40.4%, 50ms/75.8%, 100ms/85.7%
[22.087s][info][gc,marking  ] GC(48) Mark: 1 stripe(s), 2 proactive flush(es), 1 terminate flush(es), 0 completion(s), 0 continuation(s) 
[22.087s][info][gc,reloc    ] GC(48) Relocation: Successful, 9M relocated
[22.087s][info][gc,nmethod  ] GC(48) NMethods: 2269 registered, 0 unregistered
[22.087s][info][gc,metaspace] GC(48) Metaspace: 65M used, 69M capacity, 69M committed, 70M reserved
[22.087s][info][gc,ref      ] GC(48) Soft: 2112 encountered, 0 discovered, 0 enqueued
[22.087s][info][gc,ref      ] GC(48) Weak: 4147 encountered, 3175 discovered, 0 enqueued
[22.087s][info][gc,ref      ] GC(48) Final: 27 encountered, 0 discovered, 0 enqueued
[22.087s][info][gc,ref      ] GC(48) Phantom: 650 encountered, 646 discovered, 0 enqueued
[22.087s][info][gc,heap     ] GC(48)                Mark Start          Mark End        Relocate Start      Relocate End           High               Low         
[22.087s][info][gc,heap     ] GC(48)  Capacity:      500M (100%)        500M (100%)        500M (100%)        500M (100%)        500M (100%)        500M (100%)   
[22.087s][info][gc,heap     ] GC(48)   Reserve:       34M (7%)           34M (7%)           34M (7%)           34M (7%)           34M (7%)           34M (7%)     
[22.087s][info][gc,heap     ] GC(48)      Free:      258M (52%)         176M (35%)         318M (64%)         322M (64%)         322M (64%)         176M (35%)    
[22.087s][info][gc,heap     ] GC(48)      Used:      208M (42%)         290M (58%)         148M (30%)         144M (29%)         290M (58%)         144M (29%)    
[22.087s][info][gc,heap     ] GC(48)      Live:         -                28M (6%)           28M (6%)           28M (6%)             -                  -          
[22.087s][info][gc,heap     ] GC(48) Allocated:         -                82M (16%)          82M (16%)          86M (17%)            -                  -          
[22.087s][info][gc,heap     ] GC(48)   Garbage:         -               179M (36%)          37M (8%)           31M (6%)             -                  -          
[22.087s][info][gc,heap     ] GC(48) Reclaimed:         -                  -               142M (28%)         148M (30%)            -                  -          
[22.087s][info][gc          ] GC(48) Garbage Collection (Allocation Rate) 208M(42%)->144M(29%)
[22.113s][info][gc,start    ] GC(49) Garbage Collection (Allocation Rate)
[22.117s][info][gc,phases   ] GC(49) Pause Mark Start 2.172ms
[22.201s][info][gc,phases   ] GC(49) Concurrent Mark 83.581ms
[22.203s][info][gc,phases   ] GC(49) Pause Mark End 0.323ms
[22.205s][info][gc,phases   ] GC(49) Concurrent Process Non-Strong References 1.451ms
[22.205s][info][gc,phases   ] GC(49) Concurrent Reset Relocation Set 0.003ms
[22.205s][info][gc,phases   ] GC(49) Concurrent Destroy Detached Pages 0.000ms
[22.206s][info][gc,phases   ] GC(49) Concurrent Select Relocation Set 1.526ms
[22.207s][info][gc,phases   ] GC(49) Concurrent Prepare Relocation Set 0.025ms
[22.209s][info][gc,phases   ] GC(49) Pause Relocate Start 1.865ms
[22.212s][info][gc,phases   ] GC(49) Concurrent Relocate 3.449ms
[22.212s][info][gc,load     ] GC(49) Load: 2.03/1.02/0.45
[22.212s][info][gc,mmu      ] GC(49) MMU: 2ms/0.0%, 5ms/0.0%, 10ms/0.0%, 20ms/40.4%, 50ms/75.8%, 100ms/85.7%
[22.212s][info][gc,marking  ] GC(49) Mark: 1 stripe(s), 5 proactive flush(es), 1 terminate flush(es), 1 completion(s), 0 continuation(s) 
[22.212s][info][gc,reloc    ] GC(49) Relocation: Successful, 9M relocated
[22.212s][info][gc,nmethod  ] GC(49) NMethods: 2274 registered, 0 unregistered
[22.212s][info][gc,metaspace] GC(49) Metaspace: 65M used, 69M capacity, 69M committed, 70M reserved
[22.212s][info][gc,ref      ] GC(49) Soft: 2112 encountered, 0 discovered, 0 enqueued
[22.212s][info][gc,ref      ] GC(49) Weak: 4147 encountered, 3175 discovered, 0 enqueued
[22.212s][info][gc,ref      ] GC(49) Final: 27 encountered, 0 discovered, 0 enqueued
[22.212s][info][gc,ref      ] GC(49) Phantom: 650 encountered, 646 discovered, 0 enqueued
[22.212s][info][gc,heap     ] GC(49)                Mark Start          Mark End        Relocate Start      Relocate End           High               Low         
[22.212s][info][gc,heap     ] GC(49)  Capacity:      500M (100%)        500M (100%)        500M (100%)        500M (100%)        500M (100%)        500M (100%)   
[22.212s][info][gc,heap     ] GC(49)   Reserve:       34M (7%)           34M (7%)           34M (7%)           34M (7%)           34M (7%)           34M (7%)     
[22.212s][info][gc,heap     ] GC(49)      Free:      256M (51%)         224M (45%)         370M (74%)         374M (75%)         374M (75%)         224M (45%)    
[22.212s][info][gc,heap     ] GC(49)      Used:      210M (42%)         242M (48%)          96M (19%)          92M (18%)         242M (48%)          92M (18%)    
[22.212s][info][gc,heap     ] GC(49)      Live:         -                28M (6%)           28M (6%)           28M (6%)             -                  -          
[22.212s][info][gc,heap     ] GC(49) Allocated:         -                32M (6%)           32M (6%)           34M (7%)             -                  -          
[22.212s][info][gc,heap     ] GC(49)   Garbage:         -               181M (36%)          35M (7%)           31M (6%)             -                  -          
[22.212s][info][gc,heap     ] GC(49) Reclaimed:         -                  -               146M (29%)         150M (30%)            -                  -          
[22.212s][info][gc          ] GC(49) Garbage Collection (Allocation Rate) 210M(42%)->92M(18%)
[22.215s][info][gc,start    ] GC(50) Garbage Collection (Allocation Rate)
[22.222s][info][gc,phases   ] GC(50) Pause Mark Start 2.285ms
[22.341s][info][gc,phases   ] GC(50) Concurrent Mark 119.021ms
[22.342s][info][gc,phases   ] GC(50) Pause Mark End 0.715ms
[22.343s][info][gc,phases   ] GC(50) Concurrent Process Non-Strong References 1.453ms
[22.343s][info][gc,phases   ] GC(50) Concurrent Reset Relocation Set 0.002ms
[22.343s][info][gc,phases   ] GC(50) Concurrent Destroy Detached Pages 0.000ms
[22.345s][info][gc,phases   ] GC(50) Concurrent Select Relocation Set 1.507ms
[22.345s][info][gc,phases   ] GC(50) Concurrent Prepare Relocation Set 0.031ms
[22.351s][info][gc,phases   ] GC(50) Pause Relocate Start 6.154ms
[22.364s][info][gc,phases   ] GC(50) Concurrent Relocate 12.684ms
[22.364s][info][gc,load     ] GC(50) Load: 2.03/1.02/0.45
[22.364s][info][gc,mmu      ] GC(50) MMU: 2ms/0.0%, 5ms/0.0%, 10ms/0.0%, 20ms/40.4%, 50ms/75.8%, 100ms/85.7%
[22.364s][info][gc,marking  ] GC(50) Mark: 1 stripe(s), 3 proactive flush(es), 3 terminate flush(es), 0 completion(s), 0 continuation(s) 
[22.364s][info][gc,reloc    ] GC(50) Relocation: Successful, 9M relocated
[22.364s][info][gc,nmethod  ] GC(50) NMethods: 2290 registered, 0 unregistered
[22.364s][info][gc,metaspace] GC(50) Metaspace: 66M used, 69M capacity, 69M committed, 70M reserved
[22.364s][info][gc,ref      ] GC(50) Soft: 2189 encountered, 0 discovered, 0 enqueued
[22.364s][info][gc,ref      ] GC(50) Weak: 4193 encountered, 3154 discovered, 10 enqueued
[22.364s][info][gc,ref      ] GC(50) Final: 27 encountered, 0 discovered, 0 enqueued
[22.364s][info][gc,ref      ] GC(50) Phantom: 661 encountered, 471 discovered, 11 enqueued
[22.364s][info][gc,heap     ] GC(50)                Mark Start          Mark End        Relocate Start      Relocate End           High               Low         
[22.364s][info][gc,heap     ] GC(50)  Capacity:      500M (100%)        500M (100%)        500M (100%)        500M (100%)        500M (100%)        500M (100%)   
[22.364s][info][gc,heap     ] GC(50)   Reserve:       34M (7%)           34M (7%)           34M (7%)           34M (7%)           34M (7%)           34M (7%)     
[22.364s][info][gc,heap     ] GC(50)      Free:      374M (75%)         368M (74%)         396M (79%)         398M (80%)         398M (80%)         368M (74%)    
[22.364s][info][gc,heap     ] GC(50)      Used:       92M (18%)          98M (20%)          70M (14%)          68M (14%)          98M (20%)          68M (14%)    
[22.364s][info][gc,heap     ] GC(50)      Live:         -                28M (6%)           28M (6%)           28M (6%)             -                  -          
[22.364s][info][gc,heap     ] GC(50) Allocated:         -                 6M (1%)            6M (1%)           10M (2%)             -                  -          
[22.364s][info][gc,heap     ] GC(50)   Garbage:         -                63M (13%)          35M (7%)           33M (7%)             -                  -          
[22.364s][info][gc,heap     ] GC(50) Reclaimed:         -                  -                28M (6%)           30M (6%)             -                  -          
[22.364s][info][gc          ] GC(50) Garbage Collection (Allocation Rate) 92M(18%)->68M(14%)
[22.413s][info][gc,start    ] GC(51) Garbage Collection (Allocation Rate)
[22.416s][info][gc,phases   ] GC(51) Pause Mark Start 2.302ms
[22.455s][info][gc,heap     ] Page Cache Flushed: 6M requested, 10M(398M->388M) flushed
[22.549s][info][gc,phases   ] GC(51) Concurrent Mark 132.882ms
[22.549s][info][gc,phases   ] GC(51) Pause Mark End 0.259ms
[22.551s][info][gc,phases   ] GC(51) Concurrent Process Non-Strong References 1.615ms
[22.551s][info][gc,phases   ] GC(51) Concurrent Reset Relocation Set 0.002ms
[22.551s][info][gc,phases   ] GC(51) Concurrent Destroy Detached Pages 0.003ms
[22.553s][info][gc,phases   ] GC(51) Concurrent Select Relocation Set 1.503ms
[22.553s][info][gc,phases   ] GC(51) Concurrent Prepare Relocation Set 0.023ms
[22.560s][info][gc,phases   ] GC(51) Pause Relocate Start 1.930ms
[22.562s][info][gc,phases   ] GC(51) Concurrent Relocate 1.914ms
[22.562s][info][gc,load     ] GC(51) Load: 2.03/1.02/0.45
[22.562s][info][gc,mmu      ] GC(51) MMU: 2ms/0.0%, 5ms/0.0%, 10ms/0.0%, 20ms/40.4%, 50ms/75.8%, 100ms/85.7%
[22.562s][info][gc,marking  ] GC(51) Mark: 1 stripe(s), 2 proactive flush(es), 1 terminate flush(es), 0 completion(s), 0 continuation(s) 
[22.562s][info][gc,reloc    ] GC(51) Relocation: Successful, 9M relocated
[22.562s][info][gc,nmethod  ] GC(51) NMethods: 2315 registered, 0 unregistered
[22.562s][info][gc,metaspace] GC(51) Metaspace: 66M used, 70M capacity, 70M committed, 72M reserved
[22.562s][info][gc,ref      ] GC(51) Soft: 2352 encountered, 0 discovered, 0 enqueued
[22.562s][info][gc,ref      ] GC(51) Weak: 4331 encountered, 3241 discovered, 29 enqueued
[22.562s][info][gc,ref      ] GC(51) Final: 27 encountered, 0 discovered, 0 enqueued
[22.562s][info][gc,ref      ] GC(51) Phantom: 703 encountered, 512 discovered, 54 enqueued
[22.562s][info][gc,heap     ] GC(51)                Mark Start          Mark End        Relocate Start      Relocate End           High               Low         
[22.562s][info][gc,heap     ] GC(51)  Capacity:      500M (100%)        500M (100%)        500M (100%)        500M (100%)        500M (100%)        500M (100%)   
[22.562s][info][gc,heap     ] GC(51)   Reserve:       34M (7%)           34M (7%)           34M (7%)           34M (7%)           34M (7%)           34M (7%)     
[22.562s][info][gc,heap     ] GC(51)      Free:      398M (80%)         386M (77%)         386M (77%)         392M (78%)         398M (80%)         384M (77%)    
[22.562s][info][gc,heap     ] GC(51)      Used:       68M (14%)          80M (16%)          80M (16%)          74M (15%)          82M (16%)          68M (14%)    
[22.562s][info][gc,heap     ] GC(51)      Live:         -                29M (6%)           29M (6%)           29M (6%)             -                  -          
[22.562s][info][gc,heap     ] GC(51) Allocated:         -                12M (2%)           12M (2%)           14M (3%)             -                  -          
[22.562s][info][gc,heap     ] GC(51)   Garbage:         -                38M (8%)           38M (8%)           32M (6%)             -                  -          
[22.562s][info][gc,heap     ] GC(51) Reclaimed:         -                  -                 0M (0%)            6M (1%)             -                  -          
[22.562s][info][gc          ] GC(51) Garbage Collection (Allocation Rate) 68M(14%)->74M(15%)
[22.613s][info][gc,start    ] GC(52) Garbage Collection (Allocation Rate)
[22.616s][info][gc,phases   ] GC(52) Pause Mark Start 2.745ms
[22.725s][info][gc,phases   ] GC(52) Concurrent Mark 108.338ms
[22.725s][info][gc,phases   ] GC(52) Pause Mark End 0.361ms
[22.727s][info][gc,phases   ] GC(52) Concurrent Process Non-Strong References 1.522ms
[22.727s][info][gc,phases   ] GC(52) Concurrent Reset Relocation Set 0.002ms
[22.727s][info][gc,phases   ] GC(52) Concurrent Destroy Detached Pages 0.000ms
[22.729s][info][gc,phases   ] GC(52) Concurrent Select Relocation Set 1.511ms
[22.729s][info][gc,phases   ] GC(52) Concurrent Prepare Relocation Set 0.055ms
[22.731s][info][gc,phases   ] GC(52) Pause Relocate Start 1.892ms
[22.742s][info][gc,phases   ] GC(52) Concurrent Relocate 9.544ms
[22.742s][info][gc,load     ] GC(52) Load: 2.03/1.02/0.45
[22.742s][info][gc,mmu      ] GC(52) MMU: 2ms/0.0%, 5ms/0.0%, 10ms/0.0%, 20ms/40.4%, 50ms/75.8%, 100ms/85.7%
[22.742s][info][gc,marking  ] GC(52) Mark: 1 stripe(s), 3 proactive flush(es), 1 terminate flush(es), 0 completion(s), 0 continuation(s) 
[22.742s][info][gc,reloc    ] GC(52) Relocation: Successful, 10M relocated
[22.742s][info][gc,nmethod  ] GC(52) NMethods: 2337 registered, 0 unregistered
[22.742s][info][gc,metaspace] GC(52) Metaspace: 67M used, 71M capacity, 71M committed, 72M reserved
[22.742s][info][gc,ref      ] GC(52) Soft: 2496 encountered, 0 discovered, 0 enqueued
[22.742s][info][gc,ref      ] GC(52) Weak: 4441 encountered, 3338 discovered, 49 enqueued
[22.742s][info][gc,ref      ] GC(52) Final: 27 encountered, 0 discovered, 0 enqueued
[22.742s][info][gc,ref      ] GC(52) Phantom: 693 encountered, 541 discovered, 42 enqueued
[22.742s][info][gc,heap     ] GC(52)                Mark Start          Mark End        Relocate Start      Relocate End           High               Low         
[22.742s][info][gc,heap     ] GC(52)  Capacity:      500M (100%)        500M (100%)        500M (100%)        500M (100%)        500M (100%)        500M (100%)   
[22.742s][info][gc,heap     ] GC(52)   Reserve:       34M (7%)           34M (7%)           34M (7%)           34M (7%)           34M (7%)           34M (7%)     
[22.742s][info][gc,heap     ] GC(52)      Free:      390M (78%)         386M (77%)         392M (78%)         400M (80%)         400M (80%)         386M (77%)    
[22.742s][info][gc,heap     ] GC(52)      Used:       76M (15%)          80M (16%)          74M (15%)          66M (13%)          80M (16%)          66M (13%)    
[22.742s][info][gc,heap     ] GC(52)      Live:         -                30M (6%)           30M (6%)           30M (6%)             -                  -          
[22.742s][info][gc,heap     ] GC(52) Allocated:         -                 4M (1%)            4M (1%)            8M (2%)             -                  -          
[22.742s][info][gc,heap     ] GC(52)   Garbage:         -                45M (9%)           39M (8%)           31M (6%)             -                  -          
[22.742s][info][gc,heap     ] GC(52) Reclaimed:         -                  -                 6M (1%)           14M (3%)             -                  -          
[22.742s][info][gc          ] GC(52) Garbage Collection (Allocation Rate) 76M(15%)->66M(13%)
[22.803s][info][gc,start    ] GC(53) Garbage Collection (System.gc())
[22.806s][info][gc,phases   ] GC(53) Pause Mark Start 2.401ms
[22.913s][info][gc,phases   ] GC(53) Concurrent Mark 107.219ms
[22.913s][info][gc,phases   ] GC(53) Pause Mark End 0.196ms
[22.916s][info][gc,phases   ] GC(53) Concurrent Process Non-Strong References 2.805ms
[22.916s][info][gc,phases   ] GC(53) Concurrent Reset Relocation Set 0.003ms
[22.916s][info][gc,phases   ] GC(53) Concurrent Destroy Detached Pages 0.000ms
[22.918s][info][gc,phases   ] GC(53) Concurrent Select Relocation Set 1.532ms
[22.918s][info][gc,phases   ] GC(53) Concurrent Prepare Relocation Set 0.042ms
[22.925s][info][gc,phases   ] GC(53) Pause Relocate Start 7.496ms
[22.945s][info][gc,phases   ] GC(53) Concurrent Relocate 19.268ms
[22.945s][info][gc,load     ] GC(53) Load: 2.03/1.02/0.45
[22.945s][info][gc,mmu      ] GC(53) MMU: 2ms/0.0%, 5ms/0.0%, 10ms/0.0%, 20ms/40.4%, 50ms/75.8%, 100ms/85.7%
[22.945s][info][gc,marking  ] GC(53) Mark: 1 stripe(s), 2 proactive flush(es), 1 terminate flush(es), 0 completion(s), 0 continuation(s) 
[22.945s][info][gc,reloc    ] GC(53) Relocation: Successful, 8M relocated
[22.945s][info][gc,nmethod  ] GC(53) NMethods: 2375 registered, 0 unregistered
[22.945s][info][gc,metaspace] GC(53) Metaspace: 68M used, 71M capacity, 71M committed, 72M reserved
[22.945s][info][gc,ref      ] GC(53) Soft: 2525 encountered, 0 discovered, 0 enqueued
[22.945s][info][gc,ref      ] GC(53) Weak: 4484 encountered, 3483 discovered, 140 enqueued
[22.945s][info][gc,ref      ] GC(53) Final: 27 encountered, 0 discovered, 0 enqueued
[22.945s][info][gc,ref      ] GC(53) Phantom: 678 encountered, 579 discovered, 27 enqueued
[22.945s][info][gc,heap     ] GC(53)                Mark Start          Mark End        Relocate Start      Relocate End           High               Low         
[22.945s][info][gc,heap     ] GC(53)  Capacity:      500M (100%)        500M (100%)        500M (100%)        500M (100%)        500M (100%)        500M (100%)   
[22.945s][info][gc,heap     ] GC(53)   Reserve:       34M (7%)           34M (7%)           34M (7%)           34M (7%)           34M (7%)           34M (7%)     
[22.945s][info][gc,heap     ] GC(53)      Free:      396M (79%)         394M (79%)         394M (79%)         402M (80%)         402M (80%)         392M (78%)    
[22.945s][info][gc,heap     ] GC(53)      Used:       70M (14%)          72M (14%)          72M (14%)          64M (13%)          74M (15%)          64M (13%)    
[22.945s][info][gc,heap     ] GC(53)      Live:         -                30M (6%)           30M (6%)           30M (6%)             -                  -          
[22.945s][info][gc,heap     ] GC(53) Allocated:         -                 2M (0%)            2M (0%)            6M (1%)             -                  -          
[22.945s][info][gc,heap     ] GC(53)   Garbage:         -                39M (8%)           39M (8%)           31M (6%)             -                  -          
[22.945s][info][gc,heap     ] GC(53) Reclaimed:         -                  -                 0M (0%)            8M (2%)             -                  -          
[22.945s][info][gc          ] GC(53) Garbage Collection (System.gc()) 70M(14%)->64M(13%)
[22.954s][info][gc,heap     ] Page Cache Flushed: 30M requested, 30M(398M->368M) flushed
[23.013s][info][gc,start    ] GC(54) Garbage Collection (Allocation Rate)
[23.016s][info][gc,phases   ] GC(54) Pause Mark Start 2.539ms
[23.044s][info][gc,heap     ] Page Cache Flushed: 32M requested, 32M(362M->330M) flushed
[23.068s][info][gc,heap     ] Page Cache Flushed: 6M requested, 6M(328M->322M) flushed
[23.154s][info][gc,phases   ] GC(54) Concurrent Mark 137.929ms
[23.159s][info][gc,phases   ] GC(54) Pause Mark End 0.440ms
[23.161s][info][gc,phases   ] GC(54) Concurrent Process Non-Strong References 2.841ms
[23.161s][info][gc,phases   ] GC(54) Concurrent Reset Relocation Set 0.003ms
[23.162s][info][gc,phases   ] GC(54) Concurrent Destroy Detached Pages 0.033ms
[23.172s][info][gc,phases   ] GC(54) Concurrent Select Relocation Set 10.573ms
[23.172s][info][gc,phases   ] GC(54) Concurrent Prepare Relocation Set 0.048ms
[23.180s][info][gc,phases   ] GC(54) Pause Relocate Start 3.282ms
[23.187s][info][gc,phases   ] GC(54) Concurrent Relocate 6.587ms
[23.187s][info][gc,load     ] GC(54) Load: 2.03/1.02/0.45
[23.187s][info][gc,mmu      ] GC(54) MMU: 2ms/0.0%, 5ms/0.0%, 10ms/0.0%, 20ms/40.4%, 50ms/75.8%, 100ms/85.7%
[23.187s][info][gc,marking  ] GC(54) Mark: 1 stripe(s), 3 proactive flush(es), 1 terminate flush(es), 0 completion(s), 0 continuation(s) 
[23.187s][info][gc,reloc    ] GC(54) Relocation: Successful, 6M relocated
[23.187s][info][gc,nmethod  ] GC(54) NMethods: 2419 registered, 0 unregistered
[23.187s][info][gc,metaspace] GC(54) Metaspace: 68M used, 71M capacity, 72M committed, 72M reserved
[23.187s][info][gc,ref      ] GC(54) Soft: 2546 encountered, 0 discovered, 0 enqueued
[23.187s][info][gc,ref      ] GC(54) Weak: 4385 encountered, 3383 discovered, 10 enqueued
[23.187s][info][gc,ref      ] GC(54) Final: 27 encountered, 0 discovered, 0 enqueued
[23.187s][info][gc,ref      ] GC(54) Phantom: 661 encountered, 657 discovered, 10 enqueued
[23.187s][info][gc,heap     ] GC(54)                Mark Start          Mark End        Relocate Start      Relocate End           High               Low         
[23.187s][info][gc,heap     ] GC(54)  Capacity:      500M (100%)        500M (100%)        500M (100%)        500M (100%)        500M (100%)        500M (100%)   
[23.187s][info][gc,heap     ] GC(54)   Reserve:       34M (7%)           34M (7%)           34M (7%)           34M (7%)           34M (7%)           34M (7%)     
[23.187s][info][gc,heap     ] GC(54)      Free:      364M (73%)         308M (62%)         338M (68%)         346M (69%)         364M (73%)         306M (61%)    
[23.187s][info][gc,heap     ] GC(54)      Used:      102M (20%)         158M (32%)         128M (26%)         120M (24%)         160M (32%)         102M (20%)    
[23.187s][info][gc,heap     ] GC(54)      Live:         -                30M (6%)           30M (6%)           30M (6%)             -                  -          
[23.187s][info][gc,heap     ] GC(54) Allocated:         -                56M (11%)          58M (12%)          60M (12%)            -                  -          
[23.187s][info][gc,heap     ] GC(54)   Garbage:         -                71M (14%)          39M (8%)           31M (6%)             -                  -          
[23.187s][info][gc,heap     ] GC(54) Reclaimed:         -                  -                32M (6%)           40M (8%)             -                  -          
[23.187s][info][gc          ] GC(54) Garbage Collection (Allocation Rate) 102M(20%)->120M(24%)
[23.214s][info][gc,start    ] GC(55) Garbage Collection (Allocation Rate)
[23.220s][info][gc,phases   ] GC(55) Pause Mark Start 2.633ms
[23.331s][info][gc,phases   ] GC(55) Concurrent Mark 110.582ms
[23.335s][info][gc,phases   ] GC(55) Pause Mark End 0.290ms
[23.337s][info][gc,phases   ] GC(55) Concurrent Process Non-Strong References 1.495ms
[23.337s][info][gc,phases   ] GC(55) Concurrent Reset Relocation Set 0.002ms
[23.337s][info][gc,phases   ] GC(55) Concurrent Destroy Detached Pages 0.000ms
[23.338s][info][gc,phases   ] GC(55) Concurrent Select Relocation Set 1.512ms
[23.338s][info][gc,phases   ] GC(55) Concurrent Prepare Relocation Set 0.021ms
[23.340s][info][gc,phases   ] GC(55) Pause Relocate Start 1.966ms
[23.356s][info][gc,phases   ] GC(55) Concurrent Relocate 15.364ms
[23.356s][info][gc,load     ] GC(55) Load: 2.03/1.02/0.45
[23.356s][info][gc,mmu      ] GC(55) MMU: 2ms/0.0%, 5ms/0.0%, 10ms/0.0%, 20ms/40.4%, 50ms/75.8%, 100ms/85.7%
[23.356s][info][gc,marking  ] GC(55) Mark: 1 stripe(s), 2 proactive flush(es), 1 terminate flush(es), 0 completion(s), 0 continuation(s) 
[23.356s][info][gc,reloc    ] GC(55) Relocation: Successful, 7M relocated
[23.356s][info][gc,nmethod  ] GC(55) NMethods: 2419 registered, 0 unregistered
[23.356s][info][gc,metaspace] GC(55) Metaspace: 68M used, 71M capacity, 72M committed, 72M reserved
[23.356s][info][gc,ref      ] GC(55) Soft: 2589 encountered, 0 discovered, 0 enqueued
[23.356s][info][gc,ref      ] GC(55) Weak: 4455 encountered, 3398 discovered, 20 enqueued
[23.356s][info][gc,ref      ] GC(55) Final: 27 encountered, 0 discovered, 0 enqueued
[23.356s][info][gc,ref      ] GC(55) Phantom: 652 encountered, 648 discovered, 0 enqueued
[23.356s][info][gc,heap     ] GC(55)                Mark Start          Mark End        Relocate Start      Relocate End           High               Low         
[23.356s][info][gc,heap     ] GC(55)  Capacity:      500M (100%)        500M (100%)        500M (100%)        500M (100%)        500M (100%)        500M (100%)   
[23.356s][info][gc,heap     ] GC(55)   Reserve:       34M (7%)           34M (7%)           34M (7%)           34M (7%)           34M (7%)           34M (7%)     
[23.356s][info][gc,heap     ] GC(55)      Free:      340M (68%)         262M (52%)         300M (60%)         316M (63%)         340M (68%)         262M (52%)    
[23.356s][info][gc,heap     ] GC(55)      Used:      126M (25%)         204M (41%)         166M (33%)         150M (30%)         204M (41%)         126M (25%)    
[23.356s][info][gc,heap     ] GC(55)      Live:         -                31M (6%)           31M (6%)           31M (6%)             -                  -          
[23.356s][info][gc,heap     ] GC(55) Allocated:         -                78M (16%)          78M (16%)          88M (18%)            -                  -          
[23.356s][info][gc,heap     ] GC(55)   Garbage:         -                94M (19%)          56M (11%)          34M (7%)             -                  -          
[23.356s][info][gc,heap     ] GC(55) Reclaimed:         -                  -                38M (8%)           60M (12%)            -                  -          
[23.356s][info][gc          ] GC(55) Garbage Collection (Allocation Rate) 126M(25%)->150M(30%)
[23.413s][info][gc,start    ] GC(56) Garbage Collection (Allocation Rate)
[23.420s][info][gc,phases   ] GC(56) Pause Mark Start 2.373ms
[23.565s][info][gc,phases   ] GC(56) Concurrent Mark 145.008ms
[23.568s][info][gc,phases   ] GC(56) Pause Mark End 0.271ms
[23.569s][info][gc,phases   ] GC(56) Concurrent Process Non-Strong References 1.493ms
[23.569s][info][gc,phases   ] GC(56) Concurrent Reset Relocation Set 0.005ms
[23.569s][info][gc,phases   ] GC(56) Concurrent Destroy Detached Pages 0.001ms
[23.571s][info][gc,phases   ] GC(56) Concurrent Select Relocation Set 1.512ms
[23.571s][info][gc,phases   ] GC(56) Concurrent Prepare Relocation Set 0.397ms
[23.573s][info][gc,phases   ] GC(56) Pause Relocate Start 2.069ms
[23.629s][info][gc,phases   ] GC(56) Concurrent Relocate 55.372ms
[23.629s][info][gc,load     ] GC(56) Load: 2.03/1.02/0.45
[23.629s][info][gc,mmu      ] GC(56) MMU: 2ms/0.0%, 5ms/0.0%, 10ms/0.0%, 20ms/40.4%, 50ms/75.8%, 100ms/85.7%
[23.629s][info][gc,marking  ] GC(56) Mark: 1 stripe(s), 2 proactive flush(es), 1 terminate flush(es), 0 completion(s), 0 continuation(s) 
[23.629s][info][gc,reloc    ] GC(56) Relocation: Successful, 12M relocated
[23.629s][info][gc,nmethod  ] GC(56) NMethods: 2422 registered, 0 unregistered
[23.629s][info][gc,metaspace] GC(56) Metaspace: 68M used, 71M capacity, 72M committed, 72M reserved
[23.629s][info][gc,ref      ] GC(56) Soft: 2589 encountered, 0 discovered, 0 enqueued
[23.629s][info][gc,ref      ] GC(56) Weak: 4435 encountered, 3378 discovered, 0 enqueued
[23.629s][info][gc,ref      ] GC(56) Final: 27 encountered, 0 discovered, 0 enqueued
[23.629s][info][gc,ref      ] GC(56) Phantom: 652 encountered, 648 discovered, 0 enqueued
[23.629s][info][gc,heap     ] GC(56)                Mark Start          Mark End        Relocate Start      Relocate End           High               Low         
[23.629s][info][gc,heap     ] GC(56)  Capacity:      500M (100%)        500M (100%)        500M (100%)        500M (100%)        500M (100%)        500M (100%)   
[23.629s][info][gc,heap     ] GC(56)   Reserve:       34M (7%)           34M (7%)           34M (7%)           34M (7%)           34M (7%)           34M (7%)     
[23.629s][info][gc,heap     ] GC(56)      Free:      290M (58%)         196M (39%)         196M (39%)         314M (63%)         320M (64%)         192M (38%)    
[23.629s][info][gc,heap     ] GC(56)      Used:      176M (35%)         270M (54%)         270M (54%)         152M (30%)         274M (55%)         146M (29%)    
[23.629s][info][gc,heap     ] GC(56)      Live:         -                36M (7%)           36M (7%)           36M (7%)             -                  -          
[23.629s][info][gc,heap     ] GC(56) Allocated:         -                94M (19%)          94M (19%)         124M (25%)            -                  -          
[23.629s][info][gc,heap     ] GC(56)   Garbage:         -               139M (28%)         139M (28%)           1M (0%)             -                  -          
[23.629s][info][gc,heap     ] GC(56) Reclaimed:         -                  -                 0M (0%)          138M (28%)            -                  -          
[23.629s][info][gc          ] GC(56) Garbage Collection (Allocation Rate) 176M(35%)->152M(30%)
[23.713s][info][gc,start    ] GC(57) Garbage Collection (Allocation Rate)
[23.718s][info][gc,phases   ] GC(57) Pause Mark Start 2.416ms
[23.902s][info][gc,phases   ] GC(57) Concurrent Mark 184.073ms
[23.910s][info][gc,phases   ] GC(57) Pause Mark End 0.317ms
[23.915s][info][gc,phases   ] GC(57) Concurrent Process Non-Strong References 4.907ms
[23.915s][info][gc,phases   ] GC(57) Concurrent Reset Relocation Set 0.014ms
[23.915s][info][gc,phases   ] GC(57) Concurrent Destroy Detached Pages 0.001ms
[23.916s][info][gc,phases   ] GC(57) Concurrent Select Relocation Set 1.543ms
[23.918s][info][gc,phases   ] GC(57) Concurrent Prepare Relocation Set 1.748ms
[23.925s][info][gc,phases   ] GC(57) Pause Relocate Start 1.970ms
[23.990s][info][gc,phases   ] GC(57) Concurrent Relocate 63.439ms
[23.990s][info][gc,load     ] GC(57) Load: 2.03/1.02/0.45
[23.990s][info][gc,mmu      ] GC(57) MMU: 2ms/0.0%, 5ms/0.0%, 10ms/0.0%, 20ms/40.4%, 50ms/75.8%, 100ms/85.7%
[23.990s][info][gc,marking  ] GC(57) Mark: 1 stripe(s), 2 proactive flush(es), 1 terminate flush(es), 1 completion(s), 0 continuation(s) 
[23.990s][info][gc,reloc    ] GC(57) Relocation: Successful, 15M relocated
[23.990s][info][gc,nmethod  ] GC(57) NMethods: 2423 registered, 0 unregistered
[23.990s][info][gc,metaspace] GC(57) Metaspace: 68M used, 71M capacity, 72M committed, 72M reserved
[23.990s][info][gc,ref      ] GC(57) Soft: 2589 encountered, 0 discovered, 0 enqueued
[23.990s][info][gc,ref      ] GC(57) Weak: 4435 encountered, 3378 discovered, 0 enqueued
[23.990s][info][gc,ref      ] GC(57) Final: 27 encountered, 0 discovered, 0 enqueued
[23.990s][info][gc,ref      ] GC(57) Phantom: 652 encountered, 648 discovered, 0 enqueued
[23.990s][info][gc,heap     ] GC(57)                Mark Start          Mark End        Relocate Start      Relocate End           High               Low         
[23.990s][info][gc,heap     ] GC(57)  Capacity:      500M (100%)        500M (100%)        500M (100%)        500M (100%)        500M (100%)        500M (100%)   
[23.990s][info][gc,heap     ] GC(57)   Reserve:       34M (7%)           34M (7%)           34M (7%)           34M (7%)           34M (7%)           34M (7%)     
[23.990s][info][gc,heap     ] GC(57)      Free:      266M (53%)         158M (32%)         154M (31%)         248M (50%)         266M (53%)         150M (30%)    
[23.990s][info][gc,heap     ] GC(57)      Used:      200M (40%)         308M (62%)         312M (62%)         218M (44%)         316M (63%)         200M (40%)    
[23.990s][info][gc,heap     ] GC(57)      Live:         -                45M (9%)           45M (9%)           45M (9%)             -                  -          
[23.990s][info][gc,heap     ] GC(57) Allocated:         -               108M (22%)         112M (22%)         152M (30%)            -                  -          
[23.990s][info][gc,heap     ] GC(57)   Garbage:         -               154M (31%)         154M (31%)          30M (6%)             -                  -          
[23.990s][info][gc,heap     ] GC(57) Reclaimed:         -                  -                 0M (0%)          124M (25%)            -                  -          
[23.990s][info][gc          ] GC(57) Garbage Collection (Allocation Rate) 200M(40%)->218M(44%)
[24.013s][info][gc,start    ] GC(58) Garbage Collection (Allocation Rate)
[24.018s][info][gc,phases   ] GC(58) Pause Mark Start 2.454ms
[24.251s][info][gc,phases   ] GC(58) Concurrent Mark 232.941ms
[24.252s][info][gc,phases   ] GC(58) Pause Mark End 0.273ms
[24.253s][info][gc,phases   ] GC(58) Concurrent Process Non-Strong References 1.404ms
[24.253s][info][gc,phases   ] GC(58) Concurrent Reset Relocation Set 0.016ms
[24.253s][info][gc,phases   ] GC(58) Concurrent Destroy Detached Pages 0.000ms
[24.255s][info][gc,phases   ] GC(58) Concurrent Select Relocation Set 1.501ms
[24.255s][info][gc,phases   ] GC(58) Concurrent Prepare Relocation Set 0.347ms
[24.257s][info][gc,phases   ] GC(58) Pause Relocate Start 2.054ms
[24.321s][info][gc,phases   ] GC(58) Concurrent Relocate 63.860ms
[24.321s][info][gc,load     ] GC(58) Load: 2.03/1.02/0.45
[24.321s][info][gc,mmu      ] GC(58) MMU: 2ms/0.0%, 5ms/0.0%, 10ms/0.0%, 20ms/40.4%, 50ms/75.8%, 100ms/85.7%
[24.321s][info][gc,marking  ] GC(58) Mark: 1 stripe(s), 2 proactive flush(es), 2 terminate flush(es), 0 completion(s), 0 continuation(s) 
[24.321s][info][gc,reloc    ] GC(58) Relocation: Successful, 16M relocated
[24.321s][info][gc,nmethod  ] GC(58) NMethods: 2428 registered, 0 unregistered
[24.321s][info][gc,metaspace] GC(58) Metaspace: 68M used, 71M capacity, 72M committed, 72M reserved
[24.322s][info][gc,ref      ] GC(58) Soft: 2589 encountered, 0 discovered, 0 enqueued
[24.322s][info][gc,ref      ] GC(58) Weak: 4435 encountered, 3378 discovered, 0 enqueued
[24.322s][info][gc,ref      ] GC(58) Final: 27 encountered, 0 discovered, 0 enqueued
[24.322s][info][gc,ref      ] GC(58) Phantom: 652 encountered, 648 discovered, 0 enqueued
[24.322s][info][gc,heap     ] GC(58)                Mark Start          Mark End        Relocate Start      Relocate End           High               Low         
[24.322s][info][gc,heap     ] GC(58)  Capacity:      500M (100%)        500M (100%)        500M (100%)        500M (100%)        500M (100%)        500M (100%)   
[24.322s][info][gc,heap     ] GC(58)   Reserve:       34M (7%)           34M (7%)           34M (7%)           34M (7%)           34M (7%)           34M (7%)     
[24.322s][info][gc,heap     ] GC(58)      Free:      238M (48%)         138M (28%)         138M (28%)         260M (52%)         260M (52%)          98M (20%)    
[24.322s][info][gc,heap     ] GC(58)      Used:      228M (46%)         328M (66%)         328M (66%)         206M (41%)         368M (74%)         206M (41%)    
[24.322s][info][gc,heap     ] GC(58)      Live:         -                55M (11%)          55M (11%)          55M (11%)            -                  -          
[24.322s][info][gc,heap     ] GC(58) Allocated:         -               100M (20%)         100M (20%)         162M (32%)            -                  -          
[24.322s][info][gc,heap     ] GC(58)   Garbage:         -               172M (35%)         172M (35%)          32M (7%)             -                  -          
[24.322s][info][gc,heap     ] GC(58) Reclaimed:         -                  -                 0M (0%)          140M (28%)            -                  -          
[24.322s][info][gc          ] GC(58) Garbage Collection (Allocation Rate) 228M(46%)->206M(41%)
[24.413s][info][gc,start    ] GC(59) Garbage Collection (Allocation Rate)
[24.418s][info][gc,phases   ] GC(59) Pause Mark Start 2.353ms
[24.524s][info][gc,heap     ] Page Cache Flushed: 2M requested, 32M(64M->32M) flushed
[24.580s][info][gc,heap     ] Page Cache Flushed: 2M requested, 32M(32M->0M) flushed
[24.631s][info][gc,phases   ] GC(59) Concurrent Mark 213.383ms
[24.632s][info][gc,phases   ] GC(59) Pause Mark End 0.268ms
[24.633s][info][gc,phases   ] GC(59) Concurrent Process Non-Strong References 1.319ms
[24.633s][info][gc,phases   ] GC(59) Concurrent Reset Relocation Set 0.014ms
[24.633s][info][gc,phases   ] GC(59) Concurrent Destroy Detached Pages 0.003ms
[24.635s][info][gc,phases   ] GC(59) Concurrent Select Relocation Set 1.601ms
[24.639s][info][gc,phases   ] GC(59) Concurrent Prepare Relocation Set 3.960ms
[24.641s][info][gc,phases   ] GC(59) Pause Relocate Start 1.994ms
[24.642s][info][gc          ] Allocation Stall (Executor task launch worker for task 0.0 in stage 3.0 (TID 3)) 26.237ms
[24.643s][info][gc          ] Allocation Stall (Executor task launch worker for task 0.0 in stage 3.0 (TID 3)) 0.343ms
[24.644s][info][gc          ] Allocation Stall (Executor task launch worker for task 0.0 in stage 3.0 (TID 3)) 0.367ms
[24.645s][info][gc          ] Allocation Stall (Executor task launch worker for task 0.0 in stage 3.0 (TID 3)) 0.423ms
[24.646s][info][gc          ] Allocation Stall (Executor task launch worker for task 0.0 in stage 3.0 (TID 3)) 0.415ms
[24.647s][info][gc          ] Allocation Stall (Executor task launch worker for task 0.0 in stage 3.0 (TID 3)) 0.442ms
[24.651s][info][gc          ] Allocation Stall (Executor task launch worker for task 0.0 in stage 3.0 (TID 3)) 3.013ms
[24.663s][info][gc          ] Allocation Stall (Executor task launch worker for task 0.0 in stage 3.0 (TID 3)) 3.749ms
[24.743s][info][gc,phases   ] GC(59) Concurrent Relocate 102.492ms
[24.744s][info][gc,load     ] GC(59) Load: 2.03/1.02/0.45
[24.744s][info][gc,mmu      ] GC(59) MMU: 2ms/0.0%, 5ms/0.0%, 10ms/0.0%, 20ms/40.4%, 50ms/75.8%, 100ms/85.7%
[24.744s][info][gc,marking  ] GC(59) Mark: 1 stripe(s), 2 proactive flush(es), 1 terminate flush(es), 0 completion(s), 0 continuation(s) 
[24.744s][info][gc,reloc    ] GC(59) Relocation: Successful, 24M relocated
[24.744s][info][gc,nmethod  ] GC(59) NMethods: 2436 registered, 0 unregistered
[24.744s][info][gc,metaspace] GC(59) Metaspace: 68M used, 71M capacity, 72M committed, 72M reserved
[24.744s][info][gc,ref      ] GC(59) Soft: 2589 encountered, 0 discovered, 0 enqueued
[24.744s][info][gc,ref      ] GC(59) Weak: 4435 encountered, 3379 discovered, 0 enqueued
[24.744s][info][gc,ref      ] GC(59) Final: 27 encountered, 0 discovered, 0 enqueued
[24.744s][info][gc,ref      ] GC(59) Phantom: 652 encountered, 648 discovered, 0 enqueued
[24.744s][info][gc,heap     ] GC(59)                Mark Start          Mark End        Relocate Start      Relocate End           High               Low         
[24.744s][info][gc,heap     ] GC(59)  Capacity:      500M (100%)        500M (100%)        500M (100%)        500M (100%)        500M (100%)        500M (100%)   
[24.744s][info][gc,heap     ] GC(59)   Reserve:       34M (7%)           34M (7%)           34M (7%)           34M (7%)           34M (7%)           32M (6%)     
[24.744s][info][gc,heap     ] GC(59)      Free:      158M (32%)           0M (0%)            0M (0%)           54M (11%)         158M (32%)           0M (0%)     
[24.744s][info][gc,heap     ] GC(59)      Used:      308M (62%)         466M (93%)         466M (93%)         412M (82%)         468M (94%)         308M (62%)    
[24.744s][info][gc,heap     ] GC(59)      Live:         -                74M (15%)          74M (15%)          74M (15%)            -                  -          
[24.744s][info][gc,heap     ] GC(59) Allocated:         -               158M (32%)         158M (32%)         326M (65%)            -                  -          
[24.744s][info][gc,heap     ] GC(59)   Garbage:         -               233M (47%)         233M (47%)          33M (7%)             -                  -          
[24.744s][info][gc,heap     ] GC(59) Reclaimed:         -                  -                 0M (0%)          200M (40%)            -                  -          
[24.744s][info][gc          ] GC(59) Garbage Collection (Allocation Rate) 308M(62%)->412M(82%)
[24.744s][info][gc,heap     ] Page Cache Flushed: 10M requested, 10M(54M->44M) flushed
[24.778s][info][gc,start    ] GC(60) Garbage Collection (Allocation Stall)
[24.778s][info][gc,ref      ] GC(60) Clearing All Soft References
[24.781s][info][gc,phases   ] GC(60) Pause Mark Start 3.634ms
[24.911s][info][gc,phases   ] GC(60) Concurrent Mark 129.538ms
[24.911s][info][gc,phases   ] GC(60) Pause Mark End 0.269ms
[24.913s][info][gc,phases   ] GC(60) Concurrent Process Non-Strong References 1.481ms
[24.913s][info][gc,phases   ] GC(60) Concurrent Reset Relocation Set 0.224ms
[24.913s][info][gc,phases   ] GC(60) Concurrent Destroy Detached Pages 0.005ms
[24.915s][info][gc,heap     ] GC(60) Page Cache Flushed: 2M requested, 6M(6M->0M) flushed
[24.915s][info][gc          ] Allocation Stall (Executor task launch worker for task 0.0 in stage 3.0 (TID 3)) 137.573ms
[24.917s][info][gc          ] Allocation Stall (Spark Context Cleaner) 83.797ms
[24.917s][info][gc,phases   ] GC(60) Concurrent Select Relocation Set 3.873ms
[24.921s][info][gc,phases   ] GC(60) Concurrent Prepare Relocation Set 3.827ms
[24.923s][info][gc,phases   ] GC(60) Pause Relocate Start 2.101ms
[24.924s][info][gc          ] Allocation Stall (Executor task launch worker for task 0.0 in stage 3.0 (TID 3)) 6.653ms
[24.930s][info][gc          ] Allocation Stall (Executor task launch worker for task 0.0 in stage 3.0 (TID 3)) 4.578ms
[25.065s][info][gc,phases   ] GC(60) Concurrent Relocate 141.547ms
[25.065s][info][gc,load     ] GC(60) Load: 2.03/1.02/0.45
[25.065s][info][gc,mmu      ] GC(60) MMU: 2ms/0.0%, 5ms/0.0%, 10ms/0.0%, 20ms/40.4%, 50ms/75.8%, 100ms/85.7%
[25.065s][info][gc,marking  ] GC(60) Mark: 1 stripe(s), 2 proactive flush(es), 1 terminate flush(es), 0 completion(s), 0 continuation(s) 
[25.065s][info][gc,reloc    ] GC(60) Relocation: Successful, 35M relocated
[25.065s][info][gc,nmethod  ] GC(60) NMethods: 2437 registered, 0 unregistered
[25.065s][info][gc,metaspace] GC(60) Metaspace: 68M used, 71M capacity, 72M committed, 72M reserved
[25.065s][info][gc,ref      ] GC(60) Soft: 2589 encountered, 986 discovered, 437 enqueued
[25.065s][info][gc,ref      ] GC(60) Weak: 4435 encountered, 3608 discovered, 0 enqueued
[25.065s][info][gc,ref      ] GC(60) Final: 27 encountered, 0 discovered, 0 enqueued
[25.065s][info][gc,ref      ] GC(60) Phantom: 652 encountered, 648 discovered, 0 enqueued
[25.065s][info][gc,heap     ] GC(60)                Mark Start          Mark End        Relocate Start      Relocate End           High               Low         
[25.065s][info][gc,heap     ] GC(60)  Capacity:      500M (100%)        500M (100%)        500M (100%)        500M (100%)        500M (100%)        500M (100%)   
[25.065s][info][gc,heap     ] GC(60)   Reserve:       34M (7%)           34M (7%)           34M (7%)           34M (7%)           34M (7%)           32M (6%)     
[25.065s][info][gc,heap     ] GC(60)      Free:        0M (0%)            0M (0%)            0M (0%)          124M (25%)         136M (27%)           0M (0%)     
[25.065s][info][gc,heap     ] GC(60)      Used:      466M (93%)         466M (93%)         466M (93%)         342M (68%)         468M (94%)         330M (66%)    
[25.065s][info][gc,heap     ] GC(60)      Live:         -               101M (20%)         101M (20%)         101M (20%)            -                  -          
[25.065s][info][gc,heap     ] GC(60) Allocated:         -                 0M (0%)            6M (1%)          236M (47%)            -                  -          
[25.065s][info][gc,heap     ] GC(60)   Garbage:         -               364M (73%)         358M (72%)          34M (7%)             -                  -          
[25.065s][info][gc,heap     ] GC(60) Reclaimed:         -                  -                 6M (1%)          330M (66%)            -                  -          
[25.065s][info][gc          ] GC(60) Garbage Collection (Allocation Stall) 466M(93%)->342M(68%)
[25.109s][info][gc,start    ] GC(61) Garbage Collection (Allocation Stall)
[25.109s][info][gc,ref      ] GC(61) Clearing All Soft References
[25.111s][info][gc,phases   ] GC(61) Pause Mark Start 2.443ms
[25.290s][info][gc,phases   ] GC(61) Concurrent Mark 178.094ms
[25.290s][info][gc,phases   ] GC(61) Pause Mark End 0.311ms
[25.291s][info][gc,phases   ] GC(61) Concurrent Process Non-Strong References 1.388ms
[25.292s][info][gc,phases   ] GC(61) Concurrent Reset Relocation Set 0.302ms
[25.292s][info][gc,phases   ] GC(61) Concurrent Destroy Detached Pages 0.003ms
[25.293s][info][gc,phases   ] GC(61) Concurrent Select Relocation Set 1.568ms
[25.296s][info][gc,phases   ] GC(61) Concurrent Prepare Relocation Set 2.102ms
[25.298s][info][gc,phases   ] GC(61) Pause Relocate Start 2.196ms
[25.299s][info][gc          ] Allocation Stall (Executor task launch worker for task 0.0 in stage 3.0 (TID 3)) 190.252ms
[25.300s][info][gc          ] Allocation Stall (Spark Context Cleaner) 182.550ms
[25.301s][info][gc          ] Allocation Stall (Executor task launch worker for task 0.0 in stage 3.0 (TID 3)) 0.835ms
[25.303s][info][gc          ] Allocation Stall (Executor task launch worker for task 0.0 in stage 3.0 (TID 3)) 0.673ms
[25.304s][info][gc          ] Allocation Stall (Executor task launch worker for task 0.0 in stage 3.0 (TID 3)) 0.375ms
[25.310s][info][gc          ] Allocation Stall (Executor task launch worker for task 0.0 in stage 3.0 (TID 3)) 5.327ms
[25.468s][info][gc,phases   ] GC(61) Concurrent Relocate 169.850ms
[25.468s][info][gc,load     ] GC(61) Load: 2.03/1.02/0.45
[25.468s][info][gc,mmu      ] GC(61) MMU: 2ms/0.0%, 5ms/0.0%, 10ms/0.0%, 20ms/40.4%, 50ms/75.8%, 100ms/85.7%
[25.468s][info][gc,marking  ] GC(61) Mark: 1 stripe(s), 2 proactive flush(es), 1 terminate flush(es), 0 completion(s), 0 continuation(s) 
[25.468s][info][gc,reloc    ] GC(61) Relocation: Successful, 33M relocated
[25.468s][info][gc,nmethod  ] GC(61) NMethods: 2455 registered, 0 unregistered
[25.468s][info][gc,metaspace] GC(61) Metaspace: 68M used, 72M capacity, 72M committed, 74M reserved
[25.468s][info][gc,ref      ] GC(61) Soft: 2152 encountered, 549 discovered, 0 enqueued
[25.468s][info][gc,ref      ] GC(61) Weak: 4435 encountered, 3608 discovered, 0 enqueued
[25.468s][info][gc,ref      ] GC(61) Final: 27 encountered, 0 discovered, 0 enqueued
[25.468s][info][gc,ref      ] GC(61) Phantom: 652 encountered, 648 discovered, 0 enqueued
[25.468s][info][gc,heap     ] GC(61)                Mark Start          Mark End        Relocate Start      Relocate End           High               Low         
[25.468s][info][gc,heap     ] GC(61)  Capacity:      500M (100%)        500M (100%)        500M (100%)        500M (100%)        500M (100%)        500M (100%)   
[25.468s][info][gc,heap     ] GC(61)   Reserve:       34M (7%)           34M (7%)           34M (7%)           34M (7%)           34M (7%)           32M (6%)     
[25.468s][info][gc,heap     ] GC(61)      Free:        0M (0%)            0M (0%)            0M (0%)          148M (30%)         148M (30%)           0M (0%)     
[25.468s][info][gc,heap     ] GC(61)      Used:      466M (93%)         466M (93%)         466M (93%)         318M (64%)         468M (94%)         318M (64%)    
[25.468s][info][gc,heap     ] GC(61)      Live:         -               126M (25%)         126M (25%)         126M (25%)            -                  -          
[25.468s][info][gc,heap     ] GC(61) Allocated:         -                 0M (0%)            0M (0%)          186M (37%)            -                  -          
[25.468s][info][gc,heap     ] GC(61)   Garbage:         -               339M (68%)         339M (68%)          33M (7%)             -                  -          
[25.468s][info][gc,heap     ] GC(61) Reclaimed:         -                  -                 0M (0%)          306M (61%)            -                  -          
[25.468s][info][gc          ] GC(61) Garbage Collection (Allocation Stall) 466M(93%)->318M(64%)
[25.514s][info][gc,start    ] GC(62) Garbage Collection (Allocation Rate)
[25.516s][info][gc,phases   ] GC(62) Pause Mark Start 2.439ms
[25.530s][info][gc,heap     ] Page Cache Flushed: 32M requested, 32M(144M->112M) flushed
[25.644s][info][gc,heap     ] Page Cache Flushed: 6M requested, 6M(104M->98M) flushed
[25.645s][info][gc,phases   ] GC(62) Concurrent Mark 128.234ms
[25.652s][info][gc,phases   ] GC(62) Pause Mark End 0.517ms
[25.654s][info][gc,phases   ] GC(62) Concurrent Process Non-Strong References 1.370ms
[25.654s][info][gc,phases   ] GC(62) Concurrent Reset Relocation Set 0.282ms
[25.654s][info][gc,phases   ] GC(62) Concurrent Destroy Detached Pages 0.017ms
[25.656s][info][gc,phases   ] GC(62) Concurrent Select Relocation Set 1.561ms
[25.656s][info][gc,phases   ] GC(62) Concurrent Prepare Relocation Set 0.015ms
[25.658s][info][gc,phases   ] GC(62) Pause Relocate Start 1.975ms
[25.660s][info][gc,phases   ] GC(62) Concurrent Relocate 0.780ms
[25.660s][info][gc,load     ] GC(62) Load: 2.03/1.02/0.45
[25.660s][info][gc,mmu      ] GC(62) MMU: 2ms/0.0%, 5ms/0.0%, 10ms/0.0%, 20ms/40.4%, 50ms/75.8%, 100ms/85.7%
[25.660s][info][gc,marking  ] GC(62) Mark: 1 stripe(s), 6 proactive flush(es), 1 terminate flush(es), 0 completion(s), 0 continuation(s) 
[25.660s][info][gc,reloc    ] GC(62) Relocation: Successful, 8M relocated
[25.660s][info][gc,nmethod  ] GC(62) NMethods: 2486 registered, 0 unregistered
[25.660s][info][gc,metaspace] GC(62) Metaspace: 68M used, 72M capacity, 72M committed, 74M reserved
[25.660s][info][gc,ref      ] GC(62) Soft: 2293 encountered, 0 discovered, 0 enqueued
[25.660s][info][gc,ref      ] GC(62) Weak: 4429 encountered, 3495 discovered, 54 enqueued
[25.660s][info][gc,ref      ] GC(62) Final: 27 encountered, 0 discovered, 0 enqueued
[25.660s][info][gc,ref      ] GC(62) Phantom: 651 encountered, 647 discovered, 0 enqueued
[25.660s][info][gc,heap     ] GC(62)                Mark Start          Mark End        Relocate Start      Relocate End           High               Low         
[25.660s][info][gc,heap     ] GC(62)  Capacity:      500M (100%)        500M (100%)        500M (100%)        500M (100%)        500M (100%)        500M (100%)   
[25.660s][info][gc,heap     ] GC(62)   Reserve:       34M (7%)           34M (7%)           34M (7%)           34M (7%)           34M (7%)           34M (7%)     
[25.660s][info][gc,heap     ] GC(62)      Free:      144M (29%)          96M (19%)         336M (67%)         356M (71%)         356M (71%)          96M (19%)    
[25.660s][info][gc,heap     ] GC(62)      Used:      322M (64%)         370M (74%)         130M (26%)         110M (22%)         370M (74%)         110M (22%)    
[25.660s][info][gc,heap     ] GC(62)      Live:         -                29M (6%)           29M (6%)           29M (6%)             -                  -          
[25.660s][info][gc,heap     ] GC(62) Allocated:         -                48M (10%)          48M (10%)          50M (10%)            -                  -          
[25.660s][info][gc,heap     ] GC(62)   Garbage:         -               292M (59%)          52M (11%)          32M (7%)             -                  -          
[25.660s][info][gc,heap     ] GC(62) Reclaimed:         -                  -               240M (48%)         260M (52%)            -                  -          
[25.660s][info][gc          ] GC(62) Garbage Collection (Allocation Rate) 322M(64%)->110M(22%)
[25.713s][info][gc,start    ] GC(63) Garbage Collection (Allocation Rate)
[25.718s][info][gc,phases   ] GC(63) Pause Mark Start 2.479ms
[25.775s][info][gc,heap     ] Page Cache Flushed: 32M requested, 32M(308M->276M) flushed
[25.818s][info][gc,phases   ] GC(63) Concurrent Mark 98.984ms
[25.823s][info][gc,phases   ] GC(63) Pause Mark End 0.274ms
[25.828s][info][gc,phases   ] GC(63) Concurrent Process Non-Strong References 4.903ms
[25.828s][info][gc,phases   ] GC(63) Concurrent Reset Relocation Set 0.003ms
[25.828s][info][gc,phases   ] GC(63) Concurrent Destroy Detached Pages 0.012ms
[25.829s][info][gc,phases   ] GC(63) Concurrent Select Relocation Set 1.518ms
[25.829s][info][gc,phases   ] GC(63) Concurrent Prepare Relocation Set 0.068ms
[25.837s][info][gc,phases   ] GC(63) Pause Relocate Start 2.248ms
[25.851s][info][gc,phases   ] GC(63) Concurrent Relocate 14.243ms
[25.851s][info][gc,load     ] GC(63) Load: 2.03/1.02/0.45
[25.851s][info][gc,mmu      ] GC(63) MMU: 2ms/0.0%, 5ms/0.0%, 10ms/0.0%, 20ms/40.4%, 50ms/75.8%, 100ms/85.7%
[25.851s][info][gc,marking  ] GC(63) Mark: 1 stripe(s), 2 proactive flush(es), 1 terminate flush(es), 0 completion(s), 0 continuation(s) 
[25.851s][info][gc,reloc    ] GC(63) Relocation: Successful, 9M relocated
[25.851s][info][gc,nmethod  ] GC(63) NMethods: 2508 registered, 0 unregistered
[25.851s][info][gc,metaspace] GC(63) Metaspace: 68M used, 72M capacity, 72M committed, 74M reserved
[25.851s][info][gc,ref      ] GC(63) Soft: 2532 encountered, 0 discovered, 0 enqueued
[25.851s][info][gc,ref      ] GC(63) Weak: 4458 encountered, 3470 discovered, 23 enqueued
[25.851s][info][gc,ref      ] GC(63) Final: 27 encountered, 0 discovered, 0 enqueued
[25.851s][info][gc,ref      ] GC(63) Phantom: 652 encountered, 648 discovered, 0 enqueued
[25.851s][info][gc,heap     ] GC(63)                Mark Start          Mark End        Relocate Start      Relocate End           High               Low         
[25.851s][info][gc,heap     ] GC(63)  Capacity:      500M (100%)        500M (100%)        500M (100%)        500M (100%)        500M (100%)        500M (100%)   
[25.851s][info][gc,heap     ] GC(63)   Reserve:       34M (7%)           34M (7%)           34M (7%)           34M (7%)           34M (7%)           34M (7%)     
[25.851s][info][gc,heap     ] GC(63)      Free:      348M (70%)         244M (49%)         274M (55%)         276M (55%)         348M (70%)         236M (47%)    
[25.851s][info][gc,heap     ] GC(63)      Used:      118M (24%)         222M (44%)         192M (38%)         190M (38%)         230M (46%)         118M (24%)    
[25.851s][info][gc,heap     ] GC(63)      Live:         -                30M (6%)           30M (6%)           30M (6%)             -                  -          
[25.851s][info][gc,heap     ] GC(63) Allocated:         -               104M (21%)         112M (22%)         132M (26%)            -                  -          
[25.851s][info][gc,heap     ] GC(63)   Garbage:         -                87M (18%)          49M (10%)          31M (6%)             -                  -          
[25.851s][info][gc,heap     ] GC(63) Reclaimed:         -                  -                38M (8%)           56M (11%)            -                  -          
[25.851s][info][gc          ] GC(63) Garbage Collection (Allocation Rate) 118M(24%)->190M(38%)
[25.913s][info][gc,start    ] GC(64) Garbage Collection (Allocation Rate)
[25.918s][info][gc,phases   ] GC(64) Pause Mark Start 2.617ms
[26.095s][info][gc,phases   ] GC(64) Concurrent Mark 176.778ms
[26.100s][info][gc,phases   ] GC(64) Pause Mark End 0.275ms
[26.105s][info][gc,phases   ] GC(64) Concurrent Process Non-Strong References 4.211ms
[26.105s][info][gc,phases   ] GC(64) Concurrent Reset Relocation Set 0.003ms
[26.105s][info][gc,phases   ] GC(64) Concurrent Destroy Detached Pages 0.001ms
[26.106s][info][gc,phases   ] GC(64) Concurrent Select Relocation Set 1.532ms
[26.107s][info][gc,phases   ] GC(64) Concurrent Prepare Relocation Set 1.084ms
[26.112s][info][gc,phases   ] GC(64) Pause Relocate Start 2.057ms
[26.113s][info][gc,heap     ] Page Cache Flushed: 2M requested, 6M(6M->0M) flushed
[26.211s][info][gc,phases   ] GC(64) Concurrent Relocate 97.519ms
[26.211s][info][gc,load     ] GC(64) Load: 2.03/1.02/0.45
[26.211s][info][gc,mmu      ] GC(64) MMU: 2ms/0.0%, 5ms/0.0%, 10ms/0.0%, 20ms/40.4%, 50ms/75.8%, 100ms/85.7%
[26.211s][info][gc,marking  ] GC(64) Mark: 1 stripe(s), 2 proactive flush(es), 1 terminate flush(es), 0 completion(s), 0 continuation(s) 
[26.211s][info][gc,reloc    ] GC(64) Relocation: Successful, 19M relocated
[26.211s][info][gc,nmethod  ] GC(64) NMethods: 2508 registered, 0 unregistered
[26.211s][info][gc,metaspace] GC(64) Metaspace: 68M used, 72M capacity, 72M committed, 74M reserved
[26.211s][info][gc,ref      ] GC(64) Soft: 2532 encountered, 0 discovered, 0 enqueued
[26.211s][info][gc,ref      ] GC(64) Weak: 4435 encountered, 3448 discovered, 0 enqueued
[26.211s][info][gc,ref      ] GC(64) Final: 27 encountered, 0 discovered, 0 enqueued
[26.211s][info][gc,ref      ] GC(64) Phantom: 652 encountered, 648 discovered, 0 enqueued
[26.211s][info][gc,heap     ] GC(64)                Mark Start          Mark End        Relocate Start      Relocate End           High               Low         
[26.211s][info][gc,heap     ] GC(64)  Capacity:      500M (100%)        500M (100%)        500M (100%)        500M (100%)        500M (100%)        500M (100%)   
[26.211s][info][gc,heap     ] GC(64)   Reserve:       34M (7%)           34M (7%)           34M (7%)           34M (7%)           34M (7%)           34M (7%)     
[26.211s][info][gc,heap     ] GC(64)      Free:      198M (40%)          12M (2%)            6M (1%)          144M (29%)         198M (40%)           2M (0%)     
[26.211s][info][gc,heap     ] GC(64)      Used:      268M (54%)         454M (91%)         460M (92%)         322M (64%)         464M (93%)         268M (54%)    
[26.211s][info][gc,heap     ] GC(64)      Live:         -                42M (8%)           42M (8%)           42M (8%)             -                  -          
[26.211s][info][gc,heap     ] GC(64) Allocated:         -               186M (37%)         192M (38%)         294M (59%)            -                  -          
[26.211s][info][gc,heap     ] GC(64)   Garbage:         -               225M (45%)         225M (45%)           1M (0%)             -                  -          
[26.211s][info][gc,heap     ] GC(64) Reclaimed:         -                  -                 0M (0%)          224M (45%)            -                  -          
[26.211s][info][gc          ] GC(64) Garbage Collection (Allocation Rate) 268M(54%)->322M(64%)
[26.213s][info][gc,start    ] GC(65) Garbage Collection (Allocation Rate)
[26.219s][info][gc,phases   ] GC(65) Pause Mark Start 2.762ms
[26.233s][info][gc,heap     ] Page Cache Flushed: 6M requested, 32M(126M->94M) flushed
[26.370s][info][gc,heap     ] Page Cache Flushed: 2M requested, 32M(32M->0M) flushed
[26.424s][info][gc,phases   ] GC(65) Concurrent Mark 204.602ms
[26.424s][info][gc,phases   ] GC(65) Pause Mark End 0.259ms
[26.426s][info][gc,phases   ] GC(65) Concurrent Process Non-Strong References 1.482ms
[26.426s][info][gc,phases   ] GC(65) Concurrent Reset Relocation Set 0.023ms
[26.426s][info][gc,phases   ] GC(65) Concurrent Destroy Detached Pages 0.004ms
[26.427s][info][gc,phases   ] GC(65) Concurrent Select Relocation Set 1.547ms
[26.428s][info][gc,phases   ] GC(65) Concurrent Prepare Relocation Set 1.030ms
[26.431s][info][gc,phases   ] GC(65) Pause Relocate Start 2.062ms
[26.431s][info][gc          ] Allocation Stall (Executor task launch worker for task 0.0 in stage 4.0 (TID 4)) 22.830ms
[26.432s][info][gc          ] Allocation Stall (Executor task launch worker for task 0.0 in stage 4.0 (TID 4)) 0.285ms
[26.433s][info][gc          ] Allocation Stall (Executor task launch worker for task 0.0 in stage 4.0 (TID 4)) 0.327ms
[26.434s][info][gc          ] Allocation Stall (Executor task launch worker for task 0.0 in stage 4.0 (TID 4)) 0.378ms
[26.436s][info][gc          ] Allocation Stall (Executor task launch worker for task 0.0 in stage 4.0 (TID 4)) 0.381ms
[26.439s][info][gc          ] Allocation Stall (Executor task launch worker for task 0.0 in stage 4.0 (TID 4)) 2.702ms
[26.530s][info][gc,phases   ] GC(65) Concurrent Relocate 98.958ms
[26.530s][info][gc,load     ] GC(65) Load: 2.03/1.02/0.45
[26.530s][info][gc,mmu      ] GC(65) MMU: 2ms/0.0%, 5ms/0.0%, 10ms/0.0%, 20ms/40.4%, 50ms/75.8%, 100ms/85.7%
[26.530s][info][gc,marking  ] GC(65) Mark: 1 stripe(s), 2 proactive flush(es), 1 terminate flush(es), 0 completion(s), 0 continuation(s) 
[26.530s][info][gc,reloc    ] GC(65) Relocation: Successful, 26M relocated
[26.530s][info][gc,nmethod  ] GC(65) NMethods: 2511 registered, 0 unregistered
[26.530s][info][gc,metaspace] GC(65) Metaspace: 68M used, 72M capacity, 72M committed, 74M reserved
[26.530s][info][gc,ref      ] GC(65) Soft: 2532 encountered, 0 discovered, 0 enqueued
[26.530s][info][gc,ref      ] GC(65) Weak: 4435 encountered, 3448 discovered, 0 enqueued
[26.530s][info][gc,ref      ] GC(65) Final: 27 encountered, 0 discovered, 0 enqueued
[26.530s][info][gc,ref      ] GC(65) Phantom: 652 encountered, 648 discovered, 0 enqueued
[26.530s][info][gc,heap     ] GC(65)                Mark Start          Mark End        Relocate Start      Relocate End           High               Low         
[26.530s][info][gc,heap     ] GC(65)  Capacity:      500M (100%)        500M (100%)        500M (100%)        500M (100%)        500M (100%)        500M (100%)   
[26.530s][info][gc,heap     ] GC(65)   Reserve:       34M (7%)           34M (7%)           34M (7%)           34M (7%)           34M (7%)           32M (6%)     
[26.530s][info][gc,heap     ] GC(65)      Free:      140M (28%)           0M (0%)            0M (0%)           98M (20%)         140M (28%)           0M (0%)     
[26.530s][info][gc,heap     ] GC(65)      Used:      326M (65%)         466M (93%)         466M (93%)         368M (74%)         468M (94%)         326M (65%)    
[26.530s][info][gc,heap     ] GC(65)      Live:         -                61M (12%)          61M (12%)          61M (12%)            -                  -          
[26.530s][info][gc,heap     ] GC(65) Allocated:         -               140M (28%)         140M (28%)         296M (59%)            -                  -          
[26.530s][info][gc,heap     ] GC(65)   Garbage:         -               264M (53%)         264M (53%)          30M (6%)             -                  -          
[26.530s][info][gc,heap     ] GC(65) Reclaimed:         -                  -                 0M (0%)          234M (47%)            -                  -          
[26.530s][info][gc          ] GC(65) Garbage Collection (Allocation Rate) 326M(65%)->368M(74%)
[26.565s][info][gc,start    ] GC(66) Garbage Collection (Allocation Stall)
[26.566s][info][gc,ref      ] GC(66) Clearing All Soft References
[26.568s][info][gc,phases   ] GC(66) Pause Mark Start 2.560ms
[26.696s][info][gc,phases   ] GC(66) Concurrent Mark 127.577ms
[26.696s][info][gc,phases   ] GC(66) Pause Mark End 0.261ms
[26.698s][info][gc,phases   ] GC(66) Concurrent Process Non-Strong References 1.435ms
[26.698s][info][gc,phases   ] GC(66) Concurrent Reset Relocation Set 0.287ms
[26.698s][info][gc,phases   ] GC(66) Concurrent Destroy Detached Pages 0.000ms
[26.700s][info][gc,phases   ] GC(66) Concurrent Select Relocation Set 1.650ms
[26.702s][info][gc,phases   ] GC(66) Concurrent Prepare Relocation Set 2.567ms
[26.705s][info][gc,phases   ] GC(66) Pause Relocate Start 2.762ms
[26.706s][info][gc          ] Allocation Stall (Executor task launch worker for task 0.0 in stage 4.0 (TID 4)) 140.309ms
[26.707s][info][gc          ] Allocation Stall (Spark Context Cleaner) 110.157ms
[26.708s][info][gc          ] Allocation Stall (Executor task launch worker for task 0.0 in stage 4.0 (TID 4)) 1.404ms
[26.710s][info][gc          ] Allocation Stall (Executor task launch worker for task 0.0 in stage 4.0 (TID 4)) 0.368ms
[26.711s][info][gc          ] Allocation Stall (Executor task launch worker for task 0.0 in stage 4.0 (TID 4)) 0.442ms
[26.712s][info][gc          ] Allocation Stall (Executor task launch worker for task 0.0 in stage 4.0 (TID 4)) 0.370ms
[26.713s][info][gc          ] Allocation Stall (Executor task launch worker for task 0.0 in stage 4.0 (TID 4)) 1.019ms
[26.719s][info][gc          ] Allocation Stall (Executor task launch worker for task 0.0 in stage 4.0 (TID 4)) 3.695ms
[26.731s][info][gc          ] Allocation Stall (Executor task launch worker for task 0.0 in stage 4.0 (TID 4)) 6.139ms
[26.748s][info][gc,heap     ] Page Cache Flushed: 10M requested, 10M(38M->28M) flushed
[26.838s][info][gc,phases   ] GC(66) Concurrent Relocate 133.063ms
[26.838s][info][gc,load     ] GC(66) Load: 1.95/1.01/0.45
[26.838s][info][gc,mmu      ] GC(66) MMU: 2ms/0.0%, 5ms/0.0%, 10ms/0.0%, 20ms/40.4%, 50ms/75.8%, 100ms/85.7%
[26.838s][info][gc,marking  ] GC(66) Mark: 1 stripe(s), 2 proactive flush(es), 1 terminate flush(es), 0 completion(s), 0 continuation(s) 
[26.838s][info][gc,reloc    ] GC(66) Relocation: Incomplete
[26.838s][info][gc,nmethod  ] GC(66) NMethods: 2513 registered, 0 unregistered
[26.838s][info][gc,metaspace] GC(66) Metaspace: 68M used, 72M capacity, 72M committed, 74M reserved
[26.838s][info][gc,ref      ] GC(66) Soft: 2532 encountered, 929 discovered, 380 enqueued
[26.838s][info][gc,ref      ] GC(66) Weak: 4435 encountered, 3616 discovered, 0 enqueued
[26.838s][info][gc,ref      ] GC(66) Final: 27 encountered, 0 discovered, 0 enqueued
[26.838s][info][gc,ref      ] GC(66) Phantom: 652 encountered, 648 discovered, 0 enqueued
[26.838s][info][gc,heap     ] GC(66)                Mark Start          Mark End        Relocate Start      Relocate End           High               Low         
[26.838s][info][gc,heap     ] GC(66)  Capacity:      500M (100%)        500M (100%)        500M (100%)        500M (100%)        500M (100%)        500M (100%)   
[26.838s][info][gc,heap     ] GC(66)   Reserve:       34M (7%)           34M (7%)           34M (7%)           34M (7%)           34M (7%)           32M (6%)     
[26.839s][info][gc,heap     ] GC(66)      Free:        0M (0%)            0M (0%)            0M (0%)          232M (46%)         232M (46%)           0M (0%)     
[26.839s][info][gc,heap     ] GC(66)      Used:      466M (93%)         466M (93%)         466M (93%)         234M (47%)         468M (94%)         234M (47%)    
[26.839s][info][gc,heap     ] GC(66)      Live:         -                90M (18%)          90M (18%)          90M (18%)            -                  -          
[26.839s][info][gc,heap     ] GC(66) Allocated:         -                 0M (0%)            0M (0%)          140M (28%)            -                  -          
[26.839s][info][gc,heap     ] GC(66)   Garbage:         -               375M (75%)         375M (75%)          33M (7%)             -                  -          
[26.839s][info][gc,heap     ] GC(66) Reclaimed:         -                  -                 0M (0%)          342M (68%)            -                  -          
[26.839s][info][gc          ] GC(66) Garbage Collection (Allocation Stall) 466M(93%)->234M(47%)
[26.913s][info][gc,start    ] GC(67) Garbage Collection (Allocation Rate)
[26.918s][info][gc,phases   ] GC(67) Pause Mark Start 2.415ms
[27.062s][info][gc,phases   ] GC(67) Concurrent Mark 144.413ms
[27.063s][info][gc,phases   ] GC(67) Pause Mark End 0.260ms
[27.064s][info][gc,phases   ] GC(67) Concurrent Process Non-Strong References 1.343ms
[27.064s][info][gc,phases   ] GC(67) Concurrent Reset Relocation Set 0.381ms
[27.064s][info][gc,phases   ] GC(67) Concurrent Destroy Detached Pages 0.007ms
[27.066s][info][gc,heap     ] GC(67) Page Cache Flushed: 2M requested, 6M(6M->0M) flushed
[27.066s][info][gc          ] Allocation Stall (Executor task launch worker for task 0.0 in stage 4.0 (TID 4)) 141.438ms
[27.066s][info][gc          ] Allocation Stall (Spark Context Cleaner) 56.657ms
[27.069s][info][gc,phases   ] GC(67) Concurrent Select Relocation Set 4.581ms
[27.071s][info][gc,phases   ] GC(67) Concurrent Prepare Relocation Set 2.243ms
[27.074s][info][gc,phases   ] GC(67) Pause Relocate Start 2.037ms
[27.074s][info][gc          ] Allocation Stall (Executor task launch worker for task 0.0 in stage 4.0 (TID 4)) 4.965ms
[27.075s][info][gc          ] Allocation Stall (Executor task launch worker for task 0.0 in stage 4.0 (TID 4)) 0.382ms
[27.076s][info][gc          ] Allocation Stall (Executor task launch worker for task 0.0 in stage 4.0 (TID 4)) 0.396ms
[27.077s][info][gc          ] Allocation Stall (Executor task launch worker for task 0.0 in stage 4.0 (TID 4)) 0.398ms
[27.078s][info][gc          ] Allocation Stall (Executor task launch worker for task 0.0 in stage 4.0 (TID 4)) 0.407ms
[27.083s][info][gc          ] Allocation Stall (Executor task launch worker for task 0.0 in stage 4.0 (TID 4)) 3.833ms
[27.095s][info][gc          ] Allocation Stall (Executor task launch worker for task 0.0 in stage 4.0 (TID 4)) 6.168ms
[27.202s][info][gc,phases   ] GC(67) Concurrent Relocate 127.909ms
[27.202s][info][gc,load     ] GC(67) Load: 1.95/1.01/0.45
[27.202s][info][gc,mmu      ] GC(67) MMU: 2ms/0.0%, 5ms/0.0%, 10ms/0.0%, 20ms/40.4%, 50ms/75.8%, 100ms/85.7%
[27.202s][info][gc,marking  ] GC(67) Mark: 1 stripe(s), 2 proactive flush(es), 1 terminate flush(es), 0 completion(s), 0 continuation(s) 
[27.202s][info][gc,reloc    ] GC(67) Relocation: Incomplete
[27.202s][info][gc,nmethod  ] GC(67) NMethods: 2513 registered, 0 unregistered
[27.202s][info][gc,metaspace] GC(67) Metaspace: 68M used, 72M capacity, 72M committed, 74M reserved
[27.202s][info][gc,ref      ] GC(67) Soft: 2152 encountered, 0 discovered, 0 enqueued
[27.202s][info][gc,ref      ] GC(67) Weak: 4435 encountered, 3466 discovered, 0 enqueued
[27.202s][info][gc,ref      ] GC(67) Final: 27 encountered, 0 discovered, 0 enqueued
[27.202s][info][gc,ref      ] GC(67) Phantom: 652 encountered, 648 discovered, 0 enqueued
[27.202s][info][gc,heap     ] GC(67)                Mark Start          Mark End        Relocate Start      Relocate End           High               Low         
[27.202s][info][gc,heap     ] GC(67)  Capacity:      500M (100%)        500M (100%)        500M (100%)        500M (100%)        500M (100%)        500M (100%)   
[27.202s][info][gc,heap     ] GC(67)   Reserve:       34M (7%)           34M (7%)           34M (7%)           34M (7%)           34M (7%)           32M (6%)     
[27.202s][info][gc,heap     ] GC(67)      Free:       14M (3%)            0M (0%)            0M (0%)          108M (22%)         112M (22%)           0M (0%)     
[27.202s][info][gc,heap     ] GC(67)      Used:      452M (90%)         466M (93%)         466M (93%)         358M (72%)         468M (94%)         354M (71%)    
[27.202s][info][gc,heap     ] GC(67)      Live:         -               117M (24%)         117M (24%)         117M (24%)            -                  -          
[27.202s][info][gc,heap     ] GC(67) Allocated:         -                14M (3%)           22M (4%)          232M (46%)            -                  -          
[27.202s][info][gc,heap     ] GC(67)   Garbage:         -               334M (67%)         328M (66%)          36M (7%)             -                  -          
[27.202s][info][gc,heap     ] GC(67) Reclaimed:         -                  -                 6M (1%)          298M (60%)            -                  -          
[27.202s][info][gc          ] GC(67) Garbage Collection (Allocation Rate) 452M(90%)->358M(72%)
[27.213s][info][gc,start    ] GC(68) Garbage Collection (Allocation Rate)
[27.218s][info][gc,phases   ] GC(68) Pause Mark Start 2.549ms
[27.638s][info][gc,phases   ] GC(68) Concurrent Mark 419.552ms
[27.638s][info][gc,phases   ] GC(68) Pause Mark End 0.258ms
[27.640s][info][gc,phases   ] GC(68) Concurrent Process Non-Strong References 1.383ms
[27.640s][info][gc,phases   ] GC(68) Concurrent Reset Relocation Set 0.354ms
[27.640s][info][gc,phases   ] GC(68) Concurrent Destroy Detached Pages 0.003ms
[27.642s][info][gc,phases   ] GC(68) Concurrent Select Relocation Set 1.530ms
[27.643s][info][gc,phases   ] GC(68) Concurrent Prepare Relocation Set 1.703ms
[27.646s][info][gc,phases   ] GC(68) Pause Relocate Start 2.094ms
[27.646s][info][gc          ] Allocation Stall (Executor task launch worker for task 0.0 in stage 4.0 (TID 4)) 64.459ms
[27.655s][info][gc          ] Allocation Stall (Executor task launch worker for task 0.0 in stage 4.0 (TID 4)) 6.223ms
[27.662s][info][gc          ] Allocation Stall (Executor task launch worker for task 0.0 in stage 4.0 (TID 4)) 5.877ms
[27.786s][info][gc,phases   ] GC(68) Concurrent Relocate 140.129ms
[27.786s][info][gc,load     ] GC(68) Load: 1.95/1.01/0.45
[27.786s][info][gc,mmu      ] GC(68) MMU: 2ms/0.0%, 5ms/0.0%, 10ms/0.0%, 20ms/40.4%, 50ms/75.8%, 100ms/85.7%
[27.786s][info][gc,marking  ] GC(68) Mark: 1 stripe(s), 2 proactive flush(es), 1 terminate flush(es), 0 completion(s), 0 continuation(s) 
[27.786s][info][gc,reloc    ] GC(68) Relocation: Incomplete
[27.786s][info][gc,nmethod  ] GC(68) NMethods: 2560 registered, 0 unregistered
[27.786s][info][gc,metaspace] GC(68) Metaspace: 68M used, 72M capacity, 72M committed, 74M reserved
[27.786s][info][gc,ref      ] GC(68) Soft: 2152 encountered, 0 discovered, 0 enqueued
[27.786s][info][gc,ref      ] GC(68) Weak: 4435 encountered, 3465 discovered, 0 enqueued
[27.786s][info][gc,ref      ] GC(68) Final: 27 encountered, 0 discovered, 0 enqueued
[27.786s][info][gc,ref      ] GC(68) Phantom: 652 encountered, 648 discovered, 0 enqueued
[27.786s][info][gc,heap     ] GC(68)                Mark Start          Mark End        Relocate Start      Relocate End           High               Low         
[27.786s][info][gc,heap     ] GC(68)  Capacity:      500M (100%)        500M (100%)        500M (100%)        500M (100%)        500M (100%)        500M (100%)   
[27.786s][info][gc,heap     ] GC(68)   Reserve:       34M (7%)           34M (7%)           34M (7%)           34M (7%)           34M (7%)           32M (6%)     
[27.786s][info][gc,heap     ] GC(68)      Free:       84M (17%)           0M (0%)            0M (0%)          152M (30%)         152M (30%)           0M (0%)     
[27.786s][info][gc,heap     ] GC(68)      Used:      382M (76%)         466M (93%)         466M (93%)         314M (63%)         468M (94%)         314M (63%)    
[27.786s][info][gc,heap     ] GC(68)      Live:         -               134M (27%)         134M (27%)         134M (27%)            -                  -          
[27.786s][info][gc,heap     ] GC(68) Allocated:         -                84M (17%)          84M (17%)         164M (33%)            -                  -          
[27.786s][info][gc,heap     ] GC(68)   Garbage:         -               247M (50%)         247M (50%)          35M (7%)             -                  -          
[27.786s][info][gc,heap     ] GC(68) Reclaimed:         -                  -                 0M (0%)          212M (42%)            -                  -          
[27.786s][info][gc          ] GC(68) Garbage Collection (Allocation Rate) 382M(76%)->314M(63%)
[27.813s][info][gc,start    ] GC(69) Garbage Collection (Allocation Rate)
[27.817s][info][gc,phases   ] GC(69) Pause Mark Start 2.422ms
[28.040s][info][gc,phases   ] GC(69) Concurrent Mark 222.405ms
[28.040s][info][gc,phases   ] GC(69) Pause Mark End 0.251ms
[28.042s][info][gc,phases   ] GC(69) Concurrent Process Non-Strong References 1.390ms
[28.042s][info][gc,phases   ] GC(69) Concurrent Reset Relocation Set 0.257ms
[28.042s][info][gc,phases   ] GC(69) Concurrent Destroy Detached Pages 0.000ms
[28.042s][info][gc          ] Allocation Stall (Executor task launch worker for task 0.0 in stage 4.0 (TID 4)) 64.599ms
[28.048s][info][gc,phases   ] GC(69) Concurrent Select Relocation Set 5.465ms
[28.048s][info][gc,phases   ] GC(69) Concurrent Prepare Relocation Set 0.363ms
[28.052s][info][gc,phases   ] GC(69) Pause Relocate Start 2.156ms
[28.076s][info][gc,phases   ] GC(69) Concurrent Relocate 23.667ms
[28.076s][info][gc,load     ] GC(69) Load: 1.95/1.01/0.45
[28.076s][info][gc,mmu      ] GC(69) MMU: 2ms/0.0%, 5ms/0.0%, 10ms/0.0%, 20ms/40.4%, 50ms/75.8%, 100ms/85.7%
[28.076s][info][gc,marking  ] GC(69) Mark: 1 stripe(s), 2 proactive flush(es), 1 terminate flush(es), 0 completion(s), 0 continuation(s) 
[28.076s][info][gc,reloc    ] GC(69) Relocation: Successful, 11M relocated
[28.076s][info][gc,nmethod  ] GC(69) NMethods: 2560 registered, 0 unregistered
[28.076s][info][gc,metaspace] GC(69) Metaspace: 68M used, 72M capacity, 72M committed, 74M reserved
[28.076s][info][gc,ref      ] GC(69) Soft: 2199 encountered, 0 discovered, 0 enqueued
[28.076s][info][gc,ref      ] GC(69) Weak: 4435 encountered, 3465 discovered, 0 enqueued
[28.076s][info][gc,ref      ] GC(69) Final: 27 encountered, 0 discovered, 0 enqueued
[28.076s][info][gc,ref      ] GC(69) Phantom: 652 encountered, 648 discovered, 0 enqueued
[28.076s][info][gc,heap     ] GC(69)                Mark Start          Mark End        Relocate Start      Relocate End           High               Low         
[28.076s][info][gc,heap     ] GC(69)  Capacity:      500M (100%)        500M (100%)        500M (100%)        500M (100%)        500M (100%)        500M (100%)   
[28.076s][info][gc,heap     ] GC(69)   Reserve:       34M (7%)           34M (7%)           34M (7%)           34M (7%)           34M (7%)           34M (7%)     
[28.076s][info][gc,heap     ] GC(69)      Free:      114M (23%)           0M (0%)          126M (25%)         160M (32%)         160M (32%)           0M (0%)     
[28.076s][info][gc,heap     ] GC(69)      Used:      352M (70%)         466M (93%)         340M (68%)         306M (61%)         466M (93%)         306M (61%)    
[28.076s][info][gc,heap     ] GC(69)      Live:         -               137M (28%)         137M (28%)         137M (28%)            -                  -          
[28.076s][info][gc,heap     ] GC(69) Allocated:         -               114M (23%)         120M (24%)         144M (29%)            -                  -          
[28.076s][info][gc,heap     ] GC(69)   Garbage:         -               214M (43%)          82M (16%)          34M (7%)             -                  -          
[28.076s][info][gc,heap     ] GC(69) Reclaimed:         -                  -               132M (26%)         180M (36%)            -                  -          
[28.076s][info][gc          ] GC(69) Garbage Collection (Allocation Rate) 352M(70%)->306M(61%)
[28.113s][info][gc,start    ] GC(70) Garbage Collection (Allocation Rate)
[28.117s][info][gc,phases   ] GC(70) Pause Mark Start 2.397ms
[28.377s][info][gc,phases   ] GC(70) Concurrent Mark 259.754ms
[28.378s][info][gc,phases   ] GC(70) Pause Mark End 0.468ms
[28.380s][info][gc,phases   ] GC(70) Concurrent Process Non-Strong References 1.629ms
[28.380s][info][gc,phases   ] GC(70) Concurrent Reset Relocation Set 0.008ms
[28.380s][info][gc,phases   ] GC(70) Concurrent Destroy Detached Pages 0.000ms
[28.382s][info][gc,phases   ] GC(70) Concurrent Select Relocation Set 1.542ms
[28.382s][info][gc,phases   ] GC(70) Concurrent Prepare Relocation Set 0.016ms
[28.384s][info][gc,phases   ] GC(70) Pause Relocate Start 2.006ms
[28.384s][info][gc          ] Allocation Stall (Executor task launch worker for task 0.0 in stage 4.0 (TID 4)) 102.362ms
[28.391s][info][gc,phases   ] GC(70) Concurrent Relocate 4.966ms
[28.391s][info][gc,load     ] GC(70) Load: 1.95/1.01/0.45
[28.391s][info][gc,mmu      ] GC(70) MMU: 2ms/0.0%, 5ms/0.0%, 10ms/0.0%, 20ms/40.4%, 50ms/75.8%, 100ms/85.7%
[28.391s][info][gc,marking  ] GC(70) Mark: 1 stripe(s), 2 proactive flush(es), 1 terminate flush(es), 0 completion(s), 0 continuation(s) 
[28.391s][info][gc,reloc    ] GC(70) Relocation: Successful, 6M relocated
[28.391s][info][gc,nmethod  ] GC(70) NMethods: 2560 registered, 0 unregistered
[28.391s][info][gc,metaspace] GC(70) Metaspace: 68M used, 72M capacity, 72M committed, 74M reserved
[28.391s][info][gc,ref      ] GC(70) Soft: 2199 encountered, 0 discovered, 0 enqueued
[28.391s][info][gc,ref      ] GC(70) Weak: 4435 encountered, 3465 discovered, 0 enqueued
[28.391s][info][gc,ref      ] GC(70) Final: 27 encountered, 0 discovered, 0 enqueued
[28.391s][info][gc,ref      ] GC(70) Phantom: 652 encountered, 648 discovered, 0 enqueued
[28.391s][info][gc,heap     ] GC(70)                Mark Start          Mark End        Relocate Start      Relocate End           High               Low         
[28.392s][info][gc,heap     ] GC(70)  Capacity:      500M (100%)        500M (100%)        500M (100%)        500M (100%)        500M (100%)        500M (100%)   
[28.392s][info][gc,heap     ] GC(70)   Reserve:       34M (7%)           34M (7%)           34M (7%)           34M (7%)           34M (7%)           34M (7%)     
[28.392s][info][gc,heap     ] GC(70)      Free:      104M (21%)           0M (0%)          180M (36%)         182M (36%)         182M (36%)           0M (0%)     
[28.392s][info][gc,heap     ] GC(70)      Used:      362M (72%)         466M (93%)         286M (57%)         284M (57%)         466M (93%)         284M (57%)    
[28.392s][info][gc,heap     ] GC(70)      Live:         -               137M (28%)         137M (28%)         137M (28%)            -                  -          
[28.392s][info][gc,heap     ] GC(70) Allocated:         -               104M (21%)         106M (21%)         116M (23%)            -                  -          
[28.392s][info][gc,heap     ] GC(70)   Garbage:         -               224M (45%)          42M (8%)           32M (6%)             -                  -          
[28.392s][info][gc,heap     ] GC(70) Reclaimed:         -                  -               182M (36%)         192M (38%)            -                  -          
[28.392s][info][gc          ] GC(70) Garbage Collection (Allocation Rate) 362M(72%)->284M(57%)
[28.413s][info][gc,start    ] GC(71) Garbage Collection (Allocation Rate)
[28.418s][info][gc,phases   ] GC(71) Pause Mark Start 2.535ms
[28.672s][info][gc,phases   ] GC(71) Concurrent Mark 254.315ms
[28.672s][info][gc,phases   ] GC(71) Pause Mark End 0.249ms
[28.674s][info][gc,phases   ] GC(71) Concurrent Process Non-Strong References 1.439ms
[28.674s][info][gc,phases   ] GC(71) Concurrent Reset Relocation Set 0.003ms
[28.674s][info][gc,phases   ] GC(71) Concurrent Destroy Detached Pages 0.000ms
[28.675s][info][gc          ] Allocation Stall (Executor task launch worker for task 0.0 in stage 4.0 (TID 4)) 37.853ms
[28.677s][info][gc,phases   ] GC(71) Concurrent Select Relocation Set 3.061ms
[28.677s][info][gc,phases   ] GC(71) Concurrent Prepare Relocation Set 0.013ms
[28.679s][info][gc,phases   ] GC(71) Pause Relocate Start 2.080ms
[28.684s][info][gc,phases   ] GC(71) Concurrent Relocate 1.074ms
[28.684s][info][gc,load     ] GC(71) Load: 1.95/1.01/0.45
[28.684s][info][gc,mmu      ] GC(71) MMU: 2ms/0.0%, 5ms/0.0%, 10ms/0.0%, 20ms/40.4%, 50ms/75.8%, 100ms/85.7%
[28.684s][info][gc,marking  ] GC(71) Mark: 1 stripe(s), 2 proactive flush(es), 1 terminate flush(es), 0 completion(s), 0 continuation(s) 
[28.684s][info][gc,reloc    ] GC(71) Relocation: Successful, 6M relocated
[28.684s][info][gc,nmethod  ] GC(71) NMethods: 2560 registered, 0 unregistered
[28.684s][info][gc,metaspace] GC(71) Metaspace: 68M used, 72M capacity, 72M committed, 74M reserved
[28.684s][info][gc,ref      ] GC(71) Soft: 2199 encountered, 0 discovered, 0 enqueued
[28.684s][info][gc,ref      ] GC(71) Weak: 4435 encountered, 3465 discovered, 0 enqueued
[28.684s][info][gc,ref      ] GC(71) Final: 27 encountered, 0 discovered, 0 enqueued
[28.684s][info][gc,ref      ] GC(71) Phantom: 652 encountered, 648 discovered, 0 enqueued
[28.684s][info][gc,heap     ] GC(71)                Mark Start          Mark End        Relocate Start      Relocate End           High               Low         
[28.684s][info][gc,heap     ] GC(71)  Capacity:      500M (100%)        500M (100%)        500M (100%)        500M (100%)        500M (100%)        500M (100%)   
[28.684s][info][gc,heap     ] GC(71)   Reserve:       34M (7%)           34M (7%)           34M (7%)           34M (7%)           34M (7%)           34M (7%)     
[28.684s][info][gc,heap     ] GC(71)      Free:      150M (30%)           0M (0%)          136M (27%)         140M (28%)         150M (30%)           0M (0%)     
[28.684s][info][gc,heap     ] GC(71)      Used:      316M (63%)         466M (93%)         330M (66%)         326M (65%)         466M (93%)         316M (63%)    
[28.684s][info][gc,heap     ] GC(71)      Live:         -               137M (28%)         137M (28%)         137M (28%)            -                  -          
[28.684s][info][gc,heap     ] GC(71) Allocated:         -               150M (30%)         152M (30%)         158M (32%)            -                  -          
[28.684s][info][gc,heap     ] GC(71)   Garbage:         -               178M (36%)          40M (8%)           32M (6%)             -                  -          
[28.684s][info][gc,heap     ] GC(71) Reclaimed:         -                  -               138M (28%)         146M (29%)            -                  -          
[28.684s][info][gc          ] GC(71) Garbage Collection (Allocation Rate) 316M(63%)->326M(65%)
[28.713s][info][gc,start    ] GC(72) Garbage Collection (Allocation Rate)
[28.717s][info][gc,phases   ] GC(72) Pause Mark Start 2.468ms
[28.971s][info][gc,phases   ] GC(72) Concurrent Mark 253.356ms
[28.971s][info][gc,phases   ] GC(72) Pause Mark End 0.255ms
[28.975s][info][gc,phases   ] GC(72) Concurrent Process Non-Strong References 1.554ms
[28.975s][info][gc,phases   ] GC(72) Concurrent Reset Relocation Set 0.004ms
[28.975s][info][gc,phases   ] GC(72) Concurrent Destroy Detached Pages 0.001ms
[28.977s][info][gc,phases   ] GC(72) Concurrent Select Relocation Set 1.520ms
[28.977s][info][gc,phases   ] GC(72) Concurrent Prepare Relocation Set 0.014ms
[28.983s][info][gc,phases   ] GC(72) Pause Relocate Start 4.752ms
[28.984s][info][gc          ] Allocation Stall (Executor task launch worker for task 0.0 in stage 4.0 (TID 4)) 129.997ms
[28.998s][info][gc,phases   ] GC(72) Concurrent Relocate 14.395ms
[28.998s][info][gc,load     ] GC(72) Load: 1.95/1.01/0.45
[28.998s][info][gc,mmu      ] GC(72) MMU: 2ms/0.0%, 5ms/0.0%, 10ms/0.0%, 20ms/40.4%, 50ms/75.8%, 100ms/85.7%
[28.998s][info][gc,marking  ] GC(72) Mark: 1 stripe(s), 2 proactive flush(es), 1 terminate flush(es), 0 completion(s), 0 continuation(s) 
[28.998s][info][gc,reloc    ] GC(72) Relocation: Successful, 6M relocated
[28.998s][info][gc,nmethod  ] GC(72) NMethods: 2560 registered, 0 unregistered
[28.998s][info][gc,metaspace] GC(72) Metaspace: 68M used, 72M capacity, 72M committed, 74M reserved
[28.998s][info][gc,ref      ] GC(72) Soft: 2199 encountered, 0 discovered, 0 enqueued
[28.998s][info][gc,ref      ] GC(72) Weak: 4435 encountered, 3465 discovered, 0 enqueued
[28.998s][info][gc,ref      ] GC(72) Final: 27 encountered, 0 discovered, 0 enqueued
[28.998s][info][gc,ref      ] GC(72) Phantom: 652 encountered, 648 discovered, 0 enqueued
[28.998s][info][gc,heap     ] GC(72)                Mark Start          Mark End        Relocate Start      Relocate End           High               Low         
[28.998s][info][gc,heap     ] GC(72)  Capacity:      500M (100%)        500M (100%)        500M (100%)        500M (100%)        500M (100%)        500M (100%)   
[28.998s][info][gc,heap     ] GC(72)   Reserve:       34M (7%)           34M (7%)           34M (7%)           34M (7%)           34M (7%)           34M (7%)     
[28.998s][info][gc,heap     ] GC(72)      Free:       96M (19%)           0M (0%)          190M (38%)         190M (38%)         190M (38%)           0M (0%)     
[28.998s][info][gc,heap     ] GC(72)      Used:      370M (74%)         466M (93%)         276M (55%)         276M (55%)         466M (93%)         276M (55%)    
[28.998s][info][gc,heap     ] GC(72)      Live:         -               137M (28%)         137M (28%)         137M (28%)            -                  -          
[28.998s][info][gc,heap     ] GC(72) Allocated:         -                96M (19%)          98M (20%)         108M (22%)            -                  -          
[28.998s][info][gc,heap     ] GC(72)   Garbage:         -               232M (46%)          40M (8%)           32M (6%)             -                  -          
[28.998s][info][gc,heap     ] GC(72) Reclaimed:         -                  -               192M (38%)         200M (40%)            -                  -          
[28.998s][info][gc          ] GC(72) Garbage Collection (Allocation Rate) 370M(74%)->276M(55%)
[29.017s][info][gc,start    ] GC(73) Garbage Collection (Allocation Rate)
[29.023s][info][gc,phases   ] GC(73) Pause Mark Start 2.523ms
[29.460s][info][gc,phases   ] GC(73) Concurrent Mark 436.526ms
[29.460s][info][gc,phases   ] GC(73) Pause Mark End 0.291ms
[29.462s][info][gc,phases   ] GC(73) Concurrent Process Non-Strong References 1.459ms
[29.462s][info][gc,phases   ] GC(73) Concurrent Reset Relocation Set 0.002ms
[29.462s][info][gc,phases   ] GC(73) Concurrent Destroy Detached Pages 0.000ms
[29.462s][info][gc          ] Allocation Stall (Executor task launch worker for task 0.0 in stage 4.0 (TID 4)) 5.681ms
[29.464s][info][gc,phases   ] GC(73) Concurrent Select Relocation Set 2.540ms
[29.464s][info][gc,phases   ] GC(73) Concurrent Prepare Relocation Set 0.012ms
[29.467s][info][gc,phases   ] GC(73) Pause Relocate Start 2.077ms
[29.472s][info][gc,phases   ] GC(73) Concurrent Relocate 5.003ms
[29.472s][info][gc,load     ] GC(73) Load: 1.95/1.01/0.45
[29.472s][info][gc,mmu      ] GC(73) MMU: 2ms/0.0%, 5ms/0.0%, 10ms/0.0%, 20ms/40.4%, 50ms/75.8%, 100ms/85.7%
[29.472s][info][gc,marking  ] GC(73) Mark: 1 stripe(s), 2 proactive flush(es), 1 terminate flush(es), 0 completion(s), 0 continuation(s) 
[29.472s][info][gc,reloc    ] GC(73) Relocation: Successful, 6M relocated
[29.472s][info][gc,nmethod  ] GC(73) NMethods: 2567 registered, 0 unregistered
[29.472s][info][gc,metaspace] GC(73) Metaspace: 68M used, 72M capacity, 72M committed, 74M reserved
[29.472s][info][gc,ref      ] GC(73) Soft: 2199 encountered, 0 discovered, 0 enqueued
[29.472s][info][gc,ref      ] GC(73) Weak: 4435 encountered, 3487 discovered, 0 enqueued
[29.472s][info][gc,ref      ] GC(73) Final: 27 encountered, 0 discovered, 0 enqueued
[29.472s][info][gc,ref      ] GC(73) Phantom: 652 encountered, 648 discovered, 0 enqueued
[29.472s][info][gc,heap     ] GC(73)                Mark Start          Mark End        Relocate Start      Relocate End           High               Low         
[29.472s][info][gc,heap     ] GC(73)  Capacity:      500M (100%)        500M (100%)        500M (100%)        500M (100%)        500M (100%)        500M (100%)   
[29.472s][info][gc,heap     ] GC(73)   Reserve:       34M (7%)           34M (7%)           34M (7%)           34M (7%)           34M (7%)           34M (7%)     
[29.472s][info][gc,heap     ] GC(73)      Free:      176M (35%)           0M (0%)          110M (22%)         112M (22%)         176M (35%)           0M (0%)     
[29.472s][info][gc,heap     ] GC(73)      Used:      290M (58%)         466M (93%)         356M (71%)         354M (71%)         466M (93%)         290M (58%)    
[29.472s][info][gc,heap     ] GC(73)      Live:         -               137M (28%)         137M (28%)         137M (28%)            -                  -          
[29.472s][info][gc,heap     ] GC(73) Allocated:         -               176M (35%)         178M (36%)         186M (37%)            -                  -          
[29.472s][info][gc,heap     ] GC(73)   Garbage:         -               152M (30%)          40M (8%)           32M (6%)             -                  -          
[29.472s][info][gc,heap     ] GC(73) Reclaimed:         -                  -               112M (22%)         120M (24%)            -                  -          
[29.472s][info][gc          ] GC(73) Garbage Collection (Allocation Rate) 290M(58%)->354M(71%)
[29.513s][info][gc,start    ] GC(74) Garbage Collection (Allocation Rate)
[29.518s][info][gc,phases   ] GC(74) Pause Mark Start 2.417ms
[29.688s][info][gc,phases   ] GC(74) Concurrent Mark 169.899ms
[29.688s][info][gc,phases   ] GC(74) Pause Mark End 0.283ms
[29.690s][info][gc,phases   ] GC(74) Concurrent Process Non-Strong References 1.448ms
[29.690s][info][gc,phases   ] GC(74) Concurrent Reset Relocation Set 0.003ms
[29.690s][info][gc,phases   ] GC(74) Concurrent Destroy Detached Pages 0.000ms
[29.691s][info][gc          ] Allocation Stall (Executor task launch worker for task 0.0 in stage 4.0 (TID 4)) 95.704ms
[29.695s][info][gc          ] Allocation Stall (Spark Context Cleaner) 97.719ms
[29.695s][info][gc,phases   ] GC(74) Concurrent Select Relocation Set 5.597ms
[29.695s][info][gc,phases   ] GC(74) Concurrent Prepare Relocation Set 0.016ms
[29.700s][info][gc,phases   ] GC(74) Pause Relocate Start 2.087ms
[29.708s][info][gc,phases   ] GC(74) Concurrent Relocate 7.869ms
[29.708s][info][gc,load     ] GC(74) Load: 1.95/1.01/0.45
[29.708s][info][gc,mmu      ] GC(74) MMU: 2ms/0.0%, 5ms/0.0%, 10ms/0.0%, 20ms/40.4%, 50ms/75.8%, 100ms/85.7%
[29.708s][info][gc,marking  ] GC(74) Mark: 1 stripe(s), 2 proactive flush(es), 1 terminate flush(es), 0 completion(s), 0 continuation(s) 
[29.708s][info][gc,reloc    ] GC(74) Relocation: Successful, 6M relocated
[29.708s][info][gc,nmethod  ] GC(74) NMethods: 2567 registered, 0 unregistered
[29.708s][info][gc,metaspace] GC(74) Metaspace: 68M used, 72M capacity, 72M committed, 74M reserved
[29.708s][info][gc,ref      ] GC(74) Soft: 2201 encountered, 0 discovered, 0 enqueued
[29.708s][info][gc,ref      ] GC(74) Weak: 4436 encountered, 3468 discovered, 2 enqueued
[29.708s][info][gc,ref      ] GC(74) Final: 27 encountered, 0 discovered, 0 enqueued
[29.708s][info][gc,ref      ] GC(74) Phantom: 652 encountered, 648 discovered, 0 enqueued
[29.708s][info][gc,heap     ] GC(74)                Mark Start          Mark End        Relocate Start      Relocate End           High               Low         
[29.708s][info][gc,heap     ] GC(74)  Capacity:      500M (100%)        500M (100%)        500M (100%)        500M (100%)        500M (100%)        500M (100%)   
[29.708s][info][gc,heap     ] GC(74)   Reserve:       34M (7%)           34M (7%)           34M (7%)           34M (7%)           34M (7%)           34M (7%)     
[29.708s][info][gc,heap     ] GC(74)      Free:       52M (10%)           0M (0%)          224M (45%)         228M (46%)         228M (46%)           0M (0%)     
[29.708s][info][gc,heap     ] GC(74)      Used:      414M (83%)         466M (93%)         242M (48%)         238M (48%)         466M (93%)         238M (48%)    
[29.708s][info][gc,heap     ] GC(74)      Live:         -               137M (28%)         137M (28%)         137M (28%)            -                  -          
[29.708s][info][gc,heap     ] GC(74) Allocated:         -                52M (10%)          60M (12%)          70M (14%)            -                  -          
[29.708s][info][gc,heap     ] GC(74)   Garbage:         -               276M (55%)          44M (9%)           32M (6%)             -                  -          
[29.708s][info][gc,heap     ] GC(74) Reclaimed:         -                  -               232M (46%)         244M (49%)            -                  -          
[29.708s][info][gc          ] GC(74) Garbage Collection (Allocation Rate) 414M(83%)->238M(48%)
[29.713s][info][gc,start    ] GC(75) Garbage Collection (Allocation Rate)
[29.719s][info][gc,phases   ] GC(75) Pause Mark Start 2.847ms
[29.991s][info][gc,phases   ] GC(75) Concurrent Mark 272.272ms
[29.993s][info][gc,phases   ] GC(75) Pause Mark End 0.255ms
[29.995s][info][gc,phases   ] GC(75) Concurrent Process Non-Strong References 1.863ms
[29.995s][info][gc,phases   ] GC(75) Concurrent Reset Relocation Set 0.004ms
[29.995s][info][gc,phases   ] GC(75) Concurrent Destroy Detached Pages 0.001ms
[29.997s][info][gc,phases   ] GC(75) Concurrent Select Relocation Set 1.980ms
[29.997s][info][gc,phases   ] GC(75) Concurrent Prepare Relocation Set 0.013ms
[30.000s][info][gc,phases   ] GC(75) Pause Relocate Start 2.007ms
[30.004s][info][gc,phases   ] GC(75) Concurrent Relocate 4.023ms
[30.004s][info][gc,load     ] GC(75) Load: 1.95/1.01/0.45
[30.004s][info][gc,mmu      ] GC(75) MMU: 2ms/0.0%, 5ms/0.0%, 10ms/0.0%, 20ms/40.4%, 50ms/75.8%, 100ms/85.7%
[30.004s][info][gc,marking  ] GC(75) Mark: 1 stripe(s), 2 proactive flush(es), 1 terminate flush(es), 0 completion(s), 0 continuation(s) 
[30.004s][info][gc,reloc    ] GC(75) Relocation: Successful, 6M relocated
[30.004s][info][gc,nmethod  ] GC(75) NMethods: 2567 registered, 0 unregistered
[30.004s][info][gc,metaspace] GC(75) Metaspace: 68M used, 72M capacity, 72M committed, 74M reserved
[30.004s][info][gc,ref      ] GC(75) Soft: 2201 encountered, 0 discovered, 0 enqueued
[30.004s][info][gc,ref      ] GC(75) Weak: 4434 encountered, 3466 discovered, 0 enqueued
[30.004s][info][gc,ref      ] GC(75) Final: 27 encountered, 0 discovered, 0 enqueued
[30.004s][info][gc,ref      ] GC(75) Phantom: 652 encountered, 648 discovered, 0 enqueued
[30.004s][info][gc,heap     ] GC(75)                Mark Start          Mark End        Relocate Start      Relocate End           High               Low         
[30.004s][info][gc,heap     ] GC(75)  Capacity:      500M (100%)        500M (100%)        500M (100%)        500M (100%)        500M (100%)        500M (100%)   
[30.004s][info][gc,heap     ] GC(75)   Reserve:       34M (7%)           34M (7%)           34M (7%)           34M (7%)           34M (7%)           34M (7%)     
[30.004s][info][gc,heap     ] GC(75)      Free:      218M (44%)          48M (10%)         120M (24%)         122M (24%)         218M (44%)          48M (10%)    
[30.004s][info][gc,heap     ] GC(75)      Used:      248M (50%)         418M (84%)         346M (69%)         344M (69%)         418M (84%)         248M (50%)    
[30.004s][info][gc,heap     ] GC(75)      Live:         -               137M (28%)         137M (28%)         137M (28%)            -                  -          
[30.004s][info][gc,heap     ] GC(75) Allocated:         -               170M (34%)         170M (34%)         176M (35%)            -                  -          
[30.004s][info][gc,heap     ] GC(75)   Garbage:         -               110M (22%)          38M (8%)           32M (6%)             -                  -          
[30.004s][info][gc,heap     ] GC(75) Reclaimed:         -                  -                72M (14%)          78M (16%)            -                  -          
[30.004s][info][gc          ] GC(75) Garbage Collection (Allocation Rate) 248M(50%)->344M(69%)
[30.013s][info][gc,start    ] GC(76) Garbage Collection (Allocation Rate)
[30.018s][info][gc,phases   ] GC(76) Pause Mark Start 2.417ms
[30.113s][info][gc,stats    ] === Garbage Collection Statistics =======================================================================================================================
[30.113s][info][gc,stats    ]                                                              Last 10s              Last 10m              Last 10h                Total
[30.113s][info][gc,stats    ]                                                              Avg / Max             Avg / Max             Avg / Max             Avg / Max
[30.113s][info][gc,stats    ]   Collector: Garbage Collection Cycle                    193.585 / 572.930     235.372 / 786.210     235.372 / 786.210     235.372 / 786.210     ms
[30.113s][info][gc,stats    ]  Contention: Mark Segment Reset Contention                     0 / 0                 0 / 0                 0 / 0                 0 / 0           ops/s
[30.113s][info][gc,stats    ]  Contention: Mark SeqNum Reset Contention                      0 / 0                 0 / 0                 0 / 0                 0 / 0           ops/s
[30.113s][info][gc,stats    ]  Contention: Relocation Contention                             0 / 2                 0 / 2                 0 / 2                 0 / 2           ops/s
[30.113s][info][gc,stats    ]    Critical: Allocation Stall                             37.647 / 190.252      41.031 / 205.538      41.031 / 205.538      41.031 / 205.538     ms
[30.113s][info][gc,stats    ]    Critical: Allocation Stall                                  5 / 24                3 / 24                3 / 24                3 / 24          ops/s
[30.113s][info][gc,stats    ]    Critical: GC Locker Stall                               4.829 / 4.829         2.158 / 4.829         2.158 / 4.829         2.158 / 4.829       ms
[30.113s][info][gc,stats    ]    Critical: GC Locker Stall                                   0 / 1                 0 / 1                 0 / 1                 0 / 1           ops/s
[30.113s][info][gc,stats    ]      Memory: Allocation Rate                                 683 / 1288            418 / 1288            418 / 1288            418 / 1288        MB/s
[30.113s][info][gc,stats    ]      Memory: Heap Used After Mark                            323 / 466             329 / 466             329 / 466             329 / 466         MB
[30.113s][info][gc,stats    ]      Memory: Heap Used After Relocation                      202 / 412             213 / 438             213 / 438             213 / 438         MB
[30.113s][info][gc,stats    ]      Memory: Heap Used Before Mark                           247 / 466             258 / 466             258 / 466             258 / 466         MB
[30.113s][info][gc,stats    ]      Memory: Heap Used Before Relocation                     236 / 466             262 / 466             262 / 466             262 / 466         MB
[30.113s][info][gc,stats    ]      Memory: Out Of Memory                                     0 / 0                 0 / 0                 0 / 0                 0 / 0           ops/s
[30.113s][info][gc,stats    ]      Memory: Page Cache Flush                                 31 / 80               22 / 96               22 / 96               22 / 96          MB/s
[30.113s][info][gc,stats    ]      Memory: Page Cache Hit L1                               332 / 653             197 / 653             197 / 653             197 / 653         ops/s
[30.113s][info][gc,stats    ]      Memory: Page Cache Hit L2                                 0 / 0                 0 / 0                 0 / 0                 0 / 0           ops/s
[30.113s][info][gc,stats    ]      Memory: Page Cache Miss                                   8 / 37               12 / 154              12 / 154              12 / 154         ops/s
[30.113s][info][gc,stats    ]      Memory: Undo Object Allocation Failed                     0 / 0                 0 / 0                 0 / 0                 0 / 0           ops/s
[30.113s][info][gc,stats    ]      Memory: Undo Object Allocation Succeeded                  0 / 2                 0 / 2                 0 / 2                 0 / 2           ops/s
[30.113s][info][gc,stats    ]      Memory: Undo Page Allocation                              0 / 2                 0 / 4                 0 / 4                 0 / 4           ops/s
[30.113s][info][gc,stats    ]       Phase: Concurrent Destroy Detached Pages             0.002 / 0.033         0.003 / 0.033         0.003 / 0.033         0.003 / 0.033       ms
[30.113s][info][gc,stats    ]       Phase: Concurrent Mark                             144.870 / 436.526     167.410 / 582.256     167.410 / 582.256     167.410 / 582.256     ms
[30.113s][info][gc,stats    ]       Phase: Concurrent Mark Continue                      0.000 / 0.000         0.000 / 0.000         0.000 / 0.000         0.000 / 0.000       ms
[30.113s][info][gc,stats    ]       Phase: Concurrent Prepare Relocation Set             0.505 / 3.960         1.018 / 11.639        1.018 / 11.639        1.018 / 11.639      ms
[30.113s][info][gc,stats    ]       Phase: Concurrent Process Non-Strong References      1.887 / 7.066         1.690 / 7.066         1.690 / 7.066         1.690 / 7.066       ms
[30.113s][info][gc,stats    ]       Phase: Concurrent Relocate                          33.130 / 169.850      52.170 / 371.224      52.170 / 371.224      52.170 / 371.224     ms
[30.113s][info][gc,stats    ]       Phase: Concurrent Reset Relocation Set               0.051 / 0.381         0.083 / 0.580         0.083 / 0.580         0.083 / 0.580       ms
[30.113s][info][gc,stats    ]       Phase: Concurrent Select Relocation Set              2.202 / 10.573        2.175 / 10.573        2.175 / 10.573        2.175 / 10.573      ms
[30.113s][info][gc,stats    ]       Phase: Pause Mark End                                0.275 / 0.715         0.268 / 0.715         0.268 / 0.715         0.268 / 0.715       ms
[30.113s][info][gc,stats    ]       Phase: Pause Mark Start                              2.429 / 3.634         2.284 / 4.801         2.284 / 4.801         2.284 / 4.801       ms
[30.113s][info][gc,stats    ]       Phase: Pause Relocate Start                          2.516 / 11.915        2.219 / 11.915        2.219 / 11.915        2.219 / 11.915      ms
[30.113s][info][gc,stats    ]    Subphase: Concurrent Mark                             143.802 / 436.503     165.926 / 582.233     165.926 / 582.233     165.926 / 582.233     ms
[30.113s][info][gc,stats    ]    Subphase: Concurrent Mark Idle                          0.000 / 0.000         0.000 / 0.000         0.000 / 0.000         0.000 / 0.000       ms
[30.113s][info][gc,stats    ]    Subphase: Concurrent Mark Try Flush                     1.632 / 12.645        1.713 / 20.193        1.713 / 20.193        1.713 / 20.193      ms
[30.113s][info][gc,stats    ]    Subphase: Concurrent Mark Try Terminate                 0.527 / 5.143         0.629 / 9.762         0.629 / 9.762         0.629 / 9.762       ms
[30.113s][info][gc,stats    ]    Subphase: Concurrent References Enqueue                 0.001 / 0.004         0.001 / 0.004         0.001 / 0.004         0.001 / 0.004       ms
[30.113s][info][gc,stats    ]    Subphase: Concurrent References Process                 0.883 / 4.081         0.784 / 4.081         0.784 / 4.081         0.784 / 4.081       ms
[30.113s][info][gc,stats    ]    Subphase: Concurrent Weak Roots                         0.868 / 1.862         0.823 / 1.862         0.823 / 1.862         0.823 / 1.862       ms
[30.113s][info][gc,stats    ]    Subphase: Concurrent Weak Roots JNIWeakHandles          0.000 / 0.001         0.000 / 0.001         0.000 / 0.001         0.000 / 0.001       ms
[30.113s][info][gc,stats    ]    Subphase: Concurrent Weak Roots StringTable             0.628 / 1.420         0.608 / 1.420         0.608 / 1.420         0.608 / 1.420       ms
[30.113s][info][gc,stats    ]    Subphase: Concurrent Weak Roots VMWeakHandles           0.238 / 0.437         0.213 / 0.437         0.213 / 0.437         0.213 / 0.437       ms
[30.113s][info][gc,stats    ]    Subphase: Pause Mark Try Complete                       0.002 / 0.002         0.001 / 0.002         0.001 / 0.002         0.001 / 0.002       ms
[30.113s][info][gc,stats    ]    Subphase: Pause Remap TLABS                             0.001 / 0.002         0.001 / 0.003         0.001 / 0.003         0.001 / 0.003       ms
[30.113s][info][gc,stats    ]    Subphase: Pause Retire TLABS                            0.013 / 0.047         0.012 / 0.047         0.012 / 0.047         0.012 / 0.047       ms
[30.113s][info][gc,stats    ]    Subphase: Pause Roots                                   1.477 / 11.639        1.357 / 11.639        1.357 / 11.639        1.357 / 11.639      ms
[30.113s][info][gc,stats    ]    Subphase: Pause Roots ClassLoaderDataGraph              0.671 / 1.920         0.627 / 1.920         0.627 / 1.920         0.627 / 1.920       ms
[30.113s][info][gc,stats    ]    Subphase: Pause Roots CodeCache                         1.130 / 10.972        0.969 / 10.972        0.969 / 10.972        0.969 / 10.972      ms
[30.113s][info][gc,stats    ]    Subphase: Pause Roots JNIHandles                        0.002 / 0.072         0.002 / 0.072         0.002 / 0.072         0.002 / 0.072       ms
[30.113s][info][gc,stats    ]    Subphase: Pause Roots JNIWeakHandles                    0.000 / 0.000         0.000 / 0.000         0.000 / 0.000         0.000 / 0.000       ms
[30.113s][info][gc,stats    ]    Subphase: Pause Roots JRFWeak                           0.000 / 0.000         0.000 / 0.000         0.000 / 0.000         0.000 / 0.000       ms
[30.113s][info][gc,stats    ]    Subphase: Pause Roots JVMTIExport                       0.001 / 0.001         0.000 / 0.001         0.000 / 0.001         0.000 / 0.001       ms
[30.113s][info][gc,stats    ]    Subphase: Pause Roots JVMTIWeakExport                   0.001 / 0.001         0.002 / 0.068         0.002 / 0.068         0.002 / 0.068       ms
[30.113s][info][gc,stats    ]    Subphase: Pause Roots Management                        0.001 / 0.003         0.004 / 0.371         0.004 / 0.371         0.004 / 0.371       ms
[30.113s][info][gc,stats    ]    Subphase: Pause Roots ObjectSynchronizer                0.000 / 0.001         0.000 / 0.001         0.000 / 0.001         0.000 / 0.001       ms
[30.113s][info][gc,stats    ]    Subphase: Pause Roots Setup                             0.187 / 0.482         0.169 / 0.482         0.169 / 0.482         0.169 / 0.482       ms
[30.113s][info][gc,stats    ]    Subphase: Pause Roots StringTable                       0.000 / 0.000         0.000 / 0.000         0.000 / 0.000         0.000 / 0.000       ms
[30.113s][info][gc,stats    ]    Subphase: Pause Roots SystemDictionary                  0.012 / 0.056         0.014 / 0.337         0.014 / 0.337         0.014 / 0.337       ms
[30.113s][info][gc,stats    ]    Subphase: Pause Roots Teardown                          0.001 / 0.004         0.001 / 0.004         0.001 / 0.004         0.001 / 0.004       ms
[30.113s][info][gc,stats    ]    Subphase: Pause Roots Threads                           0.262 / 0.690         0.273 / 2.860         0.273 / 2.860         0.273 / 2.860       ms
[30.113s][info][gc,stats    ]    Subphase: Pause Roots Universe                          0.002 / 0.034         0.002 / 0.034         0.002 / 0.034         0.002 / 0.034       ms
[30.113s][info][gc,stats    ]    Subphase: Pause Roots VMWeakHandles                     0.000 / 0.000         0.000 / 0.000         0.000 / 0.000         0.000 / 0.000       ms
[30.113s][info][gc,stats    ]    Subphase: Pause Weak Roots                              0.002 / 0.002         0.002 / 0.007         0.002 / 0.007         0.002 / 0.007       ms
[30.113s][info][gc,stats    ]    Subphase: Pause Weak Roots JFRWeak                      0.001 / 0.001         0.001 / 0.001         0.001 / 0.001         0.001 / 0.001       ms
[30.113s][info][gc,stats    ]    Subphase: Pause Weak Roots JNIWeakHandles               0.000 / 0.000         0.000 / 0.000         0.000 / 0.000         0.000 / 0.000       ms
[30.113s][info][gc,stats    ]    Subphase: Pause Weak Roots JVMTIWeakExport              0.001 / 0.001         0.001 / 0.006         0.001 / 0.006         0.001 / 0.006       ms
[30.113s][info][gc,stats    ]    Subphase: Pause Weak Roots Setup                        0.000 / 0.000         0.000 / 0.000         0.000 / 0.000         0.000 / 0.000       ms
[30.113s][info][gc,stats    ]    Subphase: Pause Weak Roots StringTable                  0.000 / 0.000         0.000 / 0.000         0.000 / 0.000         0.000 / 0.000       ms
[30.113s][info][gc,stats    ]    Subphase: Pause Weak Roots SymbolTable                  0.000 / 0.000         0.000 / 0.000         0.000 / 0.000         0.000 / 0.000       ms
[30.113s][info][gc,stats    ]    Subphase: Pause Weak Roots Teardown                     0.001 / 0.001         0.001 / 0.001         0.001 / 0.001         0.001 / 0.001       ms
[30.113s][info][gc,stats    ]    Subphase: Pause Weak Roots VMWeakHandles                0.000 / 0.000         0.000 / 0.000         0.000 / 0.000         0.000 / 0.000       ms
[30.113s][info][gc,stats    ]      System: Java Threads                                     64 / 77               57 / 77               57 / 77               57 / 77          threads
[30.113s][info][gc,stats    ] =========================================================================================================================================================
[30.241s][info][gc,phases   ] GC(76) Concurrent Mark 222.762ms
[30.241s][info][gc,phases   ] GC(76) Pause Mark End 0.256ms
[30.243s][info][gc,phases   ] GC(76) Concurrent Process Non-Strong References 1.433ms
[30.243s][info][gc,phases   ] GC(76) Concurrent Reset Relocation Set 0.002ms
[30.243s][info][gc,phases   ] GC(76) Concurrent Destroy Detached Pages 0.000ms
[30.243s][info][gc          ] Allocation Stall (Executor task launch worker for task 0.0 in stage 4.0 (TID 4)) 70.416ms
[30.250s][info][gc,phases   ] GC(76) Concurrent Select Relocation Set 7.086ms
[30.250s][info][gc,phases   ] GC(76) Concurrent Prepare Relocation Set 0.019ms
[30.254s][info][gc,phases   ] GC(76) Pause Relocate Start 2.074ms
[30.260s][info][gc,phases   ] GC(76) Concurrent Relocate 5.490ms
[30.260s][info][gc,load     ] GC(76) Load: 1.95/1.01/0.45
[30.260s][info][gc,mmu      ] GC(76) MMU: 2ms/0.0%, 5ms/0.0%, 10ms/0.0%, 20ms/40.4%, 50ms/75.8%, 100ms/85.7%
[30.260s][info][gc,marking  ] GC(76) Mark: 1 stripe(s), 2 proactive flush(es), 1 terminate flush(es), 0 completion(s), 0 continuation(s) 
[30.260s][info][gc,reloc    ] GC(76) Relocation: Successful, 6M relocated
[30.260s][info][gc,nmethod  ] GC(76) NMethods: 2567 registered, 0 unregistered
[30.260s][info][gc,metaspace] GC(76) Metaspace: 68M used, 72M capacity, 72M committed, 74M reserved
[30.260s][info][gc,ref      ] GC(76) Soft: 2201 encountered, 0 discovered, 0 enqueued
[30.260s][info][gc,ref      ] GC(76) Weak: 4434 encountered, 3466 discovered, 0 enqueued
[30.260s][info][gc,ref      ] GC(76) Final: 27 encountered, 0 discovered, 0 enqueued
[30.260s][info][gc,ref      ] GC(76) Phantom: 652 encountered, 648 discovered, 0 enqueued
[30.260s][info][gc,heap     ] GC(76)                Mark Start          Mark End        Relocate Start      Relocate End           High               Low         
[30.260s][info][gc,heap     ] GC(76)  Capacity:      500M (100%)        500M (100%)        500M (100%)        500M (100%)        500M (100%)        500M (100%)   
[30.260s][info][gc,heap     ] GC(76)   Reserve:       34M (7%)           34M (7%)           34M (7%)           34M (7%)           34M (7%)           34M (7%)     
[30.260s][info][gc,heap     ] GC(76)      Free:      108M (22%)           0M (0%)          176M (35%)         174M (35%)         180M (36%)           0M (0%)     
[30.260s][info][gc,heap     ] GC(76)      Used:      358M (72%)         466M (93%)         290M (58%)         292M (58%)         466M (93%)         286M (57%)    
[30.260s][info][gc,heap     ] GC(76)      Live:         -               137M (28%)         137M (28%)         137M (28%)            -                  -          
[30.260s][info][gc,heap     ] GC(76) Allocated:         -               108M (22%)         114M (23%)         124M (25%)            -                  -          
[30.260s][info][gc,heap     ] GC(76)   Garbage:         -               220M (44%)          38M (8%)           34M (7%)             -                  -          
[30.260s][info][gc,heap     ] GC(76) Reclaimed:         -                  -               182M (36%)         186M (37%)            -                  -          
[30.260s][info][gc          ] GC(76) Garbage Collection (Allocation Rate) 358M(72%)->292M(58%)
[30.313s][info][gc,start    ] GC(77) Garbage Collection (Allocation Rate)
[30.316s][info][gc,phases   ] GC(77) Pause Mark Start 2.443ms
[30.380s][info][gc,phases   ] GC(77) Concurrent Mark 63.757ms
[30.382s][info][gc,phases   ] GC(77) Pause Mark End 0.249ms
[30.384s][info][gc,phases   ] GC(77) Concurrent Process Non-Strong References 1.510ms
[30.384s][info][gc,phases   ] GC(77) Concurrent Reset Relocation Set 0.002ms
[30.384s][info][gc,phases   ] GC(77) Concurrent Destroy Detached Pages 0.000ms
[30.385s][info][gc,phases   ] GC(77) Concurrent Select Relocation Set 1.556ms
[30.385s][info][gc,phases   ] GC(77) Concurrent Prepare Relocation Set 0.026ms
[30.388s][info][gc,phases   ] GC(77) Pause Relocate Start 2.131ms
[30.396s][info][gc,phases   ] GC(77) Concurrent Relocate 8.124ms
[30.396s][info][gc,load     ] GC(77) Load: 1.95/1.01/0.45
[30.396s][info][gc,mmu      ] GC(77) MMU: 2ms/0.0%, 5ms/0.0%, 10ms/0.0%, 20ms/40.4%, 50ms/75.8%, 100ms/85.7%
[30.396s][info][gc,marking  ] GC(77) Mark: 1 stripe(s), 2 proactive flush(es), 1 terminate flush(es), 0 completion(s), 0 continuation(s) 
[30.396s][info][gc,reloc    ] GC(77) Relocation: Successful, 8M relocated
[30.396s][info][gc,nmethod  ] GC(77) NMethods: 2571 registered, 0 unregistered
[30.396s][info][gc,metaspace] GC(77) Metaspace: 68M used, 72M capacity, 72M committed, 74M reserved
[30.396s][info][gc,ref      ] GC(77) Soft: 2201 encountered, 0 discovered, 0 enqueued
[30.396s][info][gc,ref      ] GC(77) Weak: 4434 encountered, 3466 discovered, 0 enqueued
[30.396s][info][gc,ref      ] GC(77) Final: 27 encountered, 0 discovered, 0 enqueued
[30.396s][info][gc,ref      ] GC(77) Phantom: 652 encountered, 648 discovered, 0 enqueued
[30.396s][info][gc,heap     ] GC(77)                Mark Start          Mark End        Relocate Start      Relocate End           High               Low         
[30.396s][info][gc,heap     ] GC(77)  Capacity:      500M (100%)        500M (100%)        500M (100%)        500M (100%)        500M (100%)        500M (100%)   
[30.396s][info][gc,heap     ] GC(77)   Reserve:       34M (7%)           34M (7%)           34M (7%)           34M (7%)           34M (7%)           34M (7%)     
[30.396s][info][gc,heap     ] GC(77)      Free:       98M (20%)          36M (7%)          324M (65%)         328M (66%)         328M (66%)          36M (7%)     
[30.396s][info][gc,heap     ] GC(77)      Used:      368M (74%)         430M (86%)         142M (28%)         138M (28%)         430M (86%)         138M (28%)    
[30.396s][info][gc,heap     ] GC(77)      Live:         -                29M (6%)           29M (6%)           29M (6%)             -                  -          
[30.396s][info][gc,heap     ] GC(77) Allocated:         -                62M (12%)          62M (12%)          78M (16%)            -                  -          
[30.396s][info][gc,heap     ] GC(77)   Garbage:         -               338M (68%)          50M (10%)          32M (7%)             -                  -          
[30.396s][info][gc,heap     ] GC(77) Reclaimed:         -                  -               288M (58%)         306M (61%)            -                  -          
[30.396s][info][gc          ] GC(77) Garbage Collection (Allocation Rate) 368M(74%)->138M(28%)
[30.413s][info][gc,start    ] GC(78) Garbage Collection (Allocation Rate)
[30.418s][info][gc,phases   ] GC(78) Pause Mark Start 2.428ms
[30.480s][info][gc,phases   ] GC(78) Concurrent Mark 62.701ms
[30.483s][info][gc,phases   ] GC(78) Pause Mark End 0.248ms
[30.484s][info][gc,phases   ] GC(78) Concurrent Process Non-Strong References 1.531ms
[30.484s][info][gc,phases   ] GC(78) Concurrent Reset Relocation Set 0.003ms
[30.484s][info][gc,phases   ] GC(78) Concurrent Destroy Detached Pages 0.001ms
[30.486s][info][gc,phases   ] GC(78) Concurrent Select Relocation Set 1.501ms
[30.486s][info][gc,phases   ] GC(78) Concurrent Prepare Relocation Set 0.013ms
[30.488s][info][gc,phases   ] GC(78) Pause Relocate Start 2.039ms
[30.496s][info][gc,phases   ] GC(78) Concurrent Relocate 7.976ms
[30.496s][info][gc,load     ] GC(78) Load: 1.95/1.01/0.45
[30.496s][info][gc,mmu      ] GC(78) MMU: 2ms/0.0%, 5ms/0.0%, 10ms/0.0%, 20ms/40.4%, 50ms/75.8%, 100ms/85.7%
[30.496s][info][gc,marking  ] GC(78) Mark: 1 stripe(s), 2 proactive flush(es), 1 terminate flush(es), 0 completion(s), 0 continuation(s) 
[30.496s][info][gc,reloc    ] GC(78) Relocation: Successful, 8M relocated
[30.496s][info][gc,nmethod  ] GC(78) NMethods: 2571 registered, 0 unregistered
[30.496s][info][gc,metaspace] GC(78) Metaspace: 68M used, 72M capacity, 72M committed, 74M reserved
[30.496s][info][gc,ref      ] GC(78) Soft: 2201 encountered, 0 discovered, 0 enqueued
[30.496s][info][gc,ref      ] GC(78) Weak: 4434 encountered, 3466 discovered, 0 enqueued
[30.496s][info][gc,ref      ] GC(78) Final: 27 encountered, 0 discovered, 0 enqueued
[30.496s][info][gc,ref      ] GC(78) Phantom: 652 encountered, 648 discovered, 0 enqueued
[30.496s][info][gc,heap     ] GC(78)                Mark Start          Mark End        Relocate Start      Relocate End           High               Low         
[30.496s][info][gc,heap     ] GC(78)  Capacity:      500M (100%)        500M (100%)        500M (100%)        500M (100%)        500M (100%)        500M (100%)   
[30.496s][info][gc,heap     ] GC(78)   Reserve:       34M (7%)           34M (7%)           34M (7%)           34M (7%)           34M (7%)           34M (7%)     
[30.496s][info][gc,heap     ] GC(78)      Free:      296M (59%)         230M (46%)         330M (66%)         326M (65%)         330M (66%)         230M (46%)    
[30.496s][info][gc,heap     ] GC(78)      Used:      170M (34%)         236M (47%)         136M (27%)         140M (28%)         236M (47%)         136M (27%)    
[30.496s][info][gc,heap     ] GC(78)      Live:         -                29M (6%)           29M (6%)           29M (6%)             -                  -          
[30.496s][info][gc,heap     ] GC(78) Allocated:         -                66M (13%)          66M (13%)          80M (16%)            -                  -          
[30.496s][info][gc,heap     ] GC(78)   Garbage:         -               140M (28%)          40M (8%)           34M (7%)             -                  -          
[30.496s][info][gc,heap     ] GC(78) Reclaimed:         -                  -               100M (20%)         106M (21%)            -                  -          
[30.496s][info][gc          ] GC(78) Garbage Collection (Allocation Rate) 170M(34%)->140M(28%)
[30.513s][info][gc,start    ] GC(79) Garbage Collection (Allocation Rate)
[30.517s][info][gc,phases   ] GC(79) Pause Mark Start 2.419ms
[30.576s][info][gc,phases   ] GC(79) Concurrent Mark 58.739ms
[30.579s][info][gc,phases   ] GC(79) Pause Mark End 0.252ms
[30.580s][info][gc,phases   ] GC(79) Concurrent Process Non-Strong References 1.490ms
[30.580s][info][gc,phases   ] GC(79) Concurrent Reset Relocation Set 0.003ms
[30.580s][info][gc,phases   ] GC(79) Concurrent Destroy Detached Pages 0.001ms
[30.582s][info][gc,phases   ] GC(79) Concurrent Select Relocation Set 1.679ms
[30.582s][info][gc,phases   ] GC(79) Concurrent Prepare Relocation Set 0.013ms
[30.584s][info][gc,phases   ] GC(79) Pause Relocate Start 2.013ms
[30.592s][info][gc,phases   ] GC(79) Concurrent Relocate 7.802ms
[30.592s][info][gc,load     ] GC(79) Load: 1.95/1.01/0.45
[30.592s][info][gc,mmu      ] GC(79) MMU: 2ms/0.0%, 5ms/0.0%, 10ms/0.0%, 20ms/40.4%, 50ms/75.8%, 100ms/85.7%
[30.592s][info][gc,marking  ] GC(79) Mark: 1 stripe(s), 2 proactive flush(es), 1 terminate flush(es), 0 completion(s), 0 continuation(s) 
[30.592s][info][gc,reloc    ] GC(79) Relocation: Successful, 8M relocated
[30.592s][info][gc,nmethod  ] GC(79) NMethods: 2571 registered, 0 unregistered
[30.592s][info][gc,metaspace] GC(79) Metaspace: 68M used, 72M capacity, 72M committed, 74M reserved
[30.592s][info][gc,ref      ] GC(79) Soft: 2201 encountered, 0 discovered, 0 enqueued
[30.592s][info][gc,ref      ] GC(79) Weak: 4434 encountered, 3466 discovered, 0 enqueued
[30.592s][info][gc,ref      ] GC(79) Final: 27 encountered, 0 discovered, 0 enqueued
[30.592s][info][gc,ref      ] GC(79) Phantom: 652 encountered, 648 discovered, 0 enqueued
[30.592s][info][gc,heap     ] GC(79)                Mark Start          Mark End        Relocate Start      Relocate End           High               Low         
[30.592s][info][gc,heap     ] GC(79)  Capacity:      500M (100%)        500M (100%)        500M (100%)        500M (100%)        500M (100%)        500M (100%)   
[30.592s][info][gc,heap     ] GC(79)   Reserve:       34M (7%)           34M (7%)           34M (7%)           34M (7%)           34M (7%)           34M (7%)     
[30.592s][info][gc,heap     ] GC(79)      Free:      294M (59%)         234M (47%)         334M (67%)         332M (66%)         334M (67%)         234M (47%)    
[30.592s][info][gc,heap     ] GC(79)      Used:      172M (34%)         232M (46%)         132M (26%)         134M (27%)         232M (46%)         132M (26%)    
[30.592s][info][gc,heap     ] GC(79)      Live:         -                29M (6%)           29M (6%)           29M (6%)             -                  -          
[30.592s][info][gc,heap     ] GC(79) Allocated:         -                60M (12%)          60M (12%)          74M (15%)            -                  -          
[30.592s][info][gc,heap     ] GC(79)   Garbage:         -               142M (29%)          42M (9%)           32M (7%)             -                  -          
[30.592s][info][gc,heap     ] GC(79) Reclaimed:         -                  -               100M (20%)         110M (22%)            -                  -          
[30.592s][info][gc          ] GC(79) Garbage Collection (Allocation Rate) 172M(34%)->134M(27%)
[30.613s][info][gc,start    ] GC(80) Garbage Collection (Allocation Rate)
[30.618s][info][gc,phases   ] GC(80) Pause Mark Start 2.430ms
[30.681s][info][gc,phases   ] GC(80) Concurrent Mark 62.492ms
[30.683s][info][gc,phases   ] GC(80) Pause Mark End 0.250ms
[30.685s][info][gc,phases   ] GC(80) Concurrent Process Non-Strong References 1.514ms
[30.685s][info][gc,phases   ] GC(80) Concurrent Reset Relocation Set 0.003ms
[30.685s][info][gc,phases   ] GC(80) Concurrent Destroy Detached Pages 0.000ms
[30.686s][info][gc,phases   ] GC(80) Concurrent Select Relocation Set 1.510ms
[30.686s][info][gc,phases   ] GC(80) Concurrent Prepare Relocation Set 0.011ms
[30.688s][info][gc,phases   ] GC(80) Pause Relocate Start 2.043ms
[30.696s][info][gc,phases   ] GC(80) Concurrent Relocate 7.041ms
[30.696s][info][gc,load     ] GC(80) Load: 1.95/1.01/0.45
[30.696s][info][gc,mmu      ] GC(80) MMU: 2ms/0.0%, 5ms/0.0%, 10ms/0.0%, 20ms/40.4%, 50ms/75.8%, 100ms/85.7%
[30.696s][info][gc,marking  ] GC(80) Mark: 1 stripe(s), 2 proactive flush(es), 1 terminate flush(es), 0 completion(s), 0 continuation(s) 
[30.696s][info][gc,reloc    ] GC(80) Relocation: Successful, 8M relocated
[30.696s][info][gc,nmethod  ] GC(80) NMethods: 2571 registered, 0 unregistered
[30.696s][info][gc,metaspace] GC(80) Metaspace: 68M used, 72M capacity, 72M committed, 74M reserved
[30.696s][info][gc,ref      ] GC(80) Soft: 2201 encountered, 0 discovered, 0 enqueued
[30.696s][info][gc,ref      ] GC(80) Weak: 4434 encountered, 3466 discovered, 0 enqueued
[30.696s][info][gc,ref      ] GC(80) Final: 27 encountered, 0 discovered, 0 enqueued
[30.696s][info][gc,ref      ] GC(80) Phantom: 652 encountered, 648 discovered, 0 enqueued
[30.696s][info][gc,heap     ] GC(80)                Mark Start          Mark End        Relocate Start      Relocate End           High               Low         
[30.696s][info][gc,heap     ] GC(80)  Capacity:      500M (100%)        500M (100%)        500M (100%)        500M (100%)        500M (100%)        500M (100%)   
[30.696s][info][gc,heap     ] GC(80)   Reserve:       34M (7%)           34M (7%)           34M (7%)           34M (7%)           34M (7%)           34M (7%)     
[30.696s][info][gc,heap     ] GC(80)      Free:      290M (58%)         228M (46%)         336M (67%)         330M (66%)         336M (67%)         228M (46%)    
[30.696s][info][gc,heap     ] GC(80)      Used:      176M (35%)         238M (48%)         130M (26%)         136M (27%)         238M (48%)         130M (26%)    
[30.696s][info][gc,heap     ] GC(80)      Live:         -                29M (6%)           29M (6%)           29M (6%)             -                  -          
[30.696s][info][gc,heap     ] GC(80) Allocated:         -                62M (12%)          62M (12%)          76M (15%)            -                  -          
[30.696s][info][gc,heap     ] GC(80)   Garbage:         -               146M (29%)          38M (8%)           36M (7%)             -                  -          
[30.696s][info][gc,heap     ] GC(80) Reclaimed:         -                  -               108M (22%)         110M (22%)            -                  -          
[30.696s][info][gc          ] GC(80) Garbage Collection (Allocation Rate) 176M(35%)->136M(27%)
[30.713s][info][gc,start    ] GC(81) Garbage Collection (Allocation Rate)
[30.721s][info][gc,phases   ] GC(81) Pause Mark Start 3.504ms
[30.787s][info][gc,phases   ] GC(81) Concurrent Mark 66.586ms
[30.790s][info][gc,phases   ] GC(81) Pause Mark End 0.249ms
[30.791s][info][gc,phases   ] GC(81) Concurrent Process Non-Strong References 1.536ms
[30.791s][info][gc,phases   ] GC(81) Concurrent Reset Relocation Set 0.002ms
[30.791s][info][gc,phases   ] GC(81) Concurrent Destroy Detached Pages 0.001ms
[30.793s][info][gc,phases   ] GC(81) Concurrent Select Relocation Set 1.601ms
[30.793s][info][gc,phases   ] GC(81) Concurrent Prepare Relocation Set 0.013ms
[30.795s][info][gc,phases   ] GC(81) Pause Relocate Start 2.068ms
[30.800s][info][gc,phases   ] GC(81) Concurrent Relocate 5.095ms
[30.800s][info][gc,load     ] GC(81) Load: 1.95/1.01/0.45
[30.800s][info][gc,mmu      ] GC(81) MMU: 2ms/0.0%, 5ms/0.0%, 10ms/0.0%, 20ms/40.4%, 50ms/75.8%, 100ms/85.7%
[30.800s][info][gc,marking  ] GC(81) Mark: 1 stripe(s), 2 proactive flush(es), 1 terminate flush(es), 0 completion(s), 0 continuation(s) 
[30.800s][info][gc,reloc    ] GC(81) Relocation: Successful, 8M relocated
[30.800s][info][gc,nmethod  ] GC(81) NMethods: 2571 registered, 0 unregistered
[30.800s][info][gc,metaspace] GC(81) Metaspace: 68M used, 72M capacity, 72M committed, 74M reserved
[30.800s][info][gc,ref      ] GC(81) Soft: 2201 encountered, 0 discovered, 0 enqueued
[30.800s][info][gc,ref      ] GC(81) Weak: 4434 encountered, 3466 discovered, 0 enqueued
[30.800s][info][gc,ref      ] GC(81) Final: 27 encountered, 0 discovered, 0 enqueued
[30.800s][info][gc,ref      ] GC(81) Phantom: 652 encountered, 648 discovered, 0 enqueued
[30.800s][info][gc,heap     ] GC(81)                Mark Start          Mark End        Relocate Start      Relocate End           High               Low         
[30.800s][info][gc,heap     ] GC(81)  Capacity:      500M (100%)        500M (100%)        500M (100%)        500M (100%)        500M (100%)        500M (100%)   
[30.800s][info][gc,heap     ] GC(81)   Reserve:       34M (7%)           34M (7%)           34M (7%)           34M (7%)           34M (7%)           34M (7%)     
[30.800s][info][gc,heap     ] GC(81)      Free:      298M (60%)         236M (47%)         334M (67%)         334M (67%)         334M (67%)         236M (47%)    
[30.800s][info][gc,heap     ] GC(81)      Used:      168M (34%)         230M (46%)         132M (26%)         132M (26%)         230M (46%)         132M (26%)    
[30.800s][info][gc,heap     ] GC(81)      Live:         -                29M (6%)           29M (6%)           29M (6%)             -                  -          
[30.801s][info][gc,heap     ] GC(81) Allocated:         -                62M (12%)          62M (12%)          72M (14%)            -                  -          
[30.801s][info][gc,heap     ] GC(81)   Garbage:         -               138M (28%)          40M (8%)           34M (7%)             -                  -          
[30.801s][info][gc,heap     ] GC(81) Reclaimed:         -                  -                98M (20%)         104M (21%)            -                  -          
[30.801s][info][gc          ] GC(81) Garbage Collection (Allocation Rate) 168M(34%)->132M(26%)
[30.813s][info][gc,start    ] GC(82) Garbage Collection (Allocation Rate)
[30.817s][info][gc,phases   ] GC(82) Pause Mark Start 2.455ms
[30.915s][info][gc,phases   ] GC(82) Concurrent Mark 97.762ms
[30.918s][info][gc,phases   ] GC(82) Pause Mark End 0.727ms
[30.922s][info][gc,phases   ] GC(82) Concurrent Process Non-Strong References 3.432ms
[30.922s][info][gc,phases   ] GC(82) Concurrent Reset Relocation Set 0.005ms
[30.922s][info][gc,phases   ] GC(82) Concurrent Destroy Detached Pages 0.001ms
[30.924s][info][gc,phases   ] GC(82) Concurrent Select Relocation Set 1.661ms
[30.924s][info][gc,phases   ] GC(82) Concurrent Prepare Relocation Set 0.012ms
[30.926s][info][gc,phases   ] GC(82) Pause Relocate Start 1.988ms
[30.932s][info][gc,phases   ] GC(82) Concurrent Relocate 1.088ms
[30.932s][info][gc,load     ] GC(82) Load: 1.95/1.01/0.45
[30.932s][info][gc,mmu      ] GC(82) MMU: 2ms/0.0%, 5ms/0.0%, 10ms/0.0%, 20ms/40.4%, 50ms/75.8%, 100ms/85.7%
[30.932s][info][gc,marking  ] GC(82) Mark: 1 stripe(s), 2 proactive flush(es), 1 terminate flush(es), 0 completion(s), 0 continuation(s) 
[30.932s][info][gc,reloc    ] GC(82) Relocation: Successful, 8M relocated
[30.932s][info][gc,nmethod  ] GC(82) NMethods: 2571 registered, 0 unregistered
[30.932s][info][gc,metaspace] GC(82) Metaspace: 68M used, 72M capacity, 72M committed, 74M reserved
[30.932s][info][gc,ref      ] GC(82) Soft: 2201 encountered, 0 discovered, 0 enqueued
[30.932s][info][gc,ref      ] GC(82) Weak: 4434 encountered, 3466 discovered, 0 enqueued
[30.932s][info][gc,ref      ] GC(82) Final: 27 encountered, 0 discovered, 0 enqueued
[30.932s][info][gc,ref      ] GC(82) Phantom: 652 encountered, 648 discovered, 0 enqueued
[30.932s][info][gc,heap     ] GC(82)                Mark Start          Mark End        Relocate Start      Relocate End           High               Low         
[30.932s][info][gc,heap     ] GC(82)  Capacity:      500M (100%)        500M (100%)        500M (100%)        500M (100%)        500M (100%)        500M (100%)   
[30.932s][info][gc,heap     ] GC(82)   Reserve:       34M (7%)           34M (7%)           34M (7%)           34M (7%)           34M (7%)           34M (7%)     
[30.932s][info][gc,heap     ] GC(82)      Free:      312M (62%)         258M (52%)         340M (68%)         340M (68%)         340M (68%)         258M (52%)    
[30.932s][info][gc,heap     ] GC(82)      Used:      154M (31%)         208M (42%)         126M (25%)         126M (25%)         208M (42%)         126M (25%)    
[30.932s][info][gc,heap     ] GC(82)      Live:         -                29M (6%)           29M (6%)           29M (6%)             -                  -          
[30.932s][info][gc,heap     ] GC(82) Allocated:         -                54M (11%)          54M (11%)          66M (13%)            -                  -          
[30.932s][info][gc,heap     ] GC(82)   Garbage:         -               124M (25%)          42M (9%)           34M (7%)             -                  -          
[30.932s][info][gc,heap     ] GC(82) Reclaimed:         -                  -                82M (16%)          90M (18%)            -                  -          
[30.932s][info][gc          ] GC(82) Garbage Collection (Allocation Rate) 154M(31%)->126M(25%)
[31.013s][info][gc,start    ] GC(83) Garbage Collection (Allocation Rate)
[31.018s][info][gc,phases   ] GC(83) Pause Mark Start 2.414ms
[31.077s][info][gc,phases   ] GC(83) Concurrent Mark 58.725ms
[31.079s][info][gc,phases   ] GC(83) Pause Mark End 0.251ms
[31.080s][info][gc,phases   ] GC(83) Concurrent Process Non-Strong References 1.473ms
[31.080s][info][gc,phases   ] GC(83) Concurrent Reset Relocation Set 0.002ms
[31.080s][info][gc,phases   ] GC(83) Concurrent Destroy Detached Pages 0.000ms
[31.082s][info][gc,phases   ] GC(83) Concurrent Select Relocation Set 1.508ms
[31.082s][info][gc,phases   ] GC(83) Concurrent Prepare Relocation Set 0.011ms
[31.084s][info][gc,phases   ] GC(83) Pause Relocate Start 2.034ms
[31.091s][info][gc,phases   ] GC(83) Concurrent Relocate 7.087ms
[31.091s][info][gc,load     ] GC(83) Load: 1.95/1.01/0.45
[31.091s][info][gc,mmu      ] GC(83) MMU: 2ms/0.0%, 5ms/0.0%, 10ms/0.0%, 20ms/40.4%, 50ms/75.8%, 100ms/85.7%
[31.091s][info][gc,marking  ] GC(83) Mark: 1 stripe(s), 2 proactive flush(es), 1 terminate flush(es), 0 completion(s), 0 continuation(s) 
[31.091s][info][gc,reloc    ] GC(83) Relocation: Successful, 8M relocated
[31.091s][info][gc,nmethod  ] GC(83) NMethods: 2571 registered, 0 unregistered
[31.091s][info][gc,metaspace] GC(83) Metaspace: 68M used, 72M capacity, 72M committed, 74M reserved
[31.091s][info][gc,ref      ] GC(83) Soft: 2201 encountered, 0 discovered, 0 enqueued
[31.091s][info][gc,ref      ] GC(83) Weak: 4434 encountered, 3466 discovered, 0 enqueued
[31.091s][info][gc,ref      ] GC(83) Final: 27 encountered, 0 discovered, 0 enqueued
[31.091s][info][gc,ref      ] GC(83) Phantom: 652 encountered, 648 discovered, 0 enqueued
[31.091s][info][gc,heap     ] GC(83)                Mark Start          Mark End        Relocate Start      Relocate End           High               Low         
[31.091s][info][gc,heap     ] GC(83)  Capacity:      500M (100%)        500M (100%)        500M (100%)        500M (100%)        500M (100%)        500M (100%)   
[31.091s][info][gc,heap     ] GC(83)   Reserve:       34M (7%)           34M (7%)           34M (7%)           34M (7%)           34M (7%)           34M (7%)     
[31.091s][info][gc,heap     ] GC(83)      Free:      178M (36%)         118M (24%)         336M (67%)         332M (66%)         336M (67%)         118M (24%)    
[31.091s][info][gc,heap     ] GC(83)      Used:      288M (58%)         348M (70%)         130M (26%)         134M (27%)         348M (70%)         130M (26%)    
[31.091s][info][gc,heap     ] GC(83)      Live:         -                29M (6%)           29M (6%)           29M (6%)             -                  -          
[31.091s][info][gc,heap     ] GC(83) Allocated:         -                60M (12%)          60M (12%)          74M (15%)            -                  -          
[31.091s][info][gc,heap     ] GC(83)   Garbage:         -               258M (52%)          40M (8%)           32M (7%)             -                  -          
[31.091s][info][gc,heap     ] GC(83) Reclaimed:         -                  -               218M (44%)         226M (45%)            -                  -          
[31.091s][info][gc          ] GC(83) Garbage Collection (Allocation Rate) 288M(58%)->134M(27%)
[31.114s][info][gc,start    ] GC(84) Garbage Collection (Allocation Rate)
[31.118s][info][gc,phases   ] GC(84) Pause Mark Start 2.410ms
[31.176s][info][gc,phases   ] GC(84) Concurrent Mark 57.771ms
[31.179s][info][gc,phases   ] GC(84) Pause Mark End 0.248ms
[31.180s][info][gc,phases   ] GC(84) Concurrent Process Non-Strong References 1.501ms
[31.180s][info][gc,phases   ] GC(84) Concurrent Reset Relocation Set 0.003ms
[31.180s][info][gc,phases   ] GC(84) Concurrent Destroy Detached Pages 0.001ms
[31.182s][info][gc,phases   ] GC(84) Concurrent Select Relocation Set 1.503ms
[31.182s][info][gc,phases   ] GC(84) Concurrent Prepare Relocation Set 0.012ms
[31.184s][info][gc,phases   ] GC(84) Pause Relocate Start 2.016ms
[31.188s][info][gc,phases   ] GC(84) Concurrent Relocate 4.138ms
[31.188s][info][gc,load     ] GC(84) Load: 1.95/1.01/0.45
[31.188s][info][gc,mmu      ] GC(84) MMU: 2ms/0.0%, 5ms/0.0%, 10ms/0.0%, 20ms/40.4%, 50ms/75.8%, 100ms/85.7%
[31.188s][info][gc,marking  ] GC(84) Mark: 1 stripe(s), 2 proactive flush(es), 1 terminate flush(es), 0 completion(s), 0 continuation(s) 
[31.188s][info][gc,reloc    ] GC(84) Relocation: Successful, 8M relocated
[31.188s][info][gc,nmethod  ] GC(84) NMethods: 2571 registered, 0 unregistered
[31.188s][info][gc,metaspace] GC(84) Metaspace: 68M used, 72M capacity, 72M committed, 74M reserved
[31.188s][info][gc,ref      ] GC(84) Soft: 2201 encountered, 0 discovered, 0 enqueued
[31.188s][info][gc,ref      ] GC(84) Weak: 4434 encountered, 3466 discovered, 0 enqueued
[31.188s][info][gc,ref      ] GC(84) Final: 27 encountered, 0 discovered, 0 enqueued
[31.188s][info][gc,ref      ] GC(84) Phantom: 652 encountered, 648 discovered, 0 enqueued
[31.188s][info][gc,heap     ] GC(84)                Mark Start          Mark End        Relocate Start      Relocate End           High               Low         
[31.188s][info][gc,heap     ] GC(84)  Capacity:      500M (100%)        500M (100%)        500M (100%)        500M (100%)        500M (100%)        500M (100%)   
[31.188s][info][gc,heap     ] GC(84)   Reserve:       34M (7%)           34M (7%)           34M (7%)           34M (7%)           34M (7%)           34M (7%)     
[31.188s][info][gc,heap     ] GC(84)      Free:      288M (58%)         230M (46%)         340M (68%)         340M (68%)         340M (68%)         230M (46%)    
[31.188s][info][gc,heap     ] GC(84)      Used:      178M (36%)         236M (47%)         126M (25%)         126M (25%)         236M (47%)         126M (25%)    
[31.188s][info][gc,heap     ] GC(84)      Live:         -                29M (6%)           29M (6%)           29M (6%)             -                  -          
[31.188s][info][gc,heap     ] GC(84) Allocated:         -                58M (12%)          58M (12%)          66M (13%)            -                  -          
[31.188s][info][gc,heap     ] GC(84)   Garbage:         -               148M (30%)          38M (8%)           32M (7%)             -                  -          
[31.188s][info][gc,heap     ] GC(84) Reclaimed:         -                  -               110M (22%)         116M (23%)            -                  -          
[31.188s][info][gc          ] GC(84) Garbage Collection (Allocation Rate) 178M(36%)->126M(25%)
[31.213s][info][gc,start    ] GC(85) Garbage Collection (Allocation Rate)
[31.219s][info][gc,phases   ] GC(85) Pause Mark Start 2.605ms
[31.282s][info][gc,phases   ] GC(85) Concurrent Mark 63.038ms
[31.284s][info][gc,phases   ] GC(85) Pause Mark End 0.249ms
[31.286s][info][gc,phases   ] GC(85) Concurrent Process Non-Strong References 1.487ms
[31.286s][info][gc,phases   ] GC(85) Concurrent Reset Relocation Set 0.003ms
[31.286s][info][gc,phases   ] GC(85) Concurrent Destroy Detached Pages 0.001ms
[31.287s][info][gc,phases   ] GC(85) Concurrent Select Relocation Set 1.548ms
[31.287s][info][gc,phases   ] GC(85) Concurrent Prepare Relocation Set 0.013ms
[31.289s][info][gc,phases   ] GC(85) Pause Relocate Start 1.984ms
[31.295s][info][gc,phases   ] GC(85) Concurrent Relocate 5.072ms
[31.295s][info][gc,load     ] GC(85) Load: 1.95/1.01/0.45
[31.295s][info][gc,mmu      ] GC(85) MMU: 2ms/0.0%, 5ms/0.0%, 10ms/0.0%, 20ms/40.4%, 50ms/75.8%, 100ms/85.7%
[31.295s][info][gc,marking  ] GC(85) Mark: 1 stripe(s), 2 proactive flush(es), 1 terminate flush(es), 0 completion(s), 0 continuation(s) 
[31.295s][info][gc,reloc    ] GC(85) Relocation: Successful, 8M relocated
[31.295s][info][gc,nmethod  ] GC(85) NMethods: 2571 registered, 0 unregistered
[31.295s][info][gc,metaspace] GC(85) Metaspace: 68M used, 72M capacity, 72M committed, 74M reserved
[31.295s][info][gc,ref      ] GC(85) Soft: 2201 encountered, 0 discovered, 0 enqueued
[31.295s][info][gc,ref      ] GC(85) Weak: 4434 encountered, 3466 discovered, 0 enqueued
[31.295s][info][gc,ref      ] GC(85) Final: 27 encountered, 0 discovered, 0 enqueued
[31.295s][info][gc,ref      ] GC(85) Phantom: 652 encountered, 648 discovered, 0 enqueued
[31.295s][info][gc,heap     ] GC(85)                Mark Start          Mark End        Relocate Start      Relocate End           High               Low         
[31.295s][info][gc,heap     ] GC(85)  Capacity:      500M (100%)        500M (100%)        500M (100%)        500M (100%)        500M (100%)        500M (100%)   
[31.295s][info][gc,heap     ] GC(85)   Reserve:       34M (7%)           34M (7%)           34M (7%)           34M (7%)           34M (7%)           34M (7%)     
[31.295s][info][gc,heap     ] GC(85)      Free:      296M (59%)         230M (46%)         328M (66%)         330M (66%)         330M (66%)         230M (46%)    
[31.295s][info][gc,heap     ] GC(85)      Used:      170M (34%)         236M (47%)         138M (28%)         136M (27%)         236M (47%)         136M (27%)    
[31.295s][info][gc,heap     ] GC(85)      Live:         -                29M (6%)           29M (6%)           29M (6%)             -                  -          
[31.295s][info][gc,heap     ] GC(85) Allocated:         -                66M (13%)          66M (13%)          76M (15%)            -                  -          
[31.295s][info][gc,heap     ] GC(85)   Garbage:         -               140M (28%)          42M (9%)           34M (7%)             -                  -          
[31.295s][info][gc,heap     ] GC(85) Reclaimed:         -                  -                98M (20%)         106M (21%)            -                  -          
[31.295s][info][gc          ] GC(85) Garbage Collection (Allocation Rate) 170M(34%)->136M(27%)
[31.313s][info][gc,start    ] GC(86) Garbage Collection (Allocation Rate)
[31.318s][info][gc,phases   ] GC(86) Pause Mark Start 2.428ms
[31.377s][info][gc,phases   ] GC(86) Concurrent Mark 59.781ms
[31.380s][info][gc,phases   ] GC(86) Pause Mark End 0.251ms
[31.381s][info][gc,phases   ] GC(86) Concurrent Process Non-Strong References 1.470ms
[31.381s][info][gc,phases   ] GC(86) Concurrent Reset Relocation Set 0.003ms
[31.381s][info][gc,phases   ] GC(86) Concurrent Destroy Detached Pages 0.001ms
[31.383s][info][gc,phases   ] GC(86) Concurrent Select Relocation Set 1.551ms
[31.383s][info][gc,phases   ] GC(86) Concurrent Prepare Relocation Set 0.012ms
[31.385s][info][gc,phases   ] GC(86) Pause Relocate Start 1.970ms
[31.392s][info][gc,phases   ] GC(86) Concurrent Relocate 7.077ms
[31.392s][info][gc,load     ] GC(86) Load: 1.95/1.01/0.45
[31.392s][info][gc,mmu      ] GC(86) MMU: 2ms/0.0%, 5ms/0.0%, 10ms/0.0%, 20ms/40.4%, 50ms/75.8%, 100ms/85.7%
[31.392s][info][gc,marking  ] GC(86) Mark: 1 stripe(s), 2 proactive flush(es), 1 terminate flush(es), 0 completion(s), 0 continuation(s) 
[31.392s][info][gc,reloc    ] GC(86) Relocation: Successful, 8M relocated
[31.392s][info][gc,nmethod  ] GC(86) NMethods: 2571 registered, 0 unregistered
[31.392s][info][gc,metaspace] GC(86) Metaspace: 68M used, 72M capacity, 72M committed, 74M reserved
[31.392s][info][gc,ref      ] GC(86) Soft: 2201 encountered, 0 discovered, 0 enqueued
[31.392s][info][gc,ref      ] GC(86) Weak: 4434 encountered, 3466 discovered, 0 enqueued
[31.392s][info][gc,ref      ] GC(86) Final: 27 encountered, 0 discovered, 0 enqueued
[31.392s][info][gc,ref      ] GC(86) Phantom: 652 encountered, 648 discovered, 0 enqueued
[31.392s][info][gc,heap     ] GC(86)                Mark Start          Mark End        Relocate Start      Relocate End           High               Low         
[31.392s][info][gc,heap     ] GC(86)  Capacity:      500M (100%)        500M (100%)        500M (100%)        500M (100%)        500M (100%)        500M (100%)   
[31.392s][info][gc,heap     ] GC(86)   Reserve:       34M (7%)           34M (7%)           34M (7%)           34M (7%)           34M (7%)           34M (7%)     
[31.392s][info][gc,heap     ] GC(86)      Free:      294M (59%)         232M (46%)         336M (67%)         330M (66%)         336M (67%)         232M (46%)    
[31.392s][info][gc,heap     ] GC(86)      Used:      172M (34%)         234M (47%)         130M (26%)         136M (27%)         234M (47%)         130M (26%)    
[31.392s][info][gc,heap     ] GC(86)      Live:         -                29M (6%)           29M (6%)           29M (6%)             -                  -          
[31.392s][info][gc,heap     ] GC(86) Allocated:         -                62M (12%)          62M (12%)          76M (15%)            -                  -          
[31.392s][info][gc,heap     ] GC(86)   Garbage:         -               142M (29%)          38M (8%)           32M (7%)             -                  -          
[31.392s][info][gc,heap     ] GC(86) Reclaimed:         -                  -               104M (21%)         110M (22%)            -                  -          
[31.392s][info][gc          ] GC(86) Garbage Collection (Allocation Rate) 172M(34%)->136M(27%)
[31.414s][info][gc,start    ] GC(87) Garbage Collection (Allocation Rate)
[31.418s][info][gc,phases   ] GC(87) Pause Mark Start 2.448ms
[31.485s][info][gc,phases   ] GC(87) Concurrent Mark 66.126ms
[31.487s][info][gc,phases   ] GC(87) Pause Mark End 0.260ms
[31.489s][info][gc,phases   ] GC(87) Concurrent Process Non-Strong References 1.493ms
[31.489s][info][gc,phases   ] GC(87) Concurrent Reset Relocation Set 0.003ms
[31.489s][info][gc,phases   ] GC(87) Concurrent Destroy Detached Pages 0.001ms
[31.490s][info][gc,phases   ] GC(87) Concurrent Select Relocation Set 1.556ms
[31.490s][info][gc,phases   ] GC(87) Concurrent Prepare Relocation Set 0.012ms
[31.511s][info][gc,phases   ] GC(87) Pause Relocate Start 20.181ms
[31.516s][info][gc,phases   ] GC(87) Concurrent Relocate 5.587ms
[31.517s][info][gc,load     ] GC(87) Load: 1.95/1.01/0.45
[31.517s][info][gc,mmu      ] GC(87) MMU: 2ms/0.0%, 5ms/0.0%, 10ms/0.0%, 20ms/0.0%, 50ms/59.1%, 100ms/77.1%
[31.517s][info][gc,marking  ] GC(87) Mark: 1 stripe(s), 2 proactive flush(es), 1 terminate flush(es), 0 completion(s), 0 continuation(s) 
[31.517s][info][gc,reloc    ] GC(87) Relocation: Successful, 8M relocated
[31.517s][info][gc,nmethod  ] GC(87) NMethods: 2571 registered, 0 unregistered
[31.517s][info][gc,metaspace] GC(87) Metaspace: 68M used, 72M capacity, 72M committed, 74M reserved
[31.517s][info][gc,ref      ] GC(87) Soft: 2201 encountered, 0 discovered, 0 enqueued
[31.517s][info][gc,ref      ] GC(87) Weak: 4434 encountered, 3466 discovered, 0 enqueued
[31.517s][info][gc,ref      ] GC(87) Final: 27 encountered, 0 discovered, 0 enqueued
[31.517s][info][gc,ref      ] GC(87) Phantom: 652 encountered, 648 discovered, 0 enqueued
[31.517s][info][gc,heap     ] GC(87)                Mark Start          Mark End        Relocate Start      Relocate End           High               Low         
[31.517s][info][gc,heap     ] GC(87)  Capacity:      500M (100%)        500M (100%)        500M (100%)        500M (100%)        500M (100%)        500M (100%)   
[31.517s][info][gc,heap     ] GC(87)   Reserve:       34M (7%)           34M (7%)           34M (7%)           34M (7%)           34M (7%)           34M (7%)     
[31.517s][info][gc,heap     ] GC(87)      Free:      290M (58%)         228M (46%)         334M (67%)         332M (66%)         334M (67%)         228M (46%)    
[31.517s][info][gc,heap     ] GC(87)      Used:      176M (35%)         238M (48%)         132M (26%)         134M (27%)         238M (48%)         132M (26%)    
[31.517s][info][gc,heap     ] GC(87)      Live:         -                29M (6%)           29M (6%)           29M (6%)             -                  -          
[31.517s][info][gc,heap     ] GC(87) Allocated:         -                62M (12%)          62M (12%)          74M (15%)            -                  -          
[31.517s][info][gc,heap     ] GC(87)   Garbage:         -               146M (29%)          40M (8%)           34M (7%)             -                  -          
[31.517s][info][gc,heap     ] GC(87) Reclaimed:         -                  -               106M (21%)         112M (22%)            -                  -          
[31.517s][info][gc          ] GC(87) Garbage Collection (Allocation Rate) 176M(35%)->134M(27%)
[31.613s][info][gc,start    ] GC(88) Garbage Collection (Allocation Rate)
[31.618s][info][gc,phases   ] GC(88) Pause Mark Start 2.784ms
[31.680s][info][gc,phases   ] GC(88) Concurrent Mark 62.268ms
[31.683s][info][gc,phases   ] GC(88) Pause Mark End 0.250ms
[31.684s][info][gc,phases   ] GC(88) Concurrent Process Non-Strong References 1.498ms
[31.684s][info][gc,phases   ] GC(88) Concurrent Reset Relocation Set 0.002ms
[31.684s][info][gc,phases   ] GC(88) Concurrent Destroy Detached Pages 0.001ms
[31.686s][info][gc,phases   ] GC(88) Concurrent Select Relocation Set 1.517ms
[31.686s][info][gc,phases   ] GC(88) Concurrent Prepare Relocation Set 0.012ms
[31.688s][info][gc,phases   ] GC(88) Pause Relocate Start 2.042ms
[31.696s][info][gc,phases   ] GC(88) Concurrent Relocate 7.976ms
[31.696s][info][gc,load     ] GC(88) Load: 1.95/1.01/0.45
[31.696s][info][gc,mmu      ] GC(88) MMU: 2ms/0.0%, 5ms/0.0%, 10ms/0.0%, 20ms/0.0%, 50ms/59.1%, 100ms/77.1%
[31.696s][info][gc,marking  ] GC(88) Mark: 1 stripe(s), 2 proactive flush(es), 1 terminate flush(es), 0 completion(s), 0 continuation(s) 
[31.696s][info][gc,reloc    ] GC(88) Relocation: Successful, 8M relocated
[31.696s][info][gc,nmethod  ] GC(88) NMethods: 2574 registered, 0 unregistered
[31.696s][info][gc,metaspace] GC(88) Metaspace: 68M used, 72M capacity, 72M committed, 74M reserved
[31.696s][info][gc,ref      ] GC(88) Soft: 2201 encountered, 0 discovered, 0 enqueued
[31.696s][info][gc,ref      ] GC(88) Weak: 4434 encountered, 3466 discovered, 0 enqueued
[31.696s][info][gc,ref      ] GC(88) Final: 27 encountered, 0 discovered, 0 enqueued
[31.696s][info][gc,ref      ] GC(88) Phantom: 652 encountered, 648 discovered, 0 enqueued
[31.696s][info][gc,heap     ] GC(88)                Mark Start          Mark End        Relocate Start      Relocate End           High               Low         
[31.696s][info][gc,heap     ] GC(88)  Capacity:      500M (100%)        500M (100%)        500M (100%)        500M (100%)        500M (100%)        500M (100%)   
[31.696s][info][gc,heap     ] GC(88)   Reserve:       34M (7%)           34M (7%)           34M (7%)           34M (7%)           34M (7%)           34M (7%)     
[31.696s][info][gc,heap     ] GC(88)      Free:      198M (40%)         134M (27%)         328M (66%)         326M (65%)         328M (66%)         134M (27%)    
[31.696s][info][gc,heap     ] GC(88)      Used:      268M (54%)         332M (66%)         138M (28%)         140M (28%)         332M (66%)         138M (28%)    
[31.696s][info][gc,heap     ] GC(88)      Live:         -                29M (6%)           29M (6%)           29M (6%)             -                  -          
[31.696s][info][gc,heap     ] GC(88) Allocated:         -                64M (13%)          64M (13%)          80M (16%)            -                  -          
[31.696s][info][gc,heap     ] GC(88)   Garbage:         -               238M (48%)          44M (9%)           34M (7%)             -                  -          
[31.696s][info][gc,heap     ] GC(88) Reclaimed:         -                  -               194M (39%)         204M (41%)            -                  -          
[31.696s][info][gc          ] GC(88) Garbage Collection (Allocation Rate) 268M(54%)->140M(28%)
[31.713s][info][gc,start    ] GC(89) Garbage Collection (Allocation Rate)
[31.717s][info][gc,phases   ] GC(89) Pause Mark Start 2.419ms
[31.779s][info][gc,phases   ] GC(89) Concurrent Mark 61.774ms
[31.782s][info][gc,phases   ] GC(89) Pause Mark End 0.248ms
[31.783s][info][gc,phases   ] GC(89) Concurrent Process Non-Strong References 1.522ms
[31.783s][info][gc,phases   ] GC(89) Concurrent Reset Relocation Set 0.003ms
[31.783s][info][gc,phases   ] GC(89) Concurrent Destroy Detached Pages 0.000ms
[31.785s][info][gc,phases   ] GC(89) Concurrent Select Relocation Set 1.498ms
[31.785s][info][gc,phases   ] GC(89) Concurrent Prepare Relocation Set 0.012ms
[31.787s][info][gc,phases   ] GC(89) Pause Relocate Start 1.981ms
[31.793s][info][gc,phases   ] GC(89) Concurrent Relocate 6.015ms
[31.793s][info][gc,load     ] GC(89) Load: 1.79/1.00/0.45
[31.793s][info][gc,mmu      ] GC(89) MMU: 2ms/0.0%, 5ms/0.0%, 10ms/0.0%, 20ms/0.0%, 50ms/59.1%, 100ms/77.1%
[31.793s][info][gc,marking  ] GC(89) Mark: 1 stripe(s), 2 proactive flush(es), 1 terminate flush(es), 0 completion(s), 0 continuation(s) 
[31.793s][info][gc,reloc    ] GC(89) Relocation: Successful, 8M relocated
[31.793s][info][gc,nmethod  ] GC(89) NMethods: 2575 registered, 0 unregistered
[31.793s][info][gc,metaspace] GC(89) Metaspace: 68M used, 72M capacity, 72M committed, 74M reserved
[31.793s][info][gc,ref      ] GC(89) Soft: 2201 encountered, 0 discovered, 0 enqueued
[31.793s][info][gc,ref      ] GC(89) Weak: 4434 encountered, 3466 discovered, 0 enqueued
[31.793s][info][gc,ref      ] GC(89) Final: 27 encountered, 0 discovered, 0 enqueued
[31.793s][info][gc,ref      ] GC(89) Phantom: 652 encountered, 648 discovered, 0 enqueued
[31.793s][info][gc,heap     ] GC(89)                Mark Start          Mark End        Relocate Start      Relocate End           High               Low         
[31.793s][info][gc,heap     ] GC(89)  Capacity:      500M (100%)        500M (100%)        500M (100%)        500M (100%)        500M (100%)        500M (100%)   
[31.793s][info][gc,heap     ] GC(89)   Reserve:       34M (7%)           34M (7%)           34M (7%)           34M (7%)           34M (7%)           34M (7%)     
[31.793s][info][gc,heap     ] GC(89)      Free:      294M (59%)         232M (46%)         332M (66%)         334M (67%)         334M (67%)         232M (46%)    
[31.793s][info][gc,heap     ] GC(89)      Used:      172M (34%)         234M (47%)         134M (27%)         132M (26%)         234M (47%)         132M (26%)    
[31.793s][info][gc,heap     ] GC(89)      Live:         -                29M (6%)           29M (6%)           29M (6%)             -                  -          
[31.793s][info][gc,heap     ] GC(89) Allocated:         -                62M (12%)          62M (12%)          72M (14%)            -                  -          
[31.793s][info][gc,heap     ] GC(89)   Garbage:         -               142M (29%)          42M (9%)           34M (7%)             -                  -          
[31.793s][info][gc,heap     ] GC(89) Reclaimed:         -                  -               100M (20%)         108M (22%)            -                  -          
[31.793s][info][gc          ] GC(89) Garbage Collection (Allocation Rate) 172M(34%)->132M(26%)
[31.818s][info][gc,start    ] GC(90) Garbage Collection (Allocation Rate)
[31.821s][info][gc,phases   ] GC(90) Pause Mark Start 2.514ms
[31.889s][info][gc,phases   ] GC(90) Concurrent Mark 68.458ms
[31.892s][info][gc,phases   ] GC(90) Pause Mark End 0.252ms
[31.893s][info][gc,phases   ] GC(90) Concurrent Process Non-Strong References 1.486ms
[31.893s][info][gc,phases   ] GC(90) Concurrent Reset Relocation Set 0.003ms
[31.893s][info][gc,phases   ] GC(90) Concurrent Destroy Detached Pages 0.001ms
[31.895s][info][gc,phases   ] GC(90) Concurrent Select Relocation Set 1.544ms
[31.895s][info][gc,phases   ] GC(90) Concurrent Prepare Relocation Set 0.012ms
[31.897s][info][gc,phases   ] GC(90) Pause Relocate Start 2.003ms
[31.904s][info][gc,phases   ] GC(90) Concurrent Relocate 7.024ms
[31.904s][info][gc,load     ] GC(90) Load: 1.79/1.00/0.45
[31.904s][info][gc,mmu      ] GC(90) MMU: 2ms/0.0%, 5ms/0.0%, 10ms/0.0%, 20ms/0.0%, 50ms/59.1%, 100ms/77.1%
[31.904s][info][gc,marking  ] GC(90) Mark: 1 stripe(s), 2 proactive flush(es), 1 terminate flush(es), 0 completion(s), 0 continuation(s) 
[31.904s][info][gc,reloc    ] GC(90) Relocation: Successful, 8M relocated
[31.904s][info][gc,nmethod  ] GC(90) NMethods: 2576 registered, 0 unregistered
[31.904s][info][gc,metaspace] GC(90) Metaspace: 68M used, 72M capacity, 72M committed, 74M reserved
[31.904s][info][gc,ref      ] GC(90) Soft: 2201 encountered, 0 discovered, 0 enqueued
[31.904s][info][gc,ref      ] GC(90) Weak: 4434 encountered, 3466 discovered, 0 enqueued
[31.904s][info][gc,ref      ] GC(90) Final: 27 encountered, 0 discovered, 0 enqueued
[31.904s][info][gc,ref      ] GC(90) Phantom: 652 encountered, 648 discovered, 0 enqueued
[31.904s][info][gc,heap     ] GC(90)                Mark Start          Mark End        Relocate Start      Relocate End           High               Low         
[31.904s][info][gc,heap     ] GC(90)  Capacity:      500M (100%)        500M (100%)        500M (100%)        500M (100%)        500M (100%)        500M (100%)   
[31.904s][info][gc,heap     ] GC(90)   Reserve:       34M (7%)           34M (7%)           34M (7%)           34M (7%)           34M (7%)           34M (7%)     
[31.904s][info][gc,heap     ] GC(90)      Free:      298M (60%)         230M (46%)         326M (65%)         326M (65%)         326M (65%)         230M (46%)    
[31.904s][info][gc,heap     ] GC(90)      Used:      168M (34%)         236M (47%)         140M (28%)         140M (28%)         236M (47%)         140M (28%)    
[31.904s][info][gc,heap     ] GC(90)      Live:         -                29M (6%)           29M (6%)           29M (6%)             -                  -          
[31.904s][info][gc,heap     ] GC(90) Allocated:         -                68M (14%)          68M (14%)          80M (16%)            -                  -          
[31.904s][info][gc,heap     ] GC(90)   Garbage:         -               138M (28%)          42M (9%)           34M (7%)             -                  -          
[31.904s][info][gc,heap     ] GC(90) Reclaimed:         -                  -                96M (19%)         104M (21%)            -                  -          
[31.904s][info][gc          ] GC(90) Garbage Collection (Allocation Rate) 168M(34%)->140M(28%)
[31.913s][info][gc,start    ] GC(91) Garbage Collection (Allocation Rate)
[31.918s][info][gc,phases   ] GC(91) Pause Mark Start 2.513ms
[31.978s][info][gc,phases   ] GC(91) Concurrent Mark 60.624ms
[31.981s][info][gc,phases   ] GC(91) Pause Mark End 0.250ms
[31.982s][info][gc,phases   ] GC(91) Concurrent Process Non-Strong References 1.526ms
[31.982s][info][gc,phases   ] GC(91) Concurrent Reset Relocation Set 0.003ms
[31.982s][info][gc,phases   ] GC(91) Concurrent Destroy Detached Pages 0.000ms
[31.984s][info][gc,phases   ] GC(91) Concurrent Select Relocation Set 1.506ms
[31.984s][info][gc,phases   ] GC(91) Concurrent Prepare Relocation Set 0.012ms
[31.986s][info][gc,phases   ] GC(91) Pause Relocate Start 1.989ms
[31.992s][info][gc,phases   ] GC(91) Concurrent Relocate 5.925ms
[31.992s][info][gc,load     ] GC(91) Load: 1.79/1.00/0.45
[31.992s][info][gc,mmu      ] GC(91) MMU: 2ms/0.0%, 5ms/0.0%, 10ms/0.0%, 20ms/0.0%, 50ms/59.1%, 100ms/77.1%
[31.992s][info][gc,marking  ] GC(91) Mark: 1 stripe(s), 2 proactive flush(es), 1 terminate flush(es), 0 completion(s), 0 continuation(s) 
[31.992s][info][gc,reloc    ] GC(91) Relocation: Successful, 8M relocated
[31.992s][info][gc,nmethod  ] GC(91) NMethods: 2576 registered, 0 unregistered
[31.992s][info][gc,metaspace] GC(91) Metaspace: 68M used, 72M capacity, 72M committed, 74M reserved
[31.992s][info][gc,ref      ] GC(91) Soft: 2201 encountered, 0 discovered, 0 enqueued
[31.992s][info][gc,ref      ] GC(91) Weak: 4434 encountered, 3466 discovered, 0 enqueued
[31.992s][info][gc,ref      ] GC(91) Final: 27 encountered, 0 discovered, 0 enqueued
[31.992s][info][gc,ref      ] GC(91) Phantom: 652 encountered, 648 discovered, 0 enqueued
[31.992s][info][gc,heap     ] GC(91)                Mark Start          Mark End        Relocate Start      Relocate End           High               Low         
[31.992s][info][gc,heap     ] GC(91)  Capacity:      500M (100%)        500M (100%)        500M (100%)        500M (100%)        500M (100%)        500M (100%)   
[31.992s][info][gc,heap     ] GC(91)   Reserve:       34M (7%)           34M (7%)           34M (7%)           34M (7%)           34M (7%)           34M (7%)     
[31.992s][info][gc,heap     ] GC(91)      Free:      308M (62%)         248M (50%)         332M (66%)         334M (67%)         334M (67%)         248M (50%)    
[31.992s][info][gc,heap     ] GC(91)      Used:      158M (32%)         218M (44%)         134M (27%)         132M (26%)         218M (44%)         132M (26%)    
[31.992s][info][gc,heap     ] GC(91)      Live:         -                29M (6%)           29M (6%)           29M (6%)             -                  -          
[31.992s][info][gc,heap     ] GC(91) Allocated:         -                60M (12%)          60M (12%)          72M (14%)            -                  -          
[31.992s][info][gc,heap     ] GC(91)   Garbage:         -               128M (26%)          44M (9%)           32M (7%)             -                  -          
[31.992s][info][gc,heap     ] GC(91) Reclaimed:         -                  -                84M (17%)          96M (19%)            -                  -          
[31.992s][info][gc          ] GC(91) Garbage Collection (Allocation Rate) 158M(32%)->132M(26%)
[32.014s][info][gc,start    ] GC(92) Garbage Collection (Allocation Rate)
[32.018s][info][gc,phases   ] GC(92) Pause Mark Start 2.439ms
[32.077s][info][gc,phases   ] GC(92) Concurrent Mark 58.739ms
[32.080s][info][gc,phases   ] GC(92) Pause Mark End 0.251ms
[32.081s][info][gc,phases   ] GC(92) Concurrent Process Non-Strong References 1.489ms
[32.081s][info][gc,phases   ] GC(92) Concurrent Reset Relocation Set 0.003ms
[32.081s][info][gc,phases   ] GC(92) Concurrent Destroy Detached Pages 0.001ms
[32.083s][info][gc,phases   ] GC(92) Concurrent Select Relocation Set 1.508ms
[32.083s][info][gc,phases   ] GC(92) Concurrent Prepare Relocation Set 0.011ms
[32.085s][info][gc,phases   ] GC(92) Pause Relocate Start 2.288ms
[32.092s][info][gc,phases   ] GC(92) Concurrent Relocate 6.774ms
[32.092s][info][gc,load     ] GC(92) Load: 1.79/1.00/0.45
[32.092s][info][gc,mmu      ] GC(92) MMU: 2ms/0.0%, 5ms/0.0%, 10ms/0.0%, 20ms/0.0%, 50ms/59.1%, 100ms/77.1%
[32.092s][info][gc,marking  ] GC(92) Mark: 1 stripe(s), 2 proactive flush(es), 1 terminate flush(es), 0 completion(s), 0 continuation(s) 
[32.092s][info][gc,reloc    ] GC(92) Relocation: Successful, 8M relocated
[32.092s][info][gc,nmethod  ] GC(92) NMethods: 2576 registered, 0 unregistered
[32.092s][info][gc,metaspace] GC(92) Metaspace: 68M used, 72M capacity, 72M committed, 74M reserved
[32.092s][info][gc,ref      ] GC(92) Soft: 2201 encountered, 0 discovered, 0 enqueued
[32.092s][info][gc,ref      ] GC(92) Weak: 4434 encountered, 3466 discovered, 0 enqueued
[32.092s][info][gc,ref      ] GC(92) Final: 27 encountered, 0 discovered, 0 enqueued
[32.092s][info][gc,ref      ] GC(92) Phantom: 652 encountered, 648 discovered, 0 enqueued
[32.092s][info][gc,heap     ] GC(92)                Mark Start          Mark End        Relocate Start      Relocate End           High               Low         
[32.092s][info][gc,heap     ] GC(92)  Capacity:      500M (100%)        500M (100%)        500M (100%)        500M (100%)        500M (100%)        500M (100%)   
[32.092s][info][gc,heap     ] GC(92)   Reserve:       34M (7%)           34M (7%)           34M (7%)           34M (7%)           34M (7%)           34M (7%)     
[32.092s][info][gc,heap     ] GC(92)      Free:      292M (58%)         234M (47%)         342M (68%)         334M (67%)         342M (68%)         234M (47%)    
[32.092s][info][gc,heap     ] GC(92)      Used:      174M (35%)         232M (46%)         124M (25%)         132M (26%)         232M (46%)         124M (25%)    
[32.092s][info][gc,heap     ] GC(92)      Live:         -                29M (6%)           29M (6%)           29M (6%)             -                  -          
[32.092s][info][gc,heap     ] GC(92) Allocated:         -                58M (12%)          58M (12%)          72M (14%)            -                  -          
[32.092s][info][gc,heap     ] GC(92)   Garbage:         -               144M (29%)          36M (7%)           32M (7%)             -                  -          
[32.092s][info][gc,heap     ] GC(92) Reclaimed:         -                  -               108M (22%)         112M (22%)            -                  -          
[32.092s][info][gc          ] GC(92) Garbage Collection (Allocation Rate) 174M(35%)->132M(26%)
[32.113s][info][gc,start    ] GC(93) Garbage Collection (Allocation Rate)
[32.118s][info][gc,phases   ] GC(93) Pause Mark Start 2.474ms
[32.176s][info][gc,phases   ] GC(93) Concurrent Mark 57.705ms
[32.176s][info][gc,phases   ] GC(93) Pause Mark End 0.258ms
[32.178s][info][gc,phases   ] GC(93) Concurrent Process Non-Strong References 1.460ms
[32.178s][info][gc,phases   ] GC(93) Concurrent Reset Relocation Set 0.002ms
[32.178s][info][gc,phases   ] GC(93) Concurrent Destroy Detached Pages 0.001ms
[32.179s][info][gc,phases   ] GC(93) Concurrent Select Relocation Set 1.538ms
[32.179s][info][gc,phases   ] GC(93) Concurrent Prepare Relocation Set 0.012ms
[32.181s][info][gc,phases   ] GC(93) Pause Relocate Start 1.996ms
[32.188s][info][gc,phases   ] GC(93) Concurrent Relocate 6.187ms
[32.188s][info][gc,load     ] GC(93) Load: 1.79/1.00/0.45
[32.188s][info][gc,mmu      ] GC(93) MMU: 2ms/0.0%, 5ms/0.0%, 10ms/0.0%, 20ms/0.0%, 50ms/59.1%, 100ms/77.1%
[32.188s][info][gc,marking  ] GC(93) Mark: 1 stripe(s), 2 proactive flush(es), 1 terminate flush(es), 0 completion(s), 0 continuation(s) 
[32.188s][info][gc,reloc    ] GC(93) Relocation: Successful, 8M relocated
[32.188s][info][gc,nmethod  ] GC(93) NMethods: 2576 registered, 0 unregistered
[32.188s][info][gc,metaspace] GC(93) Metaspace: 68M used, 72M capacity, 72M committed, 74M reserved
[32.188s][info][gc,ref      ] GC(93) Soft: 2201 encountered, 0 discovered, 0 enqueued
[32.188s][info][gc,ref      ] GC(93) Weak: 4434 encountered, 3466 discovered, 0 enqueued
[32.188s][info][gc,ref      ] GC(93) Final: 27 encountered, 0 discovered, 0 enqueued
[32.188s][info][gc,ref      ] GC(93) Phantom: 652 encountered, 648 discovered, 0 enqueued
[32.188s][info][gc,heap     ] GC(93)                Mark Start          Mark End        Relocate Start      Relocate End           High               Low         
[32.188s][info][gc,heap     ] GC(93)  Capacity:      500M (100%)        500M (100%)        500M (100%)        500M (100%)        500M (100%)        500M (100%)   
[32.188s][info][gc,heap     ] GC(93)   Reserve:       34M (7%)           34M (7%)           34M (7%)           34M (7%)           34M (7%)           34M (7%)     
[32.188s][info][gc,heap     ] GC(93)      Free:      298M (60%)         248M (50%)         344M (69%)         344M (69%)         344M (69%)         248M (50%)    
[32.188s][info][gc,heap     ] GC(93)      Used:      168M (34%)         218M (44%)         122M (24%)         122M (24%)         218M (44%)         122M (24%)    
[32.188s][info][gc,heap     ] GC(93)      Live:         -                29M (6%)           29M (6%)           29M (6%)             -                  -          
[32.188s][info][gc,heap     ] GC(93) Allocated:         -                50M (10%)          50M (10%)          62M (12%)            -                  -          
[32.188s][info][gc,heap     ] GC(93)   Garbage:         -               138M (28%)          42M (9%)           32M (7%)             -                  -          
[32.188s][info][gc,heap     ] GC(93) Reclaimed:         -                  -                96M (19%)         106M (21%)            -                  -          
[32.188s][info][gc          ] GC(93) Garbage Collection (Allocation Rate) 168M(34%)->122M(24%)
[32.213s][info][gc,start    ] GC(94) Garbage Collection (Allocation Rate)
[32.218s][info][gc,phases   ] GC(94) Pause Mark Start 2.489ms
[32.301s][info][gc,phases   ] GC(94) Concurrent Mark 82.969ms
[32.303s][info][gc,phases   ] GC(94) Pause Mark End 0.290ms
[32.305s][info][gc,phases   ] GC(94) Concurrent Process Non-Strong References 1.473ms
[32.305s][info][gc,phases   ] GC(94) Concurrent Reset Relocation Set 0.003ms
[32.305s][info][gc,phases   ] GC(94) Concurrent Destroy Detached Pages 0.001ms
[32.306s][info][gc,phases   ] GC(94) Concurrent Select Relocation Set 1.503ms
[32.306s][info][gc,phases   ] GC(94) Concurrent Prepare Relocation Set 0.012ms
[32.309s][info][gc,phases   ] GC(94) Pause Relocate Start 2.090ms
[32.313s][info][gc,phases   ] GC(94) Concurrent Relocate 4.443ms
[32.313s][info][gc,load     ] GC(94) Load: 1.79/1.00/0.45
[32.313s][info][gc,mmu      ] GC(94) MMU: 2ms/0.0%, 5ms/0.0%, 10ms/0.0%, 20ms/0.0%, 50ms/59.1%, 100ms/77.1%
[32.313s][info][gc,marking  ] GC(94) Mark: 1 stripe(s), 2 proactive flush(es), 1 terminate flush(es), 0 completion(s), 0 continuation(s) 
[32.313s][info][gc,reloc    ] GC(94) Relocation: Successful, 8M relocated
[32.313s][info][gc,nmethod  ] GC(94) NMethods: 2581 registered, 0 unregistered
[32.313s][info][gc,metaspace] GC(94) Metaspace: 68M used, 72M capacity, 72M committed, 74M reserved
[32.313s][info][gc,ref      ] GC(94) Soft: 2201 encountered, 0 discovered, 0 enqueued
[32.313s][info][gc,ref      ] GC(94) Weak: 4434 encountered, 3466 discovered, 0 enqueued
[32.313s][info][gc,ref      ] GC(94) Final: 27 encountered, 0 discovered, 0 enqueued
[32.313s][info][gc,ref      ] GC(94) Phantom: 652 encountered, 648 discovered, 0 enqueued
[32.313s][info][gc,heap     ] GC(94)                Mark Start          Mark End        Relocate Start      Relocate End           High               Low         
[32.313s][info][gc,heap     ] GC(94)  Capacity:      500M (100%)        500M (100%)        500M (100%)        500M (100%)        500M (100%)        500M (100%)   
[32.313s][info][gc,heap     ] GC(94)   Reserve:       34M (7%)           34M (7%)           34M (7%)           34M (7%)           34M (7%)           34M (7%)     
[32.313s][info][gc,heap     ] GC(94)      Free:      300M (60%)         250M (50%)         346M (69%)         354M (71%)         354M (71%)         250M (50%)    
[32.313s][info][gc,heap     ] GC(94)      Used:      166M (33%)         216M (43%)         120M (24%)         112M (22%)         216M (43%)         112M (22%)    
[32.313s][info][gc,heap     ] GC(94)      Live:         -                29M (6%)           29M (6%)           29M (6%)             -                  -          
[32.313s][info][gc,heap     ] GC(94) Allocated:         -                50M (10%)          50M (10%)          52M (10%)            -                  -          
[32.313s][info][gc,heap     ] GC(94)   Garbage:         -               136M (27%)          40M (8%)           32M (7%)             -                  -          
[32.313s][info][gc,heap     ] GC(94) Reclaimed:         -                  -                96M (19%)         104M (21%)            -                  -          
[32.313s][info][gc          ] GC(94) Garbage Collection (Allocation Rate) 166M(33%)->112M(22%)
[32.384s][info][gc,heap     ] Page Cache Flushed: 6M requested, 10M(350M->340M) flushed
[32.413s][info][gc,start    ] GC(95) Garbage Collection (Allocation Rate)
[32.416s][info][gc,phases   ] GC(95) Pause Mark Start 2.774ms
[32.510s][info][gc,phases   ] GC(95) Concurrent Mark 93.538ms
[32.511s][info][gc,phases   ] GC(95) Pause Mark End 0.486ms
[32.519s][info][gc,phases   ] GC(95) Concurrent Process Non-Strong References 7.792ms
[32.519s][info][gc,phases   ] GC(95) Concurrent Reset Relocation Set 0.005ms
[32.519s][info][gc,phases   ] GC(95) Concurrent Destroy Detached Pages 0.007ms
[32.528s][info][gc,phases   ] GC(95) Concurrent Select Relocation Set 9.479ms
[32.529s][info][gc,phases   ] GC(95) Concurrent Prepare Relocation Set 0.102ms
[32.541s][info][gc,phases   ] GC(95) Pause Relocate Start 11.530ms
[32.553s][info][gc,phases   ] GC(95) Concurrent Relocate 4.876ms
[32.553s][info][gc,load     ] GC(95) Load: 1.79/1.00/0.45
[32.553s][info][gc,mmu      ] GC(95) MMU: 2ms/0.0%, 5ms/0.0%, 10ms/0.0%, 20ms/0.0%, 50ms/59.1%, 100ms/77.1%
[32.553s][info][gc,marking  ] GC(95) Mark: 1 stripe(s), 2 proactive flush(es), 1 terminate flush(es), 0 completion(s), 0 continuation(s) 
[32.553s][info][gc,reloc    ] GC(95) Relocation: Successful, 9M relocated
[32.553s][info][gc,nmethod  ] GC(95) NMethods: 2650 registered, 0 unregistered
[32.553s][info][gc,metaspace] GC(95) Metaspace: 68M used, 72M capacity, 73M committed, 74M reserved
[32.553s][info][gc,ref      ] GC(95) Soft: 2467 encountered, 0 discovered, 0 enqueued
[32.553s][info][gc,ref      ] GC(95) Weak: 4505 encountered, 3469 discovered, 9 enqueued
[32.553s][info][gc,ref      ] GC(95) Final: 27 encountered, 0 discovered, 0 enqueued
[32.553s][info][gc,ref      ] GC(95) Phantom: 651 encountered, 647 discovered, 0 enqueued
[32.553s][info][gc,heap     ] GC(95)                Mark Start          Mark End        Relocate Start      Relocate End           High               Low         
[32.553s][info][gc,heap     ] GC(95)  Capacity:      500M (100%)        500M (100%)        500M (100%)        500M (100%)        500M (100%)        500M (100%)   
[32.553s][info][gc,heap     ] GC(95)   Reserve:       34M (7%)           34M (7%)           34M (7%)           34M (7%)           34M (7%)           34M (7%)     
[32.553s][info][gc,heap     ] GC(95)      Free:      342M (68%)         338M (68%)         388M (78%)         398M (80%)         398M (80%)         338M (68%)    
[32.553s][info][gc,heap     ] GC(95)      Used:      124M (25%)         128M (26%)          78M (16%)          68M (14%)         128M (26%)          68M (14%)    
[32.553s][info][gc,heap     ] GC(95)      Live:         -                30M (6%)           30M (6%)           30M (6%)             -                  -          
[32.553s][info][gc,heap     ] GC(95) Allocated:         -                 4M (1%)            6M (1%)           10M (2%)             -                  -          
[32.553s][info][gc,heap     ] GC(95)   Garbage:         -                93M (19%)          41M (8%)           31M (6%)             -                  -          
[32.553s][info][gc,heap     ] GC(95) Reclaimed:         -                  -                52M (10%)          62M (12%)            -                  -          
[32.553s][info][gc          ] GC(95) Garbage Collection (Allocation Rate) 124M(25%)->68M(14%)
[32.553s][info][gc,start    ] GC(96) Garbage Collection (System.gc())
[32.558s][info][gc,phases   ] GC(96) Pause Mark Start 2.810ms
[32.590s][info][gc,phases   ] GC(96) Concurrent Mark 32.370ms
[32.591s][info][gc,phases   ] GC(96) Pause Mark End 0.239ms
[32.593s][info][gc,phases   ] GC(96) Concurrent Process Non-Strong References 1.782ms
[32.594s][info][gc,phases   ] GC(96) Concurrent Reset Relocation Set 0.008ms
[32.594s][info][gc,phases   ] GC(96) Concurrent Destroy Detached Pages 0.001ms
[32.597s][info][gc,phases   ] GC(96) Concurrent Select Relocation Set 2.813ms
[32.597s][info][gc,phases   ] GC(96) Concurrent Prepare Relocation Set 0.035ms
[32.603s][info][gc,phases   ] GC(96) Pause Relocate Start 2.301ms
[32.604s][info][gc,phases   ] GC(96) Concurrent Relocate 1.666ms
[32.604s][info][gc,load     ] GC(96) Load: 1.79/1.00/0.45
[32.604s][info][gc,mmu      ] GC(96) MMU: 2ms/0.0%, 5ms/0.0%, 10ms/0.0%, 20ms/0.0%, 50ms/59.1%, 100ms/77.1%
[32.604s][info][gc,marking  ] GC(96) Mark: 1 stripe(s), 2 proactive flush(es), 1 terminate flush(es), 0 completion(s), 0 continuation(s) 
[32.604s][info][gc,reloc    ] GC(96) Relocation: Successful, 7M relocated
[32.604s][info][gc,nmethod  ] GC(96) NMethods: 2657 registered, 0 unregistered
[32.604s][info][gc,metaspace] GC(96) Metaspace: 68M used, 72M capacity, 73M committed, 74M reserved
[32.604s][info][gc,ref      ] GC(96) Soft: 2479 encountered, 0 discovered, 0 enqueued
[32.604s][info][gc,ref      ] GC(96) Weak: 4501 encountered, 3579 discovered, 115 enqueued
[32.604s][info][gc,ref      ] GC(96) Final: 27 encountered, 0 discovered, 0 enqueued
[32.604s][info][gc,ref      ] GC(96) Phantom: 651 encountered, 647 discovered, 0 enqueued
[32.604s][info][gc,heap     ] GC(96)                Mark Start          Mark End        Relocate Start      Relocate End           High               Low         
[32.604s][info][gc,heap     ] GC(96)  Capacity:      500M (100%)        500M (100%)        500M (100%)        500M (100%)        500M (100%)        500M (100%)   
[32.604s][info][gc,heap     ] GC(96)   Reserve:       34M (7%)           34M (7%)           34M (7%)           34M (7%)           34M (7%)           34M (7%)     
[32.604s][info][gc,heap     ] GC(96)      Free:      398M (80%)         396M (79%)         396M (79%)         402M (80%)         402M (80%)         394M (79%)    
[32.604s][info][gc,heap     ] GC(96)      Used:       68M (14%)          70M (14%)          70M (14%)          64M (13%)          72M (14%)          64M (13%)    
[32.604s][info][gc,heap     ] GC(96)      Live:         -                30M (6%)           30M (6%)           30M (6%)             -                  -          
[32.604s][info][gc,heap     ] GC(96) Allocated:         -                 2M (0%)            2M (0%)            4M (1%)             -                  -          
[32.604s][info][gc,heap     ] GC(96)   Garbage:         -                37M (8%)           37M (8%)           31M (6%)             -                  -          
[32.604s][info][gc,heap     ] GC(96) Reclaimed:         -                  -                 0M (0%)            6M (1%)             -                  -          
[32.604s][info][gc          ] GC(96) Garbage Collection (System.gc()) 68M(14%)->64M(13%)
[32.614s][info][gc,start    ] GC(97) Garbage Collection (Allocation Rate)
[32.619s][info][gc,phases   ] GC(97) Pause Mark Start 5.038ms
[32.647s][info][gc,heap     ] Page Cache Flushed: 30M requested, 30M(394M->364M) flushed
[32.682s][info][gc,heap     ] Page Cache Flushed: 6M requested, 6M(360M->354M) flushed
[32.767s][info][gc,phases   ] GC(97) Concurrent Mark 148.123ms
[32.772s][info][gc,phases   ] GC(97) Pause Mark End 0.313ms
[32.776s][info][gc,phases   ] GC(97) Concurrent Process Non-Strong References 4.011ms
[32.776s][info][gc,phases   ] GC(97) Concurrent Reset Relocation Set 0.002ms
[32.776s][info][gc,phases   ] GC(97) Concurrent Destroy Detached Pages 0.016ms
[32.778s][info][gc,phases   ] GC(97) Concurrent Select Relocation Set 1.519ms
[32.778s][info][gc,phases   ] GC(97) Concurrent Prepare Relocation Set 0.024ms
[32.783s][info][gc,phases   ] GC(97) Pause Relocate Start 2.219ms
[32.789s][info][gc,phases   ] GC(97) Concurrent Relocate 6.194ms
[32.789s][info][gc,load     ] GC(97) Load: 1.79/1.00/0.45
[32.789s][info][gc,mmu      ] GC(97) MMU: 2ms/0.0%, 5ms/0.0%, 10ms/0.0%, 20ms/0.0%, 50ms/59.1%, 100ms/77.1%
[32.789s][info][gc,marking  ] GC(97) Mark: 1 stripe(s), 2 proactive flush(es), 1 terminate flush(es), 0 completion(s), 0 continuation(s) 
[32.789s][info][gc,reloc    ] GC(97) Relocation: Successful, 7M relocated
[32.789s][info][gc,nmethod  ] GC(97) NMethods: 2690 registered, 0 unregistered
[32.789s][info][gc,metaspace] GC(97) Metaspace: 69M used, 72M capacity, 73M committed, 74M reserved
[32.789s][info][gc,ref      ] GC(97) Soft: 2488 encountered, 0 discovered, 0 enqueued
[32.789s][info][gc,ref      ] GC(97) Weak: 4391 encountered, 3400 discovered, 2 enqueued
[32.789s][info][gc,ref      ] GC(97) Final: 27 encountered, 0 discovered, 0 enqueued
[32.789s][info][gc,ref      ] GC(97) Phantom: 651 encountered, 647 discovered, 0 enqueued
[32.789s][info][gc,heap     ] GC(97)                Mark Start          Mark End        Relocate Start      Relocate End           High               Low         
[32.789s][info][gc,heap     ] GC(97)  Capacity:      500M (100%)        500M (100%)        500M (100%)        500M (100%)        500M (100%)        500M (100%)   
[32.789s][info][gc,heap     ] GC(97)   Reserve:       34M (7%)           34M (7%)           34M (7%)           34M (7%)           34M (7%)           34M (7%)     
[32.789s][info][gc,heap     ] GC(97)      Free:      400M (80%)         318M (64%)         312M (62%)         308M (62%)         400M (80%)         302M (60%)    
[32.789s][info][gc,heap     ] GC(97)      Used:       66M (13%)         148M (30%)         154M (31%)         158M (32%)         164M (33%)          66M (13%)    
[32.789s][info][gc,heap     ] GC(97)      Live:         -                30M (6%)           30M (6%)           30M (6%)             -                  -          
[32.789s][info][gc,heap     ] GC(97) Allocated:         -                82M (16%)          88M (18%)          98M (20%)            -                  -          
[32.789s][info][gc,heap     ] GC(97)   Garbage:         -                35M (7%)           35M (7%)           31M (6%)             -                  -          
[32.789s][info][gc,heap     ] GC(97) Reclaimed:         -                  -                 0M (0%)            4M (1%)             -                  -          
[32.790s][info][gc          ] GC(97) Garbage Collection (Allocation Rate) 66M(13%)->158M(32%)
[32.813s][info][gc,start    ] GC(98) Garbage Collection (Allocation Rate)
[32.825s][info][gc,phases   ] GC(98) Pause Mark Start 4.347ms
[32.827s][info][gc,heap     ] Page Cache Flushed: 32M requested, 32M(280M->248M) flushed
[32.962s][info][gc,phases   ] GC(98) Concurrent Mark 137.004ms
[32.965s][info][gc,phases   ] GC(98) Pause Mark End 0.323ms
[32.967s][info][gc,phases   ] GC(98) Concurrent Process Non-Strong References 1.577ms
[32.967s][info][gc,phases   ] GC(98) Concurrent Reset Relocation Set 0.001ms
[32.967s][info][gc,phases   ] GC(98) Concurrent Destroy Detached Pages 0.016ms
[32.969s][info][gc,phases   ] GC(98) Concurrent Select Relocation Set 1.562ms
[32.969s][info][gc,phases   ] GC(98) Concurrent Prepare Relocation Set 0.237ms
[32.971s][info][gc,phases   ] GC(98) Pause Relocate Start 2.393ms
[33.017s][info][gc,phases   ] GC(98) Concurrent Relocate 45.140ms
[33.017s][info][gc,load     ] GC(98) Load: 1.79/1.00/0.45
[33.017s][info][gc,mmu      ] GC(98) MMU: 2ms/0.0%, 5ms/0.0%, 10ms/0.0%, 20ms/0.0%, 50ms/59.1%, 100ms/77.1%
[33.017s][info][gc,marking  ] GC(98) Mark: 1 stripe(s), 2 proactive flush(es), 1 terminate flush(es), 0 completion(s), 0 continuation(s) 
[33.017s][info][gc,reloc    ] GC(98) Relocation: Successful, 11M relocated
[33.017s][info][gc,nmethod  ] GC(98) NMethods: 2692 registered, 0 unregistered
[33.017s][info][gc,metaspace] GC(98) Metaspace: 69M used, 72M capacity, 73M committed, 74M reserved
[33.017s][info][gc,ref      ] GC(98) Soft: 2540 encountered, 0 discovered, 0 enqueued
[33.017s][info][gc,ref      ] GC(98) Weak: 4492 encountered, 3547 discovered, 26 enqueued
[33.017s][info][gc,ref      ] GC(98) Final: 27 encountered, 0 discovered, 0 enqueued
[33.017s][info][gc,ref      ] GC(98) Phantom: 652 encountered, 648 discovered, 0 enqueued
[33.017s][info][gc,heap     ] GC(98)                Mark Start          Mark End        Relocate Start      Relocate End           High               Low         
[33.017s][info][gc,heap     ] GC(98)  Capacity:      500M (100%)        500M (100%)        500M (100%)        500M (100%)        500M (100%)        500M (100%)   
[33.017s][info][gc,heap     ] GC(98)   Reserve:       34M (7%)           34M (7%)           34M (7%)           34M (7%)           34M (7%)           34M (7%)     
[33.017s][info][gc,heap     ] GC(98)      Free:      282M (56%)         136M (27%)         142M (28%)         246M (49%)         282M (56%)         130M (26%)    
[33.017s][info][gc,heap     ] GC(98)      Used:      184M (37%)         330M (66%)         324M (65%)         220M (44%)         336M (67%)         184M (37%)    
[33.017s][info][gc,heap     ] GC(98)      Live:         -                34M (7%)           34M (7%)           34M (7%)             -                  -          
[33.017s][info][gc,heap     ] GC(98) Allocated:         -               146M (29%)         146M (29%)         194M (39%)            -                  -          
[33.017s][info][gc,heap     ] GC(98)   Garbage:         -               149M (30%)         143M (29%)    17592186044415M (3         -                  -          
[33.017s][info][gc,heap     ] GC(98) Reclaimed:         -                  -                 6M (1%)          150M (30%)            -                  -          
[33.017s][info][gc          ] GC(98) Garbage Collection (Allocation Rate) 184M(37%)->220M(44%)
[33.113s][info][gc,start    ] GC(99) Garbage Collection (Allocation Rate)
[33.119s][info][gc,phases   ] GC(99) Pause Mark Start 2.680ms
[33.175s][info][gc,heap     ] Page Cache Flushed: 2M requested, 6M(70M->64M) flushed
[33.182s][info][gc,heap     ] Page Cache Flushed: 2M requested, 32M(64M->32M) flushed
[33.242s][info][gc,heap     ] Page Cache Flushed: 2M requested, 32M(32M->0M) flushed
[33.337s][info][gc,phases   ] GC(99) Concurrent Mark 218.633ms
[33.339s][info][gc,phases   ] GC(99) Pause Mark End 0.996ms
[33.344s][info][gc,phases   ] GC(99) Concurrent Process Non-Strong References 5.001ms
[33.344s][info][gc,phases   ] GC(99) Concurrent Reset Relocation Set 0.013ms
[33.344s][info][gc,phases   ] GC(99) Concurrent Destroy Detached Pages 0.005ms
[33.345s][info][gc,phases   ] GC(99) Concurrent Select Relocation Set 1.509ms
[33.347s][info][gc,phases   ] GC(99) Concurrent Prepare Relocation Set 1.621ms
[33.349s][info][gc,phases   ] GC(99) Pause Relocate Start 2.167ms
[33.350s][info][gc          ] Allocation Stall (Executor task launch worker for task 0.0 in stage 6.0 (TID 6)) 59.232ms
[33.354s][info][gc          ] Allocation Stall (Executor task launch worker for task 0.0 in stage 6.0 (TID 6)) 3.668ms
[33.355s][info][gc          ] Allocation Stall (Executor task launch worker for task 0.0 in stage 6.0 (TID 6)) 0.190ms
[33.359s][info][gc          ] Allocation Stall (Executor task launch worker for task 0.0 in stage 6.0 (TID 6)) 3.061ms
[33.513s][info][gc,phases   ] GC(99) Concurrent Relocate 163.105ms
[33.513s][info][gc,load     ] GC(99) Load: 1.79/1.00/0.45
[33.513s][info][gc,mmu      ] GC(99) MMU: 2ms/0.0%, 5ms/0.0%, 10ms/0.0%, 20ms/0.0%, 50ms/59.1%, 100ms/77.1%
[33.513s][info][gc,marking  ] GC(99) Mark: 1 stripe(s), 2 proactive flush(es), 1 terminate flush(es), 0 completion(s), 0 continuation(s) 
[33.513s][info][gc,reloc    ] GC(99) Relocation: Successful, 27M relocated
[33.513s][info][gc,nmethod  ] GC(99) NMethods: 2692 registered, 0 unregistered
[33.513s][info][gc,metaspace] GC(99) Metaspace: 69M used, 72M capacity, 73M committed, 74M reserved
[33.513s][info][gc,ref      ] GC(99) Soft: 2540 encountered, 0 discovered, 0 enqueued
[33.513s][info][gc,ref      ] GC(99) Weak: 4466 encountered, 3481 discovered, 0 enqueued
[33.513s][info][gc,ref      ] GC(99) Final: 27 encountered, 0 discovered, 0 enqueued
[33.513s][info][gc,ref      ] GC(99) Phantom: 652 encountered, 648 discovered, 0 enqueued
[33.513s][info][gc,heap     ] GC(99)                Mark Start          Mark End        Relocate Start      Relocate End           High               Low         
[33.513s][info][gc,heap     ] GC(99)  Capacity:      500M (100%)        500M (100%)        500M (100%)        500M (100%)        500M (100%)        500M (100%)   
[33.513s][info][gc,heap     ] GC(99)   Reserve:       34M (7%)           34M (7%)           34M (7%)           34M (7%)           34M (7%)           32M (6%)     
[33.513s][info][gc,heap     ] GC(99)      Free:      120M (24%)           0M (0%)            0M (0%)          110M (22%)         120M (24%)           0M (0%)     
[33.513s][info][gc,heap     ] GC(99)      Used:      346M (69%)         466M (93%)         466M (93%)         356M (71%)         468M (94%)         346M (69%)    
[33.513s][info][gc,heap     ] GC(99)      Live:         -                55M (11%)          55M (11%)          55M (11%)            -                  -          
[33.513s][info][gc,heap     ] GC(99) Allocated:         -               120M (24%)         120M (24%)         292M (58%)            -                  -          
[33.513s][info][gc,heap     ] GC(99)   Garbage:         -               290M (58%)         290M (58%)          30M (6%)             -                  -          
[33.513s][info][gc,heap     ] GC(99) Reclaimed:         -                  -                 0M (0%)          260M (52%)            -                  -          
[33.513s][info][gc          ] GC(99) Garbage Collection (Allocation Rate) 346M(69%)->356M(71%)
[33.589s][info][gc,start    ] GC(100) Garbage Collection (Allocation Stall)
[33.589s][info][gc,ref      ] GC(100) Clearing All Soft References
[33.592s][info][gc,phases   ] GC(100) Pause Mark Start 2.702ms
[33.826s][info][gc,phases   ] GC(100) Concurrent Mark 233.591ms
[33.826s][info][gc,phases   ] GC(100) Pause Mark End 0.313ms
[33.828s][info][gc,phases   ] GC(100) Concurrent Process Non-Strong References 1.688ms
[33.828s][info][gc,phases   ] GC(100) Concurrent Reset Relocation Set 0.259ms
[33.828s][info][gc,phases   ] GC(100) Concurrent Destroy Detached Pages 0.000ms
[33.830s][info][gc,phases   ] GC(100) Concurrent Select Relocation Set 1.514ms
[33.834s][info][gc,phases   ] GC(100) Concurrent Prepare Relocation Set 4.576ms
[33.837s][info][gc,phases   ] GC(100) Pause Relocate Start 2.251ms
[33.837s][info][gc          ] Allocation Stall (Executor task launch worker for task 0.0 in stage 6.0 (TID 6)) 248.073ms
[33.838s][info][gc          ] Allocation Stall (Spark Context Cleaner) 165.187ms
[33.838s][info][gc          ] Allocation Stall (Executor task launch worker for task 0.0 in stage 6.0 (TID 6)) 0.702ms
[33.843s][info][gc          ] Allocation Stall (Executor task launch worker for task 0.0 in stage 6.0 (TID 6)) 3.042ms
[33.855s][info][gc          ] Allocation Stall (Executor task launch worker for task 0.0 in stage 6.0 (TID 6)) 3.523ms
[33.928s][info][gc,heap     ] Page Cache Flushed: 10M requested, 10M(78M->68M) flushed
[33.977s][info][gc,phases   ] GC(100) Concurrent Relocate 140.481ms
[33.977s][info][gc,load     ] GC(100) Load: 1.79/1.00/0.45
[33.977s][info][gc,mmu      ] GC(100) MMU: 2ms/0.0%, 5ms/0.0%, 10ms/0.0%, 20ms/0.0%, 50ms/59.1%, 100ms/77.1%
[33.977s][info][gc,marking  ] GC(100) Mark: 1 stripe(s), 2 proactive flush(es), 1 terminate flush(es), 0 completion(s), 0 continuation(s) 
[33.977s][info][gc,reloc    ] GC(100) Relocation: Successful, 33M relocated
[33.977s][info][gc,nmethod  ] GC(100) NMethods: 2694 registered, 0 unregistered
[33.977s][info][gc,metaspace] GC(100) Metaspace: 69M used, 72M capacity, 73M committed, 74M reserved
[33.977s][info][gc,ref      ] GC(100) Soft: 2540 encountered, 937 discovered, 388 enqueued
[33.977s][info][gc,ref      ] GC(100) Weak: 4466 encountered, 3646 discovered, 0 enqueued
[33.977s][info][gc,ref      ] GC(100) Final: 27 encountered, 0 discovered, 0 enqueued
[33.977s][info][gc,ref      ] GC(100) Phantom: 652 encountered, 648 discovered, 0 enqueued
[33.977s][info][gc,heap     ] GC(100)                Mark Start          Mark End        Relocate Start      Relocate End           High               Low         
[33.977s][info][gc,heap     ] GC(100)  Capacity:      500M (100%)        500M (100%)        500M (100%)        500M (100%)        500M (100%)        500M (100%)   
[33.977s][info][gc,heap     ] GC(100)   Reserve:       34M (7%)           34M (7%)           34M (7%)           34M (7%)           34M (7%)           32M (6%)     
[33.977s][info][gc,heap     ] GC(100)      Free:        0M (0%)            0M (0%)            0M (0%)          192M (38%)         192M (38%)           0M (0%)     
[33.977s][info][gc,heap     ] GC(100)      Used:      466M (93%)         466M (93%)         466M (93%)         274M (55%)         468M (94%)         274M (55%)    
[33.977s][info][gc,heap     ] GC(100)      Live:         -                85M (17%)          85M (17%)          85M (17%)            -                  -          
[33.977s][info][gc,heap     ] GC(100) Allocated:         -                 0M (0%)            0M (0%)          186M (37%)            -                  -          
[33.977s][info][gc,heap     ] GC(100)   Garbage:         -               380M (76%)         380M (76%)          32M (7%)             -                  -          
[33.977s][info][gc,heap     ] GC(100) Reclaimed:         -                  -                 0M (0%)          348M (70%)            -                  -          
[33.977s][info][gc          ] GC(100) Garbage Collection (Allocation Stall) 466M(93%)->274M(55%)
[34.013s][info][gc,start    ] GC(101) Garbage Collection (Allocation Rate)
[34.018s][info][gc,phases   ] GC(101) Pause Mark Start 2.562ms
[34.182s][info][gc,phases   ] GC(101) Concurrent Mark 164.020ms
[34.182s][info][gc,phases   ] GC(101) Pause Mark End 0.307ms
[34.184s][info][gc,phases   ] GC(101) Concurrent Process Non-Strong References 1.414ms
[34.184s][info][gc,phases   ] GC(101) Concurrent Reset Relocation Set 0.333ms
[34.184s][info][gc,phases   ] GC(101) Concurrent Destroy Detached Pages 0.007ms
[34.186s][info][gc          ] Allocation Stall (Executor task launch worker for task 0.0 in stage 6.0 (TID 6)) 98.262ms
[34.187s][info][gc,heap     ] Page Cache Flushed: 2M requested, 6M(6M->0M) flushed
[34.189s][info][gc,phases   ] GC(101) Concurrent Select Relocation Set 4.603ms
[34.191s][info][gc,phases   ] GC(101) Concurrent Prepare Relocation Set 1.987ms
[34.193s][info][gc,phases   ] GC(101) Pause Relocate Start 2.290ms
[34.194s][info][gc          ] Allocation Stall (Executor task launch worker for task 0.0 in stage 6.0 (TID 6)) 5.055ms
[34.195s][info][gc          ] Allocation Stall (Executor task launch worker for task 0.0 in stage 6.0 (TID 6)) 0.354ms
[34.196s][info][gc          ] Allocation Stall (Executor task launch worker for task 0.0 in stage 6.0 (TID 6)) 0.396ms
[34.197s][info][gc          ] Allocation Stall (Executor task launch worker for task 0.0 in stage 6.0 (TID 6)) 0.376ms
[34.202s][info][gc          ] Allocation Stall (Executor task launch worker for task 0.0 in stage 6.0 (TID 6)) 3.483ms
[34.350s][info][gc,phases   ] GC(101) Concurrent Relocate 156.172ms
[34.350s][info][gc,load     ] GC(101) Load: 1.79/1.00/0.45
[34.350s][info][gc,mmu      ] GC(101) MMU: 2ms/0.0%, 5ms/0.0%, 10ms/0.0%, 20ms/0.0%, 50ms/59.1%, 100ms/77.1%
[34.350s][info][gc,marking  ] GC(101) Mark: 1 stripe(s), 2 proactive flush(es), 1 terminate flush(es), 0 completion(s), 0 continuation(s) 
[34.350s][info][gc,reloc    ] GC(101) Relocation: Successful, 25M relocated
[34.350s][info][gc,nmethod  ] GC(101) NMethods: 2697 registered, 0 unregistered
[34.350s][info][gc,metaspace] GC(101) Metaspace: 69M used, 72M capacity, 73M committed, 74M reserved
[34.350s][info][gc,ref      ] GC(101) Soft: 2152 encountered, 0 discovered, 0 enqueued
[34.350s][info][gc,ref      ] GC(101) Weak: 4466 encountered, 3496 discovered, 0 enqueued
[34.350s][info][gc,ref      ] GC(101) Final: 27 encountered, 0 discovered, 0 enqueued
[34.350s][info][gc,ref      ] GC(101) Phantom: 652 encountered, 648 discovered, 0 enqueued
[34.350s][info][gc,heap     ] GC(101)                Mark Start          Mark End        Relocate Start      Relocate End           High               Low         
[34.350s][info][gc,heap     ] GC(101)  Capacity:      500M (100%)        500M (100%)        500M (100%)        500M (100%)        500M (100%)        500M (100%)   
[34.350s][info][gc,heap     ] GC(101)   Reserve:       34M (7%)           34M (7%)           34M (7%)           34M (7%)           34M (7%)           32M (6%)     
[34.350s][info][gc,heap     ] GC(101)      Free:       90M (18%)           0M (0%)            0M (0%)           60M (12%)          90M (18%)           0M (0%)     
[34.350s][info][gc,heap     ] GC(101)      Used:      376M (75%)         466M (93%)         466M (93%)         406M (81%)         468M (94%)         376M (75%)    
[34.350s][info][gc,heap     ] GC(101)      Live:         -               107M (21%)         107M (21%)         107M (21%)            -                  -          
[34.350s][info][gc,heap     ] GC(101) Allocated:         -                90M (18%)          96M (19%)         288M (58%)            -                  -          
[34.350s][info][gc,heap     ] GC(101)   Garbage:         -               268M (54%)         262M (53%)          32M (7%)             -                  -          
[34.350s][info][gc,heap     ] GC(101) Reclaimed:         -                  -                 6M (1%)          236M (47%)            -                  -          
[34.350s][info][gc          ] GC(101) Garbage Collection (Allocation Rate) 376M(75%)->406M(81%)
[34.372s][info][gc,start    ] GC(102) Garbage Collection (Allocation Stall)
[34.372s][info][gc,ref      ] GC(102) Clearing All Soft References
[34.375s][info][gc,phases   ] GC(102) Pause Mark Start 2.701ms
[34.533s][info][gc,phases   ] GC(102) Concurrent Mark 158.380ms
[34.534s][info][gc,phases   ] GC(102) Pause Mark End 0.312ms
[34.535s][info][gc,phases   ] GC(102) Concurrent Process Non-Strong References 1.616ms
[34.536s][info][gc,phases   ] GC(102) Concurrent Reset Relocation Set 0.260ms
[34.536s][info][gc,phases   ] GC(102) Concurrent Destroy Detached Pages 0.004ms
[34.537s][info][gc,phases   ] GC(102) Concurrent Select Relocation Set 1.506ms
[34.539s][info][gc,phases   ] GC(102) Concurrent Prepare Relocation Set 2.167ms
[34.542s][info][gc,phases   ] GC(102) Pause Relocate Start 2.259ms
[34.543s][info][gc          ] Allocation Stall (Executor task launch worker for task 0.0 in stage 6.0 (TID 6)) 171.233ms
[34.544s][info][gc          ] Allocation Stall (Spark Context Cleaner) 101.905ms
[34.544s][info][gc          ] Allocation Stall (RemoteBlock-temp-file-clean-thread) 70.055ms
[34.544s][info][gc          ] Allocation Stall (Executor task launch worker for task 0.0 in stage 6.0 (TID 6)) 0.793ms
[34.546s][info][gc          ] Allocation Stall (Executor task launch worker for task 0.0 in stage 6.0 (TID 6)) 0.364ms
[34.547s][info][gc          ] Allocation Stall (Executor task launch worker for task 0.0 in stage 6.0 (TID 6)) 0.365ms
[34.548s][info][gc          ] Allocation Stall (Executor task launch worker for task 0.0 in stage 6.0 (TID 6)) 0.373ms
[34.549s][info][gc          ] Allocation Stall (Executor task launch worker for task 0.0 in stage 6.0 (TID 6)) 0.372ms
[34.554s][info][gc          ] Allocation Stall (Executor task launch worker for task 0.0 in stage 6.0 (TID 6)) 4.514ms
[34.567s][info][gc          ] Allocation Stall (Executor task launch worker for task 0.0 in stage 6.0 (TID 6)) 5.574ms
[34.708s][info][gc,heap     ] Page Cache Flushed: 32M requested, 32M(174M->142M) flushed
[34.730s][info][gc,phases   ] GC(102) Concurrent Relocate 187.741ms
[34.730s][info][gc,load     ] GC(102) Load: 1.79/1.00/0.45
[34.730s][info][gc,mmu      ] GC(102) MMU: 2ms/0.0%, 5ms/0.0%, 10ms/0.0%, 20ms/0.0%, 50ms/59.1%, 100ms/77.1%
[34.730s][info][gc,marking  ] GC(102) Mark: 1 stripe(s), 2 proactive flush(es), 1 terminate flush(es), 0 completion(s), 0 continuation(s) 
[34.730s][info][gc,reloc    ] GC(102) Relocation: Successful, 29M relocated
[34.730s][info][gc,nmethod  ] GC(102) NMethods: 2715 registered, 0 unregistered
[34.730s][info][gc,metaspace] GC(102) Metaspace: 69M used, 73M capacity, 73M committed, 74M reserved
[34.730s][info][gc,ref      ] GC(102) Soft: 2152 encountered, 549 discovered, 0 enqueued
[34.730s][info][gc,ref      ] GC(102) Weak: 4466 encountered, 3646 discovered, 0 enqueued
[34.730s][info][gc,ref      ] GC(102) Final: 27 encountered, 0 discovered, 0 enqueued
[34.730s][info][gc,ref      ] GC(102) Phantom: 652 encountered, 648 discovered, 0 enqueued
[34.730s][info][gc,heap     ] GC(102)                Mark Start          Mark End        Relocate Start      Relocate End           High               Low         
[34.730s][info][gc,heap     ] GC(102)  Capacity:      500M (100%)        500M (100%)        500M (100%)        500M (100%)        500M (100%)        500M (100%)   
[34.730s][info][gc,heap     ] GC(102)   Reserve:       34M (7%)           34M (7%)           34M (7%)           34M (7%)           34M (7%)           32M (6%)     
[34.730s][info][gc,heap     ] GC(102)      Free:        0M (0%)            0M (0%)            0M (0%)          172M (34%)         174M (35%)           0M (0%)     
[34.730s][info][gc,heap     ] GC(102)      Used:      466M (93%)         466M (93%)         466M (93%)         294M (59%)         468M (94%)         292M (58%)    
[34.730s][info][gc,heap     ] GC(102)      Live:         -               131M (26%)         131M (26%)         131M (26%)            -                  -          
[34.730s][info][gc,heap     ] GC(102) Allocated:         -                 0M (0%)            0M (0%)          160M (32%)            -                  -          
[34.730s][info][gc,heap     ] GC(102)   Garbage:         -               334M (67%)         334M (67%)          34M (7%)             -                  -          
[34.730s][info][gc,heap     ] GC(102) Reclaimed:         -                  -                 0M (0%)          300M (60%)            -                  -          
[34.730s][info][gc          ] GC(102) Garbage Collection (Allocation Stall) 466M(93%)->294M(59%)
[34.796s][info][gc,heap     ] Page Cache Flushed: 6M requested, 6M(168M->162M) flushed
[34.813s][info][gc,start    ] GC(103) Garbage Collection (Allocation Rate)
[34.819s][info][gc,phases   ] GC(103) Pause Mark Start 2.889ms
[34.931s][info][gc,heap     ] Page Cache Flushed: 32M requested, 32M(112M->80M) flushed
[34.932s][info][gc,phases   ] GC(103) Concurrent Mark 112.262ms
[34.937s][info][gc,phases   ] GC(103) Pause Mark End 0.318ms
[34.938s][info][gc,phases   ] GC(103) Concurrent Process Non-Strong References 1.602ms
[34.939s][info][gc,phases   ] GC(103) Concurrent Reset Relocation Set 0.306ms
[34.939s][info][gc,phases   ] GC(103) Concurrent Destroy Detached Pages 0.034ms
[34.940s][info][gc,phases   ] GC(103) Concurrent Select Relocation Set 1.538ms
[34.940s][info][gc,phases   ] GC(103) Concurrent Prepare Relocation Set 0.068ms
[34.943s][info][gc,phases   ] GC(103) Pause Relocate Start 2.473ms
[34.955s][info][gc,phases   ] GC(103) Concurrent Relocate 10.578ms
[34.955s][info][gc,load     ] GC(103) Load: 1.79/1.00/0.45
[34.955s][info][gc,mmu      ] GC(103) MMU: 2ms/0.0%, 5ms/0.0%, 10ms/0.0%, 20ms/0.0%, 50ms/59.1%, 100ms/77.1%
[34.955s][info][gc,marking  ] GC(103) Mark: 1 stripe(s), 2 proactive flush(es), 1 terminate flush(es), 0 completion(s), 0 continuation(s) 
[34.955s][info][gc,reloc    ] GC(103) Relocation: Successful, 9M relocated
[34.955s][info][gc,nmethod  ] GC(103) NMethods: 2750 registered, 0 unregistered
[34.955s][info][gc,metaspace] GC(103) Metaspace: 69M used, 73M capacity, 73M committed, 74M reserved
[34.955s][info][gc,ref      ] GC(103) Soft: 2495 encountered, 0 discovered, 0 enqueued
[34.955s][info][gc,ref      ] GC(103) Weak: 4535 encountered, 3383 discovered, 60 enqueued
[34.955s][info][gc,ref      ] GC(103) Final: 27 encountered, 0 discovered, 0 enqueued
[34.955s][info][gc,ref      ] GC(103) Phantom: 651 encountered, 647 discovered, 0 enqueued
[34.955s][info][gc,heap     ] GC(103)                Mark Start          Mark End        Relocate Start      Relocate End           High               Low         
[34.955s][info][gc,heap     ] GC(103)  Capacity:      500M (100%)        500M (100%)        500M (100%)        500M (100%)        500M (100%)        500M (100%)   
[34.955s][info][gc,heap     ] GC(103)   Reserve:       34M (7%)           34M (7%)           34M (7%)           34M (7%)           34M (7%)           34M (7%)     
[34.955s][info][gc,heap     ] GC(103)      Free:      160M (32%)          78M (16%)         286M (57%)         314M (63%)         314M (63%)          78M (16%)    
[34.955s][info][gc,heap     ] GC(103)      Used:      306M (61%)         388M (78%)         180M (36%)         152M (30%)         388M (78%)         152M (30%)    
[34.955s][info][gc,heap     ] GC(103)      Live:         -                30M (6%)           30M (6%)           30M (6%)             -                  -          
[34.955s][info][gc,heap     ] GC(103) Allocated:         -                82M (16%)          82M (16%)          94M (19%)            -                  -          
[34.955s][info][gc,heap     ] GC(103)   Garbage:         -               275M (55%)          67M (14%)          31M (6%)             -                  -          
[34.955s][info][gc,heap     ] GC(103) Reclaimed:         -                  -               208M (42%)         244M (49%)            -                  -          
[34.955s][info][gc          ] GC(103) Garbage Collection (Allocation Rate) 306M(61%)->152M(30%)
[35.014s][info][gc,start    ] GC(104) Garbage Collection (Allocation Rate)
[35.021s][info][gc,phases   ] GC(104) Pause Mark Start 4.544ms
[35.169s][info][gc,phases   ] GC(104) Concurrent Mark 148.167ms
[35.174s][info][gc,phases   ] GC(104) Pause Mark End 0.326ms
[35.180s][info][gc,phases   ] GC(104) Concurrent Process Non-Strong References 5.989ms
[35.181s][info][gc,phases   ] GC(104) Concurrent Reset Relocation Set 0.004ms
[35.181s][info][gc,phases   ] GC(104) Concurrent Destroy Detached Pages 0.000ms
[35.182s][info][gc,phases   ] GC(104) Concurrent Select Relocation Set 1.572ms
[35.183s][info][gc,phases   ] GC(104) Concurrent Prepare Relocation Set 0.695ms
[35.189s][info][gc,phases   ] GC(104) Pause Relocate Start 2.376ms
[35.245s][info][gc,phases   ] GC(104) Concurrent Relocate 55.852ms
[35.245s][info][gc,load     ] GC(104) Load: 1.79/1.00/0.45
[35.245s][info][gc,mmu      ] GC(104) MMU: 2ms/0.0%, 5ms/0.0%, 10ms/0.0%, 20ms/0.0%, 50ms/59.1%, 100ms/77.1%
[35.245s][info][gc,marking  ] GC(104) Mark: 1 stripe(s), 2 proactive flush(es), 1 terminate flush(es), 0 completion(s), 0 continuation(s) 
[35.245s][info][gc,reloc    ] GC(104) Relocation: Successful, 14M relocated
[35.245s][info][gc,nmethod  ] GC(104) NMethods: 2751 registered, 0 unregistered
[35.245s][info][gc,metaspace] GC(104) Metaspace: 69M used, 73M capacity, 73M committed, 74M reserved
[35.245s][info][gc,ref      ] GC(104) Soft: 2532 encountered, 0 discovered, 0 enqueued
[35.245s][info][gc,ref      ] GC(104) Weak: 4489 encountered, 3500 discovered, 15 enqueued
[35.245s][info][gc,ref      ] GC(104) Final: 27 encountered, 0 discovered, 0 enqueued
[35.245s][info][gc,ref      ] GC(104) Phantom: 652 encountered, 648 discovered, 0 enqueued
[35.245s][info][gc,heap     ] GC(104)                Mark Start          Mark End        Relocate Start      Relocate End           High               Low         
[35.245s][info][gc,heap     ] GC(104)  Capacity:      500M (100%)        500M (100%)        500M (100%)        500M (100%)        500M (100%)        500M (100%)   
[35.245s][info][gc,heap     ] GC(104)   Reserve:       34M (7%)           34M (7%)           34M (7%)           34M (7%)           34M (7%)           34M (7%)     
[35.245s][info][gc,heap     ] GC(104)      Free:      262M (52%)         108M (22%)          96M (19%)         262M (52%)         262M (52%)          92M (18%)    
[35.245s][info][gc,heap     ] GC(104)      Used:      204M (41%)         358M (72%)         370M (74%)         204M (41%)         374M (75%)         204M (41%)    
[35.245s][info][gc,heap     ] GC(104)      Live:         -                36M (7%)           36M (7%)           36M (7%)             -                  -          
[35.245s][info][gc,heap     ] GC(104) Allocated:         -               154M (31%)         166M (33%)         176M (35%)            -                  -          
[35.245s][info][gc,heap     ] GC(104)   Garbage:         -               167M (33%)         167M (33%)           1M (0%)             -                  -          
[35.245s][info][gc,heap     ] GC(104) Reclaimed:         -                  -                 0M (0%)          166M (33%)            -                  -          
[35.245s][info][gc          ] GC(104) Garbage Collection (Allocation Rate) 204M(41%)->204M(41%)
[35.313s][info][gc,start    ] GC(105) Garbage Collection (Allocation Rate)
[35.318s][info][gc,phases   ] GC(105) Pause Mark Start 2.638ms
[35.425s][info][gc,heap     ] Page Cache Flushed: 2M requested, 10M(80M->70M) flushed
[35.430s][info][gc,heap     ] Page Cache Flushed: 2M requested, 6M(70M->64M) flushed
[35.449s][info][gc,heap     ] Page Cache Flushed: 2M requested, 32M(64M->32M) flushed
[35.498s][info][gc,heap     ] Page Cache Flushed: 2M requested, 32M(32M->0M) flushed
[35.547s][info][gc,phases   ] GC(105) Concurrent Mark 228.820ms
[35.550s][info][gc,phases   ] GC(105) Pause Mark End 0.306ms
[35.552s][info][gc,phases   ] GC(105) Concurrent Process Non-Strong References 1.795ms
[35.552s][info][gc,phases   ] GC(105) Concurrent Reset Relocation Set 0.017ms
[35.552s][info][gc,phases   ] GC(105) Concurrent Destroy Detached Pages 0.007ms
[35.553s][info][gc,phases   ] GC(105) Concurrent Select Relocation Set 1.508ms
[35.555s][info][gc,phases   ] GC(105) Concurrent Prepare Relocation Set 1.182ms
[35.557s][info][gc,phases   ] GC(105) Pause Relocate Start 2.363ms
[35.575s][info][gc          ] Allocation Stall (Executor task launch worker for task 0.0 in stage 7.0 (TID 7)) 11.998ms
[35.690s][info][gc,phases   ] GC(105) Concurrent Relocate 130.690ms
[35.690s][info][gc,load     ] GC(105) Load: 1.79/1.00/0.45
[35.690s][info][gc,mmu      ] GC(105) MMU: 2ms/0.0%, 5ms/0.0%, 10ms/0.0%, 20ms/0.0%, 50ms/59.1%, 100ms/77.1%
[35.690s][info][gc,marking  ] GC(105) Mark: 1 stripe(s), 2 proactive flush(es), 1 terminate flush(es), 0 completion(s), 0 continuation(s) 
[35.690s][info][gc,reloc    ] GC(105) Relocation: Successful, 25M relocated
[35.690s][info][gc,nmethod  ] GC(105) NMethods: 2752 registered, 0 unregistered
[35.690s][info][gc,metaspace] GC(105) Metaspace: 69M used, 73M capacity, 73M committed, 74M reserved
[35.690s][info][gc,ref      ] GC(105) Soft: 2532 encountered, 0 discovered, 0 enqueued
[35.690s][info][gc,ref      ] GC(105) Weak: 4474 encountered, 3485 discovered, 0 enqueued
[35.690s][info][gc,ref      ] GC(105) Final: 27 encountered, 0 discovered, 0 enqueued
[35.690s][info][gc,ref      ] GC(105) Phantom: 652 encountered, 648 discovered, 0 enqueued
[35.690s][info][gc,heap     ] GC(105)                Mark Start          Mark End        Relocate Start      Relocate End           High               Low         
[35.690s][info][gc,heap     ] GC(105)  Capacity:      500M (100%)        500M (100%)        500M (100%)        500M (100%)        500M (100%)        500M (100%)   
[35.690s][info][gc,heap     ] GC(105)   Reserve:       34M (7%)           34M (7%)           34M (7%)           34M (7%)           34M (7%)           32M (6%)     
[35.690s][info][gc,heap     ] GC(105)      Free:      178M (36%)           6M (1%)            6M (1%)           84M (17%)         178M (36%)           0M (0%)     
[35.690s][info][gc,heap     ] GC(105)      Used:      288M (58%)         460M (92%)         460M (92%)         382M (76%)         468M (94%)         288M (58%)    
[35.690s][info][gc,heap     ] GC(105)      Live:         -                53M (11%)          53M (11%)          53M (11%)            -                  -          
[35.690s][info][gc,heap     ] GC(105) Allocated:         -               172M (34%)         172M (34%)         316M (63%)            -                  -          
[35.690s][info][gc,heap     ] GC(105)   Garbage:         -               234M (47%)         234M (47%)          32M (6%)             -                  -          
[35.690s][info][gc,heap     ] GC(105) Reclaimed:         -                  -                 0M (0%)          202M (40%)            -                  -          
[35.690s][info][gc          ] GC(105) Garbage Collection (Allocation Rate) 288M(58%)->382M(76%)
[35.713s][info][gc,start    ] GC(106) Garbage Collection (Allocation Rate)
[35.721s][info][gc,phases   ] GC(106) Pause Mark Start 2.804ms
[35.955s][info][gc,phases   ] GC(106) Concurrent Mark 233.696ms
[35.959s][info][gc,phases   ] GC(106) Pause Mark End 3.400ms
[35.960s][info][gc,phases   ] GC(106) Concurrent Process Non-Strong References 1.408ms
[35.960s][info][gc,phases   ] GC(106) Concurrent Reset Relocation Set 0.221ms
[35.960s][info][gc,phases   ] GC(106) Concurrent Destroy Detached Pages 0.001ms
[35.962s][info][gc,phases   ] GC(106) Concurrent Select Relocation Set 1.557ms
[35.965s][info][gc,phases   ] GC(106) Concurrent Prepare Relocation Set 3.178ms
[35.968s][info][gc,phases   ] GC(106) Pause Relocate Start 2.336ms
[35.972s][info][gc          ] Allocation Stall (Executor task launch worker for task 0.0 in stage 7.0 (TID 7)) 192.300ms
[35.973s][info][gc          ] Allocation Stall (Executor task launch worker for task 0.0 in stage 7.0 (TID 7)) 0.291ms
[35.974s][info][gc          ] Allocation Stall (Executor task launch worker for task 0.0 in stage 7.0 (TID 7)) 0.323ms
[35.975s][info][gc          ] Allocation Stall (Executor task launch worker for task 0.0 in stage 7.0 (TID 7)) 0.367ms
[35.976s][info][gc          ] Allocation Stall (Executor task launch worker for task 0.0 in stage 7.0 (TID 7)) 0.373ms
[35.977s][info][gc          ] Allocation Stall (Executor task launch worker for task 0.0 in stage 7.0 (TID 7)) 0.382ms
[35.983s][info][gc          ] Allocation Stall (Executor task launch worker for task 0.0 in stage 7.0 (TID 7)) 5.240ms
[36.161s][info][gc,heap     ] Page Cache Flushed: 10M requested, 10M(112M->102M) flushed
[36.176s][info][gc,phases   ] GC(106) Concurrent Relocate 205.213ms
[36.177s][info][gc,load     ] GC(106) Load: 1.79/1.00/0.45
[36.177s][info][gc,mmu      ] GC(106) MMU: 2ms/0.0%, 5ms/0.0%, 10ms/0.0%, 20ms/0.0%, 50ms/59.1%, 100ms/77.1%
[36.177s][info][gc,marking  ] GC(106) Mark: 1 stripe(s), 2 proactive flush(es), 1 terminate flush(es), 0 completion(s), 0 continuation(s) 
[36.177s][info][gc,reloc    ] GC(106) Relocation: Successful, 30M relocated
[36.177s][info][gc,nmethod  ] GC(106) NMethods: 2752 registered, 0 unregistered
[36.177s][info][gc,metaspace] GC(106) Metaspace: 69M used, 73M capacity, 73M committed, 74M reserved
[36.177s][info][gc,ref      ] GC(106) Soft: 2532 encountered, 0 discovered, 0 enqueued
[36.177s][info][gc,ref      ] GC(106) Weak: 4474 encountered, 3485 discovered, 0 enqueued
[36.177s][info][gc,ref      ] GC(106) Final: 27 encountered, 0 discovered, 0 enqueued
[36.177s][info][gc,ref      ] GC(106) Phantom: 652 encountered, 648 discovered, 0 enqueued
[36.177s][info][gc,heap     ] GC(106)                Mark Start          Mark End        Relocate Start      Relocate End           High               Low         
[36.177s][info][gc,heap     ] GC(106)  Capacity:      500M (100%)        500M (100%)        500M (100%)        500M (100%)        500M (100%)        500M (100%)   
[36.177s][info][gc,heap     ] GC(106)   Reserve:       34M (7%)           34M (7%)           34M (7%)           34M (7%)           34M (7%)           32M (6%)     
[36.177s][info][gc,heap     ] GC(106)      Free:       54M (11%)           0M (0%)            0M (0%)          126M (25%)         126M (25%)           0M (0%)     
[36.177s][info][gc,heap     ] GC(106)      Used:      412M (82%)         466M (93%)         466M (93%)         340M (68%)         468M (94%)         340M (68%)    
[36.177s][info][gc,heap     ] GC(106)      Live:         -                80M (16%)          80M (16%)          80M (16%)            -                  -          
[36.177s][info][gc,heap     ] GC(106) Allocated:         -                54M (11%)          54M (11%)         250M (50%)            -                  -          
[36.177s][info][gc,heap     ] GC(106)   Garbage:         -               331M (66%)         331M (66%)          33M (7%)             -                  -          
[36.177s][info][gc,heap     ] GC(106) Reclaimed:         -                  -                 0M (0%)          298M (60%)            -                  -          
[36.177s][info][gc          ] GC(106) Garbage Collection (Allocation Rate) 412M(82%)->340M(68%)
[36.214s][info][gc,start    ] GC(107) Garbage Collection (Allocation Rate)
[36.225s][info][gc,phases   ] GC(107) Pause Mark Start 2.816ms
[36.481s][info][gc,phases   ] GC(107) Concurrent Mark 249.736ms
[36.481s][info][gc,phases   ] GC(107) Pause Mark End 0.291ms
[36.483s][info][gc,phases   ] GC(107) Concurrent Process Non-Strong References 1.465ms
[36.483s][info][gc,phases   ] GC(107) Concurrent Reset Relocation Set 0.302ms
[36.483s][info][gc,phases   ] GC(107) Concurrent Destroy Detached Pages 0.008ms
[36.485s][info][gc          ] Allocation Stall (Executor task launch worker for task 0.0 in stage 7.0 (TID 7)) 96.963ms
[36.486s][info][gc,heap     ] Page Cache Flushed: 2M requested, 6M(6M->0M) flushed
[36.487s][info][gc,phases   ] GC(107) Concurrent Select Relocation Set 4.132ms
[36.489s][info][gc,phases   ] GC(107) Concurrent Prepare Relocation Set 1.444ms
[36.493s][info][gc,phases   ] GC(107) Pause Relocate Start 2.264ms
[36.494s][info][gc          ] Allocation Stall (Executor task launch worker for task 0.0 in stage 7.0 (TID 7)) 0.413ms
[36.496s][info][gc          ] Allocation Stall (Executor task launch worker for task 0.0 in stage 7.0 (TID 7)) 0.350ms
[36.497s][info][gc          ] Allocation Stall (Executor task launch worker for task 0.0 in stage 7.0 (TID 7)) 0.371ms
[36.498s][info][gc          ] Allocation Stall (Executor task launch worker for task 0.0 in stage 7.0 (TID 7)) 0.389ms
[36.503s][info][gc          ] Allocation Stall (Executor task launch worker for task 0.0 in stage 7.0 (TID 7)) 4.304ms
[36.514s][info][gc          ] Allocation Stall (Executor task launch worker for task 0.0 in stage 7.0 (TID 7)) 4.560ms
[36.591s][info][gc,phases   ] GC(107) Concurrent Relocate 97.391ms
[36.592s][info][gc,load     ] GC(107) Load: 1.79/1.00/0.45
[36.592s][info][gc,mmu      ] GC(107) MMU: 2ms/0.0%, 5ms/0.0%, 10ms/0.0%, 20ms/0.0%, 50ms/59.1%, 100ms/77.1%
[36.592s][info][gc,marking  ] GC(107) Mark: 1 stripe(s), 2 proactive flush(es), 1 terminate flush(es), 0 completion(s), 0 continuation(s) 
[36.592s][info][gc,reloc    ] GC(107) Relocation: Successful, 24M relocated
[36.592s][info][gc,nmethod  ] GC(107) NMethods: 2754 registered, 0 unregistered
[36.592s][info][gc,metaspace] GC(107) Metaspace: 69M used, 73M capacity, 73M committed, 74M reserved
[36.592s][info][gc,ref      ] GC(107) Soft: 2532 encountered, 0 discovered, 0 enqueued
[36.592s][info][gc,ref      ] GC(107) Weak: 4474 encountered, 3485 discovered, 0 enqueued
[36.592s][info][gc,ref      ] GC(107) Final: 27 encountered, 0 discovered, 0 enqueued
[36.592s][info][gc,ref      ] GC(107) Phantom: 652 encountered, 648 discovered, 0 enqueued
[36.592s][info][gc,heap     ] GC(107)                Mark Start          Mark End        Relocate Start      Relocate End           High               Low         
[36.592s][info][gc,heap     ] GC(107)  Capacity:      500M (100%)        500M (100%)        500M (100%)        500M (100%)        500M (100%)        500M (100%)   
[36.592s][info][gc,heap     ] GC(107)   Reserve:       34M (7%)           34M (7%)           34M (7%)           34M (7%)           34M (7%)           32M (6%)     
[36.592s][info][gc,heap     ] GC(107)      Free:      114M (23%)           0M (0%)            0M (0%)           84M (17%)         114M (23%)           0M (0%)     
[36.592s][info][gc,heap     ] GC(107)      Used:      352M (70%)         466M (93%)         466M (93%)         382M (76%)         468M (94%)         352M (70%)    
[36.592s][info][gc,heap     ] GC(107)      Live:         -               101M (20%)         101M (20%)         101M (20%)            -                  -          
[36.592s][info][gc,heap     ] GC(107) Allocated:         -               114M (23%)         120M (24%)         266M (53%)            -                  -          
[36.592s][info][gc,heap     ] GC(107)   Garbage:         -               250M (50%)         244M (49%)          32M (7%)             -                  -          
[36.592s][info][gc,heap     ] GC(107) Reclaimed:         -                  -                 6M (1%)          218M (44%)            -                  -          
[36.592s][info][gc          ] GC(107) Garbage Collection (Allocation Rate) 352M(70%)->382M(76%)
[36.613s][info][gc,start    ] GC(108) Garbage Collection (Allocation Rate)
[36.618s][info][gc,phases   ] GC(108) Pause Mark Start 2.651ms
[36.773s][info][gc,phases   ] GC(108) Concurrent Mark 154.358ms
[36.773s][info][gc,phases   ] GC(108) Pause Mark End 0.297ms
[36.775s][info][gc,phases   ] GC(108) Concurrent Process Non-Strong References 1.423ms
[36.775s][info][gc,phases   ] GC(108) Concurrent Reset Relocation Set 0.216ms
[36.775s][info][gc,phases   ] GC(108) Concurrent Destroy Detached Pages 0.003ms
[36.776s][info][gc,phases   ] GC(108) Concurrent Select Relocation Set 1.494ms
[36.778s][info][gc,phases   ] GC(108) Concurrent Prepare Relocation Set 2.071ms
[36.781s][info][gc,phases   ] GC(108) Pause Relocate Start 2.217ms
[36.781s][info][gc          ] Allocation Stall (Executor task launch worker for task 0.0 in stage 7.0 (TID 7)) 150.904ms
[36.782s][info][gc          ] Allocation Stall (Spark Context Cleaner) 106.696ms
[36.783s][info][gc          ] Allocation Stall (Executor task launch worker for task 0.0 in stage 7.0 (TID 7)) 0.876ms
[36.785s][info][gc          ] Allocation Stall (Executor task launch worker for task 0.0 in stage 7.0 (TID 7)) 0.385ms
[36.786s][info][gc          ] Allocation Stall (Executor task launch worker for task 0.0 in stage 7.0 (TID 7)) 0.371ms
[36.787s][info][gc          ] Allocation Stall (Executor task launch worker for task 0.0 in stage 7.0 (TID 7)) 0.375ms
[36.791s][info][gc          ] Allocation Stall (Executor task launch worker for task 0.0 in stage 7.0 (TID 7)) 3.313ms
[36.916s][info][gc,phases   ] GC(108) Concurrent Relocate 134.819ms
[36.916s][info][gc,load     ] GC(108) Load: 1.73/1.00/0.45
[36.916s][info][gc,mmu      ] GC(108) MMU: 2ms/0.0%, 5ms/0.0%, 10ms/0.0%, 20ms/0.0%, 50ms/59.1%, 100ms/77.1%
[36.916s][info][gc,marking  ] GC(108) Mark: 1 stripe(s), 2 proactive flush(es), 1 terminate flush(es), 0 completion(s), 0 continuation(s) 
[36.916s][info][gc,reloc    ] GC(108) Relocation: Successful, 31M relocated
[36.916s][info][gc,nmethod  ] GC(108) NMethods: 2754 registered, 0 unregistered
[36.916s][info][gc,metaspace] GC(108) Metaspace: 69M used, 73M capacity, 73M committed, 74M reserved
[36.916s][info][gc,ref      ] GC(108) Soft: 2532 encountered, 0 discovered, 0 enqueued
[36.916s][info][gc,ref      ] GC(108) Weak: 4474 encountered, 3486 discovered, 0 enqueued
[36.916s][info][gc,ref      ] GC(108) Final: 27 encountered, 0 discovered, 0 enqueued
[36.916s][info][gc,ref      ] GC(108) Phantom: 652 encountered, 648 discovered, 0 enqueued
[36.916s][info][gc,heap     ] GC(108)                Mark Start          Mark End        Relocate Start      Relocate End           High               Low         
[36.916s][info][gc,heap     ] GC(108)  Capacity:      500M (100%)        500M (100%)        500M (100%)        500M (100%)        500M (100%)        500M (100%)   
[36.916s][info][gc,heap     ] GC(108)   Reserve:       34M (7%)           34M (7%)           34M (7%)           34M (7%)           34M (7%)           32M (6%)     
[36.916s][info][gc,heap     ] GC(108)      Free:       22M (4%)            0M (0%)            0M (0%)          118M (24%)         126M (25%)           0M (0%)     
[36.916s][info][gc,heap     ] GC(108)      Used:      444M (89%)         466M (93%)         466M (93%)         348M (70%)         468M (94%)         340M (68%)    
[36.916s][info][gc,heap     ] GC(108)      Live:         -               124M (25%)         124M (25%)         124M (25%)            -                  -          
[36.916s][info][gc,heap     ] GC(108) Allocated:         -                22M (4%)           22M (4%)          216M (43%)            -                  -          
[36.916s][info][gc,heap     ] GC(108)   Garbage:         -               319M (64%)         319M (64%)          33M (7%)             -                  -          
[36.916s][info][gc,heap     ] GC(108) Reclaimed:         -                  -                 0M (0%)          286M (57%)            -                  -          
[36.916s][info][gc          ] GC(108) Garbage Collection (Allocation Rate) 444M(89%)->348M(70%)
[37.013s][info][gc,start    ] GC(109) Garbage Collection (Allocation Rate)
[37.018s][info][gc,phases   ] GC(109) Pause Mark Start 2.663ms
[37.226s][info][gc,phases   ] GC(109) Concurrent Mark 207.632ms
[37.226s][info][gc,phases   ] GC(109) Pause Mark End 0.360ms
[37.228s][info][gc,phases   ] GC(109) Concurrent Process Non-Strong References 1.424ms
[37.228s][info][gc,phases   ] GC(109) Concurrent Reset Relocation Set 0.294ms
[37.228s][info][gc,phases   ] GC(109) Concurrent Destroy Detached Pages 0.001ms
[37.229s][info][gc,phases   ] GC(109) Concurrent Select Relocation Set 1.510ms
[37.231s][info][gc          ] Allocation Stall (Executor task launch worker for task 0.0 in stage 7.0 (TID 7)) 124.005ms
[37.235s][info][gc,phases   ] GC(109) Concurrent Prepare Relocation Set 5.371ms
[37.240s][info][gc,phases   ] GC(109) Pause Relocate Start 2.540ms
[37.329s][info][gc,phases   ] GC(109) Concurrent Relocate 89.408ms
[37.329s][info][gc,load     ] GC(109) Load: 1.73/1.00/0.45
[37.329s][info][gc,mmu      ] GC(109) MMU: 2ms/0.0%, 5ms/0.0%, 10ms/0.0%, 20ms/0.0%, 50ms/59.1%, 100ms/77.1%
[37.329s][info][gc,marking  ] GC(109) Mark: 1 stripe(s), 2 proactive flush(es), 1 terminate flush(es), 0 completion(s), 0 continuation(s) 
[37.329s][info][gc,reloc    ] GC(109) Relocation: Successful, 24M relocated
[37.329s][info][gc,nmethod  ] GC(109) NMethods: 2761 registered, 0 unregistered
[37.329s][info][gc,metaspace] GC(109) Metaspace: 69M used, 73M capacity, 73M committed, 74M reserved
[37.329s][info][gc,ref      ] GC(109) Soft: 2533 encountered, 0 discovered, 0 enqueued
[37.329s][info][gc,ref      ] GC(109) Weak: 4474 encountered, 3486 discovered, 0 enqueued
[37.329s][info][gc,ref      ] GC(109) Final: 27 encountered, 0 discovered, 0 enqueued
[37.329s][info][gc,ref      ] GC(109) Phantom: 652 encountered, 648 discovered, 0 enqueued
[37.329s][info][gc,heap     ] GC(109)                Mark Start          Mark End        Relocate Start      Relocate End           High               Low         
[37.329s][info][gc,heap     ] GC(109)  Capacity:      500M (100%)        500M (100%)        500M (100%)        500M (100%)        500M (100%)        500M (100%)   
[37.329s][info][gc,heap     ] GC(109)   Reserve:       34M (7%)           34M (7%)           34M (7%)           34M (7%)           34M (7%)           34M (7%)     
[37.329s][info][gc,heap     ] GC(109)      Free:       48M (10%)           0M (0%)           42M (8%)          188M (38%)         188M (38%)           0M (0%)     
[37.329s][info][gc,heap     ] GC(109)      Used:      418M (84%)         466M (93%)         424M (85%)         278M (56%)         466M (93%)         278M (56%)    
[37.329s][info][gc,heap     ] GC(109)      Live:         -               139M (28%)         139M (28%)         139M (28%)            -                  -          
[37.329s][info][gc,heap     ] GC(109) Allocated:         -                48M (10%)          54M (11%)         124M (25%)            -                  -          
[37.330s][info][gc,heap     ] GC(109)   Garbage:         -               278M (56%)         230M (46%)          32M (7%)             -                  -          
[37.330s][info][gc,heap     ] GC(109) Reclaimed:         -                  -                48M (10%)         246M (49%)            -                  -          
[37.330s][info][gc          ] GC(109) Garbage Collection (Allocation Rate) 418M(84%)->278M(56%)
[37.413s][info][gc,start    ] GC(110) Garbage Collection (Allocation Rate)
[37.418s][info][gc,phases   ] GC(110) Pause Mark Start 2.664ms
[37.637s][info][gc,phases   ] GC(110) Concurrent Mark 218.672ms
[37.638s][info][gc,phases   ] GC(110) Pause Mark End 0.286ms
[37.639s][info][gc,phases   ] GC(110) Concurrent Process Non-Strong References 1.415ms
[37.639s][info][gc,phases   ] GC(110) Concurrent Reset Relocation Set 0.201ms
[37.639s][info][gc,phases   ] GC(110) Concurrent Destroy Detached Pages 0.000ms
[37.641s][info][gc,phases   ] GC(110) Concurrent Select Relocation Set 1.501ms
[37.641s][info][gc,phases   ] GC(110) Concurrent Prepare Relocation Set 0.034ms
[37.643s][info][gc,phases   ] GC(110) Pause Relocate Start 2.246ms
[37.643s][info][gc          ] Allocation Stall (Executor task launch worker for task 0.0 in stage 7.0 (TID 7)) 66.255ms
[37.649s][info][gc,phases   ] GC(110) Concurrent Relocate 1.781ms
[37.649s][info][gc,load     ] GC(110) Load: 1.73/1.00/0.45
[37.649s][info][gc,mmu      ] GC(110) MMU: 2ms/0.0%, 5ms/0.0%, 10ms/0.0%, 20ms/0.0%, 50ms/59.1%, 100ms/77.1%
[37.649s][info][gc,marking  ] GC(110) Mark: 1 stripe(s), 2 proactive flush(es), 1 terminate flush(es), 0 completion(s), 0 continuation(s) 
[37.649s][info][gc,reloc    ] GC(110) Relocation: Successful, 8M relocated
[37.649s][info][gc,nmethod  ] GC(110) NMethods: 2761 registered, 0 unregistered
[37.649s][info][gc,metaspace] GC(110) Metaspace: 69M used, 73M capacity, 73M committed, 74M reserved
[37.649s][info][gc,ref      ] GC(110) Soft: 2533 encountered, 0 discovered, 0 enqueued
[37.649s][info][gc,ref      ] GC(110) Weak: 4474 encountered, 3486 discovered, 0 enqueued
[37.649s][info][gc,ref      ] GC(110) Final: 27 encountered, 0 discovered, 0 enqueued
[37.649s][info][gc,ref      ] GC(110) Phantom: 652 encountered, 648 discovered, 0 enqueued
[37.649s][info][gc,heap     ] GC(110)                Mark Start          Mark End        Relocate Start      Relocate End           High               Low         
[37.649s][info][gc,heap     ] GC(110)  Capacity:      500M (100%)        500M (100%)        500M (100%)        500M (100%)        500M (100%)        500M (100%)   
[37.649s][info][gc,heap     ] GC(110)   Reserve:       34M (7%)           34M (7%)           34M (7%)           34M (7%)           34M (7%)           34M (7%)     
[37.649s][info][gc,heap     ] GC(110)      Free:       96M (19%)           0M (0%)          166M (33%)         192M (38%)         192M (38%)           0M (0%)     
[37.649s][info][gc,heap     ] GC(110)      Used:      370M (74%)         466M (93%)         300M (60%)         274M (55%)         466M (93%)         274M (55%)    
[37.649s][info][gc,heap     ] GC(110)      Live:         -               139M (28%)         139M (28%)         139M (28%)            -                  -          
[37.649s][info][gc,heap     ] GC(110) Allocated:         -                96M (19%)          98M (20%)         104M (21%)            -                  -          
[37.649s][info][gc,heap     ] GC(110)   Garbage:         -               230M (46%)          62M (13%)          34M (7%)             -                  -          
[37.649s][info][gc,heap     ] GC(110) Reclaimed:         -                  -               168M (34%)         196M (39%)            -                  -          
[37.649s][info][gc          ] GC(110) Garbage Collection (Allocation Rate) 370M(74%)->274M(55%)
[37.714s][info][gc,start    ] GC(111) Garbage Collection (Allocation Rate)
[37.719s][info][gc,phases   ] GC(111) Pause Mark Start 2.675ms
[37.945s][info][gc,phases   ] GC(111) Concurrent Mark 226.583ms
[37.946s][info][gc,phases   ] GC(111) Pause Mark End 0.294ms
[37.947s][info][gc,phases   ] GC(111) Concurrent Process Non-Strong References 1.474ms
[37.947s][info][gc,phases   ] GC(111) Concurrent Reset Relocation Set 0.005ms
[37.947s][info][gc,phases   ] GC(111) Concurrent Destroy Detached Pages 0.001ms
[37.949s][info][gc,phases   ] GC(111) Concurrent Select Relocation Set 1.509ms
[37.949s][info][gc,phases   ] GC(111) Concurrent Prepare Relocation Set 0.031ms
[37.951s][info][gc,phases   ] GC(111) Pause Relocate Start 2.157ms
[37.951s][info][gc          ] Allocation Stall (Executor task launch worker for task 0.0 in stage 7.0 (TID 7)) 45.599ms
[37.957s][info][gc,phases   ] GC(111) Concurrent Relocate 1.816ms
[37.957s][info][gc,load     ] GC(111) Load: 1.73/1.00/0.45
[37.957s][info][gc,mmu      ] GC(111) MMU: 2ms/0.0%, 5ms/0.0%, 10ms/0.0%, 20ms/0.0%, 50ms/59.1%, 100ms/77.1%
[37.957s][info][gc,marking  ] GC(111) Mark: 1 stripe(s), 2 proactive flush(es), 1 terminate flush(es), 0 completion(s), 0 continuation(s) 
[37.957s][info][gc,reloc    ] GC(111) Relocation: Successful, 8M relocated
[37.957s][info][gc,nmethod  ] GC(111) NMethods: 2761 registered, 0 unregistered
[37.957s][info][gc,metaspace] GC(111) Metaspace: 69M used, 73M capacity, 73M committed, 74M reserved
[37.957s][info][gc,ref      ] GC(111) Soft: 2533 encountered, 0 discovered, 0 enqueued
[37.957s][info][gc,ref      ] GC(111) Weak: 4474 encountered, 3486 discovered, 0 enqueued
[37.957s][info][gc,ref      ] GC(111) Final: 27 encountered, 0 discovered, 0 enqueued
[37.957s][info][gc,ref      ] GC(111) Phantom: 652 encountered, 648 discovered, 0 enqueued
[37.957s][info][gc,heap     ] GC(111)                Mark Start          Mark End        Relocate Start      Relocate End           High               Low         
[37.957s][info][gc,heap     ] GC(111)  Capacity:      500M (100%)        500M (100%)        500M (100%)        500M (100%)        500M (100%)        500M (100%)   
[37.957s][info][gc,heap     ] GC(111)   Reserve:       34M (7%)           34M (7%)           34M (7%)           34M (7%)           34M (7%)           34M (7%)     
[37.957s][info][gc,heap     ] GC(111)      Free:      114M (23%)           0M (0%)          168M (34%)         174M (35%)         174M (35%)           0M (0%)     
[37.957s][info][gc,heap     ] GC(111)      Used:      352M (70%)         466M (93%)         298M (60%)         292M (58%)         466M (93%)         292M (58%)    
[37.957s][info][gc,heap     ] GC(111)      Live:         -               139M (28%)         139M (28%)         139M (28%)            -                  -          
[37.957s][info][gc,heap     ] GC(111) Allocated:         -               114M (23%)         116M (23%)         122M (24%)            -                  -          
[37.957s][info][gc,heap     ] GC(111)   Garbage:         -               212M (43%)          42M (9%)           32M (7%)             -                  -          
[37.957s][info][gc,heap     ] GC(111) Reclaimed:         -                  -               170M (34%)         180M (36%)            -                  -          
[37.957s][info][gc          ] GC(111) Garbage Collection (Allocation Rate) 352M(70%)->292M(58%)
[38.013s][info][gc,start    ] GC(112) Garbage Collection (Allocation Rate)
[38.018s][info][gc,phases   ] GC(112) Pause Mark Start 2.644ms
[38.255s][info][gc,phases   ] GC(112) Concurrent Mark 236.417ms
[38.255s][info][gc,phases   ] GC(112) Pause Mark End 0.287ms
[38.257s][info][gc,phases   ] GC(112) Concurrent Process Non-Strong References 1.426ms
[38.257s][info][gc,phases   ] GC(112) Concurrent Reset Relocation Set 0.003ms
[38.257s][info][gc,phases   ] GC(112) Concurrent Destroy Detached Pages 0.000ms
[38.258s][info][gc,phases   ] GC(112) Concurrent Select Relocation Set 1.520ms
[38.259s][info][gc,phases   ] GC(112) Concurrent Prepare Relocation Set 0.031ms
[38.261s][info][gc,phases   ] GC(112) Pause Relocate Start 2.203ms
[38.261s][info][gc          ] Allocation Stall (Executor task launch worker for task 0.0 in stage 7.0 (TID 7)) 60.976ms
[38.268s][info][gc,phases   ] GC(112) Concurrent Relocate 5.342ms
[38.268s][info][gc,load     ] GC(112) Load: 1.73/1.00/0.45
[38.268s][info][gc,mmu      ] GC(112) MMU: 2ms/0.0%, 5ms/0.0%, 10ms/0.0%, 20ms/0.0%, 50ms/59.1%, 100ms/77.1%
[38.268s][info][gc,marking  ] GC(112) Mark: 1 stripe(s), 2 proactive flush(es), 1 terminate flush(es), 0 completion(s), 0 continuation(s) 
[38.268s][info][gc,reloc    ] GC(112) Relocation: Successful, 8M relocated
[38.268s][info][gc,nmethod  ] GC(112) NMethods: 2761 registered, 0 unregistered
[38.268s][info][gc,metaspace] GC(112) Metaspace: 69M used, 73M capacity, 73M committed, 74M reserved
[38.268s][info][gc,ref      ] GC(112) Soft: 2533 encountered, 0 discovered, 0 enqueued
[38.268s][info][gc,ref      ] GC(112) Weak: 4474 encountered, 3486 discovered, 0 enqueued
[38.268s][info][gc,ref      ] GC(112) Final: 27 encountered, 0 discovered, 0 enqueued
[38.268s][info][gc,ref      ] GC(112) Phantom: 652 encountered, 648 discovered, 0 enqueued
[38.268s][info][gc,heap     ] GC(112)                Mark Start          Mark End        Relocate Start      Relocate End           High               Low         
[38.268s][info][gc,heap     ] GC(112)  Capacity:      500M (100%)        500M (100%)        500M (100%)        500M (100%)        500M (100%)        500M (100%)   
[38.268s][info][gc,heap     ] GC(112)   Reserve:       34M (7%)           34M (7%)           34M (7%)           34M (7%)           34M (7%)           34M (7%)     
[38.268s][info][gc,heap     ] GC(112)      Free:      104M (21%)           0M (0%)          180M (36%)         182M (36%)         182M (36%)           0M (0%)     
[38.268s][info][gc,heap     ] GC(112)      Used:      362M (72%)         466M (93%)         286M (57%)         284M (57%)         466M (93%)         284M (57%)    
[38.268s][info][gc,heap     ] GC(112)      Live:         -               139M (28%)         139M (28%)         139M (28%)            -                  -          
[38.268s][info][gc,heap     ] GC(112) Allocated:         -               104M (21%)         106M (21%)         114M (23%)            -                  -          
[38.268s][info][gc,heap     ] GC(112)   Garbage:         -               222M (45%)          40M (8%)           34M (7%)             -                  -          
[38.268s][info][gc,heap     ] GC(112) Reclaimed:         -                  -               182M (36%)         188M (38%)            -                  -          
[38.268s][info][gc          ] GC(112) Garbage Collection (Allocation Rate) 362M(72%)->284M(57%)
[38.313s][info][gc,start    ] GC(113) Garbage Collection (Allocation Rate)
[38.318s][info][gc,phases   ] GC(113) Pause Mark Start 2.735ms
[38.563s][info][gc,phases   ] GC(113) Concurrent Mark 245.343ms
[38.564s][info][gc,phases   ] GC(113) Pause Mark End 0.321ms
[38.565s][info][gc,phases   ] GC(113) Concurrent Process Non-Strong References 1.371ms
[38.565s][info][gc,phases   ] GC(113) Concurrent Reset Relocation Set 0.003ms
[38.565s][info][gc,phases   ] GC(113) Concurrent Destroy Detached Pages 0.001ms
[38.567s][info][gc          ] Allocation Stall (Executor task launch worker for task 0.0 in stage 7.0 (TID 7)) 25.580ms
[38.570s][info][gc          ] Allocation Stall (RemoteBlock-temp-file-clean-thread) 23.392ms
[38.571s][info][gc,phases   ] GC(113) Concurrent Select Relocation Set 5.505ms
[38.571s][info][gc,phases   ] GC(113) Concurrent Prepare Relocation Set 0.036ms
[38.575s][info][gc,phases   ] GC(113) Pause Relocate Start 2.245ms
[38.580s][info][gc,phases   ] GC(113) Concurrent Relocate 4.850ms
[38.580s][info][gc,load     ] GC(113) Load: 1.73/1.00/0.45
[38.580s][info][gc,mmu      ] GC(113) MMU: 2ms/0.0%, 5ms/0.0%, 10ms/0.0%, 20ms/0.0%, 50ms/59.1%, 100ms/77.1%
[38.580s][info][gc,marking  ] GC(113) Mark: 1 stripe(s), 2 proactive flush(es), 1 terminate flush(es), 0 completion(s), 0 continuation(s) 
[38.580s][info][gc,reloc    ] GC(113) Relocation: Successful, 8M relocated
[38.580s][info][gc,nmethod  ] GC(113) NMethods: 2761 registered, 0 unregistered
[38.580s][info][gc,metaspace] GC(113) Metaspace: 69M used, 73M capacity, 73M committed, 74M reserved
[38.580s][info][gc,ref      ] GC(113) Soft: 2533 encountered, 0 discovered, 0 enqueued
[38.580s][info][gc,ref      ] GC(113) Weak: 4474 encountered, 3486 discovered, 0 enqueued
[38.580s][info][gc,ref      ] GC(113) Final: 27 encountered, 0 discovered, 0 enqueued
[38.580s][info][gc,ref      ] GC(113) Phantom: 652 encountered, 648 discovered, 0 enqueued
[38.580s][info][gc,heap     ] GC(113)                Mark Start          Mark End        Relocate Start      Relocate End           High               Low         
[38.580s][info][gc,heap     ] GC(113)  Capacity:      500M (100%)        500M (100%)        500M (100%)        500M (100%)        500M (100%)        500M (100%)   
[38.580s][info][gc,heap     ] GC(113)   Reserve:       34M (7%)           34M (7%)           34M (7%)           34M (7%)           34M (7%)           34M (7%)     
[38.580s][info][gc,heap     ] GC(113)      Free:      128M (26%)           0M (0%)          150M (30%)         156M (31%)         156M (31%)           0M (0%)     
[38.580s][info][gc,heap     ] GC(113)      Used:      338M (68%)         466M (93%)         316M (63%)         310M (62%)         466M (93%)         310M (62%)    
[38.580s][info][gc,heap     ] GC(113)      Live:         -               139M (28%)         139M (28%)         139M (28%)            -                  -          
[38.580s][info][gc,heap     ] GC(113) Allocated:         -               128M (26%)         136M (27%)         142M (28%)            -                  -          
[38.580s][info][gc,heap     ] GC(113)   Garbage:         -               198M (40%)          42M (9%)           32M (7%)             -                  -          
[38.580s][info][gc,heap     ] GC(113) Reclaimed:         -                  -               156M (31%)         166M (33%)            -                  -          
[38.580s][info][gc          ] GC(113) Garbage Collection (Allocation Rate) 338M(68%)->310M(62%)
[38.613s][info][gc,start    ] GC(114) Garbage Collection (Allocation Rate)
[38.618s][info][gc,phases   ] GC(114) Pause Mark Start 2.691ms
[38.846s][info][gc,phases   ] GC(114) Concurrent Mark 227.230ms
[38.846s][info][gc,phases   ] GC(114) Pause Mark End 0.292ms
[38.848s][info][gc,phases   ] GC(114) Concurrent Process Non-Strong References 1.384ms
[38.848s][info][gc,phases   ] GC(114) Concurrent Reset Relocation Set 0.003ms
[38.848s][info][gc,phases   ] GC(114) Concurrent Destroy Detached Pages 0.000ms
[38.849s][info][gc,phases   ] GC(114) Concurrent Select Relocation Set 1.523ms
[38.849s][info][gc,phases   ] GC(114) Concurrent Prepare Relocation Set 0.031ms
[38.852s][info][gc,phases   ] GC(114) Pause Relocate Start 2.143ms
[38.852s][info][gc          ] Allocation Stall (Executor task launch worker for task 0.0 in stage 7.0 (TID 7)) 39.539ms
[38.857s][info][gc,phases   ] GC(114) Concurrent Relocate 1.824ms
[38.857s][info][gc,load     ] GC(114) Load: 1.73/1.00/0.45
[38.857s][info][gc,mmu      ] GC(114) MMU: 2ms/0.0%, 5ms/0.0%, 10ms/0.0%, 20ms/0.0%, 50ms/59.1%, 100ms/77.1%
[38.857s][info][gc,marking  ] GC(114) Mark: 1 stripe(s), 2 proactive flush(es), 1 terminate flush(es), 0 completion(s), 0 continuation(s) 
[38.857s][info][gc,reloc    ] GC(114) Relocation: Successful, 8M relocated
[38.857s][info][gc,nmethod  ] GC(114) NMethods: 2761 registered, 0 unregistered
[38.857s][info][gc,metaspace] GC(114) Metaspace: 69M used, 73M capacity, 73M committed, 74M reserved
[38.857s][info][gc,ref      ] GC(114) Soft: 2533 encountered, 0 discovered, 0 enqueued
[38.857s][info][gc,ref      ] GC(114) Weak: 4474 encountered, 3486 discovered, 0 enqueued
[38.857s][info][gc,ref      ] GC(114) Final: 27 encountered, 0 discovered, 0 enqueued
[38.857s][info][gc,ref      ] GC(114) Phantom: 652 encountered, 648 discovered, 0 enqueued
[38.857s][info][gc,heap     ] GC(114)                Mark Start          Mark End        Relocate Start      Relocate End           High               Low         
[38.857s][info][gc,heap     ] GC(114)  Capacity:      500M (100%)        500M (100%)        500M (100%)        500M (100%)        500M (100%)        500M (100%)   
[38.857s][info][gc,heap     ] GC(114)   Reserve:       34M (7%)           34M (7%)           34M (7%)           34M (7%)           34M (7%)           34M (7%)     
[38.857s][info][gc,heap     ] GC(114)      Free:      116M (23%)           0M (0%)          168M (34%)         174M (35%)         174M (35%)           0M (0%)     
[38.857s][info][gc,heap     ] GC(114)      Used:      350M (70%)         466M (93%)         298M (60%)         292M (58%)         466M (93%)         292M (58%)    
[38.857s][info][gc,heap     ] GC(114)      Live:         -               139M (28%)         139M (28%)         139M (28%)            -                  -          
[38.857s][info][gc,heap     ] GC(114) Allocated:         -               116M (23%)         118M (24%)         122M (24%)            -                  -          
[38.857s][info][gc,heap     ] GC(114)   Garbage:         -               210M (42%)          40M (8%)           32M (7%)             -                  -          
[38.857s][info][gc,heap     ] GC(114) Reclaimed:         -                  -               170M (34%)         178M (36%)            -                  -          
[38.857s][info][gc          ] GC(114) Garbage Collection (Allocation Rate) 350M(70%)->292M(58%)
[38.913s][info][gc,start    ] GC(115) Garbage Collection (Allocation Rate)
[38.919s][info][gc,phases   ] GC(115) Pause Mark Start 2.676ms
[39.141s][info][gc,phases   ] GC(115) Concurrent Mark 222.036ms
[39.141s][info][gc,phases   ] GC(115) Pause Mark End 0.346ms
[39.143s][info][gc,phases   ] GC(115) Concurrent Process Non-Strong References 1.379ms
[39.143s][info][gc,phases   ] GC(115) Concurrent Reset Relocation Set 0.002ms
[39.143s][info][gc,phases   ] GC(115) Concurrent Destroy Detached Pages 0.000ms
[39.143s][info][gc          ] Allocation Stall (Executor task launch worker for task 0.0 in stage 7.0 (TID 7)) 57.283ms
[39.148s][info][gc,phases   ] GC(115) Concurrent Select Relocation Set 5.496ms
[39.148s][info][gc,phases   ] GC(115) Concurrent Prepare Relocation Set 0.030ms
[39.153s][info][gc,phases   ] GC(115) Pause Relocate Start 2.236ms
[39.161s][info][gc,phases   ] GC(115) Concurrent Relocate 7.993ms
[39.161s][info][gc,load     ] GC(115) Load: 1.73/1.00/0.45
[39.161s][info][gc,mmu      ] GC(115) MMU: 2ms/0.0%, 5ms/0.0%, 10ms/0.0%, 20ms/0.0%, 50ms/59.1%, 100ms/77.1%
[39.161s][info][gc,marking  ] GC(115) Mark: 1 stripe(s), 2 proactive flush(es), 1 terminate flush(es), 0 completion(s), 0 continuation(s) 
[39.161s][info][gc,reloc    ] GC(115) Relocation: Successful, 8M relocated
[39.161s][info][gc,nmethod  ] GC(115) NMethods: 2761 registered, 0 unregistered
[39.161s][info][gc,metaspace] GC(115) Metaspace: 69M used, 73M capacity, 73M committed, 74M reserved
[39.161s][info][gc,ref      ] GC(115) Soft: 2533 encountered, 0 discovered, 0 enqueued
[39.161s][info][gc,ref      ] GC(115) Weak: 4474 encountered, 3486 discovered, 0 enqueued
[39.161s][info][gc,ref      ] GC(115) Final: 27 encountered, 0 discovered, 0 enqueued
[39.161s][info][gc,ref      ] GC(115) Phantom: 652 encountered, 648 discovered, 0 enqueued
[39.161s][info][gc,heap     ] GC(115)                Mark Start          Mark End        Relocate Start      Relocate End           High               Low         
[39.161s][info][gc,heap     ] GC(115)  Capacity:      500M (100%)        500M (100%)        500M (100%)        500M (100%)        500M (100%)        500M (100%)   
[39.161s][info][gc,heap     ] GC(115)   Reserve:       34M (7%)           34M (7%)           34M (7%)           34M (7%)           34M (7%)           34M (7%)     
[39.161s][info][gc,heap     ] GC(115)      Free:      102M (20%)           0M (0%)          178M (36%)         180M (36%)         182M (36%)           0M (0%)     
[39.161s][info][gc,heap     ] GC(115)      Used:      364M (73%)         466M (93%)         288M (58%)         286M (57%)         466M (93%)         284M (57%)    
[39.161s][info][gc,heap     ] GC(115)      Live:         -               139M (28%)         139M (28%)         139M (28%)            -                  -          
[39.161s][info][gc,heap     ] GC(115) Allocated:         -               102M (20%)         108M (22%)         116M (23%)            -                  -          
[39.161s][info][gc,heap     ] GC(115)   Garbage:         -               224M (45%)          40M (8%)           32M (7%)             -                  -          
[39.161s][info][gc,heap     ] GC(115) Reclaimed:         -                  -               184M (37%)         192M (38%)            -                  -          
[39.161s][info][gc          ] GC(115) Garbage Collection (Allocation Rate) 364M(73%)->286M(57%)
[39.213s][info][gc,start    ] GC(116) Garbage Collection (Allocation Rate)
[39.219s][info][gc,phases   ] GC(116) Pause Mark Start 2.978ms
[39.473s][info][gc,phases   ] GC(116) Concurrent Mark 253.089ms
[39.473s][info][gc,phases   ] GC(116) Pause Mark End 0.289ms
[39.475s][info][gc,phases   ] GC(116) Concurrent Process Non-Strong References 1.484ms
[39.475s][info][gc,phases   ] GC(116) Concurrent Reset Relocation Set 0.003ms
[39.475s][info][gc,phases   ] GC(116) Concurrent Destroy Detached Pages 0.001ms
[39.477s][info][gc,phases   ] GC(116) Concurrent Select Relocation Set 1.540ms
[39.477s][info][gc,phases   ] GC(116) Concurrent Prepare Relocation Set 0.030ms
[39.480s][info][gc,phases   ] GC(116) Pause Relocate Start 3.344ms
[39.480s][info][gc          ] Allocation Stall (Executor task launch worker for task 0.0 in stage 7.0 (TID 7)) 39.789ms
[39.489s][info][gc,phases   ] GC(116) Concurrent Relocate 5.701ms
[39.489s][info][gc,load     ] GC(116) Load: 1.73/1.00/0.45
[39.489s][info][gc,mmu      ] GC(116) MMU: 2ms/0.0%, 5ms/0.0%, 10ms/0.0%, 20ms/0.0%, 50ms/59.1%, 100ms/77.1%
[39.489s][info][gc,marking  ] GC(116) Mark: 1 stripe(s), 2 proactive flush(es), 1 terminate flush(es), 0 completion(s), 0 continuation(s) 
[39.489s][info][gc,reloc    ] GC(116) Relocation: Successful, 8M relocated
[39.489s][info][gc,nmethod  ] GC(116) NMethods: 2772 registered, 0 unregistered
[39.489s][info][gc,metaspace] GC(116) Metaspace: 69M used, 73M capacity, 73M committed, 74M reserved
[39.489s][info][gc,ref      ] GC(116) Soft: 2533 encountered, 0 discovered, 0 enqueued
[39.489s][info][gc,ref      ] GC(116) Weak: 4474 encountered, 3508 discovered, 0 enqueued
[39.489s][info][gc,ref      ] GC(116) Final: 27 encountered, 0 discovered, 0 enqueued
[39.489s][info][gc,ref      ] GC(116) Phantom: 652 encountered, 648 discovered, 0 enqueued
[39.489s][info][gc,heap     ] GC(116)                Mark Start          Mark End        Relocate Start      Relocate End           High               Low         
[39.489s][info][gc,heap     ] GC(116)  Capacity:      500M (100%)        500M (100%)        500M (100%)        500M (100%)        500M (100%)        500M (100%)   
[39.489s][info][gc,heap     ] GC(116)   Reserve:       34M (7%)           34M (7%)           34M (7%)           34M (7%)           34M (7%)           34M (7%)     
[39.489s][info][gc,heap     ] GC(116)      Free:      120M (24%)           0M (0%)          166M (33%)         164M (33%)         166M (33%)           0M (0%)     
[39.489s][info][gc,heap     ] GC(116)      Used:      346M (69%)         466M (93%)         300M (60%)         302M (60%)         466M (93%)         300M (60%)    
[39.489s][info][gc,heap     ] GC(116)      Live:         -               139M (28%)         139M (28%)         139M (28%)            -                  -          
[39.489s][info][gc,heap     ] GC(116) Allocated:         -               120M (24%)         122M (24%)         132M (26%)            -                  -          
[39.489s][info][gc,heap     ] GC(116)   Garbage:         -               206M (41%)          38M (8%)           32M (7%)             -                  -          
[39.489s][info][gc,heap     ] GC(116) Reclaimed:         -                  -               168M (34%)         174M (35%)            -                  -          
[39.489s][info][gc          ] GC(116) Garbage Collection (Allocation Rate) 346M(69%)->302M(60%)
[39.513s][info][gc,start    ] GC(117) Garbage Collection (Allocation Rate)
[39.518s][info][gc,phases   ] GC(117) Pause Mark Start 2.745ms
[39.600s][info][gc,phases   ] GC(117) Concurrent Mark 81.853ms
[39.603s][info][gc,phases   ] GC(117) Pause Mark End 0.287ms
[39.604s][info][gc,phases   ] GC(117) Concurrent Process Non-Strong References 1.451ms
[39.605s][info][gc,phases   ] GC(117) Concurrent Reset Relocation Set 0.003ms
[39.605s][info][gc,phases   ] GC(117) Concurrent Destroy Detached Pages 0.000ms
[39.606s][info][gc,phases   ] GC(117) Concurrent Select Relocation Set 1.510ms
[39.606s][info][gc,phases   ] GC(117) Concurrent Prepare Relocation Set 0.033ms
[39.608s][info][gc,phases   ] GC(117) Pause Relocate Start 2.207ms
[39.615s][info][gc,phases   ] GC(117) Concurrent Relocate 6.520ms
[39.615s][info][gc,load     ] GC(117) Load: 1.73/1.00/0.45
[39.615s][info][gc,mmu      ] GC(117) MMU: 2ms/0.0%, 5ms/0.0%, 10ms/0.0%, 20ms/0.0%, 50ms/59.1%, 100ms/77.1%
[39.615s][info][gc,marking  ] GC(117) Mark: 1 stripe(s), 2 proactive flush(es), 1 terminate flush(es), 0 completion(s), 0 continuation(s) 
[39.615s][info][gc,reloc    ] GC(117) Relocation: Successful, 6M relocated
[39.615s][info][gc,nmethod  ] GC(117) NMethods: 2773 registered, 0 unregistered
[39.615s][info][gc,metaspace] GC(117) Metaspace: 69M used, 73M capacity, 73M committed, 74M reserved
[39.615s][info][gc,ref      ] GC(117) Soft: 2536 encountered, 0 discovered, 0 enqueued
[39.615s][info][gc,ref      ] GC(117) Weak: 4481 encountered, 3491 discovered, 3 enqueued
[39.615s][info][gc,ref      ] GC(117) Final: 27 encountered, 0 discovered, 0 enqueued
[39.615s][info][gc,ref      ] GC(117) Phantom: 652 encountered, 648 discovered, 0 enqueued
[39.615s][info][gc,heap     ] GC(117)                Mark Start          Mark End        Relocate Start      Relocate End           High               Low         
[39.615s][info][gc,heap     ] GC(117)  Capacity:      500M (100%)        500M (100%)        500M (100%)        500M (100%)        500M (100%)        500M (100%)   
[39.615s][info][gc,heap     ] GC(117)   Reserve:       34M (7%)           34M (7%)           34M (7%)           34M (7%)           34M (7%)           34M (7%)     
[39.615s][info][gc,heap     ] GC(117)      Free:      132M (26%)          78M (16%)         328M (66%)         344M (69%)         344M (69%)          78M (16%)    
[39.615s][info][gc,heap     ] GC(117)      Used:      334M (67%)         388M (78%)         138M (28%)         122M (24%)         388M (78%)         122M (24%)    
[39.615s][info][gc,heap     ] GC(117)      Live:         -                30M (6%)           30M (6%)           30M (6%)             -                  -          
[39.615s][info][gc,heap     ] GC(117) Allocated:         -                54M (11%)          54M (11%)          62M (12%)            -                  -          
[39.615s][info][gc,heap     ] GC(117)   Garbage:         -               303M (61%)          53M (11%)          31M (6%)             -                  -          
[39.615s][info][gc,heap     ] GC(117) Reclaimed:         -                  -               250M (50%)         272M (54%)            -                  -          
[39.615s][info][gc          ] GC(117) Garbage Collection (Allocation Rate) 334M(67%)->122M(24%)
[39.713s][info][gc,start    ] GC(118) Garbage Collection (Allocation Rate)
[39.720s][info][gc,phases   ] GC(118) Pause Mark Start 3.279ms
[39.786s][info][gc,phases   ] GC(118) Concurrent Mark 65.524ms
[39.789s][info][gc,phases   ] GC(118) Pause Mark End 0.284ms
[39.790s][info][gc,phases   ] GC(118) Concurrent Process Non-Strong References 1.560ms
[39.790s][info][gc,phases   ] GC(118) Concurrent Reset Relocation Set 0.004ms
[39.790s][info][gc,phases   ] GC(118) Concurrent Destroy Detached Pages 0.000ms
[39.792s][info][gc,phases   ] GC(118) Concurrent Select Relocation Set 1.605ms
[39.792s][info][gc,phases   ] GC(118) Concurrent Prepare Relocation Set 0.027ms
[39.794s][info][gc,phases   ] GC(118) Pause Relocate Start 2.127ms
[39.801s][info][gc,phases   ] GC(118) Concurrent Relocate 6.522ms
[39.801s][info][gc,load     ] GC(118) Load: 1.73/1.00/0.45
[39.801s][info][gc,mmu      ] GC(118) MMU: 2ms/0.0%, 5ms/0.0%, 10ms/0.0%, 20ms/0.0%, 50ms/59.1%, 100ms/77.1%
[39.801s][info][gc,marking  ] GC(118) Mark: 1 stripe(s), 2 proactive flush(es), 1 terminate flush(es), 0 completion(s), 0 continuation(s) 
[39.801s][info][gc,reloc    ] GC(118) Relocation: Successful, 6M relocated
[39.801s][info][gc,nmethod  ] GC(118) NMethods: 2777 registered, 0 unregistered
[39.801s][info][gc,metaspace] GC(118) Metaspace: 69M used, 73M capacity, 73M committed, 74M reserved
[39.801s][info][gc,ref      ] GC(118) Soft: 2536 encountered, 0 discovered, 0 enqueued
[39.801s][info][gc,ref      ] GC(118) Weak: 4478 encountered, 3488 discovered, 0 enqueued
[39.801s][info][gc,ref      ] GC(118) Final: 27 encountered, 0 discovered, 0 enqueued
[39.801s][info][gc,ref      ] GC(118) Phantom: 652 encountered, 648 discovered, 0 enqueued
[39.801s][info][gc,heap     ] GC(118)                Mark Start          Mark End        Relocate Start      Relocate End           High               Low         
[39.801s][info][gc,heap     ] GC(118)  Capacity:      500M (100%)        500M (100%)        500M (100%)        500M (100%)        500M (100%)        500M (100%)   
[39.801s][info][gc,heap     ] GC(118)   Reserve:       34M (7%)           34M (7%)           34M (7%)           34M (7%)           34M (7%)           34M (7%)     
[39.801s][info][gc,heap     ] GC(118)      Free:      194M (39%)         136M (27%)         336M (67%)         340M (68%)         340M (68%)         136M (27%)    
[39.801s][info][gc,heap     ] GC(118)      Used:      272M (54%)         330M (66%)         130M (26%)         126M (25%)         330M (66%)         126M (25%)    
[39.801s][info][gc,heap     ] GC(118)      Live:         -                30M (6%)           30M (6%)           30M (6%)             -                  -          
[39.801s][info][gc,heap     ] GC(118) Allocated:         -                58M (12%)          58M (12%)          66M (13%)            -                  -          
[39.801s][info][gc,heap     ] GC(118)   Garbage:         -               241M (48%)          41M (8%)           33M (7%)             -                  -          
[39.801s][info][gc,heap     ] GC(118) Reclaimed:         -                  -               200M (40%)         208M (42%)            -                  -          
[39.801s][info][gc          ] GC(118) Garbage Collection (Allocation Rate) 272M(54%)->126M(25%)
[39.813s][info][gc,start    ] GC(119) Garbage Collection (Allocation Rate)
[39.818s][info][gc,phases   ] GC(119) Pause Mark Start 2.622ms
[39.917s][info][gc,phases   ] GC(119) Concurrent Mark 99.015ms
[39.920s][info][gc,phases   ] GC(119) Pause Mark End 0.285ms
[39.921s][info][gc,phases   ] GC(119) Concurrent Process Non-Strong References 1.571ms
[39.921s][info][gc,phases   ] GC(119) Concurrent Reset Relocation Set 0.003ms
[39.921s][info][gc,phases   ] GC(119) Concurrent Destroy Detached Pages 0.001ms
[39.923s][info][gc,phases   ] GC(119) Concurrent Select Relocation Set 1.498ms
[39.923s][info][gc,phases   ] GC(119) Concurrent Prepare Relocation Set 0.090ms
[39.925s][info][gc,phases   ] GC(119) Pause Relocate Start 2.164ms
[39.933s][info][gc,phases   ] GC(119) Concurrent Relocate 7.317ms
[39.933s][info][gc,load     ] GC(119) Load: 1.73/1.00/0.45
[39.933s][info][gc,mmu      ] GC(119) MMU: 2ms/0.0%, 5ms/0.0%, 10ms/0.0%, 20ms/0.0%, 50ms/59.1%, 100ms/77.1%
[39.933s][info][gc,marking  ] GC(119) Mark: 1 stripe(s), 2 proactive flush(es), 1 terminate flush(es), 0 completion(s), 0 continuation(s) 
[39.933s][info][gc,reloc    ] GC(119) Relocation: Successful, 6M relocated
[39.933s][info][gc,nmethod  ] GC(119) NMethods: 2777 registered, 0 unregistered
[39.933s][info][gc,metaspace] GC(119) Metaspace: 69M used, 73M capacity, 73M committed, 74M reserved
[39.933s][info][gc,ref      ] GC(119) Soft: 2536 encountered, 0 discovered, 0 enqueued
[39.933s][info][gc,ref      ] GC(119) Weak: 4478 encountered, 3488 discovered, 0 enqueued
[39.933s][info][gc,ref      ] GC(119) Final: 27 encountered, 0 discovered, 0 enqueued
[39.933s][info][gc,ref      ] GC(119) Phantom: 652 encountered, 648 discovered, 0 enqueued
[39.933s][info][gc,heap     ] GC(119)                Mark Start          Mark End        Relocate Start      Relocate End           High               Low         
[39.933s][info][gc,heap     ] GC(119)  Capacity:      500M (100%)        500M (100%)        500M (100%)        500M (100%)        500M (100%)        500M (100%)   
[39.933s][info][gc,heap     ] GC(119)   Reserve:       34M (7%)           34M (7%)           34M (7%)           34M (7%)           34M (7%)           34M (7%)     
[39.933s][info][gc,heap     ] GC(119)      Free:      328M (66%)         268M (54%)         336M (67%)         336M (67%)         336M (67%)         268M (54%)    
[39.933s][info][gc,heap     ] GC(119)      Used:      138M (28%)         198M (40%)         130M (26%)         130M (26%)         198M (40%)         130M (26%)    
[39.933s][info][gc,heap     ] GC(119)      Live:         -                30M (6%)           30M (6%)           30M (6%)             -                  -          
[39.933s][info][gc,heap     ] GC(119) Allocated:         -                60M (12%)          60M (12%)          70M (14%)            -                  -          
[39.933s][info][gc,heap     ] GC(119)   Garbage:         -               107M (21%)          39M (8%)           31M (6%)             -                  -          
[39.933s][info][gc,heap     ] GC(119) Reclaimed:         -                  -                68M (14%)          76M (15%)            -                  -          
[39.933s][info][gc          ] GC(119) Garbage Collection (Allocation Rate) 138M(28%)->130M(26%)
[40.013s][info][gc,start    ] GC(120) Garbage Collection (Allocation Rate)
[40.018s][info][gc,phases   ] GC(120) Pause Mark Start 2.641ms
[40.081s][info][gc,phases   ] GC(120) Concurrent Mark 63.359ms
[40.084s][info][gc,phases   ] GC(120) Pause Mark End 0.284ms
[40.085s][info][gc,phases   ] GC(120) Concurrent Process Non-Strong References 1.569ms
[40.085s][info][gc,phases   ] GC(120) Concurrent Reset Relocation Set 0.003ms
[40.085s][info][gc,phases   ] GC(120) Concurrent Destroy Detached Pages 0.001ms
[40.087s][info][gc,phases   ] GC(120) Concurrent Select Relocation Set 1.503ms
[40.087s][info][gc,phases   ] GC(120) Concurrent Prepare Relocation Set 0.027ms
[40.089s][info][gc,phases   ] GC(120) Pause Relocate Start 2.116ms
[40.097s][info][gc,phases   ] GC(120) Concurrent Relocate 7.419ms
[40.097s][info][gc,load     ] GC(120) Load: 1.73/1.00/0.45
[40.097s][info][gc,mmu      ] GC(120) MMU: 2ms/0.0%, 5ms/0.0%, 10ms/0.0%, 20ms/0.0%, 50ms/59.1%, 100ms/77.1%
[40.097s][info][gc,marking  ] GC(120) Mark: 1 stripe(s), 2 proactive flush(es), 1 terminate flush(es), 0 completion(s), 0 continuation(s) 
[40.097s][info][gc,reloc    ] GC(120) Relocation: Successful, 6M relocated
[40.097s][info][gc,nmethod  ] GC(120) NMethods: 2778 registered, 0 unregistered
[40.097s][info][gc,metaspace] GC(120) Metaspace: 69M used, 73M capacity, 73M committed, 74M reserved
[40.097s][info][gc,ref      ] GC(120) Soft: 2536 encountered, 0 discovered, 0 enqueued
[40.097s][info][gc,ref      ] GC(120) Weak: 4478 encountered, 3488 discovered, 0 enqueued
[40.097s][info][gc,ref      ] GC(120) Final: 27 encountered, 0 discovered, 0 enqueued
[40.097s][info][gc,ref      ] GC(120) Phantom: 652 encountered, 648 discovered, 0 enqueued
[40.097s][info][gc,heap     ] GC(120)                Mark Start          Mark End        Relocate Start      Relocate End           High               Low         
[40.097s][info][gc,heap     ] GC(120)  Capacity:      500M (100%)        500M (100%)        500M (100%)        500M (100%)        500M (100%)        500M (100%)   
[40.097s][info][gc,heap     ] GC(120)   Reserve:       34M (7%)           34M (7%)           34M (7%)           34M (7%)           34M (7%)           34M (7%)     
[40.097s][info][gc,heap     ] GC(120)      Free:      202M (40%)         146M (29%)         344M (69%)         338M (68%)         344M (69%)         146M (29%)    
[40.097s][info][gc,heap     ] GC(120)      Used:      264M (53%)         320M (64%)         122M (24%)         128M (26%)         320M (64%)         122M (24%)    
[40.097s][info][gc,heap     ] GC(120)      Live:         -                30M (6%)           30M (6%)           30M (6%)             -                  -          
[40.097s][info][gc,heap     ] GC(120) Allocated:         -                56M (11%)          56M (11%)          68M (14%)            -                  -          
[40.097s][info][gc,heap     ] GC(120)   Garbage:         -               233M (47%)          35M (7%)           33M (7%)             -                  -          
[40.097s][info][gc,heap     ] GC(120) Reclaimed:         -                  -               198M (40%)         200M (40%)            -                  -          
[40.097s][info][gc          ] GC(120) Garbage Collection (Allocation Rate) 264M(53%)->128M(26%)
[40.114s][info][gc,stats    ] === Garbage Collection Statistics =======================================================================================================================
[40.114s][info][gc,stats    ]                                                              Last 10s              Last 10m              Last 10h                Total
[40.114s][info][gc,stats    ]                                                              Avg / Max             Avg / Max             Avg / Max             Avg / Max
[40.114s][info][gc,stats    ]   Collector: Garbage Collection Cycle                    182.265 / 463.310     215.621 / 786.210     215.621 / 786.210     215.621 / 786.210     ms
[40.114s][info][gc,stats    ]  Contention: Mark Segment Reset Contention                     0 / 0                 0 / 0                 0 / 0                 0 / 0           ops/s
[40.114s][info][gc,stats    ]  Contention: Mark SeqNum Reset Contention                      0 / 0                 0 / 0                 0 / 0                 0 / 0           ops/s
[40.114s][info][gc,stats    ]  Contention: Relocation Contention                             0 / 2                 0 / 2                 0 / 2                 0 / 2           ops/s
[40.114s][info][gc,stats    ]    Critical: Allocation Stall                             36.571 / 248.073      39.509 / 248.073      39.509 / 248.073      39.509 / 248.073     ms
[40.114s][info][gc,stats    ]    Critical: Allocation Stall                                  5 / 16                4 / 24                4 / 24                4 / 24          ops/s
[40.114s][info][gc,stats    ]    Critical: GC Locker Stall                               0.000 / 0.000         2.158 / 4.829         2.158 / 4.829         2.158 / 4.829       ms
[40.114s][info][gc,stats    ]    Critical: GC Locker Stall                                   0 / 0                 0 / 1                 0 / 1                 0 / 1           ops/s
[40.114s][info][gc,stats    ]      Memory: Allocation Rate                                 735 / 1070            497 / 1288            497 / 1288            497 / 1288        MB/s
[40.114s][info][gc,stats    ]      Memory: Heap Used After Mark                            336 / 466             332 / 466             332 / 466             332 / 466         MB
[40.114s][info][gc,stats    ]      Memory: Heap Used After Relocation                      203 / 406             209 / 438             209 / 438             209 / 438         MB
[40.114s][info][gc,stats    ]      Memory: Heap Used Before Mark                           260 / 466             259 / 466             259 / 466             259 / 466         MB
[40.114s][info][gc,stats    ]      Memory: Heap Used Before Relocation                     235 / 466             252 / 466             252 / 466             252 / 466         MB
[40.114s][info][gc,stats    ]      Memory: Out Of Memory                                     0 / 0                 0 / 0                 0 / 0                 0 / 0           ops/s
[40.114s][info][gc,stats    ]      Memory: Page Cache Flush                                 33 / 80               25 / 96               25 / 96               25 / 96          MB/s
[40.114s][info][gc,stats    ]      Memory: Page Cache Hit L1                               364 / 544             239 / 653             239 / 653             239 / 653         ops/s
[40.114s][info][gc,stats    ]      Memory: Page Cache Hit L2                                 0 / 0                 0 / 0                 0 / 0                 0 / 0           ops/s
[40.114s][info][gc,stats    ]      Memory: Page Cache Miss                                   8 / 38               11 / 154              11 / 154              11 / 154         ops/s
[40.114s][info][gc,stats    ]      Memory: Undo Object Allocation Failed                     0 / 0                 0 / 0                 0 / 0                 0 / 0           ops/s
[40.114s][info][gc,stats    ]      Memory: Undo Object Allocation Succeeded                  0 / 2                 0 / 2                 0 / 2                 0 / 2           ops/s
[40.114s][info][gc,stats    ]      Memory: Undo Page Allocation                              0 / 2                 0 / 4                 0 / 4                 0 / 4           ops/s
[40.114s][info][gc,stats    ]       Phase: Concurrent Destroy Detached Pages             0.003 / 0.034         0.003 / 0.034         0.003 / 0.034         0.003 / 0.034       ms
[40.114s][info][gc,stats    ]       Phase: Concurrent Mark                             130.050 / 253.089     153.516 / 582.256     153.516 / 582.256     153.516 / 582.256     ms
[40.114s][info][gc,stats    ]       Phase: Concurrent Mark Continue                      0.000 / 0.000         0.000 / 0.000         0.000 / 0.000         0.000 / 0.000       ms
[40.114s][info][gc,stats    ]       Phase: Concurrent Prepare Relocation Set             0.565 / 5.371         0.849 / 11.639        0.849 / 11.639        0.849 / 11.639      ms
[40.114s][info][gc,stats    ]       Phase: Concurrent Process Non-Strong References      1.920 / 7.792         1.775 / 7.792         1.775 / 7.792         1.775 / 7.792       ms
[40.114s][info][gc,stats    ]       Phase: Concurrent Relocate                          35.607 / 205.213      46.010 / 371.224      46.010 / 371.224      46.010 / 371.224     ms
[40.114s][info][gc,stats    ]       Phase: Concurrent Reset Relocation Set               0.056 / 0.333         0.073 / 0.580         0.073 / 0.580         0.073 / 0.580       ms
[40.114s][info][gc,stats    ]       Phase: Concurrent Select Relocation Set              2.164 / 9.479         2.171 / 10.573        2.171 / 10.573        2.171 / 10.573      ms
[40.114s][info][gc,stats    ]       Phase: Pause Mark End                                0.381 / 3.400         0.310 / 3.400         0.310 / 3.400         0.310 / 3.400       ms
[40.114s][info][gc,stats    ]       Phase: Pause Mark Start                              2.786 / 5.038         2.467 / 5.038         2.467 / 5.038         2.467 / 5.038       ms
[40.114s][info][gc,stats    ]       Phase: Pause Relocate Start                          2.802 / 20.181        2.436 / 20.181        2.436 / 20.181        2.436 / 20.181      ms
[40.114s][info][gc,stats    ]    Subphase: Concurrent Mark                             128.885 / 253.065     152.150 / 582.233     152.150 / 582.233     152.150 / 582.233     ms
[40.114s][info][gc,stats    ]    Subphase: Concurrent Mark Idle                          0.000 / 0.000         0.000 / 0.000         0.000 / 0.000         0.000 / 0.000       ms
[40.114s][info][gc,stats    ]    Subphase: Concurrent Mark Try Flush                     1.106 / 6.422         1.503 / 20.193        1.503 / 20.193        1.503 / 20.193      ms
[40.114s][info][gc,stats    ]    Subphase: Concurrent Mark Try Terminate                 0.374 / 3.904         0.538 / 9.762         0.538 / 9.762         0.538 / 9.762       ms
[40.114s][info][gc,stats    ]    Subphase: Concurrent References Enqueue                 0.001 / 0.007         0.001 / 0.007         0.001 / 0.007         0.001 / 0.007       ms
[40.114s][info][gc,stats    ]    Subphase: Concurrent References Process                 0.837 / 4.904         0.804 / 4.904         0.804 / 4.904         0.804 / 4.904       ms
[40.114s][info][gc,stats    ]    Subphase: Concurrent Weak Roots                         0.998 / 6.746         0.888 / 6.746         0.888 / 6.746         0.888 / 6.746       ms
[40.114s][info][gc,stats    ]    Subphase: Concurrent Weak Roots JNIWeakHandles          0.000 / 0.001         0.000 / 0.001         0.000 / 0.001         0.000 / 0.001       ms
[40.114s][info][gc,stats    ]    Subphase: Concurrent Weak Roots StringTable             0.760 / 6.312         0.664 / 6.312         0.664 / 6.312         0.664 / 6.312       ms
[40.114s][info][gc,stats    ]    Subphase: Concurrent Weak Roots VMWeakHandles           0.237 / 0.592         0.222 / 0.592         0.222 / 0.592         0.222 / 0.592       ms
[40.114s][info][gc,stats    ]    Subphase: Pause Mark Try Complete                       0.000 / 0.000         0.001 / 0.002         0.001 / 0.002         0.001 / 0.002       ms
[40.114s][info][gc,stats    ]    Subphase: Pause Remap TLABS                             0.001 / 0.004         0.001 / 0.004         0.001 / 0.004         0.001 / 0.004       ms
[40.114s][info][gc,stats    ]    Subphase: Pause Retire TLABS                            0.015 / 0.038         0.013 / 0.047         0.013 / 0.047         0.013 / 0.047       ms
[40.114s][info][gc,stats    ]    Subphase: Pause Roots                                   1.619 / 11.014        1.454 / 11.639        1.454 / 11.639        1.454 / 11.639      ms
[40.114s][info][gc,stats    ]    Subphase: Pause Roots ClassLoaderDataGraph              0.713 / 1.789         0.659 / 1.920         0.659 / 1.920         0.659 / 1.920       ms
[40.114s][info][gc,stats    ]    Subphase: Pause Roots CodeCache                         1.087 / 3.521         1.012 / 10.972        1.012 / 10.972        1.012 / 10.972      ms
[40.114s][info][gc,stats    ]    Subphase: Pause Roots JNIHandles                        0.001 / 0.039         0.001 / 0.072         0.001 / 0.072         0.001 / 0.072       ms
[40.114s][info][gc,stats    ]    Subphase: Pause Roots JNIWeakHandles                    0.000 / 0.000         0.000 / 0.000         0.000 / 0.000         0.000 / 0.000       ms
[40.114s][info][gc,stats    ]    Subphase: Pause Roots JRFWeak                           0.000 / 0.000         0.000 / 0.000         0.000 / 0.000         0.000 / 0.000       ms
[40.114s][info][gc,stats    ]    Subphase: Pause Roots JVMTIExport                       0.001 / 0.001         0.001 / 0.001         0.001 / 0.001         0.001 / 0.001       ms
[40.114s][info][gc,stats    ]    Subphase: Pause Roots JVMTIWeakExport                   0.001 / 0.002         0.001 / 0.068         0.001 / 0.068         0.001 / 0.068       ms
[40.114s][info][gc,stats    ]    Subphase: Pause Roots Management                        0.001 / 0.002         0.003 / 0.371         0.003 / 0.371         0.003 / 0.371       ms
[40.114s][info][gc,stats    ]    Subphase: Pause Roots ObjectSynchronizer                0.000 / 0.001         0.000 / 0.001         0.000 / 0.001         0.000 / 0.001       ms
[40.114s][info][gc,stats    ]    Subphase: Pause Roots Setup                             0.298 / 12.197        0.216 / 12.197        0.216 / 12.197        0.216 / 12.197      ms
[40.114s][info][gc,stats    ]    Subphase: Pause Roots StringTable                       0.000 / 0.000         0.000 / 0.000         0.000 / 0.000         0.000 / 0.000       ms
[40.114s][info][gc,stats    ]    Subphase: Pause Roots SystemDictionary                  0.011 / 0.049         0.013 / 0.337         0.013 / 0.337         0.013 / 0.337       ms
[40.114s][info][gc,stats    ]    Subphase: Pause Roots Teardown                          0.001 / 0.003         0.001 / 0.004         0.001 / 0.004         0.001 / 0.004       ms
[40.114s][info][gc,stats    ]    Subphase: Pause Roots Threads                           0.410 / 8.097         0.324 / 8.097         0.324 / 8.097         0.324 / 8.097       ms
[40.114s][info][gc,stats    ]    Subphase: Pause Roots Universe                          0.002 / 0.006         0.002 / 0.034         0.002 / 0.034         0.002 / 0.034       ms
[40.114s][info][gc,stats    ]    Subphase: Pause Roots VMWeakHandles                     0.000 / 0.000         0.000 / 0.000         0.000 / 0.000         0.000 / 0.000       ms
[40.114s][info][gc,stats    ]    Subphase: Pause Weak Roots                              0.002 / 0.005         0.002 / 0.007         0.002 / 0.007         0.002 / 0.007       ms
[40.114s][info][gc,stats    ]    Subphase: Pause Weak Roots JFRWeak                      0.001 / 0.001         0.001 / 0.001         0.001 / 0.001         0.001 / 0.001       ms
[40.114s][info][gc,stats    ]    Subphase: Pause Weak Roots JNIWeakHandles               0.000 / 0.000         0.000 / 0.000         0.000 / 0.000         0.000 / 0.000       ms
[40.114s][info][gc,stats    ]    Subphase: Pause Weak Roots JVMTIWeakExport              0.001 / 0.001         0.001 / 0.006         0.001 / 0.006         0.001 / 0.006       ms
[40.114s][info][gc,stats    ]    Subphase: Pause Weak Roots Setup                        0.000 / 0.000         0.000 / 0.000         0.000 / 0.000         0.000 / 0.000       ms
[40.114s][info][gc,stats    ]    Subphase: Pause Weak Roots StringTable                  0.000 / 0.000         0.000 / 0.000         0.000 / 0.000         0.000 / 0.000       ms
[40.114s][info][gc,stats    ]    Subphase: Pause Weak Roots SymbolTable                  0.000 / 0.000         0.000 / 0.000         0.000 / 0.000         0.000 / 0.000       ms
[40.114s][info][gc,stats    ]    Subphase: Pause Weak Roots Teardown                     0.001 / 0.001         0.001 / 0.001         0.001 / 0.001         0.001 / 0.001       ms
[40.114s][info][gc,stats    ]    Subphase: Pause Weak Roots VMWeakHandles                0.000 / 0.000         0.000 / 0.000         0.000 / 0.000         0.000 / 0.000       ms
[40.114s][info][gc,stats    ]      System: Java Threads                                     87 / 97               68 / 97               68 / 97               68 / 97          threads
[40.114s][info][gc,stats    ] =========================================================================================================================================================
[40.114s][info][gc,start    ] GC(121) Garbage Collection (Allocation Rate)
[40.119s][info][gc,phases   ] GC(121) Pause Mark Start 2.649ms
[40.185s][info][gc,phases   ] GC(121) Concurrent Mark 65.765ms
[40.187s][info][gc,phases   ] GC(121) Pause Mark End 0.284ms
[40.189s][info][gc,phases   ] GC(121) Concurrent Process Non-Strong References 1.575ms
[40.189s][info][gc,phases   ] GC(121) Concurrent Reset Relocation Set 0.002ms
[40.189s][info][gc,phases   ] GC(121) Concurrent Destroy Detached Pages 0.001ms
[40.190s][info][gc,phases   ] GC(121) Concurrent Select Relocation Set 1.508ms
[40.190s][info][gc,phases   ] GC(121) Concurrent Prepare Relocation Set 0.025ms
[40.193s][info][gc,phases   ] GC(121) Pause Relocate Start 2.212ms
[40.201s][info][gc,phases   ] GC(121) Concurrent Relocate 7.677ms
[40.201s][info][gc,load     ] GC(121) Load: 1.73/1.00/0.45
[40.201s][info][gc,mmu      ] GC(121) MMU: 2ms/0.0%, 5ms/0.0%, 10ms/0.0%, 20ms/0.0%, 50ms/59.1%, 100ms/77.1%
[40.201s][info][gc,marking  ] GC(121) Mark: 1 stripe(s), 2 proactive flush(es), 1 terminate flush(es), 0 completion(s), 0 continuation(s) 
[40.201s][info][gc,reloc    ] GC(121) Relocation: Successful, 6M relocated
[40.201s][info][gc,nmethod  ] GC(121) NMethods: 2778 registered, 0 unregistered
[40.201s][info][gc,metaspace] GC(121) Metaspace: 69M used, 73M capacity, 73M committed, 74M reserved
[40.201s][info][gc,ref      ] GC(121) Soft: 2536 encountered, 0 discovered, 0 enqueued
[40.201s][info][gc,ref      ] GC(121) Weak: 4478 encountered, 3488 discovered, 0 enqueued
[40.201s][info][gc,ref      ] GC(121) Final: 27 encountered, 0 discovered, 0 enqueued
[40.201s][info][gc,ref      ] GC(121) Phantom: 652 encountered, 648 discovered, 0 enqueued
[40.201s][info][gc,heap     ] GC(121)                Mark Start          Mark End        Relocate Start      Relocate End           High               Low         
[40.201s][info][gc,heap     ] GC(121)  Capacity:      500M (100%)        500M (100%)        500M (100%)        500M (100%)        500M (100%)        500M (100%)   
[40.201s][info][gc,heap     ] GC(121)   Reserve:       34M (7%)           34M (7%)           34M (7%)           34M (7%)           34M (7%)           34M (7%)     
[40.201s][info][gc,heap     ] GC(121)      Free:      312M (62%)         254M (51%)         334M (67%)         338M (68%)         338M (68%)         254M (51%)    
[40.201s][info][gc,heap     ] GC(121)      Used:      154M (31%)         212M (42%)         132M (26%)         128M (26%)         212M (42%)         128M (26%)    
[40.201s][info][gc,heap     ] GC(121)      Live:         -                30M (6%)           30M (6%)           30M (6%)             -                  -          
[40.201s][info][gc,heap     ] GC(121) Allocated:         -                58M (12%)          58M (12%)          68M (14%)            -                  -          
[40.201s][info][gc,heap     ] GC(121)   Garbage:         -               123M (25%)          43M (9%)           33M (7%)             -                  -          
[40.201s][info][gc,heap     ] GC(121) Reclaimed:         -                  -                80M (16%)          90M (18%)            -                  -          
[40.201s][info][gc          ] GC(121) Garbage Collection (Allocation Rate) 154M(31%)->128M(26%)
[40.219s][info][gc,start    ] GC(122) Garbage Collection (Allocation Rate)
[40.225s][info][gc,phases   ] GC(122) Pause Mark Start 3.401ms
[40.298s][info][gc,phases   ] GC(122) Concurrent Mark 72.814ms
[40.299s][info][gc,phases   ] GC(122) Pause Mark End 0.285ms
[40.300s][info][gc,phases   ] GC(122) Concurrent Process Non-Strong References 1.632ms
[40.300s][info][gc,phases   ] GC(122) Concurrent Reset Relocation Set 0.004ms
[40.300s][info][gc,phases   ] GC(122) Concurrent Destroy Detached Pages 0.001ms
[40.302s][info][gc,phases   ] GC(122) Concurrent Select Relocation Set 1.502ms
[40.302s][info][gc,phases   ] GC(122) Concurrent Prepare Relocation Set 0.027ms
[40.304s][info][gc,phases   ] GC(122) Pause Relocate Start 2.175ms
[40.313s][info][gc,phases   ] GC(122) Concurrent Relocate 8.409ms
[40.313s][info][gc,load     ] GC(122) Load: 1.73/1.00/0.45
[40.313s][info][gc,mmu      ] GC(122) MMU: 2ms/0.0%, 5ms/0.0%, 10ms/0.0%, 20ms/0.0%, 50ms/59.1%, 100ms/77.1%
[40.313s][info][gc,marking  ] GC(122) Mark: 1 stripe(s), 2 proactive flush(es), 1 terminate flush(es), 0 completion(s), 0 continuation(s) 
[40.313s][info][gc,reloc    ] GC(122) Relocation: Successful, 6M relocated
[40.313s][info][gc,nmethod  ] GC(122) NMethods: 2778 registered, 0 unregistered
[40.313s][info][gc,metaspace] GC(122) Metaspace: 69M used, 73M capacity, 73M committed, 74M reserved
[40.313s][info][gc,ref      ] GC(122) Soft: 2536 encountered, 0 discovered, 0 enqueued
[40.313s][info][gc,ref      ] GC(122) Weak: 4478 encountered, 3488 discovered, 0 enqueued
[40.313s][info][gc,ref      ] GC(122) Final: 27 encountered, 0 discovered, 0 enqueued
[40.313s][info][gc,ref      ] GC(122) Phantom: 652 encountered, 648 discovered, 0 enqueued
[40.313s][info][gc,heap     ] GC(122)                Mark Start          Mark End        Relocate Start      Relocate End           High               Low         
[40.313s][info][gc,heap     ] GC(122)  Capacity:      500M (100%)        500M (100%)        500M (100%)        500M (100%)        500M (100%)        500M (100%)   
[40.313s][info][gc,heap     ] GC(122)   Reserve:       34M (7%)           34M (7%)           34M (7%)           34M (7%)           34M (7%)           34M (7%)     
[40.313s][info][gc,heap     ] GC(122)      Free:      328M (66%)         268M (54%)         336M (67%)         334M (67%)         336M (67%)         268M (54%)    
[40.313s][info][gc,heap     ] GC(122)      Used:      138M (28%)         198M (40%)         130M (26%)         132M (26%)         198M (40%)         130M (26%)    
[40.313s][info][gc,heap     ] GC(122)      Live:         -                30M (6%)           30M (6%)           30M (6%)             -                  -          
[40.313s][info][gc,heap     ] GC(122) Allocated:         -                60M (12%)          60M (12%)          72M (14%)            -                  -          
[40.313s][info][gc,heap     ] GC(122)   Garbage:         -               107M (21%)          39M (8%)           31M (6%)             -                  -          
[40.313s][info][gc,heap     ] GC(122) Reclaimed:         -                  -                68M (14%)          76M (15%)            -                  -          
[40.313s][info][gc          ] GC(122) Garbage Collection (Allocation Rate) 138M(28%)->132M(26%)
[40.314s][info][gc,start    ] GC(123) Garbage Collection (Allocation Rate)
[40.320s][info][gc,phases   ] GC(123) Pause Mark Start 2.832ms
[40.387s][info][gc,phases   ] GC(123) Concurrent Mark 66.864ms
[40.390s][info][gc,phases   ] GC(123) Pause Mark End 0.286ms
[40.391s][info][gc,phases   ] GC(123) Concurrent Process Non-Strong References 1.574ms
[40.391s][info][gc,phases   ] GC(123) Concurrent Reset Relocation Set 0.003ms
[40.391s][info][gc,phases   ] GC(123) Concurrent Destroy Detached Pages 0.000ms
[40.393s][info][gc,phases   ] GC(123) Concurrent Select Relocation Set 1.509ms
[40.393s][info][gc,phases   ] GC(123) Concurrent Prepare Relocation Set 0.025ms
[40.395s][info][gc,phases   ] GC(123) Pause Relocate Start 2.189ms
[40.401s][info][gc,phases   ] GC(123) Concurrent Relocate 5.584ms
[40.401s][info][gc,load     ] GC(123) Load: 1.73/1.00/0.45
[40.401s][info][gc,mmu      ] GC(123) MMU: 2ms/0.0%, 5ms/0.0%, 10ms/0.0%, 20ms/0.0%, 50ms/59.1%, 100ms/77.1%
[40.401s][info][gc,marking  ] GC(123) Mark: 1 stripe(s), 2 proactive flush(es), 1 terminate flush(es), 0 completion(s), 0 continuation(s) 
[40.401s][info][gc,reloc    ] GC(123) Relocation: Successful, 6M relocated
[40.401s][info][gc,nmethod  ] GC(123) NMethods: 2778 registered, 0 unregistered
[40.401s][info][gc,metaspace] GC(123) Metaspace: 69M used, 73M capacity, 73M committed, 74M reserved
[40.401s][info][gc,ref      ] GC(123) Soft: 2536 encountered, 0 discovered, 0 enqueued
[40.401s][info][gc,ref      ] GC(123) Weak: 4478 encountered, 3488 discovered, 0 enqueued
[40.401s][info][gc,ref      ] GC(123) Final: 27 encountered, 0 discovered, 0 enqueued
[40.401s][info][gc,ref      ] GC(123) Phantom: 652 encountered, 648 discovered, 0 enqueued
[40.401s][info][gc,heap     ] GC(123)                Mark Start          Mark End        Relocate Start      Relocate End           High               Low         
[40.401s][info][gc,heap     ] GC(123)  Capacity:      500M (100%)        500M (100%)        500M (100%)        500M (100%)        500M (100%)        500M (100%)   
[40.401s][info][gc,heap     ] GC(123)   Reserve:       34M (7%)           34M (7%)           34M (7%)           34M (7%)           34M (7%)           34M (7%)     
[40.401s][info][gc,heap     ] GC(123)      Free:      332M (66%)         270M (54%)         332M (66%)         336M (67%)         336M (67%)         270M (54%)    
[40.401s][info][gc,heap     ] GC(123)      Used:      134M (27%)         196M (39%)         134M (27%)         130M (26%)         196M (39%)         130M (26%)    
[40.401s][info][gc,heap     ] GC(123)      Live:         -                30M (6%)           30M (6%)           30M (6%)             -                  -          
[40.401s][info][gc,heap     ] GC(123) Allocated:         -                62M (12%)          62M (12%)          70M (14%)            -                  -          
[40.401s][info][gc,heap     ] GC(123)   Garbage:         -               103M (21%)          41M (8%)           31M (6%)             -                  -          
[40.401s][info][gc,heap     ] GC(123) Reclaimed:         -                  -                62M (12%)          72M (14%)            -                  -          
[40.401s][info][gc          ] GC(123) Garbage Collection (Allocation Rate) 134M(27%)->130M(26%)
[40.412s][info][gc,start    ] GC(124) Garbage Collection (Allocation Rate)
[40.417s][info][gc,phases   ] GC(124) Pause Mark Start 2.625ms
[40.484s][info][gc,phases   ] GC(124) Concurrent Mark 66.296ms
[40.486s][info][gc,phases   ] GC(124) Pause Mark End 0.287ms
[40.488s][info][gc,phases   ] GC(124) Concurrent Process Non-Strong References 1.594ms
[40.488s][info][gc,phases   ] GC(124) Concurrent Reset Relocation Set 0.002ms
[40.488s][info][gc,phases   ] GC(124) Concurrent Destroy Detached Pages 0.001ms
[40.489s][info][gc,phases   ] GC(124) Concurrent Select Relocation Set 1.504ms
[40.489s][info][gc,phases   ] GC(124) Concurrent Prepare Relocation Set 0.025ms
[40.492s][info][gc,phases   ] GC(124) Pause Relocate Start 2.207ms
[40.500s][info][gc,phases   ] GC(124) Concurrent Relocate 8.458ms
[40.500s][info][gc,load     ] GC(124) Load: 1.73/1.00/0.45
[40.500s][info][gc,mmu      ] GC(124) MMU: 2ms/0.0%, 5ms/0.0%, 10ms/0.0%, 20ms/0.0%, 50ms/59.1%, 100ms/77.1%
[40.500s][info][gc,marking  ] GC(124) Mark: 1 stripe(s), 2 proactive flush(es), 1 terminate flush(es), 0 completion(s), 0 continuation(s) 
[40.500s][info][gc,reloc    ] GC(124) Relocation: Successful, 6M relocated
[40.500s][info][gc,nmethod  ] GC(124) NMethods: 2778 registered, 0 unregistered
[40.500s][info][gc,metaspace] GC(124) Metaspace: 69M used, 73M capacity, 73M committed, 74M reserved
[40.500s][info][gc,ref      ] GC(124) Soft: 2536 encountered, 0 discovered, 0 enqueued
[40.500s][info][gc,ref      ] GC(124) Weak: 4478 encountered, 3488 discovered, 0 enqueued
[40.500s][info][gc,ref      ] GC(124) Final: 27 encountered, 0 discovered, 0 enqueued
[40.500s][info][gc,ref      ] GC(124) Phantom: 652 encountered, 648 discovered, 0 enqueued
[40.500s][info][gc,heap     ] GC(124)                Mark Start          Mark End        Relocate Start      Relocate End           High               Low         
[40.500s][info][gc,heap     ] GC(124)  Capacity:      500M (100%)        500M (100%)        500M (100%)        500M (100%)        500M (100%)        500M (100%)   
[40.500s][info][gc,heap     ] GC(124)   Reserve:       34M (7%)           34M (7%)           34M (7%)           34M (7%)           34M (7%)           34M (7%)     
[40.500s][info][gc,heap     ] GC(124)      Free:      316M (63%)         254M (51%)         334M (67%)         332M (66%)         334M (67%)         254M (51%)    
[40.500s][info][gc,heap     ] GC(124)      Used:      150M (30%)         212M (42%)         132M (26%)         134M (27%)         212M (42%)         132M (26%)    
[40.500s][info][gc,heap     ] GC(124)      Live:         -                30M (6%)           30M (6%)           30M (6%)             -                  -          
[40.500s][info][gc,heap     ] GC(124) Allocated:         -                62M (12%)          62M (12%)          74M (15%)            -                  -          
[40.501s][info][gc,heap     ] GC(124)   Garbage:         -               119M (24%)          39M (8%)           31M (6%)             -                  -          
[40.501s][info][gc,heap     ] GC(124) Reclaimed:         -                  -                80M (16%)          88M (18%)            -                  -          
[40.501s][info][gc          ] GC(124) Garbage Collection (Allocation Rate) 150M(30%)->134M(27%)
[40.513s][info][gc,start    ] GC(125) Garbage Collection (Allocation Rate)
[40.518s][info][gc,phases   ] GC(125) Pause Mark Start 2.708ms
[40.582s][info][gc,phases   ] GC(125) Concurrent Mark 64.308ms
[40.585s][info][gc,phases   ] GC(125) Pause Mark End 0.286ms
[40.587s][info][gc,phases   ] GC(125) Concurrent Process Non-Strong References 1.603ms
[40.587s][info][gc,phases   ] GC(125) Concurrent Reset Relocation Set 0.003ms
[40.587s][info][gc,phases   ] GC(125) Concurrent Destroy Detached Pages 0.000ms
[40.588s][info][gc,phases   ] GC(125) Concurrent Select Relocation Set 1.505ms
[40.588s][info][gc,phases   ] GC(125) Concurrent Prepare Relocation Set 0.025ms
[40.591s][info][gc,phases   ] GC(125) Pause Relocate Start 2.159ms
[40.597s][info][gc,phases   ] GC(125) Concurrent Relocate 6.459ms
[40.597s][info][gc,load     ] GC(125) Load: 1.73/1.00/0.45
[40.597s][info][gc,mmu      ] GC(125) MMU: 2ms/0.0%, 5ms/0.0%, 10ms/0.0%, 20ms/0.0%, 50ms/59.1%, 100ms/77.1%
[40.597s][info][gc,marking  ] GC(125) Mark: 1 stripe(s), 2 proactive flush(es), 1 terminate flush(es), 0 completion(s), 0 continuation(s) 
[40.597s][info][gc,reloc    ] GC(125) Relocation: Successful, 6M relocated
[40.597s][info][gc,nmethod  ] GC(125) NMethods: 2778 registered, 0 unregistered
[40.597s][info][gc,metaspace] GC(125) Metaspace: 69M used, 73M capacity, 73M committed, 74M reserved
[40.597s][info][gc,ref      ] GC(125) Soft: 2536 encountered, 0 discovered, 0 enqueued
[40.597s][info][gc,ref      ] GC(125) Weak: 4478 encountered, 3488 discovered, 0 enqueued
[40.597s][info][gc,ref      ] GC(125) Final: 27 encountered, 0 discovered, 0 enqueued
[40.597s][info][gc,ref      ] GC(125) Phantom: 652 encountered, 648 discovered, 0 enqueued
[40.597s][info][gc,heap     ] GC(125)                Mark Start          Mark End        Relocate Start      Relocate End           High               Low         
[40.597s][info][gc,heap     ] GC(125)  Capacity:      500M (100%)        500M (100%)        500M (100%)        500M (100%)        500M (100%)        500M (100%)   
[40.597s][info][gc,heap     ] GC(125)   Reserve:       34M (7%)           34M (7%)           34M (7%)           34M (7%)           34M (7%)           34M (7%)     
[40.597s][info][gc,heap     ] GC(125)      Free:      310M (62%)         252M (50%)         338M (68%)         338M (68%)         338M (68%)         252M (50%)    
[40.597s][info][gc,heap     ] GC(125)      Used:      156M (31%)         214M (43%)         128M (26%)         128M (26%)         214M (43%)         128M (26%)    
[40.597s][info][gc,heap     ] GC(125)      Live:         -                30M (6%)           30M (6%)           30M (6%)             -                  -          
[40.597s][info][gc,heap     ] GC(125) Allocated:         -                58M (12%)          58M (12%)          68M (14%)            -                  -          
[40.597s][info][gc,heap     ] GC(125)   Garbage:         -               125M (25%)          39M (8%)           33M (7%)             -                  -          
[40.597s][info][gc,heap     ] GC(125) Reclaimed:         -                  -                86M (17%)          92M (18%)            -                  -          
[40.597s][info][gc          ] GC(125) Garbage Collection (Allocation Rate) 156M(31%)->128M(26%)
[40.614s][info][gc,start    ] GC(126) Garbage Collection (Allocation Rate)
[40.619s][info][gc,phases   ] GC(126) Pause Mark Start 2.703ms
[40.685s][info][gc,phases   ] GC(126) Concurrent Mark 66.205ms
[40.688s][info][gc,phases   ] GC(126) Pause Mark End 0.285ms
[40.689s][info][gc,phases   ] GC(126) Concurrent Process Non-Strong References 1.552ms
[40.689s][info][gc,phases   ] GC(126) Concurrent Reset Relocation Set 0.002ms
[40.689s][info][gc,phases   ] GC(126) Concurrent Destroy Detached Pages 0.000ms
[40.691s][info][gc,phases   ] GC(126) Concurrent Select Relocation Set 1.528ms
[40.691s][info][gc,phases   ] GC(126) Concurrent Prepare Relocation Set 0.025ms
[40.693s][info][gc,phases   ] GC(126) Pause Relocate Start 2.169ms
[40.701s][info][gc,phases   ] GC(126) Concurrent Relocate 7.360ms
[40.701s][info][gc,load     ] GC(126) Load: 1.73/1.00/0.45
[40.701s][info][gc,mmu      ] GC(126) MMU: 2ms/0.0%, 5ms/0.0%, 10ms/0.0%, 20ms/0.0%, 50ms/59.1%, 100ms/77.1%
[40.701s][info][gc,marking  ] GC(126) Mark: 1 stripe(s), 2 proactive flush(es), 1 terminate flush(es), 0 completion(s), 0 continuation(s) 
[40.701s][info][gc,reloc    ] GC(126) Relocation: Successful, 6M relocated
[40.701s][info][gc,nmethod  ] GC(126) NMethods: 2778 registered, 0 unregistered
[40.701s][info][gc,metaspace] GC(126) Metaspace: 69M used, 73M capacity, 73M committed, 74M reserved
[40.701s][info][gc,ref      ] GC(126) Soft: 2536 encountered, 0 discovered, 0 enqueued
[40.701s][info][gc,ref      ] GC(126) Weak: 4478 encountered, 3488 discovered, 0 enqueued
[40.701s][info][gc,ref      ] GC(126) Final: 27 encountered, 0 discovered, 0 enqueued
[40.701s][info][gc,ref      ] GC(126) Phantom: 652 encountered, 648 discovered, 0 enqueued
[40.701s][info][gc,heap     ] GC(126)                Mark Start          Mark End        Relocate Start      Relocate End           High               Low         
[40.701s][info][gc,heap     ] GC(126)  Capacity:      500M (100%)        500M (100%)        500M (100%)        500M (100%)        500M (100%)        500M (100%)   
[40.701s][info][gc,heap     ] GC(126)   Reserve:       34M (7%)           34M (7%)           34M (7%)           34M (7%)           34M (7%)           34M (7%)     
[40.701s][info][gc,heap     ] GC(126)      Free:      310M (62%)         248M (50%)         336M (67%)         334M (67%)         336M (67%)         248M (50%)    
[40.701s][info][gc,heap     ] GC(126)      Used:      156M (31%)         218M (44%)         130M (26%)         132M (26%)         218M (44%)         130M (26%)    
[40.701s][info][gc,heap     ] GC(126)      Live:         -                30M (6%)           30M (6%)           30M (6%)             -                  -          
[40.701s][info][gc,heap     ] GC(126) Allocated:         -                62M (12%)          62M (12%)          72M (14%)            -                  -          
[40.701s][info][gc,heap     ] GC(126)   Garbage:         -               125M (25%)          37M (7%)           31M (6%)             -                  -          
[40.701s][info][gc,heap     ] GC(126) Reclaimed:         -                  -                88M (18%)          94M (19%)            -                  -          
[40.701s][info][gc          ] GC(126) Garbage Collection (Allocation Rate) 156M(31%)->132M(26%)
[40.713s][info][gc,start    ] GC(127) Garbage Collection (Allocation Rate)
[40.718s][info][gc,phases   ] GC(127) Pause Mark Start 2.667ms
[40.782s][info][gc,phases   ] GC(127) Concurrent Mark 63.353ms
[40.784s][info][gc,phases   ] GC(127) Pause Mark End 0.284ms
[40.786s][info][gc,phases   ] GC(127) Concurrent Process Non-Strong References 1.543ms
[40.786s][info][gc,phases   ] GC(127) Concurrent Reset Relocation Set 0.002ms
[40.786s][info][gc,phases   ] GC(127) Concurrent Destroy Detached Pages 0.001ms
[40.787s][info][gc,phases   ] GC(127) Concurrent Select Relocation Set 1.549ms
[40.787s][info][gc,phases   ] GC(127) Concurrent Prepare Relocation Set 0.024ms
[40.790s][info][gc,phases   ] GC(127) Pause Relocate Start 2.166ms
[40.796s][info][gc,phases   ] GC(127) Concurrent Relocate 6.448ms
[40.796s][info][gc,load     ] GC(127) Load: 1.73/1.00/0.45
[40.796s][info][gc,mmu      ] GC(127) MMU: 2ms/0.0%, 5ms/0.0%, 10ms/0.0%, 20ms/0.0%, 50ms/59.1%, 100ms/77.1%
[40.796s][info][gc,marking  ] GC(127) Mark: 1 stripe(s), 2 proactive flush(es), 1 terminate flush(es), 0 completion(s), 0 continuation(s) 
[40.796s][info][gc,reloc    ] GC(127) Relocation: Successful, 6M relocated
[40.796s][info][gc,nmethod  ] GC(127) NMethods: 2778 registered, 0 unregistered
[40.796s][info][gc,metaspace] GC(127) Metaspace: 69M used, 73M capacity, 73M committed, 74M reserved
[40.796s][info][gc,ref      ] GC(127) Soft: 2536 encountered, 0 discovered, 0 enqueued
[40.796s][info][gc,ref      ] GC(127) Weak: 4478 encountered, 3488 discovered, 0 enqueued
[40.796s][info][gc,ref      ] GC(127) Final: 27 encountered, 0 discovered, 0 enqueued
[40.796s][info][gc,ref      ] GC(127) Phantom: 652 encountered, 648 discovered, 0 enqueued
[40.796s][info][gc,heap     ] GC(127)                Mark Start          Mark End        Relocate Start      Relocate End           High               Low         
[40.796s][info][gc,heap     ] GC(127)  Capacity:      500M (100%)        500M (100%)        500M (100%)        500M (100%)        500M (100%)        500M (100%)   
[40.796s][info][gc,heap     ] GC(127)   Reserve:       34M (7%)           34M (7%)           34M (7%)           34M (7%)           34M (7%)           34M (7%)     
[40.796s][info][gc,heap     ] GC(127)      Free:      312M (62%)         256M (51%)         340M (68%)         340M (68%)         340M (68%)         256M (51%)    
[40.796s][info][gc,heap     ] GC(127)      Used:      154M (31%)         210M (42%)         126M (25%)         126M (25%)         210M (42%)         126M (25%)    
[40.796s][info][gc,heap     ] GC(127)      Live:         -                30M (6%)           30M (6%)           30M (6%)             -                  -          
[40.796s][info][gc,heap     ] GC(127) Allocated:         -                56M (11%)          56M (11%)          66M (13%)            -                  -          
[40.796s][info][gc,heap     ] GC(127)   Garbage:         -               123M (25%)          39M (8%)           33M (7%)             -                  -          
[40.797s][info][gc,heap     ] GC(127) Reclaimed:         -                  -                84M (17%)          90M (18%)            -                  -          
[40.797s][info][gc          ] GC(127) Garbage Collection (Allocation Rate) 154M(31%)->126M(25%)
[40.813s][info][gc,start    ] GC(128) Garbage Collection (Allocation Rate)
[40.819s][info][gc,phases   ] GC(128) Pause Mark Start 3.241ms
[40.881s][info][gc,phases   ] GC(128) Concurrent Mark 62.707ms
[40.884s][info][gc,phases   ] GC(128) Pause Mark End 0.288ms
[40.886s][info][gc,phases   ] GC(128) Concurrent Process Non-Strong References 1.571ms
[40.886s][info][gc,phases   ] GC(128) Concurrent Reset Relocation Set 0.002ms
[40.886s][info][gc,phases   ] GC(128) Concurrent Destroy Detached Pages 0.000ms
[40.887s][info][gc,phases   ] GC(128) Concurrent Select Relocation Set 1.531ms
[40.887s][info][gc,phases   ] GC(128) Concurrent Prepare Relocation Set 0.026ms
[40.890s][info][gc,phases   ] GC(128) Pause Relocate Start 2.158ms
[40.897s][info][gc,phases   ] GC(128) Concurrent Relocate 7.385ms
[40.897s][info][gc,load     ] GC(128) Load: 1.73/1.00/0.45
[40.897s][info][gc,mmu      ] GC(128) MMU: 2ms/0.0%, 5ms/0.0%, 10ms/0.0%, 20ms/0.0%, 50ms/59.1%, 100ms/77.1%
[40.897s][info][gc,marking  ] GC(128) Mark: 1 stripe(s), 2 proactive flush(es), 1 terminate flush(es), 0 completion(s), 0 continuation(s) 
[40.897s][info][gc,reloc    ] GC(128) Relocation: Successful, 6M relocated
[40.897s][info][gc,nmethod  ] GC(128) NMethods: 2778 registered, 0 unregistered
[40.897s][info][gc,metaspace] GC(128) Metaspace: 69M used, 73M capacity, 73M committed, 74M reserved
[40.897s][info][gc,ref      ] GC(128) Soft: 2536 encountered, 0 discovered, 0 enqueued
[40.897s][info][gc,ref      ] GC(128) Weak: 4478 encountered, 3488 discovered, 0 enqueued
[40.897s][info][gc,ref      ] GC(128) Final: 27 encountered, 0 discovered, 0 enqueued
[40.897s][info][gc,ref      ] GC(128) Phantom: 652 encountered, 648 discovered, 0 enqueued
[40.897s][info][gc,heap     ] GC(128)                Mark Start          Mark End        Relocate Start      Relocate End           High               Low         
[40.897s][info][gc,heap     ] GC(128)  Capacity:      500M (100%)        500M (100%)        500M (100%)        500M (100%)        500M (100%)        500M (100%)   
[40.897s][info][gc,heap     ] GC(128)   Reserve:       34M (7%)           34M (7%)           34M (7%)           34M (7%)           34M (7%)           34M (7%)     
[40.897s][info][gc,heap     ] GC(128)      Free:      314M (63%)         258M (52%)         342M (68%)         338M (68%)         342M (68%)         258M (52%)    
[40.897s][info][gc,heap     ] GC(128)      Used:      152M (30%)         208M (42%)         124M (25%)         128M (26%)         208M (42%)         124M (25%)    
[40.897s][info][gc,heap     ] GC(128)      Live:         -                30M (6%)           30M (6%)           30M (6%)             -                  -          
[40.897s][info][gc,heap     ] GC(128) Allocated:         -                56M (11%)          56M (11%)          68M (14%)            -                  -          
[40.897s][info][gc,heap     ] GC(128)   Garbage:         -               121M (24%)          37M (7%)           33M (7%)             -                  -          
[40.897s][info][gc,heap     ] GC(128) Reclaimed:         -                  -                84M (17%)          88M (18%)            -                  -          
[40.897s][info][gc          ] GC(128) Garbage Collection (Allocation Rate) 152M(30%)->128M(26%)
[40.914s][info][gc,start    ] GC(129) Garbage Collection (Allocation Rate)
[40.921s][info][gc,phases   ] GC(129) Pause Mark Start 2.660ms
[40.985s][info][gc,phases   ] GC(129) Concurrent Mark 64.325ms
[40.988s][info][gc,phases   ] GC(129) Pause Mark End 0.291ms
[40.989s][info][gc,phases   ] GC(129) Concurrent Process Non-Strong References 1.552ms
[40.989s][info][gc,phases   ] GC(129) Concurrent Reset Relocation Set 0.002ms
[40.989s][info][gc,phases   ] GC(129) Concurrent Destroy Detached Pages 0.000ms
[40.991s][info][gc,phases   ] GC(129) Concurrent Select Relocation Set 1.501ms
[40.991s][info][gc,phases   ] GC(129) Concurrent Prepare Relocation Set 0.025ms
[40.993s][info][gc,phases   ] GC(129) Pause Relocate Start 2.141ms
[40.997s][info][gc,phases   ] GC(129) Concurrent Relocate 3.611ms
[40.997s][info][gc,load     ] GC(129) Load: 1.73/1.00/0.45
[40.997s][info][gc,mmu      ] GC(129) MMU: 2ms/0.0%, 5ms/0.0%, 10ms/0.0%, 20ms/0.0%, 50ms/59.1%, 100ms/77.1%
[40.997s][info][gc,marking  ] GC(129) Mark: 1 stripe(s), 2 proactive flush(es), 1 terminate flush(es), 0 completion(s), 0 continuation(s) 
[40.997s][info][gc,reloc    ] GC(129) Relocation: Successful, 6M relocated
[40.997s][info][gc,nmethod  ] GC(129) NMethods: 2779 registered, 0 unregistered
[40.997s][info][gc,metaspace] GC(129) Metaspace: 69M used, 73M capacity, 73M committed, 74M reserved
[40.997s][info][gc,ref      ] GC(129) Soft: 2536 encountered, 0 discovered, 0 enqueued
[40.997s][info][gc,ref      ] GC(129) Weak: 4478 encountered, 3488 discovered, 0 enqueued
[40.997s][info][gc,ref      ] GC(129) Final: 27 encountered, 0 discovered, 0 enqueued
[40.997s][info][gc,ref      ] GC(129) Phantom: 652 encountered, 648 discovered, 0 enqueued
[40.997s][info][gc,heap     ] GC(129)                Mark Start          Mark End        Relocate Start      Relocate End           High               Low         
[40.997s][info][gc,heap     ] GC(129)  Capacity:      500M (100%)        500M (100%)        500M (100%)        500M (100%)        500M (100%)        500M (100%)   
[40.997s][info][gc,heap     ] GC(129)   Reserve:       34M (7%)           34M (7%)           34M (7%)           34M (7%)           34M (7%)           34M (7%)     
[40.997s][info][gc,heap     ] GC(129)      Free:      312M (62%)         254M (51%)         336M (67%)         342M (68%)         342M (68%)         254M (51%)    
[40.997s][info][gc,heap     ] GC(129)      Used:      154M (31%)         212M (42%)         130M (26%)         124M (25%)         212M (42%)         124M (25%)    
[40.997s][info][gc,heap     ] GC(129)      Live:         -                30M (6%)           30M (6%)           30M (6%)             -                  -          
[40.997s][info][gc,heap     ] GC(129) Allocated:         -                58M (12%)          58M (12%)          64M (13%)            -                  -          
[40.997s][info][gc,heap     ] GC(129)   Garbage:         -               123M (25%)          41M (8%)           33M (7%)             -                  -          
[40.997s][info][gc,heap     ] GC(129) Reclaimed:         -                  -                82M (16%)          90M (18%)            -                  -          
[40.997s][info][gc          ] GC(129) Garbage Collection (Allocation Rate) 154M(31%)->124M(25%)
[41.013s][info][gc,start    ] GC(130) Garbage Collection (Allocation Rate)
[41.018s][info][gc,phases   ] GC(130) Pause Mark Start 2.608ms
[41.086s][info][gc,phases   ] GC(130) Concurrent Mark 67.292ms
[41.088s][info][gc,phases   ] GC(130) Pause Mark End 0.284ms
[41.090s][info][gc,phases   ] GC(130) Concurrent Process Non-Strong References 1.561ms
[41.090s][info][gc,phases   ] GC(130) Concurrent Reset Relocation Set 0.002ms
[41.090s][info][gc,phases   ] GC(130) Concurrent Destroy Detached Pages 0.000ms
[41.091s][info][gc,phases   ] GC(130) Concurrent Select Relocation Set 1.568ms
[41.091s][info][gc,phases   ] GC(130) Concurrent Prepare Relocation Set 0.025ms
[41.094s][info][gc,phases   ] GC(130) Pause Relocate Start 2.125ms
[41.100s][info][gc,phases   ] GC(130) Concurrent Relocate 6.434ms
[41.100s][info][gc,load     ] GC(130) Load: 1.73/1.00/0.45
[41.100s][info][gc,mmu      ] GC(130) MMU: 2ms/0.0%, 5ms/0.0%, 10ms/0.0%, 20ms/0.0%, 50ms/59.1%, 100ms/77.1%
[41.100s][info][gc,marking  ] GC(130) Mark: 1 stripe(s), 2 proactive flush(es), 1 terminate flush(es), 0 completion(s), 0 continuation(s) 
[41.100s][info][gc,reloc    ] GC(130) Relocation: Successful, 6M relocated
[41.100s][info][gc,nmethod  ] GC(130) NMethods: 2780 registered, 0 unregistered
[41.100s][info][gc,metaspace] GC(130) Metaspace: 69M used, 73M capacity, 73M committed, 74M reserved
[41.100s][info][gc,ref      ] GC(130) Soft: 2536 encountered, 0 discovered, 0 enqueued
[41.100s][info][gc,ref      ] GC(130) Weak: 4478 encountered, 3488 discovered, 0 enqueued
[41.100s][info][gc,ref      ] GC(130) Final: 27 encountered, 0 discovered, 0 enqueued
[41.100s][info][gc,ref      ] GC(130) Phantom: 652 encountered, 648 discovered, 0 enqueued
[41.100s][info][gc,heap     ] GC(130)                Mark Start          Mark End        Relocate Start      Relocate End           High               Low         
[41.100s][info][gc,heap     ] GC(130)  Capacity:      500M (100%)        500M (100%)        500M (100%)        500M (100%)        500M (100%)        500M (100%)   
[41.100s][info][gc,heap     ] GC(130)   Reserve:       34M (7%)           34M (7%)           34M (7%)           34M (7%)           34M (7%)           34M (7%)     
[41.100s][info][gc,heap     ] GC(130)      Free:      314M (63%)         256M (51%)         340M (68%)         338M (68%)         340M (68%)         256M (51%)    
[41.100s][info][gc,heap     ] GC(130)      Used:      152M (30%)         210M (42%)         126M (25%)         128M (26%)         210M (42%)         126M (25%)    
[41.100s][info][gc,heap     ] GC(130)      Live:         -                30M (6%)           30M (6%)           30M (6%)             -                  -          
[41.100s][info][gc,heap     ] GC(130) Allocated:         -                58M (12%)          58M (12%)          68M (14%)            -                  -          
[41.100s][info][gc,heap     ] GC(130)   Garbage:         -               121M (24%)          37M (7%)           31M (6%)             -                  -          
[41.100s][info][gc,heap     ] GC(130) Reclaimed:         -                  -                84M (17%)          90M (18%)            -                  -          
[41.100s][info][gc          ] GC(130) Garbage Collection (Allocation Rate) 152M(30%)->128M(26%)
[41.113s][info][gc,start    ] GC(131) Garbage Collection (Allocation Rate)
[41.118s][info][gc,phases   ] GC(131) Pause Mark Start 2.605ms
[41.186s][info][gc,phases   ] GC(131) Concurrent Mark 68.311ms
[41.190s][info][gc,phases   ] GC(131) Pause Mark End 0.358ms
[41.192s][info][gc,phases   ] GC(131) Concurrent Process Non-Strong References 2.004ms
[41.192s][info][gc,phases   ] GC(131) Concurrent Reset Relocation Set 0.003ms
[41.192s][info][gc,phases   ] GC(131) Concurrent Destroy Detached Pages 0.001ms
[41.194s][info][gc,phases   ] GC(131) Concurrent Select Relocation Set 1.810ms
[41.194s][info][gc,phases   ] GC(131) Concurrent Prepare Relocation Set 0.027ms
[41.196s][info][gc,phases   ] GC(131) Pause Relocate Start 2.447ms
[41.205s][info][gc,phases   ] GC(131) Concurrent Relocate 9.085ms
[41.206s][info][gc,load     ] GC(131) Load: 1.73/1.00/0.45
[41.206s][info][gc,mmu      ] GC(131) MMU: 2ms/0.0%, 5ms/0.0%, 10ms/0.0%, 20ms/0.0%, 50ms/59.1%, 100ms/77.1%
[41.206s][info][gc,marking  ] GC(131) Mark: 1 stripe(s), 2 proactive flush(es), 1 terminate flush(es), 0 completion(s), 0 continuation(s) 
[41.206s][info][gc,reloc    ] GC(131) Relocation: Successful, 6M relocated
[41.206s][info][gc,nmethod  ] GC(131) NMethods: 2780 registered, 0 unregistered
[41.206s][info][gc,metaspace] GC(131) Metaspace: 69M used, 73M capacity, 73M committed, 74M reserved
[41.206s][info][gc,ref      ] GC(131) Soft: 2536 encountered, 0 discovered, 0 enqueued
[41.206s][info][gc,ref      ] GC(131) Weak: 4478 encountered, 3488 discovered, 0 enqueued
[41.206s][info][gc,ref      ] GC(131) Final: 27 encountered, 0 discovered, 0 enqueued
[41.206s][info][gc,ref      ] GC(131) Phantom: 652 encountered, 648 discovered, 0 enqueued
[41.206s][info][gc,heap     ] GC(131)                Mark Start          Mark End        Relocate Start      Relocate End           High               Low         
[41.206s][info][gc,heap     ] GC(131)  Capacity:      500M (100%)        500M (100%)        500M (100%)        500M (100%)        500M (100%)        500M (100%)   
[41.206s][info][gc,heap     ] GC(131)   Reserve:       34M (7%)           34M (7%)           34M (7%)           34M (7%)           34M (7%)           34M (7%)     
[41.206s][info][gc,heap     ] GC(131)      Free:      318M (64%)         260M (52%)         338M (68%)         338M (68%)         338M (68%)         260M (52%)    
[41.206s][info][gc,heap     ] GC(131)      Used:      148M (30%)         206M (41%)         128M (26%)         128M (26%)         206M (41%)         128M (26%)    
[41.206s][info][gc,heap     ] GC(131)      Live:         -                30M (6%)           30M (6%)           30M (6%)             -                  -          
[41.206s][info][gc,heap     ] GC(131) Allocated:         -                58M (12%)          58M (12%)          68M (14%)            -                  -          
[41.206s][info][gc,heap     ] GC(131)   Garbage:         -               117M (23%)          39M (8%)           31M (6%)             -                  -          
[41.206s][info][gc,heap     ] GC(131) Reclaimed:         -                  -                78M (16%)          86M (17%)            -                  -          
[41.206s][info][gc          ] GC(131) Garbage Collection (Allocation Rate) 148M(30%)->128M(26%)
[41.216s][info][gc,start    ] GC(132) Garbage Collection (Allocation Rate)
[41.223s][info][gc,phases   ] GC(132) Pause Mark Start 4.251ms
[41.295s][info][gc,phases   ] GC(132) Concurrent Mark 71.789ms
[41.297s][info][gc,phases   ] GC(132) Pause Mark End 0.288ms
[41.299s][info][gc,phases   ] GC(132) Concurrent Process Non-Strong References 1.608ms
[41.299s][info][gc,phases   ] GC(132) Concurrent Reset Relocation Set 0.003ms
[41.299s][info][gc,phases   ] GC(132) Concurrent Destroy Detached Pages 0.000ms
[41.300s][info][gc,phases   ] GC(132) Concurrent Select Relocation Set 1.507ms
[41.301s][info][gc,phases   ] GC(132) Concurrent Prepare Relocation Set 0.024ms
[41.303s][info][gc,phases   ] GC(132) Pause Relocate Start 2.209ms
[41.308s][info][gc,phases   ] GC(132) Concurrent Relocate 5.345ms
[41.308s][info][gc,load     ] GC(132) Load: 1.73/1.00/0.45
[41.308s][info][gc,mmu      ] GC(132) MMU: 2ms/0.0%, 5ms/0.0%, 10ms/0.0%, 20ms/0.0%, 50ms/59.1%, 100ms/77.1%
[41.308s][info][gc,marking  ] GC(132) Mark: 1 stripe(s), 2 proactive flush(es), 1 terminate flush(es), 0 completion(s), 0 continuation(s) 
[41.308s][info][gc,reloc    ] GC(132) Relocation: Successful, 6M relocated
[41.308s][info][gc,nmethod  ] GC(132) NMethods: 2780 registered, 0 unregistered
[41.308s][info][gc,metaspace] GC(132) Metaspace: 69M used, 73M capacity, 73M committed, 74M reserved
[41.308s][info][gc,ref      ] GC(132) Soft: 2536 encountered, 0 discovered, 0 enqueued
[41.308s][info][gc,ref      ] GC(132) Weak: 4478 encountered, 3488 discovered, 0 enqueued
[41.308s][info][gc,ref      ] GC(132) Final: 27 encountered, 0 discovered, 0 enqueued
[41.308s][info][gc,ref      ] GC(132) Phantom: 652 encountered, 648 discovered, 0 enqueued
[41.308s][info][gc,heap     ] GC(132)                Mark Start          Mark End        Relocate Start      Relocate End           High               Low         
[41.308s][info][gc,heap     ] GC(132)  Capacity:      500M (100%)        500M (100%)        500M (100%)        500M (100%)        500M (100%)        500M (100%)   
[41.308s][info][gc,heap     ] GC(132)   Reserve:       34M (7%)           34M (7%)           34M (7%)           34M (7%)           34M (7%)           34M (7%)     
[41.308s][info][gc,heap     ] GC(132)      Free:      334M (67%)         272M (54%)         334M (67%)         336M (67%)         336M (67%)         272M (54%)    
[41.308s][info][gc,heap     ] GC(132)      Used:      132M (26%)         194M (39%)         132M (26%)         130M (26%)         194M (39%)         130M (26%)    
[41.308s][info][gc,heap     ] GC(132)      Live:         -                30M (6%)           30M (6%)           30M (6%)             -                  -          
[41.308s][info][gc,heap     ] GC(132) Allocated:         -                62M (12%)          62M (12%)          70M (14%)            -                  -          
[41.308s][info][gc,heap     ] GC(132)   Garbage:         -               101M (20%)          39M (8%)           33M (7%)             -                  -          
[41.309s][info][gc,heap     ] GC(132) Reclaimed:         -                  -                62M (12%)          68M (14%)            -                  -          
[41.309s][info][gc          ] GC(132) Garbage Collection (Allocation Rate) 132M(26%)->130M(26%)
[41.313s][info][gc,start    ] GC(133) Garbage Collection (Allocation Rate)
[41.320s][info][gc,phases   ] GC(133) Pause Mark Start 3.930ms
[41.400s][info][gc,phases   ] GC(133) Concurrent Mark 80.537ms
[41.403s][info][gc,phases   ] GC(133) Pause Mark End 0.282ms
[41.404s][info][gc,phases   ] GC(133) Concurrent Process Non-Strong References 1.557ms
[41.404s][info][gc,phases   ] GC(133) Concurrent Reset Relocation Set 0.002ms
[41.404s][info][gc,phases   ] GC(133) Concurrent Destroy Detached Pages 0.000ms
[41.406s][info][gc,phases   ] GC(133) Concurrent Select Relocation Set 1.499ms
[41.406s][info][gc,phases   ] GC(133) Concurrent Prepare Relocation Set 0.024ms
[41.408s][info][gc,phases   ] GC(133) Pause Relocate Start 2.192ms
[41.414s][info][gc,phases   ] GC(133) Concurrent Relocate 5.533ms
[41.414s][info][gc,load     ] GC(133) Load: 1.73/1.00/0.45
[41.414s][info][gc,mmu      ] GC(133) MMU: 2ms/0.0%, 5ms/0.0%, 10ms/0.0%, 20ms/0.0%, 50ms/59.1%, 100ms/77.1%
[41.414s][info][gc,marking  ] GC(133) Mark: 1 stripe(s), 2 proactive flush(es), 1 terminate flush(es), 0 completion(s), 0 continuation(s) 
[41.414s][info][gc,reloc    ] GC(133) Relocation: Successful, 6M relocated
[41.414s][info][gc,nmethod  ] GC(133) NMethods: 2781 registered, 0 unregistered
[41.414s][info][gc,metaspace] GC(133) Metaspace: 69M used, 73M capacity, 73M committed, 74M reserved
[41.414s][info][gc,ref      ] GC(133) Soft: 2536 encountered, 0 discovered, 0 enqueued
[41.414s][info][gc,ref      ] GC(133) Weak: 4478 encountered, 3488 discovered, 0 enqueued
[41.414s][info][gc,ref      ] GC(133) Final: 27 encountered, 0 discovered, 0 enqueued
[41.414s][info][gc,ref      ] GC(133) Phantom: 652 encountered, 648 discovered, 0 enqueued
[41.414s][info][gc,heap     ] GC(133)                Mark Start          Mark End        Relocate Start      Relocate End           High               Low         
[41.414s][info][gc,heap     ] GC(133)  Capacity:      500M (100%)        500M (100%)        500M (100%)        500M (100%)        500M (100%)        500M (100%)   
[41.414s][info][gc,heap     ] GC(133)   Reserve:       34M (7%)           34M (7%)           34M (7%)           34M (7%)           34M (7%)           34M (7%)     
[41.414s][info][gc,heap     ] GC(133)      Free:      328M (66%)         256M (51%)         322M (64%)         326M (65%)         328M (66%)         256M (51%)    
[41.414s][info][gc,heap     ] GC(133)      Used:      138M (28%)         210M (42%)         144M (29%)         140M (28%)         210M (42%)         138M (28%)    
[41.414s][info][gc,heap     ] GC(133)      Live:         -                30M (6%)           30M (6%)           30M (6%)             -                  -          
[41.414s][info][gc,heap     ] GC(133) Allocated:         -                72M (14%)          72M (14%)          80M (16%)            -                  -          
[41.414s][info][gc,heap     ] GC(133)   Garbage:         -               107M (21%)          41M (8%)           31M (6%)             -                  -          
[41.414s][info][gc,heap     ] GC(133) Reclaimed:         -                  -                66M (13%)          76M (15%)            -                  -          
[41.414s][info][gc          ] GC(133) Garbage Collection (Allocation Rate) 138M(28%)->140M(28%)
[41.514s][info][gc,start    ] GC(134) Garbage Collection (Allocation Rate)
[41.524s][info][gc,phases   ] GC(134) Pause Mark Start 3.282ms
[41.593s][info][gc,phases   ] GC(134) Concurrent Mark 69.050ms
[41.595s][info][gc,phases   ] GC(134) Pause Mark End 0.289ms
[41.597s][info][gc,phases   ] GC(134) Concurrent Process Non-Strong References 1.607ms
[41.597s][info][gc,phases   ] GC(134) Concurrent Reset Relocation Set 0.003ms
[41.597s][info][gc,phases   ] GC(134) Concurrent Destroy Detached Pages 0.000ms
[41.599s][info][gc,phases   ] GC(134) Concurrent Select Relocation Set 1.670ms
[41.599s][info][gc,phases   ] GC(134) Concurrent Prepare Relocation Set 0.027ms
[41.601s][info][gc,phases   ] GC(134) Pause Relocate Start 2.175ms
[41.608s][info][gc,phases   ] GC(134) Concurrent Relocate 7.186ms
[41.608s][info][gc,load     ] GC(134) Load: 1.73/1.00/0.45
[41.608s][info][gc,mmu      ] GC(134) MMU: 2ms/0.0%, 5ms/0.0%, 10ms/0.0%, 20ms/0.0%, 50ms/59.1%, 100ms/77.1%
[41.608s][info][gc,marking  ] GC(134) Mark: 1 stripe(s), 2 proactive flush(es), 1 terminate flush(es), 0 completion(s), 0 continuation(s) 
[41.608s][info][gc,reloc    ] GC(134) Relocation: Successful, 6M relocated
[41.608s][info][gc,nmethod  ] GC(134) NMethods: 2782 registered, 0 unregistered
[41.608s][info][gc,metaspace] GC(134) Metaspace: 69M used, 73M capacity, 73M committed, 74M reserved
[41.608s][info][gc,ref      ] GC(134) Soft: 2536 encountered, 0 discovered, 0 enqueued
[41.608s][info][gc,ref      ] GC(134) Weak: 4478 encountered, 3488 discovered, 0 enqueued
[41.608s][info][gc,ref      ] GC(134) Final: 27 encountered, 0 discovered, 0 enqueued
[41.608s][info][gc,ref      ] GC(134) Phantom: 652 encountered, 648 discovered, 0 enqueued
[41.608s][info][gc,heap     ] GC(134)                Mark Start          Mark End        Relocate Start      Relocate End           High               Low         
[41.608s][info][gc,heap     ] GC(134)  Capacity:      500M (100%)        500M (100%)        500M (100%)        500M (100%)        500M (100%)        500M (100%)   
[41.608s][info][gc,heap     ] GC(134)   Reserve:       34M (7%)           34M (7%)           34M (7%)           34M (7%)           34M (7%)           34M (7%)     
[41.608s][info][gc,heap     ] GC(134)      Free:      180M (36%)         124M (25%)         336M (67%)         338M (68%)         338M (68%)         124M (25%)    
[41.608s][info][gc,heap     ] GC(134)      Used:      286M (57%)         342M (68%)         130M (26%)         128M (26%)         342M (68%)         128M (26%)    
[41.608s][info][gc,heap     ] GC(134)      Live:         -                30M (6%)           30M (6%)           30M (6%)             -                  -          
[41.608s][info][gc,heap     ] GC(134) Allocated:         -                56M (11%)          56M (11%)          68M (14%)            -                  -          
[41.608s][info][gc,heap     ] GC(134)   Garbage:         -               255M (51%)          43M (9%)           33M (7%)             -                  -          
[41.608s][info][gc,heap     ] GC(134) Reclaimed:         -                  -               212M (42%)         222M (44%)            -                  -          
[41.608s][info][gc          ] GC(134) Garbage Collection (Allocation Rate) 286M(57%)->128M(26%)
[41.613s][info][gc,start    ] GC(135) Garbage Collection (Allocation Rate)
[41.618s][info][gc,phases   ] GC(135) Pause Mark Start 2.719ms
[41.685s][info][gc,phases   ] GC(135) Concurrent Mark 66.207ms
[41.687s][info][gc,phases   ] GC(135) Pause Mark End 0.289ms
[41.689s][info][gc,phases   ] GC(135) Concurrent Process Non-Strong References 1.577ms
[41.689s][info][gc,phases   ] GC(135) Concurrent Reset Relocation Set 0.003ms
[41.689s][info][gc,phases   ] GC(135) Concurrent Destroy Detached Pages 0.001ms
[41.690s][info][gc,phases   ] GC(135) Concurrent Select Relocation Set 1.507ms
[41.691s][info][gc,phases   ] GC(135) Concurrent Prepare Relocation Set 0.110ms
[41.693s][info][gc,phases   ] GC(135) Pause Relocate Start 2.195ms
[41.700s][info][gc,phases   ] GC(135) Concurrent Relocate 7.315ms
[41.700s][info][gc,load     ] GC(135) Load: 1.73/1.00/0.45
[41.700s][info][gc,mmu      ] GC(135) MMU: 2ms/0.0%, 5ms/0.0%, 10ms/0.0%, 20ms/0.0%, 50ms/59.1%, 100ms/77.1%
[41.700s][info][gc,marking  ] GC(135) Mark: 1 stripe(s), 2 proactive flush(es), 1 terminate flush(es), 0 completion(s), 0 continuation(s) 
[41.700s][info][gc,reloc    ] GC(135) Relocation: Successful, 6M relocated
[41.700s][info][gc,nmethod  ] GC(135) NMethods: 2782 registered, 0 unregistered
[41.700s][info][gc,metaspace] GC(135) Metaspace: 69M used, 73M capacity, 73M committed, 74M reserved
[41.700s][info][gc,ref      ] GC(135) Soft: 2536 encountered, 0 discovered, 0 enqueued
[41.700s][info][gc,ref      ] GC(135) Weak: 4478 encountered, 3488 discovered, 0 enqueued
[41.700s][info][gc,ref      ] GC(135) Final: 27 encountered, 0 discovered, 0 enqueued
[41.700s][info][gc,ref      ] GC(135) Phantom: 652 encountered, 648 discovered, 0 enqueued
[41.700s][info][gc,heap     ] GC(135)                Mark Start          Mark End        Relocate Start      Relocate End           High               Low         
[41.700s][info][gc,heap     ] GC(135)  Capacity:      500M (100%)        500M (100%)        500M (100%)        500M (100%)        500M (100%)        500M (100%)   
[41.700s][info][gc,heap     ] GC(135)   Reserve:       34M (7%)           34M (7%)           34M (7%)           34M (7%)           34M (7%)           34M (7%)     
[41.700s][info][gc,heap     ] GC(135)      Free:      330M (66%)         276M (55%)         344M (69%)         340M (68%)         344M (69%)         276M (55%)    
[41.700s][info][gc,heap     ] GC(135)      Used:      136M (27%)         190M (38%)         122M (24%)         126M (25%)         190M (38%)         122M (24%)    
[41.700s][info][gc,heap     ] GC(135)      Live:         -                30M (6%)           30M (6%)           30M (6%)             -                  -          
[41.700s][info][gc,heap     ] GC(135) Allocated:         -                54M (11%)          54M (11%)          66M (13%)            -                  -          
[41.700s][info][gc,heap     ] GC(135)   Garbage:         -               105M (21%)          37M (7%)           33M (7%)             -                  -          
[41.700s][info][gc,heap     ] GC(135) Reclaimed:         -                  -                68M (14%)          72M (14%)            -                  -          
[41.700s][info][gc          ] GC(135) Garbage Collection (Allocation Rate) 136M(27%)->126M(25%)
[41.713s][info][gc,start    ] GC(136) Garbage Collection (Allocation Rate)
[41.718s][info][gc,phases   ] GC(136) Pause Mark Start 2.688ms
[41.790s][info][gc,phases   ] GC(136) Concurrent Mark 72.064ms
[41.793s][info][gc,phases   ] GC(136) Pause Mark End 0.286ms
[41.794s][info][gc,phases   ] GC(136) Concurrent Process Non-Strong References 1.568ms
[41.794s][info][gc,phases   ] GC(136) Concurrent Reset Relocation Set 0.002ms
[41.794s][info][gc,phases   ] GC(136) Concurrent Destroy Detached Pages 0.000ms
[41.796s][info][gc,phases   ] GC(136) Concurrent Select Relocation Set 1.532ms
[41.796s][info][gc,phases   ] GC(136) Concurrent Prepare Relocation Set 0.025ms
[41.798s][info][gc,phases   ] GC(136) Pause Relocate Start 2.164ms
[41.806s][info][gc,phases   ] GC(136) Concurrent Relocate 7.765ms
[41.806s][info][gc,load     ] GC(136) Load: 1.91/1.05/0.47
[41.806s][info][gc,mmu      ] GC(136) MMU: 2ms/0.0%, 5ms/0.0%, 10ms/0.0%, 20ms/0.0%, 50ms/59.1%, 100ms/77.1%
[41.806s][info][gc,marking  ] GC(136) Mark: 1 stripe(s), 2 proactive flush(es), 1 terminate flush(es), 0 completion(s), 0 continuation(s) 
[41.806s][info][gc,reloc    ] GC(136) Relocation: Successful, 6M relocated
[41.806s][info][gc,nmethod  ] GC(136) NMethods: 2782 registered, 0 unregistered
[41.806s][info][gc,metaspace] GC(136) Metaspace: 69M used, 73M capacity, 73M committed, 74M reserved
[41.806s][info][gc,ref      ] GC(136) Soft: 2536 encountered, 0 discovered, 0 enqueued
[41.806s][info][gc,ref      ] GC(136) Weak: 4478 encountered, 3488 discovered, 0 enqueued
[41.806s][info][gc,ref      ] GC(136) Final: 27 encountered, 0 discovered, 0 enqueued
[41.806s][info][gc,ref      ] GC(136) Phantom: 652 encountered, 648 discovered, 0 enqueued
[41.806s][info][gc,heap     ] GC(136)                Mark Start          Mark End        Relocate Start      Relocate End           High               Low         
[41.806s][info][gc,heap     ] GC(136)  Capacity:      500M (100%)        500M (100%)        500M (100%)        500M (100%)        500M (100%)        500M (100%)   
[41.806s][info][gc,heap     ] GC(136)   Reserve:       34M (7%)           34M (7%)           34M (7%)           34M (7%)           34M (7%)           34M (7%)     
[41.806s][info][gc,heap     ] GC(136)      Free:      320M (64%)         260M (52%)         336M (67%)         338M (68%)         338M (68%)         260M (52%)    
[41.806s][info][gc,heap     ] GC(136)      Used:      146M (29%)         206M (41%)         130M (26%)         128M (26%)         206M (41%)         128M (26%)    
[41.806s][info][gc,heap     ] GC(136)      Live:         -                30M (6%)           30M (6%)           30M (6%)             -                  -          
[41.806s][info][gc,heap     ] GC(136) Allocated:         -                60M (12%)          60M (12%)          68M (14%)            -                  -          
[41.806s][info][gc,heap     ] GC(136)   Garbage:         -               115M (23%)          39M (8%)           31M (6%)             -                  -          
[41.806s][info][gc,heap     ] GC(136) Reclaimed:         -                  -                76M (15%)          84M (17%)            -                  -          
[41.806s][info][gc          ] GC(136) Garbage Collection (Allocation Rate) 146M(29%)->128M(26%)
[41.814s][info][gc,start    ] GC(137) Garbage Collection (Allocation Rate)
[41.822s][info][gc,phases   ] GC(137) Pause Mark Start 5.463ms
[41.898s][info][gc,phases   ] GC(137) Concurrent Mark 75.967ms
[41.900s][info][gc,phases   ] GC(137) Pause Mark End 0.290ms
[41.902s][info][gc,phases   ] GC(137) Concurrent Process Non-Strong References 1.576ms
[41.902s][info][gc,phases   ] GC(137) Concurrent Reset Relocation Set 0.002ms
[41.902s][info][gc,phases   ] GC(137) Concurrent Destroy Detached Pages 0.000ms
[41.903s][info][gc,phases   ] GC(137) Concurrent Select Relocation Set 1.535ms
[41.903s][info][gc,phases   ] GC(137) Concurrent Prepare Relocation Set 0.025ms
[41.906s][info][gc,phases   ] GC(137) Pause Relocate Start 2.155ms
[41.910s][info][gc,phases   ] GC(137) Concurrent Relocate 4.220ms
[41.910s][info][gc,load     ] GC(137) Load: 1.91/1.05/0.47
[41.910s][info][gc,mmu      ] GC(137) MMU: 2ms/0.0%, 5ms/0.0%, 10ms/0.0%, 20ms/0.0%, 50ms/59.1%, 100ms/77.1%
[41.910s][info][gc,marking  ] GC(137) Mark: 1 stripe(s), 2 proactive flush(es), 1 terminate flush(es), 0 completion(s), 0 continuation(s) 
[41.910s][info][gc,reloc    ] GC(137) Relocation: Successful, 6M relocated
[41.910s][info][gc,nmethod  ] GC(137) NMethods: 2783 registered, 0 unregistered
[41.910s][info][gc,metaspace] GC(137) Metaspace: 69M used, 73M capacity, 73M committed, 74M reserved
[41.910s][info][gc,ref      ] GC(137) Soft: 2536 encountered, 0 discovered, 0 enqueued
[41.910s][info][gc,ref      ] GC(137) Weak: 4478 encountered, 3488 discovered, 0 enqueued
[41.910s][info][gc,ref      ] GC(137) Final: 27 encountered, 0 discovered, 0 enqueued
[41.910s][info][gc,ref      ] GC(137) Phantom: 652 encountered, 648 discovered, 0 enqueued
[41.910s][info][gc,heap     ] GC(137)                Mark Start          Mark End        Relocate Start      Relocate End           High               Low         
[41.910s][info][gc,heap     ] GC(137)  Capacity:      500M (100%)        500M (100%)        500M (100%)        500M (100%)        500M (100%)        500M (100%)   
[41.910s][info][gc,heap     ] GC(137)   Reserve:       34M (7%)           34M (7%)           34M (7%)           34M (7%)           34M (7%)           34M (7%)     
[41.910s][info][gc,heap     ] GC(137)      Free:      336M (67%)         282M (56%)         344M (69%)         348M (70%)         348M (70%)         282M (56%)    
[41.910s][info][gc,heap     ] GC(137)      Used:      130M (26%)         184M (37%)         122M (24%)         118M (24%)         184M (37%)         118M (24%)    
[41.910s][info][gc,heap     ] GC(137)      Live:         -                30M (6%)           30M (6%)           30M (6%)             -                  -          
[41.910s][info][gc,heap     ] GC(137) Allocated:         -                54M (11%)          54M (11%)          58M (12%)            -                  -          
[41.910s][info][gc,heap     ] GC(137)   Garbage:         -                99M (20%)          37M (7%)           31M (6%)             -                  -          
[41.910s][info][gc,heap     ] GC(137) Reclaimed:         -                  -                62M (12%)          68M (14%)            -                  -          
[41.910s][info][gc          ] GC(137) Garbage Collection (Allocation Rate) 130M(26%)->118M(24%)
[41.931s][info][gc,heap     ] Page Cache Flushed: 6M requested, 10M(348M->338M) flushed
[41.991s][info][gc,start    ] GC(138) Garbage Collection (System.gc())
[41.994s][info][gc,phases   ] GC(138) Pause Mark Start 2.619ms
[42.039s][info][gc,phases   ] GC(138) Concurrent Mark 44.401ms
[42.039s][info][gc,phases   ] GC(138) Pause Mark End 0.328ms
[42.041s][info][gc,phases   ] GC(138) Concurrent Process Non-Strong References 1.502ms
[42.041s][info][gc,phases   ] GC(138) Concurrent Reset Relocation Set 0.002ms
[42.041s][info][gc,phases   ] GC(138) Concurrent Destroy Detached Pages 0.004ms
[42.042s][info][gc,phases   ] GC(138) Concurrent Select Relocation Set 1.562ms
[42.042s][info][gc,phases   ] GC(138) Concurrent Prepare Relocation Set 0.028ms
[42.045s][info][gc,phases   ] GC(138) Pause Relocate Start 2.438ms
[42.050s][info][gc,phases   ] GC(138) Concurrent Relocate 4.612ms
[42.050s][info][gc,load     ] GC(138) Load: 1.91/1.05/0.47
[42.050s][info][gc,mmu      ] GC(138) MMU: 2ms/0.0%, 5ms/0.0%, 10ms/0.0%, 20ms/0.0%, 50ms/59.1%, 100ms/77.1%
[42.050s][info][gc,marking  ] GC(138) Mark: 1 stripe(s), 2 proactive flush(es), 1 terminate flush(es), 0 completion(s), 0 continuation(s) 
[42.050s][info][gc,reloc    ] GC(138) Relocation: Successful, 7M relocated
[42.050s][info][gc,nmethod  ] GC(138) NMethods: 2849 registered, 0 unregistered
[42.050s][info][gc,metaspace] GC(138) Metaspace: 69M used, 73M capacity, 73M committed, 74M reserved
[42.050s][info][gc,ref      ] GC(138) Soft: 2559 encountered, 0 discovered, 0 enqueued
[42.050s][info][gc,ref      ] GC(138) Weak: 4562 encountered, 3618 discovered, 126 enqueued
[42.050s][info][gc,ref      ] GC(138) Final: 27 encountered, 0 discovered, 0 enqueued
[42.050s][info][gc,ref      ] GC(138) Phantom: 651 encountered, 647 discovered, 0 enqueued
[42.050s][info][gc,heap     ] GC(138)                Mark Start          Mark End        Relocate Start      Relocate End           High               Low         
[42.050s][info][gc,heap     ] GC(138)  Capacity:      500M (100%)        500M (100%)        500M (100%)        500M (100%)        500M (100%)        500M (100%)   
[42.050s][info][gc,heap     ] GC(138)   Reserve:       34M (7%)           34M (7%)           34M (7%)           34M (7%)           34M (7%)           34M (7%)     
[42.050s][info][gc,heap     ] GC(138)      Free:      338M (68%)         336M (67%)         396M (79%)         402M (80%)         402M (80%)         336M (67%)    
[42.050s][info][gc,heap     ] GC(138)      Used:      128M (26%)         130M (26%)          70M (14%)          64M (13%)         130M (26%)          64M (13%)    
[42.050s][info][gc,heap     ] GC(138)      Live:         -                30M (6%)           30M (6%)           30M (6%)             -                  -          
[42.050s][info][gc,heap     ] GC(138) Allocated:         -                 2M (0%)            2M (0%)            4M (1%)             -                  -          
[42.050s][info][gc,heap     ] GC(138)   Garbage:         -                97M (20%)          37M (8%)           31M (6%)             -                  -          
[42.050s][info][gc,heap     ] GC(138) Reclaimed:         -                  -                60M (12%)          66M (13%)            -                  -          
[42.050s][info][gc          ] GC(138) Garbage Collection (System.gc()) 128M(26%)->64M(13%)
[42.053s][info][gc,heap     ] Page Cache Flushed: 30M requested, 30M(400M->370M) flushed
[42.096s][info][gc,heap     ] Page Cache Flushed: 6M requested, 6M(364M->358M) flushed
[42.213s][info][gc,start    ] GC(139) Garbage Collection (Allocation Rate)
[42.219s][info][gc,phases   ] GC(139) Pause Mark Start 3.267ms
[42.221s][info][gc,heap     ] Page Cache Flushed: 32M requested, 32M(278M->246M) flushed
[42.353s][info][gc,phases   ] GC(139) Concurrent Mark 132.996ms
[42.358s][info][gc,phases   ] GC(139) Pause Mark End 0.383ms
[42.363s][info][gc,phases   ] GC(139) Concurrent Process Non-Strong References 5.025ms
[42.363s][info][gc,phases   ] GC(139) Concurrent Reset Relocation Set 0.002ms
[42.363s][info][gc,phases   ] GC(139) Concurrent Destroy Detached Pages 0.045ms
[42.365s][info][gc,phases   ] GC(139) Concurrent Select Relocation Set 1.501ms
[42.365s][info][gc,phases   ] GC(139) Concurrent Prepare Relocation Set 0.410ms
[42.373s][info][gc,phases   ] GC(139) Pause Relocate Start 2.458ms
[42.436s][info][gc,phases   ] GC(139) Concurrent Relocate 63.227ms
[42.436s][info][gc,load     ] GC(139) Load: 1.91/1.05/0.47
[42.436s][info][gc,mmu      ] GC(139) MMU: 2ms/0.0%, 5ms/0.0%, 10ms/0.0%, 20ms/0.0%, 50ms/59.1%, 100ms/77.1%
[42.436s][info][gc,marking  ] GC(139) Mark: 1 stripe(s), 2 proactive flush(es), 1 terminate flush(es), 0 completion(s), 0 continuation(s) 
[42.436s][info][gc,reloc    ] GC(139) Relocation: Successful, 12M relocated
[42.436s][info][gc,nmethod  ] GC(139) NMethods: 2882 registered, 0 unregistered
[42.436s][info][gc,metaspace] GC(139) Metaspace: 69M used, 73M capacity, 73M committed, 74M reserved
[42.436s][info][gc,ref      ] GC(139) Soft: 2569 encountered, 0 discovered, 0 enqueued
[42.436s][info][gc,ref      ] GC(139) Weak: 4532 encountered, 3558 discovered, 26 enqueued
[42.436s][info][gc,ref      ] GC(139) Final: 27 encountered, 0 discovered, 0 enqueued
[42.436s][info][gc,ref      ] GC(139) Phantom: 652 encountered, 648 discovered, 0 enqueued
[42.436s][info][gc,heap     ] GC(139)                Mark Start          Mark End        Relocate Start      Relocate End           High               Low         
[42.436s][info][gc,heap     ] GC(139)  Capacity:      500M (100%)        500M (100%)        500M (100%)        500M (100%)        500M (100%)        500M (100%)   
[42.436s][info][gc,heap     ] GC(139)   Reserve:       34M (7%)           34M (7%)           34M (7%)           34M (7%)           34M (7%)           34M (7%)     
[42.436s][info][gc,heap     ] GC(139)      Free:      280M (56%)         150M (30%)         146M (29%)         246M (49%)         280M (56%)         138M (28%)    
[42.436s][info][gc,heap     ] GC(139)      Used:      186M (37%)         316M (63%)         320M (64%)         220M (44%)         328M (66%)         186M (37%)    
[42.436s][info][gc,heap     ] GC(139)      Live:         -                34M (7%)           34M (7%)           34M (7%)             -                  -          
[42.436s][info][gc,heap     ] GC(139) Allocated:         -               130M (26%)         140M (28%)         194M (39%)            -                  -          
[42.436s][info][gc,heap     ] GC(139)   Garbage:         -               151M (30%)         145M (29%)           3M (1%)             -                  -          
[42.436s][info][gc,heap     ] GC(139) Reclaimed:         -                  -                 6M (1%)          148M (30%)            -                  -          
[42.436s][info][gc          ] GC(139) Garbage Collection (Allocation Rate) 186M(37%)->220M(44%)
[42.513s][info][gc,start    ] GC(140) Garbage Collection (Allocation Rate)
[42.519s][info][gc,phases   ] GC(140) Pause Mark Start 2.916ms
[42.601s][info][gc,heap     ] Page Cache Flushed: 2M requested, 6M(70M->64M) flushed
[42.614s][info][gc,heap     ] Page Cache Flushed: 2M requested, 32M(64M->32M) flushed
[42.664s][info][gc,heap     ] Page Cache Flushed: 2M requested, 32M(32M->0M) flushed
[42.739s][info][gc,phases   ] GC(140) Concurrent Mark 220.128ms
[42.740s][info][gc,phases   ] GC(140) Pause Mark End 0.736ms
[42.744s][info][gc,phases   ] GC(140) Concurrent Process Non-Strong References 4.001ms
[42.744s][info][gc,phases   ] GC(140) Concurrent Reset Relocation Set 0.014ms
[42.744s][info][gc,phases   ] GC(140) Concurrent Destroy Detached Pages 0.006ms
[42.746s][info][gc,phases   ] GC(140) Concurrent Select Relocation Set 1.498ms
[42.747s][info][gc,phases   ] GC(140) Concurrent Prepare Relocation Set 1.400ms
[42.750s][info][gc,phases   ] GC(140) Pause Relocate Start 2.380ms
[42.755s][info][gc          ] Allocation Stall (Executor task launch worker for task 0.0 in stage 9.0 (TID 9)) 30.077ms
[42.756s][info][gc          ] Allocation Stall (Executor task launch worker for task 0.0 in stage 9.0 (TID 9)) 0.178ms
[42.757s][info][gc          ] Allocation Stall (Executor task launch worker for task 0.0 in stage 9.0 (TID 9)) 0.222ms
[42.758s][info][gc          ] Allocation Stall (Executor task launch worker for task 0.0 in stage 9.0 (TID 9)) 0.264ms
[42.762s][info][gc          ] Allocation Stall (Executor task launch worker for task 0.0 in stage 9.0 (TID 9)) 3.396ms
[42.940s][info][gc,phases   ] GC(140) Concurrent Relocate 190.348ms
[42.940s][info][gc,load     ] GC(140) Load: 1.91/1.05/0.47
[42.940s][info][gc,mmu      ] GC(140) MMU: 2ms/0.0%, 5ms/0.0%, 10ms/0.0%, 20ms/0.0%, 50ms/59.1%, 100ms/77.1%
[42.940s][info][gc,marking  ] GC(140) Mark: 1 stripe(s), 2 proactive flush(es), 1 terminate flush(es), 0 completion(s), 0 continuation(s) 
[42.940s][info][gc,reloc    ] GC(140) Relocation: Successful, 24M relocated
[42.940s][info][gc,nmethod  ] GC(140) NMethods: 2882 registered, 0 unregistered
[42.940s][info][gc,metaspace] GC(140) Metaspace: 69M used, 73M capacity, 73M committed, 74M reserved
[42.940s][info][gc,ref      ] GC(140) Soft: 2569 encountered, 0 discovered, 0 enqueued
[42.940s][info][gc,ref      ] GC(140) Weak: 4507 encountered, 3511 discovered, 1 enqueued
[42.940s][info][gc,ref      ] GC(140) Final: 27 encountered, 0 discovered, 0 enqueued
[42.940s][info][gc,ref      ] GC(140) Phantom: 652 encountered, 648 discovered, 0 enqueued
[42.940s][info][gc,heap     ] GC(140)                Mark Start          Mark End        Relocate Start      Relocate End           High               Low         
[42.940s][info][gc,heap     ] GC(140)  Capacity:      500M (100%)        500M (100%)        500M (100%)        500M (100%)        500M (100%)        500M (100%)   
[42.940s][info][gc,heap     ] GC(140)   Reserve:       34M (7%)           34M (7%)           34M (7%)           34M (7%)           34M (7%)           32M (6%)     
[42.940s][info][gc,heap     ] GC(140)      Free:      154M (31%)           0M (0%)            0M (0%)          102M (20%)         154M (31%)           0M (0%)     
[42.941s][info][gc,heap     ] GC(140)      Used:      312M (62%)         466M (93%)         466M (93%)         364M (73%)         468M (94%)         312M (62%)    
[42.941s][info][gc,heap     ] GC(140)      Live:         -                53M (11%)          53M (11%)          53M (11%)            -                  -          
[42.941s][info][gc,heap     ] GC(140) Allocated:         -               154M (31%)         154M (31%)         298M (60%)            -                  -          
[42.941s][info][gc,heap     ] GC(140)   Garbage:         -               258M (52%)         258M (52%)          30M (6%)             -                  -          
[42.941s][info][gc,heap     ] GC(140) Reclaimed:         -                  -                 0M (0%)          228M (46%)            -                  -          
[42.941s][info][gc          ] GC(140) Garbage Collection (Allocation Rate) 312M(62%)->364M(73%)
[43.014s][info][gc,start    ] GC(141) Garbage Collection (Allocation Rate)
[43.019s][info][gc,phases   ] GC(141) Pause Mark Start 2.810ms
[43.288s][info][gc,phases   ] GC(141) Concurrent Mark 268.448ms
[43.289s][info][gc,phases   ] GC(141) Pause Mark End 0.349ms
[43.292s][info][gc,phases   ] GC(141) Concurrent Process Non-Strong References 3.236ms
[43.292s][info][gc,phases   ] GC(141) Concurrent Reset Relocation Set 0.252ms
[43.292s][info][gc,phases   ] GC(141) Concurrent Destroy Detached Pages 0.001ms
[43.294s][info][gc,phases   ] GC(141) Concurrent Select Relocation Set 1.502ms
[43.296s][info][gc,phases   ] GC(141) Concurrent Prepare Relocation Set 2.457ms
[43.299s][info][gc,phases   ] GC(141) Pause Relocate Start 2.467ms
[43.303s][info][gc          ] Allocation Stall (Executor task launch worker for task 0.0 in stage 9.0 (TID 9)) 271.228ms
[43.304s][info][gc          ] Allocation Stall (Spark Context Cleaner) 262.404ms
[43.305s][info][gc          ] Allocation Stall (Executor task launch worker for task 0.0 in stage 9.0 (TID 9)) 0.651ms
[43.306s][info][gc          ] Allocation Stall (Executor task launch worker for task 0.0 in stage 9.0 (TID 9)) 0.373ms
[43.308s][info][gc          ] Allocation Stall (Executor task launch worker for task 0.0 in stage 9.0 (TID 9)) 0.386ms
[43.309s][info][gc          ] Allocation Stall (Executor task launch worker for task 0.0 in stage 9.0 (TID 9)) 0.405ms
[43.314s][info][gc          ] Allocation Stall (Executor task launch worker for task 0.0 in stage 9.0 (TID 9)) 4.197ms
[43.331s][info][gc          ] Allocation Stall (Executor task launch worker for task 0.0 in stage 9.0 (TID 9)) 2.272ms
[43.477s][info][gc,heap     ] Page Cache Flushed: 10M requested, 10M(98M->88M) flushed
[43.521s][info][gc,phases   ] GC(141) Concurrent Relocate 218.453ms
[43.521s][info][gc,load     ] GC(141) Load: 1.91/1.05/0.47
[43.521s][info][gc,mmu      ] GC(141) MMU: 2ms/0.0%, 5ms/0.0%, 10ms/0.0%, 20ms/0.0%, 50ms/59.1%, 100ms/77.1%
[43.521s][info][gc,marking  ] GC(141) Mark: 1 stripe(s), 2 proactive flush(es), 1 terminate flush(es), 0 completion(s), 0 continuation(s) 
[43.521s][info][gc,reloc    ] GC(141) Relocation: Successful, 33M relocated
[43.521s][info][gc,nmethod  ] GC(141) NMethods: 2883 registered, 0 unregistered
[43.521s][info][gc,metaspace] GC(141) Metaspace: 69M used, 73M capacity, 73M committed, 74M reserved
[43.521s][info][gc,ref      ] GC(141) Soft: 2569 encountered, 0 discovered, 0 enqueued
[43.521s][info][gc,ref      ] GC(141) Weak: 4506 encountered, 3510 discovered, 0 enqueued
[43.522s][info][gc,ref      ] GC(141) Final: 27 encountered, 0 discovered, 0 enqueued
[43.522s][info][gc,ref      ] GC(141) Phantom: 652 encountered, 648 discovered, 0 enqueued
[43.522s][info][gc,heap     ] GC(141)                Mark Start          Mark End        Relocate Start      Relocate End           High               Low         
[43.522s][info][gc,heap     ] GC(141)  Capacity:      500M (100%)        500M (100%)        500M (100%)        500M (100%)        500M (100%)        500M (100%)   
[43.522s][info][gc,heap     ] GC(141)   Reserve:       34M (7%)           34M (7%)           34M (7%)           34M (7%)           34M (7%)           32M (6%)     
[43.522s][info][gc,heap     ] GC(141)      Free:       10M (2%)            0M (0%)            0M (0%)          160M (32%)         160M (32%)           0M (0%)     
[43.522s][info][gc,heap     ] GC(141)      Used:      456M (91%)         466M (93%)         466M (93%)         306M (61%)         468M (94%)         306M (61%)    
[43.522s][info][gc,heap     ] GC(141)      Live:         -                83M (17%)          83M (17%)          83M (17%)            -                  -          
[43.522s][info][gc,heap     ] GC(141) Allocated:         -                10M (2%)           10M (2%)          220M (44%)            -                  -          
[43.522s][info][gc,heap     ] GC(141)   Garbage:         -               372M (74%)         372M (74%)          34M (7%)             -                  -          
[43.522s][info][gc,heap     ] GC(141) Reclaimed:         -                  -                 0M (0%)          338M (68%)            -                  -          
[43.522s][info][gc          ] GC(141) Garbage Collection (Allocation Rate) 456M(91%)->306M(61%)
[43.614s][info][gc,start    ] GC(142) Garbage Collection (Allocation Rate)
[43.619s][info][gc,phases   ] GC(142) Pause Mark Start 2.879ms
[43.760s][info][gc,phases   ] GC(142) Concurrent Mark 140.803ms
[43.760s][info][gc,phases   ] GC(142) Pause Mark End 0.410ms
[43.762s][info][gc,phases   ] GC(142) Concurrent Process Non-Strong References 1.434ms
[43.762s][info][gc,phases   ] GC(142) Concurrent Reset Relocation Set 0.410ms
[43.762s][info][gc,phases   ] GC(142) Concurrent Destroy Detached Pages 0.008ms
[43.764s][info][gc,heap     ] GC(142) Page Cache Flushed: 2M requested, 6M(6M->0M) flushed
[43.765s][info][gc          ] Allocation Stall (Executor task launch worker for task 0.0 in stage 9.0 (TID 9)) 140.648ms
[43.767s][info][gc          ] Allocation Stall (Spark Context Cleaner) 60.594ms
[43.768s][info][gc,phases   ] GC(142) Concurrent Select Relocation Set 5.847ms
[43.771s][info][gc,phases   ] GC(142) Concurrent Prepare Relocation Set 2.300ms
[43.773s][info][gc,phases   ] GC(142) Pause Relocate Start 2.324ms
[43.774s][info][gc          ] Allocation Stall (Executor task launch worker for task 0.0 in stage 9.0 (TID 9)) 5.495ms
[43.775s][info][gc          ] Allocation Stall (Executor task launch worker for task 0.0 in stage 9.0 (TID 9)) 0.455ms
[43.776s][info][gc          ] Allocation Stall (Executor task launch worker for task 0.0 in stage 9.0 (TID 9)) 0.409ms
[43.783s][info][gc          ] Allocation Stall (Executor task launch worker for task 0.0 in stage 9.0 (TID 9)) 5.960ms
[43.936s][info][gc,phases   ] GC(142) Concurrent Relocate 162.359ms
[43.936s][info][gc,load     ] GC(142) Load: 1.91/1.05/0.47
[43.936s][info][gc,mmu      ] GC(142) MMU: 2ms/0.0%, 5ms/0.0%, 10ms/0.0%, 20ms/0.0%, 50ms/59.1%, 100ms/77.1%
[43.936s][info][gc,marking  ] GC(142) Mark: 1 stripe(s), 2 proactive flush(es), 1 terminate flush(es), 0 completion(s), 0 continuation(s) 
[43.936s][info][gc,reloc    ] GC(142) Relocation: Successful, 31M relocated
[43.936s][info][gc,nmethod  ] GC(142) NMethods: 2889 registered, 0 unregistered
[43.936s][info][gc,metaspace] GC(142) Metaspace: 69M used, 73M capacity, 73M committed, 74M reserved
[43.936s][info][gc,ref      ] GC(142) Soft: 2569 encountered, 0 discovered, 0 enqueued
[43.936s][info][gc,ref      ] GC(142) Weak: 4506 encountered, 3511 discovered, 0 enqueued
[43.936s][info][gc,ref      ] GC(142) Final: 27 encountered, 0 discovered, 0 enqueued
[43.936s][info][gc,ref      ] GC(142) Phantom: 652 encountered, 648 discovered, 0 enqueued
[43.936s][info][gc,heap     ] GC(142)                Mark Start          Mark End        Relocate Start      Relocate End           High               Low         
[43.936s][info][gc,heap     ] GC(142)  Capacity:      500M (100%)        500M (100%)        500M (100%)        500M (100%)        500M (100%)        500M (100%)   
[43.936s][info][gc,heap     ] GC(142)   Reserve:       34M (7%)           34M (7%)           34M (7%)           34M (7%)           34M (7%)           32M (6%)     
[43.936s][info][gc,heap     ] GC(142)      Free:        4M (1%)            0M (0%)            0M (0%)          114M (23%)         124M (25%)           0M (0%)     
[43.936s][info][gc,heap     ] GC(142)      Used:      462M (92%)         466M (93%)         466M (93%)         352M (70%)         468M (94%)         342M (68%)    
[43.936s][info][gc,heap     ] GC(142)      Live:         -               112M (22%)         112M (22%)         112M (22%)            -                  -          
[43.936s][info][gc,heap     ] GC(142) Allocated:         -                 4M (1%)           10M (2%)          234M (47%)            -                  -          
[43.936s][info][gc,heap     ] GC(142)   Garbage:         -               349M (70%)         343M (69%)          33M (7%)             -                  -          
[43.936s][info][gc,heap     ] GC(142) Reclaimed:         -                  -                 6M (1%)          316M (63%)            -                  -          
[43.936s][info][gc          ] GC(142) Garbage Collection (Allocation Rate) 462M(92%)->352M(70%)
[43.982s][info][gc,start    ] GC(143) Garbage Collection (Allocation Stall)
[43.982s][info][gc,ref      ] GC(143) Clearing All Soft References
[43.985s][info][gc,phases   ] GC(143) Pause Mark Start 2.885ms
[44.147s][info][gc,phases   ] GC(143) Concurrent Mark 161.300ms
[44.147s][info][gc,phases   ] GC(143) Pause Mark End 0.428ms
[44.149s][info][gc,phases   ] GC(143) Concurrent Process Non-Strong References 1.565ms
[44.149s][info][gc,phases   ] GC(143) Concurrent Reset Relocation Set 0.350ms
[44.149s][info][gc,phases   ] GC(143) Concurrent Destroy Detached Pages 0.004ms
[44.151s][info][gc,phases   ] GC(143) Concurrent Select Relocation Set 1.546ms
[44.153s][info][gc,phases   ] GC(143) Concurrent Prepare Relocation Set 2.469ms
[44.156s][info][gc,phases   ] GC(143) Pause Relocate Start 2.829ms
[44.158s][info][gc          ] Allocation Stall (Executor task launch worker for task 0.0 in stage 9.0 (TID 9)) 175.684ms
[44.159s][info][gc          ] Allocation Stall (Spark Context Cleaner) 89.948ms
[44.159s][info][gc          ] Allocation Stall (Executor task launch worker for task 0.0 in stage 9.0 (TID 9)) 0.810ms
[44.161s][info][gc          ] Allocation Stall (Executor task launch worker for task 0.0 in stage 9.0 (TID 9)) 0.390ms
[44.162s][info][gc          ] Allocation Stall (Executor task launch worker for task 0.0 in stage 9.0 (TID 9)) 0.372ms
[44.163s][info][gc          ] Allocation Stall (Executor task launch worker for task 0.0 in stage 9.0 (TID 9)) 0.405ms
[44.167s][info][gc          ] Allocation Stall (Executor task launch worker for task 0.0 in stage 9.0 (TID 9)) 2.565ms
[44.174s][info][gc          ] Allocation Stall (Executor task launch worker for task 0.0 in stage 9.0 (TID 9)) 4.369ms
[44.304s][info][gc,heap     ] Page Cache Flushed: 32M requested, 32M(142M->110M) flushed
[44.392s][info][gc,phases   ] GC(143) Concurrent Relocate 235.507ms
[44.392s][info][gc,load     ] GC(143) Load: 1.91/1.05/0.47
[44.392s][info][gc,mmu      ] GC(143) MMU: 2ms/0.0%, 5ms/0.0%, 10ms/0.0%, 20ms/0.0%, 50ms/59.1%, 100ms/77.1%
[44.392s][info][gc,marking  ] GC(143) Mark: 1 stripe(s), 2 proactive flush(es), 1 terminate flush(es), 0 completion(s), 0 continuation(s) 
[44.392s][info][gc,reloc    ] GC(143) Relocation: Successful, 32M relocated
[44.392s][info][gc,nmethod  ] GC(143) NMethods: 2922 registered, 0 unregistered
[44.392s][info][gc,metaspace] GC(143) Metaspace: 69M used, 73M capacity, 74M committed, 74M reserved
[44.392s][info][gc,ref      ] GC(143) Soft: 2569 encountered, 966 discovered, 417 enqueued
[44.392s][info][gc,ref      ] GC(143) Weak: 4506 encountered, 3679 discovered, 0 enqueued
[44.392s][info][gc,ref      ] GC(143) Final: 27 encountered, 0 discovered, 0 enqueued
[44.392s][info][gc,ref      ] GC(143) Phantom: 652 encountered, 648 discovered, 0 enqueued
[44.392s][info][gc,heap     ] GC(143)                Mark Start          Mark End        Relocate Start      Relocate End           High               Low         
[44.392s][info][gc,heap     ] GC(143)  Capacity:      500M (100%)        500M (100%)        500M (100%)        500M (100%)        500M (100%)        500M (100%)   
[44.392s][info][gc,heap     ] GC(143)   Reserve:       34M (7%)           34M (7%)           34M (7%)           34M (7%)           34M (7%)           32M (6%)     
[44.392s][info][gc,heap     ] GC(143)      Free:        0M (0%)            0M (0%)            0M (0%)          204M (41%)         204M (41%)           0M (0%)     
[44.392s][info][gc,heap     ] GC(143)      Used:      466M (93%)         466M (93%)         466M (93%)         262M (52%)         468M (94%)         262M (52%)    
[44.392s][info][gc,heap     ] GC(143)      Live:         -               134M (27%)         134M (27%)         134M (27%)            -                  -          
[44.392s][info][gc,heap     ] GC(143) Allocated:         -                 0M (0%)            0M (0%)          124M (25%)            -                  -          
[44.392s][info][gc,heap     ] GC(143)   Garbage:         -               331M (66%)         331M (66%)          45M (9%)             -                  -          
[44.392s][info][gc,heap     ] GC(143) Reclaimed:         -                  -                 0M (0%)          286M (57%)            -                  -          
[44.392s][info][gc          ] GC(143) Garbage Collection (Allocation Stall) 466M(93%)->262M(52%)
[44.394s][info][gc,heap     ] Page Cache Flushed: 6M requested, 6M(206M->200M) flushed
[44.413s][info][gc,start    ] GC(144) Garbage Collection (Allocation Rate)
[44.417s][info][gc,phases   ] GC(144) Pause Mark Start 3.335ms
[44.516s][info][gc,heap     ] Page Cache Flushed: 32M requested, 32M(148M->116M) flushed
[44.527s][info][gc,phases   ] GC(144) Concurrent Mark 110.678ms
[44.533s][info][gc,phases   ] GC(144) Pause Mark End 0.344ms
[44.537s][info][gc,phases   ] GC(144) Concurrent Process Non-Strong References 3.924ms
[44.537s][info][gc,phases   ] GC(144) Concurrent Reset Relocation Set 0.356ms
[44.537s][info][gc,phases   ] GC(144) Concurrent Destroy Detached Pages 0.035ms
[44.539s][info][gc,phases   ] GC(144) Concurrent Select Relocation Set 1.513ms
[44.539s][info][gc,phases   ] GC(144) Concurrent Prepare Relocation Set 0.068ms
[44.543s][info][gc,phases   ] GC(144) Pause Relocate Start 2.672ms
[44.566s][info][gc,phases   ] GC(144) Concurrent Relocate 21.236ms
[44.566s][info][gc,load     ] GC(144) Load: 1.91/1.05/0.47
[44.566s][info][gc,mmu      ] GC(144) MMU: 2ms/0.0%, 5ms/0.0%, 10ms/0.0%, 20ms/0.0%, 50ms/59.1%, 100ms/77.1%
[44.566s][info][gc,marking  ] GC(144) Mark: 1 stripe(s), 2 proactive flush(es), 1 terminate flush(es), 0 completion(s), 0 continuation(s) 
[44.566s][info][gc,reloc    ] GC(144) Relocation: Successful, 8M relocated
[44.566s][info][gc,nmethod  ] GC(144) NMethods: 2952 registered, 0 unregistered
[44.566s][info][gc,metaspace] GC(144) Metaspace: 69M used, 74M capacity, 74M committed, 76M reserved
[44.566s][info][gc,ref      ] GC(144) Soft: 2514 encountered, 0 discovered, 0 enqueued
[44.566s][info][gc,ref      ] GC(144) Weak: 4568 encountered, 3581 discovered, 63 enqueued
[44.566s][info][gc,ref      ] GC(144) Final: 27 encountered, 0 discovered, 0 enqueued
[44.566s][info][gc,ref      ] GC(144) Phantom: 651 encountered, 647 discovered, 0 enqueued
[44.566s][info][gc,heap     ] GC(144)                Mark Start          Mark End        Relocate Start      Relocate End           High               Low         
[44.566s][info][gc,heap     ] GC(144)  Capacity:      500M (100%)        500M (100%)        500M (100%)        500M (100%)        500M (100%)        500M (100%)   
[44.566s][info][gc,heap     ] GC(144)   Reserve:       34M (7%)           34M (7%)           34M (7%)           34M (7%)           34M (7%)           34M (7%)     
[44.566s][info][gc,heap     ] GC(144)      Free:      196M (39%)         110M (22%)         278M (56%)         292M (58%)         300M (60%)         104M (21%)    
[44.566s][info][gc,heap     ] GC(144)      Used:      270M (54%)         356M (71%)         188M (38%)         174M (35%)         362M (72%)         166M (33%)    
[44.566s][info][gc,heap     ] GC(144)      Live:         -                30M (6%)           30M (6%)           30M (6%)             -                  -          
[44.566s][info][gc,heap     ] GC(144) Allocated:         -                86M (17%)          92M (18%)         116M (23%)            -                  -          
[44.566s][info][gc,heap     ] GC(144)   Garbage:         -               239M (48%)          65M (13%)          31M (6%)             -                  -          
[44.566s][info][gc,heap     ] GC(144) Reclaimed:         -                  -               174M (35%)         208M (42%)            -                  -          
[44.566s][info][gc          ] GC(144) Garbage Collection (Allocation Rate) 270M(54%)->174M(35%)
[44.613s][info][gc,start    ] GC(145) Garbage Collection (Allocation Rate)
[44.619s][info][gc,phases   ] GC(145) Pause Mark Start 2.974ms
[44.780s][info][gc,phases   ] GC(145) Concurrent Mark 160.969ms
[44.784s][info][gc,phases   ] GC(145) Pause Mark End 0.335ms
[44.786s][info][gc,phases   ] GC(145) Concurrent Process Non-Strong References 1.748ms
[44.786s][info][gc,phases   ] GC(145) Concurrent Reset Relocation Set 0.004ms
[44.786s][info][gc,phases   ] GC(145) Concurrent Destroy Detached Pages 0.000ms
[44.788s][info][gc,phases   ] GC(145) Concurrent Select Relocation Set 1.578ms
[44.788s][info][gc,phases   ] GC(145) Concurrent Prepare Relocation Set 0.683ms
[44.791s][info][gc,phases   ] GC(145) Pause Relocate Start 2.456ms
[44.862s][info][gc,phases   ] GC(145) Concurrent Relocate 70.603ms
[44.862s][info][gc,load     ] GC(145) Load: 1.91/1.05/0.47
[44.862s][info][gc,mmu      ] GC(145) MMU: 2ms/0.0%, 5ms/0.0%, 10ms/0.0%, 20ms/0.0%, 50ms/59.1%, 100ms/77.1%
[44.862s][info][gc,marking  ] GC(145) Mark: 1 stripe(s), 2 proactive flush(es), 1 terminate flush(es), 0 completion(s), 0 continuation(s) 
[44.862s][info][gc,reloc    ] GC(145) Relocation: Successful, 14M relocated
[44.862s][info][gc,nmethod  ] GC(145) NMethods: 2957 registered, 0 unregistered
[44.862s][info][gc,metaspace] GC(145) Metaspace: 69M used, 74M capacity, 74M committed, 76M reserved
[44.862s][info][gc,ref      ] GC(145) Soft: 2539 encountered, 0 discovered, 0 enqueued
[44.862s][info][gc,ref      ] GC(145) Weak: 4517 encountered, 3529 discovered, 10 enqueued
[44.862s][info][gc,ref      ] GC(145) Final: 27 encountered, 0 discovered, 0 enqueued
[44.862s][info][gc,ref      ] GC(145) Phantom: 652 encountered, 648 discovered, 0 enqueued
[44.862s][info][gc,heap     ] GC(145)                Mark Start          Mark End        Relocate Start      Relocate End           High               Low         
[44.862s][info][gc,heap     ] GC(145)  Capacity:      500M (100%)        500M (100%)        500M (100%)        500M (100%)        500M (100%)        500M (100%)   
[44.862s][info][gc,heap     ] GC(145)   Reserve:       34M (7%)           34M (7%)           34M (7%)           34M (7%)           34M (7%)           34M (7%)     
[44.862s][info][gc,heap     ] GC(145)      Free:      242M (48%)          76M (15%)          76M (15%)         198M (40%)         242M (48%)          66M (13%)    
[44.862s][info][gc,heap     ] GC(145)      Used:      224M (45%)         390M (78%)         390M (78%)         268M (54%)         400M (80%)         224M (45%)    
[44.862s][info][gc,heap     ] GC(145)      Live:         -                38M (8%)           38M (8%)           38M (8%)             -                  -          
[44.862s][info][gc,heap     ] GC(145) Allocated:         -               166M (33%)         166M (33%)         240M (48%)            -                  -          
[44.862s][info][gc,heap     ] GC(145)   Garbage:         -               185M (37%)         185M (37%)           3M (1%)             -                  -          
[44.862s][info][gc,heap     ] GC(145) Reclaimed:         -                  -                 0M (0%)          182M (36%)            -                  -          
[44.862s][info][gc          ] GC(145) Garbage Collection (Allocation Rate) 224M(45%)->268M(54%)
[44.913s][info][gc,start    ] GC(146) Garbage Collection (Allocation Rate)
[44.918s][info][gc,phases   ] GC(146) Pause Mark Start 2.819ms
[44.969s][info][gc,heap     ] Page Cache Flushed: 2M requested, 10M(80M->70M) flushed
[45.004s][info][gc,heap     ] Page Cache Flushed: 2M requested, 32M(64M->32M) flushed
[45.066s][info][gc,heap     ] Page Cache Flushed: 2M requested, 32M(32M->0M) flushed
[45.180s][info][gc,phases   ] GC(146) Concurrent Mark 261.119ms
[45.180s][info][gc,phases   ] GC(146) Pause Mark End 0.346ms
[45.182s][info][gc,phases   ] GC(146) Concurrent Process Non-Strong References 1.614ms
[45.182s][info][gc,phases   ] GC(146) Concurrent Reset Relocation Set 0.017ms
[45.182s][info][gc,phases   ] GC(146) Concurrent Destroy Detached Pages 0.005ms
[45.184s][info][gc,phases   ] GC(146) Concurrent Select Relocation Set 1.530ms
[45.185s][info][gc,phases   ] GC(146) Concurrent Prepare Relocation Set 1.269ms
[45.189s][info][gc,phases   ] GC(146) Pause Relocate Start 4.032ms
[45.195s][info][gc          ] Allocation Stall (Executor task launch worker for task 0.0 in stage 10.0 (TID 10)) 23.067ms
[45.196s][info][gc          ] Allocation Stall (Executor task launch worker for task 0.0 in stage 10.0 (TID 10)) 0.254ms
[45.198s][info][gc          ] Allocation Stall (Executor task launch worker for task 0.0 in stage 10.0 (TID 10)) 0.773ms
[45.199s][info][gc          ] Allocation Stall (Executor task launch worker for task 0.0 in stage 10.0 (TID 10)) 0.399ms
[45.200s][info][gc          ] Allocation Stall (Executor task launch worker for task 0.0 in stage 10.0 (TID 10)) 0.374ms
[45.201s][info][gc          ] Allocation Stall (Executor task launch worker for task 0.0 in stage 10.0 (TID 10)) 0.608ms
[45.203s][info][gc          ] Allocation Stall (Executor task launch worker for task 0.0 in stage 10.0 (TID 10)) 0.854ms
[45.204s][info][gc          ] Allocation Stall (Executor task launch worker for task 0.0 in stage 10.0 (TID 10)) 0.403ms
[45.205s][info][gc          ] Allocation Stall (Executor task launch worker for task 0.0 in stage 10.0 (TID 10)) 0.382ms
[45.210s][info][gc          ] Allocation Stall (Executor task launch worker for task 0.0 in stage 10.0 (TID 10)) 4.877ms
[45.345s][info][gc,phases   ] GC(146) Concurrent Relocate 155.453ms
[45.345s][info][gc,load     ] GC(146) Load: 1.91/1.05/0.47
[45.345s][info][gc,mmu      ] GC(146) MMU: 2ms/0.0%, 5ms/0.0%, 10ms/0.0%, 20ms/0.0%, 50ms/59.1%, 100ms/77.1%
[45.345s][info][gc,marking  ] GC(146) Mark: 1 stripe(s), 2 proactive flush(es), 1 terminate flush(es), 0 completion(s), 0 continuation(s) 
[45.345s][info][gc,reloc    ] GC(146) Relocation: Incomplete
[45.345s][info][gc,nmethod  ] GC(146) NMethods: 2957 registered, 0 unregistered
[45.345s][info][gc,metaspace] GC(146) Metaspace: 69M used, 74M capacity, 74M committed, 76M reserved
[45.345s][info][gc,ref      ] GC(146) Soft: 2539 encountered, 0 discovered, 0 enqueued
[45.345s][info][gc,ref      ] GC(146) Weak: 4507 encountered, 3521 discovered, 0 enqueued
[45.345s][info][gc,ref      ] GC(146) Final: 27 encountered, 0 discovered, 0 enqueued
[45.345s][info][gc,ref      ] GC(146) Phantom: 652 encountered, 648 discovered, 0 enqueued
[45.345s][info][gc,heap     ] GC(146)                Mark Start          Mark End        Relocate Start      Relocate End           High               Low         
[45.345s][info][gc,heap     ] GC(146)  Capacity:      500M (100%)        500M (100%)        500M (100%)        500M (100%)        500M (100%)        500M (100%)   
[45.345s][info][gc,heap     ] GC(146)   Reserve:       34M (7%)           34M (7%)           34M (7%)           34M (7%)           34M (7%)           32M (6%)     
[45.345s][info][gc,heap     ] GC(146)      Free:      132M (26%)           0M (0%)            0M (0%)           32M (6%)          132M (26%)           0M (0%)     
[45.345s][info][gc,heap     ] GC(146)      Used:      334M (67%)         466M (93%)         466M (93%)         434M (87%)         468M (94%)         334M (67%)    
[45.345s][info][gc,heap     ] GC(146)      Live:         -                58M (12%)          58M (12%)          58M (12%)            -                  -          
[45.345s][info][gc,heap     ] GC(146) Allocated:         -               132M (26%)         132M (26%)         258M (52%)            -                  -          
[45.345s][info][gc,heap     ] GC(146)   Garbage:         -               275M (55%)         275M (55%)         129M (26%)            -                  -          
[45.345s][info][gc,heap     ] GC(146) Reclaimed:         -                  -                 0M (0%)          146M (29%)            -                  -          
[45.345s][info][gc          ] GC(146) Garbage Collection (Allocation Rate) 334M(67%)->434M(87%)
[45.369s][info][gc,start    ] GC(147) Garbage Collection (Allocation Stall)
[45.375s][info][gc,ref      ] GC(147) Clearing All Soft References
[45.378s][info][gc,phases   ] GC(147) Pause Mark Start 2.922ms
[45.601s][info][gc,phases   ] GC(147) Concurrent Mark 222.993ms
[45.601s][info][gc,phases   ] GC(147) Pause Mark End 0.370ms
[45.603s][info][gc,phases   ] GC(147) Concurrent Process Non-Strong References 1.515ms
[45.603s][info][gc,phases   ] GC(147) Concurrent Reset Relocation Set 0.405ms
[45.603s][info][gc,phases   ] GC(147) Concurrent Destroy Detached Pages 0.000ms
[45.605s][info][gc,phases   ] GC(147) Concurrent Select Relocation Set 1.505ms
[45.612s][info][gc,phases   ] GC(147) Concurrent Prepare Relocation Set 7.485ms
[45.615s][info][gc,phases   ] GC(147) Pause Relocate Start 2.427ms
[45.615s][info][gc          ] Allocation Stall (Executor task launch worker for task 0.0 in stage 10.0 (TID 10)) 246.251ms
[45.616s][info][gc          ] Allocation Stall (Spark Context Cleaner) 235.043ms
[45.617s][info][gc          ] Allocation Stall (RemoteBlock-temp-file-clean-thread) 41.076ms
[45.617s][info][gc          ] Allocation Stall (Executor task launch worker for task 0.0 in stage 10.0 (TID 10)) 0.713ms
[45.619s][info][gc          ] Allocation Stall (Executor task launch worker for task 0.0 in stage 10.0 (TID 10)) 0.384ms
[45.627s][info][gc          ] Allocation Stall (Executor task launch worker for task 0.0 in stage 10.0 (TID 10)) 7.077ms
[45.630s][info][gc          ] Allocation Stall (Executor task launch worker for task 0.0 in stage 10.0 (TID 10)) 3.097ms
[45.819s][info][gc,heap     ] Page Cache Flushed: 10M requested, 10M(128M->118M) flushed
[45.840s][info][gc,phases   ] GC(147) Concurrent Relocate 225.083ms
[45.840s][info][gc,load     ] GC(147) Load: 1.91/1.05/0.47
[45.840s][info][gc,mmu      ] GC(147) MMU: 2ms/0.0%, 5ms/0.0%, 10ms/0.0%, 20ms/0.0%, 50ms/59.1%, 100ms/77.1%
[45.840s][info][gc,marking  ] GC(147) Mark: 1 stripe(s), 2 proactive flush(es), 1 terminate flush(es), 0 completion(s), 0 continuation(s) 
[45.840s][info][gc,reloc    ] GC(147) Relocation: Successful, 35M relocated
[45.840s][info][gc,nmethod  ] GC(147) NMethods: 2957 registered, 0 unregistered
[45.840s][info][gc,metaspace] GC(147) Metaspace: 69M used, 74M capacity, 74M committed, 76M reserved
[45.840s][info][gc,ref      ] GC(147) Soft: 2539 encountered, 936 discovered, 387 enqueued
[45.840s][info][gc,ref      ] GC(147) Weak: 4507 encountered, 3688 discovered, 0 enqueued
[45.840s][info][gc,ref      ] GC(147) Final: 27 encountered, 0 discovered, 0 enqueued
[45.840s][info][gc,ref      ] GC(147) Phantom: 652 encountered, 648 discovered, 0 enqueued
[45.840s][info][gc,heap     ] GC(147)                Mark Start          Mark End        Relocate Start      Relocate End           High               Low         
[45.840s][info][gc,heap     ] GC(147)  Capacity:      500M (100%)        500M (100%)        500M (100%)        500M (100%)        500M (100%)        500M (100%)   
[45.840s][info][gc,heap     ] GC(147)   Reserve:       34M (7%)           34M (7%)           34M (7%)           34M (7%)           34M (7%)           32M (6%)     
[45.840s][info][gc,heap     ] GC(147)      Free:        0M (0%)            0M (0%)            0M (0%)          142M (28%)         142M (28%)           0M (0%)     
[45.840s][info][gc,heap     ] GC(147)      Used:      466M (93%)         466M (93%)         466M (93%)         324M (65%)         468M (94%)         324M (65%)    
[45.840s][info][gc,heap     ] GC(147)      Live:         -                81M (16%)          81M (16%)          81M (16%)            -                  -          
[45.840s][info][gc,heap     ] GC(147) Allocated:         -                 0M (0%)            0M (0%)          242M (48%)            -                  -          
[45.840s][info][gc,heap     ] GC(147)   Garbage:         -               384M (77%)         384M (77%)          32M (7%)             -                  -          
[45.840s][info][gc,heap     ] GC(147) Reclaimed:         -                  -                 0M (0%)          352M (70%)            -                  -          
[45.840s][info][gc          ] GC(147) Garbage Collection (Allocation Stall) 466M(93%)->324M(65%)
[45.913s][info][gc,start    ] GC(148) Garbage Collection (Allocation Rate)
[45.918s][info][gc,phases   ] GC(148) Pause Mark Start 2.841ms
[46.058s][info][gc,phases   ] GC(148) Concurrent Mark 139.932ms
[46.059s][info][gc,phases   ] GC(148) Pause Mark End 0.349ms
[46.060s][info][gc,phases   ] GC(148) Concurrent Process Non-Strong References 1.425ms
[46.061s][info][gc,phases   ] GC(148) Concurrent Reset Relocation Set 0.371ms
[46.061s][info][gc,phases   ] GC(148) Concurrent Destroy Detached Pages 0.007ms
[46.062s][info][gc          ] Allocation Stall (Executor task launch worker for task 0.0 in stage 10.0 (TID 10)) 138.744ms
[46.063s][info][gc,heap     ] Page Cache Flushed: 2M requested, 6M(6M->0M) flushed
[46.065s][info][gc,phases   ] GC(148) Concurrent Select Relocation Set 4.536ms
[46.068s][info][gc,phases   ] GC(148) Concurrent Prepare Relocation Set 2.354ms
[46.071s][info][gc,phases   ] GC(148) Pause Relocate Start 2.898ms
[46.071s][info][gc          ] Allocation Stall (Executor task launch worker for task 0.0 in stage 10.0 (TID 10)) 6.149ms
[46.072s][info][gc          ] Allocation Stall (Executor task launch worker for task 0.0 in stage 10.0 (TID 10)) 0.272ms
[46.073s][info][gc          ] Allocation Stall (Executor task launch worker for task 0.0 in stage 10.0 (TID 10)) 0.334ms
[46.075s][info][gc          ] Allocation Stall (Executor task launch worker for task 0.0 in stage 10.0 (TID 10)) 0.373ms
[46.076s][info][gc          ] Allocation Stall (Executor task launch worker for task 0.0 in stage 10.0 (TID 10)) 0.390ms
[46.077s][info][gc          ] Allocation Stall (Executor task launch worker for task 0.0 in stage 10.0 (TID 10)) 0.386ms
[46.083s][info][gc          ] Allocation Stall (Executor task launch worker for task 0.0 in stage 10.0 (TID 10)) 5.477ms
[46.226s][info][gc,phases   ] GC(148) Concurrent Relocate 155.198ms
[46.226s][info][gc,load     ] GC(148) Load: 1.91/1.05/0.47
[46.226s][info][gc,mmu      ] GC(148) MMU: 2ms/0.0%, 5ms/0.0%, 10ms/0.0%, 20ms/0.0%, 50ms/59.1%, 100ms/77.1%
[46.226s][info][gc,marking  ] GC(148) Mark: 1 stripe(s), 2 proactive flush(es), 1 terminate flush(es), 0 completion(s), 0 continuation(s) 
[46.226s][info][gc,reloc    ] GC(148) Relocation: Incomplete
[46.226s][info][gc,nmethod  ] GC(148) NMethods: 2959 registered, 0 unregistered
[46.226s][info][gc,metaspace] GC(148) Metaspace: 69M used, 74M capacity, 74M committed, 76M reserved
[46.226s][info][gc,ref      ] GC(148) Soft: 2152 encountered, 0 discovered, 0 enqueued
[46.226s][info][gc,ref      ] GC(148) Weak: 4507 encountered, 3538 discovered, 0 enqueued
[46.226s][info][gc,ref      ] GC(148) Final: 27 encountered, 0 discovered, 0 enqueued
[46.226s][info][gc,ref      ] GC(148) Phantom: 652 encountered, 648 discovered, 0 enqueued
[46.226s][info][gc,heap     ] GC(148)                Mark Start          Mark End        Relocate Start      Relocate End           High               Low         
[46.226s][info][gc,heap     ] GC(148)  Capacity:      500M (100%)        500M (100%)        500M (100%)        500M (100%)        500M (100%)        500M (100%)   
[46.226s][info][gc,heap     ] GC(148)   Reserve:       34M (7%)           34M (7%)           34M (7%)           34M (7%)           34M (7%)           32M (6%)     
[46.226s][info][gc,heap     ] GC(148)      Free:       10M (2%)            0M (0%)            0M (0%)          122M (24%)         126M (25%)           0M (0%)     
[46.226s][info][gc,heap     ] GC(148)      Used:      456M (91%)         466M (93%)         466M (93%)         344M (69%)         468M (94%)         340M (68%)    
[46.226s][info][gc,heap     ] GC(148)      Live:         -               109M (22%)         109M (22%)         109M (22%)            -                  -          
[46.226s][info][gc,heap     ] GC(148) Allocated:         -                10M (2%)           16M (3%)          228M (46%)            -                  -          
[46.226s][info][gc,heap     ] GC(148)   Garbage:         -               346M (69%)         340M (68%)          32M (7%)             -                  -          
[46.226s][info][gc,heap     ] GC(148) Reclaimed:         -                  -                 6M (1%)          314M (63%)            -                  -          
[46.226s][info][gc          ] GC(148) Garbage Collection (Allocation Rate) 456M(91%)->344M(69%)
[46.270s][info][gc,start    ] GC(149) Garbage Collection (Allocation Stall)
[46.270s][info][gc,ref      ] GC(149) Clearing All Soft References
[46.273s][info][gc,phases   ] GC(149) Pause Mark Start 2.867ms
[46.437s][info][gc,phases   ] GC(149) Concurrent Mark 163.615ms
[46.437s][info][gc,phases   ] GC(149) Pause Mark End 0.337ms
[46.439s][info][gc,phases   ] GC(149) Concurrent Process Non-Strong References 1.598ms
[46.439s][info][gc,phases   ] GC(149) Concurrent Reset Relocation Set 0.345ms
[46.439s][info][gc,phases   ] GC(149) Concurrent Destroy Detached Pages 0.005ms
[46.441s][info][gc,phases   ] GC(149) Concurrent Select Relocation Set 1.509ms
[46.443s][info][gc,phases   ] GC(149) Concurrent Prepare Relocation Set 2.408ms
[46.446s][info][gc,phases   ] GC(149) Pause Relocate Start 2.419ms
[46.447s][info][gc          ] Allocation Stall (Executor task launch worker for task 0.0 in stage 10.0 (TID 10)) 176.914ms
[46.448s][info][gc          ] Allocation Stall (Spark Context Cleaner) 126.574ms
[46.448s][info][gc          ] Allocation Stall (Executor task launch worker for task 0.0 in stage 10.0 (TID 10)) 0.788ms
[46.450s][info][gc          ] Allocation Stall (Executor task launch worker for task 0.0 in stage 10.0 (TID 10)) 0.369ms
[46.451s][info][gc          ] Allocation Stall (Executor task launch worker for task 0.0 in stage 10.0 (TID 10)) 0.366ms
[46.452s][info][gc          ] Allocation Stall (Executor task launch worker for task 0.0 in stage 10.0 (TID 10)) 0.387ms
[46.459s][info][gc          ] Allocation Stall (Executor task launch worker for task 0.0 in stage 10.0 (TID 10)) 6.087ms
[46.595s][info][gc,phases   ] GC(149) Concurrent Relocate 149.098ms
[46.595s][info][gc,load     ] GC(149) Load: 1.91/1.05/0.47
[46.595s][info][gc,mmu      ] GC(149) MMU: 2ms/0.0%, 5ms/0.0%, 10ms/0.0%, 20ms/0.0%, 50ms/59.1%, 100ms/77.1%
[46.595s][info][gc,marking  ] GC(149) Mark: 1 stripe(s), 2 proactive flush(es), 1 terminate flush(es), 0 completion(s), 0 continuation(s) 
[46.595s][info][gc,reloc    ] GC(149) Relocation: Incomplete
[46.595s][info][gc,nmethod  ] GC(149) NMethods: 2962 registered, 0 unregistered
[46.595s][info][gc,metaspace] GC(149) Metaspace: 70M used, 74M capacity, 74M committed, 76M reserved
[46.595s][info][gc,ref      ] GC(149) Soft: 2152 encountered, 549 discovered, 0 enqueued
[46.595s][info][gc,ref      ] GC(149) Weak: 4507 encountered, 3688 discovered, 0 enqueued
[46.595s][info][gc,ref      ] GC(149) Final: 27 encountered, 0 discovered, 0 enqueued
[46.595s][info][gc,ref      ] GC(149) Phantom: 652 encountered, 648 discovered, 0 enqueued
[46.595s][info][gc,heap     ] GC(149)                Mark Start          Mark End        Relocate Start      Relocate End           High               Low         
[46.595s][info][gc,heap     ] GC(149)  Capacity:      500M (100%)        500M (100%)        500M (100%)        500M (100%)        500M (100%)        500M (100%)   
[46.595s][info][gc,heap     ] GC(149)   Reserve:       34M (7%)           34M (7%)           34M (7%)           34M (7%)           34M (7%)           32M (6%)     
[46.595s][info][gc,heap     ] GC(149)      Free:        0M (0%)            0M (0%)            0M (0%)          184M (37%)         194M (39%)           0M (0%)     
[46.595s][info][gc,heap     ] GC(149)      Used:      466M (93%)         466M (93%)         466M (93%)         282M (56%)         468M (94%)         272M (54%)    
[46.595s][info][gc,heap     ] GC(149)      Live:         -               132M (27%)         132M (27%)         132M (27%)            -                  -          
[46.595s][info][gc,heap     ] GC(149) Allocated:         -                 0M (0%)            0M (0%)          144M (29%)            -                  -          
[46.595s][info][gc,heap     ] GC(149)   Garbage:         -               333M (67%)         333M (67%)          33M (7%)             -                  -          
[46.595s][info][gc,heap     ] GC(149) Reclaimed:         -                  -                 0M (0%)          300M (60%)            -                  -          
[46.595s][info][gc          ] GC(149) Garbage Collection (Allocation Stall) 466M(93%)->282M(56%)
[46.613s][info][gc,start    ] GC(150) Garbage Collection (Allocation Rate)
[46.620s][info][gc,phases   ] GC(150) Pause Mark Start 2.932ms
[46.906s][info][gc,phases   ] GC(150) Concurrent Mark 286.407ms
[46.907s][info][gc,phases   ] GC(150) Pause Mark End 0.339ms
[46.908s][info][gc,phases   ] GC(150) Concurrent Process Non-Strong References 1.409ms
[46.909s][info][gc,phases   ] GC(150) Concurrent Reset Relocation Set 0.370ms
[46.909s][info][gc,phases   ] GC(150) Concurrent Destroy Detached Pages 0.001ms
[46.910s][info][gc,phases   ] GC(150) Concurrent Select Relocation Set 1.517ms
[46.911s][info][gc          ] Allocation Stall (Executor task launch worker for task 0.0 in stage 10.0 (TID 10)) 20.154ms
[46.914s][info][gc,phases   ] GC(150) Concurrent Prepare Relocation Set 3.353ms
[46.919s][info][gc,phases   ] GC(150) Pause Relocate Start 2.431ms
[46.950s][info][gc,phases   ] GC(150) Concurrent Relocate 31.150ms
[46.950s][info][gc,load     ] GC(150) Load: 1.92/1.06/0.48
[46.950s][info][gc,mmu      ] GC(150) MMU: 2ms/0.0%, 5ms/0.0%, 10ms/0.0%, 20ms/0.0%, 50ms/59.1%, 100ms/77.1%
[46.950s][info][gc,marking  ] GC(150) Mark: 1 stripe(s), 2 proactive flush(es), 1 terminate flush(es), 0 completion(s), 0 continuation(s) 
[46.950s][info][gc,reloc    ] GC(150) Relocation: Successful, 12M relocated
[46.950s][info][gc,nmethod  ] GC(150) NMethods: 2962 registered, 0 unregistered
[46.950s][info][gc,metaspace] GC(150) Metaspace: 70M used, 74M capacity, 74M committed, 76M reserved
[46.950s][info][gc,ref      ] GC(150) Soft: 2199 encountered, 0 discovered, 0 enqueued
[46.950s][info][gc,ref      ] GC(150) Weak: 4507 encountered, 3537 discovered, 0 enqueued
[46.950s][info][gc,ref      ] GC(150) Final: 27 encountered, 0 discovered, 0 enqueued
[46.950s][info][gc,ref      ] GC(150) Phantom: 652 encountered, 648 discovered, 0 enqueued
[46.950s][info][gc,heap     ] GC(150)                Mark Start          Mark End        Relocate Start      Relocate End           High               Low         
[46.950s][info][gc,heap     ] GC(150)  Capacity:      500M (100%)        500M (100%)        500M (100%)        500M (100%)        500M (100%)        500M (100%)   
[46.950s][info][gc,heap     ] GC(150)   Reserve:       34M (7%)           34M (7%)           34M (7%)           34M (7%)           34M (7%)           34M (7%)     
[46.950s][info][gc,heap     ] GC(150)      Free:      164M (33%)           0M (0%)           52M (10%)         106M (21%)         164M (33%)           0M (0%)     
[46.950s][info][gc,heap     ] GC(150)      Used:      302M (60%)         466M (93%)         414M (83%)         360M (72%)         466M (93%)         302M (60%)    
[46.950s][info][gc,heap     ] GC(150)      Live:         -               138M (28%)         138M (28%)         138M (28%)            -                  -          
[46.950s][info][gc,heap     ] GC(150) Allocated:         -               164M (33%)         168M (34%)         196M (39%)            -                  -          
[46.950s][info][gc,heap     ] GC(150)   Garbage:         -               163M (33%)         107M (22%)          33M (7%)             -                  -          
[46.950s][info][gc,heap     ] GC(150) Reclaimed:         -                  -                56M (11%)         130M (26%)            -                  -          
[46.950s][info][gc          ] GC(150) Garbage Collection (Allocation Rate) 302M(60%)->360M(72%)
[47.013s][info][gc,start    ] GC(151) Garbage Collection (Allocation Rate)
[47.018s][info][gc,phases   ] GC(151) Pause Mark Start 2.839ms
[47.176s][info][gc,phases   ] GC(151) Concurrent Mark 157.217ms
[47.176s][info][gc,phases   ] GC(151) Pause Mark End 0.331ms
[47.178s][info][gc,phases   ] GC(151) Concurrent Process Non-Strong References 1.485ms
[47.178s][info][gc,phases   ] GC(151) Concurrent Reset Relocation Set 0.011ms
[47.178s][info][gc,phases   ] GC(151) Concurrent Destroy Detached Pages 0.001ms
[47.178s][info][gc          ] Allocation Stall (Executor task launch worker for task 0.0 in stage 10.0 (TID 10)) 109.669ms
[47.184s][info][gc,phases   ] GC(151) Concurrent Select Relocation Set 6.436ms
[47.184s][info][gc,phases   ] GC(151) Concurrent Prepare Relocation Set 0.062ms
[47.189s][info][gc,phases   ] GC(151) Pause Relocate Start 2.392ms
[47.193s][info][gc,phases   ] GC(151) Concurrent Relocate 3.561ms
[47.193s][info][gc,load     ] GC(151) Load: 1.92/1.06/0.48
[47.193s][info][gc,mmu      ] GC(151) MMU: 2ms/0.0%, 5ms/0.0%, 10ms/0.0%, 20ms/0.0%, 50ms/59.1%, 100ms/77.1%
[47.193s][info][gc,marking  ] GC(151) Mark: 1 stripe(s), 2 proactive flush(es), 1 terminate flush(es), 0 completion(s), 0 continuation(s) 
[47.193s][info][gc,reloc    ] GC(151) Relocation: Successful, 6M relocated
[47.193s][info][gc,nmethod  ] GC(151) NMethods: 2962 registered, 0 unregistered
[47.193s][info][gc,metaspace] GC(151) Metaspace: 70M used, 74M capacity, 74M committed, 76M reserved
[47.193s][info][gc,ref      ] GC(151) Soft: 2199 encountered, 0 discovered, 0 enqueued
[47.193s][info][gc,ref      ] GC(151) Weak: 4507 encountered, 3537 discovered, 0 enqueued
[47.193s][info][gc,ref      ] GC(151) Final: 27 encountered, 0 discovered, 0 enqueued
[47.193s][info][gc,ref      ] GC(151) Phantom: 652 encountered, 648 discovered, 0 enqueued
[47.193s][info][gc,heap     ] GC(151)                Mark Start          Mark End        Relocate Start      Relocate End           High               Low         
[47.193s][info][gc,heap     ] GC(151)  Capacity:      500M (100%)        500M (100%)        500M (100%)        500M (100%)        500M (100%)        500M (100%)   
[47.193s][info][gc,heap     ] GC(151)   Reserve:       34M (7%)           34M (7%)           34M (7%)           34M (7%)           34M (7%)           34M (7%)     
[47.193s][info][gc,heap     ] GC(151)      Free:       30M (6%)            0M (0%)          246M (49%)         258M (52%)         258M (52%)           0M (0%)     
[47.193s][info][gc,heap     ] GC(151)      Used:      436M (87%)         466M (93%)         220M (44%)         208M (42%)         466M (93%)         208M (42%)    
[47.193s][info][gc,heap     ] GC(151)      Live:         -               138M (28%)         138M (28%)         138M (28%)            -                  -          
[47.193s][info][gc,heap     ] GC(151) Allocated:         -                30M (6%)           38M (8%)           40M (8%)             -                  -          
[47.193s][info][gc,heap     ] GC(151)   Garbage:         -               297M (60%)          43M (9%)           31M (6%)             -                  -          
[47.193s][info][gc,heap     ] GC(151) Reclaimed:         -                  -               254M (51%)         266M (53%)            -                  -          
[47.193s][info][gc          ] GC(151) Garbage Collection (Allocation Rate) 436M(87%)->208M(42%)
[47.213s][info][gc,start    ] GC(152) Garbage Collection (Allocation Rate)
[47.222s][info][gc,phases   ] GC(152) Pause Mark Start 3.092ms
[47.529s][info][gc,phases   ] GC(152) Concurrent Mark 307.230ms
[47.532s][info][gc,phases   ] GC(152) Pause Mark End 0.331ms
[47.533s][info][gc,phases   ] GC(152) Concurrent Process Non-Strong References 1.393ms
[47.533s][info][gc,phases   ] GC(152) Concurrent Reset Relocation Set 0.003ms
[47.533s][info][gc,phases   ] GC(152) Concurrent Destroy Detached Pages 0.000ms
[47.535s][info][gc,phases   ] GC(152) Concurrent Select Relocation Set 1.563ms
[47.535s][info][gc,phases   ] GC(152) Concurrent Prepare Relocation Set 0.065ms
[47.538s][info][gc,phases   ] GC(152) Pause Relocate Start 2.296ms
[47.546s][info][gc,phases   ] GC(152) Concurrent Relocate 7.982ms
[47.546s][info][gc,load     ] GC(152) Load: 1.92/1.06/0.48
[47.546s][info][gc,mmu      ] GC(152) MMU: 2ms/0.0%, 5ms/0.0%, 10ms/0.0%, 20ms/0.0%, 50ms/59.1%, 100ms/77.1%
[47.546s][info][gc,marking  ] GC(152) Mark: 1 stripe(s), 2 proactive flush(es), 1 terminate flush(es), 0 completion(s), 0 continuation(s) 
[47.546s][info][gc,reloc    ] GC(152) Relocation: Successful, 6M relocated
[47.546s][info][gc,nmethod  ] GC(152) NMethods: 2962 registered, 0 unregistered
[47.546s][info][gc,metaspace] GC(152) Metaspace: 70M used, 74M capacity, 74M committed, 76M reserved
[47.546s][info][gc,ref      ] GC(152) Soft: 2199 encountered, 0 discovered, 0 enqueued
[47.546s][info][gc,ref      ] GC(152) Weak: 4507 encountered, 3537 discovered, 0 enqueued
[47.546s][info][gc,ref      ] GC(152) Final: 27 encountered, 0 discovered, 0 enqueued
[47.546s][info][gc,ref      ] GC(152) Phantom: 652 encountered, 648 discovered, 0 enqueued
[47.546s][info][gc,heap     ] GC(152)                Mark Start          Mark End        Relocate Start      Relocate End           High               Low         
[47.546s][info][gc,heap     ] GC(152)  Capacity:      500M (100%)        500M (100%)        500M (100%)        500M (100%)        500M (100%)        500M (100%)   
[47.546s][info][gc,heap     ] GC(152)   Reserve:       34M (7%)           34M (7%)           34M (7%)           34M (7%)           34M (7%)           34M (7%)     
[47.546s][info][gc,heap     ] GC(152)      Free:      238M (48%)          72M (14%)         124M (25%)         124M (25%)         238M (48%)          72M (14%)    
[47.546s][info][gc,heap     ] GC(152)      Used:      228M (46%)         394M (79%)         342M (68%)         342M (68%)         394M (79%)         228M (46%)    
[47.546s][info][gc,heap     ] GC(152)      Live:         -               138M (28%)         138M (28%)         138M (28%)            -                  -          
[47.546s][info][gc,heap     ] GC(152) Allocated:         -               166M (33%)         166M (33%)         174M (35%)            -                  -          
[47.546s][info][gc,heap     ] GC(152)   Garbage:         -                89M (18%)          37M (8%)           31M (6%)             -                  -          
[47.546s][info][gc,heap     ] GC(152) Reclaimed:         -                  -                52M (10%)          58M (12%)            -                  -          
[47.546s][info][gc          ] GC(152) Garbage Collection (Allocation Rate) 228M(46%)->342M(68%)
[47.613s][info][gc,start    ] GC(153) Garbage Collection (Allocation Rate)
[47.618s][info][gc,phases   ] GC(153) Pause Mark Start 2.853ms
[47.801s][info][gc,phases   ] GC(153) Concurrent Mark 182.103ms
[47.801s][info][gc,phases   ] GC(153) Pause Mark End 0.376ms
[47.803s][info][gc,phases   ] GC(153) Concurrent Process Non-Strong References 1.621ms
[47.803s][info][gc,phases   ] GC(153) Concurrent Reset Relocation Set 0.012ms
[47.803s][info][gc,phases   ] GC(153) Concurrent Destroy Detached Pages 0.001ms
[47.805s][info][gc,phases   ] GC(153) Concurrent Select Relocation Set 2.134ms
[47.805s][info][gc,phases   ] GC(153) Concurrent Prepare Relocation Set 0.062ms
[47.808s][info][gc,phases   ] GC(153) Pause Relocate Start 2.405ms
[47.808s][info][gc          ] Allocation Stall (Executor task launch worker for task 0.0 in stage 10.0 (TID 10)) 101.525ms
[47.815s][info][gc,phases   ] GC(153) Concurrent Relocate 4.178ms
[47.815s][info][gc,load     ] GC(153) Load: 1.92/1.06/0.48
[47.815s][info][gc,mmu      ] GC(153) MMU: 2ms/0.0%, 5ms/0.0%, 10ms/0.0%, 20ms/0.0%, 50ms/59.1%, 100ms/77.1%
[47.815s][info][gc,marking  ] GC(153) Mark: 1 stripe(s), 2 proactive flush(es), 1 terminate flush(es), 0 completion(s), 0 continuation(s) 
[47.815s][info][gc,reloc    ] GC(153) Relocation: Successful, 6M relocated
[47.815s][info][gc,nmethod  ] GC(153) NMethods: 2962 registered, 0 unregistered
[47.815s][info][gc,metaspace] GC(153) Metaspace: 70M used, 74M capacity, 74M committed, 76M reserved
[47.815s][info][gc,ref      ] GC(153) Soft: 2199 encountered, 0 discovered, 0 enqueued
[47.815s][info][gc,ref      ] GC(153) Weak: 4507 encountered, 3537 discovered, 0 enqueued
[47.815s][info][gc,ref      ] GC(153) Final: 27 encountered, 0 discovered, 0 enqueued
[47.815s][info][gc,ref      ] GC(153) Phantom: 652 encountered, 648 discovered, 0 enqueued
[47.815s][info][gc,heap     ] GC(153)                Mark Start          Mark End        Relocate Start      Relocate End           High               Low         
[47.815s][info][gc,heap     ] GC(153)  Capacity:      500M (100%)        500M (100%)        500M (100%)        500M (100%)        500M (100%)        500M (100%)   
[47.815s][info][gc,heap     ] GC(153)   Reserve:       34M (7%)           34M (7%)           34M (7%)           34M (7%)           34M (7%)           34M (7%)     
[47.815s][info][gc,heap     ] GC(153)      Free:       44M (9%)            0M (0%)          242M (48%)         248M (50%)         248M (50%)           0M (0%)     
[47.815s][info][gc,heap     ] GC(153)      Used:      422M (84%)         466M (93%)         224M (45%)         218M (44%)         466M (93%)         218M (44%)    
[47.815s][info][gc,heap     ] GC(153)      Live:         -               138M (28%)         138M (28%)         138M (28%)            -                  -          
[47.815s][info][gc,heap     ] GC(153) Allocated:         -                44M (9%)           46M (9%)           50M (10%)            -                  -          
[47.815s][info][gc,heap     ] GC(153)   Garbage:         -               283M (57%)          39M (8%)           31M (6%)             -                  -          
[47.815s][info][gc,heap     ] GC(153) Reclaimed:         -                  -               244M (49%)         252M (50%)            -                  -          
[47.815s][info][gc          ] GC(153) Garbage Collection (Allocation Rate) 422M(84%)->218M(44%)
[47.913s][info][gc,start    ] GC(154) Garbage Collection (Allocation Rate)
[47.918s][info][gc,phases   ] GC(154) Pause Mark Start 2.889ms
[48.182s][info][gc,phases   ] GC(154) Concurrent Mark 263.720ms
[48.183s][info][gc,phases   ] GC(154) Pause Mark End 0.415ms
[48.184s][info][gc,phases   ] GC(154) Concurrent Process Non-Strong References 1.351ms
[48.184s][info][gc,phases   ] GC(154) Concurrent Reset Relocation Set 0.002ms
[48.184s][info][gc,phases   ] GC(154) Concurrent Destroy Detached Pages 0.000ms
[48.186s][info][gc,phases   ] GC(154) Concurrent Select Relocation Set 1.701ms
[48.186s][info][gc,phases   ] GC(154) Concurrent Prepare Relocation Set 0.068ms
[48.189s][info][gc,phases   ] GC(154) Pause Relocate Start 2.505ms
[48.189s][info][gc          ] Allocation Stall (Executor task launch worker for task 0.0 in stage 10.0 (TID 10)) 31.732ms
[48.197s][info][gc,phases   ] GC(154) Concurrent Relocate 2.766ms
[48.197s][info][gc,load     ] GC(154) Load: 1.92/1.06/0.48
[48.197s][info][gc,mmu      ] GC(154) MMU: 2ms/0.0%, 5ms/0.0%, 10ms/0.0%, 20ms/0.0%, 50ms/59.1%, 100ms/77.1%
[48.197s][info][gc,marking  ] GC(154) Mark: 1 stripe(s), 2 proactive flush(es), 1 terminate flush(es), 0 completion(s), 0 continuation(s) 
[48.197s][info][gc,reloc    ] GC(154) Relocation: Successful, 6M relocated
[48.197s][info][gc,nmethod  ] GC(154) NMethods: 2962 registered, 0 unregistered
[48.197s][info][gc,metaspace] GC(154) Metaspace: 70M used, 74M capacity, 74M committed, 76M reserved
[48.197s][info][gc,ref      ] GC(154) Soft: 2199 encountered, 0 discovered, 0 enqueued
[48.197s][info][gc,ref      ] GC(154) Weak: 4507 encountered, 3537 discovered, 0 enqueued
[48.197s][info][gc,ref      ] GC(154) Final: 27 encountered, 0 discovered, 0 enqueued
[48.197s][info][gc,ref      ] GC(154) Phantom: 652 encountered, 648 discovered, 0 enqueued
[48.197s][info][gc,heap     ] GC(154)                Mark Start          Mark End        Relocate Start      Relocate End           High               Low         
[48.197s][info][gc,heap     ] GC(154)  Capacity:      500M (100%)        500M (100%)        500M (100%)        500M (100%)        500M (100%)        500M (100%)   
[48.197s][info][gc,heap     ] GC(154)   Reserve:       34M (7%)           34M (7%)           34M (7%)           34M (7%)           34M (7%)           34M (7%)     
[48.197s][info][gc,heap     ] GC(154)      Free:      130M (26%)           0M (0%)          156M (31%)         158M (32%)         158M (32%)           0M (0%)     
[48.197s][info][gc,heap     ] GC(154)      Used:      336M (67%)         466M (93%)         310M (62%)         308M (62%)         466M (93%)         308M (62%)    
[48.197s][info][gc,heap     ] GC(154)      Live:         -               138M (28%)         138M (28%)         138M (28%)            -                  -          
[48.197s][info][gc,heap     ] GC(154) Allocated:         -               130M (26%)         132M (26%)         140M (28%)            -                  -          
[48.197s][info][gc,heap     ] GC(154)   Garbage:         -               197M (40%)          39M (8%)           31M (6%)             -                  -          
[48.197s][info][gc,heap     ] GC(154) Reclaimed:         -                  -               158M (32%)         166M (33%)            -                  -          
[48.197s][info][gc          ] GC(154) Garbage Collection (Allocation Rate) 336M(67%)->308M(62%)
[48.213s][info][gc,start    ] GC(155) Garbage Collection (Allocation Rate)
[48.219s][info][gc,phases   ] GC(155) Pause Mark Start 3.067ms
[48.488s][info][gc,phases   ] GC(155) Concurrent Mark 268.862ms
[48.489s][info][gc,phases   ] GC(155) Pause Mark End 0.335ms
[48.491s][info][gc,phases   ] GC(155) Concurrent Process Non-Strong References 2.289ms
[48.491s][info][gc,phases   ] GC(155) Concurrent Reset Relocation Set 0.004ms
[48.491s][info][gc,phases   ] GC(155) Concurrent Destroy Detached Pages 0.001ms
[48.493s][info][gc,phases   ] GC(155) Concurrent Select Relocation Set 1.526ms
[48.493s][info][gc,phases   ] GC(155) Concurrent Prepare Relocation Set 0.058ms
[48.495s][info][gc,phases   ] GC(155) Pause Relocate Start 2.446ms
[48.495s][info][gc          ] Allocation Stall (Executor task launch worker for task 0.0 in stage 10.0 (TID 10)) 20.052ms
[48.501s][info][gc,phases   ] GC(155) Concurrent Relocate 2.816ms
[48.501s][info][gc,load     ] GC(155) Load: 1.92/1.06/0.48
[48.501s][info][gc,mmu      ] GC(155) MMU: 2ms/0.0%, 5ms/0.0%, 10ms/0.0%, 20ms/0.0%, 50ms/59.1%, 100ms/77.1%
[48.501s][info][gc,marking  ] GC(155) Mark: 1 stripe(s), 2 proactive flush(es), 1 terminate flush(es), 0 completion(s), 0 continuation(s) 
[48.501s][info][gc,reloc    ] GC(155) Relocation: Successful, 6M relocated
[48.501s][info][gc,nmethod  ] GC(155) NMethods: 2962 registered, 0 unregistered
[48.501s][info][gc,metaspace] GC(155) Metaspace: 70M used, 74M capacity, 74M committed, 76M reserved
[48.501s][info][gc,ref      ] GC(155) Soft: 2199 encountered, 0 discovered, 0 enqueued
[48.501s][info][gc,ref      ] GC(155) Weak: 4507 encountered, 3537 discovered, 0 enqueued
[48.501s][info][gc,ref      ] GC(155) Final: 27 encountered, 0 discovered, 0 enqueued
[48.501s][info][gc,ref      ] GC(155) Phantom: 652 encountered, 648 discovered, 0 enqueued
[48.501s][info][gc,heap     ] GC(155)                Mark Start          Mark End        Relocate Start      Relocate End           High               Low         
[48.501s][info][gc,heap     ] GC(155)  Capacity:      500M (100%)        500M (100%)        500M (100%)        500M (100%)        500M (100%)        500M (100%)   
[48.501s][info][gc,heap     ] GC(155)   Reserve:       34M (7%)           34M (7%)           34M (7%)           34M (7%)           34M (7%)           34M (7%)     
[48.501s][info][gc,heap     ] GC(155)      Free:      142M (28%)           0M (0%)          144M (29%)         150M (30%)         150M (30%)           0M (0%)     
[48.501s][info][gc,heap     ] GC(155)      Used:      324M (65%)         466M (93%)         322M (64%)         316M (63%)         466M (93%)         316M (63%)    
[48.501s][info][gc,heap     ] GC(155)      Live:         -               138M (28%)         138M (28%)         138M (28%)            -                  -          
[48.501s][info][gc,heap     ] GC(155) Allocated:         -               142M (28%)         144M (29%)         148M (30%)            -                  -          
[48.501s][info][gc,heap     ] GC(155)   Garbage:         -               185M (37%)          39M (8%)           31M (6%)             -                  -          
[48.501s][info][gc,heap     ] GC(155) Reclaimed:         -                  -               146M (29%)         154M (31%)            -                  -          
[48.501s][info][gc          ] GC(155) Garbage Collection (Allocation Rate) 324M(65%)->316M(63%)
[48.513s][info][gc,start    ] GC(156) Garbage Collection (Allocation Rate)
[48.519s][info][gc,phases   ] GC(156) Pause Mark Start 2.837ms
[48.788s][info][gc,phases   ] GC(156) Concurrent Mark 269.474ms
[48.789s][info][gc,phases   ] GC(156) Pause Mark End 0.339ms
[48.790s][info][gc,phases   ] GC(156) Concurrent Process Non-Strong References 1.382ms
[48.790s][info][gc,phases   ] GC(156) Concurrent Reset Relocation Set 0.002ms
[48.790s][info][gc,phases   ] GC(156) Concurrent Destroy Detached Pages 0.000ms
[48.791s][info][gc          ] Allocation Stall (Executor task launch worker for task 0.0 in stage 10.0 (TID 10)) 17.789ms
[48.796s][info][gc,phases   ] GC(156) Concurrent Select Relocation Set 5.444ms
[48.796s][info][gc,phases   ] GC(156) Concurrent Prepare Relocation Set 0.061ms
[48.801s][info][gc,phases   ] GC(156) Pause Relocate Start 2.667ms
[48.810s][info][gc,phases   ] GC(156) Concurrent Relocate 8.920ms
[48.810s][info][gc,load     ] GC(156) Load: 1.92/1.06/0.48
[48.810s][info][gc,mmu      ] GC(156) MMU: 2ms/0.0%, 5ms/0.0%, 10ms/0.0%, 20ms/0.0%, 50ms/59.1%, 100ms/77.1%
[48.810s][info][gc,marking  ] GC(156) Mark: 1 stripe(s), 2 proactive flush(es), 1 terminate flush(es), 0 completion(s), 0 continuation(s) 
[48.810s][info][gc,reloc    ] GC(156) Relocation: Successful, 6M relocated
[48.810s][info][gc,nmethod  ] GC(156) NMethods: 2962 registered, 0 unregistered
[48.810s][info][gc,metaspace] GC(156) Metaspace: 70M used, 74M capacity, 74M committed, 76M reserved
[48.810s][info][gc,ref      ] GC(156) Soft: 2199 encountered, 0 discovered, 0 enqueued
[48.810s][info][gc,ref      ] GC(156) Weak: 4507 encountered, 3537 discovered, 0 enqueued
[48.810s][info][gc,ref      ] GC(156) Final: 27 encountered, 0 discovered, 0 enqueued
[48.810s][info][gc,ref      ] GC(156) Phantom: 652 encountered, 648 discovered, 0 enqueued
[48.810s][info][gc,heap     ] GC(156)                Mark Start          Mark End        Relocate Start      Relocate End           High               Low         
[48.810s][info][gc,heap     ] GC(156)  Capacity:      500M (100%)        500M (100%)        500M (100%)        500M (100%)        500M (100%)        500M (100%)   
[48.810s][info][gc,heap     ] GC(156)   Reserve:       34M (7%)           34M (7%)           34M (7%)           34M (7%)           34M (7%)           34M (7%)     
[48.810s][info][gc,heap     ] GC(156)      Free:      136M (27%)           0M (0%)          148M (30%)         148M (30%)         152M (30%)           0M (0%)     
[48.810s][info][gc,heap     ] GC(156)      Used:      330M (66%)         466M (93%)         318M (64%)         318M (64%)         466M (93%)         314M (63%)    
[48.810s][info][gc,heap     ] GC(156)      Live:         -               138M (28%)         138M (28%)         138M (28%)            -                  -          
[48.810s][info][gc,heap     ] GC(156) Allocated:         -               136M (27%)         142M (28%)         150M (30%)            -                  -          
[48.810s][info][gc,heap     ] GC(156)   Garbage:         -               191M (38%)          37M (8%)           31M (6%)             -                  -          
[48.810s][info][gc,heap     ] GC(156) Reclaimed:         -                  -               154M (31%)         160M (32%)            -                  -          
[48.810s][info][gc          ] GC(156) Garbage Collection (Allocation Rate) 330M(66%)->318M(64%)
[48.813s][info][gc,start    ] GC(157) Garbage Collection (Allocation Rate)
[48.818s][info][gc,phases   ] GC(157) Pause Mark Start 2.899ms
[49.094s][info][gc,phases   ] GC(157) Concurrent Mark 275.861ms
[49.095s][info][gc,phases   ] GC(157) Pause Mark End 0.328ms
[49.096s][info][gc,phases   ] GC(157) Concurrent Process Non-Strong References 1.404ms
[49.096s][info][gc,phases   ] GC(157) Concurrent Reset Relocation Set 0.002ms
[49.096s][info][gc,phases   ] GC(157) Concurrent Destroy Detached Pages 0.001ms
[49.098s][info][gc,phases   ] GC(157) Concurrent Select Relocation Set 1.548ms
[49.098s][info][gc,phases   ] GC(157) Concurrent Prepare Relocation Set 0.062ms
[49.101s][info][gc,phases   ] GC(157) Pause Relocate Start 2.388ms
[49.101s][info][gc          ] Allocation Stall (Executor task launch worker for task 0.0 in stage 10.0 (TID 10)) 20.099ms
[49.110s][info][gc,phases   ] GC(157) Concurrent Relocate 2.795ms
[49.110s][info][gc,load     ] GC(157) Load: 1.92/1.06/0.48
[49.110s][info][gc,mmu      ] GC(157) MMU: 2ms/0.0%, 5ms/0.0%, 10ms/0.0%, 20ms/0.0%, 50ms/59.1%, 100ms/77.1%
[49.110s][info][gc,marking  ] GC(157) Mark: 1 stripe(s), 2 proactive flush(es), 1 terminate flush(es), 0 completion(s), 0 continuation(s) 
[49.110s][info][gc,reloc    ] GC(157) Relocation: Successful, 6M relocated
[49.110s][info][gc,nmethod  ] GC(157) NMethods: 2962 registered, 0 unregistered
[49.110s][info][gc,metaspace] GC(157) Metaspace: 70M used, 74M capacity, 74M committed, 76M reserved
[49.110s][info][gc,ref      ] GC(157) Soft: 2199 encountered, 0 discovered, 0 enqueued
[49.110s][info][gc,ref      ] GC(157) Weak: 4507 encountered, 3537 discovered, 0 enqueued
[49.110s][info][gc,ref      ] GC(157) Final: 27 encountered, 0 discovered, 0 enqueued
[49.110s][info][gc,ref      ] GC(157) Phantom: 652 encountered, 648 discovered, 0 enqueued
[49.110s][info][gc,heap     ] GC(157)                Mark Start          Mark End        Relocate Start      Relocate End           High               Low         
[49.110s][info][gc,heap     ] GC(157)  Capacity:      500M (100%)        500M (100%)        500M (100%)        500M (100%)        500M (100%)        500M (100%)   
[49.110s][info][gc,heap     ] GC(157)   Reserve:       34M (7%)           34M (7%)           34M (7%)           34M (7%)           34M (7%)           34M (7%)     
[49.110s][info][gc,heap     ] GC(157)      Free:      144M (29%)           0M (0%)          146M (29%)         144M (29%)         146M (29%)           0M (0%)     
[49.110s][info][gc,heap     ] GC(157)      Used:      322M (64%)         466M (93%)         320M (64%)         322M (64%)         466M (93%)         320M (64%)    
[49.110s][info][gc,heap     ] GC(157)      Live:         -               138M (28%)         138M (28%)         138M (28%)            -                  -          
[49.110s][info][gc,heap     ] GC(157) Allocated:         -               144M (29%)         146M (29%)         154M (31%)            -                  -          
[49.110s][info][gc,heap     ] GC(157)   Garbage:         -               183M (37%)          35M (7%)           31M (6%)             -                  -          
[49.110s][info][gc,heap     ] GC(157) Reclaimed:         -                  -               148M (30%)         152M (30%)            -                  -          
[49.110s][info][gc          ] GC(157) Garbage Collection (Allocation Rate) 322M(64%)->322M(64%)
[49.113s][info][gc,start    ] GC(158) Garbage Collection (Allocation Rate)
[49.118s][info][gc,phases   ] GC(158) Pause Mark Start 2.855ms
[49.397s][info][gc,phases   ] GC(158) Concurrent Mark 278.215ms
[49.397s][info][gc,phases   ] GC(158) Pause Mark End 0.337ms
[49.399s][info][gc,phases   ] GC(158) Concurrent Process Non-Strong References 1.511ms
[49.399s][info][gc,phases   ] GC(158) Concurrent Reset Relocation Set 0.002ms
[49.399s][info][gc,phases   ] GC(158) Concurrent Destroy Detached Pages 0.000ms
[49.400s][info][gc,phases   ] GC(158) Concurrent Select Relocation Set 1.510ms
[49.400s][info][gc,phases   ] GC(158) Concurrent Prepare Relocation Set 0.063ms
[49.403s][info][gc,phases   ] GC(158) Pause Relocate Start 2.401ms
[49.403s][info][gc          ] Allocation Stall (Executor task launch worker for task 0.0 in stage 10.0 (TID 10)) 26.825ms
[49.409s][info][gc,phases   ] GC(158) Concurrent Relocate 2.781ms
[49.409s][info][gc,load     ] GC(158) Load: 1.92/1.06/0.48
[49.409s][info][gc,mmu      ] GC(158) MMU: 2ms/0.0%, 5ms/0.0%, 10ms/0.0%, 20ms/0.0%, 50ms/59.1%, 100ms/77.1%
[49.409s][info][gc,marking  ] GC(158) Mark: 1 stripe(s), 2 proactive flush(es), 1 terminate flush(es), 0 completion(s), 0 continuation(s) 
[49.409s][info][gc,reloc    ] GC(158) Relocation: Successful, 6M relocated
[49.409s][info][gc,nmethod  ] GC(158) NMethods: 2964 registered, 0 unregistered
[49.409s][info][gc,metaspace] GC(158) Metaspace: 70M used, 74M capacity, 74M committed, 76M reserved
[49.409s][info][gc,ref      ] GC(158) Soft: 2199 encountered, 0 discovered, 0 enqueued
[49.409s][info][gc,ref      ] GC(158) Weak: 4507 encountered, 3558 discovered, 0 enqueued
[49.409s][info][gc,ref      ] GC(158) Final: 27 encountered, 0 discovered, 0 enqueued
[49.409s][info][gc,ref      ] GC(158) Phantom: 652 encountered, 648 discovered, 0 enqueued
[49.409s][info][gc,heap     ] GC(158)                Mark Start          Mark End        Relocate Start      Relocate End           High               Low         
[49.409s][info][gc,heap     ] GC(158)  Capacity:      500M (100%)        500M (100%)        500M (100%)        500M (100%)        500M (100%)        500M (100%)   
[49.409s][info][gc,heap     ] GC(158)   Reserve:       34M (7%)           34M (7%)           34M (7%)           34M (7%)           34M (7%)           34M (7%)     
[49.409s][info][gc,heap     ] GC(158)      Free:      140M (28%)           0M (0%)          148M (30%)         150M (30%)         150M (30%)           0M (0%)     
[49.409s][info][gc,heap     ] GC(158)      Used:      326M (65%)         466M (93%)         318M (64%)         316M (63%)         466M (93%)         316M (63%)    
[49.409s][info][gc,heap     ] GC(158)      Live:         -               138M (28%)         138M (28%)         138M (28%)            -                  -          
[49.409s][info][gc,heap     ] GC(158) Allocated:         -               140M (28%)         142M (28%)         148M (30%)            -                  -          
[49.409s][info][gc,heap     ] GC(158)   Garbage:         -               187M (38%)          37M (8%)           31M (6%)             -                  -          
[49.409s][info][gc,heap     ] GC(158) Reclaimed:         -                  -               150M (30%)         156M (31%)            -                  -          
[49.409s][info][gc          ] GC(158) Garbage Collection (Allocation Rate) 326M(65%)->316M(63%)
[49.413s][info][gc,start    ] GC(159) Garbage Collection (Allocation Rate)
[49.421s][info][gc,phases   ] GC(159) Pause Mark Start 4.354ms
[49.485s][info][gc,phases   ] GC(159) Concurrent Mark 63.712ms
[49.487s][info][gc,phases   ] GC(159) Pause Mark End 0.343ms
[49.489s][info][gc,phases   ] GC(159) Concurrent Process Non-Strong References 1.487ms
[49.489s][info][gc,phases   ] GC(159) Concurrent Reset Relocation Set 0.003ms
[49.489s][info][gc,phases   ] GC(159) Concurrent Destroy Detached Pages 0.000ms
[49.491s][info][gc,phases   ] GC(159) Concurrent Select Relocation Set 1.667ms
[49.491s][info][gc,phases   ] GC(159) Concurrent Prepare Relocation Set 0.033ms
[49.493s][info][gc,phases   ] GC(159) Pause Relocate Start 2.612ms
[49.499s][info][gc,phases   ] GC(159) Concurrent Relocate 5.547ms
[49.499s][info][gc,load     ] GC(159) Load: 1.92/1.06/0.48
[49.499s][info][gc,mmu      ] GC(159) MMU: 2ms/0.0%, 5ms/0.0%, 10ms/0.0%, 20ms/0.0%, 50ms/59.1%, 100ms/77.1%
[49.499s][info][gc,marking  ] GC(159) Mark: 1 stripe(s), 2 proactive flush(es), 1 terminate flush(es), 0 completion(s), 0 continuation(s) 
[49.499s][info][gc,reloc    ] GC(159) Relocation: Successful, 7M relocated
[49.499s][info][gc,nmethod  ] GC(159) NMethods: 2964 registered, 0 unregistered
[49.499s][info][gc,metaspace] GC(159) Metaspace: 70M used, 74M capacity, 74M committed, 76M reserved
[49.499s][info][gc,ref      ] GC(159) Soft: 2201 encountered, 0 discovered, 0 enqueued
[49.499s][info][gc,ref      ] GC(159) Weak: 4507 encountered, 3539 discovered, 2 enqueued
[49.499s][info][gc,ref      ] GC(159) Final: 27 encountered, 0 discovered, 0 enqueued
[49.499s][info][gc,ref      ] GC(159) Phantom: 652 encountered, 648 discovered, 0 enqueued
[49.499s][info][gc,heap     ] GC(159)                Mark Start          Mark End        Relocate Start      Relocate End           High               Low         
[49.499s][info][gc,heap     ] GC(159)  Capacity:      500M (100%)        500M (100%)        500M (100%)        500M (100%)        500M (100%)        500M (100%)   
[49.499s][info][gc,heap     ] GC(159)   Reserve:       34M (7%)           34M (7%)           34M (7%)           34M (7%)           34M (7%)           34M (7%)     
[49.499s][info][gc,heap     ] GC(159)      Free:      144M (29%)          84M (17%)         318M (64%)         338M (68%)         338M (68%)          84M (17%)    
[49.499s][info][gc,heap     ] GC(159)      Used:      322M (64%)         382M (76%)         148M (30%)         128M (26%)         382M (76%)         128M (26%)    
[49.499s][info][gc,heap     ] GC(159)      Live:         -                29M (6%)           29M (6%)           29M (6%)             -                  -          
[49.499s][info][gc,heap     ] GC(159) Allocated:         -                60M (12%)          60M (12%)          68M (14%)            -                  -          
[49.499s][info][gc,heap     ] GC(159)   Garbage:         -               292M (58%)          58M (12%)          32M (6%)             -                  -          
[49.499s][info][gc,heap     ] GC(159) Reclaimed:         -                  -               234M (47%)         260M (52%)            -                  -          
[49.499s][info][gc          ] GC(159) Garbage Collection (Allocation Rate) 322M(64%)->128M(26%)
[49.513s][info][gc,start    ] GC(160) Garbage Collection (Allocation Rate)
[49.518s][info][gc,phases   ] GC(160) Pause Mark Start 2.872ms
[49.583s][info][gc,phases   ] GC(160) Concurrent Mark 64.794ms
[49.586s][info][gc,phases   ] GC(160) Pause Mark End 0.371ms
[49.588s][info][gc,phases   ] GC(160) Concurrent Process Non-Strong References 1.669ms
[49.588s][info][gc,phases   ] GC(160) Concurrent Reset Relocation Set 0.005ms
[49.588s][info][gc,phases   ] GC(160) Concurrent Destroy Detached Pages 0.001ms
[49.590s][info][gc,phases   ] GC(160) Concurrent Select Relocation Set 1.508ms
[49.590s][info][gc,phases   ] GC(160) Concurrent Prepare Relocation Set 0.012ms
[49.592s][info][gc,phases   ] GC(160) Pause Relocate Start 2.569ms
[49.599s][info][gc,phases   ] GC(160) Concurrent Relocate 6.397ms
[49.599s][info][gc,load     ] GC(160) Load: 1.92/1.06/0.48
[49.599s][info][gc,mmu      ] GC(160) MMU: 2ms/0.0%, 5ms/0.0%, 10ms/0.0%, 20ms/0.0%, 50ms/59.1%, 100ms/77.1%
[49.599s][info][gc,marking  ] GC(160) Mark: 1 stripe(s), 2 proactive flush(es), 1 terminate flush(es), 0 completion(s), 0 continuation(s) 
[49.599s][info][gc,reloc    ] GC(160) Relocation: Successful, 5M relocated
[49.599s][info][gc,nmethod  ] GC(160) NMethods: 2964 registered, 0 unregistered
[49.599s][info][gc,metaspace] GC(160) Metaspace: 70M used, 74M capacity, 74M committed, 76M reserved
[49.599s][info][gc,ref      ] GC(160) Soft: 2201 encountered, 0 discovered, 0 enqueued
[49.599s][info][gc,ref      ] GC(160) Weak: 4505 encountered, 3537 discovered, 0 enqueued
[49.599s][info][gc,ref      ] GC(160) Final: 27 encountered, 0 discovered, 0 enqueued
[49.599s][info][gc,ref      ] GC(160) Phantom: 652 encountered, 648 discovered, 0 enqueued
[49.599s][info][gc,heap     ] GC(160)                Mark Start          Mark End        Relocate Start      Relocate End           High               Low         
[49.599s][info][gc,heap     ] GC(160)  Capacity:      500M (100%)        500M (100%)        500M (100%)        500M (100%)        500M (100%)        500M (100%)   
[49.599s][info][gc,heap     ] GC(160)   Reserve:       34M (7%)           34M (7%)           34M (7%)           34M (7%)           34M (7%)           34M (7%)     
[49.599s][info][gc,heap     ] GC(160)      Free:      316M (63%)         262M (52%)         344M (69%)         342M (68%)         344M (69%)         262M (52%)    
[49.599s][info][gc,heap     ] GC(160)      Used:      150M (30%)         204M (41%)         122M (24%)         124M (25%)         204M (41%)         122M (24%)    
[49.599s][info][gc,heap     ] GC(160)      Live:         -                29M (6%)           29M (6%)           29M (6%)             -                  -          
[49.599s][info][gc,heap     ] GC(160) Allocated:         -                54M (11%)          54M (11%)          64M (13%)            -                  -          
[49.599s][info][gc,heap     ] GC(160)   Garbage:         -               120M (24%)          38M (8%)           32M (6%)             -                  -          
[49.599s][info][gc,heap     ] GC(160) Reclaimed:         -                  -                82M (16%)          88M (18%)            -                  -          
[49.599s][info][gc          ] GC(160) Garbage Collection (Allocation Rate) 150M(30%)->124M(25%)
[49.614s][info][gc,start    ] GC(161) Garbage Collection (Allocation Rate)
[49.621s][info][gc,phases   ] GC(161) Pause Mark Start 3.227ms
[49.708s][info][gc,phases   ] GC(161) Concurrent Mark 86.988ms
[49.711s][info][gc,phases   ] GC(161) Pause Mark End 0.334ms
[49.713s][info][gc,phases   ] GC(161) Concurrent Process Non-Strong References 1.489ms
[49.713s][info][gc,phases   ] GC(161) Concurrent Reset Relocation Set 0.002ms
[49.713s][info][gc,phases   ] GC(161) Concurrent Destroy Detached Pages 0.001ms
[49.714s][info][gc,phases   ] GC(161) Concurrent Select Relocation Set 1.514ms
[49.714s][info][gc,phases   ] GC(161) Concurrent Prepare Relocation Set 0.015ms
[49.717s][info][gc,phases   ] GC(161) Pause Relocate Start 2.339ms
[49.724s][info][gc,phases   ] GC(161) Concurrent Relocate 7.021ms
[49.724s][info][gc,load     ] GC(161) Load: 1.92/1.06/0.48
[49.724s][info][gc,mmu      ] GC(161) MMU: 2ms/0.0%, 5ms/0.0%, 10ms/0.0%, 20ms/0.0%, 50ms/59.1%, 100ms/77.1%
[49.724s][info][gc,marking  ] GC(161) Mark: 1 stripe(s), 2 proactive flush(es), 1 terminate flush(es), 0 completion(s), 0 continuation(s) 
[49.724s][info][gc,reloc    ] GC(161) Relocation: Successful, 5M relocated
[49.724s][info][gc,nmethod  ] GC(161) NMethods: 2964 registered, 0 unregistered
[49.724s][info][gc,metaspace] GC(161) Metaspace: 70M used, 74M capacity, 74M committed, 76M reserved
[49.724s][info][gc,ref      ] GC(161) Soft: 2201 encountered, 0 discovered, 0 enqueued
[49.724s][info][gc,ref      ] GC(161) Weak: 4505 encountered, 3537 discovered, 0 enqueued
[49.724s][info][gc,ref      ] GC(161) Final: 27 encountered, 0 discovered, 0 enqueued
[49.724s][info][gc,ref      ] GC(161) Phantom: 652 encountered, 648 discovered, 0 enqueued
[49.724s][info][gc,heap     ] GC(161)                Mark Start          Mark End        Relocate Start      Relocate End           High               Low         
[49.724s][info][gc,heap     ] GC(161)  Capacity:      500M (100%)        500M (100%)        500M (100%)        500M (100%)        500M (100%)        500M (100%)   
[49.724s][info][gc,heap     ] GC(161)   Reserve:       34M (7%)           34M (7%)           34M (7%)           34M (7%)           34M (7%)           34M (7%)     
[49.724s][info][gc,heap     ] GC(161)      Free:      316M (63%)         264M (53%)         342M (68%)         340M (68%)         342M (68%)         264M (53%)    
[49.724s][info][gc,heap     ] GC(161)      Used:      150M (30%)         202M (40%)         124M (25%)         126M (25%)         202M (40%)         124M (25%)    
[49.724s][info][gc,heap     ] GC(161)      Live:         -                29M (6%)           29M (6%)           29M (6%)             -                  -          
[49.724s][info][gc,heap     ] GC(161) Allocated:         -                52M (10%)          52M (10%)          66M (13%)            -                  -          
[49.724s][info][gc,heap     ] GC(161)   Garbage:         -               120M (24%)          42M (8%)           32M (6%)             -                  -          
[49.724s][info][gc,heap     ] GC(161) Reclaimed:         -                  -                78M (16%)          88M (18%)            -                  -          
[49.724s][info][gc          ] GC(161) Garbage Collection (Allocation Rate) 150M(30%)->126M(25%)
[49.813s][info][gc,start    ] GC(162) Garbage Collection (Allocation Rate)
[49.818s][info][gc,phases   ] GC(162) Pause Mark Start 2.848ms
[49.877s][info][gc,phases   ] GC(162) Concurrent Mark 59.172ms
[49.880s][info][gc,phases   ] GC(162) Pause Mark End 0.371ms
[49.882s][info][gc,phases   ] GC(162) Concurrent Process Non-Strong References 1.548ms
[49.882s][info][gc,phases   ] GC(162) Concurrent Reset Relocation Set 0.003ms
[49.882s][info][gc,phases   ] GC(162) Concurrent Destroy Detached Pages 0.001ms
[49.884s][info][gc,phases   ] GC(162) Concurrent Select Relocation Set 1.673ms
[49.884s][info][gc,phases   ] GC(162) Concurrent Prepare Relocation Set 0.017ms
[49.887s][info][gc,phases   ] GC(162) Pause Relocate Start 2.781ms
[49.892s][info][gc,phases   ] GC(162) Concurrent Relocate 5.012ms
[49.892s][info][gc,load     ] GC(162) Load: 1.92/1.06/0.48
[49.892s][info][gc,mmu      ] GC(162) MMU: 2ms/0.0%, 5ms/0.0%, 10ms/0.0%, 20ms/0.0%, 50ms/59.1%, 100ms/77.1%
[49.892s][info][gc,marking  ] GC(162) Mark: 1 stripe(s), 2 proactive flush(es), 1 terminate flush(es), 0 completion(s), 0 continuation(s) 
[49.892s][info][gc,reloc    ] GC(162) Relocation: Successful, 5M relocated
[49.892s][info][gc,nmethod  ] GC(162) NMethods: 2964 registered, 0 unregistered
[49.892s][info][gc,metaspace] GC(162) Metaspace: 70M used, 74M capacity, 74M committed, 76M reserved
[49.892s][info][gc,ref      ] GC(162) Soft: 2201 encountered, 0 discovered, 0 enqueued
[49.892s][info][gc,ref      ] GC(162) Weak: 4505 encountered, 3537 discovered, 0 enqueued
[49.892s][info][gc,ref      ] GC(162) Final: 27 encountered, 0 discovered, 0 enqueued
[49.892s][info][gc,ref      ] GC(162) Phantom: 652 encountered, 648 discovered, 0 enqueued
[49.892s][info][gc,heap     ] GC(162)                Mark Start          Mark End        Relocate Start      Relocate End           High               Low         
[49.892s][info][gc,heap     ] GC(162)  Capacity:      500M (100%)        500M (100%)        500M (100%)        500M (100%)        500M (100%)        500M (100%)   
[49.892s][info][gc,heap     ] GC(162)   Reserve:       34M (7%)           34M (7%)           34M (7%)           34M (7%)           34M (7%)           34M (7%)     
[49.892s][info][gc,heap     ] GC(162)      Free:      188M (38%)         136M (27%)         346M (69%)         344M (69%)         346M (69%)         136M (27%)    
[49.892s][info][gc,heap     ] GC(162)      Used:      278M (56%)         330M (66%)         120M (24%)         122M (24%)         330M (66%)         120M (24%)    
[49.892s][info][gc,heap     ] GC(162)      Live:         -                29M (6%)           29M (6%)           29M (6%)             -                  -          
[49.892s][info][gc,heap     ] GC(162) Allocated:         -                52M (10%)          52M (10%)          62M (12%)            -                  -          
[49.892s][info][gc,heap     ] GC(162)   Garbage:         -               248M (50%)          38M (8%)           34M (7%)             -                  -          
[49.892s][info][gc,heap     ] GC(162) Reclaimed:         -                  -               210M (42%)         214M (43%)            -                  -          
[49.892s][info][gc          ] GC(162) Garbage Collection (Allocation Rate) 278M(56%)->122M(24%)
[49.913s][info][gc,start    ] GC(163) Garbage Collection (Allocation Rate)
[49.919s][info][gc,phases   ] GC(163) Pause Mark Start 3.210ms
[49.984s][info][gc,phases   ] GC(163) Concurrent Mark 64.759ms
[49.987s][info][gc,phases   ] GC(163) Pause Mark End 0.328ms
[49.988s][info][gc,phases   ] GC(163) Concurrent Process Non-Strong References 1.463ms
[49.988s][info][gc,phases   ] GC(163) Concurrent Reset Relocation Set 0.002ms
[49.988s][info][gc,phases   ] GC(163) Concurrent Destroy Detached Pages 0.001ms
[49.990s][info][gc,phases   ] GC(163) Concurrent Select Relocation Set 1.506ms
[49.990s][info][gc,phases   ] GC(163) Concurrent Prepare Relocation Set 0.012ms
[49.992s][info][gc,phases   ] GC(163) Pause Relocate Start 2.303ms
[49.995s][info][gc,phases   ] GC(163) Concurrent Relocate 3.194ms
[49.996s][info][gc,load     ] GC(163) Load: 1.92/1.06/0.48
[49.996s][info][gc,mmu      ] GC(163) MMU: 2ms/0.0%, 5ms/0.0%, 10ms/0.0%, 20ms/0.0%, 50ms/59.1%, 100ms/77.1%
[49.996s][info][gc,marking  ] GC(163) Mark: 1 stripe(s), 2 proactive flush(es), 1 terminate flush(es), 0 completion(s), 0 continuation(s) 
[49.996s][info][gc,reloc    ] GC(163) Relocation: Successful, 5M relocated
[49.996s][info][gc,nmethod  ] GC(163) NMethods: 2964 registered, 0 unregistered
[49.996s][info][gc,metaspace] GC(163) Metaspace: 70M used, 74M capacity, 74M committed, 76M reserved
[49.996s][info][gc,ref      ] GC(163) Soft: 2201 encountered, 0 discovered, 0 enqueued
[49.996s][info][gc,ref      ] GC(163) Weak: 4505 encountered, 3537 discovered, 0 enqueued
[49.996s][info][gc,ref      ] GC(163) Final: 27 encountered, 0 discovered, 0 enqueued
[49.996s][info][gc,ref      ] GC(163) Phantom: 652 encountered, 648 discovered, 0 enqueued
[49.996s][info][gc,heap     ] GC(163)                Mark Start          Mark End        Relocate Start      Relocate End           High               Low         
[49.996s][info][gc,heap     ] GC(163)  Capacity:      500M (100%)        500M (100%)        500M (100%)        500M (100%)        500M (100%)        500M (100%)   
[49.996s][info][gc,heap     ] GC(163)   Reserve:       34M (7%)           34M (7%)           34M (7%)           34M (7%)           34M (7%)           34M (7%)     
[49.996s][info][gc,heap     ] GC(163)      Free:      310M (62%)         248M (50%)         334M (67%)         338M (68%)         338M (68%)         248M (50%)    
[49.996s][info][gc,heap     ] GC(163)      Used:      156M (31%)         218M (44%)         132M (26%)         128M (26%)         218M (44%)         128M (26%)    
[49.996s][info][gc,heap     ] GC(163)      Live:         -                29M (6%)           29M (6%)           29M (6%)             -                  -          
[49.996s][info][gc,heap     ] GC(163) Allocated:         -                62M (12%)          62M (12%)          68M (14%)            -                  -          
[49.996s][info][gc,heap     ] GC(163)   Garbage:         -               126M (25%)          40M (8%)           32M (6%)             -                  -          
[49.996s][info][gc,heap     ] GC(163) Reclaimed:         -                  -                86M (17%)          94M (19%)            -                  -          
[49.996s][info][gc          ] GC(163) Garbage Collection (Allocation Rate) 156M(31%)->128M(26%)
[50.012s][info][gc,start    ] GC(164) Garbage Collection (Allocation Rate)
[50.018s][info][gc,phases   ] GC(164) Pause Mark Start 2.842ms
[50.077s][info][gc,phases   ] GC(164) Concurrent Mark 59.037ms
[50.080s][info][gc,phases   ] GC(164) Pause Mark End 0.325ms
[50.081s][info][gc,phases   ] GC(164) Concurrent Process Non-Strong References 1.443ms
[50.081s][info][gc,phases   ] GC(164) Concurrent Reset Relocation Set 0.003ms
[50.081s][info][gc,phases   ] GC(164) Concurrent Destroy Detached Pages 0.001ms
[50.083s][info][gc,phases   ] GC(164) Concurrent Select Relocation Set 1.544ms
[50.083s][info][gc,phases   ] GC(164) Concurrent Prepare Relocation Set 0.013ms
[50.085s][info][gc,phases   ] GC(164) Pause Relocate Start 2.273ms
[50.089s][info][gc,phases   ] GC(164) Concurrent Relocate 3.821ms
[50.089s][info][gc,load     ] GC(164) Load: 1.92/1.06/0.48
[50.089s][info][gc,mmu      ] GC(164) MMU: 2ms/0.0%, 5ms/0.0%, 10ms/0.0%, 20ms/0.0%, 50ms/59.1%, 100ms/77.1%
[50.089s][info][gc,marking  ] GC(164) Mark: 1 stripe(s), 2 proactive flush(es), 1 terminate flush(es), 0 completion(s), 0 continuation(s) 
[50.089s][info][gc,reloc    ] GC(164) Relocation: Successful, 5M relocated
[50.089s][info][gc,nmethod  ] GC(164) NMethods: 2964 registered, 0 unregistered
[50.089s][info][gc,metaspace] GC(164) Metaspace: 70M used, 74M capacity, 74M committed, 76M reserved
[50.089s][info][gc,ref      ] GC(164) Soft: 2201 encountered, 0 discovered, 0 enqueued
[50.089s][info][gc,ref      ] GC(164) Weak: 4505 encountered, 3537 discovered, 0 enqueued
[50.089s][info][gc,ref      ] GC(164) Final: 27 encountered, 0 discovered, 0 enqueued
[50.089s][info][gc,ref      ] GC(164) Phantom: 652 encountered, 648 discovered, 0 enqueued
[50.089s][info][gc,heap     ] GC(164)                Mark Start          Mark End        Relocate Start      Relocate End           High               Low         
[50.089s][info][gc,heap     ] GC(164)  Capacity:      500M (100%)        500M (100%)        500M (100%)        500M (100%)        500M (100%)        500M (100%)   
[50.089s][info][gc,heap     ] GC(164)   Reserve:       34M (7%)           34M (7%)           34M (7%)           34M (7%)           34M (7%)           34M (7%)     
[50.089s][info][gc,heap     ] GC(164)      Free:      310M (62%)         256M (51%)         344M (69%)         348M (70%)         348M (70%)         256M (51%)    
[50.089s][info][gc,heap     ] GC(164)      Used:      156M (31%)         210M (42%)         122M (24%)         118M (24%)         210M (42%)         118M (24%)    
[50.089s][info][gc,heap     ] GC(164)      Live:         -                29M (6%)           29M (6%)           29M (6%)             -                  -          
[50.089s][info][gc,heap     ] GC(164) Allocated:         -                54M (11%)          54M (11%)          58M (12%)            -                  -          
[50.089s][info][gc,heap     ] GC(164)   Garbage:         -               126M (25%)          38M (8%)           32M (6%)             -                  -          
[50.089s][info][gc,heap     ] GC(164) Reclaimed:         -                  -                88M (18%)          94M (19%)            -                  -          
[50.089s][info][gc          ] GC(164) Garbage Collection (Allocation Rate) 156M(31%)->118M(24%)
[50.113s][info][gc,stats    ] === Garbage Collection Statistics =======================================================================================================================
[50.113s][info][gc,stats    ]                                                              Last 10s              Last 10m              Last 10h                Total
[50.113s][info][gc,stats    ]                                                              Avg / Max             Avg / Max             Avg / Max             Avg / Max
[50.113s][info][gc,stats    ]   Collector: Garbage Collection Cycle                    191.920 / 507.859     209.301 / 786.210     209.301 / 786.210     209.301 / 786.210     ms
[50.113s][info][gc,stats    ]  Contention: Mark Segment Reset Contention                     0 / 0                 0 / 0                 0 / 0                 0 / 0           ops/s
[50.113s][info][gc,stats    ]  Contention: Mark SeqNum Reset Contention                      0 / 0                 0 / 0                 0 / 0                 0 / 0           ops/s
[50.113s][info][gc,stats    ]  Contention: Relocation Contention                             0 / 1                 0 / 2                 0 / 2                 0 / 2           ops/s
[50.113s][info][gc,stats    ]    Critical: Allocation Stall                             36.436 / 271.228      38.629 / 271.228      38.629 / 271.228      38.629 / 271.228     ms
[50.113s][info][gc,stats    ]    Critical: Allocation Stall                                  6 / 25                4 / 25                4 / 25                4 / 25          ops/s
[50.113s][info][gc,stats    ]    Critical: GC Locker Stall                               0.000 / 0.000         2.158 / 4.829         2.158 / 4.829         2.158 / 4.829       ms
[50.113s][info][gc,stats    ]    Critical: GC Locker Stall                                   0 / 0                 0 / 1                 0 / 1                 0 / 1           ops/s
[50.113s][info][gc,stats    ]      Memory: Allocation Rate                                 679 / 874             534 / 1288            534 / 1288            534 / 1288        MB/s
[50.113s][info][gc,stats    ]      Memory: Heap Used After Mark                            322 / 466             329 / 466             329 / 466             329 / 466         MB
[50.113s][info][gc,stats    ]      Memory: Heap Used After Relocation                      205 / 434             208 / 438             208 / 438             208 / 438         MB
[50.113s][info][gc,stats    ]      Memory: Heap Used Before Mark                           251 / 466             257 / 466             257 / 466             257 / 466         MB
[50.113s][info][gc,stats    ]      Memory: Heap Used Before Relocation                     237 / 466             248 / 466             248 / 466             248 / 466         MB
[50.113s][info][gc,stats    ]      Memory: Out Of Memory                                     0 / 0                 0 / 0                 0 / 0                 0 / 0           ops/s
[50.113s][info][gc,stats    ]      Memory: Page Cache Flush                                 32 / 144              26 / 144              26 / 144              26 / 144         MB/s
[50.113s][info][gc,stats    ]      Memory: Page Cache Hit L1                               336 / 447             258 / 653             258 / 653             258 / 653         ops/s
[50.113s][info][gc,stats    ]      Memory: Page Cache Hit L2                                 0 / 0                 0 / 0                 0 / 0                 0 / 0           ops/s
[50.113s][info][gc,stats    ]      Memory: Page Cache Miss                                   8 / 36               10 / 154              10 / 154              10 / 154         ops/s
[50.113s][info][gc,stats    ]      Memory: Undo Object Allocation Failed                     0 / 0                 0 / 0                 0 / 0                 0 / 0           ops/s
[50.113s][info][gc,stats    ]      Memory: Undo Object Allocation Succeeded                  0 / 1                 0 / 2                 0 / 2                 0 / 2           ops/s
[50.113s][info][gc,stats    ]      Memory: Undo Page Allocation                              0 / 2                 0 / 4                 0 / 4                 0 / 4           ops/s
[50.113s][info][gc,stats    ]       Phase: Concurrent Destroy Detached Pages             0.003 / 0.045         0.003 / 0.045         0.003 / 0.045         0.003 / 0.045       ms
[50.113s][info][gc,stats    ]       Phase: Concurrent Mark                             133.609 / 307.230     148.207 / 582.256     148.207 / 582.256     148.207 / 582.256     ms
[50.113s][info][gc,stats    ]       Phase: Concurrent Mark Continue                      0.000 / 0.000         0.000 / 0.000         0.000 / 0.000         0.000 / 0.000       ms
[50.113s][info][gc,stats    ]       Phase: Concurrent Prepare Relocation Set             0.632 / 7.485         0.791 / 11.639        0.791 / 11.639        0.791 / 11.639      ms
[50.113s][info][gc,stats    ]       Phase: Concurrent Process Non-Strong References      1.791 / 5.025         1.779 / 7.792         1.779 / 7.792         1.779 / 7.792       ms
[50.113s][info][gc,stats    ]       Phase: Concurrent Relocate                          42.350 / 235.507      45.034 / 371.224      45.034 / 371.224      45.034 / 371.224     ms
[50.113s][info][gc,stats    ]       Phase: Concurrent Reset Relocation Set               0.068 / 0.410         0.072 / 0.580         0.072 / 0.580         0.072 / 0.580       ms
[50.113s][info][gc,stats    ]       Phase: Concurrent Select Relocation Set              1.925 / 6.436         2.105 / 10.573        2.105 / 10.573        2.105 / 10.573      ms
[50.113s][info][gc,stats    ]       Phase: Pause Mark End                                0.338 / 0.736         0.318 / 3.400         0.318 / 3.400         0.318 / 3.400       ms
[50.113s][info][gc,stats    ]       Phase: Pause Mark Start                              3.041 / 5.463         2.620 / 5.463         2.620 / 5.463         2.620 / 5.463       ms
[50.113s][info][gc,stats    ]       Phase: Pause Relocate Start                          2.406 / 4.032         2.428 / 20.181        2.428 / 20.181        2.428 / 20.181      ms
[50.113s][info][gc,stats    ]    Subphase: Concurrent Mark                             132.772 / 307.203     146.983 / 582.233     146.983 / 582.233     146.983 / 582.233     ms
[50.113s][info][gc,stats    ]    Subphase: Concurrent Mark Idle                          0.000 / 0.000         0.000 / 0.000         0.000 / 0.000         0.000 / 0.000       ms
[50.113s][info][gc,stats    ]    Subphase: Concurrent Mark Try Flush                     0.936 / 5.899         1.360 / 20.193        1.360 / 20.193        1.360 / 20.193      ms
[50.113s][info][gc,stats    ]    Subphase: Concurrent Mark Try Terminate                 0.336 / 2.939         0.485 / 9.762         0.485 / 9.762         0.485 / 9.762       ms
[50.113s][info][gc,stats    ]    Subphase: Concurrent References Enqueue                 0.001 / 0.004         0.001 / 0.007         0.001 / 0.007         0.001 / 0.007       ms
[50.113s][info][gc,stats    ]    Subphase: Concurrent References Process                 0.729 / 3.028         0.784 / 4.904         0.784 / 4.904         0.784 / 4.904       ms
[50.114s][info][gc,stats    ]    Subphase: Concurrent Weak Roots                         0.880 / 1.556         0.886 / 6.746         0.886 / 6.746         0.886 / 6.746       ms
[50.114s][info][gc,stats    ]    Subphase: Concurrent Weak Roots JNIWeakHandles          0.000 / 0.001         0.000 / 0.001         0.000 / 0.001         0.000 / 0.001       ms
[50.114s][info][gc,stats    ]    Subphase: Concurrent Weak Roots StringTable             0.626 / 0.976         0.654 / 6.312         0.654 / 6.312         0.654 / 6.312       ms
[50.114s][info][gc,stats    ]    Subphase: Concurrent Weak Roots VMWeakHandles           0.253 / 0.881         0.230 / 0.881         0.230 / 0.881         0.230 / 0.881       ms
[50.114s][info][gc,stats    ]    Subphase: Pause Mark Try Complete                       0.000 / 0.000         0.001 / 0.002         0.001 / 0.002         0.001 / 0.002       ms
[50.114s][info][gc,stats    ]    Subphase: Pause Remap TLABS                             0.001 / 0.003         0.001 / 0.004         0.001 / 0.004         0.001 / 0.004       ms
[50.114s][info][gc,stats    ]    Subphase: Pause Retire TLABS                            0.020 / 0.053         0.015 / 0.053         0.015 / 0.053         0.015 / 0.053       ms
[50.114s][info][gc,stats    ]    Subphase: Pause Roots                                   1.646 / 4.880         1.505 / 11.639        1.505 / 11.639        1.505 / 11.639      ms
[50.114s][info][gc,stats    ]    Subphase: Pause Roots ClassLoaderDataGraph              0.747 / 1.698         0.682 / 1.920         0.682 / 1.920         0.682 / 1.920       ms
[50.114s][info][gc,stats    ]    Subphase: Pause Roots CodeCache                         1.150 / 2.234         1.049 / 10.972        1.049 / 10.972        1.049 / 10.972      ms
[50.114s][info][gc,stats    ]    Subphase: Pause Roots JNIHandles                        0.002 / 0.084         0.002 / 0.084         0.002 / 0.084         0.002 / 0.084       ms
[50.114s][info][gc,stats    ]    Subphase: Pause Roots JNIWeakHandles                    0.000 / 0.000         0.000 / 0.000         0.000 / 0.000         0.000 / 0.000       ms
[50.114s][info][gc,stats    ]    Subphase: Pause Roots JRFWeak                           0.000 / 0.000         0.000 / 0.000         0.000 / 0.000         0.000 / 0.000       ms
[50.114s][info][gc,stats    ]    Subphase: Pause Roots JVMTIExport                       0.001 / 0.001         0.001 / 0.001         0.001 / 0.001         0.001 / 0.001       ms
[50.114s][info][gc,stats    ]    Subphase: Pause Roots JVMTIWeakExport                   0.001 / 0.001         0.001 / 0.068         0.001 / 0.068         0.001 / 0.068       ms
[50.114s][info][gc,stats    ]    Subphase: Pause Roots Management                        0.001 / 0.008         0.002 / 0.371         0.002 / 0.371         0.002 / 0.371       ms
[50.114s][info][gc,stats    ]    Subphase: Pause Roots ObjectSynchronizer                0.000 / 0.001         0.000 / 0.001         0.000 / 0.001         0.000 / 0.001       ms
[50.114s][info][gc,stats    ]    Subphase: Pause Roots Setup                             0.223 / 0.658         0.218 / 12.197        0.218 / 12.197        0.218 / 12.197      ms
[50.114s][info][gc,stats    ]    Subphase: Pause Roots StringTable                       0.000 / 0.000         0.000 / 0.000         0.000 / 0.000         0.000 / 0.000       ms
[50.114s][info][gc,stats    ]    Subphase: Pause Roots SystemDictionary                  0.011 / 0.060         0.012 / 0.337         0.012 / 0.337         0.012 / 0.337       ms
[50.114s][info][gc,stats    ]    Subphase: Pause Roots Teardown                          0.001 / 0.003         0.001 / 0.004         0.001 / 0.004         0.001 / 0.004       ms
[50.114s][info][gc,stats    ]    Subphase: Pause Roots Threads                           0.367 / 1.004         0.335 / 8.097         0.335 / 8.097         0.335 / 8.097       ms
[50.114s][info][gc,stats    ]    Subphase: Pause Roots Universe                          0.002 / 0.006         0.002 / 0.034         0.002 / 0.034         0.002 / 0.034       ms
[50.114s][info][gc,stats    ]    Subphase: Pause Roots VMWeakHandles                     0.000 / 0.000         0.000 / 0.000         0.000 / 0.000         0.000 / 0.000       ms
[50.114s][info][gc,stats    ]    Subphase: Pause Weak Roots                              0.002 / 0.003         0.002 / 0.007         0.002 / 0.007         0.002 / 0.007       ms
[50.114s][info][gc,stats    ]    Subphase: Pause Weak Roots JFRWeak                      0.001 / 0.001         0.001 / 0.001         0.001 / 0.001         0.001 / 0.001       ms
[50.114s][info][gc,stats    ]    Subphase: Pause Weak Roots JNIWeakHandles               0.000 / 0.000         0.000 / 0.000         0.000 / 0.000         0.000 / 0.000       ms
[50.114s][info][gc,stats    ]    Subphase: Pause Weak Roots JVMTIWeakExport              0.001 / 0.001         0.001 / 0.006         0.001 / 0.006         0.001 / 0.006       ms
[50.114s][info][gc,stats    ]    Subphase: Pause Weak Roots Setup                        0.000 / 0.000         0.000 / 0.000         0.000 / 0.000         0.000 / 0.000       ms
[50.114s][info][gc,stats    ]    Subphase: Pause Weak Roots StringTable                  0.000 / 0.000         0.000 / 0.000         0.000 / 0.000         0.000 / 0.000       ms
[50.114s][info][gc,stats    ]    Subphase: Pause Weak Roots SymbolTable                  0.000 / 0.000         0.000 / 0.000         0.000 / 0.000         0.000 / 0.000       ms
[50.114s][info][gc,stats    ]    Subphase: Pause Weak Roots Teardown                     0.001 / 0.001         0.001 / 0.001         0.001 / 0.001         0.001 / 0.001       ms
[50.114s][info][gc,stats    ]    Subphase: Pause Weak Roots VMWeakHandles                0.000 / 0.000         0.000 / 0.000         0.000 / 0.000         0.000 / 0.000       ms
[50.114s][info][gc,stats    ]      System: Java Threads                                    108 / 117              78 / 117              78 / 117              78 / 117         threads
[50.114s][info][gc,stats    ] =========================================================================================================================================================
[50.114s][info][gc,start    ] GC(165) Garbage Collection (Allocation Rate)
[50.122s][info][gc,phases   ] GC(165) Pause Mark Start 5.674ms
[50.268s][info][gc,phases   ] GC(165) Concurrent Mark 145.751ms
[50.271s][info][gc,phases   ] GC(165) Pause Mark End 0.326ms
[50.273s][info][gc,phases   ] GC(165) Concurrent Process Non-Strong References 1.464ms
[50.273s][info][gc,phases   ] GC(165) Concurrent Reset Relocation Set 0.003ms
[50.273s][info][gc,phases   ] GC(165) Concurrent Destroy Detached Pages 0.001ms
[50.274s][info][gc,phases   ] GC(165) Concurrent Select Relocation Set 1.564ms
[50.274s][info][gc,phases   ] GC(165) Concurrent Prepare Relocation Set 0.014ms
[50.277s][info][gc,phases   ] GC(165) Pause Relocate Start 2.325ms
[50.284s][info][gc,phases   ] GC(165) Concurrent Relocate 6.933ms
[50.284s][info][gc,load     ] GC(165) Load: 1.92/1.06/0.48
[50.284s][info][gc,mmu      ] GC(165) MMU: 2ms/0.0%, 5ms/0.0%, 10ms/0.0%, 20ms/0.0%, 50ms/59.1%, 100ms/77.1%
[50.284s][info][gc,marking  ] GC(165) Mark: 1 stripe(s), 2 proactive flush(es), 1 terminate flush(es), 0 completion(s), 0 continuation(s) 
[50.284s][info][gc,reloc    ] GC(165) Relocation: Successful, 5M relocated
[50.284s][info][gc,nmethod  ] GC(165) NMethods: 2964 registered, 0 unregistered
[50.284s][info][gc,metaspace] GC(165) Metaspace: 70M used, 74M capacity, 74M committed, 76M reserved
[50.284s][info][gc,ref      ] GC(165) Soft: 2201 encountered, 0 discovered, 0 enqueued
[50.284s][info][gc,ref      ] GC(165) Weak: 4505 encountered, 3537 discovered, 0 enqueued
[50.284s][info][gc,ref      ] GC(165) Final: 27 encountered, 0 discovered, 0 enqueued
[50.284s][info][gc,ref      ] GC(165) Phantom: 652 encountered, 648 discovered, 0 enqueued
[50.284s][info][gc,heap     ] GC(165)                Mark Start          Mark End        Relocate Start      Relocate End           High               Low         
[50.284s][info][gc,heap     ] GC(165)  Capacity:      500M (100%)        500M (100%)        500M (100%)        500M (100%)        500M (100%)        500M (100%)   
[50.284s][info][gc,heap     ] GC(165)   Reserve:       34M (7%)           34M (7%)           34M (7%)           34M (7%)           34M (7%)           34M (7%)     
[50.284s][info][gc,heap     ] GC(165)      Free:      334M (67%)         282M (56%)         346M (69%)         342M (68%)         346M (69%)         282M (56%)    
[50.284s][info][gc,heap     ] GC(165)      Used:      132M (26%)         184M (37%)         120M (24%)         124M (25%)         184M (37%)         120M (24%)    
[50.284s][info][gc,heap     ] GC(165)      Live:         -                29M (6%)           29M (6%)           29M (6%)             -                  -          
[50.284s][info][gc,heap     ] GC(165) Allocated:         -                52M (10%)          52M (10%)          64M (13%)            -                  -          
[50.284s][info][gc,heap     ] GC(165)   Garbage:         -               102M (20%)          38M (8%)           32M (6%)             -                  -          
[50.284s][info][gc,heap     ] GC(165) Reclaimed:         -                  -                64M (13%)          70M (14%)            -                  -          
[50.284s][info][gc          ] GC(165) Garbage Collection (Allocation Rate) 132M(26%)->124M(25%)
[50.313s][info][gc,start    ] GC(166) Garbage Collection (Allocation Rate)
[50.319s][info][gc,phases   ] GC(166) Pause Mark Start 2.965ms
[50.381s][info][gc,phases   ] GC(166) Concurrent Mark 61.955ms
[50.383s][info][gc,phases   ] GC(166) Pause Mark End 0.332ms
[50.385s][info][gc,phases   ] GC(166) Concurrent Process Non-Strong References 1.457ms
[50.385s][info][gc,phases   ] GC(166) Concurrent Reset Relocation Set 0.003ms
[50.385s][info][gc,phases   ] GC(166) Concurrent Destroy Detached Pages 0.001ms
[50.386s][info][gc,phases   ] GC(166) Concurrent Select Relocation Set 1.497ms
[50.386s][info][gc,phases   ] GC(166) Concurrent Prepare Relocation Set 0.012ms
[50.389s][info][gc,phases   ] GC(166) Pause Relocate Start 2.308ms
[50.392s][info][gc,phases   ] GC(166) Concurrent Relocate 3.150ms
[50.392s][info][gc,load     ] GC(166) Load: 1.92/1.06/0.48
[50.392s][info][gc,mmu      ] GC(166) MMU: 2ms/0.0%, 5ms/0.0%, 10ms/0.0%, 20ms/0.0%, 50ms/59.1%, 100ms/77.1%
[50.392s][info][gc,marking  ] GC(166) Mark: 1 stripe(s), 2 proactive flush(es), 1 terminate flush(es), 0 completion(s), 0 continuation(s) 
[50.392s][info][gc,reloc    ] GC(166) Relocation: Successful, 5M relocated
[50.392s][info][gc,nmethod  ] GC(166) NMethods: 2964 registered, 0 unregistered
[50.392s][info][gc,metaspace] GC(166) Metaspace: 70M used, 74M capacity, 74M committed, 76M reserved
[50.392s][info][gc,ref      ] GC(166) Soft: 2201 encountered, 0 discovered, 0 enqueued
[50.392s][info][gc,ref      ] GC(166) Weak: 4505 encountered, 3537 discovered, 0 enqueued
[50.392s][info][gc,ref      ] GC(166) Final: 27 encountered, 0 discovered, 0 enqueued
[50.392s][info][gc,ref      ] GC(166) Phantom: 652 encountered, 648 discovered, 0 enqueued
[50.392s][info][gc,heap     ] GC(166)                Mark Start          Mark End        Relocate Start      Relocate End           High               Low         
[50.392s][info][gc,heap     ] GC(166)  Capacity:      500M (100%)        500M (100%)        500M (100%)        500M (100%)        500M (100%)        500M (100%)   
[50.392s][info][gc,heap     ] GC(166)   Reserve:       34M (7%)           34M (7%)           34M (7%)           34M (7%)           34M (7%)           34M (7%)     
[50.392s][info][gc,heap     ] GC(166)      Free:      292M (58%)         234M (47%)         336M (67%)         342M (68%)         342M (68%)         234M (47%)    
[50.392s][info][gc,heap     ] GC(166)      Used:      174M (35%)         232M (46%)         130M (26%)         124M (25%)         232M (46%)         124M (25%)    
[50.392s][info][gc,heap     ] GC(166)      Live:         -                29M (6%)           29M (6%)           29M (6%)             -                  -          
[50.392s][info][gc,heap     ] GC(166) Allocated:         -                58M (12%)          58M (12%)          64M (13%)            -                  -          
[50.392s][info][gc,heap     ] GC(166)   Garbage:         -               144M (29%)          42M (8%)           32M (6%)             -                  -          
[50.392s][info][gc,heap     ] GC(166) Reclaimed:         -                  -               102M (20%)         112M (22%)            -                  -          
[50.392s][info][gc          ] GC(166) Garbage Collection (Allocation Rate) 174M(35%)->124M(25%)
[50.413s][info][gc,start    ] GC(167) Garbage Collection (Allocation Rate)
[50.418s][info][gc,phases   ] GC(167) Pause Mark Start 2.922ms
[50.477s][info][gc,phases   ] GC(167) Concurrent Mark 59.105ms
[50.480s][info][gc,phases   ] GC(167) Pause Mark End 0.326ms
[50.482s][info][gc,phases   ] GC(167) Concurrent Process Non-Strong References 1.484ms
[50.482s][info][gc,phases   ] GC(167) Concurrent Reset Relocation Set 0.003ms
[50.482s][info][gc,phases   ] GC(167) Concurrent Destroy Detached Pages 0.000ms
[50.483s][info][gc,phases   ] GC(167) Concurrent Select Relocation Set 1.498ms
[50.483s][info][gc,phases   ] GC(167) Concurrent Prepare Relocation Set 0.012ms
[50.486s][info][gc,phases   ] GC(167) Pause Relocate Start 2.255ms
[50.492s][info][gc,phases   ] GC(167) Concurrent Relocate 6.253ms
[50.492s][info][gc,load     ] GC(167) Load: 1.92/1.06/0.48
[50.492s][info][gc,mmu      ] GC(167) MMU: 2ms/0.0%, 5ms/0.0%, 10ms/0.0%, 20ms/0.0%, 50ms/59.1%, 100ms/77.1%
[50.492s][info][gc,marking  ] GC(167) Mark: 1 stripe(s), 2 proactive flush(es), 1 terminate flush(es), 0 completion(s), 0 continuation(s) 
[50.492s][info][gc,reloc    ] GC(167) Relocation: Successful, 5M relocated
[50.492s][info][gc,nmethod  ] GC(167) NMethods: 2965 registered, 0 unregistered
[50.492s][info][gc,metaspace] GC(167) Metaspace: 70M used, 74M capacity, 74M committed, 76M reserved
[50.492s][info][gc,ref      ] GC(167) Soft: 2201 encountered, 0 discovered, 0 enqueued
[50.492s][info][gc,ref      ] GC(167) Weak: 4505 encountered, 3537 discovered, 0 enqueued
[50.492s][info][gc,ref      ] GC(167) Final: 27 encountered, 0 discovered, 0 enqueued
[50.492s][info][gc,ref      ] GC(167) Phantom: 652 encountered, 648 discovered, 0 enqueued
[50.492s][info][gc,heap     ] GC(167)                Mark Start          Mark End        Relocate Start      Relocate End           High               Low         
[50.492s][info][gc,heap     ] GC(167)  Capacity:      500M (100%)        500M (100%)        500M (100%)        500M (100%)        500M (100%)        500M (100%)   
[50.492s][info][gc,heap     ] GC(167)   Reserve:       34M (7%)           34M (7%)           34M (7%)           34M (7%)           34M (7%)           34M (7%)     
[50.492s][info][gc,heap     ] GC(167)      Free:      306M (61%)         254M (51%)         342M (68%)         346M (69%)         346M (69%)         254M (51%)    
[50.492s][info][gc,heap     ] GC(167)      Used:      160M (32%)         212M (42%)         124M (25%)         120M (24%)         212M (42%)         120M (24%)    
[50.492s][info][gc,heap     ] GC(167)      Live:         -                29M (6%)           29M (6%)           29M (6%)             -                  -          
[50.492s][info][gc,heap     ] GC(167) Allocated:         -                52M (10%)          52M (10%)          60M (12%)            -                  -          
[50.492s][info][gc,heap     ] GC(167)   Garbage:         -               130M (26%)          42M (8%)           34M (7%)             -                  -          
[50.492s][info][gc,heap     ] GC(167) Reclaimed:         -                  -                88M (18%)          96M (19%)            -                  -          
[50.492s][info][gc          ] GC(167) Garbage Collection (Allocation Rate) 160M(32%)->120M(24%)
[50.514s][info][gc,start    ] GC(168) Garbage Collection (Allocation Rate)
[50.520s][info][gc,phases   ] GC(168) Pause Mark Start 3.029ms
[50.582s][info][gc,phases   ] GC(168) Concurrent Mark 62.290ms
[50.585s][info][gc,phases   ] GC(168) Pause Mark End 0.325ms
[50.586s][info][gc,phases   ] GC(168) Concurrent Process Non-Strong References 1.478ms
[50.586s][info][gc,phases   ] GC(168) Concurrent Reset Relocation Set 0.003ms
[50.586s][info][gc,phases   ] GC(168) Concurrent Destroy Detached Pages 0.001ms
[50.588s][info][gc,phases   ] GC(168) Concurrent Select Relocation Set 1.585ms
[50.588s][info][gc,phases   ] GC(168) Concurrent Prepare Relocation Set 0.018ms
[50.590s][info][gc,phases   ] GC(168) Pause Relocate Start 2.406ms
[50.595s][info][gc,phases   ] GC(168) Concurrent Relocate 4.945ms
[50.595s][info][gc,load     ] GC(168) Load: 1.92/1.06/0.48
[50.595s][info][gc,mmu      ] GC(168) MMU: 2ms/0.0%, 5ms/0.0%, 10ms/0.0%, 20ms/0.0%, 50ms/59.1%, 100ms/77.1%
[50.595s][info][gc,marking  ] GC(168) Mark: 1 stripe(s), 2 proactive flush(es), 1 terminate flush(es), 0 completion(s), 0 continuation(s) 
[50.595s][info][gc,reloc    ] GC(168) Relocation: Successful, 5M relocated
[50.595s][info][gc,nmethod  ] GC(168) NMethods: 2966 registered, 0 unregistered
[50.595s][info][gc,metaspace] GC(168) Metaspace: 70M used, 74M capacity, 74M committed, 76M reserved
[50.595s][info][gc,ref      ] GC(168) Soft: 2201 encountered, 0 discovered, 0 enqueued
[50.596s][info][gc,ref      ] GC(168) Weak: 4505 encountered, 3537 discovered, 0 enqueued
[50.596s][info][gc,ref      ] GC(168) Final: 27 encountered, 0 discovered, 0 enqueued
[50.596s][info][gc,ref      ] GC(168) Phantom: 652 encountered, 648 discovered, 0 enqueued
[50.596s][info][gc,heap     ] GC(168)                Mark Start          Mark End        Relocate Start      Relocate End           High               Low         
[50.596s][info][gc,heap     ] GC(168)  Capacity:      500M (100%)        500M (100%)        500M (100%)        500M (100%)        500M (100%)        500M (100%)   
[50.596s][info][gc,heap     ] GC(168)   Reserve:       34M (7%)           34M (7%)           34M (7%)           34M (7%)           34M (7%)           34M (7%)     
[50.596s][info][gc,heap     ] GC(168)      Free:      310M (62%)         262M (52%)         344M (69%)         348M (70%)         348M (70%)         262M (52%)    
[50.596s][info][gc,heap     ] GC(168)      Used:      156M (31%)         204M (41%)         122M (24%)         118M (24%)         204M (41%)         118M (24%)    
[50.596s][info][gc,heap     ] GC(168)      Live:         -                29M (6%)           29M (6%)           29M (6%)             -                  -          
[50.596s][info][gc,heap     ] GC(168) Allocated:         -                48M (10%)          48M (10%)          58M (12%)            -                  -          
[50.596s][info][gc,heap     ] GC(168)   Garbage:         -               126M (25%)          44M (9%)           34M (7%)             -                  -          
[50.596s][info][gc,heap     ] GC(168) Reclaimed:         -                  -                82M (16%)          92M (18%)            -                  -          
[50.596s][info][gc          ] GC(168) Garbage Collection (Allocation Rate) 156M(31%)->118M(24%)
[50.613s][info][gc,start    ] GC(169) Garbage Collection (Allocation Rate)
[50.618s][info][gc,phases   ] GC(169) Pause Mark Start 2.870ms
[50.679s][info][gc,phases   ] GC(169) Concurrent Mark 60.318ms
[50.682s][info][gc,phases   ] GC(169) Pause Mark End 0.382ms
[50.683s][info][gc,phases   ] GC(169) Concurrent Process Non-Strong References 1.498ms
[50.683s][info][gc,phases   ] GC(169) Concurrent Reset Relocation Set 0.003ms
[50.683s][info][gc,phases   ] GC(169) Concurrent Destroy Detached Pages 0.000ms
[50.685s][info][gc,phases   ] GC(169) Concurrent Select Relocation Set 1.537ms
[50.685s][info][gc,phases   ] GC(169) Concurrent Prepare Relocation Set 0.013ms
[50.688s][info][gc,phases   ] GC(169) Pause Relocate Start 2.390ms
[50.695s][info][gc,phases   ] GC(169) Concurrent Relocate 7.442ms
[50.695s][info][gc,load     ] GC(169) Load: 1.92/1.06/0.48
[50.695s][info][gc,mmu      ] GC(169) MMU: 2ms/0.0%, 5ms/0.0%, 10ms/0.0%, 20ms/0.0%, 50ms/59.1%, 100ms/77.1%
[50.695s][info][gc,marking  ] GC(169) Mark: 1 stripe(s), 2 proactive flush(es), 1 terminate flush(es), 0 completion(s), 0 continuation(s) 
[50.695s][info][gc,reloc    ] GC(169) Relocation: Successful, 5M relocated
[50.695s][info][gc,nmethod  ] GC(169) NMethods: 2966 registered, 0 unregistered
[50.695s][info][gc,metaspace] GC(169) Metaspace: 70M used, 74M capacity, 74M committed, 76M reserved
[50.695s][info][gc,ref      ] GC(169) Soft: 2201 encountered, 0 discovered, 0 enqueued
[50.695s][info][gc,ref      ] GC(169) Weak: 4505 encountered, 3537 discovered, 0 enqueued
[50.695s][info][gc,ref      ] GC(169) Final: 27 encountered, 0 discovered, 0 enqueued
[50.695s][info][gc,ref      ] GC(169) Phantom: 652 encountered, 648 discovered, 0 enqueued
[50.695s][info][gc,heap     ] GC(169)                Mark Start          Mark End        Relocate Start      Relocate End           High               Low         
[50.695s][info][gc,heap     ] GC(169)  Capacity:      500M (100%)        500M (100%)        500M (100%)        500M (100%)        500M (100%)        500M (100%)   
[50.695s][info][gc,heap     ] GC(169)   Reserve:       34M (7%)           34M (7%)           34M (7%)           34M (7%)           34M (7%)           34M (7%)     
[50.695s][info][gc,heap     ] GC(169)      Free:      318M (64%)         266M (53%)         344M (69%)         340M (68%)         344M (69%)         266M (53%)    
[50.695s][info][gc,heap     ] GC(169)      Used:      148M (30%)         200M (40%)         122M (24%)         126M (25%)         200M (40%)         122M (24%)    
[50.695s][info][gc,heap     ] GC(169)      Live:         -                29M (6%)           29M (6%)           29M (6%)             -                  -          
[50.695s][info][gc,heap     ] GC(169) Allocated:         -                52M (10%)          52M (10%)          66M (13%)            -                  -          
[50.695s][info][gc,heap     ] GC(169)   Garbage:         -               118M (24%)          40M (8%)           32M (6%)             -                  -          
[50.695s][info][gc,heap     ] GC(169) Reclaimed:         -                  -                78M (16%)          86M (17%)            -                  -          
[50.695s][info][gc          ] GC(169) Garbage Collection (Allocation Rate) 148M(30%)->126M(25%)
[50.713s][info][gc,start    ] GC(170) Garbage Collection (Allocation Rate)
[50.718s][info][gc,phases   ] GC(170) Pause Mark Start 2.891ms
[50.794s][info][gc,phases   ] GC(170) Concurrent Mark 75.717ms
[50.797s][info][gc,phases   ] GC(170) Pause Mark End 0.335ms
[50.798s][info][gc,phases   ] GC(170) Concurrent Process Non-Strong References 1.496ms
[50.798s][info][gc,phases   ] GC(170) Concurrent Reset Relocation Set 0.002ms
[50.798s][info][gc,phases   ] GC(170) Concurrent Destroy Detached Pages 0.000ms
[50.800s][info][gc,phases   ] GC(170) Concurrent Select Relocation Set 1.626ms
[50.800s][info][gc,phases   ] GC(170) Concurrent Prepare Relocation Set 0.024ms
[50.803s][info][gc,phases   ] GC(170) Pause Relocate Start 2.595ms
[50.809s][info][gc,phases   ] GC(170) Concurrent Relocate 6.312ms
[50.809s][info][gc,load     ] GC(170) Load: 1.92/1.06/0.48
[50.809s][info][gc,mmu      ] GC(170) MMU: 2ms/0.0%, 5ms/0.0%, 10ms/0.0%, 20ms/0.0%, 50ms/59.1%, 100ms/77.1%
[50.809s][info][gc,marking  ] GC(170) Mark: 1 stripe(s), 2 proactive flush(es), 1 terminate flush(es), 0 completion(s), 0 continuation(s) 
[50.809s][info][gc,reloc    ] GC(170) Relocation: Successful, 5M relocated
[50.809s][info][gc,nmethod  ] GC(170) NMethods: 2969 registered, 0 unregistered
[50.809s][info][gc,metaspace] GC(170) Metaspace: 70M used, 74M capacity, 74M committed, 76M reserved
[50.809s][info][gc,ref      ] GC(170) Soft: 2201 encountered, 0 discovered, 0 enqueued
[50.809s][info][gc,ref      ] GC(170) Weak: 4505 encountered, 3537 discovered, 0 enqueued
[50.809s][info][gc,ref      ] GC(170) Final: 27 encountered, 0 discovered, 0 enqueued
[50.809s][info][gc,ref      ] GC(170) Phantom: 652 encountered, 648 discovered, 0 enqueued
[50.809s][info][gc,heap     ] GC(170)                Mark Start          Mark End        Relocate Start      Relocate End           High               Low         
[50.809s][info][gc,heap     ] GC(170)  Capacity:      500M (100%)        500M (100%)        500M (100%)        500M (100%)        500M (100%)        500M (100%)   
[50.809s][info][gc,heap     ] GC(170)   Reserve:       34M (7%)           34M (7%)           34M (7%)           34M (7%)           34M (7%)           34M (7%)     
[50.809s][info][gc,heap     ] GC(170)      Free:      312M (62%)         254M (51%)         334M (67%)         342M (68%)         342M (68%)         254M (51%)    
[50.809s][info][gc,heap     ] GC(170)      Used:      154M (31%)         212M (42%)         132M (26%)         124M (25%)         212M (42%)         124M (25%)    
[50.809s][info][gc,heap     ] GC(170)      Live:         -                29M (6%)           29M (6%)           29M (6%)             -                  -          
[50.809s][info][gc,heap     ] GC(170) Allocated:         -                58M (12%)          58M (12%)          64M (13%)            -                  -          
[50.809s][info][gc,heap     ] GC(170)   Garbage:         -               124M (25%)          44M (9%)           32M (6%)             -                  -          
[50.809s][info][gc,heap     ] GC(170) Reclaimed:         -                  -                80M (16%)          92M (18%)            -                  -          
[50.809s][info][gc          ] GC(170) Garbage Collection (Allocation Rate) 154M(31%)->124M(25%)
[50.813s][info][gc,start    ] GC(171) Garbage Collection (Allocation Rate)
[50.821s][info][gc,phases   ] GC(171) Pause Mark Start 4.952ms
[50.891s][info][gc,phases   ] GC(171) Concurrent Mark 69.794ms
[50.893s][info][gc,phases   ] GC(171) Pause Mark End 0.326ms
[50.895s][info][gc,phases   ] GC(171) Concurrent Process Non-Strong References 1.606ms
[50.895s][info][gc,phases   ] GC(171) Concurrent Reset Relocation Set 0.004ms
[50.895s][info][gc,phases   ] GC(171) Concurrent Destroy Detached Pages 0.001ms
[50.897s][info][gc,phases   ] GC(171) Concurrent Select Relocation Set 1.532ms
[50.897s][info][gc,phases   ] GC(171) Concurrent Prepare Relocation Set 0.013ms
[50.899s][info][gc,phases   ] GC(171) Pause Relocate Start 2.487ms
[50.907s][info][gc,phases   ] GC(171) Concurrent Relocate 7.734ms
[50.907s][info][gc,load     ] GC(171) Load: 1.92/1.06/0.48
[50.907s][info][gc,mmu      ] GC(171) MMU: 2ms/0.0%, 5ms/0.0%, 10ms/0.0%, 20ms/0.0%, 50ms/59.1%, 100ms/77.1%
[50.907s][info][gc,marking  ] GC(171) Mark: 1 stripe(s), 2 proactive flush(es), 1 terminate flush(es), 0 completion(s), 0 continuation(s) 
[50.907s][info][gc,reloc    ] GC(171) Relocation: Successful, 5M relocated
[50.907s][info][gc,nmethod  ] GC(171) NMethods: 2972 registered, 0 unregistered
[50.907s][info][gc,metaspace] GC(171) Metaspace: 70M used, 74M capacity, 74M committed, 76M reserved
[50.907s][info][gc,ref      ] GC(171) Soft: 2201 encountered, 0 discovered, 0 enqueued
[50.907s][info][gc,ref      ] GC(171) Weak: 4505 encountered, 3537 discovered, 0 enqueued
[50.907s][info][gc,ref      ] GC(171) Final: 27 encountered, 0 discovered, 0 enqueued
[50.907s][info][gc,ref      ] GC(171) Phantom: 652 encountered, 648 discovered, 0 enqueued
[50.907s][info][gc,heap     ] GC(171)                Mark Start          Mark End        Relocate Start      Relocate End           High               Low         
[50.907s][info][gc,heap     ] GC(171)  Capacity:      500M (100%)        500M (100%)        500M (100%)        500M (100%)        500M (100%)        500M (100%)   
[50.907s][info][gc,heap     ] GC(171)   Reserve:       34M (7%)           34M (7%)           34M (7%)           34M (7%)           34M (7%)           34M (7%)     
[50.907s][info][gc,heap     ] GC(171)      Free:      336M (67%)         280M (56%)         340M (68%)         336M (67%)         340M (68%)         280M (56%)    
[50.907s][info][gc,heap     ] GC(171)      Used:      130M (26%)         186M (37%)         126M (25%)         130M (26%)         186M (37%)         126M (25%)    
[50.907s][info][gc,heap     ] GC(171)      Live:         -                29M (6%)           29M (6%)           29M (6%)             -                  -          
[50.907s][info][gc,heap     ] GC(171) Allocated:         -                56M (11%)          56M (11%)          70M (14%)            -                  -          
[50.907s][info][gc,heap     ] GC(171)   Garbage:         -               100M (20%)          40M (8%)           36M (7%)             -                  -          
[50.907s][info][gc,heap     ] GC(171) Reclaimed:         -                  -                60M (12%)          64M (13%)            -                  -          
[50.907s][info][gc          ] GC(171) Garbage Collection (Allocation Rate) 130M(26%)->130M(26%)
[50.913s][info][gc,start    ] GC(172) Garbage Collection (Allocation Rate)
[50.918s][info][gc,phases   ] GC(172) Pause Mark Start 2.824ms
[50.980s][info][gc,phases   ] GC(172) Concurrent Mark 61.142ms
[50.982s][info][gc,phases   ] GC(172) Pause Mark End 0.326ms
[50.984s][info][gc,phases   ] GC(172) Concurrent Process Non-Strong References 1.519ms
[50.984s][info][gc,phases   ] GC(172) Concurrent Reset Relocation Set 0.003ms
[50.984s][info][gc,phases   ] GC(172) Concurrent Destroy Detached Pages 0.001ms
[50.985s][info][gc,phases   ] GC(172) Concurrent Select Relocation Set 1.578ms
[50.985s][info][gc,phases   ] GC(172) Concurrent Prepare Relocation Set 0.017ms
[50.988s][info][gc,phases   ] GC(172) Pause Relocate Start 2.369ms
[50.995s][info][gc,phases   ] GC(172) Concurrent Relocate 6.925ms
[50.995s][info][gc,load     ] GC(172) Load: 1.92/1.06/0.48
[50.995s][info][gc,mmu      ] GC(172) MMU: 2ms/0.0%, 5ms/0.0%, 10ms/0.0%, 20ms/0.0%, 50ms/59.1%, 100ms/77.1%
[50.995s][info][gc,marking  ] GC(172) Mark: 1 stripe(s), 2 proactive flush(es), 1 terminate flush(es), 0 completion(s), 0 continuation(s) 
[50.995s][info][gc,reloc    ] GC(172) Relocation: Successful, 5M relocated
[50.995s][info][gc,nmethod  ] GC(172) NMethods: 2972 registered, 0 unregistered
[50.995s][info][gc,metaspace] GC(172) Metaspace: 70M used, 74M capacity, 74M committed, 76M reserved
[50.995s][info][gc,ref      ] GC(172) Soft: 2201 encountered, 0 discovered, 0 enqueued
[50.995s][info][gc,ref      ] GC(172) Weak: 4505 encountered, 3537 discovered, 0 enqueued
[50.995s][info][gc,ref      ] GC(172) Final: 27 encountered, 0 discovered, 0 enqueued
[50.995s][info][gc,ref      ] GC(172) Phantom: 652 encountered, 648 discovered, 0 enqueued
[50.995s][info][gc,heap     ] GC(172)                Mark Start          Mark End        Relocate Start      Relocate End           High               Low         
[50.995s][info][gc,heap     ] GC(172)  Capacity:      500M (100%)        500M (100%)        500M (100%)        500M (100%)        500M (100%)        500M (100%)   
[50.995s][info][gc,heap     ] GC(172)   Reserve:       34M (7%)           34M (7%)           34M (7%)           34M (7%)           34M (7%)           34M (7%)     
[50.995s][info][gc,heap     ] GC(172)      Free:      326M (65%)         272M (54%)         334M (67%)         338M (68%)         338M (68%)         270M (54%)    
[50.995s][info][gc,heap     ] GC(172)      Used:      140M (28%)         194M (39%)         132M (26%)         128M (26%)         196M (39%)         128M (26%)    
[50.995s][info][gc,heap     ] GC(172)      Live:         -                29M (6%)           29M (6%)           29M (6%)             -                  -          
[50.995s][info][gc,heap     ] GC(172) Allocated:         -                54M (11%)          56M (11%)          68M (14%)            -                  -          
[50.995s][info][gc,heap     ] GC(172)   Garbage:         -               110M (22%)          46M (9%)           32M (6%)             -                  -          
[50.995s][info][gc,heap     ] GC(172) Reclaimed:         -                  -                64M (13%)          78M (16%)            -                  -          
[50.995s][info][gc          ] GC(172) Garbage Collection (Allocation Rate) 140M(28%)->128M(26%)
[51.013s][info][gc,start    ] GC(173) Garbage Collection (Allocation Rate)
[51.018s][info][gc,phases   ] GC(173) Pause Mark Start 2.826ms
[51.080s][info][gc,phases   ] GC(173) Concurrent Mark 62.155ms
[51.083s][info][gc,phases   ] GC(173) Pause Mark End 0.334ms
[51.085s][info][gc,phases   ] GC(173) Concurrent Process Non-Strong References 1.482ms
[51.085s][info][gc,phases   ] GC(173) Concurrent Reset Relocation Set 0.003ms
[51.085s][info][gc,phases   ] GC(173) Concurrent Destroy Detached Pages 0.001ms
[51.086s][info][gc,phases   ] GC(173) Concurrent Select Relocation Set 1.533ms
[51.086s][info][gc,phases   ] GC(173) Concurrent Prepare Relocation Set 0.012ms
[51.089s][info][gc,phases   ] GC(173) Pause Relocate Start 2.397ms
[51.096s][info][gc,phases   ] GC(173) Concurrent Relocate 6.896ms
[51.096s][info][gc,load     ] GC(173) Load: 1.92/1.06/0.48
[51.096s][info][gc,mmu      ] GC(173) MMU: 2ms/0.0%, 5ms/0.0%, 10ms/0.0%, 20ms/0.0%, 50ms/59.1%, 100ms/77.1%
[51.096s][info][gc,marking  ] GC(173) Mark: 1 stripe(s), 2 proactive flush(es), 1 terminate flush(es), 0 completion(s), 0 continuation(s) 
[51.096s][info][gc,reloc    ] GC(173) Relocation: Successful, 5M relocated
[51.096s][info][gc,nmethod  ] GC(173) NMethods: 2972 registered, 0 unregistered
[51.096s][info][gc,metaspace] GC(173) Metaspace: 70M used, 74M capacity, 74M committed, 76M reserved
[51.096s][info][gc,ref      ] GC(173) Soft: 2201 encountered, 0 discovered, 0 enqueued
[51.096s][info][gc,ref      ] GC(173) Weak: 4505 encountered, 3537 discovered, 0 enqueued
[51.096s][info][gc,ref      ] GC(173) Final: 27 encountered, 0 discovered, 0 enqueued
[51.096s][info][gc,ref      ] GC(173) Phantom: 652 encountered, 648 discovered, 0 enqueued
[51.096s][info][gc,heap     ] GC(173)                Mark Start          Mark End        Relocate Start      Relocate End           High               Low         
[51.096s][info][gc,heap     ] GC(173)  Capacity:      500M (100%)        500M (100%)        500M (100%)        500M (100%)        500M (100%)        500M (100%)   
[51.096s][info][gc,heap     ] GC(173)   Reserve:       34M (7%)           34M (7%)           34M (7%)           34M (7%)           34M (7%)           34M (7%)     
[51.096s][info][gc,heap     ] GC(173)      Free:      308M (62%)         250M (50%)         336M (67%)         336M (67%)         336M (67%)         250M (50%)    
[51.096s][info][gc,heap     ] GC(173)      Used:      158M (32%)         216M (43%)         130M (26%)         130M (26%)         216M (43%)         130M (26%)    
[51.096s][info][gc,heap     ] GC(173)      Live:         -                29M (6%)           29M (6%)           29M (6%)             -                  -          
[51.096s][info][gc,heap     ] GC(173) Allocated:         -                58M (12%)          58M (12%)          70M (14%)            -                  -          
[51.096s][info][gc,heap     ] GC(173)   Garbage:         -               128M (26%)          42M (8%)           32M (6%)             -                  -          
[51.096s][info][gc,heap     ] GC(173) Reclaimed:         -                  -                86M (17%)          96M (19%)            -                  -          
[51.096s][info][gc          ] GC(173) Garbage Collection (Allocation Rate) 158M(32%)->130M(26%)
[51.114s][info][gc,start    ] GC(174) Garbage Collection (Allocation Rate)
[51.119s][info][gc,phases   ] GC(174) Pause Mark Start 2.924ms
[51.180s][info][gc,phases   ] GC(174) Concurrent Mark 60.869ms
[51.181s][info][gc,phases   ] GC(174) Pause Mark End 0.379ms
[51.182s][info][gc,phases   ] GC(174) Concurrent Process Non-Strong References 1.853ms
[51.182s][info][gc,phases   ] GC(174) Concurrent Reset Relocation Set 0.004ms
[51.182s][info][gc,phases   ] GC(174) Concurrent Destroy Detached Pages 0.001ms
[51.185s][info][gc,phases   ] GC(174) Concurrent Select Relocation Set 2.054ms
[51.185s][info][gc,phases   ] GC(174) Concurrent Prepare Relocation Set 0.016ms
[51.188s][info][gc,phases   ] GC(174) Pause Relocate Start 2.585ms
[51.191s][info][gc,phases   ] GC(174) Concurrent Relocate 3.837ms
[51.191s][info][gc,load     ] GC(174) Load: 1.92/1.06/0.48
[51.191s][info][gc,mmu      ] GC(174) MMU: 2ms/0.0%, 5ms/0.0%, 10ms/0.0%, 20ms/0.0%, 50ms/59.1%, 100ms/77.1%
[51.191s][info][gc,marking  ] GC(174) Mark: 1 stripe(s), 2 proactive flush(es), 1 terminate flush(es), 0 completion(s), 0 continuation(s) 
[51.191s][info][gc,reloc    ] GC(174) Relocation: Successful, 5M relocated
[51.191s][info][gc,nmethod  ] GC(174) NMethods: 2972 registered, 0 unregistered
[51.192s][info][gc,metaspace] GC(174) Metaspace: 70M used, 74M capacity, 74M committed, 76M reserved
[51.192s][info][gc,ref      ] GC(174) Soft: 2201 encountered, 0 discovered, 0 enqueued
[51.192s][info][gc,ref      ] GC(174) Weak: 4505 encountered, 3537 discovered, 0 enqueued
[51.192s][info][gc,ref      ] GC(174) Final: 27 encountered, 0 discovered, 0 enqueued
[51.192s][info][gc,ref      ] GC(174) Phantom: 652 encountered, 648 discovered, 0 enqueued
[51.192s][info][gc,heap     ] GC(174)                Mark Start          Mark End        Relocate Start      Relocate End           High               Low         
[51.192s][info][gc,heap     ] GC(174)  Capacity:      500M (100%)        500M (100%)        500M (100%)        500M (100%)        500M (100%)        500M (100%)   
[51.192s][info][gc,heap     ] GC(174)   Reserve:       34M (7%)           34M (7%)           34M (7%)           34M (7%)           34M (7%)           34M (7%)     
[51.192s][info][gc,heap     ] GC(174)      Free:      306M (61%)         254M (51%)         342M (68%)         346M (69%)         346M (69%)         254M (51%)    
[51.192s][info][gc,heap     ] GC(174)      Used:      160M (32%)         212M (42%)         124M (25%)         120M (24%)         212M (42%)         120M (24%)    
[51.192s][info][gc,heap     ] GC(174)      Live:         -                29M (6%)           29M (6%)           29M (6%)             -                  -          
[51.192s][info][gc,heap     ] GC(174) Allocated:         -                52M (10%)          52M (10%)          60M (12%)            -                  -          
[51.192s][info][gc,heap     ] GC(174)   Garbage:         -               130M (26%)          42M (8%)           34M (7%)             -                  -          
[51.192s][info][gc,heap     ] GC(174) Reclaimed:         -                  -                88M (18%)          96M (19%)            -                  -          
[51.192s][info][gc          ] GC(174) Garbage Collection (Allocation Rate) 160M(32%)->120M(24%)
[51.215s][info][gc,start    ] GC(175) Garbage Collection (Allocation Rate)
[51.222s][info][gc,phases   ] GC(175) Pause Mark Start 4.504ms
[51.284s][info][gc,phases   ] GC(175) Concurrent Mark 62.105ms
[51.287s][info][gc,phases   ] GC(175) Pause Mark End 0.333ms
[51.289s][info][gc,phases   ] GC(175) Concurrent Process Non-Strong References 1.512ms
[51.289s][info][gc,phases   ] GC(175) Concurrent Reset Relocation Set 0.003ms
[51.289s][info][gc,phases   ] GC(175) Concurrent Destroy Detached Pages 0.000ms
[51.290s][info][gc,phases   ] GC(175) Concurrent Select Relocation Set 1.567ms
[51.290s][info][gc,phases   ] GC(175) Concurrent Prepare Relocation Set 0.013ms
[51.293s][info][gc,phases   ] GC(175) Pause Relocate Start 2.318ms
[51.298s][info][gc,phases   ] GC(175) Concurrent Relocate 5.086ms
[51.298s][info][gc,load     ] GC(175) Load: 1.92/1.06/0.48
[51.298s][info][gc,mmu      ] GC(175) MMU: 2ms/0.0%, 5ms/0.0%, 10ms/0.0%, 20ms/0.0%, 50ms/59.1%, 100ms/77.1%
[51.298s][info][gc,marking  ] GC(175) Mark: 1 stripe(s), 2 proactive flush(es), 1 terminate flush(es), 0 completion(s), 0 continuation(s) 
[51.298s][info][gc,reloc    ] GC(175) Relocation: Successful, 5M relocated
[51.298s][info][gc,nmethod  ] GC(175) NMethods: 2972 registered, 0 unregistered
[51.298s][info][gc,metaspace] GC(175) Metaspace: 70M used, 74M capacity, 74M committed, 76M reserved
[51.298s][info][gc,ref      ] GC(175) Soft: 2201 encountered, 0 discovered, 0 enqueued
[51.298s][info][gc,ref      ] GC(175) Weak: 4505 encountered, 3537 discovered, 0 enqueued
[51.298s][info][gc,ref      ] GC(175) Final: 27 encountered, 0 discovered, 0 enqueued
[51.298s][info][gc,ref      ] GC(175) Phantom: 652 encountered, 648 discovered, 0 enqueued
[51.298s][info][gc,heap     ] GC(175)                Mark Start          Mark End        Relocate Start      Relocate End           High               Low         
[51.298s][info][gc,heap     ] GC(175)  Capacity:      500M (100%)        500M (100%)        500M (100%)        500M (100%)        500M (100%)        500M (100%)   
[51.298s][info][gc,heap     ] GC(175)   Reserve:       34M (7%)           34M (7%)           34M (7%)           34M (7%)           34M (7%)           34M (7%)     
[51.298s][info][gc,heap     ] GC(175)      Free:      316M (63%)         264M (53%)         344M (69%)         344M (69%)         344M (69%)         264M (53%)    
[51.298s][info][gc,heap     ] GC(175)      Used:      150M (30%)         202M (40%)         122M (24%)         122M (24%)         202M (40%)         122M (24%)    
[51.298s][info][gc,heap     ] GC(175)      Live:         -                29M (6%)           29M (6%)           29M (6%)             -                  -          
[51.298s][info][gc,heap     ] GC(175) Allocated:         -                52M (10%)          52M (10%)          62M (12%)            -                  -          
[51.298s][info][gc,heap     ] GC(175)   Garbage:         -               120M (24%)          40M (8%)           34M (7%)             -                  -          
[51.298s][info][gc,heap     ] GC(175) Reclaimed:         -                  -                80M (16%)          86M (17%)            -                  -          
[51.298s][info][gc          ] GC(175) Garbage Collection (Allocation Rate) 150M(30%)->122M(24%)
[51.313s][info][gc,start    ] GC(176) Garbage Collection (Allocation Rate)
[51.318s][info][gc,phases   ] GC(176) Pause Mark Start 2.809ms
[51.402s][info][gc,phases   ] GC(176) Concurrent Mark 83.608ms
[51.404s][info][gc,phases   ] GC(176) Pause Mark End 0.327ms
[51.406s][info][gc,phases   ] GC(176) Concurrent Process Non-Strong References 1.465ms
[51.406s][info][gc,phases   ] GC(176) Concurrent Reset Relocation Set 0.002ms
[51.406s][info][gc,phases   ] GC(176) Concurrent Destroy Detached Pages 0.000ms
[51.408s][info][gc,phases   ] GC(176) Concurrent Select Relocation Set 1.553ms
[51.408s][info][gc,phases   ] GC(176) Concurrent Prepare Relocation Set 0.013ms
[51.410s][info][gc,phases   ] GC(176) Pause Relocate Start 2.295ms
[51.414s][info][gc,phases   ] GC(176) Concurrent Relocate 4.114ms
[51.414s][info][gc,load     ] GC(176) Load: 1.92/1.06/0.48
[51.414s][info][gc,mmu      ] GC(176) MMU: 2ms/0.0%, 5ms/0.0%, 10ms/0.0%, 20ms/0.0%, 50ms/59.1%, 100ms/77.1%
[51.414s][info][gc,marking  ] GC(176) Mark: 1 stripe(s), 2 proactive flush(es), 1 terminate flush(es), 0 completion(s), 0 continuation(s) 
[51.414s][info][gc,reloc    ] GC(176) Relocation: Successful, 5M relocated
[51.414s][info][gc,nmethod  ] GC(176) NMethods: 2972 registered, 0 unregistered
[51.414s][info][gc,metaspace] GC(176) Metaspace: 70M used, 74M capacity, 74M committed, 76M reserved
[51.414s][info][gc,ref      ] GC(176) Soft: 2201 encountered, 0 discovered, 0 enqueued
[51.414s][info][gc,ref      ] GC(176) Weak: 4505 encountered, 3537 discovered, 0 enqueued
[51.414s][info][gc,ref      ] GC(176) Final: 27 encountered, 0 discovered, 0 enqueued
[51.414s][info][gc,ref      ] GC(176) Phantom: 652 encountered, 648 discovered, 0 enqueued
[51.414s][info][gc,heap     ] GC(176)                Mark Start          Mark End        Relocate Start      Relocate End           High               Low         
[51.414s][info][gc,heap     ] GC(176)  Capacity:      500M (100%)        500M (100%)        500M (100%)        500M (100%)        500M (100%)        500M (100%)   
[51.414s][info][gc,heap     ] GC(176)   Reserve:       34M (7%)           34M (7%)           34M (7%)           34M (7%)           34M (7%)           34M (7%)     
[51.414s][info][gc,heap     ] GC(176)      Free:      320M (64%)         266M (53%)         340M (68%)         346M (69%)         346M (69%)         266M (53%)    
[51.414s][info][gc,heap     ] GC(176)      Used:      146M (29%)         200M (40%)         126M (25%)         120M (24%)         200M (40%)         120M (24%)    
[51.414s][info][gc,heap     ] GC(176)      Live:         -                29M (6%)           29M (6%)           29M (6%)             -                  -          
[51.414s][info][gc,heap     ] GC(176) Allocated:         -                54M (11%)          54M (11%)          60M (12%)            -                  -          
[51.414s][info][gc,heap     ] GC(176)   Garbage:         -               116M (23%)          42M (8%)           32M (6%)             -                  -          
[51.414s][info][gc,heap     ] GC(176) Reclaimed:         -                  -                74M (15%)          84M (17%)            -                  -          
[51.414s][info][gc          ] GC(176) Garbage Collection (Allocation Rate) 146M(29%)->120M(24%)
[51.513s][info][gc,start    ] GC(177) Garbage Collection (Allocation Rate)
[51.519s][info][gc,phases   ] GC(177) Pause Mark Start 2.906ms
[51.582s][info][gc,phases   ] GC(177) Concurrent Mark 62.838ms
[51.584s][info][gc,phases   ] GC(177) Pause Mark End 0.328ms
[51.586s][info][gc,phases   ] GC(177) Concurrent Process Non-Strong References 1.503ms
[51.586s][info][gc,phases   ] GC(177) Concurrent Reset Relocation Set 0.003ms
[51.586s][info][gc,phases   ] GC(177) Concurrent Destroy Detached Pages 0.001ms
[51.587s][info][gc,phases   ] GC(177) Concurrent Select Relocation Set 1.605ms
[51.587s][info][gc,phases   ] GC(177) Concurrent Prepare Relocation Set 0.018ms
[51.590s][info][gc,phases   ] GC(177) Pause Relocate Start 2.379ms
[51.596s][info][gc,phases   ] GC(177) Concurrent Relocate 5.833ms
[51.596s][info][gc,load     ] GC(177) Load: 1.92/1.06/0.48
[51.596s][info][gc,mmu      ] GC(177) MMU: 2ms/0.0%, 5ms/0.0%, 10ms/0.0%, 20ms/0.0%, 50ms/59.1%, 100ms/77.1%
[51.596s][info][gc,marking  ] GC(177) Mark: 1 stripe(s), 2 proactive flush(es), 1 terminate flush(es), 0 completion(s), 0 continuation(s) 
[51.596s][info][gc,reloc    ] GC(177) Relocation: Successful, 5M relocated
[51.596s][info][gc,nmethod  ] GC(177) NMethods: 2972 registered, 0 unregistered
[51.596s][info][gc,metaspace] GC(177) Metaspace: 70M used, 74M capacity, 74M committed, 76M reserved
[51.596s][info][gc,ref      ] GC(177) Soft: 2201 encountered, 0 discovered, 0 enqueued
[51.596s][info][gc,ref      ] GC(177) Weak: 4505 encountered, 3537 discovered, 0 enqueued
[51.596s][info][gc,ref      ] GC(177) Final: 27 encountered, 0 discovered, 0 enqueued
[51.596s][info][gc,ref      ] GC(177) Phantom: 652 encountered, 648 discovered, 0 enqueued
[51.596s][info][gc,heap     ] GC(177)                Mark Start          Mark End        Relocate Start      Relocate End           High               Low         
[51.596s][info][gc,heap     ] GC(177)  Capacity:      500M (100%)        500M (100%)        500M (100%)        500M (100%)        500M (100%)        500M (100%)   
[51.596s][info][gc,heap     ] GC(177)   Reserve:       34M (7%)           34M (7%)           34M (7%)           34M (7%)           34M (7%)           34M (7%)     
[51.596s][info][gc,heap     ] GC(177)      Free:      182M (36%)         124M (25%)         340M (68%)         338M (68%)         340M (68%)         124M (25%)    
[51.596s][info][gc,heap     ] GC(177)      Used:      284M (57%)         342M (68%)         126M (25%)         128M (26%)         342M (68%)         126M (25%)    
[51.596s][info][gc,heap     ] GC(177)      Live:         -                29M (6%)           29M (6%)           29M (6%)             -                  -          
[51.596s][info][gc,heap     ] GC(177) Allocated:         -                58M (12%)          58M (12%)          68M (14%)            -                  -          
[51.596s][info][gc,heap     ] GC(177)   Garbage:         -               254M (51%)          38M (8%)           32M (6%)             -                  -          
[51.596s][info][gc,heap     ] GC(177) Reclaimed:         -                  -               216M (43%)         222M (44%)            -                  -          
[51.596s][info][gc          ] GC(177) Garbage Collection (Allocation Rate) 284M(57%)->128M(26%)
[51.613s][info][gc,start    ] GC(178) Garbage Collection (Allocation Rate)
[51.618s][info][gc,phases   ] GC(178) Pause Mark Start 2.832ms
[51.679s][info][gc,phases   ] GC(178) Concurrent Mark 61.052ms
[51.682s][info][gc,phases   ] GC(178) Pause Mark End 0.380ms
[51.684s][info][gc,phases   ] GC(178) Concurrent Process Non-Strong References 1.551ms
[51.684s][info][gc,phases   ] GC(178) Concurrent Reset Relocation Set 0.003ms
[51.684s][info][gc,phases   ] GC(178) Concurrent Destroy Detached Pages 0.001ms
[51.685s][info][gc,phases   ] GC(178) Concurrent Select Relocation Set 1.600ms
[51.685s][info][gc,phases   ] GC(178) Concurrent Prepare Relocation Set 0.013ms
[51.688s][info][gc,phases   ] GC(178) Pause Relocate Start 2.427ms
[51.696s][info][gc,phases   ] GC(178) Concurrent Relocate 7.759ms
[51.696s][info][gc,load     ] GC(178) Load: 1.92/1.06/0.48
[51.696s][info][gc,mmu      ] GC(178) MMU: 2ms/0.0%, 5ms/0.0%, 10ms/0.0%, 20ms/0.0%, 50ms/59.1%, 100ms/77.1%
[51.696s][info][gc,marking  ] GC(178) Mark: 1 stripe(s), 2 proactive flush(es), 1 terminate flush(es), 1 completion(s), 0 continuation(s) 
[51.696s][info][gc,reloc    ] GC(178) Relocation: Successful, 5M relocated
[51.696s][info][gc,nmethod  ] GC(178) NMethods: 2972 registered, 0 unregistered
[51.696s][info][gc,metaspace] GC(178) Metaspace: 70M used, 74M capacity, 74M committed, 76M reserved
[51.696s][info][gc,ref      ] GC(178) Soft: 2201 encountered, 0 discovered, 0 enqueued
[51.696s][info][gc,ref      ] GC(178) Weak: 4505 encountered, 3537 discovered, 0 enqueued
[51.696s][info][gc,ref      ] GC(178) Final: 27 encountered, 0 discovered, 0 enqueued
[51.696s][info][gc,ref      ] GC(178) Phantom: 652 encountered, 648 discovered, 0 enqueued
[51.696s][info][gc,heap     ] GC(178)                Mark Start          Mark End        Relocate Start      Relocate End           High               Low         
[51.696s][info][gc,heap     ] GC(178)  Capacity:      500M (100%)        500M (100%)        500M (100%)        500M (100%)        500M (100%)        500M (100%)   
[51.696s][info][gc,heap     ] GC(178)   Reserve:       34M (7%)           34M (7%)           34M (7%)           34M (7%)           34M (7%)           34M (7%)     
[51.696s][info][gc,heap     ] GC(178)      Free:      308M (62%)         254M (51%)         342M (68%)         350M (70%)         350M (70%)         254M (51%)    
[51.696s][info][gc,heap     ] GC(178)      Used:      158M (32%)         212M (42%)         124M (25%)         116M (23%)         212M (42%)         116M (23%)    
[51.696s][info][gc,heap     ] GC(178)      Live:         -                29M (6%)           29M (6%)           29M (6%)             -                  -          
[51.696s][info][gc,heap     ] GC(178) Allocated:         -                54M (11%)          54M (11%)          56M (11%)            -                  -          
[51.696s][info][gc,heap     ] GC(178)   Garbage:         -               128M (26%)          40M (8%)           32M (6%)             -                  -          
[51.696s][info][gc,heap     ] GC(178) Reclaimed:         -                  -                88M (18%)          96M (19%)            -                  -          
[51.696s][info][gc          ] GC(178) Garbage Collection (Allocation Rate) 158M(32%)->116M(23%)
[51.713s][info][gc,start    ] GC(179) Garbage Collection (Allocation Rate)
[51.720s][info][gc,phases   ] GC(179) Pause Mark Start 3.152ms
[51.795s][info][gc,heap     ] Page Cache Flushed: 6M requested, 10M(346M->336M) flushed
[51.837s][info][gc,phases   ] GC(179) Concurrent Mark 116.800ms
[51.837s][info][gc,phases   ] GC(179) Pause Mark End 0.560ms
[51.839s][info][gc,phases   ] GC(179) Concurrent Process Non-Strong References 1.538ms
[51.839s][info][gc,phases   ] GC(179) Concurrent Reset Relocation Set 0.003ms
[51.839s][info][gc,phases   ] GC(179) Concurrent Destroy Detached Pages 0.004ms
[51.840s][info][gc,phases   ] GC(179) Concurrent Select Relocation Set 1.542ms
[51.841s][info][gc,phases   ] GC(179) Concurrent Prepare Relocation Set 0.018ms
[51.843s][info][gc,phases   ] GC(179) Pause Relocate Start 2.397ms
[51.849s][info][gc,phases   ] GC(179) Concurrent Relocate 5.669ms
[51.849s][info][gc,load     ] GC(179) Load: 2.01/1.10/0.49
[51.849s][info][gc,mmu      ] GC(179) MMU: 2ms/0.0%, 5ms/0.0%, 10ms/0.0%, 20ms/0.0%, 50ms/59.1%, 100ms/77.1%
[51.849s][info][gc,marking  ] GC(179) Mark: 1 stripe(s), 5 proactive flush(es), 1 terminate flush(es), 1 completion(s), 0 continuation(s) 
[51.849s][info][gc,reloc    ] GC(179) Relocation: Successful, 5M relocated
[51.849s][info][gc,nmethod  ] GC(179) NMethods: 2998 registered, 0 unregistered
[51.849s][info][gc,metaspace] GC(179) Metaspace: 70M used, 74M capacity, 74M committed, 76M reserved
[51.849s][info][gc,ref      ] GC(179) Soft: 2248 encountered, 0 discovered, 0 enqueued
[51.849s][info][gc,ref      ] GC(179) Weak: 4506 encountered, 3537 discovered, 0 enqueued
[51.849s][info][gc,ref      ] GC(179) Final: 27 encountered, 0 discovered, 0 enqueued
[51.849s][info][gc,ref      ] GC(179) Phantom: 651 encountered, 647 discovered, 0 enqueued
[51.849s][info][gc,heap     ] GC(179)                Mark Start          Mark End        Relocate Start      Relocate End           High               Low         
[51.849s][info][gc,heap     ] GC(179)  Capacity:      500M (100%)        500M (100%)        500M (100%)        500M (100%)        500M (100%)        500M (100%)   
[51.849s][info][gc,heap     ] GC(179)   Reserve:       34M (7%)           34M (7%)           34M (7%)           34M (7%)           34M (7%)           34M (7%)     
[51.849s][info][gc,heap     ] GC(179)      Free:      350M (70%)         336M (67%)         388M (78%)         390M (78%)         390M (78%)         336M (67%)    
[51.849s][info][gc,heap     ] GC(179)      Used:      116M (23%)         130M (26%)          78M (16%)          76M (15%)         130M (26%)          76M (15%)    
[51.849s][info][gc,heap     ] GC(179)      Live:         -                29M (6%)           29M (6%)           29M (6%)             -                  -          
[51.849s][info][gc,heap     ] GC(179) Allocated:         -                14M (3%)           14M (3%)           16M (3%)             -                  -          
[51.849s][info][gc,heap     ] GC(179)   Garbage:         -                86M (17%)          34M (7%)           32M (6%)             -                  -          
[51.849s][info][gc,heap     ] GC(179) Reclaimed:         -                  -                52M (10%)          54M (11%)            -                  -          
[51.849s][info][gc          ] GC(179) Garbage Collection (Allocation Rate) 116M(23%)->76M(15%)
[51.877s][info][gc,start    ] GC(180) Garbage Collection (System.gc())
[51.881s][info][gc,phases   ] GC(180) Pause Mark Start 2.945ms
[51.955s][info][gc,phases   ] GC(180) Concurrent Mark 74.408ms
[51.956s][info][gc,phases   ] GC(180) Pause Mark End 0.304ms
[51.957s][info][gc,phases   ] GC(180) Concurrent Process Non-Strong References 1.502ms
[51.957s][info][gc,phases   ] GC(180) Concurrent Reset Relocation Set 0.002ms
[51.957s][info][gc,phases   ] GC(180) Concurrent Destroy Detached Pages 0.000ms
[51.960s][info][gc,phases   ] GC(180) Concurrent Select Relocation Set 2.621ms
[51.960s][info][gc,phases   ] GC(180) Concurrent Prepare Relocation Set 0.034ms
[51.965s][info][gc,phases   ] GC(180) Pause Relocate Start 2.805ms
[51.970s][info][gc,phases   ] GC(180) Concurrent Relocate 4.217ms
[51.970s][info][gc,load     ] GC(180) Load: 2.01/1.10/0.49
[51.970s][info][gc,mmu      ] GC(180) MMU: 2ms/0.0%, 5ms/0.0%, 10ms/0.0%, 20ms/0.0%, 50ms/59.1%, 100ms/77.1%
[51.970s][info][gc,marking  ] GC(180) Mark: 1 stripe(s), 2 proactive flush(es), 1 terminate flush(es), 0 completion(s), 0 continuation(s) 
[51.970s][info][gc,reloc    ] GC(180) Relocation: Successful, 6M relocated
[51.970s][info][gc,nmethod  ] GC(180) NMethods: 3023 registered, 0 unregistered
[51.970s][info][gc,metaspace] GC(180) Metaspace: 70M used, 74M capacity, 74M committed, 76M reserved
[51.970s][info][gc,ref      ] GC(180) Soft: 2477 encountered, 0 discovered, 0 enqueued
[51.970s][info][gc,ref      ] GC(180) Weak: 4570 encountered, 3650 discovered, 122 enqueued
[51.970s][info][gc,ref      ] GC(180) Final: 27 encountered, 0 discovered, 0 enqueued
[51.970s][info][gc,ref      ] GC(180) Phantom: 651 encountered, 647 discovered, 0 enqueued
[51.970s][info][gc,heap     ] GC(180)                Mark Start          Mark End        Relocate Start      Relocate End           High               Low         
[51.970s][info][gc,heap     ] GC(180)  Capacity:      500M (100%)        500M (100%)        500M (100%)        500M (100%)        500M (100%)        500M (100%)   
[51.970s][info][gc,heap     ] GC(180)   Reserve:       34M (7%)           34M (7%)           34M (7%)           34M (7%)           34M (7%)           34M (7%)     
[51.970s][info][gc,heap     ] GC(180)      Free:      388M (78%)         386M (77%)         392M (78%)         402M (80%)         402M (80%)         386M (77%)    
[51.970s][info][gc,heap     ] GC(180)      Used:       78M (16%)          80M (16%)          74M (15%)          64M (13%)          80M (16%)          64M (13%)    
[51.970s][info][gc,heap     ] GC(180)      Live:         -                30M (6%)           30M (6%)           30M (6%)             -                  -          
[51.970s][info][gc,heap     ] GC(180) Allocated:         -                 2M (0%)            2M (0%)            4M (1%)             -                  -          
[51.970s][info][gc,heap     ] GC(180)   Garbage:         -                47M (9%)           41M (8%)           31M (6%)             -                  -          
[51.970s][info][gc,heap     ] GC(180) Reclaimed:         -                  -                 6M (1%)           16M (3%)             -                  -          
[51.970s][info][gc          ] GC(180) Garbage Collection (System.gc()) 78M(16%)->64M(13%)
[51.980s][info][gc,heap     ] Page Cache Flushed: 30M requested, 30M(398M->368M) flushed
[52.013s][info][gc,start    ] GC(181) Garbage Collection (Allocation Rate)
[52.020s][info][gc,phases   ] GC(181) Pause Mark Start 3.099ms
[52.039s][info][gc,heap     ] Page Cache Flushed: 6M requested, 6M(360M->354M) flushed
[52.135s][info][gc,heap     ] Page Cache Flushed: 32M requested, 32M(304M->272M) flushed
[52.150s][info][gc,phases   ] GC(181) Concurrent Mark 130.467ms
[52.155s][info][gc,phases   ] GC(181) Pause Mark End 0.398ms
[52.157s][info][gc,phases   ] GC(181) Concurrent Process Non-Strong References 1.626ms
[52.157s][info][gc,phases   ] GC(181) Concurrent Reset Relocation Set 0.002ms
[52.157s][info][gc,phases   ] GC(181) Concurrent Destroy Detached Pages 0.030ms
[52.158s][info][gc,phases   ] GC(181) Concurrent Select Relocation Set 1.530ms
[52.158s][info][gc,phases   ] GC(181) Concurrent Prepare Relocation Set 0.006ms
[52.161s][info][gc,phases   ] GC(181) Pause Relocate Start 2.549ms
[52.171s][info][gc,phases   ] GC(181) Concurrent Relocate 10.129ms
[52.171s][info][gc,load     ] GC(181) Load: 2.01/1.10/0.49
[52.171s][info][gc,mmu      ] GC(181) MMU: 2ms/0.0%, 5ms/0.0%, 10ms/0.0%, 20ms/0.0%, 50ms/59.1%, 100ms/77.1%
[52.171s][info][gc,marking  ] GC(181) Mark: 1 stripe(s), 2 proactive flush(es), 1 terminate flush(es), 0 completion(s), 0 continuation(s) 
[52.171s][info][gc,reloc    ] GC(181) Relocation: Successful, 5M relocated
[52.171s][info][gc,nmethod  ] GC(181) NMethods: 3057 registered, 0 unregistered
[52.171s][info][gc,metaspace] GC(181) Metaspace: 70M used, 74M capacity, 74M committed, 76M reserved
[52.171s][info][gc,ref      ] GC(181) Soft: 2517 encountered, 0 discovered, 0 enqueued
[52.171s][info][gc,ref      ] GC(181) Weak: 4466 encountered, 3525 discovered, 2 enqueued
[52.171s][info][gc,ref      ] GC(181) Final: 27 encountered, 0 discovered, 0 enqueued
[52.171s][info][gc,ref      ] GC(181) Phantom: 651 encountered, 456 discovered, 0 enqueued
[52.171s][info][gc,heap     ] GC(181)                Mark Start          Mark End        Relocate Start      Relocate End           High               Low         
[52.171s][info][gc,heap     ] GC(181)  Capacity:      500M (100%)        500M (100%)        500M (100%)        500M (100%)        500M (100%)        500M (100%)   
[52.171s][info][gc,heap     ] GC(181)   Reserve:       34M (7%)           34M (7%)           34M (7%)           34M (7%)           34M (7%)           34M (7%)     
[52.171s][info][gc,heap     ] GC(181)      Free:      364M (73%)         266M (53%)         298M (60%)         290M (58%)         364M (73%)         266M (53%)    
[52.171s][info][gc,heap     ] GC(181)      Used:      102M (20%)         200M (40%)         168M (34%)         176M (35%)         200M (40%)         102M (20%)    
[52.171s][info][gc,heap     ] GC(181)      Live:         -                31M (6%)           31M (6%)           31M (6%)             -                  -          
[52.171s][info][gc,heap     ] GC(181) Allocated:         -                98M (20%)          98M (20%)         114M (23%)            -                  -          
[52.171s][info][gc,heap     ] GC(181)   Garbage:         -                70M (14%)          38M (8%)           32M (7%)             -                  -          
[52.171s][info][gc,heap     ] GC(181) Reclaimed:         -                  -                32M (6%)           38M (8%)             -                  -          
[52.171s][info][gc          ] GC(181) Garbage Collection (Allocation Rate) 102M(20%)->176M(35%)
[52.214s][info][gc,start    ] GC(182) Garbage Collection (Allocation Rate)
[52.220s][info][gc,phases   ] GC(182) Pause Mark Start 3.396ms
[52.370s][info][gc,phases   ] GC(182) Concurrent Mark 149.691ms
[52.373s][info][gc,phases   ] GC(182) Pause Mark End 0.414ms
[52.377s][info][gc,phases   ] GC(182) Concurrent Process Non-Strong References 3.739ms
[52.377s][info][gc,phases   ] GC(182) Concurrent Reset Relocation Set 0.003ms
[52.377s][info][gc,phases   ] GC(182) Concurrent Destroy Detached Pages 0.000ms
[52.379s][info][gc,phases   ] GC(182) Concurrent Select Relocation Set 1.511ms
[52.379s][info][gc,phases   ] GC(182) Concurrent Prepare Relocation Set 0.444ms
[52.383s][info][gc,phases   ] GC(182) Pause Relocate Start 2.570ms
[52.444s][info][gc,phases   ] GC(182) Concurrent Relocate 61.263ms
[52.444s][info][gc,load     ] GC(182) Load: 2.01/1.10/0.49
[52.444s][info][gc,mmu      ] GC(182) MMU: 2ms/0.0%, 5ms/0.0%, 10ms/0.0%, 20ms/0.0%, 50ms/59.1%, 100ms/77.1%
[52.444s][info][gc,marking  ] GC(182) Mark: 1 stripe(s), 2 proactive flush(es), 1 terminate flush(es), 0 completion(s), 0 continuation(s) 
[52.444s][info][gc,reloc    ] GC(182) Relocation: Successful, 12M relocated
[52.444s][info][gc,nmethod  ] GC(182) NMethods: 3059 registered, 0 unregistered
[52.444s][info][gc,metaspace] GC(182) Metaspace: 70M used, 74M capacity, 74M committed, 76M reserved
[52.444s][info][gc,ref      ] GC(182) Soft: 2539 encountered, 0 discovered, 0 enqueued
[52.444s][info][gc,ref      ] GC(182) Weak: 4564 encountered, 3602 discovered, 26 enqueued
[52.444s][info][gc,ref      ] GC(182) Final: 27 encountered, 0 discovered, 0 enqueued
[52.444s][info][gc,ref      ] GC(182) Phantom: 652 encountered, 648 discovered, 0 enqueued
[52.444s][info][gc,heap     ] GC(182)                Mark Start          Mark End        Relocate Start      Relocate End           High               Low         
[52.444s][info][gc,heap     ] GC(182)  Capacity:      500M (100%)        500M (100%)        500M (100%)        500M (100%)        500M (100%)        500M (100%)   
[52.444s][info][gc,heap     ] GC(182)   Reserve:       34M (7%)           34M (7%)           34M (7%)           34M (7%)           34M (7%)           34M (7%)     
[52.444s][info][gc,heap     ] GC(182)      Free:      238M (48%)          80M (16%)          82M (16%)         210M (42%)         238M (48%)          68M (14%)    
[52.444s][info][gc,heap     ] GC(182)      Used:      228M (46%)         386M (77%)         384M (77%)         256M (51%)         398M (80%)         228M (46%)    
[52.444s][info][gc,heap     ] GC(182)      Live:         -                38M (8%)           38M (8%)           38M (8%)             -                  -          
[52.444s][info][gc,heap     ] GC(182) Allocated:         -               158M (32%)         162M (32%)         226M (45%)            -                  -          
[52.444s][info][gc,heap     ] GC(182)   Garbage:         -               189M (38%)         183M (37%)           1M (0%)             -                  -          
[52.444s][info][gc,heap     ] GC(182) Reclaimed:         -                  -                 6M (1%)          188M (38%)            -                  -          
[52.444s][info][gc          ] GC(182) Garbage Collection (Allocation Rate) 228M(46%)->256M(51%)
[52.513s][info][gc,start    ] GC(183) Garbage Collection (Allocation Rate)
[52.524s][info][gc,phases   ] GC(183) Pause Mark Start 3.987ms
[52.594s][info][gc,heap     ] Page Cache Flushed: 2M requested, 6M(70M->64M) flushed
[52.605s][info][gc,heap     ] Page Cache Flushed: 4M requested, 32M(64M->32M) flushed
[52.681s][info][gc,heap     ] Page Cache Flushed: 2M requested, 32M(32M->0M) flushed
[52.780s][info][gc,phases   ] GC(183) Concurrent Mark 256.515ms
[52.782s][info][gc,phases   ] GC(183) Pause Mark End 1.749ms
[52.784s][info][gc,phases   ] GC(183) Concurrent Process Non-Strong References 1.419ms
[52.784s][info][gc,phases   ] GC(183) Concurrent Reset Relocation Set 0.018ms
[52.784s][info][gc,phases   ] GC(183) Concurrent Destroy Detached Pages 0.005ms
[52.786s][info][gc,phases   ] GC(183) Concurrent Select Relocation Set 1.551ms
[52.787s][info][gc,phases   ] GC(183) Concurrent Prepare Relocation Set 1.599ms
[52.793s][info][gc,phases   ] GC(183) Pause Relocate Start 5.312ms
[52.799s][info][gc          ] Allocation Stall (Executor task launch worker for task 0.0 in stage 12.0 (TID 12)) 61.910ms
[52.801s][info][gc          ] Allocation Stall (Executor task launch worker for task 0.0 in stage 12.0 (TID 12)) 0.259ms
[52.802s][info][gc          ] Allocation Stall (Executor task launch worker for task 0.0 in stage 12.0 (TID 12)) 0.340ms
[52.807s][info][gc          ] Allocation Stall (Executor task launch worker for task 0.0 in stage 12.0 (TID 12)) 3.753ms
[52.957s][info][gc,phases   ] GC(183) Concurrent Relocate 163.912ms
[52.957s][info][gc,load     ] GC(183) Load: 2.01/1.10/0.49
[52.957s][info][gc,mmu      ] GC(183) MMU: 2ms/0.0%, 5ms/0.0%, 10ms/0.0%, 20ms/0.0%, 50ms/59.1%, 100ms/77.1%
[52.957s][info][gc,marking  ] GC(183) Mark: 1 stripe(s), 2 proactive flush(es), 1 terminate flush(es), 0 completion(s), 0 continuation(s) 
[52.957s][info][gc,reloc    ] GC(183) Relocation: Incomplete
[52.957s][info][gc,nmethod  ] GC(183) NMethods: 3059 registered, 0 unregistered
[52.957s][info][gc,metaspace] GC(183) Metaspace: 70M used, 74M capacity, 74M committed, 76M reserved
[52.957s][info][gc,ref      ] GC(183) Soft: 2540 encountered, 0 discovered, 0 enqueued
[52.957s][info][gc,ref      ] GC(183) Weak: 4539 encountered, 3556 discovered, 1 enqueued
[52.957s][info][gc,ref      ] GC(183) Final: 27 encountered, 0 discovered, 0 enqueued
[52.957s][info][gc,ref      ] GC(183) Phantom: 652 encountered, 648 discovered, 0 enqueued
[52.957s][info][gc,heap     ] GC(183)                Mark Start          Mark End        Relocate Start      Relocate End           High               Low         
[52.957s][info][gc,heap     ] GC(183)  Capacity:      500M (100%)        500M (100%)        500M (100%)        500M (100%)        500M (100%)        500M (100%)   
[52.957s][info][gc,heap     ] GC(183)   Reserve:       34M (7%)           34M (7%)           34M (7%)           34M (7%)           34M (7%)           32M (6%)     
[52.957s][info][gc,heap     ] GC(183)      Free:      108M (22%)           0M (0%)            0M (0%)          100M (20%)         108M (22%)           0M (0%)     
[52.957s][info][gc,heap     ] GC(183)      Used:      358M (72%)         466M (93%)         466M (93%)         366M (73%)         468M (94%)         358M (72%)    
[52.957s][info][gc,heap     ] GC(183)      Live:         -                59M (12%)          59M (12%)          59M (12%)            -                  -          
[52.957s][info][gc,heap     ] GC(183) Allocated:         -               108M (22%)         108M (22%)         294M (59%)            -                  -          
[52.957s][info][gc,heap     ] GC(183)   Garbage:         -               298M (60%)         298M (60%)          34M (7%)             -                  -          
[52.957s][info][gc,heap     ] GC(183) Reclaimed:         -                  -                 0M (0%)          264M (53%)            -                  -          
[52.957s][info][gc          ] GC(183) Garbage Collection (Allocation Rate) 358M(72%)->366M(73%)
[53.013s][info][gc,start    ] GC(184) Garbage Collection (Allocation Rate)
[53.019s][info][gc,phases   ] GC(184) Pause Mark Start 3.052ms
[53.296s][info][gc,phases   ] GC(184) Concurrent Mark 276.713ms
[53.297s][info][gc,phases   ] GC(184) Pause Mark End 0.441ms
[53.298s][info][gc,phases   ] GC(184) Concurrent Process Non-Strong References 1.457ms
[53.299s][info][gc,phases   ] GC(184) Concurrent Reset Relocation Set 0.326ms
[53.299s][info][gc,phases   ] GC(184) Concurrent Destroy Detached Pages 0.001ms
[53.300s][info][gc,phases   ] GC(184) Concurrent Select Relocation Set 1.512ms
[53.303s][info][gc,phases   ] GC(184) Concurrent Prepare Relocation Set 2.423ms
[53.306s][info][gc,phases   ] GC(184) Pause Relocate Start 2.582ms
[53.306s][info][gc          ] Allocation Stall (Executor task launch worker for task 0.0 in stage 12.0 (TID 12)) 264.028ms
[53.307s][info][gc          ] Allocation Stall (Spark Context Cleaner) 240.197ms
[53.307s][info][gc          ] Allocation Stall (Executor task launch worker for task 0.0 in stage 12.0 (TID 12)) 0.723ms
[53.309s][info][gc          ] Allocation Stall (Executor task launch worker for task 0.0 in stage 12.0 (TID 12)) 0.391ms
[53.310s][info][gc          ] Allocation Stall (Executor task launch worker for task 0.0 in stage 12.0 (TID 12)) 0.419ms
[53.311s][info][gc          ] Allocation Stall (Executor task launch worker for task 0.0 in stage 12.0 (TID 12)) 0.436ms
[53.312s][info][gc          ] Allocation Stall (Executor task launch worker for task 0.0 in stage 12.0 (TID 12)) 0.391ms
[53.319s][info][gc          ] Allocation Stall (Executor task launch worker for task 0.0 in stage 12.0 (TID 12)) 5.737ms
[53.363s][info][gc,heap     ] Page Cache Flushed: 10M requested, 10M(36M->26M) flushed
[53.436s][info][gc,phases   ] GC(184) Concurrent Relocate 130.666ms
[53.436s][info][gc,load     ] GC(184) Load: 2.01/1.10/0.49
[53.436s][info][gc,mmu      ] GC(184) MMU: 2ms/0.0%, 5ms/0.0%, 10ms/0.0%, 20ms/0.0%, 50ms/59.1%, 100ms/77.1%
[53.436s][info][gc,marking  ] GC(184) Mark: 1 stripe(s), 2 proactive flush(es), 1 terminate flush(es), 0 completion(s), 0 continuation(s) 
[53.436s][info][gc,reloc    ] GC(184) Relocation: Successful, 30M relocated
[53.436s][info][gc,nmethod  ] GC(184) NMethods: 3060 registered, 0 unregistered
[53.436s][info][gc,metaspace] GC(184) Metaspace: 70M used, 74M capacity, 74M committed, 76M reserved
[53.436s][info][gc,ref      ] GC(184) Soft: 2540 encountered, 0 discovered, 0 enqueued
[53.436s][info][gc,ref      ] GC(184) Weak: 4538 encountered, 3555 discovered, 0 enqueued
[53.436s][info][gc,ref      ] GC(184) Final: 27 encountered, 0 discovered, 0 enqueued
[53.436s][info][gc,ref      ] GC(184) Phantom: 652 encountered, 648 discovered, 0 enqueued
[53.436s][info][gc,heap     ] GC(184)                Mark Start          Mark End        Relocate Start      Relocate End           High               Low         
[53.437s][info][gc,heap     ] GC(184)  Capacity:      500M (100%)        500M (100%)        500M (100%)        500M (100%)        500M (100%)        500M (100%)   
[53.437s][info][gc,heap     ] GC(184)   Reserve:       34M (7%)           34M (7%)           34M (7%)           34M (7%)           34M (7%)           32M (6%)     
[53.437s][info][gc,heap     ] GC(184)      Free:       28M (6%)            0M (0%)            0M (0%)          184M (37%)         190M (38%)           0M (0%)     
[53.437s][info][gc,heap     ] GC(184)      Used:      438M (88%)         466M (93%)         466M (93%)         282M (56%)         468M (94%)         276M (55%)    
[53.437s][info][gc,heap     ] GC(184)      Live:         -                88M (18%)          88M (18%)          88M (18%)            -                  -          
[53.437s][info][gc,heap     ] GC(184) Allocated:         -                28M (6%)           28M (6%)          190M (38%)            -                  -          
[53.437s][info][gc,heap     ] GC(184)   Garbage:         -               349M (70%)         349M (70%)          33M (7%)             -                  -          
[53.437s][info][gc,heap     ] GC(184) Reclaimed:         -                  -                 0M (0%)          316M (63%)            -                  -          
[53.437s][info][gc          ] GC(184) Garbage Collection (Allocation Rate) 438M(88%)->282M(56%)
[53.511s][info][gc,start    ] GC(185) Garbage Collection (Allocation Stall)
[53.512s][info][gc,ref      ] GC(185) Clearing All Soft References
[53.515s][info][gc,phases   ] GC(185) Pause Mark Start 3.286ms
[53.667s][info][gc,phases   ] GC(185) Concurrent Mark 151.574ms
[53.667s][info][gc,phases   ] GC(185) Pause Mark End 0.390ms
[53.669s][info][gc,phases   ] GC(185) Concurrent Process Non-Strong References 1.533ms
[53.669s][info][gc,phases   ] GC(185) Concurrent Reset Relocation Set 0.311ms
[53.669s][info][gc,phases   ] GC(185) Concurrent Destroy Detached Pages 0.008ms
[53.671s][info][gc,heap     ] GC(185) Page Cache Flushed: 2M requested, 6M(6M->0M) flushed
[53.671s][info][gc          ] Allocation Stall (Executor task launch worker for task 0.0 in stage 12.0 (TID 12)) 159.827ms
[53.672s][info][gc          ] Allocation Stall (Spark Context Cleaner) 62.875ms
[53.672s][info][gc          ] Allocation Stall (RemoteBlock-temp-file-clean-thread) 47.284ms
[53.672s][info][gc          ] Allocation Stall (Executor task launch worker for task 0.0 in stage 12.0 (TID 12)) 0.081ms
[53.674s][info][gc,phases   ] GC(185) Concurrent Select Relocation Set 5.134ms
[53.677s][info][gc,phases   ] GC(185) Concurrent Prepare Relocation Set 2.362ms
[53.680s][info][gc,phases   ] GC(185) Pause Relocate Start 2.743ms
[53.680s][info][gc          ] Allocation Stall (Executor task launch worker for task 0.0 in stage 12.0 (TID 12)) 6.175ms
[53.682s][info][gc          ] Allocation Stall (Executor task launch worker for task 0.0 in stage 12.0 (TID 12)) 0.412ms
[53.683s][info][gc          ] Allocation Stall (Executor task launch worker for task 0.0 in stage 12.0 (TID 12)) 0.424ms
[53.684s][info][gc          ] Allocation Stall (Executor task launch worker for task 0.0 in stage 12.0 (TID 12)) 0.451ms
[53.685s][info][gc          ] Allocation Stall (Executor task launch worker for task 0.0 in stage 12.0 (TID 12)) 0.392ms
[53.686s][info][gc          ] Allocation Stall (Executor task launch worker for task 0.0 in stage 12.0 (TID 12)) 0.392ms
[53.687s][info][gc          ] Allocation Stall (Executor task launch worker for task 0.0 in stage 12.0 (TID 12)) 0.400ms
[53.690s][info][gc          ] Allocation Stall (Executor task launch worker for task 0.0 in stage 12.0 (TID 12)) 2.562ms
[53.699s][info][gc          ] Allocation Stall (Executor task launch worker for task 0.0 in stage 12.0 (TID 12)) 4.663ms
[53.711s][info][gc          ] Allocation Stall (Executor task launch worker for task 0.0 in stage 12.0 (TID 12)) 4.151ms
[53.832s][info][gc,phases   ] GC(185) Concurrent Relocate 151.804ms
[53.832s][info][gc,load     ] GC(185) Load: 2.01/1.10/0.49
[53.832s][info][gc,mmu      ] GC(185) MMU: 2ms/0.0%, 5ms/0.0%, 10ms/0.0%, 20ms/0.0%, 50ms/59.1%, 100ms/77.1%
[53.832s][info][gc,marking  ] GC(185) Mark: 1 stripe(s), 2 proactive flush(es), 1 terminate flush(es), 0 completion(s), 0 continuation(s) 
[53.832s][info][gc,reloc    ] GC(185) Relocation: Successful, 31M relocated
[53.832s][info][gc,nmethod  ] GC(185) NMethods: 3060 registered, 0 unregistered
[53.832s][info][gc,metaspace] GC(185) Metaspace: 70M used, 74M capacity, 74M committed, 76M reserved
[53.832s][info][gc,ref      ] GC(185) Soft: 2540 encountered, 937 discovered, 388 enqueued
[53.832s][info][gc,ref      ] GC(185) Weak: 4538 encountered, 3718 discovered, 0 enqueued
[53.832s][info][gc,ref      ] GC(185) Final: 27 encountered, 0 discovered, 0 enqueued
[53.832s][info][gc,ref      ] GC(185) Phantom: 652 encountered, 648 discovered, 0 enqueued
[53.832s][info][gc,heap     ] GC(185)                Mark Start          Mark End        Relocate Start      Relocate End           High               Low         
[53.832s][info][gc,heap     ] GC(185)  Capacity:      500M (100%)        500M (100%)        500M (100%)        500M (100%)        500M (100%)        500M (100%)   
[53.832s][info][gc,heap     ] GC(185)   Reserve:       34M (7%)           34M (7%)           34M (7%)           34M (7%)           34M (7%)           32M (6%)     
[53.832s][info][gc,heap     ] GC(185)      Free:        0M (0%)            0M (0%)            0M (0%)           96M (19%)         116M (23%)           0M (0%)     
[53.832s][info][gc,heap     ] GC(185)      Used:      466M (93%)         466M (93%)         466M (93%)         370M (74%)         468M (94%)         350M (70%)    
[53.832s][info][gc,heap     ] GC(185)      Live:         -               115M (23%)         115M (23%)         115M (23%)            -                  -          
[53.832s][info][gc,heap     ] GC(185) Allocated:         -                 0M (0%)           10M (2%)          252M (50%)            -                  -          
[53.832s][info][gc,heap     ] GC(185)   Garbage:         -               350M (70%)         344M (69%)          32M (6%)             -                  -          
[53.832s][info][gc,heap     ] GC(185) Reclaimed:         -                  -                 6M (1%)          318M (64%)            -                  -          
[53.832s][info][gc          ] GC(185) Garbage Collection (Allocation Stall) 466M(93%)->370M(74%)
[53.913s][info][gc,start    ] GC(186) Garbage Collection (Allocation Rate)
[53.920s][info][gc,phases   ] GC(186) Pause Mark Start 3.388ms
[53.989s][info][gc,phases   ] GC(186) Concurrent Mark 68.933ms
[53.989s][info][gc,phases   ] GC(186) Pause Mark End 0.388ms
[53.996s][info][gc,phases   ] GC(186) Concurrent Process Non-Strong References 6.537ms
[53.996s][info][gc,phases   ] GC(186) Concurrent Reset Relocation Set 0.337ms
[53.996s][info][gc,phases   ] GC(186) Concurrent Destroy Detached Pages 0.003ms
[53.998s][info][gc,phases   ] GC(186) Concurrent Select Relocation Set 1.515ms
[53.998s][info][gc,phases   ] GC(186) Concurrent Prepare Relocation Set 0.019ms
[54.000s][info][gc,phases   ] GC(186) Pause Relocate Start 2.532ms
[54.000s][info][gc          ] Allocation Stall (Spark Context Cleaner) 26.827ms
[54.001s][info][gc          ] Allocation Stall (main) 56.312ms
[54.009s][info][gc,phases   ] GC(186) Concurrent Relocate 8.771ms
[54.009s][info][gc,load     ] GC(186) Load: 2.01/1.10/0.49
[54.009s][info][gc,mmu      ] GC(186) MMU: 2ms/0.0%, 5ms/0.0%, 10ms/0.0%, 20ms/0.0%, 50ms/59.1%, 100ms/77.1%
[54.009s][info][gc,marking  ] GC(186) Mark: 1 stripe(s), 2 proactive flush(es), 1 terminate flush(es), 0 completion(s), 0 continuation(s) 
[54.009s][info][gc,reloc    ] GC(186) Relocation: Successful, 6M relocated
[54.009s][info][gc,nmethod  ] GC(186) NMethods: 3077 registered, 0 unregistered
[54.009s][info][gc,metaspace] GC(186) Metaspace: 70M used, 74M capacity, 75M committed, 76M reserved
[54.009s][info][gc,ref      ] GC(186) Soft: 2268 encountered, 0 discovered, 0 enqueued
[54.009s][info][gc,ref      ] GC(186) Weak: 4543 encountered, 3607 discovered, 58 enqueued
[54.009s][info][gc,ref      ] GC(186) Final: 27 encountered, 0 discovered, 0 enqueued
[54.009s][info][gc,ref      ] GC(186) Phantom: 651 encountered, 642 discovered, 0 enqueued
[54.009s][info][gc,heap     ] GC(186)                Mark Start          Mark End        Relocate Start      Relocate End           High               Low         
[54.009s][info][gc,heap     ] GC(186)  Capacity:      500M (100%)        500M (100%)        500M (100%)        500M (100%)        500M (100%)        500M (100%)   
[54.009s][info][gc,heap     ] GC(186)   Reserve:       34M (7%)           34M (7%)           34M (7%)           34M (7%)           34M (7%)           34M (7%)     
[54.009s][info][gc,heap     ] GC(186)      Free:        2M (0%)            0M (0%)          382M (76%)         398M (80%)         398M (80%)           0M (0%)     
[54.009s][info][gc,heap     ] GC(186)      Used:      464M (93%)         466M (93%)          84M (17%)          68M (14%)         466M (93%)          68M (14%)    
[54.009s][info][gc,heap     ] GC(186)      Live:         -                30M (6%)           30M (6%)           30M (6%)             -                  -          
[54.009s][info][gc,heap     ] GC(186) Allocated:         -                 2M (0%)            6M (1%)           10M (2%)             -                  -          
[54.009s][info][gc,heap     ] GC(186)   Garbage:         -               433M (87%)          47M (10%)          31M (6%)             -                  -          
[54.009s][info][gc,heap     ] GC(186) Reclaimed:         -                  -               386M (77%)         402M (80%)            -                  -          
[54.009s][info][gc          ] GC(186) Garbage Collection (Allocation Rate) 464M(93%)->68M(14%)
[54.013s][info][gc,start    ] GC(187) Garbage Collection (Allocation Rate)
[54.021s][info][gc,phases   ] GC(187) Pause Mark Start 3.036ms
[54.036s][info][gc,heap     ] Page Cache Flushed: 32M requested, 32M(398M->366M) flushed
[54.155s][info][gc,phases   ] GC(187) Concurrent Mark 134.469ms
[54.161s][info][gc,phases   ] GC(187) Pause Mark End 0.486ms
[54.162s][info][gc,heap     ] Page Cache Flushed: 6M requested, 6M(356M->350M) flushed
[54.165s][info][gc,phases   ] GC(187) Concurrent Process Non-Strong References 3.997ms
[54.165s][info][gc,phases   ] GC(187) Concurrent Reset Relocation Set 0.004ms
[54.165s][info][gc,phases   ] GC(187) Concurrent Destroy Detached Pages 0.016ms
[54.167s][info][gc,phases   ] GC(187) Concurrent Select Relocation Set 1.588ms
[54.167s][info][gc,phases   ] GC(187) Concurrent Prepare Relocation Set 0.014ms
[54.170s][info][gc,phases   ] GC(187) Pause Relocate Start 2.718ms
[54.179s][info][gc,phases   ] GC(187) Concurrent Relocate 9.263ms
[54.179s][info][gc,load     ] GC(187) Load: 2.01/1.10/0.49
[54.179s][info][gc,mmu      ] GC(187) MMU: 2ms/0.0%, 5ms/0.0%, 10ms/0.0%, 20ms/0.0%, 50ms/59.1%, 100ms/77.1%
[54.179s][info][gc,marking  ] GC(187) Mark: 1 stripe(s), 10 proactive flush(es), 3 terminate flush(es), 0 completion(s), 0 continuation(s) 
[54.179s][info][gc,reloc    ] GC(187) Relocation: Successful, 6M relocated
[54.179s][info][gc,nmethod  ] GC(187) NMethods: 3098 registered, 0 unregistered
[54.179s][info][gc,metaspace] GC(187) Metaspace: 70M used, 75M capacity, 75M committed, 76M reserved
[54.179s][info][gc,ref      ] GC(187) Soft: 2292 encountered, 0 discovered, 0 enqueued
[54.179s][info][gc,ref      ] GC(187) Weak: 4491 encountered, 3559 discovered, 2 enqueued
[54.179s][info][gc,ref      ] GC(187) Final: 27 encountered, 0 discovered, 0 enqueued
[54.179s][info][gc,ref      ] GC(187) Phantom: 651 encountered, 647 discovered, 0 enqueued
[54.179s][info][gc,heap     ] GC(187)                Mark Start          Mark End        Relocate Start      Relocate End           High               Low         
[54.179s][info][gc,heap     ] GC(187)  Capacity:      500M (100%)        500M (100%)        500M (100%)        500M (100%)        500M (100%)        500M (100%)   
[54.179s][info][gc,heap     ] GC(187)   Reserve:       34M (7%)           34M (7%)           34M (7%)           34M (7%)           34M (7%)           34M (7%)     
[54.179s][info][gc,heap     ] GC(187)      Free:      398M (80%)         354M (71%)         348M (70%)         354M (71%)         398M (80%)         346M (69%)    
[54.179s][info][gc,heap     ] GC(187)      Used:       68M (14%)         112M (22%)         118M (24%)         112M (22%)         120M (24%)          68M (14%)    
[54.179s][info][gc,heap     ] GC(187)      Live:         -                30M (6%)           30M (6%)           30M (6%)             -                  -          
[54.179s][info][gc,heap     ] GC(187) Allocated:         -                44M (9%)           50M (10%)          52M (10%)            -                  -          
[54.179s][info][gc,heap     ] GC(187)   Garbage:         -                37M (8%)           37M (8%)           31M (6%)             -                  -          
[54.179s][info][gc,heap     ] GC(187) Reclaimed:         -                  -                 0M (0%)            6M (1%)             -                  -          
[54.179s][info][gc          ] GC(187) Garbage Collection (Allocation Rate) 68M(14%)->112M(22%)
[54.222s][info][gc,start    ] GC(188) Garbage Collection (Allocation Rate)
[54.229s][info][gc,phases   ] GC(188) Pause Mark Start 3.162ms
[54.314s][info][gc,heap     ] Page Cache Flushed: 32M requested, 32M(308M->276M) flushed
[54.357s][info][gc,phases   ] GC(188) Concurrent Mark 127.479ms
[54.362s][info][gc,phases   ] GC(188) Pause Mark End 0.393ms
[54.367s][info][gc,phases   ] GC(188) Concurrent Process Non-Strong References 5.126ms
[54.367s][info][gc,phases   ] GC(188) Concurrent Reset Relocation Set 0.002ms
[54.367s][info][gc,phases   ] GC(188) Concurrent Destroy Detached Pages 0.014ms
[54.369s][info][gc,phases   ] GC(188) Concurrent Select Relocation Set 1.498ms
[54.369s][info][gc,phases   ] GC(188) Concurrent Prepare Relocation Set 0.025ms
[54.377s][info][gc,phases   ] GC(188) Pause Relocate Start 2.614ms
[54.385s][info][gc,phases   ] GC(188) Concurrent Relocate 7.252ms
[54.385s][info][gc,load     ] GC(188) Load: 2.01/1.10/0.49
[54.385s][info][gc,mmu      ] GC(188) MMU: 2ms/0.0%, 5ms/0.0%, 10ms/0.0%, 20ms/0.0%, 50ms/59.1%, 100ms/77.1%
[54.385s][info][gc,marking  ] GC(188) Mark: 1 stripe(s), 2 proactive flush(es), 1 terminate flush(es), 0 completion(s), 0 continuation(s) 
[54.385s][info][gc,reloc    ] GC(188) Relocation: Successful, 7M relocated
[54.385s][info][gc,nmethod  ] GC(188) NMethods: 3113 registered, 0 unregistered
[54.385s][info][gc,metaspace] GC(188) Metaspace: 70M used, 75M capacity, 75M committed, 76M reserved
[54.385s][info][gc,ref      ] GC(188) Soft: 2532 encountered, 0 discovered, 0 enqueued
[54.385s][info][gc,ref      ] GC(188) Weak: 4560 encountered, 3571 discovered, 18 enqueued
[54.385s][info][gc,ref      ] GC(188) Final: 27 encountered, 0 discovered, 0 enqueued
[54.385s][info][gc,ref      ] GC(188) Phantom: 652 encountered, 648 discovered, 0 enqueued
[54.385s][info][gc,heap     ] GC(188)                Mark Start          Mark End        Relocate Start      Relocate End           High               Low         
[54.385s][info][gc,heap     ] GC(188)  Capacity:      500M (100%)        500M (100%)        500M (100%)        500M (100%)        500M (100%)        500M (100%)   
[54.385s][info][gc,heap     ] GC(188)   Reserve:       34M (7%)           34M (7%)           34M (7%)           34M (7%)           34M (7%)           34M (7%)     
[54.385s][info][gc,heap     ] GC(188)      Free:      346M (69%)         232M (46%)         260M (52%)         262M (52%)         346M (69%)         222M (44%)    
[54.385s][info][gc,heap     ] GC(188)      Used:      120M (24%)         234M (47%)         206M (41%)         204M (41%)         244M (49%)         120M (24%)    
[54.385s][info][gc,heap     ] GC(188)      Live:         -                31M (6%)           31M (6%)           31M (6%)             -                  -          
[54.385s][info][gc,heap     ] GC(188) Allocated:         -               114M (23%)         124M (25%)         142M (28%)            -                  -          
[54.385s][info][gc,heap     ] GC(188)   Garbage:         -                88M (18%)          50M (10%)          32M (7%)             -                  -          
[54.385s][info][gc,heap     ] GC(188) Reclaimed:         -                  -                38M (8%)           56M (11%)            -                  -          
[54.385s][info][gc          ] GC(188) Garbage Collection (Allocation Rate) 120M(24%)->204M(41%)
[54.413s][info][gc,start    ] GC(189) Garbage Collection (Allocation Rate)
[54.422s][info][gc,phases   ] GC(189) Pause Mark Start 3.052ms
[54.582s][info][gc,phases   ] GC(189) Concurrent Mark 160.234ms
[54.589s][info][gc,phases   ] GC(189) Pause Mark End 1.219ms
[54.598s][info][gc,phases   ] GC(189) Concurrent Process Non-Strong References 8.686ms
[54.598s][info][gc,phases   ] GC(189) Concurrent Reset Relocation Set 0.007ms
[54.598s][info][gc,phases   ] GC(189) Concurrent Destroy Detached Pages 0.001ms
[54.601s][info][gc,phases   ] GC(189) Concurrent Select Relocation Set 3.338ms
[54.602s][info][gc,phases   ] GC(189) Concurrent Prepare Relocation Set 0.573ms
[54.612s][info][gc,phases   ] GC(189) Pause Relocate Start 2.578ms
[54.684s][info][gc,phases   ] GC(189) Concurrent Relocate 72.638ms
[54.684s][info][gc,load     ] GC(189) Load: 2.01/1.10/0.49
[54.684s][info][gc,mmu      ] GC(189) MMU: 2ms/0.0%, 5ms/0.0%, 10ms/0.0%, 20ms/0.0%, 50ms/59.1%, 100ms/77.1%
[54.684s][info][gc,marking  ] GC(189) Mark: 1 stripe(s), 2 proactive flush(es), 1 terminate flush(es), 0 completion(s), 0 continuation(s) 
[54.684s][info][gc,reloc    ] GC(189) Relocation: Successful, 16M relocated
[54.684s][info][gc,nmethod  ] GC(189) NMethods: 3113 registered, 0 unregistered
[54.684s][info][gc,metaspace] GC(189) Metaspace: 70M used, 75M capacity, 75M committed, 76M reserved
[54.684s][info][gc,ref      ] GC(189) Soft: 2532 encountered, 0 discovered, 0 enqueued
[54.684s][info][gc,ref      ] GC(189) Weak: 4542 encountered, 3554 discovered, 0 enqueued
[54.684s][info][gc,ref      ] GC(189) Final: 27 encountered, 0 discovered, 0 enqueued
[54.684s][info][gc,ref      ] GC(189) Phantom: 652 encountered, 648 discovered, 0 enqueued
[54.684s][info][gc,heap     ] GC(189)                Mark Start          Mark End        Relocate Start      Relocate End           High               Low         
[54.684s][info][gc,heap     ] GC(189)  Capacity:      500M (100%)        500M (100%)        500M (100%)        500M (100%)        500M (100%)        500M (100%)   
[54.684s][info][gc,heap     ] GC(189)   Reserve:       34M (7%)           34M (7%)           34M (7%)           34M (7%)           34M (7%)           34M (7%)     
[54.684s][info][gc,heap     ] GC(189)      Free:      230M (46%)          46M (9%)           42M (8%)          166M (33%)         230M (46%)          32M (6%)     
[54.684s][info][gc,heap     ] GC(189)      Used:      236M (47%)         420M (84%)         424M (85%)         300M (60%)         434M (87%)         236M (47%)    
[54.684s][info][gc,heap     ] GC(189)      Live:         -                40M (8%)           40M (8%)           40M (8%)             -                  -          
[54.684s][info][gc,heap     ] GC(189) Allocated:         -               184M (37%)         188M (38%)         268M (54%)            -                  -          
[54.684s][info][gc,heap     ] GC(189)   Garbage:         -               195M (39%)         195M (39%)           1M (0%)             -                  -          
[54.684s][info][gc,heap     ] GC(189) Reclaimed:         -                  -                 0M (0%)          194M (39%)            -                  -          
[54.684s][info][gc          ] GC(189) Garbage Collection (Allocation Rate) 236M(47%)->300M(60%)
[54.713s][info][gc,start    ] GC(190) Garbage Collection (Allocation Rate)
[54.720s][info][gc,phases   ] GC(190) Pause Mark Start 3.074ms
[54.799s][info][gc,heap     ] Page Cache Flushed: 2M requested, 32M(64M->32M) flushed
[54.852s][info][gc,heap     ] Page Cache Flushed: 2M requested, 32M(32M->0M) flushed
[54.947s][info][gc,phases   ] GC(190) Concurrent Mark 227.383ms
[54.948s][info][gc,phases   ] GC(190) Pause Mark End 0.384ms
[54.949s][info][gc,phases   ] GC(190) Concurrent Process Non-Strong References 1.586ms
[54.949s][info][gc,phases   ] GC(190) Concurrent Reset Relocation Set 0.021ms
[54.949s][info][gc,phases   ] GC(190) Concurrent Destroy Detached Pages 0.004ms
[54.951s][info][gc,phases   ] GC(190) Concurrent Select Relocation Set 1.604ms
[54.952s][info][gc,phases   ] GC(190) Concurrent Prepare Relocation Set 1.421ms
[54.956s][info][gc,phases   ] GC(190) Pause Relocate Start 3.148ms
[54.963s][info][gc          ] Allocation Stall (Executor task launch worker for task 0.0 in stage 13.0 (TID 13)) 54.906ms
[54.964s][info][gc          ] Allocation Stall (Executor task launch worker for task 0.0 in stage 13.0 (TID 13)) 0.265ms
[54.965s][info][gc          ] Allocation Stall (Executor task launch worker for task 0.0 in stage 13.0 (TID 13)) 0.330ms
[54.966s][info][gc          ] Allocation Stall (Executor task launch worker for task 0.0 in stage 13.0 (TID 13)) 0.358ms
[54.967s][info][gc          ] Allocation Stall (Executor task launch worker for task 0.0 in stage 13.0 (TID 13)) 0.376ms
[54.970s][info][gc          ] Allocation Stall (Executor task launch worker for task 0.0 in stage 13.0 (TID 13)) 2.373ms
[55.124s][info][gc,phases   ] GC(190) Concurrent Relocate 168.392ms
[55.125s][info][gc,load     ] GC(190) Load: 2.01/1.10/0.49
[55.125s][info][gc,mmu      ] GC(190) MMU: 2ms/0.0%, 5ms/0.0%, 10ms/0.0%, 20ms/0.0%, 50ms/59.1%, 100ms/77.1%
[55.125s][info][gc,marking  ] GC(190) Mark: 1 stripe(s), 2 proactive flush(es), 1 terminate flush(es), 0 completion(s), 0 continuation(s) 
[55.125s][info][gc,reloc    ] GC(190) Relocation: Successful, 28M relocated
[55.125s][info][gc,nmethod  ] GC(190) NMethods: 3114 registered, 0 unregistered
[55.125s][info][gc,metaspace] GC(190) Metaspace: 70M used, 75M capacity, 75M committed, 76M reserved
[55.125s][info][gc,ref      ] GC(190) Soft: 2532 encountered, 0 discovered, 0 enqueued
[55.125s][info][gc,ref      ] GC(190) Weak: 4542 encountered, 3554 discovered, 0 enqueued
[55.125s][info][gc,ref      ] GC(190) Final: 27 encountered, 0 discovered, 0 enqueued
[55.125s][info][gc,ref      ] GC(190) Phantom: 652 encountered, 648 discovered, 0 enqueued
[55.125s][info][gc,heap     ] GC(190)                Mark Start          Mark End        Relocate Start      Relocate End           High               Low         
[55.125s][info][gc,heap     ] GC(190)  Capacity:      500M (100%)        500M (100%)        500M (100%)        500M (100%)        500M (100%)        500M (100%)   
[55.125s][info][gc,heap     ] GC(190)   Reserve:       34M (7%)           34M (7%)           34M (7%)           34M (7%)           34M (7%)           32M (6%)     
[55.125s][info][gc,heap     ] GC(190)      Free:      124M (25%)           0M (0%)            0M (0%)           82M (16%)         124M (25%)           0M (0%)     
[55.125s][info][gc,heap     ] GC(190)      Used:      342M (68%)         466M (93%)         466M (93%)         384M (77%)         468M (94%)         342M (68%)    
[55.125s][info][gc,heap     ] GC(190)      Live:         -                60M (12%)          60M (12%)          60M (12%)            -                  -          
[55.125s][info][gc,heap     ] GC(190) Allocated:         -               124M (25%)         124M (25%)         314M (63%)            -                  -          
[55.125s][info][gc,heap     ] GC(190)   Garbage:         -               281M (56%)         281M (56%)          31M (6%)             -                  -          
[55.125s][info][gc,heap     ] GC(190) Reclaimed:         -                  -                 0M (0%)          250M (50%)            -                  -          
[55.125s][info][gc          ] GC(190) Garbage Collection (Allocation Rate) 342M(68%)->384M(77%)
[55.164s][info][gc,start    ] GC(191) Garbage Collection (Allocation Stall)
[55.164s][info][gc,ref      ] GC(191) Clearing All Soft References
[55.171s][info][gc,phases   ] GC(191) Pause Mark Start 7.179ms
[55.309s][info][gc,phases   ] GC(191) Concurrent Mark 138.136ms
[55.310s][info][gc,phases   ] GC(191) Pause Mark End 0.375ms
[55.312s][info][gc,phases   ] GC(191) Concurrent Process Non-Strong References 1.763ms
[55.312s][info][gc,phases   ] GC(191) Concurrent Reset Relocation Set 0.225ms
[55.312s][info][gc,phases   ] GC(191) Concurrent Destroy Detached Pages 0.000ms
[55.314s][info][gc,phases   ] GC(191) Concurrent Select Relocation Set 1.621ms
[55.317s][info][gc,phases   ] GC(191) Concurrent Prepare Relocation Set 3.537ms
[55.320s][info][gc,phases   ] GC(191) Pause Relocate Start 2.739ms
[55.321s][info][gc          ] Allocation Stall (Executor task launch worker for task 0.0 in stage 13.0 (TID 13)) 157.087ms
[55.322s][info][gc          ] Allocation Stall (Spark Context Cleaner) 70.847ms
[55.322s][info][gc          ] Allocation Stall (Executor task launch worker for task 0.0 in stage 13.0 (TID 13)) 0.672ms
[55.324s][info][gc          ] Allocation Stall (Executor task launch worker for task 0.0 in stage 13.0 (TID 13)) 0.359ms
[55.325s][info][gc          ] Allocation Stall (Executor task launch worker for task 0.0 in stage 13.0 (TID 13)) 0.365ms
[55.326s][info][gc          ] Allocation Stall (Executor task launch worker for task 0.0 in stage 13.0 (TID 13)) 0.357ms
[55.329s][info][gc          ] Allocation Stall (Executor task launch worker for task 0.0 in stage 13.0 (TID 13)) 2.270ms
[55.339s][info][gc          ] Allocation Stall (Executor task launch worker for task 0.0 in stage 13.0 (TID 13)) 6.165ms
[55.371s][info][gc,heap     ] Page Cache Flushed: 10M requested, 10M(24M->14M) flushed
[55.460s][info][gc,phases   ] GC(191) Concurrent Relocate 140.201ms
[55.461s][info][gc,load     ] GC(191) Load: 2.01/1.10/0.49
[55.461s][info][gc,mmu      ] GC(191) MMU: 2ms/0.0%, 5ms/0.0%, 10ms/0.0%, 20ms/0.0%, 50ms/59.1%, 100ms/77.1%
[55.461s][info][gc,marking  ] GC(191) Mark: 1 stripe(s), 2 proactive flush(es), 1 terminate flush(es), 0 completion(s), 0 continuation(s) 
[55.461s][info][gc,reloc    ] GC(191) Relocation: Incomplete
[55.461s][info][gc,nmethod  ] GC(191) NMethods: 3124 registered, 0 unregistered
[55.461s][info][gc,metaspace] GC(191) Metaspace: 70M used, 75M capacity, 75M committed, 76M reserved
[55.461s][info][gc,ref      ] GC(191) Soft: 2532 encountered, 929 discovered, 380 enqueued
[55.461s][info][gc,ref      ] GC(191) Weak: 4542 encountered, 3722 discovered, 0 enqueued
[55.461s][info][gc,ref      ] GC(191) Final: 27 encountered, 0 discovered, 0 enqueued
[55.461s][info][gc,ref      ] GC(191) Phantom: 652 encountered, 648 discovered, 0 enqueued
[55.461s][info][gc,heap     ] GC(191)                Mark Start          Mark End        Relocate Start      Relocate End           High               Low         
[55.461s][info][gc,heap     ] GC(191)  Capacity:      500M (100%)        500M (100%)        500M (100%)        500M (100%)        500M (100%)        500M (100%)   
[55.461s][info][gc,heap     ] GC(191)   Reserve:       34M (7%)           34M (7%)           34M (7%)           34M (7%)           34M (7%)           32M (6%)     
[55.461s][info][gc,heap     ] GC(191)      Free:        0M (0%)            0M (0%)            0M (0%)          202M (40%)         206M (41%)           0M (0%)     
[55.461s][info][gc,heap     ] GC(191)      Used:      466M (93%)         466M (93%)         466M (93%)         264M (53%)         468M (94%)         260M (52%)    
[55.461s][info][gc,heap     ] GC(191)      Live:         -                90M (18%)          90M (18%)          90M (18%)            -                  -          
[55.461s][info][gc,heap     ] GC(191) Allocated:         -                 0M (0%)            0M (0%)          170M (34%)            -                  -          
[55.461s][info][gc,heap     ] GC(191)   Garbage:         -               375M (75%)         375M (75%)          33M (7%)             -                  -          
[55.461s][info][gc,heap     ] GC(191) Reclaimed:         -                  -                 0M (0%)          342M (68%)            -                  -          
[55.461s][info][gc          ] GC(191) Garbage Collection (Allocation Stall) 466M(93%)->264M(53%)
[55.514s][info][gc,start    ] GC(192) Garbage Collection (Allocation Rate)
[55.519s][info][gc,phases   ] GC(192) Pause Mark Start 3.058ms
[55.672s][info][gc,phases   ] GC(192) Concurrent Mark 152.478ms
[55.673s][info][gc,phases   ] GC(192) Pause Mark End 0.375ms
[55.674s][info][gc,phases   ] GC(192) Concurrent Process Non-Strong References 1.505ms
[55.674s][info][gc,phases   ] GC(192) Concurrent Reset Relocation Set 0.303ms
[55.674s][info][gc,phases   ] GC(192) Concurrent Destroy Detached Pages 0.008ms
[55.676s][info][gc,heap     ] GC(192) Page Cache Flushed: 2M requested, 6M(6M->0M) flushed
[55.676s][info][gc          ] Allocation Stall (Executor task launch worker for task 0.0 in stage 13.0 (TID 13)) 123.291ms
[55.678s][info][gc          ] Allocation Stall (RemoteBlock-temp-file-clean-thread) 5.078ms
[55.678s][info][gc,phases   ] GC(192) Concurrent Select Relocation Set 3.615ms
[55.680s][info][gc,phases   ] GC(192) Concurrent Prepare Relocation Set 2.040ms
[55.683s][info][gc,phases   ] GC(192) Pause Relocate Start 2.679ms
[55.684s][info][gc          ] Allocation Stall (Executor task launch worker for task 0.0 in stage 13.0 (TID 13)) 5.590ms
[55.686s][info][gc          ] Allocation Stall (Executor task launch worker for task 0.0 in stage 13.0 (TID 13)) 0.348ms
[55.687s][info][gc          ] Allocation Stall (Executor task launch worker for task 0.0 in stage 13.0 (TID 13)) 0.406ms
[55.691s][info][gc          ] Allocation Stall (Executor task launch worker for task 0.0 in stage 13.0 (TID 13)) 3.039ms
[55.804s][info][gc,phases   ] GC(192) Concurrent Relocate 120.941ms
[55.804s][info][gc,load     ] GC(192) Load: 2.01/1.10/0.49
[55.804s][info][gc,mmu      ] GC(192) MMU: 2ms/0.0%, 5ms/0.0%, 10ms/0.0%, 20ms/0.0%, 50ms/59.1%, 100ms/77.1%
[55.804s][info][gc,marking  ] GC(192) Mark: 1 stripe(s), 2 proactive flush(es), 1 terminate flush(es), 0 completion(s), 0 continuation(s) 
[55.804s][info][gc,reloc    ] GC(192) Relocation: Successful, 27M relocated
[55.804s][info][gc,nmethod  ] GC(192) NMethods: 3124 registered, 0 unregistered
[55.804s][info][gc,metaspace] GC(192) Metaspace: 70M used, 75M capacity, 75M committed, 76M reserved
[55.804s][info][gc,ref      ] GC(192) Soft: 2152 encountered, 0 discovered, 0 enqueued
[55.804s][info][gc,ref      ] GC(192) Weak: 4542 encountered, 3572 discovered, 0 enqueued
[55.804s][info][gc,ref      ] GC(192) Final: 27 encountered, 0 discovered, 0 enqueued
[55.804s][info][gc,ref      ] GC(192) Phantom: 652 encountered, 648 discovered, 0 enqueued
[55.804s][info][gc,heap     ] GC(192)                Mark Start          Mark End        Relocate Start      Relocate End           High               Low         
[55.804s][info][gc,heap     ] GC(192)  Capacity:      500M (100%)        500M (100%)        500M (100%)        500M (100%)        500M (100%)        500M (100%)   
[55.804s][info][gc,heap     ] GC(192)   Reserve:       34M (7%)           34M (7%)           34M (7%)           34M (7%)           34M (7%)           32M (6%)     
[55.804s][info][gc,heap     ] GC(192)      Free:       48M (10%)           0M (0%)            0M (0%)           86M (17%)         100M (20%)           0M (0%)     
[55.804s][info][gc,heap     ] GC(192)      Used:      418M (84%)         466M (93%)         466M (93%)         380M (76%)         468M (94%)         366M (73%)    
[55.804s][info][gc,heap     ] GC(192)      Live:         -               114M (23%)         114M (23%)         114M (23%)            -                  -          
[55.804s][info][gc,heap     ] GC(192) Allocated:         -                48M (10%)          54M (11%)         258M (52%)            -                  -          
[55.804s][info][gc,heap     ] GC(192)   Garbage:         -               303M (61%)         297M (60%)          33M (7%)             -                  -          
[55.804s][info][gc,heap     ] GC(192) Reclaimed:         -                  -                 6M (1%)          270M (54%)            -                  -          
[55.804s][info][gc          ] GC(192) Garbage Collection (Allocation Rate) 418M(84%)->380M(76%)
[55.814s][info][gc,start    ] GC(193) Garbage Collection (Allocation Rate)
[55.819s][info][gc,phases   ] GC(193) Pause Mark Start 3.065ms
[55.995s][info][gc,phases   ] GC(193) Concurrent Mark 175.243ms
[55.995s][info][gc,phases   ] GC(193) Pause Mark End 0.378ms
[55.997s][info][gc,phases   ] GC(193) Concurrent Process Non-Strong References 1.481ms
[55.997s][info][gc,phases   ] GC(193) Concurrent Reset Relocation Set 0.261ms
[55.997s][info][gc,phases   ] GC(193) Concurrent Destroy Detached Pages 0.004ms
[55.999s][info][gc,phases   ] GC(193) Concurrent Select Relocation Set 1.576ms
[56.000s][info][gc,phases   ] GC(193) Concurrent Prepare Relocation Set 1.525ms
[56.003s][info][gc,phases   ] GC(193) Pause Relocate Start 2.604ms
[56.004s][info][gc          ] Allocation Stall (Executor task launch worker for task 0.0 in stage 13.0 (TID 13)) 142.483ms
[56.005s][info][gc          ] Allocation Stall (Executor task launch worker for task 0.0 in stage 13.0 (TID 13)) 0.369ms
[56.006s][info][gc          ] Allocation Stall (Executor task launch worker for task 0.0 in stage 13.0 (TID 13)) 0.367ms
[56.007s][info][gc          ] Allocation Stall (Executor task launch worker for task 0.0 in stage 13.0 (TID 13)) 0.378ms
[56.008s][info][gc          ] Allocation Stall (Executor task launch worker for task 0.0 in stage 13.0 (TID 13)) 0.366ms
[56.152s][info][gc,phases   ] GC(193) Concurrent Relocate 149.150ms
[56.152s][info][gc,load     ] GC(193) Load: 2.01/1.10/0.49
[56.153s][info][gc,mmu      ] GC(193) MMU: 2ms/0.0%, 5ms/0.0%, 10ms/0.0%, 20ms/0.0%, 50ms/59.1%, 100ms/77.1%
[56.153s][info][gc,marking  ] GC(193) Mark: 1 stripe(s), 2 proactive flush(es), 1 terminate flush(es), 0 completion(s), 0 continuation(s) 
[56.153s][info][gc,reloc    ] GC(193) Relocation: Successful, 24M relocated
[56.153s][info][gc,nmethod  ] GC(193) NMethods: 3128 registered, 0 unregistered
[56.153s][info][gc,metaspace] GC(193) Metaspace: 70M used, 75M capacity, 75M committed, 76M reserved
[56.153s][info][gc,ref      ] GC(193) Soft: 2152 encountered, 0 discovered, 0 enqueued
[56.153s][info][gc,ref      ] GC(193) Weak: 4542 encountered, 3572 discovered, 0 enqueued
[56.153s][info][gc,ref      ] GC(193) Final: 27 encountered, 0 discovered, 0 enqueued
[56.153s][info][gc,ref      ] GC(193) Phantom: 652 encountered, 648 discovered, 0 enqueued
[56.153s][info][gc,heap     ] GC(193)                Mark Start          Mark End        Relocate Start      Relocate End           High               Low         
[56.153s][info][gc,heap     ] GC(193)  Capacity:      500M (100%)        500M (100%)        500M (100%)        500M (100%)        500M (100%)        500M (100%)   
[56.153s][info][gc,heap     ] GC(193)   Reserve:       34M (7%)           34M (7%)           34M (7%)           34M (7%)           34M (7%)           32M (6%)     
[56.153s][info][gc,heap     ] GC(193)      Free:       58M (12%)           0M (0%)            0M (0%)          182M (36%)         182M (36%)           0M (0%)     
[56.153s][info][gc,heap     ] GC(193)      Used:      408M (82%)         466M (93%)         466M (93%)         284M (57%)         468M (94%)         284M (57%)    
[56.153s][info][gc,heap     ] GC(193)      Live:         -               133M (27%)         133M (27%)         133M (27%)            -                  -          
[56.153s][info][gc,heap     ] GC(193) Allocated:         -                58M (12%)          58M (12%)         136M (27%)            -                  -          
[56.153s][info][gc,heap     ] GC(193)   Garbage:         -               274M (55%)         274M (55%)          34M (7%)             -                  -          
[56.153s][info][gc,heap     ] GC(193) Reclaimed:         -                  -                 0M (0%)          240M (48%)            -                  -          
[56.153s][info][gc          ] GC(193) Garbage Collection (Allocation Rate) 408M(82%)->284M(57%)
[56.213s][info][gc,start    ] GC(194) Garbage Collection (Allocation Rate)
[56.221s][info][gc,phases   ] GC(194) Pause Mark Start 5.042ms
[56.481s][info][gc,phases   ] GC(194) Concurrent Mark 260.354ms
[56.482s][info][gc,phases   ] GC(194) Pause Mark End 0.424ms
[56.483s][info][gc,phases   ] GC(194) Concurrent Process Non-Strong References 1.427ms
[56.484s][info][gc,phases   ] GC(194) Concurrent Reset Relocation Set 0.233ms
[56.484s][info][gc,phases   ] GC(194) Concurrent Destroy Detached Pages 0.000ms
[56.485s][info][gc,phases   ] GC(194) Concurrent Select Relocation Set 1.506ms
[56.486s][info][gc,phases   ] GC(194) Concurrent Prepare Relocation Set 0.352ms
[56.489s][info][gc,phases   ] GC(194) Pause Relocate Start 2.613ms
[56.489s][info][gc          ] Allocation Stall (Executor task launch worker for task 0.0 in stage 13.0 (TID 13)) 56.010ms
[56.519s][info][gc,phases   ] GC(194) Concurrent Relocate 27.815ms
[56.519s][info][gc,load     ] GC(194) Load: 2.01/1.10/0.49
[56.519s][info][gc,mmu      ] GC(194) MMU: 2ms/0.0%, 5ms/0.0%, 10ms/0.0%, 20ms/0.0%, 50ms/59.1%, 100ms/77.1%
[56.519s][info][gc,marking  ] GC(194) Mark: 1 stripe(s), 2 proactive flush(es), 1 terminate flush(es), 0 completion(s), 0 continuation(s) 
[56.519s][info][gc,reloc    ] GC(194) Relocation: Successful, 11M relocated
[56.519s][info][gc,nmethod  ] GC(194) NMethods: 3128 registered, 0 unregistered
[56.519s][info][gc,metaspace] GC(194) Metaspace: 70M used, 75M capacity, 75M committed, 76M reserved
[56.519s][info][gc,ref      ] GC(194) Soft: 2199 encountered, 0 discovered, 0 enqueued
[56.519s][info][gc,ref      ] GC(194) Weak: 4542 encountered, 3570 discovered, 0 enqueued
[56.519s][info][gc,ref      ] GC(194) Final: 27 encountered, 0 discovered, 0 enqueued
[56.519s][info][gc,ref      ] GC(194) Phantom: 652 encountered, 648 discovered, 0 enqueued
[56.519s][info][gc,heap     ] GC(194)                Mark Start          Mark End        Relocate Start      Relocate End           High               Low         
[56.519s][info][gc,heap     ] GC(194)  Capacity:      500M (100%)        500M (100%)        500M (100%)        500M (100%)        500M (100%)        500M (100%)   
[56.519s][info][gc,heap     ] GC(194)   Reserve:       34M (7%)           34M (7%)           34M (7%)           34M (7%)           34M (7%)           34M (7%)     
[56.519s][info][gc,heap     ] GC(194)      Free:      118M (24%)           0M (0%)          102M (20%)         158M (32%)         158M (32%)           0M (0%)     
[56.519s][info][gc,heap     ] GC(194)      Used:      348M (70%)         466M (93%)         364M (73%)         308M (62%)         466M (93%)         308M (62%)    
[56.519s][info][gc,heap     ] GC(194)      Live:         -               138M (28%)         138M (28%)         138M (28%)            -                  -          
[56.519s][info][gc,heap     ] GC(194) Allocated:         -               118M (24%)         120M (24%)         146M (29%)            -                  -          
[56.519s][info][gc,heap     ] GC(194)   Garbage:         -               209M (42%)         105M (21%)          35M (7%)             -                  -          
[56.519s][info][gc,heap     ] GC(194) Reclaimed:         -                  -               104M (21%)         174M (35%)            -                  -          
[56.519s][info][gc          ] GC(194) Garbage Collection (Allocation Rate) 348M(70%)->308M(62%)
[56.613s][info][gc,start    ] GC(195) Garbage Collection (Allocation Rate)
[56.619s][info][gc,phases   ] GC(195) Pause Mark Start 3.071ms
[56.820s][info][gc,phases   ] GC(195) Concurrent Mark 201.416ms
[56.821s][info][gc,phases   ] GC(195) Pause Mark End 0.394ms
[56.822s][info][gc,phases   ] GC(195) Concurrent Process Non-Strong References 1.451ms
[56.822s][info][gc,phases   ] GC(195) Concurrent Reset Relocation Set 0.011ms
[56.822s][info][gc,phases   ] GC(195) Concurrent Destroy Detached Pages 0.000ms
[56.823s][info][gc          ] Allocation Stall (Executor task launch worker for task 0.0 in stage 13.0 (TID 13)) 99.329ms
[56.828s][info][gc,phases   ] GC(195) Concurrent Select Relocation Set 5.448ms
[56.828s][info][gc,phases   ] GC(195) Concurrent Prepare Relocation Set 0.017ms
[56.833s][info][gc,phases   ] GC(195) Pause Relocate Start 2.526ms
[56.840s][info][gc,phases   ] GC(195) Concurrent Relocate 7.176ms
[56.840s][info][gc,load     ] GC(195) Load: 2.00/1.11/0.50
[56.840s][info][gc,mmu      ] GC(195) MMU: 2ms/0.0%, 5ms/0.0%, 10ms/0.0%, 20ms/0.0%, 50ms/59.1%, 100ms/77.1%
[56.840s][info][gc,marking  ] GC(195) Mark: 1 stripe(s), 2 proactive flush(es), 1 terminate flush(es), 0 completion(s), 0 continuation(s) 
[56.840s][info][gc,reloc    ] GC(195) Relocation: Successful, 5M relocated
[56.840s][info][gc,nmethod  ] GC(195) NMethods: 3128 registered, 0 unregistered
[56.840s][info][gc,metaspace] GC(195) Metaspace: 70M used, 75M capacity, 75M committed, 76M reserved
[56.840s][info][gc,ref      ] GC(195) Soft: 2199 encountered, 0 discovered, 0 enqueued
[56.840s][info][gc,ref      ] GC(195) Weak: 4542 encountered, 3571 discovered, 0 enqueued
[56.840s][info][gc,ref      ] GC(195) Final: 27 encountered, 0 discovered, 0 enqueued
[56.840s][info][gc,ref      ] GC(195) Phantom: 652 encountered, 648 discovered, 0 enqueued
[56.840s][info][gc,heap     ] GC(195)                Mark Start          Mark End        Relocate Start      Relocate End           High               Low         
[56.840s][info][gc,heap     ] GC(195)  Capacity:      500M (100%)        500M (100%)        500M (100%)        500M (100%)        500M (100%)        500M (100%)   
[56.840s][info][gc,heap     ] GC(195)   Reserve:       34M (7%)           34M (7%)           34M (7%)           34M (7%)           34M (7%)           34M (7%)     
[56.840s][info][gc,heap     ] GC(195)      Free:       44M (9%)            0M (0%)          236M (47%)         236M (47%)         240M (48%)           0M (0%)     
[56.840s][info][gc,heap     ] GC(195)      Used:      422M (84%)         466M (93%)         230M (46%)         230M (46%)         466M (93%)         226M (45%)    
[56.840s][info][gc,heap     ] GC(195)      Live:         -               138M (28%)         138M (28%)         138M (28%)            -                  -          
[56.840s][info][gc,heap     ] GC(195) Allocated:         -                44M (9%)           50M (10%)          60M (12%)            -                  -          
[56.840s][info][gc,heap     ] GC(195)   Garbage:         -               283M (57%)          41M (8%)           33M (7%)             -                  -          
[56.840s][info][gc,heap     ] GC(195) Reclaimed:         -                  -               242M (48%)         250M (50%)            -                  -          
[56.840s][info][gc          ] GC(195) Garbage Collection (Allocation Rate) 422M(84%)->230M(46%)
[56.913s][info][gc,start    ] GC(196) Garbage Collection (Allocation Rate)
[56.919s][info][gc,phases   ] GC(196) Pause Mark Start 3.068ms
[57.203s][info][gc,phases   ] GC(196) Concurrent Mark 284.178ms
[57.204s][info][gc,phases   ] GC(196) Pause Mark End 0.429ms
[57.206s][info][gc,phases   ] GC(196) Concurrent Process Non-Strong References 1.760ms
[57.206s][info][gc,phases   ] GC(196) Concurrent Reset Relocation Set 0.005ms
[57.206s][info][gc,phases   ] GC(196) Concurrent Destroy Detached Pages 0.001ms
[57.207s][info][gc          ] Allocation Stall (Executor task launch worker for task 0.0 in stage 13.0 (TID 13)) 10.486ms
[57.210s][info][gc,phases   ] GC(196) Concurrent Select Relocation Set 4.109ms
[57.210s][info][gc,phases   ] GC(196) Concurrent Prepare Relocation Set 0.018ms
[57.218s][info][gc,phases   ] GC(196) Pause Relocate Start 6.321ms
[57.223s][info][gc,phases   ] GC(196) Concurrent Relocate 1.056ms
[57.223s][info][gc,load     ] GC(196) Load: 2.00/1.11/0.50
[57.223s][info][gc,mmu      ] GC(196) MMU: 2ms/0.0%, 5ms/0.0%, 10ms/0.0%, 20ms/0.0%, 50ms/59.1%, 100ms/77.1%
[57.223s][info][gc,marking  ] GC(196) Mark: 1 stripe(s), 2 proactive flush(es), 1 terminate flush(es), 0 completion(s), 0 continuation(s) 
[57.223s][info][gc,reloc    ] GC(196) Relocation: Successful, 5M relocated
[57.223s][info][gc,nmethod  ] GC(196) NMethods: 3128 registered, 0 unregistered
[57.223s][info][gc,metaspace] GC(196) Metaspace: 70M used, 75M capacity, 75M committed, 76M reserved
[57.223s][info][gc,ref      ] GC(196) Soft: 2199 encountered, 0 discovered, 0 enqueued
[57.223s][info][gc,ref      ] GC(196) Weak: 4542 encountered, 3571 discovered, 0 enqueued
[57.223s][info][gc,ref      ] GC(196) Final: 27 encountered, 0 discovered, 0 enqueued
[57.223s][info][gc,ref      ] GC(196) Phantom: 652 encountered, 648 discovered, 0 enqueued
[57.223s][info][gc,heap     ] GC(196)                Mark Start          Mark End        Relocate Start      Relocate End           High               Low         
[57.223s][info][gc,heap     ] GC(196)  Capacity:      500M (100%)        500M (100%)        500M (100%)        500M (100%)        500M (100%)        500M (100%)   
[57.223s][info][gc,heap     ] GC(196)   Reserve:       34M (7%)           34M (7%)           34M (7%)           34M (7%)           34M (7%)           34M (7%)     
[57.223s][info][gc,heap     ] GC(196)      Free:      146M (29%)           0M (0%)          138M (28%)         142M (28%)         146M (29%)           0M (0%)     
[57.224s][info][gc,heap     ] GC(196)      Used:      320M (64%)         466M (93%)         328M (66%)         324M (65%)         466M (93%)         320M (64%)    
[57.224s][info][gc,heap     ] GC(196)      Live:         -               138M (28%)         138M (28%)         138M (28%)            -                  -          
[57.224s][info][gc,heap     ] GC(196) Allocated:         -               146M (29%)         148M (30%)         154M (31%)            -                  -          
[57.224s][info][gc,heap     ] GC(196)   Garbage:         -               181M (36%)          41M (8%)           35M (7%)             -                  -          
[57.224s][info][gc,heap     ] GC(196) Reclaimed:         -                  -               140M (28%)         146M (29%)            -                  -          
[57.224s][info][gc          ] GC(196) Garbage Collection (Allocation Rate) 320M(64%)->324M(65%)
[57.313s][info][gc,start    ] GC(197) Garbage Collection (Allocation Rate)
[57.320s][info][gc,phases   ] GC(197) Pause Mark Start 3.562ms
[57.537s][info][gc,phases   ] GC(197) Concurrent Mark 217.546ms
[57.538s][info][gc,phases   ] GC(197) Pause Mark End 0.477ms
[57.540s][info][gc,phases   ] GC(197) Concurrent Process Non-Strong References 1.503ms
[57.540s][info][gc,phases   ] GC(197) Concurrent Reset Relocation Set 0.004ms
[57.540s][info][gc,phases   ] GC(197) Concurrent Destroy Detached Pages 0.001ms
[57.541s][info][gc,phases   ] GC(197) Concurrent Select Relocation Set 1.655ms
[57.541s][info][gc,phases   ] GC(197) Concurrent Prepare Relocation Set 0.016ms
[57.544s][info][gc,phases   ] GC(197) Pause Relocate Start 2.705ms
[57.544s][info][gc          ] Allocation Stall (Executor task launch worker for task 0.0 in stage 13.0 (TID 13)) 104.306ms
[57.552s][info][gc,phases   ] GC(197) Concurrent Relocate 4.876ms
[57.552s][info][gc,load     ] GC(197) Load: 2.00/1.11/0.50
[57.552s][info][gc,mmu      ] GC(197) MMU: 2ms/0.0%, 5ms/0.0%, 10ms/0.0%, 20ms/0.0%, 50ms/59.1%, 100ms/77.1%
[57.552s][info][gc,marking  ] GC(197) Mark: 1 stripe(s), 2 proactive flush(es), 1 terminate flush(es), 0 completion(s), 0 continuation(s) 
[57.552s][info][gc,reloc    ] GC(197) Relocation: Successful, 5M relocated
[57.552s][info][gc,nmethod  ] GC(197) NMethods: 3128 registered, 0 unregistered
[57.552s][info][gc,metaspace] GC(197) Metaspace: 70M used, 75M capacity, 75M committed, 76M reserved
[57.552s][info][gc,ref      ] GC(197) Soft: 2199 encountered, 0 discovered, 0 enqueued
[57.552s][info][gc,ref      ] GC(197) Weak: 4542 encountered, 3575 discovered, 0 enqueued
[57.552s][info][gc,ref      ] GC(197) Final: 27 encountered, 0 discovered, 0 enqueued
[57.552s][info][gc,ref      ] GC(197) Phantom: 652 encountered, 648 discovered, 0 enqueued
[57.552s][info][gc,heap     ] GC(197)                Mark Start          Mark End        Relocate Start      Relocate End           High               Low         
[57.552s][info][gc,heap     ] GC(197)  Capacity:      500M (100%)        500M (100%)        500M (100%)        500M (100%)        500M (100%)        500M (100%)   
[57.552s][info][gc,heap     ] GC(197)   Reserve:       34M (7%)           34M (7%)           34M (7%)           34M (7%)           34M (7%)           34M (7%)     
[57.552s][info][gc,heap     ] GC(197)      Free:       58M (12%)           0M (0%)          226M (45%)         228M (46%)         228M (46%)           0M (0%)     
[57.552s][info][gc,heap     ] GC(197)      Used:      408M (82%)         466M (93%)         240M (48%)         238M (48%)         466M (93%)         238M (48%)    
[57.552s][info][gc,heap     ] GC(197)      Live:         -               138M (28%)         138M (28%)         138M (28%)            -                  -          
[57.552s][info][gc,heap     ] GC(197) Allocated:         -                58M (12%)          60M (12%)          70M (14%)            -                  -          
[57.552s][info][gc,heap     ] GC(197)   Garbage:         -               269M (54%)          41M (8%)           35M (7%)             -                  -          
[57.552s][info][gc,heap     ] GC(197) Reclaimed:         -                  -               228M (46%)         234M (47%)            -                  -          
[57.552s][info][gc          ] GC(197) Garbage Collection (Allocation Rate) 408M(82%)->238M(48%)
[57.613s][info][gc,start    ] GC(198) Garbage Collection (Allocation Rate)
[57.619s][info][gc,phases   ] GC(198) Pause Mark Start 3.450ms
[57.929s][info][gc,phases   ] GC(198) Concurrent Mark 309.341ms
[57.932s][info][gc,phases   ] GC(198) Pause Mark End 0.392ms
[57.933s][info][gc,phases   ] GC(198) Concurrent Process Non-Strong References 1.405ms
[57.933s][info][gc,phases   ] GC(198) Concurrent Reset Relocation Set 0.003ms
[57.933s][info][gc,phases   ] GC(198) Concurrent Destroy Detached Pages 0.001ms
[57.935s][info][gc,phases   ] GC(198) Concurrent Select Relocation Set 1.554ms
[57.935s][info][gc,phases   ] GC(198) Concurrent Prepare Relocation Set 0.017ms
[57.938s][info][gc,phases   ] GC(198) Pause Relocate Start 2.503ms
[57.943s][info][gc,phases   ] GC(198) Concurrent Relocate 5.579ms
[57.943s][info][gc,load     ] GC(198) Load: 2.00/1.11/0.50
[57.943s][info][gc,mmu      ] GC(198) MMU: 2ms/0.0%, 5ms/0.0%, 10ms/0.0%, 20ms/0.0%, 50ms/59.1%, 100ms/77.1%
[57.943s][info][gc,marking  ] GC(198) Mark: 1 stripe(s), 2 proactive flush(es), 1 terminate flush(es), 0 completion(s), 0 continuation(s) 
[57.943s][info][gc,reloc    ] GC(198) Relocation: Successful, 5M relocated
[57.943s][info][gc,nmethod  ] GC(198) NMethods: 3128 registered, 0 unregistered
[57.943s][info][gc,metaspace] GC(198) Metaspace: 70M used, 75M capacity, 75M committed, 76M reserved
[57.943s][info][gc,ref      ] GC(198) Soft: 2199 encountered, 0 discovered, 0 enqueued
[57.943s][info][gc,ref      ] GC(198) Weak: 4542 encountered, 3571 discovered, 0 enqueued
[57.943s][info][gc,ref      ] GC(198) Final: 27 encountered, 0 discovered, 0 enqueued
[57.943s][info][gc,ref      ] GC(198) Phantom: 652 encountered, 648 discovered, 0 enqueued
[57.943s][info][gc,heap     ] GC(198)                Mark Start          Mark End        Relocate Start      Relocate End           High               Low         
[57.943s][info][gc,heap     ] GC(198)  Capacity:      500M (100%)        500M (100%)        500M (100%)        500M (100%)        500M (100%)        500M (100%)   
[57.943s][info][gc,heap     ] GC(198)   Reserve:       34M (7%)           34M (7%)           34M (7%)           34M (7%)           34M (7%)           34M (7%)     
[57.943s][info][gc,heap     ] GC(198)      Free:      162M (32%)           2M (0%)          126M (25%)         128M (26%)         162M (32%)           2M (0%)     
[57.943s][info][gc,heap     ] GC(198)      Used:      304M (61%)         464M (93%)         340M (68%)         338M (68%)         464M (93%)         304M (61%)    
[57.943s][info][gc,heap     ] GC(198)      Live:         -               138M (28%)         138M (28%)         138M (28%)            -                  -          
[57.943s][info][gc,heap     ] GC(198) Allocated:         -               160M (32%)         160M (32%)         168M (34%)            -                  -          
[57.943s][info][gc,heap     ] GC(198)   Garbage:         -               165M (33%)          41M (8%)           33M (7%)             -                  -          
[57.943s][info][gc,heap     ] GC(198) Reclaimed:         -                  -               124M (25%)         132M (26%)            -                  -          
[57.943s][info][gc          ] GC(198) Garbage Collection (Allocation Rate) 304M(61%)->338M(68%)
[58.013s][info][gc,start    ] GC(199) Garbage Collection (Allocation Rate)
[58.018s][info][gc,phases   ] GC(199) Pause Mark Start 3.011ms
[58.184s][info][gc,phases   ] GC(199) Concurrent Mark 165.538ms
[58.185s][info][gc,phases   ] GC(199) Pause Mark End 0.368ms
[58.186s][info][gc,phases   ] GC(199) Concurrent Process Non-Strong References 1.431ms
[58.186s][info][gc,phases   ] GC(199) Concurrent Reset Relocation Set 0.003ms
[58.186s][info][gc,phases   ] GC(199) Concurrent Destroy Detached Pages 0.000ms
[58.187s][info][gc          ] Allocation Stall (Executor task launch worker for task 0.0 in stage 13.0 (TID 13)) 91.376ms
[58.192s][info][gc,phases   ] GC(199) Concurrent Select Relocation Set 6.232ms
[58.193s][info][gc,phases   ] GC(199) Concurrent Prepare Relocation Set 0.021ms
[58.199s][info][gc,phases   ] GC(199) Pause Relocate Start 3.194ms
[58.203s][info][gc,phases   ] GC(199) Concurrent Relocate 4.100ms
[58.203s][info][gc,load     ] GC(199) Load: 2.00/1.11/0.50
[58.203s][info][gc,mmu      ] GC(199) MMU: 2ms/0.0%, 5ms/0.0%, 10ms/0.0%, 20ms/0.0%, 50ms/59.1%, 100ms/77.1%
[58.203s][info][gc,marking  ] GC(199) Mark: 1 stripe(s), 2 proactive flush(es), 1 terminate flush(es), 0 completion(s), 0 continuation(s) 
[58.203s][info][gc,reloc    ] GC(199) Relocation: Successful, 5M relocated
[58.203s][info][gc,nmethod  ] GC(199) NMethods: 3128 registered, 0 unregistered
[58.203s][info][gc,metaspace] GC(199) Metaspace: 70M used, 75M capacity, 75M committed, 76M reserved
[58.203s][info][gc,ref      ] GC(199) Soft: 2199 encountered, 0 discovered, 0 enqueued
[58.203s][info][gc,ref      ] GC(199) Weak: 4542 encountered, 3571 discovered, 0 enqueued
[58.203s][info][gc,ref      ] GC(199) Final: 27 encountered, 0 discovered, 0 enqueued
[58.203s][info][gc,ref      ] GC(199) Phantom: 652 encountered, 648 discovered, 0 enqueued
[58.203s][info][gc,heap     ] GC(199)                Mark Start          Mark End        Relocate Start      Relocate End           High               Low         
[58.203s][info][gc,heap     ] GC(199)  Capacity:      500M (100%)        500M (100%)        500M (100%)        500M (100%)        500M (100%)        500M (100%)   
[58.204s][info][gc,heap     ] GC(199)   Reserve:       34M (7%)           34M (7%)           34M (7%)           34M (7%)           34M (7%)           34M (7%)     
[58.204s][info][gc,heap     ] GC(199)      Free:       44M (9%)            0M (0%)          236M (47%)         242M (48%)         242M (48%)           0M (0%)     
[58.204s][info][gc,heap     ] GC(199)      Used:      422M (84%)         466M (93%)         230M (46%)         224M (45%)         466M (93%)         224M (45%)    
[58.204s][info][gc,heap     ] GC(199)      Live:         -               138M (28%)         138M (28%)         138M (28%)            -                  -          
[58.204s][info][gc,heap     ] GC(199) Allocated:         -                44M (9%)           50M (10%)          54M (11%)            -                  -          
[58.204s][info][gc,heap     ] GC(199)   Garbage:         -               283M (57%)          41M (8%)           33M (7%)             -                  -          
[58.204s][info][gc,heap     ] GC(199) Reclaimed:         -                  -               242M (48%)         250M (50%)            -                  -          
[58.204s][info][gc          ] GC(199) Garbage Collection (Allocation Rate) 422M(84%)->224M(45%)
[58.214s][info][gc,start    ] GC(200) Garbage Collection (Allocation Rate)
[58.220s][info][gc,phases   ] GC(200) Pause Mark Start 3.320ms
[58.511s][info][gc,phases   ] GC(200) Concurrent Mark 290.631ms
[58.514s][info][gc,phases   ] GC(200) Pause Mark End 0.429ms
[58.516s][info][gc,phases   ] GC(200) Concurrent Process Non-Strong References 1.490ms
[58.516s][info][gc,phases   ] GC(200) Concurrent Reset Relocation Set 0.005ms
[58.516s][info][gc,phases   ] GC(200) Concurrent Destroy Detached Pages 0.001ms
[58.517s][info][gc,phases   ] GC(200) Concurrent Select Relocation Set 1.693ms
[58.517s][info][gc,phases   ] GC(200) Concurrent Prepare Relocation Set 0.017ms
[58.521s][info][gc,phases   ] GC(200) Pause Relocate Start 2.767ms
[58.528s][info][gc,phases   ] GC(200) Concurrent Relocate 6.897ms
[58.528s][info][gc,load     ] GC(200) Load: 2.00/1.11/0.50
[58.528s][info][gc,mmu      ] GC(200) MMU: 2ms/0.0%, 5ms/0.0%, 10ms/0.0%, 20ms/0.0%, 50ms/59.1%, 100ms/77.1%
[58.528s][info][gc,marking  ] GC(200) Mark: 1 stripe(s), 2 proactive flush(es), 1 terminate flush(es), 0 completion(s), 0 continuation(s) 
[58.528s][info][gc,reloc    ] GC(200) Relocation: Successful, 5M relocated
[58.528s][info][gc,nmethod  ] GC(200) NMethods: 3128 registered, 0 unregistered
[58.528s][info][gc,metaspace] GC(200) Metaspace: 70M used, 75M capacity, 75M committed, 76M reserved
[58.528s][info][gc,ref      ] GC(200) Soft: 2199 encountered, 0 discovered, 0 enqueued
[58.528s][info][gc,ref      ] GC(200) Weak: 4542 encountered, 3571 discovered, 0 enqueued
[58.528s][info][gc,ref      ] GC(200) Final: 27 encountered, 0 discovered, 0 enqueued
[58.528s][info][gc,ref      ] GC(200) Phantom: 652 encountered, 648 discovered, 0 enqueued
[58.528s][info][gc,heap     ] GC(200)                Mark Start          Mark End        Relocate Start      Relocate End           High               Low         
[58.528s][info][gc,heap     ] GC(200)  Capacity:      500M (100%)        500M (100%)        500M (100%)        500M (100%)        500M (100%)        500M (100%)   
[58.528s][info][gc,heap     ] GC(200)   Reserve:       34M (7%)           34M (7%)           34M (7%)           34M (7%)           34M (7%)           34M (7%)     
[58.528s][info][gc,heap     ] GC(200)      Free:      232M (46%)          72M (14%)         130M (26%)         126M (25%)         232M (46%)          72M (14%)    
[58.528s][info][gc,heap     ] GC(200)      Used:      234M (47%)         394M (79%)         336M (67%)         340M (68%)         394M (79%)         234M (47%)    
[58.528s][info][gc,heap     ] GC(200)      Live:         -               138M (28%)         138M (28%)         138M (28%)            -                  -          
[58.528s][info][gc,heap     ] GC(200) Allocated:         -               160M (32%)         160M (32%)         170M (34%)            -                  -          
[58.528s][info][gc,heap     ] GC(200)   Garbage:         -                95M (19%)          37M (7%)           35M (7%)             -                  -          
[58.528s][info][gc,heap     ] GC(200) Reclaimed:         -                  -                58M (12%)          60M (12%)            -                  -          
[58.528s][info][gc          ] GC(200) Garbage Collection (Allocation Rate) 234M(47%)->340M(68%)
[58.613s][info][gc,start    ] GC(201) Garbage Collection (Allocation Rate)
[58.620s][info][gc,phases   ] GC(201) Pause Mark Start 4.020ms
[58.806s][info][gc,phases   ] GC(201) Concurrent Mark 185.759ms
[58.807s][info][gc,phases   ] GC(201) Pause Mark End 0.398ms
[58.808s][info][gc,phases   ] GC(201) Concurrent Process Non-Strong References 1.612ms
[58.808s][info][gc,phases   ] GC(201) Concurrent Reset Relocation Set 0.004ms
[58.808s][info][gc,phases   ] GC(201) Concurrent Destroy Detached Pages 0.001ms
[58.810s][info][gc,phases   ] GC(201) Concurrent Select Relocation Set 1.737ms
[58.810s][info][gc,phases   ] GC(201) Concurrent Prepare Relocation Set 0.017ms
[58.813s][info][gc,phases   ] GC(201) Pause Relocate Start 2.971ms
[58.813s][info][gc          ] Allocation Stall (Executor task launch worker for task 0.0 in stage 13.0 (TID 13)) 126.676ms
[58.820s][info][gc,phases   ] GC(201) Concurrent Relocate 0.999ms
[58.820s][info][gc,load     ] GC(201) Load: 2.00/1.11/0.50
[58.820s][info][gc,mmu      ] GC(201) MMU: 2ms/0.0%, 5ms/0.0%, 10ms/0.0%, 20ms/0.0%, 50ms/59.1%, 100ms/77.1%
[58.820s][info][gc,marking  ] GC(201) Mark: 1 stripe(s), 2 proactive flush(es), 1 terminate flush(es), 0 completion(s), 0 continuation(s) 
[58.820s][info][gc,reloc    ] GC(201) Relocation: Successful, 5M relocated
[58.820s][info][gc,nmethod  ] GC(201) NMethods: 3128 registered, 0 unregistered
[58.820s][info][gc,metaspace] GC(201) Metaspace: 70M used, 75M capacity, 75M committed, 76M reserved
[58.820s][info][gc,ref      ] GC(201) Soft: 2199 encountered, 0 discovered, 0 enqueued
[58.820s][info][gc,ref      ] GC(201) Weak: 4542 encountered, 3569 discovered, 0 enqueued
[58.820s][info][gc,ref      ] GC(201) Final: 27 encountered, 0 discovered, 0 enqueued
[58.820s][info][gc,ref      ] GC(201) Phantom: 652 encountered, 648 discovered, 0 enqueued
[58.820s][info][gc,heap     ] GC(201)                Mark Start          Mark End        Relocate Start      Relocate End           High               Low         
[58.820s][info][gc,heap     ] GC(201)  Capacity:      500M (100%)        500M (100%)        500M (100%)        500M (100%)        500M (100%)        500M (100%)   
[58.820s][info][gc,heap     ] GC(201)   Reserve:       34M (7%)           34M (7%)           34M (7%)           34M (7%)           34M (7%)           34M (7%)     
[58.820s][info][gc,heap     ] GC(201)      Free:       34M (7%)            0M (0%)          250M (50%)         252M (50%)         252M (50%)           0M (0%)     
[58.820s][info][gc,heap     ] GC(201)      Used:      432M (86%)         466M (93%)         216M (43%)         214M (43%)         466M (93%)         214M (43%)    
[58.820s][info][gc,heap     ] GC(201)      Live:         -               138M (28%)         138M (28%)         138M (28%)            -                  -          
[58.820s][info][gc,heap     ] GC(201) Allocated:         -                34M (7%)           36M (7%)           46M (9%)             -                  -          
[58.820s][info][gc,heap     ] GC(201)   Garbage:         -               293M (59%)          41M (8%)           35M (7%)             -                  -          
[58.820s][info][gc,heap     ] GC(201) Reclaimed:         -                  -               252M (50%)         258M (52%)            -                  -          
[58.820s][info][gc          ] GC(201) Garbage Collection (Allocation Rate) 432M(86%)->214M(43%)
[58.913s][info][gc,start    ] GC(202) Garbage Collection (Allocation Rate)
[58.919s][info][gc,phases   ] GC(202) Pause Mark Start 3.066ms
[58.983s][info][gc,phases   ] GC(202) Concurrent Mark 63.536ms
[58.986s][info][gc,phases   ] GC(202) Pause Mark End 0.458ms
[58.988s][info][gc,phases   ] GC(202) Concurrent Process Non-Strong References 1.667ms
[58.988s][info][gc,phases   ] GC(202) Concurrent Reset Relocation Set 0.004ms
[58.988s][info][gc,phases   ] GC(202) Concurrent Destroy Detached Pages 0.001ms
[58.990s][info][gc,phases   ] GC(202) Concurrent Select Relocation Set 1.593ms
[58.990s][info][gc,phases   ] GC(202) Concurrent Prepare Relocation Set 0.025ms
[58.993s][info][gc,phases   ] GC(202) Pause Relocate Start 2.779ms
[59.000s][info][gc,phases   ] GC(202) Concurrent Relocate 6.892ms
[59.000s][info][gc,load     ] GC(202) Load: 2.00/1.11/0.50
[59.000s][info][gc,mmu      ] GC(202) MMU: 2ms/0.0%, 5ms/0.0%, 10ms/0.0%, 20ms/0.0%, 50ms/59.1%, 100ms/77.1%
[59.000s][info][gc,marking  ] GC(202) Mark: 1 stripe(s), 2 proactive flush(es), 1 terminate flush(es), 0 completion(s), 0 continuation(s) 
[59.000s][info][gc,reloc    ] GC(202) Relocation: Successful, 6M relocated
[59.000s][info][gc,nmethod  ] GC(202) NMethods: 3128 registered, 0 unregistered
[59.000s][info][gc,metaspace] GC(202) Metaspace: 70M used, 75M capacity, 75M committed, 76M reserved
[59.000s][info][gc,ref      ] GC(202) Soft: 2199 encountered, 0 discovered, 0 enqueued
[59.000s][info][gc,ref      ] GC(202) Weak: 4542 encountered, 3571 discovered, 0 enqueued
[59.000s][info][gc,ref      ] GC(202) Final: 27 encountered, 0 discovered, 0 enqueued
[59.000s][info][gc,ref      ] GC(202) Phantom: 652 encountered, 648 discovered, 0 enqueued
[59.000s][info][gc,heap     ] GC(202)                Mark Start          Mark End        Relocate Start      Relocate End           High               Low         
[59.000s][info][gc,heap     ] GC(202)  Capacity:      500M (100%)        500M (100%)        500M (100%)        500M (100%)        500M (100%)        500M (100%)   
[59.000s][info][gc,heap     ] GC(202)   Reserve:       34M (7%)           34M (7%)           34M (7%)           34M (7%)           34M (7%)           34M (7%)     
[59.000s][info][gc,heap     ] GC(202)      Free:      108M (22%)          60M (12%)         332M (66%)         348M (70%)         348M (70%)          60M (12%)    
[59.000s][info][gc,heap     ] GC(202)      Used:      358M (72%)         406M (81%)         134M (27%)         118M (24%)         406M (81%)         118M (24%)    
[59.000s][info][gc,heap     ] GC(202)      Live:         -                30M (6%)           30M (6%)           30M (6%)             -                  -          
[59.000s][info][gc,heap     ] GC(202) Allocated:         -                48M (10%)          48M (10%)          58M (12%)            -                  -          
[59.000s][info][gc,heap     ] GC(202)   Garbage:         -               327M (66%)          55M (11%)          31M (6%)             -                  -          
[59.000s][info][gc,heap     ] GC(202) Reclaimed:         -                  -               272M (54%)         296M (59%)            -                  -          
[59.000s][info][gc          ] GC(202) Garbage Collection (Allocation Rate) 358M(72%)->118M(24%)
[59.013s][info][gc,start    ] GC(203) Garbage Collection (Allocation Rate)
[59.019s][info][gc,phases   ] GC(203) Pause Mark Start 3.310ms
[59.097s][info][gc,phases   ] GC(203) Concurrent Mark 77.861ms
[59.100s][info][gc,phases   ] GC(203) Pause Mark End 0.405ms
[59.102s][info][gc,phases   ] GC(203) Concurrent Process Non-Strong References 1.524ms
[59.102s][info][gc,phases   ] GC(203) Concurrent Reset Relocation Set 0.004ms
[59.102s][info][gc,phases   ] GC(203) Concurrent Destroy Detached Pages 0.001ms
[59.103s][info][gc,phases   ] GC(203) Concurrent Select Relocation Set 1.560ms
[59.103s][info][gc,phases   ] GC(203) Concurrent Prepare Relocation Set 0.013ms
[59.106s][info][gc,phases   ] GC(203) Pause Relocate Start 2.566ms
[59.114s][info][gc,phases   ] GC(203) Concurrent Relocate 7.335ms
[59.114s][info][gc,load     ] GC(203) Load: 2.00/1.11/0.50
[59.114s][info][gc,mmu      ] GC(203) MMU: 2ms/0.0%, 5ms/0.0%, 10ms/0.0%, 20ms/0.0%, 50ms/59.1%, 100ms/77.1%
[59.114s][info][gc,marking  ] GC(203) Mark: 1 stripe(s), 2 proactive flush(es), 1 terminate flush(es), 0 completion(s), 0 continuation(s) 
[59.114s][info][gc,reloc    ] GC(203) Relocation: Successful, 6M relocated
[59.114s][info][gc,nmethod  ] GC(203) NMethods: 3128 registered, 0 unregistered
[59.114s][info][gc,metaspace] GC(203) Metaspace: 70M used, 75M capacity, 75M committed, 76M reserved
[59.114s][info][gc,ref      ] GC(203) Soft: 2199 encountered, 0 discovered, 0 enqueued
[59.114s][info][gc,ref      ] GC(203) Weak: 4542 encountered, 3571 discovered, 0 enqueued
[59.114s][info][gc,ref      ] GC(203) Final: 27 encountered, 0 discovered, 0 enqueued
[59.114s][info][gc,ref      ] GC(203) Phantom: 652 encountered, 648 discovered, 0 enqueued
[59.114s][info][gc,heap     ] GC(203)                Mark Start          Mark End        Relocate Start      Relocate End           High               Low         
[59.114s][info][gc,heap     ] GC(203)  Capacity:      500M (100%)        500M (100%)        500M (100%)        500M (100%)        500M (100%)        500M (100%)   
[59.114s][info][gc,heap     ] GC(203)   Reserve:       34M (7%)           34M (7%)           34M (7%)           34M (7%)           34M (7%)           34M (7%)     
[59.114s][info][gc,heap     ] GC(203)      Free:      328M (66%)         270M (54%)         336M (67%)         336M (67%)         336M (67%)         270M (54%)    
[59.114s][info][gc,heap     ] GC(203)      Used:      138M (28%)         196M (39%)         130M (26%)         130M (26%)         196M (39%)         130M (26%)    
[59.114s][info][gc,heap     ] GC(203)      Live:         -                30M (6%)           30M (6%)           30M (6%)             -                  -          
[59.114s][info][gc,heap     ] GC(203) Allocated:         -                58M (12%)          58M (12%)          70M (14%)            -                  -          
[59.114s][info][gc,heap     ] GC(203)   Garbage:         -               107M (22%)          41M (8%)           31M (6%)             -                  -          
[59.114s][info][gc,heap     ] GC(203) Reclaimed:         -                  -                66M (13%)          76M (15%)            -                  -          
[59.114s][info][gc          ] GC(203) Garbage Collection (Allocation Rate) 138M(28%)->130M(26%)
[59.213s][info][gc,start    ] GC(204) Garbage Collection (Allocation Rate)
[59.219s][info][gc,phases   ] GC(204) Pause Mark Start 3.716ms
[59.303s][info][gc,phases   ] GC(204) Concurrent Mark 83.961ms
[59.306s][info][gc,phases   ] GC(204) Pause Mark End 0.429ms
[59.308s][info][gc,phases   ] GC(204) Concurrent Process Non-Strong References 1.672ms
[59.308s][info][gc,phases   ] GC(204) Concurrent Reset Relocation Set 0.004ms
[59.308s][info][gc,phases   ] GC(204) Concurrent Destroy Detached Pages 0.001ms
[59.310s][info][gc,phases   ] GC(204) Concurrent Select Relocation Set 1.681ms
[59.310s][info][gc,phases   ] GC(204) Concurrent Prepare Relocation Set 0.018ms
[59.313s][info][gc,phases   ] GC(204) Pause Relocate Start 2.997ms
[59.320s][info][gc,phases   ] GC(204) Concurrent Relocate 7.187ms
[59.320s][info][gc,load     ] GC(204) Load: 2.00/1.11/0.50
[59.320s][info][gc,mmu      ] GC(204) MMU: 2ms/0.0%, 5ms/0.0%, 10ms/0.0%, 20ms/0.0%, 50ms/59.1%, 100ms/77.1%
[59.320s][info][gc,marking  ] GC(204) Mark: 1 stripe(s), 2 proactive flush(es), 1 terminate flush(es), 0 completion(s), 0 continuation(s) 
[59.320s][info][gc,reloc    ] GC(204) Relocation: Successful, 6M relocated
[59.320s][info][gc,nmethod  ] GC(204) NMethods: 3141 registered, 0 unregistered
[59.320s][info][gc,metaspace] GC(204) Metaspace: 70M used, 75M capacity, 75M committed, 76M reserved
[59.320s][info][gc,ref      ] GC(204) Soft: 2199 encountered, 0 discovered, 0 enqueued
[59.320s][info][gc,ref      ] GC(204) Weak: 4542 encountered, 3592 discovered, 0 enqueued
[59.320s][info][gc,ref      ] GC(204) Final: 27 encountered, 0 discovered, 0 enqueued
[59.320s][info][gc,ref      ] GC(204) Phantom: 652 encountered, 648 discovered, 0 enqueued
[59.320s][info][gc,heap     ] GC(204)                Mark Start          Mark End        Relocate Start      Relocate End           High               Low         
[59.320s][info][gc,heap     ] GC(204)  Capacity:      500M (100%)        500M (100%)        500M (100%)        500M (100%)        500M (100%)        500M (100%)   
[59.320s][info][gc,heap     ] GC(204)   Reserve:       34M (7%)           34M (7%)           34M (7%)           34M (7%)           34M (7%)           34M (7%)     
[59.320s][info][gc,heap     ] GC(204)      Free:      206M (41%)         150M (30%)         336M (67%)         340M (68%)         340M (68%)         150M (30%)    
[59.320s][info][gc,heap     ] GC(204)      Used:      260M (52%)         316M (63%)         130M (26%)         126M (25%)         316M (63%)         126M (25%)    
[59.320s][info][gc,heap     ] GC(204)      Live:         -                30M (6%)           30M (6%)           30M (6%)             -                  -          
[59.320s][info][gc,heap     ] GC(204) Allocated:         -                56M (11%)          56M (11%)          66M (13%)            -                  -          
[59.320s][info][gc,heap     ] GC(204)   Garbage:         -               229M (46%)          43M (9%)           31M (6%)             -                  -          
[59.320s][info][gc,heap     ] GC(204) Reclaimed:         -                  -               186M (37%)         198M (40%)            -                  -          
[59.320s][info][gc          ] GC(204) Garbage Collection (Allocation Rate) 260M(52%)->126M(25%)
[59.413s][info][gc,start    ] GC(205) Garbage Collection (Allocation Rate)
[59.419s][info][gc,phases   ] GC(205) Pause Mark Start 2.999ms
[59.482s][info][gc,phases   ] GC(205) Concurrent Mark 62.823ms
[59.485s][info][gc,phases   ] GC(205) Pause Mark End 0.413ms
[59.486s][info][gc,phases   ] GC(205) Concurrent Process Non-Strong References 1.514ms
[59.486s][info][gc,phases   ] GC(205) Concurrent Reset Relocation Set 0.003ms
[59.486s][info][gc,phases   ] GC(205) Concurrent Destroy Detached Pages 0.000ms
[59.488s][info][gc,phases   ] GC(205) Concurrent Select Relocation Set 1.579ms
[59.488s][info][gc,phases   ] GC(205) Concurrent Prepare Relocation Set 0.013ms
[59.491s][info][gc,phases   ] GC(205) Pause Relocate Start 2.732ms
[59.499s][info][gc,phases   ] GC(205) Concurrent Relocate 8.603ms
[59.500s][info][gc,load     ] GC(205) Load: 2.00/1.11/0.50
[59.500s][info][gc,mmu      ] GC(205) MMU: 2ms/0.0%, 5ms/0.0%, 10ms/0.0%, 20ms/0.0%, 50ms/59.1%, 100ms/77.1%
[59.500s][info][gc,marking  ] GC(205) Mark: 1 stripe(s), 2 proactive flush(es), 1 terminate flush(es), 0 completion(s), 0 continuation(s) 
[59.500s][info][gc,reloc    ] GC(205) Relocation: Successful, 6M relocated
[59.500s][info][gc,nmethod  ] GC(205) NMethods: 3141 registered, 0 unregistered
[59.500s][info][gc,metaspace] GC(205) Metaspace: 70M used, 75M capacity, 75M committed, 76M reserved
[59.500s][info][gc,ref      ] GC(205) Soft: 2201 encountered, 0 discovered, 0 enqueued
[59.500s][info][gc,ref      ] GC(205) Weak: 4550 encountered, 3575 discovered, 3 enqueued
[59.500s][info][gc,ref      ] GC(205) Final: 27 encountered, 0 discovered, 0 enqueued
[59.500s][info][gc,ref      ] GC(205) Phantom: 652 encountered, 648 discovered, 0 enqueued
[59.500s][info][gc,heap     ] GC(205)                Mark Start          Mark End        Relocate Start      Relocate End           High               Low         
[59.500s][info][gc,heap     ] GC(205)  Capacity:      500M (100%)        500M (100%)        500M (100%)        500M (100%)        500M (100%)        500M (100%)   
[59.500s][info][gc,heap     ] GC(205)   Reserve:       34M (7%)           34M (7%)           34M (7%)           34M (7%)           34M (7%)           34M (7%)     
[59.500s][info][gc,heap     ] GC(205)      Free:      198M (40%)         140M (28%)         336M (67%)         332M (66%)         336M (67%)         140M (28%)    
[59.500s][info][gc,heap     ] GC(205)      Used:      268M (54%)         326M (65%)         130M (26%)         134M (27%)         326M (65%)         130M (26%)    
[59.500s][info][gc,heap     ] GC(205)      Live:         -                30M (6%)           30M (6%)           30M (6%)             -                  -          
[59.500s][info][gc,heap     ] GC(205) Allocated:         -                58M (12%)          58M (12%)          74M (15%)            -                  -          
[59.500s][info][gc,heap     ] GC(205)   Garbage:         -               237M (48%)          41M (8%)           31M (6%)             -                  -          
[59.500s][info][gc,heap     ] GC(205) Reclaimed:         -                  -               196M (39%)         206M (41%)            -                  -          
[59.500s][info][gc          ] GC(205) Garbage Collection (Allocation Rate) 268M(54%)->134M(27%)
[59.513s][info][gc,start    ] GC(206) Garbage Collection (Allocation Rate)
[59.519s][info][gc,phases   ] GC(206) Pause Mark Start 3.024ms
[59.584s][info][gc,phases   ] GC(206) Concurrent Mark 65.640ms
[59.588s][info][gc,phases   ] GC(206) Pause Mark End 0.377ms
[59.589s][info][gc,phases   ] GC(206) Concurrent Process Non-Strong References 1.533ms
[59.589s][info][gc,phases   ] GC(206) Concurrent Reset Relocation Set 0.002ms
[59.589s][info][gc,phases   ] GC(206) Concurrent Destroy Detached Pages 0.001ms
[59.591s][info][gc,phases   ] GC(206) Concurrent Select Relocation Set 1.571ms
[59.591s][info][gc,phases   ] GC(206) Concurrent Prepare Relocation Set 0.012ms
[59.594s][info][gc,phases   ] GC(206) Pause Relocate Start 3.152ms
[59.600s][info][gc,phases   ] GC(206) Concurrent Relocate 5.890ms
[59.600s][info][gc,load     ] GC(206) Load: 2.00/1.11/0.50
[59.600s][info][gc,mmu      ] GC(206) MMU: 2ms/0.0%, 5ms/0.0%, 10ms/0.0%, 20ms/0.0%, 50ms/59.1%, 100ms/77.1%
[59.600s][info][gc,marking  ] GC(206) Mark: 1 stripe(s), 2 proactive flush(es), 1 terminate flush(es), 0 completion(s), 0 continuation(s) 
[59.600s][info][gc,reloc    ] GC(206) Relocation: Successful, 6M relocated
[59.600s][info][gc,nmethod  ] GC(206) NMethods: 3141 registered, 0 unregistered
[59.600s][info][gc,metaspace] GC(206) Metaspace: 70M used, 75M capacity, 75M committed, 76M reserved
[59.600s][info][gc,ref      ] GC(206) Soft: 2201 encountered, 0 discovered, 0 enqueued
[59.600s][info][gc,ref      ] GC(206) Weak: 4547 encountered, 3572 discovered, 0 enqueued
[59.600s][info][gc,ref      ] GC(206) Final: 27 encountered, 0 discovered, 0 enqueued
[59.600s][info][gc,ref      ] GC(206) Phantom: 652 encountered, 648 discovered, 0 enqueued
[59.600s][info][gc,heap     ] GC(206)                Mark Start          Mark End        Relocate Start      Relocate End           High               Low         
[59.600s][info][gc,heap     ] GC(206)  Capacity:      500M (100%)        500M (100%)        500M (100%)        500M (100%)        500M (100%)        500M (100%)   
[59.600s][info][gc,heap     ] GC(206)   Reserve:       34M (7%)           34M (7%)           34M (7%)           34M (7%)           34M (7%)           34M (7%)     
[59.600s][info][gc,heap     ] GC(206)      Free:      310M (62%)         254M (51%)         342M (68%)         340M (68%)         342M (68%)         254M (51%)    
[59.600s][info][gc,heap     ] GC(206)      Used:      156M (31%)         212M (42%)         124M (25%)         126M (25%)         212M (42%)         124M (25%)    
[59.600s][info][gc,heap     ] GC(206)      Live:         -                30M (6%)           30M (6%)           30M (6%)             -                  -          
[59.600s][info][gc,heap     ] GC(206) Allocated:         -                56M (11%)          56M (11%)          66M (13%)            -                  -          
[59.600s][info][gc,heap     ] GC(206)   Garbage:         -               125M (25%)          37M (8%)           33M (7%)             -                  -          
[59.600s][info][gc,heap     ] GC(206) Reclaimed:         -                  -                88M (18%)          92M (18%)            -                  -          
[59.600s][info][gc          ] GC(206) Garbage Collection (Allocation Rate) 156M(31%)->126M(25%)
[59.614s][info][gc,start    ] GC(207) Garbage Collection (Allocation Rate)
[59.619s][info][gc,phases   ] GC(207) Pause Mark Start 3.144ms
[59.689s][info][gc,phases   ] GC(207) Concurrent Mark 69.491ms
[59.692s][info][gc,phases   ] GC(207) Pause Mark End 0.472ms
[59.693s][info][gc,phases   ] GC(207) Concurrent Process Non-Strong References 1.642ms
[59.693s][info][gc,phases   ] GC(207) Concurrent Reset Relocation Set 0.004ms
[59.693s][info][gc,phases   ] GC(207) Concurrent Destroy Detached Pages 0.001ms
[59.695s][info][gc,phases   ] GC(207) Concurrent Select Relocation Set 1.765ms
[59.695s][info][gc,phases   ] GC(207) Concurrent Prepare Relocation Set 0.018ms
[59.699s][info][gc,phases   ] GC(207) Pause Relocate Start 2.973ms
[59.704s][info][gc,phases   ] GC(207) Concurrent Relocate 4.930ms
[59.704s][info][gc,load     ] GC(207) Load: 2.00/1.11/0.50
[59.704s][info][gc,mmu      ] GC(207) MMU: 2ms/0.0%, 5ms/0.0%, 10ms/0.0%, 20ms/0.0%, 50ms/59.1%, 100ms/77.1%
[59.704s][info][gc,marking  ] GC(207) Mark: 1 stripe(s), 2 proactive flush(es), 1 terminate flush(es), 0 completion(s), 0 continuation(s) 
[59.704s][info][gc,reloc    ] GC(207) Relocation: Successful, 6M relocated
[59.704s][info][gc,nmethod  ] GC(207) NMethods: 3141 registered, 0 unregistered
[59.704s][info][gc,metaspace] GC(207) Metaspace: 70M used, 75M capacity, 75M committed, 76M reserved
[59.704s][info][gc,ref      ] GC(207) Soft: 2201 encountered, 0 discovered, 0 enqueued
[59.704s][info][gc,ref      ] GC(207) Weak: 4547 encountered, 3572 discovered, 0 enqueued
[59.704s][info][gc,ref      ] GC(207) Final: 27 encountered, 0 discovered, 0 enqueued
[59.704s][info][gc,ref      ] GC(207) Phantom: 652 encountered, 648 discovered, 0 enqueued
[59.704s][info][gc,heap     ] GC(207)                Mark Start          Mark End        Relocate Start      Relocate End           High               Low         
[59.704s][info][gc,heap     ] GC(207)  Capacity:      500M (100%)        500M (100%)        500M (100%)        500M (100%)        500M (100%)        500M (100%)   
[59.704s][info][gc,heap     ] GC(207)   Reserve:       34M (7%)           34M (7%)           34M (7%)           34M (7%)           34M (7%)           34M (7%)     
[59.704s][info][gc,heap     ] GC(207)      Free:      318M (64%)         268M (54%)         348M (70%)         348M (70%)         348M (70%)         268M (54%)    
[59.704s][info][gc,heap     ] GC(207)      Used:      148M (30%)         198M (40%)         118M (24%)         118M (24%)         198M (40%)         118M (24%)    
[59.704s][info][gc,heap     ] GC(207)      Live:         -                30M (6%)           30M (6%)           30M (6%)             -                  -          
[59.704s][info][gc,heap     ] GC(207) Allocated:         -                50M (10%)          50M (10%)          58M (12%)            -                  -          
[59.704s][info][gc,heap     ] GC(207)   Garbage:         -               117M (24%)          37M (8%)           33M (7%)             -                  -          
[59.704s][info][gc,heap     ] GC(207) Reclaimed:         -                  -                80M (16%)          84M (17%)            -                  -          
[59.704s][info][gc          ] GC(207) Garbage Collection (Allocation Rate) 148M(30%)->118M(24%)
[59.713s][info][gc,start    ] GC(208) Garbage Collection (Allocation Rate)
[59.720s][info][gc,phases   ] GC(208) Pause Mark Start 3.561ms
[59.793s][info][gc,phases   ] GC(208) Concurrent Mark 73.502ms
[59.797s][info][gc,phases   ] GC(208) Pause Mark End 0.495ms
[59.799s][info][gc,phases   ] GC(208) Concurrent Process Non-Strong References 1.772ms
[59.799s][info][gc,phases   ] GC(208) Concurrent Reset Relocation Set 0.003ms
[59.799s][info][gc,phases   ] GC(208) Concurrent Destroy Detached Pages 0.000ms
[59.801s][info][gc,phases   ] GC(208) Concurrent Select Relocation Set 2.177ms
[59.801s][info][gc,phases   ] GC(208) Concurrent Prepare Relocation Set 0.022ms
[59.805s][info][gc,phases   ] GC(208) Pause Relocate Start 3.607ms
[59.812s][info][gc,phases   ] GC(208) Concurrent Relocate 7.478ms
[59.812s][info][gc,load     ] GC(208) Load: 2.00/1.11/0.50
[59.812s][info][gc,mmu      ] GC(208) MMU: 2ms/0.0%, 5ms/0.0%, 10ms/0.0%, 20ms/0.0%, 50ms/59.1%, 100ms/77.1%
[59.812s][info][gc,marking  ] GC(208) Mark: 1 stripe(s), 2 proactive flush(es), 1 terminate flush(es), 0 completion(s), 0 continuation(s) 
[59.812s][info][gc,reloc    ] GC(208) Relocation: Successful, 6M relocated
[59.812s][info][gc,nmethod  ] GC(208) NMethods: 3141 registered, 0 unregistered
[59.812s][info][gc,metaspace] GC(208) Metaspace: 70M used, 75M capacity, 75M committed, 76M reserved
[59.812s][info][gc,ref      ] GC(208) Soft: 2201 encountered, 0 discovered, 0 enqueued
[59.812s][info][gc,ref      ] GC(208) Weak: 4547 encountered, 3572 discovered, 0 enqueued
[59.812s][info][gc,ref      ] GC(208) Final: 27 encountered, 0 discovered, 0 enqueued
[59.812s][info][gc,ref      ] GC(208) Phantom: 652 encountered, 648 discovered, 0 enqueued
[59.812s][info][gc,heap     ] GC(208)                Mark Start          Mark End        Relocate Start      Relocate End           High               Low         
[59.812s][info][gc,heap     ] GC(208)  Capacity:      500M (100%)        500M (100%)        500M (100%)        500M (100%)        500M (100%)        500M (100%)   
[59.812s][info][gc,heap     ] GC(208)   Reserve:       34M (7%)           34M (7%)           34M (7%)           34M (7%)           34M (7%)           34M (7%)     
[59.812s][info][gc,heap     ] GC(208)      Free:      336M (67%)         282M (56%)         342M (68%)         342M (68%)         342M (68%)         282M (56%)    
[59.812s][info][gc,heap     ] GC(208)      Used:      130M (26%)         184M (37%)         124M (25%)         124M (25%)         184M (37%)         124M (25%)    
[59.812s][info][gc,heap     ] GC(208)      Live:         -                30M (6%)           30M (6%)           30M (6%)             -                  -          
[59.812s][info][gc,heap     ] GC(208) Allocated:         -                54M (11%)          54M (11%)          64M (13%)            -                  -          
[59.812s][info][gc,heap     ] GC(208)   Garbage:         -                99M (20%)          39M (8%)           31M (6%)             -                  -          
[59.812s][info][gc,heap     ] GC(208) Reclaimed:         -                  -                60M (12%)          68M (14%)            -                  -          
[59.812s][info][gc          ] GC(208) Garbage Collection (Allocation Rate) 130M(26%)->124M(25%)
[59.813s][info][gc,start    ] GC(209) Garbage Collection (Allocation Rate)
[59.819s][info][gc,phases   ] GC(209) Pause Mark Start 3.389ms
[59.893s][info][gc,phases   ] GC(209) Concurrent Mark 74.129ms
[59.897s][info][gc,phases   ] GC(209) Pause Mark End 0.542ms
[59.899s][info][gc,phases   ] GC(209) Concurrent Process Non-Strong References 1.946ms
[59.899s][info][gc,phases   ] GC(209) Concurrent Reset Relocation Set 0.004ms
[59.899s][info][gc,phases   ] GC(209) Concurrent Destroy Detached Pages 0.001ms
[59.901s][info][gc,phases   ] GC(209) Concurrent Select Relocation Set 2.119ms
[59.901s][info][gc,phases   ] GC(209) Concurrent Prepare Relocation Set 0.019ms
[59.905s][info][gc,phases   ] GC(209) Pause Relocate Start 3.570ms
[59.912s][info][gc,phases   ] GC(209) Concurrent Relocate 1.563ms
[59.912s][info][gc,load     ] GC(209) Load: 2.00/1.11/0.50
[59.912s][info][gc,mmu      ] GC(209) MMU: 2ms/0.0%, 5ms/0.0%, 10ms/0.0%, 20ms/0.0%, 50ms/59.1%, 100ms/77.1%
[59.912s][info][gc,marking  ] GC(209) Mark: 1 stripe(s), 2 proactive flush(es), 1 terminate flush(es), 0 completion(s), 0 continuation(s) 
[59.912s][info][gc,reloc    ] GC(209) Relocation: Successful, 6M relocated
[59.912s][info][gc,nmethod  ] GC(209) NMethods: 3141 registered, 0 unregistered
[59.912s][info][gc,metaspace] GC(209) Metaspace: 70M used, 75M capacity, 75M committed, 76M reserved
[59.912s][info][gc,ref      ] GC(209) Soft: 2201 encountered, 0 discovered, 0 enqueued
[59.912s][info][gc,ref      ] GC(209) Weak: 4547 encountered, 3572 discovered, 0 enqueued
[59.912s][info][gc,ref      ] GC(209) Final: 27 encountered, 0 discovered, 0 enqueued
[59.912s][info][gc,ref      ] GC(209) Phantom: 652 encountered, 648 discovered, 0 enqueued
[59.912s][info][gc,heap     ] GC(209)                Mark Start          Mark End        Relocate Start      Relocate End           High               Low         
[59.912s][info][gc,heap     ] GC(209)  Capacity:      500M (100%)        500M (100%)        500M (100%)        500M (100%)        500M (100%)        500M (100%)   
[59.912s][info][gc,heap     ] GC(209)   Reserve:       34M (7%)           34M (7%)           34M (7%)           34M (7%)           34M (7%)           34M (7%)     
[59.912s][info][gc,heap     ] GC(209)      Free:      340M (68%)         288M (58%)         344M (69%)         346M (69%)         346M (69%)         288M (58%)    
[59.912s][info][gc,heap     ] GC(209)      Used:      126M (25%)         178M (36%)         122M (24%)         120M (24%)         178M (36%)         120M (24%)    
[59.912s][info][gc,heap     ] GC(209)      Live:         -                30M (6%)           30M (6%)           30M (6%)             -                  -          
[59.912s][info][gc,heap     ] GC(209) Allocated:         -                52M (10%)          52M (10%)          60M (12%)            -                  -          
[59.912s][info][gc,heap     ] GC(209)   Garbage:         -                95M (19%)          39M (8%)           31M (6%)             -                  -          
[59.913s][info][gc,heap     ] GC(209) Reclaimed:         -                  -                56M (11%)          64M (13%)            -                  -          
[59.913s][info][gc          ] GC(209) Garbage Collection (Allocation Rate) 126M(25%)->120M(24%)
[59.914s][info][gc,start    ] GC(210) Garbage Collection (Allocation Rate)
[59.921s][info][gc,phases   ] GC(210) Pause Mark Start 3.942ms
[60.009s][info][gc,phases   ] GC(210) Concurrent Mark 88.359ms
[60.012s][info][gc,phases   ] GC(210) Pause Mark End 0.396ms
[60.014s][info][gc,phases   ] GC(210) Concurrent Process Non-Strong References 1.502ms
[60.014s][info][gc,phases   ] GC(210) Concurrent Reset Relocation Set 0.002ms
[60.014s][info][gc,phases   ] GC(210) Concurrent Destroy Detached Pages 0.000ms
[60.016s][info][gc,phases   ] GC(210) Concurrent Select Relocation Set 1.627ms
[60.016s][info][gc,phases   ] GC(210) Concurrent Prepare Relocation Set 0.012ms
[60.018s][info][gc,phases   ] GC(210) Pause Relocate Start 2.477ms
[60.024s][info][gc,phases   ] GC(210) Concurrent Relocate 5.867ms
[60.024s][info][gc,load     ] GC(210) Load: 2.00/1.11/0.50
[60.024s][info][gc,mmu      ] GC(210) MMU: 2ms/0.0%, 5ms/0.0%, 10ms/0.0%, 20ms/0.0%, 50ms/59.1%, 100ms/77.1%
[60.024s][info][gc,marking  ] GC(210) Mark: 1 stripe(s), 2 proactive flush(es), 1 terminate flush(es), 0 completion(s), 0 continuation(s) 
[60.024s][info][gc,reloc    ] GC(210) Relocation: Successful, 6M relocated
[60.024s][info][gc,nmethod  ] GC(210) NMethods: 3141 registered, 0 unregistered
[60.024s][info][gc,metaspace] GC(210) Metaspace: 70M used, 75M capacity, 75M committed, 76M reserved
[60.024s][info][gc,ref      ] GC(210) Soft: 2201 encountered, 0 discovered, 0 enqueued
[60.024s][info][gc,ref      ] GC(210) Weak: 4547 encountered, 3572 discovered, 0 enqueued
[60.024s][info][gc,ref      ] GC(210) Final: 27 encountered, 0 discovered, 0 enqueued
[60.024s][info][gc,ref      ] GC(210) Phantom: 652 encountered, 648 discovered, 0 enqueued
[60.024s][info][gc,heap     ] GC(210)                Mark Start          Mark End        Relocate Start      Relocate End           High               Low         
[60.024s][info][gc,heap     ] GC(210)  Capacity:      500M (100%)        500M (100%)        500M (100%)        500M (100%)        500M (100%)        500M (100%)   
[60.024s][info][gc,heap     ] GC(210)   Reserve:       34M (7%)           34M (7%)           34M (7%)           34M (7%)           34M (7%)           34M (7%)     
[60.024s][info][gc,heap     ] GC(210)      Free:      344M (69%)         286M (57%)         336M (67%)         338M (68%)         344M (69%)         286M (57%)    
[60.024s][info][gc,heap     ] GC(210)      Used:      122M (24%)         180M (36%)         130M (26%)         128M (26%)         180M (36%)         122M (24%)    
[60.024s][info][gc,heap     ] GC(210)      Live:         -                30M (6%)           30M (6%)           30M (6%)             -                  -          
[60.024s][info][gc,heap     ] GC(210) Allocated:         -                58M (12%)          58M (12%)          68M (14%)            -                  -          
[60.024s][info][gc,heap     ] GC(210)   Garbage:         -                91M (18%)          41M (8%)           31M (6%)             -                  -          
[60.024s][info][gc,heap     ] GC(210) Reclaimed:         -                  -                50M (10%)          60M (12%)            -                  -          
[60.024s][info][gc          ] GC(210) Garbage Collection (Allocation Rate) 122M(24%)->128M(26%)
[60.113s][info][gc,stats    ] === Garbage Collection Statistics =======================================================================================================================
[60.113s][info][gc,stats    ]                                                              Last 10s              Last 10m              Last 10h                Total
[60.113s][info][gc,stats    ]                                                              Avg / Max             Avg / Max             Avg / Max             Avg / Max
[60.113s][info][gc,stats    ]   Collector: Garbage Collection Cycle                    176.092 / 444.065     202.061 / 786.210     202.061 / 786.210     202.061 / 786.210     ms
[60.113s][info][gc,stats    ]  Contention: Mark Segment Reset Contention                     0 / 0                 0 / 0                 0 / 0                 0 / 0           ops/s
[60.113s][info][gc,stats    ]  Contention: Mark SeqNum Reset Contention                      0 / 0                 0 / 0                 0 / 0                 0 / 0           ops/s
[60.113s][info][gc,stats    ]  Contention: Relocation Contention                             0 / 1                 0 / 2                 0 / 2                 0 / 2           ops/s
[60.113s][info][gc,stats    ]    Critical: Allocation Stall                             34.211 / 264.028      37.739 / 271.228      37.739 / 271.228      37.739 / 271.228     ms
[60.113s][info][gc,stats    ]    Critical: Allocation Stall                                  5 / 24                4 / 25                4 / 25                4 / 25          ops/s
[60.113s][info][gc,stats    ]    Critical: GC Locker Stall                               0.000 / 0.000         2.158 / 4.829         2.158 / 4.829         2.158 / 4.829       ms
[60.113s][info][gc,stats    ]    Critical: GC Locker Stall                                   0 / 0                 0 / 1                 0 / 1                 0 / 1           ops/s
[60.113s][info][gc,stats    ]      Memory: Allocation Rate                                 717 / 924             564 / 1288            564 / 1288            564 / 1288        MB/s
[60.113s][info][gc,stats    ]      Memory: Heap Used After Mark                            307 / 466             324 / 466             324 / 466             324 / 466         MB
[60.113s][info][gc,stats    ]      Memory: Heap Used After Relocation                      188 / 384             204 / 438             204 / 438             204 / 438         MB
[60.113s][info][gc,stats    ]      Memory: Heap Used Before Mark                           242 / 466             253 / 466             253 / 466             253 / 466         MB
[60.113s][info][gc,stats    ]      Memory: Heap Used Before Relocation                     217 / 466             241 / 466             241 / 466             241 / 466         MB
[60.113s][info][gc,stats    ]      Memory: Out Of Memory                                     0 / 0                 0 / 0                 0 / 0                 0 / 0           ops/s
[60.113s][info][gc,stats    ]      Memory: Page Cache Flush                                 31 / 102              27 / 144              27 / 144              27 / 144         MB/s
[60.113s][info][gc,stats    ]      Memory: Page Cache Hit L1                               352 / 469             274 / 653             274 / 653             274 / 653         ops/s
[60.113s][info][gc,stats    ]      Memory: Page Cache Hit L2                                 0 / 0                 0 / 0                 0 / 0                 0 / 0           ops/s
[60.113s][info][gc,stats    ]      Memory: Page Cache Miss                                   8 / 35               10 / 154              10 / 154              10 / 154         ops/s
[60.113s][info][gc,stats    ]      Memory: Undo Object Allocation Failed                     0 / 0                 0 / 0                 0 / 0                 0 / 0           ops/s
[60.113s][info][gc,stats    ]      Memory: Undo Object Allocation Succeeded                  0 / 1                 0 / 2                 0 / 2                 0 / 2           ops/s
[60.113s][info][gc,stats    ]      Memory: Undo Page Allocation                              0 / 4                 0 / 4                 0 / 4                 0 / 4           ops/s
[60.113s][info][gc,stats    ]       Phase: Concurrent Destroy Detached Pages             0.003 / 0.030         0.003 / 0.045         0.003 / 0.045         0.003 / 0.045       ms
[60.113s][info][gc,stats    ]       Phase: Concurrent Mark                             128.332 / 309.341     143.874 / 582.256     143.874 / 582.256     143.874 / 582.256     ms
[60.113s][info][gc,stats    ]       Phase: Concurrent Mark Continue                      0.000 / 0.000         0.000 / 0.000         0.000 / 0.000         0.000 / 0.000       ms
[60.113s][info][gc,stats    ]       Phase: Concurrent Prepare Relocation Set             0.367 / 3.537         0.699 / 11.639        0.699 / 11.639        0.699 / 11.639      ms
[60.113s][info][gc,stats    ]       Phase: Concurrent Process Non-Strong References      1.994 / 8.686         1.826 / 8.686         1.826 / 8.686         1.826 / 8.686       ms
[60.113s][info][gc,stats    ]       Phase: Concurrent Relocate                          30.472 / 168.392      41.860 / 371.224      41.860 / 371.224      41.860 / 371.224     ms
[60.113s][info][gc,stats    ]       Phase: Concurrent Reset Relocation Set               0.047 / 0.337         0.066 / 0.580         0.066 / 0.580         0.066 / 0.580       ms
[60.113s][info][gc,stats    ]       Phase: Concurrent Select Relocation Set              2.037 / 6.232         2.090 / 10.573        2.090 / 10.573        2.090 / 10.573      ms
[60.113s][info][gc,stats    ]       Phase: Pause Mark End                                0.442 / 1.749         0.345 / 3.400         0.345 / 3.400         0.345 / 3.400       ms
[60.113s][info][gc,stats    ]       Phase: Pause Mark Start                              3.425 / 7.179         2.795 / 7.179         2.795 / 7.179         2.795 / 7.179       ms
[60.113s][info][gc,stats    ]       Phase: Pause Relocate Start                          2.795 / 6.321         2.508 / 20.181        2.508 / 20.181        2.508 / 20.181      ms
[60.114s][info][gc,stats    ]    Subphase: Concurrent Mark                             126.252 / 309.316     142.463 / 582.233     142.463 / 582.233     142.463 / 582.233     ms
[60.114s][info][gc,stats    ]    Subphase: Concurrent Mark Idle                          0.000 / 0.000         0.000 / 0.000         0.000 / 0.000         0.000 / 0.000       ms
[60.114s][info][gc,stats    ]    Subphase: Concurrent Mark Try Flush                     1.201 / 7.412         1.324 / 20.193        1.324 / 20.193        1.324 / 20.193      ms
[60.114s][info][gc,stats    ]    Subphase: Concurrent Mark Try Terminate                 0.447 / 3.947         0.477 / 9.762         0.477 / 9.762         0.477 / 9.762       ms
[60.114s][info][gc,stats    ]    Subphase: Concurrent References Enqueue                 0.001 / 0.004         0.001 / 0.007         0.001 / 0.007         0.001 / 0.007       ms
[60.114s][info][gc,stats    ]    Subphase: Concurrent References Process                 0.867 / 6.382         0.802 / 6.382         0.802 / 6.382         0.802 / 6.382       ms
[60.114s][info][gc,stats    ]    Subphase: Concurrent Weak Roots                         0.985 / 5.858         0.907 / 6.746         0.907 / 6.746         0.907 / 6.746       ms
[60.114s][info][gc,stats    ]    Subphase: Concurrent Weak Roots JNIWeakHandles          0.000 / 0.001         0.000 / 0.001         0.000 / 0.001         0.000 / 0.001       ms
[60.114s][info][gc,stats    ]    Subphase: Concurrent Weak Roots StringTable             0.751 / 5.636         0.675 / 6.312         0.675 / 6.312         0.675 / 6.312       ms
[60.114s][info][gc,stats    ]    Subphase: Concurrent Weak Roots VMWeakHandles           0.232 / 0.507         0.231 / 0.881         0.231 / 0.881         0.231 / 0.881       ms
[60.114s][info][gc,stats    ]    Subphase: Pause Mark Try Complete                       0.001 / 0.001         0.001 / 0.002         0.001 / 0.002         0.001 / 0.002       ms
[60.114s][info][gc,stats    ]    Subphase: Pause Remap TLABS                             0.002 / 0.004         0.001 / 0.004         0.001 / 0.004         0.001 / 0.004       ms
[60.114s][info][gc,stats    ]    Subphase: Pause Retire TLABS                            0.022 / 0.035         0.017 / 0.053         0.017 / 0.053         0.017 / 0.053       ms
[60.114s][info][gc,stats    ]    Subphase: Pause Roots                                   1.914 / 6.764         1.594 / 11.639        1.594 / 11.639        1.594 / 11.639      ms
[60.114s][info][gc,stats    ]    Subphase: Pause Roots ClassLoaderDataGraph              0.848 / 4.046         0.719 / 4.046         0.719 / 4.046         0.719 / 4.046       ms
[60.114s][info][gc,stats    ]    Subphase: Pause Roots CodeCache                         1.344 / 5.408         1.113 / 10.972        1.113 / 10.972        1.113 / 10.972      ms
[60.114s][info][gc,stats    ]    Subphase: Pause Roots JNIHandles                        0.001 / 0.003         0.001 / 0.084         0.001 / 0.084         0.001 / 0.084       ms
[60.114s][info][gc,stats    ]    Subphase: Pause Roots JNIWeakHandles                    0.000 / 0.000         0.000 / 0.000         0.000 / 0.000         0.000 / 0.000       ms
[60.114s][info][gc,stats    ]    Subphase: Pause Roots JRFWeak                           0.000 / 0.000         0.000 / 0.000         0.000 / 0.000         0.000 / 0.000       ms
[60.114s][info][gc,stats    ]    Subphase: Pause Roots JVMTIExport                       0.001 / 0.001         0.001 / 0.001         0.001 / 0.001         0.001 / 0.001       ms
[60.114s][info][gc,stats    ]    Subphase: Pause Roots JVMTIWeakExport                   0.001 / 0.002         0.001 / 0.068         0.001 / 0.068         0.001 / 0.068       ms
[60.114s][info][gc,stats    ]    Subphase: Pause Roots Management                        0.001 / 0.003         0.002 / 0.371         0.002 / 0.371         0.002 / 0.371       ms
[60.114s][info][gc,stats    ]    Subphase: Pause Roots ObjectSynchronizer                0.000 / 0.001         0.000 / 0.001         0.000 / 0.001         0.000 / 0.001       ms
[60.114s][info][gc,stats    ]    Subphase: Pause Roots Setup                             0.233 / 0.513         0.221 / 12.197        0.221 / 12.197        0.221 / 12.197      ms
[60.114s][info][gc,stats    ]    Subphase: Pause Roots StringTable                       0.000 / 0.000         0.000 / 0.000         0.000 / 0.000         0.000 / 0.000       ms
[60.114s][info][gc,stats    ]    Subphase: Pause Roots SystemDictionary                  0.011 / 0.046         0.012 / 0.337         0.012 / 0.337         0.012 / 0.337       ms
[60.114s][info][gc,stats    ]    Subphase: Pause Roots Teardown                          0.001 / 0.003         0.001 / 0.004         0.001 / 0.004         0.001 / 0.004       ms
[60.114s][info][gc,stats    ]    Subphase: Pause Roots Threads                           0.438 / 1.116         0.358 / 8.097         0.358 / 8.097         0.358 / 8.097       ms
[60.114s][info][gc,stats    ]    Subphase: Pause Roots Universe                          0.002 / 0.006         0.002 / 0.034         0.002 / 0.034         0.002 / 0.034       ms
[60.114s][info][gc,stats    ]    Subphase: Pause Roots VMWeakHandles                     0.000 / 0.000         0.000 / 0.000         0.000 / 0.000         0.000 / 0.000       ms
[60.114s][info][gc,stats    ]    Subphase: Pause Weak Roots                              0.002 / 0.003         0.002 / 0.007         0.002 / 0.007         0.002 / 0.007       ms
[60.114s][info][gc,stats    ]    Subphase: Pause Weak Roots JFRWeak                      0.001 / 0.001         0.001 / 0.001         0.001 / 0.001         0.001 / 0.001       ms
[60.114s][info][gc,stats    ]    Subphase: Pause Weak Roots JNIWeakHandles               0.000 / 0.000         0.000 / 0.000         0.000 / 0.000         0.000 / 0.000       ms
[60.114s][info][gc,stats    ]    Subphase: Pause Weak Roots JVMTIWeakExport              0.001 / 0.001         0.001 / 0.006         0.001 / 0.006         0.001 / 0.006       ms
[60.114s][info][gc,stats    ]    Subphase: Pause Weak Roots Setup                        0.000 / 0.000         0.000 / 0.000         0.000 / 0.000         0.000 / 0.000       ms
[60.114s][info][gc,stats    ]    Subphase: Pause Weak Roots StringTable                  0.000 / 0.000         0.000 / 0.000         0.000 / 0.000         0.000 / 0.000       ms
[60.114s][info][gc,stats    ]    Subphase: Pause Weak Roots SymbolTable                  0.000 / 0.000         0.000 / 0.000         0.000 / 0.000         0.000 / 0.000       ms
[60.114s][info][gc,stats    ]    Subphase: Pause Weak Roots Teardown                     0.001 / 0.001         0.001 / 0.001         0.001 / 0.001         0.001 / 0.001       ms
[60.114s][info][gc,stats    ]    Subphase: Pause Weak Roots VMWeakHandles                0.000 / 0.000         0.000 / 0.000         0.000 / 0.000         0.000 / 0.000       ms
[60.114s][info][gc,stats    ]      System: Java Threads                                    129 / 137              89 / 137              89 / 137              89 / 137         threads
[60.114s][info][gc,stats    ] =========================================================================================================================================================
[60.114s][info][gc,start    ] GC(211) Garbage Collection (Allocation Rate)
[60.123s][info][gc,phases   ] GC(211) Pause Mark Start 6.205ms
[60.195s][info][gc,phases   ] GC(211) Concurrent Mark 71.971ms
[60.198s][info][gc,phases   ] GC(211) Pause Mark End 0.380ms
[60.199s][info][gc,phases   ] GC(211) Concurrent Process Non-Strong References 1.522ms
[60.199s][info][gc,phases   ] GC(211) Concurrent Reset Relocation Set 0.003ms
[60.199s][info][gc,phases   ] GC(211) Concurrent Destroy Detached Pages 0.000ms
[60.201s][info][gc,phases   ] GC(211) Concurrent Select Relocation Set 1.556ms
[60.201s][info][gc,phases   ] GC(211) Concurrent Prepare Relocation Set 0.017ms
[60.204s][info][gc,phases   ] GC(211) Pause Relocate Start 2.670ms
[60.215s][info][gc,phases   ] GC(211) Concurrent Relocate 10.752ms
[60.215s][info][gc,load     ] GC(211) Load: 2.00/1.11/0.50
[60.215s][info][gc,mmu      ] GC(211) MMU: 2ms/0.0%, 5ms/0.0%, 10ms/0.0%, 20ms/0.0%, 50ms/59.1%, 100ms/77.1%
[60.215s][info][gc,marking  ] GC(211) Mark: 1 stripe(s), 2 proactive flush(es), 1 terminate flush(es), 0 completion(s), 0 continuation(s) 
[60.215s][info][gc,reloc    ] GC(211) Relocation: Successful, 6M relocated
[60.215s][info][gc,nmethod  ] GC(211) NMethods: 3141 registered, 0 unregistered
[60.215s][info][gc,metaspace] GC(211) Metaspace: 70M used, 75M capacity, 75M committed, 76M reserved
[60.215s][info][gc,ref      ] GC(211) Soft: 2201 encountered, 0 discovered, 0 enqueued
[60.215s][info][gc,ref      ] GC(211) Weak: 4547 encountered, 3572 discovered, 0 enqueued
[60.215s][info][gc,ref      ] GC(211) Final: 27 encountered, 0 discovered, 0 enqueued
[60.215s][info][gc,ref      ] GC(211) Phantom: 652 encountered, 648 discovered, 0 enqueued
[60.215s][info][gc,heap     ] GC(211)                Mark Start          Mark End        Relocate Start      Relocate End           High               Low         
[60.215s][info][gc,heap     ] GC(211)  Capacity:      500M (100%)        500M (100%)        500M (100%)        500M (100%)        500M (100%)        500M (100%)   
[60.215s][info][gc,heap     ] GC(211)   Reserve:       34M (7%)           34M (7%)           34M (7%)           34M (7%)           34M (7%)           34M (7%)     
[60.215s][info][gc,heap     ] GC(211)      Free:      188M (38%)         134M (27%)         344M (69%)         340M (68%)         344M (69%)         134M (27%)    
[60.215s][info][gc,heap     ] GC(211)      Used:      278M (56%)         332M (66%)         122M (24%)         126M (25%)         332M (66%)         122M (24%)    
[60.215s][info][gc,heap     ] GC(211)      Live:         -                30M (6%)           30M (6%)           30M (6%)             -                  -          
[60.215s][info][gc,heap     ] GC(211) Allocated:         -                54M (11%)          54M (11%)          66M (13%)            -                  -          
[60.215s][info][gc,heap     ] GC(211)   Garbage:         -               247M (50%)          37M (8%)           31M (6%)             -                  -          
[60.215s][info][gc,heap     ] GC(211) Reclaimed:         -                  -               210M (42%)         216M (43%)            -                  -          
[60.215s][info][gc          ] GC(211) Garbage Collection (Allocation Rate) 278M(56%)->126M(25%)
[60.313s][info][gc,start    ] GC(212) Garbage Collection (Allocation Rate)
[60.319s][info][gc,phases   ] GC(212) Pause Mark Start 3.252ms
[60.381s][info][gc,phases   ] GC(212) Concurrent Mark 61.703ms
[60.384s][info][gc,phases   ] GC(212) Pause Mark End 0.390ms
[60.385s][info][gc,phases   ] GC(212) Concurrent Process Non-Strong References 1.499ms
[60.385s][info][gc,phases   ] GC(212) Concurrent Reset Relocation Set 0.003ms
[60.385s][info][gc,phases   ] GC(212) Concurrent Destroy Detached Pages 0.001ms
[60.387s][info][gc,phases   ] GC(212) Concurrent Select Relocation Set 1.555ms
[60.387s][info][gc,phases   ] GC(212) Concurrent Prepare Relocation Set 0.012ms
[60.390s][info][gc,phases   ] GC(212) Pause Relocate Start 2.623ms
[60.395s][info][gc,phases   ] GC(212) Concurrent Relocate 5.856ms
[60.396s][info][gc,load     ] GC(212) Load: 2.00/1.11/0.50
[60.396s][info][gc,mmu      ] GC(212) MMU: 2ms/0.0%, 5ms/0.0%, 10ms/0.0%, 20ms/0.0%, 50ms/59.1%, 100ms/77.1%
[60.396s][info][gc,marking  ] GC(212) Mark: 1 stripe(s), 2 proactive flush(es), 1 terminate flush(es), 0 completion(s), 0 continuation(s) 
[60.396s][info][gc,reloc    ] GC(212) Relocation: Successful, 6M relocated
[60.396s][info][gc,nmethod  ] GC(212) NMethods: 3141 registered, 0 unregistered
[60.396s][info][gc,metaspace] GC(212) Metaspace: 70M used, 75M capacity, 75M committed, 76M reserved
[60.396s][info][gc,ref      ] GC(212) Soft: 2201 encountered, 0 discovered, 0 enqueued
[60.396s][info][gc,ref      ] GC(212) Weak: 4547 encountered, 3572 discovered, 0 enqueued
[60.396s][info][gc,ref      ] GC(212) Final: 27 encountered, 0 discovered, 0 enqueued
[60.396s][info][gc,ref      ] GC(212) Phantom: 652 encountered, 648 discovered, 0 enqueued
[60.396s][info][gc,heap     ] GC(212)                Mark Start          Mark End        Relocate Start      Relocate End           High               Low         
[60.396s][info][gc,heap     ] GC(212)  Capacity:      500M (100%)        500M (100%)        500M (100%)        500M (100%)        500M (100%)        500M (100%)   
[60.396s][info][gc,heap     ] GC(212)   Reserve:       34M (7%)           34M (7%)           34M (7%)           34M (7%)           34M (7%)           34M (7%)     
[60.396s][info][gc,heap     ] GC(212)      Free:      182M (36%)         126M (25%)         342M (68%)         340M (68%)         342M (68%)         126M (25%)    
[60.396s][info][gc,heap     ] GC(212)      Used:      284M (57%)         340M (68%)         124M (25%)         126M (25%)         340M (68%)         124M (25%)    
[60.396s][info][gc,heap     ] GC(212)      Live:         -                30M (6%)           30M (6%)           30M (6%)             -                  -          
[60.396s][info][gc,heap     ] GC(212) Allocated:         -                56M (11%)          56M (11%)          66M (13%)            -                  -          
[60.396s][info][gc,heap     ] GC(212)   Garbage:         -               253M (51%)          37M (8%)           31M (6%)             -                  -          
[60.396s][info][gc,heap     ] GC(212) Reclaimed:         -                  -               216M (43%)         222M (44%)            -                  -          
[60.396s][info][gc          ] GC(212) Garbage Collection (Allocation Rate) 284M(57%)->126M(25%)
[60.413s][info][gc,start    ] GC(213) Garbage Collection (Allocation Rate)
[60.418s][info][gc,phases   ] GC(213) Pause Mark Start 3.041ms
[60.480s][info][gc,phases   ] GC(213) Concurrent Mark 61.811ms
[60.483s][info][gc,phases   ] GC(213) Pause Mark End 0.399ms
[60.485s][info][gc,phases   ] GC(213) Concurrent Process Non-Strong References 1.526ms
[60.485s][info][gc,phases   ] GC(213) Concurrent Reset Relocation Set 0.002ms
[60.485s][info][gc,phases   ] GC(213) Concurrent Destroy Detached Pages 0.001ms
[60.487s][info][gc,phases   ] GC(213) Concurrent Select Relocation Set 1.746ms
[60.487s][info][gc,phases   ] GC(213) Concurrent Prepare Relocation Set 0.013ms
[60.490s][info][gc,phases   ] GC(213) Pause Relocate Start 2.650ms
[60.496s][info][gc,phases   ] GC(213) Concurrent Relocate 6.606ms
[60.496s][info][gc,load     ] GC(213) Load: 2.00/1.11/0.50
[60.496s][info][gc,mmu      ] GC(213) MMU: 2ms/0.0%, 5ms/0.0%, 10ms/0.0%, 20ms/0.0%, 50ms/59.1%, 100ms/77.1%
[60.496s][info][gc,marking  ] GC(213) Mark: 1 stripe(s), 2 proactive flush(es), 1 terminate flush(es), 0 completion(s), 0 continuation(s) 
[60.496s][info][gc,reloc    ] GC(213) Relocation: Successful, 6M relocated
[60.496s][info][gc,nmethod  ] GC(213) NMethods: 3141 registered, 0 unregistered
[60.496s][info][gc,metaspace] GC(213) Metaspace: 70M used, 75M capacity, 75M committed, 76M reserved
[60.496s][info][gc,ref      ] GC(213) Soft: 2201 encountered, 0 discovered, 0 enqueued
[60.496s][info][gc,ref      ] GC(213) Weak: 4547 encountered, 3572 discovered, 0 enqueued
[60.496s][info][gc,ref      ] GC(213) Final: 27 encountered, 0 discovered, 0 enqueued
[60.496s][info][gc,ref      ] GC(213) Phantom: 652 encountered, 648 discovered, 0 enqueued
[60.496s][info][gc,heap     ] GC(213)                Mark Start          Mark End        Relocate Start      Relocate End           High               Low         
[60.496s][info][gc,heap     ] GC(213)  Capacity:      500M (100%)        500M (100%)        500M (100%)        500M (100%)        500M (100%)        500M (100%)   
[60.496s][info][gc,heap     ] GC(213)   Reserve:       34M (7%)           34M (7%)           34M (7%)           34M (7%)           34M (7%)           34M (7%)     
[60.496s][info][gc,heap     ] GC(213)      Free:      312M (62%)         258M (52%)         344M (69%)         340M (68%)         344M (69%)         258M (52%)    
[60.496s][info][gc,heap     ] GC(213)      Used:      154M (31%)         208M (42%)         122M (24%)         126M (25%)         208M (42%)         122M (24%)    
[60.496s][info][gc,heap     ] GC(213)      Live:         -                30M (6%)           30M (6%)           30M (6%)             -                  -          
[60.496s][info][gc,heap     ] GC(213) Allocated:         -                54M (11%)          54M (11%)          66M (13%)            -                  -          
[60.496s][info][gc,heap     ] GC(213)   Garbage:         -               123M (25%)          37M (8%)           33M (7%)             -                  -          
[60.496s][info][gc,heap     ] GC(213) Reclaimed:         -                  -                86M (17%)          90M (18%)            -                  -          
[60.496s][info][gc          ] GC(213) Garbage Collection (Allocation Rate) 154M(31%)->126M(25%)
[60.514s][info][gc,start    ] GC(214) Garbage Collection (Allocation Rate)
[60.519s][info][gc,phases   ] GC(214) Pause Mark Start 3.246ms
[60.586s][info][gc,phases   ] GC(214) Concurrent Mark 66.509ms
[60.589s][info][gc,phases   ] GC(214) Pause Mark End 0.471ms
[60.591s][info][gc,phases   ] GC(214) Concurrent Process Non-Strong References 2.554ms
[60.591s][info][gc,phases   ] GC(214) Concurrent Reset Relocation Set 0.004ms
[60.591s][info][gc,phases   ] GC(214) Concurrent Destroy Detached Pages 0.001ms
[60.594s][info][gc,phases   ] GC(214) Concurrent Select Relocation Set 2.334ms
[60.594s][info][gc,phases   ] GC(214) Concurrent Prepare Relocation Set 0.019ms
[60.597s][info][gc,phases   ] GC(214) Pause Relocate Start 3.215ms
[60.604s][info][gc,phases   ] GC(214) Concurrent Relocate 1.326ms
[60.604s][info][gc,load     ] GC(214) Load: 2.00/1.11/0.50
[60.604s][info][gc,mmu      ] GC(214) MMU: 2ms/0.0%, 5ms/0.0%, 10ms/0.0%, 20ms/0.0%, 50ms/59.1%, 100ms/77.1%
[60.604s][info][gc,marking  ] GC(214) Mark: 1 stripe(s), 2 proactive flush(es), 1 terminate flush(es), 0 completion(s), 0 continuation(s) 
[60.604s][info][gc,reloc    ] GC(214) Relocation: Successful, 6M relocated
[60.604s][info][gc,nmethod  ] GC(214) NMethods: 3141 registered, 0 unregistered
[60.604s][info][gc,metaspace] GC(214) Metaspace: 70M used, 75M capacity, 75M committed, 76M reserved
[60.604s][info][gc,ref      ] GC(214) Soft: 2201 encountered, 0 discovered, 0 enqueued
[60.604s][info][gc,ref      ] GC(214) Weak: 4547 encountered, 3572 discovered, 0 enqueued
[60.604s][info][gc,ref      ] GC(214) Final: 27 encountered, 0 discovered, 0 enqueued
[60.604s][info][gc,ref      ] GC(214) Phantom: 652 encountered, 648 discovered, 0 enqueued
[60.604s][info][gc,heap     ] GC(214)                Mark Start          Mark End        Relocate Start      Relocate End           High               Low         
[60.604s][info][gc,heap     ] GC(214)  Capacity:      500M (100%)        500M (100%)        500M (100%)        500M (100%)        500M (100%)        500M (100%)   
[60.604s][info][gc,heap     ] GC(214)   Reserve:       34M (7%)           34M (7%)           34M (7%)           34M (7%)           34M (7%)           34M (7%)     
[60.604s][info][gc,heap     ] GC(214)      Free:      312M (62%)         260M (52%)         346M (69%)         344M (69%)         346M (69%)         260M (52%)    
[60.604s][info][gc,heap     ] GC(214)      Used:      154M (31%)         206M (41%)         120M (24%)         122M (24%)         206M (41%)         120M (24%)    
[60.604s][info][gc,heap     ] GC(214)      Live:         -                30M (6%)           30M (6%)           30M (6%)             -                  -          
[60.604s][info][gc,heap     ] GC(214) Allocated:         -                52M (10%)          52M (10%)          62M (12%)            -                  -          
[60.604s][info][gc,heap     ] GC(214)   Garbage:         -               123M (25%)          37M (8%)           33M (7%)             -                  -          
[60.604s][info][gc,heap     ] GC(214) Reclaimed:         -                  -                86M (17%)          90M (18%)            -                  -          
[60.604s][info][gc          ] GC(214) Garbage Collection (Allocation Rate) 154M(31%)->122M(24%)
[60.613s][info][gc,start    ] GC(215) Garbage Collection (Allocation Rate)
[60.620s][info][gc,phases   ] GC(215) Pause Mark Start 3.381ms
[60.692s][info][gc,phases   ] GC(215) Concurrent Mark 72.723ms
[60.697s][info][gc,phases   ] GC(215) Pause Mark End 1.771ms
[60.699s][info][gc,phases   ] GC(215) Concurrent Process Non-Strong References 1.718ms
[60.699s][info][gc,phases   ] GC(215) Concurrent Reset Relocation Set 0.003ms
[60.699s][info][gc,phases   ] GC(215) Concurrent Destroy Detached Pages 0.001ms
[60.701s][info][gc,phases   ] GC(215) Concurrent Select Relocation Set 1.733ms
[60.701s][info][gc,phases   ] GC(215) Concurrent Prepare Relocation Set 0.018ms
[60.704s][info][gc,phases   ] GC(215) Pause Relocate Start 2.982ms
[60.708s][info][gc,phases   ] GC(215) Concurrent Relocate 4.545ms
[60.709s][info][gc,load     ] GC(215) Load: 2.00/1.11/0.50
[60.709s][info][gc,mmu      ] GC(215) MMU: 2ms/0.0%, 5ms/0.0%, 10ms/0.0%, 20ms/0.0%, 50ms/59.1%, 100ms/77.1%
[60.709s][info][gc,marking  ] GC(215) Mark: 1 stripe(s), 2 proactive flush(es), 1 terminate flush(es), 0 completion(s), 0 continuation(s) 
[60.709s][info][gc,reloc    ] GC(215) Relocation: Successful, 6M relocated
[60.709s][info][gc,nmethod  ] GC(215) NMethods: 3141 registered, 0 unregistered
[60.709s][info][gc,metaspace] GC(215) Metaspace: 70M used, 75M capacity, 75M committed, 76M reserved
[60.709s][info][gc,ref      ] GC(215) Soft: 2201 encountered, 0 discovered, 0 enqueued
[60.709s][info][gc,ref      ] GC(215) Weak: 4547 encountered, 3572 discovered, 0 enqueued
[60.709s][info][gc,ref      ] GC(215) Final: 27 encountered, 0 discovered, 0 enqueued
[60.709s][info][gc,ref      ] GC(215) Phantom: 652 encountered, 648 discovered, 0 enqueued
[60.709s][info][gc,heap     ] GC(215)                Mark Start          Mark End        Relocate Start      Relocate End           High               Low         
[60.709s][info][gc,heap     ] GC(215)  Capacity:      500M (100%)        500M (100%)        500M (100%)        500M (100%)        500M (100%)        500M (100%)   
[60.709s][info][gc,heap     ] GC(215)   Reserve:       34M (7%)           34M (7%)           34M (7%)           34M (7%)           34M (7%)           34M (7%)     
[60.709s][info][gc,heap     ] GC(215)      Free:      332M (66%)         274M (55%)         336M (67%)         342M (68%)         342M (68%)         274M (55%)    
[60.709s][info][gc,heap     ] GC(215)      Used:      134M (27%)         192M (38%)         130M (26%)         124M (25%)         192M (38%)         124M (25%)    
[60.709s][info][gc,heap     ] GC(215)      Live:         -                30M (6%)           30M (6%)           30M (6%)             -                  -          
[60.709s][info][gc,heap     ] GC(215) Allocated:         -                58M (12%)          58M (12%)          64M (13%)            -                  -          
[60.709s][info][gc,heap     ] GC(215)   Garbage:         -               103M (21%)          41M (8%)           31M (6%)             -                  -          
[60.709s][info][gc,heap     ] GC(215) Reclaimed:         -                  -                62M (12%)          72M (14%)            -                  -          
[60.709s][info][gc          ] GC(215) Garbage Collection (Allocation Rate) 134M(27%)->124M(25%)
[60.713s][info][gc,start    ] GC(216) Garbage Collection (Allocation Rate)
[60.719s][info][gc,phases   ] GC(216) Pause Mark Start 3.778ms
[60.799s][info][gc,phases   ] GC(216) Concurrent Mark 79.519ms
[60.802s][info][gc,phases   ] GC(216) Pause Mark End 0.620ms
[60.804s][info][gc,phases   ] GC(216) Concurrent Process Non-Strong References 1.786ms
[60.804s][info][gc,phases   ] GC(216) Concurrent Reset Relocation Set 0.004ms
[60.804s][info][gc,phases   ] GC(216) Concurrent Destroy Detached Pages 0.001ms
[60.806s][info][gc,phases   ] GC(216) Concurrent Select Relocation Set 2.301ms
[60.806s][info][gc,phases   ] GC(216) Concurrent Prepare Relocation Set 0.018ms
[60.810s][info][gc,phases   ] GC(216) Pause Relocate Start 3.042ms
[60.815s][info][gc,phases   ] GC(216) Concurrent Relocate 5.271ms
[60.815s][info][gc,load     ] GC(216) Load: 2.00/1.11/0.50
[60.815s][info][gc,mmu      ] GC(216) MMU: 2ms/0.0%, 5ms/0.0%, 10ms/0.0%, 20ms/0.0%, 50ms/59.1%, 100ms/77.1%
[60.815s][info][gc,marking  ] GC(216) Mark: 1 stripe(s), 2 proactive flush(es), 1 terminate flush(es), 0 completion(s), 0 continuation(s) 
[60.815s][info][gc,reloc    ] GC(216) Relocation: Successful, 6M relocated
[60.815s][info][gc,nmethod  ] GC(216) NMethods: 3141 registered, 0 unregistered
[60.815s][info][gc,metaspace] GC(216) Metaspace: 70M used, 75M capacity, 75M committed, 76M reserved
[60.815s][info][gc,ref      ] GC(216) Soft: 2201 encountered, 0 discovered, 0 enqueued
[60.815s][info][gc,ref      ] GC(216) Weak: 4547 encountered, 3572 discovered, 0 enqueued
[60.815s][info][gc,ref      ] GC(216) Final: 27 encountered, 0 discovered, 0 enqueued
[60.815s][info][gc,ref      ] GC(216) Phantom: 652 encountered, 648 discovered, 0 enqueued
[60.815s][info][gc,heap     ] GC(216)                Mark Start          Mark End        Relocate Start      Relocate End           High               Low         
[60.815s][info][gc,heap     ] GC(216)  Capacity:      500M (100%)        500M (100%)        500M (100%)        500M (100%)        500M (100%)        500M (100%)   
[60.815s][info][gc,heap     ] GC(216)   Reserve:       34M (7%)           34M (7%)           34M (7%)           34M (7%)           34M (7%)           34M (7%)     
[60.815s][info][gc,heap     ] GC(216)      Free:      336M (67%)         276M (55%)         336M (67%)         338M (68%)         338M (68%)         276M (55%)    
[60.815s][info][gc,heap     ] GC(216)      Used:      130M (26%)         190M (38%)         130M (26%)         128M (26%)         190M (38%)         128M (26%)    
[60.815s][info][gc,heap     ] GC(216)      Live:         -                30M (6%)           30M (6%)           30M (6%)             -                  -          
[60.815s][info][gc,heap     ] GC(216) Allocated:         -                60M (12%)          60M (12%)          68M (14%)            -                  -          
[60.815s][info][gc,heap     ] GC(216)   Garbage:         -                99M (20%)          39M (8%)           31M (6%)             -                  -          
[60.815s][info][gc,heap     ] GC(216) Reclaimed:         -                  -                60M (12%)          68M (14%)            -                  -          
[60.815s][info][gc          ] GC(216) Garbage Collection (Allocation Rate) 130M(26%)->128M(26%)
[60.913s][info][gc,start    ] GC(217) Garbage Collection (Allocation Rate)
[60.919s][info][gc,phases   ] GC(217) Pause Mark Start 3.366ms
[60.991s][info][gc,phases   ] GC(217) Concurrent Mark 71.921ms
[60.995s][info][gc,phases   ] GC(217) Pause Mark End 0.535ms
[60.997s][info][gc,phases   ] GC(217) Concurrent Process Non-Strong References 2.006ms
[60.997s][info][gc,phases   ] GC(217) Concurrent Reset Relocation Set 0.004ms
[60.997s][info][gc,phases   ] GC(217) Concurrent Destroy Detached Pages 0.001ms
[61.001s][info][gc,phases   ] GC(217) Concurrent Select Relocation Set 3.233ms
[61.001s][info][gc,phases   ] GC(217) Concurrent Prepare Relocation Set 0.019ms
[61.005s][info][gc,phases   ] GC(217) Pause Relocate Start 3.552ms
[61.012s][info][gc,phases   ] GC(217) Concurrent Relocate 5.332ms
[61.012s][info][gc,load     ] GC(217) Load: 2.00/1.11/0.50
[61.012s][info][gc,mmu      ] GC(217) MMU: 2ms/0.0%, 5ms/0.0%, 10ms/0.0%, 20ms/0.0%, 50ms/59.1%, 100ms/77.1%
[61.013s][info][gc,marking  ] GC(217) Mark: 1 stripe(s), 2 proactive flush(es), 1 terminate flush(es), 0 completion(s), 0 continuation(s) 
[61.013s][info][gc,reloc    ] GC(217) Relocation: Successful, 6M relocated
[61.013s][info][gc,nmethod  ] GC(217) NMethods: 3141 registered, 0 unregistered
[61.013s][info][gc,metaspace] GC(217) Metaspace: 70M used, 75M capacity, 75M committed, 76M reserved
[61.013s][info][gc,ref      ] GC(217) Soft: 2201 encountered, 0 discovered, 0 enqueued
[61.013s][info][gc,ref      ] GC(217) Weak: 4547 encountered, 3572 discovered, 0 enqueued
[61.013s][info][gc,ref      ] GC(217) Final: 27 encountered, 0 discovered, 0 enqueued
[61.013s][info][gc,ref      ] GC(217) Phantom: 652 encountered, 648 discovered, 0 enqueued
[61.013s][info][gc,heap     ] GC(217)                Mark Start          Mark End        Relocate Start      Relocate End           High               Low         
[61.013s][info][gc,heap     ] GC(217)  Capacity:      500M (100%)        500M (100%)        500M (100%)        500M (100%)        500M (100%)        500M (100%)   
[61.013s][info][gc,heap     ] GC(217)   Reserve:       34M (7%)           34M (7%)           34M (7%)           34M (7%)           34M (7%)           34M (7%)     
[61.013s][info][gc,heap     ] GC(217)      Free:      206M (41%)         154M (31%)         344M (69%)         346M (69%)         346M (69%)         154M (31%)    
[61.013s][info][gc,heap     ] GC(217)      Used:      260M (52%)         312M (62%)         122M (24%)         120M (24%)         312M (62%)         120M (24%)    
[61.013s][info][gc,heap     ] GC(217)      Live:         -                30M (6%)           30M (6%)           30M (6%)             -                  -          
[61.013s][info][gc,heap     ] GC(217) Allocated:         -                52M (10%)          52M (10%)          60M (12%)            -                  -          
[61.013s][info][gc,heap     ] GC(217)   Garbage:         -               229M (46%)          39M (8%)           31M (6%)             -                  -          
[61.013s][info][gc,heap     ] GC(217) Reclaimed:         -                  -               190M (38%)         198M (40%)            -                  -          
[61.013s][info][gc          ] GC(217) Garbage Collection (Allocation Rate) 260M(52%)->120M(24%)
[61.013s][info][gc,start    ] GC(218) Garbage Collection (Allocation Rate)
[61.020s][info][gc,phases   ] GC(218) Pause Mark Start 4.058ms
[61.101s][info][gc,phases   ] GC(218) Concurrent Mark 81.040ms
[61.104s][info][gc,phases   ] GC(218) Pause Mark End 0.574ms
[61.106s][info][gc,phases   ] GC(218) Concurrent Process Non-Strong References 1.827ms
[61.106s][info][gc,phases   ] GC(218) Concurrent Reset Relocation Set 0.004ms
[61.106s][info][gc,phases   ] GC(218) Concurrent Destroy Detached Pages 0.001ms
[61.108s][info][gc,phases   ] GC(218) Concurrent Select Relocation Set 1.876ms
[61.108s][info][gc,phases   ] GC(218) Concurrent Prepare Relocation Set 0.015ms
[61.112s][info][gc,phases   ] GC(218) Pause Relocate Start 3.368ms
[61.118s][info][gc,phases   ] GC(218) Concurrent Relocate 6.124ms
[61.118s][info][gc,load     ] GC(218) Load: 2.00/1.11/0.50
[61.118s][info][gc,mmu      ] GC(218) MMU: 2ms/0.0%, 5ms/0.0%, 10ms/0.0%, 20ms/0.0%, 50ms/59.1%, 100ms/77.1%
[61.118s][info][gc,marking  ] GC(218) Mark: 1 stripe(s), 2 proactive flush(es), 1 terminate flush(es), 0 completion(s), 0 continuation(s) 
[61.118s][info][gc,reloc    ] GC(218) Relocation: Successful, 6M relocated
[61.118s][info][gc,nmethod  ] GC(218) NMethods: 3141 registered, 0 unregistered
[61.118s][info][gc,metaspace] GC(218) Metaspace: 70M used, 75M capacity, 75M committed, 76M reserved
[61.118s][info][gc,ref      ] GC(218) Soft: 2201 encountered, 0 discovered, 0 enqueued
[61.118s][info][gc,ref      ] GC(218) Weak: 4547 encountered, 3572 discovered, 0 enqueued
[61.118s][info][gc,ref      ] GC(218) Final: 27 encountered, 0 discovered, 0 enqueued
[61.118s][info][gc,ref      ] GC(218) Phantom: 652 encountered, 648 discovered, 0 enqueued
[61.118s][info][gc,heap     ] GC(218)                Mark Start          Mark End        Relocate Start      Relocate End           High               Low         
[61.118s][info][gc,heap     ] GC(218)  Capacity:      500M (100%)        500M (100%)        500M (100%)        500M (100%)        500M (100%)        500M (100%)   
[61.118s][info][gc,heap     ] GC(218)   Reserve:       34M (7%)           34M (7%)           34M (7%)           34M (7%)           34M (7%)           34M (7%)     
[61.118s][info][gc,heap     ] GC(218)      Free:      344M (69%)         288M (58%)         338M (68%)         342M (68%)         344M (69%)         288M (58%)    
[61.118s][info][gc,heap     ] GC(218)      Used:      122M (24%)         178M (36%)         128M (26%)         124M (25%)         178M (36%)         122M (24%)    
[61.118s][info][gc,heap     ] GC(218)      Live:         -                30M (6%)           30M (6%)           30M (6%)             -                  -          
[61.118s][info][gc,heap     ] GC(218) Allocated:         -                56M (11%)          56M (11%)          64M (13%)            -                  -          
[61.118s][info][gc,heap     ] GC(218)   Garbage:         -                91M (18%)          41M (8%)           33M (7%)             -                  -          
[61.118s][info][gc,heap     ] GC(218) Reclaimed:         -                  -                50M (10%)          58M (12%)            -                  -          
[61.118s][info][gc          ] GC(218) Garbage Collection (Allocation Rate) 122M(24%)->124M(25%)
[61.215s][info][gc,start    ] GC(219) Garbage Collection (Allocation Rate)
[61.220s][info][gc,phases   ] GC(219) Pause Mark Start 4.440ms
[61.249s][info][gc,heap     ] Page Cache Flushed: 6M requested, 10M(320M->310M) flushed
[61.360s][info][gc,phases   ] GC(219) Concurrent Mark 139.671ms
[61.361s][info][gc,phases   ] GC(219) Pause Mark End 0.512ms
[61.363s][info][gc,phases   ] GC(219) Concurrent Process Non-Strong References 1.766ms
[61.363s][info][gc,phases   ] GC(219) Concurrent Reset Relocation Set 0.004ms
[61.363s][info][gc,phases   ] GC(219) Concurrent Destroy Detached Pages 0.006ms
[61.368s][info][gc,phases   ] GC(219) Concurrent Select Relocation Set 4.945ms
[61.368s][info][gc,phases   ] GC(219) Concurrent Prepare Relocation Set 0.030ms
[61.375s][info][gc,phases   ] GC(219) Pause Relocate Start 6.998ms
[61.378s][info][gc,phases   ] GC(219) Concurrent Relocate 2.493ms
[61.378s][info][gc,load     ] GC(219) Load: 2.00/1.11/0.50
[61.378s][info][gc,mmu      ] GC(219) MMU: 2ms/0.0%, 5ms/0.0%, 10ms/0.0%, 20ms/0.0%, 50ms/59.1%, 100ms/77.1%
[61.378s][info][gc,marking  ] GC(219) Mark: 1 stripe(s), 3 proactive flush(es), 1 terminate flush(es), 0 completion(s), 0 continuation(s) 
[61.378s][info][gc,reloc    ] GC(219) Relocation: Successful, 6M relocated
[61.378s][info][gc,nmethod  ] GC(219) NMethods: 3188 registered, 0 unregistered
[61.378s][info][gc,metaspace] GC(219) Metaspace: 71M used, 75M capacity, 75M committed, 76M reserved
[61.378s][info][gc,ref      ] GC(219) Soft: 2332 encountered, 0 discovered, 0 enqueued
[61.378s][info][gc,ref      ] GC(219) Weak: 4614 encountered, 3582 discovered, 2 enqueued
[61.378s][info][gc,ref      ] GC(219) Final: 27 encountered, 0 discovered, 0 enqueued
[61.378s][info][gc,ref      ] GC(219) Phantom: 651 encountered, 647 discovered, 0 enqueued
[61.378s][info][gc,heap     ] GC(219)                Mark Start          Mark End        Relocate Start      Relocate End           High               Low         
[61.378s][info][gc,heap     ] GC(219)  Capacity:      500M (100%)        500M (100%)        500M (100%)        500M (100%)        500M (100%)        500M (100%)   
[61.378s][info][gc,heap     ] GC(219)   Reserve:       34M (7%)           34M (7%)           34M (7%)           34M (7%)           34M (7%)           34M (7%)     
[61.378s][info][gc,heap     ] GC(219)      Free:      320M (64%)         306M (61%)         382M (76%)         390M (78%)         390M (78%)         306M (61%)    
[61.378s][info][gc,heap     ] GC(219)      Used:      146M (29%)         160M (32%)          84M (17%)          76M (15%)         160M (32%)          76M (15%)    
[61.378s][info][gc,heap     ] GC(219)      Live:         -                30M (6%)           30M (6%)           30M (6%)             -                  -          
[61.378s][info][gc,heap     ] GC(219) Allocated:         -                14M (3%)           14M (3%)           16M (3%)             -                  -          
[61.378s][info][gc,heap     ] GC(219)   Garbage:         -               115M (23%)          39M (8%)           31M (6%)             -                  -          
[61.378s][info][gc,heap     ] GC(219) Reclaimed:         -                  -                76M (15%)          84M (17%)            -                  -          
[61.378s][info][gc          ] GC(219) Garbage Collection (Allocation Rate) 146M(29%)->76M(15%)
[61.378s][info][gc,start    ] GC(220) Garbage Collection (System.gc())
[61.392s][info][gc,phases   ] GC(220) Pause Mark Start 13.944ms
[61.437s][info][gc,phases   ] GC(220) Concurrent Mark 43.251ms
[61.437s][info][gc,phases   ] GC(220) Pause Mark End 0.461ms
[61.439s][info][gc,phases   ] GC(220) Concurrent Process Non-Strong References 2.056ms
[61.439s][info][gc,phases   ] GC(220) Concurrent Reset Relocation Set 0.004ms
[61.439s][info][gc,phases   ] GC(220) Concurrent Destroy Detached Pages 0.000ms
[61.441s][info][gc,phases   ] GC(220) Concurrent Select Relocation Set 2.049ms
[61.442s][info][gc,phases   ] GC(220) Concurrent Prepare Relocation Set 0.014ms
[61.445s][info][gc,phases   ] GC(220) Pause Relocate Start 3.231ms
[61.452s][info][gc,phases   ] GC(220) Concurrent Relocate 6.350ms
[61.452s][info][gc,load     ] GC(220) Load: 2.00/1.11/0.50
[61.452s][info][gc,mmu      ] GC(220) MMU: 2ms/0.0%, 5ms/0.0%, 10ms/0.0%, 20ms/0.0%, 50ms/57.1%, 100ms/74.9%
[61.452s][info][gc,marking  ] GC(220) Mark: 1 stripe(s), 2 proactive flush(es), 1 terminate flush(es), 0 completion(s), 0 continuation(s) 
[61.452s][info][gc,reloc    ] GC(220) Relocation: Successful, 7M relocated
[61.452s][info][gc,nmethod  ] GC(220) NMethods: 3191 registered, 0 unregistered
[61.452s][info][gc,metaspace] GC(220) Metaspace: 71M used, 75M capacity, 75M committed, 76M reserved
[61.452s][info][gc,ref      ] GC(220) Soft: 2476 encountered, 0 discovered, 0 enqueued
[61.452s][info][gc,ref      ] GC(220) Weak: 4631 encountered, 3697 discovered, 124 enqueued
[61.452s][info][gc,ref      ] GC(220) Final: 27 encountered, 0 discovered, 0 enqueued
[61.452s][info][gc,ref      ] GC(220) Phantom: 651 encountered, 647 discovered, 0 enqueued
[61.452s][info][gc,heap     ] GC(220)                Mark Start          Mark End        Relocate Start      Relocate End           High               Low         
[61.452s][info][gc,heap     ] GC(220)  Capacity:      500M (100%)        500M (100%)        500M (100%)        500M (100%)        500M (100%)        500M (100%)   
[61.452s][info][gc,heap     ] GC(220)   Reserve:       34M (7%)           34M (7%)           34M (7%)           34M (7%)           34M (7%)           34M (7%)     
[61.452s][info][gc,heap     ] GC(220)      Free:      390M (78%)         390M (78%)         396M (79%)         400M (80%)         400M (80%)         390M (78%)    
[61.452s][info][gc,heap     ] GC(220)      Used:       76M (15%)          76M (15%)          70M (14%)          66M (13%)          76M (15%)          66M (13%)    
[61.452s][info][gc,heap     ] GC(220)      Live:         -                31M (6%)           31M (6%)           31M (6%)             -                  -          
[61.452s][info][gc,heap     ] GC(220) Allocated:         -                 0M (0%)            0M (0%)            4M (1%)             -                  -          
[61.452s][info][gc,heap     ] GC(220)   Garbage:         -                44M (9%)           38M (8%)           34M (7%)             -                  -          
[61.452s][info][gc,heap     ] GC(220) Reclaimed:         -                  -                 6M (1%)           10M (2%)             -                  -          
[61.452s][info][gc          ] GC(220) Garbage Collection (System.gc()) 76M(15%)->66M(13%)
[61.472s][info][gc,heap     ] Page Cache Flushed: 30M requested, 30M(396M->366M) flushed
[61.513s][info][gc,start    ] GC(221) Garbage Collection (Allocation Rate)
[61.521s][info][gc,phases   ] GC(221) Pause Mark Start 4.136ms
[61.540s][info][gc,heap     ] Page Cache Flushed: 6M requested, 6M(358M->352M) flushed
[61.676s][info][gc,heap     ] Page Cache Flushed: 32M requested, 32M(304M->272M) flushed
[61.684s][info][gc,phases   ] GC(221) Concurrent Mark 163.479ms
[61.691s][info][gc,phases   ] GC(221) Pause Mark End 0.700ms
[61.696s][info][gc,phases   ] GC(221) Concurrent Process Non-Strong References 4.981ms
[61.696s][info][gc,phases   ] GC(221) Concurrent Reset Relocation Set 0.004ms
[61.696s][info][gc,phases   ] GC(221) Concurrent Destroy Detached Pages 0.045ms
[61.700s][info][gc,phases   ] GC(221) Concurrent Select Relocation Set 3.640ms
[61.700s][info][gc,phases   ] GC(221) Concurrent Prepare Relocation Set 0.013ms
[61.708s][info][gc,phases   ] GC(221) Pause Relocate Start 3.108ms
[61.712s][info][gc,phases   ] GC(221) Concurrent Relocate 0.949ms
[61.712s][info][gc,load     ] GC(221) Load: 2.00/1.11/0.50
[61.712s][info][gc,mmu      ] GC(221) MMU: 2ms/0.0%, 5ms/0.0%, 10ms/0.0%, 20ms/0.0%, 50ms/57.1%, 100ms/74.9%
[61.712s][info][gc,marking  ] GC(221) Mark: 1 stripe(s), 2 proactive flush(es), 1 terminate flush(es), 0 completion(s), 0 continuation(s) 
[61.712s][info][gc,reloc    ] GC(221) Relocation: Successful, 7M relocated
[61.712s][info][gc,nmethod  ] GC(221) NMethods: 3225 registered, 0 unregistered
[61.712s][info][gc,metaspace] GC(221) Metaspace: 71M used, 75M capacity, 75M committed, 76M reserved
[61.712s][info][gc,ref      ] GC(221) Soft: 2516 encountered, 0 discovered, 0 enqueued
[61.712s][info][gc,ref      ] GC(221) Weak: 4519 encountered, 3574 discovered, 2 enqueued
[61.712s][info][gc,ref      ] GC(221) Final: 27 encountered, 0 discovered, 0 enqueued
[61.712s][info][gc,ref      ] GC(221) Phantom: 651 encountered, 647 discovered, 0 enqueued
[61.712s][info][gc,heap     ] GC(221)                Mark Start          Mark End        Relocate Start      Relocate End           High               Low         
[61.712s][info][gc,heap     ] GC(221)  Capacity:      500M (100%)        500M (100%)        500M (100%)        500M (100%)        500M (100%)        500M (100%)   
[61.712s][info][gc,heap     ] GC(221)   Reserve:       34M (7%)           34M (7%)           34M (7%)           34M (7%)           34M (7%)           34M (7%)     
[61.712s][info][gc,heap     ] GC(221)      Free:      362M (72%)         270M (54%)         296M (59%)         300M (60%)         362M (72%)         264M (53%)    
[61.712s][info][gc,heap     ] GC(221)      Used:      104M (21%)         196M (39%)         170M (34%)         166M (33%)         202M (40%)         104M (21%)    
[61.712s][info][gc,heap     ] GC(221)      Live:         -                31M (6%)           31M (6%)           31M (6%)             -                  -          
[61.712s][info][gc,heap     ] GC(221) Allocated:         -                92M (18%)          98M (20%)         104M (21%)            -                  -          
[61.712s][info][gc,heap     ] GC(221)   Garbage:         -                72M (15%)          40M (8%)           32M (7%)             -                  -          
[61.712s][info][gc,heap     ] GC(221) Reclaimed:         -                  -                32M (6%)           40M (8%)             -                  -          
[61.712s][info][gc          ] GC(221) Garbage Collection (Allocation Rate) 104M(21%)->166M(33%)
[61.714s][info][gc,start    ] GC(222) Garbage Collection (Allocation Rate)
[61.721s][info][gc,phases   ] GC(222) Pause Mark Start 5.051ms
[61.870s][info][gc,phases   ] GC(222) Concurrent Mark 148.606ms
[61.877s][info][gc,phases   ] GC(222) Pause Mark End 0.527ms
[61.881s][info][gc,phases   ] GC(222) Concurrent Process Non-Strong References 3.623ms
[61.881s][info][gc,phases   ] GC(222) Concurrent Reset Relocation Set 0.003ms
[61.881s][info][gc,phases   ] GC(222) Concurrent Destroy Detached Pages 0.000ms
[61.883s][info][gc,phases   ] GC(222) Concurrent Select Relocation Set 1.775ms
[61.883s][info][gc,phases   ] GC(222) Concurrent Prepare Relocation Set 0.109ms
[61.888s][info][gc,phases   ] GC(222) Pause Relocate Start 3.347ms
[61.926s][info][gc,phases   ] GC(222) Concurrent Relocate 37.833ms
[61.926s][info][gc,load     ] GC(222) Load: 2.00/1.13/0.51
[61.926s][info][gc,mmu      ] GC(222) MMU: 2ms/0.0%, 5ms/0.0%, 10ms/0.0%, 20ms/0.0%, 50ms/57.1%, 100ms/74.9%
[61.926s][info][gc,marking  ] GC(222) Mark: 1 stripe(s), 2 proactive flush(es), 1 terminate flush(es), 0 completion(s), 0 continuation(s) 
[61.926s][info][gc,reloc    ] GC(222) Relocation: Successful, 10M relocated
[61.926s][info][gc,nmethod  ] GC(222) NMethods: 3227 registered, 0 unregistered
[61.926s][info][gc,metaspace] GC(222) Metaspace: 71M used, 75M capacity, 75M committed, 76M reserved
[61.926s][info][gc,ref      ] GC(222) Soft: 2538 encountered, 0 discovered, 0 enqueued
[61.926s][info][gc,ref      ] GC(222) Weak: 4601 encountered, 3626 discovered, 25 enqueued
[61.926s][info][gc,ref      ] GC(222) Final: 27 encountered, 0 discovered, 0 enqueued
[61.926s][info][gc,ref      ] GC(222) Phantom: 652 encountered, 648 discovered, 0 enqueued
[61.926s][info][gc,heap     ] GC(222)                Mark Start          Mark End        Relocate Start      Relocate End           High               Low         
[61.926s][info][gc,heap     ] GC(222)  Capacity:      500M (100%)        500M (100%)        500M (100%)        500M (100%)        500M (100%)        500M (100%)   
[61.926s][info][gc,heap     ] GC(222)   Reserve:       34M (7%)           34M (7%)           34M (7%)           34M (7%)           34M (7%)           34M (7%)     
[61.926s][info][gc,heap     ] GC(222)      Free:      300M (60%)         174M (35%)         178M (36%)         274M (55%)         300M (60%)         156M (31%)    
[61.926s][info][gc,heap     ] GC(222)      Used:      166M (33%)         292M (58%)         288M (58%)         192M (38%)         310M (62%)         166M (33%)    
[61.926s][info][gc,heap     ] GC(222)      Live:         -                34M (7%)           34M (7%)           34M (7%)             -                  -          
[61.926s][info][gc,heap     ] GC(222) Allocated:         -               126M (25%)         130M (26%)         162M (32%)            -                  -          
[61.926s][info][gc,heap     ] GC(222)   Garbage:         -               131M (26%)         123M (25%)           1M (0%)             -                  -          
[61.926s][info][gc,heap     ] GC(222) Reclaimed:         -                  -                 8M (2%)          130M (26%)            -                  -          
[61.926s][info][gc          ] GC(222) Garbage Collection (Allocation Rate) 166M(33%)->192M(38%)
[62.013s][info][gc,start    ] GC(223) Garbage Collection (Allocation Rate)
[62.020s][info][gc,phases   ] GC(223) Pause Mark Start 3.773ms
[62.070s][info][gc,heap     ] Page Cache Flushed: 2M requested, 6M(70M->64M) flushed
[62.077s][info][gc,heap     ] Page Cache Flushed: 2M requested, 32M(64M->32M) flushed
[62.111s][info][gc,heap     ] Page Cache Flushed: 2M requested, 32M(32M->0M) flushed
[62.165s][info][gc,phases   ] GC(223) Concurrent Mark 144.817ms
[62.165s][info][gc,phases   ] GC(223) Pause Mark End 0.474ms
[62.167s][info][gc,phases   ] GC(223) Concurrent Process Non-Strong References 1.556ms
[62.167s][info][gc,phases   ] GC(223) Concurrent Reset Relocation Set 0.010ms
[62.167s][info][gc,phases   ] GC(223) Concurrent Destroy Detached Pages 0.006ms
[62.169s][info][gc,phases   ] GC(223) Concurrent Select Relocation Set 1.553ms
[62.170s][info][gc,phases   ] GC(223) Concurrent Prepare Relocation Set 1.600ms
[62.173s][info][gc,phases   ] GC(223) Pause Relocate Start 2.721ms
[62.174s][info][gc          ] Allocation Stall (Executor task launch worker for task 0.0 in stage 15.0 (TID 15)) 24.519ms
[62.175s][info][gc          ] Allocation Stall (Executor task launch worker for task 0.0 in stage 15.0 (TID 15)) 0.192ms
[62.176s][info][gc          ] Allocation Stall (Executor task launch worker for task 0.0 in stage 15.0 (TID 15)) 0.208ms
[62.180s][info][gc          ] Allocation Stall (Executor task launch worker for task 0.0 in stage 15.0 (TID 15)) 2.858ms
[62.301s][info][gc,phases   ] GC(223) Concurrent Relocate 127.629ms
[62.301s][info][gc,load     ] GC(223) Load: 2.00/1.13/0.51
[62.301s][info][gc,mmu      ] GC(223) MMU: 2ms/0.0%, 5ms/0.0%, 10ms/0.0%, 20ms/0.0%, 50ms/57.1%, 100ms/74.9%
[62.301s][info][gc,marking  ] GC(223) Mark: 1 stripe(s), 2 proactive flush(es), 1 terminate flush(es), 0 completion(s), 0 continuation(s) 
[62.301s][info][gc,reloc    ] GC(223) Relocation: Successful, 29M relocated
[62.301s][info][gc,nmethod  ] GC(223) NMethods: 3238 registered, 0 unregistered
[62.301s][info][gc,metaspace] GC(223) Metaspace: 71M used, 75M capacity, 75M committed, 76M reserved
[62.301s][info][gc,ref      ] GC(223) Soft: 2538 encountered, 0 discovered, 0 enqueued
[62.301s][info][gc,ref      ] GC(223) Weak: 4576 encountered, 3589 discovered, 0 enqueued
[62.301s][info][gc,ref      ] GC(223) Final: 27 encountered, 0 discovered, 0 enqueued
[62.301s][info][gc,ref      ] GC(223) Phantom: 652 encountered, 648 discovered, 0 enqueued
[62.301s][info][gc,heap     ] GC(223)                Mark Start          Mark End        Relocate Start      Relocate End           High               Low         
[62.301s][info][gc,heap     ] GC(223)  Capacity:      500M (100%)        500M (100%)        500M (100%)        500M (100%)        500M (100%)        500M (100%)   
[62.301s][info][gc,heap     ] GC(223)   Reserve:       34M (7%)           34M (7%)           34M (7%)           34M (7%)           34M (7%)           32M (6%)     
[62.301s][info][gc,heap     ] GC(223)      Free:      122M (24%)           0M (0%)            0M (0%)          100M (20%)         122M (24%)           0M (0%)     
[62.301s][info][gc,heap     ] GC(223)      Used:      344M (69%)         466M (93%)         466M (93%)         366M (73%)         468M (94%)         344M (69%)    
[62.301s][info][gc,heap     ] GC(223)      Live:         -                55M (11%)          55M (11%)          55M (11%)            -                  -          
[62.301s][info][gc,heap     ] GC(223) Allocated:         -               122M (24%)         122M (24%)         302M (60%)            -                  -          
[62.301s][info][gc,heap     ] GC(223)   Garbage:         -               288M (58%)         288M (58%)          30M (6%)             -                  -          
[62.301s][info][gc,heap     ] GC(223) Reclaimed:         -                  -                 0M (0%)          258M (52%)            -                  -          
[62.301s][info][gc          ] GC(223) Garbage Collection (Allocation Rate) 344M(69%)->366M(73%)
[62.313s][info][gc,start    ] GC(224) Garbage Collection (Allocation Rate)
[62.319s][info][gc,phases   ] GC(224) Pause Mark Start 3.239ms
[62.487s][info][gc,phases   ] GC(224) Concurrent Mark 168.279ms
[62.488s][info][gc,phases   ] GC(224) Pause Mark End 0.489ms
[62.490s][info][gc,phases   ] GC(224) Concurrent Process Non-Strong References 1.580ms
[62.490s][info][gc,phases   ] GC(224) Concurrent Reset Relocation Set 0.258ms
[62.490s][info][gc,phases   ] GC(224) Concurrent Destroy Detached Pages 0.000ms
[62.492s][info][gc,phases   ] GC(224) Concurrent Select Relocation Set 1.569ms
[62.494s][info][gc,phases   ] GC(224) Concurrent Prepare Relocation Set 2.009ms
[62.497s][info][gc,phases   ] GC(224) Pause Relocate Start 2.814ms
[62.497s][info][gc          ] Allocation Stall (Executor task launch worker for task 0.0 in stage 15.0 (TID 15)) 90.236ms
[62.498s][info][gc          ] Allocation Stall (Executor task launch worker for task 0.0 in stage 15.0 (TID 15)) 0.315ms
[62.500s][info][gc          ] Allocation Stall (Executor task launch worker for task 0.0 in stage 15.0 (TID 15)) 0.325ms
[62.501s][info][gc          ] Allocation Stall (Executor task launch worker for task 0.0 in stage 15.0 (TID 15)) 0.369ms
[62.502s][info][gc          ] Allocation Stall (Executor task launch worker for task 0.0 in stage 15.0 (TID 15)) 0.433ms
[62.503s][info][gc          ] Allocation Stall (Executor task launch worker for task 0.0 in stage 15.0 (TID 15)) 0.450ms
[62.507s][info][gc          ] Allocation Stall (Executor task launch worker for task 0.0 in stage 15.0 (TID 15)) 2.852ms
[62.523s][info][gc          ] Allocation Stall (Executor task launch worker for task 0.0 in stage 15.0 (TID 15)) 3.973ms
[62.604s][info][gc,heap     ] Page Cache Flushed: 10M requested, 10M(106M->96M) flushed
[62.617s][info][gc,phases   ] GC(224) Concurrent Relocate 120.410ms
[62.617s][info][gc,load     ] GC(224) Load: 2.00/1.13/0.51
[62.617s][info][gc,mmu      ] GC(224) MMU: 2ms/0.0%, 5ms/0.0%, 10ms/0.0%, 20ms/0.0%, 50ms/57.1%, 100ms/74.9%
[62.617s][info][gc,marking  ] GC(224) Mark: 1 stripe(s), 2 proactive flush(es), 1 terminate flush(es), 0 completion(s), 0 continuation(s) 
[62.617s][info][gc,reloc    ] GC(224) Relocation: Successful, 29M relocated
[62.618s][info][gc,nmethod  ] GC(224) NMethods: 3238 registered, 0 unregistered
[62.618s][info][gc,metaspace] GC(224) Metaspace: 71M used, 75M capacity, 75M committed, 76M reserved
[62.618s][info][gc,ref      ] GC(224) Soft: 2538 encountered, 0 discovered, 0 enqueued
[62.618s][info][gc,ref      ] GC(224) Weak: 4577 encountered, 3591 discovered, 1 enqueued
[62.618s][info][gc,ref      ] GC(224) Final: 27 encountered, 0 discovered, 0 enqueued
[62.618s][info][gc,ref      ] GC(224) Phantom: 652 encountered, 648 discovered, 0 enqueued
[62.618s][info][gc,heap     ] GC(224)                Mark Start          Mark End        Relocate Start      Relocate End           High               Low         
[62.618s][info][gc,heap     ] GC(224)  Capacity:      500M (100%)        500M (100%)        500M (100%)        500M (100%)        500M (100%)        500M (100%)   
[62.618s][info][gc,heap     ] GC(224)   Reserve:       34M (7%)           34M (7%)           34M (7%)           34M (7%)           34M (7%)           32M (6%)     
[62.618s][info][gc,heap     ] GC(224)      Free:       66M (13%)           0M (0%)            0M (0%)          124M (25%)         124M (25%)           0M (0%)     
[62.618s][info][gc,heap     ] GC(224)      Used:      400M (80%)         466M (93%)         466M (93%)         342M (68%)         468M (94%)         342M (68%)    
[62.618s][info][gc,heap     ] GC(224)      Live:         -                81M (16%)          81M (16%)          81M (16%)            -                  -          
[62.618s][info][gc,heap     ] GC(224) Allocated:         -                66M (13%)          66M (13%)         254M (51%)            -                  -          
[62.618s][info][gc,heap     ] GC(224)   Garbage:         -               318M (64%)         318M (64%)          32M (7%)             -                  -          
[62.618s][info][gc,heap     ] GC(224) Reclaimed:         -                  -                 0M (0%)          286M (57%)            -                  -          
[62.618s][info][gc          ] GC(224) Garbage Collection (Allocation Rate) 400M(80%)->342M(68%)
[62.689s][info][gc,start    ] GC(225) Garbage Collection (Allocation Stall)
[62.689s][info][gc,ref      ] GC(225) Clearing All Soft References
[62.693s][info][gc,phases   ] GC(225) Pause Mark Start 3.815ms
[62.839s][info][gc,phases   ] GC(225) Concurrent Mark 145.433ms
[62.839s][info][gc,phases   ] GC(225) Pause Mark End 0.562ms
[62.841s][info][gc,phases   ] GC(225) Concurrent Process Non-Strong References 1.873ms
[62.842s][info][gc,phases   ] GC(225) Concurrent Reset Relocation Set 0.300ms
[62.842s][info][gc,phases   ] GC(225) Concurrent Destroy Detached Pages 0.009ms
[62.844s][info][gc,heap     ] GC(225) Page Cache Flushed: 2M requested, 6M(6M->0M) flushed
[62.844s][info][gc          ] Allocation Stall (Executor task launch worker for task 0.0 in stage 15.0 (TID 15)) 154.951ms
[62.846s][info][gc          ] Allocation Stall (Spark Context Cleaner) 93.786ms
[62.846s][info][gc,phases   ] GC(225) Concurrent Select Relocation Set 4.317ms
[62.848s][info][gc,phases   ] GC(225) Concurrent Prepare Relocation Set 2.356ms
[62.852s][info][gc,phases   ] GC(225) Pause Relocate Start 2.874ms
[62.852s][info][gc          ] Allocation Stall (Executor task launch worker for task 0.0 in stage 15.0 (TID 15)) 6.125ms
[62.854s][info][gc          ] Allocation Stall (Executor task launch worker for task 0.0 in stage 15.0 (TID 15)) 0.357ms
[62.855s][info][gc          ] Allocation Stall (Executor task launch worker for task 0.0 in stage 15.0 (TID 15)) 0.376ms
[62.863s][info][gc          ] Allocation Stall (Executor task launch worker for task 0.0 in stage 15.0 (TID 15)) 6.419ms
[62.996s][info][gc,phases   ] GC(225) Concurrent Relocate 143.876ms
[62.996s][info][gc,load     ] GC(225) Load: 2.00/1.13/0.51
[62.996s][info][gc,mmu      ] GC(225) MMU: 2ms/0.0%, 5ms/0.0%, 10ms/0.0%, 20ms/0.0%, 50ms/57.1%, 100ms/74.9%
[62.996s][info][gc,marking  ] GC(225) Mark: 1 stripe(s), 2 proactive flush(es), 1 terminate flush(es), 0 completion(s), 0 continuation(s) 
[62.996s][info][gc,reloc    ] GC(225) Relocation: Successful, 31M relocated
[62.996s][info][gc,nmethod  ] GC(225) NMethods: 3238 registered, 0 unregistered
[62.996s][info][gc,metaspace] GC(225) Metaspace: 71M used, 75M capacity, 75M committed, 76M reserved
[62.996s][info][gc,ref      ] GC(225) Soft: 2538 encountered, 935 discovered, 386 enqueued
[62.996s][info][gc,ref      ] GC(225) Weak: 4576 encountered, 3750 discovered, 0 enqueued
[62.996s][info][gc,ref      ] GC(225) Final: 27 encountered, 0 discovered, 0 enqueued
[62.996s][info][gc,ref      ] GC(225) Phantom: 652 encountered, 648 discovered, 0 enqueued
[62.996s][info][gc,heap     ] GC(225)                Mark Start          Mark End        Relocate Start      Relocate End           High               Low         
[62.996s][info][gc,heap     ] GC(225)  Capacity:      500M (100%)        500M (100%)        500M (100%)        500M (100%)        500M (100%)        500M (100%)   
[62.996s][info][gc,heap     ] GC(225)   Reserve:       34M (7%)           34M (7%)           34M (7%)           34M (7%)           34M (7%)           32M (6%)     
[62.996s][info][gc,heap     ] GC(225)      Free:        0M (0%)            0M (0%)            0M (0%)          130M (26%)         138M (28%)           0M (0%)     
[62.996s][info][gc,heap     ] GC(225)      Used:      466M (93%)         466M (93%)         466M (93%)         336M (67%)         468M (94%)         328M (66%)    
[62.996s][info][gc,heap     ] GC(225)      Live:         -               108M (22%)         108M (22%)         108M (22%)            -                  -          
[62.996s][info][gc,heap     ] GC(225) Allocated:         -                 0M (0%)            6M (1%)          224M (45%)            -                  -          
[62.996s][info][gc,heap     ] GC(225)   Garbage:         -               357M (71%)         351M (70%)          31M (6%)             -                  -          
[62.996s][info][gc,heap     ] GC(225) Reclaimed:         -                  -                 6M (1%)          326M (65%)            -                  -          
[62.996s][info][gc          ] GC(225) Garbage Collection (Allocation Stall) 466M(93%)->336M(67%)
[63.013s][info][gc,start    ] GC(226) Garbage Collection (Allocation Rate)
[63.019s][info][gc,phases   ] GC(226) Pause Mark Start 3.406ms
[63.200s][info][gc,phases   ] GC(226) Concurrent Mark 180.418ms
[63.200s][info][gc,phases   ] GC(226) Pause Mark End 0.426ms
[63.202s][info][gc,phases   ] GC(226) Concurrent Process Non-Strong References 1.562ms
[63.202s][info][gc,phases   ] GC(226) Concurrent Reset Relocation Set 0.311ms
[63.202s][info][gc,phases   ] GC(226) Concurrent Destroy Detached Pages 0.003ms
[63.204s][info][gc,phases   ] GC(226) Concurrent Select Relocation Set 1.578ms
[63.205s][info][gc,phases   ] GC(226) Concurrent Prepare Relocation Set 1.477ms
[63.209s][info][gc,phases   ] GC(226) Pause Relocate Start 2.750ms
[63.209s][info][gc          ] Allocation Stall (Executor task launch worker for task 0.0 in stage 15.0 (TID 15)) 134.903ms
[63.210s][info][gc          ] Allocation Stall (Executor task launch worker for task 0.0 in stage 15.0 (TID 15)) 0.380ms
[63.212s][info][gc          ] Allocation Stall (Executor task launch worker for task 0.0 in stage 15.0 (TID 15)) 0.411ms
[63.219s][info][gc          ] Allocation Stall (Executor task launch worker for task 0.0 in stage 15.0 (TID 15)) 6.121ms
[63.365s][info][gc,phases   ] GC(226) Concurrent Relocate 156.381ms
[63.365s][info][gc,load     ] GC(226) Load: 2.00/1.13/0.51
[63.365s][info][gc,mmu      ] GC(226) MMU: 2ms/0.0%, 5ms/0.0%, 10ms/0.0%, 20ms/0.0%, 50ms/57.1%, 100ms/74.9%
[63.365s][info][gc,marking  ] GC(226) Mark: 1 stripe(s), 2 proactive flush(es), 1 terminate flush(es), 0 completion(s), 0 continuation(s) 
[63.365s][info][gc,reloc    ] GC(226) Relocation: Successful, 23M relocated
[63.365s][info][gc,nmethod  ] GC(226) NMethods: 3250 registered, 0 unregistered
[63.365s][info][gc,metaspace] GC(226) Metaspace: 71M used, 75M capacity, 75M committed, 76M reserved
[63.365s][info][gc,ref      ] GC(226) Soft: 2152 encountered, 0 discovered, 0 enqueued
[63.365s][info][gc,ref      ] GC(226) Weak: 4576 encountered, 3600 discovered, 0 enqueued
[63.365s][info][gc,ref      ] GC(226) Final: 27 encountered, 0 discovered, 0 enqueued
[63.365s][info][gc,ref      ] GC(226) Phantom: 652 encountered, 648 discovered, 0 enqueued
[63.365s][info][gc,heap     ] GC(226)                Mark Start          Mark End        Relocate Start      Relocate End           High               Low         
[63.365s][info][gc,heap     ] GC(226)  Capacity:      500M (100%)        500M (100%)        500M (100%)        500M (100%)        500M (100%)        500M (100%)   
[63.365s][info][gc,heap     ] GC(226)   Reserve:       34M (7%)           34M (7%)           34M (7%)           34M (7%)           34M (7%)           32M (6%)     
[63.365s][info][gc,heap     ] GC(226)      Free:       78M (16%)           0M (0%)            0M (0%)          140M (28%)         140M (28%)           0M (0%)     
[63.365s][info][gc,heap     ] GC(226)      Used:      388M (78%)         466M (93%)         466M (93%)         326M (65%)         468M (94%)         326M (65%)    
[63.365s][info][gc,heap     ] GC(226)      Live:         -               127M (25%)         127M (25%)         127M (25%)            -                  -          
[63.365s][info][gc,heap     ] GC(226) Allocated:         -                78M (16%)          78M (16%)         186M (37%)            -                  -          
[63.365s][info][gc,heap     ] GC(226)   Garbage:         -               260M (52%)         260M (52%)          32M (7%)             -                  -          
[63.365s][info][gc,heap     ] GC(226) Reclaimed:         -                  -                 0M (0%)          228M (46%)            -                  -          
[63.365s][info][gc          ] GC(226) Garbage Collection (Allocation Rate) 388M(78%)->326M(65%)
[63.370s][info][gc,heap     ] Page Cache Flushed: 32M requested, 32M(142M->110M) flushed
[63.414s][info][gc,start    ] GC(227) Garbage Collection (Allocation Rate)
[63.417s][info][gc,phases   ] GC(227) Pause Mark Start 3.364ms
[63.445s][info][gc,heap     ] Page Cache Flushed: 6M requested, 6M(102M->96M) flushed
[63.532s][info][gc,phases   ] GC(227) Concurrent Mark 114.432ms
[63.535s][info][gc,phases   ] GC(227) Pause Mark End 0.446ms
[63.537s][info][gc,phases   ] GC(227) Concurrent Process Non-Strong References 1.447ms
[63.537s][info][gc,phases   ] GC(227) Concurrent Reset Relocation Set 0.242ms
[63.537s][info][gc,phases   ] GC(227) Concurrent Destroy Detached Pages 0.022ms
[63.538s][info][gc,phases   ] GC(227) Concurrent Select Relocation Set 1.569ms
[63.539s][info][gc,phases   ] GC(227) Concurrent Prepare Relocation Set 0.025ms
[63.542s][info][gc,phases   ] GC(227) Pause Relocate Start 2.908ms
[63.549s][info][gc,phases   ] GC(227) Concurrent Relocate 5.585ms
[63.549s][info][gc,load     ] GC(227) Load: 2.00/1.13/0.51
[63.549s][info][gc,mmu      ] GC(227) MMU: 2ms/0.0%, 5ms/0.0%, 10ms/0.0%, 20ms/0.0%, 50ms/57.1%, 100ms/74.9%
[63.549s][info][gc,marking  ] GC(227) Mark: 1 stripe(s), 3 proactive flush(es), 1 terminate flush(es), 0 completion(s), 0 continuation(s) 
[63.549s][info][gc,reloc    ] GC(227) Relocation: Successful, 6M relocated
[63.549s][info][gc,nmethod  ] GC(227) NMethods: 3294 registered, 0 unregistered
[63.549s][info][gc,metaspace] GC(227) Metaspace: 71M used, 76M capacity, 76M committed, 78M reserved
[63.549s][info][gc,ref      ] GC(227) Soft: 2382 encountered, 0 discovered, 0 enqueued
[63.549s][info][gc,ref      ] GC(227) Weak: 4630 encountered, 3636 discovered, 54 enqueued
[63.549s][info][gc,ref      ] GC(227) Final: 27 encountered, 0 discovered, 0 enqueued
[63.549s][info][gc,ref      ] GC(227) Phantom: 651 encountered, 647 discovered, 0 enqueued
[63.549s][info][gc,heap     ] GC(227)                Mark Start          Mark End        Relocate Start      Relocate End           High               Low         
[63.549s][info][gc,heap     ] GC(227)  Capacity:      500M (100%)        500M (100%)        500M (100%)        500M (100%)        500M (100%)        500M (100%)   
[63.549s][info][gc,heap     ] GC(227)   Reserve:       34M (7%)           34M (7%)           34M (7%)           34M (7%)           34M (7%)           34M (7%)     
[63.549s][info][gc,heap     ] GC(227)      Free:      102M (20%)          72M (14%)         352M (70%)         366M (73%)         366M (73%)          72M (14%)    
[63.549s][info][gc,heap     ] GC(227)      Used:      364M (73%)         394M (79%)         114M (23%)         100M (20%)         394M (79%)         100M (20%)    
[63.549s][info][gc,heap     ] GC(227)      Live:         -                30M (6%)           30M (6%)           30M (6%)             -                  -          
[63.549s][info][gc,heap     ] GC(227) Allocated:         -                30M (6%)           30M (6%)           38M (8%)             -                  -          
[63.549s][info][gc,heap     ] GC(227)   Garbage:         -               333M (67%)          53M (11%)          33M (7%)             -                  -          
[63.549s][info][gc,heap     ] GC(227) Reclaimed:         -                  -               280M (56%)         300M (60%)            -                  -          
[63.549s][info][gc          ] GC(227) Garbage Collection (Allocation Rate) 364M(73%)->100M(20%)
[63.613s][info][gc,start    ] GC(228) Garbage Collection (Allocation Rate)
[63.619s][info][gc,phases   ] GC(228) Pause Mark Start 3.292ms
[63.660s][info][gc,heap     ] Page Cache Flushed: 32M requested, 32M(120M->88M) flushed
[63.755s][info][gc,phases   ] GC(228) Concurrent Mark 135.627ms
[63.758s][info][gc,phases   ] GC(228) Pause Mark End 0.447ms
[63.759s][info][gc,phases   ] GC(228) Concurrent Process Non-Strong References 1.619ms
[63.760s][info][gc,phases   ] GC(228) Concurrent Reset Relocation Set 0.004ms
[63.760s][info][gc,phases   ] GC(228) Concurrent Destroy Detached Pages 0.018ms
[63.761s][info][gc,phases   ] GC(228) Concurrent Select Relocation Set 1.575ms
[63.762s][info][gc,phases   ] GC(228) Concurrent Prepare Relocation Set 1.039ms
[63.765s][info][gc,phases   ] GC(228) Pause Relocate Start 2.847ms
[63.766s][info][gc,heap     ] Page Cache Flushed: 2M requested, 6M(6M->0M) flushed
[63.769s][info][gc,heap     ] GC(228) Page Cache Flushed: 2M requested, 32M(32M->0M) flushed
[63.775s][info][gc          ] Allocation Stall (Executor task launch worker for task 0.0 in stage 16.0 (TID 16)) 6.550ms
[63.840s][info][gc,phases   ] GC(228) Concurrent Relocate 74.558ms
[63.840s][info][gc,load     ] GC(228) Load: 2.00/1.13/0.51
[63.840s][info][gc,mmu      ] GC(228) MMU: 2ms/0.0%, 5ms/0.0%, 10ms/0.0%, 20ms/0.0%, 50ms/57.1%, 100ms/74.9%
[63.840s][info][gc,marking  ] GC(228) Mark: 1 stripe(s), 2 proactive flush(es), 1 terminate flush(es), 0 completion(s), 0 continuation(s) 
[63.840s][info][gc,reloc    ] GC(228) Relocation: Successful, 19M relocated
[63.840s][info][gc,nmethod  ] GC(228) NMethods: 3297 registered, 0 unregistered
[63.840s][info][gc,metaspace] GC(228) Metaspace: 71M used, 76M capacity, 76M committed, 78M reserved
[63.840s][info][gc,ref      ] GC(228) Soft: 2531 encountered, 0 discovered, 0 enqueued
[63.840s][info][gc,ref      ] GC(228) Weak: 4597 encountered, 3611 discovered, 19 enqueued
[63.840s][info][gc,ref      ] GC(228) Final: 27 encountered, 0 discovered, 0 enqueued
[63.840s][info][gc,ref      ] GC(228) Phantom: 652 encountered, 648 discovered, 0 enqueued
[63.840s][info][gc,heap     ] GC(228)                Mark Start          Mark End        Relocate Start      Relocate End           High               Low         
[63.840s][info][gc,heap     ] GC(228)  Capacity:      500M (100%)        500M (100%)        500M (100%)        500M (100%)        500M (100%)        500M (100%)   
[63.840s][info][gc,heap     ] GC(228)   Reserve:       34M (7%)           34M (7%)           34M (7%)           34M (7%)           34M (7%)           34M (7%)     
[63.840s][info][gc,heap     ] GC(228)      Free:      176M (35%)           2M (0%)            8M (2%)          150M (30%)         176M (35%)           0M (0%)     
[63.840s][info][gc,heap     ] GC(228)      Used:      290M (58%)         464M (93%)         458M (92%)         316M (63%)         466M (93%)         290M (58%)    
[63.840s][info][gc,heap     ] GC(228)      Live:         -                43M (9%)           43M (9%)           43M (9%)             -                  -          
[63.840s][info][gc,heap     ] GC(228) Allocated:         -               174M (35%)         174M (35%)         290M (58%)            -                  -          
[63.840s][info][gc,heap     ] GC(228)   Garbage:         -               246M (49%)         240M (48%)           4M (1%)             -                  -          
[63.840s][info][gc,heap     ] GC(228) Reclaimed:         -                  -                 6M (1%)          242M (48%)            -                  -          
[63.840s][info][gc          ] GC(228) Garbage Collection (Allocation Rate) 290M(58%)->316M(63%)
[63.906s][info][gc,heap     ] Page Cache Flushed: 2M requested, 32M(32M->0M) flushed
[63.913s][info][gc,start    ] GC(229) Garbage Collection (Allocation Rate)
[63.919s][info][gc,phases   ] GC(229) Pause Mark Start 3.321ms
[64.029s][info][gc,phases   ] GC(229) Concurrent Mark 109.893ms
[64.030s][info][gc,phases   ] GC(229) Pause Mark End 0.438ms
[64.031s][info][gc,phases   ] GC(229) Concurrent Process Non-Strong References 1.716ms
[64.031s][info][gc,phases   ] GC(229) Concurrent Reset Relocation Set 0.024ms
[64.031s][info][gc,phases   ] GC(229) Concurrent Destroy Detached Pages 0.006ms
[64.033s][info][gc,phases   ] GC(229) Concurrent Select Relocation Set 1.499ms
[64.035s][info][gc,phases   ] GC(229) Concurrent Prepare Relocation Set 1.885ms
[64.038s][info][gc,phases   ] GC(229) Pause Relocate Start 2.741ms
[64.038s][info][gc          ] Allocation Stall (Executor task launch worker for task 0.0 in stage 16.0 (TID 16)) 98.007ms
[64.040s][info][gc          ] Allocation Stall (Spark Context Cleaner) 77.791ms
[64.040s][info][gc          ] Allocation Stall (Executor task launch worker for task 0.0 in stage 16.0 (TID 16)) 0.452ms
[64.042s][info][gc          ] Allocation Stall (Executor task launch worker for task 0.0 in stage 16.0 (TID 16)) 0.308ms
[64.047s][info][gc          ] Allocation Stall (Executor task launch worker for task 0.0 in stage 16.0 (TID 16)) 4.367ms
[64.059s][info][gc          ] Allocation Stall (Executor task launch worker for task 0.0 in stage 16.0 (TID 16)) 4.311ms
[64.185s][info][gc,phases   ] GC(229) Concurrent Relocate 146.511ms
[64.185s][info][gc,load     ] GC(229) Load: 2.00/1.13/0.51
[64.185s][info][gc,mmu      ] GC(229) MMU: 2ms/0.0%, 5ms/0.0%, 10ms/0.0%, 20ms/0.0%, 50ms/57.1%, 100ms/74.9%
[64.185s][info][gc,marking  ] GC(229) Mark: 1 stripe(s), 2 proactive flush(es), 1 terminate flush(es), 0 completion(s), 0 continuation(s) 
[64.185s][info][gc,reloc    ] GC(229) Relocation: Incomplete
[64.185s][info][gc,nmethod  ] GC(229) NMethods: 3297 registered, 0 unregistered
[64.185s][info][gc,metaspace] GC(229) Metaspace: 71M used, 76M capacity, 76M committed, 78M reserved
[64.185s][info][gc,ref      ] GC(229) Soft: 2531 encountered, 0 discovered, 0 enqueued
[64.185s][info][gc,ref      ] GC(229) Weak: 4578 encountered, 3592 discovered, 0 enqueued
[64.185s][info][gc,ref      ] GC(229) Final: 27 encountered, 0 discovered, 0 enqueued
[64.185s][info][gc,ref      ] GC(229) Phantom: 652 encountered, 648 discovered, 0 enqueued
[64.185s][info][gc,heap     ] GC(229)                Mark Start          Mark End        Relocate Start      Relocate End           High               Low         
[64.185s][info][gc,heap     ] GC(229)  Capacity:      500M (100%)        500M (100%)        500M (100%)        500M (100%)        500M (100%)        500M (100%)   
[64.185s][info][gc,heap     ] GC(229)   Reserve:       34M (7%)           34M (7%)           34M (7%)           34M (7%)           34M (7%)           32M (6%)     
[64.185s][info][gc,heap     ] GC(229)      Free:       18M (4%)            0M (0%)            0M (0%)          130M (26%)         138M (28%)           0M (0%)     
[64.185s][info][gc,heap     ] GC(229)      Used:      448M (90%)         466M (93%)         466M (93%)         336M (67%)         468M (94%)         328M (66%)    
[64.185s][info][gc,heap     ] GC(229)      Live:         -                74M (15%)          74M (15%)          74M (15%)            -                  -          
[64.185s][info][gc,heap     ] GC(229) Allocated:         -                18M (4%)           18M (4%)          258M (52%)            -                  -          
[64.185s][info][gc,heap     ] GC(229)   Garbage:         -               373M (75%)         373M (75%)          33M (7%)             -                  -          
[64.185s][info][gc,heap     ] GC(229) Reclaimed:         -                  -                 0M (0%)          340M (68%)            -                  -          
[64.185s][info][gc          ] GC(229) Garbage Collection (Allocation Rate) 448M(90%)->336M(67%)
[64.213s][info][gc,start    ] GC(230) Garbage Collection (Allocation Rate)
[64.220s][info][gc,phases   ] GC(230) Pause Mark Start 3.404ms
[64.229s][info][gc,heap     ] Page Cache Flushed: 10M requested, 10M(46M->36M) flushed
[64.396s][info][gc,phases   ] GC(230) Concurrent Mark 176.283ms
[64.397s][info][gc,phases   ] GC(230) Pause Mark End 0.438ms
[64.398s][info][gc,phases   ] GC(230) Concurrent Process Non-Strong References 1.611ms
[64.399s][info][gc,phases   ] GC(230) Concurrent Reset Relocation Set 0.378ms
[64.399s][info][gc,phases   ] GC(230) Concurrent Destroy Detached Pages 0.008ms
[64.400s][info][gc,phases   ] GC(230) Concurrent Select Relocation Set 1.504ms
[64.402s][info][gc,phases   ] GC(230) Concurrent Prepare Relocation Set 1.863ms
[64.405s][info][gc,phases   ] GC(230) Pause Relocate Start 2.676ms
[64.406s][info][gc          ] Allocation Stall (Executor task launch worker for task 0.0 in stage 16.0 (TID 16)) 102.417ms
[64.407s][info][gc          ] Allocation Stall (Executor task launch worker for task 0.0 in stage 16.0 (TID 16)) 0.368ms
[64.408s][info][gc          ] Allocation Stall (Executor task launch worker for task 0.0 in stage 16.0 (TID 16)) 0.369ms
[64.409s][info][gc          ] Allocation Stall (Executor task launch worker for task 0.0 in stage 16.0 (TID 16)) 0.399ms
[64.410s][info][gc          ] Allocation Stall (Executor task launch worker for task 0.0 in stage 16.0 (TID 16)) 0.428ms
[64.412s][info][gc          ] Allocation Stall (Executor task launch worker for task 0.0 in stage 16.0 (TID 16)) 0.419ms
[64.413s][info][gc          ] Allocation Stall (Executor task launch worker for task 0.0 in stage 16.0 (TID 16)) 0.937ms
[64.419s][info][gc          ] Allocation Stall (Executor task launch worker for task 0.0 in stage 16.0 (TID 16)) 4.380ms
[64.431s][info][gc          ] Allocation Stall (Executor task launch worker for task 0.0 in stage 16.0 (TID 16)) 4.776ms
[64.531s][info][gc,phases   ] GC(230) Concurrent Relocate 125.597ms
[64.531s][info][gc,load     ] GC(230) Load: 2.00/1.13/0.51
[64.531s][info][gc,mmu      ] GC(230) MMU: 2ms/0.0%, 5ms/0.0%, 10ms/0.0%, 20ms/0.0%, 50ms/57.1%, 100ms/74.9%
[64.531s][info][gc,marking  ] GC(230) Mark: 1 stripe(s), 2 proactive flush(es), 1 terminate flush(es), 0 completion(s), 0 continuation(s) 
[64.531s][info][gc,reloc    ] GC(230) Relocation: Incomplete
[64.531s][info][gc,nmethod  ] GC(230) NMethods: 3297 registered, 0 unregistered
[64.531s][info][gc,metaspace] GC(230) Metaspace: 71M used, 76M capacity, 76M committed, 78M reserved
[64.531s][info][gc,ref      ] GC(230) Soft: 2531 encountered, 0 discovered, 0 enqueued
[64.531s][info][gc,ref      ] GC(230) Weak: 4578 encountered, 3592 discovered, 0 enqueued
[64.531s][info][gc,ref      ] GC(230) Final: 27 encountered, 0 discovered, 0 enqueued
[64.531s][info][gc,ref      ] GC(230) Phantom: 652 encountered, 648 discovered, 0 enqueued
[64.531s][info][gc,heap     ] GC(230)                Mark Start          Mark End        Relocate Start      Relocate End           High               Low         
[64.531s][info][gc,heap     ] GC(230)  Capacity:      500M (100%)        500M (100%)        500M (100%)        500M (100%)        500M (100%)        500M (100%)   
[64.531s][info][gc,heap     ] GC(230)   Reserve:       34M (7%)           34M (7%)           34M (7%)           34M (7%)           34M (7%)           32M (6%)     
[64.531s][info][gc,heap     ] GC(230)      Free:       58M (12%)           0M (0%)            0M (0%)          104M (21%)         112M (22%)           0M (0%)     
[64.531s][info][gc,heap     ] GC(230)      Used:      408M (82%)         466M (93%)         466M (93%)         362M (72%)         468M (94%)         354M (71%)    
[64.531s][info][gc,heap     ] GC(230)      Live:         -                96M (19%)          96M (19%)          96M (19%)            -                  -          
[64.531s][info][gc,heap     ] GC(230) Allocated:         -                58M (12%)          58M (12%)         252M (50%)            -                  -          
[64.531s][info][gc,heap     ] GC(230)   Garbage:         -               311M (62%)         311M (62%)          35M (7%)             -                  -          
[64.531s][info][gc,heap     ] GC(230) Reclaimed:         -                  -                 0M (0%)          276M (55%)            -                  -          
[64.531s][info][gc          ] GC(230) Garbage Collection (Allocation Rate) 408M(82%)->362M(72%)
[64.568s][info][gc,start    ] GC(231) Garbage Collection (Allocation Stall)
[64.568s][info][gc,ref      ] GC(231) Clearing All Soft References
[64.572s][info][gc,phases   ] GC(231) Pause Mark Start 3.351ms
[64.719s][info][gc,phases   ] GC(231) Concurrent Mark 147.116ms
[64.720s][info][gc,phases   ] GC(231) Pause Mark End 0.425ms
[64.722s][info][gc,phases   ] GC(231) Concurrent Process Non-Strong References 1.616ms
[64.722s][info][gc,phases   ] GC(231) Concurrent Reset Relocation Set 0.267ms
[64.722s][info][gc,phases   ] GC(231) Concurrent Destroy Detached Pages 0.000ms
[64.724s][info][gc,heap     ] GC(231) Page Cache Flushed: 2M requested, 6M(6M->0M) flushed
[64.724s][info][gc          ] Allocation Stall (Executor task launch worker for task 0.0 in stage 16.0 (TID 16)) 155.840ms
[64.725s][info][gc          ] Allocation Stall (Spark Context Cleaner) 80.722ms
[64.725s][info][gc          ] Allocation Stall (RemoteBlock-temp-file-clean-thread) 35.816ms
[64.725s][info][gc          ] Allocation Stall (Executor task launch worker for task 0.0 in stage 16.0 (TID 16)) 0.073ms
[64.727s][info][gc,phases   ] GC(231) Concurrent Select Relocation Set 5.268ms
[64.729s][info][gc,phases   ] GC(231) Concurrent Prepare Relocation Set 2.093ms
[64.732s][info][gc,phases   ] GC(231) Pause Relocate Start 2.826ms
[64.733s][info][gc          ] Allocation Stall (Executor task launch worker for task 0.0 in stage 16.0 (TID 16)) 5.833ms
[64.734s][info][gc          ] Allocation Stall (Executor task launch worker for task 0.0 in stage 16.0 (TID 16)) 0.380ms
[64.735s][info][gc          ] Allocation Stall (Executor task launch worker for task 0.0 in stage 16.0 (TID 16)) 0.377ms
[64.736s][info][gc          ] Allocation Stall (Executor task launch worker for task 0.0 in stage 16.0 (TID 16)) 0.371ms
[64.737s][info][gc          ] Allocation Stall (Executor task launch worker for task 0.0 in stage 16.0 (TID 16)) 0.385ms
[64.743s][info][gc          ] Allocation Stall (Executor task launch worker for task 0.0 in stage 16.0 (TID 16)) 4.552ms
[64.754s][info][gc          ] Allocation Stall (Executor task launch worker for task 0.0 in stage 16.0 (TID 16)) 5.051ms
[64.869s][info][gc,phases   ] GC(231) Concurrent Relocate 135.993ms
[64.869s][info][gc,load     ] GC(231) Load: 2.00/1.13/0.51
[64.869s][info][gc,mmu      ] GC(231) MMU: 2ms/0.0%, 5ms/0.0%, 10ms/0.0%, 20ms/0.0%, 50ms/57.1%, 100ms/74.9%
[64.869s][info][gc,marking  ] GC(231) Mark: 1 stripe(s), 2 proactive flush(es), 1 terminate flush(es), 0 completion(s), 0 continuation(s) 
[64.869s][info][gc,reloc    ] GC(231) Relocation: Incomplete
[64.869s][info][gc,nmethod  ] GC(231) NMethods: 3297 registered, 0 unregistered
[64.869s][info][gc,metaspace] GC(231) Metaspace: 71M used, 76M capacity, 76M committed, 78M reserved
[64.869s][info][gc,ref      ] GC(231) Soft: 2531 encountered, 928 discovered, 379 enqueued
[64.869s][info][gc,ref      ] GC(231) Weak: 4578 encountered, 3759 discovered, 0 enqueued
[64.869s][info][gc,ref      ] GC(231) Final: 27 encountered, 0 discovered, 0 enqueued
[64.869s][info][gc,ref      ] GC(231) Phantom: 652 encountered, 648 discovered, 0 enqueued
[64.869s][info][gc,heap     ] GC(231)                Mark Start          Mark End        Relocate Start      Relocate End           High               Low         
[64.869s][info][gc,heap     ] GC(231)  Capacity:      500M (100%)        500M (100%)        500M (100%)        500M (100%)        500M (100%)        500M (100%)   
[64.869s][info][gc,heap     ] GC(231)   Reserve:       34M (7%)           34M (7%)           34M (7%)           34M (7%)           34M (7%)           32M (6%)     
[64.869s][info][gc,heap     ] GC(231)      Free:        0M (0%)            0M (0%)            0M (0%)          110M (22%)         112M (22%)           0M (0%)     
[64.869s][info][gc,heap     ] GC(231)      Used:      466M (93%)         466M (93%)         466M (93%)         356M (71%)         468M (94%)         354M (71%)    
[64.869s][info][gc,heap     ] GC(231)      Live:         -               122M (25%)         122M (25%)         122M (25%)            -                  -          
[64.869s][info][gc,heap     ] GC(231) Allocated:         -                 0M (0%)           10M (2%)          226M (45%)            -                  -          
[64.869s][info][gc,heap     ] GC(231)   Garbage:         -               343M (69%)         337M (67%)          35M (7%)             -                  -          
[64.869s][info][gc,heap     ] GC(231) Reclaimed:         -                  -                 6M (1%)          308M (62%)            -                  -          
[64.869s][info][gc          ] GC(231) Garbage Collection (Allocation Stall) 466M(93%)->356M(71%)
[64.914s][info][gc,start    ] GC(232) Garbage Collection (Allocation Rate)
[64.925s][info][gc,phases   ] GC(232) Pause Mark Start 3.386ms
[65.327s][info][gc,phases   ] GC(232) Concurrent Mark 401.675ms
[65.328s][info][gc,phases   ] GC(232) Pause Mark End 0.410ms
[65.330s][info][gc,phases   ] GC(232) Concurrent Process Non-Strong References 1.500ms
[65.330s][info][gc,phases   ] GC(232) Concurrent Reset Relocation Set 0.306ms
[65.330s][info][gc,phases   ] GC(232) Concurrent Destroy Detached Pages 0.005ms
[65.330s][info][gc          ] Allocation Stall (Executor task launch worker for task 0.0 in stage 16.0 (TID 16)) 187.768ms
[65.334s][info][gc,phases   ] GC(232) Concurrent Select Relocation Set 4.506ms
[65.336s][info][gc,phases   ] GC(232) Concurrent Prepare Relocation Set 1.383ms
[65.341s][info][gc,phases   ] GC(232) Pause Relocate Start 2.710ms
[65.342s][info][gc          ] Allocation Stall (Executor task launch worker for task 0.0 in stage 16.0 (TID 16)) 0.120ms
[65.347s][info][gc          ] Allocation Stall (Executor task launch worker for task 0.0 in stage 16.0 (TID 16)) 3.248ms
[65.431s][info][gc,phases   ] GC(232) Concurrent Relocate 88.458ms
[65.431s][info][gc,load     ] GC(232) Load: 2.00/1.13/0.51
[65.431s][info][gc,mmu      ] GC(232) MMU: 2ms/0.0%, 5ms/0.0%, 10ms/0.0%, 20ms/0.0%, 50ms/57.1%, 100ms/74.9%
[65.431s][info][gc,marking  ] GC(232) Mark: 1 stripe(s), 2 proactive flush(es), 1 terminate flush(es), 0 completion(s), 0 continuation(s) 
[65.431s][info][gc,reloc    ] GC(232) Relocation: Incomplete
[65.431s][info][gc,nmethod  ] GC(232) NMethods: 3301 registered, 0 unregistered
[65.431s][info][gc,metaspace] GC(232) Metaspace: 71M used, 76M capacity, 76M committed, 78M reserved
[65.431s][info][gc,ref      ] GC(232) Soft: 2199 encountered, 0 discovered, 0 enqueued
[65.431s][info][gc,ref      ] GC(232) Weak: 4578 encountered, 3608 discovered, 0 enqueued
[65.431s][info][gc,ref      ] GC(232) Final: 27 encountered, 0 discovered, 0 enqueued
[65.431s][info][gc,ref      ] GC(232) Phantom: 652 encountered, 648 discovered, 0 enqueued
[65.431s][info][gc,heap     ] GC(232)                Mark Start          Mark End        Relocate Start      Relocate End           High               Low         
[65.431s][info][gc,heap     ] GC(232)  Capacity:      500M (100%)        500M (100%)        500M (100%)        500M (100%)        500M (100%)        500M (100%)   
[65.431s][info][gc,heap     ] GC(232)   Reserve:       34M (7%)           34M (7%)           34M (7%)           34M (7%)           34M (7%)           32M (6%)     
[65.431s][info][gc,heap     ] GC(232)      Free:       82M (16%)           0M (0%)            0M (0%)          152M (30%)         152M (30%)           0M (0%)     
[65.431s][info][gc,heap     ] GC(232)      Used:      384M (77%)         466M (93%)         466M (93%)         314M (63%)         468M (94%)         314M (63%)    
[65.431s][info][gc,heap     ] GC(232)      Live:         -               138M (28%)         138M (28%)         138M (28%)            -                  -          
[65.431s][info][gc,heap     ] GC(232) Allocated:         -                82M (16%)          86M (17%)         158M (32%)            -                  -          
[65.431s][info][gc,heap     ] GC(232)   Garbage:         -               245M (49%)         241M (48%)          35M (7%)             -                  -          
[65.431s][info][gc,heap     ] GC(232) Reclaimed:         -                  -                 4M (1%)          210M (42%)            -                  -          
[65.431s][info][gc          ] GC(232) Garbage Collection (Allocation Rate) 384M(77%)->314M(63%)
[65.513s][info][gc,start    ] GC(233) Garbage Collection (Allocation Rate)
[65.519s][info][gc,phases   ] GC(233) Pause Mark Start 3.329ms
[65.726s][info][gc,phases   ] GC(233) Concurrent Mark 206.548ms
[65.727s][info][gc,phases   ] GC(233) Pause Mark End 0.411ms
[65.728s][info][gc,phases   ] GC(233) Concurrent Process Non-Strong References 1.591ms
[65.729s][info][gc,phases   ] GC(233) Concurrent Reset Relocation Set 0.200ms
[65.729s][info][gc,phases   ] GC(233) Concurrent Destroy Detached Pages 0.001ms
[65.730s][info][gc,phases   ] GC(233) Concurrent Select Relocation Set 1.550ms
[65.730s][info][gc,phases   ] GC(233) Concurrent Prepare Relocation Set 0.035ms
[65.734s][info][gc,phases   ] GC(233) Pause Relocate Start 3.216ms
[65.734s][info][gc          ] Allocation Stall (RemoteBlock-temp-file-clean-thread) 8.519ms
[65.734s][info][gc          ] Allocation Stall (Executor task launch worker for task 0.0 in stage 16.0 (TID 16)) 127.715ms
[65.748s][info][gc,phases   ] GC(233) Concurrent Relocate 14.639ms
[65.748s][info][gc,load     ] GC(233) Load: 2.00/1.13/0.51
[65.748s][info][gc,mmu      ] GC(233) MMU: 2ms/0.0%, 5ms/0.0%, 10ms/0.0%, 20ms/0.0%, 50ms/57.1%, 100ms/74.9%
[65.748s][info][gc,marking  ] GC(233) Mark: 1 stripe(s), 2 proactive flush(es), 1 terminate flush(es), 0 completion(s), 0 continuation(s) 
[65.748s][info][gc,reloc    ] GC(233) Relocation: Successful, 6M relocated
[65.748s][info][gc,nmethod  ] GC(233) NMethods: 3302 registered, 0 unregistered
[65.748s][info][gc,metaspace] GC(233) Metaspace: 71M used, 76M capacity, 76M committed, 78M reserved
[65.749s][info][gc,ref      ] GC(233) Soft: 2199 encountered, 0 discovered, 0 enqueued
[65.749s][info][gc,ref      ] GC(233) Weak: 4578 encountered, 3608 discovered, 0 enqueued
[65.749s][info][gc,ref      ] GC(233) Final: 27 encountered, 0 discovered, 0 enqueued
[65.749s][info][gc,ref      ] GC(233) Phantom: 652 encountered, 648 discovered, 0 enqueued
[65.749s][info][gc,heap     ] GC(233)                Mark Start          Mark End        Relocate Start      Relocate End           High               Low         
[65.749s][info][gc,heap     ] GC(233)  Capacity:      500M (100%)        500M (100%)        500M (100%)        500M (100%)        500M (100%)        500M (100%)   
[65.749s][info][gc,heap     ] GC(233)   Reserve:       34M (7%)           34M (7%)           34M (7%)           34M (7%)           34M (7%)           34M (7%)     
[65.749s][info][gc,heap     ] GC(233)      Free:       52M (10%)           0M (0%)          224M (45%)         228M (46%)         234M (47%)           0M (0%)     
[65.749s][info][gc,heap     ] GC(233)      Used:      414M (83%)         466M (93%)         242M (48%)         238M (48%)         466M (93%)         232M (46%)    
[65.749s][info][gc,heap     ] GC(233)      Live:         -               138M (28%)         138M (28%)         138M (28%)            -                  -          
[65.749s][info][gc,heap     ] GC(233) Allocated:         -                52M (10%)          56M (11%)          70M (14%)            -                  -          
[65.749s][info][gc,heap     ] GC(233)   Garbage:         -               275M (55%)          47M (9%)           33M (7%)             -                  -          
[65.749s][info][gc,heap     ] GC(233) Reclaimed:         -                  -               228M (46%)         242M (48%)            -                  -          
[65.749s][info][gc          ] GC(233) Garbage Collection (Allocation Rate) 414M(83%)->238M(48%)
[65.813s][info][gc,start    ] GC(234) Garbage Collection (Allocation Rate)
[65.819s][info][gc,phases   ] GC(234) Pause Mark Start 3.249ms
[66.071s][info][gc,phases   ] GC(234) Concurrent Mark 251.345ms
[66.072s][info][gc,phases   ] GC(234) Pause Mark End 0.435ms
[66.073s][info][gc,phases   ] GC(234) Concurrent Process Non-Strong References 1.487ms
[66.073s][info][gc,phases   ] GC(234) Concurrent Reset Relocation Set 0.004ms
[66.073s][info][gc,phases   ] GC(234) Concurrent Destroy Detached Pages 0.000ms
[66.074s][info][gc          ] Allocation Stall (Executor task launch worker for task 0.0 in stage 16.0 (TID 16)) 10.623ms
[66.079s][info][gc,phases   ] GC(234) Concurrent Select Relocation Set 5.462ms
[66.079s][info][gc,phases   ] GC(234) Concurrent Prepare Relocation Set 0.029ms
[66.084s][info][gc,phases   ] GC(234) Pause Relocate Start 2.716ms
[66.093s][info][gc,phases   ] GC(234) Concurrent Relocate 8.321ms
[66.093s][info][gc,load     ] GC(234) Load: 2.00/1.13/0.51
[66.093s][info][gc,mmu      ] GC(234) MMU: 2ms/0.0%, 5ms/0.0%, 10ms/0.0%, 20ms/0.0%, 50ms/57.1%, 100ms/74.9%
[66.093s][info][gc,marking  ] GC(234) Mark: 1 stripe(s), 2 proactive flush(es), 1 terminate flush(es), 0 completion(s), 0 continuation(s) 
[66.093s][info][gc,reloc    ] GC(234) Relocation: Successful, 6M relocated
[66.093s][info][gc,nmethod  ] GC(234) NMethods: 3302 registered, 0 unregistered
[66.093s][info][gc,metaspace] GC(234) Metaspace: 71M used, 76M capacity, 76M committed, 78M reserved
[66.093s][info][gc,ref      ] GC(234) Soft: 2199 encountered, 0 discovered, 0 enqueued
[66.093s][info][gc,ref      ] GC(234) Weak: 4578 encountered, 3608 discovered, 0 enqueued
[66.093s][info][gc,ref      ] GC(234) Final: 27 encountered, 0 discovered, 0 enqueued
[66.093s][info][gc,ref      ] GC(234) Phantom: 652 encountered, 648 discovered, 0 enqueued
[66.093s][info][gc,heap     ] GC(234)                Mark Start          Mark End        Relocate Start      Relocate End           High               Low         
[66.093s][info][gc,heap     ] GC(234)  Capacity:      500M (100%)        500M (100%)        500M (100%)        500M (100%)        500M (100%)        500M (100%)   
[66.093s][info][gc,heap     ] GC(234)   Reserve:       34M (7%)           34M (7%)           34M (7%)           34M (7%)           34M (7%)           34M (7%)     
[66.093s][info][gc,heap     ] GC(234)      Free:      150M (30%)           0M (0%)          126M (25%)         130M (26%)         150M (30%)           0M (0%)     
[66.093s][info][gc,heap     ] GC(234)      Used:      316M (63%)         466M (93%)         340M (68%)         336M (67%)         466M (93%)         316M (63%)    
[66.093s][info][gc,heap     ] GC(234)      Live:         -               138M (28%)         138M (28%)         138M (28%)            -                  -          
[66.093s][info][gc,heap     ] GC(234) Allocated:         -               150M (30%)         156M (31%)         166M (33%)            -                  -          
[66.093s][info][gc,heap     ] GC(234)   Garbage:         -               177M (35%)          45M (9%)           33M (7%)             -                  -          
[66.093s][info][gc,heap     ] GC(234) Reclaimed:         -                  -               132M (26%)         144M (29%)            -                  -          
[66.093s][info][gc          ] GC(234) Garbage Collection (Allocation Rate) 316M(63%)->336M(67%)
[66.113s][info][gc,start    ] GC(235) Garbage Collection (Allocation Rate)
[66.119s][info][gc,phases   ] GC(235) Pause Mark Start 3.322ms
[66.360s][info][gc,phases   ] GC(235) Concurrent Mark 240.184ms
[66.360s][info][gc,phases   ] GC(235) Pause Mark End 0.407ms
[66.362s][info][gc,phases   ] GC(235) Concurrent Process Non-Strong References 1.516ms
[66.362s][info][gc,phases   ] GC(235) Concurrent Reset Relocation Set 0.003ms
[66.362s][info][gc,phases   ] GC(235) Concurrent Destroy Detached Pages 0.000ms
[66.363s][info][gc          ] Allocation Stall (Executor task launch worker for task 0.0 in stage 16.0 (TID 16)) 42.449ms
[66.368s][info][gc,phases   ] GC(235) Concurrent Select Relocation Set 5.449ms
[66.368s][info][gc,phases   ] GC(235) Concurrent Prepare Relocation Set 0.029ms
[66.373s][info][gc,phases   ] GC(235) Pause Relocate Start 2.702ms
[66.381s][info][gc,phases   ] GC(235) Concurrent Relocate 7.843ms
[66.381s][info][gc,load     ] GC(235) Load: 2.00/1.13/0.51
[66.381s][info][gc,mmu      ] GC(235) MMU: 2ms/0.0%, 5ms/0.0%, 10ms/0.0%, 20ms/0.0%, 50ms/57.1%, 100ms/74.9%
[66.381s][info][gc,marking  ] GC(235) Mark: 1 stripe(s), 2 proactive flush(es), 1 terminate flush(es), 0 completion(s), 0 continuation(s) 
[66.381s][info][gc,reloc    ] GC(235) Relocation: Successful, 6M relocated
[66.381s][info][gc,nmethod  ] GC(235) NMethods: 3302 registered, 0 unregistered
[66.381s][info][gc,metaspace] GC(235) Metaspace: 71M used, 76M capacity, 76M committed, 78M reserved
[66.381s][info][gc,ref      ] GC(235) Soft: 2199 encountered, 0 discovered, 0 enqueued
[66.381s][info][gc,ref      ] GC(235) Weak: 4578 encountered, 3608 discovered, 0 enqueued
[66.381s][info][gc,ref      ] GC(235) Final: 27 encountered, 0 discovered, 0 enqueued
[66.381s][info][gc,ref      ] GC(235) Phantom: 652 encountered, 648 discovered, 0 enqueued
[66.381s][info][gc,heap     ] GC(235)                Mark Start          Mark End        Relocate Start      Relocate End           High               Low         
[66.381s][info][gc,heap     ] GC(235)  Capacity:      500M (100%)        500M (100%)        500M (100%)        500M (100%)        500M (100%)        500M (100%)   
[66.381s][info][gc,heap     ] GC(235)   Reserve:       34M (7%)           34M (7%)           34M (7%)           34M (7%)           34M (7%)           34M (7%)     
[66.381s][info][gc,heap     ] GC(235)      Free:      106M (21%)           0M (0%)          174M (35%)         174M (35%)         178M (36%)           0M (0%)     
[66.381s][info][gc,heap     ] GC(235)      Used:      360M (72%)         466M (93%)         292M (58%)         292M (58%)         466M (93%)         288M (58%)    
[66.381s][info][gc,heap     ] GC(235)      Live:         -               138M (28%)         138M (28%)         138M (28%)            -                  -          
[66.381s][info][gc,heap     ] GC(235) Allocated:         -               106M (21%)         112M (22%)         122M (24%)            -                  -          
[66.381s][info][gc,heap     ] GC(235)   Garbage:         -               221M (44%)          41M (8%)           33M (7%)             -                  -          
[66.381s][info][gc,heap     ] GC(235) Reclaimed:         -                  -               180M (36%)         188M (38%)            -                  -          
[66.381s][info][gc          ] GC(235) Garbage Collection (Allocation Rate) 360M(72%)->292M(58%)
[66.413s][info][gc,start    ] GC(236) Garbage Collection (Allocation Rate)
[66.419s][info][gc,phases   ] GC(236) Pause Mark Start 3.290ms
[66.675s][info][gc,phases   ] GC(236) Concurrent Mark 255.097ms
[66.675s][info][gc,phases   ] GC(236) Pause Mark End 0.445ms
[66.677s][info][gc,phases   ] GC(236) Concurrent Process Non-Strong References 1.469ms
[66.677s][info][gc,phases   ] GC(236) Concurrent Reset Relocation Set 0.002ms
[66.677s][info][gc,phases   ] GC(236) Concurrent Destroy Detached Pages 0.000ms
[66.678s][info][gc,phases   ] GC(236) Concurrent Select Relocation Set 1.561ms
[66.678s][info][gc,phases   ] GC(236) Concurrent Prepare Relocation Set 0.027ms
[66.681s][info][gc,phases   ] GC(236) Pause Relocate Start 2.752ms
[66.682s][info][gc          ] Allocation Stall (Executor task launch worker for task 0.0 in stage 16.0 (TID 16)) 22.696ms
[66.689s][info][gc,phases   ] GC(236) Concurrent Relocate 5.497ms
[66.689s][info][gc,load     ] GC(236) Load: 2.00/1.13/0.51
[66.689s][info][gc,mmu      ] GC(236) MMU: 2ms/0.0%, 5ms/0.0%, 10ms/0.0%, 20ms/0.0%, 50ms/57.1%, 100ms/74.9%
[66.689s][info][gc,marking  ] GC(236) Mark: 1 stripe(s), 2 proactive flush(es), 1 terminate flush(es), 0 completion(s), 0 continuation(s) 
[66.689s][info][gc,reloc    ] GC(236) Relocation: Successful, 6M relocated
[66.689s][info][gc,nmethod  ] GC(236) NMethods: 3302 registered, 0 unregistered
[66.689s][info][gc,metaspace] GC(236) Metaspace: 71M used, 76M capacity, 76M committed, 78M reserved
[66.689s][info][gc,ref      ] GC(236) Soft: 2199 encountered, 0 discovered, 0 enqueued
[66.689s][info][gc,ref      ] GC(236) Weak: 4578 encountered, 3608 discovered, 0 enqueued
[66.689s][info][gc,ref      ] GC(236) Final: 27 encountered, 0 discovered, 0 enqueued
[66.689s][info][gc,ref      ] GC(236) Phantom: 652 encountered, 648 discovered, 0 enqueued
[66.689s][info][gc,heap     ] GC(236)                Mark Start          Mark End        Relocate Start      Relocate End           High               Low         
[66.689s][info][gc,heap     ] GC(236)  Capacity:      500M (100%)        500M (100%)        500M (100%)        500M (100%)        500M (100%)        500M (100%)   
[66.689s][info][gc,heap     ] GC(236)   Reserve:       34M (7%)           34M (7%)           34M (7%)           34M (7%)           34M (7%)           34M (7%)     
[66.689s][info][gc,heap     ] GC(236)      Free:      134M (27%)           0M (0%)          150M (30%)         152M (30%)         152M (30%)           0M (0%)     
[66.689s][info][gc,heap     ] GC(236)      Used:      332M (66%)         466M (93%)         316M (63%)         314M (63%)         466M (93%)         314M (63%)    
[66.689s][info][gc,heap     ] GC(236)      Live:         -               138M (28%)         138M (28%)         138M (28%)            -                  -          
[66.689s][info][gc,heap     ] GC(236) Allocated:         -               134M (27%)         136M (27%)         146M (29%)            -                  -          
[66.689s][info][gc,heap     ] GC(236)   Garbage:         -               193M (39%)          41M (8%)           35M (7%)             -                  -          
[66.689s][info][gc,heap     ] GC(236) Reclaimed:         -                  -               152M (30%)         158M (32%)            -                  -          
[66.689s][info][gc          ] GC(236) Garbage Collection (Allocation Rate) 332M(66%)->314M(63%)
[66.713s][info][gc,start    ] GC(237) Garbage Collection (Allocation Rate)
[66.719s][info][gc,phases   ] GC(237) Pause Mark Start 2.830ms
[66.984s][info][gc,phases   ] GC(237) Concurrent Mark 264.656ms
[66.984s][info][gc,phases   ] GC(237) Pause Mark End 0.419ms
[66.986s][info][gc,phases   ] GC(237) Concurrent Process Non-Strong References 1.532ms
[66.986s][info][gc,phases   ] GC(237) Concurrent Reset Relocation Set 0.003ms
[66.986s][info][gc,phases   ] GC(237) Concurrent Destroy Detached Pages 0.000ms
[66.987s][info][gc          ] Allocation Stall (Executor task launch worker for task 0.0 in stage 16.0 (TID 16)) 45.533ms
[66.991s][info][gc,phases   ] GC(237) Concurrent Select Relocation Set 5.442ms
[66.992s][info][gc,phases   ] GC(237) Concurrent Prepare Relocation Set 0.029ms
[66.997s][info][gc,phases   ] GC(237) Pause Relocate Start 2.767ms
[67.004s][info][gc,phases   ] GC(237) Concurrent Relocate 7.126ms
[67.004s][info][gc,load     ] GC(237) Load: 1.92/1.12/0.51
[67.004s][info][gc,mmu      ] GC(237) MMU: 2ms/0.0%, 5ms/0.0%, 10ms/0.0%, 20ms/0.0%, 50ms/57.1%, 100ms/74.9%
[67.004s][info][gc,marking  ] GC(237) Mark: 1 stripe(s), 2 proactive flush(es), 1 terminate flush(es), 0 completion(s), 0 continuation(s) 
[67.004s][info][gc,reloc    ] GC(237) Relocation: Successful, 6M relocated
[67.004s][info][gc,nmethod  ] GC(237) NMethods: 3302 registered, 0 unregistered
[67.004s][info][gc,metaspace] GC(237) Metaspace: 71M used, 76M capacity, 76M committed, 78M reserved
[67.004s][info][gc,ref      ] GC(237) Soft: 2199 encountered, 0 discovered, 0 enqueued
[67.004s][info][gc,ref      ] GC(237) Weak: 4578 encountered, 3608 discovered, 0 enqueued
[67.004s][info][gc,ref      ] GC(237) Final: 27 encountered, 0 discovered, 0 enqueued
[67.004s][info][gc,ref      ] GC(237) Phantom: 652 encountered, 648 discovered, 0 enqueued
[67.004s][info][gc,heap     ] GC(237)                Mark Start          Mark End        Relocate Start      Relocate End           High               Low         
[67.004s][info][gc,heap     ] GC(237)  Capacity:      500M (100%)        500M (100%)        500M (100%)        500M (100%)        500M (100%)        500M (100%)   
[67.004s][info][gc,heap     ] GC(237)   Reserve:       34M (7%)           34M (7%)           34M (7%)           34M (7%)           34M (7%)           34M (7%)     
[67.004s][info][gc,heap     ] GC(237)      Free:      122M (24%)           0M (0%)          158M (32%)         160M (32%)         162M (32%)           0M (0%)     
[67.004s][info][gc,heap     ] GC(237)      Used:      344M (69%)         466M (93%)         308M (62%)         306M (61%)         466M (93%)         304M (61%)    
[67.004s][info][gc,heap     ] GC(237)      Live:         -               138M (28%)         138M (28%)         138M (28%)            -                  -          
[67.004s][info][gc,heap     ] GC(237) Allocated:         -               122M (24%)         128M (26%)         136M (27%)            -                  -          
[67.004s][info][gc,heap     ] GC(237)   Garbage:         -               205M (41%)          41M (8%)           33M (7%)             -                  -          
[67.004s][info][gc,heap     ] GC(237) Reclaimed:         -                  -               164M (33%)         172M (34%)            -                  -          
[67.004s][info][gc          ] GC(237) Garbage Collection (Allocation Rate) 344M(69%)->306M(61%)
[67.013s][info][gc,start    ] GC(238) Garbage Collection (Allocation Rate)
[67.020s][info][gc,phases   ] GC(238) Pause Mark Start 3.671ms
[67.302s][info][gc,phases   ] GC(238) Concurrent Mark 281.894ms
[67.303s][info][gc,phases   ] GC(238) Pause Mark End 0.507ms
[67.304s][info][gc,phases   ] GC(238) Concurrent Process Non-Strong References 1.512ms
[67.304s][info][gc,phases   ] GC(238) Concurrent Reset Relocation Set 0.003ms
[67.304s][info][gc,phases   ] GC(238) Concurrent Destroy Detached Pages 0.001ms
[67.306s][info][gc,phases   ] GC(238) Concurrent Select Relocation Set 1.524ms
[67.306s][info][gc,phases   ] GC(238) Concurrent Prepare Relocation Set 0.030ms
[67.309s][info][gc,phases   ] GC(238) Pause Relocate Start 2.665ms
[67.309s][info][gc          ] Allocation Stall (Executor task launch worker for task 0.0 in stage 16.0 (TID 16)) 12.638ms
[67.315s][info][gc,phases   ] GC(238) Concurrent Relocate 1.607ms
[67.315s][info][gc,load     ] GC(238) Load: 1.92/1.12/0.51
[67.315s][info][gc,mmu      ] GC(238) MMU: 2ms/0.0%, 5ms/0.0%, 10ms/0.0%, 20ms/0.0%, 50ms/57.1%, 100ms/74.9%
[67.315s][info][gc,marking  ] GC(238) Mark: 1 stripe(s), 2 proactive flush(es), 1 terminate flush(es), 0 completion(s), 0 continuation(s) 
[67.315s][info][gc,reloc    ] GC(238) Relocation: Successful, 6M relocated
[67.315s][info][gc,nmethod  ] GC(238) NMethods: 3302 registered, 0 unregistered
[67.315s][info][gc,metaspace] GC(238) Metaspace: 71M used, 76M capacity, 76M committed, 78M reserved
[67.315s][info][gc,ref      ] GC(238) Soft: 2199 encountered, 0 discovered, 0 enqueued
[67.315s][info][gc,ref      ] GC(238) Weak: 4578 encountered, 3605 discovered, 0 enqueued
[67.315s][info][gc,ref      ] GC(238) Final: 27 encountered, 0 discovered, 0 enqueued
[67.315s][info][gc,ref      ] GC(238) Phantom: 652 encountered, 648 discovered, 0 enqueued
[67.315s][info][gc,heap     ] GC(238)                Mark Start          Mark End        Relocate Start      Relocate End           High               Low         
[67.315s][info][gc,heap     ] GC(238)  Capacity:      500M (100%)        500M (100%)        500M (100%)        500M (100%)        500M (100%)        500M (100%)   
[67.315s][info][gc,heap     ] GC(238)   Reserve:       34M (7%)           34M (7%)           34M (7%)           34M (7%)           34M (7%)           34M (7%)     
[67.315s][info][gc,heap     ] GC(238)      Free:      148M (30%)           0M (0%)          136M (27%)         140M (28%)         148M (30%)           0M (0%)     
[67.315s][info][gc,heap     ] GC(238)      Used:      318M (64%)         466M (93%)         330M (66%)         326M (65%)         466M (93%)         318M (64%)    
[67.315s][info][gc,heap     ] GC(238)      Live:         -               138M (28%)         138M (28%)         138M (28%)            -                  -          
[67.315s][info][gc,heap     ] GC(238) Allocated:         -               148M (30%)         150M (30%)         158M (32%)            -                  -          
[67.315s][info][gc,heap     ] GC(238)   Garbage:         -               179M (36%)          41M (8%)           35M (7%)             -                  -          
[67.315s][info][gc,heap     ] GC(238) Reclaimed:         -                  -               138M (28%)         144M (29%)            -                  -          
[67.315s][info][gc          ] GC(238) Garbage Collection (Allocation Rate) 318M(64%)->326M(65%)
[67.413s][info][gc,start    ] GC(239) Garbage Collection (Allocation Rate)
[67.419s][info][gc,phases   ] GC(239) Pause Mark Start 3.287ms
[67.581s][info][gc,phases   ] GC(239) Concurrent Mark 161.457ms
[67.581s][info][gc,phases   ] GC(239) Pause Mark End 0.414ms
[67.583s][info][gc,phases   ] GC(239) Concurrent Process Non-Strong References 1.551ms
[67.583s][info][gc,phases   ] GC(239) Concurrent Reset Relocation Set 0.003ms
[67.583s][info][gc,phases   ] GC(239) Concurrent Destroy Detached Pages 0.000ms
[67.585s][info][gc,phases   ] GC(239) Concurrent Select Relocation Set 2.049ms
[67.585s][info][gc,phases   ] GC(239) Concurrent Prepare Relocation Set 0.027ms
[67.588s][info][gc,phases   ] GC(239) Pause Relocate Start 2.700ms
[67.588s][info][gc          ] Allocation Stall (Executor task launch worker for task 0.0 in stage 16.0 (TID 16)) 125.270ms
[67.596s][info][gc,phases   ] GC(239) Concurrent Relocate 5.449ms
[67.596s][info][gc,load     ] GC(239) Load: 1.92/1.12/0.51
[67.596s][info][gc,mmu      ] GC(239) MMU: 2ms/0.0%, 5ms/0.0%, 10ms/0.0%, 20ms/0.0%, 50ms/57.1%, 100ms/74.9%
[67.596s][info][gc,marking  ] GC(239) Mark: 1 stripe(s), 2 proactive flush(es), 1 terminate flush(es), 0 completion(s), 0 continuation(s) 
[67.596s][info][gc,reloc    ] GC(239) Relocation: Successful, 6M relocated
[67.596s][info][gc,nmethod  ] GC(239) NMethods: 3302 registered, 0 unregistered
[67.596s][info][gc,metaspace] GC(239) Metaspace: 71M used, 76M capacity, 76M committed, 78M reserved
[67.596s][info][gc,ref      ] GC(239) Soft: 2199 encountered, 0 discovered, 0 enqueued
[67.596s][info][gc,ref      ] GC(239) Weak: 4578 encountered, 3608 discovered, 0 enqueued
[67.596s][info][gc,ref      ] GC(239) Final: 27 encountered, 0 discovered, 0 enqueued
[67.596s][info][gc,ref      ] GC(239) Phantom: 652 encountered, 648 discovered, 0 enqueued
[67.596s][info][gc,heap     ] GC(239)                Mark Start          Mark End        Relocate Start      Relocate End           High               Low         
[67.596s][info][gc,heap     ] GC(239)  Capacity:      500M (100%)        500M (100%)        500M (100%)        500M (100%)        500M (100%)        500M (100%)   
[67.596s][info][gc,heap     ] GC(239)   Reserve:       34M (7%)           34M (7%)           34M (7%)           34M (7%)           34M (7%)           34M (7%)     
[67.596s][info][gc,heap     ] GC(239)      Free:       24M (5%)            0M (0%)          260M (52%)         260M (52%)         260M (52%)           0M (0%)     
[67.596s][info][gc,heap     ] GC(239)      Used:      442M (88%)         466M (93%)         206M (41%)         206M (41%)         466M (93%)         206M (41%)    
[67.596s][info][gc,heap     ] GC(239)      Live:         -               138M (28%)         138M (28%)         138M (28%)            -                  -          
[67.596s][info][gc,heap     ] GC(239) Allocated:         -                24M (5%)           26M (5%)           38M (8%)             -                  -          
[67.596s][info][gc,heap     ] GC(239)   Garbage:         -               303M (61%)          41M (8%)           35M (7%)             -                  -          
[67.596s][info][gc,heap     ] GC(239) Reclaimed:         -                  -               262M (52%)         268M (54%)            -                  -          
[67.596s][info][gc          ] GC(239) Garbage Collection (Allocation Rate) 442M(88%)->206M(41%)
[67.613s][info][gc,start    ] GC(240) Garbage Collection (Allocation Rate)
[67.619s][info][gc,phases   ] GC(240) Pause Mark Start 3.287ms
[67.921s][info][gc,phases   ] GC(240) Concurrent Mark 301.706ms
[67.924s][info][gc,phases   ] GC(240) Pause Mark End 0.433ms
[67.926s][info][gc,phases   ] GC(240) Concurrent Process Non-Strong References 1.486ms
[67.926s][info][gc,phases   ] GC(240) Concurrent Reset Relocation Set 0.002ms
[67.926s][info][gc,phases   ] GC(240) Concurrent Destroy Detached Pages 0.000ms
[67.927s][info][gc,phases   ] GC(240) Concurrent Select Relocation Set 1.551ms
[67.927s][info][gc,phases   ] GC(240) Concurrent Prepare Relocation Set 0.028ms
[67.930s][info][gc,phases   ] GC(240) Pause Relocate Start 2.614ms
[67.936s][info][gc,phases   ] GC(240) Concurrent Relocate 6.034ms
[67.936s][info][gc,load     ] GC(240) Load: 1.92/1.12/0.51
[67.936s][info][gc,mmu      ] GC(240) MMU: 2ms/0.0%, 5ms/0.0%, 10ms/0.0%, 20ms/0.0%, 50ms/57.1%, 100ms/74.9%
[67.936s][info][gc,marking  ] GC(240) Mark: 1 stripe(s), 2 proactive flush(es), 1 terminate flush(es), 0 completion(s), 0 continuation(s) 
[67.936s][info][gc,reloc    ] GC(240) Relocation: Successful, 6M relocated
[67.936s][info][gc,nmethod  ] GC(240) NMethods: 3302 registered, 0 unregistered
[67.936s][info][gc,metaspace] GC(240) Metaspace: 71M used, 76M capacity, 76M committed, 78M reserved
[67.936s][info][gc,ref      ] GC(240) Soft: 2199 encountered, 0 discovered, 0 enqueued
[67.936s][info][gc,ref      ] GC(240) Weak: 4578 encountered, 3608 discovered, 0 enqueued
[67.936s][info][gc,ref      ] GC(240) Final: 27 encountered, 0 discovered, 0 enqueued
[67.936s][info][gc,ref      ] GC(240) Phantom: 652 encountered, 648 discovered, 0 enqueued
[67.936s][info][gc,heap     ] GC(240)                Mark Start          Mark End        Relocate Start      Relocate End           High               Low         
[67.936s][info][gc,heap     ] GC(240)  Capacity:      500M (100%)        500M (100%)        500M (100%)        500M (100%)        500M (100%)        500M (100%)   
[67.936s][info][gc,heap     ] GC(240)   Reserve:       34M (7%)           34M (7%)           34M (7%)           34M (7%)           34M (7%)           34M (7%)     
[67.936s][info][gc,heap     ] GC(240)      Free:      240M (48%)          48M (10%)          96M (19%)          94M (19%)         240M (48%)          48M (10%)    
[67.937s][info][gc,heap     ] GC(240)      Used:      226M (45%)         418M (84%)         370M (74%)         372M (74%)         418M (84%)         226M (45%)    
[67.937s][info][gc,heap     ] GC(240)      Live:         -               138M (28%)         138M (28%)         138M (28%)            -                  -          
[67.937s][info][gc,heap     ] GC(240) Allocated:         -               192M (38%)         192M (38%)         202M (40%)            -                  -          
[67.937s][info][gc,heap     ] GC(240)   Garbage:         -                87M (17%)          39M (8%)           35M (7%)             -                  -          
[67.937s][info][gc,heap     ] GC(240) Reclaimed:         -                  -                48M (10%)          52M (10%)            -                  -          
[67.937s][info][gc          ] GC(240) Garbage Collection (Allocation Rate) 226M(45%)->372M(74%)
[67.993s][info][gc,start    ] GC(241) Garbage Collection (Allocation Stall)
[67.993s][info][gc,ref      ] GC(241) Clearing All Soft References
[67.996s][info][gc,phases   ] GC(241) Pause Mark Start 3.274ms
[68.025s][info][gc,phases   ] GC(241) Concurrent Mark 28.714ms
[68.026s][info][gc,phases   ] GC(241) Pause Mark End 0.404ms
[68.027s][info][gc,phases   ] GC(241) Concurrent Process Non-Strong References 1.644ms
[68.027s][info][gc,phases   ] GC(241) Concurrent Reset Relocation Set 0.003ms
[68.027s][info][gc,phases   ] GC(241) Concurrent Destroy Detached Pages 0.000ms
[68.029s][info][gc,phases   ] GC(241) Concurrent Select Relocation Set 1.525ms
[68.029s][info][gc,phases   ] GC(241) Concurrent Prepare Relocation Set 0.024ms
[68.032s][info][gc,phases   ] GC(241) Pause Relocate Start 2.821ms
[68.032s][info][gc          ] Allocation Stall (Executor task launch worker for task 0.0 in stage 16.0 (TID 16)) 39.433ms
[68.040s][info][gc,phases   ] GC(241) Concurrent Relocate 5.237ms
[68.040s][info][gc,load     ] GC(241) Load: 1.92/1.12/0.51
[68.040s][info][gc,mmu      ] GC(241) MMU: 2ms/0.0%, 5ms/0.0%, 10ms/0.0%, 20ms/0.0%, 50ms/57.1%, 100ms/74.9%
[68.040s][info][gc,marking  ] GC(241) Mark: 1 stripe(s), 1 proactive flush(es), 1 terminate flush(es), 0 completion(s), 0 continuation(s) 
[68.040s][info][gc,reloc    ] GC(241) Relocation: Successful, 6M relocated
[68.040s][info][gc,nmethod  ] GC(241) NMethods: 3302 registered, 0 unregistered
[68.040s][info][gc,metaspace] GC(241) Metaspace: 71M used, 76M capacity, 76M committed, 78M reserved
[68.040s][info][gc,ref      ] GC(241) Soft: 2199 encountered, 596 discovered, 47 enqueued
[68.040s][info][gc,ref      ] GC(241) Weak: 4578 encountered, 3758 discovered, 0 enqueued
[68.040s][info][gc,ref      ] GC(241) Final: 27 encountered, 0 discovered, 0 enqueued
[68.040s][info][gc,ref      ] GC(241) Phantom: 652 encountered, 648 discovered, 0 enqueued
[68.040s][info][gc,heap     ] GC(241)                Mark Start          Mark End        Relocate Start      Relocate End           High               Low         
[68.040s][info][gc,heap     ] GC(241)  Capacity:      500M (100%)        500M (100%)        500M (100%)        500M (100%)        500M (100%)        500M (100%)   
[68.040s][info][gc,heap     ] GC(241)   Reserve:       34M (7%)           34M (7%)           34M (7%)           34M (7%)           34M (7%)           34M (7%)     
[68.040s][info][gc,heap     ] GC(241)      Free:        0M (0%)            0M (0%)          386M (77%)         394M (79%)         394M (79%)           0M (0%)     
[68.040s][info][gc,heap     ] GC(241)      Used:      466M (93%)         466M (93%)          80M (16%)          72M (14%)         466M (93%)          72M (14%)    
[68.040s][info][gc,heap     ] GC(241)      Live:         -                30M (6%)           30M (6%)           30M (6%)             -                  -          
[68.040s][info][gc,heap     ] GC(241) Allocated:         -                 0M (0%)            2M (0%)           14M (3%)             -                  -          
[68.040s][info][gc,heap     ] GC(241)   Garbage:         -               435M (87%)          47M (10%)          33M (7%)             -                  -          
[68.040s][info][gc,heap     ] GC(241) Reclaimed:         -                  -               388M (78%)         402M (80%)            -                  -          
[68.040s][info][gc          ] GC(241) Garbage Collection (Allocation Stall) 466M(93%)->72M(14%)
[68.114s][info][gc,start    ] GC(242) Garbage Collection (Allocation Rate)
[68.120s][info][gc,phases   ] GC(242) Pause Mark Start 3.260ms
[68.181s][info][gc,phases   ] GC(242) Concurrent Mark 61.350ms
[68.184s][info][gc,phases   ] GC(242) Pause Mark End 0.469ms
[68.186s][info][gc,phases   ] GC(242) Concurrent Process Non-Strong References 2.076ms
[68.186s][info][gc,phases   ] GC(242) Concurrent Reset Relocation Set 0.003ms
[68.186s][info][gc,phases   ] GC(242) Concurrent Destroy Detached Pages 0.001ms
[68.188s][info][gc,phases   ] GC(242) Concurrent Select Relocation Set 1.590ms
[68.188s][info][gc,phases   ] GC(242) Concurrent Prepare Relocation Set 0.025ms
[68.192s][info][gc,phases   ] GC(242) Pause Relocate Start 3.883ms
[68.200s][info][gc,phases   ] GC(242) Concurrent Relocate 5.303ms
[68.200s][info][gc,load     ] GC(242) Load: 1.92/1.12/0.51
[68.200s][info][gc,mmu      ] GC(242) MMU: 2ms/0.0%, 5ms/0.0%, 10ms/0.0%, 20ms/0.0%, 50ms/57.1%, 100ms/74.9%
[68.200s][info][gc,marking  ] GC(242) Mark: 1 stripe(s), 2 proactive flush(es), 1 terminate flush(es), 0 completion(s), 0 continuation(s) 
[68.200s][info][gc,reloc    ] GC(242) Relocation: Successful, 6M relocated
[68.200s][info][gc,nmethod  ] GC(242) NMethods: 3302 registered, 0 unregistered
[68.200s][info][gc,metaspace] GC(242) Metaspace: 71M used, 76M capacity, 76M committed, 78M reserved
[68.200s][info][gc,ref      ] GC(242) Soft: 2152 encountered, 0 discovered, 0 enqueued
[68.200s][info][gc,ref      ] GC(242) Weak: 4578 encountered, 3608 discovered, 0 enqueued
[68.200s][info][gc,ref      ] GC(242) Final: 27 encountered, 0 discovered, 0 enqueued
[68.200s][info][gc,ref      ] GC(242) Phantom: 652 encountered, 648 discovered, 0 enqueued
[68.200s][info][gc,heap     ] GC(242)                Mark Start          Mark End        Relocate Start      Relocate End           High               Low         
[68.200s][info][gc,heap     ] GC(242)  Capacity:      500M (100%)        500M (100%)        500M (100%)        500M (100%)        500M (100%)        500M (100%)   
[68.200s][info][gc,heap     ] GC(242)   Reserve:       34M (7%)           34M (7%)           34M (7%)           34M (7%)           34M (7%)           34M (7%)     
[68.200s][info][gc,heap     ] GC(242)      Free:      310M (62%)         258M (52%)         340M (68%)         340M (68%)         340M (68%)         258M (52%)    
[68.200s][info][gc,heap     ] GC(242)      Used:      156M (31%)         208M (42%)         126M (25%)         126M (25%)         208M (42%)         126M (25%)    
[68.200s][info][gc,heap     ] GC(242)      Live:         -                30M (6%)           30M (6%)           30M (6%)             -                  -          
[68.200s][info][gc,heap     ] GC(242) Allocated:         -                52M (10%)          52M (10%)          66M (13%)            -                  -          
[68.200s][info][gc,heap     ] GC(242)   Garbage:         -               125M (25%)          43M (9%)           33M (7%)             -                  -          
[68.200s][info][gc,heap     ] GC(242) Reclaimed:         -                  -                82M (16%)          92M (18%)            -                  -          
[68.200s][info][gc          ] GC(242) Garbage Collection (Allocation Rate) 156M(31%)->126M(25%)
[68.213s][info][gc,start    ] GC(243) Garbage Collection (Allocation Rate)
[68.222s][info][gc,phases   ] GC(243) Pause Mark Start 4.909ms
[68.289s][info][gc,phases   ] GC(243) Concurrent Mark 66.087ms
[68.292s][info][gc,phases   ] GC(243) Pause Mark End 0.439ms
[68.293s][info][gc,phases   ] GC(243) Concurrent Process Non-Strong References 1.532ms
[68.293s][info][gc,phases   ] GC(243) Concurrent Reset Relocation Set 0.004ms
[68.293s][info][gc,phases   ] GC(243) Concurrent Destroy Detached Pages 0.000ms
[68.295s][info][gc,phases   ] GC(243) Concurrent Select Relocation Set 1.668ms
[68.295s][info][gc,phases   ] GC(243) Concurrent Prepare Relocation Set 0.028ms
[68.298s][info][gc,phases   ] GC(243) Pause Relocate Start 2.836ms
[68.303s][info][gc,phases   ] GC(243) Concurrent Relocate 4.562ms
[68.303s][info][gc,load     ] GC(243) Load: 1.92/1.12/0.51
[68.303s][info][gc,mmu      ] GC(243) MMU: 2ms/0.0%, 5ms/0.0%, 10ms/0.0%, 20ms/0.0%, 50ms/57.1%, 100ms/74.9%
[68.303s][info][gc,marking  ] GC(243) Mark: 1 stripe(s), 2 proactive flush(es), 1 terminate flush(es), 0 completion(s), 0 continuation(s) 
[68.303s][info][gc,reloc    ] GC(243) Relocation: Successful, 6M relocated
[68.303s][info][gc,nmethod  ] GC(243) NMethods: 3302 registered, 0 unregistered
[68.303s][info][gc,metaspace] GC(243) Metaspace: 71M used, 76M capacity, 76M committed, 78M reserved
[68.303s][info][gc,ref      ] GC(243) Soft: 2152 encountered, 0 discovered, 0 enqueued
[68.303s][info][gc,ref      ] GC(243) Weak: 4578 encountered, 3608 discovered, 0 enqueued
[68.303s][info][gc,ref      ] GC(243) Final: 27 encountered, 0 discovered, 0 enqueued
[68.303s][info][gc,ref      ] GC(243) Phantom: 652 encountered, 648 discovered, 0 enqueued
[68.303s][info][gc,heap     ] GC(243)                Mark Start          Mark End        Relocate Start      Relocate End           High               Low         
[68.303s][info][gc,heap     ] GC(243)  Capacity:      500M (100%)        500M (100%)        500M (100%)        500M (100%)        500M (100%)        500M (100%)   
[68.303s][info][gc,heap     ] GC(243)   Reserve:       34M (7%)           34M (7%)           34M (7%)           34M (7%)           34M (7%)           34M (7%)     
[68.303s][info][gc,heap     ] GC(243)      Free:      322M (64%)         268M (54%)         342M (68%)         344M (69%)         344M (69%)         268M (54%)    
[68.303s][info][gc,heap     ] GC(243)      Used:      144M (29%)         198M (40%)         124M (25%)         122M (24%)         198M (40%)         122M (24%)    
[68.303s][info][gc,heap     ] GC(243)      Live:         -                30M (6%)           30M (6%)           30M (6%)             -                  -          
[68.303s][info][gc,heap     ] GC(243) Allocated:         -                54M (11%)          54M (11%)          62M (12%)            -                  -          
[68.303s][info][gc,heap     ] GC(243)   Garbage:         -               113M (23%)          39M (8%)           31M (6%)             -                  -          
[68.303s][info][gc,heap     ] GC(243) Reclaimed:         -                  -                74M (15%)          82M (16%)            -                  -          
[68.303s][info][gc          ] GC(243) Garbage Collection (Allocation Rate) 144M(29%)->122M(24%)
[68.313s][info][gc,start    ] GC(244) Garbage Collection (Allocation Rate)
[68.319s][info][gc,phases   ] GC(244) Pause Mark Start 3.279ms
[68.380s][info][gc,phases   ] GC(244) Concurrent Mark 61.400ms
[68.384s][info][gc,phases   ] GC(244) Pause Mark End 0.432ms
[68.385s][info][gc,phases   ] GC(244) Concurrent Process Non-Strong References 1.540ms
[68.385s][info][gc,phases   ] GC(244) Concurrent Reset Relocation Set 0.003ms
[68.385s][info][gc,phases   ] GC(244) Concurrent Destroy Detached Pages 0.000ms
[68.387s][info][gc,phases   ] GC(244) Concurrent Select Relocation Set 1.589ms
[68.387s][info][gc,phases   ] GC(244) Concurrent Prepare Relocation Set 0.029ms
[68.390s][info][gc,phases   ] GC(244) Pause Relocate Start 2.779ms
[68.396s][info][gc,phases   ] GC(244) Concurrent Relocate 6.544ms
[68.397s][info][gc,load     ] GC(244) Load: 1.92/1.12/0.51
[68.397s][info][gc,mmu      ] GC(244) MMU: 2ms/0.0%, 5ms/0.0%, 10ms/0.0%, 20ms/0.0%, 50ms/57.1%, 100ms/74.9%
[68.397s][info][gc,marking  ] GC(244) Mark: 1 stripe(s), 2 proactive flush(es), 1 terminate flush(es), 0 completion(s), 0 continuation(s) 
[68.397s][info][gc,reloc    ] GC(244) Relocation: Successful, 6M relocated
[68.397s][info][gc,nmethod  ] GC(244) NMethods: 3302 registered, 0 unregistered
[68.397s][info][gc,metaspace] GC(244) Metaspace: 71M used, 76M capacity, 76M committed, 78M reserved
[68.397s][info][gc,ref      ] GC(244) Soft: 2152 encountered, 0 discovered, 0 enqueued
[68.397s][info][gc,ref      ] GC(244) Weak: 4578 encountered, 3608 discovered, 0 enqueued
[68.397s][info][gc,ref      ] GC(244) Final: 27 encountered, 0 discovered, 0 enqueued
[68.397s][info][gc,ref      ] GC(244) Phantom: 652 encountered, 648 discovered, 0 enqueued
[68.397s][info][gc,heap     ] GC(244)                Mark Start          Mark End        Relocate Start      Relocate End           High               Low         
[68.397s][info][gc,heap     ] GC(244)  Capacity:      500M (100%)        500M (100%)        500M (100%)        500M (100%)        500M (100%)        500M (100%)   
[68.397s][info][gc,heap     ] GC(244)   Reserve:       34M (7%)           34M (7%)           34M (7%)           34M (7%)           34M (7%)           34M (7%)     
[68.397s][info][gc,heap     ] GC(244)      Free:      328M (66%)         274M (55%)         342M (68%)         340M (68%)         342M (68%)         274M (55%)    
[68.397s][info][gc,heap     ] GC(244)      Used:      138M (28%)         192M (38%)         124M (25%)         126M (25%)         192M (38%)         124M (25%)    
[68.397s][info][gc,heap     ] GC(244)      Live:         -                30M (6%)           30M (6%)           30M (6%)             -                  -          
[68.397s][info][gc,heap     ] GC(244) Allocated:         -                54M (11%)          54M (11%)          66M (13%)            -                  -          
[68.397s][info][gc,heap     ] GC(244)   Garbage:         -               107M (22%)          39M (8%)           33M (7%)             -                  -          
[68.397s][info][gc,heap     ] GC(244) Reclaimed:         -                  -                68M (14%)          74M (15%)            -                  -          
[68.397s][info][gc          ] GC(244) Garbage Collection (Allocation Rate) 138M(28%)->126M(25%)
[68.414s][info][gc,start    ] GC(245) Garbage Collection (Allocation Rate)
[68.420s][info][gc,phases   ] GC(245) Pause Mark Start 3.254ms
[68.481s][info][gc,phases   ] GC(245) Concurrent Mark 61.458ms
[68.484s][info][gc,phases   ] GC(245) Pause Mark End 0.440ms
[68.486s][info][gc,phases   ] GC(245) Concurrent Process Non-Strong References 1.527ms
[68.486s][info][gc,phases   ] GC(245) Concurrent Reset Relocation Set 0.003ms
[68.486s][info][gc,phases   ] GC(245) Concurrent Destroy Detached Pages 0.000ms
[68.487s][info][gc,phases   ] GC(245) Concurrent Select Relocation Set 1.551ms
[68.487s][info][gc,phases   ] GC(245) Concurrent Prepare Relocation Set 0.027ms
[68.490s][info][gc,phases   ] GC(245) Pause Relocate Start 2.786ms
[68.496s][info][gc,phases   ] GC(245) Concurrent Relocate 5.755ms
[68.496s][info][gc,load     ] GC(245) Load: 1.92/1.12/0.51
[68.496s][info][gc,mmu      ] GC(245) MMU: 2ms/0.0%, 5ms/0.0%, 10ms/0.0%, 20ms/0.0%, 50ms/57.1%, 100ms/74.9%
[68.496s][info][gc,marking  ] GC(245) Mark: 1 stripe(s), 2 proactive flush(es), 1 terminate flush(es), 0 completion(s), 0 continuation(s) 
[68.496s][info][gc,reloc    ] GC(245) Relocation: Successful, 6M relocated
[68.496s][info][gc,nmethod  ] GC(245) NMethods: 3302 registered, 0 unregistered
[68.496s][info][gc,metaspace] GC(245) Metaspace: 71M used, 76M capacity, 76M committed, 78M reserved
[68.496s][info][gc,ref      ] GC(245) Soft: 2152 encountered, 0 discovered, 0 enqueued
[68.496s][info][gc,ref      ] GC(245) Weak: 4578 encountered, 3608 discovered, 0 enqueued
[68.496s][info][gc,ref      ] GC(245) Final: 27 encountered, 0 discovered, 0 enqueued
[68.496s][info][gc,ref      ] GC(245) Phantom: 652 encountered, 648 discovered, 0 enqueued
[68.496s][info][gc,heap     ] GC(245)                Mark Start          Mark End        Relocate Start      Relocate End           High               Low         
[68.496s][info][gc,heap     ] GC(245)  Capacity:      500M (100%)        500M (100%)        500M (100%)        500M (100%)        500M (100%)        500M (100%)   
[68.496s][info][gc,heap     ] GC(245)   Reserve:       34M (7%)           34M (7%)           34M (7%)           34M (7%)           34M (7%)           34M (7%)     
[68.496s][info][gc,heap     ] GC(245)      Free:      312M (62%)         256M (51%)         340M (68%)         342M (68%)         342M (68%)         256M (51%)    
[68.496s][info][gc,heap     ] GC(245)      Used:      154M (31%)         210M (42%)         126M (25%)         124M (25%)         210M (42%)         124M (25%)    
[68.496s][info][gc,heap     ] GC(245)      Live:         -                30M (6%)           30M (6%)           30M (6%)             -                  -          
[68.496s][info][gc,heap     ] GC(245) Allocated:         -                56M (11%)          56M (11%)          64M (13%)            -                  -          
[68.496s][info][gc,heap     ] GC(245)   Garbage:         -               123M (25%)          39M (8%)           31M (6%)             -                  -          
[68.496s][info][gc,heap     ] GC(245) Reclaimed:         -                  -                84M (17%)          92M (18%)            -                  -          
[68.496s][info][gc          ] GC(245) Garbage Collection (Allocation Rate) 154M(31%)->124M(25%)
[68.513s][info][gc,start    ] GC(246) Garbage Collection (Allocation Rate)
[68.519s][info][gc,phases   ] GC(246) Pause Mark Start 3.279ms
[68.582s][info][gc,phases   ] GC(246) Concurrent Mark 62.437ms
[68.585s][info][gc,phases   ] GC(246) Pause Mark End 0.426ms
[68.586s][info][gc,phases   ] GC(246) Concurrent Process Non-Strong References 1.528ms
[68.586s][info][gc,phases   ] GC(246) Concurrent Reset Relocation Set 0.003ms
[68.586s][info][gc,phases   ] GC(246) Concurrent Destroy Detached Pages 0.001ms
[68.588s][info][gc,phases   ] GC(246) Concurrent Select Relocation Set 1.580ms
[68.588s][info][gc,phases   ] GC(246) Concurrent Prepare Relocation Set 0.024ms
[68.591s][info][gc,phases   ] GC(246) Pause Relocate Start 2.875ms
[68.596s][info][gc,phases   ] GC(246) Concurrent Relocate 4.579ms
[68.596s][info][gc,load     ] GC(246) Load: 1.92/1.12/0.51
[68.596s][info][gc,mmu      ] GC(246) MMU: 2ms/0.0%, 5ms/0.0%, 10ms/0.0%, 20ms/0.0%, 50ms/57.1%, 100ms/74.9%
[68.596s][info][gc,marking  ] GC(246) Mark: 1 stripe(s), 2 proactive flush(es), 1 terminate flush(es), 0 completion(s), 0 continuation(s) 
[68.596s][info][gc,reloc    ] GC(246) Relocation: Successful, 6M relocated
[68.596s][info][gc,nmethod  ] GC(246) NMethods: 3302 registered, 0 unregistered
[68.596s][info][gc,metaspace] GC(246) Metaspace: 71M used, 76M capacity, 76M committed, 78M reserved
[68.596s][info][gc,ref      ] GC(246) Soft: 2152 encountered, 0 discovered, 0 enqueued
[68.596s][info][gc,ref      ] GC(246) Weak: 4578 encountered, 3608 discovered, 0 enqueued
[68.596s][info][gc,ref      ] GC(246) Final: 27 encountered, 0 discovered, 0 enqueued
[68.596s][info][gc,ref      ] GC(246) Phantom: 652 encountered, 648 discovered, 0 enqueued
[68.596s][info][gc,heap     ] GC(246)                Mark Start          Mark End        Relocate Start      Relocate End           High               Low         
[68.596s][info][gc,heap     ] GC(246)  Capacity:      500M (100%)        500M (100%)        500M (100%)        500M (100%)        500M (100%)        500M (100%)   
[68.596s][info][gc,heap     ] GC(246)   Reserve:       34M (7%)           34M (7%)           34M (7%)           34M (7%)           34M (7%)           34M (7%)     
[68.596s][info][gc,heap     ] GC(246)      Free:      312M (62%)         256M (51%)         338M (68%)         344M (69%)         344M (69%)         256M (51%)    
[68.596s][info][gc,heap     ] GC(246)      Used:      154M (31%)         210M (42%)         128M (26%)         122M (24%)         210M (42%)         122M (24%)    
[68.596s][info][gc,heap     ] GC(246)      Live:         -                30M (6%)           30M (6%)           30M (6%)             -                  -          
[68.596s][info][gc,heap     ] GC(246) Allocated:         -                56M (11%)          56M (11%)          62M (12%)            -                  -          
[68.596s][info][gc,heap     ] GC(246)   Garbage:         -               123M (25%)          41M (8%)           31M (6%)             -                  -          
[68.596s][info][gc,heap     ] GC(246) Reclaimed:         -                  -                82M (16%)          92M (18%)            -                  -          
[68.596s][info][gc          ] GC(246) Garbage Collection (Allocation Rate) 154M(31%)->122M(24%)
[68.613s][info][gc,start    ] GC(247) Garbage Collection (Allocation Rate)
[68.619s][info][gc,phases   ] GC(247) Pause Mark Start 3.555ms
[68.688s][info][gc,phases   ] GC(247) Concurrent Mark 68.652ms
[68.691s][info][gc,phases   ] GC(247) Pause Mark End 0.424ms
[68.693s][info][gc,phases   ] GC(247) Concurrent Process Non-Strong References 1.530ms
[68.693s][info][gc,phases   ] GC(247) Concurrent Reset Relocation Set 0.003ms
[68.693s][info][gc,phases   ] GC(247) Concurrent Destroy Detached Pages 0.001ms
[68.694s][info][gc,phases   ] GC(247) Concurrent Select Relocation Set 1.538ms
[68.694s][info][gc,phases   ] GC(247) Concurrent Prepare Relocation Set 0.026ms
[68.698s][info][gc,phases   ] GC(247) Pause Relocate Start 2.863ms
[68.704s][info][gc,phases   ] GC(247) Concurrent Relocate 6.599ms
[68.704s][info][gc,load     ] GC(247) Load: 1.92/1.12/0.51
[68.704s][info][gc,mmu      ] GC(247) MMU: 2ms/0.0%, 5ms/0.0%, 10ms/0.0%, 20ms/0.0%, 50ms/57.1%, 100ms/74.9%
[68.704s][info][gc,marking  ] GC(247) Mark: 1 stripe(s), 2 proactive flush(es), 1 terminate flush(es), 0 completion(s), 0 continuation(s) 
[68.704s][info][gc,reloc    ] GC(247) Relocation: Successful, 6M relocated
[68.704s][info][gc,nmethod  ] GC(247) NMethods: 3302 registered, 0 unregistered
[68.704s][info][gc,metaspace] GC(247) Metaspace: 71M used, 76M capacity, 76M committed, 78M reserved
[68.704s][info][gc,ref      ] GC(247) Soft: 2152 encountered, 0 discovered, 0 enqueued
[68.704s][info][gc,ref      ] GC(247) Weak: 4578 encountered, 3608 discovered, 0 enqueued
[68.704s][info][gc,ref      ] GC(247) Final: 27 encountered, 0 discovered, 0 enqueued
[68.704s][info][gc,ref      ] GC(247) Phantom: 652 encountered, 648 discovered, 0 enqueued
[68.704s][info][gc,heap     ] GC(247)                Mark Start          Mark End        Relocate Start      Relocate End           High               Low         
[68.704s][info][gc,heap     ] GC(247)  Capacity:      500M (100%)        500M (100%)        500M (100%)        500M (100%)        500M (100%)        500M (100%)   
[68.704s][info][gc,heap     ] GC(247)   Reserve:       34M (7%)           34M (7%)           34M (7%)           34M (7%)           34M (7%)           34M (7%)     
[68.704s][info][gc,heap     ] GC(247)      Free:      316M (63%)         260M (52%)         340M (68%)         338M (68%)         340M (68%)         260M (52%)    
[68.704s][info][gc,heap     ] GC(247)      Used:      150M (30%)         206M (41%)         126M (25%)         128M (26%)         206M (41%)         126M (25%)    
[68.704s][info][gc,heap     ] GC(247)      Live:         -                30M (6%)           30M (6%)           30M (6%)             -                  -          
[68.704s][info][gc,heap     ] GC(247) Allocated:         -                56M (11%)          56M (11%)          68M (14%)            -                  -          
[68.704s][info][gc,heap     ] GC(247)   Garbage:         -               119M (24%)          39M (8%)           33M (7%)             -                  -          
[68.704s][info][gc,heap     ] GC(247) Reclaimed:         -                  -                80M (16%)          86M (17%)            -                  -          
[68.704s][info][gc          ] GC(247) Garbage Collection (Allocation Rate) 150M(30%)->128M(26%)
[68.714s][info][gc,start    ] GC(248) Garbage Collection (Allocation Rate)
[68.720s][info][gc,phases   ] GC(248) Pause Mark Start 3.353ms
[68.782s][info][gc,phases   ] GC(248) Concurrent Mark 62.308ms
[68.785s][info][gc,phases   ] GC(248) Pause Mark End 0.436ms
[68.787s][info][gc,phases   ] GC(248) Concurrent Process Non-Strong References 1.535ms
[68.787s][info][gc,phases   ] GC(248) Concurrent Reset Relocation Set 0.003ms
[68.787s][info][gc,phases   ] GC(248) Concurrent Destroy Detached Pages 0.000ms
[68.788s][info][gc,phases   ] GC(248) Concurrent Select Relocation Set 1.575ms
[68.788s][info][gc,phases   ] GC(248) Concurrent Prepare Relocation Set 0.026ms
[68.791s][info][gc,phases   ] GC(248) Pause Relocate Start 2.831ms
[68.800s][info][gc,phases   ] GC(248) Concurrent Relocate 8.572ms
[68.800s][info][gc,load     ] GC(248) Load: 1.92/1.12/0.51
[68.800s][info][gc,mmu      ] GC(248) MMU: 2ms/0.0%, 5ms/0.0%, 10ms/0.0%, 20ms/0.0%, 50ms/57.1%, 100ms/74.9%
[68.800s][info][gc,marking  ] GC(248) Mark: 1 stripe(s), 2 proactive flush(es), 1 terminate flush(es), 0 completion(s), 0 continuation(s) 
[68.800s][info][gc,reloc    ] GC(248) Relocation: Successful, 6M relocated
[68.800s][info][gc,nmethod  ] GC(248) NMethods: 3302 registered, 0 unregistered
[68.800s][info][gc,metaspace] GC(248) Metaspace: 71M used, 76M capacity, 76M committed, 78M reserved
[68.800s][info][gc,ref      ] GC(248) Soft: 2152 encountered, 0 discovered, 0 enqueued
[68.800s][info][gc,ref      ] GC(248) Weak: 4578 encountered, 3608 discovered, 0 enqueued
[68.800s][info][gc,ref      ] GC(248) Final: 27 encountered, 0 discovered, 0 enqueued
[68.800s][info][gc,ref      ] GC(248) Phantom: 652 encountered, 648 discovered, 0 enqueued
[68.800s][info][gc,heap     ] GC(248)                Mark Start          Mark End        Relocate Start      Relocate End           High               Low         
[68.800s][info][gc,heap     ] GC(248)  Capacity:      500M (100%)        500M (100%)        500M (100%)        500M (100%)        500M (100%)        500M (100%)   
[68.800s][info][gc,heap     ] GC(248)   Reserve:       34M (7%)           34M (7%)           34M (7%)           34M (7%)           34M (7%)           34M (7%)     
[68.800s][info][gc,heap     ] GC(248)      Free:      322M (64%)         264M (53%)         336M (67%)         334M (67%)         336M (67%)         264M (53%)    
[68.800s][info][gc,heap     ] GC(248)      Used:      144M (29%)         202M (40%)         130M (26%)         132M (26%)         202M (40%)         130M (26%)    
[68.800s][info][gc,heap     ] GC(248)      Live:         -                30M (6%)           30M (6%)           30M (6%)             -                  -          
[68.800s][info][gc,heap     ] GC(248) Allocated:         -                58M (12%)          58M (12%)          72M (14%)            -                  -          
[68.800s][info][gc,heap     ] GC(248)   Garbage:         -               113M (23%)          41M (8%)           31M (6%)             -                  -          
[68.800s][info][gc,heap     ] GC(248) Reclaimed:         -                  -                72M (14%)          82M (16%)            -                  -          
[68.800s][info][gc          ] GC(248) Garbage Collection (Allocation Rate) 144M(29%)->132M(26%)
[68.813s][info][gc,start    ] GC(249) Garbage Collection (Allocation Rate)
[68.819s][info][gc,phases   ] GC(249) Pause Mark Start 3.237ms
[68.892s][info][gc,phases   ] GC(249) Concurrent Mark 73.115ms
[68.896s][info][gc,phases   ] GC(249) Pause Mark End 0.425ms
[68.897s][info][gc,phases   ] GC(249) Concurrent Process Non-Strong References 1.545ms
[68.897s][info][gc,phases   ] GC(249) Concurrent Reset Relocation Set 0.002ms
[68.897s][info][gc,phases   ] GC(249) Concurrent Destroy Detached Pages 0.001ms
[68.899s][info][gc,phases   ] GC(249) Concurrent Select Relocation Set 1.555ms
[68.899s][info][gc,phases   ] GC(249) Concurrent Prepare Relocation Set 0.028ms
[68.902s][info][gc,phases   ] GC(249) Pause Relocate Start 2.958ms
[68.908s][info][gc,phases   ] GC(249) Concurrent Relocate 6.488ms
[68.909s][info][gc,load     ] GC(249) Load: 1.92/1.12/0.51
[68.909s][info][gc,mmu      ] GC(249) MMU: 2ms/0.0%, 5ms/0.0%, 10ms/0.0%, 20ms/0.0%, 50ms/57.1%, 100ms/74.9%
[68.909s][info][gc,marking  ] GC(249) Mark: 1 stripe(s), 2 proactive flush(es), 1 terminate flush(es), 0 completion(s), 0 continuation(s) 
[68.909s][info][gc,reloc    ] GC(249) Relocation: Successful, 6M relocated
[68.909s][info][gc,nmethod  ] GC(249) NMethods: 3302 registered, 0 unregistered
[68.909s][info][gc,metaspace] GC(249) Metaspace: 71M used, 76M capacity, 76M committed, 78M reserved
[68.909s][info][gc,ref      ] GC(249) Soft: 2152 encountered, 0 discovered, 0 enqueued
[68.909s][info][gc,ref      ] GC(249) Weak: 4578 encountered, 3608 discovered, 0 enqueued
[68.909s][info][gc,ref      ] GC(249) Final: 27 encountered, 0 discovered, 0 enqueued
[68.909s][info][gc,ref      ] GC(249) Phantom: 652 encountered, 648 discovered, 0 enqueued
[68.909s][info][gc,heap     ] GC(249)                Mark Start          Mark End        Relocate Start      Relocate End           High               Low         
[68.909s][info][gc,heap     ] GC(249)  Capacity:      500M (100%)        500M (100%)        500M (100%)        500M (100%)        500M (100%)        500M (100%)   
[68.909s][info][gc,heap     ] GC(249)   Reserve:       34M (7%)           34M (7%)           34M (7%)           34M (7%)           34M (7%)           34M (7%)     
[68.909s][info][gc,heap     ] GC(249)      Free:      314M (63%)         260M (52%)         344M (69%)         340M (68%)         344M (69%)         260M (52%)    
[68.909s][info][gc,heap     ] GC(249)      Used:      152M (30%)         206M (41%)         122M (24%)         126M (25%)         206M (41%)         122M (24%)    
[68.909s][info][gc,heap     ] GC(249)      Live:         -                30M (6%)           30M (6%)           30M (6%)             -                  -          
[68.909s][info][gc,heap     ] GC(249) Allocated:         -                54M (11%)          54M (11%)          66M (13%)            -                  -          
[68.909s][info][gc,heap     ] GC(249)   Garbage:         -               121M (24%)          37M (8%)           33M (7%)             -                  -          
[68.909s][info][gc,heap     ] GC(249) Reclaimed:         -                  -                84M (17%)          88M (18%)            -                  -          
[68.909s][info][gc          ] GC(249) Garbage Collection (Allocation Rate) 152M(30%)->126M(25%)
[68.913s][info][gc,start    ] GC(250) Garbage Collection (Allocation Rate)
[68.919s][info][gc,phases   ] GC(250) Pause Mark Start 3.319ms
[68.979s][info][gc,phases   ] GC(250) Concurrent Mark 60.395ms
[68.983s][info][gc,phases   ] GC(250) Pause Mark End 0.454ms
[68.984s][info][gc,phases   ] GC(250) Concurrent Process Non-Strong References 1.626ms
[68.984s][info][gc,phases   ] GC(250) Concurrent Reset Relocation Set 0.003ms
[68.984s][info][gc,phases   ] GC(250) Concurrent Destroy Detached Pages 0.000ms
[68.986s][info][gc,phases   ] GC(250) Concurrent Select Relocation Set 1.502ms
[68.986s][info][gc,phases   ] GC(250) Concurrent Prepare Relocation Set 0.025ms
[68.989s][info][gc,phases   ] GC(250) Pause Relocate Start 2.850ms
[68.996s][info][gc,phases   ] GC(250) Concurrent Relocate 7.633ms
[68.997s][info][gc,load     ] GC(250) Load: 1.92/1.12/0.51
[68.997s][info][gc,mmu      ] GC(250) MMU: 2ms/0.0%, 5ms/0.0%, 10ms/0.0%, 20ms/0.0%, 50ms/57.1%, 100ms/74.9%
[68.997s][info][gc,marking  ] GC(250) Mark: 1 stripe(s), 2 proactive flush(es), 1 terminate flush(es), 0 completion(s), 0 continuation(s) 
[68.997s][info][gc,reloc    ] GC(250) Relocation: Successful, 6M relocated
[68.997s][info][gc,nmethod  ] GC(250) NMethods: 3302 registered, 0 unregistered
[68.997s][info][gc,metaspace] GC(250) Metaspace: 71M used, 76M capacity, 76M committed, 78M reserved
[68.997s][info][gc,ref      ] GC(250) Soft: 2152 encountered, 0 discovered, 0 enqueued
[68.997s][info][gc,ref      ] GC(250) Weak: 4578 encountered, 3608 discovered, 0 enqueued
[68.997s][info][gc,ref      ] GC(250) Final: 27 encountered, 0 discovered, 0 enqueued
[68.997s][info][gc,ref      ] GC(250) Phantom: 652 encountered, 648 discovered, 0 enqueued
[68.997s][info][gc,heap     ] GC(250)                Mark Start          Mark End        Relocate Start      Relocate End           High               Low         
[68.997s][info][gc,heap     ] GC(250)  Capacity:      500M (100%)        500M (100%)        500M (100%)        500M (100%)        500M (100%)        500M (100%)   
[68.997s][info][gc,heap     ] GC(250)   Reserve:       34M (7%)           34M (7%)           34M (7%)           34M (7%)           34M (7%)           34M (7%)     
[68.997s][info][gc,heap     ] GC(250)      Free:      334M (67%)         280M (56%)         344M (69%)         340M (68%)         344M (69%)         280M (56%)    
[68.997s][info][gc,heap     ] GC(250)      Used:      132M (26%)         186M (37%)         122M (24%)         126M (25%)         186M (37%)         122M (24%)    
[68.997s][info][gc,heap     ] GC(250)      Live:         -                30M (6%)           30M (6%)           30M (6%)             -                  -          
[68.997s][info][gc,heap     ] GC(250) Allocated:         -                54M (11%)          54M (11%)          66M (13%)            -                  -          
[68.997s][info][gc,heap     ] GC(250)   Garbage:         -               101M (20%)          37M (8%)           31M (6%)             -                  -          
[68.997s][info][gc,heap     ] GC(250) Reclaimed:         -                  -                64M (13%)          70M (14%)            -                  -          
[68.997s][info][gc          ] GC(250) Garbage Collection (Allocation Rate) 132M(26%)->126M(25%)
[69.014s][info][gc,start    ] GC(251) Garbage Collection (Allocation Rate)
[69.020s][info][gc,phases   ] GC(251) Pause Mark Start 3.198ms
[69.081s][info][gc,phases   ] GC(251) Concurrent Mark 61.426ms
[69.084s][info][gc,phases   ] GC(251) Pause Mark End 0.428ms
[69.086s][info][gc,phases   ] GC(251) Concurrent Process Non-Strong References 1.540ms
[69.086s][info][gc,phases   ] GC(251) Concurrent Reset Relocation Set 0.002ms
[69.086s][info][gc,phases   ] GC(251) Concurrent Destroy Detached Pages 0.001ms
[69.087s][info][gc,phases   ] GC(251) Concurrent Select Relocation Set 1.537ms
[69.087s][info][gc,phases   ] GC(251) Concurrent Prepare Relocation Set 0.026ms
[69.090s][info][gc,phases   ] GC(251) Pause Relocate Start 2.781ms
[69.096s][info][gc,phases   ] GC(251) Concurrent Relocate 5.883ms
[69.096s][info][gc,load     ] GC(251) Load: 1.92/1.12/0.51
[69.096s][info][gc,mmu      ] GC(251) MMU: 2ms/0.0%, 5ms/0.0%, 10ms/0.0%, 20ms/0.0%, 50ms/57.1%, 100ms/74.9%
[69.096s][info][gc,marking  ] GC(251) Mark: 1 stripe(s), 2 proactive flush(es), 1 terminate flush(es), 0 completion(s), 0 continuation(s) 
[69.096s][info][gc,reloc    ] GC(251) Relocation: Successful, 6M relocated
[69.096s][info][gc,nmethod  ] GC(251) NMethods: 3302 registered, 0 unregistered
[69.096s][info][gc,metaspace] GC(251) Metaspace: 71M used, 76M capacity, 76M committed, 78M reserved
[69.096s][info][gc,ref      ] GC(251) Soft: 2152 encountered, 0 discovered, 0 enqueued
[69.096s][info][gc,ref      ] GC(251) Weak: 4578 encountered, 3608 discovered, 0 enqueued
[69.096s][info][gc,ref      ] GC(251) Final: 27 encountered, 0 discovered, 0 enqueued
[69.096s][info][gc,ref      ] GC(251) Phantom: 652 encountered, 648 discovered, 0 enqueued
[69.096s][info][gc,heap     ] GC(251)                Mark Start          Mark End        Relocate Start      Relocate End           High               Low         
[69.096s][info][gc,heap     ] GC(251)  Capacity:      500M (100%)        500M (100%)        500M (100%)        500M (100%)        500M (100%)        500M (100%)   
[69.096s][info][gc,heap     ] GC(251)   Reserve:       34M (7%)           34M (7%)           34M (7%)           34M (7%)           34M (7%)           34M (7%)     
[69.096s][info][gc,heap     ] GC(251)      Free:      310M (62%)         254M (51%)         340M (68%)         340M (68%)         340M (68%)         254M (51%)    
[69.096s][info][gc,heap     ] GC(251)      Used:      156M (31%)         212M (42%)         126M (25%)         126M (25%)         212M (42%)         126M (25%)    
[69.096s][info][gc,heap     ] GC(251)      Live:         -                30M (6%)           30M (6%)           30M (6%)             -                  -          
[69.096s][info][gc,heap     ] GC(251) Allocated:         -                56M (11%)          56M (11%)          66M (13%)            -                  -          
[69.096s][info][gc,heap     ] GC(251)   Garbage:         -               125M (25%)          39M (8%)           31M (6%)             -                  -          
[69.096s][info][gc,heap     ] GC(251) Reclaimed:         -                  -                86M (17%)          94M (19%)            -                  -          
[69.096s][info][gc          ] GC(251) Garbage Collection (Allocation Rate) 156M(31%)->126M(25%)
[69.113s][info][gc,start    ] GC(252) Garbage Collection (Allocation Rate)
[69.119s][info][gc,phases   ] GC(252) Pause Mark Start 3.332ms
[69.185s][info][gc,phases   ] GC(252) Concurrent Mark 65.233ms
[69.188s][info][gc,phases   ] GC(252) Pause Mark End 0.473ms
[69.189s][info][gc,phases   ] GC(252) Concurrent Process Non-Strong References 1.517ms
[69.189s][info][gc,phases   ] GC(252) Concurrent Reset Relocation Set 0.003ms
[69.189s][info][gc,phases   ] GC(252) Concurrent Destroy Detached Pages 0.000ms
[69.191s][info][gc,phases   ] GC(252) Concurrent Select Relocation Set 1.560ms
[69.191s][info][gc,phases   ] GC(252) Concurrent Prepare Relocation Set 0.026ms
[69.194s][info][gc,phases   ] GC(252) Pause Relocate Start 2.883ms
[69.200s][info][gc,phases   ] GC(252) Concurrent Relocate 5.562ms
[69.200s][info][gc,load     ] GC(252) Load: 1.92/1.12/0.51
[69.200s][info][gc,mmu      ] GC(252) MMU: 2ms/0.0%, 5ms/0.0%, 10ms/0.0%, 20ms/0.0%, 50ms/57.1%, 100ms/74.9%
[69.200s][info][gc,marking  ] GC(252) Mark: 1 stripe(s), 2 proactive flush(es), 1 terminate flush(es), 0 completion(s), 0 continuation(s) 
[69.200s][info][gc,reloc    ] GC(252) Relocation: Successful, 6M relocated
[69.200s][info][gc,nmethod  ] GC(252) NMethods: 3302 registered, 0 unregistered
[69.200s][info][gc,metaspace] GC(252) Metaspace: 71M used, 76M capacity, 76M committed, 78M reserved
[69.200s][info][gc,ref      ] GC(252) Soft: 2152 encountered, 0 discovered, 0 enqueued
[69.200s][info][gc,ref      ] GC(252) Weak: 4578 encountered, 3608 discovered, 0 enqueued
[69.200s][info][gc,ref      ] GC(252) Final: 27 encountered, 0 discovered, 0 enqueued
[69.200s][info][gc,ref      ] GC(252) Phantom: 652 encountered, 648 discovered, 0 enqueued
[69.200s][info][gc,heap     ] GC(252)                Mark Start          Mark End        Relocate Start      Relocate End           High               Low         
[69.200s][info][gc,heap     ] GC(252)  Capacity:      500M (100%)        500M (100%)        500M (100%)        500M (100%)        500M (100%)        500M (100%)   
[69.200s][info][gc,heap     ] GC(252)   Reserve:       34M (7%)           34M (7%)           34M (7%)           34M (7%)           34M (7%)           34M (7%)     
[69.200s][info][gc,heap     ] GC(252)      Free:      314M (63%)         256M (51%)         340M (68%)         338M (68%)         340M (68%)         256M (51%)    
[69.200s][info][gc,heap     ] GC(252)      Used:      152M (30%)         210M (42%)         126M (25%)         128M (26%)         210M (42%)         126M (25%)    
[69.200s][info][gc,heap     ] GC(252)      Live:         -                30M (6%)           30M (6%)           30M (6%)             -                  -          
[69.200s][info][gc,heap     ] GC(252) Allocated:         -                58M (12%)          58M (12%)          68M (14%)            -                  -          
[69.200s][info][gc,heap     ] GC(252)   Garbage:         -               121M (24%)          37M (8%)           33M (7%)             -                  -          
[69.200s][info][gc,heap     ] GC(252) Reclaimed:         -                  -                84M (17%)          88M (18%)            -                  -          
[69.200s][info][gc          ] GC(252) Garbage Collection (Allocation Rate) 152M(30%)->128M(26%)
[69.213s][info][gc,start    ] GC(253) Garbage Collection (Allocation Rate)
[69.222s][info][gc,phases   ] GC(253) Pause Mark Start 4.769ms
[69.314s][info][gc,phases   ] GC(253) Concurrent Mark 91.779ms
[69.317s][info][gc,phases   ] GC(253) Pause Mark End 0.427ms
[69.318s][info][gc,phases   ] GC(253) Concurrent Process Non-Strong References 1.525ms
[69.318s][info][gc,phases   ] GC(253) Concurrent Reset Relocation Set 0.002ms
[69.318s][info][gc,phases   ] GC(253) Concurrent Destroy Detached Pages 0.000ms
[69.320s][info][gc,phases   ] GC(253) Concurrent Select Relocation Set 1.549ms
[69.320s][info][gc,phases   ] GC(253) Concurrent Prepare Relocation Set 0.026ms
[69.323s][info][gc,phases   ] GC(253) Pause Relocate Start 2.865ms
[69.328s][info][gc,phases   ] GC(253) Concurrent Relocate 4.731ms
[69.328s][info][gc,load     ] GC(253) Load: 1.92/1.12/0.51
[69.328s][info][gc,mmu      ] GC(253) MMU: 2ms/0.0%, 5ms/0.0%, 10ms/0.0%, 20ms/0.0%, 50ms/57.1%, 100ms/74.9%
[69.328s][info][gc,marking  ] GC(253) Mark: 1 stripe(s), 3 proactive flush(es), 1 terminate flush(es), 0 completion(s), 0 continuation(s) 
[69.328s][info][gc,reloc    ] GC(253) Relocation: Successful, 6M relocated
[69.328s][info][gc,nmethod  ] GC(253) NMethods: 3309 registered, 0 unregistered
[69.328s][info][gc,metaspace] GC(253) Metaspace: 71M used, 76M capacity, 76M committed, 78M reserved
[69.328s][info][gc,ref      ] GC(253) Soft: 2152 encountered, 0 discovered, 0 enqueued
[69.328s][info][gc,ref      ] GC(253) Weak: 4578 encountered, 3629 discovered, 0 enqueued
[69.328s][info][gc,ref      ] GC(253) Final: 27 encountered, 0 discovered, 0 enqueued
[69.328s][info][gc,ref      ] GC(253) Phantom: 652 encountered, 648 discovered, 0 enqueued
[69.328s][info][gc,heap     ] GC(253)                Mark Start          Mark End        Relocate Start      Relocate End           High               Low         
[69.328s][info][gc,heap     ] GC(253)  Capacity:      500M (100%)        500M (100%)        500M (100%)        500M (100%)        500M (100%)        500M (100%)   
[69.328s][info][gc,heap     ] GC(253)   Reserve:       34M (7%)           34M (7%)           34M (7%)           34M (7%)           34M (7%)           34M (7%)     
[69.328s][info][gc,heap     ] GC(253)      Free:      318M (64%)         260M (52%)         340M (68%)         342M (68%)         342M (68%)         260M (52%)    
[69.328s][info][gc,heap     ] GC(253)      Used:      148M (30%)         206M (41%)         126M (25%)         124M (25%)         206M (41%)         124M (25%)    
[69.328s][info][gc,heap     ] GC(253)      Live:         -                30M (6%)           30M (6%)           30M (6%)             -                  -          
[69.328s][info][gc,heap     ] GC(253) Allocated:         -                58M (12%)          58M (12%)          64M (13%)            -                  -          
[69.328s][info][gc,heap     ] GC(253)   Garbage:         -               117M (24%)          37M (8%)           31M (6%)             -                  -          
[69.328s][info][gc,heap     ] GC(253) Reclaimed:         -                  -                80M (16%)          86M (17%)            -                  -          
[69.328s][info][gc          ] GC(253) Garbage Collection (Allocation Rate) 148M(30%)->124M(25%)
[69.413s][info][gc,start    ] GC(254) Garbage Collection (Allocation Rate)
[69.419s][info][gc,phases   ] GC(254) Pause Mark Start 3.258ms
[69.482s][info][gc,phases   ] GC(254) Concurrent Mark 62.329ms
[69.485s][info][gc,phases   ] GC(254) Pause Mark End 0.425ms
[69.486s][info][gc,phases   ] GC(254) Concurrent Process Non-Strong References 1.527ms
[69.486s][info][gc,phases   ] GC(254) Concurrent Reset Relocation Set 0.002ms
[69.486s][info][gc,phases   ] GC(254) Concurrent Destroy Detached Pages 0.000ms
[69.488s][info][gc,phases   ] GC(254) Concurrent Select Relocation Set 1.686ms
[69.488s][info][gc,phases   ] GC(254) Concurrent Prepare Relocation Set 0.027ms
[69.491s][info][gc,phases   ] GC(254) Pause Relocate Start 2.890ms
[69.496s][info][gc,phases   ] GC(254) Concurrent Relocate 4.540ms
[69.496s][info][gc,load     ] GC(254) Load: 1.92/1.12/0.51
[69.496s][info][gc,mmu      ] GC(254) MMU: 2ms/0.0%, 5ms/0.0%, 10ms/0.0%, 20ms/0.0%, 50ms/57.1%, 100ms/74.9%
[69.496s][info][gc,marking  ] GC(254) Mark: 1 stripe(s), 2 proactive flush(es), 1 terminate flush(es), 0 completion(s), 0 continuation(s) 
[69.496s][info][gc,reloc    ] GC(254) Relocation: Successful, 6M relocated
[69.496s][info][gc,nmethod  ] GC(254) NMethods: 3309 registered, 0 unregistered
[69.496s][info][gc,metaspace] GC(254) Metaspace: 71M used, 76M capacity, 76M committed, 78M reserved
[69.496s][info][gc,ref      ] GC(254) Soft: 2154 encountered, 0 discovered, 0 enqueued
[69.496s][info][gc,ref      ] GC(254) Weak: 4577 encountered, 3609 discovered, 2 enqueued
[69.496s][info][gc,ref      ] GC(254) Final: 27 encountered, 0 discovered, 0 enqueued
[69.496s][info][gc,ref      ] GC(254) Phantom: 652 encountered, 648 discovered, 0 enqueued
[69.496s][info][gc,heap     ] GC(254)                Mark Start          Mark End        Relocate Start      Relocate End           High               Low         
[69.496s][info][gc,heap     ] GC(254)  Capacity:      500M (100%)        500M (100%)        500M (100%)        500M (100%)        500M (100%)        500M (100%)   
[69.496s][info][gc,heap     ] GC(254)   Reserve:       34M (7%)           34M (7%)           34M (7%)           34M (7%)           34M (7%)           34M (7%)     
[69.496s][info][gc,heap     ] GC(254)      Free:      192M (38%)         138M (28%)         338M (68%)         344M (69%)         344M (69%)         138M (28%)    
[69.496s][info][gc,heap     ] GC(254)      Used:      274M (55%)         328M (66%)         128M (26%)         122M (24%)         328M (66%)         122M (24%)    
[69.496s][info][gc,heap     ] GC(254)      Live:         -                30M (6%)           30M (6%)           30M (6%)             -                  -          
[69.496s][info][gc,heap     ] GC(254) Allocated:         -                54M (11%)          54M (11%)          62M (12%)            -                  -          
[69.496s][info][gc,heap     ] GC(254)   Garbage:         -               243M (49%)          43M (9%)           33M (7%)             -                  -          
[69.496s][info][gc,heap     ] GC(254) Reclaimed:         -                  -               200M (40%)         210M (42%)            -                  -          
[69.496s][info][gc          ] GC(254) Garbage Collection (Allocation Rate) 274M(55%)->122M(24%)
[69.513s][info][gc,start    ] GC(255) Garbage Collection (Allocation Rate)
[69.519s][info][gc,phases   ] GC(255) Pause Mark Start 3.262ms
[69.581s][info][gc,phases   ] GC(255) Concurrent Mark 62.378ms
[69.584s][info][gc,phases   ] GC(255) Pause Mark End 0.433ms
[69.586s][info][gc,phases   ] GC(255) Concurrent Process Non-Strong References 1.522ms
[69.586s][info][gc,phases   ] GC(255) Concurrent Reset Relocation Set 0.004ms
[69.586s][info][gc,phases   ] GC(255) Concurrent Destroy Detached Pages 0.000ms
[69.588s][info][gc,phases   ] GC(255) Concurrent Select Relocation Set 1.638ms
[69.588s][info][gc,phases   ] GC(255) Concurrent Prepare Relocation Set 0.027ms
[69.591s][info][gc,phases   ] GC(255) Pause Relocate Start 2.805ms
[69.596s][info][gc,phases   ] GC(255) Concurrent Relocate 5.656ms
[69.597s][info][gc,load     ] GC(255) Load: 1.92/1.12/0.51
[69.597s][info][gc,mmu      ] GC(255) MMU: 2ms/0.0%, 5ms/0.0%, 10ms/0.0%, 20ms/0.0%, 50ms/57.1%, 100ms/74.9%
[69.597s][info][gc,marking  ] GC(255) Mark: 1 stripe(s), 2 proactive flush(es), 1 terminate flush(es), 0 completion(s), 0 continuation(s) 
[69.597s][info][gc,reloc    ] GC(255) Relocation: Successful, 6M relocated
[69.597s][info][gc,nmethod  ] GC(255) NMethods: 3309 registered, 0 unregistered
[69.597s][info][gc,metaspace] GC(255) Metaspace: 71M used, 76M capacity, 76M committed, 78M reserved
[69.597s][info][gc,ref      ] GC(255) Soft: 2154 encountered, 0 discovered, 0 enqueued
[69.597s][info][gc,ref      ] GC(255) Weak: 4575 encountered, 3607 discovered, 0 enqueued
[69.597s][info][gc,ref      ] GC(255) Final: 27 encountered, 0 discovered, 0 enqueued
[69.597s][info][gc,ref      ] GC(255) Phantom: 652 encountered, 648 discovered, 0 enqueued
[69.597s][info][gc,heap     ] GC(255)                Mark Start          Mark End        Relocate Start      Relocate End           High               Low         
[69.597s][info][gc,heap     ] GC(255)  Capacity:      500M (100%)        500M (100%)        500M (100%)        500M (100%)        500M (100%)        500M (100%)   
[69.597s][info][gc,heap     ] GC(255)   Reserve:       34M (7%)           34M (7%)           34M (7%)           34M (7%)           34M (7%)           34M (7%)     
[69.597s][info][gc,heap     ] GC(255)      Free:      316M (63%)         258M (52%)         338M (68%)         340M (68%)         340M (68%)         258M (52%)    
[69.597s][info][gc,heap     ] GC(255)      Used:      150M (30%)         208M (42%)         128M (26%)         126M (25%)         208M (42%)         126M (25%)    
[69.597s][info][gc,heap     ] GC(255)      Live:         -                30M (6%)           30M (6%)           30M (6%)             -                  -          
[69.597s][info][gc,heap     ] GC(255) Allocated:         -                58M (12%)          58M (12%)          66M (13%)            -                  -          
[69.597s][info][gc,heap     ] GC(255)   Garbage:         -               119M (24%)          39M (8%)           31M (6%)             -                  -          
[69.597s][info][gc,heap     ] GC(255) Reclaimed:         -                  -                80M (16%)          88M (18%)            -                  -          
[69.597s][info][gc          ] GC(255) Garbage Collection (Allocation Rate) 150M(30%)->126M(25%)
[69.614s][info][gc,start    ] GC(256) Garbage Collection (Allocation Rate)
[69.620s][info][gc,phases   ] GC(256) Pause Mark Start 3.320ms
[69.691s][info][gc,phases   ] GC(256) Concurrent Mark 71.117ms
[69.694s][info][gc,phases   ] GC(256) Pause Mark End 0.426ms
[69.695s][info][gc,phases   ] GC(256) Concurrent Process Non-Strong References 1.561ms
[69.695s][info][gc,phases   ] GC(256) Concurrent Reset Relocation Set 0.003ms
[69.695s][info][gc,phases   ] GC(256) Concurrent Destroy Detached Pages 0.000ms
[69.697s][info][gc,phases   ] GC(256) Concurrent Select Relocation Set 1.502ms
[69.697s][info][gc,phases   ] GC(256) Concurrent Prepare Relocation Set 0.026ms
[69.700s][info][gc,phases   ] GC(256) Pause Relocate Start 2.913ms
[69.707s][info][gc,phases   ] GC(256) Concurrent Relocate 6.723ms
[69.707s][info][gc,load     ] GC(256) Load: 1.92/1.12/0.51
[69.707s][info][gc,mmu      ] GC(256) MMU: 2ms/0.0%, 5ms/0.0%, 10ms/0.0%, 20ms/0.0%, 50ms/57.1%, 100ms/74.9%
[69.707s][info][gc,marking  ] GC(256) Mark: 1 stripe(s), 2 proactive flush(es), 1 terminate flush(es), 0 completion(s), 0 continuation(s) 
[69.707s][info][gc,reloc    ] GC(256) Relocation: Successful, 6M relocated
[69.707s][info][gc,nmethod  ] GC(256) NMethods: 3309 registered, 0 unregistered
[69.707s][info][gc,metaspace] GC(256) Metaspace: 71M used, 76M capacity, 76M committed, 78M reserved
[69.707s][info][gc,ref      ] GC(256) Soft: 2154 encountered, 0 discovered, 0 enqueued
[69.707s][info][gc,ref      ] GC(256) Weak: 4575 encountered, 3607 discovered, 0 enqueued
[69.707s][info][gc,ref      ] GC(256) Final: 27 encountered, 0 discovered, 0 enqueued
[69.707s][info][gc,ref      ] GC(256) Phantom: 652 encountered, 648 discovered, 0 enqueued
[69.707s][info][gc,heap     ] GC(256)                Mark Start          Mark End        Relocate Start      Relocate End           High               Low         
[69.707s][info][gc,heap     ] GC(256)  Capacity:      500M (100%)        500M (100%)        500M (100%)        500M (100%)        500M (100%)        500M (100%)   
[69.707s][info][gc,heap     ] GC(256)   Reserve:       34M (7%)           34M (7%)           34M (7%)           34M (7%)           34M (7%)           34M (7%)     
[69.707s][info][gc,heap     ] GC(256)      Free:      310M (62%)         270M (54%)         356M (71%)         354M (71%)         356M (71%)         270M (54%)    
[69.707s][info][gc,heap     ] GC(256)      Used:      156M (31%)         196M (39%)         110M (22%)         112M (22%)         196M (39%)         110M (22%)    
[69.707s][info][gc,heap     ] GC(256)      Live:         -                30M (6%)           30M (6%)           30M (6%)             -                  -          
[69.707s][info][gc,heap     ] GC(256) Allocated:         -                40M (8%)           40M (8%)           52M (10%)            -                  -          
[69.707s][info][gc,heap     ] GC(256)   Garbage:         -               125M (25%)          39M (8%)           35M (7%)             -                  -          
[69.707s][info][gc,heap     ] GC(256) Reclaimed:         -                  -                86M (17%)          90M (18%)            -                  -          
[69.707s][info][gc          ] GC(256) Garbage Collection (Allocation Rate) 156M(31%)->112M(22%)
[69.713s][info][gc,start    ] GC(257) Garbage Collection (Allocation Rate)
[69.719s][info][gc,phases   ] GC(257) Pause Mark Start 3.323ms
[69.784s][info][gc,phases   ] GC(257) Concurrent Mark 64.078ms
[69.787s][info][gc,phases   ] GC(257) Pause Mark End 0.446ms
[69.788s][info][gc,phases   ] GC(257) Concurrent Process Non-Strong References 1.522ms
[69.788s][info][gc,phases   ] GC(257) Concurrent Reset Relocation Set 0.003ms
[69.788s][info][gc,phases   ] GC(257) Concurrent Destroy Detached Pages 0.001ms
[69.790s][info][gc,phases   ] GC(257) Concurrent Select Relocation Set 1.626ms
[69.790s][info][gc,phases   ] GC(257) Concurrent Prepare Relocation Set 0.025ms
[69.793s][info][gc,phases   ] GC(257) Pause Relocate Start 2.847ms
[69.800s][info][gc,phases   ] GC(257) Concurrent Relocate 6.577ms
[69.800s][info][gc,load     ] GC(257) Load: 1.92/1.12/0.51
[69.800s][info][gc,mmu      ] GC(257) MMU: 2ms/0.0%, 5ms/0.0%, 10ms/0.0%, 20ms/0.0%, 50ms/57.1%, 100ms/74.9%
[69.800s][info][gc,marking  ] GC(257) Mark: 1 stripe(s), 2 proactive flush(es), 1 terminate flush(es), 0 completion(s), 0 continuation(s) 
[69.800s][info][gc,reloc    ] GC(257) Relocation: Successful, 6M relocated
[69.800s][info][gc,nmethod  ] GC(257) NMethods: 3309 registered, 0 unregistered
[69.800s][info][gc,metaspace] GC(257) Metaspace: 71M used, 76M capacity, 76M committed, 78M reserved
[69.800s][info][gc,ref      ] GC(257) Soft: 2154 encountered, 0 discovered, 0 enqueued
[69.800s][info][gc,ref      ] GC(257) Weak: 4575 encountered, 3607 discovered, 0 enqueued
[69.800s][info][gc,ref      ] GC(257) Final: 27 encountered, 0 discovered, 0 enqueued
[69.800s][info][gc,ref      ] GC(257) Phantom: 652 encountered, 648 discovered, 0 enqueued
[69.800s][info][gc,heap     ] GC(257)                Mark Start          Mark End        Relocate Start      Relocate End           High               Low         
[69.800s][info][gc,heap     ] GC(257)  Capacity:      500M (100%)        500M (100%)        500M (100%)        500M (100%)        500M (100%)        500M (100%)   
[69.800s][info][gc,heap     ] GC(257)   Reserve:       34M (7%)           34M (7%)           34M (7%)           34M (7%)           34M (7%)           34M (7%)     
[69.800s][info][gc,heap     ] GC(257)      Free:      344M (69%)         286M (57%)         340M (68%)         338M (68%)         344M (69%)         286M (57%)    
[69.800s][info][gc,heap     ] GC(257)      Used:      122M (24%)         180M (36%)         126M (25%)         128M (26%)         180M (36%)         122M (24%)    
[69.800s][info][gc,heap     ] GC(257)      Live:         -                30M (6%)           30M (6%)           30M (6%)             -                  -          
[69.800s][info][gc,heap     ] GC(257) Allocated:         -                58M (12%)          58M (12%)          68M (14%)            -                  -          
[69.800s][info][gc,heap     ] GC(257)   Garbage:         -                91M (18%)          37M (8%)           31M (6%)             -                  -          
[69.800s][info][gc,heap     ] GC(257) Reclaimed:         -                  -                54M (11%)          60M (12%)            -                  -          
[69.800s][info][gc          ] GC(257) Garbage Collection (Allocation Rate) 122M(24%)->128M(26%)
[69.813s][info][gc,start    ] GC(258) Garbage Collection (Allocation Rate)
[69.819s][info][gc,phases   ] GC(258) Pause Mark Start 3.291ms
[69.882s][info][gc,phases   ] GC(258) Concurrent Mark 63.299ms
[69.885s][info][gc,phases   ] GC(258) Pause Mark End 0.424ms
[69.887s][info][gc,phases   ] GC(258) Concurrent Process Non-Strong References 1.530ms
[69.887s][info][gc,phases   ] GC(258) Concurrent Reset Relocation Set 0.003ms
[69.887s][info][gc,phases   ] GC(258) Concurrent Destroy Detached Pages 0.000ms
[69.889s][info][gc,phases   ] GC(258) Concurrent Select Relocation Set 1.545ms
[69.889s][info][gc,phases   ] GC(258) Concurrent Prepare Relocation Set 0.026ms
[69.892s][info][gc,phases   ] GC(258) Pause Relocate Start 2.955ms
[69.896s][info][gc,phases   ] GC(258) Concurrent Relocate 4.588ms
[69.896s][info][gc,load     ] GC(258) Load: 1.92/1.12/0.51
[69.896s][info][gc,mmu      ] GC(258) MMU: 2ms/0.0%, 5ms/0.0%, 10ms/0.0%, 20ms/0.0%, 50ms/57.1%, 100ms/74.9%
[69.896s][info][gc,marking  ] GC(258) Mark: 1 stripe(s), 2 proactive flush(es), 1 terminate flush(es), 0 completion(s), 0 continuation(s) 
[69.896s][info][gc,reloc    ] GC(258) Relocation: Successful, 6M relocated
[69.896s][info][gc,nmethod  ] GC(258) NMethods: 3309 registered, 0 unregistered
[69.896s][info][gc,metaspace] GC(258) Metaspace: 71M used, 76M capacity, 76M committed, 78M reserved
[69.896s][info][gc,ref      ] GC(258) Soft: 2154 encountered, 0 discovered, 0 enqueued
[69.897s][info][gc,ref      ] GC(258) Weak: 4575 encountered, 3607 discovered, 0 enqueued
[69.897s][info][gc,ref      ] GC(258) Final: 27 encountered, 0 discovered, 0 enqueued
[69.897s][info][gc,ref      ] GC(258) Phantom: 652 encountered, 648 discovered, 0 enqueued
[69.897s][info][gc,heap     ] GC(258)                Mark Start          Mark End        Relocate Start      Relocate End           High               Low         
[69.897s][info][gc,heap     ] GC(258)  Capacity:      500M (100%)        500M (100%)        500M (100%)        500M (100%)        500M (100%)        500M (100%)   
[69.897s][info][gc,heap     ] GC(258)   Reserve:       34M (7%)           34M (7%)           34M (7%)           34M (7%)           34M (7%)           34M (7%)     
[69.897s][info][gc,heap     ] GC(258)      Free:      316M (63%)         256M (51%)         334M (67%)         340M (68%)         340M (68%)         256M (51%)    
[69.897s][info][gc,heap     ] GC(258)      Used:      150M (30%)         210M (42%)         132M (26%)         126M (25%)         210M (42%)         126M (25%)    
[69.897s][info][gc,heap     ] GC(258)      Live:         -                30M (6%)           30M (6%)           30M (6%)             -                  -          
[69.897s][info][gc,heap     ] GC(258) Allocated:         -                60M (12%)          60M (12%)          66M (13%)            -                  -          
[69.897s][info][gc,heap     ] GC(258)   Garbage:         -               119M (24%)          41M (8%)           31M (6%)             -                  -          
[69.897s][info][gc,heap     ] GC(258) Reclaimed:         -                  -                78M (16%)          88M (18%)            -                  -          
[69.897s][info][gc          ] GC(258) Garbage Collection (Allocation Rate) 150M(30%)->126M(25%)
[69.914s][info][gc,start    ] GC(259) Garbage Collection (Allocation Rate)
[69.920s][info][gc,phases   ] GC(259) Pause Mark Start 3.252ms
[69.983s][info][gc,phases   ] GC(259) Concurrent Mark 63.332ms
[69.986s][info][gc,phases   ] GC(259) Pause Mark End 0.434ms
[69.988s][info][gc,phases   ] GC(259) Concurrent Process Non-Strong References 1.563ms
[69.988s][info][gc,phases   ] GC(259) Concurrent Reset Relocation Set 0.003ms
[69.988s][info][gc,phases   ] GC(259) Concurrent Destroy Detached Pages 0.000ms
[69.989s][info][gc,phases   ] GC(259) Concurrent Select Relocation Set 1.506ms
[69.989s][info][gc,phases   ] GC(259) Concurrent Prepare Relocation Set 0.026ms
[69.992s][info][gc,phases   ] GC(259) Pause Relocate Start 3.015ms
[69.996s][info][gc,phases   ] GC(259) Concurrent Relocate 3.591ms
[69.996s][info][gc,load     ] GC(259) Load: 1.92/1.12/0.51
[69.996s][info][gc,mmu      ] GC(259) MMU: 2ms/0.0%, 5ms/0.0%, 10ms/0.0%, 20ms/0.0%, 50ms/57.1%, 100ms/74.9%
[69.996s][info][gc,marking  ] GC(259) Mark: 1 stripe(s), 2 proactive flush(es), 1 terminate flush(es), 0 completion(s), 0 continuation(s) 
[69.996s][info][gc,reloc    ] GC(259) Relocation: Successful, 6M relocated
[69.996s][info][gc,nmethod  ] GC(259) NMethods: 3309 registered, 0 unregistered
[69.996s][info][gc,metaspace] GC(259) Metaspace: 71M used, 76M capacity, 76M committed, 78M reserved
[69.996s][info][gc,ref      ] GC(259) Soft: 2154 encountered, 0 discovered, 0 enqueued
[69.996s][info][gc,ref      ] GC(259) Weak: 4575 encountered, 3607 discovered, 0 enqueued
[69.996s][info][gc,ref      ] GC(259) Final: 27 encountered, 0 discovered, 0 enqueued
[69.996s][info][gc,ref      ] GC(259) Phantom: 652 encountered, 648 discovered, 0 enqueued
[69.996s][info][gc,heap     ] GC(259)                Mark Start          Mark End        Relocate Start      Relocate End           High               Low         
[69.996s][info][gc,heap     ] GC(259)  Capacity:      500M (100%)        500M (100%)        500M (100%)        500M (100%)        500M (100%)        500M (100%)   
[69.996s][info][gc,heap     ] GC(259)   Reserve:       34M (7%)           34M (7%)           34M (7%)           34M (7%)           34M (7%)           34M (7%)     
[69.996s][info][gc,heap     ] GC(259)      Free:      312M (62%)         254M (51%)         340M (68%)         342M (68%)         342M (68%)         254M (51%)    
[69.996s][info][gc,heap     ] GC(259)      Used:      154M (31%)         212M (42%)         126M (25%)         124M (25%)         212M (42%)         124M (25%)    
[69.996s][info][gc,heap     ] GC(259)      Live:         -                30M (6%)           30M (6%)           30M (6%)             -                  -          
[69.996s][info][gc,heap     ] GC(259) Allocated:         -                58M (12%)          58M (12%)          64M (13%)            -                  -          
[69.996s][info][gc,heap     ] GC(259)   Garbage:         -               123M (25%)          37M (8%)           31M (6%)             -                  -          
[69.996s][info][gc,heap     ] GC(259) Reclaimed:         -                  -                86M (17%)          92M (18%)            -                  -          
[69.996s][info][gc          ] GC(259) Garbage Collection (Allocation Rate) 154M(31%)->124M(25%)
[70.013s][info][gc,start    ] GC(260) Garbage Collection (Allocation Rate)
[70.019s][info][gc,phases   ] GC(260) Pause Mark Start 3.159ms
[70.081s][info][gc,phases   ] GC(260) Concurrent Mark 61.475ms
[70.084s][info][gc,phases   ] GC(260) Pause Mark End 0.424ms
[70.085s][info][gc,phases   ] GC(260) Concurrent Process Non-Strong References 1.529ms
[70.085s][info][gc,phases   ] GC(260) Concurrent Reset Relocation Set 0.002ms
[70.085s][info][gc,phases   ] GC(260) Concurrent Destroy Detached Pages 0.000ms
[70.087s][info][gc,phases   ] GC(260) Concurrent Select Relocation Set 1.541ms
[70.087s][info][gc,phases   ] GC(260) Concurrent Prepare Relocation Set 0.027ms
[70.090s][info][gc,phases   ] GC(260) Pause Relocate Start 2.817ms
[70.095s][info][gc,phases   ] GC(260) Concurrent Relocate 4.891ms
[70.095s][info][gc,load     ] GC(260) Load: 1.92/1.12/0.51
[70.095s][info][gc,mmu      ] GC(260) MMU: 2ms/0.0%, 5ms/0.0%, 10ms/0.0%, 20ms/0.0%, 50ms/57.1%, 100ms/74.9%
[70.095s][info][gc,marking  ] GC(260) Mark: 1 stripe(s), 2 proactive flush(es), 1 terminate flush(es), 0 completion(s), 0 continuation(s) 
[70.095s][info][gc,reloc    ] GC(260) Relocation: Successful, 6M relocated
[70.095s][info][gc,nmethod  ] GC(260) NMethods: 3309 registered, 0 unregistered
[70.095s][info][gc,metaspace] GC(260) Metaspace: 71M used, 76M capacity, 76M committed, 78M reserved
[70.095s][info][gc,ref      ] GC(260) Soft: 2154 encountered, 0 discovered, 0 enqueued
[70.095s][info][gc,ref      ] GC(260) Weak: 4575 encountered, 3607 discovered, 0 enqueued
[70.095s][info][gc,ref      ] GC(260) Final: 27 encountered, 0 discovered, 0 enqueued
[70.095s][info][gc,ref      ] GC(260) Phantom: 652 encountered, 648 discovered, 0 enqueued
[70.095s][info][gc,heap     ] GC(260)                Mark Start          Mark End        Relocate Start      Relocate End           High               Low         
[70.095s][info][gc,heap     ] GC(260)  Capacity:      500M (100%)        500M (100%)        500M (100%)        500M (100%)        500M (100%)        500M (100%)   
[70.095s][info][gc,heap     ] GC(260)   Reserve:       34M (7%)           34M (7%)           34M (7%)           34M (7%)           34M (7%)           34M (7%)     
[70.095s][info][gc,heap     ] GC(260)      Free:      314M (63%)         258M (52%)         342M (68%)         342M (68%)         342M (68%)         258M (52%)    
[70.095s][info][gc,heap     ] GC(260)      Used:      152M (30%)         208M (42%)         124M (25%)         124M (25%)         208M (42%)         124M (25%)    
[70.095s][info][gc,heap     ] GC(260)      Live:         -                30M (6%)           30M (6%)           30M (6%)             -                  -          
[70.095s][info][gc,heap     ] GC(260) Allocated:         -                56M (11%)          56M (11%)          64M (13%)            -                  -          
[70.095s][info][gc,heap     ] GC(260)   Garbage:         -               121M (24%)          37M (8%)           31M (6%)             -                  -          
[70.095s][info][gc,heap     ] GC(260) Reclaimed:         -                  -                84M (17%)          90M (18%)            -                  -          
[70.095s][info][gc          ] GC(260) Garbage Collection (Allocation Rate) 152M(30%)->124M(25%)
[70.113s][info][gc,stats    ] === Garbage Collection Statistics =======================================================================================================================
[70.113s][info][gc,stats    ]                                                              Last 10s              Last 10m              Last 10h                Total
[70.113s][info][gc,stats    ]                                                              Avg / Max             Avg / Max             Avg / Max             Avg / Max
[70.113s][info][gc,stats    ]   Collector: Garbage Collection Cycle                    165.776 / 516.925     195.110 / 786.210     195.110 / 786.210     195.110 / 786.210     ms
[70.113s][info][gc,stats    ]  Contention: Mark Segment Reset Contention                     0 / 0                 0 / 0                 0 / 0                 0 / 0           ops/s
[70.113s][info][gc,stats    ]  Contention: Mark SeqNum Reset Contention                      0 / 0                 0 / 0                 0 / 0                 0 / 0           ops/s
[70.113s][info][gc,stats    ]  Contention: Relocation Contention                             0 / 0                 0 / 2                 0 / 2                 0 / 2           ops/s
[70.113s][info][gc,stats    ]    Critical: Allocation Stall                             28.725 / 187.768      36.186 / 271.228      36.186 / 271.228      36.186 / 271.228     ms
[70.113s][info][gc,stats    ]    Critical: Allocation Stall                                  6 / 20                5 / 25                5 / 25                5 / 25          ops/s
[70.113s][info][gc,stats    ]    Critical: GC Locker Stall                               0.000 / 0.000         2.158 / 4.829         2.158 / 4.829         2.158 / 4.829       ms
[70.113s][info][gc,stats    ]    Critical: GC Locker Stall                                   0 / 0                 0 / 1                 0 / 1                 0 / 1           ops/s
[70.113s][info][gc,stats    ]      Memory: Allocation Rate                                 750 / 904             591 / 1288            591 / 1288            591 / 1288        MB/s
[70.113s][info][gc,stats    ]      Memory: Heap Used After Mark                            308 / 466             321 / 466             321 / 466             321 / 466         MB
[70.113s][info][gc,stats    ]      Memory: Heap Used After Relocation                      189 / 372             201 / 438             201 / 438             201 / 438         MB
[70.113s][info][gc,stats    ]      Memory: Heap Used Before Mark                           242 / 466             251 / 466             251 / 466             251 / 466         MB
[70.113s][info][gc,stats    ]      Memory: Heap Used Before Relocation                     215 / 466             236 / 466             236 / 466             236 / 466         MB
[70.113s][info][gc,stats    ]      Memory: Out Of Memory                                     0 / 0                 0 / 0                 0 / 0                 0 / 0           ops/s
[70.113s][info][gc,stats    ]      Memory: Page Cache Flush                                 32 / 148              28 / 148              28 / 148              28 / 148         MB/s
[70.113s][info][gc,stats    ]      Memory: Page Cache Hit L1                               370 / 464             287 / 653             287 / 653             287 / 653         ops/s
[70.113s][info][gc,stats    ]      Memory: Page Cache Hit L2                                 0 / 0                 0 / 0                 0 / 0                 0 / 0           ops/s
[70.113s][info][gc,stats    ]      Memory: Page Cache Miss                                   8 / 36                9 / 154               9 / 154               9 / 154         ops/s
[70.113s][info][gc,stats    ]      Memory: Undo Object Allocation Failed                     0 / 0                 0 / 0                 0 / 0                 0 / 0           ops/s
[70.113s][info][gc,stats    ]      Memory: Undo Object Allocation Succeeded                  0 / 0                 0 / 2                 0 / 2                 0 / 2           ops/s
[70.113s][info][gc,stats    ]      Memory: Undo Page Allocation                              1 / 3                 0 / 4                 0 / 4                 0 / 4           ops/s
[70.113s][info][gc,stats    ]       Phase: Concurrent Destroy Detached Pages             0.003 / 0.045         0.003 / 0.045         0.003 / 0.045         0.003 / 0.045       ms
[70.113s][info][gc,stats    ]       Phase: Concurrent Mark                             120.428 / 401.675     139.383 / 582.256     139.383 / 582.256     139.383 / 582.256     ms
[70.113s][info][gc,stats    ]       Phase: Concurrent Mark Continue                      0.000 / 0.000         0.000 / 0.000         0.000 / 0.000         0.000 / 0.000       ms
[70.113s][info][gc,stats    ]       Phase: Concurrent Prepare Relocation Set             0.336 / 2.356         0.629 / 11.639        0.629 / 11.639        0.629 / 11.639      ms
[70.113s][info][gc,stats    ]       Phase: Concurrent Process Non-Strong References      1.730 / 4.981         1.808 / 8.686         1.808 / 8.686         1.808 / 8.686       ms
[70.113s][info][gc,stats    ]       Phase: Concurrent Relocate                          27.779 / 156.381      39.162 / 371.224      39.162 / 371.224      39.162 / 371.224     ms
[70.113s][info][gc,stats    ]       Phase: Concurrent Reset Relocation Set               0.048 / 0.378         0.063 / 0.580         0.063 / 0.580         0.063 / 0.580       ms
[70.113s][info][gc,stats    ]       Phase: Concurrent Select Relocation Set              2.193 / 5.462         2.110 / 10.573        2.110 / 10.573        2.110 / 10.573      ms
[70.113s][info][gc,stats    ]       Phase: Pause Mark End                                0.481 / 1.771         0.371 / 3.400         0.371 / 3.400         0.371 / 3.400       ms
[70.113s][info][gc,stats    ]       Phase: Pause Mark Start                              3.748 / 13.944        2.978 / 13.944        2.978 / 13.944        2.978 / 13.944      ms
[70.113s][info][gc,stats    ]       Phase: Pause Relocate Start                          2.981 / 6.998         2.598 / 20.181        2.598 / 20.181        2.598 / 20.181      ms
[70.113s][info][gc,stats    ]    Subphase: Concurrent Mark                             119.003 / 398.943     137.969 / 582.233     137.969 / 582.233     137.969 / 582.233     ms
[70.113s][info][gc,stats    ]    Subphase: Concurrent Mark Idle                          0.000 / 0.000         0.000 / 0.000         0.000 / 0.000         0.000 / 0.000       ms
[70.113s][info][gc,stats    ]    Subphase: Concurrent Mark Try Flush                     1.202 / 15.489        1.302 / 20.193        1.302 / 20.193        1.302 / 20.193      ms
[70.113s][info][gc,stats    ]    Subphase: Concurrent Mark Try Terminate                 0.372 / 3.960         0.457 / 9.762         0.457 / 9.762         0.457 / 9.762       ms
[70.113s][info][gc,stats    ]    Subphase: Concurrent References Enqueue                 0.001 / 0.007         0.001 / 0.007         0.001 / 0.007         0.001 / 0.007       ms
[70.113s][info][gc,stats    ]    Subphase: Concurrent References Process                 0.742 / 2.703         0.790 / 6.382         0.790 / 6.382         0.790 / 6.382       ms
[70.113s][info][gc,stats    ]    Subphase: Concurrent Weak Roots                         0.915 / 1.817         0.909 / 6.746         0.909 / 6.746         0.909 / 6.746       ms
[70.113s][info][gc,stats    ]    Subphase: Concurrent Weak Roots JNIWeakHandles          0.000 / 0.001         0.000 / 0.001         0.000 / 0.001         0.000 / 0.001       ms
[70.113s][info][gc,stats    ]    Subphase: Concurrent Weak Roots StringTable             0.663 / 1.319         0.673 / 6.312         0.673 / 6.312         0.673 / 6.312       ms
[70.113s][info][gc,stats    ]    Subphase: Concurrent Weak Roots VMWeakHandles           0.250 / 0.490         0.234 / 0.881         0.234 / 0.881         0.234 / 0.881       ms
[70.113s][info][gc,stats    ]    Subphase: Pause Mark Try Complete                       0.000 / 0.000         0.001 / 0.002         0.001 / 0.002         0.001 / 0.002       ms
[70.113s][info][gc,stats    ]    Subphase: Pause Remap TLABS                             0.002 / 0.004         0.001 / 0.004         0.001 / 0.004         0.001 / 0.004       ms
[70.113s][info][gc,stats    ]    Subphase: Pause Retire TLABS                            0.025 / 0.039         0.018 / 0.053         0.018 / 0.053         0.018 / 0.053       ms
[70.113s][info][gc,stats    ]    Subphase: Pause Roots                                   2.100 / 13.338        1.691 / 13.338        1.691 / 13.338        1.691 / 13.338      ms
[70.113s][info][gc,stats    ]    Subphase: Pause Roots ClassLoaderDataGraph              0.858 / 1.951         0.745 / 4.046         0.745 / 4.046         0.745 / 4.046       ms
[70.113s][info][gc,stats    ]    Subphase: Pause Roots CodeCache                         1.529 / 11.698        1.193 / 11.698        1.193 / 11.698        1.193 / 11.698      ms
[70.113s][info][gc,stats    ]    Subphase: Pause Roots JNIHandles                        0.001 / 0.002         0.001 / 0.084         0.001 / 0.084         0.001 / 0.084       ms
[70.113s][info][gc,stats    ]    Subphase: Pause Roots JNIWeakHandles                    0.000 / 0.000         0.000 / 0.000         0.000 / 0.000         0.000 / 0.000       ms
[70.113s][info][gc,stats    ]    Subphase: Pause Roots JRFWeak                           0.000 / 0.000         0.000 / 0.000         0.000 / 0.000         0.000 / 0.000       ms
[70.113s][info][gc,stats    ]    Subphase: Pause Roots JVMTIExport                       0.001 / 0.001         0.001 / 0.001         0.001 / 0.001         0.001 / 0.001       ms
[70.113s][info][gc,stats    ]    Subphase: Pause Roots JVMTIWeakExport                   0.001 / 0.001         0.001 / 0.068         0.001 / 0.068         0.001 / 0.068       ms
[70.113s][info][gc,stats    ]    Subphase: Pause Roots Management                        0.001 / 0.003         0.002 / 0.371         0.002 / 0.371         0.002 / 0.371       ms
[70.113s][info][gc,stats    ]    Subphase: Pause Roots ObjectSynchronizer                0.000 / 0.001         0.000 / 0.001         0.000 / 0.001         0.000 / 0.001       ms
[70.113s][info][gc,stats    ]    Subphase: Pause Roots Setup                             0.255 / 0.573         0.228 / 12.197        0.228 / 12.197        0.228 / 12.197      ms
[70.113s][info][gc,stats    ]    Subphase: Pause Roots StringTable                       0.000 / 0.000         0.000 / 0.000         0.000 / 0.000         0.000 / 0.000       ms
[70.113s][info][gc,stats    ]    Subphase: Pause Roots SystemDictionary                  0.010 / 0.022         0.012 / 0.337         0.012 / 0.337         0.012 / 0.337       ms
[70.113s][info][gc,stats    ]    Subphase: Pause Roots Teardown                          0.001 / 0.004         0.001 / 0.004         0.001 / 0.004         0.001 / 0.004       ms
[70.113s][info][gc,stats    ]    Subphase: Pause Roots Threads                           0.494 / 1.707         0.384 / 8.097         0.384 / 8.097         0.384 / 8.097       ms
[70.113s][info][gc,stats    ]    Subphase: Pause Roots Universe                          0.002 / 0.005         0.002 / 0.034         0.002 / 0.034         0.002 / 0.034       ms
[70.113s][info][gc,stats    ]    Subphase: Pause Roots VMWeakHandles                     0.000 / 0.000         0.000 / 0.000         0.000 / 0.000         0.000 / 0.000       ms
[70.113s][info][gc,stats    ]    Subphase: Pause Weak Roots                              0.002 / 0.003         0.002 / 0.007         0.002 / 0.007         0.002 / 0.007       ms
[70.113s][info][gc,stats    ]    Subphase: Pause Weak Roots JFRWeak                      0.001 / 0.002         0.001 / 0.002         0.001 / 0.002         0.001 / 0.002       ms
[70.113s][info][gc,stats    ]    Subphase: Pause Weak Roots JNIWeakHandles               0.000 / 0.000         0.000 / 0.000         0.000 / 0.000         0.000 / 0.000       ms
[70.113s][info][gc,stats    ]    Subphase: Pause Weak Roots JVMTIWeakExport              0.001 / 0.001         0.001 / 0.006         0.001 / 0.006         0.001 / 0.006       ms
[70.113s][info][gc,stats    ]    Subphase: Pause Weak Roots Setup                        0.000 / 0.000         0.000 / 0.000         0.000 / 0.000         0.000 / 0.000       ms
[70.113s][info][gc,stats    ]    Subphase: Pause Weak Roots StringTable                  0.000 / 0.000         0.000 / 0.000         0.000 / 0.000         0.000 / 0.000       ms
[70.113s][info][gc,stats    ]    Subphase: Pause Weak Roots SymbolTable                  0.000 / 0.000         0.000 / 0.000         0.000 / 0.000         0.000 / 0.000       ms
[70.113s][info][gc,stats    ]    Subphase: Pause Weak Roots Teardown                     0.001 / 0.001         0.001 / 0.001         0.001 / 0.001         0.001 / 0.001       ms
[70.113s][info][gc,stats    ]    Subphase: Pause Weak Roots VMWeakHandles                0.000 / 0.000         0.000 / 0.000         0.000 / 0.000         0.000 / 0.000       ms
[70.113s][info][gc,stats    ]      System: Java Threads                                    152 / 157             101 / 157             101 / 157             101 / 157         threads
[70.113s][info][gc,stats    ] =========================================================================================================================================================
[70.113s][info][gc,start    ] GC(261) Garbage Collection (Allocation Rate)
[70.119s][info][gc,phases   ] GC(261) Pause Mark Start 3.315ms
[70.184s][info][gc,phases   ] GC(261) Concurrent Mark 64.908ms
[70.187s][info][gc,phases   ] GC(261) Pause Mark End 0.460ms
[70.189s][info][gc,phases   ] GC(261) Concurrent Process Non-Strong References 1.531ms
[70.189s][info][gc,phases   ] GC(261) Concurrent Reset Relocation Set 0.002ms
[70.189s][info][gc,phases   ] GC(261) Concurrent Destroy Detached Pages 0.000ms
[70.191s][info][gc,phases   ] GC(261) Concurrent Select Relocation Set 1.796ms
[70.191s][info][gc,phases   ] GC(261) Concurrent Prepare Relocation Set 0.034ms
[70.195s][info][gc,phases   ] GC(261) Pause Relocate Start 3.523ms
[70.200s][info][gc,phases   ] GC(261) Concurrent Relocate 5.533ms
[70.200s][info][gc,load     ] GC(261) Load: 1.92/1.12/0.51
[70.200s][info][gc,mmu      ] GC(261) MMU: 2ms/0.0%, 5ms/0.0%, 10ms/0.0%, 20ms/0.0%, 50ms/57.1%, 100ms/74.9%
[70.200s][info][gc,marking  ] GC(261) Mark: 1 stripe(s), 2 proactive flush(es), 1 terminate flush(es), 0 completion(s), 0 continuation(s) 
[70.200s][info][gc,reloc    ] GC(261) Relocation: Successful, 6M relocated
[70.200s][info][gc,nmethod  ] GC(261) NMethods: 3309 registered, 0 unregistered
[70.200s][info][gc,metaspace] GC(261) Metaspace: 71M used, 76M capacity, 76M committed, 78M reserved
[70.200s][info][gc,ref      ] GC(261) Soft: 2154 encountered, 0 discovered, 0 enqueued
[70.200s][info][gc,ref      ] GC(261) Weak: 4575 encountered, 3607 discovered, 0 enqueued
[70.200s][info][gc,ref      ] GC(261) Final: 27 encountered, 0 discovered, 0 enqueued
[70.200s][info][gc,ref      ] GC(261) Phantom: 652 encountered, 648 discovered, 0 enqueued
[70.200s][info][gc,heap     ] GC(261)                Mark Start          Mark End        Relocate Start      Relocate End           High               Low         
[70.200s][info][gc,heap     ] GC(261)  Capacity:      500M (100%)        500M (100%)        500M (100%)        500M (100%)        500M (100%)        500M (100%)   
[70.200s][info][gc,heap     ] GC(261)   Reserve:       34M (7%)           34M (7%)           34M (7%)           34M (7%)           34M (7%)           34M (7%)     
[70.200s][info][gc,heap     ] GC(261)      Free:      314M (63%)         254M (51%)         336M (67%)         338M (68%)         338M (68%)         254M (51%)    
[70.200s][info][gc,heap     ] GC(261)      Used:      152M (30%)         212M (42%)         130M (26%)         128M (26%)         212M (42%)         128M (26%)    
[70.200s][info][gc,heap     ] GC(261)      Live:         -                30M (6%)           30M (6%)           30M (6%)             -                  -          
[70.200s][info][gc,heap     ] GC(261) Allocated:         -                60M (12%)          60M (12%)          68M (14%)            -                  -          
[70.200s][info][gc,heap     ] GC(261)   Garbage:         -               121M (24%)          39M (8%)           33M (7%)             -                  -          
[70.200s][info][gc,heap     ] GC(261) Reclaimed:         -                  -                82M (16%)          88M (18%)            -                  -          
[70.200s][info][gc          ] GC(261) Garbage Collection (Allocation Rate) 152M(30%)->128M(26%)
[70.221s][info][gc,start    ] GC(262) Garbage Collection (Allocation Rate)
[70.232s][info][gc,phases   ] GC(262) Pause Mark Start 5.120ms
[70.323s][info][gc,heap     ] Page Cache Flushed: 6M requested, 10M(332M->322M) flushed
[70.377s][info][gc,phases   ] GC(262) Concurrent Mark 144.624ms
[70.378s][info][gc,phases   ] GC(262) Pause Mark End 0.459ms
[70.379s][info][gc,phases   ] GC(262) Concurrent Process Non-Strong References 1.633ms
[70.379s][info][gc,phases   ] GC(262) Concurrent Reset Relocation Set 0.003ms
[70.379s][info][gc,phases   ] GC(262) Concurrent Destroy Detached Pages 0.004ms
[70.381s][info][gc,phases   ] GC(262) Concurrent Select Relocation Set 1.515ms
[70.381s][info][gc,phases   ] GC(262) Concurrent Prepare Relocation Set 0.030ms
[70.384s][info][gc,phases   ] GC(262) Pause Relocate Start 2.973ms
[70.399s][info][gc,phases   ] GC(262) Concurrent Relocate 15.287ms
[70.399s][info][gc,load     ] GC(262) Load: 1.92/1.12/0.51
[70.399s][info][gc,mmu      ] GC(262) MMU: 2ms/0.0%, 5ms/0.0%, 10ms/0.0%, 20ms/0.0%, 50ms/57.1%, 100ms/74.9%
[70.399s][info][gc,marking  ] GC(262) Mark: 1 stripe(s), 3 proactive flush(es), 1 terminate flush(es), 0 completion(s), 0 continuation(s) 
[70.399s][info][gc,reloc    ] GC(262) Relocation: Successful, 6M relocated
[70.399s][info][gc,nmethod  ] GC(262) NMethods: 3351 registered, 0 unregistered
[70.400s][info][gc,metaspace] GC(262) Metaspace: 71M used, 76M capacity, 76M committed, 78M reserved
[70.400s][info][gc,ref      ] GC(262) Soft: 2198 encountered, 0 discovered, 0 enqueued
[70.400s][info][gc,ref      ] GC(262) Weak: 4573 encountered, 3633 discovered, 0 enqueued
[70.400s][info][gc,ref      ] GC(262) Final: 27 encountered, 0 discovered, 0 enqueued
[70.400s][info][gc,ref      ] GC(262) Phantom: 652 encountered, 648 discovered, 0 enqueued
[70.400s][info][gc,heap     ] GC(262)                Mark Start          Mark End        Relocate Start      Relocate End           High               Low         
[70.400s][info][gc,heap     ] GC(262)  Capacity:      500M (100%)        500M (100%)        500M (100%)        500M (100%)        500M (100%)        500M (100%)   
[70.400s][info][gc,heap     ] GC(262)   Reserve:       34M (7%)           34M (7%)           34M (7%)           34M (7%)           34M (7%)           34M (7%)     
[70.400s][info][gc,heap     ] GC(262)      Free:      336M (67%)         322M (64%)         380M (76%)         388M (78%)         388M (78%)         322M (64%)    
[70.400s][info][gc,heap     ] GC(262)      Used:      130M (26%)         144M (29%)          86M (17%)          78M (16%)         144M (29%)          78M (16%)    
[70.400s][info][gc,heap     ] GC(262)      Live:         -                30M (6%)           30M (6%)           30M (6%)             -                  -          
[70.400s][info][gc,heap     ] GC(262) Allocated:         -                14M (3%)           14M (3%)           18M (4%)             -                  -          
[70.400s][info][gc,heap     ] GC(262)   Garbage:         -                99M (20%)          41M (8%)           31M (6%)             -                  -          
[70.400s][info][gc,heap     ] GC(262) Reclaimed:         -                  -                58M (12%)          68M (14%)            -                  -          
[70.400s][info][gc          ] GC(262) Garbage Collection (Allocation Rate) 130M(26%)->78M(16%)
[70.400s][info][gc,start    ] GC(263) Garbage Collection (System.gc())
[70.403s][info][gc,phases   ] GC(263) Pause Mark Start 3.544ms
[70.455s][info][gc,phases   ] GC(263) Concurrent Mark 51.268ms
[70.455s][info][gc,phases   ] GC(263) Pause Mark End 0.378ms
[70.457s][info][gc,phases   ] GC(263) Concurrent Process Non-Strong References 1.692ms
[70.457s][info][gc,phases   ] GC(263) Concurrent Reset Relocation Set 0.003ms
[70.457s][info][gc,phases   ] GC(263) Concurrent Destroy Detached Pages 0.000ms
[70.460s][info][gc,phases   ] GC(263) Concurrent Select Relocation Set 2.322ms
[70.460s][info][gc,phases   ] GC(263) Concurrent Prepare Relocation Set 0.023ms
[70.465s][info][gc,phases   ] GC(263) Pause Relocate Start 2.766ms
[70.469s][info][gc,phases   ] GC(263) Concurrent Relocate 3.488ms
[70.469s][info][gc,load     ] GC(263) Load: 1.92/1.12/0.51
[70.469s][info][gc,mmu      ] GC(263) MMU: 2ms/0.0%, 5ms/0.0%, 10ms/0.0%, 20ms/0.0%, 50ms/57.1%, 100ms/74.9%
[70.469s][info][gc,marking  ] GC(263) Mark: 1 stripe(s), 2 proactive flush(es), 1 terminate flush(es), 0 completion(s), 0 continuation(s) 
[70.469s][info][gc,reloc    ] GC(263) Relocation: Successful, 7M relocated
[70.469s][info][gc,nmethod  ] GC(263) NMethods: 3357 registered, 0 unregistered
[70.469s][info][gc,metaspace] GC(263) Metaspace: 71M used, 76M capacity, 76M committed, 78M reserved
[70.469s][info][gc,ref      ] GC(263) Soft: 2475 encountered, 0 discovered, 0 enqueued
[70.469s][info][gc,ref      ] GC(263) Weak: 4640 encountered, 3720 discovered, 122 enqueued
[70.469s][info][gc,ref      ] GC(263) Final: 27 encountered, 0 discovered, 0 enqueued
[70.469s][info][gc,ref      ] GC(263) Phantom: 651 encountered, 647 discovered, 0 enqueued
[70.469s][info][gc,heap     ] GC(263)                Mark Start          Mark End        Relocate Start      Relocate End           High               Low         
[70.469s][info][gc,heap     ] GC(263)  Capacity:      500M (100%)        500M (100%)        500M (100%)        500M (100%)        500M (100%)        500M (100%)   
[70.469s][info][gc,heap     ] GC(263)   Reserve:       34M (7%)           34M (7%)           34M (7%)           34M (7%)           34M (7%)           34M (7%)     
[70.469s][info][gc,heap     ] GC(263)      Free:      388M (78%)         388M (78%)         392M (78%)         400M (80%)         400M (80%)         386M (77%)    
[70.469s][info][gc,heap     ] GC(263)      Used:       78M (16%)          78M (16%)          74M (15%)          66M (13%)          80M (16%)          66M (13%)    
[70.469s][info][gc,heap     ] GC(263)      Live:         -                31M (6%)           31M (6%)           31M (6%)             -                  -          
[70.469s][info][gc,heap     ] GC(263) Allocated:         -                 0M (0%)            2M (0%)            4M (1%)             -                  -          
[70.469s][info][gc,heap     ] GC(263)   Garbage:         -                46M (9%)           40M (8%)           32M (7%)             -                  -          
[70.469s][info][gc,heap     ] GC(263) Reclaimed:         -                  -                 6M (1%)           14M (3%)             -                  -          
[70.469s][info][gc          ] GC(263) Garbage Collection (System.gc()) 78M(16%)->66M(13%)
[70.473s][info][gc,heap     ] Page Cache Flushed: 30M requested, 30M(396M->366M) flushed
[70.505s][info][gc,heap     ] Page Cache Flushed: 6M requested, 6M(362M->356M) flushed
[70.513s][info][gc,start    ] GC(264) Garbage Collection (Allocation Rate)
[70.534s][info][gc,phases   ] GC(264) Pause Mark Start 3.359ms
[70.596s][info][gc,heap     ] Page Cache Flushed: 32M requested, 32M(304M->272M) flushed
[70.616s][info][gc,phases   ] GC(264) Concurrent Mark 82.331ms
[70.619s][info][gc,phases   ] GC(264) Pause Mark End 0.513ms
[70.621s][info][gc,phases   ] GC(264) Concurrent Process Non-Strong References 1.602ms
[70.621s][info][gc,phases   ] GC(264) Concurrent Reset Relocation Set 0.002ms
[70.621s][info][gc,phases   ] GC(264) Concurrent Destroy Detached Pages 0.031ms
[70.623s][info][gc,phases   ] GC(264) Concurrent Select Relocation Set 1.492ms
[70.623s][info][gc,phases   ] GC(264) Concurrent Prepare Relocation Set 0.016ms
[70.626s][info][gc,phases   ] GC(264) Pause Relocate Start 3.117ms
[70.632s][info][gc,phases   ] GC(264) Concurrent Relocate 6.242ms
[70.632s][info][gc,load     ] GC(264) Load: 1.92/1.12/0.51
[70.632s][info][gc,mmu      ] GC(264) MMU: 2ms/0.0%, 5ms/0.0%, 10ms/0.0%, 20ms/0.0%, 50ms/57.1%, 100ms/74.9%
[70.632s][info][gc,marking  ] GC(264) Mark: 1 stripe(s), 2 proactive flush(es), 1 terminate flush(es), 0 completion(s), 0 continuation(s) 
[70.632s][info][gc,reloc    ] GC(264) Relocation: Successful, 7M relocated
[70.632s][info][gc,nmethod  ] GC(264) NMethods: 3394 registered, 0 unregistered
[70.632s][info][gc,metaspace] GC(264) Metaspace: 71M used, 76M capacity, 76M committed, 78M reserved
[70.632s][info][gc,ref      ] GC(264) Soft: 2536 encountered, 0 discovered, 0 enqueued
[70.632s][info][gc,ref      ] GC(264) Weak: 4624 encountered, 3639 discovered, 25 enqueued
[70.632s][info][gc,ref      ] GC(264) Final: 27 encountered, 0 discovered, 0 enqueued
[70.632s][info][gc,ref      ] GC(264) Phantom: 652 encountered, 648 discovered, 0 enqueued
[70.632s][info][gc,heap     ] GC(264)                Mark Start          Mark End        Relocate Start      Relocate End           High               Low         
[70.632s][info][gc,heap     ] GC(264)  Capacity:      500M (100%)        500M (100%)        500M (100%)        500M (100%)        500M (100%)        500M (100%)   
[70.632s][info][gc,heap     ] GC(264)   Reserve:       34M (7%)           34M (7%)           34M (7%)           34M (7%)           34M (7%)           34M (7%)     
[70.632s][info][gc,heap     ] GC(264)      Free:      354M (71%)         250M (50%)         288M (58%)         288M (58%)         354M (71%)         250M (50%)    
[70.632s][info][gc,heap     ] GC(264)      Used:      112M (22%)         216M (43%)         178M (36%)         178M (36%)         216M (43%)         112M (22%)    
[70.632s][info][gc,heap     ] GC(264)      Live:         -                31M (6%)           31M (6%)           31M (6%)             -                  -          
[70.632s][info][gc,heap     ] GC(264) Allocated:         -               104M (21%)         104M (21%)         116M (23%)            -                  -          
[70.632s][info][gc,heap     ] GC(264)   Garbage:         -                80M (16%)          42M (8%)           32M (6%)             -                  -          
[70.632s][info][gc,heap     ] GC(264) Reclaimed:         -                  -                38M (8%)           48M (10%)            -                  -          
[70.632s][info][gc          ] GC(264) Garbage Collection (Allocation Rate) 112M(22%)->178M(36%)
[70.713s][info][gc,start    ] GC(265) Garbage Collection (Allocation Rate)
[70.719s][info][gc,phases   ] GC(265) Pause Mark Start 3.433ms
[70.750s][info][gc,heap     ] Page Cache Flushed: 2M requested, 6M(38M->32M) flushed
[70.761s][info][gc,heap     ] Page Cache Flushed: 2M requested, 32M(32M->0M) flushed
[70.824s][info][gc,phases   ] GC(265) Concurrent Mark 104.506ms
[70.825s][info][gc,phases   ] GC(265) Pause Mark End 0.480ms
[70.826s][info][gc,phases   ] GC(265) Concurrent Process Non-Strong References 1.599ms
[70.826s][info][gc,phases   ] GC(265) Concurrent Reset Relocation Set 0.002ms
[70.826s][info][gc,phases   ] GC(265) Concurrent Destroy Detached Pages 0.006ms
[70.828s][info][gc,phases   ] GC(265) Concurrent Select Relocation Set 1.553ms
[70.830s][info][gc,phases   ] GC(265) Concurrent Prepare Relocation Set 1.844ms
[70.833s][info][gc,phases   ] GC(265) Pause Relocate Start 3.215ms
[70.835s][info][gc,heap     ] GC(265) Page Cache Flushed: 2M requested, 32M(64M->32M) flushed
[70.836s][info][gc,heap     ] Page Cache Flushed: 2M requested, 32M(32M->0M) flushed
[70.836s][info][gc          ] Allocation Stall (Executor task launch worker for task 0.0 in stage 18.0 (TID 18)) 40.228ms
[70.935s][info][gc,phases   ] GC(265) Concurrent Relocate 101.440ms
[70.935s][info][gc,load     ] GC(265) Load: 1.92/1.12/0.51
[70.935s][info][gc,mmu      ] GC(265) MMU: 2ms/0.0%, 5ms/0.0%, 10ms/0.0%, 20ms/0.0%, 50ms/57.1%, 100ms/74.9%
[70.935s][info][gc,marking  ] GC(265) Mark: 1 stripe(s), 2 proactive flush(es), 1 terminate flush(es), 0 completion(s), 0 continuation(s) 
[70.935s][info][gc,reloc    ] GC(265) Relocation: Successful, 27M relocated
[70.935s][info][gc,nmethod  ] GC(265) NMethods: 3394 registered, 0 unregistered
[70.935s][info][gc,metaspace] GC(265) Metaspace: 71M used, 76M capacity, 76M committed, 78M reserved
[70.935s][info][gc,ref      ] GC(265) Soft: 2536 encountered, 0 discovered, 0 enqueued
[70.935s][info][gc,ref      ] GC(265) Weak: 4611 encountered, 3627 discovered, 2 enqueued
[70.935s][info][gc,ref      ] GC(265) Final: 27 encountered, 0 discovered, 0 enqueued
[70.935s][info][gc,ref      ] GC(265) Phantom: 652 encountered, 648 discovered, 0 enqueued
[70.935s][info][gc,heap     ] GC(265)                Mark Start          Mark End        Relocate Start      Relocate End           High               Low         
[70.935s][info][gc,heap     ] GC(265)  Capacity:      500M (100%)        500M (100%)        500M (100%)        500M (100%)        500M (100%)        500M (100%)   
[70.935s][info][gc,heap     ] GC(265)   Reserve:       34M (7%)           34M (7%)           34M (7%)           34M (7%)           34M (7%)            0M (0%)     
[70.935s][info][gc,heap     ] GC(265)      Free:       84M (17%)           0M (0%)            0M (0%)          190M (38%)         196M (39%)           0M (0%)     
[70.935s][info][gc,heap     ] GC(265)      Used:      382M (76%)         466M (93%)         466M (93%)         276M (55%)         500M (100%)        270M (54%)    
[70.935s][info][gc,heap     ] GC(265)      Live:         -                51M (10%)          51M (10%)          51M (10%)            -                  -          
[70.935s][info][gc,heap     ] GC(265) Allocated:         -                84M (17%)          84M (17%)         250M (50%)            -                  -          
[70.935s][info][gc,heap     ] GC(265)   Garbage:         -               330M (66%)         330M (66%)          32M (6%)             -                  -          
[70.935s][info][gc,heap     ] GC(265) Reclaimed:         -                  -                 0M (0%)          298M (60%)            -                  -          
[70.935s][info][gc          ] GC(265) Garbage Collection (Allocation Rate) 382M(76%)->276M(55%)
[71.013s][info][gc,start    ] GC(266) Garbage Collection (Allocation Rate)
[71.021s][info][gc,phases   ] GC(266) Pause Mark Start 4.927ms
[71.143s][info][gc,phases   ] GC(266) Concurrent Mark 121.954ms
[71.143s][info][gc,phases   ] GC(266) Pause Mark End 0.467ms
[71.145s][info][gc,phases   ] GC(266) Concurrent Process Non-Strong References 1.789ms
[71.146s][info][gc,phases   ] GC(266) Concurrent Reset Relocation Set 0.261ms
[71.146s][info][gc,phases   ] GC(266) Concurrent Destroy Detached Pages 0.005ms
[71.147s][info][gc,phases   ] GC(266) Concurrent Select Relocation Set 1.561ms
[71.149s][info][gc,phases   ] GC(266) Concurrent Prepare Relocation Set 2.278ms
[71.153s][info][gc,phases   ] GC(266) Pause Relocate Start 2.854ms
[71.153s][info][gc          ] Allocation Stall (Executor task launch worker for task 0.0 in stage 18.0 (TID 18)) 106.958ms
[71.154s][info][gc          ] Allocation Stall (Spark Context Cleaner) 99.423ms
[71.155s][info][gc          ] Allocation Stall (Executor task launch worker for task 0.0 in stage 18.0 (TID 18)) 0.818ms
[71.157s][info][gc          ] Allocation Stall (Executor task launch worker for task 0.0 in stage 18.0 (TID 18)) 0.395ms
[71.158s][info][gc          ] Allocation Stall (Executor task launch worker for task 0.0 in stage 18.0 (TID 18)) 0.402ms
[71.159s][info][gc          ] Allocation Stall (Executor task launch worker for task 0.0 in stage 18.0 (TID 18)) 0.387ms
[71.162s][info][gc          ] Allocation Stall (Executor task launch worker for task 0.0 in stage 18.0 (TID 18)) 2.792ms
[71.260s][info][gc,phases   ] GC(266) Concurrent Relocate 107.572ms
[71.260s][info][gc,load     ] GC(266) Load: 1.92/1.12/0.51
[71.260s][info][gc,mmu      ] GC(266) MMU: 2ms/0.0%, 5ms/0.0%, 10ms/0.0%, 20ms/0.0%, 50ms/57.1%, 100ms/74.9%
[71.260s][info][gc,marking  ] GC(266) Mark: 1 stripe(s), 2 proactive flush(es), 1 terminate flush(es), 0 completion(s), 0 continuation(s) 
[71.260s][info][gc,reloc    ] GC(266) Relocation: Incomplete
[71.260s][info][gc,nmethod  ] GC(266) NMethods: 3394 registered, 0 unregistered
[71.260s][info][gc,metaspace] GC(266) Metaspace: 71M used, 76M capacity, 76M committed, 78M reserved
[71.260s][info][gc,ref      ] GC(266) Soft: 2536 encountered, 0 discovered, 0 enqueued
[71.260s][info][gc,ref      ] GC(266) Weak: 4609 encountered, 3624 discovered, 0 enqueued
[71.260s][info][gc,ref      ] GC(266) Final: 27 encountered, 0 discovered, 0 enqueued
[71.260s][info][gc,ref      ] GC(266) Phantom: 652 encountered, 648 discovered, 0 enqueued
[71.260s][info][gc,heap     ] GC(266)                Mark Start          Mark End        Relocate Start      Relocate End           High               Low         
[71.260s][info][gc,heap     ] GC(266)  Capacity:      500M (100%)        500M (100%)        500M (100%)        500M (100%)        500M (100%)        500M (100%)   
[71.261s][info][gc,heap     ] GC(266)   Reserve:       34M (7%)           34M (7%)           34M (7%)           34M (7%)           34M (7%)           32M (6%)     
[71.261s][info][gc,heap     ] GC(266)      Free:       24M (5%)            0M (0%)            0M (0%)          242M (48%)         242M (48%)           0M (0%)     
[71.261s][info][gc,heap     ] GC(266)      Used:      442M (88%)         466M (93%)         466M (93%)         224M (45%)         468M (94%)         224M (45%)    
[71.261s][info][gc,heap     ] GC(266)      Live:         -                81M (16%)          81M (16%)          81M (16%)            -                  -          
[71.261s][info][gc,heap     ] GC(266) Allocated:         -                24M (5%)           24M (5%)          136M (27%)            -                  -          
[71.261s][info][gc,heap     ] GC(266)   Garbage:         -               360M (72%)         360M (72%)          34M (7%)             -                  -          
[71.261s][info][gc,heap     ] GC(266) Reclaimed:         -                  -                 0M (0%)          326M (65%)            -                  -          
[71.261s][info][gc          ] GC(266) Garbage Collection (Allocation Rate) 442M(88%)->224M(45%)
[71.301s][info][gc,heap     ] Page Cache Flushed: 10M requested, 10M(128M->118M) flushed
[71.326s][info][gc,start    ] GC(267) Garbage Collection (Allocation Rate)
[71.334s][info][gc,phases   ] GC(267) Pause Mark Start 3.933ms
[71.490s][info][gc,phases   ] GC(267) Concurrent Mark 155.604ms
[71.490s][info][gc,phases   ] GC(267) Pause Mark End 0.466ms
[71.492s][info][gc,phases   ] GC(267) Concurrent Process Non-Strong References 1.504ms
[71.492s][info][gc,phases   ] GC(267) Concurrent Reset Relocation Set 0.311ms
[71.492s][info][gc,phases   ] GC(267) Concurrent Destroy Detached Pages 0.008ms
[71.494s][info][gc,heap     ] GC(267) Page Cache Flushed: 2M requested, 6M(6M->0M) flushed
[71.494s][info][gc          ] Allocation Stall (Executor task launch worker for task 0.0 in stage 18.0 (TID 18)) 96.812ms
[71.495s][info][gc          ] Allocation Stall (Spark Context Cleaner) 68.279ms
[71.497s][info][gc,phases   ] GC(267) Concurrent Select Relocation Set 4.538ms
[71.499s][info][gc,phases   ] GC(267) Concurrent Prepare Relocation Set 1.658ms
[71.502s][info][gc,phases   ] GC(267) Pause Relocate Start 2.915ms
[71.502s][info][gc          ] Allocation Stall (Executor task launch worker for task 0.0 in stage 18.0 (TID 18)) 5.401ms
[71.503s][info][gc          ] Allocation Stall (Executor task launch worker for task 0.0 in stage 18.0 (TID 18)) 0.244ms
[71.504s][info][gc          ] Allocation Stall (Executor task launch worker for task 0.0 in stage 18.0 (TID 18)) 0.440ms
[71.506s][info][gc          ] Allocation Stall (Executor task launch worker for task 0.0 in stage 18.0 (TID 18)) 0.377ms
[71.507s][info][gc          ] Allocation Stall (Executor task launch worker for task 0.0 in stage 18.0 (TID 18)) 0.406ms
[71.508s][info][gc          ] Allocation Stall (Executor task launch worker for task 0.0 in stage 18.0 (TID 18)) 0.389ms
[71.511s][info][gc          ] Allocation Stall (Executor task launch worker for task 0.0 in stage 18.0 (TID 18)) 2.843ms
[71.519s][info][gc          ] Allocation Stall (Executor task launch worker for task 0.0 in stage 18.0 (TID 18)) 3.601ms
[71.604s][info][gc,phases   ] GC(267) Concurrent Relocate 101.972ms
[71.604s][info][gc,load     ] GC(267) Load: 1.92/1.12/0.51
[71.604s][info][gc,mmu      ] GC(267) MMU: 2ms/0.0%, 5ms/0.0%, 10ms/0.0%, 20ms/0.0%, 50ms/57.1%, 100ms/74.9%
[71.604s][info][gc,marking  ] GC(267) Mark: 1 stripe(s), 2 proactive flush(es), 1 terminate flush(es), 0 completion(s), 0 continuation(s) 
[71.604s][info][gc,reloc    ] GC(267) Relocation: Incomplete
[71.604s][info][gc,nmethod  ] GC(267) NMethods: 3394 registered, 0 unregistered
[71.604s][info][gc,metaspace] GC(267) Metaspace: 71M used, 76M capacity, 76M committed, 78M reserved
[71.604s][info][gc,ref      ] GC(267) Soft: 2536 encountered, 0 discovered, 0 enqueued
[71.604s][info][gc,ref      ] GC(267) Weak: 4609 encountered, 3624 discovered, 0 enqueued
[71.604s][info][gc,ref      ] GC(267) Final: 27 encountered, 0 discovered, 0 enqueued
[71.604s][info][gc,ref      ] GC(267) Phantom: 652 encountered, 648 discovered, 0 enqueued
[71.604s][info][gc,heap     ] GC(267)                Mark Start          Mark End        Relocate Start      Relocate End           High               Low         
[71.604s][info][gc,heap     ] GC(267)  Capacity:      500M (100%)        500M (100%)        500M (100%)        500M (100%)        500M (100%)        500M (100%)   
[71.604s][info][gc,heap     ] GC(267)   Reserve:       34M (7%)           34M (7%)           34M (7%)           34M (7%)           34M (7%)           32M (6%)     
[71.604s][info][gc,heap     ] GC(267)      Free:       86M (17%)           0M (0%)            0M (0%)           82M (16%)          90M (18%)           0M (0%)     
[71.604s][info][gc,heap     ] GC(267)      Used:      380M (76%)         466M (93%)         466M (93%)         384M (77%)         468M (94%)         376M (75%)    
[71.604s][info][gc,heap     ] GC(267)      Live:         -               103M (21%)         103M (21%)         103M (21%)            -                  -          
[71.604s][info][gc,heap     ] GC(267) Allocated:         -                86M (17%)          94M (19%)         266M (53%)            -                  -          
[71.604s][info][gc,heap     ] GC(267)   Garbage:         -               276M (55%)         270M (54%)          36M (7%)             -                  -          
[71.604s][info][gc,heap     ] GC(267) Reclaimed:         -                  -                 6M (1%)          240M (48%)            -                  -          
[71.604s][info][gc          ] GC(267) Garbage Collection (Allocation Rate) 380M(76%)->384M(77%)
[71.613s][info][gc,start    ] GC(268) Garbage Collection (Allocation Rate)
[71.621s][info][gc,phases   ] GC(268) Pause Mark Start 3.402ms
[71.786s][info][gc,phases   ] GC(268) Concurrent Mark 165.036ms
[71.787s][info][gc,phases   ] GC(268) Pause Mark End 0.465ms
[71.788s][info][gc,phases   ] GC(268) Concurrent Process Non-Strong References 1.490ms
[71.788s][info][gc,phases   ] GC(268) Concurrent Reset Relocation Set 0.218ms
[71.788s][info][gc,phases   ] GC(268) Concurrent Destroy Detached Pages 0.005ms
[71.790s][info][gc,phases   ] GC(268) Concurrent Select Relocation Set 1.515ms
[71.792s][info][gc,phases   ] GC(268) Concurrent Prepare Relocation Set 2.038ms
[71.795s][info][gc,phases   ] GC(268) Pause Relocate Start 3.118ms
[71.796s][info][gc          ] Allocation Stall (Executor task launch worker for task 0.0 in stage 18.0 (TID 18)) 132.065ms
[71.797s][info][gc          ] Allocation Stall (Spark Context Cleaner) 101.208ms
[71.798s][info][gc          ] Allocation Stall (RemoteBlock-temp-file-clean-thread) 60.615ms
[71.798s][info][gc          ] Allocation Stall (Executor task launch worker for task 0.0 in stage 18.0 (TID 18)) 0.847ms
[71.799s][info][gc          ] Allocation Stall (Executor task launch worker for task 0.0 in stage 18.0 (TID 18)) 0.370ms
[71.801s][info][gc          ] Allocation Stall (Executor task launch worker for task 0.0 in stage 18.0 (TID 18)) 0.439ms
[71.802s][info][gc          ] Allocation Stall (Executor task launch worker for task 0.0 in stage 18.0 (TID 18)) 0.417ms
[71.805s][info][gc          ] Allocation Stall (Executor task launch worker for task 0.0 in stage 18.0 (TID 18)) 2.586ms
[71.813s][info][gc          ] Allocation Stall (Executor task launch worker for task 0.0 in stage 18.0 (TID 18)) 3.989ms
[71.912s][info][gc,phases   ] GC(268) Concurrent Relocate 116.256ms
[71.912s][info][gc,load     ] GC(268) Load: 1.85/1.12/0.52
[71.912s][info][gc,mmu      ] GC(268) MMU: 2ms/0.0%, 5ms/0.0%, 10ms/0.0%, 20ms/0.0%, 50ms/57.1%, 100ms/74.9%
[71.912s][info][gc,marking  ] GC(268) Mark: 1 stripe(s), 2 proactive flush(es), 1 terminate flush(es), 0 completion(s), 0 continuation(s) 
[71.912s][info][gc,reloc    ] GC(268) Relocation: Incomplete
[71.912s][info][gc,nmethod  ] GC(268) NMethods: 3395 registered, 0 unregistered
[71.912s][info][gc,metaspace] GC(268) Metaspace: 71M used, 76M capacity, 76M committed, 78M reserved
[71.912s][info][gc,ref      ] GC(268) Soft: 2536 encountered, 0 discovered, 0 enqueued
[71.912s][info][gc,ref      ] GC(268) Weak: 4609 encountered, 3625 discovered, 0 enqueued
[71.912s][info][gc,ref      ] GC(268) Final: 27 encountered, 0 discovered, 0 enqueued
[71.912s][info][gc,ref      ] GC(268) Phantom: 652 encountered, 648 discovered, 0 enqueued
[71.912s][info][gc,heap     ] GC(268)                Mark Start          Mark End        Relocate Start      Relocate End           High               Low         
[71.912s][info][gc,heap     ] GC(268)  Capacity:      500M (100%)        500M (100%)        500M (100%)        500M (100%)        500M (100%)        500M (100%)   
[71.912s][info][gc,heap     ] GC(268)   Reserve:       34M (7%)           34M (7%)           34M (7%)           34M (7%)           34M (7%)           32M (6%)     
[71.912s][info][gc,heap     ] GC(268)      Free:       58M (12%)           0M (0%)            0M (0%)           78M (16%)          92M (18%)           0M (0%)     
[71.912s][info][gc,heap     ] GC(268)      Used:      408M (82%)         466M (93%)         466M (93%)         388M (78%)         468M (94%)         374M (75%)    
[71.912s][info][gc,heap     ] GC(268)      Live:         -               123M (25%)         123M (25%)         123M (25%)            -                  -          
[71.912s][info][gc,heap     ] GC(268) Allocated:         -                58M (12%)          58M (12%)         258M (52%)            -                  -          
[71.912s][info][gc,heap     ] GC(268)   Garbage:         -               284M (57%)         284M (57%)          34M (7%)             -                  -          
[71.912s][info][gc,heap     ] GC(268) Reclaimed:         -                  -                 0M (0%)          250M (50%)            -                  -          
[71.912s][info][gc          ] GC(268) Garbage Collection (Allocation Rate) 408M(82%)->388M(78%)
[71.913s][info][gc,start    ] GC(269) Garbage Collection (Allocation Rate)
[71.917s][info][gc,phases   ] GC(269) Pause Mark Start 3.510ms
[71.960s][info][gc,heap     ] Page Cache Flushed: 32M requested, 32M(72M->40M) flushed
[71.989s][info][gc,heap     ] Page Cache Flushed: 6M requested, 6M(38M->32M) flushed
[72.351s][info][gc,phases   ] GC(269) Concurrent Mark 434.552ms
[72.352s][info][gc,phases   ] GC(269) Pause Mark End 0.483ms
[72.354s][info][gc,phases   ] GC(269) Concurrent Process Non-Strong References 1.593ms
[72.354s][info][gc,phases   ] GC(269) Concurrent Reset Relocation Set 0.279ms
[72.354s][info][gc,phases   ] GC(269) Concurrent Destroy Detached Pages 0.019ms
[72.356s][info][gc,phases   ] GC(269) Concurrent Select Relocation Set 1.557ms
[72.357s][info][gc,phases   ] GC(269) Concurrent Prepare Relocation Set 1.346ms
[72.365s][info][gc,phases   ] GC(269) Pause Relocate Start 7.414ms
[72.366s][info][gc          ] Allocation Stall (Executor task launch worker for task 0.0 in stage 19.0 (TID 19)) 295.058ms
[72.371s][info][gc          ] Allocation Stall (driver-heartbeater) 87.939ms
[72.373s][info][gc          ] Allocation Stall (Executor task launch worker for task 0.0 in stage 19.0 (TID 19)) 5.872ms
[72.379s][info][gc          ] Allocation Stall (Executor task launch worker for task 0.0 in stage 19.0 (TID 19)) 4.071ms
[72.509s][info][gc,phases   ] GC(269) Concurrent Relocate 143.350ms
[72.509s][info][gc,load     ] GC(269) Load: 1.85/1.12/0.52
[72.509s][info][gc,mmu      ] GC(269) MMU: 2ms/0.0%, 5ms/0.0%, 10ms/0.0%, 20ms/0.0%, 50ms/57.1%, 100ms/74.9%
[72.509s][info][gc,marking  ] GC(269) Mark: 1 stripe(s), 2 proactive flush(es), 1 terminate flush(es), 0 completion(s), 0 continuation(s) 
[72.509s][info][gc,reloc    ] GC(269) Relocation: Successful, 22M relocated
[72.509s][info][gc,nmethod  ] GC(269) NMethods: 3432 registered, 0 unregistered
[72.509s][info][gc,metaspace] GC(269) Metaspace: 71M used, 76M capacity, 76M committed, 78M reserved
[72.509s][info][gc,ref      ] GC(269) Soft: 2537 encountered, 0 discovered, 0 enqueued
[72.509s][info][gc,ref      ] GC(269) Weak: 4605 encountered, 3667 discovered, 0 enqueued
[72.509s][info][gc,ref      ] GC(269) Final: 27 encountered, 0 discovered, 0 enqueued
[72.509s][info][gc,ref      ] GC(269) Phantom: 651 encountered, 647 discovered, 0 enqueued
[72.509s][info][gc,heap     ] GC(269)                Mark Start          Mark End        Relocate Start      Relocate End           High               Low         
[72.509s][info][gc,heap     ] GC(269)  Capacity:      500M (100%)        500M (100%)        500M (100%)        500M (100%)        500M (100%)        500M (100%)   
[72.509s][info][gc,heap     ] GC(269)   Reserve:       34M (7%)           34M (7%)           34M (7%)           34M (7%)           34M (7%)           32M (6%)     
[72.509s][info][gc,heap     ] GC(269)      Free:       78M (16%)           0M (0%)            0M (0%)           88M (18%)          94M (19%)           0M (0%)     
[72.509s][info][gc,heap     ] GC(269)      Used:      388M (78%)         466M (93%)         466M (93%)         378M (76%)         468M (94%)         372M (74%)    
[72.509s][info][gc,heap     ] GC(269)      Live:         -               140M (28%)         140M (28%)         140M (28%)            -                  -          
[72.509s][info][gc,heap     ] GC(269) Allocated:         -                78M (16%)          78M (16%)         224M (45%)            -                  -          
[72.509s][info][gc,heap     ] GC(269)   Garbage:         -               247M (50%)         247M (50%)          33M (7%)             -                  -          
[72.509s][info][gc,heap     ] GC(269) Reclaimed:         -                  -                 0M (0%)          214M (43%)            -                  -          
[72.509s][info][gc          ] GC(269) Garbage Collection (Allocation Rate) 388M(78%)->378M(76%)
[72.513s][info][gc,start    ] GC(270) Garbage Collection (Allocation Rate)
[72.519s][info][gc,phases   ] GC(270) Pause Mark Start 3.463ms
[72.607s][info][gc,phases   ] GC(270) Concurrent Mark 87.595ms
[72.607s][info][gc,phases   ] GC(270) Pause Mark End 0.443ms
[72.609s][info][gc,phases   ] GC(270) Concurrent Process Non-Strong References 1.468ms
[72.609s][info][gc,phases   ] GC(270) Concurrent Reset Relocation Set 0.199ms
[72.609s][info][gc,phases   ] GC(270) Concurrent Destroy Detached Pages 0.000ms
[72.609s][info][gc,heap     ] GC(270) Page Cache Flushed: 32M requested, 32M(34M->2M) flushed
[72.611s][info][gc          ] Allocation Stall (Executor task launch worker for task 0.0 in stage 19.0 (TID 19)) 23.420ms
[72.615s][info][gc          ] Allocation Stall (Executor task launch worker for task 0.0 in stage 19.0 (TID 19)) 0.222ms
[72.620s][info][gc,phases   ] GC(270) Concurrent Select Relocation Set 10.609ms
[72.621s][info][gc,phases   ] GC(270) Concurrent Prepare Relocation Set 0.926ms
[72.627s][info][gc,phases   ] GC(270) Pause Relocate Start 3.052ms
[72.692s][info][gc,phases   ] GC(270) Concurrent Relocate 65.258ms
[72.692s][info][gc,load     ] GC(270) Load: 1.85/1.12/0.52
[72.692s][info][gc,mmu      ] GC(270) MMU: 2ms/0.0%, 5ms/0.0%, 10ms/0.0%, 20ms/0.0%, 50ms/57.1%, 100ms/74.9%
[72.692s][info][gc,marking  ] GC(270) Mark: 1 stripe(s), 2 proactive flush(es), 1 terminate flush(es), 0 completion(s), 0 continuation(s) 
[72.692s][info][gc,reloc    ] GC(270) Relocation: Successful, 17M relocated
[72.692s][info][gc,nmethod  ] GC(270) NMethods: 3438 registered, 0 unregistered
[72.692s][info][gc,metaspace] GC(270) Metaspace: 71M used, 76M capacity, 76M committed, 78M reserved
[72.692s][info][gc,ref      ] GC(270) Soft: 2566 encountered, 0 discovered, 0 enqueued
[72.692s][info][gc,ref      ] GC(270) Weak: 4684 encountered, 3692 discovered, 77 enqueued
[72.692s][info][gc,ref      ] GC(270) Final: 27 encountered, 0 discovered, 0 enqueued
[72.692s][info][gc,ref      ] GC(270) Phantom: 652 encountered, 648 discovered, 0 enqueued
[72.692s][info][gc,heap     ] GC(270)                Mark Start          Mark End        Relocate Start      Relocate End           High               Low         
[72.692s][info][gc,heap     ] GC(270)  Capacity:      500M (100%)        500M (100%)        500M (100%)        500M (100%)        500M (100%)        500M (100%)   
[72.692s][info][gc,heap     ] GC(270)   Reserve:       34M (7%)           34M (7%)           34M (7%)           34M (7%)           34M (7%)           34M (7%)     
[72.692s][info][gc,heap     ] GC(270)      Free:       88M (18%)           4M (1%)           72M (14%)         216M (43%)         224M (45%)           0M (0%)     
[72.692s][info][gc,heap     ] GC(270)      Used:      378M (76%)         462M (92%)         394M (79%)         250M (50%)         466M (93%)         242M (48%)    
[72.692s][info][gc,heap     ] GC(270)      Live:         -                41M (8%)           41M (8%)           41M (8%)             -                  -          
[72.692s][info][gc,heap     ] GC(270) Allocated:         -                84M (17%)         126M (25%)         222M (44%)            -                  -          
[72.692s][info][gc,heap     ] GC(270)   Garbage:         -               336M (67%)         226M (45%)           2M (0%)             -                  -          
[72.692s][info][gc,heap     ] GC(270) Reclaimed:         -                  -               110M (22%)         334M (67%)            -                  -          
[72.692s][info][gc          ] GC(270) Garbage Collection (Allocation Rate) 378M(76%)->250M(50%)
[72.713s][info][gc,start    ] GC(271) Garbage Collection (Allocation Rate)
[72.719s][info][gc,phases   ] GC(271) Pause Mark Start 3.427ms
[72.795s][info][gc,heap     ] Page Cache Flushed: 2M requested, 10M(74M->64M) flushed
[72.805s][info][gc,heap     ] Page Cache Flushed: 2M requested, 32M(64M->32M) flushed
[72.839s][info][gc,heap     ] Page Cache Flushed: 2M requested, 32M(32M->0M) flushed
[72.881s][info][gc,phases   ] GC(271) Concurrent Mark 161.864ms
[72.882s][info][gc,phases   ] GC(271) Pause Mark End 0.456ms
[72.884s][info][gc,phases   ] GC(271) Concurrent Process Non-Strong References 1.747ms
[72.884s][info][gc,phases   ] GC(271) Concurrent Reset Relocation Set 0.022ms
[72.884s][info][gc,phases   ] GC(271) Concurrent Destroy Detached Pages 0.019ms
[72.886s][info][gc,phases   ] GC(271) Concurrent Select Relocation Set 1.501ms
[72.886s][info][gc,phases   ] GC(271) Concurrent Prepare Relocation Set 0.936ms
[72.890s][info][gc,phases   ] GC(271) Pause Relocate Start 2.946ms
[72.890s][info][gc          ] Allocation Stall (Executor task launch worker for task 0.0 in stage 19.0 (TID 19)) 14.472ms
[72.891s][info][gc          ] Allocation Stall (Executor task launch worker for task 0.0 in stage 19.0 (TID 19)) 0.276ms
[72.895s][info][gc          ] Allocation Stall (Executor task launch worker for task 0.0 in stage 19.0 (TID 19)) 0.407ms
[72.896s][info][gc          ] Allocation Stall (Executor task launch worker for task 0.0 in stage 19.0 (TID 19)) 0.331ms
[72.897s][info][gc          ] Allocation Stall (Executor task launch worker for task 0.0 in stage 19.0 (TID 19)) 0.363ms
[72.899s][info][gc          ] Allocation Stall (Executor task launch worker for task 0.0 in stage 19.0 (TID 19)) 1.192ms
[72.907s][info][gc          ] Allocation Stall (Executor task launch worker for task 0.0 in stage 19.0 (TID 19)) 5.660ms
[72.992s][info][gc,phases   ] GC(271) Concurrent Relocate 101.871ms
[72.992s][info][gc,load     ] GC(271) Load: 1.85/1.12/0.52
[72.992s][info][gc,mmu      ] GC(271) MMU: 2ms/0.0%, 5ms/0.0%, 10ms/0.0%, 20ms/0.0%, 50ms/57.1%, 100ms/74.9%
[72.992s][info][gc,marking  ] GC(271) Mark: 1 stripe(s), 2 proactive flush(es), 1 terminate flush(es), 0 completion(s), 0 continuation(s) 
[72.992s][info][gc,reloc    ] GC(271) Relocation: Successful, 24M relocated
[72.992s][info][gc,nmethod  ] GC(271) NMethods: 3438 registered, 0 unregistered
[72.992s][info][gc,metaspace] GC(271) Metaspace: 71M used, 76M capacity, 76M committed, 78M reserved
[72.992s][info][gc,ref      ] GC(271) Soft: 2566 encountered, 0 discovered, 0 enqueued
[72.992s][info][gc,ref      ] GC(271) Weak: 4616 encountered, 3626 discovered, 1 enqueued
[72.992s][info][gc,ref      ] GC(271) Final: 27 encountered, 0 discovered, 0 enqueued
[72.992s][info][gc,ref      ] GC(271) Phantom: 652 encountered, 648 discovered, 0 enqueued
[72.992s][info][gc,heap     ] GC(271)                Mark Start          Mark End        Relocate Start      Relocate End           High               Low         
[72.992s][info][gc,heap     ] GC(271)  Capacity:      500M (100%)        500M (100%)        500M (100%)        500M (100%)        500M (100%)        500M (100%)   
[72.992s][info][gc,heap     ] GC(271)   Reserve:       34M (7%)           34M (7%)           34M (7%)           34M (7%)           34M (7%)           32M (6%)     
[72.992s][info][gc,heap     ] GC(271)      Free:      156M (31%)           0M (0%)            0M (0%)           84M (17%)         156M (31%)           0M (0%)     
[72.992s][info][gc,heap     ] GC(271)      Used:      310M (62%)         466M (93%)         466M (93%)         382M (76%)         468M (94%)         310M (62%)    
[72.992s][info][gc,heap     ] GC(271)      Live:         -                59M (12%)          59M (12%)          59M (12%)            -                  -          
[72.992s][info][gc,heap     ] GC(271) Allocated:         -               156M (31%)         156M (31%)         310M (62%)            -                  -          
[72.992s][info][gc,heap     ] GC(271)   Garbage:         -               250M (50%)         250M (50%)          30M (6%)             -                  -          
[72.992s][info][gc,heap     ] GC(271) Reclaimed:         -                  -                 0M (0%)          220M (44%)            -                  -          
[72.992s][info][gc          ] GC(271) Garbage Collection (Allocation Rate) 310M(62%)->382M(76%)
[73.013s][info][gc,start    ] GC(272) Garbage Collection (Allocation Rate)
[73.022s][info][gc,phases   ] GC(272) Pause Mark Start 5.795ms
[73.193s][info][gc,phases   ] GC(272) Concurrent Mark 170.872ms
[73.194s][info][gc,phases   ] GC(272) Pause Mark End 0.456ms
[73.196s][info][gc,phases   ] GC(272) Concurrent Process Non-Strong References 1.501ms
[73.196s][info][gc,phases   ] GC(272) Concurrent Reset Relocation Set 0.201ms
[73.196s][info][gc,phases   ] GC(272) Concurrent Destroy Detached Pages 0.001ms
[73.197s][info][gc,phases   ] GC(272) Concurrent Select Relocation Set 1.509ms
[73.200s][info][gc,phases   ] GC(272) Concurrent Prepare Relocation Set 2.402ms
[73.203s][info][gc,phases   ] GC(272) Pause Relocate Start 2.859ms
[73.203s][info][gc          ] Allocation Stall (Executor task launch worker for task 0.0 in stage 19.0 (TID 19)) 149.938ms
[73.204s][info][gc          ] Allocation Stall (Executor task launch worker for task 0.0 in stage 19.0 (TID 19)) 0.254ms
[73.205s][info][gc          ] Allocation Stall (Executor task launch worker for task 0.0 in stage 19.0 (TID 19)) 0.352ms
[73.206s][info][gc          ] Allocation Stall (Executor task launch worker for task 0.0 in stage 19.0 (TID 19)) 0.347ms
[73.208s][info][gc          ] Allocation Stall (Executor task launch worker for task 0.0 in stage 19.0 (TID 19)) 0.369ms
[73.215s][info][gc          ] Allocation Stall (Executor task launch worker for task 0.0 in stage 19.0 (TID 19)) 7.020ms
[73.294s][info][gc,heap     ] Page Cache Flushed: 10M requested, 10M(48M->38M) flushed
[73.372s][info][gc,phases   ] GC(272) Concurrent Relocate 168.790ms
[73.372s][info][gc,load     ] GC(272) Load: 1.85/1.12/0.52
[73.372s][info][gc,mmu      ] GC(272) MMU: 2ms/0.0%, 5ms/0.0%, 10ms/0.0%, 20ms/0.0%, 50ms/57.1%, 100ms/74.9%
[73.372s][info][gc,marking  ] GC(272) Mark: 1 stripe(s), 2 proactive flush(es), 1 terminate flush(es), 0 completion(s), 0 continuation(s) 
[73.372s][info][gc,reloc    ] GC(272) Relocation: Successful, 31M relocated
[73.372s][info][gc,nmethod  ] GC(272) NMethods: 3438 registered, 0 unregistered
[73.372s][info][gc,metaspace] GC(272) Metaspace: 71M used, 76M capacity, 76M committed, 78M reserved
[73.372s][info][gc,ref      ] GC(272) Soft: 2566 encountered, 0 discovered, 0 enqueued
[73.372s][info][gc,ref      ] GC(272) Weak: 4615 encountered, 3625 discovered, 0 enqueued
[73.372s][info][gc,ref      ] GC(272) Final: 27 encountered, 0 discovered, 0 enqueued
[73.372s][info][gc,ref      ] GC(272) Phantom: 652 encountered, 648 discovered, 0 enqueued
[73.372s][info][gc,heap     ] GC(272)                Mark Start          Mark End        Relocate Start      Relocate End           High               Low         
[73.372s][info][gc,heap     ] GC(272)  Capacity:      500M (100%)        500M (100%)        500M (100%)        500M (100%)        500M (100%)        500M (100%)   
[73.372s][info][gc,heap     ] GC(272)   Reserve:       34M (7%)           34M (7%)           34M (7%)           34M (7%)           34M (7%)           32M (6%)     
[73.372s][info][gc,heap     ] GC(272)      Free:       22M (4%)            0M (0%)            0M (0%)          180M (36%)         200M (40%)           0M (0%)     
[73.372s][info][gc,heap     ] GC(272)      Used:      444M (89%)         466M (93%)         466M (93%)         286M (57%)         468M (94%)         266M (53%)    
[73.372s][info][gc,heap     ] GC(272)      Live:         -                88M (18%)          88M (18%)          88M (18%)            -                  -          
[73.372s][info][gc,heap     ] GC(272) Allocated:         -                22M (4%)           22M (4%)          192M (38%)            -                  -          
[73.372s][info][gc,heap     ] GC(272)   Garbage:         -               355M (71%)         355M (71%)          31M (6%)             -                  -          
[73.372s][info][gc,heap     ] GC(272) Reclaimed:         -                  -                 0M (0%)          324M (65%)            -                  -          
[73.372s][info][gc          ] GC(272) Garbage Collection (Allocation Rate) 444M(89%)->286M(57%)
[73.413s][info][gc,start    ] GC(273) Garbage Collection (Allocation Rate)
[73.421s][info][gc,phases   ] GC(273) Pause Mark Start 5.498ms
[73.580s][info][gc,phases   ] GC(273) Concurrent Mark 159.186ms
[73.581s][info][gc,phases   ] GC(273) Pause Mark End 0.524ms
[73.583s][info][gc,phases   ] GC(273) Concurrent Process Non-Strong References 1.458ms
[73.583s][info][gc,phases   ] GC(273) Concurrent Reset Relocation Set 0.364ms
[73.583s][info][gc,phases   ] GC(273) Concurrent Destroy Detached Pages 0.009ms
[73.585s][info][gc          ] Allocation Stall (Executor task launch worker for task 0.0 in stage 19.0 (TID 19)) 115.966ms
[73.585s][info][gc,heap     ] Page Cache Flushed: 2M requested, 6M(6M->0M) flushed
[73.587s][info][gc,phases   ] GC(273) Concurrent Select Relocation Set 3.658ms
[73.589s][info][gc,phases   ] GC(273) Concurrent Prepare Relocation Set 2.097ms
[73.594s][info][gc,phases   ] GC(273) Pause Relocate Start 3.992ms
[73.596s][info][gc          ] Allocation Stall (Executor task launch worker for task 0.0 in stage 19.0 (TID 19)) 0.539ms
[73.598s][info][gc          ] Allocation Stall (Executor task launch worker for task 0.0 in stage 19.0 (TID 19)) 0.350ms
[73.599s][info][gc          ] Allocation Stall (Executor task launch worker for task 0.0 in stage 19.0 (TID 19)) 0.402ms
[73.600s][info][gc          ] Allocation Stall (Executor task launch worker for task 0.0 in stage 19.0 (TID 19)) 0.381ms
[73.601s][info][gc          ] Allocation Stall (Executor task launch worker for task 0.0 in stage 19.0 (TID 19)) 0.401ms
[73.602s][info][gc          ] Allocation Stall (Executor task launch worker for task 0.0 in stage 19.0 (TID 19)) 0.393ms
[73.606s][info][gc          ] Allocation Stall (Executor task launch worker for task 0.0 in stage 19.0 (TID 19)) 3.553ms
[73.623s][info][gc          ] Allocation Stall (Executor task launch worker for task 0.0 in stage 19.0 (TID 19)) 5.718ms
[73.707s][info][gc,phases   ] GC(273) Concurrent Relocate 110.808ms
[73.707s][info][gc,load     ] GC(273) Load: 1.85/1.12/0.52
[73.707s][info][gc,mmu      ] GC(273) MMU: 2ms/0.0%, 5ms/0.0%, 10ms/0.0%, 20ms/0.0%, 50ms/57.1%, 100ms/74.9%
[73.707s][info][gc,marking  ] GC(273) Mark: 1 stripe(s), 2 proactive flush(es), 1 terminate flush(es), 0 completion(s), 0 continuation(s) 
[73.707s][info][gc,reloc    ] GC(273) Relocation: Successful, 25M relocated
[73.707s][info][gc,nmethod  ] GC(273) NMethods: 3439 registered, 0 unregistered
[73.707s][info][gc,metaspace] GC(273) Metaspace: 71M used, 76M capacity, 76M committed, 78M reserved
[73.707s][info][gc,ref      ] GC(273) Soft: 2566 encountered, 0 discovered, 0 enqueued
[73.707s][info][gc,ref      ] GC(273) Weak: 4615 encountered, 3619 discovered, 0 enqueued
[73.707s][info][gc,ref      ] GC(273) Final: 27 encountered, 0 discovered, 0 enqueued
[73.707s][info][gc,ref      ] GC(273) Phantom: 652 encountered, 648 discovered, 0 enqueued
[73.707s][info][gc,heap     ] GC(273)                Mark Start          Mark End        Relocate Start      Relocate End           High               Low         
[73.707s][info][gc,heap     ] GC(273)  Capacity:      500M (100%)        500M (100%)        500M (100%)        500M (100%)        500M (100%)        500M (100%)   
[73.707s][info][gc,heap     ] GC(273)   Reserve:       34M (7%)           34M (7%)           34M (7%)           34M (7%)           34M (7%)           32M (6%)     
[73.707s][info][gc,heap     ] GC(273)      Free:       64M (13%)           0M (0%)            2M (0%)           84M (17%)          90M (18%)           0M (0%)     
[73.707s][info][gc,heap     ] GC(273)      Used:      402M (80%)         466M (93%)         464M (93%)         382M (76%)         468M (94%)         376M (75%)    
[73.707s][info][gc,heap     ] GC(273)      Live:         -               112M (22%)         112M (22%)         112M (22%)            -                  -          
[73.707s][info][gc,heap     ] GC(273) Allocated:         -                64M (13%)          68M (14%)         258M (52%)            -                  -          
[73.707s][info][gc,heap     ] GC(273)   Garbage:         -               289M (58%)         283M (57%)          33M (7%)             -                  -          
[73.707s][info][gc,heap     ] GC(273) Reclaimed:         -                  -                 6M (1%)          256M (51%)            -                  -          
[73.707s][info][gc          ] GC(273) Garbage Collection (Allocation Rate) 402M(80%)->382M(76%)
[73.713s][info][gc,start    ] GC(274) Garbage Collection (Allocation Rate)
[73.719s][info][gc,phases   ] GC(274) Pause Mark Start 3.408ms
[73.894s][info][gc,phases   ] GC(274) Concurrent Mark 174.840ms
[73.895s][info][gc,phases   ] GC(274) Pause Mark End 0.521ms
[73.896s][info][gc,phases   ] GC(274) Concurrent Process Non-Strong References 1.437ms
[73.897s][info][gc,phases   ] GC(274) Concurrent Reset Relocation Set 0.257ms
[73.897s][info][gc,phases   ] GC(274) Concurrent Destroy Detached Pages 0.005ms
[73.898s][info][gc,phases   ] GC(274) Concurrent Select Relocation Set 1.509ms
[73.900s][info][gc,phases   ] GC(274) Concurrent Prepare Relocation Set 1.698ms
[73.903s][info][gc,phases   ] GC(274) Pause Relocate Start 2.868ms
[73.904s][info][gc          ] Allocation Stall (Executor task launch worker for task 0.0 in stage 19.0 (TID 19)) 132.686ms
[73.905s][info][gc          ] Allocation Stall (RemoteBlock-temp-file-clean-thread) 106.005ms
[73.905s][info][gc          ] Allocation Stall (Executor task launch worker for task 0.0 in stage 19.0 (TID 19)) 0.764ms
[73.907s][info][gc          ] Allocation Stall (Executor task launch worker for task 0.0 in stage 19.0 (TID 19)) 0.377ms
[73.908s][info][gc          ] Allocation Stall (Executor task launch worker for task 0.0 in stage 19.0 (TID 19)) 0.398ms
[73.909s][info][gc          ] Allocation Stall (Executor task launch worker for task 0.0 in stage 19.0 (TID 19)) 0.449ms
[73.913s][info][gc          ] Allocation Stall (Executor task launch worker for task 0.0 in stage 19.0 (TID 19)) 2.878ms
[73.923s][info][gc          ] Allocation Stall (Executor task launch worker for task 0.0 in stage 19.0 (TID 19)) 4.973ms
[74.024s][info][gc,phases   ] GC(274) Concurrent Relocate 120.515ms
[74.024s][info][gc,load     ] GC(274) Load: 1.85/1.12/0.52
[74.024s][info][gc,mmu      ] GC(274) MMU: 2ms/0.0%, 5ms/0.0%, 10ms/0.0%, 20ms/0.0%, 50ms/57.1%, 100ms/74.9%
[74.024s][info][gc,marking  ] GC(274) Mark: 1 stripe(s), 2 proactive flush(es), 1 terminate flush(es), 0 completion(s), 0 continuation(s) 
[74.024s][info][gc,reloc    ] GC(274) Relocation: Successful, 24M relocated
[74.024s][info][gc,nmethod  ] GC(274) NMethods: 3441 registered, 0 unregistered
[74.024s][info][gc,metaspace] GC(274) Metaspace: 72M used, 76M capacity, 76M committed, 78M reserved
[74.024s][info][gc,ref      ] GC(274) Soft: 2566 encountered, 0 discovered, 0 enqueued
[74.024s][info][gc,ref      ] GC(274) Weak: 4615 encountered, 3625 discovered, 0 enqueued
[74.024s][info][gc,ref      ] GC(274) Final: 27 encountered, 0 discovered, 0 enqueued
[74.024s][info][gc,ref      ] GC(274) Phantom: 652 encountered, 648 discovered, 0 enqueued
[74.024s][info][gc,heap     ] GC(274)                Mark Start          Mark End        Relocate Start      Relocate End           High               Low         
[74.024s][info][gc,heap     ] GC(274)  Capacity:      500M (100%)        500M (100%)        500M (100%)        500M (100%)        500M (100%)        500M (100%)   
[74.024s][info][gc,heap     ] GC(274)   Reserve:       34M (7%)           34M (7%)           34M (7%)           34M (7%)           34M (7%)           32M (6%)     
[74.024s][info][gc,heap     ] GC(274)      Free:       66M (13%)           0M (0%)            0M (0%)          146M (29%)         146M (29%)           0M (0%)     
[74.024s][info][gc,heap     ] GC(274)      Used:      400M (80%)         466M (93%)         466M (93%)         320M (64%)         468M (94%)         320M (64%)    
[74.024s][info][gc,heap     ] GC(274)      Live:         -               131M (26%)         131M (26%)         131M (26%)            -                  -          
[74.024s][info][gc,heap     ] GC(274) Allocated:         -                66M (13%)          66M (13%)         178M (36%)            -                  -          
[74.024s][info][gc,heap     ] GC(274)   Garbage:         -               268M (54%)         268M (54%)          32M (7%)             -                  -          
[74.024s][info][gc,heap     ] GC(274) Reclaimed:         -                  -                 0M (0%)          236M (47%)            -                  -          
[74.024s][info][gc          ] GC(274) Garbage Collection (Allocation Rate) 400M(80%)->320M(64%)
[74.114s][info][gc,start    ] GC(275) Garbage Collection (Allocation Rate)
[74.120s][info][gc,phases   ] GC(275) Pause Mark Start 3.435ms
[74.332s][info][gc,phases   ] GC(275) Concurrent Mark 212.671ms
[74.333s][info][gc,phases   ] GC(275) Pause Mark End 0.491ms
[74.335s][info][gc,phases   ] GC(275) Concurrent Process Non-Strong References 1.481ms
[74.335s][info][gc,phases   ] GC(275) Concurrent Reset Relocation Set 0.229ms
[74.335s][info][gc,phases   ] GC(275) Concurrent Destroy Detached Pages 0.001ms
[74.337s][info][gc,phases   ] GC(275) Concurrent Select Relocation Set 1.515ms
[74.337s][info][gc,phases   ] GC(275) Concurrent Prepare Relocation Set 0.726ms
[74.341s][info][gc,phases   ] GC(275) Pause Relocate Start 2.916ms
[74.341s][info][gc          ] Allocation Stall (Executor task launch worker for task 0.0 in stage 19.0 (TID 19)) 148.532ms
[74.397s][info][gc,phases   ] GC(275) Concurrent Relocate 53.792ms
[74.397s][info][gc,load     ] GC(275) Load: 1.85/1.12/0.52
[74.397s][info][gc,mmu      ] GC(275) MMU: 2ms/0.0%, 5ms/0.0%, 10ms/0.0%, 20ms/0.0%, 50ms/57.1%, 100ms/74.9%
[74.397s][info][gc,marking  ] GC(275) Mark: 1 stripe(s), 2 proactive flush(es), 1 terminate flush(es), 0 completion(s), 0 continuation(s) 
[74.397s][info][gc,reloc    ] GC(275) Relocation: Successful, 15M relocated
[74.397s][info][gc,nmethod  ] GC(275) NMethods: 3441 registered, 0 unregistered
[74.397s][info][gc,metaspace] GC(275) Metaspace: 72M used, 76M capacity, 76M committed, 78M reserved
[74.397s][info][gc,ref      ] GC(275) Soft: 2567 encountered, 0 discovered, 0 enqueued
[74.397s][info][gc,ref      ] GC(275) Weak: 4615 encountered, 3625 discovered, 0 enqueued
[74.397s][info][gc,ref      ] GC(275) Final: 27 encountered, 0 discovered, 0 enqueued
[74.397s][info][gc,ref      ] GC(275) Phantom: 652 encountered, 648 discovered, 0 enqueued
[74.397s][info][gc,heap     ] GC(275)                Mark Start          Mark End        Relocate Start      Relocate End           High               Low         
[74.397s][info][gc,heap     ] GC(275)  Capacity:      500M (100%)        500M (100%)        500M (100%)        500M (100%)        500M (100%)        500M (100%)   
[74.397s][info][gc,heap     ] GC(275)   Reserve:       34M (7%)           34M (7%)           34M (7%)           34M (7%)           34M (7%)           34M (7%)     
[74.397s][info][gc,heap     ] GC(275)      Free:       40M (8%)            0M (0%)          126M (25%)         214M (43%)         220M (44%)           0M (0%)     
[74.397s][info][gc,heap     ] GC(275)      Used:      426M (85%)         466M (93%)         340M (68%)         252M (50%)         466M (93%)         246M (49%)    
[74.397s][info][gc,heap     ] GC(275)      Live:         -               140M (28%)         140M (28%)         140M (28%)            -                  -          
[74.397s][info][gc,heap     ] GC(275) Allocated:         -                40M (8%)           42M (8%)           90M (18%)            -                  -          
[74.397s][info][gc,heap     ] GC(275)   Garbage:         -               285M (57%)         157M (32%)          33M (7%)             -                  -          
[74.397s][info][gc,heap     ] GC(275) Reclaimed:         -                  -               128M (26%)         252M (50%)            -                  -          
[74.397s][info][gc          ] GC(275) Garbage Collection (Allocation Rate) 426M(85%)->252M(50%)
[74.413s][info][gc,start    ] GC(276) Garbage Collection (Allocation Rate)
[74.420s][info][gc,phases   ] GC(276) Pause Mark Start 3.374ms
[74.713s][info][gc,phases   ] GC(276) Concurrent Mark 293.617ms
[74.717s][info][gc,phases   ] GC(276) Pause Mark End 0.442ms
[74.719s][info][gc,phases   ] GC(276) Concurrent Process Non-Strong References 1.550ms
[74.719s][info][gc,phases   ] GC(276) Concurrent Reset Relocation Set 0.022ms
[74.719s][info][gc,phases   ] GC(276) Concurrent Destroy Detached Pages 0.001ms
[74.720s][info][gc,phases   ] GC(276) Concurrent Select Relocation Set 1.536ms
[74.720s][info][gc,phases   ] GC(276) Concurrent Prepare Relocation Set 0.016ms
[74.724s][info][gc,phases   ] GC(276) Pause Relocate Start 2.957ms
[74.733s][info][gc,phases   ] GC(276) Concurrent Relocate 9.528ms
[74.733s][info][gc,load     ] GC(276) Load: 1.85/1.12/0.52
[74.733s][info][gc,mmu      ] GC(276) MMU: 2ms/0.0%, 5ms/0.0%, 10ms/0.0%, 20ms/0.0%, 50ms/57.1%, 100ms/74.9%
[74.733s][info][gc,marking  ] GC(276) Mark: 1 stripe(s), 2 proactive flush(es), 1 terminate flush(es), 0 completion(s), 0 continuation(s) 
[74.733s][info][gc,reloc    ] GC(276) Relocation: Successful, 5M relocated
[74.733s][info][gc,nmethod  ] GC(276) NMethods: 3441 registered, 0 unregistered
[74.733s][info][gc,metaspace] GC(276) Metaspace: 72M used, 76M capacity, 76M committed, 78M reserved
[74.733s][info][gc,ref      ] GC(276) Soft: 2567 encountered, 0 discovered, 0 enqueued
[74.733s][info][gc,ref      ] GC(276) Weak: 4615 encountered, 3625 discovered, 0 enqueued
[74.733s][info][gc,ref      ] GC(276) Final: 27 encountered, 0 discovered, 0 enqueued
[74.733s][info][gc,ref      ] GC(276) Phantom: 652 encountered, 648 discovered, 0 enqueued
[74.734s][info][gc,heap     ] GC(276)                Mark Start          Mark End        Relocate Start      Relocate End           High               Low         
[74.734s][info][gc,heap     ] GC(276)  Capacity:      500M (100%)        500M (100%)        500M (100%)        500M (100%)        500M (100%)        500M (100%)   
[74.734s][info][gc,heap     ] GC(276)   Reserve:       34M (7%)           34M (7%)           34M (7%)           34M (7%)           34M (7%)           34M (7%)     
[74.734s][info][gc,heap     ] GC(276)      Free:      196M (39%)          22M (4%)          108M (22%)         112M (22%)         196M (39%)          22M (4%)     
[74.734s][info][gc,heap     ] GC(276)      Used:      270M (54%)         444M (89%)         358M (72%)         354M (71%)         444M (89%)         270M (54%)    
[74.734s][info][gc,heap     ] GC(276)      Live:         -               140M (28%)         140M (28%)         140M (28%)            -                  -          
[74.734s][info][gc,heap     ] GC(276) Allocated:         -               174M (35%)         174M (35%)         182M (36%)            -                  -          
[74.734s][info][gc,heap     ] GC(276)   Garbage:         -               129M (26%)          43M (9%)           33M (7%)             -                  -          
[74.734s][info][gc,heap     ] GC(276) Reclaimed:         -                  -                86M (17%)          96M (19%)            -                  -          
[74.734s][info][gc          ] GC(276) Garbage Collection (Allocation Rate) 270M(54%)->354M(71%)
[74.813s][info][gc,start    ] GC(277) Garbage Collection (Allocation Rate)
[74.819s][info][gc,phases   ] GC(277) Pause Mark Start 3.536ms
[75.004s][info][gc,phases   ] GC(277) Concurrent Mark 184.084ms
[75.004s][info][gc,phases   ] GC(277) Pause Mark End 0.437ms
[75.006s][info][gc,phases   ] GC(277) Concurrent Process Non-Strong References 1.466ms
[75.006s][info][gc,phases   ] GC(277) Concurrent Reset Relocation Set 0.003ms
[75.006s][info][gc,phases   ] GC(277) Concurrent Destroy Detached Pages 0.000ms
[75.007s][info][gc          ] Allocation Stall (Executor task launch worker for task 0.0 in stage 19.0 (TID 19)) 159.533ms
[75.010s][info][gc          ] Allocation Stall (Spark Context Cleaner) 150.467ms
[75.011s][info][gc          ] Allocation Stall (RemoteBlock-temp-file-clean-thread) 105.499ms
[75.011s][info][gc,phases   ] GC(277) Concurrent Select Relocation Set 5.511ms
[75.011s][info][gc,phases   ] GC(277) Concurrent Prepare Relocation Set 0.019ms
[75.017s][info][gc,phases   ] GC(277) Pause Relocate Start 2.807ms
[75.020s][info][gc,phases   ] GC(277) Concurrent Relocate 3.246ms
[75.020s][info][gc,load     ] GC(277) Load: 1.85/1.12/0.52
[75.020s][info][gc,mmu      ] GC(277) MMU: 2ms/0.0%, 5ms/0.0%, 10ms/0.0%, 20ms/0.0%, 50ms/57.1%, 100ms/74.9%
[75.020s][info][gc,marking  ] GC(277) Mark: 1 stripe(s), 2 proactive flush(es), 1 terminate flush(es), 0 completion(s), 0 continuation(s) 
[75.020s][info][gc,reloc    ] GC(277) Relocation: Successful, 5M relocated
[75.020s][info][gc,nmethod  ] GC(277) NMethods: 3441 registered, 0 unregistered
[75.020s][info][gc,metaspace] GC(277) Metaspace: 72M used, 76M capacity, 76M committed, 78M reserved
[75.020s][info][gc,ref      ] GC(277) Soft: 2567 encountered, 0 discovered, 0 enqueued
[75.020s][info][gc,ref      ] GC(277) Weak: 4606 encountered, 3613 discovered, 0 enqueued
[75.020s][info][gc,ref      ] GC(277) Final: 27 encountered, 0 discovered, 0 enqueued
[75.020s][info][gc,ref      ] GC(277) Phantom: 652 encountered, 648 discovered, 0 enqueued
[75.020s][info][gc,heap     ] GC(277)                Mark Start          Mark End        Relocate Start      Relocate End           High               Low         
[75.020s][info][gc,heap     ] GC(277)  Capacity:      500M (100%)        500M (100%)        500M (100%)        500M (100%)        500M (100%)        500M (100%)   
[75.020s][info][gc,heap     ] GC(277)   Reserve:       34M (7%)           34M (7%)           34M (7%)           34M (7%)           34M (7%)           34M (7%)     
[75.020s][info][gc,heap     ] GC(277)      Free:       16M (3%)            0M (0%)          262M (52%)         268M (54%)         268M (54%)           0M (0%)     
[75.020s][info][gc,heap     ] GC(277)      Used:      450M (90%)         466M (93%)         204M (41%)         198M (40%)         466M (93%)         198M (40%)    
[75.020s][info][gc,heap     ] GC(277)      Live:         -               140M (28%)         140M (28%)         140M (28%)            -                  -          
[75.020s][info][gc,heap     ] GC(277) Allocated:         -                16M (3%)           26M (5%)           30M (6%)             -                  -          
[75.020s][info][gc,heap     ] GC(277)   Garbage:         -               309M (62%)          41M (8%)           33M (7%)             -                  -          
[75.020s][info][gc,heap     ] GC(277) Reclaimed:         -                  -               268M (54%)         276M (55%)            -                  -          
[75.020s][info][gc          ] GC(277) Garbage Collection (Allocation Rate) 450M(90%)->198M(40%)
[75.113s][info][gc,start    ] GC(278) Garbage Collection (Allocation Rate)
[75.120s][info][gc,phases   ] GC(278) Pause Mark Start 3.423ms
[75.407s][info][gc,phases   ] GC(278) Concurrent Mark 287.289ms
[75.408s][info][gc,phases   ] GC(278) Pause Mark End 0.434ms
[75.409s][info][gc,phases   ] GC(278) Concurrent Process Non-Strong References 1.469ms
[75.409s][info][gc,phases   ] GC(278) Concurrent Reset Relocation Set 0.003ms
[75.409s][info][gc,phases   ] GC(278) Concurrent Destroy Detached Pages 0.001ms
[75.411s][info][gc,phases   ] GC(278) Concurrent Select Relocation Set 1.549ms
[75.411s][info][gc,phases   ] GC(278) Concurrent Prepare Relocation Set 0.016ms
[75.414s][info][gc,phases   ] GC(278) Pause Relocate Start 2.800ms
[75.414s][info][gc          ] Allocation Stall (Executor task launch worker for task 0.0 in stage 19.0 (TID 19)) 22.379ms
[75.420s][info][gc,phases   ] GC(278) Concurrent Relocate 4.796ms
[75.420s][info][gc,load     ] GC(278) Load: 1.85/1.12/0.52
[75.420s][info][gc,mmu      ] GC(278) MMU: 2ms/0.0%, 5ms/0.0%, 10ms/0.0%, 20ms/0.0%, 50ms/57.1%, 100ms/74.9%
[75.420s][info][gc,marking  ] GC(278) Mark: 1 stripe(s), 2 proactive flush(es), 1 terminate flush(es), 0 completion(s), 0 continuation(s) 
[75.420s][info][gc,reloc    ] GC(278) Relocation: Successful, 5M relocated
[75.420s][info][gc,nmethod  ] GC(278) NMethods: 3441 registered, 0 unregistered
[75.420s][info][gc,metaspace] GC(278) Metaspace: 72M used, 76M capacity, 76M committed, 78M reserved
[75.420s][info][gc,ref      ] GC(278) Soft: 2567 encountered, 0 discovered, 0 enqueued
[75.420s][info][gc,ref      ] GC(278) Weak: 4606 encountered, 3614 discovered, 0 enqueued
[75.420s][info][gc,ref      ] GC(278) Final: 27 encountered, 0 discovered, 0 enqueued
[75.420s][info][gc,ref      ] GC(278) Phantom: 652 encountered, 648 discovered, 0 enqueued
[75.420s][info][gc,heap     ] GC(278)                Mark Start          Mark End        Relocate Start      Relocate End           High               Low         
[75.420s][info][gc,heap     ] GC(278)  Capacity:      500M (100%)        500M (100%)        500M (100%)        500M (100%)        500M (100%)        500M (100%)   
[75.420s][info][gc,heap     ] GC(278)   Reserve:       34M (7%)           34M (7%)           34M (7%)           34M (7%)           34M (7%)           34M (7%)     
[75.420s][info][gc,heap     ] GC(278)      Free:      154M (31%)           0M (0%)          130M (26%)         132M (26%)         154M (31%)           0M (0%)     
[75.420s][info][gc,heap     ] GC(278)      Used:      312M (62%)         466M (93%)         336M (67%)         334M (67%)         466M (93%)         312M (62%)    
[75.420s][info][gc,heap     ] GC(278)      Live:         -               140M (28%)         140M (28%)         140M (28%)            -                  -          
[75.420s][info][gc,heap     ] GC(278) Allocated:         -               154M (31%)         156M (31%)         162M (32%)            -                  -          
[75.420s][info][gc,heap     ] GC(278)   Garbage:         -               171M (34%)          39M (8%)           33M (7%)             -                  -          
[75.420s][info][gc,heap     ] GC(278) Reclaimed:         -                  -               132M (26%)         138M (28%)            -                  -          
[75.420s][info][gc          ] GC(278) Garbage Collection (Allocation Rate) 312M(62%)->334M(67%)
[75.513s][info][gc,start    ] GC(279) Garbage Collection (Allocation Rate)
[75.519s][info][gc,phases   ] GC(279) Pause Mark Start 3.338ms
[75.666s][info][gc,phases   ] GC(279) Concurrent Mark 146.780ms
[75.667s][info][gc,phases   ] GC(279) Pause Mark End 0.486ms
[75.668s][info][gc,phases   ] GC(279) Concurrent Process Non-Strong References 1.504ms
[75.668s][info][gc,phases   ] GC(279) Concurrent Reset Relocation Set 0.003ms
[75.668s][info][gc,phases   ] GC(279) Concurrent Destroy Detached Pages 0.000ms
[75.670s][info][gc,phases   ] GC(279) Concurrent Select Relocation Set 1.515ms
[75.670s][info][gc,phases   ] GC(279) Concurrent Prepare Relocation Set 0.016ms
[75.673s][info][gc,phases   ] GC(279) Pause Relocate Start 2.891ms
[75.673s][info][gc          ] Allocation Stall (Executor task launch worker for task 0.0 in stage 19.0 (TID 19)) 128.253ms
[75.680s][info][gc,phases   ] GC(279) Concurrent Relocate 4.860ms
[75.680s][info][gc,load     ] GC(279) Load: 1.85/1.12/0.52
[75.680s][info][gc,mmu      ] GC(279) MMU: 2ms/0.0%, 5ms/0.0%, 10ms/0.0%, 20ms/0.0%, 50ms/57.1%, 100ms/74.9%
[75.680s][info][gc,marking  ] GC(279) Mark: 1 stripe(s), 2 proactive flush(es), 1 terminate flush(es), 0 completion(s), 0 continuation(s) 
[75.680s][info][gc,reloc    ] GC(279) Relocation: Successful, 5M relocated
[75.680s][info][gc,nmethod  ] GC(279) NMethods: 3441 registered, 0 unregistered
[75.680s][info][gc,metaspace] GC(279) Metaspace: 72M used, 76M capacity, 76M committed, 78M reserved
[75.680s][info][gc,ref      ] GC(279) Soft: 2567 encountered, 0 discovered, 0 enqueued
[75.680s][info][gc,ref      ] GC(279) Weak: 4606 encountered, 3616 discovered, 0 enqueued
[75.680s][info][gc,ref      ] GC(279) Final: 27 encountered, 0 discovered, 0 enqueued
[75.680s][info][gc,ref      ] GC(279) Phantom: 652 encountered, 648 discovered, 0 enqueued
[75.680s][info][gc,heap     ] GC(279)                Mark Start          Mark End        Relocate Start      Relocate End           High               Low         
[75.680s][info][gc,heap     ] GC(279)  Capacity:      500M (100%)        500M (100%)        500M (100%)        500M (100%)        500M (100%)        500M (100%)   
[75.680s][info][gc,heap     ] GC(279)   Reserve:       34M (7%)           34M (7%)           34M (7%)           34M (7%)           34M (7%)           34M (7%)     
[75.680s][info][gc,heap     ] GC(279)      Free:       16M (3%)            0M (0%)          266M (53%)         268M (54%)         268M (54%)           0M (0%)     
[75.680s][info][gc,heap     ] GC(279)      Used:      450M (90%)         466M (93%)         200M (40%)         198M (40%)         466M (93%)         198M (40%)    
[75.680s][info][gc,heap     ] GC(279)      Live:         -               140M (28%)         140M (28%)         140M (28%)            -                  -          
[75.680s][info][gc,heap     ] GC(279) Allocated:         -                16M (3%)           18M (4%)           26M (5%)             -                  -          
[75.680s][info][gc,heap     ] GC(279)   Garbage:         -               309M (62%)          41M (8%)           33M (7%)             -                  -          
[75.680s][info][gc,heap     ] GC(279) Reclaimed:         -                  -               268M (54%)         276M (55%)            -                  -          
[75.680s][info][gc          ] GC(279) Garbage Collection (Allocation Rate) 450M(90%)->198M(40%)
[75.713s][info][gc,start    ] GC(280) Garbage Collection (Allocation Rate)
[75.720s][info][gc,phases   ] GC(280) Pause Mark Start 3.510ms
[76.025s][info][gc,phases   ] GC(280) Concurrent Mark 304.959ms
[76.028s][info][gc,phases   ] GC(280) Pause Mark End 0.454ms
[76.030s][info][gc,phases   ] GC(280) Concurrent Process Non-Strong References 1.428ms
[76.030s][info][gc,phases   ] GC(280) Concurrent Reset Relocation Set 0.002ms
[76.030s][info][gc,phases   ] GC(280) Concurrent Destroy Detached Pages 0.000ms
[76.031s][info][gc,phases   ] GC(280) Concurrent Select Relocation Set 1.529ms
[76.031s][info][gc,phases   ] GC(280) Concurrent Prepare Relocation Set 0.015ms
[76.034s][info][gc,phases   ] GC(280) Pause Relocate Start 2.645ms
[76.039s][info][gc,phases   ] GC(280) Concurrent Relocate 5.337ms
[76.039s][info][gc,load     ] GC(280) Load: 1.85/1.12/0.52
[76.039s][info][gc,mmu      ] GC(280) MMU: 2ms/0.0%, 5ms/0.0%, 10ms/0.0%, 20ms/0.0%, 50ms/57.1%, 100ms/74.9%
[76.039s][info][gc,marking  ] GC(280) Mark: 1 stripe(s), 2 proactive flush(es), 1 terminate flush(es), 0 completion(s), 0 continuation(s) 
[76.039s][info][gc,reloc    ] GC(280) Relocation: Successful, 5M relocated
[76.039s][info][gc,nmethod  ] GC(280) NMethods: 3441 registered, 0 unregistered
[76.039s][info][gc,metaspace] GC(280) Metaspace: 72M used, 76M capacity, 76M committed, 78M reserved
[76.039s][info][gc,ref      ] GC(280) Soft: 2567 encountered, 0 discovered, 0 enqueued
[76.039s][info][gc,ref      ] GC(280) Weak: 4606 encountered, 3614 discovered, 0 enqueued
[76.039s][info][gc,ref      ] GC(280) Final: 27 encountered, 0 discovered, 0 enqueued
[76.039s][info][gc,ref      ] GC(280) Phantom: 652 encountered, 648 discovered, 0 enqueued
[76.039s][info][gc,heap     ] GC(280)                Mark Start          Mark End        Relocate Start      Relocate End           High               Low         
[76.039s][info][gc,heap     ] GC(280)  Capacity:      500M (100%)        500M (100%)        500M (100%)        500M (100%)        500M (100%)        500M (100%)   
[76.039s][info][gc,heap     ] GC(280)   Reserve:       34M (7%)           34M (7%)           34M (7%)           34M (7%)           34M (7%)           34M (7%)     
[76.039s][info][gc,heap     ] GC(280)      Free:      232M (46%)          74M (15%)         130M (26%)         128M (26%)         232M (46%)          74M (15%)    
[76.039s][info][gc,heap     ] GC(280)      Used:      234M (47%)         392M (78%)         336M (67%)         338M (68%)         392M (78%)         234M (47%)    
[76.039s][info][gc,heap     ] GC(280)      Live:         -               140M (28%)         140M (28%)         140M (28%)            -                  -          
[76.039s][info][gc,heap     ] GC(280) Allocated:         -               158M (32%)         158M (32%)         166M (33%)            -                  -          
[76.039s][info][gc,heap     ] GC(280)   Garbage:         -                93M (19%)          37M (8%)           35M (7%)             -                  -          
[76.040s][info][gc,heap     ] GC(280) Reclaimed:         -                  -                56M (11%)          58M (12%)            -                  -          
[76.040s][info][gc          ] GC(280) Garbage Collection (Allocation Rate) 234M(47%)->338M(68%)
[76.113s][info][gc,start    ] GC(281) Garbage Collection (Allocation Rate)
[76.119s][info][gc,phases   ] GC(281) Pause Mark Start 3.273ms
[76.295s][info][gc,phases   ] GC(281) Concurrent Mark 175.644ms
[76.295s][info][gc,phases   ] GC(281) Pause Mark End 0.444ms
[76.297s][info][gc,phases   ] GC(281) Concurrent Process Non-Strong References 1.479ms
[76.297s][info][gc,phases   ] GC(281) Concurrent Reset Relocation Set 0.003ms
[76.297s][info][gc,phases   ] GC(281) Concurrent Destroy Detached Pages 0.001ms
[76.298s][info][gc          ] Allocation Stall (Executor task launch worker for task 0.0 in stage 19.0 (TID 19)) 117.232ms
[76.302s][info][gc,phases   ] GC(281) Concurrent Select Relocation Set 5.482ms
[76.302s][info][gc,phases   ] GC(281) Concurrent Prepare Relocation Set 0.016ms
[76.308s][info][gc,phases   ] GC(281) Pause Relocate Start 2.845ms
[76.313s][info][gc,phases   ] GC(281) Concurrent Relocate 4.977ms
[76.313s][info][gc,load     ] GC(281) Load: 1.85/1.12/0.52
[76.313s][info][gc,mmu      ] GC(281) MMU: 2ms/0.0%, 5ms/0.0%, 10ms/0.0%, 20ms/0.0%, 50ms/57.1%, 100ms/74.9%
[76.313s][info][gc,marking  ] GC(281) Mark: 1 stripe(s), 2 proactive flush(es), 1 terminate flush(es), 0 completion(s), 0 continuation(s) 
[76.313s][info][gc,reloc    ] GC(281) Relocation: Successful, 5M relocated
[76.313s][info][gc,nmethod  ] GC(281) NMethods: 3441 registered, 0 unregistered
[76.313s][info][gc,metaspace] GC(281) Metaspace: 72M used, 76M capacity, 76M committed, 78M reserved
[76.313s][info][gc,ref      ] GC(281) Soft: 2567 encountered, 0 discovered, 0 enqueued
[76.313s][info][gc,ref      ] GC(281) Weak: 4606 encountered, 3616 discovered, 0 enqueued
[76.313s][info][gc,ref      ] GC(281) Final: 27 encountered, 0 discovered, 0 enqueued
[76.313s][info][gc,ref      ] GC(281) Phantom: 652 encountered, 648 discovered, 0 enqueued
[76.313s][info][gc,heap     ] GC(281)                Mark Start          Mark End        Relocate Start      Relocate End           High               Low         
[76.313s][info][gc,heap     ] GC(281)  Capacity:      500M (100%)        500M (100%)        500M (100%)        500M (100%)        500M (100%)        500M (100%)   
[76.313s][info][gc,heap     ] GC(281)   Reserve:       34M (7%)           34M (7%)           34M (7%)           34M (7%)           34M (7%)           34M (7%)     
[76.313s][info][gc,heap     ] GC(281)      Free:       36M (7%)            0M (0%)          240M (48%)         246M (49%)         246M (49%)           0M (0%)     
[76.313s][info][gc,heap     ] GC(281)      Used:      430M (86%)         466M (93%)         226M (45%)         220M (44%)         466M (93%)         220M (44%)    
[76.313s][info][gc,heap     ] GC(281)      Live:         -               140M (28%)         140M (28%)         140M (28%)            -                  -          
[76.313s][info][gc,heap     ] GC(281) Allocated:         -                36M (7%)           42M (8%)           48M (10%)            -                  -          
[76.313s][info][gc,heap     ] GC(281)   Garbage:         -               289M (58%)          43M (9%)           33M (7%)             -                  -          
[76.313s][info][gc,heap     ] GC(281) Reclaimed:         -                  -               246M (49%)         256M (51%)            -                  -          
[76.313s][info][gc          ] GC(281) Garbage Collection (Allocation Rate) 430M(86%)->220M(44%)
[76.413s][info][gc,start    ] GC(282) Garbage Collection (Allocation Rate)
[76.419s][info][gc,phases   ] GC(282) Pause Mark Start 3.325ms
[76.653s][info][gc,phases   ] GC(282) Concurrent Mark 233.702ms
[76.654s][info][gc,phases   ] GC(282) Pause Mark End 0.451ms
[76.655s][info][gc,phases   ] GC(282) Concurrent Process Non-Strong References 1.569ms
[76.655s][info][gc,phases   ] GC(282) Concurrent Reset Relocation Set 0.003ms
[76.655s][info][gc,phases   ] GC(282) Concurrent Destroy Detached Pages 0.001ms
[76.657s][info][gc,phases   ] GC(282) Concurrent Select Relocation Set 1.528ms
[76.657s][info][gc,phases   ] GC(282) Concurrent Prepare Relocation Set 0.016ms
[76.660s][info][gc,phases   ] GC(282) Pause Relocate Start 2.805ms
[76.660s][info][gc          ] Allocation Stall (Executor task launch worker for task 0.0 in stage 19.0 (TID 19)) 46.617ms
[76.668s][info][gc,phases   ] GC(282) Concurrent Relocate 4.800ms
[76.668s][info][gc,load     ] GC(282) Load: 1.85/1.12/0.52
[76.668s][info][gc,mmu      ] GC(282) MMU: 2ms/0.0%, 5ms/0.0%, 10ms/0.0%, 20ms/0.0%, 50ms/57.1%, 100ms/74.9%
[76.668s][info][gc,marking  ] GC(282) Mark: 1 stripe(s), 2 proactive flush(es), 1 terminate flush(es), 0 completion(s), 0 continuation(s) 
[76.668s][info][gc,reloc    ] GC(282) Relocation: Successful, 5M relocated
[76.668s][info][gc,nmethod  ] GC(282) NMethods: 3441 registered, 0 unregistered
[76.668s][info][gc,metaspace] GC(282) Metaspace: 72M used, 76M capacity, 76M committed, 78M reserved
[76.668s][info][gc,ref      ] GC(282) Soft: 2567 encountered, 0 discovered, 0 enqueued
[76.668s][info][gc,ref      ] GC(282) Weak: 4606 encountered, 3616 discovered, 0 enqueued
[76.668s][info][gc,ref      ] GC(282) Final: 27 encountered, 0 discovered, 0 enqueued
[76.668s][info][gc,ref      ] GC(282) Phantom: 652 encountered, 648 discovered, 0 enqueued
[76.668s][info][gc,heap     ] GC(282)                Mark Start          Mark End        Relocate Start      Relocate End           High               Low         
[76.668s][info][gc,heap     ] GC(282)  Capacity:      500M (100%)        500M (100%)        500M (100%)        500M (100%)        500M (100%)        500M (100%)   
[76.668s][info][gc,heap     ] GC(282)   Reserve:       34M (7%)           34M (7%)           34M (7%)           34M (7%)           34M (7%)           34M (7%)     
[76.668s][info][gc,heap     ] GC(282)      Free:      126M (25%)           0M (0%)          158M (32%)         154M (31%)         158M (32%)           0M (0%)     
[76.668s][info][gc,heap     ] GC(282)      Used:      340M (68%)         466M (93%)         308M (62%)         312M (62%)         466M (93%)         308M (62%)    
[76.668s][info][gc,heap     ] GC(282)      Live:         -               140M (28%)         140M (28%)         140M (28%)            -                  -          
[76.668s][info][gc,heap     ] GC(282) Allocated:         -               126M (25%)         128M (26%)         140M (28%)            -                  -          
[76.668s][info][gc,heap     ] GC(282)   Garbage:         -               199M (40%)          39M (8%)           33M (7%)             -                  -          
[76.668s][info][gc,heap     ] GC(282) Reclaimed:         -                  -               160M (32%)         166M (33%)            -                  -          
[76.668s][info][gc          ] GC(282) Garbage Collection (Allocation Rate) 340M(68%)->312M(62%)
[76.713s][info][gc,start    ] GC(283) Garbage Collection (Allocation Rate)
[76.719s][info][gc,phases   ] GC(283) Pause Mark Start 3.454ms
[76.785s][info][gc,phases   ] GC(283) Concurrent Mark 66.011ms
[76.788s][info][gc,phases   ] GC(283) Pause Mark End 0.474ms
[76.790s][info][gc,phases   ] GC(283) Concurrent Process Non-Strong References 1.433ms
[76.790s][info][gc,phases   ] GC(283) Concurrent Reset Relocation Set 0.003ms
[76.790s][info][gc,phases   ] GC(283) Concurrent Destroy Detached Pages 0.000ms
[76.791s][info][gc,phases   ] GC(283) Concurrent Select Relocation Set 1.625ms
[76.791s][info][gc,phases   ] GC(283) Concurrent Prepare Relocation Set 0.024ms
[76.795s][info][gc,phases   ] GC(283) Pause Relocate Start 3.006ms
[76.800s][info][gc,phases   ] GC(283) Concurrent Relocate 4.953ms
[76.800s][info][gc,load     ] GC(283) Load: 1.94/1.15/0.53
[76.800s][info][gc,mmu      ] GC(283) MMU: 2ms/0.0%, 5ms/0.0%, 10ms/0.0%, 20ms/0.0%, 50ms/57.1%, 100ms/74.9%
[76.800s][info][gc,marking  ] GC(283) Mark: 1 stripe(s), 2 proactive flush(es), 1 terminate flush(es), 0 completion(s), 0 continuation(s) 
[76.800s][info][gc,reloc    ] GC(283) Relocation: Successful, 6M relocated
[76.800s][info][gc,nmethod  ] GC(283) NMethods: 3441 registered, 0 unregistered
[76.800s][info][gc,metaspace] GC(283) Metaspace: 72M used, 76M capacity, 76M committed, 78M reserved
[76.800s][info][gc,ref      ] GC(283) Soft: 2567 encountered, 0 discovered, 0 enqueued
[76.800s][info][gc,ref      ] GC(283) Weak: 4606 encountered, 3616 discovered, 0 enqueued
[76.800s][info][gc,ref      ] GC(283) Final: 27 encountered, 0 discovered, 0 enqueued
[76.800s][info][gc,ref      ] GC(283) Phantom: 652 encountered, 648 discovered, 0 enqueued
[76.800s][info][gc,heap     ] GC(283)                Mark Start          Mark End        Relocate Start      Relocate End           High               Low         
[76.800s][info][gc,heap     ] GC(283)  Capacity:      500M (100%)        500M (100%)        500M (100%)        500M (100%)        500M (100%)        500M (100%)   
[76.800s][info][gc,heap     ] GC(283)   Reserve:       34M (7%)           34M (7%)           34M (7%)           34M (7%)           34M (7%)           34M (7%)     
[76.800s][info][gc,heap     ] GC(283)      Free:       80M (16%)          20M (4%)          314M (63%)         336M (67%)         336M (67%)          20M (4%)     
[76.800s][info][gc,heap     ] GC(283)      Used:      386M (77%)         446M (89%)         152M (30%)         130M (26%)         446M (89%)         130M (26%)    
[76.800s][info][gc,heap     ] GC(283)      Live:         -                31M (6%)           31M (6%)           31M (6%)             -                  -          
[76.800s][info][gc,heap     ] GC(283) Allocated:         -                60M (12%)          60M (12%)          68M (14%)            -                  -          
[76.800s][info][gc,heap     ] GC(283)   Garbage:         -               354M (71%)          60M (12%)          34M (7%)             -                  -          
[76.800s][info][gc,heap     ] GC(283) Reclaimed:         -                  -               294M (59%)         320M (64%)            -                  -          
[76.800s][info][gc          ] GC(283) Garbage Collection (Allocation Rate) 386M(77%)->130M(26%)
[76.813s][info][gc,start    ] GC(284) Garbage Collection (Allocation Rate)
[76.820s][info][gc,phases   ] GC(284) Pause Mark Start 3.397ms
[76.885s][info][gc,phases   ] GC(284) Concurrent Mark 64.977ms
[76.888s][info][gc,phases   ] GC(284) Pause Mark End 0.464ms
[76.890s][info][gc,phases   ] GC(284) Concurrent Process Non-Strong References 1.569ms
[76.890s][info][gc,phases   ] GC(284) Concurrent Reset Relocation Set 0.004ms
[76.890s][info][gc,phases   ] GC(284) Concurrent Destroy Detached Pages 0.000ms
[76.891s][info][gc,phases   ] GC(284) Concurrent Select Relocation Set 1.540ms
[76.891s][info][gc,phases   ] GC(284) Concurrent Prepare Relocation Set 0.013ms
[76.894s][info][gc,phases   ] GC(284) Pause Relocate Start 2.901ms
[76.899s][info][gc,phases   ] GC(284) Concurrent Relocate 4.939ms
[76.899s][info][gc,load     ] GC(284) Load: 1.94/1.15/0.53
[76.899s][info][gc,mmu      ] GC(284) MMU: 2ms/0.0%, 5ms/0.0%, 10ms/0.0%, 20ms/0.0%, 50ms/57.1%, 100ms/74.9%
[76.899s][info][gc,marking  ] GC(284) Mark: 1 stripe(s), 2 proactive flush(es), 1 terminate flush(es), 0 completion(s), 0 continuation(s) 
[76.899s][info][gc,reloc    ] GC(284) Relocation: Successful, 6M relocated
[76.899s][info][gc,nmethod  ] GC(284) NMethods: 3441 registered, 0 unregistered
[76.899s][info][gc,metaspace] GC(284) Metaspace: 72M used, 76M capacity, 76M committed, 78M reserved
[76.899s][info][gc,ref      ] GC(284) Soft: 2567 encountered, 0 discovered, 0 enqueued
[76.899s][info][gc,ref      ] GC(284) Weak: 4606 encountered, 3616 discovered, 0 enqueued
[76.899s][info][gc,ref      ] GC(284) Final: 27 encountered, 0 discovered, 0 enqueued
[76.899s][info][gc,ref      ] GC(284) Phantom: 652 encountered, 648 discovered, 0 enqueued
[76.899s][info][gc,heap     ] GC(284)                Mark Start          Mark End        Relocate Start      Relocate End           High               Low         
[76.899s][info][gc,heap     ] GC(284)  Capacity:      500M (100%)        500M (100%)        500M (100%)        500M (100%)        500M (100%)        500M (100%)   
[76.899s][info][gc,heap     ] GC(284)   Reserve:       34M (7%)           34M (7%)           34M (7%)           34M (7%)           34M (7%)           34M (7%)     
[76.899s][info][gc,heap     ] GC(284)      Free:      316M (63%)         256M (51%)         334M (67%)         336M (67%)         336M (67%)         256M (51%)    
[76.899s][info][gc,heap     ] GC(284)      Used:      150M (30%)         210M (42%)         132M (26%)         130M (26%)         210M (42%)         130M (26%)    
[76.899s][info][gc,heap     ] GC(284)      Live:         -                31M (6%)           31M (6%)           31M (6%)             -                  -          
[76.899s][info][gc,heap     ] GC(284) Allocated:         -                60M (12%)          60M (12%)          68M (14%)            -                  -          
[76.899s][info][gc,heap     ] GC(284)   Garbage:         -               118M (24%)          40M (8%)           32M (6%)             -                  -          
[76.899s][info][gc,heap     ] GC(284) Reclaimed:         -                  -                78M (16%)          86M (17%)            -                  -          
[76.899s][info][gc          ] GC(284) Garbage Collection (Allocation Rate) 150M(30%)->130M(26%)
[76.913s][info][gc,start    ] GC(285) Garbage Collection (Allocation Rate)
[76.919s][info][gc,phases   ] GC(285) Pause Mark Start 3.379ms
[77.001s][info][gc,phases   ] GC(285) Concurrent Mark 81.710ms
[77.004s][info][gc,phases   ] GC(285) Pause Mark End 0.465ms
[77.006s][info][gc,phases   ] GC(285) Concurrent Process Non-Strong References 1.618ms
[77.006s][info][gc,phases   ] GC(285) Concurrent Reset Relocation Set 0.003ms
[77.006s][info][gc,phases   ] GC(285) Concurrent Destroy Detached Pages 0.000ms
[77.008s][info][gc,phases   ] GC(285) Concurrent Select Relocation Set 1.543ms
[77.008s][info][gc,phases   ] GC(285) Concurrent Prepare Relocation Set 0.011ms
[77.011s][info][gc,phases   ] GC(285) Pause Relocate Start 2.936ms
[77.014s][info][gc,phases   ] GC(285) Concurrent Relocate 3.633ms
[77.015s][info][gc,load     ] GC(285) Load: 1.94/1.15/0.53
[77.015s][info][gc,mmu      ] GC(285) MMU: 2ms/0.0%, 5ms/0.0%, 10ms/0.0%, 20ms/0.0%, 50ms/57.1%, 100ms/74.9%
[77.015s][info][gc,marking  ] GC(285) Mark: 1 stripe(s), 2 proactive flush(es), 1 terminate flush(es), 0 completion(s), 0 continuation(s) 
[77.015s][info][gc,reloc    ] GC(285) Relocation: Successful, 6M relocated
[77.015s][info][gc,nmethod  ] GC(285) NMethods: 3446 registered, 0 unregistered
[77.015s][info][gc,metaspace] GC(285) Metaspace: 72M used, 76M capacity, 76M committed, 78M reserved
[77.015s][info][gc,ref      ] GC(285) Soft: 2567 encountered, 0 discovered, 0 enqueued
[77.015s][info][gc,ref      ] GC(285) Weak: 4606 encountered, 3616 discovered, 0 enqueued
[77.015s][info][gc,ref      ] GC(285) Final: 27 encountered, 0 discovered, 0 enqueued
[77.015s][info][gc,ref      ] GC(285) Phantom: 652 encountered, 648 discovered, 0 enqueued
[77.015s][info][gc,heap     ] GC(285)                Mark Start          Mark End        Relocate Start      Relocate End           High               Low         
[77.015s][info][gc,heap     ] GC(285)  Capacity:      500M (100%)        500M (100%)        500M (100%)        500M (100%)        500M (100%)        500M (100%)   
[77.015s][info][gc,heap     ] GC(285)   Reserve:       34M (7%)           34M (7%)           34M (7%)           34M (7%)           34M (7%)           34M (7%)     
[77.015s][info][gc,heap     ] GC(285)      Free:      312M (62%)         250M (50%)         332M (66%)         336M (67%)         336M (67%)         250M (50%)    
[77.015s][info][gc,heap     ] GC(285)      Used:      154M (31%)         216M (43%)         134M (27%)         130M (26%)         216M (43%)         130M (26%)    
[77.015s][info][gc,heap     ] GC(285)      Live:         -                31M (6%)           31M (6%)           31M (6%)             -                  -          
[77.015s][info][gc,heap     ] GC(285) Allocated:         -                62M (12%)          62M (12%)          68M (14%)            -                  -          
[77.015s][info][gc,heap     ] GC(285)   Garbage:         -               122M (24%)          40M (8%)           32M (6%)             -                  -          
[77.015s][info][gc,heap     ] GC(285) Reclaimed:         -                  -                82M (16%)          90M (18%)            -                  -          
[77.015s][info][gc          ] GC(285) Garbage Collection (Allocation Rate) 154M(31%)->130M(26%)
[77.113s][info][gc,start    ] GC(286) Garbage Collection (Allocation Rate)
[77.120s][info][gc,phases   ] GC(286) Pause Mark Start 3.365ms
[77.185s][info][gc,phases   ] GC(286) Concurrent Mark 64.977ms
[77.188s][info][gc,phases   ] GC(286) Pause Mark End 0.453ms
[77.190s][info][gc,phases   ] GC(286) Concurrent Process Non-Strong References 1.613ms
[77.190s][info][gc,phases   ] GC(286) Concurrent Reset Relocation Set 0.003ms
[77.190s][info][gc,phases   ] GC(286) Concurrent Destroy Detached Pages 0.000ms
[77.191s][info][gc,phases   ] GC(286) Concurrent Select Relocation Set 1.548ms
[77.191s][info][gc,phases   ] GC(286) Concurrent Prepare Relocation Set 0.012ms
[77.195s][info][gc,phases   ] GC(286) Pause Relocate Start 3.037ms
[77.200s][info][gc,phases   ] GC(286) Concurrent Relocate 5.056ms
[77.200s][info][gc,load     ] GC(286) Load: 1.94/1.15/0.53
[77.200s][info][gc,mmu      ] GC(286) MMU: 2ms/0.0%, 5ms/0.0%, 10ms/0.0%, 20ms/0.0%, 50ms/57.1%, 100ms/74.9%
[77.200s][info][gc,marking  ] GC(286) Mark: 1 stripe(s), 2 proactive flush(es), 1 terminate flush(es), 0 completion(s), 0 continuation(s) 
[77.200s][info][gc,reloc    ] GC(286) Relocation: Successful, 6M relocated
[77.200s][info][gc,nmethod  ] GC(286) NMethods: 3446 registered, 0 unregistered
[77.200s][info][gc,metaspace] GC(286) Metaspace: 72M used, 76M capacity, 76M committed, 78M reserved
[77.200s][info][gc,ref      ] GC(286) Soft: 2567 encountered, 0 discovered, 0 enqueued
[77.200s][info][gc,ref      ] GC(286) Weak: 4606 encountered, 3616 discovered, 0 enqueued
[77.200s][info][gc,ref      ] GC(286) Final: 27 encountered, 0 discovered, 0 enqueued
[77.200s][info][gc,ref      ] GC(286) Phantom: 652 encountered, 648 discovered, 0 enqueued
[77.200s][info][gc,heap     ] GC(286)                Mark Start          Mark End        Relocate Start      Relocate End           High               Low         
[77.200s][info][gc,heap     ] GC(286)  Capacity:      500M (100%)        500M (100%)        500M (100%)        500M (100%)        500M (100%)        500M (100%)   
[77.200s][info][gc,heap     ] GC(286)   Reserve:       34M (7%)           34M (7%)           34M (7%)           34M (7%)           34M (7%)           34M (7%)     
[77.200s][info][gc,heap     ] GC(286)      Free:      168M (34%)         112M (22%)         336M (67%)         340M (68%)         340M (68%)         112M (22%)    
[77.200s][info][gc,heap     ] GC(286)      Used:      298M (60%)         354M (71%)         130M (26%)         126M (25%)         354M (71%)         126M (25%)    
[77.200s][info][gc,heap     ] GC(286)      Live:         -                31M (6%)           31M (6%)           31M (6%)             -                  -          
[77.200s][info][gc,heap     ] GC(286) Allocated:         -                56M (11%)          56M (11%)          64M (13%)            -                  -          
[77.200s][info][gc,heap     ] GC(286)   Garbage:         -               266M (53%)          42M (8%)           34M (7%)             -                  -          
[77.200s][info][gc,heap     ] GC(286) Reclaimed:         -                  -               224M (45%)         232M (46%)            -                  -          
[77.200s][info][gc          ] GC(286) Garbage Collection (Allocation Rate) 298M(60%)->126M(25%)
[77.221s][info][gc,start    ] GC(287) Garbage Collection (Allocation Rate)
[77.227s][info][gc,phases   ] GC(287) Pause Mark Start 3.404ms
[77.293s][info][gc,phases   ] GC(287) Concurrent Mark 65.752ms
[77.296s][info][gc,phases   ] GC(287) Pause Mark End 0.517ms
[77.298s][info][gc,phases   ] GC(287) Concurrent Process Non-Strong References 1.829ms
[77.298s][info][gc,phases   ] GC(287) Concurrent Reset Relocation Set 0.004ms
[77.298s][info][gc,phases   ] GC(287) Concurrent Destroy Detached Pages 0.001ms
[77.300s][info][gc,phases   ] GC(287) Concurrent Select Relocation Set 1.641ms
[77.300s][info][gc,phases   ] GC(287) Concurrent Prepare Relocation Set 0.018ms
[77.303s][info][gc,phases   ] GC(287) Pause Relocate Start 3.004ms
[77.308s][info][gc,phases   ] GC(287) Concurrent Relocate 4.463ms
[77.308s][info][gc,load     ] GC(287) Load: 1.94/1.15/0.53
[77.308s][info][gc,mmu      ] GC(287) MMU: 2ms/0.0%, 5ms/0.0%, 10ms/0.0%, 20ms/0.0%, 50ms/57.1%, 100ms/74.9%
[77.308s][info][gc,marking  ] GC(287) Mark: 1 stripe(s), 2 proactive flush(es), 1 terminate flush(es), 0 completion(s), 0 continuation(s) 
[77.308s][info][gc,reloc    ] GC(287) Relocation: Successful, 6M relocated
[77.308s][info][gc,nmethod  ] GC(287) NMethods: 3446 registered, 0 unregistered
[77.308s][info][gc,metaspace] GC(287) Metaspace: 72M used, 76M capacity, 76M committed, 78M reserved
[77.308s][info][gc,ref      ] GC(287) Soft: 2567 encountered, 0 discovered, 0 enqueued
[77.308s][info][gc,ref      ] GC(287) Weak: 4606 encountered, 3616 discovered, 0 enqueued
[77.308s][info][gc,ref      ] GC(287) Final: 27 encountered, 0 discovered, 0 enqueued
[77.308s][info][gc,ref      ] GC(287) Phantom: 652 encountered, 648 discovered, 0 enqueued
[77.308s][info][gc,heap     ] GC(287)                Mark Start          Mark End        Relocate Start      Relocate End           High               Low         
[77.308s][info][gc,heap     ] GC(287)  Capacity:      500M (100%)        500M (100%)        500M (100%)        500M (100%)        500M (100%)        500M (100%)   
[77.308s][info][gc,heap     ] GC(287)   Reserve:       34M (7%)           34M (7%)           34M (7%)           34M (7%)           34M (7%)           34M (7%)     
[77.308s][info][gc,heap     ] GC(287)      Free:      324M (65%)         266M (53%)         334M (67%)         338M (68%)         338M (68%)         266M (53%)    
[77.308s][info][gc,heap     ] GC(287)      Used:      142M (28%)         200M (40%)         132M (26%)         128M (26%)         200M (40%)         128M (26%)    
[77.308s][info][gc,heap     ] GC(287)      Live:         -                31M (6%)           31M (6%)           31M (6%)             -                  -          
[77.308s][info][gc,heap     ] GC(287) Allocated:         -                58M (12%)          58M (12%)          66M (13%)            -                  -          
[77.308s][info][gc,heap     ] GC(287)   Garbage:         -               110M (22%)          42M (8%)           34M (7%)             -                  -          
[77.308s][info][gc,heap     ] GC(287) Reclaimed:         -                  -                68M (14%)          76M (15%)            -                  -          
[77.308s][info][gc          ] GC(287) Garbage Collection (Allocation Rate) 142M(28%)->128M(26%)
[77.313s][info][gc,start    ] GC(288) Garbage Collection (Allocation Rate)
[77.319s][info][gc,phases   ] GC(288) Pause Mark Start 3.473ms
[77.385s][info][gc,phases   ] GC(288) Concurrent Mark 65.759ms
[77.388s][info][gc,phases   ] GC(288) Pause Mark End 0.534ms
[77.390s][info][gc,phases   ] GC(288) Concurrent Process Non-Strong References 1.555ms
[77.390s][info][gc,phases   ] GC(288) Concurrent Reset Relocation Set 0.003ms
[77.390s][info][gc,phases   ] GC(288) Concurrent Destroy Detached Pages 0.001ms
[77.391s][info][gc,phases   ] GC(288) Concurrent Select Relocation Set 1.615ms
[77.391s][info][gc,phases   ] GC(288) Concurrent Prepare Relocation Set 0.014ms
[77.395s][info][gc,phases   ] GC(288) Pause Relocate Start 3.358ms
[77.400s][info][gc,phases   ] GC(288) Concurrent Relocate 4.461ms
[77.400s][info][gc,load     ] GC(288) Load: 1.94/1.15/0.53
[77.400s][info][gc,mmu      ] GC(288) MMU: 2ms/0.0%, 5ms/0.0%, 10ms/0.0%, 20ms/0.0%, 50ms/57.1%, 100ms/74.9%
[77.400s][info][gc,marking  ] GC(288) Mark: 1 stripe(s), 2 proactive flush(es), 1 terminate flush(es), 0 completion(s), 0 continuation(s) 
[77.400s][info][gc,reloc    ] GC(288) Relocation: Successful, 6M relocated
[77.400s][info][gc,nmethod  ] GC(288) NMethods: 3446 registered, 0 unregistered
[77.400s][info][gc,metaspace] GC(288) Metaspace: 72M used, 76M capacity, 76M committed, 78M reserved
[77.400s][info][gc,ref      ] GC(288) Soft: 2567 encountered, 0 discovered, 0 enqueued
[77.400s][info][gc,ref      ] GC(288) Weak: 4606 encountered, 3616 discovered, 0 enqueued
[77.400s][info][gc,ref      ] GC(288) Final: 27 encountered, 0 discovered, 0 enqueued
[77.400s][info][gc,ref      ] GC(288) Phantom: 652 encountered, 648 discovered, 0 enqueued
[77.400s][info][gc,heap     ] GC(288)                Mark Start          Mark End        Relocate Start      Relocate End           High               Low         
[77.400s][info][gc,heap     ] GC(288)  Capacity:      500M (100%)        500M (100%)        500M (100%)        500M (100%)        500M (100%)        500M (100%)   
[77.400s][info][gc,heap     ] GC(288)   Reserve:       34M (7%)           34M (7%)           34M (7%)           34M (7%)           34M (7%)           34M (7%)     
[77.400s][info][gc,heap     ] GC(288)      Free:      332M (66%)         278M (56%)         342M (68%)         342M (68%)         342M (68%)         278M (56%)    
[77.400s][info][gc,heap     ] GC(288)      Used:      134M (27%)         188M (38%)         124M (25%)         124M (25%)         188M (38%)         124M (25%)    
[77.400s][info][gc,heap     ] GC(288)      Live:         -                31M (6%)           31M (6%)           31M (6%)             -                  -          
[77.400s][info][gc,heap     ] GC(288) Allocated:         -                54M (11%)          54M (11%)          62M (12%)            -                  -          
[77.400s][info][gc,heap     ] GC(288)   Garbage:         -               102M (20%)          38M (8%)           34M (7%)             -                  -          
[77.400s][info][gc,heap     ] GC(288) Reclaimed:         -                  -                64M (13%)          68M (14%)            -                  -          
[77.400s][info][gc          ] GC(288) Garbage Collection (Allocation Rate) 134M(27%)->124M(25%)
[77.413s][info][gc,start    ] GC(289) Garbage Collection (Allocation Rate)
[77.419s][info][gc,phases   ] GC(289) Pause Mark Start 3.337ms
[77.485s][info][gc,phases   ] GC(289) Concurrent Mark 65.106ms
[77.488s][info][gc,phases   ] GC(289) Pause Mark End 0.459ms
[77.490s][info][gc,phases   ] GC(289) Concurrent Process Non-Strong References 2.308ms
[77.490s][info][gc,phases   ] GC(289) Concurrent Reset Relocation Set 0.003ms
[77.490s][info][gc,phases   ] GC(289) Concurrent Destroy Detached Pages 0.001ms
[77.492s][info][gc,phases   ] GC(289) Concurrent Select Relocation Set 2.078ms
[77.492s][info][gc,phases   ] GC(289) Concurrent Prepare Relocation Set 0.014ms
[77.496s][info][gc,phases   ] GC(289) Pause Relocate Start 2.972ms
[77.504s][info][gc,phases   ] GC(289) Concurrent Relocate 8.296ms
[77.504s][info][gc,load     ] GC(289) Load: 1.94/1.15/0.53
[77.504s][info][gc,mmu      ] GC(289) MMU: 2ms/0.0%, 5ms/0.0%, 10ms/0.0%, 20ms/0.0%, 50ms/57.1%, 100ms/74.9%
[77.504s][info][gc,marking  ] GC(289) Mark: 1 stripe(s), 2 proactive flush(es), 1 terminate flush(es), 0 completion(s), 0 continuation(s) 
[77.504s][info][gc,reloc    ] GC(289) Relocation: Successful, 6M relocated
[77.504s][info][gc,nmethod  ] GC(289) NMethods: 3446 registered, 0 unregistered
[77.504s][info][gc,metaspace] GC(289) Metaspace: 72M used, 76M capacity, 76M committed, 78M reserved
[77.504s][info][gc,ref      ] GC(289) Soft: 2567 encountered, 0 discovered, 0 enqueued
[77.504s][info][gc,ref      ] GC(289) Weak: 4606 encountered, 3616 discovered, 0 enqueued
[77.504s][info][gc,ref      ] GC(289) Final: 27 encountered, 0 discovered, 0 enqueued
[77.504s][info][gc,ref      ] GC(289) Phantom: 652 encountered, 648 discovered, 0 enqueued
[77.504s][info][gc,heap     ] GC(289)                Mark Start          Mark End        Relocate Start      Relocate End           High               Low         
[77.504s][info][gc,heap     ] GC(289)  Capacity:      500M (100%)        500M (100%)        500M (100%)        500M (100%)        500M (100%)        500M (100%)   
[77.504s][info][gc,heap     ] GC(289)   Reserve:       34M (7%)           34M (7%)           34M (7%)           34M (7%)           34M (7%)           34M (7%)     
[77.504s][info][gc,heap     ] GC(289)      Free:      318M (64%)         260M (52%)         336M (67%)         332M (66%)         336M (67%)         260M (52%)    
[77.504s][info][gc,heap     ] GC(289)      Used:      148M (30%)         206M (41%)         130M (26%)         134M (27%)         206M (41%)         130M (26%)    
[77.504s][info][gc,heap     ] GC(289)      Live:         -                31M (6%)           31M (6%)           31M (6%)             -                  -          
[77.504s][info][gc,heap     ] GC(289) Allocated:         -                58M (12%)          58M (12%)          72M (14%)            -                  -          
[77.504s][info][gc,heap     ] GC(289)   Garbage:         -               116M (23%)          40M (8%)           32M (6%)             -                  -          
[77.504s][info][gc,heap     ] GC(289) Reclaimed:         -                  -                76M (15%)          84M (17%)            -                  -          
[77.504s][info][gc          ] GC(289) Garbage Collection (Allocation Rate) 148M(30%)->134M(27%)
[77.513s][info][gc,start    ] GC(290) Garbage Collection (Allocation Rate)
[77.519s][info][gc,phases   ] GC(290) Pause Mark Start 3.369ms
[77.586s][info][gc,phases   ] GC(290) Concurrent Mark 67.081ms
[77.590s][info][gc,phases   ] GC(290) Pause Mark End 0.477ms
[77.591s][info][gc,phases   ] GC(290) Concurrent Process Non-Strong References 1.638ms
[77.591s][info][gc,phases   ] GC(290) Concurrent Reset Relocation Set 0.003ms
[77.591s][info][gc,phases   ] GC(290) Concurrent Destroy Detached Pages 0.000ms
[77.593s][info][gc,phases   ] GC(290) Concurrent Select Relocation Set 1.517ms
[77.593s][info][gc,phases   ] GC(290) Concurrent Prepare Relocation Set 0.011ms
[77.596s][info][gc,phases   ] GC(290) Pause Relocate Start 3.076ms
[77.604s][info][gc,phases   ] GC(290) Concurrent Relocate 7.500ms
[77.604s][info][gc,load     ] GC(290) Load: 1.94/1.15/0.53
[77.604s][info][gc,mmu      ] GC(290) MMU: 2ms/0.0%, 5ms/0.0%, 10ms/0.0%, 20ms/0.0%, 50ms/57.1%, 100ms/74.9%
[77.604s][info][gc,marking  ] GC(290) Mark: 1 stripe(s), 2 proactive flush(es), 1 terminate flush(es), 0 completion(s), 0 continuation(s) 
[77.604s][info][gc,reloc    ] GC(290) Relocation: Successful, 6M relocated
[77.604s][info][gc,nmethod  ] GC(290) NMethods: 3446 registered, 0 unregistered
[77.604s][info][gc,metaspace] GC(290) Metaspace: 72M used, 76M capacity, 76M committed, 78M reserved
[77.604s][info][gc,ref      ] GC(290) Soft: 2567 encountered, 0 discovered, 0 enqueued
[77.604s][info][gc,ref      ] GC(290) Weak: 4606 encountered, 3616 discovered, 0 enqueued
[77.604s][info][gc,ref      ] GC(290) Final: 27 encountered, 0 discovered, 0 enqueued
[77.604s][info][gc,ref      ] GC(290) Phantom: 652 encountered, 648 discovered, 0 enqueued
[77.604s][info][gc,heap     ] GC(290)                Mark Start          Mark End        Relocate Start      Relocate End           High               Low         
[77.604s][info][gc,heap     ] GC(290)  Capacity:      500M (100%)        500M (100%)        500M (100%)        500M (100%)        500M (100%)        500M (100%)   
[77.604s][info][gc,heap     ] GC(290)   Reserve:       34M (7%)           34M (7%)           34M (7%)           34M (7%)           34M (7%)           34M (7%)     
[77.604s][info][gc,heap     ] GC(290)      Free:      316M (63%)         256M (51%)         334M (67%)         332M (66%)         334M (67%)         256M (51%)    
[77.604s][info][gc,heap     ] GC(290)      Used:      150M (30%)         210M (42%)         132M (26%)         134M (27%)         210M (42%)         132M (26%)    
[77.604s][info][gc,heap     ] GC(290)      Live:         -                31M (6%)           31M (6%)           31M (6%)             -                  -          
[77.604s][info][gc,heap     ] GC(290) Allocated:         -                60M (12%)          60M (12%)          72M (14%)            -                  -          
[77.604s][info][gc,heap     ] GC(290)   Garbage:         -               118M (24%)          40M (8%)           32M (6%)             -                  -          
[77.604s][info][gc,heap     ] GC(290) Reclaimed:         -                  -                78M (16%)          86M (17%)            -                  -          
[77.604s][info][gc          ] GC(290) Garbage Collection (Allocation Rate) 150M(30%)->134M(27%)
[77.614s][info][gc,start    ] GC(291) Garbage Collection (Allocation Rate)
[77.620s][info][gc,phases   ] GC(291) Pause Mark Start 3.376ms
[77.691s][info][gc,phases   ] GC(291) Concurrent Mark 70.945ms
[77.694s][info][gc,phases   ] GC(291) Pause Mark End 0.713ms
[77.696s][info][gc,phases   ] GC(291) Concurrent Process Non-Strong References 1.603ms
[77.696s][info][gc,phases   ] GC(291) Concurrent Reset Relocation Set 0.003ms
[77.696s][info][gc,phases   ] GC(291) Concurrent Destroy Detached Pages 0.000ms
[77.697s][info][gc,phases   ] GC(291) Concurrent Select Relocation Set 1.535ms
[77.697s][info][gc,phases   ] GC(291) Concurrent Prepare Relocation Set 0.012ms
[77.700s][info][gc,phases   ] GC(291) Pause Relocate Start 2.972ms
[77.707s][info][gc,phases   ] GC(291) Concurrent Relocate 6.715ms
[77.707s][info][gc,load     ] GC(291) Load: 1.94/1.15/0.53
[77.707s][info][gc,mmu      ] GC(291) MMU: 2ms/0.0%, 5ms/0.0%, 10ms/0.0%, 20ms/0.0%, 50ms/57.1%, 100ms/74.9%
[77.707s][info][gc,marking  ] GC(291) Mark: 1 stripe(s), 2 proactive flush(es), 1 terminate flush(es), 0 completion(s), 0 continuation(s) 
[77.707s][info][gc,reloc    ] GC(291) Relocation: Successful, 6M relocated
[77.707s][info][gc,nmethod  ] GC(291) NMethods: 3446 registered, 0 unregistered
[77.707s][info][gc,metaspace] GC(291) Metaspace: 72M used, 76M capacity, 76M committed, 78M reserved
[77.707s][info][gc,ref      ] GC(291) Soft: 2567 encountered, 0 discovered, 0 enqueued
[77.707s][info][gc,ref      ] GC(291) Weak: 4606 encountered, 3616 discovered, 0 enqueued
[77.707s][info][gc,ref      ] GC(291) Final: 27 encountered, 0 discovered, 0 enqueued
[77.707s][info][gc,ref      ] GC(291) Phantom: 652 encountered, 648 discovered, 0 enqueued
[77.707s][info][gc,heap     ] GC(291)                Mark Start          Mark End        Relocate Start      Relocate End           High               Low         
[77.707s][info][gc,heap     ] GC(291)  Capacity:      500M (100%)        500M (100%)        500M (100%)        500M (100%)        500M (100%)        500M (100%)   
[77.707s][info][gc,heap     ] GC(291)   Reserve:       34M (7%)           34M (7%)           34M (7%)           34M (7%)           34M (7%)           34M (7%)     
[77.707s][info][gc,heap     ] GC(291)      Free:      314M (63%)         262M (52%)         340M (68%)         340M (68%)         340M (68%)         262M (52%)    
[77.707s][info][gc,heap     ] GC(291)      Used:      152M (30%)         204M (41%)         126M (25%)         126M (25%)         204M (41%)         126M (25%)    
[77.707s][info][gc,heap     ] GC(291)      Live:         -                31M (6%)           31M (6%)           31M (6%)             -                  -          
[77.707s][info][gc,heap     ] GC(291) Allocated:         -                52M (10%)          52M (10%)          64M (13%)            -                  -          
[77.707s][info][gc,heap     ] GC(291)   Garbage:         -               120M (24%)          42M (8%)           34M (7%)             -                  -          
[77.708s][info][gc,heap     ] GC(291) Reclaimed:         -                  -                78M (16%)          86M (17%)            -                  -          
[77.708s][info][gc          ] GC(291) Garbage Collection (Allocation Rate) 152M(30%)->126M(25%)
[77.713s][info][gc,start    ] GC(292) Garbage Collection (Allocation Rate)
[77.719s][info][gc,phases   ] GC(292) Pause Mark Start 3.402ms
[77.785s][info][gc,phases   ] GC(292) Concurrent Mark 65.033ms
[77.788s][info][gc,phases   ] GC(292) Pause Mark End 0.463ms
[77.790s][info][gc,phases   ] GC(292) Concurrent Process Non-Strong References 1.658ms
[77.790s][info][gc,phases   ] GC(292) Concurrent Reset Relocation Set 0.003ms
[77.790s][info][gc,phases   ] GC(292) Concurrent Destroy Detached Pages 0.001ms
[77.791s][info][gc,phases   ] GC(292) Concurrent Select Relocation Set 1.541ms
[77.791s][info][gc,phases   ] GC(292) Concurrent Prepare Relocation Set 0.012ms
[77.794s][info][gc,phases   ] GC(292) Pause Relocate Start 2.876ms
[77.799s][info][gc,phases   ] GC(292) Concurrent Relocate 4.657ms
[77.799s][info][gc,load     ] GC(292) Load: 1.94/1.15/0.53
[77.799s][info][gc,mmu      ] GC(292) MMU: 2ms/0.0%, 5ms/0.0%, 10ms/0.0%, 20ms/0.0%, 50ms/57.1%, 100ms/74.9%
[77.799s][info][gc,marking  ] GC(292) Mark: 1 stripe(s), 2 proactive flush(es), 1 terminate flush(es), 0 completion(s), 0 continuation(s) 
[77.800s][info][gc,reloc    ] GC(292) Relocation: Successful, 6M relocated
[77.800s][info][gc,nmethod  ] GC(292) NMethods: 3446 registered, 0 unregistered
[77.800s][info][gc,metaspace] GC(292) Metaspace: 72M used, 76M capacity, 76M committed, 78M reserved
[77.800s][info][gc,ref      ] GC(292) Soft: 2567 encountered, 0 discovered, 0 enqueued
[77.800s][info][gc,ref      ] GC(292) Weak: 4606 encountered, 3616 discovered, 0 enqueued
[77.800s][info][gc,ref      ] GC(292) Final: 27 encountered, 0 discovered, 0 enqueued
[77.800s][info][gc,ref      ] GC(292) Phantom: 652 encountered, 648 discovered, 0 enqueued
[77.800s][info][gc,heap     ] GC(292)                Mark Start          Mark End        Relocate Start      Relocate End           High               Low         
[77.800s][info][gc,heap     ] GC(292)  Capacity:      500M (100%)        500M (100%)        500M (100%)        500M (100%)        500M (100%)        500M (100%)   
[77.800s][info][gc,heap     ] GC(292)   Reserve:       34M (7%)           34M (7%)           34M (7%)           34M (7%)           34M (7%)           34M (7%)     
[77.800s][info][gc,heap     ] GC(292)      Free:      330M (66%)         270M (54%)         334M (67%)         336M (67%)         336M (67%)         270M (54%)    
[77.800s][info][gc,heap     ] GC(292)      Used:      136M (27%)         196M (39%)         132M (26%)         130M (26%)         196M (39%)         130M (26%)    
[77.800s][info][gc,heap     ] GC(292)      Live:         -                31M (6%)           31M (6%)           31M (6%)             -                  -          
[77.800s][info][gc,heap     ] GC(292) Allocated:         -                60M (12%)          60M (12%)          68M (14%)            -                  -          
[77.800s][info][gc,heap     ] GC(292)   Garbage:         -               104M (21%)          40M (8%)           32M (6%)             -                  -          
[77.800s][info][gc,heap     ] GC(292) Reclaimed:         -                  -                64M (13%)          72M (14%)            -                  -          
[77.800s][info][gc          ] GC(292) Garbage Collection (Allocation Rate) 136M(27%)->130M(26%)
[77.813s][info][gc,start    ] GC(293) Garbage Collection (Allocation Rate)
[77.819s][info][gc,phases   ] GC(293) Pause Mark Start 3.344ms
[77.883s][info][gc,phases   ] GC(293) Concurrent Mark 64.099ms
[77.887s][info][gc,phases   ] GC(293) Pause Mark End 0.458ms
[77.888s][info][gc,phases   ] GC(293) Concurrent Process Non-Strong References 1.579ms
[77.888s][info][gc,phases   ] GC(293) Concurrent Reset Relocation Set 0.003ms
[77.888s][info][gc,phases   ] GC(293) Concurrent Destroy Detached Pages 0.001ms
[77.890s][info][gc,phases   ] GC(293) Concurrent Select Relocation Set 1.582ms
[77.890s][info][gc,phases   ] GC(293) Concurrent Prepare Relocation Set 0.012ms
[77.893s][info][gc,phases   ] GC(293) Pause Relocate Start 2.962ms
[77.900s][info][gc,phases   ] GC(293) Concurrent Relocate 6.748ms
[77.900s][info][gc,load     ] GC(293) Load: 1.94/1.15/0.53
[77.900s][info][gc,mmu      ] GC(293) MMU: 2ms/0.0%, 5ms/0.0%, 10ms/0.0%, 20ms/0.0%, 50ms/57.1%, 100ms/74.9%
[77.900s][info][gc,marking  ] GC(293) Mark: 1 stripe(s), 2 proactive flush(es), 1 terminate flush(es), 0 completion(s), 0 continuation(s) 
[77.900s][info][gc,reloc    ] GC(293) Relocation: Successful, 6M relocated
[77.900s][info][gc,nmethod  ] GC(293) NMethods: 3446 registered, 0 unregistered
[77.900s][info][gc,metaspace] GC(293) Metaspace: 72M used, 76M capacity, 76M committed, 78M reserved
[77.900s][info][gc,ref      ] GC(293) Soft: 2567 encountered, 0 discovered, 0 enqueued
[77.900s][info][gc,ref      ] GC(293) Weak: 4606 encountered, 3616 discovered, 0 enqueued
[77.900s][info][gc,ref      ] GC(293) Final: 27 encountered, 0 discovered, 0 enqueued
[77.900s][info][gc,ref      ] GC(293) Phantom: 652 encountered, 648 discovered, 0 enqueued
[77.900s][info][gc,heap     ] GC(293)                Mark Start          Mark End        Relocate Start      Relocate End           High               Low         
[77.900s][info][gc,heap     ] GC(293)  Capacity:      500M (100%)        500M (100%)        500M (100%)        500M (100%)        500M (100%)        500M (100%)   
[77.900s][info][gc,heap     ] GC(293)   Reserve:       34M (7%)           34M (7%)           34M (7%)           34M (7%)           34M (7%)           34M (7%)     
[77.900s][info][gc,heap     ] GC(293)      Free:      316M (63%)         258M (52%)         338M (68%)         334M (67%)         338M (68%)         258M (52%)    
[77.900s][info][gc,heap     ] GC(293)      Used:      150M (30%)         208M (42%)         128M (26%)         132M (26%)         208M (42%)         128M (26%)    
[77.900s][info][gc,heap     ] GC(293)      Live:         -                31M (6%)           31M (6%)           31M (6%)             -                  -          
[77.900s][info][gc,heap     ] GC(293) Allocated:         -                58M (12%)          58M (12%)          70M (14%)            -                  -          
[77.900s][info][gc,heap     ] GC(293)   Garbage:         -               118M (24%)          38M (8%)           32M (6%)             -                  -          
[77.900s][info][gc,heap     ] GC(293) Reclaimed:         -                  -                80M (16%)          86M (17%)            -                  -          
[77.900s][info][gc          ] GC(293) Garbage Collection (Allocation Rate) 150M(30%)->132M(26%)
[77.914s][info][gc,start    ] GC(294) Garbage Collection (Allocation Rate)
[77.920s][info][gc,phases   ] GC(294) Pause Mark Start 3.364ms
[78.017s][info][gc,phases   ] GC(294) Concurrent Mark 96.827ms
[78.020s][info][gc,phases   ] GC(294) Pause Mark End 0.472ms
[78.022s][info][gc,phases   ] GC(294) Concurrent Process Non-Strong References 1.616ms
[78.022s][info][gc,phases   ] GC(294) Concurrent Reset Relocation Set 0.002ms
[78.022s][info][gc,phases   ] GC(294) Concurrent Destroy Detached Pages 0.000ms
[78.023s][info][gc,phases   ] GC(294) Concurrent Select Relocation Set 1.539ms
[78.023s][info][gc,phases   ] GC(294) Concurrent Prepare Relocation Set 0.012ms
[78.026s][info][gc,phases   ] GC(294) Pause Relocate Start 2.911ms
[78.031s][info][gc,phases   ] GC(294) Concurrent Relocate 4.688ms
[78.031s][info][gc,load     ] GC(294) Load: 1.94/1.15/0.53
[78.031s][info][gc,mmu      ] GC(294) MMU: 2ms/0.0%, 5ms/0.0%, 10ms/0.0%, 20ms/0.0%, 50ms/57.1%, 100ms/74.9%
[78.031s][info][gc,marking  ] GC(294) Mark: 1 stripe(s), 2 proactive flush(es), 1 terminate flush(es), 0 completion(s), 0 continuation(s) 
[78.031s][info][gc,reloc    ] GC(294) Relocation: Successful, 6M relocated
[78.031s][info][gc,nmethod  ] GC(294) NMethods: 3446 registered, 0 unregistered
[78.031s][info][gc,metaspace] GC(294) Metaspace: 72M used, 76M capacity, 76M committed, 78M reserved
[78.031s][info][gc,ref      ] GC(294) Soft: 2567 encountered, 0 discovered, 0 enqueued
[78.031s][info][gc,ref      ] GC(294) Weak: 4606 encountered, 3616 discovered, 0 enqueued
[78.031s][info][gc,ref      ] GC(294) Final: 27 encountered, 0 discovered, 0 enqueued
[78.031s][info][gc,ref      ] GC(294) Phantom: 652 encountered, 648 discovered, 0 enqueued
[78.031s][info][gc,heap     ] GC(294)                Mark Start          Mark End        Relocate Start      Relocate End           High               Low         
[78.031s][info][gc,heap     ] GC(294)  Capacity:      500M (100%)        500M (100%)        500M (100%)        500M (100%)        500M (100%)        500M (100%)   
[78.031s][info][gc,heap     ] GC(294)   Reserve:       34M (7%)           34M (7%)           34M (7%)           34M (7%)           34M (7%)           34M (7%)     
[78.031s][info][gc,heap     ] GC(294)      Free:      310M (62%)         254M (51%)         336M (67%)         340M (68%)         340M (68%)         254M (51%)    
[78.031s][info][gc,heap     ] GC(294)      Used:      156M (31%)         212M (42%)         130M (26%)         126M (25%)         212M (42%)         126M (25%)    
[78.031s][info][gc,heap     ] GC(294)      Live:         -                31M (6%)           31M (6%)           31M (6%)             -                  -          
[78.031s][info][gc,heap     ] GC(294) Allocated:         -                56M (11%)          56M (11%)          64M (13%)            -                  -          
[78.031s][info][gc,heap     ] GC(294)   Garbage:         -               124M (25%)          42M (8%)           32M (6%)             -                  -          
[78.031s][info][gc,heap     ] GC(294) Reclaimed:         -                  -                82M (16%)          92M (18%)            -                  -          
[78.031s][info][gc          ] GC(294) Garbage Collection (Allocation Rate) 156M(31%)->126M(25%)
[78.114s][info][gc,start    ] GC(295) Garbage Collection (Allocation Rate)
[78.122s][info][gc,phases   ] GC(295) Pause Mark Start 5.461ms
[78.208s][info][gc,phases   ] GC(295) Concurrent Mark 81.972ms
[78.215s][info][gc,phases   ] GC(295) Pause Mark End 0.985ms
[78.218s][info][gc,phases   ] GC(295) Concurrent Process Non-Strong References 3.099ms
[78.218s][info][gc,phases   ] GC(295) Concurrent Reset Relocation Set 0.004ms
[78.218s][info][gc,phases   ] GC(295) Concurrent Destroy Detached Pages 0.001ms
[78.221s][info][gc,phases   ] GC(295) Concurrent Select Relocation Set 2.707ms
[78.221s][info][gc,phases   ] GC(295) Concurrent Prepare Relocation Set 0.017ms
[78.228s][info][gc,phases   ] GC(295) Pause Relocate Start 6.704ms
[78.239s][info][gc,phases   ] GC(295) Concurrent Relocate 8.449ms
[78.239s][info][gc,load     ] GC(295) Load: 1.94/1.15/0.53
[78.239s][info][gc,mmu      ] GC(295) MMU: 2ms/0.0%, 5ms/0.0%, 10ms/0.0%, 20ms/0.0%, 50ms/57.1%, 100ms/74.9%
[78.239s][info][gc,marking  ] GC(295) Mark: 1 stripe(s), 2 proactive flush(es), 1 terminate flush(es), 0 completion(s), 0 continuation(s) 
[78.239s][info][gc,reloc    ] GC(295) Relocation: Successful, 6M relocated
[78.239s][info][gc,nmethod  ] GC(295) NMethods: 3446 registered, 0 unregistered
[78.239s][info][gc,metaspace] GC(295) Metaspace: 72M used, 76M capacity, 76M committed, 78M reserved
[78.239s][info][gc,ref      ] GC(295) Soft: 2567 encountered, 0 discovered, 0 enqueued
[78.239s][info][gc,ref      ] GC(295) Weak: 4606 encountered, 3616 discovered, 0 enqueued
[78.239s][info][gc,ref      ] GC(295) Final: 27 encountered, 0 discovered, 0 enqueued
[78.239s][info][gc,ref      ] GC(295) Phantom: 652 encountered, 648 discovered, 0 enqueued
[78.239s][info][gc,heap     ] GC(295)                Mark Start          Mark End        Relocate Start      Relocate End           High               Low         
[78.239s][info][gc,heap     ] GC(295)  Capacity:      500M (100%)        500M (100%)        500M (100%)        500M (100%)        500M (100%)        500M (100%)   
[78.240s][info][gc,heap     ] GC(295)   Reserve:       34M (7%)           34M (7%)           34M (7%)           34M (7%)           34M (7%)           34M (7%)     
[78.240s][info][gc,heap     ] GC(295)      Free:      198M (40%)         134M (27%)         326M (65%)         336M (67%)         336M (67%)         134M (27%)    
[78.240s][info][gc,heap     ] GC(295)      Used:      268M (54%)         332M (66%)         140M (28%)         130M (26%)         332M (66%)         130M (26%)    
[78.240s][info][gc,heap     ] GC(295)      Live:         -                31M (6%)           31M (6%)           31M (6%)             -                  -          
[78.240s][info][gc,heap     ] GC(295) Allocated:         -                64M (13%)          64M (13%)          68M (14%)            -                  -          
[78.240s][info][gc,heap     ] GC(295)   Garbage:         -               236M (47%)          44M (9%)           32M (6%)             -                  -          
[78.240s][info][gc,heap     ] GC(295) Reclaimed:         -                  -               192M (38%)         204M (41%)            -                  -          
[78.240s][info][gc          ] GC(295) Garbage Collection (Allocation Rate) 268M(54%)->130M(26%)
[78.313s][info][gc,start    ] GC(296) Garbage Collection (Allocation Rate)
[78.319s][info][gc,phases   ] GC(296) Pause Mark Start 3.540ms
[78.386s][info][gc,phases   ] GC(296) Concurrent Mark 66.561ms
[78.389s][info][gc,phases   ] GC(296) Pause Mark End 0.463ms
[78.391s][info][gc,phases   ] GC(296) Concurrent Process Non-Strong References 1.622ms
[78.391s][info][gc,phases   ] GC(296) Concurrent Reset Relocation Set 0.003ms
[78.391s][info][gc,phases   ] GC(296) Concurrent Destroy Detached Pages 0.000ms
[78.393s][info][gc,phases   ] GC(296) Concurrent Select Relocation Set 1.513ms
[78.393s][info][gc,phases   ] GC(296) Concurrent Prepare Relocation Set 0.013ms
[78.396s][info][gc,phases   ] GC(296) Pause Relocate Start 2.925ms
[78.401s][info][gc,phases   ] GC(296) Concurrent Relocate 4.832ms
[78.401s][info][gc,load     ] GC(296) Load: 1.94/1.15/0.53
[78.401s][info][gc,mmu      ] GC(296) MMU: 2ms/0.0%, 5ms/0.0%, 10ms/0.0%, 20ms/0.0%, 50ms/57.1%, 100ms/74.9%
[78.401s][info][gc,marking  ] GC(296) Mark: 1 stripe(s), 2 proactive flush(es), 1 terminate flush(es), 0 completion(s), 0 continuation(s) 
[78.401s][info][gc,reloc    ] GC(296) Relocation: Successful, 6M relocated
[78.401s][info][gc,nmethod  ] GC(296) NMethods: 3446 registered, 0 unregistered
[78.401s][info][gc,metaspace] GC(296) Metaspace: 72M used, 76M capacity, 76M committed, 78M reserved
[78.401s][info][gc,ref      ] GC(296) Soft: 2567 encountered, 0 discovered, 0 enqueued
[78.401s][info][gc,ref      ] GC(296) Weak: 4606 encountered, 3616 discovered, 0 enqueued
[78.401s][info][gc,ref      ] GC(296) Final: 27 encountered, 0 discovered, 0 enqueued
[78.401s][info][gc,ref      ] GC(296) Phantom: 652 encountered, 648 discovered, 0 enqueued
[78.401s][info][gc,heap     ] GC(296)                Mark Start          Mark End        Relocate Start      Relocate End           High               Low         
[78.401s][info][gc,heap     ] GC(296)  Capacity:      500M (100%)        500M (100%)        500M (100%)        500M (100%)        500M (100%)        500M (100%)   
[78.401s][info][gc,heap     ] GC(296)   Reserve:       34M (7%)           34M (7%)           34M (7%)           34M (7%)           34M (7%)           34M (7%)     
[78.401s][info][gc,heap     ] GC(296)      Free:      234M (47%)         172M (34%)         334M (67%)         334M (67%)         334M (67%)         172M (34%)    
[78.401s][info][gc,heap     ] GC(296)      Used:      232M (46%)         294M (59%)         132M (26%)         132M (26%)         294M (59%)         132M (26%)    
[78.401s][info][gc,heap     ] GC(296)      Live:         -                31M (6%)           31M (6%)           31M (6%)             -                  -          
[78.401s][info][gc,heap     ] GC(296) Allocated:         -                62M (12%)          62M (12%)          70M (14%)            -                  -          
[78.401s][info][gc,heap     ] GC(296)   Garbage:         -               200M (40%)          38M (8%)           32M (6%)             -                  -          
[78.401s][info][gc,heap     ] GC(296) Reclaimed:         -                  -               162M (32%)         168M (34%)            -                  -          
[78.401s][info][gc          ] GC(296) Garbage Collection (Allocation Rate) 232M(46%)->132M(26%)
[78.413s][info][gc,start    ] GC(297) Garbage Collection (Allocation Rate)
[78.420s][info][gc,phases   ] GC(297) Pause Mark Start 3.448ms
[78.485s][info][gc,phases   ] GC(297) Concurrent Mark 65.031ms
[78.488s][info][gc,phases   ] GC(297) Pause Mark End 0.457ms
[78.490s][info][gc,phases   ] GC(297) Concurrent Process Non-Strong References 1.575ms
[78.490s][info][gc,phases   ] GC(297) Concurrent Reset Relocation Set 0.003ms
[78.490s][info][gc,phases   ] GC(297) Concurrent Destroy Detached Pages 0.001ms
[78.491s][info][gc,phases   ] GC(297) Concurrent Select Relocation Set 1.551ms
[78.491s][info][gc,phases   ] GC(297) Concurrent Prepare Relocation Set 0.013ms
[78.495s][info][gc,phases   ] GC(297) Pause Relocate Start 2.915ms
[78.499s][info][gc,phases   ] GC(297) Concurrent Relocate 4.658ms
[78.499s][info][gc,load     ] GC(297) Load: 1.94/1.15/0.53
[78.499s][info][gc,mmu      ] GC(297) MMU: 2ms/0.0%, 5ms/0.0%, 10ms/0.0%, 20ms/0.0%, 50ms/57.1%, 100ms/74.9%
[78.499s][info][gc,marking  ] GC(297) Mark: 1 stripe(s), 2 proactive flush(es), 1 terminate flush(es), 0 completion(s), 0 continuation(s) 
[78.499s][info][gc,reloc    ] GC(297) Relocation: Successful, 6M relocated
[78.499s][info][gc,nmethod  ] GC(297) NMethods: 3446 registered, 0 unregistered
[78.499s][info][gc,metaspace] GC(297) Metaspace: 72M used, 76M capacity, 76M committed, 78M reserved
[78.499s][info][gc,ref      ] GC(297) Soft: 2567 encountered, 0 discovered, 0 enqueued
[78.499s][info][gc,ref      ] GC(297) Weak: 4606 encountered, 3616 discovered, 0 enqueued
[78.499s][info][gc,ref      ] GC(297) Final: 27 encountered, 0 discovered, 0 enqueued
[78.499s][info][gc,ref      ] GC(297) Phantom: 652 encountered, 648 discovered, 0 enqueued
[78.499s][info][gc,heap     ] GC(297)                Mark Start          Mark End        Relocate Start      Relocate End           High               Low         
[78.499s][info][gc,heap     ] GC(297)  Capacity:      500M (100%)        500M (100%)        500M (100%)        500M (100%)        500M (100%)        500M (100%)   
[78.499s][info][gc,heap     ] GC(297)   Reserve:       34M (7%)           34M (7%)           34M (7%)           34M (7%)           34M (7%)           34M (7%)     
[78.499s][info][gc,heap     ] GC(297)      Free:      312M (62%)         252M (50%)         336M (67%)         336M (67%)         336M (67%)         252M (50%)    
[78.499s][info][gc,heap     ] GC(297)      Used:      154M (31%)         214M (43%)         130M (26%)         130M (26%)         214M (43%)         130M (26%)    
[78.499s][info][gc,heap     ] GC(297)      Live:         -                31M (6%)           31M (6%)           31M (6%)             -                  -          
[78.499s][info][gc,heap     ] GC(297) Allocated:         -                60M (12%)          60M (12%)          68M (14%)            -                  -          
[78.499s][info][gc,heap     ] GC(297)   Garbage:         -               122M (24%)          38M (8%)           32M (6%)             -                  -          
[78.499s][info][gc,heap     ] GC(297) Reclaimed:         -                  -                84M (17%)          90M (18%)            -                  -          
[78.499s][info][gc          ] GC(297) Garbage Collection (Allocation Rate) 154M(31%)->130M(26%)
[78.513s][info][gc,start    ] GC(298) Garbage Collection (Allocation Rate)
[78.520s][info][gc,phases   ] GC(298) Pause Mark Start 3.454ms
[78.588s][info][gc,phases   ] GC(298) Concurrent Mark 68.446ms
[78.592s][info][gc,phases   ] GC(298) Pause Mark End 0.474ms
[78.593s][info][gc,phases   ] GC(298) Concurrent Process Non-Strong References 1.598ms
[78.593s][info][gc,phases   ] GC(298) Concurrent Reset Relocation Set 0.002ms
[78.593s][info][gc,phases   ] GC(298) Concurrent Destroy Detached Pages 0.001ms
[78.595s][info][gc,phases   ] GC(298) Concurrent Select Relocation Set 1.519ms
[78.595s][info][gc,phases   ] GC(298) Concurrent Prepare Relocation Set 0.011ms
[78.598s][info][gc,phases   ] GC(298) Pause Relocate Start 3.214ms
[78.604s][info][gc,phases   ] GC(298) Concurrent Relocate 5.523ms
[78.604s][info][gc,load     ] GC(298) Load: 1.94/1.15/0.53
[78.604s][info][gc,mmu      ] GC(298) MMU: 2ms/0.0%, 5ms/0.0%, 10ms/0.0%, 20ms/0.0%, 50ms/57.1%, 100ms/74.9%
[78.604s][info][gc,marking  ] GC(298) Mark: 1 stripe(s), 2 proactive flush(es), 1 terminate flush(es), 0 completion(s), 0 continuation(s) 
[78.604s][info][gc,reloc    ] GC(298) Relocation: Successful, 6M relocated
[78.604s][info][gc,nmethod  ] GC(298) NMethods: 3446 registered, 0 unregistered
[78.604s][info][gc,metaspace] GC(298) Metaspace: 72M used, 76M capacity, 76M committed, 78M reserved
[78.604s][info][gc,ref      ] GC(298) Soft: 2567 encountered, 0 discovered, 0 enqueued
[78.604s][info][gc,ref      ] GC(298) Weak: 4606 encountered, 3616 discovered, 0 enqueued
[78.604s][info][gc,ref      ] GC(298) Final: 27 encountered, 0 discovered, 0 enqueued
[78.604s][info][gc,ref      ] GC(298) Phantom: 652 encountered, 648 discovered, 0 enqueued
[78.604s][info][gc,heap     ] GC(298)                Mark Start          Mark End        Relocate Start      Relocate End           High               Low         
[78.604s][info][gc,heap     ] GC(298)  Capacity:      500M (100%)        500M (100%)        500M (100%)        500M (100%)        500M (100%)        500M (100%)   
[78.604s][info][gc,heap     ] GC(298)   Reserve:       34M (7%)           34M (7%)           34M (7%)           34M (7%)           34M (7%)           34M (7%)     
[78.604s][info][gc,heap     ] GC(298)      Free:      316M (63%)         252M (50%)         332M (66%)         330M (66%)         332M (66%)         252M (50%)    
[78.604s][info][gc,heap     ] GC(298)      Used:      150M (30%)         214M (43%)         134M (27%)         136M (27%)         214M (43%)         134M (27%)    
[78.604s][info][gc,heap     ] GC(298)      Live:         -                31M (6%)           31M (6%)           31M (6%)             -                  -          
[78.604s][info][gc,heap     ] GC(298) Allocated:         -                64M (13%)          64M (13%)          74M (15%)            -                  -          
[78.604s][info][gc,heap     ] GC(298)   Garbage:         -               118M (24%)          38M (8%)           32M (6%)             -                  -          
[78.604s][info][gc,heap     ] GC(298) Reclaimed:         -                  -                80M (16%)          86M (17%)            -                  -          
[78.604s][info][gc          ] GC(298) Garbage Collection (Allocation Rate) 150M(30%)->136M(27%)
[78.613s][info][gc,start    ] GC(299) Garbage Collection (Allocation Rate)
[78.619s][info][gc,phases   ] GC(299) Pause Mark Start 3.396ms
[78.687s][info][gc,phases   ] GC(299) Concurrent Mark 68.067ms
[78.690s][info][gc,phases   ] GC(299) Pause Mark End 0.462ms
[78.692s][info][gc,phases   ] GC(299) Concurrent Process Non-Strong References 1.609ms
[78.692s][info][gc,phases   ] GC(299) Concurrent Reset Relocation Set 0.003ms
[78.692s][info][gc,phases   ] GC(299) Concurrent Destroy Detached Pages 0.001ms
[78.694s][info][gc,phases   ] GC(299) Concurrent Select Relocation Set 1.566ms
[78.694s][info][gc,phases   ] GC(299) Concurrent Prepare Relocation Set 0.011ms
[78.697s][info][gc,phases   ] GC(299) Pause Relocate Start 3.096ms
[78.704s][info][gc,phases   ] GC(299) Concurrent Relocate 6.399ms
[78.704s][info][gc,load     ] GC(299) Load: 1.94/1.15/0.53
[78.704s][info][gc,mmu      ] GC(299) MMU: 2ms/0.0%, 5ms/0.0%, 10ms/0.0%, 20ms/0.0%, 50ms/57.1%, 100ms/74.9%
[78.704s][info][gc,marking  ] GC(299) Mark: 1 stripe(s), 2 proactive flush(es), 1 terminate flush(es), 0 completion(s), 0 continuation(s) 
[78.704s][info][gc,reloc    ] GC(299) Relocation: Successful, 6M relocated
[78.704s][info][gc,nmethod  ] GC(299) NMethods: 3446 registered, 0 unregistered
[78.704s][info][gc,metaspace] GC(299) Metaspace: 72M used, 76M capacity, 76M committed, 78M reserved
[78.704s][info][gc,ref      ] GC(299) Soft: 2567 encountered, 0 discovered, 0 enqueued
[78.704s][info][gc,ref      ] GC(299) Weak: 4606 encountered, 3616 discovered, 0 enqueued
[78.704s][info][gc,ref      ] GC(299) Final: 27 encountered, 0 discovered, 0 enqueued
[78.704s][info][gc,ref      ] GC(299) Phantom: 652 encountered, 648 discovered, 0 enqueued
[78.704s][info][gc,heap     ] GC(299)                Mark Start          Mark End        Relocate Start      Relocate End           High               Low         
[78.704s][info][gc,heap     ] GC(299)  Capacity:      500M (100%)        500M (100%)        500M (100%)        500M (100%)        500M (100%)        500M (100%)   
[78.704s][info][gc,heap     ] GC(299)   Reserve:       34M (7%)           34M (7%)           34M (7%)           34M (7%)           34M (7%)           34M (7%)     
[78.704s][info][gc,heap     ] GC(299)      Free:      316M (63%)         254M (51%)         334M (67%)         332M (66%)         334M (67%)         254M (51%)    
[78.704s][info][gc,heap     ] GC(299)      Used:      150M (30%)         212M (42%)         132M (26%)         134M (27%)         212M (42%)         132M (26%)    
[78.704s][info][gc,heap     ] GC(299)      Live:         -                31M (6%)           31M (6%)           31M (6%)             -                  -          
[78.704s][info][gc,heap     ] GC(299) Allocated:         -                62M (12%)          62M (12%)          72M (14%)            -                  -          
[78.704s][info][gc,heap     ] GC(299)   Garbage:         -               118M (24%)          38M (8%)           32M (6%)             -                  -          
[78.704s][info][gc,heap     ] GC(299) Reclaimed:         -                  -                80M (16%)          86M (17%)            -                  -          
[78.704s][info][gc          ] GC(299) Garbage Collection (Allocation Rate) 150M(30%)->134M(27%)
[78.713s][info][gc,start    ] GC(300) Garbage Collection (Allocation Rate)
[78.720s][info][gc,phases   ] GC(300) Pause Mark Start 3.698ms
[78.789s][info][gc,phases   ] GC(300) Concurrent Mark 68.667ms
[78.792s][info][gc,phases   ] GC(300) Pause Mark End 0.451ms
[78.794s][info][gc,phases   ] GC(300) Concurrent Process Non-Strong References 1.566ms
[78.794s][info][gc,phases   ] GC(300) Concurrent Reset Relocation Set 0.002ms
[78.794s][info][gc,phases   ] GC(300) Concurrent Destroy Detached Pages 0.001ms
[78.795s][info][gc,phases   ] GC(300) Concurrent Select Relocation Set 1.567ms
[78.795s][info][gc,phases   ] GC(300) Concurrent Prepare Relocation Set 0.012ms
[78.799s][info][gc,phases   ] GC(300) Pause Relocate Start 3.054ms
[78.803s][info][gc,phases   ] GC(300) Concurrent Relocate 4.800ms
[78.804s][info][gc,load     ] GC(300) Load: 1.94/1.15/0.53
[78.804s][info][gc,mmu      ] GC(300) MMU: 2ms/0.0%, 5ms/0.0%, 10ms/0.0%, 20ms/0.0%, 50ms/57.1%, 100ms/74.9%
[78.804s][info][gc,marking  ] GC(300) Mark: 1 stripe(s), 2 proactive flush(es), 1 terminate flush(es), 0 completion(s), 0 continuation(s) 
[78.804s][info][gc,reloc    ] GC(300) Relocation: Successful, 6M relocated
[78.804s][info][gc,nmethod  ] GC(300) NMethods: 3446 registered, 0 unregistered
[78.804s][info][gc,metaspace] GC(300) Metaspace: 72M used, 76M capacity, 76M committed, 78M reserved
[78.804s][info][gc,ref      ] GC(300) Soft: 2567 encountered, 0 discovered, 0 enqueued
[78.804s][info][gc,ref      ] GC(300) Weak: 4606 encountered, 3616 discovered, 0 enqueued
[78.804s][info][gc,ref      ] GC(300) Final: 27 encountered, 0 discovered, 0 enqueued
[78.804s][info][gc,ref      ] GC(300) Phantom: 652 encountered, 648 discovered, 0 enqueued
[78.804s][info][gc,heap     ] GC(300)                Mark Start          Mark End        Relocate Start      Relocate End           High               Low         
[78.804s][info][gc,heap     ] GC(300)  Capacity:      500M (100%)        500M (100%)        500M (100%)        500M (100%)        500M (100%)        500M (100%)   
[78.804s][info][gc,heap     ] GC(300)   Reserve:       34M (7%)           34M (7%)           34M (7%)           34M (7%)           34M (7%)           34M (7%)     
[78.804s][info][gc,heap     ] GC(300)      Free:      314M (63%)         252M (50%)         332M (66%)         334M (67%)         334M (67%)         252M (50%)    
[78.804s][info][gc,heap     ] GC(300)      Used:      152M (30%)         214M (43%)         134M (27%)         132M (26%)         214M (43%)         132M (26%)    
[78.804s][info][gc,heap     ] GC(300)      Live:         -                31M (6%)           31M (6%)           31M (6%)             -                  -          
[78.804s][info][gc,heap     ] GC(300) Allocated:         -                62M (12%)          62M (12%)          70M (14%)            -                  -          
[78.804s][info][gc,heap     ] GC(300)   Garbage:         -               120M (24%)          40M (8%)           34M (7%)             -                  -          
[78.804s][info][gc,heap     ] GC(300) Reclaimed:         -                  -                80M (16%)          86M (17%)            -                  -          
[78.804s][info][gc          ] GC(300) Garbage Collection (Allocation Rate) 152M(30%)->132M(26%)
[78.813s][info][gc,start    ] GC(301) Garbage Collection (Allocation Rate)
[78.819s][info][gc,phases   ] GC(301) Pause Mark Start 3.362ms
[78.889s][info][gc,phases   ] GC(301) Concurrent Mark 70.015ms
[78.893s][info][gc,phases   ] GC(301) Pause Mark End 0.442ms
[78.894s][info][gc,phases   ] GC(301) Concurrent Process Non-Strong References 1.594ms
[78.894s][info][gc,phases   ] GC(301) Concurrent Reset Relocation Set 0.003ms
[78.894s][info][gc,phases   ] GC(301) Concurrent Destroy Detached Pages 0.001ms
[78.896s][info][gc,phases   ] GC(301) Concurrent Select Relocation Set 1.581ms
[78.896s][info][gc,phases   ] GC(301) Concurrent Prepare Relocation Set 0.012ms
[78.899s][info][gc,phases   ] GC(301) Pause Relocate Start 3.026ms
[78.904s][info][gc,phases   ] GC(301) Concurrent Relocate 4.399ms
[78.904s][info][gc,load     ] GC(301) Load: 1.94/1.15/0.53
[78.904s][info][gc,mmu      ] GC(301) MMU: 2ms/0.0%, 5ms/0.0%, 10ms/0.0%, 20ms/0.0%, 50ms/57.1%, 100ms/74.9%
[78.904s][info][gc,marking  ] GC(301) Mark: 1 stripe(s), 2 proactive flush(es), 1 terminate flush(es), 0 completion(s), 0 continuation(s) 
[78.904s][info][gc,reloc    ] GC(301) Relocation: Successful, 6M relocated
[78.904s][info][gc,nmethod  ] GC(301) NMethods: 3446 registered, 0 unregistered
[78.904s][info][gc,metaspace] GC(301) Metaspace: 72M used, 76M capacity, 76M committed, 78M reserved
[78.904s][info][gc,ref      ] GC(301) Soft: 2567 encountered, 0 discovered, 0 enqueued
[78.904s][info][gc,ref      ] GC(301) Weak: 4606 encountered, 3616 discovered, 0 enqueued
[78.904s][info][gc,ref      ] GC(301) Final: 27 encountered, 0 discovered, 0 enqueued
[78.904s][info][gc,ref      ] GC(301) Phantom: 652 encountered, 648 discovered, 0 enqueued
[78.904s][info][gc,heap     ] GC(301)                Mark Start          Mark End        Relocate Start      Relocate End           High               Low         
[78.904s][info][gc,heap     ] GC(301)  Capacity:      500M (100%)        500M (100%)        500M (100%)        500M (100%)        500M (100%)        500M (100%)   
[78.904s][info][gc,heap     ] GC(301)   Reserve:       34M (7%)           34M (7%)           34M (7%)           34M (7%)           34M (7%)           34M (7%)     
[78.904s][info][gc,heap     ] GC(301)      Free:      318M (64%)         256M (51%)         334M (67%)         334M (67%)         334M (67%)         256M (51%)    
[78.904s][info][gc,heap     ] GC(301)      Used:      148M (30%)         210M (42%)         132M (26%)         132M (26%)         210M (42%)         132M (26%)    
[78.904s][info][gc,heap     ] GC(301)      Live:         -                31M (6%)           31M (6%)           31M (6%)             -                  -          
[78.904s][info][gc,heap     ] GC(301) Allocated:         -                62M (12%)          62M (12%)          70M (14%)            -                  -          
[78.904s][info][gc,heap     ] GC(301)   Garbage:         -               116M (23%)          38M (8%)           34M (7%)             -                  -          
[78.904s][info][gc,heap     ] GC(301) Reclaimed:         -                  -                78M (16%)          82M (16%)            -                  -          
[78.904s][info][gc          ] GC(301) Garbage Collection (Allocation Rate) 148M(30%)->132M(26%)
[78.913s][info][gc,start    ] GC(302) Garbage Collection (Allocation Rate)
[78.919s][info][gc,phases   ] GC(302) Pause Mark Start 3.440ms
[78.962s][info][gc,heap     ] Page Cache Flushed: 6M requested, 10M(298M->288M) flushed
[79.035s][info][gc,phases   ] GC(302) Concurrent Mark 115.634ms
[79.036s][info][gc,phases   ] GC(302) Pause Mark End 0.426ms
[79.037s][info][gc,phases   ] GC(302) Concurrent Process Non-Strong References 1.589ms
[79.037s][info][gc,phases   ] GC(302) Concurrent Reset Relocation Set 0.003ms
[79.037s][info][gc,phases   ] GC(302) Concurrent Destroy Detached Pages 0.005ms
[79.039s][info][gc,phases   ] GC(302) Concurrent Select Relocation Set 1.520ms
[79.039s][info][gc,phases   ] GC(302) Concurrent Prepare Relocation Set 0.012ms
[79.043s][info][gc,phases   ] GC(302) Pause Relocate Start 3.989ms
[79.044s][info][gc,phases   ] GC(302) Concurrent Relocate 0.893ms
[79.044s][info][gc,load     ] GC(302) Load: 1.94/1.15/0.53
[79.044s][info][gc,mmu      ] GC(302) MMU: 2ms/0.0%, 5ms/0.0%, 10ms/0.0%, 20ms/0.0%, 50ms/57.1%, 100ms/74.9%
[79.044s][info][gc,marking  ] GC(302) Mark: 1 stripe(s), 3 proactive flush(es), 1 terminate flush(es), 0 completion(s), 0 continuation(s) 
[79.044s][info][gc,reloc    ] GC(302) Relocation: Successful, 6M relocated
[79.044s][info][gc,nmethod  ] GC(302) NMethods: 3499 registered, 0 unregistered
[79.044s][info][gc,metaspace] GC(302) Metaspace: 72M used, 76M capacity, 77M committed, 78M reserved
[79.044s][info][gc,ref      ] GC(302) Soft: 2567 encountered, 0 discovered, 0 enqueued
[79.044s][info][gc,ref      ] GC(302) Weak: 4606 encountered, 3614 discovered, 0 enqueued
[79.044s][info][gc,ref      ] GC(302) Final: 27 encountered, 0 discovered, 0 enqueued
[79.044s][info][gc,ref      ] GC(302) Phantom: 652 encountered, 648 discovered, 0 enqueued
[79.044s][info][gc,heap     ] GC(302)                Mark Start          Mark End        Relocate Start      Relocate End           High               Low         
[79.044s][info][gc,heap     ] GC(302)  Capacity:      500M (100%)        500M (100%)        500M (100%)        500M (100%)        500M (100%)        500M (100%)   
[79.044s][info][gc,heap     ] GC(302)   Reserve:       34M (7%)           34M (7%)           34M (7%)           34M (7%)           34M (7%)           34M (7%)     
[79.044s][info][gc,heap     ] GC(302)      Free:      320M (64%)         286M (57%)         360M (72%)         368M (74%)         368M (74%)         286M (57%)    
[79.044s][info][gc,heap     ] GC(302)      Used:      146M (29%)         180M (36%)         106M (21%)          98M (20%)         180M (36%)          98M (20%)    
[79.044s][info][gc,heap     ] GC(302)      Live:         -                31M (6%)           31M (6%)           31M (6%)             -                  -          
[79.044s][info][gc,heap     ] GC(302) Allocated:         -                34M (7%)           34M (7%)           36M (7%)             -                  -          
[79.044s][info][gc,heap     ] GC(302)   Garbage:         -               114M (23%)          40M (8%)           32M (6%)             -                  -          
[79.044s][info][gc,heap     ] GC(302) Reclaimed:         -                  -                74M (15%)          82M (16%)            -                  -          
[79.044s][info][gc          ] GC(302) Garbage Collection (Allocation Rate) 146M(29%)->98M(20%)
[79.044s][info][gc,start    ] GC(303) Garbage Collection (System.gc())
[79.048s][info][gc,phases   ] GC(303) Pause Mark Start 3.463ms
[79.089s][info][gc,phases   ] GC(303) Concurrent Mark 40.854ms
[79.090s][info][gc,phases   ] GC(303) Pause Mark End 0.417ms
[79.091s][info][gc,phases   ] GC(303) Concurrent Process Non-Strong References 1.737ms
[79.092s][info][gc,phases   ] GC(303) Concurrent Reset Relocation Set 0.003ms
[79.092s][info][gc,phases   ] GC(303) Concurrent Destroy Detached Pages 0.000ms
[79.094s][info][gc,phases   ] GC(303) Concurrent Select Relocation Set 1.545ms
[79.094s][info][gc,phases   ] GC(303) Concurrent Prepare Relocation Set 0.015ms
[79.100s][info][gc,phases   ] GC(303) Pause Relocate Start 3.115ms
[79.102s][info][gc,phases   ] GC(303) Concurrent Relocate 1.771ms
[79.102s][info][gc,load     ] GC(303) Load: 1.94/1.15/0.53
[79.102s][info][gc,mmu      ] GC(303) MMU: 2ms/0.0%, 5ms/0.0%, 10ms/0.0%, 20ms/0.0%, 50ms/57.1%, 100ms/74.9%
[79.102s][info][gc,marking  ] GC(303) Mark: 1 stripe(s), 2 proactive flush(es), 1 terminate flush(es), 0 completion(s), 0 continuation(s) 
[79.102s][info][gc,reloc    ] GC(303) Relocation: Successful, 5M relocated
[79.102s][info][gc,nmethod  ] GC(303) NMethods: 3499 registered, 0 unregistered
[79.102s][info][gc,metaspace] GC(303) Metaspace: 72M used, 76M capacity, 77M committed, 78M reserved
[79.102s][info][gc,ref      ] GC(303) Soft: 2565 encountered, 0 discovered, 0 enqueued
[79.102s][info][gc,ref      ] GC(303) Weak: 4690 encountered, 3745 discovered, 124 enqueued
[79.102s][info][gc,ref      ] GC(303) Final: 27 encountered, 0 discovered, 0 enqueued
[79.102s][info][gc,ref      ] GC(303) Phantom: 651 encountered, 647 discovered, 0 enqueued
[79.102s][info][gc,heap     ] GC(303)                Mark Start          Mark End        Relocate Start      Relocate End           High               Low         
[79.102s][info][gc,heap     ] GC(303)  Capacity:      500M (100%)        500M (100%)        500M (100%)        500M (100%)        500M (100%)        500M (100%)   
[79.102s][info][gc,heap     ] GC(303)   Reserve:       34M (7%)           34M (7%)           34M (7%)           34M (7%)           34M (7%)           34M (7%)     
[79.102s][info][gc,heap     ] GC(303)      Free:      368M (74%)         366M (73%)         394M (79%)         400M (80%)         400M (80%)         366M (73%)    
[79.102s][info][gc,heap     ] GC(303)      Used:       98M (20%)         100M (20%)          72M (14%)          66M (13%)         100M (20%)          66M (13%)    
[79.102s][info][gc,heap     ] GC(303)      Live:         -                31M (6%)           31M (6%)           31M (6%)             -                  -          
[79.102s][info][gc,heap     ] GC(303) Allocated:         -                 2M (0%)            2M (0%)            4M (1%)             -                  -          
[79.102s][info][gc,heap     ] GC(303)   Garbage:         -                66M (13%)          38M (8%)           32M (6%)             -                  -          
[79.102s][info][gc,heap     ] GC(303) Reclaimed:         -                  -                28M (6%)           34M (7%)             -                  -          
[79.102s][info][gc          ] GC(303) Garbage Collection (System.gc()) 98M(20%)->66M(13%)
[79.107s][info][gc,heap     ] Page Cache Flushed: 30M requested, 30M(398M->368M) flushed
[79.114s][info][gc,start    ] GC(304) Garbage Collection (Allocation Rate)
[79.123s][info][gc,phases   ] GC(304) Pause Mark Start 3.513ms
[79.159s][info][gc,heap     ] Page Cache Flushed: 6M requested, 6M(360M->354M) flushed
[79.311s][info][gc,heap     ] Page Cache Flushed: 32M requested, 32M(304M->272M) flushed
[79.315s][info][gc,phases   ] GC(304) Concurrent Mark 191.878ms
[79.319s][info][gc,phases   ] GC(304) Pause Mark End 0.585ms
[79.321s][info][gc,phases   ] GC(304) Concurrent Process Non-Strong References 1.608ms
[79.321s][info][gc,phases   ] GC(304) Concurrent Reset Relocation Set 0.003ms
[79.321s][info][gc,phases   ] GC(304) Concurrent Destroy Detached Pages 0.031ms
[79.322s][info][gc,phases   ] GC(304) Concurrent Select Relocation Set 1.494ms
[79.322s][info][gc,phases   ] GC(304) Concurrent Prepare Relocation Set 0.021ms
[79.326s][info][gc,phases   ] GC(304) Pause Relocate Start 3.092ms
[79.335s][info][gc,phases   ] GC(304) Concurrent Relocate 9.154ms
[79.335s][info][gc,load     ] GC(304) Load: 1.94/1.15/0.53
[79.335s][info][gc,mmu      ] GC(304) MMU: 2ms/0.0%, 5ms/0.0%, 10ms/0.0%, 20ms/0.0%, 50ms/57.1%, 100ms/74.9%
[79.335s][info][gc,marking  ] GC(304) Mark: 1 stripe(s), 2 proactive flush(es), 1 terminate flush(es), 0 completion(s), 0 continuation(s) 
[79.335s][info][gc,reloc    ] GC(304) Relocation: Successful, 5M relocated
[79.335s][info][gc,nmethod  ] GC(304) NMethods: 3539 registered, 0 unregistered
[79.335s][info][gc,metaspace] GC(304) Metaspace: 72M used, 76M capacity, 77M committed, 78M reserved
[79.335s][info][gc,ref      ] GC(304) Soft: 2565 encountered, 0 discovered, 0 enqueued
[79.335s][info][gc,ref      ] GC(304) Weak: 4570 encountered, 3622 discovered, 1 enqueued
[79.335s][info][gc,ref      ] GC(304) Final: 27 encountered, 0 discovered, 0 enqueued
[79.335s][info][gc,ref      ] GC(304) Phantom: 651 encountered, 647 discovered, 0 enqueued
[79.335s][info][gc,heap     ] GC(304)                Mark Start          Mark End        Relocate Start      Relocate End           High               Low         
[79.335s][info][gc,heap     ] GC(304)  Capacity:      500M (100%)        500M (100%)        500M (100%)        500M (100%)        500M (100%)        500M (100%)   
[79.335s][info][gc,heap     ] GC(304)   Reserve:       34M (7%)           34M (7%)           34M (7%)           34M (7%)           34M (7%)           34M (7%)     
[79.335s][info][gc,heap     ] GC(304)      Free:      364M (73%)         272M (54%)         304M (61%)         300M (60%)         364M (73%)         272M (54%)    
[79.335s][info][gc,heap     ] GC(304)      Used:      102M (20%)         194M (39%)         162M (32%)         166M (33%)         194M (39%)         102M (20%)    
[79.335s][info][gc,heap     ] GC(304)      Live:         -                31M (6%)           31M (6%)           31M (6%)             -                  -          
[79.335s][info][gc,heap     ] GC(304) Allocated:         -                92M (18%)          92M (18%)         104M (21%)            -                  -          
[79.335s][info][gc,heap     ] GC(304)   Garbage:         -                70M (14%)          38M (8%)           32M (6%)             -                  -          
[79.335s][info][gc,heap     ] GC(304) Reclaimed:         -                  -                32M (6%)           38M (8%)             -                  -          
[79.335s][info][gc          ] GC(304) Garbage Collection (Allocation Rate) 102M(20%)->166M(33%)
[79.413s][info][gc,start    ] GC(305) Garbage Collection (Allocation Rate)
[79.420s][info][gc,phases   ] GC(305) Pause Mark Start 3.636ms
[79.594s][info][gc,phases   ] GC(305) Concurrent Mark 173.897ms
[79.597s][info][gc,phases   ] GC(305) Pause Mark End 0.506ms
[79.599s][info][gc,phases   ] GC(305) Concurrent Process Non-Strong References 1.675ms
[79.599s][info][gc,phases   ] GC(305) Concurrent Reset Relocation Set 0.002ms
[79.599s][info][gc,phases   ] GC(305) Concurrent Destroy Detached Pages 0.000ms
[79.601s][info][gc,phases   ] GC(305) Concurrent Select Relocation Set 1.561ms
[79.601s][info][gc,phases   ] GC(305) Concurrent Prepare Relocation Set 0.308ms
[79.605s][info][gc,phases   ] GC(305) Pause Relocate Start 3.811ms
[79.657s][info][gc,phases   ] GC(305) Concurrent Relocate 51.649ms
[79.657s][info][gc,load     ] GC(305) Load: 1.94/1.15/0.53
[79.657s][info][gc,mmu      ] GC(305) MMU: 2ms/0.0%, 5ms/0.0%, 10ms/0.0%, 20ms/0.0%, 50ms/57.1%, 100ms/74.9%
[79.657s][info][gc,marking  ] GC(305) Mark: 1 stripe(s), 2 proactive flush(es), 1 terminate flush(es), 0 completion(s), 0 continuation(s) 
[79.657s][info][gc,reloc    ] GC(305) Relocation: Successful, 15M relocated
[79.657s][info][gc,nmethod  ] GC(305) NMethods: 3543 registered, 0 unregistered
[79.657s][info][gc,metaspace] GC(305) Metaspace: 72M used, 76M capacity, 77M committed, 78M reserved
[79.657s][info][gc,ref      ] GC(305) Soft: 2571 encountered, 0 discovered, 0 enqueued
[79.657s][info][gc,ref      ] GC(305) Weak: 4668 encountered, 3667 discovered, 27 enqueued
[79.657s][info][gc,ref      ] GC(305) Final: 27 encountered, 0 discovered, 0 enqueued
[79.657s][info][gc,ref      ] GC(305) Phantom: 652 encountered, 648 discovered, 0 enqueued
[79.657s][info][gc,heap     ] GC(305)                Mark Start          Mark End        Relocate Start      Relocate End           High               Low         
[79.657s][info][gc,heap     ] GC(305)  Capacity:      500M (100%)        500M (100%)        500M (100%)        500M (100%)        500M (100%)        500M (100%)   
[79.657s][info][gc,heap     ] GC(305)   Reserve:       34M (7%)           34M (7%)           34M (7%)           34M (7%)           34M (7%)           34M (7%)     
[79.657s][info][gc,heap     ] GC(305)      Free:      206M (41%)          24M (5%)           30M (6%)          172M (34%)         206M (41%)          14M (3%)     
[79.657s][info][gc,heap     ] GC(305)      Used:      260M (52%)         442M (88%)         436M (87%)         294M (59%)         452M (90%)         260M (52%)    
[79.657s][info][gc,heap     ] GC(305)      Live:         -                41M (8%)           41M (8%)           41M (8%)             -                  -          
[79.657s][info][gc,heap     ] GC(305) Allocated:         -               182M (36%)         182M (36%)         264M (53%)            -                  -          
[79.657s][info][gc,heap     ] GC(305)   Garbage:         -               218M (44%)         212M (42%)           0M (0%)             -                  -          
[79.657s][info][gc,heap     ] GC(305) Reclaimed:         -                  -                 6M (1%)          218M (44%)            -                  -          
[79.657s][info][gc          ] GC(305) Garbage Collection (Allocation Rate) 260M(52%)->294M(59%)
[79.699s][info][gc,heap     ] Page Cache Flushed: 2M requested, 32M(64M->32M) flushed
[79.713s][info][gc,start    ] GC(306) Garbage Collection (Allocation Rate)
[79.720s][info][gc,phases   ] GC(306) Pause Mark Start 3.596ms
[79.729s][info][gc,heap     ] Page Cache Flushed: 2M requested, 32M(32M->0M) flushed
[79.851s][info][gc,phases   ] GC(306) Concurrent Mark 130.763ms
[79.852s][info][gc,phases   ] GC(306) Pause Mark End 0.494ms
[79.853s][info][gc,phases   ] GC(306) Concurrent Process Non-Strong References 1.579ms
[79.853s][info][gc,phases   ] GC(306) Concurrent Reset Relocation Set 0.020ms
[79.853s][info][gc,phases   ] GC(306) Concurrent Destroy Detached Pages 0.004ms
[79.855s][info][gc,phases   ] GC(306) Concurrent Select Relocation Set 1.605ms
[79.857s][info][gc,phases   ] GC(306) Concurrent Prepare Relocation Set 1.788ms
[79.860s][info][gc,phases   ] GC(306) Pause Relocate Start 3.342ms
[79.861s][info][gc          ] Allocation Stall (Executor task launch worker for task 0.0 in stage 21.0 (TID 21)) 95.365ms
[79.862s][info][gc          ] Allocation Stall (Spark Context Cleaner) 66.750ms
[79.862s][info][gc          ] Allocation Stall (Executor task launch worker for task 0.0 in stage 21.0 (TID 21)) 0.447ms
[79.864s][info][gc          ] Allocation Stall (Executor task launch worker for task 0.0 in stage 21.0 (TID 21)) 0.301ms
[79.870s][info][gc          ] Allocation Stall (Executor task launch worker for task 0.0 in stage 21.0 (TID 21)) 5.566ms
[80.040s][info][gc,phases   ] GC(306) Concurrent Relocate 179.079ms
[80.040s][info][gc,load     ] GC(306) Load: 1.94/1.15/0.53
[80.040s][info][gc,mmu      ] GC(306) MMU: 2ms/0.0%, 5ms/0.0%, 10ms/0.0%, 20ms/0.0%, 50ms/57.1%, 100ms/74.9%
[80.040s][info][gc,marking  ] GC(306) Mark: 1 stripe(s), 2 proactive flush(es), 1 terminate flush(es), 0 completion(s), 0 continuation(s) 
[80.040s][info][gc,reloc    ] GC(306) Relocation: Successful, 30M relocated
[80.040s][info][gc,nmethod  ] GC(306) NMethods: 3543 registered, 0 unregistered
[80.040s][info][gc,metaspace] GC(306) Metaspace: 72M used, 76M capacity, 77M committed, 78M reserved
[80.040s][info][gc,ref      ] GC(306) Soft: 2571 encountered, 0 discovered, 0 enqueued
[80.040s][info][gc,ref      ] GC(306) Weak: 4641 encountered, 3645 discovered, 0 enqueued
[80.040s][info][gc,ref      ] GC(306) Final: 27 encountered, 0 discovered, 0 enqueued
[80.040s][info][gc,ref      ] GC(306) Phantom: 652 encountered, 648 discovered, 0 enqueued
[80.040s][info][gc,heap     ] GC(306)                Mark Start          Mark End        Relocate Start      Relocate End           High               Low         
[80.040s][info][gc,heap     ] GC(306)  Capacity:      500M (100%)        500M (100%)        500M (100%)        500M (100%)        500M (100%)        500M (100%)   
[80.040s][info][gc,heap     ] GC(306)   Reserve:       34M (7%)           34M (7%)           34M (7%)           34M (7%)           34M (7%)           32M (6%)     
[80.040s][info][gc,heap     ] GC(306)      Free:       36M (7%)            0M (0%)            0M (0%)          124M (25%)         132M (26%)           0M (0%)     
[80.040s][info][gc,heap     ] GC(306)      Used:      430M (86%)         466M (93%)         466M (93%)         342M (68%)         468M (94%)         334M (67%)    
[80.040s][info][gc,heap     ] GC(306)      Live:         -                71M (14%)          71M (14%)          71M (14%)            -                  -          
[80.040s][info][gc,heap     ] GC(306) Allocated:         -                36M (7%)           36M (7%)          266M (53%)            -                  -          
[80.040s][info][gc,heap     ] GC(306)   Garbage:         -               358M (72%)         358M (72%)          32M (6%)             -                  -          
[80.040s][info][gc,heap     ] GC(306) Reclaimed:         -                  -                 0M (0%)          326M (65%)            -                  -          
[80.040s][info][gc          ] GC(306) Garbage Collection (Allocation Rate) 430M(86%)->342M(68%)
[80.083s][info][gc,start    ] GC(307) Garbage Collection (Allocation Stall)
[80.083s][info][gc,ref      ] GC(307) Clearing All Soft References
[80.087s][info][gc,phases   ] GC(307) Pause Mark Start 3.535ms
[80.113s][info][gc,stats    ] === Garbage Collection Statistics =======================================================================================================================
[80.113s][info][gc,stats    ]                                                              Last 10s              Last 10m              Last 10h                Total
[80.113s][info][gc,stats    ]                                                              Avg / Max             Avg / Max             Avg / Max             Avg / Max
[80.113s][info][gc,stats    ]   Collector: Garbage Collection Cycle                    181.005 / 595.653     192.996 / 786.210     192.996 / 786.210     192.996 / 786.210     ms
[80.113s][info][gc,stats    ]  Contention: Mark Segment Reset Contention                     0 / 0                 0 / 0                 0 / 0                 0 / 0           ops/s
[80.113s][info][gc,stats    ]  Contention: Mark SeqNum Reset Contention                      0 / 0                 0 / 0                 0 / 0                 0 / 0           ops/s
[80.113s][info][gc,stats    ]  Contention: Relocation Contention                             0 / 3                 0 / 3                 0 / 3                 0 / 3           ops/s
[80.113s][info][gc,stats    ]    Critical: Allocation Stall                             36.230 / 295.058      36.194 / 295.058      36.194 / 295.058      36.194 / 295.058     ms
[80.113s][info][gc,stats    ]    Critical: Allocation Stall                                  7 / 26                5 / 26                5 / 26                5 / 26          ops/s
[80.113s][info][gc,stats    ]    Critical: GC Locker Stall                               0.000 / 0.000         2.158 / 4.829         2.158 / 4.829         2.158 / 4.829       ms
[80.113s][info][gc,stats    ]    Critical: GC Locker Stall                                   0 / 0                 0 / 1                 0 / 1                 0 / 1           ops/s
[80.113s][info][gc,stats    ]      Memory: Allocation Rate                                 767 / 948             613 / 1288            613 / 1288            613 / 1288        MB/s
[80.113s][info][gc,stats    ]      Memory: Heap Used After Mark                            323 / 466             321 / 466             321 / 466             321 / 466         MB
[80.113s][info][gc,stats    ]      Memory: Heap Used After Relocation                      203 / 388             201 / 438             201 / 438             201 / 438         MB
[80.113s][info][gc,stats    ]      Memory: Heap Used Before Mark                           260 / 464             253 / 466             253 / 466             253 / 466         MB
[80.113s][info][gc,stats    ]      Memory: Heap Used Before Relocation                     241 / 466             237 / 466             237 / 466             237 / 466         MB
[80.113s][info][gc,stats    ]      Memory: Out Of Memory                                     0 / 0                 0 / 0                 0 / 0                 0 / 0           ops/s
[80.113s][info][gc,stats    ]      Memory: Page Cache Flush                                 49 / 180              30 / 180              30 / 180              30 / 180         MB/s
[80.113s][info][gc,stats    ]      Memory: Page Cache Hit L1                               374 / 438             298 / 653             298 / 653             298 / 653         ops/s
[80.113s][info][gc,stats    ]      Memory: Page Cache Hit L2                                 0 / 0                 0 / 0                 0 / 0                 0 / 0           ops/s
[80.113s][info][gc,stats    ]      Memory: Page Cache Miss                                  12 / 38               10 / 154              10 / 154              10 / 154         ops/s
[80.113s][info][gc,stats    ]      Memory: Undo Object Allocation Failed                     0 / 0                 0 / 0                 0 / 0                 0 / 0           ops/s
[80.113s][info][gc,stats    ]      Memory: Undo Object Allocation Succeeded                  0 / 3                 0 / 3                 0 / 3                 0 / 3           ops/s
[80.113s][info][gc,stats    ]      Memory: Undo Page Allocation                              1 / 4                 0 / 4                 0 / 4                 0 / 4           ops/s
[80.113s][info][gc,stats    ]       Phase: Concurrent Destroy Detached Pages             0.004 / 0.031         0.003 / 0.045         0.003 / 0.045         0.003 / 0.045       ms
[80.113s][info][gc,stats    ]       Phase: Concurrent Mark                             128.216 / 434.552     137.710 / 582.256     137.710 / 582.256     137.710 / 582.256     ms
[80.113s][info][gc,stats    ]       Phase: Concurrent Mark Continue                      0.000 / 0.000         0.000 / 0.000         0.000 / 0.000         0.000 / 0.000       ms
[80.113s][info][gc,stats    ]       Phase: Concurrent Prepare Relocation Set             0.447 / 2.402         0.602 / 11.639        0.602 / 11.639        0.602 / 11.639      ms
[80.113s][info][gc,stats    ]       Phase: Concurrent Process Non-Strong References      1.627 / 3.099         1.781 / 8.686         1.781 / 8.686         1.781 / 8.686       ms
[80.113s][info][gc,stats    ]       Phase: Concurrent Relocate                          34.944 / 179.079      38.530 / 371.224      38.530 / 371.224      38.530 / 371.224     ms
[80.113s][info][gc,stats    ]       Phase: Concurrent Reset Relocation Set               0.054 / 0.364         0.061 / 0.580         0.061 / 0.580         0.061 / 0.580       ms
[80.113s][info][gc,stats    ]       Phase: Concurrent Select Relocation Set              2.083 / 10.609        2.106 / 10.609        2.106 / 10.609        2.106 / 10.609      ms
[80.113s][info][gc,stats    ]       Phase: Pause Mark End                                0.485 / 0.985         0.388 / 3.400         0.388 / 3.400         0.388 / 3.400       ms
[80.113s][info][gc,stats    ]       Phase: Pause Mark Start                              3.650 / 5.795         3.080 / 13.944        3.080 / 13.944        3.080 / 13.944      ms
[80.113s][info][gc,stats    ]       Phase: Pause Relocate Start                          3.230 / 7.414         2.693 / 20.181        2.693 / 20.181        2.693 / 20.181      ms
[80.113s][info][gc,stats    ]    Subphase: Concurrent Mark                             126.463 / 414.545     136.245 / 582.233     136.245 / 582.233     136.245 / 582.233     ms
[80.113s][info][gc,stats    ]    Subphase: Concurrent Mark Idle                          0.000 / 0.000         0.000 / 0.000         0.000 / 0.000         0.000 / 0.000       ms
[80.113s][info][gc,stats    ]    Subphase: Concurrent Mark Try Flush                     1.071 / 13.562        1.268 / 20.193        1.268 / 20.193        1.268 / 20.193      ms
[80.113s][info][gc,stats    ]    Subphase: Concurrent Mark Try Terminate                 0.323 / 3.924         0.437 / 9.762         0.437 / 9.762         0.437 / 9.762       ms
[80.113s][info][gc,stats    ]    Subphase: Concurrent References Enqueue                 0.001 / 0.004         0.001 / 0.007         0.001 / 0.007         0.001 / 0.007       ms
[80.113s][info][gc,stats    ]    Subphase: Concurrent References Process                 0.698 / 1.031         0.776 / 6.382         0.776 / 6.382         0.776 / 6.382       ms
[80.113s][info][gc,stats    ]    Subphase: Concurrent Weak Roots                         0.918 / 2.041         0.910 / 6.746         0.910 / 6.746         0.910 / 6.746       ms
[80.113s][info][gc,stats    ]    Subphase: Concurrent Weak Roots JNIWeakHandles          0.000 / 0.001         0.000 / 0.001         0.000 / 0.001         0.000 / 0.001       ms
[80.113s][info][gc,stats    ]    Subphase: Concurrent Weak Roots StringTable             0.684 / 1.501         0.675 / 6.312         0.675 / 6.312         0.675 / 6.312       ms
[80.113s][info][gc,stats    ]    Subphase: Concurrent Weak Roots VMWeakHandles           0.232 / 0.536         0.234 / 0.881         0.234 / 0.881         0.234 / 0.881       ms
[80.113s][info][gc,stats    ]    Subphase: Pause Mark Try Complete                       0.000 / 0.000         0.001 / 0.002         0.001 / 0.002         0.001 / 0.002       ms
[80.113s][info][gc,stats    ]    Subphase: Pause Remap TLABS                             0.002 / 0.008         0.001 / 0.008         0.001 / 0.008         0.001 / 0.008       ms
[80.113s][info][gc,stats    ]    Subphase: Pause Retire TLABS                            0.029 / 0.059         0.020 / 0.059         0.020 / 0.059         0.020 / 0.059       ms
[80.113s][info][gc,stats    ]    Subphase: Pause Roots                                   2.111 / 6.193         1.754 / 13.338        1.754 / 13.338        1.754 / 13.338      ms
[80.113s][info][gc,stats    ]    Subphase: Pause Roots ClassLoaderDataGraph              0.891 / 2.986         0.767 / 4.046         0.767 / 4.046         0.767 / 4.046       ms
[80.113s][info][gc,stats    ]    Subphase: Pause Roots CodeCache                         1.449 / 3.447         1.232 / 11.698        1.232 / 11.698        1.232 / 11.698      ms
[80.113s][info][gc,stats    ]    Subphase: Pause Roots JNIHandles                        0.001 / 0.002         0.001 / 0.084         0.001 / 0.084         0.001 / 0.084       ms
[80.113s][info][gc,stats    ]    Subphase: Pause Roots JNIWeakHandles                    0.000 / 0.000         0.000 / 0.000         0.000 / 0.000         0.000 / 0.000       ms
[80.113s][info][gc,stats    ]    Subphase: Pause Roots JRFWeak                           0.000 / 0.000         0.000 / 0.000         0.000 / 0.000         0.000 / 0.000       ms
[80.113s][info][gc,stats    ]    Subphase: Pause Roots JVMTIExport                       0.001 / 0.001         0.001 / 0.001         0.001 / 0.001         0.001 / 0.001       ms
[80.113s][info][gc,stats    ]    Subphase: Pause Roots JVMTIWeakExport                   0.001 / 0.002         0.001 / 0.068         0.001 / 0.068         0.001 / 0.068       ms
[80.113s][info][gc,stats    ]    Subphase: Pause Roots Management                        0.001 / 0.003         0.002 / 0.371         0.002 / 0.371         0.002 / 0.371       ms
[80.113s][info][gc,stats    ]    Subphase: Pause Roots ObjectSynchronizer                0.000 / 0.001         0.000 / 0.001         0.000 / 0.001         0.000 / 0.001       ms
[80.113s][info][gc,stats    ]    Subphase: Pause Roots Setup                             0.277 / 1.838         0.235 / 12.197        0.235 / 12.197        0.235 / 12.197      ms
[80.113s][info][gc,stats    ]    Subphase: Pause Roots StringTable                       0.000 / 0.000         0.000 / 0.000         0.000 / 0.000         0.000 / 0.000       ms
[80.113s][info][gc,stats    ]    Subphase: Pause Roots SystemDictionary                  0.010 / 0.017         0.011 / 0.337         0.011 / 0.337         0.011 / 0.337       ms
[80.113s][info][gc,stats    ]    Subphase: Pause Roots Teardown                          0.001 / 0.003         0.001 / 0.004         0.001 / 0.004         0.001 / 0.004       ms
[80.113s][info][gc,stats    ]    Subphase: Pause Roots Threads                           0.531 / 1.232         0.406 / 8.097         0.406 / 8.097         0.406 / 8.097       ms
[80.113s][info][gc,stats    ]    Subphase: Pause Roots Universe                          0.002 / 0.007         0.002 / 0.034         0.002 / 0.034         0.002 / 0.034       ms
[80.113s][info][gc,stats    ]    Subphase: Pause Roots VMWeakHandles                     0.000 / 0.000         0.000 / 0.000         0.000 / 0.000         0.000 / 0.000       ms
[80.113s][info][gc,stats    ]    Subphase: Pause Weak Roots                              0.002 / 0.003         0.002 / 0.007         0.002 / 0.007         0.002 / 0.007       ms
[80.113s][info][gc,stats    ]    Subphase: Pause Weak Roots JFRWeak                      0.001 / 0.001         0.001 / 0.002         0.001 / 0.002         0.001 / 0.002       ms
[80.113s][info][gc,stats    ]    Subphase: Pause Weak Roots JNIWeakHandles               0.000 / 0.000         0.000 / 0.000         0.000 / 0.000         0.000 / 0.000       ms
[80.113s][info][gc,stats    ]    Subphase: Pause Weak Roots JVMTIWeakExport              0.001 / 0.001         0.001 / 0.006         0.001 / 0.006         0.001 / 0.006       ms
[80.113s][info][gc,stats    ]    Subphase: Pause Weak Roots Setup                        0.000 / 0.000         0.000 / 0.000         0.000 / 0.000         0.000 / 0.000       ms
[80.113s][info][gc,stats    ]    Subphase: Pause Weak Roots StringTable                  0.000 / 0.000         0.000 / 0.000         0.000 / 0.000         0.000 / 0.000       ms
[80.113s][info][gc,stats    ]    Subphase: Pause Weak Roots SymbolTable                  0.000 / 0.000         0.000 / 0.000         0.000 / 0.000         0.000 / 0.000       ms
[80.113s][info][gc,stats    ]    Subphase: Pause Weak Roots Teardown                     0.001 / 0.001         0.001 / 0.001         0.001 / 0.001         0.001 / 0.001       ms
[80.113s][info][gc,stats    ]    Subphase: Pause Weak Roots VMWeakHandles                0.000 / 0.000         0.000 / 0.000         0.000 / 0.000         0.000 / 0.000       ms
[80.113s][info][gc,stats    ]      System: Java Threads                                    172 / 187             112 / 187             112 / 187             112 / 187         threads
[80.113s][info][gc,stats    ] =========================================================================================================================================================
[80.221s][info][gc,phases   ] GC(307) Concurrent Mark 134.264ms
[80.222s][info][gc,phases   ] GC(307) Pause Mark End 0.696ms
[80.224s][info][gc,phases   ] GC(307) Concurrent Process Non-Strong References 1.809ms
[80.225s][info][gc,phases   ] GC(307) Concurrent Reset Relocation Set 0.305ms
[80.225s][info][gc,phases   ] GC(307) Concurrent Destroy Detached Pages 0.000ms
[80.226s][info][gc,phases   ] GC(307) Concurrent Select Relocation Set 1.528ms
[80.229s][info][gc,phases   ] GC(307) Concurrent Prepare Relocation Set 2.725ms
[80.232s][info][gc,phases   ] GC(307) Pause Relocate Start 2.990ms
[80.234s][info][gc,heap     ] GC(307) Page Cache Flushed: 10M requested, 10M(12M->2M) flushed
[80.235s][info][gc          ] Allocation Stall (Executor task launch worker for task 0.0 in stage 21.0 (TID 21)) 151.937ms
[80.371s][info][gc,phases   ] GC(307) Concurrent Relocate 139.024ms
[80.372s][info][gc,load     ] GC(307) Load: 1.94/1.15/0.53
[80.372s][info][gc,mmu      ] GC(307) MMU: 2ms/0.0%, 5ms/0.0%, 10ms/0.0%, 20ms/0.0%, 50ms/57.1%, 100ms/74.9%
[80.372s][info][gc,marking  ] GC(307) Mark: 1 stripe(s), 2 proactive flush(es), 1 terminate flush(es), 0 completion(s), 0 continuation(s) 
[80.372s][info][gc,reloc    ] GC(307) Relocation: Successful, 34M relocated
[80.372s][info][gc,nmethod  ] GC(307) NMethods: 3543 registered, 0 unregistered
[80.372s][info][gc,metaspace] GC(307) Metaspace: 72M used, 76M capacity, 77M committed, 78M reserved
[80.372s][info][gc,ref      ] GC(307) Soft: 2571 encountered, 968 discovered, 419 enqueued
[80.372s][info][gc,ref      ] GC(307) Weak: 4641 encountered, 3812 discovered, 0 enqueued
[80.372s][info][gc,ref      ] GC(307) Final: 27 encountered, 0 discovered, 0 enqueued
[80.372s][info][gc,ref      ] GC(307) Phantom: 652 encountered, 648 discovered, 0 enqueued
[80.372s][info][gc,heap     ] GC(307)                Mark Start          Mark End        Relocate Start      Relocate End           High               Low         
[80.372s][info][gc,heap     ] GC(307)  Capacity:      500M (100%)        500M (100%)        500M (100%)        500M (100%)        500M (100%)        500M (100%)   
[80.372s][info][gc,heap     ] GC(307)   Reserve:       34M (7%)           34M (7%)           34M (7%)           34M (7%)           34M (7%)           32M (6%)     
[80.372s][info][gc,heap     ] GC(307)      Free:        2M (0%)            0M (0%)            0M (0%)          228M (46%)         258M (52%)           0M (0%)     
[80.372s][info][gc,heap     ] GC(307)      Used:      464M (93%)         466M (93%)         466M (93%)         238M (48%)         468M (94%)         208M (42%)    
[80.372s][info][gc,heap     ] GC(307)      Live:         -                96M (19%)          96M (19%)          96M (19%)            -                  -          
[80.372s][info][gc,heap     ] GC(307) Allocated:         -                 2M (0%)            2M (0%)          140M (28%)            -                  -          
[80.372s][info][gc,heap     ] GC(307)   Garbage:         -               367M (73%)         367M (73%)          31M (6%)             -                  -          
[80.372s][info][gc,heap     ] GC(307) Reclaimed:         -                  -                 0M (0%)          336M (67%)            -                  -          
[80.372s][info][gc          ] GC(307) Garbage Collection (Allocation Stall) 464M(93%)->238M(48%)
[80.413s][info][gc,start    ] GC(308) Garbage Collection (Allocation Rate)
[80.419s][info][gc,phases   ] GC(308) Pause Mark Start 3.496ms
[80.600s][info][gc,phases   ] GC(308) Concurrent Mark 180.325ms
[80.601s][info][gc,phases   ] GC(308) Pause Mark End 0.632ms
[80.602s][info][gc,phases   ] GC(308) Concurrent Process Non-Strong References 1.598ms
[80.603s][info][gc,phases   ] GC(308) Concurrent Reset Relocation Set 0.339ms
[80.603s][info][gc,phases   ] GC(308) Concurrent Destroy Detached Pages 0.008ms
[80.604s][info][gc          ] Allocation Stall (Executor task launch worker for task 0.0 in stage 21.0 (TID 21)) 110.835ms
[80.605s][info][gc,heap     ] Page Cache Flushed: 2M requested, 6M(6M->0M) flushed
[80.607s][info][gc,phases   ] GC(308) Concurrent Select Relocation Set 4.379ms
[80.608s][info][gc,phases   ] GC(308) Concurrent Prepare Relocation Set 1.259ms
[80.614s][info][gc,phases   ] GC(308) Pause Relocate Start 2.989ms
[80.615s][info][gc          ] Allocation Stall (Executor task launch worker for task 0.0 in stage 21.0 (TID 21)) 0.225ms
[80.616s][info][gc          ] Allocation Stall (Executor task launch worker for task 0.0 in stage 21.0 (TID 21)) 0.332ms
[80.617s][info][gc          ] Allocation Stall (Executor task launch worker for task 0.0 in stage 21.0 (TID 21)) 0.362ms
[80.618s][info][gc          ] Allocation Stall (Executor task launch worker for task 0.0 in stage 21.0 (TID 21)) 0.406ms
[80.619s][info][gc          ] Allocation Stall (Executor task launch worker for task 0.0 in stage 21.0 (TID 21)) 0.392ms
[80.623s][info][gc          ] Allocation Stall (Executor task launch worker for task 0.0 in stage 21.0 (TID 21)) 2.756ms
[80.708s][info][gc,phases   ] GC(308) Concurrent Relocate 93.383ms
[80.708s][info][gc,load     ] GC(308) Load: 1.94/1.15/0.53
[80.708s][info][gc,mmu      ] GC(308) MMU: 2ms/0.0%, 5ms/0.0%, 10ms/0.0%, 20ms/0.0%, 50ms/57.1%, 100ms/74.9%
[80.708s][info][gc,marking  ] GC(308) Mark: 1 stripe(s), 2 proactive flush(es), 1 terminate flush(es), 0 completion(s), 0 continuation(s) 
[80.708s][info][gc,reloc    ] GC(308) Relocation: Successful, 20M relocated
[80.708s][info][gc,nmethod  ] GC(308) NMethods: 3543 registered, 0 unregistered
[80.708s][info][gc,metaspace] GC(308) Metaspace: 72M used, 76M capacity, 77M committed, 78M reserved
[80.708s][info][gc,ref      ] GC(308) Soft: 2152 encountered, 0 discovered, 0 enqueued
[80.708s][info][gc,ref      ] GC(308) Weak: 4641 encountered, 3674 discovered, 0 enqueued
[80.708s][info][gc,ref      ] GC(308) Final: 27 encountered, 0 discovered, 0 enqueued
[80.708s][info][gc,ref      ] GC(308) Phantom: 652 encountered, 648 discovered, 0 enqueued
[80.708s][info][gc,heap     ] GC(308)                Mark Start          Mark End        Relocate Start      Relocate End           High               Low         
[80.708s][info][gc,heap     ] GC(308)  Capacity:      500M (100%)        500M (100%)        500M (100%)        500M (100%)        500M (100%)        500M (100%)   
[80.709s][info][gc,heap     ] GC(308)   Reserve:       34M (7%)           34M (7%)           34M (7%)           34M (7%)           34M (7%)           32M (6%)     
[80.709s][info][gc,heap     ] GC(308)      Free:      108M (22%)           0M (0%)            0M (0%)           76M (15%)         108M (22%)           0M (0%)     
[80.709s][info][gc,heap     ] GC(308)      Used:      358M (72%)         466M (93%)         466M (93%)         390M (78%)         468M (94%)         358M (72%)    
[80.709s][info][gc,heap     ] GC(308)      Live:         -               116M (23%)         116M (23%)         116M (23%)            -                  -          
[80.709s][info][gc,heap     ] GC(308) Allocated:         -               108M (22%)         114M (23%)         256M (51%)            -                  -          
[80.709s][info][gc,heap     ] GC(308)   Garbage:         -               241M (48%)         235M (47%)          35M (7%)             -                  -          
[80.709s][info][gc,heap     ] GC(308) Reclaimed:         -                  -                 6M (1%)          206M (41%)            -                  -          
[80.709s][info][gc          ] GC(308) Garbage Collection (Allocation Rate) 358M(72%)->390M(78%)
[80.714s][info][gc,start    ] GC(309) Garbage Collection (Allocation Rate)
[80.723s][info][gc,phases   ] GC(309) Pause Mark Start 6.232ms
[80.978s][info][gc,phases   ] GC(309) Concurrent Mark 255.500ms
[80.979s][info][gc,phases   ] GC(309) Pause Mark End 0.470ms
[80.981s][info][gc,phases   ] GC(309) Concurrent Process Non-Strong References 1.445ms
[80.981s][info][gc,phases   ] GC(309) Concurrent Reset Relocation Set 0.180ms
[80.981s][info][gc,phases   ] GC(309) Concurrent Destroy Detached Pages 0.006ms
[80.982s][info][gc,phases   ] GC(309) Concurrent Select Relocation Set 1.522ms
[80.984s][info][gc,phases   ] GC(309) Concurrent Prepare Relocation Set 1.591ms
[80.988s][info][gc,phases   ] GC(309) Pause Relocate Start 3.269ms
[80.988s][info][gc          ] Allocation Stall (main) 153.746ms
[81.003s][info][gc          ] Allocation Stall (main) 5.548ms
[81.008s][info][gc,heap     ] GC(309) Page Cache Flushed: 32M requested, 32M(34M->2M) flushed
[81.010s][info][gc          ] Allocation Stall (main) 6.052ms
[81.014s][info][gc          ] Allocation Stall (RemoteBlock-temp-file-clean-thread) 0.643ms
[81.019s][info][gc          ] Allocation Stall (main) 5.067ms
[81.056s][info][gc,heap     ] Page Cache Flushed: 6M requested, 6M(84M->78M) flushed
[81.131s][info][gc,phases   ] GC(309) Concurrent Relocate 142.963ms
[81.131s][info][gc,load     ] GC(309) Load: 1.94/1.15/0.53
[81.131s][info][gc,mmu      ] GC(309) MMU: 2ms/0.0%, 5ms/0.0%, 10ms/0.0%, 20ms/0.0%, 50ms/57.1%, 100ms/74.9%
[81.131s][info][gc,marking  ] GC(309) Mark: 1 stripe(s), 2 proactive flush(es), 1 terminate flush(es), 0 completion(s), 0 continuation(s) 
[81.131s][info][gc,reloc    ] GC(309) Relocation: Successful, 23M relocated
[81.131s][info][gc,nmethod  ] GC(309) NMethods: 3580 registered, 0 unregistered
[81.131s][info][gc,metaspace] GC(309) Metaspace: 72M used, 77M capacity, 77M committed, 78M reserved
[81.131s][info][gc,ref      ] GC(309) Soft: 2152 encountered, 0 discovered, 0 enqueued
[81.131s][info][gc,ref      ] GC(309) Weak: 4641 encountered, 3649 discovered, 0 enqueued
[81.131s][info][gc,ref      ] GC(309) Final: 27 encountered, 0 discovered, 0 enqueued
[81.131s][info][gc,ref      ] GC(309) Phantom: 652 encountered, 648 discovered, 0 enqueued
[81.131s][info][gc,heap     ] GC(309)                Mark Start          Mark End        Relocate Start      Relocate End           High               Low         
[81.131s][info][gc,heap     ] GC(309)  Capacity:      500M (100%)        500M (100%)        500M (100%)        500M (100%)        500M (100%)        500M (100%)   
[81.131s][info][gc,heap     ] GC(309)   Reserve:       34M (7%)           34M (7%)           34M (7%)           34M (7%)           34M (7%)           32M (6%)     
[81.131s][info][gc,heap     ] GC(309)      Free:       70M (14%)           0M (0%)            0M (0%)          166M (33%)         166M (33%)           0M (0%)     
[81.131s][info][gc,heap     ] GC(309)      Used:      396M (79%)         466M (93%)         466M (93%)         300M (60%)         468M (94%)         300M (60%)    
[81.131s][info][gc,heap     ] GC(309)      Live:         -               134M (27%)         134M (27%)         134M (27%)            -                  -          
[81.131s][info][gc,heap     ] GC(309) Allocated:         -                70M (14%)          70M (14%)         154M (31%)            -                  -          
[81.131s][info][gc,heap     ] GC(309)   Garbage:         -               261M (52%)         261M (52%)          33M (7%)             -                  -          
[81.131s][info][gc,heap     ] GC(309) Reclaimed:         -                  -                 0M (0%)          228M (46%)            -                  -          
[81.131s][info][gc          ] GC(309) Garbage Collection (Allocation Rate) 396M(79%)->300M(60%)
[81.213s][info][gc,start    ] GC(310) Garbage Collection (Allocation Rate)
[81.219s][info][gc,phases   ] GC(310) Pause Mark Start 3.667ms
[81.256s][info][gc,heap     ] Page Cache Flushed: 32M requested, 32M(48M->16M) flushed
[81.331s][info][gc,phases   ] GC(310) Concurrent Mark 112.064ms
[81.336s][info][gc,phases   ] GC(310) Pause Mark End 4.160ms
[81.337s][info][gc,phases   ] GC(310) Concurrent Process Non-Strong References 1.524ms
[81.338s][info][gc,phases   ] GC(310) Concurrent Reset Relocation Set 0.218ms
[81.338s][info][gc,phases   ] GC(310) Concurrent Destroy Detached Pages 0.036ms
[81.339s][info][gc          ] Allocation Stall (Executor task launch worker for task 0.0 in stage 22.0 (TID 22)) 58.396ms
[81.344s][info][gc,phases   ] GC(310) Concurrent Select Relocation Set 6.362ms
[81.344s][info][gc,phases   ] GC(310) Concurrent Prepare Relocation Set 0.507ms
[81.351s][info][gc,phases   ] GC(310) Pause Relocate Start 3.282ms
[81.415s][info][gc,phases   ] GC(310) Concurrent Relocate 63.757ms
[81.415s][info][gc,load     ] GC(310) Load: 1.94/1.15/0.53
[81.415s][info][gc,mmu      ] GC(310) MMU: 2ms/0.0%, 5ms/0.0%, 10ms/0.0%, 20ms/0.0%, 50ms/57.1%, 100ms/74.9%
[81.415s][info][gc,marking  ] GC(310) Mark: 1 stripe(s), 2 proactive flush(es), 1 terminate flush(es), 0 completion(s), 0 continuation(s) 
[81.415s][info][gc,reloc    ] GC(310) Relocation: Successful, 14M relocated
[81.415s][info][gc,nmethod  ] GC(310) NMethods: 3586 registered, 0 unregistered
[81.415s][info][gc,metaspace] GC(310) Metaspace: 72M used, 77M capacity, 77M committed, 78M reserved
[81.415s][info][gc,ref      ] GC(310) Soft: 2533 encountered, 0 discovered, 0 enqueued
[81.415s][info][gc,ref      ] GC(310) Weak: 4707 encountered, 3718 discovered, 76 enqueued
[81.415s][info][gc,ref      ] GC(310) Final: 27 encountered, 0 discovered, 0 enqueued
[81.415s][info][gc,ref      ] GC(310) Phantom: 652 encountered, 648 discovered, 0 enqueued
[81.415s][info][gc,heap     ] GC(310)                Mark Start          Mark End        Relocate Start      Relocate End           High               Low         
[81.415s][info][gc,heap     ] GC(310)  Capacity:      500M (100%)        500M (100%)        500M (100%)        500M (100%)        500M (100%)        500M (100%)   
[81.415s][info][gc,heap     ] GC(310)   Reserve:       34M (7%)           34M (7%)           34M (7%)           34M (7%)           34M (7%)           34M (7%)     
[81.415s][info][gc,heap     ] GC(310)      Free:       70M (14%)           0M (0%)          158M (32%)         286M (57%)         286M (57%)           0M (0%)     
[81.415s][info][gc,heap     ] GC(310)      Used:      396M (79%)         466M (93%)         308M (62%)         180M (36%)         466M (93%)         180M (36%)    
[81.415s][info][gc,heap     ] GC(310)      Live:         -                38M (8%)           38M (8%)           38M (8%)             -                  -          
[81.415s][info][gc,heap     ] GC(310) Allocated:         -                70M (14%)          82M (16%)         150M (30%)            -                  -          
[81.415s][info][gc,heap     ] GC(310)   Garbage:         -               357M (72%)         187M (38%)    17592186044415M (3         -                  -          
[81.415s][info][gc,heap     ] GC(310) Reclaimed:         -                  -               170M (34%)         358M (72%)            -                  -          
[81.415s][info][gc          ] GC(310) Garbage Collection (Allocation Rate) 396M(79%)->180M(36%)
[81.513s][info][gc,start    ] GC(311) Garbage Collection (Allocation Rate)
[81.520s][info][gc,phases   ] GC(311) Pause Mark Start 3.643ms
[81.607s][info][gc,heap     ] Page Cache Flushed: 2M requested, 10M(80M->70M) flushed
[81.624s][info][gc,heap     ] Page Cache Flushed: 2M requested, 6M(70M->64M) flushed
[81.630s][info][gc,heap     ] Page Cache Flushed: 2M requested, 32M(64M->32M) flushed
[81.693s][info][gc,heap     ] Page Cache Flushed: 2M requested, 32M(32M->0M) flushed
[81.758s][info][gc,phases   ] GC(311) Concurrent Mark 238.479ms
[81.759s][info][gc,phases   ] GC(311) Pause Mark End 0.506ms
[81.761s][info][gc,phases   ] GC(311) Concurrent Process Non-Strong References 1.666ms
[81.761s][info][gc,phases   ] GC(311) Concurrent Reset Relocation Set 0.016ms
[81.761s][info][gc,phases   ] GC(311) Concurrent Destroy Detached Pages 0.006ms
[81.762s][info][gc,phases   ] GC(311) Concurrent Select Relocation Set 1.533ms
[81.764s][info][gc,phases   ] GC(311) Concurrent Prepare Relocation Set 1.269ms
[81.774s][info][gc,phases   ] GC(311) Pause Relocate Start 9.697ms
[81.774s][info][gc          ] Allocation Stall (Executor task launch worker for task 0.0 in stage 22.0 (TID 22)) 20.315ms
[81.775s][info][gc          ] Allocation Stall (Executor task launch worker for task 0.0 in stage 22.0 (TID 22)) 0.193ms
[81.776s][info][gc          ] Allocation Stall (Executor task launch worker for task 0.0 in stage 22.0 (TID 22)) 0.199ms
[81.777s][info][gc          ] Allocation Stall (Executor task launch worker for task 0.0 in stage 22.0 (TID 22)) 0.278ms
[81.783s][info][gc          ] Allocation Stall (Executor task launch worker for task 0.0 in stage 22.0 (TID 22)) 4.688ms
[81.906s][info][gc,phases   ] GC(311) Concurrent Relocate 132.201ms
[81.906s][info][gc,load     ] GC(311) Load: 2.03/1.18/0.54
[81.906s][info][gc,mmu      ] GC(311) MMU: 2ms/0.0%, 5ms/0.0%, 10ms/0.0%, 20ms/0.0%, 50ms/57.1%, 100ms/74.9%
[81.906s][info][gc,marking  ] GC(311) Mark: 1 stripe(s), 2 proactive flush(es), 1 terminate flush(es), 0 completion(s), 0 continuation(s) 
[81.906s][info][gc,reloc    ] GC(311) Relocation: Incomplete
[81.906s][info][gc,nmethod  ] GC(311) NMethods: 3586 registered, 0 unregistered
[81.906s][info][gc,metaspace] GC(311) Metaspace: 72M used, 77M capacity, 77M committed, 78M reserved
[81.906s][info][gc,ref      ] GC(311) Soft: 2533 encountered, 0 discovered, 0 enqueued
[81.906s][info][gc,ref      ] GC(311) Weak: 4640 encountered, 3653 discovered, 1 enqueued
[81.906s][info][gc,ref      ] GC(311) Final: 27 encountered, 0 discovered, 0 enqueued
[81.906s][info][gc,ref      ] GC(311) Phantom: 652 encountered, 648 discovered, 0 enqueued
[81.906s][info][gc,heap     ] GC(311)                Mark Start          Mark End        Relocate Start      Relocate End           High               Low         
[81.906s][info][gc,heap     ] GC(311)  Capacity:      500M (100%)        500M (100%)        500M (100%)        500M (100%)        500M (100%)        500M (100%)   
[81.906s][info][gc,heap     ] GC(311)   Reserve:       34M (7%)           34M (7%)           34M (7%)           34M (7%)           34M (7%)           32M (6%)     
[81.906s][info][gc,heap     ] GC(311)      Free:      156M (31%)           0M (0%)            0M (0%)           86M (17%)         156M (31%)           0M (0%)     
[81.906s][info][gc,heap     ] GC(311)      Used:      310M (62%)         466M (93%)         466M (93%)         380M (76%)         468M (94%)         310M (62%)    
[81.906s][info][gc,heap     ] GC(311)      Live:         -                56M (11%)          56M (11%)          56M (11%)            -                  -          
[81.906s][info][gc,heap     ] GC(311) Allocated:         -               156M (31%)         156M (31%)         308M (62%)            -                  -          
[81.906s][info][gc,heap     ] GC(311)   Garbage:         -               253M (51%)         253M (51%)          33M (7%)             -                  -          
[81.906s][info][gc,heap     ] GC(311) Reclaimed:         -                  -                 0M (0%)          220M (44%)            -                  -          
[81.906s][info][gc          ] GC(311) Garbage Collection (Allocation Rate) 310M(62%)->380M(76%)
[81.914s][info][gc,start    ] GC(312) Garbage Collection (Allocation Rate)
[81.926s][info][gc,phases   ] GC(312) Pause Mark Start 9.673ms
[82.165s][info][gc,phases   ] GC(312) Concurrent Mark 233.346ms
[82.165s][info][gc,phases   ] GC(312) Pause Mark End 0.483ms
[82.167s][info][gc,phases   ] GC(312) Concurrent Process Non-Strong References 2.032ms
[82.168s][info][gc,phases   ] GC(312) Concurrent Reset Relocation Set 0.225ms
[82.168s][info][gc,phases   ] GC(312) Concurrent Destroy Detached Pages 0.001ms
[82.170s][info][gc,phases   ] GC(312) Concurrent Select Relocation Set 2.016ms
[82.176s][info][gc,phases   ] GC(312) Concurrent Prepare Relocation Set 6.674ms
[82.180s][info][gc,phases   ] GC(312) Pause Relocate Start 3.076ms
[82.180s][info][gc          ] Allocation Stall (Executor task launch worker for task 0.0 in stage 22.0 (TID 22)) 185.956ms
[82.181s][info][gc          ] Allocation Stall (RemoteBlock-temp-file-clean-thread) 166.016ms
[82.182s][info][gc          ] Allocation Stall (Executor task launch worker for task 0.0 in stage 22.0 (TID 22)) 0.737ms
[82.187s][info][gc          ] Allocation Stall (Executor task launch worker for task 0.0 in stage 22.0 (TID 22)) 4.196ms
[82.188s][info][gc          ] Allocation Stall (Executor task launch worker for task 0.0 in stage 22.0 (TID 22)) 0.474ms
[82.190s][info][gc          ] Allocation Stall (Executor task launch worker for task 0.0 in stage 22.0 (TID 22)) 0.391ms
[82.191s][info][gc          ] Allocation Stall (Executor task launch worker for task 0.0 in stage 22.0 (TID 22)) 0.768ms
[82.195s][info][gc          ] Allocation Stall (Executor task launch worker for task 0.0 in stage 22.0 (TID 22)) 3.243ms
[82.358s][info][gc,phases   ] GC(312) Concurrent Relocate 178.150ms
[82.358s][info][gc,load     ] GC(312) Load: 2.03/1.18/0.54
[82.358s][info][gc,mmu      ] GC(312) MMU: 2ms/0.0%, 5ms/0.0%, 10ms/0.0%, 20ms/0.0%, 50ms/57.1%, 100ms/74.9%
[82.358s][info][gc,marking  ] GC(312) Mark: 1 stripe(s), 2 proactive flush(es), 1 terminate flush(es), 0 completion(s), 0 continuation(s) 
[82.358s][info][gc,reloc    ] GC(312) Relocation: Successful, 27M relocated
[82.358s][info][gc,nmethod  ] GC(312) NMethods: 3587 registered, 0 unregistered
[82.358s][info][gc,metaspace] GC(312) Metaspace: 72M used, 77M capacity, 77M committed, 78M reserved
[82.358s][info][gc,ref      ] GC(312) Soft: 2533 encountered, 0 discovered, 0 enqueued
[82.358s][info][gc,ref      ] GC(312) Weak: 4639 encountered, 3652 discovered, 0 enqueued
[82.358s][info][gc,ref      ] GC(312) Final: 27 encountered, 0 discovered, 0 enqueued
[82.358s][info][gc,ref      ] GC(312) Phantom: 652 encountered, 648 discovered, 0 enqueued
[82.358s][info][gc,heap     ] GC(312)                Mark Start          Mark End        Relocate Start      Relocate End           High               Low         
[82.358s][info][gc,heap     ] GC(312)  Capacity:      500M (100%)        500M (100%)        500M (100%)        500M (100%)        500M (100%)        500M (100%)   
[82.358s][info][gc,heap     ] GC(312)   Reserve:       34M (7%)           34M (7%)           34M (7%)           34M (7%)           34M (7%)           32M (6%)     
[82.358s][info][gc,heap     ] GC(312)      Free:       80M (16%)           0M (0%)            0M (0%)          126M (25%)         126M (25%)           0M (0%)     
[82.358s][info][gc,heap     ] GC(312)      Used:      386M (77%)         466M (93%)         466M (93%)         340M (68%)         468M (94%)         340M (68%)    
[82.358s][info][gc,heap     ] GC(312)      Live:         -                81M (16%)          81M (16%)          81M (16%)            -                  -          
[82.358s][info][gc,heap     ] GC(312) Allocated:         -                80M (16%)          80M (16%)         252M (50%)            -                  -          
[82.358s][info][gc,heap     ] GC(312)   Garbage:         -               304M (61%)         304M (61%)          34M (7%)             -                  -          
[82.358s][info][gc,heap     ] GC(312) Reclaimed:         -                  -                 0M (0%)          270M (54%)            -                  -          
[82.358s][info][gc          ] GC(312) Garbage Collection (Allocation Rate) 386M(77%)->340M(68%)
[82.359s][info][gc,heap     ] Page Cache Flushed: 10M requested, 10M(126M->116M) flushed
[82.412s][info][gc,start    ] GC(313) Garbage Collection (Allocation Stall)
[82.413s][info][gc,ref      ] GC(313) Clearing All Soft References
[82.417s][info][gc,phases   ] GC(313) Pause Mark Start 4.504ms
[82.549s][info][gc,phases   ] GC(313) Concurrent Mark 131.759ms
[82.550s][info][gc,phases   ] GC(313) Pause Mark End 0.523ms
[82.552s][info][gc,phases   ] GC(313) Concurrent Process Non-Strong References 1.701ms
[82.552s][info][gc,phases   ] GC(313) Concurrent Reset Relocation Set 0.260ms
[82.552s][info][gc,phases   ] GC(313) Concurrent Destroy Detached Pages 0.014ms
[82.553s][info][gc,heap     ] GC(313) Page Cache Flushed: 2M requested, 6M(6M->0M) flushed
[82.554s][info][gc          ] Allocation Stall (Executor task launch worker for task 0.0 in stage 22.0 (TID 22)) 141.563ms
[82.555s][info][gc          ] Allocation Stall (Spark Context Cleaner) 64.510ms
[82.557s][info][gc,phases   ] GC(313) Concurrent Select Relocation Set 4.713ms
[82.559s][info][gc,phases   ] GC(313) Concurrent Prepare Relocation Set 2.339ms
[82.562s][info][gc,phases   ] GC(313) Pause Relocate Start 2.978ms
[82.563s][info][gc          ] Allocation Stall (Executor task launch worker for task 0.0 in stage 22.0 (TID 22)) 6.254ms
[82.564s][info][gc          ] Allocation Stall (Executor task launch worker for task 0.0 in stage 22.0 (TID 22)) 0.338ms
[82.565s][info][gc          ] Allocation Stall (Executor task launch worker for task 0.0 in stage 22.0 (TID 22)) 0.370ms
[82.566s][info][gc          ] Allocation Stall (Executor task launch worker for task 0.0 in stage 22.0 (TID 22)) 0.376ms
[82.567s][info][gc          ] Allocation Stall (Executor task launch worker for task 0.0 in stage 22.0 (TID 22)) 0.394ms
[82.568s][info][gc          ] Allocation Stall (Executor task launch worker for task 0.0 in stage 22.0 (TID 22)) 0.409ms
[82.575s][info][gc          ] Allocation Stall (Executor task launch worker for task 0.0 in stage 22.0 (TID 22)) 6.135ms
[82.688s][info][gc,phases   ] GC(313) Concurrent Relocate 125.282ms
[82.688s][info][gc,load     ] GC(313) Load: 2.03/1.18/0.54
[82.688s][info][gc,mmu      ] GC(313) MMU: 2ms/0.0%, 5ms/0.0%, 10ms/0.0%, 20ms/0.0%, 50ms/57.1%, 100ms/74.9%
[82.688s][info][gc,marking  ] GC(313) Mark: 1 stripe(s), 2 proactive flush(es), 1 terminate flush(es), 0 completion(s), 0 continuation(s) 
[82.688s][info][gc,reloc    ] GC(313) Relocation: Incomplete
[82.688s][info][gc,nmethod  ] GC(313) NMethods: 3588 registered, 0 unregistered
[82.688s][info][gc,metaspace] GC(313) Metaspace: 72M used, 77M capacity, 77M committed, 78M reserved
[82.688s][info][gc,ref      ] GC(313) Soft: 2535 encountered, 932 discovered, 383 enqueued
[82.688s][info][gc,ref      ] GC(313) Weak: 4640 encountered, 3821 discovered, 1 enqueued
[82.688s][info][gc,ref      ] GC(313) Final: 27 encountered, 0 discovered, 0 enqueued
[82.688s][info][gc,ref      ] GC(313) Phantom: 652 encountered, 648 discovered, 0 enqueued
[82.688s][info][gc,heap     ] GC(313)                Mark Start          Mark End        Relocate Start      Relocate End           High               Low         
[82.688s][info][gc,heap     ] GC(313)  Capacity:      500M (100%)        500M (100%)        500M (100%)        500M (100%)        500M (100%)        500M (100%)   
[82.688s][info][gc,heap     ] GC(313)   Reserve:       34M (7%)           34M (7%)           34M (7%)           34M (7%)           34M (7%)           32M (6%)     
[82.688s][info][gc,heap     ] GC(313)      Free:        0M (0%)            0M (0%)            0M (0%)           68M (14%)          74M (15%)           0M (0%)     
[82.688s][info][gc,heap     ] GC(313)      Used:      466M (93%)         466M (93%)         466M (93%)         398M (80%)         468M (94%)         392M (78%)    
[82.688s][info][gc,heap     ] GC(313)      Live:         -               108M (22%)         108M (22%)         108M (22%)            -                  -          
[82.688s][info][gc,heap     ] GC(313) Allocated:         -                 0M (0%)            8M (2%)          214M (43%)            -                  -          
[82.688s][info][gc,heap     ] GC(313)   Garbage:         -               357M (71%)         351M (70%)          99M (20%)            -                  -          
[82.688s][info][gc,heap     ] GC(313) Reclaimed:         -                  -                 6M (1%)          258M (52%)            -                  -          
[82.688s][info][gc          ] GC(313) Garbage Collection (Allocation Stall) 466M(93%)->398M(80%)
[82.712s][info][gc,start    ] GC(314) Garbage Collection (Allocation Stall)
[82.712s][info][gc,ref      ] GC(314) Clearing All Soft References
[82.716s][info][gc,phases   ] GC(314) Pause Mark Start 3.552ms
[82.885s][info][gc,phases   ] GC(314) Concurrent Mark 168.979ms
[82.886s][info][gc,phases   ] GC(314) Pause Mark End 0.512ms
[82.888s][info][gc,phases   ] GC(314) Concurrent Process Non-Strong References 1.573ms
[82.888s][info][gc,phases   ] GC(314) Concurrent Reset Relocation Set 0.303ms
[82.888s][info][gc,phases   ] GC(314) Concurrent Destroy Detached Pages 0.004ms
[82.889s][info][gc,phases   ] GC(314) Concurrent Select Relocation Set 1.496ms
[82.892s][info][gc,phases   ] GC(314) Concurrent Prepare Relocation Set 2.075ms
[82.895s][info][gc,phases   ] GC(314) Pause Relocate Start 2.876ms
[82.895s][info][gc          ] Allocation Stall (Executor task launch worker for task 0.0 in stage 22.0 (TID 22)) 183.160ms
[82.896s][info][gc          ] Allocation Stall (Spark Context Cleaner) 140.416ms
[82.897s][info][gc          ] Allocation Stall (Executor task launch worker for task 0.0 in stage 22.0 (TID 22)) 0.787ms
[82.898s][info][gc          ] Allocation Stall (Executor task launch worker for task 0.0 in stage 22.0 (TID 22)) 0.372ms
[82.900s][info][gc          ] Allocation Stall (Executor task launch worker for task 0.0 in stage 22.0 (TID 22)) 0.375ms
[82.901s][info][gc          ] Allocation Stall (Executor task launch worker for task 0.0 in stage 22.0 (TID 22)) 0.374ms
[82.906s][info][gc          ] Allocation Stall (Executor task launch worker for task 0.0 in stage 22.0 (TID 22)) 5.007ms
[83.049s][info][gc,phases   ] GC(314) Concurrent Relocate 154.362ms
[83.049s][info][gc,load     ] GC(314) Load: 2.03/1.18/0.54
[83.049s][info][gc,mmu      ] GC(314) MMU: 2ms/0.0%, 5ms/0.0%, 10ms/0.0%, 20ms/0.0%, 50ms/57.1%, 100ms/74.9%
[83.049s][info][gc,marking  ] GC(314) Mark: 1 stripe(s), 2 proactive flush(es), 1 terminate flush(es), 0 completion(s), 0 continuation(s) 
[83.049s][info][gc,reloc    ] GC(314) Relocation: Successful, 30M relocated
[83.049s][info][gc,nmethod  ] GC(314) NMethods: 3597 registered, 0 unregistered
[83.049s][info][gc,metaspace] GC(314) Metaspace: 72M used, 77M capacity, 77M committed, 78M reserved
[83.049s][info][gc,ref      ] GC(314) Soft: 2152 encountered, 549 discovered, 0 enqueued
[83.049s][info][gc,ref      ] GC(314) Weak: 4639 encountered, 3820 discovered, 0 enqueued
[83.049s][info][gc,ref      ] GC(314) Final: 27 encountered, 0 discovered, 0 enqueued
[83.049s][info][gc,ref      ] GC(314) Phantom: 652 encountered, 648 discovered, 0 enqueued
[83.049s][info][gc,heap     ] GC(314)                Mark Start          Mark End        Relocate Start      Relocate End           High               Low         
[83.049s][info][gc,heap     ] GC(314)  Capacity:      500M (100%)        500M (100%)        500M (100%)        500M (100%)        500M (100%)        500M (100%)   
[83.049s][info][gc,heap     ] GC(314)   Reserve:       34M (7%)           34M (7%)           34M (7%)           34M (7%)           34M (7%)           32M (6%)     
[83.049s][info][gc,heap     ] GC(314)      Free:        0M (0%)            0M (0%)            0M (0%)          142M (28%)         142M (28%)           0M (0%)     
[83.049s][info][gc,heap     ] GC(314)      Used:      466M (93%)         466M (93%)         466M (93%)         324M (65%)         468M (94%)         324M (65%)    
[83.049s][info][gc,heap     ] GC(314)      Live:         -               127M (26%)         127M (26%)         127M (26%)            -                  -          
[83.049s][info][gc,heap     ] GC(314) Allocated:         -                 0M (0%)            0M (0%)          190M (38%)            -                  -          
[83.049s][info][gc,heap     ] GC(314)   Garbage:         -               338M (68%)         338M (68%)          34M (7%)             -                  -          
[83.049s][info][gc,heap     ] GC(314) Reclaimed:         -                  -                 0M (0%)          304M (61%)            -                  -          
[83.049s][info][gc          ] GC(314) Garbage Collection (Allocation Stall) 466M(93%)->324M(65%)
[83.114s][info][gc,start    ] GC(315) Garbage Collection (Allocation Rate)
[83.120s][info][gc,phases   ] GC(315) Pause Mark Start 3.376ms
[83.342s][info][gc,phases   ] GC(315) Concurrent Mark 222.104ms
[83.343s][info][gc,phases   ] GC(315) Pause Mark End 0.449ms
[83.344s][info][gc,phases   ] GC(315) Concurrent Process Non-Strong References 1.525ms
[83.345s][info][gc,phases   ] GC(315) Concurrent Reset Relocation Set 0.288ms
[83.345s][info][gc,phases   ] GC(315) Concurrent Destroy Detached Pages 0.000ms
[83.346s][info][gc,phases   ] GC(315) Concurrent Select Relocation Set 1.592ms
[83.347s][info][gc          ] Allocation Stall (Executor task launch worker for task 0.0 in stage 22.0 (TID 22)) 99.541ms
[83.351s][info][gc,phases   ] GC(315) Concurrent Prepare Relocation Set 4.777ms
[83.357s][info][gc,phases   ] GC(315) Pause Relocate Start 2.962ms
[83.416s][info][gc,phases   ] GC(315) Concurrent Relocate 59.290ms
[83.416s][info][gc,load     ] GC(315) Load: 2.03/1.18/0.54
[83.416s][info][gc,mmu      ] GC(315) MMU: 2ms/0.0%, 5ms/0.0%, 10ms/0.0%, 20ms/0.0%, 50ms/57.1%, 100ms/74.9%
[83.416s][info][gc,marking  ] GC(315) Mark: 1 stripe(s), 2 proactive flush(es), 1 terminate flush(es), 0 completion(s), 0 continuation(s) 
[83.416s][info][gc,reloc    ] GC(315) Relocation: Successful, 17M relocated
[83.416s][info][gc,nmethod  ] GC(315) NMethods: 3597 registered, 0 unregistered
[83.416s][info][gc,metaspace] GC(315) Metaspace: 72M used, 77M capacity, 77M committed, 78M reserved
[83.416s][info][gc,ref      ] GC(315) Soft: 2199 encountered, 0 discovered, 0 enqueued
[83.416s][info][gc,ref      ] GC(315) Weak: 4613 encountered, 3643 discovered, 0 enqueued
[83.416s][info][gc,ref      ] GC(315) Final: 27 encountered, 0 discovered, 0 enqueued
[83.416s][info][gc,ref      ] GC(315) Phantom: 652 encountered, 648 discovered, 0 enqueued
[83.416s][info][gc,heap     ] GC(315)                Mark Start          Mark End        Relocate Start      Relocate End           High               Low         
[83.416s][info][gc,heap     ] GC(315)  Capacity:      500M (100%)        500M (100%)        500M (100%)        500M (100%)        500M (100%)        500M (100%)   
[83.416s][info][gc,heap     ] GC(315)   Reserve:       34M (7%)           34M (7%)           34M (7%)           34M (7%)           34M (7%)           34M (7%)     
[83.416s][info][gc,heap     ] GC(315)      Free:       66M (13%)           0M (0%)           70M (14%)         188M (38%)         188M (38%)           0M (0%)     
[83.416s][info][gc,heap     ] GC(315)      Used:      400M (80%)         466M (93%)         396M (79%)         278M (56%)         466M (93%)         278M (56%)    
[83.416s][info][gc,heap     ] GC(315)      Live:         -               139M (28%)         139M (28%)         139M (28%)            -                  -          
[83.416s][info][gc,heap     ] GC(315) Allocated:         -                66M (13%)          72M (14%)         118M (24%)            -                  -          
[83.416s][info][gc,heap     ] GC(315)   Garbage:         -               260M (52%)         184M (37%)          32M (7%)             -                  -          
[83.416s][info][gc,heap     ] GC(315) Reclaimed:         -                  -                76M (15%)         228M (46%)            -                  -          
[83.416s][info][gc          ] GC(315) Garbage Collection (Allocation Rate) 400M(80%)->278M(56%)
[83.513s][info][gc,start    ] GC(316) Garbage Collection (Allocation Rate)
[83.519s][info][gc,phases   ] GC(316) Pause Mark Start 3.704ms
[83.732s][info][gc,phases   ] GC(316) Concurrent Mark 212.316ms
[83.733s][info][gc,phases   ] GC(316) Pause Mark End 0.448ms
[83.734s][info][gc,phases   ] GC(316) Concurrent Process Non-Strong References 1.535ms
[83.734s][info][gc,phases   ] GC(316) Concurrent Reset Relocation Set 0.020ms
[83.734s][info][gc,phases   ] GC(316) Concurrent Destroy Detached Pages 0.000ms
[83.735s][info][gc          ] Allocation Stall (Executor task launch worker for task 0.0 in stage 22.0 (TID 22)) 89.008ms
[83.740s][info][gc,phases   ] GC(316) Concurrent Select Relocation Set 5.450ms
[83.740s][info][gc,phases   ] GC(316) Concurrent Prepare Relocation Set 0.016ms
[83.746s][info][gc,phases   ] GC(316) Pause Relocate Start 2.974ms
[83.752s][info][gc,phases   ] GC(316) Concurrent Relocate 6.091ms
[83.752s][info][gc,load     ] GC(316) Load: 2.03/1.18/0.54
[83.752s][info][gc,mmu      ] GC(316) MMU: 2ms/0.0%, 5ms/0.0%, 10ms/0.0%, 20ms/0.0%, 50ms/57.1%, 100ms/74.9%
[83.752s][info][gc,marking  ] GC(316) Mark: 1 stripe(s), 2 proactive flush(es), 1 terminate flush(es), 0 completion(s), 0 continuation(s) 
[83.752s][info][gc,reloc    ] GC(316) Relocation: Successful, 5M relocated
[83.752s][info][gc,nmethod  ] GC(316) NMethods: 3597 registered, 0 unregistered
[83.752s][info][gc,metaspace] GC(316) Metaspace: 72M used, 77M capacity, 77M committed, 78M reserved
[83.752s][info][gc,ref      ] GC(316) Soft: 2199 encountered, 0 discovered, 0 enqueued
[83.752s][info][gc,ref      ] GC(316) Weak: 4613 encountered, 3640 discovered, 0 enqueued
[83.752s][info][gc,ref      ] GC(316) Final: 27 encountered, 0 discovered, 0 enqueued
[83.752s][info][gc,ref      ] GC(316) Phantom: 652 encountered, 648 discovered, 0 enqueued
[83.752s][info][gc,heap     ] GC(316)                Mark Start          Mark End        Relocate Start      Relocate End           High               Low         
[83.752s][info][gc,heap     ] GC(316)  Capacity:      500M (100%)        500M (100%)        500M (100%)        500M (100%)        500M (100%)        500M (100%)   
[83.752s][info][gc,heap     ] GC(316)   Reserve:       34M (7%)           34M (7%)           34M (7%)           34M (7%)           34M (7%)           34M (7%)     
[83.752s][info][gc,heap     ] GC(316)      Free:       68M (14%)           0M (0%)          210M (42%)         214M (43%)         214M (43%)           0M (0%)     
[83.752s][info][gc,heap     ] GC(316)      Used:      398M (80%)         466M (93%)         256M (51%)         252M (50%)         466M (93%)         252M (50%)    
[83.752s][info][gc,heap     ] GC(316)      Live:         -               139M (28%)         139M (28%)         139M (28%)            -                  -          
[83.752s][info][gc,heap     ] GC(316) Allocated:         -                68M (14%)          74M (15%)          82M (16%)            -                  -          
[83.752s][info][gc,heap     ] GC(316)   Garbage:         -               258M (52%)          42M (9%)           32M (7%)             -                  -          
[83.752s][info][gc,heap     ] GC(316) Reclaimed:         -                  -               216M (43%)         226M (45%)            -                  -          
[83.752s][info][gc          ] GC(316) Garbage Collection (Allocation Rate) 398M(80%)->252M(50%)
[83.813s][info][gc,start    ] GC(317) Garbage Collection (Allocation Rate)
[83.819s][info][gc,phases   ] GC(317) Pause Mark Start 3.501ms
[84.079s][info][gc,phases   ] GC(317) Concurrent Mark 259.420ms
[84.082s][info][gc,phases   ] GC(317) Pause Mark End 0.459ms
[84.084s][info][gc,phases   ] GC(317) Concurrent Process Non-Strong References 1.545ms
[84.084s][info][gc,phases   ] GC(317) Concurrent Reset Relocation Set 0.002ms
[84.084s][info][gc,phases   ] GC(317) Concurrent Destroy Detached Pages 0.000ms
[84.085s][info][gc,phases   ] GC(317) Concurrent Select Relocation Set 1.500ms
[84.085s][info][gc,phases   ] GC(317) Concurrent Prepare Relocation Set 0.015ms
[84.089s][info][gc,phases   ] GC(317) Pause Relocate Start 2.835ms
[84.096s][info][gc,phases   ] GC(317) Concurrent Relocate 7.011ms
[84.096s][info][gc,load     ] GC(317) Load: 2.03/1.18/0.54
[84.096s][info][gc,mmu      ] GC(317) MMU: 2ms/0.0%, 5ms/0.0%, 10ms/0.0%, 20ms/0.0%, 50ms/57.1%, 100ms/74.9%
[84.096s][info][gc,marking  ] GC(317) Mark: 1 stripe(s), 2 proactive flush(es), 1 terminate flush(es), 0 completion(s), 0 continuation(s) 
[84.096s][info][gc,reloc    ] GC(317) Relocation: Successful, 5M relocated
[84.096s][info][gc,nmethod  ] GC(317) NMethods: 3597 registered, 0 unregistered
[84.096s][info][gc,metaspace] GC(317) Metaspace: 72M used, 77M capacity, 77M committed, 78M reserved
[84.096s][info][gc,ref      ] GC(317) Soft: 2199 encountered, 0 discovered, 0 enqueued
[84.096s][info][gc,ref      ] GC(317) Weak: 4613 encountered, 3640 discovered, 0 enqueued
[84.096s][info][gc,ref      ] GC(317) Final: 27 encountered, 0 discovered, 0 enqueued
[84.096s][info][gc,ref      ] GC(317) Phantom: 652 encountered, 648 discovered, 0 enqueued
[84.096s][info][gc,heap     ] GC(317)                Mark Start          Mark End        Relocate Start      Relocate End           High               Low         
[84.096s][info][gc,heap     ] GC(317)  Capacity:      500M (100%)        500M (100%)        500M (100%)        500M (100%)        500M (100%)        500M (100%)   
[84.096s][info][gc,heap     ] GC(317)   Reserve:       34M (7%)           34M (7%)           34M (7%)           34M (7%)           34M (7%)           34M (7%)     
[84.096s][info][gc,heap     ] GC(317)      Free:      162M (32%)           0M (0%)          124M (25%)         124M (25%)         162M (32%)           0M (0%)     
[84.096s][info][gc,heap     ] GC(317)      Used:      304M (61%)         466M (93%)         342M (68%)         342M (68%)         466M (93%)         304M (61%)    
[84.096s][info][gc,heap     ] GC(317)      Live:         -               139M (28%)         139M (28%)         139M (28%)            -                  -          
[84.096s][info][gc,heap     ] GC(317) Allocated:         -               162M (32%)         162M (32%)         172M (34%)            -                  -          
[84.096s][info][gc,heap     ] GC(317)   Garbage:         -               164M (33%)          40M (8%)           32M (7%)             -                  -          
[84.096s][info][gc,heap     ] GC(317) Reclaimed:         -                  -               124M (25%)         132M (26%)            -                  -          
[84.096s][info][gc          ] GC(317) Garbage Collection (Allocation Rate) 304M(61%)->342M(68%)
[84.113s][info][gc,start    ] GC(318) Garbage Collection (Allocation Rate)
[84.120s][info][gc,phases   ] GC(318) Pause Mark Start 3.509ms
[84.355s][info][gc,phases   ] GC(318) Concurrent Mark 234.866ms
[84.355s][info][gc,phases   ] GC(318) Pause Mark End 0.445ms
[84.357s][info][gc,phases   ] GC(318) Concurrent Process Non-Strong References 1.468ms
[84.357s][info][gc,phases   ] GC(318) Concurrent Reset Relocation Set 0.002ms
[84.357s][info][gc,phases   ] GC(318) Concurrent Destroy Detached Pages 0.000ms
[84.358s][info][gc          ] Allocation Stall (Executor task launch worker for task 0.0 in stage 22.0 (TID 22)) 35.904ms
[84.362s][info][gc,phases   ] GC(318) Concurrent Select Relocation Set 5.471ms
[84.362s][info][gc,phases   ] GC(318) Concurrent Prepare Relocation Set 0.015ms
[84.368s][info][gc,phases   ] GC(318) Pause Relocate Start 2.917ms
[84.376s][info][gc,phases   ] GC(318) Concurrent Relocate 7.830ms
[84.376s][info][gc,load     ] GC(318) Load: 2.03/1.18/0.54
[84.376s][info][gc,mmu      ] GC(318) MMU: 2ms/0.0%, 5ms/0.0%, 10ms/0.0%, 20ms/0.0%, 50ms/57.1%, 100ms/74.9%
[84.376s][info][gc,marking  ] GC(318) Mark: 1 stripe(s), 2 proactive flush(es), 1 terminate flush(es), 0 completion(s), 0 continuation(s) 
[84.376s][info][gc,reloc    ] GC(318) Relocation: Successful, 5M relocated
[84.376s][info][gc,nmethod  ] GC(318) NMethods: 3597 registered, 0 unregistered
[84.376s][info][gc,metaspace] GC(318) Metaspace: 72M used, 77M capacity, 77M committed, 78M reserved
[84.376s][info][gc,ref      ] GC(318) Soft: 2199 encountered, 0 discovered, 0 enqueued
[84.376s][info][gc,ref      ] GC(318) Weak: 4613 encountered, 3640 discovered, 0 enqueued
[84.376s][info][gc,ref      ] GC(318) Final: 27 encountered, 0 discovered, 0 enqueued
[84.376s][info][gc,ref      ] GC(318) Phantom: 652 encountered, 648 discovered, 0 enqueued
[84.376s][info][gc,heap     ] GC(318)                Mark Start          Mark End        Relocate Start      Relocate End           High               Low         
[84.376s][info][gc,heap     ] GC(318)  Capacity:      500M (100%)        500M (100%)        500M (100%)        500M (100%)        500M (100%)        500M (100%)   
[84.376s][info][gc,heap     ] GC(318)   Reserve:       34M (7%)           34M (7%)           34M (7%)           34M (7%)           34M (7%)           34M (7%)     
[84.376s][info][gc,heap     ] GC(318)      Free:      104M (21%)           0M (0%)          176M (35%)         176M (35%)         180M (36%)           0M (0%)     
[84.376s][info][gc,heap     ] GC(318)      Used:      362M (72%)         466M (93%)         290M (58%)         290M (58%)         466M (93%)         286M (57%)    
[84.376s][info][gc,heap     ] GC(318)      Live:         -               139M (28%)         139M (28%)         139M (28%)            -                  -          
[84.376s][info][gc,heap     ] GC(318) Allocated:         -               104M (21%)         110M (22%)         120M (24%)            -                  -          
[84.376s][info][gc,heap     ] GC(318)   Garbage:         -               222M (45%)          40M (8%)           32M (7%)             -                  -          
[84.376s][info][gc,heap     ] GC(318) Reclaimed:         -                  -               182M (36%)         190M (38%)            -                  -          
[84.376s][info][gc          ] GC(318) Garbage Collection (Allocation Rate) 362M(72%)->290M(58%)
[84.414s][info][gc,start    ] GC(319) Garbage Collection (Allocation Rate)
[84.422s][info][gc,phases   ] GC(319) Pause Mark Start 5.588ms
[84.680s][info][gc,phases   ] GC(319) Concurrent Mark 257.412ms
[84.681s][info][gc,phases   ] GC(319) Pause Mark End 0.441ms
[84.682s][info][gc,phases   ] GC(319) Concurrent Process Non-Strong References 1.495ms
[84.682s][info][gc,phases   ] GC(319) Concurrent Reset Relocation Set 0.002ms
[84.682s][info][gc,phases   ] GC(319) Concurrent Destroy Detached Pages 0.000ms
[84.683s][info][gc          ] Allocation Stall (Executor task launch worker for task 0.0 in stage 22.0 (TID 22)) 23.075ms
[84.688s][info][gc,phases   ] GC(319) Concurrent Select Relocation Set 5.456ms
[84.688s][info][gc,phases   ] GC(319) Concurrent Prepare Relocation Set 0.017ms
[84.693s][info][gc,phases   ] GC(319) Pause Relocate Start 2.852ms
[84.699s][info][gc,phases   ] GC(319) Concurrent Relocate 6.036ms
[84.700s][info][gc,load     ] GC(319) Load: 2.03/1.18/0.54
[84.700s][info][gc,mmu      ] GC(319) MMU: 2ms/0.0%, 5ms/0.0%, 10ms/0.0%, 20ms/0.0%, 50ms/57.1%, 100ms/74.9%
[84.700s][info][gc,marking  ] GC(319) Mark: 1 stripe(s), 2 proactive flush(es), 1 terminate flush(es), 0 completion(s), 0 continuation(s) 
[84.700s][info][gc,reloc    ] GC(319) Relocation: Successful, 5M relocated
[84.700s][info][gc,nmethod  ] GC(319) NMethods: 3597 registered, 0 unregistered
[84.700s][info][gc,metaspace] GC(319) Metaspace: 72M used, 77M capacity, 77M committed, 78M reserved
[84.700s][info][gc,ref      ] GC(319) Soft: 2199 encountered, 0 discovered, 0 enqueued
[84.700s][info][gc,ref      ] GC(319) Weak: 4613 encountered, 3640 discovered, 0 enqueued
[84.700s][info][gc,ref      ] GC(319) Final: 27 encountered, 0 discovered, 0 enqueued
[84.700s][info][gc,ref      ] GC(319) Phantom: 652 encountered, 648 discovered, 0 enqueued
[84.700s][info][gc,heap     ] GC(319)                Mark Start          Mark End        Relocate Start      Relocate End           High               Low         
[84.700s][info][gc,heap     ] GC(319)  Capacity:      500M (100%)        500M (100%)        500M (100%)        500M (100%)        500M (100%)        500M (100%)   
[84.700s][info][gc,heap     ] GC(319)   Reserve:       34M (7%)           34M (7%)           34M (7%)           34M (7%)           34M (7%)           34M (7%)     
[84.700s][info][gc,heap     ] GC(319)      Free:      132M (26%)           0M (0%)          148M (30%)         150M (30%)         152M (30%)           0M (0%)     
[84.700s][info][gc,heap     ] GC(319)      Used:      334M (67%)         466M (93%)         318M (64%)         316M (63%)         466M (93%)         314M (63%)    
[84.700s][info][gc,heap     ] GC(319)      Live:         -               139M (28%)         139M (28%)         139M (28%)            -                  -          
[84.700s][info][gc,heap     ] GC(319) Allocated:         -               132M (26%)         138M (28%)         146M (29%)            -                  -          
[84.700s][info][gc,heap     ] GC(319)   Garbage:         -               194M (39%)          40M (8%)           32M (7%)             -                  -          
[84.700s][info][gc,heap     ] GC(319) Reclaimed:         -                  -               154M (31%)         162M (32%)            -                  -          
[84.700s][info][gc          ] GC(319) Garbage Collection (Allocation Rate) 334M(67%)->316M(63%)
[84.713s][info][gc,start    ] GC(320) Garbage Collection (Allocation Rate)
[84.719s][info][gc,phases   ] GC(320) Pause Mark Start 3.497ms
[84.967s][info][gc,phases   ] GC(320) Concurrent Mark 247.130ms
[84.967s][info][gc,phases   ] GC(320) Pause Mark End 0.515ms
[84.969s][info][gc,phases   ] GC(320) Concurrent Process Non-Strong References 1.464ms
[84.969s][info][gc,phases   ] GC(320) Concurrent Reset Relocation Set 0.002ms
[84.969s][info][gc,phases   ] GC(320) Concurrent Destroy Detached Pages 0.000ms
[84.971s][info][gc,phases   ] GC(320) Concurrent Select Relocation Set 1.525ms
[84.971s][info][gc,phases   ] GC(320) Concurrent Prepare Relocation Set 0.014ms
[84.975s][info][gc,phases   ] GC(320) Pause Relocate Start 4.282ms
[84.975s][info][gc          ] Allocation Stall (Executor task launch worker for task 0.0 in stage 22.0 (TID 22)) 29.320ms
[84.982s][info][gc,phases   ] GC(320) Concurrent Relocate 2.766ms
[84.982s][info][gc,load     ] GC(320) Load: 2.03/1.18/0.54
[84.982s][info][gc,mmu      ] GC(320) MMU: 2ms/0.0%, 5ms/0.0%, 10ms/0.0%, 20ms/0.0%, 50ms/57.1%, 100ms/74.9%
[84.982s][info][gc,marking  ] GC(320) Mark: 1 stripe(s), 2 proactive flush(es), 1 terminate flush(es), 0 completion(s), 0 continuation(s) 
[84.982s][info][gc,reloc    ] GC(320) Relocation: Successful, 5M relocated
[84.982s][info][gc,nmethod  ] GC(320) NMethods: 3597 registered, 0 unregistered
[84.982s][info][gc,metaspace] GC(320) Metaspace: 72M used, 77M capacity, 77M committed, 78M reserved
[84.982s][info][gc,ref      ] GC(320) Soft: 2199 encountered, 0 discovered, 0 enqueued
[84.982s][info][gc,ref      ] GC(320) Weak: 4613 encountered, 3640 discovered, 0 enqueued
[84.982s][info][gc,ref      ] GC(320) Final: 27 encountered, 0 discovered, 0 enqueued
[84.982s][info][gc,ref      ] GC(320) Phantom: 652 encountered, 648 discovered, 0 enqueued
[84.982s][info][gc,heap     ] GC(320)                Mark Start          Mark End        Relocate Start      Relocate End           High               Low         
[84.982s][info][gc,heap     ] GC(320)  Capacity:      500M (100%)        500M (100%)        500M (100%)        500M (100%)        500M (100%)        500M (100%)   
[84.982s][info][gc,heap     ] GC(320)   Reserve:       34M (7%)           34M (7%)           34M (7%)           34M (7%)           34M (7%)           34M (7%)     
[84.982s][info][gc,heap     ] GC(320)      Free:      134M (27%)           0M (0%)          150M (30%)         158M (32%)         158M (32%)           0M (0%)     
[84.982s][info][gc,heap     ] GC(320)      Used:      332M (66%)         466M (93%)         316M (63%)         308M (62%)         466M (93%)         308M (62%)    
[84.982s][info][gc,heap     ] GC(320)      Live:         -               139M (28%)         139M (28%)         139M (28%)            -                  -          
[84.982s][info][gc,heap     ] GC(320) Allocated:         -               134M (27%)         136M (27%)         140M (28%)            -                  -          
[84.982s][info][gc,heap     ] GC(320)   Garbage:         -               192M (39%)          40M (8%)           34M (7%)             -                  -          
[84.982s][info][gc,heap     ] GC(320) Reclaimed:         -                  -               152M (30%)         158M (32%)            -                  -          
[84.982s][info][gc          ] GC(320) Garbage Collection (Allocation Rate) 332M(66%)->308M(62%)
[85.013s][info][gc,start    ] GC(321) Garbage Collection (Allocation Rate)
[85.019s][info][gc,phases   ] GC(321) Pause Mark Start 3.451ms
[85.284s][info][gc,phases   ] GC(321) Concurrent Mark 264.497ms
[85.285s][info][gc,phases   ] GC(321) Pause Mark End 0.471ms
[85.286s][info][gc,phases   ] GC(321) Concurrent Process Non-Strong References 1.499ms
[85.286s][info][gc,phases   ] GC(321) Concurrent Reset Relocation Set 0.002ms
[85.286s][info][gc,phases   ] GC(321) Concurrent Destroy Detached Pages 0.000ms
[85.287s][info][gc          ] Allocation Stall (Executor task launch worker for task 0.0 in stage 22.0 (TID 22)) 31.385ms
[85.292s][info][gc,phases   ] GC(321) Concurrent Select Relocation Set 5.675ms
[85.292s][info][gc,phases   ] GC(321) Concurrent Prepare Relocation Set 0.015ms
[85.298s][info][gc,phases   ] GC(321) Pause Relocate Start 2.970ms
[85.303s][info][gc,phases   ] GC(321) Concurrent Relocate 5.261ms
[85.303s][info][gc,load     ] GC(321) Load: 2.03/1.18/0.54
[85.303s][info][gc,mmu      ] GC(321) MMU: 2ms/0.0%, 5ms/0.0%, 10ms/0.0%, 20ms/0.0%, 50ms/57.1%, 100ms/74.9%
[85.304s][info][gc,marking  ] GC(321) Mark: 1 stripe(s), 2 proactive flush(es), 1 terminate flush(es), 0 completion(s), 0 continuation(s) 
[85.304s][info][gc,reloc    ] GC(321) Relocation: Successful, 5M relocated
[85.304s][info][gc,nmethod  ] GC(321) NMethods: 3597 registered, 0 unregistered
[85.304s][info][gc,metaspace] GC(321) Metaspace: 72M used, 77M capacity, 77M committed, 78M reserved
[85.304s][info][gc,ref      ] GC(321) Soft: 2199 encountered, 0 discovered, 0 enqueued
[85.304s][info][gc,ref      ] GC(321) Weak: 4613 encountered, 3640 discovered, 0 enqueued
[85.304s][info][gc,ref      ] GC(321) Final: 27 encountered, 0 discovered, 0 enqueued
[85.304s][info][gc,ref      ] GC(321) Phantom: 652 encountered, 648 discovered, 0 enqueued
[85.304s][info][gc,heap     ] GC(321)                Mark Start          Mark End        Relocate Start      Relocate End           High               Low         
[85.304s][info][gc,heap     ] GC(321)  Capacity:      500M (100%)        500M (100%)        500M (100%)        500M (100%)        500M (100%)        500M (100%)   
[85.304s][info][gc,heap     ] GC(321)   Reserve:       34M (7%)           34M (7%)           34M (7%)           34M (7%)           34M (7%)           34M (7%)     
[85.304s][info][gc,heap     ] GC(321)      Free:      118M (24%)           0M (0%)          162M (32%)         166M (33%)         166M (33%)           0M (0%)     
[85.304s][info][gc,heap     ] GC(321)      Used:      348M (70%)         466M (93%)         304M (61%)         300M (60%)         466M (93%)         300M (60%)    
[85.304s][info][gc,heap     ] GC(321)      Live:         -               139M (28%)         139M (28%)         139M (28%)            -                  -          
[85.304s][info][gc,heap     ] GC(321) Allocated:         -               118M (24%)         124M (25%)         130M (26%)            -                  -          
[85.304s][info][gc,heap     ] GC(321)   Garbage:         -               208M (42%)          40M (8%)           32M (7%)             -                  -          
[85.304s][info][gc,heap     ] GC(321) Reclaimed:         -                  -               168M (34%)         176M (35%)            -                  -          
[85.304s][info][gc          ] GC(321) Garbage Collection (Allocation Rate) 348M(70%)->300M(60%)
[85.313s][info][gc,start    ] GC(322) Garbage Collection (Allocation Rate)
[85.322s][info][gc,phases   ] GC(322) Pause Mark Start 5.613ms
[85.609s][info][gc,phases   ] GC(322) Concurrent Mark 287.411ms
[85.610s][info][gc,phases   ] GC(322) Pause Mark End 0.445ms
[85.612s][info][gc,phases   ] GC(322) Concurrent Process Non-Strong References 1.559ms
[85.612s][info][gc,phases   ] GC(322) Concurrent Reset Relocation Set 0.003ms
[85.612s][info][gc,phases   ] GC(322) Concurrent Destroy Detached Pages 0.001ms
[85.613s][info][gc          ] Allocation Stall (Executor task launch worker for task 0.0 in stage 22.0 (TID 22)) 3.860ms
[85.614s][info][gc,phases   ] GC(322) Concurrent Select Relocation Set 2.544ms
[85.614s][info][gc,phases   ] GC(322) Concurrent Prepare Relocation Set 0.016ms
[85.618s][info][gc,phases   ] GC(322) Pause Relocate Start 2.869ms
[85.624s][info][gc,phases   ] GC(322) Concurrent Relocate 1.080ms
[85.624s][info][gc,load     ] GC(322) Load: 2.03/1.18/0.54
[85.624s][info][gc,mmu      ] GC(322) MMU: 2ms/0.0%, 5ms/0.0%, 10ms/0.0%, 20ms/0.0%, 50ms/57.1%, 100ms/74.9%
[85.624s][info][gc,marking  ] GC(322) Mark: 1 stripe(s), 2 proactive flush(es), 1 terminate flush(es), 0 completion(s), 0 continuation(s) 
[85.624s][info][gc,reloc    ] GC(322) Relocation: Successful, 5M relocated
[85.624s][info][gc,nmethod  ] GC(322) NMethods: 3597 registered, 0 unregistered
[85.624s][info][gc,metaspace] GC(322) Metaspace: 72M used, 77M capacity, 77M committed, 78M reserved
[85.624s][info][gc,ref      ] GC(322) Soft: 2199 encountered, 0 discovered, 0 enqueued
[85.624s][info][gc,ref      ] GC(322) Weak: 4613 encountered, 3640 discovered, 0 enqueued
[85.624s][info][gc,ref      ] GC(322) Final: 27 encountered, 0 discovered, 0 enqueued
[85.624s][info][gc,ref      ] GC(322) Phantom: 652 encountered, 648 discovered, 0 enqueued
[85.624s][info][gc,heap     ] GC(322)                Mark Start          Mark End        Relocate Start      Relocate End           High               Low         
[85.624s][info][gc,heap     ] GC(322)  Capacity:      500M (100%)        500M (100%)        500M (100%)        500M (100%)        500M (100%)        500M (100%)   
[85.624s][info][gc,heap     ] GC(322)   Reserve:       34M (7%)           34M (7%)           34M (7%)           34M (7%)           34M (7%)           34M (7%)     
[85.624s][info][gc,heap     ] GC(322)      Free:      154M (31%)           0M (0%)          132M (26%)         132M (26%)         154M (31%)           0M (0%)     
[85.624s][info][gc,heap     ] GC(322)      Used:      312M (62%)         466M (93%)         334M (67%)         334M (67%)         466M (93%)         312M (62%)    
[85.624s][info][gc,heap     ] GC(322)      Live:         -               139M (28%)         139M (28%)         139M (28%)            -                  -          
[85.624s][info][gc,heap     ] GC(322) Allocated:         -               154M (31%)         156M (31%)         164M (33%)            -                  -          
[85.624s][info][gc,heap     ] GC(322)   Garbage:         -               172M (35%)          38M (8%)           32M (7%)             -                  -          
[85.624s][info][gc,heap     ] GC(322) Reclaimed:         -                  -               134M (27%)         140M (28%)            -                  -          
[85.624s][info][gc          ] GC(322) Garbage Collection (Allocation Rate) 312M(62%)->334M(67%)
[85.713s][info][gc,start    ] GC(323) Garbage Collection (Allocation Rate)
[85.719s][info][gc,phases   ] GC(323) Pause Mark Start 3.525ms
[85.751s][info][gc,phases   ] GC(323) Concurrent Mark 31.889ms
[85.752s][info][gc,phases   ] GC(323) Pause Mark End 0.454ms
[85.753s][info][gc,phases   ] GC(323) Concurrent Process Non-Strong References 1.477ms
[85.753s][info][gc,phases   ] GC(323) Concurrent Reset Relocation Set 0.003ms
[85.753s][info][gc,phases   ] GC(323) Concurrent Destroy Detached Pages 0.001ms
[85.755s][info][gc          ] Allocation Stall (Executor task launch worker for task 0.0 in stage 22.0 (TID 22)) 33.408ms
[85.759s][info][gc,phases   ] GC(323) Concurrent Select Relocation Set 5.590ms
[85.759s][info][gc,phases   ] GC(323) Concurrent Prepare Relocation Set 0.025ms
[85.765s][info][gc,phases   ] GC(323) Pause Relocate Start 3.143ms
[85.772s][info][gc,phases   ] GC(323) Concurrent Relocate 6.762ms
[85.772s][info][gc,load     ] GC(323) Load: 2.03/1.18/0.54
[85.772s][info][gc,mmu      ] GC(323) MMU: 2ms/0.0%, 5ms/0.0%, 10ms/0.0%, 20ms/0.0%, 50ms/57.1%, 100ms/74.9%
[85.772s][info][gc,marking  ] GC(323) Mark: 1 stripe(s), 2 proactive flush(es), 1 terminate flush(es), 0 completion(s), 0 continuation(s) 
[85.772s][info][gc,reloc    ] GC(323) Relocation: Successful, 7M relocated
[85.772s][info][gc,nmethod  ] GC(323) NMethods: 3597 registered, 0 unregistered
[85.772s][info][gc,metaspace] GC(323) Metaspace: 72M used, 77M capacity, 77M committed, 78M reserved
[85.772s][info][gc,ref      ] GC(323) Soft: 2199 encountered, 0 discovered, 0 enqueued
[85.772s][info][gc,ref      ] GC(323) Weak: 4604 encountered, 3634 discovered, 0 enqueued
[85.772s][info][gc,ref      ] GC(323) Final: 27 encountered, 0 discovered, 0 enqueued
[85.772s][info][gc,ref      ] GC(323) Phantom: 652 encountered, 648 discovered, 0 enqueued
[85.772s][info][gc,heap     ] GC(323)                Mark Start          Mark End        Relocate Start      Relocate End           High               Low         
[85.772s][info][gc,heap     ] GC(323)  Capacity:      500M (100%)        500M (100%)        500M (100%)        500M (100%)        500M (100%)        500M (100%)   
[85.772s][info][gc,heap     ] GC(323)   Reserve:       34M (7%)           34M (7%)           34M (7%)           34M (7%)           34M (7%)           34M (7%)     
[85.772s][info][gc,heap     ] GC(323)      Free:        4M (1%)            0M (0%)          366M (73%)         382M (76%)         382M (76%)           0M (0%)     
[85.772s][info][gc,heap     ] GC(323)      Used:      462M (92%)         466M (93%)         100M (20%)          84M (17%)         466M (93%)          84M (17%)    
[85.772s][info][gc,heap     ] GC(323)      Live:         -                30M (6%)           30M (6%)           30M (6%)             -                  -          
[85.772s][info][gc,heap     ] GC(323) Allocated:         -                 4M (1%)           12M (2%)           22M (4%)             -                  -          
[85.772s][info][gc,heap     ] GC(323)   Garbage:         -               431M (86%)          57M (11%)          33M (7%)             -                  -          
[85.772s][info][gc,heap     ] GC(323) Reclaimed:         -                  -               374M (75%)         398M (80%)            -                  -          
[85.772s][info][gc          ] GC(323) Garbage Collection (Allocation Rate) 462M(92%)->84M(17%)
[85.813s][info][gc,start    ] GC(324) Garbage Collection (Allocation Rate)
[85.820s][info][gc,phases   ] GC(324) Pause Mark Start 3.534ms
[85.883s][info][gc,phases   ] GC(324) Concurrent Mark 62.846ms
[85.886s][info][gc,phases   ] GC(324) Pause Mark End 0.459ms
[85.888s][info][gc,phases   ] GC(324) Concurrent Process Non-Strong References 1.632ms
[85.888s][info][gc,phases   ] GC(324) Concurrent Reset Relocation Set 0.004ms
[85.888s][info][gc,phases   ] GC(324) Concurrent Destroy Detached Pages 0.000ms
[85.889s][info][gc,phases   ] GC(324) Concurrent Select Relocation Set 1.503ms
[85.889s][info][gc,phases   ] GC(324) Concurrent Prepare Relocation Set 0.007ms
[85.892s][info][gc,phases   ] GC(324) Pause Relocate Start 2.819ms
[85.899s][info][gc,phases   ] GC(324) Concurrent Relocate 6.613ms
[85.899s][info][gc,load     ] GC(324) Load: 2.03/1.18/0.54
[85.899s][info][gc,mmu      ] GC(324) MMU: 2ms/0.0%, 5ms/0.0%, 10ms/0.0%, 20ms/0.0%, 50ms/57.1%, 100ms/74.9%
[85.899s][info][gc,marking  ] GC(324) Mark: 1 stripe(s), 2 proactive flush(es), 1 terminate flush(es), 0 completion(s), 0 continuation(s) 
[85.899s][info][gc,reloc    ] GC(324) Relocation: Successful, 7M relocated
[85.899s][info][gc,nmethod  ] GC(324) NMethods: 3597 registered, 0 unregistered
[85.899s][info][gc,metaspace] GC(324) Metaspace: 72M used, 77M capacity, 77M committed, 78M reserved
[85.899s][info][gc,ref      ] GC(324) Soft: 2199 encountered, 0 discovered, 0 enqueued
[85.899s][info][gc,ref      ] GC(324) Weak: 4604 encountered, 3634 discovered, 0 enqueued
[85.899s][info][gc,ref      ] GC(324) Final: 27 encountered, 0 discovered, 0 enqueued
[85.899s][info][gc,ref      ] GC(324) Phantom: 652 encountered, 648 discovered, 0 enqueued
[85.899s][info][gc,heap     ] GC(324)                Mark Start          Mark End        Relocate Start      Relocate End           High               Low         
[85.899s][info][gc,heap     ] GC(324)  Capacity:      500M (100%)        500M (100%)        500M (100%)        500M (100%)        500M (100%)        500M (100%)   
[85.899s][info][gc,heap     ] GC(324)   Reserve:       34M (7%)           34M (7%)           34M (7%)           34M (7%)           34M (7%)           34M (7%)     
[85.899s][info][gc,heap     ] GC(324)      Free:      314M (63%)         256M (51%)         336M (67%)         334M (67%)         336M (67%)         256M (51%)    
[85.899s][info][gc,heap     ] GC(324)      Used:      152M (30%)         210M (42%)         130M (26%)         132M (26%)         210M (42%)         130M (26%)    
[85.899s][info][gc,heap     ] GC(324)      Live:         -                30M (6%)           30M (6%)           30M (6%)             -                  -          
[85.899s][info][gc,heap     ] GC(324) Allocated:         -                58M (12%)          58M (12%)          70M (14%)            -                  -          
[85.899s][info][gc,heap     ] GC(324)   Garbage:         -               121M (24%)          41M (8%)           33M (7%)             -                  -          
[85.899s][info][gc,heap     ] GC(324) Reclaimed:         -                  -                80M (16%)          88M (18%)            -                  -          
[85.899s][info][gc          ] GC(324) Garbage Collection (Allocation Rate) 152M(30%)->132M(26%)
[85.913s][info][gc,start    ] GC(325) Garbage Collection (Allocation Rate)
[85.919s][info][gc,phases   ] GC(325) Pause Mark Start 3.464ms
[85.980s][info][gc,phases   ] GC(325) Concurrent Mark 60.115ms
[85.983s][info][gc,phases   ] GC(325) Pause Mark End 0.506ms
[85.984s][info][gc,phases   ] GC(325) Concurrent Process Non-Strong References 1.501ms
[85.984s][info][gc,phases   ] GC(325) Concurrent Reset Relocation Set 0.003ms
[85.984s][info][gc,phases   ] GC(325) Concurrent Destroy Detached Pages 0.000ms
[85.986s][info][gc,phases   ] GC(325) Concurrent Select Relocation Set 1.512ms
[85.986s][info][gc,phases   ] GC(325) Concurrent Prepare Relocation Set 0.009ms
[85.989s][info][gc,phases   ] GC(325) Pause Relocate Start 2.962ms
[85.996s][info][gc,phases   ] GC(325) Concurrent Relocate 6.483ms
[85.996s][info][gc,load     ] GC(325) Load: 2.03/1.18/0.54
[85.996s][info][gc,mmu      ] GC(325) MMU: 2ms/0.0%, 5ms/0.0%, 10ms/0.0%, 20ms/0.0%, 50ms/57.1%, 100ms/74.9%
[85.996s][info][gc,marking  ] GC(325) Mark: 1 stripe(s), 2 proactive flush(es), 1 terminate flush(es), 0 completion(s), 0 continuation(s) 
[85.996s][info][gc,reloc    ] GC(325) Relocation: Successful, 7M relocated
[85.996s][info][gc,nmethod  ] GC(325) NMethods: 3597 registered, 0 unregistered
[85.996s][info][gc,metaspace] GC(325) Metaspace: 72M used, 77M capacity, 77M committed, 78M reserved
[85.996s][info][gc,ref      ] GC(325) Soft: 2199 encountered, 0 discovered, 0 enqueued
[85.996s][info][gc,ref      ] GC(325) Weak: 4604 encountered, 3634 discovered, 0 enqueued
[85.996s][info][gc,ref      ] GC(325) Final: 27 encountered, 0 discovered, 0 enqueued
[85.996s][info][gc,ref      ] GC(325) Phantom: 652 encountered, 648 discovered, 0 enqueued
[85.996s][info][gc,heap     ] GC(325)                Mark Start          Mark End        Relocate Start      Relocate End           High               Low         
[85.996s][info][gc,heap     ] GC(325)  Capacity:      500M (100%)        500M (100%)        500M (100%)        500M (100%)        500M (100%)        500M (100%)   
[85.996s][info][gc,heap     ] GC(325)   Reserve:       34M (7%)           34M (7%)           34M (7%)           34M (7%)           34M (7%)           34M (7%)     
[85.996s][info][gc,heap     ] GC(325)      Free:      310M (62%)         256M (51%)         338M (68%)         338M (68%)         338M (68%)         256M (51%)    
[85.996s][info][gc,heap     ] GC(325)      Used:      156M (31%)         210M (42%)         128M (26%)         128M (26%)         210M (42%)         128M (26%)    
[85.996s][info][gc,heap     ] GC(325)      Live:         -                30M (6%)           30M (6%)           30M (6%)             -                  -          
[85.996s][info][gc,heap     ] GC(325) Allocated:         -                54M (11%)          54M (11%)          66M (13%)            -                  -          
[85.996s][info][gc,heap     ] GC(325)   Garbage:         -               125M (25%)          43M (9%)           37M (7%)             -                  -          
[85.996s][info][gc,heap     ] GC(325) Reclaimed:         -                  -                82M (16%)          88M (18%)            -                  -          
[85.996s][info][gc          ] GC(325) Garbage Collection (Allocation Rate) 156M(31%)->128M(26%)
[86.013s][info][gc,start    ] GC(326) Garbage Collection (Allocation Rate)
[86.019s][info][gc,phases   ] GC(326) Pause Mark Start 3.481ms
[86.085s][info][gc,phases   ] GC(326) Concurrent Mark 65.910ms
[86.088s][info][gc,phases   ] GC(326) Pause Mark End 0.439ms
[86.090s][info][gc,phases   ] GC(326) Concurrent Process Non-Strong References 1.514ms
[86.090s][info][gc,phases   ] GC(326) Concurrent Reset Relocation Set 0.003ms
[86.090s][info][gc,phases   ] GC(326) Concurrent Destroy Detached Pages 0.001ms
[86.092s][info][gc,phases   ] GC(326) Concurrent Select Relocation Set 1.577ms
[86.092s][info][gc,phases   ] GC(326) Concurrent Prepare Relocation Set 0.008ms
[86.095s][info][gc,phases   ] GC(326) Pause Relocate Start 2.759ms
[86.099s][info][gc,phases   ] GC(326) Concurrent Relocate 4.567ms
[86.099s][info][gc,load     ] GC(326) Load: 2.03/1.18/0.54
[86.099s][info][gc,mmu      ] GC(326) MMU: 2ms/0.0%, 5ms/0.0%, 10ms/0.0%, 20ms/0.0%, 50ms/57.1%, 100ms/74.9%
[86.099s][info][gc,marking  ] GC(326) Mark: 1 stripe(s), 2 proactive flush(es), 1 terminate flush(es), 0 completion(s), 0 continuation(s) 
[86.099s][info][gc,reloc    ] GC(326) Relocation: Successful, 7M relocated
[86.099s][info][gc,nmethod  ] GC(326) NMethods: 3597 registered, 0 unregistered
[86.099s][info][gc,metaspace] GC(326) Metaspace: 72M used, 77M capacity, 77M committed, 78M reserved
[86.099s][info][gc,ref      ] GC(326) Soft: 2199 encountered, 0 discovered, 0 enqueued
[86.099s][info][gc,ref      ] GC(326) Weak: 4604 encountered, 3634 discovered, 0 enqueued
[86.099s][info][gc,ref      ] GC(326) Final: 27 encountered, 0 discovered, 0 enqueued
[86.099s][info][gc,ref      ] GC(326) Phantom: 652 encountered, 648 discovered, 0 enqueued
[86.099s][info][gc,heap     ] GC(326)                Mark Start          Mark End        Relocate Start      Relocate End           High               Low         
[86.099s][info][gc,heap     ] GC(326)  Capacity:      500M (100%)        500M (100%)        500M (100%)        500M (100%)        500M (100%)        500M (100%)   
[86.099s][info][gc,heap     ] GC(326)   Reserve:       34M (7%)           34M (7%)           34M (7%)           34M (7%)           34M (7%)           34M (7%)     
[86.099s][info][gc,heap     ] GC(326)      Free:      308M (62%)         250M (50%)         334M (67%)         336M (67%)         336M (67%)         250M (50%)    
[86.099s][info][gc,heap     ] GC(326)      Used:      158M (32%)         216M (43%)         132M (26%)         130M (26%)         216M (43%)         130M (26%)    
[86.099s][info][gc,heap     ] GC(326)      Live:         -                30M (6%)           30M (6%)           30M (6%)             -                  -          
[86.099s][info][gc,heap     ] GC(326) Allocated:         -                58M (12%)          58M (12%)          68M (14%)            -                  -          
[86.099s][info][gc,heap     ] GC(326)   Garbage:         -               127M (25%)          43M (9%)           35M (7%)             -                  -          
[86.099s][info][gc,heap     ] GC(326) Reclaimed:         -                  -                84M (17%)          92M (18%)            -                  -          
[86.099s][info][gc          ] GC(326) Garbage Collection (Allocation Rate) 158M(32%)->130M(26%)
[86.113s][info][gc,start    ] GC(327) Garbage Collection (Allocation Rate)
[86.120s][info][gc,phases   ] GC(327) Pause Mark Start 3.457ms
[86.190s][info][gc,phases   ] GC(327) Concurrent Mark 69.785ms
[86.193s][info][gc,phases   ] GC(327) Pause Mark End 0.495ms
[86.195s][info][gc,phases   ] GC(327) Concurrent Process Non-Strong References 1.714ms
[86.195s][info][gc,phases   ] GC(327) Concurrent Reset Relocation Set 0.003ms
[86.195s][info][gc,phases   ] GC(327) Concurrent Destroy Detached Pages 0.001ms
[86.197s][info][gc,phases   ] GC(327) Concurrent Select Relocation Set 2.566ms
[86.197s][info][gc,phases   ] GC(327) Concurrent Prepare Relocation Set 0.008ms
[86.201s][info][gc,phases   ] GC(327) Pause Relocate Start 3.032ms
[86.208s][info][gc,phases   ] GC(327) Concurrent Relocate 7.109ms
[86.208s][info][gc,load     ] GC(327) Load: 2.03/1.18/0.54
[86.208s][info][gc,mmu      ] GC(327) MMU: 2ms/0.0%, 5ms/0.0%, 10ms/0.0%, 20ms/0.0%, 50ms/57.1%, 100ms/74.9%
[86.208s][info][gc,marking  ] GC(327) Mark: 1 stripe(s), 2 proactive flush(es), 1 terminate flush(es), 0 completion(s), 0 continuation(s) 
[86.208s][info][gc,reloc    ] GC(327) Relocation: Successful, 7M relocated
[86.208s][info][gc,nmethod  ] GC(327) NMethods: 3597 registered, 0 unregistered
[86.208s][info][gc,metaspace] GC(327) Metaspace: 72M used, 77M capacity, 77M committed, 78M reserved
[86.208s][info][gc,ref      ] GC(327) Soft: 2199 encountered, 0 discovered, 0 enqueued
[86.208s][info][gc,ref      ] GC(327) Weak: 4604 encountered, 3634 discovered, 0 enqueued
[86.208s][info][gc,ref      ] GC(327) Final: 27 encountered, 0 discovered, 0 enqueued
[86.208s][info][gc,ref      ] GC(327) Phantom: 652 encountered, 648 discovered, 0 enqueued
[86.208s][info][gc,heap     ] GC(327)                Mark Start          Mark End        Relocate Start      Relocate End           High               Low         
[86.208s][info][gc,heap     ] GC(327)  Capacity:      500M (100%)        500M (100%)        500M (100%)        500M (100%)        500M (100%)        500M (100%)   
[86.208s][info][gc,heap     ] GC(327)   Reserve:       34M (7%)           34M (7%)           34M (7%)           34M (7%)           34M (7%)           34M (7%)     
[86.208s][info][gc,heap     ] GC(327)      Free:      312M (62%)         258M (52%)         338M (68%)         340M (68%)         340M (68%)         258M (52%)    
[86.208s][info][gc,heap     ] GC(327)      Used:      154M (31%)         208M (42%)         128M (26%)         126M (25%)         208M (42%)         126M (25%)    
[86.208s][info][gc,heap     ] GC(327)      Live:         -                30M (6%)           30M (6%)           30M (6%)             -                  -          
[86.208s][info][gc,heap     ] GC(327) Allocated:         -                54M (11%)          54M (11%)          64M (13%)            -                  -          
[86.208s][info][gc,heap     ] GC(327)   Garbage:         -               123M (25%)          43M (9%)           33M (7%)             -                  -          
[86.208s][info][gc,heap     ] GC(327) Reclaimed:         -                  -                80M (16%)          90M (18%)            -                  -          
[86.208s][info][gc          ] GC(327) Garbage Collection (Allocation Rate) 154M(31%)->126M(25%)
[86.213s][info][gc,start    ] GC(328) Garbage Collection (Allocation Rate)
[86.221s][info][gc,phases   ] GC(328) Pause Mark Start 3.744ms
[86.289s][info][gc,phases   ] GC(328) Concurrent Mark 68.670ms
[86.293s][info][gc,phases   ] GC(328) Pause Mark End 0.448ms
[86.294s][info][gc,phases   ] GC(328) Concurrent Process Non-Strong References 1.503ms
[86.294s][info][gc,phases   ] GC(328) Concurrent Reset Relocation Set 0.003ms
[86.294s][info][gc,phases   ] GC(328) Concurrent Destroy Detached Pages 0.001ms
[86.296s][info][gc,phases   ] GC(328) Concurrent Select Relocation Set 1.614ms
[86.296s][info][gc,phases   ] GC(328) Concurrent Prepare Relocation Set 0.007ms
[86.299s][info][gc,phases   ] GC(328) Pause Relocate Start 2.858ms
[86.303s][info][gc,phases   ] GC(328) Concurrent Relocate 4.340ms
[86.304s][info][gc,load     ] GC(328) Load: 2.03/1.18/0.54
[86.304s][info][gc,mmu      ] GC(328) MMU: 2ms/0.0%, 5ms/0.0%, 10ms/0.0%, 20ms/0.0%, 50ms/57.1%, 100ms/74.9%
[86.304s][info][gc,marking  ] GC(328) Mark: 1 stripe(s), 2 proactive flush(es), 1 terminate flush(es), 0 completion(s), 0 continuation(s) 
[86.304s][info][gc,reloc    ] GC(328) Relocation: Successful, 7M relocated
[86.304s][info][gc,nmethod  ] GC(328) NMethods: 3597 registered, 0 unregistered
[86.304s][info][gc,metaspace] GC(328) Metaspace: 72M used, 77M capacity, 77M committed, 78M reserved
[86.304s][info][gc,ref      ] GC(328) Soft: 2199 encountered, 0 discovered, 0 enqueued
[86.304s][info][gc,ref      ] GC(328) Weak: 4604 encountered, 3634 discovered, 0 enqueued
[86.304s][info][gc,ref      ] GC(328) Final: 27 encountered, 0 discovered, 0 enqueued
[86.304s][info][gc,ref      ] GC(328) Phantom: 652 encountered, 648 discovered, 0 enqueued
[86.304s][info][gc,heap     ] GC(328)                Mark Start          Mark End        Relocate Start      Relocate End           High               Low         
[86.304s][info][gc,heap     ] GC(328)  Capacity:      500M (100%)        500M (100%)        500M (100%)        500M (100%)        500M (100%)        500M (100%)   
[86.304s][info][gc,heap     ] GC(328)   Reserve:       34M (7%)           34M (7%)           34M (7%)           34M (7%)           34M (7%)           34M (7%)     
[86.304s][info][gc,heap     ] GC(328)      Free:      336M (67%)         290M (58%)         350M (70%)         350M (70%)         350M (70%)         290M (58%)    
[86.304s][info][gc,heap     ] GC(328)      Used:      130M (26%)         176M (35%)         116M (23%)         116M (23%)         176M (35%)         116M (23%)    
[86.304s][info][gc,heap     ] GC(328)      Live:         -                30M (6%)           30M (6%)           30M (6%)             -                  -          
[86.304s][info][gc,heap     ] GC(328) Allocated:         -                46M (9%)           46M (9%)           54M (11%)            -                  -          
[86.304s][info][gc,heap     ] GC(328)   Garbage:         -                99M (20%)          39M (8%)           33M (7%)             -                  -          
[86.304s][info][gc,heap     ] GC(328) Reclaimed:         -                  -                60M (12%)          66M (13%)            -                  -          
[86.304s][info][gc          ] GC(328) Garbage Collection (Allocation Rate) 130M(26%)->116M(23%)
[86.313s][info][gc,start    ] GC(329) Garbage Collection (Allocation Rate)
[86.319s][info][gc,phases   ] GC(329) Pause Mark Start 3.581ms
[86.383s][info][gc,phases   ] GC(329) Concurrent Mark 63.603ms
[86.386s][info][gc,phases   ] GC(329) Pause Mark End 0.459ms
[86.388s][info][gc,phases   ] GC(329) Concurrent Process Non-Strong References 1.486ms
[86.388s][info][gc,phases   ] GC(329) Concurrent Reset Relocation Set 0.002ms
[86.388s][info][gc,phases   ] GC(329) Concurrent Destroy Detached Pages 0.001ms
[86.389s][info][gc,phases   ] GC(329) Concurrent Select Relocation Set 1.556ms
[86.389s][info][gc,phases   ] GC(329) Concurrent Prepare Relocation Set 0.008ms
[86.393s][info][gc,phases   ] GC(329) Pause Relocate Start 2.953ms
[86.399s][info][gc,phases   ] GC(329) Concurrent Relocate 6.556ms
[86.399s][info][gc,load     ] GC(329) Load: 2.03/1.18/0.54
[86.399s][info][gc,mmu      ] GC(329) MMU: 2ms/0.0%, 5ms/0.0%, 10ms/0.0%, 20ms/0.0%, 50ms/57.1%, 100ms/74.9%
[86.399s][info][gc,marking  ] GC(329) Mark: 1 stripe(s), 2 proactive flush(es), 1 terminate flush(es), 0 completion(s), 0 continuation(s) 
[86.399s][info][gc,reloc    ] GC(329) Relocation: Successful, 7M relocated
[86.399s][info][gc,nmethod  ] GC(329) NMethods: 3597 registered, 0 unregistered
[86.399s][info][gc,metaspace] GC(329) Metaspace: 72M used, 77M capacity, 77M committed, 78M reserved
[86.399s][info][gc,ref      ] GC(329) Soft: 2199 encountered, 0 discovered, 0 enqueued
[86.399s][info][gc,ref      ] GC(329) Weak: 4604 encountered, 3634 discovered, 0 enqueued
[86.399s][info][gc,ref      ] GC(329) Final: 27 encountered, 0 discovered, 0 enqueued
[86.399s][info][gc,ref      ] GC(329) Phantom: 652 encountered, 648 discovered, 0 enqueued
[86.399s][info][gc,heap     ] GC(329)                Mark Start          Mark End        Relocate Start      Relocate End           High               Low         
[86.399s][info][gc,heap     ] GC(329)  Capacity:      500M (100%)        500M (100%)        500M (100%)        500M (100%)        500M (100%)        500M (100%)   
[86.399s][info][gc,heap     ] GC(329)   Reserve:       34M (7%)           34M (7%)           34M (7%)           34M (7%)           34M (7%)           34M (7%)     
[86.399s][info][gc,heap     ] GC(329)      Free:      338M (68%)         280M (56%)         334M (67%)         334M (67%)         338M (68%)         280M (56%)    
[86.399s][info][gc,heap     ] GC(329)      Used:      128M (26%)         186M (37%)         132M (26%)         132M (26%)         186M (37%)         128M (26%)    
[86.399s][info][gc,heap     ] GC(329)      Live:         -                30M (6%)           30M (6%)           30M (6%)             -                  -          
[86.399s][info][gc,heap     ] GC(329) Allocated:         -                58M (12%)          58M (12%)          70M (14%)            -                  -          
[86.399s][info][gc,heap     ] GC(329)   Garbage:         -                97M (19%)          43M (9%)           33M (7%)             -                  -          
[86.399s][info][gc,heap     ] GC(329) Reclaimed:         -                  -                54M (11%)          64M (13%)            -                  -          
[86.399s][info][gc          ] GC(329) Garbage Collection (Allocation Rate) 128M(26%)->132M(26%)
[86.413s][info][gc,start    ] GC(330) Garbage Collection (Allocation Rate)
[86.420s][info][gc,phases   ] GC(330) Pause Mark Start 3.469ms
[86.481s][info][gc,phases   ] GC(330) Concurrent Mark 61.042ms
[86.484s][info][gc,phases   ] GC(330) Pause Mark End 0.460ms
[86.486s][info][gc,phases   ] GC(330) Concurrent Process Non-Strong References 1.454ms
[86.486s][info][gc,phases   ] GC(330) Concurrent Reset Relocation Set 0.003ms
[86.486s][info][gc,phases   ] GC(330) Concurrent Destroy Detached Pages 0.001ms
[86.487s][info][gc,phases   ] GC(330) Concurrent Select Relocation Set 1.551ms
[86.487s][info][gc,phases   ] GC(330) Concurrent Prepare Relocation Set 0.008ms
[86.490s][info][gc,phases   ] GC(330) Pause Relocate Start 2.836ms
[86.499s][info][gc,phases   ] GC(330) Concurrent Relocate 8.705ms
[86.499s][info][gc,load     ] GC(330) Load: 2.03/1.18/0.54
[86.499s][info][gc,mmu      ] GC(330) MMU: 2ms/0.0%, 5ms/0.0%, 10ms/0.0%, 20ms/0.0%, 50ms/57.1%, 100ms/74.9%
[86.499s][info][gc,marking  ] GC(330) Mark: 1 stripe(s), 2 proactive flush(es), 1 terminate flush(es), 0 completion(s), 0 continuation(s) 
[86.499s][info][gc,reloc    ] GC(330) Relocation: Successful, 7M relocated
[86.499s][info][gc,nmethod  ] GC(330) NMethods: 3597 registered, 0 unregistered
[86.499s][info][gc,metaspace] GC(330) Metaspace: 72M used, 77M capacity, 77M committed, 78M reserved
[86.499s][info][gc,ref      ] GC(330) Soft: 2199 encountered, 0 discovered, 0 enqueued
[86.499s][info][gc,ref      ] GC(330) Weak: 4604 encountered, 3634 discovered, 0 enqueued
[86.499s][info][gc,ref      ] GC(330) Final: 27 encountered, 0 discovered, 0 enqueued
[86.499s][info][gc,ref      ] GC(330) Phantom: 652 encountered, 648 discovered, 0 enqueued
[86.499s][info][gc,heap     ] GC(330)                Mark Start          Mark End        Relocate Start      Relocate End           High               Low         
[86.499s][info][gc,heap     ] GC(330)  Capacity:      500M (100%)        500M (100%)        500M (100%)        500M (100%)        500M (100%)        500M (100%)   
[86.499s][info][gc,heap     ] GC(330)   Reserve:       34M (7%)           34M (7%)           34M (7%)           34M (7%)           34M (7%)           34M (7%)     
[86.499s][info][gc,heap     ] GC(330)      Free:      310M (62%)         254M (51%)         336M (67%)         332M (66%)         336M (67%)         254M (51%)    
[86.499s][info][gc,heap     ] GC(330)      Used:      156M (31%)         212M (42%)         130M (26%)         134M (27%)         212M (42%)         130M (26%)    
[86.499s][info][gc,heap     ] GC(330)      Live:         -                30M (6%)           30M (6%)           30M (6%)             -                  -          
[86.499s][info][gc,heap     ] GC(330) Allocated:         -                56M (11%)          56M (11%)          72M (14%)            -                  -          
[86.499s][info][gc,heap     ] GC(330)   Garbage:         -               125M (25%)          43M (9%)           35M (7%)             -                  -          
[86.499s][info][gc,heap     ] GC(330) Reclaimed:         -                  -                82M (16%)          90M (18%)            -                  -          
[86.499s][info][gc          ] GC(330) Garbage Collection (Allocation Rate) 156M(31%)->134M(27%)
[86.513s][info][gc,start    ] GC(331) Garbage Collection (Allocation Rate)
[86.519s][info][gc,phases   ] GC(331) Pause Mark Start 3.817ms
[86.584s][info][gc,phases   ] GC(331) Concurrent Mark 65.095ms
[86.588s][info][gc,phases   ] GC(331) Pause Mark End 0.450ms
[86.590s][info][gc,phases   ] GC(331) Concurrent Process Non-Strong References 1.509ms
[86.590s][info][gc,phases   ] GC(331) Concurrent Reset Relocation Set 0.003ms
[86.590s][info][gc,phases   ] GC(331) Concurrent Destroy Detached Pages 0.001ms
[86.591s][info][gc,phases   ] GC(331) Concurrent Select Relocation Set 1.603ms
[86.591s][info][gc,phases   ] GC(331) Concurrent Prepare Relocation Set 0.008ms
[86.595s][info][gc,phases   ] GC(331) Pause Relocate Start 2.992ms
[86.600s][info][gc,phases   ] GC(331) Concurrent Relocate 4.914ms
[86.600s][info][gc,load     ] GC(331) Load: 2.03/1.18/0.54
[86.600s][info][gc,mmu      ] GC(331) MMU: 2ms/0.0%, 5ms/0.0%, 10ms/0.0%, 20ms/0.0%, 50ms/57.1%, 100ms/74.9%
[86.600s][info][gc,marking  ] GC(331) Mark: 1 stripe(s), 2 proactive flush(es), 1 terminate flush(es), 0 completion(s), 0 continuation(s) 
[86.600s][info][gc,reloc    ] GC(331) Relocation: Successful, 7M relocated
[86.600s][info][gc,nmethod  ] GC(331) NMethods: 3597 registered, 0 unregistered
[86.600s][info][gc,metaspace] GC(331) Metaspace: 72M used, 77M capacity, 77M committed, 78M reserved
[86.600s][info][gc,ref      ] GC(331) Soft: 2199 encountered, 0 discovered, 0 enqueued
[86.600s][info][gc,ref      ] GC(331) Weak: 4604 encountered, 3634 discovered, 0 enqueued
[86.600s][info][gc,ref      ] GC(331) Final: 27 encountered, 0 discovered, 0 enqueued
[86.600s][info][gc,ref      ] GC(331) Phantom: 652 encountered, 648 discovered, 0 enqueued
[86.600s][info][gc,heap     ] GC(331)                Mark Start          Mark End        Relocate Start      Relocate End           High               Low         
[86.600s][info][gc,heap     ] GC(331)  Capacity:      500M (100%)        500M (100%)        500M (100%)        500M (100%)        500M (100%)        500M (100%)   
[86.600s][info][gc,heap     ] GC(331)   Reserve:       34M (7%)           34M (7%)           34M (7%)           34M (7%)           34M (7%)           34M (7%)     
[86.600s][info][gc,heap     ] GC(331)      Free:      310M (62%)         252M (50%)         334M (67%)         336M (67%)         336M (67%)         252M (50%)    
[86.600s][info][gc,heap     ] GC(331)      Used:      156M (31%)         214M (43%)         132M (26%)         130M (26%)         214M (43%)         130M (26%)    
[86.600s][info][gc,heap     ] GC(331)      Live:         -                30M (6%)           30M (6%)           30M (6%)             -                  -          
[86.600s][info][gc,heap     ] GC(331) Allocated:         -                58M (12%)          58M (12%)          68M (14%)            -                  -          
[86.600s][info][gc,heap     ] GC(331)   Garbage:         -               125M (25%)          43M (9%)           33M (7%)             -                  -          
[86.600s][info][gc,heap     ] GC(331) Reclaimed:         -                  -                82M (16%)          92M (18%)            -                  -          
[86.600s][info][gc          ] GC(331) Garbage Collection (Allocation Rate) 156M(31%)->130M(26%)
[86.613s][info][gc,start    ] GC(332) Garbage Collection (Allocation Rate)
[86.620s][info][gc,phases   ] GC(332) Pause Mark Start 4.079ms
[86.689s][info][gc,phases   ] GC(332) Concurrent Mark 69.224ms
[86.692s][info][gc,phases   ] GC(332) Pause Mark End 0.467ms
[86.694s][info][gc,phases   ] GC(332) Concurrent Process Non-Strong References 1.469ms
[86.694s][info][gc,phases   ] GC(332) Concurrent Reset Relocation Set 0.003ms
[86.694s][info][gc,phases   ] GC(332) Concurrent Destroy Detached Pages 0.000ms
[86.695s][info][gc,phases   ] GC(332) Concurrent Select Relocation Set 1.556ms
[86.695s][info][gc,phases   ] GC(332) Concurrent Prepare Relocation Set 0.007ms
[86.698s][info][gc,phases   ] GC(332) Pause Relocate Start 2.824ms
[86.707s][info][gc,phases   ] GC(332) Concurrent Relocate 8.663ms
[86.707s][info][gc,load     ] GC(332) Load: 2.03/1.18/0.54
[86.707s][info][gc,mmu      ] GC(332) MMU: 2ms/0.0%, 5ms/0.0%, 10ms/0.0%, 20ms/0.0%, 50ms/57.1%, 100ms/74.9%
[86.707s][info][gc,marking  ] GC(332) Mark: 1 stripe(s), 2 proactive flush(es), 1 terminate flush(es), 0 completion(s), 0 continuation(s) 
[86.707s][info][gc,reloc    ] GC(332) Relocation: Successful, 7M relocated
[86.707s][info][gc,nmethod  ] GC(332) NMethods: 3597 registered, 0 unregistered
[86.707s][info][gc,metaspace] GC(332) Metaspace: 72M used, 77M capacity, 77M committed, 78M reserved
[86.707s][info][gc,ref      ] GC(332) Soft: 2199 encountered, 0 discovered, 0 enqueued
[86.707s][info][gc,ref      ] GC(332) Weak: 4604 encountered, 3634 discovered, 0 enqueued
[86.707s][info][gc,ref      ] GC(332) Final: 27 encountered, 0 discovered, 0 enqueued
[86.707s][info][gc,ref      ] GC(332) Phantom: 652 encountered, 648 discovered, 0 enqueued
[86.707s][info][gc,heap     ] GC(332)                Mark Start          Mark End        Relocate Start      Relocate End           High               Low         
[86.707s][info][gc,heap     ] GC(332)  Capacity:      500M (100%)        500M (100%)        500M (100%)        500M (100%)        500M (100%)        500M (100%)   
[86.707s][info][gc,heap     ] GC(332)   Reserve:       34M (7%)           34M (7%)           34M (7%)           34M (7%)           34M (7%)           34M (7%)     
[86.707s][info][gc,heap     ] GC(332)      Free:      316M (63%)         258M (52%)         340M (68%)         330M (66%)         340M (68%)         258M (52%)    
[86.707s][info][gc,heap     ] GC(332)      Used:      150M (30%)         208M (42%)         126M (25%)         136M (27%)         208M (42%)         126M (25%)    
[86.707s][info][gc,heap     ] GC(332)      Live:         -                30M (6%)           30M (6%)           30M (6%)             -                  -          
[86.707s][info][gc,heap     ] GC(332) Allocated:         -                58M (12%)          58M (12%)          74M (15%)            -                  -          
[86.707s][info][gc,heap     ] GC(332)   Garbage:         -               119M (24%)          37M (7%)           35M (7%)             -                  -          
[86.707s][info][gc,heap     ] GC(332) Reclaimed:         -                  -                82M (16%)          84M (17%)            -                  -          
[86.707s][info][gc          ] GC(332) Garbage Collection (Allocation Rate) 150M(30%)->136M(27%)
[86.713s][info][gc,start    ] GC(333) Garbage Collection (Allocation Rate)
[86.720s][info][gc,phases   ] GC(333) Pause Mark Start 3.545ms
[86.781s][info][gc,phases   ] GC(333) Concurrent Mark 60.983ms
[86.784s][info][gc,phases   ] GC(333) Pause Mark End 0.481ms
[86.786s][info][gc,phases   ] GC(333) Concurrent Process Non-Strong References 1.462ms
[86.786s][info][gc,phases   ] GC(333) Concurrent Reset Relocation Set 0.002ms
[86.786s][info][gc,phases   ] GC(333) Concurrent Destroy Detached Pages 0.000ms
[86.787s][info][gc,phases   ] GC(333) Concurrent Select Relocation Set 1.554ms
[86.787s][info][gc,phases   ] GC(333) Concurrent Prepare Relocation Set 0.007ms
[86.790s][info][gc,phases   ] GC(333) Pause Relocate Start 2.788ms
[86.795s][info][gc,phases   ] GC(333) Concurrent Relocate 4.786ms
[86.795s][info][gc,load     ] GC(333) Load: 2.02/1.20/0.55
[86.795s][info][gc,mmu      ] GC(333) MMU: 2ms/0.0%, 5ms/0.0%, 10ms/0.0%, 20ms/0.0%, 50ms/57.1%, 100ms/74.9%
[86.795s][info][gc,marking  ] GC(333) Mark: 1 stripe(s), 2 proactive flush(es), 1 terminate flush(es), 0 completion(s), 0 continuation(s) 
[86.795s][info][gc,reloc    ] GC(333) Relocation: Successful, 7M relocated
[86.795s][info][gc,nmethod  ] GC(333) NMethods: 3597 registered, 0 unregistered
[86.795s][info][gc,metaspace] GC(333) Metaspace: 72M used, 77M capacity, 77M committed, 78M reserved
[86.795s][info][gc,ref      ] GC(333) Soft: 2199 encountered, 0 discovered, 0 enqueued
[86.795s][info][gc,ref      ] GC(333) Weak: 4604 encountered, 3634 discovered, 0 enqueued
[86.795s][info][gc,ref      ] GC(333) Final: 27 encountered, 0 discovered, 0 enqueued
[86.795s][info][gc,ref      ] GC(333) Phantom: 652 encountered, 648 discovered, 0 enqueued
[86.795s][info][gc,heap     ] GC(333)                Mark Start          Mark End        Relocate Start      Relocate End           High               Low         
[86.795s][info][gc,heap     ] GC(333)  Capacity:      500M (100%)        500M (100%)        500M (100%)        500M (100%)        500M (100%)        500M (100%)   
[86.795s][info][gc,heap     ] GC(333)   Reserve:       34M (7%)           34M (7%)           34M (7%)           34M (7%)           34M (7%)           34M (7%)     
[86.795s][info][gc,heap     ] GC(333)      Free:      320M (64%)         266M (53%)         342M (68%)         340M (68%)         342M (68%)         266M (53%)    
[86.795s][info][gc,heap     ] GC(333)      Used:      146M (29%)         200M (40%)         124M (25%)         126M (25%)         200M (40%)         124M (25%)    
[86.795s][info][gc,heap     ] GC(333)      Live:         -                30M (6%)           30M (6%)           30M (6%)             -                  -          
[86.795s][info][gc,heap     ] GC(333) Allocated:         -                54M (11%)          54M (11%)          64M (13%)            -                  -          
[86.795s][info][gc,heap     ] GC(333)   Garbage:         -               115M (23%)          39M (8%)           35M (7%)             -                  -          
[86.795s][info][gc,heap     ] GC(333) Reclaimed:         -                  -                76M (15%)          80M (16%)            -                  -          
[86.795s][info][gc          ] GC(333) Garbage Collection (Allocation Rate) 146M(29%)->126M(25%)
[86.814s][info][gc,start    ] GC(334) Garbage Collection (Allocation Rate)
[86.820s][info][gc,phases   ] GC(334) Pause Mark Start 3.602ms
[86.880s][info][gc,phases   ] GC(334) Concurrent Mark 60.350ms
[86.884s][info][gc,phases   ] GC(334) Pause Mark End 0.464ms
[86.885s][info][gc,phases   ] GC(334) Concurrent Process Non-Strong References 1.468ms
[86.885s][info][gc,phases   ] GC(334) Concurrent Reset Relocation Set 0.002ms
[86.885s][info][gc,phases   ] GC(334) Concurrent Destroy Detached Pages 0.000ms
[86.887s][info][gc,phases   ] GC(334) Concurrent Select Relocation Set 1.550ms
[86.887s][info][gc,phases   ] GC(334) Concurrent Prepare Relocation Set 0.008ms
[86.890s][info][gc,phases   ] GC(334) Pause Relocate Start 2.802ms
[86.896s][info][gc,phases   ] GC(334) Concurrent Relocate 5.787ms
[86.896s][info][gc,load     ] GC(334) Load: 2.02/1.20/0.55
[86.896s][info][gc,mmu      ] GC(334) MMU: 2ms/0.0%, 5ms/0.0%, 10ms/0.0%, 20ms/0.0%, 50ms/57.1%, 100ms/74.9%
[86.896s][info][gc,marking  ] GC(334) Mark: 1 stripe(s), 2 proactive flush(es), 1 terminate flush(es), 0 completion(s), 0 continuation(s) 
[86.896s][info][gc,reloc    ] GC(334) Relocation: Successful, 7M relocated
[86.896s][info][gc,nmethod  ] GC(334) NMethods: 3597 registered, 0 unregistered
[86.896s][info][gc,metaspace] GC(334) Metaspace: 72M used, 77M capacity, 77M committed, 78M reserved
[86.896s][info][gc,ref      ] GC(334) Soft: 2199 encountered, 0 discovered, 0 enqueued
[86.896s][info][gc,ref      ] GC(334) Weak: 4604 encountered, 3634 discovered, 0 enqueued
[86.896s][info][gc,ref      ] GC(334) Final: 27 encountered, 0 discovered, 0 enqueued
[86.896s][info][gc,ref      ] GC(334) Phantom: 652 encountered, 648 discovered, 0 enqueued
[86.896s][info][gc,heap     ] GC(334)                Mark Start          Mark End        Relocate Start      Relocate End           High               Low         
[86.896s][info][gc,heap     ] GC(334)  Capacity:      500M (100%)        500M (100%)        500M (100%)        500M (100%)        500M (100%)        500M (100%)   
[86.896s][info][gc,heap     ] GC(334)   Reserve:       34M (7%)           34M (7%)           34M (7%)           34M (7%)           34M (7%)           34M (7%)     
[86.896s][info][gc,heap     ] GC(334)      Free:      312M (62%)         258M (52%)         340M (68%)         338M (68%)         340M (68%)         258M (52%)    
[86.896s][info][gc,heap     ] GC(334)      Used:      154M (31%)         208M (42%)         126M (25%)         128M (26%)         208M (42%)         126M (25%)    
[86.896s][info][gc,heap     ] GC(334)      Live:         -                30M (6%)           30M (6%)           30M (6%)             -                  -          
[86.896s][info][gc,heap     ] GC(334) Allocated:         -                54M (11%)          54M (11%)          66M (13%)            -                  -          
[86.896s][info][gc,heap     ] GC(334)   Garbage:         -               123M (25%)          41M (8%)           33M (7%)             -                  -          
[86.896s][info][gc,heap     ] GC(334) Reclaimed:         -                  -                82M (16%)          90M (18%)            -                  -          
[86.896s][info][gc          ] GC(334) Garbage Collection (Allocation Rate) 154M(31%)->128M(26%)
[86.913s][info][gc,start    ] GC(335) Garbage Collection (Allocation Rate)
[86.919s][info][gc,phases   ] GC(335) Pause Mark Start 3.465ms
[86.982s][info][gc,phases   ] GC(335) Concurrent Mark 63.080ms
[86.985s][info][gc,phases   ] GC(335) Pause Mark End 0.492ms
[86.987s][info][gc,phases   ] GC(335) Concurrent Process Non-Strong References 1.530ms
[86.987s][info][gc,phases   ] GC(335) Concurrent Reset Relocation Set 0.003ms
[86.987s][info][gc,phases   ] GC(335) Concurrent Destroy Detached Pages 0.000ms
[86.989s][info][gc,phases   ] GC(335) Concurrent Select Relocation Set 1.506ms
[86.989s][info][gc,phases   ] GC(335) Concurrent Prepare Relocation Set 0.008ms
[86.992s][info][gc,phases   ] GC(335) Pause Relocate Start 3.046ms
[86.995s][info][gc,phases   ] GC(335) Concurrent Relocate 3.473ms
[86.995s][info][gc,load     ] GC(335) Load: 2.02/1.20/0.55
[86.995s][info][gc,mmu      ] GC(335) MMU: 2ms/0.0%, 5ms/0.0%, 10ms/0.0%, 20ms/0.0%, 50ms/57.1%, 100ms/74.9%
[86.995s][info][gc,marking  ] GC(335) Mark: 1 stripe(s), 2 proactive flush(es), 1 terminate flush(es), 0 completion(s), 0 continuation(s) 
[86.995s][info][gc,reloc    ] GC(335) Relocation: Successful, 7M relocated
[86.995s][info][gc,nmethod  ] GC(335) NMethods: 3597 registered, 0 unregistered
[86.995s][info][gc,metaspace] GC(335) Metaspace: 72M used, 77M capacity, 77M committed, 78M reserved
[86.995s][info][gc,ref      ] GC(335) Soft: 2199 encountered, 0 discovered, 0 enqueued
[86.995s][info][gc,ref      ] GC(335) Weak: 4604 encountered, 3634 discovered, 0 enqueued
[86.995s][info][gc,ref      ] GC(335) Final: 27 encountered, 0 discovered, 0 enqueued
[86.995s][info][gc,ref      ] GC(335) Phantom: 652 encountered, 648 discovered, 0 enqueued
[86.995s][info][gc,heap     ] GC(335)                Mark Start          Mark End        Relocate Start      Relocate End           High               Low         
[86.995s][info][gc,heap     ] GC(335)  Capacity:      500M (100%)        500M (100%)        500M (100%)        500M (100%)        500M (100%)        500M (100%)   
[86.995s][info][gc,heap     ] GC(335)   Reserve:       34M (7%)           34M (7%)           34M (7%)           34M (7%)           34M (7%)           34M (7%)     
[86.996s][info][gc,heap     ] GC(335)      Free:      310M (62%)         250M (50%)         334M (67%)         338M (68%)         338M (68%)         250M (50%)    
[86.996s][info][gc,heap     ] GC(335)      Used:      156M (31%)         216M (43%)         132M (26%)         128M (26%)         216M (43%)         128M (26%)    
[86.996s][info][gc,heap     ] GC(335)      Live:         -                30M (6%)           30M (6%)           30M (6%)             -                  -          
[86.996s][info][gc,heap     ] GC(335) Allocated:         -                60M (12%)          60M (12%)          66M (13%)            -                  -          
[86.996s][info][gc,heap     ] GC(335)   Garbage:         -               125M (25%)          41M (8%)           33M (7%)             -                  -          
[86.996s][info][gc,heap     ] GC(335) Reclaimed:         -                  -                84M (17%)          92M (18%)            -                  -          
[86.996s][info][gc          ] GC(335) Garbage Collection (Allocation Rate) 156M(31%)->128M(26%)
[87.013s][info][gc,start    ] GC(336) Garbage Collection (Allocation Rate)
[87.020s][info][gc,phases   ] GC(336) Pause Mark Start 3.450ms
[87.081s][info][gc,phases   ] GC(336) Concurrent Mark 61.102ms
[87.084s][info][gc,phases   ] GC(336) Pause Mark End 0.450ms
[87.086s][info][gc,phases   ] GC(336) Concurrent Process Non-Strong References 1.515ms
[87.086s][info][gc,phases   ] GC(336) Concurrent Reset Relocation Set 0.002ms
[87.086s][info][gc,phases   ] GC(336) Concurrent Destroy Detached Pages 0.001ms
[87.087s][info][gc,phases   ] GC(336) Concurrent Select Relocation Set 1.541ms
[87.087s][info][gc,phases   ] GC(336) Concurrent Prepare Relocation Set 0.008ms
[87.090s][info][gc,phases   ] GC(336) Pause Relocate Start 2.767ms
[87.095s][info][gc,phases   ] GC(336) Concurrent Relocate 4.627ms
[87.095s][info][gc,load     ] GC(336) Load: 2.02/1.20/0.55
[87.095s][info][gc,mmu      ] GC(336) MMU: 2ms/0.0%, 5ms/0.0%, 10ms/0.0%, 20ms/0.0%, 50ms/57.1%, 100ms/74.9%
[87.095s][info][gc,marking  ] GC(336) Mark: 1 stripe(s), 2 proactive flush(es), 1 terminate flush(es), 0 completion(s), 0 continuation(s) 
[87.095s][info][gc,reloc    ] GC(336) Relocation: Successful, 7M relocated
[87.095s][info][gc,nmethod  ] GC(336) NMethods: 3597 registered, 0 unregistered
[87.095s][info][gc,metaspace] GC(336) Metaspace: 72M used, 77M capacity, 77M committed, 78M reserved
[87.095s][info][gc,ref      ] GC(336) Soft: 2199 encountered, 0 discovered, 0 enqueued
[87.095s][info][gc,ref      ] GC(336) Weak: 4604 encountered, 3634 discovered, 0 enqueued
[87.095s][info][gc,ref      ] GC(336) Final: 27 encountered, 0 discovered, 0 enqueued
[87.095s][info][gc,ref      ] GC(336) Phantom: 652 encountered, 648 discovered, 0 enqueued
[87.095s][info][gc,heap     ] GC(336)                Mark Start          Mark End        Relocate Start      Relocate End           High               Low         
[87.095s][info][gc,heap     ] GC(336)  Capacity:      500M (100%)        500M (100%)        500M (100%)        500M (100%)        500M (100%)        500M (100%)   
[87.095s][info][gc,heap     ] GC(336)   Reserve:       34M (7%)           34M (7%)           34M (7%)           34M (7%)           34M (7%)           34M (7%)     
[87.095s][info][gc,heap     ] GC(336)      Free:      306M (61%)         250M (50%)         338M (68%)         340M (68%)         340M (68%)         250M (50%)    
[87.095s][info][gc,heap     ] GC(336)      Used:      160M (32%)         216M (43%)         128M (26%)         126M (25%)         216M (43%)         126M (25%)    
[87.095s][info][gc,heap     ] GC(336)      Live:         -                30M (6%)           30M (6%)           30M (6%)             -                  -          
[87.095s][info][gc,heap     ] GC(336) Allocated:         -                56M (11%)          56M (11%)          64M (13%)            -                  -          
[87.095s][info][gc,heap     ] GC(336)   Garbage:         -               129M (26%)          41M (8%)           33M (7%)             -                  -          
[87.095s][info][gc,heap     ] GC(336) Reclaimed:         -                  -                88M (18%)          96M (19%)            -                  -          
[87.095s][info][gc          ] GC(336) Garbage Collection (Allocation Rate) 160M(32%)->126M(25%)
[87.113s][info][gc,start    ] GC(337) Garbage Collection (Allocation Rate)
[87.119s][info][gc,phases   ] GC(337) Pause Mark Start 3.487ms
[87.185s][info][gc,phases   ] GC(337) Concurrent Mark 65.915ms
[87.189s][info][gc,phases   ] GC(337) Pause Mark End 0.445ms
[87.190s][info][gc,phases   ] GC(337) Concurrent Process Non-Strong References 1.498ms
[87.190s][info][gc,phases   ] GC(337) Concurrent Reset Relocation Set 0.003ms
[87.190s][info][gc,phases   ] GC(337) Concurrent Destroy Detached Pages 0.001ms
[87.192s][info][gc,phases   ] GC(337) Concurrent Select Relocation Set 1.621ms
[87.192s][info][gc,phases   ] GC(337) Concurrent Prepare Relocation Set 0.008ms
[87.195s][info][gc,phases   ] GC(337) Pause Relocate Start 2.849ms
[87.200s][info][gc,phases   ] GC(337) Concurrent Relocate 4.378ms
[87.200s][info][gc,load     ] GC(337) Load: 2.02/1.20/0.55
[87.200s][info][gc,mmu      ] GC(337) MMU: 2ms/0.0%, 5ms/0.0%, 10ms/0.0%, 20ms/0.0%, 50ms/57.1%, 100ms/74.9%
[87.200s][info][gc,marking  ] GC(337) Mark: 1 stripe(s), 2 proactive flush(es), 1 terminate flush(es), 0 completion(s), 0 continuation(s) 
[87.200s][info][gc,reloc    ] GC(337) Relocation: Successful, 7M relocated
[87.200s][info][gc,nmethod  ] GC(337) NMethods: 3597 registered, 0 unregistered
[87.200s][info][gc,metaspace] GC(337) Metaspace: 72M used, 77M capacity, 77M committed, 78M reserved
[87.200s][info][gc,ref      ] GC(337) Soft: 2199 encountered, 0 discovered, 0 enqueued
[87.200s][info][gc,ref      ] GC(337) Weak: 4604 encountered, 3634 discovered, 0 enqueued
[87.200s][info][gc,ref      ] GC(337) Final: 27 encountered, 0 discovered, 0 enqueued
[87.200s][info][gc,ref      ] GC(337) Phantom: 652 encountered, 648 discovered, 0 enqueued
[87.200s][info][gc,heap     ] GC(337)                Mark Start          Mark End        Relocate Start      Relocate End           High               Low         
[87.200s][info][gc,heap     ] GC(337)  Capacity:      500M (100%)        500M (100%)        500M (100%)        500M (100%)        500M (100%)        500M (100%)   
[87.200s][info][gc,heap     ] GC(337)   Reserve:       34M (7%)           34M (7%)           34M (7%)           34M (7%)           34M (7%)           34M (7%)     
[87.200s][info][gc,heap     ] GC(337)      Free:      308M (62%)         246M (49%)         328M (66%)         334M (67%)         334M (67%)         246M (49%)    
[87.200s][info][gc,heap     ] GC(337)      Used:      158M (32%)         220M (44%)         138M (28%)         132M (26%)         220M (44%)         132M (26%)    
[87.200s][info][gc,heap     ] GC(337)      Live:         -                30M (6%)           30M (6%)           30M (6%)             -                  -          
[87.200s][info][gc,heap     ] GC(337) Allocated:         -                62M (12%)          62M (12%)          70M (14%)            -                  -          
[87.200s][info][gc,heap     ] GC(337)   Garbage:         -               127M (25%)          45M (9%)           33M (7%)             -                  -          
[87.200s][info][gc,heap     ] GC(337) Reclaimed:         -                  -                82M (16%)          94M (19%)            -                  -          
[87.200s][info][gc          ] GC(337) Garbage Collection (Allocation Rate) 158M(32%)->132M(26%)
[87.214s][info][gc,start    ] GC(338) Garbage Collection (Allocation Rate)
[87.220s][info][gc,phases   ] GC(338) Pause Mark Start 3.503ms
[87.290s][info][gc,phases   ] GC(338) Concurrent Mark 70.069ms
[87.293s][info][gc,phases   ] GC(338) Pause Mark End 0.460ms
[87.295s][info][gc,phases   ] GC(338) Concurrent Process Non-Strong References 1.427ms
[87.295s][info][gc,phases   ] GC(338) Concurrent Reset Relocation Set 0.003ms
[87.295s][info][gc,phases   ] GC(338) Concurrent Destroy Detached Pages 0.000ms
[87.296s][info][gc,phases   ] GC(338) Concurrent Select Relocation Set 1.587ms
[87.296s][info][gc,phases   ] GC(338) Concurrent Prepare Relocation Set 0.008ms
[87.299s][info][gc,phases   ] GC(338) Pause Relocate Start 2.975ms
[87.303s][info][gc,phases   ] GC(338) Concurrent Relocate 3.596ms
[87.303s][info][gc,load     ] GC(338) Load: 2.02/1.20/0.55
[87.303s][info][gc,mmu      ] GC(338) MMU: 2ms/0.0%, 5ms/0.0%, 10ms/0.0%, 20ms/0.0%, 50ms/57.1%, 100ms/74.9%
[87.303s][info][gc,marking  ] GC(338) Mark: 1 stripe(s), 2 proactive flush(es), 1 terminate flush(es), 0 completion(s), 0 continuation(s) 
[87.303s][info][gc,reloc    ] GC(338) Relocation: Successful, 7M relocated
[87.303s][info][gc,nmethod  ] GC(338) NMethods: 3597 registered, 0 unregistered
[87.303s][info][gc,metaspace] GC(338) Metaspace: 72M used, 77M capacity, 77M committed, 78M reserved
[87.303s][info][gc,ref      ] GC(338) Soft: 2199 encountered, 0 discovered, 0 enqueued
[87.303s][info][gc,ref      ] GC(338) Weak: 4604 encountered, 3634 discovered, 0 enqueued
[87.303s][info][gc,ref      ] GC(338) Final: 27 encountered, 0 discovered, 0 enqueued
[87.303s][info][gc,ref      ] GC(338) Phantom: 652 encountered, 648 discovered, 0 enqueued
[87.303s][info][gc,heap     ] GC(338)                Mark Start          Mark End        Relocate Start      Relocate End           High               Low         
[87.303s][info][gc,heap     ] GC(338)  Capacity:      500M (100%)        500M (100%)        500M (100%)        500M (100%)        500M (100%)        500M (100%)   
[87.303s][info][gc,heap     ] GC(338)   Reserve:       34M (7%)           34M (7%)           34M (7%)           34M (7%)           34M (7%)           34M (7%)     
[87.303s][info][gc,heap     ] GC(338)      Free:      318M (64%)         262M (52%)         338M (68%)         340M (68%)         340M (68%)         262M (52%)    
[87.303s][info][gc,heap     ] GC(338)      Used:      148M (30%)         204M (41%)         128M (26%)         126M (25%)         204M (41%)         126M (25%)    
[87.303s][info][gc,heap     ] GC(338)      Live:         -                30M (6%)           30M (6%)           30M (6%)             -                  -          
[87.303s][info][gc,heap     ] GC(338) Allocated:         -                56M (11%)          56M (11%)          64M (13%)            -                  -          
[87.303s][info][gc,heap     ] GC(338)   Garbage:         -               117M (23%)          41M (8%)           33M (7%)             -                  -          
[87.303s][info][gc,heap     ] GC(338) Reclaimed:         -                  -                76M (15%)          84M (17%)            -                  -          
[87.303s][info][gc          ] GC(338) Garbage Collection (Allocation Rate) 148M(30%)->126M(25%)
[87.313s][info][gc,start    ] GC(339) Garbage Collection (Allocation Rate)
[87.320s][info][gc,phases   ] GC(339) Pause Mark Start 3.557ms
[87.383s][info][gc,phases   ] GC(339) Concurrent Mark 62.991ms
[87.386s][info][gc,phases   ] GC(339) Pause Mark End 0.455ms
[87.387s][info][gc,phases   ] GC(339) Concurrent Process Non-Strong References 1.502ms
[87.388s][info][gc,phases   ] GC(339) Concurrent Reset Relocation Set 0.003ms
[87.388s][info][gc,phases   ] GC(339) Concurrent Destroy Detached Pages 0.001ms
[87.389s][info][gc,phases   ] GC(339) Concurrent Select Relocation Set 1.524ms
[87.389s][info][gc,phases   ] GC(339) Concurrent Prepare Relocation Set 0.007ms
[87.392s][info][gc,phases   ] GC(339) Pause Relocate Start 2.860ms
[87.399s][info][gc,phases   ] GC(339) Concurrent Relocate 6.668ms
[87.399s][info][gc,load     ] GC(339) Load: 2.02/1.20/0.55
[87.399s][info][gc,mmu      ] GC(339) MMU: 2ms/0.0%, 5ms/0.0%, 10ms/0.0%, 20ms/0.0%, 50ms/57.1%, 100ms/74.9%
[87.399s][info][gc,marking  ] GC(339) Mark: 1 stripe(s), 2 proactive flush(es), 1 terminate flush(es), 0 completion(s), 0 continuation(s) 
[87.399s][info][gc,reloc    ] GC(339) Relocation: Successful, 7M relocated
[87.399s][info][gc,nmethod  ] GC(339) NMethods: 3597 registered, 0 unregistered
[87.399s][info][gc,metaspace] GC(339) Metaspace: 72M used, 77M capacity, 77M committed, 78M reserved
[87.399s][info][gc,ref      ] GC(339) Soft: 2199 encountered, 0 discovered, 0 enqueued
[87.399s][info][gc,ref      ] GC(339) Weak: 4604 encountered, 3634 discovered, 0 enqueued
[87.399s][info][gc,ref      ] GC(339) Final: 27 encountered, 0 discovered, 0 enqueued
[87.399s][info][gc,ref      ] GC(339) Phantom: 652 encountered, 648 discovered, 0 enqueued
[87.399s][info][gc,heap     ] GC(339)                Mark Start          Mark End        Relocate Start      Relocate End           High               Low         
[87.399s][info][gc,heap     ] GC(339)  Capacity:      500M (100%)        500M (100%)        500M (100%)        500M (100%)        500M (100%)        500M (100%)   
[87.399s][info][gc,heap     ] GC(339)   Reserve:       34M (7%)           34M (7%)           34M (7%)           34M (7%)           34M (7%)           34M (7%)     
[87.399s][info][gc,heap     ] GC(339)      Free:      324M (65%)         266M (53%)         336M (67%)         334M (67%)         336M (67%)         266M (53%)    
[87.399s][info][gc,heap     ] GC(339)      Used:      142M (28%)         200M (40%)         130M (26%)         132M (26%)         200M (40%)         130M (26%)    
[87.399s][info][gc,heap     ] GC(339)      Live:         -                30M (6%)           30M (6%)           30M (6%)             -                  -          
[87.399s][info][gc,heap     ] GC(339) Allocated:         -                58M (12%)          58M (12%)          70M (14%)            -                  -          
[87.399s][info][gc,heap     ] GC(339)   Garbage:         -               111M (22%)          41M (8%)           33M (7%)             -                  -          
[87.399s][info][gc,heap     ] GC(339) Reclaimed:         -                  -                70M (14%)          78M (16%)            -                  -          
[87.399s][info][gc          ] GC(339) Garbage Collection (Allocation Rate) 142M(28%)->132M(26%)
[87.413s][info][gc,start    ] GC(340) Garbage Collection (Allocation Rate)
[87.419s][info][gc,phases   ] GC(340) Pause Mark Start 3.415ms
[87.480s][info][gc,phases   ] GC(340) Concurrent Mark 61.606ms
[87.484s][info][gc,phases   ] GC(340) Pause Mark End 0.782ms
[87.486s][info][gc,phases   ] GC(340) Concurrent Process Non-Strong References 1.805ms
[87.486s][info][gc,phases   ] GC(340) Concurrent Reset Relocation Set 0.002ms
[87.486s][info][gc,phases   ] GC(340) Concurrent Destroy Detached Pages 0.000ms
[87.488s][info][gc,phases   ] GC(340) Concurrent Select Relocation Set 1.552ms
[87.488s][info][gc,phases   ] GC(340) Concurrent Prepare Relocation Set 0.008ms
[87.491s][info][gc,phases   ] GC(340) Pause Relocate Start 2.850ms
[87.496s][info][gc,phases   ] GC(340) Concurrent Relocate 4.836ms
[87.496s][info][gc,load     ] GC(340) Load: 2.02/1.20/0.55
[87.496s][info][gc,mmu      ] GC(340) MMU: 2ms/0.0%, 5ms/0.0%, 10ms/0.0%, 20ms/0.0%, 50ms/57.1%, 100ms/74.9%
[87.496s][info][gc,marking  ] GC(340) Mark: 1 stripe(s), 2 proactive flush(es), 1 terminate flush(es), 0 completion(s), 0 continuation(s) 
[87.496s][info][gc,reloc    ] GC(340) Relocation: Successful, 7M relocated
[87.496s][info][gc,nmethod  ] GC(340) NMethods: 3597 registered, 0 unregistered
[87.496s][info][gc,metaspace] GC(340) Metaspace: 72M used, 77M capacity, 77M committed, 78M reserved
[87.496s][info][gc,ref      ] GC(340) Soft: 2199 encountered, 0 discovered, 0 enqueued
[87.496s][info][gc,ref      ] GC(340) Weak: 4604 encountered, 3634 discovered, 0 enqueued
[87.496s][info][gc,ref      ] GC(340) Final: 27 encountered, 0 discovered, 0 enqueued
[87.496s][info][gc,ref      ] GC(340) Phantom: 652 encountered, 648 discovered, 0 enqueued
[87.496s][info][gc,heap     ] GC(340)                Mark Start          Mark End        Relocate Start      Relocate End           High               Low         
[87.496s][info][gc,heap     ] GC(340)  Capacity:      500M (100%)        500M (100%)        500M (100%)        500M (100%)        500M (100%)        500M (100%)   
[87.496s][info][gc,heap     ] GC(340)   Reserve:       34M (7%)           34M (7%)           34M (7%)           34M (7%)           34M (7%)           34M (7%)     
[87.496s][info][gc,heap     ] GC(340)      Free:      314M (63%)         258M (52%)         336M (67%)         338M (68%)         338M (68%)         258M (52%)    
[87.496s][info][gc,heap     ] GC(340)      Used:      152M (30%)         208M (42%)         130M (26%)         128M (26%)         208M (42%)         128M (26%)    
[87.496s][info][gc,heap     ] GC(340)      Live:         -                30M (6%)           30M (6%)           30M (6%)             -                  -          
[87.496s][info][gc,heap     ] GC(340) Allocated:         -                56M (11%)          56M (11%)          66M (13%)            -                  -          
[87.496s][info][gc,heap     ] GC(340)   Garbage:         -               121M (24%)          43M (9%)           33M (7%)             -                  -          
[87.496s][info][gc,heap     ] GC(340) Reclaimed:         -                  -                78M (16%)          88M (18%)            -                  -          
[87.496s][info][gc          ] GC(340) Garbage Collection (Allocation Rate) 152M(30%)->128M(26%)
[87.514s][info][gc,start    ] GC(341) Garbage Collection (Allocation Rate)
[87.520s][info][gc,phases   ] GC(341) Pause Mark Start 3.457ms
[87.583s][info][gc,phases   ] GC(341) Concurrent Mark 63.107ms
[87.586s][info][gc,phases   ] GC(341) Pause Mark End 0.463ms
[87.588s][info][gc,phases   ] GC(341) Concurrent Process Non-Strong References 1.506ms
[87.588s][info][gc,phases   ] GC(341) Concurrent Reset Relocation Set 0.003ms
[87.588s][info][gc,phases   ] GC(341) Concurrent Destroy Detached Pages 0.000ms
[87.589s][info][gc,phases   ] GC(341) Concurrent Select Relocation Set 1.568ms
[87.589s][info][gc,phases   ] GC(341) Concurrent Prepare Relocation Set 0.009ms
[87.593s][info][gc,phases   ] GC(341) Pause Relocate Start 2.896ms
[87.599s][info][gc,phases   ] GC(341) Concurrent Relocate 6.429ms
[87.599s][info][gc,load     ] GC(341) Load: 2.02/1.20/0.55
[87.599s][info][gc,mmu      ] GC(341) MMU: 2ms/0.0%, 5ms/0.0%, 10ms/0.0%, 20ms/0.0%, 50ms/57.1%, 100ms/74.9%
[87.599s][info][gc,marking  ] GC(341) Mark: 1 stripe(s), 2 proactive flush(es), 1 terminate flush(es), 0 completion(s), 0 continuation(s) 
[87.599s][info][gc,reloc    ] GC(341) Relocation: Successful, 7M relocated
[87.599s][info][gc,nmethod  ] GC(341) NMethods: 3597 registered, 0 unregistered
[87.599s][info][gc,metaspace] GC(341) Metaspace: 72M used, 77M capacity, 77M committed, 78M reserved
[87.599s][info][gc,ref      ] GC(341) Soft: 2199 encountered, 0 discovered, 0 enqueued
[87.599s][info][gc,ref      ] GC(341) Weak: 4604 encountered, 3634 discovered, 0 enqueued
[87.599s][info][gc,ref      ] GC(341) Final: 27 encountered, 0 discovered, 0 enqueued
[87.599s][info][gc,ref      ] GC(341) Phantom: 652 encountered, 648 discovered, 0 enqueued
[87.599s][info][gc,heap     ] GC(341)                Mark Start          Mark End        Relocate Start      Relocate End           High               Low         
[87.599s][info][gc,heap     ] GC(341)  Capacity:      500M (100%)        500M (100%)        500M (100%)        500M (100%)        500M (100%)        500M (100%)   
[87.599s][info][gc,heap     ] GC(341)   Reserve:       34M (7%)           34M (7%)           34M (7%)           34M (7%)           34M (7%)           34M (7%)     
[87.599s][info][gc,heap     ] GC(341)      Free:      310M (62%)         252M (50%)         334M (67%)         334M (67%)         334M (67%)         252M (50%)    
[87.599s][info][gc,heap     ] GC(341)      Used:      156M (31%)         214M (43%)         132M (26%)         132M (26%)         214M (43%)         132M (26%)    
[87.599s][info][gc,heap     ] GC(341)      Live:         -                30M (6%)           30M (6%)           30M (6%)             -                  -          
[87.599s][info][gc,heap     ] GC(341) Allocated:         -                58M (12%)          58M (12%)          70M (14%)            -                  -          
[87.599s][info][gc,heap     ] GC(341)   Garbage:         -               125M (25%)          43M (9%)           33M (7%)             -                  -          
[87.599s][info][gc,heap     ] GC(341) Reclaimed:         -                  -                82M (16%)          92M (18%)            -                  -          
[87.599s][info][gc          ] GC(341) Garbage Collection (Allocation Rate) 156M(31%)->132M(26%)
[87.613s][info][gc,start    ] GC(342) Garbage Collection (Allocation Rate)
[87.620s][info][gc,phases   ] GC(342) Pause Mark Start 3.486ms
[87.693s][info][gc,phases   ] GC(342) Concurrent Mark 73.760ms
[87.697s][info][gc,phases   ] GC(342) Pause Mark End 0.449ms
[87.698s][info][gc,phases   ] GC(342) Concurrent Process Non-Strong References 1.508ms
[87.698s][info][gc,phases   ] GC(342) Concurrent Reset Relocation Set 0.003ms
[87.698s][info][gc,phases   ] GC(342) Concurrent Destroy Detached Pages 0.000ms
[87.700s][info][gc,phases   ] GC(342) Concurrent Select Relocation Set 1.502ms
[87.700s][info][gc,phases   ] GC(342) Concurrent Prepare Relocation Set 0.007ms
[87.703s][info][gc,phases   ] GC(342) Pause Relocate Start 2.800ms
[87.708s][info][gc,phases   ] GC(342) Concurrent Relocate 4.844ms
[87.708s][info][gc,load     ] GC(342) Load: 2.02/1.20/0.55
[87.708s][info][gc,mmu      ] GC(342) MMU: 2ms/0.0%, 5ms/0.0%, 10ms/0.0%, 20ms/0.0%, 50ms/57.1%, 100ms/74.9%
[87.708s][info][gc,marking  ] GC(342) Mark: 1 stripe(s), 2 proactive flush(es), 1 terminate flush(es), 0 completion(s), 0 continuation(s) 
[87.708s][info][gc,reloc    ] GC(342) Relocation: Successful, 7M relocated
[87.708s][info][gc,nmethod  ] GC(342) NMethods: 3597 registered, 0 unregistered
[87.708s][info][gc,metaspace] GC(342) Metaspace: 72M used, 77M capacity, 77M committed, 78M reserved
[87.708s][info][gc,ref      ] GC(342) Soft: 2199 encountered, 0 discovered, 0 enqueued
[87.708s][info][gc,ref      ] GC(342) Weak: 4604 encountered, 3634 discovered, 0 enqueued
[87.708s][info][gc,ref      ] GC(342) Final: 27 encountered, 0 discovered, 0 enqueued
[87.708s][info][gc,ref      ] GC(342) Phantom: 652 encountered, 648 discovered, 0 enqueued
[87.708s][info][gc,heap     ] GC(342)                Mark Start          Mark End        Relocate Start      Relocate End           High               Low         
[87.708s][info][gc,heap     ] GC(342)  Capacity:      500M (100%)        500M (100%)        500M (100%)        500M (100%)        500M (100%)        500M (100%)   
[87.708s][info][gc,heap     ] GC(342)   Reserve:       34M (7%)           34M (7%)           34M (7%)           34M (7%)           34M (7%)           34M (7%)     
[87.708s][info][gc,heap     ] GC(342)      Free:      310M (62%)         244M (49%)         330M (66%)         328M (66%)         330M (66%)         244M (49%)    
[87.708s][info][gc,heap     ] GC(342)      Used:      156M (31%)         222M (44%)         136M (27%)         138M (28%)         222M (44%)         136M (27%)    
[87.708s][info][gc,heap     ] GC(342)      Live:         -                30M (6%)           30M (6%)           30M (6%)             -                  -          
[87.708s][info][gc,heap     ] GC(342) Allocated:         -                66M (13%)          66M (13%)          76M (15%)            -                  -          
[87.708s][info][gc,heap     ] GC(342)   Garbage:         -               125M (25%)          39M (8%)           35M (7%)             -                  -          
[87.708s][info][gc,heap     ] GC(342) Reclaimed:         -                  -                86M (17%)          90M (18%)            -                  -          
[87.708s][info][gc          ] GC(342) Garbage Collection (Allocation Rate) 156M(31%)->138M(28%)
[87.713s][info][gc,start    ] GC(343) Garbage Collection (Allocation Rate)
[87.719s][info][gc,phases   ] GC(343) Pause Mark Start 3.662ms
[87.784s][info][gc,phases   ] GC(343) Concurrent Mark 65.186ms
[87.788s][info][gc,phases   ] GC(343) Pause Mark End 0.457ms
[87.789s][info][gc,phases   ] GC(343) Concurrent Process Non-Strong References 1.452ms
[87.789s][info][gc,phases   ] GC(343) Concurrent Reset Relocation Set 0.002ms
[87.789s][info][gc,phases   ] GC(343) Concurrent Destroy Detached Pages 0.000ms
[87.791s][info][gc,phases   ] GC(343) Concurrent Select Relocation Set 1.502ms
[87.791s][info][gc,phases   ] GC(343) Concurrent Prepare Relocation Set 0.008ms
[87.794s][info][gc,phases   ] GC(343) Pause Relocate Start 2.838ms
[87.796s][info][gc,phases   ] GC(343) Concurrent Relocate 1.912ms
[87.796s][info][gc,load     ] GC(343) Load: 2.02/1.20/0.55
[87.796s][info][gc,mmu      ] GC(343) MMU: 2ms/0.0%, 5ms/0.0%, 10ms/0.0%, 20ms/0.0%, 50ms/57.1%, 100ms/74.9%
[87.796s][info][gc,marking  ] GC(343) Mark: 1 stripe(s), 2 proactive flush(es), 1 terminate flush(es), 0 completion(s), 0 continuation(s) 
[87.796s][info][gc,reloc    ] GC(343) Relocation: Successful, 7M relocated
[87.796s][info][gc,nmethod  ] GC(343) NMethods: 3597 registered, 0 unregistered
[87.796s][info][gc,metaspace] GC(343) Metaspace: 72M used, 77M capacity, 77M committed, 78M reserved
[87.796s][info][gc,ref      ] GC(343) Soft: 2199 encountered, 0 discovered, 0 enqueued
[87.796s][info][gc,ref      ] GC(343) Weak: 4604 encountered, 3634 discovered, 0 enqueued
[87.796s][info][gc,ref      ] GC(343) Final: 27 encountered, 0 discovered, 0 enqueued
[87.796s][info][gc,ref      ] GC(343) Phantom: 652 encountered, 648 discovered, 0 enqueued
[87.796s][info][gc,heap     ] GC(343)                Mark Start          Mark End        Relocate Start      Relocate End           High               Low         
[87.796s][info][gc,heap     ] GC(343)  Capacity:      500M (100%)        500M (100%)        500M (100%)        500M (100%)        500M (100%)        500M (100%)   
[87.796s][info][gc,heap     ] GC(343)   Reserve:       34M (7%)           34M (7%)           34M (7%)           34M (7%)           34M (7%)           34M (7%)     
[87.796s][info][gc,heap     ] GC(343)      Free:      322M (64%)         266M (53%)         340M (68%)         344M (69%)         344M (69%)         266M (53%)    
[87.796s][info][gc,heap     ] GC(343)      Used:      144M (29%)         200M (40%)         126M (25%)         122M (24%)         200M (40%)         122M (24%)    
[87.796s][info][gc,heap     ] GC(343)      Live:         -                30M (6%)           30M (6%)           30M (6%)             -                  -          
[87.796s][info][gc,heap     ] GC(343) Allocated:         -                56M (11%)          56M (11%)          60M (12%)            -                  -          
[87.796s][info][gc,heap     ] GC(343)   Garbage:         -               113M (23%)          39M (8%)           33M (7%)             -                  -          
[87.796s][info][gc,heap     ] GC(343) Reclaimed:         -                  -                74M (15%)          80M (16%)            -                  -          
[87.796s][info][gc          ] GC(343) Garbage Collection (Allocation Rate) 144M(29%)->122M(24%)
[87.813s][info][gc,start    ] GC(344) Garbage Collection (Allocation Rate)
[87.819s][info][gc,phases   ] GC(344) Pause Mark Start 3.457ms
[87.883s][info][gc,phases   ] GC(344) Concurrent Mark 64.074ms
[87.886s][info][gc,phases   ] GC(344) Pause Mark End 0.476ms
[87.888s][info][gc,phases   ] GC(344) Concurrent Process Non-Strong References 1.538ms
[87.888s][info][gc,phases   ] GC(344) Concurrent Reset Relocation Set 0.003ms
[87.888s][info][gc,phases   ] GC(344) Concurrent Destroy Detached Pages 0.001ms
[87.890s][info][gc,phases   ] GC(344) Concurrent Select Relocation Set 1.503ms
[87.890s][info][gc,phases   ] GC(344) Concurrent Prepare Relocation Set 0.008ms
[87.893s][info][gc,phases   ] GC(344) Pause Relocate Start 2.889ms
[87.895s][info][gc,phases   ] GC(344) Concurrent Relocate 2.517ms
[87.895s][info][gc,load     ] GC(344) Load: 2.02/1.20/0.55
[87.895s][info][gc,mmu      ] GC(344) MMU: 2ms/0.0%, 5ms/0.0%, 10ms/0.0%, 20ms/0.0%, 50ms/57.1%, 100ms/74.9%
[87.895s][info][gc,marking  ] GC(344) Mark: 1 stripe(s), 2 proactive flush(es), 1 terminate flush(es), 0 completion(s), 0 continuation(s) 
[87.895s][info][gc,reloc    ] GC(344) Relocation: Successful, 7M relocated
[87.895s][info][gc,nmethod  ] GC(344) NMethods: 3597 registered, 0 unregistered
[87.895s][info][gc,metaspace] GC(344) Metaspace: 72M used, 77M capacity, 77M committed, 78M reserved
[87.895s][info][gc,ref      ] GC(344) Soft: 2199 encountered, 0 discovered, 0 enqueued
[87.895s][info][gc,ref      ] GC(344) Weak: 4604 encountered, 3634 discovered, 0 enqueued
[87.895s][info][gc,ref      ] GC(344) Final: 27 encountered, 0 discovered, 0 enqueued
[87.895s][info][gc,ref      ] GC(344) Phantom: 652 encountered, 648 discovered, 0 enqueued
[87.895s][info][gc,heap     ] GC(344)                Mark Start          Mark End        Relocate Start      Relocate End           High               Low         
[87.895s][info][gc,heap     ] GC(344)  Capacity:      500M (100%)        500M (100%)        500M (100%)        500M (100%)        500M (100%)        500M (100%)   
[87.895s][info][gc,heap     ] GC(344)   Reserve:       34M (7%)           34M (7%)           34M (7%)           34M (7%)           34M (7%)           34M (7%)     
[87.895s][info][gc,heap     ] GC(344)      Free:      316M (63%)         260M (52%)         340M (68%)         342M (68%)         342M (68%)         260M (52%)    
[87.895s][info][gc,heap     ] GC(344)      Used:      150M (30%)         206M (41%)         126M (25%)         124M (25%)         206M (41%)         124M (25%)    
[87.895s][info][gc,heap     ] GC(344)      Live:         -                30M (6%)           30M (6%)           30M (6%)             -                  -          
[87.895s][info][gc,heap     ] GC(344) Allocated:         -                56M (11%)          56M (11%)          62M (12%)            -                  -          
[87.895s][info][gc,heap     ] GC(344)   Garbage:         -               119M (24%)          39M (8%)           33M (7%)             -                  -          
[87.895s][info][gc,heap     ] GC(344) Reclaimed:         -                  -                80M (16%)          86M (17%)            -                  -          
[87.895s][info][gc          ] GC(344) Garbage Collection (Allocation Rate) 150M(30%)->124M(25%)
[87.913s][info][gc,start    ] GC(345) Garbage Collection (Allocation Rate)
[87.920s][info][gc,phases   ] GC(345) Pause Mark Start 3.473ms
[87.981s][info][gc,phases   ] GC(345) Concurrent Mark 61.095ms
[87.984s][info][gc,phases   ] GC(345) Pause Mark End 0.480ms
[87.986s][info][gc,phases   ] GC(345) Concurrent Process Non-Strong References 1.479ms
[87.986s][info][gc,phases   ] GC(345) Concurrent Reset Relocation Set 0.002ms
[87.986s][info][gc,phases   ] GC(345) Concurrent Destroy Detached Pages 0.000ms
[87.987s][info][gc,phases   ] GC(345) Concurrent Select Relocation Set 1.638ms
[87.987s][info][gc,phases   ] GC(345) Concurrent Prepare Relocation Set 0.010ms
[87.990s][info][gc,phases   ] GC(345) Pause Relocate Start 2.933ms
[87.995s][info][gc,phases   ] GC(345) Concurrent Relocate 4.439ms
[87.995s][info][gc,load     ] GC(345) Load: 2.02/1.20/0.55
[87.995s][info][gc,mmu      ] GC(345) MMU: 2ms/0.0%, 5ms/0.0%, 10ms/0.0%, 20ms/0.0%, 50ms/57.1%, 100ms/74.9%
[87.995s][info][gc,marking  ] GC(345) Mark: 1 stripe(s), 2 proactive flush(es), 1 terminate flush(es), 0 completion(s), 0 continuation(s) 
[87.995s][info][gc,reloc    ] GC(345) Relocation: Successful, 7M relocated
[87.995s][info][gc,nmethod  ] GC(345) NMethods: 3597 registered, 0 unregistered
[87.995s][info][gc,metaspace] GC(345) Metaspace: 72M used, 77M capacity, 77M committed, 78M reserved
[87.995s][info][gc,ref      ] GC(345) Soft: 2199 encountered, 0 discovered, 0 enqueued
[87.995s][info][gc,ref      ] GC(345) Weak: 4604 encountered, 3634 discovered, 0 enqueued
[87.995s][info][gc,ref      ] GC(345) Final: 27 encountered, 0 discovered, 0 enqueued
[87.995s][info][gc,ref      ] GC(345) Phantom: 652 encountered, 648 discovered, 0 enqueued
[87.995s][info][gc,heap     ] GC(345)                Mark Start          Mark End        Relocate Start      Relocate End           High               Low         
[87.995s][info][gc,heap     ] GC(345)  Capacity:      500M (100%)        500M (100%)        500M (100%)        500M (100%)        500M (100%)        500M (100%)   
[87.995s][info][gc,heap     ] GC(345)   Reserve:       34M (7%)           34M (7%)           34M (7%)           34M (7%)           34M (7%)           34M (7%)     
[87.995s][info][gc,heap     ] GC(345)      Free:      312M (62%)         256M (51%)         338M (68%)         340M (68%)         340M (68%)         256M (51%)    
[87.995s][info][gc,heap     ] GC(345)      Used:      154M (31%)         210M (42%)         128M (26%)         126M (25%)         210M (42%)         126M (25%)    
[87.995s][info][gc,heap     ] GC(345)      Live:         -                30M (6%)           30M (6%)           30M (6%)             -                  -          
[87.995s][info][gc,heap     ] GC(345) Allocated:         -                56M (11%)          56M (11%)          64M (13%)            -                  -          
[87.995s][info][gc,heap     ] GC(345)   Garbage:         -               123M (25%)          41M (8%)           33M (7%)             -                  -          
[87.995s][info][gc,heap     ] GC(345) Reclaimed:         -                  -                82M (16%)          90M (18%)            -                  -          
[87.995s][info][gc          ] GC(345) Garbage Collection (Allocation Rate) 154M(31%)->126M(25%)
[88.013s][info][gc,start    ] GC(346) Garbage Collection (Allocation Rate)
[88.019s][info][gc,phases   ] GC(346) Pause Mark Start 3.446ms
[88.099s][info][gc,phases   ] GC(346) Concurrent Mark 79.685ms
[88.100s][info][gc,phases   ] GC(346) Pause Mark End 0.462ms
[88.104s][info][gc,phases   ] GC(346) Concurrent Process Non-Strong References 3.903ms
[88.104s][info][gc,phases   ] GC(346) Concurrent Reset Relocation Set 0.003ms
[88.104s][info][gc,phases   ] GC(346) Concurrent Destroy Detached Pages 0.001ms
[88.105s][info][gc,phases   ] GC(346) Concurrent Select Relocation Set 1.515ms
[88.105s][info][gc,phases   ] GC(346) Concurrent Prepare Relocation Set 0.009ms
[88.109s][info][gc,phases   ] GC(346) Pause Relocate Start 2.940ms
[88.115s][info][gc,phases   ] GC(346) Concurrent Relocate 6.610ms
[88.115s][info][gc,load     ] GC(346) Load: 2.02/1.20/0.55
[88.115s][info][gc,mmu      ] GC(346) MMU: 2ms/0.0%, 5ms/0.0%, 10ms/0.0%, 20ms/0.0%, 50ms/57.1%, 100ms/74.9%
[88.115s][info][gc,marking  ] GC(346) Mark: 1 stripe(s), 7 proactive flush(es), 3 terminate flush(es), 0 completion(s), 0 continuation(s) 
[88.115s][info][gc,reloc    ] GC(346) Relocation: Successful, 7M relocated
[88.115s][info][gc,nmethod  ] GC(346) NMethods: 3608 registered, 0 unregistered
[88.115s][info][gc,metaspace] GC(346) Metaspace: 72M used, 77M capacity, 77M committed, 78M reserved
[88.115s][info][gc,ref      ] GC(346) Soft: 2199 encountered, 0 discovered, 0 enqueued
[88.115s][info][gc,ref      ] GC(346) Weak: 4604 encountered, 3634 discovered, 0 enqueued
[88.115s][info][gc,ref      ] GC(346) Final: 27 encountered, 0 discovered, 0 enqueued
[88.115s][info][gc,ref      ] GC(346) Phantom: 652 encountered, 648 discovered, 0 enqueued
[88.115s][info][gc,heap     ] GC(346)                Mark Start          Mark End        Relocate Start      Relocate End           High               Low         
[88.115s][info][gc,heap     ] GC(346)  Capacity:      500M (100%)        500M (100%)        500M (100%)        500M (100%)        500M (100%)        500M (100%)   
[88.115s][info][gc,heap     ] GC(346)   Reserve:       34M (7%)           34M (7%)           34M (7%)           34M (7%)           34M (7%)           34M (7%)     
[88.115s][info][gc,heap     ] GC(346)      Free:      308M (62%)         266M (53%)         352M (70%)         360M (72%)         360M (72%)         266M (53%)    
[88.115s][info][gc,heap     ] GC(346)      Used:      158M (32%)         200M (40%)         114M (23%)         106M (21%)         200M (40%)         106M (21%)    
[88.115s][info][gc,heap     ] GC(346)      Live:         -                30M (6%)           30M (6%)           30M (6%)             -                  -          
[88.115s][info][gc,heap     ] GC(346) Allocated:         -                42M (8%)           42M (8%)           44M (9%)             -                  -          
[88.115s][info][gc,heap     ] GC(346)   Garbage:         -               127M (25%)          41M (8%)           33M (7%)             -                  -          
[88.115s][info][gc,heap     ] GC(346) Reclaimed:         -                  -                86M (17%)          94M (19%)            -                  -          
[88.115s][info][gc          ] GC(346) Garbage Collection (Allocation Rate) 158M(32%)->106M(21%)
[88.117s][info][gc,heap     ] Page Cache Flushed: 6M requested, 10M(362M->352M) flushed
[88.186s][info][gc,start    ] GC(347) Garbage Collection (System.gc())
[88.190s][info][gc,phases   ] GC(347) Pause Mark Start 3.543ms
[88.253s][info][gc,phases   ] GC(347) Concurrent Mark 63.046ms
[88.255s][info][gc,phases   ] GC(347) Pause Mark End 1.410ms
[88.259s][info][gc,phases   ] GC(347) Concurrent Process Non-Strong References 4.485ms
[88.260s][info][gc,phases   ] GC(347) Concurrent Reset Relocation Set 0.005ms
[88.260s][info][gc,phases   ] GC(347) Concurrent Destroy Detached Pages 0.009ms
[88.269s][info][gc,phases   ] GC(347) Concurrent Select Relocation Set 9.836ms
[88.270s][info][gc,phases   ] GC(347) Concurrent Prepare Relocation Set 0.042ms
[88.278s][info][gc,phases   ] GC(347) Pause Relocate Start 5.438ms
[88.286s][info][gc,phases   ] GC(347) Concurrent Relocate 7.980ms
[88.286s][info][gc,load     ] GC(347) Load: 2.02/1.20/0.55
[88.286s][info][gc,mmu      ] GC(347) MMU: 2ms/0.0%, 5ms/0.0%, 10ms/0.0%, 20ms/0.0%, 50ms/57.1%, 100ms/74.9%
[88.286s][info][gc,marking  ] GC(347) Mark: 1 stripe(s), 1 proactive flush(es), 1 terminate flush(es), 0 completion(s), 0 continuation(s) 
[88.286s][info][gc,reloc    ] GC(347) Relocation: Successful, 7M relocated
[88.286s][info][gc,nmethod  ] GC(347) NMethods: 3636 registered, 0 unregistered
[88.286s][info][gc,metaspace] GC(347) Metaspace: 72M used, 77M capacity, 77M committed, 78M reserved
[88.286s][info][gc,ref      ] GC(347) Soft: 2475 encountered, 0 discovered, 0 enqueued
[88.286s][info][gc,ref      ] GC(347) Weak: 4668 encountered, 3747 discovered, 122 enqueued
[88.286s][info][gc,ref      ] GC(347) Final: 27 encountered, 0 discovered, 0 enqueued
[88.286s][info][gc,ref      ] GC(347) Phantom: 651 encountered, 647 discovered, 0 enqueued
[88.286s][info][gc,heap     ] GC(347)                Mark Start          Mark End        Relocate Start      Relocate End           High               Low         
[88.286s][info][gc,heap     ] GC(347)  Capacity:      500M (100%)        500M (100%)        500M (100%)        500M (100%)        500M (100%)        500M (100%)   
[88.286s][info][gc,heap     ] GC(347)   Reserve:       34M (7%)           34M (7%)           34M (7%)           34M (7%)           34M (7%)           34M (7%)     
[88.286s][info][gc,heap     ] GC(347)      Free:      350M (70%)         348M (70%)         390M (78%)         400M (80%)         400M (80%)         348M (70%)    
[88.286s][info][gc,heap     ] GC(347)      Used:      116M (23%)         118M (24%)          76M (15%)          66M (13%)         118M (24%)          66M (13%)    
[88.286s][info][gc,heap     ] GC(347)      Live:         -                31M (6%)           31M (6%)           31M (6%)             -                  -          
[88.286s][info][gc,heap     ] GC(347) Allocated:         -                 2M (0%)            2M (0%)            4M (1%)             -                  -          
[88.286s][info][gc,heap     ] GC(347)   Garbage:         -                84M (17%)          42M (8%)           32M (6%)             -                  -          
[88.286s][info][gc,heap     ] GC(347) Reclaimed:         -                  -                42M (8%)           52M (10%)            -                  -          
[88.286s][info][gc          ] GC(347) Garbage Collection (System.gc()) 116M(23%)->66M(13%)
[88.296s][info][gc,heap     ] Page Cache Flushed: 30M requested, 30M(396M->366M) flushed
[88.353s][info][gc,heap     ] Page Cache Flushed: 6M requested, 6M(360M->354M) flushed
[88.413s][info][gc,start    ] GC(348) Garbage Collection (Allocation Rate)
[88.419s][info][gc,phases   ] GC(348) Pause Mark Start 3.574ms
[88.459s][info][gc,heap     ] Page Cache Flushed: 32M requested, 32M(220M->188M) flushed
[88.504s][info][gc,phases   ] GC(348) Concurrent Mark 85.142ms
[88.508s][info][gc,phases   ] GC(348) Pause Mark End 0.543ms
[88.510s][info][gc,phases   ] GC(348) Concurrent Process Non-Strong References 1.666ms
[88.510s][info][gc,phases   ] GC(348) Concurrent Reset Relocation Set 0.002ms
[88.510s][info][gc,phases   ] GC(348) Concurrent Destroy Detached Pages 0.035ms
[88.511s][info][gc,phases   ] GC(348) Concurrent Select Relocation Set 1.539ms
[88.511s][info][gc,phases   ] GC(348) Concurrent Prepare Relocation Set 0.155ms
[88.515s][info][gc,phases   ] GC(348) Pause Relocate Start 3.252ms
[88.543s][info][gc,phases   ] GC(348) Concurrent Relocate 27.908ms
[88.543s][info][gc,load     ] GC(348) Load: 2.02/1.20/0.55
[88.543s][info][gc,mmu      ] GC(348) MMU: 2ms/0.0%, 5ms/0.0%, 10ms/0.0%, 20ms/0.0%, 50ms/57.1%, 100ms/74.9%
[88.543s][info][gc,marking  ] GC(348) Mark: 1 stripe(s), 2 proactive flush(es), 1 terminate flush(es), 0 completion(s), 0 continuation(s) 
[88.543s][info][gc,reloc    ] GC(348) Relocation: Successful, 12M relocated
[88.543s][info][gc,nmethod  ] GC(348) NMethods: 3663 registered, 0 unregistered
[88.543s][info][gc,metaspace] GC(348) Metaspace: 72M used, 77M capacity, 78M committed, 78M reserved
[88.543s][info][gc,ref      ] GC(348) Soft: 2536 encountered, 0 discovered, 0 enqueued
[88.543s][info][gc,ref      ] GC(348) Weak: 4664 encountered, 3678 discovered, 28 enqueued
[88.543s][info][gc,ref      ] GC(348) Final: 27 encountered, 0 discovered, 0 enqueued
[88.543s][info][gc,ref      ] GC(348) Phantom: 652 encountered, 648 discovered, 0 enqueued
[88.543s][info][gc,heap     ] GC(348)                Mark Start          Mark End        Relocate Start      Relocate End           High               Low         
[88.543s][info][gc,heap     ] GC(348)  Capacity:      500M (100%)        500M (100%)        500M (100%)        500M (100%)        500M (100%)        500M (100%)   
[88.543s][info][gc,heap     ] GC(348)   Reserve:       34M (7%)           34M (7%)           34M (7%)           34M (7%)           34M (7%)           34M (7%)     
[88.543s][info][gc,heap     ] GC(348)      Free:      274M (55%)         130M (26%)         136M (27%)         240M (48%)         274M (55%)         124M (25%)    
[88.543s][info][gc,heap     ] GC(348)      Used:      192M (38%)         336M (67%)         330M (66%)         226M (45%)         342M (68%)         192M (38%)    
[88.543s][info][gc,heap     ] GC(348)      Live:         -                36M (7%)           36M (7%)           36M (7%)             -                  -          
[88.543s][info][gc,heap     ] GC(348) Allocated:         -               144M (29%)         144M (29%)         194M (39%)            -                  -          
[88.543s][info][gc,heap     ] GC(348)   Garbage:         -               155M (31%)         149M (30%)           5M (1%)             -                  -          
[88.543s][info][gc,heap     ] GC(348) Reclaimed:         -                  -                 6M (1%)          150M (30%)            -                  -          
[88.543s][info][gc          ] GC(348) Garbage Collection (Allocation Rate) 192M(38%)->226M(45%)
[88.606s][info][gc,heap     ] Page Cache Flushed: 2M requested, 6M(70M->64M) flushed
[88.609s][info][gc,heap     ] Page Cache Flushed: 2M requested, 32M(64M->32M) flushed
[88.613s][info][gc,start    ] GC(349) Garbage Collection (Allocation Rate)
[88.620s][info][gc,phases   ] GC(349) Pause Mark Start 3.664ms
[88.645s][info][gc,heap     ] Page Cache Flushed: 2M requested, 32M(32M->0M) flushed
[88.747s][info][gc,phases   ] GC(349) Concurrent Mark 127.682ms
[88.748s][info][gc,phases   ] GC(349) Pause Mark End 0.607ms
[88.750s][info][gc,phases   ] GC(349) Concurrent Process Non-Strong References 1.546ms
[88.750s][info][gc,phases   ] GC(349) Concurrent Reset Relocation Set 0.011ms
[88.750s][info][gc,phases   ] GC(349) Concurrent Destroy Detached Pages 0.007ms
[88.752s][info][gc,phases   ] GC(349) Concurrent Select Relocation Set 1.558ms
[88.753s][info][gc,phases   ] GC(349) Concurrent Prepare Relocation Set 1.720ms
[88.757s][info][gc,phases   ] GC(349) Pause Relocate Start 3.101ms
[88.757s][info][gc          ] Allocation Stall (Executor task launch worker for task 0.0 in stage 24.0 (TID 24)) 72.931ms
[88.758s][info][gc          ] Allocation Stall (Executor task launch worker for task 0.0 in stage 24.0 (TID 24)) 0.206ms
[88.759s][info][gc          ] Allocation Stall (Executor task launch worker for task 0.0 in stage 24.0 (TID 24)) 0.198ms
[88.760s][info][gc          ] Allocation Stall (Executor task launch worker for task 0.0 in stage 24.0 (TID 24)) 0.280ms
[88.766s][info][gc          ] Allocation Stall (Executor task launch worker for task 0.0 in stage 24.0 (TID 24)) 5.270ms
[88.920s][info][gc,phases   ] GC(349) Concurrent Relocate 163.149ms
[88.920s][info][gc,load     ] GC(349) Load: 2.02/1.20/0.55
[88.920s][info][gc,mmu      ] GC(349) MMU: 2ms/0.0%, 5ms/0.0%, 10ms/0.0%, 20ms/0.0%, 50ms/57.1%, 100ms/74.9%
[88.920s][info][gc,marking  ] GC(349) Mark: 1 stripe(s), 2 proactive flush(es), 1 terminate flush(es), 0 completion(s), 0 continuation(s) 
[88.920s][info][gc,reloc    ] GC(349) Relocation: Successful, 34M relocated
[88.920s][info][gc,nmethod  ] GC(349) NMethods: 3663 registered, 0 unregistered
[88.920s][info][gc,metaspace] GC(349) Metaspace: 72M used, 77M capacity, 78M committed, 78M reserved
[88.920s][info][gc,ref      ] GC(349) Soft: 2536 encountered, 0 discovered, 0 enqueued
[88.920s][info][gc,ref      ] GC(349) Weak: 4636 encountered, 3651 discovered, 0 enqueued
[88.920s][info][gc,ref      ] GC(349) Final: 27 encountered, 0 discovered, 0 enqueued
[88.920s][info][gc,ref      ] GC(349) Phantom: 652 encountered, 648 discovered, 0 enqueued
[88.920s][info][gc,heap     ] GC(349)                Mark Start          Mark End        Relocate Start      Relocate End           High               Low         
[88.920s][info][gc,heap     ] GC(349)  Capacity:      500M (100%)        500M (100%)        500M (100%)        500M (100%)        500M (100%)        500M (100%)   
[88.920s][info][gc,heap     ] GC(349)   Reserve:       34M (7%)           34M (7%)           34M (7%)           34M (7%)           34M (7%)           32M (6%)     
[88.920s][info][gc,heap     ] GC(349)      Free:       56M (11%)           0M (0%)            0M (0%)          116M (23%)         116M (23%)           0M (0%)     
[88.920s][info][gc,heap     ] GC(349)      Used:      410M (82%)         466M (93%)         466M (93%)         350M (70%)         468M (94%)         350M (70%)    
[88.920s][info][gc,heap     ] GC(349)      Live:         -                61M (12%)          61M (12%)          61M (12%)            -                  -          
[88.920s][info][gc,heap     ] GC(349) Allocated:         -                56M (11%)          56M (11%)         282M (56%)            -                  -          
[88.920s][info][gc,heap     ] GC(349)   Garbage:         -               348M (70%)         348M (70%)          32M (6%)             -                  -          
[88.920s][info][gc,heap     ] GC(349) Reclaimed:         -                  -                 0M (0%)          316M (63%)            -                  -          
[88.920s][info][gc          ] GC(349) Garbage Collection (Allocation Rate) 410M(82%)->350M(70%)
[88.960s][info][gc,start    ] GC(350) Garbage Collection (Allocation Stall)
[88.961s][info][gc,ref      ] GC(350) Clearing All Soft References
[88.964s][info][gc,phases   ] GC(350) Pause Mark Start 3.627ms
[89.124s][info][gc,phases   ] GC(350) Concurrent Mark 159.325ms
[89.125s][info][gc,phases   ] GC(350) Pause Mark End 0.536ms
[89.126s][info][gc,phases   ] GC(350) Concurrent Process Non-Strong References 1.646ms
[89.127s][info][gc,phases   ] GC(350) Concurrent Reset Relocation Set 0.291ms
[89.127s][info][gc,phases   ] GC(350) Concurrent Destroy Detached Pages 0.001ms
[89.128s][info][gc,phases   ] GC(350) Concurrent Select Relocation Set 1.762ms
[89.131s][info][gc,phases   ] GC(350) Concurrent Prepare Relocation Set 2.574ms
[89.135s][info][gc,phases   ] GC(350) Pause Relocate Start 3.220ms
[89.135s][info][gc          ] Allocation Stall (Executor task launch worker for task 0.0 in stage 24.0 (TID 24)) 174.986ms
[89.136s][info][gc          ] Allocation Stall (Spark Context Cleaner) 172.000ms
[89.137s][info][gc          ] Allocation Stall (Executor task launch worker for task 0.0 in stage 24.0 (TID 24)) 0.587ms
[89.138s][info][gc          ] Allocation Stall (Executor task launch worker for task 0.0 in stage 24.0 (TID 24)) 0.409ms
[89.140s][info][gc          ] Allocation Stall (Executor task launch worker for task 0.0 in stage 24.0 (TID 24)) 0.440ms
[89.141s][info][gc          ] Allocation Stall (Executor task launch worker for task 0.0 in stage 24.0 (TID 24)) 0.437ms
[89.146s][info][gc          ] Allocation Stall (Executor task launch worker for task 0.0 in stage 24.0 (TID 24)) 5.041ms
[89.159s][info][gc          ] Allocation Stall (Executor task launch worker for task 0.0 in stage 24.0 (TID 24)) 4.956ms
[89.182s][info][gc,heap     ] Page Cache Flushed: 10M requested, 10M(20M->10M) flushed
[89.282s][info][gc,phases   ] GC(350) Concurrent Relocate 146.884ms
[89.282s][info][gc,load     ] GC(350) Load: 2.02/1.20/0.55
[89.282s][info][gc,mmu      ] GC(350) MMU: 2ms/0.0%, 5ms/0.0%, 10ms/0.0%, 20ms/0.0%, 50ms/57.1%, 100ms/74.9%
[89.282s][info][gc,marking  ] GC(350) Mark: 1 stripe(s), 2 proactive flush(es), 1 terminate flush(es), 0 completion(s), 0 continuation(s) 
[89.282s][info][gc,reloc    ] GC(350) Relocation: Successful, 33M relocated
[89.282s][info][gc,nmethod  ] GC(350) NMethods: 3667 registered, 0 unregistered
[89.282s][info][gc,metaspace] GC(350) Metaspace: 72M used, 77M capacity, 78M committed, 78M reserved
[89.282s][info][gc,ref      ] GC(350) Soft: 2536 encountered, 933 discovered, 384 enqueued
[89.282s][info][gc,ref      ] GC(350) Weak: 4636 encountered, 3814 discovered, 0 enqueued
[89.282s][info][gc,ref      ] GC(350) Final: 27 encountered, 0 discovered, 0 enqueued
[89.282s][info][gc,ref      ] GC(350) Phantom: 652 encountered, 648 discovered, 0 enqueued
[89.282s][info][gc,heap     ] GC(350)                Mark Start          Mark End        Relocate Start      Relocate End           High               Low         
[89.282s][info][gc,heap     ] GC(350)  Capacity:      500M (100%)        500M (100%)        500M (100%)        500M (100%)        500M (100%)        500M (100%)   
[89.282s][info][gc,heap     ] GC(350)   Reserve:       34M (7%)           34M (7%)           34M (7%)           34M (7%)           34M (7%)           32M (6%)     
[89.282s][info][gc,heap     ] GC(350)      Free:        0M (0%)            0M (0%)            0M (0%)          204M (41%)         204M (41%)           0M (0%)     
[89.282s][info][gc,heap     ] GC(350)      Used:      466M (93%)         466M (93%)         466M (93%)         262M (52%)         468M (94%)         262M (52%)    
[89.282s][info][gc,heap     ] GC(350)      Live:         -                91M (18%)          91M (18%)          91M (18%)            -                  -          
[89.282s][info][gc,heap     ] GC(350) Allocated:         -                 0M (0%)            0M (0%)          168M (34%)            -                  -          
[89.282s][info][gc,heap     ] GC(350)   Garbage:         -               374M (75%)         374M (75%)          36M (7%)             -                  -          
[89.282s][info][gc,heap     ] GC(350) Reclaimed:         -                  -                 0M (0%)          338M (68%)            -                  -          
[89.282s][info][gc          ] GC(350) Garbage Collection (Allocation Stall) 466M(93%)->262M(52%)
[89.313s][info][gc,start    ] GC(351) Garbage Collection (Allocation Rate)
[89.322s][info][gc,phases   ] GC(351) Pause Mark Start 6.854ms
[89.503s][info][gc,phases   ] GC(351) Concurrent Mark 180.371ms
[89.503s][info][gc,phases   ] GC(351) Pause Mark End 0.571ms
[89.505s][info][gc,phases   ] GC(351) Concurrent Process Non-Strong References 1.511ms
[89.505s][info][gc,phases   ] GC(351) Concurrent Reset Relocation Set 0.317ms
[89.505s][info][gc,phases   ] GC(351) Concurrent Destroy Detached Pages 0.008ms
[89.507s][info][gc          ] Allocation Stall (Executor task launch worker for task 0.0 in stage 24.0 (TID 24)) 82.820ms
[89.508s][info][gc,heap     ] Page Cache Flushed: 2M requested, 6M(6M->0M) flushed
[89.510s][info][gc,phases   ] GC(351) Concurrent Select Relocation Set 4.574ms
[89.511s][info][gc,phases   ] GC(351) Concurrent Prepare Relocation Set 1.319ms
[89.515s][info][gc,phases   ] GC(351) Pause Relocate Start 3.481ms
[89.516s][info][gc          ] Allocation Stall (Executor task launch worker for task 0.0 in stage 24.0 (TID 24)) 5.717ms
[89.517s][info][gc          ] Allocation Stall (Executor task launch worker for task 0.0 in stage 24.0 (TID 24)) 0.304ms
[89.518s][info][gc          ] Allocation Stall (Executor task launch worker for task 0.0 in stage 24.0 (TID 24)) 0.349ms
[89.519s][info][gc          ] Allocation Stall (Executor task launch worker for task 0.0 in stage 24.0 (TID 24)) 0.360ms
[89.520s][info][gc          ] Allocation Stall (Executor task launch worker for task 0.0 in stage 24.0 (TID 24)) 0.366ms
[89.521s][info][gc          ] Allocation Stall (Executor task launch worker for task 0.0 in stage 24.0 (TID 24)) 0.380ms
[89.527s][info][gc          ] Allocation Stall (Executor task launch worker for task 0.0 in stage 24.0 (TID 24)) 4.962ms
[89.539s][info][gc          ] Allocation Stall (Executor task launch worker for task 0.0 in stage 24.0 (TID 24)) 5.630ms
[89.591s][info][gc,phases   ] GC(351) Concurrent Relocate 75.473ms
[89.591s][info][gc,load     ] GC(351) Load: 2.02/1.20/0.55
[89.591s][info][gc,mmu      ] GC(351) MMU: 2ms/0.0%, 5ms/0.0%, 10ms/0.0%, 20ms/0.0%, 50ms/57.1%, 100ms/74.9%
[89.591s][info][gc,marking  ] GC(351) Mark: 1 stripe(s), 2 proactive flush(es), 1 terminate flush(es), 0 completion(s), 0 continuation(s) 
[89.591s][info][gc,reloc    ] GC(351) Relocation: Successful, 21M relocated
[89.591s][info][gc,nmethod  ] GC(351) NMethods: 3667 registered, 0 unregistered
[89.591s][info][gc,metaspace] GC(351) Metaspace: 72M used, 77M capacity, 78M committed, 78M reserved
[89.591s][info][gc,ref      ] GC(351) Soft: 2154 encountered, 0 discovered, 0 enqueued
[89.591s][info][gc,ref      ] GC(351) Weak: 4635 encountered, 3666 discovered, 4 enqueued
[89.591s][info][gc,ref      ] GC(351) Final: 27 encountered, 0 discovered, 0 enqueued
[89.591s][info][gc,ref      ] GC(351) Phantom: 652 encountered, 648 discovered, 0 enqueued
[89.591s][info][gc,heap     ] GC(351)                Mark Start          Mark End        Relocate Start      Relocate End           High               Low         
[89.591s][info][gc,heap     ] GC(351)  Capacity:      500M (100%)        500M (100%)        500M (100%)        500M (100%)        500M (100%)        500M (100%)   
[89.591s][info][gc,heap     ] GC(351)   Reserve:       34M (7%)           34M (7%)           34M (7%)           34M (7%)           34M (7%)           32M (6%)     
[89.591s][info][gc,heap     ] GC(351)      Free:      140M (28%)           0M (0%)            0M (0%)           68M (14%)         140M (28%)           0M (0%)     
[89.591s][info][gc,heap     ] GC(351)      Used:      326M (65%)         466M (93%)         466M (93%)         398M (80%)         468M (94%)         326M (65%)    
[89.591s][info][gc,heap     ] GC(351)      Live:         -               108M (22%)         108M (22%)         108M (22%)            -                  -          
[89.591s][info][gc,heap     ] GC(351) Allocated:         -               140M (28%)         146M (29%)         272M (54%)            -                  -          
[89.591s][info][gc,heap     ] GC(351)   Garbage:         -               217M (43%)         211M (42%)          33M (7%)             -                  -          
[89.591s][info][gc,heap     ] GC(351) Reclaimed:         -                  -                 6M (1%)          184M (37%)            -                  -          
[89.591s][info][gc          ] GC(351) Garbage Collection (Allocation Rate) 326M(65%)->398M(80%)
[89.613s][info][gc,start    ] GC(352) Garbage Collection (Allocation Rate)
[89.620s][info][gc,phases   ] GC(352) Pause Mark Start 3.548ms
[89.797s][info][gc,phases   ] GC(352) Concurrent Mark 176.455ms
[89.797s][info][gc,phases   ] GC(352) Pause Mark End 0.516ms
[89.799s][info][gc,phases   ] GC(352) Concurrent Process Non-Strong References 1.611ms
[89.799s][info][gc,phases   ] GC(352) Concurrent Reset Relocation Set 0.230ms
[89.799s][info][gc,phases   ] GC(352) Concurrent Destroy Detached Pages 0.004ms
[89.801s][info][gc,phases   ] GC(352) Concurrent Select Relocation Set 2.077ms
[89.805s][info][gc,phases   ] GC(352) Concurrent Prepare Relocation Set 3.227ms
[89.808s][info][gc,phases   ] GC(352) Pause Relocate Start 3.119ms
[89.809s][info][gc          ] Allocation Stall (Executor task launch worker for task 0.0 in stage 24.0 (TID 24)) 187.982ms
[89.810s][info][gc          ] Allocation Stall (Spark Context Cleaner) 170.055ms
[89.810s][info][gc          ] Allocation Stall (Executor task launch worker for task 0.0 in stage 24.0 (TID 24)) 0.811ms
[89.812s][info][gc          ] Allocation Stall (Executor task launch worker for task 0.0 in stage 24.0 (TID 24)) 0.380ms
[89.813s][info][gc          ] Allocation Stall (Executor task launch worker for task 0.0 in stage 24.0 (TID 24)) 0.400ms
[89.814s][info][gc          ] Allocation Stall (Executor task launch worker for task 0.0 in stage 24.0 (TID 24)) 0.366ms
[89.815s][info][gc          ] Allocation Stall (Executor task launch worker for task 0.0 in stage 24.0 (TID 24)) 0.376ms
[89.819s][info][gc          ] Allocation Stall (Executor task launch worker for task 0.0 in stage 24.0 (TID 24)) 2.720ms
[89.923s][info][gc,heap     ] Page Cache Flushed: 32M requested, 32M(128M->96M) flushed
[89.981s][info][gc,phases   ] GC(352) Concurrent Relocate 172.409ms
[89.981s][info][gc,load     ] GC(352) Load: 2.02/1.20/0.55
[89.981s][info][gc,mmu      ] GC(352) MMU: 2ms/0.0%, 5ms/0.0%, 10ms/0.0%, 20ms/0.0%, 50ms/57.1%, 100ms/74.9%
[89.981s][info][gc,marking  ] GC(352) Mark: 1 stripe(s), 2 proactive flush(es), 1 terminate flush(es), 0 completion(s), 0 continuation(s) 
[89.981s][info][gc,reloc    ] GC(352) Relocation: Successful, 31M relocated
[89.981s][info][gc,nmethod  ] GC(352) NMethods: 3682 registered, 0 unregistered
[89.981s][info][gc,metaspace] GC(352) Metaspace: 73M used, 78M capacity, 78M committed, 80M reserved
[89.981s][info][gc,ref      ] GC(352) Soft: 2154 encountered, 0 discovered, 0 enqueued
[89.981s][info][gc,ref      ] GC(352) Weak: 4631 encountered, 3662 discovered, 0 enqueued
[89.981s][info][gc,ref      ] GC(352) Final: 27 encountered, 0 discovered, 0 enqueued
[89.981s][info][gc,ref      ] GC(352) Phantom: 652 encountered, 648 discovered, 0 enqueued
[89.981s][info][gc,heap     ] GC(352)                Mark Start          Mark End        Relocate Start      Relocate End           High               Low         
[89.981s][info][gc,heap     ] GC(352)  Capacity:      500M (100%)        500M (100%)        500M (100%)        500M (100%)        500M (100%)        500M (100%)   
[89.981s][info][gc,heap     ] GC(352)   Reserve:       34M (7%)           34M (7%)           34M (7%)           34M (7%)           34M (7%)           32M (6%)     
[89.981s][info][gc,heap     ] GC(352)      Free:        2M (0%)            0M (0%)            0M (0%)          162M (32%)         162M (32%)           0M (0%)     
[89.981s][info][gc,heap     ] GC(352)      Used:      464M (93%)         466M (93%)         466M (93%)         304M (61%)         468M (94%)         304M (61%)    
[89.981s][info][gc,heap     ] GC(352)      Live:         -               132M (26%)         132M (26%)         132M (26%)            -                  -          
[89.981s][info][gc,heap     ] GC(352) Allocated:         -                 2M (0%)            2M (0%)          168M (34%)            -                  -          
[89.981s][info][gc,heap     ] GC(352)   Garbage:         -               331M (66%)         331M (66%)          35M (7%)             -                  -          
[89.981s][info][gc,heap     ] GC(352) Reclaimed:         -                  -                 0M (0%)          296M (59%)            -                  -          
[89.981s][info][gc          ] GC(352) Garbage Collection (Allocation Rate) 464M(93%)->304M(61%)
[89.985s][info][gc,heap     ] Page Cache Flushed: 6M requested, 6M(162M->156M) flushed
[90.013s][info][gc,start    ] GC(353) Garbage Collection (Allocation Rate)
[90.017s][info][gc,phases   ] GC(353) Pause Mark Start 3.791ms
[90.066s][info][gc,heap     ] Page Cache Flushed: 32M requested, 32M(108M->76M) flushed
[90.087s][info][gc,phases   ] GC(353) Concurrent Mark 69.902ms
[90.091s][info][gc,phases   ] GC(353) Pause Mark End 0.547ms
[90.092s][info][gc,phases   ] GC(353) Concurrent Process Non-Strong References 1.605ms
[90.093s][info][gc,phases   ] GC(353) Concurrent Reset Relocation Set 0.317ms
[90.093s][info][gc,phases   ] GC(353) Concurrent Destroy Detached Pages 0.035ms
[90.094s][info][gc,phases   ] GC(353) Concurrent Select Relocation Set 1.500ms
[90.094s][info][gc,phases   ] GC(353) Concurrent Prepare Relocation Set 0.075ms
[90.098s][info][gc,phases   ] GC(353) Pause Relocate Start 3.306ms
[90.109s][info][gc,phases   ] GC(353) Concurrent Relocate 10.595ms
[90.109s][info][gc,load     ] GC(353) Load: 2.02/1.20/0.55
[90.109s][info][gc,mmu      ] GC(353) MMU: 2ms/0.0%, 5ms/0.0%, 10ms/0.0%, 20ms/0.0%, 50ms/57.1%, 100ms/74.9%
[90.109s][info][gc,marking  ] GC(353) Mark: 1 stripe(s), 2 proactive flush(es), 1 terminate flush(es), 0 completion(s), 0 continuation(s) 
[90.109s][info][gc,reloc    ] GC(353) Relocation: Successful, 8M relocated
[90.109s][info][gc,nmethod  ] GC(353) NMethods: 3703 registered, 0 unregistered
[90.109s][info][gc,metaspace] GC(353) Metaspace: 73M used, 78M capacity, 78M committed, 80M reserved
[90.109s][info][gc,ref      ] GC(353) Soft: 2532 encountered, 0 discovered, 0 enqueued
[90.109s][info][gc,ref      ] GC(353) Weak: 4707 encountered, 3714 discovered, 74 enqueued
[90.109s][info][gc,ref      ] GC(353) Final: 27 encountered, 0 discovered, 0 enqueued
[90.109s][info][gc,ref      ] GC(353) Phantom: 651 encountered, 456 discovered, 0 enqueued
[90.109s][info][gc,heap     ] GC(353)                Mark Start          Mark End        Relocate Start      Relocate End           High               Low         
[90.109s][info][gc,heap     ] GC(353)  Capacity:      500M (100%)        500M (100%)        500M (100%)        500M (100%)        500M (100%)        500M (100%)   
[90.109s][info][gc,heap     ] GC(353)   Reserve:       34M (7%)           34M (7%)           34M (7%)           34M (7%)           34M (7%)           34M (7%)     
[90.109s][info][gc,heap     ] GC(353)      Free:      154M (31%)          52M (10%)         266M (53%)         290M (58%)         290M (58%)          52M (10%)    
[90.109s][info][gc,heap     ] GC(353)      Used:      312M (62%)         414M (83%)         200M (40%)         176M (35%)         414M (83%)         176M (35%)    
[90.109s][info][gc,heap     ] GC(353)      Live:         -                32M (6%)           32M (6%)           32M (6%)             -                  -          
[90.109s][info][gc,heap     ] GC(353) Allocated:         -               102M (20%)         102M (20%)         116M (23%)            -                  -          
[90.109s][info][gc,heap     ] GC(353)   Garbage:         -               279M (56%)          65M (13%)          33M (7%)             -                  -          
[90.109s][info][gc,heap     ] GC(353) Reclaimed:         -                  -               214M (43%)         246M (49%)            -                  -          
[90.109s][info][gc          ] GC(353) Garbage Collection (Allocation Rate) 312M(62%)->176M(35%)
[90.113s][info][gc,stats    ] === Garbage Collection Statistics =======================================================================================================================
[90.113s][info][gc,stats    ]                                                              Last 10s              Last 10m              Last 10h                Total
[90.113s][info][gc,stats    ]                                                              Avg / Max             Avg / Max             Avg / Max             Avg / Max
[90.113s][info][gc,stats    ]   Collector: Garbage Collection Cycle                    181.925 / 444.659     191.527 / 786.210     191.527 / 786.210     191.527 / 786.210     ms
[90.113s][info][gc,stats    ]  Contention: Mark Segment Reset Contention                     0 / 0                 0 / 0                 0 / 0                 0 / 0           ops/s
[90.113s][info][gc,stats    ]  Contention: Mark SeqNum Reset Contention                      0 / 0                 0 / 0                 0 / 0                 0 / 0           ops/s
[90.113s][info][gc,stats    ]  Contention: Relocation Contention                             0 / 2                 0 / 3                 0 / 3                 0 / 3           ops/s
[90.113s][info][gc,stats    ]    Critical: Allocation Stall                             33.114 / 187.982      35.706 / 295.058      35.706 / 295.058      35.706 / 295.058     ms
[90.113s][info][gc,stats    ]    Critical: Allocation Stall                                  8 / 25                5 / 26                5 / 26                5 / 26          ops/s
[90.113s][info][gc,stats    ]    Critical: GC Locker Stall                               0.000 / 0.000         2.158 / 4.829         2.158 / 4.829         2.158 / 4.829       ms
[90.113s][info][gc,stats    ]    Critical: GC Locker Stall                                   0 / 0                 0 / 1                 0 / 1                 0 / 1           ops/s
[90.113s][info][gc,stats    ]      Memory: Allocation Rate                                 733 / 882             626 / 1288            626 / 1288            626 / 1288        MB/s
[90.113s][info][gc,stats    ]      Memory: Heap Used After Mark                            328 / 466             322 / 466             322 / 466             322 / 466         MB
[90.113s][info][gc,stats    ]      Memory: Heap Used After Relocation                      207 / 398             202 / 438             202 / 438             202 / 438         MB
[90.113s][info][gc,stats    ]      Memory: Heap Used Before Mark                           256 / 466             253 / 466             253 / 466             253 / 466         MB
[90.113s][info][gc,stats    ]      Memory: Heap Used Before Relocation                     247 / 466             238 / 466             238 / 466             238 / 466         MB
[90.113s][info][gc,stats    ]      Memory: Out Of Memory                                     0 / 0                 0 / 0                 0 / 0                 0 / 0           ops/s
[90.113s][info][gc,stats    ]      Memory: Page Cache Flush                                 41 / 148              31 / 180              31 / 180              31 / 180         MB/s
[90.113s][info][gc,stats    ]      Memory: Page Cache Hit L1                               362 / 437             305 / 653             305 / 653             305 / 653         ops/s
[90.113s][info][gc,stats    ]      Memory: Page Cache Hit L2                                 0 / 0                 0 / 0                 0 / 0                 0 / 0           ops/s
[90.113s][info][gc,stats    ]      Memory: Page Cache Miss                                   9 / 39               10 / 154              10 / 154              10 / 154         ops/s
[90.113s][info][gc,stats    ]      Memory: Undo Object Allocation Failed                     0 / 0                 0 / 0                 0 / 0                 0 / 0           ops/s
[90.113s][info][gc,stats    ]      Memory: Undo Object Allocation Succeeded                  0 / 2                 0 / 3                 0 / 3                 0 / 3           ops/s
[90.113s][info][gc,stats    ]      Memory: Undo Page Allocation                              0 / 3                 0 / 4                 0 / 4                 0 / 4           ops/s
[90.113s][info][gc,stats    ]       Phase: Concurrent Destroy Detached Pages             0.004 / 0.036         0.003 / 0.045         0.003 / 0.045         0.003 / 0.045       ms
[90.113s][info][gc,stats    ]       Phase: Concurrent Mark                             124.106 / 287.411     135.903 / 582.256     135.903 / 582.256     135.903 / 582.256     ms
[90.113s][info][gc,stats    ]       Phase: Concurrent Mark Continue                      0.000 / 0.000         0.000 / 0.000         0.000 / 0.000         0.000 / 0.000       ms
[90.113s][info][gc,stats    ]       Phase: Concurrent Prepare Relocation Set             0.695 / 6.674         0.614 / 11.639        0.614 / 11.639        0.614 / 11.639      ms
[90.113s][info][gc,stats    ]       Phase: Concurrent Process Non-Strong References      1.667 / 4.485         1.766 / 8.686         1.766 / 8.686         1.766 / 8.686       ms
[90.113s][info][gc,stats    ]       Phase: Concurrent Relocate                          39.543 / 178.150      38.665 / 371.224      38.665 / 371.224      38.665 / 371.224     ms
[90.113s][info][gc,stats    ]       Phase: Concurrent Reset Relocation Set               0.072 / 0.339         0.063 / 0.580         0.063 / 0.580         0.063 / 0.580       ms
[90.113s][info][gc,stats    ]       Phase: Concurrent Select Relocation Set              2.508 / 9.836         2.159 / 10.609        2.159 / 10.609        2.159 / 10.609      ms
[90.113s][info][gc,stats    ]       Phase: Pause Mark End                                0.592 / 4.160         0.415 / 4.160         0.415 / 4.160         0.415 / 4.160       ms
[90.113s][info][gc,stats    ]       Phase: Pause Mark Start                              3.930 / 9.673         3.191 / 13.944        3.191 / 13.944        3.191 / 13.944      ms
[90.113s][info][gc,stats    ]       Phase: Pause Relocate Start                          3.195 / 9.697         2.760 / 20.181        2.760 / 20.181        2.760 / 20.181      ms
[90.113s][info][gc,stats    ]    Subphase: Concurrent Mark                             121.300 / 282.461     134.261 / 582.233     134.261 / 582.233     134.261 / 582.233     ms
[90.113s][info][gc,stats    ]    Subphase: Concurrent Mark Idle                          0.000 / 0.000         0.000 / 0.000         0.000 / 0.000         0.000 / 0.000       ms
[90.113s][info][gc,stats    ]    Subphase: Concurrent Mark Try Flush                     0.766 / 5.371         1.202 / 20.193        1.202 / 20.193        1.202 / 20.193      ms
[90.113s][info][gc,stats    ]    Subphase: Concurrent Mark Try Terminate                 0.292 / 1.033         0.418 / 9.762         0.418 / 9.762         0.418 / 9.762       ms
[90.113s][info][gc,stats    ]    Subphase: Concurrent References Enqueue                 0.001 / 0.009         0.001 / 0.009         0.001 / 0.009         0.001 / 0.009       ms
[90.113s][info][gc,stats    ]    Subphase: Concurrent References Process                 0.717 / 1.289         0.769 / 6.382         0.769 / 6.382         0.769 / 6.382       ms
[90.113s][info][gc,stats    ]    Subphase: Concurrent Weak Roots                         0.869 / 2.759         0.905 / 6.746         0.905 / 6.746         0.905 / 6.746       ms
[90.113s][info][gc,stats    ]    Subphase: Concurrent Weak Roots JNIWeakHandles          0.000 / 0.001         0.000 / 0.001         0.000 / 0.001         0.000 / 0.001       ms
[90.113s][info][gc,stats    ]    Subphase: Concurrent Weak Roots StringTable             0.645 / 2.193         0.671 / 6.312         0.671 / 6.312         0.671 / 6.312       ms
[90.113s][info][gc,stats    ]    Subphase: Concurrent Weak Roots VMWeakHandles           0.222 / 0.554         0.232 / 0.881         0.232 / 0.881         0.232 / 0.881       ms
[90.113s][info][gc,stats    ]    Subphase: Pause Mark Try Complete                       0.000 / 0.000         0.001 / 0.002         0.001 / 0.002         0.001 / 0.002       ms
[90.113s][info][gc,stats    ]    Subphase: Pause Remap TLABS                             0.002 / 0.005         0.002 / 0.008         0.002 / 0.008         0.002 / 0.008       ms
[90.113s][info][gc,stats    ]    Subphase: Pause Retire TLABS                            0.030 / 0.056         0.021 / 0.059         0.021 / 0.059         0.021 / 0.059       ms
[90.113s][info][gc,stats    ]    Subphase: Pause Roots                                   2.174 / 9.227         1.810 / 13.338        1.810 / 13.338        1.810 / 13.338      ms
[90.113s][info][gc,stats    ]    Subphase: Pause Roots ClassLoaderDataGraph              0.876 / 2.042         0.782 / 4.046         0.782 / 4.046         0.782 / 4.046       ms
[90.113s][info][gc,stats    ]    Subphase: Pause Roots CodeCache                         1.538 / 7.453         1.272 / 11.698        1.272 / 11.698        1.272 / 11.698      ms
[90.113s][info][gc,stats    ]    Subphase: Pause Roots JNIHandles                        0.001 / 0.003         0.001 / 0.084         0.001 / 0.084         0.001 / 0.084       ms
[90.113s][info][gc,stats    ]    Subphase: Pause Roots JNIWeakHandles                    0.000 / 0.000         0.000 / 0.000         0.000 / 0.000         0.000 / 0.000       ms
[90.113s][info][gc,stats    ]    Subphase: Pause Roots JRFWeak                           0.000 / 0.000         0.000 / 0.000         0.000 / 0.000         0.000 / 0.000       ms
[90.113s][info][gc,stats    ]    Subphase: Pause Roots JVMTIExport                       0.001 / 0.001         0.001 / 0.001         0.001 / 0.001         0.001 / 0.001       ms
[90.113s][info][gc,stats    ]    Subphase: Pause Roots JVMTIWeakExport                   0.001 / 0.002         0.001 / 0.068         0.001 / 0.068         0.001 / 0.068       ms
[90.113s][info][gc,stats    ]    Subphase: Pause Roots Management                        0.001 / 0.003         0.002 / 0.371         0.002 / 0.371         0.002 / 0.371       ms
[90.113s][info][gc,stats    ]    Subphase: Pause Roots ObjectSynchronizer                0.000 / 0.001         0.000 / 0.001         0.000 / 0.001         0.000 / 0.001       ms
[90.113s][info][gc,stats    ]    Subphase: Pause Roots Setup                             0.269 / 0.595         0.240 / 12.197        0.240 / 12.197        0.240 / 12.197      ms
[90.113s][info][gc,stats    ]    Subphase: Pause Roots StringTable                       0.000 / 0.000         0.000 / 0.000         0.000 / 0.000         0.000 / 0.000       ms
[90.113s][info][gc,stats    ]    Subphase: Pause Roots SystemDictionary                  0.011 / 0.024         0.011 / 0.337         0.011 / 0.337         0.011 / 0.337       ms
[90.113s][info][gc,stats    ]    Subphase: Pause Roots Teardown                          0.001 / 0.004         0.001 / 0.004         0.001 / 0.004         0.001 / 0.004       ms
[90.113s][info][gc,stats    ]    Subphase: Pause Roots Threads                           0.556 / 1.608         0.426 / 8.097         0.426 / 8.097         0.426 / 8.097       ms
[90.113s][info][gc,stats    ]    Subphase: Pause Roots Universe                          0.002 / 0.006         0.002 / 0.034         0.002 / 0.034         0.002 / 0.034       ms
[90.113s][info][gc,stats    ]    Subphase: Pause Roots VMWeakHandles                     0.000 / 0.000         0.000 / 0.000         0.000 / 0.000         0.000 / 0.000       ms
[90.113s][info][gc,stats    ]    Subphase: Pause Weak Roots                              0.002 / 0.005         0.002 / 0.007         0.002 / 0.007         0.002 / 0.007       ms
[90.113s][info][gc,stats    ]    Subphase: Pause Weak Roots JFRWeak                      0.001 / 0.001         0.001 / 0.002         0.001 / 0.002         0.001 / 0.002       ms
[90.113s][info][gc,stats    ]    Subphase: Pause Weak Roots JNIWeakHandles               0.000 / 0.000         0.000 / 0.000         0.000 / 0.000         0.000 / 0.000       ms
[90.113s][info][gc,stats    ]    Subphase: Pause Weak Roots JVMTIWeakExport              0.001 / 0.002         0.001 / 0.006         0.001 / 0.006         0.001 / 0.006       ms
[90.113s][info][gc,stats    ]    Subphase: Pause Weak Roots Setup                        0.000 / 0.000         0.000 / 0.000         0.000 / 0.000         0.000 / 0.000       ms
[90.113s][info][gc,stats    ]    Subphase: Pause Weak Roots StringTable                  0.000 / 0.000         0.000 / 0.000         0.000 / 0.000         0.000 / 0.000       ms
[90.113s][info][gc,stats    ]    Subphase: Pause Weak Roots SymbolTable                  0.000 / 0.000         0.000 / 0.000         0.000 / 0.000         0.000 / 0.000       ms
[90.113s][info][gc,stats    ]    Subphase: Pause Weak Roots Teardown                     0.001 / 0.002         0.001 / 0.002         0.001 / 0.002         0.001 / 0.002       ms
[90.113s][info][gc,stats    ]    Subphase: Pause Weak Roots VMWeakHandles                0.000 / 0.000         0.000 / 0.000         0.000 / 0.000         0.000 / 0.000       ms
[90.113s][info][gc,stats    ]      System: Java Threads                                    176 / 191             120 / 191             120 / 191             120 / 191         threads
[90.113s][info][gc,stats    ] =========================================================================================================================================================
[90.113s][info][gc,start    ] GC(354) Garbage Collection (Allocation Rate)
[90.120s][info][gc,phases   ] GC(354) Pause Mark Start 3.659ms
[90.243s][info][gc,phases   ] GC(354) Concurrent Mark 122.827ms
[90.247s][info][gc,phases   ] GC(354) Pause Mark End 0.484ms
[90.248s][info][gc,phases   ] GC(354) Concurrent Process Non-Strong References 1.846ms
[90.248s][info][gc,phases   ] GC(354) Concurrent Reset Relocation Set 0.004ms
[90.248s][info][gc,phases   ] GC(354) Concurrent Destroy Detached Pages 0.000ms
[90.250s][info][gc,phases   ] GC(354) Concurrent Select Relocation Set 1.514ms
[90.250s][info][gc,phases   ] GC(354) Concurrent Prepare Relocation Set 0.217ms
[90.254s][info][gc,phases   ] GC(354) Pause Relocate Start 3.089ms
[90.279s][info][gc,phases   ] GC(354) Concurrent Relocate 25.571ms
[90.279s][info][gc,load     ] GC(354) Load: 2.02/1.20/0.55
[90.279s][info][gc,mmu      ] GC(354) MMU: 2ms/0.0%, 5ms/0.0%, 10ms/0.0%, 20ms/0.0%, 50ms/57.1%, 100ms/74.9%
[90.279s][info][gc,marking  ] GC(354) Mark: 1 stripe(s), 2 proactive flush(es), 1 terminate flush(es), 0 completion(s), 0 continuation(s) 
[90.279s][info][gc,reloc    ] GC(354) Relocation: Successful, 11M relocated
[90.279s][info][gc,nmethod  ] GC(354) NMethods: 3706 registered, 0 unregistered
[90.279s][info][gc,metaspace] GC(354) Metaspace: 73M used, 78M capacity, 78M committed, 80M reserved
[90.279s][info][gc,ref      ] GC(354) Soft: 2533 encountered, 0 discovered, 0 enqueued
[90.279s][info][gc,ref      ] GC(354) Weak: 4639 encountered, 3650 discovered, 2 enqueued
[90.279s][info][gc,ref      ] GC(354) Final: 27 encountered, 0 discovered, 0 enqueued
[90.279s][info][gc,ref      ] GC(354) Phantom: 652 encountered, 648 discovered, 0 enqueued
[90.279s][info][gc,heap     ] GC(354)                Mark Start          Mark End        Relocate Start      Relocate End           High               Low         
[90.279s][info][gc,heap     ] GC(354)  Capacity:      500M (100%)        500M (100%)        500M (100%)        500M (100%)        500M (100%)        500M (100%)   
[90.279s][info][gc,heap     ] GC(354)   Reserve:       34M (7%)           34M (7%)           34M (7%)           34M (7%)           34M (7%)           34M (7%)     
[90.279s][info][gc,heap     ] GC(354)      Free:      284M (57%)         108M (22%)         108M (22%)         234M (47%)         284M (57%)          94M (19%)    
[90.279s][info][gc,heap     ] GC(354)      Used:      182M (36%)         358M (72%)         358M (72%)         232M (46%)         372M (74%)         182M (36%)    
[90.279s][info][gc,heap     ] GC(354)      Live:         -                36M (7%)           36M (7%)           36M (7%)             -                  -          
[90.279s][info][gc,heap     ] GC(354) Allocated:         -               176M (35%)         176M (35%)         200M (40%)            -                  -          
[90.279s][info][gc,heap     ] GC(354)   Garbage:         -               145M (29%)         145M (29%)           1M (0%)             -                  -          
[90.279s][info][gc,heap     ] GC(354) Reclaimed:         -                  -                 0M (0%)          144M (29%)            -                  -          
[90.279s][info][gc          ] GC(354) Garbage Collection (Allocation Rate) 182M(36%)->232M(46%)
[90.313s][info][gc,start    ] GC(355) Garbage Collection (Allocation Rate)
[90.320s][info][gc,phases   ] GC(355) Pause Mark Start 3.744ms
[90.361s][info][gc,heap     ] Page Cache Flushed: 2M requested, 10M(80M->70M) flushed
[90.371s][info][gc,heap     ] Page Cache Flushed: 2M requested, 6M(70M->64M) flushed
[90.374s][info][gc,heap     ] Page Cache Flushed: 2M requested, 32M(64M->32M) flushed
[90.416s][info][gc,heap     ] Page Cache Flushed: 6M requested, 32M(32M->0M) flushed
[90.461s][info][gc,phases   ] GC(355) Concurrent Mark 141.297ms
[90.462s][info][gc,phases   ] GC(355) Pause Mark End 0.485ms
[90.464s][info][gc,phases   ] GC(355) Concurrent Process Non-Strong References 1.557ms
[90.464s][info][gc,phases   ] GC(355) Concurrent Reset Relocation Set 0.013ms
[90.464s][info][gc,phases   ] GC(355) Concurrent Destroy Detached Pages 0.005ms
[90.465s][info][gc,phases   ] GC(355) Concurrent Select Relocation Set 1.510ms
[90.467s][info][gc,phases   ] GC(355) Concurrent Prepare Relocation Set 1.675ms
[90.471s][info][gc,phases   ] GC(355) Pause Relocate Start 3.225ms
[90.471s][info][gc          ] Allocation Stall (Executor task launch worker for task 0.0 in stage 25.0 (TID 25)) 15.946ms
[90.472s][info][gc          ] Allocation Stall (Executor task launch worker for task 0.0 in stage 25.0 (TID 25)) 0.301ms
[90.473s][info][gc          ] Allocation Stall (Executor task launch worker for task 0.0 in stage 25.0 (TID 25)) 0.387ms
[90.475s][info][gc          ] Allocation Stall (Executor task launch worker for task 0.0 in stage 25.0 (TID 25)) 0.387ms
[90.476s][info][gc          ] Allocation Stall (Executor task launch worker for task 0.0 in stage 25.0 (TID 25)) 0.328ms
[90.479s][info][gc          ] Allocation Stall (Executor task launch worker for task 0.0 in stage 25.0 (TID 25)) 2.921ms
[90.576s][info][gc,phases   ] GC(355) Concurrent Relocate 105.036ms
[90.576s][info][gc,load     ] GC(355) Load: 2.02/1.20/0.55
[90.576s][info][gc,mmu      ] GC(355) MMU: 2ms/0.0%, 5ms/0.0%, 10ms/0.0%, 20ms/0.0%, 50ms/57.1%, 100ms/74.9%
[90.576s][info][gc,marking  ] GC(355) Mark: 1 stripe(s), 2 proactive flush(es), 1 terminate flush(es), 0 completion(s), 0 continuation(s) 
[90.576s][info][gc,reloc    ] GC(355) Relocation: Incomplete
[90.576s][info][gc,nmethod  ] GC(355) NMethods: 3706 registered, 0 unregistered
[90.576s][info][gc,metaspace] GC(355) Metaspace: 73M used, 78M capacity, 78M committed, 80M reserved
[90.576s][info][gc,ref      ] GC(355) Soft: 2533 encountered, 0 discovered, 0 enqueued
[90.576s][info][gc,ref      ] GC(355) Weak: 4641 encountered, 3652 discovered, 0 enqueued
[90.576s][info][gc,ref      ] GC(355) Final: 27 encountered, 0 discovered, 0 enqueued
[90.576s][info][gc,ref      ] GC(355) Phantom: 652 encountered, 648 discovered, 0 enqueued
[90.576s][info][gc,heap     ] GC(355)                Mark Start          Mark End        Relocate Start      Relocate End           High               Low         
[90.576s][info][gc,heap     ] GC(355)  Capacity:      500M (100%)        500M (100%)        500M (100%)        500M (100%)        500M (100%)        500M (100%)   
[90.576s][info][gc,heap     ] GC(355)   Reserve:       34M (7%)           34M (7%)           34M (7%)           34M (7%)           34M (7%)           32M (6%)     
[90.576s][info][gc,heap     ] GC(355)      Free:      138M (28%)           0M (0%)            0M (0%)           90M (18%)         138M (28%)           0M (0%)     
[90.576s][info][gc,heap     ] GC(355)      Used:      328M (66%)         466M (93%)         466M (93%)         376M (75%)         468M (94%)         328M (66%)    
[90.576s][info][gc,heap     ] GC(355)      Live:         -                56M (11%)          56M (11%)          56M (11%)            -                  -          
[90.576s][info][gc,heap     ] GC(355) Allocated:         -               138M (28%)         138M (28%)         306M (61%)            -                  -          
[90.576s][info][gc,heap     ] GC(355)   Garbage:         -               271M (54%)         271M (54%)          33M (7%)             -                  -          
[90.576s][info][gc,heap     ] GC(355) Reclaimed:         -                  -                 0M (0%)          238M (48%)            -                  -          
[90.576s][info][gc          ] GC(355) Garbage Collection (Allocation Rate) 328M(66%)->376M(75%)
[90.606s][info][gc,start    ] GC(356) Garbage Collection (Allocation Stall)
[90.607s][info][gc,ref      ] GC(356) Clearing All Soft References
[90.610s][info][gc,phases   ] GC(356) Pause Mark Start 3.632ms
[90.773s][info][gc,phases   ] GC(356) Concurrent Mark 162.048ms
[90.774s][info][gc,phases   ] GC(356) Pause Mark End 0.496ms
[90.775s][info][gc,phases   ] GC(356) Concurrent Process Non-Strong References 1.640ms
[90.776s][info][gc,phases   ] GC(356) Concurrent Reset Relocation Set 0.234ms
[90.776s][info][gc,phases   ] GC(356) Concurrent Destroy Detached Pages 0.000ms
[90.777s][info][gc,phases   ] GC(356) Concurrent Select Relocation Set 1.502ms
[90.780s][info][gc,phases   ] GC(356) Concurrent Prepare Relocation Set 2.854ms
[90.784s][info][gc,phases   ] GC(356) Pause Relocate Start 3.511ms
[90.784s][info][gc          ] Allocation Stall (Executor task launch worker for task 0.0 in stage 25.0 (TID 25)) 178.010ms
[90.786s][info][gc          ] Allocation Stall (Spark Context Cleaner) 151.988ms
[90.786s][info][gc          ] Allocation Stall (Executor task launch worker for task 0.0 in stage 25.0 (TID 25)) 0.818ms
[90.788s][info][gc          ] Allocation Stall (Executor task launch worker for task 0.0 in stage 25.0 (TID 25)) 0.398ms
[90.789s][info][gc          ] Allocation Stall (Executor task launch worker for task 0.0 in stage 25.0 (TID 25)) 0.388ms
[90.790s][info][gc          ] Allocation Stall (Executor task launch worker for task 0.0 in stage 25.0 (TID 25)) 0.462ms
[90.791s][info][gc          ] Allocation Stall (Executor task launch worker for task 0.0 in stage 25.0 (TID 25)) 0.429ms
[90.795s][info][gc          ] Allocation Stall (Executor task launch worker for task 0.0 in stage 25.0 (TID 25)) 3.024ms
[90.885s][info][gc,heap     ] Page Cache Flushed: 10M requested, 10M(80M->70M) flushed
[90.934s][info][gc,phases   ] GC(356) Concurrent Relocate 150.126ms
[90.934s][info][gc,load     ] GC(356) Load: 2.02/1.20/0.55
[90.934s][info][gc,mmu      ] GC(356) MMU: 2ms/0.0%, 5ms/0.0%, 10ms/0.0%, 20ms/0.0%, 50ms/57.1%, 100ms/74.9%
[90.934s][info][gc,marking  ] GC(356) Mark: 1 stripe(s), 2 proactive flush(es), 1 terminate flush(es), 0 completion(s), 0 continuation(s) 
[90.934s][info][gc,reloc    ] GC(356) Relocation: Incomplete
[90.934s][info][gc,nmethod  ] GC(356) NMethods: 3706 registered, 0 unregistered
[90.934s][info][gc,metaspace] GC(356) Metaspace: 73M used, 78M capacity, 78M committed, 80M reserved
[90.934s][info][gc,ref      ] GC(356) Soft: 2533 encountered, 930 discovered, 381 enqueued
[90.934s][info][gc,ref      ] GC(356) Weak: 4641 encountered, 3820 discovered, 0 enqueued
[90.934s][info][gc,ref      ] GC(356) Final: 27 encountered, 0 discovered, 0 enqueued
[90.934s][info][gc,ref      ] GC(356) Phantom: 652 encountered, 648 discovered, 0 enqueued
[90.934s][info][gc,heap     ] GC(356)                Mark Start          Mark End        Relocate Start      Relocate End           High               Low         
[90.934s][info][gc,heap     ] GC(356)  Capacity:      500M (100%)        500M (100%)        500M (100%)        500M (100%)        500M (100%)        500M (100%)   
[90.934s][info][gc,heap     ] GC(356)   Reserve:       34M (7%)           34M (7%)           34M (7%)           34M (7%)           34M (7%)           32M (6%)     
[90.934s][info][gc,heap     ] GC(356)      Free:        0M (0%)            0M (0%)            0M (0%)          180M (36%)         186M (37%)           0M (0%)     
[90.934s][info][gc,heap     ] GC(356)      Used:      466M (93%)         466M (93%)         466M (93%)         286M (57%)         468M (94%)         280M (56%)    
[90.934s][info][gc,heap     ] GC(356)      Live:         -                86M (17%)          86M (17%)          86M (17%)            -                  -          
[90.934s][info][gc,heap     ] GC(356) Allocated:         -                 0M (0%)            0M (0%)          200M (40%)            -                  -          
[90.934s][info][gc,heap     ] GC(356)   Garbage:         -               379M (76%)         379M (76%)          31M (6%)             -                  -          
[90.934s][info][gc,heap     ] GC(356) Reclaimed:         -                  -                 0M (0%)          348M (70%)            -                  -          
[90.934s][info][gc          ] GC(356) Garbage Collection (Allocation Stall) 466M(93%)->286M(57%)
[91.013s][info][gc,start    ] GC(357) Garbage Collection (Allocation Rate)
[91.022s][info][gc,phases   ] GC(357) Pause Mark Start 6.936ms
[91.189s][info][gc,phases   ] GC(357) Concurrent Mark 162.598ms
[91.190s][info][gc,phases   ] GC(357) Pause Mark End 0.512ms
[91.192s][info][gc,phases   ] GC(357) Concurrent Process Non-Strong References 1.633ms
[91.193s][info][gc,phases   ] GC(357) Concurrent Reset Relocation Set 0.401ms
[91.193s][info][gc,phases   ] GC(357) Concurrent Destroy Detached Pages 0.008ms
[91.194s][info][gc,heap     ] GC(357) Page Cache Flushed: 2M requested, 6M(6M->0M) flushed
[91.195s][info][gc          ] Allocation Stall (Executor task launch worker for task 0.0 in stage 25.0 (TID 25)) 127.696ms
[91.195s][info][gc          ] Allocation Stall (Spark Context Cleaner) 108.304ms
[91.195s][info][gc          ] Allocation Stall (RemoteBlock-temp-file-clean-thread) 8.681ms
[91.195s][info][gc          ] Allocation Stall (Executor task launch worker for task 0.0 in stage 25.0 (TID 25)) 0.105ms
[91.198s][info][gc,phases   ] GC(357) Concurrent Select Relocation Set 5.357ms
[91.200s][info][gc,phases   ] GC(357) Concurrent Prepare Relocation Set 1.978ms
[91.203s][info][gc,phases   ] GC(357) Pause Relocate Start 3.022ms
[91.204s][info][gc          ] Allocation Stall (Executor task launch worker for task 0.0 in stage 25.0 (TID 25)) 5.759ms
[91.205s][info][gc          ] Allocation Stall (Executor task launch worker for task 0.0 in stage 25.0 (TID 25)) 0.311ms
[91.206s][info][gc          ] Allocation Stall (Executor task launch worker for task 0.0 in stage 25.0 (TID 25)) 0.367ms
[91.207s][info][gc          ] Allocation Stall (Executor task launch worker for task 0.0 in stage 25.0 (TID 25)) 0.380ms
[91.208s][info][gc          ] Allocation Stall (Executor task launch worker for task 0.0 in stage 25.0 (TID 25)) 0.401ms
[91.212s][info][gc          ] Allocation Stall (Executor task launch worker for task 0.0 in stage 25.0 (TID 25)) 2.956ms
[91.318s][info][gc,phases   ] GC(357) Concurrent Relocate 114.787ms
[91.318s][info][gc,load     ] GC(357) Load: 2.02/1.20/0.55
[91.318s][info][gc,mmu      ] GC(357) MMU: 2ms/0.0%, 5ms/0.0%, 10ms/0.0%, 20ms/0.0%, 50ms/57.1%, 100ms/74.9%
[91.318s][info][gc,marking  ] GC(357) Mark: 1 stripe(s), 2 proactive flush(es), 1 terminate flush(es), 0 completion(s), 0 continuation(s) 
[91.318s][info][gc,reloc    ] GC(357) Relocation: Successful, 27M relocated
[91.318s][info][gc,nmethod  ] GC(357) NMethods: 3706 registered, 0 unregistered
[91.318s][info][gc,metaspace] GC(357) Metaspace: 73M used, 78M capacity, 78M committed, 80M reserved
[91.318s][info][gc,ref      ] GC(357) Soft: 2152 encountered, 0 discovered, 0 enqueued
[91.318s][info][gc,ref      ] GC(357) Weak: 4641 encountered, 3670 discovered, 0 enqueued
[91.318s][info][gc,ref      ] GC(357) Final: 27 encountered, 0 discovered, 0 enqueued
[91.318s][info][gc,ref      ] GC(357) Phantom: 652 encountered, 648 discovered, 0 enqueued
[91.318s][info][gc,heap     ] GC(357)                Mark Start          Mark End        Relocate Start      Relocate End           High               Low         
[91.318s][info][gc,heap     ] GC(357)  Capacity:      500M (100%)        500M (100%)        500M (100%)        500M (100%)        500M (100%)        500M (100%)   
[91.318s][info][gc,heap     ] GC(357)   Reserve:       34M (7%)           34M (7%)           34M (7%)           34M (7%)           34M (7%)           32M (6%)     
[91.318s][info][gc,heap     ] GC(357)      Free:       48M (10%)           0M (0%)            0M (0%)          110M (22%)         110M (22%)           0M (0%)     
[91.318s][info][gc,heap     ] GC(357)      Used:      418M (84%)         466M (93%)         466M (93%)         356M (71%)         468M (94%)         356M (71%)    
[91.318s][info][gc,heap     ] GC(357)      Live:         -               111M (22%)         111M (22%)         111M (22%)            -                  -          
[91.318s][info][gc,heap     ] GC(357) Allocated:         -                48M (10%)          58M (12%)         236M (47%)            -                  -          
[91.318s][info][gc,heap     ] GC(357)   Garbage:         -               306M (61%)         300M (60%)          34M (7%)             -                  -          
[91.318s][info][gc,heap     ] GC(357) Reclaimed:         -                  -                 6M (1%)          272M (54%)            -                  -          
[91.318s][info][gc          ] GC(357) Garbage Collection (Allocation Rate) 418M(84%)->356M(71%)
[91.360s][info][gc,start    ] GC(358) Garbage Collection (Allocation Stall)
[91.360s][info][gc,ref      ] GC(358) Clearing All Soft References
[91.364s][info][gc,phases   ] GC(358) Pause Mark Start 3.676ms
[91.533s][info][gc,phases   ] GC(358) Concurrent Mark 168.662ms
[91.534s][info][gc,phases   ] GC(358) Pause Mark End 0.541ms
[91.536s][info][gc,phases   ] GC(358) Concurrent Process Non-Strong References 1.662ms
[91.536s][info][gc,phases   ] GC(358) Concurrent Reset Relocation Set 0.252ms
[91.536s][info][gc,phases   ] GC(358) Concurrent Destroy Detached Pages 0.005ms
[91.537s][info][gc,phases   ] GC(358) Concurrent Select Relocation Set 1.545ms
[91.540s][info][gc,phases   ] GC(358) Concurrent Prepare Relocation Set 2.265ms
[91.543s][info][gc,phases   ] GC(358) Pause Relocate Start 3.161ms
[91.544s][info][gc          ] Allocation Stall (Executor task launch worker for task 0.0 in stage 25.0 (TID 25)) 183.996ms
[91.545s][info][gc          ] Allocation Stall (Spark Context Cleaner) 148.230ms
[91.546s][info][gc          ] Allocation Stall (Executor task launch worker for task 0.0 in stage 25.0 (TID 25)) 0.796ms
[91.548s][info][gc          ] Allocation Stall (Executor task launch worker for task 0.0 in stage 25.0 (TID 25)) 0.400ms
[91.549s][info][gc          ] Allocation Stall (Executor task launch worker for task 0.0 in stage 25.0 (TID 25)) 0.368ms
[91.550s][info][gc          ] Allocation Stall (Executor task launch worker for task 0.0 in stage 25.0 (TID 25)) 0.369ms
[91.555s][info][gc          ] Allocation Stall (Executor task launch worker for task 0.0 in stage 25.0 (TID 25)) 4.688ms
[91.567s][info][gc          ] Allocation Stall (Executor task launch worker for task 0.0 in stage 25.0 (TID 25)) 4.787ms
[91.697s][info][gc,phases   ] GC(358) Concurrent Relocate 153.378ms
[91.697s][info][gc,load     ] GC(358) Load: 2.02/1.20/0.55
[91.697s][info][gc,mmu      ] GC(358) MMU: 2ms/0.0%, 5ms/0.0%, 10ms/0.0%, 20ms/0.0%, 50ms/57.1%, 100ms/74.9%
[91.697s][info][gc,marking  ] GC(358) Mark: 1 stripe(s), 2 proactive flush(es), 1 terminate flush(es), 0 completion(s), 0 continuation(s) 
[91.697s][info][gc,reloc    ] GC(358) Relocation: Successful, 31M relocated
[91.697s][info][gc,nmethod  ] GC(358) NMethods: 3709 registered, 0 unregistered
[91.697s][info][gc,metaspace] GC(358) Metaspace: 73M used, 78M capacity, 78M committed, 80M reserved
[91.697s][info][gc,ref      ] GC(358) Soft: 2152 encountered, 549 discovered, 0 enqueued
[91.697s][info][gc,ref      ] GC(358) Weak: 4641 encountered, 3820 discovered, 0 enqueued
[91.697s][info][gc,ref      ] GC(358) Final: 27 encountered, 0 discovered, 0 enqueued
[91.697s][info][gc,ref      ] GC(358) Phantom: 652 encountered, 648 discovered, 0 enqueued
[91.697s][info][gc,heap     ] GC(358)                Mark Start          Mark End        Relocate Start      Relocate End           High               Low         
[91.697s][info][gc,heap     ] GC(358)  Capacity:      500M (100%)        500M (100%)        500M (100%)        500M (100%)        500M (100%)        500M (100%)   
[91.697s][info][gc,heap     ] GC(358)   Reserve:       34M (7%)           34M (7%)           34M (7%)           34M (7%)           34M (7%)           32M (6%)     
[91.697s][info][gc,heap     ] GC(358)      Free:        0M (0%)            0M (0%)            0M (0%)          186M (37%)         186M (37%)           0M (0%)     
[91.697s][info][gc,heap     ] GC(358)      Used:      466M (93%)         466M (93%)         466M (93%)         280M (56%)         468M (94%)         280M (56%)    
[91.697s][info][gc,heap     ] GC(358)      Live:         -               134M (27%)         134M (27%)         134M (27%)            -                  -          
[91.697s][info][gc,heap     ] GC(358) Allocated:         -                 0M (0%)            0M (0%)          138M (28%)            -                  -          
[91.697s][info][gc,heap     ] GC(358)   Garbage:         -               331M (66%)         331M (66%)          37M (7%)             -                  -          
[91.697s][info][gc,heap     ] GC(358) Reclaimed:         -                  -                 0M (0%)          294M (59%)            -                  -          
[91.697s][info][gc          ] GC(358) Garbage Collection (Allocation Stall) 466M(93%)->280M(56%)
[91.713s][info][gc,start    ] GC(359) Garbage Collection (Allocation Rate)
[91.720s][info][gc,phases   ] GC(359) Pause Mark Start 3.669ms
[92.029s][info][gc,phases   ] GC(359) Concurrent Mark 308.900ms
[92.030s][info][gc,phases   ] GC(359) Pause Mark End 0.472ms
[92.031s][info][gc,phases   ] GC(359) Concurrent Process Non-Strong References 1.575ms
[92.032s][info][gc,phases   ] GC(359) Concurrent Reset Relocation Set 0.297ms
[92.032s][info][gc,phases   ] GC(359) Concurrent Destroy Detached Pages 0.001ms
[92.033s][info][gc,phases   ] GC(359) Concurrent Select Relocation Set 1.514ms
[92.034s][info][gc,phases   ] GC(359) Concurrent Prepare Relocation Set 0.398ms
[92.039s][info][gc,phases   ] GC(359) Pause Relocate Start 5.236ms
[92.039s][info][gc          ] Allocation Stall (Executor task launch worker for task 0.0 in stage 25.0 (TID 25)) 15.397ms
[92.071s][info][gc,phases   ] GC(359) Concurrent Relocate 28.229ms
[92.071s][info][gc,load     ] GC(359) Load: 2.02/1.21/0.56
[92.071s][info][gc,mmu      ] GC(359) MMU: 2ms/0.0%, 5ms/0.0%, 10ms/0.0%, 20ms/0.0%, 50ms/57.1%, 100ms/74.9%
[92.071s][info][gc,marking  ] GC(359) Mark: 1 stripe(s), 2 proactive flush(es), 1 terminate flush(es), 0 completion(s), 0 continuation(s) 
[92.071s][info][gc,reloc    ] GC(359) Relocation: Successful, 12M relocated
[92.071s][info][gc,nmethod  ] GC(359) NMethods: 3709 registered, 0 unregistered
[92.071s][info][gc,metaspace] GC(359) Metaspace: 73M used, 78M capacity, 78M committed, 80M reserved
[92.071s][info][gc,ref      ] GC(359) Soft: 2199 encountered, 0 discovered, 0 enqueued
[92.071s][info][gc,ref      ] GC(359) Weak: 4641 encountered, 3666 discovered, 0 enqueued
[92.071s][info][gc,ref      ] GC(359) Final: 27 encountered, 0 discovered, 0 enqueued
[92.071s][info][gc,ref      ] GC(359) Phantom: 652 encountered, 648 discovered, 0 enqueued
[92.071s][info][gc,heap     ] GC(359)                Mark Start          Mark End        Relocate Start      Relocate End           High               Low         
[92.071s][info][gc,heap     ] GC(359)  Capacity:      500M (100%)        500M (100%)        500M (100%)        500M (100%)        500M (100%)        500M (100%)   
[92.071s][info][gc,heap     ] GC(359)   Reserve:       34M (7%)           34M (7%)           34M (7%)           34M (7%)           34M (7%)           34M (7%)     
[92.071s][info][gc,heap     ] GC(359)      Free:      168M (34%)           0M (0%)           46M (9%)          104M (21%)         168M (34%)           0M (0%)     
[92.071s][info][gc,heap     ] GC(359)      Used:      298M (60%)         466M (93%)         420M (84%)         362M (72%)         466M (93%)         298M (60%)    
[92.071s][info][gc,heap     ] GC(359)      Live:         -               139M (28%)         139M (28%)         139M (28%)            -                  -          
[92.071s][info][gc,heap     ] GC(359) Allocated:         -               168M (34%)         170M (34%)         196M (39%)            -                  -          
[92.071s][info][gc,heap     ] GC(359)   Garbage:         -               158M (32%)         110M (22%)          36M (7%)             -                  -          
[92.071s][info][gc,heap     ] GC(359) Reclaimed:         -                  -                48M (10%)         122M (24%)            -                  -          
[92.071s][info][gc          ] GC(359) Garbage Collection (Allocation Rate) 298M(60%)->362M(72%)
[92.113s][info][gc,start    ] GC(360) Garbage Collection (Allocation Rate)
[92.120s][info][gc,phases   ] GC(360) Pause Mark Start 3.611ms
[92.320s][info][gc,phases   ] GC(360) Concurrent Mark 200.167ms
[92.321s][info][gc,phases   ] GC(360) Pause Mark End 0.914ms
[92.323s][info][gc,phases   ] GC(360) Concurrent Process Non-Strong References 1.939ms
[92.323s][info][gc,phases   ] GC(360) Concurrent Reset Relocation Set 0.012ms
[92.323s][info][gc,phases   ] GC(360) Concurrent Destroy Detached Pages 0.001ms
[92.325s][info][gc,phases   ] GC(360) Concurrent Select Relocation Set 1.513ms
[92.325s][info][gc,phases   ] GC(360) Concurrent Prepare Relocation Set 0.048ms
[92.328s][info][gc,phases   ] GC(360) Pause Relocate Start 2.986ms
[92.328s][info][gc          ] Allocation Stall (driver-heartbeater) 45.151ms
[92.329s][info][gc          ] Allocation Stall (Executor task launch worker for task 0.0 in stage 25.0 (TID 25)) 98.031ms
[92.337s][info][gc,phases   ] GC(360) Concurrent Relocate 8.306ms
[92.337s][info][gc,load     ] GC(360) Load: 2.02/1.21/0.56
[92.337s][info][gc,mmu      ] GC(360) MMU: 2ms/0.0%, 5ms/0.0%, 10ms/0.0%, 20ms/0.0%, 50ms/57.1%, 100ms/74.9%
[92.337s][info][gc,marking  ] GC(360) Mark: 1 stripe(s), 2 proactive flush(es), 1 terminate flush(es), 0 completion(s), 0 continuation(s) 
[92.337s][info][gc,reloc    ] GC(360) Relocation: Successful, 6M relocated
[92.337s][info][gc,nmethod  ] GC(360) NMethods: 3711 registered, 0 unregistered
[92.337s][info][gc,metaspace] GC(360) Metaspace: 73M used, 78M capacity, 78M committed, 80M reserved
[92.337s][info][gc,ref      ] GC(360) Soft: 2199 encountered, 0 discovered, 0 enqueued
[92.337s][info][gc,ref      ] GC(360) Weak: 4641 encountered, 3666 discovered, 0 enqueued
[92.337s][info][gc,ref      ] GC(360) Final: 27 encountered, 0 discovered, 0 enqueued
[92.337s][info][gc,ref      ] GC(360) Phantom: 652 encountered, 648 discovered, 0 enqueued
[92.337s][info][gc,heap     ] GC(360)                Mark Start          Mark End        Relocate Start      Relocate End           High               Low         
[92.337s][info][gc,heap     ] GC(360)  Capacity:      500M (100%)        500M (100%)        500M (100%)        500M (100%)        500M (100%)        500M (100%)   
[92.337s][info][gc,heap     ] GC(360)   Reserve:       34M (7%)           34M (7%)           34M (7%)           34M (7%)           34M (7%)           34M (7%)     
[92.337s][info][gc,heap     ] GC(360)      Free:       56M (11%)           0M (0%)          222M (44%)         230M (46%)         232M (46%)           0M (0%)     
[92.337s][info][gc,heap     ] GC(360)      Used:      410M (82%)         466M (93%)         244M (49%)         236M (47%)         466M (93%)         234M (47%)    
[92.337s][info][gc,heap     ] GC(360)      Live:         -               139M (28%)         139M (28%)         139M (28%)            -                  -          
[92.337s][info][gc,heap     ] GC(360) Allocated:         -                56M (11%)          60M (12%)          68M (14%)            -                  -          
[92.337s][info][gc,heap     ] GC(360)   Garbage:         -               270M (54%)          44M (9%)           32M (6%)             -                  -          
[92.337s][info][gc,heap     ] GC(360) Reclaimed:         -                  -               226M (45%)         238M (48%)            -                  -          
[92.337s][info][gc          ] GC(360) Garbage Collection (Allocation Rate) 410M(82%)->236M(47%)
[92.413s][info][gc,start    ] GC(361) Garbage Collection (Allocation Rate)
[92.420s][info][gc,phases   ] GC(361) Pause Mark Start 3.608ms
[92.673s][info][gc,phases   ] GC(361) Concurrent Mark 253.686ms
[92.674s][info][gc,phases   ] GC(361) Pause Mark End 0.490ms
[92.676s][info][gc,phases   ] GC(361) Concurrent Process Non-Strong References 1.580ms
[92.676s][info][gc,phases   ] GC(361) Concurrent Reset Relocation Set 0.004ms
[92.676s][info][gc,phases   ] GC(361) Concurrent Destroy Detached Pages 0.000ms
[92.677s][info][gc,phases   ] GC(361) Concurrent Select Relocation Set 1.512ms
[92.677s][info][gc,phases   ] GC(361) Concurrent Prepare Relocation Set 0.030ms
[92.681s][info][gc,phases   ] GC(361) Pause Relocate Start 3.551ms
[92.681s][info][gc          ] Allocation Stall (Executor task launch worker for task 0.0 in stage 25.0 (TID 25)) 22.019ms
[92.689s][info][gc,phases   ] GC(361) Concurrent Relocate 2.175ms
[92.689s][info][gc,load     ] GC(361) Load: 2.02/1.21/0.56
[92.689s][info][gc,mmu      ] GC(361) MMU: 2ms/0.0%, 5ms/0.0%, 10ms/0.0%, 20ms/0.0%, 50ms/57.1%, 100ms/74.9%
[92.689s][info][gc,marking  ] GC(361) Mark: 1 stripe(s), 2 proactive flush(es), 1 terminate flush(es), 0 completion(s), 0 continuation(s) 
[92.689s][info][gc,reloc    ] GC(361) Relocation: Successful, 6M relocated
[92.689s][info][gc,nmethod  ] GC(361) NMethods: 3711 registered, 0 unregistered
[92.689s][info][gc,metaspace] GC(361) Metaspace: 73M used, 78M capacity, 78M committed, 80M reserved
[92.689s][info][gc,ref      ] GC(361) Soft: 2201 encountered, 0 discovered, 0 enqueued
[92.689s][info][gc,ref      ] GC(361) Weak: 4642 encountered, 3667 discovered, 1 enqueued
[92.689s][info][gc,ref      ] GC(361) Final: 27 encountered, 0 discovered, 0 enqueued
[92.689s][info][gc,ref      ] GC(361) Phantom: 652 encountered, 648 discovered, 0 enqueued
[92.689s][info][gc,heap     ] GC(361)                Mark Start          Mark End        Relocate Start      Relocate End           High               Low         
[92.689s][info][gc,heap     ] GC(361)  Capacity:      500M (100%)        500M (100%)        500M (100%)        500M (100%)        500M (100%)        500M (100%)   
[92.689s][info][gc,heap     ] GC(361)   Reserve:       34M (7%)           34M (7%)           34M (7%)           34M (7%)           34M (7%)           34M (7%)     
[92.689s][info][gc,heap     ] GC(361)      Free:      138M (28%)           0M (0%)          144M (29%)         150M (30%)         150M (30%)           0M (0%)     
[92.689s][info][gc,heap     ] GC(361)      Used:      328M (66%)         466M (93%)         322M (64%)         316M (63%)         466M (93%)         316M (63%)    
[92.689s][info][gc,heap     ] GC(361)      Live:         -               139M (28%)         139M (28%)         139M (28%)            -                  -          
[92.689s][info][gc,heap     ] GC(361) Allocated:         -               138M (28%)         140M (28%)         148M (30%)            -                  -          
[92.689s][info][gc,heap     ] GC(361)   Garbage:         -               188M (38%)          42M (8%)           34M (7%)             -                  -          
[92.689s][info][gc,heap     ] GC(361) Reclaimed:         -                  -               146M (29%)         154M (31%)            -                  -          
[92.689s][info][gc          ] GC(361) Garbage Collection (Allocation Rate) 328M(66%)->316M(63%)
[92.713s][info][gc,start    ] GC(362) Garbage Collection (Allocation Rate)
[92.719s][info][gc,phases   ] GC(362) Pause Mark Start 3.545ms
[92.955s][info][gc,phases   ] GC(362) Concurrent Mark 235.059ms
[92.955s][info][gc,phases   ] GC(362) Pause Mark End 0.455ms
[92.957s][info][gc,phases   ] GC(362) Concurrent Process Non-Strong References 1.546ms
[92.957s][info][gc,phases   ] GC(362) Concurrent Reset Relocation Set 0.003ms
[92.957s][info][gc,phases   ] GC(362) Concurrent Destroy Detached Pages 0.000ms
[92.958s][info][gc          ] Allocation Stall (Executor task launch worker for task 0.0 in stage 25.0 (TID 25)) 41.146ms
[92.963s][info][gc,phases   ] GC(362) Concurrent Select Relocation Set 6.443ms
[92.963s][info][gc,phases   ] GC(362) Concurrent Prepare Relocation Set 0.029ms
[92.969s][info][gc,phases   ] GC(362) Pause Relocate Start 3.002ms
[92.977s][info][gc,phases   ] GC(362) Concurrent Relocate 7.621ms
[92.977s][info][gc,load     ] GC(362) Load: 2.02/1.21/0.56
[92.977s][info][gc,mmu      ] GC(362) MMU: 2ms/0.0%, 5ms/0.0%, 10ms/0.0%, 20ms/0.0%, 50ms/57.1%, 100ms/74.9%
[92.977s][info][gc,marking  ] GC(362) Mark: 1 stripe(s), 2 proactive flush(es), 1 terminate flush(es), 0 completion(s), 0 continuation(s) 
[92.977s][info][gc,reloc    ] GC(362) Relocation: Successful, 6M relocated
[92.977s][info][gc,nmethod  ] GC(362) NMethods: 3711 registered, 0 unregistered
[92.977s][info][gc,metaspace] GC(362) Metaspace: 73M used, 78M capacity, 78M committed, 80M reserved
[92.977s][info][gc,ref      ] GC(362) Soft: 2201 encountered, 0 discovered, 0 enqueued
[92.977s][info][gc,ref      ] GC(362) Weak: 4615 encountered, 3640 discovered, 0 enqueued
[92.977s][info][gc,ref      ] GC(362) Final: 27 encountered, 0 discovered, 0 enqueued
[92.977s][info][gc,ref      ] GC(362) Phantom: 652 encountered, 648 discovered, 0 enqueued
[92.977s][info][gc,heap     ] GC(362)                Mark Start          Mark End        Relocate Start      Relocate End           High               Low         
[92.977s][info][gc,heap     ] GC(362)  Capacity:      500M (100%)        500M (100%)        500M (100%)        500M (100%)        500M (100%)        500M (100%)   
[92.977s][info][gc,heap     ] GC(362)   Reserve:       34M (7%)           34M (7%)           34M (7%)           34M (7%)           34M (7%)           34M (7%)     
[92.977s][info][gc,heap     ] GC(362)      Free:      120M (24%)           0M (0%)          158M (32%)         160M (32%)         164M (33%)           0M (0%)     
[92.977s][info][gc,heap     ] GC(362)      Used:      346M (69%)         466M (93%)         308M (62%)         306M (61%)         466M (93%)         302M (60%)    
[92.977s][info][gc,heap     ] GC(362)      Live:         -               139M (28%)         139M (28%)         139M (28%)            -                  -          
[92.977s][info][gc,heap     ] GC(362) Allocated:         -               120M (24%)         128M (26%)         136M (27%)            -                  -          
[92.977s][info][gc,heap     ] GC(362)   Garbage:         -               206M (41%)          40M (8%)           32M (6%)             -                  -          
[92.977s][info][gc,heap     ] GC(362) Reclaimed:         -                  -               166M (33%)         174M (35%)            -                  -          
[92.977s][info][gc          ] GC(362) Garbage Collection (Allocation Rate) 346M(69%)->306M(61%)
[93.013s][info][gc,start    ] GC(363) Garbage Collection (Allocation Rate)
[93.019s][info][gc,phases   ] GC(363) Pause Mark Start 3.559ms
[93.273s][info][gc,phases   ] GC(363) Concurrent Mark 253.056ms
[93.273s][info][gc,phases   ] GC(363) Pause Mark End 0.444ms
[93.275s][info][gc,phases   ] GC(363) Concurrent Process Non-Strong References 1.672ms
[93.275s][info][gc,phases   ] GC(363) Concurrent Reset Relocation Set 0.003ms
[93.275s][info][gc,phases   ] GC(363) Concurrent Destroy Detached Pages 0.001ms
[93.277s][info][gc,phases   ] GC(363) Concurrent Select Relocation Set 1.533ms
[93.277s][info][gc,phases   ] GC(363) Concurrent Prepare Relocation Set 0.027ms
[93.280s][info][gc,phases   ] GC(363) Pause Relocate Start 3.109ms
[93.280s][info][gc          ] Allocation Stall (Executor task launch worker for task 0.0 in stage 25.0 (TID 25)) 54.067ms
[93.289s][info][gc,phases   ] GC(363) Concurrent Relocate 6.023ms
[93.289s][info][gc,load     ] GC(363) Load: 2.02/1.21/0.56
[93.289s][info][gc,mmu      ] GC(363) MMU: 2ms/0.0%, 5ms/0.0%, 10ms/0.0%, 20ms/0.0%, 50ms/57.1%, 100ms/74.9%
[93.289s][info][gc,marking  ] GC(363) Mark: 1 stripe(s), 2 proactive flush(es), 1 terminate flush(es), 0 completion(s), 0 continuation(s) 
[93.289s][info][gc,reloc    ] GC(363) Relocation: Successful, 6M relocated
[93.289s][info][gc,nmethod  ] GC(363) NMethods: 3711 registered, 0 unregistered
[93.289s][info][gc,metaspace] GC(363) Metaspace: 73M used, 78M capacity, 78M committed, 80M reserved
[93.289s][info][gc,ref      ] GC(363) Soft: 2201 encountered, 0 discovered, 0 enqueued
[93.289s][info][gc,ref      ] GC(363) Weak: 4615 encountered, 3642 discovered, 0 enqueued
[93.289s][info][gc,ref      ] GC(363) Final: 27 encountered, 0 discovered, 0 enqueued
[93.289s][info][gc,ref      ] GC(363) Phantom: 652 encountered, 648 discovered, 0 enqueued
[93.289s][info][gc,heap     ] GC(363)                Mark Start          Mark End        Relocate Start      Relocate End           High               Low         
[93.289s][info][gc,heap     ] GC(363)  Capacity:      500M (100%)        500M (100%)        500M (100%)        500M (100%)        500M (100%)        500M (100%)   
[93.289s][info][gc,heap     ] GC(363)   Reserve:       34M (7%)           34M (7%)           34M (7%)           34M (7%)           34M (7%)           34M (7%)     
[93.289s][info][gc,heap     ] GC(363)      Free:      116M (23%)           0M (0%)          170M (34%)         170M (34%)         170M (34%)           0M (0%)     
[93.289s][info][gc,heap     ] GC(363)      Used:      350M (70%)         466M (93%)         296M (59%)         296M (59%)         466M (93%)         296M (59%)    
[93.289s][info][gc,heap     ] GC(363)      Live:         -               139M (28%)         139M (28%)         139M (28%)            -                  -          
[93.289s][info][gc,heap     ] GC(363) Allocated:         -               116M (23%)         118M (24%)         128M (26%)            -                  -          
[93.289s][info][gc,heap     ] GC(363)   Garbage:         -               210M (42%)          38M (8%)           34M (7%)             -                  -          
[93.289s][info][gc,heap     ] GC(363) Reclaimed:         -                  -               172M (34%)         176M (35%)            -                  -          
[93.289s][info][gc          ] GC(363) Garbage Collection (Allocation Rate) 350M(70%)->296M(59%)
[93.313s][info][gc,start    ] GC(364) Garbage Collection (Allocation Rate)
[93.320s][info][gc,phases   ] GC(364) Pause Mark Start 3.656ms
[93.668s][info][gc,phases   ] GC(364) Concurrent Mark 348.729ms
[93.669s][info][gc,phases   ] GC(364) Pause Mark End 0.443ms
[93.671s][info][gc,phases   ] GC(364) Concurrent Process Non-Strong References 1.651ms
[93.671s][info][gc,phases   ] GC(364) Concurrent Reset Relocation Set 0.003ms
[93.671s][info][gc,phases   ] GC(364) Concurrent Destroy Detached Pages 0.001ms
[93.672s][info][gc,phases   ] GC(364) Concurrent Select Relocation Set 1.514ms
[93.672s][info][gc,phases   ] GC(364) Concurrent Prepare Relocation Set 0.025ms
[93.676s][info][gc,phases   ] GC(364) Pause Relocate Start 3.125ms
[93.676s][info][gc          ] Allocation Stall (Executor task launch worker for task 0.0 in stage 25.0 (TID 25)) 23.524ms
[93.685s][info][gc,phases   ] GC(364) Concurrent Relocate 7.101ms
[93.685s][info][gc,load     ] GC(364) Load: 2.02/1.21/0.56
[93.685s][info][gc,mmu      ] GC(364) MMU: 2ms/0.0%, 5ms/0.0%, 10ms/0.0%, 20ms/0.0%, 50ms/57.1%, 100ms/74.9%
[93.685s][info][gc,marking  ] GC(364) Mark: 1 stripe(s), 2 proactive flush(es), 1 terminate flush(es), 0 completion(s), 0 continuation(s) 
[93.685s][info][gc,reloc    ] GC(364) Relocation: Successful, 6M relocated
[93.685s][info][gc,nmethod  ] GC(364) NMethods: 3711 registered, 0 unregistered
[93.685s][info][gc,metaspace] GC(364) Metaspace: 73M used, 78M capacity, 78M committed, 80M reserved
[93.685s][info][gc,ref      ] GC(364) Soft: 2201 encountered, 0 discovered, 0 enqueued
[93.685s][info][gc,ref      ] GC(364) Weak: 4615 encountered, 3642 discovered, 0 enqueued
[93.685s][info][gc,ref      ] GC(364) Final: 27 encountered, 0 discovered, 0 enqueued
[93.685s][info][gc,ref      ] GC(364) Phantom: 652 encountered, 648 discovered, 0 enqueued
[93.685s][info][gc,heap     ] GC(364)                Mark Start          Mark End        Relocate Start      Relocate End           High               Low         
[93.685s][info][gc,heap     ] GC(364)  Capacity:      500M (100%)        500M (100%)        500M (100%)        500M (100%)        500M (100%)        500M (100%)   
[93.685s][info][gc,heap     ] GC(364)   Reserve:       34M (7%)           34M (7%)           34M (7%)           34M (7%)           34M (7%)           34M (7%)     
[93.685s][info][gc,heap     ] GC(364)      Free:      140M (28%)           0M (0%)          146M (29%)         146M (29%)         146M (29%)           0M (0%)     
[93.685s][info][gc,heap     ] GC(364)      Used:      326M (65%)         466M (93%)         320M (64%)         320M (64%)         466M (93%)         320M (64%)    
[93.685s][info][gc,heap     ] GC(364)      Live:         -               139M (28%)         139M (28%)         139M (28%)            -                  -          
[93.685s][info][gc,heap     ] GC(364) Allocated:         -               140M (28%)         142M (28%)         152M (30%)            -                  -          
[93.685s][info][gc,heap     ] GC(364)   Garbage:         -               186M (37%)          38M (8%)           34M (7%)             -                  -          
[93.685s][info][gc,heap     ] GC(364) Reclaimed:         -                  -               148M (30%)         152M (30%)            -                  -          
[93.685s][info][gc          ] GC(364) Garbage Collection (Allocation Rate) 326M(65%)->320M(64%)
[93.714s][info][gc,start    ] GC(365) Garbage Collection (Allocation Rate)
[93.720s][info][gc,phases   ] GC(365) Pause Mark Start 3.583ms
[93.997s][info][gc,phases   ] GC(365) Concurrent Mark 276.944ms
[93.998s][info][gc,phases   ] GC(365) Pause Mark End 0.493ms
[94.000s][info][gc,phases   ] GC(365) Concurrent Process Non-Strong References 1.574ms
[94.000s][info][gc,phases   ] GC(365) Concurrent Reset Relocation Set 0.003ms
[94.000s][info][gc,phases   ] GC(365) Concurrent Destroy Detached Pages 0.001ms
[94.002s][info][gc,phases   ] GC(365) Concurrent Select Relocation Set 1.754ms
[94.002s][info][gc,phases   ] GC(365) Concurrent Prepare Relocation Set 0.034ms
[94.005s][info][gc,phases   ] GC(365) Pause Relocate Start 3.273ms
[94.005s][info][gc          ] Allocation Stall (Executor task launch worker for task 0.0 in stage 25.0 (TID 25)) 49.866ms
[94.013s][info][gc,phases   ] GC(365) Concurrent Relocate 2.165ms
[94.013s][info][gc,load     ] GC(365) Load: 2.02/1.21/0.56
[94.013s][info][gc,mmu      ] GC(365) MMU: 2ms/0.0%, 5ms/0.0%, 10ms/0.0%, 20ms/0.0%, 50ms/57.1%, 100ms/74.9%
[94.013s][info][gc,marking  ] GC(365) Mark: 1 stripe(s), 2 proactive flush(es), 1 terminate flush(es), 0 completion(s), 0 continuation(s) 
[94.013s][info][gc,reloc    ] GC(365) Relocation: Successful, 6M relocated
[94.013s][info][gc,nmethod  ] GC(365) NMethods: 3711 registered, 0 unregistered
[94.013s][info][gc,metaspace] GC(365) Metaspace: 73M used, 78M capacity, 78M committed, 80M reserved
[94.013s][info][gc,ref      ] GC(365) Soft: 2201 encountered, 0 discovered, 0 enqueued
[94.013s][info][gc,ref      ] GC(365) Weak: 4615 encountered, 3640 discovered, 0 enqueued
[94.013s][info][gc,ref      ] GC(365) Final: 27 encountered, 0 discovered, 0 enqueued
[94.013s][info][gc,ref      ] GC(365) Phantom: 652 encountered, 648 discovered, 0 enqueued
[94.013s][info][gc,heap     ] GC(365)                Mark Start          Mark End        Relocate Start      Relocate End           High               Low         
[94.013s][info][gc,heap     ] GC(365)  Capacity:      500M (100%)        500M (100%)        500M (100%)        500M (100%)        500M (100%)        500M (100%)   
[94.013s][info][gc,heap     ] GC(365)   Reserve:       34M (7%)           34M (7%)           34M (7%)           34M (7%)           34M (7%)           34M (7%)     
[94.013s][info][gc,heap     ] GC(365)      Free:      110M (22%)           0M (0%)          174M (35%)         176M (35%)         176M (35%)           0M (0%)     
[94.013s][info][gc,heap     ] GC(365)      Used:      356M (71%)         466M (93%)         292M (58%)         290M (58%)         466M (93%)         290M (58%)    
[94.013s][info][gc,heap     ] GC(365)      Live:         -               139M (28%)         139M (28%)         139M (28%)            -                  -          
[94.013s][info][gc,heap     ] GC(365) Allocated:         -               110M (22%)         112M (22%)         122M (24%)            -                  -          
[94.013s][info][gc,heap     ] GC(365)   Garbage:         -               216M (43%)          40M (8%)           34M (7%)             -                  -          
[94.013s][info][gc,heap     ] GC(365) Reclaimed:         -                  -               176M (35%)         182M (36%)            -                  -          
[94.013s][info][gc          ] GC(365) Garbage Collection (Allocation Rate) 356M(71%)->290M(58%)
[94.014s][info][gc,start    ] GC(366) Garbage Collection (Allocation Rate)
[94.020s][info][gc,phases   ] GC(366) Pause Mark Start 3.585ms
[94.328s][info][gc,phases   ] GC(366) Concurrent Mark 308.106ms
[94.332s][info][gc,phases   ] GC(366) Pause Mark End 0.828ms
[94.336s][info][gc,phases   ] GC(366) Concurrent Process Non-Strong References 3.340ms
[94.336s][info][gc,phases   ] GC(366) Concurrent Reset Relocation Set 0.004ms
[94.336s][info][gc,phases   ] GC(366) Concurrent Destroy Detached Pages 0.001ms
[94.341s][info][gc,phases   ] GC(366) Concurrent Select Relocation Set 4.837ms
[94.341s][info][gc,phases   ] GC(366) Concurrent Prepare Relocation Set 0.041ms
[94.347s][info][gc,phases   ] GC(366) Pause Relocate Start 5.662ms
[94.360s][info][gc,phases   ] GC(366) Concurrent Relocate 10.229ms
[94.360s][info][gc,load     ] GC(366) Load: 2.02/1.21/0.56
[94.360s][info][gc,mmu      ] GC(366) MMU: 2ms/0.0%, 5ms/0.0%, 10ms/0.0%, 20ms/0.0%, 50ms/57.1%, 100ms/74.9%
[94.360s][info][gc,marking  ] GC(366) Mark: 1 stripe(s), 2 proactive flush(es), 1 terminate flush(es), 0 completion(s), 0 continuation(s) 
[94.360s][info][gc,reloc    ] GC(366) Relocation: Successful, 6M relocated
[94.360s][info][gc,nmethod  ] GC(366) NMethods: 3711 registered, 0 unregistered
[94.360s][info][gc,metaspace] GC(366) Metaspace: 73M used, 78M capacity, 78M committed, 80M reserved
[94.360s][info][gc,ref      ] GC(366) Soft: 2201 encountered, 0 discovered, 0 enqueued
[94.360s][info][gc,ref      ] GC(366) Weak: 4615 encountered, 3642 discovered, 0 enqueued
[94.360s][info][gc,ref      ] GC(366) Final: 27 encountered, 0 discovered, 0 enqueued
[94.360s][info][gc,ref      ] GC(366) Phantom: 652 encountered, 648 discovered, 0 enqueued
[94.360s][info][gc,heap     ] GC(366)                Mark Start          Mark End        Relocate Start      Relocate End           High               Low         
[94.360s][info][gc,heap     ] GC(366)  Capacity:      500M (100%)        500M (100%)        500M (100%)        500M (100%)        500M (100%)        500M (100%)   
[94.360s][info][gc,heap     ] GC(366)   Reserve:       34M (7%)           34M (7%)           34M (7%)           34M (7%)           34M (7%)           34M (7%)     
[94.360s][info][gc,heap     ] GC(366)      Free:      176M (35%)          10M (2%)          122M (24%)         126M (25%)         176M (35%)          10M (2%)     
[94.360s][info][gc,heap     ] GC(366)      Used:      290M (58%)         456M (91%)         344M (69%)         340M (68%)         456M (91%)         290M (58%)    
[94.360s][info][gc,heap     ] GC(366)      Live:         -               139M (28%)         139M (28%)         139M (28%)            -                  -          
[94.360s][info][gc,heap     ] GC(366) Allocated:         -               166M (33%)         166M (33%)         170M (34%)            -                  -          
[94.360s][info][gc,heap     ] GC(366)   Garbage:         -               150M (30%)          38M (8%)           32M (6%)             -                  -          
[94.360s][info][gc,heap     ] GC(366) Reclaimed:         -                  -               112M (22%)         118M (24%)            -                  -          
[94.360s][info][gc          ] GC(366) Garbage Collection (Allocation Rate) 290M(58%)->340M(68%)
[94.413s][info][gc,start    ] GC(367) Garbage Collection (Allocation Rate)
[94.420s][info][gc,phases   ] GC(367) Pause Mark Start 3.835ms
[94.485s][info][gc,phases   ] GC(367) Concurrent Mark 64.561ms
[94.488s][info][gc,phases   ] GC(367) Pause Mark End 0.480ms
[94.490s][info][gc,phases   ] GC(367) Concurrent Process Non-Strong References 1.573ms
[94.490s][info][gc,phases   ] GC(367) Concurrent Reset Relocation Set 0.003ms
[94.490s][info][gc,phases   ] GC(367) Concurrent Destroy Detached Pages 0.001ms
[94.492s][info][gc,phases   ] GC(367) Concurrent Select Relocation Set 2.018ms
[94.492s][info][gc,phases   ] GC(367) Concurrent Prepare Relocation Set 0.018ms
[94.495s][info][gc,phases   ] GC(367) Pause Relocate Start 3.251ms
[94.499s][info][gc,phases   ] GC(367) Concurrent Relocate 4.074ms
[94.499s][info][gc,load     ] GC(367) Load: 2.02/1.21/0.56
[94.499s][info][gc,mmu      ] GC(367) MMU: 2ms/0.0%, 5ms/0.0%, 10ms/0.0%, 20ms/0.0%, 50ms/57.1%, 100ms/74.9%
[94.499s][info][gc,marking  ] GC(367) Mark: 1 stripe(s), 2 proactive flush(es), 1 terminate flush(es), 0 completion(s), 0 continuation(s) 
[94.499s][info][gc,reloc    ] GC(367) Relocation: Successful, 7M relocated
[94.499s][info][gc,nmethod  ] GC(367) NMethods: 3711 registered, 0 unregistered
[94.499s][info][gc,metaspace] GC(367) Metaspace: 73M used, 78M capacity, 78M committed, 80M reserved
[94.499s][info][gc,ref      ] GC(367) Soft: 2201 encountered, 0 discovered, 0 enqueued
[94.499s][info][gc,ref      ] GC(367) Weak: 4615 encountered, 3643 discovered, 0 enqueued
[94.499s][info][gc,ref      ] GC(367) Final: 27 encountered, 0 discovered, 0 enqueued
[94.499s][info][gc,ref      ] GC(367) Phantom: 652 encountered, 648 discovered, 0 enqueued
[94.499s][info][gc,heap     ] GC(367)                Mark Start          Mark End        Relocate Start      Relocate End           High               Low         
[94.499s][info][gc,heap     ] GC(367)  Capacity:      500M (100%)        500M (100%)        500M (100%)        500M (100%)        500M (100%)        500M (100%)   
[94.499s][info][gc,heap     ] GC(367)   Reserve:       34M (7%)           34M (7%)           34M (7%)           34M (7%)           34M (7%)           34M (7%)     
[94.499s][info][gc,heap     ] GC(367)      Free:       66M (13%)           8M (2%)          320M (64%)         338M (68%)         338M (68%)           8M (2%)     
[94.499s][info][gc,heap     ] GC(367)      Used:      400M (80%)         458M (92%)         146M (29%)         128M (26%)         458M (92%)         128M (26%)    
[94.499s][info][gc,heap     ] GC(367)      Live:         -                31M (6%)           31M (6%)           31M (6%)             -                  -          
[94.499s][info][gc,heap     ] GC(367) Allocated:         -                58M (12%)          58M (12%)          66M (13%)            -                  -          
[94.499s][info][gc,heap     ] GC(367)   Garbage:         -               368M (74%)          56M (11%)          34M (7%)             -                  -          
[94.499s][info][gc,heap     ] GC(367) Reclaimed:         -                  -               312M (62%)         334M (67%)            -                  -          
[94.499s][info][gc          ] GC(367) Garbage Collection (Allocation Rate) 400M(80%)->128M(26%)
[94.519s][info][gc,start    ] GC(368) Garbage Collection (Allocation Rate)
[94.525s][info][gc,phases   ] GC(368) Pause Mark Start 3.666ms
[94.590s][info][gc,phases   ] GC(368) Concurrent Mark 64.791ms
[94.593s][info][gc,phases   ] GC(368) Pause Mark End 0.472ms
[94.595s][info][gc,phases   ] GC(368) Concurrent Process Non-Strong References 1.697ms
[94.595s][info][gc,phases   ] GC(368) Concurrent Reset Relocation Set 0.004ms
[94.595s][info][gc,phases   ] GC(368) Concurrent Destroy Detached Pages 0.000ms
[94.597s][info][gc,phases   ] GC(368) Concurrent Select Relocation Set 1.520ms
[94.597s][info][gc,phases   ] GC(368) Concurrent Prepare Relocation Set 0.027ms
[94.600s][info][gc,phases   ] GC(368) Pause Relocate Start 3.061ms
[94.608s][info][gc,phases   ] GC(368) Concurrent Relocate 7.942ms
[94.608s][info][gc,load     ] GC(368) Load: 2.02/1.21/0.56
[94.608s][info][gc,mmu      ] GC(368) MMU: 2ms/0.0%, 5ms/0.0%, 10ms/0.0%, 20ms/0.0%, 50ms/57.1%, 100ms/74.9%
[94.608s][info][gc,marking  ] GC(368) Mark: 1 stripe(s), 2 proactive flush(es), 1 terminate flush(es), 0 completion(s), 0 continuation(s) 
[94.608s][info][gc,reloc    ] GC(368) Relocation: Successful, 7M relocated
[94.608s][info][gc,nmethod  ] GC(368) NMethods: 3711 registered, 0 unregistered
[94.608s][info][gc,metaspace] GC(368) Metaspace: 73M used, 78M capacity, 78M committed, 80M reserved
[94.608s][info][gc,ref      ] GC(368) Soft: 2201 encountered, 0 discovered, 0 enqueued
[94.608s][info][gc,ref      ] GC(368) Weak: 4615 encountered, 3643 discovered, 0 enqueued
[94.608s][info][gc,ref      ] GC(368) Final: 27 encountered, 0 discovered, 0 enqueued
[94.608s][info][gc,ref      ] GC(368) Phantom: 652 encountered, 648 discovered, 0 enqueued
[94.608s][info][gc,heap     ] GC(368)                Mark Start          Mark End        Relocate Start      Relocate End           High               Low         
[94.608s][info][gc,heap     ] GC(368)  Capacity:      500M (100%)        500M (100%)        500M (100%)        500M (100%)        500M (100%)        500M (100%)   
[94.608s][info][gc,heap     ] GC(368)   Reserve:       34M (7%)           34M (7%)           34M (7%)           34M (7%)           34M (7%)           34M (7%)     
[94.608s][info][gc,heap     ] GC(368)      Free:      318M (64%)         260M (52%)         338M (68%)         334M (67%)         338M (68%)         260M (52%)    
[94.608s][info][gc,heap     ] GC(368)      Used:      148M (30%)         206M (41%)         128M (26%)         132M (26%)         206M (41%)         128M (26%)    
[94.608s][info][gc,heap     ] GC(368)      Live:         -                31M (6%)           31M (6%)           31M (6%)             -                  -          
[94.608s][info][gc,heap     ] GC(368) Allocated:         -                58M (12%)          58M (12%)          70M (14%)            -                  -          
[94.608s][info][gc,heap     ] GC(368)   Garbage:         -               116M (23%)          38M (8%)           34M (7%)             -                  -          
[94.608s][info][gc,heap     ] GC(368) Reclaimed:         -                  -                78M (16%)          82M (16%)            -                  -          
[94.608s][info][gc          ] GC(368) Garbage Collection (Allocation Rate) 148M(30%)->132M(26%)
[94.614s][info][gc,start    ] GC(369) Garbage Collection (Allocation Rate)
[94.620s][info][gc,phases   ] GC(369) Pause Mark Start 3.629ms
[94.685s][info][gc,phases   ] GC(369) Concurrent Mark 64.847ms
[94.688s][info][gc,phases   ] GC(369) Pause Mark End 0.496ms
[94.690s][info][gc,phases   ] GC(369) Concurrent Process Non-Strong References 1.548ms
[94.690s][info][gc,phases   ] GC(369) Concurrent Reset Relocation Set 0.002ms
[94.690s][info][gc,phases   ] GC(369) Concurrent Destroy Detached Pages 0.001ms
[94.691s][info][gc,phases   ] GC(369) Concurrent Select Relocation Set 1.580ms
[94.691s][info][gc,phases   ] GC(369) Concurrent Prepare Relocation Set 0.027ms
[94.695s][info][gc,phases   ] GC(369) Pause Relocate Start 3.099ms
[94.700s][info][gc,phases   ] GC(369) Concurrent Relocate 5.318ms
[94.700s][info][gc,load     ] GC(369) Load: 2.02/1.21/0.56
[94.700s][info][gc,mmu      ] GC(369) MMU: 2ms/0.0%, 5ms/0.0%, 10ms/0.0%, 20ms/0.0%, 50ms/57.1%, 100ms/74.9%
[94.700s][info][gc,marking  ] GC(369) Mark: 1 stripe(s), 2 proactive flush(es), 1 terminate flush(es), 0 completion(s), 0 continuation(s) 
[94.700s][info][gc,reloc    ] GC(369) Relocation: Successful, 7M relocated
[94.700s][info][gc,nmethod  ] GC(369) NMethods: 3711 registered, 0 unregistered
[94.700s][info][gc,metaspace] GC(369) Metaspace: 73M used, 78M capacity, 78M committed, 80M reserved
[94.700s][info][gc,ref      ] GC(369) Soft: 2201 encountered, 0 discovered, 0 enqueued
[94.700s][info][gc,ref      ] GC(369) Weak: 4615 encountered, 3643 discovered, 0 enqueued
[94.700s][info][gc,ref      ] GC(369) Final: 27 encountered, 0 discovered, 0 enqueued
[94.700s][info][gc,ref      ] GC(369) Phantom: 652 encountered, 648 discovered, 0 enqueued
[94.700s][info][gc,heap     ] GC(369)                Mark Start          Mark End        Relocate Start      Relocate End           High               Low         
[94.700s][info][gc,heap     ] GC(369)  Capacity:      500M (100%)        500M (100%)        500M (100%)        500M (100%)        500M (100%)        500M (100%)   
[94.700s][info][gc,heap     ] GC(369)   Reserve:       34M (7%)           34M (7%)           34M (7%)           34M (7%)           34M (7%)           34M (7%)     
[94.700s][info][gc,heap     ] GC(369)      Free:      324M (65%)         268M (54%)         340M (68%)         338M (68%)         340M (68%)         268M (54%)    
[94.700s][info][gc,heap     ] GC(369)      Used:      142M (28%)         198M (40%)         126M (25%)         128M (26%)         198M (40%)         126M (25%)    
[94.700s][info][gc,heap     ] GC(369)      Live:         -                31M (6%)           31M (6%)           31M (6%)             -                  -          
[94.700s][info][gc,heap     ] GC(369) Allocated:         -                56M (11%)          56M (11%)          66M (13%)            -                  -          
[94.700s][info][gc,heap     ] GC(369)   Garbage:         -               110M (22%)          38M (8%)           34M (7%)             -                  -          
[94.700s][info][gc,heap     ] GC(369) Reclaimed:         -                  -                72M (14%)          76M (15%)            -                  -          
[94.700s][info][gc          ] GC(369) Garbage Collection (Allocation Rate) 142M(28%)->128M(26%)
[94.713s][info][gc,start    ] GC(370) Garbage Collection (Allocation Rate)
[94.720s][info][gc,phases   ] GC(370) Pause Mark Start 3.650ms
[94.784s][info][gc,phases   ] GC(370) Concurrent Mark 63.771ms
[94.787s][info][gc,phases   ] GC(370) Pause Mark End 0.472ms
[94.789s][info][gc,phases   ] GC(370) Concurrent Process Non-Strong References 1.583ms
[94.789s][info][gc,phases   ] GC(370) Concurrent Reset Relocation Set 0.003ms
[94.789s][info][gc,phases   ] GC(370) Concurrent Destroy Detached Pages 0.000ms
[94.790s][info][gc,phases   ] GC(370) Concurrent Select Relocation Set 1.530ms
[94.790s][info][gc,phases   ] GC(370) Concurrent Prepare Relocation Set 0.027ms
[94.793s][info][gc,phases   ] GC(370) Pause Relocate Start 3.024ms
[94.801s][info][gc,phases   ] GC(370) Concurrent Relocate 7.537ms
[94.801s][info][gc,load     ] GC(370) Load: 2.02/1.21/0.56
[94.801s][info][gc,mmu      ] GC(370) MMU: 2ms/0.0%, 5ms/0.0%, 10ms/0.0%, 20ms/0.0%, 50ms/57.1%, 100ms/74.9%
[94.801s][info][gc,marking  ] GC(370) Mark: 1 stripe(s), 2 proactive flush(es), 1 terminate flush(es), 0 completion(s), 0 continuation(s) 
[94.801s][info][gc,reloc    ] GC(370) Relocation: Successful, 7M relocated
[94.801s][info][gc,nmethod  ] GC(370) NMethods: 3711 registered, 0 unregistered
[94.801s][info][gc,metaspace] GC(370) Metaspace: 73M used, 78M capacity, 78M committed, 80M reserved
[94.801s][info][gc,ref      ] GC(370) Soft: 2201 encountered, 0 discovered, 0 enqueued
[94.801s][info][gc,ref      ] GC(370) Weak: 4615 encountered, 3643 discovered, 0 enqueued
[94.801s][info][gc,ref      ] GC(370) Final: 27 encountered, 0 discovered, 0 enqueued
[94.801s][info][gc,ref      ] GC(370) Phantom: 652 encountered, 648 discovered, 0 enqueued
[94.801s][info][gc,heap     ] GC(370)                Mark Start          Mark End        Relocate Start      Relocate End           High               Low         
[94.801s][info][gc,heap     ] GC(370)  Capacity:      500M (100%)        500M (100%)        500M (100%)        500M (100%)        500M (100%)        500M (100%)   
[94.801s][info][gc,heap     ] GC(370)   Reserve:       34M (7%)           34M (7%)           34M (7%)           34M (7%)           34M (7%)           34M (7%)     
[94.801s][info][gc,heap     ] GC(370)      Free:      316M (63%)         260M (52%)         340M (68%)         344M (69%)         344M (69%)         260M (52%)    
[94.801s][info][gc,heap     ] GC(370)      Used:      150M (30%)         206M (41%)         126M (25%)         122M (24%)         206M (41%)         122M (24%)    
[94.801s][info][gc,heap     ] GC(370)      Live:         -                31M (6%)           31M (6%)           31M (6%)             -                  -          
[94.801s][info][gc,heap     ] GC(370) Allocated:         -                56M (11%)          56M (11%)          60M (12%)            -                  -          
[94.801s][info][gc,heap     ] GC(370)   Garbage:         -               118M (24%)          38M (8%)           32M (7%)             -                  -          
[94.801s][info][gc,heap     ] GC(370) Reclaimed:         -                  -                80M (16%)          86M (17%)            -                  -          
[94.801s][info][gc          ] GC(370) Garbage Collection (Allocation Rate) 150M(30%)->122M(24%)
[94.813s][info][gc,start    ] GC(371) Garbage Collection (Allocation Rate)
[94.819s][info][gc,phases   ] GC(371) Pause Mark Start 3.629ms
[94.884s][info][gc,phases   ] GC(371) Concurrent Mark 64.767ms
[94.888s][info][gc,phases   ] GC(371) Pause Mark End 0.456ms
[94.889s][info][gc,phases   ] GC(371) Concurrent Process Non-Strong References 1.562ms
[94.889s][info][gc,phases   ] GC(371) Concurrent Reset Relocation Set 0.002ms
[94.889s][info][gc,phases   ] GC(371) Concurrent Destroy Detached Pages 0.000ms
[94.891s][info][gc,phases   ] GC(371) Concurrent Select Relocation Set 1.504ms
[94.891s][info][gc,phases   ] GC(371) Concurrent Prepare Relocation Set 0.027ms
[94.894s][info][gc,phases   ] GC(371) Pause Relocate Start 2.873ms
[94.897s][info][gc,phases   ] GC(371) Concurrent Relocate 3.205ms
[94.897s][info][gc,load     ] GC(371) Load: 2.02/1.21/0.56
[94.898s][info][gc,mmu      ] GC(371) MMU: 2ms/0.0%, 5ms/0.0%, 10ms/0.0%, 20ms/0.0%, 50ms/57.1%, 100ms/74.9%
[94.898s][info][gc,marking  ] GC(371) Mark: 1 stripe(s), 2 proactive flush(es), 1 terminate flush(es), 0 completion(s), 0 continuation(s) 
[94.898s][info][gc,reloc    ] GC(371) Relocation: Successful, 7M relocated
[94.898s][info][gc,nmethod  ] GC(371) NMethods: 3711 registered, 0 unregistered
[94.898s][info][gc,metaspace] GC(371) Metaspace: 73M used, 78M capacity, 78M committed, 80M reserved
[94.898s][info][gc,ref      ] GC(371) Soft: 2201 encountered, 0 discovered, 0 enqueued
[94.898s][info][gc,ref      ] GC(371) Weak: 4615 encountered, 3643 discovered, 0 enqueued
[94.898s][info][gc,ref      ] GC(371) Final: 27 encountered, 0 discovered, 0 enqueued
[94.898s][info][gc,ref      ] GC(371) Phantom: 652 encountered, 648 discovered, 0 enqueued
[94.898s][info][gc,heap     ] GC(371)                Mark Start          Mark End        Relocate Start      Relocate End           High               Low         
[94.898s][info][gc,heap     ] GC(371)  Capacity:      500M (100%)        500M (100%)        500M (100%)        500M (100%)        500M (100%)        500M (100%)   
[94.898s][info][gc,heap     ] GC(371)   Reserve:       34M (7%)           34M (7%)           34M (7%)           34M (7%)           34M (7%)           34M (7%)     
[94.898s][info][gc,heap     ] GC(371)      Free:      324M (65%)         264M (53%)         334M (67%)         340M (68%)         340M (68%)         264M (53%)    
[94.898s][info][gc,heap     ] GC(371)      Used:      142M (28%)         202M (40%)         132M (26%)         126M (25%)         202M (40%)         126M (25%)    
[94.898s][info][gc,heap     ] GC(371)      Live:         -                31M (6%)           31M (6%)           31M (6%)             -                  -          
[94.898s][info][gc,heap     ] GC(371) Allocated:         -                60M (12%)          60M (12%)          64M (13%)            -                  -          
[94.898s][info][gc,heap     ] GC(371)   Garbage:         -               110M (22%)          40M (8%)           32M (7%)             -                  -          
[94.898s][info][gc,heap     ] GC(371) Reclaimed:         -                  -                70M (14%)          78M (16%)            -                  -          
[94.898s][info][gc          ] GC(371) Garbage Collection (Allocation Rate) 142M(28%)->126M(25%)
[94.914s][info][gc,start    ] GC(372) Garbage Collection (Allocation Rate)
[94.920s][info][gc,phases   ] GC(372) Pause Mark Start 3.658ms
[94.984s][info][gc,phases   ] GC(372) Concurrent Mark 63.702ms
[94.987s][info][gc,phases   ] GC(372) Pause Mark End 0.482ms
[94.989s][info][gc,phases   ] GC(372) Concurrent Process Non-Strong References 1.598ms
[94.989s][info][gc,phases   ] GC(372) Concurrent Reset Relocation Set 0.003ms
[94.989s][info][gc,phases   ] GC(372) Concurrent Destroy Detached Pages 0.000ms
[94.990s][info][gc,phases   ] GC(372) Concurrent Select Relocation Set 1.503ms
[94.991s][info][gc,phases   ] GC(372) Concurrent Prepare Relocation Set 0.028ms
[94.996s][info][gc,phases   ] GC(372) Pause Relocate Start 5.541ms
[95.004s][info][gc,phases   ] GC(372) Concurrent Relocate 7.462ms
[95.004s][info][gc,load     ] GC(372) Load: 2.02/1.21/0.56
[95.004s][info][gc,mmu      ] GC(372) MMU: 2ms/0.0%, 5ms/0.0%, 10ms/0.0%, 20ms/0.0%, 50ms/57.1%, 100ms/74.9%
[95.004s][info][gc,marking  ] GC(372) Mark: 1 stripe(s), 2 proactive flush(es), 1 terminate flush(es), 0 completion(s), 0 continuation(s) 
[95.004s][info][gc,reloc    ] GC(372) Relocation: Successful, 7M relocated
[95.004s][info][gc,nmethod  ] GC(372) NMethods: 3711 registered, 0 unregistered
[95.004s][info][gc,metaspace] GC(372) Metaspace: 73M used, 78M capacity, 78M committed, 80M reserved
[95.004s][info][gc,ref      ] GC(372) Soft: 2201 encountered, 0 discovered, 0 enqueued
[95.004s][info][gc,ref      ] GC(372) Weak: 4615 encountered, 3643 discovered, 0 enqueued
[95.004s][info][gc,ref      ] GC(372) Final: 27 encountered, 0 discovered, 0 enqueued
[95.004s][info][gc,ref      ] GC(372) Phantom: 652 encountered, 648 discovered, 0 enqueued
[95.004s][info][gc,heap     ] GC(372)                Mark Start          Mark End        Relocate Start      Relocate End           High               Low         
[95.004s][info][gc,heap     ] GC(372)  Capacity:      500M (100%)        500M (100%)        500M (100%)        500M (100%)        500M (100%)        500M (100%)   
[95.004s][info][gc,heap     ] GC(372)   Reserve:       34M (7%)           34M (7%)           34M (7%)           34M (7%)           34M (7%)           34M (7%)     
[95.004s][info][gc,heap     ] GC(372)      Free:      312M (62%)         256M (51%)         338M (68%)         336M (67%)         338M (68%)         256M (51%)    
[95.004s][info][gc,heap     ] GC(372)      Used:      154M (31%)         210M (42%)         128M (26%)         130M (26%)         210M (42%)         128M (26%)    
[95.004s][info][gc,heap     ] GC(372)      Live:         -                31M (6%)           31M (6%)           31M (6%)             -                  -          
[95.004s][info][gc,heap     ] GC(372) Allocated:         -                56M (11%)          56M (11%)          68M (14%)            -                  -          
[95.004s][info][gc,heap     ] GC(372)   Garbage:         -               122M (25%)          40M (8%)           32M (7%)             -                  -          
[95.004s][info][gc,heap     ] GC(372) Reclaimed:         -                  -                82M (16%)          90M (18%)            -                  -          
[95.004s][info][gc          ] GC(372) Garbage Collection (Allocation Rate) 154M(31%)->130M(26%)
[95.013s][info][gc,start    ] GC(373) Garbage Collection (Allocation Rate)
[95.020s][info][gc,phases   ] GC(373) Pause Mark Start 3.532ms
[95.083s][info][gc,phases   ] GC(373) Concurrent Mark 62.957ms
[95.086s][info][gc,phases   ] GC(373) Pause Mark End 0.442ms
[95.088s][info][gc,phases   ] GC(373) Concurrent Process Non-Strong References 1.613ms
[95.088s][info][gc,phases   ] GC(373) Concurrent Reset Relocation Set 0.003ms
[95.088s][info][gc,phases   ] GC(373) Concurrent Destroy Detached Pages 0.000ms
[95.089s][info][gc,phases   ] GC(373) Concurrent Select Relocation Set 1.504ms
[95.089s][info][gc,phases   ] GC(373) Concurrent Prepare Relocation Set 0.026ms
[95.093s][info][gc,phases   ] GC(373) Pause Relocate Start 3.011ms
[95.100s][info][gc,phases   ] GC(373) Concurrent Relocate 7.076ms
[95.100s][info][gc,load     ] GC(373) Load: 2.02/1.21/0.56
[95.100s][info][gc,mmu      ] GC(373) MMU: 2ms/0.0%, 5ms/0.0%, 10ms/0.0%, 20ms/0.0%, 50ms/57.1%, 100ms/74.9%
[95.100s][info][gc,marking  ] GC(373) Mark: 1 stripe(s), 2 proactive flush(es), 1 terminate flush(es), 0 completion(s), 0 continuation(s) 
[95.100s][info][gc,reloc    ] GC(373) Relocation: Successful, 7M relocated
[95.100s][info][gc,nmethod  ] GC(373) NMethods: 3711 registered, 0 unregistered
[95.100s][info][gc,metaspace] GC(373) Metaspace: 73M used, 78M capacity, 78M committed, 80M reserved
[95.100s][info][gc,ref      ] GC(373) Soft: 2201 encountered, 0 discovered, 0 enqueued
[95.100s][info][gc,ref      ] GC(373) Weak: 4606 encountered, 3634 discovered, 0 enqueued
[95.100s][info][gc,ref      ] GC(373) Final: 27 encountered, 0 discovered, 0 enqueued
[95.100s][info][gc,ref      ] GC(373) Phantom: 652 encountered, 648 discovered, 0 enqueued
[95.100s][info][gc,heap     ] GC(373)                Mark Start          Mark End        Relocate Start      Relocate End           High               Low         
[95.100s][info][gc,heap     ] GC(373)  Capacity:      500M (100%)        500M (100%)        500M (100%)        500M (100%)        500M (100%)        500M (100%)   
[95.100s][info][gc,heap     ] GC(373)   Reserve:       34M (7%)           34M (7%)           34M (7%)           34M (7%)           34M (7%)           34M (7%)     
[95.100s][info][gc,heap     ] GC(373)      Free:      320M (64%)         262M (52%)         336M (67%)         336M (67%)         336M (67%)         262M (52%)    
[95.100s][info][gc,heap     ] GC(373)      Used:      146M (29%)         204M (41%)         130M (26%)         130M (26%)         204M (41%)         130M (26%)    
[95.100s][info][gc,heap     ] GC(373)      Live:         -                31M (6%)           31M (6%)           31M (6%)             -                  -          
[95.100s][info][gc,heap     ] GC(373) Allocated:         -                58M (12%)          58M (12%)          68M (14%)            -                  -          
[95.100s][info][gc,heap     ] GC(373)   Garbage:         -               114M (23%)          40M (8%)           32M (7%)             -                  -          
[95.100s][info][gc,heap     ] GC(373) Reclaimed:         -                  -                74M (15%)          82M (16%)            -                  -          
[95.100s][info][gc          ] GC(373) Garbage Collection (Allocation Rate) 146M(29%)->130M(26%)
[95.113s][info][gc,start    ] GC(374) Garbage Collection (Allocation Rate)
[95.119s][info][gc,phases   ] GC(374) Pause Mark Start 3.553ms
[95.184s][info][gc,phases   ] GC(374) Concurrent Mark 64.902ms
[95.188s][info][gc,phases   ] GC(374) Pause Mark End 0.510ms
[95.190s][info][gc,phases   ] GC(374) Concurrent Process Non-Strong References 1.753ms
[95.190s][info][gc,phases   ] GC(374) Concurrent Reset Relocation Set 0.003ms
[95.190s][info][gc,phases   ] GC(374) Concurrent Destroy Detached Pages 0.001ms
[95.191s][info][gc,phases   ] GC(374) Concurrent Select Relocation Set 1.589ms
[95.192s][info][gc,phases   ] GC(374) Concurrent Prepare Relocation Set 0.027ms
[95.195s][info][gc,phases   ] GC(374) Pause Relocate Start 2.943ms
[95.199s][info][gc,phases   ] GC(374) Concurrent Relocate 4.560ms
[95.199s][info][gc,load     ] GC(374) Load: 2.02/1.21/0.56
[95.199s][info][gc,mmu      ] GC(374) MMU: 2ms/0.0%, 5ms/0.0%, 10ms/0.0%, 20ms/0.0%, 50ms/57.1%, 100ms/74.9%
[95.199s][info][gc,marking  ] GC(374) Mark: 1 stripe(s), 2 proactive flush(es), 1 terminate flush(es), 0 completion(s), 0 continuation(s) 
[95.199s][info][gc,reloc    ] GC(374) Relocation: Successful, 7M relocated
[95.199s][info][gc,nmethod  ] GC(374) NMethods: 3711 registered, 0 unregistered
[95.199s][info][gc,metaspace] GC(374) Metaspace: 73M used, 78M capacity, 78M committed, 80M reserved
[95.199s][info][gc,ref      ] GC(374) Soft: 2201 encountered, 0 discovered, 0 enqueued
[95.199s][info][gc,ref      ] GC(374) Weak: 4606 encountered, 3634 discovered, 0 enqueued
[95.199s][info][gc,ref      ] GC(374) Final: 27 encountered, 0 discovered, 0 enqueued
[95.199s][info][gc,ref      ] GC(374) Phantom: 652 encountered, 648 discovered, 0 enqueued
[95.199s][info][gc,heap     ] GC(374)                Mark Start          Mark End        Relocate Start      Relocate End           High               Low         
[95.200s][info][gc,heap     ] GC(374)  Capacity:      500M (100%)        500M (100%)        500M (100%)        500M (100%)        500M (100%)        500M (100%)   
[95.200s][info][gc,heap     ] GC(374)   Reserve:       34M (7%)           34M (7%)           34M (7%)           34M (7%)           34M (7%)           34M (7%)     
[95.200s][info][gc,heap     ] GC(374)      Free:      312M (62%)         254M (51%)         336M (67%)         338M (68%)         338M (68%)         254M (51%)    
[95.200s][info][gc,heap     ] GC(374)      Used:      154M (31%)         212M (42%)         130M (26%)         128M (26%)         212M (42%)         128M (26%)    
[95.200s][info][gc,heap     ] GC(374)      Live:         -                31M (6%)           31M (6%)           31M (6%)             -                  -          
[95.200s][info][gc,heap     ] GC(374) Allocated:         -                58M (12%)          58M (12%)          66M (13%)            -                  -          
[95.200s][info][gc,heap     ] GC(374)   Garbage:         -               122M (25%)          40M (8%)           32M (7%)             -                  -          
[95.200s][info][gc,heap     ] GC(374) Reclaimed:         -                  -                82M (16%)          90M (18%)            -                  -          
[95.200s][info][gc          ] GC(374) Garbage Collection (Allocation Rate) 154M(31%)->128M(26%)
[95.213s][info][gc,start    ] GC(375) Garbage Collection (Allocation Rate)
[95.220s][info][gc,phases   ] GC(375) Pause Mark Start 4.912ms
[95.288s][info][gc,phases   ] GC(375) Concurrent Mark 67.288ms
[95.291s][info][gc,phases   ] GC(375) Pause Mark End 0.467ms
[95.293s][info][gc,phases   ] GC(375) Concurrent Process Non-Strong References 1.552ms
[95.293s][info][gc,phases   ] GC(375) Concurrent Reset Relocation Set 0.005ms
[95.293s][info][gc,phases   ] GC(375) Concurrent Destroy Detached Pages 0.000ms
[95.294s][info][gc,phases   ] GC(375) Concurrent Select Relocation Set 1.501ms
[95.294s][info][gc,phases   ] GC(375) Concurrent Prepare Relocation Set 0.027ms
[95.298s][info][gc,phases   ] GC(375) Pause Relocate Start 3.221ms
[95.304s][info][gc,phases   ] GC(375) Concurrent Relocate 6.236ms
[95.304s][info][gc,load     ] GC(375) Load: 2.02/1.21/0.56
[95.304s][info][gc,mmu      ] GC(375) MMU: 2ms/0.0%, 5ms/0.0%, 10ms/0.0%, 20ms/0.0%, 50ms/57.1%, 100ms/74.9%
[95.304s][info][gc,marking  ] GC(375) Mark: 1 stripe(s), 2 proactive flush(es), 1 terminate flush(es), 0 completion(s), 0 continuation(s) 
[95.304s][info][gc,reloc    ] GC(375) Relocation: Successful, 7M relocated
[95.304s][info][gc,nmethod  ] GC(375) NMethods: 3711 registered, 0 unregistered
[95.304s][info][gc,metaspace] GC(375) Metaspace: 73M used, 78M capacity, 78M committed, 80M reserved
[95.304s][info][gc,ref      ] GC(375) Soft: 2201 encountered, 0 discovered, 0 enqueued
[95.304s][info][gc,ref      ] GC(375) Weak: 4606 encountered, 3634 discovered, 0 enqueued
[95.304s][info][gc,ref      ] GC(375) Final: 27 encountered, 0 discovered, 0 enqueued
[95.304s][info][gc,ref      ] GC(375) Phantom: 652 encountered, 648 discovered, 0 enqueued
[95.304s][info][gc,heap     ] GC(375)                Mark Start          Mark End        Relocate Start      Relocate End           High               Low         
[95.304s][info][gc,heap     ] GC(375)  Capacity:      500M (100%)        500M (100%)        500M (100%)        500M (100%)        500M (100%)        500M (100%)   
[95.304s][info][gc,heap     ] GC(375)   Reserve:       34M (7%)           34M (7%)           34M (7%)           34M (7%)           34M (7%)           34M (7%)     
[95.304s][info][gc,heap     ] GC(375)      Free:      326M (65%)         266M (53%)         334M (67%)         336M (67%)         336M (67%)         266M (53%)    
[95.304s][info][gc,heap     ] GC(375)      Used:      140M (28%)         200M (40%)         132M (26%)         130M (26%)         200M (40%)         130M (26%)    
[95.304s][info][gc,heap     ] GC(375)      Live:         -                31M (6%)           31M (6%)           31M (6%)             -                  -          
[95.304s][info][gc,heap     ] GC(375) Allocated:         -                60M (12%)          60M (12%)          68M (14%)            -                  -          
[95.304s][info][gc,heap     ] GC(375)   Garbage:         -               108M (22%)          40M (8%)           32M (7%)             -                  -          
[95.304s][info][gc,heap     ] GC(375) Reclaimed:         -                  -                68M (14%)          76M (15%)            -                  -          
[95.304s][info][gc          ] GC(375) Garbage Collection (Allocation Rate) 140M(28%)->130M(26%)
[95.313s][info][gc,start    ] GC(376) Garbage Collection (Allocation Rate)
[95.322s][info][gc,phases   ] GC(376) Pause Mark Start 6.258ms
[95.392s][info][gc,phases   ] GC(376) Concurrent Mark 70.063ms
[95.396s][info][gc,phases   ] GC(376) Pause Mark End 0.456ms
[95.397s][info][gc,phases   ] GC(376) Concurrent Process Non-Strong References 1.545ms
[95.397s][info][gc,phases   ] GC(376) Concurrent Reset Relocation Set 0.003ms
[95.397s][info][gc,phases   ] GC(376) Concurrent Destroy Detached Pages 0.000ms
[95.399s][info][gc,phases   ] GC(376) Concurrent Select Relocation Set 1.560ms
[95.399s][info][gc,phases   ] GC(376) Concurrent Prepare Relocation Set 0.028ms
[95.402s][info][gc,phases   ] GC(376) Pause Relocate Start 2.905ms
[95.412s][info][gc,phases   ] GC(376) Concurrent Relocate 10.315ms
[95.412s][info][gc,load     ] GC(376) Load: 2.02/1.21/0.56
[95.412s][info][gc,mmu      ] GC(376) MMU: 2ms/0.0%, 5ms/0.0%, 10ms/0.0%, 20ms/0.0%, 50ms/57.1%, 100ms/74.9%
[95.412s][info][gc,marking  ] GC(376) Mark: 1 stripe(s), 2 proactive flush(es), 1 terminate flush(es), 0 completion(s), 0 continuation(s) 
[95.412s][info][gc,reloc    ] GC(376) Relocation: Successful, 7M relocated
[95.412s][info][gc,nmethod  ] GC(376) NMethods: 3711 registered, 0 unregistered
[95.412s][info][gc,metaspace] GC(376) Metaspace: 73M used, 78M capacity, 78M committed, 80M reserved
[95.412s][info][gc,ref      ] GC(376) Soft: 2201 encountered, 0 discovered, 0 enqueued
[95.412s][info][gc,ref      ] GC(376) Weak: 4606 encountered, 3634 discovered, 0 enqueued
[95.412s][info][gc,ref      ] GC(376) Final: 27 encountered, 0 discovered, 0 enqueued
[95.412s][info][gc,ref      ] GC(376) Phantom: 652 encountered, 648 discovered, 0 enqueued
[95.412s][info][gc,heap     ] GC(376)                Mark Start          Mark End        Relocate Start      Relocate End           High               Low         
[95.412s][info][gc,heap     ] GC(376)  Capacity:      500M (100%)        500M (100%)        500M (100%)        500M (100%)        500M (100%)        500M (100%)   
[95.412s][info][gc,heap     ] GC(376)   Reserve:       34M (7%)           34M (7%)           34M (7%)           34M (7%)           34M (7%)           34M (7%)     
[95.412s][info][gc,heap     ] GC(376)      Free:      328M (66%)         270M (54%)         340M (68%)         328M (66%)         340M (68%)         270M (54%)    
[95.413s][info][gc,heap     ] GC(376)      Used:      138M (28%)         196M (39%)         126M (25%)         138M (28%)         196M (39%)         126M (25%)    
[95.413s][info][gc,heap     ] GC(376)      Live:         -                31M (6%)           31M (6%)           31M (6%)             -                  -          
[95.413s][info][gc,heap     ] GC(376) Allocated:         -                58M (12%)          58M (12%)          76M (15%)            -                  -          
[95.413s][info][gc,heap     ] GC(376)   Garbage:         -               106M (21%)          36M (7%)           34M (7%)             -                  -          
[95.413s][info][gc,heap     ] GC(376) Reclaimed:         -                  -                70M (14%)          72M (14%)            -                  -          
[95.413s][info][gc          ] GC(376) Garbage Collection (Allocation Rate) 138M(28%)->138M(28%)
[95.413s][info][gc,start    ] GC(377) Garbage Collection (Allocation Rate)
[95.419s][info][gc,phases   ] GC(377) Pause Mark Start 3.596ms
[95.484s][info][gc,phases   ] GC(377) Concurrent Mark 64.880ms
[95.487s][info][gc,phases   ] GC(377) Pause Mark End 0.454ms
[95.489s][info][gc,phases   ] GC(377) Concurrent Process Non-Strong References 1.541ms
[95.489s][info][gc,phases   ] GC(377) Concurrent Reset Relocation Set 0.002ms
[95.489s][info][gc,phases   ] GC(377) Concurrent Destroy Detached Pages 0.000ms
[95.491s][info][gc,phases   ] GC(377) Concurrent Select Relocation Set 1.560ms
[95.491s][info][gc,phases   ] GC(377) Concurrent Prepare Relocation Set 0.028ms
[95.494s][info][gc,phases   ] GC(377) Pause Relocate Start 2.943ms
[95.500s][info][gc,phases   ] GC(377) Concurrent Relocate 6.305ms
[95.500s][info][gc,load     ] GC(377) Load: 2.02/1.21/0.56
[95.500s][info][gc,mmu      ] GC(377) MMU: 2ms/0.0%, 5ms/0.0%, 10ms/0.0%, 20ms/0.0%, 50ms/57.1%, 100ms/74.9%
[95.500s][info][gc,marking  ] GC(377) Mark: 1 stripe(s), 2 proactive flush(es), 1 terminate flush(es), 0 completion(s), 0 continuation(s) 
[95.500s][info][gc,reloc    ] GC(377) Relocation: Successful, 7M relocated
[95.500s][info][gc,nmethod  ] GC(377) NMethods: 3711 registered, 0 unregistered
[95.500s][info][gc,metaspace] GC(377) Metaspace: 73M used, 78M capacity, 78M committed, 80M reserved
[95.500s][info][gc,ref      ] GC(377) Soft: 2201 encountered, 0 discovered, 0 enqueued
[95.500s][info][gc,ref      ] GC(377) Weak: 4606 encountered, 3634 discovered, 0 enqueued
[95.500s][info][gc,ref      ] GC(377) Final: 27 encountered, 0 discovered, 0 enqueued
[95.500s][info][gc,ref      ] GC(377) Phantom: 652 encountered, 648 discovered, 0 enqueued
[95.500s][info][gc,heap     ] GC(377)                Mark Start          Mark End        Relocate Start      Relocate End           High               Low         
[95.500s][info][gc,heap     ] GC(377)  Capacity:      500M (100%)        500M (100%)        500M (100%)        500M (100%)        500M (100%)        500M (100%)   
[95.500s][info][gc,heap     ] GC(377)   Reserve:       34M (7%)           34M (7%)           34M (7%)           34M (7%)           34M (7%)           34M (7%)     
[95.500s][info][gc,heap     ] GC(377)      Free:      328M (66%)         268M (54%)         334M (67%)         334M (67%)         334M (67%)         268M (54%)    
[95.500s][info][gc,heap     ] GC(377)      Used:      138M (28%)         198M (40%)         132M (26%)         132M (26%)         198M (40%)         132M (26%)    
[95.500s][info][gc,heap     ] GC(377)      Live:         -                31M (6%)           31M (6%)           31M (6%)             -                  -          
[95.500s][info][gc,heap     ] GC(377) Allocated:         -                60M (12%)          60M (12%)          70M (14%)            -                  -          
[95.500s][info][gc,heap     ] GC(377)   Garbage:         -               106M (21%)          40M (8%)           32M (7%)             -                  -          
[95.500s][info][gc,heap     ] GC(377) Reclaimed:         -                  -                66M (13%)          74M (15%)            -                  -          
[95.500s][info][gc          ] GC(377) Garbage Collection (Allocation Rate) 138M(28%)->132M(26%)
[95.514s][info][gc,start    ] GC(378) Garbage Collection (Allocation Rate)
[95.520s][info][gc,phases   ] GC(378) Pause Mark Start 3.568ms
[95.586s][info][gc,phases   ] GC(378) Concurrent Mark 65.777ms
[95.589s][info][gc,phases   ] GC(378) Pause Mark End 0.440ms
[95.591s][info][gc,phases   ] GC(378) Concurrent Process Non-Strong References 1.629ms
[95.591s][info][gc,phases   ] GC(378) Concurrent Reset Relocation Set 0.003ms
[95.591s][info][gc,phases   ] GC(378) Concurrent Destroy Detached Pages 0.000ms
[95.592s][info][gc,phases   ] GC(378) Concurrent Select Relocation Set 1.523ms
[95.593s][info][gc,phases   ] GC(378) Concurrent Prepare Relocation Set 0.027ms
[95.596s][info][gc,phases   ] GC(378) Pause Relocate Start 2.968ms
[95.604s][info][gc,phases   ] GC(378) Concurrent Relocate 8.165ms
[95.604s][info][gc,load     ] GC(378) Load: 2.02/1.21/0.56
[95.604s][info][gc,mmu      ] GC(378) MMU: 2ms/0.0%, 5ms/0.0%, 10ms/0.0%, 20ms/0.0%, 50ms/57.1%, 100ms/74.9%
[95.604s][info][gc,marking  ] GC(378) Mark: 1 stripe(s), 2 proactive flush(es), 1 terminate flush(es), 0 completion(s), 0 continuation(s) 
[95.604s][info][gc,reloc    ] GC(378) Relocation: Successful, 7M relocated
[95.604s][info][gc,nmethod  ] GC(378) NMethods: 3711 registered, 0 unregistered
[95.604s][info][gc,metaspace] GC(378) Metaspace: 73M used, 78M capacity, 78M committed, 80M reserved
[95.604s][info][gc,ref      ] GC(378) Soft: 2201 encountered, 0 discovered, 0 enqueued
[95.604s][info][gc,ref      ] GC(378) Weak: 4606 encountered, 3634 discovered, 0 enqueued
[95.604s][info][gc,ref      ] GC(378) Final: 27 encountered, 0 discovered, 0 enqueued
[95.604s][info][gc,ref      ] GC(378) Phantom: 652 encountered, 648 discovered, 0 enqueued
[95.604s][info][gc,heap     ] GC(378)                Mark Start          Mark End        Relocate Start      Relocate End           High               Low         
[95.604s][info][gc,heap     ] GC(378)  Capacity:      500M (100%)        500M (100%)        500M (100%)        500M (100%)        500M (100%)        500M (100%)   
[95.604s][info][gc,heap     ] GC(378)   Reserve:       34M (7%)           34M (7%)           34M (7%)           34M (7%)           34M (7%)           34M (7%)     
[95.604s][info][gc,heap     ] GC(378)      Free:      314M (63%)         256M (51%)         338M (68%)         332M (66%)         338M (68%)         256M (51%)    
[95.604s][info][gc,heap     ] GC(378)      Used:      152M (30%)         210M (42%)         128M (26%)         134M (27%)         210M (42%)         128M (26%)    
[95.604s][info][gc,heap     ] GC(378)      Live:         -                31M (6%)           31M (6%)           31M (6%)             -                  -          
[95.604s][info][gc,heap     ] GC(378) Allocated:         -                58M (12%)          58M (12%)          72M (14%)            -                  -          
[95.604s][info][gc,heap     ] GC(378)   Garbage:         -               120M (24%)          38M (8%)           34M (7%)             -                  -          
[95.604s][info][gc,heap     ] GC(378) Reclaimed:         -                  -                82M (16%)          86M (17%)            -                  -          
[95.604s][info][gc          ] GC(378) Garbage Collection (Allocation Rate) 152M(30%)->134M(27%)
[95.613s][info][gc,start    ] GC(379) Garbage Collection (Allocation Rate)
[95.620s][info][gc,phases   ] GC(379) Pause Mark Start 3.583ms
[95.696s][info][gc,phases   ] GC(379) Concurrent Mark 76.583ms
[95.697s][info][gc,phases   ] GC(379) Pause Mark End 0.431ms
[95.699s][info][gc,phases   ] GC(379) Concurrent Process Non-Strong References 1.608ms
[95.699s][info][gc,phases   ] GC(379) Concurrent Reset Relocation Set 0.003ms
[95.699s][info][gc,phases   ] GC(379) Concurrent Destroy Detached Pages 0.001ms
[95.700s][info][gc,phases   ] GC(379) Concurrent Select Relocation Set 1.564ms
[95.700s][info][gc,phases   ] GC(379) Concurrent Prepare Relocation Set 0.026ms
[95.704s][info][gc,phases   ] GC(379) Pause Relocate Start 2.985ms
[95.709s][info][gc,phases   ] GC(379) Concurrent Relocate 4.914ms
[95.709s][info][gc,load     ] GC(379) Load: 2.02/1.21/0.56
[95.709s][info][gc,mmu      ] GC(379) MMU: 2ms/0.0%, 5ms/0.0%, 10ms/0.0%, 20ms/0.0%, 50ms/57.1%, 100ms/74.9%
[95.709s][info][gc,marking  ] GC(379) Mark: 1 stripe(s), 2 proactive flush(es), 1 terminate flush(es), 0 completion(s), 0 continuation(s) 
[95.709s][info][gc,reloc    ] GC(379) Relocation: Successful, 7M relocated
[95.709s][info][gc,nmethod  ] GC(379) NMethods: 3711 registered, 0 unregistered
[95.709s][info][gc,metaspace] GC(379) Metaspace: 73M used, 78M capacity, 78M committed, 80M reserved
[95.709s][info][gc,ref      ] GC(379) Soft: 2201 encountered, 0 discovered, 0 enqueued
[95.709s][info][gc,ref      ] GC(379) Weak: 4606 encountered, 3634 discovered, 0 enqueued
[95.709s][info][gc,ref      ] GC(379) Final: 27 encountered, 0 discovered, 0 enqueued
[95.709s][info][gc,ref      ] GC(379) Phantom: 652 encountered, 648 discovered, 0 enqueued
[95.709s][info][gc,heap     ] GC(379)                Mark Start          Mark End        Relocate Start      Relocate End           High               Low         
[95.709s][info][gc,heap     ] GC(379)  Capacity:      500M (100%)        500M (100%)        500M (100%)        500M (100%)        500M (100%)        500M (100%)   
[95.709s][info][gc,heap     ] GC(379)   Reserve:       34M (7%)           34M (7%)           34M (7%)           34M (7%)           34M (7%)           34M (7%)     
[95.709s][info][gc,heap     ] GC(379)      Free:      318M (64%)         252M (50%)         326M (65%)         330M (66%)         330M (66%)         252M (50%)    
[95.709s][info][gc,heap     ] GC(379)      Used:      148M (30%)         214M (43%)         140M (28%)         136M (27%)         214M (43%)         136M (27%)    
[95.709s][info][gc,heap     ] GC(379)      Live:         -                31M (6%)           31M (6%)           31M (6%)             -                  -          
[95.709s][info][gc,heap     ] GC(379) Allocated:         -                66M (13%)          66M (13%)          74M (15%)            -                  -          
[95.709s][info][gc,heap     ] GC(379)   Garbage:         -               116M (23%)          42M (9%)           32M (7%)             -                  -          
[95.709s][info][gc,heap     ] GC(379) Reclaimed:         -                  -                74M (15%)          84M (17%)            -                  -          
[95.709s][info][gc          ] GC(379) Garbage Collection (Allocation Rate) 148M(30%)->136M(27%)
[95.713s][info][gc,start    ] GC(380) Garbage Collection (Allocation Rate)
[95.721s][info][gc,phases   ] GC(380) Pause Mark Start 5.618ms
[95.792s][info][gc,phases   ] GC(380) Concurrent Mark 70.701ms
[95.795s][info][gc,phases   ] GC(380) Pause Mark End 0.492ms
[95.797s][info][gc,phases   ] GC(380) Concurrent Process Non-Strong References 1.553ms
[95.797s][info][gc,phases   ] GC(380) Concurrent Reset Relocation Set 0.003ms
[95.797s][info][gc,phases   ] GC(380) Concurrent Destroy Detached Pages 0.000ms
[95.798s][info][gc,phases   ] GC(380) Concurrent Select Relocation Set 1.504ms
[95.798s][info][gc,phases   ] GC(380) Concurrent Prepare Relocation Set 0.026ms
[95.802s][info][gc,phases   ] GC(380) Pause Relocate Start 3.340ms
[95.808s][info][gc,phases   ] GC(380) Concurrent Relocate 6.023ms
[95.808s][info][gc,load     ] GC(380) Load: 2.02/1.21/0.56
[95.808s][info][gc,mmu      ] GC(380) MMU: 2ms/0.0%, 5ms/0.0%, 10ms/0.0%, 20ms/0.0%, 50ms/57.1%, 100ms/74.9%
[95.808s][info][gc,marking  ] GC(380) Mark: 1 stripe(s), 2 proactive flush(es), 1 terminate flush(es), 0 completion(s), 0 continuation(s) 
[95.808s][info][gc,reloc    ] GC(380) Relocation: Successful, 7M relocated
[95.808s][info][gc,nmethod  ] GC(380) NMethods: 3711 registered, 0 unregistered
[95.808s][info][gc,metaspace] GC(380) Metaspace: 73M used, 78M capacity, 78M committed, 80M reserved
[95.808s][info][gc,ref      ] GC(380) Soft: 2201 encountered, 0 discovered, 0 enqueued
[95.808s][info][gc,ref      ] GC(380) Weak: 4606 encountered, 3634 discovered, 0 enqueued
[95.808s][info][gc,ref      ] GC(380) Final: 27 encountered, 0 discovered, 0 enqueued
[95.808s][info][gc,ref      ] GC(380) Phantom: 652 encountered, 648 discovered, 0 enqueued
[95.808s][info][gc,heap     ] GC(380)                Mark Start          Mark End        Relocate Start      Relocate End           High               Low         
[95.808s][info][gc,heap     ] GC(380)  Capacity:      500M (100%)        500M (100%)        500M (100%)        500M (100%)        500M (100%)        500M (100%)   
[95.808s][info][gc,heap     ] GC(380)   Reserve:       34M (7%)           34M (7%)           34M (7%)           34M (7%)           34M (7%)           34M (7%)     
[95.808s][info][gc,heap     ] GC(380)      Free:      324M (65%)         260M (52%)         332M (66%)         330M (66%)         332M (66%)         260M (52%)    
[95.808s][info][gc,heap     ] GC(380)      Used:      142M (28%)         206M (41%)         134M (27%)         136M (27%)         206M (41%)         134M (27%)    
[95.808s][info][gc,heap     ] GC(380)      Live:         -                31M (6%)           31M (6%)           31M (6%)             -                  -          
[95.808s][info][gc,heap     ] GC(380) Allocated:         -                64M (13%)          64M (13%)          74M (15%)            -                  -          
[95.808s][info][gc,heap     ] GC(380)   Garbage:         -               110M (22%)          38M (8%)           34M (7%)             -                  -          
[95.808s][info][gc,heap     ] GC(380) Reclaimed:         -                  -                72M (14%)          76M (15%)            -                  -          
[95.808s][info][gc          ] GC(380) Garbage Collection (Allocation Rate) 142M(28%)->136M(27%)
[95.814s][info][gc,start    ] GC(381) Garbage Collection (Allocation Rate)
[95.822s][info][gc,phases   ] GC(381) Pause Mark Start 5.556ms
[95.915s][info][gc,phases   ] GC(381) Concurrent Mark 93.036ms
[95.918s][info][gc,phases   ] GC(381) Pause Mark End 0.452ms
[95.920s][info][gc,phases   ] GC(381) Concurrent Process Non-Strong References 1.593ms
[95.920s][info][gc,phases   ] GC(381) Concurrent Reset Relocation Set 0.002ms
[95.920s][info][gc,phases   ] GC(381) Concurrent Destroy Detached Pages 0.000ms
[95.922s][info][gc,phases   ] GC(381) Concurrent Select Relocation Set 1.500ms
[95.922s][info][gc,phases   ] GC(381) Concurrent Prepare Relocation Set 0.029ms
[95.925s][info][gc,phases   ] GC(381) Pause Relocate Start 2.927ms
[95.932s][info][gc,phases   ] GC(381) Concurrent Relocate 7.496ms
[95.932s][info][gc,load     ] GC(381) Load: 2.02/1.21/0.56
[95.932s][info][gc,mmu      ] GC(381) MMU: 2ms/0.0%, 5ms/0.0%, 10ms/0.0%, 20ms/0.0%, 50ms/57.1%, 100ms/74.9%
[95.932s][info][gc,marking  ] GC(381) Mark: 1 stripe(s), 2 proactive flush(es), 1 terminate flush(es), 0 completion(s), 0 continuation(s) 
[95.932s][info][gc,reloc    ] GC(381) Relocation: Successful, 7M relocated
[95.932s][info][gc,nmethod  ] GC(381) NMethods: 3711 registered, 0 unregistered
[95.932s][info][gc,metaspace] GC(381) Metaspace: 73M used, 78M capacity, 78M committed, 80M reserved
[95.932s][info][gc,ref      ] GC(381) Soft: 2201 encountered, 0 discovered, 0 enqueued
[95.932s][info][gc,ref      ] GC(381) Weak: 4606 encountered, 3634 discovered, 0 enqueued
[95.932s][info][gc,ref      ] GC(381) Final: 27 encountered, 0 discovered, 0 enqueued
[95.932s][info][gc,ref      ] GC(381) Phantom: 652 encountered, 648 discovered, 0 enqueued
[95.932s][info][gc,heap     ] GC(381)                Mark Start          Mark End        Relocate Start      Relocate End           High               Low         
[95.932s][info][gc,heap     ] GC(381)  Capacity:      500M (100%)        500M (100%)        500M (100%)        500M (100%)        500M (100%)        500M (100%)   
[95.932s][info][gc,heap     ] GC(381)   Reserve:       34M (7%)           34M (7%)           34M (7%)           34M (7%)           34M (7%)           34M (7%)     
[95.932s][info][gc,heap     ] GC(381)      Free:      322M (64%)         268M (54%)         340M (68%)         336M (67%)         340M (68%)         268M (54%)    
[95.932s][info][gc,heap     ] GC(381)      Used:      144M (29%)         198M (40%)         126M (25%)         130M (26%)         198M (40%)         126M (25%)    
[95.932s][info][gc,heap     ] GC(381)      Live:         -                31M (6%)           31M (6%)           31M (6%)             -                  -          
[95.933s][info][gc,heap     ] GC(381) Allocated:         -                54M (11%)          54M (11%)          68M (14%)            -                  -          
[95.933s][info][gc,heap     ] GC(381)   Garbage:         -               112M (23%)          40M (8%)           34M (7%)             -                  -          
[95.933s][info][gc,heap     ] GC(381) Reclaimed:         -                  -                72M (14%)          78M (16%)            -                  -          
[95.933s][info][gc          ] GC(381) Garbage Collection (Allocation Rate) 144M(29%)->130M(26%)
[96.013s][info][gc,start    ] GC(382) Garbage Collection (Allocation Rate)
[96.020s][info][gc,phases   ] GC(382) Pause Mark Start 3.582ms
[96.084s][info][gc,phases   ] GC(382) Concurrent Mark 64.403ms
[96.088s][info][gc,phases   ] GC(382) Pause Mark End 0.440ms
[96.089s][info][gc,phases   ] GC(382) Concurrent Process Non-Strong References 1.573ms
[96.089s][info][gc,phases   ] GC(382) Concurrent Reset Relocation Set 0.003ms
[96.089s][info][gc,phases   ] GC(382) Concurrent Destroy Detached Pages 0.000ms
[96.091s][info][gc,phases   ] GC(382) Concurrent Select Relocation Set 1.503ms
[96.091s][info][gc,phases   ] GC(382) Concurrent Prepare Relocation Set 0.028ms
[96.094s][info][gc,phases   ] GC(382) Pause Relocate Start 3.008ms
[96.100s][info][gc,phases   ] GC(382) Concurrent Relocate 6.152ms
[96.100s][info][gc,load     ] GC(382) Load: 2.02/1.21/0.56
[96.100s][info][gc,mmu      ] GC(382) MMU: 2ms/0.0%, 5ms/0.0%, 10ms/0.0%, 20ms/0.0%, 50ms/57.1%, 100ms/74.9%
[96.100s][info][gc,marking  ] GC(382) Mark: 1 stripe(s), 2 proactive flush(es), 1 terminate flush(es), 0 completion(s), 0 continuation(s) 
[96.100s][info][gc,reloc    ] GC(382) Relocation: Successful, 7M relocated
[96.100s][info][gc,nmethod  ] GC(382) NMethods: 3711 registered, 0 unregistered
[96.100s][info][gc,metaspace] GC(382) Metaspace: 73M used, 78M capacity, 78M committed, 80M reserved
[96.100s][info][gc,ref      ] GC(382) Soft: 2201 encountered, 0 discovered, 0 enqueued
[96.100s][info][gc,ref      ] GC(382) Weak: 4606 encountered, 3634 discovered, 0 enqueued
[96.100s][info][gc,ref      ] GC(382) Final: 27 encountered, 0 discovered, 0 enqueued
[96.100s][info][gc,ref      ] GC(382) Phantom: 652 encountered, 648 discovered, 0 enqueued
[96.100s][info][gc,heap     ] GC(382)                Mark Start          Mark End        Relocate Start      Relocate End           High               Low         
[96.100s][info][gc,heap     ] GC(382)  Capacity:      500M (100%)        500M (100%)        500M (100%)        500M (100%)        500M (100%)        500M (100%)   
[96.100s][info][gc,heap     ] GC(382)   Reserve:       34M (7%)           34M (7%)           34M (7%)           34M (7%)           34M (7%)           34M (7%)     
[96.100s][info][gc,heap     ] GC(382)      Free:      220M (44%)         160M (32%)         334M (67%)         334M (67%)         334M (67%)         160M (32%)    
[96.100s][info][gc,heap     ] GC(382)      Used:      246M (49%)         306M (61%)         132M (26%)         132M (26%)         306M (61%)         132M (26%)    
[96.100s][info][gc,heap     ] GC(382)      Live:         -                31M (6%)           31M (6%)           31M (6%)             -                  -          
[96.100s][info][gc,heap     ] GC(382) Allocated:         -                60M (12%)          60M (12%)          70M (14%)            -                  -          
[96.100s][info][gc,heap     ] GC(382)   Garbage:         -               214M (43%)          40M (8%)           32M (7%)             -                  -          
[96.100s][info][gc,heap     ] GC(382) Reclaimed:         -                  -               174M (35%)         182M (36%)            -                  -          
[96.100s][info][gc          ] GC(382) Garbage Collection (Allocation Rate) 246M(49%)->132M(26%)
[96.113s][info][gc,start    ] GC(383) Garbage Collection (Allocation Rate)
[96.122s][info][gc,phases   ] GC(383) Pause Mark Start 6.955ms
[96.249s][info][gc,phases   ] GC(383) Concurrent Mark 126.985ms
[96.253s][info][gc,phases   ] GC(383) Pause Mark End 0.442ms
[96.255s][info][gc,phases   ] GC(383) Concurrent Process Non-Strong References 1.633ms
[96.255s][info][gc,phases   ] GC(383) Concurrent Reset Relocation Set 0.003ms
[96.255s][info][gc,phases   ] GC(383) Concurrent Destroy Detached Pages 0.001ms
[96.256s][info][gc,phases   ] GC(383) Concurrent Select Relocation Set 1.549ms
[96.256s][info][gc,phases   ] GC(383) Concurrent Prepare Relocation Set 0.029ms
[96.260s][info][gc,phases   ] GC(383) Pause Relocate Start 2.967ms
[96.265s][info][gc,phases   ] GC(383) Concurrent Relocate 4.844ms
[96.265s][info][gc,load     ] GC(383) Load: 2.02/1.21/0.56
[96.265s][info][gc,mmu      ] GC(383) MMU: 2ms/0.0%, 5ms/0.0%, 10ms/0.0%, 20ms/0.0%, 50ms/57.1%, 100ms/74.9%
[96.265s][info][gc,marking  ] GC(383) Mark: 1 stripe(s), 2 proactive flush(es), 1 terminate flush(es), 0 completion(s), 0 continuation(s) 
[96.265s][info][gc,reloc    ] GC(383) Relocation: Successful, 7M relocated
[96.265s][info][gc,nmethod  ] GC(383) NMethods: 3711 registered, 0 unregistered
[96.265s][info][gc,metaspace] GC(383) Metaspace: 73M used, 78M capacity, 78M committed, 80M reserved
[96.265s][info][gc,ref      ] GC(383) Soft: 2201 encountered, 0 discovered, 0 enqueued
[96.265s][info][gc,ref      ] GC(383) Weak: 4606 encountered, 3634 discovered, 0 enqueued
[96.265s][info][gc,ref      ] GC(383) Final: 27 encountered, 0 discovered, 0 enqueued
[96.265s][info][gc,ref      ] GC(383) Phantom: 652 encountered, 648 discovered, 0 enqueued
[96.265s][info][gc,heap     ] GC(383)                Mark Start          Mark End        Relocate Start      Relocate End           High               Low         
[96.265s][info][gc,heap     ] GC(383)  Capacity:      500M (100%)        500M (100%)        500M (100%)        500M (100%)        500M (100%)        500M (100%)   
[96.265s][info][gc,heap     ] GC(383)   Reserve:       34M (7%)           34M (7%)           34M (7%)           34M (7%)           34M (7%)           34M (7%)     
[96.265s][info][gc,heap     ] GC(383)      Free:      314M (63%)         258M (52%)         338M (68%)         342M (68%)         342M (68%)         258M (52%)    
[96.265s][info][gc,heap     ] GC(383)      Used:      152M (30%)         208M (42%)         128M (26%)         124M (25%)         208M (42%)         124M (25%)    
[96.265s][info][gc,heap     ] GC(383)      Live:         -                31M (6%)           31M (6%)           31M (6%)             -                  -          
[96.265s][info][gc,heap     ] GC(383) Allocated:         -                56M (11%)          56M (11%)          62M (12%)            -                  -          
[96.265s][info][gc,heap     ] GC(383)   Garbage:         -               120M (24%)          40M (8%)           32M (7%)             -                  -          
[96.265s][info][gc,heap     ] GC(383) Reclaimed:         -                  -                80M (16%)          88M (18%)            -                  -          
[96.265s][info][gc          ] GC(383) Garbage Collection (Allocation Rate) 152M(30%)->124M(25%)
[96.313s][info][gc,start    ] GC(384) Garbage Collection (Allocation Rate)
[96.319s][info][gc,phases   ] GC(384) Pause Mark Start 3.642ms
[96.386s][info][gc,phases   ] GC(384) Concurrent Mark 66.756ms
[96.389s][info][gc,phases   ] GC(384) Pause Mark End 0.455ms
[96.391s][info][gc,phases   ] GC(384) Concurrent Process Non-Strong References 1.534ms
[96.391s][info][gc,phases   ] GC(384) Concurrent Reset Relocation Set 0.003ms
[96.391s][info][gc,phases   ] GC(384) Concurrent Destroy Detached Pages 0.001ms
[96.393s][info][gc,phases   ] GC(384) Concurrent Select Relocation Set 1.512ms
[96.393s][info][gc,phases   ] GC(384) Concurrent Prepare Relocation Set 0.026ms
[96.396s][info][gc,phases   ] GC(384) Pause Relocate Start 3.128ms
[96.404s][info][gc,phases   ] GC(384) Concurrent Relocate 8.062ms
[96.404s][info][gc,load     ] GC(384) Load: 2.02/1.21/0.56
[96.404s][info][gc,mmu      ] GC(384) MMU: 2ms/0.0%, 5ms/0.0%, 10ms/0.0%, 20ms/0.0%, 50ms/57.1%, 100ms/74.9%
[96.404s][info][gc,marking  ] GC(384) Mark: 1 stripe(s), 2 proactive flush(es), 1 terminate flush(es), 0 completion(s), 0 continuation(s) 
[96.404s][info][gc,reloc    ] GC(384) Relocation: Successful, 7M relocated
[96.404s][info][gc,nmethod  ] GC(384) NMethods: 3711 registered, 0 unregistered
[96.404s][info][gc,metaspace] GC(384) Metaspace: 73M used, 78M capacity, 78M committed, 80M reserved
[96.404s][info][gc,ref      ] GC(384) Soft: 2201 encountered, 0 discovered, 0 enqueued
[96.404s][info][gc,ref      ] GC(384) Weak: 4606 encountered, 3634 discovered, 0 enqueued
[96.404s][info][gc,ref      ] GC(384) Final: 27 encountered, 0 discovered, 0 enqueued
[96.404s][info][gc,ref      ] GC(384) Phantom: 652 encountered, 648 discovered, 0 enqueued
[96.404s][info][gc,heap     ] GC(384)                Mark Start          Mark End        Relocate Start      Relocate End           High               Low         
[96.404s][info][gc,heap     ] GC(384)  Capacity:      500M (100%)        500M (100%)        500M (100%)        500M (100%)        500M (100%)        500M (100%)   
[96.404s][info][gc,heap     ] GC(384)   Reserve:       34M (7%)           34M (7%)           34M (7%)           34M (7%)           34M (7%)           34M (7%)     
[96.404s][info][gc,heap     ] GC(384)      Free:      258M (52%)         196M (39%)         332M (66%)         328M (66%)         332M (66%)         196M (39%)    
[96.404s][info][gc,heap     ] GC(384)      Used:      208M (42%)         270M (54%)         134M (27%)         138M (28%)         270M (54%)         134M (27%)    
[96.404s][info][gc,heap     ] GC(384)      Live:         -                31M (6%)           31M (6%)           31M (6%)             -                  -          
[96.404s][info][gc,heap     ] GC(384) Allocated:         -                62M (12%)          62M (12%)          76M (15%)            -                  -          
[96.404s][info][gc,heap     ] GC(384)   Garbage:         -               176M (35%)          40M (8%)           32M (7%)             -                  -          
[96.404s][info][gc,heap     ] GC(384) Reclaimed:         -                  -               136M (27%)         144M (29%)            -                  -          
[96.404s][info][gc          ] GC(384) Garbage Collection (Allocation Rate) 208M(42%)->138M(28%)
[96.414s][info][gc,start    ] GC(385) Garbage Collection (Allocation Rate)
[96.420s][info][gc,phases   ] GC(385) Pause Mark Start 3.564ms
[96.488s][info][gc,phases   ] GC(385) Concurrent Mark 67.801ms
[96.491s][info][gc,phases   ] GC(385) Pause Mark End 0.443ms
[96.493s][info][gc,phases   ] GC(385) Concurrent Process Non-Strong References 1.622ms
[96.493s][info][gc,phases   ] GC(385) Concurrent Reset Relocation Set 0.003ms
[96.493s][info][gc,phases   ] GC(385) Concurrent Destroy Detached Pages 0.001ms
[96.494s][info][gc,phases   ] GC(385) Concurrent Select Relocation Set 1.507ms
[96.494s][info][gc,phases   ] GC(385) Concurrent Prepare Relocation Set 0.026ms
[96.498s][info][gc,phases   ] GC(385) Pause Relocate Start 2.975ms
[96.504s][info][gc,phases   ] GC(385) Concurrent Relocate 6.155ms
[96.504s][info][gc,load     ] GC(385) Load: 2.02/1.21/0.56
[96.504s][info][gc,mmu      ] GC(385) MMU: 2ms/0.0%, 5ms/0.0%, 10ms/0.0%, 20ms/0.0%, 50ms/57.1%, 100ms/74.9%
[96.504s][info][gc,marking  ] GC(385) Mark: 1 stripe(s), 2 proactive flush(es), 1 terminate flush(es), 0 completion(s), 0 continuation(s) 
[96.504s][info][gc,reloc    ] GC(385) Relocation: Successful, 7M relocated
[96.504s][info][gc,nmethod  ] GC(385) NMethods: 3711 registered, 0 unregistered
[96.504s][info][gc,metaspace] GC(385) Metaspace: 73M used, 78M capacity, 78M committed, 80M reserved
[96.504s][info][gc,ref      ] GC(385) Soft: 2201 encountered, 0 discovered, 0 enqueued
[96.504s][info][gc,ref      ] GC(385) Weak: 4606 encountered, 3634 discovered, 0 enqueued
[96.504s][info][gc,ref      ] GC(385) Final: 27 encountered, 0 discovered, 0 enqueued
[96.504s][info][gc,ref      ] GC(385) Phantom: 652 encountered, 648 discovered, 0 enqueued
[96.504s][info][gc,heap     ] GC(385)                Mark Start          Mark End        Relocate Start      Relocate End           High               Low         
[96.504s][info][gc,heap     ] GC(385)  Capacity:      500M (100%)        500M (100%)        500M (100%)        500M (100%)        500M (100%)        500M (100%)   
[96.504s][info][gc,heap     ] GC(385)   Reserve:       34M (7%)           34M (7%)           34M (7%)           34M (7%)           34M (7%)           34M (7%)     
[96.504s][info][gc,heap     ] GC(385)      Free:      316M (63%)         256M (51%)         334M (67%)         334M (67%)         334M (67%)         256M (51%)    
[96.504s][info][gc,heap     ] GC(385)      Used:      150M (30%)         210M (42%)         132M (26%)         132M (26%)         210M (42%)         132M (26%)    
[96.504s][info][gc,heap     ] GC(385)      Live:         -                31M (6%)           31M (6%)           31M (6%)             -                  -          
[96.504s][info][gc,heap     ] GC(385) Allocated:         -                60M (12%)          60M (12%)          70M (14%)            -                  -          
[96.504s][info][gc,heap     ] GC(385)   Garbage:         -               118M (24%)          40M (8%)           34M (7%)             -                  -          
[96.504s][info][gc,heap     ] GC(385) Reclaimed:         -                  -                78M (16%)          84M (17%)            -                  -          
[96.504s][info][gc          ] GC(385) Garbage Collection (Allocation Rate) 150M(30%)->132M(26%)
[96.513s][info][gc,start    ] GC(386) Garbage Collection (Allocation Rate)
[96.520s][info][gc,phases   ] GC(386) Pause Mark Start 3.583ms
[96.585s][info][gc,phases   ] GC(386) Concurrent Mark 64.873ms
[96.588s][info][gc,phases   ] GC(386) Pause Mark End 0.448ms
[96.589s][info][gc,phases   ] GC(386) Concurrent Process Non-Strong References 1.285ms
[96.589s][info][gc,phases   ] GC(386) Concurrent Reset Relocation Set 0.002ms
[96.589s][info][gc,phases   ] GC(386) Concurrent Destroy Detached Pages 0.001ms
[96.591s][info][gc,phases   ] GC(386) Concurrent Select Relocation Set 1.657ms
[96.591s][info][gc,phases   ] GC(386) Concurrent Prepare Relocation Set 0.028ms
[96.594s][info][gc,phases   ] GC(386) Pause Relocate Start 2.948ms
[96.599s][info][gc,phases   ] GC(386) Concurrent Relocate 4.478ms
[96.599s][info][gc,load     ] GC(386) Load: 2.02/1.21/0.56
[96.599s][info][gc,mmu      ] GC(386) MMU: 2ms/0.0%, 5ms/0.0%, 10ms/0.0%, 20ms/0.0%, 50ms/57.1%, 100ms/74.9%
[96.599s][info][gc,marking  ] GC(386) Mark: 1 stripe(s), 2 proactive flush(es), 1 terminate flush(es), 0 completion(s), 0 continuation(s) 
[96.599s][info][gc,reloc    ] GC(386) Relocation: Successful, 7M relocated
[96.599s][info][gc,nmethod  ] GC(386) NMethods: 3711 registered, 0 unregistered
[96.599s][info][gc,metaspace] GC(386) Metaspace: 73M used, 78M capacity, 78M committed, 80M reserved
[96.599s][info][gc,ref      ] GC(386) Soft: 2201 encountered, 0 discovered, 0 enqueued
[96.599s][info][gc,ref      ] GC(386) Weak: 4606 encountered, 3634 discovered, 0 enqueued
[96.599s][info][gc,ref      ] GC(386) Final: 27 encountered, 0 discovered, 0 enqueued
[96.599s][info][gc,ref      ] GC(386) Phantom: 652 encountered, 648 discovered, 0 enqueued
[96.599s][info][gc,heap     ] GC(386)                Mark Start          Mark End        Relocate Start      Relocate End           High               Low         
[96.599s][info][gc,heap     ] GC(386)  Capacity:      500M (100%)        500M (100%)        500M (100%)        500M (100%)        500M (100%)        500M (100%)   
[96.599s][info][gc,heap     ] GC(386)   Reserve:       34M (7%)           34M (7%)           34M (7%)           34M (7%)           34M (7%)           34M (7%)     
[96.599s][info][gc,heap     ] GC(386)      Free:      318M (64%)         264M (53%)         342M (68%)         344M (69%)         344M (69%)         264M (53%)    
[96.599s][info][gc,heap     ] GC(386)      Used:      148M (30%)         202M (40%)         124M (25%)         122M (24%)         202M (40%)         122M (24%)    
[96.599s][info][gc,heap     ] GC(386)      Live:         -                31M (6%)           31M (6%)           31M (6%)             -                  -          
[96.599s][info][gc,heap     ] GC(386) Allocated:         -                54M (11%)          54M (11%)          60M (12%)            -                  -          
[96.599s][info][gc,heap     ] GC(386)   Garbage:         -               116M (23%)          38M (8%)           32M (7%)             -                  -          
[96.599s][info][gc,heap     ] GC(386) Reclaimed:         -                  -                78M (16%)          84M (17%)            -                  -          
[96.599s][info][gc          ] GC(386) Garbage Collection (Allocation Rate) 148M(30%)->122M(24%)
[96.613s][info][gc,start    ] GC(387) Garbage Collection (Allocation Rate)
[96.622s][info][gc,phases   ] GC(387) Pause Mark Start 6.783ms
[96.693s][info][gc,phases   ] GC(387) Concurrent Mark 70.436ms
[96.696s][info][gc,phases   ] GC(387) Pause Mark End 0.458ms
[96.698s][info][gc,phases   ] GC(387) Concurrent Process Non-Strong References 1.668ms
[96.698s][info][gc,phases   ] GC(387) Concurrent Reset Relocation Set 0.003ms
[96.698s][info][gc,phases   ] GC(387) Concurrent Destroy Detached Pages 0.000ms
[96.700s][info][gc,phases   ] GC(387) Concurrent Select Relocation Set 1.552ms
[96.700s][info][gc,phases   ] GC(387) Concurrent Prepare Relocation Set 0.026ms
[96.703s][info][gc,phases   ] GC(387) Pause Relocate Start 2.979ms
[96.712s][info][gc,phases   ] GC(387) Concurrent Relocate 9.131ms
[96.712s][info][gc,load     ] GC(387) Load: 2.02/1.21/0.56
[96.712s][info][gc,mmu      ] GC(387) MMU: 2ms/0.0%, 5ms/0.0%, 10ms/0.0%, 20ms/0.0%, 50ms/57.1%, 100ms/74.9%
[96.712s][info][gc,marking  ] GC(387) Mark: 1 stripe(s), 2 proactive flush(es), 1 terminate flush(es), 0 completion(s), 0 continuation(s) 
[96.712s][info][gc,reloc    ] GC(387) Relocation: Successful, 7M relocated
[96.712s][info][gc,nmethod  ] GC(387) NMethods: 3711 registered, 0 unregistered
[96.712s][info][gc,metaspace] GC(387) Metaspace: 73M used, 78M capacity, 78M committed, 80M reserved
[96.712s][info][gc,ref      ] GC(387) Soft: 2201 encountered, 0 discovered, 0 enqueued
[96.712s][info][gc,ref      ] GC(387) Weak: 4606 encountered, 3634 discovered, 0 enqueued
[96.712s][info][gc,ref      ] GC(387) Final: 27 encountered, 0 discovered, 0 enqueued
[96.712s][info][gc,ref      ] GC(387) Phantom: 652 encountered, 648 discovered, 0 enqueued
[96.712s][info][gc,heap     ] GC(387)                Mark Start          Mark End        Relocate Start      Relocate End           High               Low         
[96.712s][info][gc,heap     ] GC(387)  Capacity:      500M (100%)        500M (100%)        500M (100%)        500M (100%)        500M (100%)        500M (100%)   
[96.712s][info][gc,heap     ] GC(387)   Reserve:       34M (7%)           34M (7%)           34M (7%)           34M (7%)           34M (7%)           34M (7%)     
[96.712s][info][gc,heap     ] GC(387)      Free:      320M (64%)         260M (52%)         336M (67%)         328M (66%)         336M (67%)         260M (52%)    
[96.712s][info][gc,heap     ] GC(387)      Used:      146M (29%)         206M (41%)         130M (26%)         138M (28%)         206M (41%)         130M (26%)    
[96.712s][info][gc,heap     ] GC(387)      Live:         -                31M (6%)           31M (6%)           31M (6%)             -                  -          
[96.712s][info][gc,heap     ] GC(387) Allocated:         -                60M (12%)          60M (12%)          76M (15%)            -                  -          
[96.712s][info][gc,heap     ] GC(387)   Garbage:         -               114M (23%)          38M (8%)           34M (7%)             -                  -          
[96.712s][info][gc,heap     ] GC(387) Reclaimed:         -                  -                76M (15%)          80M (16%)            -                  -          
[96.712s][info][gc          ] GC(387) Garbage Collection (Allocation Rate) 146M(29%)->138M(28%)
[96.714s][info][gc,start    ] GC(388) Garbage Collection (Allocation Rate)
[96.720s][info][gc,phases   ] GC(388) Pause Mark Start 3.582ms
[96.786s][info][gc,phases   ] GC(388) Concurrent Mark 65.723ms
[96.789s][info][gc,phases   ] GC(388) Pause Mark End 0.480ms
[96.791s][info][gc,phases   ] GC(388) Concurrent Process Non-Strong References 1.537ms
[96.791s][info][gc,phases   ] GC(388) Concurrent Reset Relocation Set 0.003ms
[96.791s][info][gc,phases   ] GC(388) Concurrent Destroy Detached Pages 0.001ms
[96.792s][info][gc,phases   ] GC(388) Concurrent Select Relocation Set 1.515ms
[96.792s][info][gc,phases   ] GC(388) Concurrent Prepare Relocation Set 0.026ms
[96.796s][info][gc,phases   ] GC(388) Pause Relocate Start 2.982ms
[96.800s][info][gc,phases   ] GC(388) Concurrent Relocate 4.459ms
[96.800s][info][gc,load     ] GC(388) Load: 2.02/1.22/0.57
[96.800s][info][gc,mmu      ] GC(388) MMU: 2ms/0.0%, 5ms/0.0%, 10ms/0.0%, 20ms/0.0%, 50ms/57.1%, 100ms/74.9%
[96.800s][info][gc,marking  ] GC(388) Mark: 1 stripe(s), 2 proactive flush(es), 1 terminate flush(es), 0 completion(s), 0 continuation(s) 
[96.800s][info][gc,reloc    ] GC(388) Relocation: Successful, 7M relocated
[96.800s][info][gc,nmethod  ] GC(388) NMethods: 3711 registered, 0 unregistered
[96.800s][info][gc,metaspace] GC(388) Metaspace: 73M used, 78M capacity, 78M committed, 80M reserved
[96.800s][info][gc,ref      ] GC(388) Soft: 2201 encountered, 0 discovered, 0 enqueued
[96.800s][info][gc,ref      ] GC(388) Weak: 4606 encountered, 3634 discovered, 0 enqueued
[96.800s][info][gc,ref      ] GC(388) Final: 27 encountered, 0 discovered, 0 enqueued
[96.800s][info][gc,ref      ] GC(388) Phantom: 652 encountered, 648 discovered, 0 enqueued
[96.800s][info][gc,heap     ] GC(388)                Mark Start          Mark End        Relocate Start      Relocate End           High               Low         
[96.800s][info][gc,heap     ] GC(388)  Capacity:      500M (100%)        500M (100%)        500M (100%)        500M (100%)        500M (100%)        500M (100%)   
[96.800s][info][gc,heap     ] GC(388)   Reserve:       34M (7%)           34M (7%)           34M (7%)           34M (7%)           34M (7%)           34M (7%)     
[96.800s][info][gc,heap     ] GC(388)      Free:      326M (65%)         268M (54%)         338M (68%)         338M (68%)         338M (68%)         268M (54%)    
[96.800s][info][gc,heap     ] GC(388)      Used:      140M (28%)         198M (40%)         128M (26%)         128M (26%)         198M (40%)         128M (26%)    
[96.800s][info][gc,heap     ] GC(388)      Live:         -                31M (6%)           31M (6%)           31M (6%)             -                  -          
[96.800s][info][gc,heap     ] GC(388) Allocated:         -                58M (12%)          58M (12%)          66M (13%)            -                  -          
[96.800s][info][gc,heap     ] GC(388)   Garbage:         -               108M (22%)          38M (8%)           32M (7%)             -                  -          
[96.800s][info][gc,heap     ] GC(388) Reclaimed:         -                  -                70M (14%)          76M (15%)            -                  -          
[96.800s][info][gc          ] GC(388) Garbage Collection (Allocation Rate) 140M(28%)->128M(26%)
[96.813s][info][gc,start    ] GC(389) Garbage Collection (Allocation Rate)
[96.823s][info][gc,phases   ] GC(389) Pause Mark Start 6.670ms
[96.892s][info][gc,phases   ] GC(389) Concurrent Mark 69.673ms
[96.896s][info][gc,phases   ] GC(389) Pause Mark End 0.464ms
[96.897s][info][gc,phases   ] GC(389) Concurrent Process Non-Strong References 1.551ms
[96.897s][info][gc,phases   ] GC(389) Concurrent Reset Relocation Set 0.002ms
[96.897s][info][gc,phases   ] GC(389) Concurrent Destroy Detached Pages 0.001ms
[96.899s][info][gc,phases   ] GC(389) Concurrent Select Relocation Set 1.508ms
[96.899s][info][gc,phases   ] GC(389) Concurrent Prepare Relocation Set 0.026ms
[96.902s][info][gc,phases   ] GC(389) Pause Relocate Start 3.133ms
[96.908s][info][gc,phases   ] GC(389) Concurrent Relocate 6.156ms
[96.908s][info][gc,load     ] GC(389) Load: 2.02/1.22/0.57
[96.908s][info][gc,mmu      ] GC(389) MMU: 2ms/0.0%, 5ms/0.0%, 10ms/0.0%, 20ms/0.0%, 50ms/57.1%, 100ms/74.9%
[96.909s][info][gc,marking  ] GC(389) Mark: 1 stripe(s), 2 proactive flush(es), 1 terminate flush(es), 0 completion(s), 0 continuation(s) 
[96.909s][info][gc,reloc    ] GC(389) Relocation: Successful, 7M relocated
[96.909s][info][gc,nmethod  ] GC(389) NMethods: 3711 registered, 0 unregistered
[96.909s][info][gc,metaspace] GC(389) Metaspace: 73M used, 78M capacity, 78M committed, 80M reserved
[96.909s][info][gc,ref      ] GC(389) Soft: 2201 encountered, 0 discovered, 0 enqueued
[96.909s][info][gc,ref      ] GC(389) Weak: 4606 encountered, 3634 discovered, 0 enqueued
[96.909s][info][gc,ref      ] GC(389) Final: 27 encountered, 0 discovered, 0 enqueued
[96.909s][info][gc,ref      ] GC(389) Phantom: 652 encountered, 648 discovered, 0 enqueued
[96.909s][info][gc,heap     ] GC(389)                Mark Start          Mark End        Relocate Start      Relocate End           High               Low         
[96.909s][info][gc,heap     ] GC(389)  Capacity:      500M (100%)        500M (100%)        500M (100%)        500M (100%)        500M (100%)        500M (100%)   
[96.909s][info][gc,heap     ] GC(389)   Reserve:       34M (7%)           34M (7%)           34M (7%)           34M (7%)           34M (7%)           34M (7%)     
[96.909s][info][gc,heap     ] GC(389)      Free:      330M (66%)         270M (54%)         336M (67%)         334M (67%)         336M (67%)         270M (54%)    
[96.909s][info][gc,heap     ] GC(389)      Used:      136M (27%)         196M (39%)         130M (26%)         132M (26%)         196M (39%)         130M (26%)    
[96.909s][info][gc,heap     ] GC(389)      Live:         -                31M (6%)           31M (6%)           31M (6%)             -                  -          
[96.909s][info][gc,heap     ] GC(389) Allocated:         -                60M (12%)          60M (12%)          70M (14%)            -                  -          
[96.909s][info][gc,heap     ] GC(389)   Garbage:         -               104M (21%)          38M (8%)           34M (7%)             -                  -          
[96.909s][info][gc,heap     ] GC(389) Reclaimed:         -                  -                66M (13%)          70M (14%)            -                  -          
[96.909s][info][gc          ] GC(389) Garbage Collection (Allocation Rate) 136M(27%)->132M(26%)
[96.913s][info][gc,start    ] GC(390) Garbage Collection (Allocation Rate)
[96.919s][info][gc,phases   ] GC(390) Pause Mark Start 3.616ms
[96.990s][info][gc,phases   ] GC(390) Concurrent Mark 70.739ms
[96.993s][info][gc,phases   ] GC(390) Pause Mark End 0.459ms
[96.995s][info][gc,phases   ] GC(390) Concurrent Process Non-Strong References 1.534ms
[96.995s][info][gc,phases   ] GC(390) Concurrent Reset Relocation Set 0.002ms
[96.995s][info][gc,phases   ] GC(390) Concurrent Destroy Detached Pages 0.001ms
[96.997s][info][gc,phases   ] GC(390) Concurrent Select Relocation Set 1.606ms
[96.997s][info][gc,phases   ] GC(390) Concurrent Prepare Relocation Set 0.029ms
[97.000s][info][gc,phases   ] GC(390) Pause Relocate Start 3.059ms
[97.008s][info][gc,phases   ] GC(390) Concurrent Relocate 8.116ms
[97.008s][info][gc,load     ] GC(390) Load: 2.02/1.22/0.57
[97.008s][info][gc,mmu      ] GC(390) MMU: 2ms/0.0%, 5ms/0.0%, 10ms/0.0%, 20ms/0.0%, 50ms/57.1%, 100ms/74.9%
[97.008s][info][gc,marking  ] GC(390) Mark: 1 stripe(s), 2 proactive flush(es), 1 terminate flush(es), 0 completion(s), 0 continuation(s) 
[97.008s][info][gc,reloc    ] GC(390) Relocation: Successful, 7M relocated
[97.008s][info][gc,nmethod  ] GC(390) NMethods: 3711 registered, 0 unregistered
[97.008s][info][gc,metaspace] GC(390) Metaspace: 73M used, 78M capacity, 78M committed, 80M reserved
[97.008s][info][gc,ref      ] GC(390) Soft: 2201 encountered, 0 discovered, 0 enqueued
[97.008s][info][gc,ref      ] GC(390) Weak: 4606 encountered, 3634 discovered, 0 enqueued
[97.008s][info][gc,ref      ] GC(390) Final: 27 encountered, 0 discovered, 0 enqueued
[97.008s][info][gc,ref      ] GC(390) Phantom: 652 encountered, 648 discovered, 0 enqueued
[97.008s][info][gc,heap     ] GC(390)                Mark Start          Mark End        Relocate Start      Relocate End           High               Low         
[97.008s][info][gc,heap     ] GC(390)  Capacity:      500M (100%)        500M (100%)        500M (100%)        500M (100%)        500M (100%)        500M (100%)   
[97.008s][info][gc,heap     ] GC(390)   Reserve:       34M (7%)           34M (7%)           34M (7%)           34M (7%)           34M (7%)           34M (7%)     
[97.008s][info][gc,heap     ] GC(390)      Free:      328M (66%)         258M (52%)         324M (65%)         324M (65%)         328M (66%)         258M (52%)    
[97.008s][info][gc,heap     ] GC(390)      Used:      138M (28%)         208M (42%)         142M (28%)         142M (28%)         208M (42%)         138M (28%)    
[97.008s][info][gc,heap     ] GC(390)      Live:         -                31M (6%)           31M (6%)           31M (6%)             -                  -          
[97.008s][info][gc,heap     ] GC(390) Allocated:         -                70M (14%)          70M (14%)          80M (16%)            -                  -          
[97.008s][info][gc,heap     ] GC(390)   Garbage:         -               106M (21%)          40M (8%)           32M (7%)             -                  -          
[97.008s][info][gc,heap     ] GC(390) Reclaimed:         -                  -                66M (13%)          74M (15%)            -                  -          
[97.008s][info][gc          ] GC(390) Garbage Collection (Allocation Rate) 138M(28%)->142M(28%)
[97.014s][info][gc,start    ] GC(391) Garbage Collection (Allocation Rate)
[97.017s][info][gc,phases   ] GC(391) Pause Mark Start 3.585ms
[97.068s][info][gc,heap     ] Page Cache Flushed: 6M requested, 10M(320M->310M) flushed
[97.132s][info][gc,phases   ] GC(391) Concurrent Mark 114.291ms
[97.133s][info][gc,phases   ] GC(391) Pause Mark End 0.407ms
[97.134s][info][gc,phases   ] GC(391) Concurrent Process Non-Strong References 1.620ms
[97.134s][info][gc,phases   ] GC(391) Concurrent Reset Relocation Set 0.003ms
[97.134s][info][gc,phases   ] GC(391) Concurrent Destroy Detached Pages 0.005ms
[97.136s][info][gc,phases   ] GC(391) Concurrent Select Relocation Set 1.549ms
[97.136s][info][gc,phases   ] GC(391) Concurrent Prepare Relocation Set 0.027ms
[97.139s][info][gc,phases   ] GC(391) Pause Relocate Start 3.059ms
[97.144s][info][gc,phases   ] GC(391) Concurrent Relocate 4.907ms
[97.144s][info][gc,load     ] GC(391) Load: 2.02/1.22/0.57
[97.144s][info][gc,mmu      ] GC(391) MMU: 2ms/0.0%, 5ms/0.0%, 10ms/0.0%, 20ms/0.0%, 50ms/57.1%, 100ms/74.9%
[97.144s][info][gc,marking  ] GC(391) Mark: 1 stripe(s), 3 proactive flush(es), 1 terminate flush(es), 0 completion(s), 0 continuation(s) 
[97.144s][info][gc,reloc    ] GC(391) Relocation: Successful, 7M relocated
[97.144s][info][gc,nmethod  ] GC(391) NMethods: 3762 registered, 0 unregistered
[97.144s][info][gc,metaspace] GC(391) Metaspace: 73M used, 78M capacity, 78M committed, 80M reserved
[97.144s][info][gc,ref      ] GC(391) Soft: 2238 encountered, 0 discovered, 0 enqueued
[97.144s][info][gc,ref      ] GC(391) Weak: 4607 encountered, 3626 discovered, 0 enqueued
[97.144s][info][gc,ref      ] GC(391) Final: 27 encountered, 0 discovered, 0 enqueued
[97.144s][info][gc,ref      ] GC(391) Phantom: 651 encountered, 647 discovered, 0 enqueued
[97.144s][info][gc,heap     ] GC(391)                Mark Start          Mark End        Relocate Start      Relocate End           High               Low         
[97.144s][info][gc,heap     ] GC(391)  Capacity:      500M (100%)        500M (100%)        500M (100%)        500M (100%)        500M (100%)        500M (100%)   
[97.144s][info][gc,heap     ] GC(391)   Reserve:       34M (7%)           34M (7%)           34M (7%)           34M (7%)           34M (7%)           34M (7%)     
[97.144s][info][gc,heap     ] GC(391)      Free:      324M (65%)         310M (62%)         384M (77%)         388M (78%)         388M (78%)         310M (62%)    
[97.144s][info][gc,heap     ] GC(391)      Used:      142M (28%)         156M (31%)          82M (16%)          78M (16%)         156M (31%)          78M (16%)    
[97.144s][info][gc,heap     ] GC(391)      Live:         -                31M (6%)           31M (6%)           31M (6%)             -                  -          
[97.144s][info][gc,heap     ] GC(391) Allocated:         -                14M (3%)           14M (3%)           16M (3%)             -                  -          
[97.144s][info][gc,heap     ] GC(391)   Garbage:         -               110M (22%)          36M (7%)           32M (7%)             -                  -          
[97.144s][info][gc,heap     ] GC(391) Reclaimed:         -                  -                74M (15%)          78M (16%)            -                  -          
[97.144s][info][gc          ] GC(391) Garbage Collection (Allocation Rate) 142M(28%)->78M(16%)
[97.144s][info][gc,start    ] GC(392) Garbage Collection (System.gc())
[97.149s][info][gc,phases   ] GC(392) Pause Mark Start 3.717ms
[97.227s][info][gc,phases   ] GC(392) Concurrent Mark 68.046ms
[97.228s][info][gc,phases   ] GC(392) Pause Mark End 0.451ms
[97.229s][info][gc,phases   ] GC(392) Concurrent Process Non-Strong References 1.721ms
[97.230s][info][gc,phases   ] GC(392) Concurrent Reset Relocation Set 0.003ms
[97.230s][info][gc,phases   ] GC(392) Concurrent Destroy Detached Pages 0.000ms
[97.232s][info][gc,phases   ] GC(392) Concurrent Select Relocation Set 2.214ms
[97.232s][info][gc,phases   ] GC(392) Concurrent Prepare Relocation Set 0.062ms
[97.238s][info][gc,phases   ] GC(392) Pause Relocate Start 3.433ms
[97.245s][info][gc,phases   ] GC(392) Concurrent Relocate 6.413ms
[97.245s][info][gc,load     ] GC(392) Load: 2.02/1.22/0.57
[97.245s][info][gc,mmu      ] GC(392) MMU: 2ms/0.0%, 5ms/0.0%, 10ms/0.0%, 20ms/0.0%, 50ms/57.1%, 100ms/74.9%
[97.245s][info][gc,marking  ] GC(392) Mark: 1 stripe(s), 2 proactive flush(es), 1 terminate flush(es), 0 completion(s), 0 continuation(s) 
[97.245s][info][gc,reloc    ] GC(392) Relocation: Successful, 8M relocated
[97.245s][info][gc,nmethod  ] GC(392) NMethods: 3764 registered, 0 unregistered
[97.245s][info][gc,metaspace] GC(392) Metaspace: 73M used, 78M capacity, 78M committed, 80M reserved
[97.245s][info][gc,ref      ] GC(392) Soft: 2477 encountered, 0 discovered, 0 enqueued
[97.245s][info][gc,ref      ] GC(392) Weak: 4690 encountered, 3757 discovered, 124 enqueued
[97.245s][info][gc,ref      ] GC(392) Final: 27 encountered, 0 discovered, 0 enqueued
[97.245s][info][gc,ref      ] GC(392) Phantom: 651 encountered, 647 discovered, 0 enqueued
[97.245s][info][gc,heap     ] GC(392)                Mark Start          Mark End        Relocate Start      Relocate End           High               Low         
[97.245s][info][gc,heap     ] GC(392)  Capacity:      500M (100%)        500M (100%)        500M (100%)        500M (100%)        500M (100%)        500M (100%)   
[97.245s][info][gc,heap     ] GC(392)   Reserve:       34M (7%)           34M (7%)           34M (7%)           34M (7%)           34M (7%)           34M (7%)     
[97.245s][info][gc,heap     ] GC(392)      Free:      388M (78%)         386M (77%)         392M (78%)         400M (80%)         400M (80%)         386M (77%)    
[97.245s][info][gc,heap     ] GC(392)      Used:       78M (16%)          80M (16%)          74M (15%)          66M (13%)          80M (16%)          66M (13%)    
[97.245s][info][gc,heap     ] GC(392)      Live:         -                32M (6%)           32M (6%)           32M (6%)             -                  -          
[97.245s][info][gc,heap     ] GC(392) Allocated:         -                 2M (0%)            2M (0%)            6M (1%)             -                  -          
[97.245s][info][gc,heap     ] GC(392)   Garbage:         -                45M (9%)           39M (8%)           31M (6%)             -                  -          
[97.245s][info][gc,heap     ] GC(392) Reclaimed:         -                  -                 6M (1%)           14M (3%)             -                  -          
[97.245s][info][gc          ] GC(392) Garbage Collection (System.gc()) 78M(16%)->66M(13%)
[97.250s][info][gc,heap     ] Page Cache Flushed: 30M requested, 30M(396M->366M) flushed
[97.288s][info][gc,heap     ] Page Cache Flushed: 6M requested, 6M(362M->356M) flushed
[97.413s][info][gc,start    ] GC(393) Garbage Collection (Allocation Rate)
[97.420s][info][gc,phases   ] GC(393) Pause Mark Start 3.714ms
[97.477s][info][gc,heap     ] Page Cache Flushed: 32M requested, 32M(114M->82M) flushed
[97.530s][info][gc,phases   ] GC(393) Concurrent Mark 109.504ms
[97.533s][info][gc,phases   ] GC(393) Pause Mark End 0.496ms
[97.535s][info][gc,phases   ] GC(393) Concurrent Process Non-Strong References 1.887ms
[97.535s][info][gc,phases   ] GC(393) Concurrent Reset Relocation Set 0.002ms
[97.535s][info][gc,phases   ] GC(393) Concurrent Destroy Detached Pages 0.033ms
[97.537s][info][gc,phases   ] GC(393) Concurrent Select Relocation Set 1.519ms
[97.537s][info][gc,phases   ] GC(393) Concurrent Prepare Relocation Set 0.517ms
[97.541s][info][gc,phases   ] GC(393) Pause Relocate Start 3.352ms
[97.597s][info][gc,phases   ] GC(393) Concurrent Relocate 56.493ms
[97.597s][info][gc,load     ] GC(393) Load: 2.02/1.22/0.57
[97.598s][info][gc,mmu      ] GC(393) MMU: 2ms/0.0%, 5ms/0.0%, 10ms/0.0%, 20ms/0.0%, 50ms/57.1%, 100ms/74.9%
[97.598s][info][gc,marking  ] GC(393) Mark: 1 stripe(s), 2 proactive flush(es), 1 terminate flush(es), 0 completion(s), 0 continuation(s) 
[97.598s][info][gc,reloc    ] GC(393) Relocation: Successful, 16M relocated
[97.598s][info][gc,nmethod  ] GC(393) NMethods: 3794 registered, 0 unregistered
[97.598s][info][gc,metaspace] GC(393) Metaspace: 73M used, 78M capacity, 78M committed, 80M reserved
[97.598s][info][gc,ref      ] GC(393) Soft: 2538 encountered, 0 discovered, 0 enqueued
[97.598s][info][gc,ref      ] GC(393) Weak: 4662 encountered, 3676 discovered, 25 enqueued
[97.598s][info][gc,ref      ] GC(393) Final: 27 encountered, 0 discovered, 0 enqueued
[97.598s][info][gc,ref      ] GC(393) Phantom: 652 encountered, 648 discovered, 0 enqueued
[97.598s][info][gc,heap     ] GC(393)                Mark Start          Mark End        Relocate Start      Relocate End           High               Low         
[97.598s][info][gc,heap     ] GC(393)  Capacity:      500M (100%)        500M (100%)        500M (100%)        500M (100%)        500M (100%)        500M (100%)   
[97.598s][info][gc,heap     ] GC(393)   Reserve:       34M (7%)           34M (7%)           34M (7%)           34M (7%)           34M (7%)           34M (7%)     
[97.598s][info][gc,heap     ] GC(393)      Free:      194M (39%)          18M (4%)           24M (5%)          170M (34%)         194M (39%)           6M (1%)     
[97.598s][info][gc,heap     ] GC(393)      Used:      272M (54%)         448M (90%)         442M (88%)         296M (59%)         460M (92%)         272M (54%)    
[97.598s][info][gc,heap     ] GC(393)      Live:         -                42M (9%)           42M (9%)           42M (9%)             -                  -          
[97.598s][info][gc,heap     ] GC(393) Allocated:         -               176M (35%)         176M (35%)         264M (53%)            -                  -          
[97.598s][info][gc,heap     ] GC(393)   Garbage:         -               229M (46%)         223M (45%)           3M (1%)             -                  -          
[97.598s][info][gc,heap     ] GC(393) Reclaimed:         -                  -                 6M (1%)          226M (45%)            -                  -          
[97.598s][info][gc          ] GC(393) Garbage Collection (Allocation Rate) 272M(54%)->296M(59%)
[97.614s][info][gc,start    ] GC(394) Garbage Collection (Allocation Rate)
[97.620s][info][gc,phases   ] GC(394) Pause Mark Start 3.840ms
[97.677s][info][gc,heap     ] Page Cache Flushed: 2M requested, 32M(64M->32M) flushed
[97.723s][info][gc,heap     ] Page Cache Flushed: 2M requested, 32M(32M->0M) flushed
[97.778s][info][gc,phases   ] GC(394) Concurrent Mark 157.453ms
[97.779s][info][gc,phases   ] GC(394) Pause Mark End 0.570ms
[97.780s][info][gc,phases   ] GC(394) Concurrent Process Non-Strong References 1.495ms
[97.780s][info][gc,phases   ] GC(394) Concurrent Reset Relocation Set 0.021ms
[97.780s][info][gc,phases   ] GC(394) Concurrent Destroy Detached Pages 0.004ms
[97.782s][info][gc,phases   ] GC(394) Concurrent Select Relocation Set 1.523ms
[97.783s][info][gc,phases   ] GC(394) Concurrent Prepare Relocation Set 1.286ms
[97.787s][info][gc,phases   ] GC(394) Pause Relocate Start 3.242ms
[97.787s][info][gc          ] Allocation Stall (Executor task launch worker for task 0.0 in stage 27.0 (TID 27)) 28.987ms
[97.788s][info][gc          ] Allocation Stall (Executor task launch worker for task 0.0 in stage 27.0 (TID 27)) 0.329ms
[97.789s][info][gc          ] Allocation Stall (Executor task launch worker for task 0.0 in stage 27.0 (TID 27)) 0.342ms
[97.791s][info][gc          ] Allocation Stall (Executor task launch worker for task 0.0 in stage 27.0 (TID 27)) 0.495ms
[97.792s][info][gc          ] Allocation Stall (Executor task launch worker for task 0.0 in stage 27.0 (TID 27)) 0.373ms
[97.793s][info][gc          ] Allocation Stall (Executor task launch worker for task 0.0 in stage 27.0 (TID 27)) 0.380ms
[97.794s][info][gc          ] Allocation Stall (Executor task launch worker for task 0.0 in stage 27.0 (TID 27)) 0.392ms
[97.795s][info][gc          ] Allocation Stall (Executor task launch worker for task 0.0 in stage 27.0 (TID 27)) 0.585ms
[97.799s][info][gc          ] Allocation Stall (Executor task launch worker for task 0.0 in stage 27.0 (TID 27)) 3.301ms
[97.811s][info][gc          ] Allocation Stall (Executor task launch worker for task 0.0 in stage 27.0 (TID 27)) 5.695ms
[97.889s][info][gc,phases   ] GC(394) Concurrent Relocate 102.173ms
[97.889s][info][gc,load     ] GC(394) Load: 2.02/1.22/0.57
[97.889s][info][gc,mmu      ] GC(394) MMU: 2ms/0.0%, 5ms/0.0%, 10ms/0.0%, 20ms/0.0%, 50ms/57.1%, 100ms/74.9%
[97.889s][info][gc,marking  ] GC(394) Mark: 1 stripe(s), 2 proactive flush(es), 1 terminate flush(es), 0 completion(s), 0 continuation(s) 
[97.889s][info][gc,reloc    ] GC(394) Relocation: Successful, 27M relocated
[97.889s][info][gc,nmethod  ] GC(394) NMethods: 3794 registered, 0 unregistered
[97.889s][info][gc,metaspace] GC(394) Metaspace: 73M used, 78M capacity, 78M committed, 80M reserved
[97.889s][info][gc,ref      ] GC(394) Soft: 2538 encountered, 0 discovered, 0 enqueued
[97.889s][info][gc,ref      ] GC(394) Weak: 4637 encountered, 3650 discovered, 0 enqueued
[97.889s][info][gc,ref      ] GC(394) Final: 27 encountered, 0 discovered, 0 enqueued
[97.889s][info][gc,ref      ] GC(394) Phantom: 652 encountered, 648 discovered, 0 enqueued
[97.889s][info][gc,heap     ] GC(394)                Mark Start          Mark End        Relocate Start      Relocate End           High               Low         
[97.889s][info][gc,heap     ] GC(394)  Capacity:      500M (100%)        500M (100%)        500M (100%)        500M (100%)        500M (100%)        500M (100%)   
[97.889s][info][gc,heap     ] GC(394)   Reserve:       34M (7%)           34M (7%)           34M (7%)           34M (7%)           34M (7%)           32M (6%)     
[97.889s][info][gc,heap     ] GC(394)      Free:      126M (25%)           0M (0%)            0M (0%)           98M (20%)         126M (25%)           0M (0%)     
[97.889s][info][gc,heap     ] GC(394)      Used:      340M (68%)         466M (93%)         466M (93%)         368M (74%)         468M (94%)         340M (68%)    
[97.889s][info][gc,heap     ] GC(394)      Live:         -                62M (13%)          62M (13%)          62M (13%)            -                  -          
[97.889s][info][gc,heap     ] GC(394) Allocated:         -               126M (25%)         126M (25%)         294M (59%)            -                  -          
[97.889s][info][gc,heap     ] GC(394)   Garbage:         -               277M (55%)         277M (55%)          31M (6%)             -                  -          
[97.889s][info][gc,heap     ] GC(394) Reclaimed:         -                  -                 0M (0%)          246M (49%)            -                  -          
[97.889s][info][gc          ] GC(394) Garbage Collection (Allocation Rate) 340M(68%)->368M(74%)
[97.914s][info][gc,start    ] GC(395) Garbage Collection (Allocation Rate)
[97.920s][info][gc,phases   ] GC(395) Pause Mark Start 3.659ms
[98.073s][info][gc,phases   ] GC(395) Concurrent Mark 152.257ms
[98.073s][info][gc,phases   ] GC(395) Pause Mark End 0.493ms
[98.075s][info][gc,phases   ] GC(395) Concurrent Process Non-Strong References 1.551ms
[98.075s][info][gc,phases   ] GC(395) Concurrent Reset Relocation Set 0.225ms
[98.075s][info][gc,phases   ] GC(395) Concurrent Destroy Detached Pages 0.000ms
[98.077s][info][gc,phases   ] GC(395) Concurrent Select Relocation Set 1.506ms
[98.079s][info][gc,phases   ] GC(395) Concurrent Prepare Relocation Set 2.301ms
[98.083s][info][gc,phases   ] GC(395) Pause Relocate Start 3.188ms
[98.083s][info][gc          ] Allocation Stall (Executor task launch worker for task 0.0 in stage 27.0 (TID 27)) 145.964ms
[98.084s][info][gc          ] Allocation Stall (Spark Context Cleaner) 69.801ms
[98.084s][info][gc          ] Allocation Stall (Executor task launch worker for task 0.0 in stage 27.0 (TID 27)) 0.527ms
[98.086s][info][gc          ] Allocation Stall (Executor task launch worker for task 0.0 in stage 27.0 (TID 27)) 0.356ms
[98.087s][info][gc          ] Allocation Stall (Executor task launch worker for task 0.0 in stage 27.0 (TID 27)) 0.353ms
[98.090s][info][gc          ] Allocation Stall (Executor task launch worker for task 0.0 in stage 27.0 (TID 27)) 2.530ms
[98.151s][info][gc,heap     ] Page Cache Flushed: 10M requested, 10M(50M->40M) flushed
[98.233s][info][gc,phases   ] GC(395) Concurrent Relocate 150.380ms
[98.233s][info][gc,load     ] GC(395) Load: 2.02/1.22/0.57
[98.233s][info][gc,mmu      ] GC(395) MMU: 2ms/0.0%, 5ms/0.0%, 10ms/0.0%, 20ms/0.0%, 50ms/57.1%, 100ms/74.9%
[98.233s][info][gc,marking  ] GC(395) Mark: 1 stripe(s), 2 proactive flush(es), 1 terminate flush(es), 0 completion(s), 0 continuation(s) 
[98.233s][info][gc,reloc    ] GC(395) Relocation: Successful, 31M relocated
[98.233s][info][gc,nmethod  ] GC(395) NMethods: 3794 registered, 0 unregistered
[98.233s][info][gc,metaspace] GC(395) Metaspace: 73M used, 78M capacity, 78M committed, 80M reserved
[98.233s][info][gc,ref      ] GC(395) Soft: 2538 encountered, 0 discovered, 0 enqueued
[98.233s][info][gc,ref      ] GC(395) Weak: 4637 encountered, 3650 discovered, 0 enqueued
[98.233s][info][gc,ref      ] GC(395) Final: 27 encountered, 0 discovered, 0 enqueued
[98.233s][info][gc,ref      ] GC(395) Phantom: 652 encountered, 648 discovered, 0 enqueued
[98.233s][info][gc,heap     ] GC(395)                Mark Start          Mark End        Relocate Start      Relocate End           High               Low         
[98.233s][info][gc,heap     ] GC(395)  Capacity:      500M (100%)        500M (100%)        500M (100%)        500M (100%)        500M (100%)        500M (100%)   
[98.233s][info][gc,heap     ] GC(395)   Reserve:       34M (7%)           34M (7%)           34M (7%)           34M (7%)           34M (7%)           32M (6%)     
[98.233s][info][gc,heap     ] GC(395)      Free:       26M (5%)            0M (0%)            0M (0%)          210M (42%)         214M (43%)           0M (0%)     
[98.233s][info][gc,heap     ] GC(395)      Used:      440M (88%)         466M (93%)         466M (93%)         256M (51%)         468M (94%)         252M (50%)    
[98.233s][info][gc,heap     ] GC(395)      Live:         -                91M (18%)          91M (18%)          91M (18%)            -                  -          
[98.233s][info][gc,heap     ] GC(395) Allocated:         -                26M (5%)           26M (5%)          160M (32%)            -                  -          
[98.233s][info][gc,heap     ] GC(395)   Garbage:         -               348M (70%)         348M (70%)          34M (7%)             -                  -          
[98.233s][info][gc,heap     ] GC(395) Reclaimed:         -                  -                 0M (0%)          314M (63%)            -                  -          
[98.233s][info][gc          ] GC(395) Garbage Collection (Allocation Rate) 440M(88%)->256M(51%)
[98.308s][info][gc,start    ] GC(396) Garbage Collection (Allocation Stall)
[98.309s][info][gc,ref      ] GC(396) Clearing All Soft References
[98.313s][info][gc,phases   ] GC(396) Pause Mark Start 3.891ms
[98.460s][info][gc,phases   ] GC(396) Concurrent Mark 146.876ms
[98.460s][info][gc,phases   ] GC(396) Pause Mark End 0.487ms
[98.462s][info][gc,phases   ] GC(396) Concurrent Process Non-Strong References 1.638ms
[98.462s][info][gc,phases   ] GC(396) Concurrent Reset Relocation Set 0.299ms
[98.462s][info][gc,phases   ] GC(396) Concurrent Destroy Detached Pages 0.008ms
[98.464s][info][gc,heap     ] GC(396) Page Cache Flushed: 2M requested, 6M(6M->0M) flushed
[98.464s][info][gc          ] Allocation Stall (Executor task launch worker for task 0.0 in stage 27.0 (TID 27)) 155.978ms
[98.466s][info][gc          ] Allocation Stall (Spark Context Cleaner) 80.523ms
[98.466s][info][gc,phases   ] GC(396) Concurrent Select Relocation Set 3.713ms
[98.469s][info][gc,phases   ] GC(396) Concurrent Prepare Relocation Set 2.618ms
[98.473s][info][gc,phases   ] GC(396) Pause Relocate Start 3.669ms
[98.474s][info][gc          ] Allocation Stall (Executor task launch worker for task 0.0 in stage 27.0 (TID 27)) 7.497ms
[98.476s][info][gc          ] Allocation Stall (Executor task launch worker for task 0.0 in stage 27.0 (TID 27)) 0.373ms
[98.477s][info][gc          ] Allocation Stall (Executor task launch worker for task 0.0 in stage 27.0 (TID 27)) 0.382ms
[98.483s][info][gc          ] Allocation Stall (Executor task launch worker for task 0.0 in stage 27.0 (TID 27)) 5.524ms
[98.619s][info][gc,phases   ] GC(396) Concurrent Relocate 146.244ms
[98.619s][info][gc,load     ] GC(396) Load: 2.02/1.22/0.57
[98.619s][info][gc,mmu      ] GC(396) MMU: 2ms/0.0%, 5ms/0.0%, 10ms/0.0%, 20ms/0.0%, 50ms/57.1%, 100ms/74.9%
[98.619s][info][gc,marking  ] GC(396) Mark: 1 stripe(s), 2 proactive flush(es), 1 terminate flush(es), 0 completion(s), 0 continuation(s) 
[98.619s][info][gc,reloc    ] GC(396) Relocation: Successful, 34M relocated
[98.619s][info][gc,nmethod  ] GC(396) NMethods: 3794 registered, 0 unregistered
[98.619s][info][gc,metaspace] GC(396) Metaspace: 73M used, 78M capacity, 78M committed, 80M reserved
[98.619s][info][gc,ref      ] GC(396) Soft: 2538 encountered, 935 discovered, 386 enqueued
[98.619s][info][gc,ref      ] GC(396) Weak: 4637 encountered, 3812 discovered, 0 enqueued
[98.619s][info][gc,ref      ] GC(396) Final: 27 encountered, 0 discovered, 0 enqueued
[98.619s][info][gc,ref      ] GC(396) Phantom: 652 encountered, 648 discovered, 0 enqueued
[98.619s][info][gc,heap     ] GC(396)                Mark Start          Mark End        Relocate Start      Relocate End           High               Low         
[98.619s][info][gc,heap     ] GC(396)  Capacity:      500M (100%)        500M (100%)        500M (100%)        500M (100%)        500M (100%)        500M (100%)   
[98.619s][info][gc,heap     ] GC(396)   Reserve:       34M (7%)           34M (7%)           34M (7%)           34M (7%)           34M (7%)           32M (6%)     
[98.619s][info][gc,heap     ] GC(396)      Free:        0M (0%)            0M (0%)            0M (0%)          100M (20%)         118M (24%)           0M (0%)     
[98.619s][info][gc,heap     ] GC(396)      Used:      466M (93%)         466M (93%)         466M (93%)         366M (73%)         468M (94%)         348M (70%)    
[98.619s][info][gc,heap     ] GC(396)      Live:         -               118M (24%)         118M (24%)         118M (24%)            -                  -          
[98.619s][info][gc,heap     ] GC(396) Allocated:         -                 0M (0%)            6M (1%)          246M (49%)            -                  -          
[98.619s][info][gc,heap     ] GC(396)   Garbage:         -               347M (70%)         341M (68%)          31M (6%)             -                  -          
[98.619s][info][gc,heap     ] GC(396) Reclaimed:         -                  -                 6M (1%)          316M (63%)            -                  -          
[98.619s][info][gc          ] GC(396) Garbage Collection (Allocation Stall) 466M(93%)->366M(73%)
[98.703s][info][gc,start    ] GC(397) Garbage Collection (Allocation Stall)
[98.704s][info][gc,ref      ] GC(397) Clearing All Soft References
[98.709s][info][gc,phases   ] GC(397) Pause Mark Start 4.877ms
[98.755s][info][gc,phases   ] GC(397) Concurrent Mark 46.211ms
[98.756s][info][gc,phases   ] GC(397) Pause Mark End 0.464ms
[98.758s][info][gc,phases   ] GC(397) Concurrent Process Non-Strong References 1.796ms
[98.758s][info][gc,phases   ] GC(397) Concurrent Reset Relocation Set 0.561ms
[98.758s][info][gc,phases   ] GC(397) Concurrent Destroy Detached Pages 0.004ms
[98.758s][info][gc,heap     ] GC(397) Page Cache Flushed: 32M requested, 32M(34M->2M) flushed
[98.760s][info][gc          ] Allocation Stall (main) 56.667ms
[98.760s][info][gc          ] Allocation Stall (Spark Context Cleaner) 0.354ms
[98.761s][info][gc          ] Allocation Stall (main) 0.891ms
[98.768s][info][gc,phases   ] GC(397) Concurrent Select Relocation Set 9.980ms
[98.768s][info][gc,phases   ] GC(397) Concurrent Prepare Relocation Set 0.010ms
[98.775s][info][gc,phases   ] GC(397) Pause Relocate Start 3.567ms
[98.777s][info][gc,phases   ] GC(397) Concurrent Relocate 1.954ms
[98.777s][info][gc,load     ] GC(397) Load: 2.02/1.22/0.57
[98.777s][info][gc,mmu      ] GC(397) MMU: 2ms/0.0%, 5ms/0.0%, 10ms/0.0%, 20ms/0.0%, 50ms/57.1%, 100ms/74.9%
[98.777s][info][gc,marking  ] GC(397) Mark: 1 stripe(s), 1 proactive flush(es), 1 terminate flush(es), 0 completion(s), 0 continuation(s) 
[98.777s][info][gc,reloc    ] GC(397) Relocation: Successful, 5M relocated
[98.777s][info][gc,nmethod  ] GC(397) NMethods: 3816 registered, 0 unregistered
[98.777s][info][gc,metaspace] GC(397) Metaspace: 73M used, 78M capacity, 79M committed, 80M reserved
[98.777s][info][gc,ref      ] GC(397) Soft: 2297 encountered, 695 discovered, 148 enqueued
[98.777s][info][gc,ref      ] GC(397) Weak: 4636 encountered, 3871 discovered, 60 enqueued
[98.777s][info][gc,ref      ] GC(397) Final: 27 encountered, 0 discovered, 0 enqueued
[98.777s][info][gc,ref      ] GC(397) Phantom: 652 encountered, 461 discovered, 0 enqueued
[98.777s][info][gc,heap     ] GC(397)                Mark Start          Mark End        Relocate Start      Relocate End           High               Low         
[98.777s][info][gc,heap     ] GC(397)  Capacity:      500M (100%)        500M (100%)        500M (100%)        500M (100%)        500M (100%)        500M (100%)   
[98.777s][info][gc,heap     ] GC(397)   Reserve:       34M (7%)           34M (7%)           34M (7%)           34M (7%)           34M (7%)           34M (7%)     
[98.777s][info][gc,heap     ] GC(397)      Free:       14M (3%)           14M (3%)          350M (70%)         366M (73%)         366M (73%)           0M (0%)     
[98.777s][info][gc,heap     ] GC(397)      Used:      452M (90%)         452M (90%)         116M (23%)         100M (20%)         466M (93%)         100M (20%)    
[98.777s][info][gc,heap     ] GC(397)      Live:         -                30M (6%)           30M (6%)           30M (6%)             -                  -          
[98.777s][info][gc,heap     ] GC(397) Allocated:         -                 0M (0%)           38M (8%)           40M (8%)             -                  -          
[98.777s][info][gc,heap     ] GC(397)   Garbage:         -               421M (84%)          49M (10%)          33M (7%)             -                  -          
[98.777s][info][gc,heap     ] GC(397) Reclaimed:         -                  -               372M (74%)         388M (78%)            -                  -          
[98.777s][info][gc          ] GC(397) Garbage Collection (Allocation Stall) 452M(90%)->100M(20%)
[98.813s][info][gc,start    ] GC(398) Garbage Collection (Allocation Rate)
[98.818s][info][gc,phases   ] GC(398) Pause Mark Start 3.841ms
[98.853s][info][gc,heap     ] Page Cache Flushed: 6M requested, 10M(360M->350M) flushed
[98.916s][info][gc,phases   ] GC(398) Concurrent Mark 98.187ms
[98.919s][info][gc,phases   ] GC(398) Pause Mark End 0.481ms
[98.921s][info][gc,phases   ] GC(398) Concurrent Process Non-Strong References 1.563ms
[98.921s][info][gc,phases   ] GC(398) Concurrent Reset Relocation Set 0.002ms
[98.921s][info][gc,phases   ] GC(398) Concurrent Destroy Detached Pages 0.019ms
[98.923s][info][gc,phases   ] GC(398) Concurrent Select Relocation Set 1.501ms
[98.923s][info][gc,phases   ] GC(398) Concurrent Prepare Relocation Set 0.019ms
[98.926s][info][gc,phases   ] GC(398) Pause Relocate Start 3.384ms
[98.932s][info][gc,phases   ] GC(398) Concurrent Relocate 5.352ms
[98.932s][info][gc,load     ] GC(398) Load: 2.02/1.22/0.57
[98.932s][info][gc,mmu      ] GC(398) MMU: 2ms/0.0%, 5ms/0.0%, 10ms/0.0%, 20ms/0.0%, 50ms/57.1%, 100ms/74.9%
[98.932s][info][gc,marking  ] GC(398) Mark: 1 stripe(s), 2 proactive flush(es), 1 terminate flush(es), 0 completion(s), 0 continuation(s) 
[98.932s][info][gc,reloc    ] GC(398) Relocation: Successful, 6M relocated
[98.932s][info][gc,nmethod  ] GC(398) NMethods: 3841 registered, 0 unregistered
[98.932s][info][gc,metaspace] GC(398) Metaspace: 74M used, 79M capacity, 79M committed, 80M reserved
[98.932s][info][gc,ref      ] GC(398) Soft: 2312 encountered, 0 discovered, 0 enqueued
[98.932s][info][gc,ref      ] GC(398) Weak: 4584 encountered, 3687 discovered, 3 enqueued
[98.932s][info][gc,ref      ] GC(398) Final: 27 encountered, 0 discovered, 0 enqueued
[98.932s][info][gc,ref      ] GC(398) Phantom: 651 encountered, 647 discovered, 0 enqueued
[98.932s][info][gc,heap     ] GC(398)                Mark Start          Mark End        Relocate Start      Relocate End           High               Low         
[98.932s][info][gc,heap     ] GC(398)  Capacity:      500M (100%)        500M (100%)        500M (100%)        500M (100%)        500M (100%)        500M (100%)   
[98.932s][info][gc,heap     ] GC(398)   Reserve:       34M (7%)           34M (7%)           34M (7%)           34M (7%)           34M (7%)           34M (7%)     
[98.932s][info][gc,heap     ] GC(398)      Free:      360M (72%)         330M (66%)         362M (72%)         362M (72%)         362M (72%)         330M (66%)    
[98.932s][info][gc,heap     ] GC(398)      Used:      106M (21%)         136M (27%)         104M (21%)         104M (21%)         136M (27%)         104M (21%)    
[98.932s][info][gc,heap     ] GC(398)      Live:         -                31M (6%)           31M (6%)           31M (6%)             -                  -          
[98.932s][info][gc,heap     ] GC(398) Allocated:         -                30M (6%)           30M (6%)           42M (8%)             -                  -          
[98.932s][info][gc,heap     ] GC(398)   Garbage:         -                74M (15%)          42M (8%)           32M (6%)             -                  -          
[98.932s][info][gc,heap     ] GC(398) Reclaimed:         -                  -                32M (6%)           42M (8%)             -                  -          
[98.932s][info][gc          ] GC(398) Garbage Collection (Allocation Rate) 106M(21%)->104M(21%)
[99.013s][info][gc,start    ] GC(399) Garbage Collection (Allocation Rate)
[99.020s][info][gc,phases   ] GC(399) Pause Mark Start 3.780ms
[99.021s][info][gc,heap     ] Page Cache Flushed: 30M requested, 30M(116M->86M) flushed
[99.118s][info][gc,phases   ] GC(399) Concurrent Mark 98.053ms
[99.119s][info][gc,phases   ] GC(399) Pause Mark End 0.534ms
[99.121s][info][gc,phases   ] GC(399) Concurrent Process Non-Strong References 1.738ms
[99.121s][info][gc,phases   ] GC(399) Concurrent Reset Relocation Set 0.003ms
[99.121s][info][gc,phases   ] GC(399) Concurrent Destroy Detached Pages 0.017ms
[99.122s][info][gc,heap     ] GC(399) Page Cache Flushed: 2M requested, 6M(6M->0M) flushed
[99.122s][info][gc          ] Allocation Stall (Executor task launch worker for task 0.0 in stage 28.0 (TID 28)) 28.565ms
[99.123s][info][gc          ] Allocation Stall (Spark Context Cleaner) 25.414ms
[99.126s][info][gc,phases   ] GC(399) Concurrent Select Relocation Set 5.036ms
[99.127s][info][gc,phases   ] GC(399) Concurrent Prepare Relocation Set 1.550ms
[99.132s][info][gc,phases   ] GC(399) Pause Relocate Start 4.107ms
[99.132s][info][gc,heap     ] GC(399) Page Cache Flushed: 2M requested, 32M(32M->0M) flushed
[99.133s][info][gc          ] Allocation Stall (Executor task launch worker for task 0.0 in stage 28.0 (TID 28)) 6.761ms
[99.246s][info][gc,phases   ] GC(399) Concurrent Relocate 113.907ms
[99.246s][info][gc,load     ] GC(399) Load: 2.02/1.22/0.57
[99.246s][info][gc,mmu      ] GC(399) MMU: 2ms/0.0%, 5ms/0.0%, 10ms/0.0%, 20ms/0.0%, 50ms/57.1%, 100ms/74.9%
[99.246s][info][gc,marking  ] GC(399) Mark: 1 stripe(s), 2 proactive flush(es), 1 terminate flush(es), 0 completion(s), 0 continuation(s) 
[99.246s][info][gc,reloc    ] GC(399) Relocation: Successful, 23M relocated
[99.246s][info][gc,nmethod  ] GC(399) NMethods: 3841 registered, 0 unregistered
[99.246s][info][gc,metaspace] GC(399) Metaspace: 74M used, 79M capacity, 79M committed, 80M reserved
[99.246s][info][gc,ref      ] GC(399) Soft: 2486 encountered, 0 discovered, 0 enqueued
[99.246s][info][gc,ref      ] GC(399) Weak: 4651 encountered, 3668 discovered, 17 enqueued
[99.246s][info][gc,ref      ] GC(399) Final: 27 encountered, 0 discovered, 0 enqueued
[99.246s][info][gc,ref      ] GC(399) Phantom: 653 encountered, 646 discovered, 1 enqueued
[99.246s][info][gc,heap     ] GC(399)                Mark Start          Mark End        Relocate Start      Relocate End           High               Low         
[99.246s][info][gc,heap     ] GC(399)  Capacity:      500M (100%)        500M (100%)        500M (100%)        500M (100%)        500M (100%)        500M (100%)   
[99.246s][info][gc,heap     ] GC(399)   Reserve:       34M (7%)           34M (7%)           34M (7%)           34M (7%)           34M (7%)           32M (6%)     
[99.246s][info][gc,heap     ] GC(399)      Free:      122M (24%)           0M (0%)            0M (0%)          184M (37%)         184M (37%)           0M (0%)     
[99.246s][info][gc,heap     ] GC(399)      Used:      344M (69%)         466M (93%)         466M (93%)         282M (56%)         468M (94%)         282M (56%)    
[99.246s][info][gc,heap     ] GC(399)      Live:         -                48M (10%)          48M (10%)          48M (10%)            -                  -          
[99.246s][info][gc,heap     ] GC(399) Allocated:         -               122M (24%)         130M (26%)         256M (51%)            -                  -          
[99.246s][info][gc,heap     ] GC(399)   Garbage:         -               295M (59%)         289M (58%)           3M (1%)             -                  -          
[99.246s][info][gc,heap     ] GC(399) Reclaimed:         -                  -                 6M (1%)          292M (58%)            -                  -          
[99.246s][info][gc          ] GC(399) Garbage Collection (Allocation Rate) 344M(69%)->282M(56%)
[99.313s][info][gc,start    ] GC(400) Garbage Collection (Allocation Rate)
[99.320s][info][gc,phases   ] GC(400) Pause Mark Start 3.972ms
[99.333s][info][gc,heap     ] Page Cache Flushed: 2M requested, 32M(32M->0M) flushed
[99.446s][info][gc,phases   ] GC(400) Concurrent Mark 126.330ms
[99.447s][info][gc,phases   ] GC(400) Pause Mark End 0.476ms
[99.449s][info][gc,phases   ] GC(400) Concurrent Process Non-Strong References 1.706ms
[99.449s][info][gc,phases   ] GC(400) Concurrent Reset Relocation Set 0.203ms
[99.449s][info][gc,phases   ] GC(400) Concurrent Destroy Detached Pages 0.005ms
[99.451s][info][gc,phases   ] GC(400) Concurrent Select Relocation Set 1.576ms
[99.453s][info][gc,phases   ] GC(400) Concurrent Prepare Relocation Set 2.169ms
[99.457s][info][gc,phases   ] GC(400) Pause Relocate Start 3.324ms
[99.457s][info][gc          ] Allocation Stall (Executor task launch worker for task 0.0 in stage 28.0 (TID 28)) 91.906ms
[99.458s][info][gc          ] Allocation Stall (Executor task launch worker for task 0.0 in stage 28.0 (TID 28)) 0.215ms
[99.459s][info][gc          ] Allocation Stall (Executor task launch worker for task 0.0 in stage 28.0 (TID 28)) 0.273ms
[99.460s][info][gc          ] Allocation Stall (Executor task launch worker for task 0.0 in stage 28.0 (TID 28)) 0.274ms
[99.461s][info][gc          ] Allocation Stall (Executor task launch worker for task 0.0 in stage 28.0 (TID 28)) 0.286ms
[99.467s][info][gc          ] Allocation Stall (Executor task launch worker for task 0.0 in stage 28.0 (TID 28)) 5.508ms
[99.594s][info][gc,phases   ] GC(400) Concurrent Relocate 136.846ms
[99.594s][info][gc,load     ] GC(400) Load: 2.02/1.22/0.57
[99.594s][info][gc,mmu      ] GC(400) MMU: 2ms/0.0%, 5ms/0.0%, 10ms/0.0%, 20ms/0.0%, 50ms/57.1%, 100ms/74.9%
[99.594s][info][gc,marking  ] GC(400) Mark: 1 stripe(s), 2 proactive flush(es), 1 terminate flush(es), 0 completion(s), 0 continuation(s) 
[99.594s][info][gc,reloc    ] GC(400) Relocation: Incomplete
[99.594s][info][gc,nmethod  ] GC(400) NMethods: 3843 registered, 0 unregistered
[99.594s][info][gc,metaspace] GC(400) Metaspace: 74M used, 79M capacity, 79M committed, 80M reserved
[99.594s][info][gc,ref      ] GC(400) Soft: 2488 encountered, 0 discovered, 0 enqueued
[99.594s][info][gc,ref      ] GC(400) Weak: 4642 encountered, 3658 discovered, 3 enqueued
[99.594s][info][gc,ref      ] GC(400) Final: 27 encountered, 0 discovered, 0 enqueued
[99.594s][info][gc,ref      ] GC(400) Phantom: 652 encountered, 648 discovered, 0 enqueued
[99.594s][info][gc,heap     ] GC(400)                Mark Start          Mark End        Relocate Start      Relocate End           High               Low         
[99.594s][info][gc,heap     ] GC(400)  Capacity:      500M (100%)        500M (100%)        500M (100%)        500M (100%)        500M (100%)        500M (100%)   
[99.594s][info][gc,heap     ] GC(400)   Reserve:       34M (7%)           34M (7%)           34M (7%)           34M (7%)           34M (7%)           32M (6%)     
[99.594s][info][gc,heap     ] GC(400)      Free:       42M (8%)            0M (0%)            0M (0%)          124M (25%)         124M (25%)           0M (0%)     
[99.594s][info][gc,heap     ] GC(400)      Used:      424M (85%)         466M (93%)         466M (93%)         342M (68%)         468M (94%)         342M (68%)    
[99.594s][info][gc,heap     ] GC(400)      Live:         -                77M (15%)          77M (15%)          77M (15%)            -                  -          
[99.594s][info][gc,heap     ] GC(400) Allocated:         -                42M (8%)           42M (8%)          254M (51%)            -                  -          
[99.594s][info][gc,heap     ] GC(400)   Garbage:         -               346M (69%)         346M (69%)          34M (7%)             -                  -          
[99.594s][info][gc,heap     ] GC(400) Reclaimed:         -                  -                 0M (0%)          312M (62%)            -                  -          
[99.594s][info][gc          ] GC(400) Garbage Collection (Allocation Rate) 424M(85%)->342M(68%)
[99.613s][info][gc,start    ] GC(401) Garbage Collection (Allocation Rate)
[99.620s][info][gc,phases   ] GC(401) Pause Mark Start 3.904ms
[99.621s][info][gc,heap     ] Page Cache Flushed: 10M requested, 10M(66M->56M) flushed
[99.811s][info][gc,phases   ] GC(401) Concurrent Mark 191.039ms
[99.812s][info][gc,phases   ] GC(401) Pause Mark End 0.488ms
[99.813s][info][gc,phases   ] GC(401) Concurrent Process Non-Strong References 1.563ms
[99.814s][info][gc,phases   ] GC(401) Concurrent Reset Relocation Set 0.286ms
[99.814s][info][gc,phases   ] GC(401) Concurrent Destroy Detached Pages 0.008ms
[99.815s][info][gc,phases   ] GC(401) Concurrent Select Relocation Set 1.543ms
[99.817s][info][gc,phases   ] GC(401) Concurrent Prepare Relocation Set 1.799ms
[99.821s][info][gc,phases   ] GC(401) Pause Relocate Start 3.194ms
[99.821s][info][gc          ] Allocation Stall (Executor task launch worker for task 0.0 in stage 28.0 (TID 28)) 99.790ms
[99.822s][info][gc          ] Allocation Stall (Executor task launch worker for task 0.0 in stage 28.0 (TID 28)) 0.376ms
[99.823s][info][gc          ] Allocation Stall (Executor task launch worker for task 0.0 in stage 28.0 (TID 28)) 0.371ms
[99.825s][info][gc          ] Allocation Stall (Executor task launch worker for task 0.0 in stage 28.0 (TID 28)) 0.373ms
[99.826s][info][gc          ] Allocation Stall (Executor task launch worker for task 0.0 in stage 28.0 (TID 28)) 0.424ms
[99.827s][info][gc          ] Allocation Stall (Executor task launch worker for task 0.0 in stage 28.0 (TID 28)) 0.414ms
[99.831s][info][gc          ] Allocation Stall (Executor task launch worker for task 0.0 in stage 28.0 (TID 28)) 3.078ms
[99.842s][info][gc          ] Allocation Stall (Executor task launch worker for task 0.0 in stage 28.0 (TID 28)) 6.724ms
[99.933s][info][gc,phases   ] GC(401) Concurrent Relocate 112.013ms
[99.933s][info][gc,load     ] GC(401) Load: 2.02/1.22/0.57
[99.933s][info][gc,mmu      ] GC(401) MMU: 2ms/0.0%, 5ms/0.0%, 10ms/0.0%, 20ms/0.0%, 50ms/57.1%, 100ms/74.9%
[99.933s][info][gc,marking  ] GC(401) Mark: 1 stripe(s), 2 proactive flush(es), 1 terminate flush(es), 0 completion(s), 0 continuation(s) 
[99.933s][info][gc,reloc    ] GC(401) Relocation: Incomplete
[99.933s][info][gc,nmethod  ] GC(401) NMethods: 3843 registered, 0 unregistered
[99.933s][info][gc,metaspace] GC(401) Metaspace: 74M used, 79M capacity, 79M committed, 80M reserved
[99.933s][info][gc,ref      ] GC(401) Soft: 2488 encountered, 0 discovered, 0 enqueued
[99.933s][info][gc,ref      ] GC(401) Weak: 4639 encountered, 3656 discovered, 0 enqueued
[99.933s][info][gc,ref      ] GC(401) Final: 27 encountered, 0 discovered, 0 enqueued
[99.933s][info][gc,ref      ] GC(401) Phantom: 652 encountered, 648 discovered, 0 enqueued
[99.933s][info][gc,heap     ] GC(401)                Mark Start          Mark End        Relocate Start      Relocate End           High               Low         
[99.933s][info][gc,heap     ] GC(401)  Capacity:      500M (100%)        500M (100%)        500M (100%)        500M (100%)        500M (100%)        500M (100%)   
[99.933s][info][gc,heap     ] GC(401)   Reserve:       34M (7%)           34M (7%)           34M (7%)           34M (7%)           34M (7%)           32M (6%)     
[99.933s][info][gc,heap     ] GC(401)      Free:       68M (14%)           0M (0%)            0M (0%)          108M (22%)         108M (22%)           0M (0%)     
[99.933s][info][gc,heap     ] GC(401)      Used:      398M (80%)         466M (93%)         466M (93%)         358M (72%)         468M (94%)         358M (72%)    
[99.933s][info][gc,heap     ] GC(401)      Live:         -                98M (20%)          98M (20%)          98M (20%)            -                  -          
[99.933s][info][gc,heap     ] GC(401) Allocated:         -                68M (14%)          68M (14%)         248M (50%)            -                  -          
[99.933s][info][gc,heap     ] GC(401)   Garbage:         -               299M (60%)         299M (60%)          33M (7%)             -                  -          
[99.933s][info][gc,heap     ] GC(401) Reclaimed:         -                  -                 0M (0%)          266M (53%)            -                  -          
[99.933s][info][gc          ] GC(401) Garbage Collection (Allocation Rate) 398M(80%)->358M(72%)
[99.970s][info][gc,start    ] GC(402) Garbage Collection (Allocation Stall)
[99.971s][info][gc,ref      ] GC(402) Clearing All Soft References
[99.975s][info][gc,phases   ] GC(402) Pause Mark Start 3.836ms
[100.113s][info][gc,stats    ] === Garbage Collection Statistics =======================================================================================================================
[100.113s][info][gc,stats    ]                                                              Last 10s              Last 10m              Last 10h                Total
[100.113s][info][gc,stats    ]                                                              Avg / Max             Avg / Max             Avg / Max             Avg / Max
[100.113s][info][gc,stats    ]   Collector: Garbage Collection Cycle                    175.403 / 371.662     189.601 / 786.210     189.601 / 786.210     189.601 / 786.210     ms
[100.113s][info][gc,stats    ]  Contention: Mark Segment Reset Contention                     0 / 0                 0 / 0                 0 / 0                 0 / 0           ops/s
[100.113s][info][gc,stats    ]  Contention: Mark SeqNum Reset Contention                      0 / 0                 0 / 0                 0 / 0                 0 / 0           ops/s
[100.113s][info][gc,stats    ]  Contention: Relocation Contention                             0 / 3                 0 / 3                 0 / 3                 0 / 3           ops/s
[100.113s][info][gc,stats    ]    Critical: Allocation Stall                             26.133 / 183.996      34.382 / 295.058      34.382 / 295.058      34.382 / 295.058     ms
[100.113s][info][gc,stats    ]    Critical: Allocation Stall                                  8 / 19                5 / 26                5 / 26                5 / 26          ops/s
[100.113s][info][gc,stats    ]    Critical: GC Locker Stall                               0.000 / 0.000         2.158 / 4.829         2.158 / 4.829         2.158 / 4.829       ms
[100.113s][info][gc,stats    ]    Critical: GC Locker Stall                                   0 / 0                 0 / 1                 0 / 1                 0 / 1           ops/s
[100.113s][info][gc,stats    ]      Memory: Allocation Rate                                 781 / 1020            641 / 1288            641 / 1288            641 / 1288        MB/s
[100.113s][info][gc,stats    ]      Memory: Heap Used After Mark                            319 / 466             322 / 466             322 / 466             322 / 466         MB
[100.113s][info][gc,stats    ]      Memory: Heap Used After Relocation                      203 / 376             202 / 438             202 / 438             202 / 438         MB
[100.113s][info][gc,stats    ]      Memory: Heap Used Before Mark                           252 / 466             253 / 466             253 / 466             253 / 466         MB
[100.113s][info][gc,stats    ]      Memory: Heap Used Before Relocation                     240 / 466             238 / 466             238 / 466             238 / 466         MB
[100.113s][info][gc,stats    ]      Memory: Out Of Memory                                     0 / 0                 0 / 0                 0 / 0                 0 / 0           ops/s
[100.113s][info][gc,stats    ]      Memory: Page Cache Flush                                 40 / 132              32 / 180              32 / 180              32 / 180         MB/s
[100.113s][info][gc,stats    ]      Memory: Page Cache Hit L1                               383 / 476             313 / 653             313 / 653             313 / 653         ops/s
[100.113s][info][gc,stats    ]      Memory: Page Cache Hit L2                                 0 / 0                 0 / 0                 0 / 0                 0 / 0           ops/s
[100.113s][info][gc,stats    ]      Memory: Page Cache Miss                                  12 / 39               10 / 154              10 / 154              10 / 154         ops/s
[100.113s][info][gc,stats    ]      Memory: Undo Object Allocation Failed                     0 / 0                 0 / 0                 0 / 0                 0 / 0           ops/s
[100.113s][info][gc,stats    ]      Memory: Undo Object Allocation Succeeded                  0 / 3                 0 / 3                 0 / 3                 0 / 3           ops/s
[100.113s][info][gc,stats    ]      Memory: Undo Page Allocation                              1 / 3                 0 / 4                 0 / 4                 0 / 4           ops/s
[100.113s][info][gc,stats    ]       Phase: Concurrent Destroy Detached Pages             0.003 / 0.033         0.003 / 0.045         0.003 / 0.045         0.003 / 0.045       ms
[100.113s][info][gc,stats    ]       Phase: Concurrent Mark                             123.757 / 348.729     134.453 / 582.256     134.453 / 582.256     134.453 / 582.256     ms
[100.113s][info][gc,stats    ]       Phase: Concurrent Mark Continue                      0.000 / 0.000         0.000 / 0.000         0.000 / 0.000         0.000 / 0.000       ms
[100.113s][info][gc,stats    ]       Phase: Concurrent Prepare Relocation Set             0.471 / 2.854         0.597 / 11.639        0.597 / 11.639        0.597 / 11.639      ms
[100.113s][info][gc,stats    ]       Phase: Concurrent Process Non-Strong References      1.654 / 3.340         1.752 / 8.686         1.752 / 8.686         1.752 / 8.686       ms
[100.113s][info][gc,stats    ]       Phase: Concurrent Relocate                          33.575 / 153.378      38.057 / 371.224      38.057 / 371.224      38.057 / 371.224     ms
[100.113s][info][gc,stats    ]       Phase: Concurrent Reset Relocation Set               0.061 / 0.561         0.063 / 0.580         0.063 / 0.580         0.063 / 0.580       ms
[100.113s][info][gc,stats    ]       Phase: Concurrent Select Relocation Set              2.106 / 9.980         2.153 / 10.609        2.153 / 10.609        2.153 / 10.609      ms
[100.113s][info][gc,stats    ]       Phase: Pause Mark End                                0.490 / 0.914         0.424 / 4.160         0.424 / 4.160         0.424 / 4.160       ms
[100.113s][info][gc,stats    ]       Phase: Pause Mark Start                              4.108 / 6.955         3.302 / 13.944        3.302 / 13.944        3.302 / 13.944      ms
[100.113s][info][gc,stats    ]       Phase: Pause Relocate Start                          3.307 / 5.662         2.825 / 20.181        2.825 / 20.181        2.825 / 20.181      ms
[100.113s][info][gc,stats    ]    Subphase: Concurrent Mark                             119.814 / 346.601     132.536 / 582.233     132.536 / 582.233     132.536 / 582.233     ms
[100.113s][info][gc,stats    ]    Subphase: Concurrent Mark Idle                          0.000 / 0.000         0.000 / 0.000         0.000 / 0.000         0.000 / 0.000       ms
[100.113s][info][gc,stats    ]    Subphase: Concurrent Mark Try Flush                     0.913 / 9.571         1.169 / 20.193        1.169 / 20.193        1.169 / 20.193      ms
[100.113s][info][gc,stats    ]    Subphase: Concurrent Mark Try Terminate                 0.279 / 1.115         0.402 / 9.762         0.402 / 9.762         0.402 / 9.762       ms
[100.113s][info][gc,stats    ]    Subphase: Concurrent References Enqueue                 0.001 / 0.004         0.001 / 0.009         0.001 / 0.009         0.001 / 0.009       ms
[100.113s][info][gc,stats    ]    Subphase: Concurrent References Process                 0.716 / 0.997         0.762 / 6.382         0.762 / 6.382         0.762 / 6.382       ms
[100.113s][info][gc,stats    ]    Subphase: Concurrent Weak Roots                         0.927 / 2.308         0.907 / 6.746         0.907 / 6.746         0.907 / 6.746       ms
[100.113s][info][gc,stats    ]    Subphase: Concurrent Weak Roots JNIWeakHandles          0.000 / 0.001         0.000 / 0.001         0.000 / 0.001         0.000 / 0.001       ms
[100.113s][info][gc,stats    ]    Subphase: Concurrent Weak Roots StringTable             0.684 / 1.706         0.672 / 6.312         0.672 / 6.312         0.672 / 6.312       ms
[100.113s][info][gc,stats    ]    Subphase: Concurrent Weak Roots VMWeakHandles           0.242 / 0.597         0.234 / 0.881         0.234 / 0.881         0.234 / 0.881       ms
[100.113s][info][gc,stats    ]    Subphase: Pause Mark Try Complete                       0.000 / 0.000         0.001 / 0.002         0.001 / 0.002         0.001 / 0.002       ms
[100.113s][info][gc,stats    ]    Subphase: Pause Remap TLABS                             0.003 / 0.011         0.002 / 0.011         0.002 / 0.011         0.002 / 0.011       ms
[100.113s][info][gc,stats    ]    Subphase: Pause Retire TLABS                            0.032 / 0.055         0.022 / 0.059         0.022 / 0.059         0.022 / 0.059       ms
[100.113s][info][gc,stats    ]    Subphase: Pause Roots                                   2.290 / 6.300         1.867 / 13.338        1.867 / 13.338        1.867 / 13.338      ms
[100.113s][info][gc,stats    ]    Subphase: Pause Roots ClassLoaderDataGraph              0.936 / 2.088         0.800 / 4.046         0.800 / 4.046         0.800 / 4.046       ms
[100.113s][info][gc,stats    ]    Subphase: Pause Roots CodeCache                         1.637 / 4.775         1.316 / 11.698        1.316 / 11.698        1.316 / 11.698      ms
[100.113s][info][gc,stats    ]    Subphase: Pause Roots JNIHandles                        0.001 / 0.003         0.001 / 0.084         0.001 / 0.084         0.001 / 0.084       ms
[100.113s][info][gc,stats    ]    Subphase: Pause Roots JNIWeakHandles                    0.000 / 0.000         0.000 / 0.000         0.000 / 0.000         0.000 / 0.000       ms
[100.113s][info][gc,stats    ]    Subphase: Pause Roots JRFWeak                           0.000 / 0.000         0.000 / 0.000         0.000 / 0.000         0.000 / 0.000       ms
[100.113s][info][gc,stats    ]    Subphase: Pause Roots JVMTIExport                       0.001 / 0.001         0.001 / 0.001         0.001 / 0.001         0.001 / 0.001       ms
[100.113s][info][gc,stats    ]    Subphase: Pause Roots JVMTIWeakExport                   0.003 / 0.110         0.001 / 0.110         0.001 / 0.110         0.001 / 0.110       ms
[100.113s][info][gc,stats    ]    Subphase: Pause Roots Management                        0.001 / 0.003         0.002 / 0.371         0.002 / 0.371         0.002 / 0.371       ms
[100.113s][info][gc,stats    ]    Subphase: Pause Roots ObjectSynchronizer                0.000 / 0.001         0.000 / 0.001         0.000 / 0.001         0.000 / 0.001       ms
[100.113s][info][gc,stats    ]    Subphase: Pause Roots Setup                             0.288 / 0.693         0.246 / 12.197        0.246 / 12.197        0.246 / 12.197      ms
[100.113s][info][gc,stats    ]    Subphase: Pause Roots StringTable                       0.000 / 0.000         0.000 / 0.000         0.000 / 0.000         0.000 / 0.000       ms
[100.113s][info][gc,stats    ]    Subphase: Pause Roots SystemDictionary                  0.011 / 0.073         0.011 / 0.337         0.011 / 0.337         0.011 / 0.337       ms
[100.113s][info][gc,stats    ]    Subphase: Pause Roots Teardown                          0.001 / 0.003         0.001 / 0.004         0.001 / 0.004         0.001 / 0.004       ms
[100.113s][info][gc,stats    ]    Subphase: Pause Roots Threads                           0.554 / 1.420         0.441 / 8.097         0.441 / 8.097         0.441 / 8.097       ms
[100.113s][info][gc,stats    ]    Subphase: Pause Roots Universe                          0.002 / 0.005         0.002 / 0.034         0.002 / 0.034         0.002 / 0.034       ms
[100.113s][info][gc,stats    ]    Subphase: Pause Roots VMWeakHandles                     0.000 / 0.000         0.000 / 0.000         0.000 / 0.000         0.000 / 0.000       ms
[100.113s][info][gc,stats    ]    Subphase: Pause Weak Roots                              0.002 / 0.003         0.002 / 0.007         0.002 / 0.007         0.002 / 0.007       ms
[100.113s][info][gc,stats    ]    Subphase: Pause Weak Roots JFRWeak                      0.001 / 0.001         0.001 / 0.002         0.001 / 0.002         0.001 / 0.002       ms
[100.113s][info][gc,stats    ]    Subphase: Pause Weak Roots JNIWeakHandles               0.000 / 0.000         0.000 / 0.000         0.000 / 0.000         0.000 / 0.000       ms
[100.113s][info][gc,stats    ]    Subphase: Pause Weak Roots JVMTIWeakExport              0.001 / 0.001         0.001 / 0.006         0.001 / 0.006         0.001 / 0.006       ms
[100.113s][info][gc,stats    ]    Subphase: Pause Weak Roots Setup                        0.000 / 0.000         0.000 / 0.000         0.000 / 0.000         0.000 / 0.000       ms
[100.113s][info][gc,stats    ]    Subphase: Pause Weak Roots StringTable                  0.000 / 0.000         0.000 / 0.000         0.000 / 0.000         0.000 / 0.000       ms
[100.113s][info][gc,stats    ]    Subphase: Pause Weak Roots SymbolTable                  0.000 / 0.000         0.000 / 0.000         0.000 / 0.000         0.000 / 0.000       ms
[100.113s][info][gc,stats    ]    Subphase: Pause Weak Roots Teardown                     0.001 / 0.001         0.001 / 0.002         0.001 / 0.002         0.001 / 0.002       ms
[100.113s][info][gc,stats    ]    Subphase: Pause Weak Roots VMWeakHandles                0.000 / 0.000         0.000 / 0.000         0.000 / 0.000         0.000 / 0.000       ms
[100.113s][info][gc,stats    ]      System: Java Threads                                    178 / 191             127 / 191             127 / 191             127 / 191         threads
[100.113s][info][gc,stats    ] =========================================================================================================================================================
[100.147s][info][gc,phases   ] GC(402) Concurrent Mark 172.667ms
[100.148s][info][gc,phases   ] GC(402) Pause Mark End 0.468ms
[100.150s][info][gc,phases   ] GC(402) Concurrent Process Non-Strong References 1.757ms
[100.152s][info][gc,phases   ] GC(402) Concurrent Reset Relocation Set 2.105ms
[100.152s][info][gc,phases   ] GC(402) Concurrent Destroy Detached Pages 0.001ms
[100.155s][info][gc,heap     ] GC(402) Page Cache Flushed: 2M requested, 6M(6M->0M) flushed
[100.155s][info][gc          ] Allocation Stall (Executor task launch worker for task 0.0 in stage 28.0 (TID 28)) 184.610ms
[100.155s][info][gc          ] Allocation Stall (Spark Context Cleaner) 126.021ms
[100.158s][info][gc,phases   ] GC(402) Concurrent Select Relocation Set 6.371ms
[100.161s][info][gc,phases   ] GC(402) Concurrent Prepare Relocation Set 2.605ms
[100.165s][info][gc,phases   ] GC(402) Pause Relocate Start 3.420ms
[100.165s][info][gc          ] Allocation Stall (Executor task launch worker for task 0.0 in stage 28.0 (TID 28)) 6.964ms
[100.167s][info][gc          ] Allocation Stall (Executor task launch worker for task 0.0 in stage 28.0 (TID 28)) 0.351ms
[100.168s][info][gc          ] Allocation Stall (Executor task launch worker for task 0.0 in stage 28.0 (TID 28)) 0.389ms
[100.169s][info][gc          ] Allocation Stall (Executor task launch worker for task 0.0 in stage 28.0 (TID 28)) 0.434ms
[100.170s][info][gc          ] Allocation Stall (Executor task launch worker for task 0.0 in stage 28.0 (TID 28)) 0.447ms
[100.175s][info][gc          ] Allocation Stall (Executor task launch worker for task 0.0 in stage 28.0 (TID 28)) 3.850ms
[100.186s][info][gc          ] Allocation Stall (Executor task launch worker for task 0.0 in stage 28.0 (TID 28)) 4.929ms
[100.201s][info][gc          ] Allocation Stall (Executor task launch worker for task 0.0 in stage 28.0 (TID 28)) 6.203ms
[100.315s][info][gc,phases   ] GC(402) Concurrent Relocate 150.228ms
[100.315s][info][gc,load     ] GC(402) Load: 2.02/1.22/0.57
[100.315s][info][gc,mmu      ] GC(402) MMU: 2ms/0.0%, 5ms/0.0%, 10ms/0.0%, 20ms/0.0%, 50ms/57.1%, 100ms/74.9%
[100.315s][info][gc,marking  ] GC(402) Mark: 1 stripe(s), 2 proactive flush(es), 1 terminate flush(es), 0 completion(s), 0 continuation(s) 
[100.315s][info][gc,reloc    ] GC(402) Relocation: Incomplete
[100.315s][info][gc,nmethod  ] GC(402) NMethods: 3843 registered, 0 unregistered
[100.315s][info][gc,metaspace] GC(402) Metaspace: 74M used, 79M capacity, 79M committed, 80M reserved
[100.315s][info][gc,ref      ] GC(402) Soft: 2488 encountered, 885 discovered, 336 enqueued
[100.315s][info][gc,ref      ] GC(402) Weak: 4639 encountered, 3819 discovered, 0 enqueued
[100.315s][info][gc,ref      ] GC(402) Final: 27 encountered, 0 discovered, 0 enqueued
[100.315s][info][gc,ref      ] GC(402) Phantom: 652 encountered, 648 discovered, 0 enqueued
[100.315s][info][gc,heap     ] GC(402)                Mark Start          Mark End        Relocate Start      Relocate End           High               Low         
[100.315s][info][gc,heap     ] GC(402)  Capacity:      500M (100%)        500M (100%)        500M (100%)        500M (100%)        500M (100%)        500M (100%)   
[100.315s][info][gc,heap     ] GC(402)   Reserve:       34M (7%)           34M (7%)           34M (7%)           34M (7%)           34M (7%)           32M (6%)     
[100.315s][info][gc,heap     ] GC(402)      Free:        0M (0%)            0M (0%)            0M (0%)          120M (24%)         120M (24%)           0M (0%)     
[100.315s][info][gc,heap     ] GC(402)      Used:      466M (93%)         466M (93%)         466M (93%)         346M (69%)         468M (94%)         346M (69%)    
[100.315s][info][gc,heap     ] GC(402)      Live:         -               124M (25%)         124M (25%)         124M (25%)            -                  -          
[100.315s][info][gc,heap     ] GC(402) Allocated:         -                 0M (0%)            8M (2%)          214M (43%)            -                  -          
[100.315s][info][gc,heap     ] GC(402)   Garbage:         -               341M (68%)         335M (67%)          35M (7%)             -                  -          
[100.315s][info][gc,heap     ] GC(402) Reclaimed:         -                  -                 6M (1%)          306M (61%)            -                  -          
[100.315s][info][gc          ] GC(402) Garbage Collection (Allocation Stall) 466M(93%)->346M(69%)
[100.413s][info][gc,start    ] GC(403) Garbage Collection (Allocation Rate)
[100.423s][info][gc,phases   ] GC(403) Pause Mark Start 7.415ms
[100.622s][info][gc,phases   ] GC(403) Concurrent Mark 196.920ms
[100.623s][info][gc,phases   ] GC(403) Pause Mark End 0.472ms
[100.624s][info][gc,phases   ] GC(403) Concurrent Process Non-Strong References 1.541ms
[100.625s][info][gc,phases   ] GC(403) Concurrent Reset Relocation Set 0.283ms
[100.625s][info][gc,phases   ] GC(403) Concurrent Destroy Detached Pages 0.004ms
[100.626s][info][gc,phases   ] GC(403) Concurrent Select Relocation Set 1.557ms
[100.627s][info][gc          ] Allocation Stall (Executor task launch worker for task 0.0 in stage 28.0 (TID 28)) 150.458ms
[100.634s][info][gc,phases   ] GC(403) Concurrent Prepare Relocation Set 7.879ms
[100.641s][info][gc,phases   ] GC(403) Pause Relocate Start 3.302ms
[100.719s][info][gc,phases   ] GC(403) Concurrent Relocate 76.004ms
[100.719s][info][gc,load     ] GC(403) Load: 2.02/1.22/0.57
[100.719s][info][gc,mmu      ] GC(403) MMU: 2ms/0.0%, 5ms/0.0%, 10ms/0.0%, 20ms/0.0%, 50ms/57.1%, 100ms/74.9%
[100.719s][info][gc,marking  ] GC(403) Mark: 1 stripe(s), 2 proactive flush(es), 1 terminate flush(es), 0 completion(s), 0 continuation(s) 
[100.719s][info][gc,reloc    ] GC(403) Relocation: Successful, 23M relocated
[100.719s][info][gc,nmethod  ] GC(403) NMethods: 3844 registered, 0 unregistered
[100.719s][info][gc,metaspace] GC(403) Metaspace: 74M used, 79M capacity, 79M committed, 80M reserved
[100.719s][info][gc,ref      ] GC(403) Soft: 2199 encountered, 0 discovered, 0 enqueued
[100.719s][info][gc,ref      ] GC(403) Weak: 4639 encountered, 3665 discovered, 0 enqueued
[100.719s][info][gc,ref      ] GC(403) Final: 27 encountered, 0 discovered, 0 enqueued
[100.719s][info][gc,ref      ] GC(403) Phantom: 652 encountered, 648 discovered, 0 enqueued
[100.719s][info][gc,heap     ] GC(403)                Mark Start          Mark End        Relocate Start      Relocate End           High               Low         
[100.719s][info][gc,heap     ] GC(403)  Capacity:      500M (100%)        500M (100%)        500M (100%)        500M (100%)        500M (100%)        500M (100%)   
[100.719s][info][gc,heap     ] GC(403)   Reserve:       34M (7%)           34M (7%)           34M (7%)           34M (7%)           34M (7%)           34M (7%)     
[100.719s][info][gc,heap     ] GC(403)      Free:       18M (4%)            0M (0%)           68M (14%)         224M (45%)         224M (45%)           0M (0%)     
[100.719s][info][gc,heap     ] GC(403)      Used:      448M (90%)         466M (93%)         398M (80%)         242M (48%)         466M (93%)         242M (48%)    
[100.719s][info][gc,heap     ] GC(403)      Live:         -               140M (28%)         140M (28%)         140M (28%)            -                  -          
[100.719s][info][gc,heap     ] GC(403) Allocated:         -                18M (4%)           24M (5%)           84M (17%)            -                  -          
[100.719s][info][gc,heap     ] GC(403)   Garbage:         -               307M (62%)         233M (47%)          41M (8%)             -                  -          
[100.719s][info][gc,heap     ] GC(403) Reclaimed:         -                  -                74M (15%)         266M (53%)            -                  -          
[100.719s][info][gc          ] GC(403) Garbage Collection (Allocation Rate) 448M(90%)->242M(48%)
[100.813s][info][gc,start    ] GC(404) Garbage Collection (Allocation Rate)
[100.819s][info][gc,phases   ] GC(404) Pause Mark Start 3.726ms
[101.060s][info][gc,phases   ] GC(404) Concurrent Mark 240.335ms
[101.061s][info][gc,phases   ] GC(404) Pause Mark End 0.629ms
[101.064s][info][gc,phases   ] GC(404) Concurrent Process Non-Strong References 2.584ms
[101.064s][info][gc,phases   ] GC(404) Concurrent Reset Relocation Set 0.210ms
[101.064s][info][gc,phases   ] GC(404) Concurrent Destroy Detached Pages 0.001ms
[101.065s][info][gc,phases   ] GC(404) Concurrent Select Relocation Set 1.521ms
[101.065s][info][gc,phases   ] GC(404) Concurrent Prepare Relocation Set 0.031ms
[101.069s][info][gc,phases   ] GC(404) Pause Relocate Start 3.301ms
[101.069s][info][gc          ] Allocation Stall (Executor task launch worker for task 0.0 in stage 28.0 (TID 28)) 47.443ms
[101.076s][info][gc,phases   ] GC(404) Concurrent Relocate 1.941ms
[101.076s][info][gc,load     ] GC(404) Load: 2.02/1.22/0.57
[101.076s][info][gc,mmu      ] GC(404) MMU: 2ms/0.0%, 5ms/0.0%, 10ms/0.0%, 20ms/0.0%, 50ms/57.1%, 100ms/74.9%
[101.076s][info][gc,marking  ] GC(404) Mark: 1 stripe(s), 2 proactive flush(es), 1 terminate flush(es), 0 completion(s), 0 continuation(s) 
[101.076s][info][gc,reloc    ] GC(404) Relocation: Successful, 7M relocated
[101.076s][info][gc,nmethod  ] GC(404) NMethods: 3844 registered, 0 unregistered
[101.076s][info][gc,metaspace] GC(404) Metaspace: 74M used, 79M capacity, 79M committed, 80M reserved
[101.076s][info][gc,ref      ] GC(404) Soft: 2199 encountered, 0 discovered, 0 enqueued
[101.076s][info][gc,ref      ] GC(404) Weak: 4639 encountered, 3665 discovered, 0 enqueued
[101.076s][info][gc,ref      ] GC(404) Final: 27 encountered, 0 discovered, 0 enqueued
[101.076s][info][gc,ref      ] GC(404) Phantom: 652 encountered, 648 discovered, 0 enqueued
[101.076s][info][gc,heap     ] GC(404)                Mark Start          Mark End        Relocate Start      Relocate End           High               Low         
[101.076s][info][gc,heap     ] GC(404)  Capacity:      500M (100%)        500M (100%)        500M (100%)        500M (100%)        500M (100%)        500M (100%)   
[101.076s][info][gc,heap     ] GC(404)   Reserve:       34M (7%)           34M (7%)           34M (7%)           34M (7%)           34M (7%)           34M (7%)     
[101.076s][info][gc,heap     ] GC(404)      Free:      122M (24%)           0M (0%)          138M (28%)         162M (32%)         162M (32%)           0M (0%)     
[101.076s][info][gc,heap     ] GC(404)      Used:      344M (69%)         466M (93%)         328M (66%)         304M (61%)         466M (93%)         304M (61%)    
[101.077s][info][gc,heap     ] GC(404)      Live:         -               140M (28%)         140M (28%)         140M (28%)            -                  -          
[101.077s][info][gc,heap     ] GC(404) Allocated:         -               122M (24%)         124M (25%)         132M (26%)            -                  -          
[101.077s][info][gc,heap     ] GC(404)   Garbage:         -               203M (41%)          63M (13%)          33M (7%)             -                  -          
[101.077s][info][gc,heap     ] GC(404) Reclaimed:         -                  -               140M (28%)         170M (34%)            -                  -          
[101.077s][info][gc          ] GC(404) Garbage Collection (Allocation Rate) 344M(69%)->304M(61%)
[101.114s][info][gc,start    ] GC(405) Garbage Collection (Allocation Rate)
[101.120s][info][gc,phases   ] GC(405) Pause Mark Start 3.719ms
[101.375s][info][gc,phases   ] GC(405) Concurrent Mark 255.000ms
[101.377s][info][gc,phases   ] GC(405) Pause Mark End 0.531ms
[101.378s][info][gc,phases   ] GC(405) Concurrent Process Non-Strong References 1.486ms
[101.378s][info][gc,phases   ] GC(405) Concurrent Reset Relocation Set 0.005ms
[101.378s][info][gc,phases   ] GC(405) Concurrent Destroy Detached Pages 0.000ms
[101.378s][info][gc          ] Allocation Stall (Executor task launch worker for task 0.0 in stage 28.0 (TID 28)) 61.797ms
[101.383s][info][gc,phases   ] GC(405) Concurrent Select Relocation Set 5.112ms
[101.383s][info][gc,phases   ] GC(405) Concurrent Prepare Relocation Set 0.030ms
[101.390s][info][gc,phases   ] GC(405) Pause Relocate Start 3.236ms
[101.397s][info][gc,phases   ] GC(405) Concurrent Relocate 7.303ms
[101.397s][info][gc,load     ] GC(405) Load: 2.02/1.22/0.57
[101.397s][info][gc,mmu      ] GC(405) MMU: 2ms/0.0%, 5ms/0.0%, 10ms/0.0%, 20ms/0.0%, 50ms/57.1%, 100ms/74.9%
[101.397s][info][gc,marking  ] GC(405) Mark: 1 stripe(s), 2 proactive flush(es), 1 terminate flush(es), 0 completion(s), 0 continuation(s) 
[101.397s][info][gc,reloc    ] GC(405) Relocation: Successful, 7M relocated
[101.397s][info][gc,nmethod  ] GC(405) NMethods: 3844 registered, 0 unregistered
[101.397s][info][gc,metaspace] GC(405) Metaspace: 74M used, 79M capacity, 79M committed, 80M reserved
[101.397s][info][gc,ref      ] GC(405) Soft: 2199 encountered, 0 discovered, 0 enqueued
[101.397s][info][gc,ref      ] GC(405) Weak: 4639 encountered, 3667 discovered, 0 enqueued
[101.397s][info][gc,ref      ] GC(405) Final: 27 encountered, 0 discovered, 0 enqueued
[101.397s][info][gc,ref      ] GC(405) Phantom: 652 encountered, 648 discovered, 0 enqueued
[101.397s][info][gc,heap     ] GC(405)                Mark Start          Mark End        Relocate Start      Relocate End           High               Low         
[101.397s][info][gc,heap     ] GC(405)  Capacity:      500M (100%)        500M (100%)        500M (100%)        500M (100%)        500M (100%)        500M (100%)   
[101.397s][info][gc,heap     ] GC(405)   Reserve:       34M (7%)           34M (7%)           34M (7%)           34M (7%)           34M (7%)           34M (7%)     
[101.397s][info][gc,heap     ] GC(405)      Free:      118M (24%)           0M (0%)          158M (32%)         162M (32%)         162M (32%)           0M (0%)     
[101.397s][info][gc,heap     ] GC(405)      Used:      348M (70%)         466M (93%)         308M (62%)         304M (61%)         466M (93%)         304M (61%)    
[101.397s][info][gc,heap     ] GC(405)      Live:         -               140M (28%)         140M (28%)         140M (28%)            -                  -          
[101.397s][info][gc,heap     ] GC(405) Allocated:         -               118M (24%)         124M (25%)         132M (26%)            -                  -          
[101.397s][info][gc,heap     ] GC(405)   Garbage:         -               207M (42%)          43M (9%)           33M (7%)             -                  -          
[101.397s][info][gc,heap     ] GC(405) Reclaimed:         -                  -               164M (33%)         174M (35%)            -                  -          
[101.397s][info][gc          ] GC(405) Garbage Collection (Allocation Rate) 348M(70%)->304M(61%)
[101.414s][info][gc,start    ] GC(406) Garbage Collection (Allocation Rate)
[101.420s][info][gc,phases   ] GC(406) Pause Mark Start 3.654ms
[101.672s][info][gc,phases   ] GC(406) Concurrent Mark 251.916ms
[101.673s][info][gc,phases   ] GC(406) Pause Mark End 0.463ms
[101.675s][info][gc,phases   ] GC(406) Concurrent Process Non-Strong References 1.590ms
[101.675s][info][gc,phases   ] GC(406) Concurrent Reset Relocation Set 0.003ms
[101.675s][info][gc,phases   ] GC(406) Concurrent Destroy Detached Pages 0.001ms
[101.676s][info][gc,phases   ] GC(406) Concurrent Select Relocation Set 1.536ms
[101.676s][info][gc,phases   ] GC(406) Concurrent Prepare Relocation Set 0.029ms
[101.680s][info][gc,phases   ] GC(406) Pause Relocate Start 3.184ms
[101.680s][info][gc          ] Allocation Stall (Executor task launch worker for task 0.0 in stage 28.0 (TID 28)) 22.921ms
[101.689s][info][gc,phases   ] GC(406) Concurrent Relocate 6.750ms
[101.689s][info][gc,load     ] GC(406) Load: 2.02/1.22/0.57
[101.689s][info][gc,mmu      ] GC(406) MMU: 2ms/0.0%, 5ms/0.0%, 10ms/0.0%, 20ms/0.0%, 50ms/57.1%, 100ms/74.9%
[101.689s][info][gc,marking  ] GC(406) Mark: 1 stripe(s), 2 proactive flush(es), 1 terminate flush(es), 0 completion(s), 0 continuation(s) 
[101.689s][info][gc,reloc    ] GC(406) Relocation: Successful, 7M relocated
[101.689s][info][gc,nmethod  ] GC(406) NMethods: 3844 registered, 0 unregistered
[101.689s][info][gc,metaspace] GC(406) Metaspace: 74M used, 79M capacity, 79M committed, 80M reserved
[101.689s][info][gc,ref      ] GC(406) Soft: 2199 encountered, 0 discovered, 0 enqueued
[101.689s][info][gc,ref      ] GC(406) Weak: 4639 encountered, 3665 discovered, 0 enqueued
[101.689s][info][gc,ref      ] GC(406) Final: 27 encountered, 0 discovered, 0 enqueued
[101.689s][info][gc,ref      ] GC(406) Phantom: 652 encountered, 648 discovered, 0 enqueued
[101.689s][info][gc,heap     ] GC(406)                Mark Start          Mark End        Relocate Start      Relocate End           High               Low         
[101.689s][info][gc,heap     ] GC(406)  Capacity:      500M (100%)        500M (100%)        500M (100%)        500M (100%)        500M (100%)        500M (100%)   
[101.689s][info][gc,heap     ] GC(406)   Reserve:       34M (7%)           34M (7%)           34M (7%)           34M (7%)           34M (7%)           34M (7%)     
[101.689s][info][gc,heap     ] GC(406)      Free:      142M (28%)           0M (0%)          140M (28%)         140M (28%)         142M (28%)           0M (0%)     
[101.689s][info][gc,heap     ] GC(406)      Used:      324M (65%)         466M (93%)         326M (65%)         326M (65%)         466M (93%)         324M (65%)    
[101.689s][info][gc,heap     ] GC(406)      Live:         -               140M (28%)         140M (28%)         140M (28%)            -                  -          
[101.689s][info][gc,heap     ] GC(406) Allocated:         -               142M (28%)         144M (29%)         154M (31%)            -                  -          
[101.689s][info][gc,heap     ] GC(406)   Garbage:         -               183M (37%)          41M (8%)           33M (7%)             -                  -          
[101.689s][info][gc,heap     ] GC(406) Reclaimed:         -                  -               142M (28%)         150M (30%)            -                  -          
[101.689s][info][gc          ] GC(406) Garbage Collection (Allocation Rate) 324M(65%)->326M(65%)
[101.713s][info][gc,start    ] GC(407) Garbage Collection (Allocation Rate)
[101.720s][info][gc,phases   ] GC(407) Pause Mark Start 3.889ms
[101.951s][info][gc,phases   ] GC(407) Concurrent Mark 230.101ms
[101.952s][info][gc,phases   ] GC(407) Pause Mark End 0.466ms
[101.953s][info][gc,phases   ] GC(407) Concurrent Process Non-Strong References 1.589ms
[101.953s][info][gc,phases   ] GC(407) Concurrent Reset Relocation Set 0.003ms
[101.953s][info][gc,phases   ] GC(407) Concurrent Destroy Detached Pages 0.001ms
[101.955s][info][gc          ] Allocation Stall (Executor task launch worker for task 0.0 in stage 28.0 (TID 28)) 42.759ms
[101.959s][info][gc,phases   ] GC(407) Concurrent Select Relocation Set 5.504ms
[101.959s][info][gc,phases   ] GC(407) Concurrent Prepare Relocation Set 0.031ms
[101.965s][info][gc,phases   ] GC(407) Pause Relocate Start 3.157ms
[101.972s][info][gc,phases   ] GC(407) Concurrent Relocate 7.306ms
[101.972s][info][gc,load     ] GC(407) Load: 2.02/1.24/0.57
[101.972s][info][gc,mmu      ] GC(407) MMU: 2ms/0.0%, 5ms/0.0%, 10ms/0.0%, 20ms/0.0%, 50ms/57.1%, 100ms/74.9%
[101.972s][info][gc,marking  ] GC(407) Mark: 1 stripe(s), 2 proactive flush(es), 1 terminate flush(es), 0 completion(s), 0 continuation(s) 
[101.972s][info][gc,reloc    ] GC(407) Relocation: Successful, 7M relocated
[101.972s][info][gc,nmethod  ] GC(407) NMethods: 3844 registered, 0 unregistered
[101.972s][info][gc,metaspace] GC(407) Metaspace: 74M used, 79M capacity, 79M committed, 80M reserved
[101.972s][info][gc,ref      ] GC(407) Soft: 2199 encountered, 0 discovered, 0 enqueued
[101.972s][info][gc,ref      ] GC(407) Weak: 4639 encountered, 3665 discovered, 0 enqueued
[101.972s][info][gc,ref      ] GC(407) Final: 27 encountered, 0 discovered, 0 enqueued
[101.972s][info][gc,ref      ] GC(407) Phantom: 652 encountered, 648 discovered, 0 enqueued
[101.972s][info][gc,heap     ] GC(407)                Mark Start          Mark End        Relocate Start      Relocate End           High               Low         
[101.973s][info][gc,heap     ] GC(407)  Capacity:      500M (100%)        500M (100%)        500M (100%)        500M (100%)        500M (100%)        500M (100%)   
[101.973s][info][gc,heap     ] GC(407)   Reserve:       34M (7%)           34M (7%)           34M (7%)           34M (7%)           34M (7%)           34M (7%)     
[101.973s][info][gc,heap     ] GC(407)      Free:      112M (22%)           0M (0%)          168M (34%)         170M (34%)         172M (34%)           0M (0%)     
[101.973s][info][gc,heap     ] GC(407)      Used:      354M (71%)         466M (93%)         298M (60%)         296M (59%)         466M (93%)         294M (59%)    
[101.973s][info][gc,heap     ] GC(407)      Live:         -               140M (28%)         140M (28%)         140M (28%)            -                  -          
[101.973s][info][gc,heap     ] GC(407) Allocated:         -               112M (22%)         118M (24%)         124M (25%)            -                  -          
[101.973s][info][gc,heap     ] GC(407)   Garbage:         -               213M (43%)          39M (8%)           33M (7%)             -                  -          
[101.973s][info][gc,heap     ] GC(407) Reclaimed:         -                  -               174M (35%)         180M (36%)            -                  -          
[101.973s][info][gc          ] GC(407) Garbage Collection (Allocation Rate) 354M(71%)->296M(59%)
[102.013s][info][gc,start    ] GC(408) Garbage Collection (Allocation Rate)
[102.021s][info][gc,phases   ] GC(408) Pause Mark Start 3.953ms
[102.284s][info][gc,phases   ] GC(408) Concurrent Mark 263.296ms
[102.285s][info][gc,phases   ] GC(408) Pause Mark End 0.442ms
[102.286s][info][gc,phases   ] GC(408) Concurrent Process Non-Strong References 1.508ms
[102.286s][info][gc,phases   ] GC(408) Concurrent Reset Relocation Set 0.003ms
[102.286s][info][gc,phases   ] GC(408) Concurrent Destroy Detached Pages 0.000ms
[102.287s][info][gc          ] Allocation Stall (Executor task launch worker for task 0.0 in stage 28.0 (TID 28)) 21.269ms
[102.291s][info][gc          ] Allocation Stall (driver-heartbeater) 7.780ms
[102.294s][info][gc,phases   ] GC(408) Concurrent Select Relocation Set 8.105ms
[102.294s][info][gc,phases   ] GC(408) Concurrent Prepare Relocation Set 0.032ms
[102.301s][info][gc,phases   ] GC(408) Pause Relocate Start 3.147ms
[102.309s][info][gc,phases   ] GC(408) Concurrent Relocate 7.836ms
[102.309s][info][gc,load     ] GC(408) Load: 2.02/1.24/0.57
[102.309s][info][gc,mmu      ] GC(408) MMU: 2ms/0.0%, 5ms/0.0%, 10ms/0.0%, 20ms/0.0%, 50ms/57.1%, 100ms/74.9%
[102.309s][info][gc,marking  ] GC(408) Mark: 1 stripe(s), 2 proactive flush(es), 1 terminate flush(es), 0 completion(s), 0 continuation(s) 
[102.309s][info][gc,reloc    ] GC(408) Relocation: Successful, 7M relocated
[102.309s][info][gc,nmethod  ] GC(408) NMethods: 3848 registered, 0 unregistered
[102.309s][info][gc,metaspace] GC(408) Metaspace: 74M used, 79M capacity, 79M committed, 80M reserved
[102.309s][info][gc,ref      ] GC(408) Soft: 2199 encountered, 0 discovered, 0 enqueued
[102.309s][info][gc,ref      ] GC(408) Weak: 4639 encountered, 3665 discovered, 0 enqueued
[102.309s][info][gc,ref      ] GC(408) Final: 27 encountered, 0 discovered, 0 enqueued
[102.309s][info][gc,ref      ] GC(408) Phantom: 652 encountered, 648 discovered, 0 enqueued
[102.309s][info][gc,heap     ] GC(408)                Mark Start          Mark End        Relocate Start      Relocate End           High               Low         
[102.309s][info][gc,heap     ] GC(408)  Capacity:      500M (100%)        500M (100%)        500M (100%)        500M (100%)        500M (100%)        500M (100%)   
[102.309s][info][gc,heap     ] GC(408)   Reserve:       34M (7%)           34M (7%)           34M (7%)           34M (7%)           34M (7%)           34M (7%)     
[102.309s][info][gc,heap     ] GC(408)      Free:      130M (26%)           0M (0%)          148M (30%)         148M (30%)         150M (30%)           0M (0%)     
[102.309s][info][gc,heap     ] GC(408)      Used:      336M (67%)         466M (93%)         318M (64%)         318M (64%)         466M (93%)         316M (63%)    
[102.309s][info][gc,heap     ] GC(408)      Live:         -               140M (28%)         140M (28%)         140M (28%)            -                  -          
[102.309s][info][gc,heap     ] GC(408) Allocated:         -               130M (26%)         138M (28%)         148M (30%)            -                  -          
[102.309s][info][gc,heap     ] GC(408)   Garbage:         -               195M (39%)          41M (8%)           33M (7%)             -                  -          
[102.309s][info][gc,heap     ] GC(408) Reclaimed:         -                  -               154M (31%)         162M (32%)            -                  -          
[102.309s][info][gc          ] GC(408) Garbage Collection (Allocation Rate) 336M(67%)->318M(64%)
[102.313s][info][gc,start    ] GC(409) Garbage Collection (Allocation Rate)
[102.320s][info][gc,phases   ] GC(409) Pause Mark Start 3.728ms
[102.578s][info][gc,phases   ] GC(409) Concurrent Mark 257.496ms
[102.579s][info][gc,phases   ] GC(409) Pause Mark End 0.527ms
[102.580s][info][gc,phases   ] GC(409) Concurrent Process Non-Strong References 1.565ms
[102.580s][info][gc,phases   ] GC(409) Concurrent Reset Relocation Set 0.003ms
[102.580s][info][gc,phases   ] GC(409) Concurrent Destroy Detached Pages 0.000ms
[102.583s][info][gc,phases   ] GC(409) Concurrent Select Relocation Set 2.440ms
[102.583s][info][gc,phases   ] GC(409) Concurrent Prepare Relocation Set 0.031ms
[102.586s][info][gc,phases   ] GC(409) Pause Relocate Start 3.158ms
[102.586s][info][gc          ] Allocation Stall (Executor task launch worker for task 0.0 in stage 28.0 (TID 28)) 26.014ms
[102.593s][info][gc,phases   ] GC(409) Concurrent Relocate 1.943ms
[102.593s][info][gc,load     ] GC(409) Load: 2.02/1.24/0.57
[102.593s][info][gc,mmu      ] GC(409) MMU: 2ms/0.0%, 5ms/0.0%, 10ms/0.0%, 20ms/0.0%, 50ms/57.1%, 100ms/74.9%
[102.593s][info][gc,marking  ] GC(409) Mark: 1 stripe(s), 2 proactive flush(es), 1 terminate flush(es), 0 completion(s), 0 continuation(s) 
[102.593s][info][gc,reloc    ] GC(409) Relocation: Successful, 7M relocated
[102.593s][info][gc,nmethod  ] GC(409) NMethods: 3848 registered, 0 unregistered
[102.593s][info][gc,metaspace] GC(409) Metaspace: 74M used, 79M capacity, 79M committed, 80M reserved
[102.593s][info][gc,ref      ] GC(409) Soft: 2201 encountered, 0 discovered, 0 enqueued
[102.593s][info][gc,ref      ] GC(409) Weak: 4614 encountered, 3640 discovered, 1 enqueued
[102.593s][info][gc,ref      ] GC(409) Final: 27 encountered, 0 discovered, 0 enqueued
[102.593s][info][gc,ref      ] GC(409) Phantom: 652 encountered, 648 discovered, 0 enqueued
[102.593s][info][gc,heap     ] GC(409)                Mark Start          Mark End        Relocate Start      Relocate End           High               Low         
[102.593s][info][gc,heap     ] GC(409)  Capacity:      500M (100%)        500M (100%)        500M (100%)        500M (100%)        500M (100%)        500M (100%)   
[102.593s][info][gc,heap     ] GC(409)   Reserve:       34M (7%)           34M (7%)           34M (7%)           34M (7%)           34M (7%)           34M (7%)     
[102.593s][info][gc,heap     ] GC(409)      Free:      142M (28%)           0M (0%)          142M (28%)         144M (29%)         144M (29%)           0M (0%)     
[102.593s][info][gc,heap     ] GC(409)      Used:      324M (65%)         466M (93%)         324M (65%)         322M (64%)         466M (93%)         322M (64%)    
[102.593s][info][gc,heap     ] GC(409)      Live:         -               140M (28%)         140M (28%)         140M (28%)            -                  -          
[102.593s][info][gc,heap     ] GC(409) Allocated:         -               142M (28%)         144M (29%)         150M (30%)            -                  -          
[102.593s][info][gc,heap     ] GC(409)   Garbage:         -               183M (37%)          39M (8%)           33M (7%)             -                  -          
[102.593s][info][gc,heap     ] GC(409) Reclaimed:         -                  -               144M (29%)         150M (30%)            -                  -          
[102.593s][info][gc          ] GC(409) Garbage Collection (Allocation Rate) 324M(65%)->322M(64%)
[102.613s][info][gc,start    ] GC(410) Garbage Collection (Allocation Rate)
[102.620s][info][gc,phases   ] GC(410) Pause Mark Start 3.704ms
[102.891s][info][gc,phases   ] GC(410) Concurrent Mark 271.233ms
[102.892s][info][gc,phases   ] GC(410) Pause Mark End 0.474ms
[102.894s][info][gc,phases   ] GC(410) Concurrent Process Non-Strong References 1.519ms
[102.894s][info][gc,phases   ] GC(410) Concurrent Reset Relocation Set 0.002ms
[102.894s][info][gc,phases   ] GC(410) Concurrent Destroy Detached Pages 0.000ms
[102.895s][info][gc          ] Allocation Stall (Executor task launch worker for task 0.0 in stage 28.0 (TID 28)) 36.880ms
[102.899s][info][gc,phases   ] GC(410) Concurrent Select Relocation Set 5.447ms
[102.899s][info][gc,phases   ] GC(410) Concurrent Prepare Relocation Set 0.030ms
[102.908s][info][gc,phases   ] GC(410) Pause Relocate Start 5.365ms
[102.923s][info][gc,phases   ] GC(410) Concurrent Relocate 12.672ms
[102.923s][info][gc,load     ] GC(410) Load: 2.02/1.24/0.57
[102.923s][info][gc,mmu      ] GC(410) MMU: 2ms/0.0%, 5ms/0.0%, 10ms/0.0%, 20ms/0.0%, 50ms/57.1%, 100ms/74.9%
[102.923s][info][gc,marking  ] GC(410) Mark: 1 stripe(s), 2 proactive flush(es), 1 terminate flush(es), 0 completion(s), 0 continuation(s) 
[102.923s][info][gc,reloc    ] GC(410) Relocation: Successful, 7M relocated
[102.923s][info][gc,nmethod  ] GC(410) NMethods: 3848 registered, 0 unregistered
[102.923s][info][gc,metaspace] GC(410) Metaspace: 74M used, 79M capacity, 79M committed, 80M reserved
[102.923s][info][gc,ref      ] GC(410) Soft: 2201 encountered, 0 discovered, 0 enqueued
[102.923s][info][gc,ref      ] GC(410) Weak: 4613 encountered, 3639 discovered, 0 enqueued
[102.923s][info][gc,ref      ] GC(410) Final: 27 encountered, 0 discovered, 0 enqueued
[102.923s][info][gc,ref      ] GC(410) Phantom: 652 encountered, 648 discovered, 0 enqueued
[102.923s][info][gc,heap     ] GC(410)                Mark Start          Mark End        Relocate Start      Relocate End           High               Low         
[102.923s][info][gc,heap     ] GC(410)  Capacity:      500M (100%)        500M (100%)        500M (100%)        500M (100%)        500M (100%)        500M (100%)   
[102.923s][info][gc,heap     ] GC(410)   Reserve:       34M (7%)           34M (7%)           34M (7%)           34M (7%)           34M (7%)           34M (7%)     
[102.923s][info][gc,heap     ] GC(410)      Free:      120M (24%)           0M (0%)          158M (32%)         162M (32%)         162M (32%)           0M (0%)     
[102.923s][info][gc,heap     ] GC(410)      Used:      346M (69%)         466M (93%)         308M (62%)         304M (61%)         466M (93%)         304M (61%)    
[102.923s][info][gc,heap     ] GC(410)      Live:         -               140M (28%)         140M (28%)         140M (28%)            -                  -          
[102.923s][info][gc,heap     ] GC(410) Allocated:         -               120M (24%)         126M (25%)         132M (26%)            -                  -          
[102.923s][info][gc,heap     ] GC(410)   Garbage:         -               205M (41%)          41M (8%)           33M (7%)             -                  -          
[102.923s][info][gc,heap     ] GC(410) Reclaimed:         -                  -               164M (33%)         172M (34%)            -                  -          
[102.923s][info][gc          ] GC(410) Garbage Collection (Allocation Rate) 346M(69%)->304M(61%)
[103.013s][info][gc,start    ] GC(411) Garbage Collection (Allocation Rate)
[103.020s][info][gc,phases   ] GC(411) Pause Mark Start 4.585ms
[103.201s][info][gc,phases   ] GC(411) Concurrent Mark 180.782ms
[103.202s][info][gc,phases   ] GC(411) Pause Mark End 0.490ms
[103.203s][info][gc,phases   ] GC(411) Concurrent Process Non-Strong References 1.581ms
[103.203s][info][gc,phases   ] GC(411) Concurrent Reset Relocation Set 0.003ms
[103.203s][info][gc,phases   ] GC(411) Concurrent Destroy Detached Pages 0.000ms
[103.205s][info][gc,phases   ] GC(411) Concurrent Select Relocation Set 1.572ms
[103.205s][info][gc,phases   ] GC(411) Concurrent Prepare Relocation Set 0.030ms
[103.211s][info][gc,phases   ] GC(411) Pause Relocate Start 5.401ms
[103.211s][info][gc          ] Allocation Stall (RemoteBlock-temp-file-clean-thread) 8.132ms
[103.211s][info][gc          ] Allocation Stall (Executor task launch worker for task 0.0 in stage 28.0 (TID 28)) 132.021ms
[103.223s][info][gc,phases   ] GC(411) Concurrent Relocate 11.782ms
[103.223s][info][gc,load     ] GC(411) Load: 2.02/1.24/0.57
[103.223s][info][gc,mmu      ] GC(411) MMU: 2ms/0.0%, 5ms/0.0%, 10ms/0.0%, 20ms/0.0%, 50ms/57.1%, 100ms/74.9%
[103.223s][info][gc,marking  ] GC(411) Mark: 1 stripe(s), 2 proactive flush(es), 1 terminate flush(es), 0 completion(s), 0 continuation(s) 
[103.223s][info][gc,reloc    ] GC(411) Relocation: Successful, 7M relocated
[103.223s][info][gc,nmethod  ] GC(411) NMethods: 3848 registered, 0 unregistered
[103.223s][info][gc,metaspace] GC(411) Metaspace: 74M used, 79M capacity, 79M committed, 80M reserved
[103.223s][info][gc,ref      ] GC(411) Soft: 2201 encountered, 0 discovered, 0 enqueued
[103.223s][info][gc,ref      ] GC(411) Weak: 4613 encountered, 3639 discovered, 0 enqueued
[103.223s][info][gc,ref      ] GC(411) Final: 27 encountered, 0 discovered, 0 enqueued
[103.223s][info][gc,ref      ] GC(411) Phantom: 652 encountered, 648 discovered, 0 enqueued
[103.223s][info][gc,heap     ] GC(411)                Mark Start          Mark End        Relocate Start      Relocate End           High               Low         
[103.223s][info][gc,heap     ] GC(411)  Capacity:      500M (100%)        500M (100%)        500M (100%)        500M (100%)        500M (100%)        500M (100%)   
[103.223s][info][gc,heap     ] GC(411)   Reserve:       34M (7%)           34M (7%)           34M (7%)           34M (7%)           34M (7%)           34M (7%)     
[103.223s][info][gc,heap     ] GC(411)      Free:       50M (10%)           0M (0%)          230M (46%)         234M (47%)         234M (47%)           0M (0%)     
[103.223s][info][gc,heap     ] GC(411)      Used:      416M (83%)         466M (93%)         236M (47%)         232M (46%)         466M (93%)         232M (46%)    
[103.223s][info][gc,heap     ] GC(411)      Live:         -               140M (28%)         140M (28%)         140M (28%)            -                  -          
[103.223s][info][gc,heap     ] GC(411) Allocated:         -                50M (10%)          54M (11%)          62M (12%)            -                  -          
[103.223s][info][gc,heap     ] GC(411)   Garbage:         -               275M (55%)          41M (8%)           33M (7%)             -                  -          
[103.223s][info][gc,heap     ] GC(411) Reclaimed:         -                  -               234M (47%)         242M (48%)            -                  -          
[103.223s][info][gc          ] GC(411) Garbage Collection (Allocation Rate) 416M(83%)->232M(46%)
[103.313s][info][gc,start    ] GC(412) Garbage Collection (Allocation Rate)
[103.320s][info][gc,phases   ] GC(412) Pause Mark Start 3.902ms
[103.381s][info][gc,phases   ] GC(412) Concurrent Mark 61.413ms
[103.385s][info][gc,phases   ] GC(412) Pause Mark End 0.473ms
[103.386s][info][gc,phases   ] GC(412) Concurrent Process Non-Strong References 1.490ms
[103.386s][info][gc,phases   ] GC(412) Concurrent Reset Relocation Set 0.055ms
[103.386s][info][gc,phases   ] GC(412) Concurrent Destroy Detached Pages 0.001ms
[103.388s][info][gc,phases   ] GC(412) Concurrent Select Relocation Set 1.512ms
[103.388s][info][gc,phases   ] GC(412) Concurrent Prepare Relocation Set 0.021ms
[103.392s][info][gc,phases   ] GC(412) Pause Relocate Start 3.397ms
[103.396s][info][gc,phases   ] GC(412) Concurrent Relocate 4.442ms
[103.396s][info][gc,load     ] GC(412) Load: 2.02/1.24/0.57
[103.396s][info][gc,mmu      ] GC(412) MMU: 2ms/0.0%, 5ms/0.0%, 10ms/0.0%, 20ms/0.0%, 50ms/57.1%, 100ms/74.9%
[103.396s][info][gc,marking  ] GC(412) Mark: 1 stripe(s), 2 proactive flush(es), 1 terminate flush(es), 0 completion(s), 0 continuation(s) 
[103.396s][info][gc,reloc    ] GC(412) Relocation: Successful, 6M relocated
[103.396s][info][gc,nmethod  ] GC(412) NMethods: 3848 registered, 0 unregistered
[103.396s][info][gc,metaspace] GC(412) Metaspace: 74M used, 79M capacity, 79M committed, 80M reserved
[103.396s][info][gc,ref      ] GC(412) Soft: 2201 encountered, 0 discovered, 0 enqueued
[103.396s][info][gc,ref      ] GC(412) Weak: 4613 encountered, 3642 discovered, 0 enqueued
[103.396s][info][gc,ref      ] GC(412) Final: 27 encountered, 0 discovered, 0 enqueued
[103.396s][info][gc,ref      ] GC(412) Phantom: 652 encountered, 648 discovered, 0 enqueued
[103.396s][info][gc,heap     ] GC(412)                Mark Start          Mark End        Relocate Start      Relocate End           High               Low         
[103.396s][info][gc,heap     ] GC(412)  Capacity:      500M (100%)        500M (100%)        500M (100%)        500M (100%)        500M (100%)        500M (100%)   
[103.396s][info][gc,heap     ] GC(412)   Reserve:       34M (7%)           34M (7%)           34M (7%)           34M (7%)           34M (7%)           34M (7%)     
[103.396s][info][gc,heap     ] GC(412)      Free:      122M (24%)          68M (14%)         330M (66%)         342M (68%)         342M (68%)          68M (14%)    
[103.396s][info][gc,heap     ] GC(412)      Used:      344M (69%)         398M (80%)         136M (27%)         124M (25%)         398M (80%)         124M (25%)    
[103.396s][info][gc,heap     ] GC(412)      Live:         -                31M (6%)           31M (6%)           31M (6%)             -                  -          
[103.396s][info][gc,heap     ] GC(412) Allocated:         -                54M (11%)          54M (11%)          62M (12%)            -                  -          
[103.396s][info][gc,heap     ] GC(412)   Garbage:         -               312M (62%)          50M (10%)          34M (7%)             -                  -          
[103.396s][info][gc,heap     ] GC(412) Reclaimed:         -                  -               262M (52%)         278M (56%)            -                  -          
[103.396s][info][gc          ] GC(412) Garbage Collection (Allocation Rate) 344M(69%)->124M(25%)
[103.413s][info][gc,start    ] GC(413) Garbage Collection (Allocation Rate)
[103.419s][info][gc,phases   ] GC(413) Pause Mark Start 3.656ms
[103.483s][info][gc,phases   ] GC(413) Concurrent Mark 63.744ms
[103.486s][info][gc,phases   ] GC(413) Pause Mark End 0.465ms
[103.488s][info][gc,phases   ] GC(413) Concurrent Process Non-Strong References 1.600ms
[103.488s][info][gc,phases   ] GC(413) Concurrent Reset Relocation Set 0.003ms
[103.488s][info][gc,phases   ] GC(413) Concurrent Destroy Detached Pages 0.000ms
[103.490s][info][gc,phases   ] GC(413) Concurrent Select Relocation Set 1.494ms
[103.490s][info][gc,phases   ] GC(413) Concurrent Prepare Relocation Set 0.015ms
[103.493s][info][gc,phases   ] GC(413) Pause Relocate Start 3.495ms
[103.500s][info][gc,phases   ] GC(413) Concurrent Relocate 6.202ms
[103.500s][info][gc,load     ] GC(413) Load: 2.02/1.24/0.57
[103.500s][info][gc,mmu      ] GC(413) MMU: 2ms/0.0%, 5ms/0.0%, 10ms/0.0%, 20ms/0.0%, 50ms/57.1%, 100ms/74.9%
[103.500s][info][gc,marking  ] GC(413) Mark: 1 stripe(s), 2 proactive flush(es), 1 terminate flush(es), 0 completion(s), 0 continuation(s) 
[103.500s][info][gc,reloc    ] GC(413) Relocation: Successful, 6M relocated
[103.500s][info][gc,nmethod  ] GC(413) NMethods: 3848 registered, 0 unregistered
[103.500s][info][gc,metaspace] GC(413) Metaspace: 74M used, 79M capacity, 79M committed, 80M reserved
[103.500s][info][gc,ref      ] GC(413) Soft: 2201 encountered, 0 discovered, 0 enqueued
[103.500s][info][gc,ref      ] GC(413) Weak: 4613 encountered, 3642 discovered, 0 enqueued
[103.500s][info][gc,ref      ] GC(413) Final: 27 encountered, 0 discovered, 0 enqueued
[103.500s][info][gc,ref      ] GC(413) Phantom: 652 encountered, 648 discovered, 0 enqueued
[103.500s][info][gc,heap     ] GC(413)                Mark Start          Mark End        Relocate Start      Relocate End           High               Low         
[103.500s][info][gc,heap     ] GC(413)  Capacity:      500M (100%)        500M (100%)        500M (100%)        500M (100%)        500M (100%)        500M (100%)   
[103.500s][info][gc,heap     ] GC(413)   Reserve:       34M (7%)           34M (7%)           34M (7%)           34M (7%)           34M (7%)           34M (7%)     
[103.500s][info][gc,heap     ] GC(413)      Free:      312M (62%)         254M (51%)         332M (66%)         334M (67%)         334M (67%)         254M (51%)    
[103.500s][info][gc,heap     ] GC(413)      Used:      154M (31%)         212M (42%)         134M (27%)         132M (26%)         212M (42%)         132M (26%)    
[103.500s][info][gc,heap     ] GC(413)      Live:         -                31M (6%)           31M (6%)           31M (6%)             -                  -          
[103.500s][info][gc,heap     ] GC(413) Allocated:         -                58M (12%)          58M (12%)          70M (14%)            -                  -          
[103.500s][info][gc,heap     ] GC(413)   Garbage:         -               122M (24%)          44M (9%)           34M (7%)             -                  -          
[103.500s][info][gc,heap     ] GC(413) Reclaimed:         -                  -                78M (16%)          88M (18%)            -                  -          
[103.500s][info][gc          ] GC(413) Garbage Collection (Allocation Rate) 154M(31%)->132M(26%)
[103.513s][info][gc,start    ] GC(414) Garbage Collection (Allocation Rate)
[103.520s][info][gc,phases   ] GC(414) Pause Mark Start 3.639ms
[103.583s][info][gc,phases   ] GC(414) Concurrent Mark 62.829ms
[103.586s][info][gc,phases   ] GC(414) Pause Mark End 0.486ms
[103.588s][info][gc,phases   ] GC(414) Concurrent Process Non-Strong References 1.652ms
[103.588s][info][gc,phases   ] GC(414) Concurrent Reset Relocation Set 0.004ms
[103.588s][info][gc,phases   ] GC(414) Concurrent Destroy Detached Pages 0.000ms
[103.589s][info][gc,phases   ] GC(414) Concurrent Select Relocation Set 1.498ms
[103.589s][info][gc,phases   ] GC(414) Concurrent Prepare Relocation Set 0.012ms
[103.593s][info][gc,phases   ] GC(414) Pause Relocate Start 3.452ms
[103.599s][info][gc,phases   ] GC(414) Concurrent Relocate 6.158ms
[103.599s][info][gc,load     ] GC(414) Load: 2.02/1.24/0.57
[103.599s][info][gc,mmu      ] GC(414) MMU: 2ms/0.0%, 5ms/0.0%, 10ms/0.0%, 20ms/0.0%, 50ms/57.1%, 100ms/74.9%
[103.599s][info][gc,marking  ] GC(414) Mark: 1 stripe(s), 2 proactive flush(es), 1 terminate flush(es), 0 completion(s), 0 continuation(s) 
[103.599s][info][gc,reloc    ] GC(414) Relocation: Successful, 6M relocated
[103.599s][info][gc,nmethod  ] GC(414) NMethods: 3848 registered, 0 unregistered
[103.599s][info][gc,metaspace] GC(414) Metaspace: 74M used, 79M capacity, 79M committed, 80M reserved
[103.599s][info][gc,ref      ] GC(414) Soft: 2201 encountered, 0 discovered, 0 enqueued
[103.599s][info][gc,ref      ] GC(414) Weak: 4613 encountered, 3642 discovered, 0 enqueued
[103.599s][info][gc,ref      ] GC(414) Final: 27 encountered, 0 discovered, 0 enqueued
[103.599s][info][gc,ref      ] GC(414) Phantom: 652 encountered, 648 discovered, 0 enqueued
[103.599s][info][gc,heap     ] GC(414)                Mark Start          Mark End        Relocate Start      Relocate End           High               Low         
[103.599s][info][gc,heap     ] GC(414)  Capacity:      500M (100%)        500M (100%)        500M (100%)        500M (100%)        500M (100%)        500M (100%)   
[103.599s][info][gc,heap     ] GC(414)   Reserve:       34M (7%)           34M (7%)           34M (7%)           34M (7%)           34M (7%)           34M (7%)     
[103.599s][info][gc,heap     ] GC(414)      Free:      310M (62%)         254M (51%)         340M (68%)         336M (67%)         340M (68%)         254M (51%)    
[103.599s][info][gc,heap     ] GC(414)      Used:      156M (31%)         212M (42%)         126M (25%)         130M (26%)         212M (42%)         126M (25%)    
[103.599s][info][gc,heap     ] GC(414)      Live:         -                31M (6%)           31M (6%)           31M (6%)             -                  -          
[103.599s][info][gc,heap     ] GC(414) Allocated:         -                56M (11%)          56M (11%)          68M (14%)            -                  -          
[103.599s][info][gc,heap     ] GC(414)   Garbage:         -               124M (25%)          38M (8%)           32M (6%)             -                  -          
[103.599s][info][gc,heap     ] GC(414) Reclaimed:         -                  -                86M (17%)          92M (18%)            -                  -          
[103.599s][info][gc          ] GC(414) Garbage Collection (Allocation Rate) 156M(31%)->130M(26%)
[103.613s][info][gc,start    ] GC(415) Garbage Collection (Allocation Rate)
[103.620s][info][gc,phases   ] GC(415) Pause Mark Start 3.777ms
[103.694s][info][gc,phases   ] GC(415) Concurrent Mark 74.235ms
[103.698s][info][gc,phases   ] GC(415) Pause Mark End 0.448ms
[103.699s][info][gc,phases   ] GC(415) Concurrent Process Non-Strong References 1.669ms
[103.699s][info][gc,phases   ] GC(415) Concurrent Reset Relocation Set 0.003ms
[103.699s][info][gc,phases   ] GC(415) Concurrent Destroy Detached Pages 0.000ms
[103.701s][info][gc,phases   ] GC(415) Concurrent Select Relocation Set 1.528ms
[103.701s][info][gc,phases   ] GC(415) Concurrent Prepare Relocation Set 0.012ms
[103.705s][info][gc,phases   ] GC(415) Pause Relocate Start 3.488ms
[103.712s][info][gc,phases   ] GC(415) Concurrent Relocate 6.949ms
[103.712s][info][gc,load     ] GC(415) Load: 2.02/1.24/0.57
[103.712s][info][gc,mmu      ] GC(415) MMU: 2ms/0.0%, 5ms/0.0%, 10ms/0.0%, 20ms/0.0%, 50ms/57.1%, 100ms/74.9%
[103.712s][info][gc,marking  ] GC(415) Mark: 1 stripe(s), 2 proactive flush(es), 1 terminate flush(es), 0 completion(s), 0 continuation(s) 
[103.712s][info][gc,reloc    ] GC(415) Relocation: Successful, 6M relocated
[103.712s][info][gc,nmethod  ] GC(415) NMethods: 3848 registered, 0 unregistered
[103.712s][info][gc,metaspace] GC(415) Metaspace: 74M used, 79M capacity, 79M committed, 80M reserved
[103.712s][info][gc,ref      ] GC(415) Soft: 2201 encountered, 0 discovered, 0 enqueued
[103.712s][info][gc,ref      ] GC(415) Weak: 4613 encountered, 3642 discovered, 0 enqueued
[103.712s][info][gc,ref      ] GC(415) Final: 27 encountered, 0 discovered, 0 enqueued
[103.712s][info][gc,ref      ] GC(415) Phantom: 652 encountered, 648 discovered, 0 enqueued
[103.712s][info][gc,heap     ] GC(415)                Mark Start          Mark End        Relocate Start      Relocate End           High               Low         
[103.712s][info][gc,heap     ] GC(415)  Capacity:      500M (100%)        500M (100%)        500M (100%)        500M (100%)        500M (100%)        500M (100%)   
[103.712s][info][gc,heap     ] GC(415)   Reserve:       34M (7%)           34M (7%)           34M (7%)           34M (7%)           34M (7%)           34M (7%)     
[103.712s][info][gc,heap     ] GC(415)      Free:      316M (63%)         250M (50%)         330M (66%)         326M (65%)         330M (66%)         250M (50%)    
[103.712s][info][gc,heap     ] GC(415)      Used:      150M (30%)         216M (43%)         136M (27%)         140M (28%)         216M (43%)         136M (27%)    
[103.712s][info][gc,heap     ] GC(415)      Live:         -                31M (6%)           31M (6%)           31M (6%)             -                  -          
[103.712s][info][gc,heap     ] GC(415) Allocated:         -                66M (13%)          66M (13%)          78M (16%)            -                  -          
[103.712s][info][gc,heap     ] GC(415)   Garbage:         -               118M (24%)          38M (8%)           32M (6%)             -                  -          
[103.712s][info][gc,heap     ] GC(415) Reclaimed:         -                  -                80M (16%)          86M (17%)            -                  -          
[103.712s][info][gc          ] GC(415) Garbage Collection (Allocation Rate) 150M(30%)->140M(28%)
[103.713s][info][gc,start    ] GC(416) Garbage Collection (Allocation Rate)
[103.719s][info][gc,phases   ] GC(416) Pause Mark Start 3.761ms
[103.788s][info][gc,phases   ] GC(416) Concurrent Mark 68.394ms
[103.791s][info][gc,phases   ] GC(416) Pause Mark End 0.486ms
[103.793s][info][gc,phases   ] GC(416) Concurrent Process Non-Strong References 1.618ms
[103.793s][info][gc,phases   ] GC(416) Concurrent Reset Relocation Set 0.003ms
[103.793s][info][gc,phases   ] GC(416) Concurrent Destroy Detached Pages 0.000ms
[103.795s][info][gc,phases   ] GC(416) Concurrent Select Relocation Set 1.528ms
[103.795s][info][gc,phases   ] GC(416) Concurrent Prepare Relocation Set 0.012ms
[103.798s][info][gc,phases   ] GC(416) Pause Relocate Start 3.496ms
[103.805s][info][gc,phases   ] GC(416) Concurrent Relocate 6.161ms
[103.805s][info][gc,load     ] GC(416) Load: 2.02/1.24/0.57
[103.805s][info][gc,mmu      ] GC(416) MMU: 2ms/0.0%, 5ms/0.0%, 10ms/0.0%, 20ms/0.0%, 50ms/57.1%, 100ms/74.9%
[103.805s][info][gc,marking  ] GC(416) Mark: 1 stripe(s), 2 proactive flush(es), 2 terminate flush(es), 0 completion(s), 0 continuation(s) 
[103.805s][info][gc,reloc    ] GC(416) Relocation: Successful, 6M relocated
[103.805s][info][gc,nmethod  ] GC(416) NMethods: 3848 registered, 0 unregistered
[103.805s][info][gc,metaspace] GC(416) Metaspace: 74M used, 79M capacity, 79M committed, 80M reserved
[103.805s][info][gc,ref      ] GC(416) Soft: 2201 encountered, 0 discovered, 0 enqueued
[103.805s][info][gc,ref      ] GC(416) Weak: 4613 encountered, 3642 discovered, 0 enqueued
[103.805s][info][gc,ref      ] GC(416) Final: 27 encountered, 0 discovered, 0 enqueued
[103.805s][info][gc,ref      ] GC(416) Phantom: 652 encountered, 648 discovered, 0 enqueued
[103.805s][info][gc,heap     ] GC(416)                Mark Start          Mark End        Relocate Start      Relocate End           High               Low         
[103.805s][info][gc,heap     ] GC(416)  Capacity:      500M (100%)        500M (100%)        500M (100%)        500M (100%)        500M (100%)        500M (100%)   
[103.805s][info][gc,heap     ] GC(416)   Reserve:       34M (7%)           34M (7%)           34M (7%)           34M (7%)           34M (7%)           34M (7%)     
[103.805s][info][gc,heap     ] GC(416)      Free:      324M (65%)         268M (54%)         338M (68%)         340M (68%)         340M (68%)         268M (54%)    
[103.805s][info][gc,heap     ] GC(416)      Used:      142M (28%)         198M (40%)         128M (26%)         126M (25%)         198M (40%)         126M (25%)    
[103.805s][info][gc,heap     ] GC(416)      Live:         -                31M (6%)           31M (6%)           31M (6%)             -                  -          
[103.805s][info][gc,heap     ] GC(416) Allocated:         -                56M (11%)          56M (11%)          64M (13%)            -                  -          
[103.805s][info][gc,heap     ] GC(416)   Garbage:         -               110M (22%)          40M (8%)           34M (7%)             -                  -          
[103.805s][info][gc,heap     ] GC(416) Reclaimed:         -                  -                70M (14%)          76M (15%)            -                  -          
[103.805s][info][gc          ] GC(416) Garbage Collection (Allocation Rate) 142M(28%)->126M(25%)
[103.813s][info][gc,start    ] GC(417) Garbage Collection (Allocation Rate)
[103.823s][info][gc,phases   ] GC(417) Pause Mark Start 6.389ms
[103.902s][info][gc,phases   ] GC(417) Concurrent Mark 79.615ms
[103.906s][info][gc,phases   ] GC(417) Pause Mark End 0.461ms
[103.907s][info][gc,phases   ] GC(417) Concurrent Process Non-Strong References 1.662ms
[103.907s][info][gc,phases   ] GC(417) Concurrent Reset Relocation Set 0.003ms
[103.907s][info][gc,phases   ] GC(417) Concurrent Destroy Detached Pages 0.000ms
[103.909s][info][gc,phases   ] GC(417) Concurrent Select Relocation Set 1.506ms
[103.909s][info][gc,phases   ] GC(417) Concurrent Prepare Relocation Set 0.012ms
[103.913s][info][gc,phases   ] GC(417) Pause Relocate Start 3.600ms
[103.920s][info][gc,phases   ] GC(417) Concurrent Relocate 6.935ms
[103.920s][info][gc,load     ] GC(417) Load: 2.02/1.24/0.57
[103.920s][info][gc,mmu      ] GC(417) MMU: 2ms/0.0%, 5ms/0.0%, 10ms/0.0%, 20ms/0.0%, 50ms/57.1%, 100ms/74.9%
[103.920s][info][gc,marking  ] GC(417) Mark: 1 stripe(s), 2 proactive flush(es), 1 terminate flush(es), 0 completion(s), 0 continuation(s) 
[103.920s][info][gc,reloc    ] GC(417) Relocation: Successful, 6M relocated
[103.920s][info][gc,nmethod  ] GC(417) NMethods: 3848 registered, 0 unregistered
[103.920s][info][gc,metaspace] GC(417) Metaspace: 74M used, 79M capacity, 79M committed, 80M reserved
[103.920s][info][gc,ref      ] GC(417) Soft: 2201 encountered, 0 discovered, 0 enqueued
[103.920s][info][gc,ref      ] GC(417) Weak: 4613 encountered, 3642 discovered, 0 enqueued
[103.920s][info][gc,ref      ] GC(417) Final: 27 encountered, 0 discovered, 0 enqueued
[103.920s][info][gc,ref      ] GC(417) Phantom: 652 encountered, 648 discovered, 0 enqueued
[103.920s][info][gc,heap     ] GC(417)                Mark Start          Mark End        Relocate Start      Relocate End           High               Low         
[103.920s][info][gc,heap     ] GC(417)  Capacity:      500M (100%)        500M (100%)        500M (100%)        500M (100%)        500M (100%)        500M (100%)   
[103.920s][info][gc,heap     ] GC(417)   Reserve:       34M (7%)           34M (7%)           34M (7%)           34M (7%)           34M (7%)           34M (7%)     
[103.920s][info][gc,heap     ] GC(417)      Free:      334M (67%)         280M (56%)         338M (68%)         338M (68%)         338M (68%)         280M (56%)    
[103.920s][info][gc,heap     ] GC(417)      Used:      132M (26%)         186M (37%)         128M (26%)         128M (26%)         186M (37%)         128M (26%)    
[103.920s][info][gc,heap     ] GC(417)      Live:         -                31M (6%)           31M (6%)           31M (6%)             -                  -          
[103.920s][info][gc,heap     ] GC(417) Allocated:         -                54M (11%)          54M (11%)          66M (13%)            -                  -          
[103.920s][info][gc,heap     ] GC(417)   Garbage:         -               100M (20%)          42M (8%)           34M (7%)             -                  -          
[103.920s][info][gc,heap     ] GC(417) Reclaimed:         -                  -                58M (12%)          66M (13%)            -                  -          
[103.920s][info][gc          ] GC(417) Garbage Collection (Allocation Rate) 132M(26%)->128M(26%)
[104.013s][info][gc,start    ] GC(418) Garbage Collection (Allocation Rate)
[104.019s][info][gc,phases   ] GC(418) Pause Mark Start 3.804ms
[104.084s][info][gc,phases   ] GC(418) Concurrent Mark 64.597ms
[104.087s][info][gc,phases   ] GC(418) Pause Mark End 0.458ms
[104.089s][info][gc,phases   ] GC(418) Concurrent Process Non-Strong References 1.575ms
[104.089s][info][gc,phases   ] GC(418) Concurrent Reset Relocation Set 0.002ms
[104.089s][info][gc,phases   ] GC(418) Concurrent Destroy Detached Pages 0.000ms
[104.091s][info][gc,phases   ] GC(418) Concurrent Select Relocation Set 1.507ms
[104.091s][info][gc,phases   ] GC(418) Concurrent Prepare Relocation Set 0.011ms
[104.096s][info][gc,phases   ] GC(418) Pause Relocate Start 5.122ms
[104.102s][info][gc,phases   ] GC(418) Concurrent Relocate 2.796ms
[104.102s][info][gc,load     ] GC(418) Load: 2.02/1.24/0.57
[104.102s][info][gc,mmu      ] GC(418) MMU: 2ms/0.0%, 5ms/0.0%, 10ms/0.0%, 20ms/0.0%, 50ms/57.1%, 100ms/74.9%
[104.102s][info][gc,marking  ] GC(418) Mark: 1 stripe(s), 2 proactive flush(es), 1 terminate flush(es), 0 completion(s), 0 continuation(s) 
[104.102s][info][gc,reloc    ] GC(418) Relocation: Successful, 6M relocated
[104.102s][info][gc,nmethod  ] GC(418) NMethods: 3848 registered, 0 unregistered
[104.102s][info][gc,metaspace] GC(418) Metaspace: 74M used, 79M capacity, 79M committed, 80M reserved
[104.102s][info][gc,ref      ] GC(418) Soft: 2201 encountered, 0 discovered, 0 enqueued
[104.102s][info][gc,ref      ] GC(418) Weak: 4613 encountered, 3642 discovered, 0 enqueued
[104.102s][info][gc,ref      ] GC(418) Final: 27 encountered, 0 discovered, 0 enqueued
[104.102s][info][gc,ref      ] GC(418) Phantom: 652 encountered, 648 discovered, 0 enqueued
[104.102s][info][gc,heap     ] GC(418)                Mark Start          Mark End        Relocate Start      Relocate End           High               Low         
[104.102s][info][gc,heap     ] GC(418)  Capacity:      500M (100%)        500M (100%)        500M (100%)        500M (100%)        500M (100%)        500M (100%)   
[104.102s][info][gc,heap     ] GC(418)   Reserve:       34M (7%)           34M (7%)           34M (7%)           34M (7%)           34M (7%)           34M (7%)     
[104.102s][info][gc,heap     ] GC(418)      Free:      176M (35%)         118M (24%)         334M (67%)         336M (67%)         336M (67%)         118M (24%)    
[104.102s][info][gc,heap     ] GC(418)      Used:      290M (58%)         348M (70%)         132M (26%)         130M (26%)         348M (70%)         130M (26%)    
[104.102s][info][gc,heap     ] GC(418)      Live:         -                31M (6%)           31M (6%)           31M (6%)             -                  -          
[104.102s][info][gc,heap     ] GC(418) Allocated:         -                58M (12%)          58M (12%)          68M (14%)            -                  -          
[104.102s][info][gc,heap     ] GC(418)   Garbage:         -               258M (52%)          42M (8%)           34M (7%)             -                  -          
[104.102s][info][gc,heap     ] GC(418) Reclaimed:         -                  -               216M (43%)         224M (45%)            -                  -          
[104.102s][info][gc          ] GC(418) Garbage Collection (Allocation Rate) 290M(58%)->130M(26%)
[104.113s][info][gc,start    ] GC(419) Garbage Collection (Allocation Rate)
[104.120s][info][gc,phases   ] GC(419) Pause Mark Start 3.766ms
[104.185s][info][gc,phases   ] GC(419) Concurrent Mark 64.527ms
[104.188s][info][gc,phases   ] GC(419) Pause Mark End 0.477ms
[104.190s][info][gc,phases   ] GC(419) Concurrent Process Non-Strong References 1.595ms
[104.190s][info][gc,phases   ] GC(419) Concurrent Reset Relocation Set 0.003ms
[104.190s][info][gc,phases   ] GC(419) Concurrent Destroy Detached Pages 0.000ms
[104.191s][info][gc,phases   ] GC(419) Concurrent Select Relocation Set 1.563ms
[104.191s][info][gc,phases   ] GC(419) Concurrent Prepare Relocation Set 0.012ms
[104.195s][info][gc,phases   ] GC(419) Pause Relocate Start 3.587ms
[104.199s][info][gc,phases   ] GC(419) Concurrent Relocate 4.122ms
[104.199s][info][gc,load     ] GC(419) Load: 2.02/1.24/0.57
[104.199s][info][gc,mmu      ] GC(419) MMU: 2ms/0.0%, 5ms/0.0%, 10ms/0.0%, 20ms/0.0%, 50ms/57.1%, 100ms/74.9%
[104.199s][info][gc,marking  ] GC(419) Mark: 1 stripe(s), 2 proactive flush(es), 1 terminate flush(es), 0 completion(s), 0 continuation(s) 
[104.199s][info][gc,reloc    ] GC(419) Relocation: Successful, 6M relocated
[104.199s][info][gc,nmethod  ] GC(419) NMethods: 3848 registered, 0 unregistered
[104.199s][info][gc,metaspace] GC(419) Metaspace: 74M used, 79M capacity, 79M committed, 80M reserved
[104.199s][info][gc,ref      ] GC(419) Soft: 2201 encountered, 0 discovered, 0 enqueued
[104.199s][info][gc,ref      ] GC(419) Weak: 4613 encountered, 3642 discovered, 0 enqueued
[104.199s][info][gc,ref      ] GC(419) Final: 27 encountered, 0 discovered, 0 enqueued
[104.199s][info][gc,ref      ] GC(419) Phantom: 652 encountered, 648 discovered, 0 enqueued
[104.199s][info][gc,heap     ] GC(419)                Mark Start          Mark End        Relocate Start      Relocate End           High               Low         
[104.199s][info][gc,heap     ] GC(419)  Capacity:      500M (100%)        500M (100%)        500M (100%)        500M (100%)        500M (100%)        500M (100%)   
[104.199s][info][gc,heap     ] GC(419)   Reserve:       34M (7%)           34M (7%)           34M (7%)           34M (7%)           34M (7%)           34M (7%)     
[104.199s][info][gc,heap     ] GC(419)      Free:      316M (63%)         258M (52%)         338M (68%)         340M (68%)         340M (68%)         258M (52%)    
[104.199s][info][gc,heap     ] GC(419)      Used:      150M (30%)         208M (42%)         128M (26%)         126M (25%)         208M (42%)         126M (25%)    
[104.199s][info][gc,heap     ] GC(419)      Live:         -                31M (6%)           31M (6%)           31M (6%)             -                  -          
[104.199s][info][gc,heap     ] GC(419) Allocated:         -                58M (12%)          58M (12%)          64M (13%)            -                  -          
[104.199s][info][gc,heap     ] GC(419)   Garbage:         -               118M (24%)          38M (8%)           32M (6%)             -                  -          
[104.199s][info][gc,heap     ] GC(419) Reclaimed:         -                  -                80M (16%)          86M (17%)            -                  -          
[104.199s][info][gc          ] GC(419) Garbage Collection (Allocation Rate) 150M(30%)->126M(25%)
[104.224s][info][gc,start    ] GC(420) Garbage Collection (Allocation Rate)
[104.230s][info][gc,phases   ] GC(420) Pause Mark Start 3.918ms
[104.297s][info][gc,phases   ] GC(420) Concurrent Mark 66.958ms
[104.300s][info][gc,phases   ] GC(420) Pause Mark End 0.473ms
[104.302s][info][gc,phases   ] GC(420) Concurrent Process Non-Strong References 1.648ms
[104.302s][info][gc,phases   ] GC(420) Concurrent Reset Relocation Set 0.003ms
[104.302s][info][gc,phases   ] GC(420) Concurrent Destroy Detached Pages 0.000ms
[104.304s][info][gc,phases   ] GC(420) Concurrent Select Relocation Set 1.542ms
[104.304s][info][gc,phases   ] GC(420) Concurrent Prepare Relocation Set 0.012ms
[104.308s][info][gc,phases   ] GC(420) Pause Relocate Start 3.526ms
[104.312s][info][gc,phases   ] GC(420) Concurrent Relocate 4.014ms
[104.312s][info][gc,load     ] GC(420) Load: 2.02/1.24/0.57
[104.312s][info][gc,mmu      ] GC(420) MMU: 2ms/0.0%, 5ms/0.0%, 10ms/0.0%, 20ms/0.0%, 50ms/57.1%, 100ms/74.9%
[104.312s][info][gc,marking  ] GC(420) Mark: 1 stripe(s), 2 proactive flush(es), 1 terminate flush(es), 0 completion(s), 0 continuation(s) 
[104.312s][info][gc,reloc    ] GC(420) Relocation: Successful, 6M relocated
[104.312s][info][gc,nmethod  ] GC(420) NMethods: 3848 registered, 0 unregistered
[104.312s][info][gc,metaspace] GC(420) Metaspace: 74M used, 79M capacity, 79M committed, 80M reserved
[104.312s][info][gc,ref      ] GC(420) Soft: 2201 encountered, 0 discovered, 0 enqueued
[104.312s][info][gc,ref      ] GC(420) Weak: 4613 encountered, 3642 discovered, 0 enqueued
[104.312s][info][gc,ref      ] GC(420) Final: 27 encountered, 0 discovered, 0 enqueued
[104.312s][info][gc,ref      ] GC(420) Phantom: 652 encountered, 648 discovered, 0 enqueued
[104.312s][info][gc,heap     ] GC(420)                Mark Start          Mark End        Relocate Start      Relocate End           High               Low         
[104.312s][info][gc,heap     ] GC(420)  Capacity:      500M (100%)        500M (100%)        500M (100%)        500M (100%)        500M (100%)        500M (100%)   
[104.312s][info][gc,heap     ] GC(420)   Reserve:       34M (7%)           34M (7%)           34M (7%)           34M (7%)           34M (7%)           34M (7%)     
[104.312s][info][gc,heap     ] GC(420)      Free:      318M (64%)         258M (52%)         332M (66%)         336M (67%)         336M (67%)         258M (52%)    
[104.312s][info][gc,heap     ] GC(420)      Used:      148M (30%)         208M (42%)         134M (27%)         130M (26%)         208M (42%)         130M (26%)    
[104.312s][info][gc,heap     ] GC(420)      Live:         -                31M (6%)           31M (6%)           31M (6%)             -                  -          
[104.312s][info][gc,heap     ] GC(420) Allocated:         -                60M (12%)          60M (12%)          68M (14%)            -                  -          
[104.312s][info][gc,heap     ] GC(420)   Garbage:         -               116M (23%)          42M (8%)           32M (6%)             -                  -          
[104.312s][info][gc,heap     ] GC(420) Reclaimed:         -                  -                74M (15%)          84M (17%)            -                  -          
[104.312s][info][gc          ] GC(420) Garbage Collection (Allocation Rate) 148M(30%)->130M(26%)
[104.314s][info][gc,start    ] GC(421) Garbage Collection (Allocation Rate)
[104.320s][info][gc,phases   ] GC(421) Pause Mark Start 3.669ms
[104.389s][info][gc,phases   ] GC(421) Concurrent Mark 68.591ms
[104.392s][info][gc,phases   ] GC(421) Pause Mark End 0.458ms
[104.394s][info][gc,phases   ] GC(421) Concurrent Process Non-Strong References 1.612ms
[104.394s][info][gc,phases   ] GC(421) Concurrent Reset Relocation Set 0.003ms
[104.394s][info][gc,phases   ] GC(421) Concurrent Destroy Detached Pages 0.001ms
[104.396s][info][gc,phases   ] GC(421) Concurrent Select Relocation Set 1.553ms
[104.396s][info][gc,phases   ] GC(421) Concurrent Prepare Relocation Set 0.013ms
[104.399s][info][gc,phases   ] GC(421) Pause Relocate Start 3.564ms
[104.403s][info][gc,phases   ] GC(421) Concurrent Relocate 3.965ms
[104.404s][info][gc,load     ] GC(421) Load: 2.02/1.24/0.57
[104.404s][info][gc,mmu      ] GC(421) MMU: 2ms/0.0%, 5ms/0.0%, 10ms/0.0%, 20ms/0.0%, 50ms/57.1%, 100ms/74.9%
[104.404s][info][gc,marking  ] GC(421) Mark: 1 stripe(s), 2 proactive flush(es), 1 terminate flush(es), 0 completion(s), 0 continuation(s) 
[104.404s][info][gc,reloc    ] GC(421) Relocation: Successful, 6M relocated
[104.404s][info][gc,nmethod  ] GC(421) NMethods: 3848 registered, 0 unregistered
[104.404s][info][gc,metaspace] GC(421) Metaspace: 74M used, 79M capacity, 79M committed, 80M reserved
[104.404s][info][gc,ref      ] GC(421) Soft: 2201 encountered, 0 discovered, 0 enqueued
[104.404s][info][gc,ref      ] GC(421) Weak: 4613 encountered, 3642 discovered, 0 enqueued
[104.404s][info][gc,ref      ] GC(421) Final: 27 encountered, 0 discovered, 0 enqueued
[104.404s][info][gc,ref      ] GC(421) Phantom: 652 encountered, 648 discovered, 0 enqueued
[104.404s][info][gc,heap     ] GC(421)                Mark Start          Mark End        Relocate Start      Relocate End           High               Low         
[104.404s][info][gc,heap     ] GC(421)  Capacity:      500M (100%)        500M (100%)        500M (100%)        500M (100%)        500M (100%)        500M (100%)   
[104.404s][info][gc,heap     ] GC(421)   Reserve:       34M (7%)           34M (7%)           34M (7%)           34M (7%)           34M (7%)           34M (7%)     
[104.404s][info][gc,heap     ] GC(421)      Free:      334M (67%)         276M (55%)         336M (67%)         338M (68%)         338M (68%)         276M (55%)    
[104.404s][info][gc,heap     ] GC(421)      Used:      132M (26%)         190M (38%)         130M (26%)         128M (26%)         190M (38%)         128M (26%)    
[104.404s][info][gc,heap     ] GC(421)      Live:         -                31M (6%)           31M (6%)           31M (6%)             -                  -          
[104.404s][info][gc,heap     ] GC(421) Allocated:         -                58M (12%)          58M (12%)          66M (13%)            -                  -          
[104.404s][info][gc,heap     ] GC(421)   Garbage:         -               100M (20%)          40M (8%)           32M (6%)             -                  -          
[104.404s][info][gc,heap     ] GC(421) Reclaimed:         -                  -                60M (12%)          68M (14%)            -                  -          
[104.404s][info][gc          ] GC(421) Garbage Collection (Allocation Rate) 132M(26%)->128M(26%)
[104.413s][info][gc,start    ] GC(422) Garbage Collection (Allocation Rate)
[104.420s][info][gc,phases   ] GC(422) Pause Mark Start 3.653ms
[104.484s][info][gc,phases   ] GC(422) Concurrent Mark 63.687ms
[104.487s][info][gc,phases   ] GC(422) Pause Mark End 0.446ms
[104.489s][info][gc,phases   ] GC(422) Concurrent Process Non-Strong References 1.588ms
[104.489s][info][gc,phases   ] GC(422) Concurrent Reset Relocation Set 0.002ms
[104.489s][info][gc,phases   ] GC(422) Concurrent Destroy Detached Pages 0.000ms
[104.490s][info][gc,phases   ] GC(422) Concurrent Select Relocation Set 1.511ms
[104.490s][info][gc,phases   ] GC(422) Concurrent Prepare Relocation Set 0.011ms
[104.494s][info][gc,phases   ] GC(422) Pause Relocate Start 3.419ms
[104.499s][info][gc,phases   ] GC(422) Concurrent Relocate 5.296ms
[104.499s][info][gc,load     ] GC(422) Load: 2.02/1.24/0.57
[104.499s][info][gc,mmu      ] GC(422) MMU: 2ms/0.0%, 5ms/0.0%, 10ms/0.0%, 20ms/0.0%, 50ms/57.1%, 100ms/74.9%
[104.499s][info][gc,marking  ] GC(422) Mark: 1 stripe(s), 2 proactive flush(es), 1 terminate flush(es), 0 completion(s), 0 continuation(s) 
[104.499s][info][gc,reloc    ] GC(422) Relocation: Successful, 6M relocated
[104.500s][info][gc,nmethod  ] GC(422) NMethods: 3848 registered, 0 unregistered
[104.500s][info][gc,metaspace] GC(422) Metaspace: 74M used, 79M capacity, 79M committed, 80M reserved
[104.500s][info][gc,ref      ] GC(422) Soft: 2201 encountered, 0 discovered, 0 enqueued
[104.500s][info][gc,ref      ] GC(422) Weak: 4613 encountered, 3642 discovered, 0 enqueued
[104.500s][info][gc,ref      ] GC(422) Final: 27 encountered, 0 discovered, 0 enqueued
[104.500s][info][gc,ref      ] GC(422) Phantom: 652 encountered, 648 discovered, 0 enqueued
[104.500s][info][gc,heap     ] GC(422)                Mark Start          Mark End        Relocate Start      Relocate End           High               Low         
[104.500s][info][gc,heap     ] GC(422)  Capacity:      500M (100%)        500M (100%)        500M (100%)        500M (100%)        500M (100%)        500M (100%)   
[104.500s][info][gc,heap     ] GC(422)   Reserve:       34M (7%)           34M (7%)           34M (7%)           34M (7%)           34M (7%)           34M (7%)     
[104.500s][info][gc,heap     ] GC(422)      Free:      322M (64%)         264M (53%)         338M (68%)         338M (68%)         338M (68%)         264M (53%)    
[104.500s][info][gc,heap     ] GC(422)      Used:      144M (29%)         202M (40%)         128M (26%)         128M (26%)         202M (40%)         128M (26%)    
[104.500s][info][gc,heap     ] GC(422)      Live:         -                31M (6%)           31M (6%)           31M (6%)             -                  -          
[104.500s][info][gc,heap     ] GC(422) Allocated:         -                58M (12%)          58M (12%)          66M (13%)            -                  -          
[104.500s][info][gc,heap     ] GC(422)   Garbage:         -               112M (22%)          38M (8%)           32M (6%)             -                  -          
[104.500s][info][gc,heap     ] GC(422) Reclaimed:         -                  -                74M (15%)          80M (16%)            -                  -          
[104.500s][info][gc          ] GC(422) Garbage Collection (Allocation Rate) 144M(29%)->128M(26%)
[104.513s][info][gc,start    ] GC(423) Garbage Collection (Allocation Rate)
[104.519s][info][gc,phases   ] GC(423) Pause Mark Start 3.652ms
[104.586s][info][gc,phases   ] GC(423) Concurrent Mark 66.763ms
[104.590s][info][gc,phases   ] GC(423) Pause Mark End 0.446ms
[104.591s][info][gc,phases   ] GC(423) Concurrent Process Non-Strong References 1.632ms
[104.591s][info][gc,phases   ] GC(423) Concurrent Reset Relocation Set 0.003ms
[104.591s][info][gc,phases   ] GC(423) Concurrent Destroy Detached Pages 0.001ms
[104.593s][info][gc,phases   ] GC(423) Concurrent Select Relocation Set 1.520ms
[104.593s][info][gc,phases   ] GC(423) Concurrent Prepare Relocation Set 0.011ms
[104.596s][info][gc,phases   ] GC(423) Pause Relocate Start 3.153ms
[104.604s][info][gc,phases   ] GC(423) Concurrent Relocate 7.495ms
[104.604s][info][gc,load     ] GC(423) Load: 2.02/1.24/0.57
[104.604s][info][gc,mmu      ] GC(423) MMU: 2ms/0.0%, 5ms/0.0%, 10ms/0.0%, 20ms/0.0%, 50ms/57.1%, 100ms/74.9%
[104.604s][info][gc,marking  ] GC(423) Mark: 1 stripe(s), 2 proactive flush(es), 1 terminate flush(es), 0 completion(s), 0 continuation(s) 
[104.604s][info][gc,reloc    ] GC(423) Relocation: Successful, 6M relocated
[104.604s][info][gc,nmethod  ] GC(423) NMethods: 3848 registered, 0 unregistered
[104.604s][info][gc,metaspace] GC(423) Metaspace: 74M used, 79M capacity, 79M committed, 80M reserved
[104.604s][info][gc,ref      ] GC(423) Soft: 2201 encountered, 0 discovered, 0 enqueued
[104.604s][info][gc,ref      ] GC(423) Weak: 4613 encountered, 3642 discovered, 0 enqueued
[104.604s][info][gc,ref      ] GC(423) Final: 27 encountered, 0 discovered, 0 enqueued
[104.604s][info][gc,ref      ] GC(423) Phantom: 652 encountered, 648 discovered, 0 enqueued
[104.604s][info][gc,heap     ] GC(423)                Mark Start          Mark End        Relocate Start      Relocate End           High               Low         
[104.604s][info][gc,heap     ] GC(423)  Capacity:      500M (100%)        500M (100%)        500M (100%)        500M (100%)        500M (100%)        500M (100%)   
[104.604s][info][gc,heap     ] GC(423)   Reserve:       34M (7%)           34M (7%)           34M (7%)           34M (7%)           34M (7%)           34M (7%)     
[104.604s][info][gc,heap     ] GC(423)      Free:      314M (63%)         260M (52%)         340M (68%)         338M (68%)         340M (68%)         260M (52%)    
[104.604s][info][gc,heap     ] GC(423)      Used:      152M (30%)         206M (41%)         126M (25%)         128M (26%)         206M (41%)         126M (25%)    
[104.604s][info][gc,heap     ] GC(423)      Live:         -                31M (6%)           31M (6%)           31M (6%)             -                  -          
[104.604s][info][gc,heap     ] GC(423) Allocated:         -                54M (11%)          54M (11%)          66M (13%)            -                  -          
[104.604s][info][gc,heap     ] GC(423)   Garbage:         -               120M (24%)          40M (8%)           32M (6%)             -                  -          
[104.604s][info][gc,heap     ] GC(423) Reclaimed:         -                  -                80M (16%)          88M (18%)            -                  -          
[104.604s][info][gc          ] GC(423) Garbage Collection (Allocation Rate) 152M(30%)->128M(26%)
[104.614s][info][gc,start    ] GC(424) Garbage Collection (Allocation Rate)
[104.618s][info][gc,phases   ] GC(424) Pause Mark Start 3.745ms
[104.693s][info][gc,phases   ] GC(424) Concurrent Mark 75.015ms
[104.696s][info][gc,phases   ] GC(424) Pause Mark End 0.464ms
[104.698s][info][gc,phases   ] GC(424) Concurrent Process Non-Strong References 1.630ms
[104.698s][info][gc,phases   ] GC(424) Concurrent Reset Relocation Set 0.002ms
[104.698s][info][gc,phases   ] GC(424) Concurrent Destroy Detached Pages 0.001ms
[104.700s][info][gc,phases   ] GC(424) Concurrent Select Relocation Set 2.054ms
[104.700s][info][gc,phases   ] GC(424) Concurrent Prepare Relocation Set 0.011ms
[104.704s][info][gc,phases   ] GC(424) Pause Relocate Start 3.617ms
[104.711s][info][gc,phases   ] GC(424) Concurrent Relocate 7.514ms
[104.711s][info][gc,load     ] GC(424) Load: 2.02/1.24/0.57
[104.711s][info][gc,mmu      ] GC(424) MMU: 2ms/0.0%, 5ms/0.0%, 10ms/0.0%, 20ms/0.0%, 50ms/57.1%, 100ms/74.9%
[104.711s][info][gc,marking  ] GC(424) Mark: 1 stripe(s), 2 proactive flush(es), 1 terminate flush(es), 0 completion(s), 0 continuation(s) 
[104.711s][info][gc,reloc    ] GC(424) Relocation: Successful, 6M relocated
[104.711s][info][gc,nmethod  ] GC(424) NMethods: 3848 registered, 0 unregistered
[104.711s][info][gc,metaspace] GC(424) Metaspace: 74M used, 79M capacity, 79M committed, 80M reserved
[104.711s][info][gc,ref      ] GC(424) Soft: 2201 encountered, 0 discovered, 0 enqueued
[104.711s][info][gc,ref      ] GC(424) Weak: 4604 encountered, 3633 discovered, 0 enqueued
[104.711s][info][gc,ref      ] GC(424) Final: 27 encountered, 0 discovered, 0 enqueued
[104.711s][info][gc,ref      ] GC(424) Phantom: 652 encountered, 648 discovered, 0 enqueued
[104.711s][info][gc,heap     ] GC(424)                Mark Start          Mark End        Relocate Start      Relocate End           High               Low         
[104.711s][info][gc,heap     ] GC(424)  Capacity:      500M (100%)        500M (100%)        500M (100%)        500M (100%)        500M (100%)        500M (100%)   
[104.711s][info][gc,heap     ] GC(424)   Reserve:       34M (7%)           34M (7%)           34M (7%)           34M (7%)           34M (7%)           34M (7%)     
[104.711s][info][gc,heap     ] GC(424)      Free:      322M (64%)         260M (52%)         332M (66%)         330M (66%)         332M (66%)         260M (52%)    
[104.711s][info][gc,heap     ] GC(424)      Used:      144M (29%)         206M (41%)         134M (27%)         136M (27%)         206M (41%)         134M (27%)    
[104.711s][info][gc,heap     ] GC(424)      Live:         -                31M (6%)           31M (6%)           31M (6%)             -                  -          
[104.711s][info][gc,heap     ] GC(424) Allocated:         -                62M (12%)          62M (12%)          74M (15%)            -                  -          
[104.711s][info][gc,heap     ] GC(424)   Garbage:         -               112M (22%)          40M (8%)           32M (6%)             -                  -          
[104.711s][info][gc,heap     ] GC(424) Reclaimed:         -                  -                72M (14%)          80M (16%)            -                  -          
[104.711s][info][gc          ] GC(424) Garbage Collection (Allocation Rate) 144M(29%)->136M(27%)
[104.713s][info][gc,start    ] GC(425) Garbage Collection (Allocation Rate)
[104.720s][info][gc,phases   ] GC(425) Pause Mark Start 3.723ms
[104.787s][info][gc,phases   ] GC(425) Concurrent Mark 66.439ms
[104.790s][info][gc,phases   ] GC(425) Pause Mark End 0.449ms
[104.792s][info][gc,phases   ] GC(425) Concurrent Process Non-Strong References 1.699ms
[104.792s][info][gc,phases   ] GC(425) Concurrent Reset Relocation Set 0.003ms
[104.792s][info][gc,phases   ] GC(425) Concurrent Destroy Detached Pages 0.000ms
[104.793s][info][gc,phases   ] GC(425) Concurrent Select Relocation Set 1.519ms
[104.793s][info][gc,phases   ] GC(425) Concurrent Prepare Relocation Set 0.011ms
[104.797s][info][gc,phases   ] GC(425) Pause Relocate Start 3.493ms
[104.803s][info][gc,phases   ] GC(425) Concurrent Relocate 6.382ms
[104.803s][info][gc,load     ] GC(425) Load: 2.02/1.24/0.57
[104.803s][info][gc,mmu      ] GC(425) MMU: 2ms/0.0%, 5ms/0.0%, 10ms/0.0%, 20ms/0.0%, 50ms/57.1%, 100ms/74.9%
[104.803s][info][gc,marking  ] GC(425) Mark: 1 stripe(s), 2 proactive flush(es), 1 terminate flush(es), 0 completion(s), 0 continuation(s) 
[104.803s][info][gc,reloc    ] GC(425) Relocation: Successful, 6M relocated
[104.803s][info][gc,nmethod  ] GC(425) NMethods: 3848 registered, 0 unregistered
[104.803s][info][gc,metaspace] GC(425) Metaspace: 74M used, 79M capacity, 79M committed, 80M reserved
[104.803s][info][gc,ref      ] GC(425) Soft: 2201 encountered, 0 discovered, 0 enqueued
[104.803s][info][gc,ref      ] GC(425) Weak: 4604 encountered, 3633 discovered, 0 enqueued
[104.803s][info][gc,ref      ] GC(425) Final: 27 encountered, 0 discovered, 0 enqueued
[104.803s][info][gc,ref      ] GC(425) Phantom: 652 encountered, 648 discovered, 0 enqueued
[104.803s][info][gc,heap     ] GC(425)                Mark Start          Mark End        Relocate Start      Relocate End           High               Low         
[104.803s][info][gc,heap     ] GC(425)  Capacity:      500M (100%)        500M (100%)        500M (100%)        500M (100%)        500M (100%)        500M (100%)   
[104.804s][info][gc,heap     ] GC(425)   Reserve:       34M (7%)           34M (7%)           34M (7%)           34M (7%)           34M (7%)           34M (7%)     
[104.804s][info][gc,heap     ] GC(425)      Free:      326M (65%)         266M (53%)         336M (67%)         334M (67%)         336M (67%)         266M (53%)    
[104.804s][info][gc,heap     ] GC(425)      Used:      140M (28%)         200M (40%)         130M (26%)         132M (26%)         200M (40%)         130M (26%)    
[104.804s][info][gc,heap     ] GC(425)      Live:         -                31M (6%)           31M (6%)           31M (6%)             -                  -          
[104.804s][info][gc,heap     ] GC(425) Allocated:         -                60M (12%)          60M (12%)          70M (14%)            -                  -          
[104.804s][info][gc,heap     ] GC(425)   Garbage:         -               108M (22%)          38M (8%)           32M (6%)             -                  -          
[104.804s][info][gc,heap     ] GC(425) Reclaimed:         -                  -                70M (14%)          76M (15%)            -                  -          
[104.804s][info][gc          ] GC(425) Garbage Collection (Allocation Rate) 140M(28%)->132M(26%)
[104.813s][info][gc,start    ] GC(426) Garbage Collection (Allocation Rate)
[104.819s][info][gc,phases   ] GC(426) Pause Mark Start 3.688ms
[104.913s][info][gc,phases   ] GC(426) Concurrent Mark 93.119ms
[104.916s][info][gc,phases   ] GC(426) Pause Mark End 0.425ms
[104.918s][info][gc,phases   ] GC(426) Concurrent Process Non-Strong References 1.556ms
[104.918s][info][gc,phases   ] GC(426) Concurrent Reset Relocation Set 0.002ms
[104.918s][info][gc,phases   ] GC(426) Concurrent Destroy Detached Pages 0.000ms
[104.919s][info][gc,phases   ] GC(426) Concurrent Select Relocation Set 1.523ms
[104.919s][info][gc,phases   ] GC(426) Concurrent Prepare Relocation Set 0.011ms
[104.923s][info][gc,phases   ] GC(426) Pause Relocate Start 3.282ms
[104.927s][info][gc,phases   ] GC(426) Concurrent Relocate 4.417ms
[104.927s][info][gc,load     ] GC(426) Load: 2.02/1.24/0.57
[104.927s][info][gc,mmu      ] GC(426) MMU: 2ms/0.0%, 5ms/0.0%, 10ms/0.0%, 20ms/0.0%, 50ms/57.1%, 100ms/74.9%
[104.927s][info][gc,marking  ] GC(426) Mark: 1 stripe(s), 2 proactive flush(es), 1 terminate flush(es), 0 completion(s), 0 continuation(s) 
[104.927s][info][gc,reloc    ] GC(426) Relocation: Successful, 6M relocated
[104.927s][info][gc,nmethod  ] GC(426) NMethods: 3848 registered, 0 unregistered
[104.927s][info][gc,metaspace] GC(426) Metaspace: 74M used, 79M capacity, 79M committed, 80M reserved
[104.927s][info][gc,ref      ] GC(426) Soft: 2201 encountered, 0 discovered, 0 enqueued
[104.927s][info][gc,ref      ] GC(426) Weak: 4604 encountered, 3633 discovered, 0 enqueued
[104.927s][info][gc,ref      ] GC(426) Final: 27 encountered, 0 discovered, 0 enqueued
[104.927s][info][gc,ref      ] GC(426) Phantom: 652 encountered, 648 discovered, 0 enqueued
[104.927s][info][gc,heap     ] GC(426)                Mark Start          Mark End        Relocate Start      Relocate End           High               Low         
[104.927s][info][gc,heap     ] GC(426)  Capacity:      500M (100%)        500M (100%)        500M (100%)        500M (100%)        500M (100%)        500M (100%)   
[104.927s][info][gc,heap     ] GC(426)   Reserve:       34M (7%)           34M (7%)           34M (7%)           34M (7%)           34M (7%)           34M (7%)     
[104.927s][info][gc,heap     ] GC(426)      Free:      318M (64%)         252M (50%)         330M (66%)         330M (66%)         330M (66%)         252M (50%)    
[104.927s][info][gc,heap     ] GC(426)      Used:      148M (30%)         214M (43%)         136M (27%)         136M (27%)         214M (43%)         136M (27%)    
[104.927s][info][gc,heap     ] GC(426)      Live:         -                31M (6%)           31M (6%)           31M (6%)             -                  -          
[104.927s][info][gc,heap     ] GC(426) Allocated:         -                66M (13%)          66M (13%)          74M (15%)            -                  -          
[104.927s][info][gc,heap     ] GC(426)   Garbage:         -               116M (23%)          38M (8%)           32M (6%)             -                  -          
[104.927s][info][gc,heap     ] GC(426) Reclaimed:         -                  -                78M (16%)          84M (17%)            -                  -          
[104.927s][info][gc          ] GC(426) Garbage Collection (Allocation Rate) 148M(30%)->136M(27%)
[105.013s][info][gc,start    ] GC(427) Garbage Collection (Allocation Rate)
[105.020s][info][gc,phases   ] GC(427) Pause Mark Start 3.582ms
[105.081s][info][gc,phases   ] GC(427) Concurrent Mark 60.953ms
[105.084s][info][gc,phases   ] GC(427) Pause Mark End 0.441ms
[105.085s][info][gc,phases   ] GC(427) Concurrent Process Non-Strong References 1.548ms
[105.085s][info][gc,phases   ] GC(427) Concurrent Reset Relocation Set 0.002ms
[105.085s][info][gc,phases   ] GC(427) Concurrent Destroy Detached Pages 0.000ms
[105.087s][info][gc,phases   ] GC(427) Concurrent Select Relocation Set 1.538ms
[105.087s][info][gc,phases   ] GC(427) Concurrent Prepare Relocation Set 0.011ms
[105.091s][info][gc,phases   ] GC(427) Pause Relocate Start 3.429ms
[105.099s][info][gc,phases   ] GC(427) Concurrent Relocate 8.400ms
[105.099s][info][gc,load     ] GC(427) Load: 2.02/1.24/0.57
[105.099s][info][gc,mmu      ] GC(427) MMU: 2ms/0.0%, 5ms/0.0%, 10ms/0.0%, 20ms/0.0%, 50ms/57.1%, 100ms/74.9%
[105.099s][info][gc,marking  ] GC(427) Mark: 1 stripe(s), 2 proactive flush(es), 1 terminate flush(es), 0 completion(s), 0 continuation(s) 
[105.099s][info][gc,reloc    ] GC(427) Relocation: Successful, 6M relocated
[105.099s][info][gc,nmethod  ] GC(427) NMethods: 3848 registered, 0 unregistered
[105.099s][info][gc,metaspace] GC(427) Metaspace: 74M used, 79M capacity, 79M committed, 80M reserved
[105.099s][info][gc,ref      ] GC(427) Soft: 2201 encountered, 0 discovered, 0 enqueued
[105.099s][info][gc,ref      ] GC(427) Weak: 4604 encountered, 3633 discovered, 0 enqueued
[105.099s][info][gc,ref      ] GC(427) Final: 27 encountered, 0 discovered, 0 enqueued
[105.099s][info][gc,ref      ] GC(427) Phantom: 652 encountered, 648 discovered, 0 enqueued
[105.099s][info][gc,heap     ] GC(427)                Mark Start          Mark End        Relocate Start      Relocate End           High               Low         
[105.099s][info][gc,heap     ] GC(427)  Capacity:      500M (100%)        500M (100%)        500M (100%)        500M (100%)        500M (100%)        500M (100%)   
[105.099s][info][gc,heap     ] GC(427)   Reserve:       34M (7%)           34M (7%)           34M (7%)           34M (7%)           34M (7%)           34M (7%)     
[105.099s][info][gc,heap     ] GC(427)      Free:      184M (37%)         128M (26%)         338M (68%)         334M (67%)         338M (68%)         128M (26%)    
[105.099s][info][gc,heap     ] GC(427)      Used:      282M (56%)         338M (68%)         128M (26%)         132M (26%)         338M (68%)         128M (26%)    
[105.099s][info][gc,heap     ] GC(427)      Live:         -                31M (6%)           31M (6%)           31M (6%)             -                  -          
[105.099s][info][gc,heap     ] GC(427) Allocated:         -                56M (11%)          56M (11%)          70M (14%)            -                  -          
[105.099s][info][gc,heap     ] GC(427)   Garbage:         -               250M (50%)          40M (8%)           32M (6%)             -                  -          
[105.099s][info][gc,heap     ] GC(427) Reclaimed:         -                  -               210M (42%)         218M (44%)            -                  -          
[105.099s][info][gc          ] GC(427) Garbage Collection (Allocation Rate) 282M(56%)->132M(26%)
[105.113s][info][gc,start    ] GC(428) Garbage Collection (Allocation Rate)
[105.120s][info][gc,phases   ] GC(428) Pause Mark Start 3.712ms
[105.184s][info][gc,phases   ] GC(428) Concurrent Mark 64.813ms
[105.187s][info][gc,phases   ] GC(428) Pause Mark End 0.604ms
[105.190s][info][gc,phases   ] GC(428) Concurrent Process Non-Strong References 2.066ms
[105.190s][info][gc,phases   ] GC(428) Concurrent Reset Relocation Set 0.003ms
[105.190s][info][gc,phases   ] GC(428) Concurrent Destroy Detached Pages 0.001ms
[105.192s][info][gc,phases   ] GC(428) Concurrent Select Relocation Set 2.801ms
[105.193s][info][gc,phases   ] GC(428) Concurrent Prepare Relocation Set 0.030ms
[105.197s][info][gc,phases   ] GC(428) Pause Relocate Start 4.004ms
[105.204s][info][gc,phases   ] GC(428) Concurrent Relocate 0.861ms
[105.204s][info][gc,load     ] GC(428) Load: 2.02/1.24/0.57
[105.204s][info][gc,mmu      ] GC(428) MMU: 2ms/0.0%, 5ms/0.0%, 10ms/0.0%, 20ms/0.0%, 50ms/57.1%, 100ms/74.9%
[105.204s][info][gc,marking  ] GC(428) Mark: 1 stripe(s), 2 proactive flush(es), 1 terminate flush(es), 0 completion(s), 0 continuation(s) 
[105.204s][info][gc,reloc    ] GC(428) Relocation: Successful, 6M relocated
[105.204s][info][gc,nmethod  ] GC(428) NMethods: 3848 registered, 0 unregistered
[105.204s][info][gc,metaspace] GC(428) Metaspace: 74M used, 79M capacity, 79M committed, 80M reserved
[105.204s][info][gc,ref      ] GC(428) Soft: 2201 encountered, 0 discovered, 0 enqueued
[105.204s][info][gc,ref      ] GC(428) Weak: 4604 encountered, 3633 discovered, 0 enqueued
[105.204s][info][gc,ref      ] GC(428) Final: 27 encountered, 0 discovered, 0 enqueued
[105.204s][info][gc,ref      ] GC(428) Phantom: 652 encountered, 648 discovered, 0 enqueued
[105.204s][info][gc,heap     ] GC(428)                Mark Start          Mark End        Relocate Start      Relocate End           High               Low         
[105.204s][info][gc,heap     ] GC(428)  Capacity:      500M (100%)        500M (100%)        500M (100%)        500M (100%)        500M (100%)        500M (100%)   
[105.204s][info][gc,heap     ] GC(428)   Reserve:       34M (7%)           34M (7%)           34M (7%)           34M (7%)           34M (7%)           34M (7%)     
[105.204s][info][gc,heap     ] GC(428)      Free:      312M (62%)         256M (51%)         334M (67%)         336M (67%)         336M (67%)         256M (51%)    
[105.204s][info][gc,heap     ] GC(428)      Used:      154M (31%)         210M (42%)         132M (26%)         130M (26%)         210M (42%)         130M (26%)    
[105.204s][info][gc,heap     ] GC(428)      Live:         -                31M (6%)           31M (6%)           31M (6%)             -                  -          
[105.204s][info][gc,heap     ] GC(428) Allocated:         -                56M (11%)          56M (11%)          68M (14%)            -                  -          
[105.204s][info][gc,heap     ] GC(428)   Garbage:         -               122M (24%)          44M (9%)           32M (6%)             -                  -          
[105.204s][info][gc,heap     ] GC(428) Reclaimed:         -                  -                78M (16%)          90M (18%)            -                  -          
[105.204s][info][gc          ] GC(428) Garbage Collection (Allocation Rate) 154M(31%)->130M(26%)
[105.214s][info][gc,start    ] GC(429) Garbage Collection (Allocation Rate)
[105.220s][info][gc,phases   ] GC(429) Pause Mark Start 3.955ms
[105.291s][info][gc,phases   ] GC(429) Concurrent Mark 70.572ms
[105.294s][info][gc,phases   ] GC(429) Pause Mark End 0.457ms
[105.296s][info][gc,phases   ] GC(429) Concurrent Process Non-Strong References 1.641ms
[105.296s][info][gc,phases   ] GC(429) Concurrent Reset Relocation Set 0.004ms
[105.296s][info][gc,phases   ] GC(429) Concurrent Destroy Detached Pages 0.001ms
[105.297s][info][gc,phases   ] GC(429) Concurrent Select Relocation Set 1.511ms
[105.297s][info][gc,phases   ] GC(429) Concurrent Prepare Relocation Set 0.012ms
[105.301s][info][gc,phases   ] GC(429) Pause Relocate Start 3.586ms
[105.307s][info][gc,phases   ] GC(429) Concurrent Relocate 6.034ms
[105.307s][info][gc,load     ] GC(429) Load: 2.02/1.24/0.57
[105.307s][info][gc,mmu      ] GC(429) MMU: 2ms/0.0%, 5ms/0.0%, 10ms/0.0%, 20ms/0.0%, 50ms/57.1%, 100ms/74.9%
[105.307s][info][gc,marking  ] GC(429) Mark: 1 stripe(s), 2 proactive flush(es), 1 terminate flush(es), 0 completion(s), 0 continuation(s) 
[105.307s][info][gc,reloc    ] GC(429) Relocation: Successful, 6M relocated
[105.307s][info][gc,nmethod  ] GC(429) NMethods: 3848 registered, 0 unregistered
[105.307s][info][gc,metaspace] GC(429) Metaspace: 74M used, 79M capacity, 79M committed, 80M reserved
[105.307s][info][gc,ref      ] GC(429) Soft: 2201 encountered, 0 discovered, 0 enqueued
[105.307s][info][gc,ref      ] GC(429) Weak: 4604 encountered, 3633 discovered, 0 enqueued
[105.307s][info][gc,ref      ] GC(429) Final: 27 encountered, 0 discovered, 0 enqueued
[105.307s][info][gc,ref      ] GC(429) Phantom: 652 encountered, 648 discovered, 0 enqueued
[105.307s][info][gc,heap     ] GC(429)                Mark Start          Mark End        Relocate Start      Relocate End           High               Low         
[105.307s][info][gc,heap     ] GC(429)  Capacity:      500M (100%)        500M (100%)        500M (100%)        500M (100%)        500M (100%)        500M (100%)   
[105.307s][info][gc,heap     ] GC(429)   Reserve:       34M (7%)           34M (7%)           34M (7%)           34M (7%)           34M (7%)           34M (7%)     
[105.307s][info][gc,heap     ] GC(429)      Free:      322M (64%)         266M (53%)         338M (68%)         336M (67%)         338M (68%)         266M (53%)    
[105.307s][info][gc,heap     ] GC(429)      Used:      144M (29%)         200M (40%)         128M (26%)         130M (26%)         200M (40%)         128M (26%)    
[105.307s][info][gc,heap     ] GC(429)      Live:         -                31M (6%)           31M (6%)           31M (6%)             -                  -          
[105.307s][info][gc,heap     ] GC(429) Allocated:         -                56M (11%)          56M (11%)          68M (14%)            -                  -          
[105.307s][info][gc,heap     ] GC(429)   Garbage:         -               112M (22%)          40M (8%)           34M (7%)             -                  -          
[105.307s][info][gc,heap     ] GC(429) Reclaimed:         -                  -                72M (14%)          78M (16%)            -                  -          
[105.307s][info][gc          ] GC(429) Garbage Collection (Allocation Rate) 144M(29%)->130M(26%)
[105.313s][info][gc,start    ] GC(430) Garbage Collection (Allocation Rate)
[105.320s][info][gc,phases   ] GC(430) Pause Mark Start 3.807ms
[105.395s][info][gc,phases   ] GC(430) Concurrent Mark 75.373ms
[105.399s][info][gc,phases   ] GC(430) Pause Mark End 0.480ms
[105.400s][info][gc,phases   ] GC(430) Concurrent Process Non-Strong References 1.582ms
[105.400s][info][gc,phases   ] GC(430) Concurrent Reset Relocation Set 0.003ms
[105.400s][info][gc,phases   ] GC(430) Concurrent Destroy Detached Pages 0.000ms
[105.402s][info][gc,phases   ] GC(430) Concurrent Select Relocation Set 1.503ms
[105.402s][info][gc,phases   ] GC(430) Concurrent Prepare Relocation Set 0.012ms
[105.405s][info][gc,phases   ] GC(430) Pause Relocate Start 3.485ms
[105.412s][info][gc,phases   ] GC(430) Concurrent Relocate 6.348ms
[105.412s][info][gc,load     ] GC(430) Load: 2.02/1.24/0.57
[105.412s][info][gc,mmu      ] GC(430) MMU: 2ms/0.0%, 5ms/0.0%, 10ms/0.0%, 20ms/0.0%, 50ms/57.1%, 100ms/74.9%
[105.412s][info][gc,marking  ] GC(430) Mark: 1 stripe(s), 2 proactive flush(es), 1 terminate flush(es), 0 completion(s), 0 continuation(s) 
[105.412s][info][gc,reloc    ] GC(430) Relocation: Successful, 6M relocated
[105.412s][info][gc,nmethod  ] GC(430) NMethods: 3848 registered, 0 unregistered
[105.412s][info][gc,metaspace] GC(430) Metaspace: 74M used, 79M capacity, 79M committed, 80M reserved
[105.412s][info][gc,ref      ] GC(430) Soft: 2201 encountered, 0 discovered, 0 enqueued
[105.412s][info][gc,ref      ] GC(430) Weak: 4604 encountered, 3633 discovered, 0 enqueued
[105.412s][info][gc,ref      ] GC(430) Final: 27 encountered, 0 discovered, 0 enqueued
[105.412s][info][gc,ref      ] GC(430) Phantom: 652 encountered, 648 discovered, 0 enqueued
[105.412s][info][gc,heap     ] GC(430)                Mark Start          Mark End        Relocate Start      Relocate End           High               Low         
[105.412s][info][gc,heap     ] GC(430)  Capacity:      500M (100%)        500M (100%)        500M (100%)        500M (100%)        500M (100%)        500M (100%)   
[105.412s][info][gc,heap     ] GC(430)   Reserve:       34M (7%)           34M (7%)           34M (7%)           34M (7%)           34M (7%)           34M (7%)     
[105.412s][info][gc,heap     ] GC(430)      Free:      326M (65%)         258M (52%)         324M (65%)         326M (65%)         326M (65%)         258M (52%)    
[105.412s][info][gc,heap     ] GC(430)      Used:      140M (28%)         208M (42%)         142M (28%)         140M (28%)         208M (42%)         140M (28%)    
[105.412s][info][gc,heap     ] GC(430)      Live:         -                31M (6%)           31M (6%)           31M (6%)             -                  -          
[105.412s][info][gc,heap     ] GC(430) Allocated:         -                68M (14%)          68M (14%)          78M (16%)            -                  -          
[105.412s][info][gc,heap     ] GC(430)   Garbage:         -               108M (22%)          42M (8%)           32M (6%)             -                  -          
[105.412s][info][gc,heap     ] GC(430) Reclaimed:         -                  -                66M (13%)          76M (15%)            -                  -          
[105.412s][info][gc          ] GC(430) Garbage Collection (Allocation Rate) 140M(28%)->140M(28%)
[105.413s][info][gc,start    ] GC(431) Garbage Collection (Allocation Rate)
[105.419s][info][gc,phases   ] GC(431) Pause Mark Start 3.669ms
[105.484s][info][gc,phases   ] GC(431) Concurrent Mark 64.779ms
[105.487s][info][gc,phases   ] GC(431) Pause Mark End 0.449ms
[105.489s][info][gc,phases   ] GC(431) Concurrent Process Non-Strong References 1.576ms
[105.489s][info][gc,phases   ] GC(431) Concurrent Reset Relocation Set 0.003ms
[105.489s][info][gc,phases   ] GC(431) Concurrent Destroy Detached Pages 0.000ms
[105.491s][info][gc,phases   ] GC(431) Concurrent Select Relocation Set 1.502ms
[105.491s][info][gc,phases   ] GC(431) Concurrent Prepare Relocation Set 0.012ms
[105.494s][info][gc,phases   ] GC(431) Pause Relocate Start 3.522ms
[105.500s][info][gc,phases   ] GC(431) Concurrent Relocate 5.306ms
[105.500s][info][gc,load     ] GC(431) Load: 2.02/1.24/0.57
[105.500s][info][gc,mmu      ] GC(431) MMU: 2ms/0.0%, 5ms/0.0%, 10ms/0.0%, 20ms/0.0%, 50ms/57.1%, 100ms/74.9%
[105.500s][info][gc,marking  ] GC(431) Mark: 1 stripe(s), 2 proactive flush(es), 1 terminate flush(es), 0 completion(s), 0 continuation(s) 
[105.500s][info][gc,reloc    ] GC(431) Relocation: Successful, 6M relocated
[105.500s][info][gc,nmethod  ] GC(431) NMethods: 3848 registered, 0 unregistered
[105.500s][info][gc,metaspace] GC(431) Metaspace: 74M used, 79M capacity, 79M committed, 80M reserved
[105.500s][info][gc,ref      ] GC(431) Soft: 2201 encountered, 0 discovered, 0 enqueued
[105.500s][info][gc,ref      ] GC(431) Weak: 4604 encountered, 3633 discovered, 0 enqueued
[105.500s][info][gc,ref      ] GC(431) Final: 27 encountered, 0 discovered, 0 enqueued
[105.500s][info][gc,ref      ] GC(431) Phantom: 652 encountered, 648 discovered, 0 enqueued
[105.500s][info][gc,heap     ] GC(431)                Mark Start          Mark End        Relocate Start      Relocate End           High               Low         
[105.500s][info][gc,heap     ] GC(431)  Capacity:      500M (100%)        500M (100%)        500M (100%)        500M (100%)        500M (100%)        500M (100%)   
[105.500s][info][gc,heap     ] GC(431)   Reserve:       34M (7%)           34M (7%)           34M (7%)           34M (7%)           34M (7%)           34M (7%)     
[105.500s][info][gc,heap     ] GC(431)      Free:      324M (65%)         266M (53%)         338M (68%)         336M (67%)         338M (68%)         266M (53%)    
[105.500s][info][gc,heap     ] GC(431)      Used:      142M (28%)         200M (40%)         128M (26%)         130M (26%)         200M (40%)         128M (26%)    
[105.500s][info][gc,heap     ] GC(431)      Live:         -                31M (6%)           31M (6%)           31M (6%)             -                  -          
[105.500s][info][gc,heap     ] GC(431) Allocated:         -                58M (12%)          58M (12%)          68M (14%)            -                  -          
[105.500s][info][gc,heap     ] GC(431)   Garbage:         -               110M (22%)          38M (8%)           34M (7%)             -                  -          
[105.500s][info][gc,heap     ] GC(431) Reclaimed:         -                  -                72M (14%)          76M (15%)            -                  -          
[105.500s][info][gc          ] GC(431) Garbage Collection (Allocation Rate) 142M(28%)->130M(26%)
[105.514s][info][gc,start    ] GC(432) Garbage Collection (Allocation Rate)
[105.520s][info][gc,phases   ] GC(432) Pause Mark Start 3.688ms
[105.604s][info][gc,phases   ] GC(432) Concurrent Mark 83.330ms
[105.607s][info][gc,phases   ] GC(432) Pause Mark End 0.480ms
[105.609s][info][gc,phases   ] GC(432) Concurrent Process Non-Strong References 1.643ms
[105.609s][info][gc,phases   ] GC(432) Concurrent Reset Relocation Set 0.003ms
[105.609s][info][gc,phases   ] GC(432) Concurrent Destroy Detached Pages 0.001ms
[105.610s][info][gc,phases   ] GC(432) Concurrent Select Relocation Set 1.529ms
[105.610s][info][gc,phases   ] GC(432) Concurrent Prepare Relocation Set 0.013ms
[105.614s][info][gc,phases   ] GC(432) Pause Relocate Start 3.433ms
[105.617s][info][gc,heap     ] Page Cache Flushed: 6M requested, 10M(358M->348M) flushed
[105.621s][info][gc,phases   ] GC(432) Concurrent Relocate 6.739ms
[105.621s][info][gc,load     ] GC(432) Load: 2.02/1.24/0.57
[105.621s][info][gc,mmu      ] GC(432) MMU: 2ms/0.0%, 5ms/0.0%, 10ms/0.0%, 20ms/0.0%, 50ms/57.1%, 100ms/74.9%
[105.621s][info][gc,marking  ] GC(432) Mark: 1 stripe(s), 2 proactive flush(es), 3 terminate flush(es), 1 completion(s), 0 continuation(s) 
[105.621s][info][gc,reloc    ] GC(432) Relocation: Successful, 6M relocated
[105.621s][info][gc,nmethod  ] GC(432) NMethods: 3856 registered, 0 unregistered
[105.621s][info][gc,metaspace] GC(432) Metaspace: 74M used, 79M capacity, 79M committed, 80M reserved
[105.621s][info][gc,ref      ] GC(432) Soft: 2201 encountered, 0 discovered, 0 enqueued
[105.621s][info][gc,ref      ] GC(432) Weak: 4604 encountered, 3633 discovered, 0 enqueued
[105.621s][info][gc,ref      ] GC(432) Final: 27 encountered, 0 discovered, 0 enqueued
[105.621s][info][gc,ref      ] GC(432) Phantom: 652 encountered, 648 discovered, 0 enqueued
[105.621s][info][gc,heap     ] GC(432)                Mark Start          Mark End        Relocate Start      Relocate End           High               Low         
[105.621s][info][gc,heap     ] GC(432)  Capacity:      500M (100%)        500M (100%)        500M (100%)        500M (100%)        500M (100%)        500M (100%)   
[105.621s][info][gc,heap     ] GC(432)   Reserve:       34M (7%)           34M (7%)           34M (7%)           34M (7%)           34M (7%)           34M (7%)     
[105.621s][info][gc,heap     ] GC(432)      Free:      314M (63%)         278M (56%)         358M (72%)         358M (72%)         358M (72%)         278M (56%)    
[105.621s][info][gc,heap     ] GC(432)      Used:      152M (30%)         188M (38%)         108M (22%)         108M (22%)         188M (38%)         108M (22%)    
[105.621s][info][gc,heap     ] GC(432)      Live:         -                31M (6%)           31M (6%)           31M (6%)             -                  -          
[105.621s][info][gc,heap     ] GC(432) Allocated:         -                36M (7%)           36M (7%)           46M (9%)             -                  -          
[105.621s][info][gc,heap     ] GC(432)   Garbage:         -               120M (24%)          40M (8%)           34M (7%)             -                  -          
[105.621s][info][gc,heap     ] GC(432) Reclaimed:         -                  -                80M (16%)          86M (17%)            -                  -          
[105.621s][info][gc          ] GC(432) Garbage Collection (Allocation Rate) 152M(30%)->108M(22%)
[105.713s][info][gc,start    ] GC(433) Garbage Collection (Allocation Rate)
[105.721s][info][gc,phases   ] GC(433) Pause Mark Start 6.071ms
[105.870s][info][gc,phases   ] GC(433) Concurrent Mark 149.686ms
[105.871s][info][gc,phases   ] GC(433) Pause Mark End 0.165ms
[105.872s][info][gc,phases   ] GC(433) Concurrent Process Non-Strong References 1.592ms
[105.872s][info][gc,phases   ] GC(433) Concurrent Reset Relocation Set 0.005ms
[105.872s][info][gc,phases   ] GC(433) Concurrent Destroy Detached Pages 0.003ms
[105.874s][info][gc,phases   ] GC(433) Concurrent Select Relocation Set 1.565ms
[105.874s][info][gc,phases   ] GC(433) Concurrent Prepare Relocation Set 0.021ms
[105.877s][info][gc,phases   ] GC(433) Pause Relocate Start 3.040ms
[105.879s][info][gc,phases   ] GC(433) Concurrent Relocate 2.191ms
[105.879s][info][gc,load     ] GC(433) Load: 2.02/1.24/0.57
[105.879s][info][gc,mmu      ] GC(433) MMU: 2ms/0.0%, 5ms/0.0%, 10ms/0.0%, 20ms/0.0%, 50ms/57.1%, 100ms/74.9%
[105.879s][info][gc,marking  ] GC(433) Mark: 1 stripe(s), 2 proactive flush(es), 1 terminate flush(es), 0 completion(s), 0 continuation(s) 
[105.879s][info][gc,reloc    ] GC(433) Relocation: Successful, 8M relocated
[105.879s][info][gc,nmethod  ] GC(433) NMethods: 3887 registered, 5 unregistered
[105.879s][info][gc,metaspace] GC(433) Metaspace: 74M used, 80M capacity, 80M committed, 82M reserved
[105.879s][info][gc,ref      ] GC(433) Soft: 2494 encountered, 0 discovered, 0 enqueued
[105.879s][info][gc,ref      ] GC(433) Weak: 4491 encountered, 3382 discovered, 129 enqueued
[105.879s][info][gc,ref      ] GC(433) Final: 27 encountered, 0 discovered, 0 enqueued
[105.879s][info][gc,ref      ] GC(433) Phantom: 686 encountered, 492 discovered, 39 enqueued
[105.879s][info][gc,heap     ] GC(433)                Mark Start          Mark End        Relocate Start      Relocate End           High               Low         
[105.879s][info][gc,heap     ] GC(433)  Capacity:      500M (100%)        500M (100%)        500M (100%)        500M (100%)        500M (100%)        500M (100%)   
[105.879s][info][gc,heap     ] GC(433)   Reserve:       34M (7%)           34M (7%)           34M (7%)           34M (7%)           34M (7%)           34M (7%)     
[105.879s][info][gc,heap     ] GC(433)      Free:      352M (70%)         316M (63%)         352M (70%)         362M (72%)         362M (72%)         316M (63%)    
[105.879s][info][gc,heap     ] GC(433)      Used:      114M (23%)         150M (30%)         114M (23%)         104M (21%)         150M (30%)         104M (21%)    
[105.879s][info][gc,heap     ] GC(433)      Live:         -                32M (6%)           32M (6%)           32M (6%)             -                  -          
[105.879s][info][gc,heap     ] GC(433) Allocated:         -                36M (7%)           36M (7%)           40M (8%)             -                  -          
[105.879s][info][gc,heap     ] GC(433)   Garbage:         -                81M (16%)          45M (9%)           35M (7%)             -                  -          
[105.879s][info][gc,heap     ] GC(433) Reclaimed:         -                  -                36M (7%)           46M (9%)             -                  -          
[105.879s][info][gc          ] GC(433) Garbage Collection (Allocation Rate) 114M(23%)->104M(21%)
[105.880s][info][gc,heap,exit] Heap
[105.880s][info][gc,heap,exit]  ZHeap           used 104M, capacity 500M, max capacity 500M
[105.880s][info][gc,heap,exit]  Metaspace       used 76738K, capacity 82305K, committed 82432K, reserved 83968K
