[0.002s][info][gc,init] Initializing The Z Garbage Collector
[0.002s][info][gc,init] Version: 11.0.15+10-Ubuntu-0ubuntu0.20.04.1 (release)
[0.002s][info][gc,init] NUMA Support: Disabled
[0.002s][info][gc,init] CPUs: 1 total, 1 available
[0.002s][info][gc,init] Memory: 7952M
[0.002s][info][gc,init] Large Page Support: Disabled
[0.002s][info][gc,init] Workers: 1 parallel, 1 concurrent
[0.003s][info][gc,init] Heap backed by file: /memfd:java_heap
[0.003s][info][gc,init] Available space on backing filesystem: N/A
[0.031s][info][gc,init] Pre-touching: Disabled
[0.031s][info][gc,init] Pre-mapping: 126M
[0.039s][info][gc,init] Runtime Workers: 1 parallel
[0.039s][info][gc     ] Using The Z Garbage Collector
[2.862s][info][gc,start] GC(0) Garbage Collection (Metadata GC Threshold)
[2.869s][info][gc,phases] GC(0) Pause Mark Start 0.625ms
[2.918s][info][gc,phases] GC(0) Concurrent Mark 48.911ms
[2.918s][info][gc,phases] GC(0) Pause Mark End 0.078ms
[2.918s][info][gc,phases] GC(0) Concurrent Process Non-Strong References 0.483ms
[2.918s][info][gc,phases] GC(0) Concurrent Reset Relocation Set 0.000ms
[2.918s][info][gc,phases] GC(0) Concurrent Destroy Detached Pages 0.000ms
[2.922s][info][gc,phases] GC(0) Concurrent Select Relocation Set 4.107ms
[2.923s][info][gc,phases] GC(0) Concurrent Prepare Relocation Set 0.359ms
[2.928s][info][gc,phases] GC(0) Pause Relocate Start 1.035ms
[2.948s][info][gc,phases] GC(0) Concurrent Relocate 19.474ms
[2.948s][info][gc,load  ] GC(0) Load: 2.18/1.82/1.03
[2.948s][info][gc,mmu   ] GC(0) MMU: 2ms/48.2%, 5ms/79.3%, 10ms/89.6%, 20ms/94.4%, 50ms/97.8%, 100ms/98.3%
[2.948s][info][gc,marking] GC(0) Mark: 1 stripe(s), 4 proactive flush(es), 1 terminate flush(es), 0 completion(s), 0 continuation(s) 
[2.948s][info][gc,reloc  ] GC(0) Relocation: Successful, 15M relocated
[2.948s][info][gc,nmethod] GC(0) NMethods: 338 registered, 0 unregistered
[2.948s][info][gc,metaspace] GC(0) Metaspace: 20M used, 21M capacity, 21M committed, 22M reserved
[2.948s][info][gc,ref      ] GC(0) Soft: 358 encountered, 0 discovered, 0 enqueued
[2.948s][info][gc,ref      ] GC(0) Weak: 713 encountered, 652 discovered, 190 enqueued
[2.948s][info][gc,ref      ] GC(0) Final: 2 encountered, 0 discovered, 0 enqueued
[2.948s][info][gc,ref      ] GC(0) Phantom: 843 encountered, 771 discovered, 247 enqueued
[2.948s][info][gc,heap     ] GC(0)                Mark Start          Mark End        Relocate Start      Relocate End           High               Low         
[2.948s][info][gc,heap     ] GC(0)  Capacity:      160M (16%)         160M (16%)         160M (16%)         160M (16%)         160M (16%)         160M (16%)    
[2.948s][info][gc,heap     ] GC(0)   Reserve:       34M (3%)           34M (3%)           34M (3%)           34M (3%)           34M (3%)           34M (3%)     
[2.948s][info][gc,heap     ] GC(0)      Free:      876M (88%)         874M (87%)         874M (87%)         914M (91%)         916M (92%)         872M (87%)    
[2.948s][info][gc,heap     ] GC(0)      Used:       90M (9%)           92M (9%)           92M (9%)           52M (5%)           94M (9%)           50M (5%)     
[2.948s][info][gc,heap     ] GC(0)      Live:         -                17M (2%)           17M (2%)           17M (2%)             -                  -          
[2.948s][info][gc,heap     ] GC(0) Allocated:         -                 2M (0%)            2M (0%)           14M (1%)             -                  -          
[2.948s][info][gc,heap     ] GC(0)   Garbage:         -                72M (7%)           72M (7%)           30M (3%)             -                  -          
[2.948s][info][gc,heap     ] GC(0) Reclaimed:         -                  -                 0M (0%)           42M (4%)             -                  -          
[2.948s][info][gc          ] GC(0) Garbage Collection (Metadata GC Threshold) 90M(9%)->52M(5%)
[4.513s][info][gc,start    ] GC(1) Garbage Collection (Metadata GC Threshold)
[4.515s][info][gc,phases   ] GC(1) Pause Mark Start 1.228ms
[4.580s][info][gc,phases   ] GC(1) Concurrent Mark 65.088ms
[4.580s][info][gc,phases   ] GC(1) Pause Mark End 0.166ms
[4.581s][info][gc,phases   ] GC(1) Concurrent Process Non-Strong References 1.072ms
[4.581s][info][gc,phases   ] GC(1) Concurrent Reset Relocation Set 0.003ms
[4.581s][info][gc,phases   ] GC(1) Concurrent Destroy Detached Pages 0.000ms
[4.583s][info][gc,phases   ] GC(1) Concurrent Select Relocation Set 1.543ms
[4.583s][info][gc,phases   ] GC(1) Concurrent Prepare Relocation Set 0.080ms
[4.585s][info][gc,phases   ] GC(1) Pause Relocate Start 1.484ms
[4.602s][info][gc,phases   ] GC(1) Concurrent Relocate 15.333ms
[4.602s][info][gc,load     ] GC(1) Load: 2.18/1.82/1.03
[4.602s][info][gc,mmu      ] GC(1) MMU: 2ms/25.8%, 5ms/67.0%, 10ms/83.5%, 20ms/91.7%, 50ms/96.7%, 100ms/97.1%
[4.602s][info][gc,marking  ] GC(1) Mark: 1 stripe(s), 3 proactive flush(es), 2 terminate flush(es), 0 completion(s), 0 continuation(s) 
[4.602s][info][gc,reloc    ] GC(1) Relocation: Successful, 12M relocated
[4.602s][info][gc,nmethod  ] GC(1) NMethods: 688 registered, 0 unregistered
[4.602s][info][gc,metaspace] GC(1) Metaspace: 34M used, 35M capacity, 36M committed, 38M reserved
[4.602s][info][gc,ref      ] GC(1) Soft: 2902 encountered, 0 discovered, 0 enqueued
[4.602s][info][gc,ref      ] GC(1) Weak: 1460 encountered, 1118 discovered, 225 enqueued
[4.602s][info][gc,ref      ] GC(1) Final: 26 encountered, 13 discovered, 13 enqueued
[4.602s][info][gc,ref      ] GC(1) Phantom: 905 encountered, 750 discovered, 293 enqueued
[4.602s][info][gc,heap     ] GC(1)                Mark Start          Mark End        Relocate Start      Relocate End           High               Low         
[4.602s][info][gc,heap     ] GC(1)  Capacity:      160M (16%)         160M (16%)         160M (16%)         160M (16%)         160M (16%)         160M (16%)    
[4.602s][info][gc,heap     ] GC(1)   Reserve:       34M (3%)           34M (3%)           34M (3%)           34M (3%)           34M (3%)           34M (3%)     
[4.602s][info][gc,heap     ] GC(1)      Free:      858M (86%)         856M (86%)         856M (86%)         910M (91%)         910M (91%)         854M (85%)    
[4.602s][info][gc,heap     ] GC(1)      Used:      108M (11%)         110M (11%)         110M (11%)          56M (6%)          112M (11%)          56M (6%)     
[4.602s][info][gc,heap     ] GC(1)      Live:         -                21M (2%)           21M (2%)           21M (2%)             -                  -          
[4.602s][info][gc,heap     ] GC(1) Allocated:         -                 2M (0%)            2M (0%)           10M (1%)             -                  -          
[4.602s][info][gc,heap     ] GC(1)   Garbage:         -                86M (9%)           86M (9%)           32M (3%)             -                  -          
[4.602s][info][gc,heap     ] GC(1) Reclaimed:         -                  -                 0M (0%)           54M (5%)             -                  -          
[4.602s][info][gc          ] GC(1) Garbage Collection (Metadata GC Threshold) 108M(11%)->56M(6%)
[6.860s][info][gc,start    ] GC(2) Garbage Collection (Warmup)
[6.864s][info][gc,phases   ] GC(2) Pause Mark Start 2.058ms
[7.037s][info][gc,phases   ] GC(2) Concurrent Mark 173.218ms
[7.040s][info][gc,phases   ] GC(2) Pause Mark End 0.167ms
[7.042s][info][gc,phases   ] GC(2) Concurrent Process Non-Strong References 1.707ms
[7.042s][info][gc,phases   ] GC(2) Concurrent Reset Relocation Set 0.004ms
[7.042s][info][gc,phases   ] GC(2) Concurrent Destroy Detached Pages 0.000ms
[7.043s][info][gc,phases   ] GC(2) Concurrent Select Relocation Set 1.510ms
[7.047s][info][gc,phases   ] GC(2) Concurrent Prepare Relocation Set 3.583ms
[7.049s][info][gc,phases   ] GC(2) Pause Relocate Start 2.609ms
[7.237s][info][gc,phases   ] GC(2) Concurrent Relocate 184.422ms
[7.237s][info][gc,load     ] GC(2) Load: 2.08/1.80/1.03
[7.237s][info][gc,mmu      ] GC(2) MMU: 2ms/0.0%, 5ms/47.8%, 10ms/72.2%, 20ms/86.1%, 50ms/94.4%, 100ms/97.1%
[7.237s][info][gc,marking  ] GC(2) Mark: 1 stripe(s), 2 proactive flush(es), 1 terminate flush(es), 0 completion(s), 0 continuation(s) 
[7.237s][info][gc,reloc    ] GC(2) Relocation: Successful, 40M relocated
[7.237s][info][gc,nmethod  ] GC(2) NMethods: 1061 registered, 0 unregistered
[7.237s][info][gc,metaspace] GC(2) Metaspace: 50M used, 52M capacity, 52M committed, 54M reserved
[7.237s][info][gc,ref      ] GC(2) Soft: 3451 encountered, 0 discovered, 0 enqueued
[7.237s][info][gc,ref      ] GC(2) Weak: 2445 encountered, 1901 discovered, 283 enqueued
[7.237s][info][gc,ref      ] GC(2) Final: 29 encountered, 6 discovered, 6 enqueued
[7.237s][info][gc,ref      ] GC(2) Phantom: 1095 encountered, 1034 discovered, 464 enqueued
[7.237s][info][gc,heap     ] GC(2)                Mark Start          Mark End        Relocate Start      Relocate End           High               Low         
[7.237s][info][gc,heap     ] GC(2)  Capacity:      368M (37%)         458M (46%)         458M (46%)         462M (46%)         462M (46%)         368M (37%)    
[7.237s][info][gc,heap     ] GC(2)   Reserve:       34M (3%)           34M (3%)           34M (3%)           34M (3%)           34M (3%)           34M (3%)     
[7.237s][info][gc,heap     ] GC(2)      Free:      632M (63%)         542M (54%)         542M (54%)         662M (66%)         666M (67%)         538M (54%)    
[7.237s][info][gc,heap     ] GC(2)      Used:      334M (33%)         424M (42%)         424M (42%)         304M (30%)         428M (43%)         300M (30%)    
[7.237s][info][gc,heap     ] GC(2)      Live:         -                53M (5%)           53M (5%)           53M (5%)             -                  -          
[7.237s][info][gc,heap     ] GC(2) Allocated:         -                92M (9%)           92M (9%)          256M (26%)            -                  -          
[7.237s][info][gc,heap     ] GC(2)   Garbage:         -               280M (28%)         280M (28%)          30M (3%)             -                  -          
[7.237s][info][gc,heap     ] GC(2) Reclaimed:         -                  -                 0M (0%)          250M (25%)            -                  -          
[7.237s][info][gc          ] GC(2) Garbage Collection (Warmup) 334M(33%)->304M(30%)
[7.259s][info][gc,start    ] GC(3) Garbage Collection (Allocation Rate)
[7.264s][info][gc,phases   ] GC(3) Pause Mark Start 2.449ms
[7.540s][info][gc,phases   ] GC(3) Concurrent Mark 275.456ms
[7.542s][info][gc,phases   ] GC(3) Pause Mark End 0.169ms
[7.543s][info][gc,phases   ] GC(3) Concurrent Process Non-Strong References 1.311ms
[7.544s][info][gc,phases   ] GC(3) Concurrent Reset Relocation Set 0.384ms
[7.544s][info][gc,phases   ] GC(3) Concurrent Destroy Detached Pages 0.000ms
[7.545s][info][gc,phases   ] GC(3) Concurrent Select Relocation Set 1.495ms
[7.552s][info][gc,phases   ] GC(3) Concurrent Prepare Relocation Set 6.993ms
[7.558s][info][gc,phases   ] GC(3) Pause Relocate Start 2.941ms
[7.781s][info][gc,phases   ] GC(3) Concurrent Relocate 221.991ms
[7.781s][info][gc,load     ] GC(3) Load: 2.08/1.80/1.03
[7.781s][info][gc,mmu      ] GC(3) MMU: 2ms/0.0%, 5ms/41.2%, 10ms/70.6%, 20ms/84.5%, 50ms/93.8%, 100ms/96.9%
[7.781s][info][gc,marking  ] GC(3) Mark: 1 stripe(s), 2 proactive flush(es), 1 terminate flush(es), 0 completion(s), 0 continuation(s) 
[7.781s][info][gc,reloc    ] GC(3) Relocation: Successful, 41M relocated
[7.781s][info][gc,nmethod  ] GC(3) NMethods: 1061 registered, 0 unregistered
[7.781s][info][gc,metaspace] GC(3) Metaspace: 50M used, 52M capacity, 52M committed, 54M reserved
[7.781s][info][gc,ref      ] GC(3) Soft: 3451 encountered, 0 discovered, 0 enqueued
[7.781s][info][gc,ref      ] GC(3) Weak: 2162 encountered, 1611 discovered, 0 enqueued
[7.781s][info][gc,ref      ] GC(3) Final: 23 encountered, 0 discovered, 0 enqueued
[7.781s][info][gc,ref      ] GC(3) Phantom: 631 encountered, 628 discovered, 0 enqueued
[7.781s][info][gc,heap     ] GC(3)                Mark Start          Mark End        Relocate Start      Relocate End           High               Low         
[7.781s][info][gc,heap     ] GC(3)  Capacity:      462M (46%)         520M (52%)         524M (52%)         528M (53%)         528M (53%)         462M (46%)    
[7.781s][info][gc,heap     ] GC(3)   Reserve:       34M (3%)           34M (3%)           34M (3%)           34M (3%)           34M (3%)           34M (3%)     
[7.781s][info][gc,heap     ] GC(3)      Free:      650M (65%)         480M (48%)         476M (48%)         520M (52%)         650M (65%)         472M (47%)    
[7.781s][info][gc,heap     ] GC(3)      Used:      316M (32%)         486M (49%)         490M (49%)         446M (45%)         494M (49%)         316M (32%)    
[7.781s][info][gc,heap     ] GC(3)      Live:         -                86M (9%)           86M (9%)           86M (9%)             -                  -          
[7.781s][info][gc,heap     ] GC(3) Allocated:         -               170M (17%)         174M (17%)         366M (37%)            -                  -          
[7.781s][info][gc,heap     ] GC(3)   Garbage:         -               229M (23%)         229M (23%)          29M (3%)             -                  -          
[7.781s][info][gc,heap     ] GC(3) Reclaimed:         -                  -                 0M (0%)          200M (20%)            -                  -          
[7.781s][info][gc          ] GC(3) Garbage Collection (Allocation Rate) 316M(32%)->446M(45%)
[7.859s][info][gc,start    ] GC(4) Garbage Collection (Allocation Rate)
[7.862s][info][gc,phases   ] GC(4) Pause Mark Start 1.202ms
[8.418s][info][gc,phases   ] GC(4) Concurrent Mark 555.605ms
[8.420s][info][gc,phases   ] GC(4) Pause Mark End 0.186ms
[8.422s][info][gc,phases   ] GC(4) Concurrent Process Non-Strong References 1.067ms
[8.422s][info][gc,phases   ] GC(4) Concurrent Reset Relocation Set 0.384ms
[8.422s][info][gc,phases   ] GC(4) Concurrent Destroy Detached Pages 0.001ms
[8.424s][info][gc,phases   ] GC(4) Concurrent Select Relocation Set 1.506ms
[8.444s][info][gc,phases   ] GC(4) Concurrent Prepare Relocation Set 20.657ms
[8.449s][info][gc,phases   ] GC(4) Pause Relocate Start 1.371ms
[8.862s][info][gc,phases   ] GC(4) Concurrent Relocate 412.179ms
[8.862s][info][gc,load     ] GC(4) Load: 2.08/1.80/1.03
[8.862s][info][gc,mmu      ] GC(4) MMU: 2ms/0.0%, 5ms/41.2%, 10ms/70.6%, 20ms/84.5%, 50ms/93.8%, 100ms/96.9%
[8.862s][info][gc,marking  ] GC(4) Mark: 1 stripe(s), 2 proactive flush(es), 1 terminate flush(es), 0 completion(s), 0 continuation(s) 
[8.862s][info][gc,reloc    ] GC(4) Relocation: Successful, 67M relocated
[8.862s][info][gc,nmethod  ] GC(4) NMethods: 1109 registered, 0 unregistered
[8.862s][info][gc,metaspace] GC(4) Metaspace: 51M used, 53M capacity, 53M committed, 54M reserved
[8.862s][info][gc,ref      ] GC(4) Soft: 3451 encountered, 0 discovered, 0 enqueued
[8.862s][info][gc,ref      ] GC(4) Weak: 2162 encountered, 1611 discovered, 0 enqueued
[8.862s][info][gc,ref      ] GC(4) Final: 23 encountered, 0 discovered, 0 enqueued
[8.862s][info][gc,ref      ] GC(4) Phantom: 631 encountered, 628 discovered, 0 enqueued
[8.862s][info][gc,heap     ] GC(4)                Mark Start          Mark End        Relocate Start      Relocate End           High               Low         
[8.862s][info][gc,heap     ] GC(4)  Capacity:      580M (58%)         638M (64%)         638M (64%)         640M (64%)         640M (64%)         580M (58%)    
[8.862s][info][gc,heap     ] GC(4)   Reserve:       34M (3%)           34M (3%)           34M (3%)           34M (3%)           34M (3%)           34M (3%)     
[8.862s][info][gc,heap     ] GC(4)      Free:      420M (42%)         362M (36%)         362M (36%)         726M (73%)         726M (73%)         360M (36%)    
[8.862s][info][gc,heap     ] GC(4)      Used:      546M (55%)         604M (60%)         604M (60%)         240M (24%)         606M (61%)         240M (24%)    
[8.862s][info][gc,heap     ] GC(4)      Live:         -               146M (15%)         146M (15%)         146M (15%)            -                  -          
[8.862s][info][gc,heap     ] GC(4) Allocated:         -                60M (6%)           60M (6%)          128M (13%)            -                  -          
[8.862s][info][gc,heap     ] GC(4)   Garbage:         -               399M (40%)         399M (40%)          33M (3%)             -                  -          
[8.862s][info][gc,heap     ] GC(4) Reclaimed:         -                  -                 0M (0%)          366M (37%)            -                  -          
[8.862s][info][gc          ] GC(4) Garbage Collection (Allocation Rate) 546M(55%)->240M(24%)
[8.960s][info][gc,start    ] GC(5) Garbage Collection (Allocation Rate)
[8.961s][info][gc,phases   ] GC(5) Pause Mark Start 1.625ms
[9.036s][info][gc,phases   ] GC(5) Concurrent Mark 74.572ms
[9.036s][info][gc,phases   ] GC(5) Pause Mark End 0.309ms
[9.037s][info][gc,phases   ] GC(5) Concurrent Process Non-Strong References 1.021ms
[9.038s][info][gc,phases   ] GC(5) Concurrent Reset Relocation Set 0.722ms
[9.038s][info][gc,phases   ] GC(5) Concurrent Destroy Detached Pages 0.000ms
[9.040s][info][gc,phases   ] GC(5) Concurrent Select Relocation Set 1.688ms
[9.040s][info][gc,phases   ] GC(5) Concurrent Prepare Relocation Set 0.082ms
[9.041s][info][gc,phases   ] GC(5) Pause Relocate Start 1.355ms
[9.058s][info][gc,phases   ] GC(5) Concurrent Relocate 16.175ms
[9.058s][info][gc,load     ] GC(5) Load: 2.08/1.80/1.03
[9.058s][info][gc,mmu      ] GC(5) MMU: 2ms/0.0%, 5ms/41.2%, 10ms/70.6%, 20ms/84.5%, 50ms/93.8%, 100ms/96.7%
[9.058s][info][gc,marking  ] GC(5) Mark: 1 stripe(s), 2 proactive flush(es), 1 terminate flush(es), 0 completion(s), 0 continuation(s) 
[9.058s][info][gc,reloc    ] GC(5) Relocation: Successful, 10M relocated
[9.058s][info][gc,nmethod  ] GC(5) NMethods: 1129 registered, 0 unregistered
[9.058s][info][gc,metaspace] GC(5) Metaspace: 52M used, 54M capacity, 54M committed, 56M reserved
[9.058s][info][gc,ref      ] GC(5) Soft: 3502 encountered, 0 discovered, 0 enqueued
[9.058s][info][gc,ref      ] GC(5) Weak: 2296 encountered, 1736 discovered, 38 enqueued
[9.058s][info][gc,ref      ] GC(5) Final: 24 encountered, 0 discovered, 0 enqueued
[9.058s][info][gc,ref      ] GC(5) Phantom: 707 encountered, 624 discovered, 74 enqueued
[9.058s][info][gc,heap     ] GC(5)                Mark Start          Mark End        Relocate Start      Relocate End           High               Low         
[9.058s][info][gc,heap     ] GC(5)  Capacity:      640M (64%)         640M (64%)         640M (64%)         640M (64%)         640M (64%)         640M (64%)    
[9.058s][info][gc,heap     ] GC(5)   Reserve:       34M (3%)           34M (3%)           34M (3%)           34M (3%)           34M (3%)           34M (3%)     
[9.058s][info][gc,heap     ] GC(5)      Free:      722M (72%)         720M (72%)         884M (88%)         906M (91%)         906M (91%)         720M (72%)    
[9.058s][info][gc,heap     ] GC(5)      Used:      244M (24%)         246M (25%)          82M (8%)           60M (6%)          246M (25%)          60M (6%)     
[9.058s][info][gc,heap     ] GC(5)      Live:         -                26M (3%)           26M (3%)           26M (3%)             -                  -          
[9.058s][info][gc,heap     ] GC(5) Allocated:         -                 2M (0%)            2M (0%)           10M (1%)             -                  -          
[9.058s][info][gc,heap     ] GC(5)   Garbage:         -               217M (22%)          53M (5%)           31M (3%)             -                  -          
[9.058s][info][gc,heap     ] GC(5) Reclaimed:         -                  -               164M (16%)         186M (19%)            -                  -          
[9.058s][info][gc          ] GC(5) Garbage Collection (Allocation Rate) 244M(24%)->60M(6%)
[9.855s][info][gc,start    ] GC(6) Garbage Collection (System.gc())
[9.857s][info][gc,phases   ] GC(6) Pause Mark Start 1.529ms
[9.944s][info][gc,phases   ] GC(6) Concurrent Mark 86.946ms
[9.945s][info][gc,phases   ] GC(6) Pause Mark End 0.166ms
[9.946s][info][gc,phases   ] GC(6) Concurrent Process Non-Strong References 1.404ms
[9.946s][info][gc,phases   ] GC(6) Concurrent Reset Relocation Set 0.002ms
[9.946s][info][gc,phases   ] GC(6) Concurrent Destroy Detached Pages 0.000ms
[9.948s][info][gc,phases   ] GC(6) Concurrent Select Relocation Set 1.582ms
[9.948s][info][gc,phases   ] GC(6) Concurrent Prepare Relocation Set 0.022ms
[9.949s][info][gc,phases   ] GC(6) Pause Relocate Start 1.461ms
[9.951s][info][gc,phases   ] GC(6) Concurrent Relocate 2.083ms
[9.951s][info][gc,load     ] GC(6) Load: 2.08/1.80/1.03
[9.951s][info][gc,mmu      ] GC(6) MMU: 2ms/0.0%, 5ms/41.2%, 10ms/70.6%, 20ms/84.5%, 50ms/93.8%, 100ms/96.7%
[9.951s][info][gc,marking  ] GC(6) Mark: 1 stripe(s), 2 proactive flush(es), 1 terminate flush(es), 0 completion(s), 0 continuation(s) 
[9.951s][info][gc,reloc    ] GC(6) Relocation: Successful, 7M relocated
[9.951s][info][gc,nmethod  ] GC(6) NMethods: 1376 registered, 0 unregistered
[9.951s][info][gc,metaspace] GC(6) Metaspace: 56M used, 59M capacity, 59M committed, 60M reserved
[9.951s][info][gc,ref      ] GC(6) Soft: 3719 encountered, 0 discovered, 0 enqueued
[9.952s][info][gc,ref      ] GC(6) Weak: 2754 encountered, 2121 discovered, 146 enqueued
[9.952s][info][gc,ref      ] GC(6) Final: 33 encountered, 7 discovered, 7 enqueued
[9.952s][info][gc,ref      ] GC(6) Phantom: 799 encountered, 628 discovered, 158 enqueued
[9.952s][info][gc,heap     ] GC(6)                Mark Start          Mark End        Relocate Start      Relocate End           High               Low         
[9.952s][info][gc,heap     ] GC(6)  Capacity:      678M (68%)         678M (68%)         678M (68%)         678M (68%)         678M (68%)         678M (68%)    
[9.952s][info][gc,heap     ] GC(6)   Reserve:       34M (3%)           34M (3%)           34M (3%)           34M (3%)           34M (3%)           34M (3%)     
[9.952s][info][gc,heap     ] GC(6)      Free:      842M (84%)         840M (84%)         878M (88%)         906M (91%)         906M (91%)         840M (84%)    
[9.952s][info][gc,heap     ] GC(6)      Used:      124M (12%)         126M (13%)          88M (9%)           60M (6%)          126M (13%)          60M (6%)     
[9.952s][info][gc,heap     ] GC(6)      Live:         -                27M (3%)           27M (3%)           27M (3%)             -                  -          
[9.952s][info][gc,heap     ] GC(6) Allocated:         -                 2M (0%)            2M (0%)            4M (0%)             -                  -          
[9.952s][info][gc,heap     ] GC(6)   Garbage:         -                96M (10%)          58M (6%)           30M (3%)             -                  -          
[9.952s][info][gc,heap     ] GC(6) Reclaimed:         -                  -                38M (4%)           66M (7%)             -                  -          
[9.952s][info][gc          ] GC(6) Garbage Collection (System.gc()) 124M(12%)->60M(6%)
[10.059s][info][gc,stats    ] === Garbage Collection Statistics =======================================================================================================================
[10.059s][info][gc,stats    ]                                                              Last 10s              Last 10m              Last 10h                Total
[10.059s][info][gc,stats    ]                                                              Avg / Max             Avg / Max             Avg / Max             Avg / Max
[10.059s][info][gc,stats    ]   Collector: Garbage Collection Cycle                    324.262 / 1002.629    324.262 / 1002.629    324.262 / 1002.629    324.262 / 1002.629    ms
[10.059s][info][gc,stats    ]  Contention: Mark Segment Reset Contention                     0 / 0                 0 / 0                 0 / 0                 0 / 0           ops/s
[10.059s][info][gc,stats    ]  Contention: Mark SeqNum Reset Contention                      0 / 0                 0 / 0                 0 / 0                 0 / 0           ops/s
[10.059s][info][gc,stats    ]  Contention: Relocation Contention                             0 / 0                 0 / 0                 0 / 0                 0 / 0           ops/s
[10.059s][info][gc,stats    ]    Critical: Allocation Stall                              0.000 / 0.000         0.000 / 0.000         0.000 / 0.000         0.000 / 0.000       ms
[10.059s][info][gc,stats    ]    Critical: Allocation Stall                                  0 / 0                 0 / 0                 0 / 0                 0 / 0           ops/s
[10.059s][info][gc,stats    ]    Critical: GC Locker Stall                               3.908 / 3.908         3.908 / 3.908         3.908 / 3.908         3.908 / 3.908       ms
[10.059s][info][gc,stats    ]    Critical: GC Locker Stall                                   0 / 1                 0 / 1                 0 / 1                 0 / 1           ops/s
[10.059s][info][gc,stats    ]      Memory: Allocation Rate                                 125 / 626             125 / 626             125 / 626             125 / 626         MB/s
[10.059s][info][gc,stats    ]      Memory: Heap Used After Mark                            298 / 604             298 / 604             298 / 604             298 / 604         MB
[10.059s][info][gc,stats    ]      Memory: Heap Used After Relocation                      174 / 446             174 / 446             174 / 446             174 / 446         MB
[10.059s][info][gc,stats    ]      Memory: Heap Used Before Mark                           251 / 546             251 / 546             251 / 546             251 / 546         MB
[10.059s][info][gc,stats    ]      Memory: Heap Used Before Relocation                     270 / 604             270 / 604             270 / 604             270 / 604         MB
[10.059s][info][gc,stats    ]      Memory: Out Of Memory                                     0 / 0                 0 / 0                 0 / 0                 0 / 0           ops/s
[10.059s][info][gc,stats    ]      Memory: Page Cache Flush                                  0 / 0                 0 / 0                 0 / 0                 0 / 0           MB/s
[10.059s][info][gc,stats    ]      Memory: Page Cache Hit L1                                37 / 258              37 / 258              37 / 258              37 / 258         ops/s
[10.059s][info][gc,stats    ]      Memory: Page Cache Hit L2                                 0 / 0                 0 / 0                 0 / 0                 0 / 0           ops/s
[10.059s][info][gc,stats    ]      Memory: Page Cache Miss                                  29 / 154              29 / 154              29 / 154              29 / 154         ops/s
[10.059s][info][gc,stats    ]      Memory: Undo Object Allocation Failed                     0 / 0                 0 / 0                 0 / 0                 0 / 0           ops/s
[10.059s][info][gc,stats    ]      Memory: Undo Object Allocation Succeeded                  0 / 0                 0 / 0                 0 / 0                 0 / 0           ops/s
[10.059s][info][gc,stats    ]      Memory: Undo Page Allocation                              0 / 1                 0 / 1                 0 / 1                 0 / 1           ops/s
[10.059s][info][gc,stats    ]       Phase: Concurrent Destroy Detached Pages             0.000 / 0.001         0.000 / 0.001         0.000 / 0.001         0.000 / 0.001       ms
[10.059s][info][gc,stats    ]       Phase: Concurrent Mark                             182.828 / 555.605     182.828 / 555.605     182.828 / 555.605     182.828 / 555.605     ms
[10.059s][info][gc,stats    ]       Phase: Concurrent Mark Continue                      0.000 / 0.000         0.000 / 0.000         0.000 / 0.000         0.000 / 0.000       ms
[10.059s][info][gc,stats    ]       Phase: Concurrent Prepare Relocation Set             4.539 / 20.657        4.539 / 20.657        4.539 / 20.657        4.539 / 20.657      ms
[10.059s][info][gc,stats    ]       Phase: Concurrent Process Non-Strong References      1.152 / 1.707         1.152 / 1.707         1.152 / 1.707         1.152 / 1.707       ms
[10.059s][info][gc,stats    ]       Phase: Concurrent Relocate                         124.522 / 412.179     124.522 / 412.179     124.522 / 412.179     124.522 / 412.179     ms
[10.059s][info][gc,stats    ]       Phase: Concurrent Reset Relocation Set               0.214 / 0.722         0.214 / 0.722         0.214 / 0.722         0.214 / 0.722       ms
[10.059s][info][gc,stats    ]       Phase: Concurrent Select Relocation Set              1.919 / 4.107         1.919 / 4.107         1.919 / 4.107         1.919 / 4.107       ms
[10.059s][info][gc,stats    ]       Phase: Pause Mark End                                0.177 / 0.309         0.177 / 0.309         0.177 / 0.309         0.177 / 0.309       ms
[10.059s][info][gc,stats    ]       Phase: Pause Mark Start                              1.531 / 2.449         1.531 / 2.449         1.531 / 2.449         1.531 / 2.449       ms
[10.059s][info][gc,stats    ]       Phase: Pause Relocate Start                          1.751 / 2.941         1.751 / 2.941         1.751 / 2.941         1.751 / 2.941       ms
[10.059s][info][gc,stats    ]    Subphase: Concurrent Mark                             182.807 / 555.579     182.807 / 555.579     182.807 / 555.579     182.807 / 555.579     ms
[10.059s][info][gc,stats    ]    Subphase: Concurrent Mark Idle                          0.000 / 0.000         0.000 / 0.000         0.000 / 0.000         0.000 / 0.000       ms
[10.059s][info][gc,stats    ]    Subphase: Concurrent Mark Try Flush                     1.074 / 6.173         1.074 / 6.173         1.074 / 6.173         1.074 / 6.173       ms
[10.059s][info][gc,stats    ]    Subphase: Concurrent Mark Try Terminate                 0.476 / 2.177         0.476 / 2.177         0.476 / 2.177         0.476 / 2.177       ms
[10.059s][info][gc,stats    ]    Subphase: Concurrent References Enqueue                 0.002 / 0.003         0.002 / 0.003         0.002 / 0.003         0.002 / 0.003       ms
[10.059s][info][gc,stats    ]    Subphase: Concurrent References Process                 0.440 / 0.649         0.440 / 0.649         0.440 / 0.649         0.440 / 0.649       ms
[10.059s][info][gc,stats    ]    Subphase: Concurrent Weak Roots                         0.702 / 1.044         0.702 / 1.044         0.702 / 1.044         0.702 / 1.044       ms
[10.059s][info][gc,stats    ]    Subphase: Concurrent Weak Roots JNIWeakHandles          0.000 / 0.000         0.000 / 0.000         0.000 / 0.000         0.000 / 0.000       ms
[10.059s][info][gc,stats    ]    Subphase: Concurrent Weak Roots StringTable             0.562 / 0.845         0.562 / 0.845         0.562 / 0.845         0.562 / 0.845       ms
[10.059s][info][gc,stats    ]    Subphase: Concurrent Weak Roots VMWeakHandles           0.138 / 0.231         0.138 / 0.231         0.138 / 0.231         0.138 / 0.231       ms
[10.059s][info][gc,stats    ]    Subphase: Pause Mark Try Complete                       0.000 / 0.000         0.000 / 0.000         0.000 / 0.000         0.000 / 0.000       ms
[10.059s][info][gc,stats    ]    Subphase: Pause Remap TLABS                             0.001 / 0.001         0.001 / 0.001         0.001 / 0.001         0.001 / 0.001       ms
[10.059s][info][gc,stats    ]    Subphase: Pause Retire TLABS                            0.013 / 0.033         0.013 / 0.033         0.013 / 0.033         0.013 / 0.033       ms
[10.059s][info][gc,stats    ]    Subphase: Pause Roots                                   1.047 / 2.739         1.047 / 2.739         1.047 / 2.739         1.047 / 2.739       ms
[10.059s][info][gc,stats    ]    Subphase: Pause Roots ClassLoaderDataGraph              0.604 / 1.341         0.604 / 1.341         0.604 / 1.341         0.604 / 1.341       ms
[10.059s][info][gc,stats    ]    Subphase: Pause Roots CodeCache                         0.454 / 0.807         0.454 / 0.807         0.454 / 0.807         0.454 / 0.807       ms
[10.059s][info][gc,stats    ]    Subphase: Pause Roots JNIHandles                        0.001 / 0.005         0.001 / 0.005         0.001 / 0.005         0.001 / 0.005       ms
[10.059s][info][gc,stats    ]    Subphase: Pause Roots JNIWeakHandles                    0.000 / 0.000         0.000 / 0.000         0.000 / 0.000         0.000 / 0.000       ms
[10.059s][info][gc,stats    ]    Subphase: Pause Roots JRFWeak                           0.000 / 0.000         0.000 / 0.000         0.000 / 0.000         0.000 / 0.000       ms
[10.059s][info][gc,stats    ]    Subphase: Pause Roots JVMTIExport                       0.001 / 0.001         0.001 / 0.001         0.001 / 0.001         0.001 / 0.001       ms
[10.059s][info][gc,stats    ]    Subphase: Pause Roots JVMTIWeakExport                   0.001 / 0.001         0.001 / 0.001         0.001 / 0.001         0.001 / 0.001       ms
[10.059s][info][gc,stats    ]    Subphase: Pause Roots Management                        0.029 / 0.398         0.029 / 0.398         0.029 / 0.398         0.029 / 0.398       ms
[10.059s][info][gc,stats    ]    Subphase: Pause Roots ObjectSynchronizer                0.000 / 0.000         0.000 / 0.000         0.000 / 0.000         0.000 / 0.000       ms
[10.059s][info][gc,stats    ]    Subphase: Pause Roots Setup                             0.076 / 0.182         0.076 / 0.182         0.076 / 0.182         0.076 / 0.182       ms
[10.059s][info][gc,stats    ]    Subphase: Pause Roots StringTable                       0.000 / 0.000         0.000 / 0.000         0.000 / 0.000         0.000 / 0.000       ms
[10.059s][info][gc,stats    ]    Subphase: Pause Roots SystemDictionary                  0.012 / 0.029         0.012 / 0.029         0.012 / 0.029         0.012 / 0.029       ms
[10.059s][info][gc,stats    ]    Subphase: Pause Roots Teardown                          0.001 / 0.002         0.001 / 0.002         0.001 / 0.002         0.001 / 0.002       ms
[10.059s][info][gc,stats    ]    Subphase: Pause Roots Threads                           0.281 / 1.016         0.281 / 1.016         0.281 / 1.016         0.281 / 1.016       ms
[10.059s][info][gc,stats    ]    Subphase: Pause Roots Universe                          0.043 / 0.534         0.043 / 0.534         0.043 / 0.534         0.043 / 0.534       ms
[10.059s][info][gc,stats    ]    Subphase: Pause Roots VMWeakHandles                     0.000 / 0.000         0.000 / 0.000         0.000 / 0.000         0.000 / 0.000       ms
[10.059s][info][gc,stats    ]    Subphase: Pause Weak Roots                              0.002 / 0.007         0.002 / 0.007         0.002 / 0.007         0.002 / 0.007       ms
[10.059s][info][gc,stats    ]    Subphase: Pause Weak Roots JFRWeak                      0.001 / 0.001         0.001 / 0.001         0.001 / 0.001         0.001 / 0.001       ms
[10.059s][info][gc,stats    ]    Subphase: Pause Weak Roots JNIWeakHandles               0.000 / 0.000         0.000 / 0.000         0.000 / 0.000         0.000 / 0.000       ms
[10.059s][info][gc,stats    ]    Subphase: Pause Weak Roots JVMTIWeakExport              0.001 / 0.006         0.001 / 0.006         0.001 / 0.006         0.001 / 0.006       ms
[10.059s][info][gc,stats    ]    Subphase: Pause Weak Roots Setup                        0.000 / 0.000         0.000 / 0.000         0.000 / 0.000         0.000 / 0.000       ms
[10.059s][info][gc,stats    ]    Subphase: Pause Weak Roots StringTable                  0.000 / 0.000         0.000 / 0.000         0.000 / 0.000         0.000 / 0.000       ms
[10.059s][info][gc,stats    ]    Subphase: Pause Weak Roots SymbolTable                  0.000 / 0.000         0.000 / 0.000         0.000 / 0.000         0.000 / 0.000       ms
[10.059s][info][gc,stats    ]    Subphase: Pause Weak Roots Teardown                     0.001 / 0.001         0.001 / 0.001         0.001 / 0.001         0.001 / 0.001       ms
[10.059s][info][gc,stats    ]    Subphase: Pause Weak Roots VMWeakHandles                0.000 / 0.000         0.000 / 0.000         0.000 / 0.000         0.000 / 0.000       ms
[10.059s][info][gc,stats    ]      System: Java Threads                                     34 / 48               34 / 48               34 / 48               34 / 48          threads
[10.059s][info][gc,stats    ] =========================================================================================================================================================
[11.959s][info][gc,start    ] GC(7) Garbage Collection (Allocation Rate)
[11.964s][info][gc,phases   ] GC(7) Pause Mark Start 2.412ms
[12.199s][info][gc,phases   ] GC(7) Concurrent Mark 235.313ms
[12.202s][info][gc,phases   ] GC(7) Pause Mark End 0.203ms
[12.203s][info][gc,phases   ] GC(7) Concurrent Process Non-Strong References 1.562ms
[12.203s][info][gc,phases   ] GC(7) Concurrent Reset Relocation Set 0.003ms
[12.203s][info][gc,phases   ] GC(7) Concurrent Destroy Detached Pages 0.000ms
[12.205s][info][gc,phases   ] GC(7) Concurrent Select Relocation Set 1.962ms
[12.208s][info][gc,phases   ] GC(7) Concurrent Prepare Relocation Set 2.310ms
[12.210s][info][gc,phases   ] GC(7) Pause Relocate Start 2.115ms
[12.408s][info][gc,phases   ] GC(7) Concurrent Relocate 191.738ms
[12.408s][info][gc,load     ] GC(7) Load: 2.08/1.81/1.03
[12.408s][info][gc,mmu      ] GC(7) MMU: 2ms/0.0%, 5ms/41.2%, 10ms/70.6%, 20ms/84.5%, 50ms/93.8%, 100ms/96.7%
[12.408s][info][gc,marking  ] GC(7) Mark: 1 stripe(s), 2 proactive flush(es), 1 terminate flush(es), 0 completion(s), 0 continuation(s) 
[12.408s][info][gc,reloc    ] GC(7) Relocation: Successful, 31M relocated
[12.408s][info][gc,nmethod  ] GC(7) NMethods: 1836 registered, 0 unregistered
[12.408s][info][gc,metaspace] GC(7) Metaspace: 62M used, 65M capacity, 65M committed, 66M reserved
[12.408s][info][gc,ref      ] GC(7) Soft: 4282 encountered, 0 discovered, 0 enqueued
[12.408s][info][gc,ref      ] GC(7) Weak: 3798 encountered, 2791 discovered, 239 enqueued
[12.408s][info][gc,ref      ] GC(7) Final: 31 encountered, 4 discovered, 4 enqueued
[12.408s][info][gc,ref      ] GC(7) Phantom: 952 encountered, 918 discovered, 304 enqueued
[12.408s][info][gc,heap     ] GC(7)                Mark Start          Mark End        Relocate Start      Relocate End           High               Low         
[12.408s][info][gc,heap     ] GC(7)  Capacity:      678M (68%)         678M (68%)         678M (68%)         742M (74%)         742M (74%)         678M (68%)    
[12.408s][info][gc,heap     ] GC(7)   Reserve:       34M (3%)           34M (3%)           34M (3%)           34M (3%)           34M (3%)           34M (3%)     
[12.408s][info][gc,heap     ] GC(7)      Free:      530M (53%)         430M (43%)         436M (44%)         704M (70%)         710M (71%)         370M (37%)    
[12.408s][info][gc,heap     ] GC(7)      Used:      436M (44%)         536M (54%)         530M (53%)         262M (26%)         596M (60%)         256M (26%)    
[12.408s][info][gc,heap     ] GC(7)      Live:         -                52M (5%)           52M (5%)           52M (5%)             -                  -          
[12.408s][info][gc,heap     ] GC(7) Allocated:         -               100M (10%)         100M (10%)         268M (27%)            -                  -          
[12.408s][info][gc,heap     ] GC(7)   Garbage:         -               383M (38%)         377M (38%)          61M (6%)             -                  -          
[12.408s][info][gc,heap     ] GC(7) Reclaimed:         -                  -                 6M (1%)          322M (32%)            -                  -          
[12.408s][info][gc          ] GC(7) Garbage Collection (Allocation Rate) 436M(44%)->262M(26%)
[12.459s][info][gc,start    ] GC(8) Garbage Collection (Allocation Rate)
[12.461s][info][gc,phases   ] GC(8) Pause Mark Start 1.861ms
[12.773s][info][gc,phases   ] GC(8) Concurrent Mark 311.605ms
[12.775s][info][gc,phases   ] GC(8) Pause Mark End 0.203ms
[12.777s][info][gc,phases   ] GC(8) Concurrent Process Non-Strong References 1.612ms
[12.777s][info][gc,phases   ] GC(8) Concurrent Reset Relocation Set 0.291ms
[12.777s][info][gc,phases   ] GC(8) Concurrent Destroy Detached Pages 0.000ms
[12.779s][info][gc,phases   ] GC(8) Concurrent Select Relocation Set 1.546ms
[12.782s][info][gc,phases   ] GC(8) Concurrent Prepare Relocation Set 2.821ms
[12.783s][info][gc,phases   ] GC(8) Pause Relocate Start 1.580ms
[12.906s][info][gc,phases   ] GC(8) Concurrent Relocate 118.732ms
[12.906s][info][gc,load     ] GC(8) Load: 2.08/1.81/1.03
[12.906s][info][gc,mmu      ] GC(8) MMU: 2ms/0.0%, 5ms/41.2%, 10ms/70.6%, 20ms/84.5%, 50ms/93.8%, 100ms/96.7%
[12.906s][info][gc,marking  ] GC(8) Mark: 1 stripe(s), 2 proactive flush(es), 1 terminate flush(es), 0 completion(s), 0 continuation(s) 
[12.906s][info][gc,reloc    ] GC(8) Relocation: Successful, 27M relocated
[12.906s][info][gc,nmethod  ] GC(8) NMethods: 1870 registered, 0 unregistered
[12.906s][info][gc,metaspace] GC(8) Metaspace: 62M used, 65M capacity, 65M committed, 66M reserved
[12.906s][info][gc,ref      ] GC(8) Soft: 4282 encountered, 0 discovered, 0 enqueued
[12.906s][info][gc,ref      ] GC(8) Weak: 3559 encountered, 2552 discovered, 0 enqueued
[12.906s][info][gc,ref      ] GC(8) Final: 27 encountered, 0 discovered, 0 enqueued
[12.906s][info][gc,ref      ] GC(8) Phantom: 648 encountered, 645 discovered, 0 enqueued
[12.906s][info][gc,heap     ] GC(8)                Mark Start          Mark End        Relocate Start      Relocate End           High               Low         
[12.906s][info][gc,heap     ] GC(8)  Capacity:      742M (74%)         742M (74%)         742M (74%)         752M (75%)         752M (75%)         742M (74%)    
[12.906s][info][gc,heap     ] GC(8)   Reserve:       34M (3%)           34M (3%)           34M (3%)           34M (3%)           34M (3%)           34M (3%)     
[12.906s][info][gc,heap     ] GC(8)      Free:      644M (64%)         388M (39%)         388M (39%)         540M (54%)         644M (64%)         378M (38%)    
[12.906s][info][gc,heap     ] GC(8)      Used:      322M (32%)         578M (58%)         578M (58%)         426M (43%)         588M (59%)         322M (32%)    
[12.906s][info][gc,heap     ] GC(8)      Live:         -                74M (7%)           74M (7%)           74M (7%)             -                  -          
[12.906s][info][gc,heap     ] GC(8) Allocated:         -               256M (26%)         256M (26%)         342M (34%)            -                  -          
[12.906s][info][gc,heap     ] GC(8)   Garbage:         -               247M (25%)         247M (25%)          33M (3%)             -                  -          
[12.906s][info][gc,heap     ] GC(8) Reclaimed:         -                  -                 0M (0%)          214M (21%)            -                  -          
[12.906s][info][gc          ] GC(8) Garbage Collection (Allocation Rate) 322M(32%)->426M(43%)
[12.960s][info][gc,start    ] GC(9) Garbage Collection (Allocation Rate)
[12.964s][info][gc,phases   ] GC(9) Pause Mark Start 2.034ms
[13.256s][info][gc,phases   ] GC(9) Concurrent Mark 292.232ms
[13.258s][info][gc,phases   ] GC(9) Pause Mark End 0.208ms
[13.260s][info][gc,phases   ] GC(9) Concurrent Process Non-Strong References 1.514ms
[13.260s][info][gc,phases   ] GC(9) Concurrent Reset Relocation Set 0.349ms
[13.260s][info][gc,phases   ] GC(9) Concurrent Destroy Detached Pages 0.001ms
[13.262s][info][gc,phases   ] GC(9) Concurrent Select Relocation Set 1.557ms
[13.274s][info][gc,phases   ] GC(9) Concurrent Prepare Relocation Set 11.850ms
[13.277s][info][gc,phases   ] GC(9) Pause Relocate Start 2.568ms
[13.459s][info][gc,phases   ] GC(9) Concurrent Relocate 178.109ms
[13.459s][info][gc,load     ] GC(9) Load: 2.08/1.81/1.03
[13.459s][info][gc,mmu      ] GC(9) MMU: 2ms/0.0%, 5ms/41.2%, 10ms/70.6%, 20ms/84.5%, 50ms/93.8%, 100ms/96.7%
[13.459s][info][gc,marking  ] GC(9) Mark: 1 stripe(s), 2 proactive flush(es), 1 terminate flush(es), 0 completion(s), 0 continuation(s) 
[13.459s][info][gc,reloc    ] GC(9) Relocation: Successful, 37M relocated
[13.459s][info][gc,nmethod  ] GC(9) NMethods: 1880 registered, 0 unregistered
[13.459s][info][gc,metaspace] GC(9) Metaspace: 62M used, 65M capacity, 65M committed, 66M reserved
[13.459s][info][gc,ref      ] GC(9) Soft: 4282 encountered, 0 discovered, 0 enqueued
[13.459s][info][gc,ref      ] GC(9) Weak: 3559 encountered, 2552 discovered, 0 enqueued
[13.459s][info][gc,ref      ] GC(9) Final: 27 encountered, 0 discovered, 0 enqueued
[13.459s][info][gc,ref      ] GC(9) Phantom: 648 encountered, 645 discovered, 0 enqueued
[13.459s][info][gc,heap     ] GC(9)                Mark Start          Mark End        Relocate Start      Relocate End           High               Low         
[13.459s][info][gc,heap     ] GC(9)  Capacity:      752M (75%)         868M (87%)         872M (87%)         880M (88%)         880M (88%)         752M (75%)    
[13.459s][info][gc,heap     ] GC(9)   Reserve:       34M (3%)           34M (3%)           34M (3%)           34M (3%)           34M (3%)           34M (3%)     
[13.459s][info][gc,heap     ] GC(9)      Free:      478M (48%)         228M (23%)         230M (23%)         344M (34%)         478M (48%)         222M (22%)    
[13.459s][info][gc,heap     ] GC(9)      Used:      488M (49%)         738M (74%)         736M (74%)         622M (62%)         744M (74%)         488M (49%)    
[13.459s][info][gc,heap     ] GC(9)      Live:         -               107M (11%)         107M (11%)         107M (11%)            -                  -          
[13.459s][info][gc,heap     ] GC(9) Allocated:         -               250M (25%)         254M (25%)         520M (52%)            -                  -          
[13.459s][info][gc,heap     ] GC(9)   Garbage:         -               380M (38%)         374M (37%)          34M (3%)             -                  -          
[13.459s][info][gc,heap     ] GC(9) Reclaimed:         -                  -                 6M (1%)          346M (35%)            -                  -          
[13.459s][info][gc          ] GC(9) Garbage Collection (Allocation Rate) 488M(49%)->622M(62%)
[13.459s][info][gc,start    ] GC(10) Garbage Collection (Allocation Rate)
[13.463s][info][gc,phases   ] GC(10) Pause Mark Start 1.830ms
[13.893s][info][gc,heap     ] Page Cache Flushed: 2M requested, 6M(102M->96M) flushed
[13.912s][info][gc,heap     ] Page Cache Flushed: 2M requested, 32M(96M->64M) flushed
[13.944s][info][gc,heap     ] Page Cache Flushed: 2M requested, 32M(64M->32M) flushed
[13.984s][info][gc,heap     ] Page Cache Flushed: 2M requested, 32M(32M->0M) flushed
[13.986s][info][gc,phases   ] GC(10) Concurrent Mark 522.784ms
[13.988s][info][gc,phases   ] GC(10) Pause Mark End 0.207ms
[13.990s][info][gc,phases   ] GC(10) Concurrent Process Non-Strong References 1.326ms
[13.990s][info][gc,phases   ] GC(10) Concurrent Reset Relocation Set 0.638ms
[13.990s][info][gc,phases   ] GC(10) Concurrent Destroy Detached Pages 0.004ms
[13.992s][info][gc,phases   ] GC(10) Concurrent Select Relocation Set 1.551ms
[14.009s][info][gc,phases   ] GC(10) Concurrent Prepare Relocation Set 17.323ms
[14.014s][info][gc,phases   ] GC(10) Pause Relocate Start 2.340ms
[14.252s][info][gc,phases   ] GC(10) Concurrent Relocate 231.479ms
[14.252s][info][gc,load     ] GC(10) Load: 2.08/1.81/1.03
[14.252s][info][gc,mmu      ] GC(10) MMU: 2ms/0.0%, 5ms/41.2%, 10ms/70.6%, 20ms/84.5%, 50ms/93.8%, 100ms/96.7%
[14.252s][info][gc,marking  ] GC(10) Mark: 1 stripe(s), 2 proactive flush(es), 1 terminate flush(es), 0 completion(s), 0 continuation(s) 
[14.252s][info][gc,reloc    ] GC(10) Relocation: Successful, 44M relocated
[14.252s][info][gc,nmethod  ] GC(10) NMethods: 1898 registered, 0 unregistered
[14.252s][info][gc,metaspace] GC(10) Metaspace: 62M used, 65M capacity, 65M committed, 66M reserved
[14.252s][info][gc,ref      ] GC(10) Soft: 4282 encountered, 0 discovered, 0 enqueued
[14.252s][info][gc,ref      ] GC(10) Weak: 3559 encountered, 2552 discovered, 0 enqueued
[14.252s][info][gc,ref      ] GC(10) Final: 27 encountered, 0 discovered, 0 enqueued
[14.252s][info][gc,ref      ] GC(10) Phantom: 648 encountered, 645 discovered, 0 enqueued
[14.252s][info][gc,heap     ] GC(10)                Mark Start          Mark End        Relocate Start      Relocate End           High               Low         
[14.252s][info][gc,heap     ] GC(10)  Capacity:      880M (88%)        1000M (100%)       1000M (100%)       1000M (100%)       1000M (100%)        880M (88%)    
[14.252s][info][gc,heap     ] GC(10)   Reserve:       34M (3%)           34M (3%)           34M (3%)           34M (3%)           34M (3%)           34M (3%)     
[14.252s][info][gc,heap     ] GC(10)      Free:      344M (34%)          28M (3%)           16M (2%)          164M (16%)         344M (34%)           6M (1%)     
[14.252s][info][gc,heap     ] GC(10)      Used:      622M (62%)         938M (94%)         950M (95%)         802M (80%)         960M (96%)         622M (62%)    
[14.252s][info][gc,heap     ] GC(10)      Live:         -               146M (15%)         146M (15%)         146M (15%)            -                  -          
[14.252s][info][gc,heap     ] GC(10) Allocated:         -               316M (32%)         328M (33%)         666M (67%)            -                  -          
[14.252s][info][gc,heap     ] GC(10)   Garbage:         -               475M (48%)         475M (48%)          29M (3%)             -                  -          
[14.252s][info][gc,heap     ] GC(10) Reclaimed:         -                  -                 0M (0%)          446M (45%)            -                  -          
[14.252s][info][gc          ] GC(10) Garbage Collection (Allocation Rate) 622M(62%)->802M(80%)
[14.259s][info][gc,start    ] GC(11) Garbage Collection (Allocation Rate)
[14.264s][info][gc,phases   ] GC(11) Pause Mark Start 1.944ms
[14.620s][info][gc,phases   ] GC(11) Concurrent Mark 356.593ms
[14.621s][info][gc,phases   ] GC(11) Pause Mark End 0.208ms
[14.622s][info][gc,phases   ] GC(11) Concurrent Process Non-Strong References 1.315ms
[14.623s][info][gc,phases   ] GC(11) Concurrent Reset Relocation Set 1.052ms
[14.623s][info][gc,phases   ] GC(11) Concurrent Destroy Detached Pages 0.001ms
[14.626s][info][gc,heap     ] GC(11) Page Cache Flushed: 2M requested, 10M(10M->0M) flushed
[14.626s][info][gc          ] Allocation Stall (Executor task launch worker for task 0.0 in stage 0.0 (TID 0)) 252.291ms
[14.632s][info][gc,phases   ] GC(11) Concurrent Select Relocation Set 8.467ms
[14.647s][info][gc,phases   ] GC(11) Concurrent Prepare Relocation Set 15.053ms
[14.649s][info][gc,phases   ] GC(11) Pause Relocate Start 1.757ms
[14.649s][info][gc          ] Allocation Stall (Executor task launch worker for task 0.0 in stage 0.0 (TID 0)) 11.254ms
[14.650s][info][gc          ] Allocation Stall (Executor task launch worker for task 0.0 in stage 0.0 (TID 0)) 0.346ms
[14.655s][info][gc          ] Allocation Stall (Executor task launch worker for task 0.0 in stage 0.0 (TID 0)) 4.641ms
[14.668s][info][gc          ] Allocation Stall (Executor task launch worker for task 0.0 in stage 0.0 (TID 0)) 4.530ms
[14.709s][info][gc,heap     ] Page Cache Flushed: 12M requested, 12M(26M->14M) flushed
[15.084s][info][gc,phases   ] GC(11) Concurrent Relocate 435.689ms
[15.085s][info][gc,load     ] GC(11) Load: 2.08/1.81/1.03
[15.085s][info][gc,mmu      ] GC(11) MMU: 2ms/0.0%, 5ms/41.2%, 10ms/70.6%, 20ms/84.5%, 50ms/93.8%, 100ms/96.7%
[15.085s][info][gc,marking  ] GC(11) Mark: 1 stripe(s), 2 proactive flush(es), 1 terminate flush(es), 0 completion(s), 0 continuation(s) 
[15.085s][info][gc,reloc    ] GC(11) Relocation: Successful, 55M relocated
[15.085s][info][gc,nmethod  ] GC(11) NMethods: 1934 registered, 0 unregistered
[15.085s][info][gc,metaspace] GC(11) Metaspace: 63M used, 66M capacity, 66M committed, 68M reserved
[15.085s][info][gc,ref      ] GC(11) Soft: 4282 encountered, 0 discovered, 0 enqueued
[15.085s][info][gc,ref      ] GC(11) Weak: 3559 encountered, 2552 discovered, 0 enqueued
[15.085s][info][gc,ref      ] GC(11) Final: 27 encountered, 0 discovered, 0 enqueued
[15.085s][info][gc,ref      ] GC(11) Phantom: 648 encountered, 645 discovered, 0 enqueued
[15.085s][info][gc,heap     ] GC(11)                Mark Start          Mark End        Relocate Start      Relocate End           High               Low         
[15.085s][info][gc,heap     ] GC(11)  Capacity:     1000M (100%)       1000M (100%)       1000M (100%)       1000M (100%)       1000M (100%)       1000M (100%)   
[15.085s][info][gc,heap     ] GC(11)   Reserve:       34M (3%)           34M (3%)           34M (3%)           34M (3%)           34M (3%)           32M (3%)     
[15.085s][info][gc,heap     ] GC(11)      Free:      144M (14%)           0M (0%)            0M (0%)          514M (51%)         514M (51%)           0M (0%)     
[15.085s][info][gc,heap     ] GC(11)      Used:      822M (82%)         966M (97%)         966M (97%)         452M (45%)         968M (97%)         452M (45%)    
[15.085s][info][gc,heap     ] GC(11)      Live:         -               205M (21%)         205M (21%)         205M (21%)            -                  -          
[15.085s][info][gc,heap     ] GC(11) Allocated:         -               144M (14%)         154M (15%)         268M (27%)            -                  -          
[15.085s][info][gc,heap     ] GC(11)   Garbage:         -               616M (62%)         606M (61%)          30M (3%)             -                  -          
[15.085s][info][gc,heap     ] GC(11) Reclaimed:         -                  -                10M (1%)          586M (59%)            -                  -          
[15.085s][info][gc          ] GC(11) Garbage Collection (Allocation Rate) 822M(82%)->452M(45%)
[15.160s][info][gc,start    ] GC(12) Garbage Collection (Allocation Rate)
[15.167s][info][gc,phases   ] GC(12) Pause Mark Start 2.263ms
[15.216s][info][gc,heap     ] Page Cache Flushed: 32M requested, 32M(510M->478M) flushed
[15.357s][info][gc,heap     ] Page Cache Flushed: 6M requested, 6M(472M->466M) flushed
[16.065s][info][gc,phases   ] GC(12) Concurrent Mark 898.715ms
[16.068s][info][gc,phases   ] GC(12) Pause Mark End 0.282ms
[16.069s][info][gc,phases   ] GC(12) Concurrent Process Non-Strong References 1.356ms
[16.072s][info][gc,phases   ] GC(12) Concurrent Reset Relocation Set 1.030ms
[16.072s][info][gc,phases   ] GC(12) Concurrent Destroy Detached Pages 0.075ms
[16.074s][info][gc,phases   ] GC(12) Concurrent Select Relocation Set 2.015ms
[16.101s][info][gc,phases   ] GC(12) Concurrent Prepare Relocation Set 27.133ms
[16.113s][info][gc,phases   ] GC(12) Pause Relocate Start 4.826ms
[16.272s][info][gc,phases   ] GC(12) Concurrent Relocate 159.235ms
[16.272s][info][gc,load     ] GC(12) Load: 2.31/1.86/1.05
[16.272s][info][gc,mmu      ] GC(12) MMU: 2ms/0.0%, 5ms/3.5%, 10ms/51.7%, 20ms/75.9%, 50ms/89.8%, 100ms/94.9%
[16.272s][info][gc,marking  ] GC(12) Mark: 1 stripe(s), 2 proactive flush(es), 1 terminate flush(es), 0 completion(s), 0 continuation(s) 
[16.272s][info][gc,reloc    ] GC(12) Relocation: Successful, 23M relocated
[16.272s][info][gc,nmethod  ] GC(12) NMethods: 2183 registered, 0 unregistered
[16.272s][info][gc,metaspace] GC(12) Metaspace: 64M used, 68M capacity, 68M committed, 70M reserved
[16.272s][info][gc,ref      ] GC(12) Soft: 4421 encountered, 0 discovered, 0 enqueued
[16.272s][info][gc,ref      ] GC(12) Weak: 3958 encountered, 2945 discovered, 153 enqueued
[16.272s][info][gc,ref      ] GC(12) Final: 27 encountered, 0 discovered, 0 enqueued
[16.272s][info][gc,ref      ] GC(12) Phantom: 762 encountered, 759 discovered, 115 enqueued
[16.272s][info][gc,heap     ] GC(12)                Mark Start          Mark End        Relocate Start      Relocate End           High               Low         
[16.272s][info][gc,heap     ] GC(12)  Capacity:     1000M (100%)       1000M (100%)       1000M (100%)       1000M (100%)       1000M (100%)       1000M (100%)   
[16.272s][info][gc,heap     ] GC(12)   Reserve:       34M (3%)           34M (3%)           34M (3%)           34M (3%)           34M (3%)           34M (3%)     
[16.272s][info][gc,heap     ] GC(12)      Free:      512M (51%)         354M (35%)         368M (37%)         460M (46%)         512M (51%)         354M (35%)    
[16.272s][info][gc,heap     ] GC(12)      Used:      454M (45%)         612M (61%)         598M (60%)         506M (51%)         612M (61%)         454M (45%)    
[16.272s][info][gc,heap     ] GC(12)      Live:         -               215M (22%)         215M (22%)         215M (22%)            -                  -          
[16.272s][info][gc,heap     ] GC(12) Allocated:         -               158M (16%)         162M (16%)         278M (28%)            -                  -          
[16.272s][info][gc,heap     ] GC(12)   Garbage:         -               238M (24%)         220M (22%)          30M (3%)             -                  -          
[16.272s][info][gc,heap     ] GC(12) Reclaimed:         -                  -                18M (2%)          208M (21%)            -                  -          
[16.272s][info][gc          ] GC(12) Garbage Collection (Allocation Rate) 454M(45%)->506M(51%)
[16.360s][info][gc,start    ] GC(13) Garbage Collection (Allocation Rate)
[16.364s][info][gc,phases   ] GC(13) Pause Mark Start 2.199ms
[16.594s][info][gc,heap     ] Page Cache Flushed: 2M requested, 18M(18M->0M) flushed
[16.716s][info][gc,phases   ] GC(13) Concurrent Mark 352.253ms
[16.717s][info][gc,phases   ] GC(13) Pause Mark End 0.203ms
[16.718s][info][gc,phases   ] GC(13) Concurrent Process Non-Strong References 1.392ms
[16.719s][info][gc,phases   ] GC(13) Concurrent Reset Relocation Set 0.340ms
[16.719s][info][gc,phases   ] GC(13) Concurrent Destroy Detached Pages 0.003ms
[16.720s][info][gc          ] Allocation Stall (Executor task launch worker for task 0.0 in stage 1.0 (TID 1)) 96.126ms
[16.724s][info][gc,phases   ] GC(13) Concurrent Select Relocation Set 5.529ms
[16.724s][info][gc,phases   ] GC(13) Concurrent Prepare Relocation Set 0.232ms
[16.728s][info][gc,phases   ] GC(13) Pause Relocate Start 1.890ms
[16.744s][info][gc,phases   ] GC(13) Concurrent Relocate 15.420ms
[16.744s][info][gc,load     ] GC(13) Load: 2.31/1.86/1.05
[16.744s][info][gc,mmu      ] GC(13) MMU: 2ms/0.0%, 5ms/3.5%, 10ms/51.7%, 20ms/75.9%, 50ms/89.8%, 100ms/94.9%
[16.744s][info][gc,marking  ] GC(13) Mark: 1 stripe(s), 2 proactive flush(es), 1 terminate flush(es), 0 completion(s), 0 continuation(s) 
[16.744s][info][gc,reloc    ] GC(13) Relocation: Successful, 8M relocated
[16.744s][info][gc,nmethod  ] GC(13) NMethods: 2187 registered, 0 unregistered
[16.744s][info][gc,metaspace] GC(13) Metaspace: 64M used, 68M capacity, 68M committed, 70M reserved
[16.744s][info][gc,ref      ] GC(13) Soft: 4546 encountered, 0 discovered, 0 enqueued
[16.744s][info][gc,ref      ] GC(13) Weak: 4203 encountered, 3083 discovered, 98 enqueued
[16.744s][info][gc,ref      ] GC(13) Final: 27 encountered, 0 discovered, 0 enqueued
[16.744s][info][gc,ref      ] GC(13) Phantom: 739 encountered, 736 discovered, 92 enqueued
[16.744s][info][gc,heap     ] GC(13)                Mark Start          Mark End        Relocate Start      Relocate End           High               Low         
[16.744s][info][gc,heap     ] GC(13)  Capacity:     1000M (100%)       1000M (100%)       1000M (100%)       1000M (100%)       1000M (100%)       1000M (100%)   
[16.744s][info][gc,heap     ] GC(13)   Reserve:       34M (3%)           34M (3%)           34M (3%)           34M (3%)           34M (3%)           34M (3%)     
[16.744s][info][gc,heap     ] GC(13)      Free:      274M (27%)           0M (0%)          380M (38%)         414M (41%)         432M (43%)           0M (0%)     
[16.744s][info][gc,heap     ] GC(13)      Used:      692M (69%)         966M (97%)         586M (59%)         552M (55%)         966M (97%)         534M (53%)    
[16.744s][info][gc,heap     ] GC(13)      Live:         -               215M (22%)         215M (22%)         215M (22%)            -                  -          
[16.744s][info][gc,heap     ] GC(13) Allocated:         -               274M (27%)         284M (28%)         310M (31%)            -                  -          
[16.744s][info][gc,heap     ] GC(13)   Garbage:         -               476M (48%)          86M (9%)           30M (3%)             -                  -          
[16.744s][info][gc,heap     ] GC(13) Reclaimed:         -                  -               390M (39%)         446M (45%)            -                  -          
[16.744s][info][gc          ] GC(13) Garbage Collection (Allocation Rate) 692M(69%)->552M(55%)
[16.759s][info][gc,start    ] GC(14) Garbage Collection (Allocation Rate)
[16.763s][info][gc,phases   ] GC(14) Pause Mark Start 2.074ms
[17.109s][info][gc,heap     ] Page Cache Flushed: 2M requested, 6M(38M->32M) flushed
[17.112s][info][gc,heap     ] Page Cache Flushed: 2M requested, 32M(32M->0M) flushed
[17.187s][info][gc,phases   ] GC(14) Concurrent Mark 423.079ms
[17.187s][info][gc,phases   ] GC(14) Pause Mark End 0.206ms
[17.188s][info][gc,phases   ] GC(14) Concurrent Process Non-Strong References 1.344ms
[17.188s][info][gc,phases   ] GC(14) Concurrent Reset Relocation Set 0.006ms
[17.188s][info][gc,phases   ] GC(14) Concurrent Destroy Detached Pages 0.003ms
[17.190s][info][gc,phases   ] GC(14) Concurrent Select Relocation Set 1.579ms
[17.190s][info][gc,phases   ] GC(14) Concurrent Prepare Relocation Set 0.062ms
[17.192s][info][gc,phases   ] GC(14) Pause Relocate Start 1.768ms
[17.192s][info][gc          ] Allocation Stall (Executor task launch worker for task 0.0 in stage 1.0 (TID 1)) 35.759ms
[17.199s][info][gc,phases   ] GC(14) Concurrent Relocate 2.960ms
[17.199s][info][gc,load     ] GC(14) Load: 2.31/1.86/1.05
[17.199s][info][gc,mmu      ] GC(14) MMU: 2ms/0.0%, 5ms/3.5%, 10ms/51.7%, 20ms/75.9%, 50ms/89.8%, 100ms/94.9%
[17.199s][info][gc,marking  ] GC(14) Mark: 1 stripe(s), 2 proactive flush(es), 1 terminate flush(es), 0 completion(s), 0 continuation(s) 
[17.199s][info][gc,reloc    ] GC(14) Relocation: Successful, 6M relocated
[17.199s][info][gc,nmethod  ] GC(14) NMethods: 2187 registered, 0 unregistered
[17.199s][info][gc,metaspace] GC(14) Metaspace: 64M used, 68M capacity, 68M committed, 70M reserved
[17.199s][info][gc,ref      ] GC(14) Soft: 4546 encountered, 0 discovered, 0 enqueued
[17.199s][info][gc,ref      ] GC(14) Weak: 4105 encountered, 2985 discovered, 0 enqueued
[17.199s][info][gc,ref      ] GC(14) Final: 27 encountered, 0 discovered, 0 enqueued
[17.199s][info][gc,ref      ] GC(14) Phantom: 647 encountered, 644 discovered, 0 enqueued
[17.199s][info][gc,heap     ] GC(14)                Mark Start          Mark End        Relocate Start      Relocate End           High               Low         
[17.199s][info][gc,heap     ] GC(14)  Capacity:     1000M (100%)       1000M (100%)       1000M (100%)       1000M (100%)       1000M (100%)       1000M (100%)   
[17.199s][info][gc,heap     ] GC(14)   Reserve:       34M (3%)           34M (3%)           34M (3%)           34M (3%)           34M (3%)           34M (3%)     
[17.199s][info][gc,heap     ] GC(14)      Free:      380M (38%)           0M (0%)          330M (33%)         330M (33%)         380M (38%)           0M (0%)     
[17.199s][info][gc,heap     ] GC(14)      Used:      586M (59%)         966M (97%)         636M (64%)         636M (64%)         966M (97%)         586M (59%)    
[17.199s][info][gc,heap     ] GC(14)      Live:         -               215M (22%)         215M (22%)         215M (22%)            -                  -          
[17.199s][info][gc,heap     ] GC(14) Allocated:         -               380M (38%)         382M (38%)         392M (39%)            -                  -          
[17.199s][info][gc,heap     ] GC(14)   Garbage:         -               370M (37%)          38M (4%)           30M (3%)             -                  -          
[17.199s][info][gc,heap     ] GC(14) Reclaimed:         -                  -               332M (33%)         340M (34%)            -                  -          
[17.199s][info][gc          ] GC(14) Garbage Collection (Allocation Rate) 586M(59%)->636M(64%)
[17.259s][info][gc,start    ] GC(15) Garbage Collection (Allocation Rate)
[17.264s][info][gc,phases   ] GC(15) Pause Mark Start 2.205ms
[17.575s][info][gc,phases   ] GC(15) Concurrent Mark 311.271ms
[17.576s][info][gc,phases   ] GC(15) Pause Mark End 0.205ms
[17.577s][info][gc,phases   ] GC(15) Concurrent Process Non-Strong References 1.322ms
[17.577s][info][gc,phases   ] GC(15) Concurrent Reset Relocation Set 0.003ms
[17.577s][info][gc,phases   ] GC(15) Concurrent Destroy Detached Pages 0.000ms
[17.579s][info][gc,phases   ] GC(15) Concurrent Select Relocation Set 1.528ms
[17.579s][info][gc,phases   ] GC(15) Concurrent Prepare Relocation Set 0.062ms
[17.580s][info][gc,phases   ] GC(15) Pause Relocate Start 1.730ms
[17.581s][info][gc          ] Allocation Stall (Executor task launch worker for task 0.0 in stage 1.0 (TID 1)) 139.282ms
[17.587s][info][gc,phases   ] GC(15) Concurrent Relocate 3.005ms
[17.587s][info][gc,load     ] GC(15) Load: 2.31/1.86/1.05
[17.587s][info][gc,mmu      ] GC(15) MMU: 2ms/0.0%, 5ms/3.5%, 10ms/51.7%, 20ms/75.9%, 50ms/89.8%, 100ms/94.9%
[17.587s][info][gc,marking  ] GC(15) Mark: 1 stripe(s), 2 proactive flush(es), 1 terminate flush(es), 0 completion(s), 0 continuation(s) 
[17.587s][info][gc,reloc    ] GC(15) Relocation: Successful, 6M relocated
[17.587s][info][gc,nmethod  ] GC(15) NMethods: 2187 registered, 0 unregistered
[17.587s][info][gc,metaspace] GC(15) Metaspace: 64M used, 68M capacity, 68M committed, 70M reserved
[17.587s][info][gc,ref      ] GC(15) Soft: 4546 encountered, 0 discovered, 0 enqueued
[17.587s][info][gc,ref      ] GC(15) Weak: 4105 encountered, 2985 discovered, 0 enqueued
[17.587s][info][gc,ref      ] GC(15) Final: 27 encountered, 0 discovered, 0 enqueued
[17.587s][info][gc,ref      ] GC(15) Phantom: 647 encountered, 644 discovered, 0 enqueued
[17.587s][info][gc,heap     ] GC(15)                Mark Start          Mark End        Relocate Start      Relocate End           High               Low         
[17.587s][info][gc,heap     ] GC(15)  Capacity:     1000M (100%)       1000M (100%)       1000M (100%)       1000M (100%)       1000M (100%)       1000M (100%)   
[17.587s][info][gc,heap     ] GC(15)   Reserve:       34M (3%)           34M (3%)           34M (3%)           34M (3%)           34M (3%)           34M (3%)     
[17.587s][info][gc,heap     ] GC(15)      Free:      196M (20%)           0M (0%)          514M (51%)         516M (52%)         516M (52%)           0M (0%)     
[17.587s][info][gc,heap     ] GC(15)      Used:      770M (77%)         966M (97%)         452M (45%)         450M (45%)         966M (97%)         450M (45%)    
[17.587s][info][gc,heap     ] GC(15)      Live:         -               215M (22%)         215M (22%)         215M (22%)            -                  -          
[17.587s][info][gc,heap     ] GC(15) Allocated:         -               196M (20%)         198M (20%)         206M (21%)            -                  -          
[17.587s][info][gc,heap     ] GC(15)   Garbage:         -               554M (55%)          38M (4%)           30M (3%)             -                  -          
[17.587s][info][gc,heap     ] GC(15) Reclaimed:         -                  -               516M (52%)         524M (52%)            -                  -          
[17.587s][info][gc          ] GC(15) Garbage Collection (Allocation Rate) 770M(77%)->450M(45%)
[17.659s][info][gc,start    ] GC(16) Garbage Collection (Allocation Rate)
[17.663s][info][gc,phases   ] GC(16) Pause Mark Start 2.073ms
[18.115s][info][gc,phases   ] GC(16) Concurrent Mark 451.214ms
[18.115s][info][gc,phases   ] GC(16) Pause Mark End 0.248ms
[18.116s][info][gc,phases   ] GC(16) Concurrent Process Non-Strong References 1.252ms
[18.116s][info][gc,phases   ] GC(16) Concurrent Reset Relocation Set 0.002ms
[18.116s][info][gc,phases   ] GC(16) Concurrent Destroy Detached Pages 0.000ms
[18.118s][info][gc,phases   ] GC(16) Concurrent Select Relocation Set 1.534ms
[18.118s][info][gc,phases   ] GC(16) Concurrent Prepare Relocation Set 0.068ms
[18.120s][info][gc,phases   ] GC(16) Pause Relocate Start 1.674ms
[18.120s][info][gc          ] Allocation Stall (Executor task launch worker for task 0.0 in stage 1.0 (TID 1)) 34.960ms
[18.127s][info][gc,phases   ] GC(16) Concurrent Relocate 2.916ms
[18.127s][info][gc,load     ] GC(16) Load: 2.31/1.86/1.05
[18.127s][info][gc,mmu      ] GC(16) MMU: 2ms/0.0%, 5ms/3.5%, 10ms/51.7%, 20ms/75.9%, 50ms/89.8%, 100ms/94.9%
[18.127s][info][gc,marking  ] GC(16) Mark: 1 stripe(s), 2 proactive flush(es), 1 terminate flush(es), 0 completion(s), 0 continuation(s) 
[18.127s][info][gc,reloc    ] GC(16) Relocation: Successful, 6M relocated
[18.127s][info][gc,nmethod  ] GC(16) NMethods: 2193 registered, 0 unregistered
[18.127s][info][gc,metaspace] GC(16) Metaspace: 65M used, 68M capacity, 68M committed, 70M reserved
[18.127s][info][gc,ref      ] GC(16) Soft: 4546 encountered, 0 discovered, 0 enqueued
[18.127s][info][gc,ref      ] GC(16) Weak: 4105 encountered, 3006 discovered, 0 enqueued
[18.127s][info][gc,ref      ] GC(16) Final: 27 encountered, 0 discovered, 0 enqueued
[18.127s][info][gc,ref      ] GC(16) Phantom: 647 encountered, 644 discovered, 0 enqueued
[18.127s][info][gc,heap     ] GC(16)                Mark Start          Mark End        Relocate Start      Relocate End           High               Low         
[18.127s][info][gc,heap     ] GC(16)  Capacity:     1000M (100%)       1000M (100%)       1000M (100%)       1000M (100%)       1000M (100%)       1000M (100%)   
[18.127s][info][gc,heap     ] GC(16)   Reserve:       34M (3%)           34M (3%)           34M (3%)           34M (3%)           34M (3%)           34M (3%)     
[18.127s][info][gc,heap     ] GC(16)      Free:      372M (37%)           0M (0%)          338M (34%)         338M (34%)         372M (37%)           0M (0%)     
[18.127s][info][gc,heap     ] GC(16)      Used:      594M (59%)         966M (97%)         628M (63%)         628M (63%)         966M (97%)         594M (59%)    
[18.127s][info][gc,heap     ] GC(16)      Live:         -               215M (22%)         215M (22%)         215M (22%)            -                  -          
[18.127s][info][gc,heap     ] GC(16) Allocated:         -               372M (37%)         374M (37%)         384M (38%)            -                  -          
[18.127s][info][gc,heap     ] GC(16)   Garbage:         -               378M (38%)          38M (4%)           30M (3%)             -                  -          
[18.127s][info][gc,heap     ] GC(16) Reclaimed:         -                  -               340M (34%)         348M (35%)            -                  -          
[18.127s][info][gc          ] GC(16) Garbage Collection (Allocation Rate) 594M(59%)->628M(63%)
[18.159s][info][gc,start    ] GC(17) Garbage Collection (Allocation Rate)
[18.163s][info][gc,phases   ] GC(17) Pause Mark Start 2.087ms
[18.498s][info][gc,phases   ] GC(17) Concurrent Mark 334.571ms
[18.498s][info][gc,phases   ] GC(17) Pause Mark End 0.207ms
[18.500s][info][gc,phases   ] GC(17) Concurrent Process Non-Strong References 1.287ms
[18.500s][info][gc,phases   ] GC(17) Concurrent Reset Relocation Set 0.003ms
[18.500s][info][gc,phases   ] GC(17) Concurrent Destroy Detached Pages 0.000ms
[18.500s][info][gc          ] Allocation Stall (Executor task launch worker for task 0.0 in stage 1.0 (TID 1)) 90.273ms
[18.505s][info][gc,phases   ] GC(17) Concurrent Select Relocation Set 5.472ms
[18.505s][info][gc,phases   ] GC(17) Concurrent Prepare Relocation Set 0.071ms
[18.509s][info][gc,phases   ] GC(17) Pause Relocate Start 1.782ms
[18.519s][info][gc,phases   ] GC(17) Concurrent Relocate 9.399ms
[18.519s][info][gc,load     ] GC(17) Load: 2.31/1.86/1.05
[18.519s][info][gc,mmu      ] GC(17) MMU: 2ms/0.0%, 5ms/3.5%, 10ms/51.7%, 20ms/75.9%, 50ms/89.8%, 100ms/94.9%
[18.519s][info][gc,marking  ] GC(17) Mark: 1 stripe(s), 2 proactive flush(es), 1 terminate flush(es), 0 completion(s), 0 continuation(s) 
[18.519s][info][gc,reloc    ] GC(17) Relocation: Successful, 6M relocated
[18.519s][info][gc,nmethod  ] GC(17) NMethods: 2193 registered, 0 unregistered
[18.519s][info][gc,metaspace] GC(17) Metaspace: 65M used, 68M capacity, 68M committed, 70M reserved
[18.519s][info][gc,ref      ] GC(17) Soft: 4566 encountered, 0 discovered, 0 enqueued
[18.519s][info][gc,ref      ] GC(17) Weak: 4239 encountered, 3115 discovered, 46 enqueued
[18.519s][info][gc,ref      ] GC(17) Final: 27 encountered, 0 discovered, 0 enqueued
[18.519s][info][gc,ref      ] GC(17) Phantom: 690 encountered, 687 discovered, 42 enqueued
[18.519s][info][gc,heap     ] GC(17)                Mark Start          Mark End        Relocate Start      Relocate End           High               Low         
[18.519s][info][gc,heap     ] GC(17)  Capacity:     1000M (100%)       1000M (100%)       1000M (100%)       1000M (100%)       1000M (100%)       1000M (100%)   
[18.519s][info][gc,heap     ] GC(17)   Reserve:       34M (3%)           34M (3%)           34M (3%)           34M (3%)           34M (3%)           34M (3%)     
[18.519s][info][gc,heap     ] GC(17)      Free:      264M (26%)           0M (0%)          426M (43%)         432M (43%)         432M (43%)           0M (0%)     
[18.519s][info][gc,heap     ] GC(17)      Used:      702M (70%)         966M (97%)         540M (54%)         534M (53%)         966M (97%)         534M (53%)    
[18.519s][info][gc,heap     ] GC(17)      Live:         -               215M (22%)         215M (22%)         215M (22%)            -                  -          
[18.519s][info][gc,heap     ] GC(17) Allocated:         -               264M (26%)         272M (27%)         290M (29%)            -                  -          
[18.519s][info][gc,heap     ] GC(17)   Garbage:         -               486M (49%)          52M (5%)           32M (3%)             -                  -          
[18.519s][info][gc,heap     ] GC(17) Reclaimed:         -                  -               434M (43%)         454M (45%)            -                  -          
[18.519s][info][gc          ] GC(17) Garbage Collection (Allocation Rate) 702M(70%)->534M(53%)
[18.560s][info][gc,start    ] GC(18) Garbage Collection (Allocation Rate)
[18.564s][info][gc,phases   ] GC(18) Pause Mark Start 2.094ms
[18.874s][info][gc,heap     ] Page Cache Flushed: 6M requested, 6M(180M->174M) flushed
[19.212s][info][gc,phases   ] GC(18) Concurrent Mark 648.492ms
[19.213s][info][gc,phases   ] GC(18) Pause Mark End 0.192ms
[19.214s][info][gc,phases   ] GC(18) Concurrent Process Non-Strong References 1.399ms
[19.214s][info][gc,phases   ] GC(18) Concurrent Reset Relocation Set 0.004ms
[19.214s][info][gc,phases   ] GC(18) Concurrent Destroy Detached Pages 0.004ms
[19.216s][info][gc,phases   ] GC(18) Concurrent Select Relocation Set 1.622ms
[19.216s][info][gc,phases   ] GC(18) Concurrent Prepare Relocation Set 0.062ms
[19.218s][info][gc,phases   ] GC(18) Pause Relocate Start 1.816ms
[19.227s][info][gc,phases   ] GC(18) Concurrent Relocate 8.829ms
[19.227s][info][gc,load     ] GC(18) Load: 2.31/1.86/1.05
[19.227s][info][gc,mmu      ] GC(18) MMU: 2ms/0.0%, 5ms/3.5%, 10ms/51.7%, 20ms/75.9%, 50ms/89.8%, 100ms/94.9%
[19.227s][info][gc,marking  ] GC(18) Mark: 1 stripe(s), 2 proactive flush(es), 1 terminate flush(es), 0 completion(s), 0 continuation(s) 
[19.227s][info][gc,reloc    ] GC(18) Relocation: Successful, 6M relocated
[19.227s][info][gc,nmethod  ] GC(18) NMethods: 2292 registered, 0 unregistered
[19.227s][info][gc,metaspace] GC(18) Metaspace: 67M used, 71M capacity, 71M committed, 72M reserved
[19.227s][info][gc,ref      ] GC(18) Soft: 4566 encountered, 0 discovered, 0 enqueued
[19.227s][info][gc,ref      ] GC(18) Weak: 4193 encountered, 3072 discovered, 0 enqueued
[19.227s][info][gc,ref      ] GC(18) Final: 27 encountered, 0 discovered, 0 enqueued
[19.227s][info][gc,ref      ] GC(18) Phantom: 648 encountered, 645 discovered, 0 enqueued
[19.227s][info][gc,heap     ] GC(18)                Mark Start          Mark End        Relocate Start      Relocate End           High               Low         
[19.227s][info][gc,heap     ] GC(18)  Capacity:     1000M (100%)       1000M (100%)       1000M (100%)       1000M (100%)       1000M (100%)       1000M (100%)   
[19.227s][info][gc,heap     ] GC(18)   Reserve:       34M (3%)           34M (3%)           34M (3%)           34M (3%)           34M (3%)           34M (3%)     
[19.227s][info][gc,heap     ] GC(18)      Free:      340M (34%)         166M (17%)         534M (53%)         546M (55%)         546M (55%)         166M (17%)    
[19.227s][info][gc,heap     ] GC(18)      Used:      626M (63%)         800M (80%)         432M (43%)         420M (42%)         800M (80%)         420M (42%)    
[19.227s][info][gc,heap     ] GC(18)      Live:         -               215M (22%)         215M (22%)         215M (22%)            -                  -          
[19.227s][info][gc,heap     ] GC(18) Allocated:         -               174M (17%)         174M (17%)         176M (18%)            -                  -          
[19.227s][info][gc,heap     ] GC(18)   Garbage:         -               410M (41%)          42M (4%)           30M (3%)             -                  -          
[19.227s][info][gc,heap     ] GC(18) Reclaimed:         -                  -               368M (37%)         380M (38%)            -                  -          
[19.227s][info][gc          ] GC(18) Garbage Collection (Allocation Rate) 626M(63%)->420M(42%)
[19.227s][info][gc,start    ] GC(19) Garbage Collection (System.gc())
[19.230s][info][gc,phases   ] GC(19) Pause Mark Start 2.206ms
[19.516s][info][gc,phases   ] GC(19) Concurrent Mark 286.555ms
[19.517s][info][gc,phases   ] GC(19) Pause Mark End 0.185ms
[19.518s][info][gc,phases   ] GC(19) Concurrent Process Non-Strong References 1.388ms
[19.518s][info][gc,phases   ] GC(19) Concurrent Reset Relocation Set 0.002ms
[19.518s][info][gc,phases   ] GC(19) Concurrent Destroy Detached Pages 0.001ms
[19.520s][info][gc,phases   ] GC(19) Concurrent Select Relocation Set 1.512ms
[19.520s][info][gc,phases   ] GC(19) Concurrent Prepare Relocation Set 0.012ms
[19.522s][info][gc,phases   ] GC(19) Pause Relocate Start 1.937ms
[19.528s][info][gc,phases   ] GC(19) Concurrent Relocate 6.360ms
[19.528s][info][gc,load     ] GC(19) Load: 2.31/1.86/1.05
[19.528s][info][gc,mmu      ] GC(19) MMU: 2ms/0.0%, 5ms/3.5%, 10ms/51.7%, 20ms/75.9%, 50ms/89.8%, 100ms/94.9%
[19.528s][info][gc,marking  ] GC(19) Mark: 1 stripe(s), 2 proactive flush(es), 1 terminate flush(es), 0 completion(s), 0 continuation(s) 
[19.528s][info][gc,reloc    ] GC(19) Relocation: Successful, 7M relocated
[19.528s][info][gc,nmethod  ] GC(19) NMethods: 2295 registered, 0 unregistered
[19.528s][info][gc,metaspace] GC(19) Metaspace: 67M used, 71M capacity, 71M committed, 72M reserved
[19.528s][info][gc,ref      ] GC(19) Soft: 4660 encountered, 0 discovered, 0 enqueued
[19.528s][info][gc,ref      ] GC(19) Weak: 4602 encountered, 3518 discovered, 207 enqueued
[19.528s][info][gc,ref      ] GC(19) Final: 27 encountered, 0 discovered, 0 enqueued
[19.528s][info][gc,ref      ] GC(19) Phantom: 774 encountered, 768 discovered, 124 enqueued
[19.528s][info][gc,heap     ] GC(19)                Mark Start          Mark End        Relocate Start      Relocate End           High               Low         
[19.528s][info][gc,heap     ] GC(19)  Capacity:     1000M (100%)       1000M (100%)       1000M (100%)       1000M (100%)       1000M (100%)       1000M (100%)   
[19.528s][info][gc,heap     ] GC(19)   Reserve:       34M (3%)           34M (3%)           34M (3%)           34M (3%)           34M (3%)           34M (3%)     
[19.528s][info][gc,heap     ] GC(19)      Free:      546M (55%)         544M (54%)         704M (70%)         716M (72%)         716M (72%)         544M (54%)    
[19.528s][info][gc,heap     ] GC(19)      Used:      420M (42%)         422M (42%)         262M (26%)         250M (25%)         422M (42%)         250M (25%)    
[19.528s][info][gc,heap     ] GC(19)      Live:         -               216M (22%)         216M (22%)         216M (22%)            -                  -          
[19.528s][info][gc,heap     ] GC(19) Allocated:         -                 2M (0%)            2M (0%)            4M (0%)             -                  -          
[19.528s][info][gc,heap     ] GC(19)   Garbage:         -               203M (20%)          43M (4%)           31M (3%)             -                  -          
[19.528s][info][gc,heap     ] GC(19) Reclaimed:         -                  -               160M (16%)         172M (17%)            -                  -          
[19.528s][info][gc          ] GC(19) Garbage Collection (System.gc()) 420M(42%)->250M(25%)
[19.532s][info][gc,heap     ] Page Cache Flushed: 32M requested, 32M(716M->684M) flushed
[19.559s][info][gc,start    ] GC(20) Garbage Collection (Allocation Rate)
[19.565s][info][gc,phases   ] GC(20) Pause Mark Start 2.428ms
[19.590s][info][gc,heap     ] Page Cache Flushed: 6M requested, 6M(676M->670M) flushed
[19.684s][info][gc,heap     ] Page Cache Flushed: 32M requested, 32M(660M->628M) flushed
[19.723s][info][gc,heap     ] Page Cache Flushed: 6M requested, 6M(626M->620M) flushed
[20.059s][info][gc,stats    ] === Garbage Collection Statistics =======================================================================================================================
[20.059s][info][gc,stats    ]                                                              Last 10s              Last 10m              Last 10h                Total
[20.059s][info][gc,stats    ]                                                              Avg / Max             Avg / Max             Avg / Max             Avg / Max
[20.059s][info][gc,stats    ]   Collector: Garbage Collection Cycle                    544.063 / 1112.366    467.133 / 1112.366    467.133 / 1112.366    467.133 / 1112.366    ms
[20.059s][info][gc,stats    ]  Contention: Mark Segment Reset Contention                     0 / 0                 0 / 0                 0 / 0                 0 / 0           ops/s
[20.059s][info][gc,stats    ]  Contention: Mark SeqNum Reset Contention                      0 / 0                 0 / 0                 0 / 0                 0 / 0           ops/s
[20.059s][info][gc,stats    ]  Contention: Relocation Contention                             0 / 1                 0 / 1                 0 / 1                 0 / 1           ops/s
[20.059s][info][gc,stats    ]    Critical: Allocation Stall                             66.946 / 252.291      66.946 / 252.291      66.946 / 252.291      66.946 / 252.291     ms
[20.059s][info][gc,stats    ]    Critical: Allocation Stall                                  1 / 5                 0 / 5                 0 / 5                 0 / 5           ops/s
[20.059s][info][gc,stats    ]    Critical: GC Locker Stall                               0.000 / 0.000         3.908 / 3.908         3.908 / 3.908         3.908 / 3.908       ms
[20.059s][info][gc,stats    ]    Critical: GC Locker Stall                                   0 / 0                 0 / 1                 0 / 1                 0 / 1           ops/s
[20.059s][info][gc,stats    ]      Memory: Allocation Rate                                 518 / 928             321 / 928             321 / 928             321 / 928         MB/s
[20.059s][info][gc,stats    ]      Memory: Heap Used After Mark                            801 / 966             625 / 966             625 / 966             625 / 966         MB
[20.059s][info][gc,stats    ]      Memory: Heap Used After Relocation                      503 / 802             387 / 802             387 / 802             387 / 802         MB
[20.059s][info][gc,stats    ]      Memory: Heap Used Before Mark                           558 / 822             456 / 822             456 / 822             456 / 822         MB
[20.059s][info][gc,stats    ]      Memory: Heap Used Before Relocation                     607 / 966             489 / 966             489 / 966             489 / 966         MB
[20.059s][info][gc,stats    ]      Memory: Out Of Memory                                     0 / 0                 0 / 0                 0 / 0                 0 / 0           ops/s
[20.059s][info][gc,stats    ]      Memory: Page Cache Flush                                 30 / 102              15 / 102              15 / 102              15 / 102         MB/s
[20.059s][info][gc,stats    ]      Memory: Page Cache Hit L1                               237 / 465             137 / 465             137 / 465             137 / 465         ops/s
[20.059s][info][gc,stats    ]      Memory: Page Cache Hit L2                                 0 / 0                 0 / 0                 0 / 0                 0 / 0           ops/s
[20.059s][info][gc,stats    ]      Memory: Page Cache Miss                                  21 / 164              25 / 164              25 / 164              25 / 164         ops/s
[20.059s][info][gc,stats    ]      Memory: Undo Object Allocation Failed                     0 / 0                 0 / 0                 0 / 0                 0 / 0           ops/s
[20.059s][info][gc,stats    ]      Memory: Undo Object Allocation Succeeded                  0 / 1                 0 / 1                 0 / 1                 0 / 1           ops/s
[20.059s][info][gc,stats    ]      Memory: Undo Page Allocation                              0 / 1                 0 / 1                 0 / 1                 0 / 1           ops/s
[20.059s][info][gc,stats    ]       Phase: Concurrent Destroy Detached Pages             0.007 / 0.075         0.005 / 0.075         0.005 / 0.075         0.005 / 0.075       ms
[20.059s][info][gc,stats    ]       Phase: Concurrent Mark                             417.283 / 898.715     335.224 / 898.715     335.224 / 898.715     335.224 / 898.715     ms
[20.059s][info][gc,stats    ]       Phase: Concurrent Mark Continue                      0.000 / 0.000         0.000 / 0.000         0.000 / 0.000         0.000 / 0.000       ms
[20.059s][info][gc,stats    ]       Phase: Concurrent Prepare Relocation Set             5.928 / 27.133        5.442 / 27.133        5.442 / 27.133        5.442 / 27.133      ms
[20.059s][info][gc,stats    ]       Phase: Concurrent Process Non-Strong References      1.390 / 1.612         1.307 / 1.707         1.307 / 1.707         1.307 / 1.707       ms
[20.059s][info][gc,stats    ]       Phase: Concurrent Relocate                         104.913 / 435.689     111.776 / 435.689     111.776 / 435.689     111.776 / 435.689     ms
[20.059s][info][gc,stats    ]       Phase: Concurrent Reset Relocation Set               0.286 / 1.052         0.261 / 1.052         0.261 / 1.052         0.261 / 1.052       ms
[20.059s][info][gc,stats    ]       Phase: Concurrent Select Relocation Set              2.760 / 8.467         2.465 / 8.467         2.465 / 8.467         2.465 / 8.467       ms
[20.059s][info][gc,stats    ]       Phase: Pause Mark End                                0.212 / 0.282         0.200 / 0.309         0.200 / 0.309         0.200 / 0.309       ms
[20.059s][info][gc,stats    ]       Phase: Pause Mark Start                              2.122 / 2.428         1.925 / 2.449         1.925 / 2.449         1.925 / 2.449       ms
[20.059s][info][gc,stats    ]       Phase: Pause Relocate Start                          2.137 / 4.826         2.002 / 4.826         2.002 / 4.826         2.002 / 4.826       ms
[20.059s][info][gc,stats    ]    Subphase: Concurrent Mark                             416.885 / 898.690     334.957 / 898.690     334.957 / 898.690     334.957 / 898.690     ms
[20.059s][info][gc,stats    ]    Subphase: Concurrent Mark Idle                          0.000 / 0.000         0.000 / 0.000         0.000 / 0.000         0.000 / 0.000       ms
[20.059s][info][gc,stats    ]    Subphase: Concurrent Mark Try Flush                     0.737 / 5.800         0.869 / 6.173         0.869 / 6.173         0.869 / 6.173       ms
[20.059s][info][gc,stats    ]    Subphase: Concurrent Mark Try Terminate                 0.227 / 1.932         0.318 / 2.177         0.318 / 2.177         0.318 / 2.177       ms
[20.059s][info][gc,stats    ]    Subphase: Concurrent References Enqueue                 0.001 / 0.003         0.001 / 0.003         0.001 / 0.003         0.001 / 0.003       ms
[20.059s][info][gc,stats    ]    Subphase: Concurrent References Process                 0.598 / 0.737         0.542 / 0.737         0.542 / 0.737         0.542 / 0.737       ms
[20.059s][info][gc,stats    ]    Subphase: Concurrent Weak Roots                         0.783 / 1.030         0.755 / 1.044         0.755 / 1.044         0.755 / 1.044       ms
[20.059s][info][gc,stats    ]    Subphase: Concurrent Weak Roots JNIWeakHandles          0.000 / 0.000         0.000 / 0.000         0.000 / 0.000         0.000 / 0.000       ms
[20.059s][info][gc,stats    ]    Subphase: Concurrent Weak Roots StringTable             0.591 / 0.750         0.581 / 0.845         0.581 / 0.845         0.581 / 0.845       ms
[20.059s][info][gc,stats    ]    Subphase: Concurrent Weak Roots VMWeakHandles           0.191 / 0.278         0.173 / 0.278         0.173 / 0.278         0.173 / 0.278       ms
[20.059s][info][gc,stats    ]    Subphase: Pause Mark Try Complete                       0.000 / 0.000         0.000 / 0.000         0.000 / 0.000         0.000 / 0.000       ms
[20.059s][info][gc,stats    ]    Subphase: Pause Remap TLABS                             0.001 / 0.002         0.001 / 0.002         0.001 / 0.002         0.001 / 0.002       ms
[20.059s][info][gc,stats    ]    Subphase: Pause Retire TLABS                            0.012 / 0.022         0.012 / 0.033         0.012 / 0.033         0.012 / 0.033       ms
[20.059s][info][gc,stats    ]    Subphase: Pause Roots                                   1.307 / 4.446         1.217 / 4.446         1.217 / 4.446         1.217 / 4.446       ms
[20.059s][info][gc,stats    ]    Subphase: Pause Roots ClassLoaderDataGraph              0.642 / 1.094         0.629 / 1.341         0.629 / 1.341         0.629 / 1.341       ms
[20.059s][info][gc,stats    ]    Subphase: Pause Roots CodeCache                         0.837 / 1.381         0.706 / 1.381         0.706 / 1.381         0.706 / 1.381       ms
[20.059s][info][gc,stats    ]    Subphase: Pause Roots JNIHandles                        0.001 / 0.003         0.001 / 0.005         0.001 / 0.005         0.001 / 0.005       ms
[20.059s][info][gc,stats    ]    Subphase: Pause Roots JNIWeakHandles                    0.000 / 0.000         0.000 / 0.000         0.000 / 0.000         0.000 / 0.000       ms
[20.059s][info][gc,stats    ]    Subphase: Pause Roots JRFWeak                           0.000 / 0.000         0.000 / 0.000         0.000 / 0.000         0.000 / 0.000       ms
[20.059s][info][gc,stats    ]    Subphase: Pause Roots JVMTIExport                       0.001 / 0.001         0.001 / 0.001         0.001 / 0.001         0.001 / 0.001       ms
[20.059s][info][gc,stats    ]    Subphase: Pause Roots JVMTIWeakExport                   0.001 / 0.001         0.001 / 0.001         0.001 / 0.001         0.001 / 0.001       ms
[20.059s][info][gc,stats    ]    Subphase: Pause Roots Management                        0.001 / 0.002         0.011 / 0.398         0.011 / 0.398         0.011 / 0.398       ms
[20.059s][info][gc,stats    ]    Subphase: Pause Roots ObjectSynchronizer                0.000 / 0.000         0.000 / 0.000         0.000 / 0.000         0.000 / 0.000       ms
[20.059s][info][gc,stats    ]    Subphase: Pause Roots Setup                             0.166 / 0.411         0.135 / 0.411         0.135 / 0.411         0.135 / 0.411       ms
[20.059s][info][gc,stats    ]    Subphase: Pause Roots StringTable                       0.000 / 0.000         0.000 / 0.000         0.000 / 0.000         0.000 / 0.000       ms
[20.059s][info][gc,stats    ]    Subphase: Pause Roots SystemDictionary                  0.024 / 0.328         0.020 / 0.328         0.020 / 0.328         0.020 / 0.328       ms
[20.059s][info][gc,stats    ]    Subphase: Pause Roots Teardown                          0.001 / 0.002         0.001 / 0.002         0.001 / 0.002         0.001 / 0.002       ms
[20.059s][info][gc,stats    ]    Subphase: Pause Roots Threads                           0.286 / 1.930         0.285 / 1.930         0.285 / 1.930         0.285 / 1.930       ms
[20.059s][info][gc,stats    ]    Subphase: Pause Roots Universe                          0.002 / 0.004         0.016 / 0.534         0.016 / 0.534         0.016 / 0.534       ms
[20.059s][info][gc,stats    ]    Subphase: Pause Roots VMWeakHandles                     0.000 / 0.000         0.000 / 0.000         0.000 / 0.000         0.000 / 0.000       ms
[20.059s][info][gc,stats    ]    Subphase: Pause Weak Roots                              0.002 / 0.002         0.002 / 0.007         0.002 / 0.007         0.002 / 0.007       ms
[20.059s][info][gc,stats    ]    Subphase: Pause Weak Roots JFRWeak                      0.001 / 0.001         0.001 / 0.001         0.001 / 0.001         0.001 / 0.001       ms
[20.059s][info][gc,stats    ]    Subphase: Pause Weak Roots JNIWeakHandles               0.000 / 0.000         0.000 / 0.000         0.000 / 0.000         0.000 / 0.000       ms
[20.059s][info][gc,stats    ]    Subphase: Pause Weak Roots JVMTIWeakExport              0.001 / 0.001         0.001 / 0.006         0.001 / 0.006         0.001 / 0.006       ms
[20.059s][info][gc,stats    ]    Subphase: Pause Weak Roots Setup                        0.000 / 0.000         0.000 / 0.000         0.000 / 0.000         0.000 / 0.000       ms
[20.059s][info][gc,stats    ]    Subphase: Pause Weak Roots StringTable                  0.000 / 0.000         0.000 / 0.000         0.000 / 0.000         0.000 / 0.000       ms
[20.059s][info][gc,stats    ]    Subphase: Pause Weak Roots SymbolTable                  0.000 / 0.000         0.000 / 0.000         0.000 / 0.000         0.000 / 0.000       ms
[20.059s][info][gc,stats    ]    Subphase: Pause Weak Roots Teardown                     0.001 / 0.001         0.001 / 0.001         0.001 / 0.001         0.001 / 0.001       ms
[20.059s][info][gc,stats    ]    Subphase: Pause Weak Roots VMWeakHandles                0.000 / 0.000         0.000 / 0.000         0.000 / 0.000         0.000 / 0.000       ms
[20.059s][info][gc,stats    ]      System: Java Threads                                     51 / 60               45 / 60               45 / 60               45 / 60          threads
[20.059s][info][gc,stats    ] =========================================================================================================================================================
[20.320s][info][gc,phases   ] GC(20) Concurrent Mark 755.550ms
[20.326s][info][gc,phases   ] GC(20) Pause Mark End 0.284ms
[20.327s][info][gc,phases   ] GC(20) Concurrent Process Non-Strong References 1.514ms
[20.327s][info][gc,phases   ] GC(20) Concurrent Reset Relocation Set 0.003ms
[20.328s][info][gc,phases   ] GC(20) Concurrent Destroy Detached Pages 0.210ms
[20.332s][info][gc,phases   ] GC(20) Concurrent Select Relocation Set 4.585ms
[20.332s][info][gc,phases   ] GC(20) Concurrent Prepare Relocation Set 0.008ms
[20.339s][info][gc,phases   ] GC(20) Pause Relocate Start 2.028ms
[20.346s][info][gc,phases   ] GC(20) Concurrent Relocate 6.633ms
[20.346s][info][gc,load     ] GC(20) Load: 2.31/1.86/1.05
[20.346s][info][gc,mmu      ] GC(20) MMU: 2ms/0.0%, 5ms/3.5%, 10ms/51.7%, 20ms/75.9%, 50ms/89.8%, 100ms/94.9%
[20.346s][info][gc,marking  ] GC(20) Mark: 1 stripe(s), 2 proactive flush(es), 1 terminate flush(es), 0 completion(s), 0 continuation(s) 
[20.346s][info][gc,reloc    ] GC(20) Relocation: Successful, 7M relocated
[20.346s][info][gc,nmethod  ] GC(20) NMethods: 2388 registered, 0 unregistered
[20.346s][info][gc,metaspace] GC(20) Metaspace: 67M used, 71M capacity, 71M committed, 72M reserved
[20.346s][info][gc,ref      ] GC(20) Soft: 4660 encountered, 0 discovered, 0 enqueued
[20.346s][info][gc,ref      ] GC(20) Weak: 4392 encountered, 3312 discovered, 1 enqueued
[20.346s][info][gc,ref      ] GC(20) Final: 27 encountered, 0 discovered, 0 enqueued
[20.346s][info][gc,ref      ] GC(20) Phantom: 650 encountered, 647 discovered, 0 enqueued
[20.346s][info][gc,heap     ] GC(20)                Mark Start          Mark End        Relocate Start      Relocate End           High               Low         
[20.346s][info][gc,heap     ] GC(20)  Capacity:     1000M (100%)       1000M (100%)       1000M (100%)       1000M (100%)       1000M (100%)       1000M (100%)   
[20.346s][info][gc,heap     ] GC(20)   Reserve:       34M (3%)           34M (3%)           34M (3%)           34M (3%)           34M (3%)           34M (3%)     
[20.346s][info][gc,heap     ] GC(20)      Free:      680M (68%)         580M (58%)         580M (58%)         650M (65%)         680M (68%)         578M (58%)    
[20.346s][info][gc,heap     ] GC(20)      Used:      286M (29%)         386M (39%)         386M (39%)         316M (32%)         388M (39%)         286M (29%)    
[20.346s][info][gc,heap     ] GC(20)      Live:         -               216M (22%)         216M (22%)         216M (22%)            -                  -          
[20.346s][info][gc,heap     ] GC(20) Allocated:         -               100M (10%)         100M (10%)         102M (10%)            -                  -          
[20.346s][info][gc,heap     ] GC(20)   Garbage:         -                69M (7%)           69M (7%)     17592186044415M (1         -                  -          
[20.346s][info][gc,heap     ] GC(20) Reclaimed:         -                  -                 0M (0%)           70M (7%)             -                  -          
[20.346s][info][gc          ] GC(20) Garbage Collection (Allocation Rate) 286M(29%)->316M(32%)
[21.059s][info][gc,start    ] GC(21) Garbage Collection (Allocation Rate)
[21.064s][info][gc,phases   ] GC(21) Pause Mark Start 2.258ms
[21.486s][info][gc,phases   ] GC(21) Concurrent Mark 422.224ms
[21.489s][info][gc,phases   ] GC(21) Pause Mark End 0.241ms
[21.490s][info][gc,phases   ] GC(21) Concurrent Process Non-Strong References 1.445ms
[21.490s][info][gc,phases   ] GC(21) Concurrent Reset Relocation Set 0.002ms
[21.490s][info][gc,phases   ] GC(21) Concurrent Destroy Detached Pages 0.000ms
[21.492s][info][gc,phases   ] GC(21) Concurrent Select Relocation Set 1.507ms
[21.492s][info][gc,phases   ] GC(21) Concurrent Prepare Relocation Set 0.010ms
[21.494s][info][gc,phases   ] GC(21) Pause Relocate Start 1.947ms
[21.497s][info][gc,phases   ] GC(21) Concurrent Relocate 0.838ms
[21.497s][info][gc,load     ] GC(21) Load: 2.29/1.86/1.06
[21.497s][info][gc,mmu      ] GC(21) MMU: 2ms/0.0%, 5ms/3.5%, 10ms/51.7%, 20ms/75.9%, 50ms/89.8%, 100ms/94.9%
[21.497s][info][gc,marking  ] GC(21) Mark: 1 stripe(s), 2 proactive flush(es), 1 terminate flush(es), 0 completion(s), 0 continuation(s) 
[21.497s][info][gc,reloc    ] GC(21) Relocation: Successful, 7M relocated
[21.497s][info][gc,nmethod  ] GC(21) NMethods: 2411 registered, 0 unregistered
[21.497s][info][gc,metaspace] GC(21) Metaspace: 67M used, 71M capacity, 71M committed, 72M reserved
[21.497s][info][gc,ref      ] GC(21) Soft: 4668 encountered, 0 discovered, 0 enqueued
[21.497s][info][gc,ref      ] GC(21) Weak: 4570 encountered, 3432 discovered, 77 enqueued
[21.497s][info][gc,ref      ] GC(21) Final: 27 encountered, 0 discovered, 0 enqueued
[21.497s][info][gc,ref      ] GC(21) Phantom: 660 encountered, 657 discovered, 10 enqueued
[21.497s][info][gc,heap     ] GC(21)                Mark Start          Mark End        Relocate Start      Relocate End           High               Low         
[21.497s][info][gc,heap     ] GC(21)  Capacity:     1000M (100%)       1000M (100%)       1000M (100%)       1000M (100%)       1000M (100%)       1000M (100%)   
[21.497s][info][gc,heap     ] GC(21)   Reserve:       34M (3%)           34M (3%)           34M (3%)           34M (3%)           34M (3%)           34M (3%)     
[21.497s][info][gc,heap     ] GC(21)      Free:      390M (39%)          68M (7%)          372M (37%)         394M (39%)         394M (39%)          68M (7%)     
[21.497s][info][gc,heap     ] GC(21)      Used:      576M (58%)         898M (90%)         594M (59%)         572M (57%)         898M (90%)         572M (57%)    
[21.497s][info][gc,heap     ] GC(21)      Live:         -               216M (22%)         216M (22%)         216M (22%)            -                  -          
[21.497s][info][gc,heap     ] GC(21) Allocated:         -               322M (32%)         322M (32%)         326M (33%)            -                  -          
[21.497s][info][gc,heap     ] GC(21)   Garbage:         -               359M (36%)          55M (6%)           33M (3%)             -                  -          
[21.497s][info][gc,heap     ] GC(21) Reclaimed:         -                  -               304M (30%)         326M (33%)            -                  -          
[21.497s][info][gc          ] GC(21) Garbage Collection (Allocation Rate) 576M(58%)->572M(57%)
[21.559s][info][gc,start    ] GC(22) Garbage Collection (Allocation Rate)
[21.564s][info][gc,phases   ] GC(22) Pause Mark Start 2.300ms
[22.035s][info][gc,heap     ] Page Cache Flushed: 2M requested, 6M(76M->70M) flushed
[22.045s][info][gc,heap     ] Page Cache Flushed: 2M requested, 6M(70M->64M) flushed
[22.054s][info][gc,heap     ] Page Cache Flushed: 2M requested, 32M(64M->32M) flushed
[22.108s][info][gc,heap     ] Page Cache Flushed: 2M requested, 32M(32M->0M) flushed
[22.150s][info][gc,phases   ] GC(22) Concurrent Mark 585.584ms
[22.152s][info][gc,phases   ] GC(22) Pause Mark End 0.294ms
[22.154s][info][gc,phases   ] GC(22) Concurrent Process Non-Strong References 1.803ms
[22.154s][info][gc,phases   ] GC(22) Concurrent Reset Relocation Set 0.005ms
[22.154s][info][gc,phases   ] GC(22) Concurrent Destroy Detached Pages 0.004ms
[22.156s][info][gc,phases   ] GC(22) Concurrent Select Relocation Set 1.786ms
[22.156s][info][gc,phases   ] GC(22) Concurrent Prepare Relocation Set 0.019ms
[22.158s][info][gc,phases   ] GC(22) Pause Relocate Start 1.927ms
[22.160s][info][gc,phases   ] GC(22) Concurrent Relocate 2.139ms
[22.160s][info][gc,load     ] GC(22) Load: 2.29/1.86/1.06
[22.160s][info][gc,mmu      ] GC(22) MMU: 2ms/0.0%, 5ms/3.5%, 10ms/51.7%, 20ms/75.9%, 50ms/89.8%, 100ms/94.9%
[22.160s][info][gc,marking  ] GC(22) Mark: 1 stripe(s), 2 proactive flush(es), 1 terminate flush(es), 0 completion(s), 0 continuation(s) 
[22.160s][info][gc,reloc    ] GC(22) Relocation: Successful, 7M relocated
[22.160s][info][gc,nmethod  ] GC(22) NMethods: 2418 registered, 0 unregistered
[22.160s][info][gc,metaspace] GC(22) Metaspace: 67M used, 71M capacity, 71M committed, 72M reserved
[22.160s][info][gc,ref      ] GC(22) Soft: 4668 encountered, 0 discovered, 0 enqueued
[22.160s][info][gc,ref      ] GC(22) Weak: 4501 encountered, 3372 discovered, 14 enqueued
[22.160s][info][gc,ref      ] GC(22) Final: 27 encountered, 0 discovered, 0 enqueued
[22.160s][info][gc,ref      ] GC(22) Phantom: 650 encountered, 647 discovered, 0 enqueued
[22.160s][info][gc,heap     ] GC(22)                Mark Start          Mark End        Relocate Start      Relocate End           High               Low         
[22.160s][info][gc,heap     ] GC(22)  Capacity:     1000M (100%)       1000M (100%)       1000M (100%)       1000M (100%)       1000M (100%)       1000M (100%)   
[22.160s][info][gc,heap     ] GC(22)   Reserve:       34M (3%)           34M (3%)           34M (3%)           34M (3%)           34M (3%)           34M (3%)     
[22.160s][info][gc,heap     ] GC(22)      Free:      304M (30%)           4M (0%)          396M (40%)         416M (42%)         416M (42%)           4M (0%)     
[22.160s][info][gc,heap     ] GC(22)      Used:      662M (66%)         962M (96%)         570M (57%)         550M (55%)         962M (96%)         550M (55%)    
[22.160s][info][gc,heap     ] GC(22)      Live:         -               216M (22%)         216M (22%)         216M (22%)            -                  -          
[22.160s][info][gc,heap     ] GC(22) Allocated:         -               300M (30%)         300M (30%)         304M (30%)            -                  -          
[22.160s][info][gc,heap     ] GC(22)   Garbage:         -               445M (45%)          53M (5%)           31M (3%)             -                  -          
[22.160s][info][gc,heap     ] GC(22) Reclaimed:         -                  -               392M (39%)         414M (41%)            -                  -          
[22.160s][info][gc          ] GC(22) Garbage Collection (Allocation Rate) 662M(66%)->550M(55%)
[22.259s][info][gc,start    ] GC(23) Garbage Collection (Allocation Rate)
[22.264s][info][gc,phases   ] GC(23) Pause Mark Start 2.275ms
[22.669s][info][gc,phases   ] GC(23) Concurrent Mark 405.329ms
[22.670s][info][gc,phases   ] GC(23) Pause Mark End 0.281ms
[22.671s][info][gc,phases   ] GC(23) Concurrent Process Non-Strong References 1.379ms
[22.671s][info][gc,phases   ] GC(23) Concurrent Reset Relocation Set 0.004ms
[22.671s][info][gc,phases   ] GC(23) Concurrent Destroy Detached Pages 0.000ms
[22.671s][info][gc          ] Allocation Stall (Executor task launch worker for task 0.0 in stage 4.0 (TID 4)) 32.544ms
[22.675s][info][gc,phases   ] GC(23) Concurrent Select Relocation Set 3.509ms
[22.675s][info][gc,phases   ] GC(23) Concurrent Prepare Relocation Set 0.017ms
[22.678s][info][gc,phases   ] GC(23) Pause Relocate Start 1.988ms
[22.685s][info][gc,phases   ] GC(23) Concurrent Relocate 7.157ms
[22.685s][info][gc,load     ] GC(23) Load: 2.29/1.86/1.06
[22.685s][info][gc,mmu      ] GC(23) MMU: 2ms/0.0%, 5ms/3.5%, 10ms/51.7%, 20ms/75.9%, 50ms/89.8%, 100ms/94.9%
[22.685s][info][gc,marking  ] GC(23) Mark: 1 stripe(s), 2 proactive flush(es), 1 terminate flush(es), 0 completion(s), 0 continuation(s) 
[22.685s][info][gc,reloc    ] GC(23) Relocation: Successful, 7M relocated
[22.685s][info][gc,nmethod  ] GC(23) NMethods: 2418 registered, 0 unregistered
[22.685s][info][gc,metaspace] GC(23) Metaspace: 67M used, 71M capacity, 71M committed, 72M reserved
[22.685s][info][gc,ref      ] GC(23) Soft: 4668 encountered, 0 discovered, 0 enqueued
[22.685s][info][gc,ref      ] GC(23) Weak: 4487 encountered, 3358 discovered, 0 enqueued
[22.685s][info][gc,ref      ] GC(23) Final: 27 encountered, 0 discovered, 0 enqueued
[22.685s][info][gc,ref      ] GC(23) Phantom: 650 encountered, 647 discovered, 0 enqueued
[22.685s][info][gc,heap     ] GC(23)                Mark Start          Mark End        Relocate Start      Relocate End           High               Low         
[22.685s][info][gc,heap     ] GC(23)  Capacity:     1000M (100%)       1000M (100%)       1000M (100%)       1000M (100%)       1000M (100%)       1000M (100%)   
[22.685s][info][gc,heap     ] GC(23)   Reserve:       34M (3%)           34M (3%)           34M (3%)           34M (3%)           34M (3%)           34M (3%)     
[22.685s][info][gc,heap     ] GC(23)      Free:      264M (26%)           0M (0%)          442M (44%)         440M (44%)         444M (44%)           0M (0%)     
[22.685s][info][gc,heap     ] GC(23)      Used:      702M (70%)         966M (97%)         524M (52%)         526M (53%)         966M (97%)         522M (52%)    
[22.685s][info][gc,heap     ] GC(23)      Live:         -               216M (22%)         216M (22%)         216M (22%)            -                  -          
[22.685s][info][gc,heap     ] GC(23) Allocated:         -               264M (26%)         268M (27%)         280M (28%)            -                  -          
[22.685s][info][gc,heap     ] GC(23)   Garbage:         -               485M (49%)          39M (4%)           31M (3%)             -                  -          
[22.685s][info][gc,heap     ] GC(23) Reclaimed:         -                  -               446M (45%)         454M (45%)            -                  -          
[22.685s][info][gc          ] GC(23) Garbage Collection (Allocation Rate) 702M(70%)->526M(53%)
[22.759s][info][gc,start    ] GC(24) Garbage Collection (Allocation Rate)
[22.763s][info][gc,phases   ] GC(24) Pause Mark Start 2.292ms
[23.216s][info][gc,phases   ] GC(24) Concurrent Mark 452.786ms
[23.219s][info][gc,phases   ] GC(24) Pause Mark End 0.250ms
[23.220s][info][gc,phases   ] GC(24) Concurrent Process Non-Strong References 1.545ms
[23.220s][info][gc,phases   ] GC(24) Concurrent Reset Relocation Set 0.003ms
[23.220s][info][gc,phases   ] GC(24) Concurrent Destroy Detached Pages 0.001ms
[23.222s][info][gc,phases   ] GC(24) Concurrent Select Relocation Set 1.532ms
[23.222s][info][gc,phases   ] GC(24) Concurrent Prepare Relocation Set 0.013ms
[23.224s][info][gc,phases   ] GC(24) Pause Relocate Start 1.981ms
[23.229s][info][gc,phases   ] GC(24) Concurrent Relocate 4.465ms
[23.229s][info][gc,load     ] GC(24) Load: 2.29/1.86/1.06
[23.229s][info][gc,mmu      ] GC(24) MMU: 2ms/0.0%, 5ms/3.5%, 10ms/51.7%, 20ms/75.9%, 50ms/89.8%, 100ms/94.9%
[23.229s][info][gc,marking  ] GC(24) Mark: 1 stripe(s), 2 proactive flush(es), 1 terminate flush(es), 0 completion(s), 0 continuation(s) 
[23.229s][info][gc,reloc    ] GC(24) Relocation: Successful, 7M relocated
[23.229s][info][gc,nmethod  ] GC(24) NMethods: 2418 registered, 0 unregistered
[23.229s][info][gc,metaspace] GC(24) Metaspace: 67M used, 71M capacity, 71M committed, 72M reserved
[23.229s][info][gc,ref      ] GC(24) Soft: 4668 encountered, 0 discovered, 0 enqueued
[23.229s][info][gc,ref      ] GC(24) Weak: 4487 encountered, 3358 discovered, 0 enqueued
[23.229s][info][gc,ref      ] GC(24) Final: 27 encountered, 0 discovered, 0 enqueued
[23.229s][info][gc,ref      ] GC(24) Phantom: 650 encountered, 647 discovered, 0 enqueued
[23.229s][info][gc,heap     ] GC(24)                Mark Start          Mark End        Relocate Start      Relocate End           High               Low         
[23.229s][info][gc,heap     ] GC(24)  Capacity:     1000M (100%)       1000M (100%)       1000M (100%)       1000M (100%)       1000M (100%)       1000M (100%)   
[23.229s][info][gc,heap     ] GC(24)   Reserve:       34M (3%)           34M (3%)           34M (3%)           34M (3%)           34M (3%)           34M (3%)     
[23.229s][info][gc,heap     ] GC(24)      Free:      358M (36%)          32M (3%)          384M (38%)         388M (39%)         388M (39%)          32M (3%)     
[23.229s][info][gc,heap     ] GC(24)      Used:      608M (61%)         934M (93%)         582M (58%)         578M (58%)         934M (93%)         578M (58%)    
[23.229s][info][gc,heap     ] GC(24)      Live:         -               216M (22%)         216M (22%)         216M (22%)            -                  -          
[23.229s][info][gc,heap     ] GC(24) Allocated:         -               326M (33%)         326M (33%)         332M (33%)            -                  -          
[23.229s][info][gc,heap     ] GC(24)   Garbage:         -               391M (39%)          39M (4%)           31M (3%)             -                  -          
[23.229s][info][gc,heap     ] GC(24) Reclaimed:         -                  -               352M (35%)         360M (36%)            -                  -          
[23.229s][info][gc          ] GC(24) Garbage Collection (Allocation Rate) 608M(61%)->578M(58%)
[23.259s][info][gc,start    ] GC(25) Garbage Collection (Allocation Rate)
[23.264s][info][gc,phases   ] GC(25) Pause Mark Start 2.282ms
[23.682s][info][gc,phases   ] GC(25) Concurrent Mark 418.460ms
[23.685s][info][gc,phases   ] GC(25) Pause Mark End 0.250ms
[23.686s][info][gc,phases   ] GC(25) Concurrent Process Non-Strong References 1.459ms
[23.686s][info][gc,phases   ] GC(25) Concurrent Reset Relocation Set 0.002ms
[23.686s][info][gc,phases   ] GC(25) Concurrent Destroy Detached Pages 0.000ms
[23.688s][info][gc,phases   ] GC(25) Concurrent Select Relocation Set 1.526ms
[23.688s][info][gc,phases   ] GC(25) Concurrent Prepare Relocation Set 0.013ms
[23.690s][info][gc,phases   ] GC(25) Pause Relocate Start 1.983ms
[23.693s][info][gc,phases   ] GC(25) Concurrent Relocate 2.767ms
[23.693s][info][gc,load     ] GC(25) Load: 2.29/1.86/1.06
[23.693s][info][gc,mmu      ] GC(25) MMU: 2ms/0.0%, 5ms/3.5%, 10ms/51.7%, 20ms/75.9%, 50ms/89.8%, 100ms/94.9%
[23.693s][info][gc,marking  ] GC(25) Mark: 1 stripe(s), 2 proactive flush(es), 1 terminate flush(es), 0 completion(s), 0 continuation(s) 
[23.693s][info][gc,reloc    ] GC(25) Relocation: Successful, 7M relocated
[23.693s][info][gc,nmethod  ] GC(25) NMethods: 2418 registered, 0 unregistered
[23.693s][info][gc,metaspace] GC(25) Metaspace: 67M used, 71M capacity, 71M committed, 72M reserved
[23.693s][info][gc,ref      ] GC(25) Soft: 4668 encountered, 0 discovered, 0 enqueued
[23.693s][info][gc,ref      ] GC(25) Weak: 4487 encountered, 3358 discovered, 0 enqueued
[23.693s][info][gc,ref      ] GC(25) Final: 27 encountered, 0 discovered, 0 enqueued
[23.693s][info][gc,ref      ] GC(25) Phantom: 650 encountered, 647 discovered, 0 enqueued
[23.693s][info][gc,heap     ] GC(25)                Mark Start          Mark End        Relocate Start      Relocate End           High               Low         
[23.693s][info][gc,heap     ] GC(25)  Capacity:     1000M (100%)       1000M (100%)       1000M (100%)       1000M (100%)       1000M (100%)       1000M (100%)   
[23.693s][info][gc,heap     ] GC(25)   Reserve:       34M (3%)           34M (3%)           34M (3%)           34M (3%)           34M (3%)           34M (3%)     
[23.693s][info][gc,heap     ] GC(25)      Free:      340M (34%)          36M (4%)          406M (41%)         412M (41%)         412M (41%)          36M (4%)     
[23.693s][info][gc,heap     ] GC(25)      Used:      626M (63%)         930M (93%)         560M (56%)         554M (55%)         930M (93%)         554M (55%)    
[23.693s][info][gc,heap     ] GC(25)      Live:         -               216M (22%)         216M (22%)         216M (22%)            -                  -          
[23.693s][info][gc,heap     ] GC(25) Allocated:         -               304M (30%)         304M (30%)         308M (31%)            -                  -          
[23.693s][info][gc,heap     ] GC(25)   Garbage:         -               409M (41%)          39M (4%)           31M (3%)             -                  -          
[23.693s][info][gc,heap     ] GC(25) Reclaimed:         -                  -               370M (37%)         378M (38%)            -                  -          
[23.693s][info][gc          ] GC(25) Garbage Collection (Allocation Rate) 626M(63%)->554M(55%)
[23.760s][info][gc,start    ] GC(26) Garbage Collection (Allocation Rate)
[23.765s][info][gc,phases   ] GC(26) Pause Mark Start 2.675ms
[24.191s][info][gc,heap     ] Page Cache Flushed: 6M requested, 6M(22M->16M) flushed
[24.237s][info][gc,phases   ] GC(26) Concurrent Mark 472.482ms
[24.243s][info][gc,phases   ] GC(26) Pause Mark End 0.534ms
[24.255s][info][gc,phases   ] GC(26) Concurrent Process Non-Strong References 11.820ms
[24.255s][info][gc,phases   ] GC(26) Concurrent Reset Relocation Set 0.003ms
[24.255s][info][gc,phases   ] GC(26) Concurrent Destroy Detached Pages 0.003ms
[24.257s][info][gc,phases   ] GC(26) Concurrent Select Relocation Set 1.615ms
[24.257s][info][gc,phases   ] GC(26) Concurrent Prepare Relocation Set 0.012ms
[24.264s][info][gc,phases   ] GC(26) Pause Relocate Start 2.764ms
[24.265s][info][gc,phases   ] GC(26) Concurrent Relocate 0.757ms
[24.265s][info][gc,load     ] GC(26) Load: 2.29/1.86/1.06
[24.265s][info][gc,mmu      ] GC(26) MMU: 2ms/0.0%, 5ms/3.5%, 10ms/51.7%, 20ms/75.9%, 50ms/89.8%, 100ms/94.9%
[24.265s][info][gc,marking  ] GC(26) Mark: 1 stripe(s), 3 proactive flush(es), 1 terminate flush(es), 0 completion(s), 0 continuation(s) 
[24.265s][info][gc,reloc    ] GC(26) Relocation: Successful, 7M relocated
[24.265s][info][gc,nmethod  ] GC(26) NMethods: 2478 registered, 0 unregistered
[24.265s][info][gc,metaspace] GC(26) Metaspace: 67M used, 71M capacity, 71M committed, 72M reserved
[24.265s][info][gc,ref      ] GC(26) Soft: 4668 encountered, 0 discovered, 0 enqueued
[24.265s][info][gc,ref      ] GC(26) Weak: 4487 encountered, 3356 discovered, 0 enqueued
[24.265s][info][gc,ref      ] GC(26) Final: 27 encountered, 0 discovered, 0 enqueued
[24.265s][info][gc,ref      ] GC(26) Phantom: 650 encountered, 647 discovered, 0 enqueued
[24.265s][info][gc,heap     ] GC(26)                Mark Start          Mark End        Relocate Start      Relocate End           High               Low         
[24.265s][info][gc,heap     ] GC(26)  Capacity:     1000M (100%)       1000M (100%)       1000M (100%)       1000M (100%)       1000M (100%)       1000M (100%)   
[24.265s][info][gc,heap     ] GC(26)   Reserve:       34M (3%)           34M (3%)           34M (3%)           34M (3%)           34M (3%)           34M (3%)     
[24.265s][info][gc,heap     ] GC(26)      Free:      314M (31%)          14M (1%)          410M (41%)         418M (42%)         418M (42%)          14M (1%)     
[24.265s][info][gc,heap     ] GC(26)      Used:      652M (65%)         952M (95%)         556M (56%)         548M (55%)         952M (95%)         548M (55%)    
[24.265s][info][gc,heap     ] GC(26)      Live:         -               216M (22%)         216M (22%)         216M (22%)            -                  -          
[24.265s][info][gc,heap     ] GC(26) Allocated:         -               300M (30%)         300M (30%)         302M (30%)            -                  -          
[24.265s][info][gc,heap     ] GC(26)   Garbage:         -               435M (44%)          39M (4%)           31M (3%)             -                  -          
[24.265s][info][gc,heap     ] GC(26) Reclaimed:         -                  -               396M (40%)         404M (40%)            -                  -          
[24.265s][info][gc          ] GC(26) Garbage Collection (Allocation Rate) 652M(65%)->548M(55%)
[24.268s][info][gc,start    ] GC(27) Garbage Collection (System.gc())
[24.270s][info][gc,phases   ] GC(27) Pause Mark Start 2.375ms
[24.494s][info][gc,phases   ] GC(27) Concurrent Mark 224.067ms
[24.495s][info][gc,phases   ] GC(27) Pause Mark End 0.228ms
[24.496s][info][gc,phases   ] GC(27) Concurrent Process Non-Strong References 1.467ms
[24.496s][info][gc,phases   ] GC(27) Concurrent Reset Relocation Set 0.002ms
[24.496s][info][gc,phases   ] GC(27) Concurrent Destroy Detached Pages 0.000ms
[24.498s][info][gc,phases   ] GC(27) Concurrent Select Relocation Set 1.516ms
[24.498s][info][gc,phases   ] GC(27) Concurrent Prepare Relocation Set 0.014ms
[24.500s][info][gc,phases   ] GC(27) Pause Relocate Start 1.945ms
[24.503s][info][gc,phases   ] GC(27) Concurrent Relocate 3.419ms
[24.504s][info][gc,load     ] GC(27) Load: 2.29/1.86/1.06
[24.504s][info][gc,mmu      ] GC(27) MMU: 2ms/0.0%, 5ms/3.5%, 10ms/48.6%, 20ms/74.3%, 50ms/88.7%, 100ms/94.3%
[24.504s][info][gc,marking  ] GC(27) Mark: 1 stripe(s), 2 proactive flush(es), 1 terminate flush(es), 0 completion(s), 0 continuation(s) 
[24.504s][info][gc,reloc    ] GC(27) Relocation: Successful, 7M relocated
[24.504s][info][gc,nmethod  ] GC(27) NMethods: 2489 registered, 0 unregistered
[24.504s][info][gc,metaspace] GC(27) Metaspace: 67M used, 71M capacity, 71M committed, 72M reserved
[24.504s][info][gc,ref      ] GC(27) Soft: 4669 encountered, 0 discovered, 0 enqueued
[24.504s][info][gc,ref      ] GC(27) Weak: 4545 encountered, 3473 discovered, 118 enqueued
[24.504s][info][gc,ref      ] GC(27) Final: 27 encountered, 0 discovered, 0 enqueued
[24.504s][info][gc,ref      ] GC(27) Phantom: 650 encountered, 647 discovered, 0 enqueued
[24.504s][info][gc,heap     ] GC(27)                Mark Start          Mark End        Relocate Start      Relocate End           High               Low         
[24.504s][info][gc,heap     ] GC(27)  Capacity:     1000M (100%)       1000M (100%)       1000M (100%)       1000M (100%)       1000M (100%)       1000M (100%)   
[24.504s][info][gc,heap     ] GC(27)   Reserve:       34M (3%)           34M (3%)           34M (3%)           34M (3%)           34M (3%)           34M (3%)     
[24.504s][info][gc,heap     ] GC(27)      Free:      418M (42%)         416M (42%)         710M (71%)         716M (72%)         716M (72%)         416M (42%)    
[24.504s][info][gc,heap     ] GC(27)      Used:      548M (55%)         550M (55%)         256M (26%)         250M (25%)         550M (55%)         250M (25%)    
[24.504s][info][gc,heap     ] GC(27)      Live:         -               216M (22%)         216M (22%)         216M (22%)            -                  -          
[24.504s][info][gc,heap     ] GC(27) Allocated:         -                 2M (0%)            2M (0%)            4M (0%)             -                  -          
[24.504s][info][gc,heap     ] GC(27)   Garbage:         -               331M (33%)          37M (4%)           31M (3%)             -                  -          
[24.504s][info][gc,heap     ] GC(27) Reclaimed:         -                  -               294M (29%)         300M (30%)            -                  -          
[24.504s][info][gc          ] GC(27) Garbage Collection (System.gc()) 548M(55%)->250M(25%)
[24.513s][info][gc,heap     ] Page Cache Flushed: 32M requested, 32M(716M->684M) flushed
[24.548s][info][gc,heap     ] Page Cache Flushed: 6M requested, 6M(678M->672M) flushed
[24.559s][info][gc,start    ] GC(28) Garbage Collection (Allocation Rate)
[24.565s][info][gc,phases   ] GC(28) Pause Mark Start 2.831ms
[24.631s][info][gc,heap     ] Page Cache Flushed: 32M requested, 32M(660M->628M) flushed
[24.675s][info][gc,heap     ] Page Cache Flushed: 6M requested, 6M(624M->618M) flushed
[25.274s][info][gc,phases   ] GC(28) Concurrent Mark 709.297ms
[25.277s][info][gc,phases   ] GC(28) Pause Mark End 0.286ms
[25.278s][info][gc,phases   ] GC(28) Concurrent Process Non-Strong References 1.467ms
[25.279s][info][gc,phases   ] GC(28) Concurrent Reset Relocation Set 0.002ms
[25.279s][info][gc,phases   ] GC(28) Concurrent Destroy Detached Pages 0.026ms
[25.280s][info][gc,phases   ] GC(28) Concurrent Select Relocation Set 1.562ms
[25.280s][info][gc,phases   ] GC(28) Concurrent Prepare Relocation Set 0.015ms
[25.282s][info][gc,phases   ] GC(28) Pause Relocate Start 2.045ms
[25.289s][info][gc,phases   ] GC(28) Concurrent Relocate 6.221ms
[25.289s][info][gc,load     ] GC(28) Load: 2.29/1.86/1.06
[25.289s][info][gc,mmu      ] GC(28) MMU: 2ms/0.0%, 5ms/3.5%, 10ms/48.6%, 20ms/74.3%, 50ms/88.7%, 100ms/94.3%
[25.289s][info][gc,marking  ] GC(28) Mark: 1 stripe(s), 2 proactive flush(es), 1 terminate flush(es), 0 completion(s), 0 continuation(s) 
[25.289s][info][gc,reloc    ] GC(28) Relocation: Successful, 7M relocated
[25.289s][info][gc,nmethod  ] GC(28) NMethods: 2570 registered, 0 unregistered
[25.289s][info][gc,metaspace] GC(28) Metaspace: 67M used, 71M capacity, 71M committed, 72M reserved
[25.289s][info][gc,ref      ] GC(28) Soft: 4672 encountered, 0 discovered, 0 enqueued
[25.289s][info][gc,ref      ] GC(28) Weak: 4506 encountered, 3428 discovered, 4 enqueued
[25.289s][info][gc,ref      ] GC(28) Final: 27 encountered, 0 discovered, 0 enqueued
[25.289s][info][gc,ref      ] GC(28) Phantom: 650 encountered, 647 discovered, 0 enqueued
[25.289s][info][gc,heap     ] GC(28)                Mark Start          Mark End        Relocate Start      Relocate End           High               Low         
[25.289s][info][gc,heap     ] GC(28)  Capacity:     1000M (100%)       1000M (100%)       1000M (100%)       1000M (100%)       1000M (100%)       1000M (100%)   
[25.289s][info][gc,heap     ] GC(28)   Reserve:       34M (3%)           34M (3%)           34M (3%)           34M (3%)           34M (3%)           34M (3%)     
[25.289s][info][gc,heap     ] GC(28)      Free:      670M (67%)         360M (36%)         398M (40%)         402M (40%)         670M (67%)         360M (36%)    
[25.289s][info][gc,heap     ] GC(28)      Used:      296M (30%)         606M (61%)         568M (57%)         564M (56%)         606M (61%)         296M (30%)    
[25.289s][info][gc,heap     ] GC(28)      Live:         -               216M (22%)         216M (22%)         216M (22%)            -                  -          
[25.289s][info][gc,heap     ] GC(28) Allocated:         -               310M (31%)         310M (31%)         318M (32%)            -                  -          
[25.289s][info][gc,heap     ] GC(28)   Garbage:         -                79M (8%)           41M (4%)           31M (3%)             -                  -          
[25.289s][info][gc,heap     ] GC(28) Reclaimed:         -                  -                38M (4%)           48M (5%)             -                  -          
[25.289s][info][gc          ] GC(28) Garbage Collection (Allocation Rate) 296M(30%)->564M(56%)
[25.359s][info][gc,start    ] GC(29) Garbage Collection (Allocation Rate)
[25.368s][info][gc,phases   ] GC(29) Pause Mark Start 2.625ms
[25.889s][info][gc,heap     ] Page Cache Flushed: 2M requested, 6M(38M->32M) flushed
[25.891s][info][gc,phases   ] GC(29) Concurrent Mark 522.113ms
[25.893s][info][gc,phases   ] GC(29) Pause Mark End 0.279ms
[25.895s][info][gc,phases   ] GC(29) Concurrent Process Non-Strong References 1.477ms
[25.895s][info][gc,phases   ] GC(29) Concurrent Reset Relocation Set 0.002ms
[25.895s][info][gc,phases   ] GC(29) Concurrent Destroy Detached Pages 0.003ms
[25.899s][info][gc,phases   ] GC(29) Concurrent Select Relocation Set 4.169ms
[25.899s][info][gc,phases   ] GC(29) Concurrent Prepare Relocation Set 0.018ms
[25.905s][info][gc,phases   ] GC(29) Pause Relocate Start 3.127ms
[25.912s][info][gc,phases   ] GC(29) Concurrent Relocate 6.685ms
[25.912s][info][gc,load     ] GC(29) Load: 2.34/1.88/1.07
[25.912s][info][gc,mmu      ] GC(29) MMU: 2ms/0.0%, 5ms/3.5%, 10ms/48.6%, 20ms/74.3%, 50ms/88.7%, 100ms/94.3%
[25.912s][info][gc,marking  ] GC(29) Mark: 1 stripe(s), 2 proactive flush(es), 1 terminate flush(es), 0 completion(s), 0 continuation(s) 
[25.912s][info][gc,reloc    ] GC(29) Relocation: Successful, 7M relocated
[25.912s][info][gc,nmethod  ] GC(29) NMethods: 2575 registered, 0 unregistered
[25.912s][info][gc,metaspace] GC(29) Metaspace: 67M used, 71M capacity, 71M committed, 72M reserved
[25.912s][info][gc,ref      ] GC(29) Soft: 4677 encountered, 0 discovered, 0 enqueued
[25.912s][info][gc,ref      ] GC(29) Weak: 4609 encountered, 3461 discovered, 70 enqueued
[25.912s][info][gc,ref      ] GC(29) Final: 27 encountered, 0 discovered, 0 enqueued
[25.912s][info][gc,ref      ] GC(29) Phantom: 650 encountered, 647 discovered, 0 enqueued
[25.912s][info][gc,heap     ] GC(29)                Mark Start          Mark End        Relocate Start      Relocate End           High               Low         
[25.912s][info][gc,heap     ] GC(29)  Capacity:     1000M (100%)       1000M (100%)       1000M (100%)       1000M (100%)       1000M (100%)       1000M (100%)   
[25.912s][info][gc,heap     ] GC(29)   Reserve:       34M (3%)           34M (3%)           34M (3%)           34M (3%)           34M (3%)           34M (3%)     
[25.912s][info][gc,heap     ] GC(29)      Free:      354M (35%)          36M (4%)          380M (38%)         398M (40%)         398M (40%)          36M (4%)     
[25.912s][info][gc,heap     ] GC(29)      Used:      612M (61%)         930M (93%)         586M (59%)         568M (57%)         930M (93%)         568M (57%)    
[25.912s][info][gc,heap     ] GC(29)      Live:         -               216M (22%)         216M (22%)         216M (22%)            -                  -          
[25.912s][info][gc,heap     ] GC(29) Allocated:         -               318M (32%)         320M (32%)         322M (32%)            -                  -          
[25.912s][info][gc,heap     ] GC(29)   Garbage:         -               395M (40%)          49M (5%)           31M (3%)             -                  -          
[25.912s][info][gc,heap     ] GC(29) Reclaimed:         -                  -               346M (35%)         364M (36%)            -                  -          
[25.912s][info][gc          ] GC(29) Garbage Collection (Allocation Rate) 612M(61%)->568M(57%)
[25.959s][info][gc,start    ] GC(30) Garbage Collection (Allocation Rate)
[25.964s][info][gc,phases   ] GC(30) Pause Mark Start 2.393ms
[26.363s][info][gc,heap     ] Page Cache Flushed: 2M requested, 6M(70M->64M) flushed
[26.373s][info][gc,heap     ] Page Cache Flushed: 2M requested, 32M(64M->32M) flushed
[26.410s][info][gc,phases   ] GC(30) Concurrent Mark 446.052ms
[26.413s][info][gc,phases   ] GC(30) Pause Mark End 0.290ms
[26.414s][info][gc,phases   ] GC(30) Concurrent Process Non-Strong References 1.478ms
[26.414s][info][gc,phases   ] GC(30) Concurrent Reset Relocation Set 0.004ms
[26.414s][info][gc,phases   ] GC(30) Concurrent Destroy Detached Pages 0.004ms
[26.416s][info][gc,phases   ] GC(30) Concurrent Select Relocation Set 1.520ms
[26.416s][info][gc,phases   ] GC(30) Concurrent Prepare Relocation Set 0.015ms
[26.418s][info][gc,phases   ] GC(30) Pause Relocate Start 2.002ms
[26.425s][info][gc,phases   ] GC(30) Concurrent Relocate 6.442ms
[26.425s][info][gc,load     ] GC(30) Load: 2.34/1.88/1.07
[26.425s][info][gc,mmu      ] GC(30) MMU: 2ms/0.0%, 5ms/3.5%, 10ms/48.6%, 20ms/74.3%, 50ms/88.7%, 100ms/94.2%
[26.425s][info][gc,marking  ] GC(30) Mark: 1 stripe(s), 2 proactive flush(es), 1 terminate flush(es), 0 completion(s), 0 continuation(s) 
[26.425s][info][gc,reloc    ] GC(30) Relocation: Successful, 7M relocated
[26.425s][info][gc,nmethod  ] GC(30) NMethods: 2577 registered, 0 unregistered
[26.425s][info][gc,metaspace] GC(30) Metaspace: 67M used, 71M capacity, 71M committed, 72M reserved
[26.425s][info][gc,ref      ] GC(30) Soft: 4677 encountered, 0 discovered, 0 enqueued
[26.425s][info][gc,ref      ] GC(30) Weak: 4547 encountered, 3414 discovered, 19 enqueued
[26.425s][info][gc,ref      ] GC(30) Final: 27 encountered, 0 discovered, 0 enqueued
[26.425s][info][gc,ref      ] GC(30) Phantom: 650 encountered, 647 discovered, 0 enqueued
[26.425s][info][gc,heap     ] GC(30)                Mark Start          Mark End        Relocate Start      Relocate End           High               Low         
[26.425s][info][gc,heap     ] GC(30)  Capacity:     1000M (100%)       1000M (100%)       1000M (100%)       1000M (100%)       1000M (100%)       1000M (100%)   
[26.425s][info][gc,heap     ] GC(30)   Reserve:       34M (3%)           34M (3%)           34M (3%)           34M (3%)           34M (3%)           34M (3%)     
[26.425s][info][gc,heap     ] GC(30)      Free:      354M (35%)          42M (4%)          388M (39%)         398M (40%)         398M (40%)          42M (4%)     
[26.425s][info][gc,heap     ] GC(30)      Used:      612M (61%)         924M (92%)         578M (58%)         568M (57%)         924M (92%)         568M (57%)    
[26.425s][info][gc,heap     ] GC(30)      Live:         -               216M (22%)         216M (22%)         216M (22%)            -                  -          
[26.425s][info][gc,heap     ] GC(30) Allocated:         -               312M (31%)         312M (31%)         322M (32%)            -                  -          
[26.425s][info][gc,heap     ] GC(30)   Garbage:         -               395M (40%)          49M (5%)           31M (3%)             -                  -          
[26.425s][info][gc,heap     ] GC(30) Reclaimed:         -                  -               346M (35%)         364M (36%)            -                  -          
[26.425s][info][gc          ] GC(30) Garbage Collection (Allocation Rate) 612M(61%)->568M(57%)
[26.459s][info][gc,start    ] GC(31) Garbage Collection (Allocation Rate)
[26.464s][info][gc,phases   ] GC(31) Pause Mark Start 2.412ms
[26.930s][info][gc,phases   ] GC(31) Concurrent Mark 466.132ms
[26.933s][info][gc,phases   ] GC(31) Pause Mark End 0.286ms
[26.934s][info][gc,phases   ] GC(31) Concurrent Process Non-Strong References 1.543ms
[26.934s][info][gc,phases   ] GC(31) Concurrent Reset Relocation Set 0.003ms
[26.934s][info][gc,phases   ] GC(31) Concurrent Destroy Detached Pages 0.000ms
[26.936s][info][gc,phases   ] GC(31) Concurrent Select Relocation Set 1.635ms
[26.936s][info][gc,phases   ] GC(31) Concurrent Prepare Relocation Set 0.013ms
[26.938s][info][gc,phases   ] GC(31) Pause Relocate Start 2.226ms
[26.942s][info][gc,phases   ] GC(31) Concurrent Relocate 3.112ms
[26.942s][info][gc,load     ] GC(31) Load: 2.34/1.88/1.07
[26.942s][info][gc,mmu      ] GC(31) MMU: 2ms/0.0%, 5ms/3.5%, 10ms/48.6%, 20ms/74.3%, 50ms/88.7%, 100ms/94.2%
[26.942s][info][gc,marking  ] GC(31) Mark: 1 stripe(s), 2 proactive flush(es), 1 terminate flush(es), 0 completion(s), 0 continuation(s) 
[26.942s][info][gc,reloc    ] GC(31) Relocation: Successful, 7M relocated
[26.942s][info][gc,nmethod  ] GC(31) NMethods: 2577 registered, 0 unregistered
[26.942s][info][gc,metaspace] GC(31) Metaspace: 67M used, 71M capacity, 71M committed, 72M reserved
[26.942s][info][gc,ref      ] GC(31) Soft: 4677 encountered, 0 discovered, 0 enqueued
[26.942s][info][gc,ref      ] GC(31) Weak: 4528 encountered, 3395 discovered, 0 enqueued
[26.942s][info][gc,ref      ] GC(31) Final: 27 encountered, 0 discovered, 0 enqueued
[26.942s][info][gc,ref      ] GC(31) Phantom: 650 encountered, 647 discovered, 0 enqueued
[26.942s][info][gc,heap     ] GC(31)                Mark Start          Mark End        Relocate Start      Relocate End           High               Low         
[26.942s][info][gc,heap     ] GC(31)  Capacity:     1000M (100%)       1000M (100%)       1000M (100%)       1000M (100%)       1000M (100%)       1000M (100%)   
[26.942s][info][gc,heap     ] GC(31)   Reserve:       34M (3%)           34M (3%)           34M (3%)           34M (3%)           34M (3%)           34M (3%)     
[26.942s][info][gc,heap     ] GC(31)      Free:      346M (35%)          32M (3%)          396M (40%)         400M (40%)         400M (40%)          32M (3%)     
[26.942s][info][gc,heap     ] GC(31)      Used:      620M (62%)         934M (93%)         570M (57%)         566M (57%)         934M (93%)         566M (57%)    
[26.942s][info][gc,heap     ] GC(31)      Live:         -               216M (22%)         216M (22%)         216M (22%)            -                  -          
[26.942s][info][gc,heap     ] GC(31) Allocated:         -               314M (31%)         314M (31%)         320M (32%)            -                  -          
[26.942s][info][gc,heap     ] GC(31)   Garbage:         -               403M (40%)          39M (4%)           33M (3%)             -                  -          
[26.942s][info][gc,heap     ] GC(31) Reclaimed:         -                  -               364M (36%)         370M (37%)            -                  -          
[26.942s][info][gc          ] GC(31) Garbage Collection (Allocation Rate) 620M(62%)->566M(57%)
[26.960s][info][gc,start    ] GC(32) Garbage Collection (Allocation Rate)
[26.965s][info][gc,phases   ] GC(32) Pause Mark Start 2.485ms
[27.461s][info][gc,phases   ] GC(32) Concurrent Mark 496.437ms
[27.464s][info][gc,phases   ] GC(32) Pause Mark End 0.287ms
[27.465s][info][gc,phases   ] GC(32) Concurrent Process Non-Strong References 1.454ms
[27.465s][info][gc,phases   ] GC(32) Concurrent Reset Relocation Set 0.002ms
[27.465s][info][gc,phases   ] GC(32) Concurrent Destroy Detached Pages 0.000ms
[27.467s][info][gc,phases   ] GC(32) Concurrent Select Relocation Set 1.544ms
[27.467s][info][gc,phases   ] GC(32) Concurrent Prepare Relocation Set 0.017ms
[27.469s][info][gc,phases   ] GC(32) Pause Relocate Start 2.035ms
[27.477s][info][gc,phases   ] GC(32) Concurrent Relocate 7.338ms
[27.477s][info][gc,load     ] GC(32) Load: 2.34/1.88/1.07
[27.477s][info][gc,mmu      ] GC(32) MMU: 2ms/0.0%, 5ms/3.5%, 10ms/48.6%, 20ms/74.3%, 50ms/88.7%, 100ms/94.2%
[27.477s][info][gc,marking  ] GC(32) Mark: 1 stripe(s), 2 proactive flush(es), 1 terminate flush(es), 0 completion(s), 0 continuation(s) 
[27.477s][info][gc,reloc    ] GC(32) Relocation: Successful, 7M relocated
[27.477s][info][gc,nmethod  ] GC(32) NMethods: 2577 registered, 0 unregistered
[27.477s][info][gc,metaspace] GC(32) Metaspace: 67M used, 71M capacity, 71M committed, 72M reserved
[27.477s][info][gc,ref      ] GC(32) Soft: 4677 encountered, 0 discovered, 0 enqueued
[27.477s][info][gc,ref      ] GC(32) Weak: 4528 encountered, 3395 discovered, 0 enqueued
[27.477s][info][gc,ref      ] GC(32) Final: 27 encountered, 0 discovered, 0 enqueued
[27.477s][info][gc,ref      ] GC(32) Phantom: 650 encountered, 647 discovered, 0 enqueued
[27.477s][info][gc,heap     ] GC(32)                Mark Start          Mark End        Relocate Start      Relocate End           High               Low         
[27.477s][info][gc,heap     ] GC(32)  Capacity:     1000M (100%)       1000M (100%)       1000M (100%)       1000M (100%)       1000M (100%)       1000M (100%)   
[27.477s][info][gc,heap     ] GC(32)   Reserve:       34M (3%)           34M (3%)           34M (3%)           34M (3%)           34M (3%)           34M (3%)     
[27.477s][info][gc,heap     ] GC(32)      Free:      376M (38%)          66M (7%)          400M (40%)         398M (40%)         400M (40%)          66M (7%)     
[27.477s][info][gc,heap     ] GC(32)      Used:      590M (59%)         900M (90%)         566M (57%)         568M (57%)         900M (90%)         566M (57%)    
[27.477s][info][gc,heap     ] GC(32)      Live:         -               216M (22%)         216M (22%)         216M (22%)            -                  -          
[27.477s][info][gc,heap     ] GC(32) Allocated:         -               310M (31%)         310M (31%)         322M (32%)            -                  -          
[27.477s][info][gc,heap     ] GC(32)   Garbage:         -               373M (37%)          39M (4%)           31M (3%)             -                  -          
[27.477s][info][gc,heap     ] GC(32) Reclaimed:         -                  -               334M (33%)         342M (34%)            -                  -          
[27.477s][info][gc          ] GC(32) Garbage Collection (Allocation Rate) 590M(59%)->568M(57%)
[27.559s][info][gc,start    ] GC(33) Garbage Collection (Allocation Rate)
[27.564s][info][gc,phases   ] GC(33) Pause Mark Start 2.347ms
[27.930s][info][gc,heap     ] Page Cache Flushed: 2M requested, 32M(32M->0M) flushed
[27.991s][info][gc,phases   ] GC(33) Concurrent Mark 427.221ms
[27.991s][info][gc,phases   ] GC(33) Pause Mark End 0.290ms
[27.993s][info][gc,phases   ] GC(33) Concurrent Process Non-Strong References 1.456ms
[27.993s][info][gc,phases   ] GC(33) Concurrent Reset Relocation Set 0.003ms
[27.993s][info][gc,phases   ] GC(33) Concurrent Destroy Detached Pages 0.003ms
[27.994s][info][gc,phases   ] GC(33) Concurrent Select Relocation Set 1.518ms
[27.994s][info][gc,phases   ] GC(33) Concurrent Prepare Relocation Set 0.014ms
[27.997s][info][gc,phases   ] GC(33) Pause Relocate Start 2.246ms
[27.997s][info][gc          ] Allocation Stall (Executor task launch worker for task 0.0 in stage 7.0 (TID 7)) 15.119ms
[28.004s][info][gc,phases   ] GC(33) Concurrent Relocate 4.770ms
[28.004s][info][gc,load     ] GC(33) Load: 2.34/1.88/1.07
[28.004s][info][gc,mmu      ] GC(33) MMU: 2ms/0.0%, 5ms/3.5%, 10ms/48.6%, 20ms/74.3%, 50ms/88.7%, 100ms/94.2%
[28.004s][info][gc,marking  ] GC(33) Mark: 1 stripe(s), 2 proactive flush(es), 1 terminate flush(es), 0 completion(s), 0 continuation(s) 
[28.004s][info][gc,reloc    ] GC(33) Relocation: Successful, 7M relocated
[28.004s][info][gc,nmethod  ] GC(33) NMethods: 2583 registered, 0 unregistered
[28.004s][info][gc,metaspace] GC(33) Metaspace: 67M used, 71M capacity, 71M committed, 72M reserved
[28.004s][info][gc,ref      ] GC(33) Soft: 4677 encountered, 0 discovered, 0 enqueued
[28.004s][info][gc,ref      ] GC(33) Weak: 4528 encountered, 3416 discovered, 0 enqueued
[28.004s][info][gc,ref      ] GC(33) Final: 27 encountered, 0 discovered, 0 enqueued
[28.004s][info][gc,ref      ] GC(33) Phantom: 650 encountered, 647 discovered, 0 enqueued
[28.004s][info][gc,heap     ] GC(33)                Mark Start          Mark End        Relocate Start      Relocate End           High               Low         
[28.004s][info][gc,heap     ] GC(33)  Capacity:     1000M (100%)       1000M (100%)       1000M (100%)       1000M (100%)       1000M (100%)       1000M (100%)   
[28.004s][info][gc,heap     ] GC(33)   Reserve:       34M (3%)           34M (3%)           34M (3%)           34M (3%)           34M (3%)           34M (3%)     
[28.004s][info][gc,heap     ] GC(33)      Free:      274M (27%)           0M (0%)          434M (43%)         434M (43%)         434M (43%)           0M (0%)     
[28.005s][info][gc,heap     ] GC(33)      Used:      692M (69%)         966M (97%)         532M (53%)         532M (53%)         966M (97%)         532M (53%)    
[28.005s][info][gc,heap     ] GC(33)      Live:         -               216M (22%)         216M (22%)         216M (22%)            -                  -          
[28.005s][info][gc,heap     ] GC(33) Allocated:         -               274M (27%)         276M (28%)         288M (29%)            -                  -          
[28.005s][info][gc,heap     ] GC(33)   Garbage:         -               475M (48%)          39M (4%)           33M (3%)             -                  -          
[28.005s][info][gc,heap     ] GC(33) Reclaimed:         -                  -               436M (44%)         442M (44%)            -                  -          
[28.005s][info][gc          ] GC(33) Garbage Collection (Allocation Rate) 692M(69%)->532M(53%)
[28.059s][info][gc,start    ] GC(34) Garbage Collection (Allocation Rate)
[28.066s][info][gc,phases   ] GC(34) Pause Mark Start 4.061ms
[28.508s][info][gc,phases   ] GC(34) Concurrent Mark 441.675ms
[28.510s][info][gc,phases   ] GC(34) Pause Mark End 0.286ms
[28.512s][info][gc,phases   ] GC(34) Concurrent Process Non-Strong References 1.501ms
[28.512s][info][gc,phases   ] GC(34) Concurrent Reset Relocation Set 0.003ms
[28.512s][info][gc,phases   ] GC(34) Concurrent Destroy Detached Pages 0.001ms
[28.513s][info][gc,phases   ] GC(34) Concurrent Select Relocation Set 1.526ms
[28.514s][info][gc,phases   ] GC(34) Concurrent Prepare Relocation Set 0.014ms
[28.516s][info][gc,phases   ] GC(34) Pause Relocate Start 2.069ms
[28.520s][info][gc,phases   ] GC(34) Concurrent Relocate 4.408ms
[28.520s][info][gc,load     ] GC(34) Load: 2.34/1.88/1.07
[28.520s][info][gc,mmu      ] GC(34) MMU: 2ms/0.0%, 5ms/3.5%, 10ms/48.6%, 20ms/74.3%, 50ms/88.7%, 100ms/93.4%
[28.520s][info][gc,marking  ] GC(34) Mark: 1 stripe(s), 2 proactive flush(es), 1 terminate flush(es), 0 completion(s), 0 continuation(s) 
[28.520s][info][gc,reloc    ] GC(34) Relocation: Successful, 7M relocated
[28.520s][info][gc,nmethod  ] GC(34) NMethods: 2583 registered, 0 unregistered
[28.520s][info][gc,metaspace] GC(34) Metaspace: 67M used, 71M capacity, 71M committed, 72M reserved
[28.520s][info][gc,ref      ] GC(34) Soft: 4677 encountered, 0 discovered, 0 enqueued
[28.520s][info][gc,ref      ] GC(34) Weak: 4527 encountered, 3392 discovered, 2 enqueued
[28.520s][info][gc,ref      ] GC(34) Final: 27 encountered, 0 discovered, 0 enqueued
[28.520s][info][gc,ref      ] GC(34) Phantom: 650 encountered, 647 discovered, 0 enqueued
[28.520s][info][gc,heap     ] GC(34)                Mark Start          Mark End        Relocate Start      Relocate End           High               Low         
[28.520s][info][gc,heap     ] GC(34)  Capacity:     1000M (100%)       1000M (100%)       1000M (100%)       1000M (100%)       1000M (100%)       1000M (100%)   
[28.520s][info][gc,heap     ] GC(34)   Reserve:       34M (3%)           34M (3%)           34M (3%)           34M (3%)           34M (3%)           34M (3%)     
[28.520s][info][gc,heap     ] GC(34)      Free:      390M (39%)          72M (7%)          392M (39%)         396M (40%)         396M (40%)          72M (7%)     
[28.520s][info][gc,heap     ] GC(34)      Used:      576M (58%)         894M (89%)         574M (57%)         570M (57%)         894M (89%)         570M (57%)    
[28.520s][info][gc,heap     ] GC(34)      Live:         -               216M (22%)         216M (22%)         216M (22%)            -                  -          
[28.520s][info][gc,heap     ] GC(34) Allocated:         -               318M (32%)         318M (32%)         324M (32%)            -                  -          
[28.520s][info][gc,heap     ] GC(34)   Garbage:         -               359M (36%)          39M (4%)           31M (3%)             -                  -          
[28.520s][info][gc,heap     ] GC(34) Reclaimed:         -                  -               320M (32%)         328M (33%)            -                  -          
[28.520s][info][gc          ] GC(34) Garbage Collection (Allocation Rate) 576M(58%)->570M(57%)
[28.560s][info][gc,start    ] GC(35) Garbage Collection (Allocation Rate)
[28.567s][info][gc,phases   ] GC(35) Pause Mark Start 5.083ms
[28.692s][info][gc,heap     ] Page Cache Flushed: 6M requested, 6M(296M->290M) flushed
[28.952s][info][gc,phases   ] GC(35) Concurrent Mark 384.319ms
[28.952s][info][gc,phases   ] GC(35) Pause Mark End 0.308ms
[28.954s][info][gc,phases   ] GC(35) Concurrent Process Non-Strong References 1.407ms
[28.954s][info][gc,phases   ] GC(35) Concurrent Reset Relocation Set 0.003ms
[28.954s][info][gc,phases   ] GC(35) Concurrent Destroy Detached Pages 0.004ms
[28.956s][info][gc,phases   ] GC(35) Concurrent Select Relocation Set 1.682ms
[28.956s][info][gc,phases   ] GC(35) Concurrent Prepare Relocation Set 0.012ms
[28.958s][info][gc,phases   ] GC(35) Pause Relocate Start 2.033ms
[28.959s][info][gc,phases   ] GC(35) Concurrent Relocate 0.852ms
[28.959s][info][gc,load     ] GC(35) Load: 2.34/1.88/1.07
[28.959s][info][gc,mmu      ] GC(35) MMU: 2ms/0.0%, 5ms/0.0%, 10ms/48.6%, 20ms/74.3%, 50ms/88.7%, 100ms/92.6%
[28.959s][info][gc,marking  ] GC(35) Mark: 1 stripe(s), 2 proactive flush(es), 1 terminate flush(es), 0 completion(s), 0 continuation(s) 
[28.959s][info][gc,reloc    ] GC(35) Relocation: Successful, 7M relocated
[28.959s][info][gc,nmethod  ] GC(35) NMethods: 2645 registered, 0 unregistered
[28.959s][info][gc,metaspace] GC(35) Metaspace: 67M used, 71M capacity, 71M committed, 72M reserved
[28.959s][info][gc,ref      ] GC(35) Soft: 4677 encountered, 0 discovered, 0 enqueued
[28.959s][info][gc,ref      ] GC(35) Weak: 4525 encountered, 3443 discovered, 0 enqueued
[28.959s][info][gc,ref      ] GC(35) Final: 27 encountered, 0 discovered, 0 enqueued
[28.959s][info][gc,ref      ] GC(35) Phantom: 650 encountered, 647 discovered, 0 enqueued
[28.959s][info][gc,heap     ] GC(35)                Mark Start          Mark End        Relocate Start      Relocate End           High               Low         
[28.959s][info][gc,heap     ] GC(35)  Capacity:     1000M (100%)       1000M (100%)       1000M (100%)       1000M (100%)       1000M (100%)       1000M (100%)   
[28.959s][info][gc,heap     ] GC(35)   Reserve:       34M (3%)           34M (3%)           34M (3%)           34M (3%)           34M (3%)           34M (3%)     
[28.959s][info][gc,heap     ] GC(35)      Free:      340M (34%)         288M (29%)         660M (66%)         666M (67%)         666M (67%)         288M (29%)    
[28.959s][info][gc,heap     ] GC(35)      Used:      626M (63%)         678M (68%)         306M (31%)         300M (30%)         678M (68%)         300M (30%)    
[28.959s][info][gc,heap     ] GC(35)      Live:         -               216M (22%)         216M (22%)         216M (22%)            -                  -          
[28.959s][info][gc,heap     ] GC(35) Allocated:         -                52M (5%)           52M (5%)           54M (5%)             -                  -          
[28.959s][info][gc,heap     ] GC(35)   Garbage:         -               409M (41%)          37M (4%)           31M (3%)             -                  -          
[28.959s][info][gc,heap     ] GC(35) Reclaimed:         -                  -               372M (37%)         378M (38%)            -                  -          
[28.959s][info][gc          ] GC(35) Garbage Collection (Allocation Rate) 626M(63%)->300M(30%)
[28.959s][info][gc,start    ] GC(36) Garbage Collection (System.gc())
[28.961s][info][gc,phases   ] GC(36) Pause Mark Start 2.430ms
[29.172s][info][gc,phases   ] GC(36) Concurrent Mark 210.700ms
[29.173s][info][gc,phases   ] GC(36) Pause Mark End 0.267ms
[29.174s][info][gc,phases   ] GC(36) Concurrent Process Non-Strong References 1.471ms
[29.174s][info][gc,phases   ] GC(36) Concurrent Reset Relocation Set 0.003ms
[29.174s][info][gc,phases   ] GC(36) Concurrent Destroy Detached Pages 0.000ms
[29.176s][info][gc,phases   ] GC(36) Concurrent Select Relocation Set 1.517ms
[29.176s][info][gc,phases   ] GC(36) Concurrent Prepare Relocation Set 0.013ms
[29.178s][info][gc,phases   ] GC(36) Pause Relocate Start 2.148ms
[29.180s][info][gc,phases   ] GC(36) Concurrent Relocate 1.903ms
[29.180s][info][gc,load     ] GC(36) Load: 2.34/1.88/1.07
[29.180s][info][gc,mmu      ] GC(36) MMU: 2ms/0.0%, 5ms/0.0%, 10ms/48.6%, 20ms/74.3%, 50ms/88.7%, 100ms/92.6%
[29.180s][info][gc,marking  ] GC(36) Mark: 1 stripe(s), 2 proactive flush(es), 1 terminate flush(es), 0 completion(s), 0 continuation(s) 
[29.180s][info][gc,reloc    ] GC(36) Relocation: Successful, 7M relocated
[29.180s][info][gc,nmethod  ] GC(36) NMethods: 2646 registered, 0 unregistered
[29.180s][info][gc,metaspace] GC(36) Metaspace: 67M used, 71M capacity, 71M committed, 72M reserved
[29.180s][info][gc,ref      ] GC(36) Soft: 4677 encountered, 0 discovered, 0 enqueued
[29.180s][info][gc,ref      ] GC(36) Weak: 4596 encountered, 3536 discovered, 118 enqueued
[29.180s][info][gc,ref      ] GC(36) Final: 27 encountered, 0 discovered, 0 enqueued
[29.180s][info][gc,ref      ] GC(36) Phantom: 650 encountered, 647 discovered, 0 enqueued
[29.180s][info][gc,heap     ] GC(36)                Mark Start          Mark End        Relocate Start      Relocate End           High               Low         
[29.180s][info][gc,heap     ] GC(36)  Capacity:     1000M (100%)       1000M (100%)       1000M (100%)       1000M (100%)       1000M (100%)       1000M (100%)   
[29.180s][info][gc,heap     ] GC(36)   Reserve:       34M (3%)           34M (3%)           34M (3%)           34M (3%)           34M (3%)           34M (3%)     
[29.180s][info][gc,heap     ] GC(36)      Free:      666M (67%)         664M (66%)         710M (71%)         714M (71%)         714M (71%)         664M (66%)    
[29.180s][info][gc,heap     ] GC(36)      Used:      300M (30%)         302M (30%)         256M (26%)         252M (25%)         302M (30%)         252M (25%)    
[29.180s][info][gc,heap     ] GC(36)      Live:         -               216M (22%)         216M (22%)         216M (22%)            -                  -          
[29.180s][info][gc,heap     ] GC(36) Allocated:         -                 2M (0%)            2M (0%)            6M (1%)             -                  -          
[29.180s][info][gc,heap     ] GC(36)   Garbage:         -                83M (8%)           37M (4%)           31M (3%)             -                  -          
[29.180s][info][gc,heap     ] GC(36) Reclaimed:         -                  -                46M (5%)           52M (5%)             -                  -          
[29.180s][info][gc          ] GC(36) Garbage Collection (System.gc()) 300M(30%)->252M(25%)
[29.189s][info][gc,heap     ] Page Cache Flushed: 32M requested, 32M(714M->682M) flushed
[29.231s][info][gc,heap     ] Page Cache Flushed: 6M requested, 6M(676M->670M) flushed
[29.308s][info][gc,heap     ] Page Cache Flushed: 6M requested, 6M(660M->654M) flushed
[29.459s][info][gc,start    ] GC(37) Garbage Collection (Allocation Rate)
[29.465s][info][gc,phases   ] GC(37) Pause Mark Start 2.538ms
[30.064s][info][gc,stats    ] === Garbage Collection Statistics =======================================================================================================================
[30.068s][info][gc,stats    ]                                                              Last 10s              Last 10m              Last 10h                Total
[30.068s][info][gc,stats    ]                                                              Avg / Max             Avg / Max             Avg / Max             Avg / Max
[30.068s][info][gc,stats    ]   Collector: Garbage Collection Cycle                    480.609 / 786.535     473.325 / 1112.366    473.325 / 1112.366    473.325 / 1112.366    ms
[30.068s][info][gc,stats    ]  Contention: Mark Segment Reset Contention                     0 / 0                 0 / 0                 0 / 0                 0 / 0           ops/s
[30.068s][info][gc,stats    ]  Contention: Mark SeqNum Reset Contention                      0 / 0                 0 / 0                 0 / 0                 0 / 0           ops/s
[30.068s][info][gc,stats    ]  Contention: Relocation Contention                             0 / 0                 0 / 1                 0 / 1                 0 / 1           ops/s
[30.068s][info][gc,stats    ]    Critical: Allocation Stall                             23.831 / 32.544       59.760 / 252.291      59.760 / 252.291      59.760 / 252.291     ms
[30.068s][info][gc,stats    ]    Critical: Allocation Stall                                  0 / 1                 0 / 5                 0 / 5                 0 / 5           ops/s
[30.068s][info][gc,stats    ]    Critical: GC Locker Stall                               0.000 / 0.000         3.908 / 3.908         3.908 / 3.908         3.908 / 3.908       ms
[30.068s][info][gc,stats    ]    Critical: GC Locker Stall                                   0 / 0                 0 / 1                 0 / 1                 0 / 1           ops/s
[30.068s][info][gc,stats    ]      Memory: Allocation Rate                                 568 / 796             403 / 928             403 / 928             403 / 928         MB/s
[30.068s][info][gc,stats    ]      Memory: Heap Used After Mark                            806 / 966             708 / 966             708 / 966             708 / 966         MB
[30.068s][info][gc,stats    ]      Memory: Heap Used After Relocation                      493 / 578             436 / 802             436 / 802             436 / 802         MB
[30.068s][info][gc,stats    ]      Memory: Heap Used Before Mark                           570 / 702             507 / 822             507 / 822             507 / 822         MB
[30.068s][info][gc,stats    ]      Memory: Heap Used Before Relocation                     503 / 594             495 / 966             495 / 966             495 / 966         MB
[30.068s][info][gc,stats    ]      Memory: Out Of Memory                                     0 / 0                 0 / 0                 0 / 0                 0 / 0           ops/s
[30.068s][info][gc,stats    ]      Memory: Page Cache Flush                                 28 / 82               19 / 102              19 / 102              19 / 102         MB/s
[30.068s][info][gc,stats    ]      Memory: Page Cache Hit L1                               271 / 400             182 / 465             182 / 465             182 / 465         ops/s
[30.068s][info][gc,stats    ]      Memory: Page Cache Hit L2                                 0 / 0                 0 / 0                 0 / 0                 0 / 0           ops/s
[30.068s][info][gc,stats    ]      Memory: Page Cache Miss                                   8 / 30               19 / 164              19 / 164              19 / 164         ops/s
[30.068s][info][gc,stats    ]      Memory: Undo Object Allocation Failed                     0 / 0                 0 / 0                 0 / 0                 0 / 0           ops/s
[30.068s][info][gc,stats    ]      Memory: Undo Object Allocation Succeeded                  0 / 0                 0 / 1                 0 / 1                 0 / 1           ops/s
[30.068s][info][gc,stats    ]      Memory: Undo Page Allocation                              0 / 1                 0 / 1                 0 / 1                 0 / 1           ops/s
[30.068s][info][gc,stats    ]       Phase: Concurrent Destroy Detached Pages             0.015 / 0.210         0.010 / 0.210         0.010 / 0.210         0.010 / 0.210       ms
[30.068s][info][gc,stats    ]       Phase: Concurrent Mark                             461.202 / 755.550     393.105 / 898.715     393.105 / 898.715     393.105 / 898.715     ms
[30.068s][info][gc,stats    ]       Phase: Concurrent Mark Continue                      0.000 / 0.000         0.000 / 0.000         0.000 / 0.000         0.000 / 0.000       ms
[30.068s][info][gc,stats    ]       Phase: Concurrent Prepare Relocation Set             0.014 / 0.019         2.948 / 27.133        2.948 / 27.133        2.948 / 27.133      ms
[30.068s][info][gc,stats    ]       Phase: Concurrent Process Non-Strong References      2.099 / 11.820        1.671 / 11.820        1.671 / 11.820        1.671 / 11.820      ms
[30.068s][info][gc,stats    ]       Phase: Concurrent Relocate                           4.112 / 7.338        62.309 / 435.689      62.309 / 435.689      62.309 / 435.689     ms
[30.068s][info][gc,stats    ]       Phase: Concurrent Reset Relocation Set               0.003 / 0.005         0.142 / 1.052         0.142 / 1.052         0.142 / 1.052       ms
[30.068s][info][gc,stats    ]       Phase: Concurrent Select Relocation Set              2.015 / 4.585         2.258 / 8.467         2.258 / 8.467         2.258 / 8.467       ms
[30.068s][info][gc,stats    ]       Phase: Pause Mark End                                0.291 / 0.534         0.242 / 0.534         0.242 / 0.534         0.242 / 0.534       ms
[30.068s][info][gc,stats    ]       Phase: Pause Mark Start                              2.686 / 5.083         2.266 / 5.083         2.266 / 5.083         2.266 / 5.083       ms
[30.068s][info][gc,stats    ]       Phase: Pause Relocate Start                          2.147 / 3.127         2.068 / 4.826         2.068 / 4.826         2.068 / 4.826       ms
[30.068s][info][gc,stats    ]    Subphase: Concurrent Mark                             459.664 / 744.080     392.255 / 898.690     392.255 / 898.690     392.255 / 898.690     ms
[30.069s][info][gc,stats    ]    Subphase: Concurrent Mark Idle                          0.000 / 0.000         0.000 / 0.000         0.000 / 0.000         0.000 / 0.000       ms
[30.069s][info][gc,stats    ]    Subphase: Concurrent Mark Try Flush                     1.542 / 8.851         1.170 / 8.851         1.170 / 8.851         1.170 / 8.851       ms
[30.069s][info][gc,stats    ]    Subphase: Concurrent Mark Try Terminate                 0.401 / 2.939         0.356 / 2.939         0.356 / 2.939         0.356 / 2.939       ms
[30.069s][info][gc,stats    ]    Subphase: Concurrent References Enqueue                 0.002 / 0.005         0.001 / 0.005         0.001 / 0.005         0.001 / 0.005       ms
[30.069s][info][gc,stats    ]    Subphase: Concurrent References Process                 1.180 / 9.221         0.836 / 9.221         0.836 / 9.221         0.836 / 9.221       ms
[30.069s][info][gc,stats    ]    Subphase: Concurrent Weak Roots                         0.803 / 0.927         0.777 / 1.044         0.777 / 1.044         0.777 / 1.044       ms
[30.069s][info][gc,stats    ]    Subphase: Concurrent Weak Roots JNIWeakHandles          0.000 / 0.001         0.000 / 0.001         0.000 / 0.001         0.000 / 0.001       ms
[30.069s][info][gc,stats    ]    Subphase: Concurrent Weak Roots StringTable             0.578 / 0.667         0.580 / 0.845         0.580 / 0.845         0.580 / 0.845       ms
[30.069s][info][gc,stats    ]    Subphase: Concurrent Weak Roots VMWeakHandles           0.224 / 0.258         0.196 / 0.278         0.196 / 0.278         0.196 / 0.278       ms
[30.069s][info][gc,stats    ]    Subphase: Pause Mark Try Complete                       0.000 / 0.000         0.000 / 0.000         0.000 / 0.000         0.000 / 0.000       ms
[30.069s][info][gc,stats    ]    Subphase: Pause Remap TLABS                             0.001 / 0.002         0.001 / 0.002         0.001 / 0.002         0.001 / 0.002       ms
[30.069s][info][gc,stats    ]    Subphase: Pause Retire TLABS                            0.020 / 0.047         0.016 / 0.047         0.016 / 0.047         0.016 / 0.047       ms
[30.069s][info][gc,stats    ]    Subphase: Pause Roots                                   1.478 / 4.564         1.336 / 4.564         1.336 / 4.564         1.336 / 4.564       ms
[30.069s][info][gc,stats    ]    Subphase: Pause Roots ClassLoaderDataGraph              0.693 / 1.869         0.658 / 1.869         0.658 / 1.869         0.658 / 1.869       ms
[30.069s][info][gc,stats    ]    Subphase: Pause Roots CodeCache                         1.002 / 1.876         0.840 / 1.876         0.840 / 1.876         0.840 / 1.876       ms
[30.069s][info][gc,stats    ]    Subphase: Pause Roots JNIHandles                        0.001 / 0.003         0.001 / 0.005         0.001 / 0.005         0.001 / 0.005       ms
[30.069s][info][gc,stats    ]    Subphase: Pause Roots JNIWeakHandles                    0.000 / 0.000         0.000 / 0.000         0.000 / 0.000         0.000 / 0.000       ms
[30.069s][info][gc,stats    ]    Subphase: Pause Roots JRFWeak                           0.000 / 0.000         0.000 / 0.000         0.000 / 0.000         0.000 / 0.000       ms
[30.069s][info][gc,stats    ]    Subphase: Pause Roots JVMTIExport                       0.001 / 0.001         0.001 / 0.001         0.001 / 0.001         0.001 / 0.001       ms
[30.069s][info][gc,stats    ]    Subphase: Pause Roots JVMTIWeakExport                   0.001 / 0.002         0.001 / 0.002         0.001 / 0.002         0.001 / 0.002       ms
[30.069s][info][gc,stats    ]    Subphase: Pause Roots Management                        0.001 / 0.003         0.006 / 0.398         0.006 / 0.398         0.006 / 0.398       ms
[30.069s][info][gc,stats    ]    Subphase: Pause Roots ObjectSynchronizer                0.000 / 0.001         0.000 / 0.001         0.000 / 0.001         0.000 / 0.001       ms
[30.069s][info][gc,stats    ]    Subphase: Pause Roots Setup                             0.191 / 0.447         0.161 / 0.447         0.161 / 0.447         0.161 / 0.447       ms
[30.069s][info][gc,stats    ]    Subphase: Pause Roots StringTable                       0.000 / 0.000         0.000 / 0.000         0.000 / 0.000         0.000 / 0.000       ms
[30.069s][info][gc,stats    ]    Subphase: Pause Roots SystemDictionary                  0.013 / 0.026         0.017 / 0.328         0.017 / 0.328         0.017 / 0.328       ms
[30.069s][info][gc,stats    ]    Subphase: Pause Roots Teardown                          0.001 / 0.003         0.001 / 0.003         0.001 / 0.003         0.001 / 0.003       ms
[30.069s][info][gc,stats    ]    Subphase: Pause Roots Threads                           0.333 / 0.797         0.306 / 1.930         0.306 / 1.930         0.306 / 1.930       ms
[30.069s][info][gc,stats    ]    Subphase: Pause Roots Universe                          0.003 / 0.012         0.010 / 0.534         0.010 / 0.534         0.010 / 0.534       ms
[30.069s][info][gc,stats    ]    Subphase: Pause Roots VMWeakHandles                     0.000 / 0.000         0.000 / 0.000         0.000 / 0.000         0.000 / 0.000       ms
[30.069s][info][gc,stats    ]    Subphase: Pause Weak Roots                              0.002 / 0.002         0.002 / 0.007         0.002 / 0.007         0.002 / 0.007       ms
[30.069s][info][gc,stats    ]    Subphase: Pause Weak Roots JFRWeak                      0.001 / 0.001         0.001 / 0.001         0.001 / 0.001         0.001 / 0.001       ms
[30.069s][info][gc,stats    ]    Subphase: Pause Weak Roots JNIWeakHandles               0.000 / 0.000         0.000 / 0.000         0.000 / 0.000         0.000 / 0.000       ms
[30.069s][info][gc,stats    ]    Subphase: Pause Weak Roots JVMTIWeakExport              0.001 / 0.001         0.001 / 0.006         0.001 / 0.006         0.001 / 0.006       ms
[30.069s][info][gc,stats    ]    Subphase: Pause Weak Roots Setup                        0.000 / 0.000         0.000 / 0.000         0.000 / 0.000         0.000 / 0.000       ms
[30.069s][info][gc,stats    ]    Subphase: Pause Weak Roots StringTable                  0.000 / 0.000         0.000 / 0.000         0.000 / 0.000         0.000 / 0.000       ms
[30.069s][info][gc,stats    ]    Subphase: Pause Weak Roots SymbolTable                  0.000 / 0.000         0.000 / 0.000         0.000 / 0.000         0.000 / 0.000       ms
[30.069s][info][gc,stats    ]    Subphase: Pause Weak Roots Teardown                     0.001 / 0.001         0.001 / 0.001         0.001 / 0.001         0.001 / 0.001       ms
[30.069s][info][gc,stats    ]    Subphase: Pause Weak Roots VMWeakHandles                0.000 / 0.000         0.000 / 0.000         0.000 / 0.000         0.000 / 0.000       ms
[30.069s][info][gc,stats    ]      System: Java Threads                                     87 / 112              64 / 112              64 / 112              64 / 112         threads
[30.069s][info][gc,stats    ] =========================================================================================================================================================
[30.258s][info][gc,phases   ] GC(37) Concurrent Mark 792.628ms
[30.261s][info][gc,phases   ] GC(37) Pause Mark End 0.317ms
[30.262s][info][gc,phases   ] GC(37) Concurrent Process Non-Strong References 1.510ms
[30.262s][info][gc,phases   ] GC(37) Concurrent Reset Relocation Set 0.003ms
[30.262s][info][gc,phases   ] GC(37) Concurrent Destroy Detached Pages 0.015ms
[30.265s][info][gc,phases   ] GC(37) Concurrent Select Relocation Set 2.841ms
[30.265s][info][gc,phases   ] GC(37) Concurrent Prepare Relocation Set 0.020ms
[30.272s][info][gc,phases   ] GC(37) Pause Relocate Start 2.284ms
[30.276s][info][gc,phases   ] GC(37) Concurrent Relocate 3.862ms
[30.276s][info][gc,load     ] GC(37) Load: 2.34/1.88/1.07
[30.276s][info][gc,mmu      ] GC(37) MMU: 2ms/0.0%, 5ms/0.0%, 10ms/48.6%, 20ms/74.3%, 50ms/88.7%, 100ms/92.6%
[30.276s][info][gc,marking  ] GC(37) Mark: 1 stripe(s), 2 proactive flush(es), 1 terminate flush(es), 0 completion(s), 0 continuation(s) 
[30.276s][info][gc,reloc    ] GC(37) Relocation: Successful, 7M relocated
[30.276s][info][gc,nmethod  ] GC(37) NMethods: 2718 registered, 0 unregistered
[30.276s][info][gc,metaspace] GC(37) Metaspace: 67M used, 71M capacity, 71M committed, 72M reserved
[30.276s][info][gc,ref      ] GC(37) Soft: 4682 encountered, 0 discovered, 0 enqueued
[30.276s][info][gc,ref      ] GC(37) Weak: 4635 encountered, 3495 discovered, 74 enqueued
[30.276s][info][gc,ref      ] GC(37) Final: 27 encountered, 0 discovered, 0 enqueued
[30.276s][info][gc,ref      ] GC(37) Phantom: 650 encountered, 647 discovered, 0 enqueued
[30.276s][info][gc,heap     ] GC(37)                Mark Start          Mark End        Relocate Start      Relocate End           High               Low         
[30.276s][info][gc,heap     ] GC(37)  Capacity:     1000M (100%)       1000M (100%)       1000M (100%)       1000M (100%)       1000M (100%)       1000M (100%)   
[30.276s][info][gc,heap     ] GC(37)   Reserve:       34M (3%)           34M (3%)           34M (3%)           34M (3%)           34M (3%)           34M (3%)     
[30.277s][info][gc,heap     ] GC(37)      Free:      564M (56%)         250M (25%)         376M (38%)         400M (40%)         564M (56%)         250M (25%)    
[30.277s][info][gc,heap     ] GC(37)      Used:      402M (40%)         716M (72%)         590M (59%)         566M (57%)         716M (72%)         402M (40%)    
[30.277s][info][gc,heap     ] GC(37)      Live:         -               216M (22%)         216M (22%)         216M (22%)            -                  -          
[30.277s][info][gc,heap     ] GC(37) Allocated:         -               314M (31%)         314M (31%)         320M (32%)            -                  -          
[30.277s][info][gc,heap     ] GC(37)   Garbage:         -               185M (19%)          59M (6%)           31M (3%)             -                  -          
[30.277s][info][gc,heap     ] GC(37) Reclaimed:         -                  -               126M (13%)         154M (15%)            -                  -          
[30.277s][info][gc          ] GC(37) Garbage Collection (Allocation Rate) 402M(40%)->566M(57%)
[30.359s][info][gc,start    ] GC(38) Garbage Collection (Allocation Rate)
[30.367s][info][gc,phases   ] GC(38) Pause Mark Start 2.825ms
[30.802s][info][gc,heap     ] Page Cache Flushed: 2M requested, 6M(44M->38M) flushed
[30.812s][info][gc,heap     ] Page Cache Flushed: 2M requested, 6M(38M->32M) flushed
[30.814s][info][gc,phases   ] GC(38) Concurrent Mark 447.369ms
[30.817s][info][gc,phases   ] GC(38) Pause Mark End 0.331ms
[30.818s][info][gc,phases   ] GC(38) Concurrent Process Non-Strong References 1.487ms
[30.818s][info][gc,phases   ] GC(38) Concurrent Reset Relocation Set 0.005ms
[30.818s][info][gc,phases   ] GC(38) Concurrent Destroy Detached Pages 0.003ms
[30.820s][info][gc,phases   ] GC(38) Concurrent Select Relocation Set 1.606ms
[30.820s][info][gc,phases   ] GC(38) Concurrent Prepare Relocation Set 0.014ms
[30.822s][info][gc,phases   ] GC(38) Pause Relocate Start 2.128ms
[30.829s][info][gc,phases   ] GC(38) Concurrent Relocate 6.413ms
[30.829s][info][gc,load     ] GC(38) Load: 2.32/1.88/1.08
[30.829s][info][gc,mmu      ] GC(38) MMU: 2ms/0.0%, 5ms/0.0%, 10ms/48.6%, 20ms/74.3%, 50ms/88.7%, 100ms/92.6%
[30.829s][info][gc,marking  ] GC(38) Mark: 1 stripe(s), 2 proactive flush(es), 1 terminate flush(es), 0 completion(s), 0 continuation(s) 
[30.829s][info][gc,reloc    ] GC(38) Relocation: Successful, 7M relocated
[30.829s][info][gc,nmethod  ] GC(38) NMethods: 2727 registered, 0 unregistered
[30.829s][info][gc,metaspace] GC(38) Metaspace: 67M used, 71M capacity, 71M committed, 72M reserved
[30.829s][info][gc,ref      ] GC(38) Soft: 4682 encountered, 0 discovered, 0 enqueued
[30.829s][info][gc,ref      ] GC(38) Weak: 4569 encountered, 3438 discovered, 14 enqueued
[30.829s][info][gc,ref      ] GC(38) Final: 27 encountered, 0 discovered, 0 enqueued
[30.829s][info][gc,ref      ] GC(38) Phantom: 650 encountered, 647 discovered, 0 enqueued
[30.829s][info][gc,heap     ] GC(38)                Mark Start          Mark End        Relocate Start      Relocate End           High               Low         
[30.829s][info][gc,heap     ] GC(38)  Capacity:     1000M (100%)       1000M (100%)       1000M (100%)       1000M (100%)       1000M (100%)       1000M (100%)   
[30.829s][info][gc,heap     ] GC(38)   Reserve:       34M (3%)           34M (3%)           34M (3%)           34M (3%)           34M (3%)           34M (3%)     
[30.829s][info][gc,heap     ] GC(38)      Free:      342M (34%)          34M (3%)          392M (39%)         404M (40%)         404M (40%)          34M (3%)     
[30.829s][info][gc,heap     ] GC(38)      Used:      624M (62%)         932M (93%)         574M (57%)         562M (56%)         932M (93%)         562M (56%)    
[30.829s][info][gc,heap     ] GC(38)      Live:         -               216M (22%)         216M (22%)         216M (22%)            -                  -          
[30.829s][info][gc,heap     ] GC(38) Allocated:         -               308M (31%)         308M (31%)         316M (32%)            -                  -          
[30.829s][info][gc,heap     ] GC(38)   Garbage:         -               407M (41%)          49M (5%)           31M (3%)             -                  -          
[30.829s][info][gc,heap     ] GC(38) Reclaimed:         -                  -               358M (36%)         376M (38%)            -                  -          
[30.829s][info][gc          ] GC(38) Garbage Collection (Allocation Rate) 624M(62%)->562M(56%)
[30.859s][info][gc,start    ] GC(39) Garbage Collection (Allocation Rate)
[30.864s][info][gc,phases   ] GC(39) Pause Mark Start 2.575ms
[31.284s][info][gc,phases   ] GC(39) Concurrent Mark 419.911ms
[31.287s][info][gc,phases   ] GC(39) Pause Mark End 0.381ms
[31.289s][info][gc,phases   ] GC(39) Concurrent Process Non-Strong References 1.590ms
[31.289s][info][gc,phases   ] GC(39) Concurrent Reset Relocation Set 0.006ms
[31.289s][info][gc,phases   ] GC(39) Concurrent Destroy Detached Pages 0.001ms
[31.291s][info][gc,phases   ] GC(39) Concurrent Select Relocation Set 1.786ms
[31.291s][info][gc,phases   ] GC(39) Concurrent Prepare Relocation Set 0.032ms
[31.293s][info][gc,phases   ] GC(39) Pause Relocate Start 2.223ms
[31.301s][info][gc,phases   ] GC(39) Concurrent Relocate 7.489ms
[31.301s][info][gc,load     ] GC(39) Load: 2.32/1.88/1.08
[31.301s][info][gc,mmu      ] GC(39) MMU: 2ms/0.0%, 5ms/0.0%, 10ms/48.6%, 20ms/74.3%, 50ms/88.7%, 100ms/92.6%
[31.301s][info][gc,marking  ] GC(39) Mark: 1 stripe(s), 2 proactive flush(es), 1 terminate flush(es), 0 completion(s), 0 continuation(s) 
[31.301s][info][gc,reloc    ] GC(39) Relocation: Successful, 7M relocated
[31.301s][info][gc,nmethod  ] GC(39) NMethods: 2727 registered, 0 unregistered
[31.301s][info][gc,metaspace] GC(39) Metaspace: 67M used, 71M capacity, 71M committed, 72M reserved
[31.301s][info][gc,ref      ] GC(39) Soft: 4682 encountered, 0 discovered, 0 enqueued
[31.301s][info][gc,ref      ] GC(39) Weak: 4555 encountered, 3427 discovered, 0 enqueued
[31.301s][info][gc,ref      ] GC(39) Final: 27 encountered, 0 discovered, 0 enqueued
[31.301s][info][gc,ref      ] GC(39) Phantom: 650 encountered, 647 discovered, 0 enqueued
[31.301s][info][gc,heap     ] GC(39)                Mark Start          Mark End        Relocate Start      Relocate End           High               Low         
[31.301s][info][gc,heap     ] GC(39)  Capacity:     1000M (100%)       1000M (100%)       1000M (100%)       1000M (100%)       1000M (100%)       1000M (100%)   
[31.301s][info][gc,heap     ] GC(39)   Reserve:       34M (3%)           34M (3%)           34M (3%)           34M (3%)           34M (3%)           34M (3%)     
[31.301s][info][gc,heap     ] GC(39)      Free:      358M (36%)          42M (4%)          392M (39%)         394M (39%)         394M (39%)          42M (4%)     
[31.301s][info][gc,heap     ] GC(39)      Used:      608M (61%)         924M (92%)         574M (57%)         572M (57%)         924M (92%)         572M (57%)    
[31.301s][info][gc,heap     ] GC(39)      Live:         -               216M (22%)         216M (22%)         216M (22%)            -                  -          
[31.301s][info][gc,heap     ] GC(39) Allocated:         -               316M (32%)         316M (32%)         326M (33%)            -                  -          
[31.301s][info][gc,heap     ] GC(39)   Garbage:         -               391M (39%)          41M (4%)           31M (3%)             -                  -          
[31.301s][info][gc,heap     ] GC(39) Reclaimed:         -                  -               350M (35%)         360M (36%)            -                  -          
[31.301s][info][gc          ] GC(39) Garbage Collection (Allocation Rate) 608M(61%)->572M(57%)
[31.359s][info][gc,start    ] GC(40) Garbage Collection (Allocation Rate)
[31.364s][info][gc,phases   ] GC(40) Pause Mark Start 2.734ms
[31.799s][info][gc,heap     ] Page Cache Flushed: 2M requested, 32M(32M->0M) flushed
[31.839s][info][gc,phases   ] GC(40) Concurrent Mark 474.458ms
[31.842s][info][gc,phases   ] GC(40) Pause Mark End 0.331ms
[31.843s][info][gc,phases   ] GC(40) Concurrent Process Non-Strong References 1.459ms
[31.843s][info][gc,phases   ] GC(40) Concurrent Reset Relocation Set 0.003ms
[31.843s][info][gc,phases   ] GC(40) Concurrent Destroy Detached Pages 0.003ms
[31.846s][info][gc,phases   ] GC(40) Concurrent Select Relocation Set 2.359ms
[31.846s][info][gc,phases   ] GC(40) Concurrent Prepare Relocation Set 0.014ms
[31.848s][info][gc,phases   ] GC(40) Pause Relocate Start 2.205ms
[31.853s][info][gc,phases   ] GC(40) Concurrent Relocate 4.351ms
[31.853s][info][gc,load     ] GC(40) Load: 2.32/1.88/1.08
[31.853s][info][gc,mmu      ] GC(40) MMU: 2ms/0.0%, 5ms/0.0%, 10ms/48.6%, 20ms/74.3%, 50ms/88.7%, 100ms/92.6%
[31.853s][info][gc,marking  ] GC(40) Mark: 1 stripe(s), 2 proactive flush(es), 1 terminate flush(es), 0 completion(s), 0 continuation(s) 
[31.853s][info][gc,reloc    ] GC(40) Relocation: Successful, 7M relocated
[31.853s][info][gc,nmethod  ] GC(40) NMethods: 2727 registered, 0 unregistered
[31.853s][info][gc,metaspace] GC(40) Metaspace: 67M used, 71M capacity, 71M committed, 72M reserved
[31.853s][info][gc,ref      ] GC(40) Soft: 4682 encountered, 0 discovered, 0 enqueued
[31.853s][info][gc,ref      ] GC(40) Weak: 4555 encountered, 3427 discovered, 0 enqueued
[31.853s][info][gc,ref      ] GC(40) Final: 27 encountered, 0 discovered, 0 enqueued
[31.853s][info][gc,ref      ] GC(40) Phantom: 650 encountered, 647 discovered, 0 enqueued
[31.853s][info][gc,heap     ] GC(40)                Mark Start          Mark End        Relocate Start      Relocate End           High               Low         
[31.853s][info][gc,heap     ] GC(40)  Capacity:     1000M (100%)       1000M (100%)       1000M (100%)       1000M (100%)       1000M (100%)       1000M (100%)   
[31.853s][info][gc,heap     ] GC(40)   Reserve:       34M (3%)           34M (3%)           34M (3%)           34M (3%)           34M (3%)           34M (3%)     
[31.853s][info][gc,heap     ] GC(40)      Free:      308M (31%)           6M (1%)          408M (41%)         410M (41%)         410M (41%)           6M (1%)     
[31.853s][info][gc,heap     ] GC(40)      Used:      658M (66%)         960M (96%)         558M (56%)         556M (56%)         960M (96%)         556M (56%)    
[31.853s][info][gc,heap     ] GC(40)      Live:         -               216M (22%)         216M (22%)         216M (22%)            -                  -          
[31.853s][info][gc,heap     ] GC(40) Allocated:         -               302M (30%)         302M (30%)         310M (31%)            -                  -          
[31.853s][info][gc,heap     ] GC(40)   Garbage:         -               441M (44%)          39M (4%)           31M (3%)             -                  -          
[31.853s][info][gc,heap     ] GC(40) Reclaimed:         -                  -               402M (40%)         410M (41%)            -                  -          
[31.853s][info][gc          ] GC(40) Garbage Collection (Allocation Rate) 658M(66%)->556M(56%)
[31.860s][info][gc,start    ] GC(41) Garbage Collection (Allocation Rate)
[31.865s][info][gc,phases   ] GC(41) Pause Mark Start 2.514ms
[32.323s][info][gc,phases   ] GC(41) Concurrent Mark 458.596ms
[32.326s][info][gc,phases   ] GC(41) Pause Mark End 0.397ms
[32.328s][info][gc,phases   ] GC(41) Concurrent Process Non-Strong References 1.453ms
[32.328s][info][gc,phases   ] GC(41) Concurrent Reset Relocation Set 0.003ms
[32.328s][info][gc,phases   ] GC(41) Concurrent Destroy Detached Pages 0.001ms
[32.329s][info][gc,phases   ] GC(41) Concurrent Select Relocation Set 1.601ms
[32.329s][info][gc,phases   ] GC(41) Concurrent Prepare Relocation Set 0.013ms
[32.332s][info][gc,phases   ] GC(41) Pause Relocate Start 2.165ms
[32.337s][info][gc,phases   ] GC(41) Concurrent Relocate 4.878ms
[32.337s][info][gc,load     ] GC(41) Load: 2.32/1.88/1.08
[32.337s][info][gc,mmu      ] GC(41) MMU: 2ms/0.0%, 5ms/0.0%, 10ms/48.6%, 20ms/74.3%, 50ms/88.7%, 100ms/92.6%
[32.337s][info][gc,marking  ] GC(41) Mark: 1 stripe(s), 2 proactive flush(es), 1 terminate flush(es), 0 completion(s), 0 continuation(s) 
[32.337s][info][gc,reloc    ] GC(41) Relocation: Successful, 7M relocated
[32.337s][info][gc,nmethod  ] GC(41) NMethods: 2727 registered, 0 unregistered
[32.337s][info][gc,metaspace] GC(41) Metaspace: 67M used, 71M capacity, 71M committed, 72M reserved
[32.337s][info][gc,ref      ] GC(41) Soft: 4682 encountered, 0 discovered, 0 enqueued
[32.337s][info][gc,ref      ] GC(41) Weak: 4555 encountered, 3427 discovered, 0 enqueued
[32.337s][info][gc,ref      ] GC(41) Final: 27 encountered, 0 discovered, 0 enqueued
[32.337s][info][gc,ref      ] GC(41) Phantom: 650 encountered, 647 discovered, 0 enqueued
[32.337s][info][gc,heap     ] GC(41)                Mark Start          Mark End        Relocate Start      Relocate End           High               Low         
[32.337s][info][gc,heap     ] GC(41)  Capacity:     1000M (100%)       1000M (100%)       1000M (100%)       1000M (100%)       1000M (100%)       1000M (100%)   
[32.337s][info][gc,heap     ] GC(41)   Reserve:       34M (3%)           34M (3%)           34M (3%)           34M (3%)           34M (3%)           34M (3%)     
[32.337s][info][gc,heap     ] GC(41)      Free:      400M (40%)          86M (9%)          396M (40%)         398M (40%)         400M (40%)          86M (9%)     
[32.337s][info][gc,heap     ] GC(41)      Used:      566M (57%)         880M (88%)         570M (57%)         568M (57%)         880M (88%)         566M (57%)    
[32.337s][info][gc,heap     ] GC(41)      Live:         -               216M (22%)         216M (22%)         216M (22%)            -                  -          
[32.337s][info][gc,heap     ] GC(41) Allocated:         -               314M (31%)         314M (31%)         322M (32%)            -                  -          
[32.337s][info][gc,heap     ] GC(41)   Garbage:         -               349M (35%)          39M (4%)           33M (3%)             -                  -          
[32.337s][info][gc,heap     ] GC(41) Reclaimed:         -                  -               310M (31%)         316M (32%)            -                  -          
[32.337s][info][gc          ] GC(41) Garbage Collection (Allocation Rate) 566M(57%)->568M(57%)
[32.359s][info][gc,start    ] GC(42) Garbage Collection (Allocation Rate)
[32.366s][info][gc,phases   ] GC(42) Pause Mark Start 4.047ms
[32.818s][info][gc,phases   ] GC(42) Concurrent Mark 451.389ms
[32.821s][info][gc,phases   ] GC(42) Pause Mark End 0.629ms
[32.824s][info][gc,phases   ] GC(42) Concurrent Process Non-Strong References 2.934ms
[32.824s][info][gc,phases   ] GC(42) Concurrent Reset Relocation Set 0.005ms
[32.824s][info][gc,phases   ] GC(42) Concurrent Destroy Detached Pages 0.001ms
[32.833s][info][gc,phases   ] GC(42) Concurrent Select Relocation Set 8.684ms
[32.833s][info][gc,phases   ] GC(42) Concurrent Prepare Relocation Set 0.024ms
[32.842s][info][gc,phases   ] GC(42) Pause Relocate Start 3.803ms
[32.846s][info][gc,phases   ] GC(42) Concurrent Relocate 4.213ms
[32.846s][info][gc,load     ] GC(42) Load: 2.32/1.88/1.08
[32.846s][info][gc,mmu      ] GC(42) MMU: 2ms/0.0%, 5ms/0.0%, 10ms/48.6%, 20ms/74.3%, 50ms/86.8%, 100ms/92.6%
[32.846s][info][gc,marking  ] GC(42) Mark: 1 stripe(s), 2 proactive flush(es), 1 terminate flush(es), 0 completion(s), 0 continuation(s) 
[32.846s][info][gc,reloc    ] GC(42) Relocation: Successful, 7M relocated
[32.846s][info][gc,nmethod  ] GC(42) NMethods: 2727 registered, 0 unregistered
[32.846s][info][gc,metaspace] GC(42) Metaspace: 67M used, 71M capacity, 71M committed, 72M reserved
[32.846s][info][gc,ref      ] GC(42) Soft: 4682 encountered, 0 discovered, 0 enqueued
[32.846s][info][gc,ref      ] GC(42) Weak: 4555 encountered, 3424 discovered, 0 enqueued
[32.846s][info][gc,ref      ] GC(42) Final: 27 encountered, 0 discovered, 0 enqueued
[32.846s][info][gc,ref      ] GC(42) Phantom: 650 encountered, 647 discovered, 0 enqueued
[32.846s][info][gc,heap     ] GC(42)                Mark Start          Mark End        Relocate Start      Relocate End           High               Low         
[32.846s][info][gc,heap     ] GC(42)  Capacity:     1000M (100%)       1000M (100%)       1000M (100%)       1000M (100%)       1000M (100%)       1000M (100%)   
[32.846s][info][gc,heap     ] GC(42)   Reserve:       34M (3%)           34M (3%)           34M (3%)           34M (3%)           34M (3%)           34M (3%)     
[32.846s][info][gc,heap     ] GC(42)      Free:      364M (36%)          50M (5%)          392M (39%)         400M (40%)         400M (40%)          50M (5%)     
[32.846s][info][gc,heap     ] GC(42)      Used:      602M (60%)         916M (92%)         574M (57%)         566M (57%)         916M (92%)         566M (57%)    
[32.846s][info][gc,heap     ] GC(42)      Live:         -               216M (22%)         216M (22%)         216M (22%)            -                  -          
[32.846s][info][gc,heap     ] GC(42) Allocated:         -               314M (31%)         316M (32%)         320M (32%)            -                  -          
[32.846s][info][gc,heap     ] GC(42)   Garbage:         -               385M (39%)          41M (4%)           31M (3%)             -                  -          
[32.846s][info][gc,heap     ] GC(42) Reclaimed:         -                  -               344M (34%)         354M (35%)            -                  -          
[32.846s][info][gc          ] GC(42) Garbage Collection (Allocation Rate) 602M(60%)->566M(57%)
[32.859s][info][gc,start    ] GC(43) Garbage Collection (Allocation Rate)
[32.865s][info][gc,phases   ] GC(43) Pause Mark Start 3.472ms
[33.279s][info][gc,phases   ] GC(43) Concurrent Mark 414.139ms
[33.282s][info][gc,phases   ] GC(43) Pause Mark End 0.335ms
[33.283s][info][gc,phases   ] GC(43) Concurrent Process Non-Strong References 1.435ms
[33.283s][info][gc,phases   ] GC(43) Concurrent Reset Relocation Set 0.002ms
[33.283s][info][gc,phases   ] GC(43) Concurrent Destroy Detached Pages 0.000ms
[33.285s][info][gc,phases   ] GC(43) Concurrent Select Relocation Set 1.579ms
[33.285s][info][gc,phases   ] GC(43) Concurrent Prepare Relocation Set 0.013ms
[33.287s][info][gc,phases   ] GC(43) Pause Relocate Start 2.147ms
[33.292s][info][gc,phases   ] GC(43) Concurrent Relocate 5.203ms
[33.293s][info][gc,load     ] GC(43) Load: 2.32/1.88/1.08
[33.293s][info][gc,mmu      ] GC(43) MMU: 2ms/0.0%, 5ms/0.0%, 10ms/48.6%, 20ms/74.3%, 50ms/84.2%, 100ms/92.1%
[33.293s][info][gc,marking  ] GC(43) Mark: 1 stripe(s), 2 proactive flush(es), 1 terminate flush(es), 0 completion(s), 0 continuation(s) 
[33.293s][info][gc,reloc    ] GC(43) Relocation: Successful, 7M relocated
[33.293s][info][gc,nmethod  ] GC(43) NMethods: 2727 registered, 0 unregistered
[33.293s][info][gc,metaspace] GC(43) Metaspace: 67M used, 71M capacity, 71M committed, 72M reserved
[33.293s][info][gc,ref      ] GC(43) Soft: 4682 encountered, 0 discovered, 0 enqueued
[33.293s][info][gc,ref      ] GC(43) Weak: 4555 encountered, 3427 discovered, 0 enqueued
[33.293s][info][gc,ref      ] GC(43) Final: 27 encountered, 0 discovered, 0 enqueued
[33.293s][info][gc,ref      ] GC(43) Phantom: 650 encountered, 647 discovered, 0 enqueued
[33.293s][info][gc,heap     ] GC(43)                Mark Start          Mark End        Relocate Start      Relocate End           High               Low         
[33.293s][info][gc,heap     ] GC(43)  Capacity:     1000M (100%)       1000M (100%)       1000M (100%)       1000M (100%)       1000M (100%)       1000M (100%)   
[33.293s][info][gc,heap     ] GC(43)   Reserve:       34M (3%)           34M (3%)           34M (3%)           34M (3%)           34M (3%)           34M (3%)     
[33.293s][info][gc,heap     ] GC(43)      Free:      394M (39%)          84M (8%)          400M (40%)         402M (40%)         402M (40%)          84M (8%)     
[33.293s][info][gc,heap     ] GC(43)      Used:      572M (57%)         882M (88%)         566M (57%)         564M (56%)         882M (88%)         564M (56%)    
[33.293s][info][gc,heap     ] GC(43)      Live:         -               216M (22%)         216M (22%)         216M (22%)            -                  -          
[33.293s][info][gc,heap     ] GC(43) Allocated:         -               310M (31%)         310M (31%)         318M (32%)            -                  -          
[33.293s][info][gc,heap     ] GC(43)   Garbage:         -               355M (36%)          39M (4%)           31M (3%)             -                  -          
[33.293s][info][gc,heap     ] GC(43) Reclaimed:         -                  -               316M (32%)         324M (32%)            -                  -          
[33.293s][info][gc          ] GC(43) Garbage Collection (Allocation Rate) 572M(57%)->564M(56%)
[33.359s][info][gc,start    ] GC(44) Garbage Collection (Allocation Rate)
[33.364s][info][gc,phases   ] GC(44) Pause Mark Start 2.854ms
[33.836s][info][gc,phases   ] GC(44) Concurrent Mark 471.868ms
[33.837s][info][gc,phases   ] GC(44) Pause Mark End 0.335ms
[33.839s][info][gc,phases   ] GC(44) Concurrent Process Non-Strong References 1.457ms
[33.840s][info][gc,phases   ] GC(44) Concurrent Reset Relocation Set 0.003ms
[33.840s][info][gc,phases   ] GC(44) Concurrent Destroy Detached Pages 0.000ms
[33.842s][info][gc,phases   ] GC(44) Concurrent Select Relocation Set 1.517ms
[33.842s][info][gc,phases   ] GC(44) Concurrent Prepare Relocation Set 0.016ms
[33.847s][info][gc,phases   ] GC(44) Pause Relocate Start 2.277ms
[33.850s][info][gc,phases   ] GC(44) Concurrent Relocate 2.455ms
[33.850s][info][gc,load     ] GC(44) Load: 2.32/1.88/1.08
[33.850s][info][gc,mmu      ] GC(44) MMU: 2ms/0.0%, 5ms/0.0%, 10ms/48.6%, 20ms/74.3%, 50ms/84.2%, 100ms/92.1%
[33.850s][info][gc,marking  ] GC(44) Mark: 1 stripe(s), 2 proactive flush(es), 1 terminate flush(es), 0 completion(s), 0 continuation(s) 
[33.850s][info][gc,reloc    ] GC(44) Relocation: Successful, 7M relocated
[33.850s][info][gc,nmethod  ] GC(44) NMethods: 2787 registered, 0 unregistered
[33.850s][info][gc,metaspace] GC(44) Metaspace: 68M used, 71M capacity, 71M committed, 72M reserved
[33.850s][info][gc,ref      ] GC(44) Soft: 4683 encountered, 0 discovered, 0 enqueued
[33.850s][info][gc,ref      ] GC(44) Weak: 4612 encountered, 3530 discovered, 5 enqueued
[33.850s][info][gc,ref      ] GC(44) Final: 27 encountered, 0 discovered, 0 enqueued
[33.850s][info][gc,ref      ] GC(44) Phantom: 650 encountered, 647 discovered, 0 enqueued
[33.850s][info][gc,heap     ] GC(44)                Mark Start          Mark End        Relocate Start      Relocate End           High               Low         
[33.850s][info][gc,heap     ] GC(44)  Capacity:     1000M (100%)       1000M (100%)       1000M (100%)       1000M (100%)       1000M (100%)       1000M (100%)   
[33.850s][info][gc,heap     ] GC(44)   Reserve:       34M (3%)           34M (3%)           34M (3%)           34M (3%)           34M (3%)           34M (3%)     
[33.850s][info][gc,heap     ] GC(44)      Free:      358M (36%)         354M (35%)         708M (71%)         714M (71%)         714M (71%)         354M (35%)    
[33.850s][info][gc,heap     ] GC(44)      Used:      608M (61%)         612M (61%)         258M (26%)         252M (25%)         612M (61%)         252M (25%)    
[33.850s][info][gc,heap     ] GC(44)      Live:         -               216M (22%)         216M (22%)         216M (22%)            -                  -          
[33.850s][info][gc,heap     ] GC(44) Allocated:         -                 4M (0%)            4M (0%)            6M (1%)             -                  -          
[33.850s][info][gc,heap     ] GC(44)   Garbage:         -               391M (39%)          37M (4%)           31M (3%)             -                  -          
[33.850s][info][gc,heap     ] GC(44) Reclaimed:         -                  -               354M (35%)         360M (36%)            -                  -          
[33.850s][info][gc          ] GC(44) Garbage Collection (Allocation Rate) 608M(61%)->252M(25%)
[33.850s][info][gc,start    ] GC(45) Garbage Collection (System.gc())
[33.859s][info][gc,phases   ] GC(45) Pause Mark Start 2.508ms
[34.237s][info][gc,phases   ] GC(45) Concurrent Mark 377.822ms
[34.238s][info][gc,phases   ] GC(45) Pause Mark End 0.352ms
[34.239s][info][gc,phases   ] GC(45) Concurrent Process Non-Strong References 1.448ms
[34.239s][info][gc,phases   ] GC(45) Concurrent Reset Relocation Set 0.003ms
[34.239s][info][gc,phases   ] GC(45) Concurrent Destroy Detached Pages 0.000ms
[34.244s][info][gc,phases   ] GC(45) Concurrent Select Relocation Set 5.107ms
[34.244s][info][gc,phases   ] GC(45) Concurrent Prepare Relocation Set 0.016ms
[34.254s][info][gc,phases   ] GC(45) Pause Relocate Start 2.812ms
[34.254s][info][gc,phases   ] GC(45) Concurrent Relocate 0.867ms
[34.255s][info][gc,load     ] GC(45) Load: 2.32/1.88/1.08
[34.255s][info][gc,mmu      ] GC(45) MMU: 2ms/0.0%, 5ms/0.0%, 10ms/48.6%, 20ms/74.3%, 50ms/84.2%, 100ms/92.1%
[34.255s][info][gc,marking  ] GC(45) Mark: 1 stripe(s), 2 proactive flush(es), 1 terminate flush(es), 0 completion(s), 0 continuation(s) 
[34.255s][info][gc,reloc    ] GC(45) Relocation: Successful, 7M relocated
[34.255s][info][gc,nmethod  ] GC(45) NMethods: 2803 registered, 0 unregistered
[34.255s][info][gc,metaspace] GC(45) Metaspace: 68M used, 71M capacity, 71M committed, 72M reserved
[34.255s][info][gc,ref      ] GC(45) Soft: 4682 encountered, 0 discovered, 0 enqueued
[34.255s][info][gc,ref      ] GC(45) Weak: 4616 encountered, 3543 discovered, 114 enqueued
[34.255s][info][gc,ref      ] GC(45) Final: 27 encountered, 0 discovered, 0 enqueued
[34.255s][info][gc,ref      ] GC(45) Phantom: 650 encountered, 647 discovered, 0 enqueued
[34.255s][info][gc,heap     ] GC(45)                Mark Start          Mark End        Relocate Start      Relocate End           High               Low         
[34.255s][info][gc,heap     ] GC(45)  Capacity:     1000M (100%)       1000M (100%)       1000M (100%)       1000M (100%)       1000M (100%)       1000M (100%)   
[34.255s][info][gc,heap     ] GC(45)   Reserve:       34M (3%)           34M (3%)           34M (3%)           34M (3%)           34M (3%)           34M (3%)     
[34.255s][info][gc,heap     ] GC(45)      Free:      714M (71%)         712M (71%)         710M (71%)         714M (71%)         714M (71%)         708M (71%)    
[34.255s][info][gc,heap     ] GC(45)      Used:      252M (25%)         254M (25%)         256M (26%)         252M (25%)         258M (26%)         252M (25%)    
[34.255s][info][gc,heap     ] GC(45)      Live:         -               216M (22%)         216M (22%)         216M (22%)            -                  -          
[34.255s][info][gc,heap     ] GC(45) Allocated:         -                 2M (0%)            4M (0%)            6M (1%)             -                  -          
[34.255s][info][gc,heap     ] GC(45)   Garbage:         -                35M (4%)           35M (4%)           31M (3%)             -                  -          
[34.255s][info][gc,heap     ] GC(45) Reclaimed:         -                  -                 0M (0%)            4M (0%)             -                  -          
[34.255s][info][gc          ] GC(45) Garbage Collection (System.gc()) 252M(25%)->252M(25%)
[34.258s][info][gc,heap     ] Page Cache Flushed: 32M requested, 32M(714M->682M) flushed
[34.294s][info][gc,heap     ] Page Cache Flushed: 6M requested, 6M(676M->670M) flushed
[34.358s][info][gc,heap     ] Page Cache Flushed: 6M requested, 6M(660M->654M) flushed
[34.660s][info][gc,start    ] GC(46) Garbage Collection (Allocation Rate)
[34.669s][info][gc,phases   ] GC(46) Pause Mark Start 2.701ms
[35.348s][info][gc,phases   ] GC(46) Concurrent Mark 678.596ms
[35.352s][info][gc,phases   ] GC(46) Pause Mark End 0.376ms
[35.355s][info][gc,phases   ] GC(46) Concurrent Process Non-Strong References 2.248ms
[35.357s][info][gc,phases   ] GC(46) Concurrent Reset Relocation Set 0.003ms
[35.357s][info][gc,phases   ] GC(46) Concurrent Destroy Detached Pages 0.017ms
[35.359s][info][gc,phases   ] GC(46) Concurrent Select Relocation Set 1.768ms
[35.359s][info][gc,phases   ] GC(46) Concurrent Prepare Relocation Set 0.020ms
[35.388s][info][gc,phases   ] GC(46) Pause Relocate Start 17.632ms
[35.395s][info][gc,phases   ] GC(46) Concurrent Relocate 3.189ms
[35.395s][info][gc,load     ] GC(46) Load: 2.32/1.88/1.08
[35.395s][info][gc,mmu      ] GC(46) MMU: 2ms/0.0%, 5ms/0.0%, 10ms/0.0%, 20ms/11.8%, 50ms/64.0%, 100ms/82.0%
[35.395s][info][gc,marking  ] GC(46) Mark: 1 stripe(s), 2 proactive flush(es), 1 terminate flush(es), 0 completion(s), 0 continuation(s) 
[35.395s][info][gc,reloc    ] GC(46) Relocation: Successful, 7M relocated
[35.395s][info][gc,nmethod  ] GC(46) NMethods: 2872 registered, 0 unregistered
[35.395s][info][gc,metaspace] GC(46) Metaspace: 68M used, 71M capacity, 71M committed, 72M reserved
[35.395s][info][gc,ref      ] GC(46) Soft: 4683 encountered, 0 discovered, 0 enqueued
[35.395s][info][gc,ref      ] GC(46) Weak: 4680 encountered, 3533 discovered, 73 enqueued
[35.395s][info][gc,ref      ] GC(46) Final: 27 encountered, 0 discovered, 0 enqueued
[35.395s][info][gc,ref      ] GC(46) Phantom: 650 encountered, 647 discovered, 0 enqueued
[35.395s][info][gc,heap     ] GC(46)                Mark Start          Mark End        Relocate Start      Relocate End           High               Low         
[35.395s][info][gc,heap     ] GC(46)  Capacity:     1000M (100%)       1000M (100%)       1000M (100%)       1000M (100%)       1000M (100%)       1000M (100%)   
[35.395s][info][gc,heap     ] GC(46)   Reserve:       34M (3%)           34M (3%)           34M (3%)           34M (3%)           34M (3%)           34M (3%)     
[35.395s][info][gc,heap     ] GC(46)      Free:      450M (45%)         134M (13%)         374M (37%)         396M (40%)         450M (45%)         132M (13%)    
[35.395s][info][gc,heap     ] GC(46)      Used:      516M (52%)         832M (83%)         592M (59%)         570M (57%)         834M (83%)         516M (52%)    
[35.395s][info][gc,heap     ] GC(46)      Live:         -               216M (22%)         216M (22%)         216M (22%)            -                  -          
[35.395s][info][gc,heap     ] GC(46) Allocated:         -               316M (32%)         318M (32%)         324M (32%)            -                  -          
[35.395s][info][gc,heap     ] GC(46)   Garbage:         -               299M (30%)          57M (6%)           31M (3%)             -                  -          
[35.395s][info][gc,heap     ] GC(46) Reclaimed:         -                  -               242M (24%)         268M (27%)            -                  -          
[35.395s][info][gc          ] GC(46) Garbage Collection (Allocation Rate) 516M(52%)->570M(57%)
[35.459s][info][gc,start    ] GC(47) Garbage Collection (Allocation Rate)
[35.485s][info][gc,phases   ] GC(47) Pause Mark Start 10.103ms
[35.986s][info][gc,phases   ] GC(47) Concurrent Mark 500.755ms
[35.989s][info][gc,phases   ] GC(47) Pause Mark End 0.415ms
[35.990s][info][gc,phases   ] GC(47) Concurrent Process Non-Strong References 1.485ms
[35.990s][info][gc,phases   ] GC(47) Concurrent Reset Relocation Set 0.004ms
[35.990s][info][gc,phases   ] GC(47) Concurrent Destroy Detached Pages 0.000ms
[35.993s][info][gc,phases   ] GC(47) Concurrent Select Relocation Set 2.204ms
[35.993s][info][gc,phases   ] GC(47) Concurrent Prepare Relocation Set 0.019ms
[35.996s][info][gc,phases   ] GC(47) Pause Relocate Start 3.008ms
[36.004s][info][gc,phases   ] GC(47) Concurrent Relocate 8.164ms
[36.004s][info][gc,load     ] GC(47) Load: 2.37/1.90/1.09
[36.004s][info][gc,mmu      ] GC(47) MMU: 2ms/0.0%, 5ms/0.0%, 10ms/0.0%, 20ms/11.8%, 50ms/64.0%, 100ms/82.0%
[36.004s][info][gc,marking  ] GC(47) Mark: 1 stripe(s), 2 proactive flush(es), 1 terminate flush(es), 0 completion(s), 0 continuation(s) 
[36.004s][info][gc,reloc    ] GC(47) Relocation: Successful, 7M relocated
[36.004s][info][gc,nmethod  ] GC(47) NMethods: 2875 registered, 0 unregistered
[36.004s][info][gc,metaspace] GC(47) Metaspace: 68M used, 71M capacity, 71M committed, 72M reserved
[36.004s][info][gc,ref      ] GC(47) Soft: 4683 encountered, 0 discovered, 0 enqueued
[36.004s][info][gc,ref      ] GC(47) Weak: 4615 encountered, 3480 discovered, 19 enqueued
[36.004s][info][gc,ref      ] GC(47) Final: 27 encountered, 0 discovered, 0 enqueued
[36.004s][info][gc,ref      ] GC(47) Phantom: 650 encountered, 647 discovered, 0 enqueued
[36.004s][info][gc,heap     ] GC(47)                Mark Start          Mark End        Relocate Start      Relocate End           High               Low         
[36.004s][info][gc,heap     ] GC(47)  Capacity:     1000M (100%)       1000M (100%)       1000M (100%)       1000M (100%)       1000M (100%)       1000M (100%)   
[36.004s][info][gc,heap     ] GC(47)   Reserve:       34M (3%)           34M (3%)           34M (3%)           34M (3%)           34M (3%)           34M (3%)     
[36.004s][info][gc,heap     ] GC(47)      Free:      384M (38%)          70M (7%)          386M (39%)         394M (39%)         394M (39%)          70M (7%)     
[36.004s][info][gc,heap     ] GC(47)      Used:      582M (58%)         896M (90%)         580M (58%)         572M (57%)         896M (90%)         572M (57%)    
[36.004s][info][gc,heap     ] GC(47)      Live:         -               216M (22%)         216M (22%)         216M (22%)            -                  -          
[36.004s][info][gc,heap     ] GC(47) Allocated:         -               314M (31%)         314M (31%)         326M (33%)            -                  -          
[36.004s][info][gc,heap     ] GC(47)   Garbage:         -               365M (37%)          49M (5%)           31M (3%)             -                  -          
[36.004s][info][gc,heap     ] GC(47) Reclaimed:         -                  -               316M (32%)         334M (33%)            -                  -          
[36.004s][info][gc          ] GC(47) Garbage Collection (Allocation Rate) 582M(58%)->572M(57%)
[36.059s][info][gc,start    ] GC(48) Garbage Collection (Allocation Rate)
[36.064s][info][gc,phases   ] GC(48) Pause Mark Start 2.687ms
[36.427s][info][gc,heap     ] Page Cache Flushed: 2M requested, 6M(44M->38M) flushed
[36.438s][info][gc,heap     ] Page Cache Flushed: 2M requested, 6M(38M->32M) flushed
[36.443s][info][gc,heap     ] Page Cache Flushed: 2M requested, 32M(32M->0M) flushed
[36.494s][info][gc,phases   ] GC(48) Concurrent Mark 429.119ms
[36.497s][info][gc,phases   ] GC(48) Pause Mark End 0.369ms
[36.498s][info][gc,phases   ] GC(48) Concurrent Process Non-Strong References 1.482ms
[36.498s][info][gc,phases   ] GC(48) Concurrent Reset Relocation Set 0.003ms
[36.498s][info][gc,phases   ] GC(48) Concurrent Destroy Detached Pages 0.004ms
[36.500s][info][gc,phases   ] GC(48) Concurrent Select Relocation Set 1.514ms
[36.500s][info][gc,phases   ] GC(48) Concurrent Prepare Relocation Set 0.014ms
[36.502s][info][gc,phases   ] GC(48) Pause Relocate Start 2.243ms
[36.509s][info][gc,phases   ] GC(48) Concurrent Relocate 6.279ms
[36.509s][info][gc,load     ] GC(48) Load: 2.37/1.90/1.09
[36.509s][info][gc,mmu      ] GC(48) MMU: 2ms/0.0%, 5ms/0.0%, 10ms/0.0%, 20ms/11.8%, 50ms/64.0%, 100ms/82.0%
[36.509s][info][gc,marking  ] GC(48) Mark: 1 stripe(s), 2 proactive flush(es), 1 terminate flush(es), 0 completion(s), 0 continuation(s) 
[36.509s][info][gc,reloc    ] GC(48) Relocation: Successful, 7M relocated
[36.509s][info][gc,nmethod  ] GC(48) NMethods: 2875 registered, 0 unregistered
[36.509s][info][gc,metaspace] GC(48) Metaspace: 68M used, 71M capacity, 71M committed, 72M reserved
[36.509s][info][gc,ref      ] GC(48) Soft: 4683 encountered, 0 discovered, 0 enqueued
[36.509s][info][gc,ref      ] GC(48) Weak: 4596 encountered, 3464 discovered, 0 enqueued
[36.509s][info][gc,ref      ] GC(48) Final: 27 encountered, 0 discovered, 0 enqueued
[36.509s][info][gc,ref      ] GC(48) Phantom: 650 encountered, 647 discovered, 0 enqueued
[36.509s][info][gc,heap     ] GC(48)                Mark Start          Mark End        Relocate Start      Relocate End           High               Low         
[36.509s][info][gc,heap     ] GC(48)  Capacity:     1000M (100%)       1000M (100%)       1000M (100%)       1000M (100%)       1000M (100%)       1000M (100%)   
[36.509s][info][gc,heap     ] GC(48)   Reserve:       34M (3%)           34M (3%)           34M (3%)           34M (3%)           34M (3%)           34M (3%)     
[36.509s][info][gc,heap     ] GC(48)      Free:      312M (31%)           0M (0%)          398M (40%)         400M (40%)         400M (40%)           0M (0%)     
[36.509s][info][gc,heap     ] GC(48)      Used:      654M (65%)         966M (97%)         568M (57%)         566M (57%)         966M (97%)         566M (57%)    
[36.509s][info][gc,heap     ] GC(48)      Live:         -               216M (22%)         216M (22%)         216M (22%)            -                  -          
[36.509s][info][gc,heap     ] GC(48) Allocated:         -               312M (31%)         312M (31%)         320M (32%)            -                  -          
[36.509s][info][gc,heap     ] GC(48)   Garbage:         -               437M (44%)          39M (4%)           31M (3%)             -                  -          
[36.509s][info][gc,heap     ] GC(48) Reclaimed:         -                  -               398M (40%)         406M (41%)            -                  -          
[36.509s][info][gc          ] GC(48) Garbage Collection (Allocation Rate) 654M(65%)->566M(57%)
[36.559s][info][gc,start    ] GC(49) Garbage Collection (Allocation Rate)
[36.565s][info][gc,phases   ] GC(49) Pause Mark Start 2.657ms
[36.994s][info][gc,phases   ] GC(49) Concurrent Mark 429.521ms
[36.997s][info][gc,phases   ] GC(49) Pause Mark End 0.403ms
[36.999s][info][gc,phases   ] GC(49) Concurrent Process Non-Strong References 1.467ms
[36.999s][info][gc,phases   ] GC(49) Concurrent Reset Relocation Set 0.003ms
[36.999s][info][gc,phases   ] GC(49) Concurrent Destroy Detached Pages 0.000ms
[37.001s][info][gc,phases   ] GC(49) Concurrent Select Relocation Set 1.613ms
[37.001s][info][gc,phases   ] GC(49) Concurrent Prepare Relocation Set 0.013ms
[37.003s][info][gc,phases   ] GC(49) Pause Relocate Start 2.309ms
[37.009s][info][gc,phases   ] GC(49) Concurrent Relocate 5.747ms
[37.009s][info][gc,load     ] GC(49) Load: 2.37/1.90/1.09
[37.009s][info][gc,mmu      ] GC(49) MMU: 2ms/0.0%, 5ms/0.0%, 10ms/0.0%, 20ms/11.8%, 50ms/64.0%, 100ms/82.0%
[37.009s][info][gc,marking  ] GC(49) Mark: 1 stripe(s), 2 proactive flush(es), 1 terminate flush(es), 0 completion(s), 0 continuation(s) 
[37.009s][info][gc,reloc    ] GC(49) Relocation: Successful, 7M relocated
[37.009s][info][gc,nmethod  ] GC(49) NMethods: 2875 registered, 0 unregistered
[37.009s][info][gc,metaspace] GC(49) Metaspace: 68M used, 71M capacity, 71M committed, 72M reserved
[37.009s][info][gc,ref      ] GC(49) Soft: 4683 encountered, 0 discovered, 0 enqueued
[37.009s][info][gc,ref      ] GC(49) Weak: 4596 encountered, 3464 discovered, 0 enqueued
[37.009s][info][gc,ref      ] GC(49) Final: 27 encountered, 0 discovered, 0 enqueued
[37.009s][info][gc,ref      ] GC(49) Phantom: 650 encountered, 647 discovered, 0 enqueued
[37.009s][info][gc,heap     ] GC(49)                Mark Start          Mark End        Relocate Start      Relocate End           High               Low         
[37.009s][info][gc,heap     ] GC(49)  Capacity:     1000M (100%)       1000M (100%)       1000M (100%)       1000M (100%)       1000M (100%)       1000M (100%)   
[37.009s][info][gc,heap     ] GC(49)   Reserve:       34M (3%)           34M (3%)           34M (3%)           34M (3%)           34M (3%)           34M (3%)     
[37.009s][info][gc,heap     ] GC(49)      Free:      340M (34%)          18M (2%)          388M (39%)         388M (39%)         388M (39%)          18M (2%)     
[37.009s][info][gc,heap     ] GC(49)      Used:      626M (63%)         948M (95%)         578M (58%)         578M (58%)         948M (95%)         578M (58%)    
[37.009s][info][gc,heap     ] GC(49)      Live:         -               216M (22%)         216M (22%)         216M (22%)            -                  -          
[37.009s][info][gc,heap     ] GC(49) Allocated:         -               322M (32%)         322M (32%)         332M (33%)            -                  -          
[37.009s][info][gc,heap     ] GC(49)   Garbage:         -               409M (41%)          39M (4%)           33M (3%)             -                  -          
[37.009s][info][gc,heap     ] GC(49) Reclaimed:         -                  -               370M (37%)         376M (38%)            -                  -          
[37.009s][info][gc          ] GC(49) Garbage Collection (Allocation Rate) 626M(63%)->578M(58%)
[37.059s][info][gc,start    ] GC(50) Garbage Collection (Allocation Rate)
[37.064s][info][gc,phases   ] GC(50) Pause Mark Start 2.691ms
[37.491s][info][gc,phases   ] GC(50) Concurrent Mark 426.542ms
[37.494s][info][gc,phases   ] GC(50) Pause Mark End 0.387ms
[37.495s][info][gc,phases   ] GC(50) Concurrent Process Non-Strong References 1.453ms
[37.495s][info][gc,phases   ] GC(50) Concurrent Reset Relocation Set 0.002ms
[37.495s][info][gc,phases   ] GC(50) Concurrent Destroy Detached Pages 0.000ms
[37.497s][info][gc,phases   ] GC(50) Concurrent Select Relocation Set 1.560ms
[37.497s][info][gc,phases   ] GC(50) Concurrent Prepare Relocation Set 0.013ms
[37.499s][info][gc,phases   ] GC(50) Pause Relocate Start 2.232ms
[37.505s][info][gc,phases   ] GC(50) Concurrent Relocate 6.032ms
[37.505s][info][gc,load     ] GC(50) Load: 2.37/1.90/1.09
[37.505s][info][gc,mmu      ] GC(50) MMU: 2ms/0.0%, 5ms/0.0%, 10ms/0.0%, 20ms/11.8%, 50ms/64.0%, 100ms/82.0%
[37.505s][info][gc,marking  ] GC(50) Mark: 1 stripe(s), 2 proactive flush(es), 1 terminate flush(es), 0 completion(s), 0 continuation(s) 
[37.505s][info][gc,reloc    ] GC(50) Relocation: Successful, 7M relocated
[37.505s][info][gc,nmethod  ] GC(50) NMethods: 2875 registered, 0 unregistered
[37.505s][info][gc,metaspace] GC(50) Metaspace: 68M used, 71M capacity, 71M committed, 72M reserved
[37.505s][info][gc,ref      ] GC(50) Soft: 4683 encountered, 0 discovered, 0 enqueued
[37.505s][info][gc,ref      ] GC(50) Weak: 4596 encountered, 3464 discovered, 0 enqueued
[37.505s][info][gc,ref      ] GC(50) Final: 27 encountered, 0 discovered, 0 enqueued
[37.505s][info][gc,ref      ] GC(50) Phantom: 650 encountered, 647 discovered, 0 enqueued
[37.505s][info][gc,heap     ] GC(50)                Mark Start          Mark End        Relocate Start      Relocate End           High               Low         
[37.505s][info][gc,heap     ] GC(50)  Capacity:     1000M (100%)       1000M (100%)       1000M (100%)       1000M (100%)       1000M (100%)       1000M (100%)   
[37.505s][info][gc,heap     ] GC(50)   Reserve:       34M (3%)           34M (3%)           34M (3%)           34M (3%)           34M (3%)           34M (3%)     
[37.505s][info][gc,heap     ] GC(50)      Free:      316M (32%)           0M (0%)          392M (39%)         396M (40%)         396M (40%)           0M (0%)     
[37.505s][info][gc,heap     ] GC(50)      Used:      650M (65%)         966M (97%)         574M (57%)         570M (57%)         966M (97%)         570M (57%)    
[37.505s][info][gc,heap     ] GC(50)      Live:         -               216M (22%)         216M (22%)         216M (22%)            -                  -          
[37.505s][info][gc,heap     ] GC(50) Allocated:         -               316M (32%)         316M (32%)         324M (32%)            -                  -          
[37.505s][info][gc,heap     ] GC(50)   Garbage:         -               433M (43%)          41M (4%)           31M (3%)             -                  -          
[37.505s][info][gc,heap     ] GC(50) Reclaimed:         -                  -               392M (39%)         402M (40%)            -                  -          
[37.505s][info][gc          ] GC(50) Garbage Collection (Allocation Rate) 650M(65%)->570M(57%)
[37.559s][info][gc,start    ] GC(51) Garbage Collection (Allocation Rate)
[37.564s][info][gc,phases   ] GC(51) Pause Mark Start 2.663ms
[38.005s][info][gc,phases   ] GC(51) Concurrent Mark 440.230ms
[38.008s][info][gc,phases   ] GC(51) Pause Mark End 0.430ms
[38.009s][info][gc,phases   ] GC(51) Concurrent Process Non-Strong References 1.496ms
[38.009s][info][gc,phases   ] GC(51) Concurrent Reset Relocation Set 0.003ms
[38.009s][info][gc,phases   ] GC(51) Concurrent Destroy Detached Pages 0.000ms
[38.011s][info][gc,phases   ] GC(51) Concurrent Select Relocation Set 1.537ms
[38.011s][info][gc,phases   ] GC(51) Concurrent Prepare Relocation Set 0.012ms
[38.014s][info][gc,phases   ] GC(51) Pause Relocate Start 2.309ms
[38.019s][info][gc,phases   ] GC(51) Concurrent Relocate 5.598ms
[38.019s][info][gc,load     ] GC(51) Load: 2.37/1.90/1.09
[38.019s][info][gc,mmu      ] GC(51) MMU: 2ms/0.0%, 5ms/0.0%, 10ms/0.0%, 20ms/11.8%, 50ms/64.0%, 100ms/82.0%
[38.019s][info][gc,marking  ] GC(51) Mark: 1 stripe(s), 2 proactive flush(es), 1 terminate flush(es), 0 completion(s), 0 continuation(s) 
[38.019s][info][gc,reloc    ] GC(51) Relocation: Successful, 7M relocated
[38.019s][info][gc,nmethod  ] GC(51) NMethods: 2880 registered, 0 unregistered
[38.019s][info][gc,metaspace] GC(51) Metaspace: 68M used, 71M capacity, 71M committed, 72M reserved
[38.019s][info][gc,ref      ] GC(51) Soft: 4683 encountered, 0 discovered, 0 enqueued
[38.019s][info][gc,ref      ] GC(51) Weak: 4596 encountered, 3489 discovered, 0 enqueued
[38.019s][info][gc,ref      ] GC(51) Final: 27 encountered, 0 discovered, 0 enqueued
[38.019s][info][gc,ref      ] GC(51) Phantom: 650 encountered, 647 discovered, 0 enqueued
[38.019s][info][gc,heap     ] GC(51)                Mark Start          Mark End        Relocate Start      Relocate End           High               Low         
[38.019s][info][gc,heap     ] GC(51)  Capacity:     1000M (100%)       1000M (100%)       1000M (100%)       1000M (100%)       1000M (100%)       1000M (100%)   
[38.019s][info][gc,heap     ] GC(51)   Reserve:       34M (3%)           34M (3%)           34M (3%)           34M (3%)           34M (3%)           34M (3%)     
[38.019s][info][gc,heap     ] GC(51)      Free:      314M (31%)           8M (1%)          404M (40%)         404M (40%)         404M (40%)           8M (1%)     
[38.019s][info][gc,heap     ] GC(51)      Used:      652M (65%)         958M (96%)         562M (56%)         562M (56%)         958M (96%)         562M (56%)    
[38.019s][info][gc,heap     ] GC(51)      Live:         -               216M (22%)         216M (22%)         216M (22%)            -                  -          
[38.019s][info][gc,heap     ] GC(51) Allocated:         -               306M (31%)         306M (31%)         316M (32%)            -                  -          
[38.019s][info][gc,heap     ] GC(51)   Garbage:         -               435M (44%)          39M (4%)           33M (3%)             -                  -          
[38.019s][info][gc,heap     ] GC(51) Reclaimed:         -                  -               396M (40%)         402M (40%)            -                  -          
[38.019s][info][gc          ] GC(51) Garbage Collection (Allocation Rate) 652M(65%)->562M(56%)
[38.060s][info][gc,start    ] GC(52) Garbage Collection (Allocation Rate)
[38.065s][info][gc,phases   ] GC(52) Pause Mark Start 2.776ms
[38.207s][info][gc,heap     ] Page Cache Flushed: 6M requested, 6M(262M->256M) flushed
[38.440s][info][gc,phases   ] GC(52) Concurrent Mark 375.235ms
[38.442s][info][gc,phases   ] GC(52) Pause Mark End 0.876ms
[38.446s][info][gc,phases   ] GC(52) Concurrent Process Non-Strong References 3.795ms
[38.446s][info][gc,phases   ] GC(52) Concurrent Reset Relocation Set 0.007ms
[38.446s][info][gc,phases   ] GC(52) Concurrent Destroy Detached Pages 0.012ms
[38.448s][info][gc,phases   ] GC(52) Concurrent Select Relocation Set 1.871ms
[38.448s][info][gc,phases   ] GC(52) Concurrent Prepare Relocation Set 0.014ms
[38.451s][info][gc,phases   ] GC(52) Pause Relocate Start 2.260ms
[38.452s][info][gc,phases   ] GC(52) Concurrent Relocate 0.994ms
[38.452s][info][gc,load     ] GC(52) Load: 2.37/1.90/1.09
[38.452s][info][gc,mmu      ] GC(52) MMU: 2ms/0.0%, 5ms/0.0%, 10ms/0.0%, 20ms/11.8%, 50ms/64.0%, 100ms/82.0%
[38.452s][info][gc,marking  ] GC(52) Mark: 1 stripe(s), 2 proactive flush(es), 1 terminate flush(es), 0 completion(s), 0 continuation(s) 
[38.452s][info][gc,reloc    ] GC(52) Relocation: Successful, 7M relocated
[38.452s][info][gc,nmethod  ] GC(52) NMethods: 2943 registered, 0 unregistered
[38.452s][info][gc,metaspace] GC(52) Metaspace: 68M used, 71M capacity, 71M committed, 72M reserved
[38.452s][info][gc,ref      ] GC(52) Soft: 4685 encountered, 0 discovered, 0 enqueued
[38.452s][info][gc,ref      ] GC(52) Weak: 4603 encountered, 3521 discovered, 3 enqueued
[38.452s][info][gc,ref      ] GC(52) Final: 27 encountered, 0 discovered, 0 enqueued
[38.452s][info][gc,ref      ] GC(52) Phantom: 650 encountered, 647 discovered, 0 enqueued
[38.452s][info][gc,heap     ] GC(52)                Mark Start          Mark End        Relocate Start      Relocate End           High               Low         
[38.452s][info][gc,heap     ] GC(52)  Capacity:     1000M (100%)       1000M (100%)       1000M (100%)       1000M (100%)       1000M (100%)       1000M (100%)   
[38.452s][info][gc,heap     ] GC(52)   Reserve:       34M (3%)           34M (3%)           34M (3%)           34M (3%)           34M (3%)           34M (3%)     
[38.452s][info][gc,heap     ] GC(52)      Free:      344M (34%)         254M (25%)         616M (62%)         628M (63%)         628M (63%)         254M (25%)    
[38.452s][info][gc,heap     ] GC(52)      Used:      622M (62%)         712M (71%)         350M (35%)         338M (34%)         712M (71%)         338M (34%)    
[38.452s][info][gc,heap     ] GC(52)      Live:         -               216M (22%)         216M (22%)         216M (22%)            -                  -          
[38.452s][info][gc,heap     ] GC(52) Allocated:         -                90M (9%)           90M (9%)           92M (9%)             -                  -          
[38.452s][info][gc,heap     ] GC(52)   Garbage:         -               405M (41%)          43M (4%)           31M (3%)             -                  -          
[38.452s][info][gc,heap     ] GC(52) Reclaimed:         -                  -               362M (36%)         374M (37%)            -                  -          
[38.452s][info][gc          ] GC(52) Garbage Collection (Allocation Rate) 622M(62%)->338M(34%)
[38.452s][info][gc,start    ] GC(53) Garbage Collection (System.gc())
[38.455s][info][gc,phases   ] GC(53) Pause Mark Start 2.618ms
[38.682s][info][gc,phases   ] GC(53) Concurrent Mark 227.305ms
[38.683s][info][gc,phases   ] GC(53) Pause Mark End 0.385ms
[38.684s][info][gc,phases   ] GC(53) Concurrent Process Non-Strong References 1.465ms
[38.684s][info][gc,phases   ] GC(53) Concurrent Reset Relocation Set 0.003ms
[38.684s][info][gc,phases   ] GC(53) Concurrent Destroy Detached Pages 0.000ms
[38.686s][info][gc,phases   ] GC(53) Concurrent Select Relocation Set 1.515ms
[38.686s][info][gc,phases   ] GC(53) Concurrent Prepare Relocation Set 0.014ms
[38.688s][info][gc,phases   ] GC(53) Pause Relocate Start 2.316ms
[38.692s][info][gc,phases   ] GC(53) Concurrent Relocate 3.894ms
[38.692s][info][gc,load     ] GC(53) Load: 2.37/1.90/1.09
[38.692s][info][gc,mmu      ] GC(53) MMU: 2ms/0.0%, 5ms/0.0%, 10ms/0.0%, 20ms/11.8%, 50ms/64.0%, 100ms/82.0%
[38.692s][info][gc,marking  ] GC(53) Mark: 1 stripe(s), 2 proactive flush(es), 1 terminate flush(es), 0 completion(s), 0 continuation(s) 
[38.692s][info][gc,reloc    ] GC(53) Relocation: Successful, 7M relocated
[38.692s][info][gc,nmethod  ] GC(53) NMethods: 2947 registered, 0 unregistered
[38.692s][info][gc,metaspace] GC(53) Metaspace: 68M used, 71M capacity, 71M committed, 72M reserved
[38.692s][info][gc,ref      ] GC(53) Soft: 4684 encountered, 0 discovered, 0 enqueued
[38.692s][info][gc,ref      ] GC(53) Weak: 4670 encountered, 3588 discovered, 120 enqueued
[38.692s][info][gc,ref      ] GC(53) Final: 27 encountered, 0 discovered, 0 enqueued
[38.692s][info][gc,ref      ] GC(53) Phantom: 650 encountered, 647 discovered, 0 enqueued
[38.692s][info][gc,heap     ] GC(53)                Mark Start          Mark End        Relocate Start      Relocate End           High               Low         
[38.692s][info][gc,heap     ] GC(53)  Capacity:     1000M (100%)       1000M (100%)       1000M (100%)       1000M (100%)       1000M (100%)       1000M (100%)   
[38.692s][info][gc,heap     ] GC(53)   Reserve:       34M (3%)           34M (3%)           34M (3%)           34M (3%)           34M (3%)           34M (3%)     
[38.692s][info][gc,heap     ] GC(53)      Free:      628M (63%)         626M (63%)         710M (71%)         716M (72%)         716M (72%)         626M (63%)    
[38.692s][info][gc,heap     ] GC(53)      Used:      338M (34%)         340M (34%)         256M (26%)         250M (25%)         340M (34%)         250M (25%)    
[38.692s][info][gc,heap     ] GC(53)      Live:         -               216M (22%)         216M (22%)         216M (22%)            -                  -          
[38.692s][info][gc,heap     ] GC(53) Allocated:         -                 2M (0%)            2M (0%)            4M (0%)             -                  -          
[38.692s][info][gc,heap     ] GC(53)   Garbage:         -               121M (12%)          37M (4%)           31M (3%)             -                  -          
[38.692s][info][gc,heap     ] GC(53) Reclaimed:         -                  -                84M (8%)           90M (9%)             -                  -          
[38.692s][info][gc          ] GC(53) Garbage Collection (System.gc()) 338M(34%)->250M(25%)
[38.708s][info][gc,heap     ] Page Cache Flushed: 32M requested, 32M(714M->682M) flushed
[38.759s][info][gc,start    ] GC(54) Garbage Collection (Allocation Rate)
[38.763s][info][gc,phases   ] GC(54) Pause Mark Start 2.940ms
[38.770s][info][gc,heap     ] Page Cache Flushed: 6M requested, 6M(674M->668M) flushed
[38.859s][info][gc,heap     ] Page Cache Flushed: 32M requested, 32M(660M->628M) flushed
[38.935s][info][gc,heap     ] Page Cache Flushed: 6M requested, 6M(626M->620M) flushed
[39.494s][info][gc,phases   ] GC(54) Concurrent Mark 731.079ms
[39.501s][info][gc,phases   ] GC(54) Pause Mark End 0.429ms
[39.505s][info][gc,phases   ] GC(54) Concurrent Process Non-Strong References 3.595ms
[39.505s][info][gc,phases   ] GC(54) Concurrent Reset Relocation Set 0.002ms
[39.505s][info][gc,phases   ] GC(54) Concurrent Destroy Detached Pages 0.030ms
[39.507s][info][gc,phases   ] GC(54) Concurrent Select Relocation Set 1.522ms
[39.507s][info][gc,phases   ] GC(54) Concurrent Prepare Relocation Set 0.019ms
[39.510s][info][gc,phases   ] GC(54) Pause Relocate Start 2.413ms
[39.521s][info][gc,phases   ] GC(54) Concurrent Relocate 10.725ms
[39.521s][info][gc,load     ] GC(54) Load: 2.37/1.90/1.09
[39.521s][info][gc,mmu      ] GC(54) MMU: 2ms/0.0%, 5ms/0.0%, 10ms/0.0%, 20ms/11.8%, 50ms/64.0%, 100ms/82.0%
[39.521s][info][gc,marking  ] GC(54) Mark: 1 stripe(s), 2 proactive flush(es), 1 terminate flush(es), 0 completion(s), 0 continuation(s) 
[39.521s][info][gc,reloc    ] GC(54) Relocation: Successful, 7M relocated
[39.521s][info][gc,nmethod  ] GC(54) NMethods: 3017 registered, 0 unregistered
[39.521s][info][gc,metaspace] GC(54) Metaspace: 68M used, 71M capacity, 71M committed, 72M reserved
[39.521s][info][gc,ref      ] GC(54) Soft: 4685 encountered, 0 discovered, 0 enqueued
[39.521s][info][gc,ref      ] GC(54) Weak: 4572 encountered, 3491 discovered, 3 enqueued
[39.521s][info][gc,ref      ] GC(54) Final: 27 encountered, 0 discovered, 0 enqueued
[39.521s][info][gc,ref      ] GC(54) Phantom: 650 encountered, 647 discovered, 0 enqueued
[39.521s][info][gc,heap     ] GC(54)                Mark Start          Mark End        Relocate Start      Relocate End           High               Low         
[39.521s][info][gc,heap     ] GC(54)  Capacity:     1000M (100%)       1000M (100%)       1000M (100%)       1000M (100%)       1000M (100%)       1000M (100%)   
[39.521s][info][gc,heap     ] GC(54)   Reserve:       34M (3%)           34M (3%)           34M (3%)           34M (3%)           34M (3%)           34M (3%)     
[39.521s][info][gc,heap     ] GC(54)      Free:      676M (68%)         378M (38%)         406M (41%)         412M (41%)         676M (68%)         374M (37%)    
[39.521s][info][gc,heap     ] GC(54)      Used:      290M (29%)         588M (59%)         560M (56%)         554M (55%)         592M (59%)         290M (29%)    
[39.521s][info][gc,heap     ] GC(54)      Live:         -               216M (22%)         216M (22%)         216M (22%)            -                  -          
[39.521s][info][gc,heap     ] GC(54) Allocated:         -               298M (30%)         302M (30%)         308M (31%)            -                  -          
[39.521s][info][gc,heap     ] GC(54)   Garbage:         -                73M (7%)           41M (4%)           31M (3%)             -                  -          
[39.521s][info][gc,heap     ] GC(54) Reclaimed:         -                  -                32M (3%)           42M (4%)             -                  -          
[39.521s][info][gc          ] GC(54) Garbage Collection (Allocation Rate) 290M(29%)->554M(55%)
[39.559s][info][gc,start    ] GC(55) Garbage Collection (Allocation Rate)
[39.566s][info][gc,phases   ] GC(55) Pause Mark Start 2.746ms
[40.060s][info][gc,stats    ] === Garbage Collection Statistics =======================================================================================================================
[40.060s][info][gc,stats    ]                                                              Last 10s              Last 10m              Last 10h                Total
[40.060s][info][gc,stats    ]                                                              Avg / Max             Avg / Max             Avg / Max             Avg / Max
[40.060s][info][gc,stats    ]   Collector: Garbage Collection Cycle                    499.768 / 816.972     481.979 / 1112.366    481.979 / 1112.366    481.979 / 1112.366    ms
[40.060s][info][gc,stats    ]  Contention: Mark Segment Reset Contention                     0 / 0                 0 / 0                 0 / 0                 0 / 0           ops/s
[40.060s][info][gc,stats    ]  Contention: Mark SeqNum Reset Contention                      0 / 0                 0 / 0                 0 / 0                 0 / 0           ops/s
[40.060s][info][gc,stats    ]  Contention: Relocation Contention                             0 / 0                 0 / 1                 0 / 1                 0 / 1           ops/s
[40.060s][info][gc,stats    ]    Critical: Allocation Stall                              0.000 / 0.000        59.760 / 252.291      59.760 / 252.291      59.760 / 252.291     ms
[40.060s][info][gc,stats    ]    Critical: Allocation Stall                                  0 / 0                 0 / 5                 0 / 5                 0 / 5           ops/s
[40.060s][info][gc,stats    ]    Critical: GC Locker Stall                               0.000 / 0.000         3.908 / 3.908         3.908 / 3.908         3.908 / 3.908       ms
[40.060s][info][gc,stats    ]    Critical: GC Locker Stall                                   0 / 0                 0 / 1                 0 / 1                 0 / 1           ops/s
[40.060s][info][gc,stats    ]      Memory: Allocation Rate                                 551 / 780             440 / 928             440 / 928             440 / 928         MB/s
[40.060s][info][gc,stats    ]      Memory: Heap Used After Mark                            793 / 966             736 / 966             736 / 966             736 / 966         MB
[40.060s][info][gc,stats    ]      Memory: Heap Used After Relocation                      501 / 578             457 / 802             457 / 802             457 / 802         MB
[40.060s][info][gc,stats    ]      Memory: Heap Used Before Mark                           555 / 658             522 / 822             522 / 822             522 / 822         MB
[40.060s][info][gc,stats    ]      Memory: Heap Used Before Relocation                     507 / 592             499 / 966             499 / 966             499 / 966         MB
[40.060s][info][gc,stats    ]      Memory: Out Of Memory                                     0 / 0                 0 / 0                 0 / 0                 0 / 0           ops/s
[40.060s][info][gc,stats    ]      Memory: Page Cache Flush                                 21 / 82               19 / 102              19 / 102              19 / 102         MB/s
[40.060s][info][gc,stats    ]      Memory: Page Cache Hit L1                               266 / 391             203 / 465             203 / 465             203 / 465         ops/s
[40.060s][info][gc,stats    ]      Memory: Page Cache Hit L2                                 0 / 0                 0 / 0                 0 / 0                 0 / 0           ops/s
[40.060s][info][gc,stats    ]      Memory: Page Cache Miss                                   5 / 22               15 / 164              15 / 164              15 / 164         ops/s
[40.060s][info][gc,stats    ]      Memory: Undo Object Allocation Failed                     0 / 0                 0 / 0                 0 / 0                 0 / 0           ops/s
[40.060s][info][gc,stats    ]      Memory: Undo Object Allocation Succeeded                  0 / 0                 0 / 1                 0 / 1                 0 / 1           ops/s
[40.060s][info][gc,stats    ]      Memory: Undo Page Allocation                              0 / 0                 0 / 1                 0 / 1                 0 / 1           ops/s
[40.060s][info][gc,stats    ]       Phase: Concurrent Destroy Detached Pages             0.005 / 0.030         0.008 / 0.210         0.008 / 0.210         0.008 / 0.210       ms
[40.060s][info][gc,stats    ]       Phase: Concurrent Mark                             474.809 / 792.628     419.845 / 898.715     419.845 / 898.715     419.845 / 898.715     ms
[40.060s][info][gc,stats    ]       Phase: Concurrent Mark Continue                      0.000 / 0.000         0.000 / 0.000         0.000 / 0.000         0.000 / 0.000       ms
[40.060s][info][gc,stats    ]       Phase: Concurrent Prepare Relocation Set             0.017 / 0.032         1.989 / 27.133        1.989 / 27.133        1.989 / 27.133      ms
[40.060s][info][gc,stats    ]       Phase: Concurrent Process Non-Strong References      1.848 / 3.795         1.729 / 11.820        1.729 / 11.820        1.729 / 11.820      ms
[40.060s][info][gc,stats    ]       Phase: Concurrent Relocate                           5.020 / 10.725       43.560 / 435.689      43.560 / 435.689      43.560 / 435.689     ms
[40.060s][info][gc,stats    ]       Phase: Concurrent Reset Relocation Set               0.004 / 0.007         0.097 / 1.052         0.097 / 1.052         0.097 / 1.052       ms
[40.060s][info][gc,stats    ]       Phase: Concurrent Select Relocation Set              2.344 / 8.684         2.286 / 8.684         2.286 / 8.684         2.286 / 8.684       ms
[40.060s][info][gc,stats    ]       Phase: Pause Mark End                                0.415 / 0.876         0.299 / 0.876         0.299 / 0.876         0.299 / 0.876       ms
[40.060s][info][gc,stats    ]       Phase: Pause Mark Start                              3.228 / 10.103        2.575 / 10.103        2.575 / 10.103        2.575 / 10.103      ms
[40.060s][info][gc,stats    ]       Phase: Pause Relocate Start                          3.265 / 17.632        2.460 / 17.632        2.460 / 17.632        2.460 / 17.632      ms
[40.060s][info][gc,stats    ]    Subphase: Concurrent Mark                             472.717 / 789.559     418.588 / 898.690     418.588 / 898.690     418.588 / 898.690     ms
[40.060s][info][gc,stats    ]    Subphase: Concurrent Mark Idle                          0.000 / 0.000         0.000 / 0.000         0.000 / 0.000         0.000 / 0.000       ms
[40.060s][info][gc,stats    ]    Subphase: Concurrent Mark Try Flush                     1.594 / 16.352        1.305 / 16.352        1.305 / 16.352        1.305 / 16.352      ms
[40.060s][info][gc,stats    ]    Subphase: Concurrent Mark Try Terminate                 0.430 / 3.894         0.380 / 3.894         0.380 / 3.894         0.380 / 3.894       ms
[40.060s][info][gc,stats    ]    Subphase: Concurrent References Enqueue                 0.002 / 0.008         0.002 / 0.008         0.002 / 0.008         0.002 / 0.008       ms
[40.060s][info][gc,stats    ]    Subphase: Concurrent References Process                 0.864 / 2.808         0.845 / 9.221         0.845 / 9.221         0.845 / 9.221       ms
[40.060s][info][gc,stats    ]    Subphase: Concurrent Weak Roots                         0.967 / 2.028         0.839 / 2.028         0.839 / 2.028         0.839 / 2.028       ms
[40.060s][info][gc,stats    ]    Subphase: Concurrent Weak Roots JNIWeakHandles          0.000 / 0.001         0.000 / 0.001         0.000 / 0.001         0.000 / 0.001       ms
[40.060s][info][gc,stats    ]    Subphase: Concurrent Weak Roots StringTable             0.702 / 1.504         0.620 / 1.504         0.620 / 1.504         0.620 / 1.504       ms
[40.060s][info][gc,stats    ]    Subphase: Concurrent Weak Roots VMWeakHandles           0.264 / 0.553         0.218 / 0.553         0.218 / 0.553         0.218 / 0.553       ms
[40.060s][info][gc,stats    ]    Subphase: Pause Mark Try Complete                       0.000 / 0.000         0.000 / 0.000         0.000 / 0.000         0.000 / 0.000       ms
[40.060s][info][gc,stats    ]    Subphase: Pause Remap TLABS                             0.002 / 0.015         0.001 / 0.015         0.001 / 0.015         0.001 / 0.015       ms
[40.060s][info][gc,stats    ]    Subphase: Pause Retire TLABS                            0.027 / 0.059         0.019 / 0.059         0.019 / 0.059         0.019 / 0.059       ms
[40.060s][info][gc,stats    ]    Subphase: Pause Roots                                   2.021 / 17.223        1.559 / 17.223        1.559 / 17.223        1.559 / 17.223      ms
[40.060s][info][gc,stats    ]    Subphase: Pause Roots ClassLoaderDataGraph              0.773 / 2.763         0.695 / 2.763         0.695 / 2.763         0.695 / 2.763       ms
[40.060s][info][gc,stats    ]    Subphase: Pause Roots CodeCache                         1.465 / 14.716        1.043 / 14.716        1.043 / 14.716        1.043 / 14.716      ms
[40.060s][info][gc,stats    ]    Subphase: Pause Roots JNIHandles                        0.001 / 0.003         0.001 / 0.005         0.001 / 0.005         0.001 / 0.005       ms
[40.060s][info][gc,stats    ]    Subphase: Pause Roots JNIWeakHandles                    0.000 / 0.000         0.000 / 0.000         0.000 / 0.000         0.000 / 0.000       ms
[40.060s][info][gc,stats    ]    Subphase: Pause Roots JRFWeak                           0.000 / 0.000         0.000 / 0.000         0.000 / 0.000         0.000 / 0.000       ms
[40.060s][info][gc,stats    ]    Subphase: Pause Roots JVMTIExport                       0.001 / 0.009         0.001 / 0.009         0.001 / 0.009         0.001 / 0.009       ms
[40.060s][info][gc,stats    ]    Subphase: Pause Roots JVMTIWeakExport                   0.001 / 0.002         0.001 / 0.002         0.001 / 0.002         0.001 / 0.002       ms
[40.060s][info][gc,stats    ]    Subphase: Pause Roots Management                        0.001 / 0.005         0.005 / 0.398         0.005 / 0.398         0.005 / 0.398       ms
[40.060s][info][gc,stats    ]    Subphase: Pause Roots ObjectSynchronizer                0.000 / 0.007         0.000 / 0.007         0.000 / 0.007         0.000 / 0.007       ms
[40.060s][info][gc,stats    ]    Subphase: Pause Roots Setup                             0.211 / 1.260         0.177 / 1.260         0.177 / 1.260         0.177 / 1.260       ms
[40.060s][info][gc,stats    ]    Subphase: Pause Roots StringTable                       0.000 / 0.000         0.000 / 0.000         0.000 / 0.000         0.000 / 0.000       ms
[40.060s][info][gc,stats    ]    Subphase: Pause Roots SystemDictionary                  0.015 / 0.061         0.016 / 0.328         0.016 / 0.328         0.016 / 0.328       ms
[40.060s][info][gc,stats    ]    Subphase: Pause Roots Teardown                          0.001 / 0.009         0.001 / 0.009         0.001 / 0.009         0.001 / 0.009       ms
[40.060s][info][gc,stats    ]    Subphase: Pause Roots Threads                           0.510 / 3.876         0.373 / 3.876         0.373 / 3.876         0.373 / 3.876       ms
[40.060s][info][gc,stats    ]    Subphase: Pause Roots Universe                          0.002 / 0.006         0.007 / 0.534         0.007 / 0.534         0.007 / 0.534       ms
[40.060s][info][gc,stats    ]    Subphase: Pause Roots VMWeakHandles                     0.000 / 0.000         0.000 / 0.000         0.000 / 0.000         0.000 / 0.000       ms
[40.060s][info][gc,stats    ]    Subphase: Pause Weak Roots                              0.002 / 0.003         0.002 / 0.007         0.002 / 0.007         0.002 / 0.007       ms
[40.060s][info][gc,stats    ]    Subphase: Pause Weak Roots JFRWeak                      0.001 / 0.001         0.001 / 0.001         0.001 / 0.001         0.001 / 0.001       ms
[40.060s][info][gc,stats    ]    Subphase: Pause Weak Roots JNIWeakHandles               0.000 / 0.000         0.000 / 0.000         0.000 / 0.000         0.000 / 0.000       ms
[40.060s][info][gc,stats    ]    Subphase: Pause Weak Roots JVMTIWeakExport              0.001 / 0.001         0.001 / 0.006         0.001 / 0.006         0.001 / 0.006       ms
[40.060s][info][gc,stats    ]    Subphase: Pause Weak Roots Setup                        0.000 / 0.000         0.000 / 0.000         0.000 / 0.000         0.000 / 0.000       ms
[40.060s][info][gc,stats    ]    Subphase: Pause Weak Roots StringTable                  0.000 / 0.000         0.000 / 0.000         0.000 / 0.000         0.000 / 0.000       ms
[40.060s][info][gc,stats    ]    Subphase: Pause Weak Roots SymbolTable                  0.000 / 0.000         0.000 / 0.000         0.000 / 0.000         0.000 / 0.000       ms
[40.060s][info][gc,stats    ]    Subphase: Pause Weak Roots Teardown                     0.001 / 0.001         0.001 / 0.001         0.001 / 0.001         0.001 / 0.001       ms
[40.060s][info][gc,stats    ]    Subphase: Pause Weak Roots VMWeakHandles                0.000 / 0.000         0.000 / 0.000         0.000 / 0.000         0.000 / 0.000       ms
[40.060s][info][gc,stats    ]      System: Java Threads                                    128 / 152              85 / 152              85 / 152              85 / 152         threads
[40.060s][info][gc,stats    ] =========================================================================================================================================================
[40.224s][info][gc,phases   ] GC(55) Concurrent Mark 657.497ms
[40.229s][info][gc,phases   ] GC(55) Pause Mark End 0.415ms
[40.236s][info][gc,phases   ] GC(55) Concurrent Process Non-Strong References 6.951ms
[40.236s][info][gc,phases   ] GC(55) Concurrent Reset Relocation Set 0.003ms
[40.236s][info][gc,phases   ] GC(55) Concurrent Destroy Detached Pages 0.000ms
[40.238s][info][gc,phases   ] GC(55) Concurrent Select Relocation Set 2.158ms
[40.238s][info][gc,phases   ] GC(55) Concurrent Prepare Relocation Set 0.015ms
[40.250s][info][gc,phases   ] GC(55) Pause Relocate Start 2.556ms
[40.253s][info][gc,phases   ] GC(55) Concurrent Relocate 2.785ms
[40.253s][info][gc,load     ] GC(55) Load: 2.37/1.90/1.09
[40.253s][info][gc,mmu      ] GC(55) MMU: 2ms/0.0%, 5ms/0.0%, 10ms/0.0%, 20ms/11.8%, 50ms/64.0%, 100ms/82.0%
[40.253s][info][gc,marking  ] GC(55) Mark: 1 stripe(s), 2 proactive flush(es), 1 terminate flush(es), 0 completion(s), 0 continuation(s) 
[40.253s][info][gc,reloc    ] GC(55) Relocation: Successful, 7M relocated
[40.253s][info][gc,nmethod  ] GC(55) NMethods: 3019 registered, 0 unregistered
[40.253s][info][gc,metaspace] GC(55) Metaspace: 68M used, 71M capacity, 71M committed, 72M reserved
[40.253s][info][gc,ref      ] GC(55) Soft: 4690 encountered, 0 discovered, 0 enqueued
[40.253s][info][gc,ref      ] GC(55) Weak: 4704 encountered, 3566 discovered, 71 enqueued
[40.253s][info][gc,ref      ] GC(55) Final: 27 encountered, 0 discovered, 0 enqueued
[40.253s][info][gc,ref      ] GC(55) Phantom: 650 encountered, 647 discovered, 0 enqueued
[40.253s][info][gc,heap     ] GC(55)                Mark Start          Mark End        Relocate Start      Relocate End           High               Low         
[40.253s][info][gc,heap     ] GC(55)  Capacity:     1000M (100%)       1000M (100%)       1000M (100%)       1000M (100%)       1000M (100%)       1000M (100%)   
[40.253s][info][gc,heap     ] GC(55)   Reserve:       34M (3%)           34M (3%)           34M (3%)           34M (3%)           34M (3%)           34M (3%)     
[40.253s][info][gc,heap     ] GC(55)      Free:      382M (38%)          80M (8%)          388M (39%)         408M (41%)         408M (41%)          74M (7%)     
[40.253s][info][gc,heap     ] GC(55)      Used:      584M (58%)         886M (89%)         578M (58%)         558M (56%)         892M (89%)         558M (56%)    
[40.253s][info][gc,heap     ] GC(55)      Live:         -               216M (22%)         216M (22%)         216M (22%)            -                  -          
[40.253s][info][gc,heap     ] GC(55) Allocated:         -               302M (30%)         308M (31%)         312M (31%)            -                  -          
[40.253s][info][gc,heap     ] GC(55)   Garbage:         -               367M (37%)          53M (5%)           33M (3%)             -                  -          
[40.253s][info][gc,heap     ] GC(55) Reclaimed:         -                  -               314M (31%)         334M (33%)            -                  -          
[40.253s][info][gc          ] GC(55) Garbage Collection (Allocation Rate) 584M(58%)->558M(56%)
[40.259s][info][gc,start    ] GC(56) Garbage Collection (Allocation Rate)
[40.265s][info][gc,phases   ] GC(56) Pause Mark Start 2.815ms
[40.797s][info][gc,phases   ] GC(56) Concurrent Mark 531.994ms
[40.800s][info][gc,phases   ] GC(56) Pause Mark End 0.448ms
[40.802s][info][gc,phases   ] GC(56) Concurrent Process Non-Strong References 1.472ms
[40.802s][info][gc,phases   ] GC(56) Concurrent Reset Relocation Set 0.005ms
[40.802s][info][gc,phases   ] GC(56) Concurrent Destroy Detached Pages 0.000ms
[40.803s][info][gc,phases   ] GC(56) Concurrent Select Relocation Set 1.541ms
[40.803s][info][gc,phases   ] GC(56) Concurrent Prepare Relocation Set 0.012ms
[40.806s][info][gc,phases   ] GC(56) Pause Relocate Start 2.537ms
[40.813s][info][gc,phases   ] GC(56) Concurrent Relocate 6.608ms
[40.813s][info][gc,load     ] GC(56) Load: 2.34/1.91/1.09
[40.813s][info][gc,mmu      ] GC(56) MMU: 2ms/0.0%, 5ms/0.0%, 10ms/0.0%, 20ms/11.8%, 50ms/64.0%, 100ms/82.0%
[40.813s][info][gc,marking  ] GC(56) Mark: 1 stripe(s), 2 proactive flush(es), 1 terminate flush(es), 0 completion(s), 0 continuation(s) 
[40.813s][info][gc,reloc    ] GC(56) Relocation: Successful, 7M relocated
[40.813s][info][gc,nmethod  ] GC(56) NMethods: 3031 registered, 0 unregistered
[40.813s][info][gc,metaspace] GC(56) Metaspace: 68M used, 71M capacity, 71M committed, 72M reserved
[40.813s][info][gc,ref      ] GC(56) Soft: 4690 encountered, 0 discovered, 0 enqueued
[40.813s][info][gc,ref      ] GC(56) Weak: 4633 encountered, 3502 discovered, 0 enqueued
[40.813s][info][gc,ref      ] GC(56) Final: 27 encountered, 0 discovered, 0 enqueued
[40.813s][info][gc,ref      ] GC(56) Phantom: 650 encountered, 647 discovered, 0 enqueued
[40.813s][info][gc,heap     ] GC(56)                Mark Start          Mark End        Relocate Start      Relocate End           High               Low         
[40.813s][info][gc,heap     ] GC(56)  Capacity:     1000M (100%)       1000M (100%)       1000M (100%)       1000M (100%)       1000M (100%)       1000M (100%)   
[40.813s][info][gc,heap     ] GC(56)   Reserve:       34M (3%)           34M (3%)           34M (3%)           34M (3%)           34M (3%)           34M (3%)     
[40.813s][info][gc,heap     ] GC(56)      Free:      404M (40%)          82M (8%)          386M (39%)         388M (39%)         404M (40%)          82M (8%)     
[40.813s][info][gc,heap     ] GC(56)      Used:      562M (56%)         884M (88%)         580M (58%)         578M (58%)         884M (88%)         562M (56%)    
[40.813s][info][gc,heap     ] GC(56)      Live:         -               216M (22%)         216M (22%)         216M (22%)            -                  -          
[40.813s][info][gc,heap     ] GC(56) Allocated:         -               322M (32%)         322M (32%)         332M (33%)            -                  -          
[40.813s][info][gc,heap     ] GC(56)   Garbage:         -               345M (35%)          41M (4%)           31M (3%)             -                  -          
[40.813s][info][gc,heap     ] GC(56) Reclaimed:         -                  -               304M (30%)         314M (31%)            -                  -          
[40.813s][info][gc          ] GC(56) Garbage Collection (Allocation Rate) 562M(56%)->578M(58%)
[40.859s][info][gc,start    ] GC(57) Garbage Collection (Allocation Rate)
[40.865s][info][gc,phases   ] GC(57) Pause Mark Start 2.798ms
[41.234s][info][gc,heap     ] Page Cache Flushed: 2M requested, 6M(76M->70M) flushed
[41.245s][info][gc,heap     ] Page Cache Flushed: 2M requested, 6M(70M->64M) flushed
[41.256s][info][gc,heap     ] Page Cache Flushed: 2M requested, 32M(64M->32M) flushed
[41.313s][info][gc,heap     ] Page Cache Flushed: 2M requested, 32M(32M->0M) flushed
[41.342s][info][gc,phases   ] GC(57) Concurrent Mark 477.138ms
[41.345s][info][gc,phases   ] GC(57) Pause Mark End 0.432ms
[41.347s][info][gc,phases   ] GC(57) Concurrent Process Non-Strong References 1.480ms
[41.347s][info][gc,phases   ] GC(57) Concurrent Reset Relocation Set 0.003ms
[41.347s][info][gc,phases   ] GC(57) Concurrent Destroy Detached Pages 0.003ms
[41.348s][info][gc,phases   ] GC(57) Concurrent Select Relocation Set 1.577ms
[41.348s][info][gc,phases   ] GC(57) Concurrent Prepare Relocation Set 0.013ms
[41.351s][info][gc,phases   ] GC(57) Pause Relocate Start 2.434ms
[41.357s][info][gc,phases   ] GC(57) Concurrent Relocate 5.812ms
[41.357s][info][gc,load     ] GC(57) Load: 2.34/1.91/1.09
[41.357s][info][gc,mmu      ] GC(57) MMU: 2ms/0.0%, 5ms/0.0%, 10ms/0.0%, 20ms/11.8%, 50ms/64.0%, 100ms/82.0%
[41.357s][info][gc,marking  ] GC(57) Mark: 1 stripe(s), 2 proactive flush(es), 1 terminate flush(es), 0 completion(s), 0 continuation(s) 
[41.357s][info][gc,reloc    ] GC(57) Relocation: Successful, 7M relocated
[41.357s][info][gc,nmethod  ] GC(57) NMethods: 3031 registered, 0 unregistered
[41.357s][info][gc,metaspace] GC(57) Metaspace: 68M used, 71M capacity, 71M committed, 72M reserved
[41.357s][info][gc,ref      ] GC(57) Soft: 4690 encountered, 0 discovered, 0 enqueued
[41.357s][info][gc,ref      ] GC(57) Weak: 4641 encountered, 3512 discovered, 14 enqueued
[41.357s][info][gc,ref      ] GC(57) Final: 27 encountered, 0 discovered, 0 enqueued
[41.357s][info][gc,ref      ] GC(57) Phantom: 650 encountered, 647 discovered, 0 enqueued
[41.357s][info][gc,heap     ] GC(57)                Mark Start          Mark End        Relocate Start      Relocate End           High               Low         
[41.357s][info][gc,heap     ] GC(57)  Capacity:     1000M (100%)       1000M (100%)       1000M (100%)       1000M (100%)       1000M (100%)       1000M (100%)   
[41.357s][info][gc,heap     ] GC(57)   Reserve:       34M (3%)           34M (3%)           34M (3%)           34M (3%)           34M (3%)           34M (3%)     
[41.357s][info][gc,heap     ] GC(57)      Free:      318M (32%)          10M (1%)          398M (40%)         402M (40%)         402M (40%)          10M (1%)     
[41.357s][info][gc,heap     ] GC(57)      Used:      648M (65%)         956M (96%)         568M (57%)         564M (56%)         956M (96%)         564M (56%)    
[41.357s][info][gc,heap     ] GC(57)      Live:         -               216M (22%)         216M (22%)         216M (22%)            -                  -          
[41.357s][info][gc,heap     ] GC(57) Allocated:         -               308M (31%)         308M (31%)         318M (32%)            -                  -          
[41.357s][info][gc,heap     ] GC(57)   Garbage:         -               431M (43%)          43M (4%)           31M (3%)             -                  -          
[41.357s][info][gc,heap     ] GC(57) Reclaimed:         -                  -               388M (39%)         400M (40%)            -                  -          
[41.357s][info][gc          ] GC(57) Garbage Collection (Allocation Rate) 648M(65%)->564M(56%)
[41.359s][info][gc,start    ] GC(58) Garbage Collection (Allocation Rate)
[41.364s][info][gc,phases   ] GC(58) Pause Mark Start 2.841ms
[41.797s][info][gc,phases   ] GC(58) Concurrent Mark 432.721ms
[41.800s][info][gc,phases   ] GC(58) Pause Mark End 0.415ms
[41.802s][info][gc,phases   ] GC(58) Concurrent Process Non-Strong References 1.508ms
[41.802s][info][gc,phases   ] GC(58) Concurrent Reset Relocation Set 0.004ms
[41.802s][info][gc,phases   ] GC(58) Concurrent Destroy Detached Pages 0.000ms
[41.804s][info][gc,phases   ] GC(58) Concurrent Select Relocation Set 2.037ms
[41.804s][info][gc,phases   ] GC(58) Concurrent Prepare Relocation Set 0.014ms
[41.807s][info][gc,phases   ] GC(58) Pause Relocate Start 2.368ms
[41.813s][info][gc,phases   ] GC(58) Concurrent Relocate 5.866ms
[41.813s][info][gc,load     ] GC(58) Load: 2.34/1.91/1.09
[41.813s][info][gc,mmu      ] GC(58) MMU: 2ms/0.0%, 5ms/0.0%, 10ms/0.0%, 20ms/11.8%, 50ms/64.0%, 100ms/82.0%
[41.813s][info][gc,marking  ] GC(58) Mark: 1 stripe(s), 2 proactive flush(es), 1 terminate flush(es), 0 completion(s), 0 continuation(s) 
[41.813s][info][gc,reloc    ] GC(58) Relocation: Successful, 7M relocated
[41.813s][info][gc,nmethod  ] GC(58) NMethods: 3031 registered, 0 unregistered
[41.813s][info][gc,metaspace] GC(58) Metaspace: 68M used, 71M capacity, 71M committed, 72M reserved
[41.813s][info][gc,ref      ] GC(58) Soft: 4690 encountered, 0 discovered, 0 enqueued
[41.813s][info][gc,ref      ] GC(58) Weak: 4627 encountered, 3498 discovered, 0 enqueued
[41.813s][info][gc,ref      ] GC(58) Final: 27 encountered, 0 discovered, 0 enqueued
[41.813s][info][gc,ref      ] GC(58) Phantom: 650 encountered, 647 discovered, 0 enqueued
[41.813s][info][gc,heap     ] GC(58)                Mark Start          Mark End        Relocate Start      Relocate End           High               Low         
[41.813s][info][gc,heap     ] GC(58)  Capacity:     1000M (100%)       1000M (100%)       1000M (100%)       1000M (100%)       1000M (100%)       1000M (100%)   
[41.813s][info][gc,heap     ] GC(58)   Reserve:       34M (3%)           34M (3%)           34M (3%)           34M (3%)           34M (3%)           34M (3%)     
[41.813s][info][gc,heap     ] GC(58)      Free:      400M (40%)          80M (8%)          390M (39%)         390M (39%)         400M (40%)          80M (8%)     
[41.813s][info][gc,heap     ] GC(58)      Used:      566M (57%)         886M (89%)         576M (58%)         576M (58%)         886M (89%)         566M (57%)    
[41.813s][info][gc,heap     ] GC(58)      Live:         -               216M (22%)         216M (22%)         216M (22%)            -                  -          
[41.813s][info][gc,heap     ] GC(58) Allocated:         -               320M (32%)         320M (32%)         330M (33%)            -                  -          
[41.813s][info][gc,heap     ] GC(58)   Garbage:         -               349M (35%)          39M (4%)           31M (3%)             -                  -          
[41.813s][info][gc,heap     ] GC(58) Reclaimed:         -                  -               310M (31%)         318M (32%)            -                  -          
[41.813s][info][gc          ] GC(58) Garbage Collection (Allocation Rate) 566M(57%)->576M(58%)
[41.860s][info][gc,start    ] GC(59) Garbage Collection (Allocation Rate)
[41.865s][info][gc,phases   ] GC(59) Pause Mark Start 2.790ms
[42.306s][info][gc,phases   ] GC(59) Concurrent Mark 440.952ms
[42.309s][info][gc,phases   ] GC(59) Pause Mark End 0.431ms
[42.311s][info][gc,phases   ] GC(59) Concurrent Process Non-Strong References 1.465ms
[42.311s][info][gc,phases   ] GC(59) Concurrent Reset Relocation Set 0.003ms
[42.311s][info][gc,phases   ] GC(59) Concurrent Destroy Detached Pages 0.000ms
[42.313s][info][gc,phases   ] GC(59) Concurrent Select Relocation Set 1.623ms
[42.313s][info][gc,phases   ] GC(59) Concurrent Prepare Relocation Set 0.013ms
[42.315s][info][gc,phases   ] GC(59) Pause Relocate Start 2.512ms
[42.319s][info][gc,phases   ] GC(59) Concurrent Relocate 3.937ms
[42.319s][info][gc,load     ] GC(59) Load: 2.34/1.91/1.09
[42.319s][info][gc,mmu      ] GC(59) MMU: 2ms/0.0%, 5ms/0.0%, 10ms/0.0%, 20ms/11.8%, 50ms/64.0%, 100ms/82.0%
[42.319s][info][gc,marking  ] GC(59) Mark: 1 stripe(s), 2 proactive flush(es), 1 terminate flush(es), 0 completion(s), 0 continuation(s) 
[42.319s][info][gc,reloc    ] GC(59) Relocation: Successful, 7M relocated
[42.319s][info][gc,nmethod  ] GC(59) NMethods: 3031 registered, 0 unregistered
[42.319s][info][gc,metaspace] GC(59) Metaspace: 68M used, 71M capacity, 71M committed, 72M reserved
[42.319s][info][gc,ref      ] GC(59) Soft: 4690 encountered, 0 discovered, 0 enqueued
[42.319s][info][gc,ref      ] GC(59) Weak: 4627 encountered, 3498 discovered, 0 enqueued
[42.319s][info][gc,ref      ] GC(59) Final: 27 encountered, 0 discovered, 0 enqueued
[42.319s][info][gc,ref      ] GC(59) Phantom: 650 encountered, 647 discovered, 0 enqueued
[42.319s][info][gc,heap     ] GC(59)                Mark Start          Mark End        Relocate Start      Relocate End           High               Low         
[42.319s][info][gc,heap     ] GC(59)  Capacity:     1000M (100%)       1000M (100%)       1000M (100%)       1000M (100%)       1000M (100%)       1000M (100%)   
[42.319s][info][gc,heap     ] GC(59)   Reserve:       34M (3%)           34M (3%)           34M (3%)           34M (3%)           34M (3%)           34M (3%)     
[42.319s][info][gc,heap     ] GC(59)      Free:      328M (33%)          18M (2%)          400M (40%)         404M (40%)         404M (40%)          18M (2%)     
[42.319s][info][gc,heap     ] GC(59)      Used:      638M (64%)         948M (95%)         566M (57%)         562M (56%)         948M (95%)         562M (56%)    
[42.319s][info][gc,heap     ] GC(59)      Live:         -               216M (22%)         216M (22%)         216M (22%)            -                  -          
[42.319s][info][gc,heap     ] GC(59) Allocated:         -               310M (31%)         310M (31%)         316M (32%)            -                  -          
[42.319s][info][gc,heap     ] GC(59)   Garbage:         -               421M (42%)          39M (4%)           31M (3%)             -                  -          
[42.319s][info][gc,heap     ] GC(59) Reclaimed:         -                  -               382M (38%)         390M (39%)            -                  -          
[42.319s][info][gc          ] GC(59) Garbage Collection (Allocation Rate) 638M(64%)->562M(56%)
[42.359s][info][gc,start    ] GC(60) Garbage Collection (Allocation Rate)
[42.365s][info][gc,phases   ] GC(60) Pause Mark Start 2.842ms
[42.783s][info][gc,phases   ] GC(60) Concurrent Mark 418.470ms
[42.786s][info][gc,phases   ] GC(60) Pause Mark End 0.443ms
[42.788s][info][gc,phases   ] GC(60) Concurrent Process Non-Strong References 1.457ms
[42.788s][info][gc,phases   ] GC(60) Concurrent Reset Relocation Set 0.003ms
[42.788s][info][gc,phases   ] GC(60) Concurrent Destroy Detached Pages 0.000ms
[42.789s][info][gc,phases   ] GC(60) Concurrent Select Relocation Set 1.612ms
[42.790s][info][gc,phases   ] GC(60) Concurrent Prepare Relocation Set 0.013ms
[42.792s][info][gc,phases   ] GC(60) Pause Relocate Start 2.426ms
[42.796s][info][gc,phases   ] GC(60) Concurrent Relocate 3.647ms
[42.796s][info][gc,load     ] GC(60) Load: 2.34/1.91/1.09
[42.796s][info][gc,mmu      ] GC(60) MMU: 2ms/0.0%, 5ms/0.0%, 10ms/0.0%, 20ms/11.8%, 50ms/64.0%, 100ms/82.0%
[42.796s][info][gc,marking  ] GC(60) Mark: 1 stripe(s), 2 proactive flush(es), 1 terminate flush(es), 0 completion(s), 0 continuation(s) 
[42.796s][info][gc,reloc    ] GC(60) Relocation: Successful, 7M relocated
[42.796s][info][gc,nmethod  ] GC(60) NMethods: 3031 registered, 0 unregistered
[42.796s][info][gc,metaspace] GC(60) Metaspace: 68M used, 71M capacity, 71M committed, 72M reserved
[42.796s][info][gc,ref      ] GC(60) Soft: 4690 encountered, 0 discovered, 0 enqueued
[42.796s][info][gc,ref      ] GC(60) Weak: 4627 encountered, 3498 discovered, 0 enqueued
[42.796s][info][gc,ref      ] GC(60) Final: 27 encountered, 0 discovered, 0 enqueued
[42.796s][info][gc,ref      ] GC(60) Phantom: 650 encountered, 647 discovered, 0 enqueued
[42.796s][info][gc,heap     ] GC(60)                Mark Start          Mark End        Relocate Start      Relocate End           High               Low         
[42.796s][info][gc,heap     ] GC(60)  Capacity:     1000M (100%)       1000M (100%)       1000M (100%)       1000M (100%)       1000M (100%)       1000M (100%)   
[42.796s][info][gc,heap     ] GC(60)   Reserve:       34M (3%)           34M (3%)           34M (3%)           34M (3%)           34M (3%)           34M (3%)     
[42.796s][info][gc,heap     ] GC(60)      Free:      344M (34%)          34M (3%)          400M (40%)         404M (40%)         404M (40%)          34M (3%)     
[42.796s][info][gc,heap     ] GC(60)      Used:      622M (62%)         932M (93%)         566M (57%)         562M (56%)         932M (93%)         562M (56%)    
[42.796s][info][gc,heap     ] GC(60)      Live:         -               216M (22%)         216M (22%)         216M (22%)            -                  -          
[42.796s][info][gc,heap     ] GC(60) Allocated:         -               310M (31%)         310M (31%)         316M (32%)            -                  -          
[42.796s][info][gc,heap     ] GC(60)   Garbage:         -               405M (41%)          39M (4%)           31M (3%)             -                  -          
[42.796s][info][gc,heap     ] GC(60) Reclaimed:         -                  -               366M (37%)         374M (37%)            -                  -          
[42.796s][info][gc          ] GC(60) Garbage Collection (Allocation Rate) 622M(62%)->562M(56%)
[42.859s][info][gc,start    ] GC(61) Garbage Collection (Allocation Rate)
[42.865s][info][gc,phases   ] GC(61) Pause Mark Start 2.865ms
[43.246s][info][gc,phases   ] GC(61) Concurrent Mark 380.883ms
[43.247s][info][gc,phases   ] GC(61) Pause Mark End 0.413ms
[43.248s][info][gc,phases   ] GC(61) Concurrent Process Non-Strong References 1.468ms
[43.248s][info][gc,phases   ] GC(61) Concurrent Reset Relocation Set 0.003ms
[43.248s][info][gc,phases   ] GC(61) Concurrent Destroy Detached Pages 0.000ms
[43.250s][info][gc,phases   ] GC(61) Concurrent Select Relocation Set 1.524ms
[43.250s][info][gc,phases   ] GC(61) Concurrent Prepare Relocation Set 0.012ms
[43.252s][info][gc,phases   ] GC(61) Pause Relocate Start 2.372ms
[43.253s][info][gc,phases   ] GC(61) Concurrent Relocate 1.021ms
[43.253s][info][gc,load     ] GC(61) Load: 2.34/1.91/1.09
[43.253s][info][gc,mmu      ] GC(61) MMU: 2ms/0.0%, 5ms/0.0%, 10ms/0.0%, 20ms/11.8%, 50ms/64.0%, 100ms/82.0%
[43.253s][info][gc,marking  ] GC(61) Mark: 1 stripe(s), 2 proactive flush(es), 1 terminate flush(es), 0 completion(s), 0 continuation(s) 
[43.253s][info][gc,reloc    ] GC(61) Relocation: Successful, 7M relocated
[43.253s][info][gc,nmethod  ] GC(61) NMethods: 3060 registered, 0 unregistered
[43.253s][info][gc,metaspace] GC(61) Metaspace: 68M used, 71M capacity, 71M committed, 72M reserved
[43.253s][info][gc,ref      ] GC(61) Soft: 4690 encountered, 0 discovered, 0 enqueued
[43.253s][info][gc,ref      ] GC(61) Weak: 4627 encountered, 3549 discovered, 0 enqueued
[43.253s][info][gc,ref      ] GC(61) Final: 27 encountered, 0 discovered, 0 enqueued
[43.254s][info][gc,ref      ] GC(61) Phantom: 650 encountered, 647 discovered, 0 enqueued
[43.254s][info][gc,heap     ] GC(61)                Mark Start          Mark End        Relocate Start      Relocate End           High               Low         
[43.254s][info][gc,heap     ] GC(61)  Capacity:     1000M (100%)       1000M (100%)       1000M (100%)       1000M (100%)       1000M (100%)       1000M (100%)   
[43.254s][info][gc,heap     ] GC(61)   Reserve:       34M (3%)           34M (3%)           34M (3%)           34M (3%)           34M (3%)           34M (3%)     
[43.254s][info][gc,heap     ] GC(61)      Free:      308M (31%)         202M (20%)         604M (60%)         612M (61%)         612M (61%)         202M (20%)    
[43.254s][info][gc,heap     ] GC(61)      Used:      658M (66%)         764M (76%)         362M (36%)         354M (35%)         764M (76%)         354M (35%)    
[43.254s][info][gc,heap     ] GC(61)      Live:         -               216M (22%)         216M (22%)         216M (22%)            -                  -          
[43.254s][info][gc,heap     ] GC(61) Allocated:         -               106M (11%)         106M (11%)         108M (11%)            -                  -          
[43.254s][info][gc,heap     ] GC(61)   Garbage:         -               441M (44%)          39M (4%)           31M (3%)             -                  -          
[43.254s][info][gc,heap     ] GC(61) Reclaimed:         -                  -               402M (40%)         410M (41%)            -                  -          
[43.254s][info][gc          ] GC(61) Garbage Collection (Allocation Rate) 658M(66%)->354M(35%)
[43.254s][info][gc,start    ] GC(62) Garbage Collection (System.gc())
[43.257s][info][gc,phases   ] GC(62) Pause Mark Start 2.836ms
[43.467s][info][gc,phases   ] GC(62) Concurrent Mark 209.947ms
[43.467s][info][gc,phases   ] GC(62) Pause Mark End 0.427ms
[43.469s][info][gc,phases   ] GC(62) Concurrent Process Non-Strong References 1.472ms
[43.469s][info][gc,phases   ] GC(62) Concurrent Reset Relocation Set 0.003ms
[43.469s][info][gc,phases   ] GC(62) Concurrent Destroy Detached Pages 0.000ms
[43.470s][info][gc,phases   ] GC(62) Concurrent Select Relocation Set 1.564ms
[43.471s][info][gc,phases   ] GC(62) Concurrent Prepare Relocation Set 0.014ms
[43.473s][info][gc,phases   ] GC(62) Pause Relocate Start 2.417ms
[43.480s][info][gc,phases   ] GC(62) Concurrent Relocate 7.144ms
[43.480s][info][gc,load     ] GC(62) Load: 2.34/1.91/1.09
[43.480s][info][gc,mmu      ] GC(62) MMU: 2ms/0.0%, 5ms/0.0%, 10ms/0.0%, 20ms/11.8%, 50ms/64.0%, 100ms/82.0%
[43.480s][info][gc,marking  ] GC(62) Mark: 1 stripe(s), 2 proactive flush(es), 1 terminate flush(es), 0 completion(s), 0 continuation(s) 
[43.480s][info][gc,reloc    ] GC(62) Relocation: Successful, 7M relocated
[43.480s][info][gc,nmethod  ] GC(62) NMethods: 3063 registered, 0 unregistered
[43.480s][info][gc,metaspace] GC(62) Metaspace: 68M used, 71M capacity, 71M committed, 72M reserved
[43.480s][info][gc,ref      ] GC(62) Soft: 4689 encountered, 0 discovered, 0 enqueued
[43.480s][info][gc,ref      ] GC(62) Weak: 4685 encountered, 3613 discovered, 118 enqueued
[43.480s][info][gc,ref      ] GC(62) Final: 27 encountered, 0 discovered, 0 enqueued
[43.480s][info][gc,ref      ] GC(62) Phantom: 650 encountered, 647 discovered, 0 enqueued
[43.480s][info][gc,heap     ] GC(62)                Mark Start          Mark End        Relocate Start      Relocate End           High               Low         
[43.480s][info][gc,heap     ] GC(62)  Capacity:     1000M (100%)       1000M (100%)       1000M (100%)       1000M (100%)       1000M (100%)       1000M (100%)   
[43.480s][info][gc,heap     ] GC(62)   Reserve:       34M (3%)           34M (3%)           34M (3%)           34M (3%)           34M (3%)           34M (3%)     
[43.480s][info][gc,heap     ] GC(62)      Free:      612M (61%)         610M (61%)         710M (71%)         716M (72%)         716M (72%)         610M (61%)    
[43.481s][info][gc,heap     ] GC(62)      Used:      354M (35%)         356M (36%)         256M (26%)         250M (25%)         356M (36%)         250M (25%)    
[43.481s][info][gc,heap     ] GC(62)      Live:         -               216M (22%)         216M (22%)         216M (22%)            -                  -          
[43.481s][info][gc,heap     ] GC(62) Allocated:         -                 2M (0%)            2M (0%)            4M (0%)             -                  -          
[43.481s][info][gc,heap     ] GC(62)   Garbage:         -               137M (14%)          37M (4%)           31M (3%)             -                  -          
[43.481s][info][gc,heap     ] GC(62) Reclaimed:         -                  -               100M (10%)         106M (11%)            -                  -          
[43.481s][info][gc          ] GC(62) Garbage Collection (System.gc()) 354M(35%)->250M(25%)
[43.487s][info][gc,heap     ] Page Cache Flushed: 28M requested, 28M(712M->684M) flushed
[43.545s][info][gc,heap     ] Page Cache Flushed: 6M requested, 6M(676M->670M) flushed
[43.559s][info][gc,start    ] GC(63) Garbage Collection (Allocation Rate)
[43.566s][info][gc,phases   ] GC(63) Pause Mark Start 3.347ms
[43.633s][info][gc,heap     ] Page Cache Flushed: 32M requested, 32M(660M->628M) flushed
[43.703s][info][gc,heap     ] Page Cache Flushed: 6M requested, 6M(624M->618M) flushed
[44.260s][info][gc,phases   ] GC(63) Concurrent Mark 693.842ms
[44.265s][info][gc,phases   ] GC(63) Pause Mark End 0.454ms
[44.269s][info][gc,phases   ] GC(63) Concurrent Process Non-Strong References 3.576ms
[44.269s][info][gc,phases   ] GC(63) Concurrent Reset Relocation Set 0.003ms
[44.269s][info][gc,phases   ] GC(63) Concurrent Destroy Detached Pages 0.031ms
[44.271s][info][gc,phases   ] GC(63) Concurrent Select Relocation Set 1.524ms
[44.271s][info][gc,phases   ] GC(63) Concurrent Prepare Relocation Set 0.016ms
[44.274s][info][gc,phases   ] GC(63) Pause Relocate Start 2.484ms
[44.285s][info][gc,phases   ] GC(63) Concurrent Relocate 10.835ms
[44.285s][info][gc,load     ] GC(63) Load: 2.34/1.91/1.09
[44.285s][info][gc,mmu      ] GC(63) MMU: 2ms/0.0%, 5ms/0.0%, 10ms/0.0%, 20ms/11.8%, 50ms/64.0%, 100ms/82.0%
[44.285s][info][gc,marking  ] GC(63) Mark: 1 stripe(s), 2 proactive flush(es), 1 terminate flush(es), 0 completion(s), 0 continuation(s) 
[44.285s][info][gc,reloc    ] GC(63) Relocation: Successful, 7M relocated
[44.285s][info][gc,nmethod  ] GC(63) NMethods: 3122 registered, 0 unregistered
[44.285s][info][gc,metaspace] GC(63) Metaspace: 68M used, 71M capacity, 71M committed, 72M reserved
[44.285s][info][gc,ref      ] GC(63) Soft: 4690 encountered, 0 discovered, 0 enqueued
[44.285s][info][gc,ref      ] GC(63) Weak: 4666 encountered, 3582 discovered, 6 enqueued
[44.285s][info][gc,ref      ] GC(63) Final: 27 encountered, 0 discovered, 0 enqueued
[44.285s][info][gc,ref      ] GC(63) Phantom: 650 encountered, 647 discovered, 0 enqueued
[44.285s][info][gc,heap     ] GC(63)                Mark Start          Mark End        Relocate Start      Relocate End           High               Low         
[44.285s][info][gc,heap     ] GC(63)  Capacity:     1000M (100%)       1000M (100%)       1000M (100%)       1000M (100%)       1000M (100%)       1000M (100%)   
[44.285s][info][gc,heap     ] GC(63)   Reserve:       34M (3%)           34M (3%)           34M (3%)           34M (3%)           34M (3%)           34M (3%)     
[44.285s][info][gc,heap     ] GC(63)      Free:      668M (67%)         358M (36%)         394M (39%)         396M (40%)         668M (67%)         356M (36%)    
[44.285s][info][gc,heap     ] GC(63)      Used:      298M (30%)         608M (61%)         572M (57%)         570M (57%)         610M (61%)         298M (30%)    
[44.285s][info][gc,heap     ] GC(63)      Live:         -               216M (22%)         216M (22%)         216M (22%)            -                  -          
[44.285s][info][gc,heap     ] GC(63) Allocated:         -               310M (31%)         312M (31%)         324M (32%)            -                  -          
[44.285s][info][gc,heap     ] GC(63)   Garbage:         -                81M (8%)           43M (4%)           31M (3%)             -                  -          
[44.285s][info][gc,heap     ] GC(63) Reclaimed:         -                  -                38M (4%)           50M (5%)             -                  -          
[44.285s][info][gc          ] GC(63) Garbage Collection (Allocation Rate) 298M(30%)->570M(57%)
[44.359s][info][gc,start    ] GC(64) Garbage Collection (Allocation Rate)
[44.373s][info][gc,phases   ] GC(64) Pause Mark Start 2.846ms
[44.950s][info][gc,phases   ] GC(64) Concurrent Mark 576.286ms
[44.953s][info][gc,phases   ] GC(64) Pause Mark End 0.451ms
[44.954s][info][gc,phases   ] GC(64) Concurrent Process Non-Strong References 1.494ms
[44.957s][info][gc,phases   ] GC(64) Concurrent Reset Relocation Set 0.005ms
[44.957s][info][gc,phases   ] GC(64) Concurrent Destroy Detached Pages 0.001ms
[44.958s][info][gc,phases   ] GC(64) Concurrent Select Relocation Set 1.533ms
[44.958s][info][gc,phases   ] GC(64) Concurrent Prepare Relocation Set 0.017ms
[44.962s][info][gc,phases   ] GC(64) Pause Relocate Start 2.567ms
[44.967s][info][gc,phases   ] GC(64) Concurrent Relocate 4.631ms
[44.967s][info][gc,load     ] GC(64) Load: 2.34/1.91/1.09
[44.967s][info][gc,mmu      ] GC(64) MMU: 2ms/0.0%, 5ms/0.0%, 10ms/0.0%, 20ms/11.8%, 50ms/64.0%, 100ms/82.0%
[44.967s][info][gc,marking  ] GC(64) Mark: 1 stripe(s), 2 proactive flush(es), 1 terminate flush(es), 0 completion(s), 0 continuation(s) 
[44.967s][info][gc,reloc    ] GC(64) Relocation: Successful, 7M relocated
[44.967s][info][gc,nmethod  ] GC(64) NMethods: 3129 registered, 0 unregistered
[44.967s][info][gc,metaspace] GC(64) Metaspace: 68M used, 71M capacity, 71M committed, 72M reserved
[44.967s][info][gc,ref      ] GC(64) Soft: 4690 encountered, 0 discovered, 0 enqueued
[44.967s][info][gc,ref      ] GC(64) Weak: 4747 encountered, 3599 discovered, 68 enqueued
[44.967s][info][gc,ref      ] GC(64) Final: 27 encountered, 0 discovered, 0 enqueued
[44.967s][info][gc,ref      ] GC(64) Phantom: 650 encountered, 647 discovered, 0 enqueued
[44.967s][info][gc,heap     ] GC(64)                Mark Start          Mark End        Relocate Start      Relocate End           High               Low         
[44.967s][info][gc,heap     ] GC(64)  Capacity:     1000M (100%)       1000M (100%)       1000M (100%)       1000M (100%)       1000M (100%)       1000M (100%)   
[44.967s][info][gc,heap     ] GC(64)   Reserve:       34M (3%)           34M (3%)           34M (3%)           34M (3%)           34M (3%)           34M (3%)     
[44.967s][info][gc,heap     ] GC(64)      Free:      350M (35%)          44M (4%)          394M (39%)         408M (41%)         408M (41%)          42M (4%)     
[44.967s][info][gc,heap     ] GC(64)      Used:      616M (62%)         922M (92%)         572M (57%)         558M (56%)         924M (92%)         558M (56%)    
[44.967s][info][gc,heap     ] GC(64)      Live:         -               216M (22%)         216M (22%)         216M (22%)            -                  -          
[44.967s][info][gc,heap     ] GC(64) Allocated:         -               306M (31%)         308M (31%)         312M (31%)            -                  -          
[44.967s][info][gc,heap     ] GC(64)   Garbage:         -               399M (40%)          47M (5%)           31M (3%)             -                  -          
[44.967s][info][gc,heap     ] GC(64) Reclaimed:         -                  -               352M (35%)         368M (37%)            -                  -          
[44.967s][info][gc          ] GC(64) Garbage Collection (Allocation Rate) 616M(62%)->558M(56%)
[45.059s][info][gc,start    ] GC(65) Garbage Collection (Allocation Rate)
[45.065s][info][gc,phases   ] GC(65) Pause Mark Start 2.888ms
[45.328s][info][gc,heap     ] Page Cache Flushed: 2M requested, 6M(76M->70M) flushed
[45.336s][info][gc,heap     ] Page Cache Flushed: 2M requested, 6M(70M->64M) flushed
[45.349s][info][gc,heap     ] Page Cache Flushed: 2M requested, 32M(64M->32M) flushed
[45.404s][info][gc,heap     ] Page Cache Flushed: 2M requested, 32M(32M->0M) flushed
[45.474s][info][gc,phases   ] GC(65) Concurrent Mark 409.313ms
[45.475s][info][gc,phases   ] GC(65) Pause Mark End 0.443ms
[45.476s][info][gc,phases   ] GC(65) Concurrent Process Non-Strong References 1.474ms
[45.476s][info][gc,phases   ] GC(65) Concurrent Reset Relocation Set 0.004ms
[45.476s][info][gc,phases   ] GC(65) Concurrent Destroy Detached Pages 0.005ms
[45.478s][info][gc,phases   ] GC(65) Concurrent Select Relocation Set 1.523ms
[45.478s][info][gc,phases   ] GC(65) Concurrent Prepare Relocation Set 0.014ms
[45.481s][info][gc,phases   ] GC(65) Pause Relocate Start 2.498ms
[45.481s][info][gc          ] Allocation Stall (Executor task launch worker for task 0.0 in stage 19.0 (TID 19)) 17.178ms
[45.488s][info][gc,phases   ] GC(65) Concurrent Relocate 5.973ms
[45.488s][info][gc,load     ] GC(65) Load: 2.34/1.91/1.09
[45.488s][info][gc,mmu      ] GC(65) MMU: 2ms/0.0%, 5ms/0.0%, 10ms/0.0%, 20ms/11.8%, 50ms/64.0%, 100ms/82.0%
[45.488s][info][gc,marking  ] GC(65) Mark: 1 stripe(s), 2 proactive flush(es), 1 terminate flush(es), 0 completion(s), 0 continuation(s) 
[45.488s][info][gc,reloc    ] GC(65) Relocation: Successful, 7M relocated
[45.488s][info][gc,nmethod  ] GC(65) NMethods: 3130 registered, 0 unregistered
[45.488s][info][gc,metaspace] GC(65) Metaspace: 68M used, 71M capacity, 71M committed, 72M reserved
[45.488s][info][gc,ref      ] GC(65) Soft: 4690 encountered, 0 discovered, 0 enqueued
[45.488s][info][gc,ref      ] GC(65) Weak: 4687 encountered, 3554 discovered, 19 enqueued
[45.488s][info][gc,ref      ] GC(65) Final: 27 encountered, 0 discovered, 0 enqueued
[45.488s][info][gc,ref      ] GC(65) Phantom: 650 encountered, 647 discovered, 0 enqueued
[45.488s][info][gc,heap     ] GC(65)                Mark Start          Mark End        Relocate Start      Relocate End           High               Low         
[45.488s][info][gc,heap     ] GC(65)  Capacity:     1000M (100%)       1000M (100%)       1000M (100%)       1000M (100%)       1000M (100%)       1000M (100%)   
[45.488s][info][gc,heap     ] GC(65)   Reserve:       34M (3%)           34M (3%)           34M (3%)           34M (3%)           34M (3%)           34M (3%)     
[45.488s][info][gc,heap     ] GC(65)      Free:      270M (27%)           0M (0%)          428M (43%)         438M (44%)         438M (44%)           0M (0%)     
[45.488s][info][gc,heap     ] GC(65)      Used:      696M (70%)         966M (97%)         538M (54%)         528M (53%)         966M (97%)         528M (53%)    
[45.488s][info][gc,heap     ] GC(65)      Live:         -               216M (22%)         216M (22%)         216M (22%)            -                  -          
[45.488s][info][gc,heap     ] GC(65) Allocated:         -               270M (27%)         272M (27%)         284M (28%)            -                  -          
[45.488s][info][gc,heap     ] GC(65)   Garbage:         -               479M (48%)          49M (5%)           33M (3%)             -                  -          
[45.488s][info][gc,heap     ] GC(65) Reclaimed:         -                  -               430M (43%)         446M (45%)            -                  -          
[45.488s][info][gc          ] GC(65) Garbage Collection (Allocation Rate) 696M(70%)->528M(53%)
[45.559s][info][gc,start    ] GC(66) Garbage Collection (Allocation Rate)
[45.565s][info][gc,phases   ] GC(66) Pause Mark Start 3.005ms
[46.029s][info][gc,phases   ] GC(66) Concurrent Mark 464.015ms
[46.033s][info][gc,phases   ] GC(66) Pause Mark End 0.479ms
[46.035s][info][gc,phases   ] GC(66) Concurrent Process Non-Strong References 1.471ms
[46.035s][info][gc,phases   ] GC(66) Concurrent Reset Relocation Set 0.004ms
[46.035s][info][gc,phases   ] GC(66) Concurrent Destroy Detached Pages 0.000ms
[46.037s][info][gc,phases   ] GC(66) Concurrent Select Relocation Set 1.737ms
[46.037s][info][gc,phases   ] GC(66) Concurrent Prepare Relocation Set 0.013ms
[46.040s][info][gc,phases   ] GC(66) Pause Relocate Start 2.639ms
[46.045s][info][gc,phases   ] GC(66) Concurrent Relocate 5.364ms
[46.045s][info][gc,load     ] GC(66) Load: 2.31/1.91/1.10
[46.045s][info][gc,mmu      ] GC(66) MMU: 2ms/0.0%, 5ms/0.0%, 10ms/0.0%, 20ms/11.8%, 50ms/64.0%, 100ms/82.0%
[46.045s][info][gc,marking  ] GC(66) Mark: 1 stripe(s), 2 proactive flush(es), 1 terminate flush(es), 0 completion(s), 0 continuation(s) 
[46.045s][info][gc,reloc    ] GC(66) Relocation: Successful, 7M relocated
[46.045s][info][gc,nmethod  ] GC(66) NMethods: 3130 registered, 0 unregistered
[46.045s][info][gc,metaspace] GC(66) Metaspace: 68M used, 71M capacity, 71M committed, 72M reserved
[46.045s][info][gc,ref      ] GC(66) Soft: 4690 encountered, 0 discovered, 0 enqueued
[46.045s][info][gc,ref      ] GC(66) Weak: 4668 encountered, 3535 discovered, 0 enqueued
[46.045s][info][gc,ref      ] GC(66) Final: 27 encountered, 0 discovered, 0 enqueued
[46.045s][info][gc,ref      ] GC(66) Phantom: 650 encountered, 647 discovered, 0 enqueued
[46.045s][info][gc,heap     ] GC(66)                Mark Start          Mark End        Relocate Start      Relocate End           High               Low         
[46.045s][info][gc,heap     ] GC(66)  Capacity:     1000M (100%)       1000M (100%)       1000M (100%)       1000M (100%)       1000M (100%)       1000M (100%)   
[46.045s][info][gc,heap     ] GC(66)   Reserve:       34M (3%)           34M (3%)           34M (3%)           34M (3%)           34M (3%)           34M (3%)     
[46.045s][info][gc,heap     ] GC(66)      Free:      332M (33%)          18M (2%)          396M (40%)         398M (40%)         398M (40%)          18M (2%)     
[46.045s][info][gc,heap     ] GC(66)      Used:      634M (63%)         948M (95%)         570M (57%)         568M (57%)         948M (95%)         568M (57%)    
[46.045s][info][gc,heap     ] GC(66)      Live:         -               216M (22%)         216M (22%)         216M (22%)            -                  -          
[46.045s][info][gc,heap     ] GC(66) Allocated:         -               314M (31%)         314M (31%)         322M (32%)            -                  -          
[46.045s][info][gc,heap     ] GC(66)   Garbage:         -               417M (42%)          39M (4%)           31M (3%)             -                  -          
[46.045s][info][gc,heap     ] GC(66) Reclaimed:         -                  -               378M (38%)         386M (39%)            -                  -          
[46.045s][info][gc          ] GC(66) Garbage Collection (Allocation Rate) 634M(63%)->568M(57%)
[46.060s][info][gc,start    ] GC(67) Garbage Collection (Allocation Rate)
[46.066s][info][gc,phases   ] GC(67) Pause Mark Start 2.951ms
[46.502s][info][gc,phases   ] GC(67) Concurrent Mark 436.614ms
[46.506s][info][gc,phases   ] GC(67) Pause Mark End 0.456ms
[46.507s][info][gc,phases   ] GC(67) Concurrent Process Non-Strong References 1.510ms
[46.507s][info][gc,phases   ] GC(67) Concurrent Reset Relocation Set 0.003ms
[46.507s][info][gc,phases   ] GC(67) Concurrent Destroy Detached Pages 0.000ms
[46.509s][info][gc,phases   ] GC(67) Concurrent Select Relocation Set 1.799ms
[46.509s][info][gc,phases   ] GC(67) Concurrent Prepare Relocation Set 0.013ms
[46.512s][info][gc,phases   ] GC(67) Pause Relocate Start 2.441ms
[46.517s][info][gc,phases   ] GC(67) Concurrent Relocate 5.094ms
[46.517s][info][gc,load     ] GC(67) Load: 2.31/1.91/1.10
[46.517s][info][gc,mmu      ] GC(67) MMU: 2ms/0.0%, 5ms/0.0%, 10ms/0.0%, 20ms/11.8%, 50ms/64.0%, 100ms/82.0%
[46.517s][info][gc,marking  ] GC(67) Mark: 1 stripe(s), 2 proactive flush(es), 1 terminate flush(es), 0 completion(s), 0 continuation(s) 
[46.517s][info][gc,reloc    ] GC(67) Relocation: Successful, 7M relocated
[46.517s][info][gc,nmethod  ] GC(67) NMethods: 3131 registered, 0 unregistered
[46.517s][info][gc,metaspace] GC(67) Metaspace: 68M used, 71M capacity, 71M committed, 72M reserved
[46.517s][info][gc,ref      ] GC(67) Soft: 4690 encountered, 0 discovered, 0 enqueued
[46.517s][info][gc,ref      ] GC(67) Weak: 4668 encountered, 3535 discovered, 0 enqueued
[46.517s][info][gc,ref      ] GC(67) Final: 27 encountered, 0 discovered, 0 enqueued
[46.517s][info][gc,ref      ] GC(67) Phantom: 650 encountered, 647 discovered, 0 enqueued
[46.517s][info][gc,heap     ] GC(67)                Mark Start          Mark End        Relocate Start      Relocate End           High               Low         
[46.517s][info][gc,heap     ] GC(67)  Capacity:     1000M (100%)       1000M (100%)       1000M (100%)       1000M (100%)       1000M (100%)       1000M (100%)   
[46.517s][info][gc,heap     ] GC(67)   Reserve:       34M (3%)           34M (3%)           34M (3%)           34M (3%)           34M (3%)           34M (3%)     
[46.517s][info][gc,heap     ] GC(67)      Free:      376M (38%)          48M (5%)          384M (38%)         384M (38%)         384M (38%)          48M (5%)     
[46.517s][info][gc,heap     ] GC(67)      Used:      590M (59%)         918M (92%)         582M (58%)         582M (58%)         918M (92%)         582M (58%)    
[46.517s][info][gc,heap     ] GC(67)      Live:         -               216M (22%)         216M (22%)         216M (22%)            -                  -          
[46.517s][info][gc,heap     ] GC(67) Allocated:         -               328M (33%)         328M (33%)         336M (34%)            -                  -          
[46.517s][info][gc,heap     ] GC(67)   Garbage:         -               373M (37%)          37M (4%)           33M (3%)             -                  -          
[46.517s][info][gc,heap     ] GC(67) Reclaimed:         -                  -               336M (34%)         340M (34%)            -                  -          
[46.517s][info][gc          ] GC(67) Garbage Collection (Allocation Rate) 590M(59%)->582M(58%)
[46.559s][info][gc,start    ] GC(68) Garbage Collection (Allocation Rate)
[46.565s][info][gc,phases   ] GC(68) Pause Mark Start 2.837ms
[46.999s][info][gc,phases   ] GC(68) Concurrent Mark 433.925ms
[47.002s][info][gc,phases   ] GC(68) Pause Mark End 0.460ms
[47.004s][info][gc,phases   ] GC(68) Concurrent Process Non-Strong References 1.525ms
[47.004s][info][gc,phases   ] GC(68) Concurrent Reset Relocation Set 0.002ms
[47.004s][info][gc,phases   ] GC(68) Concurrent Destroy Detached Pages 0.000ms
[47.005s][info][gc,phases   ] GC(68) Concurrent Select Relocation Set 1.521ms
[47.005s][info][gc,phases   ] GC(68) Concurrent Prepare Relocation Set 0.013ms
[47.008s][info][gc,phases   ] GC(68) Pause Relocate Start 2.516ms
[47.012s][info][gc,phases   ] GC(68) Concurrent Relocate 4.443ms
[47.012s][info][gc,load     ] GC(68) Load: 2.31/1.91/1.10
[47.012s][info][gc,mmu      ] GC(68) MMU: 2ms/0.0%, 5ms/0.0%, 10ms/0.0%, 20ms/11.8%, 50ms/64.0%, 100ms/82.0%
[47.012s][info][gc,marking  ] GC(68) Mark: 1 stripe(s), 2 proactive flush(es), 1 terminate flush(es), 0 completion(s), 0 continuation(s) 
[47.012s][info][gc,reloc    ] GC(68) Relocation: Successful, 7M relocated
[47.012s][info][gc,nmethod  ] GC(68) NMethods: 3131 registered, 0 unregistered
[47.013s][info][gc,metaspace] GC(68) Metaspace: 68M used, 71M capacity, 71M committed, 72M reserved
[47.013s][info][gc,ref      ] GC(68) Soft: 4690 encountered, 0 discovered, 0 enqueued
[47.013s][info][gc,ref      ] GC(68) Weak: 4668 encountered, 3535 discovered, 0 enqueued
[47.013s][info][gc,ref      ] GC(68) Final: 27 encountered, 0 discovered, 0 enqueued
[47.013s][info][gc,ref      ] GC(68) Phantom: 650 encountered, 647 discovered, 0 enqueued
[47.013s][info][gc,heap     ] GC(68)                Mark Start          Mark End        Relocate Start      Relocate End           High               Low         
[47.013s][info][gc,heap     ] GC(68)  Capacity:     1000M (100%)       1000M (100%)       1000M (100%)       1000M (100%)       1000M (100%)       1000M (100%)   
[47.013s][info][gc,heap     ] GC(68)   Reserve:       34M (3%)           34M (3%)           34M (3%)           34M (3%)           34M (3%)           34M (3%)     
[47.013s][info][gc,heap     ] GC(68)      Free:      320M (32%)          16M (2%)          404M (40%)         408M (41%)         408M (41%)          16M (2%)     
[47.013s][info][gc,heap     ] GC(68)      Used:      646M (65%)         950M (95%)         562M (56%)         558M (56%)         950M (95%)         558M (56%)    
[47.013s][info][gc,heap     ] GC(68)      Live:         -               216M (22%)         216M (22%)         216M (22%)            -                  -          
[47.013s][info][gc,heap     ] GC(68) Allocated:         -               304M (30%)         304M (30%)         312M (31%)            -                  -          
[47.013s][info][gc,heap     ] GC(68)   Garbage:         -               429M (43%)          41M (4%)           33M (3%)             -                  -          
[47.013s][info][gc,heap     ] GC(68) Reclaimed:         -                  -               388M (39%)         396M (40%)            -                  -          
[47.013s][info][gc          ] GC(68) Garbage Collection (Allocation Rate) 646M(65%)->558M(56%)
[47.059s][info][gc,start    ] GC(69) Garbage Collection (Allocation Rate)
[47.062s][info][gc,phases   ] GC(69) Pause Mark Start 2.914ms
[47.496s][info][gc,phases   ] GC(69) Concurrent Mark 433.499ms
[47.498s][info][gc,phases   ] GC(69) Pause Mark End 1.215ms
[47.510s][info][gc,phases   ] GC(69) Concurrent Process Non-Strong References 11.492ms
[47.510s][info][gc,phases   ] GC(69) Concurrent Reset Relocation Set 0.003ms
[47.510s][info][gc,phases   ] GC(69) Concurrent Destroy Detached Pages 0.001ms
[47.511s][info][gc,phases   ] GC(69) Concurrent Select Relocation Set 1.542ms
[47.511s][info][gc,phases   ] GC(69) Concurrent Prepare Relocation Set 0.013ms
[47.514s][info][gc,phases   ] GC(69) Pause Relocate Start 2.585ms
[47.524s][info][gc,heap     ] Page Cache Flushed: 6M requested, 6M(396M->390M) flushed
[47.528s][info][gc,phases   ] GC(69) Concurrent Relocate 13.914ms
[47.528s][info][gc,load     ] GC(69) Load: 2.31/1.91/1.10
[47.528s][info][gc,mmu      ] GC(69) MMU: 2ms/0.0%, 5ms/0.0%, 10ms/0.0%, 20ms/11.8%, 50ms/64.0%, 100ms/82.0%
[47.528s][info][gc,marking  ] GC(69) Mark: 1 stripe(s), 2 proactive flush(es), 1 terminate flush(es), 0 completion(s), 0 continuation(s) 
[47.528s][info][gc,reloc    ] GC(69) Relocation: Successful, 7M relocated
[47.528s][info][gc,nmethod  ] GC(69) NMethods: 3145 registered, 0 unregistered
[47.528s][info][gc,metaspace] GC(69) Metaspace: 68M used, 71M capacity, 71M committed, 72M reserved
[47.528s][info][gc,ref      ] GC(69) Soft: 4690 encountered, 0 discovered, 0 enqueued
[47.528s][info][gc,ref      ] GC(69) Weak: 4668 encountered, 3535 discovered, 0 enqueued
[47.528s][info][gc,ref      ] GC(69) Final: 27 encountered, 0 discovered, 0 enqueued
[47.528s][info][gc,ref      ] GC(69) Phantom: 650 encountered, 647 discovered, 0 enqueued
[47.528s][info][gc,heap     ] GC(69)                Mark Start          Mark End        Relocate Start      Relocate End           High               Low         
[47.528s][info][gc,heap     ] GC(69)  Capacity:     1000M (100%)       1000M (100%)       1000M (100%)       1000M (100%)       1000M (100%)       1000M (100%)   
[47.528s][info][gc,heap     ] GC(69)   Reserve:       34M (3%)           34M (3%)           34M (3%)           34M (3%)           34M (3%)           34M (3%)     
[47.528s][info][gc,heap     ] GC(69)      Free:      340M (34%)          32M (3%)          400M (40%)         402M (40%)         402M (40%)          32M (3%)     
[47.528s][info][gc,heap     ] GC(69)      Used:      626M (63%)         934M (93%)         566M (57%)         564M (56%)         934M (93%)         564M (56%)    
[47.528s][info][gc,heap     ] GC(69)      Live:         -               216M (22%)         216M (22%)         216M (22%)            -                  -          
[47.528s][info][gc,heap     ] GC(69) Allocated:         -               308M (31%)         308M (31%)         318M (32%)            -                  -          
[47.528s][info][gc,heap     ] GC(69)   Garbage:         -               409M (41%)          41M (4%)           33M (3%)             -                  -          
[47.528s][info][gc,heap     ] GC(69) Reclaimed:         -                  -               368M (37%)         376M (38%)            -                  -          
[47.528s][info][gc          ] GC(69) Garbage Collection (Allocation Rate) 626M(63%)->564M(56%)
[47.559s][info][gc,start    ] GC(70) Garbage Collection (Allocation Rate)
[47.565s][info][gc,phases   ] GC(70) Pause Mark Start 2.860ms
[47.807s][info][gc,phases   ] GC(70) Concurrent Mark 242.199ms
[47.808s][info][gc,phases   ] GC(70) Pause Mark End 0.502ms
[47.809s][info][gc,phases   ] GC(70) Concurrent Process Non-Strong References 1.439ms
[47.809s][info][gc,phases   ] GC(70) Concurrent Reset Relocation Set 0.003ms
[47.809s][info][gc,phases   ] GC(70) Concurrent Destroy Detached Pages 0.004ms
[47.811s][info][gc,phases   ] GC(70) Concurrent Select Relocation Set 1.554ms
[47.811s][info][gc,phases   ] GC(70) Concurrent Prepare Relocation Set 0.014ms
[47.814s][info][gc,phases   ] GC(70) Pause Relocate Start 2.576ms
[47.816s][info][gc,phases   ] GC(70) Concurrent Relocate 2.447ms
[47.816s][info][gc,load     ] GC(70) Load: 2.31/1.91/1.10
[47.816s][info][gc,mmu      ] GC(70) MMU: 2ms/0.0%, 5ms/0.0%, 10ms/0.0%, 20ms/11.8%, 50ms/64.0%, 100ms/82.0%
[47.816s][info][gc,marking  ] GC(70) Mark: 1 stripe(s), 2 proactive flush(es), 1 terminate flush(es), 0 completion(s), 0 continuation(s) 
[47.816s][info][gc,reloc    ] GC(70) Relocation: Successful, 7M relocated
[47.816s][info][gc,nmethod  ] GC(70) NMethods: 3175 registered, 0 unregistered
[47.816s][info][gc,metaspace] GC(70) Metaspace: 68M used, 71M capacity, 71M committed, 72M reserved
[47.816s][info][gc,ref      ] GC(70) Soft: 4689 encountered, 0 discovered, 0 enqueued
[47.816s][info][gc,ref      ] GC(70) Weak: 4738 encountered, 3678 discovered, 118 enqueued
[47.816s][info][gc,ref      ] GC(70) Final: 27 encountered, 0 discovered, 0 enqueued
[47.816s][info][gc,ref      ] GC(70) Phantom: 650 encountered, 647 discovered, 0 enqueued
[47.816s][info][gc,heap     ] GC(70)                Mark Start          Mark End        Relocate Start      Relocate End           High               Low         
[47.816s][info][gc,heap     ] GC(70)  Capacity:     1000M (100%)       1000M (100%)       1000M (100%)       1000M (100%)       1000M (100%)       1000M (100%)   
[47.816s][info][gc,heap     ] GC(70)   Reserve:       34M (3%)           34M (3%)           34M (3%)           34M (3%)           34M (3%)           34M (3%)     
[47.816s][info][gc,heap     ] GC(70)      Free:      400M (40%)         398M (40%)         710M (71%)         714M (71%)         714M (71%)         398M (40%)    
[47.816s][info][gc,heap     ] GC(70)      Used:      566M (57%)         568M (57%)         256M (26%)         252M (25%)         568M (57%)         252M (25%)    
[47.816s][info][gc,heap     ] GC(70)      Live:         -               216M (22%)         216M (22%)         216M (22%)            -                  -          
[47.816s][info][gc,heap     ] GC(70) Allocated:         -                 2M (0%)            2M (0%)            6M (1%)             -                  -          
[47.816s][info][gc,heap     ] GC(70)   Garbage:         -               349M (35%)          37M (4%)           33M (3%)             -                  -          
[47.816s][info][gc,heap     ] GC(70) Reclaimed:         -                  -               312M (31%)         316M (32%)            -                  -          
[47.816s][info][gc          ] GC(70) Garbage Collection (Allocation Rate) 566M(57%)->252M(25%)
[47.816s][info][gc,start    ] GC(71) Garbage Collection (System.gc())
[47.822s][info][gc,phases   ] GC(71) Pause Mark Start 2.897ms
[48.043s][info][gc,phases   ] GC(71) Concurrent Mark 220.416ms
[48.044s][info][gc,phases   ] GC(71) Pause Mark End 0.448ms
[48.045s][info][gc,phases   ] GC(71) Concurrent Process Non-Strong References 1.509ms
[48.045s][info][gc,phases   ] GC(71) Concurrent Reset Relocation Set 0.003ms
[48.045s][info][gc,phases   ] GC(71) Concurrent Destroy Detached Pages 0.000ms
[48.047s][info][gc,phases   ] GC(71) Concurrent Select Relocation Set 1.608ms
[48.047s][info][gc,phases   ] GC(71) Concurrent Prepare Relocation Set 0.013ms
[48.050s][info][gc,phases   ] GC(71) Pause Relocate Start 2.555ms
[48.051s][info][gc,phases   ] GC(71) Concurrent Relocate 1.133ms
[48.051s][info][gc,load     ] GC(71) Load: 2.31/1.91/1.10
[48.051s][info][gc,mmu      ] GC(71) MMU: 2ms/0.0%, 5ms/0.0%, 10ms/0.0%, 20ms/11.8%, 50ms/64.0%, 100ms/82.0%
[48.051s][info][gc,marking  ] GC(71) Mark: 1 stripe(s), 2 proactive flush(es), 1 terminate flush(es), 0 completion(s), 0 continuation(s) 
[48.051s][info][gc,reloc    ] GC(71) Relocation: Successful, 7M relocated
[48.051s][info][gc,nmethod  ] GC(71) NMethods: 3185 registered, 0 unregistered
[48.051s][info][gc,metaspace] GC(71) Metaspace: 68M used, 71M capacity, 71M committed, 72M reserved
[48.051s][info][gc,ref      ] GC(71) Soft: 4689 encountered, 0 discovered, 0 enqueued
[48.051s][info][gc,ref      ] GC(71) Weak: 4623 encountered, 3543 discovered, 1 enqueued
[48.051s][info][gc,ref      ] GC(71) Final: 27 encountered, 0 discovered, 0 enqueued
[48.051s][info][gc,ref      ] GC(71) Phantom: 650 encountered, 647 discovered, 0 enqueued
[48.051s][info][gc,heap     ] GC(71)                Mark Start          Mark End        Relocate Start      Relocate End           High               Low         
[48.051s][info][gc,heap     ] GC(71)  Capacity:     1000M (100%)       1000M (100%)       1000M (100%)       1000M (100%)       1000M (100%)       1000M (100%)   
[48.051s][info][gc,heap     ] GC(71)   Reserve:       34M (3%)           34M (3%)           34M (3%)           34M (3%)           34M (3%)           34M (3%)     
[48.051s][info][gc,heap     ] GC(71)      Free:      714M (71%)         708M (71%)         708M (71%)         712M (71%)         714M (71%)         706M (71%)    
[48.051s][info][gc,heap     ] GC(71)      Used:      252M (25%)         258M (26%)         258M (26%)         254M (25%)         260M (26%)         252M (25%)    
[48.051s][info][gc,heap     ] GC(71)      Live:         -               216M (22%)         216M (22%)         216M (22%)            -                  -          
[48.051s][info][gc,heap     ] GC(71) Allocated:         -                 6M (1%)            6M (1%)            8M (1%)             -                  -          
[48.051s][info][gc,heap     ] GC(71)   Garbage:         -                35M (4%)           35M (4%)           31M (3%)             -                  -          
[48.051s][info][gc,heap     ] GC(71) Reclaimed:         -                  -                 0M (0%)            4M (0%)             -                  -          
[48.051s][info][gc          ] GC(71) Garbage Collection (System.gc()) 252M(25%)->254M(25%)
[48.064s][info][gc,heap     ] Page Cache Flushed: 32M requested, 32M(710M->678M) flushed
[48.105s][info][gc,heap     ] Page Cache Flushed: 6M requested, 6M(676M->670M) flushed
[48.201s][info][gc,heap     ] Page Cache Flushed: 6M requested, 6M(660M->654M) flushed
[48.659s][info][gc,start    ] GC(72) Garbage Collection (Allocation Rate)
[48.669s][info][gc,phases   ] GC(72) Pause Mark Start 2.949ms
[49.166s][info][gc,phases   ] GC(72) Concurrent Mark 496.968ms
[49.170s][info][gc,phases   ] GC(72) Pause Mark End 0.516ms
[49.171s][info][gc,phases   ] GC(72) Concurrent Process Non-Strong References 1.520ms
[49.172s][info][gc,phases   ] GC(72) Concurrent Reset Relocation Set 0.003ms
[49.172s][info][gc,phases   ] GC(72) Concurrent Destroy Detached Pages 0.018ms
[49.174s][info][gc,phases   ] GC(72) Concurrent Select Relocation Set 1.520ms
[49.174s][info][gc,phases   ] GC(72) Concurrent Prepare Relocation Set 0.019ms
[49.178s][info][gc,phases   ] GC(72) Pause Relocate Start 2.721ms
[49.183s][info][gc,phases   ] GC(72) Concurrent Relocate 4.351ms
[49.183s][info][gc,load     ] GC(72) Load: 2.31/1.91/1.10
[49.183s][info][gc,mmu      ] GC(72) MMU: 2ms/0.0%, 5ms/0.0%, 10ms/0.0%, 20ms/11.8%, 50ms/64.0%, 100ms/82.0%
[49.183s][info][gc,marking  ] GC(72) Mark: 1 stripe(s), 2 proactive flush(es), 1 terminate flush(es), 0 completion(s), 0 continuation(s) 
[49.183s][info][gc,reloc    ] GC(72) Relocation: Successful, 7M relocated
[49.183s][info][gc,nmethod  ] GC(72) NMethods: 3257 registered, 0 unregistered
[49.183s][info][gc,metaspace] GC(72) Metaspace: 68M used, 71M capacity, 72M committed, 74M reserved
[49.183s][info][gc,ref      ] GC(72) Soft: 4695 encountered, 0 discovered, 0 enqueued
[49.183s][info][gc,ref      ] GC(72) Weak: 4774 encountered, 3657 discovered, 73 enqueued
[49.183s][info][gc,ref      ] GC(72) Final: 27 encountered, 0 discovered, 0 enqueued
[49.183s][info][gc,ref      ] GC(72) Phantom: 650 encountered, 647 discovered, 0 enqueued
[49.183s][info][gc,heap     ] GC(72)                Mark Start          Mark End        Relocate Start      Relocate End           High               Low         
[49.183s][info][gc,heap     ] GC(72)  Capacity:     1000M (100%)       1000M (100%)       1000M (100%)       1000M (100%)       1000M (100%)       1000M (100%)   
[49.183s][info][gc,heap     ] GC(72)   Reserve:       34M (3%)           34M (3%)           34M (3%)           34M (3%)           34M (3%)           34M (3%)     
[49.183s][info][gc,heap     ] GC(72)      Free:      444M (44%)         136M (14%)         380M (38%)         406M (41%)         444M (44%)         134M (13%)    
[49.183s][info][gc,heap     ] GC(72)      Used:      522M (52%)         830M (83%)         586M (59%)         560M (56%)         832M (83%)         522M (52%)    
[49.183s][info][gc,heap     ] GC(72)      Live:         -               216M (22%)         216M (22%)         216M (22%)            -                  -          
[49.183s][info][gc,heap     ] GC(72) Allocated:         -               308M (31%)         310M (31%)         314M (31%)            -                  -          
[49.183s][info][gc,heap     ] GC(72)   Garbage:         -               305M (31%)          59M (6%)           31M (3%)             -                  -          
[49.183s][info][gc,heap     ] GC(72) Reclaimed:         -                  -               246M (25%)         274M (27%)            -                  -          
[49.183s][info][gc          ] GC(72) Garbage Collection (Allocation Rate) 522M(52%)->560M(56%)
[49.259s][info][gc,start    ] GC(73) Garbage Collection (Allocation Rate)
[49.265s][info][gc,phases   ] GC(73) Pause Mark Start 2.995ms
[49.638s][info][gc,heap     ] Page Cache Flushed: 2M requested, 6M(44M->38M) flushed
[49.643s][info][gc,heap     ] Page Cache Flushed: 2M requested, 6M(38M->32M) flushed
[49.663s][info][gc,heap     ] Page Cache Flushed: 2M requested, 32M(32M->0M) flushed
[49.724s][info][gc,phases   ] GC(73) Concurrent Mark 459.240ms
[49.725s][info][gc,phases   ] GC(73) Pause Mark End 0.513ms
[49.727s][info][gc,phases   ] GC(73) Concurrent Process Non-Strong References 1.461ms
[49.727s][info][gc,phases   ] GC(73) Concurrent Reset Relocation Set 0.005ms
[49.727s][info][gc,phases   ] GC(73) Concurrent Destroy Detached Pages 0.004ms
[49.728s][info][gc          ] Allocation Stall (Executor task launch worker for task 0.0 in stage 22.0 (TID 22)) 12.885ms
[49.732s][info][gc,phases   ] GC(73) Concurrent Select Relocation Set 5.518ms
[49.732s][info][gc,phases   ] GC(73) Concurrent Prepare Relocation Set 0.016ms
[49.738s][info][gc,phases   ] GC(73) Pause Relocate Start 2.658ms
[49.745s][info][gc,phases   ] GC(73) Concurrent Relocate 6.888ms
[49.745s][info][gc,load     ] GC(73) Load: 2.31/1.91/1.10
[49.745s][info][gc,mmu      ] GC(73) MMU: 2ms/0.0%, 5ms/0.0%, 10ms/0.0%, 20ms/11.8%, 50ms/64.0%, 100ms/82.0%
[49.745s][info][gc,marking  ] GC(73) Mark: 1 stripe(s), 2 proactive flush(es), 1 terminate flush(es), 0 completion(s), 0 continuation(s) 
[49.745s][info][gc,reloc    ] GC(73) Relocation: Successful, 7M relocated
[49.745s][info][gc,nmethod  ] GC(73) NMethods: 3258 registered, 0 unregistered
[49.745s][info][gc,metaspace] GC(73) Metaspace: 68M used, 71M capacity, 72M committed, 74M reserved
[49.745s][info][gc,ref      ] GC(73) Soft: 4696 encountered, 0 discovered, 0 enqueued
[49.745s][info][gc,ref      ] GC(73) Weak: 4710 encountered, 3582 discovered, 15 enqueued
[49.745s][info][gc,ref      ] GC(73) Final: 27 encountered, 0 discovered, 0 enqueued
[49.745s][info][gc,ref      ] GC(73) Phantom: 650 encountered, 647 discovered, 0 enqueued
[49.745s][info][gc,heap     ] GC(73)                Mark Start          Mark End        Relocate Start      Relocate End           High               Low         
[49.745s][info][gc,heap     ] GC(73)  Capacity:     1000M (100%)       1000M (100%)       1000M (100%)       1000M (100%)       1000M (100%)       1000M (100%)   
[49.745s][info][gc,heap     ] GC(73)   Reserve:       34M (3%)           34M (3%)           34M (3%)           34M (3%)           34M (3%)           34M (3%)     
[49.745s][info][gc,heap     ] GC(73)      Free:      294M (29%)           0M (0%)          398M (40%)         408M (41%)         408M (41%)           0M (0%)     
[49.745s][info][gc,heap     ] GC(73)      Used:      672M (67%)         966M (97%)         568M (57%)         558M (56%)         966M (97%)         558M (56%)    
[49.745s][info][gc,heap     ] GC(73)      Live:         -               216M (22%)         216M (22%)         216M (22%)            -                  -          
[49.745s][info][gc,heap     ] GC(73) Allocated:         -               294M (29%)         300M (30%)         312M (31%)            -                  -          
[49.745s][info][gc,heap     ] GC(73)   Garbage:         -               455M (46%)          51M (5%)           33M (3%)             -                  -          
[49.745s][info][gc,heap     ] GC(73) Reclaimed:         -                  -               404M (40%)         422M (42%)            -                  -          
[49.745s][info][gc          ] GC(73) Garbage Collection (Allocation Rate) 672M(67%)->558M(56%)
[49.759s][info][gc,start    ] GC(74) Garbage Collection (Allocation Rate)
[49.765s][info][gc,phases   ] GC(74) Pause Mark Start 2.967ms
[50.059s][info][gc,stats    ] === Garbage Collection Statistics =======================================================================================================================
[50.059s][info][gc,stats    ]                                                              Last 10s              Last 10m              Last 10h                Total
[50.059s][info][gc,stats    ]                                                              Avg / Max             Avg / Max             Avg / Max             Avg / Max
[50.059s][info][gc,stats    ]   Collector: Garbage Collection Cycle                    465.629 / 726.067     477.781 / 1112.366    477.781 / 1112.366    477.781 / 1112.366    ms
[50.059s][info][gc,stats    ]  Contention: Mark Segment Reset Contention                     0 / 0                 0 / 0                 0 / 0                 0 / 0           ops/s
[50.059s][info][gc,stats    ]  Contention: Mark SeqNum Reset Contention                      0 / 0                 0 / 0                 0 / 0                 0 / 0           ops/s
[50.059s][info][gc,stats    ]  Contention: Relocation Contention                             0 / 0                 0 / 1                 0 / 1                 0 / 1           ops/s
[50.060s][info][gc,stats    ]    Critical: Allocation Stall                             15.032 / 17.178       53.371 / 252.291      53.371 / 252.291      53.371 / 252.291     ms
[50.060s][info][gc,stats    ]    Critical: Allocation Stall                                  0 / 1                 0 / 5                 0 / 5                 0 / 5           ops/s
[50.060s][info][gc,stats    ]    Critical: GC Locker Stall                               0.000 / 0.000         3.908 / 3.908         3.908 / 3.908         3.908 / 3.908       ms
[50.060s][info][gc,stats    ]    Critical: GC Locker Stall                                   0 / 0                 0 / 1                 0 / 1                 0 / 1           ops/s
[50.060s][info][gc,stats    ]      Memory: Allocation Rate                                 601 / 776             473 / 928             473 / 928             473 / 928         MB/s
[50.060s][info][gc,stats    ]      Memory: Heap Used After Mark                            814 / 966             756 / 966             756 / 966             756 / 966         MB
[50.060s][info][gc,stats    ]      Memory: Heap Used After Relocation                      502 / 582             469 / 802             469 / 802             469 / 802         MB
[50.060s][info][gc,stats    ]      Memory: Heap Used Before Mark                           565 / 696             533 / 822             533 / 822             533 / 822         MB
[50.060s][info][gc,stats    ]      Memory: Heap Used Before Relocation                     509 / 586             502 / 966             502 / 966             502 / 966         MB
[50.060s][info][gc,stats    ]      Memory: Out Of Memory                                     0 / 0                 0 / 0                 0 / 0                 0 / 0           ops/s
[50.060s][info][gc,stats    ]      Memory: Page Cache Flush                                 31 / 76               22 / 102              22 / 102              22 / 102         MB/s
[50.060s][info][gc,stats    ]      Memory: Page Cache Hit L1                               286 / 390             220 / 465             220 / 465             220 / 465         ops/s
[50.060s][info][gc,stats    ]      Memory: Page Cache Hit L2                                 0 / 0                 0 / 0                 0 / 0                 0 / 0           ops/s
[50.060s][info][gc,stats    ]      Memory: Page Cache Miss                                  10 / 38               14 / 164              14 / 164              14 / 164         ops/s
[50.060s][info][gc,stats    ]      Memory: Undo Object Allocation Failed                     0 / 0                 0 / 0                 0 / 0                 0 / 0           ops/s
[50.060s][info][gc,stats    ]      Memory: Undo Object Allocation Succeeded                  0 / 0                 0 / 1                 0 / 1                 0 / 1           ops/s
[50.060s][info][gc,stats    ]      Memory: Undo Page Allocation                              0 / 1                 0 / 1                 0 / 1                 0 / 1           ops/s
[50.060s][info][gc,stats    ]       Phase: Concurrent Destroy Detached Pages             0.004 / 0.031         0.007 / 0.210         0.007 / 0.210         0.007 / 0.210       ms
[50.060s][info][gc,stats    ]       Phase: Concurrent Mark                             442.943 / 693.842     425.775 / 898.715     425.775 / 898.715     425.775 / 898.715     ms
[50.060s][info][gc,stats    ]       Phase: Concurrent Mark Continue                      0.000 / 0.000         0.000 / 0.000         0.000 / 0.000         0.000 / 0.000       ms
[50.060s][info][gc,stats    ]       Phase: Concurrent Prepare Relocation Set             0.014 / 0.019         1.482 / 27.133        1.482 / 27.133        1.482 / 27.133      ms
[50.060s][info][gc,stats    ]       Phase: Concurrent Process Non-Strong References      2.408 / 11.492        1.903 / 11.820        1.903 / 11.820        1.903 / 11.820      ms
[50.060s][info][gc,stats    ]       Phase: Concurrent Relocate                           5.363 / 13.914       33.752 / 435.689      33.752 / 435.689      33.752 / 435.689     ms
[50.060s][info][gc,stats    ]       Phase: Concurrent Reset Relocation Set               0.003 / 0.005         0.073 / 1.052         0.073 / 1.052         0.073 / 1.052       ms
[50.060s][info][gc,stats    ]       Phase: Concurrent Select Relocation Set              1.843 / 5.518         2.172 / 8.684         2.172 / 8.684         2.172 / 8.684       ms
[50.060s][info][gc,stats    ]       Phase: Pause Mark End                                0.493 / 1.215         0.348 / 1.215         0.348 / 1.215         0.348 / 1.215       ms
[50.060s][info][gc,stats    ]       Phase: Pause Mark Start                              2.907 / 3.347         2.659 / 10.103        2.659 / 10.103        2.659 / 10.103      ms
[50.060s][info][gc,stats    ]       Phase: Pause Relocate Start                          2.519 / 2.721         2.475 / 17.632        2.475 / 17.632        2.475 / 17.632      ms
[50.060s][info][gc,stats    ]    Subphase: Concurrent Mark                             441.633 / 683.852     424.505 / 898.690     424.505 / 898.690     424.505 / 898.690     ms
[50.060s][info][gc,stats    ]    Subphase: Concurrent Mark Idle                          0.000 / 0.000         0.000 / 0.000         0.000 / 0.000         0.000 / 0.000       ms
[50.060s][info][gc,stats    ]    Subphase: Concurrent Mark Try Flush                     1.207 / 7.626         1.280 / 16.352        1.280 / 16.352        1.280 / 16.352      ms
[50.060s][info][gc,stats    ]    Subphase: Concurrent Mark Try Terminate                 0.413 / 3.867         0.388 / 3.894         0.388 / 3.894         0.388 / 3.894       ms
[50.060s][info][gc,stats    ]    Subphase: Concurrent References Enqueue                 0.002 / 0.004         0.002 / 0.008         0.002 / 0.008         0.002 / 0.008       ms
[50.060s][info][gc,stats    ]    Subphase: Concurrent References Process                 1.105 / 6.669         0.912 / 9.221         0.912 / 9.221         0.912 / 9.221       ms
[50.060s][info][gc,stats    ]    Subphase: Concurrent Weak Roots                         0.796 / 0.838         0.828 / 2.028         0.828 / 2.028         0.828 / 2.028       ms
[50.060s][info][gc,stats    ]    Subphase: Concurrent Weak Roots JNIWeakHandles          0.000 / 0.000         0.000 / 0.001         0.000 / 0.001         0.000 / 0.001       ms
[50.060s][info][gc,stats    ]    Subphase: Concurrent Weak Roots StringTable             0.564 / 0.611         0.605 / 1.504         0.605 / 1.504         0.605 / 1.504       ms
[50.060s][info][gc,stats    ]    Subphase: Concurrent Weak Roots VMWeakHandles           0.230 / 0.266         0.221 / 0.553         0.221 / 0.553         0.221 / 0.553       ms
[50.060s][info][gc,stats    ]    Subphase: Pause Mark Try Complete                       0.000 / 0.000         0.000 / 0.000         0.000 / 0.000         0.000 / 0.000       ms
[50.060s][info][gc,stats    ]    Subphase: Pause Remap TLABS                             0.002 / 0.004         0.001 / 0.015         0.001 / 0.015         0.001 / 0.015       ms
[50.060s][info][gc,stats    ]    Subphase: Pause Retire TLABS                            0.032 / 0.042         0.022 / 0.059         0.022 / 0.059         0.022 / 0.059       ms
[50.060s][info][gc,stats    ]    Subphase: Pause Roots                                   1.747 / 3.004         1.607 / 17.223        1.607 / 17.223        1.607 / 17.223      ms
[50.060s][info][gc,stats    ]    Subphase: Pause Roots ClassLoaderDataGraph              0.652 / 0.800         0.684 / 2.763         0.684 / 2.763         0.684 / 2.763       ms
[50.060s][info][gc,stats    ]    Subphase: Pause Roots CodeCache                         1.177 / 1.406         1.077 / 14.716        1.077 / 14.716        1.077 / 14.716      ms
[50.060s][info][gc,stats    ]    Subphase: Pause Roots JNIHandles                        0.001 / 0.001         0.001 / 0.005         0.001 / 0.005         0.001 / 0.005       ms
[50.060s][info][gc,stats    ]    Subphase: Pause Roots JNIWeakHandles                    0.000 / 0.000         0.000 / 0.000         0.000 / 0.000         0.000 / 0.000       ms
[50.060s][info][gc,stats    ]    Subphase: Pause Roots JRFWeak                           0.000 / 0.000         0.000 / 0.000         0.000 / 0.000         0.000 / 0.000       ms
[50.060s][info][gc,stats    ]    Subphase: Pause Roots JVMTIExport                       0.001 / 0.001         0.001 / 0.009         0.001 / 0.009         0.001 / 0.009       ms
[50.060s][info][gc,stats    ]    Subphase: Pause Roots JVMTIWeakExport                   0.001 / 0.001         0.001 / 0.002         0.001 / 0.002         0.001 / 0.002       ms
[50.060s][info][gc,stats    ]    Subphase: Pause Roots Management                        0.001 / 0.002         0.004 / 0.398         0.004 / 0.398         0.004 / 0.398       ms
[50.060s][info][gc,stats    ]    Subphase: Pause Roots ObjectSynchronizer                0.000 / 0.000         0.000 / 0.007         0.000 / 0.007         0.000 / 0.007       ms
[50.060s][info][gc,stats    ]    Subphase: Pause Roots Setup                             0.180 / 0.400         0.178 / 1.260         0.178 / 1.260         0.178 / 1.260       ms
[50.060s][info][gc,stats    ]    Subphase: Pause Roots StringTable                       0.000 / 0.000         0.000 / 0.000         0.000 / 0.000         0.000 / 0.000       ms
[50.060s][info][gc,stats    ]    Subphase: Pause Roots SystemDictionary                  0.013 / 0.018         0.016 / 0.328         0.016 / 0.328         0.016 / 0.328       ms
[50.060s][info][gc,stats    ]    Subphase: Pause Roots Teardown                          0.001 / 0.002         0.001 / 0.009         0.001 / 0.009         0.001 / 0.009       ms
[50.060s][info][gc,stats    ]    Subphase: Pause Roots Threads                           0.514 / 1.142         0.409 / 3.876         0.409 / 3.876         0.409 / 3.876       ms
[50.060s][info][gc,stats    ]    Subphase: Pause Roots Universe                          0.002 / 0.005         0.006 / 0.534         0.006 / 0.534         0.006 / 0.534       ms
[50.060s][info][gc,stats    ]    Subphase: Pause Roots VMWeakHandles                     0.000 / 0.000         0.000 / 0.000         0.000 / 0.000         0.000 / 0.000       ms
[50.060s][info][gc,stats    ]    Subphase: Pause Weak Roots                              0.002 / 0.003         0.002 / 0.007         0.002 / 0.007         0.002 / 0.007       ms
[50.060s][info][gc,stats    ]    Subphase: Pause Weak Roots JFRWeak                      0.001 / 0.001         0.001 / 0.001         0.001 / 0.001         0.001 / 0.001       ms
[50.060s][info][gc,stats    ]    Subphase: Pause Weak Roots JNIWeakHandles               0.000 / 0.000         0.000 / 0.000         0.000 / 0.000         0.000 / 0.000       ms
[50.060s][info][gc,stats    ]    Subphase: Pause Weak Roots JVMTIWeakExport              0.001 / 0.001         0.001 / 0.006         0.001 / 0.006         0.001 / 0.006       ms
[50.060s][info][gc,stats    ]    Subphase: Pause Weak Roots Setup                        0.000 / 0.000         0.000 / 0.000         0.000 / 0.000         0.000 / 0.000       ms
[50.060s][info][gc,stats    ]    Subphase: Pause Weak Roots StringTable                  0.000 / 0.000         0.000 / 0.000         0.000 / 0.000         0.000 / 0.000       ms
[50.060s][info][gc,stats    ]    Subphase: Pause Weak Roots SymbolTable                  0.000 / 0.000         0.000 / 0.000         0.000 / 0.000         0.000 / 0.000       ms
[50.060s][info][gc,stats    ]    Subphase: Pause Weak Roots Teardown                     0.001 / 0.001         0.001 / 0.001         0.001 / 0.001         0.001 / 0.001       ms
[50.060s][info][gc,stats    ]    Subphase: Pause Weak Roots VMWeakHandles                0.000 / 0.000         0.000 / 0.000         0.000 / 0.000         0.000 / 0.000       ms
[50.060s][info][gc,stats    ]      System: Java Threads                                    170 / 197             106 / 197             106 / 197             106 / 197         threads
[50.060s][info][gc,stats    ] =========================================================================================================================================================
[50.210s][info][gc,phases   ] GC(74) Concurrent Mark 444.365ms
[50.213s][info][gc,phases   ] GC(74) Pause Mark End 0.495ms
[50.215s][info][gc,phases   ] GC(74) Concurrent Process Non-Strong References 1.561ms
[50.215s][info][gc,phases   ] GC(74) Concurrent Reset Relocation Set 0.005ms
[50.215s][info][gc,phases   ] GC(74) Concurrent Destroy Detached Pages 0.001ms
[50.216s][info][gc,phases   ] GC(74) Concurrent Select Relocation Set 1.576ms
[50.217s][info][gc,phases   ] GC(74) Concurrent Prepare Relocation Set 0.015ms
[50.219s][info][gc,phases   ] GC(74) Pause Relocate Start 2.592ms
[50.225s][info][gc,phases   ] GC(74) Concurrent Relocate 5.055ms
[50.225s][info][gc,load     ] GC(74) Load: 2.31/1.91/1.10
[50.225s][info][gc,mmu      ] GC(74) MMU: 2ms/0.0%, 5ms/0.0%, 10ms/0.0%, 20ms/11.8%, 50ms/64.0%, 100ms/82.0%
[50.225s][info][gc,marking  ] GC(74) Mark: 1 stripe(s), 2 proactive flush(es), 1 terminate flush(es), 0 completion(s), 0 continuation(s) 
[50.225s][info][gc,reloc    ] GC(74) Relocation: Successful, 7M relocated
[50.225s][info][gc,nmethod  ] GC(74) NMethods: 3258 registered, 0 unregistered
[50.225s][info][gc,metaspace] GC(74) Metaspace: 68M used, 71M capacity, 72M committed, 74M reserved
[50.225s][info][gc,ref      ] GC(74) Soft: 4696 encountered, 0 discovered, 0 enqueued
[50.225s][info][gc,ref      ] GC(74) Weak: 4695 encountered, 3567 discovered, 0 enqueued
[50.225s][info][gc,ref      ] GC(74) Final: 27 encountered, 0 discovered, 0 enqueued
[50.225s][info][gc,ref      ] GC(74) Phantom: 650 encountered, 647 discovered, 0 enqueued
[50.225s][info][gc,heap     ] GC(74)                Mark Start          Mark End        Relocate Start      Relocate End           High               Low         
[50.225s][info][gc,heap     ] GC(74)  Capacity:     1000M (100%)       1000M (100%)       1000M (100%)       1000M (100%)       1000M (100%)       1000M (100%)   
[50.225s][info][gc,heap     ] GC(74)   Reserve:       34M (3%)           34M (3%)           34M (3%)           34M (3%)           34M (3%)           34M (3%)     
[50.225s][info][gc,heap     ] GC(74)      Free:      388M (39%)          64M (6%)          386M (39%)         388M (39%)         388M (39%)          64M (6%)     
[50.225s][info][gc,heap     ] GC(74)      Used:      578M (58%)         902M (90%)         580M (58%)         578M (58%)         902M (90%)         578M (58%)    
[50.225s][info][gc,heap     ] GC(74)      Live:         -               216M (22%)         216M (22%)         216M (22%)            -                  -          
[50.225s][info][gc,heap     ] GC(74) Allocated:         -               324M (32%)         324M (32%)         332M (33%)            -                  -          
[50.225s][info][gc,heap     ] GC(74)   Garbage:         -               361M (36%)          39M (4%)           33M (3%)             -                  -          
[50.225s][info][gc,heap     ] GC(74) Reclaimed:         -                  -               322M (32%)         328M (33%)            -                  -          
[50.225s][info][gc          ] GC(74) Garbage Collection (Allocation Rate) 578M(58%)->578M(58%)
[50.260s][info][gc,start    ] GC(75) Garbage Collection (Allocation Rate)
[50.266s][info][gc,phases   ] GC(75) Pause Mark Start 3.190ms
[50.701s][info][gc,phases   ] GC(75) Concurrent Mark 435.226ms
[50.705s][info][gc,phases   ] GC(75) Pause Mark End 0.483ms
[50.706s][info][gc,phases   ] GC(75) Concurrent Process Non-Strong References 1.481ms
[50.706s][info][gc,phases   ] GC(75) Concurrent Reset Relocation Set 0.002ms
[50.706s][info][gc,phases   ] GC(75) Concurrent Destroy Detached Pages 0.000ms
[50.708s][info][gc,phases   ] GC(75) Concurrent Select Relocation Set 1.950ms
[50.708s][info][gc,phases   ] GC(75) Concurrent Prepare Relocation Set 0.013ms
[50.711s][info][gc,phases   ] GC(75) Pause Relocate Start 2.587ms
[50.717s][info][gc,phases   ] GC(75) Concurrent Relocate 5.687ms
[50.717s][info][gc,load     ] GC(75) Load: 2.29/1.91/1.10
[50.717s][info][gc,mmu      ] GC(75) MMU: 2ms/0.0%, 5ms/0.0%, 10ms/0.0%, 20ms/11.8%, 50ms/64.0%, 100ms/82.0%
[50.717s][info][gc,marking  ] GC(75) Mark: 1 stripe(s), 2 proactive flush(es), 1 terminate flush(es), 0 completion(s), 0 continuation(s) 
[50.717s][info][gc,reloc    ] GC(75) Relocation: Successful, 7M relocated
[50.717s][info][gc,nmethod  ] GC(75) NMethods: 3258 registered, 0 unregistered
[50.717s][info][gc,metaspace] GC(75) Metaspace: 68M used, 71M capacity, 72M committed, 74M reserved
[50.717s][info][gc,ref      ] GC(75) Soft: 4696 encountered, 0 discovered, 0 enqueued
[50.717s][info][gc,ref      ] GC(75) Weak: 4695 encountered, 3567 discovered, 0 enqueued
[50.717s][info][gc,ref      ] GC(75) Final: 27 encountered, 0 discovered, 0 enqueued
[50.717s][info][gc,ref      ] GC(75) Phantom: 650 encountered, 647 discovered, 0 enqueued
[50.717s][info][gc,heap     ] GC(75)                Mark Start          Mark End        Relocate Start      Relocate End           High               Low         
[50.717s][info][gc,heap     ] GC(75)  Capacity:     1000M (100%)       1000M (100%)       1000M (100%)       1000M (100%)       1000M (100%)       1000M (100%)   
[50.717s][info][gc,heap     ] GC(75)   Reserve:       34M (3%)           34M (3%)           34M (3%)           34M (3%)           34M (3%)           34M (3%)     
[50.717s][info][gc,heap     ] GC(75)      Free:      338M (34%)          22M (2%)          394M (39%)         396M (40%)         396M (40%)          22M (2%)     
[50.717s][info][gc,heap     ] GC(75)      Used:      628M (63%)         944M (94%)         572M (57%)         570M (57%)         944M (94%)         570M (57%)    
[50.717s][info][gc,heap     ] GC(75)      Live:         -               216M (22%)         216M (22%)         216M (22%)            -                  -          
[50.717s][info][gc,heap     ] GC(75) Allocated:         -               316M (32%)         316M (32%)         324M (32%)            -                  -          
[50.717s][info][gc,heap     ] GC(75)   Garbage:         -               411M (41%)          39M (4%)           31M (3%)             -                  -          
[50.717s][info][gc,heap     ] GC(75) Reclaimed:         -                  -               372M (37%)         380M (38%)            -                  -          
[50.717s][info][gc          ] GC(75) Garbage Collection (Allocation Rate) 628M(63%)->570M(57%)
[50.759s][info][gc,start    ] GC(76) Garbage Collection (Allocation Rate)
[50.765s][info][gc,phases   ] GC(76) Pause Mark Start 2.982ms
[51.190s][info][gc,phases   ] GC(76) Concurrent Mark 424.820ms
[51.194s][info][gc,phases   ] GC(76) Pause Mark End 0.580ms
[51.196s][info][gc,phases   ] GC(76) Concurrent Process Non-Strong References 1.731ms
[51.196s][info][gc,phases   ] GC(76) Concurrent Reset Relocation Set 0.003ms
[51.196s][info][gc,phases   ] GC(76) Concurrent Destroy Detached Pages 0.001ms
[51.199s][info][gc,phases   ] GC(76) Concurrent Select Relocation Set 2.617ms
[51.199s][info][gc,phases   ] GC(76) Concurrent Prepare Relocation Set 0.016ms
[51.202s][info][gc,phases   ] GC(76) Pause Relocate Start 3.112ms
[51.207s][info][gc,phases   ] GC(76) Concurrent Relocate 5.080ms
[51.207s][info][gc,load     ] GC(76) Load: 2.29/1.91/1.10
[51.208s][info][gc,mmu      ] GC(76) MMU: 2ms/0.0%, 5ms/0.0%, 10ms/0.0%, 20ms/11.8%, 50ms/64.0%, 100ms/82.0%
[51.208s][info][gc,marking  ] GC(76) Mark: 1 stripe(s), 2 proactive flush(es), 1 terminate flush(es), 0 completion(s), 0 continuation(s) 
[51.208s][info][gc,reloc    ] GC(76) Relocation: Successful, 7M relocated
[51.208s][info][gc,nmethod  ] GC(76) NMethods: 3258 registered, 0 unregistered
[51.208s][info][gc,metaspace] GC(76) Metaspace: 68M used, 71M capacity, 72M committed, 74M reserved
[51.208s][info][gc,ref      ] GC(76) Soft: 4696 encountered, 0 discovered, 0 enqueued
[51.208s][info][gc,ref      ] GC(76) Weak: 4695 encountered, 3567 discovered, 0 enqueued
[51.208s][info][gc,ref      ] GC(76) Final: 27 encountered, 0 discovered, 0 enqueued
[51.208s][info][gc,ref      ] GC(76) Phantom: 650 encountered, 647 discovered, 0 enqueued
[51.208s][info][gc,heap     ] GC(76)                Mark Start          Mark End        Relocate Start      Relocate End           High               Low         
[51.208s][info][gc,heap     ] GC(76)  Capacity:     1000M (100%)       1000M (100%)       1000M (100%)       1000M (100%)       1000M (100%)       1000M (100%)   
[51.208s][info][gc,heap     ] GC(76)   Reserve:       34M (3%)           34M (3%)           34M (3%)           34M (3%)           34M (3%)           34M (3%)     
[51.208s][info][gc,heap     ] GC(76)      Free:      334M (33%)          18M (2%)          394M (39%)         402M (40%)         402M (40%)          18M (2%)     
[51.208s][info][gc,heap     ] GC(76)      Used:      632M (63%)         948M (95%)         572M (57%)         564M (56%)         948M (95%)         564M (56%)    
[51.208s][info][gc,heap     ] GC(76)      Live:         -               216M (22%)         216M (22%)         216M (22%)            -                  -          
[51.208s][info][gc,heap     ] GC(76) Allocated:         -               316M (32%)         316M (32%)         318M (32%)            -                  -          
[51.208s][info][gc,heap     ] GC(76)   Garbage:         -               415M (42%)          39M (4%)           31M (3%)             -                  -          
[51.208s][info][gc,heap     ] GC(76) Reclaimed:         -                  -               376M (38%)         384M (38%)            -                  -          
[51.208s][info][gc          ] GC(76) Garbage Collection (Allocation Rate) 632M(63%)->564M(56%)
[51.259s][info][gc,start    ] GC(77) Garbage Collection (Allocation Rate)
[51.265s][info][gc,phases   ] GC(77) Pause Mark Start 3.011ms
[51.703s][info][gc,phases   ] GC(77) Concurrent Mark 437.507ms
[51.706s][info][gc,phases   ] GC(77) Pause Mark End 0.492ms
[51.708s][info][gc,phases   ] GC(77) Concurrent Process Non-Strong References 1.605ms
[51.708s][info][gc,phases   ] GC(77) Concurrent Reset Relocation Set 0.003ms
[51.708s][info][gc,phases   ] GC(77) Concurrent Destroy Detached Pages 0.000ms
[51.710s][info][gc,phases   ] GC(77) Concurrent Select Relocation Set 1.521ms
[51.710s][info][gc,phases   ] GC(77) Concurrent Prepare Relocation Set 0.014ms
[51.713s][info][gc,phases   ] GC(77) Pause Relocate Start 2.707ms
[51.721s][info][gc,phases   ] GC(77) Concurrent Relocate 7.878ms
[51.721s][info][gc,load     ] GC(77) Load: 2.29/1.91/1.10
[51.721s][info][gc,mmu      ] GC(77) MMU: 2ms/0.0%, 5ms/0.0%, 10ms/0.0%, 20ms/11.8%, 50ms/64.0%, 100ms/82.0%
[51.721s][info][gc,marking  ] GC(77) Mark: 1 stripe(s), 2 proactive flush(es), 1 terminate flush(es), 0 completion(s), 0 continuation(s) 
[51.721s][info][gc,reloc    ] GC(77) Relocation: Successful, 7M relocated
[51.721s][info][gc,nmethod  ] GC(77) NMethods: 3258 registered, 0 unregistered
[51.721s][info][gc,metaspace] GC(77) Metaspace: 68M used, 71M capacity, 72M committed, 74M reserved
[51.721s][info][gc,ref      ] GC(77) Soft: 4696 encountered, 0 discovered, 0 enqueued
[51.721s][info][gc,ref      ] GC(77) Weak: 4695 encountered, 3567 discovered, 0 enqueued
[51.721s][info][gc,ref      ] GC(77) Final: 27 encountered, 0 discovered, 0 enqueued
[51.721s][info][gc,ref      ] GC(77) Phantom: 650 encountered, 647 discovered, 0 enqueued
[51.721s][info][gc,heap     ] GC(77)                Mark Start          Mark End        Relocate Start      Relocate End           High               Low         
[51.721s][info][gc,heap     ] GC(77)  Capacity:     1000M (100%)       1000M (100%)       1000M (100%)       1000M (100%)       1000M (100%)       1000M (100%)   
[51.721s][info][gc,heap     ] GC(77)   Reserve:       34M (3%)           34M (3%)           34M (3%)           34M (3%)           34M (3%)           34M (3%)     
[51.721s][info][gc,heap     ] GC(77)      Free:      344M (34%)          28M (3%)          394M (39%)         392M (39%)         394M (39%)          28M (3%)     
[51.721s][info][gc,heap     ] GC(77)      Used:      622M (62%)         938M (94%)         572M (57%)         574M (57%)         938M (94%)         572M (57%)    
[51.721s][info][gc,heap     ] GC(77)      Live:         -               216M (22%)         216M (22%)         216M (22%)            -                  -          
[51.721s][info][gc,heap     ] GC(77) Allocated:         -               316M (32%)         316M (32%)         328M (33%)            -                  -          
[51.721s][info][gc,heap     ] GC(77)   Garbage:         -               405M (41%)          39M (4%)           31M (3%)             -                  -          
[51.721s][info][gc,heap     ] GC(77) Reclaimed:         -                  -               366M (37%)         374M (37%)            -                  -          
[51.721s][info][gc          ] GC(77) Garbage Collection (Allocation Rate) 622M(62%)->574M(57%)
[51.760s][info][gc,start    ] GC(78) Garbage Collection (Allocation Rate)
[51.769s][info][gc,phases   ] GC(78) Pause Mark Start 6.227ms
[51.963s][info][gc,heap     ] Page Cache Flushed: 6M requested, 6M(240M->234M) flushed
[52.189s][info][gc,phases   ] GC(78) Concurrent Mark 420.198ms
[52.190s][info][gc,phases   ] GC(78) Pause Mark End 0.520ms
[52.191s][info][gc,phases   ] GC(78) Concurrent Process Non-Strong References 1.443ms
[52.191s][info][gc,phases   ] GC(78) Concurrent Reset Relocation Set 0.003ms
[52.191s][info][gc,phases   ] GC(78) Concurrent Destroy Detached Pages 0.005ms
[52.193s][info][gc,phases   ] GC(78) Concurrent Select Relocation Set 1.530ms
[52.193s][info][gc,phases   ] GC(78) Concurrent Prepare Relocation Set 0.012ms
[52.196s][info][gc,phases   ] GC(78) Pause Relocate Start 2.717ms
[52.197s][info][gc,phases   ] GC(78) Concurrent Relocate 1.182ms
[52.197s][info][gc,load     ] GC(78) Load: 2.29/1.91/1.10
[52.197s][info][gc,mmu      ] GC(78) MMU: 2ms/0.0%, 5ms/0.0%, 10ms/0.0%, 20ms/11.8%, 50ms/64.0%, 100ms/82.0%
[52.197s][info][gc,marking  ] GC(78) Mark: 1 stripe(s), 2 proactive flush(es), 1 terminate flush(es), 0 completion(s), 0 continuation(s) 
[52.197s][info][gc,reloc    ] GC(78) Relocation: Successful, 7M relocated
[52.197s][info][gc,nmethod  ] GC(78) NMethods: 3290 registered, 0 unregistered
[52.197s][info][gc,metaspace] GC(78) Metaspace: 68M used, 71M capacity, 72M committed, 74M reserved
[52.197s][info][gc,ref      ] GC(78) Soft: 4696 encountered, 0 discovered, 0 enqueued
[52.197s][info][gc,ref      ] GC(78) Weak: 4694 encountered, 3619 discovered, 0 enqueued
[52.197s][info][gc,ref      ] GC(78) Final: 27 encountered, 0 discovered, 0 enqueued
[52.197s][info][gc,ref      ] GC(78) Phantom: 650 encountered, 647 discovered, 0 enqueued
[52.197s][info][gc,heap     ] GC(78)                Mark Start          Mark End        Relocate Start      Relocate End           High               Low         
[52.197s][info][gc,heap     ] GC(78)  Capacity:     1000M (100%)       1000M (100%)       1000M (100%)       1000M (100%)       1000M (100%)       1000M (100%)   
[52.197s][info][gc,heap     ] GC(78)   Reserve:       34M (3%)           34M (3%)           34M (3%)           34M (3%)           34M (3%)           34M (3%)     
[52.197s][info][gc,heap     ] GC(78)      Free:      358M (36%)         230M (23%)         582M (58%)         590M (59%)         590M (59%)         230M (23%)    
[52.197s][info][gc,heap     ] GC(78)      Used:      608M (61%)         736M (74%)         384M (38%)         376M (38%)         736M (74%)         376M (38%)    
[52.197s][info][gc,heap     ] GC(78)      Live:         -               216M (22%)         216M (22%)         216M (22%)            -                  -          
[52.197s][info][gc,heap     ] GC(78) Allocated:         -               128M (13%)         128M (13%)         130M (13%)            -                  -          
[52.197s][info][gc,heap     ] GC(78)   Garbage:         -               391M (39%)          39M (4%)           31M (3%)             -                  -          
[52.197s][info][gc,heap     ] GC(78) Reclaimed:         -                  -               352M (35%)         360M (36%)            -                  -          
[52.197s][info][gc          ] GC(78) Garbage Collection (Allocation Rate) 608M(61%)->376M(38%)
[52.197s][info][gc,start    ] GC(79) Garbage Collection (System.gc())
[52.201s][info][gc,phases   ] GC(79) Pause Mark Start 3.015ms
[52.410s][info][gc,phases   ] GC(79) Concurrent Mark 209.049ms
[52.411s][info][gc,phases   ] GC(79) Pause Mark End 0.503ms
[52.413s][info][gc,phases   ] GC(79) Concurrent Process Non-Strong References 1.697ms
[52.413s][info][gc,phases   ] GC(79) Concurrent Reset Relocation Set 0.004ms
[52.413s][info][gc,phases   ] GC(79) Concurrent Destroy Detached Pages 0.000ms
[52.414s][info][gc,phases   ] GC(79) Concurrent Select Relocation Set 1.534ms
[52.414s][info][gc,phases   ] GC(79) Concurrent Prepare Relocation Set 0.014ms
[52.417s][info][gc,phases   ] GC(79) Pause Relocate Start 2.728ms
[52.421s][info][gc,phases   ] GC(79) Concurrent Relocate 3.951ms
[52.421s][info][gc,load     ] GC(79) Load: 2.29/1.91/1.10
[52.421s][info][gc,mmu      ] GC(79) MMU: 2ms/0.0%, 5ms/0.0%, 10ms/0.0%, 20ms/11.8%, 50ms/64.0%, 100ms/82.0%
[52.421s][info][gc,marking  ] GC(79) Mark: 1 stripe(s), 2 proactive flush(es), 1 terminate flush(es), 0 completion(s), 0 continuation(s) 
[52.421s][info][gc,reloc    ] GC(79) Relocation: Successful, 7M relocated
[52.421s][info][gc,nmethod  ] GC(79) NMethods: 3293 registered, 0 unregistered
[52.421s][info][gc,metaspace] GC(79) Metaspace: 68M used, 71M capacity, 72M committed, 74M reserved
[52.421s][info][gc,ref      ] GC(79) Soft: 4696 encountered, 0 discovered, 0 enqueued
[52.421s][info][gc,ref      ] GC(79) Weak: 4753 encountered, 3682 discovered, 118 enqueued
[52.421s][info][gc,ref      ] GC(79) Final: 27 encountered, 0 discovered, 0 enqueued
[52.421s][info][gc,ref      ] GC(79) Phantom: 650 encountered, 647 discovered, 0 enqueued
[52.421s][info][gc,heap     ] GC(79)                Mark Start          Mark End        Relocate Start      Relocate End           High               Low         
[52.421s][info][gc,heap     ] GC(79)  Capacity:     1000M (100%)       1000M (100%)       1000M (100%)       1000M (100%)       1000M (100%)       1000M (100%)   
[52.421s][info][gc,heap     ] GC(79)   Reserve:       34M (3%)           34M (3%)           34M (3%)           34M (3%)           34M (3%)           34M (3%)     
[52.421s][info][gc,heap     ] GC(79)      Free:      590M (59%)         588M (59%)         710M (71%)         716M (72%)         716M (72%)         588M (59%)    
[52.421s][info][gc,heap     ] GC(79)      Used:      376M (38%)         378M (38%)         256M (26%)         250M (25%)         378M (38%)         250M (25%)    
[52.421s][info][gc,heap     ] GC(79)      Live:         -               216M (22%)         216M (22%)         216M (22%)            -                  -          
[52.421s][info][gc,heap     ] GC(79) Allocated:         -                 2M (0%)            2M (0%)            4M (0%)             -                  -          
[52.421s][info][gc,heap     ] GC(79)   Garbage:         -               159M (16%)          37M (4%)           31M (3%)             -                  -          
[52.421s][info][gc,heap     ] GC(79) Reclaimed:         -                  -               122M (12%)         128M (13%)            -                  -          
[52.421s][info][gc          ] GC(79) Garbage Collection (System.gc()) 376M(38%)->250M(25%)
[52.431s][info][gc,heap     ] Page Cache Flushed: 32M requested, 32M(716M->684M) flushed
[52.459s][info][gc,start    ] GC(80) Garbage Collection (Allocation Rate)
[52.466s][info][gc,phases   ] GC(80) Pause Mark Start 3.183ms
[52.487s][info][gc,heap     ] Page Cache Flushed: 6M requested, 6M(674M->668M) flushed
[52.573s][info][gc,heap     ] Page Cache Flushed: 32M requested, 32M(660M->628M) flushed
[52.646s][info][gc,heap     ] Page Cache Flushed: 6M requested, 6M(626M->620M) flushed
[53.150s][info][gc,phases   ] GC(80) Concurrent Mark 684.295ms
[53.156s][info][gc,phases   ] GC(80) Pause Mark End 0.539ms
[53.159s][info][gc,phases   ] GC(80) Concurrent Process Non-Strong References 2.616ms
[53.159s][info][gc,phases   ] GC(80) Concurrent Reset Relocation Set 0.003ms
[53.159s][info][gc,phases   ] GC(80) Concurrent Destroy Detached Pages 0.064ms
[53.160s][info][gc,phases   ] GC(80) Concurrent Select Relocation Set 1.692ms
[53.161s][info][gc,phases   ] GC(80) Concurrent Prepare Relocation Set 0.013ms
[53.165s][info][gc,phases   ] GC(80) Pause Relocate Start 2.724ms
[53.173s][info][gc,phases   ] GC(80) Concurrent Relocate 7.947ms
[53.173s][info][gc,load     ] GC(80) Load: 2.29/1.91/1.10
[53.173s][info][gc,mmu      ] GC(80) MMU: 2ms/0.0%, 5ms/0.0%, 10ms/0.0%, 20ms/11.8%, 50ms/64.0%, 100ms/82.0%
[53.173s][info][gc,marking  ] GC(80) Mark: 1 stripe(s), 2 proactive flush(es), 1 terminate flush(es), 0 completion(s), 0 continuation(s) 
[53.173s][info][gc,reloc    ] GC(80) Relocation: Successful, 7M relocated
[53.173s][info][gc,nmethod  ] GC(80) NMethods: 3351 registered, 0 unregistered
[53.173s][info][gc,metaspace] GC(80) Metaspace: 68M used, 71M capacity, 72M committed, 74M reserved
[53.173s][info][gc,ref      ] GC(80) Soft: 4696 encountered, 0 discovered, 0 enqueued
[53.173s][info][gc,ref      ] GC(80) Weak: 4655 encountered, 3577 discovered, 1 enqueued
[53.173s][info][gc,ref      ] GC(80) Final: 27 encountered, 0 discovered, 0 enqueued
[53.173s][info][gc,ref      ] GC(80) Phantom: 650 encountered, 647 discovered, 0 enqueued
[53.173s][info][gc,heap     ] GC(80)                Mark Start          Mark End        Relocate Start      Relocate End           High               Low         
[53.173s][info][gc,heap     ] GC(80)  Capacity:     1000M (100%)       1000M (100%)       1000M (100%)       1000M (100%)       1000M (100%)       1000M (100%)   
[53.173s][info][gc,heap     ] GC(80)   Reserve:       34M (3%)           34M (3%)           34M (3%)           34M (3%)           34M (3%)           34M (3%)     
[53.173s][info][gc,heap     ] GC(80)      Free:      678M (68%)         378M (38%)         410M (41%)         414M (41%)         678M (68%)         378M (38%)    
[53.173s][info][gc,heap     ] GC(80)      Used:      288M (29%)         588M (59%)         556M (56%)         552M (55%)         588M (59%)         288M (29%)    
[53.173s][info][gc,heap     ] GC(80)      Live:         -               216M (22%)         216M (22%)         216M (22%)            -                  -          
[53.173s][info][gc,heap     ] GC(80) Allocated:         -               300M (30%)         300M (30%)         306M (31%)            -                  -          
[53.173s][info][gc,heap     ] GC(80)   Garbage:         -                71M (7%)           39M (4%)           31M (3%)             -                  -          
[53.173s][info][gc,heap     ] GC(80) Reclaimed:         -                  -                32M (3%)           40M (4%)             -                  -          
[53.173s][info][gc          ] GC(80) Garbage Collection (Allocation Rate) 288M(29%)->552M(55%)
[53.259s][info][gc,start    ] GC(81) Garbage Collection (Allocation Rate)
[53.267s][info][gc,phases   ] GC(81) Pause Mark Start 3.168ms
[53.856s][info][gc,phases   ] GC(81) Concurrent Mark 588.575ms
[53.859s][info][gc,phases   ] GC(81) Pause Mark End 0.524ms
[53.861s][info][gc,phases   ] GC(81) Concurrent Process Non-Strong References 1.553ms
[53.862s][info][gc,phases   ] GC(81) Concurrent Reset Relocation Set 0.003ms
[53.862s][info][gc,phases   ] GC(81) Concurrent Destroy Detached Pages 0.000ms
[53.863s][info][gc,phases   ] GC(81) Concurrent Select Relocation Set 1.519ms
[53.863s][info][gc,phases   ] GC(81) Concurrent Prepare Relocation Set 0.018ms
[53.868s][info][gc,phases   ] GC(81) Pause Relocate Start 2.804ms
[53.873s][info][gc,phases   ] GC(81) Concurrent Relocate 5.800ms
[53.874s][info][gc,load     ] GC(81) Load: 2.29/1.91/1.10
[53.874s][info][gc,mmu      ] GC(81) MMU: 2ms/0.0%, 5ms/0.0%, 10ms/0.0%, 20ms/11.8%, 50ms/64.0%, 100ms/82.0%
[53.874s][info][gc,marking  ] GC(81) Mark: 1 stripe(s), 2 proactive flush(es), 1 terminate flush(es), 0 completion(s), 0 continuation(s) 
[53.874s][info][gc,reloc    ] GC(81) Relocation: Successful, 7M relocated
[53.874s][info][gc,nmethod  ] GC(81) NMethods: 3355 registered, 0 unregistered
[53.874s][info][gc,metaspace] GC(81) Metaspace: 68M used, 71M capacity, 72M committed, 74M reserved
[53.874s][info][gc,ref      ] GC(81) Soft: 4697 encountered, 0 discovered, 0 enqueued
[53.874s][info][gc,ref      ] GC(81) Weak: 4820 encountered, 3673 discovered, 73 enqueued
[53.874s][info][gc,ref      ] GC(81) Final: 27 encountered, 0 discovered, 0 enqueued
[53.874s][info][gc,ref      ] GC(81) Phantom: 650 encountered, 647 discovered, 0 enqueued
[53.874s][info][gc,heap     ] GC(81)                Mark Start          Mark End        Relocate Start      Relocate End           High               Low         
[53.874s][info][gc,heap     ] GC(81)  Capacity:     1000M (100%)       1000M (100%)       1000M (100%)       1000M (100%)       1000M (100%)       1000M (100%)   
[53.874s][info][gc,heap     ] GC(81)   Reserve:       34M (3%)           34M (3%)           34M (3%)           34M (3%)           34M (3%)           34M (3%)     
[53.874s][info][gc,heap     ] GC(81)      Free:      350M (35%)          36M (4%)          382M (38%)         398M (40%)         398M (40%)          36M (4%)     
[53.874s][info][gc,heap     ] GC(81)      Used:      616M (62%)         930M (93%)         584M (58%)         568M (57%)         930M (93%)         568M (57%)    
[53.874s][info][gc,heap     ] GC(81)      Live:         -               216M (22%)         216M (22%)         216M (22%)            -                  -          
[53.874s][info][gc,heap     ] GC(81) Allocated:         -               314M (31%)         314M (31%)         322M (32%)            -                  -          
[53.874s][info][gc,heap     ] GC(81)   Garbage:         -               399M (40%)          53M (5%)           33M (3%)             -                  -          
[53.874s][info][gc,heap     ] GC(81) Reclaimed:         -                  -               346M (35%)         366M (37%)            -                  -          
[53.874s][info][gc          ] GC(81) Garbage Collection (Allocation Rate) 616M(62%)->568M(57%)
[53.959s][info][gc,start    ] GC(82) Garbage Collection (Allocation Rate)
[53.966s][info][gc,phases   ] GC(82) Pause Mark Start 3.052ms
[54.233s][info][gc,heap     ] Page Cache Flushed: 2M requested, 6M(76M->70M) flushed
[54.238s][info][gc,heap     ] Page Cache Flushed: 2M requested, 6M(70M->64M) flushed
[54.255s][info][gc,heap     ] Page Cache Flushed: 2M requested, 32M(64M->32M) flushed
[54.325s][info][gc,heap     ] Page Cache Flushed: 2M requested, 32M(32M->0M) flushed
[54.390s][info][gc,phases   ] GC(82) Concurrent Mark 424.290ms
[54.391s][info][gc,phases   ] GC(82) Pause Mark End 0.512ms
[54.392s][info][gc,phases   ] GC(82) Concurrent Process Non-Strong References 1.521ms
[54.392s][info][gc,phases   ] GC(82) Concurrent Reset Relocation Set 0.005ms
[54.392s][info][gc,phases   ] GC(82) Concurrent Destroy Detached Pages 0.004ms
[54.394s][info][gc,phases   ] GC(82) Concurrent Select Relocation Set 1.526ms
[54.394s][info][gc,phases   ] GC(82) Concurrent Prepare Relocation Set 0.030ms
[54.397s][info][gc,phases   ] GC(82) Pause Relocate Start 2.769ms
[54.397s][info][gc          ] Allocation Stall (Executor task launch worker for task 0.0 in stage 25.0 (TID 25)) 15.630ms
[54.405s][info][gc,phases   ] GC(82) Concurrent Relocate 5.618ms
[54.405s][info][gc,load     ] GC(82) Load: 2.29/1.91/1.10
[54.405s][info][gc,mmu      ] GC(82) MMU: 2ms/0.0%, 5ms/0.0%, 10ms/0.0%, 20ms/11.8%, 50ms/64.0%, 100ms/82.0%
[54.405s][info][gc,marking  ] GC(82) Mark: 1 stripe(s), 2 proactive flush(es), 1 terminate flush(es), 0 completion(s), 0 continuation(s) 
[54.406s][info][gc,reloc    ] GC(82) Relocation: Successful, 7M relocated
[54.406s][info][gc,nmethod  ] GC(82) NMethods: 3356 registered, 0 unregistered
[54.406s][info][gc,metaspace] GC(82) Metaspace: 68M used, 71M capacity, 72M committed, 74M reserved
[54.406s][info][gc,ref      ] GC(82) Soft: 4697 encountered, 0 discovered, 0 enqueued
[54.406s][info][gc,ref      ] GC(82) Weak: 4755 encountered, 3623 discovered, 19 enqueued
[54.406s][info][gc,ref      ] GC(82) Final: 27 encountered, 0 discovered, 0 enqueued
[54.406s][info][gc,ref      ] GC(82) Phantom: 650 encountered, 647 discovered, 0 enqueued
[54.406s][info][gc,heap     ] GC(82)                Mark Start          Mark End        Relocate Start      Relocate End           High               Low         
[54.406s][info][gc,heap     ] GC(82)  Capacity:     1000M (100%)       1000M (100%)       1000M (100%)       1000M (100%)       1000M (100%)       1000M (100%)   
[54.406s][info][gc,heap     ] GC(82)   Reserve:       34M (3%)           34M (3%)           34M (3%)           34M (3%)           34M (3%)           34M (3%)     
[54.406s][info][gc,heap     ] GC(82)      Free:      272M (27%)           0M (0%)          424M (42%)         436M (44%)         436M (44%)           0M (0%)     
[54.406s][info][gc,heap     ] GC(82)      Used:      694M (69%)         966M (97%)         542M (54%)         530M (53%)         966M (97%)         530M (53%)    
[54.406s][info][gc,heap     ] GC(82)      Live:         -               216M (22%)         216M (22%)         216M (22%)            -                  -          
[54.406s][info][gc,heap     ] GC(82) Allocated:         -               272M (27%)         274M (27%)         286M (29%)            -                  -          
[54.406s][info][gc,heap     ] GC(82)   Garbage:         -               477M (48%)          51M (5%)           33M (3%)             -                  -          
[54.406s][info][gc,heap     ] GC(82) Reclaimed:         -                  -               426M (43%)         444M (44%)            -                  -          
[54.406s][info][gc          ] GC(82) Garbage Collection (Allocation Rate) 694M(69%)->530M(53%)
[54.459s][info][gc,start    ] GC(83) Garbage Collection (Allocation Rate)
[54.466s][info][gc,phases   ] GC(83) Pause Mark Start 3.040ms
[54.885s][info][gc,phases   ] GC(83) Concurrent Mark 419.622ms
[54.889s][info][gc,phases   ] GC(83) Pause Mark End 0.537ms
[54.891s][info][gc,phases   ] GC(83) Concurrent Process Non-Strong References 1.541ms
[54.891s][info][gc,phases   ] GC(83) Concurrent Reset Relocation Set 0.003ms
[54.891s][info][gc,phases   ] GC(83) Concurrent Destroy Detached Pages 0.000ms
[54.892s][info][gc,phases   ] GC(83) Concurrent Select Relocation Set 1.605ms
[54.893s][info][gc,phases   ] GC(83) Concurrent Prepare Relocation Set 0.026ms
[54.896s][info][gc,phases   ] GC(83) Pause Relocate Start 2.703ms
[54.901s][info][gc,phases   ] GC(83) Concurrent Relocate 5.785ms
[54.901s][info][gc,load     ] GC(83) Load: 2.29/1.91/1.10
[54.901s][info][gc,mmu      ] GC(83) MMU: 2ms/0.0%, 5ms/0.0%, 10ms/0.0%, 20ms/11.8%, 50ms/64.0%, 100ms/82.0%
[54.901s][info][gc,marking  ] GC(83) Mark: 1 stripe(s), 2 proactive flush(es), 1 terminate flush(es), 0 completion(s), 0 continuation(s) 
[54.901s][info][gc,reloc    ] GC(83) Relocation: Successful, 7M relocated
[54.901s][info][gc,nmethod  ] GC(83) NMethods: 3356 registered, 0 unregistered
[54.901s][info][gc,metaspace] GC(83) Metaspace: 68M used, 71M capacity, 72M committed, 74M reserved
[54.902s][info][gc,ref      ] GC(83) Soft: 4697 encountered, 0 discovered, 0 enqueued
[54.902s][info][gc,ref      ] GC(83) Weak: 4736 encountered, 3604 discovered, 0 enqueued
[54.902s][info][gc,ref      ] GC(83) Final: 27 encountered, 0 discovered, 0 enqueued
[54.902s][info][gc,ref      ] GC(83) Phantom: 650 encountered, 647 discovered, 0 enqueued
[54.902s][info][gc,heap     ] GC(83)                Mark Start          Mark End        Relocate Start      Relocate End           High               Low         
[54.902s][info][gc,heap     ] GC(83)  Capacity:     1000M (100%)       1000M (100%)       1000M (100%)       1000M (100%)       1000M (100%)       1000M (100%)   
[54.902s][info][gc,heap     ] GC(83)   Reserve:       34M (3%)           34M (3%)           34M (3%)           34M (3%)           34M (3%)           34M (3%)     
[54.902s][info][gc,heap     ] GC(83)      Free:      356M (36%)          40M (4%)          392M (39%)         394M (39%)         394M (39%)          40M (4%)     
[54.902s][info][gc,heap     ] GC(83)      Used:      610M (61%)         926M (93%)         574M (57%)         572M (57%)         926M (93%)         572M (57%)    
[54.902s][info][gc,heap     ] GC(83)      Live:         -               216M (22%)         216M (22%)         216M (22%)            -                  -          
[54.902s][info][gc,heap     ] GC(83) Allocated:         -               316M (32%)         316M (32%)         326M (33%)            -                  -          
[54.902s][info][gc,heap     ] GC(83)   Garbage:         -               393M (39%)          41M (4%)           33M (3%)             -                  -          
[54.902s][info][gc,heap     ] GC(83) Reclaimed:         -                  -               352M (35%)         360M (36%)            -                  -          
[54.902s][info][gc          ] GC(83) Garbage Collection (Allocation Rate) 610M(61%)->572M(57%)
[54.959s][info][gc,start    ] GC(84) Garbage Collection (Allocation Rate)
[54.965s][info][gc,phases   ] GC(84) Pause Mark Start 3.375ms
[55.419s][info][gc,phases   ] GC(84) Concurrent Mark 454.435ms
[55.420s][info][gc,phases   ] GC(84) Pause Mark End 0.596ms
[55.422s][info][gc,phases   ] GC(84) Concurrent Process Non-Strong References 1.479ms
[55.422s][info][gc,phases   ] GC(84) Concurrent Reset Relocation Set 0.002ms
[55.422s][info][gc,phases   ] GC(84) Concurrent Destroy Detached Pages 0.000ms
[55.423s][info][gc,phases   ] GC(84) Concurrent Select Relocation Set 1.538ms
[55.423s][info][gc,phases   ] GC(84) Concurrent Prepare Relocation Set 0.028ms
[55.427s][info][gc,phases   ] GC(84) Pause Relocate Start 2.969ms
[55.427s][info][gc          ] Allocation Stall (Executor task launch worker for task 0.0 in stage 25.0 (TID 25)) 8.158ms
[55.433s][info][gc,phases   ] GC(84) Concurrent Relocate 1.377ms
[55.433s][info][gc,load     ] GC(84) Load: 2.29/1.91/1.10
[55.433s][info][gc,mmu      ] GC(84) MMU: 2ms/0.0%, 5ms/0.0%, 10ms/0.0%, 20ms/11.8%, 50ms/64.0%, 100ms/82.0%
[55.433s][info][gc,marking  ] GC(84) Mark: 1 stripe(s), 2 proactive flush(es), 1 terminate flush(es), 0 completion(s), 0 continuation(s) 
[55.433s][info][gc,reloc    ] GC(84) Relocation: Successful, 7M relocated
[55.433s][info][gc,nmethod  ] GC(84) NMethods: 3356 registered, 0 unregistered
[55.433s][info][gc,metaspace] GC(84) Metaspace: 68M used, 71M capacity, 72M committed, 74M reserved
[55.433s][info][gc,ref      ] GC(84) Soft: 4697 encountered, 0 discovered, 0 enqueued
[55.433s][info][gc,ref      ] GC(84) Weak: 4736 encountered, 3601 discovered, 0 enqueued
[55.433s][info][gc,ref      ] GC(84) Final: 27 encountered, 0 discovered, 0 enqueued
[55.433s][info][gc,ref      ] GC(84) Phantom: 650 encountered, 647 discovered, 0 enqueued
[55.433s][info][gc,heap     ] GC(84)                Mark Start          Mark End        Relocate Start      Relocate End           High               Low         
[55.433s][info][gc,heap     ] GC(84)  Capacity:     1000M (100%)       1000M (100%)       1000M (100%)       1000M (100%)       1000M (100%)       1000M (100%)   
[55.433s][info][gc,heap     ] GC(84)   Reserve:       34M (3%)           34M (3%)           34M (3%)           34M (3%)           34M (3%)           34M (3%)     
[55.433s][info][gc,heap     ] GC(84)      Free:      310M (31%)           0M (0%)          396M (40%)         400M (40%)         400M (40%)           0M (0%)     
[55.433s][info][gc,heap     ] GC(84)      Used:      656M (66%)         966M (97%)         570M (57%)         566M (57%)         966M (97%)         566M (57%)    
[55.433s][info][gc,heap     ] GC(84)      Live:         -               216M (22%)         216M (22%)         216M (22%)            -                  -          
[55.433s][info][gc,heap     ] GC(84) Allocated:         -               310M (31%)         312M (31%)         322M (32%)            -                  -          
[55.433s][info][gc,heap     ] GC(84)   Garbage:         -               439M (44%)          41M (4%)           33M (3%)             -                  -          
[55.433s][info][gc,heap     ] GC(84) Reclaimed:         -                  -               398M (40%)         406M (41%)            -                  -          
[55.433s][info][gc          ] GC(84) Garbage Collection (Allocation Rate) 656M(66%)->566M(57%)
[55.459s][info][gc,start    ] GC(85) Garbage Collection (Allocation Rate)
[55.465s][info][gc,phases   ] GC(85) Pause Mark Start 3.068ms
[55.938s][info][gc,phases   ] GC(85) Concurrent Mark 472.628ms
[55.942s][info][gc,phases   ] GC(85) Pause Mark End 0.871ms
[55.944s][info][gc,phases   ] GC(85) Concurrent Process Non-Strong References 1.748ms
[55.944s][info][gc,phases   ] GC(85) Concurrent Reset Relocation Set 0.006ms
[55.944s][info][gc,phases   ] GC(85) Concurrent Destroy Detached Pages 0.002ms
[55.945s][info][gc,phases   ] GC(85) Concurrent Select Relocation Set 1.599ms
[55.945s][info][gc,phases   ] GC(85) Concurrent Prepare Relocation Set 0.030ms
[55.949s][info][gc,phases   ] GC(85) Pause Relocate Start 3.055ms
[55.954s][info][gc,phases   ] GC(85) Concurrent Relocate 5.251ms
[55.954s][info][gc,load     ] GC(85) Load: 2.26/1.91/1.11
[55.954s][info][gc,mmu      ] GC(85) MMU: 2ms/0.0%, 5ms/0.0%, 10ms/0.0%, 20ms/11.8%, 50ms/64.0%, 100ms/82.0%
[55.954s][info][gc,marking  ] GC(85) Mark: 1 stripe(s), 2 proactive flush(es), 1 terminate flush(es), 0 completion(s), 0 continuation(s) 
[55.954s][info][gc,reloc    ] GC(85) Relocation: Successful, 7M relocated
[55.954s][info][gc,nmethod  ] GC(85) NMethods: 3356 registered, 0 unregistered
[55.954s][info][gc,metaspace] GC(85) Metaspace: 68M used, 71M capacity, 72M committed, 74M reserved
[55.954s][info][gc,ref      ] GC(85) Soft: 4697 encountered, 0 discovered, 0 enqueued
[55.954s][info][gc,ref      ] GC(85) Weak: 4736 encountered, 3604 discovered, 0 enqueued
[55.954s][info][gc,ref      ] GC(85) Final: 27 encountered, 0 discovered, 0 enqueued
[55.954s][info][gc,ref      ] GC(85) Phantom: 650 encountered, 647 discovered, 0 enqueued
[55.954s][info][gc,heap     ] GC(85)                Mark Start          Mark End        Relocate Start      Relocate End           High               Low         
[55.954s][info][gc,heap     ] GC(85)  Capacity:     1000M (100%)       1000M (100%)       1000M (100%)       1000M (100%)       1000M (100%)       1000M (100%)   
[55.954s][info][gc,heap     ] GC(85)   Reserve:       34M (3%)           34M (3%)           34M (3%)           34M (3%)           34M (3%)           34M (3%)     
[55.954s][info][gc,heap     ] GC(85)      Free:      376M (38%)          64M (6%)          398M (40%)         402M (40%)         402M (40%)          64M (6%)     
[55.954s][info][gc,heap     ] GC(85)      Used:      590M (59%)         902M (90%)         568M (57%)         564M (56%)         902M (90%)         564M (56%)    
[55.954s][info][gc,heap     ] GC(85)      Live:         -               216M (22%)         216M (22%)         216M (22%)            -                  -          
[55.954s][info][gc,heap     ] GC(85) Allocated:         -               312M (31%)         312M (31%)         318M (32%)            -                  -          
[55.954s][info][gc,heap     ] GC(85)   Garbage:         -               373M (37%)          39M (4%)           31M (3%)             -                  -          
[55.954s][info][gc,heap     ] GC(85) Reclaimed:         -                  -               334M (33%)         342M (34%)            -                  -          
[55.954s][info][gc          ] GC(85) Garbage Collection (Allocation Rate) 590M(59%)->564M(56%)
[55.960s][info][gc,start    ] GC(86) Garbage Collection (Allocation Rate)
[55.966s][info][gc,phases   ] GC(86) Pause Mark Start 3.507ms
[56.403s][info][gc,phases   ] GC(86) Concurrent Mark 436.716ms
[56.407s][info][gc,phases   ] GC(86) Pause Mark End 0.564ms
[56.408s][info][gc,phases   ] GC(86) Concurrent Process Non-Strong References 1.512ms
[56.408s][info][gc,phases   ] GC(86) Concurrent Reset Relocation Set 0.003ms
[56.408s][info][gc,phases   ] GC(86) Concurrent Destroy Detached Pages 0.000ms
[56.410s][info][gc,phases   ] GC(86) Concurrent Select Relocation Set 1.806ms
[56.410s][info][gc,phases   ] GC(86) Concurrent Prepare Relocation Set 0.029ms
[56.413s][info][gc,phases   ] GC(86) Pause Relocate Start 2.761ms
[56.422s][info][gc,phases   ] GC(86) Concurrent Relocate 8.135ms
[56.422s][info][gc,load     ] GC(86) Load: 2.26/1.91/1.11
[56.422s][info][gc,mmu      ] GC(86) MMU: 2ms/0.0%, 5ms/0.0%, 10ms/0.0%, 20ms/11.8%, 50ms/64.0%, 100ms/82.0%
[56.422s][info][gc,marking  ] GC(86) Mark: 1 stripe(s), 2 proactive flush(es), 1 terminate flush(es), 0 completion(s), 0 continuation(s) 
[56.422s][info][gc,reloc    ] GC(86) Relocation: Successful, 7M relocated
[56.422s][info][gc,nmethod  ] GC(86) NMethods: 3356 registered, 0 unregistered
[56.422s][info][gc,metaspace] GC(86) Metaspace: 68M used, 71M capacity, 72M committed, 74M reserved
[56.422s][info][gc,ref      ] GC(86) Soft: 4697 encountered, 0 discovered, 0 enqueued
[56.422s][info][gc,ref      ] GC(86) Weak: 4736 encountered, 3601 discovered, 0 enqueued
[56.422s][info][gc,ref      ] GC(86) Final: 27 encountered, 0 discovered, 0 enqueued
[56.422s][info][gc,ref      ] GC(86) Phantom: 650 encountered, 647 discovered, 0 enqueued
[56.422s][info][gc,heap     ] GC(86)                Mark Start          Mark End        Relocate Start      Relocate End           High               Low         
[56.422s][info][gc,heap     ] GC(86)  Capacity:     1000M (100%)       1000M (100%)       1000M (100%)       1000M (100%)       1000M (100%)       1000M (100%)   
[56.422s][info][gc,heap     ] GC(86)   Reserve:       34M (3%)           34M (3%)           34M (3%)           34M (3%)           34M (3%)           34M (3%)     
[56.422s][info][gc,heap     ] GC(86)      Free:      394M (39%)          80M (8%)          396M (40%)         394M (39%)         396M (40%)          80M (8%)     
[56.422s][info][gc,heap     ] GC(86)      Used:      572M (57%)         886M (89%)         570M (57%)         572M (57%)         886M (89%)         570M (57%)    
[56.422s][info][gc,heap     ] GC(86)      Live:         -               216M (22%)         216M (22%)         216M (22%)            -                  -          
[56.422s][info][gc,heap     ] GC(86) Allocated:         -               314M (31%)         314M (31%)         326M (33%)            -                  -          
[56.422s][info][gc,heap     ] GC(86)   Garbage:         -               355M (36%)          39M (4%)           31M (3%)             -                  -          
[56.422s][info][gc,heap     ] GC(86) Reclaimed:         -                  -               316M (32%)         324M (32%)            -                  -          
[56.422s][info][gc          ] GC(86) Garbage Collection (Allocation Rate) 572M(57%)->572M(57%)
[56.459s][info][gc,start    ] GC(87) Garbage Collection (Allocation Rate)
[56.465s][info][gc,phases   ] GC(87) Pause Mark Start 3.055ms
[56.490s][info][gc,heap     ] Page Cache Flushed: 6M requested, 6M(330M->324M) flushed
[56.756s][info][gc,phases   ] GC(87) Concurrent Mark 290.847ms
[56.757s][info][gc,phases   ] GC(87) Pause Mark End 0.584ms
[56.758s][info][gc,phases   ] GC(87) Concurrent Process Non-Strong References 1.476ms
[56.758s][info][gc,phases   ] GC(87) Concurrent Reset Relocation Set 0.004ms
[56.758s][info][gc,phases   ] GC(87) Concurrent Destroy Detached Pages 0.005ms
[56.760s][info][gc,phases   ] GC(87) Concurrent Select Relocation Set 1.573ms
[56.760s][info][gc,phases   ] GC(87) Concurrent Prepare Relocation Set 0.031ms
[56.763s][info][gc,phases   ] GC(87) Pause Relocate Start 2.682ms
[56.764s][info][gc,phases   ] GC(87) Concurrent Relocate 1.439ms
[56.764s][info][gc,load     ] GC(87) Load: 2.26/1.91/1.11
[56.765s][info][gc,mmu      ] GC(87) MMU: 2ms/0.0%, 5ms/0.0%, 10ms/0.0%, 20ms/11.8%, 50ms/64.0%, 100ms/82.0%
[56.765s][info][gc,marking  ] GC(87) Mark: 1 stripe(s), 2 proactive flush(es), 1 terminate flush(es), 0 completion(s), 0 continuation(s) 
[56.765s][info][gc,reloc    ] GC(87) Relocation: Successful, 7M relocated
[56.765s][info][gc,nmethod  ] GC(87) NMethods: 3408 registered, 0 unregistered
[56.765s][info][gc,metaspace] GC(87) Metaspace: 68M used, 71M capacity, 72M committed, 74M reserved
[56.765s][info][gc,ref      ] GC(87) Soft: 4697 encountered, 0 discovered, 0 enqueued
[56.765s][info][gc,ref      ] GC(87) Weak: 4734 encountered, 3602 discovered, 0 enqueued
[56.765s][info][gc,ref      ] GC(87) Final: 27 encountered, 0 discovered, 0 enqueued
[56.765s][info][gc,ref      ] GC(87) Phantom: 650 encountered, 647 discovered, 0 enqueued
[56.765s][info][gc,heap     ] GC(87)                Mark Start          Mark End        Relocate Start      Relocate End           High               Low         
[56.765s][info][gc,heap     ] GC(87)  Capacity:     1000M (100%)       1000M (100%)       1000M (100%)       1000M (100%)       1000M (100%)       1000M (100%)   
[56.765s][info][gc,heap     ] GC(87)   Reserve:       34M (3%)           34M (3%)           34M (3%)           34M (3%)           34M (3%)           34M (3%)     
[56.765s][info][gc,heap     ] GC(87)      Free:      342M (34%)         320M (32%)         690M (69%)         696M (70%)         696M (70%)         320M (32%)    
[56.765s][info][gc,heap     ] GC(87)      Used:      624M (62%)         646M (65%)         276M (28%)         270M (27%)         646M (65%)         270M (27%)    
[56.765s][info][gc,heap     ] GC(87)      Live:         -               216M (22%)         216M (22%)         216M (22%)            -                  -          
[56.765s][info][gc,heap     ] GC(87) Allocated:         -                22M (2%)           22M (2%)           24M (2%)             -                  -          
[56.765s][info][gc,heap     ] GC(87)   Garbage:         -               407M (41%)          37M (4%)           31M (3%)             -                  -          
[56.765s][info][gc,heap     ] GC(87) Reclaimed:         -                  -               370M (37%)         376M (38%)            -                  -          
[56.765s][info][gc          ] GC(87) Garbage Collection (Allocation Rate) 624M(62%)->270M(27%)
[56.765s][info][gc,start    ] GC(88) Garbage Collection (System.gc())
[56.768s][info][gc,phases   ] GC(88) Pause Mark Start 3.126ms
[56.976s][info][gc,phases   ] GC(88) Concurrent Mark 207.438ms
[56.977s][info][gc,phases   ] GC(88) Pause Mark End 0.616ms
[56.978s][info][gc,phases   ] GC(88) Concurrent Process Non-Strong References 1.591ms
[56.978s][info][gc,phases   ] GC(88) Concurrent Reset Relocation Set 0.003ms
[56.978s][info][gc,phases   ] GC(88) Concurrent Destroy Detached Pages 0.000ms
[56.980s][info][gc,phases   ] GC(88) Concurrent Select Relocation Set 1.517ms
[56.980s][info][gc,phases   ] GC(88) Concurrent Prepare Relocation Set 0.029ms
[56.983s][info][gc,phases   ] GC(88) Pause Relocate Start 2.778ms
[56.986s][info][gc,phases   ] GC(88) Concurrent Relocate 2.618ms
[56.986s][info][gc,load     ] GC(88) Load: 2.26/1.91/1.11
[56.986s][info][gc,mmu      ] GC(88) MMU: 2ms/0.0%, 5ms/0.0%, 10ms/0.0%, 20ms/11.8%, 50ms/64.0%, 100ms/82.0%
[56.986s][info][gc,marking  ] GC(88) Mark: 1 stripe(s), 2 proactive flush(es), 1 terminate flush(es), 0 completion(s), 0 continuation(s) 
[56.986s][info][gc,reloc    ] GC(88) Relocation: Successful, 7M relocated
[56.986s][info][gc,nmethod  ] GC(88) NMethods: 3410 registered, 0 unregistered
[56.986s][info][gc,metaspace] GC(88) Metaspace: 68M used, 72M capacity, 72M committed, 74M reserved
[56.986s][info][gc,ref      ] GC(88) Soft: 4696 encountered, 0 discovered, 0 enqueued
[56.986s][info][gc,ref      ] GC(88) Weak: 4806 encountered, 3725 discovered, 118 enqueued
[56.986s][info][gc,ref      ] GC(88) Final: 27 encountered, 0 discovered, 0 enqueued
[56.986s][info][gc,ref      ] GC(88) Phantom: 650 encountered, 647 discovered, 0 enqueued
[56.986s][info][gc,heap     ] GC(88)                Mark Start          Mark End        Relocate Start      Relocate End           High               Low         
[56.986s][info][gc,heap     ] GC(88)  Capacity:     1000M (100%)       1000M (100%)       1000M (100%)       1000M (100%)       1000M (100%)       1000M (100%)   
[56.986s][info][gc,heap     ] GC(88)   Reserve:       34M (3%)           34M (3%)           34M (3%)           34M (3%)           34M (3%)           34M (3%)     
[56.986s][info][gc,heap     ] GC(88)      Free:      696M (70%)         694M (69%)         710M (71%)         716M (72%)         716M (72%)         694M (69%)    
[56.986s][info][gc,heap     ] GC(88)      Used:      270M (27%)         272M (27%)         256M (26%)         250M (25%)         272M (27%)         250M (25%)    
[56.986s][info][gc,heap     ] GC(88)      Live:         -               216M (22%)         216M (22%)         216M (22%)            -                  -          
[56.986s][info][gc,heap     ] GC(88) Allocated:         -                 2M (0%)            2M (0%)            4M (0%)             -                  -          
[56.986s][info][gc,heap     ] GC(88)   Garbage:         -                53M (5%)           37M (4%)           31M (3%)             -                  -          
[56.986s][info][gc,heap     ] GC(88) Reclaimed:         -                  -                16M (2%)           22M (2%)             -                  -          
[56.986s][info][gc          ] GC(88) Garbage Collection (System.gc()) 270M(27%)->250M(25%)
[56.993s][info][gc,heap     ] Page Cache Flushed: 32M requested, 32M(714M->682M) flushed
[57.019s][info][gc,heap     ] Page Cache Flushed: 6M requested, 6M(676M->670M) flushed
[57.059s][info][gc,heap     ] Page Cache Flushed: 6M requested, 6M(660M->654M) flushed
[57.260s][info][gc,start    ] GC(89) Garbage Collection (Allocation Rate)
[57.266s][info][gc,phases   ] GC(89) Pause Mark Start 3.123ms
[57.693s][info][gc,phases   ] GC(89) Concurrent Mark 427.267ms
[57.697s][info][gc,phases   ] GC(89) Pause Mark End 0.536ms
[57.699s][info][gc,phases   ] GC(89) Concurrent Process Non-Strong References 1.564ms
[57.700s][info][gc,phases   ] GC(89) Concurrent Reset Relocation Set 0.004ms
[57.700s][info][gc,phases   ] GC(89) Concurrent Destroy Detached Pages 0.021ms
[57.702s][info][gc,phases   ] GC(89) Concurrent Select Relocation Set 2.037ms
[57.702s][info][gc,phases   ] GC(89) Concurrent Prepare Relocation Set 0.039ms
[57.708s][info][gc,phases   ] GC(89) Pause Relocate Start 2.956ms
[57.714s][info][gc,phases   ] GC(89) Concurrent Relocate 6.571ms
[57.715s][info][gc,load     ] GC(89) Load: 2.26/1.91/1.11
[57.715s][info][gc,mmu      ] GC(89) MMU: 2ms/0.0%, 5ms/0.0%, 10ms/0.0%, 20ms/11.8%, 50ms/64.0%, 100ms/82.0%
[57.715s][info][gc,marking  ] GC(89) Mark: 1 stripe(s), 2 proactive flush(es), 1 terminate flush(es), 0 completion(s), 0 continuation(s) 
[57.715s][info][gc,reloc    ] GC(89) Relocation: Successful, 7M relocated
[57.715s][info][gc,nmethod  ] GC(89) NMethods: 3465 registered, 0 unregistered
[57.715s][info][gc,metaspace] GC(89) Metaspace: 68M used, 72M capacity, 72M committed, 74M reserved
[57.715s][info][gc,ref      ] GC(89) Soft: 4697 encountered, 0 discovered, 0 enqueued
[57.715s][info][gc,ref      ] GC(89) Weak: 4831 encountered, 3694 discovered, 73 enqueued
[57.715s][info][gc,ref      ] GC(89) Final: 27 encountered, 0 discovered, 0 enqueued
[57.715s][info][gc,ref      ] GC(89) Phantom: 650 encountered, 647 discovered, 0 enqueued
[57.715s][info][gc,heap     ] GC(89)                Mark Start          Mark End        Relocate Start      Relocate End           High               Low         
[57.715s][info][gc,heap     ] GC(89)  Capacity:     1000M (100%)       1000M (100%)       1000M (100%)       1000M (100%)       1000M (100%)       1000M (100%)   
[57.715s][info][gc,heap     ] GC(89)   Reserve:       34M (3%)           34M (3%)           34M (3%)           34M (3%)           34M (3%)           34M (3%)     
[57.715s][info][gc,heap     ] GC(89)      Free:      450M (45%)         152M (15%)         390M (39%)         412M (41%)         450M (45%)         152M (15%)    
[57.715s][info][gc,heap     ] GC(89)      Used:      516M (52%)         814M (81%)         576M (58%)         554M (55%)         814M (81%)         516M (52%)    
[57.715s][info][gc,heap     ] GC(89)      Live:         -               216M (22%)         216M (22%)         216M (22%)            -                  -          
[57.715s][info][gc,heap     ] GC(89) Allocated:         -               298M (30%)         300M (30%)         308M (31%)            -                  -          
[57.715s][info][gc,heap     ] GC(89)   Garbage:         -               299M (30%)          59M (6%)           31M (3%)             -                  -          
[57.715s][info][gc,heap     ] GC(89) Reclaimed:         -                  -               240M (24%)         268M (27%)            -                  -          
[57.715s][info][gc          ] GC(89) Garbage Collection (Allocation Rate) 516M(52%)->554M(55%)
[57.759s][info][gc,start    ] GC(90) Garbage Collection (Allocation Rate)
[57.768s][info][gc,phases   ] GC(90) Pause Mark Start 6.100ms
[58.188s][info][gc,heap     ] Page Cache Flushed: 2M requested, 6M(44M->38M) flushed
[58.198s][info][gc,heap     ] Page Cache Flushed: 2M requested, 6M(38M->32M) flushed
[58.201s][info][gc,phases   ] GC(90) Concurrent Mark 433.653ms
[58.205s][info][gc,phases   ] GC(90) Pause Mark End 0.534ms
[58.207s][info][gc,phases   ] GC(90) Concurrent Process Non-Strong References 1.579ms
[58.207s][info][gc,phases   ] GC(90) Concurrent Reset Relocation Set 0.006ms
[58.207s][info][gc,phases   ] GC(90) Concurrent Destroy Detached Pages 0.004ms
[58.208s][info][gc,phases   ] GC(90) Concurrent Select Relocation Set 1.672ms
[58.209s][info][gc,phases   ] GC(90) Concurrent Prepare Relocation Set 0.027ms
[58.212s][info][gc,phases   ] GC(90) Pause Relocate Start 2.787ms
[58.218s][info][gc,phases   ] GC(90) Concurrent Relocate 5.807ms
[58.218s][info][gc,load     ] GC(90) Load: 2.26/1.91/1.11
[58.218s][info][gc,mmu      ] GC(90) MMU: 2ms/0.0%, 5ms/0.0%, 10ms/0.0%, 20ms/11.8%, 50ms/64.0%, 100ms/82.0%
[58.218s][info][gc,marking  ] GC(90) Mark: 1 stripe(s), 2 proactive flush(es), 1 terminate flush(es), 0 completion(s), 0 continuation(s) 
[58.218s][info][gc,reloc    ] GC(90) Relocation: Successful, 7M relocated
[58.218s][info][gc,nmethod  ] GC(90) NMethods: 3479 registered, 0 unregistered
[58.218s][info][gc,metaspace] GC(90) Metaspace: 68M used, 72M capacity, 72M committed, 74M reserved
[58.218s][info][gc,ref      ] GC(90) Soft: 4697 encountered, 0 discovered, 0 enqueued
[58.218s][info][gc,ref      ] GC(90) Weak: 4762 encountered, 3654 discovered, 14 enqueued
[58.218s][info][gc,ref      ] GC(90) Final: 27 encountered, 0 discovered, 0 enqueued
[58.218s][info][gc,ref      ] GC(90) Phantom: 650 encountered, 647 discovered, 0 enqueued
[58.218s][info][gc,heap     ] GC(90)                Mark Start          Mark End        Relocate Start      Relocate End           High               Low         
[58.218s][info][gc,heap     ] GC(90)  Capacity:     1000M (100%)       1000M (100%)       1000M (100%)       1000M (100%)       1000M (100%)       1000M (100%)   
[58.218s][info][gc,heap     ] GC(90)   Reserve:       34M (3%)           34M (3%)           34M (3%)           34M (3%)           34M (3%)           34M (3%)     
[58.218s][info][gc,heap     ] GC(90)      Free:      358M (36%)          34M (3%)          380M (38%)         388M (39%)         388M (39%)          34M (3%)     
[58.218s][info][gc,heap     ] GC(90)      Used:      608M (61%)         932M (93%)         586M (59%)         578M (58%)         932M (93%)         578M (58%)    
[58.218s][info][gc,heap     ] GC(90)      Live:         -               216M (22%)         216M (22%)         216M (22%)            -                  -          
[58.218s][info][gc,heap     ] GC(90) Allocated:         -               324M (32%)         324M (32%)         332M (33%)            -                  -          
[58.218s][info][gc,heap     ] GC(90)   Garbage:         -               391M (39%)          45M (5%)           31M (3%)             -                  -          
[58.218s][info][gc,heap     ] GC(90) Reclaimed:         -                  -               346M (35%)         360M (36%)            -                  -          
[58.218s][info][gc          ] GC(90) Garbage Collection (Allocation Rate) 608M(61%)->578M(58%)
[58.259s][info][gc,start    ] GC(91) Garbage Collection (Allocation Rate)
[58.265s][info][gc,phases   ] GC(91) Pause Mark Start 3.085ms
[58.684s][info][gc,heap     ] Page Cache Flushed: 2M requested, 32M(32M->0M) flushed
[58.710s][info][gc,phases   ] GC(91) Concurrent Mark 444.093ms
[58.714s][info][gc,phases   ] GC(91) Pause Mark End 0.569ms
[58.715s][info][gc,phases   ] GC(91) Concurrent Process Non-Strong References 1.502ms
[58.715s][info][gc,phases   ] GC(91) Concurrent Reset Relocation Set 0.003ms
[58.715s][info][gc,phases   ] GC(91) Concurrent Destroy Detached Pages 0.002ms
[58.717s][info][gc,phases   ] GC(91) Concurrent Select Relocation Set 1.560ms
[58.717s][info][gc,phases   ] GC(91) Concurrent Prepare Relocation Set 0.028ms
[58.720s][info][gc,phases   ] GC(91) Pause Relocate Start 2.767ms
[58.730s][info][gc,phases   ] GC(91) Concurrent Relocate 10.123ms
[58.730s][info][gc,load     ] GC(91) Load: 2.26/1.91/1.11
[58.730s][info][gc,mmu      ] GC(91) MMU: 2ms/0.0%, 5ms/0.0%, 10ms/0.0%, 20ms/11.8%, 50ms/64.0%, 100ms/82.0%
[58.730s][info][gc,marking  ] GC(91) Mark: 1 stripe(s), 2 proactive flush(es), 1 terminate flush(es), 0 completion(s), 0 continuation(s) 
[58.730s][info][gc,reloc    ] GC(91) Relocation: Successful, 7M relocated
[58.730s][info][gc,nmethod  ] GC(91) NMethods: 3479 registered, 0 unregistered
[58.730s][info][gc,metaspace] GC(91) Metaspace: 68M used, 72M capacity, 72M committed, 74M reserved
[58.730s][info][gc,ref      ] GC(91) Soft: 4697 encountered, 0 discovered, 0 enqueued
[58.730s][info][gc,ref      ] GC(91) Weak: 4756 encountered, 3626 discovered, 3 enqueued
[58.730s][info][gc,ref      ] GC(91) Final: 27 encountered, 0 discovered, 0 enqueued
[58.730s][info][gc,ref      ] GC(91) Phantom: 650 encountered, 647 discovered, 0 enqueued
[58.730s][info][gc,heap     ] GC(91)                Mark Start          Mark End        Relocate Start      Relocate End           High               Low         
[58.730s][info][gc,heap     ] GC(91)  Capacity:     1000M (100%)       1000M (100%)       1000M (100%)       1000M (100%)       1000M (100%)       1000M (100%)   
[58.730s][info][gc,heap     ] GC(91)   Reserve:       34M (3%)           34M (3%)           34M (3%)           34M (3%)           34M (3%)           34M (3%)     
[58.730s][info][gc,heap     ] GC(91)      Free:      326M (33%)          16M (2%)          396M (40%)         396M (40%)         396M (40%)          16M (2%)     
[58.730s][info][gc,heap     ] GC(91)      Used:      640M (64%)         950M (95%)         570M (57%)         570M (57%)         950M (95%)         570M (57%)    
[58.730s][info][gc,heap     ] GC(91)      Live:         -               216M (22%)         216M (22%)         216M (22%)            -                  -          
[58.730s][info][gc,heap     ] GC(91) Allocated:         -               310M (31%)         310M (31%)         324M (32%)            -                  -          
[58.730s][info][gc,heap     ] GC(91)   Garbage:         -               423M (42%)          43M (4%)           33M (3%)             -                  -          
[58.730s][info][gc,heap     ] GC(91) Reclaimed:         -                  -               380M (38%)         390M (39%)            -                  -          
[58.730s][info][gc          ] GC(91) Garbage Collection (Allocation Rate) 640M(64%)->570M(57%)
[58.759s][info][gc,start    ] GC(92) Garbage Collection (Allocation Rate)
[58.766s][info][gc,phases   ] GC(92) Pause Mark Start 3.159ms
[59.245s][info][gc,phases   ] GC(92) Concurrent Mark 478.733ms
[59.249s][info][gc,phases   ] GC(92) Pause Mark End 0.580ms
[59.250s][info][gc,phases   ] GC(92) Concurrent Process Non-Strong References 1.499ms
[59.250s][info][gc,phases   ] GC(92) Concurrent Reset Relocation Set 0.003ms
[59.250s][info][gc,phases   ] GC(92) Concurrent Destroy Detached Pages 0.000ms
[59.253s][info][gc,phases   ] GC(92) Concurrent Select Relocation Set 2.284ms
[59.253s][info][gc,phases   ] GC(92) Concurrent Prepare Relocation Set 0.027ms
[59.256s][info][gc,phases   ] GC(92) Pause Relocate Start 2.926ms
[59.261s][info][gc,phases   ] GC(92) Concurrent Relocate 4.815ms
[59.261s][info][gc,load     ] GC(92) Load: 2.26/1.91/1.11
[59.261s][info][gc,mmu      ] GC(92) MMU: 2ms/0.0%, 5ms/0.0%, 10ms/0.0%, 20ms/11.8%, 50ms/64.0%, 100ms/82.0%
[59.261s][info][gc,marking  ] GC(92) Mark: 1 stripe(s), 2 proactive flush(es), 1 terminate flush(es), 0 completion(s), 0 continuation(s) 
[59.261s][info][gc,reloc    ] GC(92) Relocation: Successful, 7M relocated
[59.261s][info][gc,nmethod  ] GC(92) NMethods: 3481 registered, 0 unregistered
[59.261s][info][gc,metaspace] GC(92) Metaspace: 68M used, 72M capacity, 72M committed, 74M reserved
[59.261s][info][gc,ref      ] GC(92) Soft: 4697 encountered, 0 discovered, 0 enqueued
[59.261s][info][gc,ref      ] GC(92) Weak: 4753 encountered, 3644 discovered, 0 enqueued
[59.261s][info][gc,ref      ] GC(92) Final: 27 encountered, 0 discovered, 0 enqueued
[59.261s][info][gc,ref      ] GC(92) Phantom: 650 encountered, 647 discovered, 0 enqueued
[59.261s][info][gc,heap     ] GC(92)                Mark Start          Mark End        Relocate Start      Relocate End           High               Low         
[59.261s][info][gc,heap     ] GC(92)  Capacity:     1000M (100%)       1000M (100%)       1000M (100%)       1000M (100%)       1000M (100%)       1000M (100%)   
[59.261s][info][gc,heap     ] GC(92)   Reserve:       34M (3%)           34M (3%)           34M (3%)           34M (3%)           34M (3%)           34M (3%)     
[59.261s][info][gc,heap     ] GC(92)      Free:      356M (36%)          30M (3%)          384M (38%)         388M (39%)         388M (39%)          30M (3%)     
[59.261s][info][gc,heap     ] GC(92)      Used:      610M (61%)         936M (94%)         582M (58%)         578M (58%)         936M (94%)         578M (58%)    
[59.261s][info][gc,heap     ] GC(92)      Live:         -               216M (22%)         216M (22%)         216M (22%)            -                  -          
[59.261s][info][gc,heap     ] GC(92) Allocated:         -               326M (33%)         326M (33%)         332M (33%)            -                  -          
[59.261s][info][gc,heap     ] GC(92)   Garbage:         -               393M (39%)          39M (4%)           31M (3%)             -                  -          
[59.261s][info][gc,heap     ] GC(92) Reclaimed:         -                  -               354M (35%)         362M (36%)            -                  -          
[59.261s][info][gc          ] GC(92) Garbage Collection (Allocation Rate) 610M(61%)->578M(58%)
[59.359s][info][gc,start    ] GC(93) Garbage Collection (Allocation Rate)
[59.366s][info][gc,phases   ] GC(93) Pause Mark Start 3.308ms
[59.765s][info][gc,phases   ] GC(93) Concurrent Mark 399.620ms
[59.766s][info][gc,phases   ] GC(93) Pause Mark End 0.530ms
[59.768s][info][gc,phases   ] GC(93) Concurrent Process Non-Strong References 1.560ms
[59.768s][info][gc,phases   ] GC(93) Concurrent Reset Relocation Set 0.003ms
[59.768s][info][gc,phases   ] GC(93) Concurrent Destroy Detached Pages 0.000ms
[59.769s][info][gc,phases   ] GC(93) Concurrent Select Relocation Set 1.579ms
[59.769s][info][gc,phases   ] GC(93) Concurrent Prepare Relocation Set 0.026ms
[59.773s][info][gc,phases   ] GC(93) Pause Relocate Start 2.869ms
[59.773s][info][gc          ] Allocation Stall (Executor task launch worker for task 0.0 in stage 28.0 (TID 28)) 47.194ms
[59.778s][info][gc,phases   ] GC(93) Concurrent Relocate 1.439ms
[59.778s][info][gc,load     ] GC(93) Load: 2.26/1.91/1.11
[59.778s][info][gc,mmu      ] GC(93) MMU: 2ms/0.0%, 5ms/0.0%, 10ms/0.0%, 20ms/11.8%, 50ms/64.0%, 100ms/82.0%
[59.778s][info][gc,marking  ] GC(93) Mark: 1 stripe(s), 2 proactive flush(es), 1 terminate flush(es), 0 completion(s), 0 continuation(s) 
[59.778s][info][gc,reloc    ] GC(93) Relocation: Successful, 7M relocated
[59.778s][info][gc,nmethod  ] GC(93) NMethods: 3481 registered, 0 unregistered
[59.778s][info][gc,metaspace] GC(93) Metaspace: 68M used, 72M capacity, 72M committed, 74M reserved
[59.778s][info][gc,ref      ] GC(93) Soft: 4697 encountered, 0 discovered, 0 enqueued
[59.778s][info][gc,ref      ] GC(93) Weak: 4754 encountered, 3624 discovered, 1 enqueued
[59.778s][info][gc,ref      ] GC(93) Final: 27 encountered, 0 discovered, 0 enqueued
[59.778s][info][gc,ref      ] GC(93) Phantom: 650 encountered, 647 discovered, 0 enqueued
[59.778s][info][gc,heap     ] GC(93)                Mark Start          Mark End        Relocate Start      Relocate End           High               Low         
[59.778s][info][gc,heap     ] GC(93)  Capacity:     1000M (100%)       1000M (100%)       1000M (100%)       1000M (100%)       1000M (100%)       1000M (100%)   
[59.778s][info][gc,heap     ] GC(93)   Reserve:       34M (3%)           34M (3%)           34M (3%)           34M (3%)           34M (3%)           34M (3%)     
[59.778s][info][gc,heap     ] GC(93)      Free:      252M (25%)           0M (0%)          454M (45%)         460M (46%)         460M (46%)           0M (0%)     
[59.778s][info][gc,heap     ] GC(93)      Used:      714M (71%)         966M (97%)         512M (51%)         506M (51%)         966M (97%)         506M (51%)    
[59.778s][info][gc,heap     ] GC(93)      Live:         -               216M (22%)         216M (22%)         216M (22%)            -                  -          
[59.778s][info][gc,heap     ] GC(93) Allocated:         -               252M (25%)         254M (25%)         262M (26%)            -                  -          
[59.778s][info][gc,heap     ] GC(93)   Garbage:         -               497M (50%)          41M (4%)           33M (3%)             -                  -          
[59.778s][info][gc,heap     ] GC(93) Reclaimed:         -                  -               456M (46%)         464M (46%)            -                  -          
[59.778s][info][gc          ] GC(93) Garbage Collection (Allocation Rate) 714M(71%)->506M(51%)
[59.859s][info][gc,start    ] GC(94) Garbage Collection (Allocation Rate)
[59.866s][info][gc,phases   ] GC(94) Pause Mark Start 3.226ms
[60.059s][info][gc,stats    ] === Garbage Collection Statistics =======================================================================================================================
[60.059s][info][gc,stats    ]                                                              Last 10s              Last 10m              Last 10h                Total
[60.059s][info][gc,stats    ]                                                              Avg / Max             Avg / Max             Avg / Max             Avg / Max
[60.059s][info][gc,stats    ]   Collector: Garbage Collection Cycle                    448.634 / 713.575     471.579 / 1112.366    471.579 / 1112.366    471.579 / 1112.366    ms
[60.059s][info][gc,stats    ]  Contention: Mark Segment Reset Contention                     0 / 0                 0 / 0                 0 / 0                 0 / 0           ops/s
[60.059s][info][gc,stats    ]  Contention: Mark SeqNum Reset Contention                      0 / 0                 0 / 0                 0 / 0                 0 / 0           ops/s
[60.059s][info][gc,stats    ]  Contention: Relocation Contention                             0 / 0                 0 / 1                 0 / 1                 0 / 1           ops/s
[60.059s][info][gc,stats    ]    Critical: Allocation Stall                             23.661 / 47.194       48.128 / 252.291      48.128 / 252.291      48.128 / 252.291     ms
[60.059s][info][gc,stats    ]    Critical: Allocation Stall                                  0 / 1                 0 / 5                 0 / 5                 0 / 5           ops/s
[60.059s][info][gc,stats    ]    Critical: GC Locker Stall                               0.000 / 0.000         3.908 / 3.908         3.908 / 3.908         3.908 / 3.908       ms
[60.059s][info][gc,stats    ]    Critical: GC Locker Stall                                   0 / 0                 0 / 1                 0 / 1                 0 / 1           ops/s
[60.059s][info][gc,stats    ]      Memory: Allocation Rate                                 648 / 800             502 / 928             502 / 928             502 / 928         MB/s
[60.059s][info][gc,stats    ]      Memory: Heap Used After Mark                            826 / 966             771 / 966             771 / 966             771 / 966         MB
[60.059s][info][gc,stats    ]      Memory: Heap Used After Relocation                      507 / 578             477 / 802             477 / 802             477 / 802         MB
[60.059s][info][gc,stats    ]      Memory: Heap Used Before Mark                           575 / 714             542 / 822             542 / 822             542 / 822         MB
[60.059s][info][gc,stats    ]      Memory: Heap Used Before Relocation                     512 / 586             504 / 966             504 / 966             504 / 966         MB
[60.059s][info][gc,stats    ]      Memory: Out Of Memory                                     0 / 0                 0 / 0                 0 / 0                 0 / 0           ops/s
[60.059s][info][gc,stats    ]      Memory: Page Cache Flush                                 25 / 76               22 / 102              22 / 102              22 / 102         MB/s
[60.059s][info][gc,stats    ]      Memory: Page Cache Hit L1                               313 / 394             235 / 465             235 / 465             235 / 465         ops/s
[60.059s][info][gc,stats    ]      Memory: Page Cache Hit L2                                 0 / 0                 0 / 0                 0 / 0                 0 / 0           ops/s
[60.059s][info][gc,stats    ]      Memory: Page Cache Miss                                   6 / 38               13 / 164              13 / 164              13 / 164         ops/s
[60.059s][info][gc,stats    ]      Memory: Undo Object Allocation Failed                     0 / 0                 0 / 0                 0 / 0                 0 / 0           ops/s
[60.059s][info][gc,stats    ]      Memory: Undo Object Allocation Succeeded                  0 / 0                 0 / 1                 0 / 1                 0 / 1           ops/s
[60.059s][info][gc,stats    ]      Memory: Undo Page Allocation                              0 / 1                 0 / 1                 0 / 1                 0 / 1           ops/s
[60.059s][info][gc,stats    ]       Phase: Concurrent Destroy Detached Pages             0.006 / 0.064         0.007 / 0.210         0.007 / 0.210         0.007 / 0.210       ms
[60.059s][info][gc,stats    ]       Phase: Concurrent Mark                             426.669 / 684.295     425.966 / 898.715     425.966 / 898.715     425.966 / 898.715     ms
[60.059s][info][gc,stats    ]       Phase: Concurrent Mark Continue                      0.000 / 0.000         0.000 / 0.000         0.000 / 0.000         0.000 / 0.000       ms
[60.059s][info][gc,stats    ]       Phase: Concurrent Prepare Relocation Set             0.023 / 0.039         1.171 / 27.133        1.171 / 27.133        1.171 / 27.133      ms
[60.059s][info][gc,stats    ]       Phase: Concurrent Process Non-Strong References      1.613 / 2.616         1.841 / 11.820        1.841 / 11.820        1.841 / 11.820      ms
[60.059s][info][gc,stats    ]       Phase: Concurrent Relocate                           5.078 / 10.123       27.651 / 435.689      27.651 / 435.689      27.651 / 435.689     ms
[60.059s][info][gc,stats    ]       Phase: Concurrent Reset Relocation Set               0.004 / 0.006         0.058 / 1.052         0.058 / 1.052         0.058 / 1.052       ms
[60.059s][info][gc,stats    ]       Phase: Concurrent Select Relocation Set              1.712 / 2.617         2.074 / 8.684         2.074 / 8.684         2.074 / 8.684       ms
[60.059s][info][gc,stats    ]       Phase: Pause Mark End                                0.558 / 0.871         0.393 / 1.215         0.393 / 1.215         0.393 / 1.215       ms
[60.059s][info][gc,stats    ]       Phase: Pause Mark Start                              3.450 / 6.227         2.826 / 10.103        2.826 / 10.103        2.826 / 10.103      ms
[60.059s][info][gc,stats    ]       Phase: Pause Relocate Start                          2.800 / 3.112         2.544 / 17.632        2.544 / 17.632        2.544 / 17.632      ms
[60.059s][info][gc,stats    ]    Subphase: Concurrent Mark                             425.375 / 684.274     424.690 / 898.690     424.690 / 898.690     424.690 / 898.690     ms
[60.059s][info][gc,stats    ]    Subphase: Concurrent Mark Idle                          0.000 / 0.000         0.000 / 0.000         0.000 / 0.000         0.000 / 0.000       ms
[60.059s][info][gc,stats    ]    Subphase: Concurrent Mark Try Flush                     1.149 / 6.799         1.253 / 16.352        1.253 / 16.352        1.253 / 16.352      ms
[60.059s][info][gc,stats    ]    Subphase: Concurrent Mark Try Terminate                 0.374 / 2.930         0.385 / 3.894         0.385 / 3.894         0.385 / 3.894       ms
[60.059s][info][gc,stats    ]    Subphase: Concurrent References Enqueue                 0.002 / 0.004         0.002 / 0.008         0.002 / 0.008         0.002 / 0.008       ms
[60.059s][info][gc,stats    ]    Subphase: Concurrent References Process                 0.705 / 0.800         0.868 / 9.221         0.868 / 9.221         0.868 / 9.221       ms
[60.059s][info][gc,stats    ]    Subphase: Concurrent Weak Roots                         0.838 / 0.947         0.830 / 2.028         0.830 / 2.028         0.830 / 2.028       ms
[60.059s][info][gc,stats    ]    Subphase: Concurrent Weak Roots JNIWeakHandles          0.000 / 0.001         0.000 / 0.001         0.000 / 0.001         0.000 / 0.001       ms
[60.059s][info][gc,stats    ]    Subphase: Concurrent Weak Roots StringTable             0.598 / 0.710         0.604 / 1.504         0.604 / 1.504         0.604 / 1.504       ms
[60.059s][info][gc,stats    ]    Subphase: Concurrent Weak Roots VMWeakHandles           0.238 / 0.345         0.225 / 0.553         0.225 / 0.553         0.225 / 0.553       ms
[60.059s][info][gc,stats    ]    Subphase: Pause Mark Try Complete                       0.000 / 0.000         0.000 / 0.000         0.000 / 0.000         0.000 / 0.000       ms
[60.059s][info][gc,stats    ]    Subphase: Pause Remap TLABS                             0.003 / 0.006         0.002 / 0.015         0.002 / 0.015         0.002 / 0.015       ms
[60.059s][info][gc,stats    ]    Subphase: Pause Retire TLABS                            0.039 / 0.096         0.026 / 0.096         0.026 / 0.096         0.026 / 0.096       ms
[60.059s][info][gc,stats    ]    Subphase: Pause Roots                                   2.033 / 5.655         1.697 / 17.223        1.697 / 17.223        1.697 / 17.223      ms
[60.059s][info][gc,stats    ]    Subphase: Pause Roots ClassLoaderDataGraph              0.707 / 1.740         0.689 / 2.763         0.689 / 2.763         0.689 / 2.763       ms
[60.059s][info][gc,stats    ]    Subphase: Pause Roots CodeCache                         1.338 / 2.443         1.132 / 14.716        1.132 / 14.716        1.132 / 14.716      ms
[60.059s][info][gc,stats    ]    Subphase: Pause Roots JNIHandles                        0.001 / 0.003         0.001 / 0.005         0.001 / 0.005         0.001 / 0.005       ms
[60.059s][info][gc,stats    ]    Subphase: Pause Roots JNIWeakHandles                    0.000 / 0.000         0.000 / 0.000         0.000 / 0.000         0.000 / 0.000       ms
[60.059s][info][gc,stats    ]    Subphase: Pause Roots JRFWeak                           0.000 / 0.000         0.000 / 0.000         0.000 / 0.000         0.000 / 0.000       ms
[60.059s][info][gc,stats    ]    Subphase: Pause Roots JVMTIExport                       0.001 / 0.001         0.001 / 0.009         0.001 / 0.009         0.001 / 0.009       ms
[60.059s][info][gc,stats    ]    Subphase: Pause Roots JVMTIWeakExport                   0.001 / 0.001         0.001 / 0.002         0.001 / 0.002         0.001 / 0.002       ms
[60.059s][info][gc,stats    ]    Subphase: Pause Roots Management                        0.001 / 0.003         0.003 / 0.398         0.003 / 0.398         0.003 / 0.398       ms
[60.059s][info][gc,stats    ]    Subphase: Pause Roots ObjectSynchronizer                0.000 / 0.001         0.000 / 0.007         0.000 / 0.007         0.000 / 0.007       ms
[60.059s][info][gc,stats    ]    Subphase: Pause Roots Setup                             0.184 / 0.447         0.179 / 1.260         0.179 / 1.260         0.179 / 1.260       ms
[60.059s][info][gc,stats    ]    Subphase: Pause Roots StringTable                       0.000 / 0.000         0.000 / 0.000         0.000 / 0.000         0.000 / 0.000       ms
[60.059s][info][gc,stats    ]    Subphase: Pause Roots SystemDictionary                  0.013 / 0.022         0.015 / 0.328         0.015 / 0.328         0.015 / 0.328       ms
[60.059s][info][gc,stats    ]    Subphase: Pause Roots Teardown                          0.001 / 0.003         0.001 / 0.009         0.001 / 0.009         0.001 / 0.009       ms
[60.059s][info][gc,stats    ]    Subphase: Pause Roots Threads                           0.654 / 1.517         0.461 / 3.876         0.461 / 3.876         0.461 / 3.876       ms
[60.059s][info][gc,stats    ]    Subphase: Pause Roots Universe                          0.003 / 0.005         0.005 / 0.534         0.005 / 0.534         0.005 / 0.534       ms
[60.059s][info][gc,stats    ]    Subphase: Pause Roots VMWeakHandles                     0.000 / 0.000         0.000 / 0.000         0.000 / 0.000         0.000 / 0.000       ms
[60.059s][info][gc,stats    ]    Subphase: Pause Weak Roots                              0.002 / 0.003         0.002 / 0.007         0.002 / 0.007         0.002 / 0.007       ms
[60.059s][info][gc,stats    ]    Subphase: Pause Weak Roots JFRWeak                      0.001 / 0.002         0.001 / 0.002         0.001 / 0.002         0.001 / 0.002       ms
[60.059s][info][gc,stats    ]    Subphase: Pause Weak Roots JNIWeakHandles               0.000 / 0.000         0.000 / 0.000         0.000 / 0.000         0.000 / 0.000       ms
[60.059s][info][gc,stats    ]    Subphase: Pause Weak Roots JVMTIWeakExport              0.001 / 0.001         0.001 / 0.006         0.001 / 0.006         0.001 / 0.006       ms
[60.059s][info][gc,stats    ]    Subphase: Pause Weak Roots Setup                        0.000 / 0.000         0.000 / 0.000         0.000 / 0.000         0.000 / 0.000       ms
[60.059s][info][gc,stats    ]    Subphase: Pause Weak Roots StringTable                  0.000 / 0.000         0.000 / 0.000         0.000 / 0.000         0.000 / 0.000       ms
[60.059s][info][gc,stats    ]    Subphase: Pause Weak Roots SymbolTable                  0.000 / 0.000         0.000 / 0.000         0.000 / 0.000         0.000 / 0.000       ms
[60.059s][info][gc,stats    ]    Subphase: Pause Weak Roots Teardown                     0.001 / 0.001         0.001 / 0.001         0.001 / 0.001         0.001 / 0.001       ms
[60.059s][info][gc,stats    ]    Subphase: Pause Weak Roots VMWeakHandles                0.000 / 0.000         0.000 / 0.000         0.000 / 0.000         0.000 / 0.000       ms
[60.059s][info][gc,stats    ]      System: Java Threads                                    213 / 226             129 / 226             129 / 226             129 / 226         threads
[60.059s][info][gc,stats    ] =========================================================================================================================================================
[60.290s][info][gc,phases   ] GC(94) Concurrent Mark 424.367ms
[60.294s][info][gc,phases   ] GC(94) Pause Mark End 0.544ms
[60.296s][info][gc,phases   ] GC(94) Concurrent Process Non-Strong References 1.546ms
[60.296s][info][gc,phases   ] GC(94) Concurrent Reset Relocation Set 0.003ms
[60.296s][info][gc,phases   ] GC(94) Concurrent Destroy Detached Pages 0.001ms
[60.297s][info][gc,phases   ] GC(94) Concurrent Select Relocation Set 1.613ms
[60.297s][info][gc,phases   ] GC(94) Concurrent Prepare Relocation Set 0.027ms
[60.300s][info][gc,phases   ] GC(94) Pause Relocate Start 2.805ms
[60.305s][info][gc,phases   ] GC(94) Concurrent Relocate 4.821ms
[60.305s][info][gc,load     ] GC(94) Load: 2.26/1.91/1.11
[60.305s][info][gc,mmu      ] GC(94) MMU: 2ms/0.0%, 5ms/0.0%, 10ms/0.0%, 20ms/11.8%, 50ms/64.0%, 100ms/82.0%
[60.305s][info][gc,marking  ] GC(94) Mark: 1 stripe(s), 2 proactive flush(es), 1 terminate flush(es), 0 completion(s), 0 continuation(s) 
[60.305s][info][gc,reloc    ] GC(94) Relocation: Successful, 7M relocated
[60.305s][info][gc,nmethod  ] GC(94) NMethods: 3481 registered, 0 unregistered
[60.305s][info][gc,metaspace] GC(94) Metaspace: 68M used, 72M capacity, 72M committed, 74M reserved
[60.305s][info][gc,ref      ] GC(94) Soft: 4697 encountered, 0 discovered, 0 enqueued
[60.305s][info][gc,ref      ] GC(94) Weak: 4753 encountered, 3623 discovered, 0 enqueued
[60.305s][info][gc,ref      ] GC(94) Final: 27 encountered, 0 discovered, 0 enqueued
[60.305s][info][gc,ref      ] GC(94) Phantom: 650 encountered, 647 discovered, 0 enqueued
[60.305s][info][gc,heap     ] GC(94)                Mark Start          Mark End        Relocate Start      Relocate End           High               Low         
[60.305s][info][gc,heap     ] GC(94)  Capacity:     1000M (100%)       1000M (100%)       1000M (100%)       1000M (100%)       1000M (100%)       1000M (100%)   
[60.305s][info][gc,heap     ] GC(94)   Reserve:       34M (3%)           34M (3%)           34M (3%)           34M (3%)           34M (3%)           34M (3%)     
[60.305s][info][gc,heap     ] GC(94)      Free:      338M (34%)          26M (3%)          398M (40%)         400M (40%)         400M (40%)          26M (3%)     
[60.305s][info][gc,heap     ] GC(94)      Used:      628M (63%)         940M (94%)         568M (57%)         566M (57%)         940M (94%)         566M (57%)    
[60.305s][info][gc,heap     ] GC(94)      Live:         -               216M (22%)         216M (22%)         216M (22%)            -                  -          
[60.305s][info][gc,heap     ] GC(94) Allocated:         -               312M (31%)         312M (31%)         320M (32%)            -                  -          
[60.305s][info][gc,heap     ] GC(94)   Garbage:         -               411M (41%)          39M (4%)           31M (3%)             -                  -          
[60.305s][info][gc,heap     ] GC(94) Reclaimed:         -                  -               372M (37%)         380M (38%)            -                  -          
[60.305s][info][gc          ] GC(94) Garbage Collection (Allocation Rate) 628M(63%)->566M(57%)
[60.360s][info][gc,start    ] GC(95) Garbage Collection (Allocation Rate)
[60.366s][info][gc,phases   ] GC(95) Pause Mark Start 3.541ms
[60.406s][info][gc,heap     ] Page Cache Flushed: 6M requested, 6M(302M->296M) flushed
[60.854s][info][gc,phases   ] GC(95) Concurrent Mark 487.336ms
[60.854s][info][gc,phases   ] GC(95) Pause Mark End 0.162ms
[60.856s][info][gc,phases   ] GC(95) Concurrent Process Non-Strong References 1.513ms
[60.856s][info][gc,phases   ] GC(95) Concurrent Reset Relocation Set 0.003ms
[60.856s][info][gc,phases   ] GC(95) Concurrent Destroy Detached Pages 0.004ms
[60.857s][info][gc,phases   ] GC(95) Concurrent Select Relocation Set 1.521ms
[60.857s][info][gc,phases   ] GC(95) Concurrent Prepare Relocation Set 0.029ms
[60.860s][info][gc,phases   ] GC(95) Pause Relocate Start 2.164ms
[60.861s][info][gc,phases   ] GC(95) Concurrent Relocate 1.444ms
[60.861s][info][gc,load     ] GC(95) Load: 2.24/1.91/1.11
[60.861s][info][gc,mmu      ] GC(95) MMU: 2ms/0.0%, 5ms/0.0%, 10ms/0.0%, 20ms/11.8%, 50ms/64.0%, 100ms/82.0%
[60.861s][info][gc,marking  ] GC(95) Mark: 1 stripe(s), 2 proactive flush(es), 1 terminate flush(es), 0 completion(s), 0 continuation(s) 
[60.861s][info][gc,reloc    ] GC(95) Relocation: Successful, 7M relocated
[60.861s][info][gc,nmethod  ] GC(95) NMethods: 3536 registered, 0 unregistered
[60.861s][info][gc,metaspace] GC(95) Metaspace: 69M used, 72M capacity, 72M committed, 74M reserved
[60.861s][info][gc,ref      ] GC(95) Soft: 4697 encountered, 0 discovered, 0 enqueued
[60.861s][info][gc,ref      ] GC(95) Weak: 4731 encountered, 3589 discovered, 0 enqueued
[60.861s][info][gc,ref      ] GC(95) Final: 27 encountered, 11 discovered, 0 enqueued
[60.861s][info][gc,ref      ] GC(95) Phantom: 650 encountered, 647 discovered, 0 enqueued
[60.861s][info][gc,heap     ] GC(95)                Mark Start          Mark End        Relocate Start      Relocate End           High               Low         
[60.861s][info][gc,heap     ] GC(95)  Capacity:     1000M (100%)       1000M (100%)       1000M (100%)       1000M (100%)       1000M (100%)       1000M (100%)   
[60.861s][info][gc,heap     ] GC(95)   Reserve:       34M (3%)           34M (3%)           34M (3%)           34M (3%)           34M (3%)           34M (3%)     
[60.861s][info][gc,heap     ] GC(95)      Free:      322M (32%)         240M (24%)         630M (63%)         636M (64%)         636M (64%)         240M (24%)    
[60.861s][info][gc,heap     ] GC(95)      Used:      644M (64%)         726M (73%)         336M (34%)         330M (33%)         726M (73%)         330M (33%)    
[60.861s][info][gc,heap     ] GC(95)      Live:         -               216M (22%)         216M (22%)         216M (22%)            -                  -          
[60.861s][info][gc,heap     ] GC(95) Allocated:         -                82M (8%)           82M (8%)           84M (8%)             -                  -          
[60.861s][info][gc,heap     ] GC(95)   Garbage:         -               427M (43%)          37M (4%)           31M (3%)             -                  -          
[60.861s][info][gc,heap     ] GC(95) Reclaimed:         -                  -               390M (39%)         396M (40%)            -                  -          
[60.861s][info][gc          ] GC(95) Garbage Collection (Allocation Rate) 644M(64%)->330M(33%)
[60.861s][info][gc,heap,exit] Heap
[60.861s][info][gc,heap,exit]  ZHeap           used 330M, capacity 1000M, max capacity 1000M
[60.861s][info][gc,heap,exit]  Metaspace       used 70677K, capacity 74532K, committed 74668K, reserved 75776K
