[0.002s][info][gc,init] Initializing The Z Garbage Collector
[0.002s][info][gc,init] Version: 11.0.15+10-Ubuntu-0ubuntu0.20.04.1 (release)
[0.002s][info][gc,init] NUMA Support: Disabled
[0.002s][info][gc,init] CPUs: 1 total, 1 available
[0.002s][info][gc,init] Memory: 7952M
[0.002s][info][gc,init] Large Page Support: Disabled
[0.002s][info][gc,init] Workers: 1 parallel, 1 concurrent
[0.003s][info][gc,init] Heap backed by file: /memfd:java_heap
[0.003s][info][gc,init] Available space on backing filesystem: N/A
[0.067s][info][gc,init] Pre-touching: Disabled
[0.067s][info][gc,init] Pre-mapping: 126M
[0.075s][info][gc,init] Runtime Workers: 1 parallel
[0.075s][info][gc     ] Using The Z Garbage Collector
[2.996s][info][gc,start] GC(0) Garbage Collection (Warmup)
[3.003s][info][gc,phases] GC(0) Pause Mark Start 4.589ms
[3.053s][info][gc,phases] GC(0) Concurrent Mark 49.862ms
[3.054s][info][gc,phases] GC(0) Pause Mark End 0.122ms
[3.054s][info][gc,phases] GC(0) Concurrent Process Non-Strong References 0.410ms
[3.054s][info][gc,phases] GC(0) Concurrent Reset Relocation Set 0.000ms
[3.054s][info][gc,phases] GC(0) Concurrent Destroy Detached Pages 0.001ms
[3.064s][info][gc,phases] GC(0) Concurrent Select Relocation Set 9.835ms
[3.065s][info][gc,phases] GC(0) Concurrent Prepare Relocation Set 0.610ms
[3.069s][info][gc,phases] GC(0) Pause Relocate Start 1.610ms
[3.111s][info][gc,phases] GC(0) Concurrent Relocate 32.735ms
[3.111s][info][gc,load  ] GC(0) Load: 2.22/1.56/0.79
[3.111s][info][gc,mmu   ] GC(0) MMU: 2ms/0.0%, 5ms/8.2%, 10ms/54.1%, 20ms/77.1%, 50ms/90.8%, 100ms/93.7%
[3.111s][info][gc,marking] GC(0) Mark: 1 stripe(s), 2 proactive flush(es), 1 terminate flush(es), 0 completion(s), 0 continuation(s) 
[3.111s][info][gc,reloc  ] GC(0) Relocation: Successful, 11M relocated
[3.111s][info][gc,nmethod] GC(0) NMethods: 308 registered, 0 unregistered
[3.111s][info][gc,metaspace] GC(0) Metaspace: 19M used, 19M capacity, 19M committed, 20M reserved
[3.111s][info][gc,ref      ] GC(0) Soft: 316 encountered, 0 discovered, 0 enqueued
[3.111s][info][gc,ref      ] GC(0) Weak: 642 encountered, 587 discovered, 143 enqueued
[3.111s][info][gc,ref      ] GC(0) Final: 2 encountered, 0 discovered, 0 enqueued
[3.111s][info][gc,ref      ] GC(0) Phantom: 296 encountered, 286 discovered, 194 enqueued
[3.111s][info][gc,heap     ] GC(0)                Mark Start          Mark End        Relocate Start      Relocate End           High               Low         
[3.111s][info][gc,heap     ] GC(0)  Capacity:      160M (21%)         160M (21%)         160M (21%)         160M (21%)         160M (21%)         160M (21%)    
[3.111s][info][gc,heap     ] GC(0)   Reserve:       34M (5%)           34M (5%)           34M (5%)           34M (5%)           34M (5%)           34M (5%)     
[3.111s][info][gc,heap     ] GC(0)      Free:      638M (85%)         636M (85%)         636M (85%)         672M (90%)         672M (90%)         634M (85%)    
[3.111s][info][gc,heap     ] GC(0)      Used:       78M (10%)          80M (11%)          80M (11%)          44M (6%)           82M (11%)          44M (6%)     
[3.111s][info][gc,heap     ] GC(0)      Live:         -                11M (2%)           11M (2%)           11M (2%)             -                  -          
[3.111s][info][gc,heap     ] GC(0) Allocated:         -                 2M (0%)            2M (0%)            8M (1%)             -                  -          
[3.111s][info][gc,heap     ] GC(0)   Garbage:         -                66M (9%)           66M (9%)           30M (4%)             -                  -          
[3.111s][info][gc,heap     ] GC(0) Reclaimed:         -                  -                 0M (0%)           36M (5%)             -                  -          
[3.111s][info][gc          ] GC(0) Garbage Collection (Warmup) 78M(10%)->44M(6%)
[4.797s][info][gc,start    ] GC(1) Garbage Collection (Metadata GC Threshold)
[4.800s][info][gc,phases   ] GC(1) Pause Mark Start 1.187ms
[4.868s][info][gc,phases   ] GC(1) Concurrent Mark 68.118ms
[4.868s][info][gc,phases   ] GC(1) Pause Mark End 0.146ms
[4.869s][info][gc,phases   ] GC(1) Concurrent Process Non-Strong References 0.927ms
[4.869s][info][gc,phases   ] GC(1) Concurrent Reset Relocation Set 0.054ms
[4.869s][info][gc,phases   ] GC(1) Concurrent Destroy Detached Pages 0.000ms
[4.873s][info][gc,phases   ] GC(1) Concurrent Select Relocation Set 3.065ms
[4.873s][info][gc,phases   ] GC(1) Concurrent Prepare Relocation Set 0.475ms
[4.877s][info][gc,phases   ] GC(1) Pause Relocate Start 2.211ms
[4.925s][info][gc,phases   ] GC(1) Concurrent Relocate 47.427ms
[4.925s][info][gc,load     ] GC(1) Load: 2.22/1.56/0.79
[4.925s][info][gc,mmu      ] GC(1) MMU: 2ms/0.0%, 5ms/8.2%, 10ms/54.1%, 20ms/77.1%, 50ms/90.8%, 100ms/93.7%
[4.925s][info][gc,marking  ] GC(1) Mark: 1 stripe(s), 2 proactive flush(es), 1 terminate flush(es), 0 completion(s), 0 continuation(s) 
[4.925s][info][gc,reloc    ] GC(1) Relocation: Successful, 15M relocated
[4.925s][info][gc,nmethod  ] GC(1) NMethods: 662 registered, 0 unregistered
[4.925s][info][gc,metaspace] GC(1) Metaspace: 32M used, 33M capacity, 33M committed, 34M reserved
[4.925s][info][gc,ref      ] GC(1) Soft: 2879 encountered, 0 discovered, 0 enqueued
[4.925s][info][gc,ref      ] GC(1) Weak: 1477 encountered, 1142 discovered, 270 enqueued
[4.925s][info][gc,ref      ] GC(1) Final: 18 encountered, 13 discovered, 13 enqueued
[4.925s][info][gc,ref      ] GC(1) Phantom: 949 encountered, 868 discovered, 337 enqueued
[4.925s][info][gc,heap     ] GC(1)                Mark Start          Mark End        Relocate Start      Relocate End           High               Low         
[4.925s][info][gc,heap     ] GC(1)  Capacity:      168M (22%)         172M (23%)         172M (23%)         208M (28%)         208M (28%)         168M (22%)    
[4.925s][info][gc,heap     ] GC(1)   Reserve:       34M (5%)           34M (5%)           34M (5%)           34M (5%)           34M (5%)           34M (5%)     
[4.925s][info][gc,heap     ] GC(1)      Free:      582M (78%)         578M (77%)         578M (77%)         662M (88%)         662M (88%)         542M (72%)    
[4.925s][info][gc,heap     ] GC(1)      Used:      134M (18%)         138M (18%)         138M (18%)          54M (7%)          174M (23%)          54M (7%)     
[4.925s][info][gc,heap     ] GC(1)      Live:         -                20M (3%)           20M (3%)           20M (3%)             -                  -          
[4.925s][info][gc,heap     ] GC(1) Allocated:         -                 4M (1%)            4M (1%)           48M (6%)             -                  -          
[4.925s][info][gc,heap     ] GC(1)   Garbage:         -               113M (15%)         113M (15%)          27M (4%)             -                  -          
[4.925s][info][gc,heap     ] GC(1) Reclaimed:         -                  -                 0M (0%)           86M (11%)            -                  -          
[4.925s][info][gc          ] GC(1) Garbage Collection (Metadata GC Threshold) 134M(18%)->54M(7%)
[7.095s][info][gc,start    ] GC(2) Garbage Collection (Warmup)
[7.100s][info][gc,phases   ] GC(2) Pause Mark Start 2.041ms
[7.236s][info][gc,phases   ] GC(2) Concurrent Mark 135.675ms
[7.238s][info][gc,phases   ] GC(2) Pause Mark End 0.166ms
[7.240s][info][gc,phases   ] GC(2) Concurrent Process Non-Strong References 1.827ms
[7.240s][info][gc,phases   ] GC(2) Concurrent Reset Relocation Set 0.005ms
[7.240s][info][gc,phases   ] GC(2) Concurrent Destroy Detached Pages 0.000ms
[7.241s][info][gc,phases   ] GC(2) Concurrent Select Relocation Set 1.495ms
[7.244s][info][gc,phases   ] GC(2) Concurrent Prepare Relocation Set 2.270ms
[7.247s][info][gc,phases   ] GC(2) Pause Relocate Start 2.752ms
[7.345s][info][gc,phases   ] GC(2) Concurrent Relocate 94.693ms
[7.345s][info][gc,load     ] GC(2) Load: 2.21/1.57/0.80
[7.345s][info][gc,mmu      ] GC(2) MMU: 2ms/0.0%, 5ms/8.2%, 10ms/54.1%, 20ms/77.1%, 50ms/90.8%, 100ms/93.7%
[7.345s][info][gc,marking  ] GC(2) Mark: 1 stripe(s), 2 proactive flush(es), 1 terminate flush(es), 0 completion(s), 0 continuation(s) 
[7.345s][info][gc,reloc    ] GC(2) Relocation: Successful, 27M relocated
[7.345s][info][gc,nmethod  ] GC(2) NMethods: 1069 registered, 0 unregistered
[7.345s][info][gc,metaspace] GC(2) Metaspace: 50M used, 52M capacity, 52M committed, 54M reserved
[7.345s][info][gc,ref      ] GC(2) Soft: 3451 encountered, 0 discovered, 0 enqueued
[7.345s][info][gc,ref      ] GC(2) Weak: 2447 encountered, 1902 discovered, 291 enqueued
[7.345s][info][gc,ref      ] GC(2) Final: 29 encountered, 6 discovered, 6 enqueued
[7.345s][info][gc,ref      ] GC(2) Phantom: 1107 encountered, 1044 discovered, 473 enqueued
[7.345s][info][gc,heap     ] GC(2)                Mark Start          Mark End        Relocate Start      Relocate End           High               Low         
[7.345s][info][gc,heap     ] GC(2)  Capacity:      348M (46%)         410M (55%)         410M (55%)         416M (55%)         416M (55%)         348M (46%)    
[7.345s][info][gc,heap     ] GC(2)   Reserve:       34M (5%)           34M (5%)           34M (5%)           34M (5%)           34M (5%)           34M (5%)     
[7.345s][info][gc,heap     ] GC(2)      Free:      466M (62%)         404M (54%)         404M (54%)         498M (66%)         502M (67%)         398M (53%)    
[7.345s][info][gc,heap     ] GC(2)      Used:      250M (33%)         312M (42%)         312M (42%)         218M (29%)         318M (42%)         214M (29%)    
[7.345s][info][gc,heap     ] GC(2)      Live:         -                40M (5%)           40M (5%)           40M (5%)             -                  -          
[7.345s][info][gc,heap     ] GC(2) Allocated:         -                62M (8%)           62M (8%)          172M (23%)            -                  -          
[7.345s][info][gc,heap     ] GC(2)   Garbage:         -               209M (28%)         209M (28%)          31M (4%)             -                  -          
[7.345s][info][gc,heap     ] GC(2) Reclaimed:         -                  -                 0M (0%)          178M (24%)            -                  -          
[7.345s][info][gc          ] GC(2) Garbage Collection (Warmup) 250M(33%)->218M(29%)
[7.495s][info][gc,start    ] GC(3) Garbage Collection (Allocation Rate)
[7.496s][info][gc,phases   ] GC(3) Pause Mark Start 1.193ms
[7.777s][info][gc,phases   ] GC(3) Concurrent Mark 280.890ms
[7.779s][info][gc,phases   ] GC(3) Pause Mark End 0.170ms
[7.781s][info][gc,phases   ] GC(3) Concurrent Process Non-Strong References 1.404ms
[7.781s][info][gc,phases   ] GC(3) Concurrent Reset Relocation Set 0.191ms
[7.781s][info][gc,phases   ] GC(3) Concurrent Destroy Detached Pages 0.000ms
[7.782s][info][gc,phases   ] GC(3) Concurrent Select Relocation Set 1.495ms
[7.786s][info][gc,phases   ] GC(3) Concurrent Prepare Relocation Set 3.905ms
[7.788s][info][gc,phases   ] GC(3) Pause Relocate Start 1.072ms
[8.034s][info][gc,phases   ] GC(3) Concurrent Relocate 239.803ms
[8.035s][info][gc,load     ] GC(3) Load: 2.21/1.57/0.80
[8.035s][info][gc,mmu      ] GC(3) MMU: 2ms/0.0%, 5ms/8.2%, 10ms/54.1%, 20ms/77.1%, 50ms/90.8%, 100ms/93.7%
[8.035s][info][gc,marking  ] GC(3) Mark: 1 stripe(s), 2 proactive flush(es), 1 terminate flush(es), 0 completion(s), 0 continuation(s) 
[8.035s][info][gc,reloc    ] GC(3) Relocation: Successful, 48M relocated
[8.035s][info][gc,nmethod  ] GC(3) NMethods: 1069 registered, 0 unregistered
[8.035s][info][gc,metaspace] GC(3) Metaspace: 50M used, 52M capacity, 52M committed, 54M reserved
[8.035s][info][gc,ref      ] GC(3) Soft: 3451 encountered, 0 discovered, 0 enqueued
[8.035s][info][gc,ref      ] GC(3) Weak: 2156 encountered, 1611 discovered, 0 enqueued
[8.035s][info][gc,ref      ] GC(3) Final: 23 encountered, 0 discovered, 0 enqueued
[8.035s][info][gc,ref      ] GC(3) Phantom: 634 encountered, 630 discovered, 0 enqueued
[8.035s][info][gc,heap     ] GC(3)                Mark Start          Mark End        Relocate Start      Relocate End           High               Low         
[8.035s][info][gc,heap     ] GC(3)  Capacity:      476M (63%)         608M (81%)         608M (81%)         618M (82%)         618M (82%)         476M (63%)    
[8.035s][info][gc,heap     ] GC(3)   Reserve:       34M (5%)           34M (5%)           34M (5%)           34M (5%)           34M (5%)           34M (5%)     
[8.035s][info][gc,heap     ] GC(3)      Free:      338M (45%)         206M (27%)         206M (27%)         272M (36%)         338M (45%)         196M (26%)    
[8.035s][info][gc,heap     ] GC(3)      Used:      378M (50%)         510M (68%)         510M (68%)         444M (59%)         520M (69%)         378M (50%)    
[8.035s][info][gc,heap     ] GC(3)      Live:         -                83M (11%)          83M (11%)          83M (11%)            -                  -          
[8.035s][info][gc,heap     ] GC(3) Allocated:         -               132M (18%)         132M (18%)         376M (50%)            -                  -          
[8.035s][info][gc,heap     ] GC(3)   Garbage:         -               294M (39%)         294M (39%)          28M (4%)             -                  -          
[8.035s][info][gc,heap     ] GC(3) Reclaimed:         -                  -                 0M (0%)          266M (35%)            -                  -          
[8.035s][info][gc          ] GC(3) Garbage Collection (Allocation Rate) 378M(50%)->444M(59%)
[8.096s][info][gc,start    ] GC(4) Garbage Collection (Allocation Rate)
[8.100s][info][gc,phases   ] GC(4) Pause Mark Start 2.311ms
[8.744s][info][gc,phases   ] GC(4) Concurrent Mark 643.857ms
[8.749s][info][gc,phases   ] GC(4) Pause Mark End 0.199ms
[8.755s][info][gc,phases   ] GC(4) Concurrent Process Non-Strong References 6.273ms
[8.756s][info][gc,phases   ] GC(4) Concurrent Reset Relocation Set 0.481ms
[8.756s][info][gc,phases   ] GC(4) Concurrent Destroy Detached Pages 0.001ms
[8.757s][info][gc,phases   ] GC(4) Concurrent Select Relocation Set 1.536ms
[8.771s][info][gc,phases   ] GC(4) Concurrent Prepare Relocation Set 14.027ms
[8.773s][info][gc,phases   ] GC(4) Pause Relocate Start 1.363ms
[9.126s][info][gc,phases   ] GC(4) Concurrent Relocate 352.965ms
[9.126s][info][gc,load     ] GC(4) Load: 2.21/1.57/0.80
[9.126s][info][gc,mmu      ] GC(4) MMU: 2ms/0.0%, 5ms/8.2%, 10ms/54.1%, 20ms/77.1%, 50ms/90.8%, 100ms/93.7%
[9.126s][info][gc,marking  ] GC(4) Mark: 1 stripe(s), 2 proactive flush(es), 1 terminate flush(es), 0 completion(s), 0 continuation(s) 
[9.126s][info][gc,reloc    ] GC(4) Relocation: Successful, 62M relocated
[9.126s][info][gc,nmethod  ] GC(4) NMethods: 1100 registered, 0 unregistered
[9.126s][info][gc,metaspace] GC(4) Metaspace: 50M used, 52M capacity, 52M committed, 54M reserved
[9.126s][info][gc,ref      ] GC(4) Soft: 3451 encountered, 0 discovered, 0 enqueued
[9.126s][info][gc,ref      ] GC(4) Weak: 2156 encountered, 1611 discovered, 0 enqueued
[9.126s][info][gc,ref      ] GC(4) Final: 23 encountered, 0 discovered, 0 enqueued
[9.126s][info][gc,ref      ] GC(4) Phantom: 634 encountered, 630 discovered, 0 enqueued
[9.126s][info][gc,heap     ] GC(4)                Mark Start          Mark End        Relocate Start      Relocate End           High               Low         
[9.126s][info][gc,heap     ] GC(4)  Capacity:      618M (82%)         716M (95%)         716M (95%)         718M (96%)         718M (96%)         618M (82%)    
[9.126s][info][gc,heap     ] GC(4)   Reserve:       34M (5%)           34M (5%)           34M (5%)           34M (5%)           34M (5%)           34M (5%)     
[9.126s][info][gc,heap     ] GC(4)      Free:      200M (27%)          98M (13%)          98M (13%)         442M (59%)         442M (59%)          96M (13%)    
[9.126s][info][gc,heap     ] GC(4)      Used:      516M (69%)         618M (82%)         618M (82%)         274M (37%)         620M (83%)         274M (37%)    
[9.126s][info][gc,heap     ] GC(4)      Live:         -               139M (19%)         139M (19%)         139M (19%)            -                  -          
[9.126s][info][gc,heap     ] GC(4) Allocated:         -               104M (14%)         104M (14%)         164M (22%)            -                  -          
[9.126s][info][gc,heap     ] GC(4)   Garbage:         -               376M (50%)         376M (50%)          30M (4%)             -                  -          
[9.126s][info][gc,heap     ] GC(4) Reclaimed:         -                  -                 0M (0%)          346M (46%)            -                  -          
[9.126s][info][gc          ] GC(4) Garbage Collection (Allocation Rate) 516M(69%)->274M(37%)
[9.195s][info][gc,start    ] GC(5) Garbage Collection (Allocation Rate)
[9.200s][info][gc,phases   ] GC(5) Pause Mark Start 1.377ms
[9.280s][info][gc,phases   ] GC(5) Concurrent Mark 77.148ms
[9.282s][info][gc,phases   ] GC(5) Pause Mark End 0.191ms
[9.283s][info][gc,phases   ] GC(5) Concurrent Process Non-Strong References 0.936ms
[9.284s][info][gc,phases   ] GC(5) Concurrent Reset Relocation Set 0.649ms
[9.284s][info][gc,phases   ] GC(5) Concurrent Destroy Detached Pages 0.000ms
[9.285s][info][gc,phases   ] GC(5) Concurrent Select Relocation Set 1.507ms
[9.285s][info][gc,phases   ] GC(5) Concurrent Prepare Relocation Set 0.016ms
[9.287s][info][gc,phases   ] GC(5) Pause Relocate Start 1.151ms
[9.288s][info][gc,phases   ] GC(5) Concurrent Relocate 1.036ms
[9.288s][info][gc,load     ] GC(5) Load: 2.21/1.57/0.80
[9.288s][info][gc,mmu      ] GC(5) MMU: 2ms/0.0%, 5ms/8.2%, 10ms/54.1%, 20ms/77.1%, 50ms/90.8%, 100ms/93.7%
[9.288s][info][gc,marking  ] GC(5) Mark: 1 stripe(s), 2 proactive flush(es), 3 terminate flush(es), 0 completion(s), 0 continuation(s) 
[9.288s][info][gc,reloc    ] GC(5) Relocation: Successful, 6M relocated
[9.288s][info][gc,nmethod  ] GC(5) NMethods: 1110 registered, 0 unregistered
[9.288s][info][gc,metaspace] GC(5) Metaspace: 51M used, 53M capacity, 53M committed, 54M reserved
[9.288s][info][gc,ref      ] GC(5) Soft: 3471 encountered, 0 discovered, 0 enqueued
[9.288s][info][gc,ref      ] GC(5) Weak: 2214 encountered, 1667 discovered, 23 enqueued
[9.288s][info][gc,ref      ] GC(5) Final: 24 encountered, 0 discovered, 0 enqueued
[9.288s][info][gc,ref      ] GC(5) Phantom: 668 encountered, 661 discovered, 33 enqueued
[9.288s][info][gc,heap     ] GC(5)                Mark Start          Mark End        Relocate Start      Relocate End           High               Low         
[9.288s][info][gc,heap     ] GC(5)  Capacity:      718M (96%)         718M (96%)         718M (96%)         718M (96%)         718M (96%)         718M (96%)    
[9.288s][info][gc,heap     ] GC(5)   Reserve:       34M (5%)           34M (5%)           34M (5%)           34M (5%)           34M (5%)           34M (5%)     
[9.288s][info][gc,heap     ] GC(5)      Free:      440M (59%)         438M (58%)         646M (86%)         658M (88%)         658M (88%)         438M (58%)    
[9.288s][info][gc,heap     ] GC(5)      Used:      276M (37%)         278M (37%)          70M (9%)           58M (8%)          278M (37%)          58M (8%)     
[9.288s][info][gc,heap     ] GC(5)      Live:         -                26M (4%)           26M (4%)           26M (4%)             -                  -          
[9.288s][info][gc,heap     ] GC(5) Allocated:         -                 2M (0%)            2M (0%)            4M (1%)             -                  -          
[9.288s][info][gc,heap     ] GC(5)   Garbage:         -               249M (33%)          41M (6%)           29M (4%)             -                  -          
[9.288s][info][gc,heap     ] GC(5) Reclaimed:         -                  -               208M (28%)         220M (29%)            -                  -          
[9.288s][info][gc          ] GC(5) Garbage Collection (Allocation Rate) 276M(37%)->58M(8%)
[9.296s][info][gc,start    ] GC(6) Garbage Collection (Allocation Rate)
[9.297s][info][gc,phases   ] GC(6) Pause Mark Start 1.219ms
[9.384s][info][gc,phases   ] GC(6) Concurrent Mark 87.478ms
[9.387s][info][gc,phases   ] GC(6) Pause Mark End 0.466ms
[9.388s][info][gc,phases   ] GC(6) Concurrent Process Non-Strong References 0.985ms
[9.388s][info][gc,phases   ] GC(6) Concurrent Reset Relocation Set 0.002ms
[9.388s][info][gc,phases   ] GC(6) Concurrent Destroy Detached Pages 0.000ms
[9.390s][info][gc,phases   ] GC(6) Concurrent Select Relocation Set 1.518ms
[9.390s][info][gc,phases   ] GC(6) Concurrent Prepare Relocation Set 0.012ms
[9.391s][info][gc,phases   ] GC(6) Pause Relocate Start 1.109ms
[9.392s][info][gc,phases   ] GC(6) Concurrent Relocate 0.958ms
[9.392s][info][gc,load     ] GC(6) Load: 2.21/1.57/0.80
[9.392s][info][gc,mmu      ] GC(6) MMU: 2ms/0.0%, 5ms/8.2%, 10ms/54.1%, 20ms/77.1%, 50ms/90.8%, 100ms/93.7%
[9.392s][info][gc,marking  ] GC(6) Mark: 1 stripe(s), 5 proactive flush(es), 2 terminate flush(es), 0 completion(s), 0 continuation(s) 
[9.392s][info][gc,reloc    ] GC(6) Relocation: Successful, 6M relocated
[9.392s][info][gc,nmethod  ] GC(6) NMethods: 1115 registered, 0 unregistered
[9.392s][info][gc,metaspace] GC(6) Metaspace: 52M used, 54M capacity, 54M committed, 56M reserved
[9.392s][info][gc,ref      ] GC(6) Soft: 3473 encountered, 0 discovered, 0 enqueued
[9.392s][info][gc,ref      ] GC(6) Weak: 2199 encountered, 1651 discovered, 0 enqueued
[9.392s][info][gc,ref      ] GC(6) Final: 24 encountered, 0 discovered, 0 enqueued
[9.392s][info][gc,ref      ] GC(6) Phantom: 640 encountered, 636 discovered, 5 enqueued
[9.392s][info][gc,heap     ] GC(6)                Mark Start          Mark End        Relocate Start      Relocate End           High               Low         
[9.392s][info][gc,heap     ] GC(6)  Capacity:      718M (96%)         718M (96%)         718M (96%)         718M (96%)         718M (96%)         718M (96%)    
[9.392s][info][gc,heap     ] GC(6)   Reserve:       34M (5%)           34M (5%)           34M (5%)           34M (5%)           34M (5%)           34M (5%)     
[9.392s][info][gc,heap     ] GC(6)      Free:      658M (88%)         654M (87%)         654M (87%)         656M (87%)         658M (88%)         652M (87%)    
[9.392s][info][gc,heap     ] GC(6)      Used:       58M (8%)           62M (8%)           62M (8%)           60M (8%)           64M (9%)           58M (8%)     
[9.392s][info][gc,heap     ] GC(6)      Live:         -                26M (4%)           26M (4%)           26M (4%)             -                  -          
[9.392s][info][gc,heap     ] GC(6) Allocated:         -                 4M (1%)            4M (1%)            6M (1%)             -                  -          
[9.392s][info][gc,heap     ] GC(6)   Garbage:         -                31M (4%)           31M (4%)           29M (4%)             -                  -          
[9.392s][info][gc,heap     ] GC(6) Reclaimed:         -                  -                 0M (0%)            2M (0%)             -                  -          
[9.392s][info][gc          ] GC(6) Garbage Collection (Allocation Rate) 58M(8%)->60M(8%)
[10.095s][info][gc,stats    ] === Garbage Collection Statistics =======================================================================================================================
[10.095s][info][gc,stats    ]                                                              Last 10s              Last 10m              Last 10h                Total
[10.095s][info][gc,stats    ]                                                              Avg / Max             Avg / Max             Avg / Max             Avg / Max
[10.095s][info][gc,stats    ]   Collector: Garbage Collection Cycle                    321.790 / 1030.215    321.790 / 1030.215    321.790 / 1030.215    321.790 / 1030.215    ms
[10.095s][info][gc,stats    ]  Contention: Mark Segment Reset Contention                     0 / 0                 0 / 0                 0 / 0                 0 / 0           ops/s
[10.095s][info][gc,stats    ]  Contention: Mark SeqNum Reset Contention                      0 / 0                 0 / 0                 0 / 0                 0 / 0           ops/s
[10.095s][info][gc,stats    ]  Contention: Relocation Contention                             1 / 12                1 / 12                1 / 12                1 / 12          ops/s
[10.095s][info][gc,stats    ]    Critical: Allocation Stall                              0.000 / 0.000         0.000 / 0.000         0.000 / 0.000         0.000 / 0.000       ms
[10.095s][info][gc,stats    ]    Critical: Allocation Stall                                  0 / 0                 0 / 0                 0 / 0                 0 / 0           ops/s
[10.095s][info][gc,stats    ]    Critical: GC Locker Stall                               1.632 / 1.632         1.632 / 1.632         1.632 / 1.632         1.632 / 1.632       ms
[10.095s][info][gc,stats    ]    Critical: GC Locker Stall                                   0 / 1                 0 / 1                 0 / 1                 0 / 1           ops/s
[10.095s][info][gc,stats    ]      Memory: Allocation Rate                                 128 / 714             128 / 714             128 / 714             128 / 714         MB/s
[10.095s][info][gc,stats    ]      Memory: Heap Used After Mark                            285 / 618             285 / 618             285 / 618             285 / 618         MB
[10.095s][info][gc,stats    ]      Memory: Heap Used After Relocation                      164 / 444             164 / 444             164 / 444             164 / 444         MB
[10.095s][info][gc,stats    ]      Memory: Heap Used Before Mark                           241 / 516             241 / 516             241 / 516             241 / 516         MB
[10.095s][info][gc,stats    ]      Memory: Heap Used Before Relocation                     255 / 618             255 / 618             255 / 618             255 / 618         MB
[10.095s][info][gc,stats    ]      Memory: Out Of Memory                                     0 / 0                 0 / 0                 0 / 0                 0 / 0           ops/s
[10.095s][info][gc,stats    ]      Memory: Page Cache Flush                                  0 / 0                 0 / 0                 0 / 0                 0 / 0           MB/s
[10.095s][info][gc,stats    ]      Memory: Page Cache Hit L1                                36 / 255              36 / 255              36 / 255              36 / 255         ops/s
[10.095s][info][gc,stats    ]      Memory: Page Cache Hit L2                                 0 / 0                 0 / 0                 0 / 0                 0 / 0           ops/s
[10.095s][info][gc,stats    ]      Memory: Page Cache Miss                                  29 / 135              29 / 135              29 / 135              29 / 135         ops/s
[10.095s][info][gc,stats    ]      Memory: Undo Object Allocation Failed                     0 / 0                 0 / 0                 0 / 0                 0 / 0           ops/s
[10.095s][info][gc,stats    ]      Memory: Undo Object Allocation Succeeded                  1 / 12                1 / 12                1 / 12                1 / 12          ops/s
[10.095s][info][gc,stats    ]      Memory: Undo Page Allocation                              0 / 1                 0 / 1                 0 / 1                 0 / 1           ops/s
[10.095s][info][gc,stats    ]       Phase: Concurrent Destroy Detached Pages             0.000 / 0.001         0.000 / 0.001         0.000 / 0.001         0.000 / 0.001       ms
[10.095s][info][gc,stats    ]       Phase: Concurrent Mark                             191.861 / 643.857     191.861 / 643.857     191.861 / 643.857     191.861 / 643.857     ms
[10.095s][info][gc,stats    ]       Phase: Concurrent Mark Continue                      0.000 / 0.000         0.000 / 0.000         0.000 / 0.000         0.000 / 0.000       ms
[10.095s][info][gc,stats    ]       Phase: Concurrent Prepare Relocation Set             3.045 / 14.027        3.045 / 14.027        3.045 / 14.027        3.045 / 14.027      ms
[10.095s][info][gc,stats    ]       Phase: Concurrent Process Non-Strong References      1.823 / 6.273         1.823 / 6.273         1.823 / 6.273         1.823 / 6.273       ms
[10.095s][info][gc,stats    ]       Phase: Concurrent Relocate                         109.945 / 352.965     109.945 / 352.965     109.945 / 352.965     109.945 / 352.965     ms
[10.095s][info][gc,stats    ]       Phase: Concurrent Reset Relocation Set               0.198 / 0.649         0.198 / 0.649         0.198 / 0.649         0.198 / 0.649       ms
[10.095s][info][gc,stats    ]       Phase: Concurrent Select Relocation Set              2.922 / 9.835         2.922 / 9.835         2.922 / 9.835         2.922 / 9.835       ms
[10.095s][info][gc,stats    ]       Phase: Pause Mark End                                0.209 / 0.466         0.209 / 0.466         0.209 / 0.466         0.209 / 0.466       ms
[10.095s][info][gc,stats    ]       Phase: Pause Mark Start                              1.988 / 4.589         1.988 / 4.589         1.988 / 4.589         1.988 / 4.589       ms
[10.095s][info][gc,stats    ]       Phase: Pause Relocate Start                          1.610 / 2.752         1.610 / 2.752         1.610 / 2.752         1.610 / 2.752       ms
[10.095s][info][gc,stats    ]    Subphase: Concurrent Mark                             190.827 / 643.830     190.827 / 643.830     190.827 / 643.830     190.827 / 643.830     ms
[10.095s][info][gc,stats    ]    Subphase: Concurrent Mark Idle                          0.000 / 0.000         0.000 / 0.000         0.000 / 0.000         0.000 / 0.000       ms
[10.095s][info][gc,stats    ]    Subphase: Concurrent Mark Try Flush                     1.748 / 9.370         1.748 / 9.370         1.748 / 9.370         1.748 / 9.370       ms
[10.095s][info][gc,stats    ]    Subphase: Concurrent Mark Try Terminate                 0.513 / 1.941         0.513 / 1.941         0.513 / 1.941         0.513 / 1.941       ms
[10.095s][info][gc,stats    ]    Subphase: Concurrent References Enqueue                 0.002 / 0.003         0.002 / 0.003         0.002 / 0.003         0.002 / 0.003       ms
[10.095s][info][gc,stats    ]    Subphase: Concurrent References Process                 1.174 / 5.798         1.174 / 5.798         1.174 / 5.798         1.174 / 5.798       ms
[10.095s][info][gc,stats    ]    Subphase: Concurrent Weak Roots                         0.638 / 1.146         0.638 / 1.146         0.638 / 1.146         0.638 / 1.146       ms
[10.095s][info][gc,stats    ]    Subphase: Concurrent Weak Roots JNIWeakHandles          0.000 / 0.000         0.000 / 0.000         0.000 / 0.000         0.000 / 0.000       ms
[10.095s][info][gc,stats    ]    Subphase: Concurrent Weak Roots StringTable             0.510 / 0.934         0.510 / 0.934         0.510 / 0.934         0.510 / 0.934       ms
[10.095s][info][gc,stats    ]    Subphase: Concurrent Weak Roots VMWeakHandles           0.126 / 0.238         0.126 / 0.238         0.126 / 0.238         0.126 / 0.238       ms
[10.095s][info][gc,stats    ]    Subphase: Pause Mark Try Complete                       0.000 / 0.000         0.000 / 0.000         0.000 / 0.000         0.000 / 0.000       ms
[10.095s][info][gc,stats    ]    Subphase: Pause Remap TLABS                             0.001 / 0.001         0.001 / 0.001         0.001 / 0.001         0.001 / 0.001       ms
[10.095s][info][gc,stats    ]    Subphase: Pause Retire TLABS                            0.013 / 0.024         0.013 / 0.024         0.013 / 0.024         0.013 / 0.024       ms
[10.095s][info][gc,stats    ]    Subphase: Pause Roots                                   1.138 / 3.961         1.138 / 3.961         1.138 / 3.961         1.138 / 3.961       ms
[10.095s][info][gc,stats    ]    Subphase: Pause Roots ClassLoaderDataGraph              0.570 / 1.459         0.570 / 1.459         0.570 / 1.459         0.570 / 1.459       ms
[10.095s][info][gc,stats    ]    Subphase: Pause Roots CodeCache                         0.430 / 0.622         0.430 / 0.622         0.430 / 0.622         0.430 / 0.622       ms
[10.095s][info][gc,stats    ]    Subphase: Pause Roots JNIHandles                        0.001 / 0.006         0.001 / 0.006         0.001 / 0.006         0.001 / 0.006       ms
[10.095s][info][gc,stats    ]    Subphase: Pause Roots JNIWeakHandles                    0.000 / 0.000         0.000 / 0.000         0.000 / 0.000         0.000 / 0.000       ms
[10.095s][info][gc,stats    ]    Subphase: Pause Roots JRFWeak                           0.000 / 0.000         0.000 / 0.000         0.000 / 0.000         0.000 / 0.000       ms
[10.095s][info][gc,stats    ]    Subphase: Pause Roots JVMTIExport                       0.001 / 0.001         0.001 / 0.001         0.001 / 0.001         0.001 / 0.001       ms
[10.095s][info][gc,stats    ]    Subphase: Pause Roots JVMTIWeakExport                   0.001 / 0.001         0.001 / 0.001         0.001 / 0.001         0.001 / 0.001       ms
[10.095s][info][gc,stats    ]    Subphase: Pause Roots Management                        0.024 / 0.323         0.024 / 0.323         0.024 / 0.323         0.024 / 0.323       ms
[10.095s][info][gc,stats    ]    Subphase: Pause Roots ObjectSynchronizer                0.000 / 0.001         0.000 / 0.001         0.000 / 0.001         0.000 / 0.001       ms
[10.095s][info][gc,stats    ]    Subphase: Pause Roots Setup                             0.098 / 0.551         0.098 / 0.551         0.098 / 0.551         0.098 / 0.551       ms
[10.095s][info][gc,stats    ]    Subphase: Pause Roots StringTable                       0.000 / 0.000         0.000 / 0.000         0.000 / 0.000         0.000 / 0.000       ms
[10.095s][info][gc,stats    ]    Subphase: Pause Roots SystemDictionary                  0.017 / 0.070         0.017 / 0.070         0.017 / 0.070         0.017 / 0.070       ms
[10.095s][info][gc,stats    ]    Subphase: Pause Roots Teardown                          0.001 / 0.002         0.001 / 0.002         0.001 / 0.002         0.001 / 0.002       ms
[10.095s][info][gc,stats    ]    Subphase: Pause Roots Threads                           0.421 / 3.366         0.421 / 3.366         0.421 / 3.366         0.421 / 3.366       ms
[10.095s][info][gc,stats    ]    Subphase: Pause Roots Universe                          0.028 / 0.350         0.028 / 0.350         0.028 / 0.350         0.028 / 0.350       ms
[10.095s][info][gc,stats    ]    Subphase: Pause Roots VMWeakHandles                     0.000 / 0.000         0.000 / 0.000         0.000 / 0.000         0.000 / 0.000       ms
[10.095s][info][gc,stats    ]    Subphase: Pause Weak Roots                              0.003 / 0.012         0.003 / 0.012         0.003 / 0.012         0.003 / 0.012       ms
[10.095s][info][gc,stats    ]    Subphase: Pause Weak Roots JFRWeak                      0.001 / 0.001         0.001 / 0.001         0.001 / 0.001         0.001 / 0.001       ms
[10.095s][info][gc,stats    ]    Subphase: Pause Weak Roots JNIWeakHandles               0.000 / 0.000         0.000 / 0.000         0.000 / 0.000         0.000 / 0.000       ms
[10.095s][info][gc,stats    ]    Subphase: Pause Weak Roots JVMTIWeakExport              0.002 / 0.011         0.002 / 0.011         0.002 / 0.011         0.002 / 0.011       ms
[10.095s][info][gc,stats    ]    Subphase: Pause Weak Roots Setup                        0.000 / 0.000         0.000 / 0.000         0.000 / 0.000         0.000 / 0.000       ms
[10.095s][info][gc,stats    ]    Subphase: Pause Weak Roots StringTable                  0.000 / 0.000         0.000 / 0.000         0.000 / 0.000         0.000 / 0.000       ms
[10.095s][info][gc,stats    ]    Subphase: Pause Weak Roots SymbolTable                  0.000 / 0.000         0.000 / 0.000         0.000 / 0.000         0.000 / 0.000       ms
[10.095s][info][gc,stats    ]    Subphase: Pause Weak Roots Teardown                     0.001 / 0.001         0.001 / 0.001         0.001 / 0.001         0.001 / 0.001       ms
[10.095s][info][gc,stats    ]    Subphase: Pause Weak Roots VMWeakHandles                0.000 / 0.000         0.000 / 0.000         0.000 / 0.000         0.000 / 0.000       ms
[10.095s][info][gc,stats    ]      System: Java Threads                                     34 / 46               34 / 46               34 / 46               34 / 46          threads
[10.095s][info][gc,stats    ] =========================================================================================================================================================
[10.194s][info][gc,start    ] GC(7) Garbage Collection (System.gc())
[10.195s][info][gc,phases   ] GC(7) Pause Mark Start 1.585ms
[10.234s][info][gc,phases   ] GC(7) Concurrent Mark 38.953ms
[10.235s][info][gc,phases   ] GC(7) Pause Mark End 0.285ms
[10.236s][info][gc,phases   ] GC(7) Concurrent Process Non-Strong References 1.486ms
[10.236s][info][gc,phases   ] GC(7) Concurrent Reset Relocation Set 0.002ms
[10.236s][info][gc,phases   ] GC(7) Concurrent Destroy Detached Pages 0.000ms
[10.238s][info][gc,phases   ] GC(7) Concurrent Select Relocation Set 1.725ms
[10.238s][info][gc,phases   ] GC(7) Concurrent Prepare Relocation Set 0.030ms
[10.240s][info][gc,phases   ] GC(7) Pause Relocate Start 1.623ms
[10.242s][info][gc,phases   ] GC(7) Concurrent Relocate 2.358ms
[10.242s][info][gc,load     ] GC(7) Load: 2.21/1.57/0.80
[10.242s][info][gc,mmu      ] GC(7) MMU: 2ms/0.0%, 5ms/8.2%, 10ms/54.1%, 20ms/77.1%, 50ms/90.8%, 100ms/93.7%
[10.242s][info][gc,marking  ] GC(7) Mark: 1 stripe(s), 1 proactive flush(es), 1 terminate flush(es), 0 completion(s), 0 continuation(s) 
[10.242s][info][gc,reloc    ] GC(7) Relocation: Successful, 7M relocated
[10.242s][info][gc,nmethod  ] GC(7) NMethods: 1375 registered, 0 unregistered
[10.242s][info][gc,metaspace] GC(7) Metaspace: 56M used, 58M capacity, 59M committed, 60M reserved
[10.242s][info][gc,ref      ] GC(7) Soft: 3719 encountered, 0 discovered, 0 enqueued
[10.242s][info][gc,ref      ] GC(7) Weak: 2760 encountered, 2134 discovered, 159 enqueued
[10.242s][info][gc,ref      ] GC(7) Final: 33 encountered, 7 discovered, 7 enqueued
[10.242s][info][gc,ref      ] GC(7) Phantom: 838 encountered, 685 discovered, 194 enqueued
[10.242s][info][gc,heap     ] GC(7)                Mark Start          Mark End        Relocate Start      Relocate End           High               Low         
[10.242s][info][gc,heap     ] GC(7)  Capacity:      724M (97%)         724M (97%)         724M (97%)         724M (97%)         724M (97%)         724M (97%)    
[10.242s][info][gc,heap     ] GC(7)   Reserve:       34M (5%)           34M (5%)           34M (5%)           34M (5%)           34M (5%)           34M (5%)     
[10.242s][info][gc,heap     ] GC(7)      Free:      586M (78%)         586M (78%)         624M (83%)         656M (87%)         656M (87%)         586M (78%)    
[10.242s][info][gc,heap     ] GC(7)      Used:      130M (17%)         130M (17%)          92M (12%)          60M (8%)          130M (17%)          60M (8%)     
[10.242s][info][gc,heap     ] GC(7)      Live:         -                27M (4%)           27M (4%)           27M (4%)             -                  -          
[10.242s][info][gc,heap     ] GC(7) Allocated:         -                 0M (0%)            0M (0%)            4M (1%)             -                  -          
[10.242s][info][gc,heap     ] GC(7)   Garbage:         -               102M (14%)          64M (9%)           32M (4%)             -                  -          
[10.242s][info][gc,heap     ] GC(7) Reclaimed:         -                  -                38M (5%)           70M (9%)             -                  -          
[10.242s][info][gc          ] GC(7) Garbage Collection (System.gc()) 130M(17%)->60M(8%)
[12.095s][info][gc,start    ] GC(8) Garbage Collection (Allocation Rate)
[12.101s][info][gc,phases   ] GC(8) Pause Mark Start 2.487ms
[12.353s][info][gc,phases   ] GC(8) Concurrent Mark 252.142ms
[12.357s][info][gc,phases   ] GC(8) Pause Mark End 0.227ms
[12.359s][info][gc,phases   ] GC(8) Concurrent Process Non-Strong References 1.590ms
[12.359s][info][gc,phases   ] GC(8) Concurrent Reset Relocation Set 0.003ms
[12.359s][info][gc,phases   ] GC(8) Concurrent Destroy Detached Pages 0.000ms
[12.360s][info][gc,phases   ] GC(8) Concurrent Select Relocation Set 1.538ms
[12.378s][info][gc,phases   ] GC(8) Concurrent Prepare Relocation Set 17.698ms
[12.383s][info][gc,phases   ] GC(8) Pause Relocate Start 2.410ms
[12.531s][info][gc,phases   ] GC(8) Concurrent Relocate 144.233ms
[12.531s][info][gc,load     ] GC(8) Load: 2.19/1.58/0.81
[12.531s][info][gc,mmu      ] GC(8) MMU: 2ms/0.0%, 5ms/8.2%, 10ms/54.1%, 20ms/77.1%, 50ms/90.8%, 100ms/93.7%
[12.531s][info][gc,marking  ] GC(8) Mark: 1 stripe(s), 2 proactive flush(es), 1 terminate flush(es), 0 completion(s), 0 continuation(s) 
[12.531s][info][gc,reloc    ] GC(8) Relocation: Successful, 30M relocated
[12.531s][info][gc,nmethod  ] GC(8) NMethods: 1825 registered, 0 unregistered
[12.531s][info][gc,metaspace] GC(8) Metaspace: 62M used, 65M capacity, 65M committed, 66M reserved
[12.531s][info][gc,ref      ] GC(8) Soft: 4282 encountered, 0 discovered, 0 enqueued
[12.531s][info][gc,ref      ] GC(8) Weak: 3799 encountered, 2801 discovered, 243 enqueued
[12.531s][info][gc,ref      ] GC(8) Final: 31 encountered, 4 discovered, 4 enqueued
[12.531s][info][gc,ref      ] GC(8) Phantom: 955 encountered, 920 discovered, 304 enqueued
[12.531s][info][gc,heap     ] GC(8)                Mark Start          Mark End        Relocate Start      Relocate End           High               Low         
[12.531s][info][gc,heap     ] GC(8)  Capacity:      724M (97%)         724M (97%)         724M (97%)         724M (97%)         724M (97%)         724M (97%)    
[12.531s][info][gc,heap     ] GC(8)   Reserve:       34M (5%)           34M (5%)           34M (5%)           34M (5%)           34M (5%)           34M (5%)     
[12.531s][info][gc,heap     ] GC(8)      Free:      306M (41%)         178M (24%)         176M (23%)         426M (57%)         426M (57%)         142M (19%)    
[12.531s][info][gc,heap     ] GC(8)      Used:      410M (55%)         538M (72%)         540M (72%)         290M (39%)         574M (77%)         290M (39%)    
[12.531s][info][gc,heap     ] GC(8)      Live:         -                50M (7%)           50M (7%)           50M (7%)             -                  -          
[12.531s][info][gc,heap     ] GC(8) Allocated:         -               128M (17%)         136M (18%)         264M (35%)            -                  -          
[12.531s][info][gc,heap     ] GC(8)   Garbage:         -               359M (48%)         353M (47%)          27M (4%)             -                  -          
[12.531s][info][gc,heap     ] GC(8) Reclaimed:         -                  -                 6M (1%)          332M (44%)            -                  -          
[12.531s][info][gc          ] GC(8) Garbage Collection (Allocation Rate) 410M(55%)->290M(39%)
[12.595s][info][gc,start    ] GC(9) Garbage Collection (Allocation Rate)
[12.599s][info][gc,phases   ] GC(9) Pause Mark Start 1.914ms
[12.855s][info][gc,heap     ] Page Cache Flushed: 2M requested, 32M(64M->32M) flushed
[12.857s][info][gc,phases   ] GC(9) Concurrent Mark 257.912ms
[12.860s][info][gc,phases   ] GC(9) Pause Mark End 0.214ms
[12.861s][info][gc,phases   ] GC(9) Concurrent Process Non-Strong References 1.525ms
[12.861s][info][gc,phases   ] GC(9) Concurrent Reset Relocation Set 0.250ms
[12.861s][info][gc,phases   ] GC(9) Concurrent Destroy Detached Pages 0.004ms
[12.863s][info][gc,phases   ] GC(9) Concurrent Select Relocation Set 1.589ms
[12.876s][info][gc,phases   ] GC(9) Concurrent Prepare Relocation Set 13.126ms
[12.878s][info][gc,phases   ] GC(9) Pause Relocate Start 1.820ms
[13.048s][info][gc,phases   ] GC(9) Concurrent Relocate 161.787ms
[13.049s][info][gc,load     ] GC(9) Load: 2.19/1.58/0.81
[13.049s][info][gc,mmu      ] GC(9) MMU: 2ms/0.0%, 5ms/8.2%, 10ms/54.1%, 20ms/77.1%, 50ms/90.8%, 100ms/93.7%
[13.049s][info][gc,marking  ] GC(9) Mark: 1 stripe(s), 2 proactive flush(es), 1 terminate flush(es), 0 completion(s), 0 continuation(s) 
[13.049s][info][gc,reloc    ] GC(9) Relocation: Successful, 35M relocated
[13.049s][info][gc,nmethod  ] GC(9) NMethods: 1850 registered, 0 unregistered
[13.049s][info][gc,metaspace] GC(9) Metaspace: 62M used, 65M capacity, 65M committed, 66M reserved
[13.049s][info][gc,ref      ] GC(9) Soft: 4282 encountered, 0 discovered, 0 enqueued
[13.049s][info][gc,ref      ] GC(9) Weak: 3556 encountered, 2559 discovered, 0 enqueued
[13.049s][info][gc,ref      ] GC(9) Final: 27 encountered, 0 discovered, 0 enqueued
[13.049s][info][gc,ref      ] GC(9) Phantom: 651 encountered, 647 discovered, 0 enqueued
[13.049s][info][gc,heap     ] GC(9)                Mark Start          Mark End        Relocate Start      Relocate End           High               Low         
[13.049s][info][gc,heap     ] GC(9)  Capacity:      724M (97%)         750M (100%)        750M (100%)        750M (100%)        750M (100%)        724M (97%)    
[13.049s][info][gc,heap     ] GC(9)   Reserve:       34M (5%)           34M (5%)           34M (5%)           34M (5%)           34M (5%)           34M (5%)     
[13.049s][info][gc,heap     ] GC(9)      Free:      298M (40%)          60M (8%)           54M (7%)          152M (20%)         298M (40%)          38M (5%)     
[13.049s][info][gc,heap     ] GC(9)      Used:      418M (56%)         656M (87%)         662M (88%)         564M (75%)         678M (90%)         418M (56%)    
[13.049s][info][gc,heap     ] GC(9)      Live:         -                80M (11%)          80M (11%)          80M (11%)            -                  -          
[13.049s][info][gc,heap     ] GC(9) Allocated:         -               238M (32%)         244M (33%)         480M (64%)            -                  -          
[13.049s][info][gc,heap     ] GC(9)   Garbage:         -               337M (45%)         337M (45%)          35M (5%)             -                  -          
[13.049s][info][gc,heap     ] GC(9) Reclaimed:         -                  -                 0M (0%)          302M (40%)            -                  -          
[13.049s][info][gc          ] GC(9) Garbage Collection (Allocation Rate) 418M(56%)->564M(75%)
[13.095s][info][gc,start    ] GC(10) Garbage Collection (Allocation Rate)
[13.099s][info][gc,phases   ] GC(10) Pause Mark Start 1.887ms
[13.103s][info][gc,heap     ] Page Cache Flushed: 2M requested, 32M(32M->0M) flushed
[13.338s][info][gc,phases   ] GC(10) Concurrent Mark 238.889ms
[13.338s][info][gc,phases   ] GC(10) Pause Mark End 0.273ms
[13.340s][info][gc,phases   ] GC(10) Concurrent Process Non-Strong References 1.306ms
[13.340s][info][gc,phases   ] GC(10) Concurrent Reset Relocation Set 0.494ms
[13.340s][info][gc,phases   ] GC(10) Concurrent Destroy Detached Pages 0.003ms
[13.342s][info][gc,heap     ] GC(10) Page Cache Flushed: 2M requested, 6M(6M->0M) flushed
[13.342s][info][gc          ] Allocation Stall (Executor task launch worker for task 0.0 in stage 0.0 (TID 0)) 211.038ms
[13.343s][info][gc          ] Allocation Stall (Spark Context Cleaner) 171.948ms
[13.345s][info][gc,phases   ] GC(10) Concurrent Select Relocation Set 4.837ms
[13.361s][info][gc,phases   ] GC(10) Concurrent Prepare Relocation Set 15.759ms
[13.363s][info][gc,phases   ] GC(10) Pause Relocate Start 1.728ms
[13.363s][info][gc          ] Allocation Stall (Executor task launch worker for task 0.0 in stage 0.0 (TID 0)) 18.021ms
[13.364s][info][gc          ] Allocation Stall (Executor task launch worker for task 0.0 in stage 0.0 (TID 0)) 0.316ms
[13.366s][info][gc          ] Allocation Stall (Executor task launch worker for task 0.0 in stage 0.0 (TID 0)) 1.890ms
[13.374s][info][gc          ] Allocation Stall (Executor task launch worker for task 0.0 in stage 0.0 (TID 0)) 5.235ms
[13.387s][info][gc          ] Allocation Stall (Executor task launch worker for task 0.0 in stage 0.0 (TID 0)) 5.383ms
[13.638s][info][gc,phases   ] GC(10) Concurrent Relocate 275.603ms
[13.638s][info][gc,load     ] GC(10) Load: 2.19/1.58/0.81
[13.638s][info][gc,mmu      ] GC(10) MMU: 2ms/0.0%, 5ms/8.2%, 10ms/54.1%, 20ms/77.1%, 50ms/90.8%, 100ms/93.7%
[13.638s][info][gc,marking  ] GC(10) Mark: 1 stripe(s), 2 proactive flush(es), 1 terminate flush(es), 0 completion(s), 0 continuation(s) 
[13.638s][info][gc,reloc    ] GC(10) Relocation: Successful, 54M relocated
[13.638s][info][gc,nmethod  ] GC(10) NMethods: 1867 registered, 0 unregistered
[13.638s][info][gc,metaspace] GC(10) Metaspace: 62M used, 65M capacity, 65M committed, 66M reserved
[13.638s][info][gc,ref      ] GC(10) Soft: 4282 encountered, 0 discovered, 0 enqueued
[13.638s][info][gc,ref      ] GC(10) Weak: 3556 encountered, 2559 discovered, 0 enqueued
[13.638s][info][gc,ref      ] GC(10) Final: 27 encountered, 0 discovered, 0 enqueued
[13.638s][info][gc,ref      ] GC(10) Phantom: 651 encountered, 647 discovered, 0 enqueued
[13.638s][info][gc,heap     ] GC(10)                Mark Start          Mark End        Relocate Start      Relocate End           High               Low         
[13.638s][info][gc,heap     ] GC(10)  Capacity:      750M (100%)        750M (100%)        750M (100%)        750M (100%)        750M (100%)        750M (100%)   
[13.638s][info][gc,heap     ] GC(10)   Reserve:       34M (5%)           34M (5%)           34M (5%)           34M (5%)           34M (5%)           32M (4%)     
[13.638s][info][gc,heap     ] GC(10)      Free:       32M (4%)            0M (0%)            0M (0%)          162M (22%)         162M (22%)           0M (0%)     
[13.638s][info][gc,heap     ] GC(10)      Used:      684M (91%)         716M (95%)         716M (95%)         554M (74%)         718M (96%)         554M (74%)    
[13.638s][info][gc,heap     ] GC(10)      Live:         -               129M (17%)         129M (17%)         129M (17%)            -                  -          
[13.638s][info][gc,heap     ] GC(10) Allocated:         -                32M (4%)           40M (5%)          442M (59%)            -                  -          
[13.639s][info][gc,heap     ] GC(10)   Garbage:         -               554M (74%)         548M (73%)          32M (4%)             -                  -          
[13.639s][info][gc,heap     ] GC(10) Reclaimed:         -                  -                 6M (1%)          522M (70%)            -                  -          
[13.639s][info][gc          ] GC(10) Garbage Collection (Allocation Rate) 684M(91%)->554M(74%)
[13.639s][info][gc,heap     ] Page Cache Flushed: 18M requested, 18M(164M->146M) flushed
[13.695s][info][gc,start    ] GC(11) Garbage Collection (Allocation Rate)
[13.701s][info][gc,phases   ] GC(11) Pause Mark Start 4.055ms
[13.967s][info][gc,phases   ] GC(11) Concurrent Mark 266.027ms
[13.968s][info][gc,phases   ] GC(11) Pause Mark End 0.203ms
[13.969s][info][gc,phases   ] GC(11) Concurrent Process Non-Strong References 1.106ms
[13.970s][info][gc,phases   ] GC(11) Concurrent Reset Relocation Set 0.866ms
[13.970s][info][gc,phases   ] GC(11) Concurrent Destroy Detached Pages 0.008ms
[13.971s][info][gc          ] Allocation Stall (Executor task launch worker for task 0.0 in stage 0.0 (TID 0)) 200.692ms
[13.972s][info][gc,heap     ] Page Cache Flushed: 2M requested, 10M(10M->0M) flushed
[13.974s][info][gc,phases   ] GC(11) Concurrent Select Relocation Set 4.368ms
[13.985s][info][gc,phases   ] GC(11) Concurrent Prepare Relocation Set 10.622ms
[13.987s][info][gc,phases   ] GC(11) Pause Relocate Start 1.711ms
[13.987s][info][gc          ] Allocation Stall (Executor task launch worker for task 0.0 in stage 0.0 (TID 0)) 6.237ms
[13.988s][info][gc          ] Allocation Stall (Executor task launch worker for task 0.0 in stage 0.0 (TID 0)) 0.370ms
[13.989s][info][gc          ] Allocation Stall (Executor task launch worker for task 0.0 in stage 0.0 (TID 0)) 0.383ms
[13.995s][info][gc          ] Allocation Stall (Executor task launch worker for task 0.0 in stage 0.0 (TID 0)) 4.599ms
[14.006s][info][gc          ] Allocation Stall (Executor task launch worker for task 0.0 in stage 0.0 (TID 0)) 4.953ms
[14.236s][info][gc,phases   ] GC(11) Concurrent Relocate 249.280ms
[14.236s][info][gc,load     ] GC(11) Load: 2.19/1.58/0.81
[14.236s][info][gc,mmu      ] GC(11) MMU: 2ms/0.0%, 5ms/8.2%, 10ms/54.1%, 20ms/77.1%, 50ms/90.8%, 100ms/93.7%
[14.236s][info][gc,marking  ] GC(11) Mark: 1 stripe(s), 2 proactive flush(es), 1 terminate flush(es), 0 completion(s), 0 continuation(s) 
[14.236s][info][gc,reloc    ] GC(11) Relocation: Successful, 45M relocated
[14.236s][info][gc,nmethod  ] GC(11) NMethods: 1876 registered, 0 unregistered
[14.236s][info][gc,metaspace] GC(11) Metaspace: 62M used, 65M capacity, 65M committed, 66M reserved
[14.236s][info][gc,ref      ] GC(11) Soft: 4282 encountered, 0 discovered, 0 enqueued
[14.236s][info][gc,ref      ] GC(11) Weak: 3556 encountered, 2557 discovered, 0 enqueued
[14.236s][info][gc,ref      ] GC(11) Final: 27 encountered, 0 discovered, 0 enqueued
[14.236s][info][gc,ref      ] GC(11) Phantom: 651 encountered, 647 discovered, 0 enqueued
[14.236s][info][gc,heap     ] GC(11)                Mark Start          Mark End        Relocate Start      Relocate End           High               Low         
[14.236s][info][gc,heap     ] GC(11)  Capacity:      750M (100%)        750M (100%)        750M (100%)        750M (100%)        750M (100%)        750M (100%)   
[14.236s][info][gc,heap     ] GC(11)   Reserve:       34M (5%)           34M (5%)           34M (5%)           34M (5%)           34M (5%)           32M (4%)     
[14.236s][info][gc,heap     ] GC(11)      Free:       90M (12%)           0M (0%)            0M (0%)          128M (17%)         142M (19%)           0M (0%)     
[14.236s][info][gc,heap     ] GC(11)      Used:      626M (83%)         716M (95%)         716M (95%)         588M (78%)         718M (96%)         574M (77%)    
[14.236s][info][gc,heap     ] GC(11)      Live:         -               173M (23%)         173M (23%)         173M (23%)            -                  -          
[14.236s][info][gc,heap     ] GC(11) Allocated:         -                90M (12%)         100M (13%)         420M (56%)            -                  -          
[14.236s][info][gc,heap     ] GC(11)   Garbage:         -               452M (60%)         442M (59%)          32M (4%)             -                  -          
[14.236s][info][gc,heap     ] GC(11) Reclaimed:         -                  -                10M (1%)          420M (56%)            -                  -          
[14.236s][info][gc          ] GC(11) Garbage Collection (Allocation Rate) 626M(83%)->588M(78%)
[14.288s][info][gc,start    ] GC(12) Garbage Collection (Allocation Stall)
[14.288s][info][gc,ref      ] GC(12) Clearing All Soft References
[14.290s][info][gc,phases   ] GC(12) Pause Mark Start 1.899ms
[14.551s][info][gc,phases   ] GC(12) Concurrent Mark 261.097ms
[14.552s][info][gc,phases   ] GC(12) Pause Mark End 0.269ms
[14.553s][info][gc,phases   ] GC(12) Concurrent Process Non-Strong References 1.482ms
[14.555s][info][gc,phases   ] GC(12) Concurrent Reset Relocation Set 0.772ms
[14.555s][info][gc,phases   ] GC(12) Concurrent Destroy Detached Pages 0.003ms
[14.557s][info][gc,phases   ] GC(12) Concurrent Select Relocation Set 1.928ms
[14.564s][info][gc,phases   ] GC(12) Concurrent Prepare Relocation Set 7.032ms
[14.566s][info][gc,phases   ] GC(12) Pause Relocate Start 1.701ms
[14.567s][info][gc          ] Allocation Stall (Executor task launch worker for task 0.0 in stage 0.0 (TID 0)) 278.453ms
[14.568s][info][gc          ] Allocation Stall (Spark Context Cleaner) 218.318ms
[14.568s][info][gc          ] Allocation Stall (RemoteBlock-temp-file-clean-thread) 180.667ms
[14.568s][info][gc          ] Allocation Stall (Executor task launch worker for task 0.0 in stage 0.0 (TID 0)) 0.975ms
[14.570s][info][gc          ] Allocation Stall (Executor task launch worker for task 0.0 in stage 0.0 (TID 0)) 0.469ms
[14.571s][info][gc          ] Allocation Stall (Executor task launch worker for task 0.0 in stage 0.0 (TID 0)) 0.433ms
[14.572s][info][gc          ] Allocation Stall (Executor task launch worker for task 0.0 in stage 0.0 (TID 0)) 0.430ms
[14.579s][info][gc          ] Allocation Stall (Executor task launch worker for task 0.0 in stage 0.0 (TID 0)) 6.395ms
[14.617s][info][gc,heap     ] Page Cache Flushed: 12M requested, 12M(20M->8M) flushed
[14.899s][info][gc,phases   ] GC(12) Concurrent Relocate 332.838ms
[14.899s][info][gc,load     ] GC(12) Load: 2.19/1.58/0.81
[14.899s][info][gc,mmu      ] GC(12) MMU: 2ms/0.0%, 5ms/8.2%, 10ms/54.1%, 20ms/77.1%, 50ms/90.8%, 100ms/93.7%
[14.899s][info][gc,marking  ] GC(12) Mark: 1 stripe(s), 2 proactive flush(es), 1 terminate flush(es), 0 completion(s), 0 continuation(s) 
[14.899s][info][gc,reloc    ] GC(12) Relocation: Successful, 53M relocated
[14.899s][info][gc,nmethod  ] GC(12) NMethods: 1914 registered, 0 unregistered
[14.899s][info][gc,metaspace] GC(12) Metaspace: 63M used, 66M capacity, 66M committed, 68M reserved
[14.899s][info][gc,ref      ] GC(12) Soft: 4256 encountered, 2673 discovered, 2209 enqueued
[14.899s][info][gc,ref      ] GC(12) Weak: 3556 encountered, 2805 discovered, 0 enqueued
[14.899s][info][gc,ref      ] GC(12) Final: 27 encountered, 0 discovered, 0 enqueued
[14.899s][info][gc,ref      ] GC(12) Phantom: 651 encountered, 647 discovered, 0 enqueued
[14.899s][info][gc,heap     ] GC(12)                Mark Start          Mark End        Relocate Start      Relocate End           High               Low         
[14.899s][info][gc,heap     ] GC(12)  Capacity:      750M (100%)        750M (100%)        750M (100%)        750M (100%)        750M (100%)        750M (100%)   
[14.899s][info][gc,heap     ] GC(12)   Reserve:       34M (5%)           34M (5%)           34M (5%)           34M (5%)           34M (5%)           32M (4%)     
[14.899s][info][gc,heap     ] GC(12)      Free:        0M (0%)            0M (0%)            0M (0%)          370M (49%)         370M (49%)           0M (0%)     
[14.899s][info][gc,heap     ] GC(12)      Used:      716M (95%)         716M (95%)         716M (95%)         346M (46%)         718M (96%)         346M (46%)    
[14.899s][info][gc,heap     ] GC(12)      Live:         -               210M (28%)         210M (28%)         210M (28%)            -                  -          
[14.899s][info][gc,heap     ] GC(12) Allocated:         -                 0M (0%)            0M (0%)          150M (20%)            -                  -          
[14.899s][info][gc,heap     ] GC(12)   Garbage:         -               505M (67%)         505M (67%)          41M (6%)             -                  -          
[14.899s][info][gc,heap     ] GC(12) Reclaimed:         -                  -                 0M (0%)          464M (62%)            -                  -          
[14.899s][info][gc          ] GC(12) Garbage Collection (Allocation Stall) 716M(95%)->346M(46%)
[14.995s][info][gc,start    ] GC(13) Garbage Collection (Allocation Rate)
[14.997s][info][gc,phases   ] GC(13) Pause Mark Start 1.972ms
[15.018s][info][gc,heap     ] Page Cache Flushed: 32M requested, 32M(364M->332M) flushed
[15.241s][info][gc,heap     ] Page Cache Flushed: 6M requested, 6M(322M->316M) flushed
[15.852s][info][gc,phases   ] GC(13) Concurrent Mark 854.710ms
[15.856s][info][gc,phases   ] GC(13) Pause Mark End 0.359ms
[15.860s][info][gc,phases   ] GC(13) Concurrent Process Non-Strong References 3.947ms
[15.863s][info][gc,phases   ] GC(13) Concurrent Reset Relocation Set 1.106ms
[15.863s][info][gc,phases   ] GC(13) Concurrent Destroy Detached Pages 0.021ms
[15.864s][info][gc,phases   ] GC(13) Concurrent Select Relocation Set 1.559ms
[15.866s][info][gc,phases   ] GC(13) Concurrent Prepare Relocation Set 1.261ms
[15.870s][info][gc,phases   ] GC(13) Pause Relocate Start 1.986ms
[15.973s][info][gc,phases   ] GC(13) Concurrent Relocate 84.353ms
[15.973s][info][gc,load     ] GC(13) Load: 2.25/1.60/0.82
[15.973s][info][gc,mmu      ] GC(13) MMU: 2ms/0.0%, 5ms/8.2%, 10ms/54.1%, 20ms/77.1%, 50ms/90.8%, 100ms/93.7%
[15.973s][info][gc,marking  ] GC(13) Mark: 1 stripe(s), 2 proactive flush(es), 1 terminate flush(es), 0 completion(s), 0 continuation(s) 
[15.973s][info][gc,reloc    ] GC(13) Relocation: Successful, 20M relocated
[15.973s][info][gc,nmethod  ] GC(13) NMethods: 2072 registered, 0 unregistered
[15.973s][info][gc,metaspace] GC(13) Metaspace: 65M used, 68M capacity, 68M committed, 70M reserved
[15.973s][info][gc,ref      ] GC(13) Soft: 2272 encountered, 0 discovered, 0 enqueued
[15.973s][info][gc,ref      ] GC(13) Weak: 3978 encountered, 3023 discovered, 166 enqueued
[15.973s][info][gc,ref      ] GC(13) Final: 27 encountered, 0 discovered, 0 enqueued
[15.973s][info][gc,ref      ] GC(13) Phantom: 773 encountered, 625 discovered, 123 enqueued
[15.973s][info][gc,heap     ] GC(13)                Mark Start          Mark End        Relocate Start      Relocate End           High               Low         
[15.973s][info][gc,heap     ] GC(13)  Capacity:      750M (100%)        750M (100%)        750M (100%)        750M (100%)        750M (100%)        750M (100%)   
[15.973s][info][gc,heap     ] GC(13)   Reserve:       34M (5%)           34M (5%)           34M (5%)           34M (5%)           34M (5%)           34M (5%)     
[15.973s][info][gc,heap     ] GC(13)      Free:      364M (49%)         278M (37%)         296M (39%)         374M (50%)         374M (50%)         278M (37%)    
[15.973s][info][gc,heap     ] GC(13)      Used:      352M (47%)         438M (58%)         420M (56%)         342M (46%)         438M (58%)         342M (46%)    
[15.973s][info][gc,heap     ] GC(13)      Live:         -               212M (28%)         212M (28%)         212M (28%)            -                  -          
[15.973s][info][gc,heap     ] GC(13) Allocated:         -                86M (11%)          86M (11%)         110M (15%)            -                  -          
[15.973s][info][gc,heap     ] GC(13)   Garbage:         -               139M (19%)         121M (16%)          33M (4%)             -                  -          
[15.973s][info][gc,heap     ] GC(13) Reclaimed:         -                  -                18M (2%)          106M (14%)            -                  -          
[15.973s][info][gc          ] GC(13) Garbage Collection (Allocation Rate) 352M(47%)->342M(46%)
[15.995s][info][gc,start    ] GC(14) Garbage Collection (Allocation Rate)
[16.000s][info][gc,phases   ] GC(14) Pause Mark Start 2.074ms
[16.743s][info][gc,phases   ] GC(14) Concurrent Mark 742.490ms
[16.745s][info][gc,phases   ] GC(14) Pause Mark End 0.214ms
[16.747s][info][gc,phases   ] GC(14) Concurrent Process Non-Strong References 1.809ms
[16.747s][info][gc,phases   ] GC(14) Concurrent Reset Relocation Set 0.168ms
[16.747s][info][gc,phases   ] GC(14) Concurrent Destroy Detached Pages 0.000ms
[16.749s][info][gc,phases   ] GC(14) Concurrent Select Relocation Set 1.513ms
[16.749s][info][gc,phases   ] GC(14) Concurrent Prepare Relocation Set 0.032ms
[16.751s][info][gc,phases   ] GC(14) Pause Relocate Start 1.834ms
[16.760s][info][gc,phases   ] GC(14) Concurrent Relocate 6.069ms
[16.760s][info][gc,load     ] GC(14) Load: 2.25/1.60/0.82
[16.760s][info][gc,mmu      ] GC(14) MMU: 2ms/0.0%, 5ms/8.2%, 10ms/54.1%, 20ms/77.1%, 50ms/90.8%, 100ms/93.7%
[16.760s][info][gc,marking  ] GC(14) Mark: 1 stripe(s), 2 proactive flush(es), 1 terminate flush(es), 0 completion(s), 0 continuation(s) 
[16.760s][info][gc,reloc    ] GC(14) Relocation: Successful, 9M relocated
[16.760s][info][gc,nmethod  ] GC(14) NMethods: 2139 registered, 0 unregistered
[16.760s][info][gc,metaspace] GC(14) Metaspace: 65M used, 68M capacity, 68M committed, 70M reserved
[16.760s][info][gc,ref      ] GC(14) Soft: 2573 encountered, 0 discovered, 0 enqueued
[16.760s][info][gc,ref      ] GC(14) Weak: 4204 encountered, 3151 discovered, 99 enqueued
[16.760s][info][gc,ref      ] GC(14) Final: 27 encountered, 0 discovered, 0 enqueued
[16.760s][info][gc,ref      ] GC(14) Phantom: 742 encountered, 735 discovered, 92 enqueued
[16.760s][info][gc,heap     ] GC(14)                Mark Start          Mark End        Relocate Start      Relocate End           High               Low         
[16.760s][info][gc,heap     ] GC(14)  Capacity:      750M (100%)        750M (100%)        750M (100%)        750M (100%)        750M (100%)        750M (100%)   
[16.760s][info][gc,heap     ] GC(14)   Reserve:       34M (5%)           34M (5%)           34M (5%)           34M (5%)           34M (5%)           34M (5%)     
[16.760s][info][gc,heap     ] GC(14)      Free:      370M (49%)         262M (35%)         326M (43%)         356M (47%)         370M (49%)         262M (35%)    
[16.760s][info][gc,heap     ] GC(14)      Used:      346M (46%)         454M (61%)         390M (52%)         360M (48%)         454M (61%)         346M (46%)    
[16.760s][info][gc,heap     ] GC(14)      Live:         -               213M (29%)         213M (29%)         213M (29%)            -                  -          
[16.760s][info][gc,heap     ] GC(14) Allocated:         -               108M (14%)         108M (14%)         118M (16%)            -                  -          
[16.760s][info][gc,heap     ] GC(14)   Garbage:         -               132M (18%)          68M (9%)           32M (4%)             -                  -          
[16.760s][info][gc,heap     ] GC(14) Reclaimed:         -                  -                64M (9%)          100M (13%)            -                  -          
[16.761s][info][gc          ] GC(14) Garbage Collection (Allocation Rate) 346M(46%)->360M(48%)
[16.795s][info][gc,start    ] GC(15) Garbage Collection (Allocation Rate)
[16.800s][info][gc,phases   ] GC(15) Pause Mark Start 2.126ms
[17.183s][info][gc,heap     ] Page Cache Flushed: 2M requested, 18M(56M->38M) flushed
[17.212s][info][gc,heap     ] Page Cache Flushed: 2M requested, 6M(38M->32M) flushed
[17.215s][info][gc,heap     ] Page Cache Flushed: 2M requested, 32M(32M->0M) flushed
[17.305s][info][gc,phases   ] GC(15) Concurrent Mark 505.003ms
[17.305s][info][gc,phases   ] GC(15) Pause Mark End 0.246ms
[17.306s][info][gc,phases   ] GC(15) Concurrent Process Non-Strong References 1.403ms
[17.306s][info][gc,phases   ] GC(15) Concurrent Reset Relocation Set 0.004ms
[17.306s][info][gc,phases   ] GC(15) Concurrent Destroy Detached Pages 0.003ms
[17.307s][info][gc          ] Allocation Stall (Executor task launch worker for task 0.0 in stage 1.0 (TID 1)) 43.085ms
[17.312s][info][gc,phases   ] GC(15) Concurrent Select Relocation Set 5.464ms
[17.312s][info][gc,phases   ] GC(15) Concurrent Prepare Relocation Set 0.004ms
[17.316s][info][gc,phases   ] GC(15) Pause Relocate Start 1.752ms
[17.323s][info][gc,phases   ] GC(15) Concurrent Relocate 6.861ms
[17.323s][info][gc,load     ] GC(15) Load: 2.25/1.60/0.82
[17.323s][info][gc,mmu      ] GC(15) MMU: 2ms/0.0%, 5ms/8.2%, 10ms/54.1%, 20ms/77.1%, 50ms/90.8%, 100ms/93.7%
[17.323s][info][gc,marking  ] GC(15) Mark: 1 stripe(s), 2 proactive flush(es), 1 terminate flush(es), 0 completion(s), 0 continuation(s) 
[17.323s][info][gc,reloc    ] GC(15) Relocation: Successful, 7M relocated
[17.323s][info][gc,nmethod  ] GC(15) NMethods: 2182 registered, 0 unregistered
[17.323s][info][gc,metaspace] GC(15) Metaspace: 65M used, 68M capacity, 68M committed, 70M reserved
[17.323s][info][gc,ref      ] GC(15) Soft: 2573 encountered, 0 discovered, 0 enqueued
[17.323s][info][gc,ref      ] GC(15) Weak: 4105 encountered, 3055 discovered, 0 enqueued
[17.323s][info][gc,ref      ] GC(15) Final: 27 encountered, 0 discovered, 0 enqueued
[17.323s][info][gc,ref      ] GC(15) Phantom: 650 encountered, 646 discovered, 0 enqueued
[17.323s][info][gc,heap     ] GC(15)                Mark Start          Mark End        Relocate Start      Relocate End           High               Low         
[17.323s][info][gc,heap     ] GC(15)  Capacity:      750M (100%)        750M (100%)        750M (100%)        750M (100%)        750M (100%)        750M (100%)   
[17.323s][info][gc,heap     ] GC(15)   Reserve:       34M (5%)           34M (5%)           34M (5%)           34M (5%)           34M (5%)           34M (5%)     
[17.323s][info][gc,heap     ] GC(15)      Free:      330M (44%)           0M (0%)          110M (15%)         112M (15%)         330M (44%)           0M (0%)     
[17.323s][info][gc,heap     ] GC(15)      Used:      386M (51%)         716M (95%)         606M (81%)         604M (81%)         716M (95%)         386M (51%)    
[17.323s][info][gc,heap     ] GC(15)      Live:         -               213M (29%)         213M (29%)         213M (29%)            -                  -          
[17.323s][info][gc,heap     ] GC(15) Allocated:         -               330M (44%)         342M (46%)         360M (48%)            -                  -          
[17.323s][info][gc,heap     ] GC(15)   Garbage:         -               172M (23%)          50M (7%)           32M (4%)             -                  -          
[17.323s][info][gc,heap     ] GC(15) Reclaimed:         -                  -               122M (16%)         140M (19%)            -                  -          
[17.323s][info][gc          ] GC(15) Garbage Collection (Allocation Rate) 386M(51%)->604M(81%)
[17.370s][info][gc,start    ] GC(16) Garbage Collection (Allocation Stall)
[17.370s][info][gc,ref      ] GC(16) Clearing All Soft References
[17.372s][info][gc,phases   ] GC(16) Pause Mark Start 2.102ms
[17.579s][info][gc,phases   ] GC(16) Concurrent Mark 206.870ms
[17.579s][info][gc,phases   ] GC(16) Pause Mark End 0.205ms
[17.581s][info][gc,phases   ] GC(16) Concurrent Process Non-Strong References 1.386ms
[17.581s][info][gc,phases   ] GC(16) Concurrent Reset Relocation Set 0.002ms
[17.581s][info][gc,phases   ] GC(16) Concurrent Destroy Detached Pages 0.000ms
[17.582s][info][gc,phases   ] GC(16) Concurrent Select Relocation Set 1.634ms
[17.583s][info][gc          ] Allocation Stall (Executor task launch worker for task 0.0 in stage 1.0 (TID 1)) 213.036ms
[17.586s][info][gc          ] Allocation Stall (Spark Context Cleaner) 138.779ms
[17.586s][info][gc          ] Allocation Stall (RemoteBlock-temp-file-clean-thread) 16.635ms
[17.586s][info][gc,phases   ] GC(16) Concurrent Prepare Relocation Set 4.123ms
[17.590s][info][gc,phases   ] GC(16) Pause Relocate Start 1.909ms
[17.601s][info][gc,phases   ] GC(16) Concurrent Relocate 10.023ms
[17.601s][info][gc,load     ] GC(16) Load: 2.25/1.60/0.82
[17.601s][info][gc,mmu      ] GC(16) MMU: 2ms/0.0%, 5ms/8.2%, 10ms/54.1%, 20ms/77.1%, 50ms/90.8%, 100ms/93.7%
[17.601s][info][gc,marking  ] GC(16) Mark: 1 stripe(s), 2 proactive flush(es), 1 terminate flush(es), 0 completion(s), 0 continuation(s) 
[17.601s][info][gc,reloc    ] GC(16) Relocation: Successful, 10M relocated
[17.601s][info][gc,nmethod  ] GC(16) NMethods: 2182 registered, 0 unregistered
[17.601s][info][gc,metaspace] GC(16) Metaspace: 65M used, 68M capacity, 68M committed, 70M reserved
[17.601s][info][gc,ref      ] GC(16) Soft: 2568 encountered, 970 discovered, 452 enqueued
[17.601s][info][gc,ref      ] GC(16) Weak: 4105 encountered, 3291 discovered, 1 enqueued
[17.601s][info][gc,ref      ] GC(16) Final: 27 encountered, 0 discovered, 0 enqueued
[17.601s][info][gc,ref      ] GC(16) Phantom: 650 encountered, 646 discovered, 0 enqueued
[17.601s][info][gc,heap     ] GC(16)                Mark Start          Mark End        Relocate Start      Relocate End           High               Low         
[17.601s][info][gc,heap     ] GC(16)  Capacity:      750M (100%)        750M (100%)        750M (100%)        750M (100%)        750M (100%)        750M (100%)   
[17.601s][info][gc,heap     ] GC(16)   Reserve:       34M (5%)           34M (5%)           34M (5%)           34M (5%)           34M (5%)           34M (5%)     
[17.601s][info][gc,heap     ] GC(16)      Free:        0M (0%)            0M (0%)          448M (60%)         454M (61%)         454M (61%)           0M (0%)     
[17.601s][info][gc,heap     ] GC(16)      Used:      716M (95%)         716M (95%)         268M (36%)         262M (35%)         716M (95%)         262M (35%)    
[17.601s][info][gc,heap     ] GC(16)      Live:         -               211M (28%)         211M (28%)         211M (28%)            -                  -          
[17.601s][info][gc,heap     ] GC(16) Allocated:         -                 0M (0%)           16M (2%)           28M (4%)             -                  -          
[17.601s][info][gc,heap     ] GC(16)   Garbage:         -               504M (67%)          44M (6%)           32M (4%)             -                  -          
[17.601s][info][gc,heap     ] GC(16) Reclaimed:         -                  -               460M (61%)         472M (63%)            -                  -          
[17.601s][info][gc          ] GC(16) Garbage Collection (Allocation Stall) 716M(95%)->262M(35%)
[17.695s][info][gc,start    ] GC(17) Garbage Collection (Allocation Rate)
[17.699s][info][gc,phases   ] GC(17) Pause Mark Start 2.136ms
[18.006s][info][gc,phases   ] GC(17) Concurrent Mark 306.428ms
[18.006s][info][gc,phases   ] GC(17) Pause Mark End 0.206ms
[18.008s][info][gc,phases   ] GC(17) Concurrent Process Non-Strong References 1.448ms
[18.008s][info][gc,phases   ] GC(17) Concurrent Reset Relocation Set 0.003ms
[18.008s][info][gc,phases   ] GC(17) Concurrent Destroy Detached Pages 0.000ms
[18.009s][info][gc,phases   ] GC(17) Concurrent Select Relocation Set 1.526ms
[18.009s][info][gc,phases   ] GC(17) Concurrent Prepare Relocation Set 0.012ms
[18.011s][info][gc,phases   ] GC(17) Pause Relocate Start 1.754ms
[18.011s][info][gc          ] Allocation Stall (Executor task launch worker for task 0.0 in stage 1.0 (TID 1)) 111.387ms
[18.016s][info][gc,phases   ] GC(17) Concurrent Relocate 1.187ms
[18.016s][info][gc,load     ] GC(17) Load: 2.25/1.60/0.82
[18.016s][info][gc,mmu      ] GC(17) MMU: 2ms/0.0%, 5ms/8.2%, 10ms/54.1%, 20ms/77.1%, 50ms/90.8%, 100ms/93.7%
[18.016s][info][gc,marking  ] GC(17) Mark: 1 stripe(s), 2 proactive flush(es), 1 terminate flush(es), 0 completion(s), 0 continuation(s) 
[18.016s][info][gc,reloc    ] GC(17) Relocation: Successful, 6M relocated
[18.016s][info][gc,nmethod  ] GC(17) NMethods: 2183 registered, 0 unregistered
[18.016s][info][gc,metaspace] GC(17) Metaspace: 65M used, 68M capacity, 68M committed, 70M reserved
[18.016s][info][gc,ref      ] GC(17) Soft: 2116 encountered, 0 discovered, 0 enqueued
[18.016s][info][gc,ref      ] GC(17) Weak: 4104 encountered, 3140 discovered, 0 enqueued
[18.016s][info][gc,ref      ] GC(17) Final: 27 encountered, 0 discovered, 0 enqueued
[18.016s][info][gc,ref      ] GC(17) Phantom: 650 encountered, 646 discovered, 0 enqueued
[18.016s][info][gc,heap     ] GC(17)                Mark Start          Mark End        Relocate Start      Relocate End           High               Low         
[18.016s][info][gc,heap     ] GC(17)  Capacity:      750M (100%)        750M (100%)        750M (100%)        750M (100%)        750M (100%)        750M (100%)   
[18.016s][info][gc,heap     ] GC(17)   Reserve:       34M (5%)           34M (5%)           34M (5%)           34M (5%)           34M (5%)           34M (5%)     
[18.016s][info][gc,heap     ] GC(17)      Free:      244M (33%)           0M (0%)          218M (29%)         218M (29%)         244M (33%)           0M (0%)     
[18.016s][info][gc,heap     ] GC(17)      Used:      472M (63%)         716M (95%)         498M (66%)         498M (66%)         716M (95%)         472M (63%)    
[18.016s][info][gc,heap     ] GC(17)      Live:         -               211M (28%)         211M (28%)         211M (28%)            -                  -          
[18.016s][info][gc,heap     ] GC(17) Allocated:         -               244M (33%)         246M (33%)         256M (34%)            -                  -          
[18.016s][info][gc,heap     ] GC(17)   Garbage:         -               260M (35%)          40M (5%)           32M (4%)             -                  -          
[18.016s][info][gc,heap     ] GC(17) Reclaimed:         -                  -               220M (29%)         228M (30%)            -                  -          
[18.016s][info][gc          ] GC(17) Garbage Collection (Allocation Rate) 472M(63%)->498M(66%)
[18.095s][info][gc,start    ] GC(18) Garbage Collection (Allocation Rate)
[18.099s][info][gc,phases   ] GC(18) Pause Mark Start 2.117ms
[18.331s][info][gc,phases   ] GC(18) Concurrent Mark 232.291ms
[18.332s][info][gc,phases   ] GC(18) Pause Mark End 0.206ms
[18.337s][info][gc,phases   ] GC(18) Concurrent Process Non-Strong References 5.333ms
[18.337s][info][gc,phases   ] GC(18) Concurrent Reset Relocation Set 0.003ms
[18.337s][info][gc,phases   ] GC(18) Concurrent Destroy Detached Pages 0.001ms
[18.339s][info][gc,phases   ] GC(18) Concurrent Select Relocation Set 1.591ms
[18.339s][info][gc,phases   ] GC(18) Concurrent Prepare Relocation Set 0.013ms
[18.341s][info][gc,phases   ] GC(18) Pause Relocate Start 1.670ms
[18.341s][info][gc          ] Allocation Stall (Spark Context Cleaner) 150.305ms
[18.341s][info][gc          ] Allocation Stall (Executor task launch worker for task 0.0 in stage 1.0 (TID 1)) 188.128ms
[18.348s][info][gc,phases   ] GC(18) Concurrent Relocate 1.168ms
[18.348s][info][gc,load     ] GC(18) Load: 2.25/1.60/0.82
[18.348s][info][gc,mmu      ] GC(18) MMU: 2ms/0.0%, 5ms/8.2%, 10ms/54.1%, 20ms/77.1%, 50ms/90.8%, 100ms/93.7%
[18.348s][info][gc,marking  ] GC(18) Mark: 1 stripe(s), 2 proactive flush(es), 1 terminate flush(es), 0 completion(s), 0 continuation(s) 
[18.348s][info][gc,reloc    ] GC(18) Relocation: Successful, 6M relocated
[18.348s][info][gc,nmethod  ] GC(18) NMethods: 2183 registered, 0 unregistered
[18.348s][info][gc,metaspace] GC(18) Metaspace: 65M used, 68M capacity, 68M committed, 70M reserved
[18.348s][info][gc,ref      ] GC(18) Soft: 2116 encountered, 0 discovered, 0 enqueued
[18.348s][info][gc,ref      ] GC(18) Weak: 4104 encountered, 3140 discovered, 0 enqueued
[18.348s][info][gc,ref      ] GC(18) Final: 27 encountered, 0 discovered, 0 enqueued
[18.348s][info][gc,ref      ] GC(18) Phantom: 650 encountered, 646 discovered, 0 enqueued
[18.348s][info][gc,heap     ] GC(18)                Mark Start          Mark End        Relocate Start      Relocate End           High               Low         
[18.348s][info][gc,heap     ] GC(18)  Capacity:      750M (100%)        750M (100%)        750M (100%)        750M (100%)        750M (100%)        750M (100%)   
[18.348s][info][gc,heap     ] GC(18)   Reserve:       34M (5%)           34M (5%)           34M (5%)           34M (5%)           34M (5%)           34M (5%)     
[18.348s][info][gc,heap     ] GC(18)      Free:       62M (8%)            0M (0%)          398M (53%)         396M (53%)         400M (53%)           0M (0%)     
[18.348s][info][gc,heap     ] GC(18)      Used:      654M (87%)         716M (95%)         318M (42%)         320M (43%)         716M (95%)         316M (42%)    
[18.348s][info][gc,heap     ] GC(18)      Live:         -               211M (28%)         211M (28%)         211M (28%)            -                  -          
[18.348s][info][gc,heap     ] GC(18) Allocated:         -                62M (8%)           66M (9%)           80M (11%)            -                  -          
[18.348s][info][gc,heap     ] GC(18)   Garbage:         -               442M (59%)          40M (5%)           32M (4%)             -                  -          
[18.348s][info][gc,heap     ] GC(18) Reclaimed:         -                  -               402M (54%)         410M (55%)            -                  -          
[18.348s][info][gc          ] GC(18) Garbage Collection (Allocation Rate) 654M(87%)->320M(43%)
[18.395s][info][gc,start    ] GC(19) Garbage Collection (Allocation Rate)
[18.399s][info][gc,phases   ] GC(19) Pause Mark Start 2.108ms
[18.771s][info][gc,phases   ] GC(19) Concurrent Mark 371.967ms
[18.771s][info][gc,phases   ] GC(19) Pause Mark End 0.207ms
[18.773s][info][gc,phases   ] GC(19) Concurrent Process Non-Strong References 1.310ms
[18.773s][info][gc,phases   ] GC(19) Concurrent Reset Relocation Set 0.002ms
[18.773s][info][gc,phases   ] GC(19) Concurrent Destroy Detached Pages 0.000ms
[18.774s][info][gc,phases   ] GC(19) Concurrent Select Relocation Set 1.517ms
[18.774s][info][gc,phases   ] GC(19) Concurrent Prepare Relocation Set 0.013ms
[18.776s][info][gc,phases   ] GC(19) Pause Relocate Start 1.705ms
[18.776s][info][gc          ] Allocation Stall (Executor task launch worker for task 0.0 in stage 1.0 (TID 1)) 80.310ms
[18.784s][info][gc,phases   ] GC(19) Concurrent Relocate 5.061ms
[18.784s][info][gc,load     ] GC(19) Load: 2.25/1.60/0.82
[18.784s][info][gc,mmu      ] GC(19) MMU: 2ms/0.0%, 5ms/8.2%, 10ms/54.1%, 20ms/77.1%, 50ms/90.8%, 100ms/93.7%
[18.784s][info][gc,marking  ] GC(19) Mark: 1 stripe(s), 2 proactive flush(es), 1 terminate flush(es), 0 completion(s), 0 continuation(s) 
[18.784s][info][gc,reloc    ] GC(19) Relocation: Successful, 6M relocated
[18.784s][info][gc,nmethod  ] GC(19) NMethods: 2183 registered, 0 unregistered
[18.784s][info][gc,metaspace] GC(19) Metaspace: 65M used, 68M capacity, 68M committed, 70M reserved
[18.784s][info][gc,ref      ] GC(19) Soft: 2116 encountered, 0 discovered, 0 enqueued
[18.784s][info][gc,ref      ] GC(19) Weak: 4104 encountered, 3140 discovered, 0 enqueued
[18.784s][info][gc,ref      ] GC(19) Final: 27 encountered, 0 discovered, 0 enqueued
[18.784s][info][gc,ref      ] GC(19) Phantom: 650 encountered, 646 discovered, 0 enqueued
[18.784s][info][gc,heap     ] GC(19)                Mark Start          Mark End        Relocate Start      Relocate End           High               Low         
[18.784s][info][gc,heap     ] GC(19)  Capacity:      750M (100%)        750M (100%)        750M (100%)        750M (100%)        750M (100%)        750M (100%)   
[18.784s][info][gc,heap     ] GC(19)   Reserve:       34M (5%)           34M (5%)           34M (5%)           34M (5%)           34M (5%)           34M (5%)     
[18.784s][info][gc,heap     ] GC(19)      Free:      296M (39%)           0M (0%)          166M (22%)         158M (21%)         296M (39%)           0M (0%)     
[18.784s][info][gc,heap     ] GC(19)      Used:      420M (56%)         716M (95%)         550M (73%)         558M (74%)         716M (95%)         420M (56%)    
[18.784s][info][gc,heap     ] GC(19)      Live:         -               211M (28%)         211M (28%)         211M (28%)            -                  -          
[18.784s][info][gc,heap     ] GC(19) Allocated:         -               296M (39%)         298M (40%)         316M (42%)            -                  -          
[18.784s][info][gc,heap     ] GC(19)   Garbage:         -               208M (28%)          40M (5%)           32M (4%)             -                  -          
[18.784s][info][gc,heap     ] GC(19) Reclaimed:         -                  -               168M (22%)         176M (23%)            -                  -          
[18.784s][info][gc          ] GC(19) Garbage Collection (Allocation Rate) 420M(56%)->558M(74%)
[18.795s][info][gc,start    ] GC(20) Garbage Collection (Allocation Rate)
[18.799s][info][gc,phases   ] GC(20) Pause Mark Start 2.099ms
[19.114s][info][gc,phases   ] GC(20) Concurrent Mark 314.477ms
[19.114s][info][gc,phases   ] GC(20) Pause Mark End 0.205ms
[19.116s][info][gc,phases   ] GC(20) Concurrent Process Non-Strong References 1.330ms
[19.116s][info][gc,phases   ] GC(20) Concurrent Reset Relocation Set 0.002ms
[19.116s][info][gc,phases   ] GC(20) Concurrent Destroy Detached Pages 0.000ms
[19.117s][info][gc,phases   ] GC(20) Concurrent Select Relocation Set 1.531ms
[19.117s][info][gc,phases   ] GC(20) Concurrent Prepare Relocation Set 0.013ms
[19.119s][info][gc,phases   ] GC(20) Pause Relocate Start 1.733ms
[19.119s][info][gc          ] Allocation Stall (Executor task launch worker for task 0.0 in stage 1.0 (TID 1)) 155.738ms
[19.124s][info][gc,phases   ] GC(20) Concurrent Relocate 1.173ms
[19.124s][info][gc,load     ] GC(20) Load: 2.25/1.60/0.82
[19.124s][info][gc,mmu      ] GC(20) MMU: 2ms/0.0%, 5ms/8.2%, 10ms/54.1%, 20ms/77.1%, 50ms/90.8%, 100ms/93.7%
[19.124s][info][gc,marking  ] GC(20) Mark: 1 stripe(s), 2 proactive flush(es), 1 terminate flush(es), 0 completion(s), 0 continuation(s) 
[19.124s][info][gc,reloc    ] GC(20) Relocation: Successful, 6M relocated
[19.124s][info][gc,nmethod  ] GC(20) NMethods: 2183 registered, 0 unregistered
[19.124s][info][gc,metaspace] GC(20) Metaspace: 65M used, 68M capacity, 68M committed, 70M reserved
[19.124s][info][gc,ref      ] GC(20) Soft: 2116 encountered, 0 discovered, 0 enqueued
[19.124s][info][gc,ref      ] GC(20) Weak: 4104 encountered, 3140 discovered, 0 enqueued
[19.124s][info][gc,ref      ] GC(20) Final: 27 encountered, 0 discovered, 0 enqueued
[19.124s][info][gc,ref      ] GC(20) Phantom: 650 encountered, 646 discovered, 0 enqueued
[19.124s][info][gc,heap     ] GC(20)                Mark Start          Mark End        Relocate Start      Relocate End           High               Low         
[19.124s][info][gc,heap     ] GC(20)  Capacity:      750M (100%)        750M (100%)        750M (100%)        750M (100%)        750M (100%)        750M (100%)   
[19.124s][info][gc,heap     ] GC(20)   Reserve:       34M (5%)           34M (5%)           34M (5%)           34M (5%)           34M (5%)           34M (5%)     
[19.124s][info][gc,heap     ] GC(20)      Free:      130M (17%)           0M (0%)          332M (44%)         332M (44%)         332M (44%)           0M (0%)     
[19.124s][info][gc,heap     ] GC(20)      Used:      586M (78%)         716M (95%)         384M (51%)         384M (51%)         716M (95%)         384M (51%)    
[19.124s][info][gc,heap     ] GC(20)      Live:         -               211M (28%)         211M (28%)         211M (28%)            -                  -          
[19.124s][info][gc,heap     ] GC(20) Allocated:         -               130M (17%)         132M (18%)         142M (19%)            -                  -          
[19.124s][info][gc,heap     ] GC(20)   Garbage:         -               374M (50%)          40M (5%)           32M (4%)             -                  -          
[19.124s][info][gc,heap     ] GC(20) Reclaimed:         -                  -               334M (45%)         342M (46%)            -                  -          
[19.124s][info][gc          ] GC(20) Garbage Collection (Allocation Rate) 586M(78%)->384M(51%)
[19.195s][info][gc,start    ] GC(21) Garbage Collection (Allocation Rate)
[19.199s][info][gc,phases   ] GC(21) Pause Mark Start 2.140ms
[19.470s][info][gc,phases   ] GC(21) Concurrent Mark 270.838ms
[19.470s][info][gc,phases   ] GC(21) Pause Mark End 0.274ms
[19.472s][info][gc,phases   ] GC(21) Concurrent Process Non-Strong References 1.295ms
[19.472s][info][gc,phases   ] GC(21) Concurrent Reset Relocation Set 0.002ms
[19.472s][info][gc,phases   ] GC(21) Concurrent Destroy Detached Pages 0.000ms
[19.473s][info][gc          ] Allocation Stall (Executor task launch worker for task 0.0 in stage 1.0 (TID 1)) 133.814ms
[19.479s][info][gc,phases   ] GC(21) Concurrent Select Relocation Set 7.434ms
[19.479s][info][gc,phases   ] GC(21) Concurrent Prepare Relocation Set 0.015ms
[19.483s][info][gc,phases   ] GC(21) Pause Relocate Start 1.693ms
[19.484s][info][gc,phases   ] GC(21) Concurrent Relocate 1.148ms
[19.484s][info][gc,load     ] GC(21) Load: 2.25/1.60/0.82
[19.484s][info][gc,mmu      ] GC(21) MMU: 2ms/0.0%, 5ms/8.2%, 10ms/54.1%, 20ms/77.1%, 50ms/90.8%, 100ms/93.7%
[19.484s][info][gc,marking  ] GC(21) Mark: 1 stripe(s), 2 proactive flush(es), 1 terminate flush(es), 0 completion(s), 0 continuation(s) 
[19.484s][info][gc,reloc    ] GC(21) Relocation: Successful, 6M relocated
[19.484s][info][gc,nmethod  ] GC(21) NMethods: 2183 registered, 0 unregistered
[19.484s][info][gc,metaspace] GC(21) Metaspace: 65M used, 68M capacity, 68M committed, 70M reserved
[19.484s][info][gc,ref      ] GC(21) Soft: 2116 encountered, 0 discovered, 0 enqueued
[19.484s][info][gc,ref      ] GC(21) Weak: 4104 encountered, 3140 discovered, 0 enqueued
[19.484s][info][gc,ref      ] GC(21) Final: 27 encountered, 0 discovered, 0 enqueued
[19.484s][info][gc,ref      ] GC(21) Phantom: 650 encountered, 646 discovered, 0 enqueued
[19.484s][info][gc,heap     ] GC(21)                Mark Start          Mark End        Relocate Start      Relocate End           High               Low         
[19.484s][info][gc,heap     ] GC(21)  Capacity:      750M (100%)        750M (100%)        750M (100%)        750M (100%)        750M (100%)        750M (100%)   
[19.484s][info][gc,heap     ] GC(21)   Reserve:       34M (5%)           34M (5%)           34M (5%)           34M (5%)           34M (5%)           34M (5%)     
[19.484s][info][gc,heap     ] GC(21)      Free:      166M (22%)           0M (0%)          280M (37%)         288M (38%)         296M (39%)           0M (0%)     
[19.484s][info][gc,heap     ] GC(21)      Used:      550M (73%)         716M (95%)         436M (58%)         428M (57%)         716M (95%)         420M (56%)    
[19.484s][info][gc,heap     ] GC(21)      Live:         -               211M (28%)         211M (28%)         211M (28%)            -                  -          
[19.484s][info][gc,heap     ] GC(21) Allocated:         -               166M (22%)         184M (25%)         186M (25%)            -                  -          
[19.484s][info][gc,heap     ] GC(21)   Garbage:         -               338M (45%)          40M (5%)           32M (4%)             -                  -          
[19.484s][info][gc,heap     ] GC(21) Reclaimed:         -                  -               298M (40%)         306M (41%)            -                  -          
[19.484s][info][gc          ] GC(21) Garbage Collection (Allocation Rate) 550M(73%)->428M(57%)
[19.495s][info][gc,start    ] GC(22) Garbage Collection (Allocation Rate)
[19.500s][info][gc,phases   ] GC(22) Pause Mark Start 3.129ms
[19.857s][info][gc,phases   ] GC(22) Concurrent Mark 356.498ms
[19.857s][info][gc,phases   ] GC(22) Pause Mark End 0.218ms
[19.858s][info][gc,phases   ] GC(22) Concurrent Process Non-Strong References 1.467ms
[19.859s][info][gc,phases   ] GC(22) Concurrent Reset Relocation Set 0.003ms
[19.859s][info][gc,phases   ] GC(22) Concurrent Destroy Detached Pages 0.001ms
[19.860s][info][gc,phases   ] GC(22) Concurrent Select Relocation Set 1.584ms
[19.860s][info][gc,phases   ] GC(22) Concurrent Prepare Relocation Set 0.020ms
[19.862s][info][gc,phases   ] GC(22) Pause Relocate Start 1.734ms
[19.862s][info][gc          ] Allocation Stall (Executor task launch worker for task 0.0 in stage 1.0 (TID 1)) 122.154ms
[19.868s][info][gc,phases   ] GC(22) Concurrent Relocate 1.223ms
[19.868s][info][gc,load     ] GC(22) Load: 2.25/1.60/0.82
[19.868s][info][gc,mmu      ] GC(22) MMU: 2ms/0.0%, 5ms/8.2%, 10ms/54.1%, 20ms/75.9%, 50ms/89.8%, 100ms/93.7%
[19.868s][info][gc,marking  ] GC(22) Mark: 1 stripe(s), 2 proactive flush(es), 1 terminate flush(es), 0 completion(s), 0 continuation(s) 
[19.868s][info][gc,reloc    ] GC(22) Relocation: Successful, 6M relocated
[19.868s][info][gc,nmethod  ] GC(22) NMethods: 2183 registered, 0 unregistered
[19.868s][info][gc,metaspace] GC(22) Metaspace: 65M used, 68M capacity, 68M committed, 70M reserved
[19.868s][info][gc,ref      ] GC(22) Soft: 2116 encountered, 0 discovered, 0 enqueued
[19.868s][info][gc,ref      ] GC(22) Weak: 4104 encountered, 3140 discovered, 0 enqueued
[19.868s][info][gc,ref      ] GC(22) Final: 27 encountered, 0 discovered, 0 enqueued
[19.868s][info][gc,ref      ] GC(22) Phantom: 650 encountered, 646 discovered, 0 enqueued
[19.868s][info][gc,heap     ] GC(22)                Mark Start          Mark End        Relocate Start      Relocate End           High               Low         
[19.868s][info][gc,heap     ] GC(22)  Capacity:      750M (100%)        750M (100%)        750M (100%)        750M (100%)        750M (100%)        750M (100%)   
[19.868s][info][gc,heap     ] GC(22)   Reserve:       34M (5%)           34M (5%)           34M (5%)           34M (5%)           34M (5%)           34M (5%)     
[19.868s][info][gc,heap     ] GC(22)      Free:      262M (35%)           0M (0%)          204M (27%)         198M (26%)         262M (35%)           0M (0%)     
[19.868s][info][gc,heap     ] GC(22)      Used:      454M (61%)         716M (95%)         512M (68%)         518M (69%)         716M (95%)         454M (61%)    
[19.868s][info][gc,heap     ] GC(22)      Live:         -               211M (28%)         211M (28%)         211M (28%)            -                  -          
[19.868s][info][gc,heap     ] GC(22) Allocated:         -               262M (35%)         264M (35%)         276M (37%)            -                  -          
[19.868s][info][gc,heap     ] GC(22)   Garbage:         -               242M (32%)          36M (5%)           32M (4%)             -                  -          
[19.868s][info][gc,heap     ] GC(22) Reclaimed:         -                  -               206M (27%)         210M (28%)            -                  -          
[19.868s][info][gc          ] GC(22) Garbage Collection (Allocation Rate) 454M(61%)->518M(69%)
[19.895s][info][gc,start    ] GC(23) Garbage Collection (Allocation Rate)
[19.900s][info][gc,phases   ] GC(23) Pause Mark Start 2.119ms
[20.095s][info][gc,stats    ] === Garbage Collection Statistics =======================================================================================================================
[20.095s][info][gc,stats    ]                                                              Last 10s              Last 10m              Last 10h                Total
[20.095s][info][gc,stats    ]                                                              Avg / Max             Avg / Max             Avg / Max             Avg / Max
[20.095s][info][gc,stats    ]   Collector: Garbage Collection Cycle                    443.102 / 977.889     406.181 / 1030.215    406.181 / 1030.215    406.181 / 1030.215    ms
[20.095s][info][gc,stats    ]  Contention: Mark Segment Reset Contention                     0 / 0                 0 / 0                 0 / 0                 0 / 0           ops/s
[20.095s][info][gc,stats    ]  Contention: Mark SeqNum Reset Contention                      0 / 0                 0 / 0                 0 / 0                 0 / 0           ops/s
[20.095s][info][gc,stats    ]  Contention: Relocation Contention                             0 / 2                 0 / 12                0 / 12                0 / 12          ops/s
[20.095s][info][gc,stats    ]    Critical: Allocation Stall                             83.456 / 278.453      83.456 / 278.453      83.456 / 278.453      83.456 / 278.453     ms
[20.095s][info][gc,stats    ]    Critical: Allocation Stall                                  3 / 13                1 / 13                1 / 13                1 / 13          ops/s
[20.095s][info][gc,stats    ]    Critical: GC Locker Stall                               0.000 / 0.000         1.632 / 1.632         1.632 / 1.632         1.632 / 1.632       ms
[20.095s][info][gc,stats    ]    Critical: GC Locker Stall                                   0 / 0                 0 / 1                 0 / 1                 0 / 1           ops/s
[20.095s][info][gc,stats    ]      Memory: Allocation Rate                                 521 / 936             324 / 936             324 / 936             324 / 936         MB/s
[20.095s][info][gc,stats    ]      Memory: Heap Used After Mark                            630 / 716             525 / 716             525 / 716             525 / 716         MB
[20.095s][info][gc,stats    ]      Memory: Heap Used After Relocation                      417 / 604             340 / 604             340 / 604             340 / 604         MB
[20.095s][info][gc,stats    ]      Memory: Heap Used Before Mark                           500 / 716             424 / 716             424 / 716             424 / 716         MB
[20.095s][info][gc,stats    ]      Memory: Heap Used Before Relocation                     489 / 716             418 / 716             418 / 716             418 / 716         MB
[20.095s][info][gc,stats    ]      Memory: Out Of Memory                                     0 / 0                 0 / 0                 0 / 0                 0 / 0           ops/s
[20.095s][info][gc,stats    ]      Memory: Page Cache Flush                                 20 / 66               10 / 66               10 / 66               10 / 66          MB/s
[20.095s][info][gc,stats    ]      Memory: Page Cache Hit L1                               257 / 450             146 / 450             146 / 450             146 / 450         ops/s
[20.095s][info][gc,stats    ]      Memory: Page Cache Hit L2                                 0 / 0                 0 / 0                 0 / 0                 0 / 0           ops/s
[20.095s][info][gc,stats    ]      Memory: Page Cache Miss                                   8 / 27               18 / 135              18 / 135              18 / 135         ops/s
[20.095s][info][gc,stats    ]      Memory: Undo Object Allocation Failed                     0 / 0                 0 / 0                 0 / 0                 0 / 0           ops/s
[20.095s][info][gc,stats    ]      Memory: Undo Object Allocation Succeeded                  0 / 2                 0 / 12                0 / 12                0 / 12          ops/s
[20.095s][info][gc,stats    ]      Memory: Undo Page Allocation                              0 / 2                 0 / 2                 0 / 2                 0 / 2           ops/s
[20.095s][info][gc,stats    ]       Phase: Concurrent Destroy Detached Pages             0.003 / 0.021         0.002 / 0.021         0.002 / 0.021         0.002 / 0.021       ms
[20.095s][info][gc,stats    ]       Phase: Concurrent Mark                             342.287 / 854.710     296.505 / 854.710     296.505 / 854.710     296.505 / 854.710     ms
[20.095s][info][gc,stats    ]       Phase: Concurrent Mark Continue                      0.000 / 0.000         0.000 / 0.000         0.000 / 0.000         0.000 / 0.000       ms
[20.095s][info][gc,stats    ]       Phase: Concurrent Prepare Relocation Set             4.361 / 17.698        3.960 / 17.698        3.960 / 17.698        3.960 / 17.698      ms
[20.095s][info][gc,stats    ]       Phase: Concurrent Process Non-Strong References      1.826 / 5.333         1.825 / 6.273         1.825 / 6.273         1.825 / 6.273       ms
[20.095s][info][gc,stats    ]       Phase: Concurrent Relocate                          80.273 / 332.838      89.304 / 352.965      89.304 / 352.965      89.304 / 352.965     ms
[20.095s][info][gc,stats    ]       Phase: Concurrent Reset Relocation Set               0.230 / 1.106         0.220 / 1.106         0.220 / 1.106         0.220 / 1.106       ms
[20.095s][info][gc,stats    ]       Phase: Concurrent Select Relocation Set              2.584 / 7.434         2.687 / 9.835         2.687 / 9.835         2.687 / 9.835       ms
[20.095s][info][gc,stats    ]       Phase: Pause Mark End                                0.238 / 0.359         0.229 / 0.466         0.229 / 0.466         0.229 / 0.466       ms
[20.095s][info][gc,stats    ]       Phase: Pause Mark Start                              2.232 / 4.055         2.161 / 4.589         2.161 / 4.589         2.161 / 4.589       ms
[20.095s][info][gc,stats    ]       Phase: Pause Relocate Start                          1.798 / 2.410         1.740 / 2.752         1.740 / 2.752         1.740 / 2.752       ms
[20.095s][info][gc,stats    ]    Subphase: Concurrent Mark                             341.636 / 854.685     295.738 / 854.685     295.738 / 854.685     295.738 / 854.685     ms
[20.095s][info][gc,stats    ]    Subphase: Concurrent Mark Idle                          0.000 / 0.000         0.000 / 0.000         0.000 / 0.000         0.000 / 0.000       ms
[20.095s][info][gc,stats    ]    Subphase: Concurrent Mark Try Flush                     0.795 / 5.819         1.143 / 9.370         1.143 / 9.370         1.143 / 9.370       ms
[20.095s][info][gc,stats    ]    Subphase: Concurrent Mark Try Terminate                 0.429 / 5.822         0.458 / 5.822         0.458 / 5.822         0.458 / 5.822       ms
[20.095s][info][gc,stats    ]    Subphase: Concurrent References Enqueue                 0.001 / 0.004         0.002 / 0.004         0.002 / 0.004         0.002 / 0.004       ms
[20.095s][info][gc,stats    ]    Subphase: Concurrent References Process                 1.004 / 4.589         1.056 / 5.798         1.056 / 5.798         1.056 / 5.798       ms
[20.095s][info][gc,stats    ]    Subphase: Concurrent Weak Roots                         0.807 / 1.113         0.755 / 1.146         0.755 / 1.146         0.755 / 1.146       ms
[20.095s][info][gc,stats    ]    Subphase: Concurrent Weak Roots JNIWeakHandles          0.000 / 0.001         0.000 / 0.001         0.000 / 0.001         0.000 / 0.001       ms
[20.095s][info][gc,stats    ]    Subphase: Concurrent Weak Roots StringTable             0.603 / 0.825         0.575 / 0.934         0.575 / 0.934         0.575 / 0.934       ms
[20.095s][info][gc,stats    ]    Subphase: Concurrent Weak Roots VMWeakHandles           0.203 / 0.287         0.179 / 0.287         0.179 / 0.287         0.179 / 0.287       ms
[20.095s][info][gc,stats    ]    Subphase: Pause Mark Try Complete                       0.000 / 0.000         0.000 / 0.000         0.000 / 0.000         0.000 / 0.000       ms
[20.095s][info][gc,stats    ]    Subphase: Pause Remap TLABS                             0.001 / 0.002         0.001 / 0.002         0.001 / 0.002         0.001 / 0.002       ms
[20.095s][info][gc,stats    ]    Subphase: Pause Retire TLABS                            0.010 / 0.018         0.011 / 0.024         0.011 / 0.024         0.011 / 0.024       ms
[20.095s][info][gc,stats    ]    Subphase: Pause Roots                                   1.245 / 3.667         1.213 / 3.961         1.213 / 3.961         1.213 / 3.961       ms
[20.095s][info][gc,stats    ]    Subphase: Pause Roots ClassLoaderDataGraph              0.646 / 1.765         0.623 / 1.765         0.623 / 1.765         0.623 / 1.765       ms
[20.095s][info][gc,stats    ]    Subphase: Pause Roots CodeCache                         0.812 / 1.346         0.698 / 1.346         0.698 / 1.346         0.698 / 1.346       ms
[20.095s][info][gc,stats    ]    Subphase: Pause Roots JNIHandles                        0.001 / 0.002         0.001 / 0.006         0.001 / 0.006         0.001 / 0.006       ms
[20.095s][info][gc,stats    ]    Subphase: Pause Roots JNIWeakHandles                    0.000 / 0.000         0.000 / 0.000         0.000 / 0.000         0.000 / 0.000       ms
[20.095s][info][gc,stats    ]    Subphase: Pause Roots JRFWeak                           0.000 / 0.000         0.000 / 0.000         0.000 / 0.000         0.000 / 0.000       ms
[20.095s][info][gc,stats    ]    Subphase: Pause Roots JVMTIExport                       0.001 / 0.001         0.001 / 0.001         0.001 / 0.001         0.001 / 0.001       ms
[20.095s][info][gc,stats    ]    Subphase: Pause Roots JVMTIWeakExport                   0.001 / 0.001         0.001 / 0.001         0.001 / 0.001         0.001 / 0.001       ms
[20.095s][info][gc,stats    ]    Subphase: Pause Roots Management                        0.004 / 0.085         0.010 / 0.323         0.010 / 0.323         0.010 / 0.323       ms
[20.095s][info][gc,stats    ]    Subphase: Pause Roots ObjectSynchronizer                0.000 / 0.001         0.000 / 0.001         0.000 / 0.001         0.000 / 0.001       ms
[20.095s][info][gc,stats    ]    Subphase: Pause Roots Setup                             0.162 / 0.309         0.143 / 0.551         0.143 / 0.551         0.143 / 0.551       ms
[20.095s][info][gc,stats    ]    Subphase: Pause Roots StringTable                       0.000 / 0.000         0.000 / 0.000         0.000 / 0.000         0.000 / 0.000       ms
[20.095s][info][gc,stats    ]    Subphase: Pause Roots SystemDictionary                  0.013 / 0.032         0.014 / 0.070         0.014 / 0.070         0.014 / 0.070       ms
[20.095s][info][gc,stats    ]    Subphase: Pause Roots Teardown                          0.001 / 0.002         0.001 / 0.002         0.001 / 0.002         0.001 / 0.002       ms
[20.095s][info][gc,stats    ]    Subphase: Pause Roots Threads                           0.246 / 0.882         0.299 / 3.366         0.299 / 3.366         0.299 / 3.366       ms
[20.095s][info][gc,stats    ]    Subphase: Pause Roots Universe                          0.002 / 0.006         0.010 / 0.350         0.010 / 0.350         0.010 / 0.350       ms
[20.095s][info][gc,stats    ]    Subphase: Pause Roots VMWeakHandles                     0.000 / 0.000         0.000 / 0.000         0.000 / 0.000         0.000 / 0.000       ms
[20.095s][info][gc,stats    ]    Subphase: Pause Weak Roots                              0.002 / 0.002         0.002 / 0.012         0.002 / 0.012         0.002 / 0.012       ms
[20.095s][info][gc,stats    ]    Subphase: Pause Weak Roots JFRWeak                      0.001 / 0.001         0.001 / 0.001         0.001 / 0.001         0.001 / 0.001       ms
[20.095s][info][gc,stats    ]    Subphase: Pause Weak Roots JNIWeakHandles               0.000 / 0.000         0.000 / 0.000         0.000 / 0.000         0.000 / 0.000       ms
[20.095s][info][gc,stats    ]    Subphase: Pause Weak Roots JVMTIWeakExport              0.001 / 0.001         0.001 / 0.011         0.001 / 0.011         0.001 / 0.011       ms
[20.095s][info][gc,stats    ]    Subphase: Pause Weak Roots Setup                        0.000 / 0.000         0.000 / 0.000         0.000 / 0.000         0.000 / 0.000       ms
[20.095s][info][gc,stats    ]    Subphase: Pause Weak Roots StringTable                  0.000 / 0.000         0.000 / 0.000         0.000 / 0.000         0.000 / 0.000       ms
[20.095s][info][gc,stats    ]    Subphase: Pause Weak Roots SymbolTable                  0.000 / 0.000         0.000 / 0.000         0.000 / 0.000         0.000 / 0.000       ms
[20.095s][info][gc,stats    ]    Subphase: Pause Weak Roots Teardown                     0.001 / 0.010         0.001 / 0.010         0.001 / 0.010         0.001 / 0.010       ms
[20.095s][info][gc,stats    ]    Subphase: Pause Weak Roots VMWeakHandles                0.000 / 0.000         0.000 / 0.000         0.000 / 0.000         0.000 / 0.000       ms
[20.095s][info][gc,stats    ]      System: Java Threads                                     51 / 54               46 / 54               46 / 54               46 / 54          threads
[20.095s][info][gc,stats    ] =========================================================================================================================================================
[20.294s][info][gc,heap     ] Page Cache Flushed: 6M requested, 6M(6M->0M) flushed
[20.460s][info][gc,phases   ] GC(23) Concurrent Mark 560.502ms
[20.461s][info][gc,phases   ] GC(23) Pause Mark End 0.470ms
[20.462s][info][gc,phases   ] GC(23) Concurrent Process Non-Strong References 1.293ms
[20.462s][info][gc,phases   ] GC(23) Concurrent Reset Relocation Set 0.001ms
[20.462s][info][gc,phases   ] GC(23) Concurrent Destroy Detached Pages 0.004ms
[20.463s][info][gc          ] Allocation Stall (Executor task launch worker for task 0.0 in stage 2.0 (TID 2)) 128.650ms
[20.471s][info][gc,phases   ] GC(23) Concurrent Select Relocation Set 8.307ms
[20.471s][info][gc,phases   ] GC(23) Concurrent Prepare Relocation Set 0.017ms
[20.476s][info][gc,phases   ] GC(23) Pause Relocate Start 2.874ms
[20.487s][info][gc,phases   ] GC(23) Concurrent Relocate 11.155ms
[20.487s][info][gc,load     ] GC(23) Load: 2.25/1.60/0.82
[20.487s][info][gc,mmu      ] GC(23) MMU: 2ms/0.0%, 5ms/8.2%, 10ms/54.1%, 20ms/75.9%, 50ms/89.8%, 100ms/93.7%
[20.487s][info][gc,marking  ] GC(23) Mark: 1 stripe(s), 2 proactive flush(es), 1 terminate flush(es), 0 completion(s), 0 continuation(s) 
[20.487s][info][gc,reloc    ] GC(23) Relocation: Successful, 6M relocated
[20.487s][info][gc,nmethod  ] GC(23) NMethods: 2228 registered, 0 unregistered
[20.487s][info][gc,metaspace] GC(23) Metaspace: 66M used, 69M capacity, 69M committed, 70M reserved
[20.487s][info][gc,ref      ] GC(23) Soft: 2116 encountered, 0 discovered, 0 enqueued
[20.487s][info][gc,ref      ] GC(23) Weak: 4100 encountered, 3126 discovered, 0 enqueued
[20.487s][info][gc,ref      ] GC(23) Final: 27 encountered, 0 discovered, 0 enqueued
[20.487s][info][gc,ref      ] GC(23) Phantom: 650 encountered, 646 discovered, 0 enqueued
[20.487s][info][gc,heap     ] GC(23)                Mark Start          Mark End        Relocate Start      Relocate End           High               Low         
[20.487s][info][gc,heap     ] GC(23)  Capacity:      750M (100%)        750M (100%)        750M (100%)        750M (100%)        750M (100%)        750M (100%)   
[20.487s][info][gc,heap     ] GC(23)   Reserve:       34M (5%)           34M (5%)           34M (5%)           34M (5%)           34M (5%)           34M (5%)     
[20.487s][info][gc,heap     ] GC(23)      Free:      130M (17%)           0M (0%)          334M (45%)         340M (45%)         340M (45%)           0M (0%)     
[20.487s][info][gc,heap     ] GC(23)      Used:      586M (78%)         716M (95%)         382M (51%)         376M (50%)         716M (95%)         376M (50%)    
[20.487s][info][gc,heap     ] GC(23)      Live:         -               211M (28%)         211M (28%)         211M (28%)            -                  -          
[20.487s][info][gc,heap     ] GC(23) Allocated:         -               130M (17%)         132M (18%)         134M (18%)            -                  -          
[20.487s][info][gc,heap     ] GC(23)   Garbage:         -               374M (50%)          38M (5%)           32M (4%)             -                  -          
[20.487s][info][gc,heap     ] GC(23) Reclaimed:         -                  -               336M (45%)         342M (46%)            -                  -          
[20.487s][info][gc          ] GC(23) Garbage Collection (Allocation Rate) 586M(78%)->376M(50%)
[20.495s][info][gc,start    ] GC(24) Garbage Collection (Allocation Rate)
[20.499s][info][gc,phases   ] GC(24) Pause Mark Start 2.315ms
[21.126s][info][gc,phases   ] GC(24) Concurrent Mark 626.907ms
[21.126s][info][gc,phases   ] GC(24) Pause Mark End 0.282ms
[21.128s][info][gc,phases   ] GC(24) Concurrent Process Non-Strong References 1.378ms
[21.128s][info][gc,phases   ] GC(24) Concurrent Reset Relocation Set 0.004ms
[21.128s][info][gc,phases   ] GC(24) Concurrent Destroy Detached Pages 0.000ms
[21.130s][info][gc,phases   ] GC(24) Concurrent Select Relocation Set 1.510ms
[21.130s][info][gc,phases   ] GC(24) Concurrent Prepare Relocation Set 0.025ms
[21.132s][info][gc,phases   ] GC(24) Pause Relocate Start 2.224ms
[21.135s][info][gc,phases   ] GC(24) Concurrent Relocate 2.073ms
[21.135s][info][gc,load     ] GC(24) Load: 2.31/1.62/0.83
[21.135s][info][gc,mmu      ] GC(24) MMU: 2ms/0.0%, 5ms/8.2%, 10ms/54.1%, 20ms/75.9%, 50ms/88.7%, 100ms/93.7%
[21.135s][info][gc,marking  ] GC(24) Mark: 1 stripe(s), 2 proactive flush(es), 1 terminate flush(es), 0 completion(s), 0 continuation(s) 
[21.135s][info][gc,reloc    ] GC(24) Relocation: Successful, 8M relocated
[21.135s][info][gc,nmethod  ] GC(24) NMethods: 2290 registered, 0 unregistered
[21.135s][info][gc,metaspace] GC(24) Metaspace: 67M used, 71M capacity, 71M committed, 72M reserved
[21.135s][info][gc,ref      ] GC(24) Soft: 2474 encountered, 0 discovered, 0 enqueued
[21.135s][info][gc,ref      ] GC(24) Weak: 4342 encountered, 3355 discovered, 54 enqueued
[21.135s][info][gc,ref      ] GC(24) Final: 27 encountered, 0 discovered, 0 enqueued
[21.135s][info][gc,ref      ] GC(24) Phantom: 720 encountered, 529 discovered, 70 enqueued
[21.135s][info][gc,heap     ] GC(24)                Mark Start          Mark End        Relocate Start      Relocate End           High               Low         
[21.135s][info][gc,heap     ] GC(24)  Capacity:      750M (100%)        750M (100%)        750M (100%)        750M (100%)        750M (100%)        750M (100%)   
[21.135s][info][gc,heap     ] GC(24)   Reserve:       34M (5%)           34M (5%)           34M (5%)           34M (5%)           34M (5%)           34M (5%)     
[21.135s][info][gc,heap     ] GC(24)      Free:      340M (45%)         330M (44%)         448M (60%)         458M (61%)         458M (61%)         330M (44%)    
[21.135s][info][gc,heap     ] GC(24)      Used:      376M (50%)         386M (51%)         268M (36%)         258M (34%)         386M (51%)         258M (34%)    
[21.135s][info][gc,heap     ] GC(24)      Live:         -               213M (29%)         213M (29%)         213M (29%)            -                  -          
[21.135s][info][gc,heap     ] GC(24) Allocated:         -                10M (1%)           10M (1%)           12M (2%)             -                  -          
[21.135s][info][gc,heap     ] GC(24)   Garbage:         -               162M (22%)          44M (6%)           34M (5%)             -                  -          
[21.135s][info][gc,heap     ] GC(24) Reclaimed:         -                  -               118M (16%)         128M (17%)            -                  -          
[21.135s][info][gc          ] GC(24) Garbage Collection (Allocation Rate) 376M(50%)->258M(34%)
[21.135s][info][gc,start    ] GC(25) Garbage Collection (System.gc())
[21.139s][info][gc,phases   ] GC(25) Pause Mark Start 2.372ms
[21.420s][info][gc,phases   ] GC(25) Concurrent Mark 280.439ms
[21.420s][info][gc,phases   ] GC(25) Pause Mark End 0.235ms
[21.423s][info][gc,phases   ] GC(25) Concurrent Process Non-Strong References 2.256ms
[21.423s][info][gc,phases   ] GC(25) Concurrent Reset Relocation Set 0.002ms
[21.423s][info][gc,phases   ] GC(25) Concurrent Destroy Detached Pages 0.000ms
[21.426s][info][gc,phases   ] GC(25) Concurrent Select Relocation Set 3.112ms
[21.426s][info][gc,phases   ] GC(25) Concurrent Prepare Relocation Set 0.023ms
[21.437s][info][gc,phases   ] GC(25) Pause Relocate Start 2.907ms
[21.440s][info][gc,phases   ] GC(25) Concurrent Relocate 3.284ms
[21.440s][info][gc,load     ] GC(25) Load: 2.31/1.62/0.83
[21.440s][info][gc,mmu      ] GC(25) MMU: 2ms/0.0%, 5ms/8.2%, 10ms/54.0%, 20ms/75.6%, 50ms/88.7%, 100ms/93.7%
[21.440s][info][gc,marking  ] GC(25) Mark: 1 stripe(s), 2 proactive flush(es), 1 terminate flush(es), 0 completion(s), 0 continuation(s) 
[21.441s][info][gc,reloc    ] GC(25) Relocation: Successful, 8M relocated
[21.441s][info][gc,nmethod  ] GC(25) NMethods: 2294 registered, 0 unregistered
[21.441s][info][gc,metaspace] GC(25) Metaspace: 67M used, 71M capacity, 71M committed, 72M reserved
[21.441s][info][gc,ref      ] GC(25) Soft: 2526 encountered, 0 discovered, 0 enqueued
[21.441s][info][gc,ref      ] GC(25) Weak: 4463 encountered, 3423 discovered, 162 enqueued
[21.441s][info][gc,ref      ] GC(25) Final: 27 encountered, 0 discovered, 0 enqueued
[21.441s][info][gc,ref      ] GC(25) Phantom: 713 encountered, 613 discovered, 61 enqueued
[21.441s][info][gc,heap     ] GC(25)                Mark Start          Mark End        Relocate Start      Relocate End           High               Low         
[21.441s][info][gc,heap     ] GC(25)  Capacity:      750M (100%)        750M (100%)        750M (100%)        750M (100%)        750M (100%)        750M (100%)   
[21.441s][info][gc,heap     ] GC(25)   Reserve:       34M (5%)           34M (5%)           34M (5%)           34M (5%)           34M (5%)           34M (5%)     
[21.441s][info][gc,heap     ] GC(25)      Free:      458M (61%)         454M (61%)         454M (61%)         464M (62%)         464M (62%)         452M (60%)    
[21.441s][info][gc,heap     ] GC(25)      Used:      258M (34%)         262M (35%)         262M (35%)         252M (34%)         264M (35%)         252M (34%)    
[21.441s][info][gc,heap     ] GC(25)      Live:         -               214M (29%)         214M (29%)         214M (29%)            -                  -          
[21.441s][info][gc,heap     ] GC(25) Allocated:         -                 4M (1%)            4M (1%)            6M (1%)             -                  -          
[21.441s][info][gc,heap     ] GC(25)   Garbage:         -                43M (6%)           43M (6%)           33M (5%)             -                  -          
[21.441s][info][gc,heap     ] GC(25) Reclaimed:         -                  -                 0M (0%)           10M (1%)             -                  -          
[21.441s][info][gc          ] GC(25) Garbage Collection (System.gc()) 258M(34%)->252M(34%)
[21.467s][info][gc,heap     ] Page Cache Flushed: 32M requested, 32M(462M->430M) flushed
[21.582s][info][gc,heap     ] Page Cache Flushed: 6M requested, 6M(422M->416M) flushed
[21.782s][info][gc,heap     ] Page Cache Flushed: 6M requested, 6M(406M->400M) flushed
[22.895s][info][gc,start    ] GC(26) Garbage Collection (Allocation Rate)
[22.905s][info][gc,phases   ] GC(26) Pause Mark Start 2.355ms
[23.679s][info][gc,phases   ] GC(26) Concurrent Mark 773.725ms
[23.683s][info][gc,phases   ] GC(26) Pause Mark End 0.255ms
[23.688s][info][gc,phases   ] GC(26) Concurrent Process Non-Strong References 4.788ms
[23.689s][info][gc,phases   ] GC(26) Concurrent Reset Relocation Set 0.004ms
[23.689s][info][gc,phases   ] GC(26) Concurrent Destroy Detached Pages 0.051ms
[23.692s][info][gc,phases   ] GC(26) Concurrent Select Relocation Set 2.945ms
[23.692s][info][gc,phases   ] GC(26) Concurrent Prepare Relocation Set 0.041ms
[23.705s][info][gc,phases   ] GC(26) Pause Relocate Start 2.159ms
[23.713s][info][gc,phases   ] GC(26) Concurrent Relocate 7.368ms
[23.713s][info][gc,load     ] GC(26) Load: 2.31/1.62/0.83
[23.713s][info][gc,mmu      ] GC(26) MMU: 2ms/0.0%, 5ms/8.2%, 10ms/54.0%, 20ms/75.6%, 50ms/88.7%, 100ms/93.7%
[23.713s][info][gc,marking  ] GC(26) Mark: 1 stripe(s), 2 proactive flush(es), 1 terminate flush(es), 0 completion(s), 0 continuation(s) 
[23.713s][info][gc,reloc    ] GC(26) Relocation: Successful, 9M relocated
[23.713s][info][gc,nmethod  ] GC(26) NMethods: 2403 registered, 0 unregistered
[23.713s][info][gc,metaspace] GC(26) Metaspace: 68M used, 71M capacity, 72M committed, 74M reserved
[23.713s][info][gc,ref      ] GC(26) Soft: 2623 encountered, 0 discovered, 0 enqueued
[23.713s][info][gc,ref      ] GC(26) Weak: 4586 encountered, 3516 discovered, 115 enqueued
[23.713s][info][gc,ref      ] GC(26) Final: 27 encountered, 0 discovered, 0 enqueued
[23.713s][info][gc,ref      ] GC(26) Phantom: 697 encountered, 693 discovered, 44 enqueued
[23.713s][info][gc,heap     ] GC(26)                Mark Start          Mark End        Relocate Start      Relocate End           High               Low         
[23.713s][info][gc,heap     ] GC(26)  Capacity:      750M (100%)        750M (100%)        750M (100%)        750M (100%)        750M (100%)        750M (100%)   
[23.713s][info][gc,heap     ] GC(26)   Reserve:       34M (5%)           34M (5%)           34M (5%)           34M (5%)           34M (5%)           34M (5%)     
[23.713s][info][gc,heap     ] GC(26)      Free:      254M (34%)          86M (11%)         262M (35%)         290M (39%)         290M (39%)          82M (11%)    
[23.713s][info][gc,heap     ] GC(26)      Used:      462M (62%)         630M (84%)         454M (61%)         426M (57%)         634M (85%)         426M (57%)    
[23.713s][info][gc,heap     ] GC(26)      Live:         -               214M (29%)         214M (29%)         214M (29%)            -                  -          
[23.713s][info][gc,heap     ] GC(26) Allocated:         -               168M (22%)         176M (23%)         180M (24%)            -                  -          
[23.713s][info][gc,heap     ] GC(26)   Garbage:         -               247M (33%)          63M (8%)           33M (4%)             -                  -          
[23.713s][info][gc,heap     ] GC(26) Reclaimed:         -                  -               184M (25%)         214M (29%)            -                  -          
[23.713s][info][gc          ] GC(26) Garbage Collection (Allocation Rate) 462M(62%)->426M(57%)
[23.795s][info][gc,start    ] GC(27) Garbage Collection (Allocation Rate)
[23.802s][info][gc,phases   ] GC(27) Pause Mark Start 3.900ms
[24.154s][info][gc,heap     ] Page Cache Flushed: 2M requested, 6M(44M->38M) flushed
[24.171s][info][gc,heap     ] Page Cache Flushed: 2M requested, 6M(38M->32M) flushed
[24.180s][info][gc,heap     ] Page Cache Flushed: 2M requested, 32M(32M->0M) flushed
[24.300s][info][gc,phases   ] GC(27) Concurrent Mark 498.441ms
[24.301s][info][gc,phases   ] GC(27) Pause Mark End 0.473ms
[24.303s][info][gc,phases   ] GC(27) Concurrent Process Non-Strong References 1.614ms
[24.303s][info][gc,phases   ] GC(27) Concurrent Reset Relocation Set 0.004ms
[24.303s][info][gc,phases   ] GC(27) Concurrent Destroy Detached Pages 0.004ms
[24.304s][info][gc,phases   ] GC(27) Concurrent Select Relocation Set 1.516ms
[24.304s][info][gc,phases   ] GC(27) Concurrent Prepare Relocation Set 0.014ms
[24.306s][info][gc,phases   ] GC(27) Pause Relocate Start 1.951ms
[24.307s][info][gc          ] Allocation Stall (Executor task launch worker for task 0.0 in stage 4.0 (TID 4)) 73.220ms
[24.312s][info][gc,phases   ] GC(27) Concurrent Relocate 5.071ms
[24.312s][info][gc,load     ] GC(27) Load: 2.31/1.62/0.83
[24.312s][info][gc,mmu      ] GC(27) MMU: 2ms/0.0%, 5ms/8.2%, 10ms/54.0%, 20ms/75.6%, 50ms/88.7%, 100ms/93.7%
[24.312s][info][gc,marking  ] GC(27) Mark: 1 stripe(s), 2 proactive flush(es), 1 terminate flush(es), 0 completion(s), 0 continuation(s) 
[24.312s][info][gc,reloc    ] GC(27) Relocation: Successful, 7M relocated
[24.312s][info][gc,nmethod  ] GC(27) NMethods: 2419 registered, 0 unregistered
[24.312s][info][gc,metaspace] GC(27) Metaspace: 68M used, 72M capacity, 72M committed, 74M reserved
[24.312s][info][gc,ref      ] GC(27) Soft: 2623 encountered, 0 discovered, 0 enqueued
[24.312s][info][gc,ref      ] GC(27) Weak: 4479 encountered, 3422 discovered, 14 enqueued
[24.312s][info][gc,ref      ] GC(27) Final: 27 encountered, 0 discovered, 0 enqueued
[24.312s][info][gc,ref      ] GC(27) Phantom: 653 encountered, 649 discovered, 0 enqueued
[24.312s][info][gc,heap     ] GC(27)                Mark Start          Mark End        Relocate Start      Relocate End           High               Low         
[24.312s][info][gc,heap     ] GC(27)  Capacity:      750M (100%)        750M (100%)        750M (100%)        750M (100%)        750M (100%)        750M (100%)   
[24.312s][info][gc,heap     ] GC(27)   Reserve:       34M (5%)           34M (5%)           34M (5%)           34M (5%)           34M (5%)           34M (5%)     
[24.312s][info][gc,heap     ] GC(27)      Free:      242M (32%)           0M (0%)          210M (28%)         220M (29%)         242M (32%)           0M (0%)     
[24.312s][info][gc,heap     ] GC(27)      Used:      474M (63%)         716M (95%)         506M (67%)         496M (66%)         716M (95%)         474M (63%)    
[24.312s][info][gc,heap     ] GC(27)      Live:         -               214M (29%)         214M (29%)         214M (29%)            -                  -          
[24.312s][info][gc,heap     ] GC(27) Allocated:         -               242M (32%)         244M (33%)         250M (33%)            -                  -          
[24.312s][info][gc,heap     ] GC(27)   Garbage:         -               259M (35%)          47M (6%)           33M (4%)             -                  -          
[24.312s][info][gc,heap     ] GC(27) Reclaimed:         -                  -               212M (28%)         226M (30%)            -                  -          
[24.312s][info][gc          ] GC(27) Garbage Collection (Allocation Rate) 474M(63%)->496M(66%)
[24.396s][info][gc,start    ] GC(28) Garbage Collection (Allocation Rate)
[24.400s][info][gc,phases   ] GC(28) Pause Mark Start 2.321ms
[24.796s][info][gc,phases   ] GC(28) Concurrent Mark 395.454ms
[24.796s][info][gc,phases   ] GC(28) Pause Mark End 0.248ms
[24.798s][info][gc,phases   ] GC(28) Concurrent Process Non-Strong References 1.436ms
[24.798s][info][gc,phases   ] GC(28) Concurrent Reset Relocation Set 0.003ms
[24.798s][info][gc,phases   ] GC(28) Concurrent Destroy Detached Pages 0.000ms
[24.798s][info][gc          ] Allocation Stall (Executor task launch worker for task 0.0 in stage 4.0 (TID 4)) 243.727ms
[24.802s][info][gc          ] Allocation Stall (RemoteBlock-temp-file-clean-thread) 204.232ms
[24.803s][info][gc,phases   ] GC(28) Concurrent Select Relocation Set 5.546ms
[24.803s][info][gc,phases   ] GC(28) Concurrent Prepare Relocation Set 0.015ms
[24.807s][info][gc,phases   ] GC(28) Pause Relocate Start 2.049ms
[24.813s][info][gc,phases   ] GC(28) Concurrent Relocate 5.788ms
[24.813s][info][gc,load     ] GC(28) Load: 2.31/1.62/0.83
[24.813s][info][gc,mmu      ] GC(28) MMU: 2ms/0.0%, 5ms/8.2%, 10ms/54.0%, 20ms/75.6%, 50ms/88.7%, 100ms/93.7%
[24.813s][info][gc,marking  ] GC(28) Mark: 1 stripe(s), 2 proactive flush(es), 1 terminate flush(es), 0 completion(s), 0 continuation(s) 
[24.813s][info][gc,reloc    ] GC(28) Relocation: Successful, 7M relocated
[24.813s][info][gc,nmethod  ] GC(28) NMethods: 2419 registered, 0 unregistered
[24.813s][info][gc,metaspace] GC(28) Metaspace: 68M used, 72M capacity, 72M committed, 74M reserved
[24.813s][info][gc,ref      ] GC(28) Soft: 2623 encountered, 0 discovered, 0 enqueued
[24.813s][info][gc,ref      ] GC(28) Weak: 4465 encountered, 3404 discovered, 0 enqueued
[24.813s][info][gc,ref      ] GC(28) Final: 27 encountered, 0 discovered, 0 enqueued
[24.813s][info][gc,ref      ] GC(28) Phantom: 653 encountered, 649 discovered, 0 enqueued
[24.813s][info][gc,heap     ] GC(28)                Mark Start          Mark End        Relocate Start      Relocate End           High               Low         
[24.813s][info][gc,heap     ] GC(28)  Capacity:      750M (100%)        750M (100%)        750M (100%)        750M (100%)        750M (100%)        750M (100%)   
[24.813s][info][gc,heap     ] GC(28)   Reserve:       34M (5%)           34M (5%)           34M (5%)           34M (5%)           34M (5%)           34M (5%)     
[24.813s][info][gc,heap     ] GC(28)      Free:       98M (13%)           0M (0%)          358M (48%)         360M (48%)         360M (48%)           0M (0%)     
[24.813s][info][gc,heap     ] GC(28)      Used:      618M (82%)         716M (95%)         358M (48%)         356M (47%)         716M (95%)         356M (47%)    
[24.813s][info][gc,heap     ] GC(28)      Live:         -               214M (29%)         214M (29%)         214M (29%)            -                  -          
[24.813s][info][gc,heap     ] GC(28) Allocated:         -                98M (13%)         106M (14%)         112M (15%)            -                  -          
[24.813s][info][gc,heap     ] GC(28)   Garbage:         -               403M (54%)          39M (5%)           33M (4%)             -                  -          
[24.813s][info][gc,heap     ] GC(28) Reclaimed:         -                  -               364M (49%)         370M (49%)            -                  -          
[24.814s][info][gc          ] GC(28) Garbage Collection (Allocation Rate) 618M(82%)->356M(47%)
[24.896s][info][gc,start    ] GC(29) Garbage Collection (Allocation Rate)
[24.901s][info][gc,phases   ] GC(29) Pause Mark Start 2.365ms
[25.608s][info][gc,phases   ] GC(29) Concurrent Mark 707.540ms
[25.609s][info][gc,phases   ] GC(29) Pause Mark End 0.249ms
[25.610s][info][gc,phases   ] GC(29) Concurrent Process Non-Strong References 1.419ms
[25.610s][info][gc,phases   ] GC(29) Concurrent Reset Relocation Set 0.002ms
[25.610s][info][gc,phases   ] GC(29) Concurrent Destroy Detached Pages 0.001ms
[25.610s][info][gc          ] Allocation Stall (Executor task launch worker for task 0.0 in stage 4.0 (TID 4)) 36.766ms
[25.617s][info][gc,phases   ] GC(29) Concurrent Select Relocation Set 6.592ms
[25.617s][info][gc,phases   ] GC(29) Concurrent Prepare Relocation Set 0.015ms
[25.621s][info][gc,phases   ] GC(29) Pause Relocate Start 1.920ms
[25.628s][info][gc,phases   ] GC(29) Concurrent Relocate 6.914ms
[25.628s][info][gc,load     ] GC(29) Load: 2.31/1.62/0.83
[25.628s][info][gc,mmu      ] GC(29) MMU: 2ms/0.0%, 5ms/8.2%, 10ms/54.0%, 20ms/75.6%, 50ms/88.7%, 100ms/93.7%
[25.628s][info][gc,marking  ] GC(29) Mark: 1 stripe(s), 2 proactive flush(es), 1 terminate flush(es), 0 completion(s), 0 continuation(s) 
[25.628s][info][gc,reloc    ] GC(29) Relocation: Successful, 7M relocated
[25.628s][info][gc,nmethod  ] GC(29) NMethods: 2419 registered, 0 unregistered
[25.628s][info][gc,metaspace] GC(29) Metaspace: 68M used, 72M capacity, 72M committed, 74M reserved
[25.628s][info][gc,ref      ] GC(29) Soft: 2623 encountered, 0 discovered, 0 enqueued
[25.628s][info][gc,ref      ] GC(29) Weak: 4465 encountered, 3404 discovered, 0 enqueued
[25.628s][info][gc,ref      ] GC(29) Final: 27 encountered, 0 discovered, 0 enqueued
[25.628s][info][gc,ref      ] GC(29) Phantom: 653 encountered, 649 discovered, 0 enqueued
[25.628s][info][gc,heap     ] GC(29)                Mark Start          Mark End        Relocate Start      Relocate End           High               Low         
[25.628s][info][gc,heap     ] GC(29)  Capacity:      750M (100%)        750M (100%)        750M (100%)        750M (100%)        750M (100%)        750M (100%)   
[25.628s][info][gc,heap     ] GC(29)   Reserve:       34M (5%)           34M (5%)           34M (5%)           34M (5%)           34M (5%)           34M (5%)     
[25.628s][info][gc,heap     ] GC(29)      Free:      266M (35%)           0M (0%)          188M (25%)         186M (25%)         266M (35%)           0M (0%)     
[25.628s][info][gc,heap     ] GC(29)      Used:      450M (60%)         716M (95%)         528M (70%)         530M (71%)         716M (95%)         450M (60%)    
[25.628s][info][gc,heap     ] GC(29)      Live:         -               214M (29%)         214M (29%)         214M (29%)            -                  -          
[25.628s][info][gc,heap     ] GC(29) Allocated:         -               266M (35%)         272M (36%)         284M (38%)            -                  -          
[25.628s][info][gc,heap     ] GC(29)   Garbage:         -               235M (31%)          41M (6%)           35M (5%)             -                  -          
[25.628s][info][gc,heap     ] GC(29) Reclaimed:         -                  -               194M (26%)         200M (27%)            -                  -          
[25.628s][info][gc          ] GC(29) Garbage Collection (Allocation Rate) 450M(60%)->530M(71%)
[25.695s][info][gc,start    ] GC(30) Garbage Collection (Allocation Rate)
[25.700s][info][gc,phases   ] GC(30) Pause Mark Start 2.315ms
[26.099s][info][gc,phases   ] GC(30) Concurrent Mark 399.059ms
[26.100s][info][gc,phases   ] GC(30) Pause Mark End 0.247ms
[26.101s][info][gc,phases   ] GC(30) Concurrent Process Non-Strong References 1.426ms
[26.101s][info][gc,phases   ] GC(30) Concurrent Reset Relocation Set 0.003ms
[26.101s][info][gc,phases   ] GC(30) Concurrent Destroy Detached Pages 0.000ms
[26.103s][info][gc,phases   ] GC(30) Concurrent Select Relocation Set 1.593ms
[26.103s][info][gc,phases   ] GC(30) Concurrent Prepare Relocation Set 0.015ms
[26.106s][info][gc,phases   ] GC(30) Pause Relocate Start 2.193ms
[26.106s][info][gc          ] Allocation Stall (Executor task launch worker for task 0.0 in stage 4.0 (TID 4)) 281.560ms
[26.113s][info][gc,phases   ] GC(30) Concurrent Relocate 2.036ms
[26.113s][info][gc,load     ] GC(30) Load: 2.29/1.63/0.84
[26.113s][info][gc,mmu      ] GC(30) MMU: 2ms/0.0%, 5ms/8.2%, 10ms/54.0%, 20ms/75.6%, 50ms/88.7%, 100ms/93.7%
[26.113s][info][gc,marking  ] GC(30) Mark: 1 stripe(s), 2 proactive flush(es), 1 terminate flush(es), 0 completion(s), 0 continuation(s) 
[26.113s][info][gc,reloc    ] GC(30) Relocation: Successful, 7M relocated
[26.113s][info][gc,nmethod  ] GC(30) NMethods: 2422 registered, 0 unregistered
[26.113s][info][gc,metaspace] GC(30) Metaspace: 68M used, 72M capacity, 72M committed, 74M reserved
[26.113s][info][gc,ref      ] GC(30) Soft: 2623 encountered, 0 discovered, 0 enqueued
[26.113s][info][gc,ref      ] GC(30) Weak: 4465 encountered, 3425 discovered, 0 enqueued
[26.113s][info][gc,ref      ] GC(30) Final: 27 encountered, 0 discovered, 0 enqueued
[26.113s][info][gc,ref      ] GC(30) Phantom: 653 encountered, 649 discovered, 0 enqueued
[26.113s][info][gc,heap     ] GC(30)                Mark Start          Mark End        Relocate Start      Relocate End           High               Low         
[26.113s][info][gc,heap     ] GC(30)  Capacity:      750M (100%)        750M (100%)        750M (100%)        750M (100%)        750M (100%)        750M (100%)   
[26.113s][info][gc,heap     ] GC(30)   Reserve:       34M (5%)           34M (5%)           34M (5%)           34M (5%)           34M (5%)           34M (5%)     
[26.113s][info][gc,heap     ] GC(30)      Free:       90M (12%)           0M (0%)          368M (49%)         370M (49%)         370M (49%)           0M (0%)     
[26.113s][info][gc,heap     ] GC(30)      Used:      626M (83%)         716M (95%)         348M (46%)         346M (46%)         716M (95%)         346M (46%)    
[26.113s][info][gc,heap     ] GC(30)      Live:         -               214M (29%)         214M (29%)         214M (29%)            -                  -          
[26.113s][info][gc,heap     ] GC(30) Allocated:         -                90M (12%)          92M (12%)         100M (13%)            -                  -          
[26.113s][info][gc,heap     ] GC(30)   Garbage:         -               411M (55%)          41M (6%)           33M (4%)             -                  -          
[26.113s][info][gc,heap     ] GC(30) Reclaimed:         -                  -               370M (49%)         378M (50%)            -                  -          
[26.113s][info][gc          ] GC(30) Garbage Collection (Allocation Rate) 626M(83%)->346M(46%)
[26.195s][info][gc,start    ] GC(31) Garbage Collection (Allocation Rate)
[26.199s][info][gc,phases   ] GC(31) Pause Mark Start 2.367ms
[26.678s][info][gc,phases   ] GC(31) Concurrent Mark 478.928ms
[26.679s][info][gc,phases   ] GC(31) Pause Mark End 0.255ms
[26.681s][info][gc,phases   ] GC(31) Concurrent Process Non-Strong References 1.467ms
[26.681s][info][gc,phases   ] GC(31) Concurrent Reset Relocation Set 0.003ms
[26.681s][info][gc,phases   ] GC(31) Concurrent Destroy Detached Pages 0.000ms
[26.682s][info][gc,phases   ] GC(31) Concurrent Select Relocation Set 1.523ms
[26.682s][info][gc,phases   ] GC(31) Concurrent Prepare Relocation Set 0.013ms
[26.688s][info][gc,phases   ] GC(31) Pause Relocate Start 2.072ms
[26.688s][info][gc          ] Allocation Stall (Executor task launch worker for task 0.0 in stage 4.0 (TID 4)) 62.168ms
[26.702s][info][gc,phases   ] GC(31) Concurrent Relocate 6.053ms
[26.702s][info][gc,load     ] GC(31) Load: 2.29/1.63/0.84
[26.702s][info][gc,mmu      ] GC(31) MMU: 2ms/0.0%, 5ms/8.2%, 10ms/54.0%, 20ms/75.6%, 50ms/88.7%, 100ms/93.7%
[26.702s][info][gc,marking  ] GC(31) Mark: 1 stripe(s), 2 proactive flush(es), 1 terminate flush(es), 0 completion(s), 0 continuation(s) 
[26.702s][info][gc,reloc    ] GC(31) Relocation: Successful, 7M relocated
[26.702s][info][gc,nmethod  ] GC(31) NMethods: 2422 registered, 0 unregistered
[26.702s][info][gc,metaspace] GC(31) Metaspace: 68M used, 72M capacity, 72M committed, 74M reserved
[26.702s][info][gc,ref      ] GC(31) Soft: 2623 encountered, 0 discovered, 0 enqueued
[26.702s][info][gc,ref      ] GC(31) Weak: 4468 encountered, 3407 discovered, 2 enqueued
[26.702s][info][gc,ref      ] GC(31) Final: 27 encountered, 0 discovered, 0 enqueued
[26.702s][info][gc,ref      ] GC(31) Phantom: 654 encountered, 650 discovered, 1 enqueued
[26.702s][info][gc,heap     ] GC(31)                Mark Start          Mark End        Relocate Start      Relocate End           High               Low         
[26.702s][info][gc,heap     ] GC(31)  Capacity:      750M (100%)        750M (100%)        750M (100%)        750M (100%)        750M (100%)        750M (100%)   
[26.702s][info][gc,heap     ] GC(31)   Reserve:       34M (5%)           34M (5%)           34M (5%)           34M (5%)           34M (5%)           34M (5%)     
[26.702s][info][gc,heap     ] GC(31)      Free:      274M (37%)           0M (0%)          182M (24%)         188M (25%)         274M (37%)           0M (0%)     
[26.702s][info][gc,heap     ] GC(31)      Used:      442M (59%)         716M (95%)         534M (71%)         528M (70%)         716M (95%)         442M (59%)    
[26.702s][info][gc,heap     ] GC(31)      Live:         -               214M (29%)         214M (29%)         214M (29%)            -                  -          
[26.702s][info][gc,heap     ] GC(31) Allocated:         -               274M (37%)         276M (37%)         282M (38%)            -                  -          
[26.702s][info][gc,heap     ] GC(31)   Garbage:         -               227M (30%)          43M (6%)           33M (4%)             -                  -          
[26.702s][info][gc,heap     ] GC(31) Reclaimed:         -                  -               184M (25%)         194M (26%)            -                  -          
[26.702s][info][gc          ] GC(31) Garbage Collection (Allocation Rate) 442M(59%)->528M(70%)
[26.796s][info][gc,start    ] GC(32) Garbage Collection (Allocation Rate)
[26.800s][info][gc,phases   ] GC(32) Pause Mark Start 2.423ms
[27.286s][info][gc,phases   ] GC(32) Concurrent Mark 485.439ms
[27.286s][info][gc,phases   ] GC(32) Pause Mark End 0.253ms
[27.288s][info][gc,phases   ] GC(32) Concurrent Process Non-Strong References 1.459ms
[27.288s][info][gc,phases   ] GC(32) Concurrent Reset Relocation Set 0.002ms
[27.288s][info][gc,phases   ] GC(32) Concurrent Destroy Detached Pages 0.001ms
[27.289s][info][gc,phases   ] GC(32) Concurrent Select Relocation Set 1.534ms
[27.289s][info][gc,phases   ] GC(32) Concurrent Prepare Relocation Set 0.013ms
[27.291s][info][gc,phases   ] GC(32) Pause Relocate Start 1.884ms
[27.292s][info][gc          ] Allocation Stall (Executor task launch worker for task 0.0 in stage 4.0 (TID 4)) 145.242ms
[27.297s][info][gc,phases   ] GC(32) Concurrent Relocate 2.112ms
[27.297s][info][gc,load     ] GC(32) Load: 2.29/1.63/0.84
[27.297s][info][gc,mmu      ] GC(32) MMU: 2ms/0.0%, 5ms/8.2%, 10ms/54.0%, 20ms/75.6%, 50ms/88.7%, 100ms/93.7%
[27.297s][info][gc,marking  ] GC(32) Mark: 1 stripe(s), 2 proactive flush(es), 1 terminate flush(es), 0 completion(s), 0 continuation(s) 
[27.297s][info][gc,reloc    ] GC(32) Relocation: Successful, 7M relocated
[27.297s][info][gc,nmethod  ] GC(32) NMethods: 2422 registered, 0 unregistered
[27.297s][info][gc,metaspace] GC(32) Metaspace: 68M used, 72M capacity, 72M committed, 74M reserved
[27.297s][info][gc,ref      ] GC(32) Soft: 2623 encountered, 0 discovered, 0 enqueued
[27.297s][info][gc,ref      ] GC(32) Weak: 4466 encountered, 3405 discovered, 0 enqueued
[27.297s][info][gc,ref      ] GC(32) Final: 27 encountered, 0 discovered, 0 enqueued
[27.297s][info][gc,ref      ] GC(32) Phantom: 653 encountered, 649 discovered, 0 enqueued
[27.297s][info][gc,heap     ] GC(32)                Mark Start          Mark End        Relocate Start      Relocate End           High               Low         
[27.297s][info][gc,heap     ] GC(32)  Capacity:      750M (100%)        750M (100%)        750M (100%)        750M (100%)        750M (100%)        750M (100%)   
[27.297s][info][gc,heap     ] GC(32)   Reserve:       34M (5%)           34M (5%)           34M (5%)           34M (5%)           34M (5%)           34M (5%)     
[27.297s][info][gc,heap     ] GC(32)      Free:      102M (14%)           0M (0%)          356M (47%)         360M (48%)         360M (48%)           0M (0%)     
[27.297s][info][gc,heap     ] GC(32)      Used:      614M (82%)         716M (95%)         360M (48%)         356M (47%)         716M (95%)         356M (47%)    
[27.297s][info][gc,heap     ] GC(32)      Live:         -               214M (29%)         214M (29%)         214M (29%)            -                  -          
[27.297s][info][gc,heap     ] GC(32) Allocated:         -               102M (14%)         104M (14%)         110M (15%)            -                  -          
[27.297s][info][gc,heap     ] GC(32)   Garbage:         -               399M (53%)          41M (6%)           33M (4%)             -                  -          
[27.297s][info][gc,heap     ] GC(32) Reclaimed:         -                  -               358M (48%)         366M (49%)            -                  -          
[27.297s][info][gc          ] GC(32) Garbage Collection (Allocation Rate) 614M(82%)->356M(47%)
[27.395s][info][gc,start    ] GC(33) Garbage Collection (Allocation Rate)
[27.400s][info][gc,phases   ] GC(33) Pause Mark Start 2.387ms
[27.861s][info][gc,phases   ] GC(33) Concurrent Mark 461.433ms
[27.862s][info][gc,phases   ] GC(33) Pause Mark End 0.265ms
[27.864s][info][gc,phases   ] GC(33) Concurrent Process Non-Strong References 1.718ms
[27.864s][info][gc,phases   ] GC(33) Concurrent Reset Relocation Set 0.003ms
[27.864s][info][gc,phases   ] GC(33) Concurrent Destroy Detached Pages 0.001ms
[27.865s][info][gc,phases   ] GC(33) Concurrent Select Relocation Set 1.520ms
[27.865s][info][gc,phases   ] GC(33) Concurrent Prepare Relocation Set 0.012ms
[27.867s][info][gc,phases   ] GC(33) Pause Relocate Start 1.974ms
[27.867s][info][gc          ] Allocation Stall (RemoteBlock-temp-file-clean-thread) 60.628ms
[27.867s][info][gc          ] Allocation Stall (Executor task launch worker for task 0.0 in stage 4.0 (TID 4)) 79.191ms
[27.876s][info][gc,phases   ] GC(33) Concurrent Relocate 8.877ms
[27.876s][info][gc,load     ] GC(33) Load: 2.29/1.63/0.84
[27.876s][info][gc,mmu      ] GC(33) MMU: 2ms/0.0%, 5ms/8.2%, 10ms/54.0%, 20ms/75.6%, 50ms/88.7%, 100ms/93.7%
[27.876s][info][gc,marking  ] GC(33) Mark: 1 stripe(s), 2 proactive flush(es), 1 terminate flush(es), 0 completion(s), 0 continuation(s) 
[27.876s][info][gc,reloc    ] GC(33) Relocation: Successful, 7M relocated
[27.876s][info][gc,nmethod  ] GC(33) NMethods: 2422 registered, 0 unregistered
[27.876s][info][gc,metaspace] GC(33) Metaspace: 68M used, 72M capacity, 72M committed, 74M reserved
[27.876s][info][gc,ref      ] GC(33) Soft: 2623 encountered, 0 discovered, 0 enqueued
[27.876s][info][gc,ref      ] GC(33) Weak: 4466 encountered, 3405 discovered, 0 enqueued
[27.876s][info][gc,ref      ] GC(33) Final: 27 encountered, 0 discovered, 0 enqueued
[27.876s][info][gc,ref      ] GC(33) Phantom: 653 encountered, 649 discovered, 0 enqueued
[27.876s][info][gc,heap     ] GC(33)                Mark Start          Mark End        Relocate Start      Relocate End           High               Low         
[27.877s][info][gc,heap     ] GC(33)  Capacity:      750M (100%)        750M (100%)        750M (100%)        750M (100%)        750M (100%)        750M (100%)   
[27.877s][info][gc,heap     ] GC(33)   Reserve:       34M (5%)           34M (5%)           34M (5%)           34M (5%)           34M (5%)           34M (5%)     
[27.877s][info][gc,heap     ] GC(33)      Free:      212M (28%)           0M (0%)          246M (33%)         244M (33%)         246M (33%)           0M (0%)     
[27.877s][info][gc,heap     ] GC(33)      Used:      504M (67%)         716M (95%)         470M (63%)         472M (63%)         716M (95%)         470M (63%)    
[27.877s][info][gc,heap     ] GC(33)      Live:         -               214M (29%)         214M (29%)         214M (29%)            -                  -          
[27.877s][info][gc,heap     ] GC(33) Allocated:         -               212M (28%)         216M (29%)         228M (30%)            -                  -          
[27.877s][info][gc,heap     ] GC(33)   Garbage:         -               289M (39%)          39M (5%)           33M (4%)             -                  -          
[27.877s][info][gc,heap     ] GC(33) Reclaimed:         -                  -               250M (33%)         256M (34%)            -                  -          
[27.877s][info][gc          ] GC(33) Garbage Collection (Allocation Rate) 504M(67%)->472M(63%)
[27.895s][info][gc,start    ] GC(34) Garbage Collection (Allocation Rate)
[27.899s][info][gc,phases   ] GC(34) Pause Mark Start 2.323ms
[28.357s][info][gc,phases   ] GC(34) Concurrent Mark 457.937ms
[28.358s][info][gc,phases   ] GC(34) Pause Mark End 0.296ms
[28.359s][info][gc,phases   ] GC(34) Concurrent Process Non-Strong References 1.407ms
[28.360s][info][gc,phases   ] GC(34) Concurrent Reset Relocation Set 0.002ms
[28.360s][info][gc,phases   ] GC(34) Concurrent Destroy Detached Pages 0.000ms
[28.361s][info][gc,phases   ] GC(34) Concurrent Select Relocation Set 1.518ms
[28.361s][info][gc,phases   ] GC(34) Concurrent Prepare Relocation Set 0.012ms
[28.363s][info][gc,phases   ] GC(34) Pause Relocate Start 1.920ms
[28.363s][info][gc          ] Allocation Stall (Executor task launch worker for task 0.0 in stage 4.0 (TID 4)) 92.363ms
[28.368s][info][gc,phases   ] GC(34) Concurrent Relocate 1.185ms
[28.368s][info][gc,load     ] GC(34) Load: 2.29/1.63/0.84
[28.368s][info][gc,mmu      ] GC(34) MMU: 2ms/0.0%, 5ms/8.2%, 10ms/54.0%, 20ms/75.6%, 50ms/88.7%, 100ms/93.7%
[28.368s][info][gc,marking  ] GC(34) Mark: 1 stripe(s), 2 proactive flush(es), 1 terminate flush(es), 0 completion(s), 0 continuation(s) 
[28.368s][info][gc,reloc    ] GC(34) Relocation: Successful, 7M relocated
[28.368s][info][gc,nmethod  ] GC(34) NMethods: 2422 registered, 0 unregistered
[28.368s][info][gc,metaspace] GC(34) Metaspace: 68M used, 72M capacity, 72M committed, 74M reserved
[28.368s][info][gc,ref      ] GC(34) Soft: 2623 encountered, 0 discovered, 0 enqueued
[28.368s][info][gc,ref      ] GC(34) Weak: 4466 encountered, 3405 discovered, 0 enqueued
[28.368s][info][gc,ref      ] GC(34) Final: 27 encountered, 0 discovered, 0 enqueued
[28.368s][info][gc,ref      ] GC(34) Phantom: 653 encountered, 649 discovered, 0 enqueued
[28.368s][info][gc,heap     ] GC(34)                Mark Start          Mark End        Relocate Start      Relocate End           High               Low         
[28.368s][info][gc,heap     ] GC(34)  Capacity:      750M (100%)        750M (100%)        750M (100%)        750M (100%)        750M (100%)        750M (100%)   
[28.368s][info][gc,heap     ] GC(34)   Reserve:       34M (5%)           34M (5%)           34M (5%)           34M (5%)           34M (5%)           34M (5%)     
[28.368s][info][gc,heap     ] GC(34)      Free:      216M (29%)           0M (0%)          244M (33%)         246M (33%)         246M (33%)           0M (0%)     
[28.368s][info][gc,heap     ] GC(34)      Used:      500M (67%)         716M (95%)         472M (63%)         470M (63%)         716M (95%)         470M (63%)    
[28.368s][info][gc,heap     ] GC(34)      Live:         -               214M (29%)         214M (29%)         214M (29%)            -                  -          
[28.368s][info][gc,heap     ] GC(34) Allocated:         -               216M (29%)         218M (29%)         224M (30%)            -                  -          
[28.368s][info][gc,heap     ] GC(34)   Garbage:         -               285M (38%)          39M (5%)           33M (4%)             -                  -          
[28.368s][info][gc,heap     ] GC(34) Reclaimed:         -                  -               246M (33%)         252M (34%)            -                  -          
[28.368s][info][gc          ] GC(34) Garbage Collection (Allocation Rate) 500M(67%)->470M(63%)
[28.396s][info][gc,start    ] GC(35) Garbage Collection (Allocation Rate)
[28.399s][info][gc,phases   ] GC(35) Pause Mark Start 2.915ms
[28.421s][info][gc,heap     ] Page Cache Flushed: 6M requested, 6M(220M->214M) flushed
[28.975s][info][gc,phases   ] GC(35) Concurrent Mark 572.928ms
[28.975s][info][gc,phases   ] GC(35) Pause Mark End 0.246ms
[28.985s][info][gc,phases   ] GC(35) Concurrent Process Non-Strong References 9.560ms
[28.985s][info][gc,phases   ] GC(35) Concurrent Reset Relocation Set 0.006ms
[28.985s][info][gc,phases   ] GC(35) Concurrent Destroy Detached Pages 0.013ms
[28.993s][info][gc,phases   ] GC(35) Concurrent Select Relocation Set 8.079ms
[28.993s][info][gc,phases   ] GC(35) Concurrent Prepare Relocation Set 0.024ms
[29.008s][info][gc,phases   ] GC(35) Pause Relocate Start 14.166ms
[29.022s][info][gc,phases   ] GC(35) Concurrent Relocate 14.079ms
[29.022s][info][gc,load     ] GC(35) Load: 2.29/1.63/0.84
[29.022s][info][gc,mmu      ] GC(35) MMU: 2ms/0.0%, 5ms/0.0%, 10ms/0.0%, 20ms/29.2%, 50ms/71.2%, 100ms/85.6%
[29.022s][info][gc,marking  ] GC(35) Mark: 1 stripe(s), 2 proactive flush(es), 1 terminate flush(es), 0 completion(s), 0 continuation(s) 
[29.022s][info][gc,reloc    ] GC(35) Relocation: Successful, 7M relocated
[29.022s][info][gc,nmethod  ] GC(35) NMethods: 2484 registered, 0 unregistered
[29.022s][info][gc,metaspace] GC(35) Metaspace: 68M used, 72M capacity, 72M committed, 74M reserved
[29.022s][info][gc,ref      ] GC(35) Soft: 2623 encountered, 0 discovered, 0 enqueued
[29.022s][info][gc,ref      ] GC(35) Weak: 4466 encountered, 3399 discovered, 0 enqueued
[29.022s][info][gc,ref      ] GC(35) Final: 27 encountered, 0 discovered, 0 enqueued
[29.022s][info][gc,ref      ] GC(35) Phantom: 653 encountered, 649 discovered, 0 enqueued
[29.022s][info][gc,heap     ] GC(35)                Mark Start          Mark End        Relocate Start      Relocate End           High               Low         
[29.022s][info][gc,heap     ] GC(35)  Capacity:      750M (100%)        750M (100%)        750M (100%)        750M (100%)        750M (100%)        750M (100%)   
[29.023s][info][gc,heap     ] GC(35)   Reserve:       34M (5%)           34M (5%)           34M (5%)           34M (5%)           34M (5%)           34M (5%)     
[29.023s][info][gc,heap     ] GC(35)      Free:      222M (30%)         210M (28%)         452M (60%)         456M (61%)         456M (61%)         210M (28%)    
[29.023s][info][gc,heap     ] GC(35)      Used:      494M (66%)         506M (67%)         264M (35%)         260M (35%)         506M (67%)         260M (35%)    
[29.023s][info][gc,heap     ] GC(35)      Live:         -               214M (29%)         214M (29%)         214M (29%)            -                  -          
[29.023s][info][gc,heap     ] GC(35) Allocated:         -                12M (2%)           12M (2%)           14M (2%)             -                  -          
[29.023s][info][gc,heap     ] GC(35)   Garbage:         -               279M (37%)          37M (5%)           33M (4%)             -                  -          
[29.023s][info][gc,heap     ] GC(35) Reclaimed:         -                  -               242M (32%)         246M (33%)            -                  -          
[29.023s][info][gc          ] GC(35) Garbage Collection (Allocation Rate) 494M(66%)->260M(35%)
[29.023s][info][gc,start    ] GC(36) Garbage Collection (System.gc())
[29.035s][info][gc,phases   ] GC(36) Pause Mark Start 11.488ms
[29.398s][info][gc,phases   ] GC(36) Concurrent Mark 362.810ms
[29.399s][info][gc,phases   ] GC(36) Pause Mark End 0.670ms
[29.403s][info][gc,phases   ] GC(36) Concurrent Process Non-Strong References 3.598ms
[29.403s][info][gc,phases   ] GC(36) Concurrent Reset Relocation Set 0.004ms
[29.403s][info][gc,phases   ] GC(36) Concurrent Destroy Detached Pages 0.001ms
[29.412s][info][gc,phases   ] GC(36) Concurrent Select Relocation Set 8.868ms
[29.412s][info][gc,phases   ] GC(36) Concurrent Prepare Relocation Set 0.025ms
[29.418s][info][gc,phases   ] GC(36) Pause Relocate Start 3.597ms
[29.428s][info][gc,phases   ] GC(36) Concurrent Relocate 3.622ms
[29.428s][info][gc,load     ] GC(36) Load: 2.29/1.63/0.84
[29.428s][info][gc,mmu      ] GC(36) MMU: 2ms/0.0%, 5ms/0.0%, 10ms/0.0%, 20ms/29.2%, 50ms/48.7%, 100ms/74.1%
[29.428s][info][gc,marking  ] GC(36) Mark: 1 stripe(s), 2 proactive flush(es), 1 terminate flush(es), 0 completion(s), 0 continuation(s) 
[29.428s][info][gc,reloc    ] GC(36) Relocation: Successful, 9M relocated
[29.428s][info][gc,nmethod  ] GC(36) NMethods: 2490 registered, 0 unregistered
[29.428s][info][gc,metaspace] GC(36) Metaspace: 68M used, 72M capacity, 72M committed, 74M reserved
[29.428s][info][gc,ref      ] GC(36) Soft: 2622 encountered, 0 discovered, 0 enqueued
[29.428s][info][gc,ref      ] GC(36) Weak: 4524 encountered, 3520 discovered, 118 enqueued
[29.428s][info][gc,ref      ] GC(36) Final: 27 encountered, 0 discovered, 0 enqueued
[29.428s][info][gc,ref      ] GC(36) Phantom: 653 encountered, 649 discovered, 0 enqueued
[29.428s][info][gc,heap     ] GC(36)                Mark Start          Mark End        Relocate Start      Relocate End           High               Low         
[29.428s][info][gc,heap     ] GC(36)  Capacity:      750M (100%)        750M (100%)        750M (100%)        750M (100%)        750M (100%)        750M (100%)   
[29.428s][info][gc,heap     ] GC(36)   Reserve:       34M (5%)           34M (5%)           34M (5%)           34M (5%)           34M (5%)           34M (5%)     
[29.428s][info][gc,heap     ] GC(36)      Free:      456M (61%)         454M (61%)         460M (61%)         466M (62%)         466M (62%)         454M (61%)    
[29.428s][info][gc,heap     ] GC(36)      Used:      260M (35%)         262M (35%)         256M (34%)         250M (33%)         262M (35%)         250M (33%)    
[29.428s][info][gc,heap     ] GC(36)      Live:         -               214M (29%)         214M (29%)         214M (29%)            -                  -          
[29.428s][info][gc,heap     ] GC(36) Allocated:         -                 2M (0%)            2M (0%)            4M (1%)             -                  -          
[29.428s][info][gc,heap     ] GC(36)   Garbage:         -                45M (6%)           39M (5%)           33M (4%)             -                  -          
[29.428s][info][gc,heap     ] GC(36) Reclaimed:         -                  -                 6M (1%)           12M (2%)             -                  -          
[29.428s][info][gc          ] GC(36) Garbage Collection (System.gc()) 260M(35%)->250M(33%)
[29.438s][info][gc,heap     ] Page Cache Flushed: 32M requested, 32M(464M->432M) flushed
[29.504s][info][gc,heap     ] Page Cache Flushed: 6M requested, 6M(426M->420M) flushed
[29.729s][info][gc,heap     ] Page Cache Flushed: 6M requested, 6M(410M->404M) flushed
[29.995s][info][gc,start    ] GC(37) Garbage Collection (Allocation Rate)
[30.002s][info][gc,phases   ] GC(37) Pause Mark Start 4.355ms
[30.095s][info][gc,stats    ] === Garbage Collection Statistics =======================================================================================================================
[30.095s][info][gc,stats    ]                                                              Last 10s              Last 10m              Last 10h                Total
[30.095s][info][gc,stats    ]                                                              Avg / Max             Avg / Max             Avg / Max             Avg / Max
[30.095s][info][gc,stats    ]   Collector: Garbage Collection Cycle                    530.889 / 817.337     453.368 / 1030.215    453.368 / 1030.215    453.368 / 1030.215    ms
[30.095s][info][gc,stats    ]  Contention: Mark Segment Reset Contention                     0 / 0                 0 / 0                 0 / 0                 0 / 0           ops/s
[30.095s][info][gc,stats    ]  Contention: Mark SeqNum Reset Contention                      0 / 0                 0 / 0                 0 / 0                 0 / 0           ops/s
[30.095s][info][gc,stats    ]  Contention: Relocation Contention                             0 / 0                 0 / 12                0 / 12                0 / 12          ops/s
[30.095s][info][gc,stats    ]    Critical: Allocation Stall                            127.977 / 281.560      94.845 / 281.560      94.845 / 281.560      94.845 / 281.560     ms
[30.095s][info][gc,stats    ]    Critical: Allocation Stall                                  1 / 3                 1 / 13                1 / 13                1 / 13          ops/s
[30.095s][info][gc,stats    ]    Critical: GC Locker Stall                               0.000 / 0.000         1.632 / 1.632         1.632 / 1.632         1.632 / 1.632       ms
[30.095s][info][gc,stats    ]    Critical: GC Locker Stall                                   0 / 0                 0 / 1                 0 / 1                 0 / 1           ops/s
[30.095s][info][gc,stats    ]      Memory: Allocation Rate                                 293 / 580             314 / 936             314 / 936             314 / 936         MB/s
[30.095s][info][gc,stats    ]      Memory: Heap Used After Mark                            606 / 716             556 / 716             556 / 716             556 / 716         MB
[30.095s][info][gc,stats    ]      Memory: Heap Used After Relocation                      384 / 530             356 / 604             356 / 604             356 / 604         MB
[30.095s][info][gc,stats    ]      Memory: Heap Used Before Mark                           463 / 626             439 / 716             439 / 716             439 / 716         MB
[30.095s][info][gc,stats    ]      Memory: Heap Used Before Relocation                     390 / 534             407 / 716             407 / 716             407 / 716         MB
[30.095s][info][gc,stats    ]      Memory: Out Of Memory                                     0 / 0                 0 / 0                 0 / 0                 0 / 0           ops/s
[30.095s][info][gc,stats    ]      Memory: Page Cache Flush                                 14 / 44               11 / 66               11 / 66               11 / 66          MB/s
[30.095s][info][gc,stats    ]      Memory: Page Cache Hit L1                               141 / 292             144 / 450             144 / 450             144 / 450         ops/s
[30.095s][info][gc,stats    ]      Memory: Page Cache Hit L2                                 0 / 0                 0 / 0                 0 / 0                 0 / 0           ops/s
[30.095s][info][gc,stats    ]      Memory: Page Cache Miss                                   3 / 22               13 / 135              13 / 135              13 / 135         ops/s
[30.095s][info][gc,stats    ]      Memory: Undo Object Allocation Failed                     0 / 0                 0 / 0                 0 / 0                 0 / 0           ops/s
[30.095s][info][gc,stats    ]      Memory: Undo Object Allocation Succeeded                  0 / 0                 0 / 12                0 / 12                0 / 12          ops/s
[30.095s][info][gc,stats    ]      Memory: Undo Page Allocation                              0 / 1                 0 / 2                 0 / 2                 0 / 2           ops/s
[30.095s][info][gc,stats    ]       Phase: Concurrent Destroy Detached Pages             0.005 / 0.051         0.003 / 0.051         0.003 / 0.051         0.003 / 0.051       ms
[30.095s][info][gc,stats    ]       Phase: Concurrent Mark                             504.396 / 773.725     375.166 / 854.710     375.166 / 854.710     375.166 / 854.710     ms
[30.095s][info][gc,stats    ]       Phase: Concurrent Mark Continue                      0.000 / 0.000         0.000 / 0.000         0.000 / 0.000         0.000 / 0.000       ms
[30.095s][info][gc,stats    ]       Phase: Concurrent Prepare Relocation Set             0.019 / 0.041         2.469 / 17.698        2.469 / 17.698        2.469 / 17.698      ms
[30.096s][info][gc,stats    ]       Phase: Concurrent Process Non-Strong References      2.487 / 9.560         2.076 / 9.560         2.076 / 9.560         2.076 / 9.560       ms
[30.096s][info][gc,stats    ]       Phase: Concurrent Relocate                           5.687 / 14.079       57.665 / 352.965      57.665 / 352.965      57.665 / 352.965     ms
[30.096s][info][gc,stats    ]       Phase: Concurrent Reset Relocation Set               0.003 / 0.006         0.138 / 1.106         0.138 / 1.106         0.138 / 1.106       ms
[30.096s][info][gc,stats    ]       Phase: Concurrent Select Relocation Set              3.869 / 8.868         3.134 / 9.835         3.134 / 9.835         3.134 / 9.835       ms
[30.096s][info][gc,stats    ]       Phase: Pause Mark End                                0.317 / 0.670         0.262 / 0.670         0.262 / 0.670         0.262 / 0.670       ms
[30.096s][info][gc,stats    ]       Phase: Pause Mark Start                              3.300 / 11.488        2.581 / 11.488        2.581 / 11.488        2.581 / 11.488      ms
[30.096s][info][gc,stats    ]       Phase: Pause Relocate Start                          3.135 / 14.166        2.268 / 14.166        2.268 / 14.166        2.268 / 14.166      ms
[30.096s][info][gc,stats    ]    Subphase: Concurrent Mark                             503.044 / 773.662     374.178 / 854.685     374.178 / 854.685     374.178 / 854.685     ms
[30.096s][info][gc,stats    ]    Subphase: Concurrent Mark Idle                          0.000 / 0.000         0.000 / 0.000         0.000 / 0.000         0.000 / 0.000       ms
[30.096s][info][gc,stats    ]    Subphase: Concurrent Mark Try Flush                     0.321 / 6.683         0.845 / 9.370         0.845 / 9.370         0.845 / 9.370       ms
[30.096s][info][gc,stats    ]    Subphase: Concurrent Mark Try Terminate                 0.149 / 4.024         0.346 / 5.822         0.346 / 5.822         0.346 / 5.822       ms
[30.096s][info][gc,stats    ]    Subphase: Concurrent References Enqueue                 0.002 / 0.008         0.002 / 0.008         0.002 / 0.008         0.002 / 0.008       ms
[30.096s][info][gc,stats    ]    Subphase: Concurrent References Process                 0.760 / 1.295         0.944 / 5.798         0.944 / 5.798         0.944 / 5.798       ms
[30.096s][info][gc,stats    ]    Subphase: Concurrent Weak Roots                         1.514 / 8.871         1.042 / 8.871         1.042 / 8.871         1.042 / 8.871       ms
[30.096s][info][gc,stats    ]    Subphase: Concurrent Weak Roots JNIWeakHandles          0.000 / 0.001         0.000 / 0.001         0.000 / 0.001         0.000 / 0.001       ms
[30.096s][info][gc,stats    ]    Subphase: Concurrent Weak Roots StringTable             1.281 / 8.669         0.842 / 8.669         0.842 / 8.669         0.842 / 8.669       ms
[30.096s][info][gc,stats    ]    Subphase: Concurrent Weak Roots VMWeakHandles           0.230 / 0.532         0.199 / 0.532         0.199 / 0.532         0.199 / 0.532       ms
[30.096s][info][gc,stats    ]    Subphase: Pause Mark Try Complete                       0.000 / 0.000         0.000 / 0.000         0.000 / 0.000         0.000 / 0.000       ms
[30.096s][info][gc,stats    ]    Subphase: Pause Remap TLABS                             0.001 / 0.004         0.001 / 0.004         0.001 / 0.004         0.001 / 0.004       ms
[30.096s][info][gc,stats    ]    Subphase: Pause Retire TLABS                            0.019 / 0.040         0.014 / 0.040         0.014 / 0.040         0.014 / 0.040       ms
[30.096s][info][gc,stats    ]    Subphase: Pause Roots                                   1.838 / 9.973         1.447 / 9.973         1.447 / 9.973         1.447 / 9.973       ms
[30.096s][info][gc,stats    ]    Subphase: Pause Roots ClassLoaderDataGraph              0.915 / 4.244         0.732 / 4.244         0.732 / 4.244         0.732 / 4.244       ms
[30.096s][info][gc,stats    ]    Subphase: Pause Roots CodeCache                         1.278 / 7.313         0.915 / 7.313         0.915 / 7.313         0.915 / 7.313       ms
[30.096s][info][gc,stats    ]    Subphase: Pause Roots JNIHandles                        0.001 / 0.003         0.001 / 0.006         0.001 / 0.006         0.001 / 0.006       ms
[30.096s][info][gc,stats    ]    Subphase: Pause Roots JNIWeakHandles                    0.000 / 0.000         0.000 / 0.000         0.000 / 0.000         0.000 / 0.000       ms
[30.096s][info][gc,stats    ]    Subphase: Pause Roots JRFWeak                           0.000 / 0.000         0.000 / 0.000         0.000 / 0.000         0.000 / 0.000       ms
[30.096s][info][gc,stats    ]    Subphase: Pause Roots JVMTIExport                       0.001 / 0.001         0.001 / 0.001         0.001 / 0.001         0.001 / 0.001       ms
[30.096s][info][gc,stats    ]    Subphase: Pause Roots JVMTIWeakExport                   0.001 / 0.002         0.001 / 0.002         0.001 / 0.002         0.001 / 0.002       ms
[30.096s][info][gc,stats    ]    Subphase: Pause Roots Management                        0.001 / 0.004         0.007 / 0.323         0.007 / 0.323         0.007 / 0.323       ms
[30.096s][info][gc,stats    ]    Subphase: Pause Roots ObjectSynchronizer                0.000 / 0.001         0.000 / 0.001         0.000 / 0.001         0.000 / 0.001       ms
[30.096s][info][gc,stats    ]    Subphase: Pause Roots Setup                             0.349 / 6.308         0.220 / 6.308         0.220 / 6.308         0.220 / 6.308       ms
[30.096s][info][gc,stats    ]    Subphase: Pause Roots StringTable                       0.000 / 0.000         0.000 / 0.000         0.000 / 0.000         0.000 / 0.000       ms
[30.096s][info][gc,stats    ]    Subphase: Pause Roots SystemDictionary                  0.014 / 0.025         0.014 / 0.070         0.014 / 0.070         0.014 / 0.070       ms
[30.096s][info][gc,stats    ]    Subphase: Pause Roots Teardown                          0.001 / 0.010         0.001 / 0.010         0.001 / 0.010         0.001 / 0.010       ms
[30.096s][info][gc,stats    ]    Subphase: Pause Roots Threads                           0.359 / 0.793         0.321 / 3.366         0.321 / 3.366         0.321 / 3.366       ms
[30.096s][info][gc,stats    ]    Subphase: Pause Roots Universe                          0.002 / 0.005         0.007 / 0.350         0.007 / 0.350         0.007 / 0.350       ms
[30.096s][info][gc,stats    ]    Subphase: Pause Roots VMWeakHandles                     0.000 / 0.000         0.000 / 0.000         0.000 / 0.000         0.000 / 0.000       ms
[30.096s][info][gc,stats    ]    Subphase: Pause Weak Roots                              0.002 / 0.004         0.002 / 0.012         0.002 / 0.012         0.002 / 0.012       ms
[30.096s][info][gc,stats    ]    Subphase: Pause Weak Roots JFRWeak                      0.001 / 0.001         0.001 / 0.001         0.001 / 0.001         0.001 / 0.001       ms
[30.096s][info][gc,stats    ]    Subphase: Pause Weak Roots JNIWeakHandles               0.000 / 0.000         0.000 / 0.000         0.000 / 0.000         0.000 / 0.000       ms
[30.096s][info][gc,stats    ]    Subphase: Pause Weak Roots JVMTIWeakExport              0.001 / 0.002         0.001 / 0.011         0.001 / 0.011         0.001 / 0.011       ms
[30.096s][info][gc,stats    ]    Subphase: Pause Weak Roots Setup                        0.000 / 0.000         0.000 / 0.000         0.000 / 0.000         0.000 / 0.000       ms
[30.096s][info][gc,stats    ]    Subphase: Pause Weak Roots StringTable                  0.000 / 0.000         0.000 / 0.000         0.000 / 0.000         0.000 / 0.000       ms
[30.096s][info][gc,stats    ]    Subphase: Pause Weak Roots SymbolTable                  0.000 / 0.000         0.000 / 0.000         0.000 / 0.000         0.000 / 0.000       ms
[30.096s][info][gc,stats    ]    Subphase: Pause Weak Roots Teardown                     0.001 / 0.001         0.001 / 0.010         0.001 / 0.010         0.001 / 0.010       ms
[30.096s][info][gc,stats    ]    Subphase: Pause Weak Roots VMWeakHandles                0.000 / 0.000         0.000 / 0.000         0.000 / 0.000         0.000 / 0.000       ms
[30.096s][info][gc,stats    ]      System: Java Threads                                     73 / 92               56 / 92               56 / 92               56 / 92          threads
[30.096s][info][gc,stats    ] =========================================================================================================================================================
[30.542s][info][gc,phases   ] GC(37) Concurrent Mark 539.283ms
[30.545s][info][gc,phases   ] GC(37) Pause Mark End 0.280ms
[30.546s][info][gc,phases   ] GC(37) Concurrent Process Non-Strong References 1.483ms
[30.547s][info][gc,phases   ] GC(37) Concurrent Reset Relocation Set 0.003ms
[30.547s][info][gc,phases   ] GC(37) Concurrent Destroy Detached Pages 0.019ms
[30.549s][info][gc,phases   ] GC(37) Concurrent Select Relocation Set 1.736ms
[30.549s][info][gc,phases   ] GC(37) Concurrent Prepare Relocation Set 0.019ms
[30.554s][info][gc,phases   ] GC(37) Pause Relocate Start 2.071ms
[30.560s][info][gc,phases   ] GC(37) Concurrent Relocate 5.751ms
[30.560s][info][gc,load     ] GC(37) Load: 2.29/1.63/0.84
[30.560s][info][gc,mmu      ] GC(37) MMU: 2ms/0.0%, 5ms/0.0%, 10ms/0.0%, 20ms/29.2%, 50ms/48.7%, 100ms/74.1%
[30.560s][info][gc,marking  ] GC(37) Mark: 1 stripe(s), 2 proactive flush(es), 1 terminate flush(es), 0 completion(s), 0 continuation(s) 
[30.560s][info][gc,reloc    ] GC(37) Relocation: Successful, 9M relocated
[30.560s][info][gc,nmethod  ] GC(37) NMethods: 2578 registered, 0 unregistered
[30.560s][info][gc,metaspace] GC(37) Metaspace: 68M used, 72M capacity, 72M committed, 74M reserved
[30.560s][info][gc,ref      ] GC(37) Soft: 2629 encountered, 0 discovered, 0 enqueued
[30.560s][info][gc,ref      ] GC(37) Weak: 4592 encountered, 3514 discovered, 74 enqueued
[30.560s][info][gc,ref      ] GC(37) Final: 27 encountered, 0 discovered, 0 enqueued
[30.560s][info][gc,ref      ] GC(37) Phantom: 653 encountered, 649 discovered, 0 enqueued
[30.560s][info][gc,heap     ] GC(37)                Mark Start          Mark End        Relocate Start      Relocate End           High               Low         
[30.560s][info][gc,heap     ] GC(37)  Capacity:      750M (100%)        750M (100%)        750M (100%)        750M (100%)        750M (100%)        750M (100%)   
[30.560s][info][gc,heap     ] GC(37)   Reserve:       34M (5%)           34M (5%)           34M (5%)           34M (5%)           34M (5%)           34M (5%)     
[30.560s][info][gc,heap     ] GC(37)      Free:      300M (40%)          22M (3%)          160M (21%)         182M (24%)         300M (40%)          20M (3%)     
[30.560s][info][gc,heap     ] GC(37)      Used:      416M (55%)         694M (93%)         556M (74%)         534M (71%)         696M (93%)         416M (55%)    
[30.560s][info][gc,heap     ] GC(37)      Live:         -               214M (29%)         214M (29%)         214M (29%)            -                  -          
[30.560s][info][gc,heap     ] GC(37) Allocated:         -               278M (37%)         280M (37%)         288M (38%)            -                  -          
[30.560s][info][gc,heap     ] GC(37)   Garbage:         -               201M (27%)          61M (8%)           33M (4%)             -                  -          
[30.560s][info][gc,heap     ] GC(37) Reclaimed:         -                  -               140M (19%)         168M (22%)            -                  -          
[30.560s][info][gc          ] GC(37) Garbage Collection (Allocation Rate) 416M(55%)->534M(71%)
[30.596s][info][gc,start    ] GC(38) Garbage Collection (Allocation Rate)
[30.600s][info][gc,phases   ] GC(38) Pause Mark Start 2.493ms
[30.805s][info][gc,heap     ] Page Cache Flushed: 2M requested, 6M(44M->38M) flushed
[30.843s][info][gc,heap     ] Page Cache Flushed: 2M requested, 6M(38M->32M) flushed
[30.864s][info][gc,heap     ] Page Cache Flushed: 2M requested, 32M(32M->0M) flushed
[31.037s][info][gc,phases   ] GC(38) Concurrent Mark 436.903ms
[31.038s][info][gc,phases   ] GC(38) Pause Mark End 0.287ms
[31.040s][info][gc,phases   ] GC(38) Concurrent Process Non-Strong References 1.538ms
[31.040s][info][gc,phases   ] GC(38) Concurrent Reset Relocation Set 0.005ms
[31.040s][info][gc,phases   ] GC(38) Concurrent Destroy Detached Pages 0.004ms
[31.041s][info][gc,phases   ] GC(38) Concurrent Select Relocation Set 1.576ms
[31.041s][info][gc,phases   ] GC(38) Concurrent Prepare Relocation Set 0.033ms
[31.043s][info][gc,phases   ] GC(38) Pause Relocate Start 2.116ms
[31.044s][info][gc          ] Allocation Stall (Executor task launch worker for task 0.0 in stage 7.0 (TID 7)) 104.067ms
[31.049s][info][gc,phases   ] GC(38) Concurrent Relocate 1.586ms
[31.049s][info][gc,load     ] GC(38) Load: 2.27/1.64/0.84
[31.049s][info][gc,mmu      ] GC(38) MMU: 2ms/0.0%, 5ms/0.0%, 10ms/0.0%, 20ms/29.2%, 50ms/48.7%, 100ms/74.1%
[31.049s][info][gc,marking  ] GC(38) Mark: 1 stripe(s), 2 proactive flush(es), 1 terminate flush(es), 0 completion(s), 0 continuation(s) 
[31.049s][info][gc,reloc    ] GC(38) Relocation: Successful, 9M relocated
[31.049s][info][gc,nmethod  ] GC(38) NMethods: 2584 registered, 0 unregistered
[31.049s][info][gc,metaspace] GC(38) Metaspace: 68M used, 72M capacity, 72M committed, 74M reserved
[31.049s][info][gc,ref      ] GC(38) Soft: 2629 encountered, 0 discovered, 0 enqueued
[31.049s][info][gc,ref      ] GC(38) Weak: 4526 encountered, 3462 discovered, 19 enqueued
[31.049s][info][gc,ref      ] GC(38) Final: 27 encountered, 0 discovered, 0 enqueued
[31.049s][info][gc,ref      ] GC(38) Phantom: 653 encountered, 649 discovered, 0 enqueued
[31.049s][info][gc,heap     ] GC(38)                Mark Start          Mark End        Relocate Start      Relocate End           High               Low         
[31.049s][info][gc,heap     ] GC(38)  Capacity:      750M (100%)        750M (100%)        750M (100%)        750M (100%)        750M (100%)        750M (100%)   
[31.049s][info][gc,heap     ] GC(38)   Reserve:       34M (5%)           34M (5%)           34M (5%)           34M (5%)           34M (5%)           34M (5%)     
[31.049s][info][gc,heap     ] GC(38)      Free:      142M (19%)           0M (0%)          308M (41%)         320M (43%)         320M (43%)           0M (0%)     
[31.049s][info][gc,heap     ] GC(38)      Used:      574M (77%)         716M (95%)         408M (54%)         396M (53%)         716M (95%)         396M (53%)    
[31.049s][info][gc,heap     ] GC(38)      Live:         -               214M (29%)         214M (29%)         214M (29%)            -                  -          
[31.049s][info][gc,heap     ] GC(38) Allocated:         -               142M (19%)         144M (19%)         152M (20%)            -                  -          
[31.049s][info][gc,heap     ] GC(38)   Garbage:         -               359M (48%)          49M (7%)           35M (5%)             -                  -          
[31.049s][info][gc,heap     ] GC(38) Reclaimed:         -                  -               310M (41%)         324M (43%)            -                  -          
[31.049s][info][gc          ] GC(38) Garbage Collection (Allocation Rate) 574M(77%)->396M(53%)
[31.095s][info][gc,start    ] GC(39) Garbage Collection (Allocation Rate)
[31.100s][info][gc,phases   ] GC(39) Pause Mark Start 2.450ms
[31.487s][info][gc,phases   ] GC(39) Concurrent Mark 387.257ms
[31.488s][info][gc,phases   ] GC(39) Pause Mark End 0.287ms
[31.489s][info][gc,phases   ] GC(39) Concurrent Process Non-Strong References 1.529ms
[31.489s][info][gc,phases   ] GC(39) Concurrent Reset Relocation Set 0.003ms
[31.489s][info][gc,phases   ] GC(39) Concurrent Destroy Detached Pages 0.001ms
[31.493s][info][gc          ] Allocation Stall (Executor task launch worker for task 0.0 in stage 7.0 (TID 7)) 35.027ms
[31.500s][info][gc,phases   ] GC(39) Concurrent Select Relocation Set 10.417ms
[31.500s][info][gc,phases   ] GC(39) Concurrent Prepare Relocation Set 0.031ms
[31.504s][info][gc,phases   ] GC(39) Pause Relocate Start 2.123ms
[31.506s][info][gc,phases   ] GC(39) Concurrent Relocate 1.502ms
[31.506s][info][gc,load     ] GC(39) Load: 2.27/1.64/0.84
[31.506s][info][gc,mmu      ] GC(39) MMU: 2ms/0.0%, 5ms/0.0%, 10ms/0.0%, 20ms/29.2%, 50ms/48.7%, 100ms/74.1%
[31.506s][info][gc,marking  ] GC(39) Mark: 1 stripe(s), 2 proactive flush(es), 1 terminate flush(es), 0 completion(s), 0 continuation(s) 
[31.506s][info][gc,reloc    ] GC(39) Relocation: Successful, 9M relocated
[31.506s][info][gc,nmethod  ] GC(39) NMethods: 2584 registered, 0 unregistered
[31.506s][info][gc,metaspace] GC(39) Metaspace: 68M used, 72M capacity, 72M committed, 74M reserved
[31.506s][info][gc,ref      ] GC(39) Soft: 2629 encountered, 0 discovered, 0 enqueued
[31.506s][info][gc,ref      ] GC(39) Weak: 4507 encountered, 3443 discovered, 0 enqueued
[31.506s][info][gc,ref      ] GC(39) Final: 27 encountered, 0 discovered, 0 enqueued
[31.506s][info][gc,ref      ] GC(39) Phantom: 653 encountered, 649 discovered, 0 enqueued
[31.506s][info][gc,heap     ] GC(39)                Mark Start          Mark End        Relocate Start      Relocate End           High               Low         
[31.506s][info][gc,heap     ] GC(39)  Capacity:      750M (100%)        750M (100%)        750M (100%)        750M (100%)        750M (100%)        750M (100%)   
[31.506s][info][gc,heap     ] GC(39)   Reserve:       34M (5%)           34M (5%)           34M (5%)           34M (5%)           34M (5%)           34M (5%)     
[31.506s][info][gc,heap     ] GC(39)      Free:      252M (34%)           0M (0%)          196M (26%)         206M (27%)         252M (34%)           0M (0%)     
[31.506s][info][gc,heap     ] GC(39)      Used:      464M (62%)         716M (95%)         520M (69%)         510M (68%)         716M (95%)         464M (62%)    
[31.506s][info][gc,heap     ] GC(39)      Live:         -               214M (29%)         214M (29%)         214M (29%)            -                  -          
[31.506s][info][gc,heap     ] GC(39) Allocated:         -               252M (34%)         262M (35%)         264M (35%)            -                  -          
[31.506s][info][gc,heap     ] GC(39)   Garbage:         -               249M (33%)          43M (6%)           33M (4%)             -                  -          
[31.506s][info][gc,heap     ] GC(39) Reclaimed:         -                  -               206M (27%)         216M (29%)            -                  -          
[31.506s][info][gc          ] GC(39) Garbage Collection (Allocation Rate) 464M(62%)->510M(68%)
[31.595s][info][gc,start    ] GC(40) Garbage Collection (Allocation Rate)
[31.600s][info][gc,phases   ] GC(40) Pause Mark Start 2.492ms
[31.879s][info][gc,phases   ] GC(40) Concurrent Mark 278.875ms
[31.880s][info][gc,phases   ] GC(40) Pause Mark End 0.306ms
[31.881s][info][gc,phases   ] GC(40) Concurrent Process Non-Strong References 1.393ms
[31.881s][info][gc,phases   ] GC(40) Concurrent Reset Relocation Set 0.003ms
[31.881s][info][gc,phases   ] GC(40) Concurrent Destroy Detached Pages 0.000ms
[31.882s][info][gc          ] Allocation Stall (Executor task launch worker for task 0.0 in stage 7.0 (TID 7)) 147.319ms
[31.886s][info][gc          ] Allocation Stall (RemoteBlock-temp-file-clean-thread) 13.687ms
[31.887s][info][gc,phases   ] GC(40) Concurrent Select Relocation Set 5.588ms
[31.887s][info][gc,phases   ] GC(40) Concurrent Prepare Relocation Set 0.031ms
[31.891s][info][gc,phases   ] GC(40) Pause Relocate Start 2.205ms
[31.897s][info][gc,phases   ] GC(40) Concurrent Relocate 5.492ms
[31.897s][info][gc,load     ] GC(40) Load: 2.27/1.64/0.84
[31.897s][info][gc,mmu      ] GC(40) MMU: 2ms/0.0%, 5ms/0.0%, 10ms/0.0%, 20ms/29.2%, 50ms/48.7%, 100ms/74.1%
[31.897s][info][gc,marking  ] GC(40) Mark: 1 stripe(s), 2 proactive flush(es), 1 terminate flush(es), 0 completion(s), 0 continuation(s) 
[31.897s][info][gc,reloc    ] GC(40) Relocation: Successful, 9M relocated
[31.897s][info][gc,nmethod  ] GC(40) NMethods: 2592 registered, 0 unregistered
[31.897s][info][gc,metaspace] GC(40) Metaspace: 68M used, 72M capacity, 72M committed, 74M reserved
[31.897s][info][gc,ref      ] GC(40) Soft: 2637 encountered, 0 discovered, 0 enqueued
[31.897s][info][gc,ref      ] GC(40) Weak: 4535 encountered, 3472 discovered, 11 enqueued
[31.897s][info][gc,ref      ] GC(40) Final: 27 encountered, 0 discovered, 0 enqueued
[31.897s][info][gc,ref      ] GC(40) Phantom: 660 encountered, 656 discovered, 7 enqueued
[31.897s][info][gc,heap     ] GC(40)                Mark Start          Mark End        Relocate Start      Relocate End           High               Low         
[31.897s][info][gc,heap     ] GC(40)  Capacity:      750M (100%)        750M (100%)        750M (100%)        750M (100%)        750M (100%)        750M (100%)   
[31.897s][info][gc,heap     ] GC(40)   Reserve:       34M (5%)           34M (5%)           34M (5%)           34M (5%)           34M (5%)           34M (5%)     
[31.897s][info][gc,heap     ] GC(40)      Free:       88M (12%)           0M (0%)          362M (48%)         368M (49%)         368M (49%)           0M (0%)     
[31.897s][info][gc,heap     ] GC(40)      Used:      628M (84%)         716M (95%)         354M (47%)         348M (46%)         716M (95%)         348M (46%)    
[31.897s][info][gc,heap     ] GC(40)      Live:         -               214M (29%)         214M (29%)         214M (29%)            -                  -          
[31.897s][info][gc,heap     ] GC(40) Allocated:         -                88M (12%)          96M (13%)         102M (14%)            -                  -          
[31.897s][info][gc,heap     ] GC(40)   Garbage:         -               413M (55%)          43M (6%)           33M (4%)             -                  -          
[31.897s][info][gc,heap     ] GC(40) Reclaimed:         -                  -               370M (49%)         380M (51%)            -                  -          
[31.897s][info][gc          ] GC(40) Garbage Collection (Allocation Rate) 628M(84%)->348M(46%)
[31.995s][info][gc,start    ] GC(41) Garbage Collection (Allocation Rate)
[32.000s][info][gc,phases   ] GC(41) Pause Mark Start 2.515ms
[32.390s][info][gc,phases   ] GC(41) Concurrent Mark 390.590ms
[32.391s][info][gc,phases   ] GC(41) Pause Mark End 0.313ms
[32.393s][info][gc,phases   ] GC(41) Concurrent Process Non-Strong References 1.466ms
[32.393s][info][gc,phases   ] GC(41) Concurrent Reset Relocation Set 0.003ms
[32.393s][info][gc,phases   ] GC(41) Concurrent Destroy Detached Pages 0.001ms
[32.395s][info][gc,phases   ] GC(41) Concurrent Select Relocation Set 1.827ms
[32.395s][info][gc,phases   ] GC(41) Concurrent Prepare Relocation Set 0.027ms
[32.397s][info][gc,phases   ] GC(41) Pause Relocate Start 2.186ms
[32.397s][info][gc          ] Allocation Stall (Executor task launch worker for task 0.0 in stage 7.0 (TID 7)) 59.909ms
[32.404s][info][gc,phases   ] GC(41) Concurrent Relocate 1.739ms
[32.404s][info][gc,load     ] GC(41) Load: 2.27/1.64/0.84
[32.404s][info][gc,mmu      ] GC(41) MMU: 2ms/0.0%, 5ms/0.0%, 10ms/0.0%, 20ms/29.2%, 50ms/48.7%, 100ms/74.1%
[32.404s][info][gc,marking  ] GC(41) Mark: 1 stripe(s), 2 proactive flush(es), 1 terminate flush(es), 0 completion(s), 0 continuation(s) 
[32.404s][info][gc,reloc    ] GC(41) Relocation: Successful, 9M relocated
[32.404s][info][gc,nmethod  ] GC(41) NMethods: 2592 registered, 0 unregistered
[32.404s][info][gc,metaspace] GC(41) Metaspace: 68M used, 72M capacity, 72M committed, 74M reserved
[32.404s][info][gc,ref      ] GC(41) Soft: 2637 encountered, 0 discovered, 0 enqueued
[32.404s][info][gc,ref      ] GC(41) Weak: 4524 encountered, 3461 discovered, 0 enqueued
[32.404s][info][gc,ref      ] GC(41) Final: 27 encountered, 0 discovered, 0 enqueued
[32.404s][info][gc,ref      ] GC(41) Phantom: 653 encountered, 649 discovered, 0 enqueued
[32.404s][info][gc,heap     ] GC(41)                Mark Start          Mark End        Relocate Start      Relocate End           High               Low         
[32.404s][info][gc,heap     ] GC(41)  Capacity:      750M (100%)        750M (100%)        750M (100%)        750M (100%)        750M (100%)        750M (100%)   
[32.404s][info][gc,heap     ] GC(41)   Reserve:       34M (5%)           34M (5%)           34M (5%)           34M (5%)           34M (5%)           34M (5%)     
[32.404s][info][gc,heap     ] GC(41)      Free:      226M (30%)           0M (0%)          232M (31%)         234M (31%)         234M (31%)           0M (0%)     
[32.404s][info][gc,heap     ] GC(41)      Used:      490M (65%)         716M (95%)         484M (65%)         482M (64%)         716M (95%)         482M (64%)    
[32.404s][info][gc,heap     ] GC(41)      Live:         -               214M (29%)         214M (29%)         214M (29%)            -                  -          
[32.404s][info][gc,heap     ] GC(41) Allocated:         -               226M (30%)         228M (30%)         236M (31%)            -                  -          
[32.404s][info][gc,heap     ] GC(41)   Garbage:         -               275M (37%)          41M (6%)           33M (4%)             -                  -          
[32.404s][info][gc,heap     ] GC(41) Reclaimed:         -                  -               234M (31%)         242M (32%)            -                  -          
[32.404s][info][gc          ] GC(41) Garbage Collection (Allocation Rate) 490M(65%)->482M(64%)
[32.495s][info][gc,start    ] GC(42) Garbage Collection (Allocation Rate)
[32.500s][info][gc,phases   ] GC(42) Pause Mark Start 2.433ms
[32.791s][info][gc,phases   ] GC(42) Concurrent Mark 291.003ms
[32.792s][info][gc,phases   ] GC(42) Pause Mark End 0.288ms
[32.793s][info][gc,phases   ] GC(42) Concurrent Process Non-Strong References 1.408ms
[32.793s][info][gc,phases   ] GC(42) Concurrent Reset Relocation Set 0.003ms
[32.793s][info][gc,phases   ] GC(42) Concurrent Destroy Detached Pages 0.000ms
[32.794s][info][gc          ] Allocation Stall (Executor task launch worker for task 0.0 in stage 7.0 (TID 7)) 123.468ms
[32.799s][info][gc,phases   ] GC(42) Concurrent Select Relocation Set 5.479ms
[32.799s][info][gc,phases   ] GC(42) Concurrent Prepare Relocation Set 0.028ms
[32.803s][info][gc,phases   ] GC(42) Pause Relocate Start 2.145ms
[32.809s][info][gc,phases   ] GC(42) Concurrent Relocate 5.391ms
[32.809s][info][gc,load     ] GC(42) Load: 2.27/1.64/0.84
[32.809s][info][gc,mmu      ] GC(42) MMU: 2ms/0.0%, 5ms/0.0%, 10ms/0.0%, 20ms/29.2%, 50ms/48.7%, 100ms/74.1%
[32.809s][info][gc,marking  ] GC(42) Mark: 1 stripe(s), 2 proactive flush(es), 1 terminate flush(es), 0 completion(s), 0 continuation(s) 
[32.809s][info][gc,reloc    ] GC(42) Relocation: Successful, 9M relocated
[32.809s][info][gc,nmethod  ] GC(42) NMethods: 2592 registered, 0 unregistered
[32.809s][info][gc,metaspace] GC(42) Metaspace: 68M used, 72M capacity, 72M committed, 74M reserved
[32.809s][info][gc,ref      ] GC(42) Soft: 2637 encountered, 0 discovered, 0 enqueued
[32.809s][info][gc,ref      ] GC(42) Weak: 4524 encountered, 3461 discovered, 0 enqueued
[32.809s][info][gc,ref      ] GC(42) Final: 27 encountered, 0 discovered, 0 enqueued
[32.809s][info][gc,ref      ] GC(42) Phantom: 653 encountered, 649 discovered, 0 enqueued
[32.809s][info][gc,heap     ] GC(42)                Mark Start          Mark End        Relocate Start      Relocate End           High               Low         
[32.809s][info][gc,heap     ] GC(42)  Capacity:      750M (100%)        750M (100%)        750M (100%)        750M (100%)        750M (100%)        750M (100%)   
[32.809s][info][gc,heap     ] GC(42)   Reserve:       34M (5%)           34M (5%)           34M (5%)           34M (5%)           34M (5%)           34M (5%)     
[32.809s][info][gc,heap     ] GC(42)      Free:      118M (16%)           0M (0%)          336M (45%)         338M (45%)         340M (45%)           0M (0%)     
[32.809s][info][gc,heap     ] GC(42)      Used:      598M (80%)         716M (95%)         380M (51%)         378M (50%)         716M (95%)         376M (50%)    
[32.809s][info][gc,heap     ] GC(42)      Live:         -               214M (29%)         214M (29%)         214M (29%)            -                  -          
[32.809s][info][gc,heap     ] GC(42) Allocated:         -               118M (16%)         124M (17%)         132M (18%)            -                  -          
[32.809s][info][gc,heap     ] GC(42)   Garbage:         -               383M (51%)          41M (6%)           35M (5%)             -                  -          
[32.809s][info][gc,heap     ] GC(42) Reclaimed:         -                  -               342M (46%)         348M (46%)            -                  -          
[32.809s][info][gc          ] GC(42) Garbage Collection (Allocation Rate) 598M(80%)->378M(50%)
[32.895s][info][gc,start    ] GC(43) Garbage Collection (Allocation Rate)
[32.900s][info][gc,phases   ] GC(43) Pause Mark Start 2.500ms
[33.274s][info][gc,phases   ] GC(43) Concurrent Mark 373.243ms
[33.274s][info][gc,phases   ] GC(43) Pause Mark End 0.288ms
[33.276s][info][gc,phases   ] GC(43) Concurrent Process Non-Strong References 1.463ms
[33.276s][info][gc,phases   ] GC(43) Concurrent Reset Relocation Set 0.002ms
[33.276s][info][gc,phases   ] GC(43) Concurrent Destroy Detached Pages 0.000ms
[33.277s][info][gc,phases   ] GC(43) Concurrent Select Relocation Set 1.516ms
[33.277s][info][gc,phases   ] GC(43) Concurrent Prepare Relocation Set 0.026ms
[33.279s][info][gc,phases   ] GC(43) Pause Relocate Start 2.064ms
[33.280s][info][gc          ] Allocation Stall (Executor task launch worker for task 0.0 in stage 7.0 (TID 7)) 69.505ms
[33.288s][info][gc,phases   ] GC(43) Concurrent Relocate 5.165ms
[33.288s][info][gc,load     ] GC(43) Load: 2.27/1.64/0.84
[33.288s][info][gc,mmu      ] GC(43) MMU: 2ms/0.0%, 5ms/0.0%, 10ms/0.0%, 20ms/29.2%, 50ms/48.7%, 100ms/74.1%
[33.288s][info][gc,marking  ] GC(43) Mark: 1 stripe(s), 2 proactive flush(es), 1 terminate flush(es), 0 completion(s), 0 continuation(s) 
[33.288s][info][gc,reloc    ] GC(43) Relocation: Successful, 9M relocated
[33.288s][info][gc,nmethod  ] GC(43) NMethods: 2592 registered, 0 unregistered
[33.288s][info][gc,metaspace] GC(43) Metaspace: 68M used, 72M capacity, 72M committed, 74M reserved
[33.288s][info][gc,ref      ] GC(43) Soft: 2637 encountered, 0 discovered, 0 enqueued
[33.288s][info][gc,ref      ] GC(43) Weak: 4524 encountered, 3461 discovered, 0 enqueued
[33.288s][info][gc,ref      ] GC(43) Final: 27 encountered, 0 discovered, 0 enqueued
[33.288s][info][gc,ref      ] GC(43) Phantom: 653 encountered, 649 discovered, 0 enqueued
[33.288s][info][gc,heap     ] GC(43)                Mark Start          Mark End        Relocate Start      Relocate End           High               Low         
[33.288s][info][gc,heap     ] GC(43)  Capacity:      750M (100%)        750M (100%)        750M (100%)        750M (100%)        750M (100%)        750M (100%)   
[33.288s][info][gc,heap     ] GC(43)   Reserve:       34M (5%)           34M (5%)           34M (5%)           34M (5%)           34M (5%)           34M (5%)     
[33.288s][info][gc,heap     ] GC(43)      Free:      216M (29%)           0M (0%)          242M (32%)         242M (32%)         242M (32%)           0M (0%)     
[33.288s][info][gc,heap     ] GC(43)      Used:      500M (67%)         716M (95%)         474M (63%)         474M (63%)         716M (95%)         474M (63%)    
[33.288s][info][gc,heap     ] GC(43)      Live:         -               214M (29%)         214M (29%)         214M (29%)            -                  -          
[33.288s][info][gc,heap     ] GC(43) Allocated:         -               216M (29%)         218M (29%)         228M (30%)            -                  -          
[33.288s][info][gc,heap     ] GC(43)   Garbage:         -               285M (38%)          41M (6%)           33M (4%)             -                  -          
[33.288s][info][gc,heap     ] GC(43) Reclaimed:         -                  -               244M (33%)         252M (34%)            -                  -          
[33.288s][info][gc          ] GC(43) Garbage Collection (Allocation Rate) 500M(67%)->474M(63%)
[33.295s][info][gc,start    ] GC(44) Garbage Collection (Allocation Rate)
[33.300s][info][gc,phases   ] GC(44) Pause Mark Start 2.559ms
[33.677s][info][gc,phases   ] GC(44) Concurrent Mark 376.933ms
[33.678s][info][gc,phases   ] GC(44) Pause Mark End 0.295ms
[33.679s][info][gc,phases   ] GC(44) Concurrent Process Non-Strong References 1.432ms
[33.679s][info][gc,phases   ] GC(44) Concurrent Reset Relocation Set 0.002ms
[33.679s][info][gc,phases   ] GC(44) Concurrent Destroy Detached Pages 0.000ms
[33.681s][info][gc,phases   ] GC(44) Concurrent Select Relocation Set 1.511ms
[33.681s][info][gc,phases   ] GC(44) Concurrent Prepare Relocation Set 0.028ms
[33.683s][info][gc,phases   ] GC(44) Pause Relocate Start 2.072ms
[33.683s][info][gc          ] Allocation Stall (Executor task launch worker for task 0.0 in stage 7.0 (TID 7)) 43.273ms
[33.689s][info][gc,phases   ] GC(44) Concurrent Relocate 5.625ms
[33.689s][info][gc,load     ] GC(44) Load: 2.27/1.64/0.84
[33.689s][info][gc,mmu      ] GC(44) MMU: 2ms/0.0%, 5ms/0.0%, 10ms/0.0%, 20ms/29.2%, 50ms/48.7%, 100ms/74.1%
[33.689s][info][gc,marking  ] GC(44) Mark: 1 stripe(s), 2 proactive flush(es), 1 terminate flush(es), 0 completion(s), 0 continuation(s) 
[33.689s][info][gc,reloc    ] GC(44) Relocation: Successful, 9M relocated
[33.689s][info][gc,nmethod  ] GC(44) NMethods: 2592 registered, 0 unregistered
[33.689s][info][gc,metaspace] GC(44) Metaspace: 68M used, 72M capacity, 72M committed, 74M reserved
[33.689s][info][gc,ref      ] GC(44) Soft: 2637 encountered, 0 discovered, 0 enqueued
[33.689s][info][gc,ref      ] GC(44) Weak: 4524 encountered, 3461 discovered, 0 enqueued
[33.689s][info][gc,ref      ] GC(44) Final: 27 encountered, 0 discovered, 0 enqueued
[33.689s][info][gc,ref      ] GC(44) Phantom: 653 encountered, 649 discovered, 0 enqueued
[33.689s][info][gc,heap     ] GC(44)                Mark Start          Mark End        Relocate Start      Relocate End           High               Low         
[33.689s][info][gc,heap     ] GC(44)  Capacity:      750M (100%)        750M (100%)        750M (100%)        750M (100%)        750M (100%)        750M (100%)   
[33.689s][info][gc,heap     ] GC(44)   Reserve:       34M (5%)           34M (5%)           34M (5%)           34M (5%)           34M (5%)           34M (5%)     
[33.689s][info][gc,heap     ] GC(44)      Free:      232M (31%)           0M (0%)          228M (30%)         230M (31%)         232M (31%)           0M (0%)     
[33.689s][info][gc,heap     ] GC(44)      Used:      484M (65%)         716M (95%)         488M (65%)         486M (65%)         716M (95%)         484M (65%)    
[33.689s][info][gc,heap     ] GC(44)      Live:         -               214M (29%)         214M (29%)         214M (29%)            -                  -          
[33.689s][info][gc,heap     ] GC(44) Allocated:         -               232M (31%)         234M (31%)         240M (32%)            -                  -          
[33.689s][info][gc,heap     ] GC(44)   Garbage:         -               269M (36%)          39M (5%)           33M (4%)             -                  -          
[33.689s][info][gc,heap     ] GC(44) Reclaimed:         -                  -               230M (31%)         236M (31%)            -                  -          
[33.689s][info][gc          ] GC(44) Garbage Collection (Allocation Rate) 484M(65%)->486M(65%)
[33.695s][info][gc,start    ] GC(45) Garbage Collection (Allocation Rate)
[33.700s][info][gc,phases   ] GC(45) Pause Mark Start 2.549ms
[34.100s][info][gc,phases   ] GC(45) Concurrent Mark 400.324ms
[34.101s][info][gc,phases   ] GC(45) Pause Mark End 0.326ms
[34.102s][info][gc,phases   ] GC(45) Concurrent Process Non-Strong References 1.396ms
[34.102s][info][gc,phases   ] GC(45) Concurrent Reset Relocation Set 0.002ms
[34.102s][info][gc,phases   ] GC(45) Concurrent Destroy Detached Pages 0.000ms
[34.102s][info][gc          ] Allocation Stall (Executor task launch worker for task 0.0 in stage 7.0 (TID 7)) 72.970ms
[34.108s][info][gc,phases   ] GC(45) Concurrent Select Relocation Set 5.530ms
[34.108s][info][gc,phases   ] GC(45) Concurrent Prepare Relocation Set 0.029ms
[34.112s][info][gc,phases   ] GC(45) Pause Relocate Start 2.147ms
[34.118s][info][gc,phases   ] GC(45) Concurrent Relocate 6.071ms
[34.118s][info][gc,load     ] GC(45) Load: 2.27/1.64/0.84
[34.118s][info][gc,mmu      ] GC(45) MMU: 2ms/0.0%, 5ms/0.0%, 10ms/0.0%, 20ms/29.2%, 50ms/48.7%, 100ms/74.1%
[34.118s][info][gc,marking  ] GC(45) Mark: 1 stripe(s), 2 proactive flush(es), 1 terminate flush(es), 0 completion(s), 0 continuation(s) 
[34.118s][info][gc,reloc    ] GC(45) Relocation: Successful, 9M relocated
[34.118s][info][gc,nmethod  ] GC(45) NMethods: 2592 registered, 0 unregistered
[34.118s][info][gc,metaspace] GC(45) Metaspace: 68M used, 72M capacity, 72M committed, 74M reserved
[34.118s][info][gc,ref      ] GC(45) Soft: 2637 encountered, 0 discovered, 0 enqueued
[34.118s][info][gc,ref      ] GC(45) Weak: 4524 encountered, 3461 discovered, 0 enqueued
[34.118s][info][gc,ref      ] GC(45) Final: 27 encountered, 0 discovered, 0 enqueued
[34.118s][info][gc,ref      ] GC(45) Phantom: 653 encountered, 649 discovered, 0 enqueued
[34.118s][info][gc,heap     ] GC(45)                Mark Start          Mark End        Relocate Start      Relocate End           High               Low         
[34.118s][info][gc,heap     ] GC(45)  Capacity:      750M (100%)        750M (100%)        750M (100%)        750M (100%)        750M (100%)        750M (100%)   
[34.118s][info][gc,heap     ] GC(45)   Reserve:       34M (5%)           34M (5%)           34M (5%)           34M (5%)           34M (5%)           34M (5%)     
[34.118s][info][gc,heap     ] GC(45)      Free:      220M (29%)           0M (0%)          236M (31%)         236M (31%)         240M (32%)           0M (0%)     
[34.118s][info][gc,heap     ] GC(45)      Used:      496M (66%)         716M (95%)         480M (64%)         480M (64%)         716M (95%)         476M (63%)    
[34.118s][info][gc,heap     ] GC(45)      Live:         -               214M (29%)         214M (29%)         214M (29%)            -                  -          
[34.118s][info][gc,heap     ] GC(45) Allocated:         -               220M (29%)         226M (30%)         234M (31%)            -                  -          
[34.118s][info][gc,heap     ] GC(45)   Garbage:         -               281M (38%)          39M (5%)           35M (5%)             -                  -          
[34.118s][info][gc,heap     ] GC(45) Reclaimed:         -                  -               242M (32%)         246M (33%)            -                  -          
[34.118s][info][gc          ] GC(45) Garbage Collection (Allocation Rate) 496M(66%)->480M(64%)
[34.144s][info][gc,heap     ] Page Cache Flushed: 6M requested, 6M(234M->228M) flushed
[34.188s][info][gc,start    ] GC(46) Garbage Collection (System.gc())
[34.190s][info][gc,phases   ] GC(46) Pause Mark Start 2.515ms
[34.400s][info][gc,phases   ] GC(46) Concurrent Mark 209.134ms
[34.400s][info][gc,phases   ] GC(46) Pause Mark End 0.313ms
[34.402s][info][gc,phases   ] GC(46) Concurrent Process Non-Strong References 2.023ms
[34.404s][info][gc,phases   ] GC(46) Concurrent Reset Relocation Set 0.004ms
[34.404s][info][gc,phases   ] GC(46) Concurrent Destroy Detached Pages 0.006ms
[34.406s][info][gc,phases   ] GC(46) Concurrent Select Relocation Set 1.629ms
[34.406s][info][gc,phases   ] GC(46) Concurrent Prepare Relocation Set 0.031ms
[34.412s][info][gc,phases   ] GC(46) Pause Relocate Start 2.161ms
[34.414s][info][gc,phases   ] GC(46) Concurrent Relocate 1.650ms
[34.414s][info][gc,load     ] GC(46) Load: 2.27/1.64/0.84
[34.414s][info][gc,mmu      ] GC(46) MMU: 2ms/0.0%, 5ms/0.0%, 10ms/0.0%, 20ms/29.2%, 50ms/48.7%, 100ms/74.1%
[34.414s][info][gc,marking  ] GC(46) Mark: 1 stripe(s), 2 proactive flush(es), 1 terminate flush(es), 0 completion(s), 0 continuation(s) 
[34.414s][info][gc,reloc    ] GC(46) Relocation: Successful, 9M relocated
[34.414s][info][gc,nmethod  ] GC(46) NMethods: 2648 registered, 0 unregistered
[34.414s][info][gc,metaspace] GC(46) Metaspace: 68M used, 72M capacity, 72M committed, 74M reserved
[34.414s][info][gc,ref      ] GC(46) Soft: 2639 encountered, 0 discovered, 0 enqueued
[34.414s][info][gc,ref      ] GC(46) Weak: 4595 encountered, 3582 discovered, 118 enqueued
[34.414s][info][gc,ref      ] GC(46) Final: 27 encountered, 0 discovered, 0 enqueued
[34.414s][info][gc,ref      ] GC(46) Phantom: 653 encountered, 649 discovered, 0 enqueued
[34.414s][info][gc,heap     ] GC(46)                Mark Start          Mark End        Relocate Start      Relocate End           High               Low         
[34.414s][info][gc,heap     ] GC(46)  Capacity:      750M (100%)        750M (100%)        750M (100%)        750M (100%)        750M (100%)        750M (100%)   
[34.414s][info][gc,heap     ] GC(46)   Reserve:       34M (5%)           34M (5%)           34M (5%)           34M (5%)           34M (5%)           34M (5%)     
[34.414s][info][gc,heap     ] GC(46)      Free:      226M (30%)         224M (30%)         458M (61%)         466M (62%)         466M (62%)         224M (30%)    
[34.414s][info][gc,heap     ] GC(46)      Used:      490M (65%)         492M (66%)         258M (34%)         250M (33%)         492M (66%)         250M (33%)    
[34.414s][info][gc,heap     ] GC(46)      Live:         -               214M (29%)         214M (29%)         214M (29%)            -                  -          
[34.414s][info][gc,heap     ] GC(46) Allocated:         -                 2M (0%)            2M (0%)            4M (1%)             -                  -          
[34.414s][info][gc,heap     ] GC(46)   Garbage:         -               275M (37%)          41M (6%)           33M (4%)             -                  -          
[34.414s][info][gc,heap     ] GC(46) Reclaimed:         -                  -               234M (31%)         242M (32%)            -                  -          
[34.414s][info][gc          ] GC(46) Garbage Collection (System.gc()) 490M(65%)->250M(33%)
[34.428s][info][gc,heap     ] Page Cache Flushed: 32M requested, 32M(464M->432M) flushed
[34.485s][info][gc,heap     ] Page Cache Flushed: 6M requested, 6M(424M->418M) flushed
[34.495s][info][gc,start    ] GC(47) Garbage Collection (Allocation Rate)
[34.499s][info][gc,phases   ] GC(47) Pause Mark Start 3.158ms
[34.573s][info][gc,heap     ] Page Cache Flushed: 32M requested, 32M(410M->378M) flushed
[34.669s][info][gc,heap     ] Page Cache Flushed: 6M requested, 6M(374M->368M) flushed
[35.200s][info][gc,phases   ] GC(47) Concurrent Mark 700.763ms
[35.203s][info][gc,phases   ] GC(47) Pause Mark End 0.332ms
[35.205s][info][gc,phases   ] GC(47) Concurrent Process Non-Strong References 1.511ms
[35.205s][info][gc,phases   ] GC(47) Concurrent Reset Relocation Set 0.002ms
[35.205s][info][gc,phases   ] GC(47) Concurrent Destroy Detached Pages 0.029ms
[35.206s][info][gc,phases   ] GC(47) Concurrent Select Relocation Set 1.555ms
[35.206s][info][gc,phases   ] GC(47) Concurrent Prepare Relocation Set 0.030ms
[35.209s][info][gc,phases   ] GC(47) Pause Relocate Start 2.140ms
[35.220s][info][gc,phases   ] GC(47) Concurrent Relocate 9.371ms
[35.220s][info][gc,load     ] GC(47) Load: 2.27/1.64/0.84
[35.220s][info][gc,mmu      ] GC(47) MMU: 2ms/0.0%, 5ms/0.0%, 10ms/0.0%, 20ms/29.2%, 50ms/48.7%, 100ms/74.1%
[35.220s][info][gc,marking  ] GC(47) Mark: 1 stripe(s), 2 proactive flush(es), 1 terminate flush(es), 0 completion(s), 0 continuation(s) 
[35.220s][info][gc,reloc    ] GC(47) Relocation: Successful, 9M relocated
[35.220s][info][gc,nmethod  ] GC(47) NMethods: 2726 registered, 0 unregistered
[35.220s][info][gc,metaspace] GC(47) Metaspace: 68M used, 72M capacity, 72M committed, 74M reserved
[35.220s][info][gc,ref      ] GC(47) Soft: 2641 encountered, 0 discovered, 0 enqueued
[35.220s][info][gc,ref      ] GC(47) Weak: 4563 encountered, 3548 discovered, 4 enqueued
[35.220s][info][gc,ref      ] GC(47) Final: 27 encountered, 0 discovered, 0 enqueued
[35.220s][info][gc,ref      ] GC(47) Phantom: 653 encountered, 649 discovered, 0 enqueued
[35.220s][info][gc,heap     ] GC(47)                Mark Start          Mark End        Relocate Start      Relocate End           High               Low         
[35.220s][info][gc,heap     ] GC(47)  Capacity:      750M (100%)        750M (100%)        750M (100%)        750M (100%)        750M (100%)        750M (100%)   
[35.220s][info][gc,heap     ] GC(47)   Reserve:       34M (5%)           34M (5%)           34M (5%)           34M (5%)           34M (5%)           34M (5%)     
[35.220s][info][gc,heap     ] GC(47)      Free:      418M (56%)         136M (18%)         174M (23%)         178M (24%)         418M (56%)         136M (18%)    
[35.220s][info][gc,heap     ] GC(47)      Used:      298M (40%)         580M (77%)         542M (72%)         538M (72%)         580M (77%)         298M (40%)    
[35.220s][info][gc,heap     ] GC(47)      Live:         -               214M (29%)         214M (29%)         214M (29%)            -                  -          
[35.220s][info][gc,heap     ] GC(47) Allocated:         -               282M (38%)         282M (38%)         292M (39%)            -                  -          
[35.220s][info][gc,heap     ] GC(47)   Garbage:         -                83M (11%)          45M (6%)           33M (4%)             -                  -          
[35.220s][info][gc,heap     ] GC(47) Reclaimed:         -                  -                38M (5%)           50M (7%)             -                  -          
[35.220s][info][gc          ] GC(47) Garbage Collection (Allocation Rate) 298M(40%)->538M(72%)
[35.295s][info][gc,start    ] GC(48) Garbage Collection (Allocation Rate)
[35.307s][info][gc,phases   ] GC(48) Pause Mark Start 2.605ms
[35.508s][info][gc,heap     ] Page Cache Flushed: 2M requested, 6M(38M->32M) flushed
[35.525s][info][gc,heap     ] Page Cache Flushed: 2M requested, 32M(32M->0M) flushed
[35.845s][info][gc,phases   ] GC(48) Concurrent Mark 537.989ms
[35.848s][info][gc,phases   ] GC(48) Pause Mark End 2.956ms
[35.852s][info][gc,phases   ] GC(48) Concurrent Process Non-Strong References 3.391ms
[35.852s][info][gc,phases   ] GC(48) Concurrent Reset Relocation Set 0.004ms
[35.852s][info][gc,phases   ] GC(48) Concurrent Destroy Detached Pages 0.004ms
[35.854s][info][gc,phases   ] GC(48) Concurrent Select Relocation Set 1.641ms
[35.854s][info][gc,phases   ] GC(48) Concurrent Prepare Relocation Set 0.033ms
[35.857s][info][gc,phases   ] GC(48) Pause Relocate Start 2.662ms
[35.857s][info][gc          ] Allocation Stall (driver-heartbeater) 81.472ms
[35.857s][info][gc          ] Allocation Stall (Executor task launch worker for task 0.0 in stage 10.0 (TID 10)) 240.910ms
[35.876s][info][gc,phases   ] GC(48) Concurrent Relocate 12.331ms
[35.876s][info][gc,load     ] GC(48) Load: 2.24/1.64/0.85
[35.876s][info][gc,mmu      ] GC(48) MMU: 2ms/0.0%, 5ms/0.0%, 10ms/0.0%, 20ms/29.2%, 50ms/48.7%, 100ms/74.1%
[35.876s][info][gc,marking  ] GC(48) Mark: 1 stripe(s), 2 proactive flush(es), 1 terminate flush(es), 0 completion(s), 0 continuation(s) 
[35.876s][info][gc,reloc    ] GC(48) Relocation: Successful, 9M relocated
[35.876s][info][gc,nmethod  ] GC(48) NMethods: 2734 registered, 0 unregistered
[35.876s][info][gc,metaspace] GC(48) Metaspace: 68M used, 72M capacity, 72M committed, 74M reserved
[35.876s][info][gc,ref      ] GC(48) Soft: 2644 encountered, 0 discovered, 0 enqueued
[35.876s][info][gc,ref      ] GC(48) Weak: 4629 encountered, 3557 discovered, 69 enqueued
[35.876s][info][gc,ref      ] GC(48) Final: 27 encountered, 0 discovered, 0 enqueued
[35.876s][info][gc,ref      ] GC(48) Phantom: 653 encountered, 649 discovered, 0 enqueued
[35.876s][info][gc,heap     ] GC(48)                Mark Start          Mark End        Relocate Start      Relocate End           High               Low         
[35.876s][info][gc,heap     ] GC(48)  Capacity:      750M (100%)        750M (100%)        750M (100%)        750M (100%)        750M (100%)        750M (100%)   
[35.876s][info][gc,heap     ] GC(48)   Reserve:       34M (5%)           34M (5%)           34M (5%)           34M (5%)           34M (5%)           34M (5%)     
[35.876s][info][gc,heap     ] GC(48)      Free:      124M (17%)           0M (0%)          318M (42%)         330M (44%)         330M (44%)           0M (0%)     
[35.876s][info][gc,heap     ] GC(48)      Used:      592M (79%)         716M (95%)         398M (53%)         386M (51%)         716M (95%)         386M (51%)    
[35.876s][info][gc,heap     ] GC(48)      Live:         -               214M (29%)         214M (29%)         214M (29%)            -                  -          
[35.876s][info][gc,heap     ] GC(48) Allocated:         -               124M (17%)         128M (17%)         144M (19%)            -                  -          
[35.876s][info][gc,heap     ] GC(48)   Garbage:         -               377M (50%)          55M (7%)           39M (5%)             -                  -          
[35.876s][info][gc,heap     ] GC(48) Reclaimed:         -                  -               322M (43%)         338M (45%)            -                  -          
[35.876s][info][gc          ] GC(48) Garbage Collection (Allocation Rate) 592M(79%)->386M(51%)
[35.895s][info][gc,start    ] GC(49) Garbage Collection (Allocation Rate)
[35.900s][info][gc,phases   ] GC(49) Pause Mark Start 2.575ms
[36.309s][info][gc,heap     ] Page Cache Flushed: 2M requested, 6M(38M->32M) flushed
[36.320s][info][gc,heap     ] Page Cache Flushed: 2M requested, 32M(32M->0M) flushed
[36.347s][info][gc,phases   ] GC(49) Concurrent Mark 446.415ms
[36.357s][info][gc,phases   ] GC(49) Pause Mark End 0.335ms
[36.359s][info][gc,phases   ] GC(49) Concurrent Process Non-Strong References 1.564ms
[36.359s][info][gc,phases   ] GC(49) Concurrent Reset Relocation Set 0.004ms
[36.359s][info][gc,phases   ] GC(49) Concurrent Destroy Detached Pages 0.002ms
[36.360s][info][gc,phases   ] GC(49) Concurrent Select Relocation Set 1.517ms
[36.360s][info][gc,phases   ] GC(49) Concurrent Prepare Relocation Set 0.028ms
[36.363s][info][gc,phases   ] GC(49) Pause Relocate Start 2.293ms
[36.368s][info][gc,phases   ] GC(49) Concurrent Relocate 5.311ms
[36.368s][info][gc,load     ] GC(49) Load: 2.24/1.64/0.85
[36.368s][info][gc,mmu      ] GC(49) MMU: 2ms/0.0%, 5ms/0.0%, 10ms/0.0%, 20ms/29.2%, 50ms/48.7%, 100ms/74.1%
[36.368s][info][gc,marking  ] GC(49) Mark: 1 stripe(s), 2 proactive flush(es), 1 terminate flush(es), 0 completion(s), 0 continuation(s) 
[36.368s][info][gc,reloc    ] GC(49) Relocation: Successful, 9M relocated
[36.368s][info][gc,nmethod  ] GC(49) NMethods: 2749 registered, 0 unregistered
[36.368s][info][gc,metaspace] GC(49) Metaspace: 68M used, 72M capacity, 72M committed, 74M reserved
[36.368s][info][gc,ref      ] GC(49) Soft: 2644 encountered, 0 discovered, 0 enqueued
[36.368s][info][gc,ref      ] GC(49) Weak: 4569 encountered, 3509 discovered, 15 enqueued
[36.368s][info][gc,ref      ] GC(49) Final: 27 encountered, 0 discovered, 0 enqueued
[36.368s][info][gc,ref      ] GC(49) Phantom: 653 encountered, 649 discovered, 0 enqueued
[36.368s][info][gc,heap     ] GC(49)                Mark Start          Mark End        Relocate Start      Relocate End           High               Low         
[36.368s][info][gc,heap     ] GC(49)  Capacity:      750M (100%)        750M (100%)        750M (100%)        750M (100%)        750M (100%)        750M (100%)   
[36.368s][info][gc,heap     ] GC(49)   Reserve:       34M (5%)           34M (5%)           34M (5%)           34M (5%)           34M (5%)           34M (5%)     
[36.368s][info][gc,heap     ] GC(49)      Free:      318M (42%)          14M (2%)          148M (20%)         160M (21%)         318M (42%)          14M (2%)     
[36.368s][info][gc,heap     ] GC(49)      Used:      398M (53%)         702M (94%)         568M (76%)         556M (74%)         702M (94%)         398M (53%)    
[36.368s][info][gc,heap     ] GC(49)      Live:         -               214M (29%)         214M (29%)         214M (29%)            -                  -          
[36.368s][info][gc,heap     ] GC(49) Allocated:         -               304M (41%)         304M (41%)         310M (41%)            -                  -          
[36.368s][info][gc,heap     ] GC(49)   Garbage:         -               183M (24%)          49M (7%)           33M (4%)             -                  -          
[36.368s][info][gc,heap     ] GC(49) Reclaimed:         -                  -               134M (18%)         150M (20%)            -                  -          
[36.368s][info][gc          ] GC(49) Garbage Collection (Allocation Rate) 398M(53%)->556M(74%)
[36.395s][info][gc,start    ] GC(50) Garbage Collection (Allocation Rate)
[36.401s][info][gc,phases   ] GC(50) Pause Mark Start 2.606ms
[36.722s][info][gc,phases   ] GC(50) Concurrent Mark 321.444ms
[36.723s][info][gc,phases   ] GC(50) Pause Mark End 0.328ms
[36.724s][info][gc,phases   ] GC(50) Concurrent Process Non-Strong References 1.479ms
[36.724s][info][gc,phases   ] GC(50) Concurrent Reset Relocation Set 0.003ms
[36.724s][info][gc,phases   ] GC(50) Concurrent Destroy Detached Pages 0.000ms
[36.726s][info][gc,phases   ] GC(50) Concurrent Select Relocation Set 1.513ms
[36.726s][info][gc,phases   ] GC(50) Concurrent Prepare Relocation Set 0.027ms
[36.728s][info][gc,phases   ] GC(50) Pause Relocate Start 2.125ms
[36.728s][info][gc          ] Allocation Stall (Executor task launch worker for task 0.0 in stage 10.0 (TID 10)) 147.666ms
[36.736s][info][gc,phases   ] GC(50) Concurrent Relocate 5.526ms
[36.736s][info][gc,load     ] GC(50) Load: 2.24/1.64/0.85
[36.736s][info][gc,mmu      ] GC(50) MMU: 2ms/0.0%, 5ms/0.0%, 10ms/0.0%, 20ms/29.2%, 50ms/48.7%, 100ms/74.1%
[36.736s][info][gc,marking  ] GC(50) Mark: 1 stripe(s), 2 proactive flush(es), 1 terminate flush(es), 0 completion(s), 0 continuation(s) 
[36.736s][info][gc,reloc    ] GC(50) Relocation: Successful, 9M relocated
[36.736s][info][gc,nmethod  ] GC(50) NMethods: 2749 registered, 0 unregistered
[36.736s][info][gc,metaspace] GC(50) Metaspace: 68M used, 72M capacity, 72M committed, 74M reserved
[36.736s][info][gc,ref      ] GC(50) Soft: 2644 encountered, 0 discovered, 0 enqueued
[36.736s][info][gc,ref      ] GC(50) Weak: 4554 encountered, 3494 discovered, 0 enqueued
[36.736s][info][gc,ref      ] GC(50) Final: 27 encountered, 0 discovered, 0 enqueued
[36.736s][info][gc,ref      ] GC(50) Phantom: 653 encountered, 649 discovered, 0 enqueued
[36.736s][info][gc,heap     ] GC(50)                Mark Start          Mark End        Relocate Start      Relocate End           High               Low         
[36.736s][info][gc,heap     ] GC(50)  Capacity:      750M (100%)        750M (100%)        750M (100%)        750M (100%)        750M (100%)        750M (100%)   
[36.736s][info][gc,heap     ] GC(50)   Reserve:       34M (5%)           34M (5%)           34M (5%)           34M (5%)           34M (5%)           34M (5%)     
[36.736s][info][gc,heap     ] GC(50)      Free:      122M (16%)           0M (0%)          336M (45%)         336M (45%)         336M (45%)           0M (0%)     
[36.736s][info][gc,heap     ] GC(50)      Used:      594M (79%)         716M (95%)         380M (51%)         380M (51%)         716M (95%)         380M (51%)    
[36.736s][info][gc,heap     ] GC(50)      Live:         -               214M (29%)         214M (29%)         214M (29%)            -                  -          
[36.736s][info][gc,heap     ] GC(50) Allocated:         -               122M (16%)         124M (17%)         134M (18%)            -                  -          
[36.736s][info][gc,heap     ] GC(50)   Garbage:         -               379M (51%)          41M (6%)           33M (4%)             -                  -          
[36.736s][info][gc,heap     ] GC(50) Reclaimed:         -                  -               338M (45%)         346M (46%)            -                  -          
[36.736s][info][gc          ] GC(50) Garbage Collection (Allocation Rate) 594M(79%)->380M(51%)
[36.795s][info][gc,start    ] GC(51) Garbage Collection (Allocation Rate)
[36.800s][info][gc,phases   ] GC(51) Pause Mark Start 2.623ms
[37.205s][info][gc,phases   ] GC(51) Concurrent Mark 404.866ms
[37.206s][info][gc,phases   ] GC(51) Pause Mark End 0.384ms
[37.208s][info][gc,phases   ] GC(51) Concurrent Process Non-Strong References 1.597ms
[37.208s][info][gc,phases   ] GC(51) Concurrent Reset Relocation Set 0.003ms
[37.208s][info][gc,phases   ] GC(51) Concurrent Destroy Detached Pages 0.001ms
[37.209s][info][gc,phases   ] GC(51) Concurrent Select Relocation Set 1.587ms
[37.209s][info][gc,phases   ] GC(51) Concurrent Prepare Relocation Set 0.024ms
[37.212s][info][gc,phases   ] GC(51) Pause Relocate Start 2.245ms
[37.212s][info][gc          ] Allocation Stall (Executor task launch worker for task 0.0 in stage 10.0 (TID 10)) 44.550ms
[37.220s][info][gc,phases   ] GC(51) Concurrent Relocate 5.555ms
[37.220s][info][gc,load     ] GC(51) Load: 2.24/1.64/0.85
[37.220s][info][gc,mmu      ] GC(51) MMU: 2ms/0.0%, 5ms/0.0%, 10ms/0.0%, 20ms/29.2%, 50ms/48.7%, 100ms/74.1%
[37.220s][info][gc,marking  ] GC(51) Mark: 1 stripe(s), 2 proactive flush(es), 1 terminate flush(es), 0 completion(s), 0 continuation(s) 
[37.220s][info][gc,reloc    ] GC(51) Relocation: Successful, 9M relocated
[37.220s][info][gc,nmethod  ] GC(51) NMethods: 2749 registered, 0 unregistered
[37.220s][info][gc,metaspace] GC(51) Metaspace: 68M used, 72M capacity, 72M committed, 74M reserved
[37.220s][info][gc,ref      ] GC(51) Soft: 2644 encountered, 0 discovered, 0 enqueued
[37.220s][info][gc,ref      ] GC(51) Weak: 4554 encountered, 3494 discovered, 0 enqueued
[37.220s][info][gc,ref      ] GC(51) Final: 27 encountered, 0 discovered, 0 enqueued
[37.220s][info][gc,ref      ] GC(51) Phantom: 653 encountered, 649 discovered, 0 enqueued
[37.220s][info][gc,heap     ] GC(51)                Mark Start          Mark End        Relocate Start      Relocate End           High               Low         
[37.220s][info][gc,heap     ] GC(51)  Capacity:      750M (100%)        750M (100%)        750M (100%)        750M (100%)        750M (100%)        750M (100%)   
[37.220s][info][gc,heap     ] GC(51)   Reserve:       34M (5%)           34M (5%)           34M (5%)           34M (5%)           34M (5%)           34M (5%)     
[37.220s][info][gc,heap     ] GC(51)      Free:      248M (33%)           0M (0%)          210M (28%)         210M (28%)         248M (33%)           0M (0%)     
[37.220s][info][gc,heap     ] GC(51)      Used:      468M (62%)         716M (95%)         506M (67%)         506M (67%)         716M (95%)         468M (62%)    
[37.220s][info][gc,heap     ] GC(51)      Live:         -               214M (29%)         214M (29%)         214M (29%)            -                  -          
[37.220s][info][gc,heap     ] GC(51) Allocated:         -               248M (33%)         250M (33%)         260M (35%)            -                  -          
[37.220s][info][gc,heap     ] GC(51)   Garbage:         -               253M (34%)          41M (6%)           33M (4%)             -                  -          
[37.220s][info][gc,heap     ] GC(51) Reclaimed:         -                  -               212M (28%)         220M (29%)            -                  -          
[37.220s][info][gc          ] GC(51) Garbage Collection (Allocation Rate) 468M(62%)->506M(67%)
[37.296s][info][gc,start    ] GC(52) Garbage Collection (Allocation Rate)
[37.301s][info][gc,phases   ] GC(52) Pause Mark Start 2.615ms
[37.615s][info][gc,phases   ] GC(52) Concurrent Mark 314.218ms
[37.616s][info][gc,phases   ] GC(52) Pause Mark End 0.330ms
[37.617s][info][gc,phases   ] GC(52) Concurrent Process Non-Strong References 1.594ms
[37.617s][info][gc,phases   ] GC(52) Concurrent Reset Relocation Set 0.003ms
[37.617s][info][gc,phases   ] GC(52) Concurrent Destroy Detached Pages 0.001ms
[37.619s][info][gc,phases   ] GC(52) Concurrent Select Relocation Set 1.556ms
[37.619s][info][gc,phases   ] GC(52) Concurrent Prepare Relocation Set 0.024ms
[37.621s][info][gc,phases   ] GC(52) Pause Relocate Start 2.138ms
[37.621s][info][gc          ] Allocation Stall (Executor task launch worker for task 0.0 in stage 10.0 (TID 10)) 155.087ms
[37.628s][info][gc,phases   ] GC(52) Concurrent Relocate 5.485ms
[37.629s][info][gc,load     ] GC(52) Load: 2.24/1.64/0.85
[37.629s][info][gc,mmu      ] GC(52) MMU: 2ms/0.0%, 5ms/0.0%, 10ms/0.0%, 20ms/29.2%, 50ms/48.7%, 100ms/74.1%
[37.629s][info][gc,marking  ] GC(52) Mark: 1 stripe(s), 2 proactive flush(es), 1 terminate flush(es), 0 completion(s), 0 continuation(s) 
[37.629s][info][gc,reloc    ] GC(52) Relocation: Successful, 9M relocated
[37.629s][info][gc,nmethod  ] GC(52) NMethods: 2749 registered, 0 unregistered
[37.629s][info][gc,metaspace] GC(52) Metaspace: 68M used, 72M capacity, 72M committed, 74M reserved
[37.629s][info][gc,ref      ] GC(52) Soft: 2644 encountered, 0 discovered, 0 enqueued
[37.629s][info][gc,ref      ] GC(52) Weak: 4554 encountered, 3494 discovered, 0 enqueued
[37.629s][info][gc,ref      ] GC(52) Final: 27 encountered, 0 discovered, 0 enqueued
[37.629s][info][gc,ref      ] GC(52) Phantom: 653 encountered, 649 discovered, 0 enqueued
[37.629s][info][gc,heap     ] GC(52)                Mark Start          Mark End        Relocate Start      Relocate End           High               Low         
[37.629s][info][gc,heap     ] GC(52)  Capacity:      750M (100%)        750M (100%)        750M (100%)        750M (100%)        750M (100%)        750M (100%)   
[37.629s][info][gc,heap     ] GC(52)   Reserve:       34M (5%)           34M (5%)           34M (5%)           34M (5%)           34M (5%)           34M (5%)     
[37.629s][info][gc,heap     ] GC(52)      Free:      106M (14%)           0M (0%)          352M (47%)         354M (47%)         354M (47%)           0M (0%)     
[37.629s][info][gc,heap     ] GC(52)      Used:      610M (81%)         716M (95%)         364M (49%)         362M (48%)         716M (95%)         362M (48%)    
[37.629s][info][gc,heap     ] GC(52)      Live:         -               214M (29%)         214M (29%)         214M (29%)            -                  -          
[37.629s][info][gc,heap     ] GC(52) Allocated:         -               106M (14%)         108M (14%)         116M (15%)            -                  -          
[37.629s][info][gc,heap     ] GC(52)   Garbage:         -               395M (53%)          41M (6%)           33M (4%)             -                  -          
[37.629s][info][gc,heap     ] GC(52) Reclaimed:         -                  -               354M (47%)         362M (48%)            -                  -          
[37.629s][info][gc          ] GC(52) Garbage Collection (Allocation Rate) 610M(81%)->362M(48%)
[37.695s][info][gc,start    ] GC(53) Garbage Collection (Allocation Rate)
[37.700s][info][gc,phases   ] GC(53) Pause Mark Start 2.597ms
[38.086s][info][gc,phases   ] GC(53) Concurrent Mark 386.133ms
[38.087s][info][gc,phases   ] GC(53) Pause Mark End 0.333ms
[38.089s][info][gc,phases   ] GC(53) Concurrent Process Non-Strong References 1.627ms
[38.089s][info][gc,phases   ] GC(53) Concurrent Reset Relocation Set 0.003ms
[38.089s][info][gc,phases   ] GC(53) Concurrent Destroy Detached Pages 0.001ms
[38.091s][info][gc,phases   ] GC(53) Concurrent Select Relocation Set 1.529ms
[38.091s][info][gc,phases   ] GC(53) Concurrent Prepare Relocation Set 0.023ms
[38.093s][info][gc,phases   ] GC(53) Pause Relocate Start 2.424ms
[38.093s][info][gc          ] Allocation Stall (Executor task launch worker for task 0.0 in stage 10.0 (TID 10)) 34.178ms
[38.100s][info][gc,phases   ] GC(53) Concurrent Relocate 5.483ms
[38.100s][info][gc,load     ] GC(53) Load: 2.24/1.64/0.85
[38.101s][info][gc,mmu      ] GC(53) MMU: 2ms/0.0%, 5ms/0.0%, 10ms/0.0%, 20ms/29.2%, 50ms/48.7%, 100ms/74.1%
[38.101s][info][gc,marking  ] GC(53) Mark: 1 stripe(s), 2 proactive flush(es), 1 terminate flush(es), 0 completion(s), 0 continuation(s) 
[38.101s][info][gc,reloc    ] GC(53) Relocation: Successful, 9M relocated
[38.101s][info][gc,nmethod  ] GC(53) NMethods: 2749 registered, 0 unregistered
[38.101s][info][gc,metaspace] GC(53) Metaspace: 68M used, 72M capacity, 72M committed, 74M reserved
[38.101s][info][gc,ref      ] GC(53) Soft: 2644 encountered, 0 discovered, 0 enqueued
[38.101s][info][gc,ref      ] GC(53) Weak: 4554 encountered, 3494 discovered, 0 enqueued
[38.101s][info][gc,ref      ] GC(53) Final: 27 encountered, 0 discovered, 0 enqueued
[38.101s][info][gc,ref      ] GC(53) Phantom: 653 encountered, 649 discovered, 0 enqueued
[38.101s][info][gc,heap     ] GC(53)                Mark Start          Mark End        Relocate Start      Relocate End           High               Low         
[38.101s][info][gc,heap     ] GC(53)  Capacity:      750M (100%)        750M (100%)        750M (100%)        750M (100%)        750M (100%)        750M (100%)   
[38.101s][info][gc,heap     ] GC(53)   Reserve:       34M (5%)           34M (5%)           34M (5%)           34M (5%)           34M (5%)           34M (5%)     
[38.101s][info][gc,heap     ] GC(53)      Free:      256M (34%)           0M (0%)          204M (27%)         204M (27%)         256M (34%)           0M (0%)     
[38.101s][info][gc,heap     ] GC(53)      Used:      460M (61%)         716M (95%)         512M (68%)         512M (68%)         716M (95%)         460M (61%)    
[38.101s][info][gc,heap     ] GC(53)      Live:         -               214M (29%)         214M (29%)         214M (29%)            -                  -          
[38.101s][info][gc,heap     ] GC(53) Allocated:         -               256M (34%)         258M (34%)         266M (35%)            -                  -          
[38.101s][info][gc,heap     ] GC(53)   Garbage:         -               245M (33%)          39M (5%)           33M (4%)             -                  -          
[38.101s][info][gc,heap     ] GC(53) Reclaimed:         -                  -               206M (27%)         212M (28%)            -                  -          
[38.101s][info][gc          ] GC(53) Garbage Collection (Allocation Rate) 460M(61%)->512M(68%)
[38.196s][info][gc,start    ] GC(54) Garbage Collection (Allocation Rate)
[38.201s][info][gc,phases   ] GC(54) Pause Mark Start 2.562ms
[38.581s][info][gc,phases   ] GC(54) Concurrent Mark 380.588ms
[38.582s][info][gc,phases   ] GC(54) Pause Mark End 0.328ms
[38.584s][info][gc,phases   ] GC(54) Concurrent Process Non-Strong References 1.617ms
[38.584s][info][gc,phases   ] GC(54) Concurrent Reset Relocation Set 0.002ms
[38.584s][info][gc,phases   ] GC(54) Concurrent Destroy Detached Pages 0.000ms
[38.586s][info][gc,phases   ] GC(54) Concurrent Select Relocation Set 1.870ms
[38.586s][info][gc,phases   ] GC(54) Concurrent Prepare Relocation Set 0.023ms
[38.588s][info][gc,phases   ] GC(54) Pause Relocate Start 2.191ms
[38.588s][info][gc          ] Allocation Stall (Executor task launch worker for task 0.0 in stage 10.0 (TID 10)) 291.503ms
[38.595s][info][gc,phases   ] GC(54) Concurrent Relocate 4.534ms
[38.595s][info][gc,load     ] GC(54) Load: 2.24/1.64/0.85
[38.595s][info][gc,mmu      ] GC(54) MMU: 2ms/0.0%, 5ms/0.0%, 10ms/0.0%, 20ms/29.2%, 50ms/48.7%, 100ms/74.1%
[38.595s][info][gc,marking  ] GC(54) Mark: 1 stripe(s), 2 proactive flush(es), 1 terminate flush(es), 0 completion(s), 0 continuation(s) 
[38.595s][info][gc,reloc    ] GC(54) Relocation: Successful, 9M relocated
[38.595s][info][gc,nmethod  ] GC(54) NMethods: 2749 registered, 0 unregistered
[38.595s][info][gc,metaspace] GC(54) Metaspace: 68M used, 72M capacity, 72M committed, 74M reserved
[38.595s][info][gc,ref      ] GC(54) Soft: 2644 encountered, 0 discovered, 0 enqueued
[38.595s][info][gc,ref      ] GC(54) Weak: 4554 encountered, 3494 discovered, 0 enqueued
[38.595s][info][gc,ref      ] GC(54) Final: 27 encountered, 0 discovered, 0 enqueued
[38.595s][info][gc,ref      ] GC(54) Phantom: 653 encountered, 649 discovered, 0 enqueued
[38.595s][info][gc,heap     ] GC(54)                Mark Start          Mark End        Relocate Start      Relocate End           High               Low         
[38.595s][info][gc,heap     ] GC(54)  Capacity:      750M (100%)        750M (100%)        750M (100%)        750M (100%)        750M (100%)        750M (100%)   
[38.595s][info][gc,heap     ] GC(54)   Reserve:       34M (5%)           34M (5%)           34M (5%)           34M (5%)           34M (5%)           34M (5%)     
[38.595s][info][gc,heap     ] GC(54)      Free:       64M (9%)            0M (0%)          394M (53%)         396M (53%)         396M (53%)           0M (0%)     
[38.595s][info][gc,heap     ] GC(54)      Used:      652M (87%)         716M (95%)         322M (43%)         320M (43%)         716M (95%)         320M (43%)    
[38.595s][info][gc,heap     ] GC(54)      Live:         -               214M (29%)         214M (29%)         214M (29%)            -                  -          
[38.595s][info][gc,heap     ] GC(54) Allocated:         -                64M (9%)           66M (9%)           74M (10%)            -                  -          
[38.595s][info][gc,heap     ] GC(54)   Garbage:         -               437M (58%)          41M (6%)           33M (4%)             -                  -          
[38.595s][info][gc,heap     ] GC(54) Reclaimed:         -                  -               396M (53%)         404M (54%)            -                  -          
[38.595s][info][gc          ] GC(54) Garbage Collection (Allocation Rate) 652M(87%)->320M(43%)
[38.595s][info][gc,start    ] GC(55) Garbage Collection (Allocation Rate)
[38.598s][info][gc,phases   ] GC(55) Pause Mark Start 2.567ms
[39.097s][info][gc,phases   ] GC(55) Concurrent Mark 498.451ms
[39.099s][info][gc,phases   ] GC(55) Pause Mark End 0.329ms
[39.101s][info][gc,phases   ] GC(55) Concurrent Process Non-Strong References 1.601ms
[39.101s][info][gc,phases   ] GC(55) Concurrent Reset Relocation Set 0.003ms
[39.101s][info][gc,phases   ] GC(55) Concurrent Destroy Detached Pages 0.001ms
[39.103s][info][gc,phases   ] GC(55) Concurrent Select Relocation Set 1.555ms
[39.103s][info][gc,phases   ] GC(55) Concurrent Prepare Relocation Set 0.025ms
[39.105s][info][gc,phases   ] GC(55) Pause Relocate Start 2.122ms
[39.112s][info][gc,phases   ] GC(55) Concurrent Relocate 6.909ms
[39.112s][info][gc,load     ] GC(55) Load: 2.24/1.64/0.85
[39.112s][info][gc,mmu      ] GC(55) MMU: 2ms/0.0%, 5ms/0.0%, 10ms/0.0%, 20ms/29.2%, 50ms/48.7%, 100ms/74.1%
[39.112s][info][gc,marking  ] GC(55) Mark: 1 stripe(s), 2 proactive flush(es), 1 terminate flush(es), 0 completion(s), 0 continuation(s) 
[39.112s][info][gc,reloc    ] GC(55) Relocation: Successful, 9M relocated
[39.112s][info][gc,nmethod  ] GC(55) NMethods: 2749 registered, 0 unregistered
[39.112s][info][gc,metaspace] GC(55) Metaspace: 68M used, 72M capacity, 72M committed, 74M reserved
[39.112s][info][gc,ref      ] GC(55) Soft: 2644 encountered, 0 discovered, 0 enqueued
[39.112s][info][gc,ref      ] GC(55) Weak: 4554 encountered, 3498 discovered, 0 enqueued
[39.112s][info][gc,ref      ] GC(55) Final: 27 encountered, 0 discovered, 0 enqueued
[39.112s][info][gc,ref      ] GC(55) Phantom: 653 encountered, 649 discovered, 0 enqueued
[39.112s][info][gc,heap     ] GC(55)                Mark Start          Mark End        Relocate Start      Relocate End           High               Low         
[39.112s][info][gc,heap     ] GC(55)  Capacity:      750M (100%)        750M (100%)        750M (100%)        750M (100%)        750M (100%)        750M (100%)   
[39.112s][info][gc,heap     ] GC(55)   Reserve:       34M (5%)           34M (5%)           34M (5%)           34M (5%)           34M (5%)           34M (5%)     
[39.112s][info][gc,heap     ] GC(55)      Free:      396M (53%)          74M (10%)         142M (19%)         140M (19%)         396M (53%)          74M (10%)    
[39.112s][info][gc,heap     ] GC(55)      Used:      320M (43%)         642M (86%)         574M (77%)         576M (77%)         642M (86%)         320M (43%)    
[39.112s][info][gc,heap     ] GC(55)      Live:         -               214M (29%)         214M (29%)         214M (29%)            -                  -          
[39.112s][info][gc,heap     ] GC(55) Allocated:         -               322M (43%)         322M (43%)         330M (44%)            -                  -          
[39.112s][info][gc,heap     ] GC(55)   Garbage:         -               105M (14%)          37M (5%)           33M (4%)             -                  -          
[39.112s][info][gc,heap     ] GC(55) Reclaimed:         -                  -                68M (9%)           72M (10%)            -                  -          
[39.112s][info][gc          ] GC(55) Garbage Collection (Allocation Rate) 320M(43%)->576M(77%)
[39.195s][info][gc,start    ] GC(56) Garbage Collection (Allocation Rate)
[39.200s][info][gc,phases   ] GC(56) Pause Mark Start 2.595ms
[39.447s][info][gc,phases   ] GC(56) Concurrent Mark 246.341ms
[39.447s][info][gc,phases   ] GC(56) Pause Mark End 0.359ms
[39.449s][info][gc,phases   ] GC(56) Concurrent Process Non-Strong References 1.541ms
[39.449s][info][gc,phases   ] GC(56) Concurrent Reset Relocation Set 0.003ms
[39.449s][info][gc,phases   ] GC(56) Concurrent Destroy Detached Pages 0.000ms
[39.450s][info][gc          ] Allocation Stall (Executor task launch worker for task 0.0 in stage 10.0 (TID 10)) 196.101ms
[39.455s][info][gc,phases   ] GC(56) Concurrent Select Relocation Set 5.513ms
[39.455s][info][gc,phases   ] GC(56) Concurrent Prepare Relocation Set 0.027ms
[39.459s][info][gc,phases   ] GC(56) Pause Relocate Start 2.232ms
[39.469s][info][gc,phases   ] GC(56) Concurrent Relocate 8.976ms
[39.469s][info][gc,load     ] GC(56) Load: 2.24/1.64/0.85
[39.469s][info][gc,mmu      ] GC(56) MMU: 2ms/0.0%, 5ms/0.0%, 10ms/0.0%, 20ms/29.2%, 50ms/48.7%, 100ms/74.1%
[39.469s][info][gc,marking  ] GC(56) Mark: 1 stripe(s), 2 proactive flush(es), 1 terminate flush(es), 0 completion(s), 0 continuation(s) 
[39.469s][info][gc,reloc    ] GC(56) Relocation: Successful, 9M relocated
[39.469s][info][gc,nmethod  ] GC(56) NMethods: 2749 registered, 0 unregistered
[39.469s][info][gc,metaspace] GC(56) Metaspace: 68M used, 72M capacity, 72M committed, 74M reserved
[39.469s][info][gc,ref      ] GC(56) Soft: 2644 encountered, 0 discovered, 0 enqueued
[39.469s][info][gc,ref      ] GC(56) Weak: 4554 encountered, 3494 discovered, 0 enqueued
[39.469s][info][gc,ref      ] GC(56) Final: 27 encountered, 0 discovered, 0 enqueued
[39.469s][info][gc,ref      ] GC(56) Phantom: 653 encountered, 649 discovered, 0 enqueued
[39.469s][info][gc,heap     ] GC(56)                Mark Start          Mark End        Relocate Start      Relocate End           High               Low         
[39.469s][info][gc,heap     ] GC(56)  Capacity:      750M (100%)        750M (100%)        750M (100%)        750M (100%)        750M (100%)        750M (100%)   
[39.469s][info][gc,heap     ] GC(56)   Reserve:       34M (5%)           34M (5%)           34M (5%)           34M (5%)           34M (5%)           34M (5%)     
[39.469s][info][gc,heap     ] GC(56)      Free:       30M (4%)            0M (0%)          424M (57%)         420M (56%)         428M (57%)           0M (0%)     
[39.469s][info][gc,heap     ] GC(56)      Used:      686M (91%)         716M (95%)         292M (39%)         296M (39%)         716M (95%)         288M (38%)    
[39.469s][info][gc,heap     ] GC(56)      Live:         -               214M (29%)         214M (29%)         214M (29%)            -                  -          
[39.469s][info][gc,heap     ] GC(56) Allocated:         -                30M (4%)           36M (5%)           50M (7%)             -                  -          
[39.469s][info][gc,heap     ] GC(56)   Garbage:         -               471M (63%)          41M (6%)           35M (5%)             -                  -          
[39.469s][info][gc,heap     ] GC(56) Reclaimed:         -                  -               430M (57%)         436M (58%)            -                  -          
[39.469s][info][gc          ] GC(56) Garbage Collection (Allocation Rate) 686M(91%)->296M(39%)
[39.495s][info][gc,start    ] GC(57) Garbage Collection (Allocation Rate)
[39.500s][info][gc,phases   ] GC(57) Pause Mark Start 2.695ms
[39.530s][info][gc,heap     ] Page Cache Flushed: 6M requested, 6M(384M->378M) flushed
[39.978s][info][gc,phases   ] GC(57) Concurrent Mark 477.206ms
[39.978s][info][gc,phases   ] GC(57) Pause Mark End 0.315ms
[39.980s][info][gc,phases   ] GC(57) Concurrent Process Non-Strong References 1.582ms
[39.980s][info][gc,phases   ] GC(57) Concurrent Reset Relocation Set 0.003ms
[39.980s][info][gc,phases   ] GC(57) Concurrent Destroy Detached Pages 0.006ms
[39.981s][info][gc,phases   ] GC(57) Concurrent Select Relocation Set 1.507ms
[39.981s][info][gc,phases   ] GC(57) Concurrent Prepare Relocation Set 0.022ms
[39.986s][info][gc,phases   ] GC(57) Pause Relocate Start 3.986ms
[39.987s][info][gc,phases   ] GC(57) Concurrent Relocate 1.742ms
[39.988s][info][gc,load     ] GC(57) Load: 2.24/1.64/0.85
[39.988s][info][gc,mmu      ] GC(57) MMU: 2ms/0.0%, 5ms/0.0%, 10ms/0.0%, 20ms/29.2%, 50ms/48.7%, 100ms/74.1%
[39.988s][info][gc,marking  ] GC(57) Mark: 1 stripe(s), 2 proactive flush(es), 1 terminate flush(es), 0 completion(s), 0 continuation(s) 
[39.988s][info][gc,reloc    ] GC(57) Relocation: Successful, 9M relocated
[39.988s][info][gc,nmethod  ] GC(57) NMethods: 2798 registered, 0 unregistered
[39.988s][info][gc,metaspace] GC(57) Metaspace: 68M used, 72M capacity, 72M committed, 74M reserved
[39.988s][info][gc,ref      ] GC(57) Soft: 2644 encountered, 0 discovered, 0 enqueued
[39.988s][info][gc,ref      ] GC(57) Weak: 4552 encountered, 3493 discovered, 0 enqueued
[39.988s][info][gc,ref      ] GC(57) Final: 27 encountered, 0 discovered, 0 enqueued
[39.988s][info][gc,ref      ] GC(57) Phantom: 654 encountered, 650 discovered, 0 enqueued
[39.988s][info][gc,heap     ] GC(57)                Mark Start          Mark End        Relocate Start      Relocate End           High               Low         
[39.988s][info][gc,heap     ] GC(57)  Capacity:      750M (100%)        750M (100%)        750M (100%)        750M (100%)        750M (100%)        750M (100%)   
[39.988s][info][gc,heap     ] GC(57)   Reserve:       34M (5%)           34M (5%)           34M (5%)           34M (5%)           34M (5%)           34M (5%)     
[39.988s][info][gc,heap     ] GC(57)      Free:      386M (51%)         374M (50%)         452M (60%)         456M (61%)         456M (61%)         374M (50%)    
[39.988s][info][gc,heap     ] GC(57)      Used:      330M (44%)         342M (46%)         264M (35%)         260M (35%)         342M (46%)         260M (35%)    
[39.988s][info][gc,heap     ] GC(57)      Live:         -               214M (29%)         214M (29%)         214M (29%)            -                  -          
[39.988s][info][gc,heap     ] GC(57) Allocated:         -                12M (2%)           12M (2%)           14M (2%)             -                  -          
[39.988s][info][gc,heap     ] GC(57)   Garbage:         -               115M (15%)          37M (5%)           33M (4%)             -                  -          
[39.988s][info][gc,heap     ] GC(57) Reclaimed:         -                  -                78M (10%)          82M (11%)            -                  -          
[39.988s][info][gc          ] GC(57) Garbage Collection (Allocation Rate) 330M(44%)->260M(35%)
[39.988s][info][gc,start    ] GC(58) Garbage Collection (System.gc())
[39.990s][info][gc,phases   ] GC(58) Pause Mark Start 2.577ms
[40.095s][info][gc,stats    ] === Garbage Collection Statistics =======================================================================================================================
[40.095s][info][gc,stats    ]                                                              Last 10s              Last 10m              Last 10h                Total
[40.095s][info][gc,stats    ]                                                              Avg / Max             Avg / Max             Avg / Max             Avg / Max
[40.095s][info][gc,stats    ]   Collector: Garbage Collection Cycle                    421.641 / 724.417     441.881 / 1030.215    441.881 / 1030.215    441.881 / 1030.215    ms
[40.095s][info][gc,stats    ]  Contention: Mark Segment Reset Contention                     0 / 0                 0 / 0                 0 / 0                 0 / 0           ops/s
[40.095s][info][gc,stats    ]  Contention: Mark SeqNum Reset Contention                      0 / 0                 0 / 0                 0 / 0                 0 / 0           ops/s
[40.095s][info][gc,stats    ]  Contention: Relocation Contention                             0 / 0                 0 / 12                0 / 12                0 / 12          ops/s
[40.095s][info][gc,stats    ]    Critical: Allocation Stall                            109.452 / 291.503      98.984 / 291.503      98.984 / 291.503      98.984 / 291.503     ms
[40.095s][info][gc,stats    ]    Critical: Allocation Stall                                  1 / 3                 1 / 13                1 / 13                1 / 13          ops/s
[40.095s][info][gc,stats    ]    Critical: GC Locker Stall                               0.000 / 0.000         1.632 / 1.632         1.632 / 1.632         1.632 / 1.632       ms
[40.095s][info][gc,stats    ]    Critical: GC Locker Stall                                   0 / 0                 0 / 1                 0 / 1                 0 / 1           ops/s
[40.095s][info][gc,stats    ]      Memory: Allocation Rate                                 516 / 686             365 / 936             365 / 936             365 / 936         MB/s
[40.095s][info][gc,stats    ]      Memory: Heap Used After Mark                            675 / 716             599 / 716             599 / 716             599 / 716         MB
[40.095s][info][gc,stats    ]      Memory: Heap Used After Relocation                      430 / 576             383 / 604             383 / 604             383 / 604         MB
[40.095s][info][gc,stats    ]      Memory: Heap Used Before Mark                           494 / 686             459 / 716             459 / 716             459 / 716         MB
[40.095s][info][gc,stats    ]      Memory: Heap Used Before Relocation                     434 / 574             417 / 716             417 / 716             417 / 716         MB
[40.095s][info][gc,stats    ]      Memory: Out Of Memory                                     0 / 0                 0 / 0                 0 / 0                 0 / 0           ops/s
[40.095s][info][gc,stats    ]      Memory: Page Cache Flush                                 20 / 82               13 / 82               13 / 82               13 / 82          MB/s
[40.095s][info][gc,stats    ]      Memory: Page Cache Hit L1                               250 / 345             171 / 450             171 / 450             171 / 450         ops/s
[40.095s][info][gc,stats    ]      Memory: Page Cache Hit L2                                 0 / 0                 0 / 0                 0 / 0                 0 / 0           ops/s
[40.095s][info][gc,stats    ]      Memory: Page Cache Miss                                   6 / 22               11 / 135              11 / 135              11 / 135         ops/s
[40.095s][info][gc,stats    ]      Memory: Undo Object Allocation Failed                     0 / 0                 0 / 0                 0 / 0                 0 / 0           ops/s
[40.095s][info][gc,stats    ]      Memory: Undo Object Allocation Succeeded                  0 / 0                 0 / 12                0 / 12                0 / 12          ops/s
[40.095s][info][gc,stats    ]      Memory: Undo Page Allocation                              0 / 2                 0 / 2                 0 / 2                 0 / 2           ops/s
[40.095s][info][gc,stats    ]       Phase: Concurrent Destroy Detached Pages             0.004 / 0.029         0.003 / 0.051         0.003 / 0.051         0.003 / 0.051       ms
[40.095s][info][gc,stats    ]       Phase: Concurrent Mark                             399.903 / 700.763     384.123 / 854.710     384.123 / 854.710     384.123 / 854.710     ms
[40.095s][info][gc,stats    ]       Phase: Concurrent Mark Continue                      0.000 / 0.000         0.000 / 0.000         0.000 / 0.000         0.000 / 0.000       ms
[40.095s][info][gc,stats    ]       Phase: Concurrent Prepare Relocation Set             0.027 / 0.033         1.585 / 17.698        1.585 / 17.698        1.585 / 17.698      ms
[40.095s][info][gc,stats    ]       Phase: Concurrent Process Non-Strong References      1.630 / 3.391         1.914 / 9.560         1.914 / 9.560         1.914 / 9.560       ms
[40.095s][info][gc,stats    ]       Phase: Concurrent Relocate                           5.295 / 12.331       38.703 / 352.965      38.703 / 352.965      38.703 / 352.965     ms
[40.095s][info][gc,stats    ]       Phase: Concurrent Reset Relocation Set               0.003 / 0.005         0.089 / 1.106         0.089 / 1.106         0.089 / 1.106       ms
[40.095s][info][gc,stats    ]       Phase: Concurrent Select Relocation Set              2.769 / 10.417        3.002 / 10.417        3.002 / 10.417        3.002 / 10.417      ms
[40.095s][info][gc,stats    ]       Phase: Pause Mark End                                0.443 / 2.956         0.328 / 2.956         0.328 / 2.956         0.328 / 2.956       ms
[40.095s][info][gc,stats    ]       Phase: Pause Mark Start                              2.585 / 3.158         2.582 / 11.488        2.582 / 11.488        2.582 / 11.488      ms
[40.096s][info][gc,stats    ]       Phase: Pause Relocate Start                          2.278 / 3.986         2.272 / 14.166        2.272 / 14.166        2.272 / 14.166      ms
[40.096s][info][gc,stats    ]    Subphase: Concurrent Mark                             398.757 / 699.447     383.077 / 854.685     383.077 / 854.685     383.077 / 854.685     ms
[40.096s][info][gc,stats    ]    Subphase: Concurrent Mark Idle                          0.000 / 0.000         0.000 / 0.000         0.000 / 0.000         0.000 / 0.000       ms
[40.096s][info][gc,stats    ]    Subphase: Concurrent Mark Try Flush                     0.295 / 2.927         0.651 / 9.370         0.651 / 9.370         0.651 / 9.370       ms
[40.096s][info][gc,stats    ]    Subphase: Concurrent Mark Try Terminate                 0.145 / 2.928         0.275 / 5.822         0.275 / 5.822         0.275 / 5.822       ms
[40.096s][info][gc,stats    ]    Subphase: Concurrent References Enqueue                 0.001 / 0.006         0.002 / 0.008         0.002 / 0.008         0.002 / 0.008       ms
[40.096s][info][gc,stats    ]    Subphase: Concurrent References Process                 0.774 / 2.551         0.882 / 5.798         0.882 / 5.798         0.882 / 5.798       ms
[40.096s][info][gc,stats    ]    Subphase: Concurrent Weak Roots                         0.844 / 0.966         0.971 / 8.871         0.971 / 8.871         0.971 / 8.871       ms
[40.096s][info][gc,stats    ]    Subphase: Concurrent Weak Roots JNIWeakHandles          0.000 / 0.001         0.000 / 0.001         0.000 / 0.001         0.000 / 0.001       ms
[40.096s][info][gc,stats    ]    Subphase: Concurrent Weak Roots StringTable             0.628 / 0.718         0.764 / 8.669         0.764 / 8.669         0.764 / 8.669       ms
[40.096s][info][gc,stats    ]    Subphase: Concurrent Weak Roots VMWeakHandles           0.215 / 0.325         0.204 / 0.532         0.204 / 0.532         0.204 / 0.532       ms
[40.096s][info][gc,stats    ]    Subphase: Pause Mark Try Complete                       0.000 / 0.000         0.000 / 0.000         0.000 / 0.000         0.000 / 0.000       ms
[40.096s][info][gc,stats    ]    Subphase: Pause Remap TLABS                             0.001 / 0.004         0.001 / 0.004         0.001 / 0.004         0.001 / 0.004       ms
[40.096s][info][gc,stats    ]    Subphase: Pause Retire TLABS                            0.019 / 0.026         0.016 / 0.040         0.016 / 0.040         0.016 / 0.040       ms
[40.096s][info][gc,stats    ]    Subphase: Pause Roots                                   1.529 / 3.658         1.477 / 9.973         1.477 / 9.973         1.477 / 9.973       ms
[40.096s][info][gc,stats    ]    Subphase: Pause Roots ClassLoaderDataGraph              0.660 / 0.797         0.706 / 4.244         0.706 / 4.244         0.706 / 4.244       ms
[40.096s][info][gc,stats    ]    Subphase: Pause Roots CodeCache                         0.994 / 1.187         0.943 / 7.313         0.943 / 7.313         0.943 / 7.313       ms
[40.096s][info][gc,stats    ]    Subphase: Pause Roots JNIHandles                        0.001 / 0.008         0.001 / 0.008         0.001 / 0.008         0.001 / 0.008       ms
[40.096s][info][gc,stats    ]    Subphase: Pause Roots JNIWeakHandles                    0.000 / 0.000         0.000 / 0.000         0.000 / 0.000         0.000 / 0.000       ms
[40.096s][info][gc,stats    ]    Subphase: Pause Roots JRFWeak                           0.000 / 0.000         0.000 / 0.000         0.000 / 0.000         0.000 / 0.000       ms
[40.096s][info][gc,stats    ]    Subphase: Pause Roots JVMTIExport                       0.001 / 0.001         0.001 / 0.001         0.001 / 0.001         0.001 / 0.001       ms
[40.096s][info][gc,stats    ]    Subphase: Pause Roots JVMTIWeakExport                   0.001 / 0.001         0.001 / 0.002         0.001 / 0.002         0.001 / 0.002       ms
[40.096s][info][gc,stats    ]    Subphase: Pause Roots Management                        0.001 / 0.002         0.005 / 0.323         0.005 / 0.323         0.005 / 0.323       ms
[40.096s][info][gc,stats    ]    Subphase: Pause Roots ObjectSynchronizer                0.000 / 0.001         0.000 / 0.001         0.000 / 0.001         0.000 / 0.001       ms
[40.096s][info][gc,stats    ]    Subphase: Pause Roots Setup                             0.194 / 0.396         0.211 / 6.308         0.211 / 6.308         0.211 / 6.308       ms
[40.096s][info][gc,stats    ]    Subphase: Pause Roots StringTable                       0.000 / 0.000         0.000 / 0.000         0.000 / 0.000         0.000 / 0.000       ms
[40.096s][info][gc,stats    ]    Subphase: Pause Roots SystemDictionary                  0.012 / 0.017         0.013 / 0.070         0.013 / 0.070         0.013 / 0.070       ms
[40.096s][info][gc,stats    ]    Subphase: Pause Roots Teardown                          0.001 / 0.003         0.001 / 0.010         0.001 / 0.010         0.001 / 0.010       ms
[40.096s][info][gc,stats    ]    Subphase: Pause Roots Threads                           0.413 / 2.487         0.354 / 3.366         0.354 / 3.366         0.354 / 3.366       ms
[40.096s][info][gc,stats    ]    Subphase: Pause Roots Universe                          0.002 / 0.007         0.005 / 0.350         0.005 / 0.350         0.005 / 0.350       ms
[40.096s][info][gc,stats    ]    Subphase: Pause Roots VMWeakHandles                     0.000 / 0.000         0.000 / 0.000         0.000 / 0.000         0.000 / 0.000       ms
[40.096s][info][gc,stats    ]    Subphase: Pause Weak Roots                              0.002 / 0.003         0.002 / 0.012         0.002 / 0.012         0.002 / 0.012       ms
[40.096s][info][gc,stats    ]    Subphase: Pause Weak Roots JFRWeak                      0.001 / 0.001         0.001 / 0.001         0.001 / 0.001         0.001 / 0.001       ms
[40.096s][info][gc,stats    ]    Subphase: Pause Weak Roots JNIWeakHandles               0.000 / 0.000         0.000 / 0.000         0.000 / 0.000         0.000 / 0.000       ms
[40.096s][info][gc,stats    ]    Subphase: Pause Weak Roots JVMTIWeakExport              0.001 / 0.001         0.001 / 0.011         0.001 / 0.011         0.001 / 0.011       ms
[40.096s][info][gc,stats    ]    Subphase: Pause Weak Roots Setup                        0.000 / 0.000         0.000 / 0.000         0.000 / 0.000         0.000 / 0.000       ms
[40.096s][info][gc,stats    ]    Subphase: Pause Weak Roots StringTable                  0.000 / 0.000         0.000 / 0.000         0.000 / 0.000         0.000 / 0.000       ms
[40.096s][info][gc,stats    ]    Subphase: Pause Weak Roots SymbolTable                  0.000 / 0.000         0.000 / 0.000         0.000 / 0.000         0.000 / 0.000       ms
[40.096s][info][gc,stats    ]    Subphase: Pause Weak Roots Teardown                     0.001 / 0.001         0.001 / 0.010         0.001 / 0.010         0.001 / 0.010       ms
[40.096s][info][gc,stats    ]    Subphase: Pause Weak Roots VMWeakHandles                0.000 / 0.000         0.000 / 0.000         0.000 / 0.000         0.000 / 0.000       ms
[40.096s][info][gc,stats    ]      System: Java Threads                                    107 / 117              74 / 117              74 / 117              74 / 117         threads
[40.096s][info][gc,stats    ] =========================================================================================================================================================
[40.269s][info][gc,phases   ] GC(58) Concurrent Mark 278.222ms
[40.270s][info][gc,phases   ] GC(58) Pause Mark End 0.310ms
[40.271s][info][gc,phases   ] GC(58) Concurrent Process Non-Strong References 1.598ms
[40.271s][info][gc,phases   ] GC(58) Concurrent Reset Relocation Set 0.002ms
[40.271s][info][gc,phases   ] GC(58) Concurrent Destroy Detached Pages 0.000ms
[40.273s][info][gc,phases   ] GC(58) Concurrent Select Relocation Set 1.506ms
[40.273s][info][gc,phases   ] GC(58) Concurrent Prepare Relocation Set 0.024ms
[40.275s][info][gc,phases   ] GC(58) Pause Relocate Start 2.194ms
[40.279s][info][gc,phases   ] GC(58) Concurrent Relocate 3.897ms
[40.279s][info][gc,load     ] GC(58) Load: 2.24/1.64/0.85
[40.279s][info][gc,mmu      ] GC(58) MMU: 2ms/0.0%, 5ms/0.0%, 10ms/0.0%, 20ms/29.2%, 50ms/48.7%, 100ms/74.1%
[40.279s][info][gc,marking  ] GC(58) Mark: 1 stripe(s), 2 proactive flush(es), 1 terminate flush(es), 0 completion(s), 0 continuation(s) 
[40.279s][info][gc,reloc    ] GC(58) Relocation: Successful, 9M relocated
[40.279s][info][gc,nmethod  ] GC(58) NMethods: 2805 registered, 0 unregistered
[40.279s][info][gc,metaspace] GC(58) Metaspace: 68M used, 72M capacity, 72M committed, 74M reserved
[40.279s][info][gc,ref      ] GC(58) Soft: 2646 encountered, 0 discovered, 0 enqueued
[40.279s][info][gc,ref      ] GC(58) Weak: 4612 encountered, 3609 discovered, 118 enqueued
[40.279s][info][gc,ref      ] GC(58) Final: 27 encountered, 0 discovered, 0 enqueued
[40.279s][info][gc,ref      ] GC(58) Phantom: 653 encountered, 649 discovered, 0 enqueued
[40.279s][info][gc,heap     ] GC(58)                Mark Start          Mark End        Relocate Start      Relocate End           High               Low         
[40.279s][info][gc,heap     ] GC(58)  Capacity:      750M (100%)        750M (100%)        750M (100%)        750M (100%)        750M (100%)        750M (100%)   
[40.279s][info][gc,heap     ] GC(58)   Reserve:       34M (5%)           34M (5%)           34M (5%)           34M (5%)           34M (5%)           34M (5%)     
[40.279s][info][gc,heap     ] GC(58)      Free:      456M (61%)         454M (61%)         460M (61%)         466M (62%)         466M (62%)         454M (61%)    
[40.279s][info][gc,heap     ] GC(58)      Used:      260M (35%)         262M (35%)         256M (34%)         250M (33%)         262M (35%)         250M (33%)    
[40.279s][info][gc,heap     ] GC(58)      Live:         -               214M (29%)         214M (29%)         214M (29%)            -                  -          
[40.279s][info][gc,heap     ] GC(58) Allocated:         -                 2M (0%)            2M (0%)            4M (1%)             -                  -          
[40.279s][info][gc,heap     ] GC(58)   Garbage:         -                45M (6%)           39M (5%)           33M (4%)             -                  -          
[40.279s][info][gc,heap     ] GC(58) Reclaimed:         -                  -                 6M (1%)           12M (2%)             -                  -          
[40.279s][info][gc          ] GC(58) Garbage Collection (System.gc()) 260M(35%)->250M(33%)
[40.297s][info][gc,heap     ] Page Cache Flushed: 32M requested, 32M(464M->432M) flushed
[40.345s][info][gc,heap     ] Page Cache Flushed: 6M requested, 6M(426M->420M) flushed
[40.395s][info][gc,start    ] GC(59) Garbage Collection (Allocation Rate)
[40.402s][info][gc,phases   ] GC(59) Pause Mark Start 3.261ms
[40.421s][info][gc,heap     ] Page Cache Flushed: 32M requested, 32M(412M->380M) flushed
[40.485s][info][gc,heap     ] Page Cache Flushed: 6M requested, 6M(374M->368M) flushed
[41.108s][info][gc,phases   ] GC(59) Concurrent Mark 705.880ms
[41.115s][info][gc,phases   ] GC(59) Pause Mark End 0.385ms
[41.120s][info][gc,phases   ] GC(59) Concurrent Process Non-Strong References 4.603ms
[41.121s][info][gc,phases   ] GC(59) Concurrent Reset Relocation Set 0.003ms
[41.121s][info][gc,phases   ] GC(59) Concurrent Destroy Detached Pages 0.032ms
[41.123s][info][gc,phases   ] GC(59) Concurrent Select Relocation Set 1.660ms
[41.123s][info][gc,phases   ] GC(59) Concurrent Prepare Relocation Set 0.034ms
[41.137s][info][gc,phases   ] GC(59) Pause Relocate Start 2.428ms
[41.141s][info][gc,phases   ] GC(59) Concurrent Relocate 3.966ms
[41.141s][info][gc,load     ] GC(59) Load: 2.30/1.67/0.86
[41.141s][info][gc,mmu      ] GC(59) MMU: 2ms/0.0%, 5ms/0.0%, 10ms/0.0%, 20ms/29.2%, 50ms/48.7%, 100ms/74.1%
[41.141s][info][gc,marking  ] GC(59) Mark: 1 stripe(s), 2 proactive flush(es), 1 terminate flush(es), 0 completion(s), 0 continuation(s) 
[41.141s][info][gc,reloc    ] GC(59) Relocation: Successful, 9M relocated
[41.141s][info][gc,nmethod  ] GC(59) NMethods: 2881 registered, 0 unregistered
[41.141s][info][gc,metaspace] GC(59) Metaspace: 68M used, 72M capacity, 72M committed, 74M reserved
[41.141s][info][gc,ref      ] GC(59) Soft: 2646 encountered, 0 discovered, 0 enqueued
[41.141s][info][gc,ref      ] GC(59) Weak: 4602 encountered, 3590 discovered, 58 enqueued
[41.141s][info][gc,ref      ] GC(59) Final: 27 encountered, 0 discovered, 0 enqueued
[41.141s][info][gc,ref      ] GC(59) Phantom: 653 encountered, 649 discovered, 0 enqueued
[41.141s][info][gc,heap     ] GC(59)                Mark Start          Mark End        Relocate Start      Relocate End           High               Low         
[41.141s][info][gc,heap     ] GC(59)  Capacity:      750M (100%)        750M (100%)        750M (100%)        750M (100%)        750M (100%)        750M (100%)   
[41.141s][info][gc,heap     ] GC(59)   Reserve:       34M (5%)           34M (5%)           34M (5%)           34M (5%)           34M (5%)           34M (5%)     
[41.141s][info][gc,heap     ] GC(59)      Free:      414M (55%)         104M (14%)         132M (18%)         146M (19%)         414M (55%)          98M (13%)    
[41.141s][info][gc,heap     ] GC(59)      Used:      302M (40%)         612M (82%)         584M (78%)         570M (76%)         618M (82%)         302M (40%)    
[41.141s][info][gc,heap     ] GC(59)      Live:         -               214M (29%)         214M (29%)         214M (29%)            -                  -          
[41.141s][info][gc,heap     ] GC(59) Allocated:         -               310M (41%)         320M (43%)         324M (43%)            -                  -          
[41.141s][info][gc,heap     ] GC(59)   Garbage:         -                87M (12%)          49M (7%)           35M (5%)             -                  -          
[41.141s][info][gc,heap     ] GC(59) Reclaimed:         -                  -                38M (5%)           52M (7%)             -                  -          
[41.141s][info][gc          ] GC(59) Garbage Collection (Allocation Rate) 302M(40%)->570M(76%)
[41.195s][info][gc,start    ] GC(60) Garbage Collection (Allocation Rate)
[41.201s][info][gc,phases   ] GC(60) Pause Mark Start 2.625ms
[41.369s][info][gc,heap     ] Page Cache Flushed: 2M requested, 6M(38M->32M) flushed
[41.389s][info][gc,heap     ] Page Cache Flushed: 2M requested, 32M(32M->0M) flushed
[41.680s][info][gc,phases   ] GC(60) Concurrent Mark 478.812ms
[41.681s][info][gc,phases   ] GC(60) Pause Mark End 0.418ms
[41.682s][info][gc,phases   ] GC(60) Concurrent Process Non-Strong References 1.512ms
[41.682s][info][gc,phases   ] GC(60) Concurrent Reset Relocation Set 0.004ms
[41.682s][info][gc,phases   ] GC(60) Concurrent Destroy Detached Pages 0.004ms
[41.684s][info][gc,phases   ] GC(60) Concurrent Select Relocation Set 1.526ms
[41.684s][info][gc,phases   ] GC(60) Concurrent Prepare Relocation Set 0.029ms
[41.687s][info][gc,phases   ] GC(60) Pause Relocate Start 2.282ms
[41.687s][info][gc          ] Allocation Stall (executor-heartbeater) 162.756ms
[41.688s][info][gc          ] Allocation Stall (Executor task launch worker for task 0.0 in stage 13.0 (TID 13)) 214.404ms
[41.697s][info][gc,phases   ] GC(60) Concurrent Relocate 8.312ms
[41.697s][info][gc,load     ] GC(60) Load: 2.30/1.67/0.86
[41.697s][info][gc,mmu      ] GC(60) MMU: 2ms/0.0%, 5ms/0.0%, 10ms/0.0%, 20ms/29.2%, 50ms/48.7%, 100ms/74.1%
[41.697s][info][gc,marking  ] GC(60) Mark: 1 stripe(s), 2 proactive flush(es), 1 terminate flush(es), 0 completion(s), 0 continuation(s) 
[41.697s][info][gc,reloc    ] GC(60) Relocation: Successful, 9M relocated
[41.697s][info][gc,nmethod  ] GC(60) NMethods: 2889 registered, 0 unregistered
[41.697s][info][gc,metaspace] GC(60) Metaspace: 68M used, 72M capacity, 72M committed, 74M reserved
[41.697s][info][gc,ref      ] GC(60) Soft: 2649 encountered, 0 discovered, 0 enqueued
[41.697s][info][gc,ref      ] GC(60) Weak: 4630 encountered, 3564 discovered, 35 enqueued
[41.697s][info][gc,ref      ] GC(60) Final: 27 encountered, 0 discovered, 0 enqueued
[41.697s][info][gc,ref      ] GC(60) Phantom: 653 encountered, 649 discovered, 0 enqueued
[41.697s][info][gc,heap     ] GC(60)                Mark Start          Mark End        Relocate Start      Relocate End           High               Low         
[41.697s][info][gc,heap     ] GC(60)  Capacity:      750M (100%)        750M (100%)        750M (100%)        750M (100%)        750M (100%)        750M (100%)   
[41.697s][info][gc,heap     ] GC(60)   Reserve:       34M (5%)           34M (5%)           34M (5%)           34M (5%)           34M (5%)           34M (5%)     
[41.697s][info][gc,heap     ] GC(60)      Free:      112M (15%)           0M (0%)          326M (43%)         346M (46%)         346M (46%)           0M (0%)     
[41.697s][info][gc,heap     ] GC(60)      Used:      604M (81%)         716M (95%)         390M (52%)         370M (49%)         716M (95%)         370M (49%)    
[41.697s][info][gc,heap     ] GC(60)      Live:         -               214M (29%)         214M (29%)         214M (29%)            -                  -          
[41.697s][info][gc,heap     ] GC(60) Allocated:         -               112M (15%)         116M (15%)         126M (17%)            -                  -          
[41.697s][info][gc,heap     ] GC(60)   Garbage:         -               389M (52%)          59M (8%)           33M (4%)             -                  -          
[41.697s][info][gc,heap     ] GC(60) Reclaimed:         -                  -               330M (44%)         356M (47%)            -                  -          
[41.697s][info][gc          ] GC(60) Garbage Collection (Allocation Rate) 604M(81%)->370M(49%)
[41.796s][info][gc,start    ] GC(61) Garbage Collection (Allocation Rate)
[41.801s][info][gc,phases   ] GC(61) Pause Mark Start 2.698ms
[42.060s][info][gc,heap     ] Page Cache Flushed: 2M requested, 6M(38M->32M) flushed
[42.066s][info][gc,heap     ] Page Cache Flushed: 2M requested, 32M(32M->0M) flushed
[42.179s][info][gc,phases   ] GC(61) Concurrent Mark 377.960ms
[42.180s][info][gc,phases   ] GC(61) Pause Mark End 0.408ms
[42.181s][info][gc,phases   ] GC(61) Concurrent Process Non-Strong References 1.456ms
[42.181s][info][gc,phases   ] GC(61) Concurrent Reset Relocation Set 0.004ms
[42.181s][info][gc,phases   ] GC(61) Concurrent Destroy Detached Pages 0.003ms
[42.183s][info][gc          ] Allocation Stall (Executor task launch worker for task 0.0 in stage 13.0 (TID 13)) 55.698ms
[42.187s][info][gc,phases   ] GC(61) Concurrent Select Relocation Set 5.672ms
[42.187s][info][gc,phases   ] GC(61) Concurrent Prepare Relocation Set 0.032ms
[42.192s][info][gc,phases   ] GC(61) Pause Relocate Start 2.325ms
[42.197s][info][gc,phases   ] GC(61) Concurrent Relocate 5.123ms
[42.197s][info][gc,load     ] GC(61) Load: 2.30/1.67/0.86
[42.197s][info][gc,mmu      ] GC(61) MMU: 2ms/0.0%, 5ms/0.0%, 10ms/0.0%, 20ms/29.2%, 50ms/48.7%, 100ms/74.1%
[42.197s][info][gc,marking  ] GC(61) Mark: 1 stripe(s), 2 proactive flush(es), 1 terminate flush(es), 0 completion(s), 0 continuation(s) 
[42.197s][info][gc,reloc    ] GC(61) Relocation: Successful, 7M relocated
[42.197s][info][gc,nmethod  ] GC(61) NMethods: 2889 registered, 0 unregistered
[42.197s][info][gc,metaspace] GC(61) Metaspace: 68M used, 72M capacity, 72M committed, 74M reserved
[42.197s][info][gc,ref      ] GC(61) Soft: 2650 encountered, 0 discovered, 0 enqueued
[42.197s][info][gc,ref      ] GC(61) Weak: 4602 encountered, 3537 discovered, 3 enqueued
[42.197s][info][gc,ref      ] GC(61) Final: 27 encountered, 0 discovered, 0 enqueued
[42.197s][info][gc,ref      ] GC(61) Phantom: 653 encountered, 649 discovered, 0 enqueued
[42.197s][info][gc,heap     ] GC(61)                Mark Start          Mark End        Relocate Start      Relocate End           High               Low         
[42.197s][info][gc,heap     ] GC(61)  Capacity:      750M (100%)        750M (100%)        750M (100%)        750M (100%)        750M (100%)        750M (100%)   
[42.197s][info][gc,heap     ] GC(61)   Reserve:       34M (5%)           34M (5%)           34M (5%)           34M (5%)           34M (5%)           34M (5%)     
[42.197s][info][gc,heap     ] GC(61)      Free:      202M (27%)           0M (0%)          248M (33%)         254M (34%)         254M (34%)           0M (0%)     
[42.197s][info][gc,heap     ] GC(61)      Used:      514M (69%)         716M (95%)         468M (62%)         462M (62%)         716M (95%)         462M (62%)    
[42.197s][info][gc,heap     ] GC(61)      Live:         -               214M (29%)         214M (29%)         214M (29%)            -                  -          
[42.197s][info][gc,heap     ] GC(61) Allocated:         -               202M (27%)         208M (28%)         216M (29%)            -                  -          
[42.197s][info][gc,heap     ] GC(61)   Garbage:         -               299M (40%)          45M (6%)           33M (4%)             -                  -          
[42.197s][info][gc,heap     ] GC(61) Reclaimed:         -                  -               254M (34%)         266M (35%)            -                  -          
[42.197s][info][gc          ] GC(61) Garbage Collection (Allocation Rate) 514M(69%)->462M(62%)
[42.295s][info][gc,start    ] GC(62) Garbage Collection (Allocation Rate)
[42.300s][info][gc,phases   ] GC(62) Pause Mark Start 2.715ms
[42.589s][info][gc,phases   ] GC(62) Concurrent Mark 288.982ms
[42.590s][info][gc,phases   ] GC(62) Pause Mark End 0.366ms
[42.592s][info][gc,phases   ] GC(62) Concurrent Process Non-Strong References 1.637ms
[42.592s][info][gc,phases   ] GC(62) Concurrent Reset Relocation Set 0.004ms
[42.592s][info][gc,phases   ] GC(62) Concurrent Destroy Detached Pages 0.001ms
[42.594s][info][gc,phases   ] GC(62) Concurrent Select Relocation Set 1.758ms
[42.594s][info][gc,phases   ] GC(62) Concurrent Prepare Relocation Set 0.023ms
[42.596s][info][gc,phases   ] GC(62) Pause Relocate Start 2.506ms
[42.596s][info][gc          ] Allocation Stall (Executor task launch worker for task 0.0 in stage 13.0 (TID 13)) 131.541ms
[42.605s][info][gc,phases   ] GC(62) Concurrent Relocate 5.643ms
[42.605s][info][gc,load     ] GC(62) Load: 2.30/1.67/0.86
[42.605s][info][gc,mmu      ] GC(62) MMU: 2ms/0.0%, 5ms/0.0%, 10ms/0.0%, 20ms/29.2%, 50ms/48.7%, 100ms/74.1%
[42.605s][info][gc,marking  ] GC(62) Mark: 1 stripe(s), 2 proactive flush(es), 1 terminate flush(es), 0 completion(s), 0 continuation(s) 
[42.605s][info][gc,reloc    ] GC(62) Relocation: Successful, 7M relocated
[42.605s][info][gc,nmethod  ] GC(62) NMethods: 2889 registered, 0 unregistered
[42.605s][info][gc,metaspace] GC(62) Metaspace: 68M used, 72M capacity, 72M committed, 74M reserved
[42.605s][info][gc,ref      ] GC(62) Soft: 2650 encountered, 0 discovered, 0 enqueued
[42.605s][info][gc,ref      ] GC(62) Weak: 4599 encountered, 3534 discovered, 0 enqueued
[42.605s][info][gc,ref      ] GC(62) Final: 27 encountered, 0 discovered, 0 enqueued
[42.605s][info][gc,ref      ] GC(62) Phantom: 653 encountered, 649 discovered, 0 enqueued
[42.605s][info][gc,heap     ] GC(62)                Mark Start          Mark End        Relocate Start      Relocate End           High               Low         
[42.605s][info][gc,heap     ] GC(62)  Capacity:      750M (100%)        750M (100%)        750M (100%)        750M (100%)        750M (100%)        750M (100%)   
[42.605s][info][gc,heap     ] GC(62)   Reserve:       34M (5%)           34M (5%)           34M (5%)           34M (5%)           34M (5%)           34M (5%)     
[42.605s][info][gc,heap     ] GC(62)      Free:      114M (15%)           0M (0%)          344M (46%)         344M (46%)         344M (46%)           0M (0%)     
[42.605s][info][gc,heap     ] GC(62)      Used:      602M (80%)         716M (95%)         372M (50%)         372M (50%)         716M (95%)         372M (50%)    
[42.605s][info][gc,heap     ] GC(62)      Live:         -               214M (29%)         214M (29%)         214M (29%)            -                  -          
[42.605s][info][gc,heap     ] GC(62) Allocated:         -               114M (15%)         116M (15%)         126M (17%)            -                  -          
[42.605s][info][gc,heap     ] GC(62)   Garbage:         -               387M (52%)          41M (6%)           33M (4%)             -                  -          
[42.605s][info][gc,heap     ] GC(62) Reclaimed:         -                  -               346M (46%)         354M (47%)            -                  -          
[42.605s][info][gc          ] GC(62) Garbage Collection (Allocation Rate) 602M(80%)->372M(50%)
[42.695s][info][gc,start    ] GC(63) Garbage Collection (Allocation Rate)
[42.700s][info][gc,phases   ] GC(63) Pause Mark Start 2.695ms
[43.103s][info][gc,phases   ] GC(63) Concurrent Mark 402.879ms
[43.105s][info][gc,phases   ] GC(63) Pause Mark End 0.387ms
[43.106s][info][gc,phases   ] GC(63) Concurrent Process Non-Strong References 1.615ms
[43.106s][info][gc,phases   ] GC(63) Concurrent Reset Relocation Set 0.003ms
[43.106s][info][gc,phases   ] GC(63) Concurrent Destroy Detached Pages 0.001ms
[43.108s][info][gc,phases   ] GC(63) Concurrent Select Relocation Set 1.535ms
[43.108s][info][gc,phases   ] GC(63) Concurrent Prepare Relocation Set 0.026ms
[43.111s][info][gc,phases   ] GC(63) Pause Relocate Start 2.468ms
[43.111s][info][gc          ] Allocation Stall (Executor task launch worker for task 0.0 in stage 13.0 (TID 13)) 54.714ms
[43.117s][info][gc,phases   ] GC(63) Concurrent Relocate 5.665ms
[43.117s][info][gc,load     ] GC(63) Load: 2.30/1.67/0.86
[43.117s][info][gc,mmu      ] GC(63) MMU: 2ms/0.0%, 5ms/0.0%, 10ms/0.0%, 20ms/29.2%, 50ms/48.7%, 100ms/74.1%
[43.117s][info][gc,marking  ] GC(63) Mark: 1 stripe(s), 2 proactive flush(es), 1 terminate flush(es), 0 completion(s), 0 continuation(s) 
[43.117s][info][gc,reloc    ] GC(63) Relocation: Successful, 7M relocated
[43.117s][info][gc,nmethod  ] GC(63) NMethods: 2889 registered, 0 unregistered
[43.117s][info][gc,metaspace] GC(63) Metaspace: 68M used, 72M capacity, 72M committed, 74M reserved
[43.117s][info][gc,ref      ] GC(63) Soft: 2650 encountered, 0 discovered, 0 enqueued
[43.117s][info][gc,ref      ] GC(63) Weak: 4599 encountered, 3534 discovered, 0 enqueued
[43.117s][info][gc,ref      ] GC(63) Final: 27 encountered, 0 discovered, 0 enqueued
[43.117s][info][gc,ref      ] GC(63) Phantom: 653 encountered, 649 discovered, 0 enqueued
[43.117s][info][gc,heap     ] GC(63)                Mark Start          Mark End        Relocate Start      Relocate End           High               Low         
[43.117s][info][gc,heap     ] GC(63)  Capacity:      750M (100%)        750M (100%)        750M (100%)        750M (100%)        750M (100%)        750M (100%)   
[43.117s][info][gc,heap     ] GC(63)   Reserve:       34M (5%)           34M (5%)           34M (5%)           34M (5%)           34M (5%)           34M (5%)     
[43.117s][info][gc,heap     ] GC(63)      Free:      226M (30%)           0M (0%)          232M (31%)         236M (31%)         236M (31%)           0M (0%)     
[43.117s][info][gc,heap     ] GC(63)      Used:      490M (65%)         716M (95%)         484M (65%)         480M (64%)         716M (95%)         480M (64%)    
[43.117s][info][gc,heap     ] GC(63)      Live:         -               214M (29%)         214M (29%)         214M (29%)            -                  -          
[43.117s][info][gc,heap     ] GC(63) Allocated:         -               226M (30%)         228M (30%)         234M (31%)            -                  -          
[43.117s][info][gc,heap     ] GC(63)   Garbage:         -               275M (37%)          41M (6%)           33M (4%)             -                  -          
[43.117s][info][gc,heap     ] GC(63) Reclaimed:         -                  -               234M (31%)         242M (32%)            -                  -          
[43.117s][info][gc          ] GC(63) Garbage Collection (Allocation Rate) 490M(65%)->480M(64%)
[43.195s][info][gc,start    ] GC(64) Garbage Collection (Allocation Rate)
[43.201s][info][gc,phases   ] GC(64) Pause Mark Start 2.719ms
[43.514s][info][gc,phases   ] GC(64) Concurrent Mark 313.296ms
[43.515s][info][gc,phases   ] GC(64) Pause Mark End 0.373ms
[43.516s][info][gc,phases   ] GC(64) Concurrent Process Non-Strong References 1.486ms
[43.516s][info][gc,phases   ] GC(64) Concurrent Reset Relocation Set 0.003ms
[43.516s][info][gc,phases   ] GC(64) Concurrent Destroy Detached Pages 0.001ms
[43.518s][info][gc,phases   ] GC(64) Concurrent Select Relocation Set 1.606ms
[43.518s][info][gc,phases   ] GC(64) Concurrent Prepare Relocation Set 0.027ms
[43.520s][info][gc,phases   ] GC(64) Pause Relocate Start 2.326ms
[43.520s][info][gc          ] Allocation Stall (Executor task launch worker for task 0.0 in stage 13.0 (TID 13)) 142.103ms
[43.526s][info][gc,phases   ] GC(64) Concurrent Relocate 3.723ms
[43.526s][info][gc,load     ] GC(64) Load: 2.30/1.67/0.86
[43.526s][info][gc,mmu      ] GC(64) MMU: 2ms/0.0%, 5ms/0.0%, 10ms/0.0%, 20ms/29.2%, 50ms/48.7%, 100ms/74.1%
[43.526s][info][gc,marking  ] GC(64) Mark: 1 stripe(s), 2 proactive flush(es), 1 terminate flush(es), 0 completion(s), 0 continuation(s) 
[43.526s][info][gc,reloc    ] GC(64) Relocation: Successful, 7M relocated
[43.526s][info][gc,nmethod  ] GC(64) NMethods: 2889 registered, 0 unregistered
[43.526s][info][gc,metaspace] GC(64) Metaspace: 68M used, 72M capacity, 72M committed, 74M reserved
[43.526s][info][gc,ref      ] GC(64) Soft: 2650 encountered, 0 discovered, 0 enqueued
[43.526s][info][gc,ref      ] GC(64) Weak: 4599 encountered, 3534 discovered, 0 enqueued
[43.526s][info][gc,ref      ] GC(64) Final: 27 encountered, 0 discovered, 0 enqueued
[43.526s][info][gc,ref      ] GC(64) Phantom: 653 encountered, 649 discovered, 0 enqueued
[43.526s][info][gc,heap     ] GC(64)                Mark Start          Mark End        Relocate Start      Relocate End           High               Low         
[43.526s][info][gc,heap     ] GC(64)  Capacity:      750M (100%)        750M (100%)        750M (100%)        750M (100%)        750M (100%)        750M (100%)   
[43.526s][info][gc,heap     ] GC(64)   Reserve:       34M (5%)           34M (5%)           34M (5%)           34M (5%)           34M (5%)           34M (5%)     
[43.526s][info][gc,heap     ] GC(64)      Free:      122M (16%)           0M (0%)          336M (45%)         340M (45%)         340M (45%)           0M (0%)     
[43.526s][info][gc,heap     ] GC(64)      Used:      594M (79%)         716M (95%)         380M (51%)         376M (50%)         716M (95%)         376M (50%)    
[43.526s][info][gc,heap     ] GC(64)      Live:         -               214M (29%)         214M (29%)         214M (29%)            -                  -          
[43.526s][info][gc,heap     ] GC(64) Allocated:         -               122M (16%)         124M (17%)         130M (17%)            -                  -          
[43.526s][info][gc,heap     ] GC(64)   Garbage:         -               379M (51%)          41M (6%)           33M (4%)             -                  -          
[43.527s][info][gc,heap     ] GC(64) Reclaimed:         -                  -               338M (45%)         346M (46%)            -                  -          
[43.527s][info][gc          ] GC(64) Garbage Collection (Allocation Rate) 594M(79%)->376M(50%)
[43.595s][info][gc,start    ] GC(65) Garbage Collection (Allocation Rate)
[43.600s][info][gc,phases   ] GC(65) Pause Mark Start 2.725ms
[43.973s][info][gc,phases   ] GC(65) Concurrent Mark 372.916ms
[43.974s][info][gc,phases   ] GC(65) Pause Mark End 0.370ms
[43.975s][info][gc,phases   ] GC(65) Concurrent Process Non-Strong References 1.560ms
[43.975s][info][gc,phases   ] GC(65) Concurrent Reset Relocation Set 0.004ms
[43.975s][info][gc,phases   ] GC(65) Concurrent Destroy Detached Pages 0.001ms
[43.977s][info][gc          ] Allocation Stall (Executor task launch worker for task 0.0 in stage 13.0 (TID 13)) 45.595ms
[43.979s][info][gc,phases   ] GC(65) Concurrent Select Relocation Set 3.643ms
[43.979s][info][gc,phases   ] GC(65) Concurrent Prepare Relocation Set 0.038ms
[43.985s][info][gc,phases   ] GC(65) Pause Relocate Start 4.632ms
[44.004s][info][gc,phases   ] GC(65) Concurrent Relocate 12.971ms
[44.004s][info][gc,load     ] GC(65) Load: 2.30/1.67/0.86
[44.004s][info][gc,mmu      ] GC(65) MMU: 2ms/0.0%, 5ms/0.0%, 10ms/0.0%, 20ms/29.2%, 50ms/48.7%, 100ms/74.1%
[44.004s][info][gc,marking  ] GC(65) Mark: 1 stripe(s), 2 proactive flush(es), 1 terminate flush(es), 0 completion(s), 0 continuation(s) 
[44.004s][info][gc,reloc    ] GC(65) Relocation: Successful, 7M relocated
[44.004s][info][gc,nmethod  ] GC(65) NMethods: 2889 registered, 0 unregistered
[44.004s][info][gc,metaspace] GC(65) Metaspace: 68M used, 72M capacity, 72M committed, 74M reserved
[44.004s][info][gc,ref      ] GC(65) Soft: 2650 encountered, 0 discovered, 0 enqueued
[44.004s][info][gc,ref      ] GC(65) Weak: 4599 encountered, 3534 discovered, 0 enqueued
[44.004s][info][gc,ref      ] GC(65) Final: 27 encountered, 0 discovered, 0 enqueued
[44.004s][info][gc,ref      ] GC(65) Phantom: 653 encountered, 649 discovered, 0 enqueued
[44.004s][info][gc,heap     ] GC(65)                Mark Start          Mark End        Relocate Start      Relocate End           High               Low         
[44.004s][info][gc,heap     ] GC(65)  Capacity:      750M (100%)        750M (100%)        750M (100%)        750M (100%)        750M (100%)        750M (100%)   
[44.004s][info][gc,heap     ] GC(65)   Reserve:       34M (5%)           34M (5%)           34M (5%)           34M (5%)           34M (5%)           34M (5%)     
[44.004s][info][gc,heap     ] GC(65)      Free:      238M (32%)           0M (0%)          222M (30%)         222M (30%)         238M (32%)           0M (0%)     
[44.004s][info][gc,heap     ] GC(65)      Used:      478M (64%)         716M (95%)         494M (66%)         494M (66%)         716M (95%)         478M (64%)    
[44.004s][info][gc,heap     ] GC(65)      Live:         -               214M (29%)         214M (29%)         214M (29%)            -                  -          
[44.004s][info][gc,heap     ] GC(65) Allocated:         -               238M (32%)         240M (32%)         248M (33%)            -                  -          
[44.004s][info][gc,heap     ] GC(65)   Garbage:         -               263M (35%)          39M (5%)           33M (4%)             -                  -          
[44.004s][info][gc,heap     ] GC(65) Reclaimed:         -                  -               224M (30%)         230M (31%)            -                  -          
[44.004s][info][gc          ] GC(65) Garbage Collection (Allocation Rate) 478M(64%)->494M(66%)
[44.095s][info][gc,start    ] GC(66) Garbage Collection (Allocation Rate)
[44.100s][info][gc,phases   ] GC(66) Pause Mark Start 2.723ms
[44.528s][info][gc,phases   ] GC(66) Concurrent Mark 427.544ms
[44.529s][info][gc,phases   ] GC(66) Pause Mark End 0.368ms
[44.530s][info][gc,phases   ] GC(66) Concurrent Process Non-Strong References 1.458ms
[44.530s][info][gc,phases   ] GC(66) Concurrent Reset Relocation Set 0.003ms
[44.530s][info][gc,phases   ] GC(66) Concurrent Destroy Detached Pages 0.000ms
[44.531s][info][gc          ] Allocation Stall (Executor task launch worker for task 0.0 in stage 13.0 (TID 13)) 142.755ms
[44.536s][info][gc,phases   ] GC(66) Concurrent Select Relocation Set 5.451ms
[44.536s][info][gc,phases   ] GC(66) Concurrent Prepare Relocation Set 0.028ms
[44.541s][info][gc,phases   ] GC(66) Pause Relocate Start 2.383ms
[44.548s][info][gc,phases   ] GC(66) Concurrent Relocate 7.776ms
[44.549s][info][gc,load     ] GC(66) Load: 2.30/1.67/0.86
[44.549s][info][gc,mmu      ] GC(66) MMU: 2ms/0.0%, 5ms/0.0%, 10ms/0.0%, 20ms/29.2%, 50ms/48.7%, 100ms/74.1%
[44.549s][info][gc,marking  ] GC(66) Mark: 1 stripe(s), 2 proactive flush(es), 1 terminate flush(es), 0 completion(s), 0 continuation(s) 
[44.549s][info][gc,reloc    ] GC(66) Relocation: Successful, 7M relocated
[44.549s][info][gc,nmethod  ] GC(66) NMethods: 2889 registered, 0 unregistered
[44.549s][info][gc,metaspace] GC(66) Metaspace: 68M used, 72M capacity, 72M committed, 74M reserved
[44.549s][info][gc,ref      ] GC(66) Soft: 2650 encountered, 0 discovered, 0 enqueued
[44.549s][info][gc,ref      ] GC(66) Weak: 4599 encountered, 3534 discovered, 0 enqueued
[44.549s][info][gc,ref      ] GC(66) Final: 27 encountered, 0 discovered, 0 enqueued
[44.549s][info][gc,ref      ] GC(66) Phantom: 653 encountered, 649 discovered, 0 enqueued
[44.549s][info][gc,heap     ] GC(66)                Mark Start          Mark End        Relocate Start      Relocate End           High               Low         
[44.549s][info][gc,heap     ] GC(66)  Capacity:      750M (100%)        750M (100%)        750M (100%)        750M (100%)        750M (100%)        750M (100%)   
[44.549s][info][gc,heap     ] GC(66)   Reserve:       34M (5%)           34M (5%)           34M (5%)           34M (5%)           34M (5%)           34M (5%)     
[44.549s][info][gc,heap     ] GC(66)      Free:      182M (24%)           0M (0%)          272M (36%)         272M (36%)         276M (37%)           0M (0%)     
[44.549s][info][gc,heap     ] GC(66)      Used:      534M (71%)         716M (95%)         444M (59%)         444M (59%)         716M (95%)         440M (59%)    
[44.549s][info][gc,heap     ] GC(66)      Live:         -               214M (29%)         214M (29%)         214M (29%)            -                  -          
[44.549s][info][gc,heap     ] GC(66) Allocated:         -               182M (24%)         188M (25%)         198M (26%)            -                  -          
[44.549s][info][gc,heap     ] GC(66)   Garbage:         -               319M (43%)          41M (6%)           35M (5%)             -                  -          
[44.549s][info][gc,heap     ] GC(66) Reclaimed:         -                  -               278M (37%)         284M (38%)            -                  -          
[44.549s][info][gc          ] GC(66) Garbage Collection (Allocation Rate) 534M(71%)->444M(59%)
[44.595s][info][gc,start    ] GC(67) Garbage Collection (Allocation Rate)
[44.601s][info][gc,phases   ] GC(67) Pause Mark Start 2.673ms
[44.952s][info][gc,phases   ] GC(67) Concurrent Mark 351.564ms
[44.953s][info][gc,phases   ] GC(67) Pause Mark End 0.370ms
[44.955s][info][gc,phases   ] GC(67) Concurrent Process Non-Strong References 1.461ms
[44.955s][info][gc,phases   ] GC(67) Concurrent Reset Relocation Set 0.003ms
[44.955s][info][gc,phases   ] GC(67) Concurrent Destroy Detached Pages 0.001ms
[44.955s][info][gc          ] Allocation Stall (Executor task launch worker for task 0.0 in stage 13.0 (TID 13)) 62.744ms
[44.959s][info][gc          ] Allocation Stall (RemoteBlock-temp-file-clean-thread) 64.471ms
[44.960s][info][gc,phases   ] GC(67) Concurrent Select Relocation Set 5.568ms
[44.960s][info][gc,phases   ] GC(67) Concurrent Prepare Relocation Set 0.032ms
[44.965s][info][gc,phases   ] GC(67) Pause Relocate Start 2.354ms
[44.972s][info][gc,phases   ] GC(67) Concurrent Relocate 7.233ms
[44.973s][info][gc,load     ] GC(67) Load: 2.30/1.67/0.86
[44.973s][info][gc,mmu      ] GC(67) MMU: 2ms/0.0%, 5ms/0.0%, 10ms/0.0%, 20ms/29.2%, 50ms/48.7%, 100ms/74.1%
[44.973s][info][gc,marking  ] GC(67) Mark: 1 stripe(s), 2 proactive flush(es), 1 terminate flush(es), 0 completion(s), 0 continuation(s) 
[44.973s][info][gc,reloc    ] GC(67) Relocation: Successful, 7M relocated
[44.973s][info][gc,nmethod  ] GC(67) NMethods: 2889 registered, 0 unregistered
[44.973s][info][gc,metaspace] GC(67) Metaspace: 68M used, 72M capacity, 72M committed, 74M reserved
[44.973s][info][gc,ref      ] GC(67) Soft: 2650 encountered, 0 discovered, 0 enqueued
[44.973s][info][gc,ref      ] GC(67) Weak: 4599 encountered, 3534 discovered, 0 enqueued
[44.973s][info][gc,ref      ] GC(67) Final: 27 encountered, 0 discovered, 0 enqueued
[44.973s][info][gc,ref      ] GC(67) Phantom: 653 encountered, 649 discovered, 0 enqueued
[44.973s][info][gc,heap     ] GC(67)                Mark Start          Mark End        Relocate Start      Relocate End           High               Low         
[44.973s][info][gc,heap     ] GC(67)  Capacity:      750M (100%)        750M (100%)        750M (100%)        750M (100%)        750M (100%)        750M (100%)   
[44.973s][info][gc,heap     ] GC(67)   Reserve:       34M (5%)           34M (5%)           34M (5%)           34M (5%)           34M (5%)           34M (5%)     
[44.973s][info][gc,heap     ] GC(67)      Free:      202M (27%)           0M (0%)          252M (34%)         250M (33%)         256M (34%)           0M (0%)     
[44.973s][info][gc,heap     ] GC(67)      Used:      514M (69%)         716M (95%)         464M (62%)         466M (62%)         716M (95%)         460M (61%)    
[44.973s][info][gc,heap     ] GC(67)      Live:         -               214M (29%)         214M (29%)         214M (29%)            -                  -          
[44.973s][info][gc,heap     ] GC(67) Allocated:         -               202M (27%)         210M (28%)         220M (29%)            -                  -          
[44.973s][info][gc,heap     ] GC(67)   Garbage:         -               299M (40%)          39M (5%)           33M (4%)             -                  -          
[44.973s][info][gc,heap     ] GC(67) Reclaimed:         -                  -               260M (35%)         266M (35%)            -                  -          
[44.973s][info][gc          ] GC(67) Garbage Collection (Allocation Rate) 514M(69%)->466M(62%)
[44.995s][info][gc,start    ] GC(68) Garbage Collection (Allocation Rate)
[45.001s][info][gc,phases   ] GC(68) Pause Mark Start 2.838ms
[45.073s][info][gc,heap     ] Page Cache Flushed: 6M requested, 6M(188M->182M) flushed
[45.312s][info][gc,phases   ] GC(68) Concurrent Mark 311.310ms
[45.313s][info][gc,phases   ] GC(68) Pause Mark End 0.342ms
[45.314s][info][gc,phases   ] GC(68) Concurrent Process Non-Strong References 1.450ms
[45.314s][info][gc,phases   ] GC(68) Concurrent Reset Relocation Set 0.002ms
[45.314s][info][gc,phases   ] GC(68) Concurrent Destroy Detached Pages 0.004ms
[45.316s][info][gc,phases   ] GC(68) Concurrent Select Relocation Set 1.613ms
[45.316s][info][gc,phases   ] GC(68) Concurrent Prepare Relocation Set 0.026ms
[45.318s][info][gc,phases   ] GC(68) Pause Relocate Start 2.322ms
[45.320s][info][gc,phases   ] GC(68) Concurrent Relocate 1.824ms
[45.320s][info][gc,load     ] GC(68) Load: 2.30/1.67/0.86
[45.320s][info][gc,mmu      ] GC(68) MMU: 2ms/0.0%, 5ms/0.0%, 10ms/0.0%, 20ms/29.2%, 50ms/48.7%, 100ms/74.1%
[45.320s][info][gc,marking  ] GC(68) Mark: 1 stripe(s), 2 proactive flush(es), 1 terminate flush(es), 0 completion(s), 0 continuation(s) 
[45.320s][info][gc,reloc    ] GC(68) Relocation: Successful, 7M relocated
[45.320s][info][gc,nmethod  ] GC(68) NMethods: 2940 registered, 0 unregistered
[45.320s][info][gc,metaspace] GC(68) Metaspace: 68M used, 72M capacity, 72M committed, 74M reserved
[45.320s][info][gc,ref      ] GC(68) Soft: 2650 encountered, 0 discovered, 0 enqueued
[45.320s][info][gc,ref      ] GC(68) Weak: 4599 encountered, 3586 discovered, 0 enqueued
[45.320s][info][gc,ref      ] GC(68) Final: 27 encountered, 0 discovered, 0 enqueued
[45.320s][info][gc,ref      ] GC(68) Phantom: 653 encountered, 649 discovered, 0 enqueued
[45.320s][info][gc,heap     ] GC(68)                Mark Start          Mark End        Relocate Start      Relocate End           High               Low         
[45.320s][info][gc,heap     ] GC(68)  Capacity:      750M (100%)        750M (100%)        750M (100%)        750M (100%)        750M (100%)        750M (100%)   
[45.320s][info][gc,heap     ] GC(68)   Reserve:       34M (5%)           34M (5%)           34M (5%)           34M (5%)           34M (5%)           34M (5%)     
[45.320s][info][gc,heap     ] GC(68)      Free:      220M (29%)         178M (24%)         420M (56%)         426M (57%)         426M (57%)         178M (24%)    
[45.320s][info][gc,heap     ] GC(68)      Used:      496M (66%)         538M (72%)         296M (39%)         290M (39%)         538M (72%)         290M (39%)    
[45.320s][info][gc,heap     ] GC(68)      Live:         -               214M (29%)         214M (29%)         214M (29%)            -                  -          
[45.320s][info][gc,heap     ] GC(68) Allocated:         -                42M (6%)           42M (6%)           44M (6%)             -                  -          
[45.320s][info][gc,heap     ] GC(68)   Garbage:         -               281M (38%)          39M (5%)           33M (4%)             -                  -          
[45.320s][info][gc,heap     ] GC(68) Reclaimed:         -                  -               242M (32%)         248M (33%)            -                  -          
[45.320s][info][gc          ] GC(68) Garbage Collection (Allocation Rate) 496M(66%)->290M(39%)
[45.320s][info][gc,start    ] GC(69) Garbage Collection (System.gc())
[45.323s][info][gc,phases   ] GC(69) Pause Mark Start 2.776ms
[45.536s][info][gc,phases   ] GC(69) Concurrent Mark 212.157ms
[45.536s][info][gc,phases   ] GC(69) Pause Mark End 0.348ms
[45.538s][info][gc,phases   ] GC(69) Concurrent Process Non-Strong References 1.546ms
[45.538s][info][gc,phases   ] GC(69) Concurrent Reset Relocation Set 0.002ms
[45.538s][info][gc,phases   ] GC(69) Concurrent Destroy Detached Pages 0.000ms
[45.541s][info][gc,phases   ] GC(69) Concurrent Select Relocation Set 2.928ms
[45.541s][info][gc,phases   ] GC(69) Concurrent Prepare Relocation Set 0.031ms
[45.546s][info][gc,phases   ] GC(69) Pause Relocate Start 2.291ms
[45.549s][info][gc,phases   ] GC(69) Concurrent Relocate 2.806ms
[45.549s][info][gc,load     ] GC(69) Load: 2.30/1.67/0.86
[45.549s][info][gc,mmu      ] GC(69) MMU: 2ms/0.0%, 5ms/0.0%, 10ms/0.0%, 20ms/29.2%, 50ms/48.7%, 100ms/74.1%
[45.549s][info][gc,marking  ] GC(69) Mark: 1 stripe(s), 2 proactive flush(es), 1 terminate flush(es), 0 completion(s), 0 continuation(s) 
[45.549s][info][gc,reloc    ] GC(69) Relocation: Successful, 9M relocated
[45.549s][info][gc,nmethod  ] GC(69) NMethods: 2942 registered, 0 unregistered
[45.549s][info][gc,metaspace] GC(69) Metaspace: 68M used, 72M capacity, 72M committed, 74M reserved
[45.549s][info][gc,ref      ] GC(69) Soft: 2649 encountered, 0 discovered, 0 enqueued
[45.549s][info][gc,ref      ] GC(69) Weak: 4669 encountered, 3655 discovered, 120 enqueued
[45.549s][info][gc,ref      ] GC(69) Final: 27 encountered, 0 discovered, 0 enqueued
[45.549s][info][gc,ref      ] GC(69) Phantom: 653 encountered, 649 discovered, 0 enqueued
[45.549s][info][gc,heap     ] GC(69)                Mark Start          Mark End        Relocate Start      Relocate End           High               Low         
[45.549s][info][gc,heap     ] GC(69)  Capacity:      750M (100%)        750M (100%)        750M (100%)        750M (100%)        750M (100%)        750M (100%)   
[45.549s][info][gc,heap     ] GC(69)   Reserve:       34M (5%)           34M (5%)           34M (5%)           34M (5%)           34M (5%)           34M (5%)     
[45.549s][info][gc,heap     ] GC(69)      Free:      426M (57%)         424M (57%)         458M (61%)         466M (62%)         466M (62%)         424M (57%)    
[45.549s][info][gc,heap     ] GC(69)      Used:      290M (39%)         292M (39%)         258M (34%)         250M (33%)         292M (39%)         250M (33%)    
[45.549s][info][gc,heap     ] GC(69)      Live:         -               214M (29%)         214M (29%)         214M (29%)            -                  -          
[45.549s][info][gc,heap     ] GC(69) Allocated:         -                 2M (0%)            2M (0%)            4M (1%)             -                  -          
[45.549s][info][gc,heap     ] GC(69)   Garbage:         -                75M (10%)          41M (6%)           33M (4%)             -                  -          
[45.549s][info][gc,heap     ] GC(69) Reclaimed:         -                  -                34M (5%)           42M (6%)             -                  -          
[45.549s][info][gc          ] GC(69) Garbage Collection (System.gc()) 290M(39%)->250M(33%)
[45.554s][info][gc,heap     ] Page Cache Flushed: 32M requested, 32M(464M->432M) flushed
[45.588s][info][gc,heap     ] Page Cache Flushed: 6M requested, 6M(428M->422M) flushed
[45.595s][info][gc,start    ] GC(70) Garbage Collection (Allocation Rate)
[45.621s][info][gc,phases   ] GC(70) Pause Mark Start 2.825ms
[45.633s][info][gc,heap     ] Page Cache Flushed: 32M requested, 32M(414M->382M) flushed
[45.670s][info][gc,heap     ] Page Cache Flushed: 6M requested, 6M(376M->370M) flushed
[46.173s][info][gc,phases   ] GC(70) Concurrent Mark 551.229ms
[46.176s][info][gc,phases   ] GC(70) Pause Mark End 0.429ms
[46.177s][info][gc,phases   ] GC(70) Concurrent Process Non-Strong References 1.491ms
[46.179s][info][gc,phases   ] GC(70) Concurrent Reset Relocation Set 0.004ms
[46.179s][info][gc,phases   ] GC(70) Concurrent Destroy Detached Pages 0.027ms
[46.180s][info][gc,phases   ] GC(70) Concurrent Select Relocation Set 1.501ms
[46.180s][info][gc,phases   ] GC(70) Concurrent Prepare Relocation Set 0.031ms
[46.185s][info][gc,phases   ] GC(70) Pause Relocate Start 2.379ms
[46.193s][info][gc,phases   ] GC(70) Concurrent Relocate 8.231ms
[46.193s][info][gc,load     ] GC(70) Load: 2.36/1.69/0.87
[46.193s][info][gc,mmu      ] GC(70) MMU: 2ms/0.0%, 5ms/0.0%, 10ms/0.0%, 20ms/29.2%, 50ms/48.7%, 100ms/74.1%
[46.193s][info][gc,marking  ] GC(70) Mark: 1 stripe(s), 2 proactive flush(es), 1 terminate flush(es), 0 completion(s), 0 continuation(s) 
[46.193s][info][gc,reloc    ] GC(70) Relocation: Successful, 9M relocated
[46.193s][info][gc,nmethod  ] GC(70) NMethods: 3024 registered, 0 unregistered
[46.193s][info][gc,metaspace] GC(70) Metaspace: 68M used, 72M capacity, 72M committed, 74M reserved
[46.193s][info][gc,ref      ] GC(70) Soft: 2651 encountered, 0 discovered, 0 enqueued
[46.193s][info][gc,ref      ] GC(70) Weak: 4631 encountered, 3608 discovered, 57 enqueued
[46.193s][info][gc,ref      ] GC(70) Final: 27 encountered, 0 discovered, 0 enqueued
[46.193s][info][gc,ref      ] GC(70) Phantom: 653 encountered, 649 discovered, 0 enqueued
[46.193s][info][gc,heap     ] GC(70)                Mark Start          Mark End        Relocate Start      Relocate End           High               Low         
[46.193s][info][gc,heap     ] GC(70)  Capacity:      750M (100%)        750M (100%)        750M (100%)        750M (100%)        750M (100%)        750M (100%)   
[46.193s][info][gc,heap     ] GC(70)   Reserve:       34M (5%)           34M (5%)           34M (5%)           34M (5%)           34M (5%)           34M (5%)     
[46.193s][info][gc,heap     ] GC(70)      Free:      416M (55%)          96M (13%)         134M (18%)         138M (18%)         416M (55%)          96M (13%)    
[46.193s][info][gc,heap     ] GC(70)      Used:      300M (40%)         620M (83%)         582M (78%)         578M (77%)         620M (83%)         300M (40%)    
[46.193s][info][gc,heap     ] GC(70)      Live:         -               214M (29%)         214M (29%)         214M (29%)            -                  -          
[46.193s][info][gc,heap     ] GC(70) Allocated:         -               322M (43%)         322M (43%)         334M (45%)            -                  -          
[46.193s][info][gc,heap     ] GC(70)   Garbage:         -                85M (11%)          47M (6%)           33M (4%)             -                  -          
[46.193s][info][gc,heap     ] GC(70) Reclaimed:         -                  -                38M (5%)           52M (7%)             -                  -          
[46.193s][info][gc          ] GC(70) Garbage Collection (Allocation Rate) 300M(40%)->578M(77%)
[46.195s][info][gc,start    ] GC(71) Garbage Collection (Allocation Rate)
[46.205s][info][gc,phases   ] GC(71) Pause Mark Start 2.863ms
[46.354s][info][gc,heap     ] Page Cache Flushed: 2M requested, 6M(38M->32M) flushed
[46.367s][info][gc,heap     ] Page Cache Flushed: 2M requested, 32M(32M->0M) flushed
[46.553s][info][gc,phases   ] GC(71) Concurrent Mark 348.734ms
[46.554s][info][gc,phases   ] GC(71) Pause Mark End 0.413ms
[46.556s][info][gc,phases   ] GC(71) Concurrent Process Non-Strong References 1.540ms
[46.556s][info][gc,phases   ] GC(71) Concurrent Reset Relocation Set 0.004ms
[46.556s][info][gc,phases   ] GC(71) Concurrent Destroy Detached Pages 0.004ms
[46.557s][info][gc,phases   ] GC(71) Concurrent Select Relocation Set 1.538ms
[46.557s][info][gc,phases   ] GC(71) Concurrent Prepare Relocation Set 0.030ms
[46.560s][info][gc,phases   ] GC(71) Pause Relocate Start 2.399ms
[46.560s][info][gc          ] Allocation Stall (Executor task launch worker for task 0.0 in stage 16.0 (TID 16)) 133.092ms
[46.570s][info][gc,phases   ] GC(71) Concurrent Relocate 7.809ms
[46.570s][info][gc,load     ] GC(71) Load: 2.36/1.69/0.87
[46.570s][info][gc,mmu      ] GC(71) MMU: 2ms/0.0%, 5ms/0.0%, 10ms/0.0%, 20ms/29.2%, 50ms/48.7%, 100ms/74.1%
[46.570s][info][gc,marking  ] GC(71) Mark: 1 stripe(s), 2 proactive flush(es), 1 terminate flush(es), 0 completion(s), 0 continuation(s) 
[46.570s][info][gc,reloc    ] GC(71) Relocation: Successful, 9M relocated
[46.570s][info][gc,nmethod  ] GC(71) NMethods: 3025 registered, 0 unregistered
[46.570s][info][gc,metaspace] GC(71) Metaspace: 68M used, 72M capacity, 72M committed, 74M reserved
[46.571s][info][gc,ref      ] GC(71) Soft: 2652 encountered, 0 discovered, 0 enqueued
[46.571s][info][gc,ref      ] GC(71) Weak: 4656 encountered, 3586 discovered, 17 enqueued
[46.571s][info][gc,ref      ] GC(71) Final: 27 encountered, 0 discovered, 0 enqueued
[46.571s][info][gc,ref      ] GC(71) Phantom: 653 encountered, 649 discovered, 0 enqueued
[46.571s][info][gc,heap     ] GC(71)                Mark Start          Mark End        Relocate Start      Relocate End           High               Low         
[46.571s][info][gc,heap     ] GC(71)  Capacity:      750M (100%)        750M (100%)        750M (100%)        750M (100%)        750M (100%)        750M (100%)   
[46.571s][info][gc,heap     ] GC(71)   Reserve:       34M (5%)           34M (5%)           34M (5%)           34M (5%)           34M (5%)           34M (5%)     
[46.571s][info][gc,heap     ] GC(71)      Free:      134M (18%)           0M (0%)          310M (41%)         330M (44%)         330M (44%)           0M (0%)     
[46.571s][info][gc,heap     ] GC(71)      Used:      582M (78%)         716M (95%)         406M (54%)         386M (51%)         716M (95%)         386M (51%)    
[46.571s][info][gc,heap     ] GC(71)      Live:         -               214M (29%)         214M (29%)         214M (29%)            -                  -          
[46.571s][info][gc,heap     ] GC(71) Allocated:         -               134M (18%)         136M (18%)         142M (19%)            -                  -          
[46.571s][info][gc,heap     ] GC(71)   Garbage:         -               367M (49%)          55M (7%)           35M (5%)             -                  -          
[46.571s][info][gc,heap     ] GC(71) Reclaimed:         -                  -               312M (42%)         332M (44%)            -                  -          
[46.571s][info][gc          ] GC(71) Garbage Collection (Allocation Rate) 582M(78%)->386M(51%)
[46.595s][info][gc,start    ] GC(72) Garbage Collection (Allocation Rate)
[46.602s][info][gc,phases   ] GC(72) Pause Mark Start 4.871ms
[46.998s][info][gc,heap     ] Page Cache Flushed: 2M requested, 6M(38M->32M) flushed
[47.012s][info][gc,heap     ] Page Cache Flushed: 2M requested, 32M(32M->0M) flushed
[47.031s][info][gc,phases   ] GC(72) Concurrent Mark 428.202ms
[47.034s][info][gc,phases   ] GC(72) Pause Mark End 0.443ms
[47.035s][info][gc,phases   ] GC(72) Concurrent Process Non-Strong References 1.510ms
[47.035s][info][gc,phases   ] GC(72) Concurrent Reset Relocation Set 0.005ms
[47.035s][info][gc,phases   ] GC(72) Concurrent Destroy Detached Pages 0.003ms
[47.038s][info][gc,phases   ] GC(72) Concurrent Select Relocation Set 2.659ms
[47.038s][info][gc,phases   ] GC(72) Concurrent Prepare Relocation Set 0.035ms
[47.042s][info][gc,phases   ] GC(72) Pause Relocate Start 3.630ms
[47.049s][info][gc,phases   ] GC(72) Concurrent Relocate 6.755ms
[47.049s][info][gc,load     ] GC(72) Load: 2.36/1.69/0.87
[47.049s][info][gc,mmu      ] GC(72) MMU: 2ms/0.0%, 5ms/0.0%, 10ms/0.0%, 20ms/29.2%, 50ms/48.7%, 100ms/74.1%
[47.049s][info][gc,marking  ] GC(72) Mark: 1 stripe(s), 2 proactive flush(es), 1 terminate flush(es), 0 completion(s), 0 continuation(s) 
[47.049s][info][gc,reloc    ] GC(72) Relocation: Successful, 7M relocated
[47.049s][info][gc,nmethod  ] GC(72) NMethods: 3026 registered, 0 unregistered
[47.049s][info][gc,metaspace] GC(72) Metaspace: 68M used, 72M capacity, 72M committed, 74M reserved
[47.049s][info][gc,ref      ] GC(72) Soft: 2652 encountered, 0 discovered, 0 enqueued
[47.049s][info][gc,ref      ] GC(72) Weak: 4641 encountered, 3568 discovered, 0 enqueued
[47.049s][info][gc,ref      ] GC(72) Final: 27 encountered, 0 discovered, 0 enqueued
[47.049s][info][gc,ref      ] GC(72) Phantom: 653 encountered, 649 discovered, 0 enqueued
[47.049s][info][gc,heap     ] GC(72)                Mark Start          Mark End        Relocate Start      Relocate End           High               Low         
[47.049s][info][gc,heap     ] GC(72)  Capacity:      750M (100%)        750M (100%)        750M (100%)        750M (100%)        750M (100%)        750M (100%)   
[47.049s][info][gc,heap     ] GC(72)   Reserve:       34M (5%)           34M (5%)           34M (5%)           34M (5%)           34M (5%)           34M (5%)     
[47.049s][info][gc,heap     ] GC(72)      Free:      316M (42%)          16M (2%)          156M (21%)         162M (22%)         316M (42%)          16M (2%)     
[47.049s][info][gc,heap     ] GC(72)      Used:      400M (53%)         700M (93%)         560M (75%)         554M (74%)         700M (93%)         400M (53%)    
[47.049s][info][gc,heap     ] GC(72)      Live:         -               214M (29%)         214M (29%)         214M (29%)            -                  -          
[47.049s][info][gc,heap     ] GC(72) Allocated:         -               300M (40%)         300M (40%)         308M (41%)            -                  -          
[47.049s][info][gc,heap     ] GC(72)   Garbage:         -               185M (25%)          45M (6%)           33M (4%)             -                  -          
[47.049s][info][gc,heap     ] GC(72) Reclaimed:         -                  -               140M (19%)         152M (20%)            -                  -          
[47.049s][info][gc          ] GC(72) Garbage Collection (Allocation Rate) 400M(53%)->554M(74%)
[47.095s][info][gc,start    ] GC(73) Garbage Collection (Allocation Rate)
[47.103s][info][gc,phases   ] GC(73) Pause Mark Start 5.385ms
[47.441s][info][gc,phases   ] GC(73) Concurrent Mark 338.274ms
[47.442s][info][gc,phases   ] GC(73) Pause Mark End 0.470ms
[47.444s][info][gc,phases   ] GC(73) Concurrent Process Non-Strong References 1.632ms
[47.444s][info][gc,phases   ] GC(73) Concurrent Reset Relocation Set 0.004ms
[47.444s][info][gc,phases   ] GC(73) Concurrent Destroy Detached Pages 0.001ms
[47.446s][info][gc,phases   ] GC(73) Concurrent Select Relocation Set 1.533ms
[47.446s][info][gc,phases   ] GC(73) Concurrent Prepare Relocation Set 0.022ms
[47.448s][info][gc,phases   ] GC(73) Pause Relocate Start 2.469ms
[47.448s][info][gc          ] Allocation Stall (Executor task launch worker for task 0.0 in stage 16.0 (TID 16)) 126.860ms
[47.456s][info][gc,phases   ] GC(73) Concurrent Relocate 5.632ms
[47.456s][info][gc,load     ] GC(73) Load: 2.36/1.69/0.87
[47.456s][info][gc,mmu      ] GC(73) MMU: 2ms/0.0%, 5ms/0.0%, 10ms/0.0%, 20ms/29.2%, 50ms/48.7%, 100ms/74.1%
[47.456s][info][gc,marking  ] GC(73) Mark: 1 stripe(s), 2 proactive flush(es), 1 terminate flush(es), 0 completion(s), 0 continuation(s) 
[47.456s][info][gc,reloc    ] GC(73) Relocation: Successful, 7M relocated
[47.456s][info][gc,nmethod  ] GC(73) NMethods: 3026 registered, 0 unregistered
[47.456s][info][gc,metaspace] GC(73) Metaspace: 68M used, 72M capacity, 72M committed, 74M reserved
[47.456s][info][gc,ref      ] GC(73) Soft: 2652 encountered, 0 discovered, 0 enqueued
[47.456s][info][gc,ref      ] GC(73) Weak: 4641 encountered, 3568 discovered, 0 enqueued
[47.456s][info][gc,ref      ] GC(73) Final: 27 encountered, 0 discovered, 0 enqueued
[47.456s][info][gc,ref      ] GC(73) Phantom: 653 encountered, 649 discovered, 0 enqueued
[47.456s][info][gc,heap     ] GC(73)                Mark Start          Mark End        Relocate Start      Relocate End           High               Low         
[47.456s][info][gc,heap     ] GC(73)  Capacity:      750M (100%)        750M (100%)        750M (100%)        750M (100%)        750M (100%)        750M (100%)   
[47.456s][info][gc,heap     ] GC(73)   Reserve:       34M (5%)           34M (5%)           34M (5%)           34M (5%)           34M (5%)           34M (5%)     
[47.456s][info][gc,heap     ] GC(73)      Free:      108M (14%)           0M (0%)          350M (47%)         350M (47%)         350M (47%)           0M (0%)     
[47.457s][info][gc,heap     ] GC(73)      Used:      608M (81%)         716M (95%)         366M (49%)         366M (49%)         716M (95%)         366M (49%)    
[47.457s][info][gc,heap     ] GC(73)      Live:         -               214M (29%)         214M (29%)         214M (29%)            -                  -          
[47.457s][info][gc,heap     ] GC(73) Allocated:         -               108M (14%)         110M (15%)         120M (16%)            -                  -          
[47.457s][info][gc,heap     ] GC(73)   Garbage:         -               393M (52%)          41M (6%)           33M (4%)             -                  -          
[47.457s][info][gc,heap     ] GC(73) Reclaimed:         -                  -               352M (47%)         360M (48%)            -                  -          
[47.457s][info][gc          ] GC(73) Garbage Collection (Allocation Rate) 608M(81%)->366M(49%)
[47.495s][info][gc,start    ] GC(74) Garbage Collection (Allocation Rate)
[47.503s][info][gc,phases   ] GC(74) Pause Mark Start 5.193ms
[47.958s][info][gc,phases   ] GC(74) Concurrent Mark 455.515ms
[47.959s][info][gc,phases   ] GC(74) Pause Mark End 0.481ms
[47.961s][info][gc,phases   ] GC(74) Concurrent Process Non-Strong References 1.460ms
[47.961s][info][gc,phases   ] GC(74) Concurrent Reset Relocation Set 0.003ms
[47.961s][info][gc,phases   ] GC(74) Concurrent Destroy Detached Pages 0.000ms
[47.962s][info][gc,phases   ] GC(74) Concurrent Select Relocation Set 1.532ms
[47.962s][info][gc,phases   ] GC(74) Concurrent Prepare Relocation Set 0.027ms
[47.965s][info][gc,phases   ] GC(74) Pause Relocate Start 2.423ms
[47.965s][info][gc          ] Allocation Stall (Executor task launch worker for task 0.0 in stage 16.0 (TID 16)) 9.530ms
[47.972s][info][gc,phases   ] GC(74) Concurrent Relocate 7.360ms
[47.972s][info][gc,load     ] GC(74) Load: 2.36/1.69/0.87
[47.972s][info][gc,mmu      ] GC(74) MMU: 2ms/0.0%, 5ms/0.0%, 10ms/0.0%, 20ms/29.2%, 50ms/48.7%, 100ms/74.1%
[47.972s][info][gc,marking  ] GC(74) Mark: 1 stripe(s), 2 proactive flush(es), 1 terminate flush(es), 0 completion(s), 0 continuation(s) 
[47.972s][info][gc,reloc    ] GC(74) Relocation: Successful, 7M relocated
[47.972s][info][gc,nmethod  ] GC(74) NMethods: 3026 registered, 0 unregistered
[47.972s][info][gc,metaspace] GC(74) Metaspace: 68M used, 72M capacity, 72M committed, 74M reserved
[47.972s][info][gc,ref      ] GC(74) Soft: 2652 encountered, 0 discovered, 0 enqueued
[47.972s][info][gc,ref      ] GC(74) Weak: 4641 encountered, 3568 discovered, 0 enqueued
[47.972s][info][gc,ref      ] GC(74) Final: 27 encountered, 0 discovered, 0 enqueued
[47.972s][info][gc,ref      ] GC(74) Phantom: 653 encountered, 649 discovered, 0 enqueued
[47.972s][info][gc,heap     ] GC(74)                Mark Start          Mark End        Relocate Start      Relocate End           High               Low         
[47.972s][info][gc,heap     ] GC(74)  Capacity:      750M (100%)        750M (100%)        750M (100%)        750M (100%)        750M (100%)        750M (100%)   
[47.972s][info][gc,heap     ] GC(74)   Reserve:       34M (5%)           34M (5%)           34M (5%)           34M (5%)           34M (5%)           34M (5%)     
[47.972s][info][gc,heap     ] GC(74)      Free:      298M (40%)           0M (0%)          160M (21%)         162M (22%)         298M (40%)           0M (0%)     
[47.972s][info][gc,heap     ] GC(74)      Used:      418M (56%)         716M (95%)         556M (74%)         554M (74%)         716M (95%)         418M (56%)    
[47.972s][info][gc,heap     ] GC(74)      Live:         -               214M (29%)         214M (29%)         214M (29%)            -                  -          
[47.973s][info][gc,heap     ] GC(74) Allocated:         -               298M (40%)         300M (40%)         310M (41%)            -                  -          
[47.973s][info][gc,heap     ] GC(74)   Garbage:         -               203M (27%)          41M (6%)           33M (4%)             -                  -          
[47.973s][info][gc,heap     ] GC(74) Reclaimed:         -                  -               162M (22%)         170M (23%)            -                  -          
[47.973s][info][gc          ] GC(74) Garbage Collection (Allocation Rate) 418M(56%)->554M(74%)
[47.995s][info][gc,start    ] GC(75) Garbage Collection (Allocation Rate)
[48.000s][info][gc,phases   ] GC(75) Pause Mark Start 2.833ms
[48.326s][info][gc,phases   ] GC(75) Concurrent Mark 325.044ms
[48.327s][info][gc,phases   ] GC(75) Pause Mark End 0.416ms
[48.328s][info][gc,phases   ] GC(75) Concurrent Process Non-Strong References 1.571ms
[48.328s][info][gc,phases   ] GC(75) Concurrent Reset Relocation Set 0.003ms
[48.328s][info][gc,phases   ] GC(75) Concurrent Destroy Detached Pages 0.000ms
[48.330s][info][gc,phases   ] GC(75) Concurrent Select Relocation Set 1.529ms
[48.330s][info][gc,phases   ] GC(75) Concurrent Prepare Relocation Set 0.027ms
[48.333s][info][gc,phases   ] GC(75) Pause Relocate Start 2.635ms
[48.333s][info][gc          ] Allocation Stall (Executor task launch worker for task 0.0 in stage 16.0 (TID 16)) 123.392ms
[48.340s][info][gc,phases   ] GC(75) Concurrent Relocate 1.764ms
[48.340s][info][gc,load     ] GC(75) Load: 2.36/1.69/0.87
[48.340s][info][gc,mmu      ] GC(75) MMU: 2ms/0.0%, 5ms/0.0%, 10ms/0.0%, 20ms/29.2%, 50ms/48.7%, 100ms/74.1%
[48.340s][info][gc,marking  ] GC(75) Mark: 1 stripe(s), 2 proactive flush(es), 1 terminate flush(es), 0 completion(s), 0 continuation(s) 
[48.340s][info][gc,reloc    ] GC(75) Relocation: Successful, 7M relocated
[48.340s][info][gc,nmethod  ] GC(75) NMethods: 3026 registered, 0 unregistered
[48.340s][info][gc,metaspace] GC(75) Metaspace: 68M used, 72M capacity, 72M committed, 74M reserved
[48.340s][info][gc,ref      ] GC(75) Soft: 2652 encountered, 0 discovered, 0 enqueued
[48.340s][info][gc,ref      ] GC(75) Weak: 4641 encountered, 3571 discovered, 0 enqueued
[48.340s][info][gc,ref      ] GC(75) Final: 27 encountered, 0 discovered, 0 enqueued
[48.340s][info][gc,ref      ] GC(75) Phantom: 653 encountered, 649 discovered, 0 enqueued
[48.340s][info][gc,heap     ] GC(75)                Mark Start          Mark End        Relocate Start      Relocate End           High               Low         
[48.340s][info][gc,heap     ] GC(75)  Capacity:      750M (100%)        750M (100%)        750M (100%)        750M (100%)        750M (100%)        750M (100%)   
[48.340s][info][gc,heap     ] GC(75)   Reserve:       34M (5%)           34M (5%)           34M (5%)           34M (5%)           34M (5%)           34M (5%)     
[48.340s][info][gc,heap     ] GC(75)      Free:      130M (17%)           0M (0%)          328M (44%)         330M (44%)         330M (44%)           0M (0%)     
[48.340s][info][gc,heap     ] GC(75)      Used:      586M (78%)         716M (95%)         388M (52%)         386M (51%)         716M (95%)         386M (51%)    
[48.340s][info][gc,heap     ] GC(75)      Live:         -               214M (29%)         214M (29%)         214M (29%)            -                  -          
[48.340s][info][gc,heap     ] GC(75) Allocated:         -               130M (17%)         132M (18%)         140M (19%)            -                  -          
[48.340s][info][gc,heap     ] GC(75)   Garbage:         -               371M (50%)          41M (6%)           33M (4%)             -                  -          
[48.340s][info][gc,heap     ] GC(75) Reclaimed:         -                  -               330M (44%)         338M (45%)            -                  -          
[48.340s][info][gc          ] GC(75) Garbage Collection (Allocation Rate) 586M(78%)->386M(51%)
[48.396s][info][gc,start    ] GC(76) Garbage Collection (Allocation Rate)
[48.403s][info][gc,phases   ] GC(76) Pause Mark Start 2.874ms
[48.912s][info][gc,phases   ] GC(76) Concurrent Mark 508.584ms
[48.912s][info][gc,phases   ] GC(76) Pause Mark End 0.408ms
[48.914s][info][gc,phases   ] GC(76) Concurrent Process Non-Strong References 1.477ms
[48.914s][info][gc,phases   ] GC(76) Concurrent Reset Relocation Set 0.002ms
[48.914s][info][gc,phases   ] GC(76) Concurrent Destroy Detached Pages 0.000ms
[48.915s][info][gc          ] Allocation Stall (Executor task launch worker for task 0.0 in stage 16.0 (TID 16)) 42.883ms
[48.919s][info][gc,phases   ] GC(76) Concurrent Select Relocation Set 5.461ms
[48.919s][info][gc,phases   ] GC(76) Concurrent Prepare Relocation Set 0.031ms
[48.925s][info][gc,phases   ] GC(76) Pause Relocate Start 2.496ms
[48.932s][info][gc,phases   ] GC(76) Concurrent Relocate 7.441ms
[48.932s][info][gc,load     ] GC(76) Load: 2.36/1.69/0.87
[48.932s][info][gc,mmu      ] GC(76) MMU: 2ms/0.0%, 5ms/0.0%, 10ms/0.0%, 20ms/29.2%, 50ms/48.7%, 100ms/74.1%
[48.932s][info][gc,marking  ] GC(76) Mark: 1 stripe(s), 2 proactive flush(es), 1 terminate flush(es), 0 completion(s), 0 continuation(s) 
[48.932s][info][gc,reloc    ] GC(76) Relocation: Successful, 7M relocated
[48.932s][info][gc,nmethod  ] GC(76) NMethods: 3026 registered, 0 unregistered
[48.932s][info][gc,metaspace] GC(76) Metaspace: 68M used, 72M capacity, 72M committed, 74M reserved
[48.932s][info][gc,ref      ] GC(76) Soft: 2652 encountered, 0 discovered, 0 enqueued
[48.932s][info][gc,ref      ] GC(76) Weak: 4641 encountered, 3571 discovered, 0 enqueued
[48.932s][info][gc,ref      ] GC(76) Final: 27 encountered, 0 discovered, 0 enqueued
[48.932s][info][gc,ref      ] GC(76) Phantom: 653 encountered, 649 discovered, 0 enqueued
[48.932s][info][gc,heap     ] GC(76)                Mark Start          Mark End        Relocate Start      Relocate End           High               Low         
[48.932s][info][gc,heap     ] GC(76)  Capacity:      750M (100%)        750M (100%)        750M (100%)        750M (100%)        750M (100%)        750M (100%)   
[48.932s][info][gc,heap     ] GC(76)   Reserve:       34M (5%)           34M (5%)           34M (5%)           34M (5%)           34M (5%)           34M (5%)     
[48.932s][info][gc,heap     ] GC(76)      Free:      250M (33%)           0M (0%)          206M (27%)         204M (27%)         250M (33%)           0M (0%)     
[48.932s][info][gc,heap     ] GC(76)      Used:      466M (62%)         716M (95%)         510M (68%)         512M (68%)         716M (95%)         466M (62%)    
[48.932s][info][gc,heap     ] GC(76)      Live:         -               214M (29%)         214M (29%)         214M (29%)            -                  -          
[48.932s][info][gc,heap     ] GC(76) Allocated:         -               250M (33%)         256M (34%)         266M (35%)            -                  -          
[48.932s][info][gc,heap     ] GC(76)   Garbage:         -               251M (34%)          39M (5%)           33M (4%)             -                  -          
[48.932s][info][gc,heap     ] GC(76) Reclaimed:         -                  -               212M (28%)         218M (29%)            -                  -          
[48.932s][info][gc          ] GC(76) Garbage Collection (Allocation Rate) 466M(62%)->512M(68%)
[48.995s][info][gc,start    ] GC(77) Garbage Collection (Allocation Rate)
[49.000s][info][gc,phases   ] GC(77) Pause Mark Start 2.810ms
[49.326s][info][gc,phases   ] GC(77) Concurrent Mark 325.075ms
[49.326s][info][gc,phases   ] GC(77) Pause Mark End 0.455ms
[49.328s][info][gc,phases   ] GC(77) Concurrent Process Non-Strong References 1.495ms
[49.328s][info][gc,phases   ] GC(77) Concurrent Reset Relocation Set 0.002ms
[49.328s][info][gc,phases   ] GC(77) Concurrent Destroy Detached Pages 0.001ms
[49.329s][info][gc,phases   ] GC(77) Concurrent Select Relocation Set 1.539ms
[49.330s][info][gc,phases   ] GC(77) Concurrent Prepare Relocation Set 0.027ms
[49.332s][info][gc,phases   ] GC(77) Pause Relocate Start 2.440ms
[49.332s][info][gc          ] Allocation Stall (Executor task launch worker for task 0.0 in stage 16.0 (TID 16)) 109.561ms
[49.341s][info][gc,phases   ] GC(77) Concurrent Relocate 5.676ms
[49.341s][info][gc,load     ] GC(77) Load: 2.36/1.69/0.87
[49.341s][info][gc,mmu      ] GC(77) MMU: 2ms/0.0%, 5ms/0.0%, 10ms/0.0%, 20ms/29.2%, 50ms/48.7%, 100ms/74.1%
[49.341s][info][gc,marking  ] GC(77) Mark: 1 stripe(s), 2 proactive flush(es), 1 terminate flush(es), 0 completion(s), 0 continuation(s) 
[49.341s][info][gc,reloc    ] GC(77) Relocation: Successful, 7M relocated
[49.341s][info][gc,nmethod  ] GC(77) NMethods: 3026 registered, 0 unregistered
[49.341s][info][gc,metaspace] GC(77) Metaspace: 68M used, 72M capacity, 72M committed, 74M reserved
[49.341s][info][gc,ref      ] GC(77) Soft: 2652 encountered, 0 discovered, 0 enqueued
[49.341s][info][gc,ref      ] GC(77) Weak: 4641 encountered, 3571 discovered, 0 enqueued
[49.341s][info][gc,ref      ] GC(77) Final: 27 encountered, 0 discovered, 0 enqueued
[49.341s][info][gc,ref      ] GC(77) Phantom: 653 encountered, 649 discovered, 0 enqueued
[49.341s][info][gc,heap     ] GC(77)                Mark Start          Mark End        Relocate Start      Relocate End           High               Low         
[49.341s][info][gc,heap     ] GC(77)  Capacity:      750M (100%)        750M (100%)        750M (100%)        750M (100%)        750M (100%)        750M (100%)   
[49.341s][info][gc,heap     ] GC(77)   Reserve:       34M (5%)           34M (5%)           34M (5%)           34M (5%)           34M (5%)           34M (5%)     
[49.341s][info][gc,heap     ] GC(77)      Free:      140M (19%)           0M (0%)          320M (43%)         318M (42%)         320M (43%)           0M (0%)     
[49.341s][info][gc,heap     ] GC(77)      Used:      576M (77%)         716M (95%)         396M (53%)         398M (53%)         716M (95%)         396M (53%)    
[49.341s][info][gc,heap     ] GC(77)      Live:         -               214M (29%)         214M (29%)         214M (29%)            -                  -          
[49.341s][info][gc,heap     ] GC(77) Allocated:         -               140M (19%)         142M (19%)         152M (20%)            -                  -          
[49.341s][info][gc,heap     ] GC(77)   Garbage:         -               361M (48%)          39M (5%)           33M (4%)             -                  -          
[49.341s][info][gc,heap     ] GC(77) Reclaimed:         -                  -               322M (43%)         328M (44%)            -                  -          
[49.341s][info][gc          ] GC(77) Garbage Collection (Allocation Rate) 576M(77%)->398M(53%)
[49.396s][info][gc,start    ] GC(78) Garbage Collection (Allocation Rate)
[49.401s][info][gc,phases   ] GC(78) Pause Mark Start 2.800ms
[49.780s][info][gc,phases   ] GC(78) Concurrent Mark 379.200ms
[49.781s][info][gc,phases   ] GC(78) Pause Mark End 0.407ms
[49.783s][info][gc,phases   ] GC(78) Concurrent Process Non-Strong References 1.523ms
[49.783s][info][gc,phases   ] GC(78) Concurrent Reset Relocation Set 0.003ms
[49.783s][info][gc,phases   ] GC(78) Concurrent Destroy Detached Pages 0.001ms
[49.784s][info][gc,phases   ] GC(78) Concurrent Select Relocation Set 1.515ms
[49.784s][info][gc,phases   ] GC(78) Concurrent Prepare Relocation Set 0.027ms
[49.787s][info][gc,phases   ] GC(78) Pause Relocate Start 2.386ms
[49.787s][info][gc          ] Allocation Stall (Executor task launch worker for task 0.0 in stage 16.0 (TID 16)) 50.775ms
[49.792s][info][gc,phases   ] GC(78) Concurrent Relocate 1.732ms
[49.792s][info][gc,load     ] GC(78) Load: 2.36/1.69/0.87
[49.792s][info][gc,mmu      ] GC(78) MMU: 2ms/0.0%, 5ms/0.0%, 10ms/0.0%, 20ms/29.2%, 50ms/48.7%, 100ms/74.1%
[49.792s][info][gc,marking  ] GC(78) Mark: 1 stripe(s), 2 proactive flush(es), 1 terminate flush(es), 0 completion(s), 0 continuation(s) 
[49.792s][info][gc,reloc    ] GC(78) Relocation: Successful, 7M relocated
[49.792s][info][gc,nmethod  ] GC(78) NMethods: 3026 registered, 0 unregistered
[49.792s][info][gc,metaspace] GC(78) Metaspace: 68M used, 72M capacity, 72M committed, 74M reserved
[49.792s][info][gc,ref      ] GC(78) Soft: 2652 encountered, 0 discovered, 0 enqueued
[49.792s][info][gc,ref      ] GC(78) Weak: 4641 encountered, 3571 discovered, 0 enqueued
[49.792s][info][gc,ref      ] GC(78) Final: 27 encountered, 0 discovered, 0 enqueued
[49.792s][info][gc,ref      ] GC(78) Phantom: 653 encountered, 649 discovered, 0 enqueued
[49.792s][info][gc,heap     ] GC(78)                Mark Start          Mark End        Relocate Start      Relocate End           High               Low         
[49.792s][info][gc,heap     ] GC(78)  Capacity:      750M (100%)        750M (100%)        750M (100%)        750M (100%)        750M (100%)        750M (100%)   
[49.792s][info][gc,heap     ] GC(78)   Reserve:       34M (5%)           34M (5%)           34M (5%)           34M (5%)           34M (5%)           34M (5%)     
[49.792s][info][gc,heap     ] GC(78)      Free:      238M (32%)           0M (0%)          222M (30%)         224M (30%)         238M (32%)           0M (0%)     
[49.792s][info][gc,heap     ] GC(78)      Used:      478M (64%)         716M (95%)         494M (66%)         492M (66%)         716M (95%)         478M (64%)    
[49.792s][info][gc,heap     ] GC(78)      Live:         -               214M (29%)         214M (29%)         214M (29%)            -                  -          
[49.792s][info][gc,heap     ] GC(78) Allocated:         -               238M (32%)         240M (32%)         246M (33%)            -                  -          
[49.792s][info][gc,heap     ] GC(78)   Garbage:         -               263M (35%)          39M (5%)           33M (4%)             -                  -          
[49.792s][info][gc,heap     ] GC(78) Reclaimed:         -                  -               224M (30%)         230M (31%)            -                  -          
[49.792s][info][gc          ] GC(78) Garbage Collection (Allocation Rate) 478M(64%)->492M(66%)
[49.795s][info][gc,start    ] GC(79) Garbage Collection (Allocation Rate)
[49.803s][info][gc,phases   ] GC(79) Pause Mark Start 4.776ms
[50.095s][info][gc,stats    ] === Garbage Collection Statistics =======================================================================================================================
[50.095s][info][gc,stats    ]                                                              Last 10s              Last 10m              Last 10h                Total
[50.095s][info][gc,stats    ]                                                              Avg / Max             Avg / Max             Avg / Max             Avg / Max
[50.095s][info][gc,stats    ]   Collector: Garbage Collection Cycle                    413.605 / 746.017     434.364 / 1030.215    434.364 / 1030.215    434.364 / 1030.215    ms
[50.095s][info][gc,stats    ]  Contention: Mark Segment Reset Contention                     0 / 0                 0 / 0                 0 / 0                 0 / 0           ops/s
[50.095s][info][gc,stats    ]  Contention: Mark SeqNum Reset Contention                      0 / 0                 0 / 0                 0 / 0                 0 / 0           ops/s
[50.095s][info][gc,stats    ]  Contention: Relocation Contention                             0 / 0                 0 / 12                0 / 12                0 / 12          ops/s
[50.095s][info][gc,stats    ]    Critical: Allocation Stall                             98.404 / 214.404      98.856 / 291.503      98.856 / 291.503      98.856 / 291.503     ms
[50.095s][info][gc,stats    ]    Critical: Allocation Stall                                  1 / 3                 1 / 13                1 / 13                1 / 13          ops/s
[50.095s][info][gc,stats    ]    Critical: GC Locker Stall                               0.000 / 0.000         1.632 / 1.632         1.632 / 1.632         1.632 / 1.632       ms
[50.095s][info][gc,stats    ]    Critical: GC Locker Stall                                   0 / 0                 0 / 1                 0 / 1                 0 / 1           ops/s
[50.095s][info][gc,stats    ]      Memory: Allocation Rate                                 532 / 636             398 / 936             398 / 936             398 / 936         MB/s
[50.095s][info][gc,stats    ]      Memory: Heap Used After Mark                            655 / 716             614 / 716             614 / 716             614 / 716         MB
[50.095s][info][gc,stats    ]      Memory: Heap Used After Relocation                      430 / 578             396 / 604             396 / 604             396 / 604         MB
[50.095s][info][gc,stats    ]      Memory: Heap Used Before Mark                           491 / 608             467 / 716             467 / 716             467 / 716         MB
[50.095s][info][gc,stats    ]      Memory: Heap Used Before Relocation                     435 / 584             422 / 716             422 / 716             422 / 716         MB
[50.095s][info][gc,stats    ]      Memory: Out Of Memory                                     0 / 0                 0 / 0                 0 / 0                 0 / 0           ops/s
[50.095s][info][gc,stats    ]      Memory: Page Cache Flush                                 31 / 76               17 / 82               17 / 82               17 / 82          MB/s
[50.095s][info][gc,stats    ]      Memory: Page Cache Hit L1                               252 / 321             187 / 450             187 / 450             187 / 450         ops/s
[50.095s][info][gc,stats    ]      Memory: Page Cache Hit L2                                 0 / 0                 0 / 0                 0 / 0                 0 / 0           ops/s
[50.095s][info][gc,stats    ]      Memory: Page Cache Miss                                   8 / 30               11 / 135              11 / 135              11 / 135         ops/s
[50.095s][info][gc,stats    ]      Memory: Undo Object Allocation Failed                     0 / 0                 0 / 0                 0 / 0                 0 / 0           ops/s
[50.095s][info][gc,stats    ]      Memory: Undo Object Allocation Succeeded                  0 / 0                 0 / 12                0 / 12                0 / 12          ops/s
[50.095s][info][gc,stats    ]      Memory: Undo Page Allocation                              0 / 1                 0 / 2                 0 / 2                 0 / 2           ops/s
[50.095s][info][gc,stats    ]       Phase: Concurrent Destroy Detached Pages             0.004 / 0.032         0.004 / 0.051         0.004 / 0.051         0.004 / 0.051       ms
[50.095s][info][gc,stats    ]       Phase: Concurrent Mark                             389.590 / 705.880     385.576 / 854.710     385.576 / 854.710     385.576 / 854.710     ms
[50.095s][info][gc,stats    ]       Phase: Concurrent Mark Continue                      0.000 / 0.000         0.000 / 0.000         0.000 / 0.000         0.000 / 0.000       ms
[50.095s][info][gc,stats    ]       Phase: Concurrent Prepare Relocation Set             0.029 / 0.038         1.171 / 17.698        1.171 / 17.698        1.171 / 17.698      ms
[50.095s][info][gc,stats    ]       Phase: Concurrent Process Non-Strong References      1.670 / 4.603         1.850 / 9.560         1.850 / 9.560         1.850 / 9.560       ms
[50.095s][info][gc,stats    ]       Phase: Concurrent Relocate                           5.778 / 12.971       29.951 / 352.965      29.951 / 352.965      29.951 / 352.965     ms
[50.095s][info][gc,stats    ]       Phase: Concurrent Reset Relocation Set               0.003 / 0.005         0.066 / 1.106         0.066 / 1.106         0.066 / 1.106       ms
[50.095s][info][gc,stats    ]       Phase: Concurrent Select Relocation Set              2.537 / 5.672         2.878 / 10.417        2.878 / 10.417        2.878 / 10.417      ms
[50.095s][info][gc,stats    ]       Phase: Pause Mark End                                0.398 / 0.481         0.347 / 2.956         0.347 / 2.956         0.347 / 2.956       ms
[50.095s][info][gc,stats    ]       Phase: Pause Mark Start                              3.223 / 5.385         2.750 / 11.488        2.750 / 11.488        2.750 / 11.488      ms
[50.095s][info][gc,stats    ]       Phase: Pause Relocate Start                          2.560 / 4.632         2.349 / 14.166        2.349 / 14.166        2.349 / 14.166      ms
[50.095s][info][gc,stats    ]    Subphase: Concurrent Mark                             388.189 / 702.462     384.436 / 854.685     384.436 / 854.685     384.436 / 854.685     ms
[50.095s][info][gc,stats    ]    Subphase: Concurrent Mark Idle                          0.000 / 0.000         0.000 / 0.000         0.000 / 0.000         0.000 / 0.000       ms
[50.095s][info][gc,stats    ]    Subphase: Concurrent Mark Try Flush                     0.343 / 4.584         0.571 / 9.370         0.571 / 9.370         0.571 / 9.370       ms
[50.095s][info][gc,stats    ]    Subphase: Concurrent Mark Try Terminate                 0.124 / 2.929         0.235 / 5.822         0.235 / 5.822         0.235 / 5.822       ms
[50.095s][info][gc,stats    ]    Subphase: Concurrent References Enqueue                 0.001 / 0.003         0.001 / 0.008         0.001 / 0.008         0.001 / 0.008       ms
[50.095s][info][gc,stats    ]    Subphase: Concurrent References Process                 0.825 / 3.805         0.867 / 5.798         0.867 / 5.798         0.867 / 5.798       ms
[50.095s][info][gc,stats    ]    Subphase: Concurrent Weak Roots                         0.835 / 0.942         0.935 / 8.871         0.935 / 8.871         0.935 / 8.871       ms
[50.095s][info][gc,stats    ]    Subphase: Concurrent Weak Roots JNIWeakHandles          0.000 / 0.000         0.000 / 0.001         0.000 / 0.001         0.000 / 0.001       ms
[50.095s][info][gc,stats    ]    Subphase: Concurrent Weak Roots StringTable             0.622 / 0.741         0.726 / 8.669         0.726 / 8.669         0.726 / 8.669       ms
[50.095s][info][gc,stats    ]    Subphase: Concurrent Weak Roots VMWeakHandles           0.213 / 0.229         0.207 / 0.532         0.207 / 0.532         0.207 / 0.532       ms
[50.095s][info][gc,stats    ]    Subphase: Pause Mark Try Complete                       0.000 / 0.000         0.000 / 0.000         0.000 / 0.000         0.000 / 0.000       ms
[50.095s][info][gc,stats    ]    Subphase: Pause Remap TLABS                             0.002 / 0.004         0.001 / 0.004         0.001 / 0.004         0.001 / 0.004       ms
[50.095s][info][gc,stats    ]    Subphase: Pause Retire TLABS                            0.027 / 0.050         0.018 / 0.050         0.018 / 0.050         0.018 / 0.050       ms
[50.095s][info][gc,stats    ]    Subphase: Pause Roots                                   1.811 / 4.923         1.565 / 9.973         1.565 / 9.973         1.565 / 9.973       ms
[50.095s][info][gc,stats    ]    Subphase: Pause Roots ClassLoaderDataGraph              0.741 / 1.506         0.716 / 4.244         0.716 / 4.244         0.716 / 4.244       ms
[50.096s][info][gc,stats    ]    Subphase: Pause Roots CodeCache                         1.220 / 2.260         1.016 / 7.313         1.016 / 7.313         1.016 / 7.313       ms
[50.096s][info][gc,stats    ]    Subphase: Pause Roots JNIHandles                        0.001 / 0.002         0.001 / 0.008         0.001 / 0.008         0.001 / 0.008       ms
[50.096s][info][gc,stats    ]    Subphase: Pause Roots JNIWeakHandles                    0.000 / 0.000         0.000 / 0.000         0.000 / 0.000         0.000 / 0.000       ms
[50.096s][info][gc,stats    ]    Subphase: Pause Roots JRFWeak                           0.000 / 0.000         0.000 / 0.000         0.000 / 0.000         0.000 / 0.000       ms
[50.096s][info][gc,stats    ]    Subphase: Pause Roots JVMTIExport                       0.001 / 0.001         0.001 / 0.001         0.001 / 0.001         0.001 / 0.001       ms
[50.096s][info][gc,stats    ]    Subphase: Pause Roots JVMTIWeakExport                   0.001 / 0.001         0.001 / 0.002         0.001 / 0.002         0.001 / 0.002       ms
[50.096s][info][gc,stats    ]    Subphase: Pause Roots Management                        0.001 / 0.002         0.004 / 0.323         0.004 / 0.323         0.004 / 0.323       ms
[50.096s][info][gc,stats    ]    Subphase: Pause Roots ObjectSynchronizer                0.000 / 0.001         0.000 / 0.001         0.000 / 0.001         0.000 / 0.001       ms
[50.096s][info][gc,stats    ]    Subphase: Pause Roots Setup                             0.206 / 0.491         0.210 / 6.308         0.210 / 6.308         0.210 / 6.308       ms
[50.096s][info][gc,stats    ]    Subphase: Pause Roots StringTable                       0.000 / 0.000         0.000 / 0.000         0.000 / 0.000         0.000 / 0.000       ms
[50.096s][info][gc,stats    ]    Subphase: Pause Roots SystemDictionary                  0.014 / 0.028         0.013 / 0.070         0.013 / 0.070         0.013 / 0.070       ms
[50.096s][info][gc,stats    ]    Subphase: Pause Roots Teardown                          0.001 / 0.003         0.001 / 0.010         0.001 / 0.010         0.001 / 0.010       ms
[50.096s][info][gc,stats    ]    Subphase: Pause Roots Threads                           0.488 / 1.150         0.390 / 3.366         0.390 / 3.366         0.390 / 3.366       ms
[50.096s][info][gc,stats    ]    Subphase: Pause Roots Universe                          0.003 / 0.033         0.005 / 0.350         0.005 / 0.350         0.005 / 0.350       ms
[50.096s][info][gc,stats    ]    Subphase: Pause Roots VMWeakHandles                     0.000 / 0.000         0.000 / 0.000         0.000 / 0.000         0.000 / 0.000       ms
[50.096s][info][gc,stats    ]    Subphase: Pause Weak Roots                              0.002 / 0.002         0.002 / 0.012         0.002 / 0.012         0.002 / 0.012       ms
[50.096s][info][gc,stats    ]    Subphase: Pause Weak Roots JFRWeak                      0.001 / 0.001         0.001 / 0.001         0.001 / 0.001         0.001 / 0.001       ms
[50.096s][info][gc,stats    ]    Subphase: Pause Weak Roots JNIWeakHandles               0.000 / 0.000         0.000 / 0.000         0.000 / 0.000         0.000 / 0.000       ms
[50.096s][info][gc,stats    ]    Subphase: Pause Weak Roots JVMTIWeakExport              0.001 / 0.001         0.001 / 0.011         0.001 / 0.011         0.001 / 0.011       ms
[50.096s][info][gc,stats    ]    Subphase: Pause Weak Roots Setup                        0.000 / 0.000         0.000 / 0.000         0.000 / 0.000         0.000 / 0.000       ms
[50.096s][info][gc,stats    ]    Subphase: Pause Weak Roots StringTable                  0.000 / 0.000         0.000 / 0.000         0.000 / 0.000         0.000 / 0.000       ms
[50.096s][info][gc,stats    ]    Subphase: Pause Weak Roots SymbolTable                  0.000 / 0.000         0.000 / 0.000         0.000 / 0.000         0.000 / 0.000       ms
[50.096s][info][gc,stats    ]    Subphase: Pause Weak Roots Teardown                     0.001 / 0.001         0.001 / 0.010         0.001 / 0.010         0.001 / 0.010       ms
[50.096s][info][gc,stats    ]    Subphase: Pause Weak Roots VMWeakHandles                0.000 / 0.000         0.000 / 0.000         0.000 / 0.000         0.000 / 0.000       ms
[50.096s][info][gc,stats    ]      System: Java Threads                                    144 / 157              92 / 157              92 / 157              92 / 157         threads
[50.096s][info][gc,stats    ] =========================================================================================================================================================
[50.183s][info][gc,phases   ] GC(79) Concurrent Mark 380.601ms
[50.184s][info][gc,phases   ] GC(79) Pause Mark End 0.431ms
[50.186s][info][gc,phases   ] GC(79) Concurrent Process Non-Strong References 1.432ms
[50.186s][info][gc,phases   ] GC(79) Concurrent Reset Relocation Set 0.002ms
[50.186s][info][gc,phases   ] GC(79) Concurrent Destroy Detached Pages 0.000ms
[50.187s][info][gc          ] Allocation Stall (Executor task launch worker for task 0.0 in stage 16.0 (TID 16)) 62.422ms
[50.189s][info][gc,phases   ] GC(79) Concurrent Select Relocation Set 3.508ms
[50.189s][info][gc,phases   ] GC(79) Concurrent Prepare Relocation Set 0.029ms
[50.193s][info][gc,phases   ] GC(79) Pause Relocate Start 2.433ms
[50.204s][info][gc,phases   ] GC(79) Concurrent Relocate 9.559ms
[50.204s][info][gc,load     ] GC(79) Load: 2.36/1.69/0.87
[50.204s][info][gc,mmu      ] GC(79) MMU: 2ms/0.0%, 5ms/0.0%, 10ms/0.0%, 20ms/29.2%, 50ms/48.7%, 100ms/74.1%
[50.204s][info][gc,marking  ] GC(79) Mark: 1 stripe(s), 2 proactive flush(es), 1 terminate flush(es), 0 completion(s), 0 continuation(s) 
[50.204s][info][gc,reloc    ] GC(79) Relocation: Successful, 7M relocated
[50.204s][info][gc,nmethod  ] GC(79) NMethods: 3026 registered, 0 unregistered
[50.204s][info][gc,metaspace] GC(79) Metaspace: 68M used, 72M capacity, 72M committed, 74M reserved
[50.204s][info][gc,ref      ] GC(79) Soft: 2652 encountered, 0 discovered, 0 enqueued
[50.205s][info][gc,ref      ] GC(79) Weak: 4641 encountered, 3568 discovered, 0 enqueued
[50.205s][info][gc,ref      ] GC(79) Final: 27 encountered, 0 discovered, 0 enqueued
[50.205s][info][gc,ref      ] GC(79) Phantom: 653 encountered, 649 discovered, 0 enqueued
[50.205s][info][gc,heap     ] GC(79)                Mark Start          Mark End        Relocate Start      Relocate End           High               Low         
[50.205s][info][gc,heap     ] GC(79)  Capacity:      750M (100%)        750M (100%)        750M (100%)        750M (100%)        750M (100%)        750M (100%)   
[50.205s][info][gc,heap     ] GC(79)   Reserve:       34M (5%)           34M (5%)           34M (5%)           34M (5%)           34M (5%)           34M (5%)     
[50.205s][info][gc,heap     ] GC(79)      Free:      220M (29%)           0M (0%)          238M (32%)         230M (31%)         240M (32%)           0M (0%)     
[50.205s][info][gc,heap     ] GC(79)      Used:      496M (66%)         716M (95%)         478M (64%)         486M (65%)         716M (95%)         476M (63%)    
[50.205s][info][gc,heap     ] GC(79)      Live:         -               214M (29%)         214M (29%)         214M (29%)            -                  -          
[50.205s][info][gc,heap     ] GC(79) Allocated:         -               220M (29%)         224M (30%)         240M (32%)            -                  -          
[50.205s][info][gc,heap     ] GC(79)   Garbage:         -               281M (38%)          39M (5%)           33M (4%)             -                  -          
[50.205s][info][gc,heap     ] GC(79) Reclaimed:         -                  -               242M (32%)         248M (33%)            -                  -          
[50.205s][info][gc          ] GC(79) Garbage Collection (Allocation Rate) 496M(66%)->486M(65%)
[50.239s][info][gc,heap     ] Page Cache Flushed: 6M requested, 6M(216M->210M) flushed
[50.271s][info][gc,start    ] GC(80) Garbage Collection (System.gc())
[50.275s][info][gc,phases   ] GC(80) Pause Mark Start 2.765ms
[50.577s][info][gc,phases   ] GC(80) Concurrent Mark 301.357ms
[50.577s][info][gc,phases   ] GC(80) Pause Mark End 0.379ms
[50.580s][info][gc,phases   ] GC(80) Concurrent Process Non-Strong References 2.542ms
[50.581s][info][gc,phases   ] GC(80) Concurrent Reset Relocation Set 0.003ms
[50.581s][info][gc,phases   ] GC(80) Concurrent Destroy Detached Pages 0.004ms
[50.583s][info][gc,phases   ] GC(80) Concurrent Select Relocation Set 1.864ms
[50.583s][info][gc,phases   ] GC(80) Concurrent Prepare Relocation Set 0.031ms
[50.589s][info][gc,phases   ] GC(80) Pause Relocate Start 2.535ms
[50.592s][info][gc,phases   ] GC(80) Concurrent Relocate 3.301ms
[50.592s][info][gc,load     ] GC(80) Load: 2.36/1.69/0.87
[50.592s][info][gc,mmu      ] GC(80) MMU: 2ms/0.0%, 5ms/0.0%, 10ms/0.0%, 20ms/29.2%, 50ms/48.7%, 100ms/74.1%
[50.592s][info][gc,marking  ] GC(80) Mark: 1 stripe(s), 2 proactive flush(es), 1 terminate flush(es), 0 completion(s), 0 continuation(s) 
[50.592s][info][gc,reloc    ] GC(80) Relocation: Successful, 9M relocated
[50.592s][info][gc,nmethod  ] GC(80) NMethods: 3053 registered, 0 unregistered
[50.592s][info][gc,metaspace] GC(80) Metaspace: 68M used, 72M capacity, 72M committed, 74M reserved
[50.592s][info][gc,ref      ] GC(80) Soft: 2656 encountered, 0 discovered, 0 enqueued
[50.592s][info][gc,ref      ] GC(80) Weak: 4690 encountered, 3685 discovered, 123 enqueued
[50.592s][info][gc,ref      ] GC(80) Final: 27 encountered, 0 discovered, 0 enqueued
[50.592s][info][gc,ref      ] GC(80) Phantom: 653 encountered, 649 discovered, 0 enqueued
[50.592s][info][gc,heap     ] GC(80)                Mark Start          Mark End        Relocate Start      Relocate End           High               Low         
[50.592s][info][gc,heap     ] GC(80)  Capacity:      750M (100%)        750M (100%)        750M (100%)        750M (100%)        750M (100%)        750M (100%)   
[50.592s][info][gc,heap     ] GC(80)   Reserve:       34M (5%)           34M (5%)           34M (5%)           34M (5%)           34M (5%)           34M (5%)     
[50.592s][info][gc,heap     ] GC(80)      Free:      208M (28%)         206M (27%)         458M (61%)         464M (62%)         464M (62%)         206M (27%)    
[50.592s][info][gc,heap     ] GC(80)      Used:      508M (68%)         510M (68%)         258M (34%)         252M (34%)         510M (68%)         252M (34%)    
[50.592s][info][gc,heap     ] GC(80)      Live:         -               214M (29%)         214M (29%)         214M (29%)            -                  -          
[50.592s][info][gc,heap     ] GC(80) Allocated:         -                 2M (0%)            2M (0%)            6M (1%)             -                  -          
[50.592s][info][gc,heap     ] GC(80)   Garbage:         -               293M (39%)          41M (6%)           35M (5%)             -                  -          
[50.592s][info][gc,heap     ] GC(80) Reclaimed:         -                  -               252M (34%)         258M (34%)            -                  -          
[50.592s][info][gc          ] GC(80) Garbage Collection (System.gc()) 508M(68%)->252M(34%)
[50.595s][info][gc,start    ] GC(81) Garbage Collection (Allocation Rate)
[50.597s][info][gc,heap     ] Page Cache Flushed: 32M requested, 32M(464M->432M) flushed
[50.617s][info][gc,phases   ] GC(81) Pause Mark Start 2.953ms
[50.626s][info][gc,heap     ] Page Cache Flushed: 6M requested, 6M(426M->420M) flushed
[50.672s][info][gc,heap     ] Page Cache Flushed: 32M requested, 32M(412M->380M) flushed
[50.705s][info][gc,heap     ] Page Cache Flushed: 6M requested, 6M(376M->370M) flushed
[51.137s][info][gc,phases   ] GC(81) Concurrent Mark 519.815ms
[51.140s][info][gc,phases   ] GC(81) Pause Mark End 0.328ms
[51.142s][info][gc,phases   ] GC(81) Concurrent Process Non-Strong References 1.386ms
[51.142s][info][gc,phases   ] GC(81) Concurrent Reset Relocation Set 0.003ms
[51.142s][info][gc,phases   ] GC(81) Concurrent Destroy Detached Pages 0.262ms
[51.143s][info][gc,phases   ] GC(81) Concurrent Select Relocation Set 1.581ms
[51.143s][info][gc,phases   ] GC(81) Concurrent Prepare Relocation Set 0.058ms
[51.146s][info][gc,phases   ] GC(81) Pause Relocate Start 2.452ms
[51.154s][info][gc,phases   ] GC(81) Concurrent Relocate 7.464ms
[51.154s][info][gc,load     ] GC(81) Load: 2.41/1.71/0.89
[51.154s][info][gc,mmu      ] GC(81) MMU: 2ms/0.0%, 5ms/0.0%, 10ms/0.0%, 20ms/29.2%, 50ms/48.7%, 100ms/74.1%
[51.154s][info][gc,marking  ] GC(81) Mark: 1 stripe(s), 2 proactive flush(es), 1 terminate flush(es), 0 completion(s), 0 continuation(s) 
[51.154s][info][gc,reloc    ] GC(81) Relocation: Successful, 9M relocated
[51.154s][info][gc,nmethod  ] GC(81) NMethods: 3104 registered, 0 unregistered
[51.154s][info][gc,metaspace] GC(81) Metaspace: 68M used, 72M capacity, 72M committed, 74M reserved
[51.154s][info][gc,ref      ] GC(81) Soft: 2655 encountered, 0 discovered, 0 enqueued
[51.154s][info][gc,ref      ] GC(81) Weak: 4573 encountered, 3563 discovered, 1 enqueued
[51.154s][info][gc,ref      ] GC(81) Final: 27 encountered, 0 discovered, 0 enqueued
[51.154s][info][gc,ref      ] GC(81) Phantom: 653 encountered, 649 discovered, 0 enqueued
[51.154s][info][gc,heap     ] GC(81)                Mark Start          Mark End        Relocate Start      Relocate End           High               Low         
[51.154s][info][gc,heap     ] GC(81)  Capacity:      750M (100%)        750M (100%)        750M (100%)        750M (100%)        750M (100%)        750M (100%)   
[51.154s][info][gc,heap     ] GC(81)   Reserve:       34M (5%)           34M (5%)           34M (5%)           34M (5%)           34M (5%)           34M (5%)     
[51.154s][info][gc,heap     ] GC(81)      Free:      430M (57%)          92M (12%)         124M (17%)         126M (17%)         430M (57%)          92M (12%)    
[51.154s][info][gc,heap     ] GC(81)      Used:      286M (38%)         624M (83%)         592M (79%)         590M (79%)         624M (83%)         286M (38%)    
[51.154s][info][gc,heap     ] GC(81)      Live:         -               214M (29%)         214M (29%)         214M (29%)            -                  -          
[51.154s][info][gc,heap     ] GC(81) Allocated:         -               338M (45%)         338M (45%)         346M (46%)            -                  -          
[51.154s][info][gc,heap     ] GC(81)   Garbage:         -                71M (9%)           39M (5%)           33M (4%)             -                  -          
[51.154s][info][gc,heap     ] GC(81) Reclaimed:         -                  -                32M (4%)           38M (5%)             -                  -          
[51.154s][info][gc          ] GC(81) Garbage Collection (Allocation Rate) 286M(38%)->590M(79%)
[51.195s][info][gc,start    ] GC(82) Garbage Collection (Allocation Rate)
[51.201s][info][gc,phases   ] GC(82) Pause Mark Start 2.912ms
[51.254s][info][gc,heap     ] Page Cache Flushed: 2M requested, 32M(32M->0M) flushed
[51.470s][info][gc,phases   ] GC(82) Concurrent Mark 268.376ms
[51.470s][info][gc,phases   ] GC(82) Pause Mark End 0.466ms
[51.472s][info][gc,phases   ] GC(82) Concurrent Process Non-Strong References 1.721ms
[51.473s][info][gc,phases   ] GC(82) Concurrent Reset Relocation Set 0.003ms
[51.473s][info][gc,phases   ] GC(82) Concurrent Destroy Detached Pages 0.003ms
[51.474s][info][gc,phases   ] GC(82) Concurrent Select Relocation Set 1.629ms
[51.474s][info][gc,phases   ] GC(82) Concurrent Prepare Relocation Set 0.033ms
[51.477s][info][gc,phases   ] GC(82) Pause Relocate Start 2.601ms
[51.477s][info][gc          ] Allocation Stall (dispatcher-BlockManagerMaster) 4.921ms
[51.478s][info][gc          ] Allocation Stall (netty-rpc-env-timeout) 5.169ms
[51.482s][info][gc,phases   ] GC(82) Concurrent Relocate 4.405ms
[51.482s][info][gc,load     ] GC(82) Load: 2.41/1.71/0.89
[51.482s][info][gc,mmu      ] GC(82) MMU: 2ms/0.0%, 5ms/0.0%, 10ms/0.0%, 20ms/29.2%, 50ms/48.7%, 100ms/74.1%
[51.482s][info][gc,marking  ] GC(82) Mark: 1 stripe(s), 2 proactive flush(es), 1 terminate flush(es), 0 completion(s), 0 continuation(s) 
[51.482s][info][gc,reloc    ] GC(82) Relocation: Successful, 7M relocated
[51.482s][info][gc,nmethod  ] GC(82) NMethods: 3108 registered, 0 unregistered
[51.482s][info][gc,metaspace] GC(82) Metaspace: 68M used, 72M capacity, 72M committed, 74M reserved
[51.482s][info][gc,ref      ] GC(82) Soft: 2656 encountered, 0 discovered, 0 enqueued
[51.482s][info][gc,ref      ] GC(82) Weak: 4751 encountered, 3675 discovered, 72 enqueued
[51.482s][info][gc,ref      ] GC(82) Final: 27 encountered, 0 discovered, 0 enqueued
[51.482s][info][gc,ref      ] GC(82) Phantom: 653 encountered, 649 discovered, 0 enqueued
[51.482s][info][gc,heap     ] GC(82)                Mark Start          Mark End        Relocate Start      Relocate End           High               Low         
[51.482s][info][gc,heap     ] GC(82)  Capacity:      750M (100%)        750M (100%)        750M (100%)        750M (100%)        750M (100%)        750M (100%)   
[51.482s][info][gc,heap     ] GC(82)   Reserve:       34M (5%)           34M (5%)           34M (5%)           34M (5%)           34M (5%)           34M (5%)     
[51.482s][info][gc,heap     ] GC(82)      Free:       66M (9%)            0M (0%)          370M (49%)         398M (53%)         398M (53%)           0M (0%)     
[51.482s][info][gc,heap     ] GC(82)      Used:      650M (87%)         716M (95%)         346M (46%)         318M (42%)         716M (95%)         318M (42%)    
[51.482s][info][gc,heap     ] GC(82)      Live:         -               214M (29%)         214M (29%)         214M (29%)            -                  -          
[51.482s][info][gc,heap     ] GC(82) Allocated:         -                66M (9%)           72M (10%)          74M (10%)            -                  -          
[51.482s][info][gc,heap     ] GC(82)   Garbage:         -               435M (58%)          59M (8%)           33M (4%)             -                  -          
[51.482s][info][gc,heap     ] GC(82) Reclaimed:         -                  -               376M (50%)         402M (54%)            -                  -          
[51.482s][info][gc          ] GC(82) Garbage Collection (Allocation Rate) 650M(87%)->318M(42%)
[51.482s][info][gc          ] Allocation Stall (Executor task launch worker for task 0.0 in stage 19.0 (TID 19)) 168.921ms
[51.496s][info][gc,start    ] GC(83) Garbage Collection (Allocation Rate)
[51.502s][info][gc,phases   ] GC(83) Pause Mark Start 3.098ms
[51.967s][info][gc,phases   ] GC(83) Concurrent Mark 464.931ms
[51.971s][info][gc,phases   ] GC(83) Pause Mark End 0.457ms
[51.973s][info][gc,phases   ] GC(83) Concurrent Process Non-Strong References 1.590ms
[51.973s][info][gc,phases   ] GC(83) Concurrent Reset Relocation Set 0.004ms
[51.973s][info][gc,phases   ] GC(83) Concurrent Destroy Detached Pages 0.000ms
[51.974s][info][gc,phases   ] GC(83) Concurrent Select Relocation Set 1.613ms
[51.974s][info][gc,phases   ] GC(83) Concurrent Prepare Relocation Set 0.024ms
[51.977s][info][gc,phases   ] GC(83) Pause Relocate Start 2.389ms
[51.985s][info][gc,phases   ] GC(83) Concurrent Relocate 7.664ms
[51.985s][info][gc,load     ] GC(83) Load: 2.41/1.71/0.89
[51.985s][info][gc,mmu      ] GC(83) MMU: 2ms/0.0%, 5ms/0.0%, 10ms/0.0%, 20ms/29.2%, 50ms/48.7%, 100ms/74.1%
[51.985s][info][gc,marking  ] GC(83) Mark: 1 stripe(s), 2 proactive flush(es), 1 terminate flush(es), 0 completion(s), 0 continuation(s) 
[51.985s][info][gc,reloc    ] GC(83) Relocation: Successful, 7M relocated
[51.985s][info][gc,nmethod  ] GC(83) NMethods: 3117 registered, 0 unregistered
[51.985s][info][gc,metaspace] GC(83) Metaspace: 68M used, 72M capacity, 72M committed, 74M reserved
[51.985s][info][gc,ref      ] GC(83) Soft: 2656 encountered, 0 discovered, 0 enqueued
[51.985s][info][gc,ref      ] GC(83) Weak: 4681 encountered, 3637 discovered, 19 enqueued
[51.985s][info][gc,ref      ] GC(83) Final: 27 encountered, 0 discovered, 0 enqueued
[51.985s][info][gc,ref      ] GC(83) Phantom: 653 encountered, 649 discovered, 0 enqueued
[51.985s][info][gc,heap     ] GC(83)                Mark Start          Mark End        Relocate Start      Relocate End           High               Low         
[51.985s][info][gc,heap     ] GC(83)  Capacity:      750M (100%)        750M (100%)        750M (100%)        750M (100%)        750M (100%)        750M (100%)   
[51.985s][info][gc,heap     ] GC(83)   Reserve:       34M (5%)           34M (5%)           34M (5%)           34M (5%)           34M (5%)           34M (5%)     
[51.985s][info][gc,heap     ] GC(83)      Free:      386M (51%)          76M (10%)         146M (19%)         150M (20%)         386M (51%)          76M (10%)    
[51.985s][info][gc,heap     ] GC(83)      Used:      330M (44%)         640M (85%)         570M (76%)         566M (75%)         640M (85%)         330M (44%)    
[51.985s][info][gc,heap     ] GC(83)      Live:         -               214M (29%)         214M (29%)         214M (29%)            -                  -          
[51.985s][info][gc,heap     ] GC(83) Allocated:         -               310M (41%)         310M (41%)         320M (43%)            -                  -          
[51.985s][info][gc,heap     ] GC(83)   Garbage:         -               115M (15%)          45M (6%)           33M (4%)             -                  -          
[51.985s][info][gc,heap     ] GC(83) Reclaimed:         -                  -                70M (9%)           82M (11%)            -                  -          
[51.985s][info][gc          ] GC(83) Garbage Collection (Allocation Rate) 330M(44%)->566M(75%)
[51.995s][info][gc,start    ] GC(84) Garbage Collection (Allocation Rate)
[52.001s][info][gc,phases   ] GC(84) Pause Mark Start 3.110ms
[52.144s][info][gc,heap     ] Page Cache Flushed: 2M requested, 6M(44M->38M) flushed
[52.156s][info][gc,heap     ] Page Cache Flushed: 2M requested, 6M(38M->32M) flushed
[52.166s][info][gc,heap     ] Page Cache Flushed: 2M requested, 32M(32M->0M) flushed
[52.321s][info][gc,phases   ] GC(84) Concurrent Mark 319.964ms
[52.322s][info][gc,phases   ] GC(84) Pause Mark End 0.458ms
[52.323s][info][gc,phases   ] GC(84) Concurrent Process Non-Strong References 1.596ms
[52.323s][info][gc,phases   ] GC(84) Concurrent Reset Relocation Set 0.003ms
[52.323s][info][gc,phases   ] GC(84) Concurrent Destroy Detached Pages 0.004ms
[52.325s][info][gc,phases   ] GC(84) Concurrent Select Relocation Set 1.523ms
[52.325s][info][gc,phases   ] GC(84) Concurrent Prepare Relocation Set 0.024ms
[52.328s][info][gc,phases   ] GC(84) Pause Relocate Start 2.680ms
[52.328s][info][gc          ] Allocation Stall (Executor task launch worker for task 0.0 in stage 19.0 (TID 19)) 103.522ms
[52.336s][info][gc,phases   ] GC(84) Concurrent Relocate 8.522ms
[52.336s][info][gc,load     ] GC(84) Load: 2.41/1.71/0.89
[52.336s][info][gc,mmu      ] GC(84) MMU: 2ms/0.0%, 5ms/0.0%, 10ms/0.0%, 20ms/29.2%, 50ms/48.7%, 100ms/74.1%
[52.336s][info][gc,marking  ] GC(84) Mark: 1 stripe(s), 2 proactive flush(es), 1 terminate flush(es), 0 completion(s), 0 continuation(s) 
[52.336s][info][gc,reloc    ] GC(84) Relocation: Successful, 7M relocated
[52.336s][info][gc,nmethod  ] GC(84) NMethods: 3117 registered, 0 unregistered
[52.336s][info][gc,metaspace] GC(84) Metaspace: 68M used, 72M capacity, 72M committed, 74M reserved
[52.336s][info][gc,ref      ] GC(84) Soft: 2656 encountered, 0 discovered, 0 enqueued
[52.336s][info][gc,ref      ] GC(84) Weak: 4666 encountered, 3603 discovered, 2 enqueued
[52.336s][info][gc,ref      ] GC(84) Final: 27 encountered, 0 discovered, 0 enqueued
[52.336s][info][gc,ref      ] GC(84) Phantom: 653 encountered, 649 discovered, 0 enqueued
[52.337s][info][gc,heap     ] GC(84)                Mark Start          Mark End        Relocate Start      Relocate End           High               Low         
[52.337s][info][gc,heap     ] GC(84)  Capacity:      750M (100%)        750M (100%)        750M (100%)        750M (100%)        750M (100%)        750M (100%)   
[52.337s][info][gc,heap     ] GC(84)   Reserve:       34M (5%)           34M (5%)           34M (5%)           34M (5%)           34M (5%)           34M (5%)     
[52.337s][info][gc,heap     ] GC(84)      Free:      136M (18%)           0M (0%)          312M (42%)         322M (43%)         322M (43%)           0M (0%)     
[52.337s][info][gc,heap     ] GC(84)      Used:      580M (77%)         716M (95%)         404M (54%)         394M (53%)         716M (95%)         394M (53%)    
[52.337s][info][gc,heap     ] GC(84)      Live:         -               214M (29%)         214M (29%)         214M (29%)            -                  -          
[52.337s][info][gc,heap     ] GC(84) Allocated:         -               136M (18%)         138M (18%)         150M (20%)            -                  -          
[52.337s][info][gc,heap     ] GC(84)   Garbage:         -               365M (49%)          51M (7%)           35M (5%)             -                  -          
[52.337s][info][gc,heap     ] GC(84) Reclaimed:         -                  -               314M (42%)         330M (44%)            -                  -          
[52.337s][info][gc          ] GC(84) Garbage Collection (Allocation Rate) 580M(77%)->394M(53%)
[52.395s][info][gc,start    ] GC(85) Garbage Collection (Allocation Rate)
[52.401s][info][gc,phases   ] GC(85) Pause Mark Start 2.902ms
[52.800s][info][gc,phases   ] GC(85) Concurrent Mark 398.873ms
[52.801s][info][gc,phases   ] GC(85) Pause Mark End 0.445ms
[52.802s][info][gc,phases   ] GC(85) Concurrent Process Non-Strong References 1.545ms
[52.802s][info][gc,phases   ] GC(85) Concurrent Reset Relocation Set 0.003ms
[52.802s][info][gc,phases   ] GC(85) Concurrent Destroy Detached Pages 0.001ms
[52.803s][info][gc          ] Allocation Stall (Executor task launch worker for task 0.0 in stage 19.0 (TID 19)) 64.123ms
[52.808s][info][gc,phases   ] GC(85) Concurrent Select Relocation Set 5.445ms
[52.808s][info][gc,phases   ] GC(85) Concurrent Prepare Relocation Set 0.026ms
[52.813s][info][gc,phases   ] GC(85) Pause Relocate Start 2.422ms
[52.820s][info][gc,phases   ] GC(85) Concurrent Relocate 6.856ms
[52.820s][info][gc,load     ] GC(85) Load: 2.41/1.71/0.89
[52.820s][info][gc,mmu      ] GC(85) MMU: 2ms/0.0%, 5ms/0.0%, 10ms/0.0%, 20ms/29.2%, 50ms/48.7%, 100ms/74.1%
[52.820s][info][gc,marking  ] GC(85) Mark: 1 stripe(s), 2 proactive flush(es), 1 terminate flush(es), 0 completion(s), 0 continuation(s) 
[52.820s][info][gc,reloc    ] GC(85) Relocation: Successful, 7M relocated
[52.820s][info][gc,nmethod  ] GC(85) NMethods: 3117 registered, 0 unregistered
[52.820s][info][gc,metaspace] GC(85) Metaspace: 68M used, 72M capacity, 72M committed, 74M reserved
[52.820s][info][gc,ref      ] GC(85) Soft: 2656 encountered, 0 discovered, 0 enqueued
[52.820s][info][gc,ref      ] GC(85) Weak: 4664 encountered, 3601 discovered, 0 enqueued
[52.820s][info][gc,ref      ] GC(85) Final: 27 encountered, 0 discovered, 0 enqueued
[52.820s][info][gc,ref      ] GC(85) Phantom: 653 encountered, 649 discovered, 0 enqueued
[52.820s][info][gc,heap     ] GC(85)                Mark Start          Mark End        Relocate Start      Relocate End           High               Low         
[52.820s][info][gc,heap     ] GC(85)  Capacity:      750M (100%)        750M (100%)        750M (100%)        750M (100%)        750M (100%)        750M (100%)   
[52.820s][info][gc,heap     ] GC(85)   Reserve:       34M (5%)           34M (5%)           34M (5%)           34M (5%)           34M (5%)           34M (5%)     
[52.820s][info][gc,heap     ] GC(85)      Free:      236M (31%)           0M (0%)          216M (29%)         218M (29%)         236M (31%)           0M (0%)     
[52.820s][info][gc,heap     ] GC(85)      Used:      480M (64%)         716M (95%)         500M (67%)         498M (66%)         716M (95%)         480M (64%)    
[52.820s][info][gc,heap     ] GC(85)      Live:         -               214M (29%)         214M (29%)         214M (29%)            -                  -          
[52.820s][info][gc,heap     ] GC(85) Allocated:         -               236M (31%)         242M (32%)         252M (34%)            -                  -          
[52.820s][info][gc,heap     ] GC(85)   Garbage:         -               265M (35%)          43M (6%)           35M (5%)             -                  -          
[52.820s][info][gc,heap     ] GC(85) Reclaimed:         -                  -               222M (30%)         230M (31%)            -                  -          
[52.820s][info][gc          ] GC(85) Garbage Collection (Allocation Rate) 480M(64%)->498M(66%)
[52.895s][info][gc,start    ] GC(86) Garbage Collection (Allocation Rate)
[52.901s][info][gc,phases   ] GC(86) Pause Mark Start 2.949ms
[53.189s][info][gc,phases   ] GC(86) Concurrent Mark 288.630ms
[53.190s][info][gc,phases   ] GC(86) Pause Mark End 0.507ms
[53.192s][info][gc,phases   ] GC(86) Concurrent Process Non-Strong References 1.607ms
[53.192s][info][gc,phases   ] GC(86) Concurrent Reset Relocation Set 0.003ms
[53.192s][info][gc,phases   ] GC(86) Concurrent Destroy Detached Pages 0.001ms
[53.193s][info][gc,phases   ] GC(86) Concurrent Select Relocation Set 1.532ms
[53.194s][info][gc,phases   ] GC(86) Concurrent Prepare Relocation Set 0.023ms
[53.196s][info][gc,phases   ] GC(86) Pause Relocate Start 2.466ms
[53.196s][info][gc          ] Allocation Stall (Executor task launch worker for task 0.0 in stage 19.0 (TID 19)) 134.996ms
[53.204s][info][gc,phases   ] GC(86) Concurrent Relocate 5.491ms
[53.204s][info][gc,load     ] GC(86) Load: 2.41/1.71/0.89
[53.204s][info][gc,mmu      ] GC(86) MMU: 2ms/0.0%, 5ms/0.0%, 10ms/0.0%, 20ms/29.2%, 50ms/48.7%, 100ms/74.1%
[53.204s][info][gc,marking  ] GC(86) Mark: 1 stripe(s), 2 proactive flush(es), 1 terminate flush(es), 0 completion(s), 0 continuation(s) 
[53.204s][info][gc,reloc    ] GC(86) Relocation: Successful, 7M relocated
[53.204s][info][gc,nmethod  ] GC(86) NMethods: 3118 registered, 0 unregistered
[53.204s][info][gc,metaspace] GC(86) Metaspace: 68M used, 72M capacity, 72M committed, 74M reserved
[53.204s][info][gc,ref      ] GC(86) Soft: 2656 encountered, 0 discovered, 0 enqueued
[53.204s][info][gc,ref      ] GC(86) Weak: 4664 encountered, 3601 discovered, 0 enqueued
[53.204s][info][gc,ref      ] GC(86) Final: 27 encountered, 0 discovered, 0 enqueued
[53.204s][info][gc,ref      ] GC(86) Phantom: 653 encountered, 649 discovered, 0 enqueued
[53.204s][info][gc,heap     ] GC(86)                Mark Start          Mark End        Relocate Start      Relocate End           High               Low         
[53.204s][info][gc,heap     ] GC(86)  Capacity:      750M (100%)        750M (100%)        750M (100%)        750M (100%)        750M (100%)        750M (100%)   
[53.204s][info][gc,heap     ] GC(86)   Reserve:       34M (5%)           34M (5%)           34M (5%)           34M (5%)           34M (5%)           34M (5%)     
[53.204s][info][gc,heap     ] GC(86)      Free:      114M (15%)           0M (0%)          344M (46%)         344M (46%)         344M (46%)           0M (0%)     
[53.204s][info][gc,heap     ] GC(86)      Used:      602M (80%)         716M (95%)         372M (50%)         372M (50%)         716M (95%)         372M (50%)    
[53.204s][info][gc,heap     ] GC(86)      Live:         -               214M (29%)         214M (29%)         214M (29%)            -                  -          
[53.204s][info][gc,heap     ] GC(86) Allocated:         -               114M (15%)         116M (15%)         128M (17%)            -                  -          
[53.204s][info][gc,heap     ] GC(86)   Garbage:         -               387M (52%)          41M (5%)           35M (5%)             -                  -          
[53.204s][info][gc,heap     ] GC(86) Reclaimed:         -                  -               346M (46%)         352M (47%)            -                  -          
[53.204s][info][gc          ] GC(86) Garbage Collection (Allocation Rate) 602M(80%)->372M(50%)
[53.295s][info][gc,start    ] GC(87) Garbage Collection (Allocation Rate)
[53.301s][info][gc,phases   ] GC(87) Pause Mark Start 2.993ms
[53.666s][info][gc,phases   ] GC(87) Concurrent Mark 364.244ms
[53.667s][info][gc,phases   ] GC(87) Pause Mark End 0.519ms
[53.668s][info][gc,phases   ] GC(87) Concurrent Process Non-Strong References 1.541ms
[53.668s][info][gc,phases   ] GC(87) Concurrent Reset Relocation Set 0.003ms
[53.668s][info][gc,phases   ] GC(87) Concurrent Destroy Detached Pages 0.000ms
[53.670s][info][gc,phases   ] GC(87) Concurrent Select Relocation Set 1.545ms
[53.670s][info][gc,phases   ] GC(87) Concurrent Prepare Relocation Set 0.025ms
[53.673s][info][gc,phases   ] GC(87) Pause Relocate Start 2.713ms
[53.673s][info][gc          ] Allocation Stall (Executor task launch worker for task 0.0 in stage 19.0 (TID 19)) 66.600ms
[53.680s][info][gc,phases   ] GC(87) Concurrent Relocate 1.608ms
[53.680s][info][gc,load     ] GC(87) Load: 2.41/1.71/0.89
[53.680s][info][gc,mmu      ] GC(87) MMU: 2ms/0.0%, 5ms/0.0%, 10ms/0.0%, 20ms/29.2%, 50ms/48.7%, 100ms/74.1%
[53.680s][info][gc,marking  ] GC(87) Mark: 1 stripe(s), 2 proactive flush(es), 1 terminate flush(es), 0 completion(s), 0 continuation(s) 
[53.680s][info][gc,reloc    ] GC(87) Relocation: Successful, 7M relocated
[53.680s][info][gc,nmethod  ] GC(87) NMethods: 3118 registered, 0 unregistered
[53.680s][info][gc,metaspace] GC(87) Metaspace: 68M used, 72M capacity, 72M committed, 74M reserved
[53.680s][info][gc,ref      ] GC(87) Soft: 2656 encountered, 0 discovered, 0 enqueued
[53.680s][info][gc,ref      ] GC(87) Weak: 4664 encountered, 3601 discovered, 0 enqueued
[53.680s][info][gc,ref      ] GC(87) Final: 27 encountered, 0 discovered, 0 enqueued
[53.680s][info][gc,ref      ] GC(87) Phantom: 653 encountered, 649 discovered, 0 enqueued
[53.680s][info][gc,heap     ] GC(87)                Mark Start          Mark End        Relocate Start      Relocate End           High               Low         
[53.680s][info][gc,heap     ] GC(87)  Capacity:      750M (100%)        750M (100%)        750M (100%)        750M (100%)        750M (100%)        750M (100%)   
[53.680s][info][gc,heap     ] GC(87)   Reserve:       34M (5%)           34M (5%)           34M (5%)           34M (5%)           34M (5%)           34M (5%)     
[53.680s][info][gc,heap     ] GC(87)      Free:      212M (28%)           0M (0%)          248M (33%)         248M (33%)         248M (33%)           0M (0%)     
[53.680s][info][gc,heap     ] GC(87)      Used:      504M (67%)         716M (95%)         468M (62%)         468M (62%)         716M (95%)         468M (62%)    
[53.680s][info][gc,heap     ] GC(87)      Live:         -               214M (29%)         214M (29%)         214M (29%)            -                  -          
[53.680s][info][gc,heap     ] GC(87) Allocated:         -               212M (28%)         214M (29%)         224M (30%)            -                  -          
[53.680s][info][gc,heap     ] GC(87)   Garbage:         -               289M (39%)          39M (5%)           35M (5%)             -                  -          
[53.680s][info][gc,heap     ] GC(87) Reclaimed:         -                  -               250M (33%)         254M (34%)            -                  -          
[53.680s][info][gc          ] GC(87) Garbage Collection (Allocation Rate) 504M(67%)->468M(62%)
[53.695s][info][gc,start    ] GC(88) Garbage Collection (Allocation Rate)
[53.701s][info][gc,phases   ] GC(88) Pause Mark Start 2.921ms
[54.082s][info][gc,phases   ] GC(88) Concurrent Mark 380.793ms
[54.083s][info][gc,phases   ] GC(88) Pause Mark End 0.450ms
[54.084s][info][gc,phases   ] GC(88) Concurrent Process Non-Strong References 1.637ms
[54.084s][info][gc,phases   ] GC(88) Concurrent Reset Relocation Set 0.003ms
[54.084s][info][gc,phases   ] GC(88) Concurrent Destroy Detached Pages 0.001ms
[54.086s][info][gc,phases   ] GC(88) Concurrent Select Relocation Set 1.536ms
[54.086s][info][gc,phases   ] GC(88) Concurrent Prepare Relocation Set 0.023ms
[54.089s][info][gc,phases   ] GC(88) Pause Relocate Start 2.476ms
[54.089s][info][gc          ] Allocation Stall (Executor task launch worker for task 0.0 in stage 19.0 (TID 19)) 67.710ms
[54.096s][info][gc,phases   ] GC(88) Concurrent Relocate 1.608ms
[54.096s][info][gc,load     ] GC(88) Load: 2.41/1.71/0.89
[54.096s][info][gc,mmu      ] GC(88) MMU: 2ms/0.0%, 5ms/0.0%, 10ms/0.0%, 20ms/29.2%, 50ms/48.7%, 100ms/74.1%
[54.096s][info][gc,marking  ] GC(88) Mark: 1 stripe(s), 2 proactive flush(es), 1 terminate flush(es), 0 completion(s), 0 continuation(s) 
[54.096s][info][gc,reloc    ] GC(88) Relocation: Successful, 7M relocated
[54.096s][info][gc,nmethod  ] GC(88) NMethods: 3118 registered, 0 unregistered
[54.096s][info][gc,metaspace] GC(88) Metaspace: 68M used, 72M capacity, 72M committed, 74M reserved
[54.096s][info][gc,ref      ] GC(88) Soft: 2656 encountered, 0 discovered, 0 enqueued
[54.096s][info][gc,ref      ] GC(88) Weak: 4664 encountered, 3601 discovered, 0 enqueued
[54.096s][info][gc,ref      ] GC(88) Final: 27 encountered, 0 discovered, 0 enqueued
[54.096s][info][gc,ref      ] GC(88) Phantom: 653 encountered, 649 discovered, 0 enqueued
[54.096s][info][gc,heap     ] GC(88)                Mark Start          Mark End        Relocate Start      Relocate End           High               Low         
[54.096s][info][gc,heap     ] GC(88)  Capacity:      750M (100%)        750M (100%)        750M (100%)        750M (100%)        750M (100%)        750M (100%)   
[54.096s][info][gc,heap     ] GC(88)   Reserve:       34M (5%)           34M (5%)           34M (5%)           34M (5%)           34M (5%)           34M (5%)     
[54.096s][info][gc,heap     ] GC(88)      Free:      226M (30%)           0M (0%)          232M (31%)         232M (31%)         232M (31%)           0M (0%)     
[54.096s][info][gc,heap     ] GC(88)      Used:      490M (65%)         716M (95%)         484M (65%)         484M (65%)         716M (95%)         484M (65%)    
[54.096s][info][gc,heap     ] GC(88)      Live:         -               214M (29%)         214M (29%)         214M (29%)            -                  -          
[54.096s][info][gc,heap     ] GC(88) Allocated:         -               226M (30%)         228M (30%)         240M (32%)            -                  -          
[54.096s][info][gc,heap     ] GC(88)   Garbage:         -               275M (37%)          41M (5%)           35M (5%)             -                  -          
[54.097s][info][gc,heap     ] GC(88) Reclaimed:         -                  -               234M (31%)         240M (32%)            -                  -          
[54.097s][info][gc          ] GC(88) Garbage Collection (Allocation Rate) 490M(65%)->484M(65%)
[54.195s][info][gc,start    ] GC(89) Garbage Collection (Allocation Rate)
[54.203s][info][gc,phases   ] GC(89) Pause Mark Start 5.269ms
[54.490s][info][gc,phases   ] GC(89) Concurrent Mark 286.869ms
[54.491s][info][gc,phases   ] GC(89) Pause Mark End 0.447ms
[54.492s][info][gc,phases   ] GC(89) Concurrent Process Non-Strong References 1.564ms
[54.492s][info][gc,phases   ] GC(89) Concurrent Reset Relocation Set 0.002ms
[54.492s][info][gc,phases   ] GC(89) Concurrent Destroy Detached Pages 0.000ms
[54.495s][info][gc,phases   ] GC(89) Concurrent Select Relocation Set 2.395ms
[54.495s][info][gc,phases   ] GC(89) Concurrent Prepare Relocation Set 0.024ms
[54.497s][info][gc,phases   ] GC(89) Pause Relocate Start 2.389ms
[54.497s][info][gc          ] Allocation Stall (Executor task launch worker for task 0.0 in stage 19.0 (TID 19)) 132.251ms
[54.504s][info][gc,phases   ] GC(89) Concurrent Relocate 1.600ms
[54.504s][info][gc,load     ] GC(89) Load: 2.41/1.71/0.89
[54.504s][info][gc,mmu      ] GC(89) MMU: 2ms/0.0%, 5ms/0.0%, 10ms/0.0%, 20ms/29.2%, 50ms/48.7%, 100ms/74.1%
[54.504s][info][gc,marking  ] GC(89) Mark: 1 stripe(s), 2 proactive flush(es), 1 terminate flush(es), 0 completion(s), 0 continuation(s) 
[54.504s][info][gc,reloc    ] GC(89) Relocation: Successful, 7M relocated
[54.504s][info][gc,nmethod  ] GC(89) NMethods: 3118 registered, 0 unregistered
[54.504s][info][gc,metaspace] GC(89) Metaspace: 68M used, 72M capacity, 72M committed, 74M reserved
[54.504s][info][gc,ref      ] GC(89) Soft: 2656 encountered, 0 discovered, 0 enqueued
[54.504s][info][gc,ref      ] GC(89) Weak: 4664 encountered, 3599 discovered, 0 enqueued
[54.504s][info][gc,ref      ] GC(89) Final: 27 encountered, 0 discovered, 0 enqueued
[54.504s][info][gc,ref      ] GC(89) Phantom: 653 encountered, 649 discovered, 0 enqueued
[54.504s][info][gc,heap     ] GC(89)                Mark Start          Mark End        Relocate Start      Relocate End           High               Low         
[54.504s][info][gc,heap     ] GC(89)  Capacity:      750M (100%)        750M (100%)        750M (100%)        750M (100%)        750M (100%)        750M (100%)   
[54.504s][info][gc,heap     ] GC(89)   Reserve:       34M (5%)           34M (5%)           34M (5%)           34M (5%)           34M (5%)           34M (5%)     
[54.504s][info][gc,heap     ] GC(89)      Free:      114M (15%)           0M (0%)          344M (46%)         346M (46%)         346M (46%)           0M (0%)     
[54.504s][info][gc,heap     ] GC(89)      Used:      602M (80%)         716M (95%)         372M (50%)         370M (49%)         716M (95%)         370M (49%)    
[54.504s][info][gc,heap     ] GC(89)      Live:         -               214M (29%)         214M (29%)         214M (29%)            -                  -          
[54.504s][info][gc,heap     ] GC(89) Allocated:         -               114M (15%)         116M (15%)         126M (17%)            -                  -          
[54.504s][info][gc,heap     ] GC(89)   Garbage:         -               387M (52%)          41M (5%)           35M (5%)             -                  -          
[54.504s][info][gc,heap     ] GC(89) Reclaimed:         -                  -               346M (46%)         352M (47%)            -                  -          
[54.504s][info][gc          ] GC(89) Garbage Collection (Allocation Rate) 602M(80%)->370M(49%)
[54.595s][info][gc,start    ] GC(90) Garbage Collection (Allocation Rate)
[54.601s][info][gc,phases   ] GC(90) Pause Mark Start 2.887ms
[54.842s][info][gc,heap     ] Page Cache Flushed: 6M requested, 6M(80M->74M) flushed
[55.001s][info][gc,phases   ] GC(90) Concurrent Mark 399.753ms
[55.001s][info][gc,phases   ] GC(90) Pause Mark End 0.433ms
[55.003s][info][gc,phases   ] GC(90) Concurrent Process Non-Strong References 1.618ms
[55.003s][info][gc,phases   ] GC(90) Concurrent Reset Relocation Set 0.002ms
[55.003s][info][gc,phases   ] GC(90) Concurrent Destroy Detached Pages 0.006ms
[55.005s][info][gc,phases   ] GC(90) Concurrent Select Relocation Set 1.523ms
[55.005s][info][gc,phases   ] GC(90) Concurrent Prepare Relocation Set 0.023ms
[55.007s][info][gc,phases   ] GC(90) Pause Relocate Start 2.412ms
[55.009s][info][gc,phases   ] GC(90) Concurrent Relocate 1.618ms
[55.009s][info][gc,load     ] GC(90) Load: 2.41/1.71/0.89
[55.009s][info][gc,mmu      ] GC(90) MMU: 2ms/0.0%, 5ms/0.0%, 10ms/0.0%, 20ms/29.2%, 50ms/48.7%, 100ms/74.1%
[55.009s][info][gc,marking  ] GC(90) Mark: 1 stripe(s), 2 proactive flush(es), 1 terminate flush(es), 0 completion(s), 0 continuation(s) 
[55.009s][info][gc,reloc    ] GC(90) Relocation: Successful, 7M relocated
[55.009s][info][gc,nmethod  ] GC(90) NMethods: 3162 registered, 0 unregistered
[55.009s][info][gc,metaspace] GC(90) Metaspace: 68M used, 72M capacity, 72M committed, 74M reserved
[55.009s][info][gc,ref      ] GC(90) Soft: 2656 encountered, 0 discovered, 0 enqueued
[55.009s][info][gc,ref      ] GC(90) Weak: 4664 encountered, 3652 discovered, 0 enqueued
[55.009s][info][gc,ref      ] GC(90) Final: 27 encountered, 0 discovered, 0 enqueued
[55.009s][info][gc,ref      ] GC(90) Phantom: 653 encountered, 649 discovered, 0 enqueued
[55.009s][info][gc,heap     ] GC(90)                Mark Start          Mark End        Relocate Start      Relocate End           High               Low         
[55.009s][info][gc,heap     ] GC(90)  Capacity:      750M (100%)        750M (100%)        750M (100%)        750M (100%)        750M (100%)        750M (100%)   
[55.009s][info][gc,heap     ] GC(90)   Reserve:       34M (5%)           34M (5%)           34M (5%)           34M (5%)           34M (5%)           34M (5%)     
[55.009s][info][gc,heap     ] GC(90)      Free:      218M (29%)          72M (10%)         316M (42%)         322M (43%)         322M (43%)          72M (10%)    
[55.009s][info][gc,heap     ] GC(90)      Used:      498M (66%)         644M (86%)         400M (53%)         394M (53%)         644M (86%)         394M (53%)    
[55.009s][info][gc,heap     ] GC(90)      Live:         -               214M (29%)         214M (29%)         214M (29%)            -                  -          
[55.009s][info][gc,heap     ] GC(90) Allocated:         -               146M (19%)         146M (19%)         148M (20%)            -                  -          
[55.009s][info][gc,heap     ] GC(90)   Garbage:         -               283M (38%)          39M (5%)           33M (4%)             -                  -          
[55.009s][info][gc,heap     ] GC(90) Reclaimed:         -                  -               244M (33%)         250M (33%)            -                  -          
[55.009s][info][gc          ] GC(90) Garbage Collection (Allocation Rate) 498M(66%)->394M(53%)
[55.009s][info][gc,start    ] GC(91) Garbage Collection (System.gc())
[55.013s][info][gc,phases   ] GC(91) Pause Mark Start 3.067ms
[55.232s][info][gc,phases   ] GC(91) Concurrent Mark 219.300ms
[55.233s][info][gc,phases   ] GC(91) Pause Mark End 0.459ms
[55.234s][info][gc,phases   ] GC(91) Concurrent Process Non-Strong References 1.502ms
[55.234s][info][gc,phases   ] GC(91) Concurrent Reset Relocation Set 0.002ms
[55.234s][info][gc,phases   ] GC(91) Concurrent Destroy Detached Pages 0.000ms
[55.240s][info][gc,phases   ] GC(91) Concurrent Select Relocation Set 5.500ms
[55.240s][info][gc,phases   ] GC(91) Concurrent Prepare Relocation Set 0.033ms
[55.246s][info][gc,phases   ] GC(91) Pause Relocate Start 2.396ms
[55.249s][info][gc,phases   ] GC(91) Concurrent Relocate 2.894ms
[55.249s][info][gc,load     ] GC(91) Load: 2.41/1.71/0.89
[55.249s][info][gc,mmu      ] GC(91) MMU: 2ms/0.0%, 5ms/0.0%, 10ms/0.0%, 20ms/29.2%, 50ms/48.7%, 100ms/74.1%
[55.249s][info][gc,marking  ] GC(91) Mark: 1 stripe(s), 2 proactive flush(es), 1 terminate flush(es), 0 completion(s), 0 continuation(s) 
[55.249s][info][gc,reloc    ] GC(91) Relocation: Successful, 7M relocated
[55.249s][info][gc,nmethod  ] GC(91) NMethods: 3166 registered, 0 unregistered
[55.249s][info][gc,metaspace] GC(91) Metaspace: 68M used, 72M capacity, 72M committed, 74M reserved
[55.249s][info][gc,ref      ] GC(91) Soft: 2655 encountered, 0 discovered, 0 enqueued
[55.249s][info][gc,ref      ] GC(91) Weak: 4735 encountered, 3722 discovered, 118 enqueued
[55.249s][info][gc,ref      ] GC(91) Final: 27 encountered, 0 discovered, 0 enqueued
[55.249s][info][gc,ref      ] GC(91) Phantom: 653 encountered, 649 discovered, 0 enqueued
[55.249s][info][gc,heap     ] GC(91)                Mark Start          Mark End        Relocate Start      Relocate End           High               Low         
[55.249s][info][gc,heap     ] GC(91)  Capacity:      750M (100%)        750M (100%)        750M (100%)        750M (100%)        750M (100%)        750M (100%)   
[55.249s][info][gc,heap     ] GC(91)   Reserve:       34M (5%)           34M (5%)           34M (5%)           34M (5%)           34M (5%)           34M (5%)     
[55.249s][info][gc,heap     ] GC(91)      Free:      322M (43%)         320M (43%)         460M (61%)         466M (62%)         466M (62%)         320M (43%)    
[55.249s][info][gc,heap     ] GC(91)      Used:      394M (53%)         396M (53%)         256M (34%)         250M (33%)         396M (53%)         250M (33%)    
[55.249s][info][gc,heap     ] GC(91)      Live:         -               214M (29%)         214M (29%)         214M (29%)            -                  -          
[55.249s][info][gc,heap     ] GC(91) Allocated:         -                 2M (0%)            2M (0%)            4M (1%)             -                  -          
[55.249s][info][gc,heap     ] GC(91)   Garbage:         -               179M (24%)          39M (5%)           33M (4%)             -                  -          
[55.249s][info][gc,heap     ] GC(91) Reclaimed:         -                  -               140M (19%)         146M (19%)            -                  -          
[55.249s][info][gc          ] GC(91) Garbage Collection (System.gc()) 394M(53%)->250M(33%)
[55.256s][info][gc,heap     ] Page Cache Flushed: 32M requested, 32M(464M->432M) flushed
[55.278s][info][gc,heap     ] Page Cache Flushed: 6M requested, 6M(428M->422M) flushed
[55.295s][info][gc,start    ] GC(92) Garbage Collection (Allocation Rate)
[55.312s][info][gc,phases   ] GC(92) Pause Mark Start 3.060ms
[55.319s][info][gc,heap     ] Page Cache Flushed: 32M requested, 32M(414M->382M) flushed
[55.339s][info][gc,heap     ] Page Cache Flushed: 6M requested, 6M(376M->370M) flushed
[55.769s][info][gc,phases   ] GC(92) Concurrent Mark 456.843ms
[55.772s][info][gc,phases   ] GC(92) Pause Mark End 0.490ms
[55.774s][info][gc,phases   ] GC(92) Concurrent Process Non-Strong References 1.605ms
[55.774s][info][gc,phases   ] GC(92) Concurrent Reset Relocation Set 0.002ms
[55.774s][info][gc,phases   ] GC(92) Concurrent Destroy Detached Pages 0.029ms
[55.776s][info][gc,phases   ] GC(92) Concurrent Select Relocation Set 1.531ms
[55.776s][info][gc,phases   ] GC(92) Concurrent Prepare Relocation Set 0.025ms
[55.780s][info][gc,phases   ] GC(92) Pause Relocate Start 2.541ms
[55.785s][info][gc,phases   ] GC(92) Concurrent Relocate 4.224ms
[55.785s][info][gc,load     ] GC(92) Load: 2.38/1.72/0.89
[55.785s][info][gc,mmu      ] GC(92) MMU: 2ms/0.0%, 5ms/0.0%, 10ms/0.0%, 20ms/29.2%, 50ms/48.7%, 100ms/74.1%
[55.785s][info][gc,marking  ] GC(92) Mark: 1 stripe(s), 2 proactive flush(es), 1 terminate flush(es), 0 completion(s), 0 continuation(s) 
[55.785s][info][gc,reloc    ] GC(92) Relocation: Successful, 7M relocated
[55.785s][info][gc,nmethod  ] GC(92) NMethods: 3228 registered, 0 unregistered
[55.785s][info][gc,metaspace] GC(92) Metaspace: 68M used, 72M capacity, 72M committed, 74M reserved
[55.785s][info][gc,ref      ] GC(92) Soft: 2655 encountered, 0 discovered, 0 enqueued
[55.785s][info][gc,ref      ] GC(92) Weak: 4694 encountered, 3672 discovered, 57 enqueued
[55.785s][info][gc,ref      ] GC(92) Final: 27 encountered, 0 discovered, 0 enqueued
[55.785s][info][gc,ref      ] GC(92) Phantom: 653 encountered, 649 discovered, 0 enqueued
[55.785s][info][gc,heap     ] GC(92)                Mark Start          Mark End        Relocate Start      Relocate End           High               Low         
[55.785s][info][gc,heap     ] GC(92)  Capacity:      750M (100%)        750M (100%)        750M (100%)        750M (100%)        750M (100%)        750M (100%)   
[55.785s][info][gc,heap     ] GC(92)   Reserve:       34M (5%)           34M (5%)           34M (5%)           34M (5%)           34M (5%)           34M (5%)     
[55.785s][info][gc,heap     ] GC(92)      Free:      416M (55%)          80M (11%)         116M (15%)         128M (17%)         416M (55%)          80M (11%)    
[55.785s][info][gc,heap     ] GC(92)      Used:      300M (40%)         636M (85%)         600M (80%)         588M (78%)         636M (85%)         300M (40%)    
[55.785s][info][gc,heap     ] GC(92)      Live:         -               214M (29%)         214M (29%)         214M (29%)            -                  -          
[55.785s][info][gc,heap     ] GC(92) Allocated:         -               336M (45%)         338M (45%)         342M (46%)            -                  -          
[55.785s][info][gc,heap     ] GC(92)   Garbage:         -                85M (11%)          47M (6%)           33M (4%)             -                  -          
[55.785s][info][gc,heap     ] GC(92) Reclaimed:         -                  -                38M (5%)           52M (7%)             -                  -          
[55.785s][info][gc          ] GC(92) Garbage Collection (Allocation Rate) 300M(40%)->588M(78%)
[55.797s][info][gc,start    ] GC(93) Garbage Collection (Allocation Rate)
[55.803s][info][gc,phases   ] GC(93) Pause Mark Start 3.054ms
[55.924s][info][gc,heap     ] Page Cache Flushed: 2M requested, 6M(38M->32M) flushed
[55.933s][info][gc,heap     ] Page Cache Flushed: 2M requested, 32M(32M->0M) flushed
[56.112s][info][gc,phases   ] GC(93) Concurrent Mark 309.335ms
[56.113s][info][gc,phases   ] GC(93) Pause Mark End 0.513ms
[56.115s][info][gc,phases   ] GC(93) Concurrent Process Non-Strong References 1.516ms
[56.115s][info][gc,phases   ] GC(93) Concurrent Reset Relocation Set 0.003ms
[56.115s][info][gc,phases   ] GC(93) Concurrent Destroy Detached Pages 0.003ms
[56.115s][info][gc          ] Allocation Stall (Executor task launch worker for task 0.0 in stage 22.0 (TID 22)) 125.197ms
[56.120s][info][gc,phases   ] GC(93) Concurrent Select Relocation Set 5.482ms
[56.120s][info][gc,phases   ] GC(93) Concurrent Prepare Relocation Set 0.031ms
[56.126s][info][gc,phases   ] GC(93) Pause Relocate Start 2.569ms
[56.132s][info][gc,phases   ] GC(93) Concurrent Relocate 6.345ms
[56.132s][info][gc,load     ] GC(93) Load: 2.38/1.72/0.89
[56.132s][info][gc,mmu      ] GC(93) MMU: 2ms/0.0%, 5ms/0.0%, 10ms/0.0%, 20ms/29.2%, 50ms/48.7%, 100ms/74.1%
[56.132s][info][gc,marking  ] GC(93) Mark: 1 stripe(s), 2 proactive flush(es), 1 terminate flush(es), 0 completion(s), 0 continuation(s) 
[56.132s][info][gc,reloc    ] GC(93) Relocation: Successful, 8M relocated
[56.132s][info][gc,nmethod  ] GC(93) NMethods: 3230 registered, 0 unregistered
[56.132s][info][gc,metaspace] GC(93) Metaspace: 68M used, 72M capacity, 72M committed, 74M reserved
[56.132s][info][gc,ref      ] GC(93) Soft: 2658 encountered, 0 discovered, 0 enqueued
[56.132s][info][gc,ref      ] GC(93) Weak: 4724 encountered, 3655 discovered, 17 enqueued
[56.132s][info][gc,ref      ] GC(93) Final: 27 encountered, 0 discovered, 0 enqueued
[56.132s][info][gc,ref      ] GC(93) Phantom: 653 encountered, 649 discovered, 0 enqueued
[56.132s][info][gc,heap     ] GC(93)                Mark Start          Mark End        Relocate Start      Relocate End           High               Low         
[56.132s][info][gc,heap     ] GC(93)  Capacity:      750M (100%)        750M (100%)        750M (100%)        750M (100%)        750M (100%)        750M (100%)   
[56.132s][info][gc,heap     ] GC(93)   Reserve:       34M (5%)           34M (5%)           34M (5%)           34M (5%)           34M (5%)           34M (5%)     
[56.132s][info][gc,heap     ] GC(93)      Free:      118M (16%)           0M (0%)          322M (43%)         338M (45%)         338M (45%)           0M (0%)     
[56.132s][info][gc,heap     ] GC(93)      Used:      598M (80%)         716M (95%)         394M (53%)         378M (50%)         716M (95%)         378M (50%)    
[56.132s][info][gc,heap     ] GC(93)      Live:         -               214M (29%)         214M (29%)         214M (29%)            -                  -          
[56.132s][info][gc,heap     ] GC(93) Allocated:         -               118M (16%)         124M (17%)         132M (18%)            -                  -          
[56.132s][info][gc,heap     ] GC(93)   Garbage:         -               383M (51%)          55M (7%)           35M (5%)             -                  -          
[56.132s][info][gc,heap     ] GC(93) Reclaimed:         -                  -               328M (44%)         348M (46%)            -                  -          
[56.132s][info][gc          ] GC(93) Garbage Collection (Allocation Rate) 598M(80%)->378M(50%)
[56.195s][info][gc,start    ] GC(94) Garbage Collection (Allocation Rate)
[56.201s][info][gc,phases   ] GC(94) Pause Mark Start 2.987ms
[56.488s][info][gc,heap     ] Page Cache Flushed: 2M requested, 6M(38M->32M) flushed
[56.497s][info][gc,heap     ] Page Cache Flushed: 2M requested, 32M(32M->0M) flushed
[56.586s][info][gc,phases   ] GC(94) Concurrent Mark 385.390ms
[56.587s][info][gc,phases   ] GC(94) Pause Mark End 0.620ms
[56.589s][info][gc,phases   ] GC(94) Concurrent Process Non-Strong References 1.696ms
[56.589s][info][gc,phases   ] GC(94) Concurrent Reset Relocation Set 0.005ms
[56.589s][info][gc,phases   ] GC(94) Concurrent Destroy Detached Pages 0.004ms
[56.591s][info][gc,phases   ] GC(94) Concurrent Select Relocation Set 1.539ms
[56.591s][info][gc          ] Allocation Stall (Executor task launch worker for task 0.0 in stage 22.0 (TID 22)) 34.695ms
[56.595s][info][gc,phases   ] GC(94) Concurrent Prepare Relocation Set 4.038ms
[56.600s][info][gc,phases   ] GC(94) Pause Relocate Start 2.649ms
[56.608s][info][gc,phases   ] GC(94) Concurrent Relocate 7.682ms
[56.608s][info][gc,load     ] GC(94) Load: 2.38/1.72/0.89
[56.608s][info][gc,mmu      ] GC(94) MMU: 2ms/0.0%, 5ms/0.0%, 10ms/0.0%, 20ms/29.2%, 50ms/48.7%, 100ms/74.1%
[56.608s][info][gc,marking  ] GC(94) Mark: 1 stripe(s), 2 proactive flush(es), 1 terminate flush(es), 0 completion(s), 0 continuation(s) 
[56.608s][info][gc,reloc    ] GC(94) Relocation: Successful, 8M relocated
[56.608s][info][gc,nmethod  ] GC(94) NMethods: 3230 registered, 0 unregistered
[56.608s][info][gc,metaspace] GC(94) Metaspace: 68M used, 72M capacity, 72M committed, 74M reserved
[56.608s][info][gc,ref      ] GC(94) Soft: 2658 encountered, 0 discovered, 0 enqueued
[56.608s][info][gc,ref      ] GC(94) Weak: 4709 encountered, 3640 discovered, 0 enqueued
[56.608s][info][gc,ref      ] GC(94) Final: 27 encountered, 0 discovered, 0 enqueued
[56.608s][info][gc,ref      ] GC(94) Phantom: 653 encountered, 649 discovered, 0 enqueued
[56.608s][info][gc,heap     ] GC(94)                Mark Start          Mark End        Relocate Start      Relocate End           High               Low         
[56.608s][info][gc,heap     ] GC(94)  Capacity:      750M (100%)        750M (100%)        750M (100%)        750M (100%)        750M (100%)        750M (100%)   
[56.608s][info][gc,heap     ] GC(94)   Reserve:       34M (5%)           34M (5%)           34M (5%)           34M (5%)           34M (5%)           34M (5%)     
[56.608s][info][gc,heap     ] GC(94)      Free:      246M (33%)           0M (0%)          202M (27%)         206M (27%)         246M (33%)           0M (0%)     
[56.608s][info][gc,heap     ] GC(94)      Used:      470M (63%)         716M (95%)         514M (69%)         510M (68%)         716M (95%)         470M (63%)    
[56.608s][info][gc,heap     ] GC(94)      Live:         -               214M (29%)         214M (29%)         214M (29%)            -                  -          
[56.608s][info][gc,heap     ] GC(94) Allocated:         -               246M (33%)         252M (34%)         264M (35%)            -                  -          
[56.608s][info][gc,heap     ] GC(94)   Garbage:         -               255M (34%)          47M (6%)           35M (5%)             -                  -          
[56.608s][info][gc,heap     ] GC(94) Reclaimed:         -                  -               208M (28%)         220M (29%)            -                  -          
[56.608s][info][gc          ] GC(94) Garbage Collection (Allocation Rate) 470M(63%)->510M(68%)
[56.695s][info][gc,start    ] GC(95) Garbage Collection (Allocation Rate)
[56.701s][info][gc,phases   ] GC(95) Pause Mark Start 2.921ms
[56.971s][info][gc,phases   ] GC(95) Concurrent Mark 269.732ms
[56.972s][info][gc,phases   ] GC(95) Pause Mark End 0.569ms
[56.974s][info][gc,phases   ] GC(95) Concurrent Process Non-Strong References 1.484ms
[56.974s][info][gc,phases   ] GC(95) Concurrent Reset Relocation Set 0.003ms
[56.974s][info][gc,phases   ] GC(95) Concurrent Destroy Detached Pages 0.000ms
[56.975s][info][gc          ] Allocation Stall (Executor task launch worker for task 0.0 in stage 22.0 (TID 22)) 152.342ms
[56.979s][info][gc          ] Allocation Stall (RemoteBlock-temp-file-clean-thread) 7.691ms
[56.979s][info][gc,phases   ] GC(95) Concurrent Select Relocation Set 5.581ms
[56.979s][info][gc,phases   ] GC(95) Concurrent Prepare Relocation Set 0.030ms
[56.985s][info][gc,phases   ] GC(95) Pause Relocate Start 2.704ms
[56.993s][info][gc,phases   ] GC(95) Concurrent Relocate 7.598ms
[56.993s][info][gc,load     ] GC(95) Load: 2.38/1.72/0.89
[56.993s][info][gc,mmu      ] GC(95) MMU: 2ms/0.0%, 5ms/0.0%, 10ms/0.0%, 20ms/29.2%, 50ms/48.7%, 100ms/74.1%
[56.993s][info][gc,marking  ] GC(95) Mark: 1 stripe(s), 2 proactive flush(es), 1 terminate flush(es), 0 completion(s), 0 continuation(s) 
[56.993s][info][gc,reloc    ] GC(95) Relocation: Successful, 8M relocated
[56.993s][info][gc,nmethod  ] GC(95) NMethods: 3230 registered, 0 unregistered
[56.993s][info][gc,metaspace] GC(95) Metaspace: 68M used, 72M capacity, 72M committed, 74M reserved
[56.993s][info][gc,ref      ] GC(95) Soft: 2658 encountered, 0 discovered, 0 enqueued
[56.993s][info][gc,ref      ] GC(95) Weak: 4709 encountered, 3640 discovered, 0 enqueued
[56.993s][info][gc,ref      ] GC(95) Final: 27 encountered, 0 discovered, 0 enqueued
[56.993s][info][gc,ref      ] GC(95) Phantom: 653 encountered, 649 discovered, 0 enqueued
[56.993s][info][gc,heap     ] GC(95)                Mark Start          Mark End        Relocate Start      Relocate End           High               Low         
[56.993s][info][gc,heap     ] GC(95)  Capacity:      750M (100%)        750M (100%)        750M (100%)        750M (100%)        750M (100%)        750M (100%)   
[56.993s][info][gc,heap     ] GC(95)   Reserve:       34M (5%)           34M (5%)           34M (5%)           34M (5%)           34M (5%)           34M (5%)     
[56.993s][info][gc,heap     ] GC(95)      Free:       84M (11%)           0M (0%)          368M (49%)         370M (49%)         370M (49%)           0M (0%)     
[56.993s][info][gc,heap     ] GC(95)      Used:      632M (84%)         716M (95%)         348M (46%)         346M (46%)         716M (95%)         346M (46%)    
[56.993s][info][gc,heap     ] GC(95)      Live:         -               214M (29%)         214M (29%)         214M (29%)            -                  -          
[56.993s][info][gc,heap     ] GC(95) Allocated:         -                84M (11%)          92M (12%)         102M (14%)            -                  -          
[56.993s][info][gc,heap     ] GC(95)   Garbage:         -               417M (56%)          43M (6%)           35M (5%)             -                  -          
[56.993s][info][gc,heap     ] GC(95) Reclaimed:         -                  -               374M (50%)         382M (51%)            -                  -          
[56.993s][info][gc          ] GC(95) Garbage Collection (Allocation Rate) 632M(84%)->346M(46%)
[56.995s][info][gc,start    ] GC(96) Garbage Collection (Allocation Rate)
[57.002s][info][gc,phases   ] GC(96) Pause Mark Start 2.978ms
[57.439s][info][gc,phases   ] GC(96) Concurrent Mark 437.251ms
[57.442s][info][gc,phases   ] GC(96) Pause Mark End 0.493ms
[57.444s][info][gc,phases   ] GC(96) Concurrent Process Non-Strong References 1.569ms
[57.444s][info][gc,phases   ] GC(96) Concurrent Reset Relocation Set 0.002ms
[57.444s][info][gc,phases   ] GC(96) Concurrent Destroy Detached Pages 0.000ms
[57.446s][info][gc,phases   ] GC(96) Concurrent Select Relocation Set 1.501ms
[57.446s][info][gc,phases   ] GC(96) Concurrent Prepare Relocation Set 0.025ms
[57.448s][info][gc,phases   ] GC(96) Pause Relocate Start 2.617ms
[57.453s][info][gc,phases   ] GC(96) Concurrent Relocate 4.803ms
[57.453s][info][gc,load     ] GC(96) Load: 2.38/1.72/0.89
[57.453s][info][gc,mmu      ] GC(96) MMU: 2ms/0.0%, 5ms/0.0%, 10ms/0.0%, 20ms/29.2%, 50ms/48.7%, 100ms/74.1%
[57.453s][info][gc,marking  ] GC(96) Mark: 1 stripe(s), 2 proactive flush(es), 1 terminate flush(es), 0 completion(s), 0 continuation(s) 
[57.453s][info][gc,reloc    ] GC(96) Relocation: Successful, 8M relocated
[57.453s][info][gc,nmethod  ] GC(96) NMethods: 3230 registered, 0 unregistered
[57.453s][info][gc,metaspace] GC(96) Metaspace: 68M used, 72M capacity, 72M committed, 74M reserved
[57.453s][info][gc,ref      ] GC(96) Soft: 2658 encountered, 0 discovered, 0 enqueued
[57.453s][info][gc,ref      ] GC(96) Weak: 4709 encountered, 3640 discovered, 0 enqueued
[57.453s][info][gc,ref      ] GC(96) Final: 27 encountered, 0 discovered, 0 enqueued
[57.453s][info][gc,ref      ] GC(96) Phantom: 653 encountered, 649 discovered, 0 enqueued
[57.453s][info][gc,heap     ] GC(96)                Mark Start          Mark End        Relocate Start      Relocate End           High               Low         
[57.453s][info][gc,heap     ] GC(96)  Capacity:      750M (100%)        750M (100%)        750M (100%)        750M (100%)        750M (100%)        750M (100%)   
[57.453s][info][gc,heap     ] GC(96)   Reserve:       34M (5%)           34M (5%)           34M (5%)           34M (5%)           34M (5%)           34M (5%)     
[57.454s][info][gc,heap     ] GC(96)      Free:      366M (49%)          56M (7%)          152M (20%)         154M (21%)         366M (49%)          56M (7%)     
[57.454s][info][gc,heap     ] GC(96)      Used:      350M (47%)         660M (88%)         564M (75%)         562M (75%)         660M (88%)         350M (47%)    
[57.454s][info][gc,heap     ] GC(96)      Live:         -               214M (29%)         214M (29%)         214M (29%)            -                  -          
[57.454s][info][gc,heap     ] GC(96) Allocated:         -               310M (41%)         310M (41%)         316M (42%)            -                  -          
[57.454s][info][gc,heap     ] GC(96)   Garbage:         -               135M (18%)          39M (5%)           33M (4%)             -                  -          
[57.454s][info][gc,heap     ] GC(96) Reclaimed:         -                  -                96M (13%)         102M (14%)            -                  -          
[57.454s][info][gc          ] GC(96) Garbage Collection (Allocation Rate) 350M(47%)->562M(75%)
[57.496s][info][gc,start    ] GC(97) Garbage Collection (Allocation Rate)
[57.502s][info][gc,phases   ] GC(97) Pause Mark Start 2.987ms
[57.808s][info][gc,phases   ] GC(97) Concurrent Mark 306.019ms
[57.809s][info][gc,phases   ] GC(97) Pause Mark End 0.526ms
[57.810s][info][gc,phases   ] GC(97) Concurrent Process Non-Strong References 1.496ms
[57.810s][info][gc,phases   ] GC(97) Concurrent Reset Relocation Set 0.002ms
[57.810s][info][gc,phases   ] GC(97) Concurrent Destroy Detached Pages 0.001ms
[57.812s][info][gc,phases   ] GC(97) Concurrent Select Relocation Set 1.518ms
[57.812s][info][gc,phases   ] GC(97) Concurrent Prepare Relocation Set 0.027ms
[57.815s][info][gc,phases   ] GC(97) Pause Relocate Start 2.615ms
[57.815s][info][gc          ] Allocation Stall (Executor task launch worker for task 0.0 in stage 22.0 (TID 22)) 125.902ms
[57.821s][info][gc,phases   ] GC(97) Concurrent Relocate 5.653ms
[57.821s][info][gc,load     ] GC(97) Load: 2.38/1.72/0.89
[57.821s][info][gc,mmu      ] GC(97) MMU: 2ms/0.0%, 5ms/0.0%, 10ms/0.0%, 20ms/29.2%, 50ms/48.7%, 100ms/74.1%
[57.821s][info][gc,marking  ] GC(97) Mark: 1 stripe(s), 2 proactive flush(es), 1 terminate flush(es), 0 completion(s), 0 continuation(s) 
[57.821s][info][gc,reloc    ] GC(97) Relocation: Successful, 8M relocated
[57.821s][info][gc,nmethod  ] GC(97) NMethods: 3230 registered, 0 unregistered
[57.821s][info][gc,metaspace] GC(97) Metaspace: 68M used, 72M capacity, 72M committed, 74M reserved
[57.821s][info][gc,ref      ] GC(97) Soft: 2658 encountered, 0 discovered, 0 enqueued
[57.821s][info][gc,ref      ] GC(97) Weak: 4709 encountered, 3640 discovered, 0 enqueued
[57.821s][info][gc,ref      ] GC(97) Final: 27 encountered, 0 discovered, 0 enqueued
[57.821s][info][gc,ref      ] GC(97) Phantom: 653 encountered, 649 discovered, 0 enqueued
[57.821s][info][gc,heap     ] GC(97)                Mark Start          Mark End        Relocate Start      Relocate End           High               Low         
[57.821s][info][gc,heap     ] GC(97)  Capacity:      750M (100%)        750M (100%)        750M (100%)        750M (100%)        750M (100%)        750M (100%)   
[57.821s][info][gc,heap     ] GC(97)   Reserve:       34M (5%)           34M (5%)           34M (5%)           34M (5%)           34M (5%)           34M (5%)     
[57.821s][info][gc,heap     ] GC(97)      Free:      100M (13%)           0M (0%)          358M (48%)         360M (48%)         360M (48%)           0M (0%)     
[57.821s][info][gc,heap     ] GC(97)      Used:      616M (82%)         716M (95%)         358M (48%)         356M (47%)         716M (95%)         356M (47%)    
[57.821s][info][gc,heap     ] GC(97)      Live:         -               214M (29%)         214M (29%)         214M (29%)            -                  -          
[57.821s][info][gc,heap     ] GC(97) Allocated:         -               100M (13%)         102M (14%)         110M (15%)            -                  -          
[57.821s][info][gc,heap     ] GC(97)   Garbage:         -               401M (53%)          41M (5%)           33M (4%)             -                  -          
[57.821s][info][gc,heap     ] GC(97) Reclaimed:         -                  -               360M (48%)         368M (49%)            -                  -          
[57.821s][info][gc          ] GC(97) Garbage Collection (Allocation Rate) 616M(82%)->356M(47%)
[57.895s][info][gc,start    ] GC(98) Garbage Collection (Allocation Rate)
[57.902s][info][gc,phases   ] GC(98) Pause Mark Start 3.796ms
[58.354s][info][gc,phases   ] GC(98) Concurrent Mark 451.580ms
[58.355s][info][gc,phases   ] GC(98) Pause Mark End 0.581ms
[58.356s][info][gc,phases   ] GC(98) Concurrent Process Non-Strong References 1.470ms
[58.356s][info][gc,phases   ] GC(98) Concurrent Reset Relocation Set 0.003ms
[58.356s][info][gc,phases   ] GC(98) Concurrent Destroy Detached Pages 0.001ms
[58.358s][info][gc,phases   ] GC(98) Concurrent Select Relocation Set 1.542ms
[58.358s][info][gc,phases   ] GC(98) Concurrent Prepare Relocation Set 0.027ms
[58.361s][info][gc,phases   ] GC(98) Pause Relocate Start 2.591ms
[58.361s][info][gc          ] Allocation Stall (Executor task launch worker for task 0.0 in stage 22.0 (TID 22)) 17.961ms
[58.368s][info][gc,phases   ] GC(98) Concurrent Relocate 1.806ms
[58.368s][info][gc,load     ] GC(98) Load: 2.38/1.72/0.89
[58.368s][info][gc,mmu      ] GC(98) MMU: 2ms/0.0%, 5ms/0.0%, 10ms/0.0%, 20ms/29.2%, 50ms/48.7%, 100ms/74.1%
[58.368s][info][gc,marking  ] GC(98) Mark: 1 stripe(s), 2 proactive flush(es), 1 terminate flush(es), 0 completion(s), 0 continuation(s) 
[58.368s][info][gc,reloc    ] GC(98) Relocation: Successful, 8M relocated
[58.368s][info][gc,nmethod  ] GC(98) NMethods: 3230 registered, 0 unregistered
[58.368s][info][gc,metaspace] GC(98) Metaspace: 68M used, 72M capacity, 72M committed, 74M reserved
[58.368s][info][gc,ref      ] GC(98) Soft: 2658 encountered, 0 discovered, 0 enqueued
[58.368s][info][gc,ref      ] GC(98) Weak: 4709 encountered, 3637 discovered, 0 enqueued
[58.368s][info][gc,ref      ] GC(98) Final: 27 encountered, 0 discovered, 0 enqueued
[58.368s][info][gc,ref      ] GC(98) Phantom: 653 encountered, 649 discovered, 0 enqueued
[58.368s][info][gc,heap     ] GC(98)                Mark Start          Mark End        Relocate Start      Relocate End           High               Low         
[58.368s][info][gc,heap     ] GC(98)  Capacity:      750M (100%)        750M (100%)        750M (100%)        750M (100%)        750M (100%)        750M (100%)   
[58.368s][info][gc,heap     ] GC(98)   Reserve:       34M (5%)           34M (5%)           34M (5%)           34M (5%)           34M (5%)           34M (5%)     
[58.368s][info][gc,heap     ] GC(98)      Free:      280M (37%)           0M (0%)          180M (24%)         180M (24%)         280M (37%)           0M (0%)     
[58.368s][info][gc,heap     ] GC(98)      Used:      436M (58%)         716M (95%)         536M (71%)         536M (71%)         716M (95%)         436M (58%)    
[58.368s][info][gc,heap     ] GC(98)      Live:         -               214M (29%)         214M (29%)         214M (29%)            -                  -          
[58.368s][info][gc,heap     ] GC(98) Allocated:         -               280M (37%)         282M (38%)         290M (39%)            -                  -          
[58.368s][info][gc,heap     ] GC(98)   Garbage:         -               221M (29%)          39M (5%)           33M (4%)             -                  -          
[58.368s][info][gc,heap     ] GC(98) Reclaimed:         -                  -               182M (24%)         188M (25%)            -                  -          
[58.368s][info][gc          ] GC(98) Garbage Collection (Allocation Rate) 436M(58%)->536M(71%)
[58.396s][info][gc,start    ] GC(99) Garbage Collection (Allocation Rate)
[58.403s][info][gc,phases   ] GC(99) Pause Mark Start 3.066ms
[58.751s][info][gc,phases   ] GC(99) Concurrent Mark 348.815ms
[58.753s][info][gc,phases   ] GC(99) Pause Mark End 0.934ms
[58.757s][info][gc,phases   ] GC(99) Concurrent Process Non-Strong References 2.966ms
[58.757s][info][gc,phases   ] GC(99) Concurrent Reset Relocation Set 0.005ms
[58.757s][info][gc,phases   ] GC(99) Concurrent Destroy Detached Pages 0.001ms
[58.758s][info][gc          ] Allocation Stall (Executor task launch worker for task 0.0 in stage 22.0 (TID 22)) 119.908ms
[58.766s][info][gc,phases   ] GC(99) Concurrent Select Relocation Set 8.921ms
[58.766s][info][gc,phases   ] GC(99) Concurrent Prepare Relocation Set 0.045ms
[58.773s][info][gc,phases   ] GC(99) Pause Relocate Start 2.644ms
[58.777s][info][gc,phases   ] GC(99) Concurrent Relocate 1.761ms
[58.777s][info][gc,load     ] GC(99) Load: 2.38/1.72/0.89
[58.777s][info][gc,mmu      ] GC(99) MMU: 2ms/0.0%, 5ms/0.0%, 10ms/0.0%, 20ms/29.2%, 50ms/48.7%, 100ms/74.1%
[58.777s][info][gc,marking  ] GC(99) Mark: 1 stripe(s), 2 proactive flush(es), 1 terminate flush(es), 0 completion(s), 0 continuation(s) 
[58.777s][info][gc,reloc    ] GC(99) Relocation: Successful, 8M relocated
[58.777s][info][gc,nmethod  ] GC(99) NMethods: 3230 registered, 0 unregistered
[58.777s][info][gc,metaspace] GC(99) Metaspace: 68M used, 72M capacity, 72M committed, 74M reserved
[58.777s][info][gc,ref      ] GC(99) Soft: 2658 encountered, 0 discovered, 0 enqueued
[58.777s][info][gc,ref      ] GC(99) Weak: 4709 encountered, 3640 discovered, 0 enqueued
[58.777s][info][gc,ref      ] GC(99) Final: 27 encountered, 0 discovered, 0 enqueued
[58.777s][info][gc,ref      ] GC(99) Phantom: 653 encountered, 649 discovered, 0 enqueued
[58.777s][info][gc,heap     ] GC(99)                Mark Start          Mark End        Relocate Start      Relocate End           High               Low         
[58.777s][info][gc,heap     ] GC(99)  Capacity:      750M (100%)        750M (100%)        750M (100%)        750M (100%)        750M (100%)        750M (100%)   
[58.777s][info][gc,heap     ] GC(99)   Reserve:       34M (5%)           34M (5%)           34M (5%)           34M (5%)           34M (5%)           34M (5%)     
[58.777s][info][gc,heap     ] GC(99)      Free:      140M (19%)           0M (0%)          318M (42%)         322M (43%)         322M (43%)           0M (0%)     
[58.777s][info][gc,heap     ] GC(99)      Used:      576M (77%)         716M (95%)         398M (53%)         394M (53%)         716M (95%)         394M (53%)    
[58.777s][info][gc,heap     ] GC(99)      Live:         -               214M (29%)         214M (29%)         214M (29%)            -                  -          
[58.777s][info][gc,heap     ] GC(99) Allocated:         -               140M (19%)         142M (19%)         148M (20%)            -                  -          
[58.777s][info][gc,heap     ] GC(99)   Garbage:         -               361M (48%)          41M (5%)           35M (5%)             -                  -          
[58.777s][info][gc,heap     ] GC(99) Reclaimed:         -                  -               320M (43%)         326M (43%)            -                  -          
[58.777s][info][gc          ] GC(99) Garbage Collection (Allocation Rate) 576M(77%)->394M(53%)
[58.795s][info][gc,start    ] GC(100) Garbage Collection (Allocation Rate)
[58.801s][info][gc,phases   ] GC(100) Pause Mark Start 3.034ms
[59.230s][info][gc,phases   ] GC(100) Concurrent Mark 429.514ms
[59.231s][info][gc,phases   ] GC(100) Pause Mark End 0.484ms
[59.233s][info][gc,phases   ] GC(100) Concurrent Process Non-Strong References 1.536ms
[59.233s][info][gc,phases   ] GC(100) Concurrent Reset Relocation Set 0.002ms
[59.233s][info][gc,phases   ] GC(100) Concurrent Destroy Detached Pages 0.000ms
[59.234s][info][gc          ] Allocation Stall (Executor task launch worker for task 0.0 in stage 22.0 (TID 22)) 9.223ms
[59.238s][info][gc,phases   ] GC(100) Concurrent Select Relocation Set 5.463ms
[59.238s][info][gc,phases   ] GC(100) Concurrent Prepare Relocation Set 0.030ms
[59.244s][info][gc,phases   ] GC(100) Pause Relocate Start 2.637ms
[59.253s][info][gc,phases   ] GC(100) Concurrent Relocate 8.548ms
[59.253s][info][gc,load     ] GC(100) Load: 2.38/1.72/0.89
[59.253s][info][gc,mmu      ] GC(100) MMU: 2ms/0.0%, 5ms/0.0%, 10ms/0.0%, 20ms/29.2%, 50ms/48.7%, 100ms/74.1%
[59.253s][info][gc,marking  ] GC(100) Mark: 1 stripe(s), 2 proactive flush(es), 1 terminate flush(es), 0 completion(s), 0 continuation(s) 
[59.253s][info][gc,reloc    ] GC(100) Relocation: Successful, 8M relocated
[59.253s][info][gc,nmethod  ] GC(100) NMethods: 3230 registered, 0 unregistered
[59.253s][info][gc,metaspace] GC(100) Metaspace: 68M used, 72M capacity, 72M committed, 74M reserved
[59.253s][info][gc,ref      ] GC(100) Soft: 2658 encountered, 0 discovered, 0 enqueued
[59.253s][info][gc,ref      ] GC(100) Weak: 4709 encountered, 3640 discovered, 0 enqueued
[59.253s][info][gc,ref      ] GC(100) Final: 27 encountered, 0 discovered, 0 enqueued
[59.253s][info][gc,ref      ] GC(100) Phantom: 653 encountered, 649 discovered, 0 enqueued
[59.253s][info][gc,heap     ] GC(100)                Mark Start          Mark End        Relocate Start      Relocate End           High               Low         
[59.253s][info][gc,heap     ] GC(100)  Capacity:      750M (100%)        750M (100%)        750M (100%)        750M (100%)        750M (100%)        750M (100%)   
[59.253s][info][gc,heap     ] GC(100)   Reserve:       34M (5%)           34M (5%)           34M (5%)           34M (5%)           34M (5%)           34M (5%)     
[59.253s][info][gc,heap     ] GC(100)      Free:      296M (39%)           0M (0%)          158M (21%)         156M (21%)         296M (39%)           0M (0%)     
[59.253s][info][gc,heap     ] GC(100)      Used:      420M (56%)         716M (95%)         558M (74%)         560M (75%)         716M (95%)         420M (56%)    
[59.253s][info][gc,heap     ] GC(100)      Live:         -               214M (29%)         214M (29%)         214M (29%)            -                  -          
[59.253s][info][gc,heap     ] GC(100) Allocated:         -               296M (39%)         302M (40%)         314M (42%)            -                  -          
[59.253s][info][gc,heap     ] GC(100)   Garbage:         -               205M (27%)          41M (5%)           35M (5%)             -                  -          
[59.253s][info][gc,heap     ] GC(100) Reclaimed:         -                  -               164M (22%)         170M (23%)            -                  -          
[59.253s][info][gc          ] GC(100) Garbage Collection (Allocation Rate) 420M(56%)->560M(75%)
[59.295s][info][gc,start    ] GC(101) Garbage Collection (Allocation Rate)
[59.302s][info][gc,phases   ] GC(101) Pause Mark Start 3.922ms
[59.590s][info][gc,phases   ] GC(101) Concurrent Mark 288.550ms
[59.591s][info][gc,phases   ] GC(101) Pause Mark End 0.497ms
[59.593s][info][gc,phases   ] GC(101) Concurrent Process Non-Strong References 1.495ms
[59.593s][info][gc,phases   ] GC(101) Concurrent Reset Relocation Set 0.002ms
[59.593s][info][gc,phases   ] GC(101) Concurrent Destroy Detached Pages 0.000ms
[59.595s][info][gc,phases   ] GC(101) Concurrent Select Relocation Set 1.540ms
[59.595s][info][gc,phases   ] GC(101) Concurrent Prepare Relocation Set 0.026ms
[59.597s][info][gc,phases   ] GC(101) Pause Relocate Start 2.542ms
[59.598s][info][gc          ] Allocation Stall (Executor task launch worker for task 0.0 in stage 22.0 (TID 22)) 154.347ms
[59.604s][info][gc,phases   ] GC(101) Concurrent Relocate 1.761ms
[59.604s][info][gc,load     ] GC(101) Load: 2.38/1.72/0.89
[59.604s][info][gc,mmu      ] GC(101) MMU: 2ms/0.0%, 5ms/0.0%, 10ms/0.0%, 20ms/29.2%, 50ms/48.7%, 100ms/74.1%
[59.604s][info][gc,marking  ] GC(101) Mark: 1 stripe(s), 2 proactive flush(es), 1 terminate flush(es), 0 completion(s), 0 continuation(s) 
[59.604s][info][gc,reloc    ] GC(101) Relocation: Successful, 8M relocated
[59.604s][info][gc,nmethod  ] GC(101) NMethods: 3230 registered, 0 unregistered
[59.604s][info][gc,metaspace] GC(101) Metaspace: 68M used, 72M capacity, 72M committed, 74M reserved
[59.604s][info][gc,ref      ] GC(101) Soft: 2658 encountered, 0 discovered, 0 enqueued
[59.604s][info][gc,ref      ] GC(101) Weak: 4709 encountered, 3637 discovered, 0 enqueued
[59.604s][info][gc,ref      ] GC(101) Final: 27 encountered, 0 discovered, 0 enqueued
[59.604s][info][gc,ref      ] GC(101) Phantom: 653 encountered, 649 discovered, 0 enqueued
[59.604s][info][gc,heap     ] GC(101)                Mark Start          Mark End        Relocate Start      Relocate End           High               Low         
[59.604s][info][gc,heap     ] GC(101)  Capacity:      750M (100%)        750M (100%)        750M (100%)        750M (100%)        750M (100%)        750M (100%)   
[59.604s][info][gc,heap     ] GC(101)   Reserve:       34M (5%)           34M (5%)           34M (5%)           34M (5%)           34M (5%)           34M (5%)     
[59.604s][info][gc,heap     ] GC(101)      Free:       94M (13%)           0M (0%)          364M (49%)         366M (49%)         366M (49%)           0M (0%)     
[59.604s][info][gc,heap     ] GC(101)      Used:      622M (83%)         716M (95%)         352M (47%)         350M (47%)         716M (95%)         350M (47%)    
[59.604s][info][gc,heap     ] GC(101)      Live:         -               214M (29%)         214M (29%)         214M (29%)            -                  -          
[59.604s][info][gc,heap     ] GC(101) Allocated:         -                94M (13%)          96M (13%)         104M (14%)            -                  -          
[59.604s][info][gc,heap     ] GC(101)   Garbage:         -               407M (54%)          41M (5%)           33M (4%)             -                  -          
[59.604s][info][gc,heap     ] GC(101) Reclaimed:         -                  -               366M (49%)         374M (50%)            -                  -          
[59.604s][info][gc          ] GC(101) Garbage Collection (Allocation Rate) 622M(83%)->350M(47%)
[59.638s][info][gc,heap     ] Page Cache Flushed: 6M requested, 6M(330M->324M) flushed
[59.676s][info][gc,start    ] GC(102) Garbage Collection (System.gc())
[59.680s][info][gc,phases   ] GC(102) Pause Mark Start 3.010ms
[59.886s][info][gc,phases   ] GC(102) Concurrent Mark 206.026ms
[59.887s][info][gc,phases   ] GC(102) Pause Mark End 0.466ms
[59.888s][info][gc,phases   ] GC(102) Concurrent Process Non-Strong References 1.569ms
[59.888s][info][gc,phases   ] GC(102) Concurrent Reset Relocation Set 0.003ms
[59.888s][info][gc,phases   ] GC(102) Concurrent Destroy Detached Pages 0.006ms
[59.890s][info][gc,phases   ] GC(102) Concurrent Select Relocation Set 1.514ms
[59.891s][info][gc,phases   ] GC(102) Concurrent Prepare Relocation Set 1.654ms
[59.897s][info][gc,phases   ] GC(102) Pause Relocate Start 2.501ms
[59.900s][info][gc,phases   ] GC(102) Concurrent Relocate 2.685ms
[59.900s][info][gc,load     ] GC(102) Load: 2.38/1.72/0.89
[59.900s][info][gc,mmu      ] GC(102) MMU: 2ms/0.0%, 5ms/0.0%, 10ms/0.0%, 20ms/29.2%, 50ms/48.7%, 100ms/74.1%
[59.900s][info][gc,marking  ] GC(102) Mark: 1 stripe(s), 2 proactive flush(es), 1 terminate flush(es), 0 completion(s), 0 continuation(s) 
[59.900s][info][gc,reloc    ] GC(102) Relocation: Successful, 7M relocated
[59.900s][info][gc,nmethod  ] GC(102) NMethods: 3267 registered, 0 unregistered
[59.900s][info][gc,metaspace] GC(102) Metaspace: 68M used, 72M capacity, 72M committed, 74M reserved
[59.900s][info][gc,ref      ] GC(102) Soft: 2657 encountered, 0 discovered, 0 enqueued
[59.900s][info][gc,ref      ] GC(102) Weak: 4758 encountered, 3754 discovered, 123 enqueued
[59.900s][info][gc,ref      ] GC(102) Final: 27 encountered, 0 discovered, 0 enqueued
[59.900s][info][gc,ref      ] GC(102) Phantom: 653 encountered, 649 discovered, 0 enqueued
[59.900s][info][gc,heap     ] GC(102)                Mark Start          Mark End        Relocate Start      Relocate End           High               Low         
[59.900s][info][gc,heap     ] GC(102)  Capacity:      750M (100%)        750M (100%)        750M (100%)        750M (100%)        750M (100%)        750M (100%)   
[59.900s][info][gc,heap     ] GC(102)   Reserve:       34M (5%)           34M (5%)           34M (5%)           34M (5%)           34M (5%)           34M (5%)     
[59.900s][info][gc,heap     ] GC(102)      Free:      320M (43%)         318M (42%)         458M (61%)         466M (62%)         466M (62%)         318M (42%)    
[59.900s][info][gc,heap     ] GC(102)      Used:      396M (53%)         398M (53%)         258M (34%)         250M (33%)         398M (53%)         250M (33%)    
[59.900s][info][gc,heap     ] GC(102)      Live:         -               214M (29%)         214M (29%)         214M (29%)            -                  -          
[59.900s][info][gc,heap     ] GC(102) Allocated:         -                 2M (0%)            2M (0%)            4M (1%)             -                  -          
[59.900s][info][gc,heap     ] GC(102)   Garbage:         -               181M (24%)          41M (6%)           33M (4%)             -                  -          
[59.900s][info][gc,heap     ] GC(102) Reclaimed:         -                  -               140M (19%)         148M (20%)            -                  -          
[59.900s][info][gc          ] GC(102) Garbage Collection (System.gc()) 396M(53%)->250M(33%)
[59.903s][info][gc,heap     ] Page Cache Flushed: 32M requested, 32M(464M->432M) flushed
[59.914s][info][gc,heap     ] Page Cache Flushed: 6M requested, 6M(428M->422M) flushed
[59.975s][info][gc,heap     ] Page Cache Flushed: 6M requested, 6M(410M->404M) flushed
[59.994s][info][gc,start    ] GC(103) Garbage Collection (Allocation Rate)
[60.003s][info][gc,phases   ] GC(103) Pause Mark Start 3.117ms
[60.095s][info][gc,stats    ] === Garbage Collection Statistics =======================================================================================================================
[60.095s][info][gc,stats    ]                                                              Last 10s              Last 10m              Last 10h                Total
[60.095s][info][gc,stats    ]                                                              Avg / Max             Avg / Max             Avg / Max             Avg / Max
[60.095s][info][gc,stats    ]   Collector: Garbage Collection Cycle                    377.185 / 558.375     421.041 / 1030.215    421.041 / 1030.215    421.041 / 1030.215    ms
[60.095s][info][gc,stats    ]  Contention: Mark Segment Reset Contention                     0 / 0                 0 / 0                 0 / 0                 0 / 0           ops/s
[60.095s][info][gc,stats    ]  Contention: Mark SeqNum Reset Contention                      0 / 0                 0 / 0                 0 / 0                 0 / 0           ops/s
[60.095s][info][gc,stats    ]  Contention: Relocation Contention                             0 / 0                 0 / 12                0 / 12                0 / 12          ops/s
[60.095s][info][gc,stats    ]    Critical: Allocation Stall                             81.995 / 168.921      95.519 / 291.503      95.519 / 291.503      95.519 / 291.503     ms
[60.095s][info][gc,stats    ]    Critical: Allocation Stall                                  1 / 4                 1 / 13                1 / 13                1 / 13          ops/s
[60.095s][info][gc,stats    ]    Critical: GC Locker Stall                               0.000 / 0.000         1.632 / 1.632         1.632 / 1.632         1.632 / 1.632       ms
[60.095s][info][gc,stats    ]    Critical: GC Locker Stall                                   0 / 0                 0 / 1                 0 / 1                 0 / 1           ops/s
[60.095s][info][gc,stats    ]      Memory: Allocation Rate                                 558 / 660             425 / 936             425 / 936             425 / 936         MB/s
[60.095s][info][gc,stats    ]      Memory: Heap Used After Mark                            665 / 716             626 / 716             626 / 716             626 / 716         MB
[60.095s][info][gc,stats    ]      Memory: Heap Used After Relocation                      428 / 590             403 / 604             403 / 604             403 / 604         MB
[60.095s][info][gc,stats    ]      Memory: Heap Used Before Mark                           485 / 650             471 / 716             471 / 716             471 / 716         MB
[60.095s][info][gc,stats    ]      Memory: Heap Used Before Relocation                     432 / 600             424 / 716             424 / 716             424 / 716         MB
[60.095s][info][gc,stats    ]      Memory: Out Of Memory                                     0 / 0                 0 / 0                 0 / 0                 0 / 0           ops/s
[60.095s][info][gc,stats    ]      Memory: Page Cache Flush                                 36 / 114              20 / 114              20 / 114              20 / 114         MB/s
[60.095s][info][gc,stats    ]      Memory: Page Cache Hit L1                               263 / 316             200 / 450             200 / 450             200 / 450         ops/s
[60.095s][info][gc,stats    ]      Memory: Page Cache Hit L2                                 0 / 0                 0 / 0                 0 / 0                 0 / 0           ops/s
[60.095s][info][gc,stats    ]      Memory: Page Cache Miss                                   9 / 23               10 / 135              10 / 135              10 / 135         ops/s
[60.095s][info][gc,stats    ]      Memory: Undo Object Allocation Failed                     0 / 0                 0 / 0                 0 / 0                 0 / 0           ops/s
[60.095s][info][gc,stats    ]      Memory: Undo Object Allocation Succeeded                  0 / 0                 0 / 12                0 / 12                0 / 12          ops/s
[60.095s][info][gc,stats    ]      Memory: Undo Page Allocation                              0 / 3                 0 / 3                 0 / 3                 0 / 3           ops/s
[60.095s][info][gc,stats    ]       Phase: Concurrent Destroy Detached Pages             0.014 / 0.262         0.006 / 0.262         0.006 / 0.262         0.006 / 0.262       ms
[60.095s][info][gc,stats    ]       Phase: Concurrent Mark                             353.440 / 519.815     378.088 / 854.710     378.088 / 854.710     378.088 / 854.710     ms
[60.095s][info][gc,stats    ]       Phase: Concurrent Mark Continue                      0.000 / 0.000         0.000 / 0.000         0.000 / 0.000         0.000 / 0.000       ms
[60.095s][info][gc,stats    ]       Phase: Concurrent Prepare Relocation Set             0.264 / 4.038         0.960 / 17.698        0.960 / 17.698        0.960 / 17.698      ms
[60.095s][info][gc,stats    ]       Phase: Concurrent Process Non-Strong References      1.654 / 2.966         1.804 / 9.560         1.804 / 9.560         1.804 / 9.560       ms
[60.095s][info][gc,stats    ]       Phase: Concurrent Relocate                           4.811 / 9.559        24.093 / 352.965      24.093 / 352.965      24.093 / 352.965     ms
[60.095s][info][gc,stats    ]       Phase: Concurrent Reset Relocation Set               0.003 / 0.005         0.052 / 1.106         0.052 / 1.106         0.052 / 1.106       ms
[60.095s][info][gc,stats    ]       Phase: Concurrent Select Relocation Set              2.805 / 8.921         2.861 / 10.417        2.861 / 10.417        2.861 / 10.417      ms
[60.095s][info][gc,stats    ]       Phase: Pause Mark End                                0.498 / 0.934         0.382 / 2.956         0.382 / 2.956         0.382 / 2.956       ms
[60.095s][info][gc,stats    ]       Phase: Pause Mark Start                              3.157 / 5.269         2.844 / 11.488        2.844 / 11.488        2.844 / 11.488      ms
[60.095s][info][gc,stats    ]       Phase: Pause Relocate Start                          2.541 / 2.713         2.393 / 14.166        2.393 / 14.166        2.393 / 14.166      ms
[60.095s][info][gc,stats    ]    Subphase: Concurrent Mark                             352.676 / 519.795     377.035 / 854.685     377.035 / 854.685     377.035 / 854.685     ms
[60.095s][info][gc,stats    ]    Subphase: Concurrent Mark Idle                          0.000 / 0.000         0.000 / 0.000         0.000 / 0.000         0.000 / 0.000       ms
[60.095s][info][gc,stats    ]    Subphase: Concurrent Mark Try Flush                     0.284 / 4.070         0.505 / 9.370         0.505 / 9.370         0.505 / 9.370       ms
[60.095s][info][gc,stats    ]    Subphase: Concurrent Mark Try Terminate                 0.089 / 0.994         0.202 / 5.822         0.202 / 5.822         0.202 / 5.822       ms
[60.095s][info][gc,stats    ]    Subphase: Concurrent References Enqueue                 0.001 / 0.005         0.001 / 0.008         0.001 / 0.008         0.001 / 0.008       ms
[60.095s][info][gc,stats    ]    Subphase: Concurrent References Process                 0.705 / 1.067         0.829 / 5.798         0.829 / 5.798         0.829 / 5.798       ms
[60.095s][info][gc,stats    ]    Subphase: Concurrent Weak Roots                         0.937 / 1.878         0.935 / 8.871         0.935 / 8.871         0.935 / 8.871       ms
[60.095s][info][gc,stats    ]    Subphase: Concurrent Weak Roots JNIWeakHandles          0.000 / 0.000         0.000 / 0.001         0.000 / 0.001         0.000 / 0.001       ms
[60.095s][info][gc,stats    ]    Subphase: Concurrent Weak Roots StringTable             0.708 / 1.444         0.722 / 8.669         0.722 / 8.669         0.722 / 8.669       ms
[60.095s][info][gc,stats    ]    Subphase: Concurrent Weak Roots VMWeakHandles           0.227 / 0.429         0.211 / 0.532         0.211 / 0.532         0.211 / 0.532       ms
[60.095s][info][gc,stats    ]    Subphase: Pause Mark Try Complete                       0.000 / 0.000         0.000 / 0.000         0.000 / 0.000         0.000 / 0.000       ms
[60.095s][info][gc,stats    ]    Subphase: Pause Remap TLABS                             0.002 / 0.004         0.001 / 0.004         0.001 / 0.004         0.001 / 0.004       ms
[60.095s][info][gc,stats    ]    Subphase: Pause Retire TLABS                            0.038 / 0.082         0.023 / 0.082         0.023 / 0.082         0.023 / 0.082       ms
[60.095s][info][gc,stats    ]    Subphase: Pause Roots                                   1.817 / 4.769         1.624 / 9.973         1.624 / 9.973         1.624 / 9.973       ms
[60.095s][info][gc,stats    ]    Subphase: Pause Roots ClassLoaderDataGraph              0.686 / 1.265         0.709 / 4.244         0.709 / 4.244         0.709 / 4.244       ms
[60.095s][info][gc,stats    ]    Subphase: Pause Roots CodeCache                         1.210 / 2.309         1.061 / 7.313         1.061 / 7.313         1.061 / 7.313       ms
[60.095s][info][gc,stats    ]    Subphase: Pause Roots JNIHandles                        0.001 / 0.002         0.001 / 0.008         0.001 / 0.008         0.001 / 0.008       ms
[60.095s][info][gc,stats    ]    Subphase: Pause Roots JNIWeakHandles                    0.000 / 0.000         0.000 / 0.000         0.000 / 0.000         0.000 / 0.000       ms
[60.095s][info][gc,stats    ]    Subphase: Pause Roots JRFWeak                           0.000 / 0.000         0.000 / 0.000         0.000 / 0.000         0.000 / 0.000       ms
[60.095s][info][gc,stats    ]    Subphase: Pause Roots JVMTIExport                       0.001 / 0.001         0.001 / 0.001         0.001 / 0.001         0.001 / 0.001       ms
[60.095s][info][gc,stats    ]    Subphase: Pause Roots JVMTIWeakExport                   0.001 / 0.001         0.001 / 0.002         0.001 / 0.002         0.001 / 0.002       ms
[60.095s][info][gc,stats    ]    Subphase: Pause Roots Management                        0.001 / 0.002         0.003 / 0.323         0.003 / 0.323         0.003 / 0.323       ms
[60.096s][info][gc,stats    ]    Subphase: Pause Roots ObjectSynchronizer                0.000 / 0.001         0.000 / 0.001         0.000 / 0.001         0.000 / 0.001       ms
[60.096s][info][gc,stats    ]    Subphase: Pause Roots Setup                             0.199 / 0.392         0.207 / 6.308         0.207 / 6.308         0.207 / 6.308       ms
[60.096s][info][gc,stats    ]    Subphase: Pause Roots StringTable                       0.000 / 0.000         0.000 / 0.000         0.000 / 0.000         0.000 / 0.000       ms
[60.096s][info][gc,stats    ]    Subphase: Pause Roots SystemDictionary                  0.013 / 0.026         0.013 / 0.070         0.013 / 0.070         0.013 / 0.070       ms
[60.096s][info][gc,stats    ]    Subphase: Pause Roots Teardown                          0.001 / 0.003         0.001 / 0.010         0.001 / 0.010         0.001 / 0.010       ms
[60.096s][info][gc,stats    ]    Subphase: Pause Roots Threads                           0.539 / 1.191         0.424 / 3.366         0.424 / 3.366         0.424 / 3.366       ms
[60.096s][info][gc,stats    ]    Subphase: Pause Roots Universe                          0.002 / 0.005         0.004 / 0.350         0.004 / 0.350         0.004 / 0.350       ms
[60.096s][info][gc,stats    ]    Subphase: Pause Roots VMWeakHandles                     0.000 / 0.000         0.000 / 0.000         0.000 / 0.000         0.000 / 0.000       ms
[60.096s][info][gc,stats    ]    Subphase: Pause Weak Roots                              0.002 / 0.003         0.002 / 0.012         0.002 / 0.012         0.002 / 0.012       ms
[60.096s][info][gc,stats    ]    Subphase: Pause Weak Roots JFRWeak                      0.001 / 0.001         0.001 / 0.001         0.001 / 0.001         0.001 / 0.001       ms
[60.096s][info][gc,stats    ]    Subphase: Pause Weak Roots JNIWeakHandles               0.000 / 0.000         0.000 / 0.000         0.000 / 0.000         0.000 / 0.000       ms
[60.096s][info][gc,stats    ]    Subphase: Pause Weak Roots JVMTIWeakExport              0.001 / 0.001         0.001 / 0.011         0.001 / 0.011         0.001 / 0.011       ms
[60.096s][info][gc,stats    ]    Subphase: Pause Weak Roots Setup                        0.000 / 0.000         0.000 / 0.000         0.000 / 0.000         0.000 / 0.000       ms
[60.096s][info][gc,stats    ]    Subphase: Pause Weak Roots StringTable                  0.000 / 0.000         0.000 / 0.000         0.000 / 0.000         0.000 / 0.000       ms
[60.096s][info][gc,stats    ]    Subphase: Pause Weak Roots SymbolTable                  0.000 / 0.000         0.000 / 0.000         0.000 / 0.000         0.000 / 0.000       ms
[60.096s][info][gc,stats    ]    Subphase: Pause Weak Roots Teardown                     0.001 / 0.001         0.001 / 0.010         0.001 / 0.010         0.001 / 0.010       ms
[60.096s][info][gc,stats    ]    Subphase: Pause Weak Roots VMWeakHandles                0.000 / 0.000         0.000 / 0.000         0.000 / 0.000         0.000 / 0.000       ms
[60.096s][info][gc,stats    ]      System: Java Threads                                    184 / 212             114 / 212             114 / 212             114 / 212         threads
[60.096s][info][gc,stats    ] =========================================================================================================================================================
[60.439s][info][gc,phases   ] GC(103) Concurrent Mark 436.218ms
[60.443s][info][gc,phases   ] GC(103) Pause Mark End 0.518ms
[60.444s][info][gc,phases   ] GC(103) Concurrent Process Non-Strong References 1.636ms
[60.444s][info][gc,phases   ] GC(103) Concurrent Reset Relocation Set 0.002ms
[60.444s][info][gc,phases   ] GC(103) Concurrent Destroy Detached Pages 0.020ms
[60.446s][info][gc,phases   ] GC(103) Concurrent Select Relocation Set 1.581ms
[60.446s][info][gc,phases   ] GC(103) Concurrent Prepare Relocation Set 0.026ms
[60.449s][info][gc,phases   ] GC(103) Pause Relocate Start 2.717ms
[60.458s][info][gc,phases   ] GC(103) Concurrent Relocate 7.710ms
[60.458s][info][gc,load     ] GC(103) Load: 2.38/1.72/0.89
[60.458s][info][gc,mmu      ] GC(103) MMU: 2ms/0.0%, 5ms/0.0%, 10ms/0.0%, 20ms/29.2%, 50ms/48.7%, 100ms/74.1%
[60.458s][info][gc,marking  ] GC(103) Mark: 1 stripe(s), 2 proactive flush(es), 1 terminate flush(es), 0 completion(s), 0 continuation(s) 
[60.458s][info][gc,reloc    ] GC(103) Relocation: Successful, 8M relocated
[60.458s][info][gc,nmethod  ] GC(103) NMethods: 3319 registered, 0 unregistered
[60.458s][info][gc,metaspace] GC(103) Metaspace: 68M used, 72M capacity, 72M committed, 74M reserved
[60.458s][info][gc,ref      ] GC(103) Soft: 2663 encountered, 0 discovered, 0 enqueued
[60.458s][info][gc,ref      ] GC(103) Weak: 4819 encountered, 3743 discovered, 73 enqueued
[60.458s][info][gc,ref      ] GC(103) Final: 27 encountered, 0 discovered, 0 enqueued
[60.458s][info][gc,ref      ] GC(103) Phantom: 653 encountered, 649 discovered, 0 enqueued
[60.458s][info][gc,heap     ] GC(103)                Mark Start          Mark End        Relocate Start      Relocate End           High               Low         
[60.458s][info][gc,heap     ] GC(103)  Capacity:      750M (100%)        750M (100%)        750M (100%)        750M (100%)        750M (100%)        750M (100%)   
[60.458s][info][gc,heap     ] GC(103)   Reserve:       34M (5%)           34M (5%)           34M (5%)           34M (5%)           34M (5%)           34M (5%)     
[60.458s][info][gc,heap     ] GC(103)      Free:      402M (54%)          96M (13%)         140M (19%)         154M (21%)         402M (54%)          96M (13%)    
[60.458s][info][gc,heap     ] GC(103)      Used:      314M (42%)         620M (83%)         576M (77%)         562M (75%)         620M (83%)         314M (42%)    
[60.458s][info][gc,heap     ] GC(103)      Live:         -               214M (29%)         214M (29%)         214M (29%)            -                  -          
[60.458s][info][gc,heap     ] GC(103) Allocated:         -               306M (41%)         306M (41%)         316M (42%)            -                  -          
[60.458s][info][gc,heap     ] GC(103)   Garbage:         -                99M (13%)          55M (7%)           33M (4%)             -                  -          
[60.458s][info][gc,heap     ] GC(103) Reclaimed:         -                  -                44M (6%)           66M (9%)             -                  -          
[60.458s][info][gc          ] GC(103) Garbage Collection (Allocation Rate) 314M(42%)->562M(75%)
[60.495s][info][gc,start    ] GC(104) Garbage Collection (Allocation Rate)
[60.501s][info][gc,phases   ] GC(104) Pause Mark Start 3.137ms
[60.586s][info][gc,heap     ] Page Cache Flushed: 2M requested, 6M(44M->38M) flushed
[60.600s][info][gc,heap     ] Page Cache Flushed: 2M requested, 6M(38M->32M) flushed
[60.609s][info][gc,heap     ] Page Cache Flushed: 2M requested, 32M(32M->0M) flushed
[60.792s][info][gc,phases   ] GC(104) Concurrent Mark 291.013ms
[60.793s][info][gc,phases   ] GC(104) Pause Mark End 0.548ms
[60.795s][info][gc,phases   ] GC(104) Concurrent Process Non-Strong References 1.608ms
[60.795s][info][gc,phases   ] GC(104) Concurrent Reset Relocation Set 0.004ms
[60.795s][info][gc,phases   ] GC(104) Concurrent Destroy Detached Pages 0.004ms
[60.796s][info][gc,phases   ] GC(104) Concurrent Select Relocation Set 1.529ms
[60.796s][info][gc,phases   ] GC(104) Concurrent Prepare Relocation Set 0.026ms
[60.799s][info][gc,phases   ] GC(104) Pause Relocate Start 2.610ms
[60.799s][info][gc          ] Allocation Stall (Executor task launch worker for task 0.0 in stage 25.0 (TID 25)) 132.536ms
[60.804s][info][gc,phases   ] GC(104) Concurrent Relocate 2.781ms
[60.804s][info][gc,load     ] GC(104) Load: 2.27/1.70/0.89
[60.804s][info][gc,mmu      ] GC(104) MMU: 2ms/0.0%, 5ms/0.0%, 10ms/0.0%, 20ms/29.2%, 50ms/48.7%, 100ms/74.1%
[60.804s][info][gc,marking  ] GC(104) Mark: 1 stripe(s), 2 proactive flush(es), 1 terminate flush(es), 0 completion(s), 0 continuation(s) 
[60.804s][info][gc,reloc    ] GC(104) Relocation: Successful, 6M relocated
[60.804s][info][gc,nmethod  ] GC(104) NMethods: 3320 registered, 0 unregistered
[60.804s][info][gc,metaspace] GC(104) Metaspace: 68M used, 72M capacity, 72M committed, 74M reserved
[60.804s][info][gc,ref      ] GC(104) Soft: 2663 encountered, 0 discovered, 0 enqueued
[60.804s][info][gc,ref      ] GC(104) Weak: 4754 encountered, 3691 discovered, 19 enqueued
[60.804s][info][gc,ref      ] GC(104) Final: 27 encountered, 0 discovered, 0 enqueued
[60.804s][info][gc,ref      ] GC(104) Phantom: 653 encountered, 649 discovered, 0 enqueued
[60.804s][info][gc,heap     ] GC(104)                Mark Start          Mark End        Relocate Start      Relocate End           High               Low         
[60.804s][info][gc,heap     ] GC(104)  Capacity:      750M (100%)        750M (100%)        750M (100%)        750M (100%)        750M (100%)        750M (100%)   
[60.804s][info][gc,heap     ] GC(104)   Reserve:       34M (5%)           34M (5%)           34M (5%)           34M (5%)           34M (5%)           34M (5%)     
[60.804s][info][gc,heap     ] GC(104)      Free:      104M (14%)           0M (0%)          346M (46%)         358M (48%)         358M (48%)           0M (0%)     
[60.804s][info][gc,heap     ] GC(104)      Used:      612M (82%)         716M (95%)         370M (49%)         358M (48%)         716M (95%)         358M (48%)    
[60.804s][info][gc,heap     ] GC(104)      Live:         -               214M (29%)         214M (29%)         214M (29%)            -                  -          
[60.804s][info][gc,heap     ] GC(104) Allocated:         -               104M (14%)         106M (14%)         112M (15%)            -                  -          
[60.804s][info][gc,heap     ] GC(104)   Garbage:         -               397M (53%)          49M (7%)           33M (4%)             -                  -          
[60.804s][info][gc,heap     ] GC(104) Reclaimed:         -                  -               348M (46%)         364M (49%)            -                  -          
[60.804s][info][gc          ] GC(104) Garbage Collection (Allocation Rate) 612M(82%)->358M(48%)
[60.895s][info][gc,start    ] GC(105) Garbage Collection (Allocation Rate)
[60.902s][info][gc,phases   ] GC(105) Pause Mark Start 3.040ms
[61.298s][info][gc,phases   ] GC(105) Concurrent Mark 396.033ms
[61.299s][info][gc,phases   ] GC(105) Pause Mark End 0.556ms
[61.300s][info][gc,phases   ] GC(105) Concurrent Process Non-Strong References 1.578ms
[61.300s][info][gc,phases   ] GC(105) Concurrent Reset Relocation Set 0.004ms
[61.300s][info][gc,phases   ] GC(105) Concurrent Destroy Detached Pages 0.001ms
[61.303s][info][gc,phases   ] GC(105) Concurrent Select Relocation Set 2.373ms
[61.303s][info][gc,phases   ] GC(105) Concurrent Prepare Relocation Set 0.026ms
[61.306s][info][gc,phases   ] GC(105) Pause Relocate Start 2.605ms
[61.306s][info][gc          ] Allocation Stall (Executor task launch worker for task 0.0 in stage 25.0 (TID 25)) 54.457ms
[61.312s][info][gc,phases   ] GC(105) Concurrent Relocate 1.824ms
[61.312s][info][gc,load     ] GC(105) Load: 2.27/1.70/0.89
[61.312s][info][gc,mmu      ] GC(105) MMU: 2ms/0.0%, 5ms/0.0%, 10ms/0.0%, 20ms/29.2%, 50ms/48.7%, 100ms/74.1%
[61.312s][info][gc,marking  ] GC(105) Mark: 1 stripe(s), 2 proactive flush(es), 1 terminate flush(es), 0 completion(s), 0 continuation(s) 
[61.312s][info][gc,reloc    ] GC(105) Relocation: Successful, 6M relocated
[61.312s][info][gc,nmethod  ] GC(105) NMethods: 3320 registered, 0 unregistered
[61.312s][info][gc,metaspace] GC(105) Metaspace: 68M used, 72M capacity, 72M committed, 74M reserved
[61.312s][info][gc,ref      ] GC(105) Soft: 2663 encountered, 0 discovered, 0 enqueued
[61.312s][info][gc,ref      ] GC(105) Weak: 4735 encountered, 3672 discovered, 0 enqueued
[61.312s][info][gc,ref      ] GC(105) Final: 27 encountered, 0 discovered, 0 enqueued
[61.312s][info][gc,ref      ] GC(105) Phantom: 653 encountered, 649 discovered, 0 enqueued
[61.312s][info][gc,heap     ] GC(105)                Mark Start          Mark End        Relocate Start      Relocate End           High               Low         
[61.312s][info][gc,heap     ] GC(105)  Capacity:      750M (100%)        750M (100%)        750M (100%)        750M (100%)        750M (100%)        750M (100%)   
[61.312s][info][gc,heap     ] GC(105)   Reserve:       34M (5%)           34M (5%)           34M (5%)           34M (5%)           34M (5%)           34M (5%)     
[61.312s][info][gc,heap     ] GC(105)      Free:      232M (31%)           0M (0%)          226M (30%)         230M (31%)         232M (31%)           0M (0%)     
[61.312s][info][gc,heap     ] GC(105)      Used:      484M (65%)         716M (95%)         490M (65%)         486M (65%)         716M (95%)         484M (65%)    
[61.312s][info][gc,heap     ] GC(105)      Live:         -               214M (29%)         214M (29%)         214M (29%)            -                  -          
[61.312s][info][gc,heap     ] GC(105) Allocated:         -               232M (31%)         234M (31%)         240M (32%)            -                  -          
[61.312s][info][gc,heap     ] GC(105)   Garbage:         -               269M (36%)          41M (5%)           33M (4%)             -                  -          
[61.312s][info][gc,heap     ] GC(105) Reclaimed:         -                  -               228M (30%)         236M (31%)            -                  -          
[61.312s][info][gc          ] GC(105) Garbage Collection (Allocation Rate) 484M(65%)->486M(65%)
[61.395s][info][gc,start    ] GC(106) Garbage Collection (Allocation Rate)
[61.401s][info][gc,phases   ] GC(106) Pause Mark Start 3.149ms
[61.693s][info][gc,phases   ] GC(106) Concurrent Mark 291.781ms
[61.694s][info][gc,phases   ] GC(106) Pause Mark End 0.560ms
[61.695s][info][gc,phases   ] GC(106) Concurrent Process Non-Strong References 1.531ms
[61.696s][info][gc,phases   ] GC(106) Concurrent Reset Relocation Set 0.002ms
[61.696s][info][gc,phases   ] GC(106) Concurrent Destroy Detached Pages 0.000ms
[61.697s][info][gc,phases   ] GC(106) Concurrent Select Relocation Set 1.536ms
[61.697s][info][gc,phases   ] GC(106) Concurrent Prepare Relocation Set 0.026ms
[61.700s][info][gc,phases   ] GC(106) Pause Relocate Start 2.677ms
[61.700s][info][gc          ] Allocation Stall (Executor task launch worker for task 0.0 in stage 25.0 (TID 25)) 139.695ms
[61.708s][info][gc,phases   ] GC(106) Concurrent Relocate 5.718ms
[61.708s][info][gc,load     ] GC(106) Load: 2.27/1.70/0.89
[61.708s][info][gc,mmu      ] GC(106) MMU: 2ms/0.0%, 5ms/0.0%, 10ms/0.0%, 20ms/29.2%, 50ms/48.7%, 100ms/74.1%
[61.708s][info][gc,marking  ] GC(106) Mark: 1 stripe(s), 2 proactive flush(es), 1 terminate flush(es), 0 completion(s), 0 continuation(s) 
[61.708s][info][gc,reloc    ] GC(106) Relocation: Successful, 6M relocated
[61.708s][info][gc,nmethod  ] GC(106) NMethods: 3333 registered, 0 unregistered
[61.708s][info][gc,metaspace] GC(106) Metaspace: 68M used, 72M capacity, 72M committed, 74M reserved
[61.708s][info][gc,ref      ] GC(106) Soft: 2663 encountered, 0 discovered, 0 enqueued
[61.708s][info][gc,ref      ] GC(106) Weak: 4735 encountered, 3693 discovered, 0 enqueued
[61.708s][info][gc,ref      ] GC(106) Final: 27 encountered, 0 discovered, 0 enqueued
[61.708s][info][gc,ref      ] GC(106) Phantom: 653 encountered, 649 discovered, 0 enqueued
[61.708s][info][gc,heap     ] GC(106)                Mark Start          Mark End        Relocate Start      Relocate End           High               Low         
[61.708s][info][gc,heap     ] GC(106)  Capacity:      750M (100%)        750M (100%)        750M (100%)        750M (100%)        750M (100%)        750M (100%)   
[61.708s][info][gc,heap     ] GC(106)   Reserve:       34M (5%)           34M (5%)           34M (5%)           34M (5%)           34M (5%)           34M (5%)     
[61.708s][info][gc,heap     ] GC(106)      Free:      108M (14%)           0M (0%)          350M (47%)         350M (47%)         350M (47%)           0M (0%)     
[61.708s][info][gc,heap     ] GC(106)      Used:      608M (81%)         716M (95%)         366M (49%)         366M (49%)         716M (95%)         366M (49%)    
[61.708s][info][gc,heap     ] GC(106)      Live:         -               214M (29%)         214M (29%)         214M (29%)            -                  -          
[61.708s][info][gc,heap     ] GC(106) Allocated:         -               108M (14%)         110M (15%)         120M (16%)            -                  -          
[61.708s][info][gc,heap     ] GC(106)   Garbage:         -               393M (52%)          41M (5%)           33M (4%)             -                  -          
[61.708s][info][gc,heap     ] GC(106) Reclaimed:         -                  -               352M (47%)         360M (48%)            -                  -          
[61.708s][info][gc          ] GC(106) Garbage Collection (Allocation Rate) 608M(81%)->366M(49%)
[61.795s][info][gc,start    ] GC(107) Garbage Collection (Allocation Rate)
[61.802s][info][gc,phases   ] GC(107) Pause Mark Start 3.049ms
[62.192s][info][gc,phases   ] GC(107) Concurrent Mark 390.011ms
[62.193s][info][gc,phases   ] GC(107) Pause Mark End 0.555ms
[62.194s][info][gc,phases   ] GC(107) Concurrent Process Non-Strong References 1.664ms
[62.194s][info][gc,phases   ] GC(107) Concurrent Reset Relocation Set 0.003ms
[62.194s][info][gc,phases   ] GC(107) Concurrent Destroy Detached Pages 0.000ms
[62.196s][info][gc,phases   ] GC(107) Concurrent Select Relocation Set 1.539ms
[62.196s][info][gc,phases   ] GC(107) Concurrent Prepare Relocation Set 0.030ms
[62.199s][info][gc,phases   ] GC(107) Pause Relocate Start 2.759ms
[62.199s][info][gc          ] Allocation Stall (Executor task launch worker for task 0.0 in stage 25.0 (TID 25)) 36.897ms
[62.205s][info][gc,phases   ] GC(107) Concurrent Relocate 1.821ms
[62.205s][info][gc,load     ] GC(107) Load: 2.27/1.70/0.89
[62.205s][info][gc,mmu      ] GC(107) MMU: 2ms/0.0%, 5ms/0.0%, 10ms/0.0%, 20ms/29.2%, 50ms/48.7%, 100ms/74.1%
[62.205s][info][gc,marking  ] GC(107) Mark: 1 stripe(s), 2 proactive flush(es), 1 terminate flush(es), 0 completion(s), 0 continuation(s) 
[62.205s][info][gc,reloc    ] GC(107) Relocation: Successful, 6M relocated
[62.205s][info][gc,nmethod  ] GC(107) NMethods: 3333 registered, 0 unregistered
[62.205s][info][gc,metaspace] GC(107) Metaspace: 68M used, 72M capacity, 72M committed, 74M reserved
[62.205s][info][gc,ref      ] GC(107) Soft: 2663 encountered, 0 discovered, 0 enqueued
[62.205s][info][gc,ref      ] GC(107) Weak: 4742 encountered, 3677 discovered, 3 enqueued
[62.205s][info][gc,ref      ] GC(107) Final: 27 encountered, 0 discovered, 0 enqueued
[62.205s][info][gc,ref      ] GC(107) Phantom: 653 encountered, 649 discovered, 0 enqueued
[62.205s][info][gc,heap     ] GC(107)                Mark Start          Mark End        Relocate Start      Relocate End           High               Low         
[62.205s][info][gc,heap     ] GC(107)  Capacity:      750M (100%)        750M (100%)        750M (100%)        750M (100%)        750M (100%)        750M (100%)   
[62.205s][info][gc,heap     ] GC(107)   Reserve:       34M (5%)           34M (5%)           34M (5%)           34M (5%)           34M (5%)           34M (5%)     
[62.205s][info][gc,heap     ] GC(107)      Free:      256M (34%)           0M (0%)          198M (26%)         206M (27%)         256M (34%)           0M (0%)     
[62.205s][info][gc,heap     ] GC(107)      Used:      460M (61%)         716M (95%)         518M (69%)         510M (68%)         716M (95%)         460M (61%)    
[62.205s][info][gc,heap     ] GC(107)      Live:         -               214M (29%)         214M (29%)         214M (29%)            -                  -          
[62.205s][info][gc,heap     ] GC(107) Allocated:         -               256M (34%)         258M (34%)         264M (35%)            -                  -          
[62.205s][info][gc,heap     ] GC(107)   Garbage:         -               245M (33%)          45M (6%)           33M (4%)             -                  -          
[62.205s][info][gc,heap     ] GC(107) Reclaimed:         -                  -               200M (27%)         212M (28%)            -                  -          
[62.205s][info][gc          ] GC(107) Garbage Collection (Allocation Rate) 460M(61%)->510M(68%)
[62.295s][info][gc,start    ] GC(108) Garbage Collection (Allocation Rate)
[62.301s][info][gc,phases   ] GC(108) Pause Mark Start 3.311ms
[62.563s][info][gc,phases   ] GC(108) Concurrent Mark 261.831ms
[62.564s][info][gc,phases   ] GC(108) Pause Mark End 0.530ms
[62.566s][info][gc,phases   ] GC(108) Concurrent Process Non-Strong References 1.536ms
[62.566s][info][gc,phases   ] GC(108) Concurrent Reset Relocation Set 0.003ms
[62.566s][info][gc,phases   ] GC(108) Concurrent Destroy Detached Pages 0.001ms
[62.566s][info][gc          ] Allocation Stall (Executor task launch worker for task 0.0 in stage 25.0 (TID 25)) 158.169ms
[62.568s][info][gc,phases   ] GC(108) Concurrent Select Relocation Set 2.590ms
[62.568s][info][gc,phases   ] GC(108) Concurrent Prepare Relocation Set 0.028ms
[62.571s][info][gc,phases   ] GC(108) Pause Relocate Start 2.657ms
[62.583s][info][gc,phases   ] GC(108) Concurrent Relocate 8.443ms
[62.583s][info][gc,load     ] GC(108) Load: 2.27/1.70/0.89
[62.583s][info][gc,mmu      ] GC(108) MMU: 2ms/0.0%, 5ms/0.0%, 10ms/0.0%, 20ms/29.2%, 50ms/48.7%, 100ms/74.1%
[62.583s][info][gc,marking  ] GC(108) Mark: 1 stripe(s), 2 proactive flush(es), 1 terminate flush(es), 0 completion(s), 0 continuation(s) 
[62.583s][info][gc,reloc    ] GC(108) Relocation: Successful, 6M relocated
[62.583s][info][gc,nmethod  ] GC(108) NMethods: 3333 registered, 0 unregistered
[62.583s][info][gc,metaspace] GC(108) Metaspace: 68M used, 72M capacity, 72M committed, 74M reserved
[62.583s][info][gc,ref      ] GC(108) Soft: 2663 encountered, 0 discovered, 0 enqueued
[62.583s][info][gc,ref      ] GC(108) Weak: 4739 encountered, 3674 discovered, 0 enqueued
[62.583s][info][gc,ref      ] GC(108) Final: 27 encountered, 0 discovered, 0 enqueued
[62.583s][info][gc,ref      ] GC(108) Phantom: 653 encountered, 649 discovered, 0 enqueued
[62.583s][info][gc,heap     ] GC(108)                Mark Start          Mark End        Relocate Start      Relocate End           High               Low         
[62.583s][info][gc,heap     ] GC(108)  Capacity:      750M (100%)        750M (100%)        750M (100%)        750M (100%)        750M (100%)        750M (100%)   
[62.583s][info][gc,heap     ] GC(108)   Reserve:       34M (5%)           34M (5%)           34M (5%)           34M (5%)           34M (5%)           34M (5%)     
[62.583s][info][gc,heap     ] GC(108)      Free:       74M (10%)           0M (0%)          382M (51%)         384M (51%)         384M (51%)           0M (0%)     
[62.583s][info][gc,heap     ] GC(108)      Used:      642M (86%)         716M (95%)         334M (45%)         332M (44%)         716M (95%)         332M (44%)    
[62.583s][info][gc,heap     ] GC(108)      Live:         -               214M (29%)         214M (29%)         214M (29%)            -                  -          
[62.583s][info][gc,heap     ] GC(108) Allocated:         -                74M (10%)          76M (10%)          86M (11%)            -                  -          
[62.583s][info][gc,heap     ] GC(108)   Garbage:         -               427M (57%)          43M (6%)           33M (4%)             -                  -          
[62.583s][info][gc,heap     ] GC(108) Reclaimed:         -                  -               384M (51%)         394M (53%)            -                  -          
[62.583s][info][gc          ] GC(108) Garbage Collection (Allocation Rate) 642M(86%)->332M(44%)
[62.595s][info][gc,start    ] GC(109) Garbage Collection (Allocation Rate)
[62.604s][info][gc,phases   ] GC(109) Pause Mark Start 6.287ms
[63.031s][info][gc,phases   ] GC(109) Concurrent Mark 426.575ms
[63.034s][info][gc,phases   ] GC(109) Pause Mark End 0.523ms
[63.036s][info][gc,phases   ] GC(109) Concurrent Process Non-Strong References 1.646ms
[63.036s][info][gc,phases   ] GC(109) Concurrent Reset Relocation Set 0.003ms
[63.036s][info][gc,phases   ] GC(109) Concurrent Destroy Detached Pages 0.001ms
[63.038s][info][gc,phases   ] GC(109) Concurrent Select Relocation Set 1.824ms
[63.038s][info][gc,phases   ] GC(109) Concurrent Prepare Relocation Set 0.027ms
[63.041s][info][gc,phases   ] GC(109) Pause Relocate Start 2.802ms
[63.048s][info][gc,phases   ] GC(109) Concurrent Relocate 7.096ms
[63.048s][info][gc,load     ] GC(109) Load: 2.27/1.70/0.89
[63.048s][info][gc,mmu      ] GC(109) MMU: 2ms/0.0%, 5ms/0.0%, 10ms/0.0%, 20ms/29.2%, 50ms/48.7%, 100ms/74.1%
[63.048s][info][gc,marking  ] GC(109) Mark: 1 stripe(s), 2 proactive flush(es), 1 terminate flush(es), 0 completion(s), 0 continuation(s) 
[63.048s][info][gc,reloc    ] GC(109) Relocation: Successful, 6M relocated
[63.048s][info][gc,nmethod  ] GC(109) NMethods: 3333 registered, 0 unregistered
[63.048s][info][gc,metaspace] GC(109) Metaspace: 68M used, 72M capacity, 72M committed, 74M reserved
[63.048s][info][gc,ref      ] GC(109) Soft: 2663 encountered, 0 discovered, 0 enqueued
[63.048s][info][gc,ref      ] GC(109) Weak: 4739 encountered, 3671 discovered, 0 enqueued
[63.048s][info][gc,ref      ] GC(109) Final: 27 encountered, 0 discovered, 0 enqueued
[63.048s][info][gc,ref      ] GC(109) Phantom: 653 encountered, 649 discovered, 0 enqueued
[63.048s][info][gc,heap     ] GC(109)                Mark Start          Mark End        Relocate Start      Relocate End           High               Low         
[63.048s][info][gc,heap     ] GC(109)  Capacity:      750M (100%)        750M (100%)        750M (100%)        750M (100%)        750M (100%)        750M (100%)   
[63.048s][info][gc,heap     ] GC(109)   Reserve:       34M (5%)           34M (5%)           34M (5%)           34M (5%)           34M (5%)           34M (5%)     
[63.048s][info][gc,heap     ] GC(109)      Free:      378M (50%)          70M (9%)          154M (21%)         152M (20%)         378M (50%)          70M (9%)     
[63.048s][info][gc,heap     ] GC(109)      Used:      338M (45%)         646M (86%)         562M (75%)         564M (75%)         646M (86%)         338M (45%)    
[63.048s][info][gc,heap     ] GC(109)      Live:         -               214M (29%)         214M (29%)         214M (29%)            -                  -          
[63.048s][info][gc,heap     ] GC(109) Allocated:         -               308M (41%)         308M (41%)         318M (42%)            -                  -          
[63.048s][info][gc,heap     ] GC(109)   Garbage:         -               123M (16%)          39M (5%)           35M (5%)             -                  -          
[63.048s][info][gc,heap     ] GC(109) Reclaimed:         -                  -                84M (11%)          88M (12%)            -                  -          
[63.048s][info][gc          ] GC(109) Garbage Collection (Allocation Rate) 338M(45%)->564M(75%)
[63.095s][info][gc,start    ] GC(110) Garbage Collection (Allocation Rate)
[63.101s][info][gc,phases   ] GC(110) Pause Mark Start 3.100ms
[63.384s][info][gc,phases   ] GC(110) Concurrent Mark 282.830ms
[63.385s][info][gc,phases   ] GC(110) Pause Mark End 0.592ms
[63.387s][info][gc,phases   ] GC(110) Concurrent Process Non-Strong References 1.541ms
[63.387s][info][gc,phases   ] GC(110) Concurrent Reset Relocation Set 0.002ms
[63.387s][info][gc,phases   ] GC(110) Concurrent Destroy Detached Pages 0.001ms
[63.389s][info][gc,phases   ] GC(110) Concurrent Select Relocation Set 1.707ms
[63.389s][info][gc,phases   ] GC(110) Concurrent Prepare Relocation Set 0.027ms
[63.392s][info][gc,phases   ] GC(110) Pause Relocate Start 2.753ms
[63.392s][info][gc          ] Allocation Stall (Executor task launch worker for task 0.0 in stage 25.0 (TID 25)) 146.723ms
[63.397s][info][gc,phases   ] GC(110) Concurrent Relocate 3.768ms
[63.397s][info][gc,load     ] GC(110) Load: 2.27/1.70/0.89
[63.397s][info][gc,mmu      ] GC(110) MMU: 2ms/0.0%, 5ms/0.0%, 10ms/0.0%, 20ms/29.2%, 50ms/48.7%, 100ms/74.1%
[63.397s][info][gc,marking  ] GC(110) Mark: 1 stripe(s), 2 proactive flush(es), 1 terminate flush(es), 0 completion(s), 0 continuation(s) 
[63.397s][info][gc,reloc    ] GC(110) Relocation: Successful, 6M relocated
[63.397s][info][gc,nmethod  ] GC(110) NMethods: 3333 registered, 0 unregistered
[63.397s][info][gc,metaspace] GC(110) Metaspace: 68M used, 72M capacity, 72M committed, 74M reserved
[63.397s][info][gc,ref      ] GC(110) Soft: 2663 encountered, 0 discovered, 0 enqueued
[63.397s][info][gc,ref      ] GC(110) Weak: 4739 encountered, 3674 discovered, 0 enqueued
[63.397s][info][gc,ref      ] GC(110) Final: 27 encountered, 0 discovered, 0 enqueued
[63.397s][info][gc,ref      ] GC(110) Phantom: 653 encountered, 649 discovered, 0 enqueued
[63.397s][info][gc,heap     ] GC(110)                Mark Start          Mark End        Relocate Start      Relocate End           High               Low         
[63.397s][info][gc,heap     ] GC(110)  Capacity:      750M (100%)        750M (100%)        750M (100%)        750M (100%)        750M (100%)        750M (100%)   
[63.397s][info][gc,heap     ] GC(110)   Reserve:       34M (5%)           34M (5%)           34M (5%)           34M (5%)           34M (5%)           34M (5%)     
[63.397s][info][gc,heap     ] GC(110)      Free:       92M (12%)           0M (0%)          364M (49%)         370M (49%)         370M (49%)           0M (0%)     
[63.397s][info][gc,heap     ] GC(110)      Used:      624M (83%)         716M (95%)         352M (47%)         346M (46%)         716M (95%)         346M (46%)    
[63.397s][info][gc,heap     ] GC(110)      Live:         -               214M (29%)         214M (29%)         214M (29%)            -                  -          
[63.397s][info][gc,heap     ] GC(110) Allocated:         -                92M (12%)          94M (13%)         100M (13%)            -                  -          
[63.397s][info][gc,heap     ] GC(110)   Garbage:         -               409M (55%)          43M (6%)           33M (4%)             -                  -          
[63.397s][info][gc,heap     ] GC(110) Reclaimed:         -                  -               366M (49%)         376M (50%)            -                  -          
[63.397s][info][gc          ] GC(110) Garbage Collection (Allocation Rate) 624M(83%)->346M(46%)
[63.495s][info][gc,start    ] GC(111) Garbage Collection (Allocation Rate)
[63.501s][info][gc,phases   ] GC(111) Pause Mark Start 3.111ms
[63.877s][info][gc,phases   ] GC(111) Concurrent Mark 375.871ms
[63.878s][info][gc,phases   ] GC(111) Pause Mark End 0.578ms
[63.880s][info][gc,phases   ] GC(111) Concurrent Process Non-Strong References 1.582ms
[63.880s][info][gc,phases   ] GC(111) Concurrent Reset Relocation Set 0.003ms
[63.880s][info][gc,phases   ] GC(111) Concurrent Destroy Detached Pages 0.000ms
[63.881s][info][gc,phases   ] GC(111) Concurrent Select Relocation Set 1.522ms
[63.881s][info][gc,phases   ] GC(111) Concurrent Prepare Relocation Set 0.027ms
[63.885s][info][gc,phases   ] GC(111) Pause Relocate Start 2.916ms
[63.885s][info][gc          ] Allocation Stall (Executor task launch worker for task 0.0 in stage 25.0 (TID 25)) 55.810ms
[63.892s][info][gc,phases   ] GC(111) Concurrent Relocate 5.671ms
[63.892s][info][gc,load     ] GC(111) Load: 2.27/1.70/0.89
[63.892s][info][gc,mmu      ] GC(111) MMU: 2ms/0.0%, 5ms/0.0%, 10ms/0.0%, 20ms/29.2%, 50ms/48.7%, 100ms/74.1%
[63.892s][info][gc,marking  ] GC(111) Mark: 1 stripe(s), 2 proactive flush(es), 1 terminate flush(es), 0 completion(s), 0 continuation(s) 
[63.892s][info][gc,reloc    ] GC(111) Relocation: Successful, 6M relocated
[63.892s][info][gc,nmethod  ] GC(111) NMethods: 3333 registered, 0 unregistered
[63.892s][info][gc,metaspace] GC(111) Metaspace: 68M used, 72M capacity, 72M committed, 74M reserved
[63.892s][info][gc,ref      ] GC(111) Soft: 2663 encountered, 0 discovered, 0 enqueued
[63.892s][info][gc,ref      ] GC(111) Weak: 4739 encountered, 3674 discovered, 0 enqueued
[63.892s][info][gc,ref      ] GC(111) Final: 27 encountered, 0 discovered, 0 enqueued
[63.892s][info][gc,ref      ] GC(111) Phantom: 653 encountered, 649 discovered, 0 enqueued
[63.892s][info][gc,heap     ] GC(111)                Mark Start          Mark End        Relocate Start      Relocate End           High               Low         
[63.892s][info][gc,heap     ] GC(111)  Capacity:      750M (100%)        750M (100%)        750M (100%)        750M (100%)        750M (100%)        750M (100%)   
[63.892s][info][gc,heap     ] GC(111)   Reserve:       34M (5%)           34M (5%)           34M (5%)           34M (5%)           34M (5%)           34M (5%)     
[63.892s][info][gc,heap     ] GC(111)      Free:      230M (31%)           0M (0%)          230M (31%)         230M (31%)         230M (31%)           0M (0%)     
[63.892s][info][gc,heap     ] GC(111)      Used:      486M (65%)         716M (95%)         486M (65%)         486M (65%)         716M (95%)         486M (65%)    
[63.892s][info][gc,heap     ] GC(111)      Live:         -               214M (29%)         214M (29%)         214M (29%)            -                  -          
[63.892s][info][gc,heap     ] GC(111) Allocated:         -               230M (31%)         232M (31%)         240M (32%)            -                  -          
[63.892s][info][gc,heap     ] GC(111)   Garbage:         -               271M (36%)          39M (5%)           33M (4%)             -                  -          
[63.892s][info][gc,heap     ] GC(111) Reclaimed:         -                  -               232M (31%)         238M (32%)            -                  -          
[63.892s][info][gc          ] GC(111) Garbage Collection (Allocation Rate) 486M(65%)->486M(65%)
[63.895s][info][gc,start    ] GC(112) Garbage Collection (Allocation Rate)
[63.901s][info][gc,phases   ] GC(112) Pause Mark Start 3.058ms
[64.010s][info][gc,heap     ] Page Cache Flushed: 6M requested, 6M(156M->150M) flushed
[64.379s][info][gc,phases   ] GC(112) Concurrent Mark 477.840ms
[64.381s][info][gc,phases   ] GC(112) Pause Mark End 0.526ms
[64.382s][info][gc,phases   ] GC(112) Concurrent Process Non-Strong References 1.573ms
[64.382s][info][gc,phases   ] GC(112) Concurrent Reset Relocation Set 0.002ms
[64.382s][info][gc,phases   ] GC(112) Concurrent Destroy Detached Pages 0.005ms
[64.384s][info][gc,phases   ] GC(112) Concurrent Select Relocation Set 1.585ms
[64.384s][info][gc,phases   ] GC(112) Concurrent Prepare Relocation Set 0.026ms
[64.392s][info][gc,phases   ] GC(112) Pause Relocate Start 8.172ms
[64.395s][info][gc,phases   ] GC(112) Concurrent Relocate 1.952ms
[64.395s][info][gc,load     ] GC(112) Load: 2.27/1.70/0.89
[64.395s][info][gc,mmu      ] GC(112) MMU: 2ms/0.0%, 5ms/0.0%, 10ms/0.0%, 20ms/29.2%, 50ms/48.7%, 100ms/74.1%
[64.395s][info][gc,marking  ] GC(112) Mark: 1 stripe(s), 2 proactive flush(es), 1 terminate flush(es), 0 completion(s), 0 continuation(s) 
[64.395s][info][gc,reloc    ] GC(112) Relocation: Successful, 6M relocated
[64.395s][info][gc,nmethod  ] GC(112) NMethods: 3372 registered, 0 unregistered
[64.395s][info][gc,metaspace] GC(112) Metaspace: 69M used, 72M capacity, 72M committed, 74M reserved
[64.395s][info][gc,ref      ] GC(112) Soft: 2663 encountered, 0 discovered, 0 enqueued
[64.395s][info][gc,ref      ] GC(112) Weak: 4739 encountered, 3726 discovered, 0 enqueued
[64.395s][info][gc,ref      ] GC(112) Final: 27 encountered, 0 discovered, 0 enqueued
[64.395s][info][gc,ref      ] GC(112) Phantom: 653 encountered, 649 discovered, 0 enqueued
[64.395s][info][gc,heap     ] GC(112)                Mark Start          Mark End        Relocate Start      Relocate End           High               Low         
[64.395s][info][gc,heap     ] GC(112)  Capacity:      750M (100%)        750M (100%)        750M (100%)        750M (100%)        750M (100%)        750M (100%)   
[64.395s][info][gc,heap     ] GC(112)   Reserve:       34M (5%)           34M (5%)           34M (5%)           34M (5%)           34M (5%)           34M (5%)     
[64.395s][info][gc,heap     ] GC(112)      Free:      226M (30%)         146M (19%)         382M (51%)         388M (52%)         388M (52%)         146M (19%)    
[64.395s][info][gc,heap     ] GC(112)      Used:      490M (65%)         570M (76%)         334M (45%)         328M (44%)         570M (76%)         328M (44%)    
[64.395s][info][gc,heap     ] GC(112)      Live:         -               214M (29%)         214M (29%)         214M (29%)            -                  -          
[64.395s][info][gc,heap     ] GC(112) Allocated:         -                80M (11%)          80M (11%)          82M (11%)            -                  -          
[64.395s][info][gc,heap     ] GC(112)   Garbage:         -               275M (37%)          39M (5%)           33M (4%)             -                  -          
[64.395s][info][gc,heap     ] GC(112) Reclaimed:         -                  -               236M (31%)         242M (32%)            -                  -          
[64.395s][info][gc          ] GC(112) Garbage Collection (Allocation Rate) 490M(65%)->328M(44%)
[64.395s][info][gc,start    ] GC(113) Garbage Collection (System.gc())
[64.398s][info][gc,phases   ] GC(113) Pause Mark Start 3.119ms
[64.805s][info][gc,phases   ] GC(113) Concurrent Mark 406.952ms
[64.806s][info][gc,phases   ] GC(113) Pause Mark End 0.574ms
[64.808s][info][gc,phases   ] GC(113) Concurrent Process Non-Strong References 1.537ms
[64.808s][info][gc,phases   ] GC(113) Concurrent Reset Relocation Set 0.002ms
[64.808s][info][gc,phases   ] GC(113) Concurrent Destroy Detached Pages 0.000ms
[64.809s][info][gc,phases   ] GC(113) Concurrent Select Relocation Set 1.510ms
[64.809s][info][gc,phases   ] GC(113) Concurrent Prepare Relocation Set 0.029ms
[64.812s][info][gc,phases   ] GC(113) Pause Relocate Start 2.636ms
[64.816s][info][gc,phases   ] GC(113) Concurrent Relocate 3.509ms
[64.816s][info][gc,load     ] GC(113) Load: 2.27/1.70/0.89
[64.816s][info][gc,mmu      ] GC(113) MMU: 2ms/0.0%, 5ms/0.0%, 10ms/0.0%, 20ms/29.2%, 50ms/48.7%, 100ms/74.1%
[64.816s][info][gc,marking  ] GC(113) Mark: 1 stripe(s), 2 proactive flush(es), 1 terminate flush(es), 0 completion(s), 0 continuation(s) 
[64.816s][info][gc,reloc    ] GC(113) Relocation: Successful, 7M relocated
[64.816s][info][gc,nmethod  ] GC(113) NMethods: 3376 registered, 0 unregistered
[64.816s][info][gc,metaspace] GC(113) Metaspace: 69M used, 72M capacity, 72M committed, 74M reserved
[64.816s][info][gc,ref      ] GC(113) Soft: 2662 encountered, 0 discovered, 0 enqueued
[64.816s][info][gc,ref      ] GC(113) Weak: 4809 encountered, 3795 discovered, 120 enqueued
[64.816s][info][gc,ref      ] GC(113) Final: 27 encountered, 0 discovered, 0 enqueued
[64.816s][info][gc,ref      ] GC(113) Phantom: 653 encountered, 649 discovered, 0 enqueued
[64.816s][info][gc,heap     ] GC(113)                Mark Start          Mark End        Relocate Start      Relocate End           High               Low         
[64.816s][info][gc,heap     ] GC(113)  Capacity:      750M (100%)        750M (100%)        750M (100%)        750M (100%)        750M (100%)        750M (100%)   
[64.816s][info][gc,heap     ] GC(113)   Reserve:       34M (5%)           34M (5%)           34M (5%)           34M (5%)           34M (5%)           34M (5%)     
[64.816s][info][gc,heap     ] GC(113)      Free:      388M (52%)         386M (51%)         460M (61%)         466M (62%)         466M (62%)         386M (51%)    
[64.816s][info][gc,heap     ] GC(113)      Used:      328M (44%)         330M (44%)         256M (34%)         250M (33%)         330M (44%)         250M (33%)    
[64.816s][info][gc,heap     ] GC(113)      Live:         -               214M (29%)         214M (29%)         214M (29%)            -                  -          
[64.816s][info][gc,heap     ] GC(113) Allocated:         -                 2M (0%)            2M (0%)            4M (1%)             -                  -          
[64.816s][info][gc,heap     ] GC(113)   Garbage:         -               113M (15%)          39M (5%)           33M (4%)             -                  -          
[64.816s][info][gc,heap     ] GC(113) Reclaimed:         -                  -                74M (10%)          80M (11%)            -                  -          
[64.816s][info][gc          ] GC(113) Garbage Collection (System.gc()) 328M(44%)->250M(33%)
[64.819s][info][gc,heap     ] Page Cache Flushed: 32M requested, 32M(466M->434M) flushed
[64.840s][info][gc,heap     ] Page Cache Flushed: 6M requested, 6M(426M->420M) flushed
[64.889s][info][gc,heap     ] Page Cache Flushed: 6M requested, 6M(410M->404M) flushed
[64.895s][info][gc,start    ] GC(114) Garbage Collection (Allocation Rate)
[64.899s][info][gc,phases   ] GC(114) Pause Mark Start 3.180ms
[65.340s][info][gc,phases   ] GC(114) Concurrent Mark 440.957ms
[65.344s][info][gc,phases   ] GC(114) Pause Mark End 0.586ms
[65.345s][info][gc,phases   ] GC(114) Concurrent Process Non-Strong References 1.626ms
[65.347s][info][gc,phases   ] GC(114) Concurrent Reset Relocation Set 0.004ms
[65.347s][info][gc,phases   ] GC(114) Concurrent Destroy Detached Pages 0.021ms
[65.348s][info][gc,phases   ] GC(114) Concurrent Select Relocation Set 1.527ms
[65.348s][info][gc,phases   ] GC(114) Concurrent Prepare Relocation Set 0.032ms
[65.354s][info][gc,phases   ] GC(114) Pause Relocate Start 2.694ms
[65.361s][info][gc,phases   ] GC(114) Concurrent Relocate 7.132ms
[65.361s][info][gc,load     ] GC(114) Load: 2.27/1.70/0.89
[65.361s][info][gc,mmu      ] GC(114) MMU: 2ms/0.0%, 5ms/0.0%, 10ms/0.0%, 20ms/29.2%, 50ms/48.7%, 100ms/74.1%
[65.361s][info][gc,marking  ] GC(114) Mark: 1 stripe(s), 2 proactive flush(es), 1 terminate flush(es), 0 completion(s), 0 continuation(s) 
[65.361s][info][gc,reloc    ] GC(114) Relocation: Successful, 8M relocated
[65.361s][info][gc,nmethod  ] GC(114) NMethods: 3431 registered, 0 unregistered
[65.361s][info][gc,metaspace] GC(114) Metaspace: 69M used, 72M capacity, 72M committed, 74M reserved
[65.361s][info][gc,ref      ] GC(114) Soft: 2662 encountered, 0 discovered, 0 enqueued
[65.361s][info][gc,ref      ] GC(114) Weak: 4829 encountered, 3761 discovered, 70 enqueued
[65.361s][info][gc,ref      ] GC(114) Final: 27 encountered, 0 discovered, 0 enqueued
[65.361s][info][gc,ref      ] GC(114) Phantom: 653 encountered, 649 discovered, 0 enqueued
[65.361s][info][gc,heap     ] GC(114)                Mark Start          Mark End        Relocate Start      Relocate End           High               Low         
[65.361s][info][gc,heap     ] GC(114)  Capacity:      750M (100%)        750M (100%)        750M (100%)        750M (100%)        750M (100%)        750M (100%)   
[65.361s][info][gc,heap     ] GC(114)   Reserve:       34M (5%)           34M (5%)           34M (5%)           34M (5%)           34M (5%)           34M (5%)     
[65.361s][info][gc,heap     ] GC(114)      Free:      404M (54%)         108M (14%)         150M (20%)         164M (22%)         404M (54%)         108M (14%)    
[65.361s][info][gc,heap     ] GC(114)      Used:      312M (42%)         608M (81%)         566M (75%)         552M (74%)         608M (81%)         312M (42%)    
[65.361s][info][gc,heap     ] GC(114)      Live:         -               214M (29%)         214M (29%)         214M (29%)            -                  -          
[65.361s][info][gc,heap     ] GC(114) Allocated:         -               296M (39%)         298M (40%)         306M (41%)            -                  -          
[65.361s][info][gc,heap     ] GC(114)   Garbage:         -                97M (13%)          53M (7%)           33M (4%)             -                  -          
[65.361s][info][gc,heap     ] GC(114) Reclaimed:         -                  -                44M (6%)           64M (9%)             -                  -          
[65.361s][info][gc          ] GC(114) Garbage Collection (Allocation Rate) 312M(42%)->552M(74%)
[65.395s][info][gc,start    ] GC(115) Garbage Collection (Allocation Rate)
[65.402s][info][gc,phases   ] GC(115) Pause Mark Start 3.107ms
[65.521s][info][gc,heap     ] Page Cache Flushed: 2M requested, 6M(44M->38M) flushed
[65.532s][info][gc,heap     ] Page Cache Flushed: 2M requested, 6M(38M->32M) flushed
[65.542s][info][gc,heap     ] Page Cache Flushed: 2M requested, 32M(32M->0M) flushed
[65.757s][info][gc,phases   ] GC(115) Concurrent Mark 355.261ms
[65.758s][info][gc,phases   ] GC(115) Pause Mark End 0.611ms
[65.760s][info][gc,phases   ] GC(115) Concurrent Process Non-Strong References 1.601ms
[65.760s][info][gc,phases   ] GC(115) Concurrent Reset Relocation Set 0.004ms
[65.760s][info][gc,phases   ] GC(115) Concurrent Destroy Detached Pages 0.004ms
[65.761s][info][gc,phases   ] GC(115) Concurrent Select Relocation Set 1.517ms
[65.761s][info][gc,phases   ] GC(115) Concurrent Prepare Relocation Set 0.025ms
[65.765s][info][gc,phases   ] GC(115) Pause Relocate Start 2.766ms
[65.765s][info][gc          ] Allocation Stall (SparkUI-33) 96.504ms
[65.765s][info][gc          ] Allocation Stall (Executor task launch worker for task 0.0 in stage 28.0 (TID 28)) 162.797ms
[65.773s][info][gc,phases   ] GC(115) Concurrent Relocate 7.859ms
[65.773s][info][gc,load     ] GC(115) Load: 2.27/1.70/0.89
[65.773s][info][gc,mmu      ] GC(115) MMU: 2ms/0.0%, 5ms/0.0%, 10ms/0.0%, 20ms/29.2%, 50ms/48.7%, 100ms/74.1%
[65.773s][info][gc,marking  ] GC(115) Mark: 1 stripe(s), 2 proactive flush(es), 1 terminate flush(es), 0 completion(s), 0 continuation(s) 
[65.773s][info][gc,reloc    ] GC(115) Relocation: Successful, 6M relocated
[65.773s][info][gc,nmethod  ] GC(115) NMethods: 3431 registered, 0 unregistered
[65.773s][info][gc,metaspace] GC(115) Metaspace: 69M used, 72M capacity, 72M committed, 74M reserved
[65.773s][info][gc,ref      ] GC(115) Soft: 2663 encountered, 0 discovered, 0 enqueued
[65.773s][info][gc,ref      ] GC(115) Weak: 4766 encountered, 3705 discovered, 17 enqueued
[65.773s][info][gc,ref      ] GC(115) Final: 27 encountered, 0 discovered, 0 enqueued
[65.773s][info][gc,ref      ] GC(115) Phantom: 653 encountered, 649 discovered, 0 enqueued
[65.773s][info][gc,heap     ] GC(115)                Mark Start          Mark End        Relocate Start      Relocate End           High               Low         
[65.773s][info][gc,heap     ] GC(115)  Capacity:      750M (100%)        750M (100%)        750M (100%)        750M (100%)        750M (100%)        750M (100%)   
[65.773s][info][gc,heap     ] GC(115)   Reserve:       34M (5%)           34M (5%)           34M (5%)           34M (5%)           34M (5%)           34M (5%)     
[65.773s][info][gc,heap     ] GC(115)      Free:      116M (15%)           0M (0%)          332M (44%)         340M (45%)         340M (45%)           0M (0%)     
[65.773s][info][gc,heap     ] GC(115)      Used:      600M (80%)         716M (95%)         384M (51%)         376M (50%)         716M (95%)         376M (50%)    
[65.773s][info][gc,heap     ] GC(115)      Live:         -               214M (29%)         214M (29%)         214M (29%)            -                  -          
[65.773s][info][gc,heap     ] GC(115) Allocated:         -               116M (15%)         120M (16%)         132M (18%)            -                  -          
[65.773s][info][gc,heap     ] GC(115)   Garbage:         -               385M (51%)          49M (7%)           33M (4%)             -                  -          
[65.773s][info][gc,heap     ] GC(115) Reclaimed:         -                  -               336M (45%)         352M (47%)            -                  -          
[65.773s][info][gc          ] GC(115) Garbage Collection (Allocation Rate) 600M(80%)->376M(50%)
[65.795s][info][gc,start    ] GC(116) Garbage Collection (Allocation Rate)
[65.801s][info][gc,phases   ] GC(116) Pause Mark Start 3.120ms
[66.232s][info][gc,phases   ] GC(116) Concurrent Mark 430.396ms
[66.236s][info][gc,phases   ] GC(116) Pause Mark End 0.569ms
[66.237s][info][gc,phases   ] GC(116) Concurrent Process Non-Strong References 1.517ms
[66.237s][info][gc,phases   ] GC(116) Concurrent Reset Relocation Set 0.004ms
[66.237s][info][gc,phases   ] GC(116) Concurrent Destroy Detached Pages 0.000ms
[66.239s][info][gc,phases   ] GC(116) Concurrent Select Relocation Set 1.629ms
[66.239s][info][gc,phases   ] GC(116) Concurrent Prepare Relocation Set 0.002ms
[66.242s][info][gc,phases   ] GC(116) Pause Relocate Start 2.609ms
[66.247s][info][gc,phases   ] GC(116) Concurrent Relocate 4.574ms
[66.247s][info][gc,load     ] GC(116) Load: 2.17/1.69/0.89
[66.247s][info][gc,mmu      ] GC(116) MMU: 2ms/0.0%, 5ms/0.0%, 10ms/0.0%, 20ms/29.2%, 50ms/48.7%, 100ms/74.1%
[66.247s][info][gc,marking  ] GC(116) Mark: 1 stripe(s), 2 proactive flush(es), 1 terminate flush(es), 0 completion(s), 0 continuation(s) 
[66.247s][info][gc,reloc    ] GC(116) Relocation: Successful, 5M relocated
[66.247s][info][gc,nmethod  ] GC(116) NMethods: 3437 registered, 0 unregistered
[66.247s][info][gc,metaspace] GC(116) Metaspace: 69M used, 72M capacity, 72M committed, 74M reserved
[66.247s][info][gc,ref      ] GC(116) Soft: 2663 encountered, 0 discovered, 0 enqueued
[66.247s][info][gc,ref      ] GC(116) Weak: 4750 encountered, 3689 discovered, 1 enqueued
[66.247s][info][gc,ref      ] GC(116) Final: 27 encountered, 0 discovered, 0 enqueued
[66.247s][info][gc,ref      ] GC(116) Phantom: 653 encountered, 649 discovered, 0 enqueued
[66.247s][info][gc,heap     ] GC(116)                Mark Start          Mark End        Relocate Start      Relocate End           High               Low         
[66.247s][info][gc,heap     ] GC(116)  Capacity:      750M (100%)        750M (100%)        750M (100%)        750M (100%)        750M (100%)        750M (100%)   
[66.247s][info][gc,heap     ] GC(116)   Reserve:       34M (5%)           34M (5%)           34M (5%)           34M (5%)           34M (5%)           34M (5%)     
[66.247s][info][gc,heap     ] GC(116)      Free:      310M (41%)          42M (6%)          188M (25%)         192M (26%)         310M (41%)          42M (6%)     
[66.247s][info][gc,heap     ] GC(116)      Used:      406M (54%)         674M (90%)         528M (70%)         524M (70%)         674M (90%)         406M (54%)    
[66.247s][info][gc,heap     ] GC(116)      Live:         -               214M (29%)         214M (29%)         214M (29%)            -                  -          
[66.247s][info][gc,heap     ] GC(116) Allocated:         -               268M (36%)         268M (36%)         276M (37%)            -                  -          
[66.247s][info][gc,heap     ] GC(116)   Garbage:         -               191M (25%)          45M (6%)           35M (5%)             -                  -          
[66.247s][info][gc,heap     ] GC(116) Reclaimed:         -                  -               146M (19%)         156M (21%)            -                  -          
[66.247s][info][gc          ] GC(116) Garbage Collection (Allocation Rate) 406M(54%)->524M(70%)
[66.295s][info][gc,start    ] GC(117) Garbage Collection (Allocation Rate)
[66.302s][info][gc,phases   ] GC(117) Pause Mark Start 3.155ms
[66.683s][info][gc,phases   ] GC(117) Concurrent Mark 381.298ms
[66.684s][info][gc,phases   ] GC(117) Pause Mark End 0.537ms
[66.686s][info][gc,phases   ] GC(117) Concurrent Process Non-Strong References 1.438ms
[66.686s][info][gc,phases   ] GC(117) Concurrent Reset Relocation Set 0.003ms
[66.686s][info][gc,phases   ] GC(117) Concurrent Destroy Detached Pages 0.000ms
[66.686s][info][gc          ] Allocation Stall (Executor task launch worker for task 0.0 in stage 28.0 (TID 28)) 164.039ms
[66.691s][info][gc,phases   ] GC(117) Concurrent Select Relocation Set 5.545ms
[66.691s][info][gc,phases   ] GC(117) Concurrent Prepare Relocation Set 0.003ms
[66.697s][info][gc,phases   ] GC(117) Pause Relocate Start 2.650ms
[66.703s][info][gc,phases   ] GC(117) Concurrent Relocate 5.690ms
[66.703s][info][gc,load     ] GC(117) Load: 2.17/1.69/0.89
[66.703s][info][gc,mmu      ] GC(117) MMU: 2ms/0.0%, 5ms/0.0%, 10ms/0.0%, 20ms/29.2%, 50ms/48.7%, 100ms/74.1%
[66.703s][info][gc,marking  ] GC(117) Mark: 1 stripe(s), 2 proactive flush(es), 1 terminate flush(es), 0 completion(s), 0 continuation(s) 
[66.703s][info][gc,reloc    ] GC(117) Relocation: Successful, 5M relocated
[66.703s][info][gc,nmethod  ] GC(117) NMethods: 3437 registered, 0 unregistered
[66.703s][info][gc,metaspace] GC(117) Metaspace: 69M used, 72M capacity, 72M committed, 74M reserved
[66.703s][info][gc,ref      ] GC(117) Soft: 2663 encountered, 0 discovered, 0 enqueued
[66.703s][info][gc,ref      ] GC(117) Weak: 4749 encountered, 3688 discovered, 0 enqueued
[66.703s][info][gc,ref      ] GC(117) Final: 27 encountered, 0 discovered, 0 enqueued
[66.703s][info][gc,ref      ] GC(117) Phantom: 653 encountered, 649 discovered, 0 enqueued
[66.703s][info][gc,heap     ] GC(117)                Mark Start          Mark End        Relocate Start      Relocate End           High               Low         
[66.703s][info][gc,heap     ] GC(117)  Capacity:      750M (100%)        750M (100%)        750M (100%)        750M (100%)        750M (100%)        750M (100%)   
[66.703s][info][gc,heap     ] GC(117)   Reserve:       34M (5%)           34M (5%)           34M (5%)           34M (5%)           34M (5%)           34M (5%)     
[66.703s][info][gc,heap     ] GC(117)      Free:      126M (17%)           0M (0%)          324M (43%)         324M (43%)         328M (44%)           0M (0%)     
[66.703s][info][gc,heap     ] GC(117)      Used:      590M (79%)         716M (95%)         392M (52%)         392M (52%)         716M (95%)         388M (52%)    
[66.703s][info][gc,heap     ] GC(117)      Live:         -               214M (29%)         214M (29%)         214M (29%)            -                  -          
[66.703s][info][gc,heap     ] GC(117) Allocated:         -               126M (17%)         132M (18%)         144M (19%)            -                  -          
[66.703s][info][gc,heap     ] GC(117)   Garbage:         -               375M (50%)          45M (6%)           37M (5%)             -                  -          
[66.703s][info][gc,heap     ] GC(117) Reclaimed:         -                  -               330M (44%)         338M (45%)            -                  -          
[66.703s][info][gc          ] GC(117) Garbage Collection (Allocation Rate) 590M(79%)->392M(52%)
[66.795s][info][gc,start    ] GC(118) Garbage Collection (Allocation Rate)
[66.801s][info][gc,phases   ] GC(118) Pause Mark Start 3.139ms
[67.151s][info][gc,phases   ] GC(118) Concurrent Mark 350.045ms
[67.152s][info][gc,phases   ] GC(118) Pause Mark End 0.539ms
[67.154s][info][gc,phases   ] GC(118) Concurrent Process Non-Strong References 1.433ms
[67.154s][info][gc,phases   ] GC(118) Concurrent Reset Relocation Set 0.003ms
[67.154s][info][gc,phases   ] GC(118) Concurrent Destroy Detached Pages 0.000ms
[67.154s][info][gc          ] Allocation Stall (Executor task launch worker for task 0.0 in stage 28.0 (TID 28)) 75.210ms
[67.160s][info][gc,phases   ] GC(118) Concurrent Select Relocation Set 5.736ms
[67.160s][info][gc,phases   ] GC(118) Concurrent Prepare Relocation Set 0.002ms
[67.165s][info][gc,phases   ] GC(118) Pause Relocate Start 2.638ms
[67.171s][info][gc,phases   ] GC(118) Concurrent Relocate 5.484ms
[67.171s][info][gc,load     ] GC(118) Load: 2.17/1.69/0.89
[67.171s][info][gc,mmu      ] GC(118) MMU: 2ms/0.0%, 5ms/0.0%, 10ms/0.0%, 20ms/29.2%, 50ms/48.7%, 100ms/74.1%
[67.171s][info][gc,marking  ] GC(118) Mark: 1 stripe(s), 2 proactive flush(es), 1 terminate flush(es), 0 completion(s), 0 continuation(s) 
[67.171s][info][gc,reloc    ] GC(118) Relocation: Successful, 5M relocated
[67.171s][info][gc,nmethod  ] GC(118) NMethods: 3437 registered, 0 unregistered
[67.171s][info][gc,metaspace] GC(118) Metaspace: 69M used, 72M capacity, 72M committed, 74M reserved
[67.171s][info][gc,ref      ] GC(118) Soft: 2663 encountered, 0 discovered, 0 enqueued
[67.171s][info][gc,ref      ] GC(118) Weak: 4749 encountered, 3688 discovered, 0 enqueued
[67.171s][info][gc,ref      ] GC(118) Final: 27 encountered, 0 discovered, 0 enqueued
[67.171s][info][gc,ref      ] GC(118) Phantom: 653 encountered, 649 discovered, 0 enqueued
[67.171s][info][gc,heap     ] GC(118)                Mark Start          Mark End        Relocate Start      Relocate End           High               Low         
[67.171s][info][gc,heap     ] GC(118)  Capacity:      750M (100%)        750M (100%)        750M (100%)        750M (100%)        750M (100%)        750M (100%)   
[67.171s][info][gc,heap     ] GC(118)   Reserve:       34M (5%)           34M (5%)           34M (5%)           34M (5%)           34M (5%)           34M (5%)     
[67.171s][info][gc,heap     ] GC(118)      Free:      192M (26%)           0M (0%)          258M (34%)         260M (35%)         262M (35%)           0M (0%)     
[67.171s][info][gc,heap     ] GC(118)      Used:      524M (70%)         716M (95%)         458M (61%)         456M (61%)         716M (95%)         454M (61%)    
[67.171s][info][gc,heap     ] GC(118)      Live:         -               214M (29%)         214M (29%)         214M (29%)            -                  -          
[67.171s][info][gc,heap     ] GC(118) Allocated:         -               192M (26%)         198M (26%)         208M (28%)            -                  -          
[67.171s][info][gc,heap     ] GC(118)   Garbage:         -               309M (41%)          45M (6%)           37M (5%)             -                  -          
[67.171s][info][gc,heap     ] GC(118) Reclaimed:         -                  -               264M (35%)         272M (36%)            -                  -          
[67.171s][info][gc          ] GC(118) Garbage Collection (Allocation Rate) 524M(70%)->456M(61%)
[67.195s][info][gc,start    ] GC(119) Garbage Collection (Allocation Rate)
[67.202s][info][gc,phases   ] GC(119) Pause Mark Start 3.079ms
[67.570s][info][gc,phases   ] GC(119) Concurrent Mark 367.762ms
[67.571s][info][gc,phases   ] GC(119) Pause Mark End 0.534ms
[67.572s][info][gc,phases   ] GC(119) Concurrent Process Non-Strong References 1.393ms
[67.572s][info][gc,phases   ] GC(119) Concurrent Reset Relocation Set 0.003ms
[67.572s][info][gc,phases   ] GC(119) Concurrent Destroy Detached Pages 0.000ms
[67.574s][info][gc,phases   ] GC(119) Concurrent Select Relocation Set 1.518ms
[67.574s][info][gc,phases   ] GC(119) Concurrent Prepare Relocation Set 0.002ms
[67.577s][info][gc,phases   ] GC(119) Pause Relocate Start 2.617ms
[67.577s][info][gc          ] Allocation Stall (Executor task launch worker for task 0.0 in stage 28.0 (TID 28)) 63.240ms
[67.583s][info][gc,phases   ] GC(119) Concurrent Relocate 4.039ms
[67.583s][info][gc,load     ] GC(119) Load: 2.17/1.69/0.89
[67.583s][info][gc,mmu      ] GC(119) MMU: 2ms/0.0%, 5ms/0.0%, 10ms/0.0%, 20ms/29.2%, 50ms/48.7%, 100ms/74.1%
[67.583s][info][gc,marking  ] GC(119) Mark: 1 stripe(s), 2 proactive flush(es), 1 terminate flush(es), 0 completion(s), 0 continuation(s) 
[67.583s][info][gc,reloc    ] GC(119) Relocation: Successful, 5M relocated
[67.583s][info][gc,nmethod  ] GC(119) NMethods: 3437 registered, 0 unregistered
[67.583s][info][gc,metaspace] GC(119) Metaspace: 69M used, 72M capacity, 72M committed, 74M reserved
[67.583s][info][gc,ref      ] GC(119) Soft: 2663 encountered, 0 discovered, 0 enqueued
[67.583s][info][gc,ref      ] GC(119) Weak: 4749 encountered, 3688 discovered, 0 enqueued
[67.583s][info][gc,ref      ] GC(119) Final: 27 encountered, 0 discovered, 0 enqueued
[67.583s][info][gc,ref      ] GC(119) Phantom: 653 encountered, 649 discovered, 0 enqueued
[67.583s][info][gc,heap     ] GC(119)                Mark Start          Mark End        Relocate Start      Relocate End           High               Low         
[67.583s][info][gc,heap     ] GC(119)  Capacity:      750M (100%)        750M (100%)        750M (100%)        750M (100%)        750M (100%)        750M (100%)   
[67.583s][info][gc,heap     ] GC(119)   Reserve:       34M (5%)           34M (5%)           34M (5%)           34M (5%)           34M (5%)           34M (5%)     
[67.583s][info][gc,heap     ] GC(119)      Free:      224M (30%)           0M (0%)          232M (31%)         232M (31%)         232M (31%)           0M (0%)     
[67.583s][info][gc,heap     ] GC(119)      Used:      492M (66%)         716M (95%)         484M (65%)         484M (65%)         716M (95%)         484M (65%)    
[67.583s][info][gc,heap     ] GC(119)      Live:         -               214M (29%)         214M (29%)         214M (29%)            -                  -          
[67.583s][info][gc,heap     ] GC(119) Allocated:         -               224M (30%)         226M (30%)         236M (31%)            -                  -          
[67.583s][info][gc,heap     ] GC(119)   Garbage:         -               277M (37%)          43M (6%)           35M (5%)             -                  -          
[67.583s][info][gc,heap     ] GC(119) Reclaimed:         -                  -               234M (31%)         242M (32%)            -                  -          
[67.583s][info][gc          ] GC(119) Garbage Collection (Allocation Rate) 492M(66%)->484M(65%)
[67.595s][info][gc,start    ] GC(120) Garbage Collection (Allocation Rate)
[67.604s][info][gc,phases   ] GC(120) Pause Mark Start 6.412ms
[67.989s][info][gc,phases   ] GC(120) Concurrent Mark 384.720ms
[67.990s][info][gc,phases   ] GC(120) Pause Mark End 0.590ms
[67.992s][info][gc,phases   ] GC(120) Concurrent Process Non-Strong References 1.438ms
[67.992s][info][gc,phases   ] GC(120) Concurrent Reset Relocation Set 0.003ms
[67.992s][info][gc,phases   ] GC(120) Concurrent Destroy Detached Pages 0.001ms
[67.993s][info][gc,phases   ] GC(120) Concurrent Select Relocation Set 1.756ms
[67.993s][info][gc,phases   ] GC(120) Concurrent Prepare Relocation Set 0.002ms
[67.997s][info][gc,phases   ] GC(120) Pause Relocate Start 2.680ms
[67.997s][info][gc          ] Allocation Stall (RemoteBlock-temp-file-clean-thread) 10.632ms
[67.997s][info][gc          ] Allocation Stall (Executor task launch worker for task 0.0 in stage 28.0 (TID 28)) 56.861ms
[68.003s][info][gc,phases   ] GC(120) Concurrent Relocate 6.183ms
[68.003s][info][gc,load     ] GC(120) Load: 2.17/1.69/0.89
[68.003s][info][gc,mmu      ] GC(120) MMU: 2ms/0.0%, 5ms/0.0%, 10ms/0.0%, 20ms/29.2%, 50ms/48.7%, 100ms/74.1%
[68.003s][info][gc,marking  ] GC(120) Mark: 1 stripe(s), 2 proactive flush(es), 1 terminate flush(es), 0 completion(s), 0 continuation(s) 
[68.003s][info][gc,reloc    ] GC(120) Relocation: Successful, 5M relocated
[68.003s][info][gc,nmethod  ] GC(120) NMethods: 3437 registered, 0 unregistered
[68.003s][info][gc,metaspace] GC(120) Metaspace: 69M used, 72M capacity, 72M committed, 74M reserved
[68.003s][info][gc,ref      ] GC(120) Soft: 2663 encountered, 0 discovered, 0 enqueued
[68.003s][info][gc,ref      ] GC(120) Weak: 4749 encountered, 3685 discovered, 0 enqueued
[68.003s][info][gc,ref      ] GC(120) Final: 27 encountered, 0 discovered, 0 enqueued
[68.003s][info][gc,ref      ] GC(120) Phantom: 653 encountered, 649 discovered, 0 enqueued
[68.003s][info][gc,heap     ] GC(120)                Mark Start          Mark End        Relocate Start      Relocate End           High               Low         
[68.003s][info][gc,heap     ] GC(120)  Capacity:      750M (100%)        750M (100%)        750M (100%)        750M (100%)        750M (100%)        750M (100%)   
[68.003s][info][gc,heap     ] GC(120)   Reserve:       34M (5%)           34M (5%)           34M (5%)           34M (5%)           34M (5%)           34M (5%)     
[68.003s][info][gc,heap     ] GC(120)      Free:      226M (30%)           0M (0%)          230M (31%)         232M (31%)         232M (31%)           0M (0%)     
[68.003s][info][gc,heap     ] GC(120)      Used:      490M (65%)         716M (95%)         486M (65%)         484M (65%)         716M (95%)         484M (65%)    
[68.003s][info][gc,heap     ] GC(120)      Live:         -               214M (29%)         214M (29%)         214M (29%)            -                  -          
[68.003s][info][gc,heap     ] GC(120) Allocated:         -               226M (30%)         230M (31%)         238M (32%)            -                  -          
[68.003s][info][gc,heap     ] GC(120)   Garbage:         -               275M (37%)          41M (5%)           35M (5%)             -                  -          
[68.003s][info][gc,heap     ] GC(120) Reclaimed:         -                  -               234M (31%)         240M (32%)            -                  -          
[68.003s][info][gc          ] GC(120) Garbage Collection (Allocation Rate) 490M(65%)->484M(65%)
[68.095s][info][gc,start    ] GC(121) Garbage Collection (Allocation Rate)
[68.102s][info][gc,phases   ] GC(121) Pause Mark Start 3.099ms
[68.397s][info][gc,phases   ] GC(121) Concurrent Mark 295.548ms
[68.398s][info][gc,phases   ] GC(121) Pause Mark End 0.624ms
[68.400s][info][gc,phases   ] GC(121) Concurrent Process Non-Strong References 1.382ms
[68.400s][info][gc,phases   ] GC(121) Concurrent Reset Relocation Set 0.002ms
[68.400s][info][gc,phases   ] GC(121) Concurrent Destroy Detached Pages 0.000ms
[68.401s][info][gc,phases   ] GC(121) Concurrent Select Relocation Set 1.541ms
[68.401s][info][gc,phases   ] GC(121) Concurrent Prepare Relocation Set 0.002ms
[68.404s][info][gc,phases   ] GC(121) Pause Relocate Start 2.648ms
[68.405s][info][gc          ] Allocation Stall (Executor task launch worker for task 0.0 in stage 28.0 (TID 28)) 144.788ms
[68.411s][info][gc,phases   ] GC(121) Concurrent Relocate 3.914ms
[68.411s][info][gc,load     ] GC(121) Load: 2.17/1.69/0.89
[68.411s][info][gc,mmu      ] GC(121) MMU: 2ms/0.0%, 5ms/0.0%, 10ms/0.0%, 20ms/29.2%, 50ms/48.7%, 100ms/74.1%
[68.411s][info][gc,marking  ] GC(121) Mark: 1 stripe(s), 2 proactive flush(es), 1 terminate flush(es), 0 completion(s), 0 continuation(s) 
[68.411s][info][gc,reloc    ] GC(121) Relocation: Successful, 5M relocated
[68.411s][info][gc,nmethod  ] GC(121) NMethods: 3437 registered, 0 unregistered
[68.411s][info][gc,metaspace] GC(121) Metaspace: 69M used, 72M capacity, 72M committed, 74M reserved
[68.411s][info][gc,ref      ] GC(121) Soft: 2663 encountered, 0 discovered, 0 enqueued
[68.411s][info][gc,ref      ] GC(121) Weak: 4749 encountered, 3688 discovered, 0 enqueued
[68.411s][info][gc,ref      ] GC(121) Final: 27 encountered, 0 discovered, 0 enqueued
[68.411s][info][gc,ref      ] GC(121) Phantom: 653 encountered, 649 discovered, 0 enqueued
[68.411s][info][gc,heap     ] GC(121)                Mark Start          Mark End        Relocate Start      Relocate End           High               Low         
[68.411s][info][gc,heap     ] GC(121)  Capacity:      750M (100%)        750M (100%)        750M (100%)        750M (100%)        750M (100%)        750M (100%)   
[68.411s][info][gc,heap     ] GC(121)   Reserve:       34M (5%)           34M (5%)           34M (5%)           34M (5%)           34M (5%)           34M (5%)     
[68.411s][info][gc,heap     ] GC(121)      Free:       98M (13%)           0M (0%)          358M (48%)         358M (48%)         358M (48%)           0M (0%)     
[68.411s][info][gc,heap     ] GC(121)      Used:      618M (82%)         716M (95%)         358M (48%)         358M (48%)         716M (95%)         358M (48%)    
[68.411s][info][gc,heap     ] GC(121)      Live:         -               214M (29%)         214M (29%)         214M (29%)            -                  -          
[68.411s][info][gc,heap     ] GC(121) Allocated:         -                98M (13%)         100M (13%)         110M (15%)            -                  -          
[68.411s][info][gc,heap     ] GC(121)   Garbage:         -               403M (54%)          43M (6%)           35M (5%)             -                  -          
[68.411s][info][gc,heap     ] GC(121) Reclaimed:         -                  -               360M (48%)         368M (49%)            -                  -          
[68.411s][info][gc          ] GC(121) Garbage Collection (Allocation Rate) 618M(82%)->358M(48%)
[68.495s][info][gc,start    ] GC(122) Garbage Collection (Allocation Rate)
[68.501s][info][gc,phases   ] GC(122) Pause Mark Start 3.204ms
[68.952s][info][gc,phases   ] GC(122) Concurrent Mark 450.305ms
[68.954s][info][gc,phases   ] GC(122) Pause Mark End 1.052ms
[68.956s][info][gc,phases   ] GC(122) Concurrent Process Non-Strong References 1.613ms
[68.956s][info][gc,phases   ] GC(122) Concurrent Reset Relocation Set 0.004ms
[68.956s][info][gc,phases   ] GC(122) Concurrent Destroy Detached Pages 0.001ms
[68.957s][info][gc,phases   ] GC(122) Concurrent Select Relocation Set 1.622ms
[68.957s][info][gc,phases   ] GC(122) Concurrent Prepare Relocation Set 0.002ms
[68.961s][info][gc,phases   ] GC(122) Pause Relocate Start 2.733ms
[68.961s][info][gc          ] Allocation Stall (Executor task launch worker for task 0.0 in stage 28.0 (TID 28)) 33.888ms
[68.966s][info][gc,phases   ] GC(122) Concurrent Relocate 3.991ms
[68.966s][info][gc,load     ] GC(122) Load: 2.17/1.69/0.89
[68.966s][info][gc,mmu      ] GC(122) MMU: 2ms/0.0%, 5ms/0.0%, 10ms/0.0%, 20ms/29.2%, 50ms/48.7%, 100ms/74.1%
[68.966s][info][gc,marking  ] GC(122) Mark: 1 stripe(s), 2 proactive flush(es), 1 terminate flush(es), 0 completion(s), 0 continuation(s) 
[68.966s][info][gc,reloc    ] GC(122) Relocation: Successful, 5M relocated
[68.966s][info][gc,nmethod  ] GC(122) NMethods: 3437 registered, 0 unregistered
[68.966s][info][gc,metaspace] GC(122) Metaspace: 69M used, 72M capacity, 72M committed, 74M reserved
[68.966s][info][gc,ref      ] GC(122) Soft: 2663 encountered, 0 discovered, 0 enqueued
[68.966s][info][gc,ref      ] GC(122) Weak: 4749 encountered, 3688 discovered, 0 enqueued
[68.966s][info][gc,ref      ] GC(122) Final: 27 encountered, 0 discovered, 0 enqueued
[68.966s][info][gc,ref      ] GC(122) Phantom: 653 encountered, 649 discovered, 0 enqueued
[68.966s][info][gc,heap     ] GC(122)                Mark Start          Mark End        Relocate Start      Relocate End           High               Low         
[68.966s][info][gc,heap     ] GC(122)  Capacity:      750M (100%)        750M (100%)        750M (100%)        750M (100%)        750M (100%)        750M (100%)   
[68.966s][info][gc,heap     ] GC(122)   Reserve:       34M (5%)           34M (5%)           34M (5%)           34M (5%)           34M (5%)           34M (5%)     
[68.966s][info][gc,heap     ] GC(122)      Free:      238M (32%)           0M (0%)          220M (29%)         220M (29%)         238M (32%)           0M (0%)     
[68.966s][info][gc,heap     ] GC(122)      Used:      478M (64%)         716M (95%)         496M (66%)         496M (66%)         716M (95%)         478M (64%)    
[68.966s][info][gc,heap     ] GC(122)      Live:         -               214M (29%)         214M (29%)         214M (29%)            -                  -          
[68.966s][info][gc,heap     ] GC(122) Allocated:         -               238M (32%)         240M (32%)         248M (33%)            -                  -          
[68.966s][info][gc,heap     ] GC(122)   Garbage:         -               263M (35%)          41M (5%)           35M (5%)             -                  -          
[68.966s][info][gc,heap     ] GC(122) Reclaimed:         -                  -               222M (30%)         228M (30%)            -                  -          
[68.966s][info][gc          ] GC(122) Garbage Collection (Allocation Rate) 478M(64%)->496M(66%)
[68.995s][info][gc,start    ] GC(123) Garbage Collection (Allocation Rate)
[69.003s][info][gc,phases   ] GC(123) Pause Mark Start 4.236ms
[69.154s][info][gc,heap     ] Page Cache Flushed: 6M requested, 6M(84M->78M) flushed
[69.492s][info][gc,phases   ] GC(123) Concurrent Mark 488.745ms
[69.492s][info][gc,phases   ] GC(123) Pause Mark End 0.159ms
[69.494s][info][gc,phases   ] GC(123) Concurrent Process Non-Strong References 1.351ms
[69.494s][info][gc,phases   ] GC(123) Concurrent Reset Relocation Set 0.004ms
[69.494s][info][gc,phases   ] GC(123) Concurrent Destroy Detached Pages 0.004ms
[69.495s][info][gc,phases   ] GC(123) Concurrent Select Relocation Set 1.590ms
[69.495s][info][gc,phases   ] GC(123) Concurrent Prepare Relocation Set 0.002ms
[69.497s][info][gc,phases   ] GC(123) Pause Relocate Start 2.100ms
[69.497s][info][gc,phases   ] GC(123) Concurrent Relocate 0.041ms
[69.498s][info][gc,load     ] GC(123) Load: 2.17/1.69/0.89
[69.498s][info][gc,mmu      ] GC(123) MMU: 2ms/0.0%, 5ms/0.0%, 10ms/0.0%, 20ms/29.2%, 50ms/48.7%, 100ms/74.1%
[69.498s][info][gc,marking  ] GC(123) Mark: 1 stripe(s), 2 proactive flush(es), 1 terminate flush(es), 0 completion(s), 0 continuation(s) 
[69.498s][info][gc,reloc    ] GC(123) Relocation: Successful, 5M relocated
[69.498s][info][gc,nmethod  ] GC(123) NMethods: 3483 registered, 0 unregistered
[69.498s][info][gc,metaspace] GC(123) Metaspace: 69M used, 73M capacity, 73M committed, 74M reserved
[69.498s][info][gc,ref      ] GC(123) Soft: 2663 encountered, 0 discovered, 0 enqueued
[69.498s][info][gc,ref      ] GC(123) Weak: 4717 encountered, 3663 discovered, 0 enqueued
[69.498s][info][gc,ref      ] GC(123) Final: 27 encountered, 11 discovered, 0 enqueued
[69.498s][info][gc,ref      ] GC(123) Phantom: 653 encountered, 649 discovered, 0 enqueued
[69.498s][info][gc,heap     ] GC(123)                Mark Start          Mark End        Relocate Start      Relocate End           High               Low         
[69.498s][info][gc,heap     ] GC(123)  Capacity:      750M (100%)        750M (100%)        750M (100%)        750M (100%)        750M (100%)        750M (100%)   
[69.498s][info][gc,heap     ] GC(123)   Reserve:       34M (5%)           34M (5%)           34M (5%)           34M (5%)           34M (5%)           34M (5%)     
[69.498s][info][gc,heap     ] GC(123)      Free:      178M (24%)          24M (3%)          306M (41%)         312M (42%)         312M (42%)          24M (3%)     
[69.498s][info][gc,heap     ] GC(123)      Used:      538M (72%)         692M (92%)         410M (55%)         404M (54%)         692M (92%)         404M (54%)    
[69.498s][info][gc,heap     ] GC(123)      Live:         -               214M (29%)         214M (29%)         214M (29%)            -                  -          
[69.498s][info][gc,heap     ] GC(123) Allocated:         -               154M (21%)         154M (21%)         156M (21%)            -                  -          
[69.498s][info][gc,heap     ] GC(123)   Garbage:         -               323M (43%)          41M (5%)           35M (5%)             -                  -          
[69.498s][info][gc,heap     ] GC(123) Reclaimed:         -                  -               282M (38%)         288M (38%)            -                  -          
[69.498s][info][gc          ] GC(123) Garbage Collection (Allocation Rate) 538M(72%)->404M(54%)
[69.498s][info][gc,heap,exit] Heap
[69.498s][info][gc,heap,exit]  ZHeap           used 404M, capacity 750M, max capacity 750M
[69.498s][info][gc,heap,exit]  Metaspace       used 71241K, capacity 75257K, committed 75436K, reserved 75776K
