[0.002s][info][gc,init] Initializing The Z Garbage Collector
[0.002s][info][gc,init] Version: 11.0.15+10-Ubuntu-0ubuntu0.20.04.1 (release)
[0.002s][info][gc,init] NUMA Support: Disabled
[0.002s][info][gc,init] CPUs: 1 total, 1 available
[0.002s][info][gc,init] Memory: 7952M
[0.002s][info][gc,init] Large Page Support: Disabled
[0.002s][info][gc,init] Workers: 1 parallel, 1 concurrent
[0.003s][info][gc,init] Heap backed by file: /memfd:java_heap
[0.003s][info][gc,init] Available space on backing filesystem: N/A
[0.041s][info][gc,init] Pre-touching: Disabled
[0.041s][info][gc,init] Pre-mapping: 126M
[0.056s][info][gc,init] Runtime Workers: 1 parallel
[0.057s][info][gc     ] Using The Z Garbage Collector
[2.901s][info][gc,start] GC(0) Garbage Collection (Metadata GC Threshold)
[2.903s][info][gc,phases] GC(0) Pause Mark Start 0.688ms
[2.943s][info][gc,phases] GC(0) Concurrent Mark 40.160ms
[2.948s][info][gc,phases] GC(0) Pause Mark End 0.128ms
[2.948s][info][gc,phases] GC(0) Concurrent Process Non-Strong References 0.490ms
[2.948s][info][gc,phases] GC(0) Concurrent Reset Relocation Set 0.000ms
[2.948s][info][gc,phases] GC(0) Concurrent Destroy Detached Pages 0.000ms
[2.956s][info][gc,phases] GC(0) Concurrent Select Relocation Set 7.826ms
[2.957s][info][gc,phases] GC(0) Concurrent Prepare Relocation Set 0.390ms
[2.958s][info][gc,phases] GC(0) Pause Relocate Start 0.989ms
[2.979s][info][gc,phases] GC(0) Concurrent Relocate 20.933ms
[2.979s][info][gc,load  ] GC(0) Load: 2.16/1.98/1.21
[2.979s][info][gc,mmu   ] GC(0) MMU: 2ms/50.5%, 5ms/80.2%, 10ms/89.6%, 20ms/94.4%, 50ms/97.8%, 100ms/98.2%
[2.979s][info][gc,marking] GC(0) Mark: 1 stripe(s), 2 proactive flush(es), 1 terminate flush(es), 0 completion(s), 0 continuation(s) 
[2.979s][info][gc,reloc  ] GC(0) Relocation: Successful, 16M relocated
[2.979s][info][gc,nmethod] GC(0) NMethods: 343 registered, 0 unregistered
[2.979s][info][gc,metaspace] GC(0) Metaspace: 20M used, 21M capacity, 21M committed, 22M reserved
[2.979s][info][gc,ref      ] GC(0) Soft: 356 encountered, 0 discovered, 0 enqueued
[2.979s][info][gc,ref      ] GC(0) Weak: 711 encountered, 652 discovered, 188 enqueued
[2.979s][info][gc,ref      ] GC(0) Final: 2 encountered, 0 discovered, 0 enqueued
[2.979s][info][gc,ref      ] GC(0) Phantom: 839 encountered, 644 discovered, 245 enqueued
[2.979s][info][gc,heap     ] GC(0)                Mark Start          Mark End        Relocate Start      Relocate End           High               Low         
[2.979s][info][gc,heap     ] GC(0)  Capacity:      160M (13%)         160M (13%)         160M (13%)         160M (13%)         160M (13%)         160M (13%)    
[2.979s][info][gc,heap     ] GC(0)   Reserve:       34M (3%)           34M (3%)           34M (3%)           34M (3%)           34M (3%)           34M (3%)     
[2.979s][info][gc,heap     ] GC(0)      Free:     1126M (90%)        1124M (90%)        1124M (90%)        1166M (93%)        1166M (93%)        1122M (90%)    
[2.979s][info][gc,heap     ] GC(0)      Used:       90M (7%)           92M (7%)           92M (7%)           50M (4%)           94M (8%)           50M (4%)     
[2.979s][info][gc,heap     ] GC(0)      Live:         -                17M (1%)           17M (1%)           17M (1%)             -                  -          
[2.979s][info][gc,heap     ] GC(0) Allocated:         -                 2M (0%)            2M (0%)           12M (1%)             -                  -          
[2.979s][info][gc,heap     ] GC(0)   Garbage:         -                72M (6%)           72M (6%)           30M (2%)             -                  -          
[2.979s][info][gc,heap     ] GC(0) Reclaimed:         -                  -                 0M (0%)           42M (3%)             -                  -          
[2.979s][info][gc          ] GC(0) Garbage Collection (Metadata GC Threshold) 90M(7%)->50M(4%)
[4.572s][info][gc,start    ] GC(1) Garbage Collection (Metadata GC Threshold)
[4.574s][info][gc,phases   ] GC(1) Pause Mark Start 1.202ms
[4.638s][info][gc,phases   ] GC(1) Concurrent Mark 64.412ms
[4.639s][info][gc,phases   ] GC(1) Pause Mark End 0.153ms
[4.640s][info][gc,phases   ] GC(1) Concurrent Process Non-Strong References 1.140ms
[4.640s][info][gc,phases   ] GC(1) Concurrent Reset Relocation Set 0.064ms
[4.640s][info][gc,phases   ] GC(1) Concurrent Destroy Detached Pages 0.000ms
[4.642s][info][gc,phases   ] GC(1) Concurrent Select Relocation Set 1.552ms
[4.642s][info][gc,phases   ] GC(1) Concurrent Prepare Relocation Set 0.294ms
[4.644s][info][gc,phases   ] GC(1) Pause Relocate Start 1.916ms
[4.658s][info][gc,phases   ] GC(1) Concurrent Relocate 12.566ms
[4.658s][info][gc,load     ] GC(1) Load: 2.16/1.98/1.21
[4.658s][info][gc,mmu      ] GC(1) MMU: 2ms/4.2%, 5ms/61.7%, 10ms/79.3%, 20ms/89.7%, 50ms/95.9%, 100ms/96.7%
[4.658s][info][gc,marking  ] GC(1) Mark: 1 stripe(s), 2 proactive flush(es), 1 terminate flush(es), 0 completion(s), 0 continuation(s) 
[4.658s][info][gc,reloc    ] GC(1) Relocation: Successful, 12M relocated
[4.658s][info][gc,nmethod  ] GC(1) NMethods: 680 registered, 0 unregistered
[4.658s][info][gc,metaspace] GC(1) Metaspace: 34M used, 35M capacity, 35M committed, 36M reserved
[4.658s][info][gc,ref      ] GC(1) Soft: 2902 encountered, 0 discovered, 0 enqueued
[4.658s][info][gc,ref      ] GC(1) Weak: 1464 encountered, 1130 discovered, 227 enqueued
[4.658s][info][gc,ref      ] GC(1) Final: 26 encountered, 13 discovered, 13 enqueued
[4.658s][info][gc,ref      ] GC(1) Phantom: 907 encountered, 765 discovered, 295 enqueued
[4.658s][info][gc,heap     ] GC(1)                Mark Start          Mark End        Relocate Start      Relocate End           High               Low         
[4.658s][info][gc,heap     ] GC(1)  Capacity:      160M (13%)         160M (13%)         160M (13%)         160M (13%)         160M (13%)         160M (13%)    
[4.658s][info][gc,heap     ] GC(1)   Reserve:       34M (3%)           34M (3%)           34M (3%)           34M (3%)           34M (3%)           34M (3%)     
[4.658s][info][gc,heap     ] GC(1)      Free:     1106M (88%)        1102M (88%)        1102M (88%)        1160M (93%)        1160M (93%)        1100M (88%)    
[4.658s][info][gc,heap     ] GC(1)      Used:      110M (9%)          114M (9%)          114M (9%)           56M (4%)          116M (9%)           56M (4%)     
[4.658s][info][gc,heap     ] GC(1)      Live:         -                21M (2%)           21M (2%)           21M (2%)             -                  -          
[4.658s][info][gc,heap     ] GC(1) Allocated:         -                 4M (0%)            4M (0%)           10M (1%)             -                  -          
[4.658s][info][gc,heap     ] GC(1)   Garbage:         -                88M (7%)           88M (7%)           30M (2%)             -                  -          
[4.658s][info][gc,heap     ] GC(1) Reclaimed:         -                  -                 0M (0%)           58M (5%)             -                  -          
[4.658s][info][gc          ] GC(1) Garbage Collection (Metadata GC Threshold) 110M(9%)->56M(4%)
[6.995s][info][gc,start    ] GC(2) Garbage Collection (Warmup)
[6.999s][info][gc,phases   ] GC(2) Pause Mark Start 2.008ms
[7.226s][info][gc,phases   ] GC(2) Concurrent Mark 227.055ms
[7.229s][info][gc,phases   ] GC(2) Pause Mark End 0.183ms
[7.230s][info][gc,phases   ] GC(2) Concurrent Process Non-Strong References 1.742ms
[7.230s][info][gc,phases   ] GC(2) Concurrent Reset Relocation Set 0.005ms
[7.230s][info][gc,phases   ] GC(2) Concurrent Destroy Detached Pages 0.000ms
[7.232s][info][gc,phases   ] GC(2) Concurrent Select Relocation Set 1.539ms
[7.241s][info][gc,phases   ] GC(2) Concurrent Prepare Relocation Set 8.383ms
[7.246s][info][gc,phases   ] GC(2) Pause Relocate Start 2.929ms
[7.520s][info][gc,phases   ] GC(2) Concurrent Relocate 273.867ms
[7.520s][info][gc,load     ] GC(2) Load: 2.16/1.98/1.21
[7.520s][info][gc,mmu      ] GC(2) MMU: 2ms/0.0%, 5ms/41.4%, 10ms/70.7%, 20ms/84.4%, 50ms/93.8%, 100ms/96.7%
[7.520s][info][gc,marking  ] GC(2) Mark: 1 stripe(s), 2 proactive flush(es), 1 terminate flush(es), 0 completion(s), 0 continuation(s) 
[7.520s][info][gc,reloc    ] GC(2) Relocation: Successful, 51M relocated
[7.520s][info][gc,nmethod  ] GC(2) NMethods: 1063 registered, 0 unregistered
[7.520s][info][gc,metaspace] GC(2) Metaspace: 50M used, 52M capacity, 52M committed, 54M reserved
[7.520s][info][gc,ref      ] GC(2) Soft: 3451 encountered, 0 discovered, 0 enqueued
[7.520s][info][gc,ref      ] GC(2) Weak: 2446 encountered, 1901 discovered, 283 enqueued
[7.520s][info][gc,ref      ] GC(2) Final: 29 encountered, 6 discovered, 6 enqueued
[7.520s][info][gc,ref      ] GC(2) Phantom: 1095 encountered, 1034 discovered, 464 enqueued
[7.520s][info][gc,heap     ] GC(2)                Mark Start          Mark End        Relocate Start      Relocate End           High               Low         
[7.520s][info][gc,heap     ] GC(2)  Capacity:      444M (36%)         558M (45%)         562M (45%)         564M (45%)         564M (45%)         444M (36%)    
[7.520s][info][gc,heap     ] GC(2)   Reserve:       34M (3%)           34M (3%)           34M (3%)           34M (3%)           34M (3%)           34M (3%)     
[7.520s][info][gc,heap     ] GC(2)      Free:      806M (64%)         692M (55%)         688M (55%)         826M (66%)         828M (66%)         686M (55%)    
[7.520s][info][gc,heap     ] GC(2)      Used:      410M (33%)         524M (42%)         528M (42%)         390M (31%)         530M (42%)         388M (31%)    
[7.520s][info][gc,heap     ] GC(2)      Live:         -                64M (5%)           64M (5%)           64M (5%)             -                  -          
[7.520s][info][gc,heap     ] GC(2) Allocated:         -               116M (9%)          120M (10%)         344M (28%)            -                  -          
[7.520s][info][gc,heap     ] GC(2)   Garbage:         -               345M (28%)         345M (28%)          29M (2%)             -                  -          
[7.520s][info][gc,heap     ] GC(2) Reclaimed:         -                  -                 0M (0%)          316M (25%)            -                  -          
[7.520s][info][gc          ] GC(2) Garbage Collection (Warmup) 410M(33%)->390M(31%)
[7.600s][info][gc,start    ] GC(3) Garbage Collection (Allocation Rate)
[7.604s][info][gc,phases   ] GC(3) Pause Mark Start 2.101ms
[8.490s][info][gc,phases   ] GC(3) Concurrent Mark 885.185ms
[8.494s][info][gc,phases   ] GC(3) Pause Mark End 0.176ms
[8.495s][info][gc,phases   ] GC(3) Concurrent Process Non-Strong References 1.589ms
[8.496s][info][gc,phases   ] GC(3) Concurrent Reset Relocation Set 0.528ms
[8.496s][info][gc,phases   ] GC(3) Concurrent Destroy Detached Pages 0.000ms
[8.498s][info][gc,phases   ] GC(3) Concurrent Select Relocation Set 1.523ms
[8.515s][info][gc,phases   ] GC(3) Concurrent Prepare Relocation Set 17.262ms
[8.524s][info][gc,phases   ] GC(3) Pause Relocate Start 1.058ms
[9.381s][info][gc,phases   ] GC(3) Concurrent Relocate 848.803ms
[9.381s][info][gc,load     ] GC(3) Load: 2.23/2.00/1.22
[9.381s][info][gc,mmu      ] GC(3) MMU: 2ms/0.0%, 5ms/41.4%, 10ms/70.7%, 20ms/84.4%, 50ms/93.8%, 100ms/96.7%
[9.381s][info][gc,marking  ] GC(3) Mark: 1 stripe(s), 2 proactive flush(es), 1 terminate flush(es), 0 completion(s), 0 continuation(s) 
[9.381s][info][gc,reloc    ] GC(3) Relocation: Successful, 53M relocated
[9.381s][info][gc,nmethod  ] GC(3) NMethods: 1090 registered, 0 unregistered
[9.381s][info][gc,metaspace] GC(3) Metaspace: 50M used, 52M capacity, 52M committed, 54M reserved
[9.381s][info][gc,ref      ] GC(3) Soft: 3451 encountered, 0 discovered, 0 enqueued
[9.381s][info][gc,ref      ] GC(3) Weak: 2163 encountered, 1618 discovered, 0 enqueued
[9.381s][info][gc,ref      ] GC(3) Final: 23 encountered, 0 discovered, 0 enqueued
[9.381s][info][gc,ref      ] GC(3) Phantom: 631 encountered, 627 discovered, 0 enqueued
[9.381s][info][gc,heap     ] GC(3)                Mark Start          Mark End        Relocate Start      Relocate End           High               Low         
[9.381s][info][gc,heap     ] GC(3)  Capacity:      564M (45%)         674M (54%)         676M (54%)         682M (55%)         682M (55%)         564M (45%)    
[9.381s][info][gc,heap     ] GC(3)   Reserve:       34M (3%)           34M (3%)           34M (3%)           34M (3%)           34M (3%)           34M (3%)     
[9.381s][info][gc,heap     ] GC(3)      Free:      792M (63%)         576M (46%)         574M (46%)         764M (61%)         792M (63%)         568M (45%)    
[9.381s][info][gc,heap     ] GC(3)      Used:      424M (34%)         640M (51%)         642M (51%)         452M (36%)         648M (52%)         424M (34%)    
[9.381s][info][gc,heap     ] GC(3)      Live:         -               110M (9%)          110M (9%)          110M (9%)             -                  -          
[9.381s][info][gc,heap     ] GC(3) Allocated:         -               216M (17%)         218M (17%)         360M (29%)            -                  -          
[9.381s][info][gc,heap     ] GC(3)   Garbage:         -               313M (25%)         313M (25%)          31M (3%)             -                  -          
[9.381s][info][gc,heap     ] GC(3) Reclaimed:         -                  -                 0M (0%)          282M (23%)            -                  -          
[9.381s][info][gc          ] GC(3) Garbage Collection (Allocation Rate) 424M(34%)->452M(36%)
[9.395s][info][gc,start    ] GC(4) Garbage Collection (Allocation Rate)
[9.402s][info][gc,phases   ] GC(4) Pause Mark Start 1.276ms
[10.094s][info][gc,stats    ] === Garbage Collection Statistics =======================================================================================================================
[10.094s][info][gc,stats    ]                                                              Last 10s              Last 10m              Last 10h                Total
[10.094s][info][gc,stats    ]                                                              Avg / Max             Avg / Max             Avg / Max             Avg / Max
[10.094s][info][gc,stats    ]   Collector: Garbage Collection Cycle                    617.489 / 1780.862    617.489 / 1780.862    617.489 / 1780.862    617.489 / 1780.862    ms
[10.094s][info][gc,stats    ]  Contention: Mark Segment Reset Contention                     0 / 0                 0 / 0                 0 / 0                 0 / 0           ops/s
[10.094s][info][gc,stats    ]  Contention: Mark SeqNum Reset Contention                      0 / 0                 0 / 0                 0 / 0                 0 / 0           ops/s
[10.094s][info][gc,stats    ]  Contention: Relocation Contention                             0 / 0                 0 / 0                 0 / 0                 0 / 0           ops/s
[10.094s][info][gc,stats    ]    Critical: Allocation Stall                              0.000 / 0.000         0.000 / 0.000         0.000 / 0.000         0.000 / 0.000       ms
[10.094s][info][gc,stats    ]    Critical: Allocation Stall                                  0 / 0                 0 / 0                 0 / 0                 0 / 0           ops/s
[10.094s][info][gc,stats    ]    Critical: GC Locker Stall                               0.000 / 0.000         0.000 / 0.000         0.000 / 0.000         0.000 / 0.000       ms
[10.094s][info][gc,stats    ]    Critical: GC Locker Stall                                   0 / 0                 0 / 0                 0 / 0                 0 / 0           ops/s
[10.094s][info][gc,stats    ]      Memory: Allocation Rate                                 115 / 404             115 / 404             115 / 404             115 / 404         MB/s
[10.094s][info][gc,stats    ]      Memory: Heap Used After Mark                            342 / 640             342 / 640             342 / 640             342 / 640         MB
[10.094s][info][gc,stats    ]      Memory: Heap Used After Relocation                      237 / 452             237 / 452             237 / 452             237 / 452         MB
[10.094s][info][gc,stats    ]      Memory: Heap Used Before Mark                           297 / 452             297 / 452             297 / 452             297 / 452         MB
[10.094s][info][gc,stats    ]      Memory: Heap Used Before Relocation                     344 / 642             344 / 642             344 / 642             344 / 642         MB
[10.094s][info][gc,stats    ]      Memory: Out Of Memory                                     0 / 0                 0 / 0                 0 / 0                 0 / 0           ops/s
[10.094s][info][gc,stats    ]      Memory: Page Cache Flush                                  0 / 0                 0 / 0                 0 / 0                 0 / 0           MB/s
[10.094s][info][gc,stats    ]      Memory: Page Cache Hit L1                                31 / 181              31 / 181              31 / 181              31 / 181         ops/s
[10.094s][info][gc,stats    ]      Memory: Page Cache Hit L2                                 0 / 0                 0 / 0                 0 / 0                 0 / 0           ops/s
[10.094s][info][gc,stats    ]      Memory: Page Cache Miss                                  30 / 170              30 / 170              30 / 170              30 / 170         ops/s
[10.094s][info][gc,stats    ]      Memory: Undo Object Allocation Failed                     0 / 0                 0 / 0                 0 / 0                 0 / 0           ops/s
[10.094s][info][gc,stats    ]      Memory: Undo Object Allocation Succeeded                  0 / 0                 0 / 0                 0 / 0                 0 / 0           ops/s
[10.094s][info][gc,stats    ]      Memory: Undo Page Allocation                              0 / 1                 0 / 1                 0 / 1                 0 / 1           ops/s
[10.094s][info][gc,stats    ]       Phase: Concurrent Destroy Detached Pages             0.000 / 0.000         0.000 / 0.000         0.000 / 0.000         0.000 / 0.000       ms
[10.094s][info][gc,stats    ]       Phase: Concurrent Mark                             304.203 / 885.185     304.203 / 885.185     304.203 / 885.185     304.203 / 885.185     ms
[10.094s][info][gc,stats    ]       Phase: Concurrent Mark Continue                      0.000 / 0.000         0.000 / 0.000         0.000 / 0.000         0.000 / 0.000       ms
[10.094s][info][gc,stats    ]       Phase: Concurrent Prepare Relocation Set             6.582 / 17.262        6.582 / 17.262        6.582 / 17.262        6.582 / 17.262      ms
[10.094s][info][gc,stats    ]       Phase: Concurrent Process Non-Strong References      1.240 / 1.742         1.240 / 1.742         1.240 / 1.742         1.240 / 1.742       ms
[10.094s][info][gc,stats    ]       Phase: Concurrent Relocate                         289.042 / 848.803     289.042 / 848.803     289.042 / 848.803     289.042 / 848.803     ms
[10.094s][info][gc,stats    ]       Phase: Concurrent Reset Relocation Set               0.149 / 0.528         0.149 / 0.528         0.149 / 0.528         0.149 / 0.528       ms
[10.094s][info][gc,stats    ]       Phase: Concurrent Select Relocation Set              3.110 / 7.826         3.110 / 7.826         3.110 / 7.826         3.110 / 7.826       ms
[10.094s][info][gc,stats    ]       Phase: Pause Mark End                                0.160 / 0.183         0.160 / 0.183         0.160 / 0.183         0.160 / 0.183       ms
[10.094s][info][gc,stats    ]       Phase: Pause Mark Start                              1.455 / 2.101         1.455 / 2.101         1.455 / 2.101         1.455 / 2.101       ms
[10.094s][info][gc,stats    ]       Phase: Pause Relocate Start                          1.723 / 2.929         1.723 / 2.929         1.723 / 2.929         1.723 / 2.929       ms
[10.094s][info][gc,stats    ]    Subphase: Concurrent Mark                             304.180 / 885.155     304.180 / 885.155     304.180 / 885.155     304.180 / 885.155     ms
[10.094s][info][gc,stats    ]    Subphase: Concurrent Mark Idle                          0.000 / 0.000         0.000 / 0.000         0.000 / 0.000         0.000 / 0.000       ms
[10.094s][info][gc,stats    ]    Subphase: Concurrent Mark Try Flush                     3.187 / 13.109        3.187 / 13.109        3.187 / 13.109        3.187 / 13.109      ms
[10.094s][info][gc,stats    ]    Subphase: Concurrent Mark Try Terminate                 0.884 / 4.130         0.884 / 4.130         0.884 / 4.130         0.884 / 4.130       ms
[10.094s][info][gc,stats    ]    Subphase: Concurrent References Enqueue                 0.002 / 0.004         0.002 / 0.004         0.002 / 0.004         0.002 / 0.004       ms
[10.094s][info][gc,stats    ]    Subphase: Concurrent References Process                 0.444 / 0.666         0.444 / 0.666         0.444 / 0.666         0.444 / 0.666       ms
[10.094s][info][gc,stats    ]    Subphase: Concurrent Weak Roots                         0.769 / 1.124         0.769 / 1.124         0.769 / 1.124         0.769 / 1.124       ms
[10.094s][info][gc,stats    ]    Subphase: Concurrent Weak Roots JNIWeakHandles          0.000 / 0.001         0.000 / 0.001         0.000 / 0.001         0.000 / 0.001       ms
[10.094s][info][gc,stats    ]    Subphase: Concurrent Weak Roots StringTable             0.621 / 0.893         0.621 / 0.893         0.621 / 0.893         0.621 / 0.893       ms
[10.094s][info][gc,stats    ]    Subphase: Concurrent Weak Roots VMWeakHandles           0.146 / 0.229         0.146 / 0.229         0.146 / 0.229         0.146 / 0.229       ms
[10.094s][info][gc,stats    ]    Subphase: Pause Mark Try Complete                       0.000 / 0.000         0.000 / 0.000         0.000 / 0.000         0.000 / 0.000       ms
[10.094s][info][gc,stats    ]    Subphase: Pause Remap TLABS                             0.001 / 0.001         0.001 / 0.001         0.001 / 0.001         0.001 / 0.001       ms
[10.094s][info][gc,stats    ]    Subphase: Pause Retire TLABS                            0.011 / 0.018         0.011 / 0.018         0.011 / 0.018         0.011 / 0.018       ms
[10.094s][info][gc,stats    ]    Subphase: Pause Roots                                   1.037 / 2.762         1.037 / 2.762         1.037 / 2.762         1.037 / 2.762       ms
[10.094s][info][gc,stats    ]    Subphase: Pause Roots ClassLoaderDataGraph              0.624 / 1.536         0.624 / 1.536         0.624 / 1.536         0.624 / 1.536       ms
[10.094s][info][gc,stats    ]    Subphase: Pause Roots CodeCache                         0.429 / 0.865         0.429 / 0.865         0.429 / 0.865         0.429 / 0.865       ms
[10.095s][info][gc,stats    ]    Subphase: Pause Roots JNIHandles                        0.002 / 0.004         0.002 / 0.004         0.002 / 0.004         0.002 / 0.004       ms
[10.095s][info][gc,stats    ]    Subphase: Pause Roots JNIWeakHandles                    0.000 / 0.000         0.000 / 0.000         0.000 / 0.000         0.000 / 0.000       ms
[10.095s][info][gc,stats    ]    Subphase: Pause Roots JRFWeak                           0.000 / 0.000         0.000 / 0.000         0.000 / 0.000         0.000 / 0.000       ms
[10.095s][info][gc,stats    ]    Subphase: Pause Roots JVMTIExport                       0.001 / 0.001         0.001 / 0.001         0.001 / 0.001         0.001 / 0.001       ms
[10.095s][info][gc,stats    ]    Subphase: Pause Roots JVMTIWeakExport                   0.001 / 0.001         0.001 / 0.001         0.001 / 0.001         0.001 / 0.001       ms
[10.095s][info][gc,stats    ]    Subphase: Pause Roots Management                        0.001 / 0.004         0.001 / 0.004         0.001 / 0.004         0.001 / 0.004       ms
[10.095s][info][gc,stats    ]    Subphase: Pause Roots ObjectSynchronizer                0.000 / 0.000         0.000 / 0.000         0.000 / 0.000         0.000 / 0.000       ms
[10.095s][info][gc,stats    ]    Subphase: Pause Roots Setup                             0.069 / 0.196         0.069 / 0.196         0.069 / 0.196         0.069 / 0.196       ms
[10.095s][info][gc,stats    ]    Subphase: Pause Roots StringTable                       0.000 / 0.000         0.000 / 0.000         0.000 / 0.000         0.000 / 0.000       ms
[10.095s][info][gc,stats    ]    Subphase: Pause Roots SystemDictionary                  0.017 / 0.069         0.017 / 0.069         0.017 / 0.069         0.017 / 0.069       ms
[10.095s][info][gc,stats    ]    Subphase: Pause Roots Teardown                          0.001 / 0.003         0.001 / 0.003         0.001 / 0.003         0.001 / 0.003       ms
[10.095s][info][gc,stats    ]    Subphase: Pause Roots Threads                           0.263 / 0.953         0.263 / 0.953         0.263 / 0.953         0.263 / 0.953       ms
[10.095s][info][gc,stats    ]    Subphase: Pause Roots Universe                          0.042 / 0.336         0.042 / 0.336         0.042 / 0.336         0.042 / 0.336       ms
[10.095s][info][gc,stats    ]    Subphase: Pause Roots VMWeakHandles                     0.000 / 0.000         0.000 / 0.000         0.000 / 0.000         0.000 / 0.000       ms
[10.095s][info][gc,stats    ]    Subphase: Pause Weak Roots                              0.005 / 0.015         0.005 / 0.015         0.005 / 0.015         0.005 / 0.015       ms
[10.095s][info][gc,stats    ]    Subphase: Pause Weak Roots JFRWeak                      0.001 / 0.001         0.001 / 0.001         0.001 / 0.001         0.001 / 0.001       ms
[10.095s][info][gc,stats    ]    Subphase: Pause Weak Roots JNIWeakHandles               0.000 / 0.000         0.000 / 0.000         0.000 / 0.000         0.000 / 0.000       ms
[10.095s][info][gc,stats    ]    Subphase: Pause Weak Roots JVMTIWeakExport              0.004 / 0.014         0.004 / 0.014         0.004 / 0.014         0.004 / 0.014       ms
[10.095s][info][gc,stats    ]    Subphase: Pause Weak Roots Setup                        0.000 / 0.000         0.000 / 0.000         0.000 / 0.000         0.000 / 0.000       ms
[10.095s][info][gc,stats    ]    Subphase: Pause Weak Roots StringTable                  0.000 / 0.000         0.000 / 0.000         0.000 / 0.000         0.000 / 0.000       ms
[10.095s][info][gc,stats    ]    Subphase: Pause Weak Roots SymbolTable                  0.000 / 0.000         0.000 / 0.000         0.000 / 0.000         0.000 / 0.000       ms
[10.095s][info][gc,stats    ]    Subphase: Pause Weak Roots Teardown                     0.001 / 0.001         0.001 / 0.001         0.001 / 0.001         0.001 / 0.001       ms
[10.095s][info][gc,stats    ]    Subphase: Pause Weak Roots VMWeakHandles                0.000 / 0.000         0.000 / 0.000         0.000 / 0.000         0.000 / 0.000       ms
[10.095s][info][gc,stats    ]      System: Java Threads                                     29 / 46               29 / 46               29 / 46               29 / 46          threads
[10.095s][info][gc,stats    ] =========================================================================================================================================================
[10.492s][info][gc,phases   ] GC(4) Concurrent Mark 1090.230ms
[10.495s][info][gc,phases   ] GC(4) Pause Mark End 0.268ms
[10.496s][info][gc,phases   ] GC(4) Concurrent Process Non-Strong References 1.045ms
[10.500s][info][gc,phases   ] GC(4) Concurrent Reset Relocation Set 0.556ms
[10.500s][info][gc,phases   ] GC(4) Concurrent Destroy Detached Pages 0.001ms
[10.502s][info][gc,phases   ] GC(4) Concurrent Select Relocation Set 1.517ms
[10.525s][info][gc,phases   ] GC(4) Concurrent Prepare Relocation Set 22.807ms
[10.526s][info][gc,phases   ] GC(4) Pause Relocate Start 1.097ms
[11.450s][info][gc,phases   ] GC(4) Concurrent Relocate 924.010ms
[11.450s][info][gc,load     ] GC(4) Load: 2.23/2.00/1.22
[11.450s][info][gc,mmu      ] GC(4) MMU: 2ms/0.0%, 5ms/41.4%, 10ms/70.7%, 20ms/84.4%, 50ms/93.8%, 100ms/96.7%
[11.450s][info][gc,marking  ] GC(4) Mark: 1 stripe(s), 3 proactive flush(es), 1 terminate flush(es), 1 completion(s), 0 continuation(s) 
[11.450s][info][gc,reloc    ] GC(4) Relocation: Successful, 51M relocated
[11.450s][info][gc,nmethod  ] GC(4) NMethods: 1150 registered, 0 unregistered
[11.450s][info][gc,metaspace] GC(4) Metaspace: 53M used, 55M capacity, 55M committed, 56M reserved
[11.450s][info][gc,ref      ] GC(4) Soft: 3451 encountered, 0 discovered, 0 enqueued
[11.450s][info][gc,ref      ] GC(4) Weak: 2163 encountered, 1618 discovered, 0 enqueued
[11.450s][info][gc,ref      ] GC(4) Final: 23 encountered, 0 discovered, 0 enqueued
[11.450s][info][gc,ref      ] GC(4) Phantom: 632 encountered, 628 discovered, 0 enqueued
[11.450s][info][gc,heap     ] GC(4)                Mark Start          Mark End        Relocate Start      Relocate End           High               Low         
[11.450s][info][gc,heap     ] GC(4)  Capacity:      682M (55%)         682M (55%)         682M (55%)         682M (55%)         682M (55%)         682M (55%)    
[11.450s][info][gc,heap     ] GC(4)   Reserve:       34M (3%)           34M (3%)           34M (3%)           34M (3%)           34M (3%)           34M (3%)     
[11.450s][info][gc,heap     ] GC(4)      Free:      764M (61%)         756M (60%)         756M (60%)        1014M (81%)        1014M (81%)         754M (60%)    
[11.450s][info][gc,heap     ] GC(4)      Used:      452M (36%)         460M (37%)         460M (37%)         202M (16%)         462M (37%)         202M (16%)    
[11.450s][info][gc,heap     ] GC(4)      Live:         -               153M (12%)         153M (12%)         153M (12%)            -                  -          
[11.450s][info][gc,heap     ] GC(4) Allocated:         -                 8M (1%)            8M (1%)           62M (5%)             -                  -          
[11.450s][info][gc,heap     ] GC(4)   Garbage:         -               298M (24%)         298M (24%)          30M (2%)             -                  -          
[11.450s][info][gc,heap     ] GC(4) Reclaimed:         -                  -                 0M (0%)          268M (21%)            -                  -          
[11.450s][info][gc          ] GC(4) Garbage Collection (Allocation Rate) 452M(36%)->202M(16%)
[12.810s][info][gc,start    ] GC(5) Garbage Collection (System.gc())
[12.821s][info][gc,phases   ] GC(5) Pause Mark Start 4.265ms
[12.933s][info][gc,phases   ] GC(5) Concurrent Mark 112.112ms
[12.933s][info][gc,phases   ] GC(5) Pause Mark End 0.167ms
[12.941s][info][gc,phases   ] GC(5) Concurrent Process Non-Strong References 7.061ms
[12.941s][info][gc,phases   ] GC(5) Concurrent Reset Relocation Set 0.524ms
[12.941s][info][gc,phases   ] GC(5) Concurrent Destroy Detached Pages 0.000ms
[12.943s][info][gc,phases   ] GC(5) Concurrent Select Relocation Set 1.520ms
[12.943s][info][gc,phases   ] GC(5) Concurrent Prepare Relocation Set 0.058ms
[12.948s][info][gc,phases   ] GC(5) Pause Relocate Start 4.879ms
[12.972s][info][gc,phases   ] GC(5) Concurrent Relocate 24.156ms
[12.973s][info][gc,load     ] GC(5) Load: 2.37/2.03/1.24
[12.973s][info][gc,mmu      ] GC(5) MMU: 2ms/0.0%, 5ms/2.4%, 10ms/51.2%, 20ms/74.8%, 50ms/89.9%, 100ms/95.0%
[12.973s][info][gc,marking  ] GC(5) Mark: 1 stripe(s), 2 proactive flush(es), 1 terminate flush(es), 0 completion(s), 0 continuation(s) 
[12.973s][info][gc,reloc    ] GC(5) Relocation: Successful, 11M relocated
[12.973s][info][gc,nmethod  ] GC(5) NMethods: 1367 registered, 0 unregistered
[12.973s][info][gc,metaspace] GC(5) Metaspace: 56M used, 58M capacity, 59M committed, 60M reserved
[12.973s][info][gc,ref      ] GC(5) Soft: 3719 encountered, 0 discovered, 0 enqueued
[12.973s][info][gc,ref      ] GC(5) Weak: 2787 encountered, 2161 discovered, 179 enqueued
[12.973s][info][gc,ref      ] GC(5) Final: 33 encountered, 7 discovered, 7 enqueued
[12.973s][info][gc,ref      ] GC(5) Phantom: 873 encountered, 699 discovered, 232 enqueued
[12.973s][info][gc,heap     ] GC(5)                Mark Start          Mark End        Relocate Start      Relocate End           High               Low         
[12.973s][info][gc,heap     ] GC(5)  Capacity:      720M (58%)         720M (58%)         720M (58%)         720M (58%)         720M (58%)         720M (58%)    
[12.973s][info][gc,heap     ] GC(5)   Reserve:       34M (3%)           34M (3%)           34M (3%)           34M (3%)           34M (3%)           34M (3%)     
[12.973s][info][gc,heap     ] GC(5)      Free:      952M (76%)         950M (76%)        1104M (88%)        1156M (92%)        1156M (92%)         950M (76%)    
[12.973s][info][gc,heap     ] GC(5)      Used:      264M (21%)         266M (21%)         112M (9%)           60M (5%)          266M (21%)          60M (5%)     
[12.973s][info][gc,heap     ] GC(5)      Live:         -                27M (2%)           27M (2%)           27M (2%)             -                  -          
[12.973s][info][gc,heap     ] GC(5) Allocated:         -                 2M (0%)            2M (0%)            6M (0%)             -                  -          
[12.973s][info][gc,heap     ] GC(5)   Garbage:         -               236M (19%)          82M (7%)           30M (2%)             -                  -          
[12.973s][info][gc,heap     ] GC(5) Reclaimed:         -                  -               154M (12%)         206M (16%)            -                  -          
[12.973s][info][gc          ] GC(5) Garbage Collection (System.gc()) 264M(21%)->60M(5%)
[14.894s][info][gc,start    ] GC(6) Garbage Collection (Allocation Rate)
[14.899s][info][gc,phases   ] GC(6) Pause Mark Start 2.430ms
[15.095s][info][gc,phases   ] GC(6) Concurrent Mark 195.171ms
[15.097s][info][gc,phases   ] GC(6) Pause Mark End 0.205ms
[15.099s][info][gc,phases   ] GC(6) Concurrent Process Non-Strong References 1.738ms
[15.099s][info][gc,phases   ] GC(6) Concurrent Reset Relocation Set 0.003ms
[15.099s][info][gc,phases   ] GC(6) Concurrent Destroy Detached Pages 0.000ms
[15.100s][info][gc,phases   ] GC(6) Concurrent Select Relocation Set 1.544ms
[15.102s][info][gc,phases   ] GC(6) Concurrent Prepare Relocation Set 1.767ms
[15.104s][info][gc,phases   ] GC(6) Pause Relocate Start 1.935ms
[15.253s][info][gc,phases   ] GC(6) Concurrent Relocate 141.015ms
[15.253s][info][gc,load     ] GC(6) Load: 2.37/2.03/1.24
[15.253s][info][gc,mmu      ] GC(6) MMU: 2ms/0.0%, 5ms/2.4%, 10ms/51.2%, 20ms/74.8%, 50ms/89.9%, 100ms/95.0%
[15.253s][info][gc,marking  ] GC(6) Mark: 1 stripe(s), 2 proactive flush(es), 3 terminate flush(es), 0 completion(s), 0 continuation(s) 
[15.253s][info][gc,reloc    ] GC(6) Relocation: Successful, 24M relocated
[15.253s][info][gc,nmethod  ] GC(6) NMethods: 1739 registered, 0 unregistered
[15.253s][info][gc,metaspace] GC(6) Metaspace: 62M used, 65M capacity, 65M committed, 66M reserved
[15.253s][info][gc,ref      ] GC(6) Soft: 4282 encountered, 0 discovered, 0 enqueued
[15.253s][info][gc,ref      ] GC(6) Weak: 3798 encountered, 2800 discovered, 239 enqueued
[15.253s][info][gc,ref      ] GC(6) Final: 31 encountered, 4 discovered, 4 enqueued
[15.253s][info][gc,ref      ] GC(6) Phantom: 952 encountered, 917 discovered, 304 enqueued
[15.253s][info][gc,heap     ] GC(6)                Mark Start          Mark End        Relocate Start      Relocate End           High               Low         
[15.253s][info][gc,heap     ] GC(6)  Capacity:      720M (58%)         752M (60%)         752M (60%)         752M (60%)         752M (60%)         720M (58%)    
[15.253s][info][gc,heap     ] GC(6)   Reserve:       34M (3%)           34M (3%)           34M (3%)           34M (3%)           34M (3%)           34M (3%)     
[15.253s][info][gc,heap     ] GC(6)      Free:      884M (71%)         764M (61%)         770M (62%)        1002M (80%)        1004M (80%)         764M (61%)    
[15.253s][info][gc,heap     ] GC(6)      Used:      332M (27%)         452M (36%)         446M (36%)         214M (17%)         452M (36%)         212M (17%)    
[15.253s][info][gc,heap     ] GC(6)      Live:         -                43M (3%)           43M (3%)           43M (3%)             -                  -          
[15.253s][info][gc,heap     ] GC(6) Allocated:         -               120M (10%)         120M (10%)         192M (15%)            -                  -          
[15.253s][info][gc,heap     ] GC(6)   Garbage:         -               288M (23%)         282M (23%)    17592186044414M (1         -                  -          
[15.253s][info][gc,heap     ] GC(6) Reclaimed:         -                  -                 6M (0%)          290M (23%)            -                  -          
[15.253s][info][gc          ] GC(6) Garbage Collection (Allocation Rate) 332M(27%)->214M(17%)
[15.294s][info][gc,start    ] GC(7) Garbage Collection (Allocation Rate)
[15.300s][info][gc,phases   ] GC(7) Pause Mark Start 3.485ms
[15.553s][info][gc,phases   ] GC(7) Concurrent Mark 252.786ms
[15.555s][info][gc,phases   ] GC(7) Pause Mark End 0.198ms
[15.557s][info][gc,phases   ] GC(7) Concurrent Process Non-Strong References 1.715ms
[15.557s][info][gc,phases   ] GC(7) Concurrent Reset Relocation Set 0.183ms
[15.557s][info][gc,phases   ] GC(7) Concurrent Destroy Detached Pages 0.000ms
[15.559s][info][gc,phases   ] GC(7) Concurrent Select Relocation Set 1.498ms
[15.560s][info][gc,phases   ] GC(7) Concurrent Prepare Relocation Set 1.364ms
[15.562s][info][gc,phases   ] GC(7) Pause Relocate Start 1.554ms
[15.667s][info][gc,phases   ] GC(7) Concurrent Relocate 99.133ms
[15.667s][info][gc,load     ] GC(7) Load: 2.37/2.03/1.24
[15.667s][info][gc,mmu      ] GC(7) MMU: 2ms/0.0%, 5ms/2.4%, 10ms/51.2%, 20ms/74.8%, 50ms/89.9%, 100ms/95.0%
[15.667s][info][gc,marking  ] GC(7) Mark: 1 stripe(s), 3 proactive flush(es), 1 terminate flush(es), 0 completion(s), 0 continuation(s) 
[15.667s][info][gc,reloc    ] GC(7) Relocation: Successful, 21M relocated
[15.667s][info][gc,nmethod  ] GC(7) NMethods: 1766 registered, 0 unregistered
[15.667s][info][gc,metaspace] GC(7) Metaspace: 62M used, 65M capacity, 65M committed, 66M reserved
[15.667s][info][gc,ref      ] GC(7) Soft: 4282 encountered, 0 discovered, 0 enqueued
[15.667s][info][gc,ref      ] GC(7) Weak: 3559 encountered, 2562 discovered, 0 enqueued
[15.667s][info][gc,ref      ] GC(7) Final: 27 encountered, 0 discovered, 0 enqueued
[15.667s][info][gc,ref      ] GC(7) Phantom: 648 encountered, 644 discovered, 0 enqueued
[15.667s][info][gc,heap     ] GC(7)                Mark Start          Mark End        Relocate Start      Relocate End           High               Low         
[15.667s][info][gc,heap     ] GC(7)  Capacity:      752M (60%)         752M (60%)         752M (60%)         752M (60%)         752M (60%)         752M (60%)    
[15.667s][info][gc,heap     ] GC(7)   Reserve:       34M (3%)           34M (3%)           34M (3%)           34M (3%)           34M (3%)           34M (3%)     
[15.667s][info][gc,heap     ] GC(7)      Free:      988M (79%)         862M (69%)         862M (69%)         960M (77%)         988M (79%)         858M (69%)    
[15.667s][info][gc,heap     ] GC(7)      Used:      228M (18%)         354M (28%)         354M (28%)         256M (20%)         358M (29%)         228M (18%)    
[15.667s][info][gc,heap     ] GC(7)      Live:         -                56M (5%)           56M (5%)           56M (5%)             -                  -          
[15.667s][info][gc,heap     ] GC(7) Allocated:         -               126M (10%)         126M (10%)         184M (15%)            -                  -          
[15.667s][info][gc,heap     ] GC(7)   Garbage:         -               171M (14%)         171M (14%)          27M (2%)             -                  -          
[15.667s][info][gc,heap     ] GC(7) Reclaimed:         -                  -                 0M (0%)          144M (12%)            -                  -          
[15.667s][info][gc          ] GC(7) Garbage Collection (Allocation Rate) 228M(18%)->256M(20%)
[15.695s][info][gc,start    ] GC(8) Garbage Collection (Allocation Rate)
[15.698s][info][gc,phases   ] GC(8) Pause Mark Start 1.795ms
[15.986s][info][gc,phases   ] GC(8) Concurrent Mark 287.283ms
[15.988s][info][gc,phases   ] GC(8) Pause Mark End 0.201ms
[15.990s][info][gc,phases   ] GC(8) Concurrent Process Non-Strong References 1.222ms
[15.990s][info][gc,phases   ] GC(8) Concurrent Reset Relocation Set 0.174ms
[15.990s][info][gc,phases   ] GC(8) Concurrent Destroy Detached Pages 0.000ms
[15.991s][info][gc,phases   ] GC(8) Concurrent Select Relocation Set 1.521ms
[15.993s][info][gc,phases   ] GC(8) Concurrent Prepare Relocation Set 1.865ms
[15.995s][info][gc,phases   ] GC(8) Pause Relocate Start 1.555ms
[16.138s][info][gc,phases   ] GC(8) Concurrent Relocate 133.426ms
[16.138s][info][gc,load     ] GC(8) Load: 2.37/2.03/1.24
[16.138s][info][gc,mmu      ] GC(8) MMU: 2ms/0.0%, 5ms/2.4%, 10ms/51.2%, 20ms/74.8%, 50ms/89.9%, 100ms/95.0%
[16.138s][info][gc,marking  ] GC(8) Mark: 1 stripe(s), 2 proactive flush(es), 1 terminate flush(es), 0 completion(s), 0 continuation(s) 
[16.138s][info][gc,reloc    ] GC(8) Relocation: Successful, 22M relocated
[16.138s][info][gc,nmethod  ] GC(8) NMethods: 1827 registered, 0 unregistered
[16.138s][info][gc,metaspace] GC(8) Metaspace: 62M used, 65M capacity, 65M committed, 66M reserved
[16.138s][info][gc,ref      ] GC(8) Soft: 4282 encountered, 0 discovered, 0 enqueued
[16.138s][info][gc,ref      ] GC(8) Weak: 3559 encountered, 2562 discovered, 0 enqueued
[16.138s][info][gc,ref      ] GC(8) Final: 27 encountered, 0 discovered, 0 enqueued
[16.138s][info][gc,ref      ] GC(8) Phantom: 648 encountered, 644 discovered, 0 enqueued
[16.138s][info][gc,heap     ] GC(8)                Mark Start          Mark End        Relocate Start      Relocate End           High               Low         
[16.138s][info][gc,heap     ] GC(8)  Capacity:      752M (60%)         752M (60%)         752M (60%)         752M (60%)         752M (60%)         752M (60%)    
[16.138s][info][gc,heap     ] GC(8)   Reserve:       34M (3%)           34M (3%)           34M (3%)           34M (3%)           34M (3%)           34M (3%)     
[16.138s][info][gc,heap     ] GC(8)      Free:      938M (75%)         792M (63%)         792M (63%)         896M (72%)         938M (75%)         782M (63%)    
[16.138s][info][gc,heap     ] GC(8)      Used:      278M (22%)         424M (34%)         424M (34%)         320M (26%)         434M (35%)         278M (22%)    
[16.138s][info][gc,heap     ] GC(8)      Live:         -                74M (6%)           74M (6%)           74M (6%)             -                  -          
[16.138s][info][gc,heap     ] GC(8) Allocated:         -               146M (12%)         146M (12%)         234M (19%)            -                  -          
[16.138s][info][gc,heap     ] GC(8)   Garbage:         -               203M (16%)         203M (16%)          33M (3%)             -                  -          
[16.138s][info][gc,heap     ] GC(8) Reclaimed:         -                  -                 0M (0%)          170M (14%)            -                  -          
[16.138s][info][gc          ] GC(8) Garbage Collection (Allocation Rate) 278M(22%)->320M(26%)
[16.194s][info][gc,start    ] GC(9) Garbage Collection (Allocation Rate)
[16.200s][info][gc,phases   ] GC(9) Pause Mark Start 1.974ms
[16.702s][info][gc,phases   ] GC(9) Concurrent Mark 502.207ms
[16.704s][info][gc,phases   ] GC(9) Pause Mark End 0.205ms
[16.706s][info][gc,phases   ] GC(9) Concurrent Process Non-Strong References 1.356ms
[16.706s][info][gc,phases   ] GC(9) Concurrent Reset Relocation Set 0.032ms
[16.706s][info][gc,phases   ] GC(9) Concurrent Destroy Detached Pages 0.000ms
[16.707s][info][gc,phases   ] GC(9) Concurrent Select Relocation Set 1.566ms
[16.710s][info][gc,phases   ] GC(9) Concurrent Prepare Relocation Set 2.364ms
[16.712s][info][gc,phases   ] GC(9) Pause Relocate Start 2.103ms
[16.862s][info][gc,phases   ] GC(9) Concurrent Relocate 145.872ms
[16.862s][info][gc,load     ] GC(9) Load: 2.37/2.03/1.24
[16.862s][info][gc,mmu      ] GC(9) MMU: 2ms/0.0%, 5ms/2.4%, 10ms/51.2%, 20ms/74.8%, 50ms/89.9%, 100ms/95.0%
[16.862s][info][gc,marking  ] GC(9) Mark: 1 stripe(s), 2 proactive flush(es), 1 terminate flush(es), 0 completion(s), 0 continuation(s) 
[16.862s][info][gc,reloc    ] GC(9) Relocation: Successful, 28M relocated
[16.862s][info][gc,nmethod  ] GC(9) NMethods: 1880 registered, 0 unregistered
[16.862s][info][gc,metaspace] GC(9) Metaspace: 63M used, 66M capacity, 66M committed, 68M reserved
[16.862s][info][gc,ref      ] GC(9) Soft: 4282 encountered, 0 discovered, 0 enqueued
[16.862s][info][gc,ref      ] GC(9) Weak: 3559 encountered, 2579 discovered, 0 enqueued
[16.862s][info][gc,ref      ] GC(9) Final: 27 encountered, 0 discovered, 0 enqueued
[16.862s][info][gc,ref      ] GC(9) Phantom: 648 encountered, 644 discovered, 0 enqueued
[16.862s][info][gc,heap     ] GC(9)                Mark Start          Mark End        Relocate Start      Relocate End           High               Low         
[16.862s][info][gc,heap     ] GC(9)  Capacity:      762M (61%)         774M (62%)         774M (62%)         782M (63%)         782M (63%)         762M (61%)    
[16.862s][info][gc,heap     ] GC(9)   Reserve:       34M (3%)           34M (3%)           34M (3%)           34M (3%)           34M (3%)           34M (3%)     
[16.862s][info][gc,heap     ] GC(9)      Free:      822M (66%)         540M (43%)         540M (43%)         616M (49%)         822M (66%)         532M (43%)    
[16.862s][info][gc,heap     ] GC(9)      Used:      394M (32%)         676M (54%)         676M (54%)         600M (48%)         684M (55%)         394M (32%)    
[16.862s][info][gc,heap     ] GC(9)      Live:         -               107M (9%)          107M (9%)          107M (9%)             -                  -          
[16.862s][info][gc,heap     ] GC(9) Allocated:         -               282M (23%)         282M (23%)         486M (39%)            -                  -          
[16.862s][info][gc,heap     ] GC(9)   Garbage:         -               286M (23%)         286M (23%)          30M (2%)             -                  -          
[16.862s][info][gc,heap     ] GC(9) Reclaimed:         -                  -                 0M (0%)          256M (20%)            -                  -          
[16.862s][info][gc          ] GC(9) Garbage Collection (Allocation Rate) 394M(32%)->600M(48%)
[16.894s][info][gc,start    ] GC(10) Garbage Collection (Allocation Rate)
[16.898s][info][gc,phases   ] GC(10) Pause Mark Start 1.887ms
[17.293s][info][gc,phases   ] GC(10) Concurrent Mark 394.638ms
[17.295s][info][gc,phases   ] GC(10) Pause Mark End 0.199ms
[17.297s][info][gc,phases   ] GC(10) Concurrent Process Non-Strong References 1.281ms
[17.297s][info][gc,phases   ] GC(10) Concurrent Reset Relocation Set 0.040ms
[17.297s][info][gc,phases   ] GC(10) Concurrent Destroy Detached Pages 0.000ms
[17.299s][info][gc,phases   ] GC(10) Concurrent Select Relocation Set 1.757ms
[17.311s][info][gc,phases   ] GC(10) Concurrent Prepare Relocation Set 12.299ms
[17.317s][info][gc,phases   ] GC(10) Pause Relocate Start 3.506ms
[17.562s][info][gc,phases   ] GC(10) Concurrent Relocate 242.249ms
[17.565s][info][gc,load     ] GC(10) Load: 2.37/2.03/1.24
[17.565s][info][gc,mmu      ] GC(10) MMU: 2ms/0.0%, 5ms/2.4%, 10ms/51.2%, 20ms/74.8%, 50ms/89.9%, 100ms/95.0%
[17.565s][info][gc,marking  ] GC(10) Mark: 1 stripe(s), 2 proactive flush(es), 1 terminate flush(es), 0 completion(s), 0 continuation(s) 
[17.565s][info][gc,reloc    ] GC(10) Relocation: Successful, 47M relocated
[17.565s][info][gc,nmethod  ] GC(10) NMethods: 1900 registered, 0 unregistered
[17.565s][info][gc,metaspace] GC(10) Metaspace: 63M used, 66M capacity, 66M committed, 68M reserved
[17.565s][info][gc,ref      ] GC(10) Soft: 4308 encountered, 0 discovered, 0 enqueued
[17.565s][info][gc,ref      ] GC(10) Weak: 3715 encountered, 2703 discovered, 51 enqueued
[17.565s][info][gc,ref      ] GC(10) Final: 27 encountered, 0 discovered, 0 enqueued
[17.565s][info][gc,ref      ] GC(10) Phantom: 693 encountered, 689 discovered, 44 enqueued
[17.565s][info][gc,heap     ] GC(10)                Mark Start          Mark End        Relocate Start      Relocate End           High               Low         
[17.565s][info][gc,heap     ] GC(10)  Capacity:      782M (63%)        1026M (82%)        1030M (82%)        1034M (83%)        1034M (83%)         782M (63%)    
[17.565s][info][gc,heap     ] GC(10)   Reserve:       34M (3%)           34M (3%)           34M (3%)           34M (3%)           34M (3%)           34M (3%)     
[17.565s][info][gc,heap     ] GC(10)      Free:      560M (45%)         288M (23%)         290M (23%)         460M (37%)         560M (45%)         286M (23%)    
[17.565s][info][gc,heap     ] GC(10)      Used:      656M (52%)         928M (74%)         926M (74%)         756M (60%)         930M (74%)         656M (52%)    
[17.565s][info][gc,heap     ] GC(10)      Live:         -               141M (11%)         141M (11%)         141M (11%)            -                  -          
[17.565s][info][gc,heap     ] GC(10) Allocated:         -               272M (22%)         276M (22%)         626M (50%)            -                  -          
[17.565s][info][gc,heap     ] GC(10)   Garbage:         -               514M (41%)         508M (41%)          34M (3%)             -                  -          
[17.565s][info][gc,heap     ] GC(10) Reclaimed:         -                  -                 6M (0%)          480M (38%)            -                  -          
[17.565s][info][gc          ] GC(10) Garbage Collection (Allocation Rate) 656M(52%)->756M(60%)
[17.594s][info][gc,start    ] GC(11) Garbage Collection (Allocation Rate)
[17.599s][info][gc,phases   ] GC(11) Pause Mark Start 2.992ms
[18.325s][info][gc,phases   ] GC(11) Concurrent Mark 725.867ms
[18.326s][info][gc,phases   ] GC(11) Pause Mark End 0.647ms
[18.330s][info][gc,phases   ] GC(11) Concurrent Process Non-Strong References 3.433ms
[18.330s][info][gc,phases   ] GC(11) Concurrent Reset Relocation Set 0.119ms
[18.330s][info][gc,phases   ] GC(11) Concurrent Destroy Detached Pages 0.001ms
[18.335s][info][gc,phases   ] GC(11) Concurrent Select Relocation Set 5.179ms
[18.399s][info][gc,phases   ] GC(11) Concurrent Prepare Relocation Set 63.406ms
[18.405s][info][gc,phases   ] GC(11) Pause Relocate Start 5.725ms
[19.006s][info][gc,phases   ] GC(11) Concurrent Relocate 598.844ms
[19.007s][info][gc,load     ] GC(11) Load: 2.34/2.03/1.24
[19.007s][info][gc,mmu      ] GC(11) MMU: 2ms/0.0%, 5ms/0.0%, 10ms/42.7%, 20ms/71.4%, 50ms/88.5%, 100ms/93.6%
[19.007s][info][gc,marking  ] GC(11) Mark: 1 stripe(s), 2 proactive flush(es), 2 terminate flush(es), 0 completion(s), 0 continuation(s) 
[19.007s][info][gc,reloc    ] GC(11) Relocation: Successful, 54M relocated
[19.007s][info][gc,nmethod  ] GC(11) NMethods: 1951 registered, 0 unregistered
[19.007s][info][gc,metaspace] GC(11) Metaspace: 64M used, 67M capacity, 67M committed, 68M reserved
[19.007s][info][gc,ref      ] GC(11) Soft: 4308 encountered, 0 discovered, 0 enqueued
[19.007s][info][gc,ref      ] GC(11) Weak: 3664 encountered, 2652 discovered, 0 enqueued
[19.007s][info][gc,ref      ] GC(11) Final: 27 encountered, 0 discovered, 0 enqueued
[19.007s][info][gc,ref      ] GC(11) Phantom: 649 encountered, 645 discovered, 0 enqueued
[19.007s][info][gc,heap     ] GC(11)                Mark Start          Mark End        Relocate Start      Relocate End           High               Low         
[19.007s][info][gc,heap     ] GC(11)  Capacity:     1034M (83%)        1192M (95%)        1194M (96%)        1196M (96%)        1196M (96%)        1034M (83%)    
[19.007s][info][gc,heap     ] GC(11)   Reserve:       34M (3%)           34M (3%)           34M (3%)           34M (3%)           34M (3%)           34M (3%)     
[19.007s][info][gc,heap     ] GC(11)      Free:      434M (35%)         128M (10%)         136M (11%)         632M (51%)         632M (51%)         128M (10%)    
[19.007s][info][gc,heap     ] GC(11)      Used:      782M (63%)        1088M (87%)        1080M (86%)         584M (47%)        1088M (87%)         584M (47%)    
[19.007s][info][gc,heap     ] GC(11)      Live:         -               197M (16%)         197M (16%)         197M (16%)            -                  -          
[19.007s][info][gc,heap     ] GC(11) Allocated:         -               308M (25%)         310M (25%)         408M (33%)            -                  -          
[19.007s][info][gc,heap     ] GC(11)   Garbage:         -               584M (47%)         574M (46%)          30M (2%)             -                  -          
[19.007s][info][gc,heap     ] GC(11) Reclaimed:         -                  -                10M (1%)          554M (44%)            -                  -          
[19.007s][info][gc          ] GC(11) Garbage Collection (Allocation Rate) 782M(63%)->584M(47%)
[19.094s][info][gc,start    ] GC(12) Garbage Collection (Allocation Rate)
[19.097s][info][gc,phases   ] GC(12) Pause Mark Start 2.092ms
[19.916s][info][gc,phases   ] GC(12) Concurrent Mark 819.266ms
[19.919s][info][gc,phases   ] GC(12) Pause Mark End 0.226ms
[19.920s][info][gc,phases   ] GC(12) Concurrent Process Non-Strong References 1.484ms
[19.923s][info][gc,phases   ] GC(12) Concurrent Reset Relocation Set 0.260ms
[19.923s][info][gc,phases   ] GC(12) Concurrent Destroy Detached Pages 0.001ms
[19.925s][info][gc,phases   ] GC(12) Concurrent Select Relocation Set 1.604ms
[19.934s][info][gc,phases   ] GC(12) Concurrent Prepare Relocation Set 8.673ms
[19.937s][info][gc,phases   ] GC(12) Pause Relocate Start 3.265ms
[20.094s][info][gc,stats    ] === Garbage Collection Statistics =======================================================================================================================
[20.094s][info][gc,stats    ]                                                              Last 10s              Last 10m              Last 10h                Total
[20.094s][info][gc,stats    ]                                                              Avg / Max             Avg / Max             Avg / Max             Avg / Max
[20.094s][info][gc,stats    ]   Collector: Garbage Collection Cycle                    768.041 / 2055.681    717.857 / 2055.681    717.857 / 2055.681    717.857 / 2055.681    ms
[20.094s][info][gc,stats    ]  Contention: Mark Segment Reset Contention                     0 / 0                 0 / 0                 0 / 0                 0 / 0           ops/s
[20.094s][info][gc,stats    ]  Contention: Mark SeqNum Reset Contention                      0 / 0                 0 / 0                 0 / 0                 0 / 0           ops/s
[20.094s][info][gc,stats    ]  Contention: Relocation Contention                             0 / 0                 0 / 0                 0 / 0                 0 / 0           ops/s
[20.094s][info][gc,stats    ]    Critical: Allocation Stall                              0.000 / 0.000         0.000 / 0.000         0.000 / 0.000         0.000 / 0.000       ms
[20.094s][info][gc,stats    ]    Critical: Allocation Stall                                  0 / 0                 0 / 0                 0 / 0                 0 / 0           ops/s
[20.094s][info][gc,stats    ]    Critical: GC Locker Stall                               0.000 / 0.000         0.000 / 0.000         0.000 / 0.000         0.000 / 0.000       ms
[20.094s][info][gc,stats    ]    Critical: GC Locker Stall                                   0 / 0                 0 / 0                 0 / 0                 0 / 0           ops/s
[20.094s][info][gc,stats    ]      Memory: Allocation Rate                                 289 / 752             202 / 752             202 / 752             202 / 752         MB/s
[20.094s][info][gc,stats    ]      Memory: Heap Used After Mark                            615 / 1088            531 / 1088            531 / 1088            531 / 1088        MB
[20.094s][info][gc,stats    ]      Memory: Heap Used After Relocation                      374 / 756             328 / 756             328 / 756             328 / 756         MB
[20.094s][info][gc,stats    ]      Memory: Heap Used Before Mark                           440 / 782             385 / 782             385 / 782             385 / 782         MB
[20.094s][info][gc,stats    ]      Memory: Heap Used Before Relocation                     590 / 1080            514 / 1080            514 / 1080            514 / 1080        MB
[20.094s][info][gc,stats    ]      Memory: Out Of Memory                                     0 / 0                 0 / 0                 0 / 0                 0 / 0           ops/s
[20.094s][info][gc,stats    ]      Memory: Page Cache Flush                                  0 / 0                 0 / 0                 0 / 0                 0 / 0           MB/s
[20.094s][info][gc,stats    ]      Memory: Page Cache Hit L1                               126 / 320              78 / 320              78 / 320              78 / 320         ops/s
[20.094s][info][gc,stats    ]      Memory: Page Cache Hit L2                                 0 / 0                 0 / 0                 0 / 0                 0 / 0           ops/s
[20.094s][info][gc,stats    ]      Memory: Page Cache Miss                                  20 / 112              25 / 170              25 / 170              25 / 170         ops/s
[20.094s][info][gc,stats    ]      Memory: Undo Object Allocation Failed                     0 / 0                 0 / 0                 0 / 0                 0 / 0           ops/s
[20.094s][info][gc,stats    ]      Memory: Undo Object Allocation Succeeded                  0 / 0                 0 / 0                 0 / 0                 0 / 0           ops/s
[20.094s][info][gc,stats    ]      Memory: Undo Page Allocation                              0 / 1                 0 / 1                 0 / 1                 0 / 1           ops/s
[20.094s][info][gc,stats    ]       Phase: Concurrent Destroy Detached Pages             0.000 / 0.001         0.000 / 0.001         0.000 / 0.001         0.000 / 0.001       ms
[20.094s][info][gc,stats    ]       Phase: Concurrent Mark                             486.618 / 1090.230    430.490 / 1090.230    430.490 / 1090.230    430.490 / 1090.230    ms
[20.094s][info][gc,stats    ]       Phase: Concurrent Mark Continue                      0.000 / 0.000         0.000 / 0.000         0.000 / 0.000         0.000 / 0.000       ms
[20.094s][info][gc,stats    ]       Phase: Concurrent Prepare Relocation Set            12.734 / 63.406       10.841 / 63.406       10.841 / 63.406       10.841 / 63.406      ms
[20.094s][info][gc,stats    ]       Phase: Concurrent Process Non-Strong References      2.260 / 7.061         1.946 / 7.061         1.946 / 7.061         1.946 / 7.061       ms
[20.094s][info][gc,stats    ]       Phase: Concurrent Relocate                         288.588 / 924.010     288.740 / 924.010     288.740 / 924.010     288.740 / 924.010     ms
[20.094s][info][gc,stats    ]       Phase: Concurrent Reset Relocation Set               0.210 / 0.556         0.191 / 0.556         0.191 / 0.556         0.191 / 0.556       ms
[20.094s][info][gc,stats    ]       Phase: Concurrent Select Relocation Set              1.967 / 5.179         2.319 / 7.826         2.319 / 7.826         2.319 / 7.826       ms
[20.094s][info][gc,stats    ]       Phase: Pause Mark End                                0.257 / 0.647         0.227 / 0.647         0.227 / 0.647         0.227 / 0.647       ms
[20.094s][info][gc,stats    ]       Phase: Pause Mark Start                              2.615 / 4.265         2.169 / 4.265         2.169 / 4.265         2.169 / 4.265       ms
[20.094s][info][gc,stats    ]       Phase: Pause Relocate Start                          2.847 / 5.725         2.501 / 5.725         2.501 / 5.725         2.501 / 5.725       ms
[20.094s][info][gc,stats    ]    Subphase: Concurrent Mark                             484.904 / 1090.201    429.297 / 1090.201    429.297 / 1090.201    429.297 / 1090.201    ms
[20.094s][info][gc,stats    ]    Subphase: Concurrent Mark Idle                          0.000 / 0.000         0.000 / 0.000         0.000 / 0.000         0.000 / 0.000       ms
[20.094s][info][gc,stats    ]    Subphase: Concurrent Mark Try Flush                     2.783 / 11.943        2.893 / 13.109        2.893 / 13.109        2.893 / 13.109      ms
[20.094s][info][gc,stats    ]    Subphase: Concurrent Mark Try Terminate                 1.043 / 5.909         0.999 / 5.909         0.999 / 5.909         0.999 / 5.909       ms
[20.094s][info][gc,stats    ]    Subphase: Concurrent References Enqueue                 0.002 / 0.005         0.002 / 0.005         0.002 / 0.005         0.002 / 0.005       ms
[20.094s][info][gc,stats    ]    Subphase: Concurrent References Process                 0.632 / 1.047         0.574 / 1.047         0.574 / 1.047         0.574 / 1.047       ms
[20.094s][info][gc,stats    ]    Subphase: Concurrent Weak Roots                         0.894 / 1.779         0.855 / 1.779         0.855 / 1.779         0.855 / 1.779       ms
[20.094s][info][gc,stats    ]    Subphase: Concurrent Weak Roots JNIWeakHandles          0.000 / 0.001         0.000 / 0.001         0.000 / 0.001         0.000 / 0.001       ms
[20.094s][info][gc,stats    ]    Subphase: Concurrent Weak Roots StringTable             0.685 / 1.357         0.665 / 1.357         0.665 / 1.357         0.665 / 1.357       ms
[20.094s][info][gc,stats    ]    Subphase: Concurrent Weak Roots VMWeakHandles           0.207 / 0.417         0.188 / 0.417         0.188 / 0.417         0.188 / 0.417       ms
[20.094s][info][gc,stats    ]    Subphase: Pause Mark Try Complete                       0.001 / 0.001         0.001 / 0.001         0.001 / 0.001         0.001 / 0.001       ms
[20.094s][info][gc,stats    ]    Subphase: Pause Remap TLABS                             0.001 / 0.002         0.001 / 0.002         0.001 / 0.002         0.001 / 0.002       ms
[20.094s][info][gc,stats    ]    Subphase: Pause Retire TLABS                            0.016 / 0.033         0.014 / 0.033         0.014 / 0.033         0.014 / 0.033       ms
[20.094s][info][gc,stats    ]    Subphase: Pause Roots                                   1.680 / 5.225         1.466 / 5.225         1.466 / 5.225         1.466 / 5.225       ms
[20.094s][info][gc,stats    ]    Subphase: Pause Roots ClassLoaderDataGraph              0.872 / 3.853         0.786 / 3.853         0.786 / 3.853         0.786 / 3.853       ms
[20.094s][info][gc,stats    ]    Subphase: Pause Roots CodeCache                         1.124 / 3.789         0.884 / 3.789         0.884 / 3.789         0.884 / 3.789       ms
[20.094s][info][gc,stats    ]    Subphase: Pause Roots JNIHandles                        0.001 / 0.003         0.001 / 0.004         0.001 / 0.004         0.001 / 0.004       ms
[20.094s][info][gc,stats    ]    Subphase: Pause Roots JNIWeakHandles                    0.000 / 0.000         0.000 / 0.000         0.000 / 0.000         0.000 / 0.000       ms
[20.094s][info][gc,stats    ]    Subphase: Pause Roots JRFWeak                           0.000 / 0.000         0.000 / 0.000         0.000 / 0.000         0.000 / 0.000       ms
[20.094s][info][gc,stats    ]    Subphase: Pause Roots JVMTIExport                       0.001 / 0.001         0.001 / 0.001         0.001 / 0.001         0.001 / 0.001       ms
[20.094s][info][gc,stats    ]    Subphase: Pause Roots JVMTIWeakExport                   0.001 / 0.001         0.001 / 0.001         0.001 / 0.001         0.001 / 0.001       ms
[20.094s][info][gc,stats    ]    Subphase: Pause Roots Management                        0.001 / 0.003         0.001 / 0.004         0.001 / 0.004         0.001 / 0.004       ms
[20.094s][info][gc,stats    ]    Subphase: Pause Roots ObjectSynchronizer                0.000 / 0.001         0.000 / 0.001         0.000 / 0.001         0.000 / 0.001       ms
[20.094s][info][gc,stats    ]    Subphase: Pause Roots Setup                             0.162 / 0.444         0.131 / 0.444         0.131 / 0.444         0.131 / 0.444       ms
[20.094s][info][gc,stats    ]    Subphase: Pause Roots StringTable                       0.000 / 0.000         0.000 / 0.000         0.000 / 0.000         0.000 / 0.000       ms
[20.094s][info][gc,stats    ]    Subphase: Pause Roots SystemDictionary                  0.108 / 1.621         0.076 / 1.621         0.076 / 1.621         0.076 / 1.621       ms
[20.094s][info][gc,stats    ]    Subphase: Pause Roots Teardown                          0.001 / 0.003         0.001 / 0.003         0.001 / 0.003         0.001 / 0.003       ms
[20.094s][info][gc,stats    ]    Subphase: Pause Roots Threads                           0.297 / 0.826         0.286 / 0.953         0.286 / 0.953         0.286 / 0.953       ms
[20.094s][info][gc,stats    ]    Subphase: Pause Roots Universe                          0.003 / 0.007         0.016 / 0.336         0.016 / 0.336         0.016 / 0.336       ms
[20.094s][info][gc,stats    ]    Subphase: Pause Roots VMWeakHandles                     0.000 / 0.000         0.000 / 0.000         0.000 / 0.000         0.000 / 0.000       ms
[20.094s][info][gc,stats    ]    Subphase: Pause Weak Roots                              0.002 / 0.003         0.003 / 0.015         0.003 / 0.015         0.003 / 0.015       ms
[20.094s][info][gc,stats    ]    Subphase: Pause Weak Roots JFRWeak                      0.001 / 0.001         0.001 / 0.001         0.001 / 0.001         0.001 / 0.001       ms
[20.094s][info][gc,stats    ]    Subphase: Pause Weak Roots JNIWeakHandles               0.000 / 0.000         0.000 / 0.000         0.000 / 0.000         0.000 / 0.000       ms
[20.094s][info][gc,stats    ]    Subphase: Pause Weak Roots JVMTIWeakExport              0.001 / 0.001         0.002 / 0.014         0.002 / 0.014         0.002 / 0.014       ms
[20.094s][info][gc,stats    ]    Subphase: Pause Weak Roots Setup                        0.000 / 0.000         0.000 / 0.000         0.000 / 0.000         0.000 / 0.000       ms
[20.094s][info][gc,stats    ]    Subphase: Pause Weak Roots StringTable                  0.000 / 0.000         0.000 / 0.000         0.000 / 0.000         0.000 / 0.000       ms
[20.094s][info][gc,stats    ]    Subphase: Pause Weak Roots SymbolTable                  0.000 / 0.000         0.000 / 0.000         0.000 / 0.000         0.000 / 0.000       ms
[20.094s][info][gc,stats    ]    Subphase: Pause Weak Roots Teardown                     0.001 / 0.001         0.001 / 0.001         0.001 / 0.001         0.001 / 0.001       ms
[20.094s][info][gc,stats    ]    Subphase: Pause Weak Roots VMWeakHandles                0.000 / 0.000         0.000 / 0.000         0.000 / 0.000         0.000 / 0.000       ms
[20.094s][info][gc,stats    ]      System: Java Threads                                     47 / 49               41 / 49               41 / 49               41 / 49          threads
[20.094s][info][gc,stats    ] =========================================================================================================================================================
[20.212s][info][gc,phases   ] GC(12) Concurrent Relocate 271.259ms
[20.212s][info][gc,load     ] GC(12) Load: 2.34/2.03/1.24
[20.212s][info][gc,mmu      ] GC(12) MMU: 2ms/0.0%, 5ms/0.0%, 10ms/42.7%, 20ms/71.4%, 50ms/88.5%, 100ms/93.6%
[20.212s][info][gc,marking  ] GC(12) Mark: 1 stripe(s), 2 proactive flush(es), 1 terminate flush(es), 0 completion(s), 0 continuation(s) 
[20.212s][info][gc,reloc    ] GC(12) Relocation: Successful, 31M relocated
[20.212s][info][gc,nmethod  ] GC(12) NMethods: 2183 registered, 0 unregistered
[20.212s][info][gc,metaspace] GC(12) Metaspace: 65M used, 68M capacity, 68M committed, 70M reserved
[20.212s][info][gc,ref      ] GC(12) Soft: 4534 encountered, 0 discovered, 0 enqueued
[20.212s][info][gc,ref      ] GC(12) Weak: 4312 encountered, 3202 discovered, 205 enqueued
[20.212s][info][gc,ref      ] GC(12) Final: 27 encountered, 0 discovered, 0 enqueued
[20.212s][info][gc,ref      ] GC(12) Phantom: 801 encountered, 797 discovered, 153 enqueued
[20.212s][info][gc,heap     ] GC(12)                Mark Start          Mark End        Relocate Start      Relocate End           High               Low         
[20.212s][info][gc,heap     ] GC(12)  Capacity:     1196M (96%)        1196M (96%)        1196M (96%)        1196M (96%)        1196M (96%)        1196M (96%)    
[20.212s][info][gc,heap     ] GC(12)   Reserve:       34M (3%)           34M (3%)           34M (3%)           34M (3%)           34M (3%)           34M (3%)     
[20.212s][info][gc,heap     ] GC(12)      Free:      624M (50%)         324M (26%)         380M (30%)         548M (44%)         624M (50%)         324M (26%)    
[20.212s][info][gc,heap     ] GC(12)      Used:      592M (47%)         892M (71%)         836M (67%)         668M (53%)         892M (71%)         592M (47%)    
[20.212s][info][gc,heap     ] GC(12)      Live:         -               215M (17%)         215M (17%)         215M (17%)            -                  -          
[20.212s][info][gc,heap     ] GC(12) Allocated:         -               300M (24%)         300M (24%)         448M (36%)            -                  -          
[20.212s][info][gc,heap     ] GC(12)   Garbage:         -               376M (30%)         320M (26%)          32M (3%)             -                  -          
[20.212s][info][gc,heap     ] GC(12) Reclaimed:         -                  -                56M (4%)          344M (28%)            -                  -          
[20.212s][info][gc          ] GC(12) Garbage Collection (Allocation Rate) 592M(47%)->668M(53%)
[20.294s][info][gc,start    ] GC(13) Garbage Collection (Allocation Rate)
[20.299s][info][gc,phases   ] GC(13) Pause Mark Start 2.095ms
[21.400s][info][gc,heap     ] Page Cache Flushed: 2M requested, 10M(98M->88M) flushed
[21.442s][info][gc,heap     ] Page Cache Flushed: 2M requested, 18M(88M->70M) flushed
[21.481s][info][gc,phases   ] GC(13) Concurrent Mark 1181.984ms
[21.486s][info][gc,phases   ] GC(13) Pause Mark End 0.226ms
[21.487s][info][gc,phases   ] GC(13) Concurrent Process Non-Strong References 1.486ms
[21.487s][info][gc,phases   ] GC(13) Concurrent Reset Relocation Set 0.046ms
[21.487s][info][gc,phases   ] GC(13) Concurrent Destroy Detached Pages 0.002ms
[21.489s][info][gc,phases   ] GC(13) Concurrent Select Relocation Set 1.666ms
[21.489s][info][gc,phases   ] GC(13) Concurrent Prepare Relocation Set 0.035ms
[21.503s][info][gc,phases   ] GC(13) Pause Relocate Start 13.288ms
[21.524s][info][gc,phases   ] GC(13) Concurrent Relocate 20.833ms
[21.524s][info][gc,load     ] GC(13) Load: 2.34/2.03/1.24
[21.524s][info][gc,mmu      ] GC(13) MMU: 2ms/0.0%, 5ms/0.0%, 10ms/0.0%, 20ms/32.4%, 50ms/73.0%, 100ms/86.5%
[21.524s][info][gc,marking  ] GC(13) Mark: 1 stripe(s), 2 proactive flush(es), 1 terminate flush(es), 0 completion(s), 0 continuation(s) 
[21.524s][info][gc,reloc    ] GC(13) Relocation: Successful, 7M relocated
[21.524s][info][gc,nmethod  ] GC(13) NMethods: 2187 registered, 0 unregistered
[21.524s][info][gc,metaspace] GC(13) Metaspace: 65M used, 68M capacity, 68M committed, 70M reserved
[21.524s][info][gc,ref      ] GC(13) Soft: 4565 encountered, 0 discovered, 0 enqueued
[21.524s][info][gc,ref      ] GC(13) Weak: 4234 encountered, 3114 discovered, 40 enqueued
[21.524s][info][gc,ref      ] GC(13) Final: 27 encountered, 0 discovered, 0 enqueued
[21.524s][info][gc,ref      ] GC(13) Phantom: 698 encountered, 694 discovered, 50 enqueued
[21.524s][info][gc,heap     ] GC(13)                Mark Start          Mark End        Relocate Start      Relocate End           High               Low         
[21.524s][info][gc,heap     ] GC(13)  Capacity:     1196M (96%)        1250M (100%)       1250M (100%)       1250M (100%)       1250M (100%)       1196M (96%)    
[21.524s][info][gc,heap     ] GC(13)   Reserve:       34M (3%)           34M (3%)           34M (3%)           34M (3%)           34M (3%)           34M (3%)     
[21.524s][info][gc,heap     ] GC(13)      Free:      486M (39%)          76M (6%)          524M (42%)         550M (44%)         550M (44%)          76M (6%)     
[21.524s][info][gc,heap     ] GC(13)      Used:      730M (58%)        1140M (91%)         692M (55%)         666M (53%)        1140M (91%)         666M (53%)    
[21.524s][info][gc,heap     ] GC(13)      Live:         -               215M (17%)         215M (17%)         215M (17%)            -                  -          
[21.524s][info][gc,heap     ] GC(13) Allocated:         -               410M (33%)         410M (33%)         422M (34%)            -                  -          
[21.524s][info][gc,heap     ] GC(13)   Garbage:         -               514M (41%)          66M (5%)           30M (2%)             -                  -          
[21.524s][info][gc,heap     ] GC(13) Reclaimed:         -                  -               448M (36%)         484M (39%)            -                  -          
[21.524s][info][gc          ] GC(13) Garbage Collection (Allocation Rate) 730M(58%)->666M(53%)
[21.596s][info][gc,start    ] GC(14) Garbage Collection (Allocation Rate)
[21.616s][info][gc,phases   ] GC(14) Pause Mark Start 2.167ms
[22.243s][info][gc,heap     ] Page Cache Flushed: 2M requested, 6M(70M->64M) flushed
[22.254s][info][gc,heap     ] Page Cache Flushed: 2M requested, 32M(64M->32M) flushed
[22.289s][info][gc,heap     ] Page Cache Flushed: 2M requested, 32M(32M->0M) flushed
[22.307s][info][gc,phases   ] GC(14) Concurrent Mark 691.452ms
[22.310s][info][gc,phases   ] GC(14) Pause Mark End 0.211ms
[22.311s][info][gc,phases   ] GC(14) Concurrent Process Non-Strong References 1.399ms
[22.311s][info][gc,phases   ] GC(14) Concurrent Reset Relocation Set 0.003ms
[22.311s][info][gc,phases   ] GC(14) Concurrent Destroy Detached Pages 0.002ms
[22.313s][info][gc,phases   ] GC(14) Concurrent Select Relocation Set 1.620ms
[22.313s][info][gc,phases   ] GC(14) Concurrent Prepare Relocation Set 0.014ms
[22.315s][info][gc,phases   ] GC(14) Pause Relocate Start 1.692ms
[22.321s][info][gc,phases   ] GC(14) Concurrent Relocate 6.807ms
[22.321s][info][gc,load     ] GC(14) Load: 2.34/2.03/1.24
[22.321s][info][gc,mmu      ] GC(14) MMU: 2ms/0.0%, 5ms/0.0%, 10ms/0.0%, 20ms/32.4%, 50ms/73.0%, 100ms/86.5%
[22.321s][info][gc,marking  ] GC(14) Mark: 1 stripe(s), 2 proactive flush(es), 1 terminate flush(es), 0 completion(s), 0 continuation(s) 
[22.321s][info][gc,reloc    ] GC(14) Relocation: Successful, 7M relocated
[22.321s][info][gc,nmethod  ] GC(14) NMethods: 2187 registered, 0 unregistered
[22.321s][info][gc,metaspace] GC(14) Metaspace: 65M used, 68M capacity, 68M committed, 70M reserved
[22.321s][info][gc,ref      ] GC(14) Soft: 4565 encountered, 0 discovered, 0 enqueued
[22.321s][info][gc,ref      ] GC(14) Weak: 4194 encountered, 3074 discovered, 0 enqueued
[22.321s][info][gc,ref      ] GC(14) Final: 27 encountered, 0 discovered, 0 enqueued
[22.321s][info][gc,ref      ] GC(14) Phantom: 648 encountered, 644 discovered, 0 enqueued
[22.321s][info][gc,heap     ] GC(14)                Mark Start          Mark End        Relocate Start      Relocate End           High               Low         
[22.321s][info][gc,heap     ] GC(14)  Capacity:     1250M (100%)       1250M (100%)       1250M (100%)       1250M (100%)       1250M (100%)       1250M (100%)   
[22.322s][info][gc,heap     ] GC(14)   Reserve:       34M (3%)           34M (3%)           34M (3%)           34M (3%)           34M (3%)           34M (3%)     
[22.322s][info][gc,heap     ] GC(14)      Free:      478M (38%)          12M (1%)          496M (40%)         496M (40%)         496M (40%)          12M (1%)     
[22.322s][info][gc,heap     ] GC(14)      Used:      738M (59%)        1204M (96%)         720M (58%)         720M (58%)        1204M (96%)         720M (58%)    
[22.322s][info][gc,heap     ] GC(14)      Live:         -               215M (17%)         215M (17%)         215M (17%)            -                  -          
[22.322s][info][gc,heap     ] GC(14) Allocated:         -               466M (37%)         466M (37%)         476M (38%)            -                  -          
[22.322s][info][gc,heap     ] GC(14)   Garbage:         -               522M (42%)          38M (3%)           30M (2%)             -                  -          
[22.322s][info][gc,heap     ] GC(14) Reclaimed:         -                  -               484M (39%)         492M (39%)            -                  -          
[22.322s][info][gc          ] GC(14) Garbage Collection (Allocation Rate) 738M(59%)->720M(58%)
[22.394s][info][gc,start    ] GC(15) Garbage Collection (Allocation Rate)
[22.398s][info][gc,phases   ] GC(15) Pause Mark Start 2.061ms
[22.796s][info][gc,phases   ] GC(15) Concurrent Mark 397.733ms
[22.797s][info][gc,phases   ] GC(15) Pause Mark End 0.223ms
[22.799s][info][gc,phases   ] GC(15) Concurrent Process Non-Strong References 1.439ms
[22.799s][info][gc,phases   ] GC(15) Concurrent Reset Relocation Set 0.003ms
[22.799s][info][gc,phases   ] GC(15) Concurrent Destroy Detached Pages 0.000ms
[22.800s][info][gc          ] Allocation Stall (Executor task launch worker for task 0.0 in stage 1.0 (TID 1)) 48.367ms
[22.804s][info][gc,phases   ] GC(15) Concurrent Select Relocation Set 5.559ms
[22.804s][info][gc,phases   ] GC(15) Concurrent Prepare Relocation Set 0.017ms
[22.808s][info][gc,phases   ] GC(15) Pause Relocate Start 1.813ms
[22.813s][info][gc,phases   ] GC(15) Concurrent Relocate 4.759ms
[22.813s][info][gc,load     ] GC(15) Load: 2.31/2.03/1.25
[22.813s][info][gc,mmu      ] GC(15) MMU: 2ms/0.0%, 5ms/0.0%, 10ms/0.0%, 20ms/32.4%, 50ms/73.0%, 100ms/86.5%
[22.813s][info][gc,marking  ] GC(15) Mark: 1 stripe(s), 2 proactive flush(es), 1 terminate flush(es), 0 completion(s), 0 continuation(s) 
[22.813s][info][gc,reloc    ] GC(15) Relocation: Successful, 7M relocated
[22.813s][info][gc,nmethod  ] GC(15) NMethods: 2187 registered, 0 unregistered
[22.813s][info][gc,metaspace] GC(15) Metaspace: 65M used, 68M capacity, 68M committed, 70M reserved
[22.813s][info][gc,ref      ] GC(15) Soft: 4565 encountered, 0 discovered, 0 enqueued
[22.813s][info][gc,ref      ] GC(15) Weak: 4194 encountered, 3069 discovered, 0 enqueued
[22.813s][info][gc,ref      ] GC(15) Final: 27 encountered, 0 discovered, 0 enqueued
[22.813s][info][gc,ref      ] GC(15) Phantom: 648 encountered, 644 discovered, 0 enqueued
[22.813s][info][gc,heap     ] GC(15)                Mark Start          Mark End        Relocate Start      Relocate End           High               Low         
[22.813s][info][gc,heap     ] GC(15)  Capacity:     1250M (100%)       1250M (100%)       1250M (100%)       1250M (100%)       1250M (100%)       1250M (100%)   
[22.813s][info][gc,heap     ] GC(15)   Reserve:       34M (3%)           34M (3%)           34M (3%)           34M (3%)           34M (3%)           34M (3%)     
[22.813s][info][gc,heap     ] GC(15)      Free:      358M (29%)           0M (0%)          596M (48%)         600M (48%)         602M (48%)           0M (0%)     
[22.813s][info][gc,heap     ] GC(15)      Used:      858M (69%)        1216M (97%)         620M (50%)         616M (49%)        1216M (97%)         614M (49%)    
[22.813s][info][gc,heap     ] GC(15)      Live:         -               215M (17%)         215M (17%)         215M (17%)            -                  -          
[22.813s][info][gc,heap     ] GC(15) Allocated:         -               358M (29%)         366M (29%)         372M (30%)            -                  -          
[22.813s][info][gc,heap     ] GC(15)   Garbage:         -               642M (51%)          38M (3%)           30M (2%)             -                  -          
[22.813s][info][gc,heap     ] GC(15) Reclaimed:         -                  -               604M (48%)         612M (49%)            -                  -          
[22.813s][info][gc          ] GC(15) Garbage Collection (Allocation Rate) 858M(69%)->616M(49%)
[22.895s][info][gc,start    ] GC(16) Garbage Collection (Allocation Rate)
[22.899s][info][gc,phases   ] GC(16) Pause Mark Start 2.098ms
[23.341s][info][gc,phases   ] GC(16) Concurrent Mark 442.084ms
[23.342s][info][gc,phases   ] GC(16) Pause Mark End 0.232ms
[23.343s][info][gc,phases   ] GC(16) Concurrent Process Non-Strong References 1.732ms
[23.344s][info][gc,phases   ] GC(16) Concurrent Reset Relocation Set 0.004ms
[23.344s][info][gc,phases   ] GC(16) Concurrent Destroy Detached Pages 0.001ms
[23.344s][info][gc          ] Allocation Stall (Executor task launch worker for task 0.0 in stage 1.0 (TID 1)) 19.162ms
[23.349s][info][gc,phases   ] GC(16) Concurrent Select Relocation Set 5.728ms
[23.349s][info][gc,phases   ] GC(16) Concurrent Prepare Relocation Set 0.017ms
[23.353s][info][gc,phases   ] GC(16) Pause Relocate Start 1.750ms
[23.361s][info][gc,phases   ] GC(16) Concurrent Relocate 7.868ms
[23.361s][info][gc,load     ] GC(16) Load: 2.31/2.03/1.25
[23.361s][info][gc,mmu      ] GC(16) MMU: 2ms/0.0%, 5ms/0.0%, 10ms/0.0%, 20ms/32.4%, 50ms/73.0%, 100ms/86.5%
[23.361s][info][gc,marking  ] GC(16) Mark: 1 stripe(s), 2 proactive flush(es), 1 terminate flush(es), 0 completion(s), 0 continuation(s) 
[23.361s][info][gc,reloc    ] GC(16) Relocation: Successful, 7M relocated
[23.361s][info][gc,nmethod  ] GC(16) NMethods: 2187 registered, 0 unregistered
[23.361s][info][gc,metaspace] GC(16) Metaspace: 65M used, 68M capacity, 68M committed, 70M reserved
[23.361s][info][gc,ref      ] GC(16) Soft: 4565 encountered, 0 discovered, 0 enqueued
[23.361s][info][gc,ref      ] GC(16) Weak: 4194 encountered, 3069 discovered, 0 enqueued
[23.361s][info][gc,ref      ] GC(16) Final: 27 encountered, 0 discovered, 0 enqueued
[23.361s][info][gc,ref      ] GC(16) Phantom: 648 encountered, 644 discovered, 0 enqueued
[23.361s][info][gc,heap     ] GC(16)                Mark Start          Mark End        Relocate Start      Relocate End           High               Low         
[23.361s][info][gc,heap     ] GC(16)  Capacity:     1250M (100%)       1250M (100%)       1250M (100%)       1250M (100%)       1250M (100%)       1250M (100%)   
[23.361s][info][gc,heap     ] GC(16)   Reserve:       34M (3%)           34M (3%)           34M (3%)           34M (3%)           34M (3%)           34M (3%)     
[23.361s][info][gc,heap     ] GC(16)      Free:      434M (35%)           0M (0%)          520M (42%)         518M (41%)         526M (42%)           0M (0%)     
[23.361s][info][gc,heap     ] GC(16)      Used:      782M (63%)        1216M (97%)         696M (56%)         698M (56%)        1216M (97%)         690M (55%)    
[23.361s][info][gc,heap     ] GC(16)      Live:         -               215M (17%)         215M (17%)         215M (17%)            -                  -          
[23.361s][info][gc,heap     ] GC(16) Allocated:         -               434M (35%)         442M (35%)         454M (36%)            -                  -          
[23.361s][info][gc,heap     ] GC(16)   Garbage:         -               566M (45%)          38M (3%)           30M (2%)             -                  -          
[23.361s][info][gc,heap     ] GC(16) Reclaimed:         -                  -               528M (42%)         536M (43%)            -                  -          
[23.361s][info][gc          ] GC(16) Garbage Collection (Allocation Rate) 782M(63%)->698M(56%)
[23.394s][info][gc,start    ] GC(17) Garbage Collection (Allocation Rate)
[23.402s][info][gc,phases   ] GC(17) Pause Mark Start 2.587ms
[23.515s][info][gc,heap     ] Page Cache Flushed: 6M requested, 6M(504M->498M) flushed
[23.932s][info][gc,phases   ] GC(17) Concurrent Mark 528.999ms
[23.932s][info][gc,phases   ] GC(17) Pause Mark End 0.184ms
[23.933s][info][gc,phases   ] GC(17) Concurrent Process Non-Strong References 1.351ms
[23.933s][info][gc,phases   ] GC(17) Concurrent Reset Relocation Set 0.002ms
[23.933s][info][gc,phases   ] GC(17) Concurrent Destroy Detached Pages 0.005ms
[23.935s][info][gc,phases   ] GC(17) Concurrent Select Relocation Set 1.521ms
[23.935s][info][gc,phases   ] GC(17) Concurrent Prepare Relocation Set 0.013ms
[23.937s][info][gc,phases   ] GC(17) Pause Relocate Start 1.803ms
[23.938s][info][gc,phases   ] GC(17) Concurrent Relocate 1.275ms
[23.938s][info][gc,load     ] GC(17) Load: 2.31/2.03/1.25
[23.938s][info][gc,mmu      ] GC(17) MMU: 2ms/0.0%, 5ms/0.0%, 10ms/0.0%, 20ms/32.4%, 50ms/73.0%, 100ms/86.5%
[23.938s][info][gc,marking  ] GC(17) Mark: 1 stripe(s), 2 proactive flush(es), 1 terminate flush(es), 0 completion(s), 0 continuation(s) 
[23.938s][info][gc,reloc    ] GC(17) Relocation: Successful, 7M relocated
[23.938s][info][gc,nmethod  ] GC(17) NMethods: 2277 registered, 0 unregistered
[23.938s][info][gc,metaspace] GC(17) Metaspace: 67M used, 71M capacity, 71M committed, 72M reserved
[23.938s][info][gc,ref      ] GC(17) Soft: 4573 encountered, 0 discovered, 0 enqueued
[23.938s][info][gc,ref      ] GC(17) Weak: 4223 encountered, 3155 discovered, 5 enqueued
[23.938s][info][gc,ref      ] GC(17) Final: 27 encountered, 0 discovered, 0 enqueued
[23.938s][info][gc,ref      ] GC(17) Phantom: 656 encountered, 461 discovered, 8 enqueued
[23.938s][info][gc,heap     ] GC(17)                Mark Start          Mark End        Relocate Start      Relocate End           High               Low         
[23.938s][info][gc,heap     ] GC(17)  Capacity:     1250M (100%)       1250M (100%)       1250M (100%)       1250M (100%)       1250M (100%)       1250M (100%)   
[23.938s][info][gc,heap     ] GC(17)   Reserve:       34M (3%)           34M (3%)           34M (3%)           34M (3%)           34M (3%)           34M (3%)     
[23.938s][info][gc,heap     ] GC(17)      Free:      510M (41%)         492M (39%)         942M (75%)         952M (76%)         952M (76%)         492M (39%)    
[23.938s][info][gc,heap     ] GC(17)      Used:      706M (56%)         724M (58%)         274M (22%)         264M (21%)         724M (58%)         264M (21%)    
[23.938s][info][gc,heap     ] GC(17)      Live:         -               215M (17%)         215M (17%)         215M (17%)            -                  -          
[23.938s][info][gc,heap     ] GC(17) Allocated:         -                18M (1%)           18M (1%)           20M (2%)             -                  -          
[23.938s][info][gc,heap     ] GC(17)   Garbage:         -               490M (39%)          40M (3%)           30M (2%)             -                  -          
[23.938s][info][gc,heap     ] GC(17) Reclaimed:         -                  -               450M (36%)         460M (37%)            -                  -          
[23.938s][info][gc          ] GC(17) Garbage Collection (Allocation Rate) 706M(56%)->264M(21%)
[23.938s][info][gc,start    ] GC(18) Garbage Collection (System.gc())
[23.941s][info][gc,phases   ] GC(18) Pause Mark Start 2.214ms
[24.159s][info][gc,phases   ] GC(18) Concurrent Mark 218.025ms
[24.159s][info][gc,phases   ] GC(18) Pause Mark End 0.197ms
[24.161s][info][gc,phases   ] GC(18) Concurrent Process Non-Strong References 1.486ms
[24.161s][info][gc,phases   ] GC(18) Concurrent Reset Relocation Set 0.002ms
[24.161s][info][gc,phases   ] GC(18) Concurrent Destroy Detached Pages 0.000ms
[24.166s][info][gc,phases   ] GC(18) Concurrent Select Relocation Set 5.036ms
[24.166s][info][gc,phases   ] GC(18) Concurrent Prepare Relocation Set 0.044ms
[24.170s][info][gc,phases   ] GC(18) Pause Relocate Start 2.052ms
[24.177s][info][gc,phases   ] GC(18) Concurrent Relocate 6.687ms
[24.177s][info][gc,load     ] GC(18) Load: 2.31/2.03/1.25
[24.177s][info][gc,mmu      ] GC(18) MMU: 2ms/0.0%, 5ms/0.0%, 10ms/0.0%, 20ms/32.4%, 50ms/73.0%, 100ms/86.5%
[24.177s][info][gc,marking  ] GC(18) Mark: 1 stripe(s), 2 proactive flush(es), 1 terminate flush(es), 0 completion(s), 0 continuation(s) 
[24.177s][info][gc,reloc    ] GC(18) Relocation: Successful, 8M relocated
[24.177s][info][gc,nmethod  ] GC(18) NMethods: 2281 registered, 0 unregistered
[24.177s][info][gc,metaspace] GC(18) Metaspace: 67M used, 71M capacity, 71M committed, 72M reserved
[24.177s][info][gc,ref      ] GC(18) Soft: 4658 encountered, 0 discovered, 0 enqueued
[24.177s][info][gc,ref      ] GC(18) Weak: 4592 encountered, 3513 discovered, 199 enqueued
[24.177s][info][gc,ref      ] GC(18) Final: 27 encountered, 0 discovered, 0 enqueued
[24.177s][info][gc,ref      ] GC(18) Phantom: 765 encountered, 758 discovered, 115 enqueued
[24.177s][info][gc,heap     ] GC(18)                Mark Start          Mark End        Relocate Start      Relocate End           High               Low         
[24.177s][info][gc,heap     ] GC(18)  Capacity:     1250M (100%)       1250M (100%)       1250M (100%)       1250M (100%)       1250M (100%)       1250M (100%)   
[24.177s][info][gc,heap     ] GC(18)   Reserve:       34M (3%)           34M (3%)           34M (3%)           34M (3%)           34M (3%)           34M (3%)     
[24.177s][info][gc,heap     ] GC(18)      Free:      952M (76%)         950M (76%)         956M (76%)         966M (77%)         966M (77%)         950M (76%)    
[24.177s][info][gc,heap     ] GC(18)      Used:      264M (21%)         266M (21%)         260M (21%)         250M (20%)         266M (21%)         250M (20%)    
[24.177s][info][gc,heap     ] GC(18)      Live:         -               216M (17%)         216M (17%)         216M (17%)            -                  -          
[24.177s][info][gc,heap     ] GC(18) Allocated:         -                 2M (0%)            2M (0%)            6M (0%)             -                  -          
[24.177s][info][gc,heap     ] GC(18)   Garbage:         -                47M (4%)           41M (3%)           31M (3%)             -                  -          
[24.177s][info][gc,heap     ] GC(18) Reclaimed:         -                  -                 6M (0%)           16M (1%)             -                  -          
[24.177s][info][gc          ] GC(18) Garbage Collection (System.gc()) 264M(21%)->250M(20%)
[24.183s][info][gc,heap     ] Page Cache Flushed: 32M requested, 32M(966M->934M) flushed
[24.194s][info][gc,start    ] GC(19) Garbage Collection (Allocation Rate)
[24.201s][info][gc,phases   ] GC(19) Pause Mark Start 2.344ms
[24.212s][info][gc,heap     ] Page Cache Flushed: 32M requested, 32M(932M->900M) flushed
[24.256s][info][gc,heap     ] Page Cache Flushed: 6M requested, 6M(894M->888M) flushed
[24.380s][info][gc,heap     ] Page Cache Flushed: 6M requested, 6M(878M->872M) flushed
[24.965s][info][gc,phases   ] GC(19) Concurrent Mark 764.262ms
[24.968s][info][gc,phases   ] GC(19) Pause Mark End 0.489ms
[24.976s][info][gc,phases   ] GC(19) Concurrent Process Non-Strong References 7.883ms
[24.976s][info][gc,phases   ] GC(19) Concurrent Reset Relocation Set 0.004ms
[24.976s][info][gc,phases   ] GC(19) Concurrent Destroy Detached Pages 0.027ms
[24.978s][info][gc,phases   ] GC(19) Concurrent Select Relocation Set 1.866ms
[24.978s][info][gc,phases   ] GC(19) Concurrent Prepare Relocation Set 0.016ms
[24.982s][info][gc,phases   ] GC(19) Pause Relocate Start 1.899ms
[24.987s][info][gc,phases   ] GC(19) Concurrent Relocate 4.094ms
[24.987s][info][gc,load     ] GC(19) Load: 2.31/2.03/1.25
[24.987s][info][gc,mmu      ] GC(19) MMU: 2ms/0.0%, 5ms/0.0%, 10ms/0.0%, 20ms/32.4%, 50ms/73.0%, 100ms/86.5%
[24.987s][info][gc,marking  ] GC(19) Mark: 1 stripe(s), 2 proactive flush(es), 1 terminate flush(es), 0 completion(s), 0 continuation(s) 
[24.987s][info][gc,reloc    ] GC(19) Relocation: Successful, 6M relocated
[24.987s][info][gc,nmethod  ] GC(19) NMethods: 2367 registered, 0 unregistered
[24.987s][info][gc,metaspace] GC(19) Metaspace: 67M used, 71M capacity, 71M committed, 72M reserved
[24.987s][info][gc,ref      ] GC(19) Soft: 4658 encountered, 0 discovered, 0 enqueued
[24.987s][info][gc,ref      ] GC(19) Weak: 4394 encountered, 3323 discovered, 1 enqueued
[24.987s][info][gc,ref      ] GC(19) Final: 27 encountered, 0 discovered, 0 enqueued
[24.987s][info][gc,ref      ] GC(19) Phantom: 651 encountered, 460 discovered, 0 enqueued
[24.987s][info][gc,heap     ] GC(19)                Mark Start          Mark End        Relocate Start      Relocate End           High               Low         
[24.987s][info][gc,heap     ] GC(19)  Capacity:     1250M (100%)       1250M (100%)       1250M (100%)       1250M (100%)       1250M (100%)       1250M (100%)   
[24.987s][info][gc,heap     ] GC(19)   Reserve:       34M (3%)           34M (3%)           34M (3%)           34M (3%)           34M (3%)           34M (3%)     
[24.987s][info][gc,heap     ] GC(19)      Free:      934M (75%)         844M (68%)         844M (68%)         912M (73%)         934M (75%)         842M (67%)    
[24.987s][info][gc,heap     ] GC(19)      Used:      282M (23%)         372M (30%)         372M (30%)         304M (24%)         374M (30%)         282M (23%)    
[24.987s][info][gc,heap     ] GC(19)      Live:         -               216M (17%)         216M (17%)         216M (17%)            -                  -          
[24.987s][info][gc,heap     ] GC(19) Allocated:         -                90M (7%)           90M (7%)           92M (7%)             -                  -          
[24.987s][info][gc,heap     ] GC(19)   Garbage:         -                65M (5%)           65M (5%)     17592186044413M (1         -                  -          
[24.987s][info][gc,heap     ] GC(19) Reclaimed:         -                  -                 0M (0%)           68M (5%)             -                  -          
[24.987s][info][gc          ] GC(19) Garbage Collection (Allocation Rate) 282M(23%)->304M(24%)
[26.094s][info][gc,start    ] GC(20) Garbage Collection (Allocation Rate)
[26.099s][info][gc,phases   ] GC(20) Pause Mark Start 2.253ms
[26.733s][info][gc,phases   ] GC(20) Concurrent Mark 634.384ms
[26.736s][info][gc,phases   ] GC(20) Pause Mark End 0.250ms
[26.738s][info][gc,phases   ] GC(20) Concurrent Process Non-Strong References 1.526ms
[26.739s][info][gc,phases   ] GC(20) Concurrent Reset Relocation Set 0.004ms
[26.739s][info][gc,phases   ] GC(20) Concurrent Destroy Detached Pages 0.000ms
[26.742s][info][gc,phases   ] GC(20) Concurrent Select Relocation Set 2.304ms
[26.742s][info][gc,phases   ] GC(20) Concurrent Prepare Relocation Set 0.021ms
[26.746s][info][gc,phases   ] GC(20) Pause Relocate Start 2.012ms
[26.753s][info][gc,phases   ] GC(20) Concurrent Relocate 6.979ms
[26.754s][info][gc,load     ] GC(20) Load: 2.31/2.03/1.25
[26.754s][info][gc,mmu      ] GC(20) MMU: 2ms/0.0%, 5ms/0.0%, 10ms/0.0%, 20ms/32.4%, 50ms/73.0%, 100ms/86.5%
[26.754s][info][gc,marking  ] GC(20) Mark: 1 stripe(s), 2 proactive flush(es), 1 terminate flush(es), 0 completion(s), 0 continuation(s) 
[26.754s][info][gc,reloc    ] GC(20) Relocation: Successful, 6M relocated
[26.754s][info][gc,nmethod  ] GC(20) NMethods: 2412 registered, 0 unregistered
[26.754s][info][gc,metaspace] GC(20) Metaspace: 67M used, 71M capacity, 71M committed, 72M reserved
[26.754s][info][gc,ref      ] GC(20) Soft: 4667 encountered, 0 discovered, 0 enqueued
[26.754s][info][gc,ref      ] GC(20) Weak: 4571 encountered, 3432 discovered, 78 enqueued
[26.754s][info][gc,ref      ] GC(20) Final: 27 encountered, 0 discovered, 0 enqueued
[26.754s][info][gc,ref      ] GC(20) Phantom: 661 encountered, 657 discovered, 11 enqueued
[26.754s][info][gc,heap     ] GC(20)                Mark Start          Mark End        Relocate Start      Relocate End           High               Low         
[26.754s][info][gc,heap     ] GC(20)  Capacity:     1250M (100%)       1250M (100%)       1250M (100%)       1250M (100%)       1250M (100%)       1250M (100%)   
[26.754s][info][gc,heap     ] GC(20)   Reserve:       34M (3%)           34M (3%)           34M (3%)           34M (3%)           34M (3%)           34M (3%)     
[26.754s][info][gc,heap     ] GC(20)      Free:      540M (43%)         168M (13%)         564M (45%)         588M (47%)         588M (47%)         166M (13%)    
[26.754s][info][gc,heap     ] GC(20)      Used:      676M (54%)        1048M (84%)         652M (52%)         628M (50%)        1050M (84%)         628M (50%)    
[26.754s][info][gc,heap     ] GC(20)      Live:         -               216M (17%)         216M (17%)         216M (17%)            -                  -          
[26.754s][info][gc,heap     ] GC(20) Allocated:         -               372M (30%)         374M (30%)         384M (31%)            -                  -          
[26.754s][info][gc,heap     ] GC(20)   Garbage:         -               459M (37%)          61M (5%)           29M (2%)             -                  -          
[26.754s][info][gc,heap     ] GC(20) Reclaimed:         -                  -               398M (32%)         430M (34%)            -                  -          
[26.754s][info][gc          ] GC(20) Garbage Collection (Allocation Rate) 676M(54%)->628M(50%)
[26.794s][info][gc,start    ] GC(21) Garbage Collection (Allocation Rate)
[26.798s][info][gc,phases   ] GC(21) Pause Mark Start 2.262ms
[27.286s][info][gc,phases   ] GC(21) Concurrent Mark 487.931ms
[27.289s][info][gc,phases   ] GC(21) Pause Mark End 0.527ms
[27.293s][info][gc,phases   ] GC(21) Concurrent Process Non-Strong References 3.791ms
[27.293s][info][gc,phases   ] GC(21) Concurrent Reset Relocation Set 0.004ms
[27.293s][info][gc,phases   ] GC(21) Concurrent Destroy Detached Pages 0.000ms
[27.295s][info][gc,phases   ] GC(21) Concurrent Select Relocation Set 1.524ms
[27.295s][info][gc,phases   ] GC(21) Concurrent Prepare Relocation Set 0.032ms
[27.298s][info][gc,phases   ] GC(21) Pause Relocate Start 1.961ms
[27.306s][info][gc,phases   ] GC(21) Concurrent Relocate 7.624ms
[27.306s][info][gc,load     ] GC(21) Load: 2.31/2.03/1.25
[27.306s][info][gc,mmu      ] GC(21) MMU: 2ms/0.0%, 5ms/0.0%, 10ms/0.0%, 20ms/32.4%, 50ms/73.0%, 100ms/86.5%
[27.306s][info][gc,marking  ] GC(21) Mark: 1 stripe(s), 2 proactive flush(es), 1 terminate flush(es), 0 completion(s), 0 continuation(s) 
[27.306s][info][gc,reloc    ] GC(21) Relocation: Successful, 6M relocated
[27.306s][info][gc,nmethod  ] GC(21) NMethods: 2417 registered, 0 unregistered
[27.306s][info][gc,metaspace] GC(21) Metaspace: 67M used, 71M capacity, 71M committed, 72M reserved
[27.306s][info][gc,ref      ] GC(21) Soft: 4667 encountered, 0 discovered, 0 enqueued
[27.306s][info][gc,ref      ] GC(21) Weak: 4502 encountered, 3374 discovered, 16 enqueued
[27.306s][info][gc,ref      ] GC(21) Final: 27 encountered, 0 discovered, 0 enqueued
[27.306s][info][gc,ref      ] GC(21) Phantom: 651 encountered, 648 discovered, 1 enqueued
[27.306s][info][gc,heap     ] GC(21)                Mark Start          Mark End        Relocate Start      Relocate End           High               Low         
[27.306s][info][gc,heap     ] GC(21)  Capacity:     1250M (100%)       1250M (100%)       1250M (100%)       1250M (100%)       1250M (100%)       1250M (100%)   
[27.306s][info][gc,heap     ] GC(21)   Reserve:       34M (3%)           34M (3%)           34M (3%)           34M (3%)           34M (3%)           34M (3%)     
[27.306s][info][gc,heap     ] GC(21)      Free:      526M (42%)         146M (12%)         564M (45%)         578M (46%)         578M (46%)         144M (12%)    
[27.306s][info][gc,heap     ] GC(21)      Used:      690M (55%)        1070M (86%)         652M (52%)         638M (51%)        1072M (86%)         638M (51%)    
[27.306s][info][gc,heap     ] GC(21)      Live:         -               216M (17%)         216M (17%)         216M (17%)            -                  -          
[27.306s][info][gc,heap     ] GC(21) Allocated:         -               380M (30%)         382M (31%)         394M (32%)            -                  -          
[27.306s][info][gc,heap     ] GC(21)   Garbage:         -               473M (38%)          53M (4%)           29M (2%)             -                  -          
[27.306s][info][gc,heap     ] GC(21) Reclaimed:         -                  -               420M (34%)         444M (36%)            -                  -          
[27.306s][info][gc          ] GC(21) Garbage Collection (Allocation Rate) 690M(55%)->638M(51%)
[27.395s][info][gc,start    ] GC(22) Garbage Collection (Allocation Rate)
[27.399s][info][gc,phases   ] GC(22) Pause Mark Start 2.293ms
[27.800s][info][gc,heap     ] Page Cache Flushed: 2M requested, 6M(76M->70M) flushed
[27.816s][info][gc,heap     ] Page Cache Flushed: 2M requested, 6M(70M->64M) flushed
[27.825s][info][gc,heap     ] Page Cache Flushed: 2M requested, 32M(64M->32M) flushed
[27.845s][info][gc,phases   ] GC(22) Concurrent Mark 445.928ms
[27.848s][info][gc,phases   ] GC(22) Pause Mark End 0.248ms
[27.849s][info][gc,phases   ] GC(22) Concurrent Process Non-Strong References 1.526ms
[27.849s][info][gc,phases   ] GC(22) Concurrent Reset Relocation Set 0.004ms
[27.849s][info][gc,phases   ] GC(22) Concurrent Destroy Detached Pages 0.003ms
[27.852s][info][gc,phases   ] GC(22) Concurrent Select Relocation Set 3.132ms
[27.853s][info][gc,phases   ] GC(22) Concurrent Prepare Relocation Set 0.024ms
[27.855s][info][gc,phases   ] GC(22) Pause Relocate Start 1.910ms
[27.862s][info][gc,phases   ] GC(22) Concurrent Relocate 1.581ms
[27.862s][info][gc,load     ] GC(22) Load: 2.29/2.03/1.25
[27.862s][info][gc,mmu      ] GC(22) MMU: 2ms/0.0%, 5ms/0.0%, 10ms/0.0%, 20ms/32.4%, 50ms/73.0%, 100ms/86.5%
[27.862s][info][gc,marking  ] GC(22) Mark: 1 stripe(s), 2 proactive flush(es), 1 terminate flush(es), 0 completion(s), 0 continuation(s) 
[27.862s][info][gc,reloc    ] GC(22) Relocation: Successful, 6M relocated
[27.862s][info][gc,nmethod  ] GC(22) NMethods: 2417 registered, 0 unregistered
[27.862s][info][gc,metaspace] GC(22) Metaspace: 67M used, 71M capacity, 71M committed, 72M reserved
[27.862s][info][gc,ref      ] GC(22) Soft: 4667 encountered, 0 discovered, 0 enqueued
[27.862s][info][gc,ref      ] GC(22) Weak: 4486 encountered, 3363 discovered, 0 enqueued
[27.862s][info][gc,ref      ] GC(22) Final: 27 encountered, 0 discovered, 0 enqueued
[27.862s][info][gc,ref      ] GC(22) Phantom: 650 encountered, 646 discovered, 0 enqueued
[27.862s][info][gc,heap     ] GC(22)                Mark Start          Mark End        Relocate Start      Relocate End           High               Low         
[27.862s][info][gc,heap     ] GC(22)  Capacity:     1250M (100%)       1250M (100%)       1250M (100%)       1250M (100%)       1250M (100%)       1250M (100%)   
[27.862s][info][gc,heap     ] GC(22)   Reserve:       34M (3%)           34M (3%)           34M (3%)           34M (3%)           34M (3%)           34M (3%)     
[27.862s][info][gc,heap     ] GC(22)      Free:      422M (34%)          46M (4%)          586M (47%)         584M (47%)         586M (47%)          46M (4%)     
[27.862s][info][gc,heap     ] GC(22)      Used:      794M (64%)        1170M (94%)         630M (50%)         632M (51%)        1170M (94%)         630M (50%)    
[27.862s][info][gc,heap     ] GC(22)      Live:         -               216M (17%)         216M (17%)         216M (17%)            -                  -          
[27.862s][info][gc,heap     ] GC(22) Allocated:         -               376M (30%)         376M (30%)         388M (31%)            -                  -          
[27.862s][info][gc,heap     ] GC(22)   Garbage:         -               577M (46%)          37M (3%)           31M (3%)             -                  -          
[27.862s][info][gc,heap     ] GC(22) Reclaimed:         -                  -               540M (43%)         546M (44%)            -                  -          
[27.862s][info][gc          ] GC(22) Garbage Collection (Allocation Rate) 794M(64%)->632M(51%)
[27.894s][info][gc,start    ] GC(23) Garbage Collection (Allocation Rate)
[27.899s][info][gc,phases   ] GC(23) Pause Mark Start 2.304ms
[28.396s][info][gc,phases   ] GC(23) Concurrent Mark 497.630ms
[28.399s][info][gc,phases   ] GC(23) Pause Mark End 0.243ms
[28.401s][info][gc,phases   ] GC(23) Concurrent Process Non-Strong References 1.546ms
[28.401s][info][gc,phases   ] GC(23) Concurrent Reset Relocation Set 0.003ms
[28.401s][info][gc,phases   ] GC(23) Concurrent Destroy Detached Pages 0.000ms
[28.402s][info][gc,phases   ] GC(23) Concurrent Select Relocation Set 1.516ms
[28.402s][info][gc,phases   ] GC(23) Concurrent Prepare Relocation Set 0.024ms
[28.404s][info][gc,phases   ] GC(23) Pause Relocate Start 1.884ms
[28.410s][info][gc,phases   ] GC(23) Concurrent Relocate 5.555ms
[28.410s][info][gc,load     ] GC(23) Load: 2.29/2.03/1.25
[28.410s][info][gc,mmu      ] GC(23) MMU: 2ms/0.0%, 5ms/0.0%, 10ms/0.0%, 20ms/32.4%, 50ms/73.0%, 100ms/86.5%
[28.410s][info][gc,marking  ] GC(23) Mark: 1 stripe(s), 2 proactive flush(es), 1 terminate flush(es), 0 completion(s), 0 continuation(s) 
[28.410s][info][gc,reloc    ] GC(23) Relocation: Successful, 6M relocated
[28.410s][info][gc,nmethod  ] GC(23) NMethods: 2417 registered, 0 unregistered
[28.410s][info][gc,metaspace] GC(23) Metaspace: 67M used, 71M capacity, 71M committed, 72M reserved
[28.410s][info][gc,ref      ] GC(23) Soft: 4667 encountered, 0 discovered, 0 enqueued
[28.410s][info][gc,ref      ] GC(23) Weak: 4486 encountered, 3363 discovered, 0 enqueued
[28.410s][info][gc,ref      ] GC(23) Final: 27 encountered, 0 discovered, 0 enqueued
[28.410s][info][gc,ref      ] GC(23) Phantom: 650 encountered, 646 discovered, 0 enqueued
[28.410s][info][gc,heap     ] GC(23)                Mark Start          Mark End        Relocate Start      Relocate End           High               Low         
[28.410s][info][gc,heap     ] GC(23)  Capacity:     1250M (100%)       1250M (100%)       1250M (100%)       1250M (100%)       1250M (100%)       1250M (100%)   
[28.410s][info][gc,heap     ] GC(23)   Reserve:       34M (3%)           34M (3%)           34M (3%)           34M (3%)           34M (3%)           34M (3%)     
[28.410s][info][gc,heap     ] GC(23)      Free:      524M (42%)         130M (10%)         568M (45%)         568M (45%)         568M (45%)         130M (10%)    
[28.410s][info][gc,heap     ] GC(23)      Used:      692M (55%)        1086M (87%)         648M (52%)         648M (52%)        1086M (87%)         648M (52%)    
[28.410s][info][gc,heap     ] GC(23)      Live:         -               216M (17%)         216M (17%)         216M (17%)            -                  -          
[28.410s][info][gc,heap     ] GC(23) Allocated:         -               394M (32%)         394M (32%)         404M (32%)            -                  -          
[28.410s][info][gc,heap     ] GC(23)   Garbage:         -               475M (38%)          37M (3%)           29M (2%)             -                  -          
[28.410s][info][gc,heap     ] GC(23) Reclaimed:         -                  -               438M (35%)         446M (36%)            -                  -          
[28.410s][info][gc          ] GC(23) Garbage Collection (Allocation Rate) 692M(55%)->648M(52%)
[28.494s][info][gc,start    ] GC(24) Garbage Collection (Allocation Rate)
[28.499s][info][gc,phases   ] GC(24) Pause Mark Start 2.439ms
[29.008s][info][gc,phases   ] GC(24) Concurrent Mark 508.715ms
[29.008s][info][gc,phases   ] GC(24) Pause Mark End 0.297ms
[29.010s][info][gc,phases   ] GC(24) Concurrent Process Non-Strong References 1.438ms
[29.010s][info][gc,phases   ] GC(24) Concurrent Reset Relocation Set 0.004ms
[29.010s][info][gc,phases   ] GC(24) Concurrent Destroy Detached Pages 0.000ms
[29.011s][info][gc,phases   ] GC(24) Concurrent Select Relocation Set 1.547ms
[29.011s][info][gc,phases   ] GC(24) Concurrent Prepare Relocation Set 0.032ms
[29.013s][info][gc,phases   ] GC(24) Pause Relocate Start 1.898ms
[29.015s][info][gc,phases   ] GC(24) Concurrent Relocate 1.592ms
[29.015s][info][gc,load     ] GC(24) Load: 2.29/2.03/1.25
[29.015s][info][gc,mmu      ] GC(24) MMU: 2ms/0.0%, 5ms/0.0%, 10ms/0.0%, 20ms/32.4%, 50ms/73.0%, 100ms/86.5%
[29.015s][info][gc,marking  ] GC(24) Mark: 1 stripe(s), 2 proactive flush(es), 1 terminate flush(es), 0 completion(s), 0 continuation(s) 
[29.015s][info][gc,reloc    ] GC(24) Relocation: Successful, 6M relocated
[29.015s][info][gc,nmethod  ] GC(24) NMethods: 2482 registered, 0 unregistered
[29.015s][info][gc,metaspace] GC(24) Metaspace: 67M used, 71M capacity, 71M committed, 72M reserved
[29.015s][info][gc,ref      ] GC(24) Soft: 4667 encountered, 0 discovered, 0 enqueued
[29.015s][info][gc,ref      ] GC(24) Weak: 4486 encountered, 3418 discovered, 0 enqueued
[29.015s][info][gc,ref      ] GC(24) Final: 27 encountered, 0 discovered, 0 enqueued
[29.015s][info][gc,ref      ] GC(24) Phantom: 650 encountered, 646 discovered, 0 enqueued
[29.015s][info][gc,heap     ] GC(24)                Mark Start          Mark End        Relocate Start      Relocate End           High               Low         
[29.015s][info][gc,heap     ] GC(24)  Capacity:     1250M (100%)       1250M (100%)       1250M (100%)       1250M (100%)       1250M (100%)       1250M (100%)   
[29.015s][info][gc,heap     ] GC(24)   Reserve:       34M (3%)           34M (3%)           34M (3%)           34M (3%)           34M (3%)           34M (3%)     
[29.015s][info][gc,heap     ] GC(24)      Free:      420M (34%)         196M (16%)         738M (59%)         746M (60%)         746M (60%)         196M (16%)    
[29.015s][info][gc,heap     ] GC(24)      Used:      796M (64%)        1020M (82%)         478M (38%)         470M (38%)        1020M (82%)         470M (38%)    
[29.015s][info][gc,heap     ] GC(24)      Live:         -               216M (17%)         216M (17%)         216M (17%)            -                  -          
[29.015s][info][gc,heap     ] GC(24) Allocated:         -               224M (18%)         224M (18%)         226M (18%)            -                  -          
[29.015s][info][gc,heap     ] GC(24)   Garbage:         -               579M (46%)          37M (3%)           29M (2%)             -                  -          
[29.015s][info][gc,heap     ] GC(24) Reclaimed:         -                  -               542M (43%)         550M (44%)            -                  -          
[29.015s][info][gc          ] GC(24) Garbage Collection (Allocation Rate) 796M(64%)->470M(38%)
[29.015s][info][gc,start    ] GC(25) Garbage Collection (System.gc())
[29.018s][info][gc,phases   ] GC(25) Pause Mark Start 2.372ms
[29.225s][info][gc,phases   ] GC(25) Concurrent Mark 206.915ms
[29.225s][info][gc,phases   ] GC(25) Pause Mark End 0.249ms
[29.227s][info][gc,phases   ] GC(25) Concurrent Process Non-Strong References 1.450ms
[29.227s][info][gc,phases   ] GC(25) Concurrent Reset Relocation Set 0.003ms
[29.227s][info][gc,phases   ] GC(25) Concurrent Destroy Detached Pages 0.000ms
[29.232s][info][gc,phases   ] GC(25) Concurrent Select Relocation Set 4.847ms
[29.232s][info][gc,phases   ] GC(25) Concurrent Prepare Relocation Set 0.033ms
[29.238s][info][gc,phases   ] GC(25) Pause Relocate Start 3.802ms
[29.242s][info][gc,phases   ] GC(25) Concurrent Relocate 4.073ms
[29.243s][info][gc,load     ] GC(25) Load: 2.29/2.03/1.25
[29.243s][info][gc,mmu      ] GC(25) MMU: 2ms/0.0%, 5ms/0.0%, 10ms/0.0%, 20ms/32.4%, 50ms/73.0%, 100ms/86.5%
[29.243s][info][gc,marking  ] GC(25) Mark: 1 stripe(s), 2 proactive flush(es), 1 terminate flush(es), 0 completion(s), 0 continuation(s) 
[29.243s][info][gc,reloc    ] GC(25) Relocation: Successful, 6M relocated
[29.243s][info][gc,nmethod  ] GC(25) NMethods: 2489 registered, 0 unregistered
[29.243s][info][gc,metaspace] GC(25) Metaspace: 67M used, 71M capacity, 71M committed, 72M reserved
[29.243s][info][gc,ref      ] GC(25) Soft: 4668 encountered, 0 discovered, 0 enqueued
[29.243s][info][gc,ref      ] GC(25) Weak: 4544 encountered, 3473 discovered, 118 enqueued
[29.243s][info][gc,ref      ] GC(25) Final: 27 encountered, 0 discovered, 0 enqueued
[29.243s][info][gc,ref      ] GC(25) Phantom: 650 encountered, 647 discovered, 0 enqueued
[29.243s][info][gc,heap     ] GC(25)                Mark Start          Mark End        Relocate Start      Relocate End           High               Low         
[29.243s][info][gc,heap     ] GC(25)  Capacity:     1250M (100%)       1250M (100%)       1250M (100%)       1250M (100%)       1250M (100%)       1250M (100%)   
[29.243s][info][gc,heap     ] GC(25)   Reserve:       34M (3%)           34M (3%)           34M (3%)           34M (3%)           34M (3%)           34M (3%)     
[29.243s][info][gc,heap     ] GC(25)      Free:      746M (60%)         744M (60%)         960M (77%)         968M (77%)         968M (77%)         744M (60%)    
[29.243s][info][gc,heap     ] GC(25)      Used:      470M (38%)         472M (38%)         256M (20%)         248M (20%)         472M (38%)         248M (20%)    
[29.243s][info][gc,heap     ] GC(25)      Live:         -               216M (17%)         216M (17%)         216M (17%)            -                  -          
[29.243s][info][gc,heap     ] GC(25) Allocated:         -                 2M (0%)            2M (0%)            4M (0%)             -                  -          
[29.243s][info][gc,heap     ] GC(25)   Garbage:         -               253M (20%)          37M (3%)           29M (2%)             -                  -          
[29.243s][info][gc,heap     ] GC(25) Reclaimed:         -                  -               216M (17%)         224M (18%)            -                  -          
[29.243s][info][gc          ] GC(25) Garbage Collection (System.gc()) 470M(38%)->248M(20%)
[29.294s][info][gc,start    ] GC(26) Garbage Collection (Allocation Rate)
[29.312s][info][gc,phases   ] GC(26) Pause Mark Start 5.379ms
[29.413s][info][gc,heap     ] Page Cache Flushed: 24M requested, 24M(904M->880M) flushed
[29.448s][info][gc,heap     ] Page Cache Flushed: 6M requested, 6M(876M->870M) flushed
[30.032s][info][gc,phases   ] GC(26) Concurrent Mark 720.095ms
[30.038s][info][gc,phases   ] GC(26) Pause Mark End 0.301ms
[30.045s][info][gc,phases   ] GC(26) Concurrent Process Non-Strong References 7.144ms
[30.045s][info][gc,phases   ] GC(26) Concurrent Reset Relocation Set 0.003ms
[30.045s][info][gc,phases   ] GC(26) Concurrent Destroy Detached Pages 0.011ms
[30.046s][info][gc,phases   ] GC(26) Concurrent Select Relocation Set 1.522ms
[30.046s][info][gc,phases   ] GC(26) Concurrent Prepare Relocation Set 0.024ms
[30.054s][info][gc,phases   ] GC(26) Pause Relocate Start 2.106ms
[30.061s][info][gc,phases   ] GC(26) Concurrent Relocate 7.018ms
[30.061s][info][gc,load     ] GC(26) Load: 2.29/2.03/1.25
[30.061s][info][gc,mmu      ] GC(26) MMU: 2ms/0.0%, 5ms/0.0%, 10ms/0.0%, 20ms/32.4%, 50ms/73.0%, 100ms/86.5%
[30.061s][info][gc,marking  ] GC(26) Mark: 1 stripe(s), 2 proactive flush(es), 1 terminate flush(es), 0 completion(s), 0 continuation(s) 
[30.061s][info][gc,reloc    ] GC(26) Relocation: Successful, 6M relocated
[30.061s][info][gc,nmethod  ] GC(26) NMethods: 2564 registered, 0 unregistered
[30.061s][info][gc,metaspace] GC(26) Metaspace: 67M used, 71M capacity, 71M committed, 72M reserved
[30.061s][info][gc,ref      ] GC(26) Soft: 4672 encountered, 0 discovered, 0 enqueued
[30.061s][info][gc,ref      ] GC(26) Weak: 4502 encountered, 3431 discovered, 2 enqueued
[30.061s][info][gc,ref      ] GC(26) Final: 27 encountered, 0 discovered, 0 enqueued
[30.061s][info][gc,ref      ] GC(26) Phantom: 650 encountered, 646 discovered, 0 enqueued
[30.061s][info][gc,heap     ] GC(26)                Mark Start          Mark End        Relocate Start      Relocate End           High               Low         
[30.061s][info][gc,heap     ] GC(26)  Capacity:     1250M (100%)       1250M (100%)       1250M (100%)       1250M (100%)       1250M (100%)       1250M (100%)   
[30.061s][info][gc,heap     ] GC(26)   Reserve:       34M (3%)           34M (3%)           34M (3%)           34M (3%)           34M (3%)           34M (3%)     
[30.061s][info][gc,heap     ] GC(26)      Free:      922M (74%)         566M (45%)         586M (47%)         588M (47%)         922M (74%)         554M (44%)    
[30.061s][info][gc,heap     ] GC(26)      Used:      294M (24%)         650M (52%)         630M (50%)         628M (50%)         662M (53%)         294M (24%)    
[30.061s][info][gc,heap     ] GC(26)      Live:         -               222M (18%)         222M (18%)         222M (18%)            -                  -          
[30.061s][info][gc,heap     ] GC(26) Allocated:         -               356M (28%)         368M (29%)         378M (30%)            -                  -          
[30.061s][info][gc,heap     ] GC(26)   Garbage:         -                71M (6%)           39M (3%)           29M (2%)             -                  -          
[30.061s][info][gc,heap     ] GC(26) Reclaimed:         -                  -                32M (3%)           42M (3%)             -                  -          
[30.061s][info][gc          ] GC(26) Garbage Collection (Allocation Rate) 294M(24%)->628M(50%)
[30.094s][info][gc,stats    ] === Garbage Collection Statistics =======================================================================================================================
[30.094s][info][gc,stats    ]                                                              Last 10s              Last 10m              Last 10h                Total
[30.094s][info][gc,stats    ]                                                              Avg / Max             Avg / Max             Avg / Max             Avg / Max
[30.094s][info][gc,stats    ]   Collector: Garbage Collection Cycle                    613.484 / 1229.374    659.872 / 2055.681    659.872 / 2055.681    659.872 / 2055.681    ms
[30.094s][info][gc,stats    ]  Contention: Mark Segment Reset Contention                     0 / 0                 0 / 0                 0 / 0                 0 / 0           ops/s
[30.094s][info][gc,stats    ]  Contention: Mark SeqNum Reset Contention                      0 / 0                 0 / 0                 0 / 0                 0 / 0           ops/s
[30.094s][info][gc,stats    ]  Contention: Relocation Contention                             0 / 0                 0 / 0                 0 / 0                 0 / 0           ops/s
[30.094s][info][gc,stats    ]    Critical: Allocation Stall                             33.764 / 48.367       33.764 / 48.367       33.764 / 48.367       33.764 / 48.367      ms
[30.094s][info][gc,stats    ]    Critical: Allocation Stall                                  0 / 1                 0 / 1                 0 / 1                 0 / 1           ops/s
[30.094s][info][gc,stats    ]    Critical: GC Locker Stall                               0.008 / 0.008         0.008 / 0.008         0.008 / 0.008         0.008 / 0.008       ms
[30.094s][info][gc,stats    ]    Critical: GC Locker Stall                                   0 / 1                 0 / 1                 0 / 1                 0 / 1           ops/s
[30.094s][info][gc,stats    ]      Memory: Allocation Rate                                 538 / 1090            314 / 1090            314 / 1090            314 / 1090        MB/s
[30.094s][info][gc,stats    ]      Memory: Heap Used After Mark                            903 / 1216            724 / 1216            724 / 1216            724 / 1216        MB
[30.094s][info][gc,stats    ]      Memory: Heap Used After Relocation                      538 / 720             445 / 756             445 / 756             445 / 756         MB
[30.094s][info][gc,stats    ]      Memory: Heap Used Before Mark                           626 / 858             510 / 858             510 / 858             510 / 858         MB
[30.094s][info][gc,stats    ]      Memory: Heap Used Before Relocation                     541 / 720             528 / 1080            528 / 1080            528 / 1080        MB
[30.094s][info][gc,stats    ]      Memory: Out Of Memory                                     0 / 0                 0 / 0                 0 / 0                 0 / 0           ops/s
[30.094s][info][gc,stats    ]      Memory: Page Cache Flush                                 25 / 76                8 / 76                8 / 76                8 / 76          MB/s
[30.094s][info][gc,stats    ]      Memory: Page Cache Hit L1                               254 / 509             137 / 509             137 / 509             137 / 509         ops/s
[30.094s][info][gc,stats    ]      Memory: Page Cache Hit L2                                 0 / 0                 0 / 0                 0 / 0                 0 / 0           ops/s
[30.094s][info][gc,stats    ]      Memory: Page Cache Miss                                   9 / 38               20 / 170              20 / 170              20 / 170         ops/s
[30.094s][info][gc,stats    ]      Memory: Undo Object Allocation Failed                     0 / 0                 0 / 0                 0 / 0                 0 / 0           ops/s
[30.094s][info][gc,stats    ]      Memory: Undo Object Allocation Succeeded                  0 / 0                 0 / 0                 0 / 0                 0 / 0           ops/s
[30.094s][info][gc,stats    ]      Memory: Undo Page Allocation                              0 / 0                 0 / 1                 0 / 1                 0 / 1           ops/s
[30.094s][info][gc,stats    ]       Phase: Concurrent Destroy Detached Pages             0.004 / 0.027         0.002 / 0.027         0.002 / 0.027         0.002 / 0.027       ms
[30.094s][info][gc,stats    ]       Phase: Concurrent Mark                             551.867 / 1181.984    493.426 / 1181.984    493.426 / 1181.984    493.426 / 1181.984    ms
[30.094s][info][gc,stats    ]       Phase: Concurrent Mark Continue                      0.000 / 0.000         0.000 / 0.000         0.000 / 0.000         0.000 / 0.000       ms
[30.094s][info][gc,stats    ]       Phase: Concurrent Prepare Relocation Set             0.025 / 0.044         5.233 / 63.406        5.233 / 63.406        5.233 / 63.406      ms
[30.094s][info][gc,stats    ]       Phase: Concurrent Process Non-Strong References      2.514 / 7.883         2.241 / 7.883         2.241 / 7.883         2.241 / 7.883       ms
[30.094s][info][gc,stats    ]       Phase: Concurrent Relocate                          23.867 / 271.259     141.588 / 924.010     141.588 / 924.010     141.588 / 924.010     ms
[30.094s][info][gc,stats    ]       Phase: Concurrent Reset Relocation Set               0.006 / 0.046         0.095 / 0.556         0.095 / 0.556         0.095 / 0.556       ms
[30.094s][info][gc,stats    ]       Phase: Concurrent Select Relocation Set              2.813 / 5.728         2.575 / 7.826         2.575 / 7.826         2.575 / 7.826       ms
[30.094s][info][gc,stats    ]       Phase: Pause Mark End                                0.277 / 0.527         0.253 / 0.647         0.253 / 0.647         0.253 / 0.647       ms
[30.094s][info][gc,stats    ]       Phase: Pause Mark Start                              2.491 / 5.379         2.336 / 5.379         2.336 / 5.379         2.336 / 5.379       ms
[30.094s][info][gc,stats    ]       Phase: Pause Relocate Start                          2.848 / 13.288        2.681 / 13.288        2.681 / 13.288        2.681 / 13.288      ms
[30.094s][info][gc,stats    ]    Subphase: Concurrent Mark                             550.952 / 1181.948    492.377 / 1181.948    492.377 / 1181.948    492.377 / 1181.948    ms
[30.094s][info][gc,stats    ]    Subphase: Concurrent Mark Idle                          0.000 / 0.000         0.000 / 0.000         0.000 / 0.000         0.000 / 0.000       ms
[30.094s][info][gc,stats    ]    Subphase: Concurrent Mark Try Flush                     0.954 / 5.154         1.946 / 13.109        1.946 / 13.109        1.946 / 13.109      ms
[30.094s][info][gc,stats    ]    Subphase: Concurrent Mark Try Terminate                 0.314 / 2.020         0.662 / 5.909         0.662 / 5.909         0.662 / 5.909       ms
[30.094s][info][gc,stats    ]    Subphase: Concurrent References Enqueue                 0.002 / 0.004         0.002 / 0.005         0.002 / 0.005         0.002 / 0.005       ms
[30.094s][info][gc,stats    ]    Subphase: Concurrent References Process                 0.672 / 1.079         0.625 / 1.079         0.625 / 1.079         0.625 / 1.079       ms
[30.094s][info][gc,stats    ]    Subphase: Concurrent Weak Roots                         1.432 / 7.234         1.154 / 7.234         1.154 / 7.234         1.154 / 7.234       ms
[30.094s][info][gc,stats    ]    Subphase: Concurrent Weak Roots JNIWeakHandles          0.000 / 0.001         0.000 / 0.001         0.000 / 0.001         0.000 / 0.001       ms
[30.094s][info][gc,stats    ]    Subphase: Concurrent Weak Roots StringTable             1.186 / 6.953         0.935 / 6.953         0.935 / 6.953         0.935 / 6.953       ms
[30.094s][info][gc,stats    ]    Subphase: Concurrent Weak Roots VMWeakHandles           0.244 / 0.444         0.217 / 0.444         0.217 / 0.444         0.217 / 0.444       ms
[30.094s][info][gc,stats    ]    Subphase: Pause Mark Try Complete                       0.000 / 0.000         0.001 / 0.001         0.001 / 0.001         0.001 / 0.001       ms
[30.094s][info][gc,stats    ]    Subphase: Pause Remap TLABS                             0.001 / 0.002         0.001 / 0.002         0.001 / 0.002         0.001 / 0.002       ms
[30.094s][info][gc,stats    ]    Subphase: Pause Retire TLABS                            0.014 / 0.030         0.014 / 0.033         0.014 / 0.033         0.014 / 0.033       ms
[30.094s][info][gc,stats    ]    Subphase: Pause Roots                                   1.580 / 9.889         1.525 / 9.889         1.525 / 9.889         1.525 / 9.889       ms
[30.094s][info][gc,stats    ]    Subphase: Pause Roots ClassLoaderDataGraph              0.679 / 1.368         0.731 / 3.853         0.731 / 3.853         0.731 / 3.853       ms
[30.094s][info][gc,stats    ]    Subphase: Pause Roots CodeCache                         0.932 / 1.759         0.909 / 3.789         0.909 / 3.789         0.909 / 3.789       ms
[30.094s][info][gc,stats    ]    Subphase: Pause Roots JNIHandles                        0.001 / 0.002         0.001 / 0.004         0.001 / 0.004         0.001 / 0.004       ms
[30.094s][info][gc,stats    ]    Subphase: Pause Roots JNIWeakHandles                    0.000 / 0.000         0.000 / 0.000         0.000 / 0.000         0.000 / 0.000       ms
[30.094s][info][gc,stats    ]    Subphase: Pause Roots JRFWeak                           0.000 / 0.000         0.000 / 0.000         0.000 / 0.000         0.000 / 0.000       ms
[30.094s][info][gc,stats    ]    Subphase: Pause Roots JVMTIExport                       0.001 / 0.001         0.001 / 0.001         0.001 / 0.001         0.001 / 0.001       ms
[30.094s][info][gc,stats    ]    Subphase: Pause Roots JVMTIWeakExport                   0.001 / 0.001         0.001 / 0.001         0.001 / 0.001         0.001 / 0.001       ms
[30.094s][info][gc,stats    ]    Subphase: Pause Roots Management                        0.001 / 0.008         0.001 / 0.008         0.001 / 0.008         0.001 / 0.008       ms
[30.094s][info][gc,stats    ]    Subphase: Pause Roots ObjectSynchronizer                0.000 / 0.001         0.000 / 0.001         0.000 / 0.001         0.000 / 0.001       ms
[30.094s][info][gc,stats    ]    Subphase: Pause Roots Setup                             0.182 / 0.324         0.158 / 0.444         0.158 / 0.444         0.158 / 0.444       ms
[30.094s][info][gc,stats    ]    Subphase: Pause Roots StringTable                       0.000 / 0.000         0.000 / 0.000         0.000 / 0.000         0.000 / 0.000       ms
[30.094s][info][gc,stats    ]    Subphase: Pause Roots SystemDictionary                  0.013 / 0.032         0.043 / 1.621         0.043 / 1.621         0.043 / 1.621       ms
[30.094s][info][gc,stats    ]    Subphase: Pause Roots Teardown                          0.001 / 0.003         0.001 / 0.003         0.001 / 0.003         0.001 / 0.003       ms
[30.094s][info][gc,stats    ]    Subphase: Pause Roots Threads                           0.491 / 7.974         0.392 / 7.974         0.392 / 7.974         0.392 / 7.974       ms
[30.094s][info][gc,stats    ]    Subphase: Pause Roots Universe                          0.002 / 0.006         0.009 / 0.336         0.009 / 0.336         0.009 / 0.336       ms
[30.094s][info][gc,stats    ]    Subphase: Pause Roots VMWeakHandles                     0.000 / 0.000         0.000 / 0.000         0.000 / 0.000         0.000 / 0.000       ms
[30.094s][info][gc,stats    ]    Subphase: Pause Weak Roots                              0.002 / 0.003         0.002 / 0.015         0.002 / 0.015         0.002 / 0.015       ms
[30.094s][info][gc,stats    ]    Subphase: Pause Weak Roots JFRWeak                      0.001 / 0.001         0.001 / 0.001         0.001 / 0.001         0.001 / 0.001       ms
[30.094s][info][gc,stats    ]    Subphase: Pause Weak Roots JNIWeakHandles               0.000 / 0.000         0.000 / 0.000         0.000 / 0.000         0.000 / 0.000       ms
[30.094s][info][gc,stats    ]    Subphase: Pause Weak Roots JVMTIWeakExport              0.001 / 0.001         0.001 / 0.014         0.001 / 0.014         0.001 / 0.014       ms
[30.094s][info][gc,stats    ]    Subphase: Pause Weak Roots Setup                        0.000 / 0.000         0.000 / 0.000         0.000 / 0.000         0.000 / 0.000       ms
[30.094s][info][gc,stats    ]    Subphase: Pause Weak Roots StringTable                  0.000 / 0.000         0.000 / 0.000         0.000 / 0.000         0.000 / 0.000       ms
[30.094s][info][gc,stats    ]    Subphase: Pause Weak Roots SymbolTable                  0.000 / 0.000         0.000 / 0.000         0.000 / 0.000         0.000 / 0.000       ms
[30.094s][info][gc,stats    ]    Subphase: Pause Weak Roots Teardown                     0.001 / 0.001         0.001 / 0.001         0.001 / 0.001         0.001 / 0.001       ms
[30.094s][info][gc,stats    ]    Subphase: Pause Weak Roots VMWeakHandles                0.000 / 0.000         0.000 / 0.000         0.000 / 0.000         0.000 / 0.000       ms
[30.094s][info][gc,stats    ]      System: Java Threads                                     67 / 92               55 / 92               55 / 92               55 / 92          threads
[30.094s][info][gc,stats    ] =========================================================================================================================================================
[30.094s][info][gc,start    ] GC(27) Garbage Collection (Allocation Rate)
[30.099s][info][gc,phases   ] GC(27) Pause Mark Start 2.389ms
[30.685s][info][gc,phases   ] GC(27) Concurrent Mark 586.104ms
[30.688s][info][gc,phases   ] GC(27) Pause Mark End 0.283ms
[30.690s][info][gc,phases   ] GC(27) Concurrent Process Non-Strong References 1.559ms
[30.692s][info][gc,phases   ] GC(27) Concurrent Reset Relocation Set 0.005ms
[30.692s][info][gc,phases   ] GC(27) Concurrent Destroy Detached Pages 0.000ms
[30.696s][info][gc,phases   ] GC(27) Concurrent Select Relocation Set 3.637ms
[30.696s][info][gc,phases   ] GC(27) Concurrent Prepare Relocation Set 0.032ms
[30.701s][info][gc,phases   ] GC(27) Pause Relocate Start 2.090ms
[30.706s][info][gc,phases   ] GC(27) Concurrent Relocate 2.216ms
[30.706s][info][gc,load     ] GC(27) Load: 2.29/2.03/1.25
[30.706s][info][gc,mmu      ] GC(27) MMU: 2ms/0.0%, 5ms/0.0%, 10ms/0.0%, 20ms/32.4%, 50ms/73.0%, 100ms/86.5%
[30.706s][info][gc,marking  ] GC(27) Mark: 1 stripe(s), 2 proactive flush(es), 1 terminate flush(es), 0 completion(s), 0 continuation(s) 
[30.706s][info][gc,reloc    ] GC(27) Relocation: Successful, 6M relocated
[30.706s][info][gc,nmethod  ] GC(27) NMethods: 2571 registered, 0 unregistered
[30.706s][info][gc,metaspace] GC(27) Metaspace: 67M used, 71M capacity, 71M committed, 72M reserved
[30.706s][info][gc,ref      ] GC(27) Soft: 4676 encountered, 0 discovered, 0 enqueued
[30.706s][info][gc,ref      ] GC(27) Weak: 4610 encountered, 3465 discovered, 72 enqueued
[30.706s][info][gc,ref      ] GC(27) Final: 27 encountered, 0 discovered, 0 enqueued
[30.706s][info][gc,ref      ] GC(27) Phantom: 650 encountered, 647 discovered, 0 enqueued
[30.706s][info][gc,heap     ] GC(27)                Mark Start          Mark End        Relocate Start      Relocate End           High               Low         
[30.706s][info][gc,heap     ] GC(27)  Capacity:     1250M (100%)       1250M (100%)       1250M (100%)       1250M (100%)       1250M (100%)       1250M (100%)   
[30.706s][info][gc,heap     ] GC(27)   Reserve:       34M (3%)           34M (3%)           34M (3%)           34M (3%)           34M (3%)           34M (3%)     
[30.706s][info][gc,heap     ] GC(27)      Free:      562M (45%)         172M (14%)         558M (45%)         572M (46%)         572M (46%)         170M (14%)    
[30.706s][info][gc,heap     ] GC(27)      Used:      654M (52%)        1044M (84%)         658M (53%)         644M (52%)        1046M (84%)         644M (52%)    
[30.706s][info][gc,heap     ] GC(27)      Live:         -               216M (17%)         216M (17%)         216M (17%)            -                  -          
[30.706s][info][gc,heap     ] GC(27) Allocated:         -               390M (31%)         392M (31%)         400M (32%)            -                  -          
[30.706s][info][gc,heap     ] GC(27)   Garbage:         -               437M (35%)          49M (4%)           29M (2%)             -                  -          
[30.706s][info][gc,heap     ] GC(27) Reclaimed:         -                  -               388M (31%)         408M (33%)            -                  -          
[30.706s][info][gc          ] GC(27) Garbage Collection (Allocation Rate) 654M(52%)->644M(52%)
[30.794s][info][gc,start    ] GC(28) Garbage Collection (Allocation Rate)
[30.799s][info][gc,phases   ] GC(28) Pause Mark Start 2.513ms
[31.188s][info][gc,heap     ] Page Cache Flushed: 2M requested, 6M(76M->70M) flushed
[31.200s][info][gc,heap     ] Page Cache Flushed: 2M requested, 6M(70M->64M) flushed
[31.205s][info][gc,heap     ] Page Cache Flushed: 2M requested, 32M(64M->32M) flushed
[31.225s][info][gc,phases   ] GC(28) Concurrent Mark 425.952ms
[31.228s][info][gc,phases   ] GC(28) Pause Mark End 0.293ms
[31.229s][info][gc,phases   ] GC(28) Concurrent Process Non-Strong References 1.591ms
[31.229s][info][gc,phases   ] GC(28) Concurrent Reset Relocation Set 0.004ms
[31.229s][info][gc,phases   ] GC(28) Concurrent Destroy Detached Pages 0.004ms
[31.231s][info][gc,phases   ] GC(28) Concurrent Select Relocation Set 1.526ms
[31.231s][info][gc,phases   ] GC(28) Concurrent Prepare Relocation Set 0.002ms
[31.233s][info][gc,phases   ] GC(28) Pause Relocate Start 1.956ms
[31.240s][info][gc,phases   ] GC(28) Concurrent Relocate 6.756ms
[31.240s][info][gc,load     ] GC(28) Load: 2.29/2.03/1.25
[31.240s][info][gc,mmu      ] GC(28) MMU: 2ms/0.0%, 5ms/0.0%, 10ms/0.0%, 20ms/32.4%, 50ms/73.0%, 100ms/86.5%
[31.240s][info][gc,marking  ] GC(28) Mark: 1 stripe(s), 2 proactive flush(es), 1 terminate flush(es), 0 completion(s), 0 continuation(s) 
[31.240s][info][gc,reloc    ] GC(28) Relocation: Successful, 5M relocated
[31.240s][info][gc,nmethod  ] GC(28) NMethods: 2574 registered, 0 unregistered
[31.240s][info][gc,metaspace] GC(28) Metaspace: 67M used, 71M capacity, 71M committed, 72M reserved
[31.240s][info][gc,ref      ] GC(28) Soft: 4676 encountered, 0 discovered, 0 enqueued
[31.240s][info][gc,ref      ] GC(28) Weak: 4546 encountered, 3424 discovered, 19 enqueued
[31.240s][info][gc,ref      ] GC(28) Final: 27 encountered, 0 discovered, 0 enqueued
[31.240s][info][gc,ref      ] GC(28) Phantom: 650 encountered, 646 discovered, 0 enqueued
[31.240s][info][gc,heap     ] GC(28)                Mark Start          Mark End        Relocate Start      Relocate End           High               Low         
[31.240s][info][gc,heap     ] GC(28)  Capacity:     1250M (100%)       1250M (100%)       1250M (100%)       1250M (100%)       1250M (100%)       1250M (100%)   
[31.240s][info][gc,heap     ] GC(28)   Reserve:       34M (3%)           34M (3%)           34M (3%)           34M (3%)           34M (3%)           34M (3%)     
[31.240s][info][gc,heap     ] GC(28)      Free:      432M (35%)          48M (4%)          568M (45%)         572M (46%)         572M (46%)          48M (4%)     
[31.240s][info][gc,heap     ] GC(28)      Used:      784M (63%)        1168M (93%)         648M (52%)         644M (52%)        1168M (93%)         644M (52%)    
[31.240s][info][gc,heap     ] GC(28)      Live:         -               216M (17%)         216M (17%)         216M (17%)            -                  -          
[31.240s][info][gc,heap     ] GC(28) Allocated:         -               384M (31%)         384M (31%)         398M (32%)            -                  -          
[31.240s][info][gc,heap     ] GC(28)   Garbage:         -               567M (45%)          47M (4%)           31M (3%)             -                  -          
[31.240s][info][gc,heap     ] GC(28) Reclaimed:         -                  -               520M (42%)         536M (43%)            -                  -          
[31.240s][info][gc          ] GC(28) Garbage Collection (Allocation Rate) 784M(63%)->644M(52%)
[31.294s][info][gc,start    ] GC(29) Garbage Collection (Allocation Rate)
[31.299s][info][gc,phases   ] GC(29) Pause Mark Start 2.416ms
[31.754s][info][gc,phases   ] GC(29) Concurrent Mark 454.389ms
[31.756s][info][gc,phases   ] GC(29) Pause Mark End 0.287ms
[31.758s][info][gc,phases   ] GC(29) Concurrent Process Non-Strong References 1.410ms
[31.758s][info][gc,phases   ] GC(29) Concurrent Reset Relocation Set 0.002ms
[31.758s][info][gc,phases   ] GC(29) Concurrent Destroy Detached Pages 0.000ms
[31.759s][info][gc,phases   ] GC(29) Concurrent Select Relocation Set 1.529ms
[31.759s][info][gc,phases   ] GC(29) Concurrent Prepare Relocation Set 0.001ms
[31.761s][info][gc,phases   ] GC(29) Pause Relocate Start 1.895ms
[31.768s][info][gc,phases   ] GC(29) Concurrent Relocate 6.872ms
[31.768s][info][gc,load     ] GC(29) Load: 2.29/2.03/1.25
[31.768s][info][gc,mmu      ] GC(29) MMU: 2ms/0.0%, 5ms/0.0%, 10ms/0.0%, 20ms/32.4%, 50ms/73.0%, 100ms/86.5%
[31.768s][info][gc,marking  ] GC(29) Mark: 1 stripe(s), 2 proactive flush(es), 1 terminate flush(es), 0 completion(s), 0 continuation(s) 
[31.768s][info][gc,reloc    ] GC(29) Relocation: Successful, 5M relocated
[31.768s][info][gc,nmethod  ] GC(29) NMethods: 2574 registered, 0 unregistered
[31.768s][info][gc,metaspace] GC(29) Metaspace: 67M used, 71M capacity, 71M committed, 72M reserved
[31.768s][info][gc,ref      ] GC(29) Soft: 4676 encountered, 0 discovered, 0 enqueued
[31.768s][info][gc,ref      ] GC(29) Weak: 4527 encountered, 3405 discovered, 0 enqueued
[31.768s][info][gc,ref      ] GC(29) Final: 27 encountered, 0 discovered, 0 enqueued
[31.768s][info][gc,ref      ] GC(29) Phantom: 650 encountered, 646 discovered, 0 enqueued
[31.768s][info][gc,heap     ] GC(29)                Mark Start          Mark End        Relocate Start      Relocate End           High               Low         
[31.768s][info][gc,heap     ] GC(29)  Capacity:     1250M (100%)       1250M (100%)       1250M (100%)       1250M (100%)       1250M (100%)       1250M (100%)   
[31.768s][info][gc,heap     ] GC(29)   Reserve:       34M (3%)           34M (3%)           34M (3%)           34M (3%)           34M (3%)           34M (3%)     
[31.768s][info][gc,heap     ] GC(29)      Free:      472M (38%)          58M (5%)          546M (44%)         540M (43%)         546M (44%)          58M (5%)     
[31.768s][info][gc,heap     ] GC(29)      Used:      744M (60%)        1158M (93%)         670M (54%)         676M (54%)        1158M (93%)         670M (54%)    
[31.769s][info][gc,heap     ] GC(29)      Live:         -               216M (17%)         216M (17%)         216M (17%)            -                  -          
[31.769s][info][gc,heap     ] GC(29) Allocated:         -               414M (33%)         414M (33%)         430M (34%)            -                  -          
[31.769s][info][gc,heap     ] GC(29)   Garbage:         -               527M (42%)          39M (3%)           31M (3%)             -                  -          
[31.769s][info][gc,heap     ] GC(29) Reclaimed:         -                  -               488M (39%)         496M (40%)            -                  -          
[31.769s][info][gc          ] GC(29) Garbage Collection (Allocation Rate) 744M(60%)->676M(54%)
[31.794s][info][gc,start    ] GC(30) Garbage Collection (Allocation Rate)
[31.798s][info][gc,phases   ] GC(30) Pause Mark Start 2.383ms
[32.222s][info][gc,phases   ] GC(30) Concurrent Mark 423.246ms
[32.224s][info][gc,phases   ] GC(30) Pause Mark End 0.287ms
[32.226s][info][gc,phases   ] GC(30) Concurrent Process Non-Strong References 1.380ms
[32.226s][info][gc,phases   ] GC(30) Concurrent Reset Relocation Set 0.002ms
[32.226s][info][gc,phases   ] GC(30) Concurrent Destroy Detached Pages 0.000ms
[32.227s][info][gc,phases   ] GC(30) Concurrent Select Relocation Set 1.528ms
[32.227s][info][gc,phases   ] GC(30) Concurrent Prepare Relocation Set 0.002ms
[32.229s][info][gc,phases   ] GC(30) Pause Relocate Start 1.915ms
[32.234s][info][gc,phases   ] GC(30) Concurrent Relocate 3.969ms
[32.234s][info][gc,load     ] GC(30) Load: 2.29/2.03/1.25
[32.234s][info][gc,mmu      ] GC(30) MMU: 2ms/0.0%, 5ms/0.0%, 10ms/0.0%, 20ms/32.4%, 50ms/73.0%, 100ms/86.5%
[32.234s][info][gc,marking  ] GC(30) Mark: 1 stripe(s), 2 proactive flush(es), 1 terminate flush(es), 0 completion(s), 0 continuation(s) 
[32.234s][info][gc,reloc    ] GC(30) Relocation: Successful, 5M relocated
[32.234s][info][gc,nmethod  ] GC(30) NMethods: 2574 registered, 0 unregistered
[32.234s][info][gc,metaspace] GC(30) Metaspace: 67M used, 71M capacity, 71M committed, 72M reserved
[32.234s][info][gc,ref      ] GC(30) Soft: 4676 encountered, 0 discovered, 0 enqueued
[32.234s][info][gc,ref      ] GC(30) Weak: 4527 encountered, 3405 discovered, 0 enqueued
[32.234s][info][gc,ref      ] GC(30) Final: 27 encountered, 0 discovered, 0 enqueued
[32.234s][info][gc,ref      ] GC(30) Phantom: 650 encountered, 646 discovered, 0 enqueued
[32.234s][info][gc,heap     ] GC(30)                Mark Start          Mark End        Relocate Start      Relocate End           High               Low         
[32.234s][info][gc,heap     ] GC(30)  Capacity:     1250M (100%)       1250M (100%)       1250M (100%)       1250M (100%)       1250M (100%)       1250M (100%)   
[32.234s][info][gc,heap     ] GC(30)   Reserve:       34M (3%)           34M (3%)           34M (3%)           34M (3%)           34M (3%)           34M (3%)     
[32.234s][info][gc,heap     ] GC(30)      Free:      496M (40%)         112M (9%)          576M (46%)         576M (46%)         576M (46%)         112M (9%)     
[32.234s][info][gc,heap     ] GC(30)      Used:      720M (58%)        1104M (88%)         640M (51%)         640M (51%)        1104M (88%)         640M (51%)    
[32.234s][info][gc,heap     ] GC(30)      Live:         -               216M (17%)         216M (17%)         216M (17%)            -                  -          
[32.234s][info][gc,heap     ] GC(30) Allocated:         -               384M (31%)         384M (31%)         394M (32%)            -                  -          
[32.234s][info][gc,heap     ] GC(30)   Garbage:         -               503M (40%)          39M (3%)           33M (3%)             -                  -          
[32.234s][info][gc,heap     ] GC(30) Reclaimed:         -                  -               464M (37%)         470M (38%)            -                  -          
[32.234s][info][gc          ] GC(30) Garbage Collection (Allocation Rate) 720M(58%)->640M(51%)
[32.294s][info][gc,start    ] GC(31) Garbage Collection (Allocation Rate)
[32.301s][info][gc,phases   ] GC(31) Pause Mark Start 4.783ms
[32.754s][info][gc,phases   ] GC(31) Concurrent Mark 452.444ms
[32.755s][info][gc,phases   ] GC(31) Pause Mark End 0.371ms
[32.756s][info][gc,phases   ] GC(31) Concurrent Process Non-Strong References 1.378ms
[32.756s][info][gc,phases   ] GC(31) Concurrent Reset Relocation Set 0.003ms
[32.756s][info][gc,phases   ] GC(31) Concurrent Destroy Detached Pages 0.000ms
[32.758s][info][gc,phases   ] GC(31) Concurrent Select Relocation Set 1.600ms
[32.758s][info][gc,phases   ] GC(31) Concurrent Prepare Relocation Set 0.002ms
[32.760s][info][gc,phases   ] GC(31) Pause Relocate Start 1.982ms
[32.760s][info][gc,phases   ] GC(31) Concurrent Relocate 0.041ms
[32.760s][info][gc,load     ] GC(31) Load: 2.43/2.06/1.27
[32.760s][info][gc,mmu      ] GC(31) MMU: 2ms/0.0%, 5ms/0.0%, 10ms/0.0%, 20ms/32.4%, 50ms/73.0%, 100ms/86.5%
[32.760s][info][gc,marking  ] GC(31) Mark: 1 stripe(s), 2 proactive flush(es), 1 terminate flush(es), 0 completion(s), 0 continuation(s) 
[32.760s][info][gc,reloc    ] GC(31) Relocation: Successful, 5M relocated
[32.760s][info][gc,nmethod  ] GC(31) NMethods: 2631 registered, 0 unregistered
[32.760s][info][gc,metaspace] GC(31) Metaspace: 67M used, 71M capacity, 71M committed, 72M reserved
[32.760s][info][gc,ref      ] GC(31) Soft: 4676 encountered, 0 discovered, 0 enqueued
[32.760s][info][gc,ref      ] GC(31) Weak: 4526 encountered, 3453 discovered, 0 enqueued
[32.760s][info][gc,ref      ] GC(31) Final: 27 encountered, 0 discovered, 0 enqueued
[32.760s][info][gc,ref      ] GC(31) Phantom: 650 encountered, 646 discovered, 0 enqueued
[32.760s][info][gc,heap     ] GC(31)                Mark Start          Mark End        Relocate Start      Relocate End           High               Low         
[32.760s][info][gc,heap     ] GC(31)  Capacity:     1250M (100%)       1250M (100%)       1250M (100%)       1250M (100%)       1250M (100%)       1250M (100%)   
[32.760s][info][gc,heap     ] GC(31)   Reserve:       34M (3%)           34M (3%)           34M (3%)           34M (3%)           34M (3%)           34M (3%)     
[32.760s][info][gc,heap     ] GC(31)      Free:      482M (39%)         236M (19%)         714M (57%)         722M (58%)         722M (58%)         236M (19%)    
[32.760s][info][gc,heap     ] GC(31)      Used:      734M (59%)         980M (78%)         502M (40%)         494M (40%)         980M (78%)         494M (40%)    
[32.760s][info][gc,heap     ] GC(31)      Live:         -               216M (17%)         216M (17%)         216M (17%)            -                  -          
[32.760s][info][gc,heap     ] GC(31) Allocated:         -               246M (20%)         246M (20%)         248M (20%)            -                  -          
[32.760s][info][gc,heap     ] GC(31)   Garbage:         -               517M (41%)          39M (3%)           31M (3%)             -                  -          
[32.760s][info][gc,heap     ] GC(31) Reclaimed:         -                  -               478M (38%)         486M (39%)            -                  -          
[32.760s][info][gc          ] GC(31) Garbage Collection (Allocation Rate) 734M(59%)->494M(40%)
[32.760s][info][gc,start    ] GC(32) Garbage Collection (System.gc())
[32.763s][info][gc,phases   ] GC(32) Pause Mark Start 2.383ms
[33.044s][info][gc,phases   ] GC(32) Concurrent Mark 281.546ms
[33.045s][info][gc,phases   ] GC(32) Pause Mark End 0.373ms
[33.047s][info][gc,phases   ] GC(32) Concurrent Process Non-Strong References 1.580ms
[33.047s][info][gc,phases   ] GC(32) Concurrent Reset Relocation Set 0.003ms
[33.047s][info][gc,phases   ] GC(32) Concurrent Destroy Detached Pages 0.000ms
[33.052s][info][gc,phases   ] GC(32) Concurrent Select Relocation Set 4.893ms
[33.052s][info][gc,phases   ] GC(32) Concurrent Prepare Relocation Set 0.043ms
[33.058s][info][gc,phases   ] GC(32) Pause Relocate Start 2.648ms
[33.061s][info][gc,phases   ] GC(32) Concurrent Relocate 3.494ms
[33.062s][info][gc,load     ] GC(32) Load: 2.43/2.06/1.27
[33.062s][info][gc,mmu      ] GC(32) MMU: 2ms/0.0%, 5ms/0.0%, 10ms/0.0%, 20ms/32.4%, 50ms/73.0%, 100ms/86.5%
[33.062s][info][gc,marking  ] GC(32) Mark: 1 stripe(s), 2 proactive flush(es), 1 terminate flush(es), 0 completion(s), 0 continuation(s) 
[33.062s][info][gc,reloc    ] GC(32) Relocation: Successful, 6M relocated
[33.062s][info][gc,nmethod  ] GC(32) NMethods: 2632 registered, 0 unregistered
[33.062s][info][gc,metaspace] GC(32) Metaspace: 67M used, 71M capacity, 71M committed, 72M reserved
[33.062s][info][gc,ref      ] GC(32) Soft: 4676 encountered, 0 discovered, 0 enqueued
[33.062s][info][gc,ref      ] GC(32) Weak: 4597 encountered, 3525 discovered, 118 enqueued
[33.062s][info][gc,ref      ] GC(32) Final: 27 encountered, 0 discovered, 0 enqueued
[33.062s][info][gc,ref      ] GC(32) Phantom: 650 encountered, 646 discovered, 0 enqueued
[33.062s][info][gc,heap     ] GC(32)                Mark Start          Mark End        Relocate Start      Relocate End           High               Low         
[33.062s][info][gc,heap     ] GC(32)  Capacity:     1250M (100%)       1250M (100%)       1250M (100%)       1250M (100%)       1250M (100%)       1250M (100%)   
[33.062s][info][gc,heap     ] GC(32)   Reserve:       34M (3%)           34M (3%)           34M (3%)           34M (3%)           34M (3%)           34M (3%)     
[33.062s][info][gc,heap     ] GC(32)      Free:      722M (58%)         720M (58%)         958M (77%)         966M (77%)         966M (77%)         720M (58%)    
[33.062s][info][gc,heap     ] GC(32)      Used:      494M (40%)         496M (40%)         258M (21%)         250M (20%)         496M (40%)         250M (20%)    
[33.062s][info][gc,heap     ] GC(32)      Live:         -               216M (17%)         216M (17%)         216M (17%)            -                  -          
[33.062s][info][gc,heap     ] GC(32) Allocated:         -                 2M (0%)            2M (0%)            6M (0%)             -                  -          
[33.062s][info][gc,heap     ] GC(32)   Garbage:         -               277M (22%)          39M (3%)           31M (3%)             -                  -          
[33.062s][info][gc,heap     ] GC(32) Reclaimed:         -                  -               238M (19%)         246M (20%)            -                  -          
[33.062s][info][gc          ] GC(32) Garbage Collection (System.gc()) 494M(40%)->250M(20%)
[33.394s][info][gc,start    ] GC(33) Garbage Collection (Allocation Rate)
[33.400s][info][gc,phases   ] GC(33) Pause Mark Start 2.503ms
[34.106s][info][gc,phases   ] GC(33) Concurrent Mark 705.705ms
[34.111s][info][gc,phases   ] GC(33) Pause Mark End 0.334ms
[34.117s][info][gc,phases   ] GC(33) Concurrent Process Non-Strong References 5.801ms
[34.117s][info][gc,phases   ] GC(33) Concurrent Reset Relocation Set 0.003ms
[34.117s][info][gc,phases   ] GC(33) Concurrent Destroy Detached Pages 0.000ms
[34.119s][info][gc,phases   ] GC(33) Concurrent Select Relocation Set 1.521ms
[34.119s][info][gc,phases   ] GC(33) Concurrent Prepare Relocation Set 0.029ms
[34.126s][info][gc,phases   ] GC(33) Pause Relocate Start 2.159ms
[34.129s][info][gc,phases   ] GC(33) Concurrent Relocate 3.395ms
[34.129s][info][gc,load     ] GC(33) Load: 2.43/2.06/1.27
[34.129s][info][gc,mmu      ] GC(33) MMU: 2ms/0.0%, 5ms/0.0%, 10ms/0.0%, 20ms/32.4%, 50ms/73.0%, 100ms/86.5%
[34.129s][info][gc,marking  ] GC(33) Mark: 1 stripe(s), 2 proactive flush(es), 1 terminate flush(es), 0 completion(s), 0 continuation(s) 
[34.129s][info][gc,reloc    ] GC(33) Relocation: Successful, 6M relocated
[34.129s][info][gc,nmethod  ] GC(33) NMethods: 2694 registered, 0 unregistered
[34.129s][info][gc,metaspace] GC(33) Metaspace: 67M used, 71M capacity, 71M committed, 72M reserved
[34.129s][info][gc,ref      ] GC(33) Soft: 4681 encountered, 0 discovered, 0 enqueued
[34.129s][info][gc,ref      ] GC(33) Weak: 4635 encountered, 3498 discovered, 73 enqueued
[34.129s][info][gc,ref      ] GC(33) Final: 27 encountered, 0 discovered, 0 enqueued
[34.129s][info][gc,ref      ] GC(33) Phantom: 650 encountered, 646 discovered, 0 enqueued
[34.129s][info][gc,heap     ] GC(33)                Mark Start          Mark End        Relocate Start      Relocate End           High               Low         
[34.129s][info][gc,heap     ] GC(33)  Capacity:     1250M (100%)       1250M (100%)       1250M (100%)       1250M (100%)       1250M (100%)       1250M (100%)   
[34.129s][info][gc,heap     ] GC(33)   Reserve:       34M (3%)           34M (3%)           34M (3%)           34M (3%)           34M (3%)           34M (3%)     
[34.129s][info][gc,heap     ] GC(33)      Free:      782M (63%)         396M (32%)         548M (44%)         576M (46%)         782M (63%)         388M (31%)    
[34.129s][info][gc,heap     ] GC(33)      Used:      434M (35%)         820M (66%)         668M (53%)         640M (51%)         828M (66%)         434M (35%)    
[34.129s][info][gc,heap     ] GC(33)      Live:         -               216M (17%)         216M (17%)         216M (17%)            -                  -          
[34.129s][info][gc,heap     ] GC(33) Allocated:         -               386M (31%)         394M (32%)         396M (32%)            -                  -          
[34.129s][info][gc,heap     ] GC(33)   Garbage:         -               217M (17%)          57M (5%)           29M (2%)             -                  -          
[34.129s][info][gc,heap     ] GC(33) Reclaimed:         -                  -               160M (13%)         188M (15%)            -                  -          
[34.129s][info][gc          ] GC(33) Garbage Collection (Allocation Rate) 434M(35%)->640M(51%)
[34.194s][info][gc,start    ] GC(34) Garbage Collection (Allocation Rate)
[34.199s][info][gc,phases   ] GC(34) Pause Mark Start 2.517ms
[34.721s][info][gc,phases   ] GC(34) Concurrent Mark 521.994ms
[34.724s][info][gc,phases   ] GC(34) Pause Mark End 0.344ms
[34.726s][info][gc,phases   ] GC(34) Concurrent Process Non-Strong References 1.499ms
[34.726s][info][gc,phases   ] GC(34) Concurrent Reset Relocation Set 0.004ms
[34.726s][info][gc,phases   ] GC(34) Concurrent Destroy Detached Pages 0.000ms
[34.728s][info][gc,phases   ] GC(34) Concurrent Select Relocation Set 1.578ms
[34.728s][info][gc,phases   ] GC(34) Concurrent Prepare Relocation Set 0.001ms
[34.730s][info][gc,phases   ] GC(34) Pause Relocate Start 2.102ms
[34.735s][info][gc,phases   ] GC(34) Concurrent Relocate 5.238ms
[34.735s][info][gc,load     ] GC(34) Load: 2.43/2.06/1.27
[34.735s][info][gc,mmu      ] GC(34) MMU: 2ms/0.0%, 5ms/0.0%, 10ms/0.0%, 20ms/32.4%, 50ms/73.0%, 100ms/86.5%
[34.735s][info][gc,marking  ] GC(34) Mark: 1 stripe(s), 2 proactive flush(es), 1 terminate flush(es), 0 completion(s), 0 continuation(s) 
[34.735s][info][gc,reloc    ] GC(34) Relocation: Successful, 5M relocated
[34.735s][info][gc,nmethod  ] GC(34) NMethods: 2704 registered, 0 unregistered
[34.735s][info][gc,metaspace] GC(34) Metaspace: 67M used, 71M capacity, 71M committed, 72M reserved
[34.735s][info][gc,ref      ] GC(34) Soft: 4681 encountered, 0 discovered, 0 enqueued
[34.735s][info][gc,ref      ] GC(34) Weak: 4570 encountered, 3439 discovered, 14 enqueued
[34.735s][info][gc,ref      ] GC(34) Final: 27 encountered, 0 discovered, 0 enqueued
[34.735s][info][gc,ref      ] GC(34) Phantom: 650 encountered, 647 discovered, 0 enqueued
[34.735s][info][gc,heap     ] GC(34)                Mark Start          Mark End        Relocate Start      Relocate End           High               Low         
[34.735s][info][gc,heap     ] GC(34)  Capacity:     1250M (100%)       1250M (100%)       1250M (100%)       1250M (100%)       1250M (100%)       1250M (100%)   
[34.735s][info][gc,heap     ] GC(34)   Reserve:       34M (3%)           34M (3%)           34M (3%)           34M (3%)           34M (3%)           34M (3%)     
[34.735s][info][gc,heap     ] GC(34)      Free:      522M (42%)         112M (9%)          544M (44%)         548M (44%)         548M (44%)         112M (9%)     
[34.735s][info][gc,heap     ] GC(34)      Used:      694M (56%)        1104M (88%)         672M (54%)         668M (53%)        1104M (88%)         668M (53%)    
[34.735s][info][gc,heap     ] GC(34)      Live:         -               216M (17%)         216M (17%)         216M (17%)            -                  -          
[34.735s][info][gc,heap     ] GC(34) Allocated:         -               410M (33%)         410M (33%)         422M (34%)            -                  -          
[34.735s][info][gc,heap     ] GC(34)   Garbage:         -               477M (38%)          45M (4%)           31M (3%)             -                  -          
[34.735s][info][gc,heap     ] GC(34) Reclaimed:         -                  -               432M (35%)         446M (36%)            -                  -          
[34.735s][info][gc          ] GC(34) Garbage Collection (Allocation Rate) 694M(56%)->668M(53%)
[34.794s][info][gc,start    ] GC(35) Garbage Collection (Allocation Rate)
[34.799s][info][gc,phases   ] GC(35) Pause Mark Start 2.520ms
[35.241s][info][gc,phases   ] GC(35) Concurrent Mark 442.554ms
[35.244s][info][gc,phases   ] GC(35) Pause Mark End 0.345ms
[35.246s][info][gc,phases   ] GC(35) Concurrent Process Non-Strong References 1.400ms
[35.246s][info][gc,phases   ] GC(35) Concurrent Reset Relocation Set 0.002ms
[35.246s][info][gc,phases   ] GC(35) Concurrent Destroy Detached Pages 0.000ms
[35.247s][info][gc,phases   ] GC(35) Concurrent Select Relocation Set 1.527ms
[35.247s][info][gc,phases   ] GC(35) Concurrent Prepare Relocation Set 0.002ms
[35.250s][info][gc,phases   ] GC(35) Pause Relocate Start 2.107ms
[35.256s][info][gc,phases   ] GC(35) Concurrent Relocate 6.324ms
[35.256s][info][gc,load     ] GC(35) Load: 2.43/2.06/1.27
[35.256s][info][gc,mmu      ] GC(35) MMU: 2ms/0.0%, 5ms/0.0%, 10ms/0.0%, 20ms/32.4%, 50ms/73.0%, 100ms/86.5%
[35.256s][info][gc,marking  ] GC(35) Mark: 1 stripe(s), 2 proactive flush(es), 1 terminate flush(es), 0 completion(s), 0 continuation(s) 
[35.256s][info][gc,reloc    ] GC(35) Relocation: Successful, 5M relocated
[35.256s][info][gc,nmethod  ] GC(35) NMethods: 2704 registered, 0 unregistered
[35.256s][info][gc,metaspace] GC(35) Metaspace: 67M used, 71M capacity, 71M committed, 72M reserved
[35.256s][info][gc,ref      ] GC(35) Soft: 4681 encountered, 0 discovered, 0 enqueued
[35.256s][info][gc,ref      ] GC(35) Weak: 4556 encountered, 3449 discovered, 0 enqueued
[35.256s][info][gc,ref      ] GC(35) Final: 27 encountered, 0 discovered, 0 enqueued
[35.256s][info][gc,ref      ] GC(35) Phantom: 650 encountered, 647 discovered, 0 enqueued
[35.256s][info][gc,heap     ] GC(35)                Mark Start          Mark End        Relocate Start      Relocate End           High               Low         
[35.256s][info][gc,heap     ] GC(35)  Capacity:     1250M (100%)       1250M (100%)       1250M (100%)       1250M (100%)       1250M (100%)       1250M (100%)   
[35.256s][info][gc,heap     ] GC(35)   Reserve:       34M (3%)           34M (3%)           34M (3%)           34M (3%)           34M (3%)           34M (3%)     
[35.256s][info][gc,heap     ] GC(35)      Free:      444M (36%)          76M (6%)          594M (48%)         588M (47%)         594M (48%)          76M (6%)     
[35.256s][info][gc,heap     ] GC(35)      Used:      772M (62%)        1140M (91%)         622M (50%)         628M (50%)        1140M (91%)         622M (50%)    
[35.256s][info][gc,heap     ] GC(35)      Live:         -               216M (17%)         216M (17%)         216M (17%)            -                  -          
[35.256s][info][gc,heap     ] GC(35) Allocated:         -               368M (29%)         368M (29%)         382M (31%)            -                  -          
[35.256s][info][gc,heap     ] GC(35)   Garbage:         -               555M (44%)          37M (3%)           31M (3%)             -                  -          
[35.256s][info][gc,heap     ] GC(35) Reclaimed:         -                  -               518M (41%)         524M (42%)            -                  -          
[35.256s][info][gc          ] GC(35) Garbage Collection (Allocation Rate) 772M(62%)->628M(50%)
[35.294s][info][gc,start    ] GC(36) Garbage Collection (Allocation Rate)
[35.299s][info][gc,phases   ] GC(36) Pause Mark Start 2.480ms
[35.733s][info][gc,phases   ] GC(36) Concurrent Mark 433.745ms
[35.736s][info][gc,phases   ] GC(36) Pause Mark End 0.381ms
[35.738s][info][gc,phases   ] GC(36) Concurrent Process Non-Strong References 1.438ms
[35.738s][info][gc,phases   ] GC(36) Concurrent Reset Relocation Set 0.002ms
[35.738s][info][gc,phases   ] GC(36) Concurrent Destroy Detached Pages 0.000ms
[35.739s][info][gc,phases   ] GC(36) Concurrent Select Relocation Set 1.531ms
[35.739s][info][gc,phases   ] GC(36) Concurrent Prepare Relocation Set 0.002ms
[35.742s][info][gc,phases   ] GC(36) Pause Relocate Start 2.503ms
[35.748s][info][gc,phases   ] GC(36) Concurrent Relocate 5.495ms
[35.748s][info][gc,load     ] GC(36) Load: 2.43/2.06/1.27
[35.748s][info][gc,mmu      ] GC(36) MMU: 2ms/0.0%, 5ms/0.0%, 10ms/0.0%, 20ms/32.4%, 50ms/73.0%, 100ms/86.5%
[35.748s][info][gc,marking  ] GC(36) Mark: 1 stripe(s), 2 proactive flush(es), 1 terminate flush(es), 0 completion(s), 0 continuation(s) 
[35.748s][info][gc,reloc    ] GC(36) Relocation: Successful, 5M relocated
[35.748s][info][gc,nmethod  ] GC(36) NMethods: 2704 registered, 0 unregistered
[35.748s][info][gc,metaspace] GC(36) Metaspace: 67M used, 71M capacity, 71M committed, 72M reserved
[35.748s][info][gc,ref      ] GC(36) Soft: 4681 encountered, 0 discovered, 0 enqueued
[35.748s][info][gc,ref      ] GC(36) Weak: 4557 encountered, 3429 discovered, 1 enqueued
[35.748s][info][gc,ref      ] GC(36) Final: 27 encountered, 0 discovered, 0 enqueued
[35.748s][info][gc,ref      ] GC(36) Phantom: 650 encountered, 647 discovered, 0 enqueued
[35.748s][info][gc,heap     ] GC(36)                Mark Start          Mark End        Relocate Start      Relocate End           High               Low         
[35.748s][info][gc,heap     ] GC(36)  Capacity:     1250M (100%)       1250M (100%)       1250M (100%)       1250M (100%)       1250M (100%)       1250M (100%)   
[35.748s][info][gc,heap     ] GC(36)   Reserve:       34M (3%)           34M (3%)           34M (3%)           34M (3%)           34M (3%)           34M (3%)     
[35.748s][info][gc,heap     ] GC(36)      Free:      520M (42%)         132M (11%)         572M (46%)         572M (46%)         572M (46%)         132M (11%)    
[35.748s][info][gc,heap     ] GC(36)      Used:      696M (56%)        1084M (87%)         644M (52%)         644M (52%)        1084M (87%)         644M (52%)    
[35.748s][info][gc,heap     ] GC(36)      Live:         -               216M (17%)         216M (17%)         216M (17%)            -                  -          
[35.748s][info][gc,heap     ] GC(36) Allocated:         -               388M (31%)         388M (31%)         398M (32%)            -                  -          
[35.748s][info][gc,heap     ] GC(36)   Garbage:         -               479M (38%)          39M (3%)           31M (3%)             -                  -          
[35.748s][info][gc,heap     ] GC(36) Reclaimed:         -                  -               440M (35%)         448M (36%)            -                  -          
[35.748s][info][gc          ] GC(36) Garbage Collection (Allocation Rate) 696M(56%)->644M(52%)
[35.794s][info][gc,start    ] GC(37) Garbage Collection (Allocation Rate)
[35.802s][info][gc,phases   ] GC(37) Pause Mark Start 4.938ms
[36.243s][info][gc,phases   ] GC(37) Concurrent Mark 440.985ms
[36.246s][info][gc,phases   ] GC(37) Pause Mark End 0.327ms
[36.247s][info][gc,phases   ] GC(37) Concurrent Process Non-Strong References 1.402ms
[36.247s][info][gc,phases   ] GC(37) Concurrent Reset Relocation Set 0.002ms
[36.247s][info][gc,phases   ] GC(37) Concurrent Destroy Detached Pages 0.000ms
[36.249s][info][gc,phases   ] GC(37) Concurrent Select Relocation Set 1.580ms
[36.249s][info][gc,phases   ] GC(37) Concurrent Prepare Relocation Set 0.002ms
[36.251s][info][gc,phases   ] GC(37) Pause Relocate Start 2.047ms
[36.256s][info][gc,phases   ] GC(37) Concurrent Relocate 4.518ms
[36.256s][info][gc,load     ] GC(37) Load: 2.43/2.06/1.27
[36.256s][info][gc,mmu      ] GC(37) MMU: 2ms/0.0%, 5ms/0.0%, 10ms/0.0%, 20ms/32.4%, 50ms/73.0%, 100ms/86.5%
[36.256s][info][gc,marking  ] GC(37) Mark: 1 stripe(s), 2 proactive flush(es), 1 terminate flush(es), 0 completion(s), 0 continuation(s) 
[36.256s][info][gc,reloc    ] GC(37) Relocation: Successful, 5M relocated
[36.256s][info][gc,nmethod  ] GC(37) NMethods: 2704 registered, 0 unregistered
[36.256s][info][gc,metaspace] GC(37) Metaspace: 67M used, 71M capacity, 71M committed, 72M reserved
[36.256s][info][gc,ref      ] GC(37) Soft: 4681 encountered, 0 discovered, 0 enqueued
[36.256s][info][gc,ref      ] GC(37) Weak: 4556 encountered, 3425 discovered, 0 enqueued
[36.256s][info][gc,ref      ] GC(37) Final: 27 encountered, 0 discovered, 0 enqueued
[36.256s][info][gc,ref      ] GC(37) Phantom: 650 encountered, 647 discovered, 0 enqueued
[36.256s][info][gc,heap     ] GC(37)                Mark Start          Mark End        Relocate Start      Relocate End           High               Low         
[36.256s][info][gc,heap     ] GC(37)  Capacity:     1250M (100%)       1250M (100%)       1250M (100%)       1250M (100%)       1250M (100%)       1250M (100%)   
[36.256s][info][gc,heap     ] GC(37)   Reserve:       34M (3%)           34M (3%)           34M (3%)           34M (3%)           34M (3%)           34M (3%)     
[36.256s][info][gc,heap     ] GC(37)      Free:      492M (39%)         104M (8%)          574M (46%)         572M (46%)         574M (46%)         104M (8%)     
[36.256s][info][gc,heap     ] GC(37)      Used:      724M (58%)        1112M (89%)         642M (51%)         644M (52%)        1112M (89%)         642M (51%)    
[36.256s][info][gc,heap     ] GC(37)      Live:         -               216M (17%)         216M (17%)         216M (17%)            -                  -          
[36.256s][info][gc,heap     ] GC(37) Allocated:         -               388M (31%)         388M (31%)         398M (32%)            -                  -          
[36.256s][info][gc,heap     ] GC(37)   Garbage:         -               507M (41%)          37M (3%)           31M (3%)             -                  -          
[36.256s][info][gc,heap     ] GC(37) Reclaimed:         -                  -               470M (38%)         476M (38%)            -                  -          
[36.256s][info][gc          ] GC(37) Garbage Collection (Allocation Rate) 724M(58%)->644M(52%)
[36.294s][info][gc,start    ] GC(38) Garbage Collection (Allocation Rate)
[36.299s][info][gc,phases   ] GC(38) Pause Mark Start 3.048ms
[36.726s][info][gc,phases   ] GC(38) Concurrent Mark 426.442ms
[36.726s][info][gc,phases   ] GC(38) Pause Mark End 0.307ms
[36.728s][info][gc,phases   ] GC(38) Concurrent Process Non-Strong References 1.429ms
[36.728s][info][gc,phases   ] GC(38) Concurrent Reset Relocation Set 0.003ms
[36.728s][info][gc,phases   ] GC(38) Concurrent Destroy Detached Pages 0.001ms
[36.729s][info][gc,phases   ] GC(38) Concurrent Select Relocation Set 1.555ms
[36.729s][info][gc,phases   ] GC(38) Concurrent Prepare Relocation Set 0.002ms
[36.732s][info][gc,phases   ] GC(38) Pause Relocate Start 2.066ms
[36.732s][info][gc,phases   ] GC(38) Concurrent Relocate 0.034ms
[36.732s][info][gc,load     ] GC(38) Load: 2.43/2.06/1.27
[36.732s][info][gc,mmu      ] GC(38) MMU: 2ms/0.0%, 5ms/0.0%, 10ms/0.0%, 20ms/32.4%, 50ms/73.0%, 100ms/86.5%
[36.732s][info][gc,marking  ] GC(38) Mark: 1 stripe(s), 2 proactive flush(es), 1 terminate flush(es), 0 completion(s), 0 continuation(s) 
[36.732s][info][gc,reloc    ] GC(38) Relocation: Successful, 5M relocated
[36.732s][info][gc,nmethod  ] GC(38) NMethods: 2762 registered, 0 unregistered
[36.732s][info][gc,metaspace] GC(38) Metaspace: 67M used, 71M capacity, 71M committed, 72M reserved
[36.732s][info][gc,ref      ] GC(38) Soft: 4681 encountered, 0 discovered, 0 enqueued
[36.732s][info][gc,ref      ] GC(38) Weak: 4556 encountered, 3504 discovered, 0 enqueued
[36.732s][info][gc,ref      ] GC(38) Final: 27 encountered, 0 discovered, 0 enqueued
[36.732s][info][gc,ref      ] GC(38) Phantom: 650 encountered, 647 discovered, 0 enqueued
[36.732s][info][gc,heap     ] GC(38)                Mark Start          Mark End        Relocate Start      Relocate End           High               Low         
[36.732s][info][gc,heap     ] GC(38)  Capacity:     1250M (100%)       1250M (100%)       1250M (100%)       1250M (100%)       1250M (100%)       1250M (100%)   
[36.732s][info][gc,heap     ] GC(38)   Reserve:       34M (3%)           34M (3%)           34M (3%)           34M (3%)           34M (3%)           34M (3%)     
[36.732s][info][gc,heap     ] GC(38)      Free:      502M (40%)         400M (32%)         860M (69%)         866M (69%)         866M (69%)         400M (32%)    
[36.732s][info][gc,heap     ] GC(38)      Used:      714M (57%)         816M (65%)         356M (28%)         350M (28%)         816M (65%)         350M (28%)    
[36.732s][info][gc,heap     ] GC(38)      Live:         -               216M (17%)         216M (17%)         216M (17%)            -                  -          
[36.732s][info][gc,heap     ] GC(38) Allocated:         -               102M (8%)          102M (8%)          104M (8%)             -                  -          
[36.732s][info][gc,heap     ] GC(38)   Garbage:         -               497M (40%)          37M (3%)           31M (3%)             -                  -          
[36.732s][info][gc,heap     ] GC(38) Reclaimed:         -                  -               460M (37%)         466M (37%)            -                  -          
[36.732s][info][gc          ] GC(38) Garbage Collection (Allocation Rate) 714M(57%)->350M(28%)
[36.732s][info][gc,start    ] GC(39) Garbage Collection (System.gc())
[36.735s][info][gc,phases   ] GC(39) Pause Mark Start 2.465ms
[36.947s][info][gc,phases   ] GC(39) Concurrent Mark 212.101ms
[36.947s][info][gc,phases   ] GC(39) Pause Mark End 0.301ms
[36.949s][info][gc,phases   ] GC(39) Concurrent Process Non-Strong References 1.339ms
[36.949s][info][gc,phases   ] GC(39) Concurrent Reset Relocation Set 0.002ms
[36.949s][info][gc,phases   ] GC(39) Concurrent Destroy Detached Pages 0.000ms
[36.950s][info][gc,phases   ] GC(39) Concurrent Select Relocation Set 1.583ms
[36.950s][info][gc,phases   ] GC(39) Concurrent Prepare Relocation Set 0.036ms
[36.953s][info][gc,phases   ] GC(39) Pause Relocate Start 2.184ms
[36.958s][info][gc,phases   ] GC(39) Concurrent Relocate 5.278ms
[36.958s][info][gc,load     ] GC(39) Load: 2.43/2.06/1.27
[36.958s][info][gc,mmu      ] GC(39) MMU: 2ms/0.0%, 5ms/0.0%, 10ms/0.0%, 20ms/32.4%, 50ms/73.0%, 100ms/86.5%
[36.958s][info][gc,marking  ] GC(39) Mark: 1 stripe(s), 2 proactive flush(es), 1 terminate flush(es), 0 completion(s), 0 continuation(s) 
[36.958s][info][gc,reloc    ] GC(39) Relocation: Successful, 6M relocated
[36.958s][info][gc,nmethod  ] GC(39) NMethods: 2767 registered, 0 unregistered
[36.958s][info][gc,metaspace] GC(39) Metaspace: 67M used, 71M capacity, 71M committed, 72M reserved
[36.958s][info][gc,ref      ] GC(39) Soft: 4682 encountered, 0 discovered, 0 enqueued
[36.958s][info][gc,ref      ] GC(39) Weak: 4621 encountered, 3549 discovered, 123 enqueued
[36.958s][info][gc,ref      ] GC(39) Final: 27 encountered, 0 discovered, 0 enqueued
[36.958s][info][gc,ref      ] GC(39) Phantom: 650 encountered, 647 discovered, 0 enqueued
[36.958s][info][gc,heap     ] GC(39)                Mark Start          Mark End        Relocate Start      Relocate End           High               Low         
[36.958s][info][gc,heap     ] GC(39)  Capacity:     1250M (100%)       1250M (100%)       1250M (100%)       1250M (100%)       1250M (100%)       1250M (100%)   
[36.958s][info][gc,heap     ] GC(39)   Reserve:       34M (3%)           34M (3%)           34M (3%)           34M (3%)           34M (3%)           34M (3%)     
[36.958s][info][gc,heap     ] GC(39)      Free:      866M (69%)         864M (69%)         960M (77%)         968M (77%)         968M (77%)         864M (69%)    
[36.958s][info][gc,heap     ] GC(39)      Used:      350M (28%)         352M (28%)         256M (20%)         248M (20%)         352M (28%)         248M (20%)    
[36.958s][info][gc,heap     ] GC(39)      Live:         -               216M (17%)         216M (17%)         216M (17%)            -                  -          
[36.958s][info][gc,heap     ] GC(39) Allocated:         -                 2M (0%)            2M (0%)            4M (0%)             -                  -          
[36.958s][info][gc,heap     ] GC(39)   Garbage:         -               133M (11%)          37M (3%)           29M (2%)             -                  -          
[36.958s][info][gc,heap     ] GC(39) Reclaimed:         -                  -                96M (8%)          104M (8%)             -                  -          
[36.958s][info][gc          ] GC(39) Garbage Collection (System.gc()) 350M(28%)->248M(20%)
[37.195s][info][gc,start    ] GC(40) Garbage Collection (Allocation Rate)
[37.200s][info][gc,phases   ] GC(40) Pause Mark Start 2.661ms
[37.908s][info][gc,phases   ] GC(40) Concurrent Mark 707.529ms
[37.913s][info][gc,phases   ] GC(40) Pause Mark End 0.379ms
[37.914s][info][gc,phases   ] GC(40) Concurrent Process Non-Strong References 1.586ms
[37.915s][info][gc,phases   ] GC(40) Concurrent Reset Relocation Set 0.003ms
[37.915s][info][gc,phases   ] GC(40) Concurrent Destroy Detached Pages 0.000ms
[37.917s][info][gc,phases   ] GC(40) Concurrent Select Relocation Set 1.542ms
[37.917s][info][gc,phases   ] GC(40) Concurrent Prepare Relocation Set 0.032ms
[37.933s][info][gc,phases   ] GC(40) Pause Relocate Start 2.352ms
[37.939s][info][gc,phases   ] GC(40) Concurrent Relocate 5.979ms
[37.939s][info][gc,load     ] GC(40) Load: 2.47/2.08/1.28
[37.939s][info][gc,mmu      ] GC(40) MMU: 2ms/0.0%, 5ms/0.0%, 10ms/0.0%, 20ms/32.4%, 50ms/73.0%, 100ms/86.5%
[37.939s][info][gc,marking  ] GC(40) Mark: 1 stripe(s), 2 proactive flush(es), 1 terminate flush(es), 0 completion(s), 0 continuation(s) 
[37.939s][info][gc,reloc    ] GC(40) Relocation: Successful, 6M relocated
[37.939s][info][gc,nmethod  ] GC(40) NMethods: 2842 registered, 0 unregistered
[37.939s][info][gc,metaspace] GC(40) Metaspace: 68M used, 71M capacity, 71M committed, 72M reserved
[37.939s][info][gc,ref      ] GC(40) Soft: 4684 encountered, 0 discovered, 0 enqueued
[37.939s][info][gc,ref      ] GC(40) Weak: 4684 encountered, 3537 discovered, 73 enqueued
[37.939s][info][gc,ref      ] GC(40) Final: 27 encountered, 0 discovered, 0 enqueued
[37.939s][info][gc,ref      ] GC(40) Phantom: 650 encountered, 647 discovered, 0 enqueued
[37.939s][info][gc,heap     ] GC(40)                Mark Start          Mark End        Relocate Start      Relocate End           High               Low         
[37.939s][info][gc,heap     ] GC(40)  Capacity:     1250M (100%)       1250M (100%)       1250M (100%)       1250M (100%)       1250M (100%)       1250M (100%)   
[37.939s][info][gc,heap     ] GC(40)   Reserve:       34M (3%)           34M (3%)           34M (3%)           34M (3%)           34M (3%)           34M (3%)     
[37.939s][info][gc,heap     ] GC(40)      Free:      824M (66%)         448M (36%)         558M (45%)         580M (46%)         824M (66%)         446M (36%)    
[37.939s][info][gc,heap     ] GC(40)      Used:      392M (31%)         768M (61%)         658M (53%)         636M (51%)         770M (62%)         392M (31%)    
[37.939s][info][gc,heap     ] GC(40)      Live:         -               216M (17%)         216M (17%)         216M (17%)            -                  -          
[37.939s][info][gc,heap     ] GC(40) Allocated:         -               376M (30%)         384M (31%)         392M (31%)            -                  -          
[37.939s][info][gc,heap     ] GC(40)   Garbage:         -               175M (14%)          57M (5%)           33M (3%)             -                  -          
[37.939s][info][gc,heap     ] GC(40) Reclaimed:         -                  -               118M (9%)          142M (11%)            -                  -          
[37.939s][info][gc          ] GC(40) Garbage Collection (Allocation Rate) 392M(31%)->636M(51%)
[37.994s][info][gc,start    ] GC(41) Garbage Collection (Allocation Rate)
[38.004s][info][gc,phases   ] GC(41) Pause Mark Start 2.748ms
[38.589s][info][gc,phases   ] GC(41) Concurrent Mark 584.656ms
[38.592s][info][gc,phases   ] GC(41) Pause Mark End 0.414ms
[38.594s][info][gc,phases   ] GC(41) Concurrent Process Non-Strong References 1.622ms
[38.594s][info][gc,phases   ] GC(41) Concurrent Reset Relocation Set 0.004ms
[38.594s][info][gc,phases   ] GC(41) Concurrent Destroy Detached Pages 0.000ms
[38.596s][info][gc,phases   ] GC(41) Concurrent Select Relocation Set 1.859ms
[38.596s][info][gc,phases   ] GC(41) Concurrent Prepare Relocation Set 0.004ms
[38.598s][info][gc,phases   ] GC(41) Pause Relocate Start 2.119ms
[38.604s][info][gc,phases   ] GC(41) Concurrent Relocate 5.444ms
[38.604s][info][gc,load     ] GC(41) Load: 2.47/2.08/1.28
[38.604s][info][gc,mmu      ] GC(41) MMU: 2ms/0.0%, 5ms/0.0%, 10ms/0.0%, 20ms/32.4%, 50ms/73.0%, 100ms/86.5%
[38.604s][info][gc,marking  ] GC(41) Mark: 1 stripe(s), 2 proactive flush(es), 1 terminate flush(es), 0 completion(s), 0 continuation(s) 
[38.604s][info][gc,reloc    ] GC(41) Relocation: Successful, 5M relocated
[38.604s][info][gc,nmethod  ] GC(41) NMethods: 2846 registered, 0 unregistered
[38.604s][info][gc,metaspace] GC(41) Metaspace: 68M used, 71M capacity, 71M committed, 72M reserved
[38.604s][info][gc,ref      ] GC(41) Soft: 4684 encountered, 0 discovered, 0 enqueued
[38.604s][info][gc,ref      ] GC(41) Weak: 4618 encountered, 3486 discovered, 19 enqueued
[38.604s][info][gc,ref      ] GC(41) Final: 27 encountered, 0 discovered, 0 enqueued
[38.604s][info][gc,ref      ] GC(41) Phantom: 650 encountered, 646 discovered, 0 enqueued
[38.604s][info][gc,heap     ] GC(41)                Mark Start          Mark End        Relocate Start      Relocate End           High               Low         
[38.604s][info][gc,heap     ] GC(41)  Capacity:     1250M (100%)       1250M (100%)       1250M (100%)       1250M (100%)       1250M (100%)       1250M (100%)   
[38.604s][info][gc,heap     ] GC(41)   Reserve:       34M (3%)           34M (3%)           34M (3%)           34M (3%)           34M (3%)           34M (3%)     
[38.604s][info][gc,heap     ] GC(41)      Free:      530M (42%)         128M (10%)         548M (44%)         556M (44%)         556M (44%)         128M (10%)    
[38.604s][info][gc,heap     ] GC(41)      Used:      686M (55%)        1088M (87%)         668M (53%)         660M (53%)        1088M (87%)         660M (53%)    
[38.604s][info][gc,heap     ] GC(41)      Live:         -               216M (17%)         216M (17%)         216M (17%)            -                  -          
[38.604s][info][gc,heap     ] GC(41) Allocated:         -               402M (32%)         402M (32%)         414M (33%)            -                  -          
[38.604s][info][gc,heap     ] GC(41)   Garbage:         -               469M (38%)          49M (4%)           33M (3%)             -                  -          
[38.604s][info][gc,heap     ] GC(41) Reclaimed:         -                  -               420M (34%)         436M (35%)            -                  -          
[38.604s][info][gc          ] GC(41) Garbage Collection (Allocation Rate) 686M(55%)->660M(53%)
[38.695s][info][gc,start    ] GC(42) Garbage Collection (Allocation Rate)
[38.700s][info][gc,phases   ] GC(42) Pause Mark Start 2.632ms
[39.146s][info][gc,phases   ] GC(42) Concurrent Mark 446.057ms
[39.149s][info][gc,phases   ] GC(42) Pause Mark End 0.386ms
[39.151s][info][gc,phases   ] GC(42) Concurrent Process Non-Strong References 1.406ms
[39.151s][info][gc,phases   ] GC(42) Concurrent Reset Relocation Set 0.003ms
[39.151s][info][gc,phases   ] GC(42) Concurrent Destroy Detached Pages 0.000ms
[39.152s][info][gc,phases   ] GC(42) Concurrent Select Relocation Set 1.566ms
[39.152s][info][gc,phases   ] GC(42) Concurrent Prepare Relocation Set 0.002ms
[39.154s][info][gc,phases   ] GC(42) Pause Relocate Start 2.122ms
[39.160s][info][gc,phases   ] GC(42) Concurrent Relocate 5.204ms
[39.160s][info][gc,load     ] GC(42) Load: 2.47/2.08/1.28
[39.160s][info][gc,mmu      ] GC(42) MMU: 2ms/0.0%, 5ms/0.0%, 10ms/0.0%, 20ms/32.4%, 50ms/73.0%, 100ms/86.5%
[39.160s][info][gc,marking  ] GC(42) Mark: 1 stripe(s), 2 proactive flush(es), 1 terminate flush(es), 0 completion(s), 0 continuation(s) 
[39.160s][info][gc,reloc    ] GC(42) Relocation: Successful, 5M relocated
[39.160s][info][gc,nmethod  ] GC(42) NMethods: 2846 registered, 0 unregistered
[39.160s][info][gc,metaspace] GC(42) Metaspace: 68M used, 71M capacity, 71M committed, 72M reserved
[39.160s][info][gc,ref      ] GC(42) Soft: 4684 encountered, 0 discovered, 0 enqueued
[39.160s][info][gc,ref      ] GC(42) Weak: 4599 encountered, 3470 discovered, 0 enqueued
[39.160s][info][gc,ref      ] GC(42) Final: 27 encountered, 0 discovered, 0 enqueued
[39.160s][info][gc,ref      ] GC(42) Phantom: 650 encountered, 646 discovered, 0 enqueued
[39.160s][info][gc,heap     ] GC(42)                Mark Start          Mark End        Relocate Start      Relocate End           High               Low         
[39.160s][info][gc,heap     ] GC(42)  Capacity:     1250M (100%)       1250M (100%)       1250M (100%)       1250M (100%)       1250M (100%)       1250M (100%)   
[39.160s][info][gc,heap     ] GC(42)   Reserve:       34M (3%)           34M (3%)           34M (3%)           34M (3%)           34M (3%)           34M (3%)     
[39.160s][info][gc,heap     ] GC(42)      Free:      462M (37%)          72M (6%)          570M (46%)         568M (45%)         570M (46%)          72M (6%)     
[39.160s][info][gc,heap     ] GC(42)      Used:      754M (60%)        1144M (92%)         646M (52%)         648M (52%)        1144M (92%)         646M (52%)    
[39.160s][info][gc,heap     ] GC(42)      Live:         -               216M (17%)         216M (17%)         216M (17%)            -                  -          
[39.160s][info][gc,heap     ] GC(42) Allocated:         -               390M (31%)         390M (31%)         402M (32%)            -                  -          
[39.160s][info][gc,heap     ] GC(42)   Garbage:         -               537M (43%)          39M (3%)           31M (3%)             -                  -          
[39.160s][info][gc,heap     ] GC(42) Reclaimed:         -                  -               498M (40%)         506M (40%)            -                  -          
[39.160s][info][gc          ] GC(42) Garbage Collection (Allocation Rate) 754M(60%)->648M(52%)
[39.194s][info][gc,start    ] GC(43) Garbage Collection (Allocation Rate)
[39.199s][info][gc,phases   ] GC(43) Pause Mark Start 2.601ms
[39.642s][info][gc,phases   ] GC(43) Concurrent Mark 443.194ms
[39.645s][info][gc,phases   ] GC(43) Pause Mark End 0.384ms
[39.647s][info][gc,phases   ] GC(43) Concurrent Process Non-Strong References 1.447ms
[39.647s][info][gc,phases   ] GC(43) Concurrent Reset Relocation Set 0.002ms
[39.647s][info][gc,phases   ] GC(43) Concurrent Destroy Detached Pages 0.000ms
[39.649s][info][gc,phases   ] GC(43) Concurrent Select Relocation Set 1.656ms
[39.649s][info][gc,phases   ] GC(43) Concurrent Prepare Relocation Set 0.002ms
[39.651s][info][gc,phases   ] GC(43) Pause Relocate Start 2.159ms
[39.656s][info][gc,phases   ] GC(43) Concurrent Relocate 5.163ms
[39.656s][info][gc,load     ] GC(43) Load: 2.47/2.08/1.28
[39.656s][info][gc,mmu      ] GC(43) MMU: 2ms/0.0%, 5ms/0.0%, 10ms/0.0%, 20ms/32.4%, 50ms/73.0%, 100ms/86.5%
[39.656s][info][gc,marking  ] GC(43) Mark: 1 stripe(s), 2 proactive flush(es), 1 terminate flush(es), 0 completion(s), 0 continuation(s) 
[39.656s][info][gc,reloc    ] GC(43) Relocation: Successful, 5M relocated
[39.656s][info][gc,nmethod  ] GC(43) NMethods: 2846 registered, 0 unregistered
[39.656s][info][gc,metaspace] GC(43) Metaspace: 68M used, 71M capacity, 71M committed, 72M reserved
[39.656s][info][gc,ref      ] GC(43) Soft: 4684 encountered, 0 discovered, 0 enqueued
[39.656s][info][gc,ref      ] GC(43) Weak: 4599 encountered, 3470 discovered, 0 enqueued
[39.656s][info][gc,ref      ] GC(43) Final: 27 encountered, 0 discovered, 0 enqueued
[39.656s][info][gc,ref      ] GC(43) Phantom: 650 encountered, 646 discovered, 0 enqueued
[39.656s][info][gc,heap     ] GC(43)                Mark Start          Mark End        Relocate Start      Relocate End           High               Low         
[39.656s][info][gc,heap     ] GC(43)  Capacity:     1250M (100%)       1250M (100%)       1250M (100%)       1250M (100%)       1250M (100%)       1250M (100%)   
[39.656s][info][gc,heap     ] GC(43)   Reserve:       34M (3%)           34M (3%)           34M (3%)           34M (3%)           34M (3%)           34M (3%)     
[39.656s][info][gc,heap     ] GC(43)      Free:      506M (40%)         114M (9%)          568M (45%)         566M (45%)         568M (45%)         114M (9%)     
[39.656s][info][gc,heap     ] GC(43)      Used:      710M (57%)        1102M (88%)         648M (52%)         650M (52%)        1102M (88%)         648M (52%)    
[39.656s][info][gc,heap     ] GC(43)      Live:         -               216M (17%)         216M (17%)         216M (17%)            -                  -          
[39.656s][info][gc,heap     ] GC(43) Allocated:         -               392M (31%)         392M (31%)         404M (32%)            -                  -          
[39.656s][info][gc,heap     ] GC(43)   Garbage:         -               493M (39%)          39M (3%)           33M (3%)             -                  -          
[39.656s][info][gc,heap     ] GC(43) Reclaimed:         -                  -               454M (36%)         460M (37%)            -                  -          
[39.656s][info][gc          ] GC(43) Garbage Collection (Allocation Rate) 710M(57%)->650M(52%)
[39.694s][info][gc,start    ] GC(44) Garbage Collection (Allocation Rate)
[39.700s][info][gc,phases   ] GC(44) Pause Mark Start 3.684ms
[40.094s][info][gc,stats    ] === Garbage Collection Statistics =======================================================================================================================
[40.094s][info][gc,stats    ]                                                              Last 10s              Last 10m              Last 10h                Total
[40.094s][info][gc,stats    ]                                                              Avg / Max             Avg / Max             Avg / Max             Avg / Max
[40.094s][info][gc,stats    ]   Collector: Garbage Collection Cycle                    490.513 / 744.500     594.438 / 2055.681    594.438 / 2055.681    594.438 / 2055.681    ms
[40.094s][info][gc,stats    ]  Contention: Mark Segment Reset Contention                     0 / 0                 0 / 0                 0 / 0                 0 / 0           ops/s
[40.094s][info][gc,stats    ]  Contention: Mark SeqNum Reset Contention                      0 / 0                 0 / 0                 0 / 0                 0 / 0           ops/s
[40.094s][info][gc,stats    ]  Contention: Relocation Contention                             0 / 0                 0 / 0                 0 / 0                 0 / 0           ops/s
[40.094s][info][gc,stats    ]    Critical: Allocation Stall                              0.000 / 0.000        33.764 / 48.367       33.764 / 48.367       33.764 / 48.367      ms
[40.094s][info][gc,stats    ]    Critical: Allocation Stall                                  0 / 0                 0 / 1                 0 / 1                 0 / 1           ops/s
[40.094s][info][gc,stats    ]    Critical: GC Locker Stall                               0.000 / 0.000         0.008 / 0.008         0.008 / 0.008         0.008 / 0.008       ms
[40.094s][info][gc,stats    ]    Critical: GC Locker Stall                                   0 / 0                 0 / 1                 0 / 1                 0 / 1           ops/s
[40.094s][info][gc,stats    ]      Memory: Allocation Rate                                 721 / 966             416 / 1090            416 / 1090            416 / 1090        MB/s
[40.094s][info][gc,stats    ]      Memory: Heap Used After Mark                            969 / 1168            819 / 1216            819 / 1216            819 / 1216        MB
[40.094s][info][gc,stats    ]      Memory: Heap Used After Relocation                      574 / 676             495 / 756             495 / 756             495 / 756         MB
[40.094s][info][gc,stats    ]      Memory: Heap Used Before Mark                           653 / 784             567 / 858             567 / 858             567 / 858         MB
[40.095s][info][gc,stats    ]      Memory: Heap Used Before Relocation                     579 / 672             548 / 1080            548 / 1080            548 / 1080        MB
[40.095s][info][gc,stats    ]      Memory: Out Of Memory                                     0 / 0                 0 / 0                 0 / 0                 0 / 0           ops/s
[40.095s][info][gc,stats    ]      Memory: Page Cache Flush                                  4 / 44                7 / 76                7 / 76                7 / 76          MB/s
[40.095s][info][gc,stats    ]      Memory: Page Cache Hit L1                               356 / 471             192 / 509             192 / 509             192 / 509         ops/s
[40.095s][info][gc,stats    ]      Memory: Page Cache Hit L2                                 0 / 0                 0 / 0                 0 / 0                 0 / 0           ops/s
[40.095s][info][gc,stats    ]      Memory: Page Cache Miss                                   1 / 14               15 / 170              15 / 170              15 / 170         ops/s
[40.095s][info][gc,stats    ]      Memory: Undo Object Allocation Failed                     0 / 0                 0 / 0                 0 / 0                 0 / 0           ops/s
[40.095s][info][gc,stats    ]      Memory: Undo Object Allocation Succeeded                  0 / 0                 0 / 0                 0 / 0                 0 / 0           ops/s
[40.095s][info][gc,stats    ]      Memory: Undo Page Allocation                              0 / 0                 0 / 1                 0 / 1                 0 / 1           ops/s
[40.095s][info][gc,stats    ]       Phase: Concurrent Destroy Detached Pages             0.001 / 0.004         0.002 / 0.027         0.002 / 0.027         0.002 / 0.027       ms
[40.095s][info][gc,stats    ]       Phase: Concurrent Mark                             469.920 / 707.529     484.344 / 1181.984    484.344 / 1181.984    484.344 / 1181.984    ms
[40.095s][info][gc,stats    ]       Phase: Concurrent Mark Continue                      0.000 / 0.000         0.000 / 0.000         0.000 / 0.000         0.000 / 0.000       ms
[40.095s][info][gc,stats    ]       Phase: Concurrent Prepare Relocation Set             0.012 / 0.043         3.215 / 63.406        3.215 / 63.406        3.215 / 63.406      ms
[40.095s][info][gc,stats    ]       Phase: Concurrent Process Non-Strong References      1.722 / 5.801         2.040 / 7.883         2.040 / 7.883         2.040 / 7.883       ms
[40.095s][info][gc,stats    ]       Phase: Concurrent Relocate                           4.436 / 6.872        88.598 / 924.010      88.598 / 924.010      88.598 / 924.010     ms
[40.095s][info][gc,stats    ]       Phase: Concurrent Reset Relocation Set               0.003 / 0.005         0.060 / 0.556         0.060 / 0.556         0.060 / 0.556       ms
[40.095s][info][gc,stats    ]       Phase: Concurrent Select Relocation Set              1.895 / 4.893         2.312 / 7.826         2.312 / 7.826         2.312 / 7.826       ms
[40.095s][info][gc,stats    ]       Phase: Pause Mark End                                0.341 / 0.414         0.287 / 0.647         0.287 / 0.647         0.287 / 0.647       ms
[40.095s][info][gc,stats    ]       Phase: Pause Mark Start                              2.870 / 4.938         2.549 / 5.379         2.549 / 5.379         2.549 / 5.379       ms
[40.095s][info][gc,stats    ]       Phase: Pause Relocate Start                          2.141 / 2.648         2.472 / 13.288        2.472 / 13.288        2.472 / 13.288      ms
[40.095s][info][gc,stats    ]    Subphase: Concurrent Mark                             468.042 / 704.623     482.975 / 1181.948    482.975 / 1181.948    482.975 / 1181.948    ms
[40.095s][info][gc,stats    ]    Subphase: Concurrent Mark Idle                          0.000 / 0.000         0.000 / 0.000         0.000 / 0.000         0.000 / 0.000       ms
[40.095s][info][gc,stats    ]    Subphase: Concurrent Mark Try Flush                     1.191 / 5.863         1.665 / 13.109        1.665 / 13.109        1.665 / 13.109      ms
[40.095s][info][gc,stats    ]    Subphase: Concurrent Mark Try Terminate                 0.420 / 1.981         0.572 / 5.909         0.572 / 5.909         0.572 / 5.909       ms
[40.095s][info][gc,stats    ]    Subphase: Concurrent References Enqueue                 0.002 / 0.006         0.002 / 0.006         0.002 / 0.006         0.002 / 0.006       ms
[40.095s][info][gc,stats    ]    Subphase: Concurrent References Process                 0.925 / 4.946         0.741 / 4.946         0.741 / 4.946         0.741 / 4.946       ms
[40.095s][info][gc,stats    ]    Subphase: Concurrent Weak Roots                         0.785 / 0.911         1.012 / 7.234         1.012 / 7.234         1.012 / 7.234       ms
[40.095s][info][gc,stats    ]    Subphase: Concurrent Weak Roots JNIWeakHandles          0.000 / 0.000         0.000 / 0.001         0.000 / 0.001         0.000 / 0.001       ms
[40.095s][info][gc,stats    ]    Subphase: Concurrent Weak Roots StringTable             0.586 / 0.691         0.800 / 6.953         0.800 / 6.953         0.800 / 6.953       ms
[40.095s][info][gc,stats    ]    Subphase: Concurrent Weak Roots VMWeakHandles           0.198 / 0.225         0.210 / 0.444         0.210 / 0.444         0.210 / 0.444       ms
[40.095s][info][gc,stats    ]    Subphase: Pause Mark Try Complete                       0.000 / 0.000         0.001 / 0.001         0.001 / 0.001         0.001 / 0.001       ms
[40.095s][info][gc,stats    ]    Subphase: Pause Remap TLABS                             0.001 / 0.003         0.001 / 0.003         0.001 / 0.003         0.001 / 0.003       ms
[40.095s][info][gc,stats    ]    Subphase: Pause Retire TLABS                            0.023 / 0.035         0.018 / 0.035         0.018 / 0.035         0.018 / 0.035       ms
[40.095s][info][gc,stats    ]    Subphase: Pause Roots                                   1.572 / 4.431         1.543 / 9.889         1.543 / 9.889         1.543 / 9.889       ms
[40.095s][info][gc,stats    ]    Subphase: Pause Roots ClassLoaderDataGraph              0.684 / 1.563         0.712 / 3.853         0.712 / 3.853         0.712 / 3.853       ms
[40.095s][info][gc,stats    ]    Subphase: Pause Roots CodeCache                         1.064 / 1.936         0.970 / 3.789         0.970 / 3.789         0.970 / 3.789       ms
[40.095s][info][gc,stats    ]    Subphase: Pause Roots JNIHandles                        0.001 / 0.003         0.001 / 0.004         0.001 / 0.004         0.001 / 0.004       ms
[40.095s][info][gc,stats    ]    Subphase: Pause Roots JNIWeakHandles                    0.000 / 0.000         0.000 / 0.000         0.000 / 0.000         0.000 / 0.000       ms
[40.095s][info][gc,stats    ]    Subphase: Pause Roots JRFWeak                           0.000 / 0.000         0.000 / 0.000         0.000 / 0.000         0.000 / 0.000       ms
[40.095s][info][gc,stats    ]    Subphase: Pause Roots JVMTIExport                       0.001 / 0.001         0.001 / 0.001         0.001 / 0.001         0.001 / 0.001       ms
[40.095s][info][gc,stats    ]    Subphase: Pause Roots JVMTIWeakExport                   0.001 / 0.001         0.001 / 0.001         0.001 / 0.001         0.001 / 0.001       ms
[40.095s][info][gc,stats    ]    Subphase: Pause Roots Management                        0.001 / 0.003         0.001 / 0.008         0.001 / 0.008         0.001 / 0.008       ms
[40.095s][info][gc,stats    ]    Subphase: Pause Roots ObjectSynchronizer                0.000 / 0.001         0.000 / 0.001         0.000 / 0.001         0.000 / 0.001       ms
[40.095s][info][gc,stats    ]    Subphase: Pause Roots Setup                             0.189 / 0.417         0.170 / 0.444         0.170 / 0.444         0.170 / 0.444       ms
[40.095s][info][gc,stats    ]    Subphase: Pause Roots StringTable                       0.000 / 0.000         0.000 / 0.000         0.000 / 0.000         0.000 / 0.000       ms
[40.095s][info][gc,stats    ]    Subphase: Pause Roots SystemDictionary                  0.012 / 0.023         0.031 / 1.621         0.031 / 1.621         0.031 / 1.621       ms
[40.095s][info][gc,stats    ]    Subphase: Pause Roots Teardown                          0.001 / 0.003         0.001 / 0.003         0.001 / 0.003         0.001 / 0.003       ms
[40.095s][info][gc,stats    ]    Subphase: Pause Roots Threads                           0.381 / 0.899         0.388 / 7.974         0.388 / 7.974         0.388 / 7.974       ms
[40.095s][info][gc,stats    ]    Subphase: Pause Roots Universe                          0.002 / 0.005         0.006 / 0.336         0.006 / 0.336         0.006 / 0.336       ms
[40.095s][info][gc,stats    ]    Subphase: Pause Roots VMWeakHandles                     0.000 / 0.000         0.000 / 0.000         0.000 / 0.000         0.000 / 0.000       ms
[40.095s][info][gc,stats    ]    Subphase: Pause Weak Roots                              0.002 / 0.002         0.002 / 0.015         0.002 / 0.015         0.002 / 0.015       ms
[40.095s][info][gc,stats    ]    Subphase: Pause Weak Roots JFRWeak                      0.001 / 0.001         0.001 / 0.001         0.001 / 0.001         0.001 / 0.001       ms
[40.095s][info][gc,stats    ]    Subphase: Pause Weak Roots JNIWeakHandles               0.000 / 0.000         0.000 / 0.000         0.000 / 0.000         0.000 / 0.000       ms
[40.095s][info][gc,stats    ]    Subphase: Pause Weak Roots JVMTIWeakExport              0.001 / 0.001         0.001 / 0.014         0.001 / 0.014         0.001 / 0.014       ms
[40.095s][info][gc,stats    ]    Subphase: Pause Weak Roots Setup                        0.000 / 0.000         0.000 / 0.000         0.000 / 0.000         0.000 / 0.000       ms
[40.095s][info][gc,stats    ]    Subphase: Pause Weak Roots StringTable                  0.000 / 0.000         0.000 / 0.000         0.000 / 0.000         0.000 / 0.000       ms
[40.095s][info][gc,stats    ]    Subphase: Pause Weak Roots SymbolTable                  0.000 / 0.000         0.000 / 0.000         0.000 / 0.000         0.000 / 0.000       ms
[40.095s][info][gc,stats    ]    Subphase: Pause Weak Roots Teardown                     0.001 / 0.001         0.001 / 0.001         0.001 / 0.001         0.001 / 0.001       ms
[40.095s][info][gc,stats    ]    Subphase: Pause Weak Roots VMWeakHandles                0.000 / 0.000         0.000 / 0.000         0.000 / 0.000         0.000 / 0.000       ms
[40.095s][info][gc,stats    ]      System: Java Threads                                    114 / 137              78 / 137              78 / 137              78 / 137         threads
[40.095s][info][gc,stats    ] =========================================================================================================================================================
[40.194s][info][gc,phases   ] GC(44) Concurrent Mark 493.089ms
[40.197s][info][gc,phases   ] GC(44) Pause Mark End 0.382ms
[40.198s][info][gc,phases   ] GC(44) Concurrent Process Non-Strong References 1.406ms
[40.198s][info][gc,phases   ] GC(44) Concurrent Reset Relocation Set 0.002ms
[40.198s][info][gc,phases   ] GC(44) Concurrent Destroy Detached Pages 0.000ms
[40.200s][info][gc,phases   ] GC(44) Concurrent Select Relocation Set 1.549ms
[40.200s][info][gc,phases   ] GC(44) Concurrent Prepare Relocation Set 0.002ms
[40.202s][info][gc,phases   ] GC(44) Pause Relocate Start 2.166ms
[40.208s][info][gc,phases   ] GC(44) Concurrent Relocate 6.288ms
[40.208s][info][gc,load     ] GC(44) Load: 2.47/2.08/1.28
[40.208s][info][gc,mmu      ] GC(44) MMU: 2ms/0.0%, 5ms/0.0%, 10ms/0.0%, 20ms/32.4%, 50ms/73.0%, 100ms/86.5%
[40.208s][info][gc,marking  ] GC(44) Mark: 1 stripe(s), 2 proactive flush(es), 1 terminate flush(es), 0 completion(s), 0 continuation(s) 
[40.208s][info][gc,reloc    ] GC(44) Relocation: Successful, 5M relocated
[40.208s][info][gc,nmethod  ] GC(44) NMethods: 2847 registered, 0 unregistered
[40.208s][info][gc,metaspace] GC(44) Metaspace: 68M used, 71M capacity, 71M committed, 72M reserved
[40.208s][info][gc,ref      ] GC(44) Soft: 4684 encountered, 0 discovered, 0 enqueued
[40.208s][info][gc,ref      ] GC(44) Weak: 4599 encountered, 3467 discovered, 0 enqueued
[40.208s][info][gc,ref      ] GC(44) Final: 27 encountered, 0 discovered, 0 enqueued
[40.208s][info][gc,ref      ] GC(44) Phantom: 650 encountered, 646 discovered, 0 enqueued
[40.208s][info][gc,heap     ] GC(44)                Mark Start          Mark End        Relocate Start      Relocate End           High               Low         
[40.208s][info][gc,heap     ] GC(44)  Capacity:     1250M (100%)       1250M (100%)       1250M (100%)       1250M (100%)       1250M (100%)       1250M (100%)   
[40.208s][info][gc,heap     ] GC(44)   Reserve:       34M (3%)           34M (3%)           34M (3%)           34M (3%)           34M (3%)           34M (3%)     
[40.208s][info][gc,heap     ] GC(44)      Free:      506M (40%)         122M (10%)         576M (46%)         572M (46%)         576M (46%)         122M (10%)    
[40.208s][info][gc,heap     ] GC(44)      Used:      710M (57%)        1094M (88%)         640M (51%)         644M (52%)        1094M (88%)         640M (51%)    
[40.209s][info][gc,heap     ] GC(44)      Live:         -               216M (17%)         216M (17%)         216M (17%)            -                  -          
[40.209s][info][gc,heap     ] GC(44) Allocated:         -               384M (31%)         384M (31%)         398M (32%)            -                  -          
[40.209s][info][gc,heap     ] GC(44)   Garbage:         -               493M (39%)          39M (3%)           31M (3%)             -                  -          
[40.209s][info][gc,heap     ] GC(44) Reclaimed:         -                  -               454M (36%)         462M (37%)            -                  -          
[40.209s][info][gc          ] GC(44) Garbage Collection (Allocation Rate) 710M(57%)->644M(52%)
[40.294s][info][gc,start    ] GC(45) Garbage Collection (Allocation Rate)
[40.300s][info][gc,phases   ] GC(45) Pause Mark Start 2.572ms
[40.658s][info][gc,phases   ] GC(45) Concurrent Mark 357.994ms
[40.658s][info][gc,phases   ] GC(45) Pause Mark End 0.340ms
[40.660s][info][gc,phases   ] GC(45) Concurrent Process Non-Strong References 1.454ms
[40.660s][info][gc,phases   ] GC(45) Concurrent Reset Relocation Set 0.003ms
[40.660s][info][gc,phases   ] GC(45) Concurrent Destroy Detached Pages 0.001ms
[40.661s][info][gc,phases   ] GC(45) Concurrent Select Relocation Set 1.535ms
[40.661s][info][gc,phases   ] GC(45) Concurrent Prepare Relocation Set 0.002ms
[40.664s][info][gc,phases   ] GC(45) Pause Relocate Start 2.190ms
[40.664s][info][gc,phases   ] GC(45) Concurrent Relocate 0.066ms
[40.664s][info][gc,load     ] GC(45) Load: 2.47/2.08/1.28
[40.664s][info][gc,mmu      ] GC(45) MMU: 2ms/0.0%, 5ms/0.0%, 10ms/0.0%, 20ms/32.4%, 50ms/73.0%, 100ms/86.5%
[40.664s][info][gc,marking  ] GC(45) Mark: 1 stripe(s), 2 proactive flush(es), 1 terminate flush(es), 0 completion(s), 0 continuation(s) 
[40.664s][info][gc,reloc    ] GC(45) Relocation: Successful, 5M relocated
[40.664s][info][gc,nmethod  ] GC(45) NMethods: 2902 registered, 0 unregistered
[40.664s][info][gc,metaspace] GC(45) Metaspace: 68M used, 71M capacity, 71M committed, 72M reserved
[40.664s][info][gc,ref      ] GC(45) Soft: 4684 encountered, 0 discovered, 0 enqueued
[40.664s][info][gc,ref      ] GC(45) Weak: 4599 encountered, 3522 discovered, 0 enqueued
[40.664s][info][gc,ref      ] GC(45) Final: 27 encountered, 0 discovered, 0 enqueued
[40.664s][info][gc,ref      ] GC(45) Phantom: 650 encountered, 646 discovered, 0 enqueued
[40.664s][info][gc,heap     ] GC(45)                Mark Start          Mark End        Relocate Start      Relocate End           High               Low         
[40.664s][info][gc,heap     ] GC(45)  Capacity:     1250M (100%)       1250M (100%)       1250M (100%)       1250M (100%)       1250M (100%)       1250M (100%)   
[40.664s][info][gc,heap     ] GC(45)   Reserve:       34M (3%)           34M (3%)           34M (3%)           34M (3%)           34M (3%)           34M (3%)     
[40.664s][info][gc,heap     ] GC(45)      Free:      418M (33%)         332M (27%)         874M (70%)         882M (71%)         882M (71%)         332M (27%)    
[40.664s][info][gc,heap     ] GC(45)      Used:      798M (64%)         884M (71%)         342M (27%)         334M (27%)         884M (71%)         334M (27%)    
[40.664s][info][gc,heap     ] GC(45)      Live:         -               216M (17%)         216M (17%)         216M (17%)            -                  -          
[40.664s][info][gc,heap     ] GC(45) Allocated:         -                86M (7%)           86M (7%)           88M (7%)             -                  -          
[40.664s][info][gc,heap     ] GC(45)   Garbage:         -               581M (47%)          39M (3%)           31M (3%)             -                  -          
[40.664s][info][gc,heap     ] GC(45) Reclaimed:         -                  -               542M (43%)         550M (44%)            -                  -          
[40.664s][info][gc          ] GC(45) Garbage Collection (Allocation Rate) 798M(64%)->334M(27%)
[40.664s][info][gc,start    ] GC(46) Garbage Collection (System.gc())
[40.667s][info][gc,phases   ] GC(46) Pause Mark Start 2.578ms
[40.880s][info][gc,phases   ] GC(46) Concurrent Mark 213.013ms
[40.881s][info][gc,phases   ] GC(46) Pause Mark End 0.410ms
[40.882s][info][gc,phases   ] GC(46) Concurrent Process Non-Strong References 1.365ms
[40.882s][info][gc,phases   ] GC(46) Concurrent Reset Relocation Set 0.002ms
[40.882s][info][gc,phases   ] GC(46) Concurrent Destroy Detached Pages 0.000ms
[40.886s][info][gc,phases   ] GC(46) Concurrent Select Relocation Set 3.990ms
[40.886s][info][gc,phases   ] GC(46) Concurrent Prepare Relocation Set 0.004ms
[40.892s][info][gc,phases   ] GC(46) Pause Relocate Start 2.261ms
[40.892s][info][gc,phases   ] GC(46) Concurrent Relocate 0.202ms
[40.892s][info][gc,load     ] GC(46) Load: 2.47/2.08/1.28
[40.892s][info][gc,mmu      ] GC(46) MMU: 2ms/0.0%, 5ms/0.0%, 10ms/0.0%, 20ms/32.4%, 50ms/73.0%, 100ms/86.5%
[40.892s][info][gc,marking  ] GC(46) Mark: 1 stripe(s), 2 proactive flush(es), 1 terminate flush(es), 0 completion(s), 0 continuation(s) 
[40.892s][info][gc,reloc    ] GC(46) Relocation: Successful, 5M relocated
[40.892s][info][gc,nmethod  ] GC(46) NMethods: 2905 registered, 0 unregistered
[40.892s][info][gc,metaspace] GC(46) Metaspace: 68M used, 71M capacity, 71M committed, 72M reserved
[40.892s][info][gc,ref      ] GC(46) Soft: 4683 encountered, 0 discovered, 0 enqueued
[40.892s][info][gc,ref      ] GC(46) Weak: 4669 encountered, 3591 discovered, 118 enqueued
[40.892s][info][gc,ref      ] GC(46) Final: 27 encountered, 0 discovered, 0 enqueued
[40.892s][info][gc,ref      ] GC(46) Phantom: 650 encountered, 646 discovered, 0 enqueued
[40.892s][info][gc,heap     ] GC(46)                Mark Start          Mark End        Relocate Start      Relocate End           High               Low         
[40.892s][info][gc,heap     ] GC(46)  Capacity:     1250M (100%)       1250M (100%)       1250M (100%)       1250M (100%)       1250M (100%)       1250M (100%)   
[40.892s][info][gc,heap     ] GC(46)   Reserve:       34M (3%)           34M (3%)           34M (3%)           34M (3%)           34M (3%)           34M (3%)     
[40.892s][info][gc,heap     ] GC(46)      Free:      882M (71%)         880M (70%)         960M (77%)         966M (77%)         966M (77%)         880M (70%)    
[40.892s][info][gc,heap     ] GC(46)      Used:      334M (27%)         336M (27%)         256M (20%)         250M (20%)         336M (27%)         250M (20%)    
[40.892s][info][gc,heap     ] GC(46)      Live:         -               216M (17%)         216M (17%)         216M (17%)            -                  -          
[40.892s][info][gc,heap     ] GC(46) Allocated:         -                 2M (0%)            2M (0%)            4M (0%)             -                  -          
[40.892s][info][gc,heap     ] GC(46)   Garbage:         -               117M (9%)           37M (3%)           31M (3%)             -                  -          
[40.892s][info][gc,heap     ] GC(46) Reclaimed:         -                  -                80M (6%)           86M (7%)             -                  -          
[40.892s][info][gc          ] GC(46) Garbage Collection (System.gc()) 334M(27%)->250M(20%)
[41.394s][info][gc,start    ] GC(47) Garbage Collection (Allocation Rate)
[41.402s][info][gc,phases   ] GC(47) Pause Mark Start 2.699ms
[42.019s][info][gc,phases   ] GC(47) Concurrent Mark 616.427ms
[42.022s][info][gc,phases   ] GC(47) Pause Mark End 0.423ms
[42.024s][info][gc,phases   ] GC(47) Concurrent Process Non-Strong References 1.484ms
[42.024s][info][gc,phases   ] GC(47) Concurrent Reset Relocation Set 0.001ms
[42.024s][info][gc,phases   ] GC(47) Concurrent Destroy Detached Pages 0.000ms
[42.027s][info][gc,phases   ] GC(47) Concurrent Select Relocation Set 2.907ms
[42.027s][info][gc,phases   ] GC(47) Concurrent Prepare Relocation Set 0.007ms
[42.031s][info][gc,phases   ] GC(47) Pause Relocate Start 2.292ms
[42.037s][info][gc,phases   ] GC(47) Concurrent Relocate 6.274ms
[42.037s][info][gc,load     ] GC(47) Load: 2.47/2.08/1.28
[42.037s][info][gc,mmu      ] GC(47) MMU: 2ms/0.0%, 5ms/0.0%, 10ms/0.0%, 20ms/32.4%, 50ms/73.0%, 100ms/86.5%
[42.037s][info][gc,marking  ] GC(47) Mark: 1 stripe(s), 2 proactive flush(es), 1 terminate flush(es), 0 completion(s), 0 continuation(s) 
[42.037s][info][gc,reloc    ] GC(47) Relocation: Successful, 5M relocated
[42.037s][info][gc,nmethod  ] GC(47) NMethods: 2994 registered, 0 unregistered
[42.037s][info][gc,metaspace] GC(47) Metaspace: 68M used, 71M capacity, 71M committed, 72M reserved
[42.037s][info][gc,ref      ] GC(47) Soft: 4689 encountered, 0 discovered, 0 enqueued
[42.037s][info][gc,ref      ] GC(47) Weak: 4707 encountered, 3571 discovered, 73 enqueued
[42.037s][info][gc,ref      ] GC(47) Final: 27 encountered, 0 discovered, 0 enqueued
[42.037s][info][gc,ref      ] GC(47) Phantom: 650 encountered, 646 discovered, 0 enqueued
[42.037s][info][gc,heap     ] GC(47)                Mark Start          Mark End        Relocate Start      Relocate End           High               Low         
[42.037s][info][gc,heap     ] GC(47)  Capacity:     1250M (100%)       1250M (100%)       1250M (100%)       1250M (100%)       1250M (100%)       1250M (100%)   
[42.037s][info][gc,heap     ] GC(47)   Reserve:       34M (3%)           34M (3%)           34M (3%)           34M (3%)           34M (3%)           34M (3%)     
[42.037s][info][gc,heap     ] GC(47)      Free:      646M (52%)         260M (21%)         552M (44%)         572M (46%)         646M (52%)         260M (21%)    
[42.037s][info][gc,heap     ] GC(47)      Used:      570M (46%)         956M (76%)         664M (53%)         644M (52%)         956M (76%)         570M (46%)    
[42.037s][info][gc,heap     ] GC(47)      Live:         -               216M (17%)         216M (17%)         216M (17%)            -                  -          
[42.037s][info][gc,heap     ] GC(47) Allocated:         -               386M (31%)         388M (31%)         398M (32%)            -                  -          
[42.037s][info][gc,heap     ] GC(47)   Garbage:         -               353M (28%)          59M (5%)           31M (3%)             -                  -          
[42.037s][info][gc,heap     ] GC(47) Reclaimed:         -                  -               294M (24%)         322M (26%)            -                  -          
[42.037s][info][gc          ] GC(47) Garbage Collection (Allocation Rate) 570M(46%)->644M(52%)
[42.094s][info][gc,start    ] GC(48) Garbage Collection (Allocation Rate)
[42.100s][info][gc,phases   ] GC(48) Pause Mark Start 2.686ms
[42.524s][info][gc,phases   ] GC(48) Concurrent Mark 424.492ms
[42.528s][info][gc,phases   ] GC(48) Pause Mark End 0.423ms
[42.529s][info][gc,phases   ] GC(48) Concurrent Process Non-Strong References 1.541ms
[42.529s][info][gc,phases   ] GC(48) Concurrent Reset Relocation Set 0.004ms
[42.529s][info][gc,phases   ] GC(48) Concurrent Destroy Detached Pages 0.000ms
[42.531s][info][gc,phases   ] GC(48) Concurrent Select Relocation Set 1.520ms
[42.531s][info][gc,phases   ] GC(48) Concurrent Prepare Relocation Set 0.006ms
[42.537s][info][gc,phases   ] GC(48) Pause Relocate Start 2.406ms
[42.542s][info][gc,phases   ] GC(48) Concurrent Relocate 5.545ms
[42.542s][info][gc,load     ] GC(48) Load: 2.47/2.08/1.28
[42.542s][info][gc,mmu      ] GC(48) MMU: 2ms/0.0%, 5ms/0.0%, 10ms/0.0%, 20ms/32.4%, 50ms/73.0%, 100ms/86.5%
[42.542s][info][gc,marking  ] GC(48) Mark: 1 stripe(s), 2 proactive flush(es), 1 terminate flush(es), 0 completion(s), 0 continuation(s) 
[42.542s][info][gc,reloc    ] GC(48) Relocation: Successful, 5M relocated
[42.542s][info][gc,nmethod  ] GC(48) NMethods: 2996 registered, 0 unregistered
[42.542s][info][gc,metaspace] GC(48) Metaspace: 68M used, 71M capacity, 71M committed, 72M reserved
[42.542s][info][gc,ref      ] GC(48) Soft: 4689 encountered, 0 discovered, 0 enqueued
[42.542s][info][gc,ref      ] GC(48) Weak: 4642 encountered, 3516 discovered, 14 enqueued
[42.542s][info][gc,ref      ] GC(48) Final: 27 encountered, 0 discovered, 0 enqueued
[42.542s][info][gc,ref      ] GC(48) Phantom: 650 encountered, 646 discovered, 0 enqueued
[42.542s][info][gc,heap     ] GC(48)                Mark Start          Mark End        Relocate Start      Relocate End           High               Low         
[42.542s][info][gc,heap     ] GC(48)  Capacity:     1250M (100%)       1250M (100%)       1250M (100%)       1250M (100%)       1250M (100%)       1250M (100%)   
[42.542s][info][gc,heap     ] GC(48)   Reserve:       34M (3%)           34M (3%)           34M (3%)           34M (3%)           34M (3%)           34M (3%)     
[42.542s][info][gc,heap     ] GC(48)      Free:      478M (38%)          90M (7%)          562M (45%)         574M (46%)         574M (46%)          90M (7%)     
[42.542s][info][gc,heap     ] GC(48)      Used:      738M (59%)        1126M (90%)         654M (52%)         642M (51%)        1126M (90%)         642M (51%)    
[42.542s][info][gc,heap     ] GC(48)      Live:         -               216M (17%)         216M (17%)         216M (17%)            -                  -          
[42.542s][info][gc,heap     ] GC(48) Allocated:         -               388M (31%)         388M (31%)         396M (32%)            -                  -          
[42.542s][info][gc,heap     ] GC(48)   Garbage:         -               521M (42%)          49M (4%)           31M (3%)             -                  -          
[42.542s][info][gc,heap     ] GC(48) Reclaimed:         -                  -               472M (38%)         490M (39%)            -                  -          
[42.542s][info][gc          ] GC(48) Garbage Collection (Allocation Rate) 738M(59%)->642M(51%)
[42.595s][info][gc,start    ] GC(49) Garbage Collection (Allocation Rate)
[42.600s][info][gc,phases   ] GC(49) Pause Mark Start 2.720ms
[43.054s][info][gc,phases   ] GC(49) Concurrent Mark 453.479ms
[43.057s][info][gc,phases   ] GC(49) Pause Mark End 0.462ms
[43.058s][info][gc,phases   ] GC(49) Concurrent Process Non-Strong References 1.406ms
[43.058s][info][gc,phases   ] GC(49) Concurrent Reset Relocation Set 0.004ms
[43.058s][info][gc,phases   ] GC(49) Concurrent Destroy Detached Pages 0.000ms
[43.061s][info][gc,phases   ] GC(49) Concurrent Select Relocation Set 2.205ms
[43.061s][info][gc,phases   ] GC(49) Concurrent Prepare Relocation Set 0.005ms
[43.063s][info][gc,phases   ] GC(49) Pause Relocate Start 2.277ms
[43.066s][info][gc,phases   ] GC(49) Concurrent Relocate 2.482ms
[43.066s][info][gc,load     ] GC(49) Load: 2.43/2.08/1.28
[43.066s][info][gc,mmu      ] GC(49) MMU: 2ms/0.0%, 5ms/0.0%, 10ms/0.0%, 20ms/32.4%, 50ms/73.0%, 100ms/86.5%
[43.066s][info][gc,marking  ] GC(49) Mark: 1 stripe(s), 2 proactive flush(es), 1 terminate flush(es), 0 completion(s), 0 continuation(s) 
[43.066s][info][gc,reloc    ] GC(49) Relocation: Successful, 5M relocated
[43.066s][info][gc,nmethod  ] GC(49) NMethods: 2996 registered, 0 unregistered
[43.066s][info][gc,metaspace] GC(49) Metaspace: 68M used, 71M capacity, 71M committed, 72M reserved
[43.066s][info][gc,ref      ] GC(49) Soft: 4689 encountered, 0 discovered, 0 enqueued
[43.066s][info][gc,ref      ] GC(49) Weak: 4628 encountered, 3502 discovered, 0 enqueued
[43.066s][info][gc,ref      ] GC(49) Final: 27 encountered, 0 discovered, 0 enqueued
[43.066s][info][gc,ref      ] GC(49) Phantom: 650 encountered, 646 discovered, 0 enqueued
[43.066s][info][gc,heap     ] GC(49)                Mark Start          Mark End        Relocate Start      Relocate End           High               Low         
[43.066s][info][gc,heap     ] GC(49)  Capacity:     1250M (100%)       1250M (100%)       1250M (100%)       1250M (100%)       1250M (100%)       1250M (100%)   
[43.066s][info][gc,heap     ] GC(49)   Reserve:       34M (3%)           34M (3%)           34M (3%)           34M (3%)           34M (3%)           34M (3%)     
[43.066s][info][gc,heap     ] GC(49)      Free:      488M (39%)          90M (7%)          562M (45%)         566M (45%)         566M (45%)          90M (7%)     
[43.066s][info][gc,heap     ] GC(49)      Used:      728M (58%)        1126M (90%)         654M (52%)         650M (52%)        1126M (90%)         650M (52%)    
[43.066s][info][gc,heap     ] GC(49)      Live:         -               216M (17%)         216M (17%)         216M (17%)            -                  -          
[43.066s][info][gc,heap     ] GC(49) Allocated:         -               398M (32%)         398M (32%)         404M (32%)            -                  -          
[43.066s][info][gc,heap     ] GC(49)   Garbage:         -               511M (41%)          39M (3%)           31M (3%)             -                  -          
[43.066s][info][gc,heap     ] GC(49) Reclaimed:         -                  -               472M (38%)         480M (38%)            -                  -          
[43.066s][info][gc          ] GC(49) Garbage Collection (Allocation Rate) 728M(58%)->650M(52%)
[43.094s][info][gc,start    ] GC(50) Garbage Collection (Allocation Rate)
[43.099s][info][gc,phases   ] GC(50) Pause Mark Start 2.674ms
[43.573s][info][gc,phases   ] GC(50) Concurrent Mark 473.922ms
[43.577s][info][gc,phases   ] GC(50) Pause Mark End 0.456ms
[43.579s][info][gc,phases   ] GC(50) Concurrent Process Non-Strong References 1.483ms
[43.579s][info][gc,phases   ] GC(50) Concurrent Reset Relocation Set 0.003ms
[43.579s][info][gc,phases   ] GC(50) Concurrent Destroy Detached Pages 0.001ms
[43.581s][info][gc,phases   ] GC(50) Concurrent Select Relocation Set 1.908ms
[43.581s][info][gc,phases   ] GC(50) Concurrent Prepare Relocation Set 0.006ms
[43.583s][info][gc,phases   ] GC(50) Pause Relocate Start 2.345ms
[43.589s][info][gc,phases   ] GC(50) Concurrent Relocate 5.272ms
[43.589s][info][gc,load     ] GC(50) Load: 2.43/2.08/1.28
[43.589s][info][gc,mmu      ] GC(50) MMU: 2ms/0.0%, 5ms/0.0%, 10ms/0.0%, 20ms/32.4%, 50ms/73.0%, 100ms/86.5%
[43.589s][info][gc,marking  ] GC(50) Mark: 1 stripe(s), 2 proactive flush(es), 1 terminate flush(es), 0 completion(s), 0 continuation(s) 
[43.589s][info][gc,reloc    ] GC(50) Relocation: Successful, 5M relocated
[43.589s][info][gc,nmethod  ] GC(50) NMethods: 2996 registered, 0 unregistered
[43.589s][info][gc,metaspace] GC(50) Metaspace: 68M used, 71M capacity, 71M committed, 72M reserved
[43.589s][info][gc,ref      ] GC(50) Soft: 4689 encountered, 0 discovered, 0 enqueued
[43.589s][info][gc,ref      ] GC(50) Weak: 4628 encountered, 3502 discovered, 0 enqueued
[43.589s][info][gc,ref      ] GC(50) Final: 27 encountered, 0 discovered, 0 enqueued
[43.589s][info][gc,ref      ] GC(50) Phantom: 650 encountered, 646 discovered, 0 enqueued
[43.589s][info][gc,heap     ] GC(50)                Mark Start          Mark End        Relocate Start      Relocate End           High               Low         
[43.589s][info][gc,heap     ] GC(50)  Capacity:     1250M (100%)       1250M (100%)       1250M (100%)       1250M (100%)       1250M (100%)       1250M (100%)   
[43.589s][info][gc,heap     ] GC(50)   Reserve:       34M (3%)           34M (3%)           34M (3%)           34M (3%)           34M (3%)           34M (3%)     
[43.589s][info][gc,heap     ] GC(50)      Free:      518M (41%)         122M (10%)         564M (45%)         564M (45%)         564M (45%)         122M (10%)    
[43.589s][info][gc,heap     ] GC(50)      Used:      698M (56%)        1094M (88%)         652M (52%)         652M (52%)        1094M (88%)         652M (52%)    
[43.589s][info][gc,heap     ] GC(50)      Live:         -               216M (17%)         216M (17%)         216M (17%)            -                  -          
[43.589s][info][gc,heap     ] GC(50) Allocated:         -               396M (32%)         396M (32%)         406M (32%)            -                  -          
[43.589s][info][gc,heap     ] GC(50)   Garbage:         -               481M (39%)          39M (3%)           31M (3%)             -                  -          
[43.589s][info][gc,heap     ] GC(50) Reclaimed:         -                  -               442M (35%)         450M (36%)            -                  -          
[43.589s][info][gc          ] GC(50) Garbage Collection (Allocation Rate) 698M(56%)->652M(52%)
[43.594s][info][gc,start    ] GC(51) Garbage Collection (Allocation Rate)
[43.600s][info][gc,phases   ] GC(51) Pause Mark Start 2.712ms
[44.050s][info][gc,phases   ] GC(51) Concurrent Mark 449.574ms
[44.054s][info][gc,phases   ] GC(51) Pause Mark End 0.761ms
[44.057s][info][gc,phases   ] GC(51) Concurrent Process Non-Strong References 2.992ms
[44.057s][info][gc,phases   ] GC(51) Concurrent Reset Relocation Set 0.008ms
[44.057s][info][gc,phases   ] GC(51) Concurrent Destroy Detached Pages 0.002ms
[44.065s][info][gc,phases   ] GC(51) Concurrent Select Relocation Set 8.039ms
[44.065s][info][gc,phases   ] GC(51) Concurrent Prepare Relocation Set 0.008ms
[44.074s][info][gc,phases   ] GC(51) Pause Relocate Start 4.723ms
[44.081s][info][gc,phases   ] GC(51) Concurrent Relocate 6.981ms
[44.082s][info][gc,load     ] GC(51) Load: 2.43/2.08/1.28
[44.082s][info][gc,mmu      ] GC(51) MMU: 2ms/0.0%, 5ms/0.0%, 10ms/0.0%, 20ms/32.4%, 50ms/73.0%, 100ms/86.5%
[44.082s][info][gc,marking  ] GC(51) Mark: 1 stripe(s), 2 proactive flush(es), 1 terminate flush(es), 0 completion(s), 0 continuation(s) 
[44.082s][info][gc,reloc    ] GC(51) Relocation: Successful, 5M relocated
[44.082s][info][gc,nmethod  ] GC(51) NMethods: 2996 registered, 0 unregistered
[44.082s][info][gc,metaspace] GC(51) Metaspace: 68M used, 71M capacity, 71M committed, 72M reserved
[44.082s][info][gc,ref      ] GC(51) Soft: 4689 encountered, 0 discovered, 0 enqueued
[44.082s][info][gc,ref      ] GC(51) Weak: 4628 encountered, 3502 discovered, 0 enqueued
[44.082s][info][gc,ref      ] GC(51) Final: 27 encountered, 0 discovered, 0 enqueued
[44.082s][info][gc,ref      ] GC(51) Phantom: 650 encountered, 646 discovered, 0 enqueued
[44.082s][info][gc,heap     ] GC(51)                Mark Start          Mark End        Relocate Start      Relocate End           High               Low         
[44.082s][info][gc,heap     ] GC(51)  Capacity:     1250M (100%)       1250M (100%)       1250M (100%)       1250M (100%)       1250M (100%)       1250M (100%)   
[44.082s][info][gc,heap     ] GC(51)   Reserve:       34M (3%)           34M (3%)           34M (3%)           34M (3%)           34M (3%)           34M (3%)     
[44.082s][info][gc,heap     ] GC(51)      Free:      554M (44%)         160M (13%)         566M (45%)         568M (45%)         568M (45%)         160M (13%)    
[44.082s][info][gc,heap     ] GC(51)      Used:      662M (53%)        1056M (84%)         650M (52%)         648M (52%)        1056M (84%)         648M (52%)    
[44.082s][info][gc,heap     ] GC(51)      Live:         -               216M (17%)         216M (17%)         216M (17%)            -                  -          
[44.082s][info][gc,heap     ] GC(51) Allocated:         -               394M (32%)         396M (32%)         402M (32%)            -                  -          
[44.082s][info][gc,heap     ] GC(51)   Garbage:         -               445M (36%)          37M (3%)           31M (3%)             -                  -          
[44.082s][info][gc,heap     ] GC(51) Reclaimed:         -                  -               408M (33%)         414M (33%)            -                  -          
[44.082s][info][gc          ] GC(51) Garbage Collection (Allocation Rate) 662M(53%)->648M(52%)
[44.095s][info][gc,start    ] GC(52) Garbage Collection (Allocation Rate)
[44.100s][info][gc,phases   ] GC(52) Pause Mark Start 2.749ms
[44.588s][info][gc,phases   ] GC(52) Concurrent Mark 488.069ms
[44.589s][info][gc,phases   ] GC(52) Pause Mark End 0.419ms
[44.590s][info][gc,phases   ] GC(52) Concurrent Process Non-Strong References 1.424ms
[44.590s][info][gc,phases   ] GC(52) Concurrent Reset Relocation Set 0.002ms
[44.590s][info][gc,phases   ] GC(52) Concurrent Destroy Detached Pages 0.001ms
[44.592s][info][gc,phases   ] GC(52) Concurrent Select Relocation Set 1.585ms
[44.592s][info][gc,phases   ] GC(52) Concurrent Prepare Relocation Set 0.005ms
[44.596s][info][gc,phases   ] GC(52) Pause Relocate Start 3.274ms
[44.600s][info][gc,phases   ] GC(52) Concurrent Relocate 4.376ms
[44.600s][info][gc,load     ] GC(52) Load: 2.43/2.08/1.28
[44.600s][info][gc,mmu      ] GC(52) MMU: 2ms/0.0%, 5ms/0.0%, 10ms/0.0%, 20ms/32.4%, 50ms/73.0%, 100ms/86.5%
[44.600s][info][gc,marking  ] GC(52) Mark: 1 stripe(s), 2 proactive flush(es), 1 terminate flush(es), 0 completion(s), 0 continuation(s) 
[44.600s][info][gc,reloc    ] GC(52) Relocation: Successful, 5M relocated
[44.600s][info][gc,nmethod  ] GC(52) NMethods: 3034 registered, 0 unregistered
[44.600s][info][gc,metaspace] GC(52) Metaspace: 68M used, 71M capacity, 71M committed, 72M reserved
[44.600s][info][gc,ref      ] GC(52) Soft: 4689 encountered, 0 discovered, 0 enqueued
[44.600s][info][gc,ref      ] GC(52) Weak: 4628 encountered, 3554 discovered, 0 enqueued
[44.600s][info][gc,ref      ] GC(52) Final: 27 encountered, 0 discovered, 0 enqueued
[44.600s][info][gc,ref      ] GC(52) Phantom: 650 encountered, 646 discovered, 0 enqueued
[44.600s][info][gc,heap     ] GC(52)                Mark Start          Mark End        Relocate Start      Relocate End           High               Low         
[44.600s][info][gc,heap     ] GC(52)  Capacity:     1250M (100%)       1250M (100%)       1250M (100%)       1250M (100%)       1250M (100%)       1250M (100%)   
[44.600s][info][gc,heap     ] GC(52)   Reserve:       34M (3%)           34M (3%)           34M (3%)           34M (3%)           34M (3%)           34M (3%)     
[44.600s][info][gc,heap     ] GC(52)      Free:      560M (45%)         472M (38%)         872M (70%)         880M (70%)         880M (70%)         472M (38%)    
[44.600s][info][gc,heap     ] GC(52)      Used:      656M (52%)         744M (60%)         344M (28%)         336M (27%)         744M (60%)         336M (27%)    
[44.600s][info][gc,heap     ] GC(52)      Live:         -               216M (17%)         216M (17%)         216M (17%)            -                  -          
[44.600s][info][gc,heap     ] GC(52) Allocated:         -                88M (7%)           88M (7%)           90M (7%)             -                  -          
[44.600s][info][gc,heap     ] GC(52)   Garbage:         -               439M (35%)          39M (3%)           31M (3%)             -                  -          
[44.600s][info][gc,heap     ] GC(52) Reclaimed:         -                  -               400M (32%)         408M (33%)            -                  -          
[44.600s][info][gc          ] GC(52) Garbage Collection (Allocation Rate) 656M(52%)->336M(27%)
[44.600s][info][gc,start    ] GC(53) Garbage Collection (System.gc())
[44.603s][info][gc,phases   ] GC(53) Pause Mark Start 2.766ms
[44.929s][info][gc,phases   ] GC(53) Concurrent Mark 325.351ms
[44.929s][info][gc,phases   ] GC(53) Pause Mark End 0.407ms
[44.931s][info][gc,phases   ] GC(53) Concurrent Process Non-Strong References 1.335ms
[44.931s][info][gc,phases   ] GC(53) Concurrent Reset Relocation Set 0.002ms
[44.931s][info][gc,phases   ] GC(53) Concurrent Destroy Detached Pages 0.000ms
[44.936s][info][gc,phases   ] GC(53) Concurrent Select Relocation Set 5.507ms
[44.936s][info][gc,phases   ] GC(53) Concurrent Prepare Relocation Set 0.005ms
[44.946s][info][gc,phases   ] GC(53) Pause Relocate Start 2.308ms
[44.946s][info][gc,phases   ] GC(53) Concurrent Relocate 0.213ms
[44.946s][info][gc,load     ] GC(53) Load: 2.43/2.08/1.28
[44.946s][info][gc,mmu      ] GC(53) MMU: 2ms/0.0%, 5ms/0.0%, 10ms/0.0%, 20ms/32.4%, 50ms/73.0%, 100ms/86.5%
[44.946s][info][gc,marking  ] GC(53) Mark: 1 stripe(s), 2 proactive flush(es), 1 terminate flush(es), 0 completion(s), 0 continuation(s) 
[44.946s][info][gc,reloc    ] GC(53) Relocation: Successful, 5M relocated
[44.946s][info][gc,nmethod  ] GC(53) NMethods: 3039 registered, 0 unregistered
[44.946s][info][gc,metaspace] GC(53) Metaspace: 68M used, 71M capacity, 71M committed, 72M reserved
[44.946s][info][gc,ref      ] GC(53) Soft: 4688 encountered, 0 discovered, 0 enqueued
[44.946s][info][gc,ref      ] GC(53) Weak: 4686 encountered, 3618 discovered, 118 enqueued
[44.946s][info][gc,ref      ] GC(53) Final: 27 encountered, 0 discovered, 0 enqueued
[44.946s][info][gc,ref      ] GC(53) Phantom: 650 encountered, 646 discovered, 0 enqueued
[44.946s][info][gc,heap     ] GC(53)                Mark Start          Mark End        Relocate Start      Relocate End           High               Low         
[44.946s][info][gc,heap     ] GC(53)  Capacity:     1250M (100%)       1250M (100%)       1250M (100%)       1250M (100%)       1250M (100%)       1250M (100%)   
[44.946s][info][gc,heap     ] GC(53)   Reserve:       34M (3%)           34M (3%)           34M (3%)           34M (3%)           34M (3%)           34M (3%)     
[44.946s][info][gc,heap     ] GC(53)      Free:      880M (70%)         878M (70%)         958M (77%)         966M (77%)         966M (77%)         878M (70%)    
[44.946s][info][gc,heap     ] GC(53)      Used:      336M (27%)         338M (27%)         258M (21%)         250M (20%)         338M (27%)         250M (20%)    
[44.946s][info][gc,heap     ] GC(53)      Live:         -               216M (17%)         216M (17%)         216M (17%)            -                  -          
[44.946s][info][gc,heap     ] GC(53) Allocated:         -                 2M (0%)            2M (0%)            4M (0%)             -                  -          
[44.946s][info][gc,heap     ] GC(53)   Garbage:         -               119M (10%)          39M (3%)           31M (3%)             -                  -          
[44.946s][info][gc,heap     ] GC(53) Reclaimed:         -                  -                80M (6%)           88M (7%)             -                  -          
[44.946s][info][gc          ] GC(53) Garbage Collection (System.gc()) 336M(27%)->250M(20%)
[45.494s][info][gc,start    ] GC(54) Garbage Collection (Allocation Rate)
[45.504s][info][gc,phases   ] GC(54) Pause Mark Start 2.901ms
[46.058s][info][gc,phases   ] GC(54) Concurrent Mark 553.776ms
[46.061s][info][gc,phases   ] GC(54) Pause Mark End 0.451ms
[46.063s][info][gc,phases   ] GC(54) Concurrent Process Non-Strong References 1.467ms
[46.063s][info][gc,phases   ] GC(54) Concurrent Reset Relocation Set 0.002ms
[46.063s][info][gc,phases   ] GC(54) Concurrent Destroy Detached Pages 0.000ms
[46.066s][info][gc,phases   ] GC(54) Concurrent Select Relocation Set 3.187ms
[46.066s][info][gc,phases   ] GC(54) Concurrent Prepare Relocation Set 0.008ms
[46.070s][info][gc,phases   ] GC(54) Pause Relocate Start 2.682ms
[46.078s][info][gc,phases   ] GC(54) Concurrent Relocate 7.956ms
[46.078s][info][gc,load     ] GC(54) Load: 2.43/2.08/1.28
[46.078s][info][gc,mmu      ] GC(54) MMU: 2ms/0.0%, 5ms/0.0%, 10ms/0.0%, 20ms/32.4%, 50ms/73.0%, 100ms/86.5%
[46.078s][info][gc,marking  ] GC(54) Mark: 1 stripe(s), 2 proactive flush(es), 1 terminate flush(es), 0 completion(s), 0 continuation(s) 
[46.078s][info][gc,reloc    ] GC(54) Relocation: Successful, 5M relocated
[46.078s][info][gc,nmethod  ] GC(54) NMethods: 3115 registered, 0 unregistered
[46.078s][info][gc,metaspace] GC(54) Metaspace: 68M used, 71M capacity, 71M committed, 72M reserved
[46.078s][info][gc,ref      ] GC(54) Soft: 4689 encountered, 0 discovered, 0 enqueued
[46.078s][info][gc,ref      ] GC(54) Weak: 4755 encountered, 3612 discovered, 75 enqueued
[46.078s][info][gc,ref      ] GC(54) Final: 27 encountered, 0 discovered, 0 enqueued
[46.078s][info][gc,ref      ] GC(54) Phantom: 650 encountered, 646 discovered, 0 enqueued
[46.078s][info][gc,heap     ] GC(54)                Mark Start          Mark End        Relocate Start      Relocate End           High               Low         
[46.078s][info][gc,heap     ] GC(54)  Capacity:     1250M (100%)       1250M (100%)       1250M (100%)       1250M (100%)       1250M (100%)       1250M (100%)   
[46.078s][info][gc,heap     ] GC(54)   Reserve:       34M (3%)           34M (3%)           34M (3%)           34M (3%)           34M (3%)           34M (3%)     
[46.078s][info][gc,heap     ] GC(54)      Free:      600M (48%)         212M (17%)         552M (44%)         574M (46%)         600M (48%)         212M (17%)    
[46.078s][info][gc,heap     ] GC(54)      Used:      616M (49%)        1004M (80%)         664M (53%)         642M (51%)        1004M (80%)         616M (49%)    
[46.078s][info][gc,heap     ] GC(54)      Live:         -               216M (17%)         216M (17%)         216M (17%)            -                  -          
[46.078s][info][gc,heap     ] GC(54) Allocated:         -               388M (31%)         388M (31%)         396M (32%)            -                  -          
[46.078s][info][gc,heap     ] GC(54)   Garbage:         -               399M (32%)          59M (5%)           31M (3%)             -                  -          
[46.078s][info][gc,heap     ] GC(54) Reclaimed:         -                  -               340M (27%)         368M (29%)            -                  -          
[46.078s][info][gc          ] GC(54) Garbage Collection (Allocation Rate) 616M(49%)->642M(51%)
[46.094s][info][gc,start    ] GC(55) Garbage Collection (Allocation Rate)
[46.100s][info][gc,phases   ] GC(55) Pause Mark Start 2.892ms
[46.549s][info][gc,phases   ] GC(55) Concurrent Mark 449.392ms
[46.553s][info][gc,phases   ] GC(55) Pause Mark End 0.826ms
[46.557s][info][gc,phases   ] GC(55) Concurrent Process Non-Strong References 3.837ms
[46.558s][info][gc,phases   ] GC(55) Concurrent Reset Relocation Set 0.009ms
[46.558s][info][gc,phases   ] GC(55) Concurrent Destroy Detached Pages 0.001ms
[46.563s][info][gc,phases   ] GC(55) Concurrent Select Relocation Set 4.865ms
[46.563s][info][gc,phases   ] GC(55) Concurrent Prepare Relocation Set 0.013ms
[46.571s][info][gc,phases   ] GC(55) Pause Relocate Start 4.246ms
[46.578s][info][gc,phases   ] GC(55) Concurrent Relocate 2.545ms
[46.579s][info][gc,load     ] GC(55) Load: 2.43/2.08/1.28
[46.579s][info][gc,mmu      ] GC(55) MMU: 2ms/0.0%, 5ms/0.0%, 10ms/0.0%, 20ms/32.4%, 50ms/73.0%, 100ms/86.5%
[46.579s][info][gc,marking  ] GC(55) Mark: 1 stripe(s), 2 proactive flush(es), 1 terminate flush(es), 0 completion(s), 0 continuation(s) 
[46.579s][info][gc,reloc    ] GC(55) Relocation: Successful, 6M relocated
[46.579s][info][gc,nmethod  ] GC(55) NMethods: 3130 registered, 0 unregistered
[46.579s][info][gc,metaspace] GC(55) Metaspace: 68M used, 71M capacity, 71M committed, 72M reserved
[46.579s][info][gc,ref      ] GC(55) Soft: 4689 encountered, 0 discovered, 0 enqueued
[46.579s][info][gc,ref      ] GC(55) Weak: 4688 encountered, 3580 discovered, 19 enqueued
[46.579s][info][gc,ref      ] GC(55) Final: 27 encountered, 0 discovered, 0 enqueued
[46.579s][info][gc,ref      ] GC(55) Phantom: 650 encountered, 646 discovered, 0 enqueued
[46.579s][info][gc,heap     ] GC(55)                Mark Start          Mark End        Relocate Start      Relocate End           High               Low         
[46.579s][info][gc,heap     ] GC(55)  Capacity:     1250M (100%)       1250M (100%)       1250M (100%)       1250M (100%)       1250M (100%)       1250M (100%)   
[46.579s][info][gc,heap     ] GC(55)   Reserve:       34M (3%)           34M (3%)           34M (3%)           34M (3%)           34M (3%)           34M (3%)     
[46.579s][info][gc,heap     ] GC(55)      Free:      554M (44%)         152M (12%)         550M (44%)         562M (45%)         562M (45%)         152M (12%)    
[46.579s][info][gc,heap     ] GC(55)      Used:      662M (53%)        1064M (85%)         666M (53%)         654M (52%)        1064M (85%)         654M (52%)    
[46.579s][info][gc,heap     ] GC(55)      Live:         -               216M (17%)         216M (17%)         216M (17%)            -                  -          
[46.579s][info][gc,heap     ] GC(55) Allocated:         -               402M (32%)         402M (32%)         408M (33%)            -                  -          
[46.579s][info][gc,heap     ] GC(55)   Garbage:         -               445M (36%)          47M (4%)           31M (3%)             -                  -          
[46.579s][info][gc,heap     ] GC(55) Reclaimed:         -                  -               398M (32%)         414M (33%)            -                  -          
[46.579s][info][gc          ] GC(55) Garbage Collection (Allocation Rate) 662M(53%)->654M(52%)
[46.594s][info][gc,start    ] GC(56) Garbage Collection (Allocation Rate)
[46.600s][info][gc,phases   ] GC(56) Pause Mark Start 2.870ms
[47.028s][info][gc,phases   ] GC(56) Concurrent Mark 427.884ms
[47.032s][info][gc,phases   ] GC(56) Pause Mark End 0.476ms
[47.033s][info][gc,phases   ] GC(56) Concurrent Process Non-Strong References 1.516ms
[47.033s][info][gc,phases   ] GC(56) Concurrent Reset Relocation Set 0.003ms
[47.033s][info][gc,phases   ] GC(56) Concurrent Destroy Detached Pages 0.000ms
[47.035s][info][gc,phases   ] GC(56) Concurrent Select Relocation Set 1.521ms
[47.035s][info][gc,phases   ] GC(56) Concurrent Prepare Relocation Set 0.006ms
[47.037s][info][gc,phases   ] GC(56) Pause Relocate Start 2.390ms
[47.040s][info][gc,phases   ] GC(56) Concurrent Relocate 2.917ms
[47.040s][info][gc,load     ] GC(56) Load: 2.43/2.08/1.28
[47.040s][info][gc,mmu      ] GC(56) MMU: 2ms/0.0%, 5ms/0.0%, 10ms/0.0%, 20ms/32.4%, 50ms/73.0%, 100ms/86.5%
[47.040s][info][gc,marking  ] GC(56) Mark: 1 stripe(s), 2 proactive flush(es), 1 terminate flush(es), 0 completion(s), 0 continuation(s) 
[47.040s][info][gc,reloc    ] GC(56) Relocation: Successful, 6M relocated
[47.040s][info][gc,nmethod  ] GC(56) NMethods: 3130 registered, 0 unregistered
[47.040s][info][gc,metaspace] GC(56) Metaspace: 68M used, 71M capacity, 71M committed, 72M reserved
[47.040s][info][gc,ref      ] GC(56) Soft: 4689 encountered, 0 discovered, 0 enqueued
[47.040s][info][gc,ref      ] GC(56) Weak: 4668 encountered, 3540 discovered, 2 enqueued
[47.040s][info][gc,ref      ] GC(56) Final: 27 encountered, 0 discovered, 0 enqueued
[47.040s][info][gc,ref      ] GC(56) Phantom: 650 encountered, 646 discovered, 0 enqueued
[47.040s][info][gc,heap     ] GC(56)                Mark Start          Mark End        Relocate Start      Relocate End           High               Low         
[47.040s][info][gc,heap     ] GC(56)  Capacity:     1250M (100%)       1250M (100%)       1250M (100%)       1250M (100%)       1250M (100%)       1250M (100%)   
[47.041s][info][gc,heap     ] GC(56)   Reserve:       34M (3%)           34M (3%)           34M (3%)           34M (3%)           34M (3%)           34M (3%)     
[47.041s][info][gc,heap     ] GC(56)      Free:      538M (43%)         140M (11%)         558M (45%)         566M (45%)         566M (45%)         140M (11%)    
[47.041s][info][gc,heap     ] GC(56)      Used:      678M (54%)        1076M (86%)         658M (53%)         650M (52%)        1076M (86%)         650M (52%)    
[47.041s][info][gc,heap     ] GC(56)      Live:         -               216M (17%)         216M (17%)         216M (17%)            -                  -          
[47.041s][info][gc,heap     ] GC(56) Allocated:         -               398M (32%)         398M (32%)         404M (32%)            -                  -          
[47.041s][info][gc,heap     ] GC(56)   Garbage:         -               461M (37%)          43M (3%)           31M (3%)             -                  -          
[47.041s][info][gc,heap     ] GC(56) Reclaimed:         -                  -               418M (33%)         430M (34%)            -                  -          
[47.041s][info][gc          ] GC(56) Garbage Collection (Allocation Rate) 678M(54%)->650M(52%)
[47.095s][info][gc,start    ] GC(57) Garbage Collection (Allocation Rate)
[47.100s][info][gc,phases   ] GC(57) Pause Mark Start 2.843ms
[47.615s][info][gc,phases   ] GC(57) Concurrent Mark 514.033ms
[47.618s][info][gc,phases   ] GC(57) Pause Mark End 0.449ms
[47.620s][info][gc,phases   ] GC(57) Concurrent Process Non-Strong References 1.487ms
[47.620s][info][gc,phases   ] GC(57) Concurrent Reset Relocation Set 0.003ms
[47.620s][info][gc,phases   ] GC(57) Concurrent Destroy Detached Pages 0.000ms
[47.621s][info][gc,phases   ] GC(57) Concurrent Select Relocation Set 1.525ms
[47.621s][info][gc,phases   ] GC(57) Concurrent Prepare Relocation Set 0.005ms
[47.624s][info][gc,phases   ] GC(57) Pause Relocate Start 2.329ms
[47.628s][info][gc,phases   ] GC(57) Concurrent Relocate 4.786ms
[47.629s][info][gc,load     ] GC(57) Load: 2.43/2.08/1.28
[47.629s][info][gc,mmu      ] GC(57) MMU: 2ms/0.0%, 5ms/0.0%, 10ms/0.0%, 20ms/32.4%, 50ms/73.0%, 100ms/86.5%
[47.629s][info][gc,marking  ] GC(57) Mark: 1 stripe(s), 2 proactive flush(es), 1 terminate flush(es), 0 completion(s), 0 continuation(s) 
[47.629s][info][gc,reloc    ] GC(57) Relocation: Successful, 6M relocated
[47.629s][info][gc,nmethod  ] GC(57) NMethods: 3130 registered, 0 unregistered
[47.629s][info][gc,metaspace] GC(57) Metaspace: 68M used, 71M capacity, 71M committed, 72M reserved
[47.629s][info][gc,ref      ] GC(57) Soft: 4689 encountered, 0 discovered, 0 enqueued
[47.629s][info][gc,ref      ] GC(57) Weak: 4666 encountered, 3538 discovered, 0 enqueued
[47.629s][info][gc,ref      ] GC(57) Final: 27 encountered, 0 discovered, 0 enqueued
[47.629s][info][gc,ref      ] GC(57) Phantom: 650 encountered, 646 discovered, 0 enqueued
[47.629s][info][gc,heap     ] GC(57)                Mark Start          Mark End        Relocate Start      Relocate End           High               Low         
[47.629s][info][gc,heap     ] GC(57)  Capacity:     1250M (100%)       1250M (100%)       1250M (100%)       1250M (100%)       1250M (100%)       1250M (100%)   
[47.629s][info][gc,heap     ] GC(57)   Reserve:       34M (3%)           34M (3%)           34M (3%)           34M (3%)           34M (3%)           34M (3%)     
[47.629s][info][gc,heap     ] GC(57)      Free:      464M (37%)          68M (5%)          564M (45%)         564M (45%)         564M (45%)          68M (5%)     
[47.629s][info][gc,heap     ] GC(57)      Used:      752M (60%)        1148M (92%)         652M (52%)         652M (52%)        1148M (92%)         652M (52%)    
[47.629s][info][gc,heap     ] GC(57)      Live:         -               216M (17%)         216M (17%)         216M (17%)            -                  -          
[47.629s][info][gc,heap     ] GC(57) Allocated:         -               396M (32%)         396M (32%)         406M (32%)            -                  -          
[47.629s][info][gc,heap     ] GC(57)   Garbage:         -               535M (43%)          39M (3%)           31M (3%)             -                  -          
[47.629s][info][gc,heap     ] GC(57) Reclaimed:         -                  -               496M (40%)         504M (40%)            -                  -          
[47.629s][info][gc          ] GC(57) Garbage Collection (Allocation Rate) 752M(60%)->652M(52%)
[47.695s][info][gc,start    ] GC(58) Garbage Collection (Allocation Rate)
[47.700s][info][gc,phases   ] GC(58) Pause Mark Start 2.849ms
[48.133s][info][gc,phases   ] GC(58) Concurrent Mark 432.879ms
[48.137s][info][gc,phases   ] GC(58) Pause Mark End 0.461ms
[48.139s][info][gc,phases   ] GC(58) Concurrent Process Non-Strong References 1.503ms
[48.139s][info][gc,phases   ] GC(58) Concurrent Reset Relocation Set 0.003ms
[48.139s][info][gc,phases   ] GC(58) Concurrent Destroy Detached Pages 0.001ms
[48.140s][info][gc,phases   ] GC(58) Concurrent Select Relocation Set 1.624ms
[48.140s][info][gc,phases   ] GC(58) Concurrent Prepare Relocation Set 0.005ms
[48.143s][info][gc,phases   ] GC(58) Pause Relocate Start 2.361ms
[48.148s][info][gc,phases   ] GC(58) Concurrent Relocate 5.408ms
[48.148s][info][gc,load     ] GC(58) Load: 2.32/2.06/1.28
[48.148s][info][gc,mmu      ] GC(58) MMU: 2ms/0.0%, 5ms/0.0%, 10ms/0.0%, 20ms/32.4%, 50ms/73.0%, 100ms/86.5%
[48.148s][info][gc,marking  ] GC(58) Mark: 1 stripe(s), 2 proactive flush(es), 1 terminate flush(es), 0 completion(s), 0 continuation(s) 
[48.148s][info][gc,reloc    ] GC(58) Relocation: Successful, 6M relocated
[48.148s][info][gc,nmethod  ] GC(58) NMethods: 3130 registered, 0 unregistered
[48.148s][info][gc,metaspace] GC(58) Metaspace: 68M used, 71M capacity, 71M committed, 72M reserved
[48.148s][info][gc,ref      ] GC(58) Soft: 4689 encountered, 0 discovered, 0 enqueued
[48.148s][info][gc,ref      ] GC(58) Weak: 4666 encountered, 3538 discovered, 0 enqueued
[48.148s][info][gc,ref      ] GC(58) Final: 27 encountered, 0 discovered, 0 enqueued
[48.148s][info][gc,ref      ] GC(58) Phantom: 650 encountered, 646 discovered, 0 enqueued
[48.148s][info][gc,heap     ] GC(58)                Mark Start          Mark End        Relocate Start      Relocate End           High               Low         
[48.148s][info][gc,heap     ] GC(58)  Capacity:     1250M (100%)       1250M (100%)       1250M (100%)       1250M (100%)       1250M (100%)       1250M (100%)   
[48.148s][info][gc,heap     ] GC(58)   Reserve:       34M (3%)           34M (3%)           34M (3%)           34M (3%)           34M (3%)           34M (3%)     
[48.148s][info][gc,heap     ] GC(58)      Free:      446M (36%)          56M (4%)          570M (46%)         568M (45%)         570M (46%)          56M (4%)     
[48.148s][info][gc,heap     ] GC(58)      Used:      770M (62%)        1160M (93%)         646M (52%)         648M (52%)        1160M (93%)         646M (52%)    
[48.148s][info][gc,heap     ] GC(58)      Live:         -               216M (17%)         216M (17%)         216M (17%)            -                  -          
[48.148s][info][gc,heap     ] GC(58) Allocated:         -               390M (31%)         390M (31%)         402M (32%)            -                  -          
[48.148s][info][gc,heap     ] GC(58)   Garbage:         -               553M (44%)          39M (3%)           31M (3%)             -                  -          
[48.149s][info][gc,heap     ] GC(58) Reclaimed:         -                  -               514M (41%)         522M (42%)            -                  -          
[48.149s][info][gc          ] GC(58) Garbage Collection (Allocation Rate) 770M(62%)->648M(52%)
[48.194s][info][gc,start    ] GC(59) Garbage Collection (Allocation Rate)
[48.197s][info][gc,phases   ] GC(59) Pause Mark Start 3.003ms
[48.492s][info][gc,phases   ] GC(59) Concurrent Mark 294.685ms
[48.493s][info][gc,phases   ] GC(59) Pause Mark End 0.817ms
[48.497s][info][gc,phases   ] GC(59) Concurrent Process Non-Strong References 3.061ms
[48.497s][info][gc,phases   ] GC(59) Concurrent Reset Relocation Set 0.004ms
[48.497s][info][gc,phases   ] GC(59) Concurrent Destroy Detached Pages 0.001ms
[48.504s][info][gc,phases   ] GC(59) Concurrent Select Relocation Set 7.138ms
[48.504s][info][gc,phases   ] GC(59) Concurrent Prepare Relocation Set 0.008ms
[48.509s][info][gc,phases   ] GC(59) Pause Relocate Start 2.432ms
[48.511s][info][gc,phases   ] GC(59) Concurrent Relocate 1.669ms
[48.511s][info][gc,load     ] GC(59) Load: 2.32/2.06/1.28
[48.511s][info][gc,mmu      ] GC(59) MMU: 2ms/0.0%, 5ms/0.0%, 10ms/0.0%, 20ms/32.4%, 50ms/73.0%, 100ms/86.5%
[48.511s][info][gc,marking  ] GC(59) Mark: 1 stripe(s), 2 proactive flush(es), 1 terminate flush(es), 0 completion(s), 0 continuation(s) 
[48.511s][info][gc,reloc    ] GC(59) Relocation: Successful, 6M relocated
[48.511s][info][gc,nmethod  ] GC(59) NMethods: 3181 registered, 0 unregistered
[48.511s][info][gc,metaspace] GC(59) Metaspace: 68M used, 71M capacity, 71M committed, 72M reserved
[48.511s][info][gc,ref      ] GC(59) Soft: 4689 encountered, 0 discovered, 0 enqueued
[48.511s][info][gc,ref      ] GC(59) Weak: 4733 encountered, 3654 discovered, 7 enqueued
[48.511s][info][gc,ref      ] GC(59) Final: 27 encountered, 0 discovered, 0 enqueued
[48.511s][info][gc,ref      ] GC(59) Phantom: 651 encountered, 647 discovered, 0 enqueued
[48.511s][info][gc,heap     ] GC(59)                Mark Start          Mark End        Relocate Start      Relocate End           High               Low         
[48.511s][info][gc,heap     ] GC(59)  Capacity:     1250M (100%)       1250M (100%)       1250M (100%)       1250M (100%)       1250M (100%)       1250M (100%)   
[48.511s][info][gc,heap     ] GC(59)   Reserve:       34M (3%)           34M (3%)           34M (3%)           34M (3%)           34M (3%)           34M (3%)     
[48.511s][info][gc,heap     ] GC(59)      Free:      552M (44%)         548M (44%)         956M (76%)         964M (77%)         964M (77%)         548M (44%)    
[48.511s][info][gc,heap     ] GC(59)      Used:      664M (53%)         668M (53%)         260M (21%)         252M (20%)         668M (53%)         252M (20%)    
[48.511s][info][gc,heap     ] GC(59)      Live:         -               216M (17%)         216M (17%)         216M (17%)            -                  -          
[48.511s][info][gc,heap     ] GC(59) Allocated:         -                 4M (0%)            4M (0%)            6M (0%)             -                  -          
[48.511s][info][gc,heap     ] GC(59)   Garbage:         -               447M (36%)          39M (3%)           31M (2%)             -                  -          
[48.511s][info][gc,heap     ] GC(59) Reclaimed:         -                  -               408M (33%)         416M (33%)            -                  -          
[48.511s][info][gc          ] GC(59) Garbage Collection (Allocation Rate) 664M(53%)->252M(20%)
[48.511s][info][gc,start    ] GC(60) Garbage Collection (System.gc())
[48.518s][info][gc,phases   ] GC(60) Pause Mark Start 2.847ms
[48.735s][info][gc,phases   ] GC(60) Concurrent Mark 216.400ms
[48.736s][info][gc,phases   ] GC(60) Pause Mark End 0.467ms
[48.738s][info][gc,phases   ] GC(60) Concurrent Process Non-Strong References 1.452ms
[48.740s][info][gc,phases   ] GC(60) Concurrent Reset Relocation Set 0.004ms
[48.740s][info][gc,phases   ] GC(60) Concurrent Destroy Detached Pages 0.000ms
[48.742s][info][gc,phases   ] GC(60) Concurrent Select Relocation Set 2.047ms
[48.742s][info][gc,phases   ] GC(60) Concurrent Prepare Relocation Set 0.036ms
[48.748s][info][gc,phases   ] GC(60) Pause Relocate Start 2.711ms
[48.751s][info][gc,phases   ] GC(60) Concurrent Relocate 1.920ms
[48.751s][info][gc,load     ] GC(60) Load: 2.32/2.06/1.28
[48.751s][info][gc,mmu      ] GC(60) MMU: 2ms/0.0%, 5ms/0.0%, 10ms/0.0%, 20ms/32.4%, 50ms/73.0%, 100ms/86.5%
[48.751s][info][gc,marking  ] GC(60) Mark: 1 stripe(s), 2 proactive flush(es), 1 terminate flush(es), 0 completion(s), 0 continuation(s) 
[48.751s][info][gc,reloc    ] GC(60) Relocation: Successful, 6M relocated
[48.751s][info][gc,nmethod  ] GC(60) NMethods: 3183 registered, 0 unregistered
[48.751s][info][gc,metaspace] GC(60) Metaspace: 68M used, 71M capacity, 72M committed, 74M reserved
[48.751s][info][gc,ref      ] GC(60) Soft: 4688 encountered, 0 discovered, 0 enqueued
[48.751s][info][gc,ref      ] GC(60) Weak: 4738 encountered, 3659 discovered, 113 enqueued
[48.751s][info][gc,ref      ] GC(60) Final: 27 encountered, 0 discovered, 0 enqueued
[48.751s][info][gc,ref      ] GC(60) Phantom: 650 encountered, 646 discovered, 0 enqueued
[48.751s][info][gc,heap     ] GC(60)                Mark Start          Mark End        Relocate Start      Relocate End           High               Low         
[48.751s][info][gc,heap     ] GC(60)  Capacity:     1250M (100%)       1250M (100%)       1250M (100%)       1250M (100%)       1250M (100%)       1250M (100%)   
[48.751s][info][gc,heap     ] GC(60)   Reserve:       34M (3%)           34M (3%)           34M (3%)           34M (3%)           34M (3%)           34M (3%)     
[48.751s][info][gc,heap     ] GC(60)      Free:      964M (77%)         962M (77%)         962M (77%)         966M (77%)         966M (77%)         958M (77%)    
[48.751s][info][gc,heap     ] GC(60)      Used:      252M (20%)         254M (20%)         254M (20%)         250M (20%)         258M (21%)         250M (20%)    
[48.751s][info][gc,heap     ] GC(60)      Live:         -               216M (17%)         216M (17%)         216M (17%)            -                  -          
[48.751s][info][gc,heap     ] GC(60) Allocated:         -                 2M (0%)            2M (0%)            6M (0%)             -                  -          
[48.751s][info][gc,heap     ] GC(60)   Garbage:         -                35M (3%)           35M (3%)           31M (3%)             -                  -          
[48.751s][info][gc,heap     ] GC(60) Reclaimed:         -                  -                 0M (0%)            4M (0%)             -                  -          
[48.751s][info][gc          ] GC(60) Garbage Collection (System.gc()) 252M(20%)->250M(20%)
[49.495s][info][gc,start    ] GC(61) Garbage Collection (Allocation Rate)
[49.505s][info][gc,phases   ] GC(61) Pause Mark Start 2.960ms
[50.050s][info][gc,phases   ] GC(61) Concurrent Mark 545.297ms
[50.054s][info][gc,phases   ] GC(61) Pause Mark End 0.478ms
[50.055s][info][gc,phases   ] GC(61) Concurrent Process Non-Strong References 1.633ms
[50.055s][info][gc,phases   ] GC(61) Concurrent Reset Relocation Set 0.003ms
[50.055s][info][gc,phases   ] GC(61) Concurrent Destroy Detached Pages 0.000ms
[50.057s][info][gc,phases   ] GC(61) Concurrent Select Relocation Set 1.589ms
[50.057s][info][gc,phases   ] GC(61) Concurrent Prepare Relocation Set 0.016ms
[50.060s][info][gc,phases   ] GC(61) Pause Relocate Start 2.434ms
[50.065s][info][gc,phases   ] GC(61) Concurrent Relocate 4.219ms
[50.065s][info][gc,load     ] GC(61) Load: 2.32/2.06/1.28
[50.065s][info][gc,mmu      ] GC(61) MMU: 2ms/0.0%, 5ms/0.0%, 10ms/0.0%, 20ms/32.4%, 50ms/73.0%, 100ms/86.5%
[50.065s][info][gc,marking  ] GC(61) Mark: 1 stripe(s), 2 proactive flush(es), 1 terminate flush(es), 0 completion(s), 0 continuation(s) 
[50.065s][info][gc,reloc    ] GC(61) Relocation: Successful, 5M relocated
[50.065s][info][gc,nmethod  ] GC(61) NMethods: 3253 registered, 0 unregistered
[50.065s][info][gc,metaspace] GC(61) Metaspace: 68M used, 71M capacity, 72M committed, 74M reserved
[50.065s][info][gc,ref      ] GC(61) Soft: 4694 encountered, 0 discovered, 0 enqueued
[50.065s][info][gc,ref      ] GC(61) Weak: 4774 encountered, 3637 discovered, 72 enqueued
[50.065s][info][gc,ref      ] GC(61) Final: 27 encountered, 0 discovered, 0 enqueued
[50.065s][info][gc,ref      ] GC(61) Phantom: 650 encountered, 646 discovered, 0 enqueued
[50.065s][info][gc,heap     ] GC(61)                Mark Start          Mark End        Relocate Start      Relocate End           High               Low         
[50.065s][info][gc,heap     ] GC(61)  Capacity:     1250M (100%)       1250M (100%)       1250M (100%)       1250M (100%)       1250M (100%)       1250M (100%)   
[50.065s][info][gc,heap     ] GC(61)   Reserve:       34M (3%)           34M (3%)           34M (3%)           34M (3%)           34M (3%)           34M (3%)     
[50.065s][info][gc,heap     ] GC(61)      Free:      520M (42%)         132M (11%)         554M (44%)         572M (46%)         572M (46%)         132M (11%)    
[50.065s][info][gc,heap     ] GC(61)      Used:      696M (56%)        1084M (87%)         662M (53%)         644M (52%)        1084M (87%)         644M (52%)    
[50.065s][info][gc,heap     ] GC(61)      Live:         -               216M (17%)         216M (17%)         216M (17%)            -                  -          
[50.065s][info][gc,heap     ] GC(61) Allocated:         -               388M (31%)         388M (31%)         398M (32%)            -                  -          
[50.065s][info][gc,heap     ] GC(61)   Garbage:         -               479M (38%)          57M (5%)           35M (3%)             -                  -          
[50.065s][info][gc,heap     ] GC(61) Reclaimed:         -                  -               422M (34%)         444M (36%)            -                  -          
[50.065s][info][gc          ] GC(61) Garbage Collection (Allocation Rate) 696M(56%)->644M(52%)
[50.093s][info][gc,stats    ] === Garbage Collection Statistics =======================================================================================================================
[50.093s][info][gc,stats    ]                                                              Last 10s              Last 10m              Last 10h                Total
[50.093s][info][gc,stats    ]                                                              Avg / Max             Avg / Max             Avg / Max             Avg / Max
[50.093s][info][gc,stats    ]   Collector: Garbage Collection Cycle                    452.053 / 642.618     553.100 / 2055.681    553.100 / 2055.681    553.100 / 2055.681    ms
[50.093s][info][gc,stats    ]  Contention: Mark Segment Reset Contention                     0 / 0                 0 / 0                 0 / 0                 0 / 0           ops/s
[50.093s][info][gc,stats    ]  Contention: Mark SeqNum Reset Contention                      0 / 0                 0 / 0                 0 / 0                 0 / 0           ops/s
[50.093s][info][gc,stats    ]  Contention: Relocation Contention                             0 / 0                 0 / 0                 0 / 0                 0 / 0           ops/s
[50.093s][info][gc,stats    ]    Critical: Allocation Stall                              0.000 / 0.000        33.764 / 48.367       33.764 / 48.367       33.764 / 48.367      ms
[50.093s][info][gc,stats    ]    Critical: Allocation Stall                                  0 / 0                 0 / 1                 0 / 1                 0 / 1           ops/s
[50.093s][info][gc,stats    ]    Critical: GC Locker Stall                               0.000 / 0.000         0.008 / 0.008         0.008 / 0.008         0.008 / 0.008       ms
[50.093s][info][gc,stats    ]    Critical: GC Locker Stall                                   0 / 0                 0 / 1                 0 / 1                 0 / 1           ops/s
[50.093s][info][gc,stats    ]      Memory: Allocation Rate                                 653 / 934             463 / 1090            463 / 1090            463 / 1090        MB/s
[50.093s][info][gc,stats    ]      Memory: Heap Used After Mark                            900 / 1160            842 / 1216            842 / 1216            842 / 1216        MB
[50.093s][info][gc,stats    ]      Memory: Heap Used After Relocation                      524 / 654             503 / 756             503 / 756             503 / 756         MB
[50.093s][info][gc,stats    ]      Memory: Heap Used Before Mark                           624 / 798             583 / 858             583 / 858             583 / 858         MB
[50.093s][info][gc,stats    ]      Memory: Heap Used Before Relocation                     532 / 666             543 / 1080            543 / 1080            543 / 1080        MB
[50.093s][info][gc,stats    ]      Memory: Out Of Memory                                     0 / 0                 0 / 0                 0 / 0                 0 / 0           ops/s
[50.093s][info][gc,stats    ]      Memory: Page Cache Flush                                  0 / 0                 5 / 76                5 / 76                5 / 76          MB/s
[50.093s][info][gc,stats    ]      Memory: Page Cache Hit L1                               322 / 469             218 / 509             218 / 509             218 / 509         ops/s
[50.093s][info][gc,stats    ]      Memory: Page Cache Hit L2                                 0 / 0                 0 / 0                 0 / 0                 0 / 0           ops/s
[50.093s][info][gc,stats    ]      Memory: Page Cache Miss                                   0 / 0                12 / 170              12 / 170              12 / 170         ops/s
[50.093s][info][gc,stats    ]      Memory: Undo Object Allocation Failed                     0 / 0                 0 / 0                 0 / 0                 0 / 0           ops/s
[50.093s][info][gc,stats    ]      Memory: Undo Object Allocation Succeeded                  0 / 0                 0 / 0                 0 / 0                 0 / 0           ops/s
[50.093s][info][gc,stats    ]      Memory: Undo Page Allocation                              0 / 0                 0 / 1                 0 / 1                 0 / 1           ops/s
[50.093s][info][gc,stats    ]       Phase: Concurrent Destroy Detached Pages             0.001 / 0.002         0.001 / 0.027         0.001 / 0.027         0.001 / 0.027       ms
[50.093s][info][gc,stats    ]       Phase: Concurrent Mark                             429.431 / 616.427     468.402 / 1181.984    468.402 / 1181.984    468.402 / 1181.984    ms
[50.093s][info][gc,stats    ]       Phase: Concurrent Mark Continue                      0.000 / 0.000         0.000 / 0.000         0.000 / 0.000         0.000 / 0.000       ms
[50.093s][info][gc,stats    ]       Phase: Concurrent Prepare Relocation Set             0.008 / 0.036         2.284 / 63.406        2.284 / 63.406        2.284 / 63.406      ms
[50.093s][info][gc,stats    ]       Phase: Concurrent Process Non-Strong References      1.769 / 3.837         1.961 / 7.883         1.961 / 7.883         1.961 / 7.883       ms
[50.093s][info][gc,stats    ]       Phase: Concurrent Relocate                           3.840 / 7.956        63.991 / 924.010      63.991 / 924.010      63.991 / 924.010     ms
[50.093s][info][gc,stats    ]       Phase: Concurrent Reset Relocation Set               0.004 / 0.009         0.043 / 0.556         0.043 / 0.556         0.043 / 0.556       ms
[50.093s][info][gc,stats    ]       Phase: Concurrent Select Relocation Set              3.013 / 8.039         2.516 / 8.039         2.516 / 8.039         2.516 / 8.039       ms
[50.093s][info][gc,stats    ]       Phase: Pause Mark End                                0.495 / 0.826         0.347 / 0.826         0.347 / 0.826         0.347 / 0.826       ms
[50.093s][info][gc,stats    ]       Phase: Pause Mark Start                              2.784 / 3.003         2.614 / 5.379         2.614 / 5.379         2.614 / 5.379       ms
[50.093s][info][gc,stats    ]       Phase: Pause Relocate Start                          2.657 / 4.723         2.526 / 13.288        2.526 / 13.288        2.526 / 13.288      ms
[50.093s][info][gc,stats    ]    Subphase: Concurrent Mark                             428.504 / 610.721     467.161 / 1181.948    467.161 / 1181.948    467.161 / 1181.948    ms
[50.093s][info][gc,stats    ]    Subphase: Concurrent Mark Idle                          0.000 / 0.000         0.000 / 0.000         0.000 / 0.000         0.000 / 0.000       ms
[50.093s][info][gc,stats    ]    Subphase: Concurrent Mark Try Flush                     1.598 / 8.914         1.646 / 13.109        1.646 / 13.109        1.646 / 13.109      ms
[50.093s][info][gc,stats    ]    Subphase: Concurrent Mark Try Terminate                 0.512 / 7.801         0.555 / 7.801         0.555 / 7.801         0.555 / 7.801       ms
[50.093s][info][gc,stats    ]    Subphase: Concurrent References Enqueue                 0.002 / 0.005         0.002 / 0.006         0.002 / 0.006         0.002 / 0.006       ms
[50.093s][info][gc,stats    ]    Subphase: Concurrent References Process                 0.804 / 1.756         0.759 / 4.946         0.759 / 4.946         0.759 / 4.946       ms
[50.093s][info][gc,stats    ]    Subphase: Concurrent Weak Roots                         0.950 / 2.043         0.994 / 7.234         0.994 / 7.234         0.994 / 7.234       ms
[50.093s][info][gc,stats    ]    Subphase: Concurrent Weak Roots JNIWeakHandles          0.000 / 0.001         0.000 / 0.001         0.000 / 0.001         0.000 / 0.001       ms
[50.093s][info][gc,stats    ]    Subphase: Concurrent Weak Roots StringTable             0.717 / 1.621         0.776 / 6.953         0.776 / 6.953         0.776 / 6.953       ms
[50.093s][info][gc,stats    ]    Subphase: Concurrent Weak Roots VMWeakHandles           0.232 / 0.529         0.216 / 0.529         0.216 / 0.529         0.216 / 0.529       ms
[50.093s][info][gc,stats    ]    Subphase: Pause Mark Try Complete                       0.000 / 0.000         0.001 / 0.001         0.001 / 0.001         0.001 / 0.001       ms
[50.093s][info][gc,stats    ]    Subphase: Pause Remap TLABS                             0.003 / 0.015         0.002 / 0.015         0.002 / 0.015         0.002 / 0.015       ms
[50.093s][info][gc,stats    ]    Subphase: Pause Retire TLABS                            0.029 / 0.038         0.021 / 0.038         0.021 / 0.038         0.021 / 0.038       ms
[50.093s][info][gc,stats    ]    Subphase: Pause Roots                                   1.733 / 4.255         1.597 / 9.889         1.597 / 9.889         1.597 / 9.889       ms
[50.093s][info][gc,stats    ]    Subphase: Pause Roots ClassLoaderDataGraph              0.632 / 1.081         0.690 / 3.853         0.690 / 3.853         0.690 / 3.853       ms
[50.093s][info][gc,stats    ]    Subphase: Pause Roots CodeCache                         1.205 / 2.069         1.036 / 3.789         1.036 / 3.789         1.036 / 3.789       ms
[50.093s][info][gc,stats    ]    Subphase: Pause Roots JNIHandles                        0.001 / 0.001         0.001 / 0.004         0.001 / 0.004         0.001 / 0.004       ms
[50.093s][info][gc,stats    ]    Subphase: Pause Roots JNIWeakHandles                    0.000 / 0.000         0.000 / 0.000         0.000 / 0.000         0.000 / 0.000       ms
[50.093s][info][gc,stats    ]    Subphase: Pause Roots JRFWeak                           0.000 / 0.000         0.000 / 0.000         0.000 / 0.000         0.000 / 0.000       ms
[50.093s][info][gc,stats    ]    Subphase: Pause Roots JVMTIExport                       0.001 / 0.001         0.001 / 0.001         0.001 / 0.001         0.001 / 0.001       ms
[50.093s][info][gc,stats    ]    Subphase: Pause Roots JVMTIWeakExport                   0.001 / 0.001         0.001 / 0.001         0.001 / 0.001         0.001 / 0.001       ms
[50.093s][info][gc,stats    ]    Subphase: Pause Roots Management                        0.001 / 0.002         0.001 / 0.008         0.001 / 0.008         0.001 / 0.008       ms
[50.093s][info][gc,stats    ]    Subphase: Pause Roots ObjectSynchronizer                0.000 / 0.001         0.000 / 0.001         0.000 / 0.001         0.000 / 0.001       ms
[50.093s][info][gc,stats    ]    Subphase: Pause Roots Setup                             0.185 / 0.394         0.174 / 0.444         0.174 / 0.444         0.174 / 0.444       ms
[50.093s][info][gc,stats    ]    Subphase: Pause Roots StringTable                       0.000 / 0.000         0.000 / 0.000         0.000 / 0.000         0.000 / 0.000       ms
[50.093s][info][gc,stats    ]    Subphase: Pause Roots SystemDictionary                  0.012 / 0.021         0.026 / 1.621         0.026 / 1.621         0.026 / 1.621       ms
[50.093s][info][gc,stats    ]    Subphase: Pause Roots Teardown                          0.001 / 0.003         0.001 / 0.003         0.001 / 0.003         0.001 / 0.003       ms
[50.093s][info][gc,stats    ]    Subphase: Pause Roots Threads                           0.506 / 1.242         0.422 / 7.974         0.422 / 7.974         0.422 / 7.974       ms
[50.093s][info][gc,stats    ]    Subphase: Pause Roots Universe                          0.002 / 0.005         0.005 / 0.336         0.005 / 0.336         0.005 / 0.336       ms
[50.093s][info][gc,stats    ]    Subphase: Pause Roots VMWeakHandles                     0.000 / 0.000         0.000 / 0.000         0.000 / 0.000         0.000 / 0.000       ms
[50.093s][info][gc,stats    ]    Subphase: Pause Weak Roots                              0.002 / 0.002         0.002 / 0.015         0.002 / 0.015         0.002 / 0.015       ms
[50.093s][info][gc,stats    ]    Subphase: Pause Weak Roots JFRWeak                      0.001 / 0.001         0.001 / 0.001         0.001 / 0.001         0.001 / 0.001       ms
[50.093s][info][gc,stats    ]    Subphase: Pause Weak Roots JNIWeakHandles               0.000 / 0.000         0.000 / 0.000         0.000 / 0.000         0.000 / 0.000       ms
[50.093s][info][gc,stats    ]    Subphase: Pause Weak Roots JVMTIWeakExport              0.001 / 0.001         0.001 / 0.014         0.001 / 0.014         0.001 / 0.014       ms
[50.093s][info][gc,stats    ]    Subphase: Pause Weak Roots Setup                        0.000 / 0.000         0.000 / 0.000         0.000 / 0.000         0.000 / 0.000       ms
[50.093s][info][gc,stats    ]    Subphase: Pause Weak Roots StringTable                  0.000 / 0.000         0.000 / 0.000         0.000 / 0.000         0.000 / 0.000       ms
[50.093s][info][gc,stats    ]    Subphase: Pause Weak Roots SymbolTable                  0.000 / 0.000         0.000 / 0.000         0.000 / 0.000         0.000 / 0.000       ms
[50.093s][info][gc,stats    ]    Subphase: Pause Weak Roots Teardown                     0.001 / 0.014         0.001 / 0.014         0.001 / 0.014         0.001 / 0.014       ms
[50.093s][info][gc,stats    ]    Subphase: Pause Weak Roots VMWeakHandles                0.000 / 0.000         0.000 / 0.000         0.000 / 0.000         0.000 / 0.000       ms
[50.093s][info][gc,stats    ]      System: Java Threads                                    163 / 192             102 / 192             102 / 192             102 / 192         threads
[50.093s][info][gc,stats    ] =========================================================================================================================================================
[50.094s][info][gc,start    ] GC(62) Garbage Collection (Allocation Rate)
[50.100s][info][gc,phases   ] GC(62) Pause Mark Start 3.007ms
[50.522s][info][gc,phases   ] GC(62) Concurrent Mark 421.724ms
[50.526s][info][gc,phases   ] GC(62) Pause Mark End 0.505ms
[50.527s][info][gc,phases   ] GC(62) Concurrent Process Non-Strong References 1.451ms
[50.527s][info][gc,phases   ] GC(62) Concurrent Reset Relocation Set 0.004ms
[50.527s][info][gc,phases   ] GC(62) Concurrent Destroy Detached Pages 0.000ms
[50.529s][info][gc,phases   ] GC(62) Concurrent Select Relocation Set 1.615ms
[50.529s][info][gc,phases   ] GC(62) Concurrent Prepare Relocation Set 0.006ms
[50.532s][info][gc,phases   ] GC(62) Pause Relocate Start 2.422ms
[50.536s][info][gc,phases   ] GC(62) Concurrent Relocate 4.077ms
[50.536s][info][gc,load     ] GC(62) Load: 2.32/2.06/1.28
[50.536s][info][gc,mmu      ] GC(62) MMU: 2ms/0.0%, 5ms/0.0%, 10ms/0.0%, 20ms/32.4%, 50ms/73.0%, 100ms/86.5%
[50.536s][info][gc,marking  ] GC(62) Mark: 1 stripe(s), 2 proactive flush(es), 1 terminate flush(es), 0 completion(s), 0 continuation(s) 
[50.536s][info][gc,reloc    ] GC(62) Relocation: Successful, 5M relocated
[50.536s][info][gc,nmethod  ] GC(62) NMethods: 3255 registered, 0 unregistered
[50.536s][info][gc,metaspace] GC(62) Metaspace: 68M used, 71M capacity, 72M committed, 74M reserved
[50.536s][info][gc,ref      ] GC(62) Soft: 4694 encountered, 0 discovered, 0 enqueued
[50.536s][info][gc,ref      ] GC(62) Weak: 4710 encountered, 3583 discovered, 14 enqueued
[50.536s][info][gc,ref      ] GC(62) Final: 27 encountered, 0 discovered, 0 enqueued
[50.536s][info][gc,ref      ] GC(62) Phantom: 650 encountered, 646 discovered, 0 enqueued
[50.536s][info][gc,heap     ] GC(62)                Mark Start          Mark End        Relocate Start      Relocate End           High               Low         
[50.536s][info][gc,heap     ] GC(62)  Capacity:     1250M (100%)       1250M (100%)       1250M (100%)       1250M (100%)       1250M (100%)       1250M (100%)   
[50.536s][info][gc,heap     ] GC(62)   Reserve:       34M (3%)           34M (3%)           34M (3%)           34M (3%)           34M (3%)           34M (3%)     
[50.536s][info][gc,heap     ] GC(62)      Free:      524M (42%)         130M (10%)         554M (44%)         568M (45%)         568M (45%)         130M (10%)    
[50.536s][info][gc,heap     ] GC(62)      Used:      692M (55%)        1086M (87%)         662M (53%)         648M (52%)        1086M (87%)         648M (52%)    
[50.536s][info][gc,heap     ] GC(62)      Live:         -               216M (17%)         216M (17%)         216M (17%)            -                  -          
[50.536s][info][gc,heap     ] GC(62) Allocated:         -               394M (32%)         394M (32%)         402M (32%)            -                  -          
[50.536s][info][gc,heap     ] GC(62)   Garbage:         -               475M (38%)          51M (4%)           31M (2%)             -                  -          
[50.536s][info][gc,heap     ] GC(62) Reclaimed:         -                  -               424M (34%)         444M (36%)            -                  -          
[50.536s][info][gc          ] GC(62) Garbage Collection (Allocation Rate) 692M(55%)->648M(52%)
[50.594s][info][gc,start    ] GC(63) Garbage Collection (Allocation Rate)
[50.601s][info][gc,phases   ] GC(63) Pause Mark Start 2.958ms
[51.138s][info][gc,phases   ] GC(63) Concurrent Mark 537.119ms
[51.141s][info][gc,phases   ] GC(63) Pause Mark End 0.485ms
[51.144s][info][gc,phases   ] GC(63) Concurrent Process Non-Strong References 2.797ms
[51.144s][info][gc,phases   ] GC(63) Concurrent Reset Relocation Set 0.004ms
[51.144s][info][gc,phases   ] GC(63) Concurrent Destroy Detached Pages 0.001ms
[51.146s][info][gc,phases   ] GC(63) Concurrent Select Relocation Set 1.696ms
[51.146s][info][gc,phases   ] GC(63) Concurrent Prepare Relocation Set 0.003ms
[51.151s][info][gc,phases   ] GC(63) Pause Relocate Start 4.974ms
[51.156s][info][gc,phases   ] GC(63) Concurrent Relocate 0.182ms
[51.156s][info][gc,load     ] GC(63) Load: 2.32/2.06/1.28
[51.156s][info][gc,mmu      ] GC(63) MMU: 2ms/0.0%, 5ms/0.0%, 10ms/0.0%, 20ms/32.4%, 50ms/73.0%, 100ms/86.5%
[51.156s][info][gc,marking  ] GC(63) Mark: 1 stripe(s), 2 proactive flush(es), 1 terminate flush(es), 0 completion(s), 0 continuation(s) 
[51.156s][info][gc,reloc    ] GC(63) Relocation: Successful, 5M relocated
[51.156s][info][gc,nmethod  ] GC(63) NMethods: 3255 registered, 0 unregistered
[51.156s][info][gc,metaspace] GC(63) Metaspace: 68M used, 71M capacity, 72M committed, 74M reserved
[51.156s][info][gc,ref      ] GC(63) Soft: 4694 encountered, 0 discovered, 0 enqueued
[51.156s][info][gc,ref      ] GC(63) Weak: 4696 encountered, 3569 discovered, 0 enqueued
[51.156s][info][gc,ref      ] GC(63) Final: 27 encountered, 0 discovered, 0 enqueued
[51.156s][info][gc,ref      ] GC(63) Phantom: 650 encountered, 646 discovered, 0 enqueued
[51.156s][info][gc,heap     ] GC(63)                Mark Start          Mark End        Relocate Start      Relocate End           High               Low         
[51.156s][info][gc,heap     ] GC(63)  Capacity:     1250M (100%)       1250M (100%)       1250M (100%)       1250M (100%)       1250M (100%)       1250M (100%)   
[51.156s][info][gc,heap     ] GC(63)   Reserve:       34M (3%)           34M (3%)           34M (3%)           34M (3%)           34M (3%)           34M (3%)     
[51.156s][info][gc,heap     ] GC(63)      Free:      464M (37%)          72M (6%)          568M (45%)         568M (45%)         568M (45%)          72M (6%)     
[51.156s][info][gc,heap     ] GC(63)      Used:      752M (60%)        1144M (92%)         648M (52%)         648M (52%)        1144M (92%)         648M (52%)    
[51.156s][info][gc,heap     ] GC(63)      Live:         -               216M (17%)         216M (17%)         216M (17%)            -                  -          
[51.156s][info][gc,heap     ] GC(63) Allocated:         -               392M (31%)         392M (31%)         402M (32%)            -                  -          
[51.156s][info][gc,heap     ] GC(63)   Garbage:         -               535M (43%)          39M (3%)           33M (3%)             -                  -          
[51.156s][info][gc,heap     ] GC(63) Reclaimed:         -                  -               496M (40%)         502M (40%)            -                  -          
[51.156s][info][gc          ] GC(63) Garbage Collection (Allocation Rate) 752M(60%)->648M(52%)
[51.194s][info][gc,start    ] GC(64) Garbage Collection (Allocation Rate)
[51.201s][info][gc,phases   ] GC(64) Pause Mark Start 3.028ms
[51.677s][info][gc,phases   ] GC(64) Concurrent Mark 476.503ms
[51.681s][info][gc,phases   ] GC(64) Pause Mark End 0.490ms
[51.682s][info][gc,phases   ] GC(64) Concurrent Process Non-Strong References 1.447ms
[51.682s][info][gc,phases   ] GC(64) Concurrent Reset Relocation Set 0.002ms
[51.682s][info][gc,phases   ] GC(64) Concurrent Destroy Detached Pages 0.000ms
[51.684s][info][gc,phases   ] GC(64) Concurrent Select Relocation Set 1.959ms
[51.684s][info][gc,phases   ] GC(64) Concurrent Prepare Relocation Set 0.004ms
[51.687s][info][gc,phases   ] GC(64) Pause Relocate Start 2.517ms
[51.689s][info][gc,phases   ] GC(64) Concurrent Relocate 1.882ms
[51.689s][info][gc,load     ] GC(64) Load: 2.32/2.06/1.28
[51.689s][info][gc,mmu      ] GC(64) MMU: 2ms/0.0%, 5ms/0.0%, 10ms/0.0%, 20ms/32.4%, 50ms/73.0%, 100ms/86.5%
[51.689s][info][gc,marking  ] GC(64) Mark: 1 stripe(s), 2 proactive flush(es), 1 terminate flush(es), 0 completion(s), 0 continuation(s) 
[51.689s][info][gc,reloc    ] GC(64) Relocation: Successful, 5M relocated
[51.689s][info][gc,nmethod  ] GC(64) NMethods: 3255 registered, 0 unregistered
[51.689s][info][gc,metaspace] GC(64) Metaspace: 68M used, 71M capacity, 72M committed, 74M reserved
[51.689s][info][gc,ref      ] GC(64) Soft: 4694 encountered, 0 discovered, 0 enqueued
[51.689s][info][gc,ref      ] GC(64) Weak: 4696 encountered, 3569 discovered, 0 enqueued
[51.689s][info][gc,ref      ] GC(64) Final: 27 encountered, 0 discovered, 0 enqueued
[51.689s][info][gc,ref      ] GC(64) Phantom: 650 encountered, 646 discovered, 0 enqueued
[51.689s][info][gc,heap     ] GC(64)                Mark Start          Mark End        Relocate Start      Relocate End           High               Low         
[51.689s][info][gc,heap     ] GC(64)  Capacity:     1250M (100%)       1250M (100%)       1250M (100%)       1250M (100%)       1250M (100%)       1250M (100%)   
[51.689s][info][gc,heap     ] GC(64)   Reserve:       34M (3%)           34M (3%)           34M (3%)           34M (3%)           34M (3%)           34M (3%)     
[51.689s][info][gc,heap     ] GC(64)      Free:      502M (40%)         106M (8%)          562M (45%)         568M (45%)         568M (45%)         106M (8%)     
[51.689s][info][gc,heap     ] GC(64)      Used:      714M (57%)        1110M (89%)         654M (52%)         648M (52%)        1110M (89%)         648M (52%)    
[51.689s][info][gc,heap     ] GC(64)      Live:         -               216M (17%)         216M (17%)         216M (17%)            -                  -          
[51.689s][info][gc,heap     ] GC(64) Allocated:         -               396M (32%)         396M (32%)         402M (32%)            -                  -          
[51.689s][info][gc,heap     ] GC(64)   Garbage:         -               497M (40%)          41M (3%)           31M (2%)             -                  -          
[51.689s][info][gc,heap     ] GC(64) Reclaimed:         -                  -               456M (36%)         466M (37%)            -                  -          
[51.689s][info][gc          ] GC(64) Garbage Collection (Allocation Rate) 714M(57%)->648M(52%)
[51.695s][info][gc,start    ] GC(65) Garbage Collection (Allocation Rate)
[51.700s][info][gc,phases   ] GC(65) Pause Mark Start 2.697ms
[52.164s][info][gc,phases   ] GC(65) Concurrent Mark 463.695ms
[52.171s][info][gc,phases   ] GC(65) Pause Mark End 0.531ms
[52.173s][info][gc,phases   ] GC(65) Concurrent Process Non-Strong References 1.463ms
[52.173s][info][gc,phases   ] GC(65) Concurrent Reset Relocation Set 0.004ms
[52.173s][info][gc,phases   ] GC(65) Concurrent Destroy Detached Pages 0.001ms
[52.175s][info][gc,phases   ] GC(65) Concurrent Select Relocation Set 2.426ms
[52.175s][info][gc,phases   ] GC(65) Concurrent Prepare Relocation Set 0.005ms
[52.178s][info][gc,phases   ] GC(65) Pause Relocate Start 2.438ms
[52.183s][info][gc,phases   ] GC(65) Concurrent Relocate 5.271ms
[52.184s][info][gc,load     ] GC(65) Load: 2.32/2.06/1.28
[52.184s][info][gc,mmu      ] GC(65) MMU: 2ms/0.0%, 5ms/0.0%, 10ms/0.0%, 20ms/32.4%, 50ms/73.0%, 100ms/86.5%
[52.184s][info][gc,marking  ] GC(65) Mark: 1 stripe(s), 2 proactive flush(es), 1 terminate flush(es), 1 completion(s), 0 continuation(s) 
[52.184s][info][gc,reloc    ] GC(65) Relocation: Successful, 5M relocated
[52.184s][info][gc,nmethod  ] GC(65) NMethods: 3282 registered, 0 unregistered
[52.184s][info][gc,metaspace] GC(65) Metaspace: 68M used, 71M capacity, 72M committed, 74M reserved
[52.184s][info][gc,ref      ] GC(65) Soft: 4694 encountered, 0 discovered, 0 enqueued
[52.184s][info][gc,ref      ] GC(65) Weak: 4696 encountered, 3567 discovered, 0 enqueued
[52.184s][info][gc,ref      ] GC(65) Final: 27 encountered, 0 discovered, 0 enqueued
[52.184s][info][gc,ref      ] GC(65) Phantom: 650 encountered, 646 discovered, 0 enqueued
[52.184s][info][gc,heap     ] GC(65)                Mark Start          Mark End        Relocate Start      Relocate End           High               Low         
[52.184s][info][gc,heap     ] GC(65)  Capacity:     1250M (100%)       1250M (100%)       1250M (100%)       1250M (100%)       1250M (100%)       1250M (100%)   
[52.184s][info][gc,heap     ] GC(65)   Reserve:       34M (3%)           34M (3%)           34M (3%)           34M (3%)           34M (3%)           34M (3%)     
[52.184s][info][gc,heap     ] GC(65)      Free:      560M (45%)         182M (15%)         582M (47%)         590M (47%)         590M (47%)         182M (15%)    
[52.184s][info][gc,heap     ] GC(65)      Used:      656M (52%)        1034M (83%)         634M (51%)         626M (50%)        1034M (83%)         626M (50%)    
[52.184s][info][gc,heap     ] GC(65)      Live:         -               216M (17%)         216M (17%)         216M (17%)            -                  -          
[52.184s][info][gc,heap     ] GC(65) Allocated:         -               378M (30%)         378M (30%)         380M (30%)            -                  -          
[52.184s][info][gc,heap     ] GC(65)   Garbage:         -               439M (35%)          39M (3%)           31M (2%)             -                  -          
[52.184s][info][gc,heap     ] GC(65) Reclaimed:         -                  -               400M (32%)         408M (33%)            -                  -          
[52.184s][info][gc          ] GC(65) Garbage Collection (Allocation Rate) 656M(52%)->626M(50%)
[52.184s][info][gc,start    ] GC(66) Garbage Collection (System.gc())
[52.194s][info][gc,phases   ] GC(66) Pause Mark Start 9.961ms
[52.505s][info][gc,phases   ] GC(66) Concurrent Mark 310.585ms
[52.506s][info][gc,phases   ] GC(66) Pause Mark End 0.459ms
[52.507s][info][gc,phases   ] GC(66) Concurrent Process Non-Strong References 1.413ms
[52.507s][info][gc,phases   ] GC(66) Concurrent Reset Relocation Set 0.003ms
[52.507s][info][gc,phases   ] GC(66) Concurrent Destroy Detached Pages 0.000ms
[52.510s][info][gc,phases   ] GC(66) Concurrent Select Relocation Set 3.224ms
[52.510s][info][gc,phases   ] GC(66) Concurrent Prepare Relocation Set 0.004ms
[52.516s][info][gc,phases   ] GC(66) Pause Relocate Start 2.529ms
[52.517s][info][gc,phases   ] GC(66) Concurrent Relocate 1.059ms
[52.517s][info][gc,load     ] GC(66) Load: 2.32/2.06/1.28
[52.517s][info][gc,mmu      ] GC(66) MMU: 2ms/0.0%, 5ms/0.0%, 10ms/0.0%, 20ms/32.4%, 50ms/73.0%, 100ms/86.5%
[52.517s][info][gc,marking  ] GC(66) Mark: 1 stripe(s), 2 proactive flush(es), 1 terminate flush(es), 0 completion(s), 0 continuation(s) 
[52.517s][info][gc,reloc    ] GC(66) Relocation: Successful, 5M relocated
[52.517s][info][gc,nmethod  ] GC(66) NMethods: 3286 registered, 0 unregistered
[52.517s][info][gc,metaspace] GC(66) Metaspace: 68M used, 71M capacity, 72M committed, 74M reserved
[52.517s][info][gc,ref      ] GC(66) Soft: 4694 encountered, 0 discovered, 0 enqueued
[52.517s][info][gc,ref      ] GC(66) Weak: 4754 encountered, 3685 discovered, 118 enqueued
[52.517s][info][gc,ref      ] GC(66) Final: 27 encountered, 0 discovered, 0 enqueued
[52.517s][info][gc,ref      ] GC(66) Phantom: 650 encountered, 646 discovered, 0 enqueued
[52.517s][info][gc,heap     ] GC(66)                Mark Start          Mark End        Relocate Start      Relocate End           High               Low         
[52.517s][info][gc,heap     ] GC(66)  Capacity:     1250M (100%)       1250M (100%)       1250M (100%)       1250M (100%)       1250M (100%)       1250M (100%)   
[52.517s][info][gc,heap     ] GC(66)   Reserve:       34M (3%)           34M (3%)           34M (3%)           34M (3%)           34M (3%)           34M (3%)     
[52.517s][info][gc,heap     ] GC(66)      Free:      590M (47%)         588M (47%)         960M (77%)         964M (77%)         964M (77%)         588M (47%)    
[52.517s][info][gc,heap     ] GC(66)      Used:      626M (50%)         628M (50%)         256M (20%)         252M (20%)         628M (50%)         252M (20%)    
[52.517s][info][gc,heap     ] GC(66)      Live:         -               216M (17%)         216M (17%)         216M (17%)            -                  -          
[52.517s][info][gc,heap     ] GC(66) Allocated:         -                 2M (0%)            2M (0%)            6M (0%)             -                  -          
[52.517s][info][gc,heap     ] GC(66)   Garbage:         -               409M (33%)          37M (3%)           33M (3%)             -                  -          
[52.517s][info][gc,heap     ] GC(66) Reclaimed:         -                  -               372M (30%)         376M (30%)            -                  -          
[52.517s][info][gc          ] GC(66) Garbage Collection (System.gc()) 626M(50%)->252M(20%)
[52.794s][info][gc,start    ] GC(67) Garbage Collection (Allocation Rate)
[52.801s][info][gc,phases   ] GC(67) Pause Mark Start 3.080ms
[53.582s][info][gc,phases   ] GC(67) Concurrent Mark 780.326ms
[53.586s][info][gc,phases   ] GC(67) Pause Mark End 0.531ms
[53.588s][info][gc,phases   ] GC(67) Concurrent Process Non-Strong References 1.527ms
[53.589s][info][gc,phases   ] GC(67) Concurrent Reset Relocation Set 0.003ms
[53.589s][info][gc,phases   ] GC(67) Concurrent Destroy Detached Pages 0.000ms
[53.591s][info][gc,phases   ] GC(67) Concurrent Select Relocation Set 2.390ms
[53.591s][info][gc,phases   ] GC(67) Concurrent Prepare Relocation Set 0.008ms
[53.610s][info][gc,phases   ] GC(67) Pause Relocate Start 2.626ms
[53.616s][info][gc,phases   ] GC(67) Concurrent Relocate 6.118ms
[53.616s][info][gc,load     ] GC(67) Load: 2.85/2.17/1.32
[53.616s][info][gc,mmu      ] GC(67) MMU: 2ms/0.0%, 5ms/0.0%, 10ms/0.0%, 20ms/32.4%, 50ms/73.0%, 100ms/86.5%
[53.616s][info][gc,marking  ] GC(67) Mark: 1 stripe(s), 2 proactive flush(es), 1 terminate flush(es), 0 completion(s), 0 continuation(s) 
[53.616s][info][gc,reloc    ] GC(67) Relocation: Successful, 5M relocated
[53.616s][info][gc,nmethod  ] GC(67) NMethods: 3342 registered, 0 unregistered
[53.616s][info][gc,metaspace] GC(67) Metaspace: 68M used, 71M capacity, 72M committed, 74M reserved
[53.616s][info][gc,ref      ] GC(67) Soft: 4695 encountered, 0 discovered, 0 enqueued
[53.616s][info][gc,ref      ] GC(67) Weak: 4822 encountered, 3680 discovered, 74 enqueued
[53.616s][info][gc,ref      ] GC(67) Final: 27 encountered, 0 discovered, 0 enqueued
[53.616s][info][gc,ref      ] GC(67) Phantom: 650 encountered, 646 discovered, 0 enqueued
[53.616s][info][gc,heap     ] GC(67)                Mark Start          Mark End        Relocate Start      Relocate End           High               Low         
[53.616s][info][gc,heap     ] GC(67)  Capacity:     1250M (100%)       1250M (100%)       1250M (100%)       1250M (100%)       1250M (100%)       1250M (100%)   
[53.616s][info][gc,heap     ] GC(67)   Reserve:       34M (3%)           34M (3%)           34M (3%)           34M (3%)           34M (3%)           34M (3%)     
[53.616s][info][gc,heap     ] GC(67)      Free:      822M (66%)         438M (35%)         546M (44%)         564M (45%)         822M (66%)         438M (35%)    
[53.616s][info][gc,heap     ] GC(67)      Used:      394M (32%)         778M (62%)         670M (54%)         652M (52%)         778M (62%)         394M (32%)    
[53.616s][info][gc,heap     ] GC(67)      Live:         -               216M (17%)         216M (17%)         216M (17%)            -                  -          
[53.616s][info][gc,heap     ] GC(67) Allocated:         -               384M (31%)         394M (32%)         406M (32%)            -                  -          
[53.616s][info][gc,heap     ] GC(67)   Garbage:         -               177M (14%)          59M (5%)           31M (2%)             -                  -          
[53.616s][info][gc,heap     ] GC(67) Reclaimed:         -                  -               118M (9%)          146M (12%)            -                  -          
[53.616s][info][gc          ] GC(67) Garbage Collection (Allocation Rate) 394M(32%)->652M(52%)
[53.694s][info][gc,start    ] GC(68) Garbage Collection (Allocation Rate)
[53.703s][info][gc,phases   ] GC(68) Pause Mark Start 3.070ms
[54.246s][info][gc,phases   ] GC(68) Concurrent Mark 542.776ms
[54.250s][info][gc,phases   ] GC(68) Pause Mark End 0.557ms
[54.251s][info][gc,phases   ] GC(68) Concurrent Process Non-Strong References 1.583ms
[54.251s][info][gc,phases   ] GC(68) Concurrent Reset Relocation Set 0.004ms
[54.251s][info][gc,phases   ] GC(68) Concurrent Destroy Detached Pages 0.000ms
[54.253s][info][gc,phases   ] GC(68) Concurrent Select Relocation Set 1.607ms
[54.253s][info][gc,phases   ] GC(68) Concurrent Prepare Relocation Set 0.007ms
[54.256s][info][gc,phases   ] GC(68) Pause Relocate Start 2.735ms
[54.260s][info][gc,phases   ] GC(68) Concurrent Relocate 4.042ms
[54.260s][info][gc,load     ] GC(68) Load: 2.85/2.17/1.32
[54.260s][info][gc,mmu      ] GC(68) MMU: 2ms/0.0%, 5ms/0.0%, 10ms/0.0%, 20ms/32.4%, 50ms/73.0%, 100ms/86.5%
[54.260s][info][gc,marking  ] GC(68) Mark: 1 stripe(s), 2 proactive flush(es), 1 terminate flush(es), 0 completion(s), 0 continuation(s) 
[54.260s][info][gc,reloc    ] GC(68) Relocation: Successful, 5M relocated
[54.260s][info][gc,nmethod  ] GC(68) NMethods: 3345 registered, 0 unregistered
[54.260s][info][gc,metaspace] GC(68) Metaspace: 68M used, 71M capacity, 72M committed, 74M reserved
[54.260s][info][gc,ref      ] GC(68) Soft: 4695 encountered, 0 discovered, 0 enqueued
[54.260s][info][gc,ref      ] GC(68) Weak: 4756 encountered, 3623 discovered, 19 enqueued
[54.260s][info][gc,ref      ] GC(68) Final: 27 encountered, 0 discovered, 0 enqueued
[54.260s][info][gc,ref      ] GC(68) Phantom: 650 encountered, 646 discovered, 0 enqueued
[54.260s][info][gc,heap     ] GC(68)                Mark Start          Mark End        Relocate Start      Relocate End           High               Low         
[54.260s][info][gc,heap     ] GC(68)  Capacity:     1250M (100%)       1250M (100%)       1250M (100%)       1250M (100%)       1250M (100%)       1250M (100%)   
[54.260s][info][gc,heap     ] GC(68)   Reserve:       34M (3%)           34M (3%)           34M (3%)           34M (3%)           34M (3%)           34M (3%)     
[54.260s][info][gc,heap     ] GC(68)      Free:      494M (40%)         114M (9%)          568M (45%)         582M (47%)         582M (47%)         114M (9%)     
[54.260s][info][gc,heap     ] GC(68)      Used:      722M (58%)        1102M (88%)         648M (52%)         634M (51%)        1102M (88%)         634M (51%)    
[54.260s][info][gc,heap     ] GC(68)      Live:         -               216M (17%)         216M (17%)         216M (17%)            -                  -          
[54.260s][info][gc,heap     ] GC(68) Allocated:         -               380M (30%)         380M (30%)         388M (31%)            -                  -          
[54.260s][info][gc,heap     ] GC(68)   Garbage:         -               505M (40%)          51M (4%)           31M (2%)             -                  -          
[54.260s][info][gc,heap     ] GC(68) Reclaimed:         -                  -               454M (36%)         474M (38%)            -                  -          
[54.260s][info][gc          ] GC(68) Garbage Collection (Allocation Rate) 722M(58%)->634M(51%)
[54.294s][info][gc,start    ] GC(69) Garbage Collection (Allocation Rate)
[54.300s][info][gc,phases   ] GC(69) Pause Mark Start 3.071ms
[54.730s][info][gc,phases   ] GC(69) Concurrent Mark 429.534ms
[54.733s][info][gc,phases   ] GC(69) Pause Mark End 0.560ms
[54.734s][info][gc,phases   ] GC(69) Concurrent Process Non-Strong References 1.434ms
[54.734s][info][gc,phases   ] GC(69) Concurrent Reset Relocation Set 0.004ms
[54.734s][info][gc,phases   ] GC(69) Concurrent Destroy Detached Pages 0.000ms
[54.736s][info][gc,phases   ] GC(69) Concurrent Select Relocation Set 1.740ms
[54.736s][info][gc,phases   ] GC(69) Concurrent Prepare Relocation Set 0.005ms
[54.739s][info][gc,phases   ] GC(69) Pause Relocate Start 2.516ms
[54.746s][info][gc,phases   ] GC(69) Concurrent Relocate 6.973ms
[54.746s][info][gc,load     ] GC(69) Load: 2.85/2.17/1.32
[54.746s][info][gc,mmu      ] GC(69) MMU: 2ms/0.0%, 5ms/0.0%, 10ms/0.0%, 20ms/32.4%, 50ms/73.0%, 100ms/86.5%
[54.746s][info][gc,marking  ] GC(69) Mark: 1 stripe(s), 2 proactive flush(es), 1 terminate flush(es), 0 completion(s), 0 continuation(s) 
[54.746s][info][gc,reloc    ] GC(69) Relocation: Successful, 5M relocated
[54.746s][info][gc,nmethod  ] GC(69) NMethods: 3345 registered, 0 unregistered
[54.746s][info][gc,metaspace] GC(69) Metaspace: 68M used, 71M capacity, 72M committed, 74M reserved
[54.746s][info][gc,ref      ] GC(69) Soft: 4695 encountered, 0 discovered, 0 enqueued
[54.746s][info][gc,ref      ] GC(69) Weak: 4737 encountered, 3607 discovered, 0 enqueued
[54.746s][info][gc,ref      ] GC(69) Final: 27 encountered, 0 discovered, 0 enqueued
[54.746s][info][gc,ref      ] GC(69) Phantom: 650 encountered, 646 discovered, 0 enqueued
[54.746s][info][gc,heap     ] GC(69)                Mark Start          Mark End        Relocate Start      Relocate End           High               Low         
[54.746s][info][gc,heap     ] GC(69)  Capacity:     1250M (100%)       1250M (100%)       1250M (100%)       1250M (100%)       1250M (100%)       1250M (100%)   
[54.746s][info][gc,heap     ] GC(69)   Reserve:       34M (3%)           34M (3%)           34M (3%)           34M (3%)           34M (3%)           34M (3%)     
[54.746s][info][gc,heap     ] GC(69)      Free:      522M (42%)         132M (11%)         570M (46%)         572M (46%)         572M (46%)         132M (11%)    
[54.746s][info][gc,heap     ] GC(69)      Used:      694M (56%)        1084M (87%)         646M (52%)         644M (52%)        1084M (87%)         644M (52%)    
[54.746s][info][gc,heap     ] GC(69)      Live:         -               216M (17%)         216M (17%)         216M (17%)            -                  -          
[54.746s][info][gc,heap     ] GC(69) Allocated:         -               390M (31%)         390M (31%)         398M (32%)            -                  -          
[54.746s][info][gc,heap     ] GC(69)   Garbage:         -               477M (38%)          39M (3%)           31M (2%)             -                  -          
[54.746s][info][gc,heap     ] GC(69) Reclaimed:         -                  -               438M (35%)         446M (36%)            -                  -          
[54.746s][info][gc          ] GC(69) Garbage Collection (Allocation Rate) 694M(56%)->644M(52%)
[54.794s][info][gc,start    ] GC(70) Garbage Collection (Allocation Rate)
[54.801s][info][gc,phases   ] GC(70) Pause Mark Start 3.068ms
[55.234s][info][gc,phases   ] GC(70) Concurrent Mark 433.447ms
[55.238s][info][gc,phases   ] GC(70) Pause Mark End 0.527ms
[55.239s][info][gc,phases   ] GC(70) Concurrent Process Non-Strong References 1.433ms
[55.239s][info][gc,phases   ] GC(70) Concurrent Reset Relocation Set 0.003ms
[55.239s][info][gc,phases   ] GC(70) Concurrent Destroy Detached Pages 0.000ms
[55.241s][info][gc,phases   ] GC(70) Concurrent Select Relocation Set 1.570ms
[55.241s][info][gc,phases   ] GC(70) Concurrent Prepare Relocation Set 0.005ms
[55.244s][info][gc,phases   ] GC(70) Pause Relocate Start 2.593ms
[55.248s][info][gc,phases   ] GC(70) Concurrent Relocate 4.065ms
[55.248s][info][gc,load     ] GC(70) Load: 2.85/2.17/1.32
[55.248s][info][gc,mmu      ] GC(70) MMU: 2ms/0.0%, 5ms/0.0%, 10ms/0.0%, 20ms/32.4%, 50ms/73.0%, 100ms/86.5%
[55.248s][info][gc,marking  ] GC(70) Mark: 1 stripe(s), 2 proactive flush(es), 1 terminate flush(es), 0 completion(s), 0 continuation(s) 
[55.248s][info][gc,reloc    ] GC(70) Relocation: Successful, 5M relocated
[55.248s][info][gc,nmethod  ] GC(70) NMethods: 3350 registered, 0 unregistered
[55.248s][info][gc,metaspace] GC(70) Metaspace: 68M used, 71M capacity, 72M committed, 74M reserved
[55.248s][info][gc,ref      ] GC(70) Soft: 4695 encountered, 0 discovered, 0 enqueued
[55.248s][info][gc,ref      ] GC(70) Weak: 4737 encountered, 3632 discovered, 0 enqueued
[55.248s][info][gc,ref      ] GC(70) Final: 27 encountered, 0 discovered, 0 enqueued
[55.248s][info][gc,ref      ] GC(70) Phantom: 650 encountered, 646 discovered, 0 enqueued
[55.248s][info][gc,heap     ] GC(70)                Mark Start          Mark End        Relocate Start      Relocate End           High               Low         
[55.248s][info][gc,heap     ] GC(70)  Capacity:     1250M (100%)       1250M (100%)       1250M (100%)       1250M (100%)       1250M (100%)       1250M (100%)   
[55.248s][info][gc,heap     ] GC(70)   Reserve:       34M (3%)           34M (3%)           34M (3%)           34M (3%)           34M (3%)           34M (3%)     
[55.248s][info][gc,heap     ] GC(70)      Free:      482M (39%)          90M (7%)          568M (45%)         570M (46%)         570M (46%)          90M (7%)     
[55.248s][info][gc,heap     ] GC(70)      Used:      734M (59%)        1126M (90%)         648M (52%)         646M (52%)        1126M (90%)         646M (52%)    
[55.248s][info][gc,heap     ] GC(70)      Live:         -               216M (17%)         216M (17%)         216M (17%)            -                  -          
[55.248s][info][gc,heap     ] GC(70) Allocated:         -               392M (31%)         392M (31%)         400M (32%)            -                  -          
[55.248s][info][gc,heap     ] GC(70)   Garbage:         -               517M (41%)          39M (3%)           31M (2%)             -                  -          
[55.248s][info][gc,heap     ] GC(70) Reclaimed:         -                  -               478M (38%)         486M (39%)            -                  -          
[55.248s][info][gc          ] GC(70) Garbage Collection (Allocation Rate) 734M(59%)->646M(52%)
[55.294s][info][gc,start    ] GC(71) Garbage Collection (Allocation Rate)
[55.300s][info][gc,phases   ] GC(71) Pause Mark Start 3.157ms
[55.728s][info][gc,phases   ] GC(71) Concurrent Mark 427.330ms
[55.731s][info][gc,phases   ] GC(71) Pause Mark End 0.518ms
[55.733s][info][gc,phases   ] GC(71) Concurrent Process Non-Strong References 1.506ms
[55.733s][info][gc,phases   ] GC(71) Concurrent Reset Relocation Set 0.003ms
[55.733s][info][gc,phases   ] GC(71) Concurrent Destroy Detached Pages 0.000ms
[55.734s][info][gc,phases   ] GC(71) Concurrent Select Relocation Set 1.523ms
[55.734s][info][gc,phases   ] GC(71) Concurrent Prepare Relocation Set 0.005ms
[55.737s][info][gc,phases   ] GC(71) Pause Relocate Start 2.636ms
[55.745s][info][gc,phases   ] GC(71) Concurrent Relocate 7.033ms
[55.745s][info][gc,load     ] GC(71) Load: 2.85/2.17/1.32
[55.745s][info][gc,mmu      ] GC(71) MMU: 2ms/0.0%, 5ms/0.0%, 10ms/0.0%, 20ms/32.4%, 50ms/73.0%, 100ms/86.5%
[55.745s][info][gc,marking  ] GC(71) Mark: 1 stripe(s), 2 proactive flush(es), 1 terminate flush(es), 0 completion(s), 0 continuation(s) 
[55.745s][info][gc,reloc    ] GC(71) Relocation: Successful, 5M relocated
[55.745s][info][gc,nmethod  ] GC(71) NMethods: 3350 registered, 0 unregistered
[55.745s][info][gc,metaspace] GC(71) Metaspace: 68M used, 71M capacity, 72M committed, 74M reserved
[55.745s][info][gc,ref      ] GC(71) Soft: 4696 encountered, 0 discovered, 0 enqueued
[55.745s][info][gc,ref      ] GC(71) Weak: 4738 encountered, 3608 discovered, 1 enqueued
[55.745s][info][gc,ref      ] GC(71) Final: 27 encountered, 0 discovered, 0 enqueued
[55.745s][info][gc,ref      ] GC(71) Phantom: 650 encountered, 646 discovered, 0 enqueued
[55.745s][info][gc,heap     ] GC(71)                Mark Start          Mark End        Relocate Start      Relocate End           High               Low         
[55.745s][info][gc,heap     ] GC(71)  Capacity:     1250M (100%)       1250M (100%)       1250M (100%)       1250M (100%)       1250M (100%)       1250M (100%)   
[55.745s][info][gc,heap     ] GC(71)   Reserve:       34M (3%)           34M (3%)           34M (3%)           34M (3%)           34M (3%)           34M (3%)     
[55.745s][info][gc,heap     ] GC(71)      Free:      526M (42%)         138M (11%)         570M (46%)         568M (45%)         570M (46%)         138M (11%)    
[55.745s][info][gc,heap     ] GC(71)      Used:      690M (55%)        1078M (86%)         646M (52%)         648M (52%)        1078M (86%)         646M (52%)    
[55.745s][info][gc,heap     ] GC(71)      Live:         -               216M (17%)         216M (17%)         216M (17%)            -                  -          
[55.745s][info][gc,heap     ] GC(71) Allocated:         -               388M (31%)         388M (31%)         402M (32%)            -                  -          
[55.745s][info][gc,heap     ] GC(71)   Garbage:         -               473M (38%)          41M (3%)           31M (2%)             -                  -          
[55.745s][info][gc,heap     ] GC(71) Reclaimed:         -                  -               432M (35%)         442M (35%)            -                  -          
[55.745s][info][gc          ] GC(71) Garbage Collection (Allocation Rate) 690M(55%)->648M(52%)
[55.794s][info][gc,start    ] GC(72) Garbage Collection (Allocation Rate)
[55.800s][info][gc,phases   ] GC(72) Pause Mark Start 3.042ms
[56.194s][info][gc,phases   ] GC(72) Concurrent Mark 393.291ms
[56.195s][info][gc,phases   ] GC(72) Pause Mark End 0.550ms
[56.196s][info][gc,phases   ] GC(72) Concurrent Process Non-Strong References 1.438ms
[56.196s][info][gc,phases   ] GC(72) Concurrent Reset Relocation Set 0.004ms
[56.196s][info][gc,phases   ] GC(72) Concurrent Destroy Detached Pages 0.000ms
[56.198s][info][gc,phases   ] GC(72) Concurrent Select Relocation Set 1.605ms
[56.198s][info][gc,phases   ] GC(72) Concurrent Prepare Relocation Set 0.006ms
[56.201s][info][gc,phases   ] GC(72) Pause Relocate Start 2.629ms
[56.201s][info][gc,phases   ] GC(72) Concurrent Relocate 0.260ms
[56.201s][info][gc,load     ] GC(72) Load: 2.85/2.17/1.32
[56.201s][info][gc,mmu      ] GC(72) MMU: 2ms/0.0%, 5ms/0.0%, 10ms/0.0%, 20ms/32.4%, 50ms/73.0%, 100ms/86.5%
[56.201s][info][gc,marking  ] GC(72) Mark: 1 stripe(s), 2 proactive flush(es), 1 terminate flush(es), 0 completion(s), 0 continuation(s) 
[56.201s][info][gc,reloc    ] GC(72) Relocation: Successful, 5M relocated
[56.201s][info][gc,nmethod  ] GC(72) NMethods: 3381 registered, 0 unregistered
[56.201s][info][gc,metaspace] GC(72) Metaspace: 68M used, 71M capacity, 72M committed, 74M reserved
[56.201s][info][gc,ref      ] GC(72) Soft: 4696 encountered, 0 discovered, 0 enqueued
[56.201s][info][gc,ref      ] GC(72) Weak: 4737 encountered, 3659 discovered, 0 enqueued
[56.201s][info][gc,ref      ] GC(72) Final: 27 encountered, 0 discovered, 0 enqueued
[56.201s][info][gc,ref      ] GC(72) Phantom: 650 encountered, 646 discovered, 0 enqueued
[56.201s][info][gc,heap     ] GC(72)                Mark Start          Mark End        Relocate Start      Relocate End           High               Low         
[56.201s][info][gc,heap     ] GC(72)  Capacity:     1250M (100%)       1250M (100%)       1250M (100%)       1250M (100%)       1250M (100%)       1250M (100%)   
[56.201s][info][gc,heap     ] GC(72)   Reserve:       34M (3%)           34M (3%)           34M (3%)           34M (3%)           34M (3%)           34M (3%)     
[56.201s][info][gc,heap     ] GC(72)      Free:      480M (38%)         310M (25%)         790M (63%)         798M (64%)         798M (64%)         310M (25%)    
[56.201s][info][gc,heap     ] GC(72)      Used:      736M (59%)         906M (72%)         426M (34%)         418M (33%)         906M (72%)         418M (33%)    
[56.201s][info][gc,heap     ] GC(72)      Live:         -               216M (17%)         216M (17%)         216M (17%)            -                  -          
[56.201s][info][gc,heap     ] GC(72) Allocated:         -               170M (14%)         170M (14%)         172M (14%)            -                  -          
[56.201s][info][gc,heap     ] GC(72)   Garbage:         -               519M (42%)          39M (3%)           31M (2%)             -                  -          
[56.201s][info][gc,heap     ] GC(72) Reclaimed:         -                  -               480M (38%)         488M (39%)            -                  -          
[56.201s][info][gc          ] GC(72) Garbage Collection (Allocation Rate) 736M(59%)->418M(33%)
[56.201s][info][gc,start    ] GC(73) Garbage Collection (System.gc())
[56.205s][info][gc,phases   ] GC(73) Pause Mark Start 3.010ms
[56.420s][info][gc,phases   ] GC(73) Concurrent Mark 214.648ms
[56.420s][info][gc,phases   ] GC(73) Pause Mark End 0.508ms
[56.422s][info][gc,phases   ] GC(73) Concurrent Process Non-Strong References 1.406ms
[56.422s][info][gc,phases   ] GC(73) Concurrent Reset Relocation Set 0.002ms
[56.422s][info][gc,phases   ] GC(73) Concurrent Destroy Detached Pages 0.000ms
[56.425s][info][gc,phases   ] GC(73) Concurrent Select Relocation Set 2.682ms
[56.425s][info][gc,phases   ] GC(73) Concurrent Prepare Relocation Set 0.007ms
[56.430s][info][gc,phases   ] GC(73) Pause Relocate Start 2.532ms
[56.433s][info][gc,phases   ] GC(73) Concurrent Relocate 2.392ms
[56.433s][info][gc,load     ] GC(73) Load: 2.85/2.17/1.32
[56.433s][info][gc,mmu      ] GC(73) MMU: 2ms/0.0%, 5ms/0.0%, 10ms/0.0%, 20ms/32.4%, 50ms/73.0%, 100ms/86.5%
[56.433s][info][gc,marking  ] GC(73) Mark: 1 stripe(s), 2 proactive flush(es), 1 terminate flush(es), 0 completion(s), 0 continuation(s) 
[56.433s][info][gc,reloc    ] GC(73) Relocation: Successful, 5M relocated
[56.433s][info][gc,nmethod  ] GC(73) NMethods: 3390 registered, 0 unregistered
[56.433s][info][gc,metaspace] GC(73) Metaspace: 68M used, 71M capacity, 72M committed, 74M reserved
[56.433s][info][gc,ref      ] GC(73) Soft: 4695 encountered, 0 discovered, 0 enqueued
[56.433s][info][gc,ref      ] GC(73) Weak: 4807 encountered, 3727 discovered, 118 enqueued
[56.433s][info][gc,ref      ] GC(73) Final: 27 encountered, 0 discovered, 0 enqueued
[56.433s][info][gc,ref      ] GC(73) Phantom: 650 encountered, 646 discovered, 0 enqueued
[56.433s][info][gc,heap     ] GC(73)                Mark Start          Mark End        Relocate Start      Relocate End           High               Low         
[56.433s][info][gc,heap     ] GC(73)  Capacity:     1250M (100%)       1250M (100%)       1250M (100%)       1250M (100%)       1250M (100%)       1250M (100%)   
[56.433s][info][gc,heap     ] GC(73)   Reserve:       34M (3%)           34M (3%)           34M (3%)           34M (3%)           34M (3%)           34M (3%)     
[56.433s][info][gc,heap     ] GC(73)      Free:      798M (64%)         794M (64%)         958M (77%)         964M (77%)         964M (77%)         794M (64%)    
[56.433s][info][gc,heap     ] GC(73)      Used:      418M (33%)         422M (34%)         258M (21%)         252M (20%)         422M (34%)         252M (20%)    
[56.433s][info][gc,heap     ] GC(73)      Live:         -               216M (17%)         216M (17%)         216M (17%)            -                  -          
[56.433s][info][gc,heap     ] GC(73) Allocated:         -                 4M (0%)            4M (0%)            6M (0%)             -                  -          
[56.433s][info][gc,heap     ] GC(73)   Garbage:         -               201M (16%)          37M (3%)           31M (3%)             -                  -          
[56.433s][info][gc,heap     ] GC(73) Reclaimed:         -                  -               164M (13%)         170M (14%)            -                  -          
[56.433s][info][gc          ] GC(73) Garbage Collection (System.gc()) 418M(33%)->252M(20%)
[56.594s][info][gc,start    ] GC(74) Garbage Collection (Allocation Rate)
[56.601s][info][gc,phases   ] GC(74) Pause Mark Start 3.050ms
[57.026s][info][gc,phases   ] GC(74) Concurrent Mark 425.495ms
[57.030s][info][gc,phases   ] GC(74) Pause Mark End 0.673ms
[57.032s][info][gc,phases   ] GC(74) Concurrent Process Non-Strong References 1.603ms
[57.034s][info][gc,phases   ] GC(74) Concurrent Reset Relocation Set 0.004ms
[57.034s][info][gc,phases   ] GC(74) Concurrent Destroy Detached Pages 0.000ms
[57.036s][info][gc,phases   ] GC(74) Concurrent Select Relocation Set 2.011ms
[57.036s][info][gc,phases   ] GC(74) Concurrent Prepare Relocation Set 0.009ms
[57.041s][info][gc,phases   ] GC(74) Pause Relocate Start 2.657ms
[57.045s][info][gc,phases   ] GC(74) Concurrent Relocate 4.146ms
[57.045s][info][gc,load     ] GC(74) Load: 2.85/2.17/1.32
[57.045s][info][gc,mmu      ] GC(74) MMU: 2ms/0.0%, 5ms/0.0%, 10ms/0.0%, 20ms/32.4%, 50ms/73.0%, 100ms/86.5%
[57.045s][info][gc,marking  ] GC(74) Mark: 1 stripe(s), 2 proactive flush(es), 1 terminate flush(es), 0 completion(s), 0 continuation(s) 
[57.045s][info][gc,reloc    ] GC(74) Relocation: Successful, 5M relocated
[57.045s][info][gc,nmethod  ] GC(74) NMethods: 3442 registered, 0 unregistered
[57.045s][info][gc,metaspace] GC(74) Metaspace: 68M used, 72M capacity, 72M committed, 74M reserved
[57.045s][info][gc,ref      ] GC(74) Soft: 4696 encountered, 0 discovered, 0 enqueued
[57.045s][info][gc,ref      ] GC(74) Weak: 4839 encountered, 3702 discovered, 78 enqueued
[57.045s][info][gc,ref      ] GC(74) Final: 27 encountered, 0 discovered, 0 enqueued
[57.045s][info][gc,ref      ] GC(74) Phantom: 650 encountered, 646 discovered, 0 enqueued
[57.045s][info][gc,heap     ] GC(74)                Mark Start          Mark End        Relocate Start      Relocate End           High               Low         
[57.045s][info][gc,heap     ] GC(74)  Capacity:     1250M (100%)       1250M (100%)       1250M (100%)       1250M (100%)       1250M (100%)       1250M (100%)   
[57.045s][info][gc,heap     ] GC(74)   Reserve:       34M (3%)           34M (3%)           34M (3%)           34M (3%)           34M (3%)           34M (3%)     
[57.045s][info][gc,heap     ] GC(74)      Free:      818M (65%)         436M (35%)         558M (45%)         578M (46%)         818M (65%)         434M (35%)    
[57.045s][info][gc,heap     ] GC(74)      Used:      398M (32%)         780M (62%)         658M (53%)         638M (51%)         782M (63%)         398M (32%)    
[57.045s][info][gc,heap     ] GC(74)      Live:         -               216M (17%)         216M (17%)         216M (17%)            -                  -          
[57.045s][info][gc,heap     ] GC(74) Allocated:         -               382M (31%)         384M (31%)         392M (31%)            -                  -          
[57.045s][info][gc,heap     ] GC(74)   Garbage:         -               181M (14%)          57M (5%)           33M (3%)             -                  -          
[57.045s][info][gc,heap     ] GC(74) Reclaimed:         -                  -               124M (10%)         148M (12%)            -                  -          
[57.045s][info][gc          ] GC(74) Garbage Collection (Allocation Rate) 398M(32%)->638M(51%)
[57.094s][info][gc,start    ] GC(75) Garbage Collection (Allocation Rate)
[57.100s][info][gc,phases   ] GC(75) Pause Mark Start 3.103ms
[57.541s][info][gc,phases   ] GC(75) Concurrent Mark 440.947ms
[57.545s][info][gc,phases   ] GC(75) Pause Mark End 0.568ms
[57.547s][info][gc,phases   ] GC(75) Concurrent Process Non-Strong References 1.404ms
[57.547s][info][gc,phases   ] GC(75) Concurrent Reset Relocation Set 0.004ms
[57.547s][info][gc,phases   ] GC(75) Concurrent Destroy Detached Pages 0.000ms
[57.548s][info][gc,phases   ] GC(75) Concurrent Select Relocation Set 1.575ms
[57.548s][info][gc,phases   ] GC(75) Concurrent Prepare Relocation Set 0.006ms
[57.551s][info][gc,phases   ] GC(75) Pause Relocate Start 2.500ms
[57.556s][info][gc,phases   ] GC(75) Concurrent Relocate 5.054ms
[57.556s][info][gc,load     ] GC(75) Load: 2.85/2.17/1.32
[57.556s][info][gc,mmu      ] GC(75) MMU: 2ms/0.0%, 5ms/0.0%, 10ms/0.0%, 20ms/32.4%, 50ms/73.0%, 100ms/86.5%
[57.556s][info][gc,marking  ] GC(75) Mark: 1 stripe(s), 2 proactive flush(es), 1 terminate flush(es), 0 completion(s), 0 continuation(s) 
[57.556s][info][gc,reloc    ] GC(75) Relocation: Successful, 5M relocated
[57.556s][info][gc,nmethod  ] GC(75) NMethods: 3442 registered, 0 unregistered
[57.556s][info][gc,metaspace] GC(75) Metaspace: 68M used, 72M capacity, 72M committed, 74M reserved
[57.556s][info][gc,ref      ] GC(75) Soft: 4696 encountered, 0 discovered, 0 enqueued
[57.556s][info][gc,ref      ] GC(75) Weak: 4764 encountered, 3636 discovered, 14 enqueued
[57.556s][info][gc,ref      ] GC(75) Final: 27 encountered, 0 discovered, 0 enqueued
[57.556s][info][gc,ref      ] GC(75) Phantom: 650 encountered, 646 discovered, 0 enqueued
[57.556s][info][gc,heap     ] GC(75)                Mark Start          Mark End        Relocate Start      Relocate End           High               Low         
[57.556s][info][gc,heap     ] GC(75)  Capacity:     1250M (100%)       1250M (100%)       1250M (100%)       1250M (100%)       1250M (100%)       1250M (100%)   
[57.556s][info][gc,heap     ] GC(75)   Reserve:       34M (3%)           34M (3%)           34M (3%)           34M (3%)           34M (3%)           34M (3%)     
[57.556s][info][gc,heap     ] GC(75)      Free:      490M (39%)         100M (8%)          562M (45%)         570M (46%)         570M (46%)         100M (8%)     
[57.556s][info][gc,heap     ] GC(75)      Used:      726M (58%)        1116M (89%)         654M (52%)         646M (52%)        1116M (89%)         646M (52%)    
[57.556s][info][gc,heap     ] GC(75)      Live:         -               216M (17%)         216M (17%)         216M (17%)            -                  -          
[57.556s][info][gc,heap     ] GC(75) Allocated:         -               390M (31%)         390M (31%)         400M (32%)            -                  -          
[57.556s][info][gc,heap     ] GC(75)   Garbage:         -               509M (41%)          47M (4%)           31M (2%)             -                  -          
[57.556s][info][gc,heap     ] GC(75) Reclaimed:         -                  -               462M (37%)         478M (38%)            -                  -          
[57.556s][info][gc          ] GC(75) Garbage Collection (Allocation Rate) 726M(58%)->646M(52%)
[57.594s][info][gc,start    ] GC(76) Garbage Collection (Allocation Rate)
[57.600s][info][gc,phases   ] GC(76) Pause Mark Start 3.004ms
[58.086s][info][gc,phases   ] GC(76) Concurrent Mark 485.165ms
[58.089s][info][gc,phases   ] GC(76) Pause Mark End 0.532ms
[58.091s][info][gc,phases   ] GC(76) Concurrent Process Non-Strong References 1.446ms
[58.091s][info][gc,phases   ] GC(76) Concurrent Reset Relocation Set 0.004ms
[58.091s][info][gc,phases   ] GC(76) Concurrent Destroy Detached Pages 0.000ms
[58.092s][info][gc,phases   ] GC(76) Concurrent Select Relocation Set 1.563ms
[58.092s][info][gc,phases   ] GC(76) Concurrent Prepare Relocation Set 0.005ms
[58.096s][info][gc,phases   ] GC(76) Pause Relocate Start 2.987ms
[58.100s][info][gc,phases   ] GC(76) Concurrent Relocate 4.677ms
[58.101s][info][gc,load     ] GC(76) Load: 2.79/2.17/1.32
[58.101s][info][gc,mmu      ] GC(76) MMU: 2ms/0.0%, 5ms/0.0%, 10ms/0.0%, 20ms/32.4%, 50ms/73.0%, 100ms/86.5%
[58.101s][info][gc,marking  ] GC(76) Mark: 1 stripe(s), 2 proactive flush(es), 1 terminate flush(es), 0 completion(s), 0 continuation(s) 
[58.101s][info][gc,reloc    ] GC(76) Relocation: Successful, 5M relocated
[58.101s][info][gc,nmethod  ] GC(76) NMethods: 3442 registered, 0 unregistered
[58.101s][info][gc,metaspace] GC(76) Metaspace: 68M used, 72M capacity, 72M committed, 74M reserved
[58.101s][info][gc,ref      ] GC(76) Soft: 4696 encountered, 0 discovered, 0 enqueued
[58.101s][info][gc,ref      ] GC(76) Weak: 4750 encountered, 3622 discovered, 0 enqueued
[58.101s][info][gc,ref      ] GC(76) Final: 27 encountered, 0 discovered, 0 enqueued
[58.101s][info][gc,ref      ] GC(76) Phantom: 650 encountered, 646 discovered, 0 enqueued
[58.101s][info][gc,heap     ] GC(76)                Mark Start          Mark End        Relocate Start      Relocate End           High               Low         
[58.101s][info][gc,heap     ] GC(76)  Capacity:     1250M (100%)       1250M (100%)       1250M (100%)       1250M (100%)       1250M (100%)       1250M (100%)   
[58.101s][info][gc,heap     ] GC(76)   Reserve:       34M (3%)           34M (3%)           34M (3%)           34M (3%)           34M (3%)           34M (3%)     
[58.101s][info][gc,heap     ] GC(76)      Free:      510M (41%)         126M (10%)         576M (46%)         576M (46%)         576M (46%)         126M (10%)    
[58.101s][info][gc,heap     ] GC(76)      Used:      706M (56%)        1090M (87%)         640M (51%)         640M (51%)        1090M (87%)         640M (51%)    
[58.101s][info][gc,heap     ] GC(76)      Live:         -               216M (17%)         216M (17%)         216M (17%)            -                  -          
[58.101s][info][gc,heap     ] GC(76) Allocated:         -               384M (31%)         384M (31%)         394M (32%)            -                  -          
[58.101s][info][gc,heap     ] GC(76)   Garbage:         -               489M (39%)          39M (3%)           33M (3%)             -                  -          
[58.101s][info][gc,heap     ] GC(76) Reclaimed:         -                  -               450M (36%)         456M (36%)            -                  -          
[58.101s][info][gc          ] GC(76) Garbage Collection (Allocation Rate) 706M(56%)->640M(51%)
[58.194s][info][gc,start    ] GC(77) Garbage Collection (Allocation Rate)
[58.200s][info][gc,phases   ] GC(77) Pause Mark Start 3.100ms
[58.663s][info][gc,heap     ] Page Cache Flushed: 2M requested, 6M(44M->38M) flushed
[58.665s][info][gc,phases   ] GC(77) Concurrent Mark 464.600ms
[58.669s][info][gc,phases   ] GC(77) Pause Mark End 0.563ms
[58.670s][info][gc,phases   ] GC(77) Concurrent Process Non-Strong References 1.433ms
[58.670s][info][gc,phases   ] GC(77) Concurrent Reset Relocation Set 0.003ms
[58.670s][info][gc,phases   ] GC(77) Concurrent Destroy Detached Pages 0.002ms
[58.672s][info][gc,phases   ] GC(77) Concurrent Select Relocation Set 1.620ms
[58.672s][info][gc,phases   ] GC(77) Concurrent Prepare Relocation Set 0.005ms
[58.675s][info][gc,phases   ] GC(77) Pause Relocate Start 2.565ms
[58.680s][info][gc,phases   ] GC(77) Concurrent Relocate 4.941ms
[58.680s][info][gc,load     ] GC(77) Load: 2.79/2.17/1.32
[58.680s][info][gc,mmu      ] GC(77) MMU: 2ms/0.0%, 5ms/0.0%, 10ms/0.0%, 20ms/32.4%, 50ms/73.0%, 100ms/86.5%
[58.680s][info][gc,marking  ] GC(77) Mark: 1 stripe(s), 2 proactive flush(es), 1 terminate flush(es), 0 completion(s), 0 continuation(s) 
[58.680s][info][gc,reloc    ] GC(77) Relocation: Successful, 5M relocated
[58.680s][info][gc,nmethod  ] GC(77) NMethods: 3442 registered, 0 unregistered
[58.680s][info][gc,metaspace] GC(77) Metaspace: 68M used, 72M capacity, 72M committed, 74M reserved
[58.680s][info][gc,ref      ] GC(77) Soft: 4696 encountered, 0 discovered, 0 enqueued
[58.680s][info][gc,ref      ] GC(77) Weak: 4750 encountered, 3622 discovered, 0 enqueued
[58.680s][info][gc,ref      ] GC(77) Final: 27 encountered, 0 discovered, 0 enqueued
[58.680s][info][gc,ref      ] GC(77) Phantom: 650 encountered, 646 discovered, 0 enqueued
[58.680s][info][gc,heap     ] GC(77)                Mark Start          Mark End        Relocate Start      Relocate End           High               Low         
[58.680s][info][gc,heap     ] GC(77)  Capacity:     1250M (100%)       1250M (100%)       1250M (100%)       1250M (100%)       1250M (100%)       1250M (100%)   
[58.680s][info][gc,heap     ] GC(77)   Reserve:       34M (3%)           34M (3%)           34M (3%)           34M (3%)           34M (3%)           34M (3%)     
[58.680s][info][gc,heap     ] GC(77)      Free:      410M (33%)          42M (3%)          592M (47%)         590M (47%)         592M (47%)          42M (3%)     
[58.680s][info][gc,heap     ] GC(77)      Used:      806M (64%)        1174M (94%)         624M (50%)         626M (50%)        1174M (94%)         624M (50%)    
[58.680s][info][gc,heap     ] GC(77)      Live:         -               216M (17%)         216M (17%)         216M (17%)            -                  -          
[58.680s][info][gc,heap     ] GC(77) Allocated:         -               368M (29%)         368M (29%)         380M (30%)            -                  -          
[58.680s][info][gc,heap     ] GC(77)   Garbage:         -               589M (47%)          39M (3%)           35M (3%)             -                  -          
[58.680s][info][gc,heap     ] GC(77) Reclaimed:         -                  -               550M (44%)         554M (44%)            -                  -          
[58.680s][info][gc          ] GC(77) Garbage Collection (Allocation Rate) 806M(64%)->626M(50%)
[58.694s][info][gc,start    ] GC(78) Garbage Collection (Allocation Rate)
[58.701s][info][gc,phases   ] GC(78) Pause Mark Start 3.079ms
[59.135s][info][gc,phases   ] GC(78) Concurrent Mark 434.261ms
[59.139s][info][gc,phases   ] GC(78) Pause Mark End 0.571ms
[59.141s][info][gc,phases   ] GC(78) Concurrent Process Non-Strong References 1.482ms
[59.141s][info][gc,phases   ] GC(78) Concurrent Reset Relocation Set 0.003ms
[59.141s][info][gc,phases   ] GC(78) Concurrent Destroy Detached Pages 0.000ms
[59.142s][info][gc,phases   ] GC(78) Concurrent Select Relocation Set 1.525ms
[59.142s][info][gc,phases   ] GC(78) Concurrent Prepare Relocation Set 0.005ms
[59.145s][info][gc,phases   ] GC(78) Pause Relocate Start 2.608ms
[59.152s][info][gc,phases   ] GC(78) Concurrent Relocate 6.812ms
[59.152s][info][gc,load     ] GC(78) Load: 2.79/2.17/1.32
[59.152s][info][gc,mmu      ] GC(78) MMU: 2ms/0.0%, 5ms/0.0%, 10ms/0.0%, 20ms/32.4%, 50ms/73.0%, 100ms/86.5%
[59.152s][info][gc,marking  ] GC(78) Mark: 1 stripe(s), 2 proactive flush(es), 1 terminate flush(es), 0 completion(s), 0 continuation(s) 
[59.152s][info][gc,reloc    ] GC(78) Relocation: Successful, 5M relocated
[59.152s][info][gc,nmethod  ] GC(78) NMethods: 3442 registered, 0 unregistered
[59.152s][info][gc,metaspace] GC(78) Metaspace: 68M used, 72M capacity, 72M committed, 74M reserved
[59.152s][info][gc,ref      ] GC(78) Soft: 4696 encountered, 0 discovered, 0 enqueued
[59.152s][info][gc,ref      ] GC(78) Weak: 4750 encountered, 3622 discovered, 0 enqueued
[59.152s][info][gc,ref      ] GC(78) Final: 27 encountered, 0 discovered, 0 enqueued
[59.152s][info][gc,ref      ] GC(78) Phantom: 650 encountered, 646 discovered, 0 enqueued
[59.152s][info][gc,heap     ] GC(78)                Mark Start          Mark End        Relocate Start      Relocate End           High               Low         
[59.152s][info][gc,heap     ] GC(78)  Capacity:     1250M (100%)       1250M (100%)       1250M (100%)       1250M (100%)       1250M (100%)       1250M (100%)   
[59.152s][info][gc,heap     ] GC(78)   Reserve:       34M (3%)           34M (3%)           34M (3%)           34M (3%)           34M (3%)           34M (3%)     
[59.152s][info][gc,heap     ] GC(78)      Free:      566M (45%)         170M (14%)         562M (45%)         560M (45%)         566M (45%)         170M (14%)    
[59.152s][info][gc,heap     ] GC(78)      Used:      650M (52%)        1046M (84%)         654M (52%)         656M (52%)        1046M (84%)         650M (52%)    
[59.152s][info][gc,heap     ] GC(78)      Live:         -               216M (17%)         216M (17%)         216M (17%)            -                  -          
[59.152s][info][gc,heap     ] GC(78) Allocated:         -               396M (32%)         396M (32%)         410M (33%)            -                  -          
[59.152s][info][gc,heap     ] GC(78)   Garbage:         -               433M (35%)          41M (3%)           31M (2%)             -                  -          
[59.152s][info][gc,heap     ] GC(78) Reclaimed:         -                  -               392M (31%)         402M (32%)            -                  -          
[59.152s][info][gc          ] GC(78) Garbage Collection (Allocation Rate) 650M(52%)->656M(52%)
[59.195s][info][gc,start    ] GC(79) Garbage Collection (Allocation Rate)
[59.200s][info][gc,phases   ] GC(79) Pause Mark Start 3.276ms
[60.014s][info][gc,phases   ] GC(79) Concurrent Mark 813.429ms
[60.014s][info][gc,phases   ] GC(79) Pause Mark End 0.158ms
[60.020s][info][gc,phases   ] GC(79) Concurrent Process Non-Strong References 5.825ms
[60.020s][info][gc,phases   ] GC(79) Concurrent Reset Relocation Set 0.006ms
[60.020s][info][gc,phases   ] GC(79) Concurrent Destroy Detached Pages 0.000ms
[60.022s][info][gc,phases   ] GC(79) Concurrent Select Relocation Set 1.647ms
[60.022s][info][gc,phases   ] GC(79) Concurrent Prepare Relocation Set 0.006ms
[60.029s][info][gc,phases   ] GC(79) Pause Relocate Start 7.476ms
[60.036s][info][gc,phases   ] GC(79) Concurrent Relocate 6.864ms
[60.036s][info][gc,load     ] GC(79) Load: 2.79/2.17/1.32
[60.036s][info][gc,mmu      ] GC(79) MMU: 2ms/0.0%, 5ms/0.0%, 10ms/0.0%, 20ms/32.4%, 50ms/73.0%, 100ms/86.5%
[60.036s][info][gc,marking  ] GC(79) Mark: 1 stripe(s), 2 proactive flush(es), 1 terminate flush(es), 0 completion(s), 0 continuation(s) 
[60.036s][info][gc,reloc    ] GC(79) Relocation: Successful, 5M relocated
[60.036s][info][gc,nmethod  ] GC(79) NMethods: 3494 registered, 0 unregistered
[60.036s][info][gc,metaspace] GC(79) Metaspace: 69M used, 72M capacity, 72M committed, 74M reserved
[60.036s][info][gc,ref      ] GC(79) Soft: 4696 encountered, 0 discovered, 0 enqueued
[60.036s][info][gc,ref      ] GC(79) Weak: 4719 encountered, 3604 discovered, 0 enqueued
[60.036s][info][gc,ref      ] GC(79) Final: 27 encountered, 2 discovered, 0 enqueued
[60.036s][info][gc,ref      ] GC(79) Phantom: 650 encountered, 646 discovered, 0 enqueued
[60.036s][info][gc,heap     ] GC(79)                Mark Start          Mark End        Relocate Start      Relocate End           High               Low         
[60.036s][info][gc,heap     ] GC(79)  Capacity:     1250M (100%)       1250M (100%)       1250M (100%)       1250M (100%)       1250M (100%)       1250M (100%)   
[60.036s][info][gc,heap     ] GC(79)   Reserve:       34M (3%)           34M (3%)           34M (3%)           34M (3%)           34M (3%)           34M (3%)     
[60.036s][info][gc,heap     ] GC(79)      Free:      484M (39%)         308M (25%)         784M (63%)         792M (63%)         792M (63%)         308M (25%)    
[60.036s][info][gc,heap     ] GC(79)      Used:      732M (59%)         908M (73%)         432M (35%)         424M (34%)         908M (73%)         424M (34%)    
[60.036s][info][gc,heap     ] GC(79)      Live:         -               216M (17%)         216M (17%)         216M (17%)            -                  -          
[60.036s][info][gc,heap     ] GC(79) Allocated:         -               176M (14%)         176M (14%)         178M (14%)            -                  -          
[60.036s][info][gc,heap     ] GC(79)   Garbage:         -               515M (41%)          39M (3%)           31M (2%)             -                  -          
[60.036s][info][gc,heap     ] GC(79) Reclaimed:         -                  -               476M (38%)         484M (39%)            -                  -          
[60.036s][info][gc          ] GC(79) Garbage Collection (Allocation Rate) 732M(59%)->424M(34%)
[60.037s][info][gc,heap,exit] Heap
[60.037s][info][gc,heap,exit]  ZHeap           used 424M, capacity 1250M, max capacity 1250M
[60.037s][info][gc,heap,exit]  Metaspace       used 70667K, capacity 74516K, committed 74668K, reserved 75776K
