[0.008s][info][gc,init] Initializing The Z Garbage Collector
[0.008s][info][gc,init] Version: 11.0.15+10-Ubuntu-0ubuntu0.20.04.1 (release)
[0.008s][info][gc,init] NUMA Support: Disabled
[0.008s][info][gc,init] CPUs: 1 total, 1 available
[0.008s][info][gc,init] Memory: 7952M
[0.008s][info][gc,init] Large Page Support: Disabled
[0.008s][info][gc,init] Workers: 1 parallel, 1 concurrent
[0.008s][info][gc,init] Heap backed by file: /memfd:java_heap
[0.008s][info][gc,init] Available space on backing filesystem: N/A
[0.036s][info][gc,init] Pre-touching: Disabled
[0.036s][info][gc,init] Pre-mapping: 126M
[0.044s][info][gc,init] Runtime Workers: 1 parallel
[0.044s][info][gc     ] Using The Z Garbage Collector
[2.925s][info][gc,start] GC(0) Garbage Collection (Metadata GC Threshold)
[2.927s][info][gc,phases] GC(0) Pause Mark Start 0.607ms
[2.969s][info][gc,phases] GC(0) Concurrent Mark 42.172ms
[2.969s][info][gc,phases] GC(0) Pause Mark End 0.406ms
[2.970s][info][gc,phases] GC(0) Concurrent Process Non-Strong References 0.939ms
[2.971s][info][gc,phases] GC(0) Concurrent Reset Relocation Set 0.000ms
[2.971s][info][gc,phases] GC(0) Concurrent Destroy Detached Pages 0.001ms
[3.000s][info][gc,phases] GC(0) Concurrent Select Relocation Set 29.150ms
[3.001s][info][gc,phases] GC(0) Concurrent Prepare Relocation Set 0.792ms
[3.006s][info][gc,phases] GC(0) Pause Relocate Start 1.815ms
[3.030s][info][gc,phases] GC(0) Concurrent Relocate 23.684ms
[3.030s][info][gc,load  ] GC(0) Load: 2.49/2.21/1.43
[3.030s][info][gc,mmu   ] GC(0) MMU: 2ms/9.2%, 5ms/63.7%, 10ms/81.8%, 20ms/90.9%, 50ms/95.6%, 100ms/97.2%
[3.030s][info][gc,marking] GC(0) Mark: 1 stripe(s), 2 proactive flush(es), 1 terminate flush(es), 0 completion(s), 0 continuation(s) 
[3.030s][info][gc,reloc  ] GC(0) Relocation: Successful, 16M relocated
[3.030s][info][gc,nmethod] GC(0) NMethods: 338 registered, 0 unregistered
[3.030s][info][gc,metaspace] GC(0) Metaspace: 20M used, 21M capacity, 21M committed, 22M reserved
[3.030s][info][gc,ref      ] GC(0) Soft: 356 encountered, 0 discovered, 0 enqueued
[3.030s][info][gc,ref      ] GC(0) Weak: 711 encountered, 652 discovered, 188 enqueued
[3.030s][info][gc,ref      ] GC(0) Final: 2 encountered, 0 discovered, 0 enqueued
[3.030s][info][gc,ref      ] GC(0) Phantom: 839 encountered, 644 discovered, 245 enqueued
[3.030s][info][gc,heap     ] GC(0)                Mark Start          Mark End        Relocate Start      Relocate End           High               Low         
[3.030s][info][gc,heap     ] GC(0)  Capacity:      160M (11%)         160M (11%)         160M (11%)         160M (11%)         160M (11%)         160M (11%)    
[3.030s][info][gc,heap     ] GC(0)   Reserve:       34M (2%)           34M (2%)           34M (2%)           34M (2%)           34M (2%)           34M (2%)     
[3.030s][info][gc,heap     ] GC(0)      Free:     1376M (92%)        1374M (92%)        1374M (92%)        1414M (94%)        1414M (94%)        1372M (91%)    
[3.030s][info][gc,heap     ] GC(0)      Used:       90M (6%)           92M (6%)           92M (6%)           52M (3%)           94M (6%)           52M (3%)     
[3.030s][info][gc,heap     ] GC(0)      Live:         -                17M (1%)           17M (1%)           17M (1%)             -                  -          
[3.030s][info][gc,heap     ] GC(0) Allocated:         -                 2M (0%)            2M (0%)           14M (1%)             -                  -          
[3.030s][info][gc,heap     ] GC(0)   Garbage:         -                72M (5%)           72M (5%)           30M (2%)             -                  -          
[3.030s][info][gc,heap     ] GC(0) Reclaimed:         -                  -                 0M (0%)           42M (3%)             -                  -          
[3.030s][info][gc          ] GC(0) Garbage Collection (Metadata GC Threshold) 90M(6%)->52M(3%)
[4.580s][info][gc,start    ] GC(1) Garbage Collection (Metadata GC Threshold)
[4.582s][info][gc,phases   ] GC(1) Pause Mark Start 1.266ms
[4.673s][info][gc,phases   ] GC(1) Concurrent Mark 90.582ms
[4.673s][info][gc,phases   ] GC(1) Pause Mark End 0.254ms
[4.674s][info][gc,phases   ] GC(1) Concurrent Process Non-Strong References 1.135ms
[4.674s][info][gc,phases   ] GC(1) Concurrent Reset Relocation Set 0.059ms
[4.674s][info][gc,phases   ] GC(1) Concurrent Destroy Detached Pages 0.000ms
[4.677s][info][gc,phases   ] GC(1) Concurrent Select Relocation Set 2.309ms
[4.677s][info][gc,phases   ] GC(1) Concurrent Prepare Relocation Set 0.273ms
[4.679s][info][gc,phases   ] GC(1) Pause Relocate Start 1.612ms
[4.694s][info][gc,phases   ] GC(1) Concurrent Relocate 14.487ms
[4.694s][info][gc,load     ] GC(1) Load: 2.49/2.21/1.43
[4.694s][info][gc,mmu      ] GC(1) MMU: 2ms/9.2%, 5ms/63.7%, 10ms/81.3%, 20ms/90.7%, 50ms/95.6%, 100ms/96.9%
[4.694s][info][gc,marking  ] GC(1) Mark: 1 stripe(s), 2 proactive flush(es), 3 terminate flush(es), 1 completion(s), 0 continuation(s) 
[4.694s][info][gc,reloc    ] GC(1) Relocation: Successful, 12M relocated
[4.694s][info][gc,nmethod  ] GC(1) NMethods: 679 registered, 0 unregistered
[4.694s][info][gc,metaspace] GC(1) Metaspace: 35M used, 36M capacity, 36M committed, 38M reserved
[4.694s][info][gc,ref      ] GC(1) Soft: 2902 encountered, 0 discovered, 0 enqueued
[4.694s][info][gc,ref      ] GC(1) Weak: 1460 encountered, 1122 discovered, 227 enqueued
[4.694s][info][gc,ref      ] GC(1) Final: 26 encountered, 13 discovered, 13 enqueued
[4.694s][info][gc,ref      ] GC(1) Phantom: 907 encountered, 765 discovered, 295 enqueued
[4.694s][info][gc,heap     ] GC(1)                Mark Start          Mark End        Relocate Start      Relocate End           High               Low         
[4.694s][info][gc,heap     ] GC(1)  Capacity:      160M (11%)         160M (11%)         160M (11%)         160M (11%)         160M (11%)         160M (11%)    
[4.694s][info][gc,heap     ] GC(1)   Reserve:       34M (2%)           34M (2%)           34M (2%)           34M (2%)           34M (2%)           34M (2%)     
[4.694s][info][gc,heap     ] GC(1)      Free:     1358M (91%)        1354M (90%)        1354M (90%)        1410M (94%)        1410M (94%)        1352M (90%)    
[4.694s][info][gc,heap     ] GC(1)      Used:      108M (7%)          112M (7%)          112M (7%)           56M (4%)          114M (8%)           56M (4%)     
[4.694s][info][gc,heap     ] GC(1)      Live:         -                21M (1%)           21M (1%)           21M (1%)             -                  -          
[4.694s][info][gc,heap     ] GC(1) Allocated:         -                 4M (0%)            4M (0%)           10M (1%)             -                  -          
[4.694s][info][gc,heap     ] GC(1)   Garbage:         -                86M (6%)           86M (6%)           30M (2%)             -                  -          
[4.694s][info][gc,heap     ] GC(1) Reclaimed:         -                  -                 0M (0%)           56M (4%)             -                  -          
[4.694s][info][gc          ] GC(1) Garbage Collection (Metadata GC Threshold) 108M(7%)->56M(4%)
[7.165s][info][gc,start    ] GC(2) Garbage Collection (Warmup)
[7.170s][info][gc,phases   ] GC(2) Pause Mark Start 2.024ms
[7.426s][info][gc,phases   ] GC(2) Concurrent Mark 255.485ms
[7.426s][info][gc,phases   ] GC(2) Pause Mark End 0.173ms
[7.428s][info][gc,phases   ] GC(2) Concurrent Process Non-Strong References 1.833ms
[7.428s][info][gc,phases   ] GC(2) Concurrent Reset Relocation Set 0.004ms
[7.428s][info][gc,phases   ] GC(2) Concurrent Destroy Detached Pages 0.000ms
[7.430s][info][gc,phases   ] GC(2) Concurrent Select Relocation Set 2.079ms
[7.439s][info][gc,phases   ] GC(2) Concurrent Prepare Relocation Set 8.740ms
[7.442s][info][gc,phases   ] GC(2) Pause Relocate Start 2.534ms
[7.762s][info][gc,phases   ] GC(2) Concurrent Relocate 320.145ms
[7.762s][info][gc,load     ] GC(2) Load: 2.53/2.22/1.44
[7.762s][info][gc,mmu      ] GC(2) MMU: 2ms/0.0%, 5ms/49.3%, 10ms/74.7%, 20ms/86.5%, 50ms/94.6%, 100ms/96.9%
[7.762s][info][gc,marking  ] GC(2) Mark: 1 stripe(s), 2 proactive flush(es), 1 terminate flush(es), 0 completion(s), 0 continuation(s) 
[7.762s][info][gc,reloc    ] GC(2) Relocation: Successful, 59M relocated
[7.762s][info][gc,nmethod  ] GC(2) NMethods: 1063 registered, 0 unregistered
[7.762s][info][gc,metaspace] GC(2) Metaspace: 50M used, 52M capacity, 52M committed, 54M reserved
[7.762s][info][gc,ref      ] GC(2) Soft: 3451 encountered, 0 discovered, 0 enqueued
[7.762s][info][gc,ref      ] GC(2) Weak: 2439 encountered, 1886 discovered, 283 enqueued
[7.762s][info][gc,ref      ] GC(2) Final: 29 encountered, 6 discovered, 6 enqueued
[7.762s][info][gc,ref      ] GC(2) Phantom: 1095 encountered, 1034 discovered, 464 enqueued
[7.762s][info][gc,heap     ] GC(2)                Mark Start          Mark End        Relocate Start      Relocate End           High               Low         
[7.762s][info][gc,heap     ] GC(2)  Capacity:      504M (34%)         642M (43%)         646M (43%)         648M (43%)         648M (43%)         504M (34%)    
[7.762s][info][gc,heap     ] GC(2)   Reserve:       34M (2%)           34M (2%)           34M (2%)           34M (2%)           34M (2%)           34M (2%)     
[7.762s][info][gc,heap     ] GC(2)      Free:      996M (66%)         858M (57%)         854M (57%)         970M (65%)         996M (66%)         852M (57%)    
[7.762s][info][gc,heap     ] GC(2)      Used:      470M (31%)         608M (41%)         612M (41%)         496M (33%)         614M (41%)         470M (31%)    
[7.762s][info][gc,heap     ] GC(2)      Live:         -                72M (5%)           72M (5%)           72M (5%)             -                  -          
[7.762s][info][gc,heap     ] GC(2) Allocated:         -               138M (9%)          142M (9%)          446M (30%)            -                  -          
[7.762s][info][gc,heap     ] GC(2)   Garbage:         -               397M (26%)         397M (26%)          31M (2%)             -                  -          
[7.762s][info][gc,heap     ] GC(2) Reclaimed:         -                  -                 0M (0%)          366M (24%)            -                  -          
[7.762s][info][gc          ] GC(2) Garbage Collection (Warmup) 470M(31%)->496M(33%)
[7.765s][info][gc,start    ] GC(3) Garbage Collection (Allocation Rate)
[7.768s][info][gc,phases   ] GC(3) Pause Mark Start 1.208ms
[8.281s][info][gc,phases   ] GC(3) Concurrent Mark 512.667ms
[8.281s][info][gc,phases   ] GC(3) Pause Mark End 0.186ms
[8.283s][info][gc,phases   ] GC(3) Concurrent Process Non-Strong References 1.320ms
[8.283s][info][gc,phases   ] GC(3) Concurrent Reset Relocation Set 0.620ms
[8.283s][info][gc,phases   ] GC(3) Concurrent Destroy Detached Pages 0.001ms
[8.285s][info][gc,phases   ] GC(3) Concurrent Select Relocation Set 1.515ms
[8.298s][info][gc,phases   ] GC(3) Concurrent Prepare Relocation Set 13.102ms
[8.302s][info][gc,phases   ] GC(3) Pause Relocate Start 1.061ms
[8.659s][info][gc,phases   ] GC(3) Concurrent Relocate 356.487ms
[8.659s][info][gc,load     ] GC(3) Load: 2.53/2.22/1.44
[8.659s][info][gc,mmu      ] GC(3) MMU: 2ms/0.0%, 5ms/49.3%, 10ms/74.7%, 20ms/86.5%, 50ms/94.6%, 100ms/96.9%
[8.659s][info][gc,marking  ] GC(3) Mark: 1 stripe(s), 2 proactive flush(es), 1 terminate flush(es), 0 completion(s), 0 continuation(s) 
[8.659s][info][gc,reloc    ] GC(3) Relocation: Successful, 63M relocated
[8.659s][info][gc,nmethod  ] GC(3) NMethods: 1093 registered, 0 unregistered
[8.659s][info][gc,metaspace] GC(3) Metaspace: 50M used, 52M capacity, 52M committed, 54M reserved
[8.659s][info][gc,ref      ] GC(3) Soft: 3451 encountered, 0 discovered, 0 enqueued
[8.659s][info][gc,ref      ] GC(3) Weak: 2156 encountered, 1603 discovered, 0 enqueued
[8.659s][info][gc,ref      ] GC(3) Final: 23 encountered, 0 discovered, 0 enqueued
[8.659s][info][gc,ref      ] GC(3) Phantom: 631 encountered, 627 discovered, 0 enqueued
[8.659s][info][gc,heap     ] GC(3)                Mark Start          Mark End        Relocate Start      Relocate End           High               Low         
[8.659s][info][gc,heap     ] GC(3)  Capacity:      648M (43%)         720M (48%)         720M (48%)         722M (48%)         722M (48%)         648M (43%)    
[8.659s][info][gc,heap     ] GC(3)   Reserve:       34M (2%)           34M (2%)           34M (2%)           34M (2%)           34M (2%)           34M (2%)     
[8.659s][info][gc,heap     ] GC(3)      Free:      966M (64%)         780M (52%)         780M (52%)        1122M (75%)        1122M (75%)         778M (52%)    
[8.659s][info][gc,heap     ] GC(3)      Used:      500M (33%)         686M (46%)         686M (46%)         344M (23%)         688M (46%)         344M (23%)    
[8.659s][info][gc,heap     ] GC(3)      Live:         -               128M (9%)          128M (9%)          128M (9%)             -                  -          
[8.659s][info][gc,heap     ] GC(3) Allocated:         -               186M (12%)         186M (12%)         242M (16%)            -                  -          
[8.659s][info][gc,heap     ] GC(3)   Garbage:         -               371M (25%)         371M (25%)          29M (2%)             -                  -          
[8.659s][info][gc,heap     ] GC(3) Reclaimed:         -                  -                 0M (0%)          342M (23%)            -                  -          
[8.659s][info][gc          ] GC(3) Garbage Collection (Allocation Rate) 500M(33%)->344M(23%)
[8.665s][info][gc,start    ] GC(4) Garbage Collection (Allocation Rate)
[8.668s][info][gc,phases   ] GC(4) Pause Mark Start 1.212ms
[9.147s][info][gc,phases   ] GC(4) Concurrent Mark 478.465ms
[9.151s][info][gc,phases   ] GC(4) Pause Mark End 0.563ms
[9.152s][info][gc,phases   ] GC(4) Concurrent Process Non-Strong References 0.906ms
[9.153s][info][gc,phases   ] GC(4) Concurrent Reset Relocation Set 0.649ms
[9.153s][info][gc,phases   ] GC(4) Concurrent Destroy Detached Pages 0.000ms
[9.159s][info][gc,phases   ] GC(4) Concurrent Select Relocation Set 5.729ms
[9.161s][info][gc,phases   ] GC(4) Concurrent Prepare Relocation Set 2.331ms
[9.166s][info][gc,phases   ] GC(4) Pause Relocate Start 1.182ms
[9.396s][info][gc,phases   ] GC(4) Concurrent Relocate 229.878ms
[9.396s][info][gc,load     ] GC(4) Load: 2.53/2.22/1.44
[9.397s][info][gc,mmu      ] GC(4) MMU: 2ms/0.0%, 5ms/49.3%, 10ms/74.7%, 20ms/86.5%, 50ms/94.6%, 100ms/96.9%
[9.397s][info][gc,marking  ] GC(4) Mark: 1 stripe(s), 3 proactive flush(es), 1 terminate flush(es), 0 completion(s), 0 continuation(s) 
[9.397s][info][gc,reloc    ] GC(4) Relocation: Successful, 35M relocated
[9.397s][info][gc,nmethod  ] GC(4) NMethods: 1147 registered, 0 unregistered
[9.397s][info][gc,metaspace] GC(4) Metaspace: 53M used, 55M capacity, 55M committed, 56M reserved
[9.397s][info][gc,ref      ] GC(4) Soft: 3451 encountered, 0 discovered, 0 enqueued
[9.397s][info][gc,ref      ] GC(4) Weak: 2156 encountered, 1602 discovered, 0 enqueued
[9.397s][info][gc,ref      ] GC(4) Final: 23 encountered, 0 discovered, 0 enqueued
[9.397s][info][gc,ref      ] GC(4) Phantom: 632 encountered, 628 discovered, 0 enqueued
[9.397s][info][gc,heap     ] GC(4)                Mark Start          Mark End        Relocate Start      Relocate End           High               Low         
[9.397s][info][gc,heap     ] GC(4)  Capacity:      722M (48%)         722M (48%)         722M (48%)         722M (48%)         722M (48%)         722M (48%)    
[9.397s][info][gc,heap     ] GC(4)   Reserve:       34M (2%)           34M (2%)           34M (2%)           34M (2%)           34M (2%)           34M (2%)     
[9.397s][info][gc,heap     ] GC(4)      Free:     1122M (75%)        1110M (74%)        1110M (74%)        1262M (84%)        1262M (84%)        1108M (74%)    
[9.397s][info][gc,heap     ] GC(4)      Used:      344M (23%)         356M (24%)         356M (24%)         204M (14%)         358M (24%)         204M (14%)    
[9.397s][info][gc,heap     ] GC(4)      Live:         -               153M (10%)         153M (10%)         153M (10%)            -                  -          
[9.397s][info][gc,heap     ] GC(4) Allocated:         -                12M (1%)           12M (1%)           46M (3%)             -                  -          
[9.397s][info][gc,heap     ] GC(4)   Garbage:         -               190M (13%)         190M (13%)          32M (2%)             -                  -          
[9.397s][info][gc,heap     ] GC(4) Reclaimed:         -                  -                 0M (0%)          158M (11%)            -                  -          
[9.397s][info][gc          ] GC(4) Garbage Collection (Allocation Rate) 344M(23%)->204M(14%)
[10.065s][info][gc,stats    ] === Garbage Collection Statistics =======================================================================================================================
[10.065s][info][gc,stats    ]                                                              Last 10s              Last 10m              Last 10h                Total
[10.065s][info][gc,stats    ]                                                              Avg / Max             Avg / Max             Avg / Max             Avg / Max
[10.065s][info][gc,stats    ]   Collector: Garbage Collection Cycle                    488.203 / 894.309     488.203 / 894.309     488.203 / 894.309     488.203 / 894.309     ms
[10.065s][info][gc,stats    ]  Contention: Mark Segment Reset Contention                     0 / 0                 0 / 0                 0 / 0                 0 / 0           ops/s
[10.065s][info][gc,stats    ]  Contention: Mark SeqNum Reset Contention                      0 / 0                 0 / 0                 0 / 0                 0 / 0           ops/s
[10.065s][info][gc,stats    ]  Contention: Relocation Contention                             0 / 0                 0 / 0                 0 / 0                 0 / 0           ops/s
[10.065s][info][gc,stats    ]    Critical: Allocation Stall                              0.000 / 0.000         0.000 / 0.000         0.000 / 0.000         0.000 / 0.000       ms
[10.065s][info][gc,stats    ]    Critical: Allocation Stall                                  0 / 0                 0 / 0                 0 / 0                 0 / 0           ops/s
[10.065s][info][gc,stats    ]    Critical: GC Locker Stall                               0.000 / 0.000         0.000 / 0.000         0.000 / 0.000         0.000 / 0.000       ms
[10.065s][info][gc,stats    ]    Critical: GC Locker Stall                                   0 / 0                 0 / 0                 0 / 0                 0 / 0           ops/s
[10.065s][info][gc,stats    ]      Memory: Allocation Rate                                 124 / 670             124 / 670             124 / 670             124 / 670         MB/s
[10.065s][info][gc,stats    ]      Memory: Heap Used After Mark                            370 / 686             370 / 686             370 / 686             370 / 686         MB
[10.065s][info][gc,stats    ]      Memory: Heap Used After Relocation                      230 / 496             230 / 496             230 / 496             230 / 496         MB
[10.065s][info][gc,stats    ]      Memory: Heap Used Before Mark                           302 / 500             302 / 500             302 / 500             302 / 500         MB
[10.065s][info][gc,stats    ]      Memory: Heap Used Before Relocation                     371 / 686             371 / 686             371 / 686             371 / 686         MB
[10.065s][info][gc,stats    ]      Memory: Out Of Memory                                     0 / 0                 0 / 0                 0 / 0                 0 / 0           ops/s
[10.065s][info][gc,stats    ]      Memory: Page Cache Flush                                  0 / 0                 0 / 0                 0 / 0                 0 / 0           MB/s
[10.065s][info][gc,stats    ]      Memory: Page Cache Hit L1                                32 / 210              32 / 210              32 / 210              32 / 210         ops/s
[10.065s][info][gc,stats    ]      Memory: Page Cache Hit L2                                 0 / 0                 0 / 0                 0 / 0                 0 / 0           ops/s
[10.065s][info][gc,stats    ]      Memory: Page Cache Miss                                  33 / 153              33 / 153              33 / 153              33 / 153         ops/s
[10.065s][info][gc,stats    ]      Memory: Undo Object Allocation Failed                     0 / 0                 0 / 0                 0 / 0                 0 / 0           ops/s
[10.065s][info][gc,stats    ]      Memory: Undo Object Allocation Succeeded                  0 / 0                 0 / 0                 0 / 0                 0 / 0           ops/s
[10.065s][info][gc,stats    ]      Memory: Undo Page Allocation                              0 / 0                 0 / 0                 0 / 0                 0 / 0           ops/s
[10.065s][info][gc,stats    ]       Phase: Concurrent Destroy Detached Pages             0.000 / 0.001         0.000 / 0.001         0.000 / 0.001         0.000 / 0.001       ms
[10.065s][info][gc,stats    ]       Phase: Concurrent Mark                             275.874 / 512.667     275.874 / 512.667     275.874 / 512.667     275.874 / 512.667     ms
[10.065s][info][gc,stats    ]       Phase: Concurrent Mark Continue                      0.000 / 0.000         0.000 / 0.000         0.000 / 0.000         0.000 / 0.000       ms
[10.065s][info][gc,stats    ]       Phase: Concurrent Prepare Relocation Set             5.048 / 13.102        5.048 / 13.102        5.048 / 13.102        5.048 / 13.102      ms
[10.065s][info][gc,stats    ]       Phase: Concurrent Process Non-Strong References      1.227 / 1.833         1.227 / 1.833         1.227 / 1.833         1.227 / 1.833       ms
[10.065s][info][gc,stats    ]       Phase: Concurrent Relocate                         188.936 / 356.487     188.936 / 356.487     188.936 / 356.487     188.936 / 356.487     ms
[10.065s][info][gc,stats    ]       Phase: Concurrent Reset Relocation Set               0.267 / 0.649         0.267 / 0.649         0.267 / 0.649         0.267 / 0.649       ms
[10.065s][info][gc,stats    ]       Phase: Concurrent Select Relocation Set              8.156 / 29.150        8.156 / 29.150        8.156 / 29.150        8.156 / 29.150      ms
[10.065s][info][gc,stats    ]       Phase: Pause Mark End                                0.316 / 0.563         0.316 / 0.563         0.316 / 0.563         0.316 / 0.563       ms
[10.065s][info][gc,stats    ]       Phase: Pause Mark Start                              1.263 / 2.024         1.263 / 2.024         1.263 / 2.024         1.263 / 2.024       ms
[10.065s][info][gc,stats    ]       Phase: Pause Relocate Start                          1.641 / 2.534         1.641 / 2.534         1.641 / 2.534         1.641 / 2.534       ms
[10.065s][info][gc,stats    ]    Subphase: Concurrent Mark                             275.850 / 512.638     275.850 / 512.638     275.850 / 512.638     275.850 / 512.638     ms
[10.065s][info][gc,stats    ]    Subphase: Concurrent Mark Idle                          0.000 / 0.000         0.000 / 0.000         0.000 / 0.000         0.000 / 0.000       ms
[10.065s][info][gc,stats    ]    Subphase: Concurrent Mark Try Flush                     2.131 / 5.823         2.131 / 5.823         2.131 / 5.823         2.131 / 5.823       ms
[10.065s][info][gc,stats    ]    Subphase: Concurrent Mark Try Terminate                 1.362 / 4.843         1.362 / 4.843         1.362 / 4.843         1.362 / 4.843       ms
[10.065s][info][gc,stats    ]    Subphase: Concurrent References Enqueue                 0.002 / 0.004         0.002 / 0.004         0.002 / 0.004         0.002 / 0.004       ms
[10.065s][info][gc,stats    ]    Subphase: Concurrent References Process                 0.514 / 0.763         0.514 / 0.763         0.514 / 0.763         0.514 / 0.763       ms
[10.065s][info][gc,stats    ]    Subphase: Concurrent Weak Roots                         0.689 / 1.055         0.689 / 1.055         0.689 / 1.055         0.689 / 1.055       ms
[10.065s][info][gc,stats    ]    Subphase: Concurrent Weak Roots JNIWeakHandles          0.000 / 0.001         0.000 / 0.001         0.000 / 0.001         0.000 / 0.001       ms
[10.065s][info][gc,stats    ]    Subphase: Concurrent Weak Roots StringTable             0.546 / 0.855         0.546 / 0.855         0.546 / 0.855         0.546 / 0.855       ms
[10.065s][info][gc,stats    ]    Subphase: Concurrent Weak Roots VMWeakHandles           0.141 / 0.230         0.141 / 0.230         0.141 / 0.230         0.141 / 0.230       ms
[10.065s][info][gc,stats    ]    Subphase: Pause Mark Try Complete                       0.001 / 0.001         0.001 / 0.001         0.001 / 0.001         0.001 / 0.001       ms
[10.065s][info][gc,stats    ]    Subphase: Pause Remap TLABS                             0.001 / 0.001         0.001 / 0.001         0.001 / 0.001         0.001 / 0.001       ms
[10.065s][info][gc,stats    ]    Subphase: Pause Retire TLABS                            0.011 / 0.020         0.011 / 0.020         0.011 / 0.020         0.011 / 0.020       ms
[10.065s][info][gc,stats    ]    Subphase: Pause Roots                                   0.973 / 2.340         0.973 / 2.340         0.973 / 2.340         0.973 / 2.340       ms
[10.065s][info][gc,stats    ]    Subphase: Pause Roots ClassLoaderDataGraph              0.557 / 1.270         0.557 / 1.270         0.557 / 1.270         0.557 / 1.270       ms
[10.065s][info][gc,stats    ]    Subphase: Pause Roots CodeCache                         0.394 / 0.488         0.394 / 0.488         0.394 / 0.488         0.394 / 0.488       ms
[10.065s][info][gc,stats    ]    Subphase: Pause Roots JNIHandles                        0.001 / 0.004         0.001 / 0.004         0.001 / 0.004         0.001 / 0.004       ms
[10.065s][info][gc,stats    ]    Subphase: Pause Roots JNIWeakHandles                    0.000 / 0.000         0.000 / 0.000         0.000 / 0.000         0.000 / 0.000       ms
[10.065s][info][gc,stats    ]    Subphase: Pause Roots JRFWeak                           0.000 / 0.000         0.000 / 0.000         0.000 / 0.000         0.000 / 0.000       ms
[10.065s][info][gc,stats    ]    Subphase: Pause Roots JVMTIExport                       0.001 / 0.001         0.001 / 0.001         0.001 / 0.001         0.001 / 0.001       ms
[10.065s][info][gc,stats    ]    Subphase: Pause Roots JVMTIWeakExport                   0.001 / 0.001         0.001 / 0.001         0.001 / 0.001         0.001 / 0.001       ms
[10.065s][info][gc,stats    ]    Subphase: Pause Roots Management                        0.032 / 0.310         0.032 / 0.310         0.032 / 0.310         0.032 / 0.310       ms
[10.065s][info][gc,stats    ]    Subphase: Pause Roots ObjectSynchronizer                0.000 / 0.000         0.000 / 0.000         0.000 / 0.000         0.000 / 0.000       ms
[10.065s][info][gc,stats    ]    Subphase: Pause Roots Setup                             0.069 / 0.155         0.069 / 0.155         0.069 / 0.155         0.069 / 0.155       ms
[10.065s][info][gc,stats    ]    Subphase: Pause Roots StringTable                       0.000 / 0.000         0.000 / 0.000         0.000 / 0.000         0.000 / 0.000       ms
[10.065s][info][gc,stats    ]    Subphase: Pause Roots SystemDictionary                  0.014 / 0.047         0.014 / 0.047         0.014 / 0.047         0.014 / 0.047       ms
[10.065s][info][gc,stats    ]    Subphase: Pause Roots Teardown                          0.001 / 0.001         0.001 / 0.001         0.001 / 0.001         0.001 / 0.001       ms
[10.065s][info][gc,stats    ]    Subphase: Pause Roots Threads                           0.304 / 0.958         0.304 / 0.958         0.304 / 0.958         0.304 / 0.958       ms
[10.065s][info][gc,stats    ]    Subphase: Pause Roots Universe                          0.002 / 0.003         0.002 / 0.003         0.002 / 0.003         0.002 / 0.003       ms
[10.065s][info][gc,stats    ]    Subphase: Pause Roots VMWeakHandles                     0.000 / 0.000         0.000 / 0.000         0.000 / 0.000         0.000 / 0.000       ms
[10.065s][info][gc,stats    ]    Subphase: Pause Weak Roots                              0.005 / 0.016         0.005 / 0.016         0.005 / 0.016         0.005 / 0.016       ms
[10.066s][info][gc,stats    ]    Subphase: Pause Weak Roots JFRWeak                      0.001 / 0.001         0.001 / 0.001         0.001 / 0.001         0.001 / 0.001       ms
[10.066s][info][gc,stats    ]    Subphase: Pause Weak Roots JNIWeakHandles               0.000 / 0.000         0.000 / 0.000         0.000 / 0.000         0.000 / 0.000       ms
[10.066s][info][gc,stats    ]    Subphase: Pause Weak Roots JVMTIWeakExport              0.003 / 0.013         0.003 / 0.013         0.003 / 0.013         0.003 / 0.013       ms
[10.066s][info][gc,stats    ]    Subphase: Pause Weak Roots Setup                        0.000 / 0.000         0.000 / 0.000         0.000 / 0.000         0.000 / 0.000       ms
[10.066s][info][gc,stats    ]    Subphase: Pause Weak Roots StringTable                  0.000 / 0.000         0.000 / 0.000         0.000 / 0.000         0.000 / 0.000       ms
[10.066s][info][gc,stats    ]    Subphase: Pause Weak Roots SymbolTable                  0.000 / 0.000         0.000 / 0.000         0.000 / 0.000         0.000 / 0.000       ms
[10.066s][info][gc,stats    ]    Subphase: Pause Weak Roots Teardown                     0.001 / 0.001         0.001 / 0.001         0.001 / 0.001         0.001 / 0.001       ms
[10.066s][info][gc,stats    ]    Subphase: Pause Weak Roots VMWeakHandles                0.000 / 0.000         0.000 / 0.000         0.000 / 0.000         0.000 / 0.000       ms
[10.066s][info][gc,stats    ]      System: Java Threads                                     31 / 46               31 / 46               31 / 46               31 / 46          threads
[10.066s][info][gc,stats    ] =========================================================================================================================================================
[10.135s][info][gc,start    ] GC(5) Garbage Collection (System.gc())
[10.136s][info][gc,phases   ] GC(5) Pause Mark Start 1.496ms
[10.168s][info][gc,phases   ] GC(5) Concurrent Mark 31.316ms
[10.168s][info][gc,phases   ] GC(5) Pause Mark End 0.165ms
[10.169s][info][gc,phases   ] GC(5) Concurrent Process Non-Strong References 1.040ms
[10.169s][info][gc,phases   ] GC(5) Concurrent Reset Relocation Set 0.298ms
[10.169s][info][gc,phases   ] GC(5) Concurrent Destroy Detached Pages 0.000ms
[10.182s][info][gc,phases   ] GC(5) Concurrent Select Relocation Set 13.215ms
[10.183s][info][gc,phases   ] GC(5) Concurrent Prepare Relocation Set 0.077ms
[10.186s][info][gc,phases   ] GC(5) Pause Relocate Start 2.925ms
[10.195s][info][gc,phases   ] GC(5) Concurrent Relocate 9.386ms
[10.195s][info][gc,load     ] GC(5) Load: 2.53/2.22/1.44
[10.195s][info][gc,mmu      ] GC(5) MMU: 2ms/0.0%, 5ms/41.5%, 10ms/70.8%, 20ms/84.6%, 50ms/92.7%, 100ms/95.4%
[10.195s][info][gc,marking  ] GC(5) Mark: 1 stripe(s), 2 proactive flush(es), 1 terminate flush(es), 0 completion(s), 0 continuation(s) 
[10.195s][info][gc,reloc    ] GC(5) Relocation: Successful, 9M relocated
[10.195s][info][gc,nmethod  ] GC(5) NMethods: 1366 registered, 0 unregistered
[10.195s][info][gc,metaspace] GC(5) Metaspace: 56M used, 58M capacity, 59M committed, 60M reserved
[10.195s][info][gc,ref      ] GC(5) Soft: 3719 encountered, 0 discovered, 0 enqueued
[10.195s][info][gc,ref      ] GC(5) Weak: 2780 encountered, 2146 discovered, 179 enqueued
[10.195s][info][gc,ref      ] GC(5) Final: 33 encountered, 7 discovered, 7 enqueued
[10.195s][info][gc,ref      ] GC(5) Phantom: 873 encountered, 699 discovered, 232 enqueued
[10.195s][info][gc,heap     ] GC(5)                Mark Start          Mark End        Relocate Start      Relocate End           High               Low         
[10.195s][info][gc,heap     ] GC(5)  Capacity:      760M (51%)         760M (51%)         760M (51%)         760M (51%)         760M (51%)         760M (51%)    
[10.195s][info][gc,heap     ] GC(5)   Reserve:       34M (2%)           34M (2%)           34M (2%)           34M (2%)           34M (2%)           34M (2%)     
[10.196s][info][gc,heap     ] GC(5)      Free:     1200M (80%)        1200M (80%)        1356M (90%)        1408M (94%)        1408M (94%)        1200M (80%)    
[10.196s][info][gc,heap     ] GC(5)      Used:      266M (18%)         266M (18%)         110M (7%)           58M (4%)          266M (18%)          58M (4%)     
[10.196s][info][gc,heap     ] GC(5)      Live:         -                27M (2%)           27M (2%)           27M (2%)             -                  -          
[10.196s][info][gc,heap     ] GC(5) Allocated:         -                 0M (0%)            0M (0%)            4M (0%)             -                  -          
[10.196s][info][gc,heap     ] GC(5)   Garbage:         -               238M (16%)          82M (5%)           30M (2%)             -                  -          
[10.196s][info][gc,heap     ] GC(5) Reclaimed:         -                  -               156M (10%)         208M (14%)            -                  -          
[10.196s][info][gc          ] GC(5) Garbage Collection (System.gc()) 266M(18%)->58M(4%)
[12.065s][info][gc,start    ] GC(6) Garbage Collection (Allocation Rate)
[12.071s][info][gc,phases   ] GC(6) Pause Mark Start 2.521ms
[12.305s][info][gc,phases   ] GC(6) Concurrent Mark 233.889ms
[12.308s][info][gc,phases   ] GC(6) Pause Mark End 0.209ms
[12.310s][info][gc,phases   ] GC(6) Concurrent Process Non-Strong References 1.797ms
[12.310s][info][gc,phases   ] GC(6) Concurrent Reset Relocation Set 0.004ms
[12.310s][info][gc,phases   ] GC(6) Concurrent Destroy Detached Pages 0.000ms
[12.312s][info][gc,phases   ] GC(6) Concurrent Select Relocation Set 1.621ms
[12.322s][info][gc,phases   ] GC(6) Concurrent Prepare Relocation Set 10.113ms
[12.327s][info][gc,phases   ] GC(6) Pause Relocate Start 2.785ms
[12.539s][info][gc,phases   ] GC(6) Concurrent Relocate 207.912ms
[12.539s][info][gc,load     ] GC(6) Load: 2.49/2.22/1.44
[12.539s][info][gc,mmu      ] GC(6) MMU: 2ms/0.0%, 5ms/41.5%, 10ms/70.8%, 20ms/84.6%, 50ms/92.7%, 100ms/95.4%
[12.539s][info][gc,marking  ] GC(6) Mark: 1 stripe(s), 2 proactive flush(es), 1 terminate flush(es), 0 completion(s), 0 continuation(s) 
[12.539s][info][gc,reloc    ] GC(6) Relocation: Successful, 42M relocated
[12.539s][info][gc,nmethod  ] GC(6) NMethods: 1843 registered, 0 unregistered
[12.539s][info][gc,metaspace] GC(6) Metaspace: 62M used, 65M capacity, 65M committed, 66M reserved
[12.539s][info][gc,ref      ] GC(6) Soft: 4282 encountered, 0 discovered, 0 enqueued
[12.539s][info][gc,ref      ] GC(6) Weak: 3799 encountered, 2792 discovered, 243 enqueued
[12.539s][info][gc,ref      ] GC(6) Final: 31 encountered, 4 discovered, 4 enqueued
[12.539s][info][gc,ref      ] GC(6) Phantom: 952 encountered, 917 discovered, 304 enqueued
[12.539s][info][gc,heap     ] GC(6)                Mark Start          Mark End        Relocate Start      Relocate End           High               Low         
[12.539s][info][gc,heap     ] GC(6)  Capacity:      760M (51%)         808M (54%)         810M (54%)         860M (57%)         860M (57%)         760M (51%)    
[12.539s][info][gc,heap     ] GC(6)   Reserve:       34M (2%)           34M (2%)           34M (2%)           34M (2%)           34M (2%)           34M (2%)     
[12.539s][info][gc,heap     ] GC(6)      Free:      904M (60%)         692M (46%)         696M (46%)         948M (63%)         948M (63%)         656M (44%)    
[12.539s][info][gc,heap     ] GC(6)      Used:      562M (37%)         774M (52%)         770M (51%)         518M (35%)         810M (54%)         518M (35%)    
[12.539s][info][gc,heap     ] GC(6)      Live:         -                62M (4%)           62M (4%)           62M (4%)             -                  -          
[12.539s][info][gc,heap     ] GC(6) Allocated:         -               212M (14%)         214M (14%)         492M (33%)            -                  -          
[12.539s][info][gc,heap     ] GC(6)   Garbage:         -               499M (33%)         493M (33%)          33M (2%)             -                  -          
[12.539s][info][gc,heap     ] GC(6) Reclaimed:         -                  -                 6M (0%)          466M (31%)            -                  -          
[12.539s][info][gc          ] GC(6) Garbage Collection (Allocation Rate) 562M(37%)->518M(35%)
[12.566s][info][gc,start    ] GC(7) Garbage Collection (Allocation Rate)
[12.569s][info][gc,phases   ] GC(7) Pause Mark Start 1.827ms
[12.898s][info][gc,phases   ] GC(7) Concurrent Mark 328.347ms
[12.900s][info][gc,phases   ] GC(7) Pause Mark End 0.221ms
[12.902s][info][gc,phases   ] GC(7) Concurrent Process Non-Strong References 1.554ms
[12.902s][info][gc,phases   ] GC(7) Concurrent Reset Relocation Set 0.490ms
[12.902s][info][gc,phases   ] GC(7) Concurrent Destroy Detached Pages 0.000ms
[12.904s][info][gc,phases   ] GC(7) Concurrent Select Relocation Set 1.569ms
[12.919s][info][gc,phases   ] GC(7) Concurrent Prepare Relocation Set 15.363ms
[12.924s][info][gc,phases   ] GC(7) Pause Relocate Start 2.092ms
[13.147s][info][gc,phases   ] GC(7) Concurrent Relocate 223.068ms
[13.147s][info][gc,load     ] GC(7) Load: 2.49/2.22/1.44
[13.147s][info][gc,mmu      ] GC(7) MMU: 2ms/0.0%, 5ms/41.5%, 10ms/70.8%, 20ms/84.6%, 50ms/92.7%, 100ms/95.4%
[13.147s][info][gc,marking  ] GC(7) Mark: 1 stripe(s), 2 proactive flush(es), 1 terminate flush(es), 0 completion(s), 0 continuation(s) 
[13.147s][info][gc,reloc    ] GC(7) Relocation: Successful, 48M relocated
[13.147s][info][gc,nmethod  ] GC(7) NMethods: 1864 registered, 0 unregistered
[13.147s][info][gc,metaspace] GC(7) Metaspace: 62M used, 65M capacity, 65M committed, 66M reserved
[13.147s][info][gc,ref      ] GC(7) Soft: 4282 encountered, 0 discovered, 0 enqueued
[13.147s][info][gc,ref      ] GC(7) Weak: 3556 encountered, 2549 discovered, 0 enqueued
[13.147s][info][gc,ref      ] GC(7) Final: 27 encountered, 0 discovered, 0 enqueued
[13.147s][info][gc,ref      ] GC(7) Phantom: 648 encountered, 644 discovered, 0 enqueued
[13.147s][info][gc,heap     ] GC(7)                Mark Start          Mark End        Relocate Start      Relocate End           High               Low         
[13.147s][info][gc,heap     ] GC(7)  Capacity:      860M (57%)        1002M (67%)        1014M (68%)        1016M (68%)        1016M (68%)         860M (57%)    
[13.147s][info][gc,heap     ] GC(7)   Reserve:       34M (2%)           34M (2%)           34M (2%)           34M (2%)           34M (2%)           34M (2%)     
[13.147s][info][gc,heap     ] GC(7)      Free:      882M (59%)         568M (38%)         562M (37%)         672M (45%)         882M (59%)         560M (37%)    
[13.147s][info][gc,heap     ] GC(7)      Used:      584M (39%)         898M (60%)         904M (60%)         794M (53%)         906M (60%)         584M (39%)    
[13.147s][info][gc,heap     ] GC(7)      Live:         -               108M (7%)          108M (7%)          108M (7%)             -                  -          
[13.147s][info][gc,heap     ] GC(7) Allocated:         -               314M (21%)         326M (22%)         698M (47%)            -                  -          
[13.147s][info][gc,heap     ] GC(7)   Garbage:         -               475M (32%)         469M (31%)          29M (2%)             -                  -          
[13.147s][info][gc,heap     ] GC(7) Reclaimed:         -                  -                 6M (0%)          446M (30%)            -                  -          
[13.147s][info][gc          ] GC(7) Garbage Collection (Allocation Rate) 584M(39%)->794M(53%)
[13.166s][info][gc,start    ] GC(8) Garbage Collection (Allocation Rate)
[13.174s][info][gc,phases   ] GC(8) Pause Mark Start 1.948ms
[13.750s][info][gc,phases   ] GC(8) Concurrent Mark 575.939ms
[13.751s][info][gc,phases   ] GC(8) Pause Mark End 0.201ms
[13.752s][info][gc,phases   ] GC(8) Concurrent Process Non-Strong References 1.438ms
[13.753s][info][gc,phases   ] GC(8) Concurrent Reset Relocation Set 0.790ms
[13.753s][info][gc,phases   ] GC(8) Concurrent Destroy Detached Pages 0.001ms
[13.754s][info][gc,phases   ] GC(8) Concurrent Select Relocation Set 1.561ms
[13.795s][info][gc,phases   ] GC(8) Concurrent Prepare Relocation Set 40.687ms
[13.799s][info][gc,phases   ] GC(8) Pause Relocate Start 3.192ms
[14.202s][info][gc,phases   ] GC(8) Concurrent Relocate 403.762ms
[14.203s][info][gc,load     ] GC(8) Load: 2.49/2.22/1.44
[14.203s][info][gc,mmu      ] GC(8) MMU: 2ms/0.0%, 5ms/36.2%, 10ms/68.1%, 20ms/84.0%, 50ms/92.7%, 100ms/95.4%
[14.203s][info][gc,marking  ] GC(8) Mark: 1 stripe(s), 2 proactive flush(es), 1 terminate flush(es), 0 completion(s), 0 continuation(s) 
[14.203s][info][gc,reloc    ] GC(8) Relocation: Successful, 59M relocated
[14.203s][info][gc,nmethod  ] GC(8) NMethods: 1890 registered, 0 unregistered
[14.203s][info][gc,metaspace] GC(8) Metaspace: 63M used, 66M capacity, 66M committed, 68M reserved
[14.203s][info][gc,ref      ] GC(8) Soft: 4282 encountered, 0 discovered, 0 enqueued
[14.203s][info][gc,ref      ] GC(8) Weak: 3556 encountered, 2549 discovered, 0 enqueued
[14.203s][info][gc,ref      ] GC(8) Final: 27 encountered, 0 discovered, 0 enqueued
[14.203s][info][gc,ref      ] GC(8) Phantom: 648 encountered, 644 discovered, 0 enqueued
[14.203s][info][gc,heap     ] GC(8)                Mark Start          Mark End        Relocate Start      Relocate End           High               Low         
[14.203s][info][gc,heap     ] GC(8)  Capacity:     1034M (69%)        1336M (89%)        1350M (90%)        1366M (91%)        1366M (91%)        1034M (69%)    
[14.203s][info][gc,heap     ] GC(8)   Reserve:       34M (2%)           34M (2%)           34M (2%)           34M (2%)           34M (2%)           34M (2%)     
[14.203s][info][gc,heap     ] GC(8)      Free:      654M (44%)         240M (16%)         226M (15%)         596M (40%)         654M (44%)         222M (15%)    
[14.203s][info][gc,heap     ] GC(8)      Used:      812M (54%)        1226M (82%)        1240M (83%)         870M (58%)        1244M (83%)         812M (54%)    
[14.203s][info][gc,heap     ] GC(8)      Live:         -               179M (12%)         179M (12%)         179M (12%)            -                  -          
[14.203s][info][gc,heap     ] GC(8) Allocated:         -               414M (28%)         428M (29%)         716M (48%)            -                  -          
[14.203s][info][gc,heap     ] GC(8)   Garbage:         -               632M (42%)         632M (42%)          32M (2%)             -                  -          
[14.203s][info][gc,heap     ] GC(8) Reclaimed:         -                  -                 0M (0%)          600M (40%)            -                  -          
[14.203s][info][gc          ] GC(8) Garbage Collection (Allocation Rate) 812M(54%)->870M(58%)
[14.265s][info][gc,start    ] GC(9) Garbage Collection (Allocation Rate)
[14.268s][info][gc,phases   ] GC(9) Pause Mark Start 2.115ms
[15.378s][info][gc,phases   ] GC(9) Concurrent Mark 1109.321ms
[15.378s][info][gc,phases   ] GC(9) Pause Mark End 0.289ms
[15.380s][info][gc,phases   ] GC(9) Concurrent Process Non-Strong References 1.612ms
[15.384s][info][gc,phases   ] GC(9) Concurrent Reset Relocation Set 1.090ms
[15.387s][info][gc,phases   ] GC(9) Concurrent Destroy Detached Pages 0.001ms
[15.389s][info][gc,phases   ] GC(9) Concurrent Select Relocation Set 1.584ms
[15.443s][info][gc,phases   ] GC(9) Concurrent Prepare Relocation Set 54.678ms
[15.451s][info][gc,phases   ] GC(9) Pause Relocate Start 3.483ms
[15.774s][info][gc,phases   ] GC(9) Concurrent Relocate 323.078ms
[15.774s][info][gc,load     ] GC(9) Load: 2.49/2.22/1.44
[15.774s][info][gc,mmu      ] GC(9) MMU: 2ms/0.0%, 5ms/30.3%, 10ms/65.2%, 20ms/82.6%, 50ms/92.7%, 100ms/95.4%
[15.774s][info][gc,marking  ] GC(9) Mark: 1 stripe(s), 2 proactive flush(es), 1 terminate flush(es), 0 completion(s), 0 continuation(s) 
[15.774s][info][gc,reloc    ] GC(9) Relocation: Successful, 57M relocated
[15.774s][info][gc,nmethod  ] GC(9) NMethods: 2149 registered, 0 unregistered
[15.774s][info][gc,metaspace] GC(9) Metaspace: 65M used, 68M capacity, 68M committed, 70M reserved
[15.774s][info][gc,ref      ] GC(9) Soft: 4352 encountered, 0 discovered, 0 enqueued
[15.774s][info][gc,ref      ] GC(9) Weak: 3884 encountered, 2907 discovered, 92 enqueued
[15.774s][info][gc,ref      ] GC(9) Final: 27 encountered, 0 discovered, 0 enqueued
[15.774s][info][gc,ref      ] GC(9) Phantom: 739 encountered, 735 discovered, 92 enqueued
[15.774s][info][gc,heap     ] GC(9)                Mark Start          Mark End        Relocate Start      Relocate End           High               Low         
[15.774s][info][gc,heap     ] GC(9)  Capacity:     1366M (91%)        1366M (91%)        1366M (91%)        1366M (91%)        1366M (91%)        1366M (91%)    
[15.774s][info][gc,heap     ] GC(9)   Reserve:       34M (2%)           34M (2%)           34M (2%)           34M (2%)           34M (2%)           34M (2%)     
[15.774s][info][gc,heap     ] GC(9)      Free:      592M (39%)         402M (27%)         408M (27%)         582M (39%)         592M (39%)         402M (27%)    
[15.774s][info][gc,heap     ] GC(9)      Used:      874M (58%)        1064M (71%)        1058M (71%)         884M (59%)        1064M (71%)         874M (58%)    
[15.774s][info][gc,heap     ] GC(9)      Live:         -               214M (14%)         214M (14%)         214M (14%)            -                  -          
[15.774s][info][gc,heap     ] GC(9) Allocated:         -               190M (13%)         212M (14%)         690M (46%)            -                  -          
[15.774s][info][gc,heap     ] GC(9)   Garbage:         -               659M (44%)         631M (42%)          31M (2%)             -                  -          
[15.774s][info][gc,heap     ] GC(9) Reclaimed:         -                  -                28M (2%)          628M (42%)            -                  -          
[15.774s][info][gc          ] GC(9) Garbage Collection (Allocation Rate) 874M(58%)->884M(59%)
[15.865s][info][gc,start    ] GC(10) Garbage Collection (Allocation Rate)
[15.870s][info][gc,phases   ] GC(10) Pause Mark Start 2.145ms
[16.419s][info][gc,heap     ] Page Cache Flushed: 2M requested, 6M(66M->60M) flushed
[16.432s][info][gc,heap     ] Page Cache Flushed: 2M requested, 18M(60M->42M) flushed
[16.445s][info][gc,heap     ] Page Cache Flushed: 2M requested, 10M(42M->32M) flushed
[16.455s][info][gc,heap     ] Page Cache Flushed: 2M requested, 32M(32M->0M) flushed
[16.457s][info][gc,phases   ] GC(10) Concurrent Mark 586.672ms
[16.459s][info][gc,phases   ] GC(10) Pause Mark End 0.207ms
[16.460s][info][gc,phases   ] GC(10) Concurrent Process Non-Strong References 1.434ms
[16.460s][info][gc,phases   ] GC(10) Concurrent Reset Relocation Set 0.102ms
[16.460s][info][gc,phases   ] GC(10) Concurrent Destroy Detached Pages 0.003ms
[16.462s][info][gc,phases   ] GC(10) Concurrent Select Relocation Set 1.528ms
[16.462s][info][gc,phases   ] GC(10) Concurrent Prepare Relocation Set 0.018ms
[16.464s][info][gc,phases   ] GC(10) Pause Relocate Start 1.827ms
[16.468s][info][gc,phases   ] GC(10) Concurrent Relocate 1.636ms
[16.468s][info][gc,load     ] GC(10) Load: 2.45/2.22/1.44
[16.468s][info][gc,mmu      ] GC(10) MMU: 2ms/0.0%, 5ms/30.3%, 10ms/65.2%, 20ms/82.6%, 50ms/92.7%, 100ms/95.4%
[16.468s][info][gc,marking  ] GC(10) Mark: 1 stripe(s), 2 proactive flush(es), 1 terminate flush(es), 0 completion(s), 0 continuation(s) 
[16.468s][info][gc,reloc    ] GC(10) Relocation: Successful, 6M relocated
[16.468s][info][gc,nmethod  ] GC(10) NMethods: 2152 registered, 0 unregistered
[16.468s][info][gc,metaspace] GC(10) Metaspace: 65M used, 68M capacity, 68M committed, 70M reserved
[16.468s][info][gc,ref      ] GC(10) Soft: 4546 encountered, 0 discovered, 0 enqueued
[16.468s][info][gc,ref      ] GC(10) Weak: 4264 encountered, 3146 discovered, 159 enqueued
[16.468s][info][gc,ref      ] GC(10) Final: 27 encountered, 0 discovered, 0 enqueued
[16.468s][info][gc,ref      ] GC(10) Phantom: 759 encountered, 755 discovered, 112 enqueued
[16.468s][info][gc,heap     ] GC(10)                Mark Start          Mark End        Relocate Start      Relocate End           High               Low         
[16.468s][info][gc,heap     ] GC(10)  Capacity:     1366M (91%)        1500M (100%)       1500M (100%)       1500M (100%)       1500M (100%)       1366M (91%)    
[16.468s][info][gc,heap     ] GC(10)   Reserve:       34M (2%)           34M (2%)           34M (2%)           34M (2%)           34M (2%)           34M (2%)     
[16.468s][info][gc,heap     ] GC(10)      Free:      348M (23%)          28M (2%)          850M (57%)         898M (60%)         898M (60%)          28M (2%)     
[16.468s][info][gc,heap     ] GC(10)      Used:     1118M (75%)        1438M (96%)         616M (41%)         568M (38%)        1438M (96%)         568M (38%)    
[16.468s][info][gc,heap     ] GC(10)      Live:         -               215M (14%)         215M (14%)         215M (14%)            -                  -          
[16.468s][info][gc,heap     ] GC(10) Allocated:         -               322M (21%)         322M (21%)         324M (22%)            -                  -          
[16.468s][info][gc,heap     ] GC(10)   Garbage:         -               902M (60%)          80M (5%)           32M (2%)             -                  -          
[16.468s][info][gc,heap     ] GC(10) Reclaimed:         -                  -               822M (55%)         870M (58%)            -                  -          
[16.468s][info][gc          ] GC(10) Garbage Collection (Allocation Rate) 1118M(75%)->568M(38%)
[16.565s][info][gc,start    ] GC(11) Garbage Collection (Allocation Rate)
[16.569s][info][gc,phases   ] GC(11) Pause Mark Start 2.087ms
[16.984s][info][gc,heap     ] Page Cache Flushed: 2M requested, 6M(38M->32M) flushed
[16.994s][info][gc,heap     ] Page Cache Flushed: 2M requested, 32M(32M->0M) flushed
[17.001s][info][gc,phases   ] GC(11) Concurrent Mark 431.422ms
[17.003s][info][gc,phases   ] GC(11) Pause Mark End 0.223ms
[17.005s][info][gc,phases   ] GC(11) Concurrent Process Non-Strong References 1.411ms
[17.005s][info][gc,phases   ] GC(11) Concurrent Reset Relocation Set 0.005ms
[17.005s][info][gc,phases   ] GC(11) Concurrent Destroy Detached Pages 0.002ms
[17.006s][info][gc,phases   ] GC(11) Concurrent Select Relocation Set 1.581ms
[17.006s][info][gc,phases   ] GC(11) Concurrent Prepare Relocation Set 0.027ms
[17.008s][info][gc,phases   ] GC(11) Pause Relocate Start 1.826ms
[17.017s][info][gc,phases   ] GC(11) Concurrent Relocate 8.245ms
[17.017s][info][gc,load     ] GC(11) Load: 2.45/2.22/1.44
[17.017s][info][gc,mmu      ] GC(11) MMU: 2ms/0.0%, 5ms/30.3%, 10ms/65.2%, 20ms/82.6%, 50ms/92.7%, 100ms/95.4%
[17.017s][info][gc,marking  ] GC(11) Mark: 1 stripe(s), 2 proactive flush(es), 1 terminate flush(es), 0 completion(s), 0 continuation(s) 
[17.017s][info][gc,reloc    ] GC(11) Relocation: Successful, 6M relocated
[17.017s][info][gc,nmethod  ] GC(11) NMethods: 2153 registered, 0 unregistered
[17.017s][info][gc,metaspace] GC(11) Metaspace: 65M used, 68M capacity, 68M committed, 70M reserved
[17.017s][info][gc,ref      ] GC(11) Soft: 4546 encountered, 0 discovered, 0 enqueued
[17.017s][info][gc,ref      ] GC(11) Weak: 4105 encountered, 2987 discovered, 0 enqueued
[17.017s][info][gc,ref      ] GC(11) Final: 27 encountered, 0 discovered, 0 enqueued
[17.017s][info][gc,ref      ] GC(11) Phantom: 650 encountered, 646 discovered, 3 enqueued
[17.017s][info][gc,heap     ] GC(11)                Mark Start          Mark End        Relocate Start      Relocate End           High               Low         
[17.017s][info][gc,heap     ] GC(11)  Capacity:     1500M (100%)       1500M (100%)       1500M (100%)       1500M (100%)       1500M (100%)       1500M (100%)   
[17.017s][info][gc,heap     ] GC(11)   Reserve:       34M (2%)           34M (2%)           34M (2%)           34M (2%)           34M (2%)           34M (2%)     
[17.017s][info][gc,heap     ] GC(11)      Free:      612M (41%)          20M (1%)          616M (41%)         614M (41%)         616M (41%)          20M (1%)     
[17.017s][info][gc,heap     ] GC(11)      Used:      854M (57%)        1446M (96%)         850M (57%)         852M (57%)        1446M (96%)         850M (57%)    
[17.017s][info][gc,heap     ] GC(11)      Live:         -               215M (14%)         215M (14%)         215M (14%)            -                  -          
[17.017s][info][gc,heap     ] GC(11) Allocated:         -               592M (39%)         592M (39%)         606M (40%)            -                  -          
[17.017s][info][gc,heap     ] GC(11)   Garbage:         -               638M (43%)          42M (3%)           32M (2%)             -                  -          
[17.017s][info][gc,heap     ] GC(11) Reclaimed:         -                  -               596M (40%)         606M (40%)            -                  -          
[17.017s][info][gc          ] GC(11) Garbage Collection (Allocation Rate) 854M(57%)->852M(57%)
[17.065s][info][gc,start    ] GC(12) Garbage Collection (Allocation Rate)
[17.072s][info][gc,phases   ] GC(12) Pause Mark Start 4.035ms
[17.587s][info][gc,phases   ] GC(12) Concurrent Mark 515.440ms
[17.590s][info][gc,phases   ] GC(12) Pause Mark End 0.306ms
[17.591s][info][gc,phases   ] GC(12) Concurrent Process Non-Strong References 1.392ms
[17.591s][info][gc,phases   ] GC(12) Concurrent Reset Relocation Set 0.003ms
[17.591s][info][gc,phases   ] GC(12) Concurrent Destroy Detached Pages 0.000ms
[17.593s][info][gc,phases   ] GC(12) Concurrent Select Relocation Set 1.642ms
[17.593s][info][gc,phases   ] GC(12) Concurrent Prepare Relocation Set 0.045ms
[17.595s][info][gc,phases   ] GC(12) Pause Relocate Start 1.838ms
[17.611s][info][gc,phases   ] GC(12) Concurrent Relocate 15.814ms
[17.611s][info][gc,load     ] GC(12) Load: 2.45/2.22/1.44
[17.611s][info][gc,mmu      ] GC(12) MMU: 2ms/0.0%, 5ms/19.3%, 10ms/59.7%, 20ms/79.8%, 50ms/91.9%, 100ms/93.9%
[17.611s][info][gc,marking  ] GC(12) Mark: 1 stripe(s), 4 proactive flush(es), 2 terminate flush(es), 0 completion(s), 0 continuation(s) 
[17.611s][info][gc,reloc    ] GC(12) Relocation: Successful, 6M relocated
[17.611s][info][gc,nmethod  ] GC(12) NMethods: 2173 registered, 0 unregistered
[17.611s][info][gc,metaspace] GC(12) Metaspace: 65M used, 68M capacity, 68M committed, 70M reserved
[17.611s][info][gc,ref      ] GC(12) Soft: 4546 encountered, 0 discovered, 0 enqueued
[17.611s][info][gc,ref      ] GC(12) Weak: 4105 encountered, 2986 discovered, 0 enqueued
[17.611s][info][gc,ref      ] GC(12) Final: 27 encountered, 0 discovered, 0 enqueued
[17.611s][info][gc,ref      ] GC(12) Phantom: 647 encountered, 643 discovered, 0 enqueued
[17.611s][info][gc,heap     ] GC(12)                Mark Start          Mark End        Relocate Start      Relocate End           High               Low         
[17.611s][info][gc,heap     ] GC(12)  Capacity:     1500M (100%)       1500M (100%)       1500M (100%)       1500M (100%)       1500M (100%)       1500M (100%)   
[17.611s][info][gc,heap     ] GC(12)   Reserve:       34M (2%)           34M (2%)           34M (2%)           34M (2%)           34M (2%)           34M (2%)     
[17.611s][info][gc,heap     ] GC(12)      Free:      572M (38%)          52M (3%)          690M (46%)         696M (46%)         696M (46%)          52M (3%)     
[17.611s][info][gc,heap     ] GC(12)      Used:      894M (60%)        1414M (94%)         776M (52%)         770M (51%)        1414M (94%)         770M (51%)    
[17.611s][info][gc,heap     ] GC(12)      Live:         -               215M (14%)         215M (14%)         215M (14%)            -                  -          
[17.611s][info][gc,heap     ] GC(12) Allocated:         -               520M (35%)         520M (35%)         524M (35%)            -                  -          
[17.611s][info][gc,heap     ] GC(12)   Garbage:         -               678M (45%)          40M (3%)           32M (2%)             -                  -          
[17.611s][info][gc,heap     ] GC(12) Reclaimed:         -                  -               638M (43%)         646M (43%)            -                  -          
[17.611s][info][gc          ] GC(12) Garbage Collection (Allocation Rate) 894M(60%)->770M(51%)
[17.665s][info][gc,start    ] GC(13) Garbage Collection (Allocation Rate)
[17.669s][info][gc,phases   ] GC(13) Pause Mark Start 2.122ms
[18.147s][info][gc,phases   ] GC(13) Concurrent Mark 477.492ms
[18.147s][info][gc,phases   ] GC(13) Pause Mark End 0.218ms
[18.149s][info][gc,phases   ] GC(13) Concurrent Process Non-Strong References 1.321ms
[18.149s][info][gc,phases   ] GC(13) Concurrent Reset Relocation Set 0.003ms
[18.149s][info][gc,phases   ] GC(13) Concurrent Destroy Detached Pages 0.000ms
[18.151s][info][gc,phases   ] GC(13) Concurrent Select Relocation Set 1.562ms
[18.151s][info][gc,phases   ] GC(13) Concurrent Prepare Relocation Set 0.124ms
[18.155s][info][gc,phases   ] GC(13) Pause Relocate Start 2.023ms
[18.158s][info][gc,phases   ] GC(13) Concurrent Relocate 2.419ms
[18.158s][info][gc,load     ] GC(13) Load: 2.45/2.22/1.44
[18.158s][info][gc,mmu      ] GC(13) MMU: 2ms/0.0%, 5ms/19.3%, 10ms/59.7%, 20ms/79.8%, 50ms/91.9%, 100ms/93.9%
[18.158s][info][gc,marking  ] GC(13) Mark: 1 stripe(s), 2 proactive flush(es), 1 terminate flush(es), 0 completion(s), 0 continuation(s) 
[18.158s][info][gc,reloc    ] GC(13) Relocation: Successful, 7M relocated
[18.158s][info][gc,nmethod  ] GC(13) NMethods: 2248 registered, 0 unregistered
[18.158s][info][gc,metaspace] GC(13) Metaspace: 67M used, 70M capacity, 70M committed, 72M reserved
[18.158s][info][gc,ref      ] GC(13) Soft: 4608 encountered, 0 discovered, 0 enqueued
[18.158s][info][gc,ref      ] GC(13) Weak: 4356 encountered, 3289 discovered, 56 enqueued
[18.158s][info][gc,ref      ] GC(13) Final: 27 encountered, 0 discovered, 0 enqueued
[18.158s][info][gc,ref      ] GC(13) Phantom: 721 encountered, 717 discovered, 74 enqueued
[18.158s][info][gc,heap     ] GC(13)                Mark Start          Mark End        Relocate Start      Relocate End           High               Low         
[18.158s][info][gc,heap     ] GC(13)  Capacity:     1500M (100%)       1500M (100%)       1500M (100%)       1500M (100%)       1500M (100%)       1500M (100%)   
[18.158s][info][gc,heap     ] GC(13)   Reserve:       34M (2%)           34M (2%)           34M (2%)           34M (2%)           34M (2%)           34M (2%)     
[18.158s][info][gc,heap     ] GC(13)      Free:      688M (46%)         680M (45%)        1200M (80%)        1208M (81%)        1208M (81%)         678M (45%)    
[18.158s][info][gc,heap     ] GC(13)      Used:      778M (52%)         786M (52%)         266M (18%)         258M (17%)         788M (53%)         258M (17%)    
[18.158s][info][gc,heap     ] GC(13)      Live:         -               215M (14%)         215M (14%)         215M (14%)            -                  -          
[18.158s][info][gc,heap     ] GC(13) Allocated:         -                 8M (1%)           10M (1%)           12M (1%)             -                  -          
[18.158s][info][gc,heap     ] GC(13)   Garbage:         -               562M (37%)          40M (3%)           32M (2%)             -                  -          
[18.158s][info][gc,heap     ] GC(13) Reclaimed:         -                  -               522M (35%)         530M (35%)            -                  -          
[18.158s][info][gc          ] GC(13) Garbage Collection (Allocation Rate) 778M(52%)->258M(17%)
[18.158s][info][gc,start    ] GC(14) Garbage Collection (System.gc())
[18.161s][info][gc,phases   ] GC(14) Pause Mark Start 2.431ms
[18.480s][info][gc,phases   ] GC(14) Concurrent Mark 319.035ms
[18.481s][info][gc,phases   ] GC(14) Pause Mark End 0.196ms
[18.482s][info][gc,phases   ] GC(14) Concurrent Process Non-Strong References 1.494ms
[18.482s][info][gc,phases   ] GC(14) Concurrent Reset Relocation Set 0.003ms
[18.482s][info][gc,phases   ] GC(14) Concurrent Destroy Detached Pages 0.000ms
[18.485s][info][gc,phases   ] GC(14) Concurrent Select Relocation Set 3.275ms
[18.486s][info][gc,phases   ] GC(14) Concurrent Prepare Relocation Set 0.037ms
[18.490s][info][gc,phases   ] GC(14) Pause Relocate Start 1.935ms
[18.494s][info][gc,phases   ] GC(14) Concurrent Relocate 3.904ms
[18.494s][info][gc,load     ] GC(14) Load: 2.45/2.22/1.44
[18.494s][info][gc,mmu      ] GC(14) MMU: 2ms/0.0%, 5ms/19.3%, 10ms/55.5%, 20ms/76.6%, 50ms/90.7%, 100ms/93.9%
[18.494s][info][gc,marking  ] GC(14) Mark: 1 stripe(s), 2 proactive flush(es), 1 terminate flush(es), 0 completion(s), 0 continuation(s) 
[18.494s][info][gc,reloc    ] GC(14) Relocation: Successful, 7M relocated
[18.494s][info][gc,nmethod  ] GC(14) NMethods: 2252 registered, 0 unregistered
[18.494s][info][gc,metaspace] GC(14) Metaspace: 67M used, 70M capacity, 70M committed, 72M reserved
[18.494s][info][gc,ref      ] GC(14) Soft: 4639 encountered, 0 discovered, 0 enqueued
[18.494s][info][gc,ref      ] GC(14) Weak: 4451 encountered, 3333 discovered, 159 enqueued
[18.494s][info][gc,ref      ] GC(14) Final: 27 encountered, 0 discovered, 0 enqueued
[18.494s][info][gc,ref      ] GC(14) Phantom: 698 encountered, 691 discovered, 49 enqueued
[18.494s][info][gc,heap     ] GC(14)                Mark Start          Mark End        Relocate Start      Relocate End           High               Low         
[18.494s][info][gc,heap     ] GC(14)  Capacity:     1500M (100%)       1500M (100%)       1500M (100%)       1500M (100%)       1500M (100%)       1500M (100%)   
[18.494s][info][gc,heap     ] GC(14)   Reserve:       34M (2%)           34M (2%)           34M (2%)           34M (2%)           34M (2%)           34M (2%)     
[18.494s][info][gc,heap     ] GC(14)      Free:     1208M (81%)        1206M (80%)        1204M (80%)        1214M (81%)        1214M (81%)        1202M (80%)    
[18.494s][info][gc,heap     ] GC(14)      Used:      258M (17%)         260M (17%)         262M (17%)         252M (17%)         264M (18%)         252M (17%)    
[18.494s][info][gc,heap     ] GC(14)      Live:         -               216M (14%)         216M (14%)         216M (14%)            -                  -          
[18.494s][info][gc,heap     ] GC(14) Allocated:         -                 2M (0%)            4M (0%)            6M (0%)             -                  -          
[18.494s][info][gc,heap     ] GC(14)   Garbage:         -                41M (3%)           41M (3%)           31M (2%)             -                  -          
[18.494s][info][gc,heap     ] GC(14) Reclaimed:         -                  -                 0M (0%)           10M (1%)             -                  -          
[18.494s][info][gc          ] GC(14) Garbage Collection (System.gc()) 258M(17%)->252M(17%)
[18.501s][info][gc,heap     ] Page Cache Flushed: 18M requested, 18M(1198M->1180M) flushed
[18.566s][info][gc,heap     ] Page Cache Flushed: 6M requested, 6M(1174M->1168M) flushed
[18.657s][info][gc,heap     ] Page Cache Flushed: 6M requested, 6M(1160M->1154M) flushed
[19.965s][info][gc,start    ] GC(15) Garbage Collection (Allocation Rate)
[19.970s][info][gc,phases   ] GC(15) Pause Mark Start 2.289ms
[20.065s][info][gc,stats    ] === Garbage Collection Statistics =======================================================================================================================
[20.065s][info][gc,stats    ]                                                              Last 10s              Last 10m              Last 10h                Total
[20.065s][info][gc,stats    ]                                                              Avg / Max             Avg / Max             Avg / Max             Avg / Max
[20.065s][info][gc,stats    ]   Collector: Garbage Collection Cycle                    608.973 / 1509.133    568.716 / 1509.133    568.716 / 1509.133    568.716 / 1509.133    ms
[20.065s][info][gc,stats    ]  Contention: Mark Segment Reset Contention                     0 / 0                 0 / 0                 0 / 0                 0 / 0           ops/s
[20.065s][info][gc,stats    ]  Contention: Mark SeqNum Reset Contention                      0 / 0                 0 / 0                 0 / 0                 0 / 0           ops/s
[20.065s][info][gc,stats    ]  Contention: Relocation Contention                             0 / 1                 0 / 1                 0 / 1                 0 / 1           ops/s
[20.065s][info][gc,stats    ]    Critical: Allocation Stall                              0.000 / 0.000         0.000 / 0.000         0.000 / 0.000         0.000 / 0.000       ms
[20.065s][info][gc,stats    ]    Critical: Allocation Stall                                  0 / 0                 0 / 0                 0 / 0                 0 / 0           ops/s
[20.065s][info][gc,stats    ]    Critical: GC Locker Stall                               0.000 / 0.000         0.000 / 0.000         0.000 / 0.000         0.000 / 0.000       ms
[20.065s][info][gc,stats    ]    Critical: GC Locker Stall                                   0 / 0                 0 / 0                 0 / 0                 0 / 0           ops/s
[20.065s][info][gc,stats    ]      Memory: Allocation Rate                                 562 / 1086            343 / 1086            343 / 1086            343 / 1086        MB/s
[20.065s][info][gc,stats    ]      Memory: Heap Used After Mark                            957 / 1446            761 / 1446            761 / 1446            761 / 1446        MB
[20.065s][info][gc,stats    ]      Memory: Heap Used After Relocation                      582 / 884             465 / 884             465 / 884             465 / 884         MB
[20.065s][info][gc,stats    ]      Memory: Heap Used Before Mark                           708 / 1118            581 / 1118            581 / 1118            581 / 1118        MB
[20.065s][info][gc,stats    ]      Memory: Heap Used Before Relocation                     685 / 1240            580 / 1240            580 / 1240            580 / 1240        MB
[20.065s][info][gc,stats    ]      Memory: Out Of Memory                                     0 / 0                 0 / 0                 0 / 0                 0 / 0           ops/s
[20.065s][info][gc,stats    ]      Memory: Page Cache Flush                                 13 / 104               6 / 104               6 / 104               6 / 104         MB/s
[20.065s][info][gc,stats    ]      Memory: Page Cache Hit L1                               245 / 497             138 / 497             138 / 497             138 / 497         ops/s
[20.065s][info][gc,stats    ]      Memory: Page Cache Hit L2                                 0 / 0                 0 / 0                 0 / 0                 0 / 0           ops/s
[20.065s][info][gc,stats    ]      Memory: Page Cache Miss                                  38 / 162              35 / 162              35 / 162              35 / 162         ops/s
[20.065s][info][gc,stats    ]      Memory: Undo Object Allocation Failed                     0 / 0                 0 / 0                 0 / 0                 0 / 0           ops/s
[20.065s][info][gc,stats    ]      Memory: Undo Object Allocation Succeeded                  0 / 1                 0 / 1                 0 / 1                 0 / 1           ops/s
[20.065s][info][gc,stats    ]      Memory: Undo Page Allocation                              0 / 1                 0 / 1                 0 / 1                 0 / 1           ops/s
[20.065s][info][gc,stats    ]       Phase: Concurrent Destroy Detached Pages             0.001 / 0.003         0.001 / 0.003         0.001 / 0.003         0.001 / 0.003       ms
[20.065s][info][gc,stats    ]       Phase: Concurrent Mark                             460.887 / 1109.321    399.216 / 1109.321    399.216 / 1109.321    399.216 / 1109.321    ms
[20.065s][info][gc,stats    ]       Phase: Concurrent Mark Continue                      0.000 / 0.000         0.000 / 0.000         0.000 / 0.000         0.000 / 0.000       ms
[20.065s][info][gc,stats    ]       Phase: Concurrent Prepare Relocation Set            12.117 / 54.678        9.760 / 54.678        9.760 / 54.678        9.760 / 54.678      ms
[20.065s][info][gc,stats    ]       Phase: Concurrent Process Non-Strong References      1.449 / 1.797         1.375 / 1.833         1.375 / 1.833         1.375 / 1.833       ms
[20.065s][info][gc,stats    ]       Phase: Concurrent Relocate                         119.922 / 403.762     142.927 / 403.762     142.927 / 403.762     142.927 / 403.762     ms
[20.065s][info][gc,stats    ]       Phase: Concurrent Reset Relocation Set               0.279 / 1.090         0.275 / 1.090         0.275 / 1.090         0.275 / 1.090       ms
[20.065s][info][gc,stats    ]       Phase: Concurrent Select Relocation Set              2.914 / 13.215        4.661 / 29.150        4.661 / 29.150        4.661 / 29.150      ms
[20.065s][info][gc,stats    ]       Phase: Pause Mark End                                0.224 / 0.306         0.255 / 0.563         0.255 / 0.563         0.255 / 0.563       ms
[20.065s][info][gc,stats    ]       Phase: Pause Mark Start                              2.274 / 4.035         1.958 / 4.035         1.958 / 4.035         1.958 / 4.035       ms
[20.065s][info][gc,stats    ]       Phase: Pause Relocate Start                          2.393 / 3.483         2.142 / 3.483         2.142 / 3.483         2.142 / 3.483       ms
[20.065s][info][gc,stats    ]    Subphase: Concurrent Mark                             460.075 / 1109.293    398.667 / 1109.293    398.667 / 1109.293    398.667 / 1109.293    ms
[20.065s][info][gc,stats    ]    Subphase: Concurrent Mark Idle                          0.000 / 0.000         0.000 / 0.000         0.000 / 0.000         0.000 / 0.000       ms
[20.065s][info][gc,stats    ]    Subphase: Concurrent Mark Try Flush                     1.525 / 7.930         1.739 / 7.930         1.739 / 7.930         1.739 / 7.930       ms
[20.065s][info][gc,stats    ]    Subphase: Concurrent Mark Try Terminate                 0.494 / 1.950         0.810 / 4.843         0.810 / 4.843         0.810 / 4.843       ms
[20.065s][info][gc,stats    ]    Subphase: Concurrent References Enqueue                 0.002 / 0.004         0.002 / 0.004         0.002 / 0.004         0.002 / 0.004       ms
[20.065s][info][gc,stats    ]    Subphase: Concurrent References Process                 0.629 / 0.741         0.591 / 0.763         0.591 / 0.763         0.591 / 0.763       ms
[20.065s][info][gc,stats    ]    Subphase: Concurrent Weak Roots                         0.809 / 1.039         0.769 / 1.055         0.769 / 1.055         0.769 / 1.055       ms
[20.065s][info][gc,stats    ]    Subphase: Concurrent Weak Roots JNIWeakHandles          0.000 / 0.000         0.000 / 0.001         0.000 / 0.001         0.000 / 0.001       ms
[20.065s][info][gc,stats    ]    Subphase: Concurrent Weak Roots StringTable             0.609 / 0.798         0.588 / 0.855         0.588 / 0.855         0.588 / 0.855       ms
[20.065s][info][gc,stats    ]    Subphase: Concurrent Weak Roots VMWeakHandles           0.198 / 0.286         0.179 / 0.286         0.179 / 0.286         0.179 / 0.286       ms
[20.065s][info][gc,stats    ]    Subphase: Pause Mark Try Complete                       0.000 / 0.000         0.001 / 0.001         0.001 / 0.001         0.001 / 0.001       ms
[20.065s][info][gc,stats    ]    Subphase: Pause Remap TLABS                             0.001 / 0.002         0.001 / 0.002         0.001 / 0.002         0.001 / 0.002       ms
[20.065s][info][gc,stats    ]    Subphase: Pause Retire TLABS                            0.018 / 0.027         0.015 / 0.027         0.015 / 0.027         0.015 / 0.027       ms
[20.065s][info][gc,stats    ]    Subphase: Pause Roots                                   1.445 / 3.608         1.291 / 3.608         1.291 / 3.608         1.291 / 3.608       ms
[20.065s][info][gc,stats    ]    Subphase: Pause Roots ClassLoaderDataGraph              0.710 / 1.467         0.661 / 1.467         0.661 / 1.467         0.661 / 1.467       ms
[20.065s][info][gc,stats    ]    Subphase: Pause Roots CodeCache                         0.937 / 2.289         0.761 / 2.289         0.761 / 2.289         0.761 / 2.289       ms
[20.065s][info][gc,stats    ]    Subphase: Pause Roots JNIHandles                        0.001 / 0.006         0.001 / 0.006         0.001 / 0.006         0.001 / 0.006       ms
[20.065s][info][gc,stats    ]    Subphase: Pause Roots JNIWeakHandles                    0.000 / 0.000         0.000 / 0.000         0.000 / 0.000         0.000 / 0.000       ms
[20.065s][info][gc,stats    ]    Subphase: Pause Roots JRFWeak                           0.000 / 0.000         0.000 / 0.000         0.000 / 0.000         0.000 / 0.000       ms
[20.065s][info][gc,stats    ]    Subphase: Pause Roots JVMTIExport                       0.001 / 0.001         0.001 / 0.001         0.001 / 0.001         0.001 / 0.001       ms
[20.065s][info][gc,stats    ]    Subphase: Pause Roots JVMTIWeakExport                   0.001 / 0.001         0.001 / 0.001         0.001 / 0.001         0.001 / 0.001       ms
[20.065s][info][gc,stats    ]    Subphase: Pause Roots Management                        0.001 / 0.002         0.011 / 0.310         0.011 / 0.310         0.011 / 0.310       ms
[20.065s][info][gc,stats    ]    Subphase: Pause Roots ObjectSynchronizer                0.000 / 0.001         0.000 / 0.001         0.000 / 0.001         0.000 / 0.001       ms
[20.065s][info][gc,stats    ]    Subphase: Pause Roots Setup                             0.168 / 0.359         0.136 / 0.359         0.136 / 0.359         0.136 / 0.359       ms
[20.065s][info][gc,stats    ]    Subphase: Pause Roots StringTable                       0.000 / 0.000         0.000 / 0.000         0.000 / 0.000         0.000 / 0.000       ms
[20.065s][info][gc,stats    ]    Subphase: Pause Roots SystemDictionary                  0.048 / 0.411         0.037 / 0.411         0.037 / 0.411         0.037 / 0.411       ms
[20.065s][info][gc,stats    ]    Subphase: Pause Roots Teardown                          0.001 / 0.003         0.001 / 0.003         0.001 / 0.003         0.001 / 0.003       ms
[20.065s][info][gc,stats    ]    Subphase: Pause Roots Threads                           0.287 / 1.098         0.292 / 1.098         0.292 / 1.098         0.292 / 1.098       ms
[20.065s][info][gc,stats    ]    Subphase: Pause Roots Universe                          0.007 / 0.080         0.005 / 0.080         0.005 / 0.080         0.005 / 0.080       ms
[20.065s][info][gc,stats    ]    Subphase: Pause Roots VMWeakHandles                     0.000 / 0.000         0.000 / 0.000         0.000 / 0.000         0.000 / 0.000       ms
[20.065s][info][gc,stats    ]    Subphase: Pause Weak Roots                              0.002 / 0.002         0.003 / 0.016         0.003 / 0.016         0.003 / 0.016       ms
[20.065s][info][gc,stats    ]    Subphase: Pause Weak Roots JFRWeak                      0.001 / 0.001         0.001 / 0.001         0.001 / 0.001         0.001 / 0.001       ms
[20.066s][info][gc,stats    ]    Subphase: Pause Weak Roots JNIWeakHandles               0.000 / 0.000         0.000 / 0.000         0.000 / 0.000         0.000 / 0.000       ms
[20.066s][info][gc,stats    ]    Subphase: Pause Weak Roots JVMTIWeakExport              0.001 / 0.001         0.002 / 0.013         0.002 / 0.013         0.002 / 0.013       ms
[20.066s][info][gc,stats    ]    Subphase: Pause Weak Roots Setup                        0.000 / 0.000         0.000 / 0.000         0.000 / 0.000         0.000 / 0.000       ms
[20.066s][info][gc,stats    ]    Subphase: Pause Weak Roots StringTable                  0.000 / 0.000         0.000 / 0.000         0.000 / 0.000         0.000 / 0.000       ms
[20.066s][info][gc,stats    ]    Subphase: Pause Weak Roots SymbolTable                  0.000 / 0.000         0.000 / 0.000         0.000 / 0.000         0.000 / 0.000       ms
[20.066s][info][gc,stats    ]    Subphase: Pause Weak Roots Teardown                     0.001 / 0.001         0.001 / 0.001         0.001 / 0.001         0.001 / 0.001       ms
[20.066s][info][gc,stats    ]    Subphase: Pause Weak Roots VMWeakHandles                0.000 / 0.000         0.000 / 0.000         0.000 / 0.000         0.000 / 0.000       ms
[20.066s][info][gc,stats    ]      System: Java Threads                                     52 / 72               45 / 72               45 / 72               45 / 72          threads
[20.066s][info][gc,stats    ] =========================================================================================================================================================
[20.425s][info][gc,phases   ] GC(15) Concurrent Mark 454.716ms
[20.428s][info][gc,phases   ] GC(15) Pause Mark End 0.574ms
[20.431s][info][gc,phases   ] GC(15) Concurrent Process Non-Strong References 3.108ms
[20.435s][info][gc,phases   ] GC(15) Concurrent Reset Relocation Set 0.008ms
[20.435s][info][gc,phases   ] GC(15) Concurrent Destroy Detached Pages 0.022ms
[20.444s][info][gc,phases   ] GC(15) Concurrent Select Relocation Set 8.781ms
[20.444s][info][gc,phases   ] GC(15) Concurrent Prepare Relocation Set 0.028ms
[20.448s][info][gc,phases   ] GC(15) Pause Relocate Start 3.377ms
[20.469s][info][gc,phases   ] GC(15) Concurrent Relocate 6.293ms
[20.469s][info][gc,load     ] GC(15) Load: 2.45/2.22/1.44
[20.469s][info][gc,mmu      ] GC(15) MMU: 2ms/0.0%, 5ms/19.3%, 10ms/55.5%, 20ms/76.6%, 50ms/90.7%, 100ms/93.9%
[20.469s][info][gc,marking  ] GC(15) Mark: 1 stripe(s), 3 proactive flush(es), 1 terminate flush(es), 0 completion(s), 0 continuation(s) 
[20.469s][info][gc,reloc    ] GC(15) Relocation: Successful, 7M relocated
[20.469s][info][gc,nmethod  ] GC(15) NMethods: 2383 registered, 0 unregistered
[20.469s][info][gc,metaspace] GC(15) Metaspace: 67M used, 71M capacity, 71M committed, 72M reserved
[20.469s][info][gc,ref      ] GC(15) Soft: 4666 encountered, 0 discovered, 0 enqueued
[20.469s][info][gc,ref      ] GC(15) Weak: 4611 encountered, 3476 discovered, 115 enqueued
[20.469s][info][gc,ref      ] GC(15) Final: 27 encountered, 0 discovered, 0 enqueued
[20.469s][info][gc,ref      ] GC(15) Phantom: 701 encountered, 697 discovered, 51 enqueued
[20.469s][info][gc,heap     ] GC(15)                Mark Start          Mark End        Relocate Start      Relocate End           High               Low         
[20.469s][info][gc,heap     ] GC(15)  Capacity:     1500M (100%)       1500M (100%)       1500M (100%)       1500M (100%)       1500M (100%)       1500M (100%)   
[20.469s][info][gc,heap     ] GC(15)   Reserve:       34M (2%)           34M (2%)           34M (2%)           34M (2%)           34M (2%)           34M (2%)     
[20.469s][info][gc,heap     ] GC(15)      Free:      678M (45%)         372M (25%)         874M (58%)         906M (60%)         906M (60%)         372M (25%)    
[20.469s][info][gc,heap     ] GC(15)      Used:      788M (53%)        1094M (73%)         592M (39%)         560M (37%)        1094M (73%)         560M (37%)    
[20.469s][info][gc,heap     ] GC(15)      Live:         -               216M (14%)         216M (14%)         216M (14%)            -                  -          
[20.469s][info][gc,heap     ] GC(15) Allocated:         -               306M (20%)         306M (20%)         314M (21%)            -                  -          
[20.469s][info][gc,heap     ] GC(15)   Garbage:         -               571M (38%)          69M (5%)           35M (2%)             -                  -          
[20.469s][info][gc,heap     ] GC(15) Reclaimed:         -                  -               502M (33%)         536M (36%)            -                  -          
[20.469s][info][gc          ] GC(15) Garbage Collection (Allocation Rate) 788M(53%)->560M(37%)
[20.566s][info][gc,start    ] GC(16) Garbage Collection (Allocation Rate)
[20.570s][info][gc,phases   ] GC(16) Pause Mark Start 2.284ms
[20.990s][info][gc,phases   ] GC(16) Concurrent Mark 419.527ms
[20.992s][info][gc,phases   ] GC(16) Pause Mark End 0.244ms
[20.994s][info][gc,phases   ] GC(16) Concurrent Process Non-Strong References 1.517ms
[20.994s][info][gc,phases   ] GC(16) Concurrent Reset Relocation Set 0.004ms
[20.994s][info][gc,phases   ] GC(16) Concurrent Destroy Detached Pages 0.001ms
[20.995s][info][gc,phases   ] GC(16) Concurrent Select Relocation Set 1.547ms
[20.995s][info][gc,phases   ] GC(16) Concurrent Prepare Relocation Set 0.026ms
[20.997s][info][gc,phases   ] GC(16) Pause Relocate Start 1.836ms
[21.007s][info][gc,phases   ] GC(16) Concurrent Relocate 9.092ms
[21.007s][info][gc,load     ] GC(16) Load: 2.45/2.22/1.44
[21.007s][info][gc,mmu      ] GC(16) MMU: 2ms/0.0%, 5ms/19.3%, 10ms/55.5%, 20ms/76.6%, 50ms/90.7%, 100ms/93.9%
[21.007s][info][gc,marking  ] GC(16) Mark: 1 stripe(s), 2 proactive flush(es), 1 terminate flush(es), 0 completion(s), 0 continuation(s) 
[21.007s][info][gc,reloc    ] GC(16) Relocation: Successful, 7M relocated
[21.007s][info][gc,nmethod  ] GC(16) NMethods: 2383 registered, 0 unregistered
[21.007s][info][gc,metaspace] GC(16) Metaspace: 67M used, 71M capacity, 71M committed, 72M reserved
[21.007s][info][gc,ref      ] GC(16) Soft: 4667 encountered, 0 discovered, 0 enqueued
[21.007s][info][gc,ref      ] GC(16) Weak: 4505 encountered, 3378 discovered, 19 enqueued
[21.007s][info][gc,ref      ] GC(16) Final: 27 encountered, 0 discovered, 0 enqueued
[21.007s][info][gc,ref      ] GC(16) Phantom: 651 encountered, 647 discovered, 1 enqueued
[21.007s][info][gc,heap     ] GC(16)                Mark Start          Mark End        Relocate Start      Relocate End           High               Low         
[21.007s][info][gc,heap     ] GC(16)  Capacity:     1500M (100%)       1500M (100%)       1500M (100%)       1500M (100%)       1500M (100%)       1500M (100%)   
[21.007s][info][gc,heap     ] GC(16)   Reserve:       34M (2%)           34M (2%)           34M (2%)           34M (2%)           34M (2%)           34M (2%)     
[21.007s][info][gc,heap     ] GC(16)      Free:      758M (51%)         428M (29%)         868M (58%)         878M (59%)         886M (59%)         428M (29%)    
[21.007s][info][gc,heap     ] GC(16)      Used:      708M (47%)        1038M (69%)         598M (40%)         588M (39%)        1038M (69%)         580M (39%)    
[21.007s][info][gc,heap     ] GC(16)      Live:         -               216M (14%)         216M (14%)         216M (14%)            -                  -          
[21.007s][info][gc,heap     ] GC(16) Allocated:         -               330M (22%)         330M (22%)         342M (23%)            -                  -          
[21.007s][info][gc,heap     ] GC(16)   Garbage:         -               491M (33%)          51M (3%)           31M (2%)             -                  -          
[21.007s][info][gc,heap     ] GC(16) Reclaimed:         -                  -               440M (29%)         460M (31%)            -                  -          
[21.007s][info][gc          ] GC(16) Garbage Collection (Allocation Rate) 708M(47%)->588M(39%)
[21.065s][info][gc,start    ] GC(17) Garbage Collection (Allocation Rate)
[21.069s][info][gc,phases   ] GC(17) Pause Mark Start 2.253ms
[21.512s][info][gc,phases   ] GC(17) Concurrent Mark 442.071ms
[21.515s][info][gc,phases   ] GC(17) Pause Mark End 0.672ms
[21.518s][info][gc,phases   ] GC(17) Concurrent Process Non-Strong References 3.305ms
[21.518s][info][gc,phases   ] GC(17) Concurrent Reset Relocation Set 0.006ms
[21.518s][info][gc,phases   ] GC(17) Concurrent Destroy Detached Pages 0.001ms
[21.528s][info][gc,phases   ] GC(17) Concurrent Select Relocation Set 9.668ms
[21.528s][info][gc,phases   ] GC(17) Concurrent Prepare Relocation Set 0.043ms
[21.536s][info][gc,phases   ] GC(17) Pause Relocate Start 3.597ms
[21.548s][info][gc,phases   ] GC(17) Concurrent Relocate 12.167ms
[21.548s][info][gc,load     ] GC(17) Load: 2.41/2.21/1.45
[21.548s][info][gc,mmu      ] GC(17) MMU: 2ms/0.0%, 5ms/19.3%, 10ms/55.5%, 20ms/76.6%, 50ms/90.7%, 100ms/93.9%
[21.548s][info][gc,marking  ] GC(17) Mark: 1 stripe(s), 2 proactive flush(es), 1 terminate flush(es), 0 completion(s), 0 continuation(s) 
[21.548s][info][gc,reloc    ] GC(17) Relocation: Successful, 7M relocated
[21.548s][info][gc,nmethod  ] GC(17) NMethods: 2383 registered, 0 unregistered
[21.548s][info][gc,metaspace] GC(17) Metaspace: 67M used, 71M capacity, 71M committed, 72M reserved
[21.548s][info][gc,ref      ] GC(17) Soft: 4667 encountered, 0 discovered, 0 enqueued
[21.548s][info][gc,ref      ] GC(17) Weak: 4486 encountered, 3359 discovered, 0 enqueued
[21.548s][info][gc,ref      ] GC(17) Final: 27 encountered, 0 discovered, 0 enqueued
[21.548s][info][gc,ref      ] GC(17) Phantom: 650 encountered, 646 discovered, 0 enqueued
[21.548s][info][gc,heap     ] GC(17)                Mark Start          Mark End        Relocate Start      Relocate End           High               Low         
[21.548s][info][gc,heap     ] GC(17)  Capacity:     1500M (100%)       1500M (100%)       1500M (100%)       1500M (100%)       1500M (100%)       1500M (100%)   
[21.548s][info][gc,heap     ] GC(17)   Reserve:       34M (2%)           34M (2%)           34M (2%)           34M (2%)           34M (2%)           34M (2%)     
[21.548s][info][gc,heap     ] GC(17)      Free:      794M (53%)         500M (33%)         912M (61%)         918M (61%)         918M (61%)         500M (33%)    
[21.548s][info][gc,heap     ] GC(17)      Used:      672M (45%)         966M (64%)         554M (37%)         548M (37%)         966M (64%)         548M (37%)    
[21.548s][info][gc,heap     ] GC(17)      Live:         -               216M (14%)         216M (14%)         216M (14%)            -                  -          
[21.548s][info][gc,heap     ] GC(17) Allocated:         -               294M (20%)         298M (20%)         302M (20%)            -                  -          
[21.548s][info][gc,heap     ] GC(17)   Garbage:         -               455M (30%)          39M (3%)           31M (2%)             -                  -          
[21.548s][info][gc,heap     ] GC(17) Reclaimed:         -                  -               416M (28%)         424M (28%)            -                  -          
[21.548s][info][gc          ] GC(17) Garbage Collection (Allocation Rate) 672M(45%)->548M(37%)
[21.565s][info][gc,start    ] GC(18) Garbage Collection (Allocation Rate)
[21.570s][info][gc,phases   ] GC(18) Pause Mark Start 2.264ms
[21.986s][info][gc,phases   ] GC(18) Concurrent Mark 416.592ms
[21.989s][info][gc,phases   ] GC(18) Pause Mark End 0.273ms
[21.991s][info][gc,phases   ] GC(18) Concurrent Process Non-Strong References 1.472ms
[21.991s][info][gc,phases   ] GC(18) Concurrent Reset Relocation Set 0.003ms
[21.991s][info][gc,phases   ] GC(18) Concurrent Destroy Detached Pages 0.000ms
[21.992s][info][gc,phases   ] GC(18) Concurrent Select Relocation Set 1.550ms
[21.992s][info][gc,phases   ] GC(18) Concurrent Prepare Relocation Set 0.028ms
[21.994s][info][gc,phases   ] GC(18) Pause Relocate Start 1.864ms
[22.001s][info][gc,phases   ] GC(18) Concurrent Relocate 6.860ms
[22.001s][info][gc,load     ] GC(18) Load: 2.41/2.21/1.45
[22.001s][info][gc,mmu      ] GC(18) MMU: 2ms/0.0%, 5ms/19.3%, 10ms/55.5%, 20ms/76.6%, 50ms/88.3%, 100ms/93.5%
[22.001s][info][gc,marking  ] GC(18) Mark: 1 stripe(s), 2 proactive flush(es), 2 terminate flush(es), 0 completion(s), 0 continuation(s) 
[22.001s][info][gc,reloc    ] GC(18) Relocation: Successful, 7M relocated
[22.001s][info][gc,nmethod  ] GC(18) NMethods: 2386 registered, 0 unregistered
[22.001s][info][gc,metaspace] GC(18) Metaspace: 67M used, 71M capacity, 71M committed, 72M reserved
[22.001s][info][gc,ref      ] GC(18) Soft: 4667 encountered, 0 discovered, 0 enqueued
[22.001s][info][gc,ref      ] GC(18) Weak: 4486 encountered, 3359 discovered, 0 enqueued
[22.001s][info][gc,ref      ] GC(18) Final: 27 encountered, 0 discovered, 0 enqueued
[22.001s][info][gc,ref      ] GC(18) Phantom: 650 encountered, 646 discovered, 0 enqueued
[22.001s][info][gc,heap     ] GC(18)                Mark Start          Mark End        Relocate Start      Relocate End           High               Low         
[22.001s][info][gc,heap     ] GC(18)  Capacity:     1500M (100%)       1500M (100%)       1500M (100%)       1500M (100%)       1500M (100%)       1500M (100%)   
[22.001s][info][gc,heap     ] GC(18)   Reserve:       34M (2%)           34M (2%)           34M (2%)           34M (2%)           34M (2%)           34M (2%)     
[22.001s][info][gc,heap     ] GC(18)      Free:      890M (59%)         572M (38%)         892M (59%)         892M (59%)         892M (59%)         572M (38%)    
[22.001s][info][gc,heap     ] GC(18)      Used:      576M (38%)         894M (60%)         574M (38%)         574M (38%)         894M (60%)         574M (38%)    
[22.001s][info][gc,heap     ] GC(18)      Live:         -               216M (14%)         216M (14%)         216M (14%)            -                  -          
[22.001s][info][gc,heap     ] GC(18) Allocated:         -               318M (21%)         318M (21%)         328M (22%)            -                  -          
[22.001s][info][gc,heap     ] GC(18)   Garbage:         -               359M (24%)          39M (3%)           31M (2%)             -                  -          
[22.001s][info][gc,heap     ] GC(18) Reclaimed:         -                  -               320M (21%)         328M (22%)            -                  -          
[22.001s][info][gc          ] GC(18) Garbage Collection (Allocation Rate) 576M(38%)->574M(38%)
[22.066s][info][gc,start    ] GC(19) Garbage Collection (Allocation Rate)
[22.070s][info][gc,phases   ] GC(19) Pause Mark Start 2.251ms
[22.481s][info][gc,phases   ] GC(19) Concurrent Mark 410.666ms
[22.483s][info][gc,phases   ] GC(19) Pause Mark End 0.248ms
[22.485s][info][gc,phases   ] GC(19) Concurrent Process Non-Strong References 1.429ms
[22.485s][info][gc,phases   ] GC(19) Concurrent Reset Relocation Set 0.002ms
[22.485s][info][gc,phases   ] GC(19) Concurrent Destroy Detached Pages 0.000ms
[22.486s][info][gc,phases   ] GC(19) Concurrent Select Relocation Set 1.512ms
[22.486s][info][gc,phases   ] GC(19) Concurrent Prepare Relocation Set 0.029ms
[22.489s][info][gc,phases   ] GC(19) Pause Relocate Start 2.036ms
[22.497s][info][gc,phases   ] GC(19) Concurrent Relocate 8.272ms
[22.497s][info][gc,load     ] GC(19) Load: 2.41/2.21/1.45
[22.497s][info][gc,mmu      ] GC(19) MMU: 2ms/0.0%, 5ms/19.3%, 10ms/55.5%, 20ms/76.6%, 50ms/88.3%, 100ms/93.5%
[22.497s][info][gc,marking  ] GC(19) Mark: 1 stripe(s), 2 proactive flush(es), 1 terminate flush(es), 0 completion(s), 0 continuation(s) 
[22.497s][info][gc,reloc    ] GC(19) Relocation: Successful, 7M relocated
[22.497s][info][gc,nmethod  ] GC(19) NMethods: 2386 registered, 0 unregistered
[22.497s][info][gc,metaspace] GC(19) Metaspace: 67M used, 71M capacity, 71M committed, 72M reserved
[22.497s][info][gc,ref      ] GC(19) Soft: 4667 encountered, 0 discovered, 0 enqueued
[22.497s][info][gc,ref      ] GC(19) Weak: 4486 encountered, 3359 discovered, 0 enqueued
[22.497s][info][gc,ref      ] GC(19) Final: 27 encountered, 0 discovered, 0 enqueued
[22.497s][info][gc,ref      ] GC(19) Phantom: 650 encountered, 646 discovered, 0 enqueued
[22.497s][info][gc,heap     ] GC(19)                Mark Start          Mark End        Relocate Start      Relocate End           High               Low         
[22.497s][info][gc,heap     ] GC(19)  Capacity:     1500M (100%)       1500M (100%)       1500M (100%)       1500M (100%)       1500M (100%)       1500M (100%)   
[22.497s][info][gc,heap     ] GC(19)   Reserve:       34M (2%)           34M (2%)           34M (2%)           34M (2%)           34M (2%)           34M (2%)     
[22.497s][info][gc,heap     ] GC(19)      Free:      790M (53%)         472M (31%)         892M (59%)         890M (59%)         892M (59%)         472M (31%)    
[22.497s][info][gc,heap     ] GC(19)      Used:      676M (45%)         994M (66%)         574M (38%)         576M (38%)         994M (66%)         574M (38%)    
[22.497s][info][gc,heap     ] GC(19)      Live:         -               216M (14%)         216M (14%)         216M (14%)            -                  -          
[22.497s][info][gc,heap     ] GC(19) Allocated:         -               318M (21%)         318M (21%)         330M (22%)            -                  -          
[22.497s][info][gc,heap     ] GC(19)   Garbage:         -               459M (31%)          39M (3%)           31M (2%)             -                  -          
[22.497s][info][gc,heap     ] GC(19) Reclaimed:         -                  -               420M (28%)         428M (29%)            -                  -          
[22.497s][info][gc          ] GC(19) Garbage Collection (Allocation Rate) 676M(45%)->576M(38%)
[22.565s][info][gc,start    ] GC(20) Garbage Collection (Allocation Rate)
[22.570s][info][gc,phases   ] GC(20) Pause Mark Start 2.337ms
[23.040s][info][gc,phases   ] GC(20) Concurrent Mark 469.916ms
[23.040s][info][gc,phases   ] GC(20) Pause Mark End 0.219ms
[23.042s][info][gc,phases   ] GC(20) Concurrent Process Non-Strong References 1.403ms
[23.042s][info][gc,phases   ] GC(20) Concurrent Reset Relocation Set 0.002ms
[23.042s][info][gc,phases   ] GC(20) Concurrent Destroy Detached Pages 0.000ms
[23.043s][info][gc,phases   ] GC(20) Concurrent Select Relocation Set 1.548ms
[23.043s][info][gc,phases   ] GC(20) Concurrent Prepare Relocation Set 0.029ms
[23.045s][info][gc,phases   ] GC(20) Pause Relocate Start 1.795ms
[23.048s][info][gc,phases   ] GC(20) Concurrent Relocate 2.235ms
[23.048s][info][gc,load     ] GC(20) Load: 2.41/2.21/1.45
[23.048s][info][gc,mmu      ] GC(20) MMU: 2ms/0.0%, 5ms/19.3%, 10ms/55.5%, 20ms/76.6%, 50ms/88.3%, 100ms/93.5%
[23.048s][info][gc,marking  ] GC(20) Mark: 1 stripe(s), 2 proactive flush(es), 1 terminate flush(es), 0 completion(s), 0 continuation(s) 
[23.048s][info][gc,reloc    ] GC(20) Relocation: Successful, 7M relocated
[23.048s][info][gc,nmethod  ] GC(20) NMethods: 2444 registered, 0 unregistered
[23.048s][info][gc,metaspace] GC(20) Metaspace: 67M used, 71M capacity, 71M committed, 72M reserved
[23.048s][info][gc,ref      ] GC(20) Soft: 4667 encountered, 0 discovered, 0 enqueued
[23.048s][info][gc,ref      ] GC(20) Weak: 4486 encountered, 3414 discovered, 0 enqueued
[23.048s][info][gc,ref      ] GC(20) Final: 27 encountered, 0 discovered, 0 enqueued
[23.048s][info][gc,ref      ] GC(20) Phantom: 650 encountered, 646 discovered, 0 enqueued
[23.048s][info][gc,heap     ] GC(20)                Mark Start          Mark End        Relocate Start      Relocate End           High               Low         
[23.048s][info][gc,heap     ] GC(20)  Capacity:     1500M (100%)       1500M (100%)       1500M (100%)       1500M (100%)       1500M (100%)       1500M (100%)   
[23.048s][info][gc,heap     ] GC(20)   Reserve:       34M (2%)           34M (2%)           34M (2%)           34M (2%)           34M (2%)           34M (2%)     
[23.048s][info][gc,heap     ] GC(20)      Free:      792M (53%)         720M (48%)        1136M (76%)        1144M (76%)        1144M (76%)         718M (48%)    
[23.048s][info][gc,heap     ] GC(20)      Used:      674M (45%)         746M (50%)         330M (22%)         322M (21%)         748M (50%)         322M (21%)    
[23.048s][info][gc,heap     ] GC(20)      Live:         -               216M (14%)         216M (14%)         216M (14%)            -                  -          
[23.048s][info][gc,heap     ] GC(20) Allocated:         -                72M (5%)           74M (5%)           76M (5%)             -                  -          
[23.048s][info][gc,heap     ] GC(20)   Garbage:         -               457M (31%)          39M (3%)           31M (2%)             -                  -          
[23.048s][info][gc,heap     ] GC(20) Reclaimed:         -                  -               418M (28%)         426M (28%)            -                  -          
[23.048s][info][gc          ] GC(20) Garbage Collection (Allocation Rate) 674M(45%)->322M(21%)
[23.048s][info][gc,start    ] GC(21) Garbage Collection (System.gc())
[23.050s][info][gc,phases   ] GC(21) Pause Mark Start 2.260ms
[23.278s][info][gc,phases   ] GC(21) Concurrent Mark 227.685ms
[23.278s][info][gc,phases   ] GC(21) Pause Mark End 0.290ms
[23.280s][info][gc,phases   ] GC(21) Concurrent Process Non-Strong References 1.338ms
[23.280s][info][gc,phases   ] GC(21) Concurrent Reset Relocation Set 0.002ms
[23.280s][info][gc,phases   ] GC(21) Concurrent Destroy Detached Pages 0.000ms
[23.281s][info][gc,phases   ] GC(21) Concurrent Select Relocation Set 1.513ms
[23.281s][info][gc,phases   ] GC(21) Concurrent Prepare Relocation Set 0.031ms
[23.283s][info][gc,phases   ] GC(21) Pause Relocate Start 1.885ms
[23.291s][info][gc,phases   ] GC(21) Concurrent Relocate 7.848ms
[23.291s][info][gc,load     ] GC(21) Load: 2.41/2.21/1.45
[23.291s][info][gc,mmu      ] GC(21) MMU: 2ms/0.0%, 5ms/19.3%, 10ms/55.5%, 20ms/76.6%, 50ms/88.3%, 100ms/93.5%
[23.291s][info][gc,marking  ] GC(21) Mark: 1 stripe(s), 2 proactive flush(es), 1 terminate flush(es), 0 completion(s), 0 continuation(s) 
[23.291s][info][gc,reloc    ] GC(21) Relocation: Successful, 7M relocated
[23.291s][info][gc,nmethod  ] GC(21) NMethods: 2449 registered, 0 unregistered
[23.291s][info][gc,metaspace] GC(21) Metaspace: 67M used, 71M capacity, 71M committed, 72M reserved
[23.291s][info][gc,ref      ] GC(21) Soft: 4668 encountered, 0 discovered, 0 enqueued
[23.291s][info][gc,ref      ] GC(21) Weak: 4544 encountered, 3474 discovered, 118 enqueued
[23.291s][info][gc,ref      ] GC(21) Final: 27 encountered, 0 discovered, 0 enqueued
[23.291s][info][gc,ref      ] GC(21) Phantom: 650 encountered, 646 discovered, 0 enqueued
[23.291s][info][gc,heap     ] GC(21)                Mark Start          Mark End        Relocate Start      Relocate End           High               Low         
[23.291s][info][gc,heap     ] GC(21)  Capacity:     1500M (100%)       1500M (100%)       1500M (100%)       1500M (100%)       1500M (100%)       1500M (100%)   
[23.291s][info][gc,heap     ] GC(21)   Reserve:       34M (2%)           34M (2%)           34M (2%)           34M (2%)           34M (2%)           34M (2%)     
[23.291s][info][gc,heap     ] GC(21)      Free:     1144M (76%)        1142M (76%)        1210M (81%)        1216M (81%)        1216M (81%)        1142M (76%)    
[23.291s][info][gc,heap     ] GC(21)      Used:      322M (21%)         324M (22%)         256M (17%)         250M (17%)         324M (22%)         250M (17%)    
[23.291s][info][gc,heap     ] GC(21)      Live:         -               216M (14%)         216M (14%)         216M (14%)            -                  -          
[23.291s][info][gc,heap     ] GC(21) Allocated:         -                 2M (0%)            2M (0%)            4M (0%)             -                  -          
[23.291s][info][gc,heap     ] GC(21)   Garbage:         -               105M (7%)           37M (3%)           31M (2%)             -                  -          
[23.291s][info][gc,heap     ] GC(21) Reclaimed:         -                  -                68M (5%)           74M (5%)             -                  -          
[23.291s][info][gc          ] GC(21) Garbage Collection (System.gc()) 322M(21%)->250M(17%)
[24.166s][info][gc,start    ] GC(22) Garbage Collection (Allocation Rate)
[24.170s][info][gc,phases   ] GC(22) Pause Mark Start 2.347ms
[24.700s][info][gc,phases   ] GC(22) Concurrent Mark 529.122ms
[24.702s][info][gc,phases   ] GC(22) Pause Mark End 0.277ms
[24.704s][info][gc,phases   ] GC(22) Concurrent Process Non-Strong References 1.492ms
[24.705s][info][gc,phases   ] GC(22) Concurrent Reset Relocation Set 0.004ms
[24.705s][info][gc,phases   ] GC(22) Concurrent Destroy Detached Pages 0.000ms
[24.707s][info][gc,phases   ] GC(22) Concurrent Select Relocation Set 2.070ms
[24.707s][info][gc,phases   ] GC(22) Concurrent Prepare Relocation Set 0.035ms
[24.712s][info][gc,phases   ] GC(22) Pause Relocate Start 2.706ms
[24.721s][info][gc,phases   ] GC(22) Concurrent Relocate 8.492ms
[24.721s][info][gc,load     ] GC(22) Load: 2.41/2.21/1.45
[24.721s][info][gc,mmu      ] GC(22) MMU: 2ms/0.0%, 5ms/19.3%, 10ms/55.5%, 20ms/76.6%, 50ms/88.3%, 100ms/93.5%
[24.721s][info][gc,marking  ] GC(22) Mark: 1 stripe(s), 2 proactive flush(es), 1 terminate flush(es), 0 completion(s), 0 continuation(s) 
[24.721s][info][gc,reloc    ] GC(22) Relocation: Successful, 7M relocated
[24.721s][info][gc,nmethod  ] GC(22) NMethods: 2541 registered, 0 unregistered
[24.721s][info][gc,metaspace] GC(22) Metaspace: 67M used, 71M capacity, 71M committed, 72M reserved
[24.721s][info][gc,ref      ] GC(22) Soft: 4676 encountered, 0 discovered, 0 enqueued
[24.721s][info][gc,ref      ] GC(22) Weak: 4612 encountered, 3469 discovered, 74 enqueued
[24.721s][info][gc,ref      ] GC(22) Final: 27 encountered, 0 discovered, 0 enqueued
[24.721s][info][gc,ref      ] GC(22) Phantom: 650 encountered, 646 discovered, 0 enqueued
[24.721s][info][gc,heap     ] GC(22)                Mark Start          Mark End        Relocate Start      Relocate End           High               Low         
[24.721s][info][gc,heap     ] GC(22)  Capacity:     1500M (100%)       1500M (100%)       1500M (100%)       1500M (100%)       1500M (100%)       1500M (100%)   
[24.721s][info][gc,heap     ] GC(22)   Reserve:       34M (2%)           34M (2%)           34M (2%)           34M (2%)           34M (2%)           34M (2%)     
[24.721s][info][gc,heap     ] GC(22)      Free:      684M (46%)         358M (24%)         866M (58%)         882M (59%)         882M (59%)         358M (24%)    
[24.721s][info][gc,heap     ] GC(22)      Used:      782M (52%)        1108M (74%)         600M (40%)         584M (39%)        1108M (74%)         584M (39%)    
[24.721s][info][gc,heap     ] GC(22)      Live:         -               216M (14%)         216M (14%)         216M (14%)            -                  -          
[24.721s][info][gc,heap     ] GC(22) Allocated:         -               326M (22%)         326M (22%)         338M (23%)            -                  -          
[24.721s][info][gc,heap     ] GC(22)   Garbage:         -               565M (38%)          57M (4%)           31M (2%)             -                  -          
[24.721s][info][gc,heap     ] GC(22) Reclaimed:         -                  -               508M (34%)         534M (36%)            -                  -          
[24.721s][info][gc          ] GC(22) Garbage Collection (Allocation Rate) 782M(52%)->584M(39%)
[24.765s][info][gc,start    ] GC(23) Garbage Collection (Allocation Rate)
[24.770s][info][gc,phases   ] GC(23) Pause Mark Start 2.357ms
[25.196s][info][gc,phases   ] GC(23) Concurrent Mark 426.211ms
[25.199s][info][gc,phases   ] GC(23) Pause Mark End 0.310ms
[25.201s][info][gc,phases   ] GC(23) Concurrent Process Non-Strong References 1.542ms
[25.201s][info][gc,phases   ] GC(23) Concurrent Reset Relocation Set 0.005ms
[25.201s][info][gc,phases   ] GC(23) Concurrent Destroy Detached Pages 0.000ms
[25.202s][info][gc,phases   ] GC(23) Concurrent Select Relocation Set 1.521ms
[25.202s][info][gc,phases   ] GC(23) Concurrent Prepare Relocation Set 0.025ms
[25.204s][info][gc,phases   ] GC(23) Pause Relocate Start 1.979ms
[25.213s][info][gc,phases   ] GC(23) Concurrent Relocate 8.533ms
[25.213s][info][gc,load     ] GC(23) Load: 2.41/2.21/1.45
[25.213s][info][gc,mmu      ] GC(23) MMU: 2ms/0.0%, 5ms/19.3%, 10ms/55.5%, 20ms/76.6%, 50ms/88.3%, 100ms/93.5%
[25.213s][info][gc,marking  ] GC(23) Mark: 1 stripe(s), 2 proactive flush(es), 1 terminate flush(es), 0 completion(s), 0 continuation(s) 
[25.213s][info][gc,reloc    ] GC(23) Relocation: Successful, 7M relocated
[25.213s][info][gc,nmethod  ] GC(23) NMethods: 2545 registered, 0 unregistered
[25.213s][info][gc,metaspace] GC(23) Metaspace: 67M used, 71M capacity, 71M committed, 72M reserved
[25.213s][info][gc,ref      ] GC(23) Soft: 4676 encountered, 0 discovered, 0 enqueued
[25.213s][info][gc,ref      ] GC(23) Weak: 4546 encountered, 3415 discovered, 19 enqueued
[25.213s][info][gc,ref      ] GC(23) Final: 27 encountered, 0 discovered, 0 enqueued
[25.213s][info][gc,ref      ] GC(23) Phantom: 650 encountered, 646 discovered, 0 enqueued
[25.213s][info][gc,heap     ] GC(23)                Mark Start          Mark End        Relocate Start      Relocate End           High               Low         
[25.213s][info][gc,heap     ] GC(23)  Capacity:     1500M (100%)       1500M (100%)       1500M (100%)       1500M (100%)       1500M (100%)       1500M (100%)   
[25.213s][info][gc,heap     ] GC(23)   Reserve:       34M (2%)           34M (2%)           34M (2%)           34M (2%)           34M (2%)           34M (2%)     
[25.213s][info][gc,heap     ] GC(23)      Free:      824M (55%)         488M (33%)         868M (58%)         872M (58%)         872M (58%)         488M (33%)    
[25.213s][info][gc,heap     ] GC(23)      Used:      642M (43%)         978M (65%)         598M (40%)         594M (40%)         978M (65%)         594M (40%)    
[25.213s][info][gc,heap     ] GC(23)      Live:         -               216M (14%)         216M (14%)         216M (14%)            -                  -          
[25.213s][info][gc,heap     ] GC(23) Allocated:         -               336M (22%)         336M (22%)         348M (23%)            -                  -          
[25.213s][info][gc,heap     ] GC(23)   Garbage:         -               425M (28%)          45M (3%)           33M (2%)             -                  -          
[25.213s][info][gc,heap     ] GC(23) Reclaimed:         -                  -               380M (25%)         392M (26%)            -                  -          
[25.213s][info][gc          ] GC(23) Garbage Collection (Allocation Rate) 642M(43%)->594M(40%)
[25.265s][info][gc,start    ] GC(24) Garbage Collection (Allocation Rate)
[25.270s][info][gc,phases   ] GC(24) Pause Mark Start 2.364ms
[25.717s][info][gc,phases   ] GC(24) Concurrent Mark 446.650ms
[25.720s][info][gc,phases   ] GC(24) Pause Mark End 0.285ms
[25.721s][info][gc,phases   ] GC(24) Concurrent Process Non-Strong References 1.442ms
[25.721s][info][gc,phases   ] GC(24) Concurrent Reset Relocation Set 0.003ms
[25.721s][info][gc,phases   ] GC(24) Concurrent Destroy Detached Pages 0.000ms
[25.723s][info][gc,phases   ] GC(24) Concurrent Select Relocation Set 1.513ms
[25.723s][info][gc,phases   ] GC(24) Concurrent Prepare Relocation Set 0.031ms
[25.725s][info][gc,phases   ] GC(24) Pause Relocate Start 1.980ms
[25.733s][info][gc,phases   ] GC(24) Concurrent Relocate 7.912ms
[25.733s][info][gc,load     ] GC(24) Load: 2.41/2.21/1.45
[25.733s][info][gc,mmu      ] GC(24) MMU: 2ms/0.0%, 5ms/19.3%, 10ms/55.5%, 20ms/76.6%, 50ms/88.3%, 100ms/93.5%
[25.733s][info][gc,marking  ] GC(24) Mark: 1 stripe(s), 2 proactive flush(es), 1 terminate flush(es), 0 completion(s), 0 continuation(s) 
[25.733s][info][gc,reloc    ] GC(24) Relocation: Successful, 7M relocated
[25.733s][info][gc,nmethod  ] GC(24) NMethods: 2545 registered, 0 unregistered
[25.733s][info][gc,metaspace] GC(24) Metaspace: 67M used, 71M capacity, 71M committed, 72M reserved
[25.733s][info][gc,ref      ] GC(24) Soft: 4676 encountered, 0 discovered, 0 enqueued
[25.733s][info][gc,ref      ] GC(24) Weak: 4527 encountered, 3396 discovered, 0 enqueued
[25.733s][info][gc,ref      ] GC(24) Final: 27 encountered, 0 discovered, 0 enqueued
[25.733s][info][gc,ref      ] GC(24) Phantom: 650 encountered, 646 discovered, 0 enqueued
[25.733s][info][gc,heap     ] GC(24)                Mark Start          Mark End        Relocate Start      Relocate End           High               Low         
[25.733s][info][gc,heap     ] GC(24)  Capacity:     1500M (100%)       1500M (100%)       1500M (100%)       1500M (100%)       1500M (100%)       1500M (100%)   
[25.733s][info][gc,heap     ] GC(24)   Reserve:       34M (2%)           34M (2%)           34M (2%)           34M (2%)           34M (2%)           34M (2%)     
[25.733s][info][gc,heap     ] GC(24)      Free:      790M (53%)         462M (31%)         878M (59%)         882M (59%)         882M (59%)         462M (31%)    
[25.733s][info][gc,heap     ] GC(24)      Used:      676M (45%)        1004M (67%)         588M (39%)         584M (39%)        1004M (67%)         584M (39%)    
[25.733s][info][gc,heap     ] GC(24)      Live:         -               216M (14%)         216M (14%)         216M (14%)            -                  -          
[25.733s][info][gc,heap     ] GC(24) Allocated:         -               328M (22%)         328M (22%)         338M (23%)            -                  -          
[25.733s][info][gc,heap     ] GC(24)   Garbage:         -               459M (31%)          43M (3%)           31M (2%)             -                  -          
[25.733s][info][gc,heap     ] GC(24) Reclaimed:         -                  -               416M (28%)         428M (29%)            -                  -          
[25.733s][info][gc          ] GC(24) Garbage Collection (Allocation Rate) 676M(45%)->584M(39%)
[25.765s][info][gc,start    ] GC(25) Garbage Collection (Allocation Rate)
[25.769s][info][gc,phases   ] GC(25) Pause Mark Start 2.373ms
[26.207s][info][gc,phases   ] GC(25) Concurrent Mark 437.011ms
[26.209s][info][gc,phases   ] GC(25) Pause Mark End 0.287ms
[26.211s][info][gc,phases   ] GC(25) Concurrent Process Non-Strong References 1.488ms
[26.211s][info][gc,phases   ] GC(25) Concurrent Reset Relocation Set 0.003ms
[26.211s][info][gc,phases   ] GC(25) Concurrent Destroy Detached Pages 0.000ms
[26.212s][info][gc,phases   ] GC(25) Concurrent Select Relocation Set 1.515ms
[26.212s][info][gc,phases   ] GC(25) Concurrent Prepare Relocation Set 0.031ms
[26.215s][info][gc,phases   ] GC(25) Pause Relocate Start 2.007ms
[26.220s][info][gc,phases   ] GC(25) Concurrent Relocate 5.875ms
[26.221s][info][gc,load     ] GC(25) Load: 2.41/2.21/1.45
[26.221s][info][gc,mmu      ] GC(25) MMU: 2ms/0.0%, 5ms/19.3%, 10ms/55.5%, 20ms/76.6%, 50ms/88.3%, 100ms/93.5%
[26.221s][info][gc,marking  ] GC(25) Mark: 1 stripe(s), 2 proactive flush(es), 1 terminate flush(es), 0 completion(s), 0 continuation(s) 
[26.221s][info][gc,reloc    ] GC(25) Relocation: Successful, 7M relocated
[26.221s][info][gc,nmethod  ] GC(25) NMethods: 2545 registered, 0 unregistered
[26.221s][info][gc,metaspace] GC(25) Metaspace: 67M used, 71M capacity, 71M committed, 72M reserved
[26.221s][info][gc,ref      ] GC(25) Soft: 4676 encountered, 0 discovered, 0 enqueued
[26.221s][info][gc,ref      ] GC(25) Weak: 4527 encountered, 3396 discovered, 0 enqueued
[26.221s][info][gc,ref      ] GC(25) Final: 27 encountered, 0 discovered, 0 enqueued
[26.221s][info][gc,ref      ] GC(25) Phantom: 650 encountered, 646 discovered, 0 enqueued
[26.221s][info][gc,heap     ] GC(25)                Mark Start          Mark End        Relocate Start      Relocate End           High               Low         
[26.221s][info][gc,heap     ] GC(25)  Capacity:     1500M (100%)       1500M (100%)       1500M (100%)       1500M (100%)       1500M (100%)       1500M (100%)   
[26.221s][info][gc,heap     ] GC(25)   Reserve:       34M (2%)           34M (2%)           34M (2%)           34M (2%)           34M (2%)           34M (2%)     
[26.221s][info][gc,heap     ] GC(25)      Free:      832M (55%)         494M (33%)         872M (58%)         874M (58%)         874M (58%)         494M (33%)    
[26.221s][info][gc,heap     ] GC(25)      Used:      634M (42%)         972M (65%)         594M (40%)         592M (39%)         972M (65%)         592M (39%)    
[26.221s][info][gc,heap     ] GC(25)      Live:         -               216M (14%)         216M (14%)         216M (14%)            -                  -          
[26.221s][info][gc,heap     ] GC(25) Allocated:         -               338M (23%)         338M (23%)         346M (23%)            -                  -          
[26.221s][info][gc,heap     ] GC(25)   Garbage:         -               417M (28%)          39M (3%)           31M (2%)             -                  -          
[26.221s][info][gc,heap     ] GC(25) Reclaimed:         -                  -               378M (25%)         386M (26%)            -                  -          
[26.221s][info][gc          ] GC(25) Garbage Collection (Allocation Rate) 634M(42%)->592M(39%)
[26.265s][info][gc,start    ] GC(26) Garbage Collection (Allocation Rate)
[26.270s][info][gc,phases   ] GC(26) Pause Mark Start 2.352ms
[26.755s][info][gc,phases   ] GC(26) Concurrent Mark 484.861ms
[26.757s][info][gc,phases   ] GC(26) Pause Mark End 0.289ms
[26.759s][info][gc,phases   ] GC(26) Concurrent Process Non-Strong References 1.474ms
[26.759s][info][gc,phases   ] GC(26) Concurrent Reset Relocation Set 0.003ms
[26.759s][info][gc,phases   ] GC(26) Concurrent Destroy Detached Pages 0.000ms
[26.761s][info][gc,phases   ] GC(26) Concurrent Select Relocation Set 1.519ms
[26.761s][info][gc,phases   ] GC(26) Concurrent Prepare Relocation Set 0.029ms
[26.763s][info][gc,phases   ] GC(26) Pause Relocate Start 1.986ms
[26.768s][info][gc,phases   ] GC(26) Concurrent Relocate 4.898ms
[26.768s][info][gc,load     ] GC(26) Load: 2.38/2.21/1.45
[26.768s][info][gc,mmu      ] GC(26) MMU: 2ms/0.0%, 5ms/19.3%, 10ms/55.5%, 20ms/76.6%, 50ms/88.3%, 100ms/93.5%
[26.768s][info][gc,marking  ] GC(26) Mark: 1 stripe(s), 2 proactive flush(es), 1 terminate flush(es), 0 completion(s), 0 continuation(s) 
[26.768s][info][gc,reloc    ] GC(26) Relocation: Successful, 7M relocated
[26.768s][info][gc,nmethod  ] GC(26) NMethods: 2545 registered, 0 unregistered
[26.768s][info][gc,metaspace] GC(26) Metaspace: 67M used, 71M capacity, 71M committed, 72M reserved
[26.768s][info][gc,ref      ] GC(26) Soft: 4676 encountered, 0 discovered, 0 enqueued
[26.768s][info][gc,ref      ] GC(26) Weak: 4527 encountered, 3396 discovered, 0 enqueued
[26.768s][info][gc,ref      ] GC(26) Final: 27 encountered, 0 discovered, 0 enqueued
[26.768s][info][gc,ref      ] GC(26) Phantom: 650 encountered, 646 discovered, 0 enqueued
[26.768s][info][gc,heap     ] GC(26)                Mark Start          Mark End        Relocate Start      Relocate End           High               Low         
[26.768s][info][gc,heap     ] GC(26)  Capacity:     1500M (100%)       1500M (100%)       1500M (100%)       1500M (100%)       1500M (100%)       1500M (100%)   
[26.768s][info][gc,heap     ] GC(26)   Reserve:       34M (2%)           34M (2%)           34M (2%)           34M (2%)           34M (2%)           34M (2%)     
[26.768s][info][gc,heap     ] GC(26)      Free:      804M (54%)         482M (32%)         888M (59%)         892M (59%)         892M (59%)         482M (32%)    
[26.768s][info][gc,heap     ] GC(26)      Used:      662M (44%)         984M (66%)         578M (39%)         574M (38%)         984M (66%)         574M (38%)    
[26.768s][info][gc,heap     ] GC(26)      Live:         -               216M (14%)         216M (14%)         216M (14%)            -                  -          
[26.768s][info][gc,heap     ] GC(26) Allocated:         -               322M (21%)         322M (21%)         328M (22%)            -                  -          
[26.768s][info][gc,heap     ] GC(26)   Garbage:         -               445M (30%)          39M (3%)           31M (2%)             -                  -          
[26.768s][info][gc,heap     ] GC(26) Reclaimed:         -                  -               406M (27%)         414M (28%)            -                  -          
[26.768s][info][gc          ] GC(26) Garbage Collection (Allocation Rate) 662M(44%)->574M(38%)
[26.865s][info][gc,start    ] GC(27) Garbage Collection (Allocation Rate)
[26.870s][info][gc,phases   ] GC(27) Pause Mark Start 2.335ms
[27.252s][info][gc,phases   ] GC(27) Concurrent Mark 382.096ms
[27.253s][info][gc,phases   ] GC(27) Pause Mark End 0.263ms
[27.254s][info][gc,phases   ] GC(27) Concurrent Process Non-Strong References 1.327ms
[27.254s][info][gc,phases   ] GC(27) Concurrent Reset Relocation Set 0.002ms
[27.254s][info][gc,phases   ] GC(27) Concurrent Destroy Detached Pages 0.000ms
[27.255s][info][gc,phases   ] GC(27) Concurrent Select Relocation Set 1.564ms
[27.255s][info][gc,phases   ] GC(27) Concurrent Prepare Relocation Set 0.031ms
[27.258s][info][gc,phases   ] GC(27) Pause Relocate Start 1.942ms
[27.260s][info][gc,phases   ] GC(27) Concurrent Relocate 2.235ms
[27.260s][info][gc,load     ] GC(27) Load: 2.38/2.21/1.45
[27.260s][info][gc,mmu      ] GC(27) MMU: 2ms/0.0%, 5ms/19.3%, 10ms/55.5%, 20ms/76.6%, 50ms/88.3%, 100ms/93.5%
[27.260s][info][gc,marking  ] GC(27) Mark: 1 stripe(s), 2 proactive flush(es), 1 terminate flush(es), 0 completion(s), 0 continuation(s) 
[27.260s][info][gc,reloc    ] GC(27) Relocation: Successful, 7M relocated
[27.260s][info][gc,nmethod  ] GC(27) NMethods: 2600 registered, 0 unregistered
[27.260s][info][gc,metaspace] GC(27) Metaspace: 67M used, 71M capacity, 71M committed, 72M reserved
[27.260s][info][gc,ref      ] GC(27) Soft: 4676 encountered, 0 discovered, 0 enqueued
[27.260s][info][gc,ref      ] GC(27) Weak: 4525 encountered, 3394 discovered, 0 enqueued
[27.260s][info][gc,ref      ] GC(27) Final: 27 encountered, 0 discovered, 0 enqueued
[27.260s][info][gc,ref      ] GC(27) Phantom: 650 encountered, 646 discovered, 0 enqueued
[27.260s][info][gc,heap     ] GC(27)                Mark Start          Mark End        Relocate Start      Relocate End           High               Low         
[27.260s][info][gc,heap     ] GC(27)  Capacity:     1500M (100%)       1500M (100%)       1500M (100%)       1500M (100%)       1500M (100%)       1500M (100%)   
[27.260s][info][gc,heap     ] GC(27)   Reserve:       34M (2%)           34M (2%)           34M (2%)           34M (2%)           34M (2%)           34M (2%)     
[27.260s][info][gc,heap     ] GC(27)      Free:      738M (49%)         720M (48%)        1192M (79%)        1200M (80%)        1200M (80%)         720M (48%)    
[27.260s][info][gc,heap     ] GC(27)      Used:      728M (49%)         746M (50%)         274M (18%)         266M (18%)         746M (50%)         266M (18%)    
[27.260s][info][gc,heap     ] GC(27)      Live:         -               216M (14%)         216M (14%)         216M (14%)            -                  -          
[27.260s][info][gc,heap     ] GC(27) Allocated:         -                18M (1%)           18M (1%)           20M (1%)             -                  -          
[27.260s][info][gc,heap     ] GC(27)   Garbage:         -               511M (34%)          39M (3%)           31M (2%)             -                  -          
[27.260s][info][gc,heap     ] GC(27) Reclaimed:         -                  -               472M (31%)         480M (32%)            -                  -          
[27.260s][info][gc          ] GC(27) Garbage Collection (Allocation Rate) 728M(49%)->266M(18%)
[27.260s][info][gc,start    ] GC(28) Garbage Collection (System.gc())
[27.263s][info][gc,phases   ] GC(28) Pause Mark Start 2.442ms
[27.477s][info][gc,phases   ] GC(28) Concurrent Mark 214.453ms
[27.478s][info][gc,phases   ] GC(28) Pause Mark End 0.265ms
[27.479s][info][gc,phases   ] GC(28) Concurrent Process Non-Strong References 1.434ms
[27.482s][info][gc,phases   ] GC(28) Concurrent Reset Relocation Set 0.005ms
[27.482s][info][gc,phases   ] GC(28) Concurrent Destroy Detached Pages 0.000ms
[27.483s][info][gc,phases   ] GC(28) Concurrent Select Relocation Set 1.652ms
[27.483s][info][gc,phases   ] GC(28) Concurrent Prepare Relocation Set 0.031ms
[27.488s][info][gc,phases   ] GC(28) Pause Relocate Start 2.118ms
[27.492s][info][gc,phases   ] GC(28) Concurrent Relocate 3.443ms
[27.492s][info][gc,load     ] GC(28) Load: 2.38/2.21/1.45
[27.492s][info][gc,mmu      ] GC(28) MMU: 2ms/0.0%, 5ms/19.3%, 10ms/55.5%, 20ms/76.6%, 50ms/88.3%, 100ms/93.5%
[27.492s][info][gc,marking  ] GC(28) Mark: 1 stripe(s), 2 proactive flush(es), 1 terminate flush(es), 0 completion(s), 0 continuation(s) 
[27.492s][info][gc,reloc    ] GC(28) Relocation: Successful, 7M relocated
[27.492s][info][gc,nmethod  ] GC(28) NMethods: 2604 registered, 0 unregistered
[27.492s][info][gc,metaspace] GC(28) Metaspace: 67M used, 71M capacity, 71M committed, 72M reserved
[27.492s][info][gc,ref      ] GC(28) Soft: 4676 encountered, 0 discovered, 0 enqueued
[27.492s][info][gc,ref      ] GC(28) Weak: 4597 encountered, 3517 discovered, 118 enqueued
[27.492s][info][gc,ref      ] GC(28) Final: 27 encountered, 0 discovered, 0 enqueued
[27.492s][info][gc,ref      ] GC(28) Phantom: 650 encountered, 646 discovered, 0 enqueued
[27.492s][info][gc,heap     ] GC(28)                Mark Start          Mark End        Relocate Start      Relocate End           High               Low         
[27.492s][info][gc,heap     ] GC(28)  Capacity:     1500M (100%)       1500M (100%)       1500M (100%)       1500M (100%)       1500M (100%)       1500M (100%)   
[27.492s][info][gc,heap     ] GC(28)   Reserve:       34M (2%)           34M (2%)           34M (2%)           34M (2%)           34M (2%)           34M (2%)     
[27.492s][info][gc,heap     ] GC(28)      Free:     1200M (80%)        1198M (80%)        1210M (81%)        1214M (81%)        1214M (81%)        1198M (80%)    
[27.492s][info][gc,heap     ] GC(28)      Used:      266M (18%)         268M (18%)         256M (17%)         252M (17%)         268M (18%)         252M (17%)    
[27.492s][info][gc,heap     ] GC(28)      Live:         -               216M (14%)         216M (14%)         216M (14%)            -                  -          
[27.492s][info][gc,heap     ] GC(28) Allocated:         -                 2M (0%)            2M (0%)            6M (0%)             -                  -          
[27.492s][info][gc,heap     ] GC(28)   Garbage:         -                49M (3%)           37M (3%)           33M (2%)             -                  -          
[27.492s][info][gc,heap     ] GC(28) Reclaimed:         -                  -                12M (1%)           16M (1%)             -                  -          
[27.492s][info][gc          ] GC(28) Garbage Collection (System.gc()) 266M(18%)->252M(17%)
[28.365s][info][gc,start    ] GC(29) Garbage Collection (Allocation Rate)
[28.371s][info][gc,phases   ] GC(29) Pause Mark Start 2.545ms
[28.927s][info][gc,phases   ] GC(29) Concurrent Mark 555.767ms
[28.930s][info][gc,phases   ] GC(29) Pause Mark End 0.315ms
[28.931s][info][gc,phases   ] GC(29) Concurrent Process Non-Strong References 1.525ms
[28.931s][info][gc,phases   ] GC(29) Concurrent Reset Relocation Set 0.003ms
[28.932s][info][gc,phases   ] GC(29) Concurrent Destroy Detached Pages 0.000ms
[28.933s][info][gc,phases   ] GC(29) Concurrent Select Relocation Set 1.524ms
[28.933s][info][gc,phases   ] GC(29) Concurrent Prepare Relocation Set 0.034ms
[28.935s][info][gc,phases   ] GC(29) Pause Relocate Start 2.115ms
[28.939s][info][gc,phases   ] GC(29) Concurrent Relocate 2.519ms
[28.939s][info][gc,load     ] GC(29) Load: 2.38/2.21/1.45
[28.939s][info][gc,mmu      ] GC(29) MMU: 2ms/0.0%, 5ms/19.3%, 10ms/55.5%, 20ms/76.6%, 50ms/88.3%, 100ms/93.5%
[28.939s][info][gc,marking  ] GC(29) Mark: 1 stripe(s), 2 proactive flush(es), 1 terminate flush(es), 0 completion(s), 0 continuation(s) 
[28.939s][info][gc,reloc    ] GC(29) Relocation: Successful, 7M relocated
[28.939s][info][gc,nmethod  ] GC(29) NMethods: 2677 registered, 0 unregistered
[28.939s][info][gc,metaspace] GC(29) Metaspace: 67M used, 71M capacity, 71M committed, 72M reserved
[28.939s][info][gc,ref      ] GC(29) Soft: 4681 encountered, 0 discovered, 0 enqueued
[28.939s][info][gc,ref      ] GC(29) Weak: 4635 encountered, 3496 discovered, 73 enqueued
[28.939s][info][gc,ref      ] GC(29) Final: 27 encountered, 0 discovered, 0 enqueued
[28.939s][info][gc,ref      ] GC(29) Phantom: 650 encountered, 646 discovered, 0 enqueued
[28.939s][info][gc,heap     ] GC(29)                Mark Start          Mark End        Relocate Start      Relocate End           High               Low         
[28.939s][info][gc,heap     ] GC(29)  Capacity:     1500M (100%)       1500M (100%)       1500M (100%)       1500M (100%)       1500M (100%)       1500M (100%)   
[28.939s][info][gc,heap     ] GC(29)   Reserve:       34M (2%)           34M (2%)           34M (2%)           34M (2%)           34M (2%)           34M (2%)     
[28.939s][info][gc,heap     ] GC(29)      Free:      684M (46%)         344M (23%)         850M (57%)         876M (58%)         876M (58%)         344M (23%)    
[28.939s][info][gc,heap     ] GC(29)      Used:      782M (52%)        1122M (75%)         616M (41%)         590M (39%)        1122M (75%)         590M (39%)    
[28.939s][info][gc,heap     ] GC(29)      Live:         -               216M (14%)         216M (14%)         216M (14%)            -                  -          
[28.939s][info][gc,heap     ] GC(29) Allocated:         -               340M (23%)         340M (23%)         344M (23%)            -                  -          
[28.939s][info][gc,heap     ] GC(29)   Garbage:         -               565M (38%)          59M (4%)           31M (2%)             -                  -          
[28.939s][info][gc,heap     ] GC(29) Reclaimed:         -                  -               506M (34%)         534M (36%)            -                  -          
[28.939s][info][gc          ] GC(29) Garbage Collection (Allocation Rate) 782M(52%)->590M(39%)
[28.965s][info][gc,start    ] GC(30) Garbage Collection (Allocation Rate)
[28.970s][info][gc,phases   ] GC(30) Pause Mark Start 2.467ms
[29.395s][info][gc,phases   ] GC(30) Concurrent Mark 425.003ms
[29.398s][info][gc,phases   ] GC(30) Pause Mark End 0.344ms
[29.400s][info][gc,phases   ] GC(30) Concurrent Process Non-Strong References 1.507ms
[29.400s][info][gc,phases   ] GC(30) Concurrent Reset Relocation Set 0.005ms
[29.400s][info][gc,phases   ] GC(30) Concurrent Destroy Detached Pages 0.000ms
[29.402s][info][gc,phases   ] GC(30) Concurrent Select Relocation Set 1.551ms
[29.402s][info][gc,phases   ] GC(30) Concurrent Prepare Relocation Set 0.030ms
[29.406s][info][gc,phases   ] GC(30) Pause Relocate Start 4.080ms
[29.412s][info][gc,phases   ] GC(30) Concurrent Relocate 6.214ms
[29.412s][info][gc,load     ] GC(30) Load: 2.38/2.21/1.45
[29.412s][info][gc,mmu      ] GC(30) MMU: 2ms/0.0%, 5ms/18.4%, 10ms/55.5%, 20ms/76.6%, 50ms/88.3%, 100ms/93.5%
[29.412s][info][gc,marking  ] GC(30) Mark: 1 stripe(s), 2 proactive flush(es), 1 terminate flush(es), 0 completion(s), 0 continuation(s) 
[29.412s][info][gc,reloc    ] GC(30) Relocation: Successful, 7M relocated
[29.412s][info][gc,nmethod  ] GC(30) NMethods: 2692 registered, 0 unregistered
[29.412s][info][gc,metaspace] GC(30) Metaspace: 67M used, 71M capacity, 71M committed, 72M reserved
[29.412s][info][gc,ref      ] GC(30) Soft: 4681 encountered, 0 discovered, 0 enqueued
[29.412s][info][gc,ref      ] GC(30) Weak: 4570 encountered, 3464 discovered, 14 enqueued
[29.412s][info][gc,ref      ] GC(30) Final: 27 encountered, 0 discovered, 0 enqueued
[29.412s][info][gc,ref      ] GC(30) Phantom: 650 encountered, 646 discovered, 0 enqueued
[29.412s][info][gc,heap     ] GC(30)                Mark Start          Mark End        Relocate Start      Relocate End           High               Low         
[29.412s][info][gc,heap     ] GC(30)  Capacity:     1500M (100%)       1500M (100%)       1500M (100%)       1500M (100%)       1500M (100%)       1500M (100%)   
[29.412s][info][gc,heap     ] GC(30)   Reserve:       34M (2%)           34M (2%)           34M (2%)           34M (2%)           34M (2%)           34M (2%)     
[29.412s][info][gc,heap     ] GC(30)      Free:      846M (56%)         520M (35%)         874M (58%)         886M (59%)         886M (59%)         520M (35%)    
[29.412s][info][gc,heap     ] GC(30)      Used:      620M (41%)         946M (63%)         592M (39%)         580M (39%)         946M (63%)         580M (39%)    
[29.412s][info][gc,heap     ] GC(30)      Live:         -               216M (14%)         216M (14%)         216M (14%)            -                  -          
[29.412s][info][gc,heap     ] GC(30) Allocated:         -               326M (22%)         326M (22%)         334M (22%)            -                  -          
[29.412s][info][gc,heap     ] GC(30)   Garbage:         -               403M (27%)          49M (3%)           31M (2%)             -                  -          
[29.412s][info][gc,heap     ] GC(30) Reclaimed:         -                  -               354M (24%)         372M (25%)            -                  -          
[29.412s][info][gc          ] GC(30) Garbage Collection (Allocation Rate) 620M(41%)->580M(39%)
[29.466s][info][gc,start    ] GC(31) Garbage Collection (Allocation Rate)
[29.472s][info][gc,phases   ] GC(31) Pause Mark Start 4.452ms
[29.971s][info][gc,phases   ] GC(31) Concurrent Mark 498.723ms
[29.975s][info][gc,phases   ] GC(31) Pause Mark End 0.420ms
[29.977s][info][gc,phases   ] GC(31) Concurrent Process Non-Strong References 1.619ms
[29.977s][info][gc,phases   ] GC(31) Concurrent Reset Relocation Set 0.004ms
[29.977s][info][gc,phases   ] GC(31) Concurrent Destroy Detached Pages 0.000ms
[29.978s][info][gc,phases   ] GC(31) Concurrent Select Relocation Set 1.541ms
[29.978s][info][gc,phases   ] GC(31) Concurrent Prepare Relocation Set 0.025ms
[29.981s][info][gc,phases   ] GC(31) Pause Relocate Start 2.124ms
[29.988s][info][gc,phases   ] GC(31) Concurrent Relocate 7.003ms
[29.988s][info][gc,load     ] GC(31) Load: 2.38/2.21/1.45
[29.988s][info][gc,mmu      ] GC(31) MMU: 2ms/0.0%, 5ms/11.0%, 10ms/55.5%, 20ms/76.6%, 50ms/88.3%, 100ms/91.1%
[29.988s][info][gc,marking  ] GC(31) Mark: 1 stripe(s), 2 proactive flush(es), 1 terminate flush(es), 0 completion(s), 0 continuation(s) 
[29.988s][info][gc,reloc    ] GC(31) Relocation: Successful, 7M relocated
[29.988s][info][gc,nmethod  ] GC(31) NMethods: 2692 registered, 0 unregistered
[29.988s][info][gc,metaspace] GC(31) Metaspace: 67M used, 71M capacity, 71M committed, 72M reserved
[29.988s][info][gc,ref      ] GC(31) Soft: 4681 encountered, 0 discovered, 0 enqueued
[29.988s][info][gc,ref      ] GC(31) Weak: 4556 encountered, 3429 discovered, 2 enqueued
[29.988s][info][gc,ref      ] GC(31) Final: 27 encountered, 0 discovered, 0 enqueued
[29.988s][info][gc,ref      ] GC(31) Phantom: 650 encountered, 646 discovered, 0 enqueued
[29.988s][info][gc,heap     ] GC(31)                Mark Start          Mark End        Relocate Start      Relocate End           High               Low         
[29.988s][info][gc,heap     ] GC(31)  Capacity:     1500M (100%)       1500M (100%)       1500M (100%)       1500M (100%)       1500M (100%)       1500M (100%)   
[29.988s][info][gc,heap     ] GC(31)   Reserve:       34M (2%)           34M (2%)           34M (2%)           34M (2%)           34M (2%)           34M (2%)     
[29.988s][info][gc,heap     ] GC(31)      Free:      846M (56%)         514M (34%)         874M (58%)         876M (58%)         876M (58%)         514M (34%)    
[29.988s][info][gc,heap     ] GC(31)      Used:      620M (41%)         952M (63%)         592M (39%)         590M (39%)         952M (63%)         590M (39%)    
[29.988s][info][gc,heap     ] GC(31)      Live:         -               216M (14%)         216M (14%)         216M (14%)            -                  -          
[29.988s][info][gc,heap     ] GC(31) Allocated:         -               332M (22%)         332M (22%)         344M (23%)            -                  -          
[29.988s][info][gc,heap     ] GC(31)   Garbage:         -               403M (27%)          43M (3%)           31M (2%)             -                  -          
[29.988s][info][gc,heap     ] GC(31) Reclaimed:         -                  -               360M (24%)         372M (25%)            -                  -          
[29.988s][info][gc          ] GC(31) Garbage Collection (Allocation Rate) 620M(41%)->590M(39%)
[30.065s][info][gc,stats    ] === Garbage Collection Statistics =======================================================================================================================
[30.066s][info][gc,stats    ]                                                              Last 10s              Last 10m              Last 10h                Total
[30.066s][info][gc,stats    ]                                                              Avg / Max             Avg / Max             Avg / Max             Avg / Max
[30.066s][info][gc,stats    ]   Collector: Garbage Collection Cycle                    448.249 / 573.699     504.718 / 1509.133    504.718 / 1509.133    504.718 / 1509.133    ms
[30.066s][info][gc,stats    ]  Contention: Mark Segment Reset Contention                     0 / 0                 0 / 0                 0 / 0                 0 / 0           ops/s
[30.066s][info][gc,stats    ]  Contention: Mark SeqNum Reset Contention                      0 / 0                 0 / 0                 0 / 0                 0 / 0           ops/s
[30.066s][info][gc,stats    ]  Contention: Relocation Contention                             0 / 0                 0 / 1                 0 / 1                 0 / 1           ops/s
[30.066s][info][gc,stats    ]    Critical: Allocation Stall                              0.000 / 0.000         0.000 / 0.000         0.000 / 0.000         0.000 / 0.000       ms
[30.066s][info][gc,stats    ]    Critical: Allocation Stall                                  0 / 0                 0 / 0                 0 / 0                 0 / 0           ops/s
[30.066s][info][gc,stats    ]    Critical: GC Locker Stall                               0.000 / 0.000         0.000 / 0.000         0.000 / 0.000         0.000 / 0.000       ms
[30.066s][info][gc,stats    ]    Critical: GC Locker Stall                                   0 / 0                 0 / 0                 0 / 0                 0 / 0           ops/s
[30.066s][info][gc,stats    ]      Memory: Allocation Rate                                 646 / 814             444 / 1086            444 / 1086            444 / 1086        MB/s
[30.066s][info][gc,stats    ]      Memory: Heap Used After Mark                            890 / 1122            830 / 1446            830 / 1446            830 / 1446        MB
[30.066s][info][gc,stats    ]      Memory: Heap Used After Relocation                      507 / 594             487 / 884             487 / 884             487 / 884         MB
[30.066s][info][gc,stats    ]      Memory: Heap Used Before Mark                           627 / 782             604 / 1118            604 / 1118            604 / 1118        MB
[30.066s][info][gc,stats    ]      Memory: Heap Used Before Relocation                     515 / 616             546 / 1240            546 / 1240            546 / 1240        MB
[30.066s][info][gc,stats    ]      Memory: Out Of Memory                                     0 / 0                 0 / 0                 0 / 0                 0 / 0           ops/s
[30.066s][info][gc,stats    ]      Memory: Page Cache Flush                                  0 / 0                 4 / 104               4 / 104               4 / 104         MB/s
[30.066s][info][gc,stats    ]      Memory: Page Cache Hit L1                               320 / 409             199 / 497             199 / 497             199 / 497         ops/s
[30.066s][info][gc,stats    ]      Memory: Page Cache Hit L2                                 0 / 0                 0 / 0                 0 / 0                 0 / 0           ops/s
[30.066s][info][gc,stats    ]      Memory: Page Cache Miss                                   0 / 0                23 / 162              23 / 162              23 / 162         ops/s
[30.066s][info][gc,stats    ]      Memory: Undo Object Allocation Failed                     0 / 0                 0 / 0                 0 / 0                 0 / 0           ops/s
[30.066s][info][gc,stats    ]      Memory: Undo Object Allocation Succeeded                  0 / 0                 0 / 1                 0 / 1                 0 / 1           ops/s
[30.066s][info][gc,stats    ]      Memory: Undo Page Allocation                              0 / 0                 0 / 1                 0 / 1                 0 / 1           ops/s
[30.066s][info][gc,stats    ]       Phase: Concurrent Destroy Detached Pages             0.002 / 0.022         0.001 / 0.022         0.001 / 0.022         0.001 / 0.022       ms
[30.066s][info][gc,stats    ]       Phase: Concurrent Mark                             425.945 / 555.767     413.416 / 1109.321    413.416 / 1109.321    413.416 / 1109.321    ms
[30.066s][info][gc,stats    ]       Phase: Concurrent Mark Continue                      0.000 / 0.000         0.000 / 0.000         0.000 / 0.000         0.000 / 0.000       ms
[30.066s][info][gc,stats    ]       Phase: Concurrent Prepare Relocation Set             0.030 / 0.043         4.591 / 54.678        4.591 / 54.678        4.591 / 54.678      ms
[30.066s][info][gc,stats    ]       Phase: Concurrent Process Non-Strong References      1.672 / 3.305         1.533 / 3.305         1.533 / 3.305         1.533 / 3.305       ms
[30.066s][info][gc,stats    ]       Phase: Concurrent Relocate                           6.464 / 12.167       70.431 / 403.762      70.431 / 403.762      70.431 / 403.762     ms
[30.066s][info][gc,stats    ]       Phase: Concurrent Reset Relocation Set               0.004 / 0.008         0.131 / 1.090         0.131 / 1.090         0.131 / 1.090       ms
[30.066s][info][gc,stats    ]       Phase: Concurrent Select Relocation Set              2.476 / 9.668         3.500 / 29.150        3.500 / 29.150        3.500 / 29.150      ms
[30.066s][info][gc,stats    ]       Phase: Pause Mark End                                0.328 / 0.672         0.294 / 0.672         0.294 / 0.672         0.294 / 0.672       ms
[30.066s][info][gc,stats    ]       Phase: Pause Mark Start                              2.480 / 4.452         2.219 / 4.452         2.219 / 4.452         2.219 / 4.452       ms
[30.066s][info][gc,stats    ]       Phase: Pause Relocate Start                          2.319 / 4.080         2.236 / 4.080         2.236 / 4.080         2.236 / 4.080       ms
[30.066s][info][gc,stats    ]    Subphase: Concurrent Mark                             425.367 / 552.156     412.851 / 1109.293    412.851 / 1109.293    412.851 / 1109.293    ms
[30.066s][info][gc,stats    ]    Subphase: Concurrent Mark Idle                          0.000 / 0.000         0.000 / 0.000         0.000 / 0.000         0.000 / 0.000       ms
[30.066s][info][gc,stats    ]    Subphase: Concurrent Mark Try Flush                     1.080 / 5.878         1.403 / 7.930         1.403 / 7.930         1.403 / 7.930       ms
[30.066s][info][gc,stats    ]    Subphase: Concurrent Mark Try Terminate                 0.366 / 1.030         0.582 / 4.843         0.582 / 4.843         0.582 / 4.843       ms
[30.066s][info][gc,stats    ]    Subphase: Concurrent References Enqueue                 0.002 / 0.008         0.002 / 0.008         0.002 / 0.008         0.002 / 0.008       ms
[30.066s][info][gc,stats    ]    Subphase: Concurrent References Process                 0.738 / 1.234         0.669 / 1.234         0.669 / 1.234         0.669 / 1.234       ms
[30.066s][info][gc,stats    ]    Subphase: Concurrent Weak Roots                         0.919 / 2.038         0.849 / 2.038         0.849 / 2.038         0.849 / 2.038       ms
[30.066s][info][gc,stats    ]    Subphase: Concurrent Weak Roots JNIWeakHandles          0.000 / 0.001         0.000 / 0.001         0.000 / 0.001         0.000 / 0.001       ms
[30.066s][info][gc,stats    ]    Subphase: Concurrent Weak Roots StringTable             0.668 / 1.513         0.630 / 1.513         0.630 / 1.513         0.630 / 1.513       ms
[30.066s][info][gc,stats    ]    Subphase: Concurrent Weak Roots VMWeakHandles           0.250 / 0.537         0.217 / 0.537         0.217 / 0.537         0.217 / 0.537       ms
[30.066s][info][gc,stats    ]    Subphase: Pause Mark Try Complete                       0.000 / 0.000         0.001 / 0.001         0.001 / 0.001         0.001 / 0.001       ms
[30.066s][info][gc,stats    ]    Subphase: Pause Remap TLABS                             0.001 / 0.002         0.001 / 0.002         0.001 / 0.002         0.001 / 0.002       ms
[30.066s][info][gc,stats    ]    Subphase: Pause Retire TLABS                            0.019 / 0.034         0.017 / 0.034         0.017 / 0.034         0.017 / 0.034       ms
[30.066s][info][gc,stats    ]    Subphase: Pause Roots                                   1.469 / 3.993         1.384 / 3.993         1.384 / 3.993         1.384 / 3.993       ms
[30.066s][info][gc,stats    ]    Subphase: Pause Roots ClassLoaderDataGraph              0.681 / 1.466         0.671 / 1.467         0.671 / 1.467         0.671 / 1.467       ms
[30.066s][info][gc,stats    ]    Subphase: Pause Roots CodeCache                         0.981 / 1.648         0.875 / 2.289         0.875 / 2.289         0.875 / 2.289       ms
[30.066s][info][gc,stats    ]    Subphase: Pause Roots JNIHandles                        0.002 / 0.020         0.001 / 0.020         0.001 / 0.020         0.001 / 0.020       ms
[30.066s][info][gc,stats    ]    Subphase: Pause Roots JNIWeakHandles                    0.000 / 0.000         0.000 / 0.000         0.000 / 0.000         0.000 / 0.000       ms
[30.066s][info][gc,stats    ]    Subphase: Pause Roots JRFWeak                           0.000 / 0.000         0.000 / 0.000         0.000 / 0.000         0.000 / 0.000       ms
[30.066s][info][gc,stats    ]    Subphase: Pause Roots JVMTIExport                       0.001 / 0.001         0.001 / 0.001         0.001 / 0.001         0.001 / 0.001       ms
[30.066s][info][gc,stats    ]    Subphase: Pause Roots JVMTIWeakExport                   0.001 / 0.001         0.001 / 0.001         0.001 / 0.001         0.001 / 0.001       ms
[30.066s][info][gc,stats    ]    Subphase: Pause Roots Management                        0.001 / 0.002         0.006 / 0.310         0.006 / 0.310         0.006 / 0.310       ms
[30.066s][info][gc,stats    ]    Subphase: Pause Roots ObjectSynchronizer                0.000 / 0.000         0.000 / 0.001         0.000 / 0.001         0.000 / 0.001       ms
[30.066s][info][gc,stats    ]    Subphase: Pause Roots Setup                             0.184 / 0.377         0.161 / 0.377         0.161 / 0.377         0.161 / 0.377       ms
[30.066s][info][gc,stats    ]    Subphase: Pause Roots StringTable                       0.000 / 0.000         0.000 / 0.000         0.000 / 0.000         0.000 / 0.000       ms
[30.066s][info][gc,stats    ]    Subphase: Pause Roots SystemDictionary                  0.013 / 0.024         0.025 / 0.411         0.025 / 0.411         0.025 / 0.411       ms
[30.066s][info][gc,stats    ]    Subphase: Pause Roots Teardown                          0.001 / 0.002         0.001 / 0.003         0.001 / 0.003         0.001 / 0.003       ms
[30.066s][info][gc,stats    ]    Subphase: Pause Roots Threads                           0.357 / 2.123         0.326 / 2.123         0.326 / 2.123         0.326 / 2.123       ms
[30.066s][info][gc,stats    ]    Subphase: Pause Roots Universe                          0.002 / 0.005         0.004 / 0.080         0.004 / 0.080         0.004 / 0.080       ms
[30.066s][info][gc,stats    ]    Subphase: Pause Roots VMWeakHandles                     0.000 / 0.000         0.000 / 0.000         0.000 / 0.000         0.000 / 0.000       ms
[30.066s][info][gc,stats    ]    Subphase: Pause Weak Roots                              0.002 / 0.003         0.002 / 0.016         0.002 / 0.016         0.002 / 0.016       ms
[30.066s][info][gc,stats    ]    Subphase: Pause Weak Roots JFRWeak                      0.001 / 0.001         0.001 / 0.001         0.001 / 0.001         0.001 / 0.001       ms
[30.066s][info][gc,stats    ]    Subphase: Pause Weak Roots JNIWeakHandles               0.000 / 0.000         0.000 / 0.000         0.000 / 0.000         0.000 / 0.000       ms
[30.066s][info][gc,stats    ]    Subphase: Pause Weak Roots JVMTIWeakExport              0.001 / 0.001         0.001 / 0.013         0.001 / 0.013         0.001 / 0.013       ms
[30.066s][info][gc,stats    ]    Subphase: Pause Weak Roots Setup                        0.000 / 0.000         0.000 / 0.000         0.000 / 0.000         0.000 / 0.000       ms
[30.066s][info][gc,stats    ]    Subphase: Pause Weak Roots StringTable                  0.000 / 0.000         0.000 / 0.000         0.000 / 0.000         0.000 / 0.000       ms
[30.066s][info][gc,stats    ]    Subphase: Pause Weak Roots SymbolTable                  0.000 / 0.000         0.000 / 0.000         0.000 / 0.000         0.000 / 0.000       ms
[30.066s][info][gc,stats    ]    Subphase: Pause Weak Roots Teardown                     0.001 / 0.001         0.001 / 0.001         0.001 / 0.001         0.001 / 0.001       ms
[30.066s][info][gc,stats    ]    Subphase: Pause Weak Roots VMWeakHandles                0.000 / 0.000         0.000 / 0.000         0.000 / 0.000         0.000 / 0.000       ms
[30.066s][info][gc,stats    ]      System: Java Threads                                     91 / 117              69 / 117              69 / 117              69 / 117         threads
[30.066s][info][gc,stats    ] =========================================================================================================================================================
[30.066s][info][gc,start    ] GC(32) Garbage Collection (Allocation Rate)
[30.071s][info][gc,phases   ] GC(32) Pause Mark Start 2.479ms
[30.495s][info][gc,phases   ] GC(32) Concurrent Mark 423.704ms
[30.497s][info][gc,phases   ] GC(32) Pause Mark End 0.323ms
[30.499s][info][gc,phases   ] GC(32) Concurrent Process Non-Strong References 1.580ms
[30.499s][info][gc,phases   ] GC(32) Concurrent Reset Relocation Set 0.003ms
[30.499s][info][gc,phases   ] GC(32) Concurrent Destroy Detached Pages 0.000ms
[30.501s][info][gc,phases   ] GC(32) Concurrent Select Relocation Set 1.543ms
[30.501s][info][gc,phases   ] GC(32) Concurrent Prepare Relocation Set 0.023ms
[30.503s][info][gc,phases   ] GC(32) Pause Relocate Start 2.243ms
[30.508s][info][gc,phases   ] GC(32) Concurrent Relocate 4.614ms
[30.508s][info][gc,load     ] GC(32) Load: 2.38/2.21/1.45
[30.508s][info][gc,mmu      ] GC(32) MMU: 2ms/0.0%, 5ms/11.0%, 10ms/55.5%, 20ms/76.6%, 50ms/88.3%, 100ms/91.1%
[30.508s][info][gc,marking  ] GC(32) Mark: 1 stripe(s), 2 proactive flush(es), 1 terminate flush(es), 0 completion(s), 0 continuation(s) 
[30.508s][info][gc,reloc    ] GC(32) Relocation: Successful, 7M relocated
[30.508s][info][gc,nmethod  ] GC(32) NMethods: 2704 registered, 0 unregistered
[30.508s][info][gc,metaspace] GC(32) Metaspace: 67M used, 71M capacity, 71M committed, 72M reserved
[30.508s][info][gc,ref      ] GC(32) Soft: 4681 encountered, 0 discovered, 0 enqueued
[30.508s][info][gc,ref      ] GC(32) Weak: 4554 encountered, 3449 discovered, 0 enqueued
[30.508s][info][gc,ref      ] GC(32) Final: 27 encountered, 0 discovered, 0 enqueued
[30.508s][info][gc,ref      ] GC(32) Phantom: 650 encountered, 646 discovered, 0 enqueued
[30.508s][info][gc,heap     ] GC(32)                Mark Start          Mark End        Relocate Start      Relocate End           High               Low         
[30.508s][info][gc,heap     ] GC(32)  Capacity:     1500M (100%)       1500M (100%)       1500M (100%)       1500M (100%)       1500M (100%)       1500M (100%)   
[30.508s][info][gc,heap     ] GC(32)   Reserve:       34M (2%)           34M (2%)           34M (2%)           34M (2%)           34M (2%)           34M (2%)     
[30.508s][info][gc,heap     ] GC(32)      Free:      758M (51%)         432M (29%)         886M (59%)         886M (59%)         886M (59%)         432M (29%)    
[30.508s][info][gc,heap     ] GC(32)      Used:      708M (47%)        1034M (69%)         580M (39%)         580M (39%)        1034M (69%)         580M (39%)    
[30.508s][info][gc,heap     ] GC(32)      Live:         -               216M (14%)         216M (14%)         216M (14%)            -                  -          
[30.508s][info][gc,heap     ] GC(32) Allocated:         -               326M (22%)         326M (22%)         334M (22%)            -                  -          
[30.508s][info][gc,heap     ] GC(32)   Garbage:         -               491M (33%)          37M (2%)           31M (2%)             -                  -          
[30.508s][info][gc,heap     ] GC(32) Reclaimed:         -                  -               454M (30%)         460M (31%)            -                  -          
[30.508s][info][gc          ] GC(32) Garbage Collection (Allocation Rate) 708M(47%)->580M(39%)
[30.565s][info][gc,start    ] GC(33) Garbage Collection (Allocation Rate)
[30.570s][info][gc,phases   ] GC(33) Pause Mark Start 2.455ms
[31.001s][info][gc,phases   ] GC(33) Concurrent Mark 430.698ms
[31.004s][info][gc,phases   ] GC(33) Pause Mark End 0.322ms
[31.005s][info][gc,phases   ] GC(33) Concurrent Process Non-Strong References 1.563ms
[31.005s][info][gc,phases   ] GC(33) Concurrent Reset Relocation Set 0.003ms
[31.005s][info][gc,phases   ] GC(33) Concurrent Destroy Detached Pages 0.000ms
[31.007s][info][gc,phases   ] GC(33) Concurrent Select Relocation Set 1.559ms
[31.007s][info][gc,phases   ] GC(33) Concurrent Prepare Relocation Set 0.024ms
[31.009s][info][gc,phases   ] GC(33) Pause Relocate Start 2.163ms
[31.012s][info][gc,phases   ] GC(33) Concurrent Relocate 2.642ms
[31.012s][info][gc,load     ] GC(33) Load: 2.38/2.21/1.45
[31.012s][info][gc,mmu      ] GC(33) MMU: 2ms/0.0%, 5ms/11.0%, 10ms/55.5%, 20ms/76.6%, 50ms/88.3%, 100ms/91.1%
[31.012s][info][gc,marking  ] GC(33) Mark: 1 stripe(s), 2 proactive flush(es), 1 terminate flush(es), 0 completion(s), 0 continuation(s) 
[31.012s][info][gc,reloc    ] GC(33) Relocation: Successful, 7M relocated
[31.012s][info][gc,nmethod  ] GC(33) NMethods: 2704 registered, 0 unregistered
[31.012s][info][gc,metaspace] GC(33) Metaspace: 67M used, 71M capacity, 71M committed, 72M reserved
[31.012s][info][gc,ref      ] GC(33) Soft: 4681 encountered, 0 discovered, 0 enqueued
[31.012s][info][gc,ref      ] GC(33) Weak: 4555 encountered, 3429 discovered, 1 enqueued
[31.012s][info][gc,ref      ] GC(33) Final: 27 encountered, 0 discovered, 0 enqueued
[31.012s][info][gc,ref      ] GC(33) Phantom: 650 encountered, 646 discovered, 0 enqueued
[31.012s][info][gc,heap     ] GC(33)                Mark Start          Mark End        Relocate Start      Relocate End           High               Low         
[31.012s][info][gc,heap     ] GC(33)  Capacity:     1500M (100%)       1500M (100%)       1500M (100%)       1500M (100%)       1500M (100%)       1500M (100%)   
[31.012s][info][gc,heap     ] GC(33)   Reserve:       34M (2%)           34M (2%)           34M (2%)           34M (2%)           34M (2%)           34M (2%)     
[31.012s][info][gc,heap     ] GC(33)      Free:      796M (53%)         464M (31%)         878M (59%)         884M (59%)         884M (59%)         464M (31%)    
[31.012s][info][gc,heap     ] GC(33)      Used:      670M (45%)        1002M (67%)         588M (39%)         582M (39%)        1002M (67%)         582M (39%)    
[31.012s][info][gc,heap     ] GC(33)      Live:         -               216M (14%)         216M (14%)         216M (14%)            -                  -          
[31.012s][info][gc,heap     ] GC(33) Allocated:         -               332M (22%)         332M (22%)         336M (22%)            -                  -          
[31.012s][info][gc,heap     ] GC(33)   Garbage:         -               453M (30%)          39M (3%)           31M (2%)             -                  -          
[31.012s][info][gc,heap     ] GC(33) Reclaimed:         -                  -               414M (28%)         422M (28%)            -                  -          
[31.012s][info][gc          ] GC(33) Garbage Collection (Allocation Rate) 670M(45%)->582M(39%)
[31.065s][info][gc,start    ] GC(34) Garbage Collection (Allocation Rate)
[31.070s][info][gc,phases   ] GC(34) Pause Mark Start 2.472ms
[31.416s][info][gc,phases   ] GC(34) Concurrent Mark 346.127ms
[31.417s][info][gc,phases   ] GC(34) Pause Mark End 0.398ms
[31.419s][info][gc,phases   ] GC(34) Concurrent Process Non-Strong References 1.481ms
[31.419s][info][gc,phases   ] GC(34) Concurrent Reset Relocation Set 0.003ms
[31.419s][info][gc,phases   ] GC(34) Concurrent Destroy Detached Pages 0.000ms
[31.420s][info][gc,phases   ] GC(34) Concurrent Select Relocation Set 1.600ms
[31.420s][info][gc,phases   ] GC(34) Concurrent Prepare Relocation Set 0.024ms
[31.423s][info][gc,phases   ] GC(34) Pause Relocate Start 2.168ms
[31.424s][info][gc,phases   ] GC(34) Concurrent Relocate 1.493ms
[31.424s][info][gc,load     ] GC(34) Load: 2.38/2.21/1.45
[31.424s][info][gc,mmu      ] GC(34) MMU: 2ms/0.0%, 5ms/11.0%, 10ms/55.5%, 20ms/76.6%, 50ms/88.3%, 100ms/91.1%
[31.424s][info][gc,marking  ] GC(34) Mark: 1 stripe(s), 2 proactive flush(es), 1 terminate flush(es), 0 completion(s), 0 continuation(s) 
[31.424s][info][gc,reloc    ] GC(34) Relocation: Successful, 7M relocated
[31.424s][info][gc,nmethod  ] GC(34) NMethods: 2746 registered, 0 unregistered
[31.424s][info][gc,metaspace] GC(34) Metaspace: 67M used, 71M capacity, 71M committed, 72M reserved
[31.424s][info][gc,ref      ] GC(34) Soft: 4681 encountered, 0 discovered, 0 enqueued
[31.424s][info][gc,ref      ] GC(34) Weak: 4554 encountered, 3483 discovered, 0 enqueued
[31.424s][info][gc,ref      ] GC(34) Final: 27 encountered, 0 discovered, 0 enqueued
[31.424s][info][gc,ref      ] GC(34) Phantom: 650 encountered, 646 discovered, 0 enqueued
[31.424s][info][gc,heap     ] GC(34)                Mark Start          Mark End        Relocate Start      Relocate End           High               Low         
[31.424s][info][gc,heap     ] GC(34)  Capacity:     1500M (100%)       1500M (100%)       1500M (100%)       1500M (100%)       1500M (100%)       1500M (100%)   
[31.424s][info][gc,heap     ] GC(34)   Reserve:       34M (2%)           34M (2%)           34M (2%)           34M (2%)           34M (2%)           34M (2%)     
[31.424s][info][gc,heap     ] GC(34)      Free:      802M (53%)         722M (48%)        1132M (75%)        1138M (76%)        1138M (76%)         722M (48%)    
[31.424s][info][gc,heap     ] GC(34)      Used:      664M (44%)         744M (50%)         334M (22%)         328M (22%)         744M (50%)         328M (22%)    
[31.424s][info][gc,heap     ] GC(34)      Live:         -               216M (14%)         216M (14%)         216M (14%)            -                  -          
[31.424s][info][gc,heap     ] GC(34) Allocated:         -                80M (5%)           80M (5%)           82M (5%)             -                  -          
[31.424s][info][gc,heap     ] GC(34)   Garbage:         -               447M (30%)          37M (2%)           31M (2%)             -                  -          
[31.424s][info][gc,heap     ] GC(34) Reclaimed:         -                  -               410M (27%)         416M (28%)            -                  -          
[31.424s][info][gc          ] GC(34) Garbage Collection (Allocation Rate) 664M(44%)->328M(22%)
[31.424s][info][gc,start    ] GC(35) Garbage Collection (System.gc())
[31.427s][info][gc,phases   ] GC(35) Pause Mark Start 2.596ms
[31.638s][info][gc,phases   ] GC(35) Concurrent Mark 210.572ms
[31.638s][info][gc,phases   ] GC(35) Pause Mark End 0.304ms
[31.640s][info][gc,phases   ] GC(35) Concurrent Process Non-Strong References 1.582ms
[31.640s][info][gc,phases   ] GC(35) Concurrent Reset Relocation Set 0.003ms
[31.640s][info][gc,phases   ] GC(35) Concurrent Destroy Detached Pages 0.000ms
[31.642s][info][gc,phases   ] GC(35) Concurrent Select Relocation Set 1.574ms
[31.642s][info][gc,phases   ] GC(35) Concurrent Prepare Relocation Set 0.026ms
[31.644s][info][gc,phases   ] GC(35) Pause Relocate Start 2.176ms
[31.649s][info][gc,phases   ] GC(35) Concurrent Relocate 5.132ms
[31.649s][info][gc,load     ] GC(35) Load: 2.27/2.19/1.45
[31.649s][info][gc,mmu      ] GC(35) MMU: 2ms/0.0%, 5ms/11.0%, 10ms/52.4%, 20ms/74.2%, 50ms/88.3%, 100ms/91.1%
[31.649s][info][gc,marking  ] GC(35) Mark: 1 stripe(s), 2 proactive flush(es), 1 terminate flush(es), 0 completion(s), 0 continuation(s) 
[31.649s][info][gc,reloc    ] GC(35) Relocation: Successful, 7M relocated
[31.649s][info][gc,nmethod  ] GC(35) NMethods: 2749 registered, 0 unregistered
[31.649s][info][gc,metaspace] GC(35) Metaspace: 67M used, 71M capacity, 71M committed, 72M reserved
[31.649s][info][gc,ref      ] GC(35) Soft: 4681 encountered, 0 discovered, 0 enqueued
[31.649s][info][gc,ref      ] GC(35) Weak: 4613 encountered, 3544 discovered, 118 enqueued
[31.649s][info][gc,ref      ] GC(35) Final: 27 encountered, 0 discovered, 0 enqueued
[31.649s][info][gc,ref      ] GC(35) Phantom: 650 encountered, 646 discovered, 0 enqueued
[31.649s][info][gc,heap     ] GC(35)                Mark Start          Mark End        Relocate Start      Relocate End           High               Low         
[31.649s][info][gc,heap     ] GC(35)  Capacity:     1500M (100%)       1500M (100%)       1500M (100%)       1500M (100%)       1500M (100%)       1500M (100%)   
[31.649s][info][gc,heap     ] GC(35)   Reserve:       34M (2%)           34M (2%)           34M (2%)           34M (2%)           34M (2%)           34M (2%)     
[31.649s][info][gc,heap     ] GC(35)      Free:     1138M (76%)        1136M (76%)        1210M (81%)        1216M (81%)        1216M (81%)        1136M (76%)    
[31.649s][info][gc,heap     ] GC(35)      Used:      328M (22%)         330M (22%)         256M (17%)         250M (17%)         330M (22%)         250M (17%)    
[31.649s][info][gc,heap     ] GC(35)      Live:         -               216M (14%)         216M (14%)         216M (14%)            -                  -          
[31.649s][info][gc,heap     ] GC(35) Allocated:         -                 2M (0%)            2M (0%)            4M (0%)             -                  -          
[31.649s][info][gc,heap     ] GC(35)   Garbage:         -               111M (7%)           37M (3%)           31M (2%)             -                  -          
[31.649s][info][gc,heap     ] GC(35) Reclaimed:         -                  -                74M (5%)           80M (5%)             -                  -          
[31.649s][info][gc          ] GC(35) Garbage Collection (System.gc()) 328M(22%)->250M(17%)
[32.265s][info][gc,start    ] GC(36) Garbage Collection (Allocation Rate)
[32.270s][info][gc,phases   ] GC(36) Pause Mark Start 2.546ms
[32.743s][info][gc,phases   ] GC(36) Concurrent Mark 472.427ms
[32.746s][info][gc,phases   ] GC(36) Pause Mark End 0.377ms
[32.748s][info][gc,phases   ] GC(36) Concurrent Process Non-Strong References 1.627ms
[32.748s][info][gc,phases   ] GC(36) Concurrent Reset Relocation Set 0.002ms
[32.748s][info][gc,phases   ] GC(36) Concurrent Destroy Detached Pages 0.000ms
[32.752s][info][gc,phases   ] GC(36) Concurrent Select Relocation Set 3.690ms
[32.752s][info][gc,phases   ] GC(36) Concurrent Prepare Relocation Set 0.041ms
[32.759s][info][gc,phases   ] GC(36) Pause Relocate Start 4.549ms
[32.769s][info][gc,phases   ] GC(36) Concurrent Relocate 9.999ms
[32.769s][info][gc,load     ] GC(36) Load: 2.27/2.19/1.45
[32.769s][info][gc,mmu      ] GC(36) MMU: 2ms/0.0%, 5ms/9.0%, 10ms/52.4%, 20ms/74.2%, 50ms/88.3%, 100ms/91.1%
[32.769s][info][gc,marking  ] GC(36) Mark: 1 stripe(s), 2 proactive flush(es), 1 terminate flush(es), 0 completion(s), 0 continuation(s) 
[32.769s][info][gc,reloc    ] GC(36) Relocation: Successful, 7M relocated
[32.769s][info][gc,nmethod  ] GC(36) NMethods: 2833 registered, 0 unregistered
[32.769s][info][gc,metaspace] GC(36) Metaspace: 68M used, 71M capacity, 71M committed, 72M reserved
[32.769s][info][gc,ref      ] GC(36) Soft: 4682 encountered, 0 discovered, 0 enqueued
[32.769s][info][gc,ref      ] GC(36) Weak: 4681 encountered, 3538 discovered, 73 enqueued
[32.769s][info][gc,ref      ] GC(36) Final: 27 encountered, 0 discovered, 0 enqueued
[32.769s][info][gc,ref      ] GC(36) Phantom: 650 encountered, 646 discovered, 0 enqueued
[32.769s][info][gc,heap     ] GC(36)                Mark Start          Mark End        Relocate Start      Relocate End           High               Low         
[32.769s][info][gc,heap     ] GC(36)  Capacity:     1500M (100%)       1500M (100%)       1500M (100%)       1500M (100%)       1500M (100%)       1500M (100%)   
[32.769s][info][gc,heap     ] GC(36)   Reserve:       34M (2%)           34M (2%)           34M (2%)           34M (2%)           34M (2%)           34M (2%)     
[32.769s][info][gc,heap     ] GC(36)      Free:      586M (39%)         260M (17%)         866M (58%)         890M (59%)         890M (59%)         260M (17%)    
[32.769s][info][gc,heap     ] GC(36)      Used:      880M (59%)        1206M (80%)         600M (40%)         576M (38%)        1206M (80%)         576M (38%)    
[32.769s][info][gc,heap     ] GC(36)      Live:         -               216M (14%)         216M (14%)         216M (14%)            -                  -          
[32.769s][info][gc,heap     ] GC(36) Allocated:         -               326M (22%)         326M (22%)         330M (22%)            -                  -          
[32.769s][info][gc,heap     ] GC(36)   Garbage:         -               663M (44%)          57M (4%)           31M (2%)             -                  -          
[32.769s][info][gc,heap     ] GC(36) Reclaimed:         -                  -               606M (40%)         632M (42%)            -                  -          
[32.769s][info][gc          ] GC(36) Garbage Collection (Allocation Rate) 880M(59%)->576M(38%)
[32.865s][info][gc,start    ] GC(37) Garbage Collection (Allocation Rate)
[32.871s][info][gc,phases   ] GC(37) Pause Mark Start 3.061ms
[33.294s][info][gc,phases   ] GC(37) Concurrent Mark 422.962ms
[33.297s][info][gc,phases   ] GC(37) Pause Mark End 0.384ms
[33.299s][info][gc,phases   ] GC(37) Concurrent Process Non-Strong References 1.539ms
[33.299s][info][gc,phases   ] GC(37) Concurrent Reset Relocation Set 0.004ms
[33.299s][info][gc,phases   ] GC(37) Concurrent Destroy Detached Pages 0.000ms
[33.301s][info][gc,phases   ] GC(37) Concurrent Select Relocation Set 1.577ms
[33.301s][info][gc,phases   ] GC(37) Concurrent Prepare Relocation Set 0.065ms
[33.303s][info][gc,phases   ] GC(37) Pause Relocate Start 2.212ms
[33.310s][info][gc,phases   ] GC(37) Concurrent Relocate 6.428ms
[33.310s][info][gc,load     ] GC(37) Load: 2.27/2.19/1.45
[33.310s][info][gc,mmu      ] GC(37) MMU: 2ms/0.0%, 5ms/9.0%, 10ms/52.4%, 20ms/74.2%, 50ms/88.3%, 100ms/91.1%
[33.310s][info][gc,marking  ] GC(37) Mark: 1 stripe(s), 2 proactive flush(es), 1 terminate flush(es), 0 completion(s), 0 continuation(s) 
[33.310s][info][gc,reloc    ] GC(37) Relocation: Successful, 7M relocated
[33.310s][info][gc,nmethod  ] GC(37) NMethods: 2834 registered, 0 unregistered
[33.310s][info][gc,metaspace] GC(37) Metaspace: 68M used, 71M capacity, 71M committed, 72M reserved
[33.310s][info][gc,ref      ] GC(37) Soft: 4682 encountered, 0 discovered, 0 enqueued
[33.310s][info][gc,ref      ] GC(37) Weak: 4615 encountered, 3485 discovered, 19 enqueued
[33.310s][info][gc,ref      ] GC(37) Final: 27 encountered, 0 discovered, 0 enqueued
[33.310s][info][gc,ref      ] GC(37) Phantom: 650 encountered, 646 discovered, 0 enqueued
[33.310s][info][gc,heap     ] GC(37)                Mark Start          Mark End        Relocate Start      Relocate End           High               Low         
[33.310s][info][gc,heap     ] GC(37)  Capacity:     1500M (100%)       1500M (100%)       1500M (100%)       1500M (100%)       1500M (100%)       1500M (100%)   
[33.310s][info][gc,heap     ] GC(37)   Reserve:       34M (2%)           34M (2%)           34M (2%)           34M (2%)           34M (2%)           34M (2%)     
[33.310s][info][gc,heap     ] GC(37)      Free:      740M (49%)         406M (27%)         866M (58%)         878M (59%)         878M (59%)         406M (27%)    
[33.310s][info][gc,heap     ] GC(37)      Used:      726M (48%)        1060M (71%)         600M (40%)         588M (39%)        1060M (71%)         588M (39%)    
[33.310s][info][gc,heap     ] GC(37)      Live:         -               216M (14%)         216M (14%)         216M (14%)            -                  -          
[33.310s][info][gc,heap     ] GC(37) Allocated:         -               334M (22%)         334M (22%)         342M (23%)            -                  -          
[33.310s][info][gc,heap     ] GC(37)   Garbage:         -               509M (34%)          49M (3%)           31M (2%)             -                  -          
[33.310s][info][gc,heap     ] GC(37) Reclaimed:         -                  -               460M (31%)         478M (32%)            -                  -          
[33.310s][info][gc          ] GC(37) Garbage Collection (Allocation Rate) 726M(48%)->588M(39%)
[33.366s][info][gc,start    ] GC(38) Garbage Collection (Allocation Rate)
[33.371s][info][gc,phases   ] GC(38) Pause Mark Start 2.664ms
[33.832s][info][gc,phases   ] GC(38) Concurrent Mark 460.740ms
[33.835s][info][gc,phases   ] GC(38) Pause Mark End 0.389ms
[33.836s][info][gc,phases   ] GC(38) Concurrent Process Non-Strong References 1.440ms
[33.836s][info][gc,phases   ] GC(38) Concurrent Reset Relocation Set 0.004ms
[33.836s][info][gc,phases   ] GC(38) Concurrent Destroy Detached Pages 0.000ms
[33.838s][info][gc,phases   ] GC(38) Concurrent Select Relocation Set 1.521ms
[33.838s][info][gc,phases   ] GC(38) Concurrent Prepare Relocation Set 0.062ms
[33.840s][info][gc,phases   ] GC(38) Pause Relocate Start 2.207ms
[33.849s][info][gc,phases   ] GC(38) Concurrent Relocate 8.548ms
[33.849s][info][gc,load     ] GC(38) Load: 2.27/2.19/1.45
[33.849s][info][gc,mmu      ] GC(38) MMU: 2ms/0.0%, 5ms/9.0%, 10ms/52.4%, 20ms/74.2%, 50ms/88.3%, 100ms/91.1%
[33.849s][info][gc,marking  ] GC(38) Mark: 1 stripe(s), 2 proactive flush(es), 1 terminate flush(es), 0 completion(s), 0 continuation(s) 
[33.849s][info][gc,reloc    ] GC(38) Relocation: Successful, 7M relocated
[33.849s][info][gc,nmethod  ] GC(38) NMethods: 2834 registered, 0 unregistered
[33.849s][info][gc,metaspace] GC(38) Metaspace: 68M used, 71M capacity, 71M committed, 72M reserved
[33.849s][info][gc,ref      ] GC(38) Soft: 4682 encountered, 0 discovered, 0 enqueued
[33.849s][info][gc,ref      ] GC(38) Weak: 4596 encountered, 3466 discovered, 0 enqueued
[33.849s][info][gc,ref      ] GC(38) Final: 27 encountered, 0 discovered, 0 enqueued
[33.849s][info][gc,ref      ] GC(38) Phantom: 650 encountered, 646 discovered, 0 enqueued
[33.849s][info][gc,heap     ] GC(38)                Mark Start          Mark End        Relocate Start      Relocate End           High               Low         
[33.849s][info][gc,heap     ] GC(38)  Capacity:     1500M (100%)       1500M (100%)       1500M (100%)       1500M (100%)       1500M (100%)       1500M (100%)   
[33.849s][info][gc,heap     ] GC(38)   Reserve:       34M (2%)           34M (2%)           34M (2%)           34M (2%)           34M (2%)           34M (2%)     
[33.849s][info][gc,heap     ] GC(38)      Free:      792M (53%)         472M (31%)         890M (59%)         888M (59%)         890M (59%)         472M (31%)    
[33.849s][info][gc,heap     ] GC(38)      Used:      674M (45%)         994M (66%)         576M (38%)         578M (39%)         994M (66%)         576M (38%)    
[33.849s][info][gc,heap     ] GC(38)      Live:         -               216M (14%)         216M (14%)         216M (14%)            -                  -          
[33.849s][info][gc,heap     ] GC(38) Allocated:         -               320M (21%)         320M (21%)         332M (22%)            -                  -          
[33.849s][info][gc,heap     ] GC(38)   Garbage:         -               457M (30%)          39M (3%)           33M (2%)             -                  -          
[33.849s][info][gc,heap     ] GC(38) Reclaimed:         -                  -               418M (28%)         424M (28%)            -                  -          
[33.849s][info][gc          ] GC(38) Garbage Collection (Allocation Rate) 674M(45%)->578M(39%)
[33.865s][info][gc,start    ] GC(39) Garbage Collection (Allocation Rate)
[33.870s][info][gc,phases   ] GC(39) Pause Mark Start 2.601ms
[34.391s][info][gc,phases   ] GC(39) Concurrent Mark 520.762ms
[34.394s][info][gc,phases   ] GC(39) Pause Mark End 0.377ms
[34.395s][info][gc,phases   ] GC(39) Concurrent Process Non-Strong References 1.523ms
[34.395s][info][gc,phases   ] GC(39) Concurrent Reset Relocation Set 0.002ms
[34.395s][info][gc,phases   ] GC(39) Concurrent Destroy Detached Pages 0.000ms
[34.397s][info][gc,phases   ] GC(39) Concurrent Select Relocation Set 1.525ms
[34.397s][info][gc,phases   ] GC(39) Concurrent Prepare Relocation Set 0.061ms
[34.399s][info][gc,phases   ] GC(39) Pause Relocate Start 2.248ms
[34.409s][info][gc,phases   ] GC(39) Concurrent Relocate 9.474ms
[34.409s][info][gc,load     ] GC(39) Load: 2.27/2.19/1.45
[34.409s][info][gc,mmu      ] GC(39) MMU: 2ms/0.0%, 5ms/9.0%, 10ms/52.4%, 20ms/74.2%, 50ms/88.3%, 100ms/91.1%
[34.409s][info][gc,marking  ] GC(39) Mark: 1 stripe(s), 2 proactive flush(es), 1 terminate flush(es), 0 completion(s), 0 continuation(s) 
[34.409s][info][gc,reloc    ] GC(39) Relocation: Successful, 7M relocated
[34.409s][info][gc,nmethod  ] GC(39) NMethods: 2834 registered, 0 unregistered
[34.409s][info][gc,metaspace] GC(39) Metaspace: 68M used, 71M capacity, 71M committed, 72M reserved
[34.409s][info][gc,ref      ] GC(39) Soft: 4682 encountered, 0 discovered, 0 enqueued
[34.409s][info][gc,ref      ] GC(39) Weak: 4596 encountered, 3466 discovered, 0 enqueued
[34.409s][info][gc,ref      ] GC(39) Final: 27 encountered, 0 discovered, 0 enqueued
[34.409s][info][gc,ref      ] GC(39) Phantom: 650 encountered, 646 discovered, 0 enqueued
[34.409s][info][gc,heap     ] GC(39)                Mark Start          Mark End        Relocate Start      Relocate End           High               Low         
[34.409s][info][gc,heap     ] GC(39)  Capacity:     1500M (100%)       1500M (100%)       1500M (100%)       1500M (100%)       1500M (100%)       1500M (100%)   
[34.409s][info][gc,heap     ] GC(39)   Reserve:       34M (2%)           34M (2%)           34M (2%)           34M (2%)           34M (2%)           34M (2%)     
[34.409s][info][gc,heap     ] GC(39)      Free:      864M (58%)         530M (35%)         876M (58%)         872M (58%)         876M (58%)         530M (35%)    
[34.409s][info][gc,heap     ] GC(39)      Used:      602M (40%)         936M (62%)         590M (39%)         594M (40%)         936M (62%)         590M (39%)    
[34.409s][info][gc,heap     ] GC(39)      Live:         -               216M (14%)         216M (14%)         216M (14%)            -                  -          
[34.409s][info][gc,heap     ] GC(39) Allocated:         -               334M (22%)         334M (22%)         348M (23%)            -                  -          
[34.409s][info][gc,heap     ] GC(39)   Garbage:         -               385M (26%)          39M (3%)           33M (2%)             -                  -          
[34.409s][info][gc,heap     ] GC(39) Reclaimed:         -                  -               346M (23%)         352M (23%)            -                  -          
[34.409s][info][gc          ] GC(39) Garbage Collection (Allocation Rate) 602M(40%)->594M(40%)
[34.465s][info][gc,start    ] GC(40) Garbage Collection (Allocation Rate)
[34.470s][info][gc,phases   ] GC(40) Pause Mark Start 2.550ms
[34.900s][info][gc,phases   ] GC(40) Concurrent Mark 429.733ms
[34.903s][info][gc,phases   ] GC(40) Pause Mark End 0.509ms
[34.905s][info][gc,phases   ] GC(40) Concurrent Process Non-Strong References 1.445ms
[34.905s][info][gc,phases   ] GC(40) Concurrent Reset Relocation Set 0.003ms
[34.905s][info][gc,phases   ] GC(40) Concurrent Destroy Detached Pages 0.000ms
[34.907s][info][gc,phases   ] GC(40) Concurrent Select Relocation Set 2.143ms
[34.907s][info][gc,phases   ] GC(40) Concurrent Prepare Relocation Set 0.061ms
[34.909s][info][gc,phases   ] GC(40) Pause Relocate Start 2.199ms
[34.928s][info][gc,phases   ] GC(40) Concurrent Relocate 18.232ms
[34.928s][info][gc,load     ] GC(40) Load: 2.27/2.19/1.45
[34.928s][info][gc,mmu      ] GC(40) MMU: 2ms/0.0%, 5ms/9.0%, 10ms/52.4%, 20ms/74.2%, 50ms/88.3%, 100ms/91.1%
[34.928s][info][gc,marking  ] GC(40) Mark: 1 stripe(s), 2 proactive flush(es), 2 terminate flush(es), 0 completion(s), 0 continuation(s) 
[34.928s][info][gc,reloc    ] GC(40) Relocation: Successful, 7M relocated
[34.928s][info][gc,nmethod  ] GC(40) NMethods: 2847 registered, 0 unregistered
[34.928s][info][gc,metaspace] GC(40) Metaspace: 68M used, 71M capacity, 71M committed, 72M reserved
[34.928s][info][gc,ref      ] GC(40) Soft: 4682 encountered, 0 discovered, 0 enqueued
[34.928s][info][gc,ref      ] GC(40) Weak: 4596 encountered, 3466 discovered, 0 enqueued
[34.928s][info][gc,ref      ] GC(40) Final: 27 encountered, 0 discovered, 0 enqueued
[34.928s][info][gc,ref      ] GC(40) Phantom: 650 encountered, 646 discovered, 0 enqueued
[34.928s][info][gc,heap     ] GC(40)                Mark Start          Mark End        Relocate Start      Relocate End           High               Low         
[34.928s][info][gc,heap     ] GC(40)  Capacity:     1500M (100%)       1500M (100%)       1500M (100%)       1500M (100%)       1500M (100%)       1500M (100%)   
[34.928s][info][gc,heap     ] GC(40)   Reserve:       34M (2%)           34M (2%)           34M (2%)           34M (2%)           34M (2%)           34M (2%)     
[34.928s][info][gc,heap     ] GC(40)      Free:      784M (52%)         468M (31%)         892M (59%)         894M (60%)         894M (60%)         468M (31%)    
[34.928s][info][gc,heap     ] GC(40)      Used:      682M (45%)         998M (67%)         574M (38%)         572M (38%)         998M (67%)         572M (38%)    
[34.928s][info][gc,heap     ] GC(40)      Live:         -               216M (14%)         216M (14%)         216M (14%)            -                  -          
[34.928s][info][gc,heap     ] GC(40) Allocated:         -               316M (21%)         316M (21%)         326M (22%)            -                  -          
[34.928s][info][gc,heap     ] GC(40)   Garbage:         -               465M (31%)          41M (3%)           33M (2%)             -                  -          
[34.928s][info][gc,heap     ] GC(40) Reclaimed:         -                  -               424M (28%)         432M (29%)            -                  -          
[34.928s][info][gc          ] GC(40) Garbage Collection (Allocation Rate) 682M(45%)->572M(38%)
[34.967s][info][gc,start    ] GC(41) Garbage Collection (Allocation Rate)
[34.971s][info][gc,phases   ] GC(41) Pause Mark Start 3.256ms
[35.246s][info][gc,phases   ] GC(41) Concurrent Mark 275.612ms
[35.247s][info][gc,phases   ] GC(41) Pause Mark End 0.416ms
[35.249s][info][gc,phases   ] GC(41) Concurrent Process Non-Strong References 1.395ms
[35.249s][info][gc,phases   ] GC(41) Concurrent Reset Relocation Set 0.003ms
[35.249s][info][gc,phases   ] GC(41) Concurrent Destroy Detached Pages 0.000ms
[35.250s][info][gc,phases   ] GC(41) Concurrent Select Relocation Set 1.542ms
[35.250s][info][gc,phases   ] GC(41) Concurrent Prepare Relocation Set 0.066ms
[35.253s][info][gc,phases   ] GC(41) Pause Relocate Start 2.229ms
[35.256s][info][gc,phases   ] GC(41) Concurrent Relocate 3.379ms
[35.256s][info][gc,load     ] GC(41) Load: 2.27/2.19/1.45
[35.256s][info][gc,mmu      ] GC(41) MMU: 2ms/0.0%, 5ms/9.0%, 10ms/52.4%, 20ms/74.2%, 50ms/88.3%, 100ms/91.1%
[35.256s][info][gc,marking  ] GC(41) Mark: 1 stripe(s), 2 proactive flush(es), 1 terminate flush(es), 0 completion(s), 0 continuation(s) 
[35.256s][info][gc,reloc    ] GC(41) Relocation: Successful, 7M relocated
[35.256s][info][gc,nmethod  ] GC(41) NMethods: 2881 registered, 0 unregistered
[35.256s][info][gc,metaspace] GC(41) Metaspace: 68M used, 71M capacity, 71M committed, 72M reserved
[35.256s][info][gc,ref      ] GC(41) Soft: 4682 encountered, 0 discovered, 0 enqueued
[35.256s][info][gc,ref      ] GC(41) Weak: 4663 encountered, 3430 discovered, 12 enqueued
[35.256s][info][gc,ref      ] GC(41) Final: 27 encountered, 0 discovered, 0 enqueued
[35.256s][info][gc,ref      ] GC(41) Phantom: 650 encountered, 647 discovered, 0 enqueued
[35.256s][info][gc,heap     ] GC(41)                Mark Start          Mark End        Relocate Start      Relocate End           High               Low         
[35.256s][info][gc,heap     ] GC(41)  Capacity:     1500M (100%)       1500M (100%)       1500M (100%)       1500M (100%)       1500M (100%)       1500M (100%)   
[35.256s][info][gc,heap     ] GC(41)   Reserve:       34M (2%)           34M (2%)           34M (2%)           34M (2%)           34M (2%)           34M (2%)     
[35.256s][info][gc,heap     ] GC(41)      Free:      892M (59%)         888M (59%)        1208M (81%)        1214M (81%)        1214M (81%)         888M (59%)    
[35.256s][info][gc,heap     ] GC(41)      Used:      574M (38%)         578M (39%)         258M (17%)         252M (17%)         578M (39%)         252M (17%)    
[35.256s][info][gc,heap     ] GC(41)      Live:         -               216M (14%)         216M (14%)         216M (14%)            -                  -          
[35.256s][info][gc,heap     ] GC(41) Allocated:         -                 4M (0%)            4M (0%)            6M (0%)             -                  -          
[35.256s][info][gc,heap     ] GC(41)   Garbage:         -               357M (24%)          37M (2%)           31M (2%)             -                  -          
[35.256s][info][gc,heap     ] GC(41) Reclaimed:         -                  -               320M (21%)         326M (22%)            -                  -          
[35.256s][info][gc          ] GC(41) Garbage Collection (Allocation Rate) 574M(38%)->252M(17%)
[35.256s][info][gc,start    ] GC(42) Garbage Collection (System.gc())
[35.262s][info][gc,phases   ] GC(42) Pause Mark Start 2.662ms
[35.505s][info][gc,phases   ] GC(42) Concurrent Mark 242.667ms
[35.506s][info][gc,phases   ] GC(42) Pause Mark End 0.356ms
[35.507s][info][gc,phases   ] GC(42) Concurrent Process Non-Strong References 1.486ms
[35.509s][info][gc,phases   ] GC(42) Concurrent Reset Relocation Set 0.004ms
[35.509s][info][gc,phases   ] GC(42) Concurrent Destroy Detached Pages 0.000ms
[35.510s][info][gc,phases   ] GC(42) Concurrent Select Relocation Set 1.571ms
[35.510s][info][gc,phases   ] GC(42) Concurrent Prepare Relocation Set 0.059ms
[35.516s][info][gc,phases   ] GC(42) Pause Relocate Start 2.289ms
[35.520s][info][gc,phases   ] GC(42) Concurrent Relocate 3.955ms
[35.520s][info][gc,load     ] GC(42) Load: 2.27/2.19/1.45
[35.520s][info][gc,mmu      ] GC(42) MMU: 2ms/0.0%, 5ms/9.0%, 10ms/52.4%, 20ms/73.5%, 50ms/88.3%, 100ms/91.1%
[35.520s][info][gc,marking  ] GC(42) Mark: 1 stripe(s), 2 proactive flush(es), 1 terminate flush(es), 0 completion(s), 0 continuation(s) 
[35.520s][info][gc,reloc    ] GC(42) Relocation: Successful, 7M relocated
[35.520s][info][gc,nmethod  ] GC(42) NMethods: 2886 registered, 0 unregistered
[35.520s][info][gc,metaspace] GC(42) Metaspace: 68M used, 71M capacity, 71M committed, 72M reserved
[35.520s][info][gc,ref      ] GC(42) Soft: 4681 encountered, 0 discovered, 0 enqueued
[35.520s][info][gc,ref      ] GC(42) Weak: 4658 encountered, 3576 discovered, 107 enqueued
[35.520s][info][gc,ref      ] GC(42) Final: 27 encountered, 0 discovered, 0 enqueued
[35.520s][info][gc,ref      ] GC(42) Phantom: 650 encountered, 646 discovered, 0 enqueued
[35.520s][info][gc,heap     ] GC(42)                Mark Start          Mark End        Relocate Start      Relocate End           High               Low         
[35.520s][info][gc,heap     ] GC(42)  Capacity:     1500M (100%)       1500M (100%)       1500M (100%)       1500M (100%)       1500M (100%)       1500M (100%)   
[35.520s][info][gc,heap     ] GC(42)   Reserve:       34M (2%)           34M (2%)           34M (2%)           34M (2%)           34M (2%)           34M (2%)     
[35.520s][info][gc,heap     ] GC(42)      Free:     1214M (81%)        1210M (81%)        1210M (81%)        1214M (81%)        1214M (81%)        1208M (81%)    
[35.520s][info][gc,heap     ] GC(42)      Used:      252M (17%)         256M (17%)         256M (17%)         252M (17%)         258M (17%)         252M (17%)    
[35.520s][info][gc,heap     ] GC(42)      Live:         -               216M (14%)         216M (14%)         216M (14%)            -                  -          
[35.520s][info][gc,heap     ] GC(42) Allocated:         -                 4M (0%)            4M (0%)            6M (0%)             -                  -          
[35.520s][info][gc,heap     ] GC(42)   Garbage:         -                35M (2%)           35M (2%)           31M (2%)             -                  -          
[35.520s][info][gc,heap     ] GC(42) Reclaimed:         -                  -                 0M (0%)            4M (0%)             -                  -          
[35.520s][info][gc          ] GC(42) Garbage Collection (System.gc()) 252M(17%)->252M(17%)
[35.965s][info][gc,start    ] GC(43) Garbage Collection (Allocation Rate)
[35.971s][info][gc,phases   ] GC(43) Pause Mark Start 2.668ms
[36.418s][info][gc,phases   ] GC(43) Concurrent Mark 446.926ms
[36.421s][info][gc,phases   ] GC(43) Pause Mark End 0.418ms
[36.422s][info][gc,phases   ] GC(43) Concurrent Process Non-Strong References 1.466ms
[36.423s][info][gc,phases   ] GC(43) Concurrent Reset Relocation Set 0.003ms
[36.423s][info][gc,phases   ] GC(43) Concurrent Destroy Detached Pages 0.000ms
[36.425s][info][gc,phases   ] GC(43) Concurrent Select Relocation Set 2.036ms
[36.425s][info][gc,phases   ] GC(43) Concurrent Prepare Relocation Set 0.066ms
[36.432s][info][gc,phases   ] GC(43) Pause Relocate Start 3.836ms
[36.443s][info][gc,phases   ] GC(43) Concurrent Relocate 11.242ms
[36.443s][info][gc,load     ] GC(43) Load: 2.27/2.19/1.45
[36.443s][info][gc,mmu      ] GC(43) MMU: 2ms/0.0%, 5ms/9.0%, 10ms/52.4%, 20ms/73.5%, 50ms/88.3%, 100ms/91.1%
[36.443s][info][gc,marking  ] GC(43) Mark: 1 stripe(s), 2 proactive flush(es), 1 terminate flush(es), 0 completion(s), 0 continuation(s) 
[36.443s][info][gc,reloc    ] GC(43) Relocation: Successful, 7M relocated
[36.443s][info][gc,nmethod  ] GC(43) NMethods: 2956 registered, 0 unregistered
[36.443s][info][gc,metaspace] GC(43) Metaspace: 68M used, 71M capacity, 72M committed, 74M reserved
[36.443s][info][gc,ref      ] GC(43) Soft: 4688 encountered, 0 discovered, 0 enqueued
[36.443s][info][gc,ref      ] GC(43) Weak: 4704 encountered, 3568 discovered, 73 enqueued
[36.443s][info][gc,ref      ] GC(43) Final: 27 encountered, 0 discovered, 0 enqueued
[36.443s][info][gc,ref      ] GC(43) Phantom: 650 encountered, 646 discovered, 0 enqueued
[36.443s][info][gc,heap     ] GC(43)                Mark Start          Mark End        Relocate Start      Relocate End           High               Low         
[36.443s][info][gc,heap     ] GC(43)  Capacity:     1500M (100%)       1500M (100%)       1500M (100%)       1500M (100%)       1500M (100%)       1500M (100%)   
[36.443s][info][gc,heap     ] GC(43)   Reserve:       34M (2%)           34M (2%)           34M (2%)           34M (2%)           34M (2%)           34M (2%)     
[36.443s][info][gc,heap     ] GC(43)      Free:      670M (45%)         338M (23%)         856M (57%)         882M (59%)         882M (59%)         338M (23%)    
[36.443s][info][gc,heap     ] GC(43)      Used:      796M (53%)        1128M (75%)         610M (41%)         584M (39%)        1128M (75%)         584M (39%)    
[36.443s][info][gc,heap     ] GC(43)      Live:         -               216M (14%)         216M (14%)         216M (14%)            -                  -          
[36.443s][info][gc,heap     ] GC(43) Allocated:         -               332M (22%)         334M (22%)         338M (23%)            -                  -          
[36.443s][info][gc,heap     ] GC(43)   Garbage:         -               579M (39%)          59M (4%)           31M (2%)             -                  -          
[36.444s][info][gc,heap     ] GC(43) Reclaimed:         -                  -               520M (35%)         548M (37%)            -                  -          
[36.444s][info][gc          ] GC(43) Garbage Collection (Allocation Rate) 796M(53%)->584M(39%)
[36.466s][info][gc,start    ] GC(44) Garbage Collection (Allocation Rate)
[36.471s][info][gc,phases   ] GC(44) Pause Mark Start 2.723ms
[36.921s][info][gc,phases   ] GC(44) Concurrent Mark 449.858ms
[36.924s][info][gc,phases   ] GC(44) Pause Mark End 0.425ms
[36.926s][info][gc,phases   ] GC(44) Concurrent Process Non-Strong References 1.438ms
[36.926s][info][gc,phases   ] GC(44) Concurrent Reset Relocation Set 0.004ms
[36.926s][info][gc,phases   ] GC(44) Concurrent Destroy Detached Pages 0.000ms
[36.927s][info][gc,phases   ] GC(44) Concurrent Select Relocation Set 1.693ms
[36.927s][info][gc,phases   ] GC(44) Concurrent Prepare Relocation Set 0.033ms
[36.930s][info][gc,phases   ] GC(44) Pause Relocate Start 2.528ms
[36.936s][info][gc,phases   ] GC(44) Concurrent Relocate 5.870ms
[36.936s][info][gc,load     ] GC(44) Load: 2.25/2.18/1.45
[36.936s][info][gc,mmu      ] GC(44) MMU: 2ms/0.0%, 5ms/9.0%, 10ms/52.4%, 20ms/73.5%, 50ms/86.9%, 100ms/91.1%
[36.936s][info][gc,marking  ] GC(44) Mark: 1 stripe(s), 2 proactive flush(es), 1 terminate flush(es), 0 completion(s), 0 continuation(s) 
[36.936s][info][gc,reloc    ] GC(44) Relocation: Successful, 7M relocated
[36.936s][info][gc,nmethod  ] GC(44) NMethods: 2957 registered, 0 unregistered
[36.936s][info][gc,metaspace] GC(44) Metaspace: 68M used, 71M capacity, 72M committed, 74M reserved
[36.936s][info][gc,ref      ] GC(44) Soft: 4688 encountered, 0 discovered, 0 enqueued
[36.936s][info][gc,ref      ] GC(44) Weak: 4639 encountered, 3512 discovered, 14 enqueued
[36.936s][info][gc,ref      ] GC(44) Final: 27 encountered, 0 discovered, 0 enqueued
[36.936s][info][gc,ref      ] GC(44) Phantom: 650 encountered, 646 discovered, 0 enqueued
[36.936s][info][gc,heap     ] GC(44)                Mark Start          Mark End        Relocate Start      Relocate End           High               Low         
[36.936s][info][gc,heap     ] GC(44)  Capacity:     1500M (100%)       1500M (100%)       1500M (100%)       1500M (100%)       1500M (100%)       1500M (100%)   
[36.936s][info][gc,heap     ] GC(44)   Reserve:       34M (2%)           34M (2%)           34M (2%)           34M (2%)           34M (2%)           34M (2%)     
[36.936s][info][gc,heap     ] GC(44)      Free:      872M (58%)         534M (36%)         862M (57%)         872M (58%)         872M (58%)         534M (36%)    
[36.936s][info][gc,heap     ] GC(44)      Used:      594M (40%)         932M (62%)         604M (40%)         594M (40%)         932M (62%)         594M (40%)    
[36.936s][info][gc,heap     ] GC(44)      Live:         -               216M (14%)         216M (14%)         216M (14%)            -                  -          
[36.936s][info][gc,heap     ] GC(44) Allocated:         -               338M (23%)         338M (23%)         348M (23%)            -                  -          
[36.936s][info][gc,heap     ] GC(44)   Garbage:         -               377M (25%)          49M (3%)           31M (2%)             -                  -          
[36.936s][info][gc,heap     ] GC(44) Reclaimed:         -                  -               328M (22%)         346M (23%)            -                  -          
[36.936s][info][gc          ] GC(44) Garbage Collection (Allocation Rate) 594M(40%)->594M(40%)
[36.965s][info][gc,start    ] GC(45) Garbage Collection (Allocation Rate)
[36.970s][info][gc,phases   ] GC(45) Pause Mark Start 2.684ms
[37.479s][info][gc,phases   ] GC(45) Concurrent Mark 508.687ms
[37.482s][info][gc,phases   ] GC(45) Pause Mark End 0.776ms
[37.486s][info][gc,phases   ] GC(45) Concurrent Process Non-Strong References 3.128ms
[37.486s][info][gc,phases   ] GC(45) Concurrent Reset Relocation Set 0.006ms
[37.486s][info][gc,phases   ] GC(45) Concurrent Destroy Detached Pages 0.001ms
[37.490s][info][gc,phases   ] GC(45) Concurrent Select Relocation Set 4.807ms
[37.491s][info][gc,phases   ] GC(45) Concurrent Prepare Relocation Set 0.041ms
[37.496s][info][gc,phases   ] GC(45) Pause Relocate Start 4.673ms
[37.504s][info][gc,phases   ] GC(45) Concurrent Relocate 5.322ms
[37.504s][info][gc,load     ] GC(45) Load: 2.25/2.18/1.45
[37.504s][info][gc,mmu      ] GC(45) MMU: 2ms/0.0%, 5ms/6.5%, 10ms/52.4%, 20ms/72.8%, 50ms/86.9%, 100ms/91.1%
[37.504s][info][gc,marking  ] GC(45) Mark: 1 stripe(s), 2 proactive flush(es), 1 terminate flush(es), 0 completion(s), 0 continuation(s) 
[37.504s][info][gc,reloc    ] GC(45) Relocation: Successful, 7M relocated
[37.504s][info][gc,nmethod  ] GC(45) NMethods: 2957 registered, 0 unregistered
[37.504s][info][gc,metaspace] GC(45) Metaspace: 68M used, 71M capacity, 72M committed, 74M reserved
[37.504s][info][gc,ref      ] GC(45) Soft: 4688 encountered, 0 discovered, 0 enqueued
[37.504s][info][gc,ref      ] GC(45) Weak: 4625 encountered, 3498 discovered, 0 enqueued
[37.504s][info][gc,ref      ] GC(45) Final: 27 encountered, 0 discovered, 0 enqueued
[37.504s][info][gc,ref      ] GC(45) Phantom: 650 encountered, 646 discovered, 0 enqueued
[37.504s][info][gc,heap     ] GC(45)                Mark Start          Mark End        Relocate Start      Relocate End           High               Low         
[37.504s][info][gc,heap     ] GC(45)  Capacity:     1500M (100%)       1500M (100%)       1500M (100%)       1500M (100%)       1500M (100%)       1500M (100%)   
[37.504s][info][gc,heap     ] GC(45)   Reserve:       34M (2%)           34M (2%)           34M (2%)           34M (2%)           34M (2%)           34M (2%)     
[37.504s][info][gc,heap     ] GC(45)      Free:      828M (55%)         496M (33%)         878M (59%)         880M (59%)         880M (59%)         496M (33%)    
[37.504s][info][gc,heap     ] GC(45)      Used:      638M (43%)         970M (65%)         588M (39%)         586M (39%)         970M (65%)         586M (39%)    
[37.504s][info][gc,heap     ] GC(45)      Live:         -               216M (14%)         216M (14%)         216M (14%)            -                  -          
[37.504s][info][gc,heap     ] GC(45) Allocated:         -               332M (22%)         332M (22%)         340M (23%)            -                  -          
[37.504s][info][gc,heap     ] GC(45)   Garbage:         -               421M (28%)          39M (3%)           31M (2%)             -                  -          
[37.504s][info][gc,heap     ] GC(45) Reclaimed:         -                  -               382M (25%)         390M (26%)            -                  -          
[37.504s][info][gc          ] GC(45) Garbage Collection (Allocation Rate) 638M(43%)->586M(39%)
[37.565s][info][gc,start    ] GC(46) Garbage Collection (Allocation Rate)
[37.570s][info][gc,phases   ] GC(46) Pause Mark Start 2.733ms
[38.096s][info][gc,phases   ] GC(46) Concurrent Mark 525.023ms
[38.099s][info][gc,phases   ] GC(46) Pause Mark End 0.411ms
[38.101s][info][gc,phases   ] GC(46) Concurrent Process Non-Strong References 1.595ms
[38.101s][info][gc,phases   ] GC(46) Concurrent Reset Relocation Set 0.003ms
[38.101s][info][gc,phases   ] GC(46) Concurrent Destroy Detached Pages 0.000ms
[38.103s][info][gc,phases   ] GC(46) Concurrent Select Relocation Set 1.719ms
[38.103s][info][gc,phases   ] GC(46) Concurrent Prepare Relocation Set 0.028ms
[38.105s][info][gc,phases   ] GC(46) Pause Relocate Start 2.346ms
[38.112s][info][gc,phases   ] GC(46) Concurrent Relocate 6.545ms
[38.112s][info][gc,load     ] GC(46) Load: 2.25/2.18/1.45
[38.112s][info][gc,mmu      ] GC(46) MMU: 2ms/0.0%, 5ms/6.5%, 10ms/52.4%, 20ms/72.8%, 50ms/86.9%, 100ms/91.1%
[38.112s][info][gc,marking  ] GC(46) Mark: 1 stripe(s), 2 proactive flush(es), 1 terminate flush(es), 0 completion(s), 0 continuation(s) 
[38.112s][info][gc,reloc    ] GC(46) Relocation: Successful, 7M relocated
[38.112s][info][gc,nmethod  ] GC(46) NMethods: 2957 registered, 0 unregistered
[38.112s][info][gc,metaspace] GC(46) Metaspace: 68M used, 71M capacity, 72M committed, 74M reserved
[38.112s][info][gc,ref      ] GC(46) Soft: 4688 encountered, 0 discovered, 0 enqueued
[38.112s][info][gc,ref      ] GC(46) Weak: 4625 encountered, 3498 discovered, 0 enqueued
[38.112s][info][gc,ref      ] GC(46) Final: 27 encountered, 0 discovered, 0 enqueued
[38.112s][info][gc,ref      ] GC(46) Phantom: 650 encountered, 646 discovered, 0 enqueued
[38.112s][info][gc,heap     ] GC(46)                Mark Start          Mark End        Relocate Start      Relocate End           High               Low         
[38.112s][info][gc,heap     ] GC(46)  Capacity:     1500M (100%)       1500M (100%)       1500M (100%)       1500M (100%)       1500M (100%)       1500M (100%)   
[38.112s][info][gc,heap     ] GC(46)   Reserve:       34M (2%)           34M (2%)           34M (2%)           34M (2%)           34M (2%)           34M (2%)     
[38.112s][info][gc,heap     ] GC(46)      Free:      782M (52%)         464M (31%)         892M (59%)         892M (59%)         892M (59%)         464M (31%)    
[38.112s][info][gc,heap     ] GC(46)      Used:      684M (46%)        1002M (67%)         574M (38%)         574M (38%)        1002M (67%)         574M (38%)    
[38.112s][info][gc,heap     ] GC(46)      Live:         -               216M (14%)         216M (14%)         216M (14%)            -                  -          
[38.112s][info][gc,heap     ] GC(46) Allocated:         -               318M (21%)         318M (21%)         328M (22%)            -                  -          
[38.112s][info][gc,heap     ] GC(46)   Garbage:         -               467M (31%)          39M (3%)           31M (2%)             -                  -          
[38.112s][info][gc,heap     ] GC(46) Reclaimed:         -                  -               428M (29%)         436M (29%)            -                  -          
[38.112s][info][gc          ] GC(46) Garbage Collection (Allocation Rate) 684M(46%)->574M(38%)
[38.165s][info][gc,start    ] GC(47) Garbage Collection (Allocation Rate)
[38.171s][info][gc,phases   ] GC(47) Pause Mark Start 2.661ms
[38.623s][info][gc,phases   ] GC(47) Concurrent Mark 452.320ms
[38.626s][info][gc,phases   ] GC(47) Pause Mark End 0.430ms
[38.628s][info][gc,phases   ] GC(47) Concurrent Process Non-Strong References 1.599ms
[38.628s][info][gc,phases   ] GC(47) Concurrent Reset Relocation Set 0.002ms
[38.628s][info][gc,phases   ] GC(47) Concurrent Destroy Detached Pages 0.000ms
[38.629s][info][gc,phases   ] GC(47) Concurrent Select Relocation Set 1.509ms
[38.629s][info][gc,phases   ] GC(47) Concurrent Prepare Relocation Set 0.027ms
[38.632s][info][gc,phases   ] GC(47) Pause Relocate Start 2.525ms
[38.636s][info][gc,phases   ] GC(47) Concurrent Relocate 3.967ms
[38.636s][info][gc,load     ] GC(47) Load: 2.25/2.18/1.45
[38.636s][info][gc,mmu      ] GC(47) MMU: 2ms/0.0%, 5ms/6.5%, 10ms/52.4%, 20ms/72.8%, 50ms/86.9%, 100ms/91.1%
[38.636s][info][gc,marking  ] GC(47) Mark: 1 stripe(s), 2 proactive flush(es), 1 terminate flush(es), 0 completion(s), 0 continuation(s) 
[38.636s][info][gc,reloc    ] GC(47) Relocation: Successful, 7M relocated
[38.636s][info][gc,nmethod  ] GC(47) NMethods: 2957 registered, 0 unregistered
[38.636s][info][gc,metaspace] GC(47) Metaspace: 68M used, 71M capacity, 72M committed, 74M reserved
[38.636s][info][gc,ref      ] GC(47) Soft: 4688 encountered, 0 discovered, 0 enqueued
[38.636s][info][gc,ref      ] GC(47) Weak: 4625 encountered, 3498 discovered, 0 enqueued
[38.636s][info][gc,ref      ] GC(47) Final: 27 encountered, 0 discovered, 0 enqueued
[38.636s][info][gc,ref      ] GC(47) Phantom: 650 encountered, 646 discovered, 0 enqueued
[38.636s][info][gc,heap     ] GC(47)                Mark Start          Mark End        Relocate Start      Relocate End           High               Low         
[38.636s][info][gc,heap     ] GC(47)  Capacity:     1500M (100%)       1500M (100%)       1500M (100%)       1500M (100%)       1500M (100%)       1500M (100%)   
[38.636s][info][gc,heap     ] GC(47)   Reserve:       34M (2%)           34M (2%)           34M (2%)           34M (2%)           34M (2%)           34M (2%)     
[38.636s][info][gc,heap     ] GC(47)      Free:      810M (54%)         484M (32%)         884M (59%)         888M (59%)         888M (59%)         484M (32%)    
[38.636s][info][gc,heap     ] GC(47)      Used:      656M (44%)         982M (65%)         582M (39%)         578M (39%)         982M (65%)         578M (39%)    
[38.636s][info][gc,heap     ] GC(47)      Live:         -               216M (14%)         216M (14%)         216M (14%)            -                  -          
[38.636s][info][gc,heap     ] GC(47) Allocated:         -               326M (22%)         326M (22%)         332M (22%)            -                  -          
[38.636s][info][gc,heap     ] GC(47)   Garbage:         -               439M (29%)          39M (3%)           31M (2%)             -                  -          
[38.636s][info][gc,heap     ] GC(47) Reclaimed:         -                  -               400M (27%)         408M (27%)            -                  -          
[38.636s][info][gc          ] GC(47) Garbage Collection (Allocation Rate) 656M(44%)->578M(39%)
[38.665s][info][gc,start    ] GC(48) Garbage Collection (Allocation Rate)
[38.670s][info][gc,phases   ] GC(48) Pause Mark Start 2.698ms
[39.108s][info][gc,phases   ] GC(48) Concurrent Mark 437.402ms
[39.109s][info][gc,phases   ] GC(48) Pause Mark End 0.382ms
[39.110s][info][gc,phases   ] GC(48) Concurrent Process Non-Strong References 1.456ms
[39.110s][info][gc,phases   ] GC(48) Concurrent Reset Relocation Set 0.003ms
[39.110s][info][gc,phases   ] GC(48) Concurrent Destroy Detached Pages 0.000ms
[39.112s][info][gc,phases   ] GC(48) Concurrent Select Relocation Set 1.555ms
[39.112s][info][gc,phases   ] GC(48) Concurrent Prepare Relocation Set 0.025ms
[39.114s][info][gc,phases   ] GC(48) Pause Relocate Start 2.377ms
[39.116s][info][gc,phases   ] GC(48) Concurrent Relocate 1.545ms
[39.116s][info][gc,load     ] GC(48) Load: 2.25/2.18/1.45
[39.116s][info][gc,mmu      ] GC(48) MMU: 2ms/0.0%, 5ms/6.5%, 10ms/52.4%, 20ms/72.8%, 50ms/86.9%, 100ms/91.1%
[39.116s][info][gc,marking  ] GC(48) Mark: 1 stripe(s), 2 proactive flush(es), 1 terminate flush(es), 0 completion(s), 0 continuation(s) 
[39.116s][info][gc,reloc    ] GC(48) Relocation: Successful, 7M relocated
[39.116s][info][gc,nmethod  ] GC(48) NMethods: 2992 registered, 0 unregistered
[39.116s][info][gc,metaspace] GC(48) Metaspace: 68M used, 71M capacity, 72M committed, 74M reserved
[39.116s][info][gc,ref      ] GC(48) Soft: 4688 encountered, 0 discovered, 0 enqueued
[39.116s][info][gc,ref      ] GC(48) Weak: 4625 encountered, 3549 discovered, 0 enqueued
[39.116s][info][gc,ref      ] GC(48) Final: 27 encountered, 0 discovered, 0 enqueued
[39.116s][info][gc,ref      ] GC(48) Phantom: 650 encountered, 646 discovered, 0 enqueued
[39.116s][info][gc,heap     ] GC(48)                Mark Start          Mark End        Relocate Start      Relocate End           High               Low         
[39.116s][info][gc,heap     ] GC(48)  Capacity:     1500M (100%)       1500M (100%)       1500M (100%)       1500M (100%)       1500M (100%)       1500M (100%)   
[39.116s][info][gc,heap     ] GC(48)   Reserve:       34M (2%)           34M (2%)           34M (2%)           34M (2%)           34M (2%)           34M (2%)     
[39.116s][info][gc,heap     ] GC(48)      Free:      844M (56%)         694M (46%)        1060M (71%)        1068M (71%)        1068M (71%)         694M (46%)    
[39.116s][info][gc,heap     ] GC(48)      Used:      622M (41%)         772M (51%)         406M (27%)         398M (27%)         772M (51%)         398M (27%)    
[39.116s][info][gc,heap     ] GC(48)      Live:         -               216M (14%)         216M (14%)         216M (14%)            -                  -          
[39.116s][info][gc,heap     ] GC(48) Allocated:         -               150M (10%)         150M (10%)         152M (10%)            -                  -          
[39.116s][info][gc,heap     ] GC(48)   Garbage:         -               405M (27%)          39M (3%)           31M (2%)             -                  -          
[39.116s][info][gc,heap     ] GC(48) Reclaimed:         -                  -               366M (24%)         374M (25%)            -                  -          
[39.116s][info][gc          ] GC(48) Garbage Collection (Allocation Rate) 622M(41%)->398M(27%)
[39.116s][info][gc,start    ] GC(49) Garbage Collection (System.gc())
[39.119s][info][gc,phases   ] GC(49) Pause Mark Start 2.720ms
[39.348s][info][gc,phases   ] GC(49) Concurrent Mark 227.478ms
[39.349s][info][gc,phases   ] GC(49) Pause Mark End 0.377ms
[39.351s][info][gc,phases   ] GC(49) Concurrent Process Non-Strong References 1.649ms
[39.351s][info][gc,phases   ] GC(49) Concurrent Reset Relocation Set 0.003ms
[39.351s][info][gc,phases   ] GC(49) Concurrent Destroy Detached Pages 0.000ms
[39.354s][info][gc,phases   ] GC(49) Concurrent Select Relocation Set 2.994ms
[39.354s][info][gc,phases   ] GC(49) Concurrent Prepare Relocation Set 0.033ms
[39.359s][info][gc,phases   ] GC(49) Pause Relocate Start 2.550ms
[39.362s][info][gc,phases   ] GC(49) Concurrent Relocate 3.319ms
[39.362s][info][gc,load     ] GC(49) Load: 2.25/2.18/1.45
[39.362s][info][gc,mmu      ] GC(49) MMU: 2ms/0.0%, 5ms/6.5%, 10ms/49.0%, 20ms/72.6%, 50ms/86.9%, 100ms/91.1%
[39.362s][info][gc,marking  ] GC(49) Mark: 1 stripe(s), 2 proactive flush(es), 1 terminate flush(es), 0 completion(s), 0 continuation(s) 
[39.362s][info][gc,reloc    ] GC(49) Relocation: Successful, 7M relocated
[39.362s][info][gc,nmethod  ] GC(49) NMethods: 3002 registered, 0 unregistered
[39.362s][info][gc,metaspace] GC(49) Metaspace: 68M used, 71M capacity, 72M committed, 74M reserved
[39.362s][info][gc,ref      ] GC(49) Soft: 4687 encountered, 0 discovered, 0 enqueued
[39.362s][info][gc,ref      ] GC(49) Weak: 4683 encountered, 3636 discovered, 116 enqueued
[39.362s][info][gc,ref      ] GC(49) Final: 27 encountered, 0 discovered, 0 enqueued
[39.362s][info][gc,ref      ] GC(49) Phantom: 650 encountered, 646 discovered, 0 enqueued
[39.362s][info][gc,heap     ] GC(49)                Mark Start          Mark End        Relocate Start      Relocate End           High               Low         
[39.362s][info][gc,heap     ] GC(49)  Capacity:     1500M (100%)       1500M (100%)       1500M (100%)       1500M (100%)       1500M (100%)       1500M (100%)   
[39.362s][info][gc,heap     ] GC(49)   Reserve:       34M (2%)           34M (2%)           34M (2%)           34M (2%)           34M (2%)           34M (2%)     
[39.362s][info][gc,heap     ] GC(49)      Free:     1068M (71%)        1064M (71%)        1208M (81%)        1214M (81%)        1214M (81%)        1064M (71%)    
[39.362s][info][gc,heap     ] GC(49)      Used:      398M (27%)         402M (27%)         258M (17%)         252M (17%)         402M (27%)         252M (17%)    
[39.362s][info][gc,heap     ] GC(49)      Live:         -               216M (14%)         216M (14%)         216M (14%)            -                  -          
[39.362s][info][gc,heap     ] GC(49) Allocated:         -                 4M (0%)            4M (0%)            6M (0%)             -                  -          
[39.362s][info][gc,heap     ] GC(49)   Garbage:         -               181M (12%)          37M (2%)           31M (2%)             -                  -          
[39.362s][info][gc,heap     ] GC(49) Reclaimed:         -                  -               144M (10%)         150M (10%)            -                  -          
[39.362s][info][gc          ] GC(49) Garbage Collection (System.gc()) 398M(27%)->252M(17%)
[39.765s][info][gc,start    ] GC(50) Garbage Collection (Allocation Rate)
[39.771s][info][gc,phases   ] GC(50) Pause Mark Start 3.087ms
[40.065s][info][gc,stats    ] === Garbage Collection Statistics =======================================================================================================================
[40.065s][info][gc,stats    ]                                                              Last 10s              Last 10m              Last 10h                Total
[40.065s][info][gc,stats    ]                                                              Avg / Max             Avg / Max             Avg / Max             Avg / Max
[40.065s][info][gc,stats    ]   Collector: Garbage Collection Cycle                    425.919 / 546.801     476.350 / 1509.133    476.350 / 1509.133    476.350 / 1509.133    ms
[40.065s][info][gc,stats    ]  Contention: Mark Segment Reset Contention                     0 / 0                 0 / 0                 0 / 0                 0 / 0           ops/s
[40.065s][info][gc,stats    ]  Contention: Mark SeqNum Reset Contention                      0 / 0                 0 / 0                 0 / 0                 0 / 0           ops/s
[40.065s][info][gc,stats    ]  Contention: Relocation Contention                             0 / 0                 0 / 1                 0 / 1                 0 / 1           ops/s
[40.066s][info][gc,stats    ]    Critical: Allocation Stall                              0.000 / 0.000         0.000 / 0.000         0.000 / 0.000         0.000 / 0.000       ms
[40.066s][info][gc,stats    ]    Critical: Allocation Stall                                  0 / 0                 0 / 0                 0 / 0                 0 / 0           ops/s
[40.066s][info][gc,stats    ]    Critical: GC Locker Stall                               0.000 / 0.000         0.000 / 0.000         0.000 / 0.000         0.000 / 0.000       ms
[40.066s][info][gc,stats    ]    Critical: GC Locker Stall                                   0 / 0                 0 / 0                 0 / 0                 0 / 0           ops/s
[40.066s][info][gc,stats    ]      Memory: Allocation Rate                                 689 / 928             505 / 1086            505 / 1086            505 / 1086        MB/s
[40.066s][info][gc,stats    ]      Memory: Heap Used After Mark                            851 / 1206            837 / 1446            837 / 1446            837 / 1446        MB
[40.066s][info][gc,stats    ]      Memory: Heap Used After Relocation                      484 / 594             486 / 884             486 / 884             486 / 884         MB
[40.066s][info][gc,stats    ]      Memory: Heap Used Before Mark                           623 / 880             611 / 1118            611 / 1118            611 / 1118        MB
[40.066s][info][gc,stats    ]      Memory: Heap Used Before Relocation                     490 / 610             526 / 1240            526 / 1240            526 / 1240        MB
[40.066s][info][gc,stats    ]      Memory: Out Of Memory                                     0 / 0                 0 / 0                 0 / 0                 0 / 0           ops/s
[40.066s][info][gc,stats    ]      Memory: Page Cache Flush                                  0 / 0                 3 / 104               3 / 104               3 / 104         MB/s
[40.066s][info][gc,stats    ]      Memory: Page Cache Hit L1                               340 / 465             234 / 497             234 / 497             234 / 497         ops/s
[40.066s][info][gc,stats    ]      Memory: Page Cache Hit L2                                 0 / 0                 0 / 0                 0 / 0                 0 / 0           ops/s
[40.066s][info][gc,stats    ]      Memory: Page Cache Miss                                   0 / 0                17 / 162              17 / 162              17 / 162         ops/s
[40.066s][info][gc,stats    ]      Memory: Undo Object Allocation Failed                     0 / 0                 0 / 0                 0 / 0                 0 / 0           ops/s
[40.066s][info][gc,stats    ]      Memory: Undo Object Allocation Succeeded                  0 / 0                 0 / 1                 0 / 1                 0 / 1           ops/s
[40.066s][info][gc,stats    ]      Memory: Undo Page Allocation                              0 / 0                 0 / 1                 0 / 1                 0 / 1           ops/s
[40.066s][info][gc,stats    ]       Phase: Concurrent Destroy Detached Pages             0.000 / 0.001         0.001 / 0.022         0.001 / 0.022         0.001 / 0.022       ms
[40.066s][info][gc,stats    ]       Phase: Concurrent Mark                             404.650 / 525.023     410.260 / 1109.321    410.260 / 1109.321    410.260 / 1109.321    ms
[40.066s][info][gc,stats    ]       Phase: Concurrent Mark Continue                      0.000 / 0.000         0.000 / 0.000         0.000 / 0.000         0.000 / 0.000       ms
[40.066s][info][gc,stats    ]       Phase: Concurrent Prepare Relocation Set             0.042 / 0.066         2.954 / 54.678        2.954 / 54.678        2.954 / 54.678      ms
[40.066s][info][gc,stats    ]       Phase: Concurrent Process Non-Strong References      1.611 / 3.128         1.561 / 3.305         1.561 / 3.305         1.561 / 3.305       ms
[40.066s][info][gc,stats    ]       Phase: Concurrent Relocate                           6.206 / 18.232       47.310 / 403.762      47.310 / 403.762      47.310 / 403.762     ms
[40.066s][info][gc,stats    ]       Phase: Concurrent Reset Relocation Set               0.003 / 0.006         0.085 / 1.090         0.085 / 1.090         0.085 / 1.090       ms
[40.066s][info][gc,stats    ]       Phase: Concurrent Select Relocation Set              2.009 / 4.807         2.963 / 29.150        2.963 / 29.150        2.963 / 29.150      ms
[40.066s][info][gc,stats    ]       Phase: Pause Mark End                                0.410 / 0.776         0.335 / 0.776         0.335 / 0.776         0.335 / 0.776       ms
[40.066s][info][gc,stats    ]       Phase: Pause Mark Start                              2.701 / 3.256         2.399 / 4.452         2.399 / 4.452         2.399 / 4.452       ms
[40.066s][info][gc,stats    ]       Phase: Pause Relocate Start                          2.640 / 4.673         2.381 / 4.673         2.381 / 4.673         2.381 / 4.673       ms
[40.066s][info][gc,stats    ]    Subphase: Concurrent Mark                             404.145 / 524.998     409.717 / 1109.293    409.717 / 1109.293    409.717 / 1109.293    ms
[40.066s][info][gc,stats    ]    Subphase: Concurrent Mark Idle                          0.000 / 0.000         0.000 / 0.000         0.000 / 0.000         0.000 / 0.000       ms
[40.066s][info][gc,stats    ]    Subphase: Concurrent Mark Try Flush                     0.650 / 2.551         1.142 / 7.930         1.142 / 7.930         1.142 / 7.930       ms
[40.066s][info][gc,stats    ]    Subphase: Concurrent Mark Try Terminate                 0.332 / 1.011         0.494 / 4.843         0.494 / 4.843         0.494 / 4.843       ms
[40.066s][info][gc,stats    ]    Subphase: Concurrent References Enqueue                 0.002 / 0.005         0.002 / 0.008         0.002 / 0.008         0.002 / 0.008       ms
[40.066s][info][gc,stats    ]    Subphase: Concurrent References Process                 0.711 / 1.234         0.684 / 1.234         0.684 / 1.234         0.684 / 1.234       ms
[40.066s][info][gc,stats    ]    Subphase: Concurrent Weak Roots                         0.886 / 1.860         0.862 / 2.038         0.862 / 2.038         0.862 / 2.038       ms
[40.066s][info][gc,stats    ]    Subphase: Concurrent Weak Roots JNIWeakHandles          0.000 / 0.001         0.000 / 0.001         0.000 / 0.001         0.000 / 0.001       ms
[40.066s][info][gc,stats    ]    Subphase: Concurrent Weak Roots StringTable             0.616 / 1.229         0.625 / 1.513         0.625 / 1.513         0.625 / 1.513       ms
[40.066s][info][gc,stats    ]    Subphase: Concurrent Weak Roots VMWeakHandles           0.269 / 0.626         0.235 / 0.626         0.235 / 0.626         0.235 / 0.626       ms
[40.066s][info][gc,stats    ]    Subphase: Pause Mark Try Complete                       0.000 / 0.000         0.001 / 0.001         0.001 / 0.001         0.001 / 0.001       ms
[40.066s][info][gc,stats    ]    Subphase: Pause Remap TLABS                             0.002 / 0.004         0.001 / 0.004         0.001 / 0.004         0.001 / 0.004       ms
[40.066s][info][gc,stats    ]    Subphase: Pause Retire TLABS                            0.024 / 0.035         0.020 / 0.035         0.020 / 0.035         0.020 / 0.035       ms
[40.066s][info][gc,stats    ]    Subphase: Pause Roots                                   1.697 / 4.217         1.498 / 4.217         1.498 / 4.217         1.498 / 4.217       ms
[40.066s][info][gc,stats    ]    Subphase: Pause Roots ClassLoaderDataGraph              0.708 / 1.408         0.685 / 1.467         0.685 / 1.467         0.685 / 1.467       ms
[40.066s][info][gc,stats    ]    Subphase: Pause Roots CodeCache                         1.120 / 1.863         0.965 / 2.289         0.965 / 2.289         0.965 / 2.289       ms
[40.066s][info][gc,stats    ]    Subphase: Pause Roots JNIHandles                        0.001 / 0.002         0.001 / 0.020         0.001 / 0.020         0.001 / 0.020       ms
[40.066s][info][gc,stats    ]    Subphase: Pause Roots JNIWeakHandles                    0.000 / 0.000         0.000 / 0.000         0.000 / 0.000         0.000 / 0.000       ms
[40.066s][info][gc,stats    ]    Subphase: Pause Roots JRFWeak                           0.000 / 0.000         0.000 / 0.000         0.000 / 0.000         0.000 / 0.000       ms
[40.066s][info][gc,stats    ]    Subphase: Pause Roots JVMTIExport                       0.001 / 0.001         0.001 / 0.001         0.001 / 0.001         0.001 / 0.001       ms
[40.066s][info][gc,stats    ]    Subphase: Pause Roots JVMTIWeakExport                   0.001 / 0.002         0.001 / 0.002         0.001 / 0.002         0.001 / 0.002       ms
[40.066s][info][gc,stats    ]    Subphase: Pause Roots Management                        0.001 / 0.002         0.004 / 0.310         0.004 / 0.310         0.004 / 0.310       ms
[40.066s][info][gc,stats    ]    Subphase: Pause Roots ObjectSynchronizer                0.000 / 0.001         0.000 / 0.001         0.000 / 0.001         0.000 / 0.001       ms
[40.066s][info][gc,stats    ]    Subphase: Pause Roots Setup                             0.193 / 0.404         0.172 / 0.404         0.172 / 0.404         0.172 / 0.404       ms
[40.066s][info][gc,stats    ]    Subphase: Pause Roots StringTable                       0.000 / 0.000         0.000 / 0.000         0.000 / 0.000         0.000 / 0.000       ms
[40.066s][info][gc,stats    ]    Subphase: Pause Roots SystemDictionary                  0.015 / 0.058         0.021 / 0.411         0.021 / 0.411         0.021 / 0.411       ms
[40.066s][info][gc,stats    ]    Subphase: Pause Roots Teardown                          0.001 / 0.003         0.001 / 0.003         0.001 / 0.003         0.001 / 0.003       ms
[40.066s][info][gc,stats    ]    Subphase: Pause Roots Threads                           0.451 / 1.087         0.372 / 2.123         0.372 / 2.123         0.372 / 2.123       ms
[40.066s][info][gc,stats    ]    Subphase: Pause Roots Universe                          0.002 / 0.005         0.003 / 0.080         0.003 / 0.080         0.003 / 0.080       ms
[40.066s][info][gc,stats    ]    Subphase: Pause Roots VMWeakHandles                     0.000 / 0.000         0.000 / 0.000         0.000 / 0.000         0.000 / 0.000       ms
[40.066s][info][gc,stats    ]    Subphase: Pause Weak Roots                              0.002 / 0.003         0.002 / 0.016         0.002 / 0.016         0.002 / 0.016       ms
[40.066s][info][gc,stats    ]    Subphase: Pause Weak Roots JFRWeak                      0.001 / 0.001         0.001 / 0.001         0.001 / 0.001         0.001 / 0.001       ms
[40.066s][info][gc,stats    ]    Subphase: Pause Weak Roots JNIWeakHandles               0.000 / 0.000         0.000 / 0.000         0.000 / 0.000         0.000 / 0.000       ms
[40.066s][info][gc,stats    ]    Subphase: Pause Weak Roots JVMTIWeakExport              0.001 / 0.001         0.001 / 0.013         0.001 / 0.013         0.001 / 0.013       ms
[40.066s][info][gc,stats    ]    Subphase: Pause Weak Roots Setup                        0.000 / 0.000         0.000 / 0.000         0.000 / 0.000         0.000 / 0.000       ms
[40.066s][info][gc,stats    ]    Subphase: Pause Weak Roots StringTable                  0.000 / 0.000         0.000 / 0.000         0.000 / 0.000         0.000 / 0.000       ms
[40.066s][info][gc,stats    ]    Subphase: Pause Weak Roots SymbolTable                  0.000 / 0.000         0.000 / 0.000         0.000 / 0.000         0.000 / 0.000       ms
[40.066s][info][gc,stats    ]    Subphase: Pause Weak Roots Teardown                     0.001 / 0.001         0.001 / 0.001         0.001 / 0.001         0.001 / 0.001       ms
[40.066s][info][gc,stats    ]    Subphase: Pause Weak Roots VMWeakHandles                0.000 / 0.000         0.000 / 0.000         0.000 / 0.000         0.000 / 0.000       ms
[40.066s][info][gc,stats    ]      System: Java Threads                                    140 / 172              95 / 172              95 / 172              95 / 172         threads
[40.066s][info][gc,stats    ] =========================================================================================================================================================
[40.228s][info][gc,phases   ] GC(50) Concurrent Mark 457.107ms
[40.232s][info][gc,phases   ] GC(50) Pause Mark End 0.449ms
[40.234s][info][gc,phases   ] GC(50) Concurrent Process Non-Strong References 1.596ms
[40.234s][info][gc,phases   ] GC(50) Concurrent Reset Relocation Set 0.002ms
[40.234s][info][gc,phases   ] GC(50) Concurrent Destroy Detached Pages 0.000ms
[40.235s][info][gc,phases   ] GC(50) Concurrent Select Relocation Set 1.563ms
[40.235s][info][gc,phases   ] GC(50) Concurrent Prepare Relocation Set 0.036ms
[40.238s][info][gc,phases   ] GC(50) Pause Relocate Start 2.470ms
[40.245s][info][gc,phases   ] GC(50) Concurrent Relocate 5.757ms
[40.245s][info][gc,load     ] GC(50) Load: 2.25/2.18/1.45
[40.245s][info][gc,mmu      ] GC(50) MMU: 2ms/0.0%, 5ms/6.5%, 10ms/49.0%, 20ms/72.6%, 50ms/86.9%, 100ms/91.1%
[40.245s][info][gc,marking  ] GC(50) Mark: 1 stripe(s), 2 proactive flush(es), 1 terminate flush(es), 0 completion(s), 0 continuation(s) 
[40.245s][info][gc,reloc    ] GC(50) Relocation: Successful, 7M relocated
[40.245s][info][gc,nmethod  ] GC(50) NMethods: 3060 registered, 0 unregistered
[40.245s][info][gc,metaspace] GC(50) Metaspace: 68M used, 71M capacity, 72M committed, 74M reserved
[40.245s][info][gc,ref      ] GC(50) Soft: 4689 encountered, 0 discovered, 0 enqueued
[40.245s][info][gc,ref      ] GC(50) Weak: 4758 encountered, 3613 discovered, 78 enqueued
[40.245s][info][gc,ref      ] GC(50) Final: 27 encountered, 0 discovered, 0 enqueued
[40.245s][info][gc,ref      ] GC(50) Phantom: 650 encountered, 646 discovered, 0 enqueued
[40.245s][info][gc,heap     ] GC(50)                Mark Start          Mark End        Relocate Start      Relocate End           High               Low         
[40.245s][info][gc,heap     ] GC(50)  Capacity:     1500M (100%)       1500M (100%)       1500M (100%)       1500M (100%)       1500M (100%)       1500M (100%)   
[40.245s][info][gc,heap     ] GC(50)   Reserve:       34M (2%)           34M (2%)           34M (2%)           34M (2%)           34M (2%)           34M (2%)     
[40.245s][info][gc,heap     ] GC(50)      Free:      762M (51%)         418M (28%)         844M (56%)         866M (58%)         866M (58%)         418M (28%)    
[40.245s][info][gc,heap     ] GC(50)      Used:      704M (47%)        1048M (70%)         622M (41%)         600M (40%)        1048M (70%)         600M (40%)    
[40.245s][info][gc,heap     ] GC(50)      Live:         -               216M (14%)         216M (14%)         216M (14%)            -                  -          
[40.245s][info][gc,heap     ] GC(50) Allocated:         -               344M (23%)         344M (23%)         354M (24%)            -                  -          
[40.245s][info][gc,heap     ] GC(50)   Garbage:         -               487M (32%)          61M (4%)           33M (2%)             -                  -          
[40.245s][info][gc,heap     ] GC(50) Reclaimed:         -                  -               426M (28%)         454M (30%)            -                  -          
[40.245s][info][gc          ] GC(50) Garbage Collection (Allocation Rate) 704M(47%)->600M(40%)
[40.266s][info][gc,start    ] GC(51) Garbage Collection (Allocation Rate)
[40.272s][info][gc,phases   ] GC(51) Pause Mark Start 3.219ms
[40.760s][info][gc,phases   ] GC(51) Concurrent Mark 488.436ms
[40.764s][info][gc,phases   ] GC(51) Pause Mark End 1.239ms
[40.768s][info][gc,phases   ] GC(51) Concurrent Process Non-Strong References 3.596ms
[40.768s][info][gc,phases   ] GC(51) Concurrent Reset Relocation Set 0.008ms
[40.768s][info][gc,phases   ] GC(51) Concurrent Destroy Detached Pages 0.001ms
[40.777s][info][gc,phases   ] GC(51) Concurrent Select Relocation Set 9.256ms
[40.777s][info][gc,phases   ] GC(51) Concurrent Prepare Relocation Set 0.089ms
[40.784s][info][gc,phases   ] GC(51) Pause Relocate Start 2.432ms
[40.786s][info][gc,phases   ] GC(51) Concurrent Relocate 2.712ms
[40.786s][info][gc,load     ] GC(51) Load: 2.25/2.18/1.45
[40.786s][info][gc,mmu      ] GC(51) MMU: 2ms/0.0%, 5ms/6.5%, 10ms/49.0%, 20ms/72.6%, 50ms/86.9%, 100ms/91.1%
[40.786s][info][gc,marking  ] GC(51) Mark: 1 stripe(s), 2 proactive flush(es), 1 terminate flush(es), 0 completion(s), 0 continuation(s) 
[40.786s][info][gc,reloc    ] GC(51) Relocation: Successful, 7M relocated
[40.786s][info][gc,nmethod  ] GC(51) NMethods: 3061 registered, 0 unregistered
[40.786s][info][gc,metaspace] GC(51) Metaspace: 68M used, 71M capacity, 72M committed, 74M reserved
[40.786s][info][gc,ref      ] GC(51) Soft: 4689 encountered, 0 discovered, 0 enqueued
[40.786s][info][gc,ref      ] GC(51) Weak: 4687 encountered, 3576 discovered, 19 enqueued
[40.786s][info][gc,ref      ] GC(51) Final: 27 encountered, 0 discovered, 0 enqueued
[40.786s][info][gc,ref      ] GC(51) Phantom: 650 encountered, 646 discovered, 0 enqueued
[40.786s][info][gc,heap     ] GC(51)                Mark Start          Mark End        Relocate Start      Relocate End           High               Low         
[40.786s][info][gc,heap     ] GC(51)  Capacity:     1500M (100%)       1500M (100%)       1500M (100%)       1500M (100%)       1500M (100%)       1500M (100%)   
[40.786s][info][gc,heap     ] GC(51)   Reserve:       34M (2%)           34M (2%)           34M (2%)           34M (2%)           34M (2%)           34M (2%)     
[40.786s][info][gc,heap     ] GC(51)      Free:      840M (56%)         514M (34%)         868M (58%)         890M (59%)         890M (59%)         514M (34%)    
[40.786s][info][gc,heap     ] GC(51)      Used:      626M (42%)         952M (63%)         598M (40%)         576M (38%)         952M (63%)         576M (38%)    
[40.787s][info][gc,heap     ] GC(51)      Live:         -               216M (14%)         216M (14%)         216M (14%)            -                  -          
[40.787s][info][gc,heap     ] GC(51) Allocated:         -               326M (22%)         328M (22%)         330M (22%)            -                  -          
[40.787s][info][gc,heap     ] GC(51)   Garbage:         -               409M (27%)          53M (4%)           31M (2%)             -                  -          
[40.787s][info][gc,heap     ] GC(51) Reclaimed:         -                  -               356M (24%)         378M (25%)            -                  -          
[40.787s][info][gc          ] GC(51) Garbage Collection (Allocation Rate) 626M(42%)->576M(38%)
[40.865s][info][gc,start    ] GC(52) Garbage Collection (Allocation Rate)
[40.870s][info][gc,phases   ] GC(52) Pause Mark Start 2.811ms
[41.326s][info][gc,phases   ] GC(52) Concurrent Mark 455.547ms
[41.329s][info][gc,phases   ] GC(52) Pause Mark End 0.459ms
[41.331s][info][gc,phases   ] GC(52) Concurrent Process Non-Strong References 1.541ms
[41.331s][info][gc,phases   ] GC(52) Concurrent Reset Relocation Set 0.004ms
[41.331s][info][gc,phases   ] GC(52) Concurrent Destroy Detached Pages 0.000ms
[41.333s][info][gc,phases   ] GC(52) Concurrent Select Relocation Set 1.515ms
[41.333s][info][gc,phases   ] GC(52) Concurrent Prepare Relocation Set 0.064ms
[41.335s][info][gc,phases   ] GC(52) Pause Relocate Start 2.469ms
[41.341s][info][gc,phases   ] GC(52) Concurrent Relocate 5.820ms
[41.341s][info][gc,load     ] GC(52) Load: 2.25/2.18/1.45
[41.341s][info][gc,mmu      ] GC(52) MMU: 2ms/0.0%, 5ms/6.5%, 10ms/49.0%, 20ms/72.6%, 50ms/86.9%, 100ms/91.1%
[41.341s][info][gc,marking  ] GC(52) Mark: 1 stripe(s), 2 proactive flush(es), 1 terminate flush(es), 0 completion(s), 0 continuation(s) 
[41.341s][info][gc,reloc    ] GC(52) Relocation: Successful, 7M relocated
[41.341s][info][gc,nmethod  ] GC(52) NMethods: 3061 registered, 0 unregistered
[41.341s][info][gc,metaspace] GC(52) Metaspace: 68M used, 71M capacity, 72M committed, 74M reserved
[41.341s][info][gc,ref      ] GC(52) Soft: 4689 encountered, 0 discovered, 0 enqueued
[41.341s][info][gc,ref      ] GC(52) Weak: 4669 encountered, 3537 discovered, 1 enqueued
[41.341s][info][gc,ref      ] GC(52) Final: 27 encountered, 0 discovered, 0 enqueued
[41.341s][info][gc,ref      ] GC(52) Phantom: 650 encountered, 646 discovered, 0 enqueued
[41.341s][info][gc,heap     ] GC(52)                Mark Start          Mark End        Relocate Start      Relocate End           High               Low         
[41.341s][info][gc,heap     ] GC(52)  Capacity:     1500M (100%)       1500M (100%)       1500M (100%)       1500M (100%)       1500M (100%)       1500M (100%)   
[41.341s][info][gc,heap     ] GC(52)   Reserve:       34M (2%)           34M (2%)           34M (2%)           34M (2%)           34M (2%)           34M (2%)     
[41.341s][info][gc,heap     ] GC(52)      Free:      768M (51%)         466M (31%)         906M (60%)         910M (61%)         910M (61%)         466M (31%)    
[41.341s][info][gc,heap     ] GC(52)      Used:      698M (47%)        1000M (67%)         560M (37%)         556M (37%)        1000M (67%)         556M (37%)    
[41.341s][info][gc,heap     ] GC(52)      Live:         -               216M (14%)         216M (14%)         216M (14%)            -                  -          
[41.341s][info][gc,heap     ] GC(52) Allocated:         -               302M (20%)         302M (20%)         310M (21%)            -                  -          
[41.341s][info][gc,heap     ] GC(52)   Garbage:         -               481M (32%)          41M (3%)           31M (2%)             -                  -          
[41.341s][info][gc,heap     ] GC(52) Reclaimed:         -                  -               440M (29%)         450M (30%)            -                  -          
[41.341s][info][gc          ] GC(52) Garbage Collection (Allocation Rate) 698M(47%)->556M(37%)
[41.365s][info][gc,start    ] GC(53) Garbage Collection (Allocation Rate)
[41.371s][info][gc,phases   ] GC(53) Pause Mark Start 2.791ms
[41.828s][info][gc,phases   ] GC(53) Concurrent Mark 457.307ms
[41.832s][info][gc,phases   ] GC(53) Pause Mark End 0.452ms
[41.834s][info][gc,phases   ] GC(53) Concurrent Process Non-Strong References 2.128ms
[41.834s][info][gc,phases   ] GC(53) Concurrent Reset Relocation Set 0.003ms
[41.834s][info][gc,phases   ] GC(53) Concurrent Destroy Detached Pages 0.000ms
[41.836s][info][gc,phases   ] GC(53) Concurrent Select Relocation Set 1.555ms
[41.836s][info][gc,phases   ] GC(53) Concurrent Prepare Relocation Set 0.063ms
[41.838s][info][gc,phases   ] GC(53) Pause Relocate Start 2.414ms
[41.846s][info][gc,phases   ] GC(53) Concurrent Relocate 7.113ms
[41.846s][info][gc,load     ] GC(53) Load: 2.23/2.18/1.46
[41.846s][info][gc,mmu      ] GC(53) MMU: 2ms/0.0%, 5ms/6.5%, 10ms/49.0%, 20ms/72.6%, 50ms/86.9%, 100ms/91.1%
[41.846s][info][gc,marking  ] GC(53) Mark: 1 stripe(s), 2 proactive flush(es), 1 terminate flush(es), 0 completion(s), 0 continuation(s) 
[41.846s][info][gc,reloc    ] GC(53) Relocation: Successful, 7M relocated
[41.846s][info][gc,nmethod  ] GC(53) NMethods: 3061 registered, 0 unregistered
[41.846s][info][gc,metaspace] GC(53) Metaspace: 68M used, 71M capacity, 72M committed, 74M reserved
[41.846s][info][gc,ref      ] GC(53) Soft: 4689 encountered, 0 discovered, 0 enqueued
[41.846s][info][gc,ref      ] GC(53) Weak: 4668 encountered, 3536 discovered, 0 enqueued
[41.846s][info][gc,ref      ] GC(53) Final: 27 encountered, 0 discovered, 0 enqueued
[41.846s][info][gc,ref      ] GC(53) Phantom: 650 encountered, 646 discovered, 0 enqueued
[41.846s][info][gc,heap     ] GC(53)                Mark Start          Mark End        Relocate Start      Relocate End           High               Low         
[41.846s][info][gc,heap     ] GC(53)  Capacity:     1500M (100%)       1500M (100%)       1500M (100%)       1500M (100%)       1500M (100%)       1500M (100%)   
[41.846s][info][gc,heap     ] GC(53)   Reserve:       34M (2%)           34M (2%)           34M (2%)           34M (2%)           34M (2%)           34M (2%)     
[41.846s][info][gc,heap     ] GC(53)      Free:      874M (58%)         538M (36%)         874M (58%)         876M (58%)         876M (58%)         538M (36%)    
[41.846s][info][gc,heap     ] GC(53)      Used:      592M (39%)         928M (62%)         592M (39%)         590M (39%)         928M (62%)         590M (39%)    
[41.846s][info][gc,heap     ] GC(53)      Live:         -               216M (14%)         216M (14%)         216M (14%)            -                  -          
[41.846s][info][gc,heap     ] GC(53) Allocated:         -               336M (22%)         336M (22%)         344M (23%)            -                  -          
[41.846s][info][gc,heap     ] GC(53)   Garbage:         -               375M (25%)          39M (3%)           31M (2%)             -                  -          
[41.846s][info][gc,heap     ] GC(53) Reclaimed:         -                  -               336M (22%)         344M (23%)            -                  -          
[41.846s][info][gc          ] GC(53) Garbage Collection (Allocation Rate) 592M(39%)->590M(39%)
[41.865s][info][gc,start    ] GC(54) Garbage Collection (Allocation Rate)
[41.873s][info][gc,phases   ] GC(54) Pause Mark Start 4.944ms
[42.315s][info][gc,phases   ] GC(54) Concurrent Mark 441.751ms
[42.318s][info][gc,phases   ] GC(54) Pause Mark End 0.463ms
[42.320s][info][gc,phases   ] GC(54) Concurrent Process Non-Strong References 1.496ms
[42.320s][info][gc,phases   ] GC(54) Concurrent Reset Relocation Set 0.003ms
[42.320s][info][gc,phases   ] GC(54) Concurrent Destroy Detached Pages 0.000ms
[42.321s][info][gc,phases   ] GC(54) Concurrent Select Relocation Set 1.512ms
[42.321s][info][gc,phases   ] GC(54) Concurrent Prepare Relocation Set 0.064ms
[42.324s][info][gc,phases   ] GC(54) Pause Relocate Start 2.402ms
[42.333s][info][gc,phases   ] GC(54) Concurrent Relocate 9.188ms
[42.333s][info][gc,load     ] GC(54) Load: 2.23/2.18/1.46
[42.333s][info][gc,mmu      ] GC(54) MMU: 2ms/0.0%, 5ms/1.1%, 10ms/49.0%, 20ms/72.6%, 50ms/84.4%, 100ms/91.1%
[42.333s][info][gc,marking  ] GC(54) Mark: 1 stripe(s), 2 proactive flush(es), 1 terminate flush(es), 0 completion(s), 0 continuation(s) 
[42.333s][info][gc,reloc    ] GC(54) Relocation: Successful, 7M relocated
[42.333s][info][gc,nmethod  ] GC(54) NMethods: 3061 registered, 0 unregistered
[42.333s][info][gc,metaspace] GC(54) Metaspace: 68M used, 71M capacity, 72M committed, 74M reserved
[42.333s][info][gc,ref      ] GC(54) Soft: 4689 encountered, 0 discovered, 0 enqueued
[42.333s][info][gc,ref      ] GC(54) Weak: 4668 encountered, 3533 discovered, 0 enqueued
[42.333s][info][gc,ref      ] GC(54) Final: 27 encountered, 0 discovered, 0 enqueued
[42.333s][info][gc,ref      ] GC(54) Phantom: 650 encountered, 646 discovered, 0 enqueued
[42.333s][info][gc,heap     ] GC(54)                Mark Start          Mark End        Relocate Start      Relocate End           High               Low         
[42.333s][info][gc,heap     ] GC(54)  Capacity:     1500M (100%)       1500M (100%)       1500M (100%)       1500M (100%)       1500M (100%)       1500M (100%)   
[42.333s][info][gc,heap     ] GC(54)   Reserve:       34M (2%)           34M (2%)           34M (2%)           34M (2%)           34M (2%)           34M (2%)     
[42.333s][info][gc,heap     ] GC(54)      Free:      852M (57%)         512M (34%)         870M (58%)         866M (58%)         870M (58%)         512M (34%)    
[42.333s][info][gc,heap     ] GC(54)      Used:      614M (41%)         954M (64%)         596M (40%)         600M (40%)         954M (64%)         596M (40%)    
[42.333s][info][gc,heap     ] GC(54)      Live:         -               216M (14%)         216M (14%)         216M (14%)            -                  -          
[42.333s][info][gc,heap     ] GC(54) Allocated:         -               340M (23%)         340M (23%)         354M (24%)            -                  -          
[42.333s][info][gc,heap     ] GC(54)   Garbage:         -               397M (26%)          39M (3%)           33M (2%)             -                  -          
[42.333s][info][gc,heap     ] GC(54) Reclaimed:         -                  -               358M (24%)         364M (24%)            -                  -          
[42.333s][info][gc          ] GC(54) Garbage Collection (Allocation Rate) 614M(41%)->600M(40%)
[42.366s][info][gc,start    ] GC(55) Garbage Collection (Allocation Rate)
[42.371s][info][gc,phases   ] GC(55) Pause Mark Start 2.808ms
[42.859s][info][gc,phases   ] GC(55) Concurrent Mark 487.949ms
[42.860s][info][gc,phases   ] GC(55) Pause Mark End 0.444ms
[42.862s][info][gc,phases   ] GC(55) Concurrent Process Non-Strong References 1.418ms
[42.862s][info][gc,phases   ] GC(55) Concurrent Reset Relocation Set 0.003ms
[42.862s][info][gc,phases   ] GC(55) Concurrent Destroy Detached Pages 0.000ms
[42.863s][info][gc,phases   ] GC(55) Concurrent Select Relocation Set 1.588ms
[42.863s][info][gc,phases   ] GC(55) Concurrent Prepare Relocation Set 0.063ms
[42.866s][info][gc,phases   ] GC(55) Pause Relocate Start 2.477ms
[42.869s][info][gc,phases   ] GC(55) Concurrent Relocate 2.969ms
[42.869s][info][gc,load     ] GC(55) Load: 2.23/2.18/1.46
[42.869s][info][gc,mmu      ] GC(55) MMU: 2ms/0.0%, 5ms/1.1%, 10ms/49.0%, 20ms/72.6%, 50ms/84.4%, 100ms/91.1%
[42.869s][info][gc,marking  ] GC(55) Mark: 1 stripe(s), 2 proactive flush(es), 1 terminate flush(es), 0 completion(s), 0 continuation(s) 
[42.869s][info][gc,reloc    ] GC(55) Relocation: Successful, 7M relocated
[42.869s][info][gc,nmethod  ] GC(55) NMethods: 3104 registered, 0 unregistered
[42.869s][info][gc,metaspace] GC(55) Metaspace: 68M used, 71M capacity, 72M committed, 74M reserved
[42.869s][info][gc,ref      ] GC(55) Soft: 4689 encountered, 0 discovered, 0 enqueued
[42.869s][info][gc,ref      ] GC(55) Weak: 4668 encountered, 3588 discovered, 0 enqueued
[42.869s][info][gc,ref      ] GC(55) Final: 27 encountered, 0 discovered, 0 enqueued
[42.869s][info][gc,ref      ] GC(55) Phantom: 650 encountered, 646 discovered, 0 enqueued
[42.869s][info][gc,heap     ] GC(55)                Mark Start          Mark End        Relocate Start      Relocate End           High               Low         
[42.869s][info][gc,heap     ] GC(55)  Capacity:     1500M (100%)       1500M (100%)       1500M (100%)       1500M (100%)       1500M (100%)       1500M (100%)   
[42.869s][info][gc,heap     ] GC(55)   Reserve:       34M (2%)           34M (2%)           34M (2%)           34M (2%)           34M (2%)           34M (2%)     
[42.869s][info][gc,heap     ] GC(55)      Free:      816M (54%)         560M (37%)         954M (64%)         962M (64%)         962M (64%)         560M (37%)    
[42.869s][info][gc,heap     ] GC(55)      Used:      650M (43%)         906M (60%)         512M (34%)         504M (34%)         906M (60%)         504M (34%)    
[42.869s][info][gc,heap     ] GC(55)      Live:         -               216M (14%)         216M (14%)         216M (14%)            -                  -          
[42.869s][info][gc,heap     ] GC(55) Allocated:         -               256M (17%)         256M (17%)         258M (17%)            -                  -          
[42.869s][info][gc,heap     ] GC(55)   Garbage:         -               433M (29%)          39M (3%)           31M (2%)             -                  -          
[42.869s][info][gc,heap     ] GC(55) Reclaimed:         -                  -               394M (26%)         402M (27%)            -                  -          
[42.869s][info][gc          ] GC(55) Garbage Collection (Allocation Rate) 650M(43%)->504M(34%)
[42.869s][info][gc,start    ] GC(56) Garbage Collection (System.gc())
[42.873s][info][gc,phases   ] GC(56) Pause Mark Start 2.984ms
[43.119s][info][gc,phases   ] GC(56) Concurrent Mark 245.765ms
[43.120s][info][gc,phases   ] GC(56) Pause Mark End 0.436ms
[43.121s][info][gc,phases   ] GC(56) Concurrent Process Non-Strong References 1.509ms
[43.121s][info][gc,phases   ] GC(56) Concurrent Reset Relocation Set 0.002ms
[43.121s][info][gc,phases   ] GC(56) Concurrent Destroy Detached Pages 0.000ms
[43.123s][info][gc,phases   ] GC(56) Concurrent Select Relocation Set 1.540ms
[43.123s][info][gc,phases   ] GC(56) Concurrent Prepare Relocation Set 0.062ms
[43.126s][info][gc,phases   ] GC(56) Pause Relocate Start 2.717ms
[43.130s][info][gc,phases   ] GC(56) Concurrent Relocate 4.183ms
[43.130s][info][gc,load     ] GC(56) Load: 2.23/2.18/1.46
[43.130s][info][gc,mmu      ] GC(56) MMU: 2ms/0.0%, 5ms/1.1%, 10ms/45.4%, 20ms/70.5%, 50ms/84.4%, 100ms/91.1%
[43.130s][info][gc,marking  ] GC(56) Mark: 1 stripe(s), 2 proactive flush(es), 1 terminate flush(es), 0 completion(s), 0 continuation(s) 
[43.130s][info][gc,reloc    ] GC(56) Relocation: Successful, 7M relocated
[43.130s][info][gc,nmethod  ] GC(56) NMethods: 3105 registered, 0 unregistered
[43.130s][info][gc,metaspace] GC(56) Metaspace: 68M used, 71M capacity, 72M committed, 74M reserved
[43.130s][info][gc,ref      ] GC(56) Soft: 4688 encountered, 0 discovered, 0 enqueued
[43.130s][info][gc,ref      ] GC(56) Weak: 4738 encountered, 3657 discovered, 118 enqueued
[43.130s][info][gc,ref      ] GC(56) Final: 27 encountered, 0 discovered, 0 enqueued
[43.130s][info][gc,ref      ] GC(56) Phantom: 650 encountered, 646 discovered, 0 enqueued
[43.130s][info][gc,heap     ] GC(56)                Mark Start          Mark End        Relocate Start      Relocate End           High               Low         
[43.130s][info][gc,heap     ] GC(56)  Capacity:     1500M (100%)       1500M (100%)       1500M (100%)       1500M (100%)       1500M (100%)       1500M (100%)   
[43.130s][info][gc,heap     ] GC(56)   Reserve:       34M (2%)           34M (2%)           34M (2%)           34M (2%)           34M (2%)           34M (2%)     
[43.130s][info][gc,heap     ] GC(56)      Free:      962M (64%)         960M (64%)        1210M (81%)        1216M (81%)        1216M (81%)         960M (64%)    
[43.130s][info][gc,heap     ] GC(56)      Used:      504M (34%)         506M (34%)         256M (17%)         250M (17%)         506M (34%)         250M (17%)    
[43.130s][info][gc,heap     ] GC(56)      Live:         -               216M (14%)         216M (14%)         216M (14%)            -                  -          
[43.130s][info][gc,heap     ] GC(56) Allocated:         -                 2M (0%)            2M (0%)            4M (0%)             -                  -          
[43.130s][info][gc,heap     ] GC(56)   Garbage:         -               287M (19%)          37M (2%)           31M (2%)             -                  -          
[43.130s][info][gc,heap     ] GC(56) Reclaimed:         -                  -               250M (17%)         256M (17%)            -                  -          
[43.130s][info][gc          ] GC(56) Garbage Collection (System.gc()) 504M(34%)->250M(17%)
[43.565s][info][gc,start    ] GC(57) Garbage Collection (Allocation Rate)
[43.571s][info][gc,phases   ] GC(57) Pause Mark Start 2.893ms
[44.011s][info][gc,phases   ] GC(57) Concurrent Mark 439.978ms
[44.014s][info][gc,phases   ] GC(57) Pause Mark End 0.477ms
[44.016s][info][gc,phases   ] GC(57) Concurrent Process Non-Strong References 1.502ms
[44.016s][info][gc,phases   ] GC(57) Concurrent Reset Relocation Set 0.003ms
[44.016s][info][gc,phases   ] GC(57) Concurrent Destroy Detached Pages 0.000ms
[44.017s][info][gc,phases   ] GC(57) Concurrent Select Relocation Set 1.515ms
[44.017s][info][gc,phases   ] GC(57) Concurrent Prepare Relocation Set 0.041ms
[44.020s][info][gc,phases   ] GC(57) Pause Relocate Start 2.652ms
[44.031s][info][gc,phases   ] GC(57) Concurrent Relocate 9.491ms
[44.031s][info][gc,load     ] GC(57) Load: 2.23/2.18/1.46
[44.031s][info][gc,mmu      ] GC(57) MMU: 2ms/0.0%, 5ms/1.1%, 10ms/45.4%, 20ms/70.5%, 50ms/84.4%, 100ms/91.1%
[44.031s][info][gc,marking  ] GC(57) Mark: 1 stripe(s), 2 proactive flush(es), 1 terminate flush(es), 0 completion(s), 0 continuation(s) 
[44.031s][info][gc,reloc    ] GC(57) Relocation: Successful, 8M relocated
[44.031s][info][gc,nmethod  ] GC(57) NMethods: 3166 registered, 0 unregistered
[44.031s][info][gc,metaspace] GC(57) Metaspace: 68M used, 71M capacity, 72M committed, 74M reserved
[44.031s][info][gc,ref      ] GC(57) Soft: 4694 encountered, 0 discovered, 0 enqueued
[44.031s][info][gc,ref      ] GC(57) Weak: 4776 encountered, 3639 discovered, 73 enqueued
[44.031s][info][gc,ref      ] GC(57) Final: 27 encountered, 0 discovered, 0 enqueued
[44.031s][info][gc,ref      ] GC(57) Phantom: 650 encountered, 646 discovered, 0 enqueued
[44.031s][info][gc,heap     ] GC(57)                Mark Start          Mark End        Relocate Start      Relocate End           High               Low         
[44.031s][info][gc,heap     ] GC(57)  Capacity:     1500M (100%)       1500M (100%)       1500M (100%)       1500M (100%)       1500M (100%)       1500M (100%)   
[44.031s][info][gc,heap     ] GC(57)   Reserve:       34M (2%)           34M (2%)           34M (2%)           34M (2%)           34M (2%)           34M (2%)     
[44.031s][info][gc,heap     ] GC(57)      Free:      748M (50%)         422M (28%)         864M (58%)         882M (59%)         882M (59%)         422M (28%)    
[44.031s][info][gc,heap     ] GC(57)      Used:      718M (48%)        1044M (70%)         602M (40%)         584M (39%)        1044M (70%)         584M (39%)    
[44.031s][info][gc,heap     ] GC(57)      Live:         -               216M (14%)         216M (14%)         216M (14%)            -                  -          
[44.031s][info][gc,heap     ] GC(57) Allocated:         -               326M (22%)         326M (22%)         338M (23%)            -                  -          
[44.031s][info][gc,heap     ] GC(57)   Garbage:         -               501M (33%)          59M (4%)           31M (2%)             -                  -          
[44.031s][info][gc,heap     ] GC(57) Reclaimed:         -                  -               442M (29%)         470M (31%)            -                  -          
[44.031s][info][gc          ] GC(57) Garbage Collection (Allocation Rate) 718M(48%)->584M(39%)
[44.065s][info][gc,start    ] GC(58) Garbage Collection (Allocation Rate)
[44.071s][info][gc,phases   ] GC(58) Pause Mark Start 2.943ms
[44.489s][info][gc,phases   ] GC(58) Concurrent Mark 418.029ms
[44.492s][info][gc,phases   ] GC(58) Pause Mark End 0.489ms
[44.494s][info][gc,phases   ] GC(58) Concurrent Process Non-Strong References 1.586ms
[44.494s][info][gc,phases   ] GC(58) Concurrent Reset Relocation Set 0.004ms
[44.494s][info][gc,phases   ] GC(58) Concurrent Destroy Detached Pages 0.000ms
[44.496s][info][gc,phases   ] GC(58) Concurrent Select Relocation Set 1.648ms
[44.496s][info][gc,phases   ] GC(58) Concurrent Prepare Relocation Set 0.065ms
[44.499s][info][gc,phases   ] GC(58) Pause Relocate Start 2.584ms
[44.505s][info][gc,phases   ] GC(58) Concurrent Relocate 6.223ms
[44.505s][info][gc,load     ] GC(58) Load: 2.23/2.18/1.46
[44.505s][info][gc,mmu      ] GC(58) MMU: 2ms/0.0%, 5ms/1.1%, 10ms/45.4%, 20ms/70.5%, 50ms/84.4%, 100ms/91.1%
[44.505s][info][gc,marking  ] GC(58) Mark: 1 stripe(s), 2 proactive flush(es), 1 terminate flush(es), 0 completion(s), 0 continuation(s) 
[44.505s][info][gc,reloc    ] GC(58) Relocation: Successful, 6M relocated
[44.505s][info][gc,nmethod  ] GC(58) NMethods: 3166 registered, 0 unregistered
[44.505s][info][gc,metaspace] GC(58) Metaspace: 68M used, 71M capacity, 72M committed, 74M reserved
[44.505s][info][gc,ref      ] GC(58) Soft: 4694 encountered, 0 discovered, 0 enqueued
[44.505s][info][gc,ref      ] GC(58) Weak: 4711 encountered, 3583 discovered, 14 enqueued
[44.505s][info][gc,ref      ] GC(58) Final: 27 encountered, 0 discovered, 0 enqueued
[44.505s][info][gc,ref      ] GC(58) Phantom: 650 encountered, 646 discovered, 0 enqueued
[44.505s][info][gc,heap     ] GC(58)                Mark Start          Mark End        Relocate Start      Relocate End           High               Low         
[44.505s][info][gc,heap     ] GC(58)  Capacity:     1500M (100%)       1500M (100%)       1500M (100%)       1500M (100%)       1500M (100%)       1500M (100%)   
[44.505s][info][gc,heap     ] GC(58)   Reserve:       34M (2%)           34M (2%)           34M (2%)           34M (2%)           34M (2%)           34M (2%)     
[44.505s][info][gc,heap     ] GC(58)      Free:      828M (55%)         504M (34%)         878M (59%)         888M (59%)         888M (59%)         504M (34%)    
[44.505s][info][gc,heap     ] GC(58)      Used:      638M (43%)         962M (64%)         588M (39%)         578M (39%)         962M (64%)         578M (39%)    
[44.505s][info][gc,heap     ] GC(58)      Live:         -               216M (14%)         216M (14%)         216M (14%)            -                  -          
[44.505s][info][gc,heap     ] GC(58) Allocated:         -               324M (22%)         324M (22%)         332M (22%)            -                  -          
[44.505s][info][gc,heap     ] GC(58)   Garbage:         -               421M (28%)          47M (3%)           35M (2%)             -                  -          
[44.505s][info][gc,heap     ] GC(58) Reclaimed:         -                  -               374M (25%)         386M (26%)            -                  -          
[44.505s][info][gc          ] GC(58) Garbage Collection (Allocation Rate) 638M(43%)->578M(39%)
[44.565s][info][gc,start    ] GC(59) Garbage Collection (Allocation Rate)
[44.571s][info][gc,phases   ] GC(59) Pause Mark Start 2.892ms
[45.025s][info][gc,phases   ] GC(59) Concurrent Mark 454.283ms
[45.029s][info][gc,phases   ] GC(59) Pause Mark End 0.489ms
[45.030s][info][gc,phases   ] GC(59) Concurrent Process Non-Strong References 1.474ms
[45.030s][info][gc,phases   ] GC(59) Concurrent Reset Relocation Set 0.003ms
[45.030s][info][gc,phases   ] GC(59) Concurrent Destroy Detached Pages 0.000ms
[45.032s][info][gc,phases   ] GC(59) Concurrent Select Relocation Set 1.562ms
[45.032s][info][gc,phases   ] GC(59) Concurrent Prepare Relocation Set 0.063ms
[45.035s][info][gc,phases   ] GC(59) Pause Relocate Start 2.421ms
[45.042s][info][gc,phases   ] GC(59) Concurrent Relocate 6.854ms
[45.042s][info][gc,load     ] GC(59) Load: 2.23/2.18/1.46
[45.042s][info][gc,mmu      ] GC(59) MMU: 2ms/0.0%, 5ms/1.1%, 10ms/45.4%, 20ms/70.5%, 50ms/84.4%, 100ms/91.1%
[45.042s][info][gc,marking  ] GC(59) Mark: 1 stripe(s), 2 proactive flush(es), 1 terminate flush(es), 0 completion(s), 0 continuation(s) 
[45.042s][info][gc,reloc    ] GC(59) Relocation: Successful, 6M relocated
[45.042s][info][gc,nmethod  ] GC(59) NMethods: 3166 registered, 0 unregistered
[45.042s][info][gc,metaspace] GC(59) Metaspace: 68M used, 71M capacity, 72M committed, 74M reserved
[45.042s][info][gc,ref      ] GC(59) Soft: 4694 encountered, 0 discovered, 0 enqueued
[45.042s][info][gc,ref      ] GC(59) Weak: 4697 encountered, 3569 discovered, 0 enqueued
[45.042s][info][gc,ref      ] GC(59) Final: 27 encountered, 0 discovered, 0 enqueued
[45.042s][info][gc,ref      ] GC(59) Phantom: 650 encountered, 646 discovered, 0 enqueued
[45.042s][info][gc,heap     ] GC(59)                Mark Start          Mark End        Relocate Start      Relocate End           High               Low         
[45.042s][info][gc,heap     ] GC(59)  Capacity:     1500M (100%)       1500M (100%)       1500M (100%)       1500M (100%)       1500M (100%)       1500M (100%)   
[45.042s][info][gc,heap     ] GC(59)   Reserve:       34M (2%)           34M (2%)           34M (2%)           34M (2%)           34M (2%)           34M (2%)     
[45.042s][info][gc,heap     ] GC(59)      Free:      794M (53%)         478M (32%)         892M (59%)         896M (60%)         896M (60%)         478M (32%)    
[45.042s][info][gc,heap     ] GC(59)      Used:      672M (45%)         988M (66%)         574M (38%)         570M (38%)         988M (66%)         570M (38%)    
[45.042s][info][gc,heap     ] GC(59)      Live:         -               216M (14%)         216M (14%)         216M (14%)            -                  -          
[45.042s][info][gc,heap     ] GC(59) Allocated:         -               316M (21%)         316M (21%)         324M (22%)            -                  -          
[45.042s][info][gc,heap     ] GC(59)   Garbage:         -               455M (30%)          41M (3%)           31M (2%)             -                  -          
[45.042s][info][gc,heap     ] GC(59) Reclaimed:         -                  -               414M (28%)         424M (28%)            -                  -          
[45.042s][info][gc          ] GC(59) Garbage Collection (Allocation Rate) 672M(45%)->570M(38%)
[45.065s][info][gc,start    ] GC(60) Garbage Collection (Allocation Rate)
[45.071s][info][gc,phases   ] GC(60) Pause Mark Start 2.900ms
[45.530s][info][gc,phases   ] GC(60) Concurrent Mark 459.220ms
[45.534s][info][gc,phases   ] GC(60) Pause Mark End 0.513ms
[45.536s][info][gc,phases   ] GC(60) Concurrent Process Non-Strong References 1.523ms
[45.536s][info][gc,phases   ] GC(60) Concurrent Reset Relocation Set 0.003ms
[45.536s][info][gc,phases   ] GC(60) Concurrent Destroy Detached Pages 0.000ms
[45.537s][info][gc,phases   ] GC(60) Concurrent Select Relocation Set 1.532ms
[45.537s][info][gc,phases   ] GC(60) Concurrent Prepare Relocation Set 0.061ms
[45.540s][info][gc,phases   ] GC(60) Pause Relocate Start 2.537ms
[45.550s][info][gc,phases   ] GC(60) Concurrent Relocate 9.677ms
[45.550s][info][gc,load     ] GC(60) Load: 2.23/2.18/1.46
[45.550s][info][gc,mmu      ] GC(60) MMU: 2ms/0.0%, 5ms/1.1%, 10ms/45.4%, 20ms/70.5%, 50ms/84.4%, 100ms/91.1%
[45.550s][info][gc,marking  ] GC(60) Mark: 1 stripe(s), 2 proactive flush(es), 1 terminate flush(es), 0 completion(s), 0 continuation(s) 
[45.550s][info][gc,reloc    ] GC(60) Relocation: Successful, 6M relocated
[45.550s][info][gc,nmethod  ] GC(60) NMethods: 3166 registered, 0 unregistered
[45.550s][info][gc,metaspace] GC(60) Metaspace: 68M used, 71M capacity, 72M committed, 74M reserved
[45.550s][info][gc,ref      ] GC(60) Soft: 4694 encountered, 0 discovered, 0 enqueued
[45.550s][info][gc,ref      ] GC(60) Weak: 4697 encountered, 3569 discovered, 0 enqueued
[45.550s][info][gc,ref      ] GC(60) Final: 27 encountered, 0 discovered, 0 enqueued
[45.550s][info][gc,ref      ] GC(60) Phantom: 650 encountered, 646 discovered, 0 enqueued
[45.550s][info][gc,heap     ] GC(60)                Mark Start          Mark End        Relocate Start      Relocate End           High               Low         
[45.550s][info][gc,heap     ] GC(60)  Capacity:     1500M (100%)       1500M (100%)       1500M (100%)       1500M (100%)       1500M (100%)       1500M (100%)   
[45.550s][info][gc,heap     ] GC(60)   Reserve:       34M (2%)           34M (2%)           34M (2%)           34M (2%)           34M (2%)           34M (2%)     
[45.550s][info][gc,heap     ] GC(60)      Free:      858M (57%)         540M (36%)         892M (59%)         888M (59%)         892M (59%)         540M (36%)    
[45.550s][info][gc,heap     ] GC(60)      Used:      608M (41%)         926M (62%)         574M (38%)         578M (39%)         926M (62%)         574M (38%)    
[45.550s][info][gc,heap     ] GC(60)      Live:         -               216M (14%)         216M (14%)         216M (14%)            -                  -          
[45.550s][info][gc,heap     ] GC(60) Allocated:         -               318M (21%)         318M (21%)         332M (22%)            -                  -          
[45.550s][info][gc,heap     ] GC(60)   Garbage:         -               391M (26%)          39M (3%)           33M (2%)             -                  -          
[45.550s][info][gc,heap     ] GC(60) Reclaimed:         -                  -               352M (23%)         358M (24%)            -                  -          
[45.550s][info][gc          ] GC(60) Garbage Collection (Allocation Rate) 608M(41%)->578M(39%)
[45.566s][info][gc,start    ] GC(61) Garbage Collection (Allocation Rate)
[45.571s][info][gc,phases   ] GC(61) Pause Mark Start 2.906ms
[46.049s][info][gc,phases   ] GC(61) Concurrent Mark 477.724ms
[46.053s][info][gc,phases   ] GC(61) Pause Mark End 0.499ms
[46.054s][info][gc,phases   ] GC(61) Concurrent Process Non-Strong References 1.456ms
[46.054s][info][gc,phases   ] GC(61) Concurrent Reset Relocation Set 0.003ms
[46.054s][info][gc,phases   ] GC(61) Concurrent Destroy Detached Pages 0.000ms
[46.056s][info][gc,phases   ] GC(61) Concurrent Select Relocation Set 1.580ms
[46.056s][info][gc,phases   ] GC(61) Concurrent Prepare Relocation Set 0.067ms
[46.059s][info][gc,phases   ] GC(61) Pause Relocate Start 2.457ms
[46.066s][info][gc,phases   ] GC(61) Concurrent Relocate 6.723ms
[46.066s][info][gc,load     ] GC(61) Load: 2.23/2.18/1.46
[46.066s][info][gc,mmu      ] GC(61) MMU: 2ms/0.0%, 5ms/1.1%, 10ms/45.4%, 20ms/70.5%, 50ms/84.4%, 100ms/91.1%
[46.066s][info][gc,marking  ] GC(61) Mark: 1 stripe(s), 2 proactive flush(es), 1 terminate flush(es), 0 completion(s), 0 continuation(s) 
[46.066s][info][gc,reloc    ] GC(61) Relocation: Successful, 6M relocated
[46.066s][info][gc,nmethod  ] GC(61) NMethods: 3166 registered, 0 unregistered
[46.066s][info][gc,metaspace] GC(61) Metaspace: 68M used, 71M capacity, 72M committed, 74M reserved
[46.066s][info][gc,ref      ] GC(61) Soft: 4694 encountered, 0 discovered, 0 enqueued
[46.066s][info][gc,ref      ] GC(61) Weak: 4697 encountered, 3569 discovered, 0 enqueued
[46.066s][info][gc,ref      ] GC(61) Final: 27 encountered, 0 discovered, 0 enqueued
[46.066s][info][gc,ref      ] GC(61) Phantom: 650 encountered, 646 discovered, 0 enqueued
[46.066s][info][gc,heap     ] GC(61)                Mark Start          Mark End        Relocate Start      Relocate End           High               Low         
[46.066s][info][gc,heap     ] GC(61)  Capacity:     1500M (100%)       1500M (100%)       1500M (100%)       1500M (100%)       1500M (100%)       1500M (100%)   
[46.066s][info][gc,heap     ] GC(61)   Reserve:       34M (2%)           34M (2%)           34M (2%)           34M (2%)           34M (2%)           34M (2%)     
[46.066s][info][gc,heap     ] GC(61)      Free:      864M (58%)         500M (33%)         848M (57%)         848M (57%)         864M (58%)         500M (33%)    
[46.066s][info][gc,heap     ] GC(61)      Used:      602M (40%)         966M (64%)         618M (41%)         618M (41%)         966M (64%)         602M (40%)    
[46.066s][info][gc,heap     ] GC(61)      Live:         -               216M (14%)         216M (14%)         216M (14%)            -                  -          
[46.066s][info][gc,heap     ] GC(61) Allocated:         -               364M (24%)         364M (24%)         372M (25%)            -                  -          
[46.066s][info][gc,heap     ] GC(61)   Garbage:         -               385M (26%)          37M (2%)           31M (2%)             -                  -          
[46.066s][info][gc,heap     ] GC(61) Reclaimed:         -                  -               348M (23%)         354M (24%)            -                  -          
[46.066s][info][gc          ] GC(61) Garbage Collection (Allocation Rate) 602M(40%)->618M(41%)
[46.166s][info][gc,start    ] GC(62) Garbage Collection (Allocation Rate)
[46.171s][info][gc,phases   ] GC(62) Pause Mark Start 2.874ms
[46.652s][info][gc,phases   ] GC(62) Concurrent Mark 480.289ms
[46.653s][info][gc,phases   ] GC(62) Pause Mark End 0.464ms
[46.654s][info][gc,phases   ] GC(62) Concurrent Process Non-Strong References 1.501ms
[46.654s][info][gc,phases   ] GC(62) Concurrent Reset Relocation Set 0.006ms
[46.654s][info][gc,phases   ] GC(62) Concurrent Destroy Detached Pages 0.001ms
[46.656s][info][gc,phases   ] GC(62) Concurrent Select Relocation Set 1.571ms
[46.656s][info][gc,phases   ] GC(62) Concurrent Prepare Relocation Set 0.061ms
[46.659s][info][gc,phases   ] GC(62) Pause Relocate Start 2.525ms
[46.662s][info][gc,phases   ] GC(62) Concurrent Relocate 2.733ms
[46.662s][info][gc,load     ] GC(62) Load: 2.29/2.19/1.46
[46.662s][info][gc,mmu      ] GC(62) MMU: 2ms/0.0%, 5ms/1.1%, 10ms/45.4%, 20ms/70.5%, 50ms/84.4%, 100ms/91.1%
[46.662s][info][gc,marking  ] GC(62) Mark: 1 stripe(s), 2 proactive flush(es), 1 terminate flush(es), 0 completion(s), 0 continuation(s) 
[46.662s][info][gc,reloc    ] GC(62) Relocation: Successful, 6M relocated
[46.662s][info][gc,nmethod  ] GC(62) NMethods: 3205 registered, 0 unregistered
[46.662s][info][gc,metaspace] GC(62) Metaspace: 68M used, 71M capacity, 72M committed, 74M reserved
[46.662s][info][gc,ref      ] GC(62) Soft: 4694 encountered, 0 discovered, 0 enqueued
[46.662s][info][gc,ref      ] GC(62) Weak: 4697 encountered, 3624 discovered, 0 enqueued
[46.662s][info][gc,ref      ] GC(62) Final: 27 encountered, 0 discovered, 0 enqueued
[46.662s][info][gc,ref      ] GC(62) Phantom: 650 encountered, 646 discovered, 0 enqueued
[46.662s][info][gc,heap     ] GC(62)                Mark Start          Mark End        Relocate Start      Relocate End           High               Low         
[46.662s][info][gc,heap     ] GC(62)  Capacity:     1500M (100%)       1500M (100%)       1500M (100%)       1500M (100%)       1500M (100%)       1500M (100%)   
[46.662s][info][gc,heap     ] GC(62)   Reserve:       34M (2%)           34M (2%)           34M (2%)           34M (2%)           34M (2%)           34M (2%)     
[46.662s][info][gc,heap     ] GC(62)      Free:      696M (46%)         564M (38%)        1078M (72%)        1086M (72%)        1086M (72%)         564M (38%)    
[46.662s][info][gc,heap     ] GC(62)      Used:      770M (51%)         902M (60%)         388M (26%)         380M (25%)         902M (60%)         380M (25%)    
[46.662s][info][gc,heap     ] GC(62)      Live:         -               216M (14%)         216M (14%)         216M (14%)            -                  -          
[46.662s][info][gc,heap     ] GC(62) Allocated:         -               132M (9%)          132M (9%)          134M (9%)             -                  -          
[46.662s][info][gc,heap     ] GC(62)   Garbage:         -               553M (37%)          39M (3%)           31M (2%)             -                  -          
[46.662s][info][gc,heap     ] GC(62) Reclaimed:         -                  -               514M (34%)         522M (35%)            -                  -          
[46.662s][info][gc          ] GC(62) Garbage Collection (Allocation Rate) 770M(51%)->380M(25%)
[46.662s][info][gc,start    ] GC(63) Garbage Collection (System.gc())
[46.665s][info][gc,phases   ] GC(63) Pause Mark Start 2.932ms
[46.875s][info][gc,phases   ] GC(63) Concurrent Mark 209.630ms
[46.876s][info][gc,phases   ] GC(63) Pause Mark End 0.463ms
[46.877s][info][gc,phases   ] GC(63) Concurrent Process Non-Strong References 1.467ms
[46.877s][info][gc,phases   ] GC(63) Concurrent Reset Relocation Set 0.003ms
[46.877s][info][gc,phases   ] GC(63) Concurrent Destroy Detached Pages 0.000ms
[46.880s][info][gc,phases   ] GC(63) Concurrent Select Relocation Set 2.885ms
[46.880s][info][gc,phases   ] GC(63) Concurrent Prepare Relocation Set 0.060ms
[46.886s][info][gc,phases   ] GC(63) Pause Relocate Start 2.665ms
[46.890s][info][gc,phases   ] GC(63) Concurrent Relocate 4.089ms
[46.890s][info][gc,load     ] GC(63) Load: 2.29/2.19/1.46
[46.890s][info][gc,mmu      ] GC(63) MMU: 2ms/0.0%, 5ms/1.1%, 10ms/45.4%, 20ms/70.4%, 50ms/84.4%, 100ms/91.1%
[46.890s][info][gc,marking  ] GC(63) Mark: 1 stripe(s), 2 proactive flush(es), 1 terminate flush(es), 0 completion(s), 0 continuation(s) 
[46.890s][info][gc,reloc    ] GC(63) Relocation: Successful, 7M relocated
[46.890s][info][gc,nmethod  ] GC(63) NMethods: 3210 registered, 0 unregistered
[46.890s][info][gc,metaspace] GC(63) Metaspace: 68M used, 71M capacity, 72M committed, 74M reserved
[46.890s][info][gc,ref      ] GC(63) Soft: 4694 encountered, 0 discovered, 0 enqueued
[46.890s][info][gc,ref      ] GC(63) Weak: 4755 encountered, 3684 discovered, 118 enqueued
[46.890s][info][gc,ref      ] GC(63) Final: 27 encountered, 0 discovered, 0 enqueued
[46.890s][info][gc,ref      ] GC(63) Phantom: 650 encountered, 646 discovered, 0 enqueued
[46.890s][info][gc,heap     ] GC(63)                Mark Start          Mark End        Relocate Start      Relocate End           High               Low         
[46.890s][info][gc,heap     ] GC(63)  Capacity:     1500M (100%)       1500M (100%)       1500M (100%)       1500M (100%)       1500M (100%)       1500M (100%)   
[46.890s][info][gc,heap     ] GC(63)   Reserve:       34M (2%)           34M (2%)           34M (2%)           34M (2%)           34M (2%)           34M (2%)     
[46.890s][info][gc,heap     ] GC(63)      Free:     1086M (72%)        1084M (72%)        1208M (81%)        1214M (81%)        1214M (81%)        1084M (72%)    
[46.890s][info][gc,heap     ] GC(63)      Used:      380M (25%)         382M (25%)         258M (17%)         252M (17%)         382M (25%)         252M (17%)    
[46.890s][info][gc,heap     ] GC(63)      Live:         -               216M (14%)         216M (14%)         216M (14%)            -                  -          
[46.890s][info][gc,heap     ] GC(63) Allocated:         -                 2M (0%)            2M (0%)            6M (0%)             -                  -          
[46.890s][info][gc,heap     ] GC(63)   Garbage:         -               163M (11%)          39M (3%)           33M (2%)             -                  -          
[46.890s][info][gc,heap     ] GC(63) Reclaimed:         -                  -               124M (8%)          130M (9%)             -                  -          
[46.890s][info][gc          ] GC(63) Garbage Collection (System.gc()) 380M(25%)->252M(17%)
[47.264s][info][gc,start    ] GC(64) Garbage Collection (Allocation Rate)
[47.271s][info][gc,phases   ] GC(64) Pause Mark Start 3.053ms
[47.729s][info][gc,phases   ] GC(64) Concurrent Mark 457.696ms
[47.732s][info][gc,phases   ] GC(64) Pause Mark End 0.510ms
[47.734s][info][gc,phases   ] GC(64) Concurrent Process Non-Strong References 1.477ms
[47.735s][info][gc,phases   ] GC(64) Concurrent Reset Relocation Set 0.004ms
[47.735s][info][gc,phases   ] GC(64) Concurrent Destroy Detached Pages 0.000ms
[47.737s][info][gc,phases   ] GC(64) Concurrent Select Relocation Set 1.532ms
[47.737s][info][gc,phases   ] GC(64) Concurrent Prepare Relocation Set 0.035ms
[47.741s][info][gc,phases   ] GC(64) Pause Relocate Start 2.804ms
[47.747s][info][gc,phases   ] GC(64) Concurrent Relocate 6.096ms
[47.747s][info][gc,load     ] GC(64) Load: 2.29/2.19/1.46
[47.747s][info][gc,mmu      ] GC(64) MMU: 2ms/0.0%, 5ms/1.1%, 10ms/45.4%, 20ms/70.4%, 50ms/84.4%, 100ms/91.1%
[47.747s][info][gc,marking  ] GC(64) Mark: 1 stripe(s), 2 proactive flush(es), 1 terminate flush(es), 0 completion(s), 0 continuation(s) 
[47.747s][info][gc,reloc    ] GC(64) Relocation: Successful, 8M relocated
[47.747s][info][gc,nmethod  ] GC(64) NMethods: 3268 registered, 0 unregistered
[47.747s][info][gc,metaspace] GC(64) Metaspace: 68M used, 71M capacity, 72M committed, 74M reserved
[47.747s][info][gc,ref      ] GC(64) Soft: 4695 encountered, 0 discovered, 0 enqueued
[47.747s][info][gc,ref      ] GC(64) Weak: 4823 encountered, 3678 discovered, 73 enqueued
[47.747s][info][gc,ref      ] GC(64) Final: 27 encountered, 0 discovered, 0 enqueued
[47.747s][info][gc,ref      ] GC(64) Phantom: 650 encountered, 646 discovered, 0 enqueued
[47.747s][info][gc,heap     ] GC(64)                Mark Start          Mark End        Relocate Start      Relocate End           High               Low         
[47.747s][info][gc,heap     ] GC(64)  Capacity:     1500M (100%)       1500M (100%)       1500M (100%)       1500M (100%)       1500M (100%)       1500M (100%)   
[47.747s][info][gc,heap     ] GC(64)   Reserve:       34M (2%)           34M (2%)           34M (2%)           34M (2%)           34M (2%)           34M (2%)     
[47.747s][info][gc,heap     ] GC(64)      Free:      812M (54%)         488M (33%)         866M (58%)         888M (59%)         888M (59%)         488M (33%)    
[47.747s][info][gc,heap     ] GC(64)      Used:      654M (44%)         978M (65%)         600M (40%)         578M (39%)         978M (65%)         578M (39%)    
[47.747s][info][gc,heap     ] GC(64)      Live:         -               216M (14%)         216M (14%)         216M (14%)            -                  -          
[47.747s][info][gc,heap     ] GC(64) Allocated:         -               324M (22%)         324M (22%)         332M (22%)            -                  -          
[47.747s][info][gc,heap     ] GC(64)   Garbage:         -               437M (29%)          59M (4%)           33M (2%)             -                  -          
[47.747s][info][gc,heap     ] GC(64) Reclaimed:         -                  -               378M (25%)         404M (27%)            -                  -          
[47.747s][info][gc          ] GC(64) Garbage Collection (Allocation Rate) 654M(44%)->578M(39%)
[47.765s][info][gc,start    ] GC(65) Garbage Collection (Allocation Rate)
[47.771s][info][gc,phases   ] GC(65) Pause Mark Start 3.060ms
[48.241s][info][gc,phases   ] GC(65) Concurrent Mark 470.030ms
[48.245s][info][gc,phases   ] GC(65) Pause Mark End 0.571ms
[48.247s][info][gc,phases   ] GC(65) Concurrent Process Non-Strong References 1.704ms
[48.247s][info][gc,phases   ] GC(65) Concurrent Reset Relocation Set 0.005ms
[48.247s][info][gc,phases   ] GC(65) Concurrent Destroy Detached Pages 0.000ms
[48.249s][info][gc,phases   ] GC(65) Concurrent Select Relocation Set 1.688ms
[48.249s][info][gc,phases   ] GC(65) Concurrent Prepare Relocation Set 0.062ms
[48.252s][info][gc,phases   ] GC(65) Pause Relocate Start 2.660ms
[48.260s][info][gc,phases   ] GC(65) Concurrent Relocate 8.360ms
[48.261s][info][gc,load     ] GC(65) Load: 2.29/2.19/1.46
[48.261s][info][gc,mmu      ] GC(65) MMU: 2ms/0.0%, 5ms/1.1%, 10ms/45.4%, 20ms/70.4%, 50ms/84.4%, 100ms/91.1%
[48.261s][info][gc,marking  ] GC(65) Mark: 1 stripe(s), 2 proactive flush(es), 1 terminate flush(es), 0 completion(s), 0 continuation(s) 
[48.261s][info][gc,reloc    ] GC(65) Relocation: Successful, 6M relocated
[48.261s][info][gc,nmethod  ] GC(65) NMethods: 3268 registered, 0 unregistered
[48.261s][info][gc,metaspace] GC(65) Metaspace: 68M used, 71M capacity, 72M committed, 74M reserved
[48.261s][info][gc,ref      ] GC(65) Soft: 4695 encountered, 0 discovered, 0 enqueued
[48.261s][info][gc,ref      ] GC(65) Weak: 4757 encountered, 3625 discovered, 19 enqueued
[48.261s][info][gc,ref      ] GC(65) Final: 27 encountered, 0 discovered, 0 enqueued
[48.261s][info][gc,ref      ] GC(65) Phantom: 650 encountered, 646 discovered, 0 enqueued
[48.261s][info][gc,heap     ] GC(65)                Mark Start          Mark End        Relocate Start      Relocate End           High               Low         
[48.261s][info][gc,heap     ] GC(65)  Capacity:     1500M (100%)       1500M (100%)       1500M (100%)       1500M (100%)       1500M (100%)       1500M (100%)   
[48.261s][info][gc,heap     ] GC(65)   Reserve:       34M (2%)           34M (2%)           34M (2%)           34M (2%)           34M (2%)           34M (2%)     
[48.261s][info][gc,heap     ] GC(65)      Free:      862M (57%)         512M (34%)         850M (57%)         860M (57%)         862M (57%)         512M (34%)    
[48.261s][info][gc,heap     ] GC(65)      Used:      604M (40%)         954M (64%)         616M (41%)         606M (40%)         954M (64%)         604M (40%)    
[48.261s][info][gc,heap     ] GC(65)      Live:         -               216M (14%)         216M (14%)         216M (14%)            -                  -          
[48.261s][info][gc,heap     ] GC(65) Allocated:         -               350M (23%)         350M (23%)         360M (24%)            -                  -          
[48.261s][info][gc,heap     ] GC(65)   Garbage:         -               387M (26%)          49M (3%)           31M (2%)             -                  -          
[48.261s][info][gc,heap     ] GC(65) Reclaimed:         -                  -               338M (23%)         356M (24%)            -                  -          
[48.261s][info][gc          ] GC(65) Garbage Collection (Allocation Rate) 604M(40%)->606M(40%)
[48.265s][info][gc,start    ] GC(66) Garbage Collection (Allocation Rate)
[48.272s][info][gc,phases   ] GC(66) Pause Mark Start 3.063ms
[48.695s][info][gc,phases   ] GC(66) Concurrent Mark 422.831ms
[48.698s][info][gc,phases   ] GC(66) Pause Mark End 0.531ms
[48.700s][info][gc,phases   ] GC(66) Concurrent Process Non-Strong References 1.531ms
[48.700s][info][gc,phases   ] GC(66) Concurrent Reset Relocation Set 0.004ms
[48.700s][info][gc,phases   ] GC(66) Concurrent Destroy Detached Pages 0.000ms
[48.701s][info][gc,phases   ] GC(66) Concurrent Select Relocation Set 1.517ms
[48.702s][info][gc,phases   ] GC(66) Concurrent Prepare Relocation Set 0.062ms
[48.704s][info][gc,phases   ] GC(66) Pause Relocate Start 2.625ms
[48.713s][info][gc,phases   ] GC(66) Concurrent Relocate 8.407ms
[48.713s][info][gc,load     ] GC(66) Load: 2.29/2.19/1.46
[48.713s][info][gc,mmu      ] GC(66) MMU: 2ms/0.0%, 5ms/1.1%, 10ms/45.4%, 20ms/70.4%, 50ms/84.4%, 100ms/91.1%
[48.713s][info][gc,marking  ] GC(66) Mark: 1 stripe(s), 2 proactive flush(es), 1 terminate flush(es), 0 completion(s), 0 continuation(s) 
[48.713s][info][gc,reloc    ] GC(66) Relocation: Successful, 6M relocated
[48.713s][info][gc,nmethod  ] GC(66) NMethods: 3268 registered, 0 unregistered
[48.713s][info][gc,metaspace] GC(66) Metaspace: 68M used, 71M capacity, 72M committed, 74M reserved
[48.713s][info][gc,ref      ] GC(66) Soft: 4695 encountered, 0 discovered, 0 enqueued
[48.713s][info][gc,ref      ] GC(66) Weak: 4738 encountered, 3606 discovered, 0 enqueued
[48.713s][info][gc,ref      ] GC(66) Final: 27 encountered, 0 discovered, 0 enqueued
[48.713s][info][gc,ref      ] GC(66) Phantom: 650 encountered, 646 discovered, 0 enqueued
[48.713s][info][gc,heap     ] GC(66)                Mark Start          Mark End        Relocate Start      Relocate End           High               Low         
[48.713s][info][gc,heap     ] GC(66)  Capacity:     1500M (100%)       1500M (100%)       1500M (100%)       1500M (100%)       1500M (100%)       1500M (100%)   
[48.713s][info][gc,heap     ] GC(66)   Reserve:       34M (2%)           34M (2%)           34M (2%)           34M (2%)           34M (2%)           34M (2%)     
[48.713s][info][gc,heap     ] GC(66)      Free:      852M (57%)         526M (35%)         882M (59%)         882M (59%)         882M (59%)         526M (35%)    
[48.713s][info][gc,heap     ] GC(66)      Used:      614M (41%)         940M (63%)         584M (39%)         584M (39%)         940M (63%)         584M (39%)    
[48.713s][info][gc,heap     ] GC(66)      Live:         -               216M (14%)         216M (14%)         216M (14%)            -                  -          
[48.713s][info][gc,heap     ] GC(66) Allocated:         -               326M (22%)         326M (22%)         338M (23%)            -                  -          
[48.713s][info][gc,heap     ] GC(66)   Garbage:         -               397M (26%)          41M (3%)           33M (2%)             -                  -          
[48.713s][info][gc,heap     ] GC(66) Reclaimed:         -                  -               356M (24%)         364M (24%)            -                  -          
[48.713s][info][gc          ] GC(66) Garbage Collection (Allocation Rate) 614M(41%)->584M(39%)
[48.765s][info][gc,start    ] GC(67) Garbage Collection (Allocation Rate)
[48.771s][info][gc,phases   ] GC(67) Pause Mark Start 3.031ms
[49.207s][info][gc,phases   ] GC(67) Concurrent Mark 435.546ms
[49.210s][info][gc,phases   ] GC(67) Pause Mark End 0.566ms
[49.212s][info][gc,phases   ] GC(67) Concurrent Process Non-Strong References 1.479ms
[49.212s][info][gc,phases   ] GC(67) Concurrent Reset Relocation Set 0.003ms
[49.212s][info][gc,phases   ] GC(67) Concurrent Destroy Detached Pages 0.000ms
[49.214s][info][gc,phases   ] GC(67) Concurrent Select Relocation Set 1.523ms
[49.214s][info][gc,phases   ] GC(67) Concurrent Prepare Relocation Set 0.061ms
[49.217s][info][gc,phases   ] GC(67) Pause Relocate Start 2.606ms
[49.221s][info][gc,phases   ] GC(67) Concurrent Relocate 4.356ms
[49.221s][info][gc,load     ] GC(67) Load: 2.29/2.19/1.46
[49.221s][info][gc,mmu      ] GC(67) MMU: 2ms/0.0%, 5ms/1.1%, 10ms/45.4%, 20ms/70.4%, 50ms/84.4%, 100ms/91.1%
[49.221s][info][gc,marking  ] GC(67) Mark: 1 stripe(s), 2 proactive flush(es), 1 terminate flush(es), 0 completion(s), 0 continuation(s) 
[49.221s][info][gc,reloc    ] GC(67) Relocation: Successful, 6M relocated
[49.221s][info][gc,nmethod  ] GC(67) NMethods: 3286 registered, 0 unregistered
[49.221s][info][gc,metaspace] GC(67) Metaspace: 68M used, 71M capacity, 72M committed, 74M reserved
[49.221s][info][gc,ref      ] GC(67) Soft: 4695 encountered, 0 discovered, 0 enqueued
[49.221s][info][gc,ref      ] GC(67) Weak: 4738 encountered, 3627 discovered, 0 enqueued
[49.221s][info][gc,ref      ] GC(67) Final: 27 encountered, 0 discovered, 0 enqueued
[49.221s][info][gc,ref      ] GC(67) Phantom: 650 encountered, 646 discovered, 0 enqueued
[49.221s][info][gc,heap     ] GC(67)                Mark Start          Mark End        Relocate Start      Relocate End           High               Low         
[49.221s][info][gc,heap     ] GC(67)  Capacity:     1500M (100%)       1500M (100%)       1500M (100%)       1500M (100%)       1500M (100%)       1500M (100%)   
[49.221s][info][gc,heap     ] GC(67)   Reserve:       34M (2%)           34M (2%)           34M (2%)           34M (2%)           34M (2%)           34M (2%)     
[49.221s][info][gc,heap     ] GC(67)      Free:      800M (53%)         462M (31%)         872M (58%)         878M (59%)         878M (59%)         462M (31%)    
[49.221s][info][gc,heap     ] GC(67)      Used:      666M (44%)        1004M (67%)         594M (40%)         588M (39%)        1004M (67%)         588M (39%)    
[49.221s][info][gc,heap     ] GC(67)      Live:         -               216M (14%)         216M (14%)         216M (14%)            -                  -          
[49.221s][info][gc,heap     ] GC(67) Allocated:         -               338M (23%)         338M (23%)         342M (23%)            -                  -          
[49.221s][info][gc,heap     ] GC(67)   Garbage:         -               449M (30%)          39M (3%)           31M (2%)             -                  -          
[49.221s][info][gc,heap     ] GC(67) Reclaimed:         -                  -               410M (27%)         418M (28%)            -                  -          
[49.221s][info][gc          ] GC(67) Garbage Collection (Allocation Rate) 666M(44%)->588M(39%)
[49.265s][info][gc,start    ] GC(68) Garbage Collection (Allocation Rate)
[49.271s][info][gc,phases   ] GC(68) Pause Mark Start 3.040ms
[49.697s][info][gc,phases   ] GC(68) Concurrent Mark 425.663ms
[49.701s][info][gc,phases   ] GC(68) Pause Mark End 0.524ms
[49.702s][info][gc,phases   ] GC(68) Concurrent Process Non-Strong References 1.540ms
[49.703s][info][gc,phases   ] GC(68) Concurrent Reset Relocation Set 0.003ms
[49.703s][info][gc,phases   ] GC(68) Concurrent Destroy Detached Pages 0.000ms
[49.704s][info][gc,phases   ] GC(68) Concurrent Select Relocation Set 1.680ms
[49.704s][info][gc,phases   ] GC(68) Concurrent Prepare Relocation Set 0.063ms
[49.707s][info][gc,phases   ] GC(68) Pause Relocate Start 2.708ms
[49.714s][info][gc,phases   ] GC(68) Concurrent Relocate 6.168ms
[49.714s][info][gc,load     ] GC(68) Load: 2.29/2.19/1.46
[49.714s][info][gc,mmu      ] GC(68) MMU: 2ms/0.0%, 5ms/1.1%, 10ms/45.4%, 20ms/70.4%, 50ms/84.4%, 100ms/91.1%
[49.714s][info][gc,marking  ] GC(68) Mark: 1 stripe(s), 2 proactive flush(es), 1 terminate flush(es), 0 completion(s), 0 continuation(s) 
[49.714s][info][gc,reloc    ] GC(68) Relocation: Successful, 6M relocated
[49.714s][info][gc,nmethod  ] GC(68) NMethods: 3286 registered, 0 unregistered
[49.714s][info][gc,metaspace] GC(68) Metaspace: 68M used, 71M capacity, 72M committed, 74M reserved
[49.714s][info][gc,ref      ] GC(68) Soft: 4695 encountered, 0 discovered, 0 enqueued
[49.714s][info][gc,ref      ] GC(68) Weak: 4738 encountered, 3607 discovered, 2 enqueued
[49.714s][info][gc,ref      ] GC(68) Final: 27 encountered, 0 discovered, 0 enqueued
[49.714s][info][gc,ref      ] GC(68) Phantom: 650 encountered, 646 discovered, 0 enqueued
[49.714s][info][gc,heap     ] GC(68)                Mark Start          Mark End        Relocate Start      Relocate End           High               Low         
[49.714s][info][gc,heap     ] GC(68)  Capacity:     1500M (100%)       1500M (100%)       1500M (100%)       1500M (100%)       1500M (100%)       1500M (100%)   
[49.714s][info][gc,heap     ] GC(68)   Reserve:       34M (2%)           34M (2%)           34M (2%)           34M (2%)           34M (2%)           34M (2%)     
[49.714s][info][gc,heap     ] GC(68)      Free:      808M (54%)         476M (32%)         874M (58%)         880M (59%)         880M (59%)         476M (32%)    
[49.714s][info][gc,heap     ] GC(68)      Used:      658M (44%)         990M (66%)         592M (39%)         586M (39%)         990M (66%)         586M (39%)    
[49.714s][info][gc,heap     ] GC(68)      Live:         -               216M (14%)         216M (14%)         216M (14%)            -                  -          
[49.714s][info][gc,heap     ] GC(68) Allocated:         -               332M (22%)         332M (22%)         340M (23%)            -                  -          
[49.714s][info][gc,heap     ] GC(68)   Garbage:         -               441M (29%)          43M (3%)           33M (2%)             -                  -          
[49.714s][info][gc,heap     ] GC(68) Reclaimed:         -                  -               398M (27%)         408M (27%)            -                  -          
[49.714s][info][gc          ] GC(68) Garbage Collection (Allocation Rate) 658M(44%)->586M(39%)
[49.766s][info][gc,start    ] GC(69) Garbage Collection (Allocation Rate)
[49.772s][info][gc,phases   ] GC(69) Pause Mark Start 3.064ms
[50.066s][info][gc,stats    ] === Garbage Collection Statistics =======================================================================================================================
[50.066s][info][gc,stats    ]                                                              Last 10s              Last 10m              Last 10h                Total
[50.066s][info][gc,stats    ]                                                              Avg / Max             Avg / Max             Avg / Max             Avg / Max
[50.066s][info][gc,stats    ]   Collector: Garbage Collection Cycle                    453.301 / 520.731     470.003 / 1509.133    470.003 / 1509.133    470.003 / 1509.133    ms
[50.066s][info][gc,stats    ]  Contention: Mark Segment Reset Contention                     0 / 0                 0 / 0                 0 / 0                 0 / 0           ops/s
[50.066s][info][gc,stats    ]  Contention: Mark SeqNum Reset Contention                      0 / 0                 0 / 0                 0 / 0                 0 / 0           ops/s
[50.066s][info][gc,stats    ]  Contention: Relocation Contention                             0 / 0                 0 / 1                 0 / 1                 0 / 1           ops/s
[50.066s][info][gc,stats    ]    Critical: Allocation Stall                              0.000 / 0.000         0.000 / 0.000         0.000 / 0.000         0.000 / 0.000       ms
[50.066s][info][gc,stats    ]    Critical: Allocation Stall                                  0 / 0                 0 / 0                 0 / 0                 0 / 0           ops/s
[50.066s][info][gc,stats    ]    Critical: GC Locker Stall                               0.000 / 0.000         0.000 / 0.000         0.000 / 0.000         0.000 / 0.000       ms
[50.066s][info][gc,stats    ]    Critical: GC Locker Stall                                   0 / 0                 0 / 0                 0 / 0                 0 / 0           ops/s
[50.066s][info][gc,stats    ]      Memory: Allocation Rate                                 722 / 862             549 / 1086            549 / 1086            549 / 1086        MB/s
[50.066s][info][gc,stats    ]      Memory: Heap Used After Mark                            912 / 1048            858 / 1446            858 / 1446            858 / 1446        MB
[50.066s][info][gc,stats    ]      Memory: Heap Used After Relocation                      535 / 618             499 / 884             499 / 884             499 / 884         MB
[50.066s][info][gc,stats    ]      Memory: Heap Used Before Mark                           628 / 770             616 / 1118            616 / 1118            616 / 1118        MB
[50.066s][info][gc,stats    ]      Memory: Heap Used Before Relocation                     543 / 622             530 / 1240            530 / 1240            530 / 1240        MB
[50.066s][info][gc,stats    ]      Memory: Out Of Memory                                     0 / 0                 0 / 0                 0 / 0                 0 / 0           ops/s
[50.066s][info][gc,stats    ]      Memory: Page Cache Flush                                  0 / 0                 2 / 104               2 / 104               2 / 104         MB/s
[50.066s][info][gc,stats    ]      Memory: Page Cache Hit L1                               359 / 432             259 / 497             259 / 497             259 / 497         ops/s
[50.066s][info][gc,stats    ]      Memory: Page Cache Hit L2                                 0 / 0                 0 / 0                 0 / 0                 0 / 0           ops/s
[50.066s][info][gc,stats    ]      Memory: Page Cache Miss                                   0 / 0                14 / 162              14 / 162              14 / 162         ops/s
[50.066s][info][gc,stats    ]      Memory: Undo Object Allocation Failed                     0 / 0                 0 / 0                 0 / 0                 0 / 0           ops/s
[50.066s][info][gc,stats    ]      Memory: Undo Object Allocation Succeeded                  0 / 0                 0 / 1                 0 / 1                 0 / 1           ops/s
[50.066s][info][gc,stats    ]      Memory: Undo Page Allocation                              0 / 0                 0 / 1                 0 / 1                 0 / 1           ops/s
[50.066s][info][gc,stats    ]       Phase: Concurrent Destroy Detached Pages             0.000 / 0.001         0.001 / 0.022         0.001 / 0.022         0.001 / 0.022       ms
[50.066s][info][gc,stats    ]       Phase: Concurrent Mark                             430.778 / 488.436     415.910 / 1109.321    415.910 / 1109.321    415.910 / 1109.321    ms
[50.066s][info][gc,stats    ]       Phase: Concurrent Mark Continue                      0.000 / 0.000         0.000 / 0.000         0.000 / 0.000         0.000 / 0.000       ms
[50.066s][info][gc,stats    ]       Phase: Concurrent Prepare Relocation Set             0.060 / 0.089         2.157 / 54.678        2.157 / 54.678        2.157 / 54.678      ms
[50.066s][info][gc,stats    ]       Phase: Concurrent Process Non-Strong References      1.659 / 3.596         1.588 / 3.596         1.588 / 3.596         1.588 / 3.596       ms
[50.066s][info][gc,stats    ]       Phase: Concurrent Relocate                           6.154 / 9.677        35.977 / 403.762      35.977 / 403.762      35.977 / 403.762     ms
[50.066s][info][gc,stats    ]       Phase: Concurrent Reset Relocation Set               0.004 / 0.008         0.062 / 1.090         0.062 / 1.090         0.062 / 1.090       ms
[50.066s][info][gc,stats    ]       Phase: Concurrent Select Relocation Set              2.040 / 9.256         2.709 / 29.150        2.709 / 29.150        2.709 / 29.150      ms
[50.066s][info][gc,stats    ]       Phase: Pause Mark End                                0.528 / 1.239         0.388 / 1.239         0.388 / 1.239         0.388 / 1.239       ms
[50.066s][info][gc,stats    ]       Phase: Pause Mark Start                              3.064 / 4.944         2.579 / 4.944         2.579 / 4.944         2.579 / 4.944       ms
[50.066s][info][gc,stats    ]       Phase: Pause Relocate Start                          2.559 / 2.804         2.430 / 4.673         2.430 / 4.673         2.430 / 4.673       ms
[50.066s][info][gc,stats    ]    Subphase: Concurrent Mark                             430.438 / 488.396     415.423 / 1109.293    415.423 / 1109.293    415.423 / 1109.293    ms
[50.066s][info][gc,stats    ]    Subphase: Concurrent Mark Idle                          0.000 / 0.000         0.000 / 0.000         0.000 / 0.000         0.000 / 0.000       ms
[50.066s][info][gc,stats    ]    Subphase: Concurrent Mark Try Flush                     1.059 / 5.938         1.120 / 7.930         1.120 / 7.930         1.120 / 7.930       ms
[50.066s][info][gc,stats    ]    Subphase: Concurrent Mark Try Terminate                 0.390 / 1.022         0.466 / 4.843         0.466 / 4.843         0.466 / 4.843       ms
[50.066s][info][gc,stats    ]    Subphase: Concurrent References Enqueue                 0.002 / 0.005         0.002 / 0.008         0.002 / 0.008         0.002 / 0.008       ms
[50.066s][info][gc,stats    ]    Subphase: Concurrent References Process                 0.743 / 1.339         0.700 / 1.339         0.700 / 1.339         0.700 / 1.339       ms
[50.066s][info][gc,stats    ]    Subphase: Concurrent Weak Roots                         0.903 / 2.218         0.873 / 2.218         0.873 / 2.218         0.873 / 2.218       ms
[50.066s][info][gc,stats    ]    Subphase: Concurrent Weak Roots JNIWeakHandles          0.000 / 0.001         0.000 / 0.001         0.000 / 0.001         0.000 / 0.001       ms
[50.066s][info][gc,stats    ]    Subphase: Concurrent Weak Roots StringTable             0.646 / 1.571         0.631 / 1.571         0.631 / 1.571         0.631 / 1.571       ms
[50.066s][info][gc,stats    ]    Subphase: Concurrent Weak Roots VMWeakHandles           0.255 / 0.642         0.241 / 0.642         0.241 / 0.642         0.241 / 0.642       ms
[50.066s][info][gc,stats    ]    Subphase: Pause Mark Try Complete                       0.000 / 0.000         0.001 / 0.001         0.001 / 0.001         0.001 / 0.001       ms
[50.066s][info][gc,stats    ]    Subphase: Pause Remap TLABS                             0.002 / 0.004         0.001 / 0.004         0.001 / 0.004         0.001 / 0.004       ms
[50.066s][info][gc,stats    ]    Subphase: Pause Retire TLABS                            0.035 / 0.048         0.024 / 0.048         0.024 / 0.048         0.024 / 0.048       ms
[50.066s][info][gc,stats    ]    Subphase: Pause Roots                                   1.815 / 4.435         1.585 / 4.435         1.585 / 4.435         1.585 / 4.435       ms
[50.066s][info][gc,stats    ]    Subphase: Pause Roots ClassLoaderDataGraph              0.660 / 1.335         0.678 / 1.467         0.678 / 1.467         0.678 / 1.467       ms
[50.066s][info][gc,stats    ]    Subphase: Pause Roots CodeCache                         1.209 / 1.896         1.032 / 2.289         1.032 / 2.289         1.032 / 2.289       ms
[50.066s][info][gc,stats    ]    Subphase: Pause Roots JNIHandles                        0.001 / 0.002         0.001 / 0.020         0.001 / 0.020         0.001 / 0.020       ms
[50.066s][info][gc,stats    ]    Subphase: Pause Roots JNIWeakHandles                    0.000 / 0.000         0.000 / 0.000         0.000 / 0.000         0.000 / 0.000       ms
[50.066s][info][gc,stats    ]    Subphase: Pause Roots JRFWeak                           0.000 / 0.000         0.000 / 0.000         0.000 / 0.000         0.000 / 0.000       ms
[50.066s][info][gc,stats    ]    Subphase: Pause Roots JVMTIExport                       0.001 / 0.001         0.001 / 0.001         0.001 / 0.001         0.001 / 0.001       ms
[50.066s][info][gc,stats    ]    Subphase: Pause Roots JVMTIWeakExport                   0.001 / 0.001         0.001 / 0.002         0.001 / 0.002         0.001 / 0.002       ms
[50.066s][info][gc,stats    ]    Subphase: Pause Roots Management                        0.001 / 0.002         0.003 / 0.310         0.003 / 0.310         0.003 / 0.310       ms
[50.066s][info][gc,stats    ]    Subphase: Pause Roots ObjectSynchronizer                0.000 / 0.001         0.000 / 0.001         0.000 / 0.001         0.000 / 0.001       ms
[50.066s][info][gc,stats    ]    Subphase: Pause Roots Setup                             0.188 / 0.397         0.177 / 0.404         0.177 / 0.404         0.177 / 0.404       ms
[50.066s][info][gc,stats    ]    Subphase: Pause Roots StringTable                       0.000 / 0.000         0.000 / 0.000         0.000 / 0.000         0.000 / 0.000       ms
[50.066s][info][gc,stats    ]    Subphase: Pause Roots SystemDictionary                  0.013 / 0.018         0.019 / 0.411         0.019 / 0.411         0.019 / 0.411       ms
[50.066s][info][gc,stats    ]    Subphase: Pause Roots Teardown                          0.001 / 0.003         0.001 / 0.003         0.001 / 0.003         0.001 / 0.003       ms
[50.066s][info][gc,stats    ]    Subphase: Pause Roots Threads                           0.554 / 1.172         0.422 / 2.123         0.422 / 2.123         0.422 / 2.123       ms
[50.066s][info][gc,stats    ]    Subphase: Pause Roots Universe                          0.003 / 0.016         0.003 / 0.080         0.003 / 0.080         0.003 / 0.080       ms
[50.066s][info][gc,stats    ]    Subphase: Pause Roots VMWeakHandles                     0.000 / 0.000         0.000 / 0.000         0.000 / 0.000         0.000 / 0.000       ms
[50.066s][info][gc,stats    ]    Subphase: Pause Weak Roots                              0.004 / 0.040         0.003 / 0.040         0.003 / 0.040         0.003 / 0.040       ms
[50.066s][info][gc,stats    ]    Subphase: Pause Weak Roots JFRWeak                      0.003 / 0.038         0.001 / 0.038         0.001 / 0.038         0.001 / 0.038       ms
[50.066s][info][gc,stats    ]    Subphase: Pause Weak Roots JNIWeakHandles               0.000 / 0.000         0.000 / 0.000         0.000 / 0.000         0.000 / 0.000       ms
[50.066s][info][gc,stats    ]    Subphase: Pause Weak Roots JVMTIWeakExport              0.001 / 0.001         0.001 / 0.013         0.001 / 0.013         0.001 / 0.013       ms
[50.066s][info][gc,stats    ]    Subphase: Pause Weak Roots Setup                        0.000 / 0.000         0.000 / 0.000         0.000 / 0.000         0.000 / 0.000       ms
[50.066s][info][gc,stats    ]    Subphase: Pause Weak Roots StringTable                  0.000 / 0.000         0.000 / 0.000         0.000 / 0.000         0.000 / 0.000       ms
[50.066s][info][gc,stats    ]    Subphase: Pause Weak Roots SymbolTable                  0.000 / 0.000         0.000 / 0.000         0.000 / 0.000         0.000 / 0.000       ms
[50.066s][info][gc,stats    ]    Subphase: Pause Weak Roots Teardown                     0.001 / 0.001         0.001 / 0.001         0.001 / 0.001         0.001 / 0.001       ms
[50.066s][info][gc,stats    ]    Subphase: Pause Weak Roots VMWeakHandles                0.000 / 0.000         0.000 / 0.000         0.000 / 0.000         0.000 / 0.000       ms
[50.066s][info][gc,stats    ]      System: Java Threads                                    194 / 217             122 / 217             122 / 217             122 / 217         threads
[50.066s][info][gc,stats    ] =========================================================================================================================================================
[50.226s][info][gc,phases   ] GC(69) Concurrent Mark 453.747ms
[50.227s][info][gc,phases   ] GC(69) Pause Mark End 0.512ms
[50.229s][info][gc,phases   ] GC(69) Concurrent Process Non-Strong References 1.849ms
[50.229s][info][gc,phases   ] GC(69) Concurrent Reset Relocation Set 0.003ms
[50.229s][info][gc,phases   ] GC(69) Concurrent Destroy Detached Pages 0.001ms
[50.230s][info][gc,phases   ] GC(69) Concurrent Select Relocation Set 1.538ms
[50.230s][info][gc,phases   ] GC(69) Concurrent Prepare Relocation Set 0.062ms
[50.233s][info][gc,phases   ] GC(69) Pause Relocate Start 2.683ms
[50.236s][info][gc,phases   ] GC(69) Concurrent Relocate 2.825ms
[50.236s][info][gc,load     ] GC(69) Load: 2.29/2.19/1.46
[50.236s][info][gc,mmu      ] GC(69) MMU: 2ms/0.0%, 5ms/1.1%, 10ms/45.4%, 20ms/70.4%, 50ms/84.4%, 100ms/91.1%
[50.236s][info][gc,marking  ] GC(69) Mark: 1 stripe(s), 2 proactive flush(es), 1 terminate flush(es), 0 completion(s), 0 continuation(s) 
[50.236s][info][gc,reloc    ] GC(69) Relocation: Successful, 6M relocated
[50.236s][info][gc,nmethod  ] GC(69) NMethods: 3326 registered, 0 unregistered
[50.236s][info][gc,metaspace] GC(69) Metaspace: 68M used, 71M capacity, 72M committed, 74M reserved
[50.236s][info][gc,ref      ] GC(69) Soft: 4695 encountered, 0 discovered, 0 enqueued
[50.236s][info][gc,ref      ] GC(69) Weak: 4736 encountered, 3604 discovered, 0 enqueued
[50.236s][info][gc,ref      ] GC(69) Final: 27 encountered, 0 discovered, 0 enqueued
[50.236s][info][gc,ref      ] GC(69) Phantom: 650 encountered, 646 discovered, 0 enqueued
[50.236s][info][gc,heap     ] GC(69)                Mark Start          Mark End        Relocate Start      Relocate End           High               Low         
[50.236s][info][gc,heap     ] GC(69)  Capacity:     1500M (100%)       1500M (100%)       1500M (100%)       1500M (100%)       1500M (100%)       1500M (100%)   
[50.236s][info][gc,heap     ] GC(69)   Reserve:       34M (2%)           34M (2%)           34M (2%)           34M (2%)           34M (2%)           34M (2%)     
[50.236s][info][gc,heap     ] GC(69)      Free:      798M (53%)         522M (35%)         932M (62%)         942M (63%)         942M (63%)         522M (35%)    
[50.236s][info][gc,heap     ] GC(69)      Used:      668M (45%)         944M (63%)         534M (36%)         524M (35%)         944M (63%)         524M (35%)    
[50.236s][info][gc,heap     ] GC(69)      Live:         -               216M (14%)         216M (14%)         216M (14%)            -                  -          
[50.236s][info][gc,heap     ] GC(69) Allocated:         -               276M (18%)         276M (18%)         278M (19%)            -                  -          
[50.236s][info][gc,heap     ] GC(69)   Garbage:         -               451M (30%)          41M (3%)           31M (2%)             -                  -          
[50.236s][info][gc,heap     ] GC(69) Reclaimed:         -                  -               410M (27%)         420M (28%)            -                  -          
[50.236s][info][gc          ] GC(69) Garbage Collection (Allocation Rate) 668M(45%)->524M(35%)
[50.236s][info][gc,start    ] GC(70) Garbage Collection (System.gc())
[50.240s][info][gc,phases   ] GC(70) Pause Mark Start 3.082ms
[50.510s][info][gc,phases   ] GC(70) Concurrent Mark 270.134ms
[50.511s][info][gc,phases   ] GC(70) Pause Mark End 0.507ms
[50.512s][info][gc,phases   ] GC(70) Concurrent Process Non-Strong References 1.539ms
[50.512s][info][gc,phases   ] GC(70) Concurrent Reset Relocation Set 0.003ms
[50.512s][info][gc,phases   ] GC(70) Concurrent Destroy Detached Pages 0.000ms
[50.514s][info][gc,phases   ] GC(70) Concurrent Select Relocation Set 1.531ms
[50.514s][info][gc,phases   ] GC(70) Concurrent Prepare Relocation Set 0.065ms
[50.517s][info][gc,phases   ] GC(70) Pause Relocate Start 2.620ms
[50.522s][info][gc,phases   ] GC(70) Concurrent Relocate 4.830ms
[50.522s][info][gc,load     ] GC(70) Load: 2.29/2.19/1.46
[50.522s][info][gc,mmu      ] GC(70) MMU: 2ms/0.0%, 5ms/1.1%, 10ms/42.3%, 20ms/68.6%, 50ms/84.4%, 100ms/91.1%
[50.522s][info][gc,marking  ] GC(70) Mark: 1 stripe(s), 2 proactive flush(es), 1 terminate flush(es), 0 completion(s), 0 continuation(s) 
[50.522s][info][gc,reloc    ] GC(70) Relocation: Successful, 7M relocated
[50.522s][info][gc,nmethod  ] GC(70) NMethods: 3332 registered, 0 unregistered
[50.522s][info][gc,metaspace] GC(70) Metaspace: 68M used, 71M capacity, 72M committed, 74M reserved
[50.522s][info][gc,ref      ] GC(70) Soft: 4694 encountered, 0 discovered, 0 enqueued
[50.522s][info][gc,ref      ] GC(70) Weak: 4807 encountered, 3748 discovered, 118 enqueued
[50.522s][info][gc,ref      ] GC(70) Final: 27 encountered, 0 discovered, 0 enqueued
[50.522s][info][gc,ref      ] GC(70) Phantom: 650 encountered, 646 discovered, 0 enqueued
[50.522s][info][gc,heap     ] GC(70)                Mark Start          Mark End        Relocate Start      Relocate End           High               Low         
[50.522s][info][gc,heap     ] GC(70)  Capacity:     1500M (100%)       1500M (100%)       1500M (100%)       1500M (100%)       1500M (100%)       1500M (100%)   
[50.522s][info][gc,heap     ] GC(70)   Reserve:       34M (2%)           34M (2%)           34M (2%)           34M (2%)           34M (2%)           34M (2%)     
[50.522s][info][gc,heap     ] GC(70)      Free:      942M (63%)         940M (63%)        1210M (81%)        1214M (81%)        1214M (81%)         940M (63%)    
[50.522s][info][gc,heap     ] GC(70)      Used:      524M (35%)         526M (35%)         256M (17%)         252M (17%)         526M (35%)         252M (17%)    
[50.522s][info][gc,heap     ] GC(70)      Live:         -               216M (14%)         216M (14%)         216M (14%)            -                  -          
[50.522s][info][gc,heap     ] GC(70) Allocated:         -                 2M (0%)            2M (0%)            6M (0%)             -                  -          
[50.522s][info][gc,heap     ] GC(70)   Garbage:         -               307M (20%)          37M (2%)           33M (2%)             -                  -          
[50.522s][info][gc,heap     ] GC(70) Reclaimed:         -                  -               270M (18%)         274M (18%)            -                  -          
[50.522s][info][gc          ] GC(70) Garbage Collection (System.gc()) 524M(35%)->252M(17%)
[50.865s][info][gc,start    ] GC(71) Garbage Collection (Allocation Rate)
[50.871s][info][gc,phases   ] GC(71) Pause Mark Start 3.073ms
[51.299s][info][gc,phases   ] GC(71) Concurrent Mark 427.238ms
[51.303s][info][gc,phases   ] GC(71) Pause Mark End 0.554ms
[51.304s][info][gc,phases   ] GC(71) Concurrent Process Non-Strong References 1.507ms
[51.304s][info][gc,phases   ] GC(71) Concurrent Reset Relocation Set 0.002ms
[51.304s][info][gc,phases   ] GC(71) Concurrent Destroy Detached Pages 0.000ms
[51.306s][info][gc,phases   ] GC(71) Concurrent Select Relocation Set 1.523ms
[51.306s][info][gc,phases   ] GC(71) Concurrent Prepare Relocation Set 0.068ms
[51.309s][info][gc,phases   ] GC(71) Pause Relocate Start 2.752ms
[51.318s][info][gc,phases   ] GC(71) Concurrent Relocate 5.893ms
[51.318s][info][gc,load     ] GC(71) Load: 2.29/2.19/1.46
[51.318s][info][gc,mmu      ] GC(71) MMU: 2ms/0.0%, 5ms/1.1%, 10ms/42.3%, 20ms/68.6%, 50ms/84.4%, 100ms/91.1%
[51.318s][info][gc,marking  ] GC(71) Mark: 1 stripe(s), 2 proactive flush(es), 1 terminate flush(es), 0 completion(s), 0 continuation(s) 
[51.318s][info][gc,reloc    ] GC(71) Relocation: Successful, 8M relocated
[51.318s][info][gc,nmethod  ] GC(71) NMethods: 3395 registered, 0 unregistered
[51.318s][info][gc,metaspace] GC(71) Metaspace: 68M used, 71M capacity, 72M committed, 74M reserved
[51.318s][info][gc,ref      ] GC(71) Soft: 4696 encountered, 0 discovered, 0 enqueued
[51.318s][info][gc,ref      ] GC(71) Weak: 4834 encountered, 3698 discovered, 74 enqueued
[51.318s][info][gc,ref      ] GC(71) Final: 27 encountered, 0 discovered, 0 enqueued
[51.318s][info][gc,ref      ] GC(71) Phantom: 650 encountered, 646 discovered, 0 enqueued
[51.318s][info][gc,heap     ] GC(71)                Mark Start          Mark End        Relocate Start      Relocate End           High               Low         
[51.318s][info][gc,heap     ] GC(71)  Capacity:     1500M (100%)       1500M (100%)       1500M (100%)       1500M (100%)       1500M (100%)       1500M (100%)   
[51.318s][info][gc,heap     ] GC(71)   Reserve:       34M (2%)           34M (2%)           34M (2%)           34M (2%)           34M (2%)           34M (2%)     
[51.318s][info][gc,heap     ] GC(71)      Free:      844M (56%)         512M (34%)         858M (57%)         880M (59%)         880M (59%)         512M (34%)    
[51.318s][info][gc,heap     ] GC(71)      Used:      622M (41%)         954M (64%)         608M (41%)         586M (39%)         954M (64%)         586M (39%)    
[51.318s][info][gc,heap     ] GC(71)      Live:         -               216M (14%)         216M (14%)         216M (14%)            -                  -          
[51.318s][info][gc,heap     ] GC(71) Allocated:         -               332M (22%)         332M (22%)         340M (23%)            -                  -          
[51.318s][info][gc,heap     ] GC(71)   Garbage:         -               405M (27%)          59M (4%)           33M (2%)             -                  -          
[51.318s][info][gc,heap     ] GC(71) Reclaimed:         -                  -               346M (23%)         372M (25%)            -                  -          
[51.318s][info][gc          ] GC(71) Garbage Collection (Allocation Rate) 622M(41%)->586M(39%)
[51.365s][info][gc,start    ] GC(72) Garbage Collection (Allocation Rate)
[51.372s][info][gc,phases   ] GC(72) Pause Mark Start 3.096ms
[51.797s][info][gc,phases   ] GC(72) Concurrent Mark 425.399ms
[51.801s][info][gc,phases   ] GC(72) Pause Mark End 0.597ms
[51.803s][info][gc,phases   ] GC(72) Concurrent Process Non-Strong References 1.616ms
[51.803s][info][gc,phases   ] GC(72) Concurrent Reset Relocation Set 0.005ms
[51.803s][info][gc,phases   ] GC(72) Concurrent Destroy Detached Pages 0.000ms
[51.804s][info][gc,phases   ] GC(72) Concurrent Select Relocation Set 1.592ms
[51.804s][info][gc,phases   ] GC(72) Concurrent Prepare Relocation Set 0.032ms
[51.808s][info][gc,phases   ] GC(72) Pause Relocate Start 2.794ms
[51.820s][info][gc,phases   ] GC(72) Concurrent Relocate 11.929ms
[51.820s][info][gc,load     ] GC(72) Load: 2.26/2.19/1.47
[51.820s][info][gc,mmu      ] GC(72) MMU: 2ms/0.0%, 5ms/1.1%, 10ms/42.3%, 20ms/68.6%, 50ms/84.4%, 100ms/91.1%
[51.820s][info][gc,marking  ] GC(72) Mark: 1 stripe(s), 2 proactive flush(es), 1 terminate flush(es), 0 completion(s), 0 continuation(s) 
[51.820s][info][gc,reloc    ] GC(72) Relocation: Successful, 6M relocated
[51.820s][info][gc,nmethod  ] GC(72) NMethods: 3396 registered, 0 unregistered
[51.820s][info][gc,metaspace] GC(72) Metaspace: 68M used, 71M capacity, 72M committed, 74M reserved
[51.820s][info][gc,ref      ] GC(72) Soft: 4696 encountered, 0 discovered, 0 enqueued
[51.820s][info][gc,ref      ] GC(72) Weak: 4763 encountered, 3636 discovered, 14 enqueued
[51.820s][info][gc,ref      ] GC(72) Final: 27 encountered, 0 discovered, 0 enqueued
[51.820s][info][gc,ref      ] GC(72) Phantom: 650 encountered, 646 discovered, 0 enqueued
[51.820s][info][gc,heap     ] GC(72)                Mark Start          Mark End        Relocate Start      Relocate End           High               Low         
[51.820s][info][gc,heap     ] GC(72)  Capacity:     1500M (100%)       1500M (100%)       1500M (100%)       1500M (100%)       1500M (100%)       1500M (100%)   
[51.820s][info][gc,heap     ] GC(72)   Reserve:       34M (2%)           34M (2%)           34M (2%)           34M (2%)           34M (2%)           34M (2%)     
[51.820s][info][gc,heap     ] GC(72)      Free:      810M (54%)         474M (32%)         866M (58%)         868M (58%)         876M (58%)         474M (32%)    
[51.820s][info][gc,heap     ] GC(72)      Used:      656M (44%)         992M (66%)         600M (40%)         598M (40%)         992M (66%)         590M (39%)    
[51.820s][info][gc,heap     ] GC(72)      Live:         -               216M (14%)         216M (14%)         216M (14%)            -                  -          
[51.820s][info][gc,heap     ] GC(72) Allocated:         -               336M (22%)         336M (22%)         352M (23%)            -                  -          
[51.820s][info][gc,heap     ] GC(72)   Garbage:         -               439M (29%)          47M (3%)           31M (2%)             -                  -          
[51.820s][info][gc,heap     ] GC(72) Reclaimed:         -                  -               392M (26%)         408M (27%)            -                  -          
[51.820s][info][gc          ] GC(72) Garbage Collection (Allocation Rate) 656M(44%)->598M(40%)
[51.865s][info][gc,start    ] GC(73) Garbage Collection (Allocation Rate)
[51.872s][info][gc,phases   ] GC(73) Pause Mark Start 3.089ms
[52.346s][info][gc,phases   ] GC(73) Concurrent Mark 474.395ms
[52.350s][info][gc,phases   ] GC(73) Pause Mark End 0.628ms
[52.352s][info][gc,phases   ] GC(73) Concurrent Process Non-Strong References 1.599ms
[52.352s][info][gc,phases   ] GC(73) Concurrent Reset Relocation Set 0.003ms
[52.352s][info][gc,phases   ] GC(73) Concurrent Destroy Detached Pages 0.000ms
[52.354s][info][gc,phases   ] GC(73) Concurrent Select Relocation Set 1.535ms
[52.354s][info][gc,phases   ] GC(73) Concurrent Prepare Relocation Set 0.025ms
[52.357s][info][gc,phases   ] GC(73) Pause Relocate Start 2.755ms
[52.361s][info][gc,phases   ] GC(73) Concurrent Relocate 3.711ms
[52.361s][info][gc,load     ] GC(73) Load: 2.26/2.19/1.47
[52.361s][info][gc,mmu      ] GC(73) MMU: 2ms/0.0%, 5ms/1.1%, 10ms/42.3%, 20ms/68.6%, 50ms/84.4%, 100ms/91.1%
[52.361s][info][gc,marking  ] GC(73) Mark: 1 stripe(s), 2 proactive flush(es), 1 terminate flush(es), 0 completion(s), 0 continuation(s) 
[52.361s][info][gc,reloc    ] GC(73) Relocation: Successful, 6M relocated
[52.361s][info][gc,nmethod  ] GC(73) NMethods: 3396 registered, 0 unregistered
[52.361s][info][gc,metaspace] GC(73) Metaspace: 68M used, 71M capacity, 72M committed, 74M reserved
[52.361s][info][gc,ref      ] GC(73) Soft: 4696 encountered, 0 discovered, 0 enqueued
[52.361s][info][gc,ref      ] GC(73) Weak: 4749 encountered, 3622 discovered, 0 enqueued
[52.361s][info][gc,ref      ] GC(73) Final: 27 encountered, 0 discovered, 0 enqueued
[52.361s][info][gc,ref      ] GC(73) Phantom: 650 encountered, 646 discovered, 0 enqueued
[52.361s][info][gc,heap     ] GC(73)                Mark Start          Mark End        Relocate Start      Relocate End           High               Low         
[52.361s][info][gc,heap     ] GC(73)  Capacity:     1500M (100%)       1500M (100%)       1500M (100%)       1500M (100%)       1500M (100%)       1500M (100%)   
[52.361s][info][gc,heap     ] GC(73)   Reserve:       34M (2%)           34M (2%)           34M (2%)           34M (2%)           34M (2%)           34M (2%)     
[52.361s][info][gc,heap     ] GC(73)      Free:      816M (54%)         486M (32%)         880M (59%)         886M (59%)         886M (59%)         486M (32%)    
[52.361s][info][gc,heap     ] GC(73)      Used:      650M (43%)         980M (65%)         586M (39%)         580M (39%)         980M (65%)         580M (39%)    
[52.361s][info][gc,heap     ] GC(73)      Live:         -               216M (14%)         216M (14%)         216M (14%)            -                  -          
[52.361s][info][gc,heap     ] GC(73) Allocated:         -               330M (22%)         330M (22%)         334M (22%)            -                  -          
[52.361s][info][gc,heap     ] GC(73)   Garbage:         -               433M (29%)          39M (3%)           31M (2%)             -                  -          
[52.361s][info][gc,heap     ] GC(73) Reclaimed:         -                  -               394M (26%)         402M (27%)            -                  -          
[52.361s][info][gc          ] GC(73) Garbage Collection (Allocation Rate) 650M(43%)->580M(39%)
[52.365s][info][gc,start    ] GC(74) Garbage Collection (Allocation Rate)
[52.371s][info][gc,phases   ] GC(74) Pause Mark Start 3.162ms
[52.877s][info][gc,phases   ] GC(74) Concurrent Mark 505.536ms
[52.881s][info][gc,phases   ] GC(74) Pause Mark End 0.539ms
[52.882s][info][gc,phases   ] GC(74) Concurrent Process Non-Strong References 1.584ms
[52.882s][info][gc,phases   ] GC(74) Concurrent Reset Relocation Set 0.003ms
[52.882s][info][gc,phases   ] GC(74) Concurrent Destroy Detached Pages 0.000ms
[52.884s][info][gc,phases   ] GC(74) Concurrent Select Relocation Set 1.612ms
[52.884s][info][gc,phases   ] GC(74) Concurrent Prepare Relocation Set 0.024ms
[52.887s][info][gc,phases   ] GC(74) Pause Relocate Start 2.833ms
[52.892s][info][gc,phases   ] GC(74) Concurrent Relocate 5.063ms
[52.892s][info][gc,load     ] GC(74) Load: 2.26/2.19/1.47
[52.892s][info][gc,mmu      ] GC(74) MMU: 2ms/0.0%, 5ms/1.1%, 10ms/42.3%, 20ms/68.6%, 50ms/84.4%, 100ms/91.1%
[52.892s][info][gc,marking  ] GC(74) Mark: 1 stripe(s), 2 proactive flush(es), 1 terminate flush(es), 0 completion(s), 0 continuation(s) 
[52.892s][info][gc,reloc    ] GC(74) Relocation: Successful, 6M relocated
[52.892s][info][gc,nmethod  ] GC(74) NMethods: 3396 registered, 0 unregistered
[52.892s][info][gc,metaspace] GC(74) Metaspace: 68M used, 71M capacity, 72M committed, 74M reserved
[52.892s][info][gc,ref      ] GC(74) Soft: 4696 encountered, 0 discovered, 0 enqueued
[52.892s][info][gc,ref      ] GC(74) Weak: 4749 encountered, 3619 discovered, 0 enqueued
[52.892s][info][gc,ref      ] GC(74) Final: 27 encountered, 0 discovered, 0 enqueued
[52.892s][info][gc,ref      ] GC(74) Phantom: 650 encountered, 646 discovered, 0 enqueued
[52.892s][info][gc,heap     ] GC(74)                Mark Start          Mark End        Relocate Start      Relocate End           High               Low         
[52.893s][info][gc,heap     ] GC(74)  Capacity:     1500M (100%)       1500M (100%)       1500M (100%)       1500M (100%)       1500M (100%)       1500M (100%)   
[52.893s][info][gc,heap     ] GC(74)   Reserve:       34M (2%)           34M (2%)           34M (2%)           34M (2%)           34M (2%)           34M (2%)     
[52.893s][info][gc,heap     ] GC(74)      Free:      880M (59%)         540M (36%)         870M (58%)         874M (58%)         880M (59%)         540M (36%)    
[52.893s][info][gc,heap     ] GC(74)      Used:      586M (39%)         926M (62%)         596M (40%)         592M (39%)         926M (62%)         586M (39%)    
[52.893s][info][gc,heap     ] GC(74)      Live:         -               216M (14%)         216M (14%)         216M (14%)            -                  -          
[52.893s][info][gc,heap     ] GC(74) Allocated:         -               340M (23%)         340M (23%)         346M (23%)            -                  -          
[52.893s][info][gc,heap     ] GC(74)   Garbage:         -               369M (25%)          39M (3%)           31M (2%)             -                  -          
[52.893s][info][gc,heap     ] GC(74) Reclaimed:         -                  -               330M (22%)         338M (23%)            -                  -          
[52.893s][info][gc          ] GC(74) Garbage Collection (Allocation Rate) 586M(39%)->592M(39%)
[52.965s][info][gc,start    ] GC(75) Garbage Collection (Allocation Rate)
[52.971s][info][gc,phases   ] GC(75) Pause Mark Start 3.378ms
[53.405s][info][gc,phases   ] GC(75) Concurrent Mark 433.047ms
[53.408s][info][gc,phases   ] GC(75) Pause Mark End 0.592ms
[53.410s][info][gc,phases   ] GC(75) Concurrent Process Non-Strong References 1.666ms
[53.410s][info][gc,phases   ] GC(75) Concurrent Reset Relocation Set 0.003ms
[53.410s][info][gc,phases   ] GC(75) Concurrent Destroy Detached Pages 0.001ms
[53.411s][info][gc,phases   ] GC(75) Concurrent Select Relocation Set 1.592ms
[53.411s][info][gc,phases   ] GC(75) Concurrent Prepare Relocation Set 0.056ms
[53.415s][info][gc,phases   ] GC(75) Pause Relocate Start 3.217ms
[53.420s][info][gc,phases   ] GC(75) Concurrent Relocate 4.736ms
[53.420s][info][gc,load     ] GC(75) Load: 2.26/2.19/1.47
[53.420s][info][gc,mmu      ] GC(75) MMU: 2ms/0.0%, 5ms/1.1%, 10ms/42.3%, 20ms/68.6%, 50ms/84.4%, 100ms/91.1%
[53.420s][info][gc,marking  ] GC(75) Mark: 1 stripe(s), 2 proactive flush(es), 1 terminate flush(es), 0 completion(s), 0 continuation(s) 
[53.420s][info][gc,reloc    ] GC(75) Relocation: Successful, 6M relocated
[53.420s][info][gc,nmethod  ] GC(75) NMethods: 3396 registered, 0 unregistered
[53.420s][info][gc,metaspace] GC(75) Metaspace: 68M used, 71M capacity, 72M committed, 74M reserved
[53.420s][info][gc,ref      ] GC(75) Soft: 4696 encountered, 0 discovered, 0 enqueued
[53.420s][info][gc,ref      ] GC(75) Weak: 4749 encountered, 3619 discovered, 0 enqueued
[53.420s][info][gc,ref      ] GC(75) Final: 27 encountered, 0 discovered, 0 enqueued
[53.420s][info][gc,ref      ] GC(75) Phantom: 650 encountered, 646 discovered, 0 enqueued
[53.420s][info][gc,heap     ] GC(75)                Mark Start          Mark End        Relocate Start      Relocate End           High               Low         
[53.420s][info][gc,heap     ] GC(75)  Capacity:     1500M (100%)       1500M (100%)       1500M (100%)       1500M (100%)       1500M (100%)       1500M (100%)   
[53.420s][info][gc,heap     ] GC(75)   Reserve:       34M (2%)           34M (2%)           34M (2%)           34M (2%)           34M (2%)           34M (2%)     
[53.420s][info][gc,heap     ] GC(75)      Free:      762M (51%)         426M (28%)         874M (58%)         876M (58%)         876M (58%)         426M (28%)    
[53.420s][info][gc,heap     ] GC(75)      Used:      704M (47%)        1040M (69%)         592M (39%)         590M (39%)        1040M (69%)         590M (39%)    
[53.420s][info][gc,heap     ] GC(75)      Live:         -               216M (14%)         216M (14%)         216M (14%)            -                  -          
[53.420s][info][gc,heap     ] GC(75) Allocated:         -               336M (22%)         336M (22%)         344M (23%)            -                  -          
[53.420s][info][gc,heap     ] GC(75)   Garbage:         -               487M (32%)          39M (3%)           31M (2%)             -                  -          
[53.420s][info][gc,heap     ] GC(75) Reclaimed:         -                  -               448M (30%)         456M (30%)            -                  -          
[53.420s][info][gc          ] GC(75) Garbage Collection (Allocation Rate) 704M(47%)->590M(39%)
[53.465s][info][gc,start    ] GC(76) Garbage Collection (Allocation Rate)
[53.472s][info][gc,phases   ] GC(76) Pause Mark Start 3.921ms
[54.035s][info][gc,phases   ] GC(76) Concurrent Mark 562.346ms
[54.040s][info][gc,phases   ] GC(76) Pause Mark End 0.497ms
[54.046s][info][gc,phases   ] GC(76) Concurrent Process Non-Strong References 5.052ms
[54.046s][info][gc,phases   ] GC(76) Concurrent Reset Relocation Set 0.004ms
[54.046s][info][gc,phases   ] GC(76) Concurrent Destroy Detached Pages 0.000ms
[54.047s][info][gc,phases   ] GC(76) Concurrent Select Relocation Set 1.549ms
[54.047s][info][gc,phases   ] GC(76) Concurrent Prepare Relocation Set 0.023ms
[54.054s][info][gc,phases   ] GC(76) Pause Relocate Start 2.537ms
[54.060s][info][gc,phases   ] GC(76) Concurrent Relocate 5.803ms
[54.060s][info][gc,load     ] GC(76) Load: 2.26/2.19/1.47
[54.060s][info][gc,mmu      ] GC(76) MMU: 2ms/0.0%, 5ms/1.1%, 10ms/42.3%, 20ms/68.6%, 50ms/84.4%, 100ms/91.1%
[54.060s][info][gc,marking  ] GC(76) Mark: 1 stripe(s), 2 proactive flush(es), 1 terminate flush(es), 0 completion(s), 0 continuation(s) 
[54.060s][info][gc,reloc    ] GC(76) Relocation: Successful, 6M relocated
[54.060s][info][gc,nmethod  ] GC(76) NMethods: 3440 registered, 0 unregistered
[54.060s][info][gc,metaspace] GC(76) Metaspace: 68M used, 72M capacity, 72M committed, 74M reserved
[54.060s][info][gc,ref      ] GC(76) Soft: 4696 encountered, 0 discovered, 0 enqueued
[54.060s][info][gc,ref      ] GC(76) Weak: 4725 encountered, 3629 discovered, 0 enqueued
[54.060s][info][gc,ref      ] GC(76) Final: 27 encountered, 0 discovered, 0 enqueued
[54.060s][info][gc,ref      ] GC(76) Phantom: 650 encountered, 646 discovered, 0 enqueued
[54.060s][info][gc,heap     ] GC(76)                Mark Start          Mark End        Relocate Start      Relocate End           High               Low         
[54.060s][info][gc,heap     ] GC(76)  Capacity:     1500M (100%)       1500M (100%)       1500M (100%)       1500M (100%)       1500M (100%)       1500M (100%)   
[54.060s][info][gc,heap     ] GC(76)   Reserve:       34M (2%)           34M (2%)           34M (2%)           34M (2%)           34M (2%)           34M (2%)     
[54.060s][info][gc,heap     ] GC(76)      Free:      816M (54%)         514M (34%)         908M (61%)         916M (61%)         916M (61%)         514M (34%)    
[54.060s][info][gc,heap     ] GC(76)      Used:      650M (43%)         952M (63%)         558M (37%)         550M (37%)         952M (63%)         550M (37%)    
[54.060s][info][gc,heap     ] GC(76)      Live:         -               216M (14%)         216M (14%)         216M (14%)            -                  -          
[54.060s][info][gc,heap     ] GC(76) Allocated:         -               302M (20%)         302M (20%)         304M (20%)            -                  -          
[54.060s][info][gc,heap     ] GC(76)   Garbage:         -               433M (29%)          39M (3%)           31M (2%)             -                  -          
[54.060s][info][gc,heap     ] GC(76) Reclaimed:         -                  -               394M (26%)         402M (27%)            -                  -          
[54.060s][info][gc          ] GC(76) Garbage Collection (Allocation Rate) 650M(43%)->550M(37%)
[54.065s][info][gc,start    ] GC(77) Garbage Collection (Allocation Rate)
[54.075s][info][gc,phases   ] GC(77) Pause Mark Start 2.685ms
[54.450s][info][gc,phases   ] GC(77) Concurrent Mark 375.281ms
[54.450s][info][gc,phases   ] GC(77) Pause Mark End 0.059ms
[54.452s][info][gc,phases   ] GC(77) Concurrent Process Non-Strong References 1.409ms
[54.452s][info][gc,phases   ] GC(77) Concurrent Reset Relocation Set 0.004ms
[54.452s][info][gc,phases   ] GC(77) Concurrent Destroy Detached Pages 0.000ms
[54.453s][info][gc,phases   ] GC(77) Concurrent Select Relocation Set 1.514ms
[54.453s][info][gc,phases   ] GC(77) Concurrent Prepare Relocation Set 0.026ms
[54.456s][info][gc,phases   ] GC(77) Pause Relocate Start 2.212ms
[54.459s][info][gc,phases   ] GC(77) Concurrent Relocate 2.893ms
[54.459s][info][gc,load     ] GC(77) Load: 2.26/2.19/1.47
[54.459s][info][gc,mmu      ] GC(77) MMU: 2ms/0.0%, 5ms/1.1%, 10ms/42.3%, 20ms/68.6%, 50ms/84.4%, 100ms/91.1%
[54.459s][info][gc,marking  ] GC(77) Mark: 1 stripe(s), 2 proactive flush(es), 1 terminate flush(es), 0 completion(s), 0 continuation(s) 
[54.459s][info][gc,reloc    ] GC(77) Relocation: Successful, 7M relocated
[54.459s][info][gc,nmethod  ] GC(77) NMethods: 3456 registered, 0 unregistered
[54.459s][info][gc,metaspace] GC(77) Metaspace: 68M used, 72M capacity, 72M committed, 74M reserved
[54.459s][info][gc,ref      ] GC(77) Soft: 4707 encountered, 0 discovered, 0 enqueued
[54.459s][info][gc,ref      ] GC(77) Weak: 4488 encountered, 3363 discovered, 125 enqueued
[54.459s][info][gc,ref      ] GC(77) Final: 27 encountered, 10 discovered, 1 enqueued
[54.459s][info][gc,ref      ] GC(77) Phantom: 689 encountered, 495 discovered, 43 enqueued
[54.459s][info][gc,heap     ] GC(77)                Mark Start          Mark End        Relocate Start      Relocate End           High               Low         
[54.459s][info][gc,heap     ] GC(77)  Capacity:     1500M (100%)       1500M (100%)       1500M (100%)       1500M (100%)       1500M (100%)       1500M (100%)   
[54.459s][info][gc,heap     ] GC(77)   Reserve:       34M (2%)           34M (2%)           34M (2%)           34M (2%)           34M (2%)           34M (2%)     
[54.459s][info][gc,heap     ] GC(77)      Free:      916M (61%)         892M (59%)        1182M (79%)        1194M (80%)        1194M (80%)         892M (59%)    
[54.459s][info][gc,heap     ] GC(77)      Used:      550M (37%)         574M (38%)         284M (19%)         272M (18%)         574M (38%)         272M (18%)    
[54.459s][info][gc,heap     ] GC(77)      Live:         -               216M (14%)         216M (14%)         216M (14%)            -                  -          
[54.459s][info][gc,heap     ] GC(77) Allocated:         -                24M (2%)           24M (2%)           26M (2%)             -                  -          
[54.459s][info][gc,heap     ] GC(77)   Garbage:         -               333M (22%)          43M (3%)           31M (2%)             -                  -          
[54.459s][info][gc,heap     ] GC(77) Reclaimed:         -                  -               290M (19%)         302M (20%)            -                  -          
[54.459s][info][gc          ] GC(77) Garbage Collection (Allocation Rate) 550M(37%)->272M(18%)
[54.459s][info][gc,heap,exit] Heap
[54.459s][info][gc,heap,exit]  ZHeap           used 272M, capacity 1500M, max capacity 1500M
[54.459s][info][gc,heap,exit]  Metaspace       used 70632K, capacity 74457K, committed 74564K, reserved 75776K
