[0.002s][info][gc,heap] Heap region size: 1M
[0.003s][info][gc     ] Using G1
[0.003s][info][gc,heap,coops] Heap address: 0x0000000083a00000, size: 1990 MB, Compressed Oops mode: 32-bit
[0.463s][info][gc,start     ] GC(0) Pause Young (Normal) (G1 Evacuation Pause)
[0.463s][info][gc,task      ] GC(0) Using 1 workers of 1 for evacuation
[0.468s][info][gc,phases    ] GC(0)   Pre Evacuate Collection Set: 0.0ms
[0.468s][info][gc,phases    ] GC(0)   Evacuate Collection Set: 4.0ms
[0.468s][info][gc,phases    ] GC(0)   Post Evacuate Collection Set: 0.1ms
[0.468s][info][gc,phases    ] GC(0)   Other: 0.1ms
[0.468s][info][gc,heap      ] GC(0) Eden regions: 6->0(5)
[0.468s][info][gc,heap      ] GC(0) Survivor regions: 0->1(1)
[0.468s][info][gc,heap      ] GC(0) Old regions: 0->2
[0.468s][info][gc,heap      ] GC(0) Humongous regions: 0->0
[0.468s][info][gc,metaspace ] GC(0) Metaspace: 2144K->2144K(1056768K)
[0.468s][info][gc           ] GC(0) Pause Young (Normal) (G1 Evacuation Pause) 6M->2M(126M) 4.333ms
[0.468s][info][gc,cpu       ] GC(0) User=0.00s Sys=0.00s Real=0.01s
[0.612s][info][gc,start     ] GC(1) Pause Young (Normal) (G1 Evacuation Pause)
[0.612s][info][gc,task      ] GC(1) Using 1 workers of 1 for evacuation
[0.615s][info][gc,phases    ] GC(1)   Pre Evacuate Collection Set: 0.0ms
[0.615s][info][gc,phases    ] GC(1)   Evacuate Collection Set: 2.3ms
[0.615s][info][gc,phases    ] GC(1)   Post Evacuate Collection Set: 0.0ms
[0.615s][info][gc,phases    ] GC(1)   Other: 0.1ms
[0.615s][info][gc,heap      ] GC(1) Eden regions: 5->0(6)
[0.615s][info][gc,heap      ] GC(1) Survivor regions: 1->1(1)
[0.615s][info][gc,heap      ] GC(1) Old regions: 2->3
[0.615s][info][gc,heap      ] GC(1) Humongous regions: 0->0
[0.615s][info][gc,metaspace ] GC(1) Metaspace: 4290K->4290K(1056768K)
[0.615s][info][gc           ] GC(1) Pause Young (Normal) (G1 Evacuation Pause) 7M->2M(126M) 2.476ms
[0.615s][info][gc,cpu       ] GC(1) User=0.00s Sys=0.00s Real=0.01s
[0.806s][info][gc,start     ] GC(2) Pause Young (Normal) (G1 Evacuation Pause)
[0.806s][info][gc,task      ] GC(2) Using 1 workers of 1 for evacuation
[0.808s][info][gc,phases    ] GC(2)   Pre Evacuate Collection Set: 0.0ms
[0.808s][info][gc,phases    ] GC(2)   Evacuate Collection Set: 1.3ms
[0.808s][info][gc,phases    ] GC(2)   Post Evacuate Collection Set: 0.0ms
[0.808s][info][gc,phases    ] GC(2)   Other: 0.1ms
[0.808s][info][gc,heap      ] GC(2) Eden regions: 6->0(12)
[0.808s][info][gc,heap      ] GC(2) Survivor regions: 1->1(1)
[0.808s][info][gc,heap      ] GC(2) Old regions: 3->3
[0.808s][info][gc,heap      ] GC(2) Humongous regions: 0->0
[0.808s][info][gc,metaspace ] GC(2) Metaspace: 6633K->6633K(1058816K)
[0.808s][info][gc           ] GC(2) Pause Young (Normal) (G1 Evacuation Pause) 8M->2M(126M) 1.548ms
[0.808s][info][gc,cpu       ] GC(2) User=0.00s Sys=0.00s Real=0.00s
[1.251s][info][gc,start     ] GC(3) Pause Young (Normal) (G1 Evacuation Pause)
[1.251s][info][gc,task      ] GC(3) Using 1 workers of 1 for evacuation
[1.255s][info][gc,phases    ] GC(3)   Pre Evacuate Collection Set: 0.0ms
[1.255s][info][gc,phases    ] GC(3)   Evacuate Collection Set: 3.2ms
[1.255s][info][gc,phases    ] GC(3)   Post Evacuate Collection Set: 0.1ms
[1.255s][info][gc,phases    ] GC(3)   Other: 0.1ms
[1.255s][info][gc,heap      ] GC(3) Eden regions: 12->0(17)
[1.255s][info][gc,heap      ] GC(3) Survivor regions: 1->2(2)
[1.255s][info][gc,heap      ] GC(3) Old regions: 3->3
[1.255s][info][gc,heap      ] GC(3) Humongous regions: 0->0
[1.255s][info][gc,metaspace ] GC(3) Metaspace: 10816K->10816K(1060864K)
[1.255s][info][gc           ] GC(3) Pause Young (Normal) (G1 Evacuation Pause) 14M->4M(126M) 3.528ms
[1.255s][info][gc,cpu       ] GC(3) User=0.01s Sys=0.00s Real=0.01s
[1.349s][info][gc,start     ] GC(4) Pause Young (Normal) (G1 Evacuation Pause)
[1.349s][info][gc,task      ] GC(4) Using 1 workers of 1 for evacuation
[1.368s][info][gc,phases    ] GC(4)   Pre Evacuate Collection Set: 0.0ms
[1.368s][info][gc,phases    ] GC(4)   Evacuate Collection Set: 18.8ms
[1.368s][info][gc,phases    ] GC(4)   Post Evacuate Collection Set: 0.2ms
[1.368s][info][gc,phases    ] GC(4)   Other: 0.1ms
[1.368s][info][gc,heap      ] GC(4) Eden regions: 17->0(14)
[1.368s][info][gc,heap      ] GC(4) Survivor regions: 2->3(3)
[1.368s][info][gc,heap      ] GC(4) Old regions: 3->13
[1.368s][info][gc,heap      ] GC(4) Humongous regions: 0->0
[1.368s][info][gc,metaspace ] GC(4) Metaspace: 11657K->11657K(1060864K)
[1.368s][info][gc           ] GC(4) Pause Young (Normal) (G1 Evacuation Pause) 21M->15M(126M) 19.266ms
[1.368s][info][gc,cpu       ] GC(4) User=0.01s Sys=0.01s Real=0.02s
[1.394s][info][gc,start     ] GC(5) Pause Young (Normal) (G1 Evacuation Pause)
[1.394s][info][gc,task      ] GC(5) Using 1 workers of 1 for evacuation
[1.446s][info][gc,phases    ] GC(5)   Pre Evacuate Collection Set: 0.0ms
[1.446s][info][gc,phases    ] GC(5)   Evacuate Collection Set: 49.7ms
[1.446s][info][gc,phases    ] GC(5)   Post Evacuate Collection Set: 0.3ms
[1.446s][info][gc,phases    ] GC(5)   Other: 0.1ms
[1.446s][info][gc,heap      ] GC(5) Eden regions: 14->0(5)
[1.446s][info][gc,heap      ] GC(5) Survivor regions: 3->3(3)
[1.446s][info][gc,heap      ] GC(5) Old regions: 13->23
[1.446s][info][gc,heap      ] GC(5) Humongous regions: 0->0
[1.446s][info][gc,metaspace ] GC(5) Metaspace: 11657K->11657K(1060864K)
[1.446s][info][gc           ] GC(5) Pause Young (Normal) (G1 Evacuation Pause) 29M->26M(162M) 52.145ms
[1.446s][info][gc,cpu       ] GC(5) User=0.05s Sys=0.01s Real=0.05s
[1.449s][info][gc,task      ] GC(6) Using 1 workers of 1 for full compaction
[1.449s][info][gc,start     ] GC(6) Pause Full (System.gc())
[1.449s][info][gc,phases,start] GC(6) Phase 1: Mark live objects
[1.497s][info][gc,stringtable ] GC(6) Cleaned string and symbol table, strings: 4317 processed, 7 removed, symbols: 17288 processed, 9 removed
[1.497s][info][gc,phases      ] GC(6) Phase 1: Mark live objects 48.515ms
[1.497s][info][gc,phases,start] GC(6) Phase 2: Prepare for compaction
[1.501s][info][gc,phases      ] GC(6) Phase 2: Prepare for compaction 4.016ms
[1.501s][info][gc,phases,start] GC(6) Phase 3: Adjust pointers
[1.514s][info][gc,phases      ] GC(6) Phase 3: Adjust pointers 12.533ms
[1.514s][info][gc,phases,start] GC(6) Phase 4: Compact heap
[1.522s][info][gc,phases      ] GC(6) Phase 4: Compact heap 8.194ms
[1.524s][info][gc,heap        ] GC(6) Eden regions: 1->0(4)
[1.524s][info][gc,heap        ] GC(6) Survivor regions: 3->0(3)
[1.524s][info][gc,heap        ] GC(6) Old regions: 23->26
[1.524s][info][gc,heap        ] GC(6) Humongous regions: 0->0
[1.524s][info][gc,metaspace   ] GC(6) Metaspace: 11687K->11687K(1060864K)
[1.524s][info][gc             ] GC(6) Pause Full (System.gc()) 26M->25M(87M) 75.177ms
[1.524s][info][gc,cpu         ] GC(6) User=0.06s Sys=0.00s Real=0.07s
[1.631s][info][gc,start       ] GC(7) Pause Young (Normal) (G1 Evacuation Pause)
[1.632s][info][gc,task        ] GC(7) Using 1 workers of 1 for evacuation
[1.632s][info][gc,phases      ] GC(7)   Pre Evacuate Collection Set: 0.0ms
[1.632s][info][gc,phases      ] GC(7)   Evacuate Collection Set: 0.8ms
[1.632s][info][gc,phases      ] GC(7)   Post Evacuate Collection Set: 0.0ms
[1.632s][info][gc,phases      ] GC(7)   Other: 0.1ms
[1.632s][info][gc,heap        ] GC(7) Eden regions: 4->0(7)
[1.632s][info][gc,heap        ] GC(7) Survivor regions: 0->1(1)
[1.632s][info][gc,heap        ] GC(7) Old regions: 26->26
[1.632s][info][gc,heap        ] GC(7) Humongous regions: 0->0
[1.632s][info][gc,metaspace   ] GC(7) Metaspace: 11823K->11823K(1060864K)
[1.632s][info][gc             ] GC(7) Pause Young (Normal) (G1 Evacuation Pause) 29M->25M(87M) 0.959ms
[1.632s][info][gc,cpu         ] GC(7) User=0.00s Sys=0.00s Real=0.00s
[1.670s][info][gc,start       ] GC(8) Pause Young (Normal) (G1 Evacuation Pause)
[1.670s][info][gc,task        ] GC(8) Using 1 workers of 1 for evacuation
[1.672s][info][gc,phases      ] GC(8)   Pre Evacuate Collection Set: 0.0ms
[1.672s][info][gc,phases      ] GC(8)   Evacuate Collection Set: 1.3ms
[1.672s][info][gc,phases      ] GC(8)   Post Evacuate Collection Set: 0.0ms
[1.672s][info][gc,phases      ] GC(8)   Other: 0.1ms
[1.672s][info][gc,heap        ] GC(8) Eden regions: 7->0(16)
[1.672s][info][gc,heap        ] GC(8) Survivor regions: 1->1(1)
[1.672s][info][gc,heap        ] GC(8) Old regions: 26->26
[1.672s][info][gc,heap        ] GC(8) Humongous regions: 0->0
[1.672s][info][gc,metaspace   ] GC(8) Metaspace: 11823K->11823K(1060864K)
[1.672s][info][gc             ] GC(8) Pause Young (Normal) (G1 Evacuation Pause) 32M->26M(87M) 1.524ms
[1.672s][info][gc,cpu         ] GC(8) User=0.00s Sys=0.00s Real=0.00s
[1.755s][info][gc,start       ] GC(9) Pause Young (Normal) (G1 Evacuation Pause)
[1.755s][info][gc,task        ] GC(9) Using 1 workers of 1 for evacuation
[1.758s][info][gc,phases      ] GC(9)   Pre Evacuate Collection Set: 0.0ms
[1.758s][info][gc,phases      ] GC(9)   Evacuate Collection Set: 3.2ms
[1.758s][info][gc,phases      ] GC(9)   Post Evacuate Collection Set: 0.1ms
[1.758s][info][gc,phases      ] GC(9)   Other: 0.1ms
[1.758s][info][gc,heap        ] GC(9) Eden regions: 16->0(23)
[1.758s][info][gc,heap        ] GC(9) Survivor regions: 1->3(3)
[1.758s][info][gc,heap        ] GC(9) Old regions: 26->26
[1.758s][info][gc,heap        ] GC(9) Humongous regions: 0->0
[1.758s][info][gc,metaspace   ] GC(9) Metaspace: 11896K->11896K(1060864K)
[1.758s][info][gc             ] GC(9) Pause Young (Normal) (G1 Evacuation Pause) 42M->27M(87M) 3.445ms
[1.758s][info][gc,cpu         ] GC(9) User=0.00s Sys=0.00s Real=0.00s
[1.929s][info][gc,start       ] GC(10) Pause Young (Normal) (G1 Evacuation Pause)
[1.929s][info][gc,task        ] GC(10) Using 1 workers of 1 for evacuation
[1.932s][info][gc,phases      ] GC(10)   Pre Evacuate Collection Set: 0.0ms
[1.932s][info][gc,phases      ] GC(10)   Evacuate Collection Set: 2.8ms
[1.932s][info][gc,phases      ] GC(10)   Post Evacuate Collection Set: 0.1ms
[1.932s][info][gc,phases      ] GC(10)   Other: 0.1ms
[1.932s][info][gc,heap        ] GC(10) Eden regions: 23->0(33)
[1.932s][info][gc,heap        ] GC(10) Survivor regions: 3->2(4)
[1.932s][info][gc,heap        ] GC(10) Old regions: 26->27
[1.932s][info][gc,heap        ] GC(10) Humongous regions: 0->0
[1.932s][info][gc,metaspace   ] GC(10) Metaspace: 12085K->12085K(1062912K)
[1.932s][info][gc             ] GC(10) Pause Young (Normal) (G1 Evacuation Pause) 50M->27M(87M) 3.047ms
[1.932s][info][gc,cpu         ] GC(10) User=0.01s Sys=0.00s Real=0.00s
[2.054s][info][gc,start       ] GC(11) Pause Young (Normal) (G1 Evacuation Pause)
[2.054s][info][gc,task        ] GC(11) Using 1 workers of 1 for evacuation
[2.057s][info][gc,phases      ] GC(11)   Pre Evacuate Collection Set: 0.0ms
[2.057s][info][gc,phases      ] GC(11)   Evacuate Collection Set: 2.3ms
[2.057s][info][gc,phases      ] GC(11)   Post Evacuate Collection Set: 0.1ms
[2.057s][info][gc,phases      ] GC(11)   Other: 0.1ms
[2.057s][info][gc,heap        ] GC(11) Eden regions: 33->0(36)
[2.057s][info][gc,heap        ] GC(11) Survivor regions: 2->2(5)
[2.057s][info][gc,heap        ] GC(11) Old regions: 27->27
[2.057s][info][gc,heap        ] GC(11) Humongous regions: 0->0
[2.057s][info][gc,metaspace   ] GC(11) Metaspace: 12088K->12088K(1062912K)
[2.057s][info][gc             ] GC(11) Pause Young (Normal) (G1 Evacuation Pause) 60M->27M(87M) 2.590ms
[2.057s][info][gc,cpu         ] GC(11) User=0.01s Sys=0.00s Real=0.00s
[2.114s][info][gc,task        ] GC(12) Using 1 workers of 1 for full compaction
[2.114s][info][gc,start       ] GC(12) Pause Full (System.gc())
[2.114s][info][gc,phases,start] GC(12) Phase 1: Mark live objects
[2.142s][info][gc,stringtable ] GC(12) Cleaned string and symbol table, strings: 4381 processed, 4 removed, symbols: 17764 processed, 0 removed
[2.142s][info][gc,phases      ] GC(12) Phase 1: Mark live objects 28.162ms
[2.142s][info][gc,phases,start] GC(12) Phase 2: Prepare for compaction
[2.150s][info][gc,phases      ] GC(12) Phase 2: Prepare for compaction 8.392ms
[2.151s][info][gc,phases,start] GC(12) Phase 3: Adjust pointers
[2.163s][info][gc,phases      ] GC(12) Phase 3: Adjust pointers 12.578ms
[2.163s][info][gc,phases,start] GC(12) Phase 4: Compact heap
[2.169s][info][gc,phases      ] GC(12) Phase 4: Compact heap 5.691ms
[2.170s][info][gc,heap        ] GC(12) Eden regions: 14->0(39)
[2.170s][info][gc,heap        ] GC(12) Survivor regions: 2->0(5)
[2.170s][info][gc,heap        ] GC(12) Old regions: 27->26
[2.170s][info][gc,heap        ] GC(12) Humongous regions: 0->0
[2.170s][info][gc,metaspace   ] GC(12) Metaspace: 12118K->12118K(1062912K)
[2.170s][info][gc             ] GC(12) Pause Full (System.gc()) 41M->25M(87M) 55.790ms
[2.170s][info][gc,cpu         ] GC(12) User=0.05s Sys=0.00s Real=0.05s
[2.237s][info][gc,start       ] GC(13) Pause Young (Normal) (G1 Evacuation Pause)
[2.238s][info][gc,task        ] GC(13) Using 1 workers of 1 for evacuation
[2.241s][info][gc,phases      ] GC(13)   Pre Evacuate Collection Set: 0.0ms
[2.241s][info][gc,phases      ] GC(13)   Evacuate Collection Set: 3.2ms
[2.241s][info][gc,phases      ] GC(13)   Post Evacuate Collection Set: 0.3ms
[2.241s][info][gc,phases      ] GC(13)   Other: 0.1ms
[2.241s][info][gc,heap        ] GC(13) Eden regions: 39->0(93)
[2.241s][info][gc,heap        ] GC(13) Survivor regions: 0->3(5)
[2.241s][info][gc,heap        ] GC(13) Old regions: 26->26
[2.241s][info][gc,heap        ] GC(13) Humongous regions: 0->0
[2.241s][info][gc,metaspace   ] GC(13) Metaspace: 12120K->12120K(1062912K)
[2.241s][info][gc             ] GC(13) Pause Young (Normal) (G1 Evacuation Pause) 64M->27M(160M) 3.666ms
[2.241s][info][gc,cpu         ] GC(13) User=0.00s Sys=0.01s Real=0.00s
[2.415s][info][gc,task        ] GC(14) Using 1 workers of 1 for full compaction
[2.415s][info][gc,start       ] GC(14) Pause Full (System.gc())
[2.415s][info][gc,phases,start] GC(14) Phase 1: Mark live objects
[2.440s][info][gc,stringtable ] GC(14) Cleaned string and symbol table, strings: 4394 processed, 0 removed, symbols: 17764 processed, 0 removed
[2.440s][info][gc,phases      ] GC(14) Phase 1: Mark live objects 24.825ms
[2.440s][info][gc,phases,start] GC(14) Phase 2: Prepare for compaction
[2.452s][info][gc,phases      ] GC(14) Phase 2: Prepare for compaction 11.399ms
[2.452s][info][gc,phases,start] GC(14) Phase 3: Adjust pointers
[2.463s][info][gc,phases      ] GC(14) Phase 3: Adjust pointers 11.572ms
[2.463s][info][gc,phases,start] GC(14) Phase 4: Compact heap
[2.467s][info][gc,phases      ] GC(14) Phase 4: Compact heap 3.292ms
[2.470s][info][gc,heap        ] GC(14) Eden regions: 83->0(40)
[2.470s][info][gc,heap        ] GC(14) Survivor regions: 3->0(5)
[2.470s][info][gc,heap        ] GC(14) Old regions: 26->26
[2.470s][info][gc,heap        ] GC(14) Humongous regions: 0->0
[2.470s][info][gc,metaspace   ] GC(14) Metaspace: 12122K->12122K(1062912K)
[2.470s][info][gc             ] GC(14) Pause Full (System.gc()) 110M->25M(87M) 54.562ms
[2.470s][info][gc,cpu         ] GC(14) User=0.04s Sys=0.00s Real=0.05s
[2.536s][info][gc,start       ] GC(15) Pause Young (Normal) (G1 Evacuation Pause)
[2.537s][info][gc,task        ] GC(15) Using 1 workers of 1 for evacuation
[2.540s][info][gc,phases      ] GC(15)   Pre Evacuate Collection Set: 0.0ms
[2.540s][info][gc,phases      ] GC(15)   Evacuate Collection Set: 2.9ms
[2.540s][info][gc,phases      ] GC(15)   Post Evacuate Collection Set: 0.1ms
[2.540s][info][gc,phases      ] GC(15)   Other: 0.1ms
[2.540s][info][gc,heap        ] GC(15) Eden regions: 40->0(39)
[2.540s][info][gc,heap        ] GC(15) Survivor regions: 0->3(5)
[2.540s][info][gc,heap        ] GC(15) Old regions: 26->26
[2.540s][info][gc,heap        ] GC(15) Humongous regions: 0->0
[2.540s][info][gc,metaspace   ] GC(15) Metaspace: 12123K->12123K(1062912K)
[2.540s][info][gc             ] GC(15) Pause Young (Normal) (G1 Evacuation Pause) 65M->27M(87M) 3.187ms
[2.540s][info][gc,cpu         ] GC(15) User=0.00s Sys=0.00s Real=0.00s
[2.607s][info][gc,start       ] GC(16) Pause Young (Normal) (G1 Evacuation Pause)
[2.607s][info][gc,task        ] GC(16) Using 1 workers of 1 for evacuation
[2.610s][info][gc,phases      ] GC(16)   Pre Evacuate Collection Set: 0.0ms
[2.610s][info][gc,phases      ] GC(16)   Evacuate Collection Set: 2.9ms
[2.610s][info][gc,phases      ] GC(16)   Post Evacuate Collection Set: 0.1ms
[2.610s][info][gc,phases      ] GC(16)   Other: 0.1ms
[2.610s][info][gc,heap        ] GC(16) Eden regions: 39->0(40)
[2.610s][info][gc,heap        ] GC(16) Survivor regions: 3->3(6)
[2.610s][info][gc,heap        ] GC(16) Old regions: 26->26
[2.610s][info][gc,heap        ] GC(16) Humongous regions: 0->0
[2.610s][info][gc,metaspace   ] GC(16) Metaspace: 12126K->12126K(1062912K)
[2.610s][info][gc             ] GC(16) Pause Young (Normal) (G1 Evacuation Pause) 66M->27M(87M) 3.131ms
[2.610s][info][gc,cpu         ] GC(16) User=0.00s Sys=0.00s Real=0.00s
[2.687s][info][gc,start       ] GC(17) Pause Young (Normal) (G1 Evacuation Pause)
[2.688s][info][gc,task        ] GC(17) Using 1 workers of 1 for evacuation
[2.695s][info][gc,phases      ] GC(17)   Pre Evacuate Collection Set: 0.0ms
[2.695s][info][gc,phases      ] GC(17)   Evacuate Collection Set: 6.7ms
[2.695s][info][gc,phases      ] GC(17)   Post Evacuate Collection Set: 0.1ms
[2.695s][info][gc,phases      ] GC(17)   Other: 0.9ms
[2.695s][info][gc,heap        ] GC(17) Eden regions: 40->0(41)
[2.695s][info][gc,heap        ] GC(17) Survivor regions: 3->3(6)
[2.695s][info][gc,heap        ] GC(17) Old regions: 26->26
[2.695s][info][gc,heap        ] GC(17) Humongous regions: 0->0
[2.695s][info][gc,metaspace   ] GC(17) Metaspace: 12144K->12144K(1062912K)
[2.695s][info][gc             ] GC(17) Pause Young (Normal) (G1 Evacuation Pause) 67M->27M(87M) 7.727ms
[2.695s][info][gc,cpu         ] GC(17) User=0.00s Sys=0.00s Real=0.01s
[2.711s][info][gc,task        ] GC(18) Using 1 workers of 1 for full compaction
[2.711s][info][gc,start       ] GC(18) Pause Full (System.gc())
[2.711s][info][gc,phases,start] GC(18) Phase 1: Mark live objects
[2.739s][info][gc,stringtable ] GC(18) Cleaned string and symbol table, strings: 4395 processed, 0 removed, symbols: 17764 processed, 0 removed
[2.739s][info][gc,phases      ] GC(18) Phase 1: Mark live objects 27.880ms
[2.739s][info][gc,phases,start] GC(18) Phase 2: Prepare for compaction
[2.747s][info][gc,phases      ] GC(18) Phase 2: Prepare for compaction 8.304ms
[2.747s][info][gc,phases,start] GC(18) Phase 3: Adjust pointers
[2.759s][info][gc,phases      ] GC(18) Phase 3: Adjust pointers 12.054ms
[2.759s][info][gc,phases,start] GC(18) Phase 4: Compact heap
[2.762s][info][gc,phases      ] GC(18) Phase 4: Compact heap 2.994ms
[2.763s][info][gc,heap        ] GC(18) Eden regions: 3->0(44)
[2.763s][info][gc,heap        ] GC(18) Survivor regions: 3->0(6)
[2.763s][info][gc,heap        ] GC(18) Old regions: 26->26
[2.763s][info][gc,heap        ] GC(18) Humongous regions: 0->0
[2.763s][info][gc,metaspace   ] GC(18) Metaspace: 12150K->12150K(1062912K)
[2.763s][info][gc             ] GC(18) Pause Full (System.gc()) 30M->25M(87M) 52.113ms
[2.763s][info][gc,cpu         ] GC(18) User=0.05s Sys=0.00s Real=0.05s
[2.847s][info][gc,start       ] GC(19) Pause Young (Normal) (G1 Evacuation Pause)
[2.847s][info][gc,task        ] GC(19) Using 1 workers of 1 for evacuation
[2.848s][info][gc,phases      ] GC(19)   Pre Evacuate Collection Set: 0.0ms
[2.848s][info][gc,phases      ] GC(19)   Evacuate Collection Set: 0.5ms
[2.848s][info][gc,phases      ] GC(19)   Post Evacuate Collection Set: 0.2ms
[2.848s][info][gc,phases      ] GC(19)   Other: 0.1ms
[2.848s][info][gc,heap        ] GC(19) Eden regions: 44->0(71)
[2.848s][info][gc,heap        ] GC(19) Survivor regions: 0->1(6)
[2.848s][info][gc,heap        ] GC(19) Old regions: 26->26
[2.848s][info][gc,heap        ] GC(19) Humongous regions: 0->0
[2.848s][info][gc,metaspace   ] GC(19) Metaspace: 12152K->12152K(1062912K)
[2.848s][info][gc             ] GC(19) Pause Young (Normal) (G1 Evacuation Pause) 69M->25M(120M) 0.823ms
[2.848s][info][gc,cpu         ] GC(19) User=0.00s Sys=0.00s Real=0.00s
[2.968s][info][gc,start       ] GC(20) Pause Young (Normal) (G1 Evacuation Pause)
[2.968s][info][gc,task        ] GC(20) Using 1 workers of 1 for evacuation
[2.975s][info][gc,phases      ] GC(20)   Pre Evacuate Collection Set: 0.0ms
[2.975s][info][gc,phases      ] GC(20)   Evacuate Collection Set: 6.7ms
[2.975s][info][gc,phases      ] GC(20)   Post Evacuate Collection Set: 0.1ms
[2.975s][info][gc,phases      ] GC(20)   Other: 0.1ms
[2.975s][info][gc,heap        ] GC(20) Eden regions: 71->0(70)
[2.975s][info][gc,heap        ] GC(20) Survivor regions: 1->2(9)
[2.975s][info][gc,heap        ] GC(20) Old regions: 26->26
[2.975s][info][gc,heap        ] GC(20) Humongous regions: 0->0
[2.975s][info][gc,metaspace   ] GC(20) Metaspace: 12153K->12153K(1062912K)
[2.975s][info][gc             ] GC(20) Pause Young (Normal) (G1 Evacuation Pause) 96M->27M(120M) 6.982ms
[2.975s][info][gc,cpu         ] GC(20) User=0.01s Sys=0.00s Real=0.01s
[3.002s][info][gc,task        ] GC(21) Using 1 workers of 1 for full compaction
[3.002s][info][gc,start       ] GC(21) Pause Full (System.gc())
[3.002s][info][gc,phases,start] GC(21) Phase 1: Mark live objects
[3.026s][info][gc,stringtable ] GC(21) Cleaned string and symbol table, strings: 4395 processed, 0 removed, symbols: 17764 processed, 0 removed
[3.026s][info][gc,phases      ] GC(21) Phase 1: Mark live objects 24.552ms
[3.026s][info][gc,phases,start] GC(21) Phase 2: Prepare for compaction
[3.038s][info][gc,phases      ] GC(21) Phase 2: Prepare for compaction 11.552ms
[3.038s][info][gc,phases,start] GC(21) Phase 3: Adjust pointers
[3.049s][info][gc,phases      ] GC(21) Phase 3: Adjust pointers 11.340ms
[3.049s][info][gc,phases,start] GC(21) Phase 4: Compact heap
[3.052s][info][gc,phases      ] GC(21) Phase 4: Compact heap 2.908ms
[3.054s][info][gc,heap        ] GC(21) Eden regions: 7->0(46)
[3.054s][info][gc,heap        ] GC(21) Survivor regions: 2->0(9)
[3.054s][info][gc,heap        ] GC(21) Old regions: 26->26
[3.054s][info][gc,heap        ] GC(21) Humongous regions: 0->0
[3.054s][info][gc,metaspace   ] GC(21) Metaspace: 12159K->12159K(1062912K)
[3.054s][info][gc             ] GC(21) Pause Full (System.gc()) 33M->25M(87M) 52.456ms
[3.054s][info][gc,cpu         ] GC(21) User=0.04s Sys=0.00s Real=0.06s
[3.141s][info][gc,start       ] GC(22) Pause Young (Normal) (G1 Evacuation Pause)
[3.141s][info][gc,task        ] GC(22) Using 1 workers of 1 for evacuation
[3.141s][info][gc,phases      ] GC(22)   Pre Evacuate Collection Set: 0.0ms
[3.141s][info][gc,phases      ] GC(22)   Evacuate Collection Set: 0.7ms
[3.141s][info][gc,phases      ] GC(22)   Post Evacuate Collection Set: 0.1ms
[3.141s][info][gc,phases      ] GC(22)   Other: 0.1ms
[3.141s][info][gc,heap        ] GC(22) Eden regions: 46->0(46)
[3.141s][info][gc,heap        ] GC(22) Survivor regions: 0->1(6)
[3.141s][info][gc,heap        ] GC(22) Old regions: 26->26
[3.141s][info][gc,heap        ] GC(22) Humongous regions: 0->0
[3.142s][info][gc,metaspace   ] GC(22) Metaspace: 12159K->12159K(1062912K)
[3.142s][info][gc             ] GC(22) Pause Young (Normal) (G1 Evacuation Pause) 71M->25M(87M) 0.864ms
[3.142s][info][gc,cpu         ] GC(22) User=0.00s Sys=0.00s Real=0.00s
[3.218s][info][gc,start       ] GC(23) Pause Young (Normal) (G1 Evacuation Pause)
[3.218s][info][gc,task        ] GC(23) Using 1 workers of 1 for evacuation
[3.219s][info][gc,phases      ] GC(23)   Pre Evacuate Collection Set: 0.0ms
[3.219s][info][gc,phases      ] GC(23)   Evacuate Collection Set: 1.1ms
[3.219s][info][gc,phases      ] GC(23)   Post Evacuate Collection Set: 0.1ms
[3.219s][info][gc,phases      ] GC(23)   Other: 0.1ms
[3.219s][info][gc,heap        ] GC(23) Eden regions: 46->0(47)
[3.219s][info][gc,heap        ] GC(23) Survivor regions: 1->1(6)
[3.219s][info][gc,heap        ] GC(23) Old regions: 26->26
[3.219s][info][gc,heap        ] GC(23) Humongous regions: 0->0
[3.219s][info][gc,metaspace   ] GC(23) Metaspace: 12209K->12209K(1062912K)
[3.219s][info][gc             ] GC(23) Pause Young (Normal) (G1 Evacuation Pause) 71M->26M(87M) 1.332ms
[3.219s][info][gc,cpu         ] GC(23) User=0.01s Sys=0.00s Real=0.00s
[3.272s][info][gc,task        ] GC(24) Using 1 workers of 1 for full compaction
[3.272s][info][gc,start       ] GC(24) Pause Full (System.gc())
[3.272s][info][gc,phases,start] GC(24) Phase 1: Mark live objects
[3.297s][info][gc,stringtable ] GC(24) Cleaned string and symbol table, strings: 4396 processed, 0 removed, symbols: 17928 processed, 0 removed
[3.297s][info][gc,phases      ] GC(24) Phase 1: Mark live objects 24.892ms
[3.297s][info][gc,phases,start] GC(24) Phase 2: Prepare for compaction
[3.304s][info][gc,phases      ] GC(24) Phase 2: Prepare for compaction 6.541ms
[3.304s][info][gc,phases,start] GC(24) Phase 3: Adjust pointers
[3.319s][info][gc,phases      ] GC(24) Phase 3: Adjust pointers 15.733ms
[3.319s][info][gc,phases,start] GC(24) Phase 4: Compact heap
[3.322s][info][gc,phases      ] GC(24) Phase 4: Compact heap 3.044ms
[3.323s][info][gc,heap        ] GC(24) Eden regions: 30->0(48)
[3.323s][info][gc,heap        ] GC(24) Survivor regions: 1->0(6)
[3.323s][info][gc,heap        ] GC(24) Old regions: 26->26
[3.323s][info][gc,heap        ] GC(24) Humongous regions: 0->0
[3.323s][info][gc,metaspace   ] GC(24) Metaspace: 12209K->12209K(1062912K)
[3.323s][info][gc             ] GC(24) Pause Full (System.gc()) 56M->25M(87M) 51.089ms
[3.323s][info][gc,cpu         ] GC(24) User=0.04s Sys=0.00s Real=0.05s
[3.411s][info][gc,start       ] GC(25) Pause Young (Normal) (G1 Evacuation Pause)
[3.412s][info][gc,task        ] GC(25) Using 1 workers of 1 for evacuation
[3.413s][info][gc,phases      ] GC(25)   Pre Evacuate Collection Set: 0.0ms
[3.413s][info][gc,phases      ] GC(25)   Evacuate Collection Set: 0.8ms
[3.413s][info][gc,phases      ] GC(25)   Post Evacuate Collection Set: 0.1ms
[3.413s][info][gc,phases      ] GC(25)   Other: 0.2ms
[3.413s][info][gc,heap        ] GC(25) Eden regions: 48->0(47)
[3.413s][info][gc,heap        ] GC(25) Survivor regions: 0->1(6)
[3.413s][info][gc,heap        ] GC(25) Old regions: 26->26
[3.413s][info][gc,heap        ] GC(25) Humongous regions: 0->0
[3.413s][info][gc,metaspace   ] GC(25) Metaspace: 12211K->12211K(1062912K)
[3.413s][info][gc             ] GC(25) Pause Young (Normal) (G1 Evacuation Pause) 73M->25M(87M) 1.154ms
[3.413s][info][gc,cpu         ] GC(25) User=0.00s Sys=0.00s Real=0.01s
[3.490s][info][gc,start       ] GC(26) Pause Young (Normal) (G1 Evacuation Pause)
[3.490s][info][gc,task        ] GC(26) Using 1 workers of 1 for evacuation
[3.491s][info][gc,phases      ] GC(26)   Pre Evacuate Collection Set: 0.0ms
[3.491s][info][gc,phases      ] GC(26)   Evacuate Collection Set: 1.2ms
[3.491s][info][gc,phases      ] GC(26)   Post Evacuate Collection Set: 0.1ms
[3.491s][info][gc,phases      ] GC(26)   Other: 0.1ms
[3.491s][info][gc,heap        ] GC(26) Eden regions: 47->0(48)
[3.491s][info][gc,heap        ] GC(26) Survivor regions: 1->1(6)
[3.491s][info][gc,heap        ] GC(26) Old regions: 26->26
[3.491s][info][gc,heap        ] GC(26) Humongous regions: 0->0
[3.491s][info][gc,metaspace   ] GC(26) Metaspace: 12211K->12211K(1062912K)
[3.491s][info][gc             ] GC(26) Pause Young (Normal) (G1 Evacuation Pause) 72M->26M(87M) 1.396ms
[3.491s][info][gc,cpu         ] GC(26) User=0.00s Sys=0.00s Real=0.00s
[3.541s][info][gc,task        ] GC(27) Using 1 workers of 1 for full compaction
[3.541s][info][gc,start       ] GC(27) Pause Full (System.gc())
[3.541s][info][gc,phases,start] GC(27) Phase 1: Mark live objects
[3.566s][info][gc,stringtable ] GC(27) Cleaned string and symbol table, strings: 4396 processed, 0 removed, symbols: 17928 processed, 0 removed
[3.566s][info][gc,phases      ] GC(27) Phase 1: Mark live objects 24.842ms
[3.566s][info][gc,phases,start] GC(27) Phase 2: Prepare for compaction
[3.573s][info][gc,phases      ] GC(27) Phase 2: Prepare for compaction 6.499ms
[3.573s][info][gc,phases,start] GC(27) Phase 3: Adjust pointers
[3.589s][info][gc,phases      ] GC(27) Phase 3: Adjust pointers 15.812ms
[3.589s][info][gc,phases,start] GC(27) Phase 4: Compact heap
[3.592s][info][gc,phases      ] GC(27) Phase 4: Compact heap 2.892ms
[3.592s][info][gc,heap        ] GC(27) Eden regions: 27->0(49)
[3.592s][info][gc,heap        ] GC(27) Survivor regions: 1->0(6)
[3.592s][info][gc,heap        ] GC(27) Old regions: 26->26
[3.592s][info][gc,heap        ] GC(27) Humongous regions: 0->0
[3.592s][info][gc,metaspace   ] GC(27) Metaspace: 12211K->12211K(1062912K)
[3.592s][info][gc             ] GC(27) Pause Full (System.gc()) 52M->25M(87M) 51.038ms
[3.592s][info][gc,cpu         ] GC(27) User=0.04s Sys=0.00s Real=0.06s
[3.697s][info][gc,start       ] GC(28) Pause Young (Normal) (G1 Evacuation Pause)
[3.697s][info][gc,task        ] GC(28) Using 1 workers of 1 for evacuation
[3.698s][info][gc,phases      ] GC(28)   Pre Evacuate Collection Set: 0.0ms
[3.698s][info][gc,phases      ] GC(28)   Evacuate Collection Set: 0.9ms
[3.698s][info][gc,phases      ] GC(28)   Post Evacuate Collection Set: 0.1ms
[3.698s][info][gc,phases      ] GC(28)   Other: 0.1ms
[3.698s][info][gc,heap        ] GC(28) Eden regions: 49->0(62)
[3.698s][info][gc,heap        ] GC(28) Survivor regions: 0->1(7)
[3.698s][info][gc,heap        ] GC(28) Old regions: 26->26
[3.698s][info][gc,heap        ] GC(28) Humongous regions: 0->0
[3.698s][info][gc,metaspace   ] GC(28) Metaspace: 12212K->12212K(1062912K)
[3.698s][info][gc             ] GC(28) Pause Young (Normal) (G1 Evacuation Pause) 74M->26M(105M) 1.165ms
[3.698s][info][gc,cpu         ] GC(28) User=0.00s Sys=0.00s Real=0.00s
[3.801s][info][gc,start       ] GC(29) Pause Young (Normal) (G1 Evacuation Pause)
[3.801s][info][gc,task        ] GC(29) Using 1 workers of 1 for evacuation
[3.803s][info][gc,phases      ] GC(29)   Pre Evacuate Collection Set: 0.0ms
[3.803s][info][gc,phases      ] GC(29)   Evacuate Collection Set: 2.2ms
[3.803s][info][gc,phases      ] GC(29)   Post Evacuate Collection Set: 0.1ms
[3.803s][info][gc,phases      ] GC(29)   Other: 0.1ms
[3.803s][info][gc,heap        ] GC(29) Eden regions: 62->0(61)
[3.803s][info][gc,heap        ] GC(29) Survivor regions: 1->2(8)
[3.803s][info][gc,heap        ] GC(29) Old regions: 26->26
[3.803s][info][gc,heap        ] GC(29) Humongous regions: 0->0
[3.803s][info][gc,metaspace   ] GC(29) Metaspace: 12212K->12212K(1062912K)
[3.803s][info][gc             ] GC(29) Pause Young (Normal) (G1 Evacuation Pause) 88M->27M(105M) 2.460ms
[3.803s][info][gc,cpu         ] GC(29) User=0.00s Sys=0.00s Real=0.00s
[3.827s][info][gc,task        ] GC(30) Using 1 workers of 1 for full compaction
[3.827s][info][gc,start       ] GC(30) Pause Full (System.gc())
[3.827s][info][gc,phases,start] GC(30) Phase 1: Mark live objects
[3.852s][info][gc,stringtable ] GC(30) Cleaned string and symbol table, strings: 4396 processed, 0 removed, symbols: 17928 processed, 0 removed
[3.852s][info][gc,phases      ] GC(30) Phase 1: Mark live objects 25.038ms
[3.852s][info][gc,phases,start] GC(30) Phase 2: Prepare for compaction
[3.859s][info][gc,phases      ] GC(30) Phase 2: Prepare for compaction 6.547ms
[3.859s][info][gc,phases,start] GC(30) Phase 3: Adjust pointers
[3.875s][info][gc,phases      ] GC(30) Phase 3: Adjust pointers 16.220ms
[3.875s][info][gc,phases,start] GC(30) Phase 4: Compact heap
[3.878s][info][gc,phases      ] GC(30) Phase 4: Compact heap 2.994ms
[3.879s][info][gc,heap        ] GC(30) Eden regions: 11->0(48)
[3.879s][info][gc,heap        ] GC(30) Survivor regions: 2->0(8)
[3.879s][info][gc,heap        ] GC(30) Old regions: 26->26
[3.879s][info][gc,heap        ] GC(30) Humongous regions: 0->0
[3.879s][info][gc,metaspace   ] GC(30) Metaspace: 12212K->12212K(1062912K)
[3.879s][info][gc             ] GC(30) Pause Full (System.gc()) 37M->25M(87M) 52.332ms
[3.879s][info][gc,cpu         ] GC(30) User=0.04s Sys=0.00s Real=0.05s
[3.968s][info][gc,start       ] GC(31) Pause Young (Normal) (G1 Evacuation Pause)
[3.968s][info][gc,task        ] GC(31) Using 1 workers of 1 for evacuation
[3.969s][info][gc,phases      ] GC(31)   Pre Evacuate Collection Set: 0.0ms
[3.969s][info][gc,phases      ] GC(31)   Evacuate Collection Set: 0.8ms
[3.969s][info][gc,phases      ] GC(31)   Post Evacuate Collection Set: 0.1ms
[3.969s][info][gc,phases      ] GC(31)   Other: 0.1ms
[3.969s][info][gc,heap        ] GC(31) Eden regions: 48->0(48)
[3.969s][info][gc,heap        ] GC(31) Survivor regions: 0->1(6)
[3.969s][info][gc,heap        ] GC(31) Old regions: 26->26
[3.969s][info][gc,heap        ] GC(31) Humongous regions: 0->0
[3.969s][info][gc,metaspace   ] GC(31) Metaspace: 12213K->12213K(1062912K)
[3.969s][info][gc             ] GC(31) Pause Young (Normal) (G1 Evacuation Pause) 73M->26M(87M) 1.021ms
[3.969s][info][gc,cpu         ] GC(31) User=0.00s Sys=0.00s Real=0.00s
[4.048s][info][gc,start       ] GC(32) Pause Young (Normal) (G1 Evacuation Pause)
[4.049s][info][gc,task        ] GC(32) Using 1 workers of 1 for evacuation
[4.050s][info][gc,phases      ] GC(32)   Pre Evacuate Collection Set: 0.0ms
[4.050s][info][gc,phases      ] GC(32)   Evacuate Collection Set: 1.3ms
[4.050s][info][gc,phases      ] GC(32)   Post Evacuate Collection Set: 0.1ms
[4.050s][info][gc,phases      ] GC(32)   Other: 0.1ms
[4.050s][info][gc,heap        ] GC(32) Eden regions: 48->0(48)
[4.050s][info][gc,heap        ] GC(32) Survivor regions: 1->1(7)
[4.050s][info][gc,heap        ] GC(32) Old regions: 26->26
[4.050s][info][gc,heap        ] GC(32) Humongous regions: 0->0
[4.050s][info][gc,metaspace   ] GC(32) Metaspace: 12215K->12215K(1062912K)
[4.050s][info][gc             ] GC(32) Pause Young (Normal) (G1 Evacuation Pause) 74M->26M(87M) 1.540ms
[4.050s][info][gc,cpu         ] GC(32) User=0.00s Sys=0.00s Real=0.00s
[4.098s][info][gc,task        ] GC(33) Using 1 workers of 1 for full compaction
[4.098s][info][gc,start       ] GC(33) Pause Full (System.gc())
[4.098s][info][gc,phases,start] GC(33) Phase 1: Mark live objects
[4.122s][info][gc,stringtable ] GC(33) Cleaned string and symbol table, strings: 4396 processed, 0 removed, symbols: 17928 processed, 0 removed
[4.123s][info][gc,phases      ] GC(33) Phase 1: Mark live objects 24.747ms
[4.123s][info][gc,phases,start] GC(33) Phase 2: Prepare for compaction
[4.133s][info][gc,phases      ] GC(33) Phase 2: Prepare for compaction 10.665ms
[4.133s][info][gc,phases,start] GC(33) Phase 3: Adjust pointers
[4.145s][info][gc,phases      ] GC(33) Phase 3: Adjust pointers 11.735ms
[4.145s][info][gc,phases,start] GC(33) Phase 4: Compact heap
[4.148s][info][gc,phases      ] GC(33) Phase 4: Compact heap 2.924ms
[4.149s][info][gc,heap        ] GC(33) Eden regions: 26->0(49)
[4.149s][info][gc,heap        ] GC(33) Survivor regions: 1->0(7)
[4.149s][info][gc,heap        ] GC(33) Old regions: 26->26
[4.149s][info][gc,heap        ] GC(33) Humongous regions: 0->0
[4.149s][info][gc,metaspace   ] GC(33) Metaspace: 12225K->12225K(1062912K)
[4.149s][info][gc             ] GC(33) Pause Full (System.gc()) 51M->25M(87M) 51.050ms
[4.149s][info][gc,cpu         ] GC(33) User=0.04s Sys=0.00s Real=0.05s
[4.238s][info][gc,start       ] GC(34) Pause Young (Normal) (G1 Evacuation Pause)
[4.238s][info][gc,task        ] GC(34) Using 1 workers of 1 for evacuation
[4.239s][info][gc,phases      ] GC(34)   Pre Evacuate Collection Set: 0.0ms
[4.239s][info][gc,phases      ] GC(34)   Evacuate Collection Set: 0.8ms
[4.239s][info][gc,phases      ] GC(34)   Post Evacuate Collection Set: 0.1ms
[4.239s][info][gc,phases      ] GC(34)   Other: 0.1ms
[4.239s][info][gc,heap        ] GC(34) Eden regions: 49->0(48)
[4.239s][info][gc,heap        ] GC(34) Survivor regions: 0->1(7)
[4.239s][info][gc,heap        ] GC(34) Old regions: 26->26
[4.239s][info][gc,heap        ] GC(34) Humongous regions: 0->0
[4.239s][info][gc,metaspace   ] GC(34) Metaspace: 12226K->12226K(1062912K)
[4.239s][info][gc             ] GC(34) Pause Young (Normal) (G1 Evacuation Pause) 74M->26M(87M) 1.020ms
[4.239s][info][gc,cpu         ] GC(34) User=0.00s Sys=0.00s Real=0.00s
[4.317s][info][gc,start       ] GC(35) Pause Young (Normal) (G1 Evacuation Pause)
[4.318s][info][gc,task        ] GC(35) Using 1 workers of 1 for evacuation
[4.319s][info][gc,phases      ] GC(35)   Pre Evacuate Collection Set: 0.0ms
[4.319s][info][gc,phases      ] GC(35)   Evacuate Collection Set: 1.3ms
[4.319s][info][gc,phases      ] GC(35)   Post Evacuate Collection Set: 0.1ms
[4.319s][info][gc,phases      ] GC(35)   Other: 0.4ms
[4.319s][info][gc,heap        ] GC(35) Eden regions: 48->0(48)
[4.319s][info][gc,heap        ] GC(35) Survivor regions: 1->1(7)
[4.319s][info][gc,heap        ] GC(35) Old regions: 26->26
[4.319s][info][gc,heap        ] GC(35) Humongous regions: 0->0
[4.319s][info][gc,metaspace   ] GC(35) Metaspace: 12226K->12226K(1062912K)
[4.319s][info][gc             ] GC(35) Pause Young (Normal) (G1 Evacuation Pause) 74M->26M(87M) 1.894ms
[4.319s][info][gc,cpu         ] GC(35) User=0.00s Sys=0.00s Real=0.00s
[4.371s][info][gc,task        ] GC(36) Using 1 workers of 1 for full compaction
[4.371s][info][gc,start       ] GC(36) Pause Full (System.gc())
[4.371s][info][gc,phases,start] GC(36) Phase 1: Mark live objects
[4.405s][info][gc,stringtable ] GC(36) Cleaned string and symbol table, strings: 4398 processed, 0 removed, symbols: 17928 processed, 0 removed
[4.405s][info][gc,phases      ] GC(36) Phase 1: Mark live objects 33.501ms
[4.405s][info][gc,phases,start] GC(36) Phase 2: Prepare for compaction
[4.409s][info][gc,phases      ] GC(36) Phase 2: Prepare for compaction 3.666ms
[4.409s][info][gc,phases,start] GC(36) Phase 3: Adjust pointers
[4.425s][info][gc,phases      ] GC(36) Phase 3: Adjust pointers 16.131ms
[4.425s][info][gc,phases,start] GC(36) Phase 4: Compact heap
[4.432s][info][gc,phases      ] GC(36) Phase 4: Compact heap 6.881ms
[4.433s][info][gc,heap        ] GC(36) Eden regions: 25->0(49)
[4.433s][info][gc,heap        ] GC(36) Survivor regions: 1->0(7)
[4.433s][info][gc,heap        ] GC(36) Old regions: 26->26
[4.433s][info][gc,heap        ] GC(36) Humongous regions: 0->0
[4.433s][info][gc,metaspace   ] GC(36) Metaspace: 12227K->12227K(1062912K)
[4.433s][info][gc             ] GC(36) Pause Full (System.gc()) 50M->25M(87M) 61.128ms
[4.433s][info][gc,cpu         ] GC(36) User=0.05s Sys=0.00s Real=0.07s
[4.523s][info][gc,start       ] GC(37) Pause Young (Normal) (G1 Evacuation Pause)
[4.523s][info][gc,task        ] GC(37) Using 1 workers of 1 for evacuation
[4.524s][info][gc,phases      ] GC(37)   Pre Evacuate Collection Set: 0.0ms
[4.524s][info][gc,phases      ] GC(37)   Evacuate Collection Set: 0.8ms
[4.524s][info][gc,phases      ] GC(37)   Post Evacuate Collection Set: 0.2ms
[4.524s][info][gc,phases      ] GC(37)   Other: 0.1ms
[4.524s][info][gc,heap        ] GC(37) Eden regions: 49->0(62)
[4.524s][info][gc,heap        ] GC(37) Survivor regions: 0->1(7)
[4.524s][info][gc,heap        ] GC(37) Old regions: 26->26
[4.524s][info][gc,heap        ] GC(37) Humongous regions: 0->0
[4.524s][info][gc,metaspace   ] GC(37) Metaspace: 12228K->12228K(1062912K)
[4.524s][info][gc             ] GC(37) Pause Young (Normal) (G1 Evacuation Pause) 74M->25M(105M) 1.214ms
[4.524s][info][gc,cpu         ] GC(37) User=0.00s Sys=0.00s Real=0.01s
[4.632s][info][gc,start       ] GC(38) Pause Young (Normal) (G1 Evacuation Pause)
[4.632s][info][gc,task        ] GC(38) Using 1 workers of 1 for evacuation
[4.634s][info][gc,phases      ] GC(38)   Pre Evacuate Collection Set: 0.0ms
[4.634s][info][gc,phases      ] GC(38)   Evacuate Collection Set: 2.2ms
[4.634s][info][gc,phases      ] GC(38)   Post Evacuate Collection Set: 0.1ms
[4.635s][info][gc,phases      ] GC(38)   Other: 0.2ms
[4.635s][info][gc,heap        ] GC(38) Eden regions: 62->0(61)
[4.635s][info][gc,heap        ] GC(38) Survivor regions: 1->2(8)
[4.635s][info][gc,heap        ] GC(38) Old regions: 26->26
[4.635s][info][gc,heap        ] GC(38) Humongous regions: 0->0
[4.635s][info][gc,metaspace   ] GC(38) Metaspace: 12228K->12228K(1062912K)
[4.635s][info][gc             ] GC(38) Pause Young (Normal) (G1 Evacuation Pause) 87M->27M(105M) 2.527ms
[4.635s][info][gc,cpu         ] GC(38) User=0.00s Sys=0.00s Real=0.01s
[4.664s][info][gc,heap,exit   ] Heap
[4.664s][info][gc,heap,exit   ]  garbage-first heap   total 107520K, used 40084K [0x0000000083a00000, 0x0000000100000000)
[4.664s][info][gc,heap,exit   ]   region size 1024K, 15 young (15360K), 2 survivors (2048K)
[4.664s][info][gc,heap,exit   ]  Metaspace       used 12336K, capacity 14575K, committed 14720K, reserved 1062912K
[4.664s][info][gc,heap,exit   ]   class space    used 1802K, capacity 2173K, committed 2176K, reserved 1048576K
