[0.006s][info][gc,heap] Heap region size: 1M
[0.007s][info][gc     ] Using G1
[0.007s][info][gc,heap,coops] Heap address: 0x00000000c2a00000, size: 982 MB, Compressed Oops mode: 32-bit
[0.564s][info][gc,start     ] GC(0) Pause Young (Normal) (G1 Evacuation Pause)
[0.564s][info][gc,task      ] GC(0) Using 1 workers of 1 for evacuation
[0.572s][info][gc,phases    ] GC(0)   Pre Evacuate Collection Set: 0.0ms
[0.573s][info][gc,phases    ] GC(0)   Evacuate Collection Set: 7.5ms
[0.573s][info][gc,phases    ] GC(0)   Post Evacuate Collection Set: 0.2ms
[0.573s][info][gc,phases    ] GC(0)   Other: 0.2ms
[0.574s][info][gc,heap      ] GC(0) Eden regions: 3->0(36)
[0.574s][info][gc,heap      ] GC(0) Survivor regions: 0->1(1)
[0.574s][info][gc,heap      ] GC(0) Old regions: 0->0
[0.574s][info][gc,heap      ] GC(0) Humongous regions: 0->0
[0.574s][info][gc,metaspace ] GC(0) Metaspace: 1052K->1052K(1056768K)
[0.574s][info][gc           ] GC(0) Pause Young (Normal) (G1 Evacuation Pause) 3M->0M(62M) 9.437ms
[0.574s][info][gc,cpu       ] GC(0) User=0.00s Sys=0.00s Real=0.01s
[1.229s][info][gc,task      ] GC(1) Using 1 workers of 1 for full compaction
[1.229s][info][gc,start     ] GC(1) Pause Full (System.gc())
[1.230s][info][gc,phases,start] GC(1) Phase 1: Mark live objects
[1.231s][info][gc,stringtable ] GC(1) Cleaned string and symbol table, strings: 2268 processed, 2 removed, symbols: 2565 processed, 0 removed
[1.233s][info][gc,phases      ] GC(1) Phase 1: Mark live objects 2.955ms
[1.233s][info][gc,phases,start] GC(1) Phase 2: Prepare for compaction
[1.233s][info][gc,phases      ] GC(1) Phase 2: Prepare for compaction 0.363ms
[1.233s][info][gc,phases,start] GC(1) Phase 3: Adjust pointers
[1.234s][info][gc,phases      ] GC(1) Phase 3: Adjust pointers 1.008ms
[1.236s][info][gc,phases,start] GC(1) Phase 4: Compact heap
[1.237s][info][gc,phases      ] GC(1) Phase 4: Compact heap 1.492ms
[1.245s][info][gc,heap        ] GC(1) Eden regions: 17->0(1)
[1.246s][info][gc,heap        ] GC(1) Survivor regions: 1->0(1)
[1.246s][info][gc,heap        ] GC(1) Old regions: 0->2
[1.246s][info][gc,heap        ] GC(1) Humongous regions: 0->0
[1.246s][info][gc,metaspace   ] GC(1) Metaspace: 1523K->1523K(1056768K)
[1.246s][info][gc             ] GC(1) Pause Full (System.gc()) 16M->1M(8M) 16.188ms
[1.246s][info][gc,cpu         ] GC(1) User=0.00s Sys=0.01s Real=0.01s
[1.485s][info][gc,start       ] GC(2) Pause Young (Normal) (G1 Evacuation Pause)
[1.485s][info][gc,task        ] GC(2) Using 1 workers of 1 for evacuation
[1.487s][info][gc,phases      ] GC(2)   Pre Evacuate Collection Set: 0.0ms
[1.487s][info][gc,phases      ] GC(2)   Evacuate Collection Set: 1.0ms
[1.487s][info][gc,phases      ] GC(2)   Post Evacuate Collection Set: 0.0ms
[1.487s][info][gc,phases      ] GC(2)   Other: 0.2ms
[1.487s][info][gc,heap        ] GC(2) Eden regions: 1->0(1)
[1.487s][info][gc,heap        ] GC(2) Survivor regions: 0->1(1)
[1.487s][info][gc,heap        ] GC(2) Old regions: 2->2
[1.487s][info][gc,heap        ] GC(2) Humongous regions: 0->0
[1.487s][info][gc,metaspace   ] GC(2) Metaspace: 1878K->1878K(1056768K)
[1.487s][info][gc             ] GC(2) Pause Young (Normal) (G1 Evacuation Pause) 2M->1M(8M) 1.287ms
[1.487s][info][gc,cpu         ] GC(2) User=0.00s Sys=0.00s Real=0.00s
[1.588s][info][gc,start       ] GC(3) Pause Young (Normal) (G1 Evacuation Pause)
[1.588s][info][gc,task        ] GC(3) Using 1 workers of 1 for evacuation
[1.589s][info][gc,phases      ] GC(3)   Pre Evacuate Collection Set: 0.0ms
[1.592s][info][gc,phases      ] GC(3)   Evacuate Collection Set: 0.6ms
[1.592s][info][gc,phases      ] GC(3)   Post Evacuate Collection Set: 0.0ms
[1.592s][info][gc,phases      ] GC(3)   Other: 0.2ms
[1.592s][info][gc,heap        ] GC(3) Eden regions: 1->0(2)
[1.592s][info][gc,heap        ] GC(3) Survivor regions: 1->1(1)
[1.592s][info][gc,heap        ] GC(3) Old regions: 2->2
[1.592s][info][gc,heap        ] GC(3) Humongous regions: 0->0
[1.592s][info][gc,metaspace   ] GC(3) Metaspace: 2254K->2254K(1056768K)
[1.592s][info][gc             ] GC(3) Pause Young (Normal) (G1 Evacuation Pause) 2M->1M(8M) 4.006ms
[1.592s][info][gc,cpu         ] GC(3) User=0.00s Sys=0.00s Real=0.00s
[1.846s][info][gc,start       ] GC(4) Pause Young (Normal) (G1 Evacuation Pause)
[1.846s][info][gc,task        ] GC(4) Using 1 workers of 1 for evacuation
[1.847s][info][gc,phases      ] GC(4)   Pre Evacuate Collection Set: 0.0ms
[1.847s][info][gc,phases      ] GC(4)   Evacuate Collection Set: 0.9ms
[1.847s][info][gc,phases      ] GC(4)   Post Evacuate Collection Set: 0.0ms
[1.847s][info][gc,phases      ] GC(4)   Other: 0.3ms
[1.847s][info][gc,heap        ] GC(4) Eden regions: 2->0(2)
[1.847s][info][gc,heap        ] GC(4) Survivor regions: 1->1(1)
[1.848s][info][gc,heap        ] GC(4) Old regions: 2->2
[1.848s][info][gc,heap        ] GC(4) Humongous regions: 0->0
[1.848s][info][gc,metaspace   ] GC(4) Metaspace: 3104K->3104K(1056768K)
[1.848s][info][gc             ] GC(4) Pause Young (Normal) (G1 Evacuation Pause) 3M->1M(8M) 1.431ms
[1.848s][info][gc,cpu         ] GC(4) User=0.00s Sys=0.00s Real=0.00s
[2.071s][info][gc,start       ] GC(5) Pause Young (Normal) (G1 Evacuation Pause)
[2.071s][info][gc,task        ] GC(5) Using 1 workers of 1 for evacuation
[2.073s][info][gc,phases      ] GC(5)   Pre Evacuate Collection Set: 0.0ms
[2.076s][info][gc,phases      ] GC(5)   Evacuate Collection Set: 1.2ms
[2.076s][info][gc,phases      ] GC(5)   Post Evacuate Collection Set: 0.0ms
[2.076s][info][gc,phases      ] GC(5)   Other: 1.1ms
[2.076s][info][gc,heap        ] GC(5) Eden regions: 2->0(2)
[2.076s][info][gc,heap        ] GC(5) Survivor regions: 1->1(1)
[2.076s][info][gc,heap        ] GC(5) Old regions: 2->2
[2.076s][info][gc,heap        ] GC(5) Humongous regions: 0->0
[2.076s][info][gc,metaspace   ] GC(5) Metaspace: 3951K->3951K(1056768K)
[2.076s][info][gc             ] GC(5) Pause Young (Normal) (G1 Evacuation Pause) 3M->1M(8M) 5.202ms
[2.076s][info][gc,cpu         ] GC(5) User=0.01s Sys=0.00s Real=0.01s
[2.245s][info][gc,start       ] GC(6) Pause Young (Normal) (G1 Evacuation Pause)
[2.245s][info][gc,task        ] GC(6) Using 1 workers of 1 for evacuation
[2.247s][info][gc,phases      ] GC(6)   Pre Evacuate Collection Set: 0.0ms
[2.248s][info][gc,phases      ] GC(6)   Evacuate Collection Set: 1.4ms
[2.248s][info][gc,phases      ] GC(6)   Post Evacuate Collection Set: 0.0ms
[2.248s][info][gc,phases      ] GC(6)   Other: 0.2ms
[2.248s][info][gc,heap        ] GC(6) Eden regions: 2->0(2)
[2.248s][info][gc,heap        ] GC(6) Survivor regions: 1->1(1)
[2.248s][info][gc,heap        ] GC(6) Old regions: 2->2
[2.248s][info][gc,heap        ] GC(6) Humongous regions: 0->0
[2.248s][info][gc,metaspace   ] GC(6) Metaspace: 4139K->4139K(1056768K)
[2.248s][info][gc             ] GC(6) Pause Young (Normal) (G1 Evacuation Pause) 3M->1M(8M) 2.732ms
[2.248s][info][gc,cpu         ] GC(6) User=0.00s Sys=0.00s Real=0.01s
[2.460s][info][gc,start       ] GC(7) Pause Young (Normal) (G1 Evacuation Pause)
[2.460s][info][gc,task        ] GC(7) Using 1 workers of 1 for evacuation
[2.463s][info][gc,phases      ] GC(7)   Pre Evacuate Collection Set: 0.0ms
[2.463s][info][gc,phases      ] GC(7)   Evacuate Collection Set: 2.6ms
[2.463s][info][gc,phases      ] GC(7)   Post Evacuate Collection Set: 0.0ms
[2.463s][info][gc,phases      ] GC(7)   Other: 0.4ms
[2.463s][info][gc,heap        ] GC(7) Eden regions: 2->0(1)
[2.463s][info][gc,heap        ] GC(7) Survivor regions: 1->1(1)
[2.463s][info][gc,heap        ] GC(7) Old regions: 2->3
[2.463s][info][gc,heap        ] GC(7) Humongous regions: 0->0
[2.463s][info][gc,metaspace   ] GC(7) Metaspace: 4942K->4942K(1056768K)
[2.463s][info][gc             ] GC(7) Pause Young (Normal) (G1 Evacuation Pause) 3M->2M(8M) 3.277ms
[2.463s][info][gc,cpu         ] GC(7) User=0.00s Sys=0.00s Real=0.00s
[2.539s][info][gc,start       ] GC(8) Pause Young (Normal) (G1 Evacuation Pause)
[2.540s][info][gc,task        ] GC(8) Using 1 workers of 1 for evacuation
[2.545s][info][gc,phases      ] GC(8)   Pre Evacuate Collection Set: 0.0ms
[2.545s][info][gc,phases      ] GC(8)   Evacuate Collection Set: 4.8ms
[2.545s][info][gc,phases      ] GC(8)   Post Evacuate Collection Set: 0.1ms
[2.545s][info][gc,phases      ] GC(8)   Other: 1.0ms
[2.545s][info][gc,heap        ] GC(8) Eden regions: 1->0(1)
[2.545s][info][gc,heap        ] GC(8) Survivor regions: 1->1(1)
[2.545s][info][gc,heap        ] GC(8) Old regions: 3->3
[2.545s][info][gc,heap        ] GC(8) Humongous regions: 0->0
[2.545s][info][gc,metaspace   ] GC(8) Metaspace: 5247K->5247K(1056768K)
[2.545s][info][gc             ] GC(8) Pause Young (Normal) (G1 Evacuation Pause) 3M->2M(8M) 5.975ms
[2.545s][info][gc,cpu         ] GC(8) User=0.00s Sys=0.00s Real=0.00s
[2.657s][info][gc,start       ] GC(9) Pause Young (Normal) (G1 Evacuation Pause)
[2.660s][info][gc,task        ] GC(9) Using 1 workers of 1 for evacuation
[2.662s][info][gc,phases      ] GC(9)   Pre Evacuate Collection Set: 0.0ms
[2.662s][info][gc,phases      ] GC(9)   Evacuate Collection Set: 1.2ms
[2.662s][info][gc,phases      ] GC(9)   Post Evacuate Collection Set: 0.0ms
[2.662s][info][gc,phases      ] GC(9)   Other: 3.6ms
[2.662s][info][gc,heap        ] GC(9) Eden regions: 1->0(1)
[2.662s][info][gc,heap        ] GC(9) Survivor regions: 1->1(1)
[2.662s][info][gc,heap        ] GC(9) Old regions: 3->3
[2.662s][info][gc,heap        ] GC(9) Humongous regions: 0->0
[2.662s][info][gc,metaspace   ] GC(9) Metaspace: 5644K->5644K(1056768K)
[2.662s][info][gc             ] GC(9) Pause Young (Normal) (G1 Evacuation Pause) 3M->2M(8M) 5.020ms
[2.662s][info][gc,cpu         ] GC(9) User=0.00s Sys=0.00s Real=0.00s
[2.782s][info][gc,start       ] GC(10) Pause Young (Normal) (G1 Evacuation Pause)
[2.783s][info][gc,task        ] GC(10) Using 1 workers of 1 for evacuation
[2.788s][info][gc,phases      ] GC(10)   Pre Evacuate Collection Set: 0.0ms
[2.788s][info][gc,phases      ] GC(10)   Evacuate Collection Set: 5.6ms
[2.788s][info][gc,phases      ] GC(10)   Post Evacuate Collection Set: 0.0ms
[2.788s][info][gc,phases      ] GC(10)   Other: 0.2ms
[2.788s][info][gc,heap        ] GC(10) Eden regions: 1->0(1)
[2.788s][info][gc,heap        ] GC(10) Survivor regions: 1->1(1)
[2.788s][info][gc,heap        ] GC(10) Old regions: 3->3
[2.788s][info][gc,heap        ] GC(10) Humongous regions: 0->0
[2.788s][info][gc,metaspace   ] GC(10) Metaspace: 5779K->5779K(1056768K)
[2.789s][info][gc             ] GC(10) Pause Young (Normal) (G1 Evacuation Pause) 3M->2M(8M) 6.036ms
[2.789s][info][gc,cpu         ] GC(10) User=0.01s Sys=0.00s Real=0.01s
[2.892s][info][gc,start       ] GC(11) Pause Young (Normal) (G1 Evacuation Pause)
[2.892s][info][gc,task        ] GC(11) Using 1 workers of 1 for evacuation
[2.895s][info][gc,phases      ] GC(11)   Pre Evacuate Collection Set: 0.0ms
[2.900s][info][gc,phases      ] GC(11)   Evacuate Collection Set: 2.6ms
[2.900s][info][gc,phases      ] GC(11)   Post Evacuate Collection Set: 0.0ms
[2.900s][info][gc,phases      ] GC(11)   Other: 0.2ms
[2.900s][info][gc,heap        ] GC(11) Eden regions: 1->0(1)
[2.900s][info][gc,heap        ] GC(11) Survivor regions: 1->1(1)
[2.900s][info][gc,heap        ] GC(11) Old regions: 3->3
[2.900s][info][gc,heap        ] GC(11) Humongous regions: 0->0
[2.900s][info][gc,metaspace   ] GC(11) Metaspace: 5862K->5862K(1056768K)
[2.900s][info][gc             ] GC(11) Pause Young (Normal) (G1 Evacuation Pause) 3M->3M(8M) 8.097ms
[2.900s][info][gc,cpu         ] GC(11) User=0.00s Sys=0.00s Real=0.01s
[3.012s][info][gc,start       ] GC(12) Pause Young (Normal) (G1 Evacuation Pause)
[3.012s][info][gc,task        ] GC(12) Using 1 workers of 1 for evacuation
[3.020s][info][gc,phases      ] GC(12)   Pre Evacuate Collection Set: 0.0ms
[3.020s][info][gc,phases      ] GC(12)   Evacuate Collection Set: 7.4ms
[3.020s][info][gc,phases      ] GC(12)   Post Evacuate Collection Set: 0.2ms
[3.020s][info][gc,phases      ] GC(12)   Other: 0.2ms
[3.020s][info][gc,heap        ] GC(12) Eden regions: 1->0(10)
[3.020s][info][gc,heap        ] GC(12) Survivor regions: 1->1(1)
[3.020s][info][gc,heap        ] GC(12) Old regions: 3->4
[3.020s][info][gc,heap        ] GC(12) Humongous regions: 0->0
[3.020s][info][gc,metaspace   ] GC(12) Metaspace: 5936K->5936K(1056768K)
[3.020s][info][gc             ] GC(12) Pause Young (Normal) (G1 Evacuation Pause) 4M->3M(35M) 7.992ms
[3.020s][info][gc,cpu         ] GC(12) User=0.00s Sys=0.00s Real=0.01s
[3.381s][info][gc,start       ] GC(13) Pause Young (Normal) (G1 Evacuation Pause)
[3.382s][info][gc,task        ] GC(13) Using 1 workers of 1 for evacuation
[3.383s][info][gc,phases      ] GC(13)   Pre Evacuate Collection Set: 0.0ms
[3.383s][info][gc,phases      ] GC(13)   Evacuate Collection Set: 1.4ms
[3.383s][info][gc,phases      ] GC(13)   Post Evacuate Collection Set: 0.0ms
[3.383s][info][gc,phases      ] GC(13)   Other: 0.4ms
[3.383s][info][gc,heap        ] GC(13) Eden regions: 10->0(14)
[3.383s][info][gc,heap        ] GC(13) Survivor regions: 1->1(2)
[3.383s][info][gc,heap        ] GC(13) Old regions: 4->4
[3.383s][info][gc,heap        ] GC(13) Humongous regions: 0->0
[3.383s][info][gc,metaspace   ] GC(13) Metaspace: 6077K->6077K(1056768K)
[3.383s][info][gc             ] GC(13) Pause Young (Normal) (G1 Evacuation Pause) 13M->3M(35M) 1.897ms
[3.383s][info][gc,cpu         ] GC(13) User=0.00s Sys=0.00s Real=0.00s
[4.042s][info][gc,start       ] GC(14) Pause Young (Normal) (G1 Evacuation Pause)
[4.042s][info][gc,task        ] GC(14) Using 1 workers of 1 for evacuation
[4.049s][info][gc,phases      ] GC(14)   Pre Evacuate Collection Set: 0.0ms
[4.049s][info][gc,phases      ] GC(14)   Evacuate Collection Set: 6.6ms
[4.049s][info][gc,phases      ] GC(14)   Post Evacuate Collection Set: 0.0ms
[4.049s][info][gc,phases      ] GC(14)   Other: 0.3ms
[4.049s][info][gc,heap        ] GC(14) Eden regions: 14->0(16)
[4.049s][info][gc,heap        ] GC(14) Survivor regions: 1->2(2)
[4.049s][info][gc,heap        ] GC(14) Old regions: 4->4
[4.049s][info][gc,heap        ] GC(14) Humongous regions: 0->0
[4.049s][info][gc,metaspace   ] GC(14) Metaspace: 6557K->6557K(1058816K)
[4.049s][info][gc             ] GC(14) Pause Young (Normal) (G1 Evacuation Pause) 17M->3M(35M) 7.100ms
[4.049s][info][gc,cpu         ] GC(14) User=0.00s Sys=0.00s Real=0.01s
[4.536s][info][gc,start       ] GC(15) Pause Young (Normal) (G1 Evacuation Pause)
[4.536s][info][gc,task        ] GC(15) Using 1 workers of 1 for evacuation
[4.538s][info][gc,phases      ] GC(15)   Pre Evacuate Collection Set: 0.0ms
[4.538s][info][gc,phases      ] GC(15)   Evacuate Collection Set: 1.9ms
[4.538s][info][gc,phases      ] GC(15)   Post Evacuate Collection Set: 0.0ms
[4.538s][info][gc,phases      ] GC(15)   Other: 0.3ms
[4.538s][info][gc,heap        ] GC(15) Eden regions: 16->0(20)
[4.538s][info][gc,heap        ] GC(15) Survivor regions: 2->1(3)
[4.538s][info][gc,heap        ] GC(15) Old regions: 4->4
[4.538s][info][gc,heap        ] GC(15) Humongous regions: 0->0
[4.538s][info][gc,metaspace   ] GC(15) Metaspace: 6717K->6717K(1058816K)
[4.538s][info][gc             ] GC(15) Pause Young (Normal) (G1 Evacuation Pause) 19M->3M(35M) 2.447ms
[4.538s][info][gc,cpu         ] GC(15) User=0.00s Sys=0.00s Real=0.00s
[5.088s][info][gc,start       ] GC(16) Pause Young (Normal) (G1 Evacuation Pause)
[5.088s][info][gc,task        ] GC(16) Using 1 workers of 1 for evacuation
[5.090s][info][gc,phases      ] GC(16)   Pre Evacuate Collection Set: 0.0ms
[5.096s][info][gc,phases      ] GC(16)   Evacuate Collection Set: 2.1ms
[5.096s][info][gc,phases      ] GC(16)   Post Evacuate Collection Set: 0.0ms
[5.096s][info][gc,phases      ] GC(16)   Other: 0.4ms
[5.096s][info][gc,heap        ] GC(16) Eden regions: 20->0(20)
[5.096s][info][gc,heap        ] GC(16) Survivor regions: 1->1(3)
[5.096s][info][gc,heap        ] GC(16) Old regions: 4->4
[5.096s][info][gc,heap        ] GC(16) Humongous regions: 0->0
[5.096s][info][gc,metaspace   ] GC(16) Metaspace: 6834K->6834K(1058816K)
[5.096s][info][gc             ] GC(16) Pause Young (Normal) (G1 Evacuation Pause) 23M->3M(35M) 8.055ms
[5.096s][info][gc,cpu         ] GC(16) User=0.00s Sys=0.00s Real=0.01s
[5.529s][info][gc,start       ] GC(17) Pause Young (Normal) (G1 Evacuation Pause)
[5.529s][info][gc,task        ] GC(17) Using 1 workers of 1 for evacuation
[5.597s][info][gc,phases      ] GC(17)   Pre Evacuate Collection Set: 0.0ms
[5.604s][info][gc,phases      ] GC(17)   Evacuate Collection Set: 67.7ms
[5.604s][info][gc,phases      ] GC(17)   Post Evacuate Collection Set: 0.0ms
[5.604s][info][gc,phases      ] GC(17)   Other: 0.3ms
[5.604s][info][gc,heap        ] GC(17) Eden regions: 20->0(9)
[5.604s][info][gc,heap        ] GC(17) Survivor regions: 1->3(3)
[5.604s][info][gc,heap        ] GC(17) Old regions: 4->11
[5.604s][info][gc,heap        ] GC(17) Humongous regions: 0->0
[5.604s][info][gc,metaspace   ] GC(17) Metaspace: 6883K->6883K(1058816K)
[5.604s][info][gc             ] GC(17) Pause Young (Normal) (G1 Evacuation Pause) 23M->12M(35M) 75.191ms
[5.604s][info][gc,cpu         ] GC(17) User=0.03s Sys=0.00s Real=0.07s
[5.729s][info][gc,start       ] GC(18) Pause Young (Normal) (G1 Evacuation Pause)
[5.729s][info][gc,task        ] GC(18) Using 1 workers of 1 for evacuation
[5.769s][info][gc,phases      ] GC(18)   Pre Evacuate Collection Set: 0.0ms
[5.769s][info][gc,phases      ] GC(18)   Evacuate Collection Set: 39.9ms
[5.769s][info][gc,phases      ] GC(18)   Post Evacuate Collection Set: 0.0ms
[5.769s][info][gc,phases      ] GC(18)   Other: 0.2ms
[5.769s][info][gc,heap        ] GC(18) Eden regions: 9->0(5)
[5.769s][info][gc,heap        ] GC(18) Survivor regions: 3->2(2)
[5.769s][info][gc,heap        ] GC(18) Old regions: 11->17
[5.770s][info][gc,heap        ] GC(18) Humongous regions: 0->0
[5.770s][info][gc,metaspace   ] GC(18) Metaspace: 6885K->6885K(1058816K)
[5.770s][info][gc             ] GC(18) Pause Young (Normal) (G1 Evacuation Pause) 21M->18M(35M) 40.409ms
[5.770s][info][gc,cpu         ] GC(18) User=0.02s Sys=0.00s Real=0.04s
[5.865s][info][gc,start       ] GC(19) Pause Young (Concurrent Start) (G1 Evacuation Pause)
[5.865s][info][gc,task        ] GC(19) Using 1 workers of 1 for evacuation
[5.884s][info][gc,phases      ] GC(19)   Pre Evacuate Collection Set: 0.0ms
[5.884s][info][gc,phases      ] GC(19)   Evacuate Collection Set: 18.6ms
[5.884s][info][gc,phases      ] GC(19)   Post Evacuate Collection Set: 0.2ms
[5.884s][info][gc,phases      ] GC(19)   Other: 0.2ms
[5.884s][info][gc,heap        ] GC(19) Eden regions: 5->0(16)
[5.884s][info][gc,heap        ] GC(19) Survivor regions: 2->1(1)
[5.884s][info][gc,heap        ] GC(19) Old regions: 17->21
[5.884s][info][gc,heap        ] GC(19) Humongous regions: 0->0
[5.884s][info][gc,metaspace   ] GC(19) Metaspace: 6894K->6894K(1058816K)
[5.884s][info][gc             ] GC(19) Pause Young (Concurrent Start) (G1 Evacuation Pause) 23M->21M(70M) 19.206ms
[5.884s][info][gc,cpu         ] GC(19) User=0.01s Sys=0.00s Real=0.02s
[5.884s][info][gc             ] GC(20) Concurrent Cycle
[5.885s][info][gc,marking     ] GC(20) Concurrent Clear Claimed Marks
[5.885s][info][gc,marking     ] GC(20) Concurrent Clear Claimed Marks 0.036ms
[5.885s][info][gc,marking     ] GC(20) Concurrent Scan Root Regions
[5.886s][info][gc,marking     ] GC(20) Concurrent Scan Root Regions 0.513ms
[5.886s][info][gc,marking     ] GC(20) Concurrent Mark (5.886s)
[5.886s][info][gc,marking     ] GC(20) Concurrent Mark From Roots
[5.886s][info][gc,task        ] GC(20) Using 1 workers of 1 for marking
[5.958s][info][gc,marking     ] GC(20) Concurrent Mark From Roots 72.261ms
[5.958s][info][gc,marking     ] GC(20) Concurrent Preclean
[5.958s][info][gc,marking     ] GC(20) Concurrent Preclean 0.045ms
[5.958s][info][gc,marking     ] GC(20) Concurrent Mark (5.886s, 5.958s) 72.415ms
[5.958s][info][gc,start       ] GC(20) Pause Remark
[5.965s][info][gc,stringtable ] GC(20) Cleaned string and symbol table, strings: 5353 processed, 6 removed, symbols: 12688 processed, 422 removed
[5.965s][info][gc             ] GC(20) Pause Remark 22M->16M(70M) 7.140ms
[5.966s][info][gc,cpu         ] GC(20) User=0.01s Sys=0.00s Real=0.00s
[5.966s][info][gc,marking     ] GC(20) Concurrent Rebuild Remembered Sets
[6.003s][info][gc,marking     ] GC(20) Concurrent Rebuild Remembered Sets 37.430ms
[6.011s][info][gc,start       ] GC(20) Pause Cleanup
[6.011s][info][gc             ] GC(20) Pause Cleanup 17M->17M(70M) 0.096ms
[6.011s][info][gc,cpu         ] GC(20) User=0.00s Sys=0.00s Real=0.00s
[6.011s][info][gc,marking     ] GC(20) Concurrent Cleanup for Next Mark
[6.011s][info][gc,marking     ] GC(20) Concurrent Cleanup for Next Mark 0.457ms
[6.011s][info][gc             ] GC(20) Concurrent Cycle 127.168ms
[6.437s][info][gc,start       ] GC(21) Pause Young (Prepare Mixed) (G1 Evacuation Pause)
[6.437s][info][gc,task        ] GC(21) Using 1 workers of 1 for evacuation
[6.451s][info][gc,phases      ] GC(21)   Pre Evacuate Collection Set: 0.0ms
[6.451s][info][gc,phases      ] GC(21)   Evacuate Collection Set: 10.3ms
[6.451s][info][gc,phases      ] GC(21)   Post Evacuate Collection Set: 3.6ms
[6.451s][info][gc,phases      ] GC(21)   Other: 0.3ms
[6.451s][info][gc,heap        ] GC(21) Eden regions: 16->0(1)
[6.451s][info][gc,heap        ] GC(21) Survivor regions: 1->2(3)
[6.451s][info][gc,heap        ] GC(21) Old regions: 15->15
[6.451s][info][gc,heap        ] GC(21) Humongous regions: 0->0
[6.451s][info][gc,metaspace   ] GC(21) Metaspace: 6900K->6900K(1058816K)
[6.451s][info][gc             ] GC(21) Pause Young (Prepare Mixed) (G1 Evacuation Pause) 31M->16M(70M) 14.349ms
[6.451s][info][gc,cpu         ] GC(21) User=0.00s Sys=0.00s Real=0.01s
[6.496s][info][gc,start       ] GC(22) Pause Young (Mixed) (G1 Evacuation Pause)
[6.496s][info][gc,task        ] GC(22) Using 1 workers of 1 for evacuation
[6.518s][info][gc,phases      ] GC(22)   Pre Evacuate Collection Set: 0.0ms
[6.524s][info][gc,phases      ] GC(22)   Evacuate Collection Set: 21.5ms
[6.524s][info][gc,phases      ] GC(22)   Post Evacuate Collection Set: 0.0ms
[6.524s][info][gc,phases      ] GC(22)   Other: 0.1ms
[6.524s][info][gc,heap        ] GC(22) Eden regions: 1->0(19)
[6.524s][info][gc,heap        ] GC(22) Survivor regions: 2->1(1)
[6.524s][info][gc,heap        ] GC(22) Old regions: 15->16
[6.524s][info][gc,heap        ] GC(22) Humongous regions: 0->0
[6.524s][info][gc,metaspace   ] GC(22) Metaspace: 6900K->6900K(1058816K)
[6.524s][info][gc             ] GC(22) Pause Young (Mixed) (G1 Evacuation Pause) 17M->14M(70M) 27.648ms
[6.524s][info][gc,cpu         ] GC(22) User=0.01s Sys=0.00s Real=0.02s
[6.770s][info][gc,start       ] GC(23) Pause Young (Normal) (G1 Evacuation Pause)
[6.770s][info][gc,task        ] GC(23) Using 1 workers of 1 for evacuation
[6.776s][info][gc,phases      ] GC(23)   Pre Evacuate Collection Set: 0.0ms
[6.776s][info][gc,phases      ] GC(23)   Evacuate Collection Set: 5.5ms
[6.776s][info][gc,phases      ] GC(23)   Post Evacuate Collection Set: 0.0ms
[6.776s][info][gc,phases      ] GC(23)   Other: 0.3ms
[6.776s][info][gc,heap        ] GC(23) Eden regions: 19->0(21)
[6.776s][info][gc,heap        ] GC(23) Survivor regions: 1->1(3)
[6.776s][info][gc,heap        ] GC(23) Old regions: 16->16
[6.776s][info][gc,heap        ] GC(23) Humongous regions: 0->0
[6.776s][info][gc,metaspace   ] GC(23) Metaspace: 6906K->6906K(1058816K)
[6.776s][info][gc             ] GC(23) Pause Young (Normal) (G1 Evacuation Pause) 33M->14M(70M) 6.034ms
[6.776s][info][gc,cpu         ] GC(23) User=0.00s Sys=0.00s Real=0.01s
[7.149s][info][gc,start       ] GC(24) Pause Young (Normal) (G1 Evacuation Pause)
[7.149s][info][gc,task        ] GC(24) Using 1 workers of 1 for evacuation
[7.151s][info][gc,phases      ] GC(24)   Pre Evacuate Collection Set: 0.0ms
[7.156s][info][gc,phases      ] GC(24)   Evacuate Collection Set: 1.0ms
[7.156s][info][gc,phases      ] GC(24)   Post Evacuate Collection Set: 0.2ms
[7.156s][info][gc,phases      ] GC(24)   Other: 0.8ms
[7.156s][info][gc,heap        ] GC(24) Eden regions: 21->0(48)
[7.156s][info][gc,heap        ] GC(24) Survivor regions: 1->1(3)
[7.156s][info][gc,heap        ] GC(24) Old regions: 16->16
[7.156s][info][gc,heap        ] GC(24) Humongous regions: 0->0
[7.156s][info][gc,metaspace   ] GC(24) Metaspace: 6908K->6908K(1058816K)
[7.156s][info][gc             ] GC(24) Pause Young (Normal) (G1 Evacuation Pause) 35M->14M(99M) 7.448ms
[7.156s][info][gc,cpu         ] GC(24) User=0.00s Sys=0.00s Real=0.01s
[7.848s][info][gc,start       ] GC(25) Pause Young (Normal) (G1 Evacuation Pause)
[7.848s][info][gc,task        ] GC(25) Using 1 workers of 1 for evacuation
[7.850s][info][gc,phases      ] GC(25)   Pre Evacuate Collection Set: 0.0ms
[7.850s][info][gc,phases      ] GC(25)   Evacuate Collection Set: 1.6ms
[7.850s][info][gc,phases      ] GC(25)   Post Evacuate Collection Set: 0.1ms
[7.850s][info][gc,phases      ] GC(25)   Other: 0.3ms
[7.850s][info][gc,heap        ] GC(25) Eden regions: 48->0(55)
[7.850s][info][gc,heap        ] GC(25) Survivor regions: 1->1(7)
[7.850s][info][gc,heap        ] GC(25) Old regions: 16->16
[7.850s][info][gc,heap        ] GC(25) Humongous regions: 0->0
[7.850s][info][gc,metaspace   ] GC(25) Metaspace: 6911K->6911K(1058816K)
[7.850s][info][gc             ] GC(25) Pause Young (Normal) (G1 Evacuation Pause) 62M->14M(99M) 2.134ms
[7.850s][info][gc,cpu         ] GC(25) User=0.00s Sys=0.00s Real=0.00s
[9.247s][info][gc,start       ] GC(26) Pause Young (Normal) (G1 Evacuation Pause)
[9.251s][info][gc,task        ] GC(26) Using 1 workers of 1 for evacuation
[9.276s][info][gc,phases      ] GC(26)   Pre Evacuate Collection Set: 0.0ms
[9.276s][info][gc,phases      ] GC(26)   Evacuate Collection Set: 25.1ms
[9.276s][info][gc,phases      ] GC(26)   Post Evacuate Collection Set: 0.1ms
[9.276s][info][gc,phases      ] GC(26)   Other: 3.7ms
[9.276s][info][gc,heap        ] GC(26) Eden regions: 55->0(56)
[9.276s][info][gc,heap        ] GC(26) Survivor regions: 1->3(7)
[9.276s][info][gc,heap        ] GC(26) Old regions: 16->16
[9.276s][info][gc,heap        ] GC(26) Humongous regions: 0->0
[9.276s][info][gc,metaspace   ] GC(26) Metaspace: 7026K->7026K(1058816K)
[9.276s][info][gc             ] GC(26) Pause Young (Normal) (G1 Evacuation Pause) 69M->17M(99M) 29.190ms
[9.276s][info][gc,cpu         ] GC(26) User=0.01s Sys=0.00s Real=0.04s
[10.625s][info][gc,start       ] GC(27) Pause Young (Normal) (G1 Evacuation Pause)
[10.626s][info][gc,task        ] GC(27) Using 1 workers of 1 for evacuation
[10.656s][info][gc,phases      ] GC(27)   Pre Evacuate Collection Set: 0.0ms
[10.656s][info][gc,phases      ] GC(27)   Evacuate Collection Set: 23.6ms
[10.656s][info][gc,phases      ] GC(27)   Post Evacuate Collection Set: 6.5ms
[10.656s][info][gc,phases      ] GC(27)   Other: 0.4ms
[10.656s][info][gc,heap        ] GC(27) Eden regions: 56->0(55)
[10.656s][info][gc,heap        ] GC(27) Survivor regions: 3->4(8)
[10.656s][info][gc,heap        ] GC(27) Old regions: 16->16
[10.656s][info][gc,heap        ] GC(27) Humongous regions: 0->0
[10.656s][info][gc,metaspace   ] GC(27) Metaspace: 8457K->8457K(1058816K)
[10.656s][info][gc             ] GC(27) Pause Young (Normal) (G1 Evacuation Pause) 73M->17M(99M) 30.890ms
[10.656s][info][gc,cpu         ] GC(27) User=0.00s Sys=0.00s Real=0.04s
[11.874s][info][gc,start       ] GC(28) Pause Young (Normal) (G1 Evacuation Pause)
[11.874s][info][gc,task        ] GC(28) Using 1 workers of 1 for evacuation
[11.897s][info][gc,phases      ] GC(28)   Pre Evacuate Collection Set: 0.0ms
[11.899s][info][gc,phases      ] GC(28)   Evacuate Collection Set: 22.0ms
[11.899s][info][gc,phases      ] GC(28)   Post Evacuate Collection Set: 0.9ms
[11.899s][info][gc,phases      ] GC(28)   Other: 0.4ms
[11.899s][info][gc,heap        ] GC(28) Eden regions: 55->0(55)
[11.899s][info][gc,heap        ] GC(28) Survivor regions: 4->4(8)
[11.899s][info][gc,heap        ] GC(28) Old regions: 16->16
[11.900s][info][gc,heap        ] GC(28) Humongous regions: 0->0
[11.900s][info][gc,metaspace   ] GC(28) Metaspace: 8646K->8646K(1058816K)
[11.900s][info][gc             ] GC(28) Pause Young (Normal) (G1 Evacuation Pause) 72M->17M(99M) 26.311ms
[11.900s][info][gc,cpu         ] GC(28) User=0.00s Sys=0.01s Real=0.03s
[12.160s][info][gc,heap,exit   ] Heap
[12.160s][info][gc,heap,exit   ]  garbage-first heap   total 101376K, used 25556K [0x00000000c2a00000, 0x0000000100000000)
[12.160s][info][gc,heap,exit   ]   region size 1024K, 12 young (12288K), 4 survivors (4096K)
[12.160s][info][gc,heap,exit   ]  Metaspace       used 8926K, capacity 10027K, committed 10368K, reserved 1058816K
[12.160s][info][gc,heap,exit   ]   class space    used 981K, capacity 1107K, committed 1152K, reserved 1048576K
