[0.008s][info][gc,heap] Heap region size: 1M
[0.009s][info][gc     ] Using G1
[0.009s][info][gc,heap,coops] Heap address: 0x0000000083a00000, size: 1990 MB, Compressed Oops mode: 32-bit
[0.408s][info][gc,start     ] GC(0) Pause Young (Normal) (G1 Evacuation Pause)
[0.408s][info][gc,task      ] GC(0) Using 1 workers of 1 for evacuation
[0.413s][info][gc,phases    ] GC(0)   Pre Evacuate Collection Set: 0.0ms
[0.413s][info][gc,phases    ] GC(0)   Evacuate Collection Set: 3.9ms
[0.413s][info][gc,phases    ] GC(0)   Post Evacuate Collection Set: 0.1ms
[0.413s][info][gc,phases    ] GC(0)   Other: 0.1ms
[0.413s][info][gc,heap      ] GC(0) Eden regions: 6->0(5)
[0.413s][info][gc,heap      ] GC(0) Survivor regions: 0->1(1)
[0.413s][info][gc,heap      ] GC(0) Old regions: 0->2
[0.413s][info][gc,heap      ] GC(0) Humongous regions: 0->0
[0.413s][info][gc,metaspace ] GC(0) Metaspace: 2152K->2152K(1056768K)
[0.413s][info][gc           ] GC(0) Pause Young (Normal) (G1 Evacuation Pause) 6M->2M(126M) 4.252ms
[0.413s][info][gc,cpu       ] GC(0) User=0.00s Sys=0.00s Real=0.00s
[0.549s][info][gc,start     ] GC(1) Pause Young (Normal) (G1 Evacuation Pause)
[0.549s][info][gc,task      ] GC(1) Using 1 workers of 1 for evacuation
[0.552s][info][gc,phases    ] GC(1)   Pre Evacuate Collection Set: 0.0ms
[0.552s][info][gc,phases    ] GC(1)   Evacuate Collection Set: 2.2ms
[0.552s][info][gc,phases    ] GC(1)   Post Evacuate Collection Set: 0.0ms
[0.552s][info][gc,phases    ] GC(1)   Other: 0.1ms
[0.552s][info][gc,heap      ] GC(1) Eden regions: 5->0(6)
[0.552s][info][gc,heap      ] GC(1) Survivor regions: 1->1(1)
[0.552s][info][gc,heap      ] GC(1) Old regions: 2->3
[0.552s][info][gc,heap      ] GC(1) Humongous regions: 0->0
[0.552s][info][gc,metaspace ] GC(1) Metaspace: 4295K->4295K(1056768K)
[0.552s][info][gc           ] GC(1) Pause Young (Normal) (G1 Evacuation Pause) 7M->2M(126M) 2.400ms
[0.552s][info][gc,cpu       ] GC(1) User=0.00s Sys=0.00s Real=0.00s
[0.742s][info][gc,start     ] GC(2) Pause Young (Normal) (G1 Evacuation Pause)
[0.742s][info][gc,task      ] GC(2) Using 1 workers of 1 for evacuation
[0.744s][info][gc,phases    ] GC(2)   Pre Evacuate Collection Set: 0.0ms
[0.744s][info][gc,phases    ] GC(2)   Evacuate Collection Set: 1.4ms
[0.744s][info][gc,phases    ] GC(2)   Post Evacuate Collection Set: 0.0ms
[0.744s][info][gc,phases    ] GC(2)   Other: 0.1ms
[0.744s][info][gc,heap      ] GC(2) Eden regions: 6->0(12)
[0.744s][info][gc,heap      ] GC(2) Survivor regions: 1->1(1)
[0.744s][info][gc,heap      ] GC(2) Old regions: 3->3
[0.744s][info][gc,heap      ] GC(2) Humongous regions: 0->0
[0.744s][info][gc,metaspace ] GC(2) Metaspace: 6642K->6642K(1058816K)
[0.744s][info][gc           ] GC(2) Pause Young (Normal) (G1 Evacuation Pause) 8M->2M(126M) 1.592ms
[0.744s][info][gc,cpu       ] GC(2) User=0.00s Sys=0.00s Real=0.00s
[2.103s][info][gc,start     ] GC(3) Pause Young (Normal) (G1 Evacuation Pause)
[2.104s][info][gc,task      ] GC(3) Using 1 workers of 1 for evacuation
[2.106s][info][gc,phases    ] GC(3)   Pre Evacuate Collection Set: 0.0ms
[2.106s][info][gc,phases    ] GC(3)   Evacuate Collection Set: 2.4ms
[2.106s][info][gc,phases    ] GC(3)   Post Evacuate Collection Set: 0.1ms
[2.106s][info][gc,phases    ] GC(3)   Other: 0.1ms
[2.106s][info][gc,heap      ] GC(3) Eden regions: 12->0(18)
[2.106s][info][gc,heap      ] GC(3) Survivor regions: 1->1(2)
[2.106s][info][gc,heap      ] GC(3) Old regions: 3->3
[2.106s][info][gc,heap      ] GC(3) Humongous regions: 0->0
[2.106s][info][gc,metaspace ] GC(3) Metaspace: 8503K->8503K(1058816K)
[2.106s][info][gc           ] GC(3) Pause Young (Normal) (G1 Evacuation Pause) 14M->3M(126M) 2.686ms
[2.106s][info][gc,cpu       ] GC(3) User=0.00s Sys=0.00s Real=0.00s
[2.398s][info][gc,start     ] GC(4) Pause Young (Normal) (G1 Evacuation Pause)
[2.398s][info][gc,task      ] GC(4) Using 1 workers of 1 for evacuation
[2.403s][info][gc,phases    ] GC(4)   Pre Evacuate Collection Set: 0.0ms
[2.404s][info][gc,phases    ] GC(4)   Evacuate Collection Set: 5.4ms
[2.404s][info][gc,phases    ] GC(4)   Post Evacuate Collection Set: 0.2ms
[2.404s][info][gc,phases    ] GC(4)   Other: 0.1ms
[2.404s][info][gc,heap      ] GC(4) Eden regions: 18->0(19)
[2.404s][info][gc,heap      ] GC(4) Survivor regions: 1->3(3)
[2.404s][info][gc,heap      ] GC(4) Old regions: 3->8
[2.404s][info][gc,heap      ] GC(4) Humongous regions: 6->6
[2.404s][info][gc,metaspace ] GC(4) Metaspace: 12172K->12172K(1060864K)
[2.404s][info][gc           ] GC(4) Pause Young (Normal) (G1 Evacuation Pause) 27M->16M(126M) 5.880ms
[2.404s][info][gc,cpu       ] GC(4) User=0.01s Sys=0.00s Real=0.01s
[3.007s][info][gc,start     ] GC(5) Pause Young (Normal) (G1 Evacuation Pause)
[3.007s][info][gc,task      ] GC(5) Using 1 workers of 1 for evacuation
[3.013s][info][gc,phases    ] GC(5)   Pre Evacuate Collection Set: 0.0ms
[3.013s][info][gc,phases    ] GC(5)   Evacuate Collection Set: 5.8ms
[3.013s][info][gc,phases    ] GC(5)   Post Evacuate Collection Set: 0.2ms
[3.013s][info][gc,phases    ] GC(5)   Other: 0.1ms
[3.013s][info][gc,heap      ] GC(5) Eden regions: 19->0(22)
[3.013s][info][gc,heap      ] GC(5) Survivor regions: 3->3(3)
[3.013s][info][gc,heap      ] GC(5) Old regions: 8->11
[3.013s][info][gc,heap      ] GC(5) Humongous regions: 6->6
[3.013s][info][gc,metaspace ] GC(5) Metaspace: 17576K->17576K(1064960K)
[3.013s][info][gc           ] GC(5) Pause Young (Normal) (G1 Evacuation Pause) 35M->19M(126M) 6.115ms
[3.013s][info][gc,cpu       ] GC(5) User=0.01s Sys=0.00s Real=0.00s
[3.219s][info][gc,start     ] GC(6) Pause Young (Concurrent Start) (Metadata GC Threshold)
[3.219s][info][gc,task      ] GC(6) Using 1 workers of 1 for evacuation
[3.230s][info][gc,phases    ] GC(6)   Pre Evacuate Collection Set: 0.0ms
[3.230s][info][gc,phases    ] GC(6)   Evacuate Collection Set: 4.8ms
[3.230s][info][gc,phases    ] GC(6)   Post Evacuate Collection Set: 6.0ms
[3.230s][info][gc,phases    ] GC(6)   Other: 0.2ms
[3.230s][info][gc,heap      ] GC(6) Eden regions: 9->0(26)
[3.230s][info][gc,heap      ] GC(6) Survivor regions: 3->1(4)
[3.230s][info][gc,heap      ] GC(6) Old regions: 11->14
[3.230s][info][gc,heap      ] GC(6) Humongous regions: 6->6
[3.230s][info][gc,metaspace ] GC(6) Metaspace: 20183K->20183K(1067008K)
[3.230s][info][gc           ] GC(6) Pause Young (Concurrent Start) (Metadata GC Threshold) 28M->19M(152M) 11.089ms
[3.230s][info][gc,cpu       ] GC(6) User=0.01s Sys=0.00s Real=0.01s
[3.230s][info][gc           ] GC(7) Concurrent Cycle
[3.230s][info][gc,marking   ] GC(7) Concurrent Clear Claimed Marks
[3.231s][info][gc,marking   ] GC(7) Concurrent Clear Claimed Marks 0.039ms
[3.231s][info][gc,marking   ] GC(7) Concurrent Scan Root Regions
[3.231s][info][gc,marking   ] GC(7) Concurrent Scan Root Regions 0.312ms
[3.231s][info][gc,marking   ] GC(7) Concurrent Mark (3.231s)
[3.231s][info][gc,marking   ] GC(7) Concurrent Mark From Roots
[3.231s][info][gc,task      ] GC(7) Using 1 workers of 1 for marking
[3.261s][info][gc,marking   ] GC(7) Concurrent Mark From Roots 30.550ms
[3.261s][info][gc,marking   ] GC(7) Concurrent Preclean
[3.261s][info][gc,marking   ] GC(7) Concurrent Preclean 0.042ms
[3.261s][info][gc,marking   ] GC(7) Concurrent Mark (3.231s, 3.261s) 30.642ms
[3.262s][info][gc,start     ] GC(7) Pause Remark
[3.266s][info][gc,stringtable] GC(7) Cleaned string and symbol table, strings: 7990 processed, 7 removed, symbols: 40182 processed, 43 removed
[3.266s][info][gc            ] GC(7) Pause Remark 20M->20M(152M) 3.543ms
[3.266s][info][gc,cpu        ] GC(7) User=0.01s Sys=0.00s Real=0.00s
[3.266s][info][gc,marking    ] GC(7) Concurrent Rebuild Remembered Sets
[3.284s][info][gc,marking    ] GC(7) Concurrent Rebuild Remembered Sets 18.012ms
[3.284s][info][gc,start      ] GC(7) Pause Cleanup
[3.284s][info][gc            ] GC(7) Pause Cleanup 20M->20M(152M) 0.051ms
[3.284s][info][gc,cpu        ] GC(7) User=0.00s Sys=0.00s Real=0.00s
[3.284s][info][gc,marking    ] GC(7) Concurrent Cleanup for Next Mark
[3.285s][info][gc,marking    ] GC(7) Concurrent Cleanup for Next Mark 0.474ms
[3.285s][info][gc            ] GC(7) Concurrent Cycle 54.076ms
[3.896s][info][gc,start      ] GC(8) Pause Young (Normal) (G1 Evacuation Pause)
[3.896s][info][gc,task       ] GC(8) Using 1 workers of 1 for evacuation
[3.901s][info][gc,phases     ] GC(8)   Pre Evacuate Collection Set: 0.0ms
[3.902s][info][gc,phases     ] GC(8)   Evacuate Collection Set: 4.9ms
[3.902s][info][gc,phases     ] GC(8)   Post Evacuate Collection Set: 0.2ms
[3.902s][info][gc,phases     ] GC(8)   Other: 0.1ms
[3.902s][info][gc,heap       ] GC(8) Eden regions: 26->0(45)
[3.902s][info][gc,heap       ] GC(8) Survivor regions: 1->2(4)
[3.902s][info][gc,heap       ] GC(8) Old regions: 14->14
[3.902s][info][gc,heap       ] GC(8) Humongous regions: 6->6
[3.902s][info][gc,metaspace  ] GC(8) Metaspace: 25615K->25615K(1073152K)
[3.902s][info][gc            ] GC(8) Pause Young (Normal) (G1 Evacuation Pause) 45M->20M(152M) 5.269ms
[3.902s][info][gc,cpu        ] GC(8) User=0.01s Sys=0.00s Real=0.00s
[4.789s][info][gc,start      ] GC(9) Pause Young (Concurrent Start) (Metadata GC Threshold)
[4.789s][info][gc,task       ] GC(9) Using 1 workers of 1 for evacuation
[4.798s][info][gc,phases     ] GC(9)   Pre Evacuate Collection Set: 0.1ms
[4.798s][info][gc,phases     ] GC(9)   Evacuate Collection Set: 8.7ms
[4.798s][info][gc,phases     ] GC(9)   Post Evacuate Collection Set: 0.2ms
[4.798s][info][gc,phases     ] GC(9)   Other: 0.2ms
[4.798s][info][gc,heap       ] GC(9) Eden regions: 42->0(53)
[4.798s][info][gc,heap       ] GC(9) Survivor regions: 2->4(6)
[4.798s][info][gc,heap       ] GC(9) Old regions: 14->14
[4.798s][info][gc,heap       ] GC(9) Humongous regions: 6->6
[4.798s][info][gc,metaspace  ] GC(9) Metaspace: 34500K->34500K(1079296K)
[4.798s][info][gc            ] GC(9) Pause Young (Concurrent Start) (Metadata GC Threshold) 62M->23M(152M) 9.283ms
[4.798s][info][gc,cpu        ] GC(9) User=0.01s Sys=0.01s Real=0.01s
[4.798s][info][gc            ] GC(10) Concurrent Cycle
[4.798s][info][gc,marking    ] GC(10) Concurrent Clear Claimed Marks
[4.798s][info][gc,marking    ] GC(10) Concurrent Clear Claimed Marks 0.080ms
[4.798s][info][gc,marking    ] GC(10) Concurrent Scan Root Regions
[4.801s][info][gc,marking    ] GC(10) Concurrent Scan Root Regions 2.475ms
[4.801s][info][gc,marking    ] GC(10) Concurrent Mark (4.801s)
[4.801s][info][gc,marking    ] GC(10) Concurrent Mark From Roots
[4.801s][info][gc,task       ] GC(10) Using 1 workers of 1 for marking
[4.828s][info][gc,marking    ] GC(10) Concurrent Mark From Roots 27.633ms
[4.828s][info][gc,marking    ] GC(10) Concurrent Preclean
[4.828s][info][gc,marking    ] GC(10) Concurrent Preclean 0.036ms
[4.828s][info][gc,marking    ] GC(10) Concurrent Mark (4.801s, 4.828s) 27.710ms
[4.829s][info][gc,start      ] GC(10) Pause Remark
[4.834s][info][gc,stringtable] GC(10) Cleaned string and symbol table, strings: 13688 processed, 3 removed, symbols: 80094 processed, 44 removed
[4.837s][info][gc            ] GC(10) Pause Remark 23M->23M(152M) 8.418ms
[4.837s][info][gc,cpu        ] GC(10) User=0.01s Sys=0.00s Real=0.01s
[4.837s][info][gc,marking    ] GC(10) Concurrent Rebuild Remembered Sets
[4.841s][info][gc,marking    ] GC(10) Concurrent Rebuild Remembered Sets 4.347ms
[4.841s][info][gc,start      ] GC(10) Pause Cleanup
[4.842s][info][gc            ] GC(10) Pause Cleanup 23M->23M(152M) 0.033ms
[4.842s][info][gc,cpu        ] GC(10) User=0.00s Sys=0.00s Real=0.00s
[4.842s][info][gc,marking    ] GC(10) Concurrent Cleanup for Next Mark
[4.851s][info][gc,marking    ] GC(10) Concurrent Cleanup for Next Mark 9.755ms
[4.851s][info][gc            ] GC(10) Concurrent Cycle 53.152ms
[5.718s][info][gc,start      ] GC(11) Pause Young (Normal) (G1 Evacuation Pause)
[5.719s][info][gc,task       ] GC(11) Using 1 workers of 1 for evacuation
[5.751s][info][gc,phases     ] GC(11)   Pre Evacuate Collection Set: 0.0ms
[5.751s][info][gc,phases     ] GC(11)   Evacuate Collection Set: 26.4ms
[5.751s][info][gc,phases     ] GC(11)   Post Evacuate Collection Set: 5.1ms
[5.751s][info][gc,phases     ] GC(11)   Other: 0.9ms
[5.751s][info][gc,heap       ] GC(11) Eden regions: 54->0(64)
[5.751s][info][gc,heap       ] GC(11) Survivor regions: 4->8(8)
[5.751s][info][gc,heap       ] GC(11) Old regions: 14->14
[5.751s][info][gc,heap       ] GC(11) Humongous regions: 6->6
[5.751s][info][gc,metaspace  ] GC(11) Metaspace: 42877K->42877K(1087488K)
[5.751s][info][gc            ] GC(11) Pause Young (Normal) (G1 Evacuation Pause) 77M->27M(152M) 32.520ms
[5.751s][info][gc,cpu        ] GC(11) User=0.03s Sys=0.00s Real=0.03s
[6.048s][info][gc,start      ] GC(12) Pause Young (Normal) (G1 Evacuation Pause)
[6.048s][info][gc,task       ] GC(12) Using 1 workers of 1 for evacuation
[6.081s][info][gc,phases     ] GC(12)   Pre Evacuate Collection Set: 0.0ms
[6.081s][info][gc,phases     ] GC(12)   Evacuate Collection Set: 32.7ms
[6.081s][info][gc,phases     ] GC(12)   Post Evacuate Collection Set: 0.4ms
[6.081s][info][gc,phases     ] GC(12)   Other: 0.2ms
[6.081s][info][gc,heap       ] GC(12) Eden regions: 64->0(74)
[6.081s][info][gc,heap       ] GC(12) Survivor regions: 8->9(9)
[6.081s][info][gc,heap       ] GC(12) Old regions: 14->24
[6.081s][info][gc,heap       ] GC(12) Humongous regions: 6->6
[6.081s][info][gc,metaspace  ] GC(12) Metaspace: 42877K->42877K(1087488K)
[6.081s][info][gc            ] GC(12) Pause Young (Normal) (G1 Evacuation Pause) 91M->38M(185M) 33.275ms
[6.081s][info][gc,cpu        ] GC(12) User=0.03s Sys=0.00s Real=0.03s
[6.184s][info][gc,start      ] GC(13) Pause Young (Normal) (G1 Evacuation Pause)
[6.184s][info][gc,task       ] GC(13) Using 1 workers of 1 for evacuation
[6.219s][info][gc,phases     ] GC(13)   Pre Evacuate Collection Set: 0.0ms
[6.219s][info][gc,phases     ] GC(13)   Evacuate Collection Set: 34.9ms
[6.219s][info][gc,phases     ] GC(13)   Post Evacuate Collection Set: 0.1ms
[6.219s][info][gc,phases     ] GC(13)   Other: 0.1ms
[6.219s][info][gc,heap       ] GC(13) Eden regions: 74->0(74)
[6.219s][info][gc,heap       ] GC(13) Survivor regions: 9->11(11)
[6.219s][info][gc,heap       ] GC(13) Old regions: 24->35
[6.219s][info][gc,heap       ] GC(13) Humongous regions: 6->6
[6.219s][info][gc,metaspace  ] GC(13) Metaspace: 42877K->42877K(1087488K)
[6.219s][info][gc            ] GC(13) Pause Young (Normal) (G1 Evacuation Pause) 112M->51M(185M) 35.247ms
[6.219s][info][gc,cpu        ] GC(13) User=0.03s Sys=0.00s Real=0.03s
[6.335s][info][gc,start      ] GC(14) Pause Young (Normal) (G1 Evacuation Pause)
[6.335s][info][gc,task       ] GC(14) Using 1 workers of 1 for evacuation
[6.374s][info][gc,phases     ] GC(14)   Pre Evacuate Collection Set: 0.0ms
[6.374s][info][gc,phases     ] GC(14)   Evacuate Collection Set: 38.8ms
[6.374s][info][gc,phases     ] GC(14)   Post Evacuate Collection Set: 0.2ms
[6.374s][info][gc,phases     ] GC(14)   Other: 0.1ms
[6.374s][info][gc,heap       ] GC(14) Eden regions: 74->0(68)
[6.374s][info][gc,heap       ] GC(14) Survivor regions: 11->11(11)
[6.374s][info][gc,heap       ] GC(14) Old regions: 35->48
[6.374s][info][gc,heap       ] GC(14) Humongous regions: 6->6
[6.374s][info][gc,metaspace  ] GC(14) Metaspace: 42877K->42877K(1087488K)
[6.374s][info][gc            ] GC(14) Pause Young (Normal) (G1 Evacuation Pause) 125M->64M(185M) 39.171ms
[6.374s][info][gc,cpu        ] GC(14) User=0.03s Sys=0.00s Real=0.03s
[6.438s][info][gc,start      ] GC(15) Pause Young (Normal) (G1 Evacuation Pause)
[6.438s][info][gc,task       ] GC(15) Using 1 workers of 1 for evacuation
[6.473s][info][gc,phases     ] GC(15)   Pre Evacuate Collection Set: 0.0ms
[6.473s][info][gc,phases     ] GC(15)   Evacuate Collection Set: 34.8ms
[6.473s][info][gc,phases     ] GC(15)   Post Evacuate Collection Set: 0.2ms
[6.473s][info][gc,phases     ] GC(15)   Other: 0.1ms
[6.473s][info][gc,heap       ] GC(15) Eden regions: 68->0(62)
[6.473s][info][gc,heap       ] GC(15) Survivor regions: 11->10(10)
[6.473s][info][gc,heap       ] GC(15) Old regions: 48->61
[6.473s][info][gc,heap       ] GC(15) Humongous regions: 6->6
[6.473s][info][gc,metaspace  ] GC(15) Metaspace: 42877K->42877K(1087488K)
[6.473s][info][gc            ] GC(15) Pause Young (Normal) (G1 Evacuation Pause) 132M->76M(185M) 35.254ms
[6.473s][info][gc,cpu        ] GC(15) User=0.03s Sys=0.00s Real=0.03s
[6.531s][info][gc,start      ] GC(16) Pause Young (Normal) (G1 Evacuation Pause)
[6.531s][info][gc,task       ] GC(16) Using 1 workers of 1 for evacuation
[6.563s][info][gc,phases     ] GC(16)   Pre Evacuate Collection Set: 0.0ms
[6.563s][info][gc,phases     ] GC(16)   Evacuate Collection Set: 30.9ms
[6.563s][info][gc,phases     ] GC(16)   Post Evacuate Collection Set: 0.8ms
[6.563s][info][gc,phases     ] GC(16)   Other: 0.1ms
[6.563s][info][gc,heap       ] GC(16) Eden regions: 62->0(96)
[6.563s][info][gc,heap       ] GC(16) Survivor regions: 10->9(9)
[6.563s][info][gc,heap       ] GC(16) Old regions: 61->73
[6.563s][info][gc,heap       ] GC(16) Humongous regions: 6->6
[6.563s][info][gc,metaspace  ] GC(16) Metaspace: 42877K->42877K(1087488K)
[6.563s][info][gc            ] GC(16) Pause Young (Normal) (G1 Evacuation Pause) 138M->87M(313M) 31.843ms
[6.563s][info][gc,cpu        ] GC(16) User=0.03s Sys=0.00s Real=0.04s
[6.672s][info][gc,start      ] GC(17) Pause Young (Normal) (G1 Evacuation Pause)
[6.672s][info][gc,task       ] GC(17) Using 1 workers of 1 for evacuation
[6.714s][info][gc,phases     ] GC(17)   Pre Evacuate Collection Set: 0.0ms
[6.714s][info][gc,phases     ] GC(17)   Evacuate Collection Set: 41.3ms
[6.714s][info][gc,phases     ] GC(17)   Post Evacuate Collection Set: 0.2ms
[6.714s][info][gc,phases     ] GC(17)   Other: 0.2ms
[6.714s][info][gc,heap       ] GC(17) Eden regions: 96->0(101)
[6.714s][info][gc,heap       ] GC(17) Survivor regions: 9->14(14)
[6.714s][info][gc,heap       ] GC(17) Old regions: 73->85
[6.714s][info][gc,heap       ] GC(17) Humongous regions: 6->6
[6.714s][info][gc,metaspace  ] GC(17) Metaspace: 42877K->42877K(1087488K)
[6.714s][info][gc            ] GC(17) Pause Young (Normal) (G1 Evacuation Pause) 183M->104M(313M) 41.737ms
[6.714s][info][gc,cpu        ] GC(17) User=0.04s Sys=0.01s Real=0.04s
[6.811s][info][gc,start      ] GC(18) Pause Young (Normal) (G1 Evacuation Pause)
[6.811s][info][gc,task       ] GC(18) Using 1 workers of 1 for evacuation
[6.859s][info][gc,phases     ] GC(18)   Pre Evacuate Collection Set: 0.0ms
[6.859s][info][gc,phases     ] GC(18)   Evacuate Collection Set: 47.9ms
[6.859s][info][gc,phases     ] GC(18)   Post Evacuate Collection Set: 0.2ms
[6.859s][info][gc,phases     ] GC(18)   Other: 0.2ms
[6.859s][info][gc,heap       ] GC(18) Eden regions: 101->0(99)
[6.859s][info][gc,heap       ] GC(18) Survivor regions: 14->15(15)
[6.859s][info][gc,heap       ] GC(18) Old regions: 85->102
[6.859s][info][gc,heap       ] GC(18) Humongous regions: 6->6
[6.859s][info][gc,metaspace  ] GC(18) Metaspace: 42877K->42877K(1087488K)
[6.859s][info][gc            ] GC(18) Pause Young (Normal) (G1 Evacuation Pause) 205M->122M(313M) 48.381ms
[6.859s][info][gc,cpu        ] GC(18) User=0.05s Sys=0.00s Real=0.05s
[7.979s][info][gc,task       ] GC(19) Using 1 workers of 1 for full compaction
[7.979s][info][gc,start      ] GC(19) Pause Full (System.gc())
[7.979s][info][gc,phases,start] GC(19) Phase 1: Mark live objects
[8.011s][info][gc,stringtable ] GC(19) Cleaned string and symbol table, strings: 17861 processed, 227 removed, symbols: 113919 processed, 30 removed
[8.011s][info][gc,phases      ] GC(19) Phase 1: Mark live objects 31.896ms
[8.011s][info][gc,phases,start] GC(19) Phase 2: Prepare for compaction
[8.015s][info][gc,phases      ] GC(19) Phase 2: Prepare for compaction 3.906ms
[8.015s][info][gc,phases,start] GC(19) Phase 3: Adjust pointers
[8.027s][info][gc,phases      ] GC(19) Phase 3: Adjust pointers 11.726ms
[8.027s][info][gc,phases,start] GC(19) Phase 4: Compact heap
[8.033s][info][gc,phases      ] GC(19) Phase 4: Compact heap 5.681ms
[8.041s][info][gc,heap        ] GC(19) Eden regions: 44->0(36)
[8.041s][info][gc,heap        ] GC(19) Survivor regions: 15->0(15)
[8.041s][info][gc,heap        ] GC(19) Old regions: 102->20
[8.041s][info][gc,heap        ] GC(19) Humongous regions: 11->6
[8.041s][info][gc,metaspace   ] GC(19) Metaspace: 49341K->49341K(1093632K)
[8.041s][info][gc             ] GC(19) Pause Full (System.gc()) 171M->24M(87M) 61.576ms
[8.041s][info][gc,cpu         ] GC(19) User=0.05s Sys=0.01s Real=0.06s
[8.940s][info][gc,start       ] GC(20) Pause Young (Normal) (G1 Evacuation Pause)
[8.940s][info][gc,task        ] GC(20) Using 1 workers of 1 for evacuation
[8.951s][info][gc,phases      ] GC(20)   Pre Evacuate Collection Set: 0.0ms
[8.951s][info][gc,phases      ] GC(20)   Evacuate Collection Set: 6.3ms
[8.951s][info][gc,phases      ] GC(20)   Post Evacuate Collection Set: 4.5ms
[8.951s][info][gc,phases      ] GC(20)   Other: 0.2ms
[8.951s][info][gc,heap        ] GC(20) Eden regions: 36->0(35)
[8.951s][info][gc,heap        ] GC(20) Survivor regions: 0->3(5)
[8.951s][info][gc,heap        ] GC(20) Old regions: 20->20
[8.951s][info][gc,heap        ] GC(20) Humongous regions: 11->6
[8.951s][info][gc,metaspace   ] GC(20) Metaspace: 55219K->55219K(1097728K)
[8.951s][info][gc             ] GC(20) Pause Young (Normal) (G1 Evacuation Pause) 65M->27M(87M) 11.061ms
[8.951s][info][gc,cpu         ] GC(20) User=0.01s Sys=0.00s Real=0.01s
[9.220s][info][gc,start       ] GC(21) Pause Young (Normal) (G1 Evacuation Pause)
[9.220s][info][gc,task        ] GC(21) Using 1 workers of 1 for evacuation
[9.228s][info][gc,phases      ] GC(21)   Pre Evacuate Collection Set: 0.0ms
[9.228s][info][gc,phases      ] GC(21)   Evacuate Collection Set: 7.8ms
[9.228s][info][gc,phases      ] GC(21)   Post Evacuate Collection Set: 0.6ms
[9.228s][info][gc,phases      ] GC(21)   Other: 0.2ms
[9.228s][info][gc,heap        ] GC(21) Eden regions: 35->0(84)
[9.228s][info][gc,heap        ] GC(21) Survivor regions: 3->4(5)
[9.228s][info][gc,heap        ] GC(21) Old regions: 20->20
[9.228s][info][gc,heap        ] GC(21) Humongous regions: 6->6
[9.228s][info][gc,metaspace   ] GC(21) Metaspace: 55265K->55265K(1097728K)
[9.228s][info][gc             ] GC(21) Pause Young (Normal) (G1 Evacuation Pause) 62M->28M(174M) 8.530ms
[9.228s][info][gc,cpu         ] GC(21) User=0.00s Sys=0.00s Real=0.01s
[9.586s][info][gc,start       ] GC(22) Pause Young (Normal) (G1 Evacuation Pause)
[9.586s][info][gc,task        ] GC(22) Using 1 workers of 1 for evacuation
[9.609s][info][gc,phases      ] GC(22)   Pre Evacuate Collection Set: 0.0ms
[9.609s][info][gc,phases      ] GC(22)   Evacuate Collection Set: 22.3ms
[9.609s][info][gc,phases      ] GC(22)   Post Evacuate Collection Set: 0.3ms
[9.609s][info][gc,phases      ] GC(22)   Other: 0.2ms
[9.609s][info][gc,heap        ] GC(22) Eden regions: 84->0(83)
[9.609s][info][gc,heap        ] GC(22) Survivor regions: 4->10(11)
[9.609s][info][gc,heap        ] GC(22) Old regions: 20->20
[9.609s][info][gc,heap        ] GC(22) Humongous regions: 7->7
[9.609s][info][gc,metaspace   ] GC(22) Metaspace: 55300K->55300K(1099776K)
[9.609s][info][gc             ] GC(22) Pause Young (Normal) (G1 Evacuation Pause) 113M->35M(174M) 22.915ms
[9.609s][info][gc,cpu         ] GC(22) User=0.03s Sys=0.00s Real=0.02s
[9.770s][info][gc,start       ] GC(23) Pause Young (Normal) (G1 Evacuation Pause)
[9.770s][info][gc,task        ] GC(23) Using 1 workers of 1 for evacuation
[9.803s][info][gc,phases      ] GC(23)   Pre Evacuate Collection Set: 0.0ms
[9.803s][info][gc,phases      ] GC(23)   Evacuate Collection Set: 32.2ms
[9.803s][info][gc,phases      ] GC(23)   Post Evacuate Collection Set: 0.2ms
[9.803s][info][gc,phases      ] GC(23)   Other: 0.2ms
[9.803s][info][gc,heap        ] GC(23) Eden regions: 83->0(80)
[9.803s][info][gc,heap        ] GC(23) Survivor regions: 10->7(12)
[9.803s][info][gc,heap        ] GC(23) Old regions: 20->30
[9.803s][info][gc,heap        ] GC(23) Humongous regions: 9->9
[9.803s][info][gc,metaspace   ] GC(23) Metaspace: 55310K->55310K(1099776K)
[9.803s][info][gc             ] GC(23) Pause Young (Normal) (G1 Evacuation Pause) 120M->44M(174M) 32.673ms
[9.803s][info][gc,cpu         ] GC(23) User=0.03s Sys=0.00s Real=0.04s
[9.891s][info][gc,start       ] GC(24) Pause Young (Normal) (G1 Evacuation Pause)
[9.891s][info][gc,task        ] GC(24) Using 1 workers of 1 for evacuation
[9.914s][info][gc,phases      ] GC(24)   Pre Evacuate Collection Set: 0.0ms
[9.914s][info][gc,phases      ] GC(24)   Evacuate Collection Set: 23.1ms
[9.914s][info][gc,phases      ] GC(24)   Post Evacuate Collection Set: 0.2ms
[9.914s][info][gc,phases      ] GC(24)   Other: 0.1ms
[9.914s][info][gc,heap        ] GC(24) Eden regions: 80->0(77)
[9.914s][info][gc,heap        ] GC(24) Survivor regions: 7->7(11)
[9.914s][info][gc,heap        ] GC(24) Old regions: 30->37
[9.914s][info][gc,heap        ] GC(24) Humongous regions: 9->9
[9.914s][info][gc,metaspace   ] GC(24) Metaspace: 55316K->55316K(1099776K)
[9.914s][info][gc             ] GC(24) Pause Young (Normal) (G1 Evacuation Pause) 124M->51M(174M) 23.519ms
[9.914s][info][gc,cpu         ] GC(24) User=0.02s Sys=0.00s Real=0.02s
[9.970s][info][gc,start       ] GC(25) Pause Young (Normal) (G1 Evacuation Pause)
[9.970s][info][gc,task        ] GC(25) Using 1 workers of 1 for evacuation
[9.995s][info][gc,phases      ] GC(25)   Pre Evacuate Collection Set: 0.0ms
[9.995s][info][gc,phases      ] GC(25)   Evacuate Collection Set: 24.2ms
[9.995s][info][gc,phases      ] GC(25)   Post Evacuate Collection Set: 0.6ms
[9.995s][info][gc,phases      ] GC(25)   Other: 0.1ms
[9.995s][info][gc,heap        ] GC(25) Eden regions: 77->0(110)
[9.995s][info][gc,heap        ] GC(25) Survivor regions: 7->7(11)
[9.995s][info][gc,heap        ] GC(25) Old regions: 37->44
[9.995s][info][gc,heap        ] GC(25) Humongous regions: 12->12
[9.995s][info][gc,metaspace   ] GC(25) Metaspace: 55334K->55334K(1099776K)
[9.995s][info][gc             ] GC(25) Pause Young (Normal) (G1 Evacuation Pause) 131M->61M(283M) 25.056ms
[9.995s][info][gc,cpu         ] GC(25) User=0.03s Sys=0.00s Real=0.03s
[10.079s][info][gc,start       ] GC(26) Pause Young (Normal) (G1 Evacuation Pause)
[10.079s][info][gc,task        ] GC(26) Using 1 workers of 1 for evacuation
[10.107s][info][gc,phases      ] GC(26)   Pre Evacuate Collection Set: 0.0ms
[10.107s][info][gc,phases      ] GC(26)   Evacuate Collection Set: 27.9ms
[10.107s][info][gc,phases      ] GC(26)   Post Evacuate Collection Set: 0.2ms
[10.108s][info][gc,phases      ] GC(26)   Other: 0.1ms
[10.108s][info][gc,heap        ] GC(26) Eden regions: 110->0(115)
[10.108s][info][gc,heap        ] GC(26) Survivor regions: 7->15(15)
[10.108s][info][gc,heap        ] GC(26) Old regions: 44->45
[10.108s][info][gc,heap        ] GC(26) Humongous regions: 12->12
[10.108s][info][gc,metaspace   ] GC(26) Metaspace: 55336K->55336K(1099776K)
[10.108s][info][gc             ] GC(26) Pause Young (Normal) (G1 Evacuation Pause) 171M->70M(283M) 28.368ms
[10.108s][info][gc,cpu         ] GC(26) User=0.03s Sys=0.00s Real=0.03s
[10.166s][info][gc,start       ] GC(27) Pause Young (Normal) (G1 Evacuation Pause)
[10.166s][info][gc,task        ] GC(27) Using 1 workers of 1 for evacuation
[10.205s][info][gc,phases      ] GC(27)   Pre Evacuate Collection Set: 0.0ms
[10.205s][info][gc,phases      ] GC(27)   Evacuate Collection Set: 38.6ms
[10.205s][info][gc,phases      ] GC(27)   Post Evacuate Collection Set: 0.2ms
[10.205s][info][gc,phases      ] GC(27)   Other: 0.1ms
[10.205s][info][gc,heap        ] GC(27) Eden regions: 115->0(116)
[10.205s][info][gc,heap        ] GC(27) Survivor regions: 15->10(17)
[10.205s][info][gc,heap        ] GC(27) Old regions: 45->60
[10.205s][info][gc,heap        ] GC(27) Humongous regions: 12->12
[10.205s][info][gc,metaspace   ] GC(27) Metaspace: 55336K->55336K(1099776K)
[10.205s][info][gc             ] GC(27) Pause Young (Normal) (G1 Evacuation Pause) 185M->80M(283M) 39.065ms
[10.205s][info][gc,cpu         ] GC(27) User=0.04s Sys=0.00s Real=0.04s
[10.274s][info][gc,start       ] GC(28) Pause Young (Normal) (G1 Evacuation Pause)
[10.275s][info][gc,task        ] GC(28) Using 1 workers of 1 for evacuation
[10.309s][info][gc,phases      ] GC(28)   Pre Evacuate Collection Set: 0.0ms
[10.309s][info][gc,phases      ] GC(28)   Evacuate Collection Set: 34.0ms
[10.309s][info][gc,phases      ] GC(28)   Post Evacuate Collection Set: 0.2ms
[10.309s][info][gc,phases      ] GC(28)   Other: 0.1ms
[10.309s][info][gc,heap        ] GC(28) Eden regions: 116->0(113)
[10.309s][info][gc,heap        ] GC(28) Survivor regions: 10->10(16)
[10.309s][info][gc,heap        ] GC(28) Old regions: 60->70
[10.309s][info][gc,heap        ] GC(28) Humongous regions: 17->17
[10.309s][info][gc,metaspace   ] GC(28) Metaspace: 55336K->55336K(1099776K)
[10.309s][info][gc             ] GC(28) Pause Young (Normal) (G1 Evacuation Pause) 201M->95M(283M) 34.382ms
[10.309s][info][gc,cpu         ] GC(28) User=0.03s Sys=0.00s Real=0.03s
[10.371s][info][gc,start       ] GC(29) Pause Young (Normal) (G1 Evacuation Pause)
[10.371s][info][gc,task        ] GC(29) Using 1 workers of 1 for evacuation
[10.409s][info][gc,phases      ] GC(29)   Pre Evacuate Collection Set: 0.0ms
[10.409s][info][gc,phases      ] GC(29)   Evacuate Collection Set: 36.6ms
[10.409s][info][gc,phases      ] GC(29)   Post Evacuate Collection Set: 1.2ms
[10.409s][info][gc,phases      ] GC(29)   Other: 0.1ms
[10.409s][info][gc,heap        ] GC(29) Eden regions: 113->0(182)
[10.409s][info][gc,heap        ] GC(29) Survivor regions: 10->10(16)
[10.409s][info][gc,heap        ] GC(29) Old regions: 70->80
[10.409s][info][gc,heap        ] GC(29) Humongous regions: 17->17
[10.409s][info][gc,metaspace   ] GC(29) Metaspace: 55336K->55336K(1099776K)
[10.409s][info][gc             ] GC(29) Pause Young (Normal) (G1 Evacuation Pause) 208M->105M(535M) 38.069ms
[10.409s][info][gc,cpu         ] GC(29) User=0.04s Sys=0.00s Real=0.04s
[10.545s][info][gc,start       ] GC(30) Pause Young (Normal) (G1 Evacuation Pause)
[10.545s][info][gc,task        ] GC(30) Using 1 workers of 1 for evacuation
[10.595s][info][gc,phases      ] GC(30)   Pre Evacuate Collection Set: 0.0ms
[10.596s][info][gc,phases      ] GC(30)   Evacuate Collection Set: 50.1ms
[10.596s][info][gc,phases      ] GC(30)   Post Evacuate Collection Set: 0.3ms
[10.596s][info][gc,phases      ] GC(30)   Other: 0.2ms
[10.596s][info][gc,heap        ] GC(30) Eden regions: 182->0(216)
[10.596s][info][gc,heap        ] GC(30) Survivor regions: 10->24(24)
[10.596s][info][gc,heap        ] GC(30) Old regions: 80->82
[10.596s][info][gc,heap        ] GC(30) Humongous regions: 17->17
[10.596s][info][gc,metaspace   ] GC(30) Metaspace: 55352K->55352K(1099776K)
[10.596s][info][gc             ] GC(30) Pause Young (Normal) (G1 Evacuation Pause) 287M->121M(535M) 50.671ms
[10.596s][info][gc,cpu         ] GC(30) User=0.04s Sys=0.01s Real=0.05s
[10.720s][info][gc,start       ] GC(31) Pause Young (Normal) (G1 Evacuation Pause)
[10.720s][info][gc,task        ] GC(31) Using 1 workers of 1 for evacuation
[10.797s][info][gc,phases      ] GC(31)   Pre Evacuate Collection Set: 0.0ms
[10.797s][info][gc,phases      ] GC(31)   Evacuate Collection Set: 75.8ms
[10.797s][info][gc,phases      ] GC(31)   Post Evacuate Collection Set: 0.4ms
[10.797s][info][gc,phases      ] GC(31)   Other: 0.7ms
[10.797s][info][gc,heap        ] GC(31) Eden regions: 216->0(229)
[10.797s][info][gc,heap        ] GC(31) Survivor regions: 24->30(30)
[10.797s][info][gc,heap        ] GC(31) Old regions: 82->94
[10.797s][info][gc,heap        ] GC(31) Humongous regions: 26->26
[10.797s][info][gc,metaspace   ] GC(31) Metaspace: 55352K->55352K(1099776K)
[10.797s][info][gc             ] GC(31) Pause Young (Normal) (G1 Evacuation Pause) 346M->148M(535M) 76.949ms
[10.797s][info][gc,cpu         ] GC(31) User=0.08s Sys=0.00s Real=0.08s
[10.919s][info][gc,start       ] GC(32) Pause Young (Normal) (G1 Evacuation Pause)
[10.919s][info][gc,task        ] GC(32) Using 1 workers of 1 for evacuation
[11.001s][info][gc,phases      ] GC(32)   Pre Evacuate Collection Set: 0.0ms
[11.001s][info][gc,phases      ] GC(32)   Evacuate Collection Set: 81.2ms
[11.001s][info][gc,phases      ] GC(32)   Post Evacuate Collection Set: 0.3ms
[11.001s][info][gc,phases      ] GC(32)   Other: 0.2ms
[11.001s][info][gc,heap        ] GC(32) Eden regions: 229->0(232)
[11.001s][info][gc,heap        ] GC(32) Survivor regions: 30->33(33)
[11.001s][info][gc,heap        ] GC(32) Old regions: 94->111
[11.001s][info][gc,heap        ] GC(32) Humongous regions: 26->26
[11.001s][info][gc,metaspace   ] GC(32) Metaspace: 55353K->55353K(1099776K)
[11.001s][info][gc             ] GC(32) Pause Young (Normal) (G1 Evacuation Pause) 377M->168M(535M) 81.812ms
[11.001s][info][gc,cpu         ] GC(32) User=0.08s Sys=0.00s Real=0.08s
[11.629s][info][gc,start       ] GC(33) Pause Young (Normal) (G1 Evacuation Pause)
[11.629s][info][gc,task        ] GC(33) Using 1 workers of 1 for evacuation
[11.721s][info][gc,phases      ] GC(33)   Pre Evacuate Collection Set: 0.0ms
[11.721s][info][gc,phases      ] GC(33)   Evacuate Collection Set: 88.5ms
[11.721s][info][gc,phases      ] GC(33)   Post Evacuate Collection Set: 3.1ms
[11.721s][info][gc,phases      ] GC(33)   Other: 0.2ms
[11.721s][info][gc,heap        ] GC(33) Eden regions: 232->0(289)
[11.721s][info][gc,heap        ] GC(33) Survivor regions: 33->19(34)
[11.721s][info][gc,heap        ] GC(33) Old regions: 111->144
[11.721s][info][gc,heap        ] GC(33) Humongous regions: 37->32
[11.721s][info][gc,metaspace   ] GC(33) Metaspace: 57354K->57354K(1099776K)
[11.721s][info][gc             ] GC(33) Pause Young (Normal) (G1 Evacuation Pause) 411M->193M(1117M) 91.974ms
[11.721s][info][gc,cpu         ] GC(33) User=0.09s Sys=0.01s Real=0.09s
[12.866s][info][gc,start       ] GC(34) Pause Young (Normal) (G1 Evacuation Pause)
[12.867s][info][gc,task        ] GC(34) Using 1 workers of 1 for evacuation
[12.899s][info][gc,phases      ] GC(34)   Pre Evacuate Collection Set: 0.0ms
[12.899s][info][gc,phases      ] GC(34)   Evacuate Collection Set: 31.4ms
[12.899s][info][gc,phases      ] GC(34)   Post Evacuate Collection Set: 0.4ms
[12.899s][info][gc,phases      ] GC(34)   Other: 0.3ms
[12.899s][info][gc,heap        ] GC(34) Eden regions: 289->0(359)
[12.899s][info][gc,heap        ] GC(34) Survivor regions: 19->19(39)
[12.899s][info][gc,heap        ] GC(34) Old regions: 144->144
[12.899s][info][gc,heap        ] GC(34) Humongous regions: 32->32
[12.899s][info][gc,metaspace   ] GC(34) Metaspace: 57358K->57358K(1099776K)
[12.899s][info][gc             ] GC(34) Pause Young (Normal) (G1 Evacuation Pause) 482M->193M(1117M) 32.277ms
[12.899s][info][gc,cpu         ] GC(34) User=0.03s Sys=0.00s Real=0.03s
[13.189s][info][gc,start       ] GC(35) Pause Young (Normal) (G1 Evacuation Pause)
[13.189s][info][gc,task        ] GC(35) Using 1 workers of 1 for evacuation
[13.221s][info][gc,phases      ] GC(35)   Pre Evacuate Collection Set: 0.0ms
[13.221s][info][gc,phases      ] GC(35)   Evacuate Collection Set: 31.5ms
[13.221s][info][gc,phases      ] GC(35)   Post Evacuate Collection Set: 0.4ms
[13.221s][info][gc,phases      ] GC(35)   Other: 0.2ms
[13.221s][info][gc,heap        ] GC(35) Eden regions: 359->0(438)
[13.221s][info][gc,heap        ] GC(35) Survivor regions: 19->19(48)
[13.221s][info][gc,heap        ] GC(35) Old regions: 144->144
[13.221s][info][gc,heap        ] GC(35) Humongous regions: 32->32
[13.221s][info][gc,metaspace   ] GC(35) Metaspace: 57358K->57358K(1099776K)
[13.221s][info][gc             ] GC(35) Pause Young (Normal) (G1 Evacuation Pause) 552M->193M(1117M) 32.244ms
[13.221s][info][gc,cpu         ] GC(35) User=0.03s Sys=0.00s Real=0.03s
[13.578s][info][gc,start       ] GC(36) Pause Young (Normal) (G1 Evacuation Pause)
[13.578s][info][gc,task        ] GC(36) Using 1 workers of 1 for evacuation
[13.610s][info][gc,phases      ] GC(36)   Pre Evacuate Collection Set: 0.0ms
[13.610s][info][gc,phases      ] GC(36)   Evacuate Collection Set: 31.4ms
[13.610s][info][gc,phases      ] GC(36)   Post Evacuate Collection Set: 0.5ms
[13.610s][info][gc,phases      ] GC(36)   Other: 0.3ms
[13.610s][info][gc,heap        ] GC(36) Eden regions: 438->0(524)
[13.610s][info][gc,heap        ] GC(36) Survivor regions: 19->19(58)
[13.610s][info][gc,heap        ] GC(36) Old regions: 144->144
[13.610s][info][gc,heap        ] GC(36) Humongous regions: 32->32
[13.610s][info][gc,metaspace   ] GC(36) Metaspace: 57358K->57358K(1099776K)
[13.610s][info][gc             ] GC(36) Pause Young (Normal) (G1 Evacuation Pause) 631M->193M(1117M) 32.256ms
[13.610s][info][gc,cpu         ] GC(36) User=0.02s Sys=0.01s Real=0.03s
[14.020s][info][gc,start       ] GC(37) Pause Young (Normal) (G1 Evacuation Pause)
[14.020s][info][gc,task        ] GC(37) Using 1 workers of 1 for evacuation
[14.054s][info][gc,phases      ] GC(37)   Pre Evacuate Collection Set: 0.1ms
[14.054s][info][gc,phases      ] GC(37)   Evacuate Collection Set: 31.8ms
[14.054s][info][gc,phases      ] GC(37)   Post Evacuate Collection Set: 1.3ms
[14.054s][info][gc,phases      ] GC(37)   Other: 0.3ms
[14.054s][info][gc,heap        ] GC(37) Eden regions: 524->0(616)
[14.054s][info][gc,heap        ] GC(37) Survivor regions: 19->19(68)
[14.054s][info][gc,heap        ] GC(37) Old regions: 144->144
[14.054s][info][gc,heap        ] GC(37) Humongous regions: 32->32
[14.054s][info][gc,metaspace   ] GC(37) Metaspace: 57358K->57358K(1099776K)
[14.054s][info][gc             ] GC(37) Pause Young (Normal) (G1 Evacuation Pause) 717M->193M(1294M) 33.477ms
[14.054s][info][gc,cpu         ] GC(37) User=0.03s Sys=0.00s Real=0.03s
[14.556s][info][gc,start       ] GC(38) Pause Young (Normal) (G1 Evacuation Pause)
[14.556s][info][gc,task        ] GC(38) Using 1 workers of 1 for evacuation
[14.585s][info][gc,phases      ] GC(38)   Pre Evacuate Collection Set: 0.1ms
[14.585s][info][gc,phases      ] GC(38)   Evacuate Collection Set: 27.9ms
[14.585s][info][gc,phases      ] GC(38)   Post Evacuate Collection Set: 0.6ms
[14.585s][info][gc,phases      ] GC(38)   Other: 0.3ms
[14.585s][info][gc,heap        ] GC(38) Eden regions: 616->0(716)
[14.585s][info][gc,heap        ] GC(38) Survivor regions: 19->19(80)
[14.585s][info][gc,heap        ] GC(38) Old regions: 144->144
[14.585s][info][gc,heap        ] GC(38) Humongous regions: 32->32
[14.585s][info][gc,metaspace   ] GC(38) Metaspace: 57358K->57358K(1099776K)
[14.585s][info][gc             ] GC(38) Pause Young (Normal) (G1 Evacuation Pause) 809M->193M(1294M) 28.907ms
[14.585s][info][gc,cpu         ] GC(38) User=0.03s Sys=0.00s Real=0.03s
[14.964s][info][gc,task        ] GC(39) Using 1 workers of 1 for full compaction
[14.964s][info][gc,start       ] GC(39) Pause Full (System.gc())
[14.964s][info][gc,phases,start] GC(39) Phase 1: Mark live objects
[15.121s][info][gc,stringtable ] GC(39) Cleaned string and symbol table, strings: 21661 processed, 217 removed, symbols: 131046 processed, 16 removed
[15.121s][info][gc,phases      ] GC(39) Phase 1: Mark live objects 156.690ms
[15.121s][info][gc,phases,start] GC(39) Phase 2: Prepare for compaction
[15.151s][info][gc,phases      ] GC(39) Phase 2: Prepare for compaction 29.813ms
[15.151s][info][gc,phases,start] GC(39) Phase 3: Adjust pointers
[15.233s][info][gc,phases      ] GC(39) Phase 3: Adjust pointers 81.970ms
[15.233s][info][gc,phases,start] GC(39) Phase 4: Compact heap
[15.290s][info][gc,phases      ] GC(39) Phase 4: Compact heap 57.781ms
[15.313s][info][gc,heap        ] GC(39) Eden regions: 153->0(325)
[15.313s][info][gc,heap        ] GC(39) Survivor regions: 19->0(80)
[15.313s][info][gc,heap        ] GC(39) Old regions: 144->160
[15.313s][info][gc,heap        ] GC(39) Humongous regions: 37->12
[15.313s][info][gc,metaspace   ] GC(39) Metaspace: 59497K->59497K(1101824K)
[15.313s][info][gc             ] GC(39) Pause Full (System.gc()) 351M->171M(574M) 349.438ms
[15.313s][info][gc,cpu         ] GC(39) User=0.32s Sys=0.02s Real=0.34s
[16.420s][info][gc,start       ] GC(40) Pause Young (Normal) (G1 Evacuation Pause)
[16.421s][info][gc,task        ] GC(40) Using 1 workers of 1 for evacuation
[16.423s][info][gc,phases      ] GC(40)   Pre Evacuate Collection Set: 0.0ms
[16.423s][info][gc,phases      ] GC(40)   Evacuate Collection Set: 2.1ms
[16.423s][info][gc,phases      ] GC(40)   Post Evacuate Collection Set: 0.3ms
[16.423s][info][gc,phases      ] GC(40)   Other: 0.2ms
[16.423s][info][gc,heap        ] GC(40) Eden regions: 325->0(328)
[16.423s][info][gc,heap        ] GC(40) Survivor regions: 0->1(41)
[16.423s][info][gc,heap        ] GC(40) Old regions: 160->160
[16.423s][info][gc,heap        ] GC(40) Humongous regions: 22->12
[16.423s][info][gc,metaspace   ] GC(40) Metaspace: 59946K->59946K(1103872K)
[16.423s][info][gc             ] GC(40) Pause Young (Normal) (G1 Evacuation Pause) 506M->171M(574M) 2.723ms
[16.423s][info][gc,cpu         ] GC(40) User=0.01s Sys=0.00s Real=0.01s
[16.688s][info][gc,start       ] GC(41) Pause Young (Normal) (G1 Evacuation Pause)
[16.688s][info][gc,task        ] GC(41) Using 1 workers of 1 for evacuation
[16.690s][info][gc,phases      ] GC(41)   Pre Evacuate Collection Set: 0.0ms
[16.690s][info][gc,phases      ] GC(41)   Evacuate Collection Set: 1.7ms
[16.690s][info][gc,phases      ] GC(41)   Post Evacuate Collection Set: 0.3ms
[16.690s][info][gc,phases      ] GC(41)   Other: 0.2ms
[16.690s][info][gc,heap        ] GC(41) Eden regions: 328->0(330)
[16.690s][info][gc,heap        ] GC(41) Survivor regions: 1->1(42)
[16.690s][info][gc,heap        ] GC(41) Old regions: 160->160
[16.690s][info][gc,heap        ] GC(41) Humongous regions: 12->12
[16.690s][info][gc,metaspace   ] GC(41) Metaspace: 59954K->59954K(1103872K)
[16.690s][info][gc             ] GC(41) Pause Young (Normal) (G1 Evacuation Pause) 499M->171M(574M) 2.242ms
[16.690s][info][gc,cpu         ] GC(41) User=0.00s Sys=0.00s Real=0.00s
[16.949s][info][gc,start       ] GC(42) Pause Young (Normal) (G1 Evacuation Pause)
[16.950s][info][gc,task        ] GC(42) Using 1 workers of 1 for evacuation
[16.952s][info][gc,phases      ] GC(42)   Pre Evacuate Collection Set: 0.0ms
[16.952s][info][gc,phases      ] GC(42)   Evacuate Collection Set: 1.7ms
[16.952s][info][gc,phases      ] GC(42)   Post Evacuate Collection Set: 0.3ms
[16.952s][info][gc,phases      ] GC(42)   Other: 0.2ms
[16.952s][info][gc,heap        ] GC(42) Eden regions: 330->0(332)
[16.952s][info][gc,heap        ] GC(42) Survivor regions: 1->1(42)
[16.952s][info][gc,heap        ] GC(42) Old regions: 160->160
[16.952s][info][gc,heap        ] GC(42) Humongous regions: 12->12
[16.952s][info][gc,metaspace   ] GC(42) Metaspace: 59954K->59954K(1103872K)
[16.952s][info][gc             ] GC(42) Pause Young (Normal) (G1 Evacuation Pause) 501M->171M(574M) 2.286ms
[16.952s][info][gc,cpu         ] GC(42) User=0.00s Sys=0.00s Real=0.00s
[17.211s][info][gc,start       ] GC(43) Pause Young (Normal) (G1 Evacuation Pause)
[17.211s][info][gc,task        ] GC(43) Using 1 workers of 1 for evacuation
[17.214s][info][gc,phases      ] GC(43)   Pre Evacuate Collection Set: 0.0ms
[17.214s][info][gc,phases      ] GC(43)   Evacuate Collection Set: 1.7ms
[17.214s][info][gc,phases      ] GC(43)   Post Evacuate Collection Set: 0.3ms
[17.214s][info][gc,phases      ] GC(43)   Other: 0.2ms
[17.214s][info][gc,heap        ] GC(43) Eden regions: 332->0(333)
[17.214s][info][gc,heap        ] GC(43) Survivor regions: 1->1(42)
[17.214s][info][gc,heap        ] GC(43) Old regions: 160->160
[17.214s][info][gc,heap        ] GC(43) Humongous regions: 12->12
[17.214s][info][gc,metaspace   ] GC(43) Metaspace: 59954K->59954K(1103872K)
[17.214s][info][gc             ] GC(43) Pause Young (Normal) (G1 Evacuation Pause) 503M->171M(574M) 2.252ms
[17.214s][info][gc,cpu         ] GC(43) User=0.00s Sys=0.00s Real=0.00s
[17.478s][info][gc,start       ] GC(44) Pause Young (Normal) (G1 Evacuation Pause)
[17.478s][info][gc,task        ] GC(44) Using 1 workers of 1 for evacuation
[17.481s][info][gc,phases      ] GC(44)   Pre Evacuate Collection Set: 0.0ms
[17.481s][info][gc,phases      ] GC(44)   Evacuate Collection Set: 1.7ms
[17.481s][info][gc,phases      ] GC(44)   Post Evacuate Collection Set: 0.3ms
[17.481s][info][gc,phases      ] GC(44)   Other: 0.2ms
[17.481s][info][gc,heap        ] GC(44) Eden regions: 333->0(334)
[17.481s][info][gc,heap        ] GC(44) Survivor regions: 1->1(42)
[17.481s][info][gc,heap        ] GC(44) Old regions: 160->160
[17.481s][info][gc,heap        ] GC(44) Humongous regions: 12->12
[17.481s][info][gc,metaspace   ] GC(44) Metaspace: 59954K->59954K(1103872K)
[17.481s][info][gc             ] GC(44) Pause Young (Normal) (G1 Evacuation Pause) 504M->171M(574M) 2.352ms
[17.481s][info][gc,cpu         ] GC(44) User=0.00s Sys=0.00s Real=0.00s
[17.745s][info][gc,start       ] GC(45) Pause Young (Normal) (G1 Evacuation Pause)
[17.746s][info][gc,task        ] GC(45) Using 1 workers of 1 for evacuation
[17.748s][info][gc,phases      ] GC(45)   Pre Evacuate Collection Set: 0.0ms
[17.748s][info][gc,phases      ] GC(45)   Evacuate Collection Set: 1.7ms
[17.748s][info][gc,phases      ] GC(45)   Post Evacuate Collection Set: 0.3ms
[17.748s][info][gc,phases      ] GC(45)   Other: 0.2ms
[17.748s][info][gc,heap        ] GC(45) Eden regions: 334->0(335)
[17.748s][info][gc,heap        ] GC(45) Survivor regions: 1->1(42)
[17.748s][info][gc,heap        ] GC(45) Old regions: 160->160
[17.748s][info][gc,heap        ] GC(45) Humongous regions: 12->12
[17.748s][info][gc,metaspace   ] GC(45) Metaspace: 59954K->59954K(1103872K)
[17.748s][info][gc             ] GC(45) Pause Young (Normal) (G1 Evacuation Pause) 505M->171M(574M) 2.353ms
[17.748s][info][gc,cpu         ] GC(45) User=0.00s Sys=0.00s Real=0.00s
[18.024s][info][gc,start       ] GC(46) Pause Young (Normal) (G1 Evacuation Pause)
[18.024s][info][gc,task        ] GC(46) Using 1 workers of 1 for evacuation
[18.027s][info][gc,phases      ] GC(46)   Pre Evacuate Collection Set: 0.0ms
[18.027s][info][gc,phases      ] GC(46)   Evacuate Collection Set: 1.7ms
[18.027s][info][gc,phases      ] GC(46)   Post Evacuate Collection Set: 0.3ms
[18.027s][info][gc,phases      ] GC(46)   Other: 0.2ms
[18.027s][info][gc,heap        ] GC(46) Eden regions: 335->0(336)
[18.027s][info][gc,heap        ] GC(46) Survivor regions: 1->1(42)
[18.027s][info][gc,heap        ] GC(46) Old regions: 160->160
[18.027s][info][gc,heap        ] GC(46) Humongous regions: 12->12
[18.027s][info][gc,metaspace   ] GC(46) Metaspace: 59954K->59954K(1103872K)
[18.027s][info][gc             ] GC(46) Pause Young (Normal) (G1 Evacuation Pause) 506M->171M(574M) 2.282ms
[18.027s][info][gc,cpu         ] GC(46) User=0.00s Sys=0.00s Real=0.00s
[18.175s][info][gc,task        ] GC(47) Using 1 workers of 1 for full compaction
[18.175s][info][gc,start       ] GC(47) Pause Full (System.gc())
[18.175s][info][gc,phases,start] GC(47) Phase 1: Mark live objects
[18.367s][info][gc,stringtable ] GC(47) Cleaned string and symbol table, strings: 21561 processed, 24 removed, symbols: 131331 processed, 0 removed
[18.367s][info][gc,phases      ] GC(47) Phase 1: Mark live objects 191.595ms
[18.367s][info][gc,phases,start] GC(47) Phase 2: Prepare for compaction
[18.396s][info][gc,phases      ] GC(47) Phase 2: Prepare for compaction 29.282ms
[18.396s][info][gc,phases,start] GC(47) Phase 3: Adjust pointers
[18.475s][info][gc,phases      ] GC(47) Phase 3: Adjust pointers 79.517ms
[18.476s][info][gc,phases,start] GC(47) Phase 4: Compact heap
[18.531s][info][gc,phases      ] GC(47) Phase 4: Compact heap 55.650ms
[18.534s][info][gc,heap        ] GC(47) Eden regions: 94->0(336)
[18.534s][info][gc,heap        ] GC(47) Survivor regions: 1->0(42)
[18.534s][info][gc,heap        ] GC(47) Old regions: 160->160
[18.534s][info][gc,heap        ] GC(47) Humongous regions: 17->12
[18.534s][info][gc,metaspace   ] GC(47) Metaspace: 59986K->59986K(1103872K)
[18.534s][info][gc             ] GC(47) Pause Full (System.gc()) 270M->171M(574M) 359.444ms
[18.534s][info][gc,cpu         ] GC(47) User=0.34s Sys=0.00s Real=0.35s
[19.207s][info][gc,start       ] GC(48) Pause Young (Normal) (G1 Evacuation Pause)
[19.207s][info][gc,task        ] GC(48) Using 1 workers of 1 for evacuation
[19.209s][info][gc,phases      ] GC(48)   Pre Evacuate Collection Set: 0.0ms
[19.209s][info][gc,phases      ] GC(48)   Evacuate Collection Set: 1.6ms
[19.209s][info][gc,phases      ] GC(48)   Post Evacuate Collection Set: 0.3ms
[19.209s][info][gc,phases      ] GC(48)   Other: 0.2ms
[19.209s][info][gc,heap        ] GC(48) Eden regions: 336->0(336)
[19.209s][info][gc,heap        ] GC(48) Survivor regions: 0->1(42)
[19.209s][info][gc,heap        ] GC(48) Old regions: 160->160
[19.209s][info][gc,heap        ] GC(48) Humongous regions: 22->12
[19.209s][info][gc,metaspace   ] GC(48) Metaspace: 60070K->60070K(1103872K)
[19.209s][info][gc             ] GC(48) Pause Young (Normal) (G1 Evacuation Pause) 517M->171M(574M) 2.242ms
[19.209s][info][gc,cpu         ] GC(48) User=0.00s Sys=0.00s Real=0.00s
[19.536s][info][gc,start       ] GC(49) Pause Young (Normal) (G1 Evacuation Pause)
[19.536s][info][gc,task        ] GC(49) Using 1 workers of 1 for evacuation
[19.538s][info][gc,phases      ] GC(49)   Pre Evacuate Collection Set: 0.0ms
[19.538s][info][gc,phases      ] GC(49)   Evacuate Collection Set: 1.4ms
[19.538s][info][gc,phases      ] GC(49)   Post Evacuate Collection Set: 0.4ms
[19.538s][info][gc,phases      ] GC(49)   Other: 0.3ms
[19.538s][info][gc,heap        ] GC(49) Eden regions: 336->0(337)
[19.538s][info][gc,heap        ] GC(49) Survivor regions: 1->1(43)
[19.538s][info][gc,heap        ] GC(49) Old regions: 160->160
[19.538s][info][gc,heap        ] GC(49) Humongous regions: 12->12
[19.538s][info][gc,metaspace   ] GC(49) Metaspace: 60092K->60092K(1103872K)
[19.538s][info][gc             ] GC(49) Pause Young (Normal) (G1 Evacuation Pause) 507M->171M(574M) 2.125ms
[19.538s][info][gc,cpu         ] GC(49) User=0.00s Sys=0.00s Real=0.00s
[19.813s][info][gc,start       ] GC(50) Pause Young (Normal) (G1 Evacuation Pause)
[19.813s][info][gc,task        ] GC(50) Using 1 workers of 1 for evacuation
[19.816s][info][gc,phases      ] GC(50)   Pre Evacuate Collection Set: 0.0ms
[19.816s][info][gc,phases      ] GC(50)   Evacuate Collection Set: 1.4ms
[19.816s][info][gc,phases      ] GC(50)   Post Evacuate Collection Set: 0.9ms
[19.816s][info][gc,phases      ] GC(50)   Other: 0.2ms
[19.816s][info][gc,heap        ] GC(50) Eden regions: 337->0(436)
[19.816s][info][gc,heap        ] GC(50) Survivor regions: 1->1(43)
[19.816s][info][gc,heap        ] GC(50) Old regions: 160->160
[19.816s][info][gc,heap        ] GC(50) Humongous regions: 12->12
[19.816s][info][gc,metaspace   ] GC(50) Metaspace: 60092K->60092K(1103872K)
[19.816s][info][gc             ] GC(50) Pause Young (Normal) (G1 Evacuation Pause) 508M->171M(741M) 2.569ms
[19.816s][info][gc,cpu         ] GC(50) User=0.00s Sys=0.00s Real=0.01s
[20.206s][info][gc,start       ] GC(51) Pause Young (Normal) (G1 Evacuation Pause)
[20.206s][info][gc,task        ] GC(51) Using 1 workers of 1 for evacuation
[20.208s][info][gc,phases      ] GC(51)   Pre Evacuate Collection Set: 0.0ms
[20.208s][info][gc,phases      ] GC(51)   Evacuate Collection Set: 1.4ms
[20.208s][info][gc,phases      ] GC(51)   Post Evacuate Collection Set: 0.4ms
[20.208s][info][gc,phases      ] GC(51)   Other: 0.2ms
[20.208s][info][gc,heap        ] GC(51) Eden regions: 436->0(443)
[20.208s][info][gc,heap        ] GC(51) Survivor regions: 1->1(55)
[20.208s][info][gc,heap        ] GC(51) Old regions: 160->160
[20.208s][info][gc,heap        ] GC(51) Humongous regions: 12->12
[20.208s][info][gc,metaspace   ] GC(51) Metaspace: 60092K->60092K(1103872K)
[20.208s][info][gc             ] GC(51) Pause Young (Normal) (G1 Evacuation Pause) 607M->171M(741M) 2.126ms
[20.208s][info][gc,cpu         ] GC(51) User=0.00s Sys=0.00s Real=0.00s
[20.574s][info][gc,start       ] GC(52) Pause Young (Normal) (G1 Evacuation Pause)
[20.574s][info][gc,task        ] GC(52) Using 1 workers of 1 for evacuation
[20.576s][info][gc,phases      ] GC(52)   Pre Evacuate Collection Set: 0.0ms
[20.576s][info][gc,phases      ] GC(52)   Evacuate Collection Set: 2.0ms
[20.576s][info][gc,phases      ] GC(52)   Post Evacuate Collection Set: 0.4ms
[20.576s][info][gc,phases      ] GC(52)   Other: 0.2ms
[20.576s][info][gc,heap        ] GC(52) Eden regions: 443->0(443)
[20.576s][info][gc,heap        ] GC(52) Survivor regions: 1->1(56)
[20.576s][info][gc,heap        ] GC(52) Old regions: 160->160
[20.576s][info][gc,heap        ] GC(52) Humongous regions: 12->12
[20.576s][info][gc,metaspace   ] GC(52) Metaspace: 60092K->60092K(1103872K)
[20.576s][info][gc             ] GC(52) Pause Young (Normal) (G1 Evacuation Pause) 614M->171M(741M) 2.699ms
[20.576s][info][gc,cpu         ] GC(52) User=0.00s Sys=0.00s Real=0.01s
[20.943s][info][gc,start       ] GC(53) Pause Young (Normal) (G1 Evacuation Pause)
[20.943s][info][gc,task        ] GC(53) Using 1 workers of 1 for evacuation
[20.945s][info][gc,phases      ] GC(53)   Pre Evacuate Collection Set: 0.0ms
[20.945s][info][gc,phases      ] GC(53)   Evacuate Collection Set: 1.4ms
[20.945s][info][gc,phases      ] GC(53)   Post Evacuate Collection Set: 0.3ms
[20.945s][info][gc,phases      ] GC(53)   Other: 0.2ms
[20.945s][info][gc,heap        ] GC(53) Eden regions: 443->0(443)
[20.945s][info][gc,heap        ] GC(53) Survivor regions: 1->1(56)
[20.945s][info][gc,heap        ] GC(53) Old regions: 160->160
[20.945s][info][gc,heap        ] GC(53) Humongous regions: 12->12
[20.945s][info][gc,metaspace   ] GC(53) Metaspace: 60092K->60092K(1103872K)
[20.945s][info][gc             ] GC(53) Pause Young (Normal) (G1 Evacuation Pause) 614M->171M(741M) 2.118ms
[20.945s][info][gc,cpu         ] GC(53) User=0.00s Sys=0.00s Real=0.00s
[21.058s][info][gc,task        ] GC(54) Using 1 workers of 1 for full compaction
[21.058s][info][gc,start       ] GC(54) Pause Full (System.gc())
[21.059s][info][gc,phases,start] GC(54) Phase 1: Mark live objects
[21.217s][info][gc,stringtable ] GC(54) Cleaned string and symbol table, strings: 21586 processed, 22 removed, symbols: 131347 processed, 0 removed
[21.217s][info][gc,phases      ] GC(54) Phase 1: Mark live objects 158.429ms
[21.217s][info][gc,phases,start] GC(54) Phase 2: Prepare for compaction
[21.246s][info][gc,phases      ] GC(54) Phase 2: Prepare for compaction 29.120ms
[21.246s][info][gc,phases,start] GC(54) Phase 3: Adjust pointers
[21.326s][info][gc,phases      ] GC(54) Phase 3: Adjust pointers 79.889ms
[21.326s][info][gc,phases,start] GC(54) Phase 4: Compact heap
[21.382s][info][gc,phases      ] GC(54) Phase 4: Compact heap 55.816ms
[21.390s][info][gc,heap        ] GC(54) Eden regions: 42->0(340)
[21.390s][info][gc,heap        ] GC(54) Survivor regions: 1->0(56)
[21.390s][info][gc,heap        ] GC(54) Old regions: 160->160
[21.390s][info][gc,heap        ] GC(54) Humongous regions: 17->12
[21.390s][info][gc,metaspace   ] GC(54) Metaspace: 60139K->60139K(1103872K)
[21.390s][info][gc             ] GC(54) Pause Full (System.gc()) 218M->171M(574M) 332.224ms
[21.390s][info][gc,cpu         ] GC(54) User=0.32s Sys=0.01s Real=0.33s
[22.111s][info][gc,start       ] GC(55) Pause Young (Normal) (G1 Evacuation Pause)
[22.111s][info][gc,task        ] GC(55) Using 1 workers of 1 for evacuation
[22.113s][info][gc,phases      ] GC(55)   Pre Evacuate Collection Set: 0.0ms
[22.113s][info][gc,phases      ] GC(55)   Evacuate Collection Set: 1.5ms
[22.113s][info][gc,phases      ] GC(55)   Post Evacuate Collection Set: 0.3ms
[22.113s][info][gc,phases      ] GC(55)   Other: 0.3ms
[22.113s][info][gc,heap        ] GC(55) Eden regions: 340->0(340)
[22.113s][info][gc,heap        ] GC(55) Survivor regions: 0->1(43)
[22.113s][info][gc,heap        ] GC(55) Old regions: 160->160
[22.113s][info][gc,heap        ] GC(55) Humongous regions: 22->12
[22.113s][info][gc,metaspace   ] GC(55) Metaspace: 60196K->60196K(1103872K)
[22.113s][info][gc             ] GC(55) Pause Young (Normal) (G1 Evacuation Pause) 521M->171M(574M) 2.166ms
[22.113s][info][gc,cpu         ] GC(55) User=0.00s Sys=0.00s Real=0.00s
[22.536s][info][gc,start       ] GC(56) Pause Young (Normal) (G1 Evacuation Pause)
[22.536s][info][gc,task        ] GC(56) Using 1 workers of 1 for evacuation
[22.538s][info][gc,phases      ] GC(56)   Pre Evacuate Collection Set: 0.0ms
[22.538s][info][gc,phases      ] GC(56)   Evacuate Collection Set: 1.5ms
[22.538s][info][gc,phases      ] GC(56)   Post Evacuate Collection Set: 0.3ms
[22.538s][info][gc,phases      ] GC(56)   Other: 0.2ms
[22.538s][info][gc,heap        ] GC(56) Eden regions: 340->0(340)
[22.538s][info][gc,heap        ] GC(56) Survivor regions: 1->1(43)
[22.538s][info][gc,heap        ] GC(56) Old regions: 160->160
[22.538s][info][gc,heap        ] GC(56) Humongous regions: 12->12
[22.538s][info][gc,metaspace   ] GC(56) Metaspace: 60209K->60209K(1103872K)
[22.538s][info][gc             ] GC(56) Pause Young (Normal) (G1 Evacuation Pause) 511M->171M(574M) 2.072ms
[22.538s][info][gc,cpu         ] GC(56) User=0.00s Sys=0.00s Real=0.00s
[22.836s][info][gc,start       ] GC(57) Pause Young (Normal) (G1 Evacuation Pause)
[22.836s][info][gc,task        ] GC(57) Using 1 workers of 1 for evacuation
[22.838s][info][gc,phases      ] GC(57)   Pre Evacuate Collection Set: 0.0ms
[22.838s][info][gc,phases      ] GC(57)   Evacuate Collection Set: 1.4ms
[22.838s][info][gc,phases      ] GC(57)   Post Evacuate Collection Set: 0.3ms
[22.838s][info][gc,phases      ] GC(57)   Other: 0.2ms
[22.838s][info][gc,heap        ] GC(57) Eden regions: 340->0(340)
[22.838s][info][gc,heap        ] GC(57) Survivor regions: 1->1(43)
[22.838s][info][gc,heap        ] GC(57) Old regions: 160->160
[22.838s][info][gc,heap        ] GC(57) Humongous regions: 12->12
[22.838s][info][gc,metaspace   ] GC(57) Metaspace: 60209K->60209K(1103872K)
[22.838s][info][gc             ] GC(57) Pause Young (Normal) (G1 Evacuation Pause) 511M->171M(574M) 2.003ms
[22.838s][info][gc,cpu         ] GC(57) User=0.00s Sys=0.00s Real=0.00s
[23.133s][info][gc,start       ] GC(58) Pause Young (Normal) (G1 Evacuation Pause)
[23.134s][info][gc,task        ] GC(58) Using 1 workers of 1 for evacuation
[23.135s][info][gc,phases      ] GC(58)   Pre Evacuate Collection Set: 0.0ms
[23.136s][info][gc,phases      ] GC(58)   Evacuate Collection Set: 1.5ms
[23.136s][info][gc,phases      ] GC(58)   Post Evacuate Collection Set: 0.3ms
[23.136s][info][gc,phases      ] GC(58)   Other: 0.2ms
[23.136s][info][gc,heap        ] GC(58) Eden regions: 340->0(340)
[23.136s][info][gc,heap        ] GC(58) Survivor regions: 1->1(43)
[23.136s][info][gc,heap        ] GC(58) Old regions: 160->160
[23.136s][info][gc,heap        ] GC(58) Humongous regions: 12->12
[23.136s][info][gc,metaspace   ] GC(58) Metaspace: 60209K->60209K(1103872K)
[23.136s][info][gc             ] GC(58) Pause Young (Normal) (G1 Evacuation Pause) 511M->171M(574M) 2.055ms
[23.136s][info][gc,cpu         ] GC(58) User=0.01s Sys=0.00s Real=0.01s
[23.439s][info][gc,start       ] GC(59) Pause Young (Normal) (G1 Evacuation Pause)
[23.441s][info][gc,task        ] GC(59) Using 1 workers of 1 for evacuation
[23.443s][info][gc,phases      ] GC(59)   Pre Evacuate Collection Set: 0.0ms
[23.443s][info][gc,phases      ] GC(59)   Evacuate Collection Set: 1.5ms
[23.443s][info][gc,phases      ] GC(59)   Post Evacuate Collection Set: 0.4ms
[23.443s][info][gc,phases      ] GC(59)   Other: 2.2ms
[23.443s][info][gc,heap        ] GC(59) Eden regions: 340->0(341)
[23.443s][info][gc,heap        ] GC(59) Survivor regions: 1->1(43)
[23.443s][info][gc,heap        ] GC(59) Old regions: 160->160
[23.443s][info][gc,heap        ] GC(59) Humongous regions: 12->12
[23.443s][info][gc,metaspace   ] GC(59) Metaspace: 60209K->60209K(1103872K)
[23.443s][info][gc             ] GC(59) Pause Young (Normal) (G1 Evacuation Pause) 511M->171M(574M) 4.156ms
[23.443s][info][gc,cpu         ] GC(59) User=0.00s Sys=0.00s Real=0.01s
[23.747s][info][gc,start       ] GC(60) Pause Young (Normal) (G1 Evacuation Pause)
[23.747s][info][gc,task        ] GC(60) Using 1 workers of 1 for evacuation
[23.749s][info][gc,phases      ] GC(60)   Pre Evacuate Collection Set: 0.0ms
[23.749s][info][gc,phases      ] GC(60)   Evacuate Collection Set: 1.4ms
[23.749s][info][gc,phases      ] GC(60)   Post Evacuate Collection Set: 0.3ms
[23.749s][info][gc,phases      ] GC(60)   Other: 0.2ms
[23.749s][info][gc,heap        ] GC(60) Eden regions: 341->0(341)
[23.749s][info][gc,heap        ] GC(60) Survivor regions: 1->1(43)
[23.749s][info][gc,heap        ] GC(60) Old regions: 160->160
[23.749s][info][gc,heap        ] GC(60) Humongous regions: 12->12
[23.749s][info][gc,metaspace   ] GC(60) Metaspace: 60209K->60209K(1103872K)
[23.749s][info][gc             ] GC(60) Pause Young (Normal) (G1 Evacuation Pause) 512M->171M(574M) 2.000ms
[23.749s][info][gc,cpu         ] GC(60) User=0.00s Sys=0.00s Real=0.00s
[24.208s][info][gc,task        ] GC(61) Using 1 workers of 1 for full compaction
[24.208s][info][gc,start       ] GC(61) Pause Full (System.gc())
[24.208s][info][gc,phases,start] GC(61) Phase 1: Mark live objects
[24.364s][info][gc,stringtable ] GC(61) Cleaned string and symbol table, strings: 21653 processed, 25 removed, symbols: 131808 processed, 0 removed
[24.364s][info][gc,phases      ] GC(61) Phase 1: Mark live objects 155.477ms
[24.364s][info][gc,phases,start] GC(61) Phase 2: Prepare for compaction
[24.394s][info][gc,phases      ] GC(61) Phase 2: Prepare for compaction 29.781ms
[24.394s][info][gc,phases,start] GC(61) Phase 3: Adjust pointers
[24.475s][info][gc,phases      ] GC(61) Phase 3: Adjust pointers 81.068ms
[24.475s][info][gc,phases,start] GC(61) Phase 4: Compact heap
[24.530s][info][gc,phases      ] GC(61) Phase 4: Compact heap 55.308ms
[24.533s][info][gc,heap        ] GC(61) Eden regions: 333->0(341)
[24.533s][info][gc,heap        ] GC(61) Survivor regions: 1->0(43)
[24.533s][info][gc,heap        ] GC(61) Old regions: 160->161
[24.533s][info][gc,heap        ] GC(61) Humongous regions: 17->12
[24.533s][info][gc,metaspace   ] GC(61) Metaspace: 60670K->60670K(1103872K)
[24.533s][info][gc             ] GC(61) Pause Full (System.gc()) 509M->171M(574M) 325.547ms
[24.533s][info][gc,cpu         ] GC(61) User=0.32s Sys=0.00s Real=0.32s
[25.362s][info][gc,start       ] GC(62) Pause Young (Normal) (G1 Evacuation Pause)
[25.362s][info][gc,task        ] GC(62) Using 1 workers of 1 for evacuation
[25.364s][info][gc,phases      ] GC(62)   Pre Evacuate Collection Set: 0.0ms
[25.364s][info][gc,phases      ] GC(62)   Evacuate Collection Set: 1.8ms
[25.364s][info][gc,phases      ] GC(62)   Post Evacuate Collection Set: 0.3ms
[25.364s][info][gc,phases      ] GC(62)   Other: 0.3ms
[25.364s][info][gc,heap        ] GC(62) Eden regions: 341->0(340)
[25.364s][info][gc,heap        ] GC(62) Survivor regions: 0->1(43)
[25.364s][info][gc,heap        ] GC(62) Old regions: 161->161
[25.364s][info][gc,heap        ] GC(62) Humongous regions: 22->12
[25.364s][info][gc,metaspace   ] GC(62) Metaspace: 60721K->60721K(1103872K)
[25.364s][info][gc             ] GC(62) Pause Young (Normal) (G1 Evacuation Pause) 522M->171M(574M) 2.447ms
[25.364s][info][gc,cpu         ] GC(62) User=0.00s Sys=0.00s Real=0.01s
[25.907s][info][gc,start       ] GC(63) Pause Young (Normal) (G1 Evacuation Pause)
[25.907s][info][gc,task        ] GC(63) Using 1 workers of 1 for evacuation
[25.909s][info][gc,phases      ] GC(63)   Pre Evacuate Collection Set: 0.0ms
[25.909s][info][gc,phases      ] GC(63)   Evacuate Collection Set: 1.5ms
[25.909s][info][gc,phases      ] GC(63)   Post Evacuate Collection Set: 0.3ms
[25.909s][info][gc,phases      ] GC(63)   Other: 0.3ms
[25.909s][info][gc,heap        ] GC(63) Eden regions: 340->0(340)
[25.909s][info][gc,heap        ] GC(63) Survivor regions: 1->1(43)
[25.909s][info][gc,heap        ] GC(63) Old regions: 161->161
[25.909s][info][gc,heap        ] GC(63) Humongous regions: 12->12
[25.909s][info][gc,metaspace   ] GC(63) Metaspace: 60724K->60724K(1103872K)
[25.909s][info][gc             ] GC(63) Pause Young (Normal) (G1 Evacuation Pause) 511M->171M(574M) 2.142ms
[25.909s][info][gc,cpu         ] GC(63) User=0.00s Sys=0.00s Real=0.00s
[26.200s][info][gc,start       ] GC(64) Pause Young (Normal) (G1 Evacuation Pause)
[26.200s][info][gc,task        ] GC(64) Using 1 workers of 1 for evacuation
[26.202s][info][gc,phases      ] GC(64)   Pre Evacuate Collection Set: 0.0ms
[26.202s][info][gc,phases      ] GC(64)   Evacuate Collection Set: 1.5ms
[26.202s][info][gc,phases      ] GC(64)   Post Evacuate Collection Set: 0.3ms
[26.202s][info][gc,phases      ] GC(64)   Other: 0.2ms
[26.202s][info][gc,heap        ] GC(64) Eden regions: 340->0(340)
[26.202s][info][gc,heap        ] GC(64) Survivor regions: 1->1(43)
[26.202s][info][gc,heap        ] GC(64) Old regions: 161->161
[26.202s][info][gc,heap        ] GC(64) Humongous regions: 12->12
[26.202s][info][gc,metaspace   ] GC(64) Metaspace: 60724K->60724K(1103872K)
[26.202s][info][gc             ] GC(64) Pause Young (Normal) (G1 Evacuation Pause) 511M->171M(574M) 2.072ms
[26.202s][info][gc,cpu         ] GC(64) User=0.00s Sys=0.00s Real=0.00s
[26.494s][info][gc,start       ] GC(65) Pause Young (Normal) (G1 Evacuation Pause)
[26.494s][info][gc,task        ] GC(65) Using 1 workers of 1 for evacuation
[26.497s][info][gc,phases      ] GC(65)   Pre Evacuate Collection Set: 0.0ms
[26.497s][info][gc,phases      ] GC(65)   Evacuate Collection Set: 1.7ms
[26.497s][info][gc,phases      ] GC(65)   Post Evacuate Collection Set: 0.3ms
[26.497s][info][gc,phases      ] GC(65)   Other: 0.6ms
[26.497s][info][gc,heap        ] GC(65) Eden regions: 340->0(340)
[26.497s][info][gc,heap        ] GC(65) Survivor regions: 1->1(43)
[26.497s][info][gc,heap        ] GC(65) Old regions: 161->161
[26.497s][info][gc,heap        ] GC(65) Humongous regions: 12->12
[26.497s][info][gc,metaspace   ] GC(65) Metaspace: 60724K->60724K(1103872K)
[26.497s][info][gc             ] GC(65) Pause Young (Normal) (G1 Evacuation Pause) 511M->171M(574M) 2.765ms
[26.497s][info][gc,cpu         ] GC(65) User=0.01s Sys=0.00s Real=0.01s
[26.809s][info][gc,start       ] GC(66) Pause Young (Normal) (G1 Evacuation Pause)
[26.809s][info][gc,task        ] GC(66) Using 1 workers of 1 for evacuation
[26.811s][info][gc,phases      ] GC(66)   Pre Evacuate Collection Set: 0.0ms
[26.811s][info][gc,phases      ] GC(66)   Evacuate Collection Set: 1.5ms
[26.811s][info][gc,phases      ] GC(66)   Post Evacuate Collection Set: 0.3ms
[26.811s][info][gc,phases      ] GC(66)   Other: 0.2ms
[26.811s][info][gc,heap        ] GC(66) Eden regions: 340->0(340)
[26.811s][info][gc,heap        ] GC(66) Survivor regions: 1->1(43)
[26.811s][info][gc,heap        ] GC(66) Old regions: 161->161
[26.811s][info][gc,heap        ] GC(66) Humongous regions: 12->12
[26.811s][info][gc,metaspace   ] GC(66) Metaspace: 60724K->60724K(1103872K)
[26.811s][info][gc             ] GC(66) Pause Young (Normal) (G1 Evacuation Pause) 511M->171M(574M) 2.137ms
[26.811s][info][gc,cpu         ] GC(66) User=0.00s Sys=0.00s Real=0.00s
[27.112s][info][gc,start       ] GC(67) Pause Young (Normal) (G1 Evacuation Pause)
[27.112s][info][gc,task        ] GC(67) Using 1 workers of 1 for evacuation
[27.120s][info][gc,phases      ] GC(67)   Pre Evacuate Collection Set: 0.0ms
[27.120s][info][gc,phases      ] GC(67)   Evacuate Collection Set: 7.4ms
[27.120s][info][gc,phases      ] GC(67)   Post Evacuate Collection Set: 0.3ms
[27.120s][info][gc,phases      ] GC(67)   Other: 0.2ms
[27.120s][info][gc,heap        ] GC(67) Eden regions: 340->0(340)
[27.120s][info][gc,heap        ] GC(67) Survivor regions: 1->1(43)
[27.120s][info][gc,heap        ] GC(67) Old regions: 161->161
[27.120s][info][gc,heap        ] GC(67) Humongous regions: 12->12
[27.120s][info][gc,metaspace   ] GC(67) Metaspace: 60724K->60724K(1103872K)
[27.120s][info][gc             ] GC(67) Pause Young (Normal) (G1 Evacuation Pause) 511M->171M(574M) 7.972ms
[27.120s][info][gc,cpu         ] GC(67) User=0.01s Sys=0.00s Real=0.01s
[27.462s][info][gc,task        ] GC(68) Using 1 workers of 1 for full compaction
[27.462s][info][gc,start       ] GC(68) Pause Full (System.gc())
[27.463s][info][gc,phases,start] GC(68) Phase 1: Mark live objects
[27.625s][info][gc,stringtable ] GC(68) Cleaned string and symbol table, strings: 21671 processed, 22 removed, symbols: 131808 processed, 0 removed
[27.625s][info][gc,phases      ] GC(68) Phase 1: Mark live objects 161.565ms
[27.625s][info][gc,phases,start] GC(68) Phase 2: Prepare for compaction
[27.654s][info][gc,phases      ] GC(68) Phase 2: Prepare for compaction 29.338ms
[27.654s][info][gc,phases,start] GC(68) Phase 3: Adjust pointers
[27.731s][info][gc,phases      ] GC(68) Phase 3: Adjust pointers 76.481ms
[27.731s][info][gc,phases,start] GC(68) Phase 4: Compact heap
[27.754s][info][gc,phases      ] GC(68) Phase 4: Compact heap 22.994ms
[27.757s][info][gc,heap        ] GC(68) Eden regions: 329->0(341)
[27.757s][info][gc,heap        ] GC(68) Survivor regions: 1->0(43)
[27.757s][info][gc,heap        ] GC(68) Old regions: 161->161
[27.757s][info][gc,heap        ] GC(68) Humongous regions: 17->12
[27.757s][info][gc,metaspace   ] GC(68) Metaspace: 60743K->60743K(1103872K)
[27.757s][info][gc             ] GC(68) Pause Full (System.gc()) 505M->171M(574M) 294.469ms
[27.757s][info][gc,cpu         ] GC(68) User=0.28s Sys=0.00s Real=0.29s
[28.568s][info][gc,start       ] GC(69) Pause Young (Normal) (G1 Evacuation Pause)
[28.568s][info][gc,task        ] GC(69) Using 1 workers of 1 for evacuation
[28.571s][info][gc,phases      ] GC(69)   Pre Evacuate Collection Set: 0.0ms
[28.571s][info][gc,phases      ] GC(69)   Evacuate Collection Set: 1.6ms
[28.571s][info][gc,phases      ] GC(69)   Post Evacuate Collection Set: 0.4ms
[28.571s][info][gc,phases      ] GC(69)   Other: 0.3ms
[28.571s][info][gc,heap        ] GC(69) Eden regions: 341->0(340)
[28.571s][info][gc,heap        ] GC(69) Survivor regions: 0->1(43)
[28.571s][info][gc,heap        ] GC(69) Old regions: 161->161
[28.571s][info][gc,heap        ] GC(69) Humongous regions: 22->12
[28.571s][info][gc,metaspace   ] GC(69) Metaspace: 60808K->60808K(1103872K)
[28.571s][info][gc             ] GC(69) Pause Young (Normal) (G1 Evacuation Pause) 522M->171M(574M) 2.359ms
[28.571s][info][gc,cpu         ] GC(69) User=0.01s Sys=0.00s Real=0.00s
[28.909s][info][gc,start       ] GC(70) Pause Young (Normal) (G1 Evacuation Pause)
[28.909s][info][gc,task        ] GC(70) Using 1 workers of 1 for evacuation
[28.911s][info][gc,phases      ] GC(70)   Pre Evacuate Collection Set: 0.0ms
[28.911s][info][gc,phases      ] GC(70)   Evacuate Collection Set: 1.6ms
[28.911s][info][gc,phases      ] GC(70)   Post Evacuate Collection Set: 0.3ms
[28.911s][info][gc,phases      ] GC(70)   Other: 0.2ms
[28.911s][info][gc,heap        ] GC(70) Eden regions: 340->0(340)
[28.911s][info][gc,heap        ] GC(70) Survivor regions: 1->1(43)
[28.911s][info][gc,heap        ] GC(70) Old regions: 161->161
[28.911s][info][gc,heap        ] GC(70) Humongous regions: 12->12
[28.911s][info][gc,metaspace   ] GC(70) Metaspace: 60810K->60810K(1103872K)
[28.911s][info][gc             ] GC(70) Pause Young (Normal) (G1 Evacuation Pause) 511M->171M(574M) 2.252ms
[28.911s][info][gc,cpu         ] GC(70) User=0.01s Sys=0.00s Real=0.00s
[29.215s][info][gc,start       ] GC(71) Pause Young (Normal) (G1 Evacuation Pause)
[29.215s][info][gc,task        ] GC(71) Using 1 workers of 1 for evacuation
[29.217s][info][gc,phases      ] GC(71)   Pre Evacuate Collection Set: 0.0ms
[29.217s][info][gc,phases      ] GC(71)   Evacuate Collection Set: 1.5ms
[29.217s][info][gc,phases      ] GC(71)   Post Evacuate Collection Set: 0.3ms
[29.217s][info][gc,phases      ] GC(71)   Other: 0.2ms
[29.217s][info][gc,heap        ] GC(71) Eden regions: 340->0(340)
[29.217s][info][gc,heap        ] GC(71) Survivor regions: 1->1(43)
[29.217s][info][gc,heap        ] GC(71) Old regions: 161->161
[29.217s][info][gc,heap        ] GC(71) Humongous regions: 12->12
[29.217s][info][gc,metaspace   ] GC(71) Metaspace: 60810K->60810K(1103872K)
[29.217s][info][gc             ] GC(71) Pause Young (Normal) (G1 Evacuation Pause) 511M->171M(574M) 2.173ms
[29.217s][info][gc,cpu         ] GC(71) User=0.00s Sys=0.00s Real=0.00s
[29.512s][info][gc,start       ] GC(72) Pause Young (Normal) (G1 Evacuation Pause)
[29.512s][info][gc,task        ] GC(72) Using 1 workers of 1 for evacuation
[29.525s][info][gc,phases      ] GC(72)   Pre Evacuate Collection Set: 0.0ms
[29.525s][info][gc,phases      ] GC(72)   Evacuate Collection Set: 12.4ms
[29.525s][info][gc,phases      ] GC(72)   Post Evacuate Collection Set: 0.3ms
[29.525s][info][gc,phases      ] GC(72)   Other: 0.2ms
[29.525s][info][gc,heap        ] GC(72) Eden regions: 340->0(340)
[29.525s][info][gc,heap        ] GC(72) Survivor regions: 1->1(43)
[29.525s][info][gc,heap        ] GC(72) Old regions: 161->161
[29.525s][info][gc,heap        ] GC(72) Humongous regions: 12->12
[29.525s][info][gc,metaspace   ] GC(72) Metaspace: 60810K->60810K(1103872K)
[29.525s][info][gc             ] GC(72) Pause Young (Normal) (G1 Evacuation Pause) 511M->171M(574M) 13.048ms
[29.525s][info][gc,cpu         ] GC(72) User=0.02s Sys=0.00s Real=0.02s
[29.829s][info][gc,start       ] GC(73) Pause Young (Normal) (G1 Evacuation Pause)
[29.829s][info][gc,task        ] GC(73) Using 1 workers of 1 for evacuation
[29.831s][info][gc,phases      ] GC(73)   Pre Evacuate Collection Set: 0.0ms
[29.831s][info][gc,phases      ] GC(73)   Evacuate Collection Set: 1.5ms
[29.831s][info][gc,phases      ] GC(73)   Post Evacuate Collection Set: 0.3ms
[29.831s][info][gc,phases      ] GC(73)   Other: 0.3ms
[29.831s][info][gc,heap        ] GC(73) Eden regions: 340->0(340)
[29.831s][info][gc,heap        ] GC(73) Survivor regions: 1->1(43)
[29.831s][info][gc,heap        ] GC(73) Old regions: 161->161
[29.831s][info][gc,heap        ] GC(73) Humongous regions: 12->12
[29.831s][info][gc,metaspace   ] GC(73) Metaspace: 60810K->60810K(1103872K)
[29.831s][info][gc             ] GC(73) Pause Young (Normal) (G1 Evacuation Pause) 511M->171M(574M) 2.214ms
[29.831s][info][gc,cpu         ] GC(73) User=0.00s Sys=0.00s Real=0.00s
[30.132s][info][gc,start       ] GC(74) Pause Young (Normal) (G1 Evacuation Pause)
[30.132s][info][gc,task        ] GC(74) Using 1 workers of 1 for evacuation
[30.134s][info][gc,phases      ] GC(74)   Pre Evacuate Collection Set: 0.0ms
[30.134s][info][gc,phases      ] GC(74)   Evacuate Collection Set: 1.6ms
[30.134s][info][gc,phases      ] GC(74)   Post Evacuate Collection Set: 0.3ms
[30.134s][info][gc,phases      ] GC(74)   Other: 0.2ms
[30.134s][info][gc,heap        ] GC(74) Eden regions: 340->0(340)
[30.134s][info][gc,heap        ] GC(74) Survivor regions: 1->1(43)
[30.134s][info][gc,heap        ] GC(74) Old regions: 161->161
[30.134s][info][gc,heap        ] GC(74) Humongous regions: 12->12
[30.134s][info][gc,metaspace   ] GC(74) Metaspace: 60810K->60810K(1103872K)
[30.134s][info][gc             ] GC(74) Pause Young (Normal) (G1 Evacuation Pause) 511M->171M(574M) 2.142ms
[30.134s][info][gc,cpu         ] GC(74) User=0.00s Sys=0.00s Real=0.00s
[30.467s][info][gc,task        ] GC(75) Using 1 workers of 1 for full compaction
[30.467s][info][gc,start       ] GC(75) Pause Full (System.gc())
[30.468s][info][gc,phases,start] GC(75) Phase 1: Mark live objects
[30.629s][info][gc,stringtable ] GC(75) Cleaned string and symbol table, strings: 21691 processed, 22 removed, symbols: 131818 processed, 0 removed
[30.629s][info][gc,phases      ] GC(75) Phase 1: Mark live objects 161.740ms
[30.629s][info][gc,phases,start] GC(75) Phase 2: Prepare for compaction
[30.659s][info][gc,phases      ] GC(75) Phase 2: Prepare for compaction 29.271ms
[30.659s][info][gc,phases,start] GC(75) Phase 3: Adjust pointers
[30.740s][info][gc,phases      ] GC(75) Phase 3: Adjust pointers 81.089ms
[30.740s][info][gc,phases,start] GC(75) Phase 4: Compact heap
[30.794s][info][gc,phases      ] GC(75) Phase 4: Compact heap 53.819ms
[30.797s][info][gc,heap        ] GC(75) Eden regions: 327->0(341)
[30.797s][info][gc,heap        ] GC(75) Survivor regions: 1->0(43)
[30.797s][info][gc,heap        ] GC(75) Old regions: 161->161
[30.797s][info][gc,heap        ] GC(75) Humongous regions: 17->12
[30.797s][info][gc,metaspace   ] GC(75) Metaspace: 60831K->60831K(1103872K)
[30.797s][info][gc             ] GC(75) Pause Full (System.gc()) 503M->171M(574M) 330.147ms
[30.797s][info][gc,cpu         ] GC(75) User=0.32s Sys=0.00s Real=0.33s
[31.357s][info][gc,start       ] GC(76) Pause Young (Normal) (G1 Evacuation Pause)
[31.357s][info][gc,task        ] GC(76) Using 1 workers of 1 for evacuation
[31.359s][info][gc,phases      ] GC(76)   Pre Evacuate Collection Set: 0.0ms
[31.359s][info][gc,phases      ] GC(76)   Evacuate Collection Set: 1.7ms
[31.359s][info][gc,phases      ] GC(76)   Post Evacuate Collection Set: 0.4ms
[31.360s][info][gc,phases      ] GC(76)   Other: 0.3ms
[31.360s][info][gc,heap        ] GC(76) Eden regions: 341->0(340)
[31.360s][info][gc,heap        ] GC(76) Survivor regions: 0->1(43)
[31.360s][info][gc,heap        ] GC(76) Old regions: 161->161
[31.360s][info][gc,heap        ] GC(76) Humongous regions: 22->12
[31.360s][info][gc,metaspace   ] GC(76) Metaspace: 60890K->60890K(1103872K)
[31.360s][info][gc             ] GC(76) Pause Young (Normal) (G1 Evacuation Pause) 522M->171M(574M) 2.449ms
[31.360s][info][gc,cpu         ] GC(76) User=0.00s Sys=0.00s Real=0.00s
[31.668s][info][gc,start       ] GC(77) Pause Young (Normal) (G1 Evacuation Pause)
[31.668s][info][gc,task        ] GC(77) Using 1 workers of 1 for evacuation
[31.670s][info][gc,phases      ] GC(77)   Pre Evacuate Collection Set: 0.0ms
[31.670s][info][gc,phases      ] GC(77)   Evacuate Collection Set: 1.7ms
[31.670s][info][gc,phases      ] GC(77)   Post Evacuate Collection Set: 0.4ms
[31.670s][info][gc,phases      ] GC(77)   Other: 0.5ms
[31.670s][info][gc,heap        ] GC(77) Eden regions: 340->0(340)
[31.670s][info][gc,heap        ] GC(77) Survivor regions: 1->1(43)
[31.670s][info][gc,heap        ] GC(77) Old regions: 161->161
[31.670s][info][gc,heap        ] GC(77) Humongous regions: 12->12
[31.670s][info][gc,metaspace   ] GC(77) Metaspace: 60901K->60901K(1103872K)
[31.670s][info][gc             ] GC(77) Pause Young (Normal) (G1 Evacuation Pause) 511M->171M(574M) 2.692ms
[31.670s][info][gc,cpu         ] GC(77) User=0.00s Sys=0.00s Real=0.00s
[31.962s][info][gc,start       ] GC(78) Pause Young (Normal) (G1 Evacuation Pause)
[31.962s][info][gc,task        ] GC(78) Using 1 workers of 1 for evacuation
[31.964s][info][gc,phases      ] GC(78)   Pre Evacuate Collection Set: 0.0ms
[31.964s][info][gc,phases      ] GC(78)   Evacuate Collection Set: 1.6ms
[31.964s][info][gc,phases      ] GC(78)   Post Evacuate Collection Set: 0.3ms
[31.965s][info][gc,phases      ] GC(78)   Other: 0.3ms
[31.965s][info][gc,heap        ] GC(78) Eden regions: 340->0(340)
[31.965s][info][gc,heap        ] GC(78) Survivor regions: 1->1(43)
[31.965s][info][gc,heap        ] GC(78) Old regions: 161->161
[31.965s][info][gc,heap        ] GC(78) Humongous regions: 12->12
[31.965s][info][gc,metaspace   ] GC(78) Metaspace: 60901K->60901K(1103872K)
[31.965s][info][gc             ] GC(78) Pause Young (Normal) (G1 Evacuation Pause) 511M->171M(574M) 2.198ms
[31.965s][info][gc,cpu         ] GC(78) User=0.00s Sys=0.00s Real=0.01s
[32.258s][info][gc,start       ] GC(79) Pause Young (Normal) (G1 Evacuation Pause)
[32.258s][info][gc,task        ] GC(79) Using 1 workers of 1 for evacuation
[32.260s][info][gc,phases      ] GC(79)   Pre Evacuate Collection Set: 0.0ms
[32.260s][info][gc,phases      ] GC(79)   Evacuate Collection Set: 1.6ms
[32.260s][info][gc,phases      ] GC(79)   Post Evacuate Collection Set: 0.3ms
[32.260s][info][gc,phases      ] GC(79)   Other: 0.3ms
[32.260s][info][gc,heap        ] GC(79) Eden regions: 340->0(340)
[32.260s][info][gc,heap        ] GC(79) Survivor regions: 1->1(43)
[32.260s][info][gc,heap        ] GC(79) Old regions: 161->161
[32.260s][info][gc,heap        ] GC(79) Humongous regions: 12->12
[32.260s][info][gc,metaspace   ] GC(79) Metaspace: 60901K->60901K(1103872K)
[32.260s][info][gc             ] GC(79) Pause Young (Normal) (G1 Evacuation Pause) 511M->171M(574M) 2.259ms
[32.260s][info][gc,cpu         ] GC(79) User=0.00s Sys=0.00s Real=0.00s
[32.564s][info][gc,start       ] GC(80) Pause Young (Normal) (G1 Evacuation Pause)
[32.564s][info][gc,task        ] GC(80) Using 1 workers of 1 for evacuation
[32.566s][info][gc,phases      ] GC(80)   Pre Evacuate Collection Set: 0.0ms
[32.566s][info][gc,phases      ] GC(80)   Evacuate Collection Set: 1.6ms
[32.566s][info][gc,phases      ] GC(80)   Post Evacuate Collection Set: 0.3ms
[32.566s][info][gc,phases      ] GC(80)   Other: 0.2ms
[32.566s][info][gc,heap        ] GC(80) Eden regions: 340->0(340)
[32.566s][info][gc,heap        ] GC(80) Survivor regions: 1->1(43)
[32.566s][info][gc,heap        ] GC(80) Old regions: 161->161
[32.566s][info][gc,heap        ] GC(80) Humongous regions: 12->12
[32.566s][info][gc,metaspace   ] GC(80) Metaspace: 60901K->60901K(1103872K)
[32.566s][info][gc             ] GC(80) Pause Young (Normal) (G1 Evacuation Pause) 511M->171M(574M) 2.168ms
[32.566s][info][gc,cpu         ] GC(80) User=0.00s Sys=0.00s Real=0.00s
[32.864s][info][gc,start       ] GC(81) Pause Young (Normal) (G1 Evacuation Pause)
[32.864s][info][gc,task        ] GC(81) Using 1 workers of 1 for evacuation
[32.866s][info][gc,phases      ] GC(81)   Pre Evacuate Collection Set: 0.0ms
[32.866s][info][gc,phases      ] GC(81)   Evacuate Collection Set: 1.6ms
[32.866s][info][gc,phases      ] GC(81)   Post Evacuate Collection Set: 0.3ms
[32.866s][info][gc,phases      ] GC(81)   Other: 0.2ms
[32.866s][info][gc,heap        ] GC(81) Eden regions: 340->0(340)
[32.866s][info][gc,heap        ] GC(81) Survivor regions: 1->1(43)
[32.866s][info][gc,heap        ] GC(81) Old regions: 161->161
[32.866s][info][gc,heap        ] GC(81) Humongous regions: 12->12
[32.866s][info][gc,metaspace   ] GC(81) Metaspace: 60901K->60901K(1103872K)
[32.866s][info][gc             ] GC(81) Pause Young (Normal) (G1 Evacuation Pause) 511M->171M(574M) 2.176ms
[32.866s][info][gc,cpu         ] GC(81) User=0.01s Sys=0.00s Real=0.00s
[33.206s][info][gc,task        ] GC(82) Using 1 workers of 1 for full compaction
[33.207s][info][gc,start       ] GC(82) Pause Full (System.gc())
[33.207s][info][gc,phases,start] GC(82) Phase 1: Mark live objects
[33.380s][info][gc,stringtable ] GC(82) Cleaned string and symbol table, strings: 21701 processed, 22 removed, symbols: 131820 processed, 0 removed
[33.380s][info][gc,phases      ] GC(82) Phase 1: Mark live objects 173.016ms
[33.380s][info][gc,phases,start] GC(82) Phase 2: Prepare for compaction
[33.410s][info][gc,phases      ] GC(82) Phase 2: Prepare for compaction 29.681ms
[33.410s][info][gc,phases,start] GC(82) Phase 3: Adjust pointers
[33.489s][info][gc,phases      ] GC(82) Phase 3: Adjust pointers 79.158ms
[33.489s][info][gc,phases,start] GC(82) Phase 4: Compact heap
[33.516s][info][gc,phases      ] GC(82) Phase 4: Compact heap 26.194ms
[33.519s][info][gc,heap        ] GC(82) Eden regions: 328->0(341)
[33.519s][info][gc,heap        ] GC(82) Survivor regions: 1->0(43)
[33.519s][info][gc,heap        ] GC(82) Old regions: 161->161
[33.519s][info][gc,heap        ] GC(82) Humongous regions: 17->12
[33.519s][info][gc,metaspace   ] GC(82) Metaspace: 60920K->60920K(1103872K)
[33.519s][info][gc             ] GC(82) Pause Full (System.gc()) 504M->171M(574M) 312.523ms
[33.519s][info][gc,cpu         ] GC(82) User=0.30s Sys=0.00s Real=0.31s
[34.015s][info][gc,start       ] GC(83) Pause Young (Normal) (G1 Evacuation Pause)
[34.015s][info][gc,task        ] GC(83) Using 1 workers of 1 for evacuation
[34.017s][info][gc,phases      ] GC(83)   Pre Evacuate Collection Set: 0.0ms
[34.017s][info][gc,phases      ] GC(83)   Evacuate Collection Set: 1.7ms
[34.017s][info][gc,phases      ] GC(83)   Post Evacuate Collection Set: 0.3ms
[34.017s][info][gc,phases      ] GC(83)   Other: 0.3ms
[34.017s][info][gc,heap        ] GC(83) Eden regions: 341->0(340)
[34.017s][info][gc,heap        ] GC(83) Survivor regions: 0->1(43)
[34.017s][info][gc,heap        ] GC(83) Old regions: 161->161
[34.017s][info][gc,heap        ] GC(83) Humongous regions: 22->12
[34.017s][info][gc,metaspace   ] GC(83) Metaspace: 60991K->60991K(1103872K)
[34.017s][info][gc             ] GC(83) Pause Young (Normal) (G1 Evacuation Pause) 522M->172M(574M) 2.432ms
[34.017s][info][gc,cpu         ] GC(83) User=0.01s Sys=0.00s Real=0.00s
[34.325s][info][gc,start       ] GC(84) Pause Young (Normal) (G1 Evacuation Pause)
[34.326s][info][gc,task        ] GC(84) Using 1 workers of 1 for evacuation
[34.328s][info][gc,phases      ] GC(84)   Pre Evacuate Collection Set: 0.0ms
[34.328s][info][gc,phases      ] GC(84)   Evacuate Collection Set: 1.7ms
[34.328s][info][gc,phases      ] GC(84)   Post Evacuate Collection Set: 0.3ms
[34.328s][info][gc,phases      ] GC(84)   Other: 0.2ms
[34.328s][info][gc,heap        ] GC(84) Eden regions: 340->0(340)
[34.328s][info][gc,heap        ] GC(84) Survivor regions: 1->1(43)
[34.328s][info][gc,heap        ] GC(84) Old regions: 161->161
[34.328s][info][gc,heap        ] GC(84) Humongous regions: 12->12
[34.328s][info][gc,metaspace   ] GC(84) Metaspace: 60993K->60993K(1103872K)
[34.328s][info][gc             ] GC(84) Pause Young (Normal) (G1 Evacuation Pause) 512M->172M(574M) 2.322ms
[34.328s][info][gc,cpu         ] GC(84) User=0.00s Sys=0.00s Real=0.00s
[34.622s][info][gc,start       ] GC(85) Pause Young (Normal) (G1 Evacuation Pause)
[34.622s][info][gc,task        ] GC(85) Using 1 workers of 1 for evacuation
[34.624s][info][gc,phases      ] GC(85)   Pre Evacuate Collection Set: 0.0ms
[34.624s][info][gc,phases      ] GC(85)   Evacuate Collection Set: 1.6ms
[34.624s][info][gc,phases      ] GC(85)   Post Evacuate Collection Set: 0.3ms
[34.624s][info][gc,phases      ] GC(85)   Other: 0.3ms
[34.624s][info][gc,heap        ] GC(85) Eden regions: 340->0(340)
[34.624s][info][gc,heap        ] GC(85) Survivor regions: 1->1(43)
[34.624s][info][gc,heap        ] GC(85) Old regions: 161->161
[34.624s][info][gc,heap        ] GC(85) Humongous regions: 12->12
[34.624s][info][gc,metaspace   ] GC(85) Metaspace: 60993K->60993K(1103872K)
[34.624s][info][gc             ] GC(85) Pause Young (Normal) (G1 Evacuation Pause) 512M->172M(574M) 2.335ms
[34.624s][info][gc,cpu         ] GC(85) User=0.00s Sys=0.00s Real=0.01s
[34.922s][info][gc,start       ] GC(86) Pause Young (Normal) (G1 Evacuation Pause)
[34.922s][info][gc,task        ] GC(86) Using 1 workers of 1 for evacuation
[34.924s][info][gc,phases      ] GC(86)   Pre Evacuate Collection Set: 0.0ms
[34.924s][info][gc,phases      ] GC(86)   Evacuate Collection Set: 1.7ms
[34.924s][info][gc,phases      ] GC(86)   Post Evacuate Collection Set: 0.3ms
[34.924s][info][gc,phases      ] GC(86)   Other: 0.2ms
[34.924s][info][gc,heap        ] GC(86) Eden regions: 340->0(340)
[34.924s][info][gc,heap        ] GC(86) Survivor regions: 1->1(43)
[34.924s][info][gc,heap        ] GC(86) Old regions: 161->161
[34.924s][info][gc,heap        ] GC(86) Humongous regions: 12->12
[34.924s][info][gc,metaspace   ] GC(86) Metaspace: 60993K->60993K(1103872K)
[34.924s][info][gc             ] GC(86) Pause Young (Normal) (G1 Evacuation Pause) 512M->172M(574M) 2.278ms
[34.924s][info][gc,cpu         ] GC(86) User=0.00s Sys=0.00s Real=0.01s
[35.282s][info][gc,start       ] GC(87) Pause Young (Normal) (G1 Evacuation Pause)
[35.282s][info][gc,task        ] GC(87) Using 1 workers of 1 for evacuation
[35.292s][info][gc,phases      ] GC(87)   Pre Evacuate Collection Set: 0.0ms
[35.292s][info][gc,phases      ] GC(87)   Evacuate Collection Set: 3.9ms
[35.292s][info][gc,phases      ] GC(87)   Post Evacuate Collection Set: 4.8ms
[35.292s][info][gc,phases      ] GC(87)   Other: 0.9ms
[35.292s][info][gc,heap        ] GC(87) Eden regions: 340->0(340)
[35.292s][info][gc,heap        ] GC(87) Survivor regions: 1->1(43)
[35.292s][info][gc,heap        ] GC(87) Old regions: 161->161
[35.292s][info][gc,heap        ] GC(87) Humongous regions: 12->12
[35.292s][info][gc,metaspace   ] GC(87) Metaspace: 60993K->60993K(1103872K)
[35.292s][info][gc             ] GC(87) Pause Young (Normal) (G1 Evacuation Pause) 512M->172M(574M) 9.609ms
[35.292s][info][gc,cpu         ] GC(87) User=0.00s Sys=0.00s Real=0.00s
[35.603s][info][gc,start       ] GC(88) Pause Young (Normal) (G1 Evacuation Pause)
[35.603s][info][gc,task        ] GC(88) Using 1 workers of 1 for evacuation
[35.605s][info][gc,phases      ] GC(88)   Pre Evacuate Collection Set: 0.0ms
[35.605s][info][gc,phases      ] GC(88)   Evacuate Collection Set: 1.7ms
[35.605s][info][gc,phases      ] GC(88)   Post Evacuate Collection Set: 0.3ms
[35.605s][info][gc,phases      ] GC(88)   Other: 0.3ms
[35.605s][info][gc,heap        ] GC(88) Eden regions: 340->0(340)
[35.605s][info][gc,heap        ] GC(88) Survivor regions: 1->1(43)
[35.605s][info][gc,heap        ] GC(88) Old regions: 161->161
[35.605s][info][gc,heap        ] GC(88) Humongous regions: 12->12
[35.605s][info][gc,metaspace   ] GC(88) Metaspace: 60993K->60993K(1103872K)
[35.605s][info][gc             ] GC(88) Pause Young (Normal) (G1 Evacuation Pause) 512M->172M(574M) 2.298ms
[35.605s][info][gc,cpu         ] GC(88) User=0.00s Sys=0.00s Real=0.00s
[35.930s][info][gc,task        ] GC(89) Using 1 workers of 1 for full compaction
[35.930s][info][gc,start       ] GC(89) Pause Full (System.gc())
[35.931s][info][gc,phases,start] GC(89) Phase 1: Mark live objects
[36.095s][info][gc,stringtable ] GC(89) Cleaned string and symbol table, strings: 21708 processed, 22 removed, symbols: 131832 processed, 0 removed
[36.095s][info][gc,phases      ] GC(89) Phase 1: Mark live objects 164.174ms
[36.095s][info][gc,phases,start] GC(89) Phase 2: Prepare for compaction
[36.125s][info][gc,phases      ] GC(89) Phase 2: Prepare for compaction 29.488ms
[36.125s][info][gc,phases,start] GC(89) Phase 3: Adjust pointers
[36.209s][info][gc,phases      ] GC(89) Phase 3: Adjust pointers 84.758ms
[36.210s][info][gc,phases,start] GC(89) Phase 4: Compact heap
[36.263s][info][gc,phases      ] GC(89) Phase 4: Compact heap 53.800ms
[36.267s][info][gc,heap        ] GC(89) Eden regions: 328->0(341)
[36.267s][info][gc,heap        ] GC(89) Survivor regions: 1->0(43)
[36.267s][info][gc,heap        ] GC(89) Old regions: 161->161
[36.267s][info][gc,heap        ] GC(89) Humongous regions: 17->12
[36.267s][info][gc,metaspace   ] GC(89) Metaspace: 61012K->61012K(1103872K)
[36.267s][info][gc             ] GC(89) Pause Full (System.gc()) 504M->171M(574M) 337.172ms
[36.267s][info][gc,cpu         ] GC(89) User=0.32s Sys=0.01s Real=0.34s
[36.688s][info][gc,start       ] GC(90) Pause Young (Normal) (G1 Evacuation Pause)
[36.689s][info][gc,task        ] GC(90) Using 1 workers of 1 for evacuation
[36.693s][info][gc,phases      ] GC(90)   Pre Evacuate Collection Set: 0.0ms
[36.693s][info][gc,phases      ] GC(90)   Evacuate Collection Set: 4.0ms
[36.693s][info][gc,phases      ] GC(90)   Post Evacuate Collection Set: 0.4ms
[36.693s][info][gc,phases      ] GC(90)   Other: 0.8ms
[36.693s][info][gc,heap        ] GC(90) Eden regions: 341->0(340)
[36.693s][info][gc,heap        ] GC(90) Survivor regions: 0->1(43)
[36.693s][info][gc,heap        ] GC(90) Old regions: 161->161
[36.693s][info][gc,heap        ] GC(90) Humongous regions: 22->12
[36.693s][info][gc,metaspace   ] GC(90) Metaspace: 61043K->61043K(1103872K)
[36.693s][info][gc             ] GC(90) Pause Young (Normal) (G1 Evacuation Pause) 522M->172M(574M) 5.206ms
[36.693s][info][gc,cpu         ] GC(90) User=0.00s Sys=0.00s Real=0.00s
[36.994s][info][gc,start       ] GC(91) Pause Young (Normal) (G1 Evacuation Pause)
[36.994s][info][gc,task        ] GC(91) Using 1 workers of 1 for evacuation
[36.996s][info][gc,phases      ] GC(91)   Pre Evacuate Collection Set: 0.0ms
[36.996s][info][gc,phases      ] GC(91)   Evacuate Collection Set: 1.8ms
[36.996s][info][gc,phases      ] GC(91)   Post Evacuate Collection Set: 0.3ms
[36.996s][info][gc,phases      ] GC(91)   Other: 0.3ms
[36.996s][info][gc,heap        ] GC(91) Eden regions: 340->0(340)
[36.996s][info][gc,heap        ] GC(91) Survivor regions: 1->1(43)
[36.996s][info][gc,heap        ] GC(91) Old regions: 161->161
[36.996s][info][gc,heap        ] GC(91) Humongous regions: 12->12
[36.996s][info][gc,metaspace   ] GC(91) Metaspace: 61044K->61044K(1103872K)
[36.996s][info][gc             ] GC(91) Pause Young (Normal) (G1 Evacuation Pause) 512M->172M(574M) 2.424ms
[36.996s][info][gc,cpu         ] GC(91) User=0.00s Sys=0.00s Real=0.01s
[37.287s][info][gc,start       ] GC(92) Pause Young (Normal) (G1 Evacuation Pause)
[37.287s][info][gc,task        ] GC(92) Using 1 workers of 1 for evacuation
[37.289s][info][gc,phases      ] GC(92)   Pre Evacuate Collection Set: 0.0ms
[37.289s][info][gc,phases      ] GC(92)   Evacuate Collection Set: 1.7ms
[37.289s][info][gc,phases      ] GC(92)   Post Evacuate Collection Set: 0.3ms
[37.289s][info][gc,phases      ] GC(92)   Other: 0.2ms
[37.289s][info][gc,heap        ] GC(92) Eden regions: 340->0(340)
[37.289s][info][gc,heap        ] GC(92) Survivor regions: 1->1(43)
[37.289s][info][gc,heap        ] GC(92) Old regions: 161->161
[37.289s][info][gc,heap        ] GC(92) Humongous regions: 12->12
[37.289s][info][gc,metaspace   ] GC(92) Metaspace: 61044K->61044K(1103872K)
[37.289s][info][gc             ] GC(92) Pause Young (Normal) (G1 Evacuation Pause) 512M->172M(574M) 2.277ms
[37.289s][info][gc,cpu         ] GC(92) User=0.00s Sys=0.00s Real=0.00s
[37.582s][info][gc,start       ] GC(93) Pause Young (Normal) (G1 Evacuation Pause)
[37.582s][info][gc,task        ] GC(93) Using 1 workers of 1 for evacuation
[37.584s][info][gc,phases      ] GC(93)   Pre Evacuate Collection Set: 0.0ms
[37.584s][info][gc,phases      ] GC(93)   Evacuate Collection Set: 1.7ms
[37.584s][info][gc,phases      ] GC(93)   Post Evacuate Collection Set: 0.3ms
[37.584s][info][gc,phases      ] GC(93)   Other: 0.3ms
[37.584s][info][gc,heap        ] GC(93) Eden regions: 340->0(340)
[37.584s][info][gc,heap        ] GC(93) Survivor regions: 1->1(43)
[37.584s][info][gc,heap        ] GC(93) Old regions: 161->161
[37.584s][info][gc,heap        ] GC(93) Humongous regions: 12->12
[37.584s][info][gc,metaspace   ] GC(93) Metaspace: 61044K->61044K(1103872K)
[37.584s][info][gc             ] GC(93) Pause Young (Normal) (G1 Evacuation Pause) 512M->172M(574M) 2.346ms
[37.584s][info][gc,cpu         ] GC(93) User=0.00s Sys=0.00s Real=0.01s
[37.888s][info][gc,start       ] GC(94) Pause Young (Normal) (G1 Evacuation Pause)
[37.889s][info][gc,task        ] GC(94) Using 1 workers of 1 for evacuation
[37.891s][info][gc,phases      ] GC(94)   Pre Evacuate Collection Set: 0.0ms
[37.891s][info][gc,phases      ] GC(94)   Evacuate Collection Set: 1.7ms
[37.891s][info][gc,phases      ] GC(94)   Post Evacuate Collection Set: 0.3ms
[37.891s][info][gc,phases      ] GC(94)   Other: 0.3ms
[37.891s][info][gc,heap        ] GC(94) Eden regions: 340->0(340)
[37.891s][info][gc,heap        ] GC(94) Survivor regions: 1->1(43)
[37.891s][info][gc,heap        ] GC(94) Old regions: 161->161
[37.891s][info][gc,heap        ] GC(94) Humongous regions: 12->12
[37.891s][info][gc,metaspace   ] GC(94) Metaspace: 61044K->61044K(1103872K)
[37.891s][info][gc             ] GC(94) Pause Young (Normal) (G1 Evacuation Pause) 512M->172M(574M) 2.375ms
[37.891s][info][gc,cpu         ] GC(94) User=0.01s Sys=0.00s Real=0.00s
[38.180s][info][gc,start       ] GC(95) Pause Young (Normal) (G1 Evacuation Pause)
[38.180s][info][gc,task        ] GC(95) Using 1 workers of 1 for evacuation
[38.182s][info][gc,phases      ] GC(95)   Pre Evacuate Collection Set: 0.0ms
[38.182s][info][gc,phases      ] GC(95)   Evacuate Collection Set: 1.7ms
[38.182s][info][gc,phases      ] GC(95)   Post Evacuate Collection Set: 0.3ms
[38.182s][info][gc,phases      ] GC(95)   Other: 0.3ms
[38.182s][info][gc,heap        ] GC(95) Eden regions: 340->0(340)
[38.182s][info][gc,heap        ] GC(95) Survivor regions: 1->1(43)
[38.182s][info][gc,heap        ] GC(95) Old regions: 161->161
[38.182s][info][gc,heap        ] GC(95) Humongous regions: 12->12
[38.182s][info][gc,metaspace   ] GC(95) Metaspace: 61044K->61044K(1103872K)
[38.182s][info][gc             ] GC(95) Pause Young (Normal) (G1 Evacuation Pause) 512M->172M(574M) 2.353ms
[38.182s][info][gc,cpu         ] GC(95) User=0.01s Sys=0.00s Real=0.01s
[38.507s][info][gc,task        ] GC(96) Using 1 workers of 1 for full compaction
[38.507s][info][gc,start       ] GC(96) Pause Full (System.gc())
[38.508s][info][gc,phases,start] GC(96) Phase 1: Mark live objects
[38.667s][info][gc,stringtable ] GC(96) Cleaned string and symbol table, strings: 21710 processed, 22 removed, symbols: 131832 processed, 0 removed
[38.667s][info][gc,phases      ] GC(96) Phase 1: Mark live objects 159.022ms
[38.667s][info][gc,phases,start] GC(96) Phase 2: Prepare for compaction
[38.697s][info][gc,phases      ] GC(96) Phase 2: Prepare for compaction 29.519ms
[38.697s][info][gc,phases,start] GC(96) Phase 3: Adjust pointers
[38.774s][info][gc,phases      ] GC(96) Phase 3: Adjust pointers 76.990ms
[38.774s][info][gc,phases,start] GC(96) Phase 4: Compact heap
[38.797s][info][gc,phases      ] GC(96) Phase 4: Compact heap 23.026ms
[38.800s][info][gc,heap        ] GC(96) Eden regions: 326->0(341)
[38.800s][info][gc,heap        ] GC(96) Survivor regions: 1->0(43)
[38.800s][info][gc,heap        ] GC(96) Old regions: 161->161
[38.800s][info][gc,heap        ] GC(96) Humongous regions: 17->12
[38.800s][info][gc,metaspace   ] GC(96) Metaspace: 61053K->61053K(1103872K)
[38.800s][info][gc             ] GC(96) Pause Full (System.gc()) 502M->171M(574M) 293.261ms
[38.800s][info][gc,cpu         ] GC(96) User=0.28s Sys=0.00s Real=0.29s
[39.179s][info][gc,start       ] GC(97) Pause Young (Normal) (G1 Evacuation Pause)
[39.179s][info][gc,task        ] GC(97) Using 1 workers of 1 for evacuation
[39.182s][info][gc,phases      ] GC(97)   Pre Evacuate Collection Set: 0.0ms
[39.182s][info][gc,phases      ] GC(97)   Evacuate Collection Set: 1.8ms
[39.182s][info][gc,phases      ] GC(97)   Post Evacuate Collection Set: 0.3ms
[39.182s][info][gc,phases      ] GC(97)   Other: 0.3ms
[39.182s][info][gc,heap        ] GC(97) Eden regions: 341->0(340)
[39.182s][info][gc,heap        ] GC(97) Survivor regions: 0->1(43)
[39.182s][info][gc,heap        ] GC(97) Old regions: 161->161
[39.182s][info][gc,heap        ] GC(97) Humongous regions: 22->12
[39.182s][info][gc,metaspace   ] GC(97) Metaspace: 61069K->61069K(1103872K)
[39.182s][info][gc             ] GC(97) Pause Young (Normal) (G1 Evacuation Pause) 522M->172M(574M) 2.458ms
[39.182s][info][gc,cpu         ] GC(97) User=0.00s Sys=0.00s Real=0.00s
[39.480s][info][gc,start       ] GC(98) Pause Young (Normal) (G1 Evacuation Pause)
[39.480s][info][gc,task        ] GC(98) Using 1 workers of 1 for evacuation
[39.482s][info][gc,phases      ] GC(98)   Pre Evacuate Collection Set: 0.0ms
[39.482s][info][gc,phases      ] GC(98)   Evacuate Collection Set: 1.7ms
[39.482s][info][gc,phases      ] GC(98)   Post Evacuate Collection Set: 0.3ms
[39.482s][info][gc,phases      ] GC(98)   Other: 0.3ms
[39.482s][info][gc,heap        ] GC(98) Eden regions: 340->0(340)
[39.482s][info][gc,heap        ] GC(98) Survivor regions: 1->1(43)
[39.482s][info][gc,heap        ] GC(98) Old regions: 161->161
[39.482s][info][gc,heap        ] GC(98) Humongous regions: 12->12
[39.482s][info][gc,metaspace   ] GC(98) Metaspace: 61072K->61072K(1103872K)
[39.482s][info][gc             ] GC(98) Pause Young (Normal) (G1 Evacuation Pause) 512M->172M(574M) 2.372ms
[39.482s][info][gc,cpu         ] GC(98) User=0.00s Sys=0.00s Real=0.00s
[39.773s][info][gc,start       ] GC(99) Pause Young (Normal) (G1 Evacuation Pause)
[39.773s][info][gc,task        ] GC(99) Using 1 workers of 1 for evacuation
[39.775s][info][gc,phases      ] GC(99)   Pre Evacuate Collection Set: 0.0ms
[39.775s][info][gc,phases      ] GC(99)   Evacuate Collection Set: 1.7ms
[39.775s][info][gc,phases      ] GC(99)   Post Evacuate Collection Set: 0.4ms
[39.775s][info][gc,phases      ] GC(99)   Other: 0.3ms
[39.775s][info][gc,heap        ] GC(99) Eden regions: 340->0(340)
[39.775s][info][gc,heap        ] GC(99) Survivor regions: 1->1(43)
[39.775s][info][gc,heap        ] GC(99) Old regions: 161->161
[39.775s][info][gc,heap        ] GC(99) Humongous regions: 12->12
[39.775s][info][gc,metaspace   ] GC(99) Metaspace: 61072K->61072K(1103872K)
[39.775s][info][gc             ] GC(99) Pause Young (Normal) (G1 Evacuation Pause) 512M->172M(574M) 2.334ms
[39.775s][info][gc,cpu         ] GC(99) User=0.00s Sys=0.00s Real=0.01s
[40.063s][info][gc,start       ] GC(100) Pause Young (Normal) (G1 Evacuation Pause)
[40.063s][info][gc,task        ] GC(100) Using 1 workers of 1 for evacuation
[40.066s][info][gc,phases      ] GC(100)   Pre Evacuate Collection Set: 0.0ms
[40.066s][info][gc,phases      ] GC(100)   Evacuate Collection Set: 1.7ms
[40.066s][info][gc,phases      ] GC(100)   Post Evacuate Collection Set: 0.3ms
[40.066s][info][gc,phases      ] GC(100)   Other: 0.3ms
[40.066s][info][gc,heap        ] GC(100) Eden regions: 340->0(340)
[40.066s][info][gc,heap        ] GC(100) Survivor regions: 1->1(43)
[40.066s][info][gc,heap        ] GC(100) Old regions: 161->161
[40.066s][info][gc,heap        ] GC(100) Humongous regions: 12->12
[40.066s][info][gc,metaspace   ] GC(100) Metaspace: 61072K->61072K(1103872K)
[40.066s][info][gc             ] GC(100) Pause Young (Normal) (G1 Evacuation Pause) 512M->172M(574M) 2.302ms
[40.066s][info][gc,cpu         ] GC(100) User=0.00s Sys=0.00s Real=0.00s
[40.391s][info][gc,start       ] GC(101) Pause Young (Normal) (G1 Evacuation Pause)
[40.391s][info][gc,task        ] GC(101) Using 1 workers of 1 for evacuation
[40.393s][info][gc,phases      ] GC(101)   Pre Evacuate Collection Set: 0.0ms
[40.393s][info][gc,phases      ] GC(101)   Evacuate Collection Set: 1.7ms
[40.393s][info][gc,phases      ] GC(101)   Post Evacuate Collection Set: 0.3ms
[40.393s][info][gc,phases      ] GC(101)   Other: 0.2ms
[40.393s][info][gc,heap        ] GC(101) Eden regions: 340->0(340)
[40.393s][info][gc,heap        ] GC(101) Survivor regions: 1->1(43)
[40.393s][info][gc,heap        ] GC(101) Old regions: 161->161
[40.393s][info][gc,heap        ] GC(101) Humongous regions: 12->12
[40.393s][info][gc,metaspace   ] GC(101) Metaspace: 61072K->61072K(1103872K)
[40.393s][info][gc             ] GC(101) Pause Young (Normal) (G1 Evacuation Pause) 512M->172M(574M) 2.349ms
[40.393s][info][gc,cpu         ] GC(101) User=0.00s Sys=0.00s Real=0.00s
[40.699s][info][gc,start       ] GC(102) Pause Young (Normal) (G1 Evacuation Pause)
[40.699s][info][gc,task        ] GC(102) Using 1 workers of 1 for evacuation
[40.702s][info][gc,phases      ] GC(102)   Pre Evacuate Collection Set: 0.0ms
[40.702s][info][gc,phases      ] GC(102)   Evacuate Collection Set: 1.7ms
[40.702s][info][gc,phases      ] GC(102)   Post Evacuate Collection Set: 0.3ms
[40.702s][info][gc,phases      ] GC(102)   Other: 0.3ms
[40.702s][info][gc,heap        ] GC(102) Eden regions: 340->0(340)
[40.702s][info][gc,heap        ] GC(102) Survivor regions: 1->1(43)
[40.702s][info][gc,heap        ] GC(102) Old regions: 161->161
[40.702s][info][gc,heap        ] GC(102) Humongous regions: 12->12
[40.702s][info][gc,metaspace   ] GC(102) Metaspace: 61072K->61072K(1103872K)
[40.702s][info][gc             ] GC(102) Pause Young (Normal) (G1 Evacuation Pause) 512M->172M(574M) 2.343ms
[40.702s][info][gc,cpu         ] GC(102) User=0.00s Sys=0.00s Real=0.00s
[41.088s][info][gc,start       ] GC(103) Pause Young (Normal) (G1 Evacuation Pause)
[41.088s][info][gc,task        ] GC(103) Using 1 workers of 1 for evacuation
[41.091s][info][gc,phases      ] GC(103)   Pre Evacuate Collection Set: 0.0ms
[41.091s][info][gc,phases      ] GC(103)   Evacuate Collection Set: 2.5ms
[41.091s][info][gc,phases      ] GC(103)   Post Evacuate Collection Set: 0.3ms
[41.091s][info][gc,phases      ] GC(103)   Other: 0.2ms
[41.091s][info][gc,heap        ] GC(103) Eden regions: 340->0(340)
[41.091s][info][gc,heap        ] GC(103) Survivor regions: 1->1(43)
[41.091s][info][gc,heap        ] GC(103) Old regions: 161->161
[41.091s][info][gc,heap        ] GC(103) Humongous regions: 17->12
[41.091s][info][gc,metaspace   ] GC(103) Metaspace: 61426K->61426K(1103872K)
[41.091s][info][gc             ] GC(103) Pause Young (Normal) (G1 Evacuation Pause) 517M->172M(574M) 3.187ms
[41.091s][info][gc,cpu         ] GC(103) User=0.00s Sys=0.00s Real=0.00s
[41.242s][info][gc,heap,exit   ] Heap
[41.242s][info][gc,heap,exit   ]  garbage-first heap   total 587776K, used 203865K [0x0000000083a00000, 0x0000000100000000)
[41.242s][info][gc,heap,exit   ]   region size 1024K, 29 young (29696K), 1 survivors (1024K)
[41.242s][info][gc,heap,exit   ]  Metaspace       used 61629K, capacity 65272K, committed 65436K, reserved 1103872K
[41.242s][info][gc,heap,exit   ]   class space    used 8725K, capacity 10561K, committed 10572K, reserved 1048576K
