[0.004s][info][gc,init] Regions: 3977 x 512K
[0.004s][info][gc,init] Humongous object threshold: 512K
[0.004s][info][gc,init] Max TLAB size: 512K
[0.004s][info][gc,init] GC threads: 1 parallel, 1 concurrent
[0.004s][info][gc     ] Heuristics ergonomically sets -XX:+ExplicitGCInvokesConcurrent
[0.005s][info][gc     ] Heuristics ergonomically sets -XX:+ShenandoahImplicitGCInvokesConcurrent
[0.005s][info][gc,init] Shenandoah GC mode: Snapshot-At-The-Beginning (SATB)
[0.005s][info][gc,init] Shenandoah heuristics: Adaptive
[0.008s][info][gc,ergo] Pacer for Idle. Initial: 40724K, Alloc Tax Rate: 1.0x
[0.008s][info][gc,init] Initialize Shenandoah heap: 124M initial, 6656K min, 1988M max
[0.008s][info][gc,init] Safepointing mechanism: global-page poll
[0.008s][info][gc     ] Using Shenandoah
[0.008s][info][gc,heap,coops] Heap address: 0x0000000083b80000, size: 1988 MB, Compressed Oops mode: 32-bit
[0.013s][info][gc,init      ] Reference processing: serial discovery, serial processing
[0.020s][info][gc           ] Soft Max Heap Size: 1988M -> 1988M
[6.167s][info][gc           ] Trigger: Metadata GC Threshold
[6.168s][info][gc,ergo      ] Free: 1809M, Max: 512K regular, 1809M humongous, Frag: 0% external, 0% internal; Reserve: 101888K, Max: 512K
[6.168s][info][gc,start     ] GC(0) Concurrent reset
[6.168s][info][gc,task      ] GC(0) Using 1 of 1 workers for concurrent reset
[6.168s][info][gc,ergo      ] GC(0) Pacer for Reset. Non-Taxable: 1988M
[6.168s][info][gc           ] GC(0) Concurrent reset 0.251ms
[6.171s][info][gc,start     ] GC(0) Pause Init Mark (process weakrefs) (unload classes)
[6.171s][info][gc,task      ] GC(0) Using 1 of 1 workers for init marking
[6.173s][info][gc,ergo      ] GC(0) Pacer for Mark. Expected Live: 198M, Free: 1809M, Non-Taxable: 180M, Alloc Tax Rate: 0.1x
[6.173s][info][gc           ] GC(0) Pause Init Mark (process weakrefs) (unload classes) 1.690ms
[6.173s][info][gc,start     ] GC(0) Concurrent marking (process weakrefs) (unload classes)
[6.173s][info][gc,task      ] GC(0) Using 1 of 1 workers for concurrent marking
[6.225s][info][gc           ] GC(0) Concurrent marking (process weakrefs) (unload classes) 51.849ms
[6.225s][info][gc,start     ] GC(0) Concurrent precleaning
[6.225s][info][gc,task      ] GC(0) Using 1 of 1 workers for concurrent preclean
[6.225s][info][gc,ergo      ] GC(0) Pacer for Precleaning. Non-Taxable: 1988M
[6.225s][info][gc           ] GC(0) Concurrent precleaning 0.329ms
[6.225s][info][gc,start     ] GC(0) Pause Final Mark (process weakrefs) (unload classes)
[6.225s][info][gc,task      ] GC(0) Using 1 of 1 workers for final marking
[6.239s][info][gc,stringtable] GC(0) Cleaned string and symbol table, strings: 7867 processed, 0 removed, symbols: 40182 processed, 43 removed
[6.239s][info][gc,ergo       ] GC(0) Adaptive CSet Selection. Target Free: 281M, Actual Free: 1907M, Max CSet: 84823K, Min Garbage: 0B
[6.239s][info][gc,ergo       ] GC(0) Collectable Garbage: 62208K (98%), Immediate: 0B (0%), CSet: 62208K (98%)
[6.242s][info][gc,ergo       ] GC(0) Pacer for Evacuation. Used CSet: 69632K, Free: 1808M, Non-Taxable: 180M, Alloc Tax Rate: 1.1x
[6.242s][info][gc            ] GC(0) Pause Final Mark (process weakrefs) (unload classes) 16.558ms
[6.244s][info][gc,start      ] GC(0) Concurrent cleanup
[6.244s][info][gc            ] GC(0) Concurrent cleanup 80M->80M(125M) 0.142ms
[6.244s][info][gc,ergo       ] GC(0) Free: 1808M, Max: 512K regular, 1808M humongous, Frag: 0% external, 0% internal; Reserve: 100864K, Max: 512K
[6.244s][info][gc,start      ] GC(0) Concurrent evacuation
[6.244s][info][gc,task       ] GC(0) Using 1 of 1 workers for concurrent evacuation
[6.294s][info][gc            ] GC(0) Concurrent evacuation 50.150ms
[6.294s][info][gc,start      ] GC(0) Pause Init Update Refs
[6.294s][info][gc,ergo       ] GC(0) Pacer for Update Refs. Used: 90548K, Free: 1807M, Non-Taxable: 180M, Alloc Tax Rate: 1.1x
[6.294s][info][gc            ] GC(0) Pause Init Update Refs 0.023ms
[6.294s][info][gc,start      ] GC(0) Concurrent update references
[6.294s][info][gc,task       ] GC(0) Using 1 of 1 workers for concurrent reference update
[6.322s][info][gc            ] GC(0) Concurrent update references 28.005ms
[6.322s][info][gc,start      ] GC(0) Pause Final Update Refs
[6.322s][info][gc,task       ] GC(0) Using 1 of 1 workers for final reference update
[6.324s][info][gc            ] GC(0) Pause Final Update Refs 1.881ms
[6.324s][info][gc,start      ] GC(0) Concurrent cleanup
[6.325s][info][gc            ] GC(0) Concurrent cleanup 88M->20M(132M) 0.139ms
[6.325s][info][gc,ergo       ] Free: 1867M, Max: 512K regular, 1799M humongous, Frag: 4% external, 0% internal; Reserve: 101888K, Max: 512K
[6.325s][info][gc,stats      ] 
[6.325s][info][gc,stats      ] All times are wall-clock times, except per-root-class counters, that are sum over
[6.325s][info][gc,stats      ] all workers. Dividing the <total> over the root stage time estimates parallelism.
[6.325s][info][gc,stats      ] 
[6.325s][info][gc,stats      ] Concurrent Reset                    209 us
[6.325s][info][gc,stats      ] Pause Init Mark (G)                4981 us
[6.325s][info][gc,stats      ] Pause Init Mark (N)                1661 us
[6.325s][info][gc,stats      ]   Accumulate Stats                    3 us
[6.325s][info][gc,stats      ]   Make Parsable                       3 us
[6.325s][info][gc,stats      ]   Update Region States               64 us
[6.325s][info][gc,stats      ]   Scan Roots                       1557 us, parallelism: 0.97x
[6.325s][info][gc,stats      ]     S: <total>                     1504 us
[6.325s][info][gc,stats      ]     S: Thread Roots                1258 us, workers (us): 1258, 
[6.325s][info][gc,stats      ]     S: Universe Roots                15 us, workers (us):  15, 
[6.325s][info][gc,stats      ]     S: JNI Handles Roots              6 us, workers (us):   6, 
[6.325s][info][gc,stats      ]     S: Synchronizer Roots             0 us, workers (us):   0, 
[6.325s][info][gc,stats      ]     S: Management Roots               1 us, workers (us):   1, 
[6.325s][info][gc,stats      ]     S: System Dict Roots             39 us, workers (us):  39, 
[6.325s][info][gc,stats      ]     S: CLDG Roots                   183 us, workers (us): 183, 
[6.325s][info][gc,stats      ]     S: JVMTI Roots                    1 us, workers (us):   1, 
[6.325s][info][gc,stats      ]   Resize TLABs                        2 us
[6.325s][info][gc,stats      ] Concurrent Marking                51840 us
[6.325s][info][gc,stats      ] Concurrent Precleaning              320 us
[6.325s][info][gc,stats      ] Pause Final Mark (G)              18370 us
[6.325s][info][gc,stats      ] Pause Final Mark (N)              16549 us
[6.325s][info][gc,stats      ]   Finish Queues                      23 us
[6.325s][info][gc,stats      ]   Weak References                   102 us
[6.325s][info][gc,stats      ]     Process                          99 us
[6.325s][info][gc,stats      ]   System Purge                      142 us
[6.325s][info][gc,stats      ]     Unload Classes                  772 us
[6.325s][info][gc,stats      ]     Cleanup                       12253 us, parallelism: 0.99x
[6.325s][info][gc,stats      ]       CU: <total>                 12165 us
[6.325s][info][gc,stats      ]       CU: Code Cache Roots         3366 us, workers (us): 3366, 
[6.325s][info][gc,stats      ]       CU: Code Cache Cleaning       661 us, workers (us): 661, 
[6.325s][info][gc,stats      ]       CU: String Table Roots       1050 us, workers (us): 1050, 
[6.325s][info][gc,stats      ]       CU: Resolved Table Roots       35 us, workers (us):  35, 
[6.325s][info][gc,stats      ]       CU: CLDG Roots               7052 us, workers (us): 7052, 
[6.325s][info][gc,stats      ]     Weak Roots                      141 us
[6.325s][info][gc,stats      ]     CLDG                              1 us
[6.325s][info][gc,stats      ]   Update Region States               81 us
[6.325s][info][gc,stats      ]   Retire TLABs                        6 us
[6.325s][info][gc,stats      ]   Choose Collection Set              72 us
[6.325s][info][gc,stats      ]   Rebuild Free Set                   21 us
[6.325s][info][gc,stats      ]   Initial Evacuation               3069 us, parallelism: 0.63x
[6.325s][info][gc,stats      ]     E: <total>                     1937 us
[6.325s][info][gc,stats      ]     E: Thread Roots                 227 us, workers (us): 227, 
[6.325s][info][gc,stats      ]     E: Code Cache Roots             867 us, workers (us): 867, 
[6.325s][info][gc,stats      ]     E: Universe Roots                26 us, workers (us):  26, 
[6.325s][info][gc,stats      ]     E: JNI Handles Roots              5 us, workers (us):   5, 
[6.325s][info][gc,stats      ]     E: Synchronizer Roots             0 us, workers (us):   0, 
[6.325s][info][gc,stats      ]     E: Management Roots               2 us, workers (us):   2, 
[6.325s][info][gc,stats      ]     E: System Dict Roots             13 us, workers (us):  13, 
[6.325s][info][gc,stats      ]     E: CLDG Roots                   796 us, workers (us): 796, 
[6.325s][info][gc,stats      ]     E: JVMTI Roots                    1 us, workers (us):   1, 
[6.325s][info][gc,stats      ] Concurrent Cleanup                  108 us
[6.325s][info][gc,stats      ] Concurrent Evacuation             50137 us
[6.325s][info][gc,stats      ] Pause Init  Update Refs (G)         297 us
[6.325s][info][gc,stats      ] Pause Init  Update Refs (N)          10 us
[6.325s][info][gc,stats      ]   Retire GCLABs                       2 us
[6.325s][info][gc,stats      ] Concurrent Update Refs            27991 us
[6.325s][info][gc,stats      ] Pause Final Update Refs (G)        2059 us
[6.325s][info][gc,stats      ] Pause Final Update Refs (N)        1853 us
[6.325s][info][gc,stats      ]   Update Roots                     1747 us, parallelism: 0.27x
[6.325s][info][gc,stats      ]     UR: <total>                     464 us
[6.325s][info][gc,stats      ]     UR: Thread Roots                464 us, workers (us): 464, 
[6.325s][info][gc,stats      ]   Update Region States               64 us
[6.325s][info][gc,stats      ]   Trash Collection Set                4 us
[6.325s][info][gc,stats      ]   Rebuild Free Set                   21 us
[6.325s][info][gc,stats      ] Concurrent Cleanup                  116 us
[6.325s][info][gc,stats      ] 
[6.325s][info][gc,stats      ] Allocation pacing accrued:
[6.325s][info][gc,stats      ]       0 of  6317 ms (  0.0%): <total>
[6.325s][info][gc,stats      ]       0 of  6317 ms (  0.0%): <average total>
[6.325s][info][gc,stats      ] 
[6.325s][info][gc,metaspace  ] Metaspace: 20170K->20342K(1067008K)
[6.325s][info][gc,ergo       ] Pacer for Idle. Initial: 40724K, Alloc Tax Rate: 1.0x
[8.294s][info][gc            ] Trigger: Metadata GC Threshold
[8.294s][info][gc,ergo       ] Free: 1797M, Max: 512K regular, 1797M humongous, Frag: 0% external, 0% internal; Reserve: 101888K, Max: 512K
[8.294s][info][gc,start      ] GC(1) Concurrent reset
[8.294s][info][gc,task       ] GC(1) Using 1 of 1 workers for concurrent reset
[8.294s][info][gc,ergo       ] GC(1) Pacer for Reset. Non-Taxable: 1988M
[8.294s][info][gc            ] GC(1) Concurrent reset 0.192ms
[8.300s][info][gc,start      ] GC(1) Pause Init Mark (unload classes)
[8.300s][info][gc,task       ] GC(1) Using 1 of 1 workers for init marking
[8.301s][info][gc,ergo       ] GC(1) Pacer for Mark. Expected Live: 17454K, Free: 1797M, Non-Taxable: 179M, Alloc Tax Rate: 0.0x
[8.301s][info][gc            ] GC(1) Pause Init Mark (unload classes) 1.586ms
[8.301s][info][gc,start      ] GC(1) Concurrent marking (unload classes)
[8.301s][info][gc,task       ] GC(1) Using 1 of 1 workers for concurrent marking
[8.324s][info][gc            ] GC(1) Concurrent marking (unload classes) 22.792ms
[8.324s][info][gc,start      ] GC(1) Pause Final Mark (unload classes)
[8.324s][info][gc,task       ] GC(1) Using 1 of 1 workers for final marking
[8.345s][info][gc,stringtable] GC(1) Cleaned string and symbol table, strings: 13446 processed, 0 removed, symbols: 79893 processed, 44 removed
[8.345s][info][gc,ergo       ] GC(1) Adaptive CSet Selection. Target Free: 281M, Actual Free: 1896M, Max CSet: 84823K, Min Garbage: 0B
[8.345s][info][gc,ergo       ] GC(1) Collectable Garbage: 70494K (98%), Immediate: 512K (0%), CSet: 69982K (97%)
[8.347s][info][gc,ergo       ] GC(1) Pacer for Evacuation. Used CSet: 74752K, Free: 1797M, Non-Taxable: 179M, Alloc Tax Rate: 1.1x
[8.347s][info][gc            ] GC(1) Pause Final Mark (unload classes) 23.437ms
[8.352s][info][gc,start      ] GC(1) Concurrent cleanup
[8.352s][info][gc            ] GC(1) Concurrent cleanup 92M->92M(134M) 0.101ms
[8.352s][info][gc,ergo       ] GC(1) Free: 1796M, Max: 512K regular, 1796M humongous, Frag: 0% external, 0% internal; Reserve: 100781K, Max: 512K
[8.352s][info][gc,start      ] GC(1) Concurrent evacuation
[8.352s][info][gc,task       ] GC(1) Using 1 of 1 workers for concurrent evacuation
[8.365s][info][gc            ] GC(1) Concurrent evacuation 12.217ms
[8.365s][info][gc,start      ] GC(1) Pause Init Update Refs
[8.365s][info][gc,ergo       ] GC(1) Pacer for Update Refs. Used: 98734K, Free: 1796M, Non-Taxable: 179M, Alloc Tax Rate: 1.1x
[8.365s][info][gc            ] GC(1) Pause Init Update Refs 0.014ms
[8.365s][info][gc,start      ] GC(1) Concurrent update references
[8.365s][info][gc,task       ] GC(1) Using 1 of 1 workers for concurrent reference update
[8.386s][info][gc            ] GC(1) Concurrent update references 21.672ms
[8.392s][info][gc,start      ] GC(1) Pause Final Update Refs
[8.392s][info][gc,task       ] GC(1) Using 1 of 1 workers for final reference update
[8.392s][info][gc            ] GC(1) Pause Final Update Refs 0.490ms
[8.392s][info][gc,start      ] GC(1) Concurrent cleanup
[8.392s][info][gc            ] GC(1) Concurrent cleanup 97M->24M(137M) 0.077ms
[8.392s][info][gc,ergo       ] Free: 1863M, Max: 512K regular, 1791M humongous, Frag: 4% external, 0% internal; Reserve: 101888K, Max: 512K
[8.392s][info][gc,stats      ] 
[8.392s][info][gc,stats      ] All times are wall-clock times, except per-root-class counters, that are sum over
[8.392s][info][gc,stats      ] all workers. Dividing the <total> over the root stage time estimates parallelism.
[8.392s][info][gc,stats      ] 
[8.392s][info][gc,stats      ] Concurrent Reset                    177 us
[8.392s][info][gc,stats      ] Pause Init Mark (G)                7219 us
[8.392s][info][gc,stats      ] Pause Init Mark (N)                1547 us
[8.392s][info][gc,stats      ]   Accumulate Stats                    6 us
[8.392s][info][gc,stats      ]   Make Parsable                       8 us
[8.392s][info][gc,stats      ]   Update Region States               58 us
[8.392s][info][gc,stats      ]   Scan Roots                       1450 us, parallelism: 0.94x
[8.392s][info][gc,stats      ]     S: <total>                     1364 us
[8.392s][info][gc,stats      ]     S: Thread Roots                1262 us, workers (us): 1262, 
[8.393s][info][gc,stats      ]     S: Universe Roots                 2 us, workers (us):   2, 
[8.393s][info][gc,stats      ]     S: JNI Handles Roots              1 us, workers (us):   1, 
[8.393s][info][gc,stats      ]     S: Synchronizer Roots             0 us, workers (us):   0, 
[8.393s][info][gc,stats      ]     S: Management Roots               1 us, workers (us):   1, 
[8.393s][info][gc,stats      ]     S: System Dict Roots             25 us, workers (us):  25, 
[8.393s][info][gc,stats      ]     S: CLDG Roots                    73 us, workers (us):  73, 
[8.393s][info][gc,stats      ]     S: JVMTI Roots                    1 us, workers (us):   1, 
[8.393s][info][gc,stats      ]   Resize TLABs                        2 us
[8.393s][info][gc,stats      ] Concurrent Marking                22785 us
[8.393s][info][gc,stats      ] Pause Final Mark (G)              28212 us
[8.393s][info][gc,stats      ] Pause Final Mark (N)              23428 us
[8.393s][info][gc,stats      ]   Finish Queues                     785 us
[8.393s][info][gc,stats      ]   System Purge                     7064 us
[8.393s][info][gc,stats      ]     Unload Classes                  342 us
[8.393s][info][gc,stats      ]     Cleanup                       13084 us, parallelism: 0.99x
[8.393s][info][gc,stats      ]       CU: <total>                 13004 us
[8.393s][info][gc,stats      ]       CU: Code Cache Roots         2362 us, workers (us): 2362, 
[8.393s][info][gc,stats      ]       CU: Code Cache Cleaning       637 us, workers (us): 637, 
[8.393s][info][gc,stats      ]       CU: String Table Roots       2073 us, workers (us): 2073, 
[8.393s][info][gc,stats      ]       CU: Resolved Table Roots       44 us, workers (us):  44, 
[8.393s][info][gc,stats      ]       CU: CLDG Roots               7888 us, workers (us): 7888, 
[8.393s][info][gc,stats      ]     Weak Roots                     7063 us
[8.393s][info][gc,stats      ]     CLDG                              1 us
[8.393s][info][gc,stats      ]   Update Region States               52 us
[8.393s][info][gc,stats      ]   Retire TLABs                        9 us
[8.393s][info][gc,stats      ]   Choose Collection Set              49 us
[8.393s][info][gc,stats      ]   Rebuild Free Set                   12 us
[8.393s][info][gc,stats      ]   Initial Evacuation               2019 us, parallelism: 0.53x
[8.393s][info][gc,stats      ]     E: <total>                     1063 us
[8.393s][info][gc,stats      ]     E: Thread Roots                 221 us, workers (us): 221, 
[8.393s][info][gc,stats      ]     E: Code Cache Roots             189 us, workers (us): 189, 
[8.393s][info][gc,stats      ]     E: Universe Roots                 1 us, workers (us):   1, 
[8.393s][info][gc,stats      ]     E: JNI Handles Roots              2 us, workers (us):   2, 
[8.393s][info][gc,stats      ]     E: Synchronizer Roots             0 us, workers (us):   0, 
[8.393s][info][gc,stats      ]     E: Management Roots               2 us, workers (us):   2, 
[8.393s][info][gc,stats      ]     E: System Dict Roots             36 us, workers (us):  36, 
[8.393s][info][gc,stats      ]     E: CLDG Roots                   611 us, workers (us): 611, 
[8.393s][info][gc,stats      ]     E: JVMTI Roots                    1 us, workers (us):   1, 
[8.393s][info][gc,stats      ] Concurrent Cleanup                   65 us
[8.393s][info][gc,stats      ] Concurrent Evacuation             12211 us
[8.393s][info][gc,stats      ] Pause Init  Update Refs (G)          97 us
[8.393s][info][gc,stats      ] Pause Init  Update Refs (N)           7 us
[8.393s][info][gc,stats      ]   Retire GCLABs                       2 us
[8.393s][info][gc,stats      ] Concurrent Update Refs            21662 us
[8.393s][info][gc,stats      ] Pause Final Update Refs (G)        5926 us
[8.393s][info][gc,stats      ] Pause Final Update Refs (N)         453 us
[8.393s][info][gc,stats      ]   Update Roots                      313 us, parallelism: 0.97x
[8.393s][info][gc,stats      ]     UR: <total>                     304 us
[8.393s][info][gc,stats      ]     UR: Thread Roots                304 us, workers (us): 304, 
[8.393s][info][gc,stats      ]   Update Region States              114 us
[8.393s][info][gc,stats      ]   Trash Collection Set                3 us
[8.393s][info][gc,stats      ]   Rebuild Free Set                   16 us
[8.393s][info][gc,stats      ] Concurrent Cleanup                   70 us
[8.393s][info][gc,stats      ] 
[8.393s][info][gc,stats      ] Allocation pacing accrued:
[8.393s][info][gc,stats      ]       0 of  2068 ms (  0.0%): <total>
[8.393s][info][gc,stats      ]       0 of  2068 ms (  0.0%): <average total>
[8.393s][info][gc,stats      ] 
[8.393s][info][gc,metaspace  ] Metaspace: 34495K->34750K(1081344K)
[8.393s][info][gc,ergo       ] Pacer for Idle. Initial: 40724K, Alloc Tax Rate: 1.0x
[10.255s][info][gc            ] Trigger: Learning 3 of 5. Free (1391M) is below initial threshold (1391M)
[10.255s][info][gc,ergo       ] Free: 1392M, Max: 512K regular, 1392M humongous, Frag: 0% external, 0% internal; Reserve: 101888K, Max: 512K
[10.255s][info][gc,start      ] GC(2) Concurrent reset
[10.255s][info][gc,task       ] GC(2) Using 1 of 1 workers for concurrent reset
[10.255s][info][gc,ergo       ] GC(2) Pacer for Reset. Non-Taxable: 1988M
[10.255s][info][gc            ] GC(2) Concurrent reset 0.220ms
[10.261s][info][gc,start      ] GC(2) Pause Init Mark
[10.261s][info][gc,task       ] GC(2) Using 1 of 1 workers for init marking
[10.262s][info][gc,ergo       ] GC(2) Pacer for Mark. Expected Live: 19401K, Free: 1392M, Non-Taxable: 139M, Alloc Tax Rate: 0.0x
[10.262s][info][gc            ] GC(2) Pause Init Mark 1.030ms
[10.262s][info][gc,start      ] GC(2) Concurrent marking
[10.262s][info][gc,task       ] GC(2) Using 1 of 1 workers for concurrent marking
[10.530s][info][gc            ] GC(2) Concurrent marking 267.451ms
[10.530s][info][gc,start      ] GC(2) Pause Final Mark
[10.530s][info][gc,task       ] GC(2) Using 1 of 1 workers for final marking
[10.530s][info][gc,ergo       ] GC(2) Adaptive CSet Selection. Target Free: 281M, Actual Free: 1390M, Max CSet: 84823K, Min Garbage: 0B
[10.530s][info][gc,ergo       ] GC(2) Collectable Garbage: 399M (99%), Immediate: 0B (0%), CSet: 399M (99%)
[10.531s][info][gc,ergo       ] GC(2) Pacer for Evacuation. Used CSet: 474M, Free: 1290M, Non-Taxable: 129M, Alloc Tax Rate: 1.1x
[10.532s][info][gc            ] GC(2) Pause Final Mark 1.815ms
[10.532s][info][gc,start      ] GC(2) Concurrent cleanup
[10.532s][info][gc            ] GC(2) Concurrent cleanup 597M->597M(599M) 0.073ms
[10.532s][info][gc,ergo       ] GC(2) Free: 1290M, Max: 512K regular, 1290M humongous, Frag: 0% external, 0% internal; Reserve: 101376K, Max: 512K
[10.532s][info][gc,start      ] GC(2) Concurrent evacuation
[10.532s][info][gc,task       ] GC(2) Using 1 of 1 workers for concurrent evacuation
[10.795s][info][gc            ] GC(2) Concurrent evacuation 263.727ms
[10.800s][info][gc,start      ] GC(2) Pause Init Update Refs
[10.800s][info][gc,ergo       ] GC(2) Pacer for Update Refs. Used: 723M, Free: 1239M, Non-Taxable: 123M, Alloc Tax Rate: 1.1x
[10.800s][info][gc            ] GC(2) Pause Init Update Refs 0.064ms
[10.800s][info][gc,start      ] GC(2) Concurrent update references
[10.800s][info][gc,task       ] GC(2) Using 1 of 1 workers for concurrent reference update
[11.053s][info][gc            ] GC(2) Concurrent update references 252.436ms
[11.055s][info][gc,start      ] GC(2) Pause Final Update Refs
[11.055s][info][gc,task       ] GC(2) Using 1 of 1 workers for final reference update
[11.055s][info][gc            ] GC(2) Pause Final Update Refs 0.262ms
[11.055s][info][gc,start      ] GC(2) Concurrent cleanup
[11.055s][info][gc            ] GC(2) Concurrent cleanup 724M->249M(725M) 0.116ms
[11.055s][info][gc,ergo       ] Free: 1638M, Max: 512K regular, 1164M humongous, Frag: 29% external, 0% internal; Reserve: 101888K, Max: 512K
[11.055s][info][gc,stats      ] 
[11.055s][info][gc,stats      ] All times are wall-clock times, except per-root-class counters, that are sum over
[11.055s][info][gc,stats      ] all workers. Dividing the <total> over the root stage time estimates parallelism.
[11.055s][info][gc,stats      ] 
[11.055s][info][gc,stats      ] Concurrent Reset                    203 us
[11.055s][info][gc,stats      ] Pause Init Mark (G)                6991 us
[11.055s][info][gc,stats      ] Pause Init Mark (N)                 981 us
[11.055s][info][gc,stats      ]   Accumulate Stats                    7 us
[11.055s][info][gc,stats      ]   Make Parsable                       9 us
[11.055s][info][gc,stats      ]   Update Region States               71 us
[11.055s][info][gc,stats      ]   Scan Roots                        813 us, parallelism: 0.85x
[11.055s][info][gc,stats      ]     S: <total>                      691 us
[11.055s][info][gc,stats      ]     S: Thread Roots                 301 us, workers (us): 301, 
[11.055s][info][gc,stats      ]     S: Universe Roots                 2 us, workers (us):   2, 
[11.055s][info][gc,stats      ]     S: JNI Handles Roots              1 us, workers (us):   1, 
[11.055s][info][gc,stats      ]     S: Synchronizer Roots             0 us, workers (us):   0, 
[11.055s][info][gc,stats      ]     S: Management Roots               1 us, workers (us):   1, 
[11.055s][info][gc,stats      ]     S: System Dict Roots             17 us, workers (us):  17, 
[11.055s][info][gc,stats      ]     S: CLDG Roots                   368 us, workers (us): 368, 
[11.055s][info][gc,stats      ]     S: JVMTI Roots                    0 us, workers (us):   0, 
[11.055s][info][gc,stats      ]   Resize TLABs                        6 us
[11.055s][info][gc,stats      ] Concurrent Marking               267438 us
[11.055s][info][gc,stats      ] Pause Final Mark (G)               1881 us
[11.055s][info][gc,stats      ] Pause Final Mark (N)               1804 us
[11.055s][info][gc,stats      ]   Finish Queues                      13 us
[11.055s][info][gc,stats      ]   System Purge                      178 us
[11.055s][info][gc,stats      ]     Weak Roots                      178 us
[11.055s][info][gc,stats      ]   Update Region States               41 us
[11.055s][info][gc,stats      ]   Retire TLABs                        5 us
[11.055s][info][gc,stats      ]   Choose Collection Set             135 us
[11.055s][info][gc,stats      ]   Rebuild Free Set                   13 us
[11.055s][info][gc,stats      ]   Initial Evacuation               1413 us, parallelism: 0.52x
[11.055s][info][gc,stats      ]     E: <total>                      739 us
[11.055s][info][gc,stats      ]     E: Thread Roots                 190 us, workers (us): 190, 
[11.055s][info][gc,stats      ]     E: Code Cache Roots             125 us, workers (us): 125, 
[11.055s][info][gc,stats      ]     E: Universe Roots                 1 us, workers (us):   1, 
[11.055s][info][gc,stats      ]     E: JNI Handles Roots              1 us, workers (us):   1, 
[11.055s][info][gc,stats      ]     E: Synchronizer Roots             0 us, workers (us):   0, 
[11.055s][info][gc,stats      ]     E: Management Roots               3 us, workers (us):   3, 
[11.055s][info][gc,stats      ]     E: System Dict Roots              7 us, workers (us):   7, 
[11.055s][info][gc,stats      ]     E: CLDG Roots                   411 us, workers (us): 411, 
[11.055s][info][gc,stats      ]     E: JVMTI Roots                    0 us, workers (us):   0, 
[11.055s][info][gc,stats      ] Concurrent Cleanup                   67 us
[11.055s][info][gc,stats      ] Concurrent Evacuation            263717 us
[11.055s][info][gc,stats      ] Pause Init  Update Refs (G)        4912 us
[11.055s][info][gc,stats      ] Pause Init  Update Refs (N)          14 us
[11.055s][info][gc,stats      ]   Retire GCLABs                       5 us
[11.055s][info][gc,stats      ] Concurrent Update Refs           252424 us
[11.055s][info][gc,stats      ] Pause Final Update Refs (G)        2271 us
[11.055s][info][gc,stats      ] Pause Final Update Refs (N)         236 us
[11.055s][info][gc,stats      ]   Update Roots                      169 us, parallelism: 0.96x
[11.055s][info][gc,stats      ]     UR: <total>                     162 us
[11.055s][info][gc,stats      ]     UR: Thread Roots                162 us, workers (us): 162, 
[11.055s][info][gc,stats      ]   Update Region States               43 us
[11.055s][info][gc,stats      ]   Trash Collection Set                5 us
[11.055s][info][gc,stats      ]   Rebuild Free Set                   12 us
[11.055s][info][gc,stats      ] Concurrent Cleanup                  109 us
[11.055s][info][gc,stats      ] 
[11.055s][info][gc,stats      ] Allocation pacing accrued:
[11.055s][info][gc,stats      ]       0 of  2663 ms (  0.0%): <total>
[11.055s][info][gc,stats      ]       0 of  2663 ms (  0.0%): <average total>
[11.055s][info][gc,stats      ] 
[11.055s][info][gc,metaspace  ] Metaspace: 42882K->42908K(1087488K)
[11.055s][info][gc,ergo       ] Pacer for Idle. Initial: 40724K, Alloc Tax Rate: 1.0x
[12.102s][info][gc            ] Trigger: Explicit GC request (System.gc())
[12.102s][info][gc,ergo       ] Free: 1597M, Max: 512K regular, 1164M humongous, Frag: 28% external, 0% internal; Reserve: 101888K, Max: 512K
[12.102s][info][gc,start      ] GC(3) Concurrent reset
[12.102s][info][gc,task       ] GC(3) Using 1 of 1 workers for concurrent reset
[12.102s][info][gc,ergo       ] GC(3) Pacer for Reset. Non-Taxable: 1988M
[12.103s][info][gc            ] GC(3) Concurrent reset 0.831ms
[12.103s][info][gc,start      ] GC(3) Pause Init Mark (process weakrefs) (unload classes)
[12.103s][info][gc,task       ] GC(3) Using 1 of 1 workers for init marking
[12.103s][info][gc,ergo       ] GC(3) Pacer for Mark. Expected Live: 45302K, Free: 1597M, Non-Taxable: 159M, Alloc Tax Rate: 0.0x
[12.103s][info][gc            ] GC(3) Pause Init Mark (process weakrefs) (unload classes) 0.529ms
[12.103s][info][gc,start      ] GC(3) Concurrent marking (process weakrefs) (unload classes)
[12.103s][info][gc,task       ] GC(3) Using 1 of 1 workers for concurrent marking
[12.117s][info][gc            ] GC(3) Concurrent marking (process weakrefs) (unload classes) 13.573ms
[12.117s][info][gc,start      ] GC(3) Concurrent precleaning
[12.117s][info][gc,task       ] GC(3) Using 1 of 1 workers for concurrent preclean
[12.117s][info][gc,ergo       ] GC(3) Pacer for Precleaning. Non-Taxable: 1988M
[12.118s][info][gc            ] GC(3) Concurrent precleaning 0.530ms
[12.118s][info][gc,start      ] GC(3) Pause Final Mark (process weakrefs) (unload classes)
[12.118s][info][gc,task       ] GC(3) Using 1 of 1 workers for final marking
[12.136s][info][gc,stringtable] GC(3) Cleaned string and symbol table, strings: 16626 processed, 0 removed, symbols: 113919 processed, 30 removed
[12.136s][info][gc,ergo       ] GC(3) Adaptive CSet Selection. Target Free: 281M, Actual Free: 1924M, Max CSet: 84823K, Min Garbage: 0B
[12.136s][info][gc,ergo       ] GC(3) Collectable Garbage: 266M (99%), Immediate: 227M (84%), CSet: 40699K (14%)
[12.138s][info][gc,ergo       ] GC(3) Pacer for Evacuation. Used CSet: 44981K, Free: 1825M, Non-Taxable: 182M, Alloc Tax Rate: 1.1x
[12.138s][info][gc            ] GC(3) Pause Final Mark (process weakrefs) (unload classes) 20.234ms
[12.138s][info][gc,start      ] GC(3) Concurrent cleanup
[12.138s][info][gc            ] GC(3) Concurrent cleanup 289M->62M(725M) 0.092ms
[12.138s][info][gc,ergo       ] GC(3) Free: 1825M, Max: 512K regular, 1234M humongous, Frag: 33% external, 0% internal; Reserve: 101632K, Max: 512K
[12.138s][info][gc,start      ] GC(3) Concurrent evacuation
[12.138s][info][gc,task       ] GC(3) Using 1 of 1 workers for concurrent evacuation
[12.150s][info][gc            ] GC(3) Concurrent evacuation 11.796ms
[12.150s][info][gc,start      ] GC(3) Pause Init Update Refs
[12.150s][info][gc,ergo       ] GC(3) Pacer for Update Refs. Used: 68458K, Free: 1825M, Non-Taxable: 182M, Alloc Tax Rate: 1.1x
[12.150s][info][gc            ] GC(3) Pause Init Update Refs 0.017ms
[12.150s][info][gc,start      ] GC(3) Concurrent update references
[12.150s][info][gc,task       ] GC(3) Using 1 of 1 workers for concurrent reference update
[12.158s][info][gc            ] GC(3) Concurrent update references 8.102ms
[12.158s][info][gc,start      ] GC(3) Pause Final Update Refs
[12.158s][info][gc,task       ] GC(3) Using 1 of 1 workers for final reference update
[12.159s][info][gc            ] GC(3) Pause Final Update Refs 0.313ms
[12.159s][info][gc,start      ] GC(3) Concurrent cleanup
[12.159s][info][gc            ] GC(3) Concurrent cleanup 66M->22M(725M) 0.085ms
[12.159s][info][gc,ergo       ] Free: 1865M, Max: 512K regular, 1823M humongous, Frag: 3% external, 0% internal; Reserve: 101888K, Max: 512K
[12.159s][info][gc,stats      ] 
[12.159s][info][gc,stats      ] All times are wall-clock times, except per-root-class counters, that are sum over
[12.159s][info][gc,stats      ] all workers. Dividing the <total> over the root stage time estimates parallelism.
[12.159s][info][gc,stats      ] 
[12.159s][info][gc,stats      ] Concurrent Reset                    819 us
[12.159s][info][gc,stats      ] Pause Init Mark (G)                 657 us
[12.159s][info][gc,stats      ] Pause Init Mark (N)                 509 us
[12.159s][info][gc,stats      ]   Accumulate Stats                    6 us
[12.159s][info][gc,stats      ]   Make Parsable                       7 us
[12.159s][info][gc,stats      ]   Update Region States               35 us
[12.159s][info][gc,stats      ]   Scan Roots                        445 us, parallelism: 0.68x
[12.159s][info][gc,stats      ]     S: <total>                      303 us
[12.159s][info][gc,stats      ]     S: Thread Roots                 217 us, workers (us): 217, 
[12.159s][info][gc,stats      ]     S: Universe Roots                 2 us, workers (us):   2, 
[12.159s][info][gc,stats      ]     S: JNI Handles Roots              2 us, workers (us):   2, 
[12.159s][info][gc,stats      ]     S: Synchronizer Roots             0 us, workers (us):   0, 
[12.159s][info][gc,stats      ]     S: Management Roots               1 us, workers (us):   1, 
[12.159s][info][gc,stats      ]     S: System Dict Roots              9 us, workers (us):   9, 
[12.159s][info][gc,stats      ]     S: CLDG Roots                    72 us, workers (us):  72, 
[12.159s][info][gc,stats      ]     S: JVMTI Roots                    0 us, workers (us):   0, 
[12.159s][info][gc,stats      ]   Resize TLABs                        1 us
[12.159s][info][gc,stats      ] Concurrent Marking                13567 us
[12.159s][info][gc,stats      ] Concurrent Precleaning              524 us
[12.159s][info][gc,stats      ] Pause Final Mark (G)              20448 us
[12.159s][info][gc,stats      ] Pause Final Mark (N)              20227 us
[12.159s][info][gc,stats      ]   Finish Queues                      36 us
[12.159s][info][gc,stats      ]   Weak References                   258 us
[12.159s][info][gc,stats      ]     Process                         256 us
[12.159s][info][gc,stats      ]   System Purge                      181 us
[12.159s][info][gc,stats      ]     Unload Classes                  765 us
[12.159s][info][gc,stats      ]     Cleanup                       17215 us, parallelism: 1.00x
[12.159s][info][gc,stats      ]       CU: <total>                 17159 us
[12.159s][info][gc,stats      ]       CU: Code Cache Roots         5604 us, workers (us): 5604, 
[12.159s][info][gc,stats      ]       CU: Code Cache Cleaning       843 us, workers (us): 843, 
[12.159s][info][gc,stats      ]       CU: String Table Roots       6526 us, workers (us): 6526, 
[12.159s][info][gc,stats      ]       CU: Resolved Table Roots      106 us, workers (us): 106, 
[12.159s][info][gc,stats      ]       CU: CLDG Roots               4080 us, workers (us): 4080, 
[12.159s][info][gc,stats      ]     Weak Roots                      180 us
[12.159s][info][gc,stats      ]     CLDG                            151 us
[12.159s][info][gc,stats      ]   Update Region States               44 us
[12.159s][info][gc,stats      ]   Retire TLABs                       11 us
[12.159s][info][gc,stats      ]   Choose Collection Set              32 us
[12.159s][info][gc,stats      ]   Rebuild Free Set                   13 us
[12.159s][info][gc,stats      ]   Initial Evacuation               1515 us, parallelism: 0.55x
[12.159s][info][gc,stats      ]     E: <total>                      837 us
[12.159s][info][gc,stats      ]     E: Thread Roots                 190 us, workers (us): 190, 
[12.159s][info][gc,stats      ]     E: Code Cache Roots             188 us, workers (us): 188, 
[12.159s][info][gc,stats      ]     E: Universe Roots                 3 us, workers (us):   3, 
[12.159s][info][gc,stats      ]     E: JNI Handles Roots              2 us, workers (us):   2, 
[12.159s][info][gc,stats      ]     E: Synchronizer Roots             0 us, workers (us):   0, 
[12.159s][info][gc,stats      ]     E: Management Roots               1 us, workers (us):   1, 
[12.159s][info][gc,stats      ]     E: System Dict Roots             10 us, workers (us):  10, 
[12.159s][info][gc,stats      ]     E: CLDG Roots                   442 us, workers (us): 442, 
[12.159s][info][gc,stats      ]     E: JVMTI Roots                    1 us, workers (us):   1, 
[12.159s][info][gc,stats      ] Concurrent Cleanup                   85 us
[12.159s][info][gc,stats      ] Concurrent Evacuation             11786 us
[12.159s][info][gc,stats      ] Pause Init  Update Refs (G)         126 us
[12.159s][info][gc,stats      ] Pause Init  Update Refs (N)           9 us
[12.159s][info][gc,stats      ]   Retire GCLABs                       4 us
[12.159s][info][gc,stats      ] Concurrent Update Refs             8091 us
[12.159s][info][gc,stats      ] Pause Final Update Refs (G)         445 us
[12.159s][info][gc,stats      ] Pause Final Update Refs (N)         263 us
[12.159s][info][gc,stats      ]   Update Roots                      182 us, parallelism: 0.94x
[12.159s][info][gc,stats      ]     UR: <total>                     172 us
[12.159s][info][gc,stats      ]     UR: Thread Roots                172 us, workers (us): 172, 
[12.159s][info][gc,stats      ]   Update Region States               46 us
[12.159s][info][gc,stats      ]   Trash Collection Set                3 us
[12.159s][info][gc,stats      ]   Rebuild Free Set                   16 us
[12.159s][info][gc,stats      ] Concurrent Cleanup                   73 us
[12.159s][info][gc,stats      ] 
[12.159s][info][gc,stats      ] Allocation pacing accrued:
[12.159s][info][gc,stats      ]       0 of  1104 ms (  0.0%): <total>
[12.159s][info][gc,stats      ]       0 of  1104 ms (  0.0%): <average total>
[12.159s][info][gc,stats      ] 
[12.159s][info][gc,metaspace  ] Metaspace: 49340K->49080K(1093632K)
[12.159s][info][gc,ergo       ] Pacer for Idle. Initial: 40724K, Alloc Tax Rate: 1.0x
[12.159s][info][gc,start      ] Concurrent uncommit
[12.184s][info][gc            ] Concurrent uncommit 22M->22M(24M) 24.466ms
[15.344s][info][gc            ] Trigger: Learning 2 of 5. Free (1390M) is below initial threshold (1391M)
[15.345s][info][gc,ergo       ] Free: 1390M, Max: 512K regular, 1390M humongous, Frag: 0% external, 0% internal; Reserve: 101888K, Max: 512K
[15.345s][info][gc,start      ] GC(4) Concurrent reset
[15.345s][info][gc,task       ] GC(4) Using 1 of 1 workers for concurrent reset
[15.345s][info][gc,ergo       ] GC(4) Pacer for Reset. Non-Taxable: 1988M
[15.345s][info][gc            ] GC(4) Concurrent reset 0.263ms
[15.347s][info][gc,start      ] GC(4) Pause Init Mark
[15.347s][info][gc,task       ] GC(4) Using 1 of 1 workers for init marking
[15.349s][info][gc,ergo       ] GC(4) Pacer for Mark. Expected Live: 39358K, Free: 1390M, Non-Taxable: 139M, Alloc Tax Rate: 0.0x
[15.349s][info][gc            ] GC(4) Pause Init Mark 1.798ms
[15.349s][info][gc,start      ] GC(4) Concurrent marking
[15.349s][info][gc,task       ] GC(4) Using 1 of 1 workers for concurrent marking
[15.498s][info][gc            ] GC(4) Concurrent marking 148.936ms
[15.498s][info][gc,start      ] GC(4) Pause Final Mark
[15.498s][info][gc,task       ] GC(4) Using 1 of 1 workers for final marking
[15.498s][info][gc,ergo       ] GC(4) Adaptive CSet Selection. Target Free: 281M, Actual Free: 1413M, Max CSet: 84823K, Min Garbage: 0B
[15.498s][info][gc,ergo       ] GC(4) Collectable Garbage: 435M (99%), Immediate: 8458K (1%), CSet: 427M (97%)
[15.500s][info][gc,ergo       ] GC(4) Pacer for Evacuation. Used CSet: 462M, Free: 1316M, Non-Taxable: 131M, Alloc Tax Rate: 1.1x
[15.500s][info][gc            ] GC(4) Pause Final Mark 2.560ms
[15.500s][info][gc,start      ] GC(4) Concurrent cleanup
[15.500s][info][gc            ] GC(4) Concurrent cleanup 579M->571M(583M) 0.074ms
[15.500s][info][gc,ergo       ] GC(4) Free: 1316M, Max: 512K regular, 1306M humongous, Frag: 1% external, 0% internal; Reserve: 101376K, Max: 512K
[15.500s][info][gc,start      ] GC(4) Concurrent evacuation
[15.500s][info][gc,task       ] GC(4) Using 1 of 1 workers for concurrent evacuation
[15.588s][info][gc            ] GC(4) Concurrent evacuation 87.518ms
[15.590s][info][gc,start      ] GC(4) Pause Init Update Refs
[15.590s][info][gc,ergo       ] GC(4) Pacer for Update Refs. Used: 665M, Free: 1257M, Non-Taxable: 125M, Alloc Tax Rate: 1.1x
[15.590s][info][gc            ] GC(4) Pause Init Update Refs 0.022ms
[15.590s][info][gc,start      ] GC(4) Concurrent update references
[15.590s][info][gc,task       ] GC(4) Using 1 of 1 workers for concurrent reference update
[15.858s][info][gc            ] GC(4) Concurrent update references 267.584ms
[15.860s][info][gc,start      ] GC(4) Pause Final Update Refs
[15.860s][info][gc,task       ] GC(4) Using 1 of 1 workers for final reference update
[15.860s][info][gc            ] GC(4) Pause Final Update Refs 0.312ms
[15.860s][info][gc,start      ] GC(4) Concurrent cleanup
[15.860s][info][gc            ] GC(4) Concurrent cleanup 775M->313M(778M) 0.115ms
[15.860s][info][gc,ergo       ] Free: 1573M, Max: 512K regular, 1111M humongous, Frag: 30% external, 0% internal; Reserve: 101888K, Max: 512K
[15.860s][info][gc,stats      ] 
[15.860s][info][gc,stats      ] All times are wall-clock times, except per-root-class counters, that are sum over
[15.860s][info][gc,stats      ] all workers. Dividing the <total> over the root stage time estimates parallelism.
[15.860s][info][gc,stats      ] 
[15.860s][info][gc,stats      ] Concurrent Reset                    245 us
[15.860s][info][gc,stats      ] Pause Init Mark (G)                3831 us
[15.860s][info][gc,stats      ] Pause Init Mark (N)                1782 us
[15.860s][info][gc,stats      ]   Accumulate Stats                    6 us
[15.860s][info][gc,stats      ]   Make Parsable                       6 us
[15.860s][info][gc,stats      ]   Update Region States               52 us
[15.860s][info][gc,stats      ]   Scan Roots                       1665 us, parallelism: 0.88x
[15.860s][info][gc,stats      ]     S: <total>                     1457 us
[15.860s][info][gc,stats      ]     S: Thread Roots                 919 us, workers (us): 919, 
[15.860s][info][gc,stats      ]     S: Universe Roots                 2 us, workers (us):   2, 
[15.860s][info][gc,stats      ]     S: JNI Handles Roots              1 us, workers (us):   1, 
[15.860s][info][gc,stats      ]     S: Synchronizer Roots             0 us, workers (us):   0, 
[15.860s][info][gc,stats      ]     S: Management Roots               1 us, workers (us):   1, 
[15.860s][info][gc,stats      ]     S: System Dict Roots             20 us, workers (us):  20, 
[15.860s][info][gc,stats      ]     S: CLDG Roots                   513 us, workers (us): 513, 
[15.860s][info][gc,stats      ]     S: JVMTI Roots                    1 us, workers (us):   1, 
[15.860s][info][gc,stats      ]   Resize TLABs                       10 us
[15.860s][info][gc,stats      ] Concurrent Marking               148929 us
[15.860s][info][gc,stats      ] Pause Final Mark (G)               2627 us
[15.860s][info][gc,stats      ] Pause Final Mark (N)               2552 us
[15.860s][info][gc,stats      ]   Finish Queues                      11 us
[15.860s][info][gc,stats      ]   System Purge                      288 us
[15.860s][info][gc,stats      ]     Weak Roots                      288 us
[15.860s][info][gc,stats      ]   Update Region States               46 us
[15.860s][info][gc,stats      ]   Retire TLABs                        5 us
[15.860s][info][gc,stats      ]   Choose Collection Set             131 us
[15.860s][info][gc,stats      ]   Rebuild Free Set                   12 us
[15.860s][info][gc,stats      ]   Initial Evacuation               2052 us, parallelism: 0.53x
[15.860s][info][gc,stats      ]     E: <total>                     1094 us
[15.860s][info][gc,stats      ]     E: Thread Roots                 212 us, workers (us): 212, 
[15.860s][info][gc,stats      ]     E: Code Cache Roots             218 us, workers (us): 218, 
[15.860s][info][gc,stats      ]     E: Universe Roots                 1 us, workers (us):   1, 
[15.860s][info][gc,stats      ]     E: JNI Handles Roots              1 us, workers (us):   1, 
[15.860s][info][gc,stats      ]     E: Synchronizer Roots             0 us, workers (us):   0, 
[15.860s][info][gc,stats      ]     E: Management Roots               1 us, workers (us):   1, 
[15.860s][info][gc,stats      ]     E: System Dict Roots             31 us, workers (us):  31, 
[15.860s][info][gc,stats      ]     E: CLDG Roots                   629 us, workers (us): 629, 
[15.860s][info][gc,stats      ]     E: JVMTI Roots                    0 us, workers (us):   0, 
[15.860s][info][gc,stats      ] Concurrent Cleanup                   67 us
[15.860s][info][gc,stats      ] Concurrent Evacuation             87508 us
[15.860s][info][gc,stats      ] Pause Init  Update Refs (G)        2037 us
[15.860s][info][gc,stats      ] Pause Init  Update Refs (N)           9 us
[15.860s][info][gc,stats      ]   Retire GCLABs                       3 us
[15.860s][info][gc,stats      ] Concurrent Update Refs           267573 us
[15.860s][info][gc,stats      ] Pause Final Update Refs (G)        2348 us
[15.860s][info][gc,stats      ] Pause Final Update Refs (N)         270 us
[15.860s][info][gc,stats      ]   Update Roots                      192 us, parallelism: 0.96x
[15.860s][info][gc,stats      ]     UR: <total>                     184 us
[15.860s][info][gc,stats      ]     UR: Thread Roots                184 us, workers (us): 184, 
[15.860s][info][gc,stats      ]   Update Region States               43 us
[15.860s][info][gc,stats      ]   Trash Collection Set                5 us
[15.860s][info][gc,stats      ]   Rebuild Free Set                   12 us
[15.860s][info][gc,stats      ] Concurrent Cleanup                  109 us
[15.860s][info][gc,stats      ] 
[15.860s][info][gc,stats      ] Allocation pacing accrued:
[15.860s][info][gc,stats      ]       0 of  3701 ms (  0.0%): <total>
[15.860s][info][gc,stats      ]       0 of  3701 ms (  0.0%): <average total>
[15.860s][info][gc,stats      ] 
[15.860s][info][gc,metaspace  ] Metaspace: 55102K->55107K(1097728K)
[15.860s][info][gc,ergo       ] Pacer for Idle. Initial: 40724K, Alloc Tax Rate: 1.0x
[15.997s][info][gc            ] Trigger: Learning 3 of 5. Free (1390M) is below initial threshold (1391M)
[15.997s][info][gc,ergo       ] Free: 1390M, Max: 512K regular, 1111M humongous, Frag: 21% external, 0% internal; Reserve: 101888K, Max: 512K
[15.997s][info][gc,start      ] GC(5) Concurrent reset
[15.997s][info][gc,task       ] GC(5) Using 1 of 1 workers for concurrent reset
[15.997s][info][gc,ergo       ] GC(5) Pacer for Reset. Non-Taxable: 1988M
[15.998s][info][gc            ] GC(5) Concurrent reset 0.821ms
[16.000s][info][gc,start      ] GC(5) Pause Init Mark (process weakrefs)
[16.000s][info][gc,task       ] GC(5) Using 1 of 1 workers for init marking
[16.001s][info][gc,ergo       ] GC(5) Pacer for Mark. Expected Live: 43296K, Free: 1390M, Non-Taxable: 139M, Alloc Tax Rate: 0.0x
[16.001s][info][gc            ] GC(5) Pause Init Mark (process weakrefs) 0.899ms
[16.001s][info][gc,start      ] GC(5) Concurrent marking (process weakrefs)
[16.001s][info][gc,task       ] GC(5) Using 1 of 1 workers for concurrent marking
[16.189s][info][gc            ] GC(5) Concurrent marking (process weakrefs) 188.141ms
[16.192s][info][gc,start      ] GC(5) Concurrent precleaning
[16.192s][info][gc,task       ] GC(5) Using 1 of 1 workers for concurrent preclean
[16.192s][info][gc,ergo       ] GC(5) Pacer for Precleaning. Non-Taxable: 1988M
[16.193s][info][gc            ] GC(5) Concurrent precleaning 0.502ms
[16.195s][info][gc,start      ] GC(5) Pause Final Mark (process weakrefs)
[16.195s][info][gc,task       ] GC(5) Using 1 of 1 workers for final marking
[16.195s][info][gc,ergo       ] GC(5) Adaptive CSet Selection. Target Free: 281M, Actual Free: 1342M, Max CSet: 84823K, Min Garbage: 0B
[16.195s][info][gc,ergo       ] GC(5) Collectable Garbage: 398M (99%), Immediate: 3583K (0%), CSet: 394M (98%)
[16.197s][info][gc,ergo       ] GC(5) Pacer for Evacuation. Used CSet: 431M, Free: 1243M, Non-Taxable: 124M, Alloc Tax Rate: 1.1x
[16.197s][info][gc            ] GC(5) Pause Final Mark (process weakrefs) 1.800ms
[16.197s][info][gc,start      ] GC(5) Concurrent cleanup
[16.197s][info][gc            ] GC(5) Concurrent cleanup 647M->643M(778M) 0.073ms
[16.197s][info][gc,ergo       ] GC(5) Free: 1243M, Max: 512K regular, 1111M humongous, Frag: 11% external, 0% internal; Reserve: 101885K, Max: 512K
[16.197s][info][gc,start      ] GC(5) Concurrent evacuation
[16.197s][info][gc,task       ] GC(5) Using 1 of 1 workers for concurrent evacuation
[16.326s][info][gc            ] GC(5) Concurrent evacuation 129.067ms
[16.328s][info][gc,start      ] GC(5) Pause Init Update Refs
[16.328s][info][gc,ergo       ] GC(5) Pacer for Update Refs. Used: 760M, Free: 1164M, Non-Taxable: 116M, Alloc Tax Rate: 1.1x
[16.328s][info][gc            ] GC(5) Pause Init Update Refs 0.030ms
[16.328s][info][gc,start      ] GC(5) Concurrent update references
[16.328s][info][gc,task       ] GC(5) Using 1 of 1 workers for concurrent reference update
[16.638s][info][gc            ] GC(5) Concurrent update references 310.277ms
[16.640s][info][gc,start      ] GC(5) Pause Final Update Refs
[16.640s][info][gc,task       ] GC(5) Using 1 of 1 workers for final reference update
[16.641s][info][gc            ] GC(5) Pause Final Update Refs 0.267ms
[16.641s][info][gc,start      ] GC(5) Concurrent cleanup
[16.641s][info][gc            ] GC(5) Concurrent cleanup 951M->520M(954M) 0.102ms
[16.641s][info][gc,ergo       ] Free: 1366M, Max: 512K regular, 935M humongous, Frag: 32% external, 0% internal; Reserve: 101888K, Max: 512K
[16.641s][info][gc,stats      ] 
[16.641s][info][gc,stats      ] All times are wall-clock times, except per-root-class counters, that are sum over
[16.641s][info][gc,stats      ] all workers. Dividing the <total> over the root stage time estimates parallelism.
[16.641s][info][gc,stats      ] 
[16.641s][info][gc,stats      ] Concurrent Reset                    812 us
[16.641s][info][gc,stats      ] Pause Init Mark (G)                2956 us
[16.641s][info][gc,stats      ] Pause Init Mark (N)                 882 us
[16.641s][info][gc,stats      ]   Accumulate Stats                    7 us
[16.641s][info][gc,stats      ]   Make Parsable                       6 us
[16.641s][info][gc,stats      ]   Update Region States               43 us
[16.641s][info][gc,stats      ]   Scan Roots                        807 us, parallelism: 0.77x
[16.641s][info][gc,stats      ]     S: <total>                      624 us
[16.641s][info][gc,stats      ]     S: Thread Roots                 195 us, workers (us): 195, 
[16.641s][info][gc,stats      ]     S: Universe Roots                 2 us, workers (us):   2, 
[16.641s][info][gc,stats      ]     S: JNI Handles Roots              1 us, workers (us):   1, 
[16.641s][info][gc,stats      ]     S: Synchronizer Roots             0 us, workers (us):   0, 
[16.641s][info][gc,stats      ]     S: Management Roots               2 us, workers (us):   2, 
[16.641s][info][gc,stats      ]     S: System Dict Roots              9 us, workers (us):   9, 
[16.641s][info][gc,stats      ]     S: CLDG Roots                   415 us, workers (us): 415, 
[16.641s][info][gc,stats      ]     S: JVMTI Roots                    0 us, workers (us):   0, 
[16.641s][info][gc,stats      ]   Resize TLABs                        3 us
[16.641s][info][gc,stats      ] Concurrent Marking               188116 us
[16.641s][info][gc,stats      ] Concurrent Precleaning              456 us
[16.641s][info][gc,stats      ] Pause Final Mark (G)               3782 us
[16.641s][info][gc,stats      ] Pause Final Mark (N)               1787 us
[16.641s][info][gc,stats      ]   Finish Queues                      13 us
[16.641s][info][gc,stats      ]   Weak References                    61 us
[16.641s][info][gc,stats      ]     Process                          58 us
[16.641s][info][gc,stats      ]   System Purge                      223 us
[16.641s][info][gc,stats      ]     Weak Roots                      222 us
[16.641s][info][gc,stats      ]   Update Region States               43 us
[16.641s][info][gc,stats      ]   Retire TLABs                        5 us
[16.641s][info][gc,stats      ]   Choose Collection Set             150 us
[16.641s][info][gc,stats      ]   Rebuild Free Set                   14 us
[16.641s][info][gc,stats      ]   Initial Evacuation               1273 us, parallelism: 0.61x
[16.641s][info][gc,stats      ]     E: <total>                      782 us
[16.641s][info][gc,stats      ]     E: Thread Roots                 197 us, workers (us): 197, 
[16.641s][info][gc,stats      ]     E: Code Cache Roots             211 us, workers (us): 211, 
[16.641s][info][gc,stats      ]     E: Universe Roots                 1 us, workers (us):   1, 
[16.641s][info][gc,stats      ]     E: JNI Handles Roots              1 us, workers (us):   1, 
[16.641s][info][gc,stats      ]     E: Synchronizer Roots             0 us, workers (us):   0, 
[16.641s][info][gc,stats      ]     E: Management Roots               1 us, workers (us):   1, 
[16.641s][info][gc,stats      ]     E: System Dict Roots              9 us, workers (us):   9, 
[16.641s][info][gc,stats      ]     E: CLDG Roots                   362 us, workers (us): 362, 
[16.641s][info][gc,stats      ]     E: JVMTI Roots                    0 us, workers (us):   0, 
[16.641s][info][gc,stats      ] Concurrent Cleanup                   66 us
[16.641s][info][gc,stats      ] Concurrent Evacuation            129057 us
[16.641s][info][gc,stats      ] Pause Init  Update Refs (G)        2029 us
[16.641s][info][gc,stats      ] Pause Init  Update Refs (N)          17 us
[16.641s][info][gc,stats      ]   Retire GCLABs                       3 us
[16.641s][info][gc,stats      ] Concurrent Update Refs           310267 us
[16.641s][info][gc,stats      ] Pause Final Update Refs (G)        2299 us
[16.641s][info][gc,stats      ] Pause Final Update Refs (N)         250 us
[16.641s][info][gc,stats      ]   Update Roots                      184 us, parallelism: 0.97x
[16.641s][info][gc,stats      ]     UR: <total>                     179 us
[16.641s][info][gc,stats      ]     UR: Thread Roots                179 us, workers (us): 179, 
[16.641s][info][gc,stats      ]   Update Region States               42 us
[16.641s][info][gc,stats      ]   Trash Collection Set                5 us
[16.641s][info][gc,stats      ]   Rebuild Free Set                   12 us
[16.641s][info][gc,stats      ] Concurrent Cleanup                   97 us
[16.641s][info][gc,stats      ] 
[16.641s][info][gc,stats      ] Allocation pacing accrued:
[16.641s][info][gc,stats      ]       0 of   781 ms (  0.0%): <total>
[16.641s][info][gc,stats      ]       0 of   781 ms (  0.0%): <average total>
[16.641s][info][gc,stats      ] 
[16.641s][info][gc,metaspace  ] Metaspace: 55108K->55124K(1097728K)
[16.641s][info][gc,ergo       ] Pacer for Idle. Initial: 40724K, Alloc Tax Rate: 1.0x
[16.643s][info][gc            ] Trigger: Learning 4 of 5. Free (1362M) is below initial threshold (1391M)
[16.643s][info][gc,ergo       ] Free: 1363M, Max: 512K regular, 935M humongous, Frag: 32% external, 0% internal; Reserve: 101888K, Max: 512K
[16.643s][info][gc,start      ] GC(6) Concurrent reset
[16.643s][info][gc,task       ] GC(6) Using 1 of 1 workers for concurrent reset
[16.643s][info][gc,ergo       ] GC(6) Pacer for Reset. Non-Taxable: 1988M
[16.647s][info][gc            ] GC(6) Concurrent reset 3.985ms
[16.647s][info][gc,start      ] GC(6) Pause Init Mark
[16.647s][info][gc,task       ] GC(6) Using 1 of 1 workers for init marking
[16.648s][info][gc,ergo       ] GC(6) Pacer for Mark. Expected Live: 59494K, Free: 1357M, Non-Taxable: 135M, Alloc Tax Rate: 0.1x
[16.648s][info][gc            ] GC(6) Pause Init Mark 1.016ms
[16.648s][info][gc,start      ] GC(6) Concurrent marking
[16.648s][info][gc,task       ] GC(6) Using 1 of 1 workers for concurrent marking
[16.894s][info][gc            ] GC(6) Concurrent marking 245.975ms
[16.894s][info][gc,start      ] GC(6) Pause Final Mark
[16.894s][info][gc,task       ] GC(6) Using 1 of 1 workers for final marking
[16.894s][info][gc,ergo       ] GC(6) Adaptive CSet Selection. Target Free: 281M, Actual Free: 1237M, Max CSet: 84823K, Min Garbage: 0B
[16.895s][info][gc,ergo       ] GC(6) Collectable Garbage: 391M (99%), Immediate: 4096K (1%), CSet: 387M (98%)
[16.896s][info][gc,ergo       ] GC(6) Pacer for Evacuation. Used CSet: 423M, Free: 1138M, Non-Taxable: 113M, Alloc Tax Rate: 1.1x
[16.896s][info][gc            ] GC(6) Pause Final Mark 1.658ms
[16.896s][info][gc,start      ] GC(6) Concurrent cleanup
[16.896s][info][gc            ] GC(6) Concurrent cleanup 752M->748M(954M) 0.131ms
[16.896s][info][gc,ergo       ] GC(6) Free: 1138M, Max: 512K regular, 935M humongous, Frag: 18% external, 0% internal; Reserve: 101885K, Max: 512K
[16.896s][info][gc,start      ] GC(6) Concurrent evacuation
[16.896s][info][gc,task       ] GC(6) Using 1 of 1 workers for concurrent evacuation
[16.981s][info][gc            ] GC(6) Concurrent evacuation 85.033ms
[16.983s][info][gc,start      ] GC(6) Pause Init Update Refs
[16.983s][info][gc,ergo       ] GC(6) Pacer for Update Refs. Used: 854M, Free: 1068M, Non-Taxable: 106M, Alloc Tax Rate: 1.1x
[16.983s][info][gc            ] GC(6) Pause Init Update Refs 0.020ms
[16.983s][info][gc,start      ] GC(6) Concurrent update references
[16.983s][info][gc,task       ] GC(6) Using 1 of 1 workers for concurrent reference update
[17.714s][info][gc            ] GC(6) Concurrent update references 731.213ms
[17.715s][info][gc,start      ] GC(6) Pause Final Update Refs
[17.715s][info][gc,task       ] GC(6) Using 1 of 1 workers for final reference update
[17.715s][info][gc            ] GC(6) Pause Final Update Refs 0.390ms
[17.715s][info][gc,start      ] GC(6) Concurrent cleanup
[17.715s][info][gc            ] GC(6) Concurrent cleanup 980M->557M(989M) 0.106ms
[17.715s][info][gc,ergo       ] Free: 1329M, Max: 512K regular, 989M humongous, Frag: 26% external, 0% internal; Reserve: 101888K, Max: 512K
[17.715s][info][gc,stats      ] 
[17.715s][info][gc,stats      ] All times are wall-clock times, except per-root-class counters, that are sum over
[17.715s][info][gc,stats      ] all workers. Dividing the <total> over the root stage time estimates parallelism.
[17.715s][info][gc,stats      ] 
[17.715s][info][gc,stats      ] Concurrent Reset                   3975 us
[17.715s][info][gc,stats      ] Pause Init Mark (G)                1169 us
[17.715s][info][gc,stats      ] Pause Init Mark (N)                1008 us
[17.715s][info][gc,stats      ]   Accumulate Stats                    6 us
[17.715s][info][gc,stats      ]   Make Parsable                       5 us
[17.715s][info][gc,stats      ]   Update Region States               35 us
[17.715s][info][gc,stats      ]   Scan Roots                        931 us, parallelism: 0.80x
[17.715s][info][gc,stats      ]     S: <total>                      741 us
[17.715s][info][gc,stats      ]     S: Thread Roots                 228 us, workers (us): 228, 
[17.715s][info][gc,stats      ]     S: Universe Roots                 2 us, workers (us):   2, 
[17.715s][info][gc,stats      ]     S: JNI Handles Roots              1 us, workers (us):   1, 
[17.715s][info][gc,stats      ]     S: Synchronizer Roots             0 us, workers (us):   0, 
[17.715s][info][gc,stats      ]     S: Management Roots               1 us, workers (us):   1, 
[17.715s][info][gc,stats      ]     S: System Dict Roots              9 us, workers (us):   9, 
[17.715s][info][gc,stats      ]     S: CLDG Roots                   499 us, workers (us): 499, 
[17.715s][info][gc,stats      ]     S: JVMTI Roots                    0 us, workers (us):   0, 
[17.715s][info][gc,stats      ]   Resize TLABs                        3 us
[17.715s][info][gc,stats      ] Concurrent Marking               245968 us
[17.715s][info][gc,stats      ] Pause Final Mark (G)               1725 us
[17.715s][info][gc,stats      ] Pause Final Mark (N)               1647 us
[17.715s][info][gc,stats      ]   Finish Queues                      10 us
[17.715s][info][gc,stats      ]   System Purge                      201 us
[17.715s][info][gc,stats      ]     Weak Roots                      201 us
[17.715s][info][gc,stats      ]   Update Region States               42 us
[17.715s][info][gc,stats      ]   Retire TLABs                        5 us
[17.715s][info][gc,stats      ]   Choose Collection Set             152 us
[17.715s][info][gc,stats      ]   Rebuild Free Set                   13 us
[17.715s][info][gc,stats      ]   Initial Evacuation               1216 us, parallelism: 0.58x
[17.715s][info][gc,stats      ]     E: <total>                      707 us
[17.715s][info][gc,stats      ]     E: Thread Roots                 192 us, workers (us): 192, 
[17.715s][info][gc,stats      ]     E: Code Cache Roots             112 us, workers (us): 112, 
[17.715s][info][gc,stats      ]     E: Universe Roots                 1 us, workers (us):   1, 
[17.715s][info][gc,stats      ]     E: JNI Handles Roots              1 us, workers (us):   1, 
[17.715s][info][gc,stats      ]     E: Synchronizer Roots             0 us, workers (us):   0, 
[17.715s][info][gc,stats      ]     E: Management Roots               1 us, workers (us):   1, 
[17.715s][info][gc,stats      ]     E: System Dict Roots             10 us, workers (us):  10, 
[17.715s][info][gc,stats      ]     E: CLDG Roots                   390 us, workers (us): 390, 
[17.715s][info][gc,stats      ]     E: JVMTI Roots                    0 us, workers (us):   0, 
[17.715s][info][gc,stats      ] Concurrent Cleanup                  124 us
[17.715s][info][gc,stats      ] Concurrent Evacuation             85023 us
[17.715s][info][gc,stats      ] Pause Init  Update Refs (G)        2012 us
[17.715s][info][gc,stats      ] Pause Init  Update Refs (N)           9 us
[17.715s][info][gc,stats      ]   Retire GCLABs                       3 us
[17.715s][info][gc,stats      ] Concurrent Update Refs           731205 us
[17.715s][info][gc,stats      ] Pause Final Update Refs (G)         517 us
[17.715s][info][gc,stats      ] Pause Final Update Refs (N)         377 us
[17.715s][info][gc,stats      ]   Update Roots                      305 us, parallelism: 0.97x
[17.715s][info][gc,stats      ]     UR: <total>                     296 us
[17.715s][info][gc,stats      ]     UR: Thread Roots                296 us, workers (us): 296, 
[17.715s][info][gc,stats      ]   Update Region States               44 us
[17.715s][info][gc,stats      ]   Trash Collection Set                6 us
[17.715s][info][gc,stats      ]   Rebuild Free Set                   16 us
[17.715s][info][gc,stats      ] Concurrent Cleanup                  100 us
[17.715s][info][gc,stats      ] 
[17.715s][info][gc,stats      ] Allocation pacing accrued:
[17.715s][info][gc,stats      ]       0 of  1074 ms (  0.0%): <total>
[17.715s][info][gc,stats      ]       0 of  1074 ms (  0.0%): <average total>
[17.715s][info][gc,stats      ] 
[17.715s][info][gc,metaspace  ] Metaspace: 55124K->57067K(1099776K)
[17.715s][info][gc,ergo       ] Pacer for Idle. Initial: 40724K, Alloc Tax Rate: 1.0x
[17.717s][info][gc            ] Trigger: Learning 5 of 5. Free (1329M) is below initial threshold (1391M)
[17.717s][info][gc,ergo       ] Free: 1329M, Max: 512K regular, 989M humongous, Frag: 26% external, 0% internal; Reserve: 101888K, Max: 512K
[17.717s][info][gc,start      ] GC(7) Concurrent reset
[17.717s][info][gc,task       ] GC(7) Using 1 of 1 workers for concurrent reset
[17.717s][info][gc,ergo       ] GC(7) Pacer for Reset. Non-Taxable: 1988M
[17.728s][info][gc            ] GC(7) Concurrent reset 10.812ms
[17.730s][info][gc,start      ] GC(7) Pause Init Mark
[17.730s][info][gc,task       ] GC(7) Using 1 of 1 workers for init marking
[17.731s][info][gc,ergo       ] GC(7) Pacer for Mark. Expected Live: 83063K, Free: 1329M, Non-Taxable: 132M, Alloc Tax Rate: 0.1x
[17.731s][info][gc            ] GC(7) Pause Init Mark 1.092ms
[17.731s][info][gc,start      ] GC(7) Concurrent marking
[17.731s][info][gc,task       ] GC(7) Using 1 of 1 workers for concurrent marking
[18.133s][info][gc            ] GC(7) Concurrent marking 401.985ms
[18.133s][info][gc,start      ] GC(7) Pause Final Mark
[18.133s][info][gc,task       ] GC(7) Using 1 of 1 workers for final marking
[18.134s][info][gc,ergo       ] GC(7) Adaptive CSet Selection. Target Free: 281M, Actual Free: 1411M, Max CSet: 84823K, Min Garbage: 0B
[18.134s][info][gc,ergo       ] GC(7) Collectable Garbage: 387M (99%), Immediate: 15470K (3%), CSet: 372M (95%)
[18.135s][info][gc,ergo       ] GC(7) Pacer for Evacuation. Used CSet: 406M, Free: 1313M, Non-Taxable: 131M, Alloc Tax Rate: 1.1x
[18.135s][info][gc            ] GC(7) Pause Final Mark 2.082ms
[18.135s][info][gc,start      ] GC(7) Concurrent cleanup
[18.135s][info][gc            ] GC(7) Concurrent cleanup 589M->574M(989M) 0.074ms
[18.135s][info][gc,ergo       ] GC(7) Free: 1313M, Max: 512K regular, 1045M humongous, Frag: 21% external, 0% internal; Reserve: 101761K, Max: 512K
[18.135s][info][gc,start      ] GC(7) Concurrent evacuation
[18.135s][info][gc,task       ] GC(7) Using 1 of 1 workers for concurrent evacuation
[18.287s][info][gc            ] GC(7) Concurrent evacuation 151.315ms
[18.290s][info][gc,start      ] GC(7) Pause Init Update Refs
[18.290s][info][gc,ergo       ] GC(7) Pacer for Update Refs. Used: 622M, Free: 1299M, Non-Taxable: 129M, Alloc Tax Rate: 1.1x
[18.290s][info][gc            ] GC(7) Pause Init Update Refs 0.050ms
[18.290s][info][gc,start      ] GC(7) Concurrent update references
[18.290s][info][gc,task       ] GC(7) Using 1 of 1 workers for concurrent reference update
[18.720s][info][gc            ] GC(7) Concurrent update references 429.439ms
[18.724s][info][gc,start      ] GC(7) Pause Final Update Refs
[18.724s][info][gc,task       ] GC(7) Using 1 of 1 workers for final reference update
[18.725s][info][gc            ] GC(7) Pause Final Update Refs 0.882ms
[18.725s][info][gc,start      ] GC(7) Concurrent cleanup
[18.725s][info][gc            ] GC(7) Concurrent cleanup 670M->263M(1023M) 0.102ms
[18.725s][info][gc,ergo       ] Free: 1624M, Max: 512K regular, 1036M humongous, Frag: 37% external, 0% internal; Reserve: 101888K, Max: 512K
[18.725s][info][gc,stats      ] 
[18.725s][info][gc,stats      ] All times are wall-clock times, except per-root-class counters, that are sum over
[18.725s][info][gc,stats      ] all workers. Dividing the <total> over the root stage time estimates parallelism.
[18.725s][info][gc,stats      ] 
[18.725s][info][gc,stats      ] Concurrent Reset                  10801 us
[18.725s][info][gc,stats      ] Pause Init Mark (G)                3488 us
[18.725s][info][gc,stats      ] Pause Init Mark (N)                1069 us
[18.725s][info][gc,stats      ]   Accumulate Stats                    6 us
[18.725s][info][gc,stats      ]   Make Parsable                       9 us
[18.725s][info][gc,stats      ]   Update Region States               46 us
[18.725s][info][gc,stats      ]   Scan Roots                        980 us, parallelism: 0.79x
[18.725s][info][gc,stats      ]     S: <total>                      778 us
[18.725s][info][gc,stats      ]     S: Thread Roots                 234 us, workers (us): 234, 
[18.725s][info][gc,stats      ]     S: Universe Roots                 2 us, workers (us):   2, 
[18.725s][info][gc,stats      ]     S: JNI Handles Roots              1 us, workers (us):   1, 
[18.725s][info][gc,stats      ]     S: Synchronizer Roots             0 us, workers (us):   0, 
[18.725s][info][gc,stats      ]     S: Management Roots               1 us, workers (us):   1, 
[18.725s][info][gc,stats      ]     S: System Dict Roots             11 us, workers (us):  11, 
[18.725s][info][gc,stats      ]     S: CLDG Roots                   529 us, workers (us): 529, 
[18.725s][info][gc,stats      ]     S: JVMTI Roots                    0 us, workers (us):   0, 
[18.725s][info][gc,stats      ]   Resize TLABs                        4 us
[18.725s][info][gc,stats      ] Concurrent Marking               401978 us
[18.725s][info][gc,stats      ] Pause Final Mark (G)               2153 us
[18.725s][info][gc,stats      ] Pause Final Mark (N)               2071 us
[18.726s][info][gc,stats      ]   Finish Queues                      15 us
[18.726s][info][gc,stats      ]   System Purge                      254 us
[18.726s][info][gc,stats      ]     Weak Roots                      254 us
[18.726s][info][gc,stats      ]   Update Region States               43 us
[18.726s][info][gc,stats      ]   Retire TLABs                        6 us
[18.726s][info][gc,stats      ]   Choose Collection Set             117 us
[18.726s][info][gc,stats      ]   Rebuild Free Set                   12 us
[18.726s][info][gc,stats      ]   Initial Evacuation               1618 us, parallelism: 0.57x
[18.726s][info][gc,stats      ]     E: <total>                      918 us
[18.726s][info][gc,stats      ]     E: Thread Roots                 211 us, workers (us): 211, 
[18.726s][info][gc,stats      ]     E: Code Cache Roots             203 us, workers (us): 203, 
[18.726s][info][gc,stats      ]     E: Universe Roots                 1 us, workers (us):   1, 
[18.726s][info][gc,stats      ]     E: JNI Handles Roots              1 us, workers (us):   1, 
[18.726s][info][gc,stats      ]     E: Synchronizer Roots             0 us, workers (us):   0, 
[18.726s][info][gc,stats      ]     E: Management Roots               1 us, workers (us):   1, 
[18.726s][info][gc,stats      ]     E: System Dict Roots             12 us, workers (us):  12, 
[18.726s][info][gc,stats      ]     E: CLDG Roots                   488 us, workers (us): 488, 
[18.726s][info][gc,stats      ]     E: JVMTI Roots                    0 us, workers (us):   0, 
[18.726s][info][gc,stats      ] Concurrent Cleanup                   68 us
[18.726s][info][gc,stats      ] Concurrent Evacuation            151302 us
[18.726s][info][gc,stats      ] Pause Init  Update Refs (G)        3664 us
[18.726s][info][gc,stats      ] Pause Init  Update Refs (N)          11 us
[18.726s][info][gc,stats      ]   Retire GCLABs                       4 us
[18.726s][info][gc,stats      ] Concurrent Update Refs           429427 us
[18.726s][info][gc,stats      ] Pause Final Update Refs (G)        5285 us
[18.726s][info][gc,stats      ] Pause Final Update Refs (N)         776 us
[18.726s][info][gc,stats      ]   Update Roots                      195 us, parallelism: 0.94x
[18.726s][info][gc,stats      ]     UR: <total>                     183 us
[18.726s][info][gc,stats      ]     UR: Thread Roots                183 us, workers (us): 183, 
[18.726s][info][gc,stats      ]   Update Region States              546 us
[18.726s][info][gc,stats      ]   Trash Collection Set                5 us
[18.726s][info][gc,stats      ]   Rebuild Free Set                   15 us
[18.726s][info][gc,stats      ] Concurrent Cleanup                   95 us
[18.726s][info][gc,stats      ] 
[18.726s][info][gc,stats      ] Allocation pacing accrued:
[18.726s][info][gc,stats      ]       0 of  1010 ms (  0.0%): <total>
[18.726s][info][gc,stats      ]       0 of  1010 ms (  0.0%): <average total>
[18.726s][info][gc,stats      ] 
[18.726s][info][gc,metaspace  ] Metaspace: 57068K->57121K(1099776K)
[18.726s][info][gc,ergo       ] Pacer for Idle. Initial: 40724K, Alloc Tax Rate: 1.0x
[20.761s][info][gc            ] Trigger: Average GC time (659.38 ms) is above the time for allocation rate (437 MB/s) to deplete free headroom (287M)
[20.761s][info][gc,ergo       ] Free headroom: 387M (free) - 101788K (spike) - 0B (penalties) = 287M
[20.761s][info][gc,ergo       ] Free: 387M, Max: 512K regular, 387M humongous, Frag: 0% external, 0% internal; Reserve: 101888K, Max: 512K
[20.762s][info][gc,start      ] GC(8) Concurrent reset
[20.762s][info][gc,task       ] GC(8) Using 1 of 1 workers for concurrent reset
[20.762s][info][gc,ergo       ] GC(8) Pacer for Reset. Non-Taxable: 1988M
[20.763s][info][gc            ] GC(8) Concurrent reset 1.055ms
[20.765s][info][gc,start      ] GC(8) Pause Init Mark
[20.765s][info][gc,task       ] GC(8) Using 1 of 1 workers for init marking
[20.766s][info][gc,ergo       ] GC(8) Pacer for Mark. Expected Live: 97929K, Free: 387M, Non-Taxable: 39680K, Alloc Tax Rate: 0.3x
[20.766s][info][gc            ] GC(8) Pause Init Mark 1.038ms
[20.766s][info][gc,start      ] GC(8) Concurrent marking
[20.766s][info][gc,task       ] GC(8) Using 1 of 1 workers for concurrent marking
[20.964s][info][gc            ] GC(8) Concurrent marking 198.650ms
[20.964s][info][gc,start      ] GC(8) Pause Final Mark
[20.964s][info][gc,task       ] GC(8) Using 1 of 1 workers for final marking
[20.965s][info][gc,ergo       ] GC(8) Collectable Garbage: 1325M (99%), Immediate: 1325M (99%), CSet: 0B (0%)
[20.965s][info][gc            ] GC(8) Pause Final Mark 0.352ms
[20.965s][info][gc,start      ] GC(8) Concurrent cleanup
[20.965s][info][gc            ] GC(8) Concurrent cleanup 1567M->241M(1569M) 0.169ms
[20.965s][info][gc,ergo       ] GC(8) Free: 1646M, Max: 512K regular, 594M humongous, Frag: 64% external, 0% internal; Reserve: 101888K, Max: 512K
[20.965s][info][gc,ergo       ] Free: 1646M, Max: 512K regular, 594M humongous, Frag: 64% external, 0% internal; Reserve: 101888K, Max: 512K
[20.965s][info][gc,stats      ] 
[20.965s][info][gc,stats      ] All times are wall-clock times, except per-root-class counters, that are sum over
[20.965s][info][gc,stats      ] all workers. Dividing the <total> over the root stage time estimates parallelism.
[20.965s][info][gc,stats      ] 
[20.965s][info][gc,stats      ] Concurrent Reset                   1037 us
[20.965s][info][gc,stats      ] Pause Init Mark (G)                3065 us
[20.965s][info][gc,stats      ] Pause Init Mark (N)                1023 us
[20.965s][info][gc,stats      ]   Accumulate Stats                    7 us
[20.965s][info][gc,stats      ]   Make Parsable                       5 us
[20.965s][info][gc,stats      ]   Update Region States               41 us
[20.965s][info][gc,stats      ]   Scan Roots                        945 us, parallelism: 0.78x
[20.965s][info][gc,stats      ]     S: <total>                      735 us
[20.965s][info][gc,stats      ]     S: Thread Roots                 211 us, workers (us): 211, 
[20.965s][info][gc,stats      ]     S: Universe Roots                 2 us, workers (us):   2, 
[20.965s][info][gc,stats      ]     S: JNI Handles Roots              1 us, workers (us):   1, 
[20.965s][info][gc,stats      ]     S: Synchronizer Roots             0 us, workers (us):   0, 
[20.965s][info][gc,stats      ]     S: Management Roots               2 us, workers (us):   2, 
[20.965s][info][gc,stats      ]     S: System Dict Roots              9 us, workers (us):   9, 
[20.965s][info][gc,stats      ]     S: CLDG Roots                   509 us, workers (us): 509, 
[20.965s][info][gc,stats      ]     S: JVMTI Roots                    0 us, workers (us):   0, 
[20.965s][info][gc,stats      ]   Resize TLABs                        3 us
[20.965s][info][gc,stats      ] Concurrent Marking               198644 us
[20.965s][info][gc,stats      ] Pause Final Mark (G)                401 us
[20.965s][info][gc,stats      ] Pause Final Mark (N)                342 us
[20.965s][info][gc,stats      ]   Finish Queues                      11 us
[20.965s][info][gc,stats      ]   System Purge                      237 us
[20.965s][info][gc,stats      ]     Weak Roots                      237 us
[20.965s][info][gc,stats      ]   Update Region States               47 us
[20.965s][info][gc,stats      ]   Retire TLABs                        4 us
[20.965s][info][gc,stats      ]   Choose Collection Set              25 us
[20.965s][info][gc,stats      ]   Rebuild Free Set                   12 us
[20.965s][info][gc,stats      ] Concurrent Cleanup                  164 us
[20.965s][info][gc,stats      ] 
[20.965s][info][gc,stats      ] Allocation pacing accrued:
[20.965s][info][gc,stats      ]       0 of  2239 ms (  0.0%): <total>
[20.965s][info][gc,stats      ]       0 of  2239 ms (  0.0%): <average total>
[20.965s][info][gc,stats      ] 
[20.965s][info][gc,metaspace  ] Metaspace: 57121K->57121K(1099776K)
[20.965s][info][gc,ergo       ] Pacer for Idle. Initial: 40724K, Alloc Tax Rate: 1.0x
[22.606s][info][gc            ] Trigger: Explicit GC request (System.gc())
[22.606s][info][gc,ergo       ] Free: 652M, Max: 512K regular, 320M humongous, Frag: 51% external, 0% internal; Reserve: 101888K, Max: 512K
[22.606s][info][gc,start      ] GC(9) Concurrent reset
[22.606s][info][gc,task       ] GC(9) Using 1 of 1 workers for concurrent reset
[22.606s][info][gc,ergo       ] GC(9) Pacer for Reset. Non-Taxable: 1988M
[22.607s][info][gc            ] GC(9) Concurrent reset 0.346ms
[22.607s][info][gc,start      ] GC(9) Pause Init Mark (process weakrefs) (unload classes)
[22.607s][info][gc,task       ] GC(9) Using 1 of 1 workers for init marking
[22.607s][info][gc,ergo       ] GC(9) Pacer for Mark. Expected Live: 124M, Free: 652M, Non-Taxable: 66771K, Alloc Tax Rate: 0.2x
[22.607s][info][gc            ] GC(9) Pause Init Mark (process weakrefs) (unload classes) 0.671ms
[22.607s][info][gc,start      ] GC(9) Concurrent marking (process weakrefs) (unload classes)
[22.607s][info][gc,task       ] GC(9) Using 1 of 1 workers for concurrent marking
[22.810s][info][gc            ] GC(9) Concurrent marking (process weakrefs) (unload classes) 202.224ms
[22.810s][info][gc,start      ] GC(9) Concurrent precleaning
[22.810s][info][gc,task       ] GC(9) Using 1 of 1 workers for concurrent preclean
[22.810s][info][gc,ergo       ] GC(9) Pacer for Precleaning. Non-Taxable: 1988M
[22.817s][info][gc            ] GC(9) Concurrent precleaning 7.128ms
[22.817s][info][gc,start      ] GC(9) Pause Final Mark (process weakrefs) (unload classes)
[22.817s][info][gc,task       ] GC(9) Using 1 of 1 workers for final marking
[22.850s][info][gc,stringtable] GC(9) Cleaned string and symbol table, strings: 18380 processed, 0 removed, symbols: 131601 processed, 46 removed
[22.851s][info][gc,ergo       ] GC(9) Collectable Garbage: 1047M (97%), Immediate: 1047M (97%), CSet: 0B (0%)
[22.851s][info][gc            ] GC(9) Pause Final Mark (process weakrefs) (unload classes) 33.893ms
[22.851s][info][gc,start      ] GC(9) Concurrent cleanup
[22.851s][info][gc            ] GC(9) Concurrent cleanup 1235M->188M(1569M) 0.150ms
[22.851s][info][gc,ergo       ] GC(9) Free: 1699M, Max: 512K regular, 720M humongous, Frag: 58% external, 0% internal; Reserve: 101888K, Max: 512K
[22.851s][info][gc,ergo       ] Free: 1699M, Max: 512K regular, 720M humongous, Frag: 58% external, 0% internal; Reserve: 101888K, Max: 512K
[22.851s][info][gc,stats      ] 
[22.851s][info][gc,stats      ] All times are wall-clock times, except per-root-class counters, that are sum over
[22.851s][info][gc,stats      ] all workers. Dividing the <total> over the root stage time estimates parallelism.
[22.851s][info][gc,stats      ] 
[22.851s][info][gc,stats      ] Concurrent Reset                    330 us
[22.851s][info][gc,stats      ] Pause Init Mark (G)                 781 us
[22.851s][info][gc,stats      ] Pause Init Mark (N)                 662 us
[22.851s][info][gc,stats      ]   Accumulate Stats                    7 us
[22.851s][info][gc,stats      ]   Make Parsable                       9 us
[22.851s][info][gc,stats      ]   Update Region States               37 us
[22.851s][info][gc,stats      ]   Scan Roots                        587 us, parallelism: 0.60x
[22.851s][info][gc,stats      ]     S: <total>                      353 us
[22.851s][info][gc,stats      ]     S: Thread Roots                 191 us, workers (us): 191, 
[22.851s][info][gc,stats      ]     S: Universe Roots                 2 us, workers (us):   2, 
[22.851s][info][gc,stats      ]     S: JNI Handles Roots              1 us, workers (us):   1, 
[22.851s][info][gc,stats      ]     S: Synchronizer Roots             0 us, workers (us):   0, 
[22.851s][info][gc,stats      ]     S: Management Roots               1 us, workers (us):   1, 
[22.851s][info][gc,stats      ]     S: System Dict Roots             22 us, workers (us):  22, 
[22.851s][info][gc,stats      ]     S: CLDG Roots                   135 us, workers (us): 135, 
[22.851s][info][gc,stats      ]     S: JVMTI Roots                    0 us, workers (us):   0, 
[22.851s][info][gc,stats      ]   Resize TLABs                        3 us
[22.851s][info][gc,stats      ] Concurrent Marking               202219 us
[22.851s][info][gc,stats      ] Concurrent Precleaning             7114 us
[22.851s][info][gc,stats      ] Pause Final Mark (G)              34013 us
[22.851s][info][gc,stats      ] Pause Final Mark (N)              33884 us
[22.851s][info][gc,stats      ]   Finish Queues                      38 us
[22.851s][info][gc,stats      ]   Weak References                   107 us
[22.851s][info][gc,stats      ]     Process                         105 us
[22.851s][info][gc,stats      ]   System Purge                      284 us
[22.851s][info][gc,stats      ]     Unload Classes                  985 us
[22.851s][info][gc,stats      ]     Cleanup                       32103 us, parallelism: 1.00x
[22.851s][info][gc,stats      ]       CU: <total>                 32037 us
[22.851s][info][gc,stats      ]       CU: Code Cache Roots         5998 us, workers (us): 5998, 
[22.851s][info][gc,stats      ]       CU: Code Cache Cleaning      1105 us, workers (us): 1105, 
[22.851s][info][gc,stats      ]       CU: String Table Roots      11932 us, workers (us): 11932, 
[22.851s][info][gc,stats      ]       CU: Resolved Table Roots      127 us, workers (us): 127, 
[22.851s][info][gc,stats      ]       CU: CLDG Roots              12876 us, workers (us): 12876, 
[22.851s][info][gc,stats      ]     Weak Roots                      283 us
[22.851s][info][gc,stats      ]     CLDG                            258 us
[22.851s][info][gc,stats      ]   Update Region States               50 us
[22.851s][info][gc,stats      ]   Retire TLABs                       13 us
[22.851s][info][gc,stats      ]   Choose Collection Set              27 us
[22.851s][info][gc,stats      ]   Rebuild Free Set                   13 us
[22.851s][info][gc,stats      ] Concurrent Cleanup                  143 us
[22.851s][info][gc,stats      ] 
[22.851s][info][gc,stats      ] Allocation pacing accrued:
[22.851s][info][gc,stats      ]       0 of  1886 ms (  0.0%): <total>
[22.851s][info][gc,stats      ]       0 of  1886 ms (  0.0%): <average total>
[22.851s][info][gc,stats      ] 
[22.851s][info][gc,metaspace  ] Metaspace: 59765K->59272K(1101824K)
[22.851s][info][gc,ergo       ] Pacer for Idle. Initial: 40724K, Alloc Tax Rate: 1.0x
[22.851s][info][gc,start      ] Concurrent uncommit
[22.991s][info][gc            ] Concurrent uncommit 188M->191M(193M) 139.390ms
[24.795s][info][gc            ] Trigger: Learning 2 of 5. Free (1390M) is below initial threshold (1391M)
[24.795s][info][gc,ergo       ] Free: 1390M, Max: 512K regular, 720M humongous, Frag: 49% external, 0% internal; Reserve: 101888K, Max: 512K
[24.795s][info][gc,start      ] GC(10) Concurrent reset
[24.795s][info][gc,task       ] GC(10) Using 1 of 1 workers for concurrent reset
[24.795s][info][gc,ergo       ] GC(10) Pacer for Reset. Non-Taxable: 1988M
[24.796s][info][gc            ] GC(10) Concurrent reset 0.333ms
[24.798s][info][gc,start      ] GC(10) Pause Init Mark (process weakrefs)
[24.798s][info][gc,task       ] GC(10) Using 1 of 1 workers for init marking
[24.799s][info][gc,ergo       ] GC(10) Pacer for Mark. Expected Live: 146M, Free: 1390M, Non-Taxable: 139M, Alloc Tax Rate: 0.1x
[24.799s][info][gc            ] GC(10) Pause Init Mark (process weakrefs) 1.267ms
[24.799s][info][gc,start      ] GC(10) Concurrent marking (process weakrefs)
[24.799s][info][gc,task       ] GC(10) Using 1 of 1 workers for concurrent marking
[25.051s][info][gc            ] GC(10) Concurrent marking (process weakrefs) 251.864ms
[25.051s][info][gc,start      ] GC(10) Concurrent precleaning
[25.051s][info][gc,task       ] GC(10) Using 1 of 1 workers for concurrent preclean
[25.051s][info][gc,ergo       ] GC(10) Pacer for Precleaning. Non-Taxable: 1988M
[25.053s][info][gc            ] GC(10) Concurrent precleaning 1.565ms
[25.055s][info][gc,start      ] GC(10) Pause Final Mark (process weakrefs)
[25.055s][info][gc,task       ] GC(10) Using 1 of 1 workers for final marking
[25.055s][info][gc,ergo       ] GC(10) Adaptive CSet Selection. Target Free: 281M, Actual Free: 1710M, Max CSet: 84823K, Min Garbage: 0B
[25.055s][info][gc,ergo       ] GC(10) Collectable Garbage: 325M (99%), Immediate: 281M (86%), CSet: 44757K (13%)
[25.057s][info][gc,ergo       ] GC(10) Pacer for Evacuation. Used CSet: 48353K, Free: 1612M, Non-Taxable: 161M, Alloc Tax Rate: 1.1x
[25.057s][info][gc            ] GC(10) Pause Final Mark (process weakrefs) 2.827ms
[25.058s][info][gc,start      ] GC(10) Concurrent cleanup
[25.058s][info][gc            ] GC(10) Concurrent cleanup 556M->274M(560M) 0.095ms
[25.058s][info][gc,ergo       ] GC(10) Free: 1612M, Max: 512K regular, 720M humongous, Frag: 56% external, 0% internal; Reserve: 101376K, Max: 512K
[25.058s][info][gc,start      ] GC(10) Concurrent evacuation
[25.058s][info][gc,task       ] GC(10) Using 1 of 1 workers for concurrent evacuation
[25.063s][info][gc            ] GC(10) Concurrent evacuation 5.590ms
[25.066s][info][gc,start      ] GC(10) Pause Init Update Refs
[25.066s][info][gc,ergo       ] GC(10) Pacer for Update Refs. Used: 279M, Free: 1611M, Non-Taxable: 161M, Alloc Tax Rate: 1.1x
[25.066s][info][gc            ] GC(10) Pause Init Update Refs 0.038ms
[25.066s][info][gc,start      ] GC(10) Concurrent update references
[25.066s][info][gc,task       ] GC(10) Using 1 of 1 workers for concurrent reference update
[25.361s][info][gc            ] GC(10) Concurrent update references 295.258ms
[25.364s][info][gc,start      ] GC(10) Pause Final Update Refs
[25.364s][info][gc,task       ] GC(10) Using 1 of 1 workers for final reference update
[25.364s][info][gc            ] GC(10) Pause Final Update Refs 0.335ms
[25.364s][info][gc,start      ] GC(10) Concurrent cleanup
[25.364s][info][gc            ] GC(10) Concurrent cleanup 370M->323M(563M) 0.073ms
[25.364s][info][gc,ergo       ] Free: 1564M, Max: 512K regular, 1035M humongous, Frag: 34% external, 0% internal; Reserve: 101888K, Max: 512K
[25.364s][info][gc,stats      ] 
[25.364s][info][gc,stats      ] All times are wall-clock times, except per-root-class counters, that are sum over
[25.364s][info][gc,stats      ] all workers. Dividing the <total> over the root stage time estimates parallelism.
[25.364s][info][gc,stats      ] 
[25.364s][info][gc,stats      ] Concurrent Reset                    316 us
[25.364s][info][gc,stats      ] Pause Init Mark (G)                3472 us
[25.364s][info][gc,stats      ] Pause Init Mark (N)                1249 us
[25.364s][info][gc,stats      ]   Accumulate Stats                   10 us
[25.364s][info][gc,stats      ]   Make Parsable                      13 us
[25.364s][info][gc,stats      ]   Update Region States               41 us
[25.364s][info][gc,stats      ]   Scan Roots                       1155 us, parallelism: 0.79x
[25.364s][info][gc,stats      ]     S: <total>                      909 us
[25.364s][info][gc,stats      ]     S: Thread Roots                 314 us, workers (us): 314, 
[25.364s][info][gc,stats      ]     S: Universe Roots                 2 us, workers (us):   2, 
[25.364s][info][gc,stats      ]     S: JNI Handles Roots              3 us, workers (us):   3, 
[25.364s][info][gc,stats      ]     S: Synchronizer Roots             0 us, workers (us):   0, 
[25.364s][info][gc,stats      ]     S: Management Roots               1 us, workers (us):   1, 
[25.364s][info][gc,stats      ]     S: System Dict Roots             21 us, workers (us):  21, 
[25.364s][info][gc,stats      ]     S: CLDG Roots                   567 us, workers (us): 567, 
[25.364s][info][gc,stats      ]     S: JVMTI Roots                    0 us, workers (us):   0, 
[25.364s][info][gc,stats      ]   Resize TLABs                        6 us
[25.364s][info][gc,stats      ] Concurrent Marking               251856 us
[25.364s][info][gc,stats      ] Concurrent Precleaning             1554 us
[25.364s][info][gc,stats      ] Pause Final Mark (G)               4960 us
[25.364s][info][gc,stats      ] Pause Final Mark (N)               2813 us
[25.364s][info][gc,stats      ]   Finish Queues                      14 us
[25.364s][info][gc,stats      ]   Weak References                    33 us
[25.364s][info][gc,stats      ]     Process                          30 us
[25.364s][info][gc,stats      ]   System Purge                      276 us
[25.364s][info][gc,stats      ]     Weak Roots                      275 us
[25.364s][info][gc,stats      ]   Update Region States               47 us
[25.364s][info][gc,stats      ]   Retire TLABs                        9 us
[25.364s][info][gc,stats      ]   Choose Collection Set              68 us
[25.364s][info][gc,stats      ]   Rebuild Free Set                   13 us
[25.364s][info][gc,stats      ]   Initial Evacuation               2348 us, parallelism: 0.57x
[25.364s][info][gc,stats      ]     E: <total>                     1330 us
[25.364s][info][gc,stats      ]     E: Thread Roots                 276 us, workers (us): 276, 
[25.364s][info][gc,stats      ]     E: Code Cache Roots             376 us, workers (us): 376, 
[25.364s][info][gc,stats      ]     E: Universe Roots                21 us, workers (us):  21, 
[25.364s][info][gc,stats      ]     E: JNI Handles Roots              1 us, workers (us):   1, 
[25.364s][info][gc,stats      ]     E: Synchronizer Roots             0 us, workers (us):   0, 
[25.364s][info][gc,stats      ]     E: Management Roots               1 us, workers (us):   1, 
[25.364s][info][gc,stats      ]     E: System Dict Roots             12 us, workers (us):  12, 
[25.364s][info][gc,stats      ]     E: CLDG Roots                   640 us, workers (us): 640, 
[25.364s][info][gc,stats      ]     E: JVMTI Roots                    1 us, workers (us):   1, 
[25.364s][info][gc,stats      ] Concurrent Cleanup                   88 us
[25.364s][info][gc,stats      ] Concurrent Evacuation              5579 us
[25.364s][info][gc,stats      ] Pause Init  Update Refs (G)        2706 us
[25.364s][info][gc,stats      ] Pause Init  Update Refs (N)          19 us
[25.364s][info][gc,stats      ]   Retire GCLABs                       5 us
[25.364s][info][gc,stats      ] Concurrent Update Refs           295247 us
[25.364s][info][gc,stats      ] Pause Final Update Refs (G)        2563 us
[25.364s][info][gc,stats      ] Pause Final Update Refs (N)         317 us
[25.364s][info][gc,stats      ]   Update Roots                      252 us, parallelism: 0.97x
[25.364s][info][gc,stats      ]     UR: <total>                     244 us
[25.364s][info][gc,stats      ]     UR: Thread Roots                244 us, workers (us): 244, 
[25.364s][info][gc,stats      ]   Update Region States               41 us
[25.364s][info][gc,stats      ]   Trash Collection Set                3 us
[25.364s][info][gc,stats      ]   Rebuild Free Set                   14 us
[25.364s][info][gc,stats      ] Concurrent Cleanup                   68 us
[25.364s][info][gc,stats      ] 
[25.364s][info][gc,stats      ] Allocation pacing accrued:
[25.364s][info][gc,stats      ]       0 of  2513 ms (  0.0%): <total>
[25.364s][info][gc,stats      ]       0 of  2513 ms (  0.0%): <average total>
[25.364s][info][gc,stats      ] 
[25.364s][info][gc,metaspace  ] Metaspace: 60067K->60075K(1103872K)
[25.364s][info][gc,ergo       ] Pacer for Idle. Initial: 40724K, Alloc Tax Rate: 1.0x
[25.594s][info][gc            ] Trigger: Learning 3 of 5. Free (1391M) is below initial threshold (1391M)
[25.594s][info][gc,ergo       ] Free: 1391M, Max: 512K regular, 1035M humongous, Frag: 26% external, 0% internal; Reserve: 101888K, Max: 512K
[25.594s][info][gc,start      ] GC(11) Concurrent reset
[25.594s][info][gc,task       ] GC(11) Using 1 of 1 workers for concurrent reset
[25.594s][info][gc,ergo       ] GC(11) Pacer for Reset. Non-Taxable: 1988M
[25.595s][info][gc            ] GC(11) Concurrent reset 0.354ms
[25.597s][info][gc,start      ] GC(11) Pause Init Mark
[25.597s][info][gc,task       ] GC(11) Using 1 of 1 workers for init marking
[25.598s][info][gc,ergo       ] GC(11) Pacer for Mark. Expected Live: 160M, Free: 1391M, Non-Taxable: 139M, Alloc Tax Rate: 0.1x
[25.598s][info][gc            ] GC(11) Pause Init Mark 1.163ms
[25.598s][info][gc,start      ] GC(11) Concurrent marking
[25.598s][info][gc,task       ] GC(11) Using 1 of 1 workers for concurrent marking
[25.804s][info][gc            ] GC(11) Concurrent marking 205.414ms
[25.804s][info][gc,start      ] GC(11) Pause Final Mark
[25.804s][info][gc,task       ] GC(11) Using 1 of 1 workers for final marking
[25.804s][info][gc,ergo       ] GC(11) Collectable Garbage: 321M (97%), Immediate: 321M (97%), CSet: 0B (0%)
[25.804s][info][gc            ] GC(11) Pause Final Mark 0.359ms
[25.804s][info][gc,start      ] GC(11) Concurrent cleanup
[25.804s][info][gc            ] GC(11) Concurrent cleanup 567M->246M(582M) 0.093ms
[25.804s][info][gc,ergo       ] GC(11) Free: 1641M, Max: 512K regular, 1035M humongous, Frag: 37% external, 0% internal; Reserve: 101888K, Max: 512K
[25.804s][info][gc,ergo       ] Free: 1641M, Max: 512K regular, 1035M humongous, Frag: 37% external, 0% internal; Reserve: 101888K, Max: 512K
[25.804s][info][gc,stats      ] 
[25.804s][info][gc,stats      ] All times are wall-clock times, except per-root-class counters, that are sum over
[25.804s][info][gc,stats      ] all workers. Dividing the <total> over the root stage time estimates parallelism.
[25.804s][info][gc,stats      ] 
[25.804s][info][gc,stats      ] Concurrent Reset                    346 us
[25.804s][info][gc,stats      ] Pause Init Mark (G)                3372 us
[25.804s][info][gc,stats      ] Pause Init Mark (N)                1140 us
[25.804s][info][gc,stats      ]   Accumulate Stats                    9 us
[25.804s][info][gc,stats      ]   Make Parsable                       8 us
[25.804s][info][gc,stats      ]   Update Region States               45 us
[25.804s][info][gc,stats      ]   Scan Roots                       1053 us, parallelism: 0.78x
[25.804s][info][gc,stats      ]     S: <total>                      819 us
[25.804s][info][gc,stats      ]     S: Thread Roots                 267 us, workers (us): 267, 
[25.804s][info][gc,stats      ]     S: Universe Roots                 1 us, workers (us):   1, 
[25.804s][info][gc,stats      ]     S: JNI Handles Roots              2 us, workers (us):   2, 
[25.804s][info][gc,stats      ]     S: Synchronizer Roots             0 us, workers (us):   0, 
[25.804s][info][gc,stats      ]     S: Management Roots               1 us, workers (us):   1, 
[25.804s][info][gc,stats      ]     S: System Dict Roots             20 us, workers (us):  20, 
[25.804s][info][gc,stats      ]     S: CLDG Roots                   527 us, workers (us): 527, 
[25.804s][info][gc,stats      ]     S: JVMTI Roots                    0 us, workers (us):   0, 
[25.804s][info][gc,stats      ]   Resize TLABs                        5 us
[25.804s][info][gc,stats      ] Concurrent Marking               205407 us
[25.804s][info][gc,stats      ] Pause Final Mark (G)                428 us
[25.804s][info][gc,stats      ] Pause Final Mark (N)                349 us
[25.804s][info][gc,stats      ]   Finish Queues                      12 us
[25.804s][info][gc,stats      ]   System Purge                      247 us
[25.804s][info][gc,stats      ]     Weak Roots                      247 us
[25.804s][info][gc,stats      ]   Update Region States               46 us
[25.804s][info][gc,stats      ]   Retire TLABs                        8 us
[25.804s][info][gc,stats      ]   Choose Collection Set              17 us
[25.804s][info][gc,stats      ]   Rebuild Free Set                   13 us
[25.804s][info][gc,stats      ] Concurrent Cleanup                   88 us
[25.804s][info][gc,stats      ] 
[25.804s][info][gc,stats      ] Allocation pacing accrued:
[25.804s][info][gc,stats      ]       0 of   440 ms (  0.0%): <total>
[25.804s][info][gc,stats      ]       0 of   440 ms (  0.0%): <average total>
[25.804s][info][gc,stats      ] 
[25.804s][info][gc,metaspace  ] Metaspace: 60075K->60075K(1103872K)
[25.804s][info][gc,ergo       ] Pacer for Idle. Initial: 40724K, Alloc Tax Rate: 1.0x
[26.128s][info][gc            ] Trigger: Learning 4 of 5. Free (1390M) is below initial threshold (1391M)
[26.128s][info][gc,ergo       ] Free: 1390M, Max: 512K regular, 1035M humongous, Frag: 26% external, 0% internal; Reserve: 101888K, Max: 512K
[26.128s][info][gc,start      ] GC(12) Concurrent reset
[26.128s][info][gc,task       ] GC(12) Using 1 of 1 workers for concurrent reset
[26.128s][info][gc,ergo       ] GC(12) Pacer for Reset. Non-Taxable: 1988M
[26.128s][info][gc            ] GC(12) Concurrent reset 0.287ms
[26.130s][info][gc,start      ] GC(12) Pause Init Mark
[26.131s][info][gc,task       ] GC(12) Using 1 of 1 workers for init marking
[26.132s][info][gc,ergo       ] GC(12) Pacer for Mark. Expected Live: 167M, Free: 1390M, Non-Taxable: 139M, Alloc Tax Rate: 0.1x
[26.132s][info][gc            ] GC(12) Pause Init Mark 1.135ms
[26.132s][info][gc,start      ] GC(12) Concurrent marking
[26.132s][info][gc,task       ] GC(12) Using 1 of 1 workers for concurrent marking
[26.340s][info][gc            ] GC(12) Concurrent marking 208.158ms
[26.340s][info][gc,start      ] GC(12) Pause Final Mark
[26.340s][info][gc,task       ] GC(12) Using 1 of 1 workers for final marking
[26.340s][info][gc,ergo       ] GC(12) Collectable Garbage: 322M (97%), Immediate: 322M (97%), CSet: 0B (0%)
[26.340s][info][gc            ] GC(12) Pause Final Mark 0.376ms
[26.340s][info][gc,start      ] GC(12) Concurrent cleanup
[26.340s][info][gc            ] GC(12) Concurrent cleanup 570M->248M(585M) 0.093ms
[26.340s][info][gc,ergo       ] GC(12) Free: 1639M, Max: 512K regular, 1035M humongous, Frag: 37% external, 0% internal; Reserve: 101888K, Max: 512K
[26.340s][info][gc,ergo       ] Free: 1639M, Max: 512K regular, 1035M humongous, Frag: 37% external, 0% internal; Reserve: 101888K, Max: 512K
[26.340s][info][gc,stats      ] 
[26.340s][info][gc,stats      ] All times are wall-clock times, except per-root-class counters, that are sum over
[26.340s][info][gc,stats      ] all workers. Dividing the <total> over the root stage time estimates parallelism.
[26.340s][info][gc,stats      ] 
[26.340s][info][gc,stats      ] Concurrent Reset                    279 us
[26.340s][info][gc,stats      ] Pause Init Mark (G)                3368 us
[26.340s][info][gc,stats      ] Pause Init Mark (N)                1114 us
[26.340s][info][gc,stats      ]   Accumulate Stats                    9 us
[26.341s][info][gc,stats      ]   Make Parsable                       6 us
[26.341s][info][gc,stats      ]   Update Region States               41 us
[26.341s][info][gc,stats      ]   Scan Roots                       1031 us, parallelism: 0.77x
[26.341s][info][gc,stats      ]     S: <total>                      792 us
[26.341s][info][gc,stats      ]     S: Thread Roots                 272 us, workers (us): 272, 
[26.341s][info][gc,stats      ]     S: Universe Roots                 2 us, workers (us):   2, 
[26.341s][info][gc,stats      ]     S: JNI Handles Roots              1 us, workers (us):   1, 
[26.341s][info][gc,stats      ]     S: Synchronizer Roots             0 us, workers (us):   0, 
[26.341s][info][gc,stats      ]     S: Management Roots               1 us, workers (us):   1, 
[26.341s][info][gc,stats      ]     S: System Dict Roots             11 us, workers (us):  11, 
[26.341s][info][gc,stats      ]     S: CLDG Roots                   505 us, workers (us): 505, 
[26.341s][info][gc,stats      ]     S: JVMTI Roots                    0 us, workers (us):   0, 
[26.341s][info][gc,stats      ]   Resize TLABs                        5 us
[26.341s][info][gc,stats      ] Concurrent Marking               208151 us
[26.341s][info][gc,stats      ] Pause Final Mark (G)                455 us
[26.341s][info][gc,stats      ] Pause Final Mark (N)                361 us
[26.341s][info][gc,stats      ]   Finish Queues                      11 us
[26.341s][info][gc,stats      ]   System Purge                      253 us
[26.341s][info][gc,stats      ]     Weak Roots                      253 us
[26.341s][info][gc,stats      ]   Update Region States               43 us
[26.341s][info][gc,stats      ]   Retire TLABs                        9 us
[26.341s][info][gc,stats      ]   Choose Collection Set              26 us
[26.341s][info][gc,stats      ]   Rebuild Free Set                   14 us
[26.341s][info][gc,stats      ] Concurrent Cleanup                   88 us
[26.341s][info][gc,stats      ] 
[26.341s][info][gc,stats      ] Allocation pacing accrued:
[26.341s][info][gc,stats      ]       0 of   536 ms (  0.0%): <total>
[26.341s][info][gc,stats      ]       0 of   536 ms (  0.0%): <average total>
[26.341s][info][gc,stats      ] 
[26.341s][info][gc,metaspace  ] Metaspace: 60075K->60075K(1103872K)
[26.341s][info][gc,ergo       ] Pacer for Idle. Initial: 40724K, Alloc Tax Rate: 1.0x
[26.669s][info][gc            ] Trigger: Learning 5 of 5. Free (1390M) is below initial threshold (1391M)
[26.669s][info][gc,ergo       ] Free: 1391M, Max: 512K regular, 1035M humongous, Frag: 26% external, 0% internal; Reserve: 101888K, Max: 512K
[26.669s][info][gc,start      ] GC(13) Concurrent reset
[26.669s][info][gc,task       ] GC(13) Using 1 of 1 workers for concurrent reset
[26.669s][info][gc,ergo       ] GC(13) Pacer for Reset. Non-Taxable: 1988M
[26.670s][info][gc            ] GC(13) Concurrent reset 0.284ms
[26.672s][info][gc,start      ] GC(13) Pause Init Mark
[26.672s][info][gc,task       ] GC(13) Using 1 of 1 workers for init marking
[26.673s][info][gc,ergo       ] GC(13) Pacer for Mark. Expected Live: 167M, Free: 1391M, Non-Taxable: 139M, Alloc Tax Rate: 0.1x
[26.673s][info][gc            ] GC(13) Pause Init Mark 1.153ms
[26.673s][info][gc,start      ] GC(13) Concurrent marking
[26.673s][info][gc,task       ] GC(13) Using 1 of 1 workers for concurrent marking
[26.884s][info][gc            ] GC(13) Concurrent marking 211.119ms
[26.884s][info][gc,start      ] GC(13) Pause Final Mark
[26.884s][info][gc,task       ] GC(13) Using 1 of 1 workers for final marking
[26.885s][info][gc,ergo       ] GC(13) Collectable Garbage: 321M (97%), Immediate: 321M (97%), CSet: 0B (0%)
[26.885s][info][gc            ] GC(13) Pause Final Mark 0.336ms
[26.885s][info][gc,start      ] GC(13) Concurrent cleanup
[26.885s][info][gc            ] GC(13) Concurrent cleanup 573M->251M(588M) 0.094ms
[26.885s][info][gc,ergo       ] GC(13) Free: 1636M, Max: 512K regular, 1035M humongous, Frag: 37% external, 0% internal; Reserve: 101888K, Max: 512K
[26.885s][info][gc,ergo       ] Free: 1636M, Max: 512K regular, 1035M humongous, Frag: 37% external, 0% internal; Reserve: 101888K, Max: 512K
[26.885s][info][gc,stats      ] 
[26.885s][info][gc,stats      ] All times are wall-clock times, except per-root-class counters, that are sum over
[26.885s][info][gc,stats      ] all workers. Dividing the <total> over the root stage time estimates parallelism.
[26.885s][info][gc,stats      ] 
[26.885s][info][gc,stats      ] Concurrent Reset                    275 us
[26.885s][info][gc,stats      ] Pause Init Mark (G)                3338 us
[26.885s][info][gc,stats      ] Pause Init Mark (N)                1125 us
[26.885s][info][gc,stats      ]   Accumulate Stats                    9 us
[26.885s][info][gc,stats      ]   Make Parsable                       7 us
[26.885s][info][gc,stats      ]   Update Region States               38 us
[26.885s][info][gc,stats      ]   Scan Roots                       1047 us, parallelism: 0.78x
[26.885s][info][gc,stats      ]     S: <total>                      819 us
[26.885s][info][gc,stats      ]     S: Thread Roots                 268 us, workers (us): 268, 
[26.885s][info][gc,stats      ]     S: Universe Roots                 2 us, workers (us):   2, 
[26.885s][info][gc,stats      ]     S: JNI Handles Roots              1 us, workers (us):   1, 
[26.885s][info][gc,stats      ]     S: Synchronizer Roots             0 us, workers (us):   0, 
[26.885s][info][gc,stats      ]     S: Management Roots               1 us, workers (us):   1, 
[26.885s][info][gc,stats      ]     S: System Dict Roots             19 us, workers (us):  19, 
[26.885s][info][gc,stats      ]     S: CLDG Roots                   527 us, workers (us): 527, 
[26.885s][info][gc,stats      ]     S: JVMTI Roots                    0 us, workers (us):   0, 
[26.885s][info][gc,stats      ]   Resize TLABs                        4 us
[26.885s][info][gc,stats      ] Concurrent Marking               211113 us
[26.885s][info][gc,stats      ] Pause Final Mark (G)                406 us
[26.885s][info][gc,stats      ] Pause Final Mark (N)                324 us
[26.885s][info][gc,stats      ]   Finish Queues                      11 us
[26.885s][info][gc,stats      ]   System Purge                      225 us
[26.885s][info][gc,stats      ]     Weak Roots                      225 us
[26.885s][info][gc,stats      ]   Update Region States               42 us
[26.885s][info][gc,stats      ]   Retire TLABs                        9 us
[26.885s][info][gc,stats      ]   Choose Collection Set              17 us
[26.885s][info][gc,stats      ]   Rebuild Free Set                   14 us
[26.885s][info][gc,stats      ] Concurrent Cleanup                   88 us
[26.885s][info][gc,stats      ] 
[26.885s][info][gc,stats      ] Allocation pacing accrued:
[26.885s][info][gc,stats      ]       0 of   544 ms (  0.0%): <total>
[26.885s][info][gc,stats      ]       0 of   544 ms (  0.0%): <average total>
[26.885s][info][gc,stats      ] 
[26.885s][info][gc,metaspace  ] Metaspace: 60075K->60075K(1103872K)
[26.885s][info][gc,ergo       ] Pacer for Idle. Initial: 40724K, Alloc Tax Rate: 1.0x
[28.581s][info][gc            ] Trigger: Explicit GC request (System.gc())
[28.582s][info][gc,ergo       ] Free: 564M, Max: 512K regular, 564M humongous, Frag: 0% external, 0% internal; Reserve: 101888K, Max: 512K
[28.582s][info][gc,start      ] GC(14) Concurrent reset
[28.582s][info][gc,task       ] GC(14) Using 1 of 1 workers for concurrent reset
[28.582s][info][gc,ergo       ] GC(14) Pacer for Reset. Non-Taxable: 1988M
[28.582s][info][gc            ] GC(14) Concurrent reset 0.384ms
[28.582s][info][gc,start      ] GC(14) Pause Init Mark (process weakrefs) (unload classes)
[28.582s][info][gc,task       ] GC(14) Using 1 of 1 workers for init marking
[28.583s][info][gc,ergo       ] GC(14) Pacer for Mark. Expected Live: 167M, Free: 564M, Non-Taxable: 57842K, Alloc Tax Rate: 0.4x
[28.583s][info][gc            ] GC(14) Pause Init Mark (process weakrefs) (unload classes) 0.703ms
[28.583s][info][gc,start      ] GC(14) Concurrent marking (process weakrefs) (unload classes)
[28.583s][info][gc,task       ] GC(14) Using 1 of 1 workers for concurrent marking
[28.772s][info][gc            ] GC(14) Concurrent marking (process weakrefs) (unload classes) 188.790ms
[28.772s][info][gc,start      ] GC(14) Concurrent precleaning
[28.772s][info][gc,task       ] GC(14) Using 1 of 1 workers for concurrent preclean
[28.772s][info][gc,ergo       ] GC(14) Pacer for Precleaning. Non-Taxable: 1988M
[28.772s][info][gc            ] GC(14) Concurrent precleaning 0.271ms
[28.772s][info][gc,start      ] GC(14) Pause Final Mark (process weakrefs) (unload classes)
[28.772s][info][gc,task       ] GC(14) Using 1 of 1 workers for final marking
[28.793s][info][gc,stringtable] GC(14) Cleaned string and symbol table, strings: 18442 processed, 0 removed, symbols: 131954 processed, 202 removed
[28.793s][info][gc,ergo       ] GC(14) Collectable Garbage: 1146M (99%), Immediate: 1146M (99%), CSet: 0B (0%)
[28.793s][info][gc            ] GC(14) Pause Final Mark (process weakrefs) (unload classes) 20.922ms
[28.793s][info][gc,start      ] GC(14) Concurrent cleanup
[28.793s][info][gc            ] GC(14) Concurrent cleanup 1322M->176M(1328M) 0.158ms
[28.793s][info][gc,ergo       ] GC(14) Free: 1711M, Max: 512K regular, 634M humongous, Frag: 63% external, 0% internal; Reserve: 101888K, Max: 512K
[28.793s][info][gc,ergo       ] Free: 1711M, Max: 512K regular, 634M humongous, Frag: 63% external, 0% internal; Reserve: 101888K, Max: 512K
[28.793s][info][gc,stats      ] 
[28.793s][info][gc,stats      ] All times are wall-clock times, except per-root-class counters, that are sum over
[28.793s][info][gc,stats      ] all workers. Dividing the <total> over the root stage time estimates parallelism.
[28.793s][info][gc,stats      ] 
[28.793s][info][gc,stats      ] Concurrent Reset                    366 us
[28.793s][info][gc,stats      ] Pause Init Mark (G)                 956 us
[28.793s][info][gc,stats      ] Pause Init Mark (N)                 691 us
[28.793s][info][gc,stats      ]   Accumulate Stats                   10 us
[28.793s][info][gc,stats      ]   Make Parsable                      10 us
[28.793s][info][gc,stats      ]   Update Region States               39 us
[28.793s][info][gc,stats      ]   Scan Roots                        611 us, parallelism: 0.57x
[28.793s][info][gc,stats      ]     S: <total>                      346 us
[28.793s][info][gc,stats      ]     S: Thread Roots                 243 us, workers (us): 243, 
[28.793s][info][gc,stats      ]     S: Universe Roots                 2 us, workers (us):   2, 
[28.793s][info][gc,stats      ]     S: JNI Handles Roots              1 us, workers (us):   1, 
[28.793s][info][gc,stats      ]     S: Synchronizer Roots             0 us, workers (us):   0, 
[28.793s][info][gc,stats      ]     S: Management Roots               1 us, workers (us):   1, 
[28.793s][info][gc,stats      ]     S: System Dict Roots             11 us, workers (us):  11, 
[28.793s][info][gc,stats      ]     S: CLDG Roots                    86 us, workers (us):  86, 
[28.793s][info][gc,stats      ]     S: JVMTI Roots                    0 us, workers (us):   0, 
[28.793s][info][gc,stats      ]   Resize TLABs                        3 us
[28.793s][info][gc,stats      ] Concurrent Marking               188783 us
[28.793s][info][gc,stats      ] Concurrent Precleaning              263 us
[28.793s][info][gc,stats      ] Pause Final Mark (G)              21019 us
[28.793s][info][gc,stats      ] Pause Final Mark (N)              20915 us
[28.793s][info][gc,stats      ]   Finish Queues                      50 us
[28.793s][info][gc,stats      ]   Weak References                    52 us
[28.793s][info][gc,stats      ]     Process                          50 us
[28.793s][info][gc,stats      ]   System Purge                      261 us
[28.793s][info][gc,stats      ]     Unload Classes                  918 us
[28.793s][info][gc,stats      ]     Cleanup                       19332 us, parallelism: 1.00x
[28.793s][info][gc,stats      ]       CU: <total>                 19259 us
[28.793s][info][gc,stats      ]       CU: Code Cache Roots         6558 us, workers (us): 6558, 
[28.793s][info][gc,stats      ]       CU: Code Cache Cleaning      1179 us, workers (us): 1179, 
[28.793s][info][gc,stats      ]       CU: String Table Roots       5495 us, workers (us): 5495, 
[28.793s][info][gc,stats      ]       CU: Resolved Table Roots      147 us, workers (us): 147, 
[28.793s][info][gc,stats      ]       CU: CLDG Roots               5880 us, workers (us): 5880, 
[28.793s][info][gc,stats      ]     Weak Roots                      261 us
[28.793s][info][gc,stats      ]     CLDG                            192 us
[28.793s][info][gc,stats      ]   Update Region States               47 us
[28.794s][info][gc,stats      ]   Retire TLABs                       18 us
[28.794s][info][gc,stats      ]   Choose Collection Set              26 us
[28.794s][info][gc,stats      ]   Rebuild Free Set                   12 us
[28.794s][info][gc,stats      ] Concurrent Cleanup                  151 us
[28.794s][info][gc,stats      ] 
[28.794s][info][gc,stats      ] Allocation pacing accrued:
[28.794s][info][gc,stats      ]       0 of  1909 ms (  0.0%): <total>
[28.794s][info][gc,stats      ]       0 of  1909 ms (  0.0%): <average total>
[28.794s][info][gc,stats      ] 
[28.794s][info][gc,metaspace  ] Metaspace: 60129K->59751K(1103872K)
[28.794s][info][gc,ergo       ] Pacer for Idle. Initial: 40724K, Alloc Tax Rate: 1.0x
[28.794s][info][gc,start      ] Concurrent uncommit
[28.834s][info][gc            ] Concurrent uncommit 176M->176M(178M) 40.363ms
[30.040s][info][gc            ] Trigger: Learning 2 of 5. Free (1391M) is below initial threshold (1391M)
[30.041s][info][gc,ergo       ] Free: 1391M, Max: 512K regular, 564M humongous, Frag: 60% external, 0% internal; Reserve: 101888K, Max: 512K
[30.041s][info][gc,start      ] GC(15) Concurrent reset
[30.041s][info][gc,task       ] GC(15) Using 1 of 1 workers for concurrent reset
[30.041s][info][gc,ergo       ] GC(15) Pacer for Reset. Non-Taxable: 1988M
[30.041s][info][gc            ] GC(15) Concurrent reset 0.329ms
[30.043s][info][gc,start      ] GC(15) Pause Init Mark (process weakrefs)
[30.043s][info][gc,task       ] GC(15) Using 1 of 1 workers for init marking
[30.044s][info][gc,ergo       ] GC(15) Pacer for Mark. Expected Live: 167M, Free: 1391M, Non-Taxable: 139M, Alloc Tax Rate: 0.1x
[30.045s][info][gc            ] GC(15) Pause Init Mark (process weakrefs) 1.279ms
[30.045s][info][gc,start      ] GC(15) Concurrent marking (process weakrefs)
[30.045s][info][gc,task       ] GC(15) Using 1 of 1 workers for concurrent marking
[30.251s][info][gc            ] GC(15) Concurrent marking (process weakrefs) 206.572ms
[30.251s][info][gc,start      ] GC(15) Concurrent precleaning
[30.251s][info][gc,task       ] GC(15) Using 1 of 1 workers for concurrent preclean
[30.251s][info][gc,ergo       ] GC(15) Pacer for Precleaning. Non-Taxable: 1988M
[30.252s][info][gc            ] GC(15) Concurrent precleaning 0.641ms
[30.252s][info][gc,start      ] GC(15) Pause Final Mark (process weakrefs)
[30.252s][info][gc,task       ] GC(15) Using 1 of 1 workers for final marking
[30.252s][info][gc,ergo       ] GC(15) Adaptive CSet Selection. Target Free: 281M, Actual Free: 1725M, Max CSet: 84823K, Min Garbage: 0B
[30.252s][info][gc,ergo       ] GC(15) Collectable Garbage: 324M (99%), Immediate: 295M (90%), CSet: 29309K (8%)
[30.255s][info][gc,ergo       ] GC(15) Pacer for Evacuation. Used CSet: 30846K, Free: 1627M, Non-Taxable: 162M, Alloc Tax Rate: 1.1x
[30.255s][info][gc            ] GC(15) Pause Final Mark (process weakrefs) 3.161ms
[30.255s][info][gc,start      ] GC(15) Concurrent cleanup
[30.255s][info][gc            ] GC(15) Concurrent cleanup 555M->259M(559M) 0.103ms
[30.255s][info][gc,ergo       ] GC(15) Free: 1627M, Max: 512K regular, 564M humongous, Frag: 66% external, 0% internal; Reserve: 101376K, Max: 512K
[30.255s][info][gc,start      ] GC(15) Concurrent evacuation
[30.255s][info][gc,task       ] GC(15) Using 1 of 1 workers for concurrent evacuation
[30.269s][info][gc            ] GC(15) Concurrent evacuation 13.363ms
[30.269s][info][gc,start      ] GC(15) Pause Init Update Refs
[30.269s][info][gc,ergo       ] GC(15) Pacer for Update Refs. Used: 265M, Free: 1623M, Non-Taxable: 162M, Alloc Tax Rate: 1.1x
[30.269s][info][gc            ] GC(15) Pause Init Update Refs 0.021ms
[30.269s][info][gc,start      ] GC(15) Concurrent update references
[30.269s][info][gc,task       ] GC(15) Using 1 of 1 workers for concurrent reference update
[30.527s][info][gc            ] GC(15) Concurrent update references 258.180ms
[30.530s][info][gc,start      ] GC(15) Pause Final Update Refs
[30.530s][info][gc,task       ] GC(15) Using 1 of 1 workers for final reference update
[30.531s][info][gc            ] GC(15) Pause Final Update Refs 0.639ms
[30.535s][info][gc,start      ] GC(15) Concurrent cleanup
[30.535s][info][gc            ] GC(15) Concurrent cleanup 351M->324M(561M) 0.100ms
[30.535s][info][gc,ergo       ] Free: 1563M, Max: 512K regular, 1036M humongous, Frag: 34% external, 0% internal; Reserve: 101888K, Max: 512K
[30.535s][info][gc,stats      ] 
[30.535s][info][gc,stats      ] All times are wall-clock times, except per-root-class counters, that are sum over
[30.535s][info][gc,stats      ] all workers. Dividing the <total> over the root stage time estimates parallelism.
[30.535s][info][gc,stats      ] 
[30.535s][info][gc,stats      ] Concurrent Reset                    318 us
[30.535s][info][gc,stats      ] Pause Init Mark (G)                3561 us
[30.535s][info][gc,stats      ] Pause Init Mark (N)                1263 us
[30.535s][info][gc,stats      ]   Accumulate Stats                   11 us
[30.535s][info][gc,stats      ]   Make Parsable                      13 us
[30.535s][info][gc,stats      ]   Update Region States               45 us
[30.535s][info][gc,stats      ]   Scan Roots                       1161 us, parallelism: 0.80x
[30.535s][info][gc,stats      ]     S: <total>                      933 us
[30.535s][info][gc,stats      ]     S: Thread Roots                 365 us, workers (us): 365, 
[30.535s][info][gc,stats      ]     S: Universe Roots                 2 us, workers (us):   2, 
[30.535s][info][gc,stats      ]     S: JNI Handles Roots              1 us, workers (us):   1, 
[30.535s][info][gc,stats      ]     S: Synchronizer Roots             0 us, workers (us):   0, 
[30.535s][info][gc,stats      ]     S: Management Roots               1 us, workers (us):   1, 
[30.535s][info][gc,stats      ]     S: System Dict Roots             11 us, workers (us):  11, 
[30.535s][info][gc,stats      ]     S: CLDG Roots                   551 us, workers (us): 551, 
[30.535s][info][gc,stats      ]     S: JVMTI Roots                    0 us, workers (us):   0, 
[30.535s][info][gc,stats      ]   Resize TLABs                        7 us
[30.535s][info][gc,stats      ] Concurrent Marking               206566 us
[30.535s][info][gc,stats      ] Concurrent Precleaning              624 us
[30.535s][info][gc,stats      ] Pause Final Mark (G)               3316 us
[30.535s][info][gc,stats      ] Pause Final Mark (N)               3144 us
[30.535s][info][gc,stats      ]   Finish Queues                      15 us
[30.535s][info][gc,stats      ]   Weak References                    24 us
[30.535s][info][gc,stats      ]     Process                          21 us
[30.535s][info][gc,stats      ]   System Purge                      267 us
[30.535s][info][gc,stats      ]     Weak Roots                      267 us
[30.535s][info][gc,stats      ]   Update Region States               47 us
[30.535s][info][gc,stats      ]   Retire TLABs                       12 us
[30.535s][info][gc,stats      ]   Choose Collection Set              85 us
[30.535s][info][gc,stats      ]   Rebuild Free Set                   15 us
[30.535s][info][gc,stats      ]   Initial Evacuation               2672 us, parallelism: 0.63x
[30.535s][info][gc,stats      ]     E: <total>                     1694 us
[30.535s][info][gc,stats      ]     E: Thread Roots                 408 us, workers (us): 408, 
[30.535s][info][gc,stats      ]     E: Code Cache Roots             538 us, workers (us): 538, 
[30.535s][info][gc,stats      ]     E: Universe Roots                26 us, workers (us):  26, 
[30.535s][info][gc,stats      ]     E: JNI Handles Roots              1 us, workers (us):   1, 
[30.535s][info][gc,stats      ]     E: Synchronizer Roots             0 us, workers (us):   0, 
[30.535s][info][gc,stats      ]     E: Management Roots               1 us, workers (us):   1, 
[30.535s][info][gc,stats      ]     E: System Dict Roots             11 us, workers (us):  11, 
[30.535s][info][gc,stats      ]     E: CLDG Roots                   707 us, workers (us): 707, 
[30.535s][info][gc,stats      ]     E: JVMTI Roots                    1 us, workers (us):   1, 
[30.535s][info][gc,stats      ] Concurrent Cleanup                   95 us
[30.535s][info][gc,stats      ] Concurrent Evacuation             13354 us
[30.535s][info][gc,stats      ] Pause Init  Update Refs (G)         268 us
[30.535s][info][gc,stats      ] Pause Init  Update Refs (N)          11 us
[30.535s][info][gc,stats      ]   Retire GCLABs                       5 us
[30.535s][info][gc,stats      ] Concurrent Update Refs           258170 us
[30.535s][info][gc,stats      ] Pause Final Update Refs (G)        7610 us
[30.535s][info][gc,stats      ] Pause Final Update Refs (N)         599 us
[30.535s][info][gc,stats      ]   Update Roots                      473 us, parallelism: 0.98x
[30.535s][info][gc,stats      ]     UR: <total>                     462 us
[30.535s][info][gc,stats      ]     UR: Thread Roots                462 us, workers (us): 462, 
[30.535s][info][gc,stats      ]   Update Region States               78 us
[30.535s][info][gc,stats      ]   Trash Collection Set                5 us
[30.535s][info][gc,stats      ]   Rebuild Free Set                   29 us
[30.535s][info][gc,stats      ] Concurrent Cleanup                   69 us
[30.535s][info][gc,stats      ] 
[30.535s][info][gc,stats      ] Allocation pacing accrued:
[30.535s][info][gc,stats      ]       0 of  1742 ms (  0.0%): <total>
[30.535s][info][gc,stats      ]       0 of  1742 ms (  0.0%): <average total>
[30.535s][info][gc,stats      ] 
[30.535s][info][gc,metaspace  ] Metaspace: 60224K->60226K(1103872K)
[30.535s][info][gc,ergo       ] Pacer for Idle. Initial: 40724K, Alloc Tax Rate: 1.0x
[30.762s][info][gc            ] Trigger: Learning 3 of 5. Free (1391M) is below initial threshold (1391M)
[30.762s][info][gc,ergo       ] Free: 1391M, Max: 512K regular, 1036M humongous, Frag: 26% external, 0% internal; Reserve: 101888K, Max: 512K
[30.762s][info][gc,start      ] GC(16) Concurrent reset
[30.762s][info][gc,task       ] GC(16) Using 1 of 1 workers for concurrent reset
[30.762s][info][gc,ergo       ] GC(16) Pacer for Reset. Non-Taxable: 1988M
[30.763s][info][gc            ] GC(16) Concurrent reset 0.329ms
[30.765s][info][gc,start      ] GC(16) Pause Init Mark
[30.765s][info][gc,task       ] GC(16) Using 1 of 1 workers for init marking
[30.766s][info][gc,ergo       ] GC(16) Pacer for Mark. Expected Live: 167M, Free: 1391M, Non-Taxable: 139M, Alloc Tax Rate: 0.1x
[30.766s][info][gc            ] GC(16) Pause Init Mark 1.299ms
[30.766s][info][gc,start      ] GC(16) Concurrent marking
[30.766s][info][gc,task       ] GC(16) Using 1 of 1 workers for concurrent marking
[30.970s][info][gc            ] GC(16) Concurrent marking 203.466ms
[30.970s][info][gc,start      ] GC(16) Pause Final Mark
[30.970s][info][gc,task       ] GC(16) Using 1 of 1 workers for final marking
[30.970s][info][gc,ergo       ] GC(16) Collectable Garbage: 322M (97%), Immediate: 322M (97%), CSet: 0B (0%)
[30.970s][info][gc            ] GC(16) Pause Final Mark 0.375ms
[30.970s][info][gc,start      ] GC(16) Concurrent cleanup
[30.970s][info][gc            ] GC(16) Concurrent cleanup 564M->242M(571M) 0.106ms
[30.971s][info][gc,ergo       ] GC(16) Free: 1645M, Max: 512K regular, 1036M humongous, Frag: 38% external, 0% internal; Reserve: 101888K, Max: 512K
[30.971s][info][gc,ergo       ] Free: 1645M, Max: 512K regular, 1036M humongous, Frag: 38% external, 0% internal; Reserve: 101888K, Max: 512K
[30.971s][info][gc,stats      ] 
[30.971s][info][gc,stats      ] All times are wall-clock times, except per-root-class counters, that are sum over
[30.971s][info][gc,stats      ] all workers. Dividing the <total> over the root stage time estimates parallelism.
[30.971s][info][gc,stats      ] 
[30.971s][info][gc,stats      ] Concurrent Reset                    321 us
[30.971s][info][gc,stats      ] Pause Init Mark (G)                3600 us
[30.971s][info][gc,stats      ] Pause Init Mark (N)                1280 us
[30.971s][info][gc,stats      ]   Accumulate Stats                   12 us
[30.971s][info][gc,stats      ]   Make Parsable                      11 us
[30.971s][info][gc,stats      ]   Update Region States               37 us
[30.971s][info][gc,stats      ]   Scan Roots                       1167 us, parallelism: 0.79x
[30.971s][info][gc,stats      ]     S: <total>                      919 us
[30.971s][info][gc,stats      ]     S: Thread Roots                 381 us, workers (us): 381, 
[30.971s][info][gc,stats      ]     S: Universe Roots                 1 us, workers (us):   1, 
[30.971s][info][gc,stats      ]     S: JNI Handles Roots              2 us, workers (us):   2, 
[30.971s][info][gc,stats      ]     S: Synchronizer Roots             0 us, workers (us):   0, 
[30.971s][info][gc,stats      ]     S: Management Roots               2 us, workers (us):   2, 
[30.971s][info][gc,stats      ]     S: System Dict Roots             21 us, workers (us):  21, 
[30.971s][info][gc,stats      ]     S: CLDG Roots                   512 us, workers (us): 512, 
[30.971s][info][gc,stats      ]     S: JVMTI Roots                    0 us, workers (us):   0, 
[30.971s][info][gc,stats      ]   Resize TLABs                       10 us
[30.971s][info][gc,stats      ] Concurrent Marking               203458 us
[30.971s][info][gc,stats      ] Pause Final Mark (G)                458 us
[30.971s][info][gc,stats      ] Pause Final Mark (N)                365 us
[30.971s][info][gc,stats      ]   Finish Queues                      13 us
[30.971s][info][gc,stats      ]   System Purge                      253 us
[30.971s][info][gc,stats      ]     Weak Roots                      252 us
[30.971s][info][gc,stats      ]   Update Region States               54 us
[30.971s][info][gc,stats      ]   Retire TLABs                       10 us
[30.971s][info][gc,stats      ]   Choose Collection Set              17 us
[30.971s][info][gc,stats      ]   Rebuild Free Set                   12 us
[30.971s][info][gc,stats      ] Concurrent Cleanup                  100 us
[30.971s][info][gc,stats      ] 
[30.971s][info][gc,stats      ] Allocation pacing accrued:
[30.971s][info][gc,stats      ]       0 of   435 ms (  0.0%): <total>
[30.971s][info][gc,stats      ]       0 of   435 ms (  0.0%): <average total>
[30.971s][info][gc,stats      ] 
[30.971s][info][gc,metaspace  ] Metaspace: 60226K->60226K(1103872K)
[30.971s][info][gc,ergo       ] Pacer for Idle. Initial: 40724K, Alloc Tax Rate: 1.0x
[31.316s][info][gc            ] Trigger: Learning 4 of 5. Free (1391M) is below initial threshold (1391M)
[31.316s][info][gc,ergo       ] Free: 1391M, Max: 512K regular, 1036M humongous, Frag: 26% external, 0% internal; Reserve: 101888K, Max: 512K
[31.317s][info][gc,start      ] GC(17) Concurrent reset
[31.317s][info][gc,task       ] GC(17) Using 1 of 1 workers for concurrent reset
[31.317s][info][gc,ergo       ] GC(17) Pacer for Reset. Non-Taxable: 1988M
[31.317s][info][gc            ] GC(17) Concurrent reset 0.283ms
[31.319s][info][gc,start      ] GC(17) Pause Init Mark
[31.319s][info][gc,task       ] GC(17) Using 1 of 1 workers for init marking
[31.320s][info][gc,ergo       ] GC(17) Pacer for Mark. Expected Live: 167M, Free: 1391M, Non-Taxable: 139M, Alloc Tax Rate: 0.1x
[31.320s][info][gc            ] GC(17) Pause Init Mark 1.240ms
[31.320s][info][gc,start      ] GC(17) Concurrent marking
[31.320s][info][gc,task       ] GC(17) Using 1 of 1 workers for concurrent marking
[31.529s][info][gc            ] GC(17) Concurrent marking 208.656ms
[31.529s][info][gc,start      ] GC(17) Pause Final Mark
[31.529s][info][gc,task       ] GC(17) Using 1 of 1 workers for final marking
[31.530s][info][gc,ergo       ] GC(17) Collectable Garbage: 322M (97%), Immediate: 322M (97%), CSet: 0B (0%)
[31.530s][info][gc            ] GC(17) Pause Final Mark 0.378ms
[31.530s][info][gc,start      ] GC(17) Concurrent cleanup
[31.530s][info][gc            ] GC(17) Concurrent cleanup 568M->246M(575M) 0.093ms
[31.530s][info][gc,ergo       ] GC(17) Free: 1641M, Max: 512K regular, 1036M humongous, Frag: 37% external, 0% internal; Reserve: 101888K, Max: 512K
[31.530s][info][gc,ergo       ] Free: 1641M, Max: 512K regular, 1036M humongous, Frag: 37% external, 0% internal; Reserve: 101888K, Max: 512K
[31.530s][info][gc,stats      ] 
[31.530s][info][gc,stats      ] All times are wall-clock times, except per-root-class counters, that are sum over
[31.530s][info][gc,stats      ] all workers. Dividing the <total> over the root stage time estimates parallelism.
[31.530s][info][gc,stats      ] 
[31.530s][info][gc,stats      ] Concurrent Reset                    275 us
[31.530s][info][gc,stats      ] Pause Init Mark (G)                3587 us
[31.530s][info][gc,stats      ] Pause Init Mark (N)                1220 us
[31.530s][info][gc,stats      ]   Accumulate Stats                   11 us
[31.530s][info][gc,stats      ]   Make Parsable                       8 us
[31.530s][info][gc,stats      ]   Update Region States               38 us
[31.530s][info][gc,stats      ]   Scan Roots                       1123 us, parallelism: 0.79x
[31.530s][info][gc,stats      ]     S: <total>                      883 us
[31.530s][info][gc,stats      ]     S: Thread Roots                 370 us, workers (us): 370, 
[31.530s][info][gc,stats      ]     S: Universe Roots                 2 us, workers (us):   2, 
[31.530s][info][gc,stats      ]     S: JNI Handles Roots              1 us, workers (us):   1, 
[31.530s][info][gc,stats      ]     S: Synchronizer Roots             0 us, workers (us):   0, 
[31.530s][info][gc,stats      ]     S: Management Roots               1 us, workers (us):   1, 
[31.530s][info][gc,stats      ]     S: System Dict Roots             12 us, workers (us):  12, 
[31.530s][info][gc,stats      ]     S: CLDG Roots                   496 us, workers (us): 496, 
[31.530s][info][gc,stats      ]     S: JVMTI Roots                    0 us, workers (us):   0, 
[31.530s][info][gc,stats      ]   Resize TLABs                        8 us
[31.530s][info][gc,stats      ] Concurrent Marking               208648 us
[31.530s][info][gc,stats      ] Pause Final Mark (G)                459 us
[31.530s][info][gc,stats      ] Pause Final Mark (N)                367 us
[31.530s][info][gc,stats      ]   Finish Queues                      11 us
[31.530s][info][gc,stats      ]   System Purge                      262 us
[31.530s][info][gc,stats      ]     Weak Roots                      262 us
[31.530s][info][gc,stats      ]   Update Region States               41 us
[31.530s][info][gc,stats      ]   Retire TLABs                       13 us
[31.530s][info][gc,stats      ]   Choose Collection Set              19 us
[31.530s][info][gc,stats      ]   Rebuild Free Set                   13 us
[31.530s][info][gc,stats      ] Concurrent Cleanup                   88 us
[31.530s][info][gc,stats      ] 
[31.530s][info][gc,stats      ] Allocation pacing accrued:
[31.530s][info][gc,stats      ]       0 of   559 ms (  0.0%): <total>
[31.530s][info][gc,stats      ]       0 of   559 ms (  0.0%): <average total>
[31.530s][info][gc,stats      ] 
[31.530s][info][gc,metaspace  ] Metaspace: 60226K->60233K(1103872K)
[31.530s][info][gc,ergo       ] Pacer for Idle. Initial: 40724K, Alloc Tax Rate: 1.0x
[31.858s][info][gc            ] Trigger: Learning 5 of 5. Free (1391M) is below initial threshold (1391M)
[31.858s][info][gc,ergo       ] Free: 1391M, Max: 512K regular, 1036M humongous, Frag: 26% external, 0% internal; Reserve: 101888K, Max: 512K
[31.858s][info][gc,start      ] GC(18) Concurrent reset
[31.858s][info][gc,task       ] GC(18) Using 1 of 1 workers for concurrent reset
[31.858s][info][gc,ergo       ] GC(18) Pacer for Reset. Non-Taxable: 1988M
[31.858s][info][gc            ] GC(18) Concurrent reset 0.280ms
[31.861s][info][gc,start      ] GC(18) Pause Init Mark
[31.861s][info][gc,task       ] GC(18) Using 1 of 1 workers for init marking
[31.862s][info][gc,ergo       ] GC(18) Pacer for Mark. Expected Live: 166M, Free: 1391M, Non-Taxable: 139M, Alloc Tax Rate: 0.1x
[31.862s][info][gc            ] GC(18) Pause Init Mark 1.227ms
[31.862s][info][gc,start      ] GC(18) Concurrent marking
[31.862s][info][gc,task       ] GC(18) Using 1 of 1 workers for concurrent marking
[32.068s][info][gc            ] GC(18) Concurrent marking 206.353ms
[32.068s][info][gc,start      ] GC(18) Pause Final Mark
[32.068s][info][gc,task       ] GC(18) Using 1 of 1 workers for final marking
[32.069s][info][gc,ergo       ] GC(18) Collectable Garbage: 321M (97%), Immediate: 321M (97%), CSet: 0B (0%)
[32.069s][info][gc            ] GC(18) Pause Final Mark 0.328ms
[32.069s][info][gc,start      ] GC(18) Concurrent cleanup
[32.069s][info][gc            ] GC(18) Concurrent cleanup 571M->249M(578M) 0.097ms
[32.069s][info][gc,ergo       ] GC(18) Free: 1638M, Max: 512K regular, 1036M humongous, Frag: 37% external, 0% internal; Reserve: 101888K, Max: 512K
[32.069s][info][gc,ergo       ] Free: 1638M, Max: 512K regular, 1036M humongous, Frag: 37% external, 0% internal; Reserve: 101888K, Max: 512K
[32.069s][info][gc,stats      ] 
[32.069s][info][gc,stats      ] All times are wall-clock times, except per-root-class counters, that are sum over
[32.069s][info][gc,stats      ] all workers. Dividing the <total> over the root stage time estimates parallelism.
[32.069s][info][gc,stats      ] 
[32.069s][info][gc,stats      ] Concurrent Reset                    269 us
[32.069s][info][gc,stats      ] Pause Init Mark (G)                3525 us
[32.069s][info][gc,stats      ] Pause Init Mark (N)                1207 us
[32.069s][info][gc,stats      ]   Accumulate Stats                   11 us
[32.069s][info][gc,stats      ]   Make Parsable                       9 us
[32.069s][info][gc,stats      ]   Update Region States               36 us
[32.069s][info][gc,stats      ]   Scan Roots                       1110 us, parallelism: 0.76x
[32.069s][info][gc,stats      ]     S: <total>                      848 us
[32.069s][info][gc,stats      ]     S: Thread Roots                 316 us, workers (us): 316, 
[32.069s][info][gc,stats      ]     S: Universe Roots                 2 us, workers (us):   2, 
[32.069s][info][gc,stats      ]     S: JNI Handles Roots              2 us, workers (us):   2, 
[32.069s][info][gc,stats      ]     S: Synchronizer Roots             0 us, workers (us):   0, 
[32.069s][info][gc,stats      ]     S: Management Roots               1 us, workers (us):   1, 
[32.069s][info][gc,stats      ]     S: System Dict Roots             11 us, workers (us):  11, 
[32.069s][info][gc,stats      ]     S: CLDG Roots                   515 us, workers (us): 515, 
[32.069s][info][gc,stats      ]     S: JVMTI Roots                    0 us, workers (us):   0, 
[32.069s][info][gc,stats      ]   Resize TLABs                        9 us
[32.069s][info][gc,stats      ] Concurrent Marking               206344 us
[32.069s][info][gc,stats      ] Pause Final Mark (G)                412 us
[32.069s][info][gc,stats      ] Pause Final Mark (N)                318 us
[32.069s][info][gc,stats      ]   Finish Queues                      14 us
[32.069s][info][gc,stats      ]   System Purge                      216 us
[32.069s][info][gc,stats      ]     Weak Roots                      216 us
[32.069s][info][gc,stats      ]   Update Region States               42 us
[32.069s][info][gc,stats      ]   Retire TLABs                       10 us
[32.069s][info][gc,stats      ]   Choose Collection Set              17 us
[32.069s][info][gc,stats      ]   Rebuild Free Set                   13 us
[32.069s][info][gc,stats      ] Concurrent Cleanup                   92 us
[32.069s][info][gc,stats      ] 
[32.069s][info][gc,stats      ] Allocation pacing accrued:
[32.069s][info][gc,stats      ]       0 of   539 ms (  0.0%): <total>
[32.069s][info][gc,stats      ]       0 of   539 ms (  0.0%): <average total>
[32.069s][info][gc,stats      ] 
[32.069s][info][gc,metaspace  ] Metaspace: 60233K->60233K(1103872K)
[32.069s][info][gc,ergo       ] Pacer for Idle. Initial: 40724K, Alloc Tax Rate: 1.0x
[33.816s][info][gc            ] Trigger: Explicit GC request (System.gc())
[33.817s][info][gc,ergo       ] Free: 610M, Max: 512K regular, 610M humongous, Frag: 0% external, 0% internal; Reserve: 101888K, Max: 512K
[33.817s][info][gc,start      ] GC(19) Concurrent reset
[33.817s][info][gc,task       ] GC(19) Using 1 of 1 workers for concurrent reset
[33.817s][info][gc,ergo       ] GC(19) Pacer for Reset. Non-Taxable: 1988M
[33.817s][info][gc            ] GC(19) Concurrent reset 0.319ms
[33.817s][info][gc,start      ] GC(19) Pause Init Mark (process weakrefs) (unload classes)
[33.817s][info][gc,task       ] GC(19) Using 1 of 1 workers for init marking
[33.818s][info][gc,ergo       ] GC(19) Pacer for Mark. Expected Live: 166M, Free: 610M, Non-Taxable: 62504K, Alloc Tax Rate: 0.3x
[33.818s][info][gc            ] GC(19) Pause Init Mark (process weakrefs) (unload classes) 0.753ms
[33.818s][info][gc,start      ] GC(19) Concurrent marking (process weakrefs) (unload classes)
[33.818s][info][gc,task       ] GC(19) Using 1 of 1 workers for concurrent marking
[33.929s][info][gc            ] GC(19) Concurrent marking (process weakrefs) (unload classes) 110.760ms
[33.929s][info][gc,start      ] GC(19) Concurrent precleaning
[33.929s][info][gc,task       ] GC(19) Using 1 of 1 workers for concurrent preclean
[33.929s][info][gc,ergo       ] GC(19) Pacer for Precleaning. Non-Taxable: 1988M
[33.929s][info][gc            ] GC(19) Concurrent precleaning 0.235ms
[33.929s][info][gc,start      ] GC(19) Pause Final Mark (process weakrefs) (unload classes)
[33.929s][info][gc,task       ] GC(19) Using 1 of 1 workers for final marking
[33.950s][info][gc,stringtable] GC(19) Cleaned string and symbol table, strings: 18457 processed, 0 removed, symbols: 131959 processed, 200 removed
[33.950s][info][gc,ergo       ] GC(19) Collectable Garbage: 1100M (99%), Immediate: 1100M (99%), CSet: 0B (0%)
[33.950s][info][gc            ] GC(19) Pause Final Mark (process weakrefs) (unload classes) 21.019ms
[33.950s][info][gc,start      ] GC(19) Concurrent cleanup
[33.950s][info][gc            ] GC(19) Concurrent cleanup 1276M->176M(1284M) 0.154ms
[33.950s][info][gc,ergo       ] GC(19) Free: 1711M, Max: 512K regular, 610M humongous, Frag: 65% external, 0% internal; Reserve: 101888K, Max: 512K
[33.950s][info][gc,ergo       ] Free: 1711M, Max: 512K regular, 610M humongous, Frag: 65% external, 0% internal; Reserve: 101888K, Max: 512K
[33.950s][info][gc,stats      ] 
[33.950s][info][gc,stats      ] All times are wall-clock times, except per-root-class counters, that are sum over
[33.950s][info][gc,stats      ] all workers. Dividing the <total> over the root stage time estimates parallelism.
[33.950s][info][gc,stats      ] 
[33.950s][info][gc,stats      ] Concurrent Reset                    303 us
[33.950s][info][gc,stats      ] Pause Init Mark (G)                 926 us
[33.950s][info][gc,stats      ] Pause Init Mark (N)                 744 us
[33.950s][info][gc,stats      ]   Accumulate Stats                   11 us
[33.950s][info][gc,stats      ]   Make Parsable                      11 us
[33.950s][info][gc,stats      ]   Update Region States               35 us
[33.950s][info][gc,stats      ]   Scan Roots                        664 us, parallelism: 0.65x
[33.950s][info][gc,stats      ]     S: <total>                      429 us
[33.950s][info][gc,stats      ]     S: Thread Roots                 284 us, workers (us): 284, 
[33.950s][info][gc,stats      ]     S: Universe Roots                 2 us, workers (us):   2, 
[33.950s][info][gc,stats      ]     S: JNI Handles Roots             33 us, workers (us):  33, 
[33.950s][info][gc,stats      ]     S: Synchronizer Roots             0 us, workers (us):   0, 
[33.950s][info][gc,stats      ]     S: Management Roots               1 us, workers (us):   1, 
[33.950s][info][gc,stats      ]     S: System Dict Roots             12 us, workers (us):  12, 
[33.950s][info][gc,stats      ]     S: CLDG Roots                    96 us, workers (us):  96, 
[33.950s][info][gc,stats      ]     S: JVMTI Roots                    0 us, workers (us):   0, 
[33.950s][info][gc,stats      ]   Resize TLABs                        4 us
[33.950s][info][gc,stats      ] Concurrent Marking               110754 us
[33.950s][info][gc,stats      ] Concurrent Precleaning              228 us
[33.950s][info][gc,stats      ] Pause Final Mark (G)              21118 us
[33.950s][info][gc,stats      ] Pause Final Mark (N)              21012 us
[33.950s][info][gc,stats      ]   Finish Queues                      61 us
[33.950s][info][gc,stats      ]   Weak References                    48 us
[33.950s][info][gc,stats      ]     Process                          46 us
[33.950s][info][gc,stats      ]   System Purge                      257 us
[33.950s][info][gc,stats      ]     Unload Classes                  938 us
[33.950s][info][gc,stats      ]     Cleanup                       19398 us, parallelism: 1.00x
[33.950s][info][gc,stats      ]       CU: <total>                 19335 us
[33.950s][info][gc,stats      ]       CU: Code Cache Roots         6965 us, workers (us): 6965, 
[33.950s][info][gc,stats      ]       CU: Code Cache Cleaning      1333 us, workers (us): 1333, 
[33.950s][info][gc,stats      ]       CU: String Table Roots       5577 us, workers (us): 5577, 
[33.950s][info][gc,stats      ]       CU: Resolved Table Roots      129 us, workers (us): 129, 
[33.950s][info][gc,stats      ]       CU: CLDG Roots               5330 us, workers (us): 5330, 
[33.950s][info][gc,stats      ]     Weak Roots                      257 us
[33.950s][info][gc,stats      ]     CLDG                            197 us
[33.950s][info][gc,stats      ]   Update Region States               47 us
[33.950s][info][gc,stats      ]   Retire TLABs                       21 us
[33.950s][info][gc,stats      ]   Choose Collection Set              25 us
[33.950s][info][gc,stats      ]   Rebuild Free Set                   13 us
[33.950s][info][gc,stats      ] Concurrent Cleanup                  147 us
[33.950s][info][gc,stats      ] 
[33.950s][info][gc,stats      ] Allocation pacing accrued:
[33.950s][info][gc,stats      ]       0 of  1881 ms (  0.0%): <total>
[33.950s][info][gc,stats      ]       0 of  1881 ms (  0.0%): <average total>
[33.950s][info][gc,stats      ] 
[33.950s][info][gc,metaspace  ] Metaspace: 60303K->59925K(1103872K)
[33.950s][info][gc,ergo       ] Pacer for Idle. Initial: 40724K, Alloc Tax Rate: 1.0x
[33.950s][info][gc,start      ] Concurrent uncommit
[33.989s][info][gc            ] Concurrent uncommit 176M->176M(178M) 38.579ms
[34.758s][info][gc            ] Trigger: Learning 2 of 5. Free (1391M) is below initial threshold (1391M)
[34.759s][info][gc,ergo       ] Free: 1391M, Max: 512K regular, 610M humongous, Frag: 57% external, 0% internal; Reserve: 101888K, Max: 512K
[34.759s][info][gc,start      ] GC(20) Concurrent reset
[34.759s][info][gc,task       ] GC(20) Using 1 of 1 workers for concurrent reset
[34.759s][info][gc,ergo       ] GC(20) Pacer for Reset. Non-Taxable: 1988M
[34.759s][info][gc            ] GC(20) Concurrent reset 0.311ms
[34.761s][info][gc,start      ] GC(20) Pause Init Mark (process weakrefs)
[34.761s][info][gc,task       ] GC(20) Using 1 of 1 workers for init marking
[34.763s][info][gc,ergo       ] GC(20) Pacer for Mark. Expected Live: 166M, Free: 1391M, Non-Taxable: 139M, Alloc Tax Rate: 0.1x
[34.763s][info][gc            ] GC(20) Pause Init Mark (process weakrefs) 1.333ms
[34.763s][info][gc,start      ] GC(20) Concurrent marking (process weakrefs)
[34.763s][info][gc,task       ] GC(20) Using 1 of 1 workers for concurrent marking
[34.967s][info][gc            ] GC(20) Concurrent marking (process weakrefs) 203.887ms
[34.967s][info][gc,start      ] GC(20) Concurrent precleaning
[34.967s][info][gc,task       ] GC(20) Using 1 of 1 workers for concurrent preclean
[34.967s][info][gc,ergo       ] GC(20) Pacer for Precleaning. Non-Taxable: 1988M
[34.967s][info][gc            ] GC(20) Concurrent precleaning 0.585ms
[34.967s][info][gc,start      ] GC(20) Pause Final Mark (process weakrefs)
[34.967s][info][gc,task       ] GC(20) Using 1 of 1 workers for final marking
[34.968s][info][gc,ergo       ] GC(20) Adaptive CSet Selection. Target Free: 281M, Actual Free: 1728M, Max CSet: 84823K, Min Garbage: 0B
[34.968s][info][gc,ergo       ] GC(20) Collectable Garbage: 324M (99%), Immediate: 296M (90%), CSet: 28148K (8%)
[34.970s][info][gc,ergo       ] GC(20) Pacer for Evacuation. Used CSet: 29731K, Free: 1630M, Non-Taxable: 163M, Alloc Tax Rate: 1.1x
[34.970s][info][gc            ] GC(20) Pause Final Mark (process weakrefs) 2.983ms
[34.970s][info][gc,start      ] GC(20) Concurrent cleanup
[34.970s][info][gc            ] GC(20) Concurrent cleanup 553M->256M(557M) 0.101ms
[34.970s][info][gc,ergo       ] GC(20) Free: 1630M, Max: 512K regular, 610M humongous, Frag: 63% external, 0% internal; Reserve: 101376K, Max: 512K
[34.970s][info][gc,start      ] GC(20) Concurrent evacuation
[34.970s][info][gc,task       ] GC(20) Using 1 of 1 workers for concurrent evacuation
[34.979s][info][gc            ] GC(20) Concurrent evacuation 8.119ms
[34.979s][info][gc,start      ] GC(20) Pause Init Update Refs
[34.979s][info][gc,ergo       ] GC(20) Pacer for Update Refs. Used: 261M, Free: 1627M, Non-Taxable: 162M, Alloc Tax Rate: 1.1x
[34.979s][info][gc            ] GC(20) Pause Init Update Refs 0.038ms
[34.979s][info][gc,start      ] GC(20) Concurrent update references
[34.979s][info][gc,task       ] GC(20) Using 1 of 1 workers for concurrent reference update
[35.234s][info][gc            ] GC(20) Concurrent update references 255.559ms
[35.237s][info][gc,start      ] GC(20) Pause Final Update Refs
[35.237s][info][gc,task       ] GC(20) Using 1 of 1 workers for final reference update
[35.238s][info][gc            ] GC(20) Pause Final Update Refs 0.411ms
[35.238s][info][gc,start      ] GC(20) Concurrent cleanup
[35.238s][info][gc            ] GC(20) Concurrent cleanup 347M->318M(559M) 0.084ms
[35.238s][info][gc,ergo       ] Free: 1569M, Max: 512K regular, 610M humongous, Frag: 62% external, 0% internal; Reserve: 101888K, Max: 512K
[35.238s][info][gc,stats      ] 
[35.238s][info][gc,stats      ] All times are wall-clock times, except per-root-class counters, that are sum over
[35.238s][info][gc,stats      ] all workers. Dividing the <total> over the root stage time estimates parallelism.
[35.238s][info][gc,stats      ] 
[35.238s][info][gc,stats      ] Concurrent Reset                    299 us
[35.238s][info][gc,stats      ] Pause Init Mark (G)                3727 us
[35.238s][info][gc,stats      ] Pause Init Mark (N)                1301 us
[35.238s][info][gc,stats      ]   Accumulate Stats                   15 us
[35.238s][info][gc,stats      ]   Make Parsable                      16 us
[35.238s][info][gc,stats      ]   Update Region States               40 us
[35.238s][info][gc,stats      ]   Scan Roots                       1197 us, parallelism: 0.80x
[35.238s][info][gc,stats      ]     S: <total>                      961 us
[35.238s][info][gc,stats      ]     S: Thread Roots                 384 us, workers (us): 384, 
[35.238s][info][gc,stats      ]     S: Universe Roots                 2 us, workers (us):   2, 
[35.238s][info][gc,stats      ]     S: JNI Handles Roots              2 us, workers (us):   2, 
[35.238s][info][gc,stats      ]     S: Synchronizer Roots             0 us, workers (us):   0, 
[35.238s][info][gc,stats      ]     S: Management Roots               1 us, workers (us):   1, 
[35.238s][info][gc,stats      ]     S: System Dict Roots             13 us, workers (us):  13, 
[35.238s][info][gc,stats      ]     S: CLDG Roots                   559 us, workers (us): 559, 
[35.238s][info][gc,stats      ]     S: JVMTI Roots                    0 us, workers (us):   0, 
[35.238s][info][gc,stats      ]   Resize TLABs                        8 us
[35.238s][info][gc,stats      ] Concurrent Marking               203880 us
[35.238s][info][gc,stats      ] Concurrent Precleaning              574 us
[35.238s][info][gc,stats      ] Pause Final Mark (G)               3105 us
[35.238s][info][gc,stats      ] Pause Final Mark (N)               2977 us
[35.238s][info][gc,stats      ]   Finish Queues                      11 us
[35.238s][info][gc,stats      ]   Weak References                    20 us
[35.238s][info][gc,stats      ]     Process                          18 us
[35.238s][info][gc,stats      ]   System Purge                      268 us
[35.238s][info][gc,stats      ]     Weak Roots                      267 us
[35.238s][info][gc,stats      ]   Update Region States               45 us
[35.238s][info][gc,stats      ]   Retire TLABs                       12 us
[35.238s][info][gc,stats      ]   Choose Collection Set              57 us
[35.238s][info][gc,stats      ]   Rebuild Free Set                   13 us
[35.238s][info][gc,stats      ]   Initial Evacuation               2546 us, parallelism: 0.60x
[35.238s][info][gc,stats      ]     E: <total>                     1533 us
[35.238s][info][gc,stats      ]     E: Thread Roots                 421 us, workers (us): 421, 
[35.238s][info][gc,stats      ]     E: Code Cache Roots             456 us, workers (us): 456, 
[35.238s][info][gc,stats      ]     E: Universe Roots                23 us, workers (us):  23, 
[35.238s][info][gc,stats      ]     E: JNI Handles Roots              1 us, workers (us):   1, 
[35.238s][info][gc,stats      ]     E: Synchronizer Roots             0 us, workers (us):   0, 
[35.238s][info][gc,stats      ]     E: Management Roots               1 us, workers (us):   1, 
[35.238s][info][gc,stats      ]     E: System Dict Roots             11 us, workers (us):  11, 
[35.238s][info][gc,stats      ]     E: CLDG Roots                   619 us, workers (us): 619, 
[35.238s][info][gc,stats      ]     E: JVMTI Roots                    0 us, workers (us):   0, 
[35.238s][info][gc,stats      ] Concurrent Cleanup                   94 us
[35.238s][info][gc,stats      ] Concurrent Evacuation              8110 us
[35.238s][info][gc,stats      ] Pause Init  Update Refs (G)         334 us
[35.238s][info][gc,stats      ] Pause Init  Update Refs (N)          22 us
[35.238s][info][gc,stats      ]   Retire GCLABs                       9 us
[35.238s][info][gc,stats      ] Concurrent Update Refs           255548 us
[35.238s][info][gc,stats      ] Pause Final Update Refs (G)        3037 us
[35.238s][info][gc,stats      ] Pause Final Update Refs (N)         388 us
[35.238s][info][gc,stats      ]   Update Roots                      325 us, parallelism: 0.98x
[35.238s][info][gc,stats      ]     UR: <total>                     318 us
[35.238s][info][gc,stats      ]     UR: Thread Roots                318 us, workers (us): 318, 
[35.238s][info][gc,stats      ]   Update Region States               41 us
[35.238s][info][gc,stats      ]   Trash Collection Set                2 us
[35.238s][info][gc,stats      ]   Rebuild Free Set                   13 us
[35.238s][info][gc,stats      ] Concurrent Cleanup                   78 us
[35.238s][info][gc,stats      ] 
[35.238s][info][gc,stats      ] Allocation pacing accrued:
[35.238s][info][gc,stats      ]       0 of  1288 ms (  0.0%): <total>
[35.238s][info][gc,stats      ]       0 of  1288 ms (  0.0%): <average total>
[35.238s][info][gc,stats      ] 
[35.238s][info][gc,metaspace  ] Metaspace: 60349K->60373K(1103872K)
[35.238s][info][gc,ergo       ] Pacer for Idle. Initial: 40724K, Alloc Tax Rate: 1.0x
[35.508s][info][gc            ] Trigger: Learning 3 of 5. Free (1390M) is below initial threshold (1391M)
[35.509s][info][gc,ergo       ] Free: 1390M, Max: 512K regular, 610M humongous, Frag: 57% external, 0% internal; Reserve: 101888K, Max: 512K
[35.509s][info][gc,start      ] GC(21) Concurrent reset
[35.509s][info][gc,task       ] GC(21) Using 1 of 1 workers for concurrent reset
[35.509s][info][gc,ergo       ] GC(21) Pacer for Reset. Non-Taxable: 1988M
[35.509s][info][gc            ] GC(21) Concurrent reset 0.328ms
[35.511s][info][gc,start      ] GC(21) Pause Init Mark
[35.511s][info][gc,task       ] GC(21) Using 1 of 1 workers for init marking
[35.513s][info][gc,ergo       ] GC(21) Pacer for Mark. Expected Live: 166M, Free: 1390M, Non-Taxable: 139M, Alloc Tax Rate: 0.1x
[35.513s][info][gc            ] GC(21) Pause Init Mark 1.341ms
[35.513s][info][gc,start      ] GC(21) Concurrent marking
[35.513s][info][gc,task       ] GC(21) Using 1 of 1 workers for concurrent marking
[35.725s][info][gc            ] GC(21) Concurrent marking 212.129ms
[35.725s][info][gc,start      ] GC(21) Pause Final Mark
[35.725s][info][gc,task       ] GC(21) Using 1 of 1 workers for final marking
[35.725s][info][gc,ergo       ] GC(21) Collectable Garbage: 322M (97%), Immediate: 322M (97%), CSet: 0B (0%)
[35.725s][info][gc            ] GC(21) Pause Final Mark 0.388ms
[35.725s][info][gc,start      ] GC(21) Concurrent cleanup
[35.726s][info][gc            ] GC(21) Concurrent cleanup 570M->248M(577M) 0.093ms
[35.726s][info][gc,ergo       ] GC(21) Free: 1638M, Max: 512K regular, 610M humongous, Frag: 63% external, 0% internal; Reserve: 101888K, Max: 512K
[35.726s][info][gc,ergo       ] Free: 1638M, Max: 512K regular, 610M humongous, Frag: 63% external, 0% internal; Reserve: 101888K, Max: 512K
[35.726s][info][gc,stats      ] 
[35.726s][info][gc,stats      ] All times are wall-clock times, except per-root-class counters, that are sum over
[35.726s][info][gc,stats      ] all workers. Dividing the <total> over the root stage time estimates parallelism.
[35.726s][info][gc,stats      ] 
[35.726s][info][gc,stats      ] Concurrent Reset                    317 us
[35.726s][info][gc,stats      ] Pause Init Mark (G)                3869 us
[35.726s][info][gc,stats      ] Pause Init Mark (N)                1325 us
[35.726s][info][gc,stats      ]   Accumulate Stats                   14 us
[35.726s][info][gc,stats      ]   Make Parsable                      10 us
[35.726s][info][gc,stats      ]   Update Region States               36 us
[35.726s][info][gc,stats      ]   Scan Roots                       1228 us, parallelism: 0.80x
[35.726s][info][gc,stats      ]     S: <total>                      988 us
[35.726s][info][gc,stats      ]     S: Thread Roots                 387 us, workers (us): 387, 
[35.726s][info][gc,stats      ]     S: Universe Roots                 2 us, workers (us):   2, 
[35.726s][info][gc,stats      ]     S: JNI Handles Roots              2 us, workers (us):   2, 
[35.726s][info][gc,stats      ]     S: Synchronizer Roots             0 us, workers (us):   0, 
[35.726s][info][gc,stats      ]     S: Management Roots               1 us, workers (us):   1, 
[35.726s][info][gc,stats      ]     S: System Dict Roots             27 us, workers (us):  27, 
[35.726s][info][gc,stats      ]     S: CLDG Roots                   569 us, workers (us): 569, 
[35.726s][info][gc,stats      ]     S: JVMTI Roots                    0 us, workers (us):   0, 
[35.726s][info][gc,stats      ]   Resize TLABs                        9 us
[35.726s][info][gc,stats      ] Concurrent Marking               212122 us
[35.726s][info][gc,stats      ] Pause Final Mark (G)                483 us
[35.726s][info][gc,stats      ] Pause Final Mark (N)                378 us
[35.726s][info][gc,stats      ]   Finish Queues                      14 us
[35.726s][info][gc,stats      ]   System Purge                      261 us
[35.726s][info][gc,stats      ]     Weak Roots                      260 us
[35.726s][info][gc,stats      ]   Update Region States               51 us
[35.726s][info][gc,stats      ]   Retire TLABs                       14 us
[35.726s][info][gc,stats      ]   Choose Collection Set              19 us
[35.726s][info][gc,stats      ]   Rebuild Free Set                   13 us
[35.726s][info][gc,stats      ] Concurrent Cleanup                   88 us
[35.726s][info][gc,stats      ] 
[35.726s][info][gc,stats      ] Allocation pacing accrued:
[35.726s][info][gc,stats      ]       0 of   488 ms (  0.0%): <total>
[35.726s][info][gc,stats      ]       0 of   488 ms (  0.0%): <average total>
[35.726s][info][gc,stats      ] 
[35.726s][info][gc,metaspace  ] Metaspace: 60373K->60373K(1103872K)
[35.726s][info][gc,ergo       ] Pacer for Idle. Initial: 40724K, Alloc Tax Rate: 1.0x
[36.052s][info][gc            ] Trigger: Learning 4 of 5. Free (1390M) is below initial threshold (1391M)
[36.052s][info][gc,ergo       ] Free: 1390M, Max: 512K regular, 610M humongous, Frag: 57% external, 0% internal; Reserve: 101888K, Max: 512K
[36.052s][info][gc,start      ] GC(22) Concurrent reset
[36.052s][info][gc,task       ] GC(22) Using 1 of 1 workers for concurrent reset
[36.052s][info][gc,ergo       ] GC(22) Pacer for Reset. Non-Taxable: 1988M
[36.052s][info][gc            ] GC(22) Concurrent reset 0.286ms
[36.055s][info][gc,start      ] GC(22) Pause Init Mark
[36.055s][info][gc,task       ] GC(22) Using 1 of 1 workers for init marking
[36.056s][info][gc,ergo       ] GC(22) Pacer for Mark. Expected Live: 166M, Free: 1390M, Non-Taxable: 139M, Alloc Tax Rate: 0.1x
[36.056s][info][gc            ] GC(22) Pause Init Mark 1.294ms
[36.056s][info][gc,start      ] GC(22) Concurrent marking
[36.056s][info][gc,task       ] GC(22) Using 1 of 1 workers for concurrent marking
[36.264s][info][gc            ] GC(22) Concurrent marking 207.912ms
[36.264s][info][gc,start      ] GC(22) Pause Final Mark
[36.264s][info][gc,task       ] GC(22) Using 1 of 1 workers for final marking
[36.264s][info][gc,ergo       ] GC(22) Collectable Garbage: 322M (97%), Immediate: 322M (97%), CSet: 0B (0%)
[36.264s][info][gc            ] GC(22) Pause Final Mark 0.378ms
[36.264s][info][gc,start      ] GC(22) Concurrent cleanup
[36.264s][info][gc            ] GC(22) Concurrent cleanup 570M->248M(577M) 0.093ms
[36.265s][info][gc,ergo       ] GC(22) Free: 1639M, Max: 512K regular, 610M humongous, Frag: 63% external, 0% internal; Reserve: 101888K, Max: 512K
[36.265s][info][gc,ergo       ] Free: 1639M, Max: 512K regular, 610M humongous, Frag: 63% external, 0% internal; Reserve: 101888K, Max: 512K
[36.265s][info][gc,stats      ] 
[36.265s][info][gc,stats      ] All times are wall-clock times, except per-root-class counters, that are sum over
[36.265s][info][gc,stats      ] all workers. Dividing the <total> over the root stage time estimates parallelism.
[36.265s][info][gc,stats      ] 
[36.265s][info][gc,stats      ] Concurrent Reset                    278 us
[36.265s][info][gc,stats      ] Pause Init Mark (G)                3843 us
[36.265s][info][gc,stats      ] Pause Init Mark (N)                1274 us
[36.265s][info][gc,stats      ]   Accumulate Stats                   15 us
[36.265s][info][gc,stats      ]   Make Parsable                       9 us
[36.265s][info][gc,stats      ]   Update Region States               40 us
[36.265s][info][gc,stats      ]   Scan Roots                       1178 us, parallelism: 0.81x
[36.265s][info][gc,stats      ]     S: <total>                      954 us
[36.265s][info][gc,stats      ]     S: Thread Roots                 427 us, workers (us): 427, 
[36.265s][info][gc,stats      ]     S: Universe Roots                 2 us, workers (us):   2, 
[36.265s][info][gc,stats      ]     S: JNI Handles Roots              1 us, workers (us):   1, 
[36.265s][info][gc,stats      ]     S: Synchronizer Roots             0 us, workers (us):   0, 
[36.265s][info][gc,stats      ]     S: Management Roots               1 us, workers (us):   1, 
[36.265s][info][gc,stats      ]     S: System Dict Roots             11 us, workers (us):  11, 
[36.265s][info][gc,stats      ]     S: CLDG Roots                   511 us, workers (us): 511, 
[36.265s][info][gc,stats      ]     S: JVMTI Roots                    0 us, workers (us):   0, 
[36.265s][info][gc,stats      ]   Resize TLABs                        8 us
[36.265s][info][gc,stats      ] Concurrent Marking               207905 us
[36.265s][info][gc,stats      ] Pause Final Mark (G)                478 us
[36.265s][info][gc,stats      ] Pause Final Mark (N)                359 us
[36.265s][info][gc,stats      ]   Finish Queues                      16 us
[36.265s][info][gc,stats      ]   System Purge                      248 us
[36.265s][info][gc,stats      ]     Weak Roots                      247 us
[36.265s][info][gc,stats      ]   Update Region States               43 us
[36.265s][info][gc,stats      ]   Retire TLABs                       13 us
[36.265s][info][gc,stats      ]   Choose Collection Set              18 us
[36.265s][info][gc,stats      ]   Rebuild Free Set                   14 us
[36.265s][info][gc,stats      ] Concurrent Cleanup                   88 us
[36.265s][info][gc,stats      ] 
[36.265s][info][gc,stats      ] Allocation pacing accrued:
[36.265s][info][gc,stats      ]       0 of   539 ms (  0.0%): <total>
[36.265s][info][gc,stats      ]       0 of   539 ms (  0.0%): <average total>
[36.265s][info][gc,stats      ] 
[36.265s][info][gc,metaspace  ] Metaspace: 60373K->60373K(1103872K)
[36.265s][info][gc,ergo       ] Pacer for Idle. Initial: 40724K, Alloc Tax Rate: 1.0x
[36.619s][info][gc            ] Trigger: Learning 5 of 5. Free (1391M) is below initial threshold (1391M)
[36.619s][info][gc,ergo       ] Free: 1391M, Max: 512K regular, 610M humongous, Frag: 57% external, 0% internal; Reserve: 101888K, Max: 512K
[36.619s][info][gc,start      ] GC(23) Concurrent reset
[36.619s][info][gc,task       ] GC(23) Using 1 of 1 workers for concurrent reset
[36.619s][info][gc,ergo       ] GC(23) Pacer for Reset. Non-Taxable: 1988M
[36.620s][info][gc            ] GC(23) Concurrent reset 0.282ms
[36.622s][info][gc,start      ] GC(23) Pause Init Mark
[36.622s][info][gc,task       ] GC(23) Using 1 of 1 workers for init marking
[36.624s][info][gc,ergo       ] GC(23) Pacer for Mark. Expected Live: 166M, Free: 1391M, Non-Taxable: 139M, Alloc Tax Rate: 0.1x
[36.624s][info][gc            ] GC(23) Pause Init Mark 1.252ms
[36.624s][info][gc,start      ] GC(23) Concurrent marking
[36.624s][info][gc,task       ] GC(23) Using 1 of 1 workers for concurrent marking
[36.828s][info][gc            ] GC(23) Concurrent marking 204.149ms
[36.828s][info][gc,start      ] GC(23) Pause Final Mark
[36.828s][info][gc,task       ] GC(23) Using 1 of 1 workers for final marking
[36.828s][info][gc,ergo       ] GC(23) Collectable Garbage: 321M (97%), Immediate: 321M (97%), CSet: 0B (0%)
[36.828s][info][gc            ] GC(23) Pause Final Mark 0.364ms
[36.828s][info][gc,start      ] GC(23) Concurrent cleanup
[36.828s][info][gc            ] GC(23) Concurrent cleanup 570M->249M(577M) 0.094ms
[36.828s][info][gc,ergo       ] GC(23) Free: 1637M, Max: 512K regular, 610M humongous, Frag: 63% external, 0% internal; Reserve: 101888K, Max: 512K
[36.828s][info][gc,ergo       ] Free: 1637M, Max: 512K regular, 610M humongous, Frag: 63% external, 0% internal; Reserve: 101888K, Max: 512K
[36.828s][info][gc,stats      ] 
[36.828s][info][gc,stats      ] All times are wall-clock times, except per-root-class counters, that are sum over
[36.828s][info][gc,stats      ] all workers. Dividing the <total> over the root stage time estimates parallelism.
[36.828s][info][gc,stats      ] 
[36.828s][info][gc,stats      ] Concurrent Reset                    274 us
[36.828s][info][gc,stats      ] Pause Init Mark (G)                3814 us
[36.828s][info][gc,stats      ] Pause Init Mark (N)                1225 us
[36.828s][info][gc,stats      ]   Accumulate Stats                   15 us
[36.828s][info][gc,stats      ]   Make Parsable                       7 us
[36.828s][info][gc,stats      ]   Update Region States               39 us
[36.828s][info][gc,stats      ]   Scan Roots                       1136 us, parallelism: 0.80x
[36.828s][info][gc,stats      ]     S: <total>                      906 us
[36.828s][info][gc,stats      ]     S: Thread Roots                 383 us, workers (us): 383, 
[36.828s][info][gc,stats      ]     S: Universe Roots                 2 us, workers (us):   2, 
[36.828s][info][gc,stats      ]     S: JNI Handles Roots              1 us, workers (us):   1, 
[36.828s][info][gc,stats      ]     S: Synchronizer Roots             0 us, workers (us):   0, 
[36.828s][info][gc,stats      ]     S: Management Roots               1 us, workers (us):   1, 
[36.828s][info][gc,stats      ]     S: System Dict Roots             12 us, workers (us):  12, 
[36.829s][info][gc,stats      ]     S: CLDG Roots                   506 us, workers (us): 506, 
[36.829s][info][gc,stats      ]     S: JVMTI Roots                    0 us, workers (us):   0, 
[36.829s][info][gc,stats      ]   Resize TLABs                        7 us
[36.829s][info][gc,stats      ] Concurrent Marking               204142 us
[36.829s][info][gc,stats      ] Pause Final Mark (G)                461 us
[36.829s][info][gc,stats      ] Pause Final Mark (N)                353 us
[36.829s][info][gc,stats      ]   Finish Queues                      16 us
[36.829s][info][gc,stats      ]   System Purge                      247 us
[36.829s][info][gc,stats      ]     Weak Roots                      247 us
[36.829s][info][gc,stats      ]   Update Region States               41 us
[36.829s][info][gc,stats      ]   Retire TLABs                       12 us
[36.829s][info][gc,stats      ]   Choose Collection Set              17 us
[36.829s][info][gc,stats      ]   Rebuild Free Set                   13 us
[36.829s][info][gc,stats      ] Concurrent Cleanup                   89 us
[36.829s][info][gc,stats      ] 
[36.829s][info][gc,stats      ] Allocation pacing accrued:
[36.829s][info][gc,stats      ]       0 of   564 ms (  0.0%): <total>
[36.829s][info][gc,stats      ]       0 of   564 ms (  0.0%): <average total>
[36.829s][info][gc,stats      ] 
[36.829s][info][gc,metaspace  ] Metaspace: 60373K->60373K(1103872K)
[36.829s][info][gc,ergo       ] Pacer for Idle. Initial: 40724K, Alloc Tax Rate: 1.0x
[38.524s][info][gc            ] Trigger: Explicit GC request (System.gc())
[38.524s][info][gc,ergo       ] Free: 610M, Max: 512K regular, 610M humongous, Frag: 0% external, 0% internal; Reserve: 101888K, Max: 512K
[38.524s][info][gc,start      ] GC(24) Concurrent reset
[38.525s][info][gc,task       ] GC(24) Using 1 of 1 workers for concurrent reset
[38.525s][info][gc,ergo       ] GC(24) Pacer for Reset. Non-Taxable: 1988M
[38.525s][info][gc            ] GC(24) Concurrent reset 0.322ms
[38.525s][info][gc,start      ] GC(24) Pause Init Mark (process weakrefs) (unload classes)
[38.525s][info][gc,task       ] GC(24) Using 1 of 1 workers for init marking
[38.526s][info][gc,ergo       ] GC(24) Pacer for Mark. Expected Live: 166M, Free: 610M, Non-Taxable: 62547K, Alloc Tax Rate: 0.3x
[38.526s][info][gc            ] GC(24) Pause Init Mark (process weakrefs) (unload classes) 0.824ms
[38.526s][info][gc,start      ] GC(24) Concurrent marking (process weakrefs) (unload classes)
[38.526s][info][gc,task       ] GC(24) Using 1 of 1 workers for concurrent marking
[38.725s][info][gc            ] GC(24) Concurrent marking (process weakrefs) (unload classes) 198.891ms
[38.725s][info][gc,start      ] GC(24) Concurrent precleaning
[38.725s][info][gc,task       ] GC(24) Using 1 of 1 workers for concurrent preclean
[38.725s][info][gc,ergo       ] GC(24) Pacer for Precleaning. Non-Taxable: 1988M
[38.725s][info][gc            ] GC(24) Concurrent precleaning 0.277ms
[38.726s][info][gc,start      ] GC(24) Pause Final Mark (process weakrefs) (unload classes)
[38.726s][info][gc,task       ] GC(24) Using 1 of 1 workers for final marking
[38.764s][info][gc,stringtable] GC(24) Cleaned string and symbol table, strings: 18479 processed, 0 removed, symbols: 131959 processed, 200 removed
[38.768s][info][gc,ergo       ] GC(24) Collectable Garbage: 1101M (99%), Immediate: 1101M (99%), CSet: 0B (0%)
[38.768s][info][gc            ] GC(24) Pause Final Mark (process weakrefs) (unload classes) 42.744ms
[38.768s][info][gc,start      ] GC(24) Concurrent cleanup
[38.769s][info][gc            ] GC(24) Concurrent cleanup 1275M->175M(1281M) 0.154ms
[38.769s][info][gc,ergo       ] GC(24) Free: 1712M, Max: 512K regular, 640M humongous, Frag: 63% external, 0% internal; Reserve: 101888K, Max: 512K
[38.769s][info][gc,ergo       ] Free: 1712M, Max: 512K regular, 640M humongous, Frag: 63% external, 0% internal; Reserve: 101888K, Max: 512K
[38.769s][info][gc,stats      ] 
[38.769s][info][gc,stats      ] All times are wall-clock times, except per-root-class counters, that are sum over
[38.769s][info][gc,stats      ] all workers. Dividing the <total> over the root stage time estimates parallelism.
[38.769s][info][gc,stats      ] 
[38.769s][info][gc,stats      ] Concurrent Reset                    305 us
[38.769s][info][gc,stats      ] Pause Init Mark (G)                1053 us
[38.769s][info][gc,stats      ] Pause Init Mark (N)                 813 us
[38.769s][info][gc,stats      ]   Accumulate Stats                   14 us
[38.769s][info][gc,stats      ]   Make Parsable                      11 us
[38.769s][info][gc,stats      ]   Update Region States               36 us
[38.769s][info][gc,stats      ]   Scan Roots                        726 us, parallelism: 0.60x
[38.769s][info][gc,stats      ]     S: <total>                      435 us
[38.769s][info][gc,stats      ]     S: Thread Roots                 323 us, workers (us): 323, 
[38.769s][info][gc,stats      ]     S: Universe Roots                 2 us, workers (us):   2, 
[38.769s][info][gc,stats      ]     S: JNI Handles Roots              1 us, workers (us):   1, 
[38.769s][info][gc,stats      ]     S: Synchronizer Roots             0 us, workers (us):   0, 
[38.769s][info][gc,stats      ]     S: Management Roots               1 us, workers (us):   1, 
[38.769s][info][gc,stats      ]     S: System Dict Roots             14 us, workers (us):  14, 
[38.769s][info][gc,stats      ]     S: CLDG Roots                    93 us, workers (us):  93, 
[38.769s][info][gc,stats      ]     S: JVMTI Roots                    0 us, workers (us):   0, 
[38.769s][info][gc,stats      ]   Resize TLABs                        6 us
[38.769s][info][gc,stats      ] Concurrent Marking               198885 us
[38.769s][info][gc,stats      ] Concurrent Precleaning              262 us
[38.769s][info][gc,stats      ] Pause Final Mark (G)              42977 us
[38.769s][info][gc,stats      ] Pause Final Mark (N)              42734 us
[38.769s][info][gc,stats      ]   Finish Queues                      82 us
[38.769s][info][gc,stats      ]   Weak References                    49 us
[38.769s][info][gc,stats      ]     Process                          46 us
[38.769s][info][gc,stats      ]   System Purge                      258 us
[38.769s][info][gc,stats      ]     Unload Classes                  941 us
[38.769s][info][gc,stats      ]     Cleanup                       37237 us, parallelism: 1.00x
[38.769s][info][gc,stats      ]       CU: <total>                 37166 us
[38.769s][info][gc,stats      ]       CU: Code Cache Roots        17525 us, workers (us): 17525, 
[38.769s][info][gc,stats      ]       CU: Code Cache Cleaning      1357 us, workers (us): 1357, 
[38.769s][info][gc,stats      ]       CU: String Table Roots      12778 us, workers (us): 12778, 
[38.769s][info][gc,stats      ]       CU: Resolved Table Roots      130 us, workers (us): 130, 
[38.769s][info][gc,stats      ]       CU: CLDG Roots               5376 us, workers (us): 5376, 
[38.769s][info][gc,stats      ]     Weak Roots                      258 us
[38.769s][info][gc,stats      ]     CLDG                            248 us
[38.769s][info][gc,stats      ]   Update Region States             3818 us
[38.769s][info][gc,stats      ]   Retire TLABs                       29 us
[38.769s][info][gc,stats      ]   Choose Collection Set              51 us
[38.769s][info][gc,stats      ]   Rebuild Free Set                   13 us
[38.769s][info][gc,stats      ] Concurrent Cleanup                  148 us
[38.769s][info][gc,stats      ] 
[38.769s][info][gc,stats      ] Allocation pacing accrued:
[38.769s][info][gc,stats      ]       0 of  1940 ms (  0.0%): <total>
[38.769s][info][gc,stats      ]       0 of  1940 ms (  0.0%): <average total>
[38.769s][info][gc,stats      ] 
[38.769s][info][gc,metaspace  ] Metaspace: 60425K->60046K(1103872K)
[38.769s][info][gc,ergo       ] Pacer for Idle. Initial: 40724K, Alloc Tax Rate: 1.0x
[38.769s][info][gc,start      ] Concurrent uncommit
[38.843s][info][gc            ] Concurrent uncommit 175M->175M(178M) 74.331ms
[39.668s][info][gc            ] Trigger: Learning 2 of 5. Free (1391M) is below initial threshold (1391M)
[39.670s][info][gc,ergo       ] Free: 1390M, Max: 512K regular, 610M humongous, Frag: 57% external, 0% internal; Reserve: 101888K, Max: 512K
[39.670s][info][gc,start      ] GC(25) Concurrent reset
[39.670s][info][gc,task       ] GC(25) Using 1 of 1 workers for concurrent reset
[39.670s][info][gc,ergo       ] GC(25) Pacer for Reset. Non-Taxable: 1988M
[39.670s][info][gc            ] GC(25) Concurrent reset 0.349ms
[39.673s][info][gc,start      ] GC(25) Pause Init Mark (process weakrefs)
[39.673s][info][gc,task       ] GC(25) Using 1 of 1 workers for init marking
[39.674s][info][gc,ergo       ] GC(25) Pacer for Mark. Expected Live: 166M, Free: 1390M, Non-Taxable: 139M, Alloc Tax Rate: 0.1x
[39.674s][info][gc            ] GC(25) Pause Init Mark (process weakrefs) 1.375ms
[39.674s][info][gc,start      ] GC(25) Concurrent marking (process weakrefs)
[39.674s][info][gc,task       ] GC(25) Using 1 of 1 workers for concurrent marking
[39.877s][info][gc            ] GC(25) Concurrent marking (process weakrefs) 203.090ms
[39.877s][info][gc,start      ] GC(25) Concurrent precleaning
[39.877s][info][gc,task       ] GC(25) Using 1 of 1 workers for concurrent preclean
[39.877s][info][gc,ergo       ] GC(25) Pacer for Precleaning. Non-Taxable: 1988M
[39.881s][info][gc            ] GC(25) Concurrent precleaning 4.020ms
[39.884s][info][gc,start      ] GC(25) Pause Final Mark (process weakrefs)
[39.884s][info][gc,task       ] GC(25) Using 1 of 1 workers for final marking
[39.884s][info][gc,ergo       ] GC(25) Collectable Garbage: 298M (91%), Immediate: 298M (91%), CSet: 0B (0%)
[39.884s][info][gc            ] GC(25) Pause Final Mark (process weakrefs) 0.429ms
[39.884s][info][gc,start      ] GC(25) Concurrent cleanup
[39.884s][info][gc            ] GC(25) Concurrent cleanup 556M->258M(561M) 0.092ms
[39.884s][info][gc,ergo       ] GC(25) Free: 1629M, Max: 512K regular, 610M humongous, Frag: 63% external, 0% internal; Reserve: 101888K, Max: 512K
[39.884s][info][gc,ergo       ] Free: 1629M, Max: 512K regular, 610M humongous, Frag: 63% external, 0% internal; Reserve: 101888K, Max: 512K
[39.884s][info][gc,stats      ] 
[39.884s][info][gc,stats      ] All times are wall-clock times, except per-root-class counters, that are sum over
[39.884s][info][gc,stats      ] all workers. Dividing the <total> over the root stage time estimates parallelism.
[39.885s][info][gc,stats      ] 
[39.885s][info][gc,stats      ] Concurrent Reset                    337 us
[39.885s][info][gc,stats      ] Pause Init Mark (G)                4034 us
[39.885s][info][gc,stats      ] Pause Init Mark (N)                1354 us
[39.885s][info][gc,stats      ]   Accumulate Stats                   16 us
[39.885s][info][gc,stats      ]   Make Parsable                      23 us
[39.885s][info][gc,stats      ]   Update Region States               44 us
[39.885s][info][gc,stats      ]   Scan Roots                       1236 us, parallelism: 0.82x
[39.885s][info][gc,stats      ]     S: <total>                     1009 us
[39.885s][info][gc,stats      ]     S: Thread Roots                 416 us, workers (us): 416, 
[39.885s][info][gc,stats      ]     S: Universe Roots                 2 us, workers (us):   2, 
[39.885s][info][gc,stats      ]     S: JNI Handles Roots              1 us, workers (us):   1, 
[39.885s][info][gc,stats      ]     S: Synchronizer Roots             0 us, workers (us):   0, 
[39.885s][info][gc,stats      ]     S: Management Roots               1 us, workers (us):   1, 
[39.885s][info][gc,stats      ]     S: System Dict Roots             13 us, workers (us):  13, 
[39.885s][info][gc,stats      ]     S: CLDG Roots                   575 us, workers (us): 575, 
[39.885s][info][gc,stats      ]     S: JVMTI Roots                    0 us, workers (us):   0, 
[39.885s][info][gc,stats      ]   Resize TLABs                        9 us
[39.885s][info][gc,stats      ] Concurrent Marking               203083 us
[39.885s][info][gc,stats      ] Concurrent Precleaning             4005 us
[39.885s][info][gc,stats      ] Pause Final Mark (G)               3032 us
[39.885s][info][gc,stats      ] Pause Final Mark (N)                413 us
[39.885s][info][gc,stats      ]   Finish Queues                      21 us
[39.885s][info][gc,stats      ]   Weak References                    24 us
[39.885s][info][gc,stats      ]     Process                          21 us
[39.885s][info][gc,stats      ]   System Purge                      267 us
[39.885s][info][gc,stats      ]     Weak Roots                      266 us
[39.885s][info][gc,stats      ]   Update Region States               49 us
[39.885s][info][gc,stats      ]   Retire TLABs                       15 us
[39.885s][info][gc,stats      ]   Choose Collection Set              18 us
[39.885s][info][gc,stats      ]   Rebuild Free Set                   14 us
[39.885s][info][gc,stats      ] Concurrent Cleanup                   87 us
[39.885s][info][gc,stats      ] 
[39.885s][info][gc,stats      ] Allocation pacing accrued:
[39.885s][info][gc,stats      ]       0 of  1116 ms (  0.0%): <total>
[39.885s][info][gc,stats      ]       0 of  1116 ms (  0.0%): <average total>
[39.885s][info][gc,stats      ] 
[39.885s][info][gc,metaspace  ] Metaspace: 60488K->60488K(1103872K)
[39.885s][info][gc,ergo       ] Pacer for Idle. Initial: 40724K, Alloc Tax Rate: 1.0x
[40.211s][info][gc            ] Trigger: Learning 3 of 5. Free (1390M) is below initial threshold (1391M)
[40.211s][info][gc,ergo       ] Free: 1391M, Max: 512K regular, 610M humongous, Frag: 57% external, 0% internal; Reserve: 101888K, Max: 512K
[40.211s][info][gc,start      ] GC(26) Concurrent reset
[40.211s][info][gc,task       ] GC(26) Using 1 of 1 workers for concurrent reset
[40.211s][info][gc,ergo       ] GC(26) Pacer for Reset. Non-Taxable: 1988M
[40.211s][info][gc            ] GC(26) Concurrent reset 0.325ms
[40.214s][info][gc,start      ] GC(26) Pause Init Mark
[40.214s][info][gc,task       ] GC(26) Using 1 of 1 workers for init marking
[40.216s][info][gc,ergo       ] GC(26) Pacer for Mark. Expected Live: 166M, Free: 1391M, Non-Taxable: 139M, Alloc Tax Rate: 0.1x
[40.216s][info][gc            ] GC(26) Pause Init Mark 1.352ms
[40.216s][info][gc,start      ] GC(26) Concurrent marking
[40.216s][info][gc,task       ] GC(26) Using 1 of 1 workers for concurrent marking
[40.422s][info][gc            ] GC(26) Concurrent marking 206.225ms
[40.422s][info][gc,start      ] GC(26) Pause Final Mark
[40.422s][info][gc,task       ] GC(26) Using 1 of 1 workers for final marking
[40.422s][info][gc,ergo       ] GC(26) Adaptive CSet Selection. Target Free: 281M, Actual Free: 1718M, Max CSet: 84823K, Min Garbage: 0B
[40.422s][info][gc,ergo       ] GC(26) Collectable Garbage: 326M (99%), Immediate: 296M (90%), CSet: 31139K (9%)
[40.425s][info][gc,ergo       ] GC(26) Pacer for Evacuation. Used CSet: 32764K, Free: 1619M, Non-Taxable: 161M, Alloc Tax Rate: 1.1x
[40.425s][info][gc            ] GC(26) Pause Final Mark 3.077ms
[40.425s][info][gc,start      ] GC(26) Concurrent cleanup
[40.425s][info][gc            ] GC(26) Concurrent cleanup 564M->268M(567M) 0.097ms
[40.425s][info][gc,ergo       ] GC(26) Free: 1619M, Max: 512K regular, 610M humongous, Frag: 63% external, 0% internal; Reserve: 101376K, Max: 512K
[40.425s][info][gc,start      ] GC(26) Concurrent evacuation
[40.425s][info][gc,task       ] GC(26) Using 1 of 1 workers for concurrent evacuation
[40.431s][info][gc            ] GC(26) Concurrent evacuation 5.926ms
[40.434s][info][gc,start      ] GC(26) Pause Init Update Refs
[40.434s][info][gc,ergo       ] GC(26) Pacer for Update Refs. Used: 273M, Free: 1616M, Non-Taxable: 161M, Alloc Tax Rate: 1.1x
[40.434s][info][gc            ] GC(26) Pause Init Update Refs 0.044ms
[40.434s][info][gc,start      ] GC(26) Concurrent update references
[40.434s][info][gc,task       ] GC(26) Using 1 of 1 workers for concurrent reference update
[40.686s][info][gc            ] GC(26) Concurrent update references 251.519ms
[40.688s][info][gc,start      ] GC(26) Pause Final Update Refs
[40.688s][info][gc,task       ] GC(26) Using 1 of 1 workers for final reference update
[40.689s][info][gc            ] GC(26) Pause Final Update Refs 0.444ms
[40.689s][info][gc,start      ] GC(26) Concurrent cleanup
[40.689s][info][gc            ] GC(26) Concurrent cleanup 361M->329M(568M) 0.083ms
[40.689s][info][gc,ergo       ] Free: 1558M, Max: 512K regular, 610M humongous, Frag: 61% external, 0% internal; Reserve: 101888K, Max: 512K
[40.689s][info][gc,stats      ] 
[40.689s][info][gc,stats      ] All times are wall-clock times, except per-root-class counters, that are sum over
[40.689s][info][gc,stats      ] all workers. Dividing the <total> over the root stage time estimates parallelism.
[40.689s][info][gc,stats      ] 
[40.689s][info][gc,stats      ] Concurrent Reset                    314 us
[40.689s][info][gc,stats      ] Pause Init Mark (G)                4120 us
[40.689s][info][gc,stats      ] Pause Init Mark (N)                1329 us
[40.689s][info][gc,stats      ]   Accumulate Stats                   16 us
[40.689s][info][gc,stats      ]   Make Parsable                      11 us
[40.689s][info][gc,stats      ]   Update Region States               39 us
[40.689s][info][gc,stats      ]   Scan Roots                       1221 us, parallelism: 0.81x
[40.689s][info][gc,stats      ]     S: <total>                      990 us
[40.689s][info][gc,stats      ]     S: Thread Roots                 442 us, workers (us): 442, 
[40.689s][info][gc,stats      ]     S: Universe Roots                 2 us, workers (us):   2, 
[40.689s][info][gc,stats      ]     S: JNI Handles Roots              1 us, workers (us):   1, 
[40.689s][info][gc,stats      ]     S: Synchronizer Roots             0 us, workers (us):   0, 
[40.689s][info][gc,stats      ]     S: Management Roots               2 us, workers (us):   2, 
[40.689s][info][gc,stats      ]     S: System Dict Roots             12 us, workers (us):  12, 
[40.689s][info][gc,stats      ]     S: CLDG Roots                   530 us, workers (us): 530, 
[40.689s][info][gc,stats      ]     S: JVMTI Roots                    0 us, workers (us):   0, 
[40.689s][info][gc,stats      ]   Resize TLABs                       10 us
[40.689s][info][gc,stats      ] Concurrent Marking               206217 us
[40.689s][info][gc,stats      ] Pause Final Mark (G)               3204 us
[40.689s][info][gc,stats      ] Pause Final Mark (N)               3066 us
[40.689s][info][gc,stats      ]   Finish Queues                      29 us
[40.689s][info][gc,stats      ]   System Purge                      286 us
[40.689s][info][gc,stats      ]     Weak Roots                      286 us
[40.689s][info][gc,stats      ]   Update Region States               45 us
[40.689s][info][gc,stats      ]   Retire TLABs                       16 us
[40.689s][info][gc,stats      ]   Choose Collection Set              71 us
[40.689s][info][gc,stats      ]   Rebuild Free Set                   13 us
[40.689s][info][gc,stats      ]   Initial Evacuation               2597 us, parallelism: 0.64x
[40.689s][info][gc,stats      ]     E: <total>                     1674 us
[40.689s][info][gc,stats      ]     E: Thread Roots                 460 us, workers (us): 460, 
[40.689s][info][gc,stats      ]     E: Code Cache Roots             485 us, workers (us): 485, 
[40.689s][info][gc,stats      ]     E: Universe Roots                 1 us, workers (us):   1, 
[40.689s][info][gc,stats      ]     E: JNI Handles Roots              1 us, workers (us):   1, 
[40.689s][info][gc,stats      ]     E: Synchronizer Roots             0 us, workers (us):   0, 
[40.689s][info][gc,stats      ]     E: Management Roots               1 us, workers (us):   1, 
[40.689s][info][gc,stats      ]     E: System Dict Roots             35 us, workers (us):  35, 
[40.689s][info][gc,stats      ]     E: CLDG Roots                   690 us, workers (us): 690, 
[40.689s][info][gc,stats      ]     E: JVMTI Roots                    0 us, workers (us):   0, 
[40.689s][info][gc,stats      ] Concurrent Cleanup                   90 us
[40.689s][info][gc,stats      ] Concurrent Evacuation              5917 us
[40.689s][info][gc,stats      ] Pause Init  Update Refs (G)        2802 us
[40.689s][info][gc,stats      ] Pause Init  Update Refs (N)          14 us
[40.689s][info][gc,stats      ]   Retire GCLABs                       7 us
[40.689s][info][gc,stats      ] Concurrent Update Refs           251508 us
[40.689s][info][gc,stats      ] Pause Final Update Refs (G)        3115 us
[40.689s][info][gc,stats      ] Pause Final Update Refs (N)         426 us
[40.689s][info][gc,stats      ]   Update Roots                      362 us, parallelism: 0.98x
[40.689s][info][gc,stats      ]     UR: <total>                     356 us
[40.689s][info][gc,stats      ]     UR: Thread Roots                356 us, workers (us): 356, 
[40.689s][info][gc,stats      ]   Update Region States               42 us
[40.689s][info][gc,stats      ]   Trash Collection Set                2 us
[40.689s][info][gc,stats      ]   Rebuild Free Set                   13 us
[40.689s][info][gc,stats      ] Concurrent Cleanup                   77 us
[40.689s][info][gc,stats      ] 
[40.689s][info][gc,stats      ] Allocation pacing accrued:
[40.689s][info][gc,stats      ]       0 of   804 ms (  0.0%): <total>
[40.689s][info][gc,stats      ]       0 of   804 ms (  0.0%): <average total>
[40.689s][info][gc,stats      ] 
[40.689s][info][gc,metaspace  ] Metaspace: 60491K->60491K(1103872K)
[40.689s][info][gc,ergo       ] Pacer for Idle. Initial: 40724K, Alloc Tax Rate: 1.0x
[40.912s][info][gc            ] Trigger: Learning 4 of 5. Free (1390M) is below initial threshold (1391M)
[40.912s][info][gc,ergo       ] Free: 1390M, Max: 512K regular, 610M humongous, Frag: 57% external, 0% internal; Reserve: 101888K, Max: 512K
[40.912s][info][gc,start      ] GC(27) Concurrent reset
[40.912s][info][gc,task       ] GC(27) Using 1 of 1 workers for concurrent reset
[40.912s][info][gc,ergo       ] GC(27) Pacer for Reset. Non-Taxable: 1988M
[40.912s][info][gc            ] GC(27) Concurrent reset 0.319ms
[40.915s][info][gc,start      ] GC(27) Pause Init Mark
[40.915s][info][gc,task       ] GC(27) Using 1 of 1 workers for init marking
[40.916s][info][gc,ergo       ] GC(27) Pacer for Mark. Expected Live: 166M, Free: 1390M, Non-Taxable: 139M, Alloc Tax Rate: 0.1x
[40.916s][info][gc            ] GC(27) Pause Init Mark 1.359ms
[40.916s][info][gc,start      ] GC(27) Concurrent marking
[40.916s][info][gc,task       ] GC(27) Using 1 of 1 workers for concurrent marking
[41.145s][info][gc            ] GC(27) Concurrent marking 229.002ms
[41.152s][info][gc,start      ] GC(27) Pause Final Mark
[41.152s][info][gc,task       ] GC(27) Using 1 of 1 workers for final marking
[41.152s][info][gc,ergo       ] GC(27) Collectable Garbage: 325M (98%), Immediate: 325M (98%), CSet: 0B (0%)
[41.152s][info][gc            ] GC(27) Pause Final Mark 0.426ms
[41.152s][info][gc,start      ] GC(27) Concurrent cleanup
[41.152s][info][gc            ] GC(27) Concurrent cleanup 568M->243M(575M) 0.094ms
[41.152s][info][gc,ergo       ] GC(27) Free: 1644M, Max: 512K regular, 610M humongous, Frag: 63% external, 0% internal; Reserve: 101888K, Max: 512K
[41.152s][info][gc,ergo       ] Free: 1644M, Max: 512K regular, 610M humongous, Frag: 63% external, 0% internal; Reserve: 101888K, Max: 512K
[41.152s][info][gc,stats      ] 
[41.152s][info][gc,stats      ] All times are wall-clock times, except per-root-class counters, that are sum over
[41.152s][info][gc,stats      ] all workers. Dividing the <total> over the root stage time estimates parallelism.
[41.152s][info][gc,stats      ] 
[41.152s][info][gc,stats      ] Concurrent Reset                    310 us
[41.152s][info][gc,stats      ] Pause Init Mark (G)                4097 us
[41.152s][info][gc,stats      ] Pause Init Mark (N)                1337 us
[41.152s][info][gc,stats      ]   Accumulate Stats                   16 us
[41.152s][info][gc,stats      ]   Make Parsable                      11 us
[41.152s][info][gc,stats      ]   Update Region States               40 us
[41.152s][info][gc,stats      ]   Scan Roots                       1234 us, parallelism: 0.81x
[41.152s][info][gc,stats      ]     S: <total>                      999 us
[41.152s][info][gc,stats      ]     S: Thread Roots                 409 us, workers (us): 409, 
[41.152s][info][gc,stats      ]     S: Universe Roots                 2 us, workers (us):   2, 
[41.152s][info][gc,stats      ]     S: JNI Handles Roots              1 us, workers (us):   1, 
[41.152s][info][gc,stats      ]     S: Synchronizer Roots             0 us, workers (us):   0, 
[41.152s][info][gc,stats      ]     S: Management Roots               1 us, workers (us):   1, 
[41.152s][info][gc,stats      ]     S: System Dict Roots             23 us, workers (us):  23, 
[41.152s][info][gc,stats      ]     S: CLDG Roots                   563 us, workers (us): 563, 
[41.152s][info][gc,stats      ]     S: JVMTI Roots                    0 us, workers (us):   0, 
[41.152s][info][gc,stats      ]   Resize TLABs                        9 us
[41.152s][info][gc,stats      ] Concurrent Marking               228995 us
[41.152s][info][gc,stats      ] Pause Final Mark (G)               3055 us
[41.152s][info][gc,stats      ] Pause Final Mark (N)                385 us
[41.152s][info][gc,stats      ]   Finish Queues                      27 us
[41.152s][info][gc,stats      ]   System Purge                      246 us
[41.152s][info][gc,stats      ]     Weak Roots                      245 us
[41.152s][info][gc,stats      ]   Update Region States               50 us
[41.152s][info][gc,stats      ]   Retire TLABs                       18 us
[41.152s][info][gc,stats      ]   Choose Collection Set              23 us
[41.152s][info][gc,stats      ]   Rebuild Free Set                   13 us
[41.152s][info][gc,stats      ] Concurrent Cleanup                   89 us
[41.152s][info][gc,stats      ] 
[41.152s][info][gc,stats      ] Allocation pacing accrued:
[41.152s][info][gc,stats      ]       0 of   463 ms (  0.0%): <total>
[41.152s][info][gc,stats      ]       0 of   463 ms (  0.0%): <average total>
[41.152s][info][gc,stats      ] 
[41.153s][info][gc,metaspace  ] Metaspace: 60491K->60491K(1103872K)
[41.153s][info][gc,ergo       ] Pacer for Idle. Initial: 40724K, Alloc Tax Rate: 1.0x
[41.551s][info][gc            ] Trigger: Learning 5 of 5. Free (1390M) is below initial threshold (1391M)
[41.551s][info][gc,ergo       ] Free: 1390M, Max: 512K regular, 610M humongous, Frag: 57% external, 0% internal; Reserve: 101888K, Max: 512K
[41.551s][info][gc,start      ] GC(28) Concurrent reset
[41.551s][info][gc,task       ] GC(28) Using 1 of 1 workers for concurrent reset
[41.551s][info][gc,ergo       ] GC(28) Pacer for Reset. Non-Taxable: 1988M
[41.551s][info][gc            ] GC(28) Concurrent reset 0.278ms
[41.554s][info][gc,start      ] GC(28) Pause Init Mark
[41.554s][info][gc,task       ] GC(28) Using 1 of 1 workers for init marking
[41.555s][info][gc,ergo       ] GC(28) Pacer for Mark. Expected Live: 166M, Free: 1390M, Non-Taxable: 139M, Alloc Tax Rate: 0.1x
[41.555s][info][gc            ] GC(28) Pause Init Mark 1.304ms
[41.555s][info][gc,start      ] GC(28) Concurrent marking
[41.555s][info][gc,task       ] GC(28) Using 1 of 1 workers for concurrent marking
[41.766s][info][gc            ] GC(28) Concurrent marking 210.937ms
[41.766s][info][gc,start      ] GC(28) Pause Final Mark
[41.766s][info][gc,task       ] GC(28) Using 1 of 1 workers for final marking
[41.767s][info][gc,ergo       ] GC(28) Collectable Garbage: 325M (98%), Immediate: 325M (98%), CSet: 0B (0%)
[41.767s][info][gc            ] GC(28) Pause Final Mark 0.357ms
[41.767s][info][gc,start      ] GC(28) Concurrent cleanup
[41.767s][info][gc            ] GC(28) Concurrent cleanup 571M->246M(578M) 0.108ms
[41.767s][info][gc,ergo       ] GC(28) Free: 1640M, Max: 512K regular, 610M humongous, Frag: 63% external, 0% internal; Reserve: 101888K, Max: 512K
[41.767s][info][gc,ergo       ] Free: 1640M, Max: 512K regular, 610M humongous, Frag: 63% external, 0% internal; Reserve: 101888K, Max: 512K
[41.767s][info][gc,stats      ] 
[41.767s][info][gc,stats      ] All times are wall-clock times, except per-root-class counters, that are sum over
[41.767s][info][gc,stats      ] all workers. Dividing the <total> over the root stage time estimates parallelism.
[41.767s][info][gc,stats      ] 
[41.767s][info][gc,stats      ] Concurrent Reset                    270 us
[41.767s][info][gc,stats      ] Pause Init Mark (G)                4011 us
[41.767s][info][gc,stats      ] Pause Init Mark (N)                1285 us
[41.767s][info][gc,stats      ]   Accumulate Stats                   16 us
[41.767s][info][gc,stats      ]   Make Parsable                      11 us
[41.767s][info][gc,stats      ]   Update Region States               39 us
[41.767s][info][gc,stats      ]   Scan Roots                       1190 us, parallelism: 0.81x
[41.767s][info][gc,stats      ]     S: <total>                      960 us
[41.767s][info][gc,stats      ]     S: Thread Roots                 411 us, workers (us): 411, 
[41.767s][info][gc,stats      ]     S: Universe Roots                 2 us, workers (us):   2, 
[41.767s][info][gc,stats      ]     S: JNI Handles Roots              1 us, workers (us):   1, 
[41.767s][info][gc,stats      ]     S: Synchronizer Roots             0 us, workers (us):   0, 
[41.767s][info][gc,stats      ]     S: Management Roots               1 us, workers (us):   1, 
[41.767s][info][gc,stats      ]     S: System Dict Roots             11 us, workers (us):  11, 
[41.767s][info][gc,stats      ]     S: CLDG Roots                   533 us, workers (us): 533, 
[41.767s][info][gc,stats      ]     S: JVMTI Roots                    1 us, workers (us):   1, 
[41.767s][info][gc,stats      ]   Resize TLABs                        8 us
[41.767s][info][gc,stats      ] Concurrent Marking               210930 us
[41.767s][info][gc,stats      ] Pause Final Mark (G)                467 us
[41.767s][info][gc,stats      ] Pause Final Mark (N)                340 us
[41.767s][info][gc,stats      ]   Finish Queues                      17 us
[41.767s][info][gc,stats      ]   System Purge                      228 us
[41.767s][info][gc,stats      ]     Weak Roots                      227 us
[41.767s][info][gc,stats      ]   Update Region States               42 us
[41.767s][info][gc,stats      ]   Retire TLABs                       14 us
[41.767s][info][gc,stats      ]   Choose Collection Set              17 us
[41.767s][info][gc,stats      ]   Rebuild Free Set                   13 us
[41.767s][info][gc,stats      ] Concurrent Cleanup                   89 us
[41.767s][info][gc,stats      ] 
[41.767s][info][gc,stats      ] Allocation pacing accrued:
[41.767s][info][gc,stats      ]       0 of   614 ms (  0.0%): <total>
[41.767s][info][gc,stats      ]       0 of   614 ms (  0.0%): <average total>
[41.767s][info][gc,stats      ] 
[41.767s][info][gc,metaspace  ] Metaspace: 60505K->60505K(1103872K)
[41.767s][info][gc,ergo       ] Pacer for Idle. Initial: 40724K, Alloc Tax Rate: 1.0x
[43.404s][info][gc            ] Trigger: Explicit GC request (System.gc())
[43.405s][info][gc,ergo       ] Free: 597M, Max: 512K regular, 597M humongous, Frag: 0% external, 0% internal; Reserve: 101888K, Max: 512K
[43.405s][info][gc,start      ] GC(29) Concurrent reset
[43.405s][info][gc,task       ] GC(29) Using 1 of 1 workers for concurrent reset
[43.405s][info][gc,ergo       ] GC(29) Pacer for Reset. Non-Taxable: 1988M
[43.405s][info][gc            ] GC(29) Concurrent reset 0.344ms
[43.405s][info][gc,start      ] GC(29) Pause Init Mark (process weakrefs) (unload classes)
[43.405s][info][gc,task       ] GC(29) Using 1 of 1 workers for init marking
[43.410s][info][gc,ergo       ] GC(29) Pacer for Mark. Expected Live: 166M, Free: 597M, Non-Taxable: 61228K, Alloc Tax Rate: 0.3x
[43.410s][info][gc            ] GC(29) Pause Init Mark (process weakrefs) (unload classes) 4.948ms
[43.410s][info][gc,start      ] GC(29) Concurrent marking (process weakrefs) (unload classes)
[43.410s][info][gc,task       ] GC(29) Using 1 of 1 workers for concurrent marking
[43.538s][info][gc            ] GC(29) Concurrent marking (process weakrefs) (unload classes) 128.276ms
[43.539s][info][gc,start      ] GC(29) Concurrent precleaning
[43.539s][info][gc,task       ] GC(29) Using 1 of 1 workers for concurrent preclean
[43.539s][info][gc,ergo       ] GC(29) Pacer for Precleaning. Non-Taxable: 1988M
[43.539s][info][gc            ] GC(29) Concurrent precleaning 0.252ms
[43.539s][info][gc,start      ] GC(29) Pause Final Mark (process weakrefs) (unload classes)
[43.539s][info][gc,task       ] GC(29) Using 1 of 1 workers for final marking
[43.564s][info][gc,stringtable] GC(29) Cleaned string and symbol table, strings: 18526 processed, 0 removed, symbols: 131963 processed, 200 removed
[43.565s][info][gc,ergo       ] GC(29) Collectable Garbage: 1115M (99%), Immediate: 1115M (99%), CSet: 0B (0%)
[43.565s][info][gc            ] GC(29) Pause Final Mark (process weakrefs) (unload classes) 25.684ms
[43.565s][info][gc,start      ] GC(29) Concurrent cleanup
[43.565s][info][gc            ] GC(29) Concurrent cleanup 1289M->173M(1293M) 0.169ms
[43.565s][info][gc,ergo       ] GC(29) Free: 1713M, Max: 512K regular, 597M humongous, Frag: 66% external, 0% internal; Reserve: 101888K, Max: 512K
[43.565s][info][gc,ergo       ] Free: 1713M, Max: 512K regular, 597M humongous, Frag: 66% external, 0% internal; Reserve: 101888K, Max: 512K
[43.565s][info][gc,stats      ] 
[43.565s][info][gc,stats      ] All times are wall-clock times, except per-root-class counters, that are sum over
[43.565s][info][gc,stats      ] all workers. Dividing the <total> over the root stage time estimates parallelism.
[43.565s][info][gc,stats      ] 
[43.565s][info][gc,stats      ] Concurrent Reset                    325 us
[43.565s][info][gc,stats      ] Pause Init Mark (G)                5217 us
[43.565s][info][gc,stats      ] Pause Init Mark (N)                4935 us
[43.565s][info][gc,stats      ]   Accumulate Stats                   16 us
[43.565s][info][gc,stats      ]   Make Parsable                      18 us
[43.565s][info][gc,stats      ]   Update Region States               38 us
[43.565s][info][gc,stats      ]   Scan Roots                       4809 us, parallelism: 0.93x
[43.565s][info][gc,stats      ]     S: <total>                     4490 us
[43.565s][info][gc,stats      ]     S: Thread Roots                4344 us, workers (us): 4344, 
[43.565s][info][gc,stats      ]     S: Universe Roots                 3 us, workers (us):   3, 
[43.565s][info][gc,stats      ]     S: JNI Handles Roots              2 us, workers (us):   2, 
[43.565s][info][gc,stats      ]     S: Synchronizer Roots             0 us, workers (us):   0, 
[43.565s][info][gc,stats      ]     S: Management Roots               2 us, workers (us):   2, 
[43.565s][info][gc,stats      ]     S: System Dict Roots             21 us, workers (us):  21, 
[43.565s][info][gc,stats      ]     S: CLDG Roots                   117 us, workers (us): 117, 
[43.565s][info][gc,stats      ]     S: JVMTI Roots                    1 us, workers (us):   1, 
[43.565s][info][gc,stats      ]   Resize TLABs                       15 us
[43.565s][info][gc,stats      ] Concurrent Marking               128262 us
[43.565s][info][gc,stats      ] Concurrent Precleaning              245 us
[43.565s][info][gc,stats      ] Pause Final Mark (G)              25812 us
[43.565s][info][gc,stats      ] Pause Final Mark (N)              25676 us
[43.565s][info][gc,stats      ]   Finish Queues                      89 us
[43.565s][info][gc,stats      ]   Weak References                    51 us
[43.565s][info][gc,stats      ]     Process                          47 us
[43.565s][info][gc,stats      ]   System Purge                      308 us
[43.565s][info][gc,stats      ]     Unload Classes                  938 us
[43.565s][info][gc,stats      ]     Cleanup                       23972 us, parallelism: 1.00x
[43.565s][info][gc,stats      ]       CU: <total>                 23914 us
[43.565s][info][gc,stats      ]       CU: Code Cache Roots        11476 us, workers (us): 11476, 
[43.565s][info][gc,stats      ]       CU: Code Cache Cleaning      1436 us, workers (us): 1436, 
[43.565s][info][gc,stats      ]       CU: String Table Roots       5482 us, workers (us): 5482, 
[43.565s][info][gc,stats      ]       CU: Resolved Table Roots      129 us, workers (us): 129, 
[43.565s][info][gc,stats      ]       CU: CLDG Roots               5391 us, workers (us): 5391, 
[43.565s][info][gc,stats      ]     Weak Roots                      308 us
[43.565s][info][gc,stats      ]     CLDG                            202 us
[43.565s][info][gc,stats      ]   Update Region States               47 us
[43.565s][info][gc,stats      ]   Retire TLABs                       27 us
[43.565s][info][gc,stats      ]   Choose Collection Set              25 us
[43.565s][info][gc,stats      ]   Rebuild Free Set                   13 us
[43.565s][info][gc,stats      ] Concurrent Cleanup                  162 us
[43.565s][info][gc,stats      ] 
[43.565s][info][gc,stats      ] Allocation pacing accrued:
[43.565s][info][gc,stats      ]       0 of  1798 ms (  0.0%): <total>
[43.565s][info][gc,stats      ]       0 of  1798 ms (  0.0%): <average total>
[43.565s][info][gc,stats      ] 
[43.565s][info][gc,metaspace  ] Metaspace: 60547K->60169K(1103872K)
[43.565s][info][gc,ergo       ] Pacer for Idle. Initial: 40724K, Alloc Tax Rate: 1.0x
[43.565s][info][gc,start      ] Concurrent uncommit
[43.605s][info][gc            ] Concurrent uncommit 173M->173M(175M) 39.923ms
[44.325s][info][gc            ] Trigger: Learning 2 of 5. Free (1391M) is below initial threshold (1391M)
[44.325s][info][gc,ergo       ] Free: 1391M, Max: 512K regular, 597M humongous, Frag: 58% external, 0% internal; Reserve: 101888K, Max: 512K
[44.325s][info][gc,start      ] GC(30) Concurrent reset
[44.325s][info][gc,task       ] GC(30) Using 1 of 1 workers for concurrent reset
[44.325s][info][gc,ergo       ] GC(30) Pacer for Reset. Non-Taxable: 1988M
[44.326s][info][gc            ] GC(30) Concurrent reset 0.336ms
[44.329s][info][gc,start      ] GC(30) Pause Init Mark (process weakrefs)
[44.329s][info][gc,task       ] GC(30) Using 1 of 1 workers for init marking
[44.331s][info][gc,ergo       ] GC(30) Pacer for Mark. Expected Live: 166M, Free: 1391M, Non-Taxable: 139M, Alloc Tax Rate: 0.1x
[44.331s][info][gc            ] GC(30) Pause Init Mark (process weakrefs) 2.088ms
[44.331s][info][gc,start      ] GC(30) Concurrent marking (process weakrefs)
[44.331s][info][gc,task       ] GC(30) Using 1 of 1 workers for concurrent marking
[44.532s][info][gc            ] GC(30) Concurrent marking (process weakrefs) 200.824ms
[44.532s][info][gc,start      ] GC(30) Concurrent precleaning
[44.532s][info][gc,task       ] GC(30) Using 1 of 1 workers for concurrent preclean
[44.532s][info][gc,ergo       ] GC(30) Pacer for Precleaning. Non-Taxable: 1988M
[44.532s][info][gc            ] GC(30) Concurrent precleaning 0.539ms
[44.532s][info][gc,start      ] GC(30) Pause Final Mark (process weakrefs)
[44.532s][info][gc,task       ] GC(30) Using 1 of 1 workers for final marking
[44.533s][info][gc,ergo       ] GC(30) Collectable Garbage: 299M (91%), Immediate: 299M (91%), CSet: 0B (0%)
[44.533s][info][gc            ] GC(30) Pause Final Mark (process weakrefs) 0.417ms
[44.533s][info][gc,start      ] GC(30) Concurrent cleanup
[44.533s][info][gc            ] GC(30) Concurrent cleanup 552M->253M(556M) 0.101ms
[44.533s][info][gc,ergo       ] GC(30) Free: 1634M, Max: 512K regular, 597M humongous, Frag: 64% external, 0% internal; Reserve: 101888K, Max: 512K
[44.533s][info][gc,ergo       ] Free: 1634M, Max: 512K regular, 597M humongous, Frag: 64% external, 0% internal; Reserve: 101888K, Max: 512K
[44.533s][info][gc,stats      ] 
[44.533s][info][gc,stats      ] All times are wall-clock times, except per-root-class counters, that are sum over
[44.533s][info][gc,stats      ] all workers. Dividing the <total> over the root stage time estimates parallelism.
[44.533s][info][gc,stats      ] 
[44.533s][info][gc,stats      ] Concurrent Reset                    325 us
[44.533s][info][gc,stats      ] Pause Init Mark (G)                5180 us
[44.533s][info][gc,stats      ] Pause Init Mark (N)                2054 us
[44.533s][info][gc,stats      ]   Accumulate Stats                   23 us
[44.533s][info][gc,stats      ]   Make Parsable                      21 us
[44.533s][info][gc,stats      ]   Update Region States               79 us
[44.533s][info][gc,stats      ]   Scan Roots                       1876 us, parallelism: 0.85x
[44.533s][info][gc,stats      ]     S: <total>                     1587 us
[44.533s][info][gc,stats      ]     S: Thread Roots                 610 us, workers (us): 610, 
[44.533s][info][gc,stats      ]     S: Universe Roots                 2 us, workers (us):   2, 
[44.533s][info][gc,stats      ]     S: JNI Handles Roots              2 us, workers (us):   2, 
[44.533s][info][gc,stats      ]     S: Synchronizer Roots             0 us, workers (us):   0, 
[44.533s][info][gc,stats      ]     S: Management Roots               2 us, workers (us):   2, 
[44.533s][info][gc,stats      ]     S: System Dict Roots             17 us, workers (us):  17, 
[44.533s][info][gc,stats      ]     S: CLDG Roots                   953 us, workers (us): 953, 
[44.533s][info][gc,stats      ]     S: JVMTI Roots                    1 us, workers (us):   1, 
[44.533s][info][gc,stats      ]   Resize TLABs                       14 us
[44.533s][info][gc,stats      ] Concurrent Marking               200817 us
[44.533s][info][gc,stats      ] Concurrent Precleaning              530 us
[44.533s][info][gc,stats      ] Pause Final Mark (G)                578 us
[44.533s][info][gc,stats      ] Pause Final Mark (N)                408 us
[44.533s][info][gc,stats      ]   Finish Queues                      15 us
[44.533s][info][gc,stats      ]   Weak References                    20 us
[44.533s][info][gc,stats      ]     Process                          18 us
[44.533s][info][gc,stats      ]   System Purge                      278 us
[44.533s][info][gc,stats      ]     Weak Roots                      278 us
[44.533s][info][gc,stats      ]   Update Region States               44 us
[44.533s][info][gc,stats      ]   Retire TLABs                       14 us
[44.533s][info][gc,stats      ]   Choose Collection Set              19 us
[44.533s][info][gc,stats      ]   Rebuild Free Set                   13 us
[44.533s][info][gc,stats      ] Concurrent Cleanup                   87 us
[44.533s][info][gc,stats      ] 
[44.533s][info][gc,stats      ] Allocation pacing accrued:
[44.533s][info][gc,stats      ]       0 of   968 ms (  0.0%): <total>
[44.533s][info][gc,stats      ]       0 of   968 ms (  0.0%): <average total>
[44.533s][info][gc,stats      ] 
[44.533s][info][gc,metaspace  ] Metaspace: 60592K->60592K(1103872K)
[44.533s][info][gc,ergo       ] Pacer for Idle. Initial: 40724K, Alloc Tax Rate: 1.0x
[44.863s][info][gc            ] Trigger: Learning 3 of 5. Free (1390M) is below initial threshold (1391M)
[44.863s][info][gc,ergo       ] Free: 1391M, Max: 512K regular, 597M humongous, Frag: 58% external, 0% internal; Reserve: 101888K, Max: 512K
[44.863s][info][gc,start      ] GC(31) Concurrent reset
[44.863s][info][gc,task       ] GC(31) Using 1 of 1 workers for concurrent reset
[44.863s][info][gc,ergo       ] GC(31) Pacer for Reset. Non-Taxable: 1988M
[44.863s][info][gc            ] GC(31) Concurrent reset 0.325ms
[44.866s][info][gc,start      ] GC(31) Pause Init Mark
[44.866s][info][gc,task       ] GC(31) Using 1 of 1 workers for init marking
[44.867s][info][gc,ergo       ] GC(31) Pacer for Mark. Expected Live: 166M, Free: 1391M, Non-Taxable: 139M, Alloc Tax Rate: 0.1x
[44.867s][info][gc            ] GC(31) Pause Init Mark 1.371ms
[44.867s][info][gc,start      ] GC(31) Concurrent marking
[44.867s][info][gc,task       ] GC(31) Using 1 of 1 workers for concurrent marking
[45.086s][info][gc            ] GC(31) Concurrent marking 218.373ms
[45.086s][info][gc,start      ] GC(31) Pause Final Mark
[45.086s][info][gc,task       ] GC(31) Using 1 of 1 workers for final marking
[45.086s][info][gc,ergo       ] GC(31) Adaptive CSet Selection. Target Free: 281M, Actual Free: 1718M, Max CSet: 84823K, Min Garbage: 0B
[45.086s][info][gc,ergo       ] GC(31) Collectable Garbage: 326M (99%), Immediate: 298M (90%), CSet: 29038K (8%)
[45.089s][info][gc,ergo       ] GC(31) Pacer for Evacuation. Used CSet: 30715K, Free: 1619M, Non-Taxable: 161M, Alloc Tax Rate: 1.1x
[45.089s][info][gc            ] GC(31) Pause Final Mark 3.175ms
[45.089s][info][gc,start      ] GC(31) Concurrent cleanup
[45.089s][info][gc            ] GC(31) Concurrent cleanup 567M->268M(569M) 0.109ms
[45.089s][info][gc,ergo       ] GC(31) Free: 1619M, Max: 512K regular, 597M humongous, Frag: 64% external, 0% internal; Reserve: 101376K, Max: 512K
[45.089s][info][gc,start      ] GC(31) Concurrent evacuation
[45.089s][info][gc,task       ] GC(31) Using 1 of 1 workers for concurrent evacuation
[45.096s][info][gc            ] GC(31) Concurrent evacuation 7.198ms
[45.100s][info][gc,start      ] GC(31) Pause Init Update Refs
[45.100s][info][gc,ergo       ] GC(31) Pacer for Update Refs. Used: 274M, Free: 1614M, Non-Taxable: 161M, Alloc Tax Rate: 1.1x
[45.100s][info][gc            ] GC(31) Pause Init Update Refs 0.041ms
[45.100s][info][gc,start      ] GC(31) Concurrent update references
[45.100s][info][gc,task       ] GC(31) Using 1 of 1 workers for concurrent reference update
[45.395s][info][gc            ] GC(31) Concurrent update references 295.305ms
[45.398s][info][gc,start      ] GC(31) Pause Final Update Refs
[45.398s][info][gc,task       ] GC(31) Using 1 of 1 workers for final reference update
[45.398s][info][gc            ] GC(31) Pause Final Update Refs 0.497ms
[45.398s][info][gc,start      ] GC(31) Concurrent cleanup
[45.399s][info][gc            ] GC(31) Concurrent cleanup 364M->334M(570M) 0.073ms
[45.399s][info][gc,ergo       ] Free: 1552M, Max: 512K regular, 597M humongous, Frag: 62% external, 0% internal; Reserve: 101888K, Max: 512K
[45.399s][info][gc,stats      ] 
[45.399s][info][gc,stats      ] All times are wall-clock times, except per-root-class counters, that are sum over
[45.399s][info][gc,stats      ] all workers. Dividing the <total> over the root stage time estimates parallelism.
[45.399s][info][gc,stats      ] 
[45.399s][info][gc,stats      ] Concurrent Reset                    317 us
[45.399s][info][gc,stats      ] Pause Init Mark (G)                4380 us
[45.399s][info][gc,stats      ] Pause Init Mark (N)                1350 us
[45.399s][info][gc,stats      ]   Accumulate Stats                   18 us
[45.399s][info][gc,stats      ]   Make Parsable                      13 us
[45.399s][info][gc,stats      ]   Update Region States               40 us
[45.399s][info][gc,stats      ]   Scan Roots                       1246 us, parallelism: 0.82x
[45.399s][info][gc,stats      ]     S: <total>                     1024 us
[45.399s][info][gc,stats      ]     S: Thread Roots                 465 us, workers (us): 465, 
[45.399s][info][gc,stats      ]     S: Universe Roots                 2 us, workers (us):   2, 
[45.399s][info][gc,stats      ]     S: JNI Handles Roots              2 us, workers (us):   2, 
[45.399s][info][gc,stats      ]     S: Synchronizer Roots             0 us, workers (us):   0, 
[45.399s][info][gc,stats      ]     S: Management Roots               2 us, workers (us):   2, 
[45.399s][info][gc,stats      ]     S: System Dict Roots             12 us, workers (us):  12, 
[45.399s][info][gc,stats      ]     S: CLDG Roots                   542 us, workers (us): 542, 
[45.399s][info][gc,stats      ]     S: JVMTI Roots                    0 us, workers (us):   0, 
[45.399s][info][gc,stats      ]   Resize TLABs                       12 us
[45.399s][info][gc,stats      ] Concurrent Marking               218366 us
[45.399s][info][gc,stats      ] Pause Final Mark (G)               3306 us
[45.399s][info][gc,stats      ] Pause Final Mark (N)               3156 us
[45.399s][info][gc,stats      ]   Finish Queues                      14 us
[45.399s][info][gc,stats      ]   System Purge                      240 us
[45.399s][info][gc,stats      ]     Weak Roots                      239 us
[45.399s][info][gc,stats      ]   Update Region States               41 us
[45.399s][info][gc,stats      ]   Retire TLABs                       50 us
[45.399s][info][gc,stats      ]   Choose Collection Set              72 us
[45.399s][info][gc,stats      ]   Rebuild Free Set                   13 us
[45.399s][info][gc,stats      ]   Initial Evacuation               2716 us, parallelism: 0.65x
[45.399s][info][gc,stats      ]     E: <total>                     1764 us
[45.399s][info][gc,stats      ]     E: Thread Roots                 494 us, workers (us): 494, 
[45.399s][info][gc,stats      ]     E: Code Cache Roots             603 us, workers (us): 603, 
[45.399s][info][gc,stats      ]     E: Universe Roots                 1 us, workers (us):   1, 
[45.399s][info][gc,stats      ]     E: JNI Handles Roots              1 us, workers (us):   1, 
[45.399s][info][gc,stats      ]     E: Synchronizer Roots             0 us, workers (us):   0, 
[45.399s][info][gc,stats      ]     E: Management Roots               1 us, workers (us):   1, 
[45.399s][info][gc,stats      ]     E: System Dict Roots             33 us, workers (us):  33, 
[45.399s][info][gc,stats      ]     E: CLDG Roots                   630 us, workers (us): 630, 
[45.399s][info][gc,stats      ]     E: JVMTI Roots                    1 us, workers (us):   1, 
[45.399s][info][gc,stats      ] Concurrent Cleanup                  101 us
[45.399s][info][gc,stats      ] Concurrent Evacuation              7188 us
[45.399s][info][gc,stats      ] Pause Init  Update Refs (G)        3171 us
[45.399s][info][gc,stats      ] Pause Init  Update Refs (N)          14 us
[45.399s][info][gc,stats      ]   Retire GCLABs                       7 us
[45.399s][info][gc,stats      ] Concurrent Update Refs           295294 us
[45.399s][info][gc,stats      ] Pause Final Update Refs (G)        3436 us
[45.399s][info][gc,stats      ] Pause Final Update Refs (N)         479 us
[45.399s][info][gc,stats      ]   Update Roots                      413 us, parallelism: 0.98x
[45.399s][info][gc,stats      ]     UR: <total>                     406 us
[45.399s][info][gc,stats      ]     UR: Thread Roots                406 us, workers (us): 406, 
[45.399s][info][gc,stats      ]   Update Region States               42 us
[45.399s][info][gc,stats      ]   Trash Collection Set                3 us
[45.399s][info][gc,stats      ]   Rebuild Free Set                   14 us
[45.399s][info][gc,stats      ] Concurrent Cleanup                   67 us
[45.399s][info][gc,stats      ] 
[45.399s][info][gc,stats      ] Allocation pacing accrued:
[45.399s][info][gc,stats      ]       0 of   866 ms (  0.0%): <total>
[45.399s][info][gc,stats      ]       0 of   866 ms (  0.0%): <average total>
[45.399s][info][gc,stats      ] 
[45.399s][info][gc,metaspace  ] Metaspace: 60595K->60595K(1103872K)
[45.399s][info][gc,ergo       ] Pacer for Idle. Initial: 40724K, Alloc Tax Rate: 1.0x
[45.616s][info][gc            ] Trigger: Learning 4 of 5. Free (1390M) is below initial threshold (1391M)
[45.616s][info][gc,ergo       ] Free: 1391M, Max: 512K regular, 597M humongous, Frag: 58% external, 0% internal; Reserve: 101888K, Max: 512K
[45.616s][info][gc,start      ] GC(32) Concurrent reset
[45.616s][info][gc,task       ] GC(32) Using 1 of 1 workers for concurrent reset
[45.616s][info][gc,ergo       ] GC(32) Pacer for Reset. Non-Taxable: 1988M
[45.616s][info][gc            ] GC(32) Concurrent reset 0.326ms
[45.619s][info][gc,start      ] GC(32) Pause Init Mark
[45.619s][info][gc,task       ] GC(32) Using 1 of 1 workers for init marking
[45.621s][info][gc,ergo       ] GC(32) Pacer for Mark. Expected Live: 166M, Free: 1391M, Non-Taxable: 139M, Alloc Tax Rate: 0.1x
[45.621s][info][gc            ] GC(32) Pause Init Mark 1.411ms
[45.621s][info][gc,start      ] GC(32) Concurrent marking
[45.621s][info][gc,task       ] GC(32) Using 1 of 1 workers for concurrent marking
[45.828s][info][gc            ] GC(32) Concurrent marking 207.054ms
[45.828s][info][gc,start      ] GC(32) Pause Final Mark
[45.828s][info][gc,task       ] GC(32) Using 1 of 1 workers for final marking
[45.828s][info][gc,ergo       ] GC(32) Collectable Garbage: 325M (98%), Immediate: 325M (98%), CSet: 0B (0%)
[45.828s][info][gc            ] GC(32) Pause Final Mark 0.441ms
[45.829s][info][gc,start      ] GC(32) Concurrent cleanup
[45.829s][info][gc            ] GC(32) Concurrent cleanup 570M->245M(578M) 0.094ms
[45.829s][info][gc,ergo       ] GC(32) Free: 1642M, Max: 512K regular, 597M humongous, Frag: 64% external, 0% internal; Reserve: 101888K, Max: 512K
[45.829s][info][gc,ergo       ] Free: 1642M, Max: 512K regular, 597M humongous, Frag: 64% external, 0% internal; Reserve: 101888K, Max: 512K
[45.829s][info][gc,stats      ] 
[45.829s][info][gc,stats      ] All times are wall-clock times, except per-root-class counters, that are sum over
[45.829s][info][gc,stats      ] all workers. Dividing the <total> over the root stage time estimates parallelism.
[45.829s][info][gc,stats      ] 
[45.829s][info][gc,stats      ] Concurrent Reset                    318 us
[45.829s][info][gc,stats      ] Pause Init Mark (G)                4401 us
[45.829s][info][gc,stats      ] Pause Init Mark (N)                1393 us
[45.829s][info][gc,stats      ]   Accumulate Stats                   18 us
[45.829s][info][gc,stats      ]   Make Parsable                      11 us
[45.829s][info][gc,stats      ]   Update Region States               37 us
[45.829s][info][gc,stats      ]   Scan Roots                       1284 us, parallelism: 0.82x
[45.829s][info][gc,stats      ]     S: <total>                     1056 us
[45.829s][info][gc,stats      ]     S: Thread Roots                 455 us, workers (us): 455, 
[45.829s][info][gc,stats      ]     S: Universe Roots                 2 us, workers (us):   2, 
[45.829s][info][gc,stats      ]     S: JNI Handles Roots              2 us, workers (us):   2, 
[45.829s][info][gc,stats      ]     S: Synchronizer Roots             0 us, workers (us):   0, 
[45.829s][info][gc,stats      ]     S: Management Roots               2 us, workers (us):   2, 
[45.829s][info][gc,stats      ]     S: System Dict Roots             21 us, workers (us):  21, 
[45.829s][info][gc,stats      ]     S: CLDG Roots                   573 us, workers (us): 573, 
[45.829s][info][gc,stats      ]     S: JVMTI Roots                    0 us, workers (us):   0, 
[45.829s][info][gc,stats      ]   Resize TLABs                       13 us
[45.829s][info][gc,stats      ] Concurrent Marking               207034 us
[45.829s][info][gc,stats      ] Pause Final Mark (G)                569 us
[45.829s][info][gc,stats      ] Pause Final Mark (N)                423 us
[45.829s][info][gc,stats      ]   Finish Queues                      16 us
[45.829s][info][gc,stats      ]   System Purge                      260 us
[45.829s][info][gc,stats      ]     Weak Roots                      260 us
[45.829s][info][gc,stats      ]   Update Region States               68 us
[45.829s][info][gc,stats      ]   Retire TLABs                       19 us
[45.829s][info][gc,stats      ]   Choose Collection Set              30 us
[45.829s][info][gc,stats      ]   Rebuild Free Set                   19 us
[45.829s][info][gc,stats      ] Concurrent Cleanup                   89 us
[45.829s][info][gc,stats      ] 
[45.829s][info][gc,stats      ] Allocation pacing accrued:
[45.829s][info][gc,stats      ]       0 of   430 ms (  0.0%): <total>
[45.829s][info][gc,stats      ]       0 of   430 ms (  0.0%): <average total>
[45.829s][info][gc,stats      ] 
[45.829s][info][gc,metaspace  ] Metaspace: 60595K->60595K(1103872K)
[45.829s][info][gc,ergo       ] Pacer for Idle. Initial: 40724K, Alloc Tax Rate: 1.0x
[46.198s][info][gc            ] Trigger: Learning 5 of 5. Free (1391M) is below initial threshold (1391M)
[46.198s][info][gc,ergo       ] Free: 1391M, Max: 512K regular, 597M humongous, Frag: 58% external, 0% internal; Reserve: 101888K, Max: 512K
[46.198s][info][gc,start      ] GC(33) Concurrent reset
[46.198s][info][gc,task       ] GC(33) Using 1 of 1 workers for concurrent reset
[46.198s][info][gc,ergo       ] GC(33) Pacer for Reset. Non-Taxable: 1988M
[46.198s][info][gc            ] GC(33) Concurrent reset 0.281ms
[46.201s][info][gc,start      ] GC(33) Pause Init Mark
[46.201s][info][gc,task       ] GC(33) Using 1 of 1 workers for init marking
[46.203s][info][gc,ergo       ] GC(33) Pacer for Mark. Expected Live: 166M, Free: 1391M, Non-Taxable: 139M, Alloc Tax Rate: 0.1x
[46.203s][info][gc            ] GC(33) Pause Init Mark 1.347ms
[46.203s][info][gc,start      ] GC(33) Concurrent marking
[46.203s][info][gc,task       ] GC(33) Using 1 of 1 workers for concurrent marking
[46.416s][info][gc            ] GC(33) Concurrent marking 213.738ms
[46.416s][info][gc,start      ] GC(33) Pause Final Mark
[46.416s][info][gc,task       ] GC(33) Using 1 of 1 workers for final marking
[46.417s][info][gc,ergo       ] GC(33) Collectable Garbage: 324M (98%), Immediate: 324M (98%), CSet: 0B (0%)
[46.417s][info][gc            ] GC(33) Pause Final Mark 0.408ms
[46.417s][info][gc,start      ] GC(33) Concurrent cleanup
[46.417s][info][gc            ] GC(33) Concurrent cleanup 566M->241M(578M) 0.093ms
[46.417s][info][gc,ergo       ] GC(33) Free: 1645M, Max: 512K regular, 597M humongous, Frag: 64% external, 0% internal; Reserve: 101888K, Max: 512K
[46.417s][info][gc,ergo       ] Free: 1645M, Max: 512K regular, 597M humongous, Frag: 64% external, 0% internal; Reserve: 101888K, Max: 512K
[46.417s][info][gc,stats      ] 
[46.417s][info][gc,stats      ] All times are wall-clock times, except per-root-class counters, that are sum over
[46.417s][info][gc,stats      ] all workers. Dividing the <total> over the root stage time estimates parallelism.
[46.417s][info][gc,stats      ] 
[46.417s][info][gc,stats      ] Concurrent Reset                    273 us
[46.417s][info][gc,stats      ] Pause Init Mark (G)                4395 us
[46.417s][info][gc,stats      ] Pause Init Mark (N)                1325 us
[46.417s][info][gc,stats      ]   Accumulate Stats                   18 us
[46.417s][info][gc,stats      ]   Make Parsable                      11 us
[46.417s][info][gc,stats      ]   Update Region States               38 us
[46.417s][info][gc,stats      ]   Scan Roots                       1215 us, parallelism: 0.81x
[46.417s][info][gc,stats      ]     S: <total>                      989 us
[46.417s][info][gc,stats      ]     S: Thread Roots                 442 us, workers (us): 442, 
[46.417s][info][gc,stats      ]     S: Universe Roots                 2 us, workers (us):   2, 
[46.417s][info][gc,stats      ]     S: JNI Handles Roots              1 us, workers (us):   1, 
[46.417s][info][gc,stats      ]     S: Synchronizer Roots             0 us, workers (us):   0, 
[46.417s][info][gc,stats      ]     S: Management Roots               1 us, workers (us):   1, 
[46.417s][info][gc,stats      ]     S: System Dict Roots             12 us, workers (us):  12, 
[46.417s][info][gc,stats      ]     S: CLDG Roots                   529 us, workers (us): 529, 
[46.417s][info][gc,stats      ]     S: JVMTI Roots                    0 us, workers (us):   0, 
[46.417s][info][gc,stats      ]   Resize TLABs                       11 us
[46.417s][info][gc,stats      ] Concurrent Marking               213730 us
[46.417s][info][gc,stats      ] Pause Final Mark (G)                533 us
[46.417s][info][gc,stats      ] Pause Final Mark (N)                397 us
[46.417s][info][gc,stats      ]   Finish Queues                      18 us
[46.417s][info][gc,stats      ]   System Purge                      276 us
[46.417s][info][gc,stats      ]     Weak Roots                      276 us
[46.417s][info][gc,stats      ]   Update Region States               43 us
[46.417s][info][gc,stats      ]   Retire TLABs                       19 us
[46.417s][info][gc,stats      ]   Choose Collection Set              20 us
[46.417s][info][gc,stats      ]   Rebuild Free Set                   14 us
[46.417s][info][gc,stats      ] Concurrent Cleanup                   88 us
[46.417s][info][gc,stats      ] 
[46.417s][info][gc,stats      ] Allocation pacing accrued:
[46.417s][info][gc,stats      ]       0 of   588 ms (  0.0%): <total>
[46.417s][info][gc,stats      ]       0 of   588 ms (  0.0%): <average total>
[46.417s][info][gc,stats      ] 
[46.417s][info][gc,metaspace  ] Metaspace: 60595K->60595K(1103872K)
[46.417s][info][gc,ergo       ] Pacer for Idle. Initial: 40724K, Alloc Tax Rate: 1.0x
[48.042s][info][gc            ] Trigger: Explicit GC request (System.gc())
[48.042s][info][gc,ergo       ] Free: 600M, Max: 512K regular, 597M humongous, Frag: 1% external, 0% internal; Reserve: 101888K, Max: 512K
[48.042s][info][gc,start      ] GC(34) Concurrent reset
[48.042s][info][gc,task       ] GC(34) Using 1 of 1 workers for concurrent reset
[48.042s][info][gc,ergo       ] GC(34) Pacer for Reset. Non-Taxable: 1988M
[48.042s][info][gc            ] GC(34) Concurrent reset 0.330ms
[48.042s][info][gc,start      ] GC(34) Pause Init Mark (process weakrefs) (unload classes)
[48.042s][info][gc,task       ] GC(34) Using 1 of 1 workers for init marking
[48.043s][info][gc,ergo       ] GC(34) Pacer for Mark. Expected Live: 166M, Free: 600M, Non-Taxable: 61477K, Alloc Tax Rate: 0.3x
[48.043s][info][gc            ] GC(34) Pause Init Mark (process weakrefs) (unload classes) 0.966ms
[48.043s][info][gc,start      ] GC(34) Concurrent marking (process weakrefs) (unload classes)
[48.043s][info][gc,task       ] GC(34) Using 1 of 1 workers for concurrent marking
[48.166s][info][gc            ] GC(34) Concurrent marking (process weakrefs) (unload classes) 122.599ms
[48.166s][info][gc,start      ] GC(34) Concurrent precleaning
[48.166s][info][gc,task       ] GC(34) Using 1 of 1 workers for concurrent preclean
[48.166s][info][gc,ergo       ] GC(34) Pacer for Precleaning. Non-Taxable: 1988M
[48.166s][info][gc            ] GC(34) Concurrent precleaning 0.239ms
[48.166s][info][gc,start      ] GC(34) Pause Final Mark (process weakrefs) (unload classes)
[48.166s][info][gc,task       ] GC(34) Using 1 of 1 workers for final marking
[48.188s][info][gc,stringtable] GC(34) Cleaned string and symbol table, strings: 18539 processed, 0 removed, symbols: 131965 processed, 200 removed
[48.188s][info][gc,ergo       ] GC(34) Collectable Garbage: 1115M (99%), Immediate: 1115M (99%), CSet: 0B (0%)
[48.189s][info][gc            ] GC(34) Pause Final Mark (process weakrefs) (unload classes) 22.244ms
[48.189s][info][gc,start      ] GC(34) Concurrent cleanup
[48.189s][info][gc            ] GC(34) Concurrent cleanup 1286M->171M(1292M) 0.159ms
[48.189s][info][gc,ergo       ] GC(34) Free: 1715M, Max: 512K regular, 640M humongous, Frag: 63% external, 0% internal; Reserve: 101888K, Max: 512K
[48.189s][info][gc,ergo       ] Free: 1715M, Max: 512K regular, 640M humongous, Frag: 63% external, 0% internal; Reserve: 101888K, Max: 512K
[48.189s][info][gc,stats      ] 
[48.189s][info][gc,stats      ] All times are wall-clock times, except per-root-class counters, that are sum over
[48.189s][info][gc,stats      ] all workers. Dividing the <total> over the root stage time estimates parallelism.
[48.189s][info][gc,stats      ] 
[48.189s][info][gc,stats      ] Concurrent Reset                    313 us
[48.189s][info][gc,stats      ] Pause Init Mark (G)                1249 us
[48.189s][info][gc,stats      ] Pause Init Mark (N)                 955 us
[48.189s][info][gc,stats      ]   Accumulate Stats                   18 us
[48.189s][info][gc,stats      ]   Make Parsable                      13 us
[48.189s][info][gc,stats      ]   Update Region States               37 us
[48.189s][info][gc,stats      ]   Scan Roots                        847 us, parallelism: 0.64x
[48.189s][info][gc,stats      ]     S: <total>                      541 us
[48.189s][info][gc,stats      ]     S: Thread Roots                 420 us, workers (us): 420, 
[48.189s][info][gc,stats      ]     S: Universe Roots                 2 us, workers (us):   2, 
[48.189s][info][gc,stats      ]     S: JNI Handles Roots              1 us, workers (us):   1, 
[48.189s][info][gc,stats      ]     S: Synchronizer Roots             0 us, workers (us):   0, 
[48.189s][info][gc,stats      ]     S: Management Roots               2 us, workers (us):   2, 
[48.189s][info][gc,stats      ]     S: System Dict Roots             14 us, workers (us):  14, 
[48.189s][info][gc,stats      ]     S: CLDG Roots                   101 us, workers (us): 101, 
[48.189s][info][gc,stats      ]     S: JVMTI Roots                    1 us, workers (us):   1, 
[48.189s][info][gc,stats      ]   Resize TLABs                       10 us
[48.189s][info][gc,stats      ] Concurrent Marking               122592 us
[48.189s][info][gc,stats      ] Concurrent Precleaning              232 us
[48.189s][info][gc,stats      ] Pause Final Mark (G)              22411 us
[48.189s][info][gc,stats      ] Pause Final Mark (N)              22237 us
[48.189s][info][gc,stats      ]   Finish Queues                      99 us
[48.189s][info][gc,stats      ]   Weak References                    47 us
[48.189s][info][gc,stats      ]     Process                          45 us
[48.189s][info][gc,stats      ]   System Purge                      289 us
[48.189s][info][gc,stats      ]     Unload Classes                 1040 us
[48.189s][info][gc,stats      ]     Cleanup                       20433 us, parallelism: 1.00x
[48.189s][info][gc,stats      ]       CU: <total>                 20362 us
[48.189s][info][gc,stats      ]       CU: Code Cache Roots         7766 us, workers (us): 7766, 
[48.189s][info][gc,stats      ]       CU: Code Cache Cleaning      1467 us, workers (us): 1467, 
[48.189s][info][gc,stats      ]       CU: String Table Roots       5544 us, workers (us): 5544, 
[48.189s][info][gc,stats      ]       CU: Resolved Table Roots      128 us, workers (us): 128, 
[48.189s][info][gc,stats      ]       CU: CLDG Roots               5457 us, workers (us): 5457, 
[48.189s][info][gc,stats      ]     Weak Roots                      289 us
[48.189s][info][gc,stats      ]     CLDG                            208 us
[48.189s][info][gc,stats      ]   Update Region States               47 us
[48.189s][info][gc,stats      ]   Retire TLABs                       30 us
[48.189s][info][gc,stats      ]   Choose Collection Set              24 us
[48.189s][info][gc,stats      ]   Rebuild Free Set                   13 us
[48.189s][info][gc,stats      ] Concurrent Cleanup                  152 us
[48.189s][info][gc,stats      ] 
[48.189s][info][gc,stats      ] Allocation pacing accrued:
[48.189s][info][gc,stats      ]       0 of  1772 ms (  0.0%): <total>
[48.189s][info][gc,stats      ]       0 of  1772 ms (  0.0%): <average total>
[48.189s][info][gc,stats      ] 
[48.189s][info][gc,metaspace  ] Metaspace: 60628K->60250K(1103872K)
[48.189s][info][gc,ergo       ] Pacer for Idle. Initial: 40724K, Alloc Tax Rate: 1.0x
[48.189s][info][gc,start      ] Concurrent uncommit
[48.229s][info][gc            ] Concurrent uncommit 171M->171M(174M) 40.256ms
[48.927s][info][gc            ] Trigger: Learning 2 of 5. Free (1390M) is below initial threshold (1391M)
[48.927s][info][gc,ergo       ] Free: 1391M, Max: 512K regular, 597M humongous, Frag: 58% external, 0% internal; Reserve: 101888K, Max: 512K
[48.927s][info][gc,start      ] GC(35) Concurrent reset
[48.927s][info][gc,task       ] GC(35) Using 1 of 1 workers for concurrent reset
[48.927s][info][gc,ergo       ] GC(35) Pacer for Reset. Non-Taxable: 1988M
[48.927s][info][gc            ] GC(35) Concurrent reset 0.312ms
[48.930s][info][gc,start      ] GC(35) Pause Init Mark (process weakrefs)
[48.930s][info][gc,task       ] GC(35) Using 1 of 1 workers for init marking
[48.932s][info][gc,ergo       ] GC(35) Pacer for Mark. Expected Live: 167M, Free: 1391M, Non-Taxable: 139M, Alloc Tax Rate: 0.1x
[48.932s][info][gc            ] GC(35) Pause Init Mark (process weakrefs) 1.539ms
[48.932s][info][gc,start      ] GC(35) Concurrent marking (process weakrefs)
[48.932s][info][gc,task       ] GC(35) Using 1 of 1 workers for concurrent marking
[49.133s][info][gc            ] GC(35) Concurrent marking (process weakrefs) 201.172ms
[49.133s][info][gc,start      ] GC(35) Concurrent precleaning
[49.133s][info][gc,task       ] GC(35) Using 1 of 1 workers for concurrent preclean
[49.133s][info][gc,ergo       ] GC(35) Pacer for Precleaning. Non-Taxable: 1988M
[49.134s][info][gc            ] GC(35) Concurrent precleaning 0.550ms
[49.134s][info][gc,start      ] GC(35) Pause Final Mark (process weakrefs)
[49.134s][info][gc,task       ] GC(35) Using 1 of 1 workers for final marking
[49.134s][info][gc,ergo       ] GC(35) Collectable Garbage: 302M (92%), Immediate: 302M (92%), CSet: 0B (0%)
[49.134s][info][gc            ] GC(35) Pause Final Mark (process weakrefs) 0.419ms
[49.134s][info][gc,start      ] GC(35) Concurrent cleanup
[49.134s][info][gc            ] GC(35) Concurrent cleanup 555M->253M(560M) 0.094ms
[49.134s][info][gc,ergo       ] GC(35) Free: 1634M, Max: 512K regular, 597M humongous, Frag: 64% external, 0% internal; Reserve: 101888K, Max: 512K
[49.135s][info][gc,ergo       ] Free: 1634M, Max: 512K regular, 597M humongous, Frag: 64% external, 0% internal; Reserve: 101888K, Max: 512K
[49.135s][info][gc,stats      ] 
[49.135s][info][gc,stats      ] All times are wall-clock times, except per-root-class counters, that are sum over
[49.135s][info][gc,stats      ] all workers. Dividing the <total> over the root stage time estimates parallelism.
[49.135s][info][gc,stats      ] 
[49.135s][info][gc,stats      ] Concurrent Reset                    302 us
[49.135s][info][gc,stats      ] Pause Init Mark (G)                4709 us
[49.135s][info][gc,stats      ] Pause Init Mark (N)                1509 us
[49.135s][info][gc,stats      ]   Accumulate Stats                   20 us
[49.135s][info][gc,stats      ]   Make Parsable                      17 us
[49.135s][info][gc,stats      ]   Update Region States               39 us
[49.135s][info][gc,stats      ]   Scan Roots                       1379 us, parallelism: 0.83x
[49.135s][info][gc,stats      ]     S: <total>                     1138 us
[49.135s][info][gc,stats      ]     S: Thread Roots                 557 us, workers (us): 557, 
[49.135s][info][gc,stats      ]     S: Universe Roots                 2 us, workers (us):   2, 
[49.135s][info][gc,stats      ]     S: JNI Handles Roots              1 us, workers (us):   1, 
[49.135s][info][gc,stats      ]     S: Synchronizer Roots             0 us, workers (us):   0, 
[49.135s][info][gc,stats      ]     S: Management Roots               1 us, workers (us):   1, 
[49.135s][info][gc,stats      ]     S: System Dict Roots             12 us, workers (us):  12, 
[49.135s][info][gc,stats      ]     S: CLDG Roots                   564 us, workers (us): 564, 
[49.135s][info][gc,stats      ]     S: JVMTI Roots                    0 us, workers (us):   0, 
[49.135s][info][gc,stats      ]   Resize TLABs                       18 us
[49.135s][info][gc,stats      ] Concurrent Marking               201165 us
[49.135s][info][gc,stats      ] Concurrent Precleaning              540 us
[49.135s][info][gc,stats      ] Pause Final Mark (G)                570 us
[49.135s][info][gc,stats      ] Pause Final Mark (N)                402 us
[49.135s][info][gc,stats      ]   Finish Queues                      18 us
[49.135s][info][gc,stats      ]   Weak References                    20 us
[49.135s][info][gc,stats      ]     Process                          18 us
[49.135s][info][gc,stats      ]   System Purge                      270 us
[49.135s][info][gc,stats      ]     Weak Roots                      270 us
[49.135s][info][gc,stats      ]   Update Region States               42 us
[49.135s][info][gc,stats      ]   Retire TLABs                       17 us
[49.135s][info][gc,stats      ]   Choose Collection Set              17 us
[49.135s][info][gc,stats      ]   Rebuild Free Set                   14 us
[49.135s][info][gc,stats      ] Concurrent Cleanup                   89 us
[49.135s][info][gc,stats      ] 
[49.135s][info][gc,stats      ] Allocation pacing accrued:
[49.135s][info][gc,stats      ]       0 of   946 ms (  0.0%): <total>
[49.135s][info][gc,stats      ]       0 of   946 ms (  0.0%): <average total>
[49.135s][info][gc,stats      ] 
[49.135s][info][gc,metaspace  ] Metaspace: 60679K->60679K(1103872K)
[49.135s][info][gc,ergo       ] Pacer for Idle. Initial: 40724K, Alloc Tax Rate: 1.0x
[49.547s][info][gc            ] Trigger: Learning 3 of 5. Free (1390M) is below initial threshold (1391M)
[49.547s][info][gc,ergo       ] Free: 1391M, Max: 512K regular, 597M humongous, Frag: 58% external, 0% internal; Reserve: 101888K, Max: 512K
[49.547s][info][gc,start      ] GC(36) Concurrent reset
[49.547s][info][gc,task       ] GC(36) Using 1 of 1 workers for concurrent reset
[49.547s][info][gc,ergo       ] GC(36) Pacer for Reset. Non-Taxable: 1988M
[49.548s][info][gc            ] GC(36) Concurrent reset 0.703ms
[49.551s][info][gc,start      ] GC(36) Pause Init Mark
[49.551s][info][gc,task       ] GC(36) Using 1 of 1 workers for init marking
[49.553s][info][gc,ergo       ] GC(36) Pacer for Mark. Expected Live: 167M, Free: 1391M, Non-Taxable: 139M, Alloc Tax Rate: 0.1x
[49.553s][info][gc            ] GC(36) Pause Init Mark 2.281ms
[49.553s][info][gc,start      ] GC(36) Concurrent marking
[49.553s][info][gc,task       ] GC(36) Using 1 of 1 workers for concurrent marking
[49.780s][info][gc            ] GC(36) Concurrent marking 226.720ms
[49.780s][info][gc,start      ] GC(36) Pause Final Mark
[49.780s][info][gc,task       ] GC(36) Using 1 of 1 workers for final marking
[49.780s][info][gc,ergo       ] GC(36) Collectable Garbage: 301M (91%), Immediate: 301M (91%), CSet: 0B (0%)
[49.780s][info][gc            ] GC(36) Pause Final Mark 0.493ms
[49.780s][info][gc,start      ] GC(36) Concurrent cleanup
[49.780s][info][gc            ] GC(36) Concurrent cleanup 555M->254M(560M) 0.096ms
[49.780s][info][gc,ergo       ] GC(36) Free: 1633M, Max: 512K regular, 597M humongous, Frag: 64% external, 0% internal; Reserve: 101888K, Max: 512K
[49.780s][info][gc,ergo       ] Free: 1633M, Max: 512K regular, 597M humongous, Frag: 64% external, 0% internal; Reserve: 101888K, Max: 512K
[49.780s][info][gc,stats      ] 
[49.780s][info][gc,stats      ] All times are wall-clock times, except per-root-class counters, that are sum over
[49.780s][info][gc,stats      ] all workers. Dividing the <total> over the root stage time estimates parallelism.
[49.780s][info][gc,stats      ] 
[49.780s][info][gc,stats      ] Concurrent Reset                    681 us
[49.780s][info][gc,stats      ] Pause Init Mark (G)                4791 us
[49.780s][info][gc,stats      ] Pause Init Mark (N)                2185 us
[49.780s][info][gc,stats      ]   Accumulate Stats                   40 us
[49.781s][info][gc,stats      ]   Make Parsable                      24 us
[49.781s][info][gc,stats      ]   Update Region States               98 us
[49.781s][info][gc,stats      ]   Scan Roots                       1913 us, parallelism: 0.84x
[49.781s][info][gc,stats      ]     S: <total>                     1607 us
[49.781s][info][gc,stats      ]     S: Thread Roots                 750 us, workers (us): 750, 
[49.781s][info][gc,stats      ]     S: Universe Roots                 3 us, workers (us):   3, 
[49.781s][info][gc,stats      ]     S: JNI Handles Roots              2 us, workers (us):   2, 
[49.781s][info][gc,stats      ]     S: Synchronizer Roots             0 us, workers (us):   0, 
[49.781s][info][gc,stats      ]     S: Management Roots               2 us, workers (us):   2, 
[49.781s][info][gc,stats      ]     S: System Dict Roots             13 us, workers (us):  13, 
[49.781s][info][gc,stats      ]     S: CLDG Roots                   837 us, workers (us): 837, 
[49.781s][info][gc,stats      ]     S: JVMTI Roots                    1 us, workers (us):   1, 
[49.781s][info][gc,stats      ]   Resize TLABs                       31 us
[49.781s][info][gc,stats      ] Concurrent Marking               226709 us
[49.781s][info][gc,stats      ] Pause Final Mark (G)                669 us
[49.781s][info][gc,stats      ] Pause Final Mark (N)                480 us
[49.781s][info][gc,stats      ]   Finish Queues                      19 us
[49.781s][info][gc,stats      ]   System Purge                      275 us
[49.781s][info][gc,stats      ]     Weak Roots                      275 us
[49.781s][info][gc,stats      ]   Update Region States               56 us
[49.781s][info][gc,stats      ]   Retire TLABs                       22 us
[49.781s][info][gc,stats      ]   Choose Collection Set              21 us
[49.781s][info][gc,stats      ]   Rebuild Free Set                   79 us
[49.781s][info][gc,stats      ] Concurrent Cleanup                   89 us
[49.781s][info][gc,stats      ] 
[49.781s][info][gc,stats      ] Allocation pacing accrued:
[49.781s][info][gc,stats      ]       0 of   646 ms (  0.0%): <total>
[49.781s][info][gc,stats      ]       0 of   646 ms (  0.0%): <average total>
[49.781s][info][gc,stats      ] 
[49.781s][info][gc,metaspace  ] Metaspace: 60679K->60679K(1103872K)
[49.781s][info][gc,ergo       ] Pacer for Idle. Initial: 40724K, Alloc Tax Rate: 1.0x
[50.123s][info][gc            ] Trigger: Learning 4 of 5. Free (1390M) is below initial threshold (1391M)
[50.123s][info][gc,ergo       ] Free: 1391M, Max: 512K regular, 597M humongous, Frag: 58% external, 0% internal; Reserve: 101888K, Max: 512K
[50.123s][info][gc,start      ] GC(37) Concurrent reset
[50.123s][info][gc,task       ] GC(37) Using 1 of 1 workers for concurrent reset
[50.123s][info][gc,ergo       ] GC(37) Pacer for Reset. Non-Taxable: 1988M
[50.124s][info][gc            ] GC(37) Concurrent reset 0.363ms
[50.127s][info][gc,start      ] GC(37) Pause Init Mark
[50.127s][info][gc,task       ] GC(37) Using 1 of 1 workers for init marking
[50.128s][info][gc,ergo       ] GC(37) Pacer for Mark. Expected Live: 167M, Free: 1391M, Non-Taxable: 139M, Alloc Tax Rate: 0.1x
[50.128s][info][gc            ] GC(37) Pause Init Mark 1.438ms
[50.128s][info][gc,start      ] GC(37) Concurrent marking
[50.128s][info][gc,task       ] GC(37) Using 1 of 1 workers for concurrent marking
[50.343s][info][gc            ] GC(37) Concurrent marking 214.821ms
[50.343s][info][gc,start      ] GC(37) Pause Final Mark
[50.343s][info][gc,task       ] GC(37) Using 1 of 1 workers for final marking
[50.344s][info][gc,ergo       ] GC(37) Collectable Garbage: 301M (91%), Immediate: 301M (91%), CSet: 0B (0%)
[50.344s][info][gc            ] GC(37) Pause Final Mark 0.484ms
[50.344s][info][gc,start      ] GC(37) Concurrent cleanup
[50.344s][info][gc            ] GC(37) Concurrent cleanup 564M->262M(566M) 0.119ms
[50.344s][info][gc,ergo       ] GC(37) Free: 1624M, Max: 512K regular, 597M humongous, Frag: 64% external, 0% internal; Reserve: 101888K, Max: 512K
[50.344s][info][gc,ergo       ] Free: 1624M, Max: 512K regular, 597M humongous, Frag: 64% external, 0% internal; Reserve: 101888K, Max: 512K
[50.344s][info][gc,stats      ] 
[50.344s][info][gc,stats      ] All times are wall-clock times, except per-root-class counters, that are sum over
[50.344s][info][gc,stats      ] all workers. Dividing the <total> over the root stage time estimates parallelism.
[50.344s][info][gc,stats      ] 
[50.344s][info][gc,stats      ] Concurrent Reset                    352 us
[50.344s][info][gc,stats      ] Pause Init Mark (G)                4663 us
[50.344s][info][gc,stats      ] Pause Init Mark (N)                1416 us
[50.344s][info][gc,stats      ]   Accumulate Stats                   20 us
[50.344s][info][gc,stats      ]   Make Parsable                      12 us
[50.344s][info][gc,stats      ]   Update Region States               44 us
[50.344s][info][gc,stats      ]   Scan Roots                       1299 us, parallelism: 0.81x
[50.344s][info][gc,stats      ]     S: <total>                     1058 us
[50.344s][info][gc,stats      ]     S: Thread Roots                 533 us, workers (us): 533, 
[50.344s][info][gc,stats      ]     S: Universe Roots                 2 us, workers (us):   2, 
[50.344s][info][gc,stats      ]     S: JNI Handles Roots              1 us, workers (us):   1, 
[50.344s][info][gc,stats      ]     S: Synchronizer Roots             0 us, workers (us):   0, 
[50.344s][info][gc,stats      ]     S: Management Roots               1 us, workers (us):   1, 
[50.344s][info][gc,stats      ]     S: System Dict Roots             11 us, workers (us):  11, 
[50.344s][info][gc,stats      ]     S: CLDG Roots                   510 us, workers (us): 510, 
[50.344s][info][gc,stats      ]     S: JVMTI Roots                    0 us, workers (us):   0, 
[50.344s][info][gc,stats      ]   Resize TLABs                       13 us
[50.344s][info][gc,stats      ] Concurrent Marking               214813 us
[50.344s][info][gc,stats      ] Pause Final Mark (G)                644 us
[50.344s][info][gc,stats      ] Pause Final Mark (N)                470 us
[50.344s][info][gc,stats      ]   Finish Queues                      57 us
[50.344s][info][gc,stats      ]   System Purge                      295 us
[50.344s][info][gc,stats      ]     Weak Roots                      294 us
[50.344s][info][gc,stats      ]   Update Region States               47 us
[50.344s][info][gc,stats      ]   Retire TLABs                       16 us
[50.344s][info][gc,stats      ]   Choose Collection Set              30 us
[50.344s][info][gc,stats      ]   Rebuild Free Set                   15 us
[50.344s][info][gc,stats      ] Concurrent Cleanup                  113 us
[50.344s][info][gc,stats      ] 
[50.344s][info][gc,stats      ] Allocation pacing accrued:
[50.344s][info][gc,stats      ]       0 of   564 ms (  0.0%): <total>
[50.344s][info][gc,stats      ]       0 of   564 ms (  0.0%): <average total>
[50.344s][info][gc,stats      ] 
[50.344s][info][gc,metaspace  ] Metaspace: 60679K->60679K(1103872K)
[50.344s][info][gc,ergo       ] Pacer for Idle. Initial: 40724K, Alloc Tax Rate: 1.0x
[50.668s][info][gc            ] Trigger: Learning 5 of 5. Free (1391M) is below initial threshold (1391M)
[50.668s][info][gc,ergo       ] Free: 1391M, Max: 512K regular, 597M humongous, Frag: 58% external, 0% internal; Reserve: 101888K, Max: 512K
[50.668s][info][gc,start      ] GC(38) Concurrent reset
[50.668s][info][gc,task       ] GC(38) Using 1 of 1 workers for concurrent reset
[50.668s][info][gc,ergo       ] GC(38) Pacer for Reset. Non-Taxable: 1988M
[50.668s][info][gc            ] GC(38) Concurrent reset 0.364ms
[50.671s][info][gc,start      ] GC(38) Pause Init Mark
[50.671s][info][gc,task       ] GC(38) Using 1 of 1 workers for init marking
[50.673s][info][gc,ergo       ] GC(38) Pacer for Mark. Expected Live: 167M, Free: 1391M, Non-Taxable: 139M, Alloc Tax Rate: 0.1x
[50.673s][info][gc            ] GC(38) Pause Init Mark 1.531ms
[50.673s][info][gc,start      ] GC(38) Concurrent marking
[50.673s][info][gc,task       ] GC(38) Using 1 of 1 workers for concurrent marking
[50.879s][info][gc            ] GC(38) Concurrent marking 205.952ms
[50.879s][info][gc,start      ] GC(38) Pause Final Mark
[50.879s][info][gc,task       ] GC(38) Using 1 of 1 workers for final marking
[50.879s][info][gc,ergo       ] GC(38) Collectable Garbage: 301M (91%), Immediate: 301M (91%), CSet: 0B (0%)
[50.879s][info][gc            ] GC(38) Pause Final Mark 0.419ms
[50.879s][info][gc,start      ] GC(38) Concurrent cleanup
[50.880s][info][gc            ] GC(38) Concurrent cleanup 566M->265M(569M) 0.148ms
[50.880s][info][gc,ergo       ] GC(38) Free: 1621M, Max: 512K regular, 597M humongous, Frag: 64% external, 0% internal; Reserve: 101888K, Max: 512K
[50.880s][info][gc,ergo       ] Free: 1621M, Max: 512K regular, 597M humongous, Frag: 64% external, 0% internal; Reserve: 101888K, Max: 512K
[50.880s][info][gc,stats      ] 
[50.880s][info][gc,stats      ] All times are wall-clock times, except per-root-class counters, that are sum over
[50.880s][info][gc,stats      ] all workers. Dividing the <total> over the root stage time estimates parallelism.
[50.880s][info][gc,stats      ] 
[50.880s][info][gc,stats      ] Concurrent Reset                    352 us
[50.880s][info][gc,stats      ] Pause Init Mark (G)                4783 us
[50.880s][info][gc,stats      ] Pause Init Mark (N)                1503 us
[50.880s][info][gc,stats      ]   Accumulate Stats                   27 us
[50.880s][info][gc,stats      ]   Make Parsable                      11 us
[50.880s][info][gc,stats      ]   Update Region States               54 us
[50.880s][info][gc,stats      ]   Scan Roots                       1355 us, parallelism: 0.83x
[50.880s][info][gc,stats      ]     S: <total>                     1126 us
[50.880s][info][gc,stats      ]     S: Thread Roots                 584 us, workers (us): 584, 
[50.880s][info][gc,stats      ]     S: Universe Roots                 2 us, workers (us):   2, 
[50.880s][info][gc,stats      ]     S: JNI Handles Roots              1 us, workers (us):   1, 
[50.880s][info][gc,stats      ]     S: Synchronizer Roots             0 us, workers (us):   0, 
[50.880s][info][gc,stats      ]     S: Management Roots               1 us, workers (us):   1, 
[50.880s][info][gc,stats      ]     S: System Dict Roots             11 us, workers (us):  11, 
[50.880s][info][gc,stats      ]     S: CLDG Roots                   525 us, workers (us): 525, 
[50.880s][info][gc,stats      ]     S: JVMTI Roots                    0 us, workers (us):   0, 
[50.880s][info][gc,stats      ]   Resize TLABs                       16 us
[50.880s][info][gc,stats      ] Concurrent Marking               205944 us
[50.880s][info][gc,stats      ] Pause Final Mark (G)                570 us
[50.880s][info][gc,stats      ] Pause Final Mark (N)                408 us
[50.880s][info][gc,stats      ]   Finish Queues                      20 us
[50.880s][info][gc,stats      ]   System Purge                      272 us
[50.880s][info][gc,stats      ]     Weak Roots                      272 us
[50.880s][info][gc,stats      ]   Update Region States               48 us
[50.880s][info][gc,stats      ]   Retire TLABs                       24 us
[50.880s][info][gc,stats      ]   Choose Collection Set              21 us
[50.880s][info][gc,stats      ]   Rebuild Free Set                   13 us
[50.880s][info][gc,stats      ] Concurrent Cleanup                  141 us
[50.880s][info][gc,stats      ] 
[50.880s][info][gc,stats      ] Allocation pacing accrued:
[50.880s][info][gc,stats      ]       0 of   536 ms (  0.0%): <total>
[50.880s][info][gc,stats      ]       0 of   536 ms (  0.0%): <average total>
[50.880s][info][gc,stats      ] 
[50.880s][info][gc,metaspace  ] Metaspace: 60679K->60679K(1103872K)
[50.880s][info][gc,ergo       ] Pacer for Idle. Initial: 40724K, Alloc Tax Rate: 1.0x
[52.668s][info][gc            ] Trigger: Explicit GC request (System.gc())
[52.668s][info][gc,ergo       ] Free: 533M, Max: 512K regular, 533M humongous, Frag: 0% external, 0% internal; Reserve: 101888K, Max: 512K
[52.668s][info][gc,start      ] GC(39) Concurrent reset
[52.668s][info][gc,task       ] GC(39) Using 1 of 1 workers for concurrent reset
[52.668s][info][gc,ergo       ] GC(39) Pacer for Reset. Non-Taxable: 1988M
[52.668s][info][gc            ] GC(39) Concurrent reset 0.380ms
[52.669s][info][gc,start      ] GC(39) Pause Init Mark (process weakrefs) (unload classes)
[52.669s][info][gc,task       ] GC(39) Using 1 of 1 workers for init marking
[52.670s][info][gc,ergo       ] GC(39) Pacer for Mark. Expected Live: 167M, Free: 533M, Non-Taxable: 54623K, Alloc Tax Rate: 0.4x
[52.670s][info][gc            ] GC(39) Pause Init Mark (process weakrefs) (unload classes) 1.114ms
[52.670s][info][gc,start      ] GC(39) Concurrent marking (process weakrefs) (unload classes)
[52.670s][info][gc,task       ] GC(39) Using 1 of 1 workers for concurrent marking
[52.791s][info][gc            ] GC(39) Concurrent marking (process weakrefs) (unload classes) 120.843ms
[52.791s][info][gc,start      ] GC(39) Concurrent precleaning
[52.791s][info][gc,task       ] GC(39) Using 1 of 1 workers for concurrent preclean
[52.791s][info][gc,ergo       ] GC(39) Pacer for Precleaning. Non-Taxable: 1988M
[52.791s][info][gc            ] GC(39) Concurrent precleaning 0.264ms
[52.791s][info][gc,start      ] GC(39) Pause Final Mark (process weakrefs) (unload classes)
[52.791s][info][gc,task       ] GC(39) Using 1 of 1 workers for final marking
[52.813s][info][gc,stringtable] GC(39) Cleaned string and symbol table, strings: 18574 processed, 0 removed, symbols: 131968 processed, 200 removed
[52.814s][info][gc,ergo       ] GC(39) Collectable Garbage: 1158M (97%), Immediate: 1158M (97%), CSet: 0B (0%)
[52.814s][info][gc            ] GC(39) Pause Final Mark (process weakrefs) (unload classes) 22.482ms
[52.814s][info][gc,start      ] GC(39) Concurrent cleanup
[52.814s][info][gc            ] GC(39) Concurrent cleanup 1353M->195M(1356M) 0.159ms
[52.814s][info][gc,ergo       ] GC(39) Free: 1692M, Max: 512K regular, 533M humongous, Frag: 69% external, 0% internal; Reserve: 101888K, Max: 512K
[52.814s][info][gc,ergo       ] Free: 1692M, Max: 512K regular, 533M humongous, Frag: 69% external, 0% internal; Reserve: 101888K, Max: 512K
[52.814s][info][gc,stats      ] 
[52.814s][info][gc,stats      ] All times are wall-clock times, except per-root-class counters, that are sum over
[52.814s][info][gc,stats      ] all workers. Dividing the <total> over the root stage time estimates parallelism.
[52.814s][info][gc,stats      ] 
[52.814s][info][gc,stats      ] Concurrent Reset                    364 us
[52.814s][info][gc,stats      ] Pause Init Mark (G)                1413 us
[52.814s][info][gc,stats      ] Pause Init Mark (N)                1101 us
[52.814s][info][gc,stats      ]   Accumulate Stats                   21 us
[52.814s][info][gc,stats      ]   Make Parsable                      16 us
[52.814s][info][gc,stats      ]   Update Region States               37 us
[52.814s][info][gc,stats      ]   Scan Roots                        957 us, parallelism: 0.65x
[52.814s][info][gc,stats      ]     S: <total>                      620 us
[52.814s][info][gc,stats      ]     S: Thread Roots                 507 us, workers (us): 507, 
[52.814s][info][gc,stats      ]     S: Universe Roots                 2 us, workers (us):   2, 
[52.814s][info][gc,stats      ]     S: JNI Handles Roots              2 us, workers (us):   2, 
[52.814s][info][gc,stats      ]     S: Synchronizer Roots             0 us, workers (us):   0, 
[52.814s][info][gc,stats      ]     S: Management Roots               2 us, workers (us):   2, 
[52.814s][info][gc,stats      ]     S: System Dict Roots             14 us, workers (us):  14, 
[52.814s][info][gc,stats      ]     S: CLDG Roots                    93 us, workers (us):  93, 
[52.814s][info][gc,stats      ]     S: JVMTI Roots                    0 us, workers (us):   0, 
[52.814s][info][gc,stats      ]   Resize TLABs                       17 us
[52.814s][info][gc,stats      ] Concurrent Marking               120835 us
[52.814s][info][gc,stats      ] Concurrent Precleaning              246 us
[52.814s][info][gc,stats      ] Pause Final Mark (G)              22634 us
[52.814s][info][gc,stats      ] Pause Final Mark (N)              22475 us
[52.814s][info][gc,stats      ]   Finish Queues                     109 us
[52.814s][info][gc,stats      ]   Weak References                    54 us
[52.814s][info][gc,stats      ]     Process                          51 us
[52.814s][info][gc,stats      ]   System Purge                      262 us
[52.814s][info][gc,stats      ]     Unload Classes                  947 us
[52.814s][info][gc,stats      ]     Cleanup                       20741 us, parallelism: 1.00x
[52.814s][info][gc,stats      ]       CU: <total>                 20678 us
[52.814s][info][gc,stats      ]       CU: Code Cache Roots         7853 us, workers (us): 7853, 
[52.814s][info][gc,stats      ]       CU: Code Cache Cleaning      1778 us, workers (us): 1778, 
[52.814s][info][gc,stats      ]       CU: String Table Roots       5395 us, workers (us): 5395, 
[52.814s][info][gc,stats      ]       CU: Resolved Table Roots      146 us, workers (us): 146, 
[52.814s][info][gc,stats      ]       CU: CLDG Roots               5507 us, workers (us): 5507, 
[52.814s][info][gc,stats      ]     Weak Roots                      262 us
[52.814s][info][gc,stats      ]     CLDG                            228 us
[52.814s][info][gc,stats      ]   Update Region States               55 us
[52.814s][info][gc,stats      ]   Retire TLABs                       34 us
[52.814s][info][gc,stats      ]   Choose Collection Set              26 us
[52.814s][info][gc,stats      ]   Rebuild Free Set                   13 us
[52.814s][info][gc,stats      ] Concurrent Cleanup                  152 us
[52.814s][info][gc,stats      ] 
[52.814s][info][gc,stats      ] Allocation pacing accrued:
[52.814s][info][gc,stats      ]       0 of  1934 ms (  0.0%): <total>
[52.814s][info][gc,stats      ]       0 of  1934 ms (  0.0%): <average total>
[52.814s][info][gc,stats      ] 
[52.814s][info][gc,metaspace  ] Metaspace: 60728K->60356K(1103872K)
[52.814s][info][gc,ergo       ] Pacer for Idle. Initial: 40724K, Alloc Tax Rate: 1.0x
[52.814s][info][gc,start      ] Concurrent uncommit
[52.854s][info][gc            ] Concurrent uncommit 195M->195M(197M) 39.840ms
[53.488s][info][gc            ] Trigger: Learning 2 of 5. Free (1390M) is below initial threshold (1391M)
[53.488s][info][gc,ergo       ] Free: 1390M, Max: 512K regular, 533M humongous, Frag: 62% external, 0% internal; Reserve: 101888K, Max: 512K
[53.488s][info][gc,start      ] GC(40) Concurrent reset
[53.488s][info][gc,task       ] GC(40) Using 1 of 1 workers for concurrent reset
[53.488s][info][gc,ergo       ] GC(40) Pacer for Reset. Non-Taxable: 1988M
[53.488s][info][gc            ] GC(40) Concurrent reset 0.386ms
[53.491s][info][gc,start      ] GC(40) Pause Init Mark (process weakrefs)
[53.491s][info][gc,task       ] GC(40) Using 1 of 1 workers for init marking
[53.492s][info][gc,ergo       ] GC(40) Pacer for Mark. Expected Live: 167M, Free: 1390M, Non-Taxable: 139M, Alloc Tax Rate: 0.1x
[53.492s][info][gc            ] GC(40) Pause Init Mark (process weakrefs) 1.546ms
[53.492s][info][gc,start      ] GC(40) Concurrent marking (process weakrefs)
[53.492s][info][gc,task       ] GC(40) Using 1 of 1 workers for concurrent marking
[53.702s][info][gc            ] GC(40) Concurrent marking (process weakrefs) 209.705ms
[53.702s][info][gc,start      ] GC(40) Concurrent precleaning
[53.702s][info][gc,task       ] GC(40) Using 1 of 1 workers for concurrent preclean
[53.702s][info][gc,ergo       ] GC(40) Pacer for Precleaning. Non-Taxable: 1988M
[53.702s][info][gc            ] GC(40) Concurrent precleaning 0.534ms
[53.703s][info][gc,start      ] GC(40) Pause Final Mark (process weakrefs)
[53.703s][info][gc,task       ] GC(40) Using 1 of 1 workers for final marking
[53.703s][info][gc,ergo       ] GC(40) Adaptive CSet Selection. Target Free: 281M, Actual Free: 1706M, Max CSet: 84823K, Min Garbage: 0B
[53.703s][info][gc,ergo       ] GC(40) Collectable Garbage: 324M (99%), Immediate: 282M (86%), CSet: 43408K (12%)
[53.706s][info][gc,ergo       ] GC(40) Pacer for Evacuation. Used CSet: 45180K, Free: 1609M, Non-Taxable: 160M, Alloc Tax Rate: 1.1x
[53.706s][info][gc            ] GC(40) Pause Final Mark (process weakrefs) 3.240ms
[53.706s][info][gc,start      ] GC(40) Concurrent cleanup
[53.706s][info][gc            ] GC(40) Concurrent cleanup 560M->278M(565M) 0.096ms
[53.706s][info][gc,ergo       ] GC(40) Free: 1609M, Max: 512K regular, 533M humongous, Frag: 67% external, 0% internal; Reserve: 101376K, Max: 512K
[53.706s][info][gc,start      ] GC(40) Concurrent evacuation
[53.706s][info][gc,task       ] GC(40) Using 1 of 1 workers for concurrent evacuation
[53.708s][info][gc            ] GC(40) Concurrent evacuation 2.240ms
[53.711s][info][gc,start      ] GC(40) Pause Init Update Refs
[53.711s][info][gc,ergo       ] GC(40) Pacer for Update Refs. Used: 280M, Free: 1608M, Non-Taxable: 160M, Alloc Tax Rate: 1.1x
[53.711s][info][gc            ] GC(40) Pause Init Update Refs 0.026ms
[53.711s][info][gc,start      ] GC(40) Concurrent update references
[53.711s][info][gc,task       ] GC(40) Using 1 of 1 workers for concurrent reference update
[53.964s][info][gc            ] GC(40) Concurrent update references 253.494ms
[53.968s][info][gc,start      ] GC(40) Pause Final Update Refs
[53.968s][info][gc,task       ] GC(40) Using 1 of 1 workers for final reference update
[53.968s][info][gc            ] GC(40) Pause Final Update Refs 0.563ms
[53.968s][info][gc,start      ] GC(40) Concurrent cleanup
[53.968s][info][gc            ] GC(40) Concurrent cleanup 372M->328M(566M) 0.073ms
[53.968s][info][gc,ergo       ] Free: 1558M, Max: 512K regular, 533M humongous, Frag: 66% external, 0% internal; Reserve: 101888K, Max: 512K
[53.968s][info][gc,stats      ] 
[53.968s][info][gc,stats      ] All times are wall-clock times, except per-root-class counters, that are sum over
[53.968s][info][gc,stats      ] all workers. Dividing the <total> over the root stage time estimates parallelism.
[53.968s][info][gc,stats      ] 
[53.968s][info][gc,stats      ] Concurrent Reset                    374 us
[53.968s][info][gc,stats      ] Pause Init Mark (G)                3867 us
[53.968s][info][gc,stats      ] Pause Init Mark (N)                1531 us
[53.968s][info][gc,stats      ]   Accumulate Stats                   32 us
[53.968s][info][gc,stats      ]   Make Parsable                      18 us
[53.968s][info][gc,stats      ]   Update Region States               36 us
[53.968s][info][gc,stats      ]   Scan Roots                       1404 us, parallelism: 0.84x
[53.968s][info][gc,stats      ]     S: <total>                     1177 us
[53.968s][info][gc,stats      ]     S: Thread Roots                 605 us, workers (us): 605, 
[53.968s][info][gc,stats      ]     S: Universe Roots                 2 us, workers (us):   2, 
[53.968s][info][gc,stats      ]     S: JNI Handles Roots              2 us, workers (us):   2, 
[53.968s][info][gc,stats      ]     S: Synchronizer Roots             0 us, workers (us):   0, 
[53.968s][info][gc,stats      ]     S: Management Roots               1 us, workers (us):   1, 
[53.968s][info][gc,stats      ]     S: System Dict Roots             10 us, workers (us):  10, 
[53.968s][info][gc,stats      ]     S: CLDG Roots                   556 us, workers (us): 556, 
[53.968s][info][gc,stats      ]     S: JVMTI Roots                    0 us, workers (us):   0, 
[53.968s][info][gc,stats      ]   Resize TLABs                       12 us
[53.968s][info][gc,stats      ] Concurrent Marking               209698 us
[53.968s][info][gc,stats      ] Concurrent Precleaning              524 us
[53.968s][info][gc,stats      ] Pause Final Mark (G)               3404 us
[53.968s][info][gc,stats      ] Pause Final Mark (N)               3232 us
[53.968s][info][gc,stats      ]   Finish Queues                      14 us
[53.968s][info][gc,stats      ]   Weak References                    20 us
[53.968s][info][gc,stats      ]     Process                          18 us
[53.968s][info][gc,stats      ]   System Purge                      271 us
[53.968s][info][gc,stats      ]     Weak Roots                      270 us
[53.968s][info][gc,stats      ]   Update Region States               42 us
[53.968s][info][gc,stats      ]   Retire TLABs                       20 us
[53.968s][info][gc,stats      ]   Choose Collection Set              64 us
[53.968s][info][gc,stats      ]   Rebuild Free Set                   13 us
[53.968s][info][gc,stats      ]   Initial Evacuation               2784 us, parallelism: 0.66x
[53.968s][info][gc,stats      ]     E: <total>                     1834 us
[53.968s][info][gc,stats      ]     E: Thread Roots                 591 us, workers (us): 591, 
[53.968s][info][gc,stats      ]     E: Code Cache Roots             621 us, workers (us): 621, 
[53.968s][info][gc,stats      ]     E: Universe Roots                26 us, workers (us):  26, 
[53.968s][info][gc,stats      ]     E: JNI Handles Roots              1 us, workers (us):   1, 
[53.968s][info][gc,stats      ]     E: Synchronizer Roots             0 us, workers (us):   0, 
[53.968s][info][gc,stats      ]     E: Management Roots               1 us, workers (us):   1, 
[53.968s][info][gc,stats      ]     E: System Dict Roots             10 us, workers (us):  10, 
[53.968s][info][gc,stats      ]     E: CLDG Roots                   583 us, workers (us): 583, 
[53.968s][info][gc,stats      ]     E: JVMTI Roots                    1 us, workers (us):   1, 
[53.968s][info][gc,stats      ] Concurrent Cleanup                   89 us
[53.968s][info][gc,stats      ] Concurrent Evacuation              2231 us
[53.968s][info][gc,stats      ] Pause Init  Update Refs (G)        2410 us
[53.968s][info][gc,stats      ] Pause Init  Update Refs (N)          15 us
[53.968s][info][gc,stats      ]   Retire GCLABs                       8 us
[53.968s][info][gc,stats      ] Concurrent Update Refs           253484 us
[53.968s][info][gc,stats      ] Pause Final Update Refs (G)        3958 us
[53.968s][info][gc,stats      ] Pause Final Update Refs (N)         547 us
[53.968s][info][gc,stats      ]   Update Roots                      481 us, parallelism: 0.99x
[53.968s][info][gc,stats      ]     UR: <total>                     475 us
[53.968s][info][gc,stats      ]     UR: Thread Roots                475 us, workers (us): 475, 
[53.968s][info][gc,stats      ]   Update Region States               43 us
[53.968s][info][gc,stats      ]   Trash Collection Set                3 us
[53.968s][info][gc,stats      ]   Rebuild Free Set                   13 us
[53.968s][info][gc,stats      ] Concurrent Cleanup                   68 us
[53.968s][info][gc,stats      ] 
[53.968s][info][gc,stats      ] Allocation pacing accrued:
[53.968s][info][gc,stats      ]       0 of  1155 ms (  0.0%): <total>
[53.968s][info][gc,stats      ]       0 of  1155 ms (  0.0%): <average total>
[53.968s][info][gc,stats      ] 
[53.968s][info][gc,metaspace  ] Metaspace: 60776K->60778K(1103872K)
[53.968s][info][gc,ergo       ] Pacer for Idle. Initial: 40724K, Alloc Tax Rate: 1.0x
[54.204s][info][gc            ] Trigger: Learning 3 of 5. Free (1390M) is below initial threshold (1391M)
[54.204s][info][gc,ergo       ] Free: 1390M, Max: 512K regular, 533M humongous, Frag: 62% external, 0% internal; Reserve: 101888K, Max: 512K
[54.204s][info][gc,start      ] GC(41) Concurrent reset
[54.204s][info][gc,task       ] GC(41) Using 1 of 1 workers for concurrent reset
[54.204s][info][gc,ergo       ] GC(41) Pacer for Reset. Non-Taxable: 1988M
[54.204s][info][gc            ] GC(41) Concurrent reset 0.354ms
[54.207s][info][gc,start      ] GC(41) Pause Init Mark
[54.207s][info][gc,task       ] GC(41) Using 1 of 1 workers for init marking
[54.208s][info][gc,ergo       ] GC(41) Pacer for Mark. Expected Live: 167M, Free: 1390M, Non-Taxable: 139M, Alloc Tax Rate: 0.1x
[54.208s][info][gc            ] GC(41) Pause Init Mark 1.500ms
[54.208s][info][gc,start      ] GC(41) Concurrent marking
[54.208s][info][gc,task       ] GC(41) Using 1 of 1 workers for concurrent marking
[54.417s][info][gc            ] GC(41) Concurrent marking 209.253ms
[54.418s][info][gc,start      ] GC(41) Pause Final Mark
[54.418s][info][gc,task       ] GC(41) Using 1 of 1 workers for final marking
[54.418s][info][gc,ergo       ] GC(41) Collectable Garbage: 322M (97%), Immediate: 322M (97%), CSet: 0B (0%)
[54.418s][info][gc            ] GC(41) Pause Final Mark 0.390ms
[54.418s][info][gc,start      ] GC(41) Concurrent cleanup
[54.418s][info][gc            ] GC(41) Concurrent cleanup 570M->248M(578M) 0.094ms
[54.418s][info][gc,ergo       ] GC(41) Free: 1639M, Max: 512K regular, 533M humongous, Frag: 68% external, 0% internal; Reserve: 101888K, Max: 512K
[54.418s][info][gc,ergo       ] Free: 1639M, Max: 512K regular, 533M humongous, Frag: 68% external, 0% internal; Reserve: 101888K, Max: 512K
[54.418s][info][gc,stats      ] 
[54.418s][info][gc,stats      ] All times are wall-clock times, except per-root-class counters, that are sum over
[54.418s][info][gc,stats      ] all workers. Dividing the <total> over the root stage time estimates parallelism.
[54.418s][info][gc,stats      ] 
[54.418s][info][gc,stats      ] Concurrent Reset                    346 us
[54.418s][info][gc,stats      ] Pause Init Mark (G)                3788 us
[54.418s][info][gc,stats      ] Pause Init Mark (N)                1485 us
[54.418s][info][gc,stats      ]   Accumulate Stats                   22 us
[54.418s][info][gc,stats      ]   Make Parsable                      15 us
[54.418s][info][gc,stats      ]   Update Region States               36 us
[54.418s][info][gc,stats      ]   Scan Roots                       1370 us, parallelism: 0.83x
[54.418s][info][gc,stats      ]     S: <total>                     1132 us
[54.418s][info][gc,stats      ]     S: Thread Roots                 592 us, workers (us): 592, 
[54.418s][info][gc,stats      ]     S: Universe Roots                 2 us, workers (us):   2, 
[54.418s][info][gc,stats      ]     S: JNI Handles Roots              1 us, workers (us):   1, 
[54.418s][info][gc,stats      ]     S: Synchronizer Roots             0 us, workers (us):   0, 
[54.418s][info][gc,stats      ]     S: Management Roots               2 us, workers (us):   2, 
[54.418s][info][gc,stats      ]     S: System Dict Roots             20 us, workers (us):  20, 
[54.418s][info][gc,stats      ]     S: CLDG Roots                   515 us, workers (us): 515, 
[54.418s][info][gc,stats      ]     S: JVMTI Roots                    0 us, workers (us):   0, 
[54.418s][info][gc,stats      ]   Resize TLABs                       12 us
[54.418s][info][gc,stats      ] Concurrent Marking               209246 us
[54.418s][info][gc,stats      ] Pause Final Mark (G)                544 us
[54.418s][info][gc,stats      ] Pause Final Mark (N)                379 us
[54.418s][info][gc,stats      ]   Finish Queues                      17 us
[54.418s][info][gc,stats      ]   System Purge                      246 us
[54.418s][info][gc,stats      ]     Weak Roots                      245 us
[54.418s][info][gc,stats      ]   Update Region States               54 us
[54.418s][info][gc,stats      ]   Retire TLABs                       24 us
[54.418s][info][gc,stats      ]   Choose Collection Set              19 us
[54.418s][info][gc,stats      ]   Rebuild Free Set                   12 us
[54.418s][info][gc,stats      ] Concurrent Cleanup                   89 us
[54.418s][info][gc,stats      ] 
[54.418s][info][gc,stats      ] Allocation pacing accrued:
[54.418s][info][gc,stats      ]       0 of   450 ms (  0.0%): <total>
[54.418s][info][gc,stats      ]       0 of   450 ms (  0.0%): <average total>
[54.418s][info][gc,stats      ] 
[54.418s][info][gc,metaspace  ] Metaspace: 60778K->60778K(1103872K)
[54.418s][info][gc,ergo       ] Pacer for Idle. Initial: 40724K, Alloc Tax Rate: 1.0x
[54.780s][info][gc            ] Trigger: Learning 4 of 5. Free (1390M) is below initial threshold (1391M)
[54.781s][info][gc,ergo       ] Free: 1390M, Max: 512K regular, 533M humongous, Frag: 62% external, 0% internal; Reserve: 101888K, Max: 512K
[54.781s][info][gc,start      ] GC(42) Concurrent reset
[54.781s][info][gc,task       ] GC(42) Using 1 of 1 workers for concurrent reset
[54.781s][info][gc,ergo       ] GC(42) Pacer for Reset. Non-Taxable: 1988M
[54.781s][info][gc            ] GC(42) Concurrent reset 0.333ms
[54.784s][info][gc,start      ] GC(42) Pause Init Mark
[54.784s][info][gc,task       ] GC(42) Using 1 of 1 workers for init marking
[54.785s][info][gc,ergo       ] GC(42) Pacer for Mark. Expected Live: 167M, Free: 1390M, Non-Taxable: 139M, Alloc Tax Rate: 0.1x
[54.785s][info][gc            ] GC(42) Pause Init Mark 1.483ms
[54.785s][info][gc,start      ] GC(42) Concurrent marking
[54.785s][info][gc,task       ] GC(42) Using 1 of 1 workers for concurrent marking
[54.985s][info][gc            ] GC(42) Concurrent marking 200.368ms
[54.986s][info][gc,start      ] GC(42) Pause Final Mark
[54.986s][info][gc,task       ] GC(42) Using 1 of 1 workers for final marking
[54.986s][info][gc,ergo       ] GC(42) Collectable Garbage: 322M (97%), Immediate: 322M (97%), CSet: 0B (0%)
[54.986s][info][gc            ] GC(42) Pause Final Mark 0.392ms
[54.986s][info][gc,start      ] GC(42) Concurrent cleanup
[54.986s][info][gc            ] GC(42) Concurrent cleanup 570M->248M(578M) 0.103ms
[54.986s][info][gc,ergo       ] GC(42) Free: 1638M, Max: 512K regular, 533M humongous, Frag: 68% external, 0% internal; Reserve: 101888K, Max: 512K
[54.986s][info][gc,ergo       ] Free: 1638M, Max: 512K regular, 533M humongous, Frag: 68% external, 0% internal; Reserve: 101888K, Max: 512K
[54.986s][info][gc,stats      ] 
[54.986s][info][gc,stats      ] All times are wall-clock times, except per-root-class counters, that are sum over
[54.986s][info][gc,stats      ] all workers. Dividing the <total> over the root stage time estimates parallelism.
[54.986s][info][gc,stats      ] 
[54.986s][info][gc,stats      ] Concurrent Reset                    322 us
[54.986s][info][gc,stats      ] Pause Init Mark (G)                3862 us
[54.986s][info][gc,stats      ] Pause Init Mark (N)                1445 us
[54.986s][info][gc,stats      ]   Accumulate Stats                   23 us
[54.986s][info][gc,stats      ]   Make Parsable                      13 us
[54.986s][info][gc,stats      ]   Update Region States               49 us
[54.986s][info][gc,stats      ]   Scan Roots                       1325 us, parallelism: 0.83x
[54.986s][info][gc,stats      ]     S: <total>                     1105 us
[54.986s][info][gc,stats      ]     S: Thread Roots                 552 us, workers (us): 552, 
[54.986s][info][gc,stats      ]     S: Universe Roots                 2 us, workers (us):   2, 
[54.986s][info][gc,stats      ]     S: JNI Handles Roots              1 us, workers (us):   1, 
[54.986s][info][gc,stats      ]     S: Synchronizer Roots             0 us, workers (us):   0, 
[54.986s][info][gc,stats      ]     S: Management Roots               2 us, workers (us):   2, 
[54.986s][info][gc,stats      ]     S: System Dict Roots             11 us, workers (us):  11, 
[54.986s][info][gc,stats      ]     S: CLDG Roots                   537 us, workers (us): 537, 
[54.986s][info][gc,stats      ]     S: JVMTI Roots                    0 us, workers (us):   0, 
[54.986s][info][gc,stats      ]   Resize TLABs                       10 us
[54.986s][info][gc,stats      ] Concurrent Marking               200361 us
[54.986s][info][gc,stats      ] Pause Final Mark (G)                543 us
[54.986s][info][gc,stats      ] Pause Final Mark (N)                381 us
[54.986s][info][gc,stats      ]   Finish Queues                      20 us
[54.986s][info][gc,stats      ]   System Purge                      250 us
[54.986s][info][gc,stats      ]     Weak Roots                      250 us
[54.986s][info][gc,stats      ]   Update Region States               42 us
[54.986s][info][gc,stats      ]   Retire TLABs                       19 us
[54.986s][info][gc,stats      ]   Choose Collection Set              18 us
[54.986s][info][gc,stats      ]   Rebuild Free Set                   13 us
[54.986s][info][gc,stats      ] Concurrent Cleanup                   88 us
[54.986s][info][gc,stats      ] 
[54.986s][info][gc,stats      ] Allocation pacing accrued:
[54.986s][info][gc,stats      ]       0 of   568 ms (  0.0%): <total>
[54.986s][info][gc,stats      ]       0 of   568 ms (  0.0%): <average total>
[54.986s][info][gc,stats      ] 
[54.986s][info][gc,metaspace  ] Metaspace: 60778K->60778K(1103872K)
[54.986s][info][gc,ergo       ] Pacer for Idle. Initial: 40724K, Alloc Tax Rate: 1.0x
[55.316s][info][gc            ] Trigger: Learning 5 of 5. Free (1391M) is below initial threshold (1391M)
[55.316s][info][gc,ergo       ] Free: 1391M, Max: 512K regular, 533M humongous, Frag: 62% external, 0% internal; Reserve: 101888K, Max: 512K
[55.316s][info][gc,start      ] GC(43) Concurrent reset
[55.316s][info][gc,task       ] GC(43) Using 1 of 1 workers for concurrent reset
[55.316s][info][gc,ergo       ] GC(43) Pacer for Reset. Non-Taxable: 1988M
[55.317s][info][gc            ] GC(43) Concurrent reset 0.290ms
[55.319s][info][gc,start      ] GC(43) Pause Init Mark
[55.319s][info][gc,task       ] GC(43) Using 1 of 1 workers for init marking
[55.320s][info][gc,ergo       ] GC(43) Pacer for Mark. Expected Live: 167M, Free: 1391M, Non-Taxable: 139M, Alloc Tax Rate: 0.1x
[55.320s][info][gc            ] GC(43) Pause Init Mark 1.499ms
[55.320s][info][gc,start      ] GC(43) Concurrent marking
[55.320s][info][gc,task       ] GC(43) Using 1 of 1 workers for concurrent marking
[55.533s][info][gc            ] GC(43) Concurrent marking 213.040ms
[55.534s][info][gc,start      ] GC(43) Pause Final Mark
[55.534s][info][gc,task       ] GC(43) Using 1 of 1 workers for final marking
[55.534s][info][gc,ergo       ] GC(43) Collectable Garbage: 321M (97%), Immediate: 321M (97%), CSet: 0B (0%)
[55.534s][info][gc            ] GC(43) Pause Final Mark 0.422ms
[55.536s][info][gc,start      ] GC(43) Concurrent cleanup
[55.536s][info][gc            ] GC(43) Concurrent cleanup 568M->248M(578M) 0.114ms
[55.536s][info][gc,ergo       ] GC(43) Free: 1638M, Max: 512K regular, 533M humongous, Frag: 68% external, 0% internal; Reserve: 101888K, Max: 512K
[55.536s][info][gc,ergo       ] Free: 1638M, Max: 512K regular, 533M humongous, Frag: 68% external, 0% internal; Reserve: 101888K, Max: 512K
[55.536s][info][gc,stats      ] 
[55.536s][info][gc,stats      ] All times are wall-clock times, except per-root-class counters, that are sum over
[55.536s][info][gc,stats      ] all workers. Dividing the <total> over the root stage time estimates parallelism.
[55.536s][info][gc,stats      ] 
[55.536s][info][gc,stats      ] Concurrent Reset                    282 us
[55.536s][info][gc,stats      ] Pause Init Mark (G)                3792 us
[55.536s][info][gc,stats      ] Pause Init Mark (N)                1485 us
[55.536s][info][gc,stats      ]   Accumulate Stats                   22 us
[55.536s][info][gc,stats      ]   Make Parsable                      14 us
[55.536s][info][gc,stats      ]   Update Region States               35 us
[55.536s][info][gc,stats      ]   Scan Roots                       1362 us, parallelism: 0.83x
[55.536s][info][gc,stats      ]     S: <total>                     1126 us
[55.536s][info][gc,stats      ]     S: Thread Roots                 595 us, workers (us): 595, 
[55.536s][info][gc,stats      ]     S: Universe Roots                 2 us, workers (us):   2, 
[55.536s][info][gc,stats      ]     S: JNI Handles Roots              1 us, workers (us):   1, 
[55.536s][info][gc,stats      ]     S: Synchronizer Roots             0 us, workers (us):   0, 
[55.536s][info][gc,stats      ]     S: Management Roots               1 us, workers (us):   1, 
[55.536s][info][gc,stats      ]     S: System Dict Roots             10 us, workers (us):  10, 
[55.536s][info][gc,stats      ]     S: CLDG Roots                   516 us, workers (us): 516, 
[55.536s][info][gc,stats      ]     S: JVMTI Roots                    0 us, workers (us):   0, 
[55.536s][info][gc,stats      ]   Resize TLABs                       16 us
[55.536s][info][gc,stats      ] Concurrent Marking               213033 us
[55.536s][info][gc,stats      ] Pause Final Mark (G)               2523 us
[55.536s][info][gc,stats      ] Pause Final Mark (N)                411 us
[55.536s][info][gc,stats      ]   Finish Queues                      21 us
[55.536s][info][gc,stats      ]   System Purge                      259 us
[55.536s][info][gc,stats      ]     Weak Roots                      259 us
[55.536s][info][gc,stats      ]   Update Region States               46 us
[55.536s][info][gc,stats      ]   Retire TLABs                       22 us
[55.536s][info][gc,stats      ]   Choose Collection Set              43 us
[55.536s][info][gc,stats      ]   Rebuild Free Set                   14 us
[55.536s][info][gc,stats      ] Concurrent Cleanup                   89 us
[55.536s][info][gc,stats      ] 
[55.536s][info][gc,stats      ] Allocation pacing accrued:
[55.536s][info][gc,stats      ]       0 of   550 ms (  0.0%): <total>
[55.536s][info][gc,stats      ]       0 of   550 ms (  0.0%): <average total>
[55.536s][info][gc,stats      ] 
[55.536s][info][gc,metaspace  ] Metaspace: 60778K->60778K(1103872K)
[55.536s][info][gc,ergo       ] Pacer for Idle. Initial: 40724K, Alloc Tax Rate: 1.0x
[57.133s][info][gc            ] Trigger: Explicit GC request (System.gc())
[57.133s][info][gc,ergo       ] Free: 592M, Max: 512K regular, 533M humongous, Frag: 10% external, 0% internal; Reserve: 101888K, Max: 512K
[57.133s][info][gc,start      ] GC(44) Concurrent reset
[57.133s][info][gc,task       ] GC(44) Using 1 of 1 workers for concurrent reset
[57.133s][info][gc,ergo       ] GC(44) Pacer for Reset. Non-Taxable: 1988M
[57.133s][info][gc            ] GC(44) Concurrent reset 0.328ms
[57.133s][info][gc,start      ] GC(44) Pause Init Mark (process weakrefs) (unload classes)
[57.134s][info][gc,task       ] GC(44) Using 1 of 1 workers for init marking
[57.134s][info][gc,ergo       ] GC(44) Pacer for Mark. Expected Live: 167M, Free: 592M, Non-Taxable: 60705K, Alloc Tax Rate: 0.3x
[57.134s][info][gc            ] GC(44) Pause Init Mark (process weakrefs) (unload classes) 1.000ms
[57.135s][info][gc,start      ] GC(44) Concurrent marking (process weakrefs) (unload classes)
[57.135s][info][gc,task       ] GC(44) Using 1 of 1 workers for concurrent marking
[57.334s][info][gc            ] GC(44) Concurrent marking (process weakrefs) (unload classes) 199.383ms
[57.334s][info][gc,start      ] GC(44) Concurrent precleaning
[57.334s][info][gc,task       ] GC(44) Using 1 of 1 workers for concurrent preclean
[57.334s][info][gc,ergo       ] GC(44) Pacer for Precleaning. Non-Taxable: 1988M
[57.334s][info][gc            ] GC(44) Concurrent precleaning 0.298ms
[57.334s][info][gc,start      ] GC(44) Pause Final Mark (process weakrefs) (unload classes)
[57.334s][info][gc,task       ] GC(44) Using 1 of 1 workers for final marking
[57.360s][info][gc,stringtable] GC(44) Cleaned string and symbol table, strings: 18602 processed, 0 removed, symbols: 131970 processed, 200 removed
[57.360s][info][gc,ergo       ] GC(44) Collectable Garbage: 1119M (99%), Immediate: 1119M (99%), CSet: 0B (0%)
[57.360s][info][gc            ] GC(44) Pause Final Mark (process weakrefs) (unload classes) 25.674ms
[57.362s][info][gc,start      ] GC(44) Concurrent cleanup
[57.363s][info][gc            ] GC(44) Concurrent cleanup 1294M->175M(1301M) 0.181ms
[57.363s][info][gc,ergo       ] GC(44) Free: 1711M, Max: 512K regular, 637M humongous, Frag: 63% external, 0% internal; Reserve: 101888K, Max: 512K
[57.363s][info][gc,ergo       ] Free: 1711M, Max: 512K regular, 637M humongous, Frag: 63% external, 0% internal; Reserve: 101888K, Max: 512K
[57.363s][info][gc,stats      ] 
[57.363s][info][gc,stats      ] All times are wall-clock times, except per-root-class counters, that are sum over
[57.363s][info][gc,stats      ] all workers. Dividing the <total> over the root stage time estimates parallelism.
[57.363s][info][gc,stats      ] 
[57.363s][info][gc,stats      ] Concurrent Reset                    312 us
[57.363s][info][gc,stats      ] Pause Init Mark (G)                1318 us
[57.363s][info][gc,stats      ] Pause Init Mark (N)                 988 us
[57.363s][info][gc,stats      ]   Accumulate Stats                   23 us
[57.363s][info][gc,stats      ]   Make Parsable                      17 us
[57.363s][info][gc,stats      ]   Update Region States               37 us
[57.363s][info][gc,stats      ]   Scan Roots                        883 us, parallelism: 0.67x
[57.363s][info][gc,stats      ]     S: <total>                      596 us
[57.363s][info][gc,stats      ]     S: Thread Roots                 490 us, workers (us): 490, 
[57.363s][info][gc,stats      ]     S: Universe Roots                 2 us, workers (us):   2, 
[57.363s][info][gc,stats      ]     S: JNI Handles Roots              1 us, workers (us):   1, 
[57.363s][info][gc,stats      ]     S: Synchronizer Roots             0 us, workers (us):   0, 
[57.363s][info][gc,stats      ]     S: Management Roots               2 us, workers (us):   2, 
[57.363s][info][gc,stats      ]     S: System Dict Roots             12 us, workers (us):  12, 
[57.363s][info][gc,stats      ]     S: CLDG Roots                    88 us, workers (us):  88, 
[57.363s][info][gc,stats      ]     S: JVMTI Roots                    0 us, workers (us):   0, 
[57.363s][info][gc,stats      ]   Resize TLABs                        8 us
[57.363s][info][gc,stats      ] Concurrent Marking               199376 us
[57.363s][info][gc,stats      ] Concurrent Precleaning              241 us
[57.363s][info][gc,stats      ] Pause Final Mark (G)              28114 us
[57.363s][info][gc,stats      ] Pause Final Mark (N)              25666 us
[57.363s][info][gc,stats      ]   Finish Queues                     126 us
[57.363s][info][gc,stats      ]   Weak References                    48 us
[57.363s][info][gc,stats      ]     Process                          46 us
[57.363s][info][gc,stats      ]   System Purge                      261 us
[57.363s][info][gc,stats      ]     Unload Classes                  959 us
[57.363s][info][gc,stats      ]     Cleanup                       23944 us, parallelism: 0.91x
[57.363s][info][gc,stats      ]       CU: <total>                 21792 us
[57.363s][info][gc,stats      ]       CU: Code Cache Roots         9093 us, workers (us): 9093, 
[57.363s][info][gc,stats      ]       CU: Code Cache Cleaning      1514 us, workers (us): 1514, 
[57.363s][info][gc,stats      ]       CU: String Table Roots       5426 us, workers (us): 5426, 
[57.363s][info][gc,stats      ]       CU: Resolved Table Roots      144 us, workers (us): 144, 
[57.363s][info][gc,stats      ]       CU: CLDG Roots               5614 us, workers (us): 5614, 
[57.363s][info][gc,stats      ]     Weak Roots                      261 us
[57.363s][info][gc,stats      ]     CLDG                            202 us
[57.363s][info][gc,stats      ]   Update Region States               46 us
[57.363s][info][gc,stats      ]   Retire TLABs                       36 us
[57.363s][info][gc,stats      ]   Choose Collection Set              25 us
[57.363s][info][gc,stats      ]   Rebuild Free Set                   13 us
[57.363s][info][gc,stats      ] Concurrent Cleanup                  150 us
[57.363s][info][gc,stats      ] 
[57.363s][info][gc,stats      ] Allocation pacing accrued:
[57.363s][info][gc,stats      ]       0 of  1827 ms (  0.0%): <total>
[57.363s][info][gc,stats      ]       0 of  1827 ms (  0.0%): <average total>
[57.363s][info][gc,stats      ] 
[57.363s][info][gc,metaspace  ] Metaspace: 60815K->60437K(1103872K)
[57.363s][info][gc,ergo       ] Pacer for Idle. Initial: 40724K, Alloc Tax Rate: 1.0x
[57.363s][info][gc,start      ] Concurrent uncommit
[57.439s][info][gc            ] Concurrent uncommit 175M->175M(178M) 76.315ms
[58.355s][info][gc            ] Trigger: Learning 2 of 5. Free (1390M) is below initial threshold (1391M)
[58.355s][info][gc,ergo       ] Free: 1390M, Max: 512K regular, 533M humongous, Frag: 62% external, 0% internal; Reserve: 101888K, Max: 512K
[58.355s][info][gc,start      ] GC(45) Concurrent reset
[58.355s][info][gc,task       ] GC(45) Using 1 of 1 workers for concurrent reset
[58.355s][info][gc,ergo       ] GC(45) Pacer for Reset. Non-Taxable: 1988M
[58.356s][info][gc            ] GC(45) Concurrent reset 0.347ms
[58.358s][info][gc,start      ] GC(45) Pause Init Mark (process weakrefs)
[58.358s][info][gc,task       ] GC(45) Using 1 of 1 workers for init marking
[58.360s][info][gc,ergo       ] GC(45) Pacer for Mark. Expected Live: 167M, Free: 1390M, Non-Taxable: 139M, Alloc Tax Rate: 0.1x
[58.360s][info][gc            ] GC(45) Pause Init Mark (process weakrefs) 1.593ms
[58.360s][info][gc,start      ] GC(45) Concurrent marking (process weakrefs)
[58.360s][info][gc,task       ] GC(45) Using 1 of 1 workers for concurrent marking
[58.569s][info][gc            ] GC(45) Concurrent marking (process weakrefs) 208.910ms
[58.569s][info][gc,start      ] GC(45) Concurrent precleaning
[58.569s][info][gc,task       ] GC(45) Using 1 of 1 workers for concurrent preclean
[58.569s][info][gc,ergo       ] GC(45) Pacer for Precleaning. Non-Taxable: 1988M
[58.569s][info][gc            ] GC(45) Concurrent precleaning 0.605ms
[58.570s][info][gc,start      ] GC(45) Pause Final Mark (process weakrefs)
[58.570s][info][gc,task       ] GC(45) Using 1 of 1 workers for final marking
[58.570s][info][gc,ergo       ] GC(45) Collectable Garbage: 298M (91%), Immediate: 298M (91%), CSet: 0B (0%)
[58.570s][info][gc            ] GC(45) Pause Final Mark (process weakrefs) 0.488ms
[58.570s][info][gc,start      ] GC(45) Concurrent cleanup
[58.570s][info][gc            ] GC(45) Concurrent cleanup 559M->261M(564M) 0.120ms
[58.570s][info][gc,ergo       ] GC(45) Free: 1626M, Max: 512K regular, 533M humongous, Frag: 68% external, 0% internal; Reserve: 101888K, Max: 512K
[58.570s][info][gc,ergo       ] Free: 1626M, Max: 512K regular, 533M humongous, Frag: 68% external, 0% internal; Reserve: 101888K, Max: 512K
[58.570s][info][gc,stats      ] 
[58.570s][info][gc,stats      ] All times are wall-clock times, except per-root-class counters, that are sum over
[58.570s][info][gc,stats      ] all workers. Dividing the <total> over the root stage time estimates parallelism.
[58.570s][info][gc,stats      ] 
[58.570s][info][gc,stats      ] Concurrent Reset                    336 us
[58.570s][info][gc,stats      ] Pause Init Mark (G)                3923 us
[58.570s][info][gc,stats      ] Pause Init Mark (N)                1577 us
[58.570s][info][gc,stats      ]   Accumulate Stats                   25 us
[58.570s][info][gc,stats      ]   Make Parsable                      78 us
[58.570s][info][gc,stats      ]   Update Region States               36 us
[58.570s][info][gc,stats      ]   Scan Roots                       1398 us, parallelism: 0.84x
[58.570s][info][gc,stats      ]     S: <total>                     1170 us
[58.570s][info][gc,stats      ]     S: Thread Roots                 606 us, workers (us): 606, 
[58.570s][info][gc,stats      ]     S: Universe Roots                 2 us, workers (us):   2, 
[58.570s][info][gc,stats      ]     S: JNI Handles Roots              1 us, workers (us):   1, 
[58.570s][info][gc,stats      ]     S: Synchronizer Roots             0 us, workers (us):   0, 
[58.570s][info][gc,stats      ]     S: Management Roots               1 us, workers (us):   1, 
[58.570s][info][gc,stats      ]     S: System Dict Roots             12 us, workers (us):  12, 
[58.570s][info][gc,stats      ]     S: CLDG Roots                   546 us, workers (us): 546, 
[58.570s][info][gc,stats      ]     S: JVMTI Roots                    0 us, workers (us):   0, 
[58.570s][info][gc,stats      ]   Resize TLABs                       14 us
[58.570s][info][gc,stats      ] Concurrent Marking               208903 us
[58.570s][info][gc,stats      ] Concurrent Precleaning              594 us
[58.570s][info][gc,stats      ] Pause Final Mark (G)                793 us
[58.570s][info][gc,stats      ] Pause Final Mark (N)                477 us
[58.570s][info][gc,stats      ]   Finish Queues                      30 us
[58.570s][info][gc,stats      ]   Weak References                    29 us
[58.570s][info][gc,stats      ]     Process                          27 us
[58.570s][info][gc,stats      ]   System Purge                      280 us
[58.570s][info][gc,stats      ]     Weak Roots                      279 us
[58.570s][info][gc,stats      ]   Update Region States               47 us
[58.570s][info][gc,stats      ]   Retire TLABs                       32 us
[58.570s][info][gc,stats      ]   Choose Collection Set              29 us
[58.570s][info][gc,stats      ]   Rebuild Free Set                   13 us
[58.570s][info][gc,stats      ] Concurrent Cleanup                  112 us
[58.570s][info][gc,stats      ] 
[58.570s][info][gc,stats      ] Allocation pacing accrued:
[58.570s][info][gc,stats      ]       0 of  1208 ms (  0.0%): <total>
[58.570s][info][gc,stats      ]       0 of  1208 ms (  0.0%): <average total>
[58.570s][info][gc,stats      ] 
[58.570s][info][gc,metaspace  ] Metaspace: 60831K->60831K(1103872K)
[58.570s][info][gc,ergo       ] Pacer for Idle. Initial: 40724K, Alloc Tax Rate: 1.0x
[58.886s][info][gc            ] Trigger: Learning 3 of 5. Free (1391M) is below initial threshold (1391M)
[58.886s][info][gc,ergo       ] Free: 1391M, Max: 512K regular, 533M humongous, Frag: 62% external, 0% internal; Reserve: 101888K, Max: 512K
[58.886s][info][gc,start      ] GC(46) Concurrent reset
[58.886s][info][gc,task       ] GC(46) Using 1 of 1 workers for concurrent reset
[58.886s][info][gc,ergo       ] GC(46) Pacer for Reset. Non-Taxable: 1988M
[58.886s][info][gc            ] GC(46) Concurrent reset 0.371ms
[58.889s][info][gc,start      ] GC(46) Pause Init Mark
[58.889s][info][gc,task       ] GC(46) Using 1 of 1 workers for init marking
[58.890s][info][gc,ergo       ] GC(46) Pacer for Mark. Expected Live: 167M, Free: 1391M, Non-Taxable: 139M, Alloc Tax Rate: 0.1x
[58.890s][info][gc            ] GC(46) Pause Init Mark 1.509ms
[58.890s][info][gc,start      ] GC(46) Concurrent marking
[58.890s][info][gc,task       ] GC(46) Using 1 of 1 workers for concurrent marking
[59.097s][info][gc            ] GC(46) Concurrent marking 206.570ms
[59.097s][info][gc,start      ] GC(46) Pause Final Mark
[59.097s][info][gc,task       ] GC(46) Using 1 of 1 workers for final marking
[59.097s][info][gc,ergo       ] GC(46) Adaptive CSet Selection. Target Free: 281M, Actual Free: 1714M, Max CSet: 84823K, Min Garbage: 0B
[59.097s][info][gc,ergo       ] GC(46) Collectable Garbage: 326M (99%), Immediate: 297M (90%), CSet: 29922K (8%)
[59.100s][info][gc,ergo       ] GC(46) Pacer for Evacuation. Used CSet: 31736K, Free: 1615M, Non-Taxable: 161M, Alloc Tax Rate: 1.1x
[59.100s][info][gc            ] GC(46) Pause Final Mark 3.333ms
[59.100s][info][gc,start      ] GC(46) Concurrent cleanup
[59.100s][info][gc            ] GC(46) Concurrent cleanup 569M->272M(571M) 0.097ms
[59.100s][info][gc,ergo       ] GC(46) Free: 1615M, Max: 512K regular, 533M humongous, Frag: 67% external, 0% internal; Reserve: 101376K, Max: 512K
[59.101s][info][gc,start      ] GC(46) Concurrent evacuation
[59.101s][info][gc,task       ] GC(46) Using 1 of 1 workers for concurrent evacuation
[59.102s][info][gc            ] GC(46) Concurrent evacuation 1.494ms
[59.102s][info][gc,start      ] GC(46) Pause Init Update Refs
[59.102s][info][gc,ergo       ] GC(46) Pacer for Update Refs. Used: 274M, Free: 1615M, Non-Taxable: 161M, Alloc Tax Rate: 1.1x
[59.102s][info][gc            ] GC(46) Pause Init Update Refs 0.024ms
[59.102s][info][gc,start      ] GC(46) Concurrent update references
[59.102s][info][gc,task       ] GC(46) Using 1 of 1 workers for concurrent reference update
[59.368s][info][gc            ] GC(46) Concurrent update references 265.673ms
[59.372s][info][gc,start      ] GC(46) Pause Final Update Refs
[59.372s][info][gc,task       ] GC(46) Using 1 of 1 workers for final reference update
[59.372s][info][gc            ] GC(46) Pause Final Update Refs 0.604ms
[59.372s][info][gc,start      ] GC(46) Concurrent cleanup
[59.372s][info][gc            ] GC(46) Concurrent cleanup 367M->336M(573M) 0.073ms
[59.372s][info][gc,ergo       ] Free: 1551M, Max: 512K regular, 533M humongous, Frag: 66% external, 0% internal; Reserve: 101888K, Max: 512K
[59.372s][info][gc,stats      ] 
[59.372s][info][gc,stats      ] All times are wall-clock times, except per-root-class counters, that are sum over
[59.372s][info][gc,stats      ] all workers. Dividing the <total> over the root stage time estimates parallelism.
[59.372s][info][gc,stats      ] 
[59.372s][info][gc,stats      ] Concurrent Reset                    359 us
[59.372s][info][gc,stats      ] Pause Init Mark (G)                3831 us
[59.372s][info][gc,stats      ] Pause Init Mark (N)                1492 us
[59.372s][info][gc,stats      ]   Accumulate Stats                   24 us
[59.373s][info][gc,stats      ]   Make Parsable                      25 us
[59.373s][info][gc,stats      ]   Update Region States               39 us
[59.373s][info][gc,stats      ]   Scan Roots                       1368 us, parallelism: 0.84x
[59.373s][info][gc,stats      ]     S: <total>                     1145 us
[59.373s][info][gc,stats      ]     S: Thread Roots                 607 us, workers (us): 607, 
[59.373s][info][gc,stats      ]     S: Universe Roots                 2 us, workers (us):   2, 
[59.373s][info][gc,stats      ]     S: JNI Handles Roots              1 us, workers (us):   1, 
[59.373s][info][gc,stats      ]     S: Synchronizer Roots             0 us, workers (us):   0, 
[59.373s][info][gc,stats      ]     S: Management Roots               1 us, workers (us):   1, 
[59.373s][info][gc,stats      ]     S: System Dict Roots             11 us, workers (us):  11, 
[59.373s][info][gc,stats      ]     S: CLDG Roots                   522 us, workers (us): 522, 
[59.373s][info][gc,stats      ]     S: JVMTI Roots                    0 us, workers (us):   0, 
[59.373s][info][gc,stats      ]   Resize TLABs                       12 us
[59.373s][info][gc,stats      ] Concurrent Marking               206563 us
[59.373s][info][gc,stats      ] Pause Final Mark (G)               3524 us
[59.373s][info][gc,stats      ] Pause Final Mark (N)               3320 us
[59.373s][info][gc,stats      ]   Finish Queues                      17 us
[59.373s][info][gc,stats      ]   System Purge                      270 us
[59.373s][info][gc,stats      ]     Weak Roots                      270 us
[59.373s][info][gc,stats      ]   Update Region States               44 us
[59.373s][info][gc,stats      ]   Retire TLABs                       14 us
[59.373s][info][gc,stats      ]   Choose Collection Set              61 us
[59.373s][info][gc,stats      ]   Rebuild Free Set                   13 us
[59.373s][info][gc,stats      ]   Initial Evacuation               2893 us, parallelism: 0.68x
[59.373s][info][gc,stats      ]     E: <total>                     1956 us
[59.373s][info][gc,stats      ]     E: Thread Roots                 693 us, workers (us): 693, 
[59.373s][info][gc,stats      ]     E: Code Cache Roots             635 us, workers (us): 635, 
[59.373s][info][gc,stats      ]     E: Universe Roots                 1 us, workers (us):   1, 
[59.373s][info][gc,stats      ]     E: JNI Handles Roots              1 us, workers (us):   1, 
[59.373s][info][gc,stats      ]     E: Synchronizer Roots             0 us, workers (us):   0, 
[59.373s][info][gc,stats      ]     E: Management Roots               1 us, workers (us):   1, 
[59.373s][info][gc,stats      ]     E: System Dict Roots             32 us, workers (us):  32, 
[59.373s][info][gc,stats      ]     E: CLDG Roots                   593 us, workers (us): 593, 
[59.373s][info][gc,stats      ]     E: JVMTI Roots                    0 us, workers (us):   0, 
[59.373s][info][gc,stats      ] Concurrent Cleanup                   90 us
[59.373s][info][gc,stats      ] Concurrent Evacuation              1487 us
[59.373s][info][gc,stats      ] Pause Init  Update Refs (G)         330 us
[59.373s][info][gc,stats      ] Pause Init  Update Refs (N)          17 us
[59.373s][info][gc,stats      ]   Retire GCLABs                      10 us
[59.373s][info][gc,stats      ] Concurrent Update Refs           265663 us
[59.373s][info][gc,stats      ] Pause Final Update Refs (G)        4260 us
[59.373s][info][gc,stats      ] Pause Final Update Refs (N)         584 us
[59.373s][info][gc,stats      ]   Update Roots                      519 us, parallelism: 0.99x
[59.373s][info][gc,stats      ]     UR: <total>                     512 us
[59.373s][info][gc,stats      ]     UR: Thread Roots                512 us, workers (us): 512, 
[59.373s][info][gc,stats      ]   Update Region States               42 us
[59.373s][info][gc,stats      ]   Trash Collection Set                2 us
[59.373s][info][gc,stats      ]   Rebuild Free Set                   14 us
[59.373s][info][gc,stats      ] Concurrent Cleanup                   67 us
[59.373s][info][gc,stats      ] 
[59.373s][info][gc,stats      ] Allocation pacing accrued:
[59.373s][info][gc,stats      ]       0 of   802 ms (  0.0%): <total>
[59.373s][info][gc,stats      ]       0 of   802 ms (  0.0%): <average total>
[59.373s][info][gc,stats      ] 
[59.373s][info][gc,metaspace  ] Metaspace: 60833K->60833K(1103872K)
[59.373s][info][gc,ergo       ] Pacer for Idle. Initial: 40724K, Alloc Tax Rate: 1.0x
[59.583s][info][gc            ] Trigger: Learning 4 of 5. Free (1390M) is below initial threshold (1391M)
[59.583s][info][gc,ergo       ] Free: 1391M, Max: 512K regular, 533M humongous, Frag: 62% external, 0% internal; Reserve: 101888K, Max: 512K
[59.583s][info][gc,start      ] GC(47) Concurrent reset
[59.583s][info][gc,task       ] GC(47) Using 1 of 1 workers for concurrent reset
[59.583s][info][gc,ergo       ] GC(47) Pacer for Reset. Non-Taxable: 1988M
[59.583s][info][gc            ] GC(47) Concurrent reset 0.316ms
[59.586s][info][gc,start      ] GC(47) Pause Init Mark
[59.586s][info][gc,task       ] GC(47) Using 1 of 1 workers for init marking
[59.587s][info][gc,ergo       ] GC(47) Pacer for Mark. Expected Live: 167M, Free: 1391M, Non-Taxable: 139M, Alloc Tax Rate: 0.1x
[59.587s][info][gc            ] GC(47) Pause Init Mark 1.475ms
[59.587s][info][gc,start      ] GC(47) Concurrent marking
[59.587s][info][gc,task       ] GC(47) Using 1 of 1 workers for concurrent marking
[59.783s][info][gc            ] GC(47) Concurrent marking 195.625ms
[59.783s][info][gc,start      ] GC(47) Pause Final Mark
[59.783s][info][gc,task       ] GC(47) Using 1 of 1 workers for final marking
[59.784s][info][gc,ergo       ] GC(47) Collectable Garbage: 325M (98%), Immediate: 325M (98%), CSet: 0B (0%)
[59.784s][info][gc            ] GC(47) Pause Final Mark 0.391ms
[59.784s][info][gc,start      ] GC(47) Concurrent cleanup
[59.784s][info][gc            ] GC(47) Concurrent cleanup 566M->241M(573M) 0.094ms
[59.784s][info][gc,ergo       ] GC(47) Free: 1646M, Max: 512K regular, 533M humongous, Frag: 68% external, 0% internal; Reserve: 101888K, Max: 512K
[59.784s][info][gc,ergo       ] Free: 1646M, Max: 512K regular, 533M humongous, Frag: 68% external, 0% internal; Reserve: 101888K, Max: 512K
[59.784s][info][gc,stats      ] 
[59.784s][info][gc,stats      ] All times are wall-clock times, except per-root-class counters, that are sum over
[59.784s][info][gc,stats      ] all workers. Dividing the <total> over the root stage time estimates parallelism.
[59.784s][info][gc,stats      ] 
[59.784s][info][gc,stats      ] Concurrent Reset                    305 us
[59.784s][info][gc,stats      ] Pause Init Mark (G)                3786 us
[59.784s][info][gc,stats      ] Pause Init Mark (N)                1459 us
[59.784s][info][gc,stats      ]   Accumulate Stats                   24 us
[59.784s][info][gc,stats      ]   Make Parsable                      16 us
[59.784s][info][gc,stats      ]   Update Region States               36 us
[59.784s][info][gc,stats      ]   Scan Roots                       1349 us, parallelism: 0.82x
[59.784s][info][gc,stats      ]     S: <total>                     1111 us
[59.784s][info][gc,stats      ]     S: Thread Roots                 580 us, workers (us): 580, 
[59.784s][info][gc,stats      ]     S: Universe Roots                 2 us, workers (us):   2, 
[59.784s][info][gc,stats      ]     S: JNI Handles Roots              1 us, workers (us):   1, 
[59.784s][info][gc,stats      ]     S: Synchronizer Roots             0 us, workers (us):   0, 
[59.784s][info][gc,stats      ]     S: Management Roots               1 us, workers (us):   1, 
[59.784s][info][gc,stats      ]     S: System Dict Roots             20 us, workers (us):  20, 
[59.784s][info][gc,stats      ]     S: CLDG Roots                   506 us, workers (us): 506, 
[59.784s][info][gc,stats      ]     S: JVMTI Roots                    0 us, workers (us):   0, 
[59.784s][info][gc,stats      ]   Resize TLABs                       13 us
[59.784s][info][gc,stats      ] Concurrent Marking               195619 us
[59.784s][info][gc,stats      ] Pause Final Mark (G)                664 us
[59.784s][info][gc,stats      ] Pause Final Mark (N)                376 us
[59.784s][info][gc,stats      ]   Finish Queues                      26 us
[59.784s][info][gc,stats      ]   System Purge                      251 us
[59.784s][info][gc,stats      ]     Weak Roots                      250 us
[59.784s][info][gc,stats      ]   Update Region States               42 us
[59.784s][info][gc,stats      ]   Retire TLABs                       20 us
[59.784s][info][gc,stats      ]   Choose Collection Set              18 us
[59.784s][info][gc,stats      ]   Rebuild Free Set                   13 us
[59.784s][info][gc,stats      ] Concurrent Cleanup                   88 us
[59.784s][info][gc,stats      ] 
[59.784s][info][gc,stats      ] Allocation pacing accrued:
[59.784s][info][gc,stats      ]       0 of   411 ms (  0.0%): <total>
[59.784s][info][gc,stats      ]       0 of   411 ms (  0.0%): <average total>
[59.784s][info][gc,stats      ] 
[59.784s][info][gc,metaspace  ] Metaspace: 60833K->60833K(1103872K)
[59.784s][info][gc,ergo       ] Pacer for Idle. Initial: 40724K, Alloc Tax Rate: 1.0x
[60.114s][info][gc            ] Trigger: Learning 5 of 5. Free (1391M) is below initial threshold (1391M)
[60.114s][info][gc,ergo       ] Free: 1391M, Max: 512K regular, 533M humongous, Frag: 62% external, 0% internal; Reserve: 101888K, Max: 512K
[60.114s][info][gc,start      ] GC(48) Concurrent reset
[60.114s][info][gc,task       ] GC(48) Using 1 of 1 workers for concurrent reset
[60.114s][info][gc,ergo       ] GC(48) Pacer for Reset. Non-Taxable: 1988M
[60.114s][info][gc            ] GC(48) Concurrent reset 0.273ms
[60.117s][info][gc,start      ] GC(48) Pause Init Mark
[60.117s][info][gc,task       ] GC(48) Using 1 of 1 workers for init marking
[60.118s][info][gc,ergo       ] GC(48) Pacer for Mark. Expected Live: 167M, Free: 1391M, Non-Taxable: 139M, Alloc Tax Rate: 0.1x
[60.118s][info][gc            ] GC(48) Pause Init Mark 1.470ms
[60.118s][info][gc,start      ] GC(48) Concurrent marking
[60.118s][info][gc,task       ] GC(48) Using 1 of 1 workers for concurrent marking
[60.317s][info][gc            ] GC(48) Concurrent marking 199.339ms
[60.318s][info][gc,start      ] GC(48) Pause Final Mark
[60.318s][info][gc,task       ] GC(48) Using 1 of 1 workers for final marking
[60.318s][info][gc,ergo       ] GC(48) Collectable Garbage: 324M (98%), Immediate: 324M (98%), CSet: 0B (0%)
[60.318s][info][gc            ] GC(48) Pause Final Mark 0.394ms
[60.320s][info][gc,start      ] GC(48) Concurrent cleanup
[60.320s][info][gc            ] GC(48) Concurrent cleanup 566M->244M(573M) 0.099ms
[60.320s][info][gc,ergo       ] GC(48) Free: 1643M, Max: 512K regular, 533M humongous, Frag: 68% external, 0% internal; Reserve: 101888K, Max: 512K
[60.320s][info][gc,ergo       ] Free: 1643M, Max: 512K regular, 533M humongous, Frag: 68% external, 0% internal; Reserve: 101888K, Max: 512K
[60.320s][info][gc,stats      ] 
[60.320s][info][gc,stats      ] All times are wall-clock times, except per-root-class counters, that are sum over
[60.320s][info][gc,stats      ] all workers. Dividing the <total> over the root stage time estimates parallelism.
[60.320s][info][gc,stats      ] 
[60.320s][info][gc,stats      ] Concurrent Reset                    266 us
[60.320s][info][gc,stats      ] Pause Init Mark (G)                3778 us
[60.320s][info][gc,stats      ] Pause Init Mark (N)                1453 us
[60.320s][info][gc,stats      ]   Accumulate Stats                   23 us
[60.320s][info][gc,stats      ]   Make Parsable                      15 us
[60.320s][info][gc,stats      ]   Update Region States               37 us
[60.320s][info][gc,stats      ]   Scan Roots                       1343 us, parallelism: 0.82x
[60.320s][info][gc,stats      ]     S: <total>                     1105 us
[60.320s][info][gc,stats      ]     S: Thread Roots                 590 us, workers (us): 590, 
[60.320s][info][gc,stats      ]     S: Universe Roots                 2 us, workers (us):   2, 
[60.320s][info][gc,stats      ]     S: JNI Handles Roots              1 us, workers (us):   1, 
[60.320s][info][gc,stats      ]     S: Synchronizer Roots             0 us, workers (us):   0, 
[60.320s][info][gc,stats      ]     S: Management Roots               1 us, workers (us):   1, 
[60.320s][info][gc,stats      ]     S: System Dict Roots             11 us, workers (us):  11, 
[60.320s][info][gc,stats      ]     S: CLDG Roots                   499 us, workers (us): 499, 
[60.320s][info][gc,stats      ]     S: JVMTI Roots                    0 us, workers (us):   0, 
[60.320s][info][gc,stats      ]   Resize TLABs                       14 us
[60.320s][info][gc,stats      ] Concurrent Marking               199333 us
[60.320s][info][gc,stats      ] Pause Final Mark (G)               2755 us
[60.320s][info][gc,stats      ] Pause Final Mark (N)                383 us
[60.320s][info][gc,stats      ]   Finish Queues                      20 us
[60.320s][info][gc,stats      ]   System Purge                      263 us
[60.320s][info][gc,stats      ]     Weak Roots                      263 us
[60.320s][info][gc,stats      ]   Update Region States               42 us
[60.320s][info][gc,stats      ]   Retire TLABs                       21 us
[60.320s][info][gc,stats      ]   Choose Collection Set              17 us
[60.320s][info][gc,stats      ]   Rebuild Free Set                   13 us
[60.320s][info][gc,stats      ] Concurrent Cleanup                   88 us
[60.320s][info][gc,stats      ] 
[60.320s][info][gc,stats      ] Allocation pacing accrued:
[60.320s][info][gc,stats      ]       0 of   537 ms (  0.0%): <total>
[60.320s][info][gc,stats      ]       0 of   537 ms (  0.0%): <average total>
[60.320s][info][gc,stats      ] 
[60.320s][info][gc,metaspace  ] Metaspace: 60833K->60833K(1103872K)
[60.320s][info][gc,ergo       ] Pacer for Idle. Initial: 40724K, Alloc Tax Rate: 1.0x
[61.902s][info][gc            ] Trigger: Explicit GC request (System.gc())
[61.902s][info][gc,ergo       ] Free: 597M, Max: 512K regular, 533M humongous, Frag: 11% external, 0% internal; Reserve: 101888K, Max: 512K
[61.902s][info][gc,start      ] GC(49) Concurrent reset
[61.902s][info][gc,task       ] GC(49) Using 1 of 1 workers for concurrent reset
[61.902s][info][gc,ergo       ] GC(49) Pacer for Reset. Non-Taxable: 1988M
[61.902s][info][gc            ] GC(49) Concurrent reset 0.320ms
[61.903s][info][gc,start      ] GC(49) Pause Init Mark (process weakrefs) (unload classes)
[61.903s][info][gc,task       ] GC(49) Using 1 of 1 workers for init marking
[61.904s][info][gc,ergo       ] GC(49) Pacer for Mark. Expected Live: 167M, Free: 597M, Non-Taxable: 61166K, Alloc Tax Rate: 0.3x
[61.904s][info][gc            ] GC(49) Pause Init Mark (process weakrefs) (unload classes) 1.022ms
[61.904s][info][gc,start      ] GC(49) Concurrent marking (process weakrefs) (unload classes)
[61.904s][info][gc,task       ] GC(49) Using 1 of 1 workers for concurrent marking
[62.010s][info][gc            ] GC(49) Concurrent marking (process weakrefs) (unload classes) 106.266ms
[62.010s][info][gc,start      ] GC(49) Concurrent precleaning
[62.010s][info][gc,task       ] GC(49) Using 1 of 1 workers for concurrent preclean
[62.010s][info][gc,ergo       ] GC(49) Pacer for Precleaning. Non-Taxable: 1988M
[62.010s][info][gc            ] GC(49) Concurrent precleaning 0.245ms
[62.010s][info][gc,start      ] GC(49) Pause Final Mark (process weakrefs) (unload classes)
[62.010s][info][gc,task       ] GC(49) Using 1 of 1 workers for final marking
[62.033s][info][gc,stringtable] GC(49) Cleaned string and symbol table, strings: 18604 processed, 0 removed, symbols: 131970 processed, 200 removed
[62.033s][info][gc,ergo       ] GC(49) Collectable Garbage: 1117M (99%), Immediate: 1117M (99%), CSet: 0B (0%)
[62.033s][info][gc            ] GC(49) Pause Final Mark (process weakrefs) (unload classes) 22.930ms
[62.033s][info][gc,start      ] GC(49) Concurrent cleanup
[62.033s][info][gc            ] GC(49) Concurrent cleanup 1289M->172M(1295M) 0.156ms
[62.033s][info][gc,ergo       ] GC(49) Free: 1715M, Max: 512K regular, 640M humongous, Frag: 63% external, 0% internal; Reserve: 101888K, Max: 512K
[62.033s][info][gc,ergo       ] Free: 1715M, Max: 512K regular, 640M humongous, Frag: 63% external, 0% internal; Reserve: 101888K, Max: 512K
[62.033s][info][gc,stats      ] 
[62.033s][info][gc,stats      ] All times are wall-clock times, except per-root-class counters, that are sum over
[62.034s][info][gc,stats      ] all workers. Dividing the <total> over the root stage time estimates parallelism.
[62.034s][info][gc,stats      ] 
[62.034s][info][gc,stats      ] Concurrent Reset                    310 us
[62.034s][info][gc,stats      ] Pause Init Mark (G)                1371 us
[62.034s][info][gc,stats      ] Pause Init Mark (N)                1010 us
[62.034s][info][gc,stats      ]   Accumulate Stats                   25 us
[62.034s][info][gc,stats      ]   Make Parsable                      18 us
[62.034s][info][gc,stats      ]   Update Region States               38 us
[62.034s][info][gc,stats      ]   Scan Roots                        901 us, parallelism: 0.71x
[62.034s][info][gc,stats      ]     S: <total>                      642 us
[62.034s][info][gc,stats      ]     S: Thread Roots                 537 us, workers (us): 537, 
[62.034s][info][gc,stats      ]     S: Universe Roots                 2 us, workers (us):   2, 
[62.034s][info][gc,stats      ]     S: JNI Handles Roots              1 us, workers (us):   1, 
[62.034s][info][gc,stats      ]     S: Synchronizer Roots             0 us, workers (us):   0, 
[62.034s][info][gc,stats      ]     S: Management Roots               2 us, workers (us):   2, 
[62.034s][info][gc,stats      ]     S: System Dict Roots             11 us, workers (us):  11, 
[62.034s][info][gc,stats      ]     S: CLDG Roots                    89 us, workers (us):  89, 
[62.034s][info][gc,stats      ]     S: JVMTI Roots                    0 us, workers (us):   0, 
[62.034s][info][gc,stats      ]   Resize TLABs                        9 us
[62.034s][info][gc,stats      ] Concurrent Marking               106261 us
[62.034s][info][gc,stats      ] Concurrent Precleaning              236 us
[62.034s][info][gc,stats      ] Pause Final Mark (G)              23146 us
[62.034s][info][gc,stats      ] Pause Final Mark (N)              22902 us
[62.034s][info][gc,stats      ]   Finish Queues                     153 us
[62.034s][info][gc,stats      ]   Weak References                    50 us
[62.034s][info][gc,stats      ]     Process                          47 us
[62.034s][info][gc,stats      ]   System Purge                      263 us
[62.034s][info][gc,stats      ]     Unload Classes                 1013 us
[62.034s][info][gc,stats      ]     Cleanup                       21079 us, parallelism: 1.00x
[62.034s][info][gc,stats      ]       CU: <total>                 21028 us
[62.034s][info][gc,stats      ]       CU: Code Cache Roots         8466 us, workers (us): 8466, 
[62.034s][info][gc,stats      ]       CU: Code Cache Cleaning      1530 us, workers (us): 1530, 
[62.034s][info][gc,stats      ]       CU: String Table Roots       5344 us, workers (us): 5344, 
[62.034s][info][gc,stats      ]       CU: Resolved Table Roots      129 us, workers (us): 129, 
[62.034s][info][gc,stats      ]       CU: CLDG Roots               5559 us, workers (us): 5559, 
[62.034s][info][gc,stats      ]     Weak Roots                      263 us
[62.034s][info][gc,stats      ]     CLDG                            211 us
[62.034s][info][gc,stats      ]   Update Region States               46 us
[62.034s][info][gc,stats      ]   Retire TLABs                       39 us
[62.034s][info][gc,stats      ]   Choose Collection Set              27 us
[62.034s][info][gc,stats      ]   Rebuild Free Set                   13 us
[62.034s][info][gc,stats      ] Concurrent Cleanup                  148 us
[62.034s][info][gc,stats      ] 
[62.034s][info][gc,stats      ] Allocation pacing accrued:
[62.034s][info][gc,stats      ]       0 of  1713 ms (  0.0%): <total>
[62.034s][info][gc,stats      ]       0 of  1713 ms (  0.0%): <average total>
[62.034s][info][gc,stats      ] 
[62.034s][info][gc,metaspace  ] Metaspace: 60876K->60498K(1103872K)
[62.034s][info][gc,ergo       ] Pacer for Idle. Initial: 40724K, Alloc Tax Rate: 1.0x
[62.034s][info][gc,start      ] Concurrent uncommit
[62.072s][info][gc            ] Concurrent uncommit 172M->172M(175M) 38.414ms
[62.783s][info][gc            ] Trigger: Learning 2 of 5. Free (1391M) is below initial threshold (1391M)
[62.783s][info][gc,ergo       ] Free: 1391M, Max: 512K regular, 533M humongous, Frag: 62% external, 0% internal; Reserve: 101888K, Max: 512K
[62.783s][info][gc,start      ] GC(50) Concurrent reset
[62.783s][info][gc,task       ] GC(50) Using 1 of 1 workers for concurrent reset
[62.783s][info][gc,ergo       ] GC(50) Pacer for Reset. Non-Taxable: 1988M
[62.784s][info][gc            ] GC(50) Concurrent reset 0.325ms
[62.786s][info][gc,start      ] GC(50) Pause Init Mark (process weakrefs)
[62.786s][info][gc,task       ] GC(50) Using 1 of 1 workers for init marking
[62.788s][info][gc,ergo       ] GC(50) Pacer for Mark. Expected Live: 167M, Free: 1391M, Non-Taxable: 139M, Alloc Tax Rate: 0.1x
[62.788s][info][gc            ] GC(50) Pause Init Mark (process weakrefs) 1.577ms
[62.788s][info][gc,start      ] GC(50) Concurrent marking (process weakrefs)
[62.788s][info][gc,task       ] GC(50) Using 1 of 1 workers for concurrent marking
[62.989s][info][gc            ] GC(50) Concurrent marking (process weakrefs) 201.506ms
[62.989s][info][gc,start      ] GC(50) Concurrent precleaning
[62.989s][info][gc,task       ] GC(50) Using 1 of 1 workers for concurrent preclean
[62.989s][info][gc,ergo       ] GC(50) Pacer for Precleaning. Non-Taxable: 1988M
[62.990s][info][gc            ] GC(50) Concurrent precleaning 0.580ms
[62.990s][info][gc,start      ] GC(50) Pause Final Mark (process weakrefs)
[62.990s][info][gc,task       ] GC(50) Using 1 of 1 workers for final marking
[62.991s][info][gc,ergo       ] GC(50) Collectable Garbage: 301M (92%), Immediate: 301M (92%), CSet: 0B (0%)
[62.991s][info][gc            ] GC(50) Pause Final Mark (process weakrefs) 0.679ms
[62.991s][info][gc,start      ] GC(50) Concurrent cleanup
[62.991s][info][gc            ] GC(50) Concurrent cleanup 555M->254M(560M) 0.093ms
[62.991s][info][gc,ergo       ] GC(50) Free: 1633M, Max: 512K regular, 533M humongous, Frag: 68% external, 0% internal; Reserve: 101888K, Max: 512K
[62.991s][info][gc,ergo       ] Free: 1633M, Max: 512K regular, 533M humongous, Frag: 68% external, 0% internal; Reserve: 101888K, Max: 512K
[62.991s][info][gc,stats      ] 
[62.991s][info][gc,stats      ] All times are wall-clock times, except per-root-class counters, that are sum over
[62.991s][info][gc,stats      ] all workers. Dividing the <total> over the root stage time estimates parallelism.
[62.991s][info][gc,stats      ] 
[62.991s][info][gc,stats      ] Concurrent Reset                    315 us
[62.991s][info][gc,stats      ] Pause Init Mark (G)                3958 us
[62.991s][info][gc,stats      ] Pause Init Mark (N)                1561 us
[62.991s][info][gc,stats      ]   Accumulate Stats                   25 us
[62.991s][info][gc,stats      ]   Make Parsable                      20 us
[62.991s][info][gc,stats      ]   Update Region States               37 us
[62.991s][info][gc,stats      ]   Scan Roots                       1440 us, parallelism: 0.84x
[62.991s][info][gc,stats      ]     S: <total>                     1203 us
[62.991s][info][gc,stats      ]     S: Thread Roots                 633 us, workers (us): 633, 
[62.991s][info][gc,stats      ]     S: Universe Roots                 2 us, workers (us):   2, 
[62.991s][info][gc,stats      ]     S: JNI Handles Roots              1 us, workers (us):   1, 
[62.991s][info][gc,stats      ]     S: Synchronizer Roots             0 us, workers (us):   0, 
[62.991s][info][gc,stats      ]     S: Management Roots               1 us, workers (us):   1, 
[62.991s][info][gc,stats      ]     S: System Dict Roots             12 us, workers (us):  12, 
[62.991s][info][gc,stats      ]     S: CLDG Roots                   553 us, workers (us): 553, 
[62.991s][info][gc,stats      ]     S: JVMTI Roots                    0 us, workers (us):   0, 
[62.991s][info][gc,stats      ]   Resize TLABs                       14 us
[62.991s][info][gc,stats      ] Concurrent Marking               201497 us
[62.991s][info][gc,stats      ] Concurrent Precleaning              570 us
[62.991s][info][gc,stats      ] Pause Final Mark (G)                914 us
[62.991s][info][gc,stats      ] Pause Final Mark (N)                673 us
[62.991s][info][gc,stats      ]   Finish Queues                      21 us
[62.991s][info][gc,stats      ]   Weak References                    21 us
[62.991s][info][gc,stats      ]     Process                          19 us
[62.991s][info][gc,stats      ]   System Purge                      271 us
[62.991s][info][gc,stats      ]     Weak Roots                      271 us
[62.991s][info][gc,stats      ]   Update Region States              285 us
[62.991s][info][gc,stats      ]   Retire TLABs                       30 us
[62.991s][info][gc,stats      ]   Choose Collection Set              26 us
[62.991s][info][gc,stats      ]   Rebuild Free Set                   13 us
[62.991s][info][gc,stats      ] Concurrent Cleanup                   87 us
[62.991s][info][gc,stats      ] 
[62.991s][info][gc,stats      ] Allocation pacing accrued:
[62.991s][info][gc,stats      ]       0 of   957 ms (  0.0%): <total>
[62.991s][info][gc,stats      ]       0 of   957 ms (  0.0%): <average total>
[62.991s][info][gc,stats      ] 
[62.991s][info][gc,metaspace  ] Metaspace: 60907K->60907K(1103872K)
[62.991s][info][gc,ergo       ] Pacer for Idle. Initial: 40724K, Alloc Tax Rate: 1.0x
[63.315s][info][gc            ] Trigger: Learning 3 of 5. Free (1390M) is below initial threshold (1391M)
[63.315s][info][gc,ergo       ] Free: 1390M, Max: 512K regular, 533M humongous, Frag: 62% external, 0% internal; Reserve: 101888K, Max: 512K
[63.315s][info][gc,start      ] GC(51) Concurrent reset
[63.315s][info][gc,task       ] GC(51) Using 1 of 1 workers for concurrent reset
[63.315s][info][gc,ergo       ] GC(51) Pacer for Reset. Non-Taxable: 1988M
[63.315s][info][gc            ] GC(51) Concurrent reset 0.305ms
[63.318s][info][gc,start      ] GC(51) Pause Init Mark
[63.318s][info][gc,task       ] GC(51) Using 1 of 1 workers for init marking
[63.319s][info][gc,ergo       ] GC(51) Pacer for Mark. Expected Live: 167M, Free: 1390M, Non-Taxable: 139M, Alloc Tax Rate: 0.1x
[63.319s][info][gc            ] GC(51) Pause Init Mark 1.511ms
[63.319s][info][gc,start      ] GC(51) Concurrent marking
[63.319s][info][gc,task       ] GC(51) Using 1 of 1 workers for concurrent marking
[63.518s][info][gc            ] GC(51) Concurrent marking 198.605ms
[63.518s][info][gc,start      ] GC(51) Pause Final Mark
[63.518s][info][gc,task       ] GC(51) Using 1 of 1 workers for final marking
[63.518s][info][gc,ergo       ] GC(51) Collectable Garbage: 302M (91%), Immediate: 302M (91%), CSet: 0B (0%)
[63.518s][info][gc            ] GC(51) Pause Final Mark 0.436ms
[63.518s][info][gc,start      ] GC(51) Concurrent cleanup
[63.518s][info][gc            ] GC(51) Concurrent cleanup 566M->264M(569M) 0.092ms
[63.518s][info][gc,ergo       ] GC(51) Free: 1623M, Max: 512K regular, 533M humongous, Frag: 68% external, 0% internal; Reserve: 101888K, Max: 512K
[63.518s][info][gc,ergo       ] Free: 1623M, Max: 512K regular, 533M humongous, Frag: 68% external, 0% internal; Reserve: 101888K, Max: 512K
[63.518s][info][gc,stats      ] 
[63.518s][info][gc,stats      ] All times are wall-clock times, except per-root-class counters, that are sum over
[63.518s][info][gc,stats      ] all workers. Dividing the <total> over the root stage time estimates parallelism.
[63.518s][info][gc,stats      ] 
[63.518s][info][gc,stats      ] Concurrent Reset                    297 us
[63.518s][info][gc,stats      ] Pause Init Mark (G)                3831 us
[63.519s][info][gc,stats      ] Pause Init Mark (N)                1495 us
[63.519s][info][gc,stats      ]   Accumulate Stats                   26 us
[63.519s][info][gc,stats      ]   Make Parsable                      17 us
[63.519s][info][gc,stats      ]   Update Region States               38 us
[63.519s][info][gc,stats      ]   Scan Roots                       1377 us, parallelism: 0.83x
[63.519s][info][gc,stats      ]     S: <total>                     1141 us
[63.519s][info][gc,stats      ]     S: Thread Roots                 618 us, workers (us): 618, 
[63.519s][info][gc,stats      ]     S: Universe Roots                 2 us, workers (us):   2, 
[63.519s][info][gc,stats      ]     S: JNI Handles Roots              1 us, workers (us):   1, 
[63.519s][info][gc,stats      ]     S: Synchronizer Roots             0 us, workers (us):   0, 
[63.519s][info][gc,stats      ]     S: Management Roots               1 us, workers (us):   1, 
[63.519s][info][gc,stats      ]     S: System Dict Roots             13 us, workers (us):  13, 
[63.519s][info][gc,stats      ]     S: CLDG Roots                   505 us, workers (us): 505, 
[63.519s][info][gc,stats      ]     S: JVMTI Roots                    0 us, workers (us):   0, 
[63.519s][info][gc,stats      ]   Resize TLABs                       14 us
[63.519s][info][gc,stats      ] Concurrent Marking               198598 us
[63.519s][info][gc,stats      ] Pause Final Mark (G)                609 us
[63.519s][info][gc,stats      ] Pause Final Mark (N)                425 us
[63.519s][info][gc,stats      ]   Finish Queues                      17 us
[63.519s][info][gc,stats      ]   System Purge                      299 us
[63.519s][info][gc,stats      ]     Weak Roots                      298 us
[63.519s][info][gc,stats      ]   Update Region States               45 us
[63.519s][info][gc,stats      ]   Retire TLABs                       24 us
[63.519s][info][gc,stats      ]   Choose Collection Set              20 us
[63.519s][info][gc,stats      ]   Rebuild Free Set                   14 us
[63.519s][info][gc,stats      ] Concurrent Cleanup                   87 us
[63.519s][info][gc,stats      ] 
[63.519s][info][gc,stats      ] Allocation pacing accrued:
[63.519s][info][gc,stats      ]       0 of   528 ms (  0.0%): <total>
[63.519s][info][gc,stats      ]       0 of   528 ms (  0.0%): <average total>
[63.519s][info][gc,stats      ] 
[63.519s][info][gc,metaspace  ] Metaspace: 60909K->60909K(1103872K)
[63.519s][info][gc,ergo       ] Pacer for Idle. Initial: 40724K, Alloc Tax Rate: 1.0x
[63.824s][info][gc            ] Trigger: Learning 4 of 5. Free (1390M) is below initial threshold (1391M)
[63.824s][info][gc,ergo       ] Free: 1390M, Max: 512K regular, 533M humongous, Frag: 62% external, 0% internal; Reserve: 101888K, Max: 512K
[63.824s][info][gc,start      ] GC(52) Concurrent reset
[63.824s][info][gc,task       ] GC(52) Using 1 of 1 workers for concurrent reset
[63.824s][info][gc,ergo       ] GC(52) Pacer for Reset. Non-Taxable: 1988M
[63.824s][info][gc            ] GC(52) Concurrent reset 0.310ms
[63.827s][info][gc,start      ] GC(52) Pause Init Mark
[63.827s][info][gc,task       ] GC(52) Using 1 of 1 workers for init marking
[63.828s][info][gc,ergo       ] GC(52) Pacer for Mark. Expected Live: 167M, Free: 1390M, Non-Taxable: 139M, Alloc Tax Rate: 0.1x
[63.828s][info][gc            ] GC(52) Pause Init Mark 1.549ms
[63.828s][info][gc,start      ] GC(52) Concurrent marking
[63.828s][info][gc,task       ] GC(52) Using 1 of 1 workers for concurrent marking
[64.040s][info][gc            ] GC(52) Concurrent marking 211.479ms
[64.040s][info][gc,start      ] GC(52) Pause Final Mark
[64.040s][info][gc,task       ] GC(52) Using 1 of 1 workers for final marking
[64.040s][info][gc,ergo       ] GC(52) Collectable Garbage: 302M (91%), Immediate: 302M (91%), CSet: 0B (0%)
[64.040s][info][gc            ] GC(52) Pause Final Mark 0.385ms
[64.040s][info][gc,start      ] GC(52) Concurrent cleanup
[64.040s][info][gc            ] GC(52) Concurrent cleanup 572M->270M(575M) 0.092ms
[64.040s][info][gc,ergo       ] GC(52) Free: 1617M, Max: 512K regular, 533M humongous, Frag: 68% external, 0% internal; Reserve: 101888K, Max: 512K
[64.040s][info][gc,ergo       ] Free: 1617M, Max: 512K regular, 533M humongous, Frag: 68% external, 0% internal; Reserve: 101888K, Max: 512K
[64.040s][info][gc,stats      ] 
[64.040s][info][gc,stats      ] All times are wall-clock times, except per-root-class counters, that are sum over
[64.040s][info][gc,stats      ] all workers. Dividing the <total> over the root stage time estimates parallelism.
[64.041s][info][gc,stats      ] 
[64.041s][info][gc,stats      ] Concurrent Reset                    302 us
[64.041s][info][gc,stats      ] Pause Init Mark (G)                3870 us
[64.041s][info][gc,stats      ] Pause Init Mark (N)                1536 us
[64.041s][info][gc,stats      ]   Accumulate Stats                   25 us
[64.041s][info][gc,stats      ]   Make Parsable                      16 us
[64.041s][info][gc,stats      ]   Update Region States               36 us
[64.041s][info][gc,stats      ]   Scan Roots                       1418 us, parallelism: 0.83x
[64.041s][info][gc,stats      ]     S: <total>                     1181 us
[64.041s][info][gc,stats      ]     S: Thread Roots                 650 us, workers (us): 650, 
[64.041s][info][gc,stats      ]     S: Universe Roots                 2 us, workers (us):   2, 
[64.041s][info][gc,stats      ]     S: JNI Handles Roots              1 us, workers (us):   1, 
[64.041s][info][gc,stats      ]     S: Synchronizer Roots             0 us, workers (us):   0, 
[64.041s][info][gc,stats      ]     S: Management Roots               1 us, workers (us):   1, 
[64.041s][info][gc,stats      ]     S: System Dict Roots             11 us, workers (us):  11, 
[64.041s][info][gc,stats      ]     S: CLDG Roots                   514 us, workers (us): 514, 
[64.041s][info][gc,stats      ]     S: JVMTI Roots                    0 us, workers (us):   0, 
[64.041s][info][gc,stats      ]   Resize TLABs                       14 us
[64.041s][info][gc,stats      ] Concurrent Marking               211472 us
[64.041s][info][gc,stats      ] Pause Final Mark (G)                571 us
[64.041s][info][gc,stats      ] Pause Final Mark (N)                373 us
[64.041s][info][gc,stats      ]   Finish Queues                      19 us
[64.041s][info][gc,stats      ]   System Purge                      247 us
[64.041s][info][gc,stats      ]     Weak Roots                      247 us
[64.041s][info][gc,stats      ]   Update Region States               52 us
[64.041s][info][gc,stats      ]   Retire TLABs                       16 us
[64.041s][info][gc,stats      ]   Choose Collection Set              18 us
[64.041s][info][gc,stats      ]   Rebuild Free Set                   14 us
[64.041s][info][gc,stats      ] Concurrent Cleanup                   87 us
[64.041s][info][gc,stats      ] 
[64.041s][info][gc,stats      ] Allocation pacing accrued:
[64.041s][info][gc,stats      ]       0 of   522 ms (  0.0%): <total>
[64.041s][info][gc,stats      ]       0 of   522 ms (  0.0%): <average total>
[64.041s][info][gc,stats      ] 
[64.041s][info][gc,metaspace  ] Metaspace: 60909K->60909K(1103872K)
[64.041s][info][gc,ergo       ] Pacer for Idle. Initial: 40724K, Alloc Tax Rate: 1.0x
[64.340s][info][gc            ] Trigger: Learning 5 of 5. Free (1390M) is below initial threshold (1391M)
[64.340s][info][gc,ergo       ] Free: 1390M, Max: 512K regular, 533M humongous, Frag: 62% external, 0% internal; Reserve: 101888K, Max: 512K
[64.340s][info][gc,start      ] GC(53) Concurrent reset
[64.340s][info][gc,task       ] GC(53) Using 1 of 1 workers for concurrent reset
[64.340s][info][gc,ergo       ] GC(53) Pacer for Reset. Non-Taxable: 1988M
[64.340s][info][gc            ] GC(53) Concurrent reset 0.304ms
[64.343s][info][gc,start      ] GC(53) Pause Init Mark
[64.343s][info][gc,task       ] GC(53) Using 1 of 1 workers for init marking
[64.344s][info][gc,ergo       ] GC(53) Pacer for Mark. Expected Live: 167M, Free: 1390M, Non-Taxable: 139M, Alloc Tax Rate: 0.1x
[64.344s][info][gc            ] GC(53) Pause Init Mark 1.706ms
[64.344s][info][gc,start      ] GC(53) Concurrent marking
[64.344s][info][gc,task       ] GC(53) Using 1 of 1 workers for concurrent marking
[64.545s][info][gc            ] GC(53) Concurrent marking 200.894ms
[64.545s][info][gc,start      ] GC(53) Pause Final Mark
[64.545s][info][gc,task       ] GC(53) Using 1 of 1 workers for final marking
[64.546s][info][gc,ergo       ] GC(53) Collectable Garbage: 302M (91%), Immediate: 302M (91%), CSet: 0B (0%)
[64.546s][info][gc            ] GC(53) Pause Final Mark 0.371ms
[64.546s][info][gc,start      ] GC(53) Concurrent cleanup
[64.546s][info][gc            ] GC(53) Concurrent cleanup 566M->264M(575M) 0.092ms
[64.546s][info][gc,ergo       ] GC(53) Free: 1623M, Max: 512K regular, 533M humongous, Frag: 68% external, 0% internal; Reserve: 101888K, Max: 512K
[64.546s][info][gc,ergo       ] Free: 1623M, Max: 512K regular, 533M humongous, Frag: 68% external, 0% internal; Reserve: 101888K, Max: 512K
[64.546s][info][gc,stats      ] 
[64.546s][info][gc,stats      ] All times are wall-clock times, except per-root-class counters, that are sum over
[64.546s][info][gc,stats      ] all workers. Dividing the <total> over the root stage time estimates parallelism.
[64.546s][info][gc,stats      ] 
[64.546s][info][gc,stats      ] Concurrent Reset                    295 us
[64.546s][info][gc,stats      ] Pause Init Mark (G)                4029 us
[64.546s][info][gc,stats      ] Pause Init Mark (N)                1691 us
[64.546s][info][gc,stats      ]   Accumulate Stats                   26 us
[64.546s][info][gc,stats      ]   Make Parsable                      16 us
[64.546s][info][gc,stats      ]   Update Region States               34 us
[64.546s][info][gc,stats      ]   Scan Roots                       1560 us, parallelism: 0.77x
[64.546s][info][gc,stats      ]     S: <total>                     1199 us
[64.546s][info][gc,stats      ]     S: Thread Roots                 677 us, workers (us): 677, 
[64.546s][info][gc,stats      ]     S: Universe Roots                 2 us, workers (us):   2, 
[64.546s][info][gc,stats      ]     S: JNI Handles Roots              1 us, workers (us):   1, 
[64.546s][info][gc,stats      ]     S: Synchronizer Roots             0 us, workers (us):   0, 
[64.546s][info][gc,stats      ]     S: Management Roots               1 us, workers (us):   1, 
[64.546s][info][gc,stats      ]     S: System Dict Roots             11 us, workers (us):  11, 
[64.546s][info][gc,stats      ]     S: CLDG Roots                   507 us, workers (us): 507, 
[64.546s][info][gc,stats      ]     S: JVMTI Roots                    0 us, workers (us):   0, 
[64.546s][info][gc,stats      ]   Resize TLABs                       19 us
[64.546s][info][gc,stats      ] Concurrent Marking               200887 us
[64.546s][info][gc,stats      ] Pause Final Mark (G)                536 us
[64.546s][info][gc,stats      ] Pause Final Mark (N)                361 us
[64.546s][info][gc,stats      ]   Finish Queues                      17 us
[64.546s][info][gc,stats      ]   System Purge                      244 us
[64.546s][info][gc,stats      ]     Weak Roots                      244 us
[64.546s][info][gc,stats      ]   Update Region States               42 us
[64.546s][info][gc,stats      ]   Retire TLABs                       20 us
[64.546s][info][gc,stats      ]   Choose Collection Set              18 us
[64.546s][info][gc,stats      ]   Rebuild Free Set                   13 us
[64.546s][info][gc,stats      ] Concurrent Cleanup                   87 us
[64.546s][info][gc,stats      ] 
[64.546s][info][gc,stats      ] Allocation pacing accrued:
[64.546s][info][gc,stats      ]       0 of   505 ms (  0.0%): <total>
[64.546s][info][gc,stats      ]       0 of   505 ms (  0.0%): <average total>
[64.546s][info][gc,stats      ] 
[64.546s][info][gc,metaspace  ] Metaspace: 60909K->60909K(1103872K)
[64.546s][info][gc,ergo       ] Pacer for Idle. Initial: 40724K, Alloc Tax Rate: 1.0x
[66.443s][info][gc            ] Cancelling GC: Stopping VM
[66.445s][info][gc,heap,exit  ] Heap
[66.445s][info][gc,heap,exit  ] Shenandoah Heap
[66.445s][info][gc,heap,exit  ]  1988M max, 1988M soft max, 1407M committed, 1405M used
[66.445s][info][gc,heap,exit  ]  3977 x 512K regions
[66.445s][info][gc,heap,exit  ] Status: cancelled
[66.445s][info][gc,heap,exit  ] Reserved region:
[66.445s][info][gc,heap,exit  ]  - [0x0000000083b80000, 0x0000000100000000) 
[66.445s][info][gc,heap,exit  ] Collection set:
[66.445s][info][gc,heap,exit  ]  - map (vanilla): 0x0000000000011077
[66.445s][info][gc,heap,exit  ]  - map (biased):  0x0000000000010000
[66.445s][info][gc,heap,exit  ] 
[66.445s][info][gc,heap,exit  ]  Metaspace       used 61473K, capacity 64954K, committed 65052K, reserved 1103872K
[66.445s][info][gc,heap,exit  ]   class space    used 8616K, capacity 10351K, committed 10444K, reserved 1048576K
[66.445s][info][gc,stats      ] 
[66.445s][info][gc,stats      ] GC STATISTICS:
[66.445s][info][gc,stats      ]   "(G)" (gross) pauses include VM time: time to notify and block threads, do the pre-
[66.445s][info][gc,stats      ]         and post-safepoint housekeeping. Use -XX:+PrintSafepointStatistics to dissect.
[66.445s][info][gc,stats      ]   "(N)" (net) pauses are the times spent in the actual GC code.
[66.445s][info][gc,stats      ]   "a" is average time for each phase, look at levels to see if average makes sense.
[66.445s][info][gc,stats      ]   "lvls" are quantiles: 0% (minimum), 25%, 50% (median), 75%, 100% (maximum).
[66.445s][info][gc,stats      ] 
[66.445s][info][gc,stats      ]   All times are wall-clock times, except per-root-class counters, that are sum over
[66.446s][info][gc,stats      ]   all workers. Dividing the <total> over the root stage time estimates parallelism.
[66.446s][info][gc,stats      ] 
[66.446s][info][gc,stats      ]   Pacing delays are measured from entering the pacing code till exiting it. Therefore,
[66.446s][info][gc,stats      ]   observed pacing delays may be higher than the threshold when paced thread spent more
[66.446s][info][gc,stats      ]   time in the pacing code. It usually happens when thread is de-scheduled while paced,
[66.446s][info][gc,stats      ]   OS takes longer to unblock the thread, or JVM experiences an STW pause.
[66.446s][info][gc,stats      ] 
[66.446s][info][gc,stats      ]   Higher delay would prevent application outpacing the GC, but it will hide the GC latencies
[66.446s][info][gc,stats      ]   from the STW pause times. Pacing affects the individual threads, and so it would also be
[66.446s][info][gc,stats      ]   invisible to the usual profiling tools, but would add up to end-to-end application latency.
[66.446s][info][gc,stats      ]   Raise max pacing delay with care.
[66.446s][info][gc,stats      ] 
[66.446s][info][gc,stats      ] Concurrent Reset               =    0.033 s (a =      606 us) (n =    54) (lvls, us =      176,      277,      312,      336,    10801)
[66.446s][info][gc,stats      ] Pause Init Mark (G)            =    0.192 s (a =     3548 us) (n =    54) (lvls, us =      656,     3320,     3809,     4023,     7219)
[66.446s][info][gc,stats      ] Pause Init Mark (N)            =    0.073 s (a =     1358 us) (n =    54) (lvls, us =      508,     1055,     1309,     1484,     4935)
[66.446s][info][gc,stats      ]   Accumulate Stats             =    0.001 s (a =       16 us) (n =    54) (lvls, us =        3,        9,       16,       23,       40)
[66.446s][info][gc,stats      ]   Make Parsable                =    0.001 s (a =       14 us) (n =    54) (lvls, us =        3,        9,       11,       16,       78)
[66.446s][info][gc,stats      ]   Update Region States         =    0.002 s (a =       42 us) (n =    54) (lvls, us =       34,       36,       38,       41,       98)
[66.446s][info][gc,stats      ]   Scan Roots                   =    0.067 s (a =     1247 us) (n =    54) (lvls, us =      443,      957,     1211,     1367,     4809)
[66.446s][info][gc,stats      ]     S: <total>                 =    0.055 s (a =     1013 us) (n =    54) (lvls, us =      303,      740,      986,     1113,     4490)
[66.446s][info][gc,stats      ]     S: Thread Roots            =    0.030 s (a =      550 us) (n =    54) (lvls, us =      189,      312,      441,      592,     4344)
[66.446s][info][gc,stats      ]     S: Universe Roots          =    0.000 s (a =        2 us) (n =    54) (lvls, us =        1,        2,        2,        2,       15)
[66.446s][info][gc,stats      ]     S: JNI Handles Roots       =    0.000 s (a =        2 us) (n =    54) (lvls, us =        1,        1,        1,        2,       33)
[66.446s][info][gc,stats      ]     S: Synchronizer Roots      =    0.000 s (a =        0 us) (n =    54) (lvls, us =        0,        0,        0,        0,        0)
[66.446s][info][gc,stats      ]     S: Management Roots        =    0.000 s (a =        1 us) (n =    54) (lvls, us =        1,        1,        1,        1,        2)
[66.446s][info][gc,stats      ]     S: System Dict Roots       =    0.001 s (a =       15 us) (n =    54) (lvls, us =        9,       11,       12,       17,       39)
[66.446s][info][gc,stats      ]     S: CLDG Roots              =    0.024 s (a =      443 us) (n =    54) (lvls, us =       72,      367,      512,      535,      953)
[66.446s][info][gc,stats      ]     S: JVMTI Roots             =    0.000 s (a =        0 us) (n =    54) (lvls, us =        0,        0,        0,        0,        1)
[66.446s][info][gc,stats      ]   Resize TLABs                 =    0.001 s (a =       10 us) (n =    54) (lvls, us =        1,        5,        9,       13,       31)
[66.446s][info][gc,stats      ] Concurrent Marking             =   10.440 s (a =   193330 us) (n =    54) (lvls, us =    13477,   197266,   203125,   208984,   401978)
[66.446s][info][gc,stats      ] Concurrent Precleaning         =    0.020 s (a =      947 us) (n =    21) (lvls, us =      227,      244,      455,      568,     7114)
[66.446s][info][gc,stats      ] Pause Final Mark (G)           =    0.371 s (a =     6867 us) (n =    54) (lvls, us =      400,      535,     1719,     3516,    42977)
[66.446s][info][gc,stats      ] Pause Final Mark (N)           =    0.341 s (a =     6318 us) (n =    54) (lvls, us =      316,      375,      469,     3145,    42734)
[66.446s][info][gc,stats      ]   Finish Queues                =    0.002 s (a =       44 us) (n =    54) (lvls, us =       10,       14,       17,       27,      785)
[66.446s][info][gc,stats      ]   Weak References              =    0.001 s (a =       54 us) (n =    21) (lvls, us =       20,       21,       47,       50,      258)
[66.446s][info][gc,stats      ]     Process                    =    0.001 s (a =       52 us) (n =    21) (lvls, us =       17,       19,       45,       47,      256)
[66.446s][info][gc,stats      ]   System Purge                 =    0.021 s (a =      381 us) (n =    54) (lvls, us =      141,      244,      260,      270,     7064)
[66.446s][info][gc,stats      ]     Unload Classes             =    0.011 s (a =      880 us) (n =    12) (lvls, us =      342,      771,      938,      957,     1040)
[66.446s][info][gc,stats      ]     Cleanup                    =    0.261 s (a =    21733 us) (n =    12) (lvls, us =    12109,    17188,    20312,    23828,    37237)
[66.446s][info][gc,stats      ]       CU: <total>              =    0.258 s (a =    21491 us) (n =    12) (lvls, us =    12109,    16992,    20312,    21680,    37166)
[66.446s][info][gc,stats      ]       CU: Code Cache Roots     =    0.093 s (a =     7753 us) (n =    12) (lvls, us =     2344,     5586,     6953,     8457,    17525)
[66.446s][info][gc,stats      ]       CU: Code Cache Cleaning  =    0.015 s (a =     1237 us) (n =    12) (lvls, us =      637,      842,     1328,     1465,     1778)
[66.446s][info][gc,stats      ]       CU: String Table Roots   =    0.073 s (a =     6052 us) (n =    12) (lvls, us =     1035,     5332,     5469,     5566,    12778)
[66.446s][info][gc,stats      ]       CU: Resolved Table Roots =    0.001 s (a =      116 us) (n =    12) (lvls, us =       35,      105,      127,      129,      147)
[66.446s][info][gc,stats      ]       CU: CLDG Roots           =    0.076 s (a =     6334 us) (n =    12) (lvls, us =     4062,     5371,     5488,     5879,    12876)
[66.446s][info][gc,stats      ]     Weak Roots                 =    0.021 s (a =      381 us) (n =    54) (lvls, us =      141,      244,      260,      270,     7063)
[66.446s][info][gc,stats      ]     CLDG                       =    0.002 s (a =      175 us) (n =    12) (lvls, us =        1,      150,      201,      211,      258)
[66.446s][info][gc,stats      ]   Update Region States         =    0.007 s (a =      121 us) (n =    54) (lvls, us =       41,       42,       46,       48,     3818)
[66.446s][info][gc,stats      ]   Retire TLABs                 =    0.001 s (a =       17 us) (n =    54) (lvls, us =        4,       10,       16,       21,       50)
[66.446s][info][gc,stats      ]   Choose Collection Set        =    0.002 s (a =       41 us) (n =    54) (lvls, us =       17,       18,       25,       49,      152)
[66.446s][info][gc,stats      ]   Rebuild Free Set             =    0.001 s (a =       15 us) (n =    54) (lvls, us =       12,       12,       13,       13,       79)
[66.446s][info][gc,stats      ]   Initial Evacuation           =    0.033 s (a =     2182 us) (n =    15) (lvls, us =     1211,     1406,     2051,     2656,     3069)
[66.446s][info][gc,stats      ]     E: <total>                 =    0.020 s (a =     1324 us) (n =    15) (lvls, us =      707,      781,     1094,     1680,     1956)
[66.446s][info][gc,stats      ]     E: Thread Roots            =    0.005 s (a =      332 us) (n =    15) (lvls, us =      189,      191,      219,      420,      693)
[66.446s][info][gc,stats      ]     E: Code Cache Roots        =    0.006 s (a =      388 us) (n =    15) (lvls, us =      111,      188,      217,      537,      867)
[66.446s][info][gc,stats      ]     E: Universe Roots          =    0.000 s (a =        9 us) (n =    15) (lvls, us =        1,        1,        1,       21,       26)
[66.446s][info][gc,stats      ]     E: JNI Handles Roots       =    0.000 s (a =        1 us) (n =    15) (lvls, us =        1,        1,        1,        1,        5)
[66.446s][info][gc,stats      ]     E: Synchronizer Roots      =    0.000 s (a =        0 us) (n =    15) (lvls, us =        0,        0,        0,        0,        0)
[66.446s][info][gc,stats      ]     E: Management Roots        =    0.000 s (a =        1 us) (n =    15) (lvls, us =        1,        1,        1,        1,        3)
[66.446s][info][gc,stats      ]     E: System Dict Roots       =    0.000 s (a =       18 us) (n =    15) (lvls, us =        7,       10,       11,       31,       36)
[66.446s][info][gc,stats      ]     E: CLDG Roots              =    0.009 s (a =      573 us) (n =    15) (lvls, us =      361,      410,      592,      629,      796)
[66.446s][info][gc,stats      ]     E: JVMTI Roots             =    0.000 s (a =        0 us) (n =    15) (lvls, us =        0,        0,        0,        1,        1)
[66.446s][info][gc,stats      ] Concurrent Cleanup             =    0.005 s (a =      102 us) (n =    54) (lvls, us =       65,       88,       89,      107,      164)
[66.446s][info][gc,stats      ] Concurrent Evacuation          =    0.835 s (a =    55641 us) (n =    15) (lvls, us =     1484,     5566,    11719,    84961,   263717)
[66.446s][info][gc,stats      ] Pause Init  Update Refs (G)    =    0.027 s (a =     1813 us) (n =    15) (lvls, us =       97,      268,     1992,     2695,     4912)
[66.446s][info][gc,stats      ] Pause Init  Update Refs (N)    =    0.000 s (a =       13 us) (n =    15) (lvls, us =        7,        9,       11,       15,       22)
[66.446s][info][gc,stats      ]   Retire GCLABs                =    0.000 s (a =        5 us) (n =    15) (lvls, us =        2,        3,        4,        7,       10)
[66.446s][info][gc,stats      ] Concurrent Update Refs         =    3.924 s (a =   261570 us) (n =    15) (lvls, us =     8086,    27930,   253906,   294922,   731205)
[66.446s][info][gc,stats      ] Pause Final Update Refs (G)    =    0.049 s (a =     3275 us) (n =    15) (lvls, us =      443,     2051,     2559,     3945,     7610)
[66.446s][info][gc,stats      ] Pause Final Update Refs (N)    =    0.008 s (a =      521 us) (n =    15) (lvls, us =      234,      262,      387,      545,     1853)
[66.446s][info][gc,stats      ]   Update Roots                 =    0.006 s (a =      408 us) (n =    15) (lvls, us =      168,      184,      305,      412,     1747)
[66.446s][info][gc,stats      ]     UR: <total>                =    0.005 s (a =      314 us) (n =    15) (lvls, us =      160,      178,      295,      404,      512)
[66.446s][info][gc,stats      ]     UR: Thread Roots           =    0.005 s (a =      314 us) (n =    15) (lvls, us =      160,      178,      295,      404,      512)
[66.446s][info][gc,stats      ]   Update Region States         =    0.001 s (a =       85 us) (n =    15) (lvls, us =       41,       42,       43,       46,      546)
[66.446s][info][gc,stats      ]   Trash Collection Set         =    0.000 s (a =        4 us) (n =    15) (lvls, us =        2,        2,        3,        5,        6)
[66.446s][info][gc,stats      ]   Rebuild Free Set             =    0.000 s (a =       15 us) (n =    15) (lvls, us =       12,       12,       13,       15,       29)
[66.446s][info][gc,stats      ] Concurrent Cleanup             =    0.001 s (a =       84 us) (n =    15) (lvls, us =       67,       68,       72,       97,      116)
[66.446s][info][gc,stats      ] Concurrent Uncommit            =    0.552 s (a =    55178 us) (n =    10) (lvls, us =    24414,    38281,    39844,    40234,   139381)
[66.446s][info][gc,stats      ] 
[66.446s][info][gc,stats      ] 
[66.446s][info][gc,stats      ] Under allocation pressure, concurrent cycles may cancel, and either continue cycle
[66.446s][info][gc,stats      ] under stop-the-world pause or result in stop-the-world Full GC. Increase heap size,
[66.446s][info][gc,stats      ] tune GC heuristics, set more aggressive pacing delay, or lower allocation rate
[66.446s][info][gc,stats      ] to avoid Degenerated and Full GC cycles.
[66.446s][info][gc,stats      ] 
[66.446s][info][gc,stats      ]    54 successful concurrent GCs
[66.446s][info][gc,stats      ]      10 invoked explicitly
[66.446s][info][gc,stats      ]       0 invoked implicitly
[66.446s][info][gc,stats      ] 
[66.446s][info][gc,stats      ]     0 Degenerated GCs
[66.446s][info][gc,stats      ]       0 caused by allocation failure
[66.446s][info][gc,stats      ]       0 upgraded to Full GC
[66.446s][info][gc,stats      ] 
[66.446s][info][gc,stats      ]     0 Full GCs
[66.446s][info][gc,stats      ]       0 invoked explicitly
[66.446s][info][gc,stats      ]       0 invoked implicitly
[66.446s][info][gc,stats      ]       0 caused by allocation failure
[66.446s][info][gc,stats      ]       0 upgraded from Degenerated GC
[66.446s][info][gc,stats      ] 
[66.446s][info][gc,stats      ] 
