[0.003s][info][gc,init] Initializing The Z Garbage Collector
[0.003s][info][gc,init] Version: 11.0.15+10-Ubuntu-0ubuntu0.20.04.1 (release)
[0.003s][info][gc,init] NUMA Support: Disabled
[0.003s][info][gc,init] CPUs: 1 total, 1 available
[0.003s][info][gc,init] Memory: 7952M
[0.003s][info][gc,init] Large Page Support: Disabled
[0.003s][info][gc,init] Workers: 1 parallel, 1 concurrent
[0.003s][info][gc,init] Heap backed by file: /memfd:java_heap
[0.003s][info][gc,init] Available space on backing filesystem: N/A
[0.032s][info][gc,init] Pre-touching: Disabled
[0.032s][info][gc,init] Pre-mapping: 126M
[0.039s][info][gc,init] Runtime Workers: 1 parallel
[0.039s][info][gc     ] Using The Z Garbage Collector
[2.628s][info][gc,start] GC(0) Garbage Collection (Metadata GC Threshold)
[2.629s][info][gc,phases] GC(0) Pause Mark Start 0.581ms
[2.672s][info][gc,phases] GC(0) Concurrent Mark 42.931ms
[2.678s][info][gc,phases] GC(0) Pause Mark End 0.116ms
[2.678s][info][gc,phases] GC(0) Concurrent Process Non-Strong References 0.410ms
[2.678s][info][gc,phases] GC(0) Concurrent Reset Relocation Set 0.000ms
[2.678s][info][gc,phases] GC(0) Concurrent Destroy Detached Pages 0.000ms
[2.681s][info][gc,phases] GC(0) Concurrent Select Relocation Set 2.662ms
[2.681s][info][gc,phases] GC(0) Concurrent Prepare Relocation Set 0.355ms
[2.682s][info][gc,phases] GC(0) Pause Relocate Start 0.839ms
[2.693s][info][gc,phases] GC(0) Concurrent Relocate 7.148ms
[2.693s][info][gc,load  ] GC(0) Load: 1.67/1.54/1.30
[2.693s][info][gc,mmu   ] GC(0) MMU: 2ms/58.0%, 5ms/80.9%, 10ms/90.4%, 20ms/95.2%, 50ms/98.1%, 100ms/98.5%
[2.693s][info][gc,marking] GC(0) Mark: 1 stripe(s), 3 proactive flush(es), 1 terminate flush(es), 0 completion(s), 0 continuation(s) 
[2.693s][info][gc,reloc  ] GC(0) Relocation: Successful, 15M relocated
[2.693s][info][gc,nmethod] GC(0) NMethods: 338 registered, 0 unregistered
[2.693s][info][gc,metaspace] GC(0) Metaspace: 20M used, 21M capacity, 21M committed, 22M reserved
[2.693s][info][gc,ref      ] GC(0) Soft: 356 encountered, 0 discovered, 0 enqueued
[2.693s][info][gc,ref      ] GC(0) Weak: 711 encountered, 652 discovered, 188 enqueued
[2.693s][info][gc,ref      ] GC(0) Final: 2 encountered, 0 discovered, 0 enqueued
[2.693s][info][gc,ref      ] GC(0) Phantom: 839 encountered, 644 discovered, 245 enqueued
[2.693s][info][gc,heap     ] GC(0)                Mark Start          Mark End        Relocate Start      Relocate End           High               Low         
[2.693s][info][gc,heap     ] GC(0)  Capacity:      160M (8%)          160M (8%)          160M (8%)          160M (8%)          160M (8%)          160M (8%)     
[2.693s][info][gc,heap     ] GC(0)   Reserve:       34M (2%)           34M (2%)           34M (2%)           34M (2%)           34M (2%)           34M (2%)     
[2.693s][info][gc,heap     ] GC(0)      Free:     1866M (94%)        1864M (94%)        1864M (94%)        1906M (96%)        1906M (96%)        1860M (93%)    
[2.693s][info][gc,heap     ] GC(0)      Used:       90M (5%)           92M (5%)           92M (5%)           50M (3%)           96M (5%)           50M (3%)     
[2.693s][info][gc,heap     ] GC(0)      Live:         -                17M (1%)           17M (1%)           17M (1%)             -                  -          
[2.693s][info][gc,heap     ] GC(0) Allocated:         -                 2M (0%)            2M (0%)           12M (1%)             -                  -          
[2.693s][info][gc,heap     ] GC(0)   Garbage:         -                72M (4%)           72M (4%)           30M (2%)             -                  -          
[2.693s][info][gc,heap     ] GC(0) Reclaimed:         -                  -                 0M (0%)           42M (2%)             -                  -          
[2.693s][info][gc          ] GC(0) Garbage Collection (Metadata GC Threshold) 90M(5%)->50M(3%)
[3.999s][info][gc,start    ] GC(1) Garbage Collection (Metadata GC Threshold)
[4.000s][info][gc,phases   ] GC(1) Pause Mark Start 1.122ms
[4.068s][info][gc,phases   ] GC(1) Concurrent Mark 67.728ms
[4.068s][info][gc,phases   ] GC(1) Pause Mark End 0.142ms
[4.069s][info][gc,phases   ] GC(1) Concurrent Process Non-Strong References 0.971ms
[4.069s][info][gc,phases   ] GC(1) Concurrent Reset Relocation Set 0.058ms
[4.069s][info][gc,phases   ] GC(1) Concurrent Destroy Detached Pages 0.000ms
[4.072s][info][gc,phases   ] GC(1) Concurrent Select Relocation Set 2.945ms
[4.073s][info][gc,phases   ] GC(1) Concurrent Prepare Relocation Set 0.301ms
[4.074s][info][gc,phases   ] GC(1) Pause Relocate Start 1.266ms
[4.089s][info][gc,phases   ] GC(1) Concurrent Relocate 15.192ms
[4.089s][info][gc,load     ] GC(1) Load: 1.67/1.54/1.30
[4.089s][info][gc,mmu      ] GC(1) MMU: 2ms/36.7%, 5ms/74.7%, 10ms/85.9%, 20ms/93.0%, 50ms/97.2%, 100ms/97.5%
[4.089s][info][gc,marking  ] GC(1) Mark: 1 stripe(s), 2 proactive flush(es), 1 terminate flush(es), 0 completion(s), 0 continuation(s) 
[4.089s][info][gc,reloc    ] GC(1) Relocation: Successful, 12M relocated
[4.089s][info][gc,nmethod  ] GC(1) NMethods: 676 registered, 0 unregistered
[4.089s][info][gc,metaspace] GC(1) Metaspace: 34M used, 35M capacity, 36M committed, 38M reserved
[4.089s][info][gc,ref      ] GC(1) Soft: 2902 encountered, 0 discovered, 0 enqueued
[4.089s][info][gc,ref      ] GC(1) Weak: 1460 encountered, 1126 discovered, 227 enqueued
[4.089s][info][gc,ref      ] GC(1) Final: 26 encountered, 13 discovered, 13 enqueued
[4.089s][info][gc,ref      ] GC(1) Phantom: 907 encountered, 765 discovered, 295 enqueued
[4.089s][info][gc,heap     ] GC(1)                Mark Start          Mark End        Relocate Start      Relocate End           High               Low         
[4.089s][info][gc,heap     ] GC(1)  Capacity:      160M (8%)          160M (8%)          160M (8%)          160M (8%)          160M (8%)          160M (8%)     
[4.089s][info][gc,heap     ] GC(1)   Reserve:       34M (2%)           34M (2%)           34M (2%)           34M (2%)           34M (2%)           34M (2%)     
[4.089s][info][gc,heap     ] GC(1)      Free:     1848M (93%)        1844M (93%)        1844M (93%)        1900M (95%)        1900M (95%)        1842M (93%)    
[4.089s][info][gc,heap     ] GC(1)      Used:      108M (5%)          112M (6%)          112M (6%)           56M (3%)          114M (6%)           56M (3%)     
[4.089s][info][gc,heap     ] GC(1)      Live:         -                21M (1%)           21M (1%)           21M (1%)             -                  -          
[4.089s][info][gc,heap     ] GC(1) Allocated:         -                 4M (0%)            4M (0%)           10M (1%)             -                  -          
[4.089s][info][gc,heap     ] GC(1)   Garbage:         -                86M (4%)           86M (4%)           30M (2%)             -                  -          
[4.089s][info][gc,heap     ] GC(1) Reclaimed:         -                  -                 0M (0%)           56M (3%)             -                  -          
[4.089s][info][gc          ] GC(1) Garbage Collection (Metadata GC Threshold) 108M(5%)->56M(3%)
[6.258s][info][gc,start    ] GC(2) Garbage Collection (Warmup)
[6.262s][info][gc,phases   ] GC(2) Pause Mark Start 1.907ms
[6.605s][info][gc,phases   ] GC(2) Concurrent Mark 343.146ms
[6.607s][info][gc,phases   ] GC(2) Pause Mark End 0.161ms
[6.609s][info][gc,phases   ] GC(2) Concurrent Process Non-Strong References 1.529ms
[6.609s][info][gc,phases   ] GC(2) Concurrent Reset Relocation Set 0.003ms
[6.609s][info][gc,phases   ] GC(2) Concurrent Destroy Detached Pages 0.000ms
[6.611s][info][gc,phases   ] GC(2) Concurrent Select Relocation Set 1.997ms
[6.622s][info][gc,phases   ] GC(2) Concurrent Prepare Relocation Set 10.830ms
[6.626s][info][gc,phases   ] GC(2) Pause Relocate Start 2.540ms
[7.078s][info][gc,phases   ] GC(2) Concurrent Relocate 448.904ms
[7.079s][info][gc,load     ] GC(2) Load: 1.70/1.55/1.31
[7.079s][info][gc,mmu      ] GC(2) MMU: 2ms/0.0%, 5ms/49.2%, 10ms/74.6%, 20ms/86.5%, 50ms/94.6%, 100ms/97.3%
[7.079s][info][gc,marking  ] GC(2) Mark: 1 stripe(s), 2 proactive flush(es), 1 terminate flush(es), 0 completion(s), 0 continuation(s) 
[7.079s][info][gc,reloc    ] GC(2) Relocation: Successful, 82M relocated
[7.079s][info][gc,nmethod  ] GC(2) NMethods: 1095 registered, 0 unregistered
[7.079s][info][gc,metaspace] GC(2) Metaspace: 50M used, 52M capacity, 52M committed, 54M reserved
[7.079s][info][gc,ref      ] GC(2) Soft: 3451 encountered, 0 discovered, 0 enqueued
[7.079s][info][gc,ref      ] GC(2) Weak: 2439 encountered, 1894 discovered, 283 enqueued
[7.079s][info][gc,ref      ] GC(2) Final: 29 encountered, 6 discovered, 6 enqueued
[7.079s][info][gc,ref      ] GC(2) Phantom: 1095 encountered, 1034 discovered, 464 enqueued
[7.079s][info][gc,heap     ] GC(2)                Mark Start          Mark End        Relocate Start      Relocate End           High               Low         
[7.079s][info][gc,heap     ] GC(2)  Capacity:      668M (34%)         840M (42%)         844M (42%)         848M (43%)         848M (43%)         668M (34%)    
[7.079s][info][gc,heap     ] GC(2)   Reserve:       34M (2%)           34M (2%)           34M (2%)           34M (2%)           34M (2%)           34M (2%)     
[7.079s][info][gc,heap     ] GC(2)      Free:     1322M (66%)        1150M (58%)        1146M (58%)        1414M (71%)        1414M (71%)        1142M (57%)    
[7.079s][info][gc,heap     ] GC(2)      Used:      634M (32%)         806M (41%)         810M (41%)         542M (27%)         814M (41%)         542M (27%)    
[7.079s][info][gc,heap     ] GC(2)      Live:         -                96M (5%)           96M (5%)           96M (5%)             -                  -          
[7.079s][info][gc,heap     ] GC(2) Allocated:         -               172M (9%)          176M (9%)          494M (25%)            -                  -          
[7.079s][info][gc,heap     ] GC(2)   Garbage:         -               537M (27%)         537M (27%)          31M (2%)             -                  -          
[7.079s][info][gc,heap     ] GC(2) Reclaimed:         -                  -                 0M (0%)          506M (25%)            -                  -          
[7.079s][info][gc          ] GC(2) Garbage Collection (Warmup) 634M(32%)->542M(27%)
[7.158s][info][gc,start    ] GC(3) Garbage Collection (Allocation Rate)
[7.161s][info][gc,phases   ] GC(3) Pause Mark Start 1.205ms
[7.709s][info][gc,phases   ] GC(3) Concurrent Mark 547.955ms
[7.715s][info][gc,phases   ] GC(3) Pause Mark End 0.465ms
[7.716s][info][gc,phases   ] GC(3) Concurrent Process Non-Strong References 1.454ms
[7.717s][info][gc,phases   ] GC(3) Concurrent Reset Relocation Set 0.896ms
[7.717s][info][gc,phases   ] GC(3) Concurrent Destroy Detached Pages 0.001ms
[7.719s][info][gc,phases   ] GC(3) Concurrent Select Relocation Set 1.545ms
[7.728s][info][gc,phases   ] GC(3) Concurrent Prepare Relocation Set 9.455ms
[7.730s][info][gc,phases   ] GC(3) Pause Relocate Start 1.235ms
[8.235s][info][gc,phases   ] GC(3) Concurrent Relocate 498.178ms
[8.236s][info][gc,load     ] GC(3) Load: 1.70/1.55/1.31
[8.236s][info][gc,mmu      ] GC(3) MMU: 2ms/0.0%, 5ms/49.2%, 10ms/74.6%, 20ms/86.5%, 50ms/94.6%, 100ms/97.3%
[8.236s][info][gc,marking  ] GC(3) Mark: 1 stripe(s), 2 proactive flush(es), 1 terminate flush(es), 1 completion(s), 0 continuation(s) 
[8.236s][info][gc,reloc    ] GC(3) Relocation: Successful, 64M relocated
[8.236s][info][gc,nmethod  ] GC(3) NMethods: 1174 registered, 0 unregistered
[8.236s][info][gc,metaspace] GC(3) Metaspace: 54M used, 56M capacity, 56M committed, 58M reserved
[8.236s][info][gc,ref      ] GC(3) Soft: 3451 encountered, 0 discovered, 0 enqueued
[8.236s][info][gc,ref      ] GC(3) Weak: 2156 encountered, 1601 discovered, 0 enqueued
[8.236s][info][gc,ref      ] GC(3) Final: 23 encountered, 0 discovered, 0 enqueued
[8.236s][info][gc,ref      ] GC(3) Phantom: 632 encountered, 628 discovered, 0 enqueued
[8.236s][info][gc,heap     ] GC(3)                Mark Start          Mark End        Relocate Start      Relocate End           High               Low         
[8.236s][info][gc,heap     ] GC(3)  Capacity:      848M (43%)         848M (43%)         848M (43%)         848M (43%)         848M (43%)         848M (43%)    
[8.236s][info][gc,heap     ] GC(3)   Reserve:       34M (2%)           34M (2%)           34M (2%)           34M (2%)           34M (2%)           34M (2%)     
[8.236s][info][gc,heap     ] GC(3)      Free:     1414M (71%)        1406M (71%)        1406M (71%)        1746M (88%)        1746M (88%)        1402M (70%)    
[8.236s][info][gc,heap     ] GC(3)      Used:      542M (27%)         550M (28%)         550M (28%)         210M (11%)         554M (28%)         210M (11%)    
[8.236s][info][gc,heap     ] GC(3)      Live:         -               153M (8%)          153M (8%)          153M (8%)             -                  -          
[8.236s][info][gc,heap     ] GC(3) Allocated:         -                 8M (0%)            8M (0%)           86M (4%)             -                  -          
[8.236s][info][gc,heap     ] GC(3)   Garbage:         -               388M (19%)         388M (19%)          36M (2%)             -                  -          
[8.236s][info][gc,heap     ] GC(3) Reclaimed:         -                  -                 0M (0%)          352M (18%)            -                  -          
[8.236s][info][gc          ] GC(3) Garbage Collection (Allocation Rate) 542M(27%)->210M(11%)
[8.618s][info][gc,start    ] GC(4) Garbage Collection (System.gc())
[8.620s][info][gc,phases   ] GC(4) Pause Mark Start 1.387ms
[8.681s][info][gc,phases   ] GC(4) Concurrent Mark 61.872ms
[8.682s][info][gc,phases   ] GC(4) Pause Mark End 0.154ms
[8.683s][info][gc,phases   ] GC(4) Concurrent Process Non-Strong References 1.116ms
[8.684s][info][gc,phases   ] GC(4) Concurrent Reset Relocation Set 0.692ms
[8.684s][info][gc,phases   ] GC(4) Concurrent Destroy Detached Pages 0.000ms
[8.686s][info][gc,phases   ] GC(4) Concurrent Select Relocation Set 2.001ms
[8.686s][info][gc,phases   ] GC(4) Concurrent Prepare Relocation Set 0.063ms
[8.687s][info][gc,phases   ] GC(4) Pause Relocate Start 1.346ms
[8.695s][info][gc,phases   ] GC(4) Concurrent Relocate 7.671ms
[8.695s][info][gc,load     ] GC(4) Load: 1.70/1.55/1.31
[8.695s][info][gc,mmu      ] GC(4) MMU: 2ms/0.0%, 5ms/49.2%, 10ms/74.6%, 20ms/86.5%, 50ms/94.6%, 100ms/97.1%
[8.695s][info][gc,marking  ] GC(4) Mark: 1 stripe(s), 2 proactive flush(es), 1 terminate flush(es), 0 completion(s), 0 continuation(s) 
[8.695s][info][gc,reloc    ] GC(4) Relocation: Successful, 9M relocated
[8.695s][info][gc,nmethod  ] GC(4) NMethods: 1377 registered, 0 unregistered
[8.695s][info][gc,metaspace] GC(4) Metaspace: 56M used, 59M capacity, 59M committed, 60M reserved
[8.695s][info][gc,ref      ] GC(4) Soft: 3719 encountered, 0 discovered, 0 enqueued
[8.695s][info][gc,ref      ] GC(4) Weak: 2777 encountered, 2142 discovered, 178 enqueued
[8.695s][info][gc,ref      ] GC(4) Final: 33 encountered, 7 discovered, 7 enqueued
[8.695s][info][gc,ref      ] GC(4) Phantom: 873 encountered, 699 discovered, 232 enqueued
[8.695s][info][gc,heap     ] GC(4)                Mark Start          Mark End        Relocate Start      Relocate End           High               Low         
[8.695s][info][gc,heap     ] GC(4)  Capacity:      886M (45%)         886M (45%)         886M (45%)         886M (45%)         886M (45%)         886M (45%)    
[8.695s][info][gc,heap     ] GC(4)   Reserve:       34M (2%)           34M (2%)           34M (2%)           34M (2%)           34M (2%)           34M (2%)     
[8.695s][info][gc,heap     ] GC(4)      Free:     1692M (85%)        1690M (85%)        1848M (93%)        1896M (95%)        1896M (95%)        1690M (85%)    
[8.695s][info][gc,heap     ] GC(4)      Used:      264M (13%)         266M (13%)         108M (5%)           60M (3%)          266M (13%)          60M (3%)     
[8.695s][info][gc,heap     ] GC(4)      Live:         -                27M (1%)           27M (1%)           27M (1%)             -                  -          
[8.695s][info][gc,heap     ] GC(4) Allocated:         -                 2M (0%)            2M (0%)            6M (0%)             -                  -          
[8.695s][info][gc,heap     ] GC(4)   Garbage:         -               236M (12%)          78M (4%)           30M (2%)             -                  -          
[8.695s][info][gc,heap     ] GC(4) Reclaimed:         -                  -               158M (8%)          206M (10%)            -                  -          
[8.695s][info][gc          ] GC(4) Garbage Collection (System.gc()) 264M(13%)->60M(3%)
[10.058s][info][gc,stats    ] === Garbage Collection Statistics =======================================================================================================================
[10.058s][info][gc,stats    ]                                                              Last 10s              Last 10m              Last 10h                Total
[10.058s][info][gc,stats    ]                                                              Avg / Max             Avg / Max             Avg / Max             Avg / Max
[10.058s][info][gc,stats    ]   Collector: Garbage Collection Cycle                    426.156 / 1077.324    426.156 / 1077.324    426.156 / 1077.324    426.156 / 1077.324    ms
[10.058s][info][gc,stats    ]  Contention: Mark Segment Reset Contention                     0 / 0                 0 / 0                 0 / 0                 0 / 0           ops/s
[10.058s][info][gc,stats    ]  Contention: Mark SeqNum Reset Contention                      0 / 0                 0 / 0                 0 / 0                 0 / 0           ops/s
[10.058s][info][gc,stats    ]  Contention: Relocation Contention                             0 / 0                 0 / 0                 0 / 0                 0 / 0           ops/s
[10.058s][info][gc,stats    ]    Critical: Allocation Stall                              0.000 / 0.000         0.000 / 0.000         0.000 / 0.000         0.000 / 0.000       ms
[10.058s][info][gc,stats    ]    Critical: Allocation Stall                                  0 / 0                 0 / 0                 0 / 0                 0 / 0           ops/s
[10.058s][info][gc,stats    ]    Critical: GC Locker Stall                               0.000 / 0.000         0.000 / 0.000         0.000 / 0.000         0.000 / 0.000       ms
[10.058s][info][gc,stats    ]    Critical: GC Locker Stall                                   0 / 0                 0 / 0                 0 / 0                 0 / 0           ops/s
[10.058s][info][gc,stats    ]      Memory: Allocation Rate                                 142 / 594             142 / 594             142 / 594             142 / 594         MB/s
[10.058s][info][gc,stats    ]      Memory: Heap Used After Mark                            365 / 806             365 / 806             365 / 806             365 / 806         MB
[10.058s][info][gc,stats    ]      Memory: Heap Used After Relocation                      183 / 542             183 / 542             183 / 542             183 / 542         MB
[10.058s][info][gc,stats    ]      Memory: Heap Used Before Mark                           327 / 634             327 / 634             327 / 634             327 / 634         MB
[10.058s][info][gc,stats    ]      Memory: Heap Used Before Relocation                     334 / 810             334 / 810             334 / 810             334 / 810         MB
[10.058s][info][gc,stats    ]      Memory: Out Of Memory                                     0 / 0                 0 / 0                 0 / 0                 0 / 0           ops/s
[10.058s][info][gc,stats    ]      Memory: Page Cache Flush                                  0 / 0                 0 / 0                 0 / 0                 0 / 0           MB/s
[10.058s][info][gc,stats    ]      Memory: Page Cache Hit L1                                34 / 155              34 / 155              34 / 155              34 / 155         ops/s
[10.058s][info][gc,stats    ]      Memory: Page Cache Hit L2                                 0 / 0                 0 / 0                 0 / 0                 0 / 0           ops/s
[10.058s][info][gc,stats    ]      Memory: Page Cache Miss                                  39 / 179              39 / 179              39 / 179              39 / 179         ops/s
[10.058s][info][gc,stats    ]      Memory: Undo Object Allocation Failed                     0 / 0                 0 / 0                 0 / 0                 0 / 0           ops/s
[10.058s][info][gc,stats    ]      Memory: Undo Object Allocation Succeeded                  0 / 0                 0 / 0                 0 / 0                 0 / 0           ops/s
[10.058s][info][gc,stats    ]      Memory: Undo Page Allocation                              0 / 0                 0 / 0                 0 / 0                 0 / 0           ops/s
[10.058s][info][gc,stats    ]       Phase: Concurrent Destroy Detached Pages             0.000 / 0.001         0.000 / 0.001         0.000 / 0.001         0.000 / 0.001       ms
[10.058s][info][gc,stats    ]       Phase: Concurrent Mark                             212.726 / 547.955     212.726 / 547.955     212.726 / 547.955     212.726 / 547.955     ms
[10.058s][info][gc,stats    ]       Phase: Concurrent Mark Continue                      0.000 / 0.000         0.000 / 0.000         0.000 / 0.000         0.000 / 0.000       ms
[10.058s][info][gc,stats    ]       Phase: Concurrent Prepare Relocation Set             4.201 / 10.830        4.201 / 10.830        4.201 / 10.830        4.201 / 10.830      ms
[10.058s][info][gc,stats    ]       Phase: Concurrent Process Non-Strong References      1.096 / 1.529         1.096 / 1.529         1.096 / 1.529         1.096 / 1.529       ms
[10.058s][info][gc,stats    ]       Phase: Concurrent Relocate                         195.419 / 498.178     195.419 / 498.178     195.419 / 498.178     195.419 / 498.178     ms
[10.058s][info][gc,stats    ]       Phase: Concurrent Reset Relocation Set               0.330 / 0.896         0.330 / 0.896         0.330 / 0.896         0.330 / 0.896       ms
[10.058s][info][gc,stats    ]       Phase: Concurrent Select Relocation Set              2.230 / 2.945         2.230 / 2.945         2.230 / 2.945         2.230 / 2.945       ms
[10.058s][info][gc,stats    ]       Phase: Pause Mark End                                0.208 / 0.465         0.208 / 0.465         0.208 / 0.465         0.208 / 0.465       ms
[10.058s][info][gc,stats    ]       Phase: Pause Mark Start                              1.240 / 1.907         1.240 / 1.907         1.240 / 1.907         1.240 / 1.907       ms
[10.058s][info][gc,stats    ]       Phase: Pause Relocate Start                          1.445 / 2.540         1.445 / 2.540         1.445 / 2.540         1.445 / 2.540       ms
[10.058s][info][gc,stats    ]    Subphase: Concurrent Mark                             212.700 / 547.936     212.700 / 547.936     212.700 / 547.936     212.700 / 547.936     ms
[10.058s][info][gc,stats    ]    Subphase: Concurrent Mark Idle                          0.000 / 0.000         0.000 / 0.000         0.000 / 0.000         0.000 / 0.000       ms
[10.058s][info][gc,stats    ]    Subphase: Concurrent Mark Try Flush                     1.680 / 7.435         1.680 / 7.435         1.680 / 7.435         1.680 / 7.435       ms
[10.058s][info][gc,stats    ]    Subphase: Concurrent Mark Try Terminate                 0.592 / 1.953         0.592 / 1.953         0.592 / 1.953         0.592 / 1.953       ms
[10.058s][info][gc,stats    ]    Subphase: Concurrent References Enqueue                 0.002 / 0.002         0.002 / 0.002         0.002 / 0.002         0.002 / 0.002       ms
[10.058s][info][gc,stats    ]    Subphase: Concurrent References Process                 0.392 / 0.506         0.392 / 0.506         0.392 / 0.506         0.392 / 0.506       ms
[10.058s][info][gc,stats    ]    Subphase: Concurrent Weak Roots                         0.696 / 1.069         0.696 / 1.069         0.696 / 1.069         0.696 / 1.069       ms
[10.058s][info][gc,stats    ]    Subphase: Concurrent Weak Roots JNIWeakHandles          0.000 / 0.000         0.000 / 0.000         0.000 / 0.000         0.000 / 0.000       ms
[10.058s][info][gc,stats    ]    Subphase: Concurrent Weak Roots StringTable             0.562 / 0.849         0.562 / 0.849         0.562 / 0.849         0.562 / 0.849       ms
[10.058s][info][gc,stats    ]    Subphase: Concurrent Weak Roots VMWeakHandles           0.134 / 0.218         0.134 / 0.218         0.134 / 0.218         0.134 / 0.218       ms
[10.059s][info][gc,stats    ]    Subphase: Pause Mark Try Complete                       0.002 / 0.002         0.002 / 0.002         0.002 / 0.002         0.002 / 0.002       ms
[10.059s][info][gc,stats    ]    Subphase: Pause Remap TLABS                             0.001 / 0.001         0.001 / 0.001         0.001 / 0.001         0.001 / 0.001       ms
[10.059s][info][gc,stats    ]    Subphase: Pause Retire TLABS                            0.008 / 0.015         0.008 / 0.015         0.008 / 0.015         0.008 / 0.015       ms
[10.059s][info][gc,stats    ]    Subphase: Pause Roots                                   0.883 / 2.399         0.883 / 2.399         0.883 / 2.399         0.883 / 2.399       ms
[10.059s][info][gc,stats    ]    Subphase: Pause Roots ClassLoaderDataGraph              0.510 / 1.292         0.510 / 1.292         0.510 / 1.292         0.510 / 1.292       ms
[10.059s][info][gc,stats    ]    Subphase: Pause Roots CodeCache                         0.367 / 0.525         0.367 / 0.525         0.367 / 0.525         0.367 / 0.525       ms
[10.059s][info][gc,stats    ]    Subphase: Pause Roots JNIHandles                        0.001 / 0.003         0.001 / 0.003         0.001 / 0.003         0.001 / 0.003       ms
[10.059s][info][gc,stats    ]    Subphase: Pause Roots JNIWeakHandles                    0.000 / 0.000         0.000 / 0.000         0.000 / 0.000         0.000 / 0.000       ms
[10.059s][info][gc,stats    ]    Subphase: Pause Roots JRFWeak                           0.000 / 0.000         0.000 / 0.000         0.000 / 0.000         0.000 / 0.000       ms
[10.059s][info][gc,stats    ]    Subphase: Pause Roots JVMTIExport                       0.000 / 0.001         0.000 / 0.001         0.000 / 0.001         0.000 / 0.001       ms
[10.059s][info][gc,stats    ]    Subphase: Pause Roots JVMTIWeakExport                   0.001 / 0.001         0.001 / 0.001         0.001 / 0.001         0.001 / 0.001       ms
[10.059s][info][gc,stats    ]    Subphase: Pause Roots Management                        0.001 / 0.003         0.001 / 0.003         0.001 / 0.003         0.001 / 0.003       ms
[10.059s][info][gc,stats    ]    Subphase: Pause Roots ObjectSynchronizer                0.000 / 0.000         0.000 / 0.000         0.000 / 0.000         0.000 / 0.000       ms
[10.059s][info][gc,stats    ]    Subphase: Pause Roots Setup                             0.058 / 0.135         0.058 / 0.135         0.058 / 0.135         0.058 / 0.135       ms
[10.059s][info][gc,stats    ]    Subphase: Pause Roots StringTable                       0.000 / 0.000         0.000 / 0.000         0.000 / 0.000         0.000 / 0.000       ms
[10.059s][info][gc,stats    ]    Subphase: Pause Roots SystemDictionary                  0.011 / 0.026         0.011 / 0.026         0.011 / 0.026         0.011 / 0.026       ms
[10.059s][info][gc,stats    ]    Subphase: Pause Roots Teardown                          0.001 / 0.001         0.001 / 0.001         0.001 / 0.001         0.001 / 0.001       ms
[10.059s][info][gc,stats    ]    Subphase: Pause Roots Threads                           0.263 / 0.928         0.263 / 0.928         0.263 / 0.928         0.263 / 0.928       ms
[10.059s][info][gc,stats    ]    Subphase: Pause Roots Universe                          0.036 / 0.335         0.036 / 0.335         0.036 / 0.335         0.036 / 0.335       ms
[10.059s][info][gc,stats    ]    Subphase: Pause Roots VMWeakHandles                     0.000 / 0.000         0.000 / 0.000         0.000 / 0.000         0.000 / 0.000       ms
[10.059s][info][gc,stats    ]    Subphase: Pause Weak Roots                              0.003 / 0.009         0.003 / 0.009         0.003 / 0.009         0.003 / 0.009       ms
[10.059s][info][gc,stats    ]    Subphase: Pause Weak Roots JFRWeak                      0.001 / 0.001         0.001 / 0.001         0.001 / 0.001         0.001 / 0.001       ms
[10.059s][info][gc,stats    ]    Subphase: Pause Weak Roots JNIWeakHandles               0.000 / 0.000         0.000 / 0.000         0.000 / 0.000         0.000 / 0.000       ms
[10.059s][info][gc,stats    ]    Subphase: Pause Weak Roots JVMTIWeakExport              0.002 / 0.008         0.002 / 0.008         0.002 / 0.008         0.002 / 0.008       ms
[10.059s][info][gc,stats    ]    Subphase: Pause Weak Roots Setup                        0.000 / 0.000         0.000 / 0.000         0.000 / 0.000         0.000 / 0.000       ms
[10.059s][info][gc,stats    ]    Subphase: Pause Weak Roots StringTable                  0.000 / 0.000         0.000 / 0.000         0.000 / 0.000         0.000 / 0.000       ms
[10.059s][info][gc,stats    ]    Subphase: Pause Weak Roots SymbolTable                  0.000 / 0.000         0.000 / 0.000         0.000 / 0.000         0.000 / 0.000       ms
[10.059s][info][gc,stats    ]    Subphase: Pause Weak Roots Teardown                     0.000 / 0.001         0.000 / 0.001         0.000 / 0.001         0.000 / 0.001       ms
[10.059s][info][gc,stats    ]    Subphase: Pause Weak Roots VMWeakHandles                0.000 / 0.000         0.000 / 0.000         0.000 / 0.000         0.000 / 0.000       ms
[10.059s][info][gc,stats    ]      System: Java Threads                                     31 / 48               31 / 48               31 / 48               31 / 48          threads
[10.059s][info][gc,stats    ] =========================================================================================================================================================
[10.758s][info][gc,start    ] GC(5) Garbage Collection (Allocation Rate)
[10.762s][info][gc,phases   ] GC(5) Pause Mark Start 2.388ms
[11.032s][info][gc,phases   ] GC(5) Concurrent Mark 270.093ms
[11.035s][info][gc,phases   ] GC(5) Pause Mark End 0.183ms
[11.036s][info][gc,phases   ] GC(5) Concurrent Process Non-Strong References 1.552ms
[11.036s][info][gc,phases   ] GC(5) Concurrent Reset Relocation Set 0.003ms
[11.036s][info][gc,phases   ] GC(5) Concurrent Destroy Detached Pages 0.000ms
[11.039s][info][gc,phases   ] GC(5) Concurrent Select Relocation Set 2.661ms
[11.048s][info][gc,phases   ] GC(5) Concurrent Prepare Relocation Set 9.247ms
[11.050s][info][gc,phases   ] GC(5) Pause Relocate Start 1.941ms
[11.230s][info][gc,phases   ] GC(5) Concurrent Relocate 178.930ms
[11.230s][info][gc,load     ] GC(5) Load: 1.80/1.57/1.31
[11.230s][info][gc,mmu      ] GC(5) MMU: 2ms/0.0%, 5ms/49.2%, 10ms/74.6%, 20ms/86.5%, 50ms/94.6%, 100ms/97.1%
[11.230s][info][gc,marking  ] GC(5) Mark: 1 stripe(s), 3 proactive flush(es), 1 terminate flush(es), 0 completion(s), 0 continuation(s) 
[11.230s][info][gc,reloc    ] GC(5) Relocation: Successful, 41M relocated
[11.230s][info][gc,nmethod  ] GC(5) NMethods: 1857 registered, 0 unregistered
[11.230s][info][gc,metaspace] GC(5) Metaspace: 62M used, 65M capacity, 65M committed, 66M reserved
[11.230s][info][gc,ref      ] GC(5) Soft: 4282 encountered, 0 discovered, 0 enqueued
[11.230s][info][gc,ref      ] GC(5) Weak: 3800 encountered, 2793 discovered, 244 enqueued
[11.230s][info][gc,ref      ] GC(5) Final: 31 encountered, 4 discovered, 4 enqueued
[11.230s][info][gc,ref      ] GC(5) Phantom: 952 encountered, 917 discovered, 304 enqueued
[11.230s][info][gc,heap     ] GC(5)                Mark Start          Mark End        Relocate Start      Relocate End           High               Low         
[11.230s][info][gc,heap     ] GC(5)  Capacity:      892M (45%)         892M (45%)         892M (45%)         902M (45%)         902M (45%)         892M (45%)    
[11.230s][info][gc,heap     ] GC(5)   Reserve:       34M (2%)           34M (2%)           34M (2%)           34M (2%)           34M (2%)           34M (2%)     
[11.230s][info][gc,heap     ] GC(5)      Free:     1366M (69%)        1218M (61%)        1246M (63%)        1482M (74%)        1482M (74%)        1218M (61%)    
[11.230s][info][gc,heap     ] GC(5)      Used:      590M (30%)         738M (37%)         710M (36%)         474M (24%)         738M (37%)         474M (24%)    
[11.230s][info][gc,heap     ] GC(5)      Live:         -                68M (3%)           68M (3%)           68M (3%)             -                  -          
[11.230s][info][gc,heap     ] GC(5) Allocated:         -               148M (7%)          158M (8%)          414M (21%)            -                  -          
[11.230s][info][gc,heap     ] GC(5)   Garbage:         -               521M (26%)         483M (24%)          31M (2%)             -                  -          
[11.230s][info][gc,heap     ] GC(5) Reclaimed:         -                  -                38M (2%)          490M (25%)            -                  -          
[11.230s][info][gc          ] GC(5) Garbage Collection (Allocation Rate) 590M(30%)->474M(24%)
[11.258s][info][gc,start    ] GC(6) Garbage Collection (Allocation Rate)
[11.262s][info][gc,phases   ] GC(6) Pause Mark Start 1.703ms
[11.560s][info][gc,phases   ] GC(6) Concurrent Mark 298.230ms
[11.563s][info][gc,phases   ] GC(6) Pause Mark End 0.190ms
[11.564s][info][gc,phases   ] GC(6) Concurrent Process Non-Strong References 1.475ms
[11.565s][info][gc,phases   ] GC(6) Concurrent Reset Relocation Set 0.519ms
[11.565s][info][gc,phases   ] GC(6) Concurrent Destroy Detached Pages 0.000ms
[11.566s][info][gc,phases   ] GC(6) Concurrent Select Relocation Set 1.529ms
[11.576s][info][gc,phases   ] GC(6) Concurrent Prepare Relocation Set 9.677ms
[11.580s][info][gc,phases   ] GC(6) Pause Relocate Start 1.795ms
[11.754s][info][gc,phases   ] GC(6) Concurrent Relocate 174.193ms
[11.754s][info][gc,load     ] GC(6) Load: 1.80/1.57/1.31
[11.754s][info][gc,mmu      ] GC(6) MMU: 2ms/0.0%, 5ms/49.2%, 10ms/74.6%, 20ms/86.5%, 50ms/94.6%, 100ms/97.1%
[11.754s][info][gc,marking  ] GC(6) Mark: 1 stripe(s), 2 proactive flush(es), 1 terminate flush(es), 0 completion(s), 0 continuation(s) 
[11.754s][info][gc,reloc    ] GC(6) Relocation: Successful, 38M relocated
[11.754s][info][gc,nmethod  ] GC(6) NMethods: 1874 registered, 0 unregistered
[11.754s][info][gc,metaspace] GC(6) Metaspace: 62M used, 65M capacity, 65M committed, 66M reserved
[11.754s][info][gc,ref      ] GC(6) Soft: 4282 encountered, 0 discovered, 0 enqueued
[11.754s][info][gc,ref      ] GC(6) Weak: 3556 encountered, 2549 discovered, 0 enqueued
[11.754s][info][gc,ref      ] GC(6) Final: 27 encountered, 0 discovered, 0 enqueued
[11.754s][info][gc,ref      ] GC(6) Phantom: 648 encountered, 644 discovered, 0 enqueued
[11.754s][info][gc,heap     ] GC(6)                Mark Start          Mark End        Relocate Start      Relocate End           High               Low         
[11.754s][info][gc,heap     ] GC(6)  Capacity:      902M (45%)         944M (47%)         950M (48%)         952M (48%)         952M (48%)         902M (45%)    
[11.754s][info][gc,heap     ] GC(6)   Reserve:       34M (2%)           34M (2%)           34M (2%)           34M (2%)           34M (2%)           34M (2%)     
[11.754s][info][gc,heap     ] GC(6)      Free:     1432M (72%)        1084M (54%)        1084M (54%)        1238M (62%)        1432M (72%)        1082M (54%)    
[11.754s][info][gc,heap     ] GC(6)      Used:      524M (26%)         872M (44%)         872M (44%)         718M (36%)         874M (44%)         524M (26%)    
[11.754s][info][gc,heap     ] GC(6)      Live:         -               104M (5%)          104M (5%)          104M (5%)             -                  -          
[11.754s][info][gc,heap     ] GC(6) Allocated:         -               348M (17%)         354M (18%)         616M (31%)            -                  -          
[11.754s][info][gc,heap     ] GC(6)   Garbage:         -               419M (21%)         413M (21%)          31M (2%)             -                  -          
[11.754s][info][gc,heap     ] GC(6) Reclaimed:         -                  -                 6M (0%)          388M (19%)            -                  -          
[11.754s][info][gc          ] GC(6) Garbage Collection (Allocation Rate) 524M(26%)->718M(36%)
[11.758s][info][gc,start    ] GC(7) Garbage Collection (Allocation Rate)
[11.761s][info][gc,phases   ] GC(7) Pause Mark Start 1.699ms
[12.197s][info][gc,phases   ] GC(7) Concurrent Mark 435.495ms
[12.199s][info][gc,phases   ] GC(7) Pause Mark End 0.188ms
[12.200s][info][gc,phases   ] GC(7) Concurrent Process Non-Strong References 1.088ms
[12.201s][info][gc,phases   ] GC(7) Concurrent Reset Relocation Set 0.648ms
[12.201s][info][gc,phases   ] GC(7) Concurrent Destroy Detached Pages 0.000ms
[12.203s][info][gc,phases   ] GC(7) Concurrent Select Relocation Set 1.545ms
[12.222s][info][gc,phases   ] GC(7) Concurrent Prepare Relocation Set 18.982ms
[12.225s][info][gc,phases   ] GC(7) Pause Relocate Start 1.830ms
[12.500s][info][gc,phases   ] GC(7) Concurrent Relocate 274.159ms
[12.500s][info][gc,load     ] GC(7) Load: 1.80/1.57/1.31
[12.500s][info][gc,mmu      ] GC(7) MMU: 2ms/0.0%, 5ms/49.2%, 10ms/74.6%, 20ms/86.5%, 50ms/94.6%, 100ms/97.1%
[12.500s][info][gc,marking  ] GC(7) Mark: 1 stripe(s), 2 proactive flush(es), 1 terminate flush(es), 0 completion(s), 0 continuation(s) 
[12.500s][info][gc,reloc    ] GC(7) Relocation: Successful, 53M relocated
[12.500s][info][gc,nmethod  ] GC(7) NMethods: 1892 registered, 0 unregistered
[12.500s][info][gc,metaspace] GC(7) Metaspace: 62M used, 65M capacity, 65M committed, 66M reserved
[12.500s][info][gc,ref      ] GC(7) Soft: 4282 encountered, 0 discovered, 0 enqueued
[12.500s][info][gc,ref      ] GC(7) Weak: 3556 encountered, 2549 discovered, 0 enqueued
[12.500s][info][gc,ref      ] GC(7) Final: 27 encountered, 0 discovered, 0 enqueued
[12.500s][info][gc,ref      ] GC(7) Phantom: 648 encountered, 644 discovered, 0 enqueued
[12.500s][info][gc,heap     ] GC(7)                Mark Start          Mark End        Relocate Start      Relocate End           High               Low         
[12.500s][info][gc,heap     ] GC(7)  Capacity:      952M (48%)        1142M (57%)        1156M (58%)        1158M (58%)        1158M (58%)         952M (48%)    
[12.500s][info][gc,heap     ] GC(7)   Reserve:       34M (2%)           34M (2%)           34M (2%)           34M (2%)           34M (2%)           34M (2%)     
[12.500s][info][gc,heap     ] GC(7)      Free:     1232M (62%)         892M (45%)         878M (44%)        1060M (53%)        1232M (62%)         876M (44%)    
[12.500s][info][gc,heap     ] GC(7)      Used:      724M (36%)        1064M (53%)        1078M (54%)         896M (45%)        1080M (54%)         724M (36%)    
[12.500s][info][gc,heap     ] GC(7)      Live:         -               152M (8%)          152M (8%)          152M (8%)             -                  -          
[12.500s][info][gc,heap     ] GC(7) Allocated:         -               340M (17%)         354M (18%)         764M (38%)            -                  -          
[12.500s][info][gc,heap     ] GC(7)   Garbage:         -               571M (29%)         571M (29%)          31M (2%)             -                  -          
[12.500s][info][gc,heap     ] GC(7) Reclaimed:         -                  -                 0M (0%)          540M (27%)            -                  -          
[12.500s][info][gc          ] GC(7) Garbage Collection (Allocation Rate) 724M(36%)->896M(45%)
[12.559s][info][gc,start    ] GC(8) Garbage Collection (Allocation Rate)
[12.563s][info][gc,phases   ] GC(8) Pause Mark Start 2.175ms
[13.649s][info][gc,phases   ] GC(8) Concurrent Mark 1086.337ms
[13.654s][info][gc,phases   ] GC(8) Pause Mark End 0.272ms
[13.659s][info][gc,phases   ] GC(8) Concurrent Process Non-Strong References 4.567ms
[13.660s][info][gc,phases   ] GC(8) Concurrent Reset Relocation Set 0.963ms
[13.660s][info][gc,phases   ] GC(8) Concurrent Destroy Detached Pages 0.000ms
[13.662s][info][gc,phases   ] GC(8) Concurrent Select Relocation Set 1.501ms
[13.694s][info][gc,phases   ] GC(8) Concurrent Prepare Relocation Set 32.152ms
[13.706s][info][gc,phases   ] GC(8) Pause Relocate Start 1.540ms
[14.213s][info][gc,phases   ] GC(8) Concurrent Relocate 507.417ms
[14.213s][info][gc,load     ] GC(8) Load: 1.80/1.57/1.31
[14.213s][info][gc,mmu      ] GC(8) MMU: 2ms/0.0%, 5ms/49.2%, 10ms/74.6%, 20ms/86.5%, 50ms/94.6%, 100ms/97.1%
[14.213s][info][gc,marking  ] GC(8) Mark: 1 stripe(s), 2 proactive flush(es), 1 terminate flush(es), 0 completion(s), 0 continuation(s) 
[14.213s][info][gc,reloc    ] GC(8) Relocation: Successful, 66M relocated
[14.213s][info][gc,nmethod  ] GC(8) NMethods: 2097 registered, 0 unregistered
[14.213s][info][gc,metaspace] GC(8) Metaspace: 64M used, 67M capacity, 67M committed, 68M reserved
[14.213s][info][gc,ref      ] GC(8) Soft: 4294 encountered, 0 discovered, 0 enqueued
[14.213s][info][gc,ref      ] GC(8) Weak: 3606 encountered, 2602 discovered, 17 enqueued
[14.213s][info][gc,ref      ] GC(8) Final: 27 encountered, 0 discovered, 0 enqueued
[14.213s][info][gc,ref      ] GC(8) Phantom: 651 encountered, 647 discovered, 4 enqueued
[14.213s][info][gc,heap     ] GC(8)                Mark Start          Mark End        Relocate Start      Relocate End           High               Low         
[14.213s][info][gc,heap     ] GC(8)  Capacity:     1170M (59%)        1170M (59%)        1170M (59%)        1170M (59%)        1170M (59%)        1170M (59%)    
[14.213s][info][gc,heap     ] GC(8)   Reserve:       34M (2%)           34M (2%)           34M (2%)           34M (2%)           34M (2%)           34M (2%)     
[14.213s][info][gc,heap     ] GC(8)      Free:      986M (50%)         874M (44%)         894M (45%)        1510M (76%)        1510M (76%)         872M (44%)    
[14.213s][info][gc,heap     ] GC(8)      Used:      970M (49%)        1082M (54%)        1062M (53%)         446M (22%)        1084M (54%)         446M (22%)    
[14.213s][info][gc,heap     ] GC(8)      Live:         -               214M (11%)         214M (11%)         214M (11%)            -                  -          
[14.213s][info][gc,heap     ] GC(8) Allocated:         -               112M (6%)          120M (6%)          262M (13%)            -                  -          
[14.213s][info][gc,heap     ] GC(8)   Garbage:         -               755M (38%)         727M (37%)          31M (2%)             -                  -          
[14.213s][info][gc,heap     ] GC(8) Reclaimed:         -                  -                28M (1%)          724M (36%)            -                  -          
[14.213s][info][gc          ] GC(8) Garbage Collection (Allocation Rate) 970M(49%)->446M(22%)
[14.458s][info][gc,start    ] GC(9) Garbage Collection (Allocation Rate)
[14.460s][info][gc,phases   ] GC(9) Pause Mark Start 1.855ms
[15.025s][info][gc,phases   ] GC(9) Concurrent Mark 564.475ms
[15.027s][info][gc,phases   ] GC(9) Pause Mark End 0.177ms
[15.028s][info][gc,phases   ] GC(9) Concurrent Process Non-Strong References 1.275ms
[15.029s][info][gc,phases   ] GC(9) Concurrent Reset Relocation Set 1.225ms
[15.029s][info][gc,phases   ] GC(9) Concurrent Destroy Detached Pages 0.000ms
[15.035s][info][gc,phases   ] GC(9) Concurrent Select Relocation Set 5.526ms
[15.035s][info][gc,phases   ] GC(9) Concurrent Prepare Relocation Set 0.083ms
[15.037s][info][gc,phases   ] GC(9) Pause Relocate Start 2.005ms
[15.064s][info][gc,phases   ] GC(9) Concurrent Relocate 17.614ms
[15.064s][info][gc,load     ] GC(9) Load: 1.80/1.57/1.31
[15.064s][info][gc,mmu      ] GC(9) MMU: 2ms/0.0%, 5ms/49.2%, 10ms/74.6%, 20ms/86.5%, 50ms/94.6%, 100ms/97.1%
[15.064s][info][gc,marking  ] GC(9) Mark: 1 stripe(s), 2 proactive flush(es), 1 terminate flush(es), 0 completion(s), 0 continuation(s) 
[15.064s][info][gc,reloc    ] GC(9) Relocation: Successful, 7M relocated
[15.064s][info][gc,nmethod  ] GC(9) NMethods: 2196 registered, 0 unregistered
[15.064s][info][gc,metaspace] GC(9) Metaspace: 64M used, 68M capacity, 68M committed, 70M reserved
[15.064s][info][gc,ref      ] GC(9) Soft: 4538 encountered, 0 discovered, 0 enqueued
[15.064s][info][gc,ref      ] GC(9) Weak: 4251 encountered, 3134 discovered, 209 enqueued
[15.064s][info][gc,ref      ] GC(9) Final: 27 encountered, 0 discovered, 0 enqueued
[15.064s][info][gc,ref      ] GC(9) Phantom: 818 encountered, 814 discovered, 171 enqueued
[15.064s][info][gc,heap     ] GC(9)                Mark Start          Mark End        Relocate Start      Relocate End           High               Low         
[15.064s][info][gc,heap     ] GC(9)  Capacity:     1170M (59%)        1170M (59%)        1170M (59%)        1170M (59%)        1170M (59%)        1170M (59%)    
[15.064s][info][gc,heap     ] GC(9)   Reserve:       34M (2%)           34M (2%)           34M (2%)           34M (2%)           34M (2%)           34M (2%)     
[15.064s][info][gc,heap     ] GC(9)      Free:     1384M (70%)         980M (49%)        1258M (63%)        1300M (65%)        1384M (70%)         980M (49%)    
[15.064s][info][gc,heap     ] GC(9)      Used:      572M (29%)         976M (49%)         698M (35%)         656M (33%)         976M (49%)         572M (29%)    
[15.064s][info][gc,heap     ] GC(9)      Live:         -               215M (11%)         215M (11%)         215M (11%)            -                  -          
[15.064s][info][gc,heap     ] GC(9) Allocated:         -               404M (20%)         406M (20%)         414M (21%)            -                  -          
[15.064s][info][gc,heap     ] GC(9)   Garbage:         -               356M (18%)          76M (4%)           30M (2%)             -                  -          
[15.064s][info][gc,heap     ] GC(9) Reclaimed:         -                  -               280M (14%)         326M (16%)            -                  -          
[15.064s][info][gc          ] GC(9) Garbage Collection (Allocation Rate) 572M(29%)->656M(33%)
[15.159s][info][gc,start    ] GC(10) Garbage Collection (Allocation Rate)
[15.163s][info][gc,phases   ] GC(10) Pause Mark Start 1.993ms
[15.609s][info][gc,phases   ] GC(10) Concurrent Mark 446.403ms
[15.611s][info][gc,phases   ] GC(10) Pause Mark End 0.192ms
[15.613s][info][gc,phases   ] GC(10) Concurrent Process Non-Strong References 1.314ms
[15.613s][info][gc,phases   ] GC(10) Concurrent Reset Relocation Set 0.002ms
[15.613s][info][gc,phases   ] GC(10) Concurrent Destroy Detached Pages 0.000ms
[15.615s][info][gc,phases   ] GC(10) Concurrent Select Relocation Set 1.976ms
[15.615s][info][gc,phases   ] GC(10) Concurrent Prepare Relocation Set 0.014ms
[15.616s][info][gc,phases   ] GC(10) Pause Relocate Start 1.560ms
[15.617s][info][gc,phases   ] GC(10) Concurrent Relocate 1.092ms
[15.618s][info][gc,load     ] GC(10) Load: 1.90/1.60/1.32
[15.618s][info][gc,mmu      ] GC(10) MMU: 2ms/0.0%, 5ms/49.2%, 10ms/74.6%, 20ms/86.5%, 50ms/94.6%, 100ms/97.1%
[15.618s][info][gc,marking  ] GC(10) Mark: 1 stripe(s), 2 proactive flush(es), 1 terminate flush(es), 0 completion(s), 0 continuation(s) 
[15.618s][info][gc,reloc    ] GC(10) Relocation: Successful, 5M relocated
[15.618s][info][gc,nmethod  ] GC(10) NMethods: 2202 registered, 0 unregistered
[15.618s][info][gc,metaspace] GC(10) Metaspace: 64M used, 68M capacity, 68M committed, 70M reserved
[15.618s][info][gc,ref      ] GC(10) Soft: 4546 encountered, 0 discovered, 0 enqueued
[15.618s][info][gc,ref      ] GC(10) Weak: 4132 encountered, 3014 discovered, 27 enqueued
[15.618s][info][gc,ref      ] GC(10) Final: 27 encountered, 0 discovered, 0 enqueued
[15.618s][info][gc,ref      ] GC(10) Phantom: 679 encountered, 675 discovered, 32 enqueued
[15.618s][info][gc,heap     ] GC(10)                Mark Start          Mark End        Relocate Start      Relocate End           High               Low         
[15.618s][info][gc,heap     ] GC(10)  Capacity:     1170M (59%)        1178M (59%)        1178M (59%)        1178M (59%)        1178M (59%)        1170M (59%)    
[15.618s][info][gc,heap     ] GC(10)   Reserve:       34M (2%)           34M (2%)           34M (2%)           34M (2%)           34M (2%)           34M (2%)     
[15.618s][info][gc,heap     ] GC(10)      Free:     1226M (62%)         884M (44%)        1350M (68%)        1368M (69%)        1368M (69%)         884M (44%)    
[15.618s][info][gc,heap     ] GC(10)      Used:      730M (37%)        1072M (54%)         606M (30%)         588M (30%)        1072M (54%)         588M (30%)    
[15.618s][info][gc,heap     ] GC(10)      Live:         -               215M (11%)         215M (11%)         215M (11%)            -                  -          
[15.618s][info][gc,heap     ] GC(10) Allocated:         -               342M (17%)         342M (17%)         344M (17%)            -                  -          
[15.618s][info][gc,heap     ] GC(10)   Garbage:         -               514M (26%)          48M (2%)           30M (2%)             -                  -          
[15.618s][info][gc,heap     ] GC(10) Reclaimed:         -                  -               466M (23%)         484M (24%)            -                  -          
[15.618s][info][gc          ] GC(10) Garbage Collection (Allocation Rate) 730M(37%)->588M(30%)
[15.658s][info][gc,start    ] GC(11) Garbage Collection (Allocation Rate)
[15.662s][info][gc,phases   ] GC(11) Pause Mark Start 1.923ms
[16.077s][info][gc,phases   ] GC(11) Concurrent Mark 415.363ms
[16.080s][info][gc,phases   ] GC(11) Pause Mark End 0.209ms
[16.081s][info][gc,phases   ] GC(11) Concurrent Process Non-Strong References 1.283ms
[16.081s][info][gc,phases   ] GC(11) Concurrent Reset Relocation Set 0.003ms
[16.081s][info][gc,phases   ] GC(11) Concurrent Destroy Detached Pages 0.000ms
[16.083s][info][gc,phases   ] GC(11) Concurrent Select Relocation Set 1.593ms
[16.083s][info][gc,phases   ] GC(11) Concurrent Prepare Relocation Set 0.014ms
[16.085s][info][gc,phases   ] GC(11) Pause Relocate Start 1.650ms
[16.090s][info][gc,phases   ] GC(11) Concurrent Relocate 5.630ms
[16.090s][info][gc,load     ] GC(11) Load: 1.90/1.60/1.32
[16.090s][info][gc,mmu      ] GC(11) MMU: 2ms/0.0%, 5ms/49.2%, 10ms/74.6%, 20ms/86.5%, 50ms/93.0%, 100ms/96.3%
[16.090s][info][gc,marking  ] GC(11) Mark: 1 stripe(s), 2 proactive flush(es), 1 terminate flush(es), 0 completion(s), 0 continuation(s) 
[16.090s][info][gc,reloc    ] GC(11) Relocation: Successful, 5M relocated
[16.090s][info][gc,nmethod  ] GC(11) NMethods: 2202 registered, 0 unregistered
[16.090s][info][gc,metaspace] GC(11) Metaspace: 64M used, 68M capacity, 68M committed, 70M reserved
[16.090s][info][gc,ref      ] GC(11) Soft: 4546 encountered, 0 discovered, 0 enqueued
[16.090s][info][gc,ref      ] GC(11) Weak: 4105 encountered, 2987 discovered, 0 enqueued
[16.090s][info][gc,ref      ] GC(11) Final: 27 encountered, 0 discovered, 0 enqueued
[16.090s][info][gc,ref      ] GC(11) Phantom: 647 encountered, 643 discovered, 0 enqueued
[16.090s][info][gc,heap     ] GC(11)                Mark Start          Mark End        Relocate Start      Relocate End           High               Low         
[16.090s][info][gc,heap     ] GC(11)  Capacity:     1178M (59%)        1178M (59%)        1178M (59%)        1178M (59%)        1178M (59%)        1178M (59%)    
[16.090s][info][gc,heap     ] GC(11)   Reserve:       34M (2%)           34M (2%)           34M (2%)           34M (2%)           34M (2%)           34M (2%)     
[16.090s][info][gc,heap     ] GC(11)      Free:     1302M (65%)         964M (48%)        1366M (69%)        1366M (69%)        1366M (69%)         964M (48%)    
[16.090s][info][gc,heap     ] GC(11)      Used:      654M (33%)         992M (50%)         590M (30%)         590M (30%)         992M (50%)         590M (30%)    
[16.090s][info][gc,heap     ] GC(11)      Live:         -               215M (11%)         215M (11%)         215M (11%)            -                  -          
[16.090s][info][gc,heap     ] GC(11) Allocated:         -               338M (17%)         338M (17%)         346M (17%)            -                  -          
[16.090s][info][gc,heap     ] GC(11)   Garbage:         -               438M (22%)          36M (2%)           30M (2%)             -                  -          
[16.090s][info][gc,heap     ] GC(11) Reclaimed:         -                  -               402M (20%)         408M (21%)            -                  -          
[16.090s][info][gc          ] GC(11) Garbage Collection (Allocation Rate) 654M(33%)->590M(30%)
[16.158s][info][gc,start    ] GC(12) Garbage Collection (Allocation Rate)
[16.163s][info][gc,phases   ] GC(12) Pause Mark Start 2.639ms
[16.577s][info][gc,phases   ] GC(12) Concurrent Mark 414.487ms
[16.580s][info][gc,phases   ] GC(12) Pause Mark End 0.190ms
[16.581s][info][gc,phases   ] GC(12) Concurrent Process Non-Strong References 1.152ms
[16.581s][info][gc,phases   ] GC(12) Concurrent Reset Relocation Set 0.001ms
[16.581s][info][gc,phases   ] GC(12) Concurrent Destroy Detached Pages 0.000ms
[16.582s][info][gc,phases   ] GC(12) Concurrent Select Relocation Set 1.558ms
[16.582s][info][gc,phases   ] GC(12) Concurrent Prepare Relocation Set 0.014ms
[16.584s][info][gc,phases   ] GC(12) Pause Relocate Start 1.528ms
[16.585s][info][gc,phases   ] GC(12) Concurrent Relocate 1.022ms
[16.585s][info][gc,load     ] GC(12) Load: 1.90/1.60/1.32
[16.585s][info][gc,mmu      ] GC(12) MMU: 2ms/0.0%, 5ms/47.2%, 10ms/73.6%, 20ms/86.5%, 50ms/93.0%, 100ms/95.5%
[16.585s][info][gc,marking  ] GC(12) Mark: 1 stripe(s), 2 proactive flush(es), 1 terminate flush(es), 0 completion(s), 0 continuation(s) 
[16.585s][info][gc,reloc    ] GC(12) Relocation: Successful, 5M relocated
[16.585s][info][gc,nmethod  ] GC(12) NMethods: 2202 registered, 0 unregistered
[16.585s][info][gc,metaspace] GC(12) Metaspace: 64M used, 68M capacity, 68M committed, 70M reserved
[16.585s][info][gc,ref      ] GC(12) Soft: 4546 encountered, 0 discovered, 0 enqueued
[16.585s][info][gc,ref      ] GC(12) Weak: 4105 encountered, 2987 discovered, 0 enqueued
[16.585s][info][gc,ref      ] GC(12) Final: 27 encountered, 0 discovered, 0 enqueued
[16.585s][info][gc,ref      ] GC(12) Phantom: 647 encountered, 643 discovered, 0 enqueued
[16.585s][info][gc,heap     ] GC(12)                Mark Start          Mark End        Relocate Start      Relocate End           High               Low         
[16.585s][info][gc,heap     ] GC(12)  Capacity:     1178M (59%)        1178M (59%)        1178M (59%)        1178M (59%)        1178M (59%)        1178M (59%)    
[16.585s][info][gc,heap     ] GC(12)   Reserve:       34M (2%)           34M (2%)           34M (2%)           34M (2%)           34M (2%)           34M (2%)     
[16.585s][info][gc,heap     ] GC(12)      Free:     1264M (64%)         926M (47%)        1366M (69%)        1372M (69%)        1372M (69%)         926M (47%)    
[16.585s][info][gc,heap     ] GC(12)      Used:      692M (35%)        1030M (52%)         590M (30%)         584M (29%)        1030M (52%)         584M (29%)    
[16.585s][info][gc,heap     ] GC(12)      Live:         -               215M (11%)         215M (11%)         215M (11%)            -                  -          
[16.585s][info][gc,heap     ] GC(12) Allocated:         -               338M (17%)         338M (17%)         340M (17%)            -                  -          
[16.585s][info][gc,heap     ] GC(12)   Garbage:         -               476M (24%)          36M (2%)           30M (2%)             -                  -          
[16.585s][info][gc,heap     ] GC(12) Reclaimed:         -                  -               440M (22%)         446M (22%)            -                  -          
[16.585s][info][gc          ] GC(12) Garbage Collection (Allocation Rate) 692M(35%)->584M(29%)
[16.658s][info][gc,start    ] GC(13) Garbage Collection (Allocation Rate)
[16.662s][info][gc,phases   ] GC(13) Pause Mark Start 1.921ms
[17.072s][info][gc,phases   ] GC(13) Concurrent Mark 409.602ms
[17.074s][info][gc,phases   ] GC(13) Pause Mark End 0.194ms
[17.075s][info][gc,phases   ] GC(13) Concurrent Process Non-Strong References 1.181ms
[17.075s][info][gc,phases   ] GC(13) Concurrent Reset Relocation Set 0.002ms
[17.076s][info][gc,phases   ] GC(13) Concurrent Destroy Detached Pages 0.000ms
[17.077s][info][gc,phases   ] GC(13) Concurrent Select Relocation Set 1.533ms
[17.077s][info][gc,phases   ] GC(13) Concurrent Prepare Relocation Set 0.015ms
[17.079s][info][gc,phases   ] GC(13) Pause Relocate Start 1.588ms
[17.080s][info][gc,phases   ] GC(13) Concurrent Relocate 1.018ms
[17.080s][info][gc,load     ] GC(13) Load: 1.90/1.60/1.32
[17.080s][info][gc,mmu      ] GC(13) MMU: 2ms/0.0%, 5ms/47.2%, 10ms/73.6%, 20ms/86.5%, 50ms/93.0%, 100ms/95.5%
[17.080s][info][gc,marking  ] GC(13) Mark: 1 stripe(s), 2 proactive flush(es), 1 terminate flush(es), 0 completion(s), 0 continuation(s) 
[17.080s][info][gc,reloc    ] GC(13) Relocation: Successful, 5M relocated
[17.080s][info][gc,nmethod  ] GC(13) NMethods: 2202 registered, 0 unregistered
[17.080s][info][gc,metaspace] GC(13) Metaspace: 64M used, 68M capacity, 68M committed, 70M reserved
[17.080s][info][gc,ref      ] GC(13) Soft: 4546 encountered, 0 discovered, 0 enqueued
[17.080s][info][gc,ref      ] GC(13) Weak: 4105 encountered, 2987 discovered, 0 enqueued
[17.080s][info][gc,ref      ] GC(13) Final: 27 encountered, 0 discovered, 0 enqueued
[17.080s][info][gc,ref      ] GC(13) Phantom: 647 encountered, 643 discovered, 0 enqueued
[17.080s][info][gc,heap     ] GC(13)                Mark Start          Mark End        Relocate Start      Relocate End           High               Low         
[17.080s][info][gc,heap     ] GC(13)  Capacity:     1178M (59%)        1178M (59%)        1178M (59%)        1178M (59%)        1178M (59%)        1178M (59%)    
[17.080s][info][gc,heap     ] GC(13)   Reserve:       34M (2%)           34M (2%)           34M (2%)           34M (2%)           34M (2%)           34M (2%)     
[17.080s][info][gc,heap     ] GC(13)      Free:     1250M (63%)         920M (46%)        1374M (69%)        1380M (69%)        1380M (69%)         920M (46%)    
[17.080s][info][gc,heap     ] GC(13)      Used:      706M (35%)        1036M (52%)         582M (29%)         576M (29%)        1036M (52%)         576M (29%)    
[17.080s][info][gc,heap     ] GC(13)      Live:         -               215M (11%)         215M (11%)         215M (11%)            -                  -          
[17.080s][info][gc,heap     ] GC(13) Allocated:         -               330M (17%)         330M (17%)         332M (17%)            -                  -          
[17.080s][info][gc,heap     ] GC(13)   Garbage:         -               490M (25%)          36M (2%)           30M (2%)             -                  -          
[17.080s][info][gc,heap     ] GC(13) Reclaimed:         -                  -               454M (23%)         460M (23%)            -                  -          
[17.080s][info][gc          ] GC(13) Garbage Collection (Allocation Rate) 706M(35%)->576M(29%)
[17.258s][info][gc,start    ] GC(14) Garbage Collection (Allocation Rate)
[17.262s][info][gc,phases   ] GC(14) Pause Mark Start 1.951ms
[17.834s][info][gc,phases   ] GC(14) Concurrent Mark 572.561ms
[17.835s][info][gc,phases   ] GC(14) Pause Mark End 0.176ms
[17.836s][info][gc,phases   ] GC(14) Concurrent Process Non-Strong References 1.227ms
[17.836s][info][gc,phases   ] GC(14) Concurrent Reset Relocation Set 0.002ms
[17.836s][info][gc,phases   ] GC(14) Concurrent Destroy Detached Pages 0.000ms
[17.837s][info][gc,phases   ] GC(14) Concurrent Select Relocation Set 1.508ms
[17.837s][info][gc,phases   ] GC(14) Concurrent Prepare Relocation Set 0.015ms
[17.839s][info][gc,phases   ] GC(14) Pause Relocate Start 1.683ms
[17.847s][info][gc,phases   ] GC(14) Concurrent Relocate 7.742ms
[17.847s][info][gc,load     ] GC(14) Load: 1.90/1.60/1.32
[17.847s][info][gc,mmu      ] GC(14) MMU: 2ms/0.0%, 5ms/47.2%, 10ms/73.6%, 20ms/86.5%, 50ms/93.0%, 100ms/95.5%
[17.847s][info][gc,marking  ] GC(14) Mark: 1 stripe(s), 2 proactive flush(es), 1 terminate flush(es), 0 completion(s), 0 continuation(s) 
[17.847s][info][gc,reloc    ] GC(14) Relocation: Successful, 5M relocated
[17.847s][info][gc,nmethod  ] GC(14) NMethods: 2289 registered, 0 unregistered
[17.847s][info][gc,metaspace] GC(14) Metaspace: 67M used, 70M capacity, 70M committed, 72M reserved
[17.847s][info][gc,ref      ] GC(14) Soft: 4546 encountered, 0 discovered, 0 enqueued
[17.847s][info][gc,ref      ] GC(14) Weak: 4103 encountered, 3043 discovered, 0 enqueued
[17.847s][info][gc,ref      ] GC(14) Final: 27 encountered, 0 discovered, 0 enqueued
[17.847s][info][gc,ref      ] GC(14) Phantom: 647 encountered, 643 discovered, 0 enqueued
[17.847s][info][gc,heap     ] GC(14)                Mark Start          Mark End        Relocate Start      Relocate End           High               Low         
[17.847s][info][gc,heap     ] GC(14)  Capacity:     1178M (59%)        1178M (59%)        1178M (59%)        1178M (59%)        1178M (59%)        1178M (59%)    
[17.847s][info][gc,heap     ] GC(14)   Reserve:       34M (2%)           34M (2%)           34M (2%)           34M (2%)           34M (2%)           34M (2%)     
[17.847s][info][gc,heap     ] GC(14)      Free:     1088M (55%)         972M (49%)        1588M (80%)        1594M (80%)        1594M (80%)         972M (49%)    
[17.847s][info][gc,heap     ] GC(14)      Used:      868M (44%)         984M (49%)         368M (18%)         362M (18%)         984M (49%)         362M (18%)    
[17.847s][info][gc,heap     ] GC(14)      Live:         -               215M (11%)         215M (11%)         215M (11%)            -                  -          
[17.847s][info][gc,heap     ] GC(14) Allocated:         -               116M (6%)          116M (6%)          118M (6%)             -                  -          
[17.847s][info][gc,heap     ] GC(14)   Garbage:         -               652M (33%)          36M (2%)           30M (2%)             -                  -          
[17.847s][info][gc,heap     ] GC(14) Reclaimed:         -                  -               616M (31%)         622M (31%)            -                  -          
[17.847s][info][gc          ] GC(14) Garbage Collection (Allocation Rate) 868M(44%)->362M(18%)
[17.847s][info][gc,start    ] GC(15) Garbage Collection (System.gc())
[17.849s][info][gc,phases   ] GC(15) Pause Mark Start 1.986ms
[18.136s][info][gc,phases   ] GC(15) Concurrent Mark 287.146ms
[18.137s][info][gc,phases   ] GC(15) Pause Mark End 0.173ms
[18.138s][info][gc,phases   ] GC(15) Concurrent Process Non-Strong References 1.204ms
[18.138s][info][gc,phases   ] GC(15) Concurrent Reset Relocation Set 0.001ms
[18.138s][info][gc,phases   ] GC(15) Concurrent Destroy Detached Pages 0.000ms
[18.143s][info][gc,phases   ] GC(15) Concurrent Select Relocation Set 5.451ms
[18.143s][info][gc,phases   ] GC(15) Concurrent Prepare Relocation Set 0.025ms
[18.148s][info][gc,phases   ] GC(15) Pause Relocate Start 4.198ms
[18.153s][info][gc,phases   ] GC(15) Concurrent Relocate 2.857ms
[18.154s][info][gc,load     ] GC(15) Load: 1.90/1.60/1.32
[18.154s][info][gc,mmu      ] GC(15) MMU: 2ms/0.0%, 5ms/16.0%, 10ms/58.0%, 20ms/78.1%, 50ms/91.3%, 100ms/95.5%
[18.154s][info][gc,marking  ] GC(15) Mark: 1 stripe(s), 2 proactive flush(es), 1 terminate flush(es), 0 completion(s), 0 continuation(s) 
[18.154s][info][gc,reloc    ] GC(15) Relocation: Successful, 6M relocated
[18.154s][info][gc,nmethod  ] GC(15) NMethods: 2306 registered, 0 unregistered
[18.154s][info][gc,metaspace] GC(15) Metaspace: 67M used, 70M capacity, 70M committed, 72M reserved
[18.154s][info][gc,ref      ] GC(15) Soft: 4639 encountered, 0 discovered, 0 enqueued
[18.154s][info][gc,ref      ] GC(15) Weak: 4506 encountered, 3430 discovered, 204 enqueued
[18.154s][info][gc,ref      ] GC(15) Final: 27 encountered, 0 discovered, 0 enqueued
[18.154s][info][gc,ref      ] GC(15) Phantom: 772 encountered, 765 discovered, 123 enqueued
[18.154s][info][gc,heap     ] GC(15)                Mark Start          Mark End        Relocate Start      Relocate End           High               Low         
[18.154s][info][gc,heap     ] GC(15)  Capacity:     1178M (59%)        1178M (59%)        1178M (59%)        1178M (59%)        1178M (59%)        1178M (59%)    
[18.154s][info][gc,heap     ] GC(15)   Reserve:       34M (2%)           34M (2%)           34M (2%)           34M (2%)           34M (2%)           34M (2%)     
[18.154s][info][gc,heap     ] GC(15)      Free:     1594M (80%)        1592M (80%)        1694M (85%)        1708M (86%)        1708M (86%)        1592M (80%)    
[18.154s][info][gc,heap     ] GC(15)      Used:      362M (18%)         364M (18%)         262M (13%)         248M (12%)         364M (18%)         248M (12%)    
[18.154s][info][gc,heap     ] GC(15)      Live:         -               216M (11%)         216M (11%)         216M (11%)            -                  -          
[18.154s][info][gc,heap     ] GC(15) Allocated:         -                 2M (0%)            2M (0%)            4M (0%)             -                  -          
[18.154s][info][gc,heap     ] GC(15)   Garbage:         -               145M (7%)           43M (2%)           29M (2%)             -                  -          
[18.154s][info][gc,heap     ] GC(15) Reclaimed:         -                  -               102M (5%)          116M (6%)             -                  -          
[18.154s][info][gc          ] GC(15) Garbage Collection (System.gc()) 362M(18%)->248M(12%)
[19.658s][info][gc,start    ] GC(16) Garbage Collection (Allocation Rate)
[19.663s][info][gc,phases   ] GC(16) Pause Mark Start 2.114ms
[20.058s][info][gc,stats    ] === Garbage Collection Statistics =======================================================================================================================
[20.058s][info][gc,stats    ]                                                              Last 10s              Last 10m              Last 10h                Total
[20.058s][info][gc,stats    ]                                                              Avg / Max             Avg / Max             Avg / Max             Avg / Max
[20.058s][info][gc,stats    ]   Collector: Garbage Collection Cycle                    600.489 / 1654.489    546.010 / 1654.489    546.010 / 1654.489    546.010 / 1654.489    ms
[20.058s][info][gc,stats    ]  Contention: Mark Segment Reset Contention                     0 / 0                 0 / 0                 0 / 0                 0 / 0           ops/s
[20.058s][info][gc,stats    ]  Contention: Mark SeqNum Reset Contention                      0 / 0                 0 / 0                 0 / 0                 0 / 0           ops/s
[20.058s][info][gc,stats    ]  Contention: Relocation Contention                             0 / 0                 0 / 0                 0 / 0                 0 / 0           ops/s
[20.058s][info][gc,stats    ]    Critical: Allocation Stall                              0.000 / 0.000         0.000 / 0.000         0.000 / 0.000         0.000 / 0.000       ms
[20.058s][info][gc,stats    ]    Critical: Allocation Stall                                  0 / 0                 0 / 0                 0 / 0                 0 / 0           ops/s
[20.058s][info][gc,stats    ]    Critical: GC Locker Stall                               0.000 / 0.000         0.000 / 0.000         0.000 / 0.000         0.000 / 0.000       ms
[20.058s][info][gc,stats    ]    Critical: GC Locker Stall                                   0 / 0                 0 / 0                 0 / 0                 0 / 0           ops/s
[20.058s][info][gc,stats    ]      Memory: Allocation Rate                                 593 / 1094            367 / 1094            367 / 1094            367 / 1094        MB/s
[20.058s][info][gc,stats    ]      Memory: Heap Used After Mark                            928 / 1082            752 / 1082            752 / 1082            752 / 1082        MB
[20.058s][info][gc,stats    ]      Memory: Heap Used After Relocation                      558 / 896             441 / 896             441 / 896             441 / 896         MB
[20.058s][info][gc,stats    ]      Memory: Heap Used Before Mark                           696 / 970             587 / 970             587 / 970             587 / 970         MB
[20.058s][info][gc,stats    ]      Memory: Heap Used Before Relocation                     674 / 1078            568 / 1078            568 / 1078            568 / 1078        MB
[20.058s][info][gc,stats    ]      Memory: Out Of Memory                                     0 / 0                 0 / 0                 0 / 0                 0 / 0           ops/s
[20.058s][info][gc,stats    ]      Memory: Page Cache Flush                                  0 / 0                 0 / 0                 0 / 0                 0 / 0           MB/s
[20.058s][info][gc,stats    ]      Memory: Page Cache Hit L1                               285 / 505             160 / 505             160 / 505             160 / 505         ops/s
[20.058s][info][gc,stats    ]      Memory: Page Cache Hit L2                                 0 / 0                 0 / 0                 0 / 0                 0 / 0           ops/s
[20.058s][info][gc,stats    ]      Memory: Page Cache Miss                                  15 / 65               27 / 179              27 / 179              27 / 179         ops/s
[20.058s][info][gc,stats    ]      Memory: Undo Object Allocation Failed                     0 / 0                 0 / 0                 0 / 0                 0 / 0           ops/s
[20.058s][info][gc,stats    ]      Memory: Undo Object Allocation Succeeded                  0 / 0                 0 / 0                 0 / 0                 0 / 0           ops/s
[20.058s][info][gc,stats    ]      Memory: Undo Page Allocation                              0 / 1                 0 / 1                 0 / 1                 0 / 1           ops/s
[20.058s][info][gc,stats    ]       Phase: Concurrent Destroy Detached Pages             0.000 / 0.000         0.000 / 0.001         0.000 / 0.001         0.000 / 0.001       ms
[20.058s][info][gc,stats    ]       Phase: Concurrent Mark                             472.745 / 1086.337    391.489 / 1086.337    391.489 / 1086.337    391.489 / 1086.337    ms
[20.058s][info][gc,stats    ]       Phase: Concurrent Mark Continue                      0.000 / 0.000         0.000 / 0.000         0.000 / 0.000         0.000 / 0.000       ms
[20.058s][info][gc,stats    ]       Phase: Concurrent Prepare Relocation Set             6.385 / 32.152        5.703 / 32.152        5.703 / 32.152        5.703 / 32.152      ms
[20.058s][info][gc,stats    ]       Phase: Concurrent Process Non-Strong References      1.574 / 4.567         1.425 / 4.567         1.425 / 4.567         1.425 / 4.567       ms
[20.058s][info][gc,stats    ]       Phase: Concurrent Relocate                         106.516 / 507.417     134.298 / 507.417     134.298 / 507.417     134.298 / 507.417     ms
[20.058s][info][gc,stats    ]       Phase: Concurrent Reset Relocation Set               0.306 / 1.225         0.314 / 1.225         0.314 / 1.225         0.314 / 1.225       ms
[20.058s][info][gc,stats    ]       Phase: Concurrent Select Relocation Set              2.398 / 5.526         2.346 / 5.526         2.346 / 5.526         2.346 / 5.526       ms
[20.058s][info][gc,stats    ]       Phase: Pause Mark End                                0.195 / 0.272         0.199 / 0.465         0.199 / 0.465         0.199 / 0.465       ms
[20.058s][info][gc,stats    ]       Phase: Pause Mark Start                              2.029 / 2.639         1.797 / 2.639         1.797 / 2.639         1.797 / 2.639       ms
[20.058s][info][gc,stats    ]       Phase: Pause Relocate Start                          1.938 / 4.198         1.784 / 4.198         1.784 / 4.198         1.784 / 4.198       ms
[20.058s][info][gc,stats    ]    Subphase: Concurrent Mark                             472.358 / 1086.317    391.215 / 1086.317    391.215 / 1086.317    391.215 / 1086.317    ms
[20.058s][info][gc,stats    ]    Subphase: Concurrent Mark Idle                          0.000 / 0.000         0.000 / 0.000         0.000 / 0.000         0.000 / 0.000       ms
[20.058s][info][gc,stats    ]    Subphase: Concurrent Mark Try Flush                     1.160 / 6.593         1.326 / 7.435         1.326 / 7.435         1.326 / 7.435       ms
[20.058s][info][gc,stats    ]    Subphase: Concurrent Mark Try Terminate                 0.395 / 2.001         0.457 / 2.001         0.457 / 2.001         0.457 / 2.001       ms
[20.058s][info][gc,stats    ]    Subphase: Concurrent References Enqueue                 0.001 / 0.002         0.001 / 0.002         0.001 / 0.002         0.001 / 0.002       ms
[20.058s][info][gc,stats    ]    Subphase: Concurrent References Process                 0.834 / 3.927         0.696 / 3.927         0.696 / 3.927         0.696 / 3.927       ms
[20.058s][info][gc,stats    ]    Subphase: Concurrent Weak Roots                         0.733 / 1.006         0.721 / 1.069         0.721 / 1.069         0.721 / 1.069       ms
[20.058s][info][gc,stats    ]    Subphase: Concurrent Weak Roots JNIWeakHandles          0.000 / 0.000         0.000 / 0.000         0.000 / 0.000         0.000 / 0.000       ms
[20.058s][info][gc,stats    ]    Subphase: Concurrent Weak Roots StringTable             0.541 / 0.722         0.548 / 0.849         0.548 / 0.849         0.548 / 0.849       ms
[20.058s][info][gc,stats    ]    Subphase: Concurrent Weak Roots VMWeakHandles           0.190 / 0.283         0.173 / 0.283         0.173 / 0.283         0.173 / 0.283       ms
[20.058s][info][gc,stats    ]    Subphase: Pause Mark Try Complete                       0.000 / 0.000         0.002 / 0.002         0.002 / 0.002         0.002 / 0.002       ms
[20.058s][info][gc,stats    ]    Subphase: Pause Remap TLABS                             0.001 / 0.001         0.001 / 0.001         0.001 / 0.001         0.001 / 0.001       ms
[20.058s][info][gc,stats    ]    Subphase: Pause Retire TLABS                            0.010 / 0.016         0.010 / 0.016         0.010 / 0.016         0.010 / 0.016       ms
[20.058s][info][gc,stats    ]    Subphase: Pause Roots                                   1.174 / 2.377         1.085 / 2.399         1.085 / 2.399         1.085 / 2.399       ms
[20.058s][info][gc,stats    ]    Subphase: Pause Roots ClassLoaderDataGraph              0.557 / 0.722         0.543 / 1.292         0.543 / 1.292         0.543 / 1.292       ms
[20.058s][info][gc,stats    ]    Subphase: Pause Roots CodeCache                         0.810 / 1.457         0.676 / 1.457         0.676 / 1.457         0.676 / 1.457       ms
[20.058s][info][gc,stats    ]    Subphase: Pause Roots JNIHandles                        0.001 / 0.001         0.001 / 0.003         0.001 / 0.003         0.001 / 0.003       ms
[20.058s][info][gc,stats    ]    Subphase: Pause Roots JNIWeakHandles                    0.000 / 0.000         0.000 / 0.000         0.000 / 0.000         0.000 / 0.000       ms
[20.058s][info][gc,stats    ]    Subphase: Pause Roots JRFWeak                           0.000 / 0.000         0.000 / 0.000         0.000 / 0.000         0.000 / 0.000       ms
[20.058s][info][gc,stats    ]    Subphase: Pause Roots JVMTIExport                       0.000 / 0.001         0.000 / 0.001         0.000 / 0.001         0.000 / 0.001       ms
[20.058s][info][gc,stats    ]    Subphase: Pause Roots JVMTIWeakExport                   0.001 / 0.001         0.001 / 0.001         0.001 / 0.001         0.001 / 0.001       ms
[20.058s][info][gc,stats    ]    Subphase: Pause Roots Management                        0.001 / 0.002         0.001 / 0.003         0.001 / 0.003         0.001 / 0.003       ms
[20.058s][info][gc,stats    ]    Subphase: Pause Roots ObjectSynchronizer                0.000 / 0.000         0.000 / 0.000         0.000 / 0.000         0.000 / 0.000       ms
[20.058s][info][gc,stats    ]    Subphase: Pause Roots Setup                             0.143 / 0.238         0.117 / 0.238         0.117 / 0.238         0.117 / 0.238       ms
[20.058s][info][gc,stats    ]    Subphase: Pause Roots StringTable                       0.000 / 0.000         0.000 / 0.000         0.000 / 0.000         0.000 / 0.000       ms
[20.058s][info][gc,stats    ]    Subphase: Pause Roots SystemDictionary                  0.011 / 0.018         0.011 / 0.026         0.011 / 0.026         0.011 / 0.026       ms
[20.058s][info][gc,stats    ]    Subphase: Pause Roots Teardown                          0.001 / 0.002         0.001 / 0.002         0.001 / 0.002         0.001 / 0.002       ms
[20.058s][info][gc,stats    ]    Subphase: Pause Roots Threads                           0.237 / 0.812         0.245 / 0.928         0.245 / 0.928         0.245 / 0.928       ms
[20.058s][info][gc,stats    ]    Subphase: Pause Roots Universe                          0.001 / 0.002         0.012 / 0.335         0.012 / 0.335         0.012 / 0.335       ms
[20.058s][info][gc,stats    ]    Subphase: Pause Roots VMWeakHandles                     0.000 / 0.000         0.000 / 0.000         0.000 / 0.000         0.000 / 0.000       ms
[20.058s][info][gc,stats    ]    Subphase: Pause Weak Roots                              0.001 / 0.002         0.002 / 0.009         0.002 / 0.009         0.002 / 0.009       ms
[20.058s][info][gc,stats    ]    Subphase: Pause Weak Roots JFRWeak                      0.000 / 0.001         0.000 / 0.001         0.000 / 0.001         0.000 / 0.001       ms
[20.058s][info][gc,stats    ]    Subphase: Pause Weak Roots JNIWeakHandles               0.000 / 0.000         0.000 / 0.000         0.000 / 0.000         0.000 / 0.000       ms
[20.058s][info][gc,stats    ]    Subphase: Pause Weak Roots JVMTIWeakExport              0.000 / 0.001         0.001 / 0.008         0.001 / 0.008         0.001 / 0.008       ms
[20.058s][info][gc,stats    ]    Subphase: Pause Weak Roots Setup                        0.000 / 0.000         0.000 / 0.000         0.000 / 0.000         0.000 / 0.000       ms
[20.058s][info][gc,stats    ]    Subphase: Pause Weak Roots StringTable                  0.000 / 0.000         0.000 / 0.000         0.000 / 0.000         0.000 / 0.000       ms
[20.058s][info][gc,stats    ]    Subphase: Pause Weak Roots SymbolTable                  0.000 / 0.000         0.000 / 0.000         0.000 / 0.000         0.000 / 0.000       ms
[20.058s][info][gc,stats    ]    Subphase: Pause Weak Roots Teardown                     0.000 / 0.000         0.000 / 0.001         0.000 / 0.001         0.000 / 0.001       ms
[20.058s][info][gc,stats    ]    Subphase: Pause Weak Roots VMWeakHandles                0.000 / 0.000         0.000 / 0.000         0.000 / 0.000         0.000 / 0.000       ms
[20.058s][info][gc,stats    ]      System: Java Threads                                     52 / 72               46 / 72               46 / 72               46 / 72          threads
[20.059s][info][gc,stats    ] =========================================================================================================================================================
[20.162s][info][gc,phases   ] GC(16) Concurrent Mark 498.851ms
[20.165s][info][gc,phases   ] GC(16) Pause Mark End 0.233ms
[20.166s][info][gc,phases   ] GC(16) Concurrent Process Non-Strong References 1.432ms
[20.166s][info][gc,phases   ] GC(16) Concurrent Reset Relocation Set 0.002ms
[20.166s][info][gc,phases   ] GC(16) Concurrent Destroy Detached Pages 0.000ms
[20.168s][info][gc,phases   ] GC(16) Concurrent Select Relocation Set 1.513ms
[20.168s][info][gc,phases   ] GC(16) Concurrent Prepare Relocation Set 0.035ms
[20.170s][info][gc,phases   ] GC(16) Pause Relocate Start 1.826ms
[20.173s][info][gc,phases   ] GC(16) Concurrent Relocate 1.942ms
[20.173s][info][gc,load     ] GC(16) Load: 1.90/1.60/1.32
[20.173s][info][gc,mmu      ] GC(16) MMU: 2ms/0.0%, 5ms/16.0%, 10ms/58.0%, 20ms/78.1%, 50ms/91.3%, 100ms/95.5%
[20.173s][info][gc,marking  ] GC(16) Mark: 1 stripe(s), 2 proactive flush(es), 1 terminate flush(es), 0 completion(s), 0 continuation(s) 
[20.173s][info][gc,reloc    ] GC(16) Relocation: Successful, 6M relocated
[20.173s][info][gc,nmethod  ] GC(16) NMethods: 2419 registered, 0 unregistered
[20.173s][info][gc,metaspace] GC(16) Metaspace: 67M used, 71M capacity, 71M committed, 72M reserved
[20.173s][info][gc,ref      ] GC(16) Soft: 4647 encountered, 0 discovered, 0 enqueued
[20.173s][info][gc,ref      ] GC(16) Weak: 4478 encountered, 3369 discovered, 78 enqueued
[20.173s][info][gc,ref      ] GC(16) Final: 27 encountered, 0 discovered, 0 enqueued
[20.173s][info][gc,ref      ] GC(16) Phantom: 659 encountered, 655 discovered, 10 enqueued
[20.173s][info][gc,heap     ] GC(16)                Mark Start          Mark End        Relocate Start      Relocate End           High               Low         
[20.173s][info][gc,heap     ] GC(16)  Capacity:     1178M (59%)        1258M (63%)        1258M (63%)        1258M (63%)        1258M (63%)        1178M (59%)    
[20.173s][info][gc,heap     ] GC(16)   Reserve:       34M (2%)           34M (2%)           34M (2%)           34M (2%)           34M (2%)           34M (2%)     
[20.173s][info][gc,heap     ] GC(16)      Free:      996M (50%)         760M (38%)        1444M (73%)        1472M (74%)        1472M (74%)         760M (38%)    
[20.173s][info][gc,heap     ] GC(16)      Used:      960M (48%)        1196M (60%)         512M (26%)         484M (24%)        1196M (60%)         484M (24%)    
[20.173s][info][gc,heap     ] GC(16)      Live:         -               216M (11%)         216M (11%)         216M (11%)            -                  -          
[20.173s][info][gc,heap     ] GC(16) Allocated:         -               242M (12%)         242M (12%)         246M (12%)            -                  -          
[20.173s][info][gc,heap     ] GC(16)   Garbage:         -               743M (37%)          59M (3%)           31M (2%)             -                  -          
[20.173s][info][gc,heap     ] GC(16) Reclaimed:         -                  -               684M (34%)         712M (36%)            -                  -          
[20.173s][info][gc          ] GC(16) Garbage Collection (Allocation Rate) 960M(48%)->484M(24%)
[20.258s][info][gc,start    ] GC(17) Garbage Collection (Allocation Rate)
[20.263s][info][gc,phases   ] GC(17) Pause Mark Start 2.142ms
[20.694s][info][gc,phases   ] GC(17) Concurrent Mark 431.426ms
[20.697s][info][gc,phases   ] GC(17) Pause Mark End 0.248ms
[20.698s][info][gc,phases   ] GC(17) Concurrent Process Non-Strong References 1.686ms
[20.699s][info][gc,phases   ] GC(17) Concurrent Reset Relocation Set 0.003ms
[20.699s][info][gc,phases   ] GC(17) Concurrent Destroy Detached Pages 0.000ms
[20.700s][info][gc,phases   ] GC(17) Concurrent Select Relocation Set 1.505ms
[20.700s][info][gc,phases   ] GC(17) Concurrent Prepare Relocation Set 0.028ms
[20.705s][info][gc,phases   ] GC(17) Pause Relocate Start 2.584ms
[20.708s][info][gc,phases   ] GC(17) Concurrent Relocate 3.313ms
[20.708s][info][gc,load     ] GC(17) Load: 2.15/1.65/1.34
[20.708s][info][gc,mmu      ] GC(17) MMU: 2ms/0.0%, 5ms/16.0%, 10ms/58.0%, 20ms/78.1%, 50ms/91.3%, 100ms/95.5%
[20.708s][info][gc,marking  ] GC(17) Mark: 1 stripe(s), 2 proactive flush(es), 1 terminate flush(es), 0 completion(s), 0 continuation(s) 
[20.708s][info][gc,reloc    ] GC(17) Relocation: Successful, 6M relocated
[20.708s][info][gc,nmethod  ] GC(17) NMethods: 2429 registered, 0 unregistered
[20.708s][info][gc,metaspace] GC(17) Metaspace: 67M used, 71M capacity, 71M committed, 72M reserved
[20.708s][info][gc,ref      ] GC(17) Soft: 4666 encountered, 0 discovered, 0 enqueued
[20.708s][info][gc,ref      ] GC(17) Weak: 4544 encountered, 3417 discovered, 60 enqueued
[20.708s][info][gc,ref      ] GC(17) Final: 27 encountered, 0 discovered, 0 enqueued
[20.708s][info][gc,ref      ] GC(17) Phantom: 691 encountered, 687 discovered, 41 enqueued
[20.708s][info][gc,heap     ] GC(17)                Mark Start          Mark End        Relocate Start      Relocate End           High               Low         
[20.708s][info][gc,heap     ] GC(17)  Capacity:     1258M (63%)        1258M (63%)        1258M (63%)        1258M (63%)        1258M (63%)        1258M (63%)    
[20.708s][info][gc,heap     ] GC(17)   Reserve:       34M (2%)           34M (2%)           34M (2%)           34M (2%)           34M (2%)           34M (2%)     
[20.708s][info][gc,heap     ] GC(17)      Free:     1412M (71%)        1130M (57%)        1398M (70%)        1428M (72%)        1428M (72%)        1130M (57%)    
[20.708s][info][gc,heap     ] GC(17)      Used:      544M (27%)         826M (42%)         558M (28%)         528M (27%)         826M (42%)         528M (27%)    
[20.708s][info][gc,heap     ] GC(17)      Live:         -               216M (11%)         216M (11%)         216M (11%)            -                  -          
[20.708s][info][gc,heap     ] GC(17) Allocated:         -               282M (14%)         282M (14%)         284M (14%)            -                  -          
[20.708s][info][gc,heap     ] GC(17)   Garbage:         -               327M (16%)          59M (3%)           29M (1%)             -                  -          
[20.708s][info][gc,heap     ] GC(17) Reclaimed:         -                  -               268M (13%)         298M (15%)            -                  -          
[20.708s][info][gc          ] GC(17) Garbage Collection (Allocation Rate) 544M(27%)->528M(27%)
[21.058s][info][gc,start    ] GC(18) Garbage Collection (Allocation Rate)
[21.062s][info][gc,phases   ] GC(18) Pause Mark Start 2.170ms
[21.500s][info][gc,phases   ] GC(18) Concurrent Mark 437.348ms
[21.502s][info][gc,phases   ] GC(18) Pause Mark End 0.235ms
[21.503s][info][gc,phases   ] GC(18) Concurrent Process Non-Strong References 1.373ms
[21.503s][info][gc,phases   ] GC(18) Concurrent Reset Relocation Set 0.004ms
[21.503s][info][gc,phases   ] GC(18) Concurrent Destroy Detached Pages 0.000ms
[21.505s][info][gc,phases   ] GC(18) Concurrent Select Relocation Set 1.528ms
[21.505s][info][gc,phases   ] GC(18) Concurrent Prepare Relocation Set 0.001ms
[21.507s][info][gc,phases   ] GC(18) Pause Relocate Start 1.709ms
[21.513s][info][gc,phases   ] GC(18) Concurrent Relocate 6.424ms
[21.513s][info][gc,load     ] GC(18) Load: 2.15/1.65/1.34
[21.513s][info][gc,mmu      ] GC(18) MMU: 2ms/0.0%, 5ms/16.0%, 10ms/58.0%, 20ms/78.1%, 50ms/91.3%, 100ms/95.5%
[21.513s][info][gc,marking  ] GC(18) Mark: 1 stripe(s), 2 proactive flush(es), 1 terminate flush(es), 0 completion(s), 0 continuation(s) 
[21.513s][info][gc,reloc    ] GC(18) Relocation: Successful, 5M relocated
[21.513s][info][gc,nmethod  ] GC(18) NMethods: 2431 registered, 0 unregistered
[21.513s][info][gc,metaspace] GC(18) Metaspace: 67M used, 71M capacity, 71M committed, 72M reserved
[21.513s][info][gc,ref      ] GC(18) Soft: 4666 encountered, 0 discovered, 0 enqueued
[21.513s][info][gc,ref      ] GC(18) Weak: 4484 encountered, 3357 discovered, 0 enqueued
[21.513s][info][gc,ref      ] GC(18) Final: 27 encountered, 0 discovered, 0 enqueued
[21.513s][info][gc,ref      ] GC(18) Phantom: 650 encountered, 646 discovered, 0 enqueued
[21.513s][info][gc,heap     ] GC(18)                Mark Start          Mark End        Relocate Start      Relocate End           High               Low         
[21.513s][info][gc,heap     ] GC(18)  Capacity:     1258M (63%)        1332M (67%)        1332M (67%)        1332M (67%)        1332M (67%)        1258M (63%)    
[21.513s][info][gc,heap     ] GC(18)   Reserve:       34M (2%)           34M (2%)           34M (2%)           34M (2%)           34M (2%)           34M (2%)     
[21.513s][info][gc,heap     ] GC(18)      Free:      992M (50%)         730M (37%)        1442M (72%)        1438M (72%)        1442M (72%)         730M (37%)    
[21.513s][info][gc,heap     ] GC(18)      Used:      964M (48%)        1226M (62%)         514M (26%)         518M (26%)        1226M (62%)         514M (26%)    
[21.513s][info][gc,heap     ] GC(18)      Live:         -               216M (11%)         216M (11%)         216M (11%)            -                  -          
[21.513s][info][gc,heap     ] GC(18) Allocated:         -               264M (13%)         264M (13%)         274M (14%)            -                  -          
[21.513s][info][gc,heap     ] GC(18)   Garbage:         -               747M (38%)          35M (2%)           31M (2%)             -                  -          
[21.513s][info][gc,heap     ] GC(18) Reclaimed:         -                  -               712M (36%)         716M (36%)            -                  -          
[21.513s][info][gc          ] GC(18) Garbage Collection (Allocation Rate) 964M(48%)->518M(26%)
[21.658s][info][gc,start    ] GC(19) Garbage Collection (Allocation Rate)
[21.662s][info][gc,phases   ] GC(19) Pause Mark Start 2.187ms
[22.083s][info][gc,phases   ] GC(19) Concurrent Mark 420.749ms
[22.085s][info][gc,phases   ] GC(19) Pause Mark End 0.235ms
[22.087s][info][gc,phases   ] GC(19) Concurrent Process Non-Strong References 1.308ms
[22.087s][info][gc,phases   ] GC(19) Concurrent Reset Relocation Set 0.001ms
[22.087s][info][gc,phases   ] GC(19) Concurrent Destroy Detached Pages 0.000ms
[22.088s][info][gc,phases   ] GC(19) Concurrent Select Relocation Set 1.516ms
[22.088s][info][gc,phases   ] GC(19) Concurrent Prepare Relocation Set 0.001ms
[22.090s][info][gc,phases   ] GC(19) Pause Relocate Start 1.760ms
[22.094s][info][gc,phases   ] GC(19) Concurrent Relocate 3.552ms
[22.094s][info][gc,load     ] GC(19) Load: 2.15/1.65/1.34
[22.094s][info][gc,mmu      ] GC(19) MMU: 2ms/0.0%, 5ms/16.0%, 10ms/58.0%, 20ms/78.1%, 50ms/91.3%, 100ms/95.5%
[22.094s][info][gc,marking  ] GC(19) Mark: 1 stripe(s), 2 proactive flush(es), 1 terminate flush(es), 0 completion(s), 0 continuation(s) 
[22.094s][info][gc,reloc    ] GC(19) Relocation: Successful, 5M relocated
[22.094s][info][gc,nmethod  ] GC(19) NMethods: 2435 registered, 0 unregistered
[22.094s][info][gc,metaspace] GC(19) Metaspace: 67M used, 71M capacity, 71M committed, 72M reserved
[22.094s][info][gc,ref      ] GC(19) Soft: 4667 encountered, 0 discovered, 0 enqueued
[22.094s][info][gc,ref      ] GC(19) Weak: 4487 encountered, 3360 discovered, 2 enqueued
[22.094s][info][gc,ref      ] GC(19) Final: 27 encountered, 0 discovered, 0 enqueued
[22.094s][info][gc,ref      ] GC(19) Phantom: 651 encountered, 647 discovered, 1 enqueued
[22.094s][info][gc,heap     ] GC(19)                Mark Start          Mark End        Relocate Start      Relocate End           High               Low         
[22.094s][info][gc,heap     ] GC(19)  Capacity:     1332M (67%)        1332M (67%)        1332M (67%)        1332M (67%)        1332M (67%)        1332M (67%)    
[22.094s][info][gc,heap     ] GC(19)   Reserve:       34M (2%)           34M (2%)           34M (2%)           34M (2%)           34M (2%)           34M (2%)     
[22.094s][info][gc,heap     ] GC(19)      Free:     1242M (62%)         956M (48%)        1414M (71%)        1418M (71%)        1418M (71%)         956M (48%)    
[22.094s][info][gc,heap     ] GC(19)      Used:      714M (36%)        1000M (50%)         542M (27%)         538M (27%)        1000M (50%)         538M (27%)    
[22.094s][info][gc,heap     ] GC(19)      Live:         -               216M (11%)         216M (11%)         216M (11%)            -                  -          
[22.094s][info][gc,heap     ] GC(19) Allocated:         -               286M (14%)         286M (14%)         292M (15%)            -                  -          
[22.094s][info][gc,heap     ] GC(19)   Garbage:         -               497M (25%)          39M (2%)           31M (2%)             -                  -          
[22.094s][info][gc,heap     ] GC(19) Reclaimed:         -                  -               458M (23%)         466M (23%)            -                  -          
[22.094s][info][gc          ] GC(19) Garbage Collection (Allocation Rate) 714M(36%)->538M(27%)
[22.359s][info][gc,start    ] GC(20) Garbage Collection (Allocation Rate)
[22.363s][info][gc,phases   ] GC(20) Pause Mark Start 2.153ms
[22.667s][info][gc,phases   ] GC(20) Concurrent Mark 303.791ms
[22.667s][info][gc,phases   ] GC(20) Pause Mark End 0.211ms
[22.669s][info][gc,phases   ] GC(20) Concurrent Process Non-Strong References 1.152ms
[22.669s][info][gc,phases   ] GC(20) Concurrent Reset Relocation Set 0.001ms
[22.669s][info][gc,phases   ] GC(20) Concurrent Destroy Detached Pages 0.000ms
[22.670s][info][gc,phases   ] GC(20) Concurrent Select Relocation Set 1.593ms
[22.670s][info][gc,phases   ] GC(20) Concurrent Prepare Relocation Set 0.002ms
[22.672s][info][gc,phases   ] GC(20) Pause Relocate Start 1.645ms
[22.672s][info][gc,phases   ] GC(20) Concurrent Relocate 0.038ms
[22.672s][info][gc,load     ] GC(20) Load: 2.15/1.65/1.34
[22.672s][info][gc,mmu      ] GC(20) MMU: 2ms/0.0%, 5ms/16.0%, 10ms/58.0%, 20ms/78.1%, 50ms/91.3%, 100ms/95.5%
[22.672s][info][gc,marking  ] GC(20) Mark: 1 stripe(s), 2 proactive flush(es), 1 terminate flush(es), 0 completion(s), 0 continuation(s) 
[22.672s][info][gc,reloc    ] GC(20) Relocation: Successful, 5M relocated
[22.672s][info][gc,nmethod  ] GC(20) NMethods: 2491 registered, 0 unregistered
[22.672s][info][gc,metaspace] GC(20) Metaspace: 67M used, 71M capacity, 71M committed, 72M reserved
[22.672s][info][gc,ref      ] GC(20) Soft: 4667 encountered, 0 discovered, 0 enqueued
[22.672s][info][gc,ref      ] GC(20) Weak: 4485 encountered, 3413 discovered, 0 enqueued
[22.672s][info][gc,ref      ] GC(20) Final: 27 encountered, 0 discovered, 0 enqueued
[22.672s][info][gc,ref      ] GC(20) Phantom: 650 encountered, 646 discovered, 0 enqueued
[22.672s][info][gc,heap     ] GC(20)                Mark Start          Mark End        Relocate Start      Relocate End           High               Low         
[22.672s][info][gc,heap     ] GC(20)  Capacity:     1332M (67%)        1332M (67%)        1332M (67%)        1332M (67%)        1332M (67%)        1332M (67%)    
[22.672s][info][gc,heap     ] GC(20)   Reserve:       34M (2%)           34M (2%)           34M (2%)           34M (2%)           34M (2%)           34M (2%)     
[22.672s][info][gc,heap     ] GC(20)      Free:     1070M (54%)        1050M (53%)        1680M (84%)        1688M (85%)        1688M (85%)        1050M (53%)    
[22.672s][info][gc,heap     ] GC(20)      Used:      886M (45%)         906M (46%)         276M (14%)         268M (13%)         906M (46%)         268M (13%)    
[22.672s][info][gc,heap     ] GC(20)      Live:         -               216M (11%)         216M (11%)         216M (11%)            -                  -          
[22.672s][info][gc,heap     ] GC(20) Allocated:         -                20M (1%)           20M (1%)           22M (1%)             -                  -          
[22.672s][info][gc,heap     ] GC(20)   Garbage:         -               669M (34%)          39M (2%)           31M (2%)             -                  -          
[22.672s][info][gc,heap     ] GC(20) Reclaimed:         -                  -               630M (32%)         638M (32%)            -                  -          
[22.672s][info][gc          ] GC(20) Garbage Collection (Allocation Rate) 886M(45%)->268M(13%)
[22.672s][info][gc,start    ] GC(21) Garbage Collection (System.gc())
[22.674s][info][gc,phases   ] GC(21) Pause Mark Start 2.051ms
[22.877s][info][gc,phases   ] GC(21) Concurrent Mark 202.579ms
[22.877s][info][gc,phases   ] GC(21) Pause Mark End 0.213ms
[22.879s][info][gc,phases   ] GC(21) Concurrent Process Non-Strong References 1.254ms
[22.880s][info][gc,phases   ] GC(21) Concurrent Reset Relocation Set 0.002ms
[22.880s][info][gc,phases   ] GC(21) Concurrent Destroy Detached Pages 0.000ms
[22.882s][info][gc,phases   ] GC(21) Concurrent Select Relocation Set 1.842ms
[22.882s][info][gc,phases   ] GC(21) Concurrent Prepare Relocation Set 0.030ms
[22.886s][info][gc,phases   ] GC(21) Pause Relocate Start 1.954ms
[22.890s][info][gc,phases   ] GC(21) Concurrent Relocate 4.390ms
[22.890s][info][gc,load     ] GC(21) Load: 2.15/1.65/1.34
[22.890s][info][gc,mmu      ] GC(21) MMU: 2ms/0.0%, 5ms/16.0%, 10ms/58.0%, 20ms/78.1%, 50ms/91.3%, 100ms/95.5%
[22.890s][info][gc,marking  ] GC(21) Mark: 1 stripe(s), 2 proactive flush(es), 1 terminate flush(es), 0 completion(s), 0 continuation(s) 
[22.890s][info][gc,reloc    ] GC(21) Relocation: Successful, 6M relocated
[22.890s][info][gc,nmethod  ] GC(21) NMethods: 2499 registered, 0 unregistered
[22.890s][info][gc,metaspace] GC(21) Metaspace: 67M used, 71M capacity, 71M committed, 72M reserved
[22.890s][info][gc,ref      ] GC(21) Soft: 4668 encountered, 0 discovered, 0 enqueued
[22.890s][info][gc,ref      ] GC(21) Weak: 4543 encountered, 3473 discovered, 118 enqueued
[22.890s][info][gc,ref      ] GC(21) Final: 27 encountered, 0 discovered, 0 enqueued
[22.890s][info][gc,ref      ] GC(21) Phantom: 650 encountered, 646 discovered, 0 enqueued
[22.890s][info][gc,heap     ] GC(21)                Mark Start          Mark End        Relocate Start      Relocate End           High               Low         
[22.890s][info][gc,heap     ] GC(21)  Capacity:     1332M (67%)        1332M (67%)        1332M (67%)        1332M (67%)        1332M (67%)        1332M (67%)    
[22.890s][info][gc,heap     ] GC(21)   Reserve:       34M (2%)           34M (2%)           34M (2%)           34M (2%)           34M (2%)           34M (2%)     
[22.890s][info][gc,heap     ] GC(21)      Free:     1688M (85%)        1686M (85%)        1698M (85%)        1708M (86%)        1708M (86%)        1686M (85%)    
[22.890s][info][gc,heap     ] GC(21)      Used:      268M (13%)         270M (14%)         258M (13%)         248M (12%)         270M (14%)         248M (12%)    
[22.890s][info][gc,heap     ] GC(21)      Live:         -               216M (11%)         216M (11%)         216M (11%)            -                  -          
[22.890s][info][gc,heap     ] GC(21) Allocated:         -                 2M (0%)            2M (0%)            4M (0%)             -                  -          
[22.890s][info][gc,heap     ] GC(21)   Garbage:         -                51M (3%)           39M (2%)           29M (1%)             -                  -          
[22.890s][info][gc,heap     ] GC(21) Reclaimed:         -                  -                12M (1%)           22M (1%)             -                  -          
[22.890s][info][gc          ] GC(21) Garbage Collection (System.gc()) 268M(13%)->248M(12%)
[24.159s][info][gc,start    ] GC(22) Garbage Collection (Allocation Rate)
[24.163s][info][gc,phases   ] GC(22) Pause Mark Start 2.242ms
[24.579s][info][gc,phases   ] GC(22) Concurrent Mark 416.135ms
[24.580s][info][gc,phases   ] GC(22) Pause Mark End 0.274ms
[24.582s][info][gc,phases   ] GC(22) Concurrent Process Non-Strong References 1.443ms
[24.583s][info][gc,phases   ] GC(22) Concurrent Reset Relocation Set 0.003ms
[24.583s][info][gc,phases   ] GC(22) Concurrent Destroy Detached Pages 0.000ms
[24.584s][info][gc,phases   ] GC(22) Concurrent Select Relocation Set 1.526ms
[24.584s][info][gc,phases   ] GC(22) Concurrent Prepare Relocation Set 0.033ms
[24.589s][info][gc,phases   ] GC(22) Pause Relocate Start 2.008ms
[24.592s][info][gc,phases   ] GC(22) Concurrent Relocate 3.408ms
[24.592s][info][gc,load     ] GC(22) Load: 2.15/1.65/1.34
[24.592s][info][gc,mmu      ] GC(22) MMU: 2ms/0.0%, 5ms/16.0%, 10ms/58.0%, 20ms/78.1%, 50ms/91.3%, 100ms/95.5%
[24.592s][info][gc,marking  ] GC(22) Mark: 1 stripe(s), 2 proactive flush(es), 1 terminate flush(es), 0 completion(s), 0 continuation(s) 
[24.592s][info][gc,reloc    ] GC(22) Relocation: Successful, 6M relocated
[24.592s][info][gc,nmethod  ] GC(22) NMethods: 2571 registered, 0 unregistered
[24.592s][info][gc,metaspace] GC(22) Metaspace: 67M used, 71M capacity, 71M committed, 72M reserved
[24.592s][info][gc,ref      ] GC(22) Soft: 4676 encountered, 0 discovered, 0 enqueued
[24.592s][info][gc,ref      ] GC(22) Weak: 4611 encountered, 3468 discovered, 74 enqueued
[24.592s][info][gc,ref      ] GC(22) Final: 27 encountered, 0 discovered, 0 enqueued
[24.592s][info][gc,ref      ] GC(22) Phantom: 650 encountered, 646 discovered, 0 enqueued
[24.592s][info][gc,heap     ] GC(22)                Mark Start          Mark End        Relocate Start      Relocate End           High               Low         
[24.592s][info][gc,heap     ] GC(22)  Capacity:     1332M (67%)        1426M (72%)        1426M (72%)        1426M (72%)        1426M (72%)        1332M (67%)    
[24.592s][info][gc,heap     ] GC(22)   Reserve:       34M (2%)           34M (2%)           34M (2%)           34M (2%)           34M (2%)           34M (2%)     
[24.592s][info][gc,heap     ] GC(22)      Free:      818M (41%)         592M (30%)        1456M (73%)        1482M (74%)        1482M (74%)         592M (30%)    
[24.592s][info][gc,heap     ] GC(22)      Used:     1138M (57%)        1364M (69%)         500M (25%)         474M (24%)        1364M (69%)         474M (24%)    
[24.592s][info][gc,heap     ] GC(22)      Live:         -               216M (11%)         216M (11%)         216M (11%)            -                  -          
[24.592s][info][gc,heap     ] GC(22) Allocated:         -               226M (11%)         226M (11%)         230M (12%)            -                  -          
[24.592s][info][gc,heap     ] GC(22)   Garbage:         -               921M (46%)          57M (3%)           29M (1%)             -                  -          
[24.592s][info][gc,heap     ] GC(22) Reclaimed:         -                  -               864M (43%)         892M (45%)            -                  -          
[24.592s][info][gc          ] GC(22) Garbage Collection (Allocation Rate) 1138M(57%)->474M(24%)
[24.858s][info][gc,start    ] GC(23) Garbage Collection (Allocation Rate)
[24.862s][info][gc,phases   ] GC(23) Pause Mark Start 2.255ms
[25.294s][info][gc,phases   ] GC(23) Concurrent Mark 431.191ms
[25.296s][info][gc,phases   ] GC(23) Pause Mark End 0.275ms
[25.298s][info][gc,phases   ] GC(23) Concurrent Process Non-Strong References 1.377ms
[25.298s][info][gc,phases   ] GC(23) Concurrent Reset Relocation Set 0.003ms
[25.298s][info][gc,phases   ] GC(23) Concurrent Destroy Detached Pages 0.000ms
[25.299s][info][gc,phases   ] GC(23) Concurrent Select Relocation Set 1.516ms
[25.299s][info][gc,phases   ] GC(23) Concurrent Prepare Relocation Set 0.002ms
[25.301s][info][gc,phases   ] GC(23) Pause Relocate Start 1.790ms
[25.305s][info][gc,phases   ] GC(23) Concurrent Relocate 4.269ms
[25.305s][info][gc,load     ] GC(23) Load: 2.13/1.66/1.35
[25.305s][info][gc,mmu      ] GC(23) MMU: 2ms/0.0%, 5ms/16.0%, 10ms/58.0%, 20ms/78.1%, 50ms/91.3%, 100ms/95.5%
[25.305s][info][gc,marking  ] GC(23) Mark: 1 stripe(s), 2 proactive flush(es), 1 terminate flush(es), 0 completion(s), 0 continuation(s) 
[25.305s][info][gc,reloc    ] GC(23) Relocation: Successful, 5M relocated
[25.305s][info][gc,nmethod  ] GC(23) NMethods: 2575 registered, 0 unregistered
[25.305s][info][gc,metaspace] GC(23) Metaspace: 67M used, 71M capacity, 71M committed, 72M reserved
[25.305s][info][gc,ref      ] GC(23) Soft: 4676 encountered, 0 discovered, 0 enqueued
[25.305s][info][gc,ref      ] GC(23) Weak: 4545 encountered, 3414 discovered, 19 enqueued
[25.305s][info][gc,ref      ] GC(23) Final: 27 encountered, 0 discovered, 0 enqueued
[25.305s][info][gc,ref      ] GC(23) Phantom: 650 encountered, 646 discovered, 0 enqueued
[25.305s][info][gc,heap     ] GC(23)                Mark Start          Mark End        Relocate Start      Relocate End           High               Low         
[25.305s][info][gc,heap     ] GC(23)  Capacity:     1426M (72%)        1426M (72%)        1426M (72%)        1426M (72%)        1426M (72%)        1426M (72%)    
[25.305s][info][gc,heap     ] GC(23)   Reserve:       34M (2%)           34M (2%)           34M (2%)           34M (2%)           34M (2%)           34M (2%)     
[25.305s][info][gc,heap     ] GC(23)      Free:     1160M (58%)         892M (45%)        1424M (72%)        1434M (72%)        1434M (72%)         892M (45%)    
[25.305s][info][gc,heap     ] GC(23)      Used:      796M (40%)        1064M (53%)         532M (27%)         522M (26%)        1064M (53%)         522M (26%)    
[25.305s][info][gc,heap     ] GC(23)      Live:         -               216M (11%)         216M (11%)         216M (11%)            -                  -          
[25.305s][info][gc,heap     ] GC(23) Allocated:         -               268M (13%)         268M (13%)         276M (14%)            -                  -          
[25.305s][info][gc,heap     ] GC(23)   Garbage:         -               579M (29%)          47M (2%)           33M (2%)             -                  -          
[25.305s][info][gc,heap     ] GC(23) Reclaimed:         -                  -               532M (27%)         546M (27%)            -                  -          
[25.305s][info][gc          ] GC(23) Garbage Collection (Allocation Rate) 796M(40%)->522M(26%)
[25.559s][info][gc,start    ] GC(24) Garbage Collection (Allocation Rate)
[25.563s][info][gc,phases   ] GC(24) Pause Mark Start 2.223ms
[25.986s][info][gc,phases   ] GC(24) Concurrent Mark 423.198ms
[25.989s][info][gc,phases   ] GC(24) Pause Mark End 0.277ms
[25.990s][info][gc,phases   ] GC(24) Concurrent Process Non-Strong References 1.257ms
[25.990s][info][gc,phases   ] GC(24) Concurrent Reset Relocation Set 0.002ms
[25.990s][info][gc,phases   ] GC(24) Concurrent Destroy Detached Pages 0.000ms
[25.992s][info][gc,phases   ] GC(24) Concurrent Select Relocation Set 1.514ms
[25.992s][info][gc,phases   ] GC(24) Concurrent Prepare Relocation Set 0.001ms
[25.994s][info][gc,phases   ] GC(24) Pause Relocate Start 1.833ms
[25.997s][info][gc,phases   ] GC(24) Concurrent Relocate 3.467ms
[25.997s][info][gc,load     ] GC(24) Load: 2.13/1.66/1.35
[25.997s][info][gc,mmu      ] GC(24) MMU: 2ms/0.0%, 5ms/16.0%, 10ms/58.0%, 20ms/78.1%, 50ms/91.3%, 100ms/95.5%
[25.997s][info][gc,marking  ] GC(24) Mark: 1 stripe(s), 2 proactive flush(es), 1 terminate flush(es), 0 completion(s), 0 continuation(s) 
[25.997s][info][gc,reloc    ] GC(24) Relocation: Successful, 5M relocated
[25.997s][info][gc,nmethod  ] GC(24) NMethods: 2575 registered, 0 unregistered
[25.997s][info][gc,metaspace] GC(24) Metaspace: 67M used, 71M capacity, 71M committed, 72M reserved
[25.997s][info][gc,ref      ] GC(24) Soft: 4676 encountered, 0 discovered, 0 enqueued
[25.997s][info][gc,ref      ] GC(24) Weak: 4526 encountered, 3395 discovered, 0 enqueued
[25.997s][info][gc,ref      ] GC(24) Final: 27 encountered, 0 discovered, 0 enqueued
[25.997s][info][gc,ref      ] GC(24) Phantom: 650 encountered, 646 discovered, 0 enqueued
[25.997s][info][gc,heap     ] GC(24)                Mark Start          Mark End        Relocate Start      Relocate End           High               Low         
[25.997s][info][gc,heap     ] GC(24)  Capacity:     1426M (72%)        1426M (72%)        1426M (72%)        1426M (72%)        1426M (72%)        1426M (72%)    
[25.997s][info][gc,heap     ] GC(24)   Reserve:       34M (2%)           34M (2%)           34M (2%)           34M (2%)           34M (2%)           34M (2%)     
[25.997s][info][gc,heap     ] GC(24)      Free:     1126M (57%)         852M (43%)        1426M (72%)        1428M (72%)        1428M (72%)         852M (43%)    
[25.997s][info][gc,heap     ] GC(24)      Used:      830M (42%)        1104M (55%)         530M (27%)         528M (27%)        1104M (55%)         528M (27%)    
[25.997s][info][gc,heap     ] GC(24)      Live:         -               216M (11%)         216M (11%)         216M (11%)            -                  -          
[25.997s][info][gc,heap     ] GC(24) Allocated:         -               274M (14%)         274M (14%)         282M (14%)            -                  -          
[25.997s][info][gc,heap     ] GC(24)   Garbage:         -               613M (31%)          39M (2%)           33M (2%)             -                  -          
[25.997s][info][gc,heap     ] GC(24) Reclaimed:         -                  -               574M (29%)         580M (29%)            -                  -          
[25.997s][info][gc          ] GC(24) Garbage Collection (Allocation Rate) 830M(42%)->528M(27%)
[26.258s][info][gc,start    ] GC(25) Garbage Collection (Allocation Rate)
[26.263s][info][gc,phases   ] GC(25) Pause Mark Start 2.238ms
[26.688s][info][gc,phases   ] GC(25) Concurrent Mark 425.504ms
[26.689s][info][gc,phases   ] GC(25) Pause Mark End 0.256ms
[26.690s][info][gc,phases   ] GC(25) Concurrent Process Non-Strong References 1.206ms
[26.690s][info][gc,phases   ] GC(25) Concurrent Reset Relocation Set 0.002ms
[26.690s][info][gc,phases   ] GC(25) Concurrent Destroy Detached Pages 0.001ms
[26.692s][info][gc,phases   ] GC(25) Concurrent Select Relocation Set 1.581ms
[26.692s][info][gc,phases   ] GC(25) Concurrent Prepare Relocation Set 0.002ms
[26.693s][info][gc,phases   ] GC(25) Pause Relocate Start 1.789ms
[26.694s][info][gc,phases   ] GC(25) Concurrent Relocate 0.033ms
[26.694s][info][gc,load     ] GC(25) Load: 2.13/1.66/1.35
[26.694s][info][gc,mmu      ] GC(25) MMU: 2ms/0.0%, 5ms/16.0%, 10ms/58.0%, 20ms/78.1%, 50ms/91.3%, 100ms/95.5%
[26.694s][info][gc,marking  ] GC(25) Mark: 1 stripe(s), 2 proactive flush(es), 1 terminate flush(es), 0 completion(s), 0 continuation(s) 
[26.694s][info][gc,reloc    ] GC(25) Relocation: Successful, 5M relocated
[26.694s][info][gc,nmethod  ] GC(25) NMethods: 2611 registered, 0 unregistered
[26.694s][info][gc,metaspace] GC(25) Metaspace: 67M used, 71M capacity, 71M committed, 72M reserved
[26.694s][info][gc,ref      ] GC(25) Soft: 4676 encountered, 0 discovered, 0 enqueued
[26.694s][info][gc,ref      ] GC(25) Weak: 4526 encountered, 3447 discovered, 0 enqueued
[26.694s][info][gc,ref      ] GC(25) Final: 27 encountered, 0 discovered, 0 enqueued
[26.694s][info][gc,ref      ] GC(25) Phantom: 650 encountered, 646 discovered, 0 enqueued
[26.694s][info][gc,heap     ] GC(25)                Mark Start          Mark End        Relocate Start      Relocate End           High               Low         
[26.694s][info][gc,heap     ] GC(25)  Capacity:     1426M (72%)        1426M (72%)        1426M (72%)        1426M (72%)        1426M (72%)        1426M (72%)    
[26.694s][info][gc,heap     ] GC(25)   Reserve:       34M (2%)           34M (2%)           34M (2%)           34M (2%)           34M (2%)           34M (2%)     
[26.694s][info][gc,heap     ] GC(25)      Free:     1112M (56%)         910M (46%)        1496M (75%)        1506M (76%)        1506M (76%)         910M (46%)    
[26.694s][info][gc,heap     ] GC(25)      Used:      844M (42%)        1046M (53%)         460M (23%)         450M (23%)        1046M (53%)         450M (23%)    
[26.694s][info][gc,heap     ] GC(25)      Live:         -               216M (11%)         216M (11%)         216M (11%)            -                  -          
[26.694s][info][gc,heap     ] GC(25) Allocated:         -               202M (10%)         202M (10%)         204M (10%)            -                  -          
[26.694s][info][gc,heap     ] GC(25)   Garbage:         -               627M (32%)          41M (2%)           31M (2%)             -                  -          
[26.694s][info][gc,heap     ] GC(25) Reclaimed:         -                  -               586M (29%)         596M (30%)            -                  -          
[26.694s][info][gc          ] GC(25) Garbage Collection (Allocation Rate) 844M(42%)->450M(23%)
[26.694s][info][gc,start    ] GC(26) Garbage Collection (System.gc())
[26.696s][info][gc,phases   ] GC(26) Pause Mark Start 2.209ms
[26.917s][info][gc,phases   ] GC(26) Concurrent Mark 221.126ms
[26.918s][info][gc,phases   ] GC(26) Pause Mark End 0.280ms
[26.919s][info][gc,phases   ] GC(26) Concurrent Process Non-Strong References 1.235ms
[26.921s][info][gc,phases   ] GC(26) Concurrent Reset Relocation Set 0.003ms
[26.921s][info][gc,phases   ] GC(26) Concurrent Destroy Detached Pages 0.000ms
[26.923s][info][gc,phases   ] GC(26) Concurrent Select Relocation Set 1.522ms
[26.923s][info][gc,phases   ] GC(26) Concurrent Prepare Relocation Set 0.031ms
[26.927s][info][gc,phases   ] GC(26) Pause Relocate Start 1.948ms
[26.931s][info][gc,phases   ] GC(26) Concurrent Relocate 3.462ms
[26.931s][info][gc,load     ] GC(26) Load: 2.13/1.66/1.35
[26.931s][info][gc,mmu      ] GC(26) MMU: 2ms/0.0%, 5ms/16.0%, 10ms/57.5%, 20ms/78.1%, 50ms/91.3%, 100ms/95.5%
[26.931s][info][gc,marking  ] GC(26) Mark: 1 stripe(s), 2 proactive flush(es), 1 terminate flush(es), 0 completion(s), 0 continuation(s) 
[26.931s][info][gc,reloc    ] GC(26) Relocation: Successful, 6M relocated
[26.931s][info][gc,nmethod  ] GC(26) NMethods: 2615 registered, 0 unregistered
[26.931s][info][gc,metaspace] GC(26) Metaspace: 67M used, 71M capacity, 71M committed, 72M reserved
[26.931s][info][gc,ref      ] GC(26) Soft: 4676 encountered, 0 discovered, 0 enqueued
[26.931s][info][gc,ref      ] GC(26) Weak: 4596 encountered, 3516 discovered, 118 enqueued
[26.931s][info][gc,ref      ] GC(26) Final: 27 encountered, 0 discovered, 0 enqueued
[26.931s][info][gc,ref      ] GC(26) Phantom: 650 encountered, 646 discovered, 0 enqueued
[26.931s][info][gc,heap     ] GC(26)                Mark Start          Mark End        Relocate Start      Relocate End           High               Low         
[26.931s][info][gc,heap     ] GC(26)  Capacity:     1426M (72%)        1426M (72%)        1426M (72%)        1426M (72%)        1426M (72%)        1426M (72%)    
[26.931s][info][gc,heap     ] GC(26)   Reserve:       34M (2%)           34M (2%)           34M (2%)           34M (2%)           34M (2%)           34M (2%)     
[26.931s][info][gc,heap     ] GC(26)      Free:     1506M (76%)        1504M (76%)        1700M (85%)        1708M (86%)        1708M (86%)        1504M (76%)    
[26.931s][info][gc,heap     ] GC(26)      Used:      450M (23%)         452M (23%)         256M (13%)         248M (12%)         452M (23%)         248M (12%)    
[26.931s][info][gc,heap     ] GC(26)      Live:         -               216M (11%)         216M (11%)         216M (11%)            -                  -          
[26.931s][info][gc,heap     ] GC(26) Allocated:         -                 2M (0%)            2M (0%)            4M (0%)             -                  -          
[26.931s][info][gc,heap     ] GC(26)   Garbage:         -               233M (12%)          37M (2%)           29M (1%)             -                  -          
[26.931s][info][gc,heap     ] GC(26) Reclaimed:         -                  -               196M (10%)         204M (10%)            -                  -          
[26.931s][info][gc          ] GC(26) Garbage Collection (System.gc()) 450M(23%)->248M(12%)
[27.758s][info][gc,start    ] GC(27) Garbage Collection (Allocation Rate)
[27.762s][info][gc,phases   ] GC(27) Pause Mark Start 2.350ms
[28.194s][info][gc,phases   ] GC(27) Concurrent Mark 430.998ms
[28.196s][info][gc,phases   ] GC(27) Pause Mark End 0.305ms
[28.198s][info][gc,phases   ] GC(27) Concurrent Process Non-Strong References 1.394ms
[28.198s][info][gc,phases   ] GC(27) Concurrent Reset Relocation Set 0.002ms
[28.198s][info][gc,phases   ] GC(27) Concurrent Destroy Detached Pages 0.000ms
[28.199s][info][gc,phases   ] GC(27) Concurrent Select Relocation Set 1.513ms
[28.199s][info][gc,phases   ] GC(27) Concurrent Prepare Relocation Set 0.029ms
[28.201s][info][gc,phases   ] GC(27) Pause Relocate Start 1.986ms
[28.205s][info][gc,phases   ] GC(27) Concurrent Relocate 2.190ms
[28.205s][info][gc,load     ] GC(27) Load: 2.13/1.66/1.35
[28.205s][info][gc,mmu      ] GC(27) MMU: 2ms/0.0%, 5ms/16.0%, 10ms/57.5%, 20ms/78.1%, 50ms/91.3%, 100ms/95.5%
[28.205s][info][gc,marking  ] GC(27) Mark: 1 stripe(s), 2 proactive flush(es), 1 terminate flush(es), 0 completion(s), 0 continuation(s) 
[28.205s][info][gc,reloc    ] GC(27) Relocation: Successful, 6M relocated
[28.205s][info][gc,nmethod  ] GC(27) NMethods: 2694 registered, 0 unregistered
[28.205s][info][gc,metaspace] GC(27) Metaspace: 67M used, 71M capacity, 71M committed, 72M reserved
[28.205s][info][gc,ref      ] GC(27) Soft: 4681 encountered, 0 discovered, 0 enqueued
[28.205s][info][gc,ref      ] GC(27) Weak: 4634 encountered, 3498 discovered, 73 enqueued
[28.205s][info][gc,ref      ] GC(27) Final: 27 encountered, 0 discovered, 0 enqueued
[28.205s][info][gc,ref      ] GC(27) Phantom: 650 encountered, 646 discovered, 0 enqueued
[28.205s][info][gc,heap     ] GC(27)                Mark Start          Mark End        Relocate Start      Relocate End           High               Low         
[28.205s][info][gc,heap     ] GC(27)  Capacity:     1426M (72%)        1426M (72%)        1426M (72%)        1426M (72%)        1426M (72%)        1426M (72%)    
[28.205s][info][gc,heap     ] GC(27)   Reserve:       34M (2%)           34M (2%)           34M (2%)           34M (2%)           34M (2%)           34M (2%)     
[28.205s][info][gc,heap     ] GC(27)      Free:      934M (47%)         664M (33%)        1412M (71%)        1440M (72%)        1440M (72%)         664M (33%)    
[28.205s][info][gc,heap     ] GC(27)      Used:     1022M (51%)        1292M (65%)         544M (27%)         516M (26%)        1292M (65%)         516M (26%)    
[28.205s][info][gc,heap     ] GC(27)      Live:         -               216M (11%)         216M (11%)         216M (11%)            -                  -          
[28.205s][info][gc,heap     ] GC(27) Allocated:         -               270M (14%)         270M (14%)         272M (14%)            -                  -          
[28.205s][info][gc,heap     ] GC(27)   Garbage:         -               805M (40%)          57M (3%)           29M (1%)             -                  -          
[28.205s][info][gc,heap     ] GC(27) Reclaimed:         -                  -               748M (38%)         776M (39%)            -                  -          
[28.205s][info][gc          ] GC(27) Garbage Collection (Allocation Rate) 1022M(51%)->516M(26%)
[28.258s][info][gc,start    ] GC(28) Garbage Collection (Allocation Rate)
[28.263s][info][gc,phases   ] GC(28) Pause Mark Start 2.360ms
[28.680s][info][gc,phases   ] GC(28) Concurrent Mark 417.417ms
[28.683s][info][gc,phases   ] GC(28) Pause Mark End 0.316ms
[28.684s][info][gc,phases   ] GC(28) Concurrent Process Non-Strong References 1.398ms
[28.684s][info][gc,phases   ] GC(28) Concurrent Reset Relocation Set 0.003ms
[28.684s][info][gc,phases   ] GC(28) Concurrent Destroy Detached Pages 0.000ms
[28.686s][info][gc,phases   ] GC(28) Concurrent Select Relocation Set 1.503ms
[28.686s][info][gc,phases   ] GC(28) Concurrent Prepare Relocation Set 0.001ms
[28.688s][info][gc,phases   ] GC(28) Pause Relocate Start 1.916ms
[28.694s][info][gc,phases   ] GC(28) Concurrent Relocate 5.927ms
[28.694s][info][gc,load     ] GC(28) Load: 2.13/1.66/1.35
[28.694s][info][gc,mmu      ] GC(28) MMU: 2ms/0.0%, 5ms/16.0%, 10ms/57.5%, 20ms/78.1%, 50ms/91.3%, 100ms/95.3%
[28.694s][info][gc,marking  ] GC(28) Mark: 1 stripe(s), 2 proactive flush(es), 1 terminate flush(es), 0 completion(s), 0 continuation(s) 
[28.694s][info][gc,reloc    ] GC(28) Relocation: Successful, 5M relocated
[28.694s][info][gc,nmethod  ] GC(28) NMethods: 2701 registered, 0 unregistered
[28.694s][info][gc,metaspace] GC(28) Metaspace: 67M used, 71M capacity, 71M committed, 72M reserved
[28.694s][info][gc,ref      ] GC(28) Soft: 4681 encountered, 0 discovered, 0 enqueued
[28.694s][info][gc,ref      ] GC(28) Weak: 4569 encountered, 3442 discovered, 14 enqueued
[28.694s][info][gc,ref      ] GC(28) Final: 27 encountered, 0 discovered, 0 enqueued
[28.694s][info][gc,ref      ] GC(28) Phantom: 650 encountered, 646 discovered, 0 enqueued
[28.694s][info][gc,heap     ] GC(28)                Mark Start          Mark End        Relocate Start      Relocate End           High               Low         
[28.694s][info][gc,heap     ] GC(28)  Capacity:     1426M (72%)        1426M (72%)        1426M (72%)        1426M (72%)        1426M (72%)        1426M (72%)    
[28.694s][info][gc,heap     ] GC(28)   Reserve:       34M (2%)           34M (2%)           34M (2%)           34M (2%)           34M (2%)           34M (2%)     
[28.694s][info][gc,heap     ] GC(28)      Free:     1376M (69%)        1106M (56%)        1422M (71%)        1430M (72%)        1430M (72%)        1106M (56%)    
[28.694s][info][gc,heap     ] GC(28)      Used:      580M (29%)         850M (43%)         534M (27%)         526M (26%)         850M (43%)         526M (26%)    
[28.694s][info][gc,heap     ] GC(28)      Live:         -               216M (11%)         216M (11%)         216M (11%)            -                  -          
[28.694s][info][gc,heap     ] GC(28) Allocated:         -               270M (14%)         270M (14%)         280M (14%)            -                  -          
[28.694s][info][gc,heap     ] GC(28)   Garbage:         -               363M (18%)          47M (2%)           31M (2%)             -                  -          
[28.694s][info][gc,heap     ] GC(28) Reclaimed:         -                  -               316M (16%)         332M (17%)            -                  -          
[28.694s][info][gc          ] GC(28) Garbage Collection (Allocation Rate) 580M(29%)->526M(26%)
[28.958s][info][gc,start    ] GC(29) Garbage Collection (Allocation Rate)
[28.963s][info][gc,phases   ] GC(29) Pause Mark Start 2.348ms
[29.375s][info][gc,phases   ] GC(29) Concurrent Mark 412.413ms
[29.378s][info][gc,phases   ] GC(29) Pause Mark End 0.313ms
[29.379s][info][gc,phases   ] GC(29) Concurrent Process Non-Strong References 1.282ms
[29.379s][info][gc,phases   ] GC(29) Concurrent Reset Relocation Set 0.002ms
[29.379s][info][gc,phases   ] GC(29) Concurrent Destroy Detached Pages 0.000ms
[29.381s][info][gc,phases   ] GC(29) Concurrent Select Relocation Set 1.512ms
[29.381s][info][gc,phases   ] GC(29) Concurrent Prepare Relocation Set 0.001ms
[29.383s][info][gc,phases   ] GC(29) Pause Relocate Start 1.897ms
[29.384s][info][gc,phases   ] GC(29) Concurrent Relocate 1.203ms
[29.384s][info][gc,load     ] GC(29) Load: 2.13/1.66/1.35
[29.384s][info][gc,mmu      ] GC(29) MMU: 2ms/0.0%, 5ms/16.0%, 10ms/57.5%, 20ms/78.1%, 50ms/91.3%, 100ms/95.3%
[29.384s][info][gc,marking  ] GC(29) Mark: 1 stripe(s), 2 proactive flush(es), 1 terminate flush(es), 0 completion(s), 0 continuation(s) 
[29.384s][info][gc,reloc    ] GC(29) Relocation: Successful, 5M relocated
[29.384s][info][gc,nmethod  ] GC(29) NMethods: 2701 registered, 0 unregistered
[29.384s][info][gc,metaspace] GC(29) Metaspace: 67M used, 71M capacity, 71M committed, 72M reserved
[29.384s][info][gc,ref      ] GC(29) Soft: 4681 encountered, 0 discovered, 0 enqueued
[29.384s][info][gc,ref      ] GC(29) Weak: 4555 encountered, 3428 discovered, 0 enqueued
[29.384s][info][gc,ref      ] GC(29) Final: 27 encountered, 0 discovered, 0 enqueued
[29.384s][info][gc,ref      ] GC(29) Phantom: 650 encountered, 646 discovered, 0 enqueued
[29.384s][info][gc,heap     ] GC(29)                Mark Start          Mark End        Relocate Start      Relocate End           High               Low         
[29.384s][info][gc,heap     ] GC(29)  Capacity:     1426M (72%)        1426M (72%)        1426M (72%)        1426M (72%)        1426M (72%)        1426M (72%)    
[29.384s][info][gc,heap     ] GC(29)   Reserve:       34M (2%)           34M (2%)           34M (2%)           34M (2%)           34M (2%)           34M (2%)     
[29.384s][info][gc,heap     ] GC(29)      Free:     1100M (55%)         842M (42%)        1444M (73%)        1448M (73%)        1448M (73%)         842M (42%)    
[29.384s][info][gc,heap     ] GC(29)      Used:      856M (43%)        1114M (56%)         512M (26%)         508M (26%)        1114M (56%)         508M (26%)    
[29.384s][info][gc,heap     ] GC(29)      Live:         -               216M (11%)         216M (11%)         216M (11%)            -                  -          
[29.384s][info][gc,heap     ] GC(29) Allocated:         -               258M (13%)         258M (13%)         262M (13%)            -                  -          
[29.384s][info][gc,heap     ] GC(29)   Garbage:         -               639M (32%)          37M (2%)           31M (2%)             -                  -          
[29.384s][info][gc,heap     ] GC(29) Reclaimed:         -                  -               602M (30%)         608M (31%)            -                  -          
[29.384s][info][gc          ] GC(29) Garbage Collection (Allocation Rate) 856M(43%)->508M(26%)
[29.658s][info][gc,start    ] GC(30) Garbage Collection (Allocation Rate)
[29.662s][info][gc,phases   ] GC(30) Pause Mark Start 2.369ms
[30.065s][info][gc,stats    ] === Garbage Collection Statistics =======================================================================================================================
[30.065s][info][gc,stats    ]                                                              Last 10s              Last 10m              Last 10h                Total
[30.065s][info][gc,stats    ]                                                              Avg / Max             Avg / Max             Avg / Max             Avg / Max
[30.065s][info][gc,stats    ]   Collector: Garbage Collection Cycle                    406.297 / 514.481     480.811 / 1654.489    480.811 / 1654.489    480.811 / 1654.489    ms
[30.065s][info][gc,stats    ]  Contention: Mark Segment Reset Contention                     0 / 0                 0 / 0                 0 / 0                 0 / 0           ops/s
[30.065s][info][gc,stats    ]  Contention: Mark SeqNum Reset Contention                      0 / 0                 0 / 0                 0 / 0                 0 / 0           ops/s
[30.065s][info][gc,stats    ]  Contention: Relocation Contention                             0 / 0                 0 / 0                 0 / 0                 0 / 0           ops/s
[30.065s][info][gc,stats    ]    Critical: Allocation Stall                              0.000 / 0.000         0.000 / 0.000         0.000 / 0.000         0.000 / 0.000       ms
[30.065s][info][gc,stats    ]    Critical: Allocation Stall                                  0 / 0                 0 / 0                 0 / 0                 0 / 0           ops/s
[30.065s][info][gc,stats    ]    Critical: GC Locker Stall                               0.000 / 0.000         0.000 / 0.000         0.000 / 0.000         0.000 / 0.000       ms
[30.065s][info][gc,stats    ]    Critical: GC Locker Stall                                   0 / 0                 0 / 0                 0 / 0                 0 / 0           ops/s
[30.065s][info][gc,stats    ]      Memory: Allocation Rate                                 733 / 888             489 / 1094            489 / 1094            489 / 1094        MB/s
[30.065s][info][gc,stats    ]      Memory: Heap Used After Mark                            979 / 1364            858 / 1364            858 / 1364            858 / 1364        MB
[30.065s][info][gc,stats    ]      Memory: Heap Used After Relocation                      454 / 538             447 / 896             447 / 896             447 / 896         MB
[30.065s][info][gc,stats    ]      Memory: Heap Used Before Mark                           768 / 1138            669 / 1138            669 / 1138            669 / 1138        MB
[30.065s][info][gc,stats    ]      Memory: Heap Used Before Relocation                     466 / 558             520 / 1078            520 / 1078            520 / 1078        MB
[30.065s][info][gc,stats    ]      Memory: Out Of Memory                                     0 / 0                 0 / 0                 0 / 0                 0 / 0           ops/s
[30.065s][info][gc,stats    ]      Memory: Page Cache Flush                                  0 / 0                 0 / 0                 0 / 0                 0 / 0           MB/s
[30.065s][info][gc,stats    ]      Memory: Page Cache Hit L1                               354 / 444             224 / 505             224 / 505             224 / 505         ops/s
[30.065s][info][gc,stats    ]      Memory: Page Cache Hit L2                                 0 / 0                 0 / 0                 0 / 0                 0 / 0           ops/s
[30.065s][info][gc,stats    ]      Memory: Page Cache Miss                                   9 / 47               21 / 179              21 / 179              21 / 179         ops/s
[30.065s][info][gc,stats    ]      Memory: Undo Object Allocation Failed                     0 / 0                 0 / 0                 0 / 0                 0 / 0           ops/s
[30.065s][info][gc,stats    ]      Memory: Undo Object Allocation Succeeded                  0 / 0                 0 / 0                 0 / 0                 0 / 0           ops/s
[30.065s][info][gc,stats    ]      Memory: Undo Page Allocation                              0 / 2                 0 / 2                 0 / 2                 0 / 2           ops/s
[30.065s][info][gc,stats    ]       Phase: Concurrent Destroy Detached Pages             0.000 / 0.001         0.000 / 0.001         0.000 / 0.001         0.000 / 0.001       ms
[30.065s][info][gc,stats    ]       Phase: Concurrent Mark                             390.909 / 498.851     391.218 / 1086.337    391.218 / 1086.337    391.218 / 1086.337    ms
[30.065s][info][gc,stats    ]       Phase: Concurrent Mark Continue                      0.000 / 0.000         0.000 / 0.000         0.000 / 0.000         0.000 / 0.000       ms
[30.065s][info][gc,stats    ]       Phase: Concurrent Prepare Relocation Set             0.014 / 0.035         3.048 / 32.152        3.048 / 32.152        3.048 / 32.152      ms
[30.065s][info][gc,stats    ]       Phase: Concurrent Process Non-Strong References      1.343 / 1.686         1.387 / 4.567         1.387 / 4.567         1.387 / 4.567       ms
[30.065s][info][gc,stats    ]       Phase: Concurrent Relocate                           3.115 / 6.424        73.079 / 507.417      73.079 / 507.417      73.079 / 507.417     ms
[30.065s][info][gc,stats    ]       Phase: Concurrent Reset Relocation Set               0.002 / 0.004         0.168 / 1.225         0.168 / 1.225         0.168 / 1.225       ms
[30.065s][info][gc,stats    ]       Phase: Concurrent Select Relocation Set              1.549 / 1.842         1.974 / 5.526         1.974 / 5.526         1.974 / 5.526       ms
[30.065s][info][gc,stats    ]       Phase: Pause Mark End                                0.262 / 0.316         0.228 / 0.465         0.228 / 0.465         0.228 / 0.465       ms
[30.065s][info][gc,stats    ]       Phase: Pause Mark Start                              2.235 / 2.369         1.995 / 2.639         1.995 / 2.639         1.995 / 2.639       ms
[30.065s][info][gc,stats    ]       Phase: Pause Relocate Start                          1.903 / 2.584         1.840 / 4.198         1.840 / 4.198         1.840 / 4.198       ms
[30.065s][info][gc,stats    ]    Subphase: Concurrent Mark                             390.889 / 498.831     391.063 / 1086.317    391.063 / 1086.317    391.063 / 1086.317    ms
[30.065s][info][gc,stats    ]    Subphase: Concurrent Mark Idle                          0.000 / 0.000         0.000 / 0.000         0.000 / 0.000         0.000 / 0.000       ms
[30.065s][info][gc,stats    ]    Subphase: Concurrent Mark Try Flush                     1.037 / 5.694         1.194 / 7.435         1.194 / 7.435         1.194 / 7.435       ms
[30.065s][info][gc,stats    ]    Subphase: Concurrent Mark Try Terminate                 0.384 / 1.964         0.423 / 2.001         0.423 / 2.001         0.423 / 2.001       ms
[30.065s][info][gc,stats    ]    Subphase: Concurrent References Enqueue                 0.001 / 0.002         0.001 / 0.002         0.001 / 0.002         0.001 / 0.002       ms
[30.065s][info][gc,stats    ]    Subphase: Concurrent References Process                 0.601 / 0.888         0.651 / 3.927         0.651 / 3.927         0.651 / 3.927       ms
[30.065s][info][gc,stats    ]    Subphase: Concurrent Weak Roots                         0.734 / 0.812         0.727 / 1.069         0.727 / 1.069         0.727 / 1.069       ms
[30.066s][info][gc,stats    ]    Subphase: Concurrent Weak Roots JNIWeakHandles          0.000 / 0.000         0.000 / 0.000         0.000 / 0.000         0.000 / 0.000       ms
[30.066s][info][gc,stats    ]    Subphase: Concurrent Weak Roots StringTable             0.535 / 0.588         0.542 / 0.849         0.542 / 0.849         0.542 / 0.849       ms
[30.066s][info][gc,stats    ]    Subphase: Concurrent Weak Roots VMWeakHandles           0.199 / 0.239         0.185 / 0.283         0.185 / 0.283         0.185 / 0.283       ms
[30.066s][info][gc,stats    ]    Subphase: Pause Mark Try Complete                       0.000 / 0.000         0.002 / 0.002         0.002 / 0.002         0.002 / 0.002       ms
[30.066s][info][gc,stats    ]    Subphase: Pause Remap TLABS                             0.001 / 0.001         0.001 / 0.001         0.001 / 0.001         0.001 / 0.001       ms
[30.066s][info][gc,stats    ]    Subphase: Pause Retire TLABS                            0.018 / 0.028         0.013 / 0.028         0.013 / 0.028         0.013 / 0.028       ms
[30.066s][info][gc,stats    ]    Subphase: Pause Roots                                   1.284 / 2.309         1.177 / 2.399         1.177 / 2.399         1.177 / 2.399       ms
[30.066s][info][gc,stats    ]    Subphase: Pause Roots ClassLoaderDataGraph              0.599 / 0.739         0.569 / 1.292         0.569 / 1.292         0.569 / 1.292       ms
[30.066s][info][gc,stats    ]    Subphase: Pause Roots CodeCache                         0.911 / 1.354         0.784 / 1.457         0.784 / 1.457         0.784 / 1.457       ms
[30.066s][info][gc,stats    ]    Subphase: Pause Roots JNIHandles                        0.001 / 0.001         0.001 / 0.003         0.001 / 0.003         0.001 / 0.003       ms
[30.066s][info][gc,stats    ]    Subphase: Pause Roots JNIWeakHandles                    0.000 / 0.000         0.000 / 0.000         0.000 / 0.000         0.000 / 0.000       ms
[30.066s][info][gc,stats    ]    Subphase: Pause Roots JRFWeak                           0.000 / 0.000         0.000 / 0.000         0.000 / 0.000         0.000 / 0.000       ms
[30.066s][info][gc,stats    ]    Subphase: Pause Roots JVMTIExport                       0.000 / 0.001         0.000 / 0.001         0.000 / 0.001         0.000 / 0.001       ms
[30.066s][info][gc,stats    ]    Subphase: Pause Roots JVMTIWeakExport                   0.001 / 0.001         0.001 / 0.001         0.001 / 0.001         0.001 / 0.001       ms
[30.066s][info][gc,stats    ]    Subphase: Pause Roots Management                        0.001 / 0.001         0.001 / 0.003         0.001 / 0.003         0.001 / 0.003       ms
[30.066s][info][gc,stats    ]    Subphase: Pause Roots ObjectSynchronizer                0.000 / 0.001         0.000 / 0.001         0.000 / 0.001         0.000 / 0.001       ms
[30.066s][info][gc,stats    ]    Subphase: Pause Roots Setup                             0.156 / 0.287         0.135 / 0.287         0.135 / 0.287         0.135 / 0.287       ms
[30.066s][info][gc,stats    ]    Subphase: Pause Roots StringTable                       0.000 / 0.000         0.000 / 0.000         0.000 / 0.000         0.000 / 0.000       ms
[30.066s][info][gc,stats    ]    Subphase: Pause Roots SystemDictionary                  0.011 / 0.033         0.011 / 0.033         0.011 / 0.033         0.011 / 0.033       ms
[30.066s][info][gc,stats    ]    Subphase: Pause Roots Teardown                          0.001 / 0.002         0.001 / 0.002         0.001 / 0.002         0.001 / 0.002       ms
[30.066s][info][gc,stats    ]    Subphase: Pause Roots Threads                           0.266 / 0.352         0.255 / 0.928         0.255 / 0.928         0.255 / 0.928       ms
[30.066s][info][gc,stats    ]    Subphase: Pause Roots Universe                          0.002 / 0.004         0.007 / 0.335         0.007 / 0.335         0.007 / 0.335       ms
[30.066s][info][gc,stats    ]    Subphase: Pause Roots VMWeakHandles                     0.000 / 0.000         0.000 / 0.000         0.000 / 0.000         0.000 / 0.000       ms
[30.066s][info][gc,stats    ]    Subphase: Pause Weak Roots                              0.001 / 0.002         0.002 / 0.009         0.002 / 0.009         0.002 / 0.009       ms
[30.066s][info][gc,stats    ]    Subphase: Pause Weak Roots JFRWeak                      0.000 / 0.001         0.000 / 0.001         0.000 / 0.001         0.000 / 0.001       ms
[30.066s][info][gc,stats    ]    Subphase: Pause Weak Roots JNIWeakHandles               0.000 / 0.000         0.000 / 0.000         0.000 / 0.000         0.000 / 0.000       ms
[30.066s][info][gc,stats    ]    Subphase: Pause Weak Roots JVMTIWeakExport              0.001 / 0.001         0.001 / 0.008         0.001 / 0.008         0.001 / 0.008       ms
[30.066s][info][gc,stats    ]    Subphase: Pause Weak Roots Setup                        0.000 / 0.000         0.000 / 0.000         0.000 / 0.000         0.000 / 0.000       ms
[30.066s][info][gc,stats    ]    Subphase: Pause Weak Roots StringTable                  0.000 / 0.000         0.000 / 0.000         0.000 / 0.000         0.000 / 0.000       ms
[30.066s][info][gc,stats    ]    Subphase: Pause Weak Roots SymbolTable                  0.000 / 0.000         0.000 / 0.000         0.000 / 0.000         0.000 / 0.000       ms
[30.066s][info][gc,stats    ]    Subphase: Pause Weak Roots Teardown                     0.000 / 0.001         0.000 / 0.001         0.000 / 0.001         0.000 / 0.001       ms
[30.066s][info][gc,stats    ]    Subphase: Pause Weak Roots VMWeakHandles                0.000 / 0.000         0.000 / 0.000         0.000 / 0.000         0.000 / 0.000       ms
[30.066s][info][gc,stats    ]      System: Java Threads                                     92 / 117              67 / 117              67 / 117              67 / 117         threads
[30.066s][info][gc,stats    ] =========================================================================================================================================================
[30.080s][info][gc,phases   ] GC(30) Concurrent Mark 417.299ms
[30.083s][info][gc,phases   ] GC(30) Pause Mark End 0.311ms
[30.084s][info][gc,phases   ] GC(30) Concurrent Process Non-Strong References 1.254ms
[30.084s][info][gc,phases   ] GC(30) Concurrent Reset Relocation Set 0.001ms
[30.084s][info][gc,phases   ] GC(30) Concurrent Destroy Detached Pages 0.000ms
[30.085s][info][gc,phases   ] GC(30) Concurrent Select Relocation Set 1.514ms
[30.085s][info][gc,phases   ] GC(30) Concurrent Prepare Relocation Set 0.001ms
[30.087s][info][gc,phases   ] GC(30) Pause Relocate Start 1.909ms
[30.094s][info][gc,phases   ] GC(30) Concurrent Relocate 6.080ms
[30.094s][info][gc,load     ] GC(30) Load: 2.13/1.66/1.35
[30.094s][info][gc,mmu      ] GC(30) MMU: 2ms/0.0%, 5ms/16.0%, 10ms/57.5%, 20ms/78.1%, 50ms/91.3%, 100ms/95.3%
[30.094s][info][gc,marking  ] GC(30) Mark: 1 stripe(s), 2 proactive flush(es), 1 terminate flush(es), 0 completion(s), 0 continuation(s) 
[30.094s][info][gc,reloc    ] GC(30) Relocation: Successful, 5M relocated
[30.094s][info][gc,nmethod  ] GC(30) NMethods: 2708 registered, 0 unregistered
[30.094s][info][gc,metaspace] GC(30) Metaspace: 67M used, 71M capacity, 71M committed, 72M reserved
[30.094s][info][gc,ref      ] GC(30) Soft: 4681 encountered, 0 discovered, 0 enqueued
[30.094s][info][gc,ref      ] GC(30) Weak: 4555 encountered, 3449 discovered, 0 enqueued
[30.094s][info][gc,ref      ] GC(30) Final: 27 encountered, 0 discovered, 0 enqueued
[30.094s][info][gc,ref      ] GC(30) Phantom: 650 encountered, 646 discovered, 0 enqueued
[30.094s][info][gc,heap     ] GC(30)                Mark Start          Mark End        Relocate Start      Relocate End           High               Low         
[30.094s][info][gc,heap     ] GC(30)  Capacity:     1426M (72%)        1426M (72%)        1426M (72%)        1426M (72%)        1426M (72%)        1426M (72%)    
[30.094s][info][gc,heap     ] GC(30)   Reserve:       34M (2%)           34M (2%)           34M (2%)           34M (2%)           34M (2%)           34M (2%)     
[30.094s][info][gc,heap     ] GC(30)      Free:     1092M (55%)         848M (43%)        1458M (73%)        1456M (73%)        1458M (73%)         848M (43%)    
[30.094s][info][gc,heap     ] GC(30)      Used:      864M (43%)        1108M (56%)         498M (25%)         500M (25%)        1108M (56%)         498M (25%)    
[30.094s][info][gc,heap     ] GC(30)      Live:         -               216M (11%)         216M (11%)         216M (11%)            -                  -          
[30.094s][info][gc,heap     ] GC(30) Allocated:         -               244M (12%)         244M (12%)         254M (13%)            -                  -          
[30.094s][info][gc,heap     ] GC(30)   Garbage:         -               647M (33%)          37M (2%)           33M (2%)             -                  -          
[30.094s][info][gc,heap     ] GC(30) Reclaimed:         -                  -               610M (31%)         614M (31%)            -                  -          
[30.094s][info][gc          ] GC(30) Garbage Collection (Allocation Rate) 864M(43%)->500M(25%)
[30.336s][info][gc,start    ] GC(31) Garbage Collection (System.gc())
[30.339s][info][gc,phases   ] GC(31) Pause Mark Start 2.649ms
[30.790s][info][gc,phases   ] GC(31) Concurrent Mark 451.116ms
[30.791s][info][gc,phases   ] GC(31) Pause Mark End 0.290ms
[30.795s][info][gc,phases   ] GC(31) Concurrent Process Non-Strong References 4.279ms
[30.795s][info][gc,phases   ] GC(31) Concurrent Reset Relocation Set 0.002ms
[30.795s][info][gc,phases   ] GC(31) Concurrent Destroy Detached Pages 0.000ms
[30.796s][info][gc,phases   ] GC(31) Concurrent Select Relocation Set 1.515ms
[30.796s][info][gc,phases   ] GC(31) Concurrent Prepare Relocation Set 0.003ms
[30.798s][info][gc,phases   ] GC(31) Pause Relocate Start 1.903ms
[30.801s][info][gc,phases   ] GC(31) Concurrent Relocate 2.794ms
[30.801s][info][gc,load     ] GC(31) Load: 2.04/1.65/1.35
[30.801s][info][gc,mmu      ] GC(31) MMU: 2ms/0.0%, 5ms/16.0%, 10ms/57.5%, 20ms/78.1%, 50ms/91.3%, 100ms/95.3%
[30.801s][info][gc,marking  ] GC(31) Mark: 1 stripe(s), 2 proactive flush(es), 1 terminate flush(es), 0 completion(s), 0 continuation(s) 
[30.801s][info][gc,reloc    ] GC(31) Relocation: Successful, 5M relocated
[30.801s][info][gc,nmethod  ] GC(31) NMethods: 2783 registered, 0 unregistered
[30.801s][info][gc,metaspace] GC(31) Metaspace: 67M used, 71M capacity, 71M committed, 72M reserved
[30.801s][info][gc,ref      ] GC(31) Soft: 4682 encountered, 0 discovered, 0 enqueued
[30.801s][info][gc,ref      ] GC(31) Weak: 4613 encountered, 3544 discovered, 119 enqueued
[30.801s][info][gc,ref      ] GC(31) Final: 27 encountered, 0 discovered, 0 enqueued
[30.801s][info][gc,ref      ] GC(31) Phantom: 650 encountered, 646 discovered, 0 enqueued
[30.801s][info][gc,heap     ] GC(31)                Mark Start          Mark End        Relocate Start      Relocate End           High               Low         
[30.801s][info][gc,heap     ] GC(31)  Capacity:     1426M (72%)        1426M (72%)        1426M (72%)        1426M (72%)        1426M (72%)        1426M (72%)    
[30.801s][info][gc,heap     ] GC(31)   Reserve:       34M (2%)           34M (2%)           34M (2%)           34M (2%)           34M (2%)           34M (2%)     
[30.801s][info][gc,heap     ] GC(31)      Free:     1218M (61%)        1216M (61%)        1696M (85%)        1706M (86%)        1706M (86%)        1216M (61%)    
[30.801s][info][gc,heap     ] GC(31)      Used:      738M (37%)         740M (37%)         260M (13%)         250M (13%)         740M (37%)         250M (13%)    
[30.801s][info][gc,heap     ] GC(31)      Live:         -               216M (11%)         216M (11%)         216M (11%)            -                  -          
[30.801s][info][gc,heap     ] GC(31) Allocated:         -                 2M (0%)            2M (0%)            4M (0%)             -                  -          
[30.801s][info][gc,heap     ] GC(31)   Garbage:         -               521M (26%)          41M (2%)           31M (2%)             -                  -          
[30.801s][info][gc,heap     ] GC(31) Reclaimed:         -                  -               480M (24%)         490M (25%)            -                  -          
[30.801s][info][gc          ] GC(31) Garbage Collection (System.gc()) 738M(37%)->250M(13%)
[31.558s][info][gc,start    ] GC(32) Garbage Collection (Allocation Rate)
[31.563s][info][gc,phases   ] GC(32) Pause Mark Start 2.424ms
[31.991s][info][gc,phases   ] GC(32) Concurrent Mark 427.866ms
[31.994s][info][gc,phases   ] GC(32) Pause Mark End 0.372ms
[31.996s][info][gc,phases   ] GC(32) Concurrent Process Non-Strong References 1.306ms
[31.997s][info][gc,phases   ] GC(32) Concurrent Reset Relocation Set 0.002ms
[31.997s][info][gc,phases   ] GC(32) Concurrent Destroy Detached Pages 0.000ms
[31.999s][info][gc,phases   ] GC(32) Concurrent Select Relocation Set 1.990ms
[31.999s][info][gc,phases   ] GC(32) Concurrent Prepare Relocation Set 0.007ms
[32.003s][info][gc,phases   ] GC(32) Pause Relocate Start 2.056ms
[32.006s][info][gc,phases   ] GC(32) Concurrent Relocate 2.857ms
[32.006s][info][gc,load     ] GC(32) Load: 2.04/1.65/1.35
[32.006s][info][gc,mmu      ] GC(32) MMU: 2ms/0.0%, 5ms/16.0%, 10ms/57.5%, 20ms/78.1%, 50ms/91.3%, 100ms/95.3%
[32.006s][info][gc,marking  ] GC(32) Mark: 1 stripe(s), 2 proactive flush(es), 1 terminate flush(es), 0 completion(s), 0 continuation(s) 
[32.006s][info][gc,reloc    ] GC(32) Relocation: Successful, 5M relocated
[32.006s][info][gc,nmethod  ] GC(32) NMethods: 2858 registered, 0 unregistered
[32.006s][info][gc,metaspace] GC(32) Metaspace: 68M used, 71M capacity, 71M committed, 72M reserved
[32.006s][info][gc,ref      ] GC(32) Soft: 4682 encountered, 0 discovered, 0 enqueued
[32.006s][info][gc,ref      ] GC(32) Weak: 4680 encountered, 3558 discovered, 73 enqueued
[32.006s][info][gc,ref      ] GC(32) Final: 27 encountered, 0 discovered, 0 enqueued
[32.006s][info][gc,ref      ] GC(32) Phantom: 650 encountered, 646 discovered, 0 enqueued
[32.006s][info][gc,heap     ] GC(32)                Mark Start          Mark End        Relocate Start      Relocate End           High               Low         
[32.006s][info][gc,heap     ] GC(32)  Capacity:     1426M (72%)        1426M (72%)        1426M (72%)        1426M (72%)        1426M (72%)        1426M (72%)    
[32.006s][info][gc,heap     ] GC(32)   Reserve:       34M (2%)           34M (2%)           34M (2%)           34M (2%)           34M (2%)           34M (2%)     
[32.006s][info][gc,heap     ] GC(32)      Free:      980M (49%)         702M (35%)        1396M (70%)        1426M (72%)        1426M (72%)         702M (35%)    
[32.006s][info][gc,heap     ] GC(32)      Used:      976M (49%)        1254M (63%)         560M (28%)         530M (27%)        1254M (63%)         530M (27%)    
[32.006s][info][gc,heap     ] GC(32)      Live:         -               216M (11%)         216M (11%)         216M (11%)            -                  -          
[32.006s][info][gc,heap     ] GC(32) Allocated:         -               278M (14%)         278M (14%)         284M (14%)            -                  -          
[32.006s][info][gc,heap     ] GC(32)   Garbage:         -               759M (38%)          65M (3%)           31M (2%)             -                  -          
[32.006s][info][gc,heap     ] GC(32) Reclaimed:         -                  -               694M (35%)         728M (37%)            -                  -          
[32.006s][info][gc          ] GC(32) Garbage Collection (Allocation Rate) 976M(49%)->530M(27%)
[32.059s][info][gc,start    ] GC(33) Garbage Collection (Allocation Rate)
[32.064s][info][gc,phases   ] GC(33) Pause Mark Start 2.434ms
[32.488s][info][gc,phases   ] GC(33) Concurrent Mark 424.147ms
[32.491s][info][gc,phases   ] GC(33) Pause Mark End 0.354ms
[32.492s][info][gc,phases   ] GC(33) Concurrent Process Non-Strong References 1.236ms
[32.492s][info][gc,phases   ] GC(33) Concurrent Reset Relocation Set 0.004ms
[32.492s][info][gc,phases   ] GC(33) Concurrent Destroy Detached Pages 0.000ms
[32.493s][info][gc,phases   ] GC(33) Concurrent Select Relocation Set 1.506ms
[32.493s][info][gc,phases   ] GC(33) Concurrent Prepare Relocation Set 0.006ms
[32.496s][info][gc,phases   ] GC(33) Pause Relocate Start 1.982ms
[32.502s][info][gc,phases   ] GC(33) Concurrent Relocate 5.969ms
[32.502s][info][gc,load     ] GC(33) Load: 2.04/1.65/1.35
[32.502s][info][gc,mmu      ] GC(33) MMU: 2ms/0.0%, 5ms/16.0%, 10ms/57.5%, 20ms/78.1%, 50ms/91.3%, 100ms/95.1%
[32.502s][info][gc,marking  ] GC(33) Mark: 1 stripe(s), 2 proactive flush(es), 1 terminate flush(es), 0 completion(s), 0 continuation(s) 
[32.502s][info][gc,reloc    ] GC(33) Relocation: Successful, 5M relocated
[32.502s][info][gc,nmethod  ] GC(33) NMethods: 2859 registered, 0 unregistered
[32.502s][info][gc,metaspace] GC(33) Metaspace: 68M used, 71M capacity, 71M committed, 72M reserved
[32.502s][info][gc,ref      ] GC(33) Soft: 4682 encountered, 0 discovered, 0 enqueued
[32.502s][info][gc,ref      ] GC(33) Weak: 4615 encountered, 3485 discovered, 20 enqueued
[32.502s][info][gc,ref      ] GC(33) Final: 27 encountered, 0 discovered, 0 enqueued
[32.502s][info][gc,ref      ] GC(33) Phantom: 650 encountered, 646 discovered, 0 enqueued
[32.502s][info][gc,heap     ] GC(33)                Mark Start          Mark End        Relocate Start      Relocate End           High               Low         
[32.502s][info][gc,heap     ] GC(33)  Capacity:     1426M (72%)        1426M (72%)        1426M (72%)        1426M (72%)        1426M (72%)        1426M (72%)    
[32.502s][info][gc,heap     ] GC(33)   Reserve:       34M (2%)           34M (2%)           34M (2%)           34M (2%)           34M (2%)           34M (2%)     
[32.502s][info][gc,heap     ] GC(33)      Free:     1360M (68%)        1144M (57%)        1470M (74%)        1484M (75%)        1484M (75%)        1144M (57%)    
[32.502s][info][gc,heap     ] GC(33)      Used:      596M (30%)         812M (41%)         486M (24%)         472M (24%)         812M (41%)         472M (24%)    
[32.502s][info][gc,heap     ] GC(33)      Live:         -               216M (11%)         216M (11%)         216M (11%)            -                  -          
[32.502s][info][gc,heap     ] GC(33) Allocated:         -               216M (11%)         216M (11%)         226M (11%)            -                  -          
[32.502s][info][gc,heap     ] GC(33)   Garbage:         -               379M (19%)          53M (3%)           31M (2%)             -                  -          
[32.502s][info][gc,heap     ] GC(33) Reclaimed:         -                  -               326M (16%)         348M (17%)            -                  -          
[32.502s][info][gc          ] GC(33) Garbage Collection (Allocation Rate) 596M(30%)->472M(24%)
[32.858s][info][gc,start    ] GC(34) Garbage Collection (Allocation Rate)
[32.863s][info][gc,phases   ] GC(34) Pause Mark Start 2.476ms
[33.292s][info][gc,phases   ] GC(34) Concurrent Mark 428.400ms
[33.295s][info][gc,phases   ] GC(34) Pause Mark End 0.351ms
[33.296s][info][gc,phases   ] GC(34) Concurrent Process Non-Strong References 1.283ms
[33.296s][info][gc,phases   ] GC(34) Concurrent Reset Relocation Set 0.003ms
[33.296s][info][gc,phases   ] GC(34) Concurrent Destroy Detached Pages 0.000ms
[33.297s][info][gc,phases   ] GC(34) Concurrent Select Relocation Set 1.514ms
[33.297s][info][gc,phases   ] GC(34) Concurrent Prepare Relocation Set 0.004ms
[33.300s][info][gc,phases   ] GC(34) Pause Relocate Start 1.924ms
[33.303s][info][gc,phases   ] GC(34) Concurrent Relocate 3.068ms
[33.303s][info][gc,load     ] GC(34) Load: 2.04/1.65/1.35
[33.303s][info][gc,mmu      ] GC(34) MMU: 2ms/0.0%, 5ms/16.0%, 10ms/57.5%, 20ms/78.1%, 50ms/91.3%, 100ms/95.1%
[33.303s][info][gc,marking  ] GC(34) Mark: 1 stripe(s), 2 proactive flush(es), 1 terminate flush(es), 0 completion(s), 0 continuation(s) 
[33.303s][info][gc,reloc    ] GC(34) Relocation: Successful, 5M relocated
[33.303s][info][gc,nmethod  ] GC(34) NMethods: 2859 registered, 0 unregistered
[33.303s][info][gc,metaspace] GC(34) Metaspace: 68M used, 71M capacity, 71M committed, 72M reserved
[33.303s][info][gc,ref      ] GC(34) Soft: 4682 encountered, 0 discovered, 0 enqueued
[33.303s][info][gc,ref      ] GC(34) Weak: 4595 encountered, 3465 discovered, 0 enqueued
[33.303s][info][gc,ref      ] GC(34) Final: 27 encountered, 0 discovered, 0 enqueued
[33.303s][info][gc,ref      ] GC(34) Phantom: 650 encountered, 646 discovered, 0 enqueued
[33.303s][info][gc,heap     ] GC(34)                Mark Start          Mark End        Relocate Start      Relocate End           High               Low         
[33.303s][info][gc,heap     ] GC(34)  Capacity:     1426M (72%)        1426M (72%)        1426M (72%)        1426M (72%)        1426M (72%)        1426M (72%)    
[33.303s][info][gc,heap     ] GC(34)   Reserve:       34M (2%)           34M (2%)           34M (2%)           34M (2%)           34M (2%)           34M (2%)     
[33.303s][info][gc,heap     ] GC(34)      Free:     1058M (53%)         774M (39%)        1416M (71%)        1422M (71%)        1422M (71%)         774M (39%)    
[33.303s][info][gc,heap     ] GC(34)      Used:      898M (45%)        1182M (59%)         540M (27%)         534M (27%)        1182M (59%)         534M (27%)    
[33.303s][info][gc,heap     ] GC(34)      Live:         -               216M (11%)         216M (11%)         216M (11%)            -                  -          
[33.303s][info][gc,heap     ] GC(34) Allocated:         -               284M (14%)         284M (14%)         288M (14%)            -                  -          
[33.303s][info][gc,heap     ] GC(34)   Garbage:         -               681M (34%)          39M (2%)           31M (2%)             -                  -          
[33.303s][info][gc,heap     ] GC(34) Reclaimed:         -                  -               642M (32%)         650M (33%)            -                  -          
[33.303s][info][gc          ] GC(34) Garbage Collection (Allocation Rate) 898M(45%)->534M(27%)
[33.559s][info][gc,start    ] GC(35) Garbage Collection (Allocation Rate)
[33.564s][info][gc,phases   ] GC(35) Pause Mark Start 2.432ms
[33.985s][info][gc,phases   ] GC(35) Concurrent Mark 421.629ms
[33.988s][info][gc,phases   ] GC(35) Pause Mark End 0.349ms
[33.989s][info][gc,phases   ] GC(35) Concurrent Process Non-Strong References 1.243ms
[33.989s][info][gc,phases   ] GC(35) Concurrent Reset Relocation Set 0.002ms
[33.989s][info][gc,phases   ] GC(35) Concurrent Destroy Detached Pages 0.000ms
[33.991s][info][gc,phases   ] GC(35) Concurrent Select Relocation Set 1.541ms
[33.991s][info][gc,phases   ] GC(35) Concurrent Prepare Relocation Set 0.005ms
[33.993s][info][gc,phases   ] GC(35) Pause Relocate Start 1.984ms
[33.998s][info][gc,phases   ] GC(35) Concurrent Relocate 5.022ms
[33.998s][info][gc,load     ] GC(35) Load: 2.04/1.65/1.35
[33.998s][info][gc,mmu      ] GC(35) MMU: 2ms/0.0%, 5ms/16.0%, 10ms/57.5%, 20ms/78.1%, 50ms/91.3%, 100ms/95.1%
[33.998s][info][gc,marking  ] GC(35) Mark: 1 stripe(s), 2 proactive flush(es), 1 terminate flush(es), 0 completion(s), 0 continuation(s) 
[33.998s][info][gc,reloc    ] GC(35) Relocation: Successful, 5M relocated
[33.998s][info][gc,nmethod  ] GC(35) NMethods: 2860 registered, 0 unregistered
[33.998s][info][gc,metaspace] GC(35) Metaspace: 68M used, 71M capacity, 71M committed, 72M reserved
[33.998s][info][gc,ref      ] GC(35) Soft: 4682 encountered, 0 discovered, 0 enqueued
[33.998s][info][gc,ref      ] GC(35) Weak: 4595 encountered, 3465 discovered, 0 enqueued
[33.998s][info][gc,ref      ] GC(35) Final: 27 encountered, 0 discovered, 0 enqueued
[33.998s][info][gc,ref      ] GC(35) Phantom: 650 encountered, 646 discovered, 0 enqueued
[33.998s][info][gc,heap     ] GC(35)                Mark Start          Mark End        Relocate Start      Relocate End           High               Low         
[33.998s][info][gc,heap     ] GC(35)  Capacity:     1426M (72%)        1426M (72%)        1426M (72%)        1426M (72%)        1426M (72%)        1426M (72%)    
[33.998s][info][gc,heap     ] GC(35)   Reserve:       34M (2%)           34M (2%)           34M (2%)           34M (2%)           34M (2%)           34M (2%)     
[33.998s][info][gc,heap     ] GC(35)      Free:     1118M (56%)         840M (42%)        1422M (71%)        1424M (72%)        1424M (72%)         840M (42%)    
[33.998s][info][gc,heap     ] GC(35)      Used:      838M (42%)        1116M (56%)         534M (27%)         532M (27%)        1116M (56%)         532M (27%)    
[33.998s][info][gc,heap     ] GC(35)      Live:         -               216M (11%)         216M (11%)         216M (11%)            -                  -          
[33.998s][info][gc,heap     ] GC(35) Allocated:         -               278M (14%)         278M (14%)         286M (14%)            -                  -          
[33.998s][info][gc,heap     ] GC(35)   Garbage:         -               621M (31%)          39M (2%)           31M (2%)             -                  -          
[33.998s][info][gc,heap     ] GC(35) Reclaimed:         -                  -               582M (29%)         590M (30%)            -                  -          
[33.998s][info][gc          ] GC(35) Garbage Collection (Allocation Rate) 838M(42%)->532M(27%)
[34.218s][info][gc,start    ] GC(36) Garbage Collection (System.gc())
[34.221s][info][gc,phases   ] GC(36) Pause Mark Start 2.481ms
[34.439s][info][gc,phases   ] GC(36) Concurrent Mark 217.859ms
[34.439s][info][gc,phases   ] GC(36) Pause Mark End 0.329ms
[34.440s][info][gc,phases   ] GC(36) Concurrent Process Non-Strong References 1.238ms
[34.440s][info][gc,phases   ] GC(36) Concurrent Reset Relocation Set 0.002ms
[34.440s][info][gc,phases   ] GC(36) Concurrent Destroy Detached Pages 0.000ms
[34.445s][info][gc,phases   ] GC(36) Concurrent Select Relocation Set 4.220ms
[34.445s][info][gc,phases   ] GC(36) Concurrent Prepare Relocation Set 0.004ms
[34.450s][info][gc,phases   ] GC(36) Pause Relocate Start 2.206ms
[34.451s][info][gc,phases   ] GC(36) Concurrent Relocate 0.186ms
[34.451s][info][gc,load     ] GC(36) Load: 2.04/1.65/1.35
[34.451s][info][gc,mmu      ] GC(36) MMU: 2ms/0.0%, 5ms/16.0%, 10ms/57.5%, 20ms/78.1%, 50ms/91.3%, 100ms/95.1%
[34.451s][info][gc,marking  ] GC(36) Mark: 1 stripe(s), 2 proactive flush(es), 1 terminate flush(es), 0 completion(s), 0 continuation(s) 
[34.451s][info][gc,reloc    ] GC(36) Relocation: Successful, 5M relocated
[34.451s][info][gc,nmethod  ] GC(36) NMethods: 2919 registered, 0 unregistered
[34.451s][info][gc,metaspace] GC(36) Metaspace: 68M used, 71M capacity, 71M committed, 72M reserved
[34.451s][info][gc,ref      ] GC(36) Soft: 4681 encountered, 0 discovered, 0 enqueued
[34.451s][info][gc,ref      ] GC(36) Weak: 4665 encountered, 3585 discovered, 118 enqueued
[34.451s][info][gc,ref      ] GC(36) Final: 27 encountered, 0 discovered, 0 enqueued
[34.451s][info][gc,ref      ] GC(36) Phantom: 650 encountered, 646 discovered, 0 enqueued
[34.451s][info][gc,heap     ] GC(36)                Mark Start          Mark End        Relocate Start      Relocate End           High               Low         
[34.451s][info][gc,heap     ] GC(36)  Capacity:     1426M (72%)        1426M (72%)        1426M (72%)        1426M (72%)        1426M (72%)        1426M (72%)    
[34.451s][info][gc,heap     ] GC(36)   Reserve:       34M (2%)           34M (2%)           34M (2%)           34M (2%)           34M (2%)           34M (2%)     
[34.451s][info][gc,heap     ] GC(36)      Free:     1204M (61%)        1202M (60%)        1700M (85%)        1706M (86%)        1706M (86%)        1202M (60%)    
[34.451s][info][gc,heap     ] GC(36)      Used:      752M (38%)         754M (38%)         256M (13%)         250M (13%)         754M (38%)         250M (13%)    
[34.451s][info][gc,heap     ] GC(36)      Live:         -               216M (11%)         216M (11%)         216M (11%)            -                  -          
[34.451s][info][gc,heap     ] GC(36) Allocated:         -                 2M (0%)            2M (0%)            4M (0%)             -                  -          
[34.451s][info][gc,heap     ] GC(36)   Garbage:         -               535M (27%)          37M (2%)           31M (2%)             -                  -          
[34.451s][info][gc,heap     ] GC(36) Reclaimed:         -                  -               498M (25%)         504M (25%)            -                  -          
[34.451s][info][gc          ] GC(36) Garbage Collection (System.gc()) 752M(38%)->250M(13%)
[35.162s][info][gc,start    ] GC(37) Garbage Collection (Allocation Rate)
[35.167s][info][gc,phases   ] GC(37) Pause Mark Start 2.586ms
[35.590s][info][gc,phases   ] GC(37) Concurrent Mark 422.633ms
[35.593s][info][gc,phases   ] GC(37) Pause Mark End 0.395ms
[35.594s][info][gc,phases   ] GC(37) Concurrent Process Non-Strong References 1.296ms
[35.594s][info][gc,phases   ] GC(37) Concurrent Reset Relocation Set 0.001ms
[35.594s][info][gc,phases   ] GC(37) Concurrent Destroy Detached Pages 0.000ms
[35.596s][info][gc,phases   ] GC(37) Concurrent Select Relocation Set 1.515ms
[35.596s][info][gc,phases   ] GC(37) Concurrent Prepare Relocation Set 0.007ms
[35.598s][info][gc,phases   ] GC(37) Pause Relocate Start 2.090ms
[35.604s][info][gc,phases   ] GC(37) Concurrent Relocate 2.179ms
[35.604s][info][gc,load     ] GC(37) Load: 2.04/1.65/1.35
[35.604s][info][gc,mmu      ] GC(37) MMU: 2ms/0.0%, 5ms/16.0%, 10ms/57.5%, 20ms/78.1%, 50ms/91.3%, 100ms/95.1%
[35.604s][info][gc,marking  ] GC(37) Mark: 1 stripe(s), 2 proactive flush(es), 1 terminate flush(es), 0 completion(s), 0 continuation(s) 
[35.604s][info][gc,reloc    ] GC(37) Relocation: Successful, 5M relocated
[35.604s][info][gc,nmethod  ] GC(37) NMethods: 2992 registered, 0 unregistered
[35.604s][info][gc,metaspace] GC(37) Metaspace: 68M used, 71M capacity, 71M committed, 72M reserved
[35.604s][info][gc,ref      ] GC(37) Soft: 4688 encountered, 0 discovered, 0 enqueued
[35.604s][info][gc,ref      ] GC(37) Weak: 4703 encountered, 3567 discovered, 73 enqueued
[35.604s][info][gc,ref      ] GC(37) Final: 27 encountered, 0 discovered, 0 enqueued
[35.604s][info][gc,ref      ] GC(37) Phantom: 650 encountered, 646 discovered, 0 enqueued
[35.604s][info][gc,heap     ] GC(37)                Mark Start          Mark End        Relocate Start      Relocate End           High               Low         
[35.604s][info][gc,heap     ] GC(37)  Capacity:     1426M (72%)        1426M (72%)        1426M (72%)        1426M (72%)        1426M (72%)        1426M (72%)    
[35.604s][info][gc,heap     ] GC(37)   Reserve:       34M (2%)           34M (2%)           34M (2%)           34M (2%)           34M (2%)           34M (2%)     
[35.604s][info][gc,heap     ] GC(37)      Free:      964M (48%)         696M (35%)        1412M (71%)        1438M (72%)        1438M (72%)         696M (35%)    
[35.604s][info][gc,heap     ] GC(37)      Used:      992M (50%)        1260M (63%)         544M (27%)         518M (26%)        1260M (63%)         518M (26%)    
[35.604s][info][gc,heap     ] GC(37)      Live:         -               216M (11%)         216M (11%)         216M (11%)            -                  -          
[35.604s][info][gc,heap     ] GC(37) Allocated:         -               268M (13%)         268M (13%)         272M (14%)            -                  -          
[35.604s][info][gc,heap     ] GC(37)   Garbage:         -               775M (39%)          59M (3%)           31M (2%)             -                  -          
[35.604s][info][gc,heap     ] GC(37) Reclaimed:         -                  -               716M (36%)         744M (37%)            -                  -          
[35.604s][info][gc          ] GC(37) Garbage Collection (Allocation Rate) 992M(50%)->518M(26%)
[35.660s][info][gc,start    ] GC(38) Garbage Collection (Allocation Rate)
[35.665s][info][gc,phases   ] GC(38) Pause Mark Start 2.581ms
[36.095s][info][gc,phases   ] GC(38) Concurrent Mark 429.469ms
[36.098s][info][gc,phases   ] GC(38) Pause Mark End 0.402ms
[36.099s][info][gc,phases   ] GC(38) Concurrent Process Non-Strong References 1.250ms
[36.099s][info][gc,phases   ] GC(38) Concurrent Reset Relocation Set 0.003ms
[36.099s][info][gc,phases   ] GC(38) Concurrent Destroy Detached Pages 0.000ms
[36.101s][info][gc,phases   ] GC(38) Concurrent Select Relocation Set 1.511ms
[36.101s][info][gc,phases   ] GC(38) Concurrent Prepare Relocation Set 0.006ms
[36.103s][info][gc,phases   ] GC(38) Pause Relocate Start 2.099ms
[36.106s][info][gc,phases   ] GC(38) Concurrent Relocate 2.844ms
[36.106s][info][gc,load     ] GC(38) Load: 2.04/1.65/1.35
[36.106s][info][gc,mmu      ] GC(38) MMU: 2ms/0.0%, 5ms/16.0%, 10ms/57.5%, 20ms/78.1%, 50ms/91.3%, 100ms/94.9%
[36.106s][info][gc,marking  ] GC(38) Mark: 1 stripe(s), 2 proactive flush(es), 1 terminate flush(es), 0 completion(s), 0 continuation(s) 
[36.106s][info][gc,reloc    ] GC(38) Relocation: Successful, 5M relocated
[36.106s][info][gc,nmethod  ] GC(38) NMethods: 2994 registered, 0 unregistered
[36.106s][info][gc,metaspace] GC(38) Metaspace: 68M used, 71M capacity, 71M committed, 72M reserved
[36.106s][info][gc,ref      ] GC(38) Soft: 4688 encountered, 0 discovered, 0 enqueued
[36.106s][info][gc,ref      ] GC(38) Weak: 4638 encountered, 3511 discovered, 14 enqueued
[36.106s][info][gc,ref      ] GC(38) Final: 27 encountered, 0 discovered, 0 enqueued
[36.106s][info][gc,ref      ] GC(38) Phantom: 650 encountered, 646 discovered, 0 enqueued
[36.106s][info][gc,heap     ] GC(38)                Mark Start          Mark End        Relocate Start      Relocate End           High               Low         
[36.106s][info][gc,heap     ] GC(38)  Capacity:     1426M (72%)        1426M (72%)        1426M (72%)        1426M (72%)        1426M (72%)        1426M (72%)    
[36.106s][info][gc,heap     ] GC(38)   Reserve:       34M (2%)           34M (2%)           34M (2%)           34M (2%)           34M (2%)           34M (2%)     
[36.106s][info][gc,heap     ] GC(38)      Free:     1382M (69%)        1100M (55%)        1408M (71%)        1422M (71%)        1422M (71%)        1100M (55%)    
[36.106s][info][gc,heap     ] GC(38)      Used:      574M (29%)         856M (43%)         548M (28%)         534M (27%)         856M (43%)         534M (27%)    
[36.106s][info][gc,heap     ] GC(38)      Live:         -               216M (11%)         216M (11%)         216M (11%)            -                  -          
[36.106s][info][gc,heap     ] GC(38) Allocated:         -               282M (14%)         282M (14%)         288M (14%)            -                  -          
[36.106s][info][gc,heap     ] GC(38)   Garbage:         -               357M (18%)          49M (2%)           31M (2%)             -                  -          
[36.106s][info][gc,heap     ] GC(38) Reclaimed:         -                  -               308M (15%)         326M (16%)            -                  -          
[36.106s][info][gc          ] GC(38) Garbage Collection (Allocation Rate) 574M(29%)->534M(27%)
[36.358s][info][gc,start    ] GC(39) Garbage Collection (Allocation Rate)
[36.363s][info][gc,phases   ] GC(39) Pause Mark Start 2.551ms
[36.777s][info][gc,phases   ] GC(39) Concurrent Mark 413.893ms
[36.780s][info][gc,phases   ] GC(39) Pause Mark End 0.407ms
[36.781s][info][gc,phases   ] GC(39) Concurrent Process Non-Strong References 1.286ms
[36.781s][info][gc,phases   ] GC(39) Concurrent Reset Relocation Set 0.002ms
[36.781s][info][gc,phases   ] GC(39) Concurrent Destroy Detached Pages 0.000ms
[36.783s][info][gc,phases   ] GC(39) Concurrent Select Relocation Set 1.547ms
[36.783s][info][gc,phases   ] GC(39) Concurrent Prepare Relocation Set 0.004ms
[36.785s][info][gc,phases   ] GC(39) Pause Relocate Start 2.062ms
[36.790s][info][gc,phases   ] GC(39) Concurrent Relocate 4.690ms
[36.790s][info][gc,load     ] GC(39) Load: 2.04/1.65/1.35
[36.790s][info][gc,mmu      ] GC(39) MMU: 2ms/0.0%, 5ms/16.0%, 10ms/57.5%, 20ms/78.1%, 50ms/91.3%, 100ms/94.9%
[36.790s][info][gc,marking  ] GC(39) Mark: 1 stripe(s), 2 proactive flush(es), 1 terminate flush(es), 0 completion(s), 0 continuation(s) 
[36.790s][info][gc,reloc    ] GC(39) Relocation: Successful, 5M relocated
[36.790s][info][gc,nmethod  ] GC(39) NMethods: 2994 registered, 0 unregistered
[36.790s][info][gc,metaspace] GC(39) Metaspace: 68M used, 71M capacity, 71M committed, 72M reserved
[36.790s][info][gc,ref      ] GC(39) Soft: 4688 encountered, 0 discovered, 0 enqueued
[36.790s][info][gc,ref      ] GC(39) Weak: 4624 encountered, 3497 discovered, 0 enqueued
[36.790s][info][gc,ref      ] GC(39) Final: 27 encountered, 0 discovered, 0 enqueued
[36.790s][info][gc,ref      ] GC(39) Phantom: 650 encountered, 646 discovered, 0 enqueued
[36.790s][info][gc,heap     ] GC(39)                Mark Start          Mark End        Relocate Start      Relocate End           High               Low         
[36.790s][info][gc,heap     ] GC(39)  Capacity:     1426M (72%)        1426M (72%)        1426M (72%)        1426M (72%)        1426M (72%)        1426M (72%)    
[36.790s][info][gc,heap     ] GC(39)   Reserve:       34M (2%)           34M (2%)           34M (2%)           34M (2%)           34M (2%)           34M (2%)     
[36.790s][info][gc,heap     ] GC(39)      Free:     1096M (55%)         832M (42%)        1436M (72%)        1438M (72%)        1438M (72%)         832M (42%)    
[36.790s][info][gc,heap     ] GC(39)      Used:      860M (43%)        1124M (56%)         520M (26%)         518M (26%)        1124M (56%)         518M (26%)    
[36.790s][info][gc,heap     ] GC(39)      Live:         -               216M (11%)         216M (11%)         216M (11%)            -                  -          
[36.790s][info][gc,heap     ] GC(39) Allocated:         -               264M (13%)         264M (13%)         272M (14%)            -                  -          
[36.790s][info][gc,heap     ] GC(39)   Garbage:         -               643M (32%)          39M (2%)           33M (2%)             -                  -          
[36.790s][info][gc,heap     ] GC(39) Reclaimed:         -                  -               604M (30%)         610M (31%)            -                  -          
[36.790s][info][gc          ] GC(39) Garbage Collection (Allocation Rate) 860M(43%)->518M(26%)
[37.058s][info][gc,start    ] GC(40) Garbage Collection (Allocation Rate)
[37.064s][info][gc,phases   ] GC(40) Pause Mark Start 2.555ms
[37.482s][info][gc,phases   ] GC(40) Concurrent Mark 418.164ms
[37.485s][info][gc,phases   ] GC(40) Pause Mark End 0.406ms
[37.487s][info][gc,phases   ] GC(40) Concurrent Process Non-Strong References 1.281ms
[37.487s][info][gc,phases   ] GC(40) Concurrent Reset Relocation Set 0.002ms
[37.487s][info][gc,phases   ] GC(40) Concurrent Destroy Detached Pages 0.000ms
[37.488s][info][gc,phases   ] GC(40) Concurrent Select Relocation Set 1.517ms
[37.488s][info][gc,phases   ] GC(40) Concurrent Prepare Relocation Set 0.005ms
[37.490s][info][gc,phases   ] GC(40) Pause Relocate Start 2.166ms
[37.494s][info][gc,phases   ] GC(40) Concurrent Relocate 3.529ms
[37.494s][info][gc,load     ] GC(40) Load: 2.04/1.65/1.35
[37.494s][info][gc,mmu      ] GC(40) MMU: 2ms/0.0%, 5ms/16.0%, 10ms/57.5%, 20ms/78.1%, 50ms/91.3%, 100ms/94.9%
[37.494s][info][gc,marking  ] GC(40) Mark: 1 stripe(s), 2 proactive flush(es), 1 terminate flush(es), 0 completion(s), 0 continuation(s) 
[37.494s][info][gc,reloc    ] GC(40) Relocation: Successful, 5M relocated
[37.494s][info][gc,nmethod  ] GC(40) NMethods: 2994 registered, 0 unregistered
[37.494s][info][gc,metaspace] GC(40) Metaspace: 68M used, 71M capacity, 71M committed, 72M reserved
[37.494s][info][gc,ref      ] GC(40) Soft: 4688 encountered, 0 discovered, 0 enqueued
[37.494s][info][gc,ref      ] GC(40) Weak: 4624 encountered, 3497 discovered, 0 enqueued
[37.494s][info][gc,ref      ] GC(40) Final: 27 encountered, 0 discovered, 0 enqueued
[37.494s][info][gc,ref      ] GC(40) Phantom: 650 encountered, 646 discovered, 0 enqueued
[37.494s][info][gc,heap     ] GC(40)                Mark Start          Mark End        Relocate Start      Relocate End           High               Low         
[37.494s][info][gc,heap     ] GC(40)  Capacity:     1426M (72%)        1426M (72%)        1426M (72%)        1426M (72%)        1426M (72%)        1426M (72%)    
[37.494s][info][gc,heap     ] GC(40)   Reserve:       34M (2%)           34M (2%)           34M (2%)           34M (2%)           34M (2%)           34M (2%)     
[37.494s][info][gc,heap     ] GC(40)      Free:     1086M (55%)         822M (41%)        1434M (72%)        1440M (72%)        1440M (72%)         822M (41%)    
[37.494s][info][gc,heap     ] GC(40)      Used:      870M (44%)        1134M (57%)         522M (26%)         516M (26%)        1134M (57%)         516M (26%)    
[37.494s][info][gc,heap     ] GC(40)      Live:         -               216M (11%)         216M (11%)         216M (11%)            -                  -          
[37.494s][info][gc,heap     ] GC(40) Allocated:         -               264M (13%)         264M (13%)         270M (14%)            -                  -          
[37.494s][info][gc,heap     ] GC(40)   Garbage:         -               653M (33%)          41M (2%)           31M (2%)             -                  -          
[37.494s][info][gc,heap     ] GC(40) Reclaimed:         -                  -               612M (31%)         622M (31%)            -                  -          
[37.494s][info][gc          ] GC(40) Garbage Collection (Allocation Rate) 870M(44%)->516M(26%)
[37.738s][info][gc,start    ] GC(41) Garbage Collection (System.gc())
[37.741s][info][gc,phases   ] GC(41) Pause Mark Start 2.699ms
[37.987s][info][gc,phases   ] GC(41) Concurrent Mark 245.583ms
[37.987s][info][gc,phases   ] GC(41) Pause Mark End 0.394ms
[37.989s][info][gc,phases   ] GC(41) Concurrent Process Non-Strong References 1.248ms
[37.989s][info][gc,phases   ] GC(41) Concurrent Reset Relocation Set 0.002ms
[37.989s][info][gc,phases   ] GC(41) Concurrent Destroy Detached Pages 0.000ms
[37.991s][info][gc,phases   ] GC(41) Concurrent Select Relocation Set 2.282ms
[37.991s][info][gc,phases   ] GC(41) Concurrent Prepare Relocation Set 0.006ms
[37.996s][info][gc,phases   ] GC(41) Pause Relocate Start 2.142ms
[37.998s][info][gc,phases   ] GC(41) Concurrent Relocate 1.676ms
[37.998s][info][gc,load     ] GC(41) Load: 2.04/1.65/1.35
[37.998s][info][gc,mmu      ] GC(41) MMU: 2ms/0.0%, 5ms/16.0%, 10ms/57.5%, 20ms/78.1%, 50ms/91.3%, 100ms/94.9%
[37.998s][info][gc,marking  ] GC(41) Mark: 1 stripe(s), 2 proactive flush(es), 1 terminate flush(es), 0 completion(s), 0 continuation(s) 
[37.998s][info][gc,reloc    ] GC(41) Relocation: Successful, 5M relocated
[37.998s][info][gc,nmethod  ] GC(41) NMethods: 3029 registered, 0 unregistered
[37.998s][info][gc,metaspace] GC(41) Metaspace: 68M used, 71M capacity, 71M committed, 72M reserved
[37.998s][info][gc,ref      ] GC(41) Soft: 4688 encountered, 0 discovered, 0 enqueued
[37.998s][info][gc,ref      ] GC(41) Weak: 4682 encountered, 3612 discovered, 118 enqueued
[37.998s][info][gc,ref      ] GC(41) Final: 27 encountered, 0 discovered, 0 enqueued
[37.998s][info][gc,ref      ] GC(41) Phantom: 650 encountered, 646 discovered, 0 enqueued
[37.998s][info][gc,heap     ] GC(41)                Mark Start          Mark End        Relocate Start      Relocate End           High               Low         
[37.998s][info][gc,heap     ] GC(41)  Capacity:     1426M (72%)        1426M (72%)        1426M (72%)        1426M (72%)        1426M (72%)        1426M (72%)    
[37.998s][info][gc,heap     ] GC(41)   Reserve:       34M (2%)           34M (2%)           34M (2%)           34M (2%)           34M (2%)           34M (2%)     
[37.998s][info][gc,heap     ] GC(41)      Free:     1194M (60%)        1192M (60%)        1700M (85%)        1704M (86%)        1704M (86%)        1192M (60%)    
[37.998s][info][gc,heap     ] GC(41)      Used:      762M (38%)         764M (38%)         256M (13%)         252M (13%)         764M (38%)         252M (13%)    
[37.998s][info][gc,heap     ] GC(41)      Live:         -               216M (11%)         216M (11%)         216M (11%)            -                  -          
[37.998s][info][gc,heap     ] GC(41) Allocated:         -                 2M (0%)            2M (0%)            6M (0%)             -                  -          
[37.998s][info][gc,heap     ] GC(41)   Garbage:         -               545M (27%)          37M (2%)           33M (2%)             -                  -          
[37.998s][info][gc,heap     ] GC(41) Reclaimed:         -                  -               508M (26%)         512M (26%)            -                  -          
[37.998s][info][gc          ] GC(41) Garbage Collection (System.gc()) 762M(38%)->252M(13%)
[38.558s][info][gc,start    ] GC(42) Garbage Collection (Allocation Rate)
[38.563s][info][gc,phases   ] GC(42) Pause Mark Start 2.650ms
[38.996s][info][gc,phases   ] GC(42) Concurrent Mark 432.256ms
[38.999s][info][gc,phases   ] GC(42) Pause Mark End 0.436ms
[39.000s][info][gc,phases   ] GC(42) Concurrent Process Non-Strong References 1.311ms
[39.001s][info][gc,phases   ] GC(42) Concurrent Reset Relocation Set 0.003ms
[39.001s][info][gc,phases   ] GC(42) Concurrent Destroy Detached Pages 0.001ms
[39.003s][info][gc,phases   ] GC(42) Concurrent Select Relocation Set 1.640ms
[39.003s][info][gc,phases   ] GC(42) Concurrent Prepare Relocation Set 0.009ms
[39.007s][info][gc,phases   ] GC(42) Pause Relocate Start 2.304ms
[39.010s][info][gc,phases   ] GC(42) Concurrent Relocate 2.836ms
[39.010s][info][gc,load     ] GC(42) Load: 2.04/1.65/1.35
[39.010s][info][gc,mmu      ] GC(42) MMU: 2ms/0.0%, 5ms/16.0%, 10ms/57.5%, 20ms/78.1%, 50ms/91.3%, 100ms/94.9%
[39.010s][info][gc,marking  ] GC(42) Mark: 1 stripe(s), 2 proactive flush(es), 1 terminate flush(es), 0 completion(s), 0 continuation(s) 
[39.010s][info][gc,reloc    ] GC(42) Relocation: Successful, 5M relocated
[39.010s][info][gc,nmethod  ] GC(42) NMethods: 3093 registered, 0 unregistered
[39.010s][info][gc,metaspace] GC(42) Metaspace: 68M used, 71M capacity, 71M committed, 72M reserved
[39.010s][info][gc,ref      ] GC(42) Soft: 4688 encountered, 0 discovered, 0 enqueued
[39.010s][info][gc,ref      ] GC(42) Weak: 4750 encountered, 3606 discovered, 73 enqueued
[39.010s][info][gc,ref      ] GC(42) Final: 27 encountered, 0 discovered, 0 enqueued
[39.010s][info][gc,ref      ] GC(42) Phantom: 650 encountered, 646 discovered, 0 enqueued
[39.010s][info][gc,heap     ] GC(42)                Mark Start          Mark End        Relocate Start      Relocate End           High               Low         
[39.010s][info][gc,heap     ] GC(42)  Capacity:     1426M (72%)        1426M (72%)        1426M (72%)        1426M (72%)        1426M (72%)        1426M (72%)    
[39.010s][info][gc,heap     ] GC(42)   Reserve:       34M (2%)           34M (2%)           34M (2%)           34M (2%)           34M (2%)           34M (2%)     
[39.010s][info][gc,heap     ] GC(42)      Free:     1056M (53%)         776M (39%)        1394M (70%)        1424M (72%)        1424M (72%)         774M (39%)    
[39.010s][info][gc,heap     ] GC(42)      Used:      900M (45%)        1180M (59%)         562M (28%)         532M (27%)        1182M (59%)         532M (27%)    
[39.010s][info][gc,heap     ] GC(42)      Live:         -               216M (11%)         216M (11%)         216M (11%)            -                  -          
[39.010s][info][gc,heap     ] GC(42) Allocated:         -               280M (14%)         282M (14%)         286M (14%)            -                  -          
[39.010s][info][gc,heap     ] GC(42)   Garbage:         -               683M (34%)          63M (3%)           31M (2%)             -                  -          
[39.010s][info][gc,heap     ] GC(42) Reclaimed:         -                  -               620M (31%)         652M (33%)            -                  -          
[39.010s][info][gc          ] GC(42) Garbage Collection (Allocation Rate) 900M(45%)->532M(27%)
[39.058s][info][gc,start    ] GC(43) Garbage Collection (Allocation Rate)
[39.064s][info][gc,phases   ] GC(43) Pause Mark Start 2.664ms
[39.484s][info][gc,phases   ] GC(43) Concurrent Mark 420.584ms
[39.488s][info][gc,phases   ] GC(43) Pause Mark End 0.435ms
[39.489s][info][gc,phases   ] GC(43) Concurrent Process Non-Strong References 1.300ms
[39.489s][info][gc,phases   ] GC(43) Concurrent Reset Relocation Set 0.004ms
[39.489s][info][gc,phases   ] GC(43) Concurrent Destroy Detached Pages 0.000ms
[39.490s][info][gc,phases   ] GC(43) Concurrent Select Relocation Set 1.558ms
[39.491s][info][gc,phases   ] GC(43) Concurrent Prepare Relocation Set 0.009ms
[39.493s][info][gc,phases   ] GC(43) Pause Relocate Start 2.197ms
[39.498s][info][gc,phases   ] GC(43) Concurrent Relocate 5.313ms
[39.498s][info][gc,load     ] GC(43) Load: 2.04/1.65/1.35
[39.498s][info][gc,mmu      ] GC(43) MMU: 2ms/0.0%, 5ms/16.0%, 10ms/57.5%, 20ms/78.1%, 50ms/91.3%, 100ms/94.6%
[39.498s][info][gc,marking  ] GC(43) Mark: 1 stripe(s), 2 proactive flush(es), 1 terminate flush(es), 0 completion(s), 0 continuation(s) 
[39.498s][info][gc,reloc    ] GC(43) Relocation: Successful, 5M relocated
[39.498s][info][gc,nmethod  ] GC(43) NMethods: 3098 registered, 0 unregistered
[39.498s][info][gc,metaspace] GC(43) Metaspace: 68M used, 71M capacity, 71M committed, 72M reserved
[39.498s][info][gc,ref      ] GC(43) Soft: 4688 encountered, 0 discovered, 0 enqueued
[39.498s][info][gc,ref      ] GC(43) Weak: 4684 encountered, 3553 discovered, 19 enqueued
[39.498s][info][gc,ref      ] GC(43) Final: 27 encountered, 0 discovered, 0 enqueued
[39.498s][info][gc,ref      ] GC(43) Phantom: 650 encountered, 646 discovered, 0 enqueued
[39.498s][info][gc,heap     ] GC(43)                Mark Start          Mark End        Relocate Start      Relocate End           High               Low         
[39.498s][info][gc,heap     ] GC(43)  Capacity:     1426M (72%)        1426M (72%)        1426M (72%)        1426M (72%)        1426M (72%)        1426M (72%)    
[39.498s][info][gc,heap     ] GC(43)   Reserve:       34M (2%)           34M (2%)           34M (2%)           34M (2%)           34M (2%)           34M (2%)     
[39.498s][info][gc,heap     ] GC(43)      Free:     1366M (69%)        1094M (55%)        1412M (71%)        1430M (72%)        1430M (72%)        1094M (55%)    
[39.498s][info][gc,heap     ] GC(43)      Used:      590M (30%)         862M (43%)         544M (27%)         526M (26%)         862M (43%)         526M (26%)    
[39.498s][info][gc,heap     ] GC(43)      Live:         -               216M (11%)         216M (11%)         216M (11%)            -                  -          
[39.498s][info][gc,heap     ] GC(43) Allocated:         -               272M (14%)         272M (14%)         280M (14%)            -                  -          
[39.498s][info][gc,heap     ] GC(43)   Garbage:         -               373M (19%)          55M (3%)           31M (2%)             -                  -          
[39.498s][info][gc,heap     ] GC(43) Reclaimed:         -                  -               318M (16%)         342M (17%)            -                  -          
[39.498s][info][gc          ] GC(43) Garbage Collection (Allocation Rate) 590M(30%)->526M(26%)
[39.758s][info][gc,start    ] GC(44) Garbage Collection (Allocation Rate)
[39.763s][info][gc,phases   ] GC(44) Pause Mark Start 2.658ms
[40.058s][info][gc,stats    ] === Garbage Collection Statistics =======================================================================================================================
[40.058s][info][gc,stats    ]                                                              Last 10s              Last 10m              Last 10h                Total
[40.058s][info][gc,stats    ]                                                              Avg / Max             Avg / Max             Avg / Max             Avg / Max
[40.058s][info][gc,stats    ]   Collector: Garbage Collection Cycle                    415.430 / 465.413     460.008 / 1654.489    460.008 / 1654.489    460.008 / 1654.489    ms
[40.058s][info][gc,stats    ]  Contention: Mark Segment Reset Contention                     0 / 0                 0 / 0                 0 / 0                 0 / 0           ops/s
[40.058s][info][gc,stats    ]  Contention: Mark SeqNum Reset Contention                      0 / 0                 0 / 0                 0 / 0                 0 / 0           ops/s
[40.058s][info][gc,stats    ]  Contention: Relocation Contention                             0 / 0                 0 / 0                 0 / 0                 0 / 0           ops/s
[40.058s][info][gc,stats    ]    Critical: Allocation Stall                              0.000 / 0.000         0.000 / 0.000         0.000 / 0.000         0.000 / 0.000       ms
[40.058s][info][gc,stats    ]    Critical: Allocation Stall                                  0 / 0                 0 / 0                 0 / 0                 0 / 0           ops/s
[40.058s][info][gc,stats    ]    Critical: GC Locker Stall                               0.000 / 0.000         0.000 / 0.000         0.000 / 0.000         0.000 / 0.000       ms
[40.058s][info][gc,stats    ]    Critical: GC Locker Stall                                   0 / 0                 0 / 0                 0 / 0                 0 / 0           ops/s
[40.058s][info][gc,stats    ]      Memory: Allocation Rate                                 766 / 976             558 / 1094            558 / 1094            558 / 1094        MB/s
[40.058s][info][gc,stats    ]      Memory: Heap Used After Mark                           1010 / 1260            906 / 1364            906 / 1364            906 / 1364        MB
[40.058s][info][gc,stats    ]      Memory: Heap Used After Relocation                      461 / 534             451 / 896             451 / 896             451 / 896         MB
[40.058s][info][gc,stats    ]      Memory: Heap Used Before Mark                           799 / 992             709 / 1138            709 / 1138            709 / 1138        MB
[40.058s][info][gc,stats    ]      Memory: Heap Used Before Relocation                     473 / 562             505 / 1078            505 / 1078            505 / 1078        MB
[40.058s][info][gc,stats    ]      Memory: Out Of Memory                                     0 / 0                 0 / 0                 0 / 0                 0 / 0           ops/s
[40.058s][info][gc,stats    ]      Memory: Page Cache Flush                                  0 / 0                 0 / 0                 0 / 0                 0 / 0           MB/s
[40.058s][info][gc,stats    ]      Memory: Page Cache Hit L1                               378 / 490             263 / 505             263 / 505             263 / 505         ops/s
[40.058s][info][gc,stats    ]      Memory: Page Cache Hit L2                                 0 / 0                 0 / 0                 0 / 0                 0 / 0           ops/s
[40.058s][info][gc,stats    ]      Memory: Page Cache Miss                                   0 / 0                16 / 179              16 / 179              16 / 179         ops/s
[40.058s][info][gc,stats    ]      Memory: Undo Object Allocation Failed                     0 / 0                 0 / 0                 0 / 0                 0 / 0           ops/s
[40.058s][info][gc,stats    ]      Memory: Undo Object Allocation Succeeded                  0 / 0                 0 / 0                 0 / 0                 0 / 0           ops/s
[40.058s][info][gc,stats    ]      Memory: Undo Page Allocation                              0 / 0                 0 / 2                 0 / 2                 0 / 2           ops/s
[40.058s][info][gc,stats    ]       Phase: Concurrent Destroy Detached Pages             0.000 / 0.001         0.000 / 0.001         0.000 / 0.001         0.000 / 0.001       ms
[40.058s][info][gc,stats    ]       Phase: Concurrent Mark                             397.921 / 451.116     393.351 / 1086.337    393.351 / 1086.337    393.351 / 1086.337    ms
[40.058s][info][gc,stats    ]       Phase: Concurrent Mark Continue                      0.000 / 0.000         0.000 / 0.000         0.000 / 0.000         0.000 / 0.000       ms
[40.058s][info][gc,stats    ]       Phase: Concurrent Prepare Relocation Set             0.005 / 0.009         2.080 / 32.152        2.080 / 32.152        2.080 / 32.152      ms
[40.058s][info][gc,stats    ]       Phase: Concurrent Process Non-Strong References      1.487 / 4.279         1.418 / 4.567         1.418 / 4.567         1.418 / 4.567       ms
[40.058s][info][gc,stats    ]       Phase: Concurrent Relocate                           3.503 / 6.080        50.942 / 507.417      50.942 / 507.417      50.942 / 507.417     ms
[40.058s][info][gc,stats    ]       Phase: Concurrent Reset Relocation Set               0.002 / 0.004         0.116 / 1.225         0.116 / 1.225         0.116 / 1.225       ms
[40.058s][info][gc,stats    ]       Phase: Concurrent Select Relocation Set              1.812 / 4.220         1.922 / 5.526         1.922 / 5.526         1.922 / 5.526       ms
[40.058s][info][gc,stats    ]       Phase: Pause Mark End                                0.374 / 0.436         0.275 / 0.465         0.275 / 0.465         0.275 / 0.465       ms
[40.058s][info][gc,stats    ]       Phase: Pause Mark Start                              2.560 / 2.699         2.171 / 2.699         2.171 / 2.699         2.171 / 2.699       ms
[40.058s][info][gc,stats    ]       Phase: Pause Relocate Start                          2.073 / 2.304         1.914 / 4.198         1.914 / 4.198         1.914 / 4.198       ms
[40.058s][info][gc,stats    ]    Subphase: Concurrent Mark                             397.897 / 451.102     393.238 / 1086.317    393.238 / 1086.317    393.238 / 1086.317    ms
[40.058s][info][gc,stats    ]    Subphase: Concurrent Mark Idle                          0.000 / 0.000         0.000 / 0.000         0.000 / 0.000         0.000 / 0.000       ms
[40.058s][info][gc,stats    ]    Subphase: Concurrent Mark Try Flush                     0.874 / 5.313         1.094 / 7.435         1.094 / 7.435         1.094 / 7.435       ms
[40.058s][info][gc,stats    ]    Subphase: Concurrent Mark Try Terminate                 0.354 / 0.997         0.401 / 2.001         0.401 / 2.001         0.401 / 2.001       ms
[40.058s][info][gc,stats    ]    Subphase: Concurrent References Enqueue                 0.001 / 0.003         0.001 / 0.003         0.001 / 0.003         0.001 / 0.003       ms
[40.058s][info][gc,stats    ]    Subphase: Concurrent References Process                 0.564 / 0.602         0.624 / 3.927         0.624 / 3.927         0.624 / 3.927       ms
[40.058s][info][gc,stats    ]    Subphase: Concurrent Weak Roots                         0.701 / 0.723         0.719 / 1.069         0.719 / 1.069         0.719 / 1.069       ms
[40.058s][info][gc,stats    ]    Subphase: Concurrent Weak Roots JNIWeakHandles          0.000 / 0.000         0.000 / 0.000         0.000 / 0.000         0.000 / 0.000       ms
[40.058s][info][gc,stats    ]    Subphase: Concurrent Weak Roots StringTable             0.518 / 0.537         0.534 / 0.849         0.534 / 0.849         0.534 / 0.849       ms
[40.058s][info][gc,stats    ]    Subphase: Concurrent Weak Roots VMWeakHandles           0.181 / 0.208         0.184 / 0.283         0.184 / 0.283         0.184 / 0.283       ms
[40.058s][info][gc,stats    ]    Subphase: Pause Mark Try Complete                       0.000 / 0.000         0.002 / 0.002         0.002 / 0.002         0.002 / 0.002       ms
[40.058s][info][gc,stats    ]    Subphase: Pause Remap TLABS                             0.002 / 0.003         0.001 / 0.003         0.001 / 0.003         0.001 / 0.003       ms
[40.058s][info][gc,stats    ]    Subphase: Pause Retire TLABS                            0.025 / 0.031         0.017 / 0.031         0.017 / 0.031         0.017 / 0.031       ms
[40.058s][info][gc,stats    ]    Subphase: Pause Roots                                   1.478 / 2.369         1.272 / 2.399         1.272 / 2.399         1.272 / 2.399       ms
[40.058s][info][gc,stats    ]    Subphase: Pause Roots ClassLoaderDataGraph              0.581 / 0.737         0.573 / 1.292         0.573 / 1.292         0.573 / 1.292       ms
[40.058s][info][gc,stats    ]    Subphase: Pause Roots CodeCache                         1.007 / 1.150         0.854 / 1.457         0.854 / 1.457         0.854 / 1.457       ms
[40.058s][info][gc,stats    ]    Subphase: Pause Roots JNIHandles                        0.001 / 0.001         0.001 / 0.003         0.001 / 0.003         0.001 / 0.003       ms
[40.058s][info][gc,stats    ]    Subphase: Pause Roots JNIWeakHandles                    0.000 / 0.000         0.000 / 0.000         0.000 / 0.000         0.000 / 0.000       ms
[40.058s][info][gc,stats    ]    Subphase: Pause Roots JRFWeak                           0.000 / 0.000         0.000 / 0.000         0.000 / 0.000         0.000 / 0.000       ms
[40.058s][info][gc,stats    ]    Subphase: Pause Roots JVMTIExport                       0.000 / 0.001         0.000 / 0.001         0.000 / 0.001         0.000 / 0.001       ms
[40.058s][info][gc,stats    ]    Subphase: Pause Roots JVMTIWeakExport                   0.001 / 0.009         0.001 / 0.009         0.001 / 0.009         0.001 / 0.009       ms
[40.058s][info][gc,stats    ]    Subphase: Pause Roots Management                        0.001 / 0.001         0.001 / 0.003         0.001 / 0.003         0.001 / 0.003       ms
[40.058s][info][gc,stats    ]    Subphase: Pause Roots ObjectSynchronizer                0.000 / 0.001         0.000 / 0.001         0.000 / 0.001         0.000 / 0.001       ms
[40.058s][info][gc,stats    ]    Subphase: Pause Roots Setup                             0.160 / 0.275         0.143 / 0.287         0.143 / 0.287         0.143 / 0.287       ms
[40.058s][info][gc,stats    ]    Subphase: Pause Roots StringTable                       0.000 / 0.000         0.000 / 0.000         0.000 / 0.000         0.000 / 0.000       ms
[40.058s][info][gc,stats    ]    Subphase: Pause Roots SystemDictionary                  0.010 / 0.013         0.011 / 0.033         0.011 / 0.033         0.011 / 0.033       ms
[40.058s][info][gc,stats    ]    Subphase: Pause Roots Teardown                          0.001 / 0.002         0.001 / 0.002         0.001 / 0.002         0.001 / 0.002       ms
[40.058s][info][gc,stats    ]    Subphase: Pause Roots Threads                           0.408 / 0.651         0.303 / 0.928         0.303 / 0.928         0.303 / 0.928       ms
[40.058s][info][gc,stats    ]    Subphase: Pause Roots Universe                          0.002 / 0.004         0.006 / 0.335         0.006 / 0.335         0.006 / 0.335       ms
[40.058s][info][gc,stats    ]    Subphase: Pause Roots VMWeakHandles                     0.000 / 0.000         0.000 / 0.000         0.000 / 0.000         0.000 / 0.000       ms
[40.058s][info][gc,stats    ]    Subphase: Pause Weak Roots                              0.001 / 0.002         0.002 / 0.009         0.002 / 0.009         0.002 / 0.009       ms
[40.058s][info][gc,stats    ]    Subphase: Pause Weak Roots JFRWeak                      0.000 / 0.001         0.000 / 0.001         0.000 / 0.001         0.000 / 0.001       ms
[40.058s][info][gc,stats    ]    Subphase: Pause Weak Roots JNIWeakHandles               0.000 / 0.000         0.000 / 0.000         0.000 / 0.000         0.000 / 0.000       ms
[40.058s][info][gc,stats    ]    Subphase: Pause Weak Roots JVMTIWeakExport              0.001 / 0.001         0.001 / 0.008         0.001 / 0.008         0.001 / 0.008       ms
[40.058s][info][gc,stats    ]    Subphase: Pause Weak Roots Setup                        0.000 / 0.000         0.000 / 0.000         0.000 / 0.000         0.000 / 0.000       ms
[40.058s][info][gc,stats    ]    Subphase: Pause Weak Roots StringTable                  0.000 / 0.000         0.000 / 0.000         0.000 / 0.000         0.000 / 0.000       ms
[40.058s][info][gc,stats    ]    Subphase: Pause Weak Roots SymbolTable                  0.000 / 0.000         0.000 / 0.000         0.000 / 0.000         0.000 / 0.000       ms
[40.058s][info][gc,stats    ]    Subphase: Pause Weak Roots Teardown                     0.000 / 0.001         0.000 / 0.001         0.000 / 0.001         0.000 / 0.001       ms
[40.058s][info][gc,stats    ]    Subphase: Pause Weak Roots VMWeakHandles                0.000 / 0.000         0.000 / 0.000         0.000 / 0.000         0.000 / 0.000       ms
[40.058s][info][gc,stats    ]      System: Java Threads                                    147 / 177              92 / 177              92 / 177              92 / 177         threads
[40.058s][info][gc,stats    ] =========================================================================================================================================================
[40.187s][info][gc,phases   ] GC(44) Concurrent Mark 423.379ms
[40.190s][info][gc,phases   ] GC(44) Pause Mark End 0.439ms
[40.191s][info][gc,phases   ] GC(44) Concurrent Process Non-Strong References 1.296ms
[40.191s][info][gc,phases   ] GC(44) Concurrent Reset Relocation Set 0.002ms
[40.191s][info][gc,phases   ] GC(44) Concurrent Destroy Detached Pages 0.000ms
[40.193s][info][gc,phases   ] GC(44) Concurrent Select Relocation Set 1.517ms
[40.193s][info][gc,phases   ] GC(44) Concurrent Prepare Relocation Set 0.008ms
[40.195s][info][gc,phases   ] GC(44) Pause Relocate Start 2.178ms
[40.202s][info][gc,phases   ] GC(44) Concurrent Relocate 6.789ms
[40.202s][info][gc,load     ] GC(44) Load: 2.04/1.65/1.35
[40.202s][info][gc,mmu      ] GC(44) MMU: 2ms/0.0%, 5ms/16.0%, 10ms/57.5%, 20ms/78.1%, 50ms/91.3%, 100ms/94.6%
[40.202s][info][gc,marking  ] GC(44) Mark: 1 stripe(s), 2 proactive flush(es), 1 terminate flush(es), 0 completion(s), 0 continuation(s) 
[40.202s][info][gc,reloc    ] GC(44) Relocation: Successful, 5M relocated
[40.202s][info][gc,nmethod  ] GC(44) NMethods: 3104 registered, 0 unregistered
[40.202s][info][gc,metaspace] GC(44) Metaspace: 68M used, 71M capacity, 71M committed, 72M reserved
[40.202s][info][gc,ref      ] GC(44) Soft: 4688 encountered, 0 discovered, 0 enqueued
[40.202s][info][gc,ref      ] GC(44) Weak: 4665 encountered, 3559 discovered, 0 enqueued
[40.202s][info][gc,ref      ] GC(44) Final: 27 encountered, 0 discovered, 0 enqueued
[40.202s][info][gc,ref      ] GC(44) Phantom: 650 encountered, 646 discovered, 0 enqueued
[40.202s][info][gc,heap     ] GC(44)                Mark Start          Mark End        Relocate Start      Relocate End           High               Low         
[40.202s][info][gc,heap     ] GC(44)  Capacity:     1426M (72%)        1426M (72%)        1426M (72%)        1426M (72%)        1426M (72%)        1426M (72%)    
[40.202s][info][gc,heap     ] GC(44)   Reserve:       34M (2%)           34M (2%)           34M (2%)           34M (2%)           34M (2%)           34M (2%)     
[40.202s][info][gc,heap     ] GC(44)      Free:     1110M (56%)         844M (42%)        1434M (72%)        1434M (72%)        1434M (72%)         844M (42%)    
[40.202s][info][gc,heap     ] GC(44)      Used:      846M (43%)        1112M (56%)         522M (26%)         522M (26%)        1112M (56%)         522M (26%)    
[40.202s][info][gc,heap     ] GC(44)      Live:         -               216M (11%)         216M (11%)         216M (11%)            -                  -          
[40.202s][info][gc,heap     ] GC(44) Allocated:         -               266M (13%)         266M (13%)         276M (14%)            -                  -          
[40.202s][info][gc,heap     ] GC(44)   Garbage:         -               629M (32%)          39M (2%)           31M (2%)             -                  -          
[40.202s][info][gc,heap     ] GC(44) Reclaimed:         -                  -               590M (30%)         598M (30%)            -                  -          
[40.202s][info][gc          ] GC(44) Garbage Collection (Allocation Rate) 846M(43%)->522M(26%)
[40.458s][info][gc,start    ] GC(45) Garbage Collection (Allocation Rate)
[40.464s][info][gc,phases   ] GC(45) Pause Mark Start 2.644ms
[40.876s][info][gc,phases   ] GC(45) Concurrent Mark 411.528ms
[40.879s][info][gc,phases   ] GC(45) Pause Mark End 0.445ms
[40.880s][info][gc,phases   ] GC(45) Concurrent Process Non-Strong References 1.292ms
[40.880s][info][gc,phases   ] GC(45) Concurrent Reset Relocation Set 0.002ms
[40.880s][info][gc,phases   ] GC(45) Concurrent Destroy Detached Pages 0.000ms
[40.882s][info][gc,phases   ] GC(45) Concurrent Select Relocation Set 1.596ms
[40.882s][info][gc,phases   ] GC(45) Concurrent Prepare Relocation Set 0.009ms
[40.884s][info][gc,phases   ] GC(45) Pause Relocate Start 2.183ms
[40.890s][info][gc,phases   ] GC(45) Concurrent Relocate 5.529ms
[40.890s][info][gc,load     ] GC(45) Load: 2.04/1.66/1.35
[40.890s][info][gc,mmu      ] GC(45) MMU: 2ms/0.0%, 5ms/16.0%, 10ms/57.5%, 20ms/78.1%, 50ms/91.3%, 100ms/94.6%
[40.890s][info][gc,marking  ] GC(45) Mark: 1 stripe(s), 2 proactive flush(es), 1 terminate flush(es), 0 completion(s), 0 continuation(s) 
[40.890s][info][gc,reloc    ] GC(45) Relocation: Successful, 5M relocated
[40.890s][info][gc,nmethod  ] GC(45) NMethods: 3104 registered, 0 unregistered
[40.890s][info][gc,metaspace] GC(45) Metaspace: 68M used, 71M capacity, 71M committed, 72M reserved
[40.890s][info][gc,ref      ] GC(45) Soft: 4689 encountered, 0 discovered, 0 enqueued
[40.890s][info][gc,ref      ] GC(45) Weak: 4673 encountered, 3540 discovered, 3 enqueued
[40.890s][info][gc,ref      ] GC(45) Final: 27 encountered, 0 discovered, 0 enqueued
[40.890s][info][gc,ref      ] GC(45) Phantom: 650 encountered, 646 discovered, 0 enqueued
[40.890s][info][gc,heap     ] GC(45)                Mark Start          Mark End        Relocate Start      Relocate End           High               Low         
[40.890s][info][gc,heap     ] GC(45)  Capacity:     1426M (72%)        1426M (72%)        1426M (72%)        1426M (72%)        1426M (72%)        1426M (72%)    
[40.890s][info][gc,heap     ] GC(45)   Reserve:       34M (2%)           34M (2%)           34M (2%)           34M (2%)           34M (2%)           34M (2%)     
[40.890s][info][gc,heap     ] GC(45)      Free:     1098M (55%)         828M (42%)        1426M (72%)        1432M (72%)        1432M (72%)         828M (42%)    
[40.890s][info][gc,heap     ] GC(45)      Used:      858M (43%)        1128M (57%)         530M (27%)         524M (26%)        1128M (57%)         524M (26%)    
[40.890s][info][gc,heap     ] GC(45)      Live:         -               216M (11%)         216M (11%)         216M (11%)            -                  -          
[40.890s][info][gc,heap     ] GC(45) Allocated:         -               270M (14%)         270M (14%)         278M (14%)            -                  -          
[40.890s][info][gc,heap     ] GC(45)   Garbage:         -               641M (32%)          43M (2%)           31M (2%)             -                  -          
[40.890s][info][gc,heap     ] GC(45) Reclaimed:         -                  -               598M (30%)         610M (31%)            -                  -          
[40.890s][info][gc          ] GC(45) Garbage Collection (Allocation Rate) 858M(43%)->524M(26%)
[41.209s][info][gc,start    ] GC(46) Garbage Collection (Allocation Rate)
[41.215s][info][gc,phases   ] GC(46) Pause Mark Start 2.706ms
[41.528s][info][gc,phases   ] GC(46) Concurrent Mark 313.790ms
[41.529s][info][gc,phases   ] GC(46) Pause Mark End 0.423ms
[41.530s][info][gc,phases   ] GC(46) Concurrent Process Non-Strong References 1.314ms
[41.530s][info][gc,phases   ] GC(46) Concurrent Reset Relocation Set 0.002ms
[41.530s][info][gc,phases   ] GC(46) Concurrent Destroy Detached Pages 0.001ms
[41.532s][info][gc,phases   ] GC(46) Concurrent Select Relocation Set 1.522ms
[41.532s][info][gc,phases   ] GC(46) Concurrent Prepare Relocation Set 0.009ms
[41.534s][info][gc,phases   ] GC(46) Pause Relocate Start 2.209ms
[41.535s][info][gc,phases   ] GC(46) Concurrent Relocate 0.375ms
[41.535s][info][gc,load     ] GC(46) Load: 2.04/1.66/1.35
[41.535s][info][gc,mmu      ] GC(46) MMU: 2ms/0.0%, 5ms/16.0%, 10ms/57.5%, 20ms/78.1%, 50ms/91.3%, 100ms/94.6%
[41.535s][info][gc,marking  ] GC(46) Mark: 1 stripe(s), 2 proactive flush(es), 1 terminate flush(es), 0 completion(s), 0 continuation(s) 
[41.535s][info][gc,reloc    ] GC(46) Relocation: Successful, 5M relocated
[41.535s][info][gc,nmethod  ] GC(46) NMethods: 3154 registered, 0 unregistered
[41.535s][info][gc,metaspace] GC(46) Metaspace: 68M used, 71M capacity, 71M committed, 72M reserved
[41.535s][info][gc,ref      ] GC(46) Soft: 4689 encountered, 0 discovered, 0 enqueued
[41.535s][info][gc,ref      ] GC(46) Weak: 4670 encountered, 3589 discovered, 0 enqueued
[41.535s][info][gc,ref      ] GC(46) Final: 27 encountered, 0 discovered, 0 enqueued
[41.535s][info][gc,ref      ] GC(46) Phantom: 650 encountered, 646 discovered, 0 enqueued
[41.535s][info][gc,heap     ] GC(46)                Mark Start          Mark End        Relocate Start      Relocate End           High               Low         
[41.535s][info][gc,heap     ] GC(46)  Capacity:     1426M (72%)        1426M (72%)        1426M (72%)        1426M (72%)        1426M (72%)        1426M (72%)    
[41.535s][info][gc,heap     ] GC(46)   Reserve:       34M (2%)           34M (2%)           34M (2%)           34M (2%)           34M (2%)           34M (2%)     
[41.535s][info][gc,heap     ] GC(46)      Free:     1114M (56%)        1084M (54%)        1670M (84%)        1678M (84%)        1678M (84%)        1084M (54%)    
[41.535s][info][gc,heap     ] GC(46)      Used:      842M (42%)         872M (44%)         286M (14%)         278M (14%)         872M (44%)         278M (14%)    
[41.535s][info][gc,heap     ] GC(46)      Live:         -               216M (11%)         216M (11%)         216M (11%)            -                  -          
[41.535s][info][gc,heap     ] GC(46) Allocated:         -                30M (2%)           30M (2%)           32M (2%)             -                  -          
[41.535s][info][gc,heap     ] GC(46)   Garbage:         -               625M (31%)          39M (2%)           31M (2%)             -                  -          
[41.535s][info][gc,heap     ] GC(46) Reclaimed:         -                  -               586M (29%)         594M (30%)            -                  -          
[41.535s][info][gc          ] GC(46) Garbage Collection (Allocation Rate) 842M(42%)->278M(14%)
[41.535s][info][gc,start    ] GC(47) Garbage Collection (System.gc())
[41.538s][info][gc,phases   ] GC(47) Pause Mark Start 2.601ms
[41.756s][info][gc,phases   ] GC(47) Concurrent Mark 217.871ms
[41.756s][info][gc,phases   ] GC(47) Pause Mark End 0.405ms
[41.758s][info][gc,phases   ] GC(47) Concurrent Process Non-Strong References 1.381ms
[41.758s][info][gc,phases   ] GC(47) Concurrent Reset Relocation Set 0.002ms
[41.758s][info][gc,phases   ] GC(47) Concurrent Destroy Detached Pages 0.000ms
[41.759s][info][gc,phases   ] GC(47) Concurrent Select Relocation Set 1.500ms
[41.759s][info][gc,phases   ] GC(47) Concurrent Prepare Relocation Set 0.005ms
[41.762s][info][gc,phases   ] GC(47) Pause Relocate Start 2.167ms
[41.763s][info][gc,phases   ] GC(47) Concurrent Relocate 1.037ms
[41.763s][info][gc,load     ] GC(47) Load: 2.04/1.66/1.35
[41.763s][info][gc,mmu      ] GC(47) MMU: 2ms/0.0%, 5ms/15.8%, 10ms/47.7%, 20ms/73.8%, 50ms/89.5%, 100ms/94.6%
[41.763s][info][gc,marking  ] GC(47) Mark: 1 stripe(s), 2 proactive flush(es), 1 terminate flush(es), 0 completion(s), 0 continuation(s) 
[41.763s][info][gc,reloc    ] GC(47) Relocation: Successful, 5M relocated
[41.763s][info][gc,nmethod  ] GC(47) NMethods: 3155 registered, 0 unregistered
[41.763s][info][gc,metaspace] GC(47) Metaspace: 68M used, 71M capacity, 71M committed, 72M reserved
[41.763s][info][gc,ref      ] GC(47) Soft: 4688 encountered, 0 discovered, 0 enqueued
[41.763s][info][gc,ref      ] GC(47) Weak: 4740 encountered, 3680 discovered, 120 enqueued
[41.763s][info][gc,ref      ] GC(47) Final: 27 encountered, 0 discovered, 0 enqueued
[41.763s][info][gc,ref      ] GC(47) Phantom: 650 encountered, 646 discovered, 0 enqueued
[41.763s][info][gc,heap     ] GC(47)                Mark Start          Mark End        Relocate Start      Relocate End           High               Low         
[41.763s][info][gc,heap     ] GC(47)  Capacity:     1426M (72%)        1426M (72%)        1426M (72%)        1426M (72%)        1426M (72%)        1426M (72%)    
[41.763s][info][gc,heap     ] GC(47)   Reserve:       34M (2%)           34M (2%)           34M (2%)           34M (2%)           34M (2%)           34M (2%)     
[41.763s][info][gc,heap     ] GC(47)      Free:     1678M (84%)        1676M (84%)        1700M (85%)        1706M (86%)        1706M (86%)        1676M (84%)    
[41.763s][info][gc,heap     ] GC(47)      Used:      278M (14%)         280M (14%)         256M (13%)         250M (13%)         280M (14%)         250M (13%)    
[41.763s][info][gc,heap     ] GC(47)      Live:         -               216M (11%)         216M (11%)         216M (11%)            -                  -          
[41.763s][info][gc,heap     ] GC(47) Allocated:         -                 2M (0%)            2M (0%)            4M (0%)             -                  -          
[41.763s][info][gc,heap     ] GC(47)   Garbage:         -                61M (3%)           37M (2%)           31M (2%)             -                  -          
[41.763s][info][gc,heap     ] GC(47) Reclaimed:         -                  -                24M (1%)           30M (2%)             -                  -          
[41.763s][info][gc          ] GC(47) Garbage Collection (System.gc()) 278M(14%)->250M(13%)
[42.458s][info][gc,start    ] GC(48) Garbage Collection (Allocation Rate)
[42.464s][info][gc,phases   ] GC(48) Pause Mark Start 2.768ms
[42.871s][info][gc,phases   ] GC(48) Concurrent Mark 407.507ms
[42.875s][info][gc,phases   ] GC(48) Pause Mark End 0.462ms
[42.876s][info][gc,phases   ] GC(48) Concurrent Process Non-Strong References 1.350ms
[42.876s][info][gc,phases   ] GC(48) Concurrent Reset Relocation Set 0.001ms
[42.876s][info][gc,phases   ] GC(48) Concurrent Destroy Detached Pages 0.000ms
[42.879s][info][gc,phases   ] GC(48) Concurrent Select Relocation Set 2.313ms
[42.879s][info][gc,phases   ] GC(48) Concurrent Prepare Relocation Set 0.010ms
[42.882s][info][gc,phases   ] GC(48) Pause Relocate Start 2.382ms
[42.886s][info][gc,phases   ] GC(48) Concurrent Relocate 3.982ms
[42.886s][info][gc,load     ] GC(48) Load: 2.04/1.66/1.35
[42.887s][info][gc,mmu      ] GC(48) MMU: 2ms/0.0%, 5ms/15.8%, 10ms/47.7%, 20ms/73.8%, 50ms/89.5%, 100ms/94.6%
[42.887s][info][gc,marking  ] GC(48) Mark: 1 stripe(s), 2 proactive flush(es), 1 terminate flush(es), 0 completion(s), 0 continuation(s) 
[42.887s][info][gc,reloc    ] GC(48) Relocation: Successful, 5M relocated
[42.887s][info][gc,nmethod  ] GC(48) NMethods: 3211 registered, 0 unregistered
[42.887s][info][gc,metaspace] GC(48) Metaspace: 68M used, 71M capacity, 71M committed, 72M reserved
[42.887s][info][gc,ref      ] GC(48) Soft: 4694 encountered, 0 discovered, 0 enqueued
[42.887s][info][gc,ref      ] GC(48) Weak: 4777 encountered, 3639 discovered, 73 enqueued
[42.887s][info][gc,ref      ] GC(48) Final: 27 encountered, 0 discovered, 0 enqueued
[42.887s][info][gc,ref      ] GC(48) Phantom: 650 encountered, 646 discovered, 0 enqueued
[42.887s][info][gc,heap     ] GC(48)                Mark Start          Mark End        Relocate Start      Relocate End           High               Low         
[42.887s][info][gc,heap     ] GC(48)  Capacity:     1426M (72%)        1426M (72%)        1426M (72%)        1426M (72%)        1426M (72%)        1426M (72%)    
[42.887s][info][gc,heap     ] GC(48)   Reserve:       34M (2%)           34M (2%)           34M (2%)           34M (2%)           34M (2%)           34M (2%)     
[42.887s][info][gc,heap     ] GC(48)      Free:      908M (46%)         648M (33%)        1414M (71%)        1442M (72%)        1442M (72%)         648M (33%)    
[42.887s][info][gc,heap     ] GC(48)      Used:     1048M (53%)        1308M (66%)         542M (27%)         514M (26%)        1308M (66%)         514M (26%)    
[42.887s][info][gc,heap     ] GC(48)      Live:         -               216M (11%)         216M (11%)         216M (11%)            -                  -          
[42.887s][info][gc,heap     ] GC(48) Allocated:         -               260M (13%)         260M (13%)         268M (13%)            -                  -          
[42.887s][info][gc,heap     ] GC(48)   Garbage:         -               831M (42%)          65M (3%)           35M (2%)             -                  -          
[42.887s][info][gc,heap     ] GC(48) Reclaimed:         -                  -               766M (38%)         796M (40%)            -                  -          
[42.887s][info][gc          ] GC(48) Garbage Collection (Allocation Rate) 1048M(53%)->514M(26%)
[42.958s][info][gc,start    ] GC(49) Garbage Collection (Allocation Rate)
[42.964s][info][gc,phases   ] GC(49) Pause Mark Start 2.770ms
[43.373s][info][gc,phases   ] GC(49) Concurrent Mark 408.577ms
[43.376s][info][gc,phases   ] GC(49) Pause Mark End 0.467ms
[43.378s][info][gc,phases   ] GC(49) Concurrent Process Non-Strong References 1.339ms
[43.378s][info][gc,phases   ] GC(49) Concurrent Reset Relocation Set 0.004ms
[43.378s][info][gc,phases   ] GC(49) Concurrent Destroy Detached Pages 0.000ms
[43.379s][info][gc,phases   ] GC(49) Concurrent Select Relocation Set 1.532ms
[43.379s][info][gc,phases   ] GC(49) Concurrent Prepare Relocation Set 0.010ms
[43.382s][info][gc,phases   ] GC(49) Pause Relocate Start 2.366ms
[43.386s][info][gc,phases   ] GC(49) Concurrent Relocate 4.029ms
[43.386s][info][gc,load     ] GC(49) Load: 2.04/1.66/1.35
[43.386s][info][gc,mmu      ] GC(49) MMU: 2ms/0.0%, 5ms/15.8%, 10ms/47.7%, 20ms/73.8%, 50ms/89.5%, 100ms/94.4%
[43.386s][info][gc,marking  ] GC(49) Mark: 1 stripe(s), 2 proactive flush(es), 1 terminate flush(es), 0 completion(s), 0 continuation(s) 
[43.386s][info][gc,reloc    ] GC(49) Relocation: Successful, 5M relocated
[43.386s][info][gc,nmethod  ] GC(49) NMethods: 3213 registered, 0 unregistered
[43.386s][info][gc,metaspace] GC(49) Metaspace: 68M used, 71M capacity, 71M committed, 72M reserved
[43.386s][info][gc,ref      ] GC(49) Soft: 4694 encountered, 0 discovered, 0 enqueued
[43.386s][info][gc,ref      ] GC(49) Weak: 4711 encountered, 3583 discovered, 14 enqueued
[43.386s][info][gc,ref      ] GC(49) Final: 27 encountered, 0 discovered, 0 enqueued
[43.386s][info][gc,ref      ] GC(49) Phantom: 650 encountered, 646 discovered, 0 enqueued
[43.386s][info][gc,heap     ] GC(49)                Mark Start          Mark End        Relocate Start      Relocate End           High               Low         
[43.386s][info][gc,heap     ] GC(49)  Capacity:     1426M (72%)        1426M (72%)        1426M (72%)        1426M (72%)        1426M (72%)        1426M (72%)    
[43.386s][info][gc,heap     ] GC(49)   Reserve:       34M (2%)           34M (2%)           34M (2%)           34M (2%)           34M (2%)           34M (2%)     
[43.386s][info][gc,heap     ] GC(49)      Free:     1352M (68%)        1082M (54%)        1416M (71%)        1434M (72%)        1434M (72%)        1082M (54%)    
[43.386s][info][gc,heap     ] GC(49)      Used:      604M (30%)         874M (44%)         540M (27%)         522M (26%)         874M (44%)         522M (26%)    
[43.386s][info][gc,heap     ] GC(49)      Live:         -               216M (11%)         216M (11%)         216M (11%)            -                  -          
[43.386s][info][gc,heap     ] GC(49) Allocated:         -               270M (14%)         270M (14%)         276M (14%)            -                  -          
[43.386s][info][gc,heap     ] GC(49)   Garbage:         -               387M (19%)          53M (3%)           31M (2%)             -                  -          
[43.386s][info][gc,heap     ] GC(49) Reclaimed:         -                  -               334M (17%)         356M (18%)            -                  -          
[43.386s][info][gc          ] GC(49) Garbage Collection (Allocation Rate) 604M(30%)->522M(26%)
[43.658s][info][gc,start    ] GC(50) Garbage Collection (Allocation Rate)
[43.664s][info][gc,phases   ] GC(50) Pause Mark Start 2.745ms
[44.074s][info][gc,phases   ] GC(50) Concurrent Mark 410.190ms
[44.077s][info][gc,phases   ] GC(50) Pause Mark End 0.475ms
[44.079s][info][gc,phases   ] GC(50) Concurrent Process Non-Strong References 1.325ms
[44.079s][info][gc,phases   ] GC(50) Concurrent Reset Relocation Set 0.003ms
[44.079s][info][gc,phases   ] GC(50) Concurrent Destroy Detached Pages 0.000ms
[44.080s][info][gc,phases   ] GC(50) Concurrent Select Relocation Set 1.523ms
[44.080s][info][gc,phases   ] GC(50) Concurrent Prepare Relocation Set 0.008ms
[44.083s][info][gc,phases   ] GC(50) Pause Relocate Start 2.327ms
[44.090s][info][gc,phases   ] GC(50) Concurrent Relocate 7.111ms
[44.090s][info][gc,load     ] GC(50) Load: 2.04/1.66/1.35
[44.090s][info][gc,mmu      ] GC(50) MMU: 2ms/0.0%, 5ms/15.8%, 10ms/47.7%, 20ms/73.8%, 50ms/89.5%, 100ms/94.4%
[44.090s][info][gc,marking  ] GC(50) Mark: 1 stripe(s), 2 proactive flush(es), 1 terminate flush(es), 0 completion(s), 0 continuation(s) 
[44.090s][info][gc,reloc    ] GC(50) Relocation: Successful, 5M relocated
[44.090s][info][gc,nmethod  ] GC(50) NMethods: 3213 registered, 0 unregistered
[44.090s][info][gc,metaspace] GC(50) Metaspace: 68M used, 71M capacity, 71M committed, 72M reserved
[44.090s][info][gc,ref      ] GC(50) Soft: 4694 encountered, 0 discovered, 0 enqueued
[44.090s][info][gc,ref      ] GC(50) Weak: 4697 encountered, 3569 discovered, 0 enqueued
[44.090s][info][gc,ref      ] GC(50) Final: 27 encountered, 0 discovered, 0 enqueued
[44.090s][info][gc,ref      ] GC(50) Phantom: 650 encountered, 646 discovered, 0 enqueued
[44.090s][info][gc,heap     ] GC(50)                Mark Start          Mark End        Relocate Start      Relocate End           High               Low         
[44.090s][info][gc,heap     ] GC(50)  Capacity:     1426M (72%)        1426M (72%)        1426M (72%)        1426M (72%)        1426M (72%)        1426M (72%)    
[44.090s][info][gc,heap     ] GC(50)   Reserve:       34M (2%)           34M (2%)           34M (2%)           34M (2%)           34M (2%)           34M (2%)     
[44.090s][info][gc,heap     ] GC(50)      Free:     1078M (54%)         814M (41%)        1438M (72%)        1434M (72%)        1438M (72%)         814M (41%)    
[44.090s][info][gc,heap     ] GC(50)      Used:      878M (44%)        1142M (57%)         518M (26%)         522M (26%)        1142M (57%)         518M (26%)    
[44.090s][info][gc,heap     ] GC(50)      Live:         -               216M (11%)         216M (11%)         216M (11%)            -                  -          
[44.090s][info][gc,heap     ] GC(50) Allocated:         -               264M (13%)         264M (13%)         276M (14%)            -                  -          
[44.090s][info][gc,heap     ] GC(50)   Garbage:         -               661M (33%)          37M (2%)           33M (2%)             -                  -          
[44.090s][info][gc,heap     ] GC(50) Reclaimed:         -                  -               624M (31%)         628M (32%)            -                  -          
[44.090s][info][gc          ] GC(50) Garbage Collection (Allocation Rate) 878M(44%)->522M(26%)
[44.358s][info][gc,start    ] GC(51) Garbage Collection (Allocation Rate)
[44.364s][info][gc,phases   ] GC(51) Pause Mark Start 2.766ms
[44.776s][info][gc,phases   ] GC(51) Concurrent Mark 411.684ms
[44.779s][info][gc,phases   ] GC(51) Pause Mark End 0.483ms
[44.781s][info][gc,phases   ] GC(51) Concurrent Process Non-Strong References 1.295ms
[44.781s][info][gc,phases   ] GC(51) Concurrent Reset Relocation Set 0.002ms
[44.781s][info][gc,phases   ] GC(51) Concurrent Destroy Detached Pages 0.000ms
[44.782s][info][gc,phases   ] GC(51) Concurrent Select Relocation Set 1.544ms
[44.782s][info][gc,phases   ] GC(51) Concurrent Prepare Relocation Set 0.008ms
[44.785s][info][gc,phases   ] GC(51) Pause Relocate Start 2.237ms
[44.788s][info][gc,phases   ] GC(51) Concurrent Relocate 3.388ms
[44.788s][info][gc,load     ] GC(51) Load: 2.04/1.66/1.35
[44.788s][info][gc,mmu      ] GC(51) MMU: 2ms/0.0%, 5ms/15.8%, 10ms/47.7%, 20ms/73.8%, 50ms/89.5%, 100ms/94.4%
[44.788s][info][gc,marking  ] GC(51) Mark: 1 stripe(s), 2 proactive flush(es), 1 terminate flush(es), 0 completion(s), 0 continuation(s) 
[44.788s][info][gc,reloc    ] GC(51) Relocation: Successful, 5M relocated
[44.788s][info][gc,nmethod  ] GC(51) NMethods: 3213 registered, 0 unregistered
[44.788s][info][gc,metaspace] GC(51) Metaspace: 68M used, 71M capacity, 71M committed, 72M reserved
[44.788s][info][gc,ref      ] GC(51) Soft: 4694 encountered, 0 discovered, 0 enqueued
[44.788s][info][gc,ref      ] GC(51) Weak: 4697 encountered, 3569 discovered, 0 enqueued
[44.788s][info][gc,ref      ] GC(51) Final: 27 encountered, 0 discovered, 0 enqueued
[44.788s][info][gc,ref      ] GC(51) Phantom: 650 encountered, 646 discovered, 0 enqueued
[44.788s][info][gc,heap     ] GC(51)                Mark Start          Mark End        Relocate Start      Relocate End           High               Low         
[44.788s][info][gc,heap     ] GC(51)  Capacity:     1426M (72%)        1426M (72%)        1426M (72%)        1426M (72%)        1426M (72%)        1426M (72%)    
[44.788s][info][gc,heap     ] GC(51)   Reserve:       34M (2%)           34M (2%)           34M (2%)           34M (2%)           34M (2%)           34M (2%)     
[44.788s][info][gc,heap     ] GC(51)      Free:     1084M (54%)         824M (41%)        1438M (72%)        1444M (73%)        1444M (73%)         824M (41%)    
[44.788s][info][gc,heap     ] GC(51)      Used:      872M (44%)        1132M (57%)         518M (26%)         512M (26%)        1132M (57%)         512M (26%)    
[44.788s][info][gc,heap     ] GC(51)      Live:         -               216M (11%)         216M (11%)         216M (11%)            -                  -          
[44.788s][info][gc,heap     ] GC(51) Allocated:         -               260M (13%)         260M (13%)         266M (13%)            -                  -          
[44.788s][info][gc,heap     ] GC(51)   Garbage:         -               655M (33%)          41M (2%)           33M (2%)             -                  -          
[44.788s][info][gc,heap     ] GC(51) Reclaimed:         -                  -               614M (31%)         622M (31%)            -                  -          
[44.788s][info][gc          ] GC(51) Garbage Collection (Allocation Rate) 872M(44%)->512M(26%)
[44.938s][info][gc,start    ] GC(52) Garbage Collection (System.gc())
[44.941s][info][gc,phases   ] GC(52) Pause Mark Start 2.736ms
[45.169s][info][gc,phases   ] GC(52) Concurrent Mark 228.016ms
[45.170s][info][gc,phases   ] GC(52) Pause Mark End 0.443ms
[45.171s][info][gc,phases   ] GC(52) Concurrent Process Non-Strong References 1.285ms
[45.171s][info][gc,phases   ] GC(52) Concurrent Reset Relocation Set 0.002ms
[45.171s][info][gc,phases   ] GC(52) Concurrent Destroy Detached Pages 0.000ms
[45.173s][info][gc,phases   ] GC(52) Concurrent Select Relocation Set 1.522ms
[45.173s][info][gc,phases   ] GC(52) Concurrent Prepare Relocation Set 0.009ms
[45.175s][info][gc,phases   ] GC(52) Pause Relocate Start 2.212ms
[45.177s][info][gc,phases   ] GC(52) Concurrent Relocate 1.782ms
[45.177s][info][gc,load     ] GC(52) Load: 2.04/1.66/1.35
[45.177s][info][gc,mmu      ] GC(52) MMU: 2ms/0.0%, 5ms/15.8%, 10ms/47.7%, 20ms/73.8%, 50ms/89.5%, 100ms/94.4%
[45.177s][info][gc,marking  ] GC(52) Mark: 1 stripe(s), 2 proactive flush(es), 1 terminate flush(es), 0 completion(s), 0 continuation(s) 
[45.177s][info][gc,reloc    ] GC(52) Relocation: Successful, 5M relocated
[45.177s][info][gc,nmethod  ] GC(52) NMethods: 3241 registered, 0 unregistered
[45.177s][info][gc,metaspace] GC(52) Metaspace: 68M used, 71M capacity, 71M committed, 72M reserved
[45.177s][info][gc,ref      ] GC(52) Soft: 4694 encountered, 0 discovered, 0 enqueued
[45.177s][info][gc,ref      ] GC(52) Weak: 4755 encountered, 3684 discovered, 118 enqueued
[45.177s][info][gc,ref      ] GC(52) Final: 27 encountered, 0 discovered, 0 enqueued
[45.177s][info][gc,ref      ] GC(52) Phantom: 650 encountered, 646 discovered, 0 enqueued
[45.177s][info][gc,heap     ] GC(52)                Mark Start          Mark End        Relocate Start      Relocate End           High               Low         
[45.177s][info][gc,heap     ] GC(52)  Capacity:     1426M (72%)        1426M (72%)        1426M (72%)        1426M (72%)        1426M (72%)        1426M (72%)    
[45.177s][info][gc,heap     ] GC(52)   Reserve:       34M (2%)           34M (2%)           34M (2%)           34M (2%)           34M (2%)           34M (2%)     
[45.177s][info][gc,heap     ] GC(52)      Free:     1300M (65%)        1298M (65%)        1700M (85%)        1706M (86%)        1706M (86%)        1298M (65%)    
[45.177s][info][gc,heap     ] GC(52)      Used:      656M (33%)         658M (33%)         256M (13%)         250M (13%)         658M (33%)         250M (13%)    
[45.177s][info][gc,heap     ] GC(52)      Live:         -               216M (11%)         216M (11%)         216M (11%)            -                  -          
[45.177s][info][gc,heap     ] GC(52) Allocated:         -                 2M (0%)            2M (0%)            4M (0%)             -                  -          
[45.177s][info][gc,heap     ] GC(52)   Garbage:         -               439M (22%)          37M (2%)           31M (2%)             -                  -          
[45.177s][info][gc,heap     ] GC(52) Reclaimed:         -                  -               402M (20%)         408M (21%)            -                  -          
[45.177s][info][gc          ] GC(52) Garbage Collection (System.gc()) 656M(33%)->250M(13%)
[45.759s][info][gc,start    ] GC(53) Garbage Collection (Allocation Rate)
[45.765s][info][gc,phases   ] GC(53) Pause Mark Start 2.842ms
[46.169s][info][gc,phases   ] GC(53) Concurrent Mark 403.408ms
[46.172s][info][gc,phases   ] GC(53) Pause Mark End 0.499ms
[46.174s][info][gc,phases   ] GC(53) Concurrent Process Non-Strong References 1.358ms
[46.175s][info][gc,phases   ] GC(53) Concurrent Reset Relocation Set 0.003ms
[46.175s][info][gc,phases   ] GC(53) Concurrent Destroy Detached Pages 0.000ms
[46.176s][info][gc,phases   ] GC(53) Concurrent Select Relocation Set 1.521ms
[46.176s][info][gc,phases   ] GC(53) Concurrent Prepare Relocation Set 0.013ms
[46.180s][info][gc,phases   ] GC(53) Pause Relocate Start 2.402ms
[46.186s][info][gc,phases   ] GC(53) Concurrent Relocate 6.055ms
[46.186s][info][gc,load     ] GC(53) Load: 2.43/1.75/1.38
[46.186s][info][gc,mmu      ] GC(53) MMU: 2ms/0.0%, 5ms/15.8%, 10ms/47.7%, 20ms/73.8%, 50ms/89.5%, 100ms/94.4%
[46.186s][info][gc,marking  ] GC(53) Mark: 1 stripe(s), 2 proactive flush(es), 1 terminate flush(es), 0 completion(s), 0 continuation(s) 
[46.186s][info][gc,reloc    ] GC(53) Relocation: Successful, 5M relocated
[46.187s][info][gc,nmethod  ] GC(53) NMethods: 3299 registered, 0 unregistered
[46.187s][info][gc,metaspace] GC(53) Metaspace: 68M used, 71M capacity, 72M committed, 74M reserved
[46.187s][info][gc,ref      ] GC(53) Soft: 4695 encountered, 0 discovered, 0 enqueued
[46.187s][info][gc,ref      ] GC(53) Weak: 4823 encountered, 3678 discovered, 73 enqueued
[46.187s][info][gc,ref      ] GC(53) Final: 27 encountered, 0 discovered, 0 enqueued
[46.187s][info][gc,ref      ] GC(53) Phantom: 650 encountered, 646 discovered, 0 enqueued
[46.187s][info][gc,heap     ] GC(53)                Mark Start          Mark End        Relocate Start      Relocate End           High               Low         
[46.187s][info][gc,heap     ] GC(53)  Capacity:     1426M (72%)        1426M (72%)        1426M (72%)        1426M (72%)        1426M (72%)        1426M (72%)    
[46.187s][info][gc,heap     ] GC(53)   Reserve:       34M (2%)           34M (2%)           34M (2%)           34M (2%)           34M (2%)           34M (2%)     
[46.187s][info][gc,heap     ] GC(53)      Free:     1060M (53%)         804M (40%)        1420M (71%)        1444M (73%)        1444M (73%)         802M (40%)    
[46.187s][info][gc,heap     ] GC(53)      Used:      896M (45%)        1152M (58%)         536M (27%)         512M (26%)        1154M (58%)         512M (26%)    
[46.187s][info][gc,heap     ] GC(53)      Live:         -               216M (11%)         216M (11%)         216M (11%)            -                  -          
[46.187s][info][gc,heap     ] GC(53) Allocated:         -               256M (13%)         258M (13%)         266M (13%)            -                  -          
[46.187s][info][gc,heap     ] GC(53)   Garbage:         -               679M (34%)          61M (3%)           31M (2%)             -                  -          
[46.187s][info][gc,heap     ] GC(53) Reclaimed:         -                  -               618M (31%)         648M (33%)            -                  -          
[46.187s][info][gc          ] GC(53) Garbage Collection (Allocation Rate) 896M(45%)->512M(26%)
[46.258s][info][gc,start    ] GC(54) Garbage Collection (Allocation Rate)
[46.264s][info][gc,phases   ] GC(54) Pause Mark Start 2.806ms
[46.682s][info][gc,phases   ] GC(54) Concurrent Mark 418.223ms
[46.685s][info][gc,phases   ] GC(54) Pause Mark End 0.519ms
[46.687s][info][gc,phases   ] GC(54) Concurrent Process Non-Strong References 1.375ms
[46.687s][info][gc,phases   ] GC(54) Concurrent Reset Relocation Set 0.004ms
[46.687s][info][gc,phases   ] GC(54) Concurrent Destroy Detached Pages 0.000ms
[46.688s][info][gc,phases   ] GC(54) Concurrent Select Relocation Set 1.510ms
[46.688s][info][gc,phases   ] GC(54) Concurrent Prepare Relocation Set 0.010ms
[46.691s][info][gc,phases   ] GC(54) Pause Relocate Start 2.373ms
[46.698s][info][gc,phases   ] GC(54) Concurrent Relocate 6.925ms
[46.698s][info][gc,load     ] GC(54) Load: 2.43/1.75/1.38
[46.698s][info][gc,mmu      ] GC(54) MMU: 2ms/0.0%, 5ms/15.8%, 10ms/47.7%, 20ms/73.8%, 50ms/89.5%, 100ms/94.3%
[46.698s][info][gc,marking  ] GC(54) Mark: 1 stripe(s), 2 proactive flush(es), 1 terminate flush(es), 0 completion(s), 0 continuation(s) 
[46.698s][info][gc,reloc    ] GC(54) Relocation: Successful, 5M relocated
[46.698s][info][gc,nmethod  ] GC(54) NMethods: 3299 registered, 0 unregistered
[46.698s][info][gc,metaspace] GC(54) Metaspace: 68M used, 71M capacity, 72M committed, 74M reserved
[46.698s][info][gc,ref      ] GC(54) Soft: 4695 encountered, 0 discovered, 0 enqueued
[46.698s][info][gc,ref      ] GC(54) Weak: 4757 encountered, 3625 discovered, 19 enqueued
[46.698s][info][gc,ref      ] GC(54) Final: 27 encountered, 0 discovered, 0 enqueued
[46.698s][info][gc,ref      ] GC(54) Phantom: 650 encountered, 646 discovered, 0 enqueued
[46.698s][info][gc,heap     ] GC(54)                Mark Start          Mark End        Relocate Start      Relocate End           High               Low         
[46.698s][info][gc,heap     ] GC(54)  Capacity:     1426M (72%)        1426M (72%)        1426M (72%)        1426M (72%)        1426M (72%)        1426M (72%)    
[46.698s][info][gc,heap     ] GC(54)   Reserve:       34M (2%)           34M (2%)           34M (2%)           34M (2%)           34M (2%)           34M (2%)     
[46.698s][info][gc,heap     ] GC(54)      Free:     1352M (68%)        1082M (54%)        1420M (71%)        1430M (72%)        1430M (72%)        1082M (54%)    
[46.698s][info][gc,heap     ] GC(54)      Used:      604M (30%)         874M (44%)         536M (27%)         526M (26%)         874M (44%)         526M (26%)    
[46.698s][info][gc,heap     ] GC(54)      Live:         -               216M (11%)         216M (11%)         216M (11%)            -                  -          
[46.698s][info][gc,heap     ] GC(54) Allocated:         -               270M (14%)         270M (14%)         280M (14%)            -                  -          
[46.698s][info][gc,heap     ] GC(54)   Garbage:         -               387M (19%)          49M (2%)           31M (2%)             -                  -          
[46.698s][info][gc,heap     ] GC(54) Reclaimed:         -                  -               338M (17%)         356M (18%)            -                  -          
[46.698s][info][gc          ] GC(54) Garbage Collection (Allocation Rate) 604M(30%)->526M(26%)
[46.958s][info][gc,start    ] GC(55) Garbage Collection (Allocation Rate)
[46.964s][info][gc,phases   ] GC(55) Pause Mark Start 2.855ms
[47.381s][info][gc,phases   ] GC(55) Concurrent Mark 417.117ms
[47.385s][info][gc,phases   ] GC(55) Pause Mark End 0.509ms
[47.386s][info][gc,phases   ] GC(55) Concurrent Process Non-Strong References 1.527ms
[47.386s][info][gc,phases   ] GC(55) Concurrent Reset Relocation Set 0.004ms
[47.386s][info][gc,phases   ] GC(55) Concurrent Destroy Detached Pages 0.001ms
[47.388s][info][gc,phases   ] GC(55) Concurrent Select Relocation Set 1.513ms
[47.388s][info][gc,phases   ] GC(55) Concurrent Prepare Relocation Set 0.007ms
[47.390s][info][gc,phases   ] GC(55) Pause Relocate Start 2.362ms
[47.394s][info][gc,phases   ] GC(55) Concurrent Relocate 3.804ms
[47.394s][info][gc,load     ] GC(55) Load: 2.43/1.75/1.38
[47.394s][info][gc,mmu      ] GC(55) MMU: 2ms/0.0%, 5ms/15.8%, 10ms/47.7%, 20ms/73.8%, 50ms/89.5%, 100ms/94.3%
[47.394s][info][gc,marking  ] GC(55) Mark: 1 stripe(s), 2 proactive flush(es), 1 terminate flush(es), 0 completion(s), 0 continuation(s) 
[47.394s][info][gc,reloc    ] GC(55) Relocation: Successful, 5M relocated
[47.394s][info][gc,nmethod  ] GC(55) NMethods: 3299 registered, 0 unregistered
[47.394s][info][gc,metaspace] GC(55) Metaspace: 68M used, 71M capacity, 72M committed, 74M reserved
[47.394s][info][gc,ref      ] GC(55) Soft: 4695 encountered, 0 discovered, 0 enqueued
[47.394s][info][gc,ref      ] GC(55) Weak: 4738 encountered, 3606 discovered, 0 enqueued
[47.394s][info][gc,ref      ] GC(55) Final: 27 encountered, 0 discovered, 0 enqueued
[47.394s][info][gc,ref      ] GC(55) Phantom: 650 encountered, 646 discovered, 0 enqueued
[47.394s][info][gc,heap     ] GC(55)                Mark Start          Mark End        Relocate Start      Relocate End           High               Low         
[47.394s][info][gc,heap     ] GC(55)  Capacity:     1426M (72%)        1426M (72%)        1426M (72%)        1426M (72%)        1426M (72%)        1426M (72%)    
[47.394s][info][gc,heap     ] GC(55)   Reserve:       34M (2%)           34M (2%)           34M (2%)           34M (2%)           34M (2%)           34M (2%)     
[47.394s][info][gc,heap     ] GC(55)      Free:     1090M (55%)         814M (41%)        1424M (72%)        1428M (72%)        1428M (72%)         814M (41%)    
[47.394s][info][gc,heap     ] GC(55)      Used:      866M (44%)        1142M (57%)         532M (27%)         528M (27%)        1142M (57%)         528M (27%)    
[47.394s][info][gc,heap     ] GC(55)      Live:         -               216M (11%)         216M (11%)         216M (11%)            -                  -          
[47.394s][info][gc,heap     ] GC(55) Allocated:         -               276M (14%)         276M (14%)         282M (14%)            -                  -          
[47.394s][info][gc,heap     ] GC(55)   Garbage:         -               649M (33%)          39M (2%)           31M (2%)             -                  -          
[47.394s][info][gc,heap     ] GC(55) Reclaimed:         -                  -               610M (31%)         618M (31%)            -                  -          
[47.394s][info][gc          ] GC(55) Garbage Collection (Allocation Rate) 866M(44%)->528M(27%)
[47.659s][info][gc,start    ] GC(56) Garbage Collection (Allocation Rate)
[47.665s][info][gc,phases   ] GC(56) Pause Mark Start 2.904ms
[48.085s][info][gc,phases   ] GC(56) Concurrent Mark 419.742ms
[48.088s][info][gc,phases   ] GC(56) Pause Mark End 0.507ms
[48.090s][info][gc,phases   ] GC(56) Concurrent Process Non-Strong References 1.364ms
[48.090s][info][gc,phases   ] GC(56) Concurrent Reset Relocation Set 0.002ms
[48.090s][info][gc,phases   ] GC(56) Concurrent Destroy Detached Pages 0.000ms
[48.091s][info][gc,phases   ] GC(56) Concurrent Select Relocation Set 1.515ms
[48.091s][info][gc,phases   ] GC(56) Concurrent Prepare Relocation Set 0.008ms
[48.094s][info][gc,phases   ] GC(56) Pause Relocate Start 2.352ms
[48.098s][info][gc,phases   ] GC(56) Concurrent Relocate 4.072ms
[48.098s][info][gc,load     ] GC(56) Load: 2.43/1.75/1.38
[48.098s][info][gc,mmu      ] GC(56) MMU: 2ms/0.0%, 5ms/15.8%, 10ms/47.7%, 20ms/73.8%, 50ms/89.5%, 100ms/94.3%
[48.098s][info][gc,marking  ] GC(56) Mark: 1 stripe(s), 2 proactive flush(es), 1 terminate flush(es), 0 completion(s), 0 continuation(s) 
[48.098s][info][gc,reloc    ] GC(56) Relocation: Successful, 5M relocated
[48.098s][info][gc,nmethod  ] GC(56) NMethods: 3299 registered, 0 unregistered
[48.098s][info][gc,metaspace] GC(56) Metaspace: 68M used, 71M capacity, 72M committed, 74M reserved
[48.098s][info][gc,ref      ] GC(56) Soft: 4695 encountered, 0 discovered, 0 enqueued
[48.098s][info][gc,ref      ] GC(56) Weak: 4738 encountered, 3606 discovered, 0 enqueued
[48.098s][info][gc,ref      ] GC(56) Final: 27 encountered, 0 discovered, 0 enqueued
[48.098s][info][gc,ref      ] GC(56) Phantom: 650 encountered, 646 discovered, 0 enqueued
[48.098s][info][gc,heap     ] GC(56)                Mark Start          Mark End        Relocate Start      Relocate End           High               Low         
[48.098s][info][gc,heap     ] GC(56)  Capacity:     1426M (72%)        1426M (72%)        1426M (72%)        1426M (72%)        1426M (72%)        1426M (72%)    
[48.098s][info][gc,heap     ] GC(56)   Reserve:       34M (2%)           34M (2%)           34M (2%)           34M (2%)           34M (2%)           34M (2%)     
[48.098s][info][gc,heap     ] GC(56)      Free:     1080M (54%)         810M (41%)        1430M (72%)        1434M (72%)        1434M (72%)         810M (41%)    
[48.098s][info][gc,heap     ] GC(56)      Used:      876M (44%)        1146M (58%)         526M (26%)         522M (26%)        1146M (58%)         522M (26%)    
[48.098s][info][gc,heap     ] GC(56)      Live:         -               216M (11%)         216M (11%)         216M (11%)            -                  -          
[48.098s][info][gc,heap     ] GC(56) Allocated:         -               270M (14%)         270M (14%)         276M (14%)            -                  -          
[48.098s][info][gc,heap     ] GC(56)   Garbage:         -               659M (33%)          39M (2%)           31M (2%)             -                  -          
[48.098s][info][gc,heap     ] GC(56) Reclaimed:         -                  -               620M (31%)         628M (32%)            -                  -          
[48.098s][info][gc          ] GC(56) Garbage Collection (Allocation Rate) 876M(44%)->522M(26%)
[48.357s][info][gc,start    ] GC(57) Garbage Collection (System.gc())
[48.361s][info][gc,phases   ] GC(57) Pause Mark Start 2.823ms
[48.739s][info][gc,phases   ] GC(57) Concurrent Mark 378.580ms
[48.740s][info][gc,phases   ] GC(57) Pause Mark End 0.482ms
[48.742s][info][gc,phases   ] GC(57) Concurrent Process Non-Strong References 1.368ms
[48.742s][info][gc,phases   ] GC(57) Concurrent Reset Relocation Set 0.002ms
[48.742s][info][gc,phases   ] GC(57) Concurrent Destroy Detached Pages 0.000ms
[48.744s][info][gc,phases   ] GC(57) Concurrent Select Relocation Set 1.520ms
[48.744s][info][gc,phases   ] GC(57) Concurrent Prepare Relocation Set 0.008ms
[48.750s][info][gc,phases   ] GC(57) Pause Relocate Start 2.433ms
[48.753s][info][gc,phases   ] GC(57) Concurrent Relocate 3.094ms
[48.753s][info][gc,load     ] GC(57) Load: 2.43/1.75/1.38
[48.753s][info][gc,mmu      ] GC(57) MMU: 2ms/0.0%, 5ms/15.8%, 10ms/47.7%, 20ms/73.8%, 50ms/89.5%, 100ms/94.3%
[48.753s][info][gc,marking  ] GC(57) Mark: 1 stripe(s), 2 proactive flush(es), 1 terminate flush(es), 0 completion(s), 0 continuation(s) 
[48.753s][info][gc,reloc    ] GC(57) Relocation: Successful, 5M relocated
[48.753s][info][gc,nmethod  ] GC(57) NMethods: 3360 registered, 0 unregistered
[48.753s][info][gc,metaspace] GC(57) Metaspace: 68M used, 71M capacity, 72M committed, 74M reserved
[48.753s][info][gc,ref      ] GC(57) Soft: 4694 encountered, 0 discovered, 0 enqueued
[48.753s][info][gc,ref      ] GC(57) Weak: 4808 encountered, 3727 discovered, 118 enqueued
[48.753s][info][gc,ref      ] GC(57) Final: 27 encountered, 0 discovered, 0 enqueued
[48.753s][info][gc,ref      ] GC(57) Phantom: 650 encountered, 646 discovered, 0 enqueued
[48.753s][info][gc,heap     ] GC(57)                Mark Start          Mark End        Relocate Start      Relocate End           High               Low         
[48.753s][info][gc,heap     ] GC(57)  Capacity:     1426M (72%)        1426M (72%)        1426M (72%)        1426M (72%)        1426M (72%)        1426M (72%)    
[48.753s][info][gc,heap     ] GC(57)   Reserve:       34M (2%)           34M (2%)           34M (2%)           34M (2%)           34M (2%)           34M (2%)     
[48.753s][info][gc,heap     ] GC(57)      Free:     1140M (57%)        1138M (57%)        1698M (85%)        1704M (86%)        1704M (86%)        1138M (57%)    
[48.753s][info][gc,heap     ] GC(57)      Used:      816M (41%)         818M (41%)         258M (13%)         252M (13%)         818M (41%)         252M (13%)    
[48.753s][info][gc,heap     ] GC(57)      Live:         -               216M (11%)         216M (11%)         216M (11%)            -                  -          
[48.753s][info][gc,heap     ] GC(57) Allocated:         -                 2M (0%)            2M (0%)            6M (0%)             -                  -          
[48.753s][info][gc,heap     ] GC(57)   Garbage:         -               599M (30%)          39M (2%)           31M (2%)             -                  -          
[48.753s][info][gc,heap     ] GC(57) Reclaimed:         -                  -               560M (28%)         568M (29%)            -                  -          
[48.753s][info][gc          ] GC(57) Garbage Collection (System.gc()) 816M(41%)->252M(13%)
[49.459s][info][gc,start    ] GC(58) Garbage Collection (Allocation Rate)
[49.465s][info][gc,phases   ] GC(58) Pause Mark Start 2.847ms
[49.874s][info][gc,phases   ] GC(58) Concurrent Mark 409.232ms
[49.878s][info][gc,phases   ] GC(58) Pause Mark End 0.525ms
[49.879s][info][gc,phases   ] GC(58) Concurrent Process Non-Strong References 1.363ms
[49.879s][info][gc,phases   ] GC(58) Concurrent Reset Relocation Set 0.002ms
[49.879s][info][gc,phases   ] GC(58) Concurrent Destroy Detached Pages 0.000ms
[49.880s][info][gc,phases   ] GC(58) Concurrent Select Relocation Set 1.518ms
[49.880s][info][gc,phases   ] GC(58) Concurrent Prepare Relocation Set 0.011ms
[49.883s][info][gc,phases   ] GC(58) Pause Relocate Start 2.427ms
[49.891s][info][gc,phases   ] GC(58) Concurrent Relocate 4.473ms
[49.891s][info][gc,load     ] GC(58) Load: 2.43/1.75/1.38
[49.891s][info][gc,mmu      ] GC(58) MMU: 2ms/0.0%, 5ms/15.8%, 10ms/47.7%, 20ms/73.8%, 50ms/89.5%, 100ms/94.3%
[49.891s][info][gc,marking  ] GC(58) Mark: 1 stripe(s), 2 proactive flush(es), 1 terminate flush(es), 0 completion(s), 0 continuation(s) 
[49.891s][info][gc,reloc    ] GC(58) Relocation: Successful, 5M relocated
[49.891s][info][gc,nmethod  ] GC(58) NMethods: 3413 registered, 0 unregistered
[49.891s][info][gc,metaspace] GC(58) Metaspace: 68M used, 71M capacity, 72M committed, 74M reserved
[49.891s][info][gc,ref      ] GC(58) Soft: 4695 encountered, 0 discovered, 0 enqueued
[49.891s][info][gc,ref      ] GC(58) Weak: 4835 encountered, 3698 discovered, 73 enqueued
[49.891s][info][gc,ref      ] GC(58) Final: 27 encountered, 0 discovered, 0 enqueued
[49.891s][info][gc,ref      ] GC(58) Phantom: 650 encountered, 646 discovered, 0 enqueued
[49.891s][info][gc,heap     ] GC(58)                Mark Start          Mark End        Relocate Start      Relocate End           High               Low         
[49.891s][info][gc,heap     ] GC(58)  Capacity:     1426M (72%)        1426M (72%)        1426M (72%)        1426M (72%)        1426M (72%)        1426M (72%)    
[49.891s][info][gc,heap     ] GC(58)   Reserve:       34M (2%)           34M (2%)           34M (2%)           34M (2%)           34M (2%)           34M (2%)     
[49.891s][info][gc,heap     ] GC(58)      Free:      886M (45%)         618M (31%)        1414M (71%)        1434M (72%)        1434M (72%)         618M (31%)    
[49.891s][info][gc,heap     ] GC(58)      Used:     1070M (54%)        1338M (67%)         542M (27%)         522M (26%)        1338M (67%)         522M (26%)    
[49.891s][info][gc,heap     ] GC(58)      Live:         -               216M (11%)         216M (11%)         216M (11%)            -                  -          
[49.891s][info][gc,heap     ] GC(58) Allocated:         -               268M (13%)         268M (13%)         276M (14%)            -                  -          
[49.891s][info][gc,heap     ] GC(58)   Garbage:         -               853M (43%)          57M (3%)           33M (2%)             -                  -          
[49.891s][info][gc,heap     ] GC(58) Reclaimed:         -                  -               796M (40%)         820M (41%)            -                  -          
[49.891s][info][gc          ] GC(58) Garbage Collection (Allocation Rate) 1070M(54%)->522M(26%)
[49.958s][info][gc,start    ] GC(59) Garbage Collection (Allocation Rate)
[49.964s][info][gc,phases   ] GC(59) Pause Mark Start 2.966ms
[50.058s][info][gc,stats    ] === Garbage Collection Statistics =======================================================================================================================
[50.058s][info][gc,stats    ]                                                              Last 10s              Last 10m              Last 10h                Total
[50.058s][info][gc,stats    ]                                                              Avg / Max             Avg / Max             Avg / Max             Avg / Max
[50.058s][info][gc,stats    ]   Collector: Garbage Collection Cycle                    397.120 / 444.150     444.019 / 1654.489    444.019 / 1654.489    444.019 / 1654.489    ms
[50.058s][info][gc,stats    ]  Contention: Mark Segment Reset Contention                     0 / 0                 0 / 0                 0 / 0                 0 / 0           ops/s
[50.058s][info][gc,stats    ]  Contention: Mark SeqNum Reset Contention                      0 / 0                 0 / 0                 0 / 0                 0 / 0           ops/s
[50.058s][info][gc,stats    ]  Contention: Relocation Contention                             0 / 0                 0 / 0                 0 / 0                 0 / 0           ops/s
[50.058s][info][gc,stats    ]    Critical: Allocation Stall                              0.000 / 0.000         0.000 / 0.000         0.000 / 0.000         0.000 / 0.000       ms
[50.058s][info][gc,stats    ]    Critical: Allocation Stall                                  0 / 0                 0 / 0                 0 / 0                 0 / 0           ops/s
[50.058s][info][gc,stats    ]    Critical: GC Locker Stall                               0.000 / 0.000         0.000 / 0.000         0.000 / 0.000         0.000 / 0.000       ms
[50.058s][info][gc,stats    ]    Critical: GC Locker Stall                                   0 / 0                 0 / 0                 0 / 0                 0 / 0           ops/s
[50.058s][info][gc,stats    ]      Memory: Allocation Rate                                 792 / 938             605 / 1094            605 / 1094            605 / 1094        MB/s
[50.058s][info][gc,stats    ]      Memory: Heap Used After Mark                            998 / 1338            929 / 1364            929 / 1364            929 / 1364        MB
[50.058s][info][gc,stats    ]      Memory: Heap Used After Relocation                      450 / 528             451 / 896             451 / 896             451 / 896         MB
[50.058s][info][gc,stats    ]      Memory: Heap Used Before Mark                           784 / 1070            728 / 1138            728 / 1138            728 / 1138        MB
[50.058s][info][gc,stats    ]      Memory: Heap Used Before Relocation                     459 / 542             494 / 1078            494 / 1078            494 / 1078        MB
[50.058s][info][gc,stats    ]      Memory: Out Of Memory                                     0 / 0                 0 / 0                 0 / 0                 0 / 0           ops/s
[50.058s][info][gc,stats    ]      Memory: Page Cache Flush                                  0 / 0                 0 / 0                 0 / 0                 0 / 0           MB/s
[50.058s][info][gc,stats    ]      Memory: Page Cache Hit L1                               391 / 470             288 / 505             288 / 505             288 / 505         ops/s
[50.058s][info][gc,stats    ]      Memory: Page Cache Hit L2                                 0 / 0                 0 / 0                 0 / 0                 0 / 0           ops/s
[50.058s][info][gc,stats    ]      Memory: Page Cache Miss                                   0 / 0                12 / 179              12 / 179              12 / 179         ops/s
[50.058s][info][gc,stats    ]      Memory: Undo Object Allocation Failed                     0 / 0                 0 / 0                 0 / 0                 0 / 0           ops/s
[50.058s][info][gc,stats    ]      Memory: Undo Object Allocation Succeeded                  0 / 0                 0 / 0                 0 / 0                 0 / 0           ops/s
[50.058s][info][gc,stats    ]      Memory: Undo Page Allocation                              0 / 0                 0 / 2                 0 / 2                 0 / 2           ops/s
[50.058s][info][gc,stats    ]       Phase: Concurrent Destroy Detached Pages             0.000 / 0.001         0.000 / 0.001         0.000 / 0.001         0.000 / 0.001       ms
[50.058s][info][gc,stats    ]       Phase: Concurrent Mark                             378.590 / 423.379     389.598 / 1086.337    389.598 / 1086.337    389.598 / 1086.337    ms
[50.058s][info][gc,stats    ]       Phase: Concurrent Mark Continue                      0.000 / 0.000         0.000 / 0.000         0.000 / 0.000         0.000 / 0.000       ms
[50.058s][info][gc,stats    ]       Phase: Concurrent Prepare Relocation Set             0.009 / 0.013         1.553 / 32.152        1.553 / 32.152        1.553 / 32.152      ms
[50.058s][info][gc,stats    ]       Phase: Concurrent Process Non-Strong References      1.349 / 1.527         1.401 / 4.567         1.401 / 4.567         1.401 / 4.567       ms
[50.058s][info][gc,stats    ]       Phase: Concurrent Relocate                           4.163 / 7.111        39.049 / 507.417      39.049 / 507.417      39.049 / 507.417     ms
[50.058s][info][gc,stats    ]       Phase: Concurrent Reset Relocation Set               0.002 / 0.004         0.087 / 1.225         0.087 / 1.225         0.087 / 1.225       ms
[50.058s][info][gc,stats    ]       Phase: Concurrent Select Relocation Set              1.578 / 2.313         1.835 / 5.526         1.835 / 5.526         1.835 / 5.526       ms
[50.058s][info][gc,stats    ]       Phase: Pause Mark End                                0.472 / 0.525         0.325 / 0.525         0.325 / 0.525         0.325 / 0.525       ms
[50.058s][info][gc,stats    ]       Phase: Pause Mark Start                              2.785 / 2.966         2.324 / 2.966         2.324 / 2.966         2.324 / 2.966       ms
[50.058s][info][gc,stats    ]       Phase: Pause Relocate Start                          2.307 / 2.433         2.014 / 4.198         2.014 / 4.198         2.014 / 4.198       ms
[50.058s][info][gc,stats    ]    Subphase: Concurrent Mark                             378.570 / 423.358     389.508 / 1086.317    389.508 / 1086.317    389.508 / 1086.317    ms
[50.058s][info][gc,stats    ]    Subphase: Concurrent Mark Idle                          0.000 / 0.000         0.000 / 0.000         0.000 / 0.000         0.000 / 0.000       ms
[50.058s][info][gc,stats    ]    Subphase: Concurrent Mark Try Flush                     0.844 / 4.634         1.031 / 7.435         1.031 / 7.435         1.031 / 7.435       ms
[50.058s][info][gc,stats    ]    Subphase: Concurrent Mark Try Terminate                 0.363 / 1.012         0.391 / 2.001         0.391 / 2.001         0.391 / 2.001       ms
[50.058s][info][gc,stats    ]    Subphase: Concurrent References Enqueue                 0.001 / 0.003         0.001 / 0.003         0.001 / 0.003         0.001 / 0.003       ms
[50.058s][info][gc,stats    ]    Subphase: Concurrent References Process                 0.618 / 0.817         0.622 / 3.927         0.622 / 3.927         0.622 / 3.927       ms
[50.058s][info][gc,stats    ]    Subphase: Concurrent Weak Roots                         0.723 / 0.784         0.720 / 1.069         0.720 / 1.069         0.720 / 1.069       ms
[50.058s][info][gc,stats    ]    Subphase: Concurrent Weak Roots JNIWeakHandles          0.000 / 0.000         0.000 / 0.000         0.000 / 0.000         0.000 / 0.000       ms
[50.058s][info][gc,stats    ]    Subphase: Concurrent Weak Roots StringTable             0.542 / 0.610         0.536 / 0.849         0.536 / 0.849         0.536 / 0.849       ms
[50.058s][info][gc,stats    ]    Subphase: Concurrent Weak Roots VMWeakHandles           0.180 / 0.208         0.183 / 0.283         0.183 / 0.283         0.183 / 0.283       ms
[50.058s][info][gc,stats    ]    Subphase: Pause Mark Try Complete                       0.000 / 0.000         0.002 / 0.002         0.002 / 0.002         0.002 / 0.002       ms
[50.058s][info][gc,stats    ]    Subphase: Pause Remap TLABS                             0.002 / 0.003         0.001 / 0.003         0.001 / 0.003         0.001 / 0.003       ms
[50.058s][info][gc,stats    ]    Subphase: Pause Retire TLABS                            0.034 / 0.040         0.021 / 0.040         0.021 / 0.040         0.021 / 0.040       ms
[50.058s][info][gc,stats    ]    Subphase: Pause Roots                                   1.662 / 2.647         1.371 / 2.647         1.371 / 2.647         1.371 / 2.647       ms
[50.058s][info][gc,stats    ]    Subphase: Pause Roots ClassLoaderDataGraph              0.584 / 0.730         0.575 / 1.292         0.575 / 1.292         0.575 / 1.292       ms
[50.058s][info][gc,stats    ]    Subphase: Pause Roots CodeCache                         1.126 / 1.317         0.923 / 1.457         0.923 / 1.457         0.923 / 1.457       ms
[50.058s][info][gc,stats    ]    Subphase: Pause Roots JNIHandles                        0.001 / 0.001         0.001 / 0.003         0.001 / 0.003         0.001 / 0.003       ms
[50.058s][info][gc,stats    ]    Subphase: Pause Roots JNIWeakHandles                    0.000 / 0.000         0.000 / 0.000         0.000 / 0.000         0.000 / 0.000       ms
[50.058s][info][gc,stats    ]    Subphase: Pause Roots JRFWeak                           0.000 / 0.000         0.000 / 0.000         0.000 / 0.000         0.000 / 0.000       ms
[50.058s][info][gc,stats    ]    Subphase: Pause Roots JVMTIExport                       0.000 / 0.001         0.000 / 0.001         0.000 / 0.001         0.000 / 0.001       ms
[50.058s][info][gc,stats    ]    Subphase: Pause Roots JVMTIWeakExport                   0.001 / 0.001         0.001 / 0.009         0.001 / 0.009         0.001 / 0.009       ms
[50.058s][info][gc,stats    ]    Subphase: Pause Roots Management                        0.001 / 0.001         0.001 / 0.003         0.001 / 0.003         0.001 / 0.003       ms
[50.058s][info][gc,stats    ]    Subphase: Pause Roots ObjectSynchronizer                0.000 / 0.001         0.000 / 0.001         0.000 / 0.001         0.000 / 0.001       ms
[50.058s][info][gc,stats    ]    Subphase: Pause Roots Setup                             0.158 / 0.256         0.147 / 0.287         0.147 / 0.287         0.147 / 0.287       ms
[50.058s][info][gc,stats    ]    Subphase: Pause Roots StringTable                       0.000 / 0.000         0.000 / 0.000         0.000 / 0.000         0.000 / 0.000       ms
[50.058s][info][gc,stats    ]    Subphase: Pause Roots SystemDictionary                  0.011 / 0.042         0.011 / 0.042         0.011 / 0.042         0.011 / 0.042       ms
[50.058s][info][gc,stats    ]    Subphase: Pause Roots Teardown                          0.001 / 0.002         0.001 / 0.002         0.001 / 0.002         0.001 / 0.002       ms
[50.058s][info][gc,stats    ]    Subphase: Pause Roots Threads                           0.510 / 0.635         0.355 / 0.928         0.355 / 0.928         0.355 / 0.928       ms
[50.058s][info][gc,stats    ]    Subphase: Pause Roots Universe                          0.002 / 0.004         0.005 / 0.335         0.005 / 0.335         0.005 / 0.335       ms
[50.058s][info][gc,stats    ]    Subphase: Pause Roots VMWeakHandles                     0.000 / 0.000         0.000 / 0.000         0.000 / 0.000         0.000 / 0.000       ms
[50.058s][info][gc,stats    ]    Subphase: Pause Weak Roots                              0.001 / 0.002         0.002 / 0.009         0.002 / 0.009         0.002 / 0.009       ms
[50.058s][info][gc,stats    ]    Subphase: Pause Weak Roots JFRWeak                      0.000 / 0.001         0.000 / 0.001         0.000 / 0.001         0.000 / 0.001       ms
[50.058s][info][gc,stats    ]    Subphase: Pause Weak Roots JNIWeakHandles               0.000 / 0.000         0.000 / 0.000         0.000 / 0.000         0.000 / 0.000       ms
[50.058s][info][gc,stats    ]    Subphase: Pause Weak Roots JVMTIWeakExport              0.001 / 0.001         0.001 / 0.008         0.001 / 0.008         0.001 / 0.008       ms
[50.058s][info][gc,stats    ]    Subphase: Pause Weak Roots Setup                        0.000 / 0.000         0.000 / 0.000         0.000 / 0.000         0.000 / 0.000       ms
[50.058s][info][gc,stats    ]    Subphase: Pause Weak Roots StringTable                  0.000 / 0.000         0.000 / 0.000         0.000 / 0.000         0.000 / 0.000       ms
[50.058s][info][gc,stats    ]    Subphase: Pause Weak Roots SymbolTable                  0.000 / 0.000         0.000 / 0.000         0.000 / 0.000         0.000 / 0.000       ms
[50.058s][info][gc,stats    ]    Subphase: Pause Weak Roots Teardown                     0.000 / 0.001         0.000 / 0.001         0.000 / 0.001         0.000 / 0.001       ms
[50.058s][info][gc,stats    ]    Subphase: Pause Weak Roots VMWeakHandles                0.000 / 0.000         0.000 / 0.000         0.000 / 0.000         0.000 / 0.000       ms
[50.058s][info][gc,stats    ]      System: Java Threads                                    200 / 226             120 / 226             120 / 226             120 / 226         threads
[50.058s][info][gc,stats    ] =========================================================================================================================================================
[50.394s][info][gc,phases   ] GC(59) Concurrent Mark 429.782ms
[50.398s][info][gc,phases   ] GC(59) Pause Mark End 0.522ms
[50.399s][info][gc,phases   ] GC(59) Concurrent Process Non-Strong References 1.386ms
[50.399s][info][gc,phases   ] GC(59) Concurrent Reset Relocation Set 0.004ms
[50.399s][info][gc,phases   ] GC(59) Concurrent Destroy Detached Pages 0.000ms
[50.401s][info][gc,phases   ] GC(59) Concurrent Select Relocation Set 1.507ms
[50.401s][info][gc,phases   ] GC(59) Concurrent Prepare Relocation Set 0.009ms
[50.403s][info][gc,phases   ] GC(59) Pause Relocate Start 2.419ms
[50.410s][info][gc,phases   ] GC(59) Concurrent Relocate 6.673ms
[50.410s][info][gc,load     ] GC(59) Load: 2.40/1.75/1.39
[50.410s][info][gc,mmu      ] GC(59) MMU: 2ms/0.0%, 5ms/15.8%, 10ms/47.7%, 20ms/73.8%, 50ms/89.5%, 100ms/94.1%
[50.410s][info][gc,marking  ] GC(59) Mark: 1 stripe(s), 2 proactive flush(es), 1 terminate flush(es), 0 completion(s), 0 continuation(s) 
[50.410s][info][gc,reloc    ] GC(59) Relocation: Successful, 5M relocated
[50.410s][info][gc,nmethod  ] GC(59) NMethods: 3424 registered, 0 unregistered
[50.410s][info][gc,metaspace] GC(59) Metaspace: 68M used, 71M capacity, 72M committed, 74M reserved
[50.410s][info][gc,ref      ] GC(59) Soft: 4695 encountered, 0 discovered, 0 enqueued
[50.410s][info][gc,ref      ] GC(59) Weak: 4765 encountered, 3658 discovered, 14 enqueued
[50.410s][info][gc,ref      ] GC(59) Final: 27 encountered, 0 discovered, 0 enqueued
[50.410s][info][gc,ref      ] GC(59) Phantom: 650 encountered, 646 discovered, 0 enqueued
[50.410s][info][gc,heap     ] GC(59)                Mark Start          Mark End        Relocate Start      Relocate End           High               Low         
[50.410s][info][gc,heap     ] GC(59)  Capacity:     1426M (72%)        1426M (72%)        1426M (72%)        1426M (72%)        1426M (72%)        1426M (72%)    
[50.410s][info][gc,heap     ] GC(59)   Reserve:       34M (2%)           34M (2%)           34M (2%)           34M (2%)           34M (2%)           34M (2%)     
[50.410s][info][gc,heap     ] GC(59)      Free:     1346M (68%)        1070M (54%)        1418M (71%)        1424M (72%)        1424M (72%)        1070M (54%)    
[50.410s][info][gc,heap     ] GC(59)      Used:      610M (31%)         886M (45%)         538M (27%)         532M (27%)         886M (45%)         532M (27%)    
[50.410s][info][gc,heap     ] GC(59)      Live:         -               216M (11%)         216M (11%)         216M (11%)            -                  -          
[50.410s][info][gc,heap     ] GC(59) Allocated:         -               276M (14%)         276M (14%)         286M (14%)            -                  -          
[50.410s][info][gc,heap     ] GC(59)   Garbage:         -               393M (20%)          45M (2%)           31M (2%)             -                  -          
[50.410s][info][gc,heap     ] GC(59) Reclaimed:         -                  -               348M (17%)         362M (18%)            -                  -          
[50.410s][info][gc          ] GC(59) Garbage Collection (Allocation Rate) 610M(31%)->532M(27%)
[50.659s][info][gc,start    ] GC(60) Garbage Collection (Allocation Rate)
[50.665s][info][gc,phases   ] GC(60) Pause Mark Start 2.877ms
[51.079s][info][gc,phases   ] GC(60) Concurrent Mark 414.071ms
[51.082s][info][gc,phases   ] GC(60) Pause Mark End 0.532ms
[51.084s][info][gc,phases   ] GC(60) Concurrent Process Non-Strong References 1.349ms
[51.084s][info][gc,phases   ] GC(60) Concurrent Reset Relocation Set 0.003ms
[51.084s][info][gc,phases   ] GC(60) Concurrent Destroy Detached Pages 0.000ms
[51.085s][info][gc,phases   ] GC(60) Concurrent Select Relocation Set 1.513ms
[51.085s][info][gc,phases   ] GC(60) Concurrent Prepare Relocation Set 0.009ms
[51.088s][info][gc,phases   ] GC(60) Pause Relocate Start 2.399ms
[51.094s][info][gc,phases   ] GC(60) Concurrent Relocate 6.105ms
[51.094s][info][gc,load     ] GC(60) Load: 2.40/1.75/1.39
[51.094s][info][gc,mmu      ] GC(60) MMU: 2ms/0.0%, 5ms/15.8%, 10ms/47.7%, 20ms/73.8%, 50ms/89.5%, 100ms/94.1%
[51.094s][info][gc,marking  ] GC(60) Mark: 1 stripe(s), 2 proactive flush(es), 1 terminate flush(es), 0 completion(s), 0 continuation(s) 
[51.094s][info][gc,reloc    ] GC(60) Relocation: Successful, 5M relocated
[51.094s][info][gc,nmethod  ] GC(60) NMethods: 3424 registered, 0 unregistered
[51.094s][info][gc,metaspace] GC(60) Metaspace: 68M used, 71M capacity, 72M committed, 74M reserved
[51.094s][info][gc,ref      ] GC(60) Soft: 4695 encountered, 0 discovered, 0 enqueued
[51.094s][info][gc,ref      ] GC(60) Weak: 4750 encountered, 3623 discovered, 2 enqueued
[51.094s][info][gc,ref      ] GC(60) Final: 27 encountered, 0 discovered, 0 enqueued
[51.094s][info][gc,ref      ] GC(60) Phantom: 650 encountered, 646 discovered, 0 enqueued
[51.094s][info][gc,heap     ] GC(60)                Mark Start          Mark End        Relocate Start      Relocate End           High               Low         
[51.094s][info][gc,heap     ] GC(60)  Capacity:     1426M (72%)        1426M (72%)        1426M (72%)        1426M (72%)        1426M (72%)        1426M (72%)    
[51.094s][info][gc,heap     ] GC(60)   Reserve:       34M (2%)           34M (2%)           34M (2%)           34M (2%)           34M (2%)           34M (2%)     
[51.094s][info][gc,heap     ] GC(60)      Free:     1104M (55%)         834M (42%)        1426M (72%)        1432M (72%)        1432M (72%)         834M (42%)    
[51.094s][info][gc,heap     ] GC(60)      Used:      852M (43%)        1122M (56%)         530M (27%)         524M (26%)        1122M (56%)         524M (26%)    
[51.094s][info][gc,heap     ] GC(60)      Live:         -               216M (11%)         216M (11%)         216M (11%)            -                  -          
[51.094s][info][gc,heap     ] GC(60) Allocated:         -               270M (14%)         270M (14%)         278M (14%)            -                  -          
[51.094s][info][gc,heap     ] GC(60)   Garbage:         -               635M (32%)          43M (2%)           31M (2%)             -                  -          
[51.094s][info][gc,heap     ] GC(60) Reclaimed:         -                  -               592M (30%)         604M (30%)            -                  -          
[51.094s][info][gc          ] GC(60) Garbage Collection (Allocation Rate) 852M(43%)->524M(26%)
[51.358s][info][gc,start    ] GC(61) Garbage Collection (Allocation Rate)
[51.364s][info][gc,phases   ] GC(61) Pause Mark Start 2.843ms
[51.781s][info][gc,phases   ] GC(61) Concurrent Mark 417.111ms
[51.785s][info][gc,phases   ] GC(61) Pause Mark End 0.526ms
[51.786s][info][gc,phases   ] GC(61) Concurrent Process Non-Strong References 1.342ms
[51.786s][info][gc,phases   ] GC(61) Concurrent Reset Relocation Set 0.002ms
[51.786s][info][gc,phases   ] GC(61) Concurrent Destroy Detached Pages 0.000ms
[51.788s][info][gc,phases   ] GC(61) Concurrent Select Relocation Set 1.516ms
[51.788s][info][gc,phases   ] GC(61) Concurrent Prepare Relocation Set 0.008ms
[51.791s][info][gc,phases   ] GC(61) Pause Relocate Start 2.390ms
[51.799s][info][gc,phases   ] GC(61) Concurrent Relocate 7.838ms
[51.799s][info][gc,load     ] GC(61) Load: 2.40/1.75/1.39
[51.799s][info][gc,mmu      ] GC(61) MMU: 2ms/0.0%, 5ms/15.8%, 10ms/47.7%, 20ms/73.8%, 50ms/89.5%, 100ms/94.1%
[51.799s][info][gc,marking  ] GC(61) Mark: 1 stripe(s), 2 proactive flush(es), 1 terminate flush(es), 0 completion(s), 0 continuation(s) 
[51.799s][info][gc,reloc    ] GC(61) Relocation: Successful, 5M relocated
[51.799s][info][gc,nmethod  ] GC(61) NMethods: 3430 registered, 0 unregistered
[51.799s][info][gc,metaspace] GC(61) Metaspace: 68M used, 71M capacity, 72M committed, 74M reserved
[51.799s][info][gc,ref      ] GC(61) Soft: 4695 encountered, 0 discovered, 0 enqueued
[51.799s][info][gc,ref      ] GC(61) Weak: 4748 encountered, 3642 discovered, 0 enqueued
[51.799s][info][gc,ref      ] GC(61) Final: 27 encountered, 0 discovered, 0 enqueued
[51.799s][info][gc,ref      ] GC(61) Phantom: 650 encountered, 646 discovered, 0 enqueued
[51.799s][info][gc,heap     ] GC(61)                Mark Start          Mark End        Relocate Start      Relocate End           High               Low         
[51.799s][info][gc,heap     ] GC(61)  Capacity:     1426M (72%)        1426M (72%)        1426M (72%)        1426M (72%)        1426M (72%)        1426M (72%)    
[51.799s][info][gc,heap     ] GC(61)   Reserve:       34M (2%)           34M (2%)           34M (2%)           34M (2%)           34M (2%)           34M (2%)     
[51.799s][info][gc,heap     ] GC(61)      Free:     1084M (54%)         814M (41%)        1430M (72%)        1428M (72%)        1430M (72%)         814M (41%)    
[51.799s][info][gc,heap     ] GC(61)      Used:      872M (44%)        1142M (57%)         526M (26%)         528M (27%)        1142M (57%)         526M (26%)    
[51.799s][info][gc,heap     ] GC(61)      Live:         -               216M (11%)         216M (11%)         216M (11%)            -                  -          
[51.799s][info][gc,heap     ] GC(61) Allocated:         -               270M (14%)         270M (14%)         282M (14%)            -                  -          
[51.799s][info][gc,heap     ] GC(61)   Garbage:         -               655M (33%)          39M (2%)           31M (2%)             -                  -          
[51.799s][info][gc,heap     ] GC(61) Reclaimed:         -                  -               616M (31%)         624M (31%)            -                  -          
[51.799s][info][gc          ] GC(61) Garbage Collection (Allocation Rate) 872M(44%)->528M(27%)
[52.160s][info][gc,heap,exit] Heap
[52.160s][info][gc,heap,exit]  ZHeap           used 708M, capacity 1426M, max capacity 1990M
[52.160s][info][gc,heap,exit]  Metaspace       used 70601K, capacity 74449K, committed 74668K, reserved 75776K
