[0.004s][info][gc,heap] Heap region size: 1M
[0.005s][info][gc     ] Using G1
[0.005s][info][gc,heap,coops] Heap address: 0x0000000092a00000, size: 1750 MB, Compressed Oops mode: 32-bit
[0.477s][info][gc,start     ] GC(0) Pause Young (Normal) (G1 Evacuation Pause)
[0.477s][info][gc,task      ] GC(0) Using 1 workers of 1 for evacuation
[0.482s][info][gc,phases    ] GC(0)   Pre Evacuate Collection Set: 0.0ms
[0.482s][info][gc,phases    ] GC(0)   Evacuate Collection Set: 4.6ms
[0.482s][info][gc,phases    ] GC(0)   Post Evacuate Collection Set: 0.1ms
[0.482s][info][gc,phases    ] GC(0)   Other: 0.2ms
[0.482s][info][gc,heap      ] GC(0) Eden regions: 6->0(5)
[0.482s][info][gc,heap      ] GC(0) Survivor regions: 0->1(1)
[0.482s][info][gc,heap      ] GC(0) Old regions: 0->2
[0.482s][info][gc,heap      ] GC(0) Humongous regions: 0->0
[0.482s][info][gc,metaspace ] GC(0) Metaspace: 2146K->2146K(1056768K)
[0.482s][info][gc           ] GC(0) Pause Young (Normal) (G1 Evacuation Pause) 6M->2M(126M) 4.982ms
[0.482s][info][gc,cpu       ] GC(0) User=0.00s Sys=0.00s Real=0.01s
[0.665s][info][gc,start     ] GC(1) Pause Young (Normal) (G1 Evacuation Pause)
[0.665s][info][gc,task      ] GC(1) Using 1 workers of 1 for evacuation
[0.668s][info][gc,phases    ] GC(1)   Pre Evacuate Collection Set: 0.0ms
[0.668s][info][gc,phases    ] GC(1)   Evacuate Collection Set: 2.6ms
[0.668s][info][gc,phases    ] GC(1)   Post Evacuate Collection Set: 0.1ms
[0.668s][info][gc,phases    ] GC(1)   Other: 0.1ms
[0.668s][info][gc,heap      ] GC(1) Eden regions: 5->0(6)
[0.668s][info][gc,heap      ] GC(1) Survivor regions: 1->1(1)
[0.668s][info][gc,heap      ] GC(1) Old regions: 2->3
[0.668s][info][gc,heap      ] GC(1) Humongous regions: 0->0
[0.668s][info][gc,metaspace ] GC(1) Metaspace: 4291K->4291K(1056768K)
[0.668s][info][gc           ] GC(1) Pause Young (Normal) (G1 Evacuation Pause) 7M->2M(126M) 2.812ms
[0.668s][info][gc,cpu       ] GC(1) User=0.00s Sys=0.00s Real=0.00s
[0.878s][info][gc,start     ] GC(2) Pause Young (Normal) (G1 Evacuation Pause)
[0.878s][info][gc,task      ] GC(2) Using 1 workers of 1 for evacuation
[0.880s][info][gc,phases    ] GC(2)   Pre Evacuate Collection Set: 0.0ms
[0.880s][info][gc,phases    ] GC(2)   Evacuate Collection Set: 1.5ms
[0.880s][info][gc,phases    ] GC(2)   Post Evacuate Collection Set: 0.1ms
[0.880s][info][gc,phases    ] GC(2)   Other: 0.2ms
[0.880s][info][gc,heap      ] GC(2) Eden regions: 6->0(13)
[0.880s][info][gc,heap      ] GC(2) Survivor regions: 1->1(1)
[0.880s][info][gc,heap      ] GC(2) Old regions: 3->3
[0.880s][info][gc,heap      ] GC(2) Humongous regions: 0->0
[0.880s][info][gc,metaspace ] GC(2) Metaspace: 6634K->6634K(1058816K)
[0.880s][info][gc           ] GC(2) Pause Young (Normal) (G1 Evacuation Pause) 8M->2M(126M) 1.901ms
[0.880s][info][gc,cpu       ] GC(2) User=0.00s Sys=0.00s Real=0.00s
[2.544s][info][gc,start     ] GC(3) Pause Young (Normal) (G1 Evacuation Pause)
[2.544s][info][gc,task      ] GC(3) Using 1 workers of 1 for evacuation
[2.548s][info][gc,phases    ] GC(3)   Pre Evacuate Collection Set: 0.0ms
[2.548s][info][gc,phases    ] GC(3)   Evacuate Collection Set: 3.0ms
[2.548s][info][gc,phases    ] GC(3)   Post Evacuate Collection Set: 0.1ms
[2.548s][info][gc,phases    ] GC(3)   Other: 0.3ms
[2.548s][info][gc,heap      ] GC(3) Eden regions: 13->0(18)
[2.548s][info][gc,heap      ] GC(3) Survivor regions: 1->2(2)
[2.548s][info][gc,heap      ] GC(3) Old regions: 3->3
[2.548s][info][gc,heap      ] GC(3) Humongous regions: 0->0
[2.548s][info][gc,metaspace ] GC(3) Metaspace: 8517K->8517K(1058816K)
[2.548s][info][gc           ] GC(3) Pause Young (Normal) (G1 Evacuation Pause) 15M->4M(126M) 3.592ms
[2.548s][info][gc,cpu       ] GC(3) User=0.00s Sys=0.00s Real=0.00s
[2.871s][info][gc,start     ] GC(4) Pause Young (Normal) (G1 Evacuation Pause)
[2.871s][info][gc,task      ] GC(4) Using 1 workers of 1 for evacuation
[2.879s][info][gc,phases    ] GC(4)   Pre Evacuate Collection Set: 0.0ms
[2.879s][info][gc,phases    ] GC(4)   Evacuate Collection Set: 7.8ms
[2.879s][info][gc,phases    ] GC(4)   Post Evacuate Collection Set: 0.2ms
[2.879s][info][gc,phases    ] GC(4)   Other: 0.2ms
[2.879s][info][gc,heap      ] GC(4) Eden regions: 18->0(20)
[2.879s][info][gc,heap      ] GC(4) Survivor regions: 2->3(3)
[2.879s][info][gc,heap      ] GC(4) Old regions: 3->9
[2.879s][info][gc,heap      ] GC(4) Humongous regions: 6->6
[2.879s][info][gc,metaspace ] GC(4) Metaspace: 12220K->12220K(1060864K)
[2.879s][info][gc           ] GC(4) Pause Young (Normal) (G1 Evacuation Pause) 27M->17M(126M) 8.211ms
[2.879s][info][gc,cpu       ] GC(4) User=0.01s Sys=0.00s Real=0.01s
[3.651s][info][gc,start     ] GC(5) Pause Young (Normal) (G1 Evacuation Pause)
[3.651s][info][gc,task      ] GC(5) Using 1 workers of 1 for evacuation
[3.658s][info][gc,phases    ] GC(5)   Pre Evacuate Collection Set: 0.0ms
[3.658s][info][gc,phases    ] GC(5)   Evacuate Collection Set: 6.5ms
[3.658s][info][gc,phases    ] GC(5)   Post Evacuate Collection Set: 0.2ms
[3.658s][info][gc,phases    ] GC(5)   Other: 0.3ms
[3.658s][info][gc,heap      ] GC(5) Eden regions: 20->0(23)
[3.658s][info][gc,heap      ] GC(5) Survivor regions: 3->3(3)
[3.658s][info][gc,heap      ] GC(5) Old regions: 9->12
[3.658s][info][gc,heap      ] GC(5) Humongous regions: 6->6
[3.658s][info][gc,metaspace ] GC(5) Metaspace: 18339K->18339K(1067008K)
[3.658s][info][gc           ] GC(5) Pause Young (Normal) (G1 Evacuation Pause) 37M->19M(126M) 7.111ms
[3.658s][info][gc,cpu       ] GC(5) User=0.01s Sys=0.00s Real=0.01s
[3.853s][info][gc,start     ] GC(6) Pause Young (Concurrent Start) (Metadata GC Threshold)
[3.853s][info][gc,task      ] GC(6) Using 1 workers of 1 for evacuation
[3.862s][info][gc,phases    ] GC(6)   Pre Evacuate Collection Set: 0.1ms
[3.862s][info][gc,phases    ] GC(6)   Evacuate Collection Set: 8.8ms
[3.862s][info][gc,phases    ] GC(6)   Post Evacuate Collection Set: 0.2ms
[3.862s][info][gc,phases    ] GC(6)   Other: 0.2ms
[3.862s][info][gc,heap      ] GC(6) Eden regions: 7->0(26)
[3.862s][info][gc,heap      ] GC(6) Survivor regions: 3->1(4)
[3.862s][info][gc,heap      ] GC(6) Old regions: 12->14
[3.862s][info][gc,heap      ] GC(6) Humongous regions: 6->6
[3.862s][info][gc,metaspace ] GC(6) Metaspace: 20166K->20166K(1067008K)
[3.862s][info][gc           ] GC(6) Pause Young (Concurrent Start) (Metadata GC Threshold) 26M->20M(152M) 9.332ms
[3.862s][info][gc,cpu       ] GC(6) User=0.01s Sys=0.00s Real=0.01s
[3.862s][info][gc           ] GC(7) Concurrent Cycle
[3.862s][info][gc,marking   ] GC(7) Concurrent Clear Claimed Marks
[3.862s][info][gc,marking   ] GC(7) Concurrent Clear Claimed Marks 0.050ms
[3.862s][info][gc,marking   ] GC(7) Concurrent Scan Root Regions
[3.863s][info][gc,marking   ] GC(7) Concurrent Scan Root Regions 0.426ms
[3.863s][info][gc,marking   ] GC(7) Concurrent Mark (3.863s)
[3.863s][info][gc,marking   ] GC(7) Concurrent Mark From Roots
[3.863s][info][gc,task      ] GC(7) Using 1 workers of 1 for marking
[3.892s][info][gc,marking   ] GC(7) Concurrent Mark From Roots 29.201ms
[3.892s][info][gc,marking   ] GC(7) Concurrent Preclean
[3.892s][info][gc,marking   ] GC(7) Concurrent Preclean 0.032ms
[3.892s][info][gc,marking   ] GC(7) Concurrent Mark (3.863s, 3.892s) 29.284ms
[3.894s][info][gc,start     ] GC(7) Pause Remark
[3.898s][info][gc,stringtable] GC(7) Cleaned string and symbol table, strings: 7857 processed, 7 removed, symbols: 40188 processed, 44 removed
[3.898s][info][gc            ] GC(7) Pause Remark 20M->20M(152M) 4.030ms
[3.898s][info][gc,cpu        ] GC(7) User=0.01s Sys=0.00s Real=0.01s
[3.898s][info][gc,marking    ] GC(7) Concurrent Rebuild Remembered Sets
[3.913s][info][gc,marking    ] GC(7) Concurrent Rebuild Remembered Sets 15.373ms
[3.915s][info][gc,start      ] GC(7) Pause Cleanup
[3.915s][info][gc            ] GC(7) Pause Cleanup 20M->20M(152M) 0.056ms
[3.915s][info][gc,cpu        ] GC(7) User=0.00s Sys=0.00s Real=0.00s
[3.915s][info][gc,marking    ] GC(7) Concurrent Cleanup for Next Mark
[3.916s][info][gc,marking    ] GC(7) Concurrent Cleanup for Next Mark 0.504ms
[3.916s][info][gc            ] GC(7) Concurrent Cycle 53.634ms
[4.657s][info][gc,start      ] GC(8) Pause Young (Normal) (G1 Evacuation Pause)
[4.657s][info][gc,task       ] GC(8) Using 1 workers of 1 for evacuation
[4.663s][info][gc,phases     ] GC(8)   Pre Evacuate Collection Set: 0.0ms
[4.663s][info][gc,phases     ] GC(8)   Evacuate Collection Set: 5.2ms
[4.663s][info][gc,phases     ] GC(8)   Post Evacuate Collection Set: 0.2ms
[4.663s][info][gc,phases     ] GC(8)   Other: 0.3ms
[4.663s][info][gc,heap       ] GC(8) Eden regions: 26->0(47)
[4.663s][info][gc,heap       ] GC(8) Survivor regions: 1->2(4)
[4.663s][info][gc,heap       ] GC(8) Old regions: 14->14
[4.663s][info][gc,heap       ] GC(8) Humongous regions: 6->6
[4.663s][info][gc,metaspace  ] GC(8) Metaspace: 25839K->25839K(1073152K)
[4.663s][info][gc            ] GC(8) Pause Young (Normal) (G1 Evacuation Pause) 46M->21M(152M) 5.716ms
[4.663s][info][gc,cpu        ] GC(8) User=0.00s Sys=0.00s Real=0.00s
[5.642s][info][gc,start      ] GC(9) Pause Young (Concurrent Start) (Metadata GC Threshold)
[5.642s][info][gc,task       ] GC(9) Using 1 workers of 1 for evacuation
[5.661s][info][gc,phases     ] GC(9)   Pre Evacuate Collection Set: 0.1ms
[5.661s][info][gc,phases     ] GC(9)   Evacuate Collection Set: 12.3ms
[5.661s][info][gc,phases     ] GC(9)   Post Evacuate Collection Set: 6.1ms
[5.661s][info][gc,phases     ] GC(9)   Other: 0.3ms
[5.661s][info][gc,heap       ] GC(9) Eden regions: 40->0(50)
[5.661s][info][gc,heap       ] GC(9) Survivor regions: 2->4(7)
[5.661s][info][gc,heap       ] GC(9) Old regions: 14->14
[5.661s][info][gc,heap       ] GC(9) Humongous regions: 6->6
[5.661s][info][gc,metaspace  ] GC(9) Metaspace: 34495K->34495K(1079296K)
[5.661s][info][gc            ] GC(9) Pause Young (Concurrent Start) (Metadata GC Threshold) 60M->23M(152M) 18.909ms
[5.661s][info][gc,cpu        ] GC(9) User=0.02s Sys=0.00s Real=0.02s
[5.661s][info][gc            ] GC(10) Concurrent Cycle
[5.661s][info][gc,marking    ] GC(10) Concurrent Clear Claimed Marks
[5.661s][info][gc,marking    ] GC(10) Concurrent Clear Claimed Marks 0.100ms
[5.661s][info][gc,marking    ] GC(10) Concurrent Scan Root Regions
[5.664s][info][gc,marking    ] GC(10) Concurrent Scan Root Regions 2.604ms
[5.664s][info][gc,marking    ] GC(10) Concurrent Mark (5.664s)
[5.664s][info][gc,marking    ] GC(10) Concurrent Mark From Roots
[5.664s][info][gc,task       ] GC(10) Using 1 workers of 1 for marking
[5.686s][info][gc,marking    ] GC(10) Concurrent Mark From Roots 22.105ms
[5.686s][info][gc,marking    ] GC(10) Concurrent Preclean
[5.686s][info][gc,marking    ] GC(10) Concurrent Preclean 0.030ms
[5.686s][info][gc,marking    ] GC(10) Concurrent Mark (5.664s, 5.686s) 22.184ms
[5.691s][info][gc,start      ] GC(10) Pause Remark
[5.700s][info][gc,stringtable] GC(10) Cleaned string and symbol table, strings: 13666 processed, 18 removed, symbols: 80101 processed, 44 removed
[5.701s][info][gc            ] GC(10) Pause Remark 24M->24M(152M) 9.774ms
[5.701s][info][gc,cpu        ] GC(10) User=0.01s Sys=0.00s Real=0.01s
[5.701s][info][gc,marking    ] GC(10) Concurrent Rebuild Remembered Sets
[5.705s][info][gc,marking    ] GC(10) Concurrent Rebuild Remembered Sets 4.582ms
[5.705s][info][gc,start      ] GC(10) Pause Cleanup
[5.705s][info][gc            ] GC(10) Pause Cleanup 24M->24M(152M) 0.050ms
[5.705s][info][gc,cpu        ] GC(10) User=0.00s Sys=0.00s Real=0.00s
[5.705s][info][gc,marking    ] GC(10) Concurrent Cleanup for Next Mark
[5.717s][info][gc,marking    ] GC(10) Concurrent Cleanup for Next Mark 11.248ms
[5.717s][info][gc            ] GC(10) Concurrent Cycle 55.625ms
[6.641s][info][gc,start      ] GC(11) Pause Young (Normal) (G1 Evacuation Pause)
[6.641s][info][gc,task       ] GC(11) Using 1 workers of 1 for evacuation
[6.702s][info][gc,phases     ] GC(11)   Pre Evacuate Collection Set: 0.0ms
[6.702s][info][gc,phases     ] GC(11)   Evacuate Collection Set: 60.5ms
[6.702s][info][gc,phases     ] GC(11)   Post Evacuate Collection Set: 0.3ms
[6.702s][info][gc,phases     ] GC(11)   Other: 0.4ms
[6.702s][info][gc,heap       ] GC(11) Eden regions: 51->0(56)
[6.702s][info][gc,heap       ] GC(11) Survivor regions: 4->7(7)
[6.702s][info][gc,heap       ] GC(11) Old regions: 14->25
[6.702s][info][gc,heap       ] GC(11) Humongous regions: 6->6
[6.702s][info][gc,metaspace  ] GC(11) Metaspace: 43059K->43059K(1087488K)
[6.702s][info][gc            ] GC(11) Pause Young (Normal) (G1 Evacuation Pause) 74M->37M(152M) 61.381ms
[6.702s][info][gc,cpu        ] GC(11) User=0.06s Sys=0.00s Real=0.06s
[6.987s][info][gc,start      ] GC(12) Pause Young (Normal) (G1 Evacuation Pause)
[6.987s][info][gc,task       ] GC(12) Using 1 workers of 1 for evacuation
[7.089s][info][gc,phases     ] GC(12)   Pre Evacuate Collection Set: 0.0ms
[7.089s][info][gc,phases     ] GC(12)   Evacuate Collection Set: 101.5ms
[7.089s][info][gc,phases     ] GC(12)   Post Evacuate Collection Set: 0.2ms
[7.089s][info][gc,phases     ] GC(12)   Other: 0.6ms
[7.089s][info][gc,heap       ] GC(12) Eden regions: 56->0(18)
[7.089s][info][gc,heap       ] GC(12) Survivor regions: 7->8(8)
[7.089s][info][gc,heap       ] GC(12) Old regions: 25->80
[7.089s][info][gc,heap       ] GC(12) Humongous regions: 6->6
[7.089s][info][gc,metaspace  ] GC(12) Metaspace: 43059K->43059K(1087488K)
[7.089s][info][gc            ] GC(12) Pause Young (Normal) (G1 Evacuation Pause) 93M->93M(157M) 102.432ms
[7.089s][info][gc,cpu        ] GC(12) User=0.10s Sys=0.01s Real=0.11s
[7.130s][info][gc,start      ] GC(13) Pause Young (Concurrent Start) (G1 Evacuation Pause)
[7.130s][info][gc,task       ] GC(13) Using 1 workers of 1 for evacuation
[7.169s][info][gc,phases     ] GC(13)   Pre Evacuate Collection Set: 0.2ms
[7.169s][info][gc,phases     ] GC(13)   Evacuate Collection Set: 37.7ms
[7.169s][info][gc,phases     ] GC(13)   Post Evacuate Collection Set: 0.8ms
[7.169s][info][gc,phases     ] GC(13)   Other: 0.2ms
[7.169s][info][gc,heap       ] GC(13) Eden regions: 18->0(36)
[7.169s][info][gc,heap       ] GC(13) Survivor regions: 8->4(4)
[7.169s][info][gc,heap       ] GC(13) Old regions: 80->102
[7.169s][info][gc,heap       ] GC(13) Humongous regions: 6->6
[7.169s][info][gc,metaspace  ] GC(13) Metaspace: 43059K->43059K(1087488K)
[7.169s][info][gc            ] GC(13) Pause Young (Concurrent Start) (G1 Evacuation Pause) 111M->111M(281M) 39.019ms
[7.169s][info][gc,cpu        ] GC(13) User=0.04s Sys=0.00s Real=0.04s
[7.169s][info][gc            ] GC(14) Concurrent Cycle
[7.169s][info][gc,marking    ] GC(14) Concurrent Clear Claimed Marks
[7.170s][info][gc,marking    ] GC(14) Concurrent Clear Claimed Marks 0.137ms
[7.170s][info][gc,marking    ] GC(14) Concurrent Scan Root Regions
[7.172s][info][gc,marking    ] GC(14) Concurrent Scan Root Regions 2.394ms
[7.172s][info][gc,marking    ] GC(14) Concurrent Mark (7.172s)
[7.172s][info][gc,marking    ] GC(14) Concurrent Mark From Roots
[7.172s][info][gc,task       ] GC(14) Using 1 workers of 1 for marking
[7.271s][info][gc,start      ] GC(15) Pause Young (Normal) (G1 Evacuation Pause)
[7.271s][info][gc,task       ] GC(15) Using 1 workers of 1 for evacuation
[7.327s][info][gc,phases     ] GC(15)   Pre Evacuate Collection Set: 0.0ms
[7.327s][info][gc,phases     ] GC(15)   Evacuate Collection Set: 56.0ms
[7.327s][info][gc,phases     ] GC(15)   Post Evacuate Collection Set: 0.2ms
[7.327s][info][gc,phases     ] GC(15)   Other: 0.2ms
[7.327s][info][gc,heap       ] GC(15) Eden regions: 36->0(30)
[7.327s][info][gc,heap       ] GC(15) Survivor regions: 4->5(5)
[7.327s][info][gc,heap       ] GC(15) Old regions: 102->136
[7.327s][info][gc,heap       ] GC(15) Humongous regions: 6->6
[7.327s][info][gc,metaspace  ] GC(15) Metaspace: 43059K->43059K(1087488K)
[7.327s][info][gc            ] GC(15) Pause Young (Normal) (G1 Evacuation Pause) 147M->147M(281M) 56.420ms
[7.327s][info][gc,cpu        ] GC(15) User=0.06s Sys=0.00s Real=0.05s
[7.449s][info][gc,start      ] GC(16) Pause Young (Normal) (G1 Evacuation Pause)
[7.449s][info][gc,task       ] GC(16) Using 1 workers of 1 for evacuation
[7.503s][info][gc,phases     ] GC(16)   Pre Evacuate Collection Set: 0.0ms
[7.503s][info][gc,phases     ] GC(16)   Evacuate Collection Set: 53.4ms
[7.503s][info][gc,phases     ] GC(16)   Post Evacuate Collection Set: 0.2ms
[7.503s][info][gc,phases     ] GC(16)   Other: 0.2ms
[7.503s][info][gc,heap       ] GC(16) Eden regions: 30->0(24)
[7.503s][info][gc,heap       ] GC(16) Survivor regions: 5->5(5)
[7.503s][info][gc,heap       ] GC(16) Old regions: 136->166
[7.503s][info][gc,heap       ] GC(16) Humongous regions: 6->6
[7.503s][info][gc,metaspace  ] GC(16) Metaspace: 43059K->43059K(1087488K)
[7.503s][info][gc            ] GC(16) Pause Young (Normal) (G1 Evacuation Pause) 177M->177M(281M) 53.931ms
[7.503s][info][gc,cpu        ] GC(16) User=0.04s Sys=0.01s Real=0.05s
[7.572s][info][gc,start      ] GC(17) Pause Young (Normal) (G1 Evacuation Pause)
[7.572s][info][gc,task       ] GC(17) Using 1 workers of 1 for evacuation
[7.619s][info][gc,phases     ] GC(17)   Pre Evacuate Collection Set: 0.0ms
[7.619s][info][gc,phases     ] GC(17)   Evacuate Collection Set: 46.0ms
[7.619s][info][gc,phases     ] GC(17)   Post Evacuate Collection Set: 0.1ms
[7.619s][info][gc,phases     ] GC(17)   Other: 0.1ms
[7.619s][info][gc,heap       ] GC(17) Eden regions: 24->0(16)
[7.619s][info][gc,heap       ] GC(17) Survivor regions: 5->4(4)
[7.619s][info][gc,heap       ] GC(17) Old regions: 166->191
[7.619s][info][gc,heap       ] GC(17) Humongous regions: 6->6
[7.619s][info][gc,metaspace  ] GC(17) Metaspace: 43059K->43059K(1087488K)
[7.619s][info][gc            ] GC(17) Pause Young (Normal) (G1 Evacuation Pause) 201M->201M(281M) 46.358ms
[7.619s][info][gc,cpu        ] GC(17) User=0.04s Sys=0.01s Real=0.05s
[7.639s][info][gc,marking    ] GC(14) Concurrent Mark From Roots 466.983ms
[7.639s][info][gc,marking    ] GC(14) Concurrent Preclean
[7.639s][info][gc,marking    ] GC(14) Concurrent Preclean 0.113ms
[7.639s][info][gc,marking    ] GC(14) Concurrent Mark (7.172s, 7.639s) 467.158ms
[7.639s][info][gc,start      ] GC(14) Pause Remark
[7.647s][info][gc,stringtable] GC(14) Cleaned string and symbol table, strings: 16331 processed, 215 removed, symbols: 102440 processed, 16 removed
[7.647s][info][gc            ] GC(14) Pause Remark 208M->208M(281M) 8.017ms
[7.647s][info][gc,cpu        ] GC(14) User=0.00s Sys=0.00s Real=0.00s
[7.648s][info][gc,marking    ] GC(14) Concurrent Rebuild Remembered Sets
[7.659s][info][gc,start      ] GC(18) Pause Young (Normal) (G1 Evacuation Pause)
[7.659s][info][gc,task       ] GC(18) Using 1 workers of 1 for evacuation
[7.693s][info][gc,phases     ] GC(18)   Pre Evacuate Collection Set: 0.0ms
[7.693s][info][gc,phases     ] GC(18)   Evacuate Collection Set: 31.8ms
[7.693s][info][gc,phases     ] GC(18)   Post Evacuate Collection Set: 1.3ms
[7.693s][info][gc,phases     ] GC(18)   Other: 0.1ms
[7.693s][info][gc,heap       ] GC(18) Eden regions: 16->0(79)
[7.693s][info][gc,heap       ] GC(18) Survivor regions: 4->3(3)
[7.693s][info][gc,heap       ] GC(18) Old regions: 191->208
[7.693s][info][gc,heap       ] GC(18) Humongous regions: 6->6
[7.693s][info][gc,metaspace  ] GC(18) Metaspace: 43059K->43059K(1087488K)
[7.693s][info][gc            ] GC(18) Pause Young (Normal) (G1 Evacuation Pause) 217M->217M(513M) 33.308ms
[7.693s][info][gc,cpu        ] GC(18) User=0.03s Sys=0.01s Real=0.03s
[7.869s][info][gc,start      ] GC(19) Pause Young (Normal) (G1 Evacuation Pause)
[7.869s][info][gc,task       ] GC(19) Using 1 workers of 1 for evacuation
[7.996s][info][gc,phases     ] GC(19)   Pre Evacuate Collection Set: 0.0ms
[7.996s][info][gc,phases     ] GC(19)   Evacuate Collection Set: 126.2ms
[7.996s][info][gc,phases     ] GC(19)   Post Evacuate Collection Set: 0.2ms
[7.996s][info][gc,phases     ] GC(19)   Other: 0.3ms
[7.996s][info][gc,heap       ] GC(19) Eden regions: 79->0(53)
[7.996s][info][gc,heap       ] GC(19) Survivor regions: 3->11(11)
[7.996s][info][gc,heap       ] GC(19) Old regions: 208->278
[7.996s][info][gc,heap       ] GC(19) Humongous regions: 6->6
[7.996s][info][gc,metaspace  ] GC(19) Metaspace: 43059K->43059K(1087488K)
[7.996s][info][gc            ] GC(19) Pause Young (Normal) (G1 Evacuation Pause) 296M->295M(513M) 126.804ms
[7.996s][info][gc,cpu        ] GC(19) User=0.12s Sys=0.00s Real=0.12s
[8.170s][info][gc,start      ] GC(20) Pause Young (Normal) (G1 Evacuation Pause)
[8.170s][info][gc,task       ] GC(20) Using 1 workers of 1 for evacuation
[8.284s][info][gc,phases     ] GC(20)   Pre Evacuate Collection Set: 0.0ms
[8.285s][info][gc,phases     ] GC(20)   Evacuate Collection Set: 114.2ms
[8.285s][info][gc,phases     ] GC(20)   Post Evacuate Collection Set: 0.2ms
[8.285s][info][gc,phases     ] GC(20)   Other: 0.2ms
[8.285s][info][gc,heap       ] GC(20) Eden regions: 53->0(35)
[8.285s][info][gc,heap       ] GC(20) Survivor regions: 11->8(8)
[8.285s][info][gc,heap       ] GC(20) Old regions: 278->334
[8.285s][info][gc,heap       ] GC(20) Humongous regions: 6->6
[8.285s][info][gc,metaspace  ] GC(20) Metaspace: 43059K->43059K(1087488K)
[8.285s][info][gc            ] GC(20) Pause Young (Normal) (G1 Evacuation Pause) 348M->347M(513M) 114.926ms
[8.285s][info][gc,cpu        ] GC(20) User=0.09s Sys=0.01s Real=0.11s
[8.350s][info][gc,start      ] GC(21) Pause Young (Normal) (G1 Evacuation Pause)
[8.350s][info][gc,task       ] GC(21) Using 1 workers of 1 for evacuation
[8.417s][info][gc,phases     ] GC(21)   Pre Evacuate Collection Set: 0.0ms
[8.417s][info][gc,phases     ] GC(21)   Evacuate Collection Set: 66.5ms
[8.417s][info][gc,phases     ] GC(21)   Post Evacuate Collection Set: 0.2ms
[8.417s][info][gc,phases     ] GC(21)   Other: 0.1ms
[8.417s][info][gc,heap       ] GC(21) Eden regions: 35->0(24)
[8.417s][info][gc,heap       ] GC(21) Survivor regions: 8->6(6)
[8.417s][info][gc,heap       ] GC(21) Old regions: 334->370
[8.417s][info][gc,heap       ] GC(21) Humongous regions: 6->6
[8.417s][info][gc,metaspace  ] GC(21) Metaspace: 43059K->43059K(1087488K)
[8.417s][info][gc            ] GC(21) Pause Young (Normal) (G1 Evacuation Pause) 382M->382M(513M) 66.961ms
[8.417s][info][gc,cpu        ] GC(21) User=0.06s Sys=0.01s Real=0.07s
[8.421s][info][gc,marking    ] GC(14) Concurrent Rebuild Remembered Sets 773.334ms
[8.422s][info][gc,start      ] GC(14) Pause Cleanup
[8.422s][info][gc            ] GC(14) Pause Cleanup 383M->383M(513M) 0.173ms
[8.422s][info][gc,cpu        ] GC(14) User=0.00s Sys=0.00s Real=0.00s
[8.422s][info][gc,marking    ] GC(14) Concurrent Cleanup for Next Mark
[8.430s][info][gc,marking    ] GC(14) Concurrent Cleanup for Next Mark 8.099ms
[8.430s][info][gc            ] GC(14) Concurrent Cycle 1261.048ms
[8.446s][info][gc,start      ] GC(22) Pause Young (Normal) (G1 Evacuation Pause)
[8.447s][info][gc,task       ] GC(22) Using 1 workers of 1 for evacuation
[8.496s][info][gc,phases     ] GC(22)   Pre Evacuate Collection Set: 0.0ms
[8.496s][info][gc,phases     ] GC(22)   Evacuate Collection Set: 47.7ms
[8.496s][info][gc,phases     ] GC(22)   Post Evacuate Collection Set: 2.0ms
[8.496s][info][gc,phases     ] GC(22)   Other: 0.1ms
[8.496s][info][gc,heap       ] GC(22) Eden regions: 24->0(40)
[8.496s][info][gc,heap       ] GC(22) Survivor regions: 6->4(4)
[8.496s][info][gc,heap       ] GC(22) Old regions: 370->396
[8.496s][info][gc,heap       ] GC(22) Humongous regions: 6->6
[8.496s][info][gc,metaspace  ] GC(22) Metaspace: 43059K->43059K(1087488K)
[8.496s][info][gc            ] GC(22) Pause Young (Normal) (G1 Evacuation Pause) 406M->406M(883M) 49.949ms
[8.496s][info][gc,cpu        ] GC(22) User=0.04s Sys=0.01s Real=0.06s
[8.554s][info][gc,start      ] GC(23) Pause Young (Concurrent Start) (G1 Evacuation Pause)
[8.554s][info][gc,task       ] GC(23) Using 1 workers of 1 for evacuation
[8.620s][info][gc,phases     ] GC(23)   Pre Evacuate Collection Set: 0.2ms
[8.620s][info][gc,phases     ] GC(23)   Evacuate Collection Set: 65.4ms
[8.620s][info][gc,phases     ] GC(23)   Post Evacuate Collection Set: 0.2ms
[8.620s][info][gc,phases     ] GC(23)   Other: 0.2ms
[8.620s][info][gc,heap       ] GC(23) Eden regions: 40->0(108)
[8.620s][info][gc,heap       ] GC(23) Survivor regions: 4->6(6)
[8.620s][info][gc,heap       ] GC(23) Old regions: 396->434
[8.620s][info][gc,heap       ] GC(23) Humongous regions: 6->6
[8.620s][info][gc,metaspace  ] GC(23) Metaspace: 43059K->43059K(1087488K)
[8.620s][info][gc            ] GC(23) Pause Young (Concurrent Start) (G1 Evacuation Pause) 446M->445M(883M) 65.994ms
[8.620s][info][gc,cpu        ] GC(23) User=0.05s Sys=0.01s Real=0.07s
[8.620s][info][gc            ] GC(24) Concurrent Cycle
[8.620s][info][gc,marking    ] GC(24) Concurrent Clear Claimed Marks
[8.620s][info][gc,marking    ] GC(24) Concurrent Clear Claimed Marks 0.181ms
[8.620s][info][gc,marking    ] GC(24) Concurrent Scan Root Regions
[8.624s][info][gc,marking    ] GC(24) Concurrent Scan Root Regions 3.404ms
[8.624s][info][gc,marking    ] GC(24) Concurrent Mark (8.624s)
[8.624s][info][gc,marking    ] GC(24) Concurrent Mark From Roots
[8.624s][info][gc,task       ] GC(24) Using 1 workers of 1 for marking
[8.894s][info][gc,start      ] GC(25) Pause Young (Normal) (G1 Evacuation Pause)
[8.894s][info][gc,task       ] GC(25) Using 1 workers of 1 for evacuation
[9.057s][info][gc,phases     ] GC(25)   Pre Evacuate Collection Set: 0.0ms
[9.058s][info][gc,phases     ] GC(25)   Evacuate Collection Set: 163.1ms
[9.058s][info][gc,phases     ] GC(25)   Post Evacuate Collection Set: 0.2ms
[9.058s][info][gc,phases     ] GC(25)   Other: 0.3ms
[9.058s][info][gc,heap       ] GC(25) Eden regions: 108->0(75)
[9.058s][info][gc,heap       ] GC(25) Survivor regions: 6->15(15)
[9.058s][info][gc,heap       ] GC(25) Old regions: 434->531
[9.058s][info][gc,heap       ] GC(25) Humongous regions: 6->6
[9.058s][info][gc,metaspace  ] GC(25) Metaspace: 43059K->43059K(1087488K)
[9.058s][info][gc            ] GC(25) Pause Young (Normal) (G1 Evacuation Pause) 553M->552M(883M) 163.711ms
[9.058s][info][gc,cpu        ] GC(25) User=0.15s Sys=0.01s Real=0.17s
[10.030s][info][gc,marking    ] GC(24) Concurrent Mark From Roots 1406.189ms
[10.030s][info][gc,marking    ] GC(24) Concurrent Preclean
[10.030s][info][gc,marking    ] GC(24) Concurrent Preclean 0.117ms
[10.030s][info][gc,marking    ] GC(24) Concurrent Mark (8.624s, 10.030s) 1406.487ms
[10.033s][info][gc,start      ] GC(24) Pause Remark
[10.040s][info][gc,stringtable] GC(24) Cleaned string and symbol table, strings: 16210 processed, 0 removed, symbols: 103274 processed, 1 removed
[10.041s][info][gc            ] GC(24) Pause Remark 612M->612M(883M) 7.766ms
[10.041s][info][gc,cpu        ] GC(24) User=0.00s Sys=0.00s Real=0.01s
[10.044s][info][gc,marking    ] GC(24) Concurrent Rebuild Remembered Sets
[10.660s][info][gc,start      ] GC(26) Pause Young (Normal) (G1 Evacuation Pause)
[10.661s][info][gc,task       ] GC(26) Using 1 workers of 1 for evacuation
[10.778s][info][gc,phases     ] GC(26)   Pre Evacuate Collection Set: 0.0ms
[10.778s][info][gc,phases     ] GC(26)   Evacuate Collection Set: 117.2ms
[10.778s][info][gc,phases     ] GC(26)   Post Evacuate Collection Set: 0.2ms
[10.778s][info][gc,phases     ] GC(26)   Other: 0.4ms
[10.778s][info][gc,heap       ] GC(26) Eden regions: 75->0(59)
[10.778s][info][gc,heap       ] GC(26) Survivor regions: 15->12(12)
[10.778s][info][gc,heap       ] GC(26) Old regions: 531->591
[10.778s][info][gc,heap       ] GC(26) Humongous regions: 6->6
[10.778s][info][gc,metaspace  ] GC(26) Metaspace: 46462K->46462K(1091584K)
[10.778s][info][gc            ] GC(26) Pause Young (Normal) (G1 Evacuation Pause) 627M->609M(883M) 118.001ms
[10.779s][info][gc,cpu        ] GC(26) User=0.11s Sys=0.01s Real=0.12s
[12.030s][info][gc,marking    ] GC(24) Concurrent Rebuild Remembered Sets 1986.278ms
[12.031s][info][gc,start      ] GC(24) Pause Cleanup
[12.032s][info][gc            ] GC(24) Pause Cleanup 638M->638M(883M) 0.497ms
[12.032s][info][gc,cpu        ] GC(24) User=0.00s Sys=0.00s Real=0.00s
[12.032s][info][gc,marking    ] GC(24) Concurrent Cleanup for Next Mark
[12.092s][info][gc,marking    ] GC(24) Concurrent Cleanup for Next Mark 59.931ms
[12.092s][info][gc            ] GC(24) Concurrent Cycle 3471.636ms
[12.169s][info][gc,task       ] GC(27) Using 1 workers of 1 for full compaction
[12.169s][info][gc,start      ] GC(27) Pause Full (System.gc())
[12.169s][info][gc,phases,start] GC(27) Phase 1: Mark live objects
[12.202s][info][gc,stringtable ] GC(27) Cleaned string and symbol table, strings: 19593 processed, 207 removed, symbols: 118441 processed, 19 removed
[12.202s][info][gc,phases      ] GC(27) Phase 1: Mark live objects 32.314ms
[12.202s][info][gc,phases,start] GC(27) Phase 2: Prepare for compaction
[12.217s][info][gc,phases      ] GC(27) Phase 2: Prepare for compaction 14.941ms
[12.217s][info][gc,phases,start] GC(27) Phase 3: Adjust pointers
[12.243s][info][gc,phases      ] GC(27) Phase 3: Adjust pointers 26.867ms
[12.244s][info][gc,phases,start] GC(27) Phase 4: Compact heap
[12.253s][info][gc,phases      ] GC(27) Phase 4: Compact heap 8.963ms
[12.280s][info][gc,heap        ] GC(27) Eden regions: 29->0(18)
[12.280s][info][gc,heap        ] GC(27) Survivor regions: 12->0(12)
[12.280s][info][gc,heap        ] GC(27) Old regions: 591->21
[12.280s][info][gc,heap        ] GC(27) Humongous regions: 11->6
[12.280s][info][gc,metaspace   ] GC(27) Metaspace: 51371K->51371K(1095680K)
[12.280s][info][gc             ] GC(27) Pause Full (System.gc()) 642M->25M(90M) 111.102ms
[12.280s][info][gc,cpu         ] GC(27) User=0.07s Sys=0.02s Real=0.11s
[12.532s][info][gc,start       ] GC(28) Pause Young (Normal) (G1 Evacuation Pause)
[12.532s][info][gc,task        ] GC(28) Using 1 workers of 1 for evacuation
[12.535s][info][gc,phases      ] GC(28)   Pre Evacuate Collection Set: 0.0ms
[12.535s][info][gc,phases      ] GC(28)   Evacuate Collection Set: 2.1ms
[12.535s][info][gc,phases      ] GC(28)   Post Evacuate Collection Set: 0.8ms
[12.535s][info][gc,phases      ] GC(28)   Other: 0.3ms
[12.535s][info][gc,heap        ] GC(28) Eden regions: 18->0(71)
[12.535s][info][gc,heap        ] GC(28) Survivor regions: 0->1(3)
[12.535s][info][gc,heap        ] GC(28) Old regions: 21->21
[12.535s][info][gc,heap        ] GC(28) Humongous regions: 6->6
[12.535s][info][gc,metaspace   ] GC(28) Metaspace: 51959K->51959K(1095680K)
[12.535s][info][gc             ] GC(28) Pause Young (Normal) (G1 Evacuation Pause) 43M->26M(270M) 3.305ms
[12.535s][info][gc,cpu         ] GC(28) User=0.01s Sys=0.00s Real=0.00s
[14.055s][info][gc,start       ] GC(29) Pause Young (Normal) (G1 Evacuation Pause)
[14.055s][info][gc,task        ] GC(29) Using 1 workers of 1 for evacuation
[14.066s][info][gc,phases      ] GC(29)   Pre Evacuate Collection Set: 0.0ms
[14.066s][info][gc,phases      ] GC(29)   Evacuate Collection Set: 8.1ms
[14.066s][info][gc,phases      ] GC(29)   Post Evacuate Collection Set: 2.6ms
[14.066s][info][gc,phases      ] GC(29)   Other: 0.5ms
[14.066s][info][gc,heap        ] GC(29) Eden regions: 71->0(85)
[14.066s][info][gc,heap        ] GC(29) Survivor regions: 1->3(9)
[14.067s][info][gc,heap        ] GC(29) Old regions: 21->21
[14.067s][info][gc,heap        ] GC(29) Humongous regions: 11->6
[14.067s][info][gc,metaspace   ] GC(29) Metaspace: 59859K->59859K(1103872K)
[14.067s][info][gc             ] GC(29) Pause Young (Normal) (G1 Evacuation Pause) 102M->28M(270M) 11.372ms
[14.067s][info][gc,cpu         ] GC(29) User=0.01s Sys=0.00s Real=0.01s
[14.483s][info][gc,start       ] GC(30) Pause Young (Normal) (G1 Evacuation Pause)
[14.483s][info][gc,task        ] GC(30) Using 1 workers of 1 for evacuation
[14.490s][info][gc,phases      ] GC(30)   Pre Evacuate Collection Set: 0.0ms
[14.490s][info][gc,phases      ] GC(30)   Evacuate Collection Set: 6.6ms
[14.490s][info][gc,phases      ] GC(30)   Post Evacuate Collection Set: 0.3ms
[14.490s][info][gc,phases      ] GC(30)   Other: 0.2ms
[14.490s][info][gc,heap        ] GC(30) Eden regions: 85->0(96)
[14.490s][info][gc,heap        ] GC(30) Survivor regions: 3->3(11)
[14.490s][info][gc,heap        ] GC(30) Old regions: 21->21
[14.490s][info][gc,heap        ] GC(30) Humongous regions: 6->6
[14.490s][info][gc,metaspace   ] GC(30) Metaspace: 59891K->59891K(1103872K)
[14.490s][info][gc             ] GC(30) Pause Young (Normal) (G1 Evacuation Pause) 113M->28M(270M) 7.304ms
[14.490s][info][gc,cpu         ] GC(30) User=0.01s Sys=0.00s Real=0.01s
[14.613s][info][gc,start       ] GC(31) Pause Young (Normal) (G1 Evacuation Pause)
[14.614s][info][gc,task        ] GC(31) Using 1 workers of 1 for evacuation
[14.631s][info][gc,phases      ] GC(31)   Pre Evacuate Collection Set: 0.0ms
[14.631s][info][gc,phases      ] GC(31)   Evacuate Collection Set: 16.2ms
[14.631s][info][gc,phases      ] GC(31)   Post Evacuate Collection Set: 0.7ms
[14.631s][info][gc,phases      ] GC(31)   Other: 0.2ms
[14.631s][info][gc,heap        ] GC(31) Eden regions: 96->0(105)
[14.631s][info][gc,heap        ] GC(31) Survivor regions: 3->3(13)
[14.631s][info][gc,heap        ] GC(31) Old regions: 21->21
[14.631s][info][gc,heap        ] GC(31) Humongous regions: 6->6
[14.631s][info][gc,metaspace   ] GC(31) Metaspace: 59916K->59916K(1103872K)
[14.631s][info][gc             ] GC(31) Pause Young (Normal) (G1 Evacuation Pause) 124M->28M(270M) 17.408ms
[14.631s][info][gc,cpu         ] GC(31) User=0.01s Sys=0.01s Real=0.02s
[14.740s][info][gc,start       ] GC(32) Pause Young (Normal) (G1 Evacuation Pause)
[14.740s][info][gc,task        ] GC(32) Using 1 workers of 1 for evacuation
[14.747s][info][gc,phases      ] GC(32)   Pre Evacuate Collection Set: 0.0ms
[14.747s][info][gc,phases      ] GC(32)   Evacuate Collection Set: 6.4ms
[14.747s][info][gc,phases      ] GC(32)   Post Evacuate Collection Set: 0.4ms
[14.747s][info][gc,phases      ] GC(32)   Other: 0.2ms
[14.747s][info][gc,heap        ] GC(32) Eden regions: 105->0(114)
[14.747s][info][gc,heap        ] GC(32) Survivor regions: 3->3(14)
[14.747s][info][gc,heap        ] GC(32) Old regions: 21->21
[14.747s][info][gc,heap        ] GC(32) Humongous regions: 6->6
[14.747s][info][gc,metaspace   ] GC(32) Metaspace: 59916K->59916K(1103872K)
[14.747s][info][gc             ] GC(32) Pause Young (Normal) (G1 Evacuation Pause) 133M->28M(270M) 7.042ms
[14.747s][info][gc,cpu         ] GC(32) User=0.01s Sys=0.00s Real=0.00s
[14.859s][info][gc,start       ] GC(33) Pause Young (Normal) (G1 Evacuation Pause)
[14.859s][info][gc,task        ] GC(33) Using 1 workers of 1 for evacuation
[14.867s][info][gc,phases      ] GC(33)   Pre Evacuate Collection Set: 0.0ms
[14.867s][info][gc,phases      ] GC(33)   Evacuate Collection Set: 6.7ms
[14.867s][info][gc,phases      ] GC(33)   Post Evacuate Collection Set: 0.3ms
[14.867s][info][gc,phases      ] GC(33)   Other: 0.2ms
[14.867s][info][gc,heap        ] GC(33) Eden regions: 114->0(122)
[14.867s][info][gc,heap        ] GC(33) Survivor regions: 3->3(15)
[14.867s][info][gc,heap        ] GC(33) Old regions: 21->21
[14.867s][info][gc,heap        ] GC(33) Humongous regions: 6->6
[14.867s][info][gc,metaspace   ] GC(33) Metaspace: 59917K->59917K(1103872K)
[14.867s][info][gc             ] GC(33) Pause Young (Normal) (G1 Evacuation Pause) 142M->28M(270M) 7.300ms
[14.867s][info][gc,cpu         ] GC(33) User=0.01s Sys=0.00s Real=0.00s
[15.042s][info][gc,start       ] GC(34) Pause Young (Normal) (G1 Evacuation Pause)
[15.042s][info][gc,task        ] GC(34) Using 1 workers of 1 for evacuation
[15.050s][info][gc,phases      ] GC(34)   Pre Evacuate Collection Set: 0.0ms
[15.050s][info][gc,phases      ] GC(34)   Evacuate Collection Set: 6.6ms
[15.050s][info][gc,phases      ] GC(34)   Post Evacuate Collection Set: 0.4ms
[15.050s][info][gc,phases      ] GC(34)   Other: 0.2ms
[15.050s][info][gc,heap        ] GC(34) Eden regions: 122->0(132)
[15.050s][info][gc,heap        ] GC(34) Survivor regions: 3->3(16)
[15.050s][info][gc,heap        ] GC(34) Old regions: 21->21
[15.050s][info][gc,heap        ] GC(34) Humongous regions: 6->6
[15.050s][info][gc,metaspace   ] GC(34) Metaspace: 59919K->59919K(1103872K)
[15.050s][info][gc             ] GC(34) Pause Young (Normal) (G1 Evacuation Pause) 150M->28M(270M) 7.270ms
[15.050s][info][gc,cpu         ] GC(34) User=0.01s Sys=0.00s Real=0.01s
[15.212s][info][gc,start       ] GC(35) Pause Young (Normal) (G1 Evacuation Pause)
[15.212s][info][gc,task        ] GC(35) Using 1 workers of 1 for evacuation
[15.219s][info][gc,phases      ] GC(35)   Pre Evacuate Collection Set: 0.0ms
[15.219s][info][gc,phases      ] GC(35)   Evacuate Collection Set: 6.3ms
[15.219s][info][gc,phases      ] GC(35)   Post Evacuate Collection Set: 0.4ms
[15.219s][info][gc,phases      ] GC(35)   Other: 0.2ms
[15.219s][info][gc,heap        ] GC(35) Eden regions: 132->0(142)
[15.219s][info][gc,heap        ] GC(35) Survivor regions: 3->3(17)
[15.219s][info][gc,heap        ] GC(35) Old regions: 21->21
[15.219s][info][gc,heap        ] GC(35) Humongous regions: 6->6
[15.219s][info][gc,metaspace   ] GC(35) Metaspace: 59927K->59927K(1103872K)
[15.219s][info][gc             ] GC(35) Pause Young (Normal) (G1 Evacuation Pause) 160M->28M(270M) 6.996ms
[15.219s][info][gc,cpu         ] GC(35) User=0.01s Sys=0.00s Real=0.01s
[15.369s][info][gc,start       ] GC(36) Pause Young (Normal) (G1 Evacuation Pause)
[15.369s][info][gc,task        ] GC(36) Using 1 workers of 1 for evacuation
[15.376s][info][gc,phases      ] GC(36)   Pre Evacuate Collection Set: 0.0ms
[15.376s][info][gc,phases      ] GC(36)   Evacuate Collection Set: 6.4ms
[15.376s][info][gc,phases      ] GC(36)   Post Evacuate Collection Set: 0.4ms
[15.376s][info][gc,phases      ] GC(36)   Other: 0.2ms
[15.376s][info][gc,heap        ] GC(36) Eden regions: 142->0(151)
[15.376s][info][gc,heap        ] GC(36) Survivor regions: 3->3(19)
[15.376s][info][gc,heap        ] GC(36) Old regions: 21->21
[15.376s][info][gc,heap        ] GC(36) Humongous regions: 6->6
[15.376s][info][gc,metaspace   ] GC(36) Metaspace: 59929K->59929K(1103872K)
[15.376s][info][gc             ] GC(36) Pause Young (Normal) (G1 Evacuation Pause) 170M->28M(270M) 7.126ms
[15.376s][info][gc,cpu         ] GC(36) User=0.00s Sys=0.00s Real=0.00s
[15.528s][info][gc,start       ] GC(37) Pause Young (Normal) (G1 Evacuation Pause)
[15.528s][info][gc,task        ] GC(37) Using 1 workers of 1 for evacuation
[15.535s][info][gc,phases      ] GC(37)   Pre Evacuate Collection Set: 0.0ms
[15.535s][info][gc,phases      ] GC(37)   Evacuate Collection Set: 6.5ms
[15.535s][info][gc,phases      ] GC(37)   Post Evacuate Collection Set: 0.4ms
[15.535s][info][gc,phases      ] GC(37)   Other: 0.2ms
[15.535s][info][gc,heap        ] GC(37) Eden regions: 151->0(159)
[15.535s][info][gc,heap        ] GC(37) Survivor regions: 3->3(20)
[15.535s][info][gc,heap        ] GC(37) Old regions: 21->21
[15.535s][info][gc,heap        ] GC(37) Humongous regions: 6->6
[15.535s][info][gc,metaspace   ] GC(37) Metaspace: 59944K->59944K(1103872K)
[15.535s][info][gc             ] GC(37) Pause Young (Normal) (G1 Evacuation Pause) 179M->28M(270M) 7.170ms
[15.535s][info][gc,cpu         ] GC(37) User=0.01s Sys=0.00s Real=0.01s
[15.692s][info][gc,start       ] GC(38) Pause Young (Normal) (G1 Evacuation Pause)
[15.692s][info][gc,task        ] GC(38) Using 1 workers of 1 for evacuation
[15.699s][info][gc,phases      ] GC(38)   Pre Evacuate Collection Set: 0.0ms
[15.699s][info][gc,phases      ] GC(38)   Evacuate Collection Set: 6.4ms
[15.699s][info][gc,phases      ] GC(38)   Post Evacuate Collection Set: 0.4ms
[15.699s][info][gc,phases      ] GC(38)   Other: 0.3ms
[15.699s][info][gc,heap        ] GC(38) Eden regions: 159->0(159)
[15.699s][info][gc,heap        ] GC(38) Survivor regions: 3->3(21)
[15.699s][info][gc,heap        ] GC(38) Old regions: 21->21
[15.699s][info][gc,heap        ] GC(38) Humongous regions: 6->6
[15.699s][info][gc,metaspace   ] GC(38) Metaspace: 59944K->59944K(1103872K)
[15.699s][info][gc             ] GC(38) Pause Young (Normal) (G1 Evacuation Pause) 187M->28M(270M) 7.218ms
[15.699s][info][gc,cpu         ] GC(38) User=0.01s Sys=0.00s Real=0.01s
[15.863s][info][gc,start       ] GC(39) Pause Young (Normal) (G1 Evacuation Pause)
[15.863s][info][gc,task        ] GC(39) Using 1 workers of 1 for evacuation
[15.870s][info][gc,phases      ] GC(39)   Pre Evacuate Collection Set: 0.0ms
[15.870s][info][gc,phases      ] GC(39)   Evacuate Collection Set: 5.9ms
[15.870s][info][gc,phases      ] GC(39)   Post Evacuate Collection Set: 0.4ms
[15.870s][info][gc,phases      ] GC(39)   Other: 0.1ms
[15.870s][info][gc,heap        ] GC(39) Eden regions: 159->0(159)
[15.870s][info][gc,heap        ] GC(39) Survivor regions: 3->3(21)
[15.870s][info][gc,heap        ] GC(39) Old regions: 21->21
[15.870s][info][gc,heap        ] GC(39) Humongous regions: 6->6
[15.870s][info][gc,metaspace   ] GC(39) Metaspace: 59946K->59946K(1103872K)
[15.870s][info][gc             ] GC(39) Pause Young (Normal) (G1 Evacuation Pause) 187M->28M(270M) 6.516ms
[15.870s][info][gc,cpu         ] GC(39) User=0.00s Sys=0.00s Real=0.01s
[16.036s][info][gc,start       ] GC(40) Pause Young (Normal) (G1 Evacuation Pause)
[16.036s][info][gc,task        ] GC(40) Using 1 workers of 1 for evacuation
[16.042s][info][gc,phases      ] GC(40)   Pre Evacuate Collection Set: 0.0ms
[16.042s][info][gc,phases      ] GC(40)   Evacuate Collection Set: 5.9ms
[16.042s][info][gc,phases      ] GC(40)   Post Evacuate Collection Set: 0.4ms
[16.042s][info][gc,phases      ] GC(40)   Other: 0.2ms
[16.042s][info][gc,heap        ] GC(40) Eden regions: 159->0(159)
[16.042s][info][gc,heap        ] GC(40) Survivor regions: 3->3(21)
[16.042s][info][gc,heap        ] GC(40) Old regions: 21->21
[16.042s][info][gc,heap        ] GC(40) Humongous regions: 6->6
[16.042s][info][gc,metaspace   ] GC(40) Metaspace: 59946K->59946K(1103872K)
[16.042s][info][gc             ] GC(40) Pause Young (Normal) (G1 Evacuation Pause) 187M->28M(270M) 6.548ms
[16.043s][info][gc,cpu         ] GC(40) User=0.00s Sys=0.00s Real=0.01s
[16.199s][info][gc,start       ] GC(41) Pause Young (Normal) (G1 Evacuation Pause)
[16.199s][info][gc,task        ] GC(41) Using 1 workers of 1 for evacuation
[16.205s][info][gc,phases      ] GC(41)   Pre Evacuate Collection Set: 0.0ms
[16.205s][info][gc,phases      ] GC(41)   Evacuate Collection Set: 6.0ms
[16.205s][info][gc,phases      ] GC(41)   Post Evacuate Collection Set: 0.5ms
[16.205s][info][gc,phases      ] GC(41)   Other: 0.1ms
[16.205s][info][gc,heap        ] GC(41) Eden regions: 159->0(159)
[16.205s][info][gc,heap        ] GC(41) Survivor regions: 3->3(21)
[16.205s][info][gc,heap        ] GC(41) Old regions: 21->21
[16.205s][info][gc,heap        ] GC(41) Humongous regions: 6->6
[16.205s][info][gc,metaspace   ] GC(41) Metaspace: 59946K->59946K(1103872K)
[16.205s][info][gc             ] GC(41) Pause Young (Normal) (G1 Evacuation Pause) 187M->28M(270M) 6.648ms
[16.205s][info][gc,cpu         ] GC(41) User=0.01s Sys=0.00s Real=0.00s
[16.774s][info][gc,start       ] GC(42) Pause Young (Normal) (G1 Evacuation Pause)
[16.774s][info][gc,task        ] GC(42) Using 1 workers of 1 for evacuation
[16.783s][info][gc,phases      ] GC(42)   Pre Evacuate Collection Set: 0.0ms
[16.783s][info][gc,phases      ] GC(42)   Evacuate Collection Set: 8.4ms
[16.783s][info][gc,phases      ] GC(42)   Post Evacuate Collection Set: 0.8ms
[16.783s][info][gc,phases      ] GC(42)   Other: 0.3ms
[16.783s][info][gc,heap        ] GC(42) Eden regions: 159->0(197)
[16.783s][info][gc,heap        ] GC(42) Survivor regions: 3->3(21)
[16.783s][info][gc,heap        ] GC(42) Old regions: 21->21
[16.783s][info][gc,heap        ] GC(42) Humongous regions: 6->6
[16.783s][info][gc,metaspace   ] GC(42) Metaspace: 60601K->60601K(1103872K)
[16.783s][info][gc             ] GC(42) Pause Young (Normal) (G1 Evacuation Pause) 187M->28M(338M) 9.596ms
[16.783s][info][gc,cpu         ] GC(42) User=0.01s Sys=0.00s Real=0.01s
[17.406s][info][gc,start       ] GC(43) Pause Young (Normal) (G1 Evacuation Pause)
[17.406s][info][gc,task        ] GC(43) Using 1 workers of 1 for evacuation
[17.413s][info][gc,phases      ] GC(43)   Pre Evacuate Collection Set: 0.0ms
[17.413s][info][gc,phases      ] GC(43)   Evacuate Collection Set: 6.2ms
[17.413s][info][gc,phases      ] GC(43)   Post Evacuate Collection Set: 0.5ms
[17.413s][info][gc,phases      ] GC(43)   Other: 0.4ms
[17.413s][info][gc,heap        ] GC(43) Eden regions: 197->0(199)
[17.413s][info][gc,heap        ] GC(43) Survivor regions: 3->3(25)
[17.413s][info][gc,heap        ] GC(43) Old regions: 21->22
[17.413s][info][gc,heap        ] GC(43) Humongous regions: 6->6
[17.413s][info][gc,metaspace   ] GC(43) Metaspace: 60601K->60601K(1103872K)
[17.413s][info][gc             ] GC(43) Pause Young (Normal) (G1 Evacuation Pause) 225M->28M(338M) 7.095ms
[17.413s][info][gc,cpu         ] GC(43) User=0.00s Sys=0.00s Real=0.01s
[17.938s][info][gc,start       ] GC(44) Pause Young (Normal) (G1 Evacuation Pause)
[17.939s][info][gc,task        ] GC(44) Using 1 workers of 1 for evacuation
[17.950s][info][gc,phases      ] GC(44)   Pre Evacuate Collection Set: 0.0ms
[17.950s][info][gc,phases      ] GC(44)   Evacuate Collection Set: 11.2ms
[17.950s][info][gc,phases      ] GC(44)   Post Evacuate Collection Set: 0.4ms
[17.950s][info][gc,phases      ] GC(44)   Other: 0.3ms
[17.950s][info][gc,heap        ] GC(44) Eden regions: 199->0(201)
[17.950s][info][gc,heap        ] GC(44) Survivor regions: 3->1(26)
[17.950s][info][gc,heap        ] GC(44) Old regions: 22->24
[17.950s][info][gc,heap        ] GC(44) Humongous regions: 6->6
[17.950s][info][gc,metaspace   ] GC(44) Metaspace: 60601K->60601K(1103872K)
[17.950s][info][gc             ] GC(44) Pause Young (Normal) (G1 Evacuation Pause) 227M->28M(338M) 12.008ms
[17.950s][info][gc,cpu         ] GC(44) User=0.01s Sys=0.00s Real=0.01s
[18.451s][info][gc,start       ] GC(45) Pause Young (Normal) (G1 Evacuation Pause)
[18.452s][info][gc,task        ] GC(45) Using 1 workers of 1 for evacuation
[18.455s][info][gc,phases      ] GC(45)   Pre Evacuate Collection Set: 0.0ms
[18.455s][info][gc,phases      ] GC(45)   Evacuate Collection Set: 2.7ms
[18.455s][info][gc,phases      ] GC(45)   Post Evacuate Collection Set: 0.4ms
[18.455s][info][gc,phases      ] GC(45)   Other: 0.4ms
[18.455s][info][gc,heap        ] GC(45) Eden regions: 201->0(201)
[18.455s][info][gc,heap        ] GC(45) Survivor regions: 1->1(26)
[18.455s][info][gc,heap        ] GC(45) Old regions: 24->24
[18.455s][info][gc,heap        ] GC(45) Humongous regions: 6->6
[18.455s][info][gc,metaspace   ] GC(45) Metaspace: 60603K->60603K(1103872K)
[18.455s][info][gc             ] GC(45) Pause Young (Normal) (G1 Evacuation Pause) 229M->29M(338M) 3.601ms
[18.455s][info][gc,cpu         ] GC(45) User=0.00s Sys=0.00s Real=0.00s
[18.752s][info][gc,start       ] GC(46) Pause Young (Normal) (G1 Evacuation Pause)
[18.752s][info][gc,task        ] GC(46) Using 1 workers of 1 for evacuation
[18.755s][info][gc,phases      ] GC(46)   Pre Evacuate Collection Set: 0.0ms
[18.755s][info][gc,phases      ] GC(46)   Evacuate Collection Set: 2.4ms
[18.755s][info][gc,phases      ] GC(46)   Post Evacuate Collection Set: 0.3ms
[18.755s][info][gc,phases      ] GC(46)   Other: 0.2ms
[18.755s][info][gc,heap        ] GC(46) Eden regions: 201->0(201)
[18.755s][info][gc,heap        ] GC(46) Survivor regions: 1->1(26)
[18.755s][info][gc,heap        ] GC(46) Old regions: 24->24
[18.755s][info][gc,heap        ] GC(46) Humongous regions: 6->6
[18.755s][info][gc,metaspace   ] GC(46) Metaspace: 60603K->60603K(1103872K)
[18.755s][info][gc             ] GC(46) Pause Young (Normal) (G1 Evacuation Pause) 230M->29M(338M) 2.982ms
[18.755s][info][gc,cpu         ] GC(46) User=0.01s Sys=0.00s Real=0.00s
[19.052s][info][gc,start       ] GC(47) Pause Young (Normal) (G1 Evacuation Pause)
[19.052s][info][gc,task        ] GC(47) Using 1 workers of 1 for evacuation
[19.055s][info][gc,phases      ] GC(47)   Pre Evacuate Collection Set: 0.0ms
[19.055s][info][gc,phases      ] GC(47)   Evacuate Collection Set: 2.4ms
[19.055s][info][gc,phases      ] GC(47)   Post Evacuate Collection Set: 0.3ms
[19.055s][info][gc,phases      ] GC(47)   Other: 0.3ms
[19.055s][info][gc,heap        ] GC(47) Eden regions: 201->0(201)
[19.055s][info][gc,heap        ] GC(47) Survivor regions: 1->1(26)
[19.055s][info][gc,heap        ] GC(47) Old regions: 24->24
[19.055s][info][gc,heap        ] GC(47) Humongous regions: 6->6
[19.055s][info][gc,metaspace   ] GC(47) Metaspace: 60603K->60603K(1103872K)
[19.055s][info][gc             ] GC(47) Pause Young (Normal) (G1 Evacuation Pause) 230M->29M(338M) 3.071ms
[19.055s][info][gc,cpu         ] GC(47) User=0.00s Sys=0.00s Real=0.00s
[19.349s][info][gc,start       ] GC(48) Pause Young (Normal) (G1 Evacuation Pause)
[19.350s][info][gc,task        ] GC(48) Using 1 workers of 1 for evacuation
[19.352s][info][gc,phases      ] GC(48)   Pre Evacuate Collection Set: 0.0ms
[19.352s][info][gc,phases      ] GC(48)   Evacuate Collection Set: 2.4ms
[19.352s][info][gc,phases      ] GC(48)   Post Evacuate Collection Set: 0.3ms
[19.352s][info][gc,phases      ] GC(48)   Other: 0.2ms
[19.352s][info][gc,heap        ] GC(48) Eden regions: 201->0(201)
[19.352s][info][gc,heap        ] GC(48) Survivor regions: 1->1(26)
[19.352s][info][gc,heap        ] GC(48) Old regions: 24->24
[19.352s][info][gc,heap        ] GC(48) Humongous regions: 6->6
[19.352s][info][gc,metaspace   ] GC(48) Metaspace: 60603K->60603K(1103872K)
[19.352s][info][gc             ] GC(48) Pause Young (Normal) (G1 Evacuation Pause) 230M->29M(338M) 3.034ms
[19.352s][info][gc,cpu         ] GC(48) User=0.01s Sys=0.00s Real=0.00s
[19.606s][info][gc,start       ] GC(49) Pause Young (Normal) (G1 Evacuation Pause)
[19.606s][info][gc,task        ] GC(49) Using 1 workers of 1 for evacuation
[19.609s][info][gc,phases      ] GC(49)   Pre Evacuate Collection Set: 0.0ms
[19.609s][info][gc,phases      ] GC(49)   Evacuate Collection Set: 2.4ms
[19.609s][info][gc,phases      ] GC(49)   Post Evacuate Collection Set: 0.3ms
[19.609s][info][gc,phases      ] GC(49)   Other: 0.2ms
[19.609s][info][gc,heap        ] GC(49) Eden regions: 201->0(201)
[19.609s][info][gc,heap        ] GC(49) Survivor regions: 1->1(26)
[19.609s][info][gc,heap        ] GC(49) Old regions: 24->24
[19.609s][info][gc,heap        ] GC(49) Humongous regions: 6->6
[19.609s][info][gc,metaspace   ] GC(49) Metaspace: 60603K->60603K(1103872K)
[19.609s][info][gc             ] GC(49) Pause Young (Normal) (G1 Evacuation Pause) 230M->29M(338M) 2.971ms
[19.609s][info][gc,cpu         ] GC(49) User=0.00s Sys=0.00s Real=0.01s
[19.975s][info][gc,start       ] GC(50) Pause Young (Normal) (G1 Evacuation Pause)
[19.975s][info][gc,task        ] GC(50) Using 1 workers of 1 for evacuation
[19.978s][info][gc,phases      ] GC(50)   Pre Evacuate Collection Set: 0.0ms
[19.978s][info][gc,phases      ] GC(50)   Evacuate Collection Set: 2.6ms
[19.978s][info][gc,phases      ] GC(50)   Post Evacuate Collection Set: 0.3ms
[19.978s][info][gc,phases      ] GC(50)   Other: 0.2ms
[19.978s][info][gc,heap        ] GC(50) Eden regions: 201->0(201)
[19.978s][info][gc,heap        ] GC(50) Survivor regions: 1->1(26)
[19.978s][info][gc,heap        ] GC(50) Old regions: 24->24
[19.978s][info][gc,heap        ] GC(50) Humongous regions: 6->6
[19.978s][info][gc,metaspace   ] GC(50) Metaspace: 60641K->60641K(1103872K)
[19.978s][info][gc             ] GC(50) Pause Young (Normal) (G1 Evacuation Pause) 230M->29M(338M) 3.192ms
[19.978s][info][gc,cpu         ] GC(50) User=0.00s Sys=0.00s Real=0.01s
[20.246s][info][gc,start       ] GC(51) Pause Young (Normal) (G1 Evacuation Pause)
[20.246s][info][gc,task        ] GC(51) Using 1 workers of 1 for evacuation
[20.249s][info][gc,phases      ] GC(51)   Pre Evacuate Collection Set: 0.0ms
[20.249s][info][gc,phases      ] GC(51)   Evacuate Collection Set: 2.4ms
[20.249s][info][gc,phases      ] GC(51)   Post Evacuate Collection Set: 0.3ms
[20.249s][info][gc,phases      ] GC(51)   Other: 0.2ms
[20.249s][info][gc,heap        ] GC(51) Eden regions: 201->0(201)
[20.249s][info][gc,heap        ] GC(51) Survivor regions: 1->1(26)
[20.249s][info][gc,heap        ] GC(51) Old regions: 24->24
[20.249s][info][gc,heap        ] GC(51) Humongous regions: 6->6
[20.249s][info][gc,metaspace   ] GC(51) Metaspace: 60641K->60641K(1103872K)
[20.249s][info][gc             ] GC(51) Pause Young (Normal) (G1 Evacuation Pause) 230M->29M(338M) 3.009ms
[20.249s][info][gc,cpu         ] GC(51) User=0.00s Sys=0.00s Real=0.01s
[20.506s][info][gc,start       ] GC(52) Pause Young (Normal) (G1 Evacuation Pause)
[20.507s][info][gc,task        ] GC(52) Using 1 workers of 1 for evacuation
[20.509s][info][gc,phases      ] GC(52)   Pre Evacuate Collection Set: 0.0ms
[20.510s][info][gc,phases      ] GC(52)   Evacuate Collection Set: 2.4ms
[20.510s][info][gc,phases      ] GC(52)   Post Evacuate Collection Set: 0.3ms
[20.510s][info][gc,phases      ] GC(52)   Other: 0.3ms
[20.510s][info][gc,heap        ] GC(52) Eden regions: 201->0(201)
[20.510s][info][gc,heap        ] GC(52) Survivor regions: 1->1(26)
[20.510s][info][gc,heap        ] GC(52) Old regions: 24->24
[20.510s][info][gc,heap        ] GC(52) Humongous regions: 6->6
[20.510s][info][gc,metaspace   ] GC(52) Metaspace: 60641K->60641K(1103872K)
[20.510s][info][gc             ] GC(52) Pause Young (Normal) (G1 Evacuation Pause) 230M->29M(338M) 3.132ms
[20.510s][info][gc,cpu         ] GC(52) User=0.00s Sys=0.00s Real=0.01s
[20.801s][info][gc,start       ] GC(53) Pause Young (Normal) (G1 Evacuation Pause)
[20.801s][info][gc,task        ] GC(53) Using 1 workers of 1 for evacuation
[20.804s][info][gc,phases      ] GC(53)   Pre Evacuate Collection Set: 0.0ms
[20.804s][info][gc,phases      ] GC(53)   Evacuate Collection Set: 2.4ms
[20.804s][info][gc,phases      ] GC(53)   Post Evacuate Collection Set: 0.3ms
[20.804s][info][gc,phases      ] GC(53)   Other: 0.2ms
[20.804s][info][gc,heap        ] GC(53) Eden regions: 201->0(201)
[20.804s][info][gc,heap        ] GC(53) Survivor regions: 1->1(26)
[20.804s][info][gc,heap        ] GC(53) Old regions: 24->24
[20.804s][info][gc,heap        ] GC(53) Humongous regions: 6->6
[20.804s][info][gc,metaspace   ] GC(53) Metaspace: 60641K->60641K(1103872K)
[20.804s][info][gc             ] GC(53) Pause Young (Normal) (G1 Evacuation Pause) 230M->29M(338M) 2.977ms
[20.804s][info][gc,cpu         ] GC(53) User=0.00s Sys=0.00s Real=0.00s
[21.063s][info][gc,start       ] GC(54) Pause Young (Normal) (G1 Evacuation Pause)
[21.063s][info][gc,task        ] GC(54) Using 1 workers of 1 for evacuation
[21.066s][info][gc,phases      ] GC(54)   Pre Evacuate Collection Set: 0.0ms
[21.066s][info][gc,phases      ] GC(54)   Evacuate Collection Set: 2.3ms
[21.066s][info][gc,phases      ] GC(54)   Post Evacuate Collection Set: 0.3ms
[21.066s][info][gc,phases      ] GC(54)   Other: 0.2ms
[21.066s][info][gc,heap        ] GC(54) Eden regions: 201->0(201)
[21.066s][info][gc,heap        ] GC(54) Survivor regions: 1->1(26)
[21.066s][info][gc,heap        ] GC(54) Old regions: 24->24
[21.066s][info][gc,heap        ] GC(54) Humongous regions: 6->6
[21.066s][info][gc,metaspace   ] GC(54) Metaspace: 60641K->60641K(1103872K)
[21.066s][info][gc             ] GC(54) Pause Young (Normal) (G1 Evacuation Pause) 230M->29M(338M) 2.943ms
[21.066s][info][gc,cpu         ] GC(54) User=0.01s Sys=0.00s Real=0.00s
[21.482s][info][gc,start       ] GC(55) Pause Young (Normal) (G1 Evacuation Pause)
[21.482s][info][gc,task        ] GC(55) Using 1 workers of 1 for evacuation
[21.485s][info][gc,phases      ] GC(55)   Pre Evacuate Collection Set: 0.0ms
[21.485s][info][gc,phases      ] GC(55)   Evacuate Collection Set: 2.4ms
[21.485s][info][gc,phases      ] GC(55)   Post Evacuate Collection Set: 0.3ms
[21.485s][info][gc,phases      ] GC(55)   Other: 0.3ms
[21.485s][info][gc,heap        ] GC(55) Eden regions: 201->0(201)
[21.485s][info][gc,heap        ] GC(55) Survivor regions: 1->1(26)
[21.485s][info][gc,heap        ] GC(55) Old regions: 24->24
[21.485s][info][gc,heap        ] GC(55) Humongous regions: 6->6
[21.485s][info][gc,metaspace   ] GC(55) Metaspace: 60641K->60641K(1103872K)
[21.485s][info][gc             ] GC(55) Pause Young (Normal) (G1 Evacuation Pause) 230M->29M(338M) 3.055ms
[21.485s][info][gc,cpu         ] GC(55) User=0.00s Sys=0.00s Real=0.00s
[21.851s][info][gc,start       ] GC(56) Pause Young (Normal) (G1 Evacuation Pause)
[21.851s][info][gc,task        ] GC(56) Using 1 workers of 1 for evacuation
[21.859s][info][gc,phases      ] GC(56)   Pre Evacuate Collection Set: 0.0ms
[21.859s][info][gc,phases      ] GC(56)   Evacuate Collection Set: 6.8ms
[21.859s][info][gc,phases      ] GC(56)   Post Evacuate Collection Set: 0.7ms
[21.859s][info][gc,phases      ] GC(56)   Other: 0.5ms
[21.859s][info][gc,heap        ] GC(56) Eden regions: 201->0(201)
[21.859s][info][gc,heap        ] GC(56) Survivor regions: 1->1(26)
[21.859s][info][gc,heap        ] GC(56) Old regions: 24->24
[21.859s][info][gc,heap        ] GC(56) Humongous regions: 6->6
[21.859s][info][gc,metaspace   ] GC(56) Metaspace: 60945K->60945K(1103872K)
[21.859s][info][gc             ] GC(56) Pause Young (Normal) (G1 Evacuation Pause) 230M->29M(338M) 8.129ms
[21.859s][info][gc,cpu         ] GC(56) User=0.01s Sys=0.00s Real=0.01s
[22.219s][info][gc,start       ] GC(57) Pause Young (Normal) (G1 Evacuation Pause)
[22.219s][info][gc,task        ] GC(57) Using 1 workers of 1 for evacuation
[22.222s][info][gc,phases      ] GC(57)   Pre Evacuate Collection Set: 0.0ms
[22.222s][info][gc,phases      ] GC(57)   Evacuate Collection Set: 2.6ms
[22.222s][info][gc,phases      ] GC(57)   Post Evacuate Collection Set: 0.3ms
[22.222s][info][gc,phases      ] GC(57)   Other: 0.3ms
[22.222s][info][gc,heap        ] GC(57) Eden regions: 201->0(201)
[22.222s][info][gc,heap        ] GC(57) Survivor regions: 1->1(26)
[22.222s][info][gc,heap        ] GC(57) Old regions: 24->24
[22.222s][info][gc,heap        ] GC(57) Humongous regions: 6->6
[22.222s][info][gc,metaspace   ] GC(57) Metaspace: 60945K->60945K(1103872K)
[22.222s][info][gc             ] GC(57) Pause Young (Normal) (G1 Evacuation Pause) 230M->29M(338M) 3.343ms
[22.222s][info][gc,cpu         ] GC(57) User=0.01s Sys=0.00s Real=0.00s
[25.928s][info][gc,start       ] GC(58) Pause Young (Normal) (G1 Evacuation Pause)
[25.929s][info][gc,task        ] GC(58) Using 1 workers of 1 for evacuation
[26.042s][info][gc,phases      ] GC(58)   Pre Evacuate Collection Set: 0.0ms
[26.042s][info][gc,phases      ] GC(58)   Evacuate Collection Set: 107.8ms
[26.042s][info][gc,phases      ] GC(58)   Post Evacuate Collection Set: 4.9ms
[26.042s][info][gc,phases      ] GC(58)   Other: 0.4ms
[26.042s][info][gc,heap        ] GC(58) Eden regions: 160->0(1)
[26.042s][info][gc,heap        ] GC(58) Survivor regions: 1->21(21)
[26.042s][info][gc,heap        ] GC(58) Old regions: 24->24
[26.042s][info][gc,heap        ] GC(58) Humongous regions: 17->12
[26.042s][info][gc,metaspace   ] GC(58) Metaspace: 62290K->62290K(1105920K)
[26.042s][info][gc             ] GC(58) Pause Young (Normal) (G1 Evacuation Pause) 200M->54M(338M) 113.378ms
[26.042s][info][gc,cpu         ] GC(58) User=0.07s Sys=0.00s Real=0.11s
[26.118s][info][gc,start       ] GC(59) Pause Young (Normal) (G1 Evacuation Pause)
[26.118s][info][gc,task        ] GC(59) Using 1 workers of 1 for evacuation
[26.169s][info][gc,phases      ] GC(59)   Pre Evacuate Collection Set: 0.0ms
[26.169s][info][gc,phases      ] GC(59)   Evacuate Collection Set: 50.8ms
[26.169s][info][gc,phases      ] GC(59)   Post Evacuate Collection Set: 0.3ms
[26.169s][info][gc,phases      ] GC(59)   Other: 0.2ms
[26.169s][info][gc,heap        ] GC(59) Eden regions: 1->0(15)
[26.169s][info][gc,heap        ] GC(59) Survivor regions: 21->1(3)
[26.169s][info][gc,heap        ] GC(59) Old regions: 24->45
[26.169s][info][gc,heap        ] GC(59) Humongous regions: 12->12
[26.169s][info][gc,metaspace   ] GC(59) Metaspace: 62290K->62290K(1105920K)
[26.169s][info][gc             ] GC(59) Pause Young (Normal) (G1 Evacuation Pause) 55M->55M(338M) 51.335ms
[26.169s][info][gc,cpu         ] GC(59) User=0.04s Sys=0.00s Real=0.05s
[26.338s][info][gc,start       ] GC(60) Pause Young (Normal) (G1 Evacuation Pause)
[26.338s][info][gc,task        ] GC(60) Using 1 workers of 1 for evacuation
[26.350s][info][gc,phases      ] GC(60)   Pre Evacuate Collection Set: 0.0ms
[26.350s][info][gc,phases      ] GC(60)   Evacuate Collection Set: 12.3ms
[26.350s][info][gc,phases      ] GC(60)   Post Evacuate Collection Set: 0.3ms
[26.350s][info][gc,phases      ] GC(60)   Other: 0.2ms
[26.350s][info][gc,heap        ] GC(60) Eden regions: 15->0(157)
[26.350s][info][gc,heap        ] GC(60) Survivor regions: 1->2(2)
[26.350s][info][gc,heap        ] GC(60) Old regions: 45->46
[26.350s][info][gc,heap        ] GC(60) Humongous regions: 12->12
[26.350s][info][gc,metaspace   ] GC(60) Metaspace: 62291K->62291K(1105920K)
[26.350s][info][gc             ] GC(60) Pause Young (Normal) (G1 Evacuation Pause) 70M->58M(338M) 12.820ms
[26.350s][info][gc,cpu         ] GC(60) User=0.01s Sys=0.00s Real=0.01s
[27.400s][info][gc,start       ] GC(61) Pause Young (Normal) (G1 Evacuation Pause)
[27.400s][info][gc,task        ] GC(61) Using 1 workers of 1 for evacuation
[27.542s][info][gc,phases      ] GC(61)   Pre Evacuate Collection Set: 0.0ms
[27.546s][info][gc,phases      ] GC(61)   Evacuate Collection Set: 140.7ms
[27.546s][info][gc,phases      ] GC(61)   Post Evacuate Collection Set: 0.5ms
[27.547s][info][gc,phases      ] GC(61)   Other: 0.6ms
[27.547s][info][gc,heap        ] GC(61) Eden regions: 93->0(57)
[27.547s][info][gc,heap        ] GC(61) Survivor regions: 2->12(12)
[27.547s][info][gc,heap        ] GC(61) Old regions: 46->50
[27.547s][info][gc,heap        ] GC(61) Humongous regions: 21->21
[27.547s][info][gc,metaspace   ] GC(61) Metaspace: 62555K->62555K(1105920K)
[27.547s][info][gc             ] GC(61) Pause Young (Normal) (G1 Evacuation Pause) 160M->81M(338M) 146.695ms
[27.547s][info][gc,cpu         ] GC(61) User=0.07s Sys=0.00s Real=0.14s
[28.108s][info][gc,start       ] GC(62) Pause Young (Normal) (G1 Evacuation Pause)
[28.108s][info][gc,task        ] GC(62) Using 1 workers of 1 for evacuation
[28.305s][info][gc,phases      ] GC(62)   Pre Evacuate Collection Set: 0.0ms
[28.305s][info][gc,phases      ] GC(62)   Evacuate Collection Set: 196.0ms
[28.305s][info][gc,phases      ] GC(62)   Post Evacuate Collection Set: 0.4ms
[28.305s][info][gc,phases      ] GC(62)   Other: 0.2ms
[28.305s][info][gc,heap        ] GC(62) Eden regions: 57->0(32)
[28.305s][info][gc,heap        ] GC(62) Survivor regions: 12->9(9)
[28.305s][info][gc,heap        ] GC(62) Old regions: 50->74
[28.305s][info][gc,heap        ] GC(62) Humongous regions: 32->32
[28.305s][info][gc,metaspace   ] GC(62) Metaspace: 62593K->62593K(1105920K)
[28.305s][info][gc             ] GC(62) Pause Young (Normal) (G1 Evacuation Pause) 149M->113M(338M) 196.787ms
[28.305s][info][gc,cpu         ] GC(62) User=0.10s Sys=0.00s Real=0.19s
[29.053s][info][gc,start       ] GC(63) Pause Young (Normal) (G1 Evacuation Pause)
[29.053s][info][gc,task        ] GC(63) Using 1 workers of 1 for evacuation
[29.115s][info][gc,phases      ] GC(63)   Pre Evacuate Collection Set: 0.0ms
[29.116s][info][gc,phases      ] GC(63)   Evacuate Collection Set: 60.1ms
[29.116s][info][gc,phases      ] GC(63)   Post Evacuate Collection Set: 2.0ms
[29.116s][info][gc,phases      ] GC(63)   Other: 0.3ms
[29.116s][info][gc,heap        ] GC(63) Eden regions: 32->0(44)
[29.116s][info][gc,heap        ] GC(63) Survivor regions: 9->6(6)
[29.116s][info][gc,heap        ] GC(63) Old regions: 74->83
[29.116s][info][gc,heap        ] GC(63) Humongous regions: 32->32
[29.116s][info][gc,metaspace   ] GC(63) Metaspace: 62814K->62814K(1105920K)
[29.116s][info][gc             ] GC(63) Pause Young (Normal) (G1 Evacuation Pause) 145M->119M(672M) 62.449ms
[29.116s][info][gc,cpu         ] GC(63) User=0.05s Sys=0.00s Real=0.06s
[29.472s][info][gc,start       ] GC(64) Pause Young (Normal) (G1 Evacuation Pause)
[29.472s][info][gc,task        ] GC(64) Using 1 workers of 1 for evacuation
[29.517s][info][gc,phases      ] GC(64)   Pre Evacuate Collection Set: 0.0ms
[29.517s][info][gc,phases      ] GC(64)   Evacuate Collection Set: 44.8ms
[29.517s][info][gc,phases      ] GC(64)   Post Evacuate Collection Set: 0.3ms
[29.517s][info][gc,phases      ] GC(64)   Other: 0.3ms
[29.517s][info][gc,heap        ] GC(64) Eden regions: 44->0(50)
[29.517s][info][gc,heap        ] GC(64) Survivor regions: 6->6(7)
[29.517s][info][gc,heap        ] GC(64) Old regions: 83->88
[29.517s][info][gc,heap        ] GC(64) Humongous regions: 38->38
[29.517s][info][gc,metaspace   ] GC(64) Metaspace: 62818K->62818K(1105920K)
[29.517s][info][gc             ] GC(64) Pause Young (Normal) (G1 Evacuation Pause) 169M->130M(672M) 45.469ms
[29.517s][info][gc,cpu         ] GC(64) User=0.04s Sys=0.00s Real=0.05s
[29.618s][info][gc,start       ] GC(65) Pause Young (Normal) (G1 Evacuation Pause)
[29.618s][info][gc,task        ] GC(65) Using 1 workers of 1 for evacuation
[29.649s][info][gc,phases      ] GC(65)   Pre Evacuate Collection Set: 0.0ms
[29.649s][info][gc,phases      ] GC(65)   Evacuate Collection Set: 31.1ms
[29.649s][info][gc,phases      ] GC(65)   Post Evacuate Collection Set: 0.3ms
[29.649s][info][gc,phases      ] GC(65)   Other: 0.2ms
[29.649s][info][gc,heap        ] GC(65) Eden regions: 50->0(87)
[29.649s][info][gc,heap        ] GC(65) Survivor regions: 6->5(7)
[29.649s][info][gc,heap        ] GC(65) Old regions: 88->94
[29.649s][info][gc,heap        ] GC(65) Humongous regions: 38->38
[29.649s][info][gc,metaspace   ] GC(65) Metaspace: 62819K->62819K(1105920K)
[29.649s][info][gc             ] GC(65) Pause Young (Normal) (G1 Evacuation Pause) 180M->135M(672M) 31.723ms
[29.650s][info][gc,cpu         ] GC(65) User=0.03s Sys=0.00s Real=0.03s
[29.822s][info][gc,start       ] GC(66) Pause Young (Normal) (G1 Evacuation Pause)
[29.822s][info][gc,task        ] GC(66) Using 1 workers of 1 for evacuation
[29.862s][info][gc,phases      ] GC(66)   Pre Evacuate Collection Set: 0.0ms
[29.862s][info][gc,phases      ] GC(66)   Evacuate Collection Set: 39.4ms
[29.862s][info][gc,phases      ] GC(66)   Post Evacuate Collection Set: 0.4ms
[29.862s][info][gc,phases      ] GC(66)   Other: 0.2ms
[29.862s][info][gc,heap        ] GC(66) Eden regions: 52->0(85)
[29.862s][info][gc,heap        ] GC(66) Survivor regions: 5->5(8)
[29.862s][info][gc,heap        ] GC(66) Old regions: 94->98
[29.862s][info][gc,heap        ] GC(66) Humongous regions: 43->43
[29.862s][info][gc,metaspace   ] GC(66) Metaspace: 62819K->62819K(1105920K)
[29.862s][info][gc             ] GC(66) Pause Young (Normal) (G1 Evacuation Pause) 192M->144M(672M) 40.134ms
[29.862s][info][gc,cpu         ] GC(66) User=0.04s Sys=0.00s Real=0.04s
[30.128s][info][gc,start       ] GC(67) Pause Young (Normal) (G1 Evacuation Pause)
[30.133s][info][gc,task        ] GC(67) Using 1 workers of 1 for evacuation
[30.196s][info][gc,phases      ] GC(67)   Pre Evacuate Collection Set: 0.0ms
[30.196s][info][gc,phases      ] GC(67)   Evacuate Collection Set: 62.4ms
[30.196s][info][gc,phases      ] GC(67)   Post Evacuate Collection Set: 0.3ms
[30.196s][info][gc,phases      ] GC(67)   Other: 5.3ms
[30.196s][info][gc,heap        ] GC(67) Eden regions: 63->0(87)
[30.196s][info][gc,heap        ] GC(67) Survivor regions: 5->5(9)
[30.196s][info][gc,heap        ] GC(67) Old regions: 98->103
[30.196s][info][gc,heap        ] GC(67) Humongous regions: 43->43
[30.196s][info][gc,metaspace   ] GC(67) Metaspace: 62819K->62819K(1105920K)
[30.196s][info][gc             ] GC(67) Pause Young (Normal) (G1 Evacuation Pause) 207M->149M(672M) 68.131ms
[30.196s][info][gc,cpu         ] GC(67) User=0.04s Sys=0.00s Real=0.07s
[30.422s][info][gc,start       ] GC(68) Pause Young (Normal) (G1 Evacuation Pause)
[30.422s][info][gc,task        ] GC(68) Using 1 workers of 1 for evacuation
[30.459s][info][gc,phases      ] GC(68)   Pre Evacuate Collection Set: 0.0ms
[30.459s][info][gc,phases      ] GC(68)   Evacuate Collection Set: 36.3ms
[30.459s][info][gc,phases      ] GC(68)   Post Evacuate Collection Set: 0.4ms
[30.459s][info][gc,phases      ] GC(68)   Other: 0.2ms
[30.459s][info][gc,heap        ] GC(68) Eden regions: 77->0(106)
[30.459s][info][gc,heap        ] GC(68) Survivor regions: 5->9(11)
[30.459s][info][gc,heap        ] GC(68) Old regions: 103->103
[30.459s][info][gc,heap        ] GC(68) Humongous regions: 43->43
[30.459s][info][gc,metaspace   ] GC(68) Metaspace: 62819K->62819K(1105920K)
[30.459s][info][gc             ] GC(68) Pause Young (Normal) (G1 Evacuation Pause) 226M->153M(672M) 37.160ms
[30.459s][info][gc,cpu         ] GC(68) User=0.04s Sys=0.00s Real=0.04s
[30.735s][info][gc,start       ] GC(69) Pause Young (Normal) (G1 Evacuation Pause)
[30.735s][info][gc,task        ] GC(69) Using 1 workers of 1 for evacuation
[30.813s][info][gc,phases      ] GC(69)   Pre Evacuate Collection Set: 0.0ms
[30.813s][info][gc,phases      ] GC(69)   Evacuate Collection Set: 76.3ms
[30.813s][info][gc,phases      ] GC(69)   Post Evacuate Collection Set: 0.6ms
[30.813s][info][gc,phases      ] GC(69)   Other: 0.3ms
[30.813s][info][gc,heap        ] GC(69) Eden regions: 88->0(97)
[30.813s][info][gc,heap        ] GC(69) Survivor regions: 9->10(13)
[30.813s][info][gc,heap        ] GC(69) Old regions: 103->106
[30.813s][info][gc,heap        ] GC(69) Humongous regions: 52->52
[30.813s][info][gc,metaspace   ] GC(69) Metaspace: 62819K->62819K(1105920K)
[30.813s][info][gc             ] GC(69) Pause Young (Normal) (G1 Evacuation Pause) 250M->165M(672M) 77.260ms
[30.813s][info][gc,cpu         ] GC(69) User=0.07s Sys=0.00s Real=0.08s
[31.354s][info][gc,start       ] GC(70) Pause Young (Normal) (G1 Evacuation Pause)
[31.354s][info][gc,task        ] GC(70) Using 1 workers of 1 for evacuation
[31.445s][info][gc,phases      ] GC(70)   Pre Evacuate Collection Set: 0.0ms
[31.445s][info][gc,phases      ] GC(70)   Evacuate Collection Set: 90.1ms
[31.445s][info][gc,phases      ] GC(70)   Post Evacuate Collection Set: 1.1ms
[31.445s][info][gc,phases      ] GC(70)   Other: 0.3ms
[31.445s][info][gc,heap        ] GC(70) Eden regions: 87->0(104)
[31.445s][info][gc,heap        ] GC(70) Survivor regions: 10->11(13)
[31.445s][info][gc,heap        ] GC(70) Old regions: 106->110
[31.445s][info][gc,heap        ] GC(70) Humongous regions: 52->52
[31.445s][info][gc,metaspace   ] GC(70) Metaspace: 62887K->62887K(1105920K)
[31.445s][info][gc             ] GC(70) Pause Young (Normal) (G1 Evacuation Pause) 252M->171M(789M) 91.526ms
[31.445s][info][gc,cpu         ] GC(70) User=0.10s Sys=0.00s Real=0.09s
[33.323s][info][gc,start       ] GC(71) Pause Young (Normal) (G1 Evacuation Pause)
[33.323s][info][gc,task        ] GC(71) Using 1 workers of 1 for evacuation
[33.419s][info][gc,phases      ] GC(71)   Pre Evacuate Collection Set: 0.0ms
[33.419s][info][gc,phases      ] GC(71)   Evacuate Collection Set: 94.8ms
[33.419s][info][gc,phases      ] GC(71)   Post Evacuate Collection Set: 0.5ms
[33.419s][info][gc,phases      ] GC(71)   Other: 0.4ms
[33.419s][info][gc,heap        ] GC(71) Eden regions: 104->0(115)
[33.419s][info][gc,heap        ] GC(71) Survivor regions: 11->15(15)
[33.419s][info][gc,heap        ] GC(71) Old regions: 110->119
[33.419s][info][gc,heap        ] GC(71) Humongous regions: 60->60
[33.419s][info][gc,metaspace   ] GC(71) Metaspace: 63049K->63049K(1105920K)
[33.419s][info][gc             ] GC(71) Pause Young (Normal) (G1 Evacuation Pause) 283M->192M(789M) 95.903ms
[33.419s][info][gc,cpu         ] GC(71) User=0.08s Sys=0.00s Real=0.10s
[33.986s][info][gc,start       ] GC(72) Pause Young (Normal) (G1 Evacuation Pause)
[33.986s][info][gc,task        ] GC(72) Using 1 workers of 1 for evacuation
[34.086s][info][gc,phases      ] GC(72)   Pre Evacuate Collection Set: 0.0ms
[34.086s][info][gc,phases      ] GC(72)   Evacuate Collection Set: 99.0ms
[34.086s][info][gc,phases      ] GC(72)   Post Evacuate Collection Set: 0.5ms
[34.086s][info][gc,phases      ] GC(72)   Other: 0.2ms
[34.086s][info][gc,heap        ] GC(72) Eden regions: 115->0(111)
[34.086s][info][gc,heap        ] GC(72) Survivor regions: 15->17(17)
[34.086s][info][gc,heap        ] GC(72) Old regions: 119->137
[34.086s][info][gc,heap        ] GC(72) Humongous regions: 68->68
[34.086s][info][gc,metaspace   ] GC(72) Metaspace: 63052K->63052K(1105920K)
[34.086s][info][gc             ] GC(72) Pause Young (Normal) (G1 Evacuation Pause) 315M->220M(789M) 99.879ms
[34.086s][info][gc,cpu         ] GC(72) User=0.09s Sys=0.00s Real=0.10s
[34.440s][info][gc,start       ] GC(73) Pause Young (Normal) (G1 Evacuation Pause)
[34.440s][info][gc,task        ] GC(73) Using 1 workers of 1 for evacuation
[34.555s][info][gc,phases      ] GC(73)   Pre Evacuate Collection Set: 0.0ms
[34.555s][info][gc,phases      ] GC(73)   Evacuate Collection Set: 114.7ms
[34.555s][info][gc,phases      ] GC(73)   Post Evacuate Collection Set: 0.5ms
[34.555s][info][gc,phases      ] GC(73)   Other: 0.3ms
[34.555s][info][gc,heap        ] GC(73) Eden regions: 111->0(85)
[34.555s][info][gc,heap        ] GC(73) Survivor regions: 17->16(16)
[34.555s][info][gc,heap        ] GC(73) Old regions: 137->168
[34.555s][info][gc,heap        ] GC(73) Humongous regions: 83->83
[34.555s][info][gc,metaspace   ] GC(73) Metaspace: 63068K->63068K(1105920K)
[34.555s][info][gc             ] GC(73) Pause Young (Normal) (G1 Evacuation Pause) 346M->265M(789M) 115.725ms
[34.555s][info][gc,cpu         ] GC(73) User=0.12s Sys=0.00s Real=0.11s
[34.872s][info][gc,start       ] GC(74) Pause Young (Normal) (G1 Evacuation Pause)
[34.872s][info][gc,task        ] GC(74) Using 1 workers of 1 for evacuation
[34.936s][info][gc,phases      ] GC(74)   Pre Evacuate Collection Set: 0.0ms
[34.936s][info][gc,phases      ] GC(74)   Evacuate Collection Set: 61.9ms
[34.936s][info][gc,phases      ] GC(74)   Post Evacuate Collection Set: 1.1ms
[34.936s][info][gc,phases      ] GC(74)   Other: 0.3ms
[34.936s][info][gc,heap        ] GC(74) Eden regions: 85->0(72)
[34.936s][info][gc,heap        ] GC(74) Survivor regions: 16->10(13)
[34.936s][info][gc,heap        ] GC(74) Old regions: 168->184
[34.936s][info][gc,heap        ] GC(74) Humongous regions: 89->89
[34.936s][info][gc,metaspace   ] GC(74) Metaspace: 63069K->63069K(1105920K)
[34.936s][info][gc             ] GC(74) Pause Young (Normal) (G1 Evacuation Pause) 356M->281M(982M) 63.411ms
[34.936s][info][gc,cpu         ] GC(74) User=0.06s Sys=0.00s Real=0.06s
[35.174s][info][gc,start       ] GC(75) Pause Young (Normal) (G1 Evacuation Pause)
[35.174s][info][gc,task        ] GC(75) Using 1 workers of 1 for evacuation
[35.227s][info][gc,phases      ] GC(75)   Pre Evacuate Collection Set: 0.0ms
[35.227s][info][gc,phases      ] GC(75)   Evacuate Collection Set: 52.3ms
[35.227s][info][gc,phases      ] GC(75)   Post Evacuate Collection Set: 0.4ms
[35.227s][info][gc,phases      ] GC(75)   Other: 0.2ms
[35.227s][info][gc,heap        ] GC(75) Eden regions: 72->0(106)
[35.227s][info][gc,heap        ] GC(75) Survivor regions: 10->7(11)
[35.227s][info][gc,heap        ] GC(75) Old regions: 184->193
[35.227s][info][gc,heap        ] GC(75) Humongous regions: 94->94
[35.227s][info][gc,metaspace   ] GC(75) Metaspace: 63069K->63069K(1105920K)
[35.227s][info][gc             ] GC(75) Pause Young (Normal) (G1 Evacuation Pause) 358M->292M(982M) 53.095ms
[35.227s][info][gc,cpu         ] GC(75) User=0.05s Sys=0.00s Real=0.05s
[35.531s][info][gc,start       ] GC(76) Pause Young (Normal) (G1 Evacuation Pause)
[35.531s][info][gc,task        ] GC(76) Using 1 workers of 1 for evacuation
[35.581s][info][gc,phases      ] GC(76)   Pre Evacuate Collection Set: 0.0ms
[35.581s][info][gc,phases      ] GC(76)   Evacuate Collection Set: 49.0ms
[35.581s][info][gc,phases      ] GC(76)   Post Evacuate Collection Set: 0.5ms
[35.581s][info][gc,phases      ] GC(76)   Other: 0.2ms
[35.581s][info][gc,heap        ] GC(76) Eden regions: 106->0(124)
[35.581s][info][gc,heap        ] GC(76) Survivor regions: 7->13(15)
[35.581s][info][gc,heap        ] GC(76) Old regions: 193->193
[35.581s][info][gc,heap        ] GC(76) Humongous regions: 94->94
[35.581s][info][gc,metaspace   ] GC(76) Metaspace: 63069K->63069K(1105920K)
[35.581s][info][gc             ] GC(76) Pause Young (Normal) (G1 Evacuation Pause) 398M->298M(982M) 49.881ms
[35.581s][info][gc,cpu         ] GC(76) User=0.04s Sys=0.00s Real=0.05s
[36.052s][info][gc,start       ] GC(77) Pause Young (Normal) (G1 Evacuation Pause)
[36.053s][info][gc,task        ] GC(77) Using 1 workers of 1 for evacuation
[36.159s][info][gc,phases      ] GC(77)   Pre Evacuate Collection Set: 0.0ms
[36.159s][info][gc,phases      ] GC(77)   Evacuate Collection Set: 105.8ms
[36.159s][info][gc,phases      ] GC(77)   Post Evacuate Collection Set: 0.6ms
[36.159s][info][gc,phases      ] GC(77)   Other: 0.3ms
[36.159s][info][gc,heap        ] GC(77) Eden regions: 124->0(36)
[36.159s][info][gc,heap        ] GC(77) Survivor regions: 13->13(18)
[36.159s][info][gc,heap        ] GC(77) Old regions: 193->199
[36.159s][info][gc,heap        ] GC(77) Humongous regions: 103->103
[36.159s][info][gc,metaspace   ] GC(77) Metaspace: 63069K->63069K(1105920K)
[36.159s][info][gc             ] GC(77) Pause Young (Normal) (G1 Evacuation Pause) 431M->313M(982M) 106.925ms
[36.159s][info][gc,cpu         ] GC(77) User=0.10s Sys=0.00s Real=0.11s
[36.302s][info][gc,start       ] GC(78) Pause Young (Normal) (G1 Evacuation Pause)
[36.302s][info][gc,task        ] GC(78) Using 1 workers of 1 for evacuation
[36.375s][info][gc,phases      ] GC(78)   Pre Evacuate Collection Set: 0.0ms
[36.375s][info][gc,phases      ] GC(78)   Evacuate Collection Set: 71.9ms
[36.375s][info][gc,phases      ] GC(78)   Post Evacuate Collection Set: 0.8ms
[36.375s][info][gc,phases      ] GC(78)   Other: 0.2ms
[36.375s][info][gc,heap        ] GC(78) Eden regions: 36->0(50)
[36.375s][info][gc,heap        ] GC(78) Survivor regions: 13->3(7)
[36.375s][info][gc,heap        ] GC(78) Old regions: 199->212
[36.375s][info][gc,heap        ] GC(78) Humongous regions: 103->103
[36.375s][info][gc,metaspace   ] GC(78) Metaspace: 63069K->63069K(1105920K)
[36.375s][info][gc             ] GC(78) Pause Young (Normal) (G1 Evacuation Pause) 349M->316M(1067M) 73.022ms
[36.375s][info][gc,cpu         ] GC(78) User=0.08s Sys=0.00s Real=0.07s
[36.974s][info][gc,start       ] GC(79) Pause Young (Normal) (G1 Evacuation Pause)
[36.974s][info][gc,task        ] GC(79) Using 1 workers of 1 for evacuation
[37.013s][info][gc,phases      ] GC(79)   Pre Evacuate Collection Set: 0.1ms
[37.013s][info][gc,phases      ] GC(79)   Evacuate Collection Set: 38.5ms
[37.013s][info][gc,phases      ] GC(79)   Post Evacuate Collection Set: 0.5ms
[37.013s][info][gc,phases      ] GC(79)   Other: 0.3ms
[37.013s][info][gc,heap        ] GC(79) Eden regions: 50->0(82)
[37.013s][info][gc,heap        ] GC(79) Survivor regions: 3->5(7)
[37.013s][info][gc,heap        ] GC(79) Old regions: 212->212
[37.013s][info][gc,heap        ] GC(79) Humongous regions: 108->108
[37.013s][info][gc,metaspace   ] GC(79) Metaspace: 63071K->63071K(1105920K)
[37.013s][info][gc             ] GC(79) Pause Young (Normal) (G1 Evacuation Pause) 371M->323M(1067M) 39.419ms
[37.013s][info][gc,cpu         ] GC(79) User=0.04s Sys=0.00s Real=0.04s
[37.464s][info][gc,start       ] GC(80) Pause Young (Normal) (G1 Evacuation Pause)
[37.464s][info][gc,task        ] GC(80) Using 1 workers of 1 for evacuation
[37.535s][info][gc,phases      ] GC(80)   Pre Evacuate Collection Set: 0.1ms
[37.535s][info][gc,phases      ] GC(80)   Evacuate Collection Set: 70.5ms
[37.535s][info][gc,phases      ] GC(80)   Post Evacuate Collection Set: 0.5ms
[37.535s][info][gc,phases      ] GC(80)   Other: 0.6ms
[37.535s][info][gc,heap        ] GC(80) Eden regions: 82->0(56)
[37.535s][info][gc,heap        ] GC(80) Survivor regions: 5->11(11)
[37.535s][info][gc,heap        ] GC(80) Old regions: 212->217
[37.535s][info][gc,heap        ] GC(80) Humongous regions: 111->111
[37.535s][info][gc,metaspace   ] GC(80) Metaspace: 63102K->63102K(1105920K)
[37.535s][info][gc             ] GC(80) Pause Young (Normal) (G1 Evacuation Pause) 408M->337M(1067M) 71.735ms
[37.535s][info][gc,cpu         ] GC(80) User=0.06s Sys=0.00s Real=0.07s
[37.837s][info][gc,start       ] GC(81) Pause Young (Normal) (G1 Evacuation Pause)
[37.837s][info][gc,task        ] GC(81) Using 1 workers of 1 for evacuation
[37.906s][info][gc,phases      ] GC(81)   Pre Evacuate Collection Set: 0.1ms
[37.907s][info][gc,phases      ] GC(81)   Evacuate Collection Set: 69.0ms
[37.907s][info][gc,phases      ] GC(81)   Post Evacuate Collection Set: 0.3ms
[37.907s][info][gc,phases      ] GC(81)   Other: 0.2ms
[37.907s][info][gc,heap        ] GC(81) Eden regions: 56->0(78)
[37.907s][info][gc,heap        ] GC(81) Survivor regions: 11->9(9)
[37.907s][info][gc,heap        ] GC(81) Old regions: 217->231
[37.907s][info][gc,heap        ] GC(81) Humongous regions: 114->114
[37.907s][info][gc,metaspace   ] GC(81) Metaspace: 63103K->63103K(1105920K)
[37.907s][info][gc             ] GC(81) Pause Young (Normal) (G1 Evacuation Pause) 396M->352M(1067M) 69.671ms
[37.907s][info][gc,cpu         ] GC(81) User=0.07s Sys=0.00s Real=0.06s
[38.235s][info][gc,start       ] GC(82) Pause Young (Normal) (G1 Evacuation Pause)
[38.235s][info][gc,task        ] GC(82) Using 1 workers of 1 for evacuation
[38.293s][info][gc,phases      ] GC(82)   Pre Evacuate Collection Set: 0.1ms
[38.293s][info][gc,phases      ] GC(82)   Evacuate Collection Set: 57.2ms
[38.293s][info][gc,phases      ] GC(82)   Post Evacuate Collection Set: 0.5ms
[38.293s][info][gc,phases      ] GC(82)   Other: 0.4ms
[38.293s][info][gc,heap        ] GC(82) Eden regions: 78->0(93)
[38.293s][info][gc,heap        ] GC(82) Survivor regions: 9->11(11)
[38.293s][info][gc,heap        ] GC(82) Old regions: 231->240
[38.293s][info][gc,heap        ] GC(82) Humongous regions: 119->119
[38.293s][info][gc,metaspace   ] GC(82) Metaspace: 63103K->63103K(1105920K)
[38.293s][info][gc             ] GC(82) Pause Young (Normal) (G1 Evacuation Pause) 435M->368M(1067M) 58.212ms
[38.293s][info][gc,cpu         ] GC(82) User=0.05s Sys=0.01s Real=0.06s
[38.540s][info][gc,start       ] GC(83) Pause Young (Normal) (G1 Evacuation Pause)
[38.540s][info][gc,task        ] GC(83) Using 1 workers of 1 for evacuation
[38.645s][info][gc,phases      ] GC(83)   Pre Evacuate Collection Set: 0.1ms
[38.645s][info][gc,phases      ] GC(83)   Evacuate Collection Set: 104.4ms
[38.645s][info][gc,phases      ] GC(83)   Post Evacuate Collection Set: 1.0ms
[38.645s][info][gc,phases      ] GC(83)   Other: 0.3ms
[38.645s][info][gc,heap        ] GC(83) Eden regions: 93->0(95)
[38.645s][info][gc,heap        ] GC(83) Survivor regions: 11->13(13)
[38.645s][info][gc,heap        ] GC(83) Old regions: 240->267
[38.645s][info][gc,heap        ] GC(83) Humongous regions: 134->134
[38.645s][info][gc,metaspace   ] GC(83) Metaspace: 63115K->63115K(1105920K)
[38.645s][info][gc             ] GC(83) Pause Young (Normal) (G1 Evacuation Pause) 476M->412M(1167M) 105.747ms
[38.645s][info][gc,cpu         ] GC(83) User=0.10s Sys=0.00s Real=0.10s
[38.911s][info][gc,start       ] GC(84) Pause Young (Normal) (G1 Evacuation Pause)
[38.911s][info][gc,task        ] GC(84) Using 1 workers of 1 for evacuation
[38.976s][info][gc,phases      ] GC(84)   Pre Evacuate Collection Set: 0.1ms
[38.976s][info][gc,phases      ] GC(84)   Evacuate Collection Set: 64.9ms
[38.976s][info][gc,phases      ] GC(84)   Post Evacuate Collection Set: 0.4ms
[38.976s][info][gc,phases      ] GC(84)   Other: 0.3ms
[38.976s][info][gc,heap        ] GC(84) Eden regions: 95->0(107)
[38.976s][info][gc,heap        ] GC(84) Survivor regions: 13->10(14)
[38.976s][info][gc,heap        ] GC(84) Old regions: 267->280
[38.976s][info][gc,heap        ] GC(84) Humongous regions: 140->140
[38.976s][info][gc,metaspace   ] GC(84) Metaspace: 63115K->63115K(1105920K)
[38.976s][info][gc             ] GC(84) Pause Young (Normal) (G1 Evacuation Pause) 513M->428M(1167M) 65.728ms
[38.976s][info][gc,cpu         ] GC(84) User=0.06s Sys=0.01s Real=0.06s
[39.265s][info][gc,start       ] GC(85) Pause Young (Normal) (G1 Evacuation Pause)
[39.265s][info][gc,task        ] GC(85) Using 1 workers of 1 for evacuation
[39.327s][info][gc,phases      ] GC(85)   Pre Evacuate Collection Set: 0.1ms
[39.327s][info][gc,phases      ] GC(85)   Evacuate Collection Set: 60.9ms
[39.327s][info][gc,phases      ] GC(85)   Post Evacuate Collection Set: 0.4ms
[39.327s][info][gc,phases      ] GC(85)   Other: 0.3ms
[39.327s][info][gc,heap        ] GC(85) Eden regions: 107->0(122)
[39.327s][info][gc,heap        ] GC(85) Survivor regions: 10->9(15)
[39.327s][info][gc,heap        ] GC(85) Old regions: 280->289
[39.327s][info][gc,heap        ] GC(85) Humongous regions: 145->145
[39.327s][info][gc,metaspace   ] GC(85) Metaspace: 63115K->63115K(1105920K)
[39.327s][info][gc             ] GC(85) Pause Young (Normal) (G1 Evacuation Pause) 540M->441M(1167M) 61.738ms
[39.327s][info][gc,cpu         ] GC(85) User=0.06s Sys=0.00s Real=0.06s
[39.668s][info][gc,start       ] GC(86) Pause Young (Normal) (G1 Evacuation Pause)
[39.668s][info][gc,task        ] GC(86) Using 1 workers of 1 for evacuation
[39.717s][info][gc,phases      ] GC(86)   Pre Evacuate Collection Set: 0.1ms
[39.717s][info][gc,phases      ] GC(86)   Evacuate Collection Set: 48.3ms
[39.717s][info][gc,phases      ] GC(86)   Post Evacuate Collection Set: 0.3ms
[39.717s][info][gc,phases      ] GC(86)   Other: 0.3ms
[39.717s][info][gc,heap        ] GC(86) Eden regions: 122->0(143)
[39.717s][info][gc,heap        ] GC(86) Survivor regions: 9->8(17)
[39.717s][info][gc,heap        ] GC(86) Old regions: 289->297
[39.717s][info][gc,heap        ] GC(86) Humongous regions: 145->145
[39.717s][info][gc,metaspace   ] GC(86) Metaspace: 63116K->63116K(1105920K)
[39.717s][info][gc             ] GC(86) Pause Young (Normal) (G1 Evacuation Pause) 563M->448M(1167M) 49.106ms
[39.717s][info][gc,cpu         ] GC(86) User=0.04s Sys=0.00s Real=0.06s
[40.091s][info][gc,start       ] GC(87) Pause Young (Normal) (G1 Evacuation Pause)
[40.091s][info][gc,task        ] GC(87) Using 1 workers of 1 for evacuation
[40.186s][info][gc,phases      ] GC(87)   Pre Evacuate Collection Set: 0.1ms
[40.186s][info][gc,phases      ] GC(87)   Evacuate Collection Set: 94.1ms
[40.186s][info][gc,phases      ] GC(87)   Post Evacuate Collection Set: 1.2ms
[40.186s][info][gc,phases      ] GC(87)   Other: 0.3ms
[40.186s][info][gc,heap        ] GC(87) Eden regions: 117->0(125)
[40.186s][info][gc,heap        ] GC(87) Survivor regions: 8->14(16)
[40.186s][info][gc,heap        ] GC(87) Old regions: 297->297
[40.186s][info][gc,heap        ] GC(87) Humongous regions: 154->154
[40.186s][info][gc,metaspace   ] GC(87) Metaspace: 63116K->63116K(1105920K)
[40.187s][info][gc             ] GC(87) Pause Young (Normal) (G1 Evacuation Pause) 574M->463M(1284M) 95.724ms
[40.187s][info][gc,cpu         ] GC(87) User=0.09s Sys=0.00s Real=0.09s
[41.167s][info][gc,start       ] GC(88) Pause Young (Normal) (G1 Evacuation Pause)
[41.167s][info][gc,task        ] GC(88) Using 1 workers of 1 for evacuation
[41.320s][info][gc,phases      ] GC(88)   Pre Evacuate Collection Set: 0.1ms
[41.320s][info][gc,phases      ] GC(88)   Evacuate Collection Set: 151.6ms
[41.320s][info][gc,phases      ] GC(88)   Post Evacuate Collection Set: 0.6ms
[41.320s][info][gc,phases      ] GC(88)   Other: 0.5ms
[41.320s][info][gc,heap        ] GC(88) Eden regions: 61->0(82)
[41.320s][info][gc,heap        ] GC(88) Survivor regions: 14->6(10)
[41.320s][info][gc,heap        ] GC(88) Old regions: 297->310
[41.320s][info][gc,heap        ] GC(88) Humongous regions: 167->162
[41.320s][info][gc,metaspace   ] GC(88) Metaspace: 63184K->63184K(1105920K)
[41.320s][info][gc             ] GC(88) Pause Young (Normal) (G1 Evacuation Pause) 537M->476M(1284M) 153.008ms
[41.320s][info][gc,cpu         ] GC(88) User=0.12s Sys=0.00s Real=0.16s
[41.877s][info][gc,start       ] GC(89) Pause Young (Normal) (G1 Evacuation Pause)
[41.877s][info][gc,task        ] GC(89) Using 1 workers of 1 for evacuation
[42.010s][info][gc,phases      ] GC(89)   Pre Evacuate Collection Set: 0.1ms
[42.010s][info][gc,phases      ] GC(89)   Evacuate Collection Set: 131.8ms
[42.010s][info][gc,phases      ] GC(89)   Post Evacuate Collection Set: 0.4ms
[42.010s][info][gc,phases      ] GC(89)   Other: 0.3ms
[42.010s][info][gc,heap        ] GC(89) Eden regions: 82->0(53)
[42.010s][info][gc,heap        ] GC(89) Survivor regions: 6->11(11)
[42.010s][info][gc,heap        ] GC(89) Old regions: 310->332
[42.010s][info][gc,heap        ] GC(89) Humongous regions: 181->181
[42.010s][info][gc,metaspace   ] GC(89) Metaspace: 63194K->63194K(1105920K)
[42.010s][info][gc             ] GC(89) Pause Young (Normal) (G1 Evacuation Pause) 577M->522M(1284M) 132.647ms
[42.010s][info][gc,cpu         ] GC(89) User=0.12s Sys=0.01s Real=0.13s
[42.209s][info][gc,start       ] GC(90) Pause Young (Normal) (G1 Evacuation Pause)
[42.209s][info][gc,task        ] GC(90) Using 1 workers of 1 for evacuation
[42.293s][info][gc,phases      ] GC(90)   Pre Evacuate Collection Set: 0.1ms
[42.293s][info][gc,phases      ] GC(90)   Evacuate Collection Set: 82.9ms
[42.293s][info][gc,phases      ] GC(90)   Post Evacuate Collection Set: 0.7ms
[42.293s][info][gc,phases      ] GC(90)   Other: 0.4ms
[42.293s][info][gc,heap        ] GC(90) Eden regions: 53->0(56)
[42.293s][info][gc,heap        ] GC(90) Survivor regions: 11->8(8)
[42.293s][info][gc,heap        ] GC(90) Old regions: 332->343
[42.293s][info][gc,heap        ] GC(90) Humongous regions: 182->182
[42.293s][info][gc,metaspace   ] GC(90) Metaspace: 63196K->63196K(1105920K)
[42.293s][info][gc             ] GC(90) Pause Young (Normal) (G1 Evacuation Pause) 576M->531M(1284M) 84.208ms
[42.294s][info][gc,cpu         ] GC(90) User=0.08s Sys=0.00s Real=0.08s
[42.474s][info][gc,start       ] GC(91) Pause Young (Normal) (G1 Evacuation Pause)
[42.474s][info][gc,task        ] GC(91) Using 1 workers of 1 for evacuation
[42.534s][info][gc,phases      ] GC(91)   Pre Evacuate Collection Set: 0.1ms
[42.534s][info][gc,phases      ] GC(91)   Evacuate Collection Set: 58.0ms
[42.534s][info][gc,phases      ] GC(91)   Post Evacuate Collection Set: 1.1ms
[42.534s][info][gc,phases      ] GC(91)   Other: 0.3ms
[42.534s][info][gc,heap        ] GC(91) Eden regions: 56->0(63)
[42.534s][info][gc,heap        ] GC(91) Survivor regions: 8->7(8)
[42.534s][info][gc,heap        ] GC(91) Old regions: 343->350
[42.534s][info][gc,heap        ] GC(91) Humongous regions: 187->187
[42.534s][info][gc,metaspace   ] GC(91) Metaspace: 63196K->63196K(1105920K)
[42.534s][info][gc             ] GC(91) Pause Young (Normal) (G1 Evacuation Pause) 592M->542M(1411M) 59.597ms
[42.534s][info][gc,cpu         ] GC(91) User=0.06s Sys=0.00s Real=0.06s
[42.853s][info][gc,start       ] GC(92) Pause Young (Normal) (G1 Evacuation Pause)
[42.853s][info][gc,task        ] GC(92) Using 1 workers of 1 for evacuation
[42.902s][info][gc,phases      ] GC(92)   Pre Evacuate Collection Set: 0.1ms
[42.902s][info][gc,phases      ] GC(92)   Evacuate Collection Set: 48.5ms
[42.902s][info][gc,phases      ] GC(92)   Post Evacuate Collection Set: 0.4ms
[42.902s][info][gc,phases      ] GC(92)   Other: 0.8ms
[42.902s][info][gc,heap        ] GC(92) Eden regions: 63->0(64)
[42.902s][info][gc,heap        ] GC(92) Survivor regions: 7->6(9)
[42.902s][info][gc,heap        ] GC(92) Old regions: 350->356
[42.902s][info][gc,heap        ] GC(92) Humongous regions: 192->192
[42.902s][info][gc,metaspace   ] GC(92) Metaspace: 63196K->63196K(1105920K)
[42.902s][info][gc             ] GC(92) Pause Young (Normal) (G1 Evacuation Pause) 610M->552M(1411M) 49.782ms
[42.902s][info][gc,cpu         ] GC(92) User=0.05s Sys=0.00s Real=0.05s
[43.089s][info][gc,start       ] GC(93) Pause Young (Normal) (G1 Evacuation Pause)
[43.089s][info][gc,task        ] GC(93) Using 1 workers of 1 for evacuation
[43.131s][info][gc,phases      ] GC(93)   Pre Evacuate Collection Set: 0.1ms
[43.131s][info][gc,phases      ] GC(93)   Evacuate Collection Set: 41.4ms
[43.131s][info][gc,phases      ] GC(93)   Post Evacuate Collection Set: 0.4ms
[43.131s][info][gc,phases      ] GC(93)   Other: 0.3ms
[43.131s][info][gc,heap        ] GC(93) Eden regions: 64->0(87)
[43.131s][info][gc,heap        ] GC(93) Survivor regions: 6->5(9)
[43.131s][info][gc,heap        ] GC(93) Old regions: 356->362
[43.131s][info][gc,heap        ] GC(93) Humongous regions: 192->192
[43.131s][info][gc,metaspace   ] GC(93) Metaspace: 63196K->63196K(1105920K)
[43.131s][info][gc             ] GC(93) Pause Young (Normal) (G1 Evacuation Pause) 616M->557M(1411M) 42.148ms
[43.131s][info][gc,cpu         ] GC(93) User=0.05s Sys=0.00s Real=0.04s
[43.417s][info][gc,start       ] GC(94) Pause Young (Normal) (G1 Evacuation Pause)
[43.417s][info][gc,task        ] GC(94) Using 1 workers of 1 for evacuation
[43.450s][info][gc,phases      ] GC(94)   Pre Evacuate Collection Set: 0.1ms
[43.450s][info][gc,phases      ] GC(94)   Evacuate Collection Set: 32.2ms
[43.450s][info][gc,phases      ] GC(94)   Post Evacuate Collection Set: 0.3ms
[43.450s][info][gc,phases      ] GC(94)   Other: 0.3ms
[43.450s][info][gc,heap        ] GC(94) Eden regions: 87->0(106)
[43.450s][info][gc,heap        ] GC(94) Survivor regions: 5->10(12)
[43.450s][info][gc,heap        ] GC(94) Old regions: 362->362
[43.450s][info][gc,heap        ] GC(94) Humongous regions: 192->192
[43.450s][info][gc,metaspace   ] GC(94) Metaspace: 63196K->63196K(1105920K)
[43.450s][info][gc             ] GC(94) Pause Young (Normal) (G1 Evacuation Pause) 644M->562M(1411M) 32.972ms
[43.450s][info][gc,cpu         ] GC(94) User=0.03s Sys=0.00s Real=0.03s
[43.783s][info][gc,start       ] GC(95) Pause Young (Normal) (G1 Evacuation Pause)
[43.784s][info][gc,task        ] GC(95) Using 1 workers of 1 for evacuation
[43.854s][info][gc,phases      ] GC(95)   Pre Evacuate Collection Set: 0.1ms
[43.854s][info][gc,phases      ] GC(95)   Evacuate Collection Set: 69.2ms
[43.854s][info][gc,phases      ] GC(95)   Post Evacuate Collection Set: 0.6ms
[43.854s][info][gc,phases      ] GC(95)   Other: 0.3ms
[43.854s][info][gc,heap        ] GC(95) Eden regions: 106->0(59)
[43.854s][info][gc,heap        ] GC(95) Survivor regions: 10->12(15)
[43.854s][info][gc,heap        ] GC(95) Old regions: 362->365
[43.854s][info][gc,heap        ] GC(95) Humongous regions: 201->201
[43.854s][info][gc,metaspace   ] GC(95) Metaspace: 63197K->63197K(1105920K)
[43.854s][info][gc             ] GC(95) Pause Young (Normal) (G1 Evacuation Pause) 677M->576M(1411M) 70.276ms
[43.854s][info][gc,cpu         ] GC(95) User=0.07s Sys=0.00s Real=0.07s
[44.529s][info][gc,start       ] GC(96) Pause Young (Normal) (G1 Evacuation Pause)
[44.529s][info][gc,task        ] GC(96) Using 1 workers of 1 for evacuation
[44.616s][info][gc,phases      ] GC(96)   Pre Evacuate Collection Set: 0.1ms
[44.616s][info][gc,phases      ] GC(96)   Evacuate Collection Set: 86.0ms
[44.616s][info][gc,phases      ] GC(96)   Post Evacuate Collection Set: 0.8ms
[44.616s][info][gc,phases      ] GC(96)   Other: 0.3ms
[44.616s][info][gc,heap        ] GC(96) Eden regions: 58->0(76)
[44.616s][info][gc,heap        ] GC(96) Survivor regions: 12->8(9)
[44.616s][info][gc,heap        ] GC(96) Old regions: 365->377
[44.616s][info][gc,heap        ] GC(96) Humongous regions: 212->212
[44.616s][info][gc,metaspace   ] GC(96) Metaspace: 63221K->63221K(1105920K)
[44.616s][info][gc             ] GC(96) Pause Young (Normal) (G1 Evacuation Pause) 645M->594M(1450M) 87.277ms
[44.616s][info][gc,cpu         ] GC(96) User=0.09s Sys=0.00s Real=0.08s
[44.918s][info][gc,start       ] GC(97) Pause Young (Normal) (G1 Evacuation Pause)
[44.918s][info][gc,task        ] GC(97) Using 1 workers of 1 for evacuation
[45.023s][info][gc,phases      ] GC(97)   Pre Evacuate Collection Set: 0.1ms
[45.023s][info][gc,phases      ] GC(97)   Evacuate Collection Set: 104.6ms
[45.023s][info][gc,phases      ] GC(97)   Post Evacuate Collection Set: 0.4ms
[45.023s][info][gc,phases      ] GC(97)   Other: 0.3ms
[45.023s][info][gc,heap        ] GC(97) Eden regions: 76->0(72)
[45.023s][info][gc,heap        ] GC(97) Survivor regions: 8->11(11)
[45.023s][info][gc,heap        ] GC(97) Old regions: 377->399
[45.023s][info][gc,heap        ] GC(97) Humongous regions: 228->228
[45.023s][info][gc,metaspace   ] GC(97) Metaspace: 63221K->63221K(1105920K)
[45.023s][info][gc             ] GC(97) Pause Young (Normal) (G1 Evacuation Pause) 686M->636M(1450M) 105.560ms
[45.023s][info][gc,cpu         ] GC(97) User=0.11s Sys=0.00s Real=0.10s
[45.282s][info][gc,start       ] GC(98) Pause Young (Normal) (G1 Evacuation Pause)
[45.282s][info][gc,task        ] GC(98) Using 1 workers of 1 for evacuation
[45.398s][info][gc,phases      ] GC(98)   Pre Evacuate Collection Set: 0.1ms
[45.398s][info][gc,phases      ] GC(98)   Evacuate Collection Set: 115.2ms
[45.398s][info][gc,phases      ] GC(98)   Post Evacuate Collection Set: 0.7ms
[45.399s][info][gc,phases      ] GC(98)   Other: 0.3ms
[45.399s][info][gc,heap        ] GC(98) Eden regions: 72->0(62)
[45.399s][info][gc,heap        ] GC(98) Survivor regions: 11->10(11)
[45.399s][info][gc,heap        ] GC(98) Old regions: 399->410
[45.399s][info][gc,heap        ] GC(98) Humongous regions: 231->231
[45.399s][info][gc,metaspace   ] GC(98) Metaspace: 63223K->63223K(1105920K)
[45.399s][info][gc             ] GC(98) Pause Young (Normal) (G1 Evacuation Pause) 711M->649M(1450M) 116.408ms
[45.399s][info][gc,cpu         ] GC(98) User=0.11s Sys=0.00s Real=0.12s
[45.566s][info][gc,start       ] GC(99) Pause Young (Normal) (G1 Evacuation Pause)
[45.567s][info][gc,task        ] GC(99) Using 1 workers of 1 for evacuation
[45.631s][info][gc,phases      ] GC(99)   Pre Evacuate Collection Set: 0.1ms
[45.631s][info][gc,phases      ] GC(99)   Evacuate Collection Set: 63.9ms
[45.631s][info][gc,phases      ] GC(99)   Post Evacuate Collection Set: 0.4ms
[45.631s][info][gc,phases      ] GC(99)   Other: 0.2ms
[45.631s][info][gc,heap        ] GC(99) Eden regions: 62->0(87)
[45.631s][info][gc,heap        ] GC(99) Survivor regions: 10->7(9)
[45.631s][info][gc,heap        ] GC(99) Old regions: 410->420
[45.631s][info][gc,heap        ] GC(99) Humongous regions: 234->234
[45.631s][info][gc,metaspace   ] GC(99) Metaspace: 63223K->63223K(1105920K)
[45.631s][info][gc             ] GC(99) Pause Young (Normal) (G1 Evacuation Pause) 714M->658M(1450M) 64.684ms
[45.631s][info][gc,cpu         ] GC(99) User=0.07s Sys=0.00s Real=0.07s
[45.678s][info][gc,start       ] GC(100) Pause Young (Concurrent Start) (G1 Humongous Allocation)
[45.678s][info][gc,task        ] GC(100) Using 1 workers of 1 for evacuation
[45.699s][info][gc,phases      ] GC(100)   Pre Evacuate Collection Set: 0.4ms
[45.699s][info][gc,phases      ] GC(100)   Evacuate Collection Set: 20.7ms
[45.699s][info][gc,phases      ] GC(100)   Post Evacuate Collection Set: 0.7ms
[45.699s][info][gc,phases      ] GC(100)   Other: 0.2ms
[45.699s][info][gc,heap        ] GC(100) Eden regions: 19->0(155)
[45.699s][info][gc,heap        ] GC(100) Survivor regions: 7->2(12)
[45.700s][info][gc,heap        ] GC(100) Old regions: 420->426
[45.700s][info][gc,heap        ] GC(100) Humongous regions: 234->234
[45.700s][info][gc,metaspace   ] GC(100) Metaspace: 63223K->63223K(1105920K)
[45.700s][info][gc             ] GC(100) Pause Young (Concurrent Start) (G1 Humongous Allocation) 677M->660M(1519M) 22.024ms
[45.700s][info][gc,cpu         ] GC(100) User=0.02s Sys=0.00s Real=0.02s
[45.700s][info][gc             ] GC(101) Concurrent Cycle
[45.700s][info][gc,marking     ] GC(101) Concurrent Clear Claimed Marks
[45.700s][info][gc,marking     ] GC(101) Concurrent Clear Claimed Marks 0.402ms
[45.700s][info][gc,marking     ] GC(101) Concurrent Scan Root Regions
[45.702s][info][gc,marking     ] GC(101) Concurrent Scan Root Regions 1.881ms
[45.702s][info][gc,marking     ] GC(101) Concurrent Mark (45.702s)
[45.702s][info][gc,marking     ] GC(101) Concurrent Mark From Roots
[45.702s][info][gc,task        ] GC(101) Using 1 workers of 1 for marking
[46.202s][info][gc,marking     ] GC(101) Concurrent Mark From Roots 499.961ms
[46.202s][info][gc,marking     ] GC(101) Concurrent Preclean
[46.202s][info][gc,marking     ] GC(101) Concurrent Preclean 0.129ms
[46.202s][info][gc,marking     ] GC(101) Concurrent Mark (45.702s, 46.202s) 500.280ms
[46.204s][info][gc,start       ] GC(101) Pause Remark
[46.220s][info][gc,stringtable ] GC(101) Cleaned string and symbol table, strings: 22499 processed, 216 removed, symbols: 136871 processed, 14 removed
[46.221s][info][gc             ] GC(101) Pause Remark 739M->348M(1519M) 16.544ms
[46.221s][info][gc,cpu         ] GC(101) User=0.02s Sys=0.00s Real=0.02s
[46.221s][info][gc,marking     ] GC(101) Concurrent Rebuild Remembered Sets
[46.669s][info][gc,marking     ] GC(101) Concurrent Rebuild Remembered Sets 447.919ms
[46.671s][info][gc,start       ] GC(101) Pause Cleanup
[46.672s][info][gc             ] GC(101) Pause Cleanup 428M->428M(1519M) 0.345ms
[46.672s][info][gc,cpu         ] GC(101) User=0.00s Sys=0.00s Real=0.00s
[46.672s][info][gc,marking     ] GC(101) Concurrent Cleanup for Next Mark
[46.681s][info][gc,start       ] GC(102) Pause Young (Prepare Mixed) (G1 Evacuation Pause)
[46.681s][info][gc,task        ] GC(102) Using 1 workers of 1 for evacuation
[46.732s][info][gc,phases      ] GC(102)   Pre Evacuate Collection Set: 0.1ms
[46.732s][info][gc,phases      ] GC(102)   Evacuate Collection Set: 50.7ms
[46.732s][info][gc,phases      ] GC(102)   Post Evacuate Collection Set: 0.5ms
[46.732s][info][gc,phases      ] GC(102)   Other: 0.2ms
[46.732s][info][gc,heap        ] GC(102) Eden regions: 155->0(63)
[46.732s][info][gc,heap        ] GC(102) Survivor regions: 2->12(20)
[46.732s][info][gc,heap        ] GC(102) Old regions: 252->252
[46.732s][info][gc,heap        ] GC(102) Humongous regions: 22->22
[46.732s][info][gc,metaspace   ] GC(102) Metaspace: 63429K->63429K(1105920K)
[46.732s][info][gc             ] GC(102) Pause Young (Prepare Mixed) (G1 Evacuation Pause) 429M->284M(1519M) 51.570ms
[46.732s][info][gc,cpu         ] GC(102) User=0.05s Sys=0.00s Real=0.05s
[46.737s][info][gc,marking     ] GC(101) Concurrent Cleanup for Next Mark 64.777ms
[46.737s][info][gc             ] GC(101) Concurrent Cycle 1037.117ms
[46.897s][info][gc,start       ] GC(103) Pause Young (Mixed) (G1 Evacuation Pause)
[46.898s][info][gc,task        ] GC(103) Using 1 workers of 1 for evacuation
[46.944s][info][gc,phases      ] GC(103)   Pre Evacuate Collection Set: 0.1ms
[46.944s][info][gc,phases      ] GC(103)   Evacuate Collection Set: 45.0ms
[46.944s][info][gc,phases      ] GC(103)   Post Evacuate Collection Set: 0.9ms
[46.944s][info][gc,phases      ] GC(103)   Other: 0.7ms
[46.944s][info][gc,heap        ] GC(103) Eden regions: 63->0(111)
[46.944s][info][gc,heap        ] GC(103) Survivor regions: 12->5(10)
[46.944s][info][gc,heap        ] GC(103) Old regions: 252->256
[46.944s][info][gc,heap        ] GC(103) Humongous regions: 22->22
[46.944s][info][gc,metaspace   ] GC(103) Metaspace: 63429K->63429K(1105920K)
[46.944s][info][gc             ] GC(103) Pause Young (Mixed) (G1 Evacuation Pause) 347M->281M(1519M) 46.761ms
[46.944s][info][gc,cpu         ] GC(103) User=0.04s Sys=0.00s Real=0.04s
[47.559s][info][gc,start       ] GC(104) Pause Young (Normal) (G1 Evacuation Pause)
[47.559s][info][gc,task        ] GC(104) Using 1 workers of 1 for evacuation
[47.620s][info][gc,phases      ] GC(104)   Pre Evacuate Collection Set: 0.1ms
[47.620s][info][gc,phases      ] GC(104)   Evacuate Collection Set: 60.1ms
[47.620s][info][gc,phases      ] GC(104)   Post Evacuate Collection Set: 0.7ms
[47.620s][info][gc,phases      ] GC(104)   Other: 0.3ms
[47.620s][info][gc,heap        ] GC(104) Eden regions: 84->0(115)
[47.620s][info][gc,heap        ] GC(104) Survivor regions: 5->10(12)
[47.620s][info][gc,heap        ] GC(104) Old regions: 256->256
[47.620s][info][gc,heap        ] GC(104) Humongous regions: 36->36
[47.620s][info][gc,metaspace   ] GC(104) Metaspace: 63429K->63429K(1105920K)
[47.621s][info][gc             ] GC(104) Pause Young (Normal) (G1 Evacuation Pause) 379M->300M(1519M) 61.222ms
[47.621s][info][gc,cpu         ] GC(104) User=0.06s Sys=0.00s Real=0.06s
[48.151s][info][gc,start       ] GC(105) Pause Young (Normal) (G1 Evacuation Pause)
[48.152s][info][gc,task        ] GC(105) Using 1 workers of 1 for evacuation
[48.255s][info][gc,phases      ] GC(105)   Pre Evacuate Collection Set: 0.1ms
[48.255s][info][gc,phases      ] GC(105)   Evacuate Collection Set: 102.8ms
[48.255s][info][gc,phases      ] GC(105)   Post Evacuate Collection Set: 0.6ms
[48.255s][info][gc,phases      ] GC(105)   Other: 0.4ms
[48.255s][info][gc,heap        ] GC(105) Eden regions: 89->0(120)
[48.255s][info][gc,heap        ] GC(105) Survivor regions: 10->13(13)
[48.255s][info][gc,heap        ] GC(105) Old regions: 256->274
[48.255s][info][gc,heap        ] GC(105) Humongous regions: 53->53
[48.255s][info][gc,metaspace   ] GC(105) Metaspace: 63479K->63479K(1105920K)
[48.255s][info][gc             ] GC(105) Pause Young (Normal) (G1 Evacuation Pause) 406M->338M(1519M) 104.008ms
[48.255s][info][gc,cpu         ] GC(105) User=0.10s Sys=0.00s Real=0.10s
[48.567s][info][gc,start       ] GC(106) Pause Young (Normal) (G1 Evacuation Pause)
[48.568s][info][gc,task        ] GC(106) Using 1 workers of 1 for evacuation
[48.748s][info][gc,phases      ] GC(106)   Pre Evacuate Collection Set: 0.1ms
[48.748s][info][gc,phases      ] GC(106)   Evacuate Collection Set: 178.8ms
[48.748s][info][gc,phases      ] GC(106)   Post Evacuate Collection Set: 1.0ms
[48.748s][info][gc,phases      ] GC(106)   Other: 0.5ms
[48.748s][info][gc,heap        ] GC(106) Eden regions: 120->0(95)
[48.748s][info][gc,heap        ] GC(106) Survivor regions: 13->17(17)
[48.748s][info][gc,heap        ] GC(106) Old regions: 274->292
[48.748s][info][gc,heap        ] GC(106) Humongous regions: 64->64
[48.748s][info][gc,metaspace   ] GC(106) Metaspace: 63481K->63481K(1105920K)
[48.748s][info][gc             ] GC(106) Pause Young (Normal) (G1 Evacuation Pause) 469M->371M(1562M) 180.497ms
[48.748s][info][gc,cpu         ] GC(106) User=0.18s Sys=0.00s Real=0.18s
[49.076s][info][gc,start       ] GC(107) Pause Young (Normal) (G1 Evacuation Pause)
[49.077s][info][gc,task        ] GC(107) Using 1 workers of 1 for evacuation
[49.167s][info][gc,phases      ] GC(107)   Pre Evacuate Collection Set: 0.1ms
[49.167s][info][gc,phases      ] GC(107)   Evacuate Collection Set: 90.0ms
[49.167s][info][gc,phases      ] GC(107)   Post Evacuate Collection Set: 0.5ms
[49.167s][info][gc,phases      ] GC(107)   Other: 0.3ms
[49.167s][info][gc,heap        ] GC(107) Eden regions: 95->0(117)
[49.167s][info][gc,heap        ] GC(107) Survivor regions: 17->9(14)
[49.167s][info][gc,heap        ] GC(107) Old regions: 292->309
[49.167s][info][gc,heap        ] GC(107) Humongous regions: 69->69
[49.167s][info][gc,metaspace   ] GC(107) Metaspace: 63481K->63481K(1105920K)
[49.167s][info][gc             ] GC(107) Pause Young (Normal) (G1 Evacuation Pause) 471M->385M(1562M) 90.957ms
[49.167s][info][gc,cpu         ] GC(107) User=0.10s Sys=0.00s Real=0.09s
[49.461s][info][gc,start       ] GC(108) Pause Young (Normal) (G1 Evacuation Pause)
[49.461s][info][gc,task        ] GC(108) Using 1 workers of 1 for evacuation
[49.508s][info][gc,phases      ] GC(108)   Pre Evacuate Collection Set: 0.1ms
[49.508s][info][gc,phases      ] GC(108)   Evacuate Collection Set: 46.5ms
[49.508s][info][gc,phases      ] GC(108)   Post Evacuate Collection Set: 0.4ms
[49.509s][info][gc,phases      ] GC(108)   Other: 0.5ms
[49.509s][info][gc,heap        ] GC(108) Eden regions: 117->0(139)
[49.509s][info][gc,heap        ] GC(108) Survivor regions: 9->8(16)
[49.509s][info][gc,heap        ] GC(108) Old regions: 309->317
[49.509s][info][gc,heap        ] GC(108) Humongous regions: 69->69
[49.509s][info][gc,metaspace   ] GC(108) Metaspace: 63481K->63481K(1105920K)
[49.509s][info][gc             ] GC(108) Pause Young (Normal) (G1 Evacuation Pause) 502M->392M(1562M) 47.533ms
[49.509s][info][gc,cpu         ] GC(108) User=0.05s Sys=0.00s Real=0.04s
[50.055s][info][gc,start       ] GC(109) Pause Young (Normal) (G1 Evacuation Pause)
[50.055s][info][gc,task        ] GC(109) Using 1 workers of 1 for evacuation
[50.141s][info][gc,phases      ] GC(109)   Pre Evacuate Collection Set: 0.1ms
[50.141s][info][gc,phases      ] GC(109)   Evacuate Collection Set: 84.8ms
[50.141s][info][gc,phases      ] GC(109)   Post Evacuate Collection Set: 0.6ms
[50.141s][info][gc,phases      ] GC(109)   Other: 0.3ms
[50.141s][info][gc,heap        ] GC(109) Eden regions: 139->0(129)
[50.141s][info][gc,heap        ] GC(109) Survivor regions: 8->16(19)
[50.141s][info][gc,heap        ] GC(109) Old regions: 317->317
[50.141s][info][gc,heap        ] GC(109) Humongous regions: 79->79
[50.141s][info][gc,metaspace   ] GC(109) Metaspace: 63482K->63482K(1105920K)
[50.141s][info][gc             ] GC(109) Pause Young (Normal) (G1 Evacuation Pause) 541M->410M(1562M) 85.828ms
[50.141s][info][gc,cpu         ] GC(109) User=0.09s Sys=0.00s Real=0.09s
[51.123s][info][gc,start       ] GC(110) Pause Young (Normal) (G1 Evacuation Pause)
[51.123s][info][gc,task        ] GC(110) Using 1 workers of 1 for evacuation
[51.273s][info][gc,phases      ] GC(110)   Pre Evacuate Collection Set: 0.1ms
[51.273s][info][gc,phases      ] GC(110)   Evacuate Collection Set: 148.1ms
[51.273s][info][gc,phases      ] GC(110)   Post Evacuate Collection Set: 1.2ms
[51.273s][info][gc,phases      ] GC(110)   Other: 0.4ms
[51.273s][info][gc,heap        ] GC(110) Eden regions: 129->0(61)
[51.273s][info][gc,heap        ] GC(110) Survivor regions: 16->19(19)
[51.273s][info][gc,heap        ] GC(110) Old regions: 317->336
[51.273s][info][gc,heap        ] GC(110) Humongous regions: 110->105
[51.273s][info][gc,metaspace   ] GC(110) Metaspace: 63559K->63559K(1105920K)
[51.273s][info][gc             ] GC(110) Pause Young (Normal) (G1 Evacuation Pause) 570M->458M(1605M) 149.932ms
[51.273s][info][gc,cpu         ] GC(110) User=0.15s Sys=0.00s Real=0.15s
[51.624s][info][gc,start       ] GC(111) Pause Young (Normal) (G1 Evacuation Pause)
[51.624s][info][gc,task        ] GC(111) Using 1 workers of 1 for evacuation
[51.737s][info][gc,phases      ] GC(111)   Pre Evacuate Collection Set: 0.1ms
[51.737s][info][gc,phases      ] GC(111)   Evacuate Collection Set: 112.1ms
[51.737s][info][gc,phases      ] GC(111)   Post Evacuate Collection Set: 0.6ms
[51.737s][info][gc,phases      ] GC(111)   Other: 0.3ms
[51.737s][info][gc,heap        ] GC(111) Eden regions: 61->0(70)
[51.737s][info][gc,heap        ] GC(111) Survivor regions: 19->10(10)
[51.737s][info][gc,heap        ] GC(111) Old regions: 336->356
[51.737s][info][gc,heap        ] GC(111) Humongous regions: 116->116
[51.737s][info][gc,metaspace   ] GC(111) Metaspace: 63585K->63585K(1105920K)
[51.737s][info][gc             ] GC(111) Pause Young (Normal) (G1 Evacuation Pause) 530M->480M(1605M) 113.177ms
[51.737s][info][gc,cpu         ] GC(111) User=0.12s Sys=0.00s Real=0.12s
[52.324s][info][gc,start       ] GC(112) Pause Young (Normal) (G1 Evacuation Pause)
[52.324s][info][gc,task        ] GC(112) Using 1 workers of 1 for evacuation
[52.450s][info][gc,phases      ] GC(112)   Pre Evacuate Collection Set: 0.1ms
[52.451s][info][gc,phases      ] GC(112)   Evacuate Collection Set: 125.2ms
[52.451s][info][gc,phases      ] GC(112)   Post Evacuate Collection Set: 0.6ms
[52.451s][info][gc,phases      ] GC(112)   Other: 0.3ms
[52.451s][info][gc,heap        ] GC(112) Eden regions: 70->0(70)
[52.451s][info][gc,heap        ] GC(112) Survivor regions: 10->10(10)
[52.451s][info][gc,heap        ] GC(112) Old regions: 356->368
[52.451s][info][gc,heap        ] GC(112) Humongous regions: 132->127
[52.451s][info][gc,metaspace   ] GC(112) Metaspace: 63997K->63997K(1105920K)
[52.451s][info][gc             ] GC(112) Pause Young (Normal) (G1 Evacuation Pause) 566M->503M(1605M) 126.231ms
[52.451s][info][gc,cpu         ] GC(112) User=0.08s Sys=0.00s Real=0.13s
[52.789s][info][gc,start       ] GC(113) Pause Young (Normal) (G1 Evacuation Pause)
[52.789s][info][gc,task        ] GC(113) Using 1 workers of 1 for evacuation
[52.863s][info][gc,phases      ] GC(113)   Pre Evacuate Collection Set: 0.1ms
[52.863s][info][gc,phases      ] GC(113)   Evacuate Collection Set: 72.8ms
[52.863s][info][gc,phases      ] GC(113)   Post Evacuate Collection Set: 0.5ms
[52.863s][info][gc,phases      ] GC(113)   Other: 0.3ms
[52.863s][info][gc,heap        ] GC(113) Eden regions: 70->0(75)
[52.863s][info][gc,heap        ] GC(113) Survivor regions: 10->10(10)
[52.863s][info][gc,heap        ] GC(113) Old regions: 368->379
[52.863s][info][gc,heap        ] GC(113) Humongous regions: 138->138
[52.863s][info][gc,metaspace   ] GC(113) Metaspace: 64005K->64005K(1105920K)
[52.863s][info][gc             ] GC(113) Pause Young (Normal) (G1 Evacuation Pause) 584M->525M(1605M) 73.804ms
[52.863s][info][gc,cpu         ] GC(113) User=0.07s Sys=0.00s Real=0.07s
[53.201s][info][gc,start       ] GC(114) Pause Young (Normal) (G1 Evacuation Pause)
[53.201s][info][gc,task        ] GC(114) Using 1 workers of 1 for evacuation
[53.274s][info][gc,phases      ] GC(114)   Pre Evacuate Collection Set: 0.1ms
[53.274s][info][gc,phases      ] GC(114)   Evacuate Collection Set: 72.1ms
[53.274s][info][gc,phases      ] GC(114)   Post Evacuate Collection Set: 0.8ms
[53.274s][info][gc,phases      ] GC(114)   Other: 0.3ms
[53.274s][info][gc,heap        ] GC(114) Eden regions: 75->0(83)
[53.274s][info][gc,heap        ] GC(114) Survivor regions: 10->11(11)
[53.274s][info][gc,heap        ] GC(114) Old regions: 379->389
[53.274s][info][gc,heap        ] GC(114) Humongous regions: 149->149
[53.274s][info][gc,metaspace   ] GC(114) Metaspace: 64015K->64015K(1105920K)
[53.274s][info][gc             ] GC(114) Pause Young (Normal) (G1 Evacuation Pause) 611M->547M(1636M) 73.288ms
[53.274s][info][gc,cpu         ] GC(114) User=0.07s Sys=0.00s Real=0.07s
[54.143s][info][gc,start       ] GC(115) Pause Young (Normal) (G1 Evacuation Pause)
[54.143s][info][gc,task        ] GC(115) Using 1 workers of 1 for evacuation
[54.239s][info][gc,phases      ] GC(115)   Pre Evacuate Collection Set: 0.1ms
[54.239s][info][gc,phases      ] GC(115)   Evacuate Collection Set: 94.6ms
[54.239s][info][gc,phases      ] GC(115)   Post Evacuate Collection Set: 0.6ms
[54.239s][info][gc,phases      ] GC(115)   Other: 0.4ms
[54.239s][info][gc,heap        ] GC(115) Eden regions: 83->0(86)
[54.239s][info][gc,heap        ] GC(115) Survivor regions: 11->12(12)
[54.239s][info][gc,heap        ] GC(115) Old regions: 389->400
[54.239s][info][gc,heap        ] GC(115) Humongous regions: 165->160
[54.239s][info][gc,metaspace   ] GC(115) Metaspace: 64158K->64158K(1105920K)
[54.239s][info][gc             ] GC(115) Pause Young (Normal) (G1 Evacuation Pause) 646M->570M(1636M) 95.729ms
[54.239s][info][gc,cpu         ] GC(115) User=0.09s Sys=0.00s Real=0.10s
[55.135s][info][gc,start       ] GC(116) Pause Young (Normal) (G1 Evacuation Pause)
[55.135s][info][gc,task        ] GC(116) Using 1 workers of 1 for evacuation
[55.198s][info][gc,phases      ] GC(116)   Pre Evacuate Collection Set: 0.1ms
[55.198s][info][gc,phases      ] GC(116)   Evacuate Collection Set: 62.1ms
[55.198s][info][gc,phases      ] GC(116)   Post Evacuate Collection Set: 0.5ms
[55.198s][info][gc,phases      ] GC(116)   Other: 0.4ms
[55.198s][info][gc,heap        ] GC(116) Eden regions: 86->0(99)
[55.198s][info][gc,heap        ] GC(116) Survivor regions: 12->8(13)
[55.198s][info][gc,heap        ] GC(116) Old regions: 400->412
[55.198s][info][gc,heap        ] GC(116) Humongous regions: 166->166
[55.198s][info][gc,metaspace   ] GC(116) Metaspace: 64188K->64188K(1105920K)
[55.198s][info][gc             ] GC(116) Pause Young (Normal) (G1 Evacuation Pause) 662M->584M(1636M) 63.196ms
[55.198s][info][gc,cpu         ] GC(116) User=0.06s Sys=0.00s Real=0.07s
[55.738s][info][gc,start       ] GC(117) Pause Young (Normal) (G1 Evacuation Pause)
[55.738s][info][gc,task        ] GC(117) Using 1 workers of 1 for evacuation
[55.785s][info][gc,phases      ] GC(117)   Pre Evacuate Collection Set: 0.1ms
[55.785s][info][gc,phases      ] GC(117)   Evacuate Collection Set: 46.0ms
[55.785s][info][gc,phases      ] GC(117)   Post Evacuate Collection Set: 0.5ms
[55.785s][info][gc,phases      ] GC(117)   Other: 0.3ms
[55.785s][info][gc,heap        ] GC(117) Eden regions: 99->0(105)
[55.785s][info][gc,heap        ] GC(117) Survivor regions: 8->7(14)
[55.785s][info][gc,heap        ] GC(117) Old regions: 412->419
[55.785s][info][gc,heap        ] GC(117) Humongous regions: 174->174
[55.785s][info][gc,metaspace   ] GC(117) Metaspace: 64212K->64212K(1105920K)
[55.785s][info][gc             ] GC(117) Pause Young (Normal) (G1 Evacuation Pause) 691M->598M(1636M) 47.009ms
[55.785s][info][gc,cpu         ] GC(117) User=0.05s Sys=0.00s Real=0.04s
[56.609s][info][gc,start       ] GC(118) Pause Young (Normal) (G1 Evacuation Pause)
[56.609s][info][gc,task        ] GC(118) Using 1 workers of 1 for evacuation
[56.667s][info][gc,phases      ] GC(118)   Pre Evacuate Collection Set: 0.1ms
[56.667s][info][gc,phases      ] GC(118)   Evacuate Collection Set: 56.6ms
[56.667s][info][gc,phases      ] GC(118)   Post Evacuate Collection Set: 0.7ms
[56.667s][info][gc,phases      ] GC(118)   Other: 0.3ms
[56.667s][info][gc,heap        ] GC(118) Eden regions: 105->0(110)
[56.667s][info][gc,heap        ] GC(118) Survivor regions: 7->14(14)
[56.667s][info][gc,heap        ] GC(118) Old regions: 419->420
[56.667s][info][gc,heap        ] GC(118) Humongous regions: 187->182
[56.667s][info][gc,metaspace   ] GC(118) Metaspace: 64254K->64254K(1105920K)
[56.667s][info][gc             ] GC(118) Pause Young (Normal) (G1 Evacuation Pause) 716M->614M(1636M) 57.778ms
[56.667s][info][gc,cpu         ] GC(118) User=0.05s Sys=0.00s Real=0.05s
[57.642s][info][gc,start       ] GC(119) Pause Young (Normal) (G1 Evacuation Pause)
[57.642s][info][gc,task        ] GC(119) Using 1 workers of 1 for evacuation
[57.740s][info][gc,phases      ] GC(119)   Pre Evacuate Collection Set: 0.1ms
[57.740s][info][gc,phases      ] GC(119)   Evacuate Collection Set: 96.9ms
[57.740s][info][gc,phases      ] GC(119)   Post Evacuate Collection Set: 0.5ms
[57.740s][info][gc,phases      ] GC(119)   Other: 0.4ms
[57.740s][info][gc,heap        ] GC(119) Eden regions: 110->0(118)
[57.740s][info][gc,heap        ] GC(119) Survivor regions: 14->16(16)
[57.740s][info][gc,heap        ] GC(119) Old regions: 420->434
[57.740s][info][gc,heap        ] GC(119) Humongous regions: 188->188
[57.740s][info][gc,metaspace   ] GC(119) Metaspace: 64255K->64255K(1105920K)
[57.740s][info][gc             ] GC(119) Pause Young (Normal) (G1 Evacuation Pause) 730M->636M(1648M) 97.933ms
[57.740s][info][gc,cpu         ] GC(119) User=0.10s Sys=0.00s Real=0.10s
[60.194s][info][gc,start       ] GC(120) Pause Young (Normal) (G1 Evacuation Pause)
[60.194s][info][gc,task        ] GC(120) Using 1 workers of 1 for evacuation
[60.331s][info][gc,phases      ] GC(120)   Pre Evacuate Collection Set: 0.1ms
[60.331s][info][gc,phases      ] GC(120)   Evacuate Collection Set: 136.4ms
[60.331s][info][gc,phases      ] GC(120)   Post Evacuate Collection Set: 0.6ms
[60.331s][info][gc,phases      ] GC(120)   Other: 0.4ms
[60.331s][info][gc,heap        ] GC(120) Eden regions: 118->0(128)
[60.331s][info][gc,heap        ] GC(120) Survivor regions: 16->10(17)
[60.331s][info][gc,heap        ] GC(120) Old regions: 434->450
[60.331s][info][gc,heap        ] GC(120) Humongous regions: 249->209
[60.331s][info][gc,metaspace   ] GC(120) Metaspace: 65411K->65411K(1107968K)
[60.331s][info][gc             ] GC(120) Pause Young (Normal) (G1 Evacuation Pause) 815M->667M(1648M) 137.594ms
[60.331s][info][gc,cpu         ] GC(120) User=0.12s Sys=0.00s Real=0.14s
[60.933s][info][gc,start       ] GC(121) Pause Young (Normal) (G1 Evacuation Pause)
[60.933s][info][gc,task        ] GC(121) Using 1 workers of 1 for evacuation
[61.043s][info][gc,phases      ] GC(121)   Pre Evacuate Collection Set: 0.1ms
[61.043s][info][gc,phases      ] GC(121)   Evacuate Collection Set: 108.9ms
[61.043s][info][gc,phases      ] GC(121)   Post Evacuate Collection Set: 0.7ms
[61.043s][info][gc,phases      ] GC(121)   Other: 0.3ms
[61.043s][info][gc,heap        ] GC(121) Eden regions: 128->0(123)
[61.043s][info][gc,heap        ] GC(121) Survivor regions: 10->18(18)
[61.043s][info][gc,heap        ] GC(121) Old regions: 450->462
[61.043s][info][gc,heap        ] GC(121) Humongous regions: 244->238
[61.043s][info][gc,metaspace   ] GC(121) Metaspace: 65886K->65886K(1107968K)
[61.043s][info][gc             ] GC(121) Pause Young (Normal) (G1 Evacuation Pause) 830M->716M(1648M) 110.274ms
[61.043s][info][gc,cpu         ] GC(121) User=0.11s Sys=0.00s Real=0.11s
[62.040s][info][gc,start       ] GC(122) Pause Young (Concurrent Start) (G1 Humongous Allocation)
[62.040s][info][gc,task        ] GC(122) Using 1 workers of 1 for evacuation
[62.178s][info][gc,phases      ] GC(122)   Pre Evacuate Collection Set: 0.5ms
[62.178s][info][gc,phases      ] GC(122)   Evacuate Collection Set: 136.6ms
[62.178s][info][gc,phases      ] GC(122)   Post Evacuate Collection Set: 0.6ms
[62.178s][info][gc,phases      ] GC(122)   Other: 0.4ms
[62.178s][info][gc,heap        ] GC(122) Eden regions: 117->0(177)
[62.178s][info][gc,heap        ] GC(122) Survivor regions: 18->14(18)
[62.178s][info][gc,heap        ] GC(122) Old regions: 462->480
[62.178s][info][gc,heap        ] GC(122) Humongous regions: 280->253
[62.178s][info][gc,metaspace   ] GC(122) Metaspace: 65906K->65906K(1107968K)
[62.178s][info][gc             ] GC(122) Pause Young (Concurrent Start) (G1 Humongous Allocation) 875M->745M(1648M) 138.259ms
[62.178s][info][gc,cpu         ] GC(122) User=0.14s Sys=0.00s Real=0.14s
[62.178s][info][gc             ] GC(123) Concurrent Cycle
[62.178s][info][gc,marking     ] GC(123) Concurrent Clear Claimed Marks
[62.178s][info][gc,marking     ] GC(123) Concurrent Clear Claimed Marks 0.319ms
[62.178s][info][gc,marking     ] GC(123) Concurrent Scan Root Regions
[62.196s][info][gc,marking     ] GC(123) Concurrent Scan Root Regions 17.516ms
[62.196s][info][gc,marking     ] GC(123) Concurrent Mark (62.196s)
[62.196s][info][gc,marking     ] GC(123) Concurrent Mark From Roots
[62.196s][info][gc,task        ] GC(123) Using 1 workers of 1 for marking
[62.880s][info][gc,start       ] GC(124) Pause Young (Normal) (G1 Evacuation Pause)
[62.880s][info][gc,task        ] GC(124) Using 1 workers of 1 for evacuation
[63.078s][info][gc,phases      ] GC(124)   Pre Evacuate Collection Set: 0.6ms
[63.079s][info][gc,phases      ] GC(124)   Evacuate Collection Set: 196.0ms
[63.079s][info][gc,phases      ] GC(124)   Post Evacuate Collection Set: 1.3ms
[63.079s][info][gc,phases      ] GC(124)   Other: 0.8ms
[63.079s][info][gc,heap        ] GC(124) Eden regions: 160->0(61)
[63.079s][info][gc,heap        ] GC(124) Survivor regions: 14->22(22)
[63.079s][info][gc,heap        ] GC(124) Old regions: 480->495
[63.079s][info][gc,heap        ] GC(124) Humongous regions: 313->280
[63.079s][info][gc,metaspace   ] GC(124) Metaspace: 65935K->65935K(1107968K)
[63.079s][info][gc             ] GC(124) Pause Young (Normal) (G1 Evacuation Pause) 965M->795M(1664M) 199.089ms
[63.079s][info][gc,cpu         ] GC(124) User=0.19s Sys=0.01s Real=0.20s
[63.177s][info][gc,marking     ] GC(123) Concurrent Mark From Roots 981.235ms
[63.177s][info][gc,marking     ] GC(123) Concurrent Preclean
[63.177s][info][gc,marking     ] GC(123) Concurrent Preclean 0.122ms
[63.177s][info][gc,marking     ] GC(123) Concurrent Mark (62.196s, 63.177s) 981.409ms
[63.180s][info][gc,start       ] GC(123) Pause Remark
[63.197s][info][gc,stringtable ] GC(123) Cleaned string and symbol table, strings: 23096 processed, 28 removed, symbols: 139465 processed, 0 removed
[63.198s][info][gc             ] GC(123) Pause Remark 811M->362M(1664M) 18.215ms
[63.198s][info][gc,cpu         ] GC(123) User=0.02s Sys=0.00s Real=0.02s
[63.198s][info][gc,marking     ] GC(123) Concurrent Rebuild Remembered Sets
[63.792s][info][gc,marking     ] GC(123) Concurrent Rebuild Remembered Sets 594.043ms
[63.802s][info][gc,start       ] GC(123) Pause Cleanup
[63.803s][info][gc             ] GC(123) Pause Cleanup 406M->406M(1664M) 0.955ms
[63.803s][info][gc,cpu         ] GC(123) User=0.00s Sys=0.00s Real=0.00s
[63.803s][info][gc,marking     ] GC(123) Concurrent Cleanup for Next Mark
[63.832s][info][gc,marking     ] GC(123) Concurrent Cleanup for Next Mark 28.694ms
[63.832s][info][gc             ] GC(123) Concurrent Cycle 1653.697ms
[63.995s][info][gc,start       ] GC(125) Pause Young (Prepare Mixed) (G1 Evacuation Pause)
[63.995s][info][gc,task        ] GC(125) Using 1 workers of 1 for evacuation
[64.102s][info][gc,phases      ] GC(125)   Pre Evacuate Collection Set: 0.1ms
[64.102s][info][gc,phases      ] GC(125)   Evacuate Collection Set: 105.5ms
[64.102s][info][gc,phases      ] GC(125)   Post Evacuate Collection Set: 0.6ms
[64.102s][info][gc,phases      ] GC(125)   Other: 0.3ms
[64.102s][info][gc,heap        ] GC(125) Eden regions: 61->0(74)
[64.102s][info][gc,heap        ] GC(125) Survivor regions: 22->9(11)
[64.102s][info][gc,heap        ] GC(125) Old regions: 272->294
[64.102s][info][gc,heap        ] GC(125) Humongous regions: 60->51
[64.102s][info][gc,metaspace   ] GC(125) Metaspace: 65959K->65959K(1107968K)
[64.102s][info][gc             ] GC(125) Pause Young (Prepare Mixed) (G1 Evacuation Pause) 413M->352M(1664M) 106.567ms
[64.102s][info][gc,cpu         ] GC(125) User=0.10s Sys=0.00s Real=0.11s
[64.451s][info][gc,start       ] GC(126) Pause Young (Mixed) (G1 Evacuation Pause)
[64.451s][info][gc,task        ] GC(126) Using 1 workers of 1 for evacuation
[64.568s][info][gc,phases      ] GC(126)   Pre Evacuate Collection Set: 0.1ms
[64.568s][info][gc,phases      ] GC(126)   Evacuate Collection Set: 115.7ms
[64.568s][info][gc,phases      ] GC(126)   Post Evacuate Collection Set: 0.7ms
[64.568s][info][gc,phases      ] GC(126)   Other: 0.5ms
[64.568s][info][gc,heap        ] GC(126) Eden regions: 74->0(75)
[64.568s][info][gc,heap        ] GC(126) Survivor regions: 9->8(11)
[64.568s][info][gc,heap        ] GC(126) Old regions: 294->285
[64.568s][info][gc,heap        ] GC(126) Humongous regions: 136->93
[64.568s][info][gc,metaspace   ] GC(126) Metaspace: 65973K->65973K(1107968K)
[64.568s][info][gc             ] GC(126) Pause Young (Mixed) (G1 Evacuation Pause) 511M->384M(1664M) 117.262ms
[64.568s][info][gc,cpu         ] GC(126) User=0.12s Sys=0.00s Real=0.12s
[64.767s][info][gc,start       ] GC(127) Pause Young (Mixed) (G1 Evacuation Pause)
[64.767s][info][gc,task        ] GC(127) Using 1 workers of 1 for evacuation
[64.842s][info][gc,phases      ] GC(127)   Pre Evacuate Collection Set: 0.1ms
[64.842s][info][gc,phases      ] GC(127)   Evacuate Collection Set: 74.4ms
[64.842s][info][gc,phases      ] GC(127)   Post Evacuate Collection Set: 0.4ms
[64.842s][info][gc,phases      ] GC(127)   Other: 0.3ms
[64.842s][info][gc,heap        ] GC(127) Eden regions: 75->0(72)
[64.842s][info][gc,heap        ] GC(127) Survivor regions: 8->11(11)
[64.842s][info][gc,heap        ] GC(127) Old regions: 285->301
[64.842s][info][gc,heap        ] GC(127) Humongous regions: 102->82
[64.842s][info][gc,metaspace   ] GC(127) Metaspace: 66011K->66011K(1107968K)
[64.842s][info][gc             ] GC(127) Pause Young (Mixed) (G1 Evacuation Pause) 468M->392M(1664M) 75.288ms
[64.842s][info][gc,cpu         ] GC(127) User=0.08s Sys=0.00s Real=0.08s
[64.998s][info][gc,start       ] GC(128) Pause Young (Normal) (G1 Evacuation Pause)
[64.998s][info][gc,task        ] GC(128) Using 1 workers of 1 for evacuation
[65.031s][info][gc,phases      ] GC(128)   Pre Evacuate Collection Set: 0.1ms
[65.031s][info][gc,phases      ] GC(128)   Evacuate Collection Set: 32.0ms
[65.031s][info][gc,phases      ] GC(128)   Post Evacuate Collection Set: 0.4ms
[65.031s][info][gc,phases      ] GC(128)   Other: 0.3ms
[65.031s][info][gc,heap        ] GC(128) Eden regions: 72->0(82)
[65.031s][info][gc,heap        ] GC(128) Survivor regions: 11->1(11)
[65.031s][info][gc,heap        ] GC(128) Old regions: 301->312
[65.031s][info][gc,heap        ] GC(128) Humongous regions: 82->82
[65.031s][info][gc,metaspace   ] GC(128) Metaspace: 66011K->66011K(1107968K)
[65.031s][info][gc             ] GC(128) Pause Young (Normal) (G1 Evacuation Pause) 464M->392M(1674M) 32.898ms
[65.031s][info][gc,cpu         ] GC(128) User=0.04s Sys=0.00s Real=0.03s
[65.233s][info][gc,start       ] GC(129) Pause Young (Normal) (G1 Evacuation Pause)
[65.233s][info][gc,task        ] GC(129) Using 1 workers of 1 for evacuation
[65.235s][info][gc,phases      ] GC(129)   Pre Evacuate Collection Set: 0.1ms
[65.235s][info][gc,phases      ] GC(129)   Evacuate Collection Set: 1.6ms
[65.235s][info][gc,phases      ] GC(129)   Post Evacuate Collection Set: 0.3ms
[65.235s][info][gc,phases      ] GC(129)   Other: 0.3ms
[65.235s][info][gc,heap        ] GC(129) Eden regions: 82->0(100)
[65.235s][info][gc,heap        ] GC(129) Survivor regions: 1->1(11)
[65.235s][info][gc,heap        ] GC(129) Old regions: 312->312
[65.235s][info][gc,heap        ] GC(129) Humongous regions: 82->82
[65.235s][info][gc,metaspace   ] GC(129) Metaspace: 66011K->66011K(1107968K)
[65.235s][info][gc             ] GC(129) Pause Young (Normal) (G1 Evacuation Pause) 474M->392M(1674M) 2.357ms
[65.235s][info][gc,cpu         ] GC(129) User=0.00s Sys=0.00s Real=0.00s
[65.370s][info][gc,start       ] GC(130) Pause Young (Normal) (G1 Evacuation Pause)
[65.370s][info][gc,task        ] GC(130) Using 1 workers of 1 for evacuation
[65.373s][info][gc,phases      ] GC(130)   Pre Evacuate Collection Set: 0.1ms
[65.373s][info][gc,phases      ] GC(130)   Evacuate Collection Set: 2.0ms
[65.373s][info][gc,phases      ] GC(130)   Post Evacuate Collection Set: 0.3ms
[65.373s][info][gc,phases      ] GC(130)   Other: 0.3ms
[65.373s][info][gc,heap        ] GC(130) Eden regions: 100->0(131)
[65.373s][info][gc,heap        ] GC(130) Survivor regions: 1->1(13)
[65.373s][info][gc,heap        ] GC(130) Old regions: 312->312
[65.373s][info][gc,heap        ] GC(130) Humongous regions: 82->82
[65.373s][info][gc,metaspace   ] GC(130) Metaspace: 66011K->66011K(1107968K)
[65.373s][info][gc             ] GC(130) Pause Young (Normal) (G1 Evacuation Pause) 492M->392M(1674M) 2.704ms
[65.373s][info][gc,cpu         ] GC(130) User=0.01s Sys=0.00s Real=0.00s
[65.797s][info][gc,start       ] GC(131) Pause Young (Normal) (G1 Evacuation Pause)
[65.797s][info][gc,task        ] GC(131) Using 1 workers of 1 for evacuation
[65.880s][info][gc,phases      ] GC(131)   Pre Evacuate Collection Set: 0.1ms
[65.880s][info][gc,phases      ] GC(131)   Evacuate Collection Set: 82.0ms
[65.880s][info][gc,phases      ] GC(131)   Post Evacuate Collection Set: 0.7ms
[65.880s][info][gc,phases      ] GC(131)   Other: 0.3ms
[65.880s][info][gc,heap        ] GC(131) Eden regions: 131->0(108)
[65.880s][info][gc,heap        ] GC(131) Survivor regions: 1->17(17)
[65.880s][info][gc,heap        ] GC(131) Old regions: 312->336
[65.880s][info][gc,heap        ] GC(131) Humongous regions: 85->85
[65.880s][info][gc,metaspace   ] GC(131) Metaspace: 66138K->66138K(1107968K)
[65.880s][info][gc             ] GC(131) Pause Young (Normal) (G1 Evacuation Pause) 526M->436M(1674M) 83.213ms
[65.880s][info][gc,cpu         ] GC(131) User=0.08s Sys=0.00s Real=0.08s
[66.022s][info][gc,start       ] GC(132) Pause Young (Normal) (G1 Evacuation Pause)
[66.022s][info][gc,task        ] GC(132) Using 1 workers of 1 for evacuation
[66.077s][info][gc,phases      ] GC(132)   Pre Evacuate Collection Set: 0.1ms
[66.077s][info][gc,phases      ] GC(132)   Evacuate Collection Set: 53.9ms
[66.077s][info][gc,phases      ] GC(132)   Post Evacuate Collection Set: 0.4ms
[66.077s][info][gc,phases      ] GC(132)   Other: 0.3ms
[66.077s][info][gc,heap        ] GC(132) Eden regions: 108->0(137)
[66.077s][info][gc,heap        ] GC(132) Survivor regions: 17->0(16)
[66.077s][info][gc,heap        ] GC(132) Old regions: 336->353
[66.077s][info][gc,heap        ] GC(132) Humongous regions: 85->85
[66.077s][info][gc,metaspace   ] GC(132) Metaspace: 66139K->66139K(1107968K)
[66.077s][info][gc             ] GC(132) Pause Young (Normal) (G1 Evacuation Pause) 544M->436M(1674M) 54.786ms
[66.077s][info][gc,cpu         ] GC(132) User=0.06s Sys=0.00s Real=0.06s
[66.092s][info][gc,task        ] GC(133) Using 1 workers of 1 for full compaction
[66.093s][info][gc,start       ] GC(133) Pause Full (System.gc())
[66.093s][info][gc,phases,start] GC(133) Phase 1: Mark live objects
[66.254s][info][gc,stringtable ] GC(133) Cleaned string and symbol table, strings: 23104 processed, 3 removed, symbols: 139666 processed, 0 removed
[66.254s][info][gc,phases      ] GC(133) Phase 1: Mark live objects 160.221ms
[66.254s][info][gc,phases,start] GC(133) Phase 2: Prepare for compaction
[66.289s][info][gc,phases      ] GC(133) Phase 2: Prepare for compaction 35.485ms
[66.289s][info][gc,phases,start] GC(133) Phase 3: Adjust pointers
[66.396s][info][gc,phases      ] GC(133) Phase 3: Adjust pointers 106.866ms
[66.396s][info][gc,phases,start] GC(133) Phase 4: Compact heap
[66.463s][info][gc,phases      ] GC(133) Phase 4: Compact heap 66.391ms
[66.512s][info][gc,heap        ] GC(133) Eden regions: 37->0(137)
[66.512s][info][gc,heap        ] GC(133) Survivor regions: 0->0(16)
[66.512s][info][gc,heap        ] GC(133) Old regions: 353->137
[66.512s][info][gc,heap        ] GC(133) Humongous regions: 85->9
[66.512s][info][gc,metaspace   ] GC(133) Metaspace: 66142K->66142K(1107968K)
[66.512s][info][gc             ] GC(133) Pause Full (System.gc()) 473M->144M(487M) 419.739ms
[66.512s][info][gc,cpu         ] GC(133) User=0.38s Sys=0.05s Real=0.42s
[67.398s][info][gc,start       ] GC(134) Pause Young (Normal) (G1 Evacuation Pause)
[67.398s][info][gc,task        ] GC(134) Using 1 workers of 1 for evacuation
[67.535s][info][gc,phases      ] GC(134)   Pre Evacuate Collection Set: 0.0ms
[67.535s][info][gc,phases      ] GC(134)   Evacuate Collection Set: 136.0ms
[67.535s][info][gc,phases      ] GC(134)   Post Evacuate Collection Set: 0.4ms
[67.535s][info][gc,phases      ] GC(134)   Other: 0.4ms
[67.535s][info][gc,heap        ] GC(134) Eden regions: 137->0(92)
[67.535s][info][gc,heap        ] GC(134) Survivor regions: 0->18(18)
[67.535s][info][gc,heap        ] GC(134) Old regions: 137->148
[67.535s][info][gc,heap        ] GC(134) Humongous regions: 28->23
[67.535s][info][gc,metaspace   ] GC(134) Metaspace: 66260K->66260K(1107968K)
[67.535s][info][gc             ] GC(134) Pause Young (Normal) (G1 Evacuation Pause) 300M->187M(487M) 137.021ms
[67.535s][info][gc,cpu         ] GC(134) User=0.13s Sys=0.00s Real=0.13s
[67.841s][info][gc,start       ] GC(135) Pause Young (Normal) (G1 Evacuation Pause)
[67.841s][info][gc,task        ] GC(135) Using 1 workers of 1 for evacuation
[67.906s][info][gc,phases      ] GC(135)   Pre Evacuate Collection Set: 0.0ms
[67.907s][info][gc,phases      ] GC(135)   Evacuate Collection Set: 65.0ms
[67.907s][info][gc,phases      ] GC(135)   Post Evacuate Collection Set: 0.3ms
[67.907s][info][gc,phases      ] GC(135)   Other: 0.3ms
[67.907s][info][gc,heap        ] GC(135) Eden regions: 92->0(116)
[67.907s][info][gc,heap        ] GC(135) Survivor regions: 18->9(14)
[67.907s][info][gc,heap        ] GC(135) Old regions: 148->166
[67.907s][info][gc,heap        ] GC(135) Humongous regions: 26->26
[67.907s][info][gc,metaspace   ] GC(135) Metaspace: 66265K->66265K(1107968K)
[67.907s][info][gc             ] GC(135) Pause Young (Normal) (G1 Evacuation Pause) 282M->199M(487M) 66.152ms
[67.907s][info][gc,cpu         ] GC(135) User=0.06s Sys=0.00s Real=0.06s
[68.221s][info][gc,start       ] GC(136) Pause Young (Normal) (G1 Evacuation Pause)
[68.221s][info][gc,task        ] GC(136) Using 1 workers of 1 for evacuation
[68.275s][info][gc,phases      ] GC(136)   Pre Evacuate Collection Set: 0.0ms
[68.275s][info][gc,phases      ] GC(136)   Evacuate Collection Set: 52.6ms
[68.275s][info][gc,phases      ] GC(136)   Post Evacuate Collection Set: 1.4ms
[68.275s][info][gc,phases      ] GC(136)   Other: 0.4ms
[68.275s][info][gc,heap        ] GC(136) Eden regions: 116->0(134)
[68.275s][info][gc,heap        ] GC(136) Survivor regions: 9->8(16)
[68.275s][info][gc,heap        ] GC(136) Old regions: 166->174
[68.275s][info][gc,heap        ] GC(136) Humongous regions: 31->31
[68.275s][info][gc,metaspace   ] GC(136) Metaspace: 66265K->66265K(1107968K)
[68.275s][info][gc             ] GC(136) Pause Young (Normal) (G1 Evacuation Pause) 320M->211M(782M) 54.573ms
[68.275s][info][gc,cpu         ] GC(136) User=0.05s Sys=0.00s Real=0.05s
[68.666s][info][gc,start       ] GC(137) Pause Young (Normal) (G1 Evacuation Pause)
[68.666s][info][gc,task        ] GC(137) Using 1 workers of 1 for evacuation
[68.712s][info][gc,phases      ] GC(137)   Pre Evacuate Collection Set: 0.0ms
[68.712s][info][gc,phases      ] GC(137)   Evacuate Collection Set: 45.2ms
[68.712s][info][gc,phases      ] GC(137)   Post Evacuate Collection Set: 0.4ms
[68.712s][info][gc,phases      ] GC(137)   Other: 0.3ms
[68.712s][info][gc,heap        ] GC(137) Eden regions: 134->0(147)
[68.712s][info][gc,heap        ] GC(137) Survivor regions: 8->14(18)
[68.712s][info][gc,heap        ] GC(137) Old regions: 174->174
[68.712s][info][gc,heap        ] GC(137) Humongous regions: 31->31
[68.712s][info][gc,metaspace   ] GC(137) Metaspace: 66265K->66265K(1107968K)
[68.712s][info][gc             ] GC(137) Pause Young (Normal) (G1 Evacuation Pause) 345M->217M(782M) 46.000ms
[68.712s][info][gc,cpu         ] GC(137) User=0.05s Sys=0.00s Real=0.05s
[69.647s][info][gc,start       ] GC(138) Pause Young (Normal) (G1 Evacuation Pause)
[69.647s][info][gc,task        ] GC(138) Using 1 workers of 1 for evacuation
[69.744s][info][gc,phases      ] GC(138)   Pre Evacuate Collection Set: 0.0ms
[69.744s][info][gc,phases      ] GC(138)   Evacuate Collection Set: 96.2ms
[69.744s][info][gc,phases      ] GC(138)   Post Evacuate Collection Set: 0.6ms
[69.744s][info][gc,phases      ] GC(138)   Other: 0.3ms
[69.744s][info][gc,heap        ] GC(138) Eden regions: 105->0(139)
[69.744s][info][gc,heap        ] GC(138) Survivor regions: 14->6(15)
[69.744s][info][gc,heap        ] GC(138) Old regions: 174->188
[69.744s][info][gc,heap        ] GC(138) Humongous regions: 45->45
[69.744s][info][gc,metaspace   ] GC(138) Metaspace: 66267K->66267K(1107968K)
[69.744s][info][gc             ] GC(138) Pause Young (Normal) (G1 Evacuation Pause) 336M->237M(782M) 97.285ms
[69.744s][info][gc,cpu         ] GC(138) User=0.10s Sys=0.00s Real=0.10s
[70.018s][info][gc,start       ] GC(139) Pause Young (Normal) (G1 Evacuation Pause)
[70.018s][info][gc,task        ] GC(139) Using 1 workers of 1 for evacuation
[70.115s][info][gc,phases      ] GC(139)   Pre Evacuate Collection Set: 0.0ms
[70.115s][info][gc,phases      ] GC(139)   Evacuate Collection Set: 96.0ms
[70.115s][info][gc,phases      ] GC(139)   Post Evacuate Collection Set: 0.5ms
[70.115s][info][gc,phases      ] GC(139)   Other: 0.3ms
[70.115s][info][gc,heap        ] GC(139) Eden regions: 109->0(131)
[70.115s][info][gc,heap        ] GC(139) Survivor regions: 6->15(15)
[70.115s][info][gc,heap        ] GC(139) Old regions: 188->207
[70.115s][info][gc,heap        ] GC(139) Humongous regions: 59->59
[70.115s][info][gc,metaspace   ] GC(139) Metaspace: 66277K->66277K(1107968K)
[70.115s][info][gc             ] GC(139) Pause Young (Normal) (G1 Evacuation Pause) 360M->279M(782M) 96.925ms
[70.115s][info][gc,cpu         ] GC(139) User=0.10s Sys=0.00s Real=0.09s
[70.501s][info][gc,start       ] GC(140) Pause Young (Normal) (G1 Evacuation Pause)
[70.501s][info][gc,task        ] GC(140) Using 1 workers of 1 for evacuation
[70.581s][info][gc,phases      ] GC(140)   Pre Evacuate Collection Set: 0.0ms
[70.581s][info][gc,phases      ] GC(140)   Evacuate Collection Set: 78.8ms
[70.581s][info][gc,phases      ] GC(140)   Post Evacuate Collection Set: 1.2ms
[70.581s][info][gc,phases      ] GC(140)   Other: 0.3ms
[70.581s][info][gc,heap        ] GC(140) Eden regions: 131->0(145)
[70.581s][info][gc,heap        ] GC(140) Survivor regions: 15->12(19)
[70.581s][info][gc,heap        ] GC(140) Old regions: 207->222
[70.581s][info][gc,heap        ] GC(140) Humongous regions: 67->67
[70.581s][info][gc,metaspace   ] GC(140) Metaspace: 66277K->66277K(1107968K)
[70.581s][info][gc             ] GC(140) Pause Young (Normal) (G1 Evacuation Pause) 418M->299M(976M) 80.380ms
[70.581s][info][gc,cpu         ] GC(140) User=0.07s Sys=0.01s Real=0.08s
[71.001s][info][gc,start       ] GC(141) Pause Young (Normal) (G1 Evacuation Pause)
[71.001s][info][gc,task        ] GC(141) Using 1 workers of 1 for evacuation
[71.067s][info][gc,phases      ] GC(141)   Pre Evacuate Collection Set: 0.0ms
[71.067s][info][gc,phases      ] GC(141)   Evacuate Collection Set: 65.2ms
[71.067s][info][gc,phases      ] GC(141)   Post Evacuate Collection Set: 0.4ms
[71.067s][info][gc,phases      ] GC(141)   Other: 0.3ms
[71.067s][info][gc,heap        ] GC(141) Eden regions: 145->0(163)
[71.067s][info][gc,heap        ] GC(141) Survivor regions: 12->9(20)
[71.067s][info][gc,heap        ] GC(141) Old regions: 222->233
[71.067s][info][gc,heap        ] GC(141) Humongous regions: 67->67
[71.067s][info][gc,metaspace   ] GC(141) Metaspace: 66277K->66277K(1107968K)
[71.067s][info][gc             ] GC(141) Pause Young (Normal) (G1 Evacuation Pause) 444M->307M(976M) 65.991ms
[71.067s][info][gc,cpu         ] GC(141) User=0.07s Sys=0.00s Real=0.06s
[71.491s][info][gc,start       ] GC(142) Pause Young (Normal) (G1 Evacuation Pause)
[71.491s][info][gc,task        ] GC(142) Using 1 workers of 1 for evacuation
[71.563s][info][gc,phases      ] GC(142)   Pre Evacuate Collection Set: 0.0ms
[71.563s][info][gc,phases      ] GC(142)   Evacuate Collection Set: 70.8ms
[71.563s][info][gc,phases      ] GC(142)   Post Evacuate Collection Set: 0.6ms
[71.563s][info][gc,phases      ] GC(142)   Other: 0.3ms
[71.563s][info][gc,heap        ] GC(142) Eden regions: 118->0(143)
[71.563s][info][gc,heap        ] GC(142) Survivor regions: 9->8(16)
[71.563s][info][gc,heap        ] GC(142) Old regions: 233->241
[71.563s][info][gc,heap        ] GC(142) Humongous regions: 76->76
[71.563s][info][gc,metaspace   ] GC(142) Metaspace: 66277K->66277K(1107968K)
[71.563s][info][gc             ] GC(142) Pause Young (Normal) (G1 Evacuation Pause) 434M->323M(976M) 71.891ms
[71.563s][info][gc,cpu         ] GC(142) User=0.07s Sys=0.00s Real=0.07s
[72.387s][info][gc,start       ] GC(143) Pause Young (Normal) (G1 Evacuation Pause)
[72.387s][info][gc,task        ] GC(143) Using 1 workers of 1 for evacuation
[72.495s][info][gc,phases      ] GC(143)   Pre Evacuate Collection Set: 0.0ms
[72.495s][info][gc,phases      ] GC(143)   Evacuate Collection Set: 106.5ms
[72.495s][info][gc,phases      ] GC(143)   Post Evacuate Collection Set: 0.5ms
[72.495s][info][gc,phases      ] GC(143)   Other: 0.4ms
[72.495s][info][gc,heap        ] GC(143) Eden regions: 107->0(117)
[72.495s][info][gc,heap        ] GC(143) Survivor regions: 8->15(15)
[72.495s][info][gc,heap        ] GC(143) Old regions: 241->255
[72.495s][info][gc,heap        ] GC(143) Humongous regions: 92->92
[72.495s][info][gc,metaspace   ] GC(143) Metaspace: 66299K->66299K(1107968K)
[72.495s][info][gc             ] GC(143) Pause Young (Normal) (G1 Evacuation Pause) 446M->360M(976M) 107.626ms
[72.495s][info][gc,cpu         ] GC(143) User=0.11s Sys=0.00s Real=0.11s
[72.809s][info][gc,start       ] GC(144) Pause Young (Normal) (G1 Evacuation Pause)
[72.809s][info][gc,task        ] GC(144) Using 1 workers of 1 for evacuation
[72.920s][info][gc,phases      ] GC(144)   Pre Evacuate Collection Set: 0.0ms
[72.920s][info][gc,phases      ] GC(144)   Evacuate Collection Set: 109.1ms
[72.920s][info][gc,phases      ] GC(144)   Post Evacuate Collection Set: 1.4ms
[72.920s][info][gc,phases      ] GC(144)   Other: 0.3ms
[72.920s][info][gc,heap        ] GC(144) Eden regions: 117->0(116)
[72.920s][info][gc,heap        ] GC(144) Survivor regions: 15->15(17)
[72.920s][info][gc,heap        ] GC(144) Old regions: 255->270
[72.920s][info][gc,heap        ] GC(144) Humongous regions: 98->98
[72.920s][info][gc,metaspace   ] GC(144) Metaspace: 66299K->66299K(1107968K)
[72.920s][info][gc             ] GC(144) Pause Young (Normal) (G1 Evacuation Pause) 483M->381M(1118M) 111.230ms
[72.920s][info][gc,cpu         ] GC(144) User=0.11s Sys=0.00s Real=0.11s
[73.368s][info][gc,start       ] GC(145) Pause Young (Normal) (G1 Evacuation Pause)
[73.368s][info][gc,task        ] GC(145) Using 1 workers of 1 for evacuation
[73.467s][info][gc,phases      ] GC(145)   Pre Evacuate Collection Set: 0.1ms
[73.467s][info][gc,phases      ] GC(145)   Evacuate Collection Set: 98.5ms
[73.467s][info][gc,phases      ] GC(145)   Post Evacuate Collection Set: 0.5ms
[73.467s][info][gc,phases      ] GC(145)   Other: 0.3ms
[73.467s][info][gc,heap        ] GC(145) Eden regions: 116->0(132)
[73.467s][info][gc,heap        ] GC(145) Survivor regions: 15->10(17)
[73.467s][info][gc,heap        ] GC(145) Old regions: 270->285
[73.467s][info][gc,heap        ] GC(145) Humongous regions: 103->103
[73.467s][info][gc,metaspace   ] GC(145) Metaspace: 66299K->66299K(1107968K)
[73.467s][info][gc             ] GC(145) Pause Young (Normal) (G1 Evacuation Pause) 502M->395M(1118M) 99.501ms
[73.467s][info][gc,cpu         ] GC(145) User=0.09s Sys=0.01s Real=0.10s
[73.851s][info][gc,start       ] GC(146) Pause Young (Normal) (G1 Evacuation Pause)
[73.851s][info][gc,task        ] GC(146) Using 1 workers of 1 for evacuation
[73.906s][info][gc,phases      ] GC(146)   Pre Evacuate Collection Set: 0.1ms
[73.906s][info][gc,phases      ] GC(146)   Evacuate Collection Set: 54.3ms
[73.906s][info][gc,phases      ] GC(146)   Post Evacuate Collection Set: 0.4ms
[73.906s][info][gc,phases      ] GC(146)   Other: 0.4ms
[73.906s][info][gc,heap        ] GC(146) Eden regions: 132->0(154)
[73.906s][info][gc,heap        ] GC(146) Survivor regions: 10->8(18)
[73.906s][info][gc,heap        ] GC(146) Old regions: 285->293
[73.906s][info][gc,heap        ] GC(146) Humongous regions: 103->103
[73.906s][info][gc,metaspace   ] GC(146) Metaspace: 66304K->66304K(1107968K)
[73.906s][info][gc             ] GC(146) Pause Young (Normal) (G1 Evacuation Pause) 527M->402M(1118M) 55.227ms
[73.907s][info][gc,cpu         ] GC(146) User=0.05s Sys=0.00s Real=0.05s
[74.208s][info][gc,start       ] GC(147) Pause Young (Normal) (G1 Evacuation Pause)
[74.208s][info][gc,task        ] GC(147) Using 1 workers of 1 for evacuation
[74.274s][info][gc,phases      ] GC(147)   Pre Evacuate Collection Set: 0.1ms
[74.274s][info][gc,phases      ] GC(147)   Evacuate Collection Set: 65.0ms
[74.274s][info][gc,phases      ] GC(147)   Post Evacuate Collection Set: 0.5ms
[74.274s][info][gc,phases      ] GC(147)   Other: 0.3ms
[74.274s][info][gc,heap        ] GC(147) Eden regions: 72->0(129)
[74.274s][info][gc,heap        ] GC(147) Survivor regions: 8->6(10)
[74.274s][info][gc,heap        ] GC(147) Old regions: 293->300
[74.274s][info][gc,heap        ] GC(147) Humongous regions: 112->112
[74.274s][info][gc,metaspace   ] GC(147) Metaspace: 66304K->66304K(1107968K)
[74.274s][info][gc             ] GC(147) Pause Young (Normal) (G1 Evacuation Pause) 483M->415M(1118M) 65.986ms
[74.274s][info][gc,cpu         ] GC(147) User=0.06s Sys=0.00s Real=0.07s
[75.066s][info][gc,start       ] GC(148) Pause Young (Normal) (G1 Evacuation Pause)
[75.066s][info][gc,task        ] GC(148) Using 1 workers of 1 for evacuation
[75.147s][info][gc,phases      ] GC(148)   Pre Evacuate Collection Set: 0.1ms
[75.147s][info][gc,phases      ] GC(148)   Evacuate Collection Set: 79.6ms
[75.147s][info][gc,phases      ] GC(148)   Post Evacuate Collection Set: 1.2ms
[75.147s][info][gc,phases      ] GC(148)   Other: 0.4ms
[75.147s][info][gc,heap        ] GC(148) Eden regions: 92->0(86)
[75.147s][info][gc,heap        ] GC(148) Survivor regions: 6->13(13)
[75.147s][info][gc,heap        ] GC(148) Old regions: 300->300
[75.147s][info][gc,heap        ] GC(148) Humongous regions: 128->123
[75.147s][info][gc,metaspace   ] GC(148) Metaspace: 66336K->66336K(1107968K)
[75.147s][info][gc             ] GC(148) Pause Young (Normal) (G1 Evacuation Pause) 523M->433M(1238M) 81.313ms
[75.147s][info][gc,cpu         ] GC(148) User=0.08s Sys=0.00s Real=0.08s
[75.523s][info][gc,start       ] GC(149) Pause Young (Normal) (G1 Evacuation Pause)
[75.523s][info][gc,task        ] GC(149) Using 1 workers of 1 for evacuation
[75.656s][info][gc,phases      ] GC(149)   Pre Evacuate Collection Set: 0.1ms
[75.656s][info][gc,phases      ] GC(149)   Evacuate Collection Set: 131.5ms
[75.656s][info][gc,phases      ] GC(149)   Post Evacuate Collection Set: 0.5ms
[75.656s][info][gc,phases      ] GC(149)   Other: 0.4ms
[75.656s][info][gc,heap        ] GC(149) Eden regions: 86->0(48)
[75.656s][info][gc,heap        ] GC(149) Survivor regions: 13->13(13)
[75.656s][info][gc,heap        ] GC(149) Old regions: 300->328
[75.656s][info][gc,heap        ] GC(149) Humongous regions: 139->139
[75.656s][info][gc,metaspace   ] GC(149) Metaspace: 66337K->66337K(1107968K)
[75.656s][info][gc             ] GC(149) Pause Young (Normal) (G1 Evacuation Pause) 535M->477M(1238M) 132.513ms
[75.656s][info][gc,cpu         ] GC(149) User=0.13s Sys=0.00s Real=0.13s
[75.794s][info][gc,start       ] GC(150) Pause Young (Normal) (G1 Evacuation Pause)
[75.794s][info][gc,task        ] GC(150) Using 1 workers of 1 for evacuation
[75.887s][info][gc,phases      ] GC(150)   Pre Evacuate Collection Set: 0.1ms
[75.887s][info][gc,phases      ] GC(150)   Evacuate Collection Set: 92.0ms
[75.887s][info][gc,phases      ] GC(150)   Post Evacuate Collection Set: 0.6ms
[75.887s][info][gc,phases      ] GC(150)   Other: 0.3ms
[75.887s][info][gc,heap        ] GC(150) Eden regions: 48->0(54)
[75.887s][info][gc,heap        ] GC(150) Survivor regions: 13->7(8)
[75.887s][info][gc,heap        ] GC(150) Old regions: 328->341
[75.887s][info][gc,heap        ] GC(150) Humongous regions: 142->142
[75.887s][info][gc,metaspace   ] GC(150) Metaspace: 66337K->66337K(1107968K)
[75.887s][info][gc             ] GC(150) Pause Young (Normal) (G1 Evacuation Pause) 528M->487M(1238M) 93.036ms
[75.887s][info][gc,cpu         ] GC(150) User=0.09s Sys=0.00s Real=0.09s
[76.055s][info][gc,start       ] GC(151) Pause Young (Normal) (G1 Evacuation Pause)
[76.055s][info][gc,task        ] GC(151) Using 1 workers of 1 for evacuation
[76.105s][info][gc,phases      ] GC(151)   Pre Evacuate Collection Set: 0.1ms
[76.105s][info][gc,phases      ] GC(151)   Evacuate Collection Set: 49.9ms
[76.105s][info][gc,phases      ] GC(151)   Post Evacuate Collection Set: 0.3ms
[76.105s][info][gc,phases      ] GC(151)   Other: 0.2ms
[76.105s][info][gc,heap        ] GC(151) Eden regions: 54->0(63)
[76.105s][info][gc,heap        ] GC(151) Survivor regions: 7->7(8)
[76.105s][info][gc,heap        ] GC(151) Old regions: 341->347
[76.105s][info][gc,heap        ] GC(151) Humongous regions: 145->145
[76.105s][info][gc,metaspace   ] GC(151) Metaspace: 66337K->66337K(1107968K)
[76.105s][info][gc             ] GC(151) Pause Young (Normal) (G1 Evacuation Pause) 544M->497M(1238M) 50.653ms
[76.106s][info][gc,cpu         ] GC(151) User=0.05s Sys=0.00s Real=0.05s
[76.287s][info][gc,start       ] GC(152) Pause Young (Normal) (G1 Evacuation Pause)
[76.287s][info][gc,task        ] GC(152) Using 1 workers of 1 for evacuation
[76.331s][info][gc,phases      ] GC(152)   Pre Evacuate Collection Set: 0.1ms
[76.331s][info][gc,phases      ] GC(152)   Evacuate Collection Set: 43.0ms
[76.331s][info][gc,phases      ] GC(152)   Post Evacuate Collection Set: 0.8ms
[76.331s][info][gc,phases      ] GC(152)   Other: 0.4ms
[76.331s][info][gc,heap        ] GC(152) Eden regions: 63->0(100)
[76.331s][info][gc,heap        ] GC(152) Survivor regions: 7->6(9)
[76.331s][info][gc,heap        ] GC(152) Old regions: 347->353
[76.331s][info][gc,heap        ] GC(152) Humongous regions: 150->150
[76.331s][info][gc,metaspace   ] GC(152) Metaspace: 66337K->66337K(1107968K)
[76.331s][info][gc             ] GC(152) Pause Young (Normal) (G1 Evacuation Pause) 565M->507M(1341M) 44.307ms
[76.331s][info][gc,cpu         ] GC(152) User=0.05s Sys=0.00s Real=0.05s
[76.647s][info][gc,start       ] GC(153) Pause Young (Normal) (G1 Evacuation Pause)
[76.647s][info][gc,task        ] GC(153) Using 1 workers of 1 for evacuation
[76.686s][info][gc,phases      ] GC(153)   Pre Evacuate Collection Set: 0.1ms
[76.686s][info][gc,phases      ] GC(153)   Evacuate Collection Set: 39.0ms
[76.686s][info][gc,phases      ] GC(153)   Post Evacuate Collection Set: 0.4ms
[76.686s][info][gc,phases      ] GC(153)   Other: 0.3ms
[76.686s][info][gc,heap        ] GC(153) Eden regions: 100->0(127)
[76.686s][info][gc,heap        ] GC(153) Survivor regions: 6->13(14)
[76.686s][info][gc,heap        ] GC(153) Old regions: 353->353
[76.686s][info][gc,heap        ] GC(153) Humongous regions: 150->150
[76.686s][info][gc,metaspace   ] GC(153) Metaspace: 66337K->66337K(1107968K)
[76.686s][info][gc             ] GC(153) Pause Young (Normal) (G1 Evacuation Pause) 607M->513M(1341M) 39.830ms
[76.686s][info][gc,cpu         ] GC(153) User=0.04s Sys=0.00s Real=0.04s
[77.113s][info][gc,start       ] GC(154) Pause Young (Normal) (G1 Evacuation Pause)
[77.113s][info][gc,task        ] GC(154) Using 1 workers of 1 for evacuation
[77.203s][info][gc,phases      ] GC(154)   Pre Evacuate Collection Set: 0.1ms
[77.203s][info][gc,phases      ] GC(154)   Evacuate Collection Set: 88.8ms
[77.203s][info][gc,phases      ] GC(154)   Post Evacuate Collection Set: 0.6ms
[77.203s][info][gc,phases      ] GC(154)   Other: 0.6ms
[77.203s][info][gc,heap        ] GC(154) Eden regions: 127->0(53)
[77.203s][info][gc,heap        ] GC(154) Survivor regions: 13->14(18)
[77.203s][info][gc,heap        ] GC(154) Old regions: 353->358
[77.203s][info][gc,heap        ] GC(154) Humongous regions: 159->159
[77.203s][info][gc,metaspace   ] GC(154) Metaspace: 66337K->66337K(1107968K)
[77.203s][info][gc             ] GC(154) Pause Young (Normal) (G1 Evacuation Pause) 649M->529M(1341M) 90.188ms
[77.203s][info][gc,cpu         ] GC(154) User=0.09s Sys=0.00s Real=0.09s
[77.690s][info][gc,start       ] GC(155) Pause Young (Normal) (G1 Evacuation Pause)
[77.690s][info][gc,task        ] GC(155) Using 1 workers of 1 for evacuation
[77.780s][info][gc,phases      ] GC(155)   Pre Evacuate Collection Set: 0.1ms
[77.780s][info][gc,phases      ] GC(155)   Evacuate Collection Set: 89.7ms
[77.780s][info][gc,phases      ] GC(155)   Post Evacuate Collection Set: 0.5ms
[77.780s][info][gc,phases      ] GC(155)   Other: 0.3ms
[77.780s][info][gc,heap        ] GC(155) Eden regions: 53->0(87)
[77.780s][info][gc,heap        ] GC(155) Survivor regions: 14->4(9)
[77.780s][info][gc,heap        ] GC(155) Old regions: 358->371
[77.780s][info][gc,heap        ] GC(155) Humongous regions: 164->164
[77.780s][info][gc,metaspace   ] GC(155) Metaspace: 66338K->66338K(1107968K)
[77.780s][info][gc             ] GC(155) Pause Young (Normal) (G1 Evacuation Pause) 587M->537M(1341M) 90.631ms
[77.780s][info][gc,cpu         ] GC(155) User=0.09s Sys=0.00s Real=0.09s
[78.235s][info][gc,start       ] GC(156) Pause Young (Normal) (G1 Evacuation Pause)
[78.235s][info][gc,task        ] GC(156) Using 1 workers of 1 for evacuation
[78.325s][info][gc,phases      ] GC(156)   Pre Evacuate Collection Set: 0.1ms
[78.325s][info][gc,phases      ] GC(156)   Evacuate Collection Set: 88.1ms
[78.325s][info][gc,phases      ] GC(156)   Post Evacuate Collection Set: 0.8ms
[78.325s][info][gc,phases      ] GC(156)   Other: 0.7ms
[78.325s][info][gc,heap        ] GC(156) Eden regions: 87->0(77)
[78.325s][info][gc,heap        ] GC(156) Survivor regions: 4->12(12)
[78.325s][info][gc,heap        ] GC(156) Old regions: 371->383
[78.325s][info][gc,heap        ] GC(156) Humongous regions: 181->181
[78.325s][info][gc,metaspace   ] GC(156) Metaspace: 66353K->66353K(1107968K)
[78.325s][info][gc             ] GC(156) Pause Young (Normal) (G1 Evacuation Pause) 641M->574M(1421M) 89.810ms
[78.325s][info][gc,cpu         ] GC(156) User=0.09s Sys=0.00s Real=0.09s
[78.545s][info][gc,start       ] GC(157) Pause Young (Normal) (G1 Evacuation Pause)
[78.545s][info][gc,task        ] GC(157) Using 1 workers of 1 for evacuation
[78.650s][info][gc,phases      ] GC(157)   Pre Evacuate Collection Set: 0.1ms
[78.650s][info][gc,phases      ] GC(157)   Evacuate Collection Set: 104.3ms
[78.650s][info][gc,phases      ] GC(157)   Post Evacuate Collection Set: 0.5ms
[78.650s][info][gc,phases      ] GC(157)   Other: 0.3ms
[78.650s][info][gc,heap        ] GC(157) Eden regions: 77->0(59)
[78.650s][info][gc,heap        ] GC(157) Survivor regions: 12->12(12)
[78.650s][info][gc,heap        ] GC(157) Old regions: 383->402
[78.650s][info][gc,heap        ] GC(157) Humongous regions: 189->189
[78.650s][info][gc,metaspace   ] GC(157) Metaspace: 66353K->66353K(1107968K)
[78.650s][info][gc             ] GC(157) Pause Young (Normal) (G1 Evacuation Pause) 659M->601M(1421M) 105.281ms
[78.650s][info][gc,cpu         ] GC(157) User=0.10s Sys=0.01s Real=0.11s
[78.802s][info][gc,start       ] GC(158) Pause Young (Normal) (G1 Evacuation Pause)
[78.802s][info][gc,task        ] GC(158) Using 1 workers of 1 for evacuation
[78.855s][info][gc,phases      ] GC(158)   Pre Evacuate Collection Set: 0.1ms
[78.855s][info][gc,phases      ] GC(158)   Evacuate Collection Set: 52.3ms
[78.855s][info][gc,phases      ] GC(158)   Post Evacuate Collection Set: 0.3ms
[78.855s][info][gc,phases      ] GC(158)   Other: 0.2ms
[78.855s][info][gc,heap        ] GC(158) Eden regions: 59->0(73)
[78.855s][info][gc,heap        ] GC(158) Survivor regions: 12->7(9)
[78.855s][info][gc,heap        ] GC(158) Old regions: 402->414
[78.855s][info][gc,heap        ] GC(158) Humongous regions: 192->192
[78.855s][info][gc,metaspace   ] GC(158) Metaspace: 66354K->66354K(1107968K)
[78.855s][info][gc             ] GC(158) Pause Young (Normal) (G1 Evacuation Pause) 663M->610M(1421M) 53.035ms
[78.855s][info][gc,cpu         ] GC(158) User=0.06s Sys=0.00s Real=0.05s
[79.053s][info][gc,start       ] GC(159) Pause Young (Normal) (G1 Evacuation Pause)
[79.053s][info][gc,task        ] GC(159) Using 1 workers of 1 for evacuation
[79.113s][info][gc,phases      ] GC(159)   Pre Evacuate Collection Set: 0.1ms
[79.113s][info][gc,phases      ] GC(159)   Evacuate Collection Set: 58.1ms
[79.113s][info][gc,phases      ] GC(159)   Post Evacuate Collection Set: 0.9ms
[79.113s][info][gc,phases      ] GC(159)   Other: 0.3ms
[79.113s][info][gc,heap        ] GC(159) Eden regions: 73->0(75)
[79.113s][info][gc,heap        ] GC(159) Survivor regions: 7->7(10)
[79.113s][info][gc,heap        ] GC(159) Old regions: 414->420
[79.113s][info][gc,heap        ] GC(159) Humongous regions: 197->197
[79.113s][info][gc,metaspace   ] GC(159) Metaspace: 66354K->66354K(1107968K)
[79.113s][info][gc             ] GC(159) Pause Young (Normal) (G1 Evacuation Pause) 688M->622M(1421M) 59.533ms
[79.113s][info][gc,cpu         ] GC(159) User=0.05s Sys=0.00s Real=0.06s
[79.299s][info][gc,start       ] GC(160) Pause Young (Normal) (G1 Evacuation Pause)
[79.300s][info][gc,task        ] GC(160) Using 1 workers of 1 for evacuation
[79.338s][info][gc,phases      ] GC(160)   Pre Evacuate Collection Set: 0.1ms
[79.338s][info][gc,phases      ] GC(160)   Evacuate Collection Set: 38.0ms
[79.338s][info][gc,phases      ] GC(160)   Post Evacuate Collection Set: 0.6ms
[79.338s][info][gc,phases      ] GC(160)   Other: 0.3ms
[79.338s][info][gc,heap        ] GC(160) Eden regions: 75->0(99)
[79.338s][info][gc,heap        ] GC(160) Survivor regions: 7->6(11)
[79.338s][info][gc,heap        ] GC(160) Old regions: 420->426
[79.338s][info][gc,heap        ] GC(160) Humongous regions: 197->197
[79.338s][info][gc,metaspace   ] GC(160) Metaspace: 66357K->66357K(1107968K)
[79.338s][info][gc             ] GC(160) Pause Young (Normal) (G1 Evacuation Pause) 697M->627M(1487M) 39.017ms
[79.338s][info][gc,cpu         ] GC(160) User=0.04s Sys=0.00s Real=0.04s
[79.610s][info][gc,start       ] GC(161) Pause Young (Normal) (G1 Evacuation Pause)
[79.610s][info][gc,task        ] GC(161) Using 1 workers of 1 for evacuation
[79.642s][info][gc,phases      ] GC(161)   Pre Evacuate Collection Set: 0.1ms
[79.642s][info][gc,phases      ] GC(161)   Evacuate Collection Set: 30.9ms
[79.642s][info][gc,phases      ] GC(161)   Post Evacuate Collection Set: 0.4ms
[79.642s][info][gc,phases      ] GC(161)   Other: 0.4ms
[79.642s][info][gc,heap        ] GC(161) Eden regions: 99->0(125)
[79.642s][info][gc,heap        ] GC(161) Survivor regions: 6->11(14)
[79.642s][info][gc,heap        ] GC(161) Old regions: 426->426
[79.642s][info][gc,heap        ] GC(161) Humongous regions: 197->197
[79.642s][info][gc,metaspace   ] GC(161) Metaspace: 66357K->66357K(1107968K)
[79.642s][info][gc             ] GC(161) Pause Young (Normal) (G1 Evacuation Pause) 726M->631M(1487M) 31.822ms
[79.642s][info][gc,cpu         ] GC(161) User=0.03s Sys=0.00s Real=0.03s
[80.286s][info][gc,start       ] GC(162) Pause Young (Normal) (G1 Evacuation Pause)
[80.286s][info][gc,task        ] GC(162) Using 1 workers of 1 for evacuation
[80.380s][info][gc,phases      ] GC(162)   Pre Evacuate Collection Set: 0.1ms
[80.380s][info][gc,phases      ] GC(162)   Evacuate Collection Set: 93.2ms
[80.380s][info][gc,phases      ] GC(162)   Post Evacuate Collection Set: 0.7ms
[80.380s][info][gc,phases      ] GC(162)   Other: 0.4ms
[80.380s][info][gc,heap        ] GC(162) Eden regions: 88->0(81)
[80.380s][info][gc,heap        ] GC(162) Survivor regions: 11->12(13)
[80.380s][info][gc,heap        ] GC(162) Old regions: 426->430
[80.380s][info][gc,heap        ] GC(162) Humongous regions: 211->211
[80.380s][info][gc,metaspace   ] GC(162) Metaspace: 66357K->66357K(1107968K)
[80.380s][info][gc             ] GC(162) Pause Young (Normal) (G1 Evacuation Pause) 733M->651M(1487M) 94.426ms
[80.380s][info][gc,cpu         ] GC(162) User=0.09s Sys=0.00s Real=0.10s
[80.867s][info][gc,start       ] GC(163) Pause Young (Normal) (G1 Evacuation Pause)
[80.867s][info][gc,task        ] GC(163) Using 1 workers of 1 for evacuation
[80.973s][info][gc,phases      ] GC(163)   Pre Evacuate Collection Set: 0.1ms
[80.973s][info][gc,phases      ] GC(163)   Evacuate Collection Set: 105.2ms
[80.973s][info][gc,phases      ] GC(163)   Post Evacuate Collection Set: 0.5ms
[80.973s][info][gc,phases      ] GC(163)   Other: 0.3ms
[80.973s][info][gc,heap        ] GC(163) Eden regions: 81->0(62)
[80.973s][info][gc,heap        ] GC(163) Survivor regions: 12->12(12)
[80.973s][info][gc,heap        ] GC(163) Old regions: 430->447
[80.973s][info][gc,heap        ] GC(163) Humongous regions: 225->225
[80.973s][info][gc,metaspace   ] GC(163) Metaspace: 66360K->66360K(1107968K)
[80.973s][info][gc             ] GC(163) Pause Young (Normal) (G1 Evacuation Pause) 746M->682M(1487M) 106.252ms
[80.973s][info][gc,cpu         ] GC(163) User=0.10s Sys=0.00s Real=0.11s
[80.985s][info][gc,start       ] GC(164) Pause Young (Concurrent Start) (G1 Humongous Allocation)
[80.985s][info][gc,task        ] GC(164) Using 1 workers of 1 for evacuation
[81.026s][info][gc,phases      ] GC(164)   Pre Evacuate Collection Set: 0.4ms
[81.026s][info][gc,phases      ] GC(164)   Evacuate Collection Set: 40.3ms
[81.026s][info][gc,phases      ] GC(164)   Post Evacuate Collection Set: 0.6ms
[81.026s][info][gc,phases      ] GC(164)   Other: 0.3ms
[81.026s][info][gc,heap        ] GC(164) Eden regions: 5->0(74)
[81.026s][info][gc,heap        ] GC(164) Survivor regions: 12->3(10)
[81.026s][info][gc,heap        ] GC(164) Old regions: 447->459
[81.026s][info][gc,heap        ] GC(164) Humongous regions: 225->225
[81.026s][info][gc,metaspace   ] GC(164) Metaspace: 66360K->66360K(1107968K)
[81.026s][info][gc             ] GC(164) Pause Young (Concurrent Start) (G1 Humongous Allocation) 686M->685M(1540M) 41.656ms
[81.026s][info][gc,cpu         ] GC(164) User=0.05s Sys=0.00s Real=0.04s
[81.026s][info][gc             ] GC(165) Concurrent Cycle
[81.026s][info][gc,marking     ] GC(165) Concurrent Clear Claimed Marks
[81.027s][info][gc,marking     ] GC(165) Concurrent Clear Claimed Marks 0.317ms
[81.027s][info][gc,marking     ] GC(165) Concurrent Scan Root Regions
[81.033s][info][gc,marking     ] GC(165) Concurrent Scan Root Regions 6.708ms
[81.033s][info][gc,marking     ] GC(165) Concurrent Mark (81.033s)
[81.033s][info][gc,marking     ] GC(165) Concurrent Mark From Roots
[81.033s][info][gc,task        ] GC(165) Using 1 workers of 1 for marking
[81.432s][info][gc,marking     ] GC(165) Concurrent Mark From Roots 398.646ms
[81.432s][info][gc,marking     ] GC(165) Concurrent Preclean
[81.432s][info][gc,marking     ] GC(165) Concurrent Preclean 0.105ms
[81.432s][info][gc,marking     ] GC(165) Concurrent Mark (81.033s, 81.432s) 398.883ms
[81.435s][info][gc,start       ] GC(165) Pause Remark
[81.470s][info][gc,stringtable ] GC(165) Cleaned string and symbol table, strings: 23163 processed, 24 removed, symbols: 139695 processed, 0 removed
[81.470s][info][gc             ] GC(165) Pause Remark 759M->270M(1540M) 35.063ms
[81.470s][info][gc,cpu         ] GC(165) User=0.03s Sys=0.00s Real=0.04s
[81.471s][info][gc,marking     ] GC(165) Concurrent Rebuild Remembered Sets
[81.515s][info][gc,start       ] GC(166) Pause Young (Normal) (G1 Evacuation Pause)
[81.515s][info][gc,task        ] GC(166) Using 1 workers of 1 for evacuation
[81.593s][info][gc,phases      ] GC(166)   Pre Evacuate Collection Set: 0.1ms
[81.593s][info][gc,phases      ] GC(166)   Evacuate Collection Set: 76.9ms
[81.593s][info][gc,phases      ] GC(166)   Post Evacuate Collection Set: 0.7ms
[81.593s][info][gc,phases      ] GC(166)   Other: 0.2ms
[81.593s][info][gc,heap        ] GC(166) Eden regions: 74->0(67)
[81.593s][info][gc,heap        ] GC(166) Survivor regions: 3->10(10)
[81.593s][info][gc,heap        ] GC(166) Old regions: 179->190
[81.593s][info][gc,heap        ] GC(166) Humongous regions: 25->25
[81.593s][info][gc,metaspace   ] GC(166) Metaspace: 66363K->66363K(1107968K)
[81.593s][info][gc             ] GC(166) Pause Young (Normal) (G1 Evacuation Pause) 279M->223M(1540M) 78.021ms
[81.593s][info][gc,cpu         ] GC(166) User=0.07s Sys=0.00s Real=0.08s
[81.891s][info][gc,marking     ] GC(165) Concurrent Rebuild Remembered Sets 419.415ms
[81.894s][info][gc,start       ] GC(165) Pause Cleanup
[81.894s][info][gc             ] GC(165) Pause Cleanup 276M->276M(1540M) 0.389ms
[81.894s][info][gc,cpu         ] GC(165) User=0.00s Sys=0.00s Real=0.00s
[81.894s][info][gc,marking     ] GC(165) Concurrent Cleanup for Next Mark
[81.900s][info][gc,marking     ] GC(165) Concurrent Cleanup for Next Mark 6.056ms
[81.900s][info][gc             ] GC(165) Concurrent Cycle 873.899ms
[81.948s][info][gc,start       ] GC(167) Pause Young (Normal) (G1 Evacuation Pause)
[81.948s][info][gc,task        ] GC(167) Using 1 workers of 1 for evacuation
[82.002s][info][gc,phases      ] GC(167)   Pre Evacuate Collection Set: 0.1ms
[82.002s][info][gc,phases      ] GC(167)   Evacuate Collection Set: 53.6ms
[82.002s][info][gc,phases      ] GC(167)   Post Evacuate Collection Set: 0.4ms
[82.002s][info][gc,phases      ] GC(167)   Other: 0.2ms
[82.002s][info][gc,heap        ] GC(167) Eden regions: 67->0(73)
[82.002s][info][gc,heap        ] GC(167) Survivor regions: 10->8(10)
[82.002s][info][gc,heap        ] GC(167) Old regions: 190->200
[82.002s][info][gc,heap        ] GC(167) Humongous regions: 30->30
[82.002s][info][gc,metaspace   ] GC(167) Metaspace: 66368K->66368K(1107968K)
[82.002s][info][gc             ] GC(167) Pause Young (Normal) (G1 Evacuation Pause) 295M->236M(1540M) 54.359ms
[82.002s][info][gc,cpu         ] GC(167) User=0.05s Sys=0.00s Real=0.06s
[82.207s][info][gc,start       ] GC(168) Pause Young (Normal) (G1 Evacuation Pause)
[82.208s][info][gc,task        ] GC(168) Using 1 workers of 1 for evacuation
[82.256s][info][gc,phases      ] GC(168)   Pre Evacuate Collection Set: 0.1ms
[82.256s][info][gc,phases      ] GC(168)   Evacuate Collection Set: 47.2ms
[82.256s][info][gc,phases      ] GC(168)   Post Evacuate Collection Set: 0.5ms
[82.256s][info][gc,phases      ] GC(168)   Other: 0.3ms
[82.256s][info][gc,heap        ] GC(168) Eden regions: 73->0(94)
[82.256s][info][gc,heap        ] GC(168) Survivor regions: 8->7(11)
[82.256s][info][gc,heap        ] GC(168) Old regions: 200->207
[82.256s][info][gc,heap        ] GC(168) Humongous regions: 35->35
[82.256s][info][gc,metaspace   ] GC(168) Metaspace: 66368K->66368K(1107968K)
[82.256s][info][gc             ] GC(168) Pause Young (Normal) (G1 Evacuation Pause) 314M->247M(1540M) 48.163ms
[82.256s][info][gc,cpu         ] GC(168) User=0.04s Sys=0.00s Real=0.05s
[82.490s][info][gc,start       ] GC(169) Pause Young (Normal) (G1 Evacuation Pause)
[82.491s][info][gc,task        ] GC(169) Using 1 workers of 1 for evacuation
[82.531s][info][gc,phases      ] GC(169)   Pre Evacuate Collection Set: 0.1ms
[82.531s][info][gc,phases      ] GC(169)   Evacuate Collection Set: 39.1ms
[82.531s][info][gc,phases      ] GC(169)   Post Evacuate Collection Set: 0.6ms
[82.531s][info][gc,phases      ] GC(169)   Other: 0.3ms
[82.531s][info][gc,heap        ] GC(169) Eden regions: 94->0(120)
[82.531s][info][gc,heap        ] GC(169) Survivor regions: 7->7(13)
[82.531s][info][gc,heap        ] GC(169) Old regions: 207->213
[82.531s][info][gc,heap        ] GC(169) Humongous regions: 35->35
[82.531s][info][gc,metaspace   ] GC(169) Metaspace: 66368K->66368K(1107968K)
[82.531s][info][gc             ] GC(169) Pause Young (Normal) (G1 Evacuation Pause) 341M->253M(1579M) 40.106ms
[82.531s][info][gc,cpu         ] GC(169) User=0.04s Sys=0.00s Real=0.04s
[82.911s][info][gc,start       ] GC(170) Pause Young (Normal) (G1 Evacuation Pause)
[82.911s][info][gc,task        ] GC(170) Using 1 workers of 1 for evacuation
[82.972s][info][gc,phases      ] GC(170)   Pre Evacuate Collection Set: 0.1ms
[82.972s][info][gc,phases      ] GC(170)   Evacuate Collection Set: 60.0ms
[82.972s][info][gc,phases      ] GC(170)   Post Evacuate Collection Set: 0.7ms
[82.972s][info][gc,phases      ] GC(170)   Other: 0.4ms
[82.972s][info][gc,heap        ] GC(170) Eden regions: 120->0(65)
[82.972s][info][gc,heap        ] GC(170) Survivor regions: 7->13(16)
[82.972s][info][gc,heap        ] GC(170) Old regions: 213->213
[82.972s][info][gc,heap        ] GC(170) Humongous regions: 44->44
[82.972s][info][gc,metaspace   ] GC(170) Metaspace: 66368K->66368K(1107968K)
[82.972s][info][gc             ] GC(170) Pause Young (Normal) (G1 Evacuation Pause) 382M->268M(1579M) 61.285ms
[82.972s][info][gc,cpu         ] GC(170) User=0.06s Sys=0.00s Real=0.06s
[83.646s][info][gc,start       ] GC(171) Pause Young (Normal) (G1 Evacuation Pause)
[83.646s][info][gc,task        ] GC(171) Using 1 workers of 1 for evacuation
[83.729s][info][gc,phases      ] GC(171)   Pre Evacuate Collection Set: 0.1ms
[83.729s][info][gc,phases      ] GC(171)   Evacuate Collection Set: 82.1ms
[83.729s][info][gc,phases      ] GC(171)   Post Evacuate Collection Set: 0.6ms
[83.729s][info][gc,phases      ] GC(171)   Other: 0.4ms
[83.729s][info][gc,heap        ] GC(171) Eden regions: 65->0(74)
[83.729s][info][gc,heap        ] GC(171) Survivor regions: 13->4(10)
[83.729s][info][gc,heap        ] GC(171) Old regions: 213->225
[83.729s][info][gc,heap        ] GC(171) Humongous regions: 54->49
[83.729s][info][gc,metaspace   ] GC(171) Metaspace: 66381K->66381K(1107968K)
[83.729s][info][gc             ] GC(171) Pause Young (Normal) (G1 Evacuation Pause) 343M->276M(1579M) 83.275ms
[83.730s][info][gc,cpu         ] GC(171) User=0.08s Sys=0.00s Real=0.09s
[84.080s][info][gc,start       ] GC(172) Pause Young (Normal) (G1 Evacuation Pause)
[84.080s][info][gc,task        ] GC(172) Using 1 workers of 1 for evacuation
[84.177s][info][gc,phases      ] GC(172)   Pre Evacuate Collection Set: 0.1ms
[84.177s][info][gc,phases      ] GC(172)   Evacuate Collection Set: 95.9ms
[84.177s][info][gc,phases      ] GC(172)   Post Evacuate Collection Set: 0.6ms
[84.177s][info][gc,phases      ] GC(172)   Other: 0.3ms
[84.177s][info][gc,heap        ] GC(172) Eden regions: 74->0(79)
[84.177s][info][gc,heap        ] GC(172) Survivor regions: 4->10(10)
[84.177s][info][gc,heap        ] GC(172) Old regions: 225->232
[84.177s][info][gc,heap        ] GC(172) Humongous regions: 63->63
[84.177s][info][gc,metaspace   ] GC(172) Metaspace: 66383K->66383K(1107968K)
[84.177s][info][gc             ] GC(172) Pause Young (Normal) (G1 Evacuation Pause) 364M->303M(1579M) 96.957ms
[84.177s][info][gc,cpu         ] GC(172) User=0.10s Sys=0.00s Real=0.10s
[84.652s][info][gc,start       ] GC(173) Pause Young (Normal) (G1 Evacuation Pause)
[84.652s][info][gc,task        ] GC(173) Using 1 workers of 1 for evacuation
[84.736s][info][gc,phases      ] GC(173)   Pre Evacuate Collection Set: 0.1ms
[84.736s][info][gc,phases      ] GC(173)   Evacuate Collection Set: 82.6ms
[84.736s][info][gc,phases      ] GC(173)   Post Evacuate Collection Set: 0.8ms
[84.736s][info][gc,phases      ] GC(173)   Other: 0.4ms
[84.736s][info][gc,heap        ] GC(173) Eden regions: 73->0(88)
[84.736s][info][gc,heap        ] GC(173) Survivor regions: 10->11(11)
[84.736s][info][gc,heap        ] GC(173) Old regions: 232->247
[84.736s][info][gc,heap        ] GC(173) Humongous regions: 77->77
[84.736s][info][gc,metaspace   ] GC(173) Metaspace: 66385K->66385K(1107968K)
[84.736s][info][gc             ] GC(173) Pause Young (Normal) (G1 Evacuation Pause) 390M->333M(1614M) 83.972ms
[84.736s][info][gc,cpu         ] GC(173) User=0.09s Sys=0.00s Real=0.08s
[85.556s][info][gc,start       ] GC(174) Pause Young (Normal) (G1 Evacuation Pause)
[85.556s][info][gc,task        ] GC(174) Using 1 workers of 1 for evacuation
[85.758s][info][gc,mmu         ] GC(174) MMU target violated: 201.0ms (200.0ms/201.0ms)
[85.758s][info][gc,phases      ] GC(174)   Pre Evacuate Collection Set: 0.1ms
[85.758s][info][gc,phases      ] GC(174)   Evacuate Collection Set: 197.7ms
[85.758s][info][gc,phases      ] GC(174)   Post Evacuate Collection Set: 3.8ms
[85.758s][info][gc,phases      ] GC(174)   Other: 0.5ms
[85.758s][info][gc,heap        ] GC(174) Eden regions: 82->0(68)
[85.758s][info][gc,heap        ] GC(174) Survivor regions: 11->12(12)
[85.758s][info][gc,heap        ] GC(174) Old regions: 247->261
[85.758s][info][gc,heap        ] GC(174) Humongous regions: 98->93
[85.758s][info][gc,metaspace   ] GC(174) Metaspace: 66421K->66421K(1107968K)
[85.758s][info][gc             ] GC(174) Pause Young (Normal) (G1 Evacuation Pause) 436M->364M(1614M) 202.117ms
[85.758s][info][gc,cpu         ] GC(174) User=0.20s Sys=0.01s Real=0.21s
[86.224s][info][gc,start       ] GC(175) Pause Young (Normal) (G1 Evacuation Pause)
[86.224s][info][gc,task        ] GC(175) Using 1 workers of 1 for evacuation
[86.345s][info][gc,phases      ] GC(175)   Pre Evacuate Collection Set: 0.1ms
[86.345s][info][gc,phases      ] GC(175)   Evacuate Collection Set: 119.5ms
[86.345s][info][gc,phases      ] GC(175)   Post Evacuate Collection Set: 0.7ms
[86.345s][info][gc,phases      ] GC(175)   Other: 0.3ms
[86.345s][info][gc,heap        ] GC(175) Eden regions: 68->0(70)
[86.345s][info][gc,heap        ] GC(175) Survivor regions: 12->10(10)
[86.345s][info][gc,heap        ] GC(175) Old regions: 261->273
[86.345s][info][gc,heap        ] GC(175) Humongous regions: 104->104
[86.345s][info][gc,metaspace   ] GC(175) Metaspace: 66427K->66427K(1107968K)
[86.345s][info][gc             ] GC(175) Pause Young (Normal) (G1 Evacuation Pause) 443M->385M(1614M) 120.671ms
[86.345s][info][gc,cpu         ] GC(175) User=0.12s Sys=0.00s Real=0.12s
[86.630s][info][gc,start       ] GC(176) Pause Young (Normal) (G1 Evacuation Pause)
[86.630s][info][gc,task        ] GC(176) Using 1 workers of 1 for evacuation
[86.699s][info][gc,phases      ] GC(176)   Pre Evacuate Collection Set: 0.1ms
[86.699s][info][gc,phases      ] GC(176)   Evacuate Collection Set: 67.7ms
[86.699s][info][gc,phases      ] GC(176)   Post Evacuate Collection Set: 0.5ms
[86.699s][info][gc,phases      ] GC(176)   Other: 0.3ms
[86.699s][info][gc,heap        ] GC(176) Eden regions: 70->0(77)
[86.699s][info][gc,heap        ] GC(176) Survivor regions: 10->10(10)
[86.699s][info][gc,heap        ] GC(176) Old regions: 273->284
[86.699s][info][gc,heap        ] GC(176) Humongous regions: 110->110
[86.699s][info][gc,metaspace   ] GC(176) Metaspace: 66432K->66432K(1107968K)
[86.699s][info][gc             ] GC(176) Pause Young (Normal) (G1 Evacuation Pause) 461M->402M(1614M) 68.632ms
[86.699s][info][gc,cpu         ] GC(176) User=0.07s Sys=0.00s Real=0.07s
[87.033s][info][gc,start       ] GC(177) Pause Young (Normal) (G1 Evacuation Pause)
[87.033s][info][gc,task        ] GC(177) Using 1 workers of 1 for evacuation
[87.103s][info][gc,phases      ] GC(177)   Pre Evacuate Collection Set: 0.1ms
[87.103s][info][gc,phases      ] GC(177)   Evacuate Collection Set: 69.4ms
[87.103s][info][gc,phases      ] GC(177)   Post Evacuate Collection Set: 0.8ms
[87.103s][info][gc,phases      ] GC(177)   Other: 0.3ms
[87.103s][info][gc,heap        ] GC(177) Eden regions: 77->0(83)
[87.103s][info][gc,heap        ] GC(177) Survivor regions: 10->11(11)
[87.103s][info][gc,heap        ] GC(177) Old regions: 284->295
[87.103s][info][gc,heap        ] GC(177) Humongous regions: 126->121
[87.103s][info][gc,metaspace   ] GC(177) Metaspace: 66460K->66460K(1107968K)
[87.103s][info][gc             ] GC(177) Pause Young (Normal) (G1 Evacuation Pause) 495M->425M(1651M) 70.692ms
[87.103s][info][gc,cpu         ] GC(177) User=0.07s Sys=0.00s Real=0.07s
[87.460s][info][gc,start       ] GC(178) Pause Young (Normal) (G1 Evacuation Pause)
[87.460s][info][gc,task        ] GC(178) Using 1 workers of 1 for evacuation
[87.522s][info][gc,phases      ] GC(178)   Pre Evacuate Collection Set: 0.1ms
[87.522s][info][gc,phases      ] GC(178)   Evacuate Collection Set: 61.0ms
[87.522s][info][gc,phases      ] GC(178)   Post Evacuate Collection Set: 0.5ms
[87.522s][info][gc,phases      ] GC(178)   Other: 0.4ms
[87.522s][info][gc,heap        ] GC(178) Eden regions: 83->0(92)
[87.522s][info][gc,heap        ] GC(178) Survivor regions: 11->4(12)
[87.522s][info][gc,heap        ] GC(178) Old regions: 295->306
[87.522s][info][gc,heap        ] GC(178) Humongous regions: 126->126
[87.522s][info][gc,metaspace   ] GC(178) Metaspace: 66470K->66470K(1107968K)
[87.522s][info][gc             ] GC(178) Pause Young (Normal) (G1 Evacuation Pause) 513M->433M(1651M) 62.103ms
[87.522s][info][gc,cpu         ] GC(178) User=0.06s Sys=0.00s Real=0.06s
[87.914s][info][gc,start       ] GC(179) Pause Young (Normal) (G1 Evacuation Pause)
[87.914s][info][gc,task        ] GC(179) Using 1 workers of 1 for evacuation
[87.971s][info][gc,phases      ] GC(179)   Pre Evacuate Collection Set: 0.1ms
[87.971s][info][gc,phases      ] GC(179)   Evacuate Collection Set: 55.2ms
[87.971s][info][gc,phases      ] GC(179)   Post Evacuate Collection Set: 0.6ms
[87.971s][info][gc,phases      ] GC(179)   Other: 0.4ms
[87.971s][info][gc,heap        ] GC(179) Eden regions: 92->0(97)
[87.971s][info][gc,heap        ] GC(179) Survivor regions: 4->12(12)
[87.971s][info][gc,heap        ] GC(179) Old regions: 306->308
[87.971s][info][gc,heap        ] GC(179) Humongous regions: 137->137
[87.971s][info][gc,metaspace   ] GC(179) Metaspace: 66475K->66475K(1107968K)
[87.971s][info][gc             ] GC(179) Pause Young (Normal) (G1 Evacuation Pause) 536M->455M(1651M) 56.279ms
[87.971s][info][gc,cpu         ] GC(179) User=0.06s Sys=0.00s Real=0.06s
[88.440s][info][gc,start       ] GC(180) Pause Young (Normal) (G1 Evacuation Pause)
[88.440s][info][gc,task        ] GC(180) Using 1 workers of 1 for evacuation
[88.523s][info][gc,phases      ] GC(180)   Pre Evacuate Collection Set: 0.1ms
[88.523s][info][gc,phases      ] GC(180)   Evacuate Collection Set: 81.8ms
[88.523s][info][gc,phases      ] GC(180)   Post Evacuate Collection Set: 0.6ms
[88.523s][info][gc,phases      ] GC(180)   Other: 0.5ms
[88.523s][info][gc,heap        ] GC(180) Eden regions: 97->0(106)
[88.523s][info][gc,heap        ] GC(180) Survivor regions: 12->12(14)
[88.523s][info][gc,heap        ] GC(180) Old regions: 308->320
[88.523s][info][gc,heap        ] GC(180) Humongous regions: 148->148
[88.523s][info][gc,metaspace   ] GC(180) Metaspace: 66484K->66484K(1107968K)
[88.523s][info][gc             ] GC(180) Pause Young (Normal) (G1 Evacuation Pause) 563M->478M(1651M) 83.279ms
[88.523s][info][gc,cpu         ] GC(180) User=0.08s Sys=0.00s Real=0.08s
[88.801s][info][gc,start       ] GC(181) Pause Young (Normal) (G1 Evacuation Pause)
[88.801s][info][gc,task        ] GC(181) Using 1 workers of 1 for evacuation
[88.864s][info][gc,phases      ] GC(181)   Pre Evacuate Collection Set: 0.1ms
[88.864s][info][gc,phases      ] GC(181)   Evacuate Collection Set: 62.0ms
[88.864s][info][gc,phases      ] GC(181)   Post Evacuate Collection Set: 0.5ms
[88.864s][info][gc,phases      ] GC(181)   Other: 0.3ms
[88.864s][info][gc,heap        ] GC(181) Eden regions: 106->0(113)
[88.864s][info][gc,heap        ] GC(181) Survivor regions: 12->10(15)
[88.864s][info][gc,heap        ] GC(181) Old regions: 320->331
[88.864s][info][gc,heap        ] GC(181) Humongous regions: 156->151
[88.864s][info][gc,metaspace   ] GC(181) Metaspace: 66490K->66490K(1107968K)
[88.864s][info][gc             ] GC(181) Pause Young (Normal) (G1 Evacuation Pause) 592M->490M(1664M) 62.952ms
[88.864s][info][gc,cpu         ] GC(181) User=0.06s Sys=0.00s Real=0.06s
[89.644s][info][gc,start       ] GC(182) Pause Young (Normal) (G1 Evacuation Pause)
[89.644s][info][gc,task        ] GC(182) Using 1 workers of 1 for evacuation
[89.804s][info][gc,phases      ] GC(182)   Pre Evacuate Collection Set: 0.2ms
[89.804s][info][gc,phases      ] GC(182)   Evacuate Collection Set: 157.5ms
[89.804s][info][gc,phases      ] GC(182)   Post Evacuate Collection Set: 1.3ms
[89.804s][info][gc,phases      ] GC(182)   Other: 0.8ms
[89.804s][info][gc,heap        ] GC(182) Eden regions: 113->0(117)
[89.804s][info][gc,heap        ] GC(182) Survivor regions: 10->13(16)
[89.804s][info][gc,heap        ] GC(182) Old regions: 331->341
[89.804s][info][gc,heap        ] GC(182) Humongous regions: 234->188
[89.804s][info][gc,metaspace   ] GC(182) Metaspace: 66532K->66532K(1107968K)
[89.804s][info][gc             ] GC(182) Pause Young (Normal) (G1 Evacuation Pause) 686M->539M(1664M) 160.237ms
[89.804s][info][gc,cpu         ] GC(182) User=0.16s Sys=0.00s Real=0.16s
[90.007s][info][gc,start       ] GC(183) Pause Young (Normal) (G1 Evacuation Pause)
[90.007s][info][gc,task        ] GC(183) Using 1 workers of 1 for evacuation
[90.127s][info][gc,phases      ] GC(183)   Pre Evacuate Collection Set: 0.1ms
[90.127s][info][gc,phases      ] GC(183)   Evacuate Collection Set: 118.8ms
[90.127s][info][gc,phases      ] GC(183)   Post Evacuate Collection Set: 0.9ms
[90.127s][info][gc,phases      ] GC(183)   Other: 0.3ms
[90.127s][info][gc,heap        ] GC(183) Eden regions: 117->0(104)
[90.127s][info][gc,heap        ] GC(183) Survivor regions: 13->17(17)
[90.127s][info][gc,heap        ] GC(183) Old regions: 341->354
[90.127s][info][gc,heap        ] GC(183) Humongous regions: 202->202
[90.127s][info][gc,metaspace   ] GC(183) Metaspace: 66544K->66544K(1107968K)
[90.127s][info][gc             ] GC(183) Pause Young (Normal) (G1 Evacuation Pause) 670M->571M(1664M) 120.355ms
[90.127s][info][gc,cpu         ] GC(183) User=0.12s Sys=0.00s Real=0.12s
[90.528s][info][gc,start       ] GC(184) Pause Young (Normal) (G1 Evacuation Pause)
[90.528s][info][gc,task        ] GC(184) Using 1 workers of 1 for evacuation
[90.659s][info][gc,phases      ] GC(184)   Pre Evacuate Collection Set: 0.1ms
[90.659s][info][gc,phases      ] GC(184)   Evacuate Collection Set: 130.3ms
[90.659s][info][gc,phases      ] GC(184)   Post Evacuate Collection Set: 0.5ms
[90.659s][info][gc,phases      ] GC(184)   Other: 0.3ms
[90.659s][info][gc,heap        ] GC(184) Eden regions: 104->0(106)
[90.659s][info][gc,heap        ] GC(184) Survivor regions: 17->15(16)
[90.659s][info][gc,heap        ] GC(184) Old regions: 354->371
[90.659s][info][gc,heap        ] GC(184) Humongous regions: 221->218
[90.659s][info][gc,metaspace   ] GC(184) Metaspace: 66553K->66553K(1107968K)
[90.659s][info][gc             ] GC(184) Pause Young (Normal) (G1 Evacuation Pause) 694M->601M(1664M) 131.268ms
[90.659s][info][gc,cpu         ] GC(184) User=0.13s Sys=0.00s Real=0.14s
[91.022s][info][gc,start       ] GC(185) Pause Young (Normal) (G1 Evacuation Pause)
[91.022s][info][gc,task        ] GC(185) Using 1 workers of 1 for evacuation
[91.132s][info][gc,phases      ] GC(185)   Pre Evacuate Collection Set: 0.1ms
[91.132s][info][gc,phases      ] GC(185)   Evacuate Collection Set: 108.3ms
[91.132s][info][gc,phases      ] GC(185)   Post Evacuate Collection Set: 0.9ms
[91.132s][info][gc,phases      ] GC(185)   Other: 0.3ms
[91.132s][info][gc,heap        ] GC(185) Eden regions: 106->0(114)
[91.132s][info][gc,heap        ] GC(185) Survivor regions: 15->12(16)
[91.132s][info][gc,heap        ] GC(185) Old regions: 371->385
[91.132s][info][gc,heap        ] GC(185) Humongous regions: 291->248
[91.132s][info][gc,metaspace   ] GC(185) Metaspace: 66586K->66586K(1110016K)
[91.132s][info][gc             ] GC(185) Pause Young (Normal) (G1 Evacuation Pause) 780M->643M(1685M) 109.770ms
[91.132s][info][gc,cpu         ] GC(185) User=0.11s Sys=0.00s Real=0.11s
[91.320s][info][gc,start       ] GC(186) Pause Young (Normal) (G1 Evacuation Pause)
[91.320s][info][gc,task        ] GC(186) Using 1 workers of 1 for evacuation
[91.415s][info][gc,phases      ] GC(186)   Pre Evacuate Collection Set: 0.1ms
[91.415s][info][gc,phases      ] GC(186)   Evacuate Collection Set: 94.6ms
[91.415s][info][gc,phases      ] GC(186)   Post Evacuate Collection Set: 0.4ms
[91.415s][info][gc,phases      ] GC(186)   Other: 0.3ms
[91.415s][info][gc,heap        ] GC(186) Eden regions: 114->0(68)
[91.415s][info][gc,heap        ] GC(186) Survivor regions: 12->16(16)
[91.415s][info][gc,heap        ] GC(186) Old regions: 385->399
[91.415s][info][gc,heap        ] GC(186) Humongous regions: 260->238
[91.415s][info][gc,metaspace   ] GC(186) Metaspace: 66592K->66592K(1110016K)
[91.415s][info][gc             ] GC(186) Pause Young (Normal) (G1 Evacuation Pause) 769M->651M(1685M) 95.514ms
[91.415s][info][gc,cpu         ] GC(186) User=0.09s Sys=0.00s Real=0.09s
[91.970s][info][gc,start       ] GC(187) Pause Young (Normal) (G1 Evacuation Pause)
[91.970s][info][gc,task        ] GC(187) Using 1 workers of 1 for evacuation
[92.058s][info][gc,phases      ] GC(187)   Pre Evacuate Collection Set: 0.1ms
[92.058s][info][gc,phases      ] GC(187)   Evacuate Collection Set: 87.6ms
[92.058s][info][gc,phases      ] GC(187)   Post Evacuate Collection Set: 0.5ms
[92.058s][info][gc,phases      ] GC(187)   Other: 0.4ms
[92.058s][info][gc,heap        ] GC(187) Eden regions: 68->0(79)
[92.058s][info][gc,heap        ] GC(187) Survivor regions: 16->6(11)
[92.058s][info][gc,heap        ] GC(187) Old regions: 399->415
[92.058s][info][gc,heap        ] GC(187) Humongous regions: 321->274
[92.058s][info][gc,metaspace   ] GC(187) Metaspace: 66656K->66656K(1110016K)
[92.058s][info][gc             ] GC(187) Pause Young (Normal) (G1 Evacuation Pause) 802M->693M(1685M) 88.725ms
[92.058s][info][gc,cpu         ] GC(187) User=0.09s Sys=0.00s Real=0.09s
[92.195s][info][gc,start       ] GC(188) Pause Young (Normal) (G1 Evacuation Pause)
[92.195s][info][gc,task        ] GC(188) Using 1 workers of 1 for evacuation
[92.280s][info][gc,phases      ] GC(188)   Pre Evacuate Collection Set: 0.1ms
[92.281s][info][gc,phases      ] GC(188)   Evacuate Collection Set: 84.3ms
[92.281s][info][gc,phases      ] GC(188)   Post Evacuate Collection Set: 0.6ms
[92.281s][info][gc,phases      ] GC(188)   Other: 0.3ms
[92.281s][info][gc,heap        ] GC(188) Eden regions: 79->0(73)
[92.281s][info][gc,heap        ] GC(188) Survivor regions: 6->11(11)
[92.281s][info][gc,heap        ] GC(188) Old regions: 415->423
[92.281s][info][gc,heap        ] GC(188) Humongous regions: 293->269
[92.281s][info][gc,metaspace   ] GC(188) Metaspace: 66664K->66664K(1110016K)
[92.281s][info][gc             ] GC(188) Pause Young (Normal) (G1 Evacuation Pause) 791M->701M(1685M) 85.498ms
[92.281s][info][gc,cpu         ] GC(188) User=0.08s Sys=0.00s Real=0.09s
[92.469s][info][gc,start       ] GC(189) Pause Young (Normal) (G1 Evacuation Pause)
[92.469s][info][gc,task        ] GC(189) Using 1 workers of 1 for evacuation
[92.546s][info][gc,phases      ] GC(189)   Pre Evacuate Collection Set: 0.1ms
[92.546s][info][gc,phases      ] GC(189)   Evacuate Collection Set: 76.0ms
[92.546s][info][gc,phases      ] GC(189)   Post Evacuate Collection Set: 0.5ms
[92.546s][info][gc,phases      ] GC(189)   Other: 0.3ms
[92.546s][info][gc,heap        ] GC(189) Eden regions: 73->0(73)
[92.546s][info][gc,heap        ] GC(189) Survivor regions: 11->11(11)
[92.546s][info][gc,heap        ] GC(189) Old regions: 423->441
[92.546s][info][gc,heap        ] GC(189) Humongous regions: 272->272
[92.546s][info][gc,metaspace   ] GC(189) Metaspace: 66667K->66667K(1110016K)
[92.546s][info][gc             ] GC(189) Pause Young (Normal) (G1 Evacuation Pause) 777M->722M(1699M) 77.004ms
[92.546s][info][gc,cpu         ] GC(189) User=0.08s Sys=0.00s Real=0.07s
[92.699s][info][gc,start       ] GC(190) Pause Young (Normal) (G1 Evacuation Pause)
[92.699s][info][gc,task        ] GC(190) Using 1 workers of 1 for evacuation
[92.722s][info][gc,phases      ] GC(190)   Pre Evacuate Collection Set: 0.1ms
[92.722s][info][gc,phases      ] GC(190)   Evacuate Collection Set: 22.9ms
[92.722s][info][gc,phases      ] GC(190)   Post Evacuate Collection Set: 0.3ms
[92.722s][info][gc,phases      ] GC(190)   Other: 0.3ms
[92.722s][info][gc,heap        ] GC(190) Eden regions: 73->0(97)
[92.722s][info][gc,heap        ] GC(190) Survivor regions: 11->1(11)
[92.722s][info][gc,heap        ] GC(190) Old regions: 441->452
[92.722s][info][gc,heap        ] GC(190) Humongous regions: 272->272
[92.722s][info][gc,metaspace   ] GC(190) Metaspace: 66667K->66667K(1110016K)
[92.722s][info][gc             ] GC(190) Pause Young (Normal) (G1 Evacuation Pause) 795M->722M(1699M) 23.760ms
[92.722s][info][gc,cpu         ] GC(190) User=0.02s Sys=0.00s Real=0.02s
[92.901s][info][gc,start       ] GC(191) Pause Young (Normal) (G1 Evacuation Pause)
[92.901s][info][gc,task        ] GC(191) Using 1 workers of 1 for evacuation
[92.904s][info][gc,phases      ] GC(191)   Pre Evacuate Collection Set: 0.1ms
[92.904s][info][gc,phases      ] GC(191)   Evacuate Collection Set: 1.9ms
[92.904s][info][gc,phases      ] GC(191)   Post Evacuate Collection Set: 0.3ms
[92.904s][info][gc,phases      ] GC(191)   Other: 0.3ms
[92.904s][info][gc,heap        ] GC(191) Eden regions: 97->0(128)
[92.904s][info][gc,heap        ] GC(191) Survivor regions: 1->1(13)
[92.904s][info][gc,heap        ] GC(191) Old regions: 452->452
[92.904s][info][gc,heap        ] GC(191) Humongous regions: 272->272
[92.904s][info][gc,metaspace   ] GC(191) Metaspace: 66667K->66667K(1110016K)
[92.904s][info][gc             ] GC(191) Pause Young (Normal) (G1 Evacuation Pause) 819M->722M(1699M) 2.665ms
[92.904s][info][gc,cpu         ] GC(191) User=0.00s Sys=0.00s Real=0.00s
[93.131s][info][gc,start       ] GC(192) Pause Young (Normal) (G1 Evacuation Pause)
[93.131s][info][gc,task        ] GC(192) Using 1 workers of 1 for evacuation
[93.134s][info][gc,phases      ] GC(192)   Pre Evacuate Collection Set: 0.1ms
[93.134s][info][gc,phases      ] GC(192)   Evacuate Collection Set: 2.1ms
[93.134s][info][gc,phases      ] GC(192)   Post Evacuate Collection Set: 0.3ms
[93.134s][info][gc,phases      ] GC(192)   Other: 0.4ms
[93.134s][info][gc,heap        ] GC(192) Eden regions: 128->0(179)
[93.134s][info][gc,heap        ] GC(192) Survivor regions: 1->1(17)
[93.134s][info][gc,heap        ] GC(192) Old regions: 452->452
[93.134s][info][gc,heap        ] GC(192) Humongous regions: 272->272
[93.134s][info][gc,metaspace   ] GC(192) Metaspace: 66667K->66667K(1110016K)
[93.134s][info][gc             ] GC(192) Pause Young (Normal) (G1 Evacuation Pause) 850M->722M(1699M) 3.096ms
[93.134s][info][gc,cpu         ] GC(192) User=0.00s Sys=0.00s Real=0.00s
[93.297s][info][gc,start       ] GC(193) Pause Young (Normal) (G1 Evacuation Pause)
[93.298s][info][gc,task        ] GC(193) Using 1 workers of 1 for evacuation
[93.371s][info][gc,phases      ] GC(193)   Pre Evacuate Collection Set: 0.1ms
[93.371s][info][gc,phases      ] GC(193)   Evacuate Collection Set: 72.5ms
[93.371s][info][gc,phases      ] GC(193)   Post Evacuate Collection Set: 0.7ms
[93.371s][info][gc,phases      ] GC(193)   Other: 0.3ms
[93.371s][info][gc,heap        ] GC(193) Eden regions: 179->0(182)
[93.371s][info][gc,heap        ] GC(193) Survivor regions: 1->23(23)
[93.371s][info][gc,heap        ] GC(193) Old regions: 452->470
[93.371s][info][gc,heap        ] GC(193) Humongous regions: 275->275
[93.371s][info][gc,metaspace   ] GC(193) Metaspace: 66667K->66667K(1110016K)
[93.371s][info][gc             ] GC(193) Pause Young (Normal) (G1 Evacuation Pause) 904M->766M(1699M) 73.714ms
[93.371s][info][gc,cpu         ] GC(193) User=0.07s Sys=0.00s Real=0.07s
[93.594s][info][gc,heap,exit   ] Heap
[93.594s][info][gc,heap,exit   ]  garbage-first heap   total 1739776K, used 845156K [0x0000000092a00000, 0x0000000100000000)
[93.594s][info][gc,heap,exit   ]   region size 1024K, 83 young (84992K), 23 survivors (23552K)
[93.594s][info][gc,heap,exit   ]  Metaspace       used 67198K, capacity 71176K, committed 71452K, reserved 1110016K
[93.594s][info][gc,heap,exit   ]   class space    used 9473K, capacity 11430K, committed 11468K, reserved 1048576K
