[0.003s][info][gc,heap] Heap region size: 1M
[0.004s][info][gc     ] Using G1
[0.005s][info][gc,heap,coops] Heap address: 0x0000000083000000, size: 2000 MB, Compressed Oops mode: 32-bit
[0.527s][info][gc,start     ] GC(0) Pause Young (Normal) (G1 Evacuation Pause)
[0.528s][info][gc,task      ] GC(0) Using 1 workers of 1 for evacuation
[0.532s][info][gc,phases    ] GC(0)   Pre Evacuate Collection Set: 0.0ms
[0.532s][info][gc,phases    ] GC(0)   Evacuate Collection Set: 4.5ms
[0.532s][info][gc,phases    ] GC(0)   Post Evacuate Collection Set: 0.1ms
[0.532s][info][gc,phases    ] GC(0)   Other: 0.2ms
[0.532s][info][gc,heap      ] GC(0) Eden regions: 6->0(5)
[0.532s][info][gc,heap      ] GC(0) Survivor regions: 0->1(1)
[0.532s][info][gc,heap      ] GC(0) Old regions: 0->2
[0.532s][info][gc,heap      ] GC(0) Humongous regions: 0->0
[0.532s][info][gc,metaspace ] GC(0) Metaspace: 2154K->2154K(1056768K)
[0.532s][info][gc           ] GC(0) Pause Young (Normal) (G1 Evacuation Pause) 6M->2M(126M) 4.877ms
[0.532s][info][gc,cpu       ] GC(0) User=0.00s Sys=0.00s Real=0.00s
[0.689s][info][gc,start     ] GC(1) Pause Young (Normal) (G1 Evacuation Pause)
[0.689s][info][gc,task      ] GC(1) Using 1 workers of 1 for evacuation
[0.691s][info][gc,phases    ] GC(1)   Pre Evacuate Collection Set: 0.0ms
[0.691s][info][gc,phases    ] GC(1)   Evacuate Collection Set: 2.5ms
[0.691s][info][gc,phases    ] GC(1)   Post Evacuate Collection Set: 0.1ms
[0.691s][info][gc,phases    ] GC(1)   Other: 0.1ms
[0.691s][info][gc,heap      ] GC(1) Eden regions: 5->0(6)
[0.691s][info][gc,heap      ] GC(1) Survivor regions: 1->1(1)
[0.691s][info][gc,heap      ] GC(1) Old regions: 2->3
[0.691s][info][gc,heap      ] GC(1) Humongous regions: 0->0
[0.691s][info][gc,metaspace ] GC(1) Metaspace: 4300K->4300K(1056768K)
[0.691s][info][gc           ] GC(1) Pause Young (Normal) (G1 Evacuation Pause) 7M->2M(126M) 2.784ms
[0.691s][info][gc,cpu       ] GC(1) User=0.00s Sys=0.00s Real=0.00s
[0.906s][info][gc,start     ] GC(2) Pause Young (Normal) (G1 Evacuation Pause)
[0.906s][info][gc,task      ] GC(2) Using 1 workers of 1 for evacuation
[0.908s][info][gc,phases    ] GC(2)   Pre Evacuate Collection Set: 0.0ms
[0.908s][info][gc,phases    ] GC(2)   Evacuate Collection Set: 1.5ms
[0.908s][info][gc,phases    ] GC(2)   Post Evacuate Collection Set: 0.1ms
[0.908s][info][gc,phases    ] GC(2)   Other: 0.2ms
[0.908s][info][gc,heap      ] GC(2) Eden regions: 6->0(13)
[0.908s][info][gc,heap      ] GC(2) Survivor regions: 1->1(1)
[0.908s][info][gc,heap      ] GC(2) Old regions: 3->3
[0.908s][info][gc,heap      ] GC(2) Humongous regions: 0->0
[0.908s][info][gc,metaspace ] GC(2) Metaspace: 6662K->6662K(1058816K)
[0.908s][info][gc           ] GC(2) Pause Young (Normal) (G1 Evacuation Pause) 8M->2M(126M) 1.922ms
[0.908s][info][gc,cpu       ] GC(2) User=0.00s Sys=0.00s Real=0.00s
[2.484s][info][gc,start     ] GC(3) Pause Young (Normal) (G1 Evacuation Pause)
[2.484s][info][gc,task      ] GC(3) Using 1 workers of 1 for evacuation
[2.487s][info][gc,phases    ] GC(3)   Pre Evacuate Collection Set: 0.0ms
[2.487s][info][gc,phases    ] GC(3)   Evacuate Collection Set: 3.1ms
[2.487s][info][gc,phases    ] GC(3)   Post Evacuate Collection Set: 0.1ms
[2.487s][info][gc,phases    ] GC(3)   Other: 0.3ms
[2.487s][info][gc,heap      ] GC(3) Eden regions: 13->0(18)
[2.487s][info][gc,heap      ] GC(3) Survivor regions: 1->2(2)
[2.487s][info][gc,heap      ] GC(3) Old regions: 3->3
[2.487s][info][gc,heap      ] GC(3) Humongous regions: 0->0
[2.487s][info][gc,metaspace ] GC(3) Metaspace: 8521K->8521K(1058816K)
[2.487s][info][gc           ] GC(3) Pause Young (Normal) (G1 Evacuation Pause) 15M->4M(126M) 3.704ms
[2.487s][info][gc,cpu       ] GC(3) User=0.00s Sys=0.00s Real=0.01s
[2.867s][info][gc,start     ] GC(4) Pause Young (Normal) (G1 Evacuation Pause)
[2.867s][info][gc,task      ] GC(4) Using 1 workers of 1 for evacuation
[2.874s][info][gc,phases    ] GC(4)   Pre Evacuate Collection Set: 0.0ms
[2.874s][info][gc,phases    ] GC(4)   Evacuate Collection Set: 6.3ms
[2.874s][info][gc,phases    ] GC(4)   Post Evacuate Collection Set: 0.2ms
[2.874s][info][gc,phases    ] GC(4)   Other: 0.2ms
[2.874s][info][gc,heap      ] GC(4) Eden regions: 18->0(20)
[2.874s][info][gc,heap      ] GC(4) Survivor regions: 2->3(3)
[2.874s][info][gc,heap      ] GC(4) Old regions: 3->9
[2.874s][info][gc,heap      ] GC(4) Humongous regions: 6->6
[2.874s][info][gc,metaspace ] GC(4) Metaspace: 12222K->12222K(1060864K)
[2.874s][info][gc           ] GC(4) Pause Young (Normal) (G1 Evacuation Pause) 27M->17M(126M) 6.774ms
[2.874s][info][gc,cpu       ] GC(4) User=0.00s Sys=0.00s Real=0.00s
[3.741s][info][gc,start     ] GC(5) Pause Young (Normal) (G1 Evacuation Pause)
[3.742s][info][gc,task      ] GC(5) Using 1 workers of 1 for evacuation
[3.748s][info][gc,phases    ] GC(5)   Pre Evacuate Collection Set: 0.0ms
[3.749s][info][gc,phases    ] GC(5)   Evacuate Collection Set: 6.5ms
[3.749s][info][gc,phases    ] GC(5)   Post Evacuate Collection Set: 0.3ms
[3.749s][info][gc,phases    ] GC(5)   Other: 0.3ms
[3.749s][info][gc,heap      ] GC(5) Eden regions: 20->0(23)
[3.749s][info][gc,heap      ] GC(5) Survivor regions: 3->3(3)
[3.749s][info][gc,heap      ] GC(5) Old regions: 9->13
[3.749s][info][gc,heap      ] GC(5) Humongous regions: 6->6
[3.749s][info][gc,metaspace ] GC(5) Metaspace: 18334K->18334K(1067008K)
[3.749s][info][gc           ] GC(5) Pause Young (Normal) (G1 Evacuation Pause) 37M->20M(126M) 7.249ms
[3.749s][info][gc,cpu       ] GC(5) User=0.01s Sys=0.00s Real=0.01s
[3.908s][info][gc,start     ] GC(6) Pause Young (Concurrent Start) (Metadata GC Threshold)
[3.908s][info][gc,task      ] GC(6) Using 1 workers of 1 for evacuation
[3.913s][info][gc,phases    ] GC(6)   Pre Evacuate Collection Set: 0.1ms
[3.913s][info][gc,phases    ] GC(6)   Evacuate Collection Set: 4.4ms
[3.913s][info][gc,phases    ] GC(6)   Post Evacuate Collection Set: 0.3ms
[3.913s][info][gc,phases    ] GC(6)   Other: 0.1ms
[3.913s][info][gc,heap      ] GC(6) Eden regions: 7->0(26)
[3.913s][info][gc,heap      ] GC(6) Survivor regions: 3->1(4)
[3.913s][info][gc,heap      ] GC(6) Old regions: 13->15
[3.913s][info][gc,heap      ] GC(6) Humongous regions: 6->6
[3.913s][info][gc,metaspace ] GC(6) Metaspace: 20097K->20097K(1067008K)
[3.913s][info][gc           ] GC(6) Pause Young (Concurrent Start) (Metadata GC Threshold) 27M->20M(152M) 4.866ms
[3.913s][info][gc,cpu       ] GC(6) User=0.00s Sys=0.00s Real=0.00s
[3.913s][info][gc           ] GC(7) Concurrent Cycle
[3.913s][info][gc,marking   ] GC(7) Concurrent Clear Claimed Marks
[3.913s][info][gc,marking   ] GC(7) Concurrent Clear Claimed Marks 0.048ms
[3.913s][info][gc,marking   ] GC(7) Concurrent Scan Root Regions
[3.913s][info][gc,marking   ] GC(7) Concurrent Scan Root Regions 0.253ms
[3.913s][info][gc,marking   ] GC(7) Concurrent Mark (3.913s)
[3.913s][info][gc,marking   ] GC(7) Concurrent Mark From Roots
[3.913s][info][gc,task      ] GC(7) Using 1 workers of 1 for marking
[3.931s][info][gc,marking   ] GC(7) Concurrent Mark From Roots 18.009ms
[3.931s][info][gc,marking   ] GC(7) Concurrent Preclean
[3.931s][info][gc,marking   ] GC(7) Concurrent Preclean 0.028ms
[3.931s][info][gc,marking   ] GC(7) Concurrent Mark (3.913s, 3.931s) 18.084ms
[3.932s][info][gc,start     ] GC(7) Pause Remark
[3.935s][info][gc,stringtable] GC(7) Cleaned string and symbol table, strings: 7387 processed, 7 removed, symbols: 40188 processed, 44 removed
[3.935s][info][gc            ] GC(7) Pause Remark 21M->21M(152M) 3.765ms
[3.935s][info][gc,cpu        ] GC(7) User=0.00s Sys=0.00s Real=0.00s
[3.935s][info][gc,marking    ] GC(7) Concurrent Rebuild Remembered Sets
[3.962s][info][gc,marking    ] GC(7) Concurrent Rebuild Remembered Sets 26.722ms
[3.964s][info][gc,start      ] GC(7) Pause Cleanup
[3.964s][info][gc            ] GC(7) Pause Cleanup 21M->21M(152M) 0.066ms
[3.964s][info][gc,cpu        ] GC(7) User=0.00s Sys=0.00s Real=0.00s
[3.964s][info][gc,marking    ] GC(7) Concurrent Cleanup for Next Mark
[3.970s][info][gc,marking    ] GC(7) Concurrent Cleanup for Next Mark 5.260ms
[3.970s][info][gc            ] GC(7) Concurrent Cycle 56.646ms
[4.872s][info][gc,start      ] GC(8) Pause Young (Normal) (G1 Evacuation Pause)
[4.873s][info][gc,task       ] GC(8) Using 1 workers of 1 for evacuation
[4.878s][info][gc,phases     ] GC(8)   Pre Evacuate Collection Set: 0.0ms
[4.878s][info][gc,phases     ] GC(8)   Evacuate Collection Set: 5.1ms
[4.878s][info][gc,phases     ] GC(8)   Post Evacuate Collection Set: 0.2ms
[4.878s][info][gc,phases     ] GC(8)   Other: 0.3ms
[4.878s][info][gc,heap       ] GC(8) Eden regions: 27->0(52)
[4.878s][info][gc,heap       ] GC(8) Survivor regions: 1->2(4)
[4.878s][info][gc,heap       ] GC(8) Old regions: 15->15
[4.878s][info][gc,heap       ] GC(8) Humongous regions: 6->6
[4.878s][info][gc,metaspace  ] GC(8) Metaspace: 25970K->25970K(1073152K)
[4.878s][info][gc            ] GC(8) Pause Young (Normal) (G1 Evacuation Pause) 47M->21M(152M) 5.693ms
[4.878s][info][gc,cpu        ] GC(8) User=0.01s Sys=0.00s Real=0.01s
[5.957s][info][gc,start      ] GC(9) Pause Young (Concurrent Start) (Metadata GC Threshold)
[5.957s][info][gc,task       ] GC(9) Using 1 workers of 1 for evacuation
[5.974s][info][gc,phases     ] GC(9)   Pre Evacuate Collection Set: 0.1ms
[5.974s][info][gc,phases     ] GC(9)   Evacuate Collection Set: 13.4ms
[5.974s][info][gc,phases     ] GC(9)   Post Evacuate Collection Set: 3.1ms
[5.974s][info][gc,phases     ] GC(9)   Other: 0.3ms
[5.974s][info][gc,heap       ] GC(9) Eden regions: 42->0(53)
[5.974s][info][gc,heap       ] GC(9) Survivor regions: 2->4(7)
[5.974s][info][gc,heap       ] GC(9) Old regions: 15->15
[5.974s][info][gc,heap       ] GC(9) Humongous regions: 6->6
[5.974s][info][gc,metaspace  ] GC(9) Metaspace: 34539K->34539K(1079296K)
[5.974s][info][gc            ] GC(9) Pause Young (Concurrent Start) (Metadata GC Threshold) 63M->24M(152M) 17.004ms
[5.974s][info][gc,cpu        ] GC(9) User=0.02s Sys=0.00s Real=0.01s
[5.974s][info][gc            ] GC(10) Concurrent Cycle
[5.974s][info][gc,marking    ] GC(10) Concurrent Clear Claimed Marks
[5.974s][info][gc,marking    ] GC(10) Concurrent Clear Claimed Marks 0.101ms
[5.974s][info][gc,marking    ] GC(10) Concurrent Scan Root Regions
[5.977s][info][gc,marking    ] GC(10) Concurrent Scan Root Regions 2.627ms
[5.977s][info][gc,marking    ] GC(10) Concurrent Mark (5.977s)
[5.977s][info][gc,marking    ] GC(10) Concurrent Mark From Roots
[5.977s][info][gc,task       ] GC(10) Using 1 workers of 1 for marking
[5.996s][info][gc,marking    ] GC(10) Concurrent Mark From Roots 19.445ms
[5.997s][info][gc,marking    ] GC(10) Concurrent Preclean
[5.997s][info][gc,marking    ] GC(10) Concurrent Preclean 0.022ms
[5.997s][info][gc,marking    ] GC(10) Concurrent Mark (5.977s, 5.997s) 19.520ms
[5.999s][info][gc,start      ] GC(10) Pause Remark
[6.005s][info][gc,stringtable] GC(10) Cleaned string and symbol table, strings: 13670 processed, 18 removed, symbols: 80104 processed, 44 removed
[6.005s][info][gc            ] GC(10) Pause Remark 24M->24M(152M) 6.345ms
[6.005s][info][gc,cpu        ] GC(10) User=0.00s Sys=0.00s Real=0.00s
[6.006s][info][gc,marking    ] GC(10) Concurrent Rebuild Remembered Sets
[6.022s][info][gc,marking    ] GC(10) Concurrent Rebuild Remembered Sets 16.266ms
[6.023s][info][gc,start      ] GC(10) Pause Cleanup
[6.023s][info][gc            ] GC(10) Pause Cleanup 25M->25M(152M) 0.073ms
[6.023s][info][gc,cpu        ] GC(10) User=0.00s Sys=0.00s Real=0.00s
[6.023s][info][gc,marking    ] GC(10) Concurrent Cleanup for Next Mark
[6.024s][info][gc,marking    ] GC(10) Concurrent Cleanup for Next Mark 0.494ms
[6.024s][info][gc            ] GC(10) Concurrent Cycle 49.665ms
[6.977s][info][gc,start      ] GC(11) Pause Young (Normal) (G1 Evacuation Pause)
[6.978s][info][gc,task       ] GC(11) Using 1 workers of 1 for evacuation
[7.050s][info][gc,phases     ] GC(11)   Pre Evacuate Collection Set: 0.0ms
[7.050s][info][gc,phases     ] GC(11)   Evacuate Collection Set: 72.0ms
[7.050s][info][gc,phases     ] GC(11)   Post Evacuate Collection Set: 0.4ms
[7.050s][info][gc,phases     ] GC(11)   Other: 0.3ms
[7.050s][info][gc,heap       ] GC(11) Eden regions: 54->0(56)
[7.050s][info][gc,heap       ] GC(11) Survivor regions: 4->8(8)
[7.050s][info][gc,heap       ] GC(11) Old regions: 15->27
[7.050s][info][gc,heap       ] GC(11) Humongous regions: 6->6
[7.050s][info][gc,metaspace  ] GC(11) Metaspace: 43056K->43056K(1087488K)
[7.050s][info][gc            ] GC(11) Pause Young (Normal) (G1 Evacuation Pause) 78M->40M(152M) 72.816ms
[7.050s][info][gc,cpu        ] GC(11) User=0.07s Sys=0.00s Real=0.07s
[7.426s][info][gc,start      ] GC(12) Pause Young (Normal) (G1 Evacuation Pause)
[7.426s][info][gc,task       ] GC(12) Using 1 workers of 1 for evacuation
[7.552s][info][gc,phases     ] GC(12)   Pre Evacuate Collection Set: 0.0ms
[7.552s][info][gc,phases     ] GC(12)   Evacuate Collection Set: 125.7ms
[7.552s][info][gc,phases     ] GC(12)   Post Evacuate Collection Set: 0.2ms
[7.552s][info][gc,phases     ] GC(12)   Other: 0.3ms
[7.552s][info][gc,heap       ] GC(12) Eden regions: 56->0(18)
[7.552s][info][gc,heap       ] GC(12) Survivor regions: 8->8(8)
[7.552s][info][gc,heap       ] GC(12) Old regions: 27->83
[7.552s][info][gc,heap       ] GC(12) Humongous regions: 6->6
[7.552s][info][gc,metaspace  ] GC(12) Metaspace: 43056K->43056K(1087488K)
[7.552s][info][gc            ] GC(12) Pause Young (Normal) (G1 Evacuation Pause) 96M->96M(161M) 126.345ms
[7.553s][info][gc,cpu        ] GC(12) User=0.12s Sys=0.02s Real=0.12s
[7.581s][info][gc,start      ] GC(13) Pause Young (Concurrent Start) (G1 Evacuation Pause)
[7.581s][info][gc,task       ] GC(13) Using 1 workers of 1 for evacuation
[7.619s][info][gc,phases     ] GC(13)   Pre Evacuate Collection Set: 0.1ms
[7.619s][info][gc,phases     ] GC(13)   Evacuate Collection Set: 36.8ms
[7.619s][info][gc,phases     ] GC(13)   Post Evacuate Collection Set: 0.1ms
[7.619s][info][gc,phases     ] GC(13)   Other: 0.1ms
[7.619s][info][gc,heap       ] GC(13) Eden regions: 18->0(9)
[7.619s][info][gc,heap       ] GC(13) Survivor regions: 8->4(4)
[7.619s][info][gc,heap       ] GC(13) Old regions: 83->105
[7.619s][info][gc,heap       ] GC(13) Humongous regions: 6->6
[7.619s][info][gc,metaspace  ] GC(13) Metaspace: 43056K->43056K(1087488K)
[7.619s][info][gc            ] GC(13) Pause Young (Concurrent Start) (G1 Evacuation Pause) 114M->114M(161M) 37.313ms
[7.619s][info][gc,cpu        ] GC(13) User=0.03s Sys=0.00s Real=0.04s
[7.619s][info][gc            ] GC(14) Concurrent Cycle
[7.619s][info][gc,marking    ] GC(14) Concurrent Clear Claimed Marks
[7.619s][info][gc,marking    ] GC(14) Concurrent Clear Claimed Marks 0.137ms
[7.619s][info][gc,marking    ] GC(14) Concurrent Scan Root Regions
[7.625s][info][gc,marking    ] GC(14) Concurrent Scan Root Regions 6.363ms
[7.625s][info][gc,marking    ] GC(14) Concurrent Mark (7.625s)
[7.625s][info][gc,marking    ] GC(14) Concurrent Mark From Roots
[7.625s][info][gc,task       ] GC(14) Using 1 workers of 1 for marking
[7.641s][info][gc,start      ] GC(15) Pause Young (Normal) (G1 Evacuation Pause)
[7.641s][info][gc,task       ] GC(15) Using 1 workers of 1 for evacuation
[7.662s][info][gc,phases     ] GC(15)   Pre Evacuate Collection Set: 0.0ms
[7.662s][info][gc,phases     ] GC(15)   Evacuate Collection Set: 20.0ms
[7.662s][info][gc,phases     ] GC(15)   Post Evacuate Collection Set: 1.1ms
[7.662s][info][gc,phases     ] GC(15)   Other: 0.1ms
[7.662s][info][gc,heap       ] GC(15) Eden regions: 9->0(37)
[7.662s][info][gc,heap       ] GC(15) Survivor regions: 4->2(2)
[7.662s][info][gc,heap       ] GC(15) Old regions: 105->116
[7.662s][info][gc,heap       ] GC(15) Humongous regions: 6->6
[7.662s][info][gc,metaspace  ] GC(15) Metaspace: 43056K->43056K(1087488K)
[7.662s][info][gc            ] GC(15) Pause Young (Normal) (G1 Evacuation Pause) 123M->123M(322M) 21.300ms
[7.662s][info][gc,cpu        ] GC(15) User=0.01s Sys=0.00s Real=0.02s
[7.760s][info][gc,start      ] GC(16) Pause Young (Normal) (G1 Evacuation Pause)
[7.760s][info][gc,task       ] GC(16) Using 1 workers of 1 for evacuation
[7.817s][info][gc,phases     ] GC(16)   Pre Evacuate Collection Set: 0.0ms
[7.817s][info][gc,phases     ] GC(16)   Evacuate Collection Set: 56.9ms
[7.817s][info][gc,phases     ] GC(16)   Post Evacuate Collection Set: 0.2ms
[7.817s][info][gc,phases     ] GC(16)   Other: 0.2ms
[7.817s][info][gc,heap       ] GC(16) Eden regions: 37->0(30)
[7.817s][info][gc,heap       ] GC(16) Survivor regions: 2->5(5)
[7.817s][info][gc,heap       ] GC(16) Old regions: 116->149
[7.817s][info][gc,heap       ] GC(16) Humongous regions: 6->6
[7.817s][info][gc,metaspace  ] GC(16) Metaspace: 43056K->43056K(1087488K)
[7.817s][info][gc            ] GC(16) Pause Young (Normal) (G1 Evacuation Pause) 160M->160M(322M) 57.366ms
[7.817s][info][gc,cpu        ] GC(16) User=0.05s Sys=0.00s Real=0.05s
[7.913s][info][gc,start      ] GC(17) Pause Young (Normal) (G1 Evacuation Pause)
[7.914s][info][gc,task       ] GC(17) Using 1 workers of 1 for evacuation
[7.977s][info][gc,phases     ] GC(17)   Pre Evacuate Collection Set: 0.0ms
[7.977s][info][gc,phases     ] GC(17)   Evacuate Collection Set: 63.3ms
[7.977s][info][gc,phases     ] GC(17)   Post Evacuate Collection Set: 0.2ms
[7.977s][info][gc,phases     ] GC(17)   Other: 0.2ms
[7.977s][info][gc,heap       ] GC(17) Eden regions: 30->0(31)
[7.977s][info][gc,heap       ] GC(17) Survivor regions: 5->5(5)
[7.977s][info][gc,heap       ] GC(17) Old regions: 149->179
[7.977s][info][gc,heap       ] GC(17) Humongous regions: 6->6
[7.977s][info][gc,metaspace  ] GC(17) Metaspace: 43056K->43056K(1087488K)
[7.977s][info][gc            ] GC(17) Pause Young (Normal) (G1 Evacuation Pause) 190M->190M(322M) 63.739ms
[7.977s][info][gc,cpu        ] GC(17) User=0.06s Sys=0.00s Real=0.06s
[8.058s][info][gc,start      ] GC(18) Pause Young (Normal) (G1 Evacuation Pause)
[8.059s][info][gc,task       ] GC(18) Using 1 workers of 1 for evacuation
[8.114s][info][gc,phases     ] GC(18)   Pre Evacuate Collection Set: 0.0ms
[8.114s][info][gc,phases     ] GC(18)   Evacuate Collection Set: 55.6ms
[8.114s][info][gc,phases     ] GC(18)   Post Evacuate Collection Set: 0.2ms
[8.114s][info][gc,phases     ] GC(18)   Other: 0.1ms
[8.114s][info][gc,heap       ] GC(18) Eden regions: 31->0(21)
[8.114s][info][gc,heap       ] GC(18) Survivor regions: 5->5(5)
[8.114s][info][gc,heap       ] GC(18) Old regions: 179->210
[8.114s][info][gc,heap       ] GC(18) Humongous regions: 6->6
[8.114s][info][gc,metaspace  ] GC(18) Metaspace: 43056K->43056K(1087488K)
[8.114s][info][gc            ] GC(18) Pause Young (Normal) (G1 Evacuation Pause) 221M->220M(322M) 56.032ms
[8.115s][info][gc,cpu        ] GC(18) User=0.05s Sys=0.00s Real=0.05s
[8.117s][info][gc,marking    ] GC(14) Concurrent Mark From Roots 491.416ms
[8.117s][info][gc,marking    ] GC(14) Concurrent Preclean
[8.117s][info][gc,marking    ] GC(14) Concurrent Preclean 0.107ms
[8.117s][info][gc,marking    ] GC(14) Concurrent Mark (7.625s, 8.117s) 491.561ms
[8.124s][info][gc,start      ] GC(14) Pause Remark
[8.134s][info][gc,stringtable] GC(14) Cleaned string and symbol table, strings: 16354 processed, 215 removed, symbols: 102440 processed, 16 removed
[8.134s][info][gc            ] GC(14) Pause Remark 225M->225M(322M) 10.148ms
[8.134s][info][gc,cpu        ] GC(14) User=0.01s Sys=0.00s Real=0.01s
[8.135s][info][gc,marking    ] GC(14) Concurrent Rebuild Remembered Sets
[8.187s][info][gc,start      ] GC(19) Pause Young (Normal) (G1 Evacuation Pause)
[8.187s][info][gc,task       ] GC(19) Using 1 workers of 1 for evacuation
[8.230s][info][gc,phases     ] GC(19)   Pre Evacuate Collection Set: 0.0ms
[8.230s][info][gc,phases     ] GC(19)   Evacuate Collection Set: 41.2ms
[8.230s][info][gc,phases     ] GC(19)   Post Evacuate Collection Set: 1.7ms
[8.230s][info][gc,phases     ] GC(19)   Other: 0.2ms
[8.230s][info][gc,heap       ] GC(19) Eden regions: 21->0(103)
[8.230s][info][gc,heap       ] GC(19) Survivor regions: 5->4(4)
[8.230s][info][gc,heap       ] GC(19) Old regions: 210->232
[8.230s][info][gc,heap       ] GC(19) Humongous regions: 6->6
[8.230s][info][gc,metaspace  ] GC(19) Metaspace: 43056K->43056K(1087488K)
[8.230s][info][gc            ] GC(19) Pause Young (Normal) (G1 Evacuation Pause) 241M->241M(628M) 43.191ms
[8.230s][info][gc,cpu        ] GC(19) User=0.05s Sys=0.00s Real=0.04s
[8.522s][info][gc,start      ] GC(20) Pause Young (Normal) (G1 Evacuation Pause)
[8.522s][info][gc,task       ] GC(20) Using 1 workers of 1 for evacuation
[8.681s][info][gc,phases     ] GC(20)   Pre Evacuate Collection Set: 0.0ms
[8.681s][info][gc,phases     ] GC(20)   Evacuate Collection Set: 158.9ms
[8.681s][info][gc,phases     ] GC(20)   Post Evacuate Collection Set: 0.2ms
[8.681s][info][gc,phases     ] GC(20)   Other: 0.3ms
[8.681s][info][gc,heap       ] GC(20) Eden regions: 103->0(71)
[8.681s][info][gc,heap       ] GC(20) Survivor regions: 4->14(14)
[8.681s][info][gc,heap       ] GC(20) Old regions: 232->323
[8.681s][info][gc,heap       ] GC(20) Humongous regions: 6->6
[8.681s][info][gc,metaspace  ] GC(20) Metaspace: 43056K->43056K(1087488K)
[8.681s][info][gc            ] GC(20) Pause Young (Normal) (G1 Evacuation Pause) 344M->343M(628M) 159.459ms
[8.681s][info][gc,cpu        ] GC(20) User=0.14s Sys=0.02s Real=0.16s
[8.811s][info][gc,marking    ] GC(14) Concurrent Rebuild Remembered Sets 676.047ms
[8.813s][info][gc,start      ] GC(14) Pause Cleanup
[8.814s][info][gc            ] GC(14) Pause Cleanup 406M->406M(628M) 0.180ms
[8.814s][info][gc,cpu        ] GC(14) User=0.00s Sys=0.00s Real=0.00s
[8.814s][info][gc,marking    ] GC(14) Concurrent Cleanup for Next Mark
[8.816s][info][gc,marking    ] GC(14) Concurrent Cleanup for Next Mark 1.949ms
[8.816s][info][gc            ] GC(14) Concurrent Cycle 1196.740ms
[8.823s][info][gc,start      ] GC(21) Pause Young (Normal) (G1 Evacuation Pause)
[8.823s][info][gc,task       ] GC(21) Using 1 workers of 1 for evacuation
[8.969s][info][gc,phases     ] GC(21)   Pre Evacuate Collection Set: 0.0ms
[8.969s][info][gc,phases     ] GC(21)   Evacuate Collection Set: 145.0ms
[8.969s][info][gc,phases     ] GC(21)   Post Evacuate Collection Set: 0.5ms
[8.969s][info][gc,phases     ] GC(21)   Other: 0.2ms
[8.969s][info][gc,heap       ] GC(21) Eden regions: 71->0(30)
[8.969s][info][gc,heap       ] GC(21) Survivor regions: 14->11(11)
[8.969s][info][gc,heap       ] GC(21) Old regions: 323->396
[8.969s][info][gc,heap       ] GC(21) Humongous regions: 6->6
[8.969s][info][gc,metaspace  ] GC(21) Metaspace: 43056K->43056K(1087488K)
[8.969s][info][gc            ] GC(21) Pause Young (Normal) (G1 Evacuation Pause) 414M->413M(628M) 146.165ms
[8.969s][info][gc,cpu        ] GC(21) User=0.14s Sys=0.00s Real=0.15s
[8.997s][info][gc,start      ] GC(22) Pause Young (Concurrent Start) (G1 Evacuation Pause)
[8.997s][info][gc,task       ] GC(22) Using 1 workers of 1 for evacuation
[9.062s][info][gc,phases     ] GC(22)   Pre Evacuate Collection Set: 0.1ms
[9.062s][info][gc,phases     ] GC(22)   Evacuate Collection Set: 64.3ms
[9.062s][info][gc,phases     ] GC(22)   Post Evacuate Collection Set: 0.2ms
[9.062s][info][gc,phases     ] GC(22)   Other: 0.1ms
[9.062s][info][gc,heap       ] GC(22) Eden regions: 30->0(38)
[9.062s][info][gc,heap       ] GC(22) Survivor regions: 11->6(6)
[9.062s][info][gc,heap       ] GC(22) Old regions: 396->431
[9.062s][info][gc,heap       ] GC(22) Humongous regions: 6->6
[9.062s][info][gc,metaspace  ] GC(22) Metaspace: 43056K->43056K(1087488K)
[9.062s][info][gc            ] GC(22) Pause Young (Concurrent Start) (G1 Evacuation Pause) 443M->443M(628M) 64.809ms
[9.062s][info][gc,cpu        ] GC(22) User=0.06s Sys=0.01s Real=0.07s
[9.062s][info][gc            ] GC(23) Concurrent Cycle
[9.062s][info][gc,marking    ] GC(23) Concurrent Clear Claimed Marks
[9.062s][info][gc,marking    ] GC(23) Concurrent Clear Claimed Marks 0.139ms
[9.062s][info][gc,marking    ] GC(23) Concurrent Scan Root Regions
[9.070s][info][gc,marking    ] GC(23) Concurrent Scan Root Regions 7.353ms
[9.070s][info][gc,marking    ] GC(23) Concurrent Mark (9.070s)
[9.070s][info][gc,marking    ] GC(23) Concurrent Mark From Roots
[9.070s][info][gc,task       ] GC(23) Using 1 workers of 1 for marking
[9.143s][info][gc,start      ] GC(24) Pause Young (Normal) (G1 Evacuation Pause)
[9.143s][info][gc,task       ] GC(24) Using 1 workers of 1 for evacuation
[9.214s][info][gc,phases     ] GC(24)   Pre Evacuate Collection Set: 0.0ms
[9.214s][info][gc,phases     ] GC(24)   Evacuate Collection Set: 68.1ms
[9.214s][info][gc,phases     ] GC(24)   Post Evacuate Collection Set: 2.8ms
[9.214s][info][gc,phases     ] GC(24)   Other: 0.2ms
[9.214s][info][gc,heap       ] GC(24) Eden regions: 38->0(120)
[9.214s][info][gc,heap       ] GC(24) Survivor regions: 6->6(6)
[9.214s][info][gc,heap       ] GC(24) Old regions: 431->469
[9.214s][info][gc,heap       ] GC(24) Humongous regions: 6->6
[9.214s][info][gc,metaspace  ] GC(24) Metaspace: 43056K->43056K(1087488K)
[9.214s][info][gc            ] GC(24) Pause Young (Normal) (G1 Evacuation Pause) 481M->480M(1177M) 71.134ms
[9.214s][info][gc,cpu        ] GC(24) User=0.07s Sys=0.00s Real=0.07s
[9.518s][info][gc,start      ] GC(25) Pause Young (Normal) (G1 Evacuation Pause)
[9.519s][info][gc,task       ] GC(25) Using 1 workers of 1 for evacuation
[9.705s][info][gc,phases     ] GC(25)   Pre Evacuate Collection Set: 0.0ms
[9.705s][info][gc,phases     ] GC(25)   Evacuate Collection Set: 185.7ms
[9.705s][info][gc,phases     ] GC(25)   Post Evacuate Collection Set: 0.2ms
[9.705s][info][gc,phases     ] GC(25)   Other: 0.6ms
[9.705s][info][gc,heap       ] GC(25) Eden regions: 120->0(115)
[9.705s][info][gc,heap       ] GC(25) Survivor regions: 6->16(16)
[9.705s][info][gc,heap       ] GC(25) Old regions: 469->577
[9.705s][info][gc,heap       ] GC(25) Humongous regions: 6->6
[9.705s][info][gc,metaspace  ] GC(25) Metaspace: 43056K->43056K(1087488K)
[9.705s][info][gc            ] GC(25) Pause Young (Normal) (G1 Evacuation Pause) 600M->599M(1177M) 186.709ms
[9.705s][info][gc,cpu        ] GC(25) User=0.18s Sys=0.01s Real=0.18s
[10.652s][info][gc,marking    ] GC(23) Concurrent Mark From Roots 1582.328ms
[10.652s][info][gc,marking    ] GC(23) Concurrent Preclean
[10.652s][info][gc,marking    ] GC(23) Concurrent Preclean 0.125ms
[10.652s][info][gc,marking    ] GC(23) Concurrent Mark (9.070s, 10.652s) 1582.662ms
[10.655s][info][gc,start      ] GC(23) Pause Remark
[10.662s][info][gc,stringtable] GC(23) Cleaned string and symbol table, strings: 16164 processed, 0 removed, symbols: 102426 processed, 0 removed
[10.662s][info][gc            ] GC(23) Pause Remark 609M->609M(1177M) 7.597ms
[10.662s][info][gc,cpu        ] GC(23) User=0.00s Sys=0.00s Real=0.01s
[10.666s][info][gc,marking    ] GC(23) Concurrent Rebuild Remembered Sets
[12.480s][info][gc,marking    ] GC(23) Concurrent Rebuild Remembered Sets 1814.268ms
[12.481s][info][gc,start      ] GC(23) Pause Cleanup
[12.481s][info][gc            ] GC(23) Pause Cleanup 656M->656M(1177M) 0.380ms
[12.481s][info][gc,cpu        ] GC(23) User=0.00s Sys=0.00s Real=0.00s
[12.481s][info][gc,marking    ] GC(23) Concurrent Cleanup for Next Mark
[12.501s][info][gc,marking    ] GC(23) Concurrent Cleanup for Next Mark 19.505ms
[12.501s][info][gc            ] GC(23) Concurrent Cycle 3438.441ms
[12.578s][info][gc,task       ] GC(26) Using 1 workers of 1 for full compaction
[12.578s][info][gc,start      ] GC(26) Pause Full (System.gc())
[12.578s][info][gc,phases,start] GC(26) Phase 1: Mark live objects
[12.613s][info][gc,stringtable ] GC(26) Cleaned string and symbol table, strings: 19584 processed, 207 removed, symbols: 118441 processed, 19 removed
[12.613s][info][gc,phases      ] GC(26) Phase 1: Mark live objects 35.339ms
[12.613s][info][gc,phases,start] GC(26) Phase 2: Prepare for compaction
[12.619s][info][gc,phases      ] GC(26) Phase 2: Prepare for compaction 6.029ms
[12.619s][info][gc,phases,start] GC(26) Phase 3: Adjust pointers
[12.635s][info][gc,phases      ] GC(26) Phase 3: Adjust pointers 15.157ms
[12.635s][info][gc,phases,start] GC(26) Phase 4: Compact heap
[12.643s][info][gc,phases      ] GC(26) Phase 4: Compact heap 7.927ms
[12.668s][info][gc,heap        ] GC(26) Eden regions: 57->0(16)
[12.668s][info][gc,heap        ] GC(26) Survivor regions: 16->0(16)
[12.668s][info][gc,heap        ] GC(26) Old regions: 577->21
[12.668s][info][gc,heap        ] GC(26) Humongous regions: 11->6
[12.668s][info][gc,metaspace   ] GC(26) Metaspace: 51356K->51356K(1095680K)
[12.668s][info][gc             ] GC(26) Pause Full (System.gc()) 660M->25M(90M) 90.382ms
[12.668s][info][gc,cpu         ] GC(26) User=0.06s Sys=0.03s Real=0.09s
[12.891s][info][gc,start       ] GC(27) Pause Young (Normal) (G1 Evacuation Pause)
[12.891s][info][gc,task        ] GC(27) Using 1 workers of 1 for evacuation
[12.893s][info][gc,phases      ] GC(27)   Pre Evacuate Collection Set: 0.0ms
[12.893s][info][gc,phases      ] GC(27)   Evacuate Collection Set: 1.7ms
[12.893s][info][gc,phases      ] GC(27)   Post Evacuate Collection Set: 0.1ms
[12.893s][info][gc,phases      ] GC(27)   Other: 0.2ms
[12.893s][info][gc,heap        ] GC(27) Eden regions: 16->0(18)
[12.893s][info][gc,heap        ] GC(27) Survivor regions: 0->1(2)
[12.893s][info][gc,heap        ] GC(27) Old regions: 21->21
[12.893s][info][gc,heap        ] GC(27) Humongous regions: 6->6
[12.893s][info][gc,metaspace   ] GC(27) Metaspace: 51605K->51605K(1095680K)
[12.893s][info][gc             ] GC(27) Pause Young (Normal) (G1 Evacuation Pause) 41M->26M(90M) 2.075ms
[12.893s][info][gc,cpu         ] GC(27) User=0.00s Sys=0.00s Real=0.00s
[13.269s][info][gc,start       ] GC(28) Pause Young (Normal) (G1 Evacuation Pause)
[13.269s][info][gc,task        ] GC(28) Using 1 workers of 1 for evacuation
[13.273s][info][gc,phases      ] GC(28)   Pre Evacuate Collection Set: 0.0ms
[13.273s][info][gc,phases      ] GC(28)   Evacuate Collection Set: 3.1ms
[13.273s][info][gc,phases      ] GC(28)   Post Evacuate Collection Set: 0.2ms
[13.273s][info][gc,phases      ] GC(28)   Other: 0.2ms
[13.273s][info][gc,heap        ] GC(28) Eden regions: 18->0(21)
[13.273s][info][gc,heap        ] GC(28) Survivor regions: 1->1(3)
[13.273s][info][gc,heap        ] GC(28) Old regions: 21->21
[13.273s][info][gc,heap        ] GC(28) Humongous regions: 6->6
[13.273s][info][gc,metaspace   ] GC(28) Metaspace: 55493K->55493K(1099776K)
[13.273s][info][gc             ] GC(28) Pause Young (Normal) (G1 Evacuation Pause) 44M->26M(90M) 3.571ms
[13.273s][info][gc,cpu         ] GC(28) User=0.00s Sys=0.00s Real=0.00s
[14.024s][info][gc,start       ] GC(29) Pause Young (Normal) (G1 Evacuation Pause)
[14.024s][info][gc,task        ] GC(29) Using 1 workers of 1 for evacuation
[14.035s][info][gc,phases      ] GC(29)   Pre Evacuate Collection Set: 0.0ms
[14.035s][info][gc,phases      ] GC(29)   Evacuate Collection Set: 10.9ms
[14.035s][info][gc,phases      ] GC(29)   Post Evacuate Collection Set: 0.4ms
[14.035s][info][gc,phases      ] GC(29)   Other: 0.2ms
[14.035s][info][gc,heap        ] GC(29) Eden regions: 21->0(22)
[14.035s][info][gc,heap        ] GC(29) Survivor regions: 1->3(3)
[14.035s][info][gc,heap        ] GC(29) Old regions: 21->21
[14.035s][info][gc,heap        ] GC(29) Humongous regions: 11->6
[14.035s][info][gc,metaspace   ] GC(29) Metaspace: 59811K->59811K(1103872K)
[14.035s][info][gc             ] GC(29) Pause Young (Normal) (G1 Evacuation Pause) 52M->28M(90M) 11.600ms
[14.035s][info][gc,cpu         ] GC(29) User=0.01s Sys=0.00s Real=0.01s
[14.268s][info][gc,start       ] GC(30) Pause Young (Normal) (G1 Evacuation Pause)
[14.268s][info][gc,task        ] GC(30) Using 1 workers of 1 for evacuation
[14.280s][info][gc,phases      ] GC(30)   Pre Evacuate Collection Set: 0.0ms
[14.280s][info][gc,phases      ] GC(30)   Evacuate Collection Set: 10.9ms
[14.280s][info][gc,phases      ] GC(30)   Post Evacuate Collection Set: 0.3ms
[14.280s][info][gc,phases      ] GC(30)   Other: 0.2ms
[14.280s][info][gc,heap        ] GC(30) Eden regions: 22->0(24)
[14.280s][info][gc,heap        ] GC(30) Survivor regions: 3->1(4)
[14.280s][info][gc,heap        ] GC(30) Old regions: 21->24
[14.280s][info][gc,heap        ] GC(30) Humongous regions: 6->6
[14.280s][info][gc,metaspace   ] GC(30) Metaspace: 59818K->59818K(1103872K)
[14.280s][info][gc             ] GC(30) Pause Young (Normal) (G1 Evacuation Pause) 50M->29M(90M) 11.458ms
[14.280s][info][gc,cpu         ] GC(30) User=0.01s Sys=0.00s Real=0.01s
[14.506s][info][gc,start       ] GC(31) Pause Young (Normal) (G1 Evacuation Pause)
[14.506s][info][gc,task        ] GC(31) Using 1 workers of 1 for evacuation
[14.508s][info][gc,phases      ] GC(31)   Pre Evacuate Collection Set: 0.0ms
[14.508s][info][gc,phases      ] GC(31)   Evacuate Collection Set: 1.2ms
[14.508s][info][gc,phases      ] GC(31)   Post Evacuate Collection Set: 0.8ms
[14.509s][info][gc,phases      ] GC(31)   Other: 0.2ms
[14.509s][info][gc,heap        ] GC(31) Eden regions: 24->0(97)
[14.509s][info][gc,heap        ] GC(31) Survivor regions: 1->1(4)
[14.509s][info][gc,heap        ] GC(31) Old regions: 24->24
[14.509s][info][gc,heap        ] GC(31) Humongous regions: 6->6
[14.509s][info][gc,metaspace   ] GC(31) Metaspace: 59846K->59846K(1103872K)
[14.509s][info][gc             ] GC(31) Pause Young (Normal) (G1 Evacuation Pause) 53M->28M(270M) 2.290ms
[14.509s][info][gc,cpu         ] GC(31) User=0.00s Sys=0.00s Real=0.00s
[14.886s][info][gc,start       ] GC(32) Pause Young (Normal) (G1 Evacuation Pause)
[14.886s][info][gc,task        ] GC(32) Using 1 workers of 1 for evacuation
[14.887s][info][gc,phases      ] GC(32)   Pre Evacuate Collection Set: 0.0ms
[14.887s][info][gc,phases      ] GC(32)   Evacuate Collection Set: 1.1ms
[14.887s][info][gc,phases      ] GC(32)   Post Evacuate Collection Set: 0.2ms
[14.887s][info][gc,phases      ] GC(32)   Other: 0.3ms
[14.887s][info][gc,heap        ] GC(32) Eden regions: 97->0(110)
[14.887s][info][gc,heap        ] GC(32) Survivor regions: 1->1(13)
[14.887s][info][gc,heap        ] GC(32) Old regions: 24->24
[14.887s][info][gc,heap        ] GC(32) Humongous regions: 6->6
[14.887s][info][gc,metaspace   ] GC(32) Metaspace: 59870K->59870K(1103872K)
[14.887s][info][gc             ] GC(32) Pause Young (Normal) (G1 Evacuation Pause) 125M->28M(270M) 1.689ms
[14.887s][info][gc,cpu         ] GC(32) User=0.00s Sys=0.00s Real=0.00s
[15.012s][info][gc,start       ] GC(33) Pause Young (Normal) (G1 Evacuation Pause)
[15.012s][info][gc,task        ] GC(33) Using 1 workers of 1 for evacuation
[15.013s][info][gc,phases      ] GC(33)   Pre Evacuate Collection Set: 0.0ms
[15.013s][info][gc,phases      ] GC(33)   Evacuate Collection Set: 1.2ms
[15.014s][info][gc,phases      ] GC(33)   Post Evacuate Collection Set: 0.2ms
[15.014s][info][gc,phases      ] GC(33)   Other: 0.1ms
[15.014s][info][gc,heap        ] GC(33) Eden regions: 110->0(122)
[15.014s][info][gc,heap        ] GC(33) Survivor regions: 1->1(14)
[15.014s][info][gc,heap        ] GC(33) Old regions: 24->24
[15.014s][info][gc,heap        ] GC(33) Humongous regions: 6->6
[15.014s][info][gc,metaspace   ] GC(33) Metaspace: 59885K->59885K(1103872K)
[15.014s][info][gc             ] GC(33) Pause Young (Normal) (G1 Evacuation Pause) 138M->28M(270M) 1.622ms
[15.014s][info][gc,cpu         ] GC(33) User=0.00s Sys=0.00s Real=0.00s
[15.130s][info][gc,start       ] GC(34) Pause Young (Normal) (G1 Evacuation Pause)
[15.130s][info][gc,task        ] GC(34) Using 1 workers of 1 for evacuation
[15.131s][info][gc,phases      ] GC(34)   Pre Evacuate Collection Set: 0.0ms
[15.131s][info][gc,phases      ] GC(34)   Evacuate Collection Set: 1.1ms
[15.131s][info][gc,phases      ] GC(34)   Post Evacuate Collection Set: 0.2ms
[15.131s][info][gc,phases      ] GC(34)   Other: 0.1ms
[15.131s][info][gc,heap        ] GC(34) Eden regions: 122->0(143)
[15.131s][info][gc,heap        ] GC(34) Survivor regions: 1->1(16)
[15.131s][info][gc,heap        ] GC(34) Old regions: 24->24
[15.131s][info][gc,heap        ] GC(34) Humongous regions: 6->6
[15.131s][info][gc,metaspace   ] GC(34) Metaspace: 59886K->59886K(1103872K)
[15.131s][info][gc             ] GC(34) Pause Young (Normal) (G1 Evacuation Pause) 150M->28M(270M) 1.493ms
[15.131s][info][gc,cpu         ] GC(34) User=0.00s Sys=0.00s Real=0.00s
[15.278s][info][gc,start       ] GC(35) Pause Young (Normal) (G1 Evacuation Pause)
[15.278s][info][gc,task        ] GC(35) Using 1 workers of 1 for evacuation
[15.279s][info][gc,phases      ] GC(35)   Pre Evacuate Collection Set: 0.0ms
[15.279s][info][gc,phases      ] GC(35)   Evacuate Collection Set: 1.2ms
[15.279s][info][gc,phases      ] GC(35)   Post Evacuate Collection Set: 0.2ms
[15.279s][info][gc,phases      ] GC(35)   Other: 0.1ms
[15.279s][info][gc,heap        ] GC(35) Eden regions: 143->0(159)
[15.279s][info][gc,heap        ] GC(35) Survivor regions: 1->1(18)
[15.279s][info][gc,heap        ] GC(35) Old regions: 24->24
[15.279s][info][gc,heap        ] GC(35) Humongous regions: 6->6
[15.279s][info][gc,metaspace   ] GC(35) Metaspace: 59888K->59888K(1103872K)
[15.279s][info][gc             ] GC(35) Pause Young (Normal) (G1 Evacuation Pause) 171M->28M(270M) 1.619ms
[15.279s][info][gc,cpu         ] GC(35) User=0.01s Sys=0.00s Real=0.00s
[15.451s][info][gc,start       ] GC(36) Pause Young (Normal) (G1 Evacuation Pause)
[15.451s][info][gc,task        ] GC(36) Using 1 workers of 1 for evacuation
[15.453s][info][gc,phases      ] GC(36)   Pre Evacuate Collection Set: 0.0ms
[15.453s][info][gc,phases      ] GC(36)   Evacuate Collection Set: 1.2ms
[15.453s][info][gc,phases      ] GC(36)   Post Evacuate Collection Set: 0.2ms
[15.453s][info][gc,phases      ] GC(36)   Other: 0.2ms
[15.453s][info][gc,heap        ] GC(36) Eden regions: 159->0(161)
[15.453s][info][gc,heap        ] GC(36) Survivor regions: 1->1(20)
[15.453s][info][gc,heap        ] GC(36) Old regions: 24->24
[15.453s][info][gc,heap        ] GC(36) Humongous regions: 6->6
[15.453s][info][gc,metaspace   ] GC(36) Metaspace: 59893K->59893K(1103872K)
[15.453s][info][gc             ] GC(36) Pause Young (Normal) (G1 Evacuation Pause) 187M->28M(270M) 1.641ms
[15.453s][info][gc,cpu         ] GC(36) User=0.00s Sys=0.00s Real=0.00s
[15.617s][info][gc,start       ] GC(37) Pause Young (Normal) (G1 Evacuation Pause)
[15.617s][info][gc,task        ] GC(37) Using 1 workers of 1 for evacuation
[15.618s][info][gc,phases      ] GC(37)   Pre Evacuate Collection Set: 0.0ms
[15.618s][info][gc,phases      ] GC(37)   Evacuate Collection Set: 1.2ms
[15.618s][info][gc,phases      ] GC(37)   Post Evacuate Collection Set: 0.2ms
[15.618s][info][gc,phases      ] GC(37)   Other: 0.2ms
[15.618s][info][gc,heap        ] GC(37) Eden regions: 161->0(161)
[15.618s][info][gc,heap        ] GC(37) Survivor regions: 1->1(21)
[15.618s][info][gc,heap        ] GC(37) Old regions: 24->24
[15.618s][info][gc,heap        ] GC(37) Humongous regions: 6->6
[15.618s][info][gc,metaspace   ] GC(37) Metaspace: 59898K->59898K(1103872K)
[15.618s][info][gc             ] GC(37) Pause Young (Normal) (G1 Evacuation Pause) 189M->28M(270M) 1.642ms
[15.618s][info][gc,cpu         ] GC(37) User=0.01s Sys=0.00s Real=0.01s
[15.769s][info][gc,start       ] GC(38) Pause Young (Normal) (G1 Evacuation Pause)
[15.769s][info][gc,task        ] GC(38) Using 1 workers of 1 for evacuation
[15.770s][info][gc,phases      ] GC(38)   Pre Evacuate Collection Set: 0.0ms
[15.770s][info][gc,phases      ] GC(38)   Evacuate Collection Set: 1.2ms
[15.770s][info][gc,phases      ] GC(38)   Post Evacuate Collection Set: 0.2ms
[15.770s][info][gc,phases      ] GC(38)   Other: 0.3ms
[15.770s][info][gc,heap        ] GC(38) Eden regions: 161->0(161)
[15.770s][info][gc,heap        ] GC(38) Survivor regions: 1->1(21)
[15.770s][info][gc,heap        ] GC(38) Old regions: 24->24
[15.770s][info][gc,heap        ] GC(38) Humongous regions: 6->6
[15.770s][info][gc,metaspace   ] GC(38) Metaspace: 59913K->59913K(1103872K)
[15.770s][info][gc             ] GC(38) Pause Young (Normal) (G1 Evacuation Pause) 189M->28M(270M) 1.781ms
[15.770s][info][gc,cpu         ] GC(38) User=0.00s Sys=0.00s Real=0.00s
[15.940s][info][gc,start       ] GC(39) Pause Young (Normal) (G1 Evacuation Pause)
[15.940s][info][gc,task        ] GC(39) Using 1 workers of 1 for evacuation
[15.941s][info][gc,phases      ] GC(39)   Pre Evacuate Collection Set: 0.0ms
[15.941s][info][gc,phases      ] GC(39)   Evacuate Collection Set: 1.2ms
[15.941s][info][gc,phases      ] GC(39)   Post Evacuate Collection Set: 0.2ms
[15.941s][info][gc,phases      ] GC(39)   Other: 0.2ms
[15.941s][info][gc,heap        ] GC(39) Eden regions: 161->0(161)
[15.941s][info][gc,heap        ] GC(39) Survivor regions: 1->1(21)
[15.941s][info][gc,heap        ] GC(39) Old regions: 24->24
[15.941s][info][gc,heap        ] GC(39) Humongous regions: 6->6
[15.941s][info][gc,metaspace   ] GC(39) Metaspace: 59913K->59913K(1103872K)
[15.941s][info][gc             ] GC(39) Pause Young (Normal) (G1 Evacuation Pause) 189M->28M(270M) 1.597ms
[15.941s][info][gc,cpu         ] GC(39) User=0.00s Sys=0.00s Real=0.00s
[16.091s][info][gc,start       ] GC(40) Pause Young (Normal) (G1 Evacuation Pause)
[16.091s][info][gc,task        ] GC(40) Using 1 workers of 1 for evacuation
[16.092s][info][gc,phases      ] GC(40)   Pre Evacuate Collection Set: 0.0ms
[16.092s][info][gc,phases      ] GC(40)   Evacuate Collection Set: 1.1ms
[16.092s][info][gc,phases      ] GC(40)   Post Evacuate Collection Set: 0.2ms
[16.092s][info][gc,phases      ] GC(40)   Other: 0.2ms
[16.092s][info][gc,heap        ] GC(40) Eden regions: 161->0(161)
[16.092s][info][gc,heap        ] GC(40) Survivor regions: 1->1(21)
[16.092s][info][gc,heap        ] GC(40) Old regions: 24->24
[16.092s][info][gc,heap        ] GC(40) Humongous regions: 6->6
[16.092s][info][gc,metaspace   ] GC(40) Metaspace: 59915K->59915K(1103872K)
[16.092s][info][gc             ] GC(40) Pause Young (Normal) (G1 Evacuation Pause) 189M->28M(270M) 1.645ms
[16.092s][info][gc,cpu         ] GC(40) User=0.00s Sys=0.00s Real=0.00s
[16.234s][info][gc,start       ] GC(41) Pause Young (Normal) (G1 Evacuation Pause)
[16.234s][info][gc,task        ] GC(41) Using 1 workers of 1 for evacuation
[16.236s][info][gc,phases      ] GC(41)   Pre Evacuate Collection Set: 0.0ms
[16.236s][info][gc,phases      ] GC(41)   Evacuate Collection Set: 1.2ms
[16.236s][info][gc,phases      ] GC(41)   Post Evacuate Collection Set: 0.2ms
[16.236s][info][gc,phases      ] GC(41)   Other: 0.1ms
[16.236s][info][gc,heap        ] GC(41) Eden regions: 161->0(161)
[16.236s][info][gc,heap        ] GC(41) Survivor regions: 1->1(21)
[16.236s][info][gc,heap        ] GC(41) Old regions: 24->24
[16.236s][info][gc,heap        ] GC(41) Humongous regions: 6->6
[16.236s][info][gc,metaspace   ] GC(41) Metaspace: 59915K->59915K(1103872K)
[16.236s][info][gc             ] GC(41) Pause Young (Normal) (G1 Evacuation Pause) 189M->28M(270M) 1.635ms
[16.236s][info][gc,cpu         ] GC(41) User=0.00s Sys=0.00s Real=0.00s
[16.377s][info][gc,start       ] GC(42) Pause Young (Normal) (G1 Evacuation Pause)
[16.377s][info][gc,task        ] GC(42) Using 1 workers of 1 for evacuation
[16.379s][info][gc,phases      ] GC(42)   Pre Evacuate Collection Set: 0.0ms
[16.379s][info][gc,phases      ] GC(42)   Evacuate Collection Set: 1.1ms
[16.379s][info][gc,phases      ] GC(42)   Post Evacuate Collection Set: 0.2ms
[16.379s][info][gc,phases      ] GC(42)   Other: 0.2ms
[16.379s][info][gc,heap        ] GC(42) Eden regions: 161->0(161)
[16.379s][info][gc,heap        ] GC(42) Survivor regions: 1->1(21)
[16.379s][info][gc,heap        ] GC(42) Old regions: 24->24
[16.379s][info][gc,heap        ] GC(42) Humongous regions: 6->6
[16.379s][info][gc,metaspace   ] GC(42) Metaspace: 59915K->59915K(1103872K)
[16.379s][info][gc             ] GC(42) Pause Young (Normal) (G1 Evacuation Pause) 189M->28M(270M) 1.617ms
[16.379s][info][gc,cpu         ] GC(42) User=0.00s Sys=0.00s Real=0.01s
[16.935s][info][gc,start       ] GC(43) Pause Young (Normal) (G1 Evacuation Pause)
[16.935s][info][gc,task        ] GC(43) Using 1 workers of 1 for evacuation
[16.940s][info][gc,phases      ] GC(43)   Pre Evacuate Collection Set: 0.0ms
[16.940s][info][gc,phases      ] GC(43)   Evacuate Collection Set: 4.1ms
[16.940s][info][gc,phases      ] GC(43)   Post Evacuate Collection Set: 0.3ms
[16.940s][info][gc,phases      ] GC(43)   Other: 0.3ms
[16.940s][info][gc,heap        ] GC(43) Eden regions: 161->0(161)
[16.940s][info][gc,heap        ] GC(43) Survivor regions: 1->1(21)
[16.940s][info][gc,heap        ] GC(43) Old regions: 24->24
[16.940s][info][gc,heap        ] GC(43) Humongous regions: 6->6
[16.940s][info][gc,metaspace   ] GC(43) Metaspace: 60590K->60590K(1103872K)
[16.940s][info][gc             ] GC(43) Pause Young (Normal) (G1 Evacuation Pause) 189M->29M(270M) 4.779ms
[16.940s][info][gc,cpu         ] GC(43) User=0.00s Sys=0.00s Real=0.01s
[17.310s][info][gc,start       ] GC(44) Pause Young (Normal) (G1 Evacuation Pause)
[17.311s][info][gc,task        ] GC(44) Using 1 workers of 1 for evacuation
[17.314s][info][gc,phases      ] GC(44)   Pre Evacuate Collection Set: 0.0ms
[17.314s][info][gc,phases      ] GC(44)   Evacuate Collection Set: 2.8ms
[17.314s][info][gc,phases      ] GC(44)   Post Evacuate Collection Set: 0.3ms
[17.314s][info][gc,phases      ] GC(44)   Other: 0.3ms
[17.314s][info][gc,heap        ] GC(44) Eden regions: 161->0(161)
[17.314s][info][gc,heap        ] GC(44) Survivor regions: 1->1(21)
[17.314s][info][gc,heap        ] GC(44) Old regions: 24->24
[17.314s][info][gc,heap        ] GC(44) Humongous regions: 6->6
[17.314s][info][gc,metaspace   ] GC(44) Metaspace: 60590K->60590K(1103872K)
[17.314s][info][gc             ] GC(44) Pause Young (Normal) (G1 Evacuation Pause) 190M->29M(270M) 3.447ms
[17.314s][info][gc,cpu         ] GC(44) User=0.00s Sys=0.00s Real=0.00s
[17.686s][info][gc,start       ] GC(45) Pause Young (Normal) (G1 Evacuation Pause)
[17.686s][info][gc,task        ] GC(45) Using 1 workers of 1 for evacuation
[17.690s][info][gc,phases      ] GC(45)   Pre Evacuate Collection Set: 0.0ms
[17.690s][info][gc,phases      ] GC(45)   Evacuate Collection Set: 3.7ms
[17.690s][info][gc,phases      ] GC(45)   Post Evacuate Collection Set: 0.3ms
[17.690s][info][gc,phases      ] GC(45)   Other: 0.3ms
[17.690s][info][gc,heap        ] GC(45) Eden regions: 161->0(161)
[17.690s][info][gc,heap        ] GC(45) Survivor regions: 1->1(21)
[17.690s][info][gc,heap        ] GC(45) Old regions: 24->24
[17.690s][info][gc,heap        ] GC(45) Humongous regions: 6->6
[17.690s][info][gc,metaspace   ] GC(45) Metaspace: 60590K->60590K(1103872K)
[17.690s][info][gc             ] GC(45) Pause Young (Normal) (G1 Evacuation Pause) 190M->29M(270M) 4.348ms
[17.690s][info][gc,cpu         ] GC(45) User=0.01s Sys=0.00s Real=0.00s
[18.012s][info][gc,start       ] GC(46) Pause Young (Normal) (G1 Evacuation Pause)
[18.013s][info][gc,task        ] GC(46) Using 1 workers of 1 for evacuation
[18.016s][info][gc,phases      ] GC(46)   Pre Evacuate Collection Set: 0.0ms
[18.016s][info][gc,phases      ] GC(46)   Evacuate Collection Set: 2.7ms
[18.016s][info][gc,phases      ] GC(46)   Post Evacuate Collection Set: 0.3ms
[18.016s][info][gc,phases      ] GC(46)   Other: 0.2ms
[18.016s][info][gc,heap        ] GC(46) Eden regions: 161->0(161)
[18.016s][info][gc,heap        ] GC(46) Survivor regions: 1->1(21)
[18.016s][info][gc,heap        ] GC(46) Old regions: 24->24
[18.016s][info][gc,heap        ] GC(46) Humongous regions: 6->6
[18.016s][info][gc,metaspace   ] GC(46) Metaspace: 60590K->60590K(1103872K)
[18.016s][info][gc             ] GC(46) Pause Young (Normal) (G1 Evacuation Pause) 190M->29M(270M) 3.219ms
[18.016s][info][gc,cpu         ] GC(46) User=0.00s Sys=0.00s Real=0.00s
[18.179s][info][gc,start       ] GC(47) Pause Young (Normal) (G1 Evacuation Pause)
[18.180s][info][gc,task        ] GC(47) Using 1 workers of 1 for evacuation
[18.183s][info][gc,phases      ] GC(47)   Pre Evacuate Collection Set: 0.0ms
[18.183s][info][gc,phases      ] GC(47)   Evacuate Collection Set: 2.7ms
[18.183s][info][gc,phases      ] GC(47)   Post Evacuate Collection Set: 0.3ms
[18.183s][info][gc,phases      ] GC(47)   Other: 0.2ms
[18.183s][info][gc,heap        ] GC(47) Eden regions: 161->0(161)
[18.183s][info][gc,heap        ] GC(47) Survivor regions: 1->1(21)
[18.183s][info][gc,heap        ] GC(47) Old regions: 24->24
[18.183s][info][gc,heap        ] GC(47) Humongous regions: 6->6
[18.183s][info][gc,metaspace   ] GC(47) Metaspace: 60592K->60592K(1103872K)
[18.183s][info][gc             ] GC(47) Pause Young (Normal) (G1 Evacuation Pause) 190M->29M(270M) 3.251ms
[18.183s][info][gc,cpu         ] GC(47) User=0.01s Sys=0.00s Real=0.00s
[18.349s][info][gc,start       ] GC(48) Pause Young (Normal) (G1 Evacuation Pause)
[18.349s][info][gc,task        ] GC(48) Using 1 workers of 1 for evacuation
[18.353s][info][gc,phases      ] GC(48)   Pre Evacuate Collection Set: 0.0ms
[18.353s][info][gc,phases      ] GC(48)   Evacuate Collection Set: 2.6ms
[18.353s][info][gc,phases      ] GC(48)   Post Evacuate Collection Set: 0.3ms
[18.353s][info][gc,phases      ] GC(48)   Other: 0.2ms
[18.353s][info][gc,heap        ] GC(48) Eden regions: 161->0(161)
[18.353s][info][gc,heap        ] GC(48) Survivor regions: 1->1(21)
[18.353s][info][gc,heap        ] GC(48) Old regions: 24->24
[18.353s][info][gc,heap        ] GC(48) Humongous regions: 6->6
[18.353s][info][gc,metaspace   ] GC(48) Metaspace: 60592K->60592K(1103872K)
[18.353s][info][gc             ] GC(48) Pause Young (Normal) (G1 Evacuation Pause) 190M->29M(270M) 3.191ms
[18.353s][info][gc,cpu         ] GC(48) User=0.01s Sys=0.00s Real=0.00s
[18.527s][info][gc,start       ] GC(49) Pause Young (Normal) (G1 Evacuation Pause)
[18.527s][info][gc,task        ] GC(49) Using 1 workers of 1 for evacuation
[18.530s][info][gc,phases      ] GC(49)   Pre Evacuate Collection Set: 0.0ms
[18.530s][info][gc,phases      ] GC(49)   Evacuate Collection Set: 2.6ms
[18.530s][info][gc,phases      ] GC(49)   Post Evacuate Collection Set: 0.3ms
[18.530s][info][gc,phases      ] GC(49)   Other: 0.2ms
[18.530s][info][gc,heap        ] GC(49) Eden regions: 161->0(161)
[18.530s][info][gc,heap        ] GC(49) Survivor regions: 1->1(21)
[18.530s][info][gc,heap        ] GC(49) Old regions: 24->24
[18.530s][info][gc,heap        ] GC(49) Humongous regions: 6->6
[18.530s][info][gc,metaspace   ] GC(49) Metaspace: 60592K->60592K(1103872K)
[18.530s][info][gc             ] GC(49) Pause Young (Normal) (G1 Evacuation Pause) 190M->29M(270M) 3.215ms
[18.530s][info][gc,cpu         ] GC(49) User=0.01s Sys=0.00s Real=0.00s
[18.743s][info][gc,start       ] GC(50) Pause Young (Normal) (G1 Evacuation Pause)
[18.743s][info][gc,task        ] GC(50) Using 1 workers of 1 for evacuation
[18.747s][info][gc,phases      ] GC(50)   Pre Evacuate Collection Set: 0.0ms
[18.747s][info][gc,phases      ] GC(50)   Evacuate Collection Set: 2.8ms
[18.747s][info][gc,phases      ] GC(50)   Post Evacuate Collection Set: 0.2ms
[18.747s][info][gc,phases      ] GC(50)   Other: 0.2ms
[18.747s][info][gc,heap        ] GC(50) Eden regions: 161->0(161)
[18.747s][info][gc,heap        ] GC(50) Survivor regions: 1->1(21)
[18.747s][info][gc,heap        ] GC(50) Old regions: 24->24
[18.747s][info][gc,heap        ] GC(50) Humongous regions: 6->6
[18.747s][info][gc,metaspace   ] GC(50) Metaspace: 60592K->60592K(1103872K)
[18.747s][info][gc             ] GC(50) Pause Young (Normal) (G1 Evacuation Pause) 190M->29M(270M) 3.377ms
[18.747s][info][gc,cpu         ] GC(50) User=0.00s Sys=0.00s Real=0.01s
[18.906s][info][gc,start       ] GC(51) Pause Young (Normal) (G1 Evacuation Pause)
[18.906s][info][gc,task        ] GC(51) Using 1 workers of 1 for evacuation
[18.909s][info][gc,phases      ] GC(51)   Pre Evacuate Collection Set: 0.0ms
[18.909s][info][gc,phases      ] GC(51)   Evacuate Collection Set: 2.6ms
[18.909s][info][gc,phases      ] GC(51)   Post Evacuate Collection Set: 0.3ms
[18.909s][info][gc,phases      ] GC(51)   Other: 0.2ms
[18.909s][info][gc,heap        ] GC(51) Eden regions: 161->0(161)
[18.909s][info][gc,heap        ] GC(51) Survivor regions: 1->1(21)
[18.909s][info][gc,heap        ] GC(51) Old regions: 24->24
[18.909s][info][gc,heap        ] GC(51) Humongous regions: 6->6
[18.909s][info][gc,metaspace   ] GC(51) Metaspace: 60592K->60592K(1103872K)
[18.909s][info][gc             ] GC(51) Pause Young (Normal) (G1 Evacuation Pause) 190M->29M(270M) 3.117ms
[18.909s][info][gc,cpu         ] GC(51) User=0.00s Sys=0.00s Real=0.00s
[19.160s][info][gc,start       ] GC(52) Pause Young (Normal) (G1 Evacuation Pause)
[19.160s][info][gc,task        ] GC(52) Using 1 workers of 1 for evacuation
[19.163s][info][gc,phases      ] GC(52)   Pre Evacuate Collection Set: 0.0ms
[19.163s][info][gc,phases      ] GC(52)   Evacuate Collection Set: 3.0ms
[19.163s][info][gc,phases      ] GC(52)   Post Evacuate Collection Set: 0.3ms
[19.163s][info][gc,phases      ] GC(52)   Other: 0.2ms
[19.163s][info][gc,heap        ] GC(52) Eden regions: 161->0(161)
[19.163s][info][gc,heap        ] GC(52) Survivor regions: 1->1(21)
[19.163s][info][gc,heap        ] GC(52) Old regions: 24->24
[19.163s][info][gc,heap        ] GC(52) Humongous regions: 6->6
[19.163s][info][gc,metaspace   ] GC(52) Metaspace: 60754K->60754K(1103872K)
[19.163s][info][gc             ] GC(52) Pause Young (Normal) (G1 Evacuation Pause) 190M->29M(270M) 3.551ms
[19.163s][info][gc,cpu         ] GC(52) User=0.00s Sys=0.00s Real=0.00s
[19.336s][info][gc,start       ] GC(53) Pause Young (Normal) (G1 Evacuation Pause)
[19.336s][info][gc,task        ] GC(53) Using 1 workers of 1 for evacuation
[19.339s][info][gc,phases      ] GC(53)   Pre Evacuate Collection Set: 0.0ms
[19.339s][info][gc,phases      ] GC(53)   Evacuate Collection Set: 2.7ms
[19.339s][info][gc,phases      ] GC(53)   Post Evacuate Collection Set: 0.3ms
[19.339s][info][gc,phases      ] GC(53)   Other: 0.2ms
[19.339s][info][gc,heap        ] GC(53) Eden regions: 161->0(161)
[19.339s][info][gc,heap        ] GC(53) Survivor regions: 1->1(21)
[19.339s][info][gc,heap        ] GC(53) Old regions: 24->24
[19.339s][info][gc,heap        ] GC(53) Humongous regions: 6->6
[19.339s][info][gc,metaspace   ] GC(53) Metaspace: 60754K->60754K(1103872K)
[19.339s][info][gc             ] GC(53) Pause Young (Normal) (G1 Evacuation Pause) 190M->29M(270M) 3.257ms
[19.339s][info][gc,cpu         ] GC(53) User=0.00s Sys=0.00s Real=0.01s
[19.517s][info][gc,start       ] GC(54) Pause Young (Normal) (G1 Evacuation Pause)
[19.517s][info][gc,task        ] GC(54) Using 1 workers of 1 for evacuation
[19.537s][info][gc,phases      ] GC(54)   Pre Evacuate Collection Set: 0.0ms
[19.537s][info][gc,phases      ] GC(54)   Evacuate Collection Set: 19.1ms
[19.537s][info][gc,phases      ] GC(54)   Post Evacuate Collection Set: 0.3ms
[19.537s][info][gc,phases      ] GC(54)   Other: 0.3ms
[19.537s][info][gc,heap        ] GC(54) Eden regions: 161->0(161)
[19.537s][info][gc,heap        ] GC(54) Survivor regions: 1->1(21)
[19.537s][info][gc,heap        ] GC(54) Old regions: 24->24
[19.537s][info][gc,heap        ] GC(54) Humongous regions: 6->6
[19.537s][info][gc,metaspace   ] GC(54) Metaspace: 60754K->60754K(1103872K)
[19.537s][info][gc             ] GC(54) Pause Young (Normal) (G1 Evacuation Pause) 190M->29M(270M) 20.013ms
[19.537s][info][gc,cpu         ] GC(54) User=0.02s Sys=0.00s Real=0.03s
[19.691s][info][gc,start       ] GC(55) Pause Young (Normal) (G1 Evacuation Pause)
[19.691s][info][gc,task        ] GC(55) Using 1 workers of 1 for evacuation
[19.695s][info][gc,phases      ] GC(55)   Pre Evacuate Collection Set: 0.0ms
[19.695s][info][gc,phases      ] GC(55)   Evacuate Collection Set: 2.9ms
[19.695s][info][gc,phases      ] GC(55)   Post Evacuate Collection Set: 0.4ms
[19.695s][info][gc,phases      ] GC(55)   Other: 0.2ms
[19.695s][info][gc,heap        ] GC(55) Eden regions: 161->0(161)
[19.695s][info][gc,heap        ] GC(55) Survivor regions: 1->1(21)
[19.695s][info][gc,heap        ] GC(55) Old regions: 24->24
[19.695s][info][gc,heap        ] GC(55) Humongous regions: 6->6
[19.695s][info][gc,metaspace   ] GC(55) Metaspace: 60754K->60754K(1103872K)
[19.695s][info][gc             ] GC(55) Pause Young (Normal) (G1 Evacuation Pause) 190M->29M(270M) 3.503ms
[19.695s][info][gc,cpu         ] GC(55) User=0.00s Sys=0.00s Real=0.00s
[19.858s][info][gc,start       ] GC(56) Pause Young (Normal) (G1 Evacuation Pause)
[19.858s][info][gc,task        ] GC(56) Using 1 workers of 1 for evacuation
[19.861s][info][gc,phases      ] GC(56)   Pre Evacuate Collection Set: 0.0ms
[19.861s][info][gc,phases      ] GC(56)   Evacuate Collection Set: 2.8ms
[19.861s][info][gc,phases      ] GC(56)   Post Evacuate Collection Set: 0.3ms
[19.861s][info][gc,phases      ] GC(56)   Other: 0.3ms
[19.861s][info][gc,heap        ] GC(56) Eden regions: 161->0(161)
[19.861s][info][gc,heap        ] GC(56) Survivor regions: 1->1(21)
[19.861s][info][gc,heap        ] GC(56) Old regions: 24->24
[19.861s][info][gc,heap        ] GC(56) Humongous regions: 6->6
[19.861s][info][gc,metaspace   ] GC(56) Metaspace: 60754K->60754K(1103872K)
[19.861s][info][gc             ] GC(56) Pause Young (Normal) (G1 Evacuation Pause) 190M->29M(270M) 3.412ms
[19.861s][info][gc,cpu         ] GC(56) User=0.00s Sys=0.00s Real=0.01s
[20.017s][info][gc,start       ] GC(57) Pause Young (Normal) (G1 Evacuation Pause)
[20.017s][info][gc,task        ] GC(57) Using 1 workers of 1 for evacuation
[20.020s][info][gc,phases      ] GC(57)   Pre Evacuate Collection Set: 0.0ms
[20.020s][info][gc,phases      ] GC(57)   Evacuate Collection Set: 2.6ms
[20.020s][info][gc,phases      ] GC(57)   Post Evacuate Collection Set: 0.3ms
[20.020s][info][gc,phases      ] GC(57)   Other: 0.2ms
[20.020s][info][gc,heap        ] GC(57) Eden regions: 161->0(161)
[20.020s][info][gc,heap        ] GC(57) Survivor regions: 1->1(21)
[20.020s][info][gc,heap        ] GC(57) Old regions: 24->24
[20.020s][info][gc,heap        ] GC(57) Humongous regions: 6->6
[20.020s][info][gc,metaspace   ] GC(57) Metaspace: 60754K->60754K(1103872K)
[20.020s][info][gc             ] GC(57) Pause Young (Normal) (G1 Evacuation Pause) 190M->29M(270M) 3.113ms
[20.020s][info][gc,cpu         ] GC(57) User=0.00s Sys=0.00s Real=0.00s
[20.175s][info][gc,start       ] GC(58) Pause Young (Normal) (G1 Evacuation Pause)
[20.175s][info][gc,task        ] GC(58) Using 1 workers of 1 for evacuation
[20.178s][info][gc,phases      ] GC(58)   Pre Evacuate Collection Set: 0.0ms
[20.178s][info][gc,phases      ] GC(58)   Evacuate Collection Set: 2.9ms
[20.178s][info][gc,phases      ] GC(58)   Post Evacuate Collection Set: 0.2ms
[20.178s][info][gc,phases      ] GC(58)   Other: 0.2ms
[20.178s][info][gc,heap        ] GC(58) Eden regions: 161->0(161)
[20.178s][info][gc,heap        ] GC(58) Survivor regions: 1->1(21)
[20.178s][info][gc,heap        ] GC(58) Old regions: 24->25
[20.178s][info][gc,heap        ] GC(58) Humongous regions: 6->6
[20.178s][info][gc,metaspace   ] GC(58) Metaspace: 60754K->60754K(1103872K)
[20.178s][info][gc             ] GC(58) Pause Young (Normal) (G1 Evacuation Pause) 190M->29M(270M) 3.393ms
[20.178s][info][gc,cpu         ] GC(58) User=0.00s Sys=0.00s Real=0.01s
[20.345s][info][gc,start       ] GC(59) Pause Young (Normal) (G1 Evacuation Pause)
[20.345s][info][gc,task        ] GC(59) Using 1 workers of 1 for evacuation
[20.347s][info][gc,phases      ] GC(59)   Pre Evacuate Collection Set: 0.0ms
[20.347s][info][gc,phases      ] GC(59)   Evacuate Collection Set: 1.9ms
[20.347s][info][gc,phases      ] GC(59)   Post Evacuate Collection Set: 0.2ms
[20.347s][info][gc,phases      ] GC(59)   Other: 0.1ms
[20.347s][info][gc,heap        ] GC(59) Eden regions: 161->0(161)
[20.347s][info][gc,heap        ] GC(59) Survivor regions: 1->1(21)
[20.347s][info][gc,heap        ] GC(59) Old regions: 25->25
[20.347s][info][gc,heap        ] GC(59) Humongous regions: 6->6
[20.347s][info][gc,metaspace   ] GC(59) Metaspace: 60754K->60754K(1103872K)
[20.347s][info][gc             ] GC(59) Pause Young (Normal) (G1 Evacuation Pause) 190M->29M(270M) 2.367ms
[20.347s][info][gc,cpu         ] GC(59) User=0.00s Sys=0.00s Real=0.01s
[20.539s][info][gc,start       ] GC(60) Pause Young (Normal) (G1 Evacuation Pause)
[20.540s][info][gc,task        ] GC(60) Using 1 workers of 1 for evacuation
[20.542s][info][gc,phases      ] GC(60)   Pre Evacuate Collection Set: 0.0ms
[20.542s][info][gc,phases      ] GC(60)   Evacuate Collection Set: 1.9ms
[20.542s][info][gc,phases      ] GC(60)   Post Evacuate Collection Set: 0.3ms
[20.542s][info][gc,phases      ] GC(60)   Other: 0.3ms
[20.542s][info][gc,heap        ] GC(60) Eden regions: 161->0(161)
[20.542s][info][gc,heap        ] GC(60) Survivor regions: 1->1(21)
[20.542s][info][gc,heap        ] GC(60) Old regions: 25->25
[20.542s][info][gc,heap        ] GC(60) Humongous regions: 6->6
[20.542s][info][gc,metaspace   ] GC(60) Metaspace: 60754K->60754K(1103872K)
[20.542s][info][gc             ] GC(60) Pause Young (Normal) (G1 Evacuation Pause) 190M->29M(270M) 2.560ms
[20.542s][info][gc,cpu         ] GC(60) User=0.00s Sys=0.00s Real=0.00s
[20.719s][info][gc,start       ] GC(61) Pause Young (Normal) (G1 Evacuation Pause)
[20.719s][info][gc,task        ] GC(61) Using 1 workers of 1 for evacuation
[20.721s][info][gc,phases      ] GC(61)   Pre Evacuate Collection Set: 0.0ms
[20.721s][info][gc,phases      ] GC(61)   Evacuate Collection Set: 2.0ms
[20.721s][info][gc,phases      ] GC(61)   Post Evacuate Collection Set: 0.2ms
[20.721s][info][gc,phases      ] GC(61)   Other: 0.2ms
[20.721s][info][gc,heap        ] GC(61) Eden regions: 161->0(161)
[20.721s][info][gc,heap        ] GC(61) Survivor regions: 1->1(21)
[20.721s][info][gc,heap        ] GC(61) Old regions: 25->25
[20.721s][info][gc,heap        ] GC(61) Humongous regions: 6->6
[20.721s][info][gc,metaspace   ] GC(61) Metaspace: 60754K->60754K(1103872K)
[20.721s][info][gc             ] GC(61) Pause Young (Normal) (G1 Evacuation Pause) 190M->29M(270M) 2.491ms
[20.721s][info][gc,cpu         ] GC(61) User=0.00s Sys=0.00s Real=0.00s
[22.311s][info][gc,start       ] GC(62) Pause Young (Normal) (G1 Evacuation Pause)
[22.311s][info][gc,task        ] GC(62) Using 1 workers of 1 for evacuation
[22.333s][info][gc,phases      ] GC(62)   Pre Evacuate Collection Set: 0.0ms
[22.333s][info][gc,phases      ] GC(62)   Evacuate Collection Set: 22.1ms
[22.333s][info][gc,phases      ] GC(62)   Post Evacuate Collection Set: 0.4ms
[22.334s][info][gc,phases      ] GC(62)   Other: 0.4ms
[22.334s][info][gc,heap        ] GC(62) Eden regions: 161->0(156)
[22.334s][info][gc,heap        ] GC(62) Survivor regions: 1->6(21)
[22.334s][info][gc,heap        ] GC(62) Old regions: 25->25
[22.334s][info][gc,heap        ] GC(62) Humongous regions: 12->7
[22.334s][info][gc,metaspace   ] GC(62) Metaspace: 62092K->62092K(1105920K)
[22.334s][info][gc             ] GC(62) Pause Young (Normal) (G1 Evacuation Pause) 196M->35M(270M) 22.992ms
[22.334s][info][gc,cpu         ] GC(62) User=0.03s Sys=0.00s Real=0.02s
[22.972s][info][gc,start       ] GC(63) Pause Young (Normal) (G1 Evacuation Pause)
[22.972s][info][gc,task        ] GC(63) Using 1 workers of 1 for evacuation
[23.012s][info][gc,phases      ] GC(63)   Pre Evacuate Collection Set: 0.0ms
[23.012s][info][gc,phases      ] GC(63)   Evacuate Collection Set: 39.8ms
[23.012s][info][gc,phases      ] GC(63)   Post Evacuate Collection Set: 0.3ms
[23.012s][info][gc,phases      ] GC(63)   Other: 0.3ms
[23.012s][info][gc,heap        ] GC(63) Eden regions: 57->0(5)
[23.012s][info][gc,heap        ] GC(63) Survivor regions: 6->8(8)
[23.012s][info][gc,heap        ] GC(63) Old regions: 25->33
[23.012s][info][gc,heap        ] GC(63) Humongous regions: 12->12
[23.012s][info][gc,metaspace   ] GC(63) Metaspace: 62231K->62231K(1105920K)
[23.012s][info][gc             ] GC(63) Pause Young (Normal) (G1 Evacuation Pause) 97M->51M(270M) 40.485ms
[23.012s][info][gc,cpu         ] GC(63) User=0.04s Sys=0.00s Real=0.04s
[23.082s][info][gc,start       ] GC(64) Pause Young (Normal) (G1 Evacuation Pause)
[23.082s][info][gc,task        ] GC(64) Using 1 workers of 1 for evacuation
[23.103s][info][gc,phases      ] GC(64)   Pre Evacuate Collection Set: 0.0ms
[23.103s][info][gc,phases      ] GC(64)   Evacuate Collection Set: 21.4ms
[23.103s][info][gc,phases      ] GC(64)   Post Evacuate Collection Set: 0.2ms
[23.103s][info][gc,phases      ] GC(64)   Other: 0.1ms
[23.103s][info][gc,heap        ] GC(64) Eden regions: 5->0(14)
[23.103s][info][gc,heap        ] GC(64) Survivor regions: 8->2(2)
[23.103s][info][gc,heap        ] GC(64) Old regions: 33->41
[23.103s][info][gc,heap        ] GC(64) Humongous regions: 12->12
[23.103s][info][gc,metaspace   ] GC(64) Metaspace: 62233K->62233K(1105920K)
[23.103s][info][gc             ] GC(64) Pause Young (Normal) (G1 Evacuation Pause) 56M->52M(270M) 21.921ms
[23.103s][info][gc,cpu         ] GC(64) User=0.02s Sys=0.00s Real=0.02s
[23.253s][info][gc,start       ] GC(65) Pause Young (Normal) (G1 Evacuation Pause)
[23.253s][info][gc,task        ] GC(65) Using 1 workers of 1 for evacuation
[23.265s][info][gc,phases      ] GC(65)   Pre Evacuate Collection Set: 0.0ms
[23.265s][info][gc,phases      ] GC(65)   Evacuate Collection Set: 11.3ms
[23.265s][info][gc,phases      ] GC(65)   Post Evacuate Collection Set: 0.5ms
[23.265s][info][gc,phases      ] GC(65)   Other: 0.2ms
[23.265s][info][gc,heap        ] GC(65) Eden regions: 14->0(34)
[23.265s][info][gc,heap        ] GC(65) Survivor regions: 2->2(2)
[23.265s][info][gc,heap        ] GC(65) Old regions: 41->43
[23.265s][info][gc,heap        ] GC(65) Humongous regions: 12->12
[23.265s][info][gc,metaspace   ] GC(65) Metaspace: 62233K->62233K(1105920K)
[23.265s][info][gc             ] GC(65) Pause Young (Normal) (G1 Evacuation Pause) 66M->55M(324M) 12.193ms
[23.265s][info][gc,cpu         ] GC(65) User=0.01s Sys=0.00s Real=0.02s
[23.657s][info][gc,start       ] GC(66) Pause Young (Normal) (G1 Evacuation Pause)
[23.657s][info][gc,task        ] GC(66) Using 1 workers of 1 for evacuation
[23.674s][info][gc,phases      ] GC(66)   Pre Evacuate Collection Set: 0.0ms
[23.674s][info][gc,phases      ] GC(66)   Evacuate Collection Set: 15.9ms
[23.674s][info][gc,phases      ] GC(66)   Post Evacuate Collection Set: 0.3ms
[23.674s][info][gc,phases      ] GC(66)   Other: 0.2ms
[23.674s][info][gc,heap        ] GC(66) Eden regions: 34->0(48)
[23.674s][info][gc,heap        ] GC(66) Survivor regions: 2->5(5)
[23.674s][info][gc,heap        ] GC(66) Old regions: 43->46
[23.674s][info][gc,heap        ] GC(66) Humongous regions: 12->12
[23.674s][info][gc,metaspace   ] GC(66) Metaspace: 62233K->62233K(1105920K)
[23.674s][info][gc             ] GC(66) Pause Young (Normal) (G1 Evacuation Pause) 89M->61M(324M) 16.547ms
[23.674s][info][gc,cpu         ] GC(66) User=0.02s Sys=0.00s Real=0.02s
[23.882s][info][gc,start       ] GC(67) Pause Young (Normal) (G1 Evacuation Pause)
[23.882s][info][gc,task        ] GC(67) Using 1 workers of 1 for evacuation
[23.916s][info][gc,phases      ] GC(67)   Pre Evacuate Collection Set: 0.0ms
[23.916s][info][gc,phases      ] GC(67)   Evacuate Collection Set: 33.0ms
[23.916s][info][gc,phases      ] GC(67)   Post Evacuate Collection Set: 0.3ms
[23.916s][info][gc,phases      ] GC(67)   Other: 0.2ms
[23.916s][info][gc,heap        ] GC(67) Eden regions: 36->0(52)
[23.916s][info][gc,heap        ] GC(67) Survivor regions: 5->6(6)
[23.916s][info][gc,heap        ] GC(67) Old regions: 46->53
[23.916s][info][gc,heap        ] GC(67) Humongous regions: 17->17
[23.916s][info][gc,metaspace   ] GC(67) Metaspace: 62233K->62233K(1105920K)
[23.916s][info][gc             ] GC(67) Pause Young (Normal) (G1 Evacuation Pause) 102M->74M(324M) 33.580ms
[23.916s][info][gc,cpu         ] GC(67) User=0.03s Sys=0.00s Real=0.03s
[24.251s][info][gc,start       ] GC(68) Pause Young (Normal) (G1 Evacuation Pause)
[24.251s][info][gc,task        ] GC(68) Using 1 workers of 1 for evacuation
[24.289s][info][gc,phases      ] GC(68)   Pre Evacuate Collection Set: 0.0ms
[24.289s][info][gc,phases      ] GC(68)   Evacuate Collection Set: 37.0ms
[24.289s][info][gc,phases      ] GC(68)   Post Evacuate Collection Set: 0.3ms
[24.289s][info][gc,phases      ] GC(68)   Other: 0.2ms
[24.289s][info][gc,heap        ] GC(68) Eden regions: 52->0(61)
[24.289s][info][gc,heap        ] GC(68) Survivor regions: 6->8(8)
[24.289s][info][gc,heap        ] GC(68) Old regions: 53->59
[24.289s][info][gc,heap        ] GC(68) Humongous regions: 22->22
[24.289s][info][gc,metaspace   ] GC(68) Metaspace: 62502K->62502K(1105920K)
[24.289s][info][gc             ] GC(68) Pause Young (Normal) (G1 Evacuation Pause) 131M->87M(324M) 37.628ms
[24.289s][info][gc,cpu         ] GC(68) User=0.04s Sys=0.00s Real=0.04s
[24.608s][info][gc,start       ] GC(69) Pause Young (Normal) (G1 Evacuation Pause)
[24.609s][info][gc,task        ] GC(69) Using 1 workers of 1 for evacuation
[24.693s][info][gc,phases      ] GC(69)   Pre Evacuate Collection Set: 0.0ms
[24.693s][info][gc,phases      ] GC(69)   Evacuate Collection Set: 83.0ms
[24.693s][info][gc,phases      ] GC(69)   Post Evacuate Collection Set: 1.0ms
[24.693s][info][gc,phases      ] GC(69)   Other: 0.6ms
[24.693s][info][gc,heap        ] GC(69) Eden regions: 61->0(65)
[24.693s][info][gc,heap        ] GC(69) Survivor regions: 8->9(9)
[24.693s][info][gc,heap        ] GC(69) Old regions: 59->80
[24.693s][info][gc,heap        ] GC(69) Humongous regions: 32->32
[24.693s][info][gc,metaspace   ] GC(69) Metaspace: 62726K->62726K(1105920K)
[24.693s][info][gc             ] GC(69) Pause Young (Normal) (G1 Evacuation Pause) 158M->119M(485M) 84.698ms
[24.693s][info][gc,cpu         ] GC(69) User=0.08s Sys=0.00s Real=0.08s
[25.373s][info][gc,start       ] GC(70) Pause Young (Normal) (G1 Evacuation Pause)
[25.373s][info][gc,task        ] GC(70) Using 1 workers of 1 for evacuation
[25.418s][info][gc,phases      ] GC(70)   Pre Evacuate Collection Set: 0.0ms
[25.418s][info][gc,phases      ] GC(70)   Evacuate Collection Set: 44.0ms
[25.418s][info][gc,phases      ] GC(70)   Post Evacuate Collection Set: 0.3ms
[25.418s][info][gc,phases      ] GC(70)   Other: 0.3ms
[25.418s][info][gc,heap        ] GC(70) Eden regions: 60->0(73)
[25.418s][info][gc,heap        ] GC(70) Survivor regions: 9->7(9)
[25.418s][info][gc,heap        ] GC(70) Old regions: 80->89
[25.418s][info][gc,heap        ] GC(70) Humongous regions: 38->38
[25.418s][info][gc,metaspace   ] GC(70) Metaspace: 62758K->62758K(1105920K)
[25.418s][info][gc             ] GC(70) Pause Young (Normal) (G1 Evacuation Pause) 185M->132M(485M) 44.774ms
[25.418s][info][gc,cpu         ] GC(70) User=0.04s Sys=0.00s Real=0.04s
[25.621s][info][gc,start       ] GC(71) Pause Young (Normal) (G1 Evacuation Pause)
[25.621s][info][gc,task        ] GC(71) Using 1 workers of 1 for evacuation
[25.676s][info][gc,phases      ] GC(71)   Pre Evacuate Collection Set: 0.0ms
[25.676s][info][gc,phases      ] GC(71)   Evacuate Collection Set: 54.1ms
[25.676s][info][gc,phases      ] GC(71)   Post Evacuate Collection Set: 0.4ms
[25.676s][info][gc,phases      ] GC(71)   Other: 0.4ms
[25.676s][info][gc,heap        ] GC(71) Eden regions: 73->0(18)
[25.676s][info][gc,heap        ] GC(71) Survivor regions: 7->7(10)
[25.676s][info][gc,heap        ] GC(71) Old regions: 89->96
[25.676s][info][gc,heap        ] GC(71) Humongous regions: 43->43
[25.676s][info][gc,metaspace   ] GC(71) Metaspace: 62758K->62758K(1105920K)
[25.676s][info][gc             ] GC(71) Pause Young (Normal) (G1 Evacuation Pause) 210M->143M(485M) 54.902ms
[25.676s][info][gc,cpu         ] GC(71) User=0.06s Sys=0.00s Real=0.05s
[25.732s][info][gc,start       ] GC(72) Pause Young (Normal) (G1 Evacuation Pause)
[25.732s][info][gc,task        ] GC(72) Using 1 workers of 1 for evacuation
[25.764s][info][gc,phases      ] GC(72)   Pre Evacuate Collection Set: 0.0ms
[25.764s][info][gc,phases      ] GC(72)   Evacuate Collection Set: 31.1ms
[25.764s][info][gc,phases      ] GC(72)   Post Evacuate Collection Set: 0.3ms
[25.764s][info][gc,phases      ] GC(72)   Other: 0.2ms
[25.764s][info][gc,heap        ] GC(72) Eden regions: 18->0(66)
[25.764s][info][gc,heap        ] GC(72) Survivor regions: 7->2(4)
[25.764s][info][gc,heap        ] GC(72) Old regions: 96->102
[25.764s][info][gc,heap        ] GC(72) Humongous regions: 43->43
[25.764s][info][gc,metaspace   ] GC(72) Metaspace: 62758K->62758K(1105920K)
[25.764s][info][gc             ] GC(72) Pause Young (Normal) (G1 Evacuation Pause) 161M->145M(485M) 31.716ms
[25.764s][info][gc,cpu         ] GC(72) User=0.03s Sys=0.00s Real=0.03s
[25.916s][info][gc,start       ] GC(73) Pause Young (Normal) (G1 Evacuation Pause)
[25.917s][info][gc,task        ] GC(73) Using 1 workers of 1 for evacuation
[25.945s][info][gc,phases      ] GC(73)   Pre Evacuate Collection Set: 0.0ms
[25.945s][info][gc,phases      ] GC(73)   Evacuate Collection Set: 27.1ms
[25.945s][info][gc,phases      ] GC(73)   Post Evacuate Collection Set: 1.4ms
[25.945s][info][gc,phases      ] GC(73)   Other: 0.2ms
[25.945s][info][gc,heap        ] GC(73) Eden regions: 66->0(82)
[25.945s][info][gc,heap        ] GC(73) Survivor regions: 2->7(9)
[25.945s][info][gc,heap        ] GC(73) Old regions: 102->102
[25.945s][info][gc,heap        ] GC(73) Humongous regions: 43->43
[25.945s][info][gc,metaspace   ] GC(73) Metaspace: 62759K->62759K(1105920K)
[25.945s][info][gc             ] GC(73) Pause Young (Normal) (G1 Evacuation Pause) 211M->150M(788M) 28.743ms
[25.945s][info][gc,cpu         ] GC(73) User=0.03s Sys=0.00s Real=0.03s
[26.177s][info][gc,start       ] GC(74) Pause Young (Normal) (G1 Evacuation Pause)
[26.177s][info][gc,task        ] GC(74) Using 1 workers of 1 for evacuation
[26.235s][info][gc,phases      ] GC(74)   Pre Evacuate Collection Set: 0.1ms
[26.235s][info][gc,phases      ] GC(74)   Evacuate Collection Set: 57.0ms
[26.235s][info][gc,phases      ] GC(74)   Post Evacuate Collection Set: 0.4ms
[26.235s][info][gc,phases      ] GC(74)   Other: 0.6ms
[26.235s][info][gc,heap        ] GC(74) Eden regions: 82->0(98)
[26.235s][info][gc,heap        ] GC(74) Survivor regions: 7->10(12)
[26.235s][info][gc,heap        ] GC(74) Old regions: 102->104
[26.235s][info][gc,heap        ] GC(74) Humongous regions: 43->43
[26.235s][info][gc,metaspace   ] GC(74) Metaspace: 62759K->62759K(1105920K)
[26.235s][info][gc             ] GC(74) Pause Young (Normal) (G1 Evacuation Pause) 232M->154M(788M) 58.110ms
[26.235s][info][gc,cpu         ] GC(74) User=0.06s Sys=0.00s Real=0.06s
[26.518s][info][gc,start       ] GC(75) Pause Young (Normal) (G1 Evacuation Pause)
[26.518s][info][gc,task        ] GC(75) Using 1 workers of 1 for evacuation
[26.594s][info][gc,phases      ] GC(75)   Pre Evacuate Collection Set: 0.0ms
[26.594s][info][gc,phases      ] GC(75)   Evacuate Collection Set: 75.0ms
[26.594s][info][gc,phases      ] GC(75)   Post Evacuate Collection Set: 0.5ms
[26.594s][info][gc,phases      ] GC(75)   Other: 0.3ms
[26.594s][info][gc,heap        ] GC(75) Eden regions: 98->0(78)
[26.594s][info][gc,heap        ] GC(75) Survivor regions: 10->11(14)
[26.594s][info][gc,heap        ] GC(75) Old regions: 104->107
[26.594s][info][gc,heap        ] GC(75) Humongous regions: 52->52
[26.594s][info][gc,metaspace   ] GC(75) Metaspace: 62759K->62759K(1105920K)
[26.594s][info][gc             ] GC(75) Pause Young (Normal) (G1 Evacuation Pause) 261M->168M(788M) 76.011ms
[26.594s][info][gc,cpu         ] GC(75) User=0.08s Sys=0.00s Real=0.07s
[26.998s][info][gc,start       ] GC(76) Pause Young (Normal) (G1 Evacuation Pause)
[26.998s][info][gc,task        ] GC(76) Using 1 workers of 1 for evacuation
[27.069s][info][gc,phases      ] GC(76)   Pre Evacuate Collection Set: 0.0ms
[27.069s][info][gc,phases      ] GC(76)   Evacuate Collection Set: 70.1ms
[27.069s][info][gc,phases      ] GC(76)   Post Evacuate Collection Set: 0.4ms
[27.069s][info][gc,phases      ] GC(76)   Other: 0.2ms
[27.069s][info][gc,heap        ] GC(76) Eden regions: 76->0(108)
[27.069s][info][gc,heap        ] GC(76) Survivor regions: 11->5(11)
[27.069s][info][gc,heap        ] GC(76) Old regions: 107->117
[27.069s][info][gc,heap        ] GC(76) Humongous regions: 52->52
[27.069s][info][gc,metaspace   ] GC(76) Metaspace: 62815K->62815K(1105920K)
[27.069s][info][gc             ] GC(76) Pause Young (Normal) (G1 Evacuation Pause) 244M->172M(788M) 70.912ms
[27.069s][info][gc,cpu         ] GC(76) User=0.07s Sys=0.00s Real=0.07s
[28.781s][info][gc,start       ] GC(77) Pause Young (Normal) (G1 Evacuation Pause)
[28.781s][info][gc,task        ] GC(77) Using 1 workers of 1 for evacuation
[28.844s][info][gc,phases      ] GC(77)   Pre Evacuate Collection Set: 0.0ms
[28.844s][info][gc,phases      ] GC(77)   Evacuate Collection Set: 60.4ms
[28.844s][info][gc,phases      ] GC(77)   Post Evacuate Collection Set: 1.4ms
[28.844s][info][gc,phases      ] GC(77)   Other: 0.4ms
[28.844s][info][gc,heap        ] GC(77) Eden regions: 108->0(116)
[28.844s][info][gc,heap        ] GC(77) Survivor regions: 5->15(15)
[28.844s][info][gc,heap        ] GC(77) Old regions: 117->121
[28.844s][info][gc,heap        ] GC(77) Humongous regions: 63->63
[28.844s][info][gc,metaspace   ] GC(77) Metaspace: 62969K->62969K(1105920K)
[28.844s][info][gc             ] GC(77) Pause Young (Normal) (G1 Evacuation Pause) 291M->197M(1036M) 62.444ms
[28.844s][info][gc,cpu         ] GC(77) User=0.06s Sys=0.00s Real=0.06s
[29.441s][info][gc,start       ] GC(78) Pause Young (Normal) (G1 Evacuation Pause)
[29.441s][info][gc,task        ] GC(78) Using 1 workers of 1 for evacuation
[29.537s][info][gc,phases      ] GC(78)   Pre Evacuate Collection Set: 0.0ms
[29.537s][info][gc,phases      ] GC(78)   Evacuate Collection Set: 95.0ms
[29.537s][info][gc,phases      ] GC(78)   Post Evacuate Collection Set: 0.5ms
[29.537s][info][gc,phases      ] GC(78)   Other: 0.3ms
[29.537s][info][gc,heap        ] GC(78) Eden regions: 116->0(125)
[29.537s][info][gc,heap        ] GC(78) Survivor regions: 15->17(17)
[29.537s][info][gc,heap        ] GC(78) Old regions: 121->138
[29.537s][info][gc,heap        ] GC(78) Humongous regions: 68->68
[29.537s][info][gc,metaspace   ] GC(78) Metaspace: 62975K->62975K(1105920K)
[29.537s][info][gc             ] GC(78) Pause Young (Normal) (G1 Evacuation Pause) 318M->221M(1036M) 95.846ms
[29.537s][info][gc,cpu         ] GC(78) User=0.10s Sys=0.00s Real=0.09s
[29.948s][info][gc,start       ] GC(79) Pause Young (Normal) (G1 Evacuation Pause)
[29.948s][info][gc,task        ] GC(79) Using 1 workers of 1 for evacuation
[30.075s][info][gc,phases      ] GC(79)   Pre Evacuate Collection Set: 0.1ms
[30.075s][info][gc,phases      ] GC(79)   Evacuate Collection Set: 125.8ms
[30.075s][info][gc,phases      ] GC(79)   Post Evacuate Collection Set: 0.5ms
[30.075s][info][gc,phases      ] GC(79)   Other: 0.7ms
[30.075s][info][gc,heap        ] GC(79) Eden regions: 125->0(115)
[30.075s][info][gc,heap        ] GC(79) Survivor regions: 17->18(18)
[30.075s][info][gc,heap        ] GC(79) Old regions: 138->169
[30.075s][info][gc,heap        ] GC(79) Humongous regions: 86->86
[30.075s][info][gc,metaspace   ] GC(79) Metaspace: 63054K->63054K(1105920K)
[30.075s][info][gc             ] GC(79) Pause Young (Normal) (G1 Evacuation Pause) 364M->271M(1036M) 127.139ms
[30.075s][info][gc,cpu         ] GC(79) User=0.12s Sys=0.00s Real=0.12s
[30.412s][info][gc,start       ] GC(80) Pause Young (Normal) (G1 Evacuation Pause)
[30.412s][info][gc,task        ] GC(80) Using 1 workers of 1 for evacuation
[30.500s][info][gc,phases      ] GC(80)   Pre Evacuate Collection Set: 0.0ms
[30.500s][info][gc,phases      ] GC(80)   Evacuate Collection Set: 87.3ms
[30.500s][info][gc,phases      ] GC(80)   Post Evacuate Collection Set: 0.5ms
[30.500s][info][gc,phases      ] GC(80)   Other: 0.3ms
[30.500s][info][gc,heap        ] GC(80) Eden regions: 115->0(130)
[30.500s][info][gc,heap        ] GC(80) Survivor regions: 18->11(17)
[30.500s][info][gc,heap        ] GC(80) Old regions: 169->187
[30.500s][info][gc,heap        ] GC(80) Humongous regions: 94->94
[30.500s][info][gc,metaspace   ] GC(80) Metaspace: 63054K->63054K(1105920K)
[30.500s][info][gc             ] GC(80) Pause Young (Normal) (G1 Evacuation Pause) 394M->290M(1036M) 88.220ms
[30.500s][info][gc,cpu         ] GC(80) User=0.09s Sys=0.00s Real=0.09s
[30.789s][info][gc,start       ] GC(81) Pause Young (Normal) (G1 Evacuation Pause)
[30.789s][info][gc,task        ] GC(81) Using 1 workers of 1 for evacuation
[30.847s][info][gc,phases      ] GC(81)   Pre Evacuate Collection Set: 0.0ms
[30.848s][info][gc,phases      ] GC(81)   Evacuate Collection Set: 56.7ms
[30.848s][info][gc,phases      ] GC(81)   Post Evacuate Collection Set: 1.2ms
[30.848s][info][gc,phases      ] GC(81)   Other: 0.3ms
[30.848s][info][gc,heap        ] GC(81) Eden regions: 130->0(126)
[30.848s][info][gc,heap        ] GC(81) Survivor regions: 11->9(18)
[30.848s][info][gc,heap        ] GC(81) Old regions: 187->198
[30.848s][info][gc,heap        ] GC(81) Humongous regions: 94->94
[30.848s][info][gc,metaspace   ] GC(81) Metaspace: 63055K->63055K(1105920K)
[30.848s][info][gc             ] GC(81) Pause Young (Normal) (G1 Evacuation Pause) 420M->298M(1229M) 58.295ms
[30.848s][info][gc,cpu         ] GC(81) User=0.06s Sys=0.00s Real=0.06s
[31.271s][info][gc,start       ] GC(82) Pause Young (Normal) (G1 Evacuation Pause)
[31.271s][info][gc,task        ] GC(82) Using 1 workers of 1 for evacuation
[31.356s][info][gc,phases      ] GC(82)   Pre Evacuate Collection Set: 0.1ms
[31.356s][info][gc,phases      ] GC(82)   Evacuate Collection Set: 83.5ms
[31.356s][info][gc,phases      ] GC(82)   Post Evacuate Collection Set: 0.6ms
[31.356s][info][gc,phases      ] GC(82)   Other: 0.3ms
[31.356s][info][gc,heap        ] GC(82) Eden regions: 126->0(46)
[31.356s][info][gc,heap        ] GC(82) Survivor regions: 9->15(17)
[31.356s][info][gc,heap        ] GC(82) Old regions: 198->198
[31.356s][info][gc,heap        ] GC(82) Humongous regions: 103->103
[31.356s][info][gc,metaspace   ] GC(82) Metaspace: 63055K->63055K(1105920K)
[31.356s][info][gc             ] GC(82) Pause Young (Normal) (G1 Evacuation Pause) 433M->313M(1229M) 84.562ms
[31.356s][info][gc,cpu         ] GC(82) User=0.08s Sys=0.00s Real=0.08s
[31.546s][info][gc,start       ] GC(83) Pause Young (Normal) (G1 Evacuation Pause)
[31.546s][info][gc,task        ] GC(83) Using 1 workers of 1 for evacuation
[31.643s][info][gc,phases      ] GC(83)   Pre Evacuate Collection Set: 0.1ms
[31.643s][info][gc,phases      ] GC(83)   Evacuate Collection Set: 96.3ms
[31.643s][info][gc,phases      ] GC(83)   Post Evacuate Collection Set: 0.9ms
[31.643s][info][gc,phases      ] GC(83)   Other: 0.3ms
[31.643s][info][gc,heap        ] GC(83) Eden regions: 46->0(57)
[31.643s][info][gc,heap        ] GC(83) Survivor regions: 15->4(8)
[31.644s][info][gc,heap        ] GC(83) Old regions: 198->212
[31.644s][info][gc,heap        ] GC(83) Humongous regions: 103->103
[31.644s][info][gc,metaspace   ] GC(83) Metaspace: 63055K->63055K(1105920K)
[31.644s][info][gc             ] GC(83) Pause Young (Normal) (G1 Evacuation Pause) 359M->316M(1229M) 97.736ms
[31.644s][info][gc,cpu         ] GC(83) User=0.10s Sys=0.00s Real=0.09s
[32.297s][info][gc,start       ] GC(84) Pause Young (Normal) (G1 Evacuation Pause)
[32.297s][info][gc,task        ] GC(84) Using 1 workers of 1 for evacuation
[32.334s][info][gc,phases      ] GC(84)   Pre Evacuate Collection Set: 0.1ms
[32.334s][info][gc,phases      ] GC(84)   Evacuate Collection Set: 35.7ms
[32.334s][info][gc,phases      ] GC(84)   Post Evacuate Collection Set: 0.6ms
[32.334s][info][gc,phases      ] GC(84)   Other: 0.3ms
[32.334s][info][gc,heap        ] GC(84) Eden regions: 57->0(110)
[32.334s][info][gc,heap        ] GC(84) Survivor regions: 4->6(8)
[32.334s][info][gc,heap        ] GC(84) Old regions: 212->212
[32.334s][info][gc,heap        ] GC(84) Humongous regions: 108->108
[32.334s][info][gc,metaspace   ] GC(84) Metaspace: 63081K->63081K(1105920K)
[32.334s][info][gc             ] GC(84) Pause Young (Normal) (G1 Evacuation Pause) 378M->324M(1229M) 36.702ms
[32.334s][info][gc,cpu         ] GC(84) User=0.03s Sys=0.00s Real=0.04s
[32.890s][info][gc,start       ] GC(85) Pause Young (Normal) (G1 Evacuation Pause)
[32.890s][info][gc,task        ] GC(85) Using 1 workers of 1 for evacuation
[32.979s][info][gc,phases      ] GC(85)   Pre Evacuate Collection Set: 0.1ms
[32.979s][info][gc,phases      ] GC(85)   Evacuate Collection Set: 88.6ms
[32.979s][info][gc,phases      ] GC(85)   Post Evacuate Collection Set: 0.6ms
[32.979s][info][gc,phases      ] GC(85)   Other: 0.4ms
[32.979s][info][gc,heap        ] GC(85) Eden regions: 110->0(118)
[32.980s][info][gc,heap        ] GC(85) Survivor regions: 6->15(15)
[32.980s][info][gc,heap        ] GC(85) Old regions: 212->223
[32.980s][info][gc,heap        ] GC(85) Humongous regions: 114->114
[32.980s][info][gc,metaspace   ] GC(85) Metaspace: 63146K->63146K(1105920K)
[32.980s][info][gc             ] GC(85) Pause Young (Normal) (G1 Evacuation Pause) 440M->350M(1229M) 89.794ms
[32.980s][info][gc,cpu         ] GC(85) User=0.09s Sys=0.00s Real=0.09s
[33.468s][info][gc,start       ] GC(86) Pause Young (Normal) (G1 Evacuation Pause)
[33.468s][info][gc,task        ] GC(86) Using 1 workers of 1 for evacuation
[33.592s][info][gc,phases      ] GC(86)   Pre Evacuate Collection Set: 0.1ms
[33.592s][info][gc,phases      ] GC(86)   Evacuate Collection Set: 122.9ms
[33.592s][info][gc,phases      ] GC(86)   Post Evacuate Collection Set: 1.1ms
[33.592s][info][gc,phases      ] GC(86)   Other: 0.3ms
[33.592s][info][gc,heap        ] GC(86) Eden regions: 118->0(124)
[33.592s][info][gc,heap        ] GC(86) Survivor regions: 15->17(17)
[33.592s][info][gc,heap        ] GC(86) Old regions: 223->239
[33.592s][info][gc,heap        ] GC(86) Humongous regions: 124->124
[33.592s][info][gc,metaspace   ] GC(86) Metaspace: 63154K->63154K(1105920K)
[33.592s][info][gc             ] GC(86) Pause Young (Normal) (G1 Evacuation Pause) 478M->378M(1363M) 124.405ms
[33.592s][info][gc,cpu         ] GC(86) User=0.12s Sys=0.01s Real=0.12s
[33.935s][info][gc,start       ] GC(87) Pause Young (Normal) (G1 Evacuation Pause)
[33.935s][info][gc,task        ] GC(87) Using 1 workers of 1 for evacuation
[34.073s][info][gc,phases      ] GC(87)   Pre Evacuate Collection Set: 0.1ms
[34.073s][info][gc,phases      ] GC(87)   Evacuate Collection Set: 137.4ms
[34.073s][info][gc,phases      ] GC(87)   Post Evacuate Collection Set: 0.5ms
[34.073s][info][gc,phases      ] GC(87)   Other: 0.3ms
[34.073s][info][gc,heap        ] GC(87) Eden regions: 124->0(122)
[34.073s][info][gc,heap        ] GC(87) Survivor regions: 17->18(18)
[34.073s][info][gc,heap        ] GC(87) Old regions: 239->268
[34.073s][info][gc,heap        ] GC(87) Humongous regions: 140->140
[34.073s][info][gc,metaspace   ] GC(87) Metaspace: 63157K->63157K(1105920K)
[34.073s][info][gc             ] GC(87) Pause Young (Normal) (G1 Evacuation Pause) 518M->424M(1363M) 138.275ms
[34.073s][info][gc,cpu         ] GC(87) User=0.13s Sys=0.00s Real=0.14s
[34.397s][info][gc,start       ] GC(88) Pause Young (Normal) (G1 Evacuation Pause)
[34.397s][info][gc,task        ] GC(88) Using 1 workers of 1 for evacuation
[34.498s][info][gc,phases      ] GC(88)   Pre Evacuate Collection Set: 0.1ms
[34.498s][info][gc,phases      ] GC(88)   Evacuate Collection Set: 99.1ms
[34.498s][info][gc,phases      ] GC(88)   Post Evacuate Collection Set: 1.0ms
[34.498s][info][gc,phases      ] GC(88)   Other: 0.6ms
[34.498s][info][gc,heap        ] GC(88) Eden regions: 122->0(76)
[34.498s][info][gc,heap        ] GC(88) Survivor regions: 18->11(18)
[34.498s][info][gc,heap        ] GC(88) Old regions: 268->286
[34.498s][info][gc,heap        ] GC(88) Humongous regions: 145->145
[34.498s][info][gc,metaspace   ] GC(88) Metaspace: 63157K->63157K(1105920K)
[34.498s][info][gc             ] GC(88) Pause Young (Normal) (G1 Evacuation Pause) 551M->439M(1363M) 101.051ms
[34.498s][info][gc,cpu         ] GC(88) User=0.10s Sys=0.00s Real=0.11s
[34.671s][info][gc,start       ] GC(89) Pause Young (Normal) (G1 Evacuation Pause)
[34.671s][info][gc,task        ] GC(89) Using 1 workers of 1 for evacuation
[34.716s][info][gc,phases      ] GC(89)   Pre Evacuate Collection Set: 0.1ms
[34.716s][info][gc,phases      ] GC(89)   Evacuate Collection Set: 44.6ms
[34.716s][info][gc,phases      ] GC(89)   Post Evacuate Collection Set: 0.3ms
[34.716s][info][gc,phases      ] GC(89)   Other: 0.2ms
[34.716s][info][gc,heap        ] GC(89) Eden regions: 76->0(130)
[34.716s][info][gc,heap        ] GC(89) Survivor regions: 11->6(11)
[34.716s][info][gc,heap        ] GC(89) Old regions: 286->295
[34.716s][info][gc,heap        ] GC(89) Humongous regions: 145->145
[34.716s][info][gc,metaspace   ] GC(89) Metaspace: 63158K->63158K(1105920K)
[34.716s][info][gc             ] GC(89) Pause Young (Normal) (G1 Evacuation Pause) 515M->444M(1363M) 45.248ms
[34.716s][info][gc,cpu         ] GC(89) User=0.05s Sys=0.00s Real=0.04s
[35.061s][info][gc,start       ] GC(90) Pause Young (Normal) (G1 Evacuation Pause)
[35.062s][info][gc,task        ] GC(90) Using 1 workers of 1 for evacuation
[35.164s][info][gc,phases      ] GC(90)   Pre Evacuate Collection Set: 0.1ms
[35.164s][info][gc,phases      ] GC(90)   Evacuate Collection Set: 98.9ms
[35.164s][info][gc,phases      ] GC(90)   Post Evacuate Collection Set: 3.0ms
[35.165s][info][gc,phases      ] GC(90)   Other: 1.0ms
[35.165s][info][gc,heap        ] GC(90) Eden regions: 130->0(62)
[35.165s][info][gc,heap        ] GC(90) Survivor regions: 6->12(17)
[35.165s][info][gc,heap        ] GC(90) Old regions: 295->295
[35.165s][info][gc,heap        ] GC(90) Humongous regions: 154->154
[35.165s][info][gc,metaspace   ] GC(90) Metaspace: 63158K->63158K(1105920K)
[35.165s][info][gc             ] GC(90) Pause Young (Normal) (G1 Evacuation Pause) 583M->459M(1491M) 103.228ms
[35.165s][info][gc,cpu         ] GC(90) User=0.10s Sys=0.00s Real=0.10s
[35.378s][info][gc,start       ] GC(91) Pause Young (Normal) (G1 Evacuation Pause)
[35.378s][info][gc,task        ] GC(91) Using 1 workers of 1 for evacuation
[35.444s][info][gc,phases      ] GC(91)   Pre Evacuate Collection Set: 0.1ms
[35.444s][info][gc,phases      ] GC(91)   Evacuate Collection Set: 64.7ms
[35.444s][info][gc,phases      ] GC(91)   Post Evacuate Collection Set: 0.4ms
[35.444s][info][gc,phases      ] GC(91)   Other: 0.3ms
[35.444s][info][gc,heap        ] GC(91) Eden regions: 62->0(70)
[35.444s][info][gc,heap        ] GC(91) Survivor regions: 12->4(10)
[35.444s][info][gc,heap        ] GC(91) Old regions: 295->307
[35.444s][info][gc,heap        ] GC(91) Humongous regions: 154->154
[35.444s][info][gc,metaspace   ] GC(91) Metaspace: 63158K->63158K(1105920K)
[35.444s][info][gc             ] GC(91) Pause Young (Normal) (G1 Evacuation Pause) 521M->463M(1491M) 65.587ms
[35.444s][info][gc,cpu         ] GC(91) User=0.07s Sys=0.00s Real=0.06s
[36.601s][info][gc,start       ] GC(92) Pause Young (Normal) (G1 Evacuation Pause)
[36.601s][info][gc,task        ] GC(92) Using 1 workers of 1 for evacuation
[36.726s][info][gc,phases      ] GC(92)   Pre Evacuate Collection Set: 0.1ms
[36.726s][info][gc,phases      ] GC(92)   Evacuate Collection Set: 124.7ms
[36.726s][info][gc,phases      ] GC(92)   Post Evacuate Collection Set: 0.7ms
[36.726s][info][gc,phases      ] GC(92)   Other: 0.3ms
[36.726s][info][gc,heap        ] GC(92) Eden regions: 70->0(64)
[36.726s][info][gc,heap        ] GC(92) Survivor regions: 4->10(10)
[36.727s][info][gc,heap        ] GC(92) Old regions: 307->312
[36.727s][info][gc,heap        ] GC(92) Humongous regions: 175->170
[36.727s][info][gc,metaspace   ] GC(92) Metaspace: 63214K->63214K(1105920K)
[36.727s][info][gc             ] GC(92) Pause Young (Normal) (G1 Evacuation Pause) 554M->490M(1491M) 125.892ms
[36.727s][info][gc,cpu         ] GC(92) User=0.12s Sys=0.00s Real=0.13s
[37.013s][info][gc,start       ] GC(93) Pause Young (Normal) (G1 Evacuation Pause)
[37.013s][info][gc,task        ] GC(93) Using 1 workers of 1 for evacuation
[37.114s][info][gc,phases      ] GC(93)   Pre Evacuate Collection Set: 0.1ms
[37.114s][info][gc,phases      ] GC(93)   Evacuate Collection Set: 101.1ms
[37.114s][info][gc,phases      ] GC(93)   Post Evacuate Collection Set: 0.4ms
[37.114s][info][gc,phases      ] GC(93)   Other: 0.3ms
[37.114s][info][gc,heap        ] GC(93) Eden regions: 64->0(64)
[37.114s][info][gc,heap        ] GC(93) Survivor regions: 10->10(10)
[37.114s][info][gc,heap        ] GC(93) Old regions: 312->334
[37.114s][info][gc,heap        ] GC(93) Humongous regions: 181->181
[37.114s][info][gc,metaspace   ] GC(93) Metaspace: 63219K->63219K(1105920K)
[37.115s][info][gc             ] GC(93) Pause Young (Normal) (G1 Evacuation Pause) 565M->523M(1491M) 101.959ms
[37.115s][info][gc,cpu         ] GC(93) User=0.09s Sys=0.01s Real=0.10s
[37.337s][info][gc,start       ] GC(94) Pause Young (Normal) (G1 Evacuation Pause)
[37.337s][info][gc,task        ] GC(94) Using 1 workers of 1 for evacuation
[37.428s][info][gc,phases      ] GC(94)   Pre Evacuate Collection Set: 0.1ms
[37.428s][info][gc,phases      ] GC(94)   Evacuate Collection Set: 89.4ms
[37.428s][info][gc,phases      ] GC(94)   Post Evacuate Collection Set: 1.2ms
[37.428s][info][gc,phases      ] GC(94)   Other: 0.3ms
[37.428s][info][gc,heap        ] GC(94) Eden regions: 64->0(70)
[37.428s][info][gc,heap        ] GC(94) Survivor regions: 10->9(10)
[37.428s][info][gc,heap        ] GC(94) Old regions: 334->344
[37.428s][info][gc,heap        ] GC(94) Humongous regions: 184->184
[37.428s][info][gc,metaspace   ] GC(94) Metaspace: 63219K->63219K(1105920K)
[37.428s][info][gc             ] GC(94) Pause Young (Normal) (G1 Evacuation Pause) 590M->535M(1595M) 90.983ms
[37.428s][info][gc,cpu         ] GC(94) User=0.09s Sys=0.00s Real=0.10s
[37.636s][info][gc,start       ] GC(95) Pause Young (Normal) (G1 Evacuation Pause)
[37.636s][info][gc,task        ] GC(95) Using 1 workers of 1 for evacuation
[37.693s][info][gc,phases      ] GC(95)   Pre Evacuate Collection Set: 0.1ms
[37.693s][info][gc,phases      ] GC(95)   Evacuate Collection Set: 56.6ms
[37.693s][info][gc,phases      ] GC(95)   Post Evacuate Collection Set: 0.3ms
[37.693s][info][gc,phases      ] GC(95)   Other: 0.4ms
[37.693s][info][gc,heap        ] GC(95) Eden regions: 70->0(72)
[37.693s][info][gc,heap        ] GC(95) Survivor regions: 9->7(10)
[37.693s][info][gc,heap        ] GC(95) Old regions: 344->352
[37.693s][info][gc,heap        ] GC(95) Humongous regions: 187->187
[37.693s][info][gc,metaspace   ] GC(95) Metaspace: 63219K->63219K(1105920K)
[37.693s][info][gc             ] GC(95) Pause Young (Normal) (G1 Evacuation Pause) 608M->544M(1595M) 57.490ms
[37.693s][info][gc,cpu         ] GC(95) User=0.05s Sys=0.01s Real=0.06s
[37.862s][info][gc,start       ] GC(96) Pause Young (Normal) (G1 Evacuation Pause)
[37.862s][info][gc,task        ] GC(96) Using 1 workers of 1 for evacuation
[37.908s][info][gc,phases      ] GC(96)   Pre Evacuate Collection Set: 0.1ms
[37.908s][info][gc,phases      ] GC(96)   Evacuate Collection Set: 44.7ms
[37.908s][info][gc,phases      ] GC(96)   Post Evacuate Collection Set: 0.4ms
[37.908s][info][gc,phases      ] GC(96)   Other: 0.3ms
[37.908s][info][gc,heap        ] GC(96) Eden regions: 72->0(84)
[37.908s][info][gc,heap        ] GC(96) Survivor regions: 7->7(10)
[37.908s][info][gc,heap        ] GC(96) Old regions: 352->359
[37.908s][info][gc,heap        ] GC(96) Humongous regions: 192->192
[37.908s][info][gc,metaspace   ] GC(96) Metaspace: 63219K->63219K(1105920K)
[37.908s][info][gc             ] GC(96) Pause Young (Normal) (G1 Evacuation Pause) 621M->556M(1595M) 45.509ms
[37.908s][info][gc,cpu         ] GC(96) User=0.05s Sys=0.00s Real=0.05s
[38.131s][info][gc,start       ] GC(97) Pause Young (Normal) (G1 Evacuation Pause)
[38.131s][info][gc,task        ] GC(97) Using 1 workers of 1 for evacuation
[38.177s][info][gc,phases      ] GC(97)   Pre Evacuate Collection Set: 0.1ms
[38.177s][info][gc,phases      ] GC(97)   Evacuate Collection Set: 45.2ms
[38.177s][info][gc,phases      ] GC(97)   Post Evacuate Collection Set: 0.3ms
[38.177s][info][gc,phases      ] GC(97)   Other: 0.3ms
[38.177s][info][gc,heap        ] GC(97) Eden regions: 84->0(102)
[38.177s][info][gc,heap        ] GC(97) Survivor regions: 7->6(12)
[38.177s][info][gc,heap        ] GC(97) Old regions: 359->364
[38.177s][info][gc,heap        ] GC(97) Humongous regions: 192->192
[38.177s][info][gc,metaspace   ] GC(97) Metaspace: 63219K->63219K(1105920K)
[38.177s][info][gc             ] GC(97) Pause Young (Normal) (G1 Evacuation Pause) 640M->560M(1595M) 45.950ms
[38.177s][info][gc,cpu         ] GC(97) User=0.05s Sys=0.00s Real=0.04s
[38.474s][info][gc,start       ] GC(98) Pause Young (Normal) (G1 Evacuation Pause)
[38.474s][info][gc,task        ] GC(98) Using 1 workers of 1 for evacuation
[38.530s][info][gc,phases      ] GC(98)   Pre Evacuate Collection Set: 0.1ms
[38.530s][info][gc,phases      ] GC(98)   Evacuate Collection Set: 54.4ms
[38.530s][info][gc,phases      ] GC(98)   Post Evacuate Collection Set: 0.9ms
[38.530s][info][gc,phases      ] GC(98)   Other: 0.3ms
[38.530s][info][gc,heap        ] GC(98) Eden regions: 102->0(78)
[38.530s][info][gc,heap        ] GC(98) Survivor regions: 6->11(14)
[38.530s][info][gc,heap        ] GC(98) Old regions: 364->364
[38.530s][info][gc,heap        ] GC(98) Humongous regions: 201->201
[38.530s][info][gc,metaspace   ] GC(98) Metaspace: 63219K->63219K(1105920K)
[38.530s][info][gc             ] GC(98) Pause Young (Normal) (G1 Evacuation Pause) 671M->574M(1650M) 55.791ms
[38.530s][info][gc,cpu         ] GC(98) User=0.06s Sys=0.00s Real=0.06s
[39.202s][info][gc,start       ] GC(99) Pause Young (Normal) (G1 Evacuation Pause)
[39.202s][info][gc,task        ] GC(99) Using 1 workers of 1 for evacuation
[39.296s][info][gc,phases      ] GC(99)   Pre Evacuate Collection Set: 0.1ms
[39.296s][info][gc,phases      ] GC(99)   Evacuate Collection Set: 92.4ms
[39.296s][info][gc,phases      ] GC(99)   Post Evacuate Collection Set: 0.6ms
[39.296s][info][gc,phases      ] GC(99)   Other: 0.4ms
[39.296s][info][gc,heap        ] GC(99) Eden regions: 78->0(86)
[39.296s][info][gc,heap        ] GC(99) Survivor regions: 11->6(12)
[39.296s][info][gc,heap        ] GC(99) Old regions: 364->375
[39.296s][info][gc,heap        ] GC(99) Humongous regions: 209->209
[39.296s][info][gc,metaspace   ] GC(99) Metaspace: 63244K->63244K(1105920K)
[39.296s][info][gc             ] GC(99) Pause Young (Normal) (G1 Evacuation Pause) 660M->588M(1650M) 93.507ms
[39.296s][info][gc,cpu         ] GC(99) User=0.09s Sys=0.00s Real=0.09s
[39.688s][info][gc,start       ] GC(100) Pause Young (Normal) (G1 Evacuation Pause)
[39.688s][info][gc,task        ] GC(100) Using 1 workers of 1 for evacuation
[39.823s][info][gc,phases      ] GC(100)   Pre Evacuate Collection Set: 0.1ms
[39.824s][info][gc,phases      ] GC(100)   Evacuate Collection Set: 134.5ms
[39.824s][info][gc,phases      ] GC(100)   Post Evacuate Collection Set: 0.6ms
[39.824s][info][gc,phases      ] GC(100)   Other: 0.3ms
[39.824s][info][gc,heap        ] GC(100) Eden regions: 86->0(70)
[39.824s][info][gc,heap        ] GC(100) Survivor regions: 6->12(12)
[39.824s][info][gc,heap        ] GC(100) Old regions: 375->399
[39.824s][info][gc,heap        ] GC(100) Humongous regions: 228->228
[39.824s][info][gc,metaspace   ] GC(100) Metaspace: 63247K->63247K(1105920K)
[39.824s][info][gc             ] GC(100) Pause Young (Normal) (G1 Evacuation Pause) 693M->637M(1650M) 135.601ms
[39.824s][info][gc,cpu         ] GC(100) User=0.12s Sys=0.01s Real=0.13s
[40.105s][info][gc,start       ] GC(101) Pause Young (Normal) (G1 Evacuation Pause)
[40.106s][info][gc,task        ] GC(101) Using 1 workers of 1 for evacuation
[40.214s][info][gc,phases      ] GC(101)   Pre Evacuate Collection Set: 0.1ms
[40.215s][info][gc,phases      ] GC(101)   Evacuate Collection Set: 107.8ms
[40.215s][info][gc,phases      ] GC(101)   Post Evacuate Collection Set: 0.8ms
[40.215s][info][gc,phases      ] GC(101)   Other: 0.7ms
[40.215s][info][gc,heap        ] GC(101) Eden regions: 70->0(73)
[40.215s][info][gc,heap        ] GC(101) Survivor regions: 12->9(11)
[40.215s][info][gc,heap        ] GC(101) Old regions: 399->411
[40.215s][info][gc,heap        ] GC(101) Humongous regions: 231->231
[40.215s][info][gc,metaspace   ] GC(101) Metaspace: 63249K->63249K(1105920K)
[40.215s][info][gc             ] GC(101) Pause Young (Normal) (G1 Evacuation Pause) 710M->649M(1650M) 109.557ms
[40.215s][info][gc,cpu         ] GC(101) User=0.11s Sys=0.00s Real=0.11s
[40.389s][info][gc,start       ] GC(102) Pause Young (Normal) (G1 Evacuation Pause)
[40.389s][info][gc,task        ] GC(102) Using 1 workers of 1 for evacuation
[40.450s][info][gc,phases      ] GC(102)   Pre Evacuate Collection Set: 0.1ms
[40.450s][info][gc,phases      ] GC(102)   Evacuate Collection Set: 60.0ms
[40.450s][info][gc,phases      ] GC(102)   Post Evacuate Collection Set: 0.7ms
[40.450s][info][gc,phases      ] GC(102)   Other: 0.2ms
[40.450s][info][gc,heap        ] GC(102) Eden regions: 73->0(78)
[40.450s][info][gc,heap        ] GC(102) Survivor regions: 9->8(11)
[40.450s][info][gc,heap        ] GC(102) Old regions: 411->420
[40.450s][info][gc,heap        ] GC(102) Humongous regions: 234->234
[40.450s][info][gc,metaspace   ] GC(102) Metaspace: 63249K->63249K(1105920K)
[40.450s][info][gc             ] GC(102) Pause Young (Normal) (G1 Evacuation Pause) 725M->659M(1731M) 61.112ms
[40.450s][info][gc,cpu         ] GC(102) User=0.05s Sys=0.00s Real=0.06s
[40.692s][info][gc,start       ] GC(103) Pause Young (Normal) (G1 Evacuation Pause)
[40.692s][info][gc,task        ] GC(103) Using 1 workers of 1 for evacuation
[40.759s][info][gc,phases      ] GC(103)   Pre Evacuate Collection Set: 0.1ms
[40.759s][info][gc,phases      ] GC(103)   Evacuate Collection Set: 66.2ms
[40.759s][info][gc,phases      ] GC(103)   Post Evacuate Collection Set: 0.5ms
[40.759s][info][gc,phases      ] GC(103)   Other: 0.3ms
[40.759s][info][gc,heap        ] GC(103) Eden regions: 78->0(82)
[40.759s][info][gc,heap        ] GC(103) Survivor regions: 8->7(11)
[40.759s][info][gc,heap        ] GC(103) Old regions: 420->427
[40.759s][info][gc,heap        ] GC(103) Humongous regions: 239->239
[40.759s][info][gc,metaspace   ] GC(103) Metaspace: 63249K->63249K(1105920K)
[40.759s][info][gc             ] GC(103) Pause Young (Normal) (G1 Evacuation Pause) 742M->670M(1731M) 67.193ms
[40.759s][info][gc,cpu         ] GC(103) User=0.06s Sys=0.00s Real=0.07s
[40.983s][info][gc,start       ] GC(104) Pause Young (Normal) (G1 Evacuation Pause)
[40.983s][info][gc,task        ] GC(104) Using 1 workers of 1 for evacuation
[41.021s][info][gc,phases      ] GC(104)   Pre Evacuate Collection Set: 0.1ms
[41.021s][info][gc,phases      ] GC(104)   Evacuate Collection Set: 38.0ms
[41.021s][info][gc,phases      ] GC(104)   Post Evacuate Collection Set: 0.5ms
[41.022s][info][gc,phases      ] GC(104)   Other: 0.4ms
[41.022s][info][gc,heap        ] GC(104) Eden regions: 82->0(108)
[41.022s][info][gc,heap        ] GC(104) Survivor regions: 7->6(12)
[41.022s][info][gc,heap        ] GC(104) Old regions: 427->432
[41.022s][info][gc,heap        ] GC(104) Humongous regions: 239->239
[41.022s][info][gc,metaspace   ] GC(104) Metaspace: 63249K->63249K(1105920K)
[41.022s][info][gc             ] GC(104) Pause Young (Normal) (G1 Evacuation Pause) 752M->675M(1731M) 38.979ms
[41.022s][info][gc,cpu         ] GC(104) User=0.04s Sys=0.00s Real=0.04s
[41.337s][info][gc,start       ] GC(105) Pause Young (Normal) (G1 Evacuation Pause)
[41.337s][info][gc,task        ] GC(105) Using 1 workers of 1 for evacuation
[41.390s][info][gc,phases      ] GC(105)   Pre Evacuate Collection Set: 0.1ms
[41.390s][info][gc,phases      ] GC(105)   Evacuate Collection Set: 52.1ms
[41.390s][info][gc,phases      ] GC(105)   Post Evacuate Collection Set: 0.6ms
[41.390s][info][gc,phases      ] GC(105)   Other: 0.3ms
[41.390s][info][gc,heap        ] GC(105) Eden regions: 108->0(85)
[41.390s][info][gc,heap        ] GC(105) Survivor regions: 6->12(15)
[41.390s][info][gc,heap        ] GC(105) Old regions: 432->432
[41.390s][info][gc,heap        ] GC(105) Humongous regions: 248->248
[41.390s][info][gc,metaspace   ] GC(105) Metaspace: 63249K->63249K(1105920K)
[41.390s][info][gc             ] GC(105) Pause Young (Normal) (G1 Evacuation Pause) 792M->690M(1731M) 53.151ms
[41.390s][info][gc,cpu         ] GC(105) User=0.05s Sys=0.00s Real=0.06s
[42.048s][info][gc,start       ] GC(106) Pause Young (Normal) (G1 Evacuation Pause)
[42.048s][info][gc,task        ] GC(106) Using 1 workers of 1 for evacuation
[42.141s][info][gc,phases      ] GC(106)   Pre Evacuate Collection Set: 0.1ms
[42.141s][info][gc,phases      ] GC(106)   Evacuate Collection Set: 92.0ms
[42.141s][info][gc,phases      ] GC(106)   Post Evacuate Collection Set: 0.9ms
[42.141s][info][gc,phases      ] GC(106)   Other: 0.4ms
[42.141s][info][gc,heap        ] GC(106) Eden regions: 74->0(101)
[42.141s][info][gc,heap        ] GC(106) Survivor regions: 12->10(11)
[42.141s][info][gc,heap        ] GC(106) Old regions: 432->443
[42.141s][info][gc,heap        ] GC(106) Humongous regions: 259->259
[42.141s][info][gc,metaspace   ] GC(106) Metaspace: 63306K->63306K(1105920K)
[42.141s][info][gc             ] GC(106) Pause Young (Normal) (G1 Evacuation Pause) 775M->710M(1782M) 93.458ms
[42.141s][info][gc,cpu         ] GC(106) User=0.10s Sys=0.00s Real=0.09s
[42.539s][info][gc,start       ] GC(107) Pause Young (Normal) (G1 Evacuation Pause)
[42.539s][info][gc,task        ] GC(107) Using 1 workers of 1 for evacuation
[42.656s][info][gc,phases      ] GC(107)   Pre Evacuate Collection Set: 0.1ms
[42.656s][info][gc,phases      ] GC(107)   Evacuate Collection Set: 116.5ms
[42.656s][info][gc,phases      ] GC(107)   Post Evacuate Collection Set: 0.5ms
[42.656s][info][gc,phases      ] GC(107)   Other: 0.3ms
[42.656s][info][gc,heap        ] GC(107) Eden regions: 101->0(100)
[42.656s][info][gc,heap        ] GC(107) Survivor regions: 10->14(14)
[42.656s][info][gc,heap        ] GC(107) Old regions: 443->468
[42.656s][info][gc,heap        ] GC(107) Humongous regions: 275->275
[42.656s][info][gc,metaspace   ] GC(107) Metaspace: 63318K->63318K(1105920K)
[42.656s][info][gc             ] GC(107) Pause Young (Normal) (G1 Evacuation Pause) 827M->755M(1782M) 117.567ms
[42.656s][info][gc,cpu         ] GC(107) User=0.11s Sys=0.00s Real=0.11s
[42.886s][info][gc,start       ] GC(108) Pause Young (Normal) (G1 Evacuation Pause)
[42.886s][info][gc,task        ] GC(108) Using 1 workers of 1 for evacuation
[42.955s][info][gc,phases      ] GC(108)   Pre Evacuate Collection Set: 0.1ms
[42.955s][info][gc,phases      ] GC(108)   Evacuate Collection Set: 68.9ms
[42.955s][info][gc,phases      ] GC(108)   Post Evacuate Collection Set: 0.4ms
[42.955s][info][gc,phases      ] GC(108)   Other: 0.3ms
[42.955s][info][gc,heap        ] GC(108) Eden regions: 100->0(94)
[42.955s][info][gc,heap        ] GC(108) Survivor regions: 14->11(15)
[42.955s][info][gc,heap        ] GC(108) Old regions: 468->482
[42.955s][info][gc,heap        ] GC(108) Humongous regions: 281->281
[42.955s][info][gc,metaspace   ] GC(108) Metaspace: 63319K->63319K(1105920K)
[42.955s][info][gc             ] GC(108) Pause Young (Normal) (G1 Evacuation Pause) 861M->771M(1782M) 69.766ms
[42.955s][info][gc,cpu         ] GC(108) User=0.07s Sys=0.00s Real=0.06s
[43.363s][info][gc,start       ] GC(109) Pause Young (Normal) (G1 Evacuation Pause)
[43.363s][info][gc,task        ] GC(109) Using 1 workers of 1 for evacuation
[43.494s][info][gc,phases      ] GC(109)   Pre Evacuate Collection Set: 0.1ms
[43.494s][info][gc,phases      ] GC(109)   Evacuate Collection Set: 129.6ms
[43.494s][info][gc,phases      ] GC(109)   Post Evacuate Collection Set: 0.4ms
[43.494s][info][gc,phases      ] GC(109)   Other: 0.3ms
[43.494s][info][gc,heap        ] GC(109) Eden regions: 94->0(85)
[43.494s][info][gc,heap        ] GC(109) Survivor regions: 11->8(14)
[43.494s][info][gc,heap        ] GC(109) Old regions: 482->492
[43.494s][info][gc,heap        ] GC(109) Humongous regions: 286->286
[43.494s][info][gc,metaspace   ] GC(109) Metaspace: 63319K->63319K(1105920K)
[43.494s][info][gc             ] GC(109) Pause Young (Normal) (G1 Evacuation Pause) 870M->784M(1782M) 130.576ms
[43.494s][info][gc,cpu         ] GC(109) User=0.06s Sys=0.00s Real=0.13s
[43.953s][info][gc,start       ] GC(110) Pause Young (Normal) (G1 Evacuation Pause)
[43.954s][info][gc,task        ] GC(110) Using 1 workers of 1 for evacuation
[44.046s][info][gc,phases      ] GC(110)   Pre Evacuate Collection Set: 0.1ms
[44.046s][info][gc,phases      ] GC(110)   Evacuate Collection Set: 87.2ms
[44.046s][info][gc,phases      ] GC(110)   Post Evacuate Collection Set: 4.7ms
[44.046s][info][gc,phases      ] GC(110)   Other: 0.3ms
[44.046s][info][gc,heap        ] GC(110) Eden regions: 85->0(95)
[44.046s][info][gc,heap        ] GC(110) Survivor regions: 8->6(12)
[44.046s][info][gc,heap        ] GC(110) Old regions: 492->499
[44.046s][info][gc,heap        ] GC(110) Humongous regions: 286->286
[44.046s][info][gc,metaspace   ] GC(110) Metaspace: 63319K->63319K(1105920K)
[44.046s][info][gc             ] GC(110) Pause Young (Normal) (G1 Evacuation Pause) 869M->789M(1839M) 92.381ms
[44.046s][info][gc,cpu         ] GC(110) User=0.04s Sys=0.00s Real=0.10s
[44.531s][info][gc,start       ] GC(111) Pause Young (Normal) (G1 Evacuation Pause)
[44.531s][info][gc,task        ] GC(111) Using 1 workers of 1 for evacuation
[44.592s][info][gc,phases      ] GC(111)   Pre Evacuate Collection Set: 0.1ms
[44.592s][info][gc,phases      ] GC(111)   Evacuate Collection Set: 59.5ms
[44.592s][info][gc,phases      ] GC(111)   Post Evacuate Collection Set: 0.7ms
[44.592s][info][gc,phases      ] GC(111)   Other: 0.4ms
[44.592s][info][gc,heap        ] GC(111) Eden regions: 95->0(85)
[44.592s][info][gc,heap        ] GC(111) Survivor regions: 6->11(13)
[44.592s][info][gc,heap        ] GC(111) Old regions: 499->499
[44.592s][info][gc,heap        ] GC(111) Humongous regions: 295->295
[44.592s][info][gc,metaspace   ] GC(111) Metaspace: 63319K->63319K(1105920K)
[44.592s][info][gc             ] GC(111) Pause Young (Normal) (G1 Evacuation Pause) 893M->803M(1839M) 60.763ms
[44.592s][info][gc,cpu         ] GC(111) User=0.06s Sys=0.00s Real=0.06s
[46.042s][info][gc,start       ] GC(112) Pause Young (Normal) (G1 Evacuation Pause)
[46.042s][info][gc,task        ] GC(112) Using 1 workers of 1 for evacuation
[46.251s][info][gc,mmu         ] GC(112) MMU target violated: 201.0ms (200.0ms/201.0ms)
[46.254s][info][gc,phases      ] GC(112)   Pre Evacuate Collection Set: 0.1ms
[46.254s][info][gc,phases      ] GC(112)   Evacuate Collection Set: 207.9ms
[46.254s][info][gc,phases      ] GC(112)   Post Evacuate Collection Set: 0.7ms
[46.254s][info][gc,phases      ] GC(112)   Other: 3.0ms
[46.254s][info][gc,heap        ] GC(112) Eden regions: 80->0(83)
[46.254s][info][gc,heap        ] GC(112) Survivor regions: 11->8(12)
[46.254s][info][gc,heap        ] GC(112) Old regions: 499->509
[46.254s][info][gc,heap        ] GC(112) Humongous regions: 311->306
[46.254s][info][gc,metaspace   ] GC(112) Metaspace: 63391K->63391K(1105920K)
[46.254s][info][gc             ] GC(112) Pause Young (Normal) (G1 Evacuation Pause) 899M->821M(1839M) 211.804ms
[46.254s][info][gc,cpu         ] GC(112) User=0.11s Sys=0.00s Real=0.21s
[47.194s][info][gc,start       ] GC(113) Pause Young (Concurrent Start) (G1 Humongous Allocation)
[47.194s][info][gc,task        ] GC(113) Using 1 workers of 1 for evacuation
[47.410s][info][gc,mmu         ] GC(113) MMU target violated: 201.0ms (200.0ms/201.0ms)
[47.410s][info][gc,phases      ] GC(113)   Pre Evacuate Collection Set: 0.4ms
[47.410s][info][gc,phases      ] GC(113)   Evacuate Collection Set: 214.6ms
[47.410s][info][gc,phases      ] GC(113)   Post Evacuate Collection Set: 0.6ms
[47.410s][info][gc,phases      ] GC(113)   Other: 0.6ms
[47.410s][info][gc,heap        ] GC(113) Eden regions: 78->0(97)
[47.410s][info][gc,heap        ] GC(113) Survivor regions: 8->12(12)
[47.410s][info][gc,heap        ] GC(113) Old regions: 509->520
[47.410s][info][gc,heap        ] GC(113) Humongous regions: 317->317
[47.410s][info][gc,metaspace   ] GC(113) Metaspace: 63409K->63409K(1105920K)
[47.410s][info][gc             ] GC(113) Pause Young (Concurrent Start) (G1 Humongous Allocation) 910M->847M(1839M) 216.190ms
[47.410s][info][gc,cpu         ] GC(113) User=0.11s Sys=0.00s Real=0.22s
[47.410s][info][gc             ] GC(114) Concurrent Cycle
[47.410s][info][gc,marking     ] GC(114) Concurrent Clear Claimed Marks
[47.410s][info][gc,marking     ] GC(114) Concurrent Clear Claimed Marks 0.350ms
[47.410s][info][gc,marking     ] GC(114) Concurrent Scan Root Regions
[47.466s][info][gc,marking     ] GC(114) Concurrent Scan Root Regions 55.417ms
[47.466s][info][gc,marking     ] GC(114) Concurrent Mark (47.466s)
[47.466s][info][gc,marking     ] GC(114) Concurrent Mark From Roots
[47.466s][info][gc,task        ] GC(114) Using 1 workers of 1 for marking
[48.391s][info][gc,marking     ] GC(114) Concurrent Mark From Roots 925.685ms
[48.392s][info][gc,marking     ] GC(114) Concurrent Preclean
[48.392s][info][gc,marking     ] GC(114) Concurrent Preclean 0.087ms
[48.392s][info][gc,marking     ] GC(114) Concurrent Mark (47.466s, 48.392s) 925.974ms
[48.395s][info][gc,start       ] GC(114) Pause Remark
[48.427s][info][gc,stringtable ] GC(114) Cleaned string and symbol table, strings: 22676 processed, 216 removed, symbols: 137126 processed, 14 removed
[48.428s][info][gc             ] GC(114) Pause Remark 905M->286M(1839M) 33.566ms
[48.428s][info][gc,cpu         ] GC(114) User=0.01s Sys=0.01s Real=0.04s
[48.429s][info][gc,marking     ] GC(114) Concurrent Rebuild Remembered Sets
[49.531s][info][gc,marking     ] GC(114) Concurrent Rebuild Remembered Sets 1102.255ms
[49.541s][info][gc,start       ] GC(114) Pause Cleanup
[49.541s][info][gc             ] GC(114) Pause Cleanup 318M->318M(1839M) 0.438ms
[49.541s][info][gc,cpu         ] GC(114) User=0.00s Sys=0.00s Real=0.00s
[49.541s][info][gc,marking     ] GC(114) Concurrent Cleanup for Next Mark
[49.565s][info][gc,marking     ] GC(114) Concurrent Cleanup for Next Mark 23.861ms
[49.565s][info][gc             ] GC(114) Concurrent Cycle 2155.233ms
[49.600s][info][gc,start       ] GC(115) Pause Young (Normal) (G1 Evacuation Pause)
[49.600s][info][gc,task        ] GC(115) Using 1 workers of 1 for evacuation
[49.743s][info][gc,phases      ] GC(115)   Pre Evacuate Collection Set: 0.2ms
[49.743s][info][gc,phases      ] GC(115)   Evacuate Collection Set: 141.8ms
[49.743s][info][gc,phases      ] GC(115)   Post Evacuate Collection Set: 0.9ms
[49.743s][info][gc,phases      ] GC(115)   Other: 0.3ms
[49.743s][info][gc,heap        ] GC(115) Eden regions: 79->0(82)
[49.743s][info][gc,heap        ] GC(115) Survivor regions: 12->12(12)
[49.743s][info][gc,heap        ] GC(115) Old regions: 206->213
[49.743s][info][gc,heap        ] GC(115) Humongous regions: 28->28
[49.743s][info][gc,metaspace   ] GC(115) Metaspace: 63649K->63649K(1105920K)
[49.743s][info][gc             ] GC(115) Pause Young (Normal) (G1 Evacuation Pause) 323M->251M(1886M) 143.324ms
[49.743s][info][gc,cpu         ] GC(115) User=0.08s Sys=0.00s Real=0.14s
[51.026s][info][gc,start       ] GC(116) Pause Young (Normal) (G1 Evacuation Pause)
[51.027s][info][gc,task        ] GC(116) Using 1 workers of 1 for evacuation
[51.154s][info][gc,phases      ] GC(116)   Pre Evacuate Collection Set: 0.1ms
[51.154s][info][gc,phases      ] GC(116)   Evacuate Collection Set: 125.7ms
[51.154s][info][gc,phases      ] GC(116)   Post Evacuate Collection Set: 1.0ms
[51.154s][info][gc,phases      ] GC(116)   Other: 0.4ms
[51.154s][info][gc,heap        ] GC(116) Eden regions: 82->0(82)
[51.154s][info][gc,heap        ] GC(116) Survivor regions: 12->12(12)
[51.154s][info][gc,heap        ] GC(116) Old regions: 213->225
[51.154s][info][gc,heap        ] GC(116) Humongous regions: 44->39
[51.154s][info][gc,metaspace   ] GC(116) Metaspace: 64043K->64043K(1105920K)
[51.154s][info][gc             ] GC(116) Pause Young (Normal) (G1 Evacuation Pause) 349M->274M(1886M) 127.475ms
[51.154s][info][gc,cpu         ] GC(116) User=0.08s Sys=0.00s Real=0.12s
[51.716s][info][gc,start       ] GC(117) Pause Young (Normal) (G1 Evacuation Pause)
[51.717s][info][gc,task        ] GC(117) Using 1 workers of 1 for evacuation
[51.822s][info][gc,phases      ] GC(117)   Pre Evacuate Collection Set: 0.1ms
[51.822s][info][gc,phases      ] GC(117)   Evacuate Collection Set: 104.7ms
[51.822s][info][gc,phases      ] GC(117)   Post Evacuate Collection Set: 0.7ms
[51.822s][info][gc,phases      ] GC(117)   Other: 0.3ms
[51.822s][info][gc,heap        ] GC(117) Eden regions: 82->0(82)
[51.822s][info][gc,heap        ] GC(117) Survivor regions: 12->12(12)
[51.822s][info][gc,heap        ] GC(117) Old regions: 225->237
[51.822s][info][gc,heap        ] GC(117) Humongous regions: 50->50
[51.822s][info][gc,metaspace   ] GC(117) Metaspace: 64052K->64052K(1105920K)
[51.822s][info][gc             ] GC(117) Pause Young (Normal) (G1 Evacuation Pause) 367M->296M(1886M) 105.891ms
[51.822s][info][gc,cpu         ] GC(117) User=0.08s Sys=0.00s Real=0.11s
[52.354s][info][gc,start       ] GC(118) Pause Young (Normal) (G1 Evacuation Pause)
[52.355s][info][gc,task        ] GC(118) Using 1 workers of 1 for evacuation
[52.459s][info][gc,phases      ] GC(118)   Pre Evacuate Collection Set: 0.1ms
[52.459s][info][gc,phases      ] GC(118)   Evacuate Collection Set: 103.1ms
[52.459s][info][gc,phases      ] GC(118)   Post Evacuate Collection Set: 0.6ms
[52.459s][info][gc,phases      ] GC(118)   Other: 0.3ms
[52.459s][info][gc,heap        ] GC(118) Eden regions: 82->0(82)
[52.459s][info][gc,heap        ] GC(118) Survivor regions: 12->12(12)
[52.459s][info][gc,heap        ] GC(118) Old regions: 237->248
[52.459s][info][gc,heap        ] GC(118) Humongous regions: 61->61
[52.459s][info][gc,metaspace   ] GC(118) Metaspace: 64152K->64152K(1105920K)
[52.459s][info][gc             ] GC(118) Pause Young (Normal) (G1 Evacuation Pause) 389M->318M(1886M) 104.160ms
[52.459s][info][gc,cpu         ] GC(118) User=0.07s Sys=0.00s Real=0.11s
[54.157s][info][gc,start       ] GC(119) Pause Young (Normal) (G1 Evacuation Pause)
[54.157s][info][gc,task        ] GC(119) Using 1 workers of 1 for evacuation
[54.250s][info][gc,phases      ] GC(119)   Pre Evacuate Collection Set: 0.1ms
[54.251s][info][gc,phases      ] GC(119)   Evacuate Collection Set: 92.4ms
[54.251s][info][gc,phases      ] GC(119)   Post Evacuate Collection Set: 0.7ms
[54.251s][info][gc,phases      ] GC(119)   Other: 0.4ms
[54.251s][info][gc,heap        ] GC(119) Eden regions: 82->0(84)
[54.251s][info][gc,heap        ] GC(119) Survivor regions: 12->12(12)
[54.251s][info][gc,heap        ] GC(119) Old regions: 248->259
[54.251s][info][gc,heap        ] GC(119) Humongous regions: 77->72
[54.251s][info][gc,metaspace   ] GC(119) Metaspace: 64192K->64192K(1105920K)
[54.251s][info][gc             ] GC(119) Pause Young (Normal) (G1 Evacuation Pause) 416M->341M(1901M) 93.825ms
[54.251s][info][gc,cpu         ] GC(119) User=0.09s Sys=0.00s Real=0.10s
[55.270s][info][gc,start       ] GC(120) Pause Young (Normal) (G1 Evacuation Pause)
[55.270s][info][gc,task        ] GC(120) Using 1 workers of 1 for evacuation
[55.360s][info][gc,phases      ] GC(120)   Pre Evacuate Collection Set: 0.1ms
[55.360s][info][gc,phases      ] GC(120)   Evacuate Collection Set: 88.8ms
[55.360s][info][gc,phases      ] GC(120)   Post Evacuate Collection Set: 0.6ms
[55.360s][info][gc,phases      ] GC(120)   Other: 0.4ms
[55.360s][info][gc,heap        ] GC(120) Eden regions: 83->0(96)
[55.360s][info][gc,heap        ] GC(120) Survivor regions: 12->12(12)
[55.360s][info][gc,heap        ] GC(120) Old regions: 259->271
[55.360s][info][gc,heap        ] GC(120) Humongous regions: 83->83
[55.360s][info][gc,metaspace   ] GC(120) Metaspace: 64234K->64234K(1105920K)
[55.360s][info][gc             ] GC(120) Pause Young (Normal) (G1 Evacuation Pause) 435M->363M(1901M) 89.908ms
[55.360s][info][gc,cpu         ] GC(120) User=0.09s Sys=0.00s Real=0.09s
[56.101s][info][gc,start       ] GC(121) Pause Young (Normal) (G1 Evacuation Pause)
[56.102s][info][gc,task        ] GC(121) Using 1 workers of 1 for evacuation
[56.223s][info][gc,phases      ] GC(121)   Pre Evacuate Collection Set: 0.1ms
[56.223s][info][gc,phases      ] GC(121)   Evacuate Collection Set: 120.8ms
[56.223s][info][gc,phases      ] GC(121)   Post Evacuate Collection Set: 0.4ms
[56.223s][info][gc,phases      ] GC(121)   Other: 0.4ms
[56.223s][info][gc,heap        ] GC(121) Eden regions: 96->0(86)
[56.223s][info][gc,heap        ] GC(121) Survivor regions: 12->9(14)
[56.223s][info][gc,heap        ] GC(121) Old regions: 271->282
[56.223s][info][gc,heap        ] GC(121) Humongous regions: 89->89
[56.223s][info][gc,metaspace   ] GC(121) Metaspace: 64257K->64257K(1105920K)
[56.223s][info][gc             ] GC(121) Pause Young (Normal) (G1 Evacuation Pause) 465M->378M(1901M) 121.800ms
[56.223s][info][gc,cpu         ] GC(121) User=0.12s Sys=0.00s Real=0.12s
[56.821s][info][gc,start       ] GC(122) Pause Young (Normal) (G1 Evacuation Pause)
[56.821s][info][gc,task        ] GC(122) Using 1 workers of 1 for evacuation
[56.911s][info][gc,phases      ] GC(122)   Pre Evacuate Collection Set: 0.3ms
[56.911s][info][gc,phases      ] GC(122)   Evacuate Collection Set: 89.7ms
[56.911s][info][gc,phases      ] GC(122)   Post Evacuate Collection Set: 0.5ms
[56.912s][info][gc,phases      ] GC(122)   Other: 0.4ms
[56.912s][info][gc,heap        ] GC(122) Eden regions: 86->0(91)
[56.912s][info][gc,heap        ] GC(122) Survivor regions: 9->4(12)
[56.912s][info][gc,heap        ] GC(122) Old regions: 282->290
[56.912s][info][gc,heap        ] GC(122) Humongous regions: 99->94
[56.912s][info][gc,metaspace   ] GC(122) Metaspace: 64293K->64293K(1105920K)
[56.912s][info][gc             ] GC(122) Pause Young (Normal) (G1 Evacuation Pause) 474M->386M(1901M) 90.910ms
[56.912s][info][gc,cpu         ] GC(122) User=0.09s Sys=0.00s Real=0.09s
[57.842s][info][gc,start       ] GC(123) Pause Young (Normal) (G1 Evacuation Pause)
[57.842s][info][gc,task        ] GC(123) Using 1 workers of 1 for evacuation
[57.953s][info][gc,phases      ] GC(123)   Pre Evacuate Collection Set: 0.1ms
[57.953s][info][gc,phases      ] GC(123)   Evacuate Collection Set: 110.2ms
[57.953s][info][gc,phases      ] GC(123)   Post Evacuate Collection Set: 0.5ms
[57.953s][info][gc,phases      ] GC(123)   Other: 0.4ms
[57.953s][info][gc,heap        ] GC(123) Eden regions: 91->0(83)
[57.953s][info][gc,heap        ] GC(123) Survivor regions: 4->12(12)
[57.953s][info][gc,heap        ] GC(123) Old regions: 290->295
[57.953s][info][gc,heap        ] GC(123) Humongous regions: 97->97
[57.954s][info][gc,metaspace   ] GC(123) Metaspace: 64294K->64294K(1107968K)
[57.954s][info][gc             ] GC(123) Pause Young (Normal) (G1 Evacuation Pause) 480M->402M(1901M) 111.435ms
[57.954s][info][gc,cpu         ] GC(123) User=0.11s Sys=0.00s Real=0.11s
[60.098s][info][gc,start       ] GC(124) Pause Young (Normal) (G1 Evacuation Pause)
[60.098s][info][gc,task        ] GC(124) Using 1 workers of 1 for evacuation
[60.336s][info][gc,mmu         ] GC(124) MMU target violated: 201.0ms (200.0ms/201.0ms)
[60.336s][info][gc,phases      ] GC(124)   Pre Evacuate Collection Set: 0.1ms
[60.336s][info][gc,phases      ] GC(124)   Evacuate Collection Set: 236.9ms
[60.336s][info][gc,phases      ] GC(124)   Post Evacuate Collection Set: 0.6ms
[60.336s][info][gc,phases      ] GC(124)   Other: 0.6ms
[60.336s][info][gc,heap        ] GC(124) Eden regions: 83->0(86)
[60.336s][info][gc,heap        ] GC(124) Survivor regions: 12->9(12)
[60.336s][info][gc,heap        ] GC(124) Old regions: 295->307
[60.336s][info][gc,heap        ] GC(124) Humongous regions: 139->125
[60.336s][info][gc,metaspace   ] GC(124) Metaspace: 64466K->64466K(1107968K)
[60.336s][info][gc             ] GC(124) Pause Young (Normal) (G1 Evacuation Pause) 527M->439M(1901M) 238.235ms
[60.336s][info][gc,cpu         ] GC(124) User=0.21s Sys=0.00s Real=0.23s
[62.295s][info][gc,start       ] GC(125) Pause Young (Normal) (G1 Evacuation Pause)
[62.295s][info][gc,task        ] GC(125) Using 1 workers of 1 for evacuation
[62.376s][info][gc,phases      ] GC(125)   Pre Evacuate Collection Set: 0.1ms
[62.376s][info][gc,phases      ] GC(125)   Evacuate Collection Set: 79.8ms
[62.376s][info][gc,phases      ] GC(125)   Post Evacuate Collection Set: 0.6ms
[62.376s][info][gc,phases      ] GC(125)   Other: 0.4ms
[62.376s][info][gc,heap        ] GC(125) Eden regions: 86->0(85)
[62.376s][info][gc,heap        ] GC(125) Survivor regions: 9->10(12)
[62.376s][info][gc,heap        ] GC(125) Old regions: 307->316
[62.376s][info][gc,heap        ] GC(125) Humongous regions: 169->137
[62.376s][info][gc,metaspace   ] GC(125) Metaspace: 65961K->65961K(1107968K)
[62.376s][info][gc             ] GC(125) Pause Young (Normal) (G1 Evacuation Pause) 569M->460M(1911M) 81.063ms
[62.376s][info][gc,cpu         ] GC(125) User=0.08s Sys=0.00s Real=0.08s
[62.840s][info][gc,start       ] GC(126) Pause Young (Normal) (G1 Evacuation Pause)
[62.840s][info][gc,task        ] GC(126) Using 1 workers of 1 for evacuation
[62.908s][info][gc,phases      ] GC(126)   Pre Evacuate Collection Set: 0.1ms
[62.908s][info][gc,phases      ] GC(126)   Evacuate Collection Set: 66.9ms
[62.908s][info][gc,phases      ] GC(126)   Post Evacuate Collection Set: 0.5ms
[62.908s][info][gc,phases      ] GC(126)   Other: 0.3ms
[62.908s][info][gc,heap        ] GC(126) Eden regions: 85->0(83)
[62.908s][info][gc,heap        ] GC(126) Survivor regions: 10->12(12)
[62.908s][info][gc,heap        ] GC(126) Old regions: 316->327
[62.908s][info][gc,heap        ] GC(126) Humongous regions: 150->150
[62.908s][info][gc,metaspace   ] GC(126) Metaspace: 65973K->65973K(1107968K)
[62.908s][info][gc             ] GC(126) Pause Young (Normal) (G1 Evacuation Pause) 558M->487M(1911M) 67.907ms
[62.908s][info][gc,cpu         ] GC(126) User=0.06s Sys=0.00s Real=0.07s
[63.362s][info][gc,start       ] GC(127) Pause Young (Normal) (G1 Evacuation Pause)
[63.362s][info][gc,task        ] GC(127) Using 1 workers of 1 for evacuation
[63.433s][info][gc,phases      ] GC(127)   Pre Evacuate Collection Set: 0.1ms
[63.433s][info][gc,phases      ] GC(127)   Evacuate Collection Set: 70.2ms
[63.433s][info][gc,phases      ] GC(127)   Post Evacuate Collection Set: 0.4ms
[63.433s][info][gc,phases      ] GC(127)   Other: 0.4ms
[63.433s][info][gc,heap        ] GC(127) Eden regions: 83->0(83)
[63.433s][info][gc,heap        ] GC(127) Survivor regions: 12->12(12)
[63.433s][info][gc,heap        ] GC(127) Old regions: 327->341
[63.433s][info][gc,heap        ] GC(127) Humongous regions: 153->153
[63.433s][info][gc,metaspace   ] GC(127) Metaspace: 65989K->65989K(1107968K)
[63.433s][info][gc             ] GC(127) Pause Young (Normal) (G1 Evacuation Pause) 573M->504M(1911M) 71.112ms
[63.433s][info][gc,cpu         ] GC(127) User=0.07s Sys=0.00s Real=0.07s
[64.357s][info][gc,start       ] GC(128) Pause Young (Normal) (G1 Evacuation Pause)
[64.358s][info][gc,task        ] GC(128) Using 1 workers of 1 for evacuation
[64.430s][info][gc,phases      ] GC(128)   Pre Evacuate Collection Set: 0.1ms
[64.430s][info][gc,phases      ] GC(128)   Evacuate Collection Set: 71.4ms
[64.430s][info][gc,phases      ] GC(128)   Post Evacuate Collection Set: 0.6ms
[64.430s][info][gc,phases      ] GC(128)   Other: 0.4ms
[64.430s][info][gc,heap        ] GC(128) Eden regions: 83->0(89)
[64.430s][info][gc,heap        ] GC(128) Survivor regions: 12->6(12)
[64.430s][info][gc,heap        ] GC(128) Old regions: 341->353
[64.430s][info][gc,heap        ] GC(128) Humongous regions: 238->191
[64.430s][info][gc,metaspace   ] GC(128) Metaspace: 66006K->66006K(1107968K)
[64.430s][info][gc             ] GC(128) Pause Young (Normal) (G1 Evacuation Pause) 672M->547M(1911M) 72.576ms
[64.430s][info][gc,cpu         ] GC(128) User=0.07s Sys=0.00s Real=0.07s
[64.715s][info][gc,start       ] GC(129) Pause Young (Normal) (G1 Evacuation Pause)
[64.716s][info][gc,task        ] GC(129) Using 1 workers of 1 for evacuation
[64.796s][info][gc,phases      ] GC(129)   Pre Evacuate Collection Set: 0.1ms
[64.796s][info][gc,phases      ] GC(129)   Evacuate Collection Set: 79.5ms
[64.796s][info][gc,phases      ] GC(129)   Post Evacuate Collection Set: 0.5ms
[64.796s][info][gc,phases      ] GC(129)   Other: 0.3ms
[64.796s][info][gc,heap        ] GC(129) Eden regions: 89->0(83)
[64.796s][info][gc,heap        ] GC(129) Survivor regions: 6->12(12)
[64.796s][info][gc,heap        ] GC(129) Old regions: 353->360
[64.796s][info][gc,heap        ] GC(129) Humongous regions: 205->205
[64.796s][info][gc,metaspace   ] GC(129) Metaspace: 66006K->66006K(1107968K)
[64.796s][info][gc             ] GC(129) Pause Young (Normal) (G1 Evacuation Pause) 650M->575M(1911M) 80.595ms
[64.796s][info][gc,cpu         ] GC(129) User=0.08s Sys=0.00s Real=0.08s
[65.430s][info][gc,start       ] GC(130) Pause Young (Normal) (G1 Evacuation Pause)
[65.430s][info][gc,task        ] GC(130) Using 1 workers of 1 for evacuation
[65.539s][info][gc,phases      ] GC(130)   Pre Evacuate Collection Set: 0.1ms
[65.539s][info][gc,phases      ] GC(130)   Evacuate Collection Set: 108.0ms
[65.539s][info][gc,phases      ] GC(130)   Post Evacuate Collection Set: 0.4ms
[65.539s][info][gc,phases      ] GC(130)   Other: 0.3ms
[65.539s][info][gc,heap        ] GC(130) Eden regions: 83->0(83)
[65.539s][info][gc,heap        ] GC(130) Survivor regions: 12->12(12)
[65.539s][info][gc,heap        ] GC(130) Old regions: 360->374
[65.539s][info][gc,heap        ] GC(130) Humongous regions: 210->201
[65.539s][info][gc,metaspace   ] GC(130) Metaspace: 66007K->66007K(1107968K)
[65.539s][info][gc             ] GC(130) Pause Young (Normal) (G1 Evacuation Pause) 663M->585M(1911M) 109.038ms
[65.539s][info][gc,cpu         ] GC(130) User=0.10s Sys=0.00s Real=0.11s
[65.887s][info][gc,start       ] GC(131) Pause Young (Normal) (G1 Evacuation Pause)
[65.887s][info][gc,task        ] GC(131) Using 1 workers of 1 for evacuation
[66.005s][info][gc,phases      ] GC(131)   Pre Evacuate Collection Set: 0.1ms
[66.005s][info][gc,phases      ] GC(131)   Evacuate Collection Set: 117.1ms
[66.005s][info][gc,phases      ] GC(131)   Post Evacuate Collection Set: 0.5ms
[66.005s][info][gc,phases      ] GC(131)   Other: 0.3ms
[66.005s][info][gc,heap        ] GC(131) Eden regions: 83->0(86)
[66.005s][info][gc,heap        ] GC(131) Survivor regions: 12->9(12)
[66.005s][info][gc,heap        ] GC(131) Old regions: 374->386
[66.005s][info][gc,heap        ] GC(131) Humongous regions: 287->244
[66.005s][info][gc,metaspace   ] GC(131) Metaspace: 66036K->66036K(1107968K)
[66.005s][info][gc             ] GC(131) Pause Young (Normal) (G1 Evacuation Pause) 754M->636M(1911M) 118.188ms
[66.005s][info][gc,cpu         ] GC(131) User=0.11s Sys=0.00s Real=0.11s
[66.238s][info][gc,start       ] GC(132) Pause Young (Normal) (G1 Evacuation Pause)
[66.238s][info][gc,task        ] GC(132) Using 1 workers of 1 for evacuation
[66.310s][info][gc,phases      ] GC(132)   Pre Evacuate Collection Set: 0.1ms
[66.310s][info][gc,phases      ] GC(132)   Evacuate Collection Set: 71.3ms
[66.310s][info][gc,phases      ] GC(132)   Post Evacuate Collection Set: 0.5ms
[66.310s][info][gc,phases      ] GC(132)   Other: 0.3ms
[66.310s][info][gc,heap        ] GC(132) Eden regions: 86->0(83)
[66.310s][info][gc,heap        ] GC(132) Survivor regions: 9->12(12)
[66.310s][info][gc,heap        ] GC(132) Old regions: 386->403
[66.310s][info][gc,heap        ] GC(132) Humongous regions: 253->233
[66.310s][info][gc,metaspace   ] GC(132) Metaspace: 66085K->66085K(1107968K)
[66.310s][info][gc             ] GC(132) Pause Young (Normal) (G1 Evacuation Pause) 731M->646M(1911M) 72.339ms
[66.310s][info][gc,cpu         ] GC(132) User=0.07s Sys=0.00s Real=0.07s
[66.436s][info][gc,start       ] GC(133) Pause Young (Normal) (G1 Evacuation Pause)
[66.436s][info][gc,task        ] GC(133) Using 1 workers of 1 for evacuation
[66.460s][info][gc,phases      ] GC(133)   Pre Evacuate Collection Set: 0.2ms
[66.460s][info][gc,phases      ] GC(133)   Evacuate Collection Set: 22.8ms
[66.460s][info][gc,phases      ] GC(133)   Post Evacuate Collection Set: 0.3ms
[66.460s][info][gc,phases      ] GC(133)   Other: 0.3ms
[66.460s][info][gc,heap        ] GC(133) Eden regions: 83->0(94)
[66.460s][info][gc,heap        ] GC(133) Survivor regions: 12->1(12)
[66.460s][info][gc,heap        ] GC(133) Old regions: 403->415
[66.460s][info][gc,heap        ] GC(133) Humongous regions: 233->233
[66.460s][info][gc,metaspace   ] GC(133) Metaspace: 66085K->66085K(1107968K)
[66.460s][info][gc             ] GC(133) Pause Young (Normal) (G1 Evacuation Pause) 729M->646M(1911M) 23.663ms
[66.460s][info][gc,cpu         ] GC(133) User=0.02s Sys=0.00s Real=0.03s
[66.563s][info][gc,start       ] GC(134) Pause Young (Normal) (G1 Evacuation Pause)
[66.563s][info][gc,task        ] GC(134) Using 1 workers of 1 for evacuation
[66.566s][info][gc,phases      ] GC(134)   Pre Evacuate Collection Set: 0.1ms
[66.566s][info][gc,phases      ] GC(134)   Evacuate Collection Set: 2.0ms
[66.566s][info][gc,phases      ] GC(134)   Post Evacuate Collection Set: 0.3ms
[66.566s][info][gc,phases      ] GC(134)   Other: 0.3ms
[66.566s][info][gc,heap        ] GC(134) Eden regions: 94->0(115)
[66.566s][info][gc,heap        ] GC(134) Survivor regions: 1->1(12)
[66.566s][info][gc,heap        ] GC(134) Old regions: 415->415
[66.566s][info][gc,heap        ] GC(134) Humongous regions: 233->233
[66.566s][info][gc,metaspace   ] GC(134) Metaspace: 66085K->66085K(1107968K)
[66.566s][info][gc             ] GC(134) Pause Young (Normal) (G1 Evacuation Pause) 740M->646M(1911M) 2.762ms
[66.566s][info][gc,cpu         ] GC(134) User=0.01s Sys=0.00s Real=0.01s
[66.722s][info][gc,start       ] GC(135) Pause Young (Normal) (G1 Evacuation Pause)
[66.722s][info][gc,task        ] GC(135) Using 1 workers of 1 for evacuation
[66.727s][info][gc,phases      ] GC(135)   Pre Evacuate Collection Set: 0.2ms
[66.727s][info][gc,phases      ] GC(135)   Evacuate Collection Set: 3.8ms
[66.727s][info][gc,phases      ] GC(135)   Post Evacuate Collection Set: 0.7ms
[66.728s][info][gc,phases      ] GC(135)   Other: 0.5ms
[66.728s][info][gc,heap        ] GC(135) Eden regions: 115->0(140)
[66.728s][info][gc,heap        ] GC(135) Survivor regions: 1->1(15)
[66.728s][info][gc,heap        ] GC(135) Old regions: 415->415
[66.728s][info][gc,heap        ] GC(135) Humongous regions: 233->233
[66.728s][info][gc,metaspace   ] GC(135) Metaspace: 66085K->66085K(1107968K)
[66.728s][info][gc             ] GC(135) Pause Young (Normal) (G1 Evacuation Pause) 761M->646M(1911M) 5.450ms
[66.728s][info][gc,cpu         ] GC(135) User=0.01s Sys=0.00s Real=0.01s
[67.231s][info][gc,start       ] GC(136) Pause Young (Normal) (G1 Evacuation Pause)
[67.231s][info][gc,task        ] GC(136) Using 1 workers of 1 for evacuation
[67.325s][info][gc,phases      ] GC(136)   Pre Evacuate Collection Set: 0.2ms
[67.325s][info][gc,phases      ] GC(136)   Evacuate Collection Set: 92.0ms
[67.325s][info][gc,phases      ] GC(136)   Post Evacuate Collection Set: 0.6ms
[67.325s][info][gc,phases      ] GC(136)   Other: 0.7ms
[67.325s][info][gc,heap        ] GC(136) Eden regions: 140->0(132)
[67.325s][info][gc,heap        ] GC(136) Survivor regions: 1->18(18)
[67.325s][info][gc,heap        ] GC(136) Old regions: 415->438
[67.325s][info][gc,heap        ] GC(136) Humongous regions: 236->236
[67.325s][info][gc,metaspace   ] GC(136) Metaspace: 66210K->66210K(1107968K)
[67.325s][info][gc             ] GC(136) Pause Young (Normal) (G1 Evacuation Pause) 789M->690M(1911M) 93.622ms
[67.325s][info][gc,cpu         ] GC(136) User=0.09s Sys=0.00s Real=0.09s
[67.363s][info][gc,task        ] GC(137) Using 1 workers of 1 for full compaction
[67.363s][info][gc,start       ] GC(137) Pause Full (System.gc())
[67.364s][info][gc,phases,start] GC(137) Phase 1: Mark live objects
[67.528s][info][gc,stringtable ] GC(137) Cleaned string and symbol table, strings: 23162 processed, 31 removed, symbols: 139911 processed, 0 removed
[67.528s][info][gc,phases      ] GC(137) Phase 1: Mark live objects 164.007ms
[67.528s][info][gc,phases,start] GC(137) Phase 2: Prepare for compaction
[67.562s][info][gc,phases      ] GC(137) Phase 2: Prepare for compaction 34.289ms
[67.562s][info][gc,phases,start] GC(137) Phase 3: Adjust pointers
[67.662s][info][gc,phases      ] GC(137) Phase 3: Adjust pointers 99.927ms
[67.662s][info][gc,phases,start] GC(137) Phase 4: Compact heap
[67.722s][info][gc,phases      ] GC(137) Phase 4: Compact heap 59.564ms
[67.770s][info][gc,heap        ] GC(137) Eden regions: 81->0(144)
[67.770s][info][gc,heap        ] GC(137) Survivor regions: 18->0(18)
[67.770s][info][gc,heap        ] GC(137) Old regions: 438->137
[67.770s][info][gc,heap        ] GC(137) Humongous regions: 236->9
[67.770s][info][gc,metaspace   ] GC(137) Metaspace: 66214K->66214K(1107968K)
[67.770s][info][gc             ] GC(137) Pause Full (System.gc()) 771M->144M(487M) 406.967ms
[67.770s][info][gc,cpu         ] GC(137) User=0.36s Sys=0.05s Real=0.41s
[68.549s][info][gc,start       ] GC(138) Pause Young (Normal) (G1 Evacuation Pause)
[68.549s][info][gc,task        ] GC(138) Using 1 workers of 1 for evacuation
[68.687s][info][gc,phases      ] GC(138)   Pre Evacuate Collection Set: 0.0ms
[68.687s][info][gc,phases      ] GC(138)   Evacuate Collection Set: 137.1ms
[68.687s][info][gc,phases      ] GC(138)   Post Evacuate Collection Set: 0.4ms
[68.687s][info][gc,phases      ] GC(138)   Other: 0.4ms
[68.687s][info][gc,heap        ] GC(138) Eden regions: 144->0(100)
[68.687s][info][gc,heap        ] GC(138) Survivor regions: 0->18(18)
[68.687s][info][gc,heap        ] GC(138) Old regions: 137->148
[68.687s][info][gc,heap        ] GC(138) Humongous regions: 28->23
[68.687s][info][gc,metaspace   ] GC(138) Metaspace: 66387K->66387K(1107968K)
[68.687s][info][gc             ] GC(138) Pause Young (Normal) (G1 Evacuation Pause) 307M->187M(487M) 138.148ms
[68.687s][info][gc,cpu         ] GC(138) User=0.13s Sys=0.00s Real=0.14s
[69.137s][info][gc,start       ] GC(139) Pause Young (Normal) (G1 Evacuation Pause)
[69.138s][info][gc,task        ] GC(139) Using 1 workers of 1 for evacuation
[69.218s][info][gc,phases      ] GC(139)   Pre Evacuate Collection Set: 0.0ms
[69.219s][info][gc,phases      ] GC(139)   Evacuate Collection Set: 79.0ms
[69.219s][info][gc,phases      ] GC(139)   Post Evacuate Collection Set: 1.8ms
[69.219s][info][gc,phases      ] GC(139)   Other: 0.3ms
[69.219s][info][gc,heap        ] GC(139) Eden regions: 100->0(116)
[69.219s][info][gc,heap        ] GC(139) Survivor regions: 18->10(15)
[69.219s][info][gc,heap        ] GC(139) Old regions: 148->166
[69.219s][info][gc,heap        ] GC(139) Humongous regions: 31->31
[69.219s][info][gc,metaspace   ] GC(139) Metaspace: 66391K->66391K(1107968K)
[69.219s][info][gc             ] GC(139) Pause Young (Normal) (G1 Evacuation Pause) 295M->205M(864M) 81.154ms
[69.219s][info][gc,cpu         ] GC(139) User=0.08s Sys=0.00s Real=0.08s
[69.664s][info][gc,start       ] GC(140) Pause Young (Normal) (G1 Evacuation Pause)
[69.665s][info][gc,task        ] GC(140) Using 1 workers of 1 for evacuation
[69.719s][info][gc,phases      ] GC(140)   Pre Evacuate Collection Set: 0.0ms
[69.719s][info][gc,phases      ] GC(140)   Evacuate Collection Set: 54.0ms
[69.719s][info][gc,phases      ] GC(140)   Post Evacuate Collection Set: 0.4ms
[69.719s][info][gc,phases      ] GC(140)   Other: 0.4ms
[69.719s][info][gc,heap        ] GC(140) Eden regions: 116->0(140)
[69.719s][info][gc,heap        ] GC(140) Survivor regions: 10->8(16)
[69.719s][info][gc,heap        ] GC(140) Old regions: 166->175
[69.719s][info][gc,heap        ] GC(140) Humongous regions: 31->31
[69.719s][info][gc,metaspace   ] GC(140) Metaspace: 66391K->66391K(1107968K)
[69.719s][info][gc             ] GC(140) Pause Young (Normal) (G1 Evacuation Pause) 321M->212M(864M) 54.850ms
[69.719s][info][gc,cpu         ] GC(140) User=0.06s Sys=0.00s Real=0.06s
[70.120s][info][gc,start       ] GC(141) Pause Young (Normal) (G1 Evacuation Pause)
[70.120s][info][gc,task        ] GC(141) Using 1 workers of 1 for evacuation
[70.192s][info][gc,phases      ] GC(141)   Pre Evacuate Collection Set: 0.0ms
[70.192s][info][gc,phases      ] GC(141)   Evacuate Collection Set: 70.8ms
[70.192s][info][gc,phases      ] GC(141)   Post Evacuate Collection Set: 0.6ms
[70.192s][info][gc,phases      ] GC(141)   Other: 0.3ms
[70.192s][info][gc,heap        ] GC(141) Eden regions: 140->0(28)
[70.192s][info][gc,heap        ] GC(141) Survivor regions: 8->15(19)
[70.192s][info][gc,heap        ] GC(141) Old regions: 175->175
[70.192s][info][gc,heap        ] GC(141) Humongous regions: 40->40
[70.192s][info][gc,metaspace   ] GC(141) Metaspace: 66391K->66391K(1107968K)
[70.192s][info][gc             ] GC(141) Pause Young (Normal) (G1 Evacuation Pause) 361M->228M(864M) 71.829ms
[70.192s][info][gc,cpu         ] GC(141) User=0.07s Sys=0.00s Real=0.07s
[70.277s][info][gc,start       ] GC(142) Pause Young (Normal) (G1 Evacuation Pause)
[70.277s][info][gc,task        ] GC(142) Using 1 workers of 1 for evacuation
[70.342s][info][gc,phases      ] GC(142)   Pre Evacuate Collection Set: 0.1ms
[70.342s][info][gc,phases      ] GC(142)   Evacuate Collection Set: 64.2ms
[70.342s][info][gc,phases      ] GC(142)   Post Evacuate Collection Set: 0.5ms
[70.343s][info][gc,phases      ] GC(142)   Other: 0.2ms
[70.343s][info][gc,heap        ] GC(142) Eden regions: 28->0(101)
[70.343s][info][gc,heap        ] GC(142) Survivor regions: 15->3(6)
[70.343s][info][gc,heap        ] GC(142) Old regions: 175->189
[70.343s][info][gc,heap        ] GC(142) Humongous regions: 40->40
[70.343s][info][gc,metaspace   ] GC(142) Metaspace: 66391K->66391K(1107968K)
[70.343s][info][gc             ] GC(142) Pause Young (Normal) (G1 Evacuation Pause) 256M->230M(864M) 65.137ms
[70.343s][info][gc,cpu         ] GC(142) User=0.07s Sys=0.00s Real=0.07s
[71.101s][info][gc,start       ] GC(143) Pause Young (Normal) (G1 Evacuation Pause)
[71.101s][info][gc,task        ] GC(143) Using 1 workers of 1 for evacuation
[71.191s][info][gc,phases      ] GC(143)   Pre Evacuate Collection Set: 0.0ms
[71.191s][info][gc,phases      ] GC(143)   Evacuate Collection Set: 88.3ms
[71.191s][info][gc,phases      ] GC(143)   Post Evacuate Collection Set: 1.4ms
[71.191s][info][gc,phases      ] GC(143)   Other: 0.3ms
[71.191s][info][gc,heap        ] GC(143) Eden regions: 88->0(59)
[71.191s][info][gc,heap        ] GC(143) Survivor regions: 3->11(12)
[71.191s][info][gc,heap        ] GC(143) Old regions: 189->189
[71.191s][info][gc,heap        ] GC(143) Humongous regions: 48->48
[71.191s][info][gc,metaspace   ] GC(143) Metaspace: 66401K->66401K(1107968K)
[71.191s][info][gc             ] GC(143) Pause Young (Normal) (G1 Evacuation Pause) 326M->246M(1092M) 90.093ms
[71.191s][info][gc,cpu         ] GC(143) User=0.09s Sys=0.00s Real=0.09s
[71.386s][info][gc,start       ] GC(144) Pause Young (Normal) (G1 Evacuation Pause)
[71.386s][info][gc,task        ] GC(144) Using 1 workers of 1 for evacuation
[71.471s][info][gc,phases      ] GC(144)   Pre Evacuate Collection Set: 0.0ms
[71.471s][info][gc,phases      ] GC(144)   Evacuate Collection Set: 83.8ms
[71.471s][info][gc,phases      ] GC(144)   Post Evacuate Collection Set: 0.5ms
[71.471s][info][gc,phases      ] GC(144)   Other: 0.3ms
[71.471s][info][gc,heap        ] GC(144) Eden regions: 59->0(68)
[71.471s][info][gc,heap        ] GC(144) Survivor regions: 11->9(9)
[71.471s][info][gc,heap        ] GC(144) Old regions: 189->211
[71.471s][info][gc,heap        ] GC(144) Humongous regions: 56->56
[71.471s][info][gc,metaspace   ] GC(144) Metaspace: 66401K->66401K(1107968K)
[71.471s][info][gc             ] GC(144) Pause Young (Normal) (G1 Evacuation Pause) 313M->274M(1092M) 84.708ms
[71.471s][info][gc,cpu         ] GC(144) User=0.09s Sys=0.00s Real=0.08s
[71.623s][info][gc,start       ] GC(145) Pause Young (Normal) (G1 Evacuation Pause)
[71.623s][info][gc,task        ] GC(145) Using 1 workers of 1 for evacuation
[71.677s][info][gc,phases      ] GC(145)   Pre Evacuate Collection Set: 0.0ms
[71.677s][info][gc,phases      ] GC(145)   Evacuate Collection Set: 53.2ms
[71.677s][info][gc,phases      ] GC(145)   Post Evacuate Collection Set: 0.4ms
[71.677s][info][gc,phases      ] GC(145)   Other: 0.3ms
[71.677s][info][gc,heap        ] GC(145) Eden regions: 68->0(78)
[71.677s][info][gc,heap        ] GC(145) Survivor regions: 9->8(10)
[71.677s][info][gc,heap        ] GC(145) Old regions: 211->220
[71.677s][info][gc,heap        ] GC(145) Humongous regions: 62->62
[71.677s][info][gc,metaspace   ] GC(145) Metaspace: 66401K->66401K(1107968K)
[71.677s][info][gc             ] GC(145) Pause Young (Normal) (G1 Evacuation Pause) 348M->288M(1092M) 53.927ms
[71.677s][info][gc,cpu         ] GC(145) User=0.06s Sys=0.00s Real=0.05s
[71.889s][info][gc,start       ] GC(146) Pause Young (Normal) (G1 Evacuation Pause)
[71.889s][info][gc,task        ] GC(146) Using 1 workers of 1 for evacuation
[71.939s][info][gc,phases      ] GC(146)   Pre Evacuate Collection Set: 0.0ms
[71.939s][info][gc,phases      ] GC(146)   Evacuate Collection Set: 50.0ms
[71.939s][info][gc,phases      ] GC(146)   Post Evacuate Collection Set: 0.4ms
[71.939s][info][gc,phases      ] GC(146)   Other: 0.3ms
[71.939s][info][gc,heap        ] GC(146) Eden regions: 78->0(97)
[71.939s][info][gc,heap        ] GC(146) Survivor regions: 8->7(11)
[71.939s][info][gc,heap        ] GC(146) Old regions: 220->227
[71.939s][info][gc,heap        ] GC(146) Humongous regions: 67->67
[71.939s][info][gc,metaspace   ] GC(146) Metaspace: 66401K->66401K(1107968K)
[71.939s][info][gc             ] GC(146) Pause Young (Normal) (G1 Evacuation Pause) 371M->299M(1092M) 50.773ms
[71.940s][info][gc,cpu         ] GC(146) User=0.05s Sys=0.00s Real=0.05s
[72.146s][info][gc,start       ] GC(147) Pause Young (Normal) (G1 Evacuation Pause)
[72.146s][info][gc,task        ] GC(147) Using 1 workers of 1 for evacuation
[72.193s][info][gc,phases      ] GC(147)   Pre Evacuate Collection Set: 0.1ms
[72.193s][info][gc,phases      ] GC(147)   Evacuate Collection Set: 46.3ms
[72.193s][info][gc,phases      ] GC(147)   Post Evacuate Collection Set: 1.0ms
[72.193s][info][gc,phases      ] GC(147)   Other: 0.3ms
[72.193s][info][gc,heap        ] GC(147) Eden regions: 97->0(115)
[72.193s][info][gc,heap        ] GC(147) Survivor regions: 7->7(13)
[72.193s][info][gc,heap        ] GC(147) Old regions: 227->234
[72.193s][info][gc,heap        ] GC(147) Humongous regions: 67->67
[72.193s][info][gc,metaspace   ] GC(147) Metaspace: 66401K->66401K(1107968K)
[72.193s][info][gc             ] GC(147) Pause Young (Normal) (G1 Evacuation Pause) 396M->306M(1253M) 47.649ms
[72.193s][info][gc,cpu         ] GC(147) User=0.04s Sys=0.00s Real=0.05s
[72.501s][info][gc,start       ] GC(148) Pause Young (Normal) (G1 Evacuation Pause)
[72.502s][info][gc,task        ] GC(148) Using 1 workers of 1 for evacuation
[72.545s][info][gc,phases      ] GC(148)   Pre Evacuate Collection Set: 0.1ms
[72.545s][info][gc,phases      ] GC(148)   Evacuate Collection Set: 43.1ms
[72.545s][info][gc,phases      ] GC(148)   Post Evacuate Collection Set: 0.4ms
[72.545s][info][gc,phases      ] GC(148)   Other: 0.4ms
[72.545s][info][gc,heap        ] GC(148) Eden regions: 115->0(133)
[72.545s][info][gc,heap        ] GC(148) Survivor regions: 7->12(16)
[72.545s][info][gc,heap        ] GC(148) Old regions: 234->234
[72.545s][info][gc,heap        ] GC(148) Humongous regions: 67->67
[72.545s][info][gc,metaspace   ] GC(148) Metaspace: 66407K->66407K(1107968K)
[72.545s][info][gc             ] GC(148) Pause Young (Normal) (G1 Evacuation Pause) 421M->311M(1253M) 43.923ms
[72.545s][info][gc,cpu         ] GC(148) User=0.04s Sys=0.00s Real=0.04s
[73.278s][info][gc,start       ] GC(149) Pause Young (Normal) (G1 Evacuation Pause)
[73.278s][info][gc,task        ] GC(149) Using 1 workers of 1 for evacuation
[73.382s][info][gc,phases      ] GC(149)   Pre Evacuate Collection Set: 0.1ms
[73.383s][info][gc,phases      ] GC(149)   Evacuate Collection Set: 103.3ms
[73.383s][info][gc,phases      ] GC(149)   Post Evacuate Collection Set: 0.7ms
[73.383s][info][gc,phases      ] GC(149)   Other: 0.4ms
[73.383s][info][gc,heap        ] GC(149) Eden regions: 108->0(115)
[73.383s][info][gc,heap        ] GC(149) Survivor regions: 12->13(15)
[73.383s][info][gc,heap        ] GC(149) Old regions: 234->239
[73.383s][info][gc,heap        ] GC(149) Humongous regions: 81->81
[73.383s][info][gc,metaspace   ] GC(149) Metaspace: 66413K->66413K(1107968K)
[73.383s][info][gc             ] GC(149) Pause Young (Normal) (G1 Evacuation Pause) 433M->331M(1253M) 104.573ms
[73.383s][info][gc,cpu         ] GC(149) User=0.10s Sys=0.00s Real=0.10s
[73.586s][info][gc,start       ] GC(150) Pause Young (Normal) (G1 Evacuation Pause)
[73.586s][info][gc,task        ] GC(150) Using 1 workers of 1 for evacuation
[73.679s][info][gc,phases      ] GC(150)   Pre Evacuate Collection Set: 0.1ms
[73.679s][info][gc,phases      ] GC(150)   Evacuate Collection Set: 92.0ms
[73.679s][info][gc,phases      ] GC(150)   Post Evacuate Collection Set: 0.4ms
[73.679s][info][gc,phases      ] GC(150)   Other: 0.4ms
[73.679s][info][gc,heap        ] GC(150) Eden regions: 51->0(95)
[73.679s][info][gc,heap        ] GC(150) Survivor regions: 13->8(8)
[73.679s][info][gc,heap        ] GC(150) Old regions: 239->259
[73.679s][info][gc,heap        ] GC(150) Humongous regions: 92->92
[73.679s][info][gc,metaspace   ] GC(150) Metaspace: 66425K->66425K(1107968K)
[73.679s][info][gc             ] GC(150) Pause Young (Normal) (G1 Evacuation Pause) 393M->357M(1253M) 92.975ms
[73.679s][info][gc,cpu         ] GC(150) User=0.09s Sys=0.00s Real=0.09s
[73.974s][info][gc,start       ] GC(151) Pause Young (Normal) (G1 Evacuation Pause)
[73.974s][info][gc,task        ] GC(151) Using 1 workers of 1 for evacuation
[74.109s][info][gc,phases      ] GC(151)   Pre Evacuate Collection Set: 0.1ms
[74.109s][info][gc,phases      ] GC(151)   Evacuate Collection Set: 133.9ms
[74.109s][info][gc,phases      ] GC(151)   Post Evacuate Collection Set: 1.1ms
[74.109s][info][gc,phases      ] GC(151)   Other: 0.3ms
[74.109s][info][gc,heap        ] GC(151) Eden regions: 95->0(81)
[74.109s][info][gc,heap        ] GC(151) Survivor regions: 8->13(13)
[74.109s][info][gc,heap        ] GC(151) Old regions: 259->270
[74.109s][info][gc,heap        ] GC(151) Humongous regions: 98->98
[74.109s][info][gc,metaspace   ] GC(151) Metaspace: 66425K->66425K(1107968K)
[74.109s][info][gc             ] GC(151) Pause Young (Normal) (G1 Evacuation Pause) 458M->379M(1403M) 135.451ms
[74.109s][info][gc,cpu         ] GC(151) User=0.13s Sys=0.00s Real=0.14s
[74.360s][info][gc,start       ] GC(152) Pause Young (Normal) (G1 Evacuation Pause)
[74.360s][info][gc,task        ] GC(152) Using 1 workers of 1 for evacuation
[74.430s][info][gc,phases      ] GC(152)   Pre Evacuate Collection Set: 0.1ms
[74.430s][info][gc,phases      ] GC(152)   Evacuate Collection Set: 69.1ms
[74.430s][info][gc,phases      ] GC(152)   Post Evacuate Collection Set: 0.4ms
[74.430s][info][gc,phases      ] GC(152)   Other: 0.4ms
[74.430s][info][gc,heap        ] GC(152) Eden regions: 81->0(100)
[74.430s][info][gc,heap        ] GC(152) Survivor regions: 13->8(12)
[74.430s][info][gc,heap        ] GC(152) Old regions: 270->283
[74.430s][info][gc,heap        ] GC(152) Humongous regions: 103->103
[74.430s][info][gc,metaspace   ] GC(152) Metaspace: 66425K->66425K(1107968K)
[74.430s][info][gc             ] GC(152) Pause Young (Normal) (G1 Evacuation Pause) 465M->392M(1403M) 70.017ms
[74.430s][info][gc,cpu         ] GC(152) User=0.07s Sys=0.00s Real=0.07s
[74.673s][info][gc,start       ] GC(153) Pause Young (Normal) (G1 Evacuation Pause)
[74.674s][info][gc,task        ] GC(153) Using 1 workers of 1 for evacuation
[74.732s][info][gc,phases      ] GC(153)   Pre Evacuate Collection Set: 0.1ms
[74.732s][info][gc,phases      ] GC(153)   Evacuate Collection Set: 57.2ms
[74.732s][info][gc,phases      ] GC(153)   Post Evacuate Collection Set: 0.4ms
[74.732s][info][gc,phases      ] GC(153)   Other: 0.6ms
[74.732s][info][gc,heap        ] GC(153) Eden regions: 100->0(118)
[74.732s][info][gc,heap        ] GC(153) Survivor regions: 8->7(14)
[74.732s][info][gc,heap        ] GC(153) Old regions: 283->290
[74.732s][info][gc,heap        ] GC(153) Humongous regions: 103->103
[74.732s][info][gc,metaspace   ] GC(153) Metaspace: 66425K->66425K(1107968K)
[74.732s][info][gc             ] GC(153) Pause Young (Normal) (G1 Evacuation Pause) 492M->398M(1403M) 58.318ms
[74.732s][info][gc,cpu         ] GC(153) User=0.06s Sys=0.00s Real=0.06s
[75.030s][info][gc,start       ] GC(154) Pause Young (Normal) (G1 Evacuation Pause)
[75.030s][info][gc,task        ] GC(154) Using 1 workers of 1 for evacuation
[75.071s][info][gc,phases      ] GC(154)   Pre Evacuate Collection Set: 0.1ms
[75.071s][info][gc,phases      ] GC(154)   Evacuate Collection Set: 40.3ms
[75.071s][info][gc,phases      ] GC(154)   Post Evacuate Collection Set: 0.4ms
[75.071s][info][gc,phases      ] GC(154)   Other: 0.3ms
[75.071s][info][gc,heap        ] GC(154) Eden regions: 118->0(136)
[75.071s][info][gc,heap        ] GC(154) Survivor regions: 7->13(16)
[75.071s][info][gc,heap        ] GC(154) Old regions: 290->290
[75.071s][info][gc,heap        ] GC(154) Humongous regions: 103->103
[75.071s][info][gc,metaspace   ] GC(154) Metaspace: 66425K->66425K(1107968K)
[75.071s][info][gc             ] GC(154) Pause Young (Normal) (G1 Evacuation Pause) 516M->404M(1403M) 41.129ms
[75.071s][info][gc,cpu         ] GC(154) User=0.04s Sys=0.00s Real=0.04s
[75.846s][info][gc,start       ] GC(155) Pause Young (Normal) (G1 Evacuation Pause)
[75.846s][info][gc,task        ] GC(155) Using 1 workers of 1 for evacuation
[75.947s][info][gc,phases      ] GC(155)   Pre Evacuate Collection Set: 0.1ms
[75.947s][info][gc,phases      ] GC(155)   Evacuate Collection Set: 99.7ms
[75.947s][info][gc,phases      ] GC(155)   Post Evacuate Collection Set: 1.3ms
[75.947s][info][gc,phases      ] GC(155)   Other: 0.3ms
[75.947s][info][gc,heap        ] GC(155) Eden regions: 110->0(93)
[75.947s][info][gc,heap        ] GC(155) Survivor regions: 13->14(16)
[75.947s][info][gc,heap        ] GC(155) Old regions: 290->296
[75.947s][info][gc,heap        ] GC(155) Humongous regions: 117->117
[75.947s][info][gc,metaspace   ] GC(155) Metaspace: 66431K->66431K(1107968K)
[75.947s][info][gc             ] GC(155) Pause Young (Normal) (G1 Evacuation Pause) 528M->424M(1527M) 101.410ms
[75.947s][info][gc,cpu         ] GC(155) User=0.10s Sys=0.00s Real=0.10s
[76.570s][info][gc,start       ] GC(156) Pause Young (Normal) (G1 Evacuation Pause)
[76.570s][info][gc,task        ] GC(156) Using 1 workers of 1 for evacuation
[76.713s][info][gc,phases      ] GC(156)   Pre Evacuate Collection Set: 0.1ms
[76.713s][info][gc,phases      ] GC(156)   Evacuate Collection Set: 141.8ms
[76.713s][info][gc,phases      ] GC(156)   Post Evacuate Collection Set: 0.6ms
[76.713s][info][gc,phases      ] GC(156)   Other: 0.3ms
[76.713s][info][gc,heap        ] GC(156) Eden regions: 93->0(62)
[76.713s][info][gc,heap        ] GC(156) Survivor regions: 14->14(14)
[76.713s][info][gc,heap        ] GC(156) Old regions: 296->318
[76.713s][info][gc,heap        ] GC(156) Humongous regions: 139->134
[76.713s][info][gc,metaspace   ] GC(156) Metaspace: 66463K->66463K(1107968K)
[76.713s][info][gc             ] GC(156) Pause Young (Normal) (G1 Evacuation Pause) 539M->464M(1527M) 142.980ms
[76.713s][info][gc,cpu         ] GC(156) User=0.14s Sys=0.01s Real=0.14s
[76.867s][info][gc,start       ] GC(157) Pause Young (Normal) (G1 Evacuation Pause)
[76.867s][info][gc,task        ] GC(157) Using 1 workers of 1 for evacuation
[77.016s][info][gc,phases      ] GC(157)   Pre Evacuate Collection Set: 0.1ms
[77.016s][info][gc,phases      ] GC(157)   Evacuate Collection Set: 148.6ms
[77.016s][info][gc,phases      ] GC(157)   Post Evacuate Collection Set: 0.5ms
[77.016s][info][gc,phases      ] GC(157)   Other: 0.3ms
[77.016s][info][gc,heap        ] GC(157) Eden regions: 62->0(66)
[77.016s][info][gc,heap        ] GC(157) Survivor regions: 14->10(10)
[77.016s][info][gc,heap        ] GC(157) Old regions: 318->337
[77.016s][info][gc,heap        ] GC(157) Humongous regions: 139->139
[77.016s][info][gc,metaspace   ] GC(157) Metaspace: 66463K->66463K(1107968K)
[77.016s][info][gc             ] GC(157) Pause Young (Normal) (G1 Evacuation Pause) 531M->484M(1527M) 149.536ms
[77.016s][info][gc,cpu         ] GC(157) User=0.15s Sys=0.00s Real=0.14s
[77.179s][info][gc,start       ] GC(158) Pause Young (Normal) (G1 Evacuation Pause)
[77.179s][info][gc,task        ] GC(158) Using 1 workers of 1 for evacuation
[77.231s][info][gc,phases      ] GC(158)   Pre Evacuate Collection Set: 0.1ms
[77.231s][info][gc,phases      ] GC(158)   Evacuate Collection Set: 51.9ms
[77.231s][info][gc,phases      ] GC(158)   Post Evacuate Collection Set: 0.4ms
[77.231s][info][gc,phases      ] GC(158)   Other: 0.3ms
[77.231s][info][gc,heap        ] GC(158) Eden regions: 66->0(68)
[77.231s][info][gc,heap        ] GC(158) Survivor regions: 10->8(10)
[77.231s][info][gc,heap        ] GC(158) Old regions: 337->347
[77.231s][info][gc,heap        ] GC(158) Humongous regions: 145->145
[77.231s][info][gc,metaspace   ] GC(158) Metaspace: 66463K->66463K(1107968K)
[77.231s][info][gc             ] GC(158) Pause Young (Normal) (G1 Evacuation Pause) 556M->498M(1527M) 52.739ms
[77.231s][info][gc,cpu         ] GC(158) User=0.06s Sys=0.00s Real=0.05s
[77.397s][info][gc,start       ] GC(159) Pause Young (Normal) (G1 Evacuation Pause)
[77.397s][info][gc,task        ] GC(159) Using 1 workers of 1 for evacuation
[77.447s][info][gc,phases      ] GC(159)   Pre Evacuate Collection Set: 0.1ms
[77.447s][info][gc,phases      ] GC(159)   Evacuate Collection Set: 49.2ms
[77.447s][info][gc,phases      ] GC(159)   Post Evacuate Collection Set: 0.9ms
[77.447s][info][gc,phases      ] GC(159)   Other: 0.3ms
[77.447s][info][gc,heap        ] GC(159) Eden regions: 68->0(75)
[77.447s][info][gc,heap        ] GC(159) Survivor regions: 8->7(10)
[77.447s][info][gc,heap        ] GC(159) Old regions: 347->354
[77.447s][info][gc,heap        ] GC(159) Humongous regions: 150->150
[77.447s][info][gc,metaspace   ] GC(159) Metaspace: 66463K->66463K(1107968K)
[77.447s][info][gc             ] GC(159) Pause Young (Normal) (G1 Evacuation Pause) 571M->509M(1651M) 50.490ms
[77.447s][info][gc,cpu         ] GC(159) User=0.04s Sys=0.01s Real=0.06s
[77.667s][info][gc,start       ] GC(160) Pause Young (Normal) (G1 Evacuation Pause)
[77.667s][info][gc,task        ] GC(160) Using 1 workers of 1 for evacuation
[77.722s][info][gc,phases      ] GC(160)   Pre Evacuate Collection Set: 0.1ms
[77.722s][info][gc,phases      ] GC(160)   Evacuate Collection Set: 53.7ms
[77.722s][info][gc,phases      ] GC(160)   Post Evacuate Collection Set: 0.4ms
[77.722s][info][gc,phases      ] GC(160)   Other: 0.4ms
[77.722s][info][gc,heap        ] GC(160) Eden regions: 75->0(83)
[77.722s][info][gc,heap        ] GC(160) Survivor regions: 7->6(11)
[77.722s][info][gc,heap        ] GC(160) Old regions: 354->360
[77.722s][info][gc,heap        ] GC(160) Humongous regions: 150->150
[77.722s][info][gc,metaspace   ] GC(160) Metaspace: 66463K->66463K(1107968K)
[77.722s][info][gc             ] GC(160) Pause Young (Normal) (G1 Evacuation Pause) 584M->514M(1651M) 54.591ms
[77.722s][info][gc,cpu         ] GC(160) User=0.05s Sys=0.00s Real=0.05s
[77.918s][info][gc,start       ] GC(161) Pause Young (Normal) (G1 Evacuation Pause)
[77.918s][info][gc,task        ] GC(161) Using 1 workers of 1 for evacuation
[77.950s][info][gc,phases      ] GC(161)   Pre Evacuate Collection Set: 0.1ms
[77.950s][info][gc,phases      ] GC(161)   Evacuate Collection Set: 31.6ms
[77.950s][info][gc,phases      ] GC(161)   Post Evacuate Collection Set: 0.4ms
[77.950s][info][gc,phases      ] GC(161)   Other: 0.3ms
[77.950s][info][gc,heap        ] GC(161) Eden regions: 83->0(105)
[77.950s][info][gc,heap        ] GC(161) Survivor regions: 6->10(12)
[77.950s][info][gc,heap        ] GC(161) Old regions: 360->360
[77.950s][info][gc,heap        ] GC(161) Humongous regions: 150->150
[77.950s][info][gc,metaspace   ] GC(161) Metaspace: 66463K->66463K(1107968K)
[77.950s][info][gc             ] GC(161) Pause Young (Normal) (G1 Evacuation Pause) 597M->518M(1651M) 32.481ms
[77.950s][info][gc,cpu         ] GC(161) User=0.04s Sys=0.00s Real=0.04s
[78.238s][info][gc,start       ] GC(162) Pause Young (Normal) (G1 Evacuation Pause)
[78.238s][info][gc,task        ] GC(162) Using 1 workers of 1 for evacuation
[78.307s][info][gc,phases      ] GC(162)   Pre Evacuate Collection Set: 0.1ms
[78.307s][info][gc,phases      ] GC(162)   Evacuate Collection Set: 68.3ms
[78.307s][info][gc,phases      ] GC(162)   Post Evacuate Collection Set: 0.6ms
[78.307s][info][gc,phases      ] GC(162)   Other: 0.3ms
[78.307s][info][gc,heap        ] GC(162) Eden regions: 105->0(75)
[78.307s][info][gc,heap        ] GC(162) Survivor regions: 10->12(15)
[78.307s][info][gc,heap        ] GC(162) Old regions: 360->364
[78.307s][info][gc,heap        ] GC(162) Humongous regions: 159->159
[78.307s][info][gc,metaspace   ] GC(162) Metaspace: 66463K->66463K(1107968K)
[78.307s][info][gc             ] GC(162) Pause Young (Normal) (G1 Evacuation Pause) 632M->533M(1651M) 69.325ms
[78.307s][info][gc,cpu         ] GC(162) User=0.07s Sys=0.00s Real=0.08s
[79.029s][info][gc,start       ] GC(163) Pause Young (Normal) (G1 Evacuation Pause)
[79.030s][info][gc,task        ] GC(163) Using 1 workers of 1 for evacuation
[79.132s][info][gc,phases      ] GC(163)   Pre Evacuate Collection Set: 0.1ms
[79.132s][info][gc,phases      ] GC(163)   Evacuate Collection Set: 100.9ms
[79.132s][info][gc,phases      ] GC(163)   Post Evacuate Collection Set: 0.9ms
[79.132s][info][gc,phases      ] GC(163)   Other: 0.4ms
[79.132s][info][gc,heap        ] GC(163) Eden regions: 75->0(74)
[79.132s][info][gc,heap        ] GC(163) Survivor regions: 12->11(11)
[79.132s][info][gc,heap        ] GC(163) Old regions: 364->378
[79.132s][info][gc,heap        ] GC(163) Humongous regions: 175->175
[79.132s][info][gc,metaspace   ] GC(163) Metaspace: 66478K->66478K(1107968K)
[79.132s][info][gc             ] GC(163) Pause Young (Normal) (G1 Evacuation Pause) 624M->562M(1700M) 102.309ms
[79.132s][info][gc,cpu         ] GC(163) User=0.10s Sys=0.00s Real=0.10s
[79.332s][info][gc,start       ] GC(164) Pause Young (Normal) (G1 Evacuation Pause)
[79.332s][info][gc,task        ] GC(164) Using 1 workers of 1 for evacuation
[79.439s][info][gc,phases      ] GC(164)   Pre Evacuate Collection Set: 0.1ms
[79.439s][info][gc,phases      ] GC(164)   Evacuate Collection Set: 106.0ms
[79.439s][info][gc,phases      ] GC(164)   Post Evacuate Collection Set: 0.5ms
[79.439s][info][gc,phases      ] GC(164)   Other: 0.3ms
[79.439s][info][gc,heap        ] GC(164) Eden regions: 74->0(84)
[79.439s][info][gc,heap        ] GC(164) Survivor regions: 11->11(11)
[79.439s][info][gc,heap        ] GC(164) Old regions: 378->402
[79.439s][info][gc,heap        ] GC(164) Humongous regions: 186->186
[79.439s][info][gc,metaspace   ] GC(164) Metaspace: 66478K->66478K(1107968K)
[79.439s][info][gc             ] GC(164) Pause Young (Normal) (G1 Evacuation Pause) 647M->597M(1700M) 107.003ms
[79.439s][info][gc,cpu         ] GC(164) User=0.10s Sys=0.00s Real=0.11s
[79.641s][info][gc,start       ] GC(165) Pause Young (Normal) (G1 Evacuation Pause)
[79.641s][info][gc,task        ] GC(165) Using 1 workers of 1 for evacuation
[79.700s][info][gc,phases      ] GC(165)   Pre Evacuate Collection Set: 0.1ms
[79.701s][info][gc,phases      ] GC(165)   Evacuate Collection Set: 58.7ms
[79.701s][info][gc,phases      ] GC(165)   Post Evacuate Collection Set: 0.4ms
[79.701s][info][gc,phases      ] GC(165)   Other: 0.3ms
[79.701s][info][gc,heap        ] GC(165) Eden regions: 84->0(100)
[79.701s][info][gc,heap        ] GC(165) Survivor regions: 11->10(12)
[79.701s][info][gc,heap        ] GC(165) Old regions: 402->413
[79.701s][info][gc,heap        ] GC(165) Humongous regions: 192->192
[79.701s][info][gc,metaspace   ] GC(165) Metaspace: 66479K->66479K(1107968K)
[79.701s][info][gc             ] GC(165) Pause Young (Normal) (G1 Evacuation Pause) 687M->612M(1700M) 59.969ms
[79.701s][info][gc,cpu         ] GC(165) User=0.06s Sys=0.01s Real=0.06s
[79.943s][info][gc,start       ] GC(166) Pause Young (Normal) (G1 Evacuation Pause)
[79.943s][info][gc,task        ] GC(166) Using 1 workers of 1 for evacuation
[80.002s][info][gc,phases      ] GC(166)   Pre Evacuate Collection Set: 0.1ms
[80.002s][info][gc,phases      ] GC(166)   Evacuate Collection Set: 58.2ms
[80.002s][info][gc,phases      ] GC(166)   Post Evacuate Collection Set: 0.5ms
[80.002s][info][gc,phases      ] GC(166)   Other: 0.4ms
[80.002s][info][gc,heap        ] GC(166) Eden regions: 100->0(119)
[80.002s][info][gc,heap        ] GC(166) Survivor regions: 10->9(14)
[80.002s][info][gc,heap        ] GC(166) Old regions: 413->422
[80.002s][info][gc,heap        ] GC(166) Humongous regions: 197->197
[80.002s][info][gc,metaspace   ] GC(166) Metaspace: 66479K->66479K(1107968K)
[80.002s][info][gc             ] GC(166) Pause Young (Normal) (G1 Evacuation Pause) 717M->626M(1700M) 59.198ms
[80.002s][info][gc,cpu         ] GC(166) User=0.06s Sys=0.00s Real=0.06s
[80.299s][info][gc,start       ] GC(167) Pause Young (Normal) (G1 Evacuation Pause)
[80.299s][info][gc,task        ] GC(167) Using 1 workers of 1 for evacuation
[80.348s][info][gc,phases      ] GC(167)   Pre Evacuate Collection Set: 0.1ms
[80.348s][info][gc,phases      ] GC(167)   Evacuate Collection Set: 48.0ms
[80.348s][info][gc,phases      ] GC(167)   Post Evacuate Collection Set: 0.6ms
[80.348s][info][gc,phases      ] GC(167)   Other: 0.3ms
[80.348s][info][gc,heap        ] GC(167) Eden regions: 119->0(136)
[80.348s][info][gc,heap        ] GC(167) Survivor regions: 9->8(16)
[80.348s][info][gc,heap        ] GC(167) Old regions: 422->429
[80.348s][info][gc,heap        ] GC(167) Humongous regions: 197->197
[80.348s][info][gc,metaspace   ] GC(167) Metaspace: 66482K->66482K(1107968K)
[80.348s][info][gc             ] GC(167) Pause Young (Normal) (G1 Evacuation Pause) 745M->632M(1765M) 49.102ms
[80.348s][info][gc,cpu         ] GC(167) User=0.05s Sys=0.00s Real=0.05s
[81.024s][info][gc,start       ] GC(168) Pause Young (Normal) (G1 Evacuation Pause)
[81.024s][info][gc,task        ] GC(168) Using 1 workers of 1 for evacuation
[81.101s][info][gc,phases      ] GC(168)   Pre Evacuate Collection Set: 0.1ms
[81.101s][info][gc,phases      ] GC(168)   Evacuate Collection Set: 76.3ms
[81.101s][info][gc,phases      ] GC(168)   Post Evacuate Collection Set: 0.6ms
[81.101s][info][gc,phases      ] GC(168)   Other: 0.4ms
[81.101s][info][gc,heap        ] GC(168) Eden regions: 121->0(131)
[81.101s][info][gc,heap        ] GC(168) Survivor regions: 8->15(17)
[81.101s][info][gc,heap        ] GC(168) Old regions: 429->429
[81.101s][info][gc,heap        ] GC(168) Humongous regions: 211->211
[81.101s][info][gc,metaspace   ] GC(168) Metaspace: 66482K->66482K(1107968K)
[81.102s][info][gc             ] GC(168) Pause Young (Normal) (G1 Evacuation Pause) 767M->653M(1765M) 77.458ms
[81.102s][info][gc,cpu         ] GC(168) User=0.08s Sys=0.00s Real=0.08s
[81.515s][info][gc,start       ] GC(169) Pause Young (Normal) (G1 Evacuation Pause)
[81.515s][info][gc,task        ] GC(169) Using 1 workers of 1 for evacuation
[81.631s][info][gc,phases      ] GC(169)   Pre Evacuate Collection Set: 0.1ms
[81.631s][info][gc,phases      ] GC(169)   Evacuate Collection Set: 115.3ms
[81.631s][info][gc,phases      ] GC(169)   Post Evacuate Collection Set: 0.5ms
[81.631s][info][gc,phases      ] GC(169)   Other: 0.3ms
[81.631s][info][gc,heap        ] GC(169) Eden regions: 73->0(105)
[81.631s][info][gc,heap        ] GC(169) Survivor regions: 15->11(11)
[81.631s][info][gc,heap        ] GC(169) Old regions: 429->448
[81.631s][info][gc,heap        ] GC(169) Humongous regions: 225->225
[81.631s][info][gc,metaspace   ] GC(169) Metaspace: 66485K->66485K(1107968K)
[81.631s][info][gc             ] GC(169) Pause Young (Normal) (G1 Evacuation Pause) 740M->682M(1765M) 116.397ms
[81.631s][info][gc,cpu         ] GC(169) User=0.11s Sys=0.00s Real=0.12s
[81.912s][info][gc,start       ] GC(170) Pause Young (Normal) (G1 Evacuation Pause)
[81.912s][info][gc,task        ] GC(170) Using 1 workers of 1 for evacuation
[82.077s][info][gc,phases      ] GC(170)   Pre Evacuate Collection Set: 0.1ms
[82.077s][info][gc,phases      ] GC(170)   Evacuate Collection Set: 164.1ms
[82.077s][info][gc,phases      ] GC(170)   Post Evacuate Collection Set: 0.4ms
[82.077s][info][gc,phases      ] GC(170)   Other: 0.3ms
[82.077s][info][gc,heap        ] GC(170) Eden regions: 105->0(93)
[82.077s][info][gc,heap        ] GC(170) Survivor regions: 11->15(15)
[82.077s][info][gc,heap        ] GC(170) Old regions: 448->469
[82.077s][info][gc,heap        ] GC(170) Humongous regions: 236->236
[82.077s][info][gc,metaspace   ] GC(170) Metaspace: 66485K->66485K(1107968K)
[82.077s][info][gc             ] GC(170) Pause Young (Normal) (G1 Evacuation Pause) 798M->718M(1765M) 165.005ms
[82.077s][info][gc,cpu         ] GC(170) User=0.16s Sys=0.01s Real=0.16s
[82.309s][info][gc,start       ] GC(171) Pause Young (Normal) (G1 Evacuation Pause)
[82.309s][info][gc,task        ] GC(171) Using 1 workers of 1 for evacuation
[82.378s][info][gc,phases      ] GC(171)   Pre Evacuate Collection Set: 0.1ms
[82.378s][info][gc,phases      ] GC(171)   Evacuate Collection Set: 68.1ms
[82.378s][info][gc,phases      ] GC(171)   Post Evacuate Collection Set: 0.8ms
[82.378s][info][gc,phases      ] GC(171)   Other: 0.3ms
[82.378s][info][gc,heap        ] GC(171) Eden regions: 93->0(105)
[82.378s][info][gc,heap        ] GC(171) Survivor regions: 15->9(14)
[82.378s][info][gc,heap        ] GC(171) Old regions: 469->484
[82.378s][info][gc,heap        ] GC(171) Humongous regions: 244->244
[82.378s][info][gc,metaspace   ] GC(171) Metaspace: 66485K->66485K(1107968K)
[82.378s][info][gc             ] GC(171) Pause Young (Normal) (G1 Evacuation Pause) 819M->735M(1830M) 69.310ms
[82.378s][info][gc,cpu         ] GC(171) User=0.07s Sys=0.00s Real=0.07s
[82.643s][info][gc,start       ] GC(172) Pause Young (Normal) (G1 Evacuation Pause)
[82.644s][info][gc,task        ] GC(172) Using 1 workers of 1 for evacuation
[82.695s][info][gc,phases      ] GC(172)   Pre Evacuate Collection Set: 0.1ms
[82.695s][info][gc,phases      ] GC(172)   Evacuate Collection Set: 51.1ms
[82.695s][info][gc,phases      ] GC(172)   Post Evacuate Collection Set: 0.4ms
[82.695s][info][gc,phases      ] GC(172)   Other: 0.3ms
[82.695s][info][gc,heap        ] GC(172) Eden regions: 105->0(127)
[82.695s][info][gc,heap        ] GC(172) Survivor regions: 9->8(15)
[82.695s][info][gc,heap        ] GC(172) Old regions: 484->493
[82.695s][info][gc,heap        ] GC(172) Humongous regions: 244->244
[82.695s][info][gc,metaspace   ] GC(172) Metaspace: 66491K->66491K(1107968K)
[82.695s][info][gc             ] GC(172) Pause Young (Normal) (G1 Evacuation Pause) 840M->742M(1830M) 51.965ms
[82.695s][info][gc,cpu         ] GC(172) User=0.05s Sys=0.00s Real=0.05s
[83.046s][info][gc,start       ] GC(173) Pause Young (Normal) (G1 Evacuation Pause)
[83.046s][info][gc,task        ] GC(173) Using 1 workers of 1 for evacuation
[83.107s][info][gc,phases      ] GC(173)   Pre Evacuate Collection Set: 0.1ms
[83.107s][info][gc,phases      ] GC(173)   Evacuate Collection Set: 60.0ms
[83.107s][info][gc,phases      ] GC(173)   Post Evacuate Collection Set: 0.6ms
[83.107s][info][gc,phases      ] GC(173)   Other: 0.3ms
[83.107s][info][gc,heap        ] GC(173) Eden regions: 127->0(118)
[83.107s][info][gc,heap        ] GC(173) Survivor regions: 8->14(17)
[83.107s][info][gc,heap        ] GC(173) Old regions: 493->493
[83.107s][info][gc,heap        ] GC(173) Humongous regions: 253->253
[83.107s][info][gc,metaspace   ] GC(173) Metaspace: 66491K->66491K(1107968K)
[83.107s][info][gc             ] GC(173) Pause Young (Normal) (G1 Evacuation Pause) 878M->757M(1830M) 61.043ms
[83.107s][info][gc,cpu         ] GC(173) User=0.06s Sys=0.00s Real=0.06s
[83.741s][info][gc,start       ] GC(174) Pause Young (Normal) (G1 Evacuation Pause)
[83.741s][info][gc,task        ] GC(174) Using 1 workers of 1 for evacuation
[83.839s][info][gc,phases      ] GC(174)   Pre Evacuate Collection Set: 0.1ms
[83.839s][info][gc,phases      ] GC(174)   Evacuate Collection Set: 97.1ms
[83.839s][info][gc,phases      ] GC(174)   Post Evacuate Collection Set: 0.7ms
[83.839s][info][gc,phases      ] GC(174)   Other: 0.3ms
[83.839s][info][gc,heap        ] GC(174) Eden regions: 77->0(111)
[83.839s][info][gc,heap        ] GC(174) Survivor regions: 14->5(12)
[83.839s][info][gc,heap        ] GC(174) Old regions: 493->506
[83.839s][info][gc,heap        ] GC(174) Humongous regions: 264->259
[83.839s][info][gc,metaspace   ] GC(174) Metaspace: 66513K->66513K(1107968K)
[83.839s][info][gc             ] GC(174) Pause Young (Normal) (G1 Evacuation Pause) 845M->768M(1830M) 98.256ms
[83.839s][info][gc,cpu         ] GC(174) User=0.10s Sys=0.00s Real=0.10s
[84.518s][info][gc,start       ] GC(175) Pause Young (Normal) (G1 Evacuation Pause)
[84.518s][info][gc,task        ] GC(175) Using 1 workers of 1 for evacuation
[84.619s][info][gc,phases      ] GC(175)   Pre Evacuate Collection Set: 0.1ms
[84.619s][info][gc,phases      ] GC(175)   Evacuate Collection Set: 100.5ms
[84.619s][info][gc,phases      ] GC(175)   Post Evacuate Collection Set: 0.8ms
[84.619s][info][gc,phases      ] GC(175)   Other: 0.4ms
[84.619s][info][gc,heap        ] GC(175) Eden regions: 87->0(83)
[84.619s][info][gc,heap        ] GC(175) Survivor regions: 5->12(12)
[84.619s][info][gc,heap        ] GC(175) Old regions: 506->518
[84.619s][info][gc,heap        ] GC(175) Humongous regions: 280->280
[84.619s][info][gc,metaspace   ] GC(175) Metaspace: 66515K->66515K(1107968K)
[84.620s][info][gc             ] GC(175) Pause Young (Normal) (G1 Evacuation Pause) 876M->808M(1864M) 101.875ms
[84.620s][info][gc,cpu         ] GC(175) User=0.10s Sys=0.00s Real=0.10s
[85.026s][info][gc,start       ] GC(176) Pause Young (Normal) (G1 Evacuation Pause)
[85.026s][info][gc,task        ] GC(176) Using 1 workers of 1 for evacuation
[85.116s][info][gc,phases      ] GC(176)   Pre Evacuate Collection Set: 0.1ms
[85.116s][info][gc,phases      ] GC(176)   Evacuate Collection Set: 89.1ms
[85.116s][info][gc,phases      ] GC(176)   Post Evacuate Collection Set: 0.6ms
[85.116s][info][gc,phases      ] GC(176)   Other: 0.4ms
[85.116s][info][gc,heap        ] GC(176) Eden regions: 83->0(93)
[85.116s][info][gc,heap        ] GC(176) Survivor regions: 12->12(12)
[85.116s][info][gc,heap        ] GC(176) Old regions: 518->532
[85.116s][info][gc,heap        ] GC(176) Humongous regions: 291->291
[85.116s][info][gc,metaspace   ] GC(176) Metaspace: 66519K->66519K(1107968K)
[85.116s][info][gc             ] GC(176) Pause Young (Normal) (G1 Evacuation Pause) 902M->833M(1864M) 90.206ms
[85.116s][info][gc,cpu         ] GC(176) User=0.09s Sys=0.00s Real=0.08s
[85.926s][info][gc,start       ] GC(177) Pause Young (Normal) (G1 Evacuation Pause)
[85.926s][info][gc,task        ] GC(177) Using 1 workers of 1 for evacuation
[86.069s][info][gc,phases      ] GC(177)   Pre Evacuate Collection Set: 0.1ms
[86.069s][info][gc,phases      ] GC(177)   Evacuate Collection Set: 141.7ms
[86.069s][info][gc,phases      ] GC(177)   Post Evacuate Collection Set: 0.6ms
[86.069s][info][gc,phases      ] GC(177)   Other: 0.4ms
[86.069s][info][gc,heap        ] GC(177) Eden regions: 93->0(81)
[86.069s][info][gc,heap        ] GC(177) Survivor regions: 12->12(14)
[86.069s][info][gc,heap        ] GC(177) Old regions: 532->544
[86.069s][info][gc,heap        ] GC(177) Humongous regions: 307->302
[86.069s][info][gc,metaspace   ] GC(177) Metaspace: 66559K->66559K(1107968K)
[86.069s][info][gc             ] GC(177) Pause Young (Normal) (G1 Evacuation Pause) 942M->856M(1864M) 143.089ms
[86.069s][info][gc,cpu         ] GC(177) User=0.14s Sys=0.00s Real=0.14s
[86.087s][info][gc,start       ] GC(178) Pause Young (Concurrent Start) (G1 Humongous Allocation)
[86.087s][info][gc,task        ] GC(178) Using 1 workers of 1 for evacuation
[86.128s][info][gc,phases      ] GC(178)   Pre Evacuate Collection Set: 0.4ms
[86.128s][info][gc,phases      ] GC(178)   Evacuate Collection Set: 40.8ms
[86.128s][info][gc,phases      ] GC(178)   Post Evacuate Collection Set: 0.3ms
[86.128s][info][gc,phases      ] GC(178)   Other: 0.3ms
[86.128s][info][gc,heap        ] GC(178) Eden regions: 4->0(107)
[86.128s][info][gc,heap        ] GC(178) Survivor regions: 12->1(12)
[86.128s][info][gc,heap        ] GC(178) Old regions: 544->556
[86.128s][info][gc,heap        ] GC(178) Humongous regions: 302->302
[86.128s][info][gc,metaspace   ] GC(178) Metaspace: 66559K->66559K(1107968K)
[86.128s][info][gc             ] GC(178) Pause Young (Concurrent Start) (G1 Humongous Allocation) 859M->857M(1864M) 41.827ms
[86.129s][info][gc,cpu         ] GC(178) User=0.04s Sys=0.00s Real=0.04s
[86.129s][info][gc             ] GC(179) Concurrent Cycle
[86.129s][info][gc,marking     ] GC(179) Concurrent Clear Claimed Marks
[86.129s][info][gc,marking     ] GC(179) Concurrent Clear Claimed Marks 0.483ms
[86.129s][info][gc,marking     ] GC(179) Concurrent Scan Root Regions
[86.137s][info][gc,marking     ] GC(179) Concurrent Scan Root Regions 7.349ms
[86.137s][info][gc,marking     ] GC(179) Concurrent Mark (86.137s)
[86.137s][info][gc,marking     ] GC(179) Concurrent Mark From Roots
[86.137s][info][gc,task        ] GC(179) Using 1 workers of 1 for marking
[86.495s][info][gc,marking     ] GC(179) Concurrent Mark From Roots 358.097ms
[86.495s][info][gc,marking     ] GC(179) Concurrent Preclean
[86.495s][info][gc,marking     ] GC(179) Concurrent Preclean 0.093ms
[86.495s][info][gc,marking     ] GC(179) Concurrent Mark (86.137s, 86.495s) 358.398ms
[86.498s][info][gc,start       ] GC(179) Pause Remark
[86.516s][info][gc,stringtable ] GC(179) Cleaned string and symbol table, strings: 23199 processed, 24 removed, symbols: 139947 processed, 0 removed
[86.517s][info][gc             ] GC(179) Pause Remark 892M->222M(1864M) 19.447ms
[86.517s][info][gc,cpu         ] GC(179) User=0.02s Sys=0.00s Real=0.01s
[86.521s][info][gc,marking     ] GC(179) Concurrent Rebuild Remembered Sets
[86.813s][info][gc,marking     ] GC(179) Concurrent Rebuild Remembered Sets 291.421ms
[86.816s][info][gc,start       ] GC(179) Pause Cleanup
[86.816s][info][gc             ] GC(179) Pause Cleanup 272M->272M(1864M) 0.366ms
[86.816s][info][gc,cpu         ] GC(179) User=0.00s Sys=0.00s Real=0.00s
[86.816s][info][gc,marking     ] GC(179) Concurrent Cleanup for Next Mark
[86.834s][info][gc,marking     ] GC(179) Concurrent Cleanup for Next Mark 18.336ms
[86.834s][info][gc             ] GC(179) Concurrent Cycle 705.580ms
[87.008s][info][gc,start       ] GC(180) Pause Young (Normal) (G1 Evacuation Pause)
[87.008s][info][gc,task        ] GC(180) Using 1 workers of 1 for evacuation
[87.089s][info][gc,phases      ] GC(180)   Pre Evacuate Collection Set: 0.1ms
[87.090s][info][gc,phases      ] GC(180)   Evacuate Collection Set: 80.0ms
[87.090s][info][gc,phases      ] GC(180)   Post Evacuate Collection Set: 0.9ms
[87.090s][info][gc,phases      ] GC(180)   Other: 0.3ms
[87.090s][info][gc,heap        ] GC(180) Eden regions: 101->0(81)
[87.090s][info][gc,heap        ] GC(180) Survivor regions: 1->13(13)
[87.090s][info][gc,heap        ] GC(180) Old regions: 179->186
[87.090s][info][gc,heap        ] GC(180) Humongous regions: 31->31
[87.090s][info][gc,metaspace   ] GC(180) Metaspace: 66569K->66569K(1107968K)
[87.090s][info][gc             ] GC(180) Pause Young (Normal) (G1 Evacuation Pause) 310M->228M(1892M) 81.348ms
[87.090s][info][gc,cpu         ] GC(180) User=0.08s Sys=0.00s Real=0.08s
[87.698s][info][gc,start       ] GC(181) Pause Young (Normal) (G1 Evacuation Pause)
[87.699s][info][gc,task        ] GC(181) Using 1 workers of 1 for evacuation
[87.800s][info][gc,phases      ] GC(181)   Pre Evacuate Collection Set: 0.1ms
[87.800s][info][gc,phases      ] GC(181)   Evacuate Collection Set: 100.0ms
[87.800s][info][gc,phases      ] GC(181)   Post Evacuate Collection Set: 0.7ms
[87.800s][info][gc,phases      ] GC(181)   Other: 0.4ms
[87.800s][info][gc,heap        ] GC(181) Eden regions: 81->0(82)
[87.800s][info][gc,heap        ] GC(181) Survivor regions: 13->12(12)
[87.800s][info][gc,heap        ] GC(181) Old regions: 186->199
[87.800s][info][gc,heap        ] GC(181) Humongous regions: 47->42
[87.800s][info][gc,metaspace   ] GC(181) Metaspace: 66594K->66594K(1107968K)
[87.800s][info][gc             ] GC(181) Pause Young (Normal) (G1 Evacuation Pause) 325M->251M(1892M) 101.309ms
[87.800s][info][gc,cpu         ] GC(181) User=0.10s Sys=0.00s Real=0.10s
[88.069s][info][gc,start       ] GC(182) Pause Young (Normal) (G1 Evacuation Pause)
[88.069s][info][gc,task        ] GC(182) Using 1 workers of 1 for evacuation
[88.115s][info][gc,phases      ] GC(182)   Pre Evacuate Collection Set: 0.1ms
[88.115s][info][gc,phases      ] GC(182)   Evacuate Collection Set: 45.2ms
[88.115s][info][gc,phases      ] GC(182)   Post Evacuate Collection Set: 0.4ms
[88.115s][info][gc,phases      ] GC(182)   Other: 0.4ms
[88.115s][info][gc,heap        ] GC(182) Eden regions: 82->0(91)
[88.115s][info][gc,heap        ] GC(182) Survivor regions: 12->3(12)
[88.115s][info][gc,heap        ] GC(182) Old regions: 199->211
[88.115s][info][gc,heap        ] GC(182) Humongous regions: 42->42
[88.115s][info][gc,metaspace   ] GC(182) Metaspace: 66601K->66601K(1107968K)
[88.115s][info][gc             ] GC(182) Pause Young (Normal) (G1 Evacuation Pause) 333M->254M(1892M) 46.220ms
[88.115s][info][gc,cpu         ] GC(182) User=0.05s Sys=0.00s Real=0.04s
[88.525s][info][gc,start       ] GC(183) Pause Young (Normal) (G1 Evacuation Pause)
[88.525s][info][gc,task        ] GC(183) Using 1 workers of 1 for evacuation
[88.576s][info][gc,phases      ] GC(183)   Pre Evacuate Collection Set: 0.1ms
[88.576s][info][gc,phases      ] GC(183)   Evacuate Collection Set: 49.9ms
[88.576s][info][gc,phases      ] GC(183)   Post Evacuate Collection Set: 0.6ms
[88.576s][info][gc,phases      ] GC(183)   Other: 0.4ms
[88.576s][info][gc,heap        ] GC(183) Eden regions: 91->0(82)
[88.576s][info][gc,heap        ] GC(183) Survivor regions: 3->12(12)
[88.576s][info][gc,heap        ] GC(183) Old regions: 211->212
[88.576s][info][gc,heap        ] GC(183) Humongous regions: 53->53
[88.576s][info][gc,metaspace   ] GC(183) Metaspace: 66602K->66602K(1107968K)
[88.576s][info][gc             ] GC(183) Pause Young (Normal) (G1 Evacuation Pause) 356M->275M(1892M) 50.949ms
[88.576s][info][gc,cpu         ] GC(183) User=0.05s Sys=0.01s Real=0.04s
[88.958s][info][gc,start       ] GC(184) Pause Young (Normal) (G1 Evacuation Pause)
[88.959s][info][gc,task        ] GC(184) Using 1 workers of 1 for evacuation
[89.051s][info][gc,phases      ] GC(184)   Pre Evacuate Collection Set: 0.1ms
[89.051s][info][gc,phases      ] GC(184)   Evacuate Collection Set: 91.4ms
[89.051s][info][gc,phases      ] GC(184)   Post Evacuate Collection Set: 0.6ms
[89.051s][info][gc,phases      ] GC(184)   Other: 0.4ms
[89.051s][info][gc,heap        ] GC(184) Eden regions: 82->0(89)
[89.051s][info][gc,heap        ] GC(184) Survivor regions: 12->12(12)
[89.051s][info][gc,heap        ] GC(184) Old regions: 212->224
[89.051s][info][gc,heap        ] GC(184) Humongous regions: 64->64
[89.051s][info][gc,metaspace   ] GC(184) Metaspace: 66605K->66605K(1107968K)
[89.051s][info][gc             ] GC(184) Pause Young (Normal) (G1 Evacuation Pause) 368M->298M(1905M) 92.616ms
[89.051s][info][gc,cpu         ] GC(184) User=0.09s Sys=0.00s Real=0.09s
[89.323s][info][gc,start       ] GC(185) Pause Young (Normal) (G1 Evacuation Pause)
[89.323s][info][gc,task        ] GC(185) Using 1 workers of 1 for evacuation
[89.372s][info][gc,phases      ] GC(185)   Pre Evacuate Collection Set: 0.1ms
[89.372s][info][gc,phases      ] GC(185)   Evacuate Collection Set: 48.2ms
[89.372s][info][gc,phases      ] GC(185)   Post Evacuate Collection Set: 0.4ms
[89.372s][info][gc,phases      ] GC(185)   Other: 0.3ms
[89.372s][info][gc,heap        ] GC(185) Eden regions: 89->0(105)
[89.372s][info][gc,heap        ] GC(185) Survivor regions: 12->5(13)
[89.372s][info][gc,heap        ] GC(185) Old regions: 224->235
[89.372s][info][gc,heap        ] GC(185) Humongous regions: 70->65
[89.372s][info][gc,metaspace   ] GC(185) Metaspace: 66617K->66617K(1107968K)
[89.372s][info][gc             ] GC(185) Pause Young (Normal) (G1 Evacuation Pause) 393M->303M(1905M) 49.129ms
[89.372s][info][gc,cpu         ] GC(185) User=0.05s Sys=0.00s Real=0.05s
[90.014s][info][gc,start       ] GC(186) Pause Young (Normal) (G1 Evacuation Pause)
[90.014s][info][gc,task        ] GC(186) Using 1 workers of 1 for evacuation
[90.226s][info][gc,mmu         ] GC(186) MMU target violated: 201.0ms (200.0ms/201.0ms)
[90.226s][info][gc,phases      ] GC(186)   Pre Evacuate Collection Set: 0.1ms
[90.226s][info][gc,phases      ] GC(186)   Evacuate Collection Set: 211.3ms
[90.226s][info][gc,phases      ] GC(186)   Post Evacuate Collection Set: 0.5ms
[90.226s][info][gc,phases      ] GC(186)   Other: 0.6ms
[90.226s][info][gc,heap        ] GC(186) Eden regions: 105->0(81)
[90.226s][info][gc,heap        ] GC(186) Survivor regions: 5->14(14)
[90.226s][info][gc,heap        ] GC(186) Old regions: 235->242
[90.226s][info][gc,heap        ] GC(186) Humongous regions: 75->75
[90.226s][info][gc,metaspace   ] GC(186) Metaspace: 66618K->66618K(1110016K)
[90.226s][info][gc             ] GC(186) Pause Young (Normal) (G1 Evacuation Pause) 418M->329M(1905M) 212.531ms
[90.226s][info][gc,cpu         ] GC(186) User=0.10s Sys=0.00s Real=0.22s
[90.578s][info][gc,start       ] GC(187) Pause Young (Normal) (G1 Evacuation Pause)
[90.578s][info][gc,task        ] GC(187) Using 1 workers of 1 for evacuation
[90.698s][info][gc,phases      ] GC(187)   Pre Evacuate Collection Set: 0.1ms
[90.698s][info][gc,phases      ] GC(187)   Evacuate Collection Set: 119.2ms
[90.698s][info][gc,phases      ] GC(187)   Post Evacuate Collection Set: 0.5ms
[90.698s][info][gc,phases      ] GC(187)   Other: 0.6ms
[90.698s][info][gc,heap        ] GC(187) Eden regions: 81->0(87)
[90.698s][info][gc,heap        ] GC(187) Survivor regions: 14->8(12)
[90.698s][info][gc,heap        ] GC(187) Old regions: 242->256
[90.698s][info][gc,heap        ] GC(187) Humongous regions: 156->110
[90.698s][info][gc,metaspace   ] GC(187) Metaspace: 66635K->66635K(1110016K)
[90.698s][info][gc             ] GC(187) Pause Young (Normal) (G1 Evacuation Pause) 491M->372M(1905M) 120.481ms
[90.698s][info][gc,cpu         ] GC(187) User=0.12s Sys=0.00s Real=0.12s
[90.891s][info][gc,start       ] GC(188) Pause Young (Normal) (G1 Evacuation Pause)
[90.891s][info][gc,task        ] GC(188) Using 1 workers of 1 for evacuation
[90.966s][info][gc,phases      ] GC(188)   Pre Evacuate Collection Set: 0.1ms
[90.966s][info][gc,phases      ] GC(188)   Evacuate Collection Set: 74.5ms
[90.966s][info][gc,phases      ] GC(188)   Post Evacuate Collection Set: 0.6ms
[90.966s][info][gc,phases      ] GC(188)   Other: 0.3ms
[90.966s][info][gc,heap        ] GC(188) Eden regions: 87->0(84)
[90.966s][info][gc,heap        ] GC(188) Survivor regions: 8->12(12)
[90.966s][info][gc,heap        ] GC(188) Old regions: 256->265
[90.966s][info][gc,heap        ] GC(188) Humongous regions: 120->98
[90.966s][info][gc,metaspace   ] GC(188) Metaspace: 66643K->66643K(1110016K)
[90.966s][info][gc             ] GC(188) Pause Young (Normal) (G1 Evacuation Pause) 469M->373M(1927M) 75.506ms
[90.966s][info][gc,cpu         ] GC(188) User=0.07s Sys=0.00s Real=0.08s
[91.387s][info][gc,start       ] GC(189) Pause Young (Normal) (G1 Evacuation Pause)
[91.387s][info][gc,task        ] GC(189) Using 1 workers of 1 for evacuation
[91.478s][info][gc,phases      ] GC(189)   Pre Evacuate Collection Set: 0.1ms
[91.478s][info][gc,phases      ] GC(189)   Evacuate Collection Set: 89.4ms
[91.478s][info][gc,phases      ] GC(189)   Post Evacuate Collection Set: 0.5ms
[91.478s][info][gc,phases      ] GC(189)   Other: 0.4ms
[91.478s][info][gc,heap        ] GC(189) Eden regions: 84->0(86)
[91.478s][info][gc,heap        ] GC(189) Survivor regions: 12->12(12)
[91.478s][info][gc,heap        ] GC(189) Old regions: 265->278
[91.478s][info][gc,heap        ] GC(189) Humongous regions: 108->108
[91.478s][info][gc,metaspace   ] GC(189) Metaspace: 66643K->66643K(1110016K)
[91.478s][info][gc             ] GC(189) Pause Young (Normal) (G1 Evacuation Pause) 467M->395M(1927M) 90.515ms
[91.478s][info][gc,cpu         ] GC(189) User=0.09s Sys=0.00s Real=0.09s
[91.879s][info][gc,start       ] GC(190) Pause Young (Normal) (G1 Evacuation Pause)
[91.879s][info][gc,task        ] GC(190) Using 1 workers of 1 for evacuation
[91.993s][info][gc,phases      ] GC(190)   Pre Evacuate Collection Set: 0.1ms
[91.993s][info][gc,phases      ] GC(190)   Evacuate Collection Set: 113.1ms
[91.994s][info][gc,phases      ] GC(190)   Post Evacuate Collection Set: 0.5ms
[91.994s][info][gc,phases      ] GC(190)   Other: 0.3ms
[91.994s][info][gc,heap        ] GC(190) Eden regions: 86->0(87)
[91.994s][info][gc,heap        ] GC(190) Survivor regions: 12->9(13)
[91.994s][info][gc,heap        ] GC(190) Old regions: 278->290
[91.994s][info][gc,heap        ] GC(190) Humongous regions: 187->141
[91.994s][info][gc,metaspace   ] GC(190) Metaspace: 66669K->66669K(1110016K)
[91.994s][info][gc             ] GC(190) Pause Young (Normal) (G1 Evacuation Pause) 560M->437M(1927M) 114.241ms
[91.994s][info][gc,cpu         ] GC(190) User=0.12s Sys=0.00s Real=0.11s
[92.126s][info][gc,start       ] GC(191) Pause Young (Normal) (G1 Evacuation Pause)
[92.126s][info][gc,task        ] GC(191) Using 1 workers of 1 for evacuation
[92.202s][info][gc,phases      ] GC(191)   Pre Evacuate Collection Set: 0.1ms
[92.202s][info][gc,phases      ] GC(191)   Evacuate Collection Set: 75.0ms
[92.202s][info][gc,phases      ] GC(191)   Post Evacuate Collection Set: 0.4ms
[92.202s][info][gc,phases      ] GC(191)   Other: 0.3ms
[92.202s][info][gc,heap        ] GC(191) Eden regions: 87->0(88)
[92.202s][info][gc,heap        ] GC(191) Survivor regions: 9->12(12)
[92.202s][info][gc,heap        ] GC(191) Old regions: 290->300
[92.202s][info][gc,heap        ] GC(191) Humongous regions: 151->129
[92.202s][info][gc,metaspace   ] GC(191) Metaspace: 66672K->66672K(1110016K)
[92.202s][info][gc             ] GC(191) Pause Young (Normal) (G1 Evacuation Pause) 534M->439M(1927M) 75.836ms
[92.202s][info][gc,cpu         ] GC(191) User=0.07s Sys=0.00s Real=0.07s
[92.988s][info][gc,start       ] GC(192) Pause Young (Normal) (G1 Evacuation Pause)
[92.989s][info][gc,task        ] GC(192) Using 1 workers of 1 for evacuation
[93.262s][info][gc,mmu         ] GC(192) MMU target violated: 201.0ms (200.0ms/201.0ms)
[93.265s][info][gc,phases      ] GC(192)   Pre Evacuate Collection Set: 0.1ms
[93.265s][info][gc,phases      ] GC(192)   Evacuate Collection Set: 272.1ms
[93.265s][info][gc,phases      ] GC(192)   Post Evacuate Collection Set: 0.6ms
[93.265s][info][gc,phases      ] GC(192)   Other: 4.2ms
[93.265s][info][gc,heap        ] GC(192) Eden regions: 88->0(84)
[93.265s][info][gc,heap        ] GC(192) Survivor regions: 12->13(13)
[93.265s][info][gc,heap        ] GC(192) Old regions: 300->312
[93.265s][info][gc,heap        ] GC(192) Humongous regions: 138->138
[93.265s][info][gc,metaspace   ] GC(192) Metaspace: 66673K->66673K(1110016K)
[93.265s][info][gc             ] GC(192) Pause Young (Normal) (G1 Evacuation Pause) 536M->461M(1942M) 277.314ms
[93.265s][info][gc,cpu         ] GC(192) User=0.10s Sys=0.00s Real=0.27s
[94.192s][info][gc,start       ] GC(193) Pause Young (Normal) (G1 Evacuation Pause)
[94.194s][info][gc,task        ] GC(193) Using 1 workers of 1 for evacuation
[94.369s][info][gc,phases      ] GC(193)   Pre Evacuate Collection Set: 0.1ms
[94.374s][info][gc,phases      ] GC(193)   Evacuate Collection Set: 173.8ms
[94.374s][info][gc,phases      ] GC(193)   Post Evacuate Collection Set: 0.5ms
[94.374s][info][gc,phases      ] GC(193)   Other: 1.8ms
[94.374s][info][gc,heap        ] GC(193) Eden regions: 84->0(87)
[94.374s][info][gc,heap        ] GC(193) Survivor regions: 13->10(13)
[94.374s][info][gc,heap        ] GC(193) Old regions: 312->325
[94.374s][info][gc,heap        ] GC(193) Humongous regions: 228->190
[94.374s][info][gc,metaspace   ] GC(193) Metaspace: 66734K->66734K(1110016K)
[94.374s][info][gc             ] GC(193) Pause Young (Normal) (G1 Evacuation Pause) 635M->523M(1942M) 181.481ms
[94.374s][info][gc,cpu         ] GC(193) User=0.08s Sys=0.00s Real=0.18s
[94.810s][info][gc,start       ] GC(194) Pause Young (Normal) (G1 Evacuation Pause)
[94.811s][info][gc,task        ] GC(194) Using 1 workers of 1 for evacuation
[94.983s][info][gc,phases      ] GC(194)   Pre Evacuate Collection Set: 0.2ms
[94.983s][info][gc,phases      ] GC(194)   Evacuate Collection Set: 171.2ms
[94.983s][info][gc,phases      ] GC(194)   Post Evacuate Collection Set: 0.5ms
[94.983s][info][gc,phases      ] GC(194)   Other: 1.3ms
[94.983s][info][gc,heap        ] GC(194) Eden regions: 87->0(84)
[94.983s][info][gc,heap        ] GC(194) Survivor regions: 10->13(13)
[94.983s][info][gc,heap        ] GC(194) Old regions: 325->344
[94.983s][info][gc,heap        ] GC(194) Humongous regions: 199->175
[94.983s][info][gc,metaspace   ] GC(194) Metaspace: 66737K->66737K(1110016K)
[94.983s][info][gc             ] GC(194) Pause Young (Normal) (G1 Evacuation Pause) 619M->530M(1942M) 173.229ms
[94.983s][info][gc,cpu         ] GC(194) User=0.11s Sys=0.00s Real=0.17s
[95.138s][info][gc,start       ] GC(195) Pause Young (Normal) (G1 Evacuation Pause)
[95.138s][info][gc,task        ] GC(195) Using 1 workers of 1 for evacuation
[95.189s][info][gc,phases      ] GC(195)   Pre Evacuate Collection Set: 0.1ms
[95.190s][info][gc,phases      ] GC(195)   Evacuate Collection Set: 46.6ms
[95.190s][info][gc,phases      ] GC(195)   Post Evacuate Collection Set: 4.6ms
[95.190s][info][gc,phases      ] GC(195)   Other: 0.4ms
[95.190s][info][gc,heap        ] GC(195) Eden regions: 84->0(96)
[95.190s][info][gc,heap        ] GC(195) Survivor regions: 13->1(13)
[95.190s][info][gc,heap        ] GC(195) Old regions: 344->357
[95.190s][info][gc,heap        ] GC(195) Humongous regions: 175->175
[95.190s][info][gc,metaspace   ] GC(195) Metaspace: 66737K->66737K(1110016K)
[95.190s][info][gc             ] GC(195) Pause Young (Normal) (G1 Evacuation Pause) 614M->530M(1942M) 51.733ms
[95.190s][info][gc,cpu         ] GC(195) User=0.05s Sys=0.00s Real=0.05s
[95.347s][info][gc,start       ] GC(196) Pause Young (Normal) (G1 Evacuation Pause)
[95.347s][info][gc,task        ] GC(196) Using 1 workers of 1 for evacuation
[95.350s][info][gc,phases      ] GC(196)   Pre Evacuate Collection Set: 0.1ms
[95.350s][info][gc,phases      ] GC(196)   Evacuate Collection Set: 2.1ms
[95.350s][info][gc,phases      ] GC(196)   Post Evacuate Collection Set: 0.5ms
[95.350s][info][gc,phases      ] GC(196)   Other: 0.3ms
[95.350s][info][gc,heap        ] GC(196) Eden regions: 96->0(97)
[95.350s][info][gc,heap        ] GC(196) Survivor regions: 1->1(13)
[95.350s][info][gc,heap        ] GC(196) Old regions: 357->357
[95.350s][info][gc,heap        ] GC(196) Humongous regions: 175->175
[95.350s][info][gc,metaspace   ] GC(196) Metaspace: 66737K->66737K(1110016K)
[95.350s][info][gc             ] GC(196) Pause Young (Normal) (G1 Evacuation Pause) 626M->530M(1962M) 3.010ms
[95.350s][info][gc,cpu         ] GC(196) User=0.00s Sys=0.00s Real=0.00s
[95.499s][info][gc,start       ] GC(197) Pause Young (Normal) (G1 Evacuation Pause)
[95.499s][info][gc,task        ] GC(197) Using 1 workers of 1 for evacuation
[95.501s][info][gc,phases      ] GC(197)   Pre Evacuate Collection Set: 0.1ms
[95.501s][info][gc,phases      ] GC(197)   Evacuate Collection Set: 1.7ms
[95.501s][info][gc,phases      ] GC(197)   Post Evacuate Collection Set: 0.4ms
[95.501s][info][gc,phases      ] GC(197)   Other: 0.3ms
[95.501s][info][gc,heap        ] GC(197) Eden regions: 97->0(122)
[95.501s][info][gc,heap        ] GC(197) Survivor regions: 1->1(13)
[95.501s][info][gc,heap        ] GC(197) Old regions: 357->357
[95.501s][info][gc,heap        ] GC(197) Humongous regions: 175->175
[95.501s][info][gc,metaspace   ] GC(197) Metaspace: 66737K->66737K(1110016K)
[95.501s][info][gc             ] GC(197) Pause Young (Normal) (G1 Evacuation Pause) 627M->530M(1962M) 2.592ms
[95.501s][info][gc,cpu         ] GC(197) User=0.00s Sys=0.00s Real=0.00s
[95.624s][info][gc,start       ] GC(198) Pause Young (Normal) (G1 Evacuation Pause)
[95.624s][info][gc,task        ] GC(198) Using 1 workers of 1 for evacuation
[95.722s][info][gc,phases      ] GC(198)   Pre Evacuate Collection Set: 0.1ms
[95.722s][info][gc,phases      ] GC(198)   Evacuate Collection Set: 96.7ms
[95.722s][info][gc,phases      ] GC(198)   Post Evacuate Collection Set: 0.7ms
[95.722s][info][gc,phases      ] GC(198)   Other: 0.3ms
[95.722s][info][gc,heap        ] GC(198) Eden regions: 122->0(96)
[95.722s][info][gc,heap        ] GC(198) Survivor regions: 1->16(16)
[95.722s][info][gc,heap        ] GC(198) Old regions: 357->382
[95.722s][info][gc,heap        ] GC(198) Humongous regions: 178->178
[95.722s][info][gc,metaspace   ] GC(198) Metaspace: 66737K->66737K(1110016K)
[95.722s][info][gc             ] GC(198) Pause Young (Normal) (G1 Evacuation Pause) 655M->574M(1962M) 97.890ms
[95.722s][info][gc,cpu         ] GC(198) User=0.09s Sys=0.00s Real=0.10s
[95.795s][info][gc,start       ] GC(199) Pause Young (Normal) (G1 Evacuation Pause)
[95.795s][info][gc,task        ] GC(199) Using 1 workers of 1 for evacuation
[95.880s][info][gc,phases      ] GC(199)   Pre Evacuate Collection Set: 0.2ms
[95.880s][info][gc,phases      ] GC(199)   Evacuate Collection Set: 84.6ms
[95.880s][info][gc,phases      ] GC(199)   Post Evacuate Collection Set: 0.4ms
[95.881s][info][gc,phases      ] GC(199)   Other: 0.5ms
[95.881s][info][gc,heap        ] GC(199) Eden regions: 96->0(117)
[95.881s][info][gc,heap        ] GC(199) Survivor regions: 16->0(14)
[95.881s][info][gc,heap        ] GC(199) Old regions: 382->398
[95.881s][info][gc,heap        ] GC(199) Humongous regions: 178->178
[95.881s][info][gc,metaspace   ] GC(199) Metaspace: 66737K->66737K(1110016K)
[95.881s][info][gc             ] GC(199) Pause Young (Normal) (G1 Evacuation Pause) 670M->574M(1962M) 85.776ms
[95.881s][info][gc,cpu         ] GC(199) User=0.08s Sys=0.00s Real=0.09s
[96.102s][info][gc,heap,exit   ] Heap
[96.102s][info][gc,heap,exit   ]  garbage-first heap   total 2009088K, used 639622K [0x0000000083000000, 0x0000000100000000)
[96.102s][info][gc,heap,exit   ]   region size 1024K, 51 young (52224K), 0 survivors (0K)
[96.102s][info][gc,heap,exit   ]  Metaspace       used 67255K, capacity 71180K, committed 71452K, reserved 1110016K
[96.102s][info][gc,heap,exit   ]   class space    used 9483K, capacity 11430K, committed 11520K, reserved 1048576K
