[0.003s][info][gc,heap] Heap region size: 1M
[0.004s][info][gc     ] Using G1
[0.005s][info][gc,heap,coops] Heap address: 0x00000000a2400000, size: 1500 MB, Compressed Oops mode: 32-bit
[0.567s][info][gc,start     ] GC(0) Pause Young (Normal) (G1 Evacuation Pause)
[0.567s][info][gc,task      ] GC(0) Using 1 workers of 1 for evacuation
[0.572s][info][gc,phases    ] GC(0)   Pre Evacuate Collection Set: 0.0ms
[0.572s][info][gc,phases    ] GC(0)   Evacuate Collection Set: 4.5ms
[0.572s][info][gc,phases    ] GC(0)   Post Evacuate Collection Set: 0.1ms
[0.572s][info][gc,phases    ] GC(0)   Other: 0.2ms
[0.572s][info][gc,heap      ] GC(0) Eden regions: 6->0(5)
[0.572s][info][gc,heap      ] GC(0) Survivor regions: 0->1(1)
[0.572s][info][gc,heap      ] GC(0) Old regions: 0->2
[0.572s][info][gc,heap      ] GC(0) Humongous regions: 0->0
[0.572s][info][gc,metaspace ] GC(0) Metaspace: 2160K->2160K(1056768K)
[0.572s][info][gc           ] GC(0) Pause Young (Normal) (G1 Evacuation Pause) 6M->2M(126M) 4.948ms
[0.572s][info][gc,cpu       ] GC(0) User=0.00s Sys=0.00s Real=0.01s
[0.726s][info][gc,start     ] GC(1) Pause Young (Normal) (G1 Evacuation Pause)
[0.726s][info][gc,task      ] GC(1) Using 1 workers of 1 for evacuation
[0.729s][info][gc,phases    ] GC(1)   Pre Evacuate Collection Set: 0.0ms
[0.729s][info][gc,phases    ] GC(1)   Evacuate Collection Set: 2.5ms
[0.729s][info][gc,phases    ] GC(1)   Post Evacuate Collection Set: 0.1ms
[0.729s][info][gc,phases    ] GC(1)   Other: 0.1ms
[0.729s][info][gc,heap      ] GC(1) Eden regions: 5->0(6)
[0.729s][info][gc,heap      ] GC(1) Survivor regions: 1->1(1)
[0.729s][info][gc,heap      ] GC(1) Old regions: 2->3
[0.729s][info][gc,heap      ] GC(1) Humongous regions: 0->0
[0.729s][info][gc,metaspace ] GC(1) Metaspace: 4300K->4300K(1056768K)
[0.729s][info][gc           ] GC(1) Pause Young (Normal) (G1 Evacuation Pause) 7M->2M(126M) 2.746ms
[0.729s][info][gc,cpu       ] GC(1) User=0.01s Sys=0.00s Real=0.00s
[0.945s][info][gc,start     ] GC(2) Pause Young (Normal) (G1 Evacuation Pause)
[0.945s][info][gc,task      ] GC(2) Using 1 workers of 1 for evacuation
[0.947s][info][gc,phases    ] GC(2)   Pre Evacuate Collection Set: 0.0ms
[0.947s][info][gc,phases    ] GC(2)   Evacuate Collection Set: 1.5ms
[0.947s][info][gc,phases    ] GC(2)   Post Evacuate Collection Set: 0.0ms
[0.947s][info][gc,phases    ] GC(2)   Other: 0.2ms
[0.947s][info][gc,heap      ] GC(2) Eden regions: 6->0(13)
[0.947s][info][gc,heap      ] GC(2) Survivor regions: 1->1(1)
[0.947s][info][gc,heap      ] GC(2) Old regions: 3->3
[0.947s][info][gc,heap      ] GC(2) Humongous regions: 0->0
[0.947s][info][gc,metaspace ] GC(2) Metaspace: 6648K->6648K(1058816K)
[0.947s][info][gc           ] GC(2) Pause Young (Normal) (G1 Evacuation Pause) 8M->2M(126M) 1.918ms
[0.947s][info][gc,cpu       ] GC(2) User=0.00s Sys=0.00s Real=0.00s
[2.517s][info][gc,start     ] GC(3) Pause Young (Normal) (G1 Evacuation Pause)
[2.518s][info][gc,task      ] GC(3) Using 1 workers of 1 for evacuation
[2.521s][info][gc,phases    ] GC(3)   Pre Evacuate Collection Set: 0.0ms
[2.521s][info][gc,phases    ] GC(3)   Evacuate Collection Set: 3.0ms
[2.521s][info][gc,phases    ] GC(3)   Post Evacuate Collection Set: 0.1ms
[2.521s][info][gc,phases    ] GC(3)   Other: 0.3ms
[2.521s][info][gc,heap      ] GC(3) Eden regions: 13->0(18)
[2.521s][info][gc,heap      ] GC(3) Survivor regions: 1->2(2)
[2.521s][info][gc,heap      ] GC(3) Old regions: 3->3
[2.521s][info][gc,heap      ] GC(3) Humongous regions: 0->0
[2.521s][info][gc,metaspace ] GC(3) Metaspace: 8496K->8496K(1058816K)
[2.521s][info][gc           ] GC(3) Pause Young (Normal) (G1 Evacuation Pause) 15M->4M(126M) 3.575ms
[2.521s][info][gc,cpu       ] GC(3) User=0.00s Sys=0.00s Real=0.00s
[2.853s][info][gc,start     ] GC(4) Pause Young (Normal) (G1 Evacuation Pause)
[2.853s][info][gc,task      ] GC(4) Using 1 workers of 1 for evacuation
[2.859s][info][gc,phases    ] GC(4)   Pre Evacuate Collection Set: 0.0ms
[2.859s][info][gc,phases    ] GC(4)   Evacuate Collection Set: 6.3ms
[2.859s][info][gc,phases    ] GC(4)   Post Evacuate Collection Set: 0.1ms
[2.859s][info][gc,phases    ] GC(4)   Other: 0.2ms
[2.859s][info][gc,heap      ] GC(4) Eden regions: 18->0(20)
[2.859s][info][gc,heap      ] GC(4) Survivor regions: 2->3(3)
[2.859s][info][gc,heap      ] GC(4) Old regions: 3->10
[2.859s][info][gc,heap      ] GC(4) Humongous regions: 6->6
[2.859s][info][gc,metaspace ] GC(4) Metaspace: 12209K->12209K(1060864K)
[2.859s][info][gc           ] GC(4) Pause Young (Normal) (G1 Evacuation Pause) 27M->18M(126M) 6.756ms
[2.859s][info][gc,cpu       ] GC(4) User=0.00s Sys=0.00s Real=0.00s
[3.557s][info][gc,start     ] GC(5) Pause Young (Normal) (G1 Evacuation Pause)
[3.557s][info][gc,task      ] GC(5) Using 1 workers of 1 for evacuation
[3.564s][info][gc,phases    ] GC(5)   Pre Evacuate Collection Set: 0.0ms
[3.564s][info][gc,phases    ] GC(5)   Evacuate Collection Set: 6.8ms
[3.564s][info][gc,phases    ] GC(5)   Post Evacuate Collection Set: 0.2ms
[3.564s][info][gc,phases    ] GC(5)   Other: 0.3ms
[3.564s][info][gc,heap      ] GC(5) Eden regions: 20->0(23)
[3.564s][info][gc,heap      ] GC(5) Survivor regions: 3->3(3)
[3.564s][info][gc,heap      ] GC(5) Old regions: 10->13
[3.564s][info][gc,heap      ] GC(5) Humongous regions: 6->6
[3.564s][info][gc,metaspace ] GC(5) Metaspace: 18356K->18356K(1067008K)
[3.564s][info][gc           ] GC(5) Pause Young (Normal) (G1 Evacuation Pause) 38M->20M(126M) 7.289ms
[3.564s][info][gc,cpu       ] GC(5) User=0.01s Sys=0.00s Real=0.01s
[3.758s][info][gc,start     ] GC(6) Pause Young (Concurrent Start) (Metadata GC Threshold)
[3.758s][info][gc,task      ] GC(6) Using 1 workers of 1 for evacuation
[3.765s][info][gc,phases    ] GC(6)   Pre Evacuate Collection Set: 0.1ms
[3.765s][info][gc,phases    ] GC(6)   Evacuate Collection Set: 7.1ms
[3.765s][info][gc,phases    ] GC(6)   Post Evacuate Collection Set: 0.1ms
[3.765s][info][gc,phases    ] GC(6)   Other: 0.2ms
[3.765s][info][gc,heap      ] GC(6) Eden regions: 7->0(27)
[3.765s][info][gc,heap      ] GC(6) Survivor regions: 3->1(4)
[3.765s][info][gc,heap      ] GC(6) Old regions: 13->15
[3.765s][info][gc,heap      ] GC(6) Humongous regions: 6->6
[3.765s][info][gc,metaspace ] GC(6) Metaspace: 20170K->20170K(1067008K)
[3.765s][info][gc           ] GC(6) Pause Young (Concurrent Start) (Metadata GC Threshold) 27M->20M(126M) 7.531ms
[3.765s][info][gc,cpu       ] GC(6) User=0.00s Sys=0.00s Real=0.01s
[3.766s][info][gc           ] GC(7) Concurrent Cycle
[3.766s][info][gc,marking   ] GC(7) Concurrent Clear Claimed Marks
[3.766s][info][gc,marking   ] GC(7) Concurrent Clear Claimed Marks 0.092ms
[3.766s][info][gc,marking   ] GC(7) Concurrent Scan Root Regions
[3.766s][info][gc,marking   ] GC(7) Concurrent Scan Root Regions 0.679ms
[3.766s][info][gc,marking   ] GC(7) Concurrent Mark (3.766s)
[3.766s][info][gc,marking   ] GC(7) Concurrent Mark From Roots
[3.766s][info][gc,task      ] GC(7) Using 1 workers of 1 for marking
[3.791s][info][gc,marking   ] GC(7) Concurrent Mark From Roots 24.577ms
[3.791s][info][gc,marking   ] GC(7) Concurrent Preclean
[3.793s][info][gc,marking   ] GC(7) Concurrent Preclean 1.630ms
[3.793s][info][gc,marking   ] GC(7) Concurrent Mark (3.766s, 3.793s) 26.293ms
[3.794s][info][gc,start     ] GC(7) Pause Remark
[3.798s][info][gc,stringtable] GC(7) Cleaned string and symbol table, strings: 7877 processed, 7 removed, symbols: 40189 processed, 45 removed
[3.798s][info][gc            ] GC(7) Pause Remark 21M->21M(126M) 3.995ms
[3.798s][info][gc,cpu        ] GC(7) User=0.00s Sys=0.00s Real=0.00s
[3.798s][info][gc,marking    ] GC(7) Concurrent Rebuild Remembered Sets
[3.807s][info][gc,marking    ] GC(7) Concurrent Rebuild Remembered Sets 8.164ms
[3.807s][info][gc,start      ] GC(7) Pause Cleanup
[3.807s][info][gc            ] GC(7) Pause Cleanup 21M->21M(126M) 0.042ms
[3.807s][info][gc,cpu        ] GC(7) User=0.00s Sys=0.00s Real=0.00s
[3.810s][info][gc,marking    ] GC(7) Concurrent Cleanup for Next Mark
[3.822s][info][gc,marking    ] GC(7) Concurrent Cleanup for Next Mark 12.760ms
[3.822s][info][gc            ] GC(7) Concurrent Cycle 56.963ms
[4.546s][info][gc,start      ] GC(8) Pause Young (Normal) (G1 Evacuation Pause)
[4.546s][info][gc,task       ] GC(8) Using 1 workers of 1 for evacuation
[4.553s][info][gc,phases     ] GC(8)   Pre Evacuate Collection Set: 0.0ms
[4.553s][info][gc,phases     ] GC(8)   Evacuate Collection Set: 6.4ms
[4.553s][info][gc,phases     ] GC(8)   Post Evacuate Collection Set: 0.4ms
[4.553s][info][gc,phases     ] GC(8)   Other: 0.3ms
[4.553s][info][gc,heap       ] GC(8) Eden regions: 28->0(50)
[4.553s][info][gc,heap       ] GC(8) Survivor regions: 1->2(4)
[4.553s][info][gc,heap       ] GC(8) Old regions: 15->15
[4.553s][info][gc,heap       ] GC(8) Humongous regions: 6->6
[4.553s][info][gc,metaspace  ] GC(8) Metaspace: 26403K->26403K(1073152K)
[4.553s][info][gc            ] GC(8) Pause Young (Normal) (G1 Evacuation Pause) 48M->22M(152M) 7.087ms
[4.553s][info][gc,cpu        ] GC(8) User=0.01s Sys=0.00s Real=0.01s
[5.521s][info][gc,start      ] GC(9) Pause Young (Concurrent Start) (Metadata GC Threshold)
[5.521s][info][gc,task       ] GC(9) Using 1 workers of 1 for evacuation
[5.531s][info][gc,phases     ] GC(9)   Pre Evacuate Collection Set: 0.2ms
[5.531s][info][gc,phases     ] GC(9)   Evacuate Collection Set: 9.4ms
[5.531s][info][gc,phases     ] GC(9)   Post Evacuate Collection Set: 0.3ms
[5.531s][info][gc,phases     ] GC(9)   Other: 0.3ms
[5.531s][info][gc,heap       ] GC(9) Eden regions: 40->0(52)
[5.531s][info][gc,heap       ] GC(9) Survivor regions: 2->4(7)
[5.531s][info][gc,heap       ] GC(9) Old regions: 15->15
[5.531s][info][gc,heap       ] GC(9) Humongous regions: 6->6
[5.531s][info][gc,metaspace  ] GC(9) Metaspace: 34481K->34481K(1079296K)
[5.531s][info][gc            ] GC(9) Pause Young (Concurrent Start) (Metadata GC Threshold) 61M->24M(152M) 10.182ms
[5.531s][info][gc,cpu        ] GC(9) User=0.01s Sys=0.00s Real=0.02s
[5.531s][info][gc            ] GC(10) Concurrent Cycle
[5.531s][info][gc,marking    ] GC(10) Concurrent Clear Claimed Marks
[5.531s][info][gc,marking    ] GC(10) Concurrent Clear Claimed Marks 0.100ms
[5.531s][info][gc,marking    ] GC(10) Concurrent Scan Root Regions
[5.534s][info][gc,marking    ] GC(10) Concurrent Scan Root Regions 2.563ms
[5.534s][info][gc,marking    ] GC(10) Concurrent Mark (5.534s)
[5.534s][info][gc,marking    ] GC(10) Concurrent Mark From Roots
[5.534s][info][gc,task       ] GC(10) Using 1 workers of 1 for marking
[5.560s][info][gc,marking    ] GC(10) Concurrent Mark From Roots 26.668ms
[5.560s][info][gc,marking    ] GC(10) Concurrent Preclean
[5.561s][info][gc,marking    ] GC(10) Concurrent Preclean 0.045ms
[5.561s][info][gc,marking    ] GC(10) Concurrent Mark (5.534s, 5.561s) 26.767ms
[5.566s][info][gc,start      ] GC(10) Pause Remark
[5.572s][info][gc,stringtable] GC(10) Cleaned string and symbol table, strings: 13660 processed, 18 removed, symbols: 80051 processed, 44 removed
[5.572s][info][gc            ] GC(10) Pause Remark 24M->24M(152M) 6.016ms
[5.572s][info][gc,cpu        ] GC(10) User=0.01s Sys=0.00s Real=0.01s
[5.572s][info][gc,marking    ] GC(10) Concurrent Rebuild Remembered Sets
[5.587s][info][gc,marking    ] GC(10) Concurrent Rebuild Remembered Sets 14.623ms
[5.587s][info][gc,start      ] GC(10) Pause Cleanup
[5.587s][info][gc            ] GC(10) Pause Cleanup 25M->25M(152M) 0.046ms
[5.587s][info][gc,cpu        ] GC(10) User=0.00s Sys=0.00s Real=0.00s
[5.587s][info][gc,marking    ] GC(10) Concurrent Cleanup for Next Mark
[5.591s][info][gc,marking    ] GC(10) Concurrent Cleanup for Next Mark 3.762ms
[5.591s][info][gc            ] GC(10) Concurrent Cycle 59.596ms
[6.654s][info][gc,start      ] GC(11) Pause Young (Normal) (G1 Evacuation Pause)
[6.654s][info][gc,task       ] GC(11) Using 1 workers of 1 for evacuation
[6.692s][info][gc,phases     ] GC(11)   Pre Evacuate Collection Set: 0.0ms
[6.693s][info][gc,phases     ] GC(11)   Evacuate Collection Set: 37.6ms
[6.693s][info][gc,phases     ] GC(11)   Post Evacuate Collection Set: 0.3ms
[6.693s][info][gc,phases     ] GC(11)   Other: 0.4ms
[6.693s][info][gc,heap       ] GC(11) Eden regions: 53->0(56)
[6.693s][info][gc,heap       ] GC(11) Survivor regions: 4->8(8)
[6.693s][info][gc,heap       ] GC(11) Old regions: 15->27
[6.693s][info][gc,heap       ] GC(11) Humongous regions: 6->6
[6.693s][info][gc,metaspace  ] GC(11) Metaspace: 43045K->43045K(1087488K)
[6.693s][info][gc            ] GC(11) Pause Young (Normal) (G1 Evacuation Pause) 77M->40M(152M) 38.505ms
[6.693s][info][gc,cpu        ] GC(11) User=0.03s Sys=0.01s Real=0.04s
[6.796s][info][gc,start      ] GC(12) Pause Young (Normal) (G1 Evacuation Pause)
[6.796s][info][gc,task       ] GC(12) Using 1 workers of 1 for evacuation
[6.901s][info][gc,phases     ] GC(12)   Pre Evacuate Collection Set: 0.0ms
[6.901s][info][gc,phases     ] GC(12)   Evacuate Collection Set: 104.5ms
[6.901s][info][gc,phases     ] GC(12)   Post Evacuate Collection Set: 0.2ms
[6.901s][info][gc,phases     ] GC(12)   Other: 0.2ms
[6.901s][info][gc,heap       ] GC(12) Eden regions: 56->0(19)
[6.901s][info][gc,heap       ] GC(12) Survivor regions: 8->8(8)
[6.901s][info][gc,heap       ] GC(12) Old regions: 27->82
[6.901s][info][gc,heap       ] GC(12) Humongous regions: 6->6
[6.901s][info][gc,metaspace  ] GC(12) Metaspace: 43045K->43045K(1087488K)
[6.901s][info][gc            ] GC(12) Pause Young (Normal) (G1 Evacuation Pause) 96M->96M(160M) 104.988ms
[6.901s][info][gc,cpu        ] GC(12) User=0.09s Sys=0.01s Real=0.10s
[6.922s][info][gc,start      ] GC(13) Pause Young (Concurrent Start) (G1 Evacuation Pause)
[6.922s][info][gc,task       ] GC(13) Using 1 workers of 1 for evacuation
[6.961s][info][gc,phases     ] GC(13)   Pre Evacuate Collection Set: 0.1ms
[6.961s][info][gc,phases     ] GC(13)   Evacuate Collection Set: 38.1ms
[6.961s][info][gc,phases     ] GC(13)   Post Evacuate Collection Set: 0.1ms
[6.961s][info][gc,phases     ] GC(13)   Other: 0.1ms
[6.961s][info][gc,heap       ] GC(13) Eden regions: 19->0(10)
[6.961s][info][gc,heap       ] GC(13) Survivor regions: 8->4(4)
[6.961s][info][gc,heap       ] GC(13) Old regions: 82->105
[6.961s][info][gc,heap       ] GC(13) Humongous regions: 6->6
[6.961s][info][gc,metaspace  ] GC(13) Metaspace: 43045K->43045K(1087488K)
[6.961s][info][gc            ] GC(13) Pause Young (Concurrent Start) (G1 Evacuation Pause) 115M->115M(160M) 38.599ms
[6.961s][info][gc,cpu        ] GC(13) User=0.04s Sys=0.00s Real=0.03s
[6.961s][info][gc            ] GC(14) Concurrent Cycle
[6.961s][info][gc,marking    ] GC(14) Concurrent Clear Claimed Marks
[6.961s][info][gc,marking    ] GC(14) Concurrent Clear Claimed Marks 0.136ms
[6.961s][info][gc,marking    ] GC(14) Concurrent Scan Root Regions
[6.964s][info][gc,marking    ] GC(14) Concurrent Scan Root Regions 2.550ms
[6.964s][info][gc,marking    ] GC(14) Concurrent Mark (6.964s)
[6.964s][info][gc,marking    ] GC(14) Concurrent Mark From Roots
[6.964s][info][gc,task       ] GC(14) Using 1 workers of 1 for marking
[6.984s][info][gc,start      ] GC(15) Pause Young (Normal) (G1 Evacuation Pause)
[6.984s][info][gc,task       ] GC(15) Using 1 workers of 1 for evacuation
[7.005s][info][gc,phases     ] GC(15)   Pre Evacuate Collection Set: 0.0ms
[7.005s][info][gc,phases     ] GC(15)   Evacuate Collection Set: 20.1ms
[7.005s][info][gc,phases     ] GC(15)   Post Evacuate Collection Set: 0.8ms
[7.005s][info][gc,phases     ] GC(15)   Other: 0.1ms
[7.005s][info][gc,heap       ] GC(15) Eden regions: 10->0(39)
[7.005s][info][gc,heap       ] GC(15) Survivor regions: 4->2(2)
[7.005s][info][gc,heap       ] GC(15) Old regions: 105->117
[7.005s][info][gc,heap       ] GC(15) Humongous regions: 6->6
[7.005s][info][gc,metaspace  ] GC(15) Metaspace: 43045K->43045K(1087488K)
[7.005s][info][gc            ] GC(15) Pause Young (Normal) (G1 Evacuation Pause) 125M->125M(283M) 21.101ms
[7.005s][info][gc,cpu        ] GC(15) User=0.02s Sys=0.00s Real=0.02s
[7.142s][info][gc,start      ] GC(16) Pause Young (Normal) (G1 Evacuation Pause)
[7.143s][info][gc,task       ] GC(16) Using 1 workers of 1 for evacuation
[7.248s][info][gc,phases     ] GC(16)   Pre Evacuate Collection Set: 0.0ms
[7.249s][info][gc,phases     ] GC(16)   Evacuate Collection Set: 105.5ms
[7.249s][info][gc,phases     ] GC(16)   Post Evacuate Collection Set: 0.2ms
[7.249s][info][gc,phases     ] GC(16)   Other: 0.5ms
[7.249s][info][gc,heap       ] GC(16) Eden regions: 39->0(30)
[7.249s][info][gc,heap       ] GC(16) Survivor regions: 2->6(6)
[7.249s][info][gc,heap       ] GC(16) Old regions: 117->152
[7.249s][info][gc,heap       ] GC(16) Humongous regions: 6->6
[7.249s][info][gc,metaspace  ] GC(16) Metaspace: 43045K->43045K(1087488K)
[7.249s][info][gc            ] GC(16) Pause Young (Normal) (G1 Evacuation Pause) 164M->163M(283M) 106.299ms
[7.249s][info][gc,cpu        ] GC(16) User=0.11s Sys=0.00s Real=0.10s
[7.347s][info][gc,start      ] GC(17) Pause Young (Normal) (G1 Evacuation Pause)
[7.347s][info][gc,task       ] GC(17) Using 1 workers of 1 for evacuation
[7.406s][info][gc,phases     ] GC(17)   Pre Evacuate Collection Set: 0.0ms
[7.406s][info][gc,phases     ] GC(17)   Evacuate Collection Set: 58.6ms
[7.406s][info][gc,phases     ] GC(17)   Post Evacuate Collection Set: 0.1ms
[7.406s][info][gc,phases     ] GC(17)   Other: 0.1ms
[7.406s][info][gc,heap       ] GC(17) Eden regions: 30->0(19)
[7.406s][info][gc,heap       ] GC(17) Survivor regions: 6->5(5)
[7.406s][info][gc,heap       ] GC(17) Old regions: 152->183
[7.406s][info][gc,heap       ] GC(17) Humongous regions: 6->6
[7.406s][info][gc,metaspace  ] GC(17) Metaspace: 43045K->43045K(1087488K)
[7.406s][info][gc            ] GC(17) Pause Young (Normal) (G1 Evacuation Pause) 193M->193M(283M) 59.016ms
[7.406s][info][gc,cpu        ] GC(17) User=0.05s Sys=0.01s Real=0.06s
[7.447s][info][gc,start      ] GC(18) Pause Young (Normal) (G1 Evacuation Pause)
[7.447s][info][gc,task       ] GC(18) Using 1 workers of 1 for evacuation
[7.487s][info][gc,phases     ] GC(18)   Pre Evacuate Collection Set: 0.0ms
[7.487s][info][gc,phases     ] GC(18)   Evacuate Collection Set: 39.8ms
[7.487s][info][gc,phases     ] GC(18)   Post Evacuate Collection Set: 0.1ms
[7.487s][info][gc,phases     ] GC(18)   Other: 0.1ms
[7.487s][info][gc,heap       ] GC(18) Eden regions: 19->0(12)
[7.487s][info][gc,heap       ] GC(18) Survivor regions: 5->3(3)
[7.487s][info][gc,heap       ] GC(18) Old regions: 183->204
[7.487s][info][gc,heap       ] GC(18) Humongous regions: 6->6
[7.487s][info][gc,metaspace  ] GC(18) Metaspace: 43045K->43045K(1087488K)
[7.487s][info][gc            ] GC(18) Pause Young (Normal) (G1 Evacuation Pause) 212M->212M(283M) 40.112ms
[7.487s][info][gc,cpu        ] GC(18) User=0.03s Sys=0.00s Real=0.04s
[7.510s][info][gc,start      ] GC(19) Pause Young (Normal) (G1 Evacuation Pause)
[7.510s][info][gc,task       ] GC(19) Using 1 workers of 1 for evacuation
[7.536s][info][gc,phases     ] GC(19)   Pre Evacuate Collection Set: 0.0ms
[7.536s][info][gc,phases     ] GC(19)   Evacuate Collection Set: 24.6ms
[7.536s][info][gc,phases     ] GC(19)   Post Evacuate Collection Set: 1.5ms
[7.536s][info][gc,phases     ] GC(19)   Other: 0.2ms
[7.536s][info][gc,heap       ] GC(19) Eden regions: 12->0(80)
[7.536s][info][gc,heap       ] GC(19) Survivor regions: 3->2(2)
[7.536s][info][gc,heap       ] GC(19) Old regions: 204->217
[7.536s][info][gc,heap       ] GC(19) Humongous regions: 6->6
[7.536s][info][gc,metaspace  ] GC(19) Metaspace: 43045K->43045K(1087488K)
[7.536s][info][gc            ] GC(19) Pause Young (Normal) (G1 Evacuation Pause) 224M->224M(527M) 26.352ms
[7.536s][info][gc,cpu        ] GC(19) User=0.03s Sys=0.00s Real=0.02s
[7.541s][info][gc,marking    ] GC(14) Concurrent Mark From Roots 577.119ms
[7.541s][info][gc,marking    ] GC(14) Concurrent Preclean
[7.541s][info][gc,marking    ] GC(14) Concurrent Preclean 0.163ms
[7.541s][info][gc,marking    ] GC(14) Concurrent Mark (6.964s, 7.541s) 577.345ms
[7.548s][info][gc,start      ] GC(14) Pause Remark
[7.556s][info][gc,stringtable] GC(14) Cleaned string and symbol table, strings: 16319 processed, 215 removed, symbols: 102440 processed, 16 removed
[7.556s][info][gc            ] GC(14) Pause Remark 228M->228M(527M) 7.844ms
[7.556s][info][gc,cpu        ] GC(14) User=0.01s Sys=0.00s Real=0.01s
[7.556s][info][gc,marking    ] GC(14) Concurrent Rebuild Remembered Sets
[7.796s][info][gc,start      ] GC(20) Pause Young (Normal) (G1 Evacuation Pause)
[7.796s][info][gc,task       ] GC(20) Using 1 workers of 1 for evacuation
[7.926s][info][gc,phases     ] GC(20)   Pre Evacuate Collection Set: 0.0ms
[7.926s][info][gc,phases     ] GC(20)   Evacuate Collection Set: 129.5ms
[7.926s][info][gc,phases     ] GC(20)   Post Evacuate Collection Set: 0.2ms
[7.926s][info][gc,phases     ] GC(20)   Other: 0.3ms
[7.926s][info][gc,heap       ] GC(20) Eden regions: 80->0(54)
[7.926s][info][gc,heap       ] GC(20) Survivor regions: 2->11(11)
[7.926s][info][gc,heap       ] GC(20) Old regions: 217->287
[7.926s][info][gc,heap       ] GC(20) Humongous regions: 6->6
[7.926s][info][gc,metaspace  ] GC(20) Metaspace: 43045K->43045K(1087488K)
[7.926s][info][gc            ] GC(20) Pause Young (Normal) (G1 Evacuation Pause) 304M->303M(527M) 130.122ms
[7.926s][info][gc,cpu        ] GC(20) User=0.12s Sys=0.01s Real=0.13s
[8.042s][info][gc,start      ] GC(21) Pause Young (Normal) (G1 Evacuation Pause)
[8.042s][info][gc,task       ] GC(21) Using 1 workers of 1 for evacuation
[8.143s][info][gc,phases     ] GC(21)   Pre Evacuate Collection Set: 0.0ms
[8.143s][info][gc,phases     ] GC(21)   Evacuate Collection Set: 99.9ms
[8.143s][info][gc,phases     ] GC(21)   Post Evacuate Collection Set: 0.2ms
[8.143s][info][gc,phases     ] GC(21)   Other: 0.2ms
[8.143s][info][gc,heap       ] GC(21) Eden regions: 54->0(36)
[8.143s][info][gc,heap       ] GC(21) Survivor regions: 11->9(9)
[8.143s][info][gc,heap       ] GC(21) Old regions: 287->342
[8.143s][info][gc,heap       ] GC(21) Humongous regions: 6->6
[8.143s][info][gc,metaspace  ] GC(21) Metaspace: 43045K->43045K(1087488K)
[8.143s][info][gc            ] GC(21) Pause Young (Normal) (G1 Evacuation Pause) 357M->356M(527M) 100.368ms
[8.143s][info][gc,cpu        ] GC(21) User=0.09s Sys=0.02s Real=0.10s
[8.213s][info][gc,start      ] GC(22) Pause Young (Normal) (G1 Evacuation Pause)
[8.213s][info][gc,task       ] GC(22) Using 1 workers of 1 for evacuation
[8.284s][info][gc,phases     ] GC(22)   Pre Evacuate Collection Set: 0.0ms
[8.284s][info][gc,phases     ] GC(22)   Evacuate Collection Set: 70.5ms
[8.284s][info][gc,phases     ] GC(22)   Post Evacuate Collection Set: 0.2ms
[8.284s][info][gc,phases     ] GC(22)   Other: 0.2ms
[8.284s][info][gc,heap       ] GC(22) Eden regions: 36->0(25)
[8.284s][info][gc,heap       ] GC(22) Survivor regions: 9->6(6)
[8.284s][info][gc,heap       ] GC(22) Old regions: 342->380
[8.284s][info][gc,heap       ] GC(22) Humongous regions: 6->6
[8.284s][info][gc,metaspace  ] GC(22) Metaspace: 43045K->43045K(1087488K)
[8.284s][info][gc            ] GC(22) Pause Young (Normal) (G1 Evacuation Pause) 392M->392M(527M) 70.930ms
[8.284s][info][gc,cpu        ] GC(22) User=0.07s Sys=0.00s Real=0.07s
[8.366s][info][gc,start      ] GC(23) Pause Young (Normal) (G1 Evacuation Pause)
[8.366s][info][gc,task       ] GC(23) Using 1 workers of 1 for evacuation
[8.422s][info][gc,phases     ] GC(23)   Pre Evacuate Collection Set: 0.0ms
[8.422s][info][gc,phases     ] GC(23)   Evacuate Collection Set: 53.0ms
[8.422s][info][gc,phases     ] GC(23)   Post Evacuate Collection Set: 2.1ms
[8.422s][info][gc,phases     ] GC(23)   Other: 0.4ms
[8.422s][info][gc,heap       ] GC(23) Eden regions: 25->0(115)
[8.422s][info][gc,heap       ] GC(23) Survivor regions: 6->4(4)
[8.422s][info][gc,heap       ] GC(23) Old regions: 380->407
[8.422s][info][gc,heap       ] GC(23) Humongous regions: 6->6
[8.422s][info][gc,metaspace  ] GC(23) Metaspace: 43045K->43045K(1087488K)
[8.422s][info][gc            ] GC(23) Pause Young (Normal) (G1 Evacuation Pause) 417M->417M(913M) 55.542ms
[8.422s][info][gc,cpu        ] GC(23) User=0.06s Sys=0.00s Real=0.06s
[8.459s][info][gc,marking    ] GC(14) Concurrent Rebuild Remembered Sets 902.336ms
[8.459s][info][gc,start      ] GC(14) Pause Cleanup
[8.459s][info][gc            ] GC(14) Pause Cleanup 426M->426M(913M) 0.384ms
[8.459s][info][gc,cpu        ] GC(14) User=0.00s Sys=0.00s Real=0.00s
[8.459s][info][gc,marking    ] GC(14) Concurrent Cleanup for Next Mark
[8.464s][info][gc,marking    ] GC(14) Concurrent Cleanup for Next Mark 5.104ms
[8.464s][info][gc            ] GC(14) Concurrent Cycle 1503.312ms
[8.588s][info][gc,start      ] GC(24) Pause Young (Normal) (G1 Evacuation Pause)
[8.588s][info][gc,task       ] GC(24) Using 1 workers of 1 for evacuation
[8.797s][info][gc,mmu        ] GC(24) MMU target violated: 201.0ms (200.0ms/201.0ms)
[8.797s][info][gc,phases     ] GC(24)   Pre Evacuate Collection Set: 0.0ms
[8.797s][info][gc,phases     ] GC(24)   Evacuate Collection Set: 208.2ms
[8.797s][info][gc,phases     ] GC(24)   Post Evacuate Collection Set: 0.2ms
[8.797s][info][gc,phases     ] GC(24)   Other: 0.5ms
[8.797s][info][gc,heap       ] GC(24) Eden regions: 115->0(34)
[8.797s][info][gc,heap       ] GC(24) Survivor regions: 4->15(15)
[8.797s][info][gc,heap       ] GC(24) Old regions: 407->510
[8.797s][info][gc,heap       ] GC(24) Humongous regions: 6->6
[8.797s][info][gc,metaspace  ] GC(24) Metaspace: 43045K->43045K(1087488K)
[8.797s][info][gc            ] GC(24) Pause Young (Normal) (G1 Evacuation Pause) 532M->530M(913M) 208.986ms
[8.797s][info][gc,cpu        ] GC(24) User=0.19s Sys=0.02s Real=0.21s
[8.831s][info][gc,start      ] GC(25) Pause Young (Concurrent Start) (G1 Evacuation Pause)
[8.831s][info][gc,task       ] GC(25) Using 1 workers of 1 for evacuation
[8.907s][info][gc,phases     ] GC(25)   Pre Evacuate Collection Set: 0.2ms
[8.907s][info][gc,phases     ] GC(25)   Evacuate Collection Set: 75.5ms
[8.907s][info][gc,phases     ] GC(25)   Post Evacuate Collection Set: 0.2ms
[8.907s][info][gc,phases     ] GC(25)   Other: 0.2ms
[8.907s][info][gc,heap       ] GC(25) Eden regions: 34->0(80)
[8.907s][info][gc,heap       ] GC(25) Survivor regions: 15->7(7)
[8.907s][info][gc,heap       ] GC(25) Old regions: 510->551
[8.907s][info][gc,heap       ] GC(25) Humongous regions: 6->6
[8.907s][info][gc,metaspace  ] GC(25) Metaspace: 43045K->43045K(1087488K)
[8.907s][info][gc            ] GC(25) Pause Young (Concurrent Start) (G1 Evacuation Pause) 564M->564M(913M) 76.102ms
[8.907s][info][gc,cpu        ] GC(25) User=0.08s Sys=0.00s Real=0.07s
[8.907s][info][gc            ] GC(26) Concurrent Cycle
[8.907s][info][gc,marking    ] GC(26) Concurrent Clear Claimed Marks
[8.908s][info][gc,marking    ] GC(26) Concurrent Clear Claimed Marks 0.154ms
[8.908s][info][gc,marking    ] GC(26) Concurrent Scan Root Regions
[8.912s][info][gc,marking    ] GC(26) Concurrent Scan Root Regions 4.008ms
[8.912s][info][gc,marking    ] GC(26) Concurrent Mark (8.912s)
[8.912s][info][gc,marking    ] GC(26) Concurrent Mark From Roots
[8.912s][info][gc,task       ] GC(26) Using 1 workers of 1 for marking
[11.102s][info][gc,marking    ] GC(26) Concurrent Mark From Roots 2190.045ms
[11.102s][info][gc,marking    ] GC(26) Concurrent Preclean
[11.102s][info][gc,marking    ] GC(26) Concurrent Preclean 0.157ms
[11.102s][info][gc,marking    ] GC(26) Concurrent Mark (8.912s, 11.102s) 2190.429ms
[11.103s][info][gc,start      ] GC(26) Pause Remark
[11.111s][info][gc,stringtable] GC(26) Cleaned string and symbol table, strings: 17647 processed, 0 removed, symbols: 112332 processed, 11 removed
[11.112s][info][gc            ] GC(26) Pause Remark 641M->641M(913M) 8.885ms
[11.112s][info][gc,cpu        ] GC(26) User=0.01s Sys=0.00s Real=0.01s
[11.114s][info][gc,marking    ] GC(26) Concurrent Rebuild Remembered Sets
[11.537s][info][gc,start      ] GC(27) Pause Young (Normal) (G1 Evacuation Pause)
[11.537s][info][gc,task       ] GC(27) Using 1 workers of 1 for evacuation
[11.666s][info][gc,phases     ] GC(27)   Pre Evacuate Collection Set: 0.0ms
[11.666s][info][gc,phases     ] GC(27)   Evacuate Collection Set: 128.1ms
[11.666s][info][gc,phases     ] GC(27)   Post Evacuate Collection Set: 0.3ms
[11.666s][info][gc,phases     ] GC(27)   Other: 0.3ms
[11.666s][info][gc,heap       ] GC(27) Eden regions: 80->0(69)
[11.666s][info][gc,heap       ] GC(27) Survivor regions: 7->11(11)
[11.666s][info][gc,heap       ] GC(27) Old regions: 551->593
[11.666s][info][gc,heap       ] GC(27) Humongous regions: 11->6
[11.666s][info][gc,metaspace  ] GC(27) Metaspace: 49402K->49402K(1093632K)
[11.666s][info][gc            ] GC(27) Pause Young (Normal) (G1 Evacuation Pause) 649M->609M(913M) 128.854ms
[11.666s][info][gc,cpu        ] GC(27) User=0.11s Sys=0.03s Real=0.13s
[12.078s][info][gc,task       ] GC(28) Using 1 workers of 1 for full compaction
[12.079s][info][gc,start      ] GC(28) Pause Full (System.gc())
[12.085s][info][gc,phases,start] GC(28) Phase 1: Mark live objects
[12.145s][info][gc,stringtable ] GC(28) Cleaned string and symbol table, strings: 19601 processed, 207 removed, symbols: 118430 processed, 8 removed
[12.145s][info][gc,phases      ] GC(28) Phase 1: Mark live objects 60.502ms
[12.145s][info][gc,phases,start] GC(28) Phase 2: Prepare for compaction
[12.156s][info][gc,phases      ] GC(28) Phase 2: Prepare for compaction 10.514ms
[12.156s][info][gc,phases,start] GC(28) Phase 3: Adjust pointers
[12.183s][info][gc,phases      ] GC(28) Phase 3: Adjust pointers 27.398ms
[12.183s][info][gc,phases,start] GC(28) Phase 4: Compact heap
[12.211s][info][gc,phases      ] GC(28) Phase 4: Compact heap 27.219ms
[12.247s][info][gc,heap        ] GC(28) Eden regions: 12->0(18)
[12.247s][info][gc,heap        ] GC(28) Survivor regions: 11->0(11)
[12.247s][info][gc,heap        ] GC(28) Old regions: 593->21
[12.247s][info][gc,heap        ] GC(28) Humongous regions: 6->6
[12.247s][info][gc,metaspace   ] GC(28) Metaspace: 51338K->51338K(1095680K)
[12.247s][info][gc             ] GC(28) Pause Full (System.gc()) 621M->25M(90M) 168.664ms
[12.247s][info][gc,cpu         ] GC(28) User=0.13s Sys=0.03s Real=0.17s
[12.247s][info][gc,marking     ] GC(26) Concurrent Rebuild Remembered Sets 1133.067ms
[12.247s][info][gc,marking     ] GC(26) Concurrent Mark Abort
[12.247s][info][gc             ] GC(26) Concurrent Cycle 3339.855ms
[12.466s][info][gc,start       ] GC(29) Pause Young (Normal) (G1 Evacuation Pause)
[12.466s][info][gc,task        ] GC(29) Using 1 workers of 1 for evacuation
[12.469s][info][gc,phases      ] GC(29)   Pre Evacuate Collection Set: 0.0ms
[12.469s][info][gc,phases      ] GC(29)   Evacuate Collection Set: 2.0ms
[12.469s][info][gc,phases      ] GC(29)   Post Evacuate Collection Set: 0.9ms
[12.469s][info][gc,phases      ] GC(29)   Other: 0.2ms
[12.469s][info][gc,heap        ] GC(29) Eden regions: 18->0(74)
[12.469s][info][gc,heap        ] GC(29) Survivor regions: 0->1(3)
[12.469s][info][gc,heap        ] GC(29) Old regions: 21->21
[12.469s][info][gc,heap        ] GC(29) Humongous regions: 6->6
[12.469s][info][gc,metaspace   ] GC(29) Metaspace: 51950K->51950K(1095680K)
[12.469s][info][gc             ] GC(29) Pause Young (Normal) (G1 Evacuation Pause) 43M->26M(270M) 3.220ms
[12.469s][info][gc,cpu         ] GC(29) User=0.00s Sys=0.00s Real=0.00s
[13.970s][info][gc,start       ] GC(30) Pause Young (Normal) (G1 Evacuation Pause)
[13.970s][info][gc,task        ] GC(30) Using 1 workers of 1 for evacuation
[13.983s][info][gc,phases      ] GC(30)   Pre Evacuate Collection Set: 0.0ms
[13.983s][info][gc,phases      ] GC(30)   Evacuate Collection Set: 11.9ms
[13.983s][info][gc,phases      ] GC(30)   Post Evacuate Collection Set: 0.6ms
[13.983s][info][gc,phases      ] GC(30)   Other: 0.4ms
[13.983s][info][gc,heap        ] GC(30) Eden regions: 74->0(89)
[13.983s][info][gc,heap        ] GC(30) Survivor regions: 1->3(10)
[13.983s][info][gc,heap        ] GC(30) Old regions: 21->21
[13.983s][info][gc,heap        ] GC(30) Humongous regions: 11->6
[13.983s][info][gc,metaspace   ] GC(30) Metaspace: 59827K->59827K(1103872K)
[13.983s][info][gc             ] GC(30) Pause Young (Normal) (G1 Evacuation Pause) 105M->28M(270M) 12.993ms
[13.983s][info][gc,cpu         ] GC(30) User=0.01s Sys=0.00s Real=0.01s
[14.313s][info][gc,start       ] GC(31) Pause Young (Normal) (G1 Evacuation Pause)
[14.313s][info][gc,task        ] GC(31) Using 1 workers of 1 for evacuation
[14.320s][info][gc,phases      ] GC(31)   Pre Evacuate Collection Set: 0.0ms
[14.320s][info][gc,phases      ] GC(31)   Evacuate Collection Set: 6.5ms
[14.320s][info][gc,phases      ] GC(31)   Post Evacuate Collection Set: 0.4ms
[14.320s][info][gc,phases      ] GC(31)   Other: 0.2ms
[14.320s][info][gc,heap        ] GC(31) Eden regions: 89->0(99)
[14.320s][info][gc,heap        ] GC(31) Survivor regions: 3->3(12)
[14.320s][info][gc,heap        ] GC(31) Old regions: 21->21
[14.320s][info][gc,heap        ] GC(31) Humongous regions: 6->6
[14.320s][info][gc,metaspace   ] GC(31) Metaspace: 59859K->59859K(1103872K)
[14.320s][info][gc             ] GC(31) Pause Young (Normal) (G1 Evacuation Pause) 117M->28M(270M) 7.179ms
[14.320s][info][gc,cpu         ] GC(31) User=0.00s Sys=0.01s Real=0.00s
[14.463s][info][gc,start       ] GC(32) Pause Young (Normal) (G1 Evacuation Pause)
[14.464s][info][gc,task        ] GC(32) Using 1 workers of 1 for evacuation
[14.474s][info][gc,phases      ] GC(32)   Pre Evacuate Collection Set: 0.0ms
[14.474s][info][gc,phases      ] GC(32)   Evacuate Collection Set: 9.0ms
[14.474s][info][gc,phases      ] GC(32)   Post Evacuate Collection Set: 0.4ms
[14.474s][info][gc,phases      ] GC(32)   Other: 1.3ms
[14.474s][info][gc,heap        ] GC(32) Eden regions: 99->0(108)
[14.474s][info][gc,heap        ] GC(32) Survivor regions: 3->3(13)
[14.474s][info][gc,heap        ] GC(32) Old regions: 21->21
[14.474s][info][gc,heap        ] GC(32) Humongous regions: 6->6
[14.474s][info][gc,metaspace   ] GC(32) Metaspace: 59884K->59884K(1103872K)
[14.474s][info][gc             ] GC(32) Pause Young (Normal) (G1 Evacuation Pause) 127M->28M(270M) 10.846ms
[14.474s][info][gc,cpu         ] GC(32) User=0.01s Sys=0.01s Real=0.01s
[14.603s][info][gc,start       ] GC(33) Pause Young (Normal) (G1 Evacuation Pause)
[14.603s][info][gc,task        ] GC(33) Using 1 workers of 1 for evacuation
[14.610s][info][gc,phases      ] GC(33)   Pre Evacuate Collection Set: 0.0ms
[14.610s][info][gc,phases      ] GC(33)   Evacuate Collection Set: 6.4ms
[14.610s][info][gc,phases      ] GC(33)   Post Evacuate Collection Set: 0.3ms
[14.610s][info][gc,phases      ] GC(33)   Other: 0.2ms
[14.610s][info][gc,heap        ] GC(33) Eden regions: 108->0(116)
[14.610s][info][gc,heap        ] GC(33) Survivor regions: 3->3(14)
[14.610s][info][gc,heap        ] GC(33) Old regions: 21->21
[14.610s][info][gc,heap        ] GC(33) Humongous regions: 6->6
[14.610s][info][gc,metaspace   ] GC(33) Metaspace: 59884K->59884K(1103872K)
[14.610s][info][gc             ] GC(33) Pause Young (Normal) (G1 Evacuation Pause) 136M->28M(270M) 7.015ms
[14.610s][info][gc,cpu         ] GC(33) User=0.01s Sys=0.00s Real=0.00s
[14.725s][info][gc,start       ] GC(34) Pause Young (Normal) (G1 Evacuation Pause)
[14.725s][info][gc,task        ] GC(34) Using 1 workers of 1 for evacuation
[14.732s][info][gc,phases      ] GC(34)   Pre Evacuate Collection Set: 0.0ms
[14.733s][info][gc,phases      ] GC(34)   Evacuate Collection Set: 6.5ms
[14.733s][info][gc,phases      ] GC(34)   Post Evacuate Collection Set: 0.4ms
[14.733s][info][gc,phases      ] GC(34)   Other: 0.3ms
[14.733s][info][gc,heap        ] GC(34) Eden regions: 116->0(122)
[14.733s][info][gc,heap        ] GC(34) Survivor regions: 3->3(15)
[14.733s][info][gc,heap        ] GC(34) Old regions: 21->21
[14.733s][info][gc,heap        ] GC(34) Humongous regions: 6->6
[14.733s][info][gc,metaspace   ] GC(34) Metaspace: 59885K->59885K(1103872K)
[14.733s][info][gc             ] GC(34) Pause Young (Normal) (G1 Evacuation Pause) 144M->28M(270M) 7.215ms
[14.733s][info][gc,cpu         ] GC(34) User=0.01s Sys=0.00s Real=0.01s
[14.885s][info][gc,start       ] GC(35) Pause Young (Normal) (G1 Evacuation Pause)
[14.885s][info][gc,task        ] GC(35) Using 1 workers of 1 for evacuation
[14.892s][info][gc,phases      ] GC(35)   Pre Evacuate Collection Set: 0.0ms
[14.892s][info][gc,phases      ] GC(35)   Evacuate Collection Set: 6.3ms
[14.892s][info][gc,phases      ] GC(35)   Post Evacuate Collection Set: 0.3ms
[14.892s][info][gc,phases      ] GC(35)   Other: 0.3ms
[14.892s][info][gc,heap        ] GC(35) Eden regions: 122->0(131)
[14.892s][info][gc,heap        ] GC(35) Survivor regions: 3->3(16)
[14.892s][info][gc,heap        ] GC(35) Old regions: 21->21
[14.892s][info][gc,heap        ] GC(35) Humongous regions: 6->6
[14.892s][info][gc,metaspace   ] GC(35) Metaspace: 59887K->59887K(1103872K)
[14.892s][info][gc             ] GC(35) Pause Young (Normal) (G1 Evacuation Pause) 150M->28M(270M) 7.081ms
[14.892s][info][gc,cpu         ] GC(35) User=0.00s Sys=0.00s Real=0.01s
[15.033s][info][gc,start       ] GC(36) Pause Young (Normal) (G1 Evacuation Pause)
[15.033s][info][gc,task        ] GC(36) Using 1 workers of 1 for evacuation
[15.040s][info][gc,phases      ] GC(36)   Pre Evacuate Collection Set: 0.0ms
[15.040s][info][gc,phases      ] GC(36)   Evacuate Collection Set: 6.4ms
[15.040s][info][gc,phases      ] GC(36)   Post Evacuate Collection Set: 0.4ms
[15.040s][info][gc,phases      ] GC(36)   Other: 0.1ms
[15.040s][info][gc,heap        ] GC(36) Eden regions: 131->0(140)
[15.040s][info][gc,heap        ] GC(36) Survivor regions: 3->3(17)
[15.040s][info][gc,heap        ] GC(36) Old regions: 21->21
[15.040s][info][gc,heap        ] GC(36) Humongous regions: 6->6
[15.040s][info][gc,metaspace   ] GC(36) Metaspace: 59894K->59894K(1103872K)
[15.040s][info][gc             ] GC(36) Pause Young (Normal) (G1 Evacuation Pause) 159M->28M(270M) 7.021ms
[15.040s][info][gc,cpu         ] GC(36) User=0.00s Sys=0.01s Real=0.00s
[15.181s][info][gc,start       ] GC(37) Pause Young (Normal) (G1 Evacuation Pause)
[15.181s][info][gc,task        ] GC(37) Using 1 workers of 1 for evacuation
[15.189s][info][gc,phases      ] GC(37)   Pre Evacuate Collection Set: 0.0ms
[15.189s][info][gc,phases      ] GC(37)   Evacuate Collection Set: 6.8ms
[15.189s][info][gc,phases      ] GC(37)   Post Evacuate Collection Set: 0.4ms
[15.189s][info][gc,phases      ] GC(37)   Other: 0.2ms
[15.189s][info][gc,heap        ] GC(37) Eden regions: 140->0(149)
[15.189s][info][gc,heap        ] GC(37) Survivor regions: 3->3(18)
[15.189s][info][gc,heap        ] GC(37) Old regions: 21->21
[15.189s][info][gc,heap        ] GC(37) Humongous regions: 6->6
[15.189s][info][gc,metaspace   ] GC(37) Metaspace: 59897K->59897K(1103872K)
[15.189s][info][gc             ] GC(37) Pause Young (Normal) (G1 Evacuation Pause) 168M->28M(270M) 7.399ms
[15.189s][info][gc,cpu         ] GC(37) User=0.00s Sys=0.00s Real=0.01s
[15.331s][info][gc,start       ] GC(38) Pause Young (Normal) (G1 Evacuation Pause)
[15.332s][info][gc,task        ] GC(38) Using 1 workers of 1 for evacuation
[15.338s][info][gc,phases      ] GC(38)   Pre Evacuate Collection Set: 0.0ms
[15.338s][info][gc,phases      ] GC(38)   Evacuate Collection Set: 6.4ms
[15.338s][info][gc,phases      ] GC(38)   Post Evacuate Collection Set: 0.4ms
[15.339s][info][gc,phases      ] GC(38)   Other: 0.2ms
[15.339s][info][gc,heap        ] GC(38) Eden regions: 149->0(158)
[15.339s][info][gc,heap        ] GC(38) Survivor regions: 3->3(19)
[15.339s][info][gc,heap        ] GC(38) Old regions: 21->21
[15.339s][info][gc,heap        ] GC(38) Humongous regions: 6->6
[15.339s][info][gc,metaspace   ] GC(38) Metaspace: 59912K->59912K(1103872K)
[15.339s][info][gc             ] GC(38) Pause Young (Normal) (G1 Evacuation Pause) 177M->28M(270M) 7.063ms
[15.339s][info][gc,cpu         ] GC(38) User=0.01s Sys=0.00s Real=0.00s
[15.488s][info][gc,start       ] GC(39) Pause Young (Normal) (G1 Evacuation Pause)
[15.489s][info][gc,task        ] GC(39) Using 1 workers of 1 for evacuation
[15.496s][info][gc,phases      ] GC(39)   Pre Evacuate Collection Set: 0.0ms
[15.496s][info][gc,phases      ] GC(39)   Evacuate Collection Set: 6.5ms
[15.496s][info][gc,phases      ] GC(39)   Post Evacuate Collection Set: 0.4ms
[15.496s][info][gc,phases      ] GC(39)   Other: 0.2ms
[15.496s][info][gc,heap        ] GC(39) Eden regions: 158->0(159)
[15.496s][info][gc,heap        ] GC(39) Survivor regions: 3->3(21)
[15.496s][info][gc,heap        ] GC(39) Old regions: 21->21
[15.496s][info][gc,heap        ] GC(39) Humongous regions: 6->6
[15.496s][info][gc,metaspace   ] GC(39) Metaspace: 59912K->59912K(1103872K)
[15.496s][info][gc             ] GC(39) Pause Young (Normal) (G1 Evacuation Pause) 186M->28M(270M) 7.189ms
[15.496s][info][gc,cpu         ] GC(39) User=0.00s Sys=0.00s Real=0.01s
[15.653s][info][gc,start       ] GC(40) Pause Young (Normal) (G1 Evacuation Pause)
[15.653s][info][gc,task        ] GC(40) Using 1 workers of 1 for evacuation
[15.662s][info][gc,phases      ] GC(40)   Pre Evacuate Collection Set: 0.0ms
[15.662s][info][gc,phases      ] GC(40)   Evacuate Collection Set: 8.5ms
[15.662s][info][gc,phases      ] GC(40)   Post Evacuate Collection Set: 0.4ms
[15.662s][info][gc,phases      ] GC(40)   Other: 0.2ms
[15.662s][info][gc,heap        ] GC(40) Eden regions: 159->0(159)
[15.662s][info][gc,heap        ] GC(40) Survivor regions: 3->3(21)
[15.662s][info][gc,heap        ] GC(40) Old regions: 21->21
[15.662s][info][gc,heap        ] GC(40) Humongous regions: 6->6
[15.662s][info][gc,metaspace   ] GC(40) Metaspace: 59913K->59913K(1103872K)
[15.662s][info][gc             ] GC(40) Pause Young (Normal) (G1 Evacuation Pause) 187M->28M(270M) 9.163ms
[15.662s][info][gc,cpu         ] GC(40) User=0.01s Sys=0.00s Real=0.01s
[15.818s][info][gc,start       ] GC(41) Pause Young (Normal) (G1 Evacuation Pause)
[15.818s][info][gc,task        ] GC(41) Using 1 workers of 1 for evacuation
[15.824s][info][gc,phases      ] GC(41)   Pre Evacuate Collection Set: 0.0ms
[15.824s][info][gc,phases      ] GC(41)   Evacuate Collection Set: 5.8ms
[15.824s][info][gc,phases      ] GC(41)   Post Evacuate Collection Set: 0.4ms
[15.824s][info][gc,phases      ] GC(41)   Other: 0.1ms
[15.824s][info][gc,heap        ] GC(41) Eden regions: 159->0(159)
[15.824s][info][gc,heap        ] GC(41) Survivor regions: 3->3(21)
[15.824s][info][gc,heap        ] GC(41) Old regions: 21->21
[15.824s][info][gc,heap        ] GC(41) Humongous regions: 6->6
[15.824s][info][gc,metaspace   ] GC(41) Metaspace: 59914K->59914K(1103872K)
[15.824s][info][gc             ] GC(41) Pause Young (Normal) (G1 Evacuation Pause) 187M->28M(270M) 6.422ms
[15.824s][info][gc,cpu         ] GC(41) User=0.01s Sys=0.00s Real=0.01s
[15.995s][info][gc,start       ] GC(42) Pause Young (Normal) (G1 Evacuation Pause)
[15.995s][info][gc,task        ] GC(42) Using 1 workers of 1 for evacuation
[16.001s][info][gc,phases      ] GC(42)   Pre Evacuate Collection Set: 0.0ms
[16.001s][info][gc,phases      ] GC(42)   Evacuate Collection Set: 5.8ms
[16.001s][info][gc,phases      ] GC(42)   Post Evacuate Collection Set: 0.4ms
[16.002s][info][gc,phases      ] GC(42)   Other: 0.2ms
[16.002s][info][gc,heap        ] GC(42) Eden regions: 159->0(159)
[16.002s][info][gc,heap        ] GC(42) Survivor regions: 3->3(21)
[16.002s][info][gc,heap        ] GC(42) Old regions: 21->21
[16.002s][info][gc,heap        ] GC(42) Humongous regions: 6->6
[16.002s][info][gc,metaspace   ] GC(42) Metaspace: 59914K->59914K(1103872K)
[16.002s][info][gc             ] GC(42) Pause Young (Normal) (G1 Evacuation Pause) 187M->28M(270M) 6.532ms
[16.002s][info][gc,cpu         ] GC(42) User=0.00s Sys=0.00s Real=0.00s
[16.434s][info][gc,start       ] GC(43) Pause Young (Normal) (G1 Evacuation Pause)
[16.434s][info][gc,task        ] GC(43) Using 1 workers of 1 for evacuation
[16.442s][info][gc,phases      ] GC(43)   Pre Evacuate Collection Set: 0.0ms
[16.442s][info][gc,phases      ] GC(43)   Evacuate Collection Set: 6.9ms
[16.442s][info][gc,phases      ] GC(43)   Post Evacuate Collection Set: 0.5ms
[16.442s][info][gc,phases      ] GC(43)   Other: 0.3ms
[16.442s][info][gc,heap        ] GC(43) Eden regions: 159->0(159)
[16.442s][info][gc,heap        ] GC(43) Survivor regions: 3->3(21)
[16.442s][info][gc,heap        ] GC(43) Old regions: 21->21
[16.442s][info][gc,heap        ] GC(43) Humongous regions: 6->6
[16.442s][info][gc,metaspace   ] GC(43) Metaspace: 60593K->60593K(1103872K)
[16.442s][info][gc             ] GC(43) Pause Young (Normal) (G1 Evacuation Pause) 187M->28M(270M) 7.761ms
[16.442s][info][gc,cpu         ] GC(43) User=0.01s Sys=0.00s Real=0.01s
[16.808s][info][gc,start       ] GC(44) Pause Young (Normal) (G1 Evacuation Pause)
[16.808s][info][gc,task        ] GC(44) Using 1 workers of 1 for evacuation
[16.818s][info][gc,phases      ] GC(44)   Pre Evacuate Collection Set: 0.0ms
[16.818s][info][gc,phases      ] GC(44)   Evacuate Collection Set: 9.4ms
[16.818s][info][gc,phases      ] GC(44)   Post Evacuate Collection Set: 0.9ms
[16.818s][info][gc,phases      ] GC(44)   Other: 0.2ms
[16.818s][info][gc,heap        ] GC(44) Eden regions: 159->0(190)
[16.818s][info][gc,heap        ] GC(44) Survivor regions: 3->3(21)
[16.818s][info][gc,heap        ] GC(44) Old regions: 21->22
[16.818s][info][gc,heap        ] GC(44) Humongous regions: 6->6
[16.818s][info][gc,metaspace   ] GC(44) Metaspace: 60593K->60593K(1103872K)
[16.818s][info][gc             ] GC(44) Pause Young (Normal) (G1 Evacuation Pause) 187M->28M(323M) 10.636ms
[16.818s][info][gc,cpu         ] GC(44) User=0.01s Sys=0.00s Real=0.01s
[17.057s][info][gc,start       ] GC(45) Pause Young (Normal) (G1 Evacuation Pause)
[17.057s][info][gc,task        ] GC(45) Using 1 workers of 1 for evacuation
[17.063s][info][gc,phases      ] GC(45)   Pre Evacuate Collection Set: 0.0ms
[17.063s][info][gc,phases      ] GC(45)   Evacuate Collection Set: 5.9ms
[17.063s][info][gc,phases      ] GC(45)   Post Evacuate Collection Set: 0.4ms
[17.063s][info][gc,phases      ] GC(45)   Other: 0.2ms
[17.063s][info][gc,heap        ] GC(45) Eden regions: 190->0(192)
[17.063s][info][gc,heap        ] GC(45) Survivor regions: 3->1(25)
[17.063s][info][gc,heap        ] GC(45) Old regions: 22->24
[17.063s][info][gc,heap        ] GC(45) Humongous regions: 6->6
[17.063s][info][gc,metaspace   ] GC(45) Metaspace: 60593K->60593K(1103872K)
[17.063s][info][gc             ] GC(45) Pause Young (Normal) (G1 Evacuation Pause) 218M->28M(323M) 6.531ms
[17.063s][info][gc,cpu         ] GC(45) User=0.01s Sys=0.00s Real=0.01s
[17.271s][info][gc,start       ] GC(46) Pause Young (Normal) (G1 Evacuation Pause)
[17.271s][info][gc,task        ] GC(46) Using 1 workers of 1 for evacuation
[17.274s][info][gc,phases      ] GC(46)   Pre Evacuate Collection Set: 0.0ms
[17.274s][info][gc,phases      ] GC(46)   Evacuate Collection Set: 2.6ms
[17.274s][info][gc,phases      ] GC(46)   Post Evacuate Collection Set: 0.3ms
[17.274s][info][gc,phases      ] GC(46)   Other: 0.3ms
[17.274s][info][gc,heap        ] GC(46) Eden regions: 192->0(192)
[17.274s][info][gc,heap        ] GC(46) Survivor regions: 1->1(25)
[17.274s][info][gc,heap        ] GC(46) Old regions: 24->24
[17.274s][info][gc,heap        ] GC(46) Humongous regions: 6->6
[17.274s][info][gc,metaspace   ] GC(46) Metaspace: 60593K->60593K(1103872K)
[17.274s][info][gc             ] GC(46) Pause Young (Normal) (G1 Evacuation Pause) 220M->29M(323M) 3.293ms
[17.274s][info][gc,cpu         ] GC(46) User=0.00s Sys=0.00s Real=0.00s
[17.482s][info][gc,start       ] GC(47) Pause Young (Normal) (G1 Evacuation Pause)
[17.482s][info][gc,task        ] GC(47) Using 1 workers of 1 for evacuation
[17.485s][info][gc,phases      ] GC(47)   Pre Evacuate Collection Set: 0.0ms
[17.485s][info][gc,phases      ] GC(47)   Evacuate Collection Set: 2.3ms
[17.485s][info][gc,phases      ] GC(47)   Post Evacuate Collection Set: 0.3ms
[17.485s][info][gc,phases      ] GC(47)   Other: 0.2ms
[17.485s][info][gc,heap        ] GC(47) Eden regions: 192->0(192)
[17.485s][info][gc,heap        ] GC(47) Survivor regions: 1->1(25)
[17.485s][info][gc,heap        ] GC(47) Old regions: 24->24
[17.485s][info][gc,heap        ] GC(47) Humongous regions: 6->6
[17.485s][info][gc,metaspace   ] GC(47) Metaspace: 60594K->60594K(1103872K)
[17.485s][info][gc             ] GC(47) Pause Young (Normal) (G1 Evacuation Pause) 221M->29M(323M) 2.919ms
[17.485s][info][gc,cpu         ] GC(47) User=0.00s Sys=0.00s Real=0.00s
[17.680s][info][gc,start       ] GC(48) Pause Young (Normal) (G1 Evacuation Pause)
[17.680s][info][gc,task        ] GC(48) Using 1 workers of 1 for evacuation
[17.683s][info][gc,phases      ] GC(48)   Pre Evacuate Collection Set: 0.0ms
[17.683s][info][gc,phases      ] GC(48)   Evacuate Collection Set: 2.4ms
[17.683s][info][gc,phases      ] GC(48)   Post Evacuate Collection Set: 0.3ms
[17.683s][info][gc,phases      ] GC(48)   Other: 0.2ms
[17.683s][info][gc,heap        ] GC(48) Eden regions: 192->0(192)
[17.683s][info][gc,heap        ] GC(48) Survivor regions: 1->1(25)
[17.683s][info][gc,heap        ] GC(48) Old regions: 24->24
[17.683s][info][gc,heap        ] GC(48) Humongous regions: 6->6
[17.683s][info][gc,metaspace   ] GC(48) Metaspace: 60595K->60595K(1103872K)
[17.683s][info][gc             ] GC(48) Pause Young (Normal) (G1 Evacuation Pause) 221M->29M(323M) 2.928ms
[17.683s][info][gc,cpu         ] GC(48) User=0.00s Sys=0.00s Real=0.01s
[17.886s][info][gc,start       ] GC(49) Pause Young (Normal) (G1 Evacuation Pause)
[17.886s][info][gc,task        ] GC(49) Using 1 workers of 1 for evacuation
[17.889s][info][gc,phases      ] GC(49)   Pre Evacuate Collection Set: 0.0ms
[17.889s][info][gc,phases      ] GC(49)   Evacuate Collection Set: 2.5ms
[17.889s][info][gc,phases      ] GC(49)   Post Evacuate Collection Set: 0.3ms
[17.889s][info][gc,phases      ] GC(49)   Other: 0.2ms
[17.889s][info][gc,heap        ] GC(49) Eden regions: 192->0(192)
[17.889s][info][gc,heap        ] GC(49) Survivor regions: 1->1(25)
[17.889s][info][gc,heap        ] GC(49) Old regions: 24->24
[17.889s][info][gc,heap        ] GC(49) Humongous regions: 6->6
[17.889s][info][gc,metaspace   ] GC(49) Metaspace: 60595K->60595K(1103872K)
[17.889s][info][gc             ] GC(49) Pause Young (Normal) (G1 Evacuation Pause) 221M->29M(323M) 3.002ms
[17.889s][info][gc,cpu         ] GC(49) User=0.01s Sys=0.00s Real=0.00s
[18.203s][info][gc,start       ] GC(50) Pause Young (Normal) (G1 Evacuation Pause)
[18.203s][info][gc,task        ] GC(50) Using 1 workers of 1 for evacuation
[18.206s][info][gc,phases      ] GC(50)   Pre Evacuate Collection Set: 0.0ms
[18.206s][info][gc,phases      ] GC(50)   Evacuate Collection Set: 2.4ms
[18.206s][info][gc,phases      ] GC(50)   Post Evacuate Collection Set: 0.3ms
[18.206s][info][gc,phases      ] GC(50)   Other: 0.2ms
[18.206s][info][gc,heap        ] GC(50) Eden regions: 192->0(192)
[18.206s][info][gc,heap        ] GC(50) Survivor regions: 1->1(25)
[18.206s][info][gc,heap        ] GC(50) Old regions: 24->24
[18.206s][info][gc,heap        ] GC(50) Humongous regions: 6->6
[18.206s][info][gc,metaspace   ] GC(50) Metaspace: 60595K->60595K(1103872K)
[18.206s][info][gc             ] GC(50) Pause Young (Normal) (G1 Evacuation Pause) 221M->29M(323M) 2.944ms
[18.206s][info][gc,cpu         ] GC(50) User=0.01s Sys=0.00s Real=0.00s
[18.429s][info][gc,start       ] GC(51) Pause Young (Normal) (G1 Evacuation Pause)
[18.429s][info][gc,task        ] GC(51) Using 1 workers of 1 for evacuation
[18.432s][info][gc,phases      ] GC(51)   Pre Evacuate Collection Set: 0.0ms
[18.432s][info][gc,phases      ] GC(51)   Evacuate Collection Set: 2.5ms
[18.432s][info][gc,phases      ] GC(51)   Post Evacuate Collection Set: 0.3ms
[18.432s][info][gc,phases      ] GC(51)   Other: 0.2ms
[18.432s][info][gc,heap        ] GC(51) Eden regions: 192->0(192)
[18.432s][info][gc,heap        ] GC(51) Survivor regions: 1->1(25)
[18.432s][info][gc,heap        ] GC(51) Old regions: 24->24
[18.432s][info][gc,heap        ] GC(51) Humongous regions: 6->6
[18.432s][info][gc,metaspace   ] GC(51) Metaspace: 60595K->60595K(1103872K)
[18.432s][info][gc             ] GC(51) Pause Young (Normal) (G1 Evacuation Pause) 221M->29M(323M) 3.099ms
[18.432s][info][gc,cpu         ] GC(51) User=0.00s Sys=0.00s Real=0.01s
[18.694s][info][gc,start       ] GC(52) Pause Young (Normal) (G1 Evacuation Pause)
[18.694s][info][gc,task        ] GC(52) Using 1 workers of 1 for evacuation
[18.697s][info][gc,phases      ] GC(52)   Pre Evacuate Collection Set: 0.0ms
[18.697s][info][gc,phases      ] GC(52)   Evacuate Collection Set: 2.7ms
[18.697s][info][gc,phases      ] GC(52)   Post Evacuate Collection Set: 0.3ms
[18.697s][info][gc,phases      ] GC(52)   Other: 0.3ms
[18.697s][info][gc,heap        ] GC(52) Eden regions: 192->0(192)
[18.697s][info][gc,heap        ] GC(52) Survivor regions: 1->1(25)
[18.697s][info][gc,heap        ] GC(52) Old regions: 24->24
[18.697s][info][gc,heap        ] GC(52) Humongous regions: 6->6
[18.697s][info][gc,metaspace   ] GC(52) Metaspace: 60641K->60641K(1103872K)
[18.697s][info][gc             ] GC(52) Pause Young (Normal) (G1 Evacuation Pause) 221M->29M(323M) 3.395ms
[18.697s][info][gc,cpu         ] GC(52) User=0.00s Sys=0.00s Real=0.00s
[18.891s][info][gc,start       ] GC(53) Pause Young (Normal) (G1 Evacuation Pause)
[18.891s][info][gc,task        ] GC(53) Using 1 workers of 1 for evacuation
[18.894s][info][gc,phases      ] GC(53)   Pre Evacuate Collection Set: 0.0ms
[18.894s][info][gc,phases      ] GC(53)   Evacuate Collection Set: 2.4ms
[18.894s][info][gc,phases      ] GC(53)   Post Evacuate Collection Set: 0.3ms
[18.894s][info][gc,phases      ] GC(53)   Other: 0.2ms
[18.894s][info][gc,heap        ] GC(53) Eden regions: 192->0(192)
[18.894s][info][gc,heap        ] GC(53) Survivor regions: 1->1(25)
[18.894s][info][gc,heap        ] GC(53) Old regions: 24->24
[18.894s][info][gc,heap        ] GC(53) Humongous regions: 6->6
[18.894s][info][gc,metaspace   ] GC(53) Metaspace: 60641K->60641K(1103872K)
[18.894s][info][gc             ] GC(53) Pause Young (Normal) (G1 Evacuation Pause) 221M->29M(323M) 2.996ms
[18.894s][info][gc,cpu         ] GC(53) User=0.00s Sys=0.00s Real=0.00s
[19.064s][info][gc,start       ] GC(54) Pause Young (Normal) (G1 Evacuation Pause)
[19.064s][info][gc,task        ] GC(54) Using 1 workers of 1 for evacuation
[19.067s][info][gc,phases      ] GC(54)   Pre Evacuate Collection Set: 0.0ms
[19.067s][info][gc,phases      ] GC(54)   Evacuate Collection Set: 2.9ms
[19.067s][info][gc,phases      ] GC(54)   Post Evacuate Collection Set: 0.3ms
[19.067s][info][gc,phases      ] GC(54)   Other: 0.2ms
[19.067s][info][gc,heap        ] GC(54) Eden regions: 192->0(192)
[19.067s][info][gc,heap        ] GC(54) Survivor regions: 1->1(25)
[19.067s][info][gc,heap        ] GC(54) Old regions: 24->24
[19.067s][info][gc,heap        ] GC(54) Humongous regions: 6->6
[19.067s][info][gc,metaspace   ] GC(54) Metaspace: 60641K->60641K(1103872K)
[19.067s][info][gc             ] GC(54) Pause Young (Normal) (G1 Evacuation Pause) 221M->29M(323M) 3.503ms
[19.067s][info][gc,cpu         ] GC(54) User=0.01s Sys=0.00s Real=0.00s
[19.318s][info][gc,start       ] GC(55) Pause Young (Normal) (G1 Evacuation Pause)
[19.318s][info][gc,task        ] GC(55) Using 1 workers of 1 for evacuation
[19.321s][info][gc,phases      ] GC(55)   Pre Evacuate Collection Set: 0.0ms
[19.321s][info][gc,phases      ] GC(55)   Evacuate Collection Set: 2.4ms
[19.321s][info][gc,phases      ] GC(55)   Post Evacuate Collection Set: 0.3ms
[19.321s][info][gc,phases      ] GC(55)   Other: 0.2ms
[19.321s][info][gc,heap        ] GC(55) Eden regions: 192->0(192)
[19.321s][info][gc,heap        ] GC(55) Survivor regions: 1->1(25)
[19.321s][info][gc,heap        ] GC(55) Old regions: 24->24
[19.321s][info][gc,heap        ] GC(55) Humongous regions: 6->6
[19.321s][info][gc,metaspace   ] GC(55) Metaspace: 60641K->60641K(1103872K)
[19.321s][info][gc             ] GC(55) Pause Young (Normal) (G1 Evacuation Pause) 221M->29M(323M) 3.036ms
[19.321s][info][gc,cpu         ] GC(55) User=0.01s Sys=0.00s Real=0.00s
[19.515s][info][gc,start       ] GC(56) Pause Young (Normal) (G1 Evacuation Pause)
[19.515s][info][gc,task        ] GC(56) Using 1 workers of 1 for evacuation
[19.518s][info][gc,phases      ] GC(56)   Pre Evacuate Collection Set: 0.0ms
[19.518s][info][gc,phases      ] GC(56)   Evacuate Collection Set: 2.4ms
[19.518s][info][gc,phases      ] GC(56)   Post Evacuate Collection Set: 0.3ms
[19.518s][info][gc,phases      ] GC(56)   Other: 0.2ms
[19.518s][info][gc,heap        ] GC(56) Eden regions: 192->0(192)
[19.518s][info][gc,heap        ] GC(56) Survivor regions: 1->1(25)
[19.518s][info][gc,heap        ] GC(56) Old regions: 24->24
[19.518s][info][gc,heap        ] GC(56) Humongous regions: 6->6
[19.518s][info][gc,metaspace   ] GC(56) Metaspace: 60641K->60641K(1103872K)
[19.518s][info][gc             ] GC(56) Pause Young (Normal) (G1 Evacuation Pause) 221M->29M(323M) 2.909ms
[19.518s][info][gc,cpu         ] GC(56) User=0.00s Sys=0.00s Real=0.00s
[19.693s][info][gc,start       ] GC(57) Pause Young (Normal) (G1 Evacuation Pause)
[19.693s][info][gc,task        ] GC(57) Using 1 workers of 1 for evacuation
[19.699s][info][gc,phases      ] GC(57)   Pre Evacuate Collection Set: 0.1ms
[19.699s][info][gc,phases      ] GC(57)   Evacuate Collection Set: 4.8ms
[19.699s][info][gc,phases      ] GC(57)   Post Evacuate Collection Set: 0.5ms
[19.699s][info][gc,phases      ] GC(57)   Other: 0.5ms
[19.699s][info][gc,heap        ] GC(57) Eden regions: 192->0(192)
[19.699s][info][gc,heap        ] GC(57) Survivor regions: 1->1(25)
[19.699s][info][gc,heap        ] GC(57) Old regions: 24->24
[19.699s][info][gc,heap        ] GC(57) Humongous regions: 6->6
[19.699s][info][gc,metaspace   ] GC(57) Metaspace: 60641K->60641K(1103872K)
[19.699s][info][gc             ] GC(57) Pause Young (Normal) (G1 Evacuation Pause) 221M->29M(323M) 6.216ms
[19.699s][info][gc,cpu         ] GC(57) User=0.01s Sys=0.00s Real=0.00s
[19.880s][info][gc,start       ] GC(58) Pause Young (Normal) (G1 Evacuation Pause)
[19.880s][info][gc,task        ] GC(58) Using 1 workers of 1 for evacuation
[19.883s][info][gc,phases      ] GC(58)   Pre Evacuate Collection Set: 0.0ms
[19.883s][info][gc,phases      ] GC(58)   Evacuate Collection Set: 2.5ms
[19.883s][info][gc,phases      ] GC(58)   Post Evacuate Collection Set: 0.3ms
[19.883s][info][gc,phases      ] GC(58)   Other: 0.2ms
[19.883s][info][gc,heap        ] GC(58) Eden regions: 192->0(192)
[19.883s][info][gc,heap        ] GC(58) Survivor regions: 1->1(25)
[19.883s][info][gc,heap        ] GC(58) Old regions: 24->24
[19.883s][info][gc,heap        ] GC(58) Humongous regions: 6->6
[19.883s][info][gc,metaspace   ] GC(58) Metaspace: 60641K->60641K(1103872K)
[19.883s][info][gc             ] GC(58) Pause Young (Normal) (G1 Evacuation Pause) 221M->29M(323M) 3.096ms
[19.883s][info][gc,cpu         ] GC(58) User=0.00s Sys=0.00s Real=0.01s
[20.055s][info][gc,start       ] GC(59) Pause Young (Normal) (G1 Evacuation Pause)
[20.056s][info][gc,task        ] GC(59) Using 1 workers of 1 for evacuation
[20.058s][info][gc,phases      ] GC(59)   Pre Evacuate Collection Set: 0.0ms
[20.058s][info][gc,phases      ] GC(59)   Evacuate Collection Set: 1.6ms
[20.058s][info][gc,phases      ] GC(59)   Post Evacuate Collection Set: 0.3ms
[20.058s][info][gc,phases      ] GC(59)   Other: 0.2ms
[20.058s][info][gc,heap        ] GC(59) Eden regions: 192->0(192)
[20.058s][info][gc,heap        ] GC(59) Survivor regions: 1->1(25)
[20.058s][info][gc,heap        ] GC(59) Old regions: 24->24
[20.058s][info][gc,heap        ] GC(59) Humongous regions: 6->6
[20.058s][info][gc,metaspace   ] GC(59) Metaspace: 60641K->60641K(1103872K)
[20.058s][info][gc             ] GC(59) Pause Young (Normal) (G1 Evacuation Pause) 221M->29M(323M) 2.134ms
[20.058s][info][gc,cpu         ] GC(59) User=0.00s Sys=0.00s Real=0.00s
[21.451s][info][gc,start       ] GC(60) Pause Young (Normal) (G1 Evacuation Pause)
[21.452s][info][gc,task        ] GC(60) Using 1 workers of 1 for evacuation
[21.463s][info][gc,phases      ] GC(60)   Pre Evacuate Collection Set: 0.0ms
[21.463s][info][gc,phases      ] GC(60)   Evacuate Collection Set: 10.4ms
[21.463s][info][gc,phases      ] GC(60)   Post Evacuate Collection Set: 0.4ms
[21.463s][info][gc,phases      ] GC(60)   Other: 0.4ms
[21.463s][info][gc,heap        ] GC(60) Eden regions: 192->0(190)
[21.463s][info][gc,heap        ] GC(60) Survivor regions: 1->3(25)
[21.463s][info][gc,heap        ] GC(60) Old regions: 24->24
[21.463s][info][gc,heap        ] GC(60) Humongous regions: 11->6
[21.463s][info][gc,metaspace   ] GC(60) Metaspace: 61995K->61995K(1103872K)
[21.463s][info][gc             ] GC(60) Pause Young (Normal) (G1 Evacuation Pause) 226M->31M(323M) 11.331ms
[21.463s][info][gc,cpu         ] GC(60) User=0.01s Sys=0.00s Real=0.01s
[23.122s][info][gc,start       ] GC(61) Pause Young (Normal) (G1 Evacuation Pause)
[23.122s][info][gc,task        ] GC(61) Using 1 workers of 1 for evacuation
[23.194s][info][gc,phases      ] GC(61)   Pre Evacuate Collection Set: 0.0ms
[23.194s][info][gc,phases      ] GC(61)   Evacuate Collection Set: 71.0ms
[23.194s][info][gc,phases      ] GC(61)   Post Evacuate Collection Set: 0.4ms
[23.194s][info][gc,phases      ] GC(61)   Other: 0.4ms
[23.194s][info][gc,heap        ] GC(61) Eden regions: 104->0(159)
[23.194s][info][gc,heap        ] GC(61) Survivor regions: 3->14(14)
[23.194s][info][gc,heap        ] GC(61) Old regions: 24->31
[23.194s][info][gc,heap        ] GC(61) Humongous regions: 12->12
[23.194s][info][gc,metaspace   ] GC(61) Metaspace: 62086K->62086K(1103872K)
[23.194s][info][gc             ] GC(61) Pause Young (Normal) (G1 Evacuation Pause) 141M->55M(323M) 71.898ms
[23.194s][info][gc,cpu         ] GC(61) User=0.07s Sys=0.00s Real=0.07s
[24.612s][info][gc,start       ] GC(62) Pause Young (Normal) (G1 Evacuation Pause)
[24.612s][info][gc,task        ] GC(62) Using 1 workers of 1 for evacuation
[24.717s][info][gc,phases      ] GC(62)   Pre Evacuate Collection Set: 0.0ms
[24.717s][info][gc,phases      ] GC(62)   Evacuate Collection Set: 104.2ms
[24.717s][info][gc,phases      ] GC(62)   Post Evacuate Collection Set: 0.5ms
[24.717s][info][gc,phases      ] GC(62)   Other: 0.3ms
[24.717s][info][gc,heap        ] GC(62) Eden regions: 118->0(137)
[24.717s][info][gc,heap        ] GC(62) Survivor regions: 14->17(17)
[24.717s][info][gc,heap        ] GC(62) Old regions: 31->46
[24.717s][info][gc,heap        ] GC(62) Humongous regions: 21->21
[24.717s][info][gc,metaspace   ] GC(62) Metaspace: 62492K->62492K(1105920K)
[24.717s][info][gc             ] GC(62) Pause Young (Normal) (G1 Evacuation Pause) 182M->82M(323M) 105.192ms
[24.717s][info][gc,cpu         ] GC(62) User=0.10s Sys=0.00s Real=0.10s
[26.133s][info][gc,start       ] GC(63) Pause Young (Normal) (G1 Evacuation Pause)
[26.133s][info][gc,task        ] GC(63) Using 1 workers of 1 for evacuation
[26.299s][info][gc,phases      ] GC(63)   Pre Evacuate Collection Set: 0.0ms
[26.299s][info][gc,phases      ] GC(63)   Evacuate Collection Set: 165.0ms
[26.299s][info][gc,phases      ] GC(63)   Post Evacuate Collection Set: 0.5ms
[26.299s][info][gc,phases      ] GC(63)   Other: 0.3ms
[26.299s][info][gc,heap        ] GC(63) Eden regions: 137->0(104)
[26.299s][info][gc,heap        ] GC(63) Survivor regions: 17->20(20)
[26.299s][info][gc,heap        ] GC(63) Old regions: 46->74
[26.299s][info][gc,heap        ] GC(63) Humongous regions: 38->38
[26.299s][info][gc,metaspace   ] GC(63) Metaspace: 62749K->62749K(1105920K)
[26.299s][info][gc             ] GC(63) Pause Young (Normal) (G1 Evacuation Pause) 236M->130M(323M) 166.027ms
[26.299s][info][gc,cpu         ] GC(63) User=0.17s Sys=0.00s Real=0.16s
[26.605s][info][gc,start       ] GC(64) Pause Young (Normal) (G1 Evacuation Pause)
[26.605s][info][gc,task        ] GC(64) Using 1 workers of 1 for evacuation
[26.722s][info][gc,phases      ] GC(64)   Pre Evacuate Collection Set: 0.0ms
[26.722s][info][gc,phases      ] GC(64)   Evacuate Collection Set: 115.4ms
[26.722s][info][gc,phases      ] GC(64)   Post Evacuate Collection Set: 1.3ms
[26.722s][info][gc,phases      ] GC(64)   Other: 0.2ms
[26.722s][info][gc,heap        ] GC(64) Eden regions: 98->0(75)
[26.722s][info][gc,heap        ] GC(64) Survivor regions: 20->9(15)
[26.722s][info][gc,heap        ] GC(64) Old regions: 74->94
[26.722s][info][gc,heap        ] GC(64) Humongous regions: 43->43
[26.722s][info][gc,metaspace   ] GC(64) Metaspace: 62750K->62750K(1105920K)
[26.722s][info][gc             ] GC(64) Pause Young (Normal) (G1 Evacuation Pause) 233M->144M(559M) 117.045ms
[26.722s][info][gc,cpu         ] GC(64) User=0.12s Sys=0.00s Real=0.11s
[27.049s][info][gc,start       ] GC(65) Pause Young (Normal) (G1 Evacuation Pause)
[27.049s][info][gc,task        ] GC(65) Using 1 workers of 1 for evacuation
[27.098s][info][gc,phases      ] GC(65)   Pre Evacuate Collection Set: 0.0ms
[27.098s][info][gc,phases      ] GC(65)   Evacuate Collection Set: 48.1ms
[27.098s][info][gc,phases      ] GC(65)   Post Evacuate Collection Set: 0.3ms
[27.098s][info][gc,phases      ] GC(65)   Other: 0.3ms
[27.098s][info][gc,heap        ] GC(65) Eden regions: 75->0(103)
[27.098s][info][gc,heap        ] GC(65) Survivor regions: 9->6(11)
[27.098s][info][gc,heap        ] GC(65) Old regions: 94->102
[27.098s][info][gc,heap        ] GC(65) Humongous regions: 43->43
[27.098s][info][gc,metaspace   ] GC(65) Metaspace: 62750K->62750K(1105920K)
[27.098s][info][gc             ] GC(65) Pause Young (Normal) (G1 Evacuation Pause) 219M->148M(559M) 48.838ms
[27.098s][info][gc,cpu         ] GC(65) User=0.05s Sys=0.00s Real=0.05s
[27.452s][info][gc,start       ] GC(66) Pause Young (Normal) (G1 Evacuation Pause)
[27.452s][info][gc,task        ] GC(66) Using 1 workers of 1 for evacuation
[27.496s][info][gc,phases      ] GC(66)   Pre Evacuate Collection Set: 0.0ms
[27.496s][info][gc,phases      ] GC(66)   Evacuate Collection Set: 43.3ms
[27.496s][info][gc,phases      ] GC(66)   Post Evacuate Collection Set: 0.4ms
[27.496s][info][gc,phases      ] GC(66)   Other: 0.2ms
[27.496s][info][gc,heap        ] GC(66) Eden regions: 103->0(99)
[27.496s][info][gc,heap        ] GC(66) Survivor regions: 6->11(14)
[27.496s][info][gc,heap        ] GC(66) Old regions: 102->102
[27.496s][info][gc,heap        ] GC(66) Humongous regions: 43->43
[27.496s][info][gc,metaspace   ] GC(66) Metaspace: 62750K->62750K(1105920K)
[27.496s][info][gc             ] GC(66) Pause Young (Normal) (G1 Evacuation Pause) 251M->153M(559M) 43.967ms
[27.496s][info][gc,cpu         ] GC(66) User=0.04s Sys=0.00s Real=0.04s
[27.808s][info][gc,start       ] GC(67) Pause Young (Normal) (G1 Evacuation Pause)
[27.808s][info][gc,task        ] GC(67) Using 1 workers of 1 for evacuation
[27.875s][info][gc,phases      ] GC(67)   Pre Evacuate Collection Set: 0.0ms
[27.875s][info][gc,phases      ] GC(67)   Evacuate Collection Set: 66.3ms
[27.875s][info][gc,phases      ] GC(67)   Post Evacuate Collection Set: 0.5ms
[27.875s][info][gc,phases      ] GC(67)   Other: 0.2ms
[27.875s][info][gc,heap        ] GC(67) Eden regions: 70->0(123)
[27.875s][info][gc,heap        ] GC(67) Survivor regions: 11->5(11)
[27.875s][info][gc,heap        ] GC(67) Old regions: 102->111
[27.875s][info][gc,heap        ] GC(67) Humongous regions: 52->52
[27.875s][info][gc,metaspace   ] GC(67) Metaspace: 62750K->62750K(1105920K)
[27.875s][info][gc             ] GC(67) Pause Young (Normal) (G1 Evacuation Pause) 232M->166M(559M) 67.168ms
[27.875s][info][gc,cpu         ] GC(67) User=0.07s Sys=0.00s Real=0.07s
[29.078s][info][gc,start       ] GC(68) Pause Young (Normal) (G1 Evacuation Pause)
[29.078s][info][gc,task        ] GC(68) Using 1 workers of 1 for evacuation
[29.143s][info][gc,phases      ] GC(68)   Pre Evacuate Collection Set: 0.0ms
[29.144s][info][gc,phases      ] GC(68)   Evacuate Collection Set: 64.4ms
[29.144s][info][gc,phases      ] GC(68)   Post Evacuate Collection Set: 0.5ms
[29.144s][info][gc,phases      ] GC(68)   Other: 0.4ms
[29.144s][info][gc,heap        ] GC(68) Eden regions: 58->0(107)
[29.144s][info][gc,heap        ] GC(68) Survivor regions: 5->4(8)
[29.144s][info][gc,heap        ] GC(68) Old regions: 111->116
[29.144s][info][gc,heap        ] GC(68) Humongous regions: 57->57
[29.144s][info][gc,metaspace   ] GC(68) Metaspace: 62898K->62898K(1105920K)
[29.144s][info][gc             ] GC(68) Pause Young (Normal) (G1 Evacuation Pause) 229M->175M(559M) 65.496ms
[29.144s][info][gc,cpu         ] GC(68) User=0.06s Sys=0.00s Real=0.07s
[30.662s][info][gc,start       ] GC(69) Pause Young (Normal) (G1 Evacuation Pause)
[30.662s][info][gc,task        ] GC(69) Using 1 workers of 1 for evacuation
[30.713s][info][gc,phases      ] GC(69)   Pre Evacuate Collection Set: 0.0ms
[30.713s][info][gc,phases      ] GC(69)   Evacuate Collection Set: 49.7ms
[30.713s][info][gc,phases      ] GC(69)   Post Evacuate Collection Set: 0.9ms
[30.713s][info][gc,phases      ] GC(69)   Other: 0.3ms
[30.713s][info][gc,heap        ] GC(69) Eden regions: 107->0(93)
[30.713s][info][gc,heap        ] GC(69) Survivor regions: 4->14(14)
[30.713s][info][gc,heap        ] GC(69) Old regions: 116->119
[30.713s][info][gc,heap        ] GC(69) Humongous regions: 60->60
[30.713s][info][gc,metaspace   ] GC(69) Metaspace: 62969K->62969K(1105920K)
[30.713s][info][gc             ] GC(69) Pause Young (Normal) (G1 Evacuation Pause) 285M->191M(644M) 50.976ms
[30.713s][info][gc,cpu         ] GC(69) User=0.05s Sys=0.00s Real=0.05s
[31.254s][info][gc,start       ] GC(70) Pause Young (Normal) (G1 Evacuation Pause)
[31.254s][info][gc,task        ] GC(70) Using 1 workers of 1 for evacuation
[31.343s][info][gc,phases      ] GC(70)   Pre Evacuate Collection Set: 0.0ms
[31.343s][info][gc,phases      ] GC(70)   Evacuate Collection Set: 88.5ms
[31.343s][info][gc,phases      ] GC(70)   Post Evacuate Collection Set: 0.4ms
[31.343s][info][gc,phases      ] GC(70)   Other: 0.3ms
[31.343s][info][gc,heap        ] GC(70) Eden regions: 93->0(93)
[31.343s][info][gc,heap        ] GC(70) Survivor regions: 14->14(14)
[31.343s][info][gc,heap        ] GC(70) Old regions: 119->137
[31.343s][info][gc,heap        ] GC(70) Humongous regions: 68->68
[31.343s][info][gc,metaspace   ] GC(70) Metaspace: 62971K->62971K(1105920K)
[31.343s][info][gc             ] GC(70) Pause Young (Normal) (G1 Evacuation Pause) 292M->217M(644M) 89.313ms
[31.343s][info][gc,cpu         ] GC(70) User=0.08s Sys=0.00s Real=0.09s
[31.638s][info][gc,start       ] GC(71) Pause Young (Normal) (G1 Evacuation Pause)
[31.639s][info][gc,task        ] GC(71) Using 1 workers of 1 for evacuation
[31.739s][info][gc,phases      ] GC(71)   Pre Evacuate Collection Set: 0.0ms
[31.739s][info][gc,phases      ] GC(71)   Evacuate Collection Set: 99.5ms
[31.739s][info][gc,phases      ] GC(71)   Post Evacuate Collection Set: 0.6ms
[31.739s][info][gc,phases      ] GC(71)   Other: 0.5ms
[31.739s][info][gc,heap        ] GC(71) Eden regions: 93->0(95)
[31.739s][info][gc,heap        ] GC(71) Survivor regions: 14->14(14)
[31.739s][info][gc,heap        ] GC(71) Old regions: 137->160
[31.739s][info][gc,heap        ] GC(71) Humongous regions: 83->83
[31.739s][info][gc,metaspace   ] GC(71) Metaspace: 62990K->62990K(1105920K)
[31.739s][info][gc             ] GC(71) Pause Young (Normal) (G1 Evacuation Pause) 325M->255M(644M) 100.654ms
[31.739s][info][gc,cpu         ] GC(71) User=0.10s Sys=0.00s Real=0.10s
[32.219s][info][gc,start       ] GC(72) Pause Young (Normal) (G1 Evacuation Pause)
[32.219s][info][gc,task        ] GC(72) Using 1 workers of 1 for evacuation
[32.302s][info][gc,phases      ] GC(72)   Pre Evacuate Collection Set: 0.0ms
[32.302s][info][gc,phases      ] GC(72)   Evacuate Collection Set: 81.5ms
[32.302s][info][gc,phases      ] GC(72)   Post Evacuate Collection Set: 0.8ms
[32.302s][info][gc,phases      ] GC(72)   Other: 0.2ms
[32.302s][info][gc,heap        ] GC(72) Eden regions: 95->0(56)
[32.302s][info][gc,heap        ] GC(72) Survivor regions: 14->14(14)
[32.302s][info][gc,heap        ] GC(72) Old regions: 160->176
[32.302s][info][gc,heap        ] GC(72) Humongous regions: 89->89
[32.302s][info][gc,metaspace   ] GC(72) Metaspace: 62991K->62991K(1105920K)
[32.302s][info][gc             ] GC(72) Pause Young (Normal) (G1 Evacuation Pause) 356M->277M(644M) 82.653ms
[32.302s][info][gc,cpu         ] GC(72) User=0.08s Sys=0.00s Real=0.09s
[32.443s][info][gc,start       ] GC(73) Pause Young (Normal) (G1 Evacuation Pause)
[32.443s][info][gc,task        ] GC(73) Using 1 workers of 1 for evacuation
[32.505s][info][gc,phases      ] GC(73)   Pre Evacuate Collection Set: 0.0ms
[32.505s][info][gc,phases      ] GC(73)   Evacuate Collection Set: 61.5ms
[32.505s][info][gc,phases      ] GC(73)   Post Evacuate Collection Set: 0.3ms
[32.505s][info][gc,phases      ] GC(73)   Other: 0.2ms
[32.505s][info][gc,heap        ] GC(73) Eden regions: 56->0(90)
[32.505s][info][gc,heap        ] GC(73) Survivor regions: 14->6(9)
[32.505s][info][gc,heap        ] GC(73) Old regions: 176->190
[32.505s][info][gc,heap        ] GC(73) Humongous regions: 89->89
[32.505s][info][gc,metaspace   ] GC(73) Metaspace: 62991K->62991K(1105920K)
[32.505s][info][gc             ] GC(73) Pause Young (Normal) (G1 Evacuation Pause) 333M->282M(644M) 62.218ms
[32.505s][info][gc,cpu         ] GC(73) User=0.06s Sys=0.00s Real=0.06s
[32.708s][info][gc,start       ] GC(74) Pause Young (Normal) (G1 Evacuation Pause)
[32.708s][info][gc,task        ] GC(74) Using 1 workers of 1 for evacuation
[32.750s][info][gc,phases      ] GC(74)   Pre Evacuate Collection Set: 0.0ms
[32.750s][info][gc,phases      ] GC(74)   Evacuate Collection Set: 40.7ms
[32.750s][info][gc,phases      ] GC(74)   Post Evacuate Collection Set: 0.8ms
[32.750s][info][gc,phases      ] GC(74)   Other: 0.3ms
[32.750s][info][gc,heap        ] GC(74) Eden regions: 90->0(108)
[32.750s][info][gc,heap        ] GC(74) Survivor regions: 6->12(12)
[32.750s][info][gc,heap        ] GC(74) Old regions: 190->190
[32.750s][info][gc,heap        ] GC(74) Humongous regions: 94->94
[32.750s][info][gc,metaspace   ] GC(74) Metaspace: 62991K->62991K(1105920K)
[32.750s][info][gc             ] GC(74) Pause Young (Normal) (G1 Evacuation Pause) 377M->294M(729M) 41.828ms
[32.750s][info][gc,cpu         ] GC(74) User=0.04s Sys=0.00s Real=0.04s
[33.021s][info][gc,start       ] GC(75) Pause Young (Normal) (G1 Evacuation Pause)
[33.021s][info][gc,task        ] GC(75) Using 1 workers of 1 for evacuation
[33.077s][info][gc,phases      ] GC(75)   Pre Evacuate Collection Set: 0.0ms
[33.077s][info][gc,phases      ] GC(75)   Evacuate Collection Set: 55.1ms
[33.077s][info][gc,phases      ] GC(75)   Post Evacuate Collection Set: 0.4ms
[33.077s][info][gc,phases      ] GC(75)   Other: 0.2ms
[33.077s][info][gc,heap        ] GC(75) Eden regions: 108->0(131)
[33.077s][info][gc,heap        ] GC(75) Survivor regions: 12->13(15)
[33.077s][info][gc,heap        ] GC(75) Old regions: 190->195
[33.077s][info][gc,heap        ] GC(75) Humongous regions: 94->94
[33.077s][info][gc,metaspace   ] GC(75) Metaspace: 62992K->62992K(1105920K)
[33.077s][info][gc             ] GC(75) Pause Young (Normal) (G1 Evacuation Pause) 402M->299M(729M) 55.871ms
[33.077s][info][gc,cpu         ] GC(75) User=0.06s Sys=0.00s Real=0.06s
[33.507s][info][gc,start       ] GC(76) Pause Young (Normal) (G1 Evacuation Pause)
[33.507s][info][gc,task        ] GC(76) Using 1 workers of 1 for evacuation
[33.596s][info][gc,phases      ] GC(76)   Pre Evacuate Collection Set: 0.0ms
[33.596s][info][gc,phases      ] GC(76)   Evacuate Collection Set: 87.9ms
[33.596s][info][gc,phases      ] GC(76)   Post Evacuate Collection Set: 0.6ms
[33.596s][info][gc,phases      ] GC(76)   Other: 0.2ms
[33.596s][info][gc,heap        ] GC(76) Eden regions: 120->0(56)
[33.596s][info][gc,heap        ] GC(76) Survivor regions: 13->14(17)
[33.596s][info][gc,heap        ] GC(76) Old regions: 195->200
[33.596s][info][gc,heap        ] GC(76) Humongous regions: 103->103
[33.596s][info][gc,metaspace   ] GC(76) Metaspace: 62993K->62993K(1105920K)
[33.596s][info][gc             ] GC(76) Pause Young (Normal) (G1 Evacuation Pause) 428M->315M(729M) 88.841ms
[33.596s][info][gc,cpu         ] GC(76) User=0.09s Sys=0.00s Real=0.09s
[34.322s][info][gc,start       ] GC(77) Pause Young (Normal) (G1 Evacuation Pause)
[34.322s][info][gc,task        ] GC(77) Using 1 workers of 1 for evacuation
[34.399s][info][gc,phases      ] GC(77)   Pre Evacuate Collection Set: 0.0ms
[34.399s][info][gc,phases      ] GC(77)   Evacuate Collection Set: 76.0ms
[34.399s][info][gc,phases      ] GC(77)   Post Evacuate Collection Set: 0.8ms
[34.399s][info][gc,phases      ] GC(77)   Other: 0.3ms
[34.399s][info][gc,heap        ] GC(77) Eden regions: 56->0(117)
[34.399s][info][gc,heap        ] GC(77) Survivor regions: 14->4(9)
[34.399s][info][gc,heap        ] GC(77) Old regions: 200->213
[34.399s][info][gc,heap        ] GC(77) Humongous regions: 108->108
[34.399s][info][gc,metaspace   ] GC(77) Metaspace: 63025K->63025K(1105920K)
[34.399s][info][gc             ] GC(77) Pause Young (Normal) (G1 Evacuation Pause) 376M->323M(729M) 77.267ms
[34.399s][info][gc,cpu         ] GC(77) User=0.08s Sys=0.00s Real=0.07s
[34.781s][info][gc,start       ] GC(78) Pause Young (Normal) (G1 Evacuation Pause)
[34.781s][info][gc,task        ] GC(78) Using 1 workers of 1 for evacuation
[34.855s][info][gc,phases      ] GC(78)   Pre Evacuate Collection Set: 0.0ms
[34.855s][info][gc,phases      ] GC(78)   Evacuate Collection Set: 72.7ms
[34.855s][info][gc,phases      ] GC(78)   Post Evacuate Collection Set: 0.5ms
[34.855s][info][gc,phases      ] GC(78)   Other: 0.3ms
[34.855s][info][gc,heap        ] GC(78) Eden regions: 117->0(111)
[34.855s][info][gc,heap        ] GC(78) Survivor regions: 4->16(16)
[34.855s][info][gc,heap        ] GC(78) Old regions: 213->222
[34.855s][info][gc,heap        ] GC(78) Humongous regions: 114->114
[34.855s][info][gc,metaspace   ] GC(78) Metaspace: 63084K->63084K(1105920K)
[34.855s][info][gc             ] GC(78) Pause Young (Normal) (G1 Evacuation Pause) 446M->350M(729M) 73.617ms
[34.855s][info][gc,cpu         ] GC(78) User=0.07s Sys=0.00s Real=0.08s
[34.955s][info][gc,start       ] GC(79) Pause Young (Concurrent Start) (G1 Humongous Allocation)
[34.955s][info][gc,task        ] GC(79) Using 1 workers of 1 for evacuation
[35.010s][info][gc,phases      ] GC(79)   Pre Evacuate Collection Set: 0.3ms
[35.010s][info][gc,phases      ] GC(79)   Evacuate Collection Set: 54.2ms
[35.010s][info][gc,phases      ] GC(79)   Post Evacuate Collection Set: 0.7ms
[35.010s][info][gc,phases      ] GC(79)   Other: 0.2ms
[35.010s][info][gc,heap        ] GC(79) Eden regions: 29->0(95)
[35.010s][info][gc,heap        ] GC(79) Survivor regions: 16->5(16)
[35.010s][info][gc,heap        ] GC(79) Old regions: 222->238
[35.010s][info][gc,heap        ] GC(79) Humongous regions: 114->114
[35.010s][info][gc,metaspace   ] GC(79) Metaspace: 63084K->63084K(1105920K)
[35.010s][info][gc             ] GC(79) Pause Young (Concurrent Start) (G1 Humongous Allocation) 379M->354M(822M) 55.503ms
[35.010s][info][gc,cpu         ] GC(79) User=0.05s Sys=0.01s Real=0.06s
[35.010s][info][gc             ] GC(80) Concurrent Cycle
[35.010s][info][gc,marking     ] GC(80) Concurrent Clear Claimed Marks
[35.011s][info][gc,marking     ] GC(80) Concurrent Clear Claimed Marks 0.273ms
[35.011s][info][gc,marking     ] GC(80) Concurrent Scan Root Regions
[35.013s][info][gc,marking     ] GC(80) Concurrent Scan Root Regions 2.198ms
[35.013s][info][gc,marking     ] GC(80) Concurrent Mark (35.013s)
[35.013s][info][gc,marking     ] GC(80) Concurrent Mark From Roots
[35.013s][info][gc,task        ] GC(80) Using 1 workers of 1 for marking
[35.418s][info][gc,marking     ] GC(80) Concurrent Mark From Roots 404.729ms
[35.418s][info][gc,marking     ] GC(80) Concurrent Preclean
[35.418s][info][gc,marking     ] GC(80) Concurrent Preclean 0.162ms
[35.418s][info][gc,marking     ] GC(80) Concurrent Mark (35.013s, 35.418s) 405.028ms
[35.420s][info][gc,start       ] GC(80) Pause Remark
[35.436s][info][gc,stringtable ] GC(80) Cleaned string and symbol table, strings: 22453 processed, 216 removed, symbols: 136832 processed, 14 removed
[35.436s][info][gc             ] GC(80) Pause Remark 396M->215M(822M) 16.040ms
[35.436s][info][gc,cpu         ] GC(80) User=0.02s Sys=0.00s Real=0.02s
[35.436s][info][gc,marking     ] GC(80) Concurrent Rebuild Remembered Sets
[35.775s][info][gc,start       ] GC(81) Pause Young (Normal) (G1 Evacuation Pause)
[35.775s][info][gc,task        ] GC(81) Using 1 workers of 1 for evacuation
[35.842s][info][gc,phases      ] GC(81)   Pre Evacuate Collection Set: 0.0ms
[35.842s][info][gc,phases      ] GC(81)   Evacuate Collection Set: 66.5ms
[35.842s][info][gc,phases      ] GC(81)   Post Evacuate Collection Set: 0.6ms
[35.842s][info][gc,phases      ] GC(81)   Other: 0.3ms
[35.842s][info][gc,heap        ] GC(81) Eden regions: 95->0(106)
[35.842s][info][gc,heap        ] GC(81) Survivor regions: 5->13(13)
[35.842s][info][gc,heap        ] GC(81) Old regions: 160->167
[35.842s][info][gc,heap        ] GC(81) Humongous regions: 23->23
[35.842s][info][gc,metaspace   ] GC(81) Metaspace: 63346K->63346K(1105920K)
[35.842s][info][gc             ] GC(81) Pause Young (Normal) (G1 Evacuation Pause) 280M->201M(822M) 67.498ms
[35.843s][info][gc,cpu         ] GC(81) User=0.07s Sys=0.00s Real=0.07s
[35.845s][info][gc,marking     ] GC(80) Concurrent Rebuild Remembered Sets 408.586ms
[35.852s][info][gc,start       ] GC(80) Pause Cleanup
[35.852s][info][gc             ] GC(80) Pause Cleanup 203M->203M(822M) 0.251ms
[35.852s][info][gc,cpu         ] GC(80) User=0.00s Sys=0.00s Real=0.00s
[35.852s][info][gc,marking     ] GC(80) Concurrent Cleanup for Next Mark
[35.855s][info][gc,marking     ] GC(80) Concurrent Cleanup for Next Mark 3.011ms
[35.855s][info][gc             ] GC(80) Concurrent Cycle 844.781ms
[36.093s][info][gc,start       ] GC(82) Pause Young (Normal) (G1 Evacuation Pause)
[36.093s][info][gc,task        ] GC(82) Using 1 workers of 1 for evacuation
[36.198s][info][gc,phases      ] GC(82)   Pre Evacuate Collection Set: 0.0ms
[36.198s][info][gc,phases      ] GC(82)   Evacuate Collection Set: 105.1ms
[36.198s][info][gc,phases      ] GC(82)   Post Evacuate Collection Set: 0.4ms
[36.198s][info][gc,phases      ] GC(82)   Other: 0.2ms
[36.198s][info][gc,heap        ] GC(82) Eden regions: 106->0(113)
[36.198s][info][gc,heap        ] GC(82) Survivor regions: 13->15(15)
[36.198s][info][gc,heap        ] GC(82) Old regions: 167->191
[36.198s][info][gc,heap        ] GC(82) Humongous regions: 34->34
[36.198s][info][gc,metaspace   ] GC(82) Metaspace: 63347K->63347K(1105920K)
[36.198s][info][gc             ] GC(82) Pause Young (Normal) (G1 Evacuation Pause) 318M->238M(822M) 105.889ms
[36.198s][info][gc,cpu         ] GC(82) User=0.10s Sys=0.00s Real=0.10s
[36.462s][info][gc,start       ] GC(83) Pause Young (Normal) (G1 Evacuation Pause)
[36.462s][info][gc,task        ] GC(83) Using 1 workers of 1 for evacuation
[36.533s][info][gc,phases      ] GC(83)   Pre Evacuate Collection Set: 0.0ms
[36.533s][info][gc,phases      ] GC(83)   Evacuate Collection Set: 70.7ms
[36.533s][info][gc,phases      ] GC(83)   Post Evacuate Collection Set: 0.5ms
[36.533s][info][gc,phases      ] GC(83)   Other: 0.2ms
[36.533s][info][gc,heap        ] GC(83) Eden regions: 113->0(126)
[36.533s][info][gc,heap        ] GC(83) Survivor regions: 15->10(16)
[36.533s][info][gc,heap        ] GC(83) Old regions: 191->206
[36.533s][info][gc,heap        ] GC(83) Humongous regions: 42->42
[36.533s][info][gc,metaspace   ] GC(83) Metaspace: 63347K->63347K(1105920K)
[36.533s][info][gc             ] GC(83) Pause Young (Normal) (G1 Evacuation Pause) 359M->256M(822M) 71.465ms
[36.533s][info][gc,cpu         ] GC(83) User=0.08s Sys=0.00s Real=0.07s
[36.829s][info][gc,start       ] GC(84) Pause Young (Normal) (G1 Evacuation Pause)
[36.829s][info][gc,task        ] GC(84) Using 1 workers of 1 for evacuation
[36.883s][info][gc,phases      ] GC(84)   Pre Evacuate Collection Set: 0.0ms
[36.883s][info][gc,phases      ] GC(84)   Evacuate Collection Set: 52.7ms
[36.883s][info][gc,phases      ] GC(84)   Post Evacuate Collection Set: 0.9ms
[36.883s][info][gc,phases      ] GC(84)   Other: 0.3ms
[36.883s][info][gc,heap        ] GC(84) Eden regions: 126->0(147)
[36.883s][info][gc,heap        ] GC(84) Survivor regions: 10->9(17)
[36.883s][info][gc,heap        ] GC(84) Old regions: 206->215
[36.883s][info][gc,heap        ] GC(84) Humongous regions: 42->42
[36.883s][info][gc,metaspace   ] GC(84) Metaspace: 63348K->63348K(1105920K)
[36.883s][info][gc             ] GC(84) Pause Young (Normal) (G1 Evacuation Pause) 382M->263M(958M) 53.992ms
[36.883s][info][gc,cpu         ] GC(84) User=0.05s Sys=0.00s Real=0.06s
[37.268s][info][gc,start       ] GC(85) Pause Young (Normal) (G1 Evacuation Pause)
[37.269s][info][gc,task        ] GC(85) Using 1 workers of 1 for evacuation
[37.408s][info][gc,phases      ] GC(85)   Pre Evacuate Collection Set: 0.0ms
[37.408s][info][gc,phases      ] GC(85)   Evacuate Collection Set: 138.8ms
[37.408s][info][gc,phases      ] GC(85)   Post Evacuate Collection Set: 0.6ms
[37.408s][info][gc,phases      ] GC(85)   Other: 0.3ms
[37.408s][info][gc,heap        ] GC(85) Eden regions: 135->0(79)
[37.408s][info][gc,heap        ] GC(85) Survivor regions: 9->16(18)
[37.408s][info][gc,heap        ] GC(85) Old regions: 215->215
[37.408s][info][gc,heap        ] GC(85) Humongous regions: 51->51
[37.408s][info][gc,metaspace   ] GC(85) Metaspace: 63348K->63348K(1105920K)
[37.408s][info][gc             ] GC(85) Pause Young (Normal) (G1 Evacuation Pause) 407M->279M(958M) 139.878ms
[37.408s][info][gc,cpu         ] GC(85) User=0.10s Sys=0.00s Real=0.14s
[37.872s][info][gc,start       ] GC(86) Pause Young (Normal) (G1 Evacuation Pause)
[37.872s][info][gc,task        ] GC(86) Using 1 workers of 1 for evacuation
[37.958s][info][gc,phases      ] GC(86)   Pre Evacuate Collection Set: 0.0ms
[37.958s][info][gc,phases      ] GC(86)   Evacuate Collection Set: 84.7ms
[37.958s][info][gc,phases      ] GC(86)   Post Evacuate Collection Set: 0.5ms
[37.958s][info][gc,phases      ] GC(86)   Other: 0.2ms
[37.958s][info][gc,heap        ] GC(86) Eden regions: 42->0(124)
[37.958s][info][gc,heap        ] GC(86) Survivor regions: 16->3(8)
[37.958s][info][gc,heap        ] GC(86) Old regions: 215->229
[37.958s][info][gc,heap        ] GC(86) Humongous regions: 56->56
[37.958s][info][gc,metaspace   ] GC(86) Metaspace: 63349K->63349K(1105920K)
[37.958s][info][gc             ] GC(86) Pause Young (Normal) (G1 Evacuation Pause) 326M->286M(958M) 85.639ms
[37.958s][info][gc,cpu         ] GC(86) User=0.08s Sys=0.00s Real=0.08s
[38.910s][info][gc,start       ] GC(87) Pause Young (Normal) (G1 Evacuation Pause)
[38.910s][info][gc,task        ] GC(87) Using 1 workers of 1 for evacuation
[39.031s][info][gc,phases      ] GC(87)   Pre Evacuate Collection Set: 0.0ms
[39.031s][info][gc,phases      ] GC(87)   Evacuate Collection Set: 119.6ms
[39.031s][info][gc,phases      ] GC(87)   Post Evacuate Collection Set: 0.5ms
[39.031s][info][gc,phases      ] GC(87)   Other: 0.4ms
[39.031s][info][gc,heap        ] GC(87) Eden regions: 124->0(31)
[39.031s][info][gc,heap        ] GC(87) Survivor regions: 3->16(16)
[39.031s][info][gc,heap        ] GC(87) Old regions: 229->249
[39.031s][info][gc,heap        ] GC(87) Humongous regions: 83->78
[39.031s][info][gc,metaspace   ] GC(87) Metaspace: 63419K->63419K(1105920K)
[39.031s][info][gc             ] GC(87) Pause Young (Normal) (G1 Evacuation Pause) 437M->341M(958M) 120.652ms
[39.031s][info][gc,cpu         ] GC(87) User=0.12s Sys=0.01s Real=0.13s
[39.085s][info][gc,start       ] GC(88) Pause Young (Normal) (G1 Evacuation Pause)
[39.086s][info][gc,task        ] GC(88) Using 1 workers of 1 for evacuation
[39.249s][info][gc,phases      ] GC(88)   Pre Evacuate Collection Set: 0.0ms
[39.249s][info][gc,phases      ] GC(88)   Evacuate Collection Set: 161.8ms
[39.249s][info][gc,phases      ] GC(88)   Post Evacuate Collection Set: 1.1ms
[39.249s][info][gc,phases      ] GC(88)   Other: 0.6ms
[39.249s][info][gc,heap        ] GC(88) Eden regions: 31->0(48)
[39.249s][info][gc,heap        ] GC(88) Survivor regions: 16->5(6)
[39.249s][info][gc,heap        ] GC(88) Old regions: 249->265
[39.249s][info][gc,heap        ] GC(88) Humongous regions: 78->78
[39.249s][info][gc,metaspace   ] GC(88) Metaspace: 63419K->63419K(1105920K)
[39.249s][info][gc             ] GC(88) Pause Young (Normal) (G1 Evacuation Pause) 372M->346M(1076M) 163.706ms
[39.249s][info][gc,cpu         ] GC(88) User=0.16s Sys=0.00s Real=0.16s
[39.402s][info][gc,start       ] GC(89) Pause Young (Normal) (G1 Evacuation Pause)
[39.402s][info][gc,task        ] GC(89) Using 1 workers of 1 for evacuation
[39.446s][info][gc,phases      ] GC(89)   Pre Evacuate Collection Set: 0.1ms
[39.446s][info][gc,phases      ] GC(89)   Evacuate Collection Set: 43.6ms
[39.446s][info][gc,phases      ] GC(89)   Post Evacuate Collection Set: 0.3ms
[39.446s][info][gc,phases      ] GC(89)   Other: 0.2ms
[39.446s][info][gc,heap        ] GC(89) Eden regions: 48->0(47)
[39.446s][info][gc,heap        ] GC(89) Survivor regions: 5->6(7)
[39.446s][info][gc,heap        ] GC(89) Old regions: 265->269
[39.446s][info][gc,heap        ] GC(89) Humongous regions: 84->84
[39.446s][info][gc,metaspace   ] GC(89) Metaspace: 63419K->63419K(1105920K)
[39.446s][info][gc             ] GC(89) Pause Young (Normal) (G1 Evacuation Pause) 400M->357M(1076M) 44.280ms
[39.446s][info][gc,cpu         ] GC(89) User=0.04s Sys=0.00s Real=0.05s
[39.550s][info][gc,start       ] GC(90) Pause Young (Normal) (G1 Evacuation Pause)
[39.550s][info][gc,task        ] GC(90) Using 1 workers of 1 for evacuation
[39.581s][info][gc,phases      ] GC(90)   Pre Evacuate Collection Set: 0.1ms
[39.581s][info][gc,phases      ] GC(90)   Evacuate Collection Set: 30.4ms
[39.581s][info][gc,phases      ] GC(90)   Post Evacuate Collection Set: 0.3ms
[39.581s][info][gc,phases      ] GC(90)   Other: 0.2ms
[39.581s][info][gc,heap        ] GC(90) Eden regions: 47->0(48)
[39.581s][info][gc,heap        ] GC(90) Survivor regions: 6->5(7)
[39.581s][info][gc,heap        ] GC(90) Old regions: 269->275
[39.581s][info][gc,heap        ] GC(90) Humongous regions: 84->84
[39.581s][info][gc,metaspace   ] GC(90) Metaspace: 63419K->63419K(1105920K)
[39.581s][info][gc             ] GC(90) Pause Young (Normal) (G1 Evacuation Pause) 404M->362M(1076M) 31.160ms
[39.581s][info][gc,cpu         ] GC(90) User=0.03s Sys=0.01s Real=0.03s
[39.716s][info][gc,start       ] GC(91) Pause Young (Normal) (G1 Evacuation Pause)
[39.716s][info][gc,task        ] GC(91) Using 1 workers of 1 for evacuation
[39.751s][info][gc,phases      ] GC(91)   Pre Evacuate Collection Set: 0.1ms
[39.751s][info][gc,phases      ] GC(91)   Evacuate Collection Set: 33.6ms
[39.751s][info][gc,phases      ] GC(91)   Post Evacuate Collection Set: 0.4ms
[39.751s][info][gc,phases      ] GC(91)   Other: 0.2ms
[39.751s][info][gc,heap        ] GC(91) Eden regions: 48->0(48)
[39.751s][info][gc,heap        ] GC(91) Survivor regions: 5->5(7)
[39.751s][info][gc,heap        ] GC(91) Old regions: 275->280
[39.751s][info][gc,heap        ] GC(91) Humongous regions: 89->89
[39.751s][info][gc,metaspace   ] GC(91) Metaspace: 63419K->63419K(1105920K)
[39.751s][info][gc             ] GC(91) Pause Young (Normal) (G1 Evacuation Pause) 415M->372M(1076M) 34.270ms
[39.751s][info][gc,cpu         ] GC(91) User=0.03s Sys=0.00s Real=0.04s
[39.864s][info][gc,start       ] GC(92) Pause Young (Normal) (G1 Evacuation Pause)
[39.864s][info][gc,task        ] GC(92) Using 1 workers of 1 for evacuation
[39.891s][info][gc,phases      ] GC(92)   Pre Evacuate Collection Set: 0.1ms
[39.891s][info][gc,phases      ] GC(92)   Evacuate Collection Set: 26.5ms
[39.891s][info][gc,phases      ] GC(92)   Post Evacuate Collection Set: 0.3ms
[39.891s][info][gc,phases      ] GC(92)   Other: 0.2ms
[39.891s][info][gc,heap        ] GC(92) Eden regions: 48->0(76)
[39.891s][info][gc,heap        ] GC(92) Survivor regions: 5->4(7)
[39.891s][info][gc,heap        ] GC(92) Old regions: 280->284
[39.891s][info][gc,heap        ] GC(92) Humongous regions: 89->89
[39.891s][info][gc,metaspace   ] GC(92) Metaspace: 63419K->63419K(1105920K)
[39.891s][info][gc             ] GC(92) Pause Young (Normal) (G1 Evacuation Pause) 420M->375M(1076M) 27.148ms
[39.891s][info][gc,cpu         ] GC(92) User=0.03s Sys=0.00s Real=0.03s
[40.081s][info][gc,start       ] GC(93) Pause Young (Normal) (G1 Evacuation Pause)
[40.081s][info][gc,task        ] GC(93) Using 1 workers of 1 for evacuation
[40.109s][info][gc,phases      ] GC(93)   Pre Evacuate Collection Set: 0.1ms
[40.109s][info][gc,phases      ] GC(93)   Evacuate Collection Set: 27.8ms
[40.109s][info][gc,phases      ] GC(93)   Post Evacuate Collection Set: 0.4ms
[40.109s][info][gc,phases      ] GC(93)   Other: 0.2ms
[40.109s][info][gc,heap        ] GC(93) Eden regions: 76->0(102)
[40.109s][info][gc,heap        ] GC(93) Survivor regions: 4->9(10)
[40.109s][info][gc,heap        ] GC(93) Old regions: 284->284
[40.109s][info][gc,heap        ] GC(93) Humongous regions: 89->89
[40.109s][info][gc,metaspace   ] GC(93) Metaspace: 63419K->63419K(1105920K)
[40.109s][info][gc             ] GC(93) Pause Young (Normal) (G1 Evacuation Pause) 451M->379M(1076M) 28.515ms
[40.109s][info][gc,cpu         ] GC(93) User=0.02s Sys=0.01s Real=0.03s
[40.474s][info][gc,start       ] GC(94) Pause Young (Normal) (G1 Evacuation Pause)
[40.474s][info][gc,task        ] GC(94) Using 1 workers of 1 for evacuation
[40.553s][info][gc,phases      ] GC(94)   Pre Evacuate Collection Set: 0.1ms
[40.553s][info][gc,phases      ] GC(94)   Evacuate Collection Set: 77.5ms
[40.553s][info][gc,phases      ] GC(94)   Post Evacuate Collection Set: 1.0ms
[40.553s][info][gc,phases      ] GC(94)   Other: 0.5ms
[40.553s][info][gc,heap        ] GC(94) Eden regions: 102->0(46)
[40.553s][info][gc,heap        ] GC(94) Survivor regions: 9->11(14)
[40.553s][info][gc,heap        ] GC(94) Old regions: 284->287
[40.553s][info][gc,heap        ] GC(94) Humongous regions: 98->98
[40.553s][info][gc,metaspace   ] GC(94) Metaspace: 63419K->63419K(1105920K)
[40.553s][info][gc             ] GC(94) Pause Young (Normal) (G1 Evacuation Pause) 490M->394M(1157M) 79.088ms
[40.553s][info][gc,cpu         ] GC(94) User=0.07s Sys=0.00s Real=0.08s
[41.173s][info][gc,start       ] GC(95) Pause Young (Normal) (G1 Evacuation Pause)
[41.174s][info][gc,task        ] GC(95) Using 1 workers of 1 for evacuation
[41.249s][info][gc,phases      ] GC(95)   Pre Evacuate Collection Set: 0.1ms
[41.249s][info][gc,phases      ] GC(95)   Evacuate Collection Set: 75.0ms
[41.249s][info][gc,phases      ] GC(95)   Post Evacuate Collection Set: 0.5ms
[41.249s][info][gc,phases      ] GC(95)   Other: 0.3ms
[41.249s][info][gc,heap        ] GC(95) Eden regions: 46->0(54)
[41.249s][info][gc,heap        ] GC(95) Survivor regions: 11->3(8)
[41.249s][info][gc,heap        ] GC(95) Old regions: 287->297
[41.249s][info][gc,heap        ] GC(95) Humongous regions: 103->103
[41.249s][info][gc,metaspace   ] GC(95) Metaspace: 63422K->63422K(1105920K)
[41.249s][info][gc             ] GC(95) Pause Young (Normal) (G1 Evacuation Pause) 445M->401M(1157M) 76.028ms
[41.249s][info][gc,cpu         ] GC(95) User=0.07s Sys=0.00s Real=0.07s
[41.532s][info][gc,start       ] GC(96) Pause Young (Normal) (G1 Evacuation Pause)
[41.532s][info][gc,task        ] GC(96) Using 1 workers of 1 for evacuation
[41.598s][info][gc,phases      ] GC(96)   Pre Evacuate Collection Set: 0.1ms
[41.598s][info][gc,phases      ] GC(96)   Evacuate Collection Set: 65.1ms
[41.598s][info][gc,phases      ] GC(96)   Post Evacuate Collection Set: 0.6ms
[41.598s][info][gc,phases      ] GC(96)   Other: 0.3ms
[41.598s][info][gc,heap        ] GC(96) Eden regions: 54->0(61)
[41.598s][info][gc,heap        ] GC(96) Survivor regions: 3->8(8)
[41.598s][info][gc,heap        ] GC(96) Old regions: 297->304
[41.598s][info][gc,heap        ] GC(96) Humongous regions: 114->114
[41.598s][info][gc,metaspace   ] GC(96) Metaspace: 63448K->63448K(1105920K)
[41.598s][info][gc             ] GC(96) Pause Young (Normal) (G1 Evacuation Pause) 466M->424M(1157M) 66.097ms
[41.598s][info][gc,cpu         ] GC(96) User=0.06s Sys=0.01s Real=0.06s
[41.771s][info][gc,start       ] GC(97) Pause Young (Normal) (G1 Evacuation Pause)
[41.771s][info][gc,task        ] GC(97) Using 1 workers of 1 for evacuation
[41.861s][info][gc,phases      ] GC(97)   Pre Evacuate Collection Set: 0.1ms
[41.861s][info][gc,phases      ] GC(97)   Evacuate Collection Set: 88.5ms
[41.861s][info][gc,phases      ] GC(97)   Post Evacuate Collection Set: 0.4ms
[41.861s][info][gc,phases      ] GC(97)   Other: 0.3ms
[41.861s][info][gc,heap        ] GC(97) Eden regions: 61->0(69)
[41.861s][info][gc,heap        ] GC(97) Survivor regions: 8->9(9)
[41.861s][info][gc,heap        ] GC(97) Old regions: 304->325
[41.861s][info][gc,heap        ] GC(97) Humongous regions: 125->125
[41.861s][info][gc,metaspace   ] GC(97) Metaspace: 63448K->63448K(1105920K)
[41.861s][info][gc             ] GC(97) Pause Young (Normal) (G1 Evacuation Pause) 496M->457M(1157M) 89.264ms
[41.861s][info][gc,cpu         ] GC(97) User=0.09s Sys=0.00s Real=0.08s
[42.022s][info][gc,start       ] GC(98) Pause Young (Normal) (G1 Evacuation Pause)
[42.023s][info][gc,task        ] GC(98) Using 1 workers of 1 for evacuation
[42.135s][info][gc,phases      ] GC(98)   Pre Evacuate Collection Set: 0.1ms
[42.135s][info][gc,phases      ] GC(98)   Evacuate Collection Set: 110.9ms
[42.135s][info][gc,phases      ] GC(98)   Post Evacuate Collection Set: 0.9ms
[42.135s][info][gc,phases      ] GC(98)   Other: 0.3ms
[42.135s][info][gc,heap        ] GC(98) Eden regions: 69->0(67)
[42.135s][info][gc,heap        ] GC(98) Survivor regions: 9->8(10)
[42.135s][info][gc,heap        ] GC(98) Old regions: 325->334
[42.135s][info][gc,heap        ] GC(98) Humongous regions: 131->131
[42.135s][info][gc,metaspace   ] GC(98) Metaspace: 63450K->63450K(1105920K)
[42.135s][info][gc             ] GC(98) Pause Young (Normal) (G1 Evacuation Pause) 532M->471M(1241M) 112.432ms
[42.135s][info][gc,cpu         ] GC(98) User=0.11s Sys=0.00s Real=0.11s
[42.310s][info][gc,start       ] GC(99) Pause Young (Normal) (G1 Evacuation Pause)
[42.311s][info][gc,task        ] GC(99) Using 1 workers of 1 for evacuation
[42.356s][info][gc,phases      ] GC(99)   Pre Evacuate Collection Set: 0.1ms
[42.356s][info][gc,phases      ] GC(99)   Evacuate Collection Set: 45.0ms
[42.356s][info][gc,phases      ] GC(99)   Post Evacuate Collection Set: 0.3ms
[42.356s][info][gc,phases      ] GC(99)   Other: 0.2ms
[42.356s][info][gc,heap        ] GC(99) Eden regions: 67->0(82)
[42.356s][info][gc,heap        ] GC(99) Survivor regions: 8->7(10)
[42.356s][info][gc,heap        ] GC(99) Old regions: 334->342
[42.356s][info][gc,heap        ] GC(99) Humongous regions: 131->131
[42.356s][info][gc,metaspace   ] GC(99) Metaspace: 63451K->63451K(1105920K)
[42.356s][info][gc             ] GC(99) Pause Young (Normal) (G1 Evacuation Pause) 538M->477M(1241M) 45.634ms
[42.356s][info][gc,cpu         ] GC(99) User=0.04s Sys=0.00s Real=0.04s
[42.664s][info][gc,start       ] GC(100) Pause Young (Normal) (G1 Evacuation Pause)
[42.664s][info][gc,task        ] GC(100) Using 1 workers of 1 for evacuation
[42.705s][info][gc,phases      ] GC(100)   Pre Evacuate Collection Set: 0.1ms
[42.705s][info][gc,phases      ] GC(100)   Evacuate Collection Set: 40.3ms
[42.705s][info][gc,phases      ] GC(100)   Post Evacuate Collection Set: 0.4ms
[42.705s][info][gc,phases      ] GC(100)   Other: 0.3ms
[42.705s][info][gc,heap        ] GC(100) Eden regions: 82->0(104)
[42.705s][info][gc,heap        ] GC(100) Survivor regions: 7->7(12)
[42.705s][info][gc,heap        ] GC(100) Old regions: 342->348
[42.705s][info][gc,heap        ] GC(100) Humongous regions: 136->136
[42.705s][info][gc,metaspace   ] GC(100) Metaspace: 63451K->63451K(1105920K)
[42.705s][info][gc             ] GC(100) Pause Young (Normal) (G1 Evacuation Pause) 564M->489M(1241M) 41.095ms
[42.705s][info][gc,cpu         ] GC(100) User=0.04s Sys=0.00s Real=0.04s
[42.959s][info][gc,start       ] GC(101) Pause Young (Normal) (G1 Evacuation Pause)
[42.960s][info][gc,task        ] GC(101) Using 1 workers of 1 for evacuation
[42.994s][info][gc,phases      ] GC(101)   Pre Evacuate Collection Set: 0.1ms
[42.994s][info][gc,phases      ] GC(101)   Evacuate Collection Set: 33.5ms
[42.994s][info][gc,phases      ] GC(101)   Post Evacuate Collection Set: 0.4ms
[42.994s][info][gc,phases      ] GC(101)   Other: 0.3ms
[42.994s][info][gc,heap        ] GC(101) Eden regions: 104->0(131)
[42.994s][info][gc,heap        ] GC(101) Survivor regions: 7->12(14)
[42.994s][info][gc,heap        ] GC(101) Old regions: 348->348
[42.994s][info][gc,heap        ] GC(101) Humongous regions: 136->136
[42.994s][info][gc,metaspace   ] GC(101) Metaspace: 63451K->63451K(1105920K)
[42.994s][info][gc             ] GC(101) Pause Young (Normal) (G1 Evacuation Pause) 593M->494M(1241M) 34.313ms
[42.994s][info][gc,cpu         ] GC(101) User=0.04s Sys=0.00s Real=0.04s
[43.718s][info][gc,start       ] GC(102) Pause Young (Normal) (G1 Evacuation Pause)
[43.718s][info][gc,task        ] GC(102) Using 1 workers of 1 for evacuation
[43.817s][info][gc,phases      ] GC(102)   Pre Evacuate Collection Set: 0.1ms
[43.817s][info][gc,phases      ] GC(102)   Evacuate Collection Set: 97.9ms
[43.817s][info][gc,phases      ] GC(102)   Post Evacuate Collection Set: 0.9ms
[43.817s][info][gc,phases      ] GC(102)   Other: 0.3ms
[43.817s][info][gc,heap        ] GC(102) Eden regions: 111->0(99)
[43.817s][info][gc,heap        ] GC(102) Survivor regions: 12->13(16)
[43.817s][info][gc,heap        ] GC(102) Old regions: 348->353
[43.817s][info][gc,heap        ] GC(102) Humongous regions: 150->150
[43.817s][info][gc,metaspace   ] GC(102) Metaspace: 63451K->63451K(1105920K)
[43.817s][info][gc             ] GC(102) Pause Young (Normal) (G1 Evacuation Pause) 619M->514M(1294M) 99.303ms
[43.817s][info][gc,cpu         ] GC(102) User=0.10s Sys=0.00s Real=0.10s
[44.316s][info][gc,start       ] GC(103) Pause Young (Normal) (G1 Evacuation Pause)
[44.317s][info][gc,task        ] GC(103) Using 1 workers of 1 for evacuation
[44.460s][info][gc,phases      ] GC(103)   Pre Evacuate Collection Set: 0.1ms
[44.461s][info][gc,phases      ] GC(103)   Evacuate Collection Set: 143.1ms
[44.461s][info][gc,phases      ] GC(103)   Post Evacuate Collection Set: 0.5ms
[44.461s][info][gc,phases      ] GC(103)   Other: 0.7ms
[44.461s][info][gc,heap        ] GC(103) Eden regions: 99->0(50)
[44.461s][info][gc,heap        ] GC(103) Survivor regions: 13->14(14)
[44.461s][info][gc,heap        ] GC(103) Old regions: 353->380
[44.461s][info][gc,heap        ] GC(103) Humongous regions: 172->172
[44.461s][info][gc,metaspace   ] GC(103) Metaspace: 63503K->63503K(1105920K)
[44.461s][info][gc             ] GC(103) Pause Young (Normal) (G1 Evacuation Pause) 635M->564M(1294M) 144.598ms
[44.461s][info][gc,cpu         ] GC(103) User=0.15s Sys=0.00s Real=0.14s
[44.576s][info][gc,start       ] GC(104) Pause Young (Normal) (G1 Evacuation Pause)
[44.577s][info][gc,task        ] GC(104) Using 1 workers of 1 for evacuation
[44.679s][info][gc,phases      ] GC(104)   Pre Evacuate Collection Set: 0.1ms
[44.679s][info][gc,phases      ] GC(104)   Evacuate Collection Set: 102.0ms
[44.679s][info][gc,phases      ] GC(104)   Post Evacuate Collection Set: 0.6ms
[44.679s][info][gc,phases      ] GC(104)   Other: 0.2ms
[44.679s][info][gc,heap        ] GC(104) Eden regions: 50->0(56)
[44.679s][info][gc,heap        ] GC(104) Survivor regions: 14->8(8)
[44.679s][info][gc,heap        ] GC(104) Old regions: 380->396
[44.679s][info][gc,heap        ] GC(104) Humongous regions: 172->172
[44.679s][info][gc,metaspace   ] GC(104) Metaspace: 63512K->63512K(1105920K)
[44.679s][info][gc             ] GC(104) Pause Young (Normal) (G1 Evacuation Pause) 614M->574M(1294M) 102.968ms
[44.679s][info][gc,cpu         ] GC(104) User=0.10s Sys=0.00s Real=0.10s
[44.850s][info][gc,start       ] GC(105) Pause Young (Normal) (G1 Evacuation Pause)
[44.850s][info][gc,task        ] GC(105) Using 1 workers of 1 for evacuation
[44.901s][info][gc,phases      ] GC(105)   Pre Evacuate Collection Set: 0.1ms
[44.901s][info][gc,phases      ] GC(105)   Evacuate Collection Set: 50.4ms
[44.901s][info][gc,phases      ] GC(105)   Post Evacuate Collection Set: 0.4ms
[44.901s][info][gc,phases      ] GC(105)   Other: 0.2ms
[44.901s][info][gc,heap        ] GC(105) Eden regions: 56->0(57)
[44.901s][info][gc,heap        ] GC(105) Survivor regions: 8->7(8)
[44.901s][info][gc,heap        ] GC(105) Old regions: 396->404
[44.901s][info][gc,heap        ] GC(105) Humongous regions: 178->178
[44.901s][info][gc,metaspace   ] GC(105) Metaspace: 63513K->63513K(1105920K)
[44.901s][info][gc             ] GC(105) Pause Young (Normal) (G1 Evacuation Pause) 636M->587M(1294M) 51.212ms
[44.901s][info][gc,cpu         ] GC(105) User=0.05s Sys=0.00s Real=0.05s
[45.021s][info][gc,start       ] GC(106) Pause Young (Concurrent Start) (G1 Humongous Allocation)
[45.021s][info][gc,task        ] GC(106) Using 1 workers of 1 for evacuation
[45.054s][info][gc,phases      ] GC(106)   Pre Evacuate Collection Set: 0.4ms
[45.054s][info][gc,phases      ] GC(106)   Evacuate Collection Set: 31.2ms
[45.054s][info][gc,phases      ] GC(106)   Post Evacuate Collection Set: 0.6ms
[45.054s][info][gc,phases      ] GC(106)   Other: 0.2ms
[45.054s][info][gc,heap        ] GC(106) Eden regions: 54->0(84)
[45.054s][info][gc,heap        ] GC(106) Survivor regions: 7->6(8)
[45.054s][info][gc,heap        ] GC(106) Old regions: 404->410
[45.054s][info][gc,heap        ] GC(106) Humongous regions: 178->178
[45.054s][info][gc,metaspace   ] GC(106) Metaspace: 63513K->63513K(1105920K)
[45.054s][info][gc             ] GC(106) Pause Young (Concurrent Start) (G1 Humongous Allocation) 641M->592M(1349M) 32.418ms
[45.054s][info][gc,cpu         ] GC(106) User=0.03s Sys=0.00s Real=0.04s
[45.054s][info][gc             ] GC(107) Concurrent Cycle
[45.054s][info][gc,marking     ] GC(107) Concurrent Clear Claimed Marks
[45.054s][info][gc,marking     ] GC(107) Concurrent Clear Claimed Marks 0.333ms
[45.054s][info][gc,marking     ] GC(107) Concurrent Scan Root Regions
[45.062s][info][gc,marking     ] GC(107) Concurrent Scan Root Regions 8.050ms
[45.062s][info][gc,marking     ] GC(107) Concurrent Mark (45.062s)
[45.062s][info][gc,marking     ] GC(107) Concurrent Mark From Roots
[45.062s][info][gc,task        ] GC(107) Using 1 workers of 1 for marking
[45.519s][info][gc,marking     ] GC(107) Concurrent Mark From Roots 456.365ms
[45.519s][info][gc,marking     ] GC(107) Concurrent Preclean
[45.519s][info][gc,marking     ] GC(107) Concurrent Preclean 0.142ms
[45.519s][info][gc,marking     ] GC(107) Concurrent Mark (45.062s, 45.519s) 456.737ms
[45.521s][info][gc,start       ] GC(107) Pause Remark
[45.537s][info][gc,stringtable ] GC(107) Cleaned string and symbol table, strings: 22331 processed, 10 removed, symbols: 137263 processed, 0 removed
[45.537s][info][gc             ] GC(107) Pause Remark 676M->337M(1349M) 16.216ms
[45.537s][info][gc,cpu         ] GC(107) User=0.02s Sys=0.00s Real=0.02s
[45.539s][info][gc,marking     ] GC(107) Concurrent Rebuild Remembered Sets
[45.568s][info][gc,start       ] GC(108) Pause Young (Normal) (G1 Evacuation Pause)
[45.568s][info][gc,task        ] GC(108) Using 1 workers of 1 for evacuation
[45.623s][info][gc,phases      ] GC(108)   Pre Evacuate Collection Set: 0.1ms
[45.623s][info][gc,phases      ] GC(108)   Evacuate Collection Set: 54.7ms
[45.623s][info][gc,phases      ] GC(108)   Post Evacuate Collection Set: 0.5ms
[45.623s][info][gc,phases      ] GC(108)   Other: 0.2ms
[45.623s][info][gc,heap        ] GC(108) Eden regions: 84->0(55)
[45.623s][info][gc,heap        ] GC(108) Survivor regions: 6->12(12)
[45.623s][info][gc,heap        ] GC(108) Old regions: 232->232
[45.623s][info][gc,heap        ] GC(108) Humongous regions: 22->22
[45.623s][info][gc,metaspace   ] GC(108) Metaspace: 63518K->63518K(1105920K)
[45.623s][info][gc             ] GC(108) Pause Young (Normal) (G1 Evacuation Pause) 342M->264M(1349M) 55.604ms
[45.623s][info][gc,cpu         ] GC(108) User=0.06s Sys=0.00s Real=0.06s
[45.946s][info][gc,start       ] GC(109) Pause Young (Normal) (G1 Evacuation Pause)
[45.947s][info][gc,task        ] GC(109) Using 1 workers of 1 for evacuation
[45.996s][info][gc,phases      ] GC(109)   Pre Evacuate Collection Set: 0.0ms
[45.997s][info][gc,phases      ] GC(109)   Evacuate Collection Set: 49.0ms
[45.997s][info][gc,phases      ] GC(109)   Post Evacuate Collection Set: 0.6ms
[45.997s][info][gc,phases      ] GC(109)   Other: 0.4ms
[45.997s][info][gc,heap        ] GC(109) Eden regions: 55->0(62)
[45.997s][info][gc,heap        ] GC(109) Survivor regions: 12->5(9)
[45.997s][info][gc,heap        ] GC(109) Old regions: 232->243
[45.997s][info][gc,heap        ] GC(109) Humongous regions: 22->22
[45.997s][info][gc,metaspace   ] GC(109) Metaspace: 63518K->63518K(1105920K)
[45.997s][info][gc             ] GC(109) Pause Young (Normal) (G1 Evacuation Pause) 319M->268M(1349M) 50.144ms
[45.997s][info][gc,cpu         ] GC(109) User=0.05s Sys=0.00s Real=0.05s
[46.099s][info][gc,marking     ] GC(107) Concurrent Rebuild Remembered Sets 559.840ms
[46.102s][info][gc,start       ] GC(107) Pause Cleanup
[46.102s][info][gc             ] GC(107) Pause Cleanup 284M->284M(1349M) 0.753ms
[46.102s][info][gc,cpu         ] GC(107) User=0.00s Sys=0.00s Real=0.00s
[46.103s][info][gc,marking     ] GC(107) Concurrent Cleanup for Next Mark
[46.117s][info][gc,marking     ] GC(107) Concurrent Cleanup for Next Mark 14.866ms
[46.117s][info][gc             ] GC(107) Concurrent Cycle 1063.750ms
[46.241s][info][gc,start       ] GC(110) Pause Young (Normal) (G1 Evacuation Pause)
[46.241s][info][gc,task        ] GC(110) Using 1 workers of 1 for evacuation
[46.283s][info][gc,phases      ] GC(110)   Pre Evacuate Collection Set: 0.1ms
[46.283s][info][gc,phases      ] GC(110)   Evacuate Collection Set: 41.1ms
[46.283s][info][gc,phases      ] GC(110)   Post Evacuate Collection Set: 0.4ms
[46.283s][info][gc,phases      ] GC(110)   Other: 0.2ms
[46.283s][info][gc,heap        ] GC(110) Eden regions: 62->0(59)
[46.283s][info][gc,heap        ] GC(110) Survivor regions: 5->8(9)
[46.283s][info][gc,heap        ] GC(110) Old regions: 243->243
[46.283s][info][gc,heap        ] GC(110) Humongous regions: 22->22
[46.283s][info][gc,metaspace   ] GC(110) Metaspace: 63518K->63518K(1105920K)
[46.283s][info][gc             ] GC(110) Pause Young (Normal) (G1 Evacuation Pause) 330M->271M(1349M) 41.912ms
[46.283s][info][gc,cpu         ] GC(110) User=0.04s Sys=0.00s Real=0.05s
[46.483s][info][gc,start       ] GC(111) Pause Young (Normal) (G1 Evacuation Pause)
[46.483s][info][gc,task        ] GC(111) Using 1 workers of 1 for evacuation
[46.546s][info][gc,phases      ] GC(111)   Pre Evacuate Collection Set: 0.1ms
[46.546s][info][gc,phases      ] GC(111)   Evacuate Collection Set: 61.9ms
[46.546s][info][gc,phases      ] GC(111)   Post Evacuate Collection Set: 0.8ms
[46.546s][info][gc,phases      ] GC(111)   Other: 0.3ms
[46.546s][info][gc,heap        ] GC(111) Eden regions: 59->0(60)
[46.546s][info][gc,heap        ] GC(111) Survivor regions: 8->8(9)
[46.546s][info][gc,heap        ] GC(111) Old regions: 243->246
[46.546s][info][gc,heap        ] GC(111) Humongous regions: 31->31
[46.546s][info][gc,metaspace   ] GC(111) Metaspace: 63518K->63518K(1105920K)
[46.546s][info][gc             ] GC(111) Pause Young (Normal) (G1 Evacuation Pause) 339M->283M(1366M) 63.075ms
[46.546s][info][gc,cpu         ] GC(111) User=0.06s Sys=0.00s Real=0.06s
[47.219s][info][gc,start       ] GC(112) Pause Young (Normal) (G1 Evacuation Pause)
[47.220s][info][gc,task        ] GC(112) Using 1 workers of 1 for evacuation
[47.286s][info][gc,phases      ] GC(112)   Pre Evacuate Collection Set: 0.1ms
[47.286s][info][gc,phases      ] GC(112)   Evacuate Collection Set: 65.5ms
[47.286s][info][gc,phases      ] GC(112)   Post Evacuate Collection Set: 0.7ms
[47.286s][info][gc,phases      ] GC(112)   Other: 0.3ms
[47.286s][info][gc,heap        ] GC(112) Eden regions: 60->0(65)
[47.286s][info][gc,heap        ] GC(112) Survivor regions: 8->9(9)
[47.286s][info][gc,heap        ] GC(112) Old regions: 246->250
[47.286s][info][gc,heap        ] GC(112) Humongous regions: 42->37
[47.286s][info][gc,metaspace   ] GC(112) Metaspace: 63583K->63583K(1105920K)
[47.286s][info][gc             ] GC(112) Pause Young (Normal) (G1 Evacuation Pause) 354M->293M(1366M) 66.681ms
[47.286s][info][gc,cpu         ] GC(112) User=0.06s Sys=0.00s Real=0.07s
[47.635s][info][gc,start       ] GC(113) Pause Young (Normal) (G1 Evacuation Pause)
[47.636s][info][gc,task        ] GC(113) Using 1 workers of 1 for evacuation
[47.727s][info][gc,phases      ] GC(113)   Pre Evacuate Collection Set: 0.1ms
[47.727s][info][gc,phases      ] GC(113)   Evacuate Collection Set: 91.0ms
[47.727s][info][gc,phases      ] GC(113)   Post Evacuate Collection Set: 0.5ms
[47.727s][info][gc,phases      ] GC(113)   Other: 0.4ms
[47.727s][info][gc,heap        ] GC(113) Eden regions: 65->0(76)
[47.727s][info][gc,heap        ] GC(113) Survivor regions: 9->10(10)
[47.727s][info][gc,heap        ] GC(113) Old regions: 250->260
[47.727s][info][gc,heap        ] GC(113) Humongous regions: 50->50
[47.727s][info][gc,metaspace   ] GC(113) Metaspace: 63605K->63605K(1105920K)
[47.728s][info][gc             ] GC(113) Pause Young (Normal) (G1 Evacuation Pause) 371M->318M(1366M) 92.075ms
[47.728s][info][gc,cpu         ] GC(113) User=0.09s Sys=0.00s Real=0.09s
[48.090s][info][gc,start       ] GC(114) Pause Young (Normal) (G1 Evacuation Pause)
[48.090s][info][gc,task        ] GC(114) Using 1 workers of 1 for evacuation
[48.232s][info][gc,phases      ] GC(114)   Pre Evacuate Collection Set: 0.1ms
[48.232s][info][gc,phases      ] GC(114)   Evacuate Collection Set: 141.3ms
[48.232s][info][gc,phases      ] GC(114)   Post Evacuate Collection Set: 0.5ms
[48.232s][info][gc,phases      ] GC(114)   Other: 0.3ms
[48.232s][info][gc,heap        ] GC(114) Eden regions: 76->0(77)
[48.232s][info][gc,heap        ] GC(114) Survivor regions: 10->11(11)
[48.232s][info][gc,heap        ] GC(114) Old regions: 260->275
[48.232s][info][gc,heap        ] GC(114) Humongous regions: 64->64
[48.232s][info][gc,metaspace   ] GC(114) Metaspace: 63619K->63619K(1105920K)
[48.232s][info][gc             ] GC(114) Pause Young (Normal) (G1 Evacuation Pause) 408M->348M(1366M) 142.261ms
[48.232s][info][gc,cpu         ] GC(114) User=0.14s Sys=0.00s Real=0.14s
[48.892s][info][gc,start       ] GC(115) Pause Young (Normal) (G1 Evacuation Pause)
[48.892s][info][gc,task        ] GC(115) Using 1 workers of 1 for evacuation
[48.993s][info][gc,phases      ] GC(115)   Pre Evacuate Collection Set: 0.1ms
[48.993s][info][gc,phases      ] GC(115)   Evacuate Collection Set: 100.0ms
[48.993s][info][gc,phases      ] GC(115)   Post Evacuate Collection Set: 0.9ms
[48.993s][info][gc,phases      ] GC(115)   Other: 0.3ms
[48.993s][info][gc,heap        ] GC(115) Eden regions: 77->0(80)
[48.993s][info][gc,heap        ] GC(115) Survivor regions: 11->11(11)
[48.993s][info][gc,heap        ] GC(115) Old regions: 275->289
[48.993s][info][gc,heap        ] GC(115) Humongous regions: 80->75
[48.993s][info][gc,metaspace   ] GC(115) Metaspace: 63988K->63988K(1105920K)
[48.993s][info][gc             ] GC(115) Pause Young (Normal) (G1 Evacuation Pause) 441M->373M(1400M) 101.365ms
[48.993s][info][gc,cpu         ] GC(115) User=0.10s Sys=0.00s Real=0.10s
[49.399s][info][gc,start       ] GC(116) Pause Young (Normal) (G1 Evacuation Pause)
[49.400s][info][gc,task        ] GC(116) Using 1 workers of 1 for evacuation
[49.490s][info][gc,phases      ] GC(116)   Pre Evacuate Collection Set: 0.1ms
[49.490s][info][gc,phases      ] GC(116)   Evacuate Collection Set: 89.4ms
[49.490s][info][gc,phases      ] GC(116)   Post Evacuate Collection Set: 0.6ms
[49.490s][info][gc,phases      ] GC(116)   Other: 0.8ms
[49.490s][info][gc,heap        ] GC(116) Eden regions: 80->0(86)
[49.490s][info][gc,heap        ] GC(116) Survivor regions: 11->12(12)
[49.490s][info][gc,heap        ] GC(116) Old regions: 289->301
[49.490s][info][gc,heap        ] GC(116) Humongous regions: 91->91
[49.490s][info][gc,metaspace   ] GC(116) Metaspace: 64015K->64015K(1105920K)
[49.490s][info][gc             ] GC(116) Pause Young (Normal) (G1 Evacuation Pause) 469M->402M(1400M) 91.008ms
[49.490s][info][gc,cpu         ] GC(116) User=0.09s Sys=0.00s Real=0.10s
[49.849s][info][gc,start       ] GC(117) Pause Young (Normal) (G1 Evacuation Pause)
[49.850s][info][gc,task        ] GC(117) Using 1 workers of 1 for evacuation
[49.933s][info][gc,phases      ] GC(117)   Pre Evacuate Collection Set: 0.1ms
[49.933s][info][gc,phases      ] GC(117)   Evacuate Collection Set: 82.3ms
[49.933s][info][gc,phases      ] GC(117)   Post Evacuate Collection Set: 0.6ms
[49.933s][info][gc,phases      ] GC(117)   Other: 0.3ms
[49.933s][info][gc,heap        ] GC(117) Eden regions: 86->0(93)
[49.933s][info][gc,heap        ] GC(117) Survivor regions: 12->12(13)
[49.933s][info][gc,heap        ] GC(117) Old regions: 301->313
[49.933s][info][gc,heap        ] GC(117) Humongous regions: 102->102
[49.933s][info][gc,metaspace   ] GC(117) Metaspace: 64021K->64021K(1105920K)
[49.933s][info][gc             ] GC(117) Pause Young (Normal) (G1 Evacuation Pause) 499M->425M(1400M) 83.355ms
[49.933s][info][gc,cpu         ] GC(117) User=0.09s Sys=0.00s Real=0.09s
[51.085s][info][gc,start       ] GC(118) Pause Young (Normal) (G1 Evacuation Pause)
[51.085s][info][gc,task        ] GC(118) Using 1 workers of 1 for evacuation
[51.177s][info][gc,phases      ] GC(118)   Pre Evacuate Collection Set: 0.1ms
[51.177s][info][gc,phases      ] GC(118)   Evacuate Collection Set: 90.8ms
[51.177s][info][gc,phases      ] GC(118)   Post Evacuate Collection Set: 0.5ms
[51.177s][info][gc,phases      ] GC(118)   Other: 0.4ms
[51.177s][info][gc,heap        ] GC(118) Eden regions: 93->0(99)
[51.177s][info][gc,heap        ] GC(118) Survivor regions: 12->12(14)
[51.177s][info][gc,heap        ] GC(118) Old regions: 313->325
[51.177s][info][gc,heap        ] GC(118) Humongous regions: 118->113
[51.177s][info][gc,metaspace   ] GC(118) Metaspace: 64163K->64163K(1105920K)
[51.177s][info][gc             ] GC(118) Pause Young (Normal) (G1 Evacuation Pause) 534M->448M(1400M) 91.926ms
[51.177s][info][gc,cpu         ] GC(118) User=0.09s Sys=0.00s Real=0.09s
[52.399s][info][gc,start       ] GC(119) Pause Young (Normal) (G1 Evacuation Pause)
[52.400s][info][gc,task        ] GC(119) Using 1 workers of 1 for evacuation
[52.525s][info][gc,phases      ] GC(119)   Pre Evacuate Collection Set: 0.1ms
[52.525s][info][gc,phases      ] GC(119)   Evacuate Collection Set: 124.5ms
[52.525s][info][gc,phases      ] GC(119)   Post Evacuate Collection Set: 0.6ms
[52.525s][info][gc,phases      ] GC(119)   Other: 0.4ms
[52.525s][info][gc,heap        ] GC(119) Eden regions: 99->0(101)
[52.525s][info][gc,heap        ] GC(119) Survivor regions: 12->12(14)
[52.525s][info][gc,heap        ] GC(119) Old regions: 325->337
[52.525s][info][gc,heap        ] GC(119) Humongous regions: 124->124
[52.525s][info][gc,metaspace   ] GC(119) Metaspace: 64194K->64194K(1105920K)
[52.525s][info][gc             ] GC(119) Pause Young (Normal) (G1 Evacuation Pause) 558M->470M(1420M) 125.773ms
[52.525s][info][gc,cpu         ] GC(119) User=0.12s Sys=0.00s Real=0.13s
[53.050s][info][gc,start       ] GC(120) Pause Young (Normal) (G1 Evacuation Pause)
[53.050s][info][gc,task        ] GC(120) Using 1 workers of 1 for evacuation
[53.123s][info][gc,phases      ] GC(120)   Pre Evacuate Collection Set: 0.1ms
[53.123s][info][gc,phases      ] GC(120)   Evacuate Collection Set: 72.4ms
[53.123s][info][gc,phases      ] GC(120)   Post Evacuate Collection Set: 0.5ms
[53.123s][info][gc,phases      ] GC(120)   Other: 0.3ms
[53.123s][info][gc,heap        ] GC(120) Eden regions: 101->0(114)
[53.123s][info][gc,heap        ] GC(120) Survivor regions: 12->12(15)
[53.123s][info][gc,heap        ] GC(120) Old regions: 337->348
[53.123s][info][gc,heap        ] GC(120) Humongous regions: 135->135
[53.123s][info][gc,metaspace   ] GC(120) Metaspace: 64209K->64209K(1105920K)
[53.123s][info][gc             ] GC(120) Pause Young (Normal) (G1 Evacuation Pause) 582M->492M(1420M) 73.433ms
[53.123s][info][gc,cpu         ] GC(120) User=0.08s Sys=0.00s Real=0.08s
[53.850s][info][gc,start       ] GC(121) Pause Young (Normal) (G1 Evacuation Pause)
[53.850s][info][gc,task        ] GC(121) Using 1 workers of 1 for evacuation
[53.900s][info][gc,phases      ] GC(121)   Pre Evacuate Collection Set: 0.1ms
[53.901s][info][gc,phases      ] GC(121)   Evacuate Collection Set: 50.0ms
[53.901s][info][gc,phases      ] GC(121)   Post Evacuate Collection Set: 0.4ms
[53.901s][info][gc,phases      ] GC(121)   Other: 0.4ms
[53.901s][info][gc,heap        ] GC(121) Eden regions: 114->0(127)
[53.901s][info][gc,heap        ] GC(121) Survivor regions: 12->6(16)
[53.901s][info][gc,heap        ] GC(121) Old regions: 348->359
[53.901s][info][gc,heap        ] GC(121) Humongous regions: 141->136
[53.901s][info][gc,metaspace   ] GC(121) Metaspace: 64242K->64242K(1105920K)
[53.901s][info][gc             ] GC(121) Pause Young (Normal) (G1 Evacuation Pause) 612M->498M(1420M) 50.875ms
[53.901s][info][gc,cpu         ] GC(121) User=0.05s Sys=0.00s Real=0.04s
[56.619s][info][gc,start       ] GC(122) Pause Young (Normal) (G1 Evacuation Pause)
[56.619s][info][gc,task        ] GC(122) Using 1 workers of 1 for evacuation
[56.823s][info][gc,mmu         ] GC(122) MMU target violated: 201.0ms (200.0ms/201.0ms)
[56.823s][info][gc,phases      ] GC(122)   Pre Evacuate Collection Set: 0.1ms
[56.823s][info][gc,phases      ] GC(122)   Evacuate Collection Set: 203.3ms
[56.823s][info][gc,phases      ] GC(122)   Post Evacuate Collection Set: 0.5ms
[56.823s][info][gc,phases      ] GC(122)   Other: 0.6ms
[56.823s][info][gc,heap        ] GC(122) Eden regions: 127->0(80)
[56.824s][info][gc,heap        ] GC(122) Survivor regions: 6->17(17)
[56.824s][info][gc,heap        ] GC(122) Old regions: 359->365
[56.824s][info][gc,heap        ] GC(122) Humongous regions: 150->149
[56.824s][info][gc,metaspace   ] GC(122) Metaspace: 64419K->64419K(1107968K)
[56.824s][info][gc             ] GC(122) Pause Young (Normal) (G1 Evacuation Pause) 639M->529M(1420M) 204.501ms
[56.824s][info][gc,cpu         ] GC(122) User=0.20s Sys=0.00s Real=0.21s
[58.678s][info][gc,start       ] GC(123) Pause Young (Normal) (G1 Evacuation Pause)
[58.678s][info][gc,task        ] GC(123) Using 1 workers of 1 for evacuation
[58.784s][info][gc,phases      ] GC(123)   Pre Evacuate Collection Set: 0.1ms
[58.784s][info][gc,phases      ] GC(123)   Evacuate Collection Set: 105.0ms
[58.784s][info][gc,phases      ] GC(123)   Post Evacuate Collection Set: 0.4ms
[58.784s][info][gc,phases      ] GC(123)   Other: 0.4ms
[58.784s][info][gc,heap        ] GC(123) Eden regions: 80->0(89)
[58.784s][info][gc,heap        ] GC(123) Survivor regions: 17->7(13)
[58.784s][info][gc,heap        ] GC(123) Old regions: 365->382
[58.784s][info][gc,heap        ] GC(123) Humongous regions: 222->191
[58.784s][info][gc,metaspace   ] GC(123) Metaspace: 65890K->65890K(1107968K)
[58.784s][info][gc             ] GC(123) Pause Young (Normal) (G1 Evacuation Pause) 682M->578M(1420M) 106.071ms
[58.784s][info][gc,cpu         ] GC(123) User=0.10s Sys=0.00s Real=0.11s
[59.015s][info][gc,start       ] GC(124) Pause Young (Normal) (G1 Evacuation Pause)
[59.015s][info][gc,task        ] GC(124) Using 1 workers of 1 for evacuation
[59.086s][info][gc,phases      ] GC(124)   Pre Evacuate Collection Set: 0.1ms
[59.086s][info][gc,phases      ] GC(124)   Evacuate Collection Set: 70.7ms
[59.086s][info][gc,phases      ] GC(124)   Post Evacuate Collection Set: 0.5ms
[59.086s][info][gc,phases      ] GC(124)   Other: 0.3ms
[59.086s][info][gc,heap        ] GC(124) Eden regions: 89->0(91)
[59.086s][info][gc,heap        ] GC(124) Survivor regions: 7->12(12)
[59.086s][info][gc,heap        ] GC(124) Old regions: 382->391
[59.086s][info][gc,heap        ] GC(124) Humongous regions: 205->205
[59.086s][info][gc,metaspace   ] GC(124) Metaspace: 65891K->65891K(1107968K)
[59.086s][info][gc             ] GC(124) Pause Young (Normal) (G1 Evacuation Pause) 681M->606M(1436M) 71.587ms
[59.086s][info][gc,cpu         ] GC(124) User=0.08s Sys=0.00s Real=0.07s
[59.383s][info][gc,start       ] GC(125) Pause Young (Normal) (G1 Evacuation Pause)
[59.383s][info][gc,task        ] GC(125) Using 1 workers of 1 for evacuation
[59.463s][info][gc,phases      ] GC(125)   Pre Evacuate Collection Set: 0.1ms
[59.463s][info][gc,phases      ] GC(125)   Evacuate Collection Set: 78.8ms
[59.463s][info][gc,phases      ] GC(125)   Post Evacuate Collection Set: 0.4ms
[59.463s][info][gc,phases      ] GC(125)   Other: 0.3ms
[59.463s][info][gc,heap        ] GC(125) Eden regions: 91->0(98)
[59.463s][info][gc,heap        ] GC(125) Survivor regions: 12->13(13)
[59.463s][info][gc,heap        ] GC(125) Old regions: 391->406
[59.463s][info][gc,heap        ] GC(125) Humongous regions: 208->208
[59.463s][info][gc,metaspace   ] GC(125) Metaspace: 65905K->65905K(1107968K)
[59.463s][info][gc             ] GC(125) Pause Young (Normal) (G1 Evacuation Pause) 700M->625M(1436M) 79.558ms
[59.463s][info][gc,cpu         ] GC(125) User=0.08s Sys=0.00s Real=0.08s
[60.118s][info][gc,start       ] GC(126) Pause Young (Concurrent Start) (G1 Humongous Allocation)
[60.119s][info][gc,task        ] GC(126) Using 1 workers of 1 for evacuation
[60.178s][info][gc,phases      ] GC(126)   Pre Evacuate Collection Set: 0.4ms
[60.178s][info][gc,phases      ] GC(126)   Evacuate Collection Set: 58.3ms
[60.178s][info][gc,phases      ] GC(126)   Post Evacuate Collection Set: 0.4ms
[60.178s][info][gc,phases      ] GC(126)   Other: 0.4ms
[60.178s][info][gc,heap        ] GC(126) Eden regions: 35->0(118)
[60.178s][info][gc,heap        ] GC(126) Survivor regions: 13->1(14)
[60.178s][info][gc,heap        ] GC(126) Old regions: 406->419
[60.178s][info][gc,heap        ] GC(126) Humongous regions: 238->229
[60.178s][info][gc,metaspace   ] GC(126) Metaspace: 65906K->65906K(1107968K)
[60.178s][info][gc             ] GC(126) Pause Young (Concurrent Start) (G1 Humongous Allocation) 690M->647M(1436M) 59.615ms
[60.178s][info][gc,cpu         ] GC(126) User=0.06s Sys=0.00s Real=0.06s
[60.178s][info][gc             ] GC(127) Concurrent Cycle
[60.178s][info][gc,marking     ] GC(127) Concurrent Clear Claimed Marks
[60.178s][info][gc,marking     ] GC(127) Concurrent Clear Claimed Marks 0.310ms
[60.178s][info][gc,marking     ] GC(127) Concurrent Scan Root Regions
[60.182s][info][gc,marking     ] GC(127) Concurrent Scan Root Regions 3.488ms
[60.182s][info][gc,marking     ] GC(127) Concurrent Mark (60.182s)
[60.182s][info][gc,marking     ] GC(127) Concurrent Mark From Roots
[60.182s][info][gc,task        ] GC(127) Using 1 workers of 1 for marking
[60.942s][info][gc,marking     ] GC(127) Concurrent Mark From Roots 759.601ms
[60.942s][info][gc,marking     ] GC(127) Concurrent Preclean
[60.942s][info][gc,marking     ] GC(127) Concurrent Preclean 0.170ms
[60.942s][info][gc,marking     ] GC(127) Concurrent Mark (60.182s, 60.942s) 759.972ms
[60.945s][info][gc,start       ] GC(127) Pause Remark
[60.970s][info][gc,stringtable ] GC(127) Cleaned string and symbol table, strings: 23102 processed, 29 removed, symbols: 139676 processed, 0 removed
[60.971s][info][gc             ] GC(127) Pause Remark 828M->472M(1436M) 25.499ms
[60.971s][info][gc,cpu         ] GC(127) User=0.02s Sys=0.00s Real=0.03s
[60.973s][info][gc,marking     ] GC(127) Concurrent Rebuild Remembered Sets
[60.986s][info][gc,start       ] GC(128) Pause Young (Normal) (G1 Evacuation Pause)
[60.986s][info][gc,task        ] GC(128) Using 1 workers of 1 for evacuation
[61.057s][info][gc,phases      ] GC(128)   Pre Evacuate Collection Set: 0.1ms
[61.057s][info][gc,phases      ] GC(128)   Evacuate Collection Set: 69.7ms
[61.057s][info][gc,phases      ] GC(128)   Post Evacuate Collection Set: 0.5ms
[61.057s][info][gc,phases      ] GC(128)   Other: 0.2ms
[61.057s][info][gc,heap        ] GC(128) Eden regions: 118->0(122)
[61.057s][info][gc,heap        ] GC(128) Survivor regions: 1->15(15)
[61.057s][info][gc,heap        ] GC(128) Old regions: 269->270
[61.057s][info][gc,heap        ] GC(128) Humongous regions: 92->54
[61.057s][info][gc,metaspace   ] GC(128) Metaspace: 65937K->65937K(1107968K)
[61.057s][info][gc             ] GC(128) Pause Young (Normal) (G1 Evacuation Pause) 478M->337M(1436M) 70.568ms
[61.057s][info][gc,cpu         ] GC(128) User=0.07s Sys=0.00s Real=0.07s
[61.705s][info][gc,marking     ] GC(127) Concurrent Rebuild Remembered Sets 731.477ms
[61.708s][info][gc,start       ] GC(127) Pause Cleanup
[61.709s][info][gc             ] GC(127) Pause Cleanup 446M->446M(1436M) 0.378ms
[61.709s][info][gc,cpu         ] GC(127) User=0.00s Sys=0.00s Real=0.00s
[61.709s][info][gc,marking     ] GC(127) Concurrent Cleanup for Next Mark
[61.719s][info][gc,marking     ] GC(127) Concurrent Cleanup for Next Mark 10.863ms
[61.719s][info][gc             ] GC(127) Concurrent Cycle 1541.403ms
[61.887s][info][gc,start       ] GC(129) Pause Young (Prepare Mixed) (G1 Evacuation Pause)
[61.887s][info][gc,task        ] GC(129) Using 1 workers of 1 for evacuation
[62.009s][info][gc,phases      ] GC(129)   Pre Evacuate Collection Set: 0.1ms
[62.009s][info][gc,phases      ] GC(129)   Evacuate Collection Set: 120.9ms
[62.009s][info][gc,phases      ] GC(129)   Post Evacuate Collection Set: 0.7ms
[62.009s][info][gc,phases      ] GC(129)   Other: 0.3ms
[62.009s][info][gc,heap        ] GC(129) Eden regions: 122->0(53)
[62.009s][info][gc,heap        ] GC(129) Survivor regions: 15->18(18)
[62.009s][info][gc,heap        ] GC(129) Old regions: 270->285
[62.009s][info][gc,heap        ] GC(129) Humongous regions: 71->59
[62.009s][info][gc,metaspace   ] GC(129) Metaspace: 65961K->65961K(1107968K)
[62.009s][info][gc             ] GC(129) Pause Young (Prepare Mixed) (G1 Evacuation Pause) 476M->359M(1436M) 122.133ms
[62.009s][info][gc,cpu         ] GC(129) User=0.12s Sys=0.00s Real=0.12s
[62.302s][info][gc,start       ] GC(130) Pause Young (Mixed) (G1 Evacuation Pause)
[62.302s][info][gc,task        ] GC(130) Using 1 workers of 1 for evacuation
[62.392s][info][gc,phases      ] GC(130)   Pre Evacuate Collection Set: 0.1ms
[62.392s][info][gc,phases      ] GC(130)   Evacuate Collection Set: 89.2ms
[62.392s][info][gc,phases      ] GC(130)   Post Evacuate Collection Set: 0.6ms
[62.392s][info][gc,phases      ] GC(130)   Other: 0.4ms
[62.392s][info][gc,heap        ] GC(130) Eden regions: 53->0(64)
[62.392s][info][gc,heap        ] GC(130) Survivor regions: 18->7(9)
[62.392s][info][gc,heap        ] GC(130) Old regions: 285->271
[62.392s][info][gc,heap        ] GC(130) Humongous regions: 126->86
[62.392s][info][gc,metaspace   ] GC(130) Metaspace: 66027K->66027K(1107968K)
[62.392s][info][gc             ] GC(130) Pause Young (Mixed) (G1 Evacuation Pause) 479M->361M(1436M) 90.395ms
[62.392s][info][gc,cpu         ] GC(130) User=0.09s Sys=0.00s Real=0.10s
[62.531s][info][gc,start       ] GC(131) Pause Young (Mixed) (G1 Evacuation Pause)
[62.531s][info][gc,task        ] GC(131) Using 1 workers of 1 for evacuation
[62.608s][info][gc,phases      ] GC(131)   Pre Evacuate Collection Set: 0.1ms
[62.608s][info][gc,phases      ] GC(131)   Evacuate Collection Set: 75.7ms
[62.608s][info][gc,phases      ] GC(131)   Post Evacuate Collection Set: 0.4ms
[62.608s][info][gc,phases      ] GC(131)   Other: 0.4ms
[62.608s][info][gc,heap        ] GC(131) Eden regions: 64->0(62)
[62.608s][info][gc,heap        ] GC(131) Survivor regions: 7->9(9)
[62.608s][info][gc,heap        ] GC(131) Old regions: 271->287
[62.608s][info][gc,heap        ] GC(131) Humongous regions: 102->82
[62.608s][info][gc,metaspace   ] GC(131) Metaspace: 66070K->66070K(1107968K)
[62.608s][info][gc             ] GC(131) Pause Young (Mixed) (G1 Evacuation Pause) 441M->376M(1436M) 76.585ms
[62.608s][info][gc,cpu         ] GC(131) User=0.08s Sys=0.00s Real=0.07s
[62.731s][info][gc,start       ] GC(132) Pause Young (Normal) (G1 Evacuation Pause)
[62.731s][info][gc,task        ] GC(132) Using 1 workers of 1 for evacuation
[62.766s][info][gc,phases      ] GC(132)   Pre Evacuate Collection Set: 0.1ms
[62.767s][info][gc,phases      ] GC(132)   Evacuate Collection Set: 35.4ms
[62.767s][info][gc,phases      ] GC(132)   Post Evacuate Collection Set: 0.3ms
[62.767s][info][gc,phases      ] GC(132)   Other: 0.2ms
[62.767s][info][gc,heap        ] GC(132) Eden regions: 62->0(84)
[62.767s][info][gc,heap        ] GC(132) Survivor regions: 9->1(9)
[62.767s][info][gc,heap        ] GC(132) Old regions: 287->296
[62.767s][info][gc,heap        ] GC(132) Humongous regions: 82->82
[62.767s][info][gc,metaspace   ] GC(132) Metaspace: 66070K->66070K(1107968K)
[62.767s][info][gc             ] GC(132) Pause Young (Normal) (G1 Evacuation Pause) 438M->376M(1436M) 36.126ms
[62.767s][info][gc,cpu         ] GC(132) User=0.04s Sys=0.00s Real=0.03s
[63.002s][info][gc,start       ] GC(133) Pause Young (Normal) (G1 Evacuation Pause)
[63.002s][info][gc,task        ] GC(133) Using 1 workers of 1 for evacuation
[63.004s][info][gc,phases      ] GC(133)   Pre Evacuate Collection Set: 0.1ms
[63.004s][info][gc,phases      ] GC(133)   Evacuate Collection Set: 2.0ms
[63.004s][info][gc,phases      ] GC(133)   Post Evacuate Collection Set: 0.3ms
[63.004s][info][gc,phases      ] GC(133)   Other: 0.3ms
[63.004s][info][gc,heap        ] GC(133) Eden regions: 84->0(113)
[63.004s][info][gc,heap        ] GC(133) Survivor regions: 1->1(11)
[63.004s][info][gc,heap        ] GC(133) Old regions: 296->296
[63.004s][info][gc,heap        ] GC(133) Humongous regions: 82->82
[63.004s][info][gc,metaspace   ] GC(133) Metaspace: 66070K->66070K(1107968K)
[63.004s][info][gc             ] GC(133) Pause Young (Normal) (G1 Evacuation Pause) 460M->376M(1436M) 2.688ms
[63.004s][info][gc,cpu         ] GC(133) User=0.00s Sys=0.00s Real=0.00s
[63.318s][info][gc,start       ] GC(134) Pause Young (Normal) (G1 Evacuation Pause)
[63.318s][info][gc,task        ] GC(134) Using 1 workers of 1 for evacuation
[63.429s][info][gc,phases      ] GC(134)   Pre Evacuate Collection Set: 0.1ms
[63.429s][info][gc,phases      ] GC(134)   Evacuate Collection Set: 109.5ms
[63.429s][info][gc,phases      ] GC(134)   Post Evacuate Collection Set: 0.6ms
[63.429s][info][gc,phases      ] GC(134)   Other: 0.3ms
[63.429s][info][gc,heap        ] GC(134) Eden regions: 113->0(92)
[63.429s][info][gc,heap        ] GC(134) Survivor regions: 1->15(15)
[63.429s][info][gc,heap        ] GC(134) Old regions: 296->322
[63.429s][info][gc,heap        ] GC(134) Humongous regions: 85->85
[63.429s][info][gc,metaspace   ] GC(134) Metaspace: 66196K->66196K(1107968K)
[63.429s][info][gc             ] GC(134) Pause Young (Normal) (G1 Evacuation Pause) 492M->420M(1436M) 110.586ms
[63.429s][info][gc,cpu         ] GC(134) User=0.11s Sys=0.00s Real=0.11s
[63.555s][info][gc,start       ] GC(135) Pause Young (Normal) (G1 Evacuation Pause)
[63.556s][info][gc,task        ] GC(135) Using 1 workers of 1 for evacuation
[63.599s][info][gc,phases      ] GC(135)   Pre Evacuate Collection Set: 0.1ms
[63.599s][info][gc,phases      ] GC(135)   Evacuate Collection Set: 42.9ms
[63.599s][info][gc,phases      ] GC(135)   Post Evacuate Collection Set: 0.4ms
[63.599s][info][gc,phases      ] GC(135)   Other: 0.3ms
[63.599s][info][gc,heap        ] GC(135) Eden regions: 92->0(124)
[63.599s][info][gc,heap        ] GC(135) Survivor regions: 15->1(14)
[63.599s][info][gc,heap        ] GC(135) Old regions: 322->337
[63.599s][info][gc,heap        ] GC(135) Humongous regions: 85->85
[63.599s][info][gc,metaspace   ] GC(135) Metaspace: 66197K->66197K(1107968K)
[63.599s][info][gc             ] GC(135) Pause Young (Normal) (G1 Evacuation Pause) 512M->421M(1445M) 43.831ms
[63.599s][info][gc,cpu         ] GC(135) User=0.05s Sys=0.00s Real=0.04s
[63.644s][info][gc,task        ] GC(136) Using 1 workers of 1 for full compaction
[63.644s][info][gc,start       ] GC(136) Pause Full (System.gc())
[63.645s][info][gc,phases,start] GC(136) Phase 1: Mark live objects
[63.815s][info][gc,stringtable ] GC(136) Cleaned string and symbol table, strings: 23116 processed, 2 removed, symbols: 139913 processed, 0 removed
[63.815s][info][gc,phases      ] GC(136) Phase 1: Mark live objects 170.009ms
[63.815s][info][gc,phases,start] GC(136) Phase 2: Prepare for compaction
[63.849s][info][gc,phases      ] GC(136) Phase 2: Prepare for compaction 34.350ms
[63.849s][info][gc,phases,start] GC(136) Phase 3: Adjust pointers
[63.947s][info][gc,phases      ] GC(136) Phase 3: Adjust pointers 97.030ms
[63.947s][info][gc,phases,start] GC(136) Phase 4: Compact heap
[64.003s][info][gc,phases      ] GC(136) Phase 4: Compact heap 55.949ms
[64.040s][info][gc,heap        ] GC(136) Eden regions: 67->0(124)
[64.040s][info][gc,heap        ] GC(136) Survivor regions: 1->0(14)
[64.040s][info][gc,heap        ] GC(136) Old regions: 337->137
[64.040s][info][gc,heap        ] GC(136) Humongous regions: 85->9
[64.040s][info][gc,metaspace   ] GC(136) Metaspace: 66201K->66201K(1107968K)
[64.040s][info][gc             ] GC(136) Pause Full (System.gc()) 488M->144M(487M) 395.726ms
[64.040s][info][gc,cpu         ] GC(136) User=0.35s Sys=0.04s Real=0.39s
[64.742s][info][gc,start       ] GC(137) Pause Young (Normal) (G1 Evacuation Pause)
[64.743s][info][gc,task        ] GC(137) Using 1 workers of 1 for evacuation
[64.868s][info][gc,phases      ] GC(137)   Pre Evacuate Collection Set: 0.0ms
[64.868s][info][gc,phases      ] GC(137)   Evacuate Collection Set: 124.7ms
[64.868s][info][gc,phases      ] GC(137)   Post Evacuate Collection Set: 0.4ms
[64.868s][info][gc,phases      ] GC(137)   Other: 0.4ms
[64.868s][info][gc,heap        ] GC(137) Eden regions: 124->0(93)
[64.868s][info][gc,heap        ] GC(137) Survivor regions: 0->16(16)
[64.868s][info][gc,heap        ] GC(137) Old regions: 137->149
[64.868s][info][gc,heap        ] GC(137) Humongous regions: 26->21
[64.868s][info][gc,metaspace   ] GC(137) Metaspace: 66365K->66365K(1107968K)
[64.868s][info][gc             ] GC(137) Pause Young (Normal) (G1 Evacuation Pause) 285M->184M(487M) 125.595ms
[64.868s][info][gc,cpu         ] GC(137) User=0.12s Sys=0.00s Real=0.12s
[65.161s][info][gc,start       ] GC(138) Pause Young (Normal) (G1 Evacuation Pause)
[65.162s][info][gc,task        ] GC(138) Using 1 workers of 1 for evacuation
[65.247s][info][gc,phases      ] GC(138)   Pre Evacuate Collection Set: 0.0ms
[65.247s][info][gc,phases      ] GC(138)   Evacuate Collection Set: 84.9ms
[65.247s][info][gc,phases      ] GC(138)   Post Evacuate Collection Set: 0.3ms
[65.247s][info][gc,phases      ] GC(138)   Other: 0.7ms
[65.247s][info][gc,heap        ] GC(138) Eden regions: 93->0(109)
[65.247s][info][gc,heap        ] GC(138) Survivor regions: 16->10(14)
[65.247s][info][gc,heap        ] GC(138) Old regions: 149->165
[65.247s][info][gc,heap        ] GC(138) Humongous regions: 26->26
[65.247s][info][gc,metaspace   ] GC(138) Metaspace: 66369K->66369K(1107968K)
[65.247s][info][gc             ] GC(138) Pause Young (Normal) (G1 Evacuation Pause) 282M->198M(487M) 86.061ms
[65.247s][info][gc,cpu         ] GC(138) User=0.08s Sys=0.00s Real=0.09s
[65.538s][info][gc,start       ] GC(139) Pause Young (Normal) (G1 Evacuation Pause)
[65.538s][info][gc,task        ] GC(139) Using 1 workers of 1 for evacuation
[65.596s][info][gc,phases      ] GC(139)   Pre Evacuate Collection Set: 0.0ms
[65.596s][info][gc,phases      ] GC(139)   Evacuate Collection Set: 57.6ms
[65.596s][info][gc,phases      ] GC(139)   Post Evacuate Collection Set: 0.4ms
[65.596s][info][gc,phases      ] GC(139)   Other: 0.3ms
[65.596s][info][gc,heap        ] GC(139) Eden regions: 109->0(127)
[65.596s][info][gc,heap        ] GC(139) Survivor regions: 10->8(15)
[65.596s][info][gc,heap        ] GC(139) Old regions: 165->174
[65.596s][info][gc,heap        ] GC(139) Humongous regions: 31->31
[65.596s][info][gc,metaspace   ] GC(139) Metaspace: 66370K->66370K(1107968K)
[65.596s][info][gc             ] GC(139) Pause Young (Normal) (G1 Evacuation Pause) 312M->211M(487M) 58.319ms
[65.596s][info][gc,cpu         ] GC(139) User=0.06s Sys=0.00s Real=0.06s
[65.914s][info][gc,start       ] GC(140) Pause Young (Normal) (G1 Evacuation Pause)
[65.914s][info][gc,task        ] GC(140) Using 1 workers of 1 for evacuation
[65.959s][info][gc,phases      ] GC(140)   Pre Evacuate Collection Set: 0.0ms
[65.959s][info][gc,phases      ] GC(140)   Evacuate Collection Set: 43.2ms
[65.959s][info][gc,phases      ] GC(140)   Post Evacuate Collection Set: 1.3ms
[65.959s][info][gc,phases      ] GC(140)   Other: 0.3ms
[65.959s][info][gc,heap        ] GC(140) Eden regions: 127->0(144)
[65.959s][info][gc,heap        ] GC(140) Survivor regions: 8->14(17)
[65.959s][info][gc,heap        ] GC(140) Old regions: 174->174
[65.959s][info][gc,heap        ] GC(140) Humongous regions: 31->31
[65.959s][info][gc,metaspace   ] GC(140) Metaspace: 66370K->66370K(1107968K)
[65.959s][info][gc             ] GC(140) Pause Young (Normal) (G1 Evacuation Pause) 338M->217M(712M) 44.895ms
[65.959s][info][gc,cpu         ] GC(140) User=0.04s Sys=0.00s Real=0.04s
[66.960s][info][gc,start       ] GC(141) Pause Young (Normal) (G1 Evacuation Pause)
[66.960s][info][gc,task        ] GC(141) Using 1 workers of 1 for evacuation
[67.068s][info][gc,phases      ] GC(141)   Pre Evacuate Collection Set: 0.0ms
[67.068s][info][gc,phases      ] GC(141)   Evacuate Collection Set: 107.3ms
[67.068s][info][gc,phases      ] GC(141)   Post Evacuate Collection Set: 0.6ms
[67.068s][info][gc,phases      ] GC(141)   Other: 0.3ms
[67.068s][info][gc,heap        ] GC(141) Eden regions: 123->0(138)
[67.068s][info][gc,heap        ] GC(141) Survivor regions: 14->15(18)
[67.068s][info][gc,heap        ] GC(141) Old regions: 174->180
[67.068s][info][gc,heap        ] GC(141) Humongous regions: 45->45
[67.068s][info][gc,metaspace   ] GC(141) Metaspace: 66372K->66372K(1107968K)
[67.068s][info][gc             ] GC(141) Pause Young (Normal) (G1 Evacuation Pause) 354M->237M(712M) 108.424ms
[67.068s][info][gc,cpu         ] GC(141) User=0.11s Sys=0.01s Real=0.11s
[67.402s][info][gc,start       ] GC(142) Pause Young (Normal) (G1 Evacuation Pause)
[67.402s][info][gc,task        ] GC(142) Using 1 workers of 1 for evacuation
[67.526s][info][gc,phases      ] GC(142)   Pre Evacuate Collection Set: 0.0ms
[67.526s][info][gc,phases      ] GC(142)   Evacuate Collection Set: 123.5ms
[67.526s][info][gc,phases      ] GC(142)   Post Evacuate Collection Set: 0.6ms
[67.526s][info][gc,phases      ] GC(142)   Other: 0.3ms
[67.526s][info][gc,heap        ] GC(142) Eden regions: 108->0(126)
[67.526s][info][gc,heap        ] GC(142) Survivor regions: 15->16(16)
[67.526s][info][gc,heap        ] GC(142) Old regions: 180->206
[67.526s][info][gc,heap        ] GC(142) Humongous regions: 59->59
[67.526s][info][gc,metaspace   ] GC(142) Metaspace: 66383K->66383K(1107968K)
[67.526s][info][gc             ] GC(142) Pause Young (Normal) (G1 Evacuation Pause) 359M->279M(712M) 124.671ms
[67.526s][info][gc,cpu         ] GC(142) User=0.12s Sys=0.00s Real=0.13s
[67.865s][info][gc,start       ] GC(143) Pause Young (Normal) (G1 Evacuation Pause)
[67.865s][info][gc,task        ] GC(143) Using 1 workers of 1 for evacuation
[67.957s][info][gc,phases      ] GC(143)   Pre Evacuate Collection Set: 0.0ms
[67.957s][info][gc,phases      ] GC(143)   Evacuate Collection Set: 91.3ms
[67.957s][info][gc,phases      ] GC(143)   Post Evacuate Collection Set: 0.5ms
[67.957s][info][gc,phases      ] GC(143)   Other: 0.3ms
[67.957s][info][gc,heap        ] GC(143) Eden regions: 126->0(139)
[67.957s][info][gc,heap        ] GC(143) Survivor regions: 16->12(18)
[67.957s][info][gc,heap        ] GC(143) Old regions: 206->222
[67.957s][info][gc,heap        ] GC(143) Humongous regions: 67->67
[67.957s][info][gc,metaspace   ] GC(143) Metaspace: 66383K->66383K(1107968K)
[67.957s][info][gc             ] GC(143) Pause Young (Normal) (G1 Evacuation Pause) 413M->299M(712M) 92.257ms
[67.957s][info][gc,cpu         ] GC(143) User=0.09s Sys=0.00s Real=0.09s
[68.292s][info][gc,start       ] GC(144) Pause Young (Normal) (G1 Evacuation Pause)
[68.292s][info][gc,task        ] GC(144) Using 1 workers of 1 for evacuation
[68.354s][info][gc,phases      ] GC(144)   Pre Evacuate Collection Set: 0.0ms
[68.354s][info][gc,phases      ] GC(144)   Evacuate Collection Set: 61.0ms
[68.354s][info][gc,phases      ] GC(144)   Post Evacuate Collection Set: 1.0ms
[68.354s][info][gc,phases      ] GC(144)   Other: 0.3ms
[68.354s][info][gc,heap        ] GC(144) Eden regions: 139->0(161)
[68.354s][info][gc,heap        ] GC(144) Survivor regions: 12->9(19)
[68.354s][info][gc,heap        ] GC(144) Old regions: 222->233
[68.354s][info][gc,heap        ] GC(144) Humongous regions: 67->67
[68.354s][info][gc,metaspace   ] GC(144) Metaspace: 66383K->66383K(1107968K)
[68.354s][info][gc             ] GC(144) Pause Young (Normal) (G1 Evacuation Pause) 438M->307M(885M) 62.407ms
[68.354s][info][gc,cpu         ] GC(144) User=0.06s Sys=0.00s Real=0.06s
[68.863s][info][gc,start       ] GC(145) Pause Young (Normal) (G1 Evacuation Pause)
[68.863s][info][gc,task        ] GC(145) Using 1 workers of 1 for evacuation
[68.940s][info][gc,phases      ] GC(145)   Pre Evacuate Collection Set: 0.0ms
[68.940s][info][gc,phases      ] GC(145)   Evacuate Collection Set: 75.9ms
[68.940s][info][gc,phases      ] GC(145)   Post Evacuate Collection Set: 0.6ms
[68.940s][info][gc,phases      ] GC(145)   Other: 0.3ms
[68.940s][info][gc,heap        ] GC(145) Eden regions: 161->0(164)
[68.940s][info][gc,heap        ] GC(145) Survivor regions: 9->17(22)
[68.940s][info][gc,heap        ] GC(145) Old regions: 233->233
[68.940s][info][gc,heap        ] GC(145) Humongous regions: 76->76
[68.940s][info][gc,metaspace   ] GC(145) Metaspace: 66383K->66383K(1107968K)
[68.940s][info][gc             ] GC(145) Pause Young (Normal) (G1 Evacuation Pause) 477M->324M(885M) 76.844ms
[68.940s][info][gc,cpu         ] GC(145) User=0.08s Sys=0.00s Real=0.07s
[69.699s][info][gc,start       ] GC(146) Pause Young (Normal) (G1 Evacuation Pause)
[69.699s][info][gc,task        ] GC(146) Using 1 workers of 1 for evacuation
[69.845s][info][gc,phases      ] GC(146)   Pre Evacuate Collection Set: 0.1ms
[69.846s][info][gc,phases      ] GC(146)   Evacuate Collection Set: 145.4ms
[69.846s][info][gc,phases      ] GC(146)   Post Evacuate Collection Set: 0.6ms
[69.846s][info][gc,phases      ] GC(146)   Other: 0.4ms
[69.846s][info][gc,heap        ] GC(146) Eden regions: 79->0(79)
[69.846s][info][gc,heap        ] GC(146) Survivor regions: 17->12(12)
[69.846s][info][gc,heap        ] GC(146) Old regions: 233->259
[69.846s][info][gc,heap        ] GC(146) Humongous regions: 92->92
[69.846s][info][gc,metaspace   ] GC(146) Metaspace: 66413K->66413K(1107968K)
[69.846s][info][gc             ] GC(146) Pause Young (Normal) (G1 Evacuation Pause) 419M->361M(885M) 146.659ms
[69.846s][info][gc,cpu         ] GC(146) User=0.14s Sys=0.00s Real=0.15s
[70.080s][info][gc,start       ] GC(147) Pause Young (Normal) (G1 Evacuation Pause)
[70.080s][info][gc,task        ] GC(147) Using 1 workers of 1 for evacuation
[70.204s][info][gc,phases      ] GC(147)   Pre Evacuate Collection Set: 0.0ms
[70.204s][info][gc,phases      ] GC(147)   Evacuate Collection Set: 122.9ms
[70.204s][info][gc,phases      ] GC(147)   Post Evacuate Collection Set: 0.7ms
[70.204s][info][gc,phases      ] GC(147)   Other: 0.3ms
[70.204s][info][gc,heap        ] GC(147) Eden regions: 79->0(46)
[70.204s][info][gc,heap        ] GC(147) Survivor regions: 12->11(12)
[70.204s][info][gc,heap        ] GC(147) Old regions: 259->271
[70.204s][info][gc,heap        ] GC(147) Humongous regions: 98->98
[70.204s][info][gc,metaspace   ] GC(147) Metaspace: 66413K->66413K(1107968K)
[70.204s][info][gc             ] GC(147) Pause Young (Normal) (G1 Evacuation Pause) 446M->377M(885M) 124.078ms
[70.204s][info][gc,cpu         ] GC(147) User=0.12s Sys=0.00s Real=0.13s
[70.324s][info][gc,start       ] GC(148) Pause Young (Normal) (G1 Evacuation Pause)
[70.324s][info][gc,task        ] GC(148) Using 1 workers of 1 for evacuation
[70.378s][info][gc,phases      ] GC(148)   Pre Evacuate Collection Set: 0.0ms
[70.378s][info][gc,phases      ] GC(148)   Evacuate Collection Set: 53.1ms
[70.378s][info][gc,phases      ] GC(148)   Post Evacuate Collection Set: 0.8ms
[70.378s][info][gc,phases      ] GC(148)   Other: 0.2ms
[70.378s][info][gc,heap        ] GC(148) Eden regions: 46->0(91)
[70.378s][info][gc,heap        ] GC(148) Survivor regions: 11->5(8)
[70.378s][info][gc,heap        ] GC(148) Old regions: 271->281
[70.378s][info][gc,heap        ] GC(148) Humongous regions: 98->98
[70.378s][info][gc,metaspace   ] GC(148) Metaspace: 66413K->66413K(1107968K)
[70.378s][info][gc             ] GC(148) Pause Young (Normal) (G1 Evacuation Pause) 423M->382M(1008M) 54.263ms
[70.378s][info][gc,cpu         ] GC(148) User=0.05s Sys=0.00s Real=0.05s
[70.647s][info][gc,start       ] GC(149) Pause Young (Normal) (G1 Evacuation Pause)
[70.647s][info][gc,task        ] GC(149) Using 1 workers of 1 for evacuation
[70.770s][info][gc,phases      ] GC(149)   Pre Evacuate Collection Set: 0.1ms
[70.771s][info][gc,phases      ] GC(149)   Evacuate Collection Set: 121.5ms
[70.771s][info][gc,phases      ] GC(149)   Post Evacuate Collection Set: 1.3ms
[70.771s][info][gc,phases      ] GC(149)   Other: 0.4ms
[70.771s][info][gc,heap        ] GC(149) Eden regions: 91->0(49)
[70.771s][info][gc,heap        ] GC(149) Survivor regions: 5->12(12)
[70.771s][info][gc,heap        ] GC(149) Old regions: 281->281
[70.771s][info][gc,heap        ] GC(149) Humongous regions: 103->103
[70.771s][info][gc,metaspace   ] GC(149) Metaspace: 66413K->66413K(1107968K)
[70.771s][info][gc             ] GC(149) Pause Young (Normal) (G1 Evacuation Pause) 478M->394M(1008M) 123.698ms
[70.771s][info][gc,cpu         ] GC(149) User=0.12s Sys=0.00s Real=0.13s
[70.980s][info][gc,start       ] GC(150) Pause Young (Normal) (G1 Evacuation Pause)
[70.980s][info][gc,task        ] GC(150) Using 1 workers of 1 for evacuation
[71.022s][info][gc,phases      ] GC(150)   Pre Evacuate Collection Set: 0.0ms
[71.022s][info][gc,phases      ] GC(150)   Evacuate Collection Set: 41.7ms
[71.022s][info][gc,phases      ] GC(150)   Post Evacuate Collection Set: 0.4ms
[71.022s][info][gc,phases      ] GC(150)   Other: 0.3ms
[71.022s][info][gc,heap        ] GC(150) Eden regions: 49->0(91)
[71.022s][info][gc,heap        ] GC(150) Survivor regions: 12->4(8)
[71.022s][info][gc,heap        ] GC(150) Old regions: 281->292
[71.022s][info][gc,heap        ] GC(150) Humongous regions: 103->103
[71.022s][info][gc,metaspace   ] GC(150) Metaspace: 66413K->66413K(1107968K)
[71.022s][info][gc             ] GC(150) Pause Young (Normal) (G1 Evacuation Pause) 443M->397M(1008M) 42.524ms
[71.022s][info][gc,cpu         ] GC(150) User=0.05s Sys=0.00s Real=0.05s
[71.265s][info][gc,start       ] GC(151) Pause Young (Normal) (G1 Evacuation Pause)
[71.265s][info][gc,task        ] GC(151) Using 1 workers of 1 for evacuation
[71.293s][info][gc,phases      ] GC(151)   Pre Evacuate Collection Set: 0.0ms
[71.293s][info][gc,phases      ] GC(151)   Evacuate Collection Set: 27.9ms
[71.293s][info][gc,phases      ] GC(151)   Post Evacuate Collection Set: 0.3ms
[71.293s][info][gc,phases      ] GC(151)   Other: 0.3ms
[71.293s][info][gc,heap        ] GC(151) Eden regions: 91->0(109)
[71.293s][info][gc,heap        ] GC(151) Survivor regions: 4->9(12)
[71.293s][info][gc,heap        ] GC(151) Old regions: 292->292
[71.293s][info][gc,heap        ] GC(151) Humongous regions: 103->103
[71.293s][info][gc,metaspace   ] GC(151) Metaspace: 66413K->66413K(1107968K)
[71.293s][info][gc             ] GC(151) Pause Young (Normal) (G1 Evacuation Pause) 488M->402M(1008M) 28.622ms
[71.293s][info][gc,cpu         ] GC(151) User=0.03s Sys=0.00s Real=0.03s
[71.610s][info][gc,start       ] GC(152) Pause Young (Normal) (G1 Evacuation Pause)
[71.610s][info][gc,task        ] GC(152) Using 1 workers of 1 for evacuation
[71.679s][info][gc,phases      ] GC(152)   Pre Evacuate Collection Set: 0.0ms
[71.679s][info][gc,phases      ] GC(152)   Evacuate Collection Set: 68.1ms
[71.679s][info][gc,phases      ] GC(152)   Post Evacuate Collection Set: 0.5ms
[71.679s][info][gc,phases      ] GC(152)   Other: 0.4ms
[71.679s][info][gc,heap        ] GC(152) Eden regions: 109->0(111)
[71.679s][info][gc,heap        ] GC(152) Survivor regions: 9->12(15)
[71.679s][info][gc,heap        ] GC(152) Old regions: 292->295
[71.679s][info][gc,heap        ] GC(152) Humongous regions: 112->112
[71.679s][info][gc,metaspace   ] GC(152) Metaspace: 66419K->66419K(1107968K)
[71.679s][info][gc             ] GC(152) Pause Young (Normal) (G1 Evacuation Pause) 520M->417M(1008M) 69.112ms
[71.679s][info][gc,cpu         ] GC(152) User=0.06s Sys=0.00s Real=0.06s
[72.324s][info][gc,start       ] GC(153) Pause Young (Normal) (G1 Evacuation Pause)
[72.324s][info][gc,task        ] GC(153) Using 1 workers of 1 for evacuation
[72.399s][info][gc,phases      ] GC(153)   Pre Evacuate Collection Set: 0.1ms
[72.399s][info][gc,phases      ] GC(153)   Evacuate Collection Set: 73.6ms
[72.399s][info][gc,phases      ] GC(153)   Post Evacuate Collection Set: 0.9ms
[72.399s][info][gc,phases      ] GC(153)   Other: 0.4ms
[72.399s][info][gc,heap        ] GC(153) Eden regions: 44->0(88)
[72.399s][info][gc,heap        ] GC(153) Survivor regions: 12->3(7)
[72.399s][info][gc,heap        ] GC(153) Old regions: 295->307
[72.399s][info][gc,heap        ] GC(153) Humongous regions: 122->117
[72.399s][info][gc,metaspace   ] GC(153) Metaspace: 66440K->66440K(1107968K)
[72.399s][info][gc             ] GC(153) Pause Young (Normal) (G1 Evacuation Pause) 471M->425M(1099M) 75.018ms
[72.399s][info][gc,cpu         ] GC(153) User=0.07s Sys=0.00s Real=0.07s
[72.757s][info][gc,start       ] GC(154) Pause Young (Normal) (G1 Evacuation Pause)
[72.757s][info][gc,task        ] GC(154) Using 1 workers of 1 for evacuation
[72.861s][info][gc,phases      ] GC(154)   Pre Evacuate Collection Set: 0.1ms
[72.861s][info][gc,phases      ] GC(154)   Evacuate Collection Set: 103.3ms
[72.861s][info][gc,phases      ] GC(154)   Post Evacuate Collection Set: 0.5ms
[72.861s][info][gc,phases      ] GC(154)   Other: 0.3ms
[72.861s][info][gc,heap        ] GC(154) Eden regions: 88->0(42)
[72.861s][info][gc,heap        ] GC(154) Survivor regions: 3->12(12)
[72.861s][info][gc,heap        ] GC(154) Old regions: 307->328
[72.861s][info][gc,heap        ] GC(154) Humongous regions: 139->139
[72.861s][info][gc,metaspace   ] GC(154) Metaspace: 66442K->66442K(1107968K)
[72.861s][info][gc             ] GC(154) Pause Young (Normal) (G1 Evacuation Pause) 535M->477M(1099M) 104.269ms
[72.861s][info][gc,cpu         ] GC(154) User=0.10s Sys=0.00s Real=0.10s
[72.980s][info][gc,start       ] GC(155) Pause Young (Normal) (G1 Evacuation Pause)
[72.980s][info][gc,task        ] GC(155) Using 1 workers of 1 for evacuation
[73.099s][info][gc,phases      ] GC(155)   Pre Evacuate Collection Set: 0.1ms
[73.099s][info][gc,phases      ] GC(155)   Evacuate Collection Set: 118.4ms
[73.099s][info][gc,phases      ] GC(155)   Post Evacuate Collection Set: 0.8ms
[73.099s][info][gc,phases      ] GC(155)   Other: 0.2ms
[73.099s][info][gc,heap        ] GC(155) Eden regions: 42->0(48)
[73.099s][info][gc,heap        ] GC(155) Survivor regions: 12->6(7)
[73.099s][info][gc,heap        ] GC(155) Old regions: 328->340
[73.099s][info][gc,heap        ] GC(155) Humongous regions: 139->139
[73.099s][info][gc,metaspace   ] GC(155) Metaspace: 66442K->66442K(1107968K)
[73.099s][info][gc             ] GC(155) Pause Young (Normal) (G1 Evacuation Pause) 519M->483M(1099M) 119.571ms
[73.099s][info][gc,cpu         ] GC(155) User=0.12s Sys=0.00s Real=0.12s
[73.230s][info][gc,start       ] GC(156) Pause Young (Normal) (G1 Evacuation Pause)
[73.230s][info][gc,task        ] GC(156) Using 1 workers of 1 for evacuation
[73.285s][info][gc,phases      ] GC(156)   Pre Evacuate Collection Set: 0.1ms
[73.285s][info][gc,phases      ] GC(156)   Evacuate Collection Set: 54.3ms
[73.285s][info][gc,phases      ] GC(156)   Post Evacuate Collection Set: 0.4ms
[73.285s][info][gc,phases      ] GC(156)   Other: 0.3ms
[73.285s][info][gc,heap        ] GC(156) Eden regions: 48->0(48)
[73.285s][info][gc,heap        ] GC(156) Survivor regions: 6->6(7)
[73.285s][info][gc,heap        ] GC(156) Old regions: 340->345
[73.285s][info][gc,heap        ] GC(156) Humongous regions: 145->145
[73.285s][info][gc,metaspace   ] GC(156) Metaspace: 66442K->66442K(1107968K)
[73.285s][info][gc             ] GC(156) Pause Young (Normal) (G1 Evacuation Pause) 537M->494M(1099M) 55.143ms
[73.285s][info][gc,cpu         ] GC(156) User=0.05s Sys=0.00s Real=0.06s
[73.396s][info][gc,start       ] GC(157) Pause Young (Normal) (G1 Evacuation Pause)
[73.396s][info][gc,task        ] GC(157) Using 1 workers of 1 for evacuation
[73.432s][info][gc,phases      ] GC(157)   Pre Evacuate Collection Set: 0.1ms
[73.432s][info][gc,phases      ] GC(157)   Evacuate Collection Set: 34.2ms
[73.432s][info][gc,phases      ] GC(157)   Post Evacuate Collection Set: 1.3ms
[73.432s][info][gc,phases      ] GC(157)   Other: 0.2ms
[73.432s][info][gc,heap        ] GC(157) Eden regions: 48->0(68)
[73.432s][info][gc,heap        ] GC(157) Survivor regions: 6->5(7)
[73.432s][info][gc,heap        ] GC(157) Old regions: 345->351
[73.432s][info][gc,heap        ] GC(157) Humongous regions: 145->145
[73.432s][info][gc,metaspace   ] GC(157) Metaspace: 66442K->66442K(1107968K)
[73.432s][info][gc             ] GC(157) Pause Young (Normal) (G1 Evacuation Pause) 542M->499M(1190M) 35.967ms
[73.432s][info][gc,cpu         ] GC(157) User=0.03s Sys=0.00s Real=0.04s
[73.661s][info][gc,start       ] GC(158) Pause Young (Normal) (G1 Evacuation Pause)
[73.661s][info][gc,task        ] GC(158) Using 1 workers of 1 for evacuation
[73.700s][info][gc,phases      ] GC(158)   Pre Evacuate Collection Set: 0.1ms
[73.700s][info][gc,phases      ] GC(158)   Evacuate Collection Set: 37.7ms
[73.700s][info][gc,phases      ] GC(158)   Post Evacuate Collection Set: 0.4ms
[73.700s][info][gc,phases      ] GC(158)   Other: 0.3ms
[73.700s][info][gc,heap        ] GC(158) Eden regions: 68->0(85)
[73.700s][info][gc,heap        ] GC(158) Survivor regions: 5->10(10)
[73.700s][info][gc,heap        ] GC(158) Old regions: 351->352
[73.700s][info][gc,heap        ] GC(158) Humongous regions: 150->150
[73.700s][info][gc,metaspace   ] GC(158) Metaspace: 66442K->66442K(1107968K)
[73.700s][info][gc             ] GC(158) Pause Young (Normal) (G1 Evacuation Pause) 572M->510M(1190M) 38.466ms
[73.700s][info][gc,cpu         ] GC(158) User=0.04s Sys=0.00s Real=0.04s
[73.930s][info][gc,start       ] GC(159) Pause Young (Normal) (G1 Evacuation Pause)
[73.930s][info][gc,task        ] GC(159) Using 1 workers of 1 for evacuation
[74.010s][info][gc,phases      ] GC(159)   Pre Evacuate Collection Set: 0.1ms
[74.010s][info][gc,phases      ] GC(159)   Evacuate Collection Set: 78.7ms
[74.010s][info][gc,phases      ] GC(159)   Post Evacuate Collection Set: 1.0ms
[74.010s][info][gc,phases      ] GC(159)   Other: 0.4ms
[74.010s][info][gc,heap        ] GC(159) Eden regions: 85->0(90)
[74.010s][info][gc,heap        ] GC(159) Survivor regions: 10->11(12)
[74.010s][info][gc,heap        ] GC(159) Old regions: 352->356
[74.010s][info][gc,heap        ] GC(159) Humongous regions: 150->150
[74.010s][info][gc,metaspace   ] GC(159) Metaspace: 66442K->66442K(1107968K)
[74.010s][info][gc             ] GC(159) Pause Young (Normal) (G1 Evacuation Pause) 595M->515M(1190M) 80.353ms
[74.010s][info][gc,cpu         ] GC(159) User=0.08s Sys=0.00s Real=0.08s
[74.272s][info][gc,start       ] GC(160) Pause Young (Normal) (G1 Evacuation Pause)
[74.273s][info][gc,task        ] GC(160) Using 1 workers of 1 for evacuation
[74.322s][info][gc,phases      ] GC(160)   Pre Evacuate Collection Set: 0.1ms
[74.322s][info][gc,phases      ] GC(160)   Evacuate Collection Set: 48.3ms
[74.322s][info][gc,phases      ] GC(160)   Post Evacuate Collection Set: 0.4ms
[74.322s][info][gc,phases      ] GC(160)   Other: 0.3ms
[74.322s][info][gc,heap        ] GC(160) Eden regions: 90->0(108)
[74.322s][info][gc,heap        ] GC(160) Survivor regions: 11->11(13)
[74.322s][info][gc,heap        ] GC(160) Old regions: 356->361
[74.322s][info][gc,heap        ] GC(160) Humongous regions: 150->150
[74.322s][info][gc,metaspace   ] GC(160) Metaspace: 66442K->66442K(1107968K)
[74.322s][info][gc             ] GC(160) Pause Young (Normal) (G1 Evacuation Pause) 605M->520M(1190M) 49.182ms
[74.322s][info][gc,cpu         ] GC(160) User=0.05s Sys=0.00s Real=0.05s
[75.029s][info][gc,start       ] GC(161) Pause Young (Normal) (G1 Evacuation Pause)
[75.029s][info][gc,task        ] GC(161) Using 1 workers of 1 for evacuation
[75.114s][info][gc,phases      ] GC(161)   Pre Evacuate Collection Set: 0.1ms
[75.114s][info][gc,phases      ] GC(161)   Evacuate Collection Set: 83.3ms
[75.114s][info][gc,phases      ] GC(161)   Post Evacuate Collection Set: 0.9ms
[75.114s][info][gc,phases      ] GC(161)   Other: 0.4ms
[75.114s][info][gc,heap        ] GC(161) Eden regions: 89->0(102)
[75.114s][info][gc,heap        ] GC(161) Survivor regions: 11->12(13)
[75.114s][info][gc,heap        ] GC(161) Old regions: 361->366
[75.114s][info][gc,heap        ] GC(161) Humongous regions: 165->165
[75.114s][info][gc,metaspace   ] GC(161) Metaspace: 66463K->66463K(1107968K)
[75.114s][info][gc             ] GC(161) Pause Young (Normal) (G1 Evacuation Pause) 624M->540M(1252M) 84.663ms
[75.114s][info][gc,cpu         ] GC(161) User=0.08s Sys=0.00s Real=0.09s
[75.625s][info][gc,start       ] GC(162) Pause Young (Normal) (G1 Evacuation Pause)
[75.625s][info][gc,task        ] GC(162) Using 1 workers of 1 for evacuation
[75.787s][info][gc,phases      ] GC(162)   Pre Evacuate Collection Set: 0.1ms
[75.787s][info][gc,phases      ] GC(162)   Evacuate Collection Set: 160.6ms
[75.787s][info][gc,phases      ] GC(162)   Post Evacuate Collection Set: 0.5ms
[75.787s][info][gc,phases      ] GC(162)   Other: 0.4ms
[75.787s][info][gc,heap        ] GC(162) Eden regions: 98->0(48)
[75.787s][info][gc,heap        ] GC(162) Survivor regions: 12->14(14)
[75.787s][info][gc,heap        ] GC(162) Old regions: 366->395
[75.787s][info][gc,heap        ] GC(162) Humongous regions: 186->186
[75.787s][info][gc,metaspace   ] GC(162) Metaspace: 66464K->66464K(1107968K)
[75.787s][info][gc             ] GC(162) Pause Young (Normal) (G1 Evacuation Pause) 659M->593M(1252M) 161.693ms
[75.787s][info][gc,cpu         ] GC(162) User=0.16s Sys=0.00s Real=0.16s
[75.867s][info][gc,start       ] GC(163) Pause Young (Concurrent Start) (G1 Humongous Allocation)
[75.867s][info][gc,task        ] GC(163) Using 1 workers of 1 for evacuation
[75.980s][info][gc,phases      ] GC(163)   Pre Evacuate Collection Set: 0.4ms
[75.980s][info][gc,phases      ] GC(163)   Evacuate Collection Set: 111.1ms
[75.980s][info][gc,phases      ] GC(163)   Post Evacuate Collection Set: 1.3ms
[75.980s][info][gc,phases      ] GC(163)   Other: 0.3ms
[75.980s][info][gc,heap        ] GC(163) Eden regions: 32->0(57)
[75.980s][info][gc,heap        ] GC(163) Survivor regions: 14->5(8)
[75.980s][info][gc,heap        ] GC(163) Old regions: 395->409
[75.980s][info][gc,heap        ] GC(163) Humongous regions: 186->186
[75.980s][info][gc,metaspace   ] GC(163) Metaspace: 66464K->66464K(1107968K)
[75.980s][info][gc             ] GC(163) Pause Young (Concurrent Start) (G1 Humongous Allocation) 625M->598M(1252M) 113.277ms
[75.980s][info][gc,cpu         ] GC(163) User=0.12s Sys=0.00s Real=0.11s
[75.980s][info][gc             ] GC(164) Concurrent Cycle
[75.980s][info][gc,marking     ] GC(164) Concurrent Clear Claimed Marks
[75.981s][info][gc,marking     ] GC(164) Concurrent Clear Claimed Marks 0.445ms
[75.981s][info][gc,marking     ] GC(164) Concurrent Scan Root Regions
[76.008s][info][gc,marking     ] GC(164) Concurrent Scan Root Regions 27.521ms
[76.008s][info][gc,marking     ] GC(164) Concurrent Mark (76.008s)
[76.009s][info][gc,marking     ] GC(164) Concurrent Mark From Roots
[76.009s][info][gc,task        ] GC(164) Using 1 workers of 1 for marking
[76.306s][info][gc,start       ] GC(165) Pause Young (Normal) (G1 Evacuation Pause)
[76.306s][info][gc,task        ] GC(165) Using 1 workers of 1 for evacuation
[76.352s][info][gc,phases      ] GC(165)   Pre Evacuate Collection Set: 0.1ms
[76.352s][info][gc,phases      ] GC(165)   Evacuate Collection Set: 45.3ms
[76.352s][info][gc,phases      ] GC(165)   Post Evacuate Collection Set: 0.4ms
[76.352s][info][gc,phases      ] GC(165)   Other: 0.3ms
[76.352s][info][gc,heap        ] GC(165) Eden regions: 57->0(64)
[76.352s][info][gc,heap        ] GC(165) Survivor regions: 5->7(8)
[76.352s][info][gc,heap        ] GC(165) Old regions: 409->413
[76.352s][info][gc,heap        ] GC(165) Humongous regions: 192->192
[76.352s][info][gc,metaspace   ] GC(165) Metaspace: 66464K->66464K(1107968K)
[76.352s][info][gc             ] GC(165) Pause Young (Normal) (G1 Evacuation Pause) 661M->610M(1252M) 46.181ms
[76.352s][info][gc,cpu         ] GC(165) User=0.05s Sys=0.00s Real=0.05s
[76.487s][info][gc,marking     ] GC(164) Concurrent Mark From Roots 478.692ms
[76.487s][info][gc,marking     ] GC(164) Concurrent Preclean
[76.487s][info][gc,marking     ] GC(164) Concurrent Preclean 0.119ms
[76.487s][info][gc,marking     ] GC(164) Concurrent Mark (76.008s, 76.487s) 478.957ms
[76.490s][info][gc,start       ] GC(164) Pause Remark
[76.509s][info][gc,stringtable ] GC(164) Cleaned string and symbol table, strings: 23163 processed, 24 removed, symbols: 139942 processed, 0 removed
[76.509s][info][gc             ] GC(164) Pause Remark 637M->246M(1252M) 19.192ms
[76.509s][info][gc,cpu         ] GC(164) User=0.02s Sys=0.00s Real=0.01s
[76.511s][info][gc,marking     ] GC(164) Concurrent Rebuild Remembered Sets
[76.741s][info][gc,start       ] GC(166) Pause Young (Normal) (G1 Evacuation Pause)
[76.742s][info][gc,task        ] GC(166) Using 1 workers of 1 for evacuation
[76.787s][info][gc,phases      ] GC(166)   Pre Evacuate Collection Set: 0.0ms
[76.787s][info][gc,phases      ] GC(166)   Evacuate Collection Set: 44.6ms
[76.787s][info][gc,phases      ] GC(166)   Post Evacuate Collection Set: 0.8ms
[76.787s][info][gc,phases      ] GC(166)   Other: 0.3ms
[76.787s][info][gc,heap        ] GC(166) Eden regions: 64->0(60)
[76.787s][info][gc,heap        ] GC(166) Survivor regions: 7->6(9)
[76.787s][info][gc,heap        ] GC(166) Old regions: 194->201
[76.787s][info][gc,heap        ] GC(166) Humongous regions: 25->25
[76.787s][info][gc,metaspace   ] GC(166) Metaspace: 66466K->66466K(1107968K)
[76.787s][info][gc             ] GC(166) Pause Young (Normal) (G1 Evacuation Pause) 288M->230M(1325M) 45.861ms
[76.787s][info][gc,cpu         ] GC(166) User=0.05s Sys=0.00s Real=0.05s
[76.881s][info][gc,marking     ] GC(164) Concurrent Rebuild Remembered Sets 369.634ms
[76.883s][info][gc,start       ] GC(164) Pause Cleanup
[76.884s][info][gc             ] GC(164) Pause Cleanup 246M->246M(1325M) 0.296ms
[76.884s][info][gc,cpu         ] GC(164) User=0.00s Sys=0.00s Real=0.00s
[76.884s][info][gc,marking     ] GC(164) Concurrent Cleanup for Next Mark
[76.888s][info][gc,marking     ] GC(164) Concurrent Cleanup for Next Mark 3.791ms
[76.888s][info][gc             ] GC(164) Concurrent Cycle 907.266ms
[77.002s][info][gc,start       ] GC(167) Pause Young (Normal) (G1 Evacuation Pause)
[77.002s][info][gc,task        ] GC(167) Using 1 workers of 1 for evacuation
[77.046s][info][gc,phases      ] GC(167)   Pre Evacuate Collection Set: 0.1ms
[77.046s][info][gc,phases      ] GC(167)   Evacuate Collection Set: 43.9ms
[77.046s][info][gc,phases      ] GC(167)   Post Evacuate Collection Set: 0.4ms
[77.046s][info][gc,phases      ] GC(167)   Other: 0.2ms
[77.046s][info][gc,heap        ] GC(167) Eden regions: 60->0(82)
[77.046s][info][gc,heap        ] GC(167) Survivor regions: 6->5(9)
[77.046s][info][gc,heap        ] GC(167) Old regions: 201->207
[77.046s][info][gc,heap        ] GC(167) Humongous regions: 25->25
[77.046s][info][gc,metaspace   ] GC(167) Metaspace: 66466K->66466K(1107968K)
[77.046s][info][gc             ] GC(167) Pause Young (Normal) (G1 Evacuation Pause) 290M->235M(1325M) 44.714ms
[77.046s][info][gc,cpu         ] GC(167) User=0.05s Sys=0.00s Real=0.05s
[77.253s][info][gc,start       ] GC(168) Pause Young (Normal) (G1 Evacuation Pause)
[77.254s][info][gc,task        ] GC(168) Using 1 workers of 1 for evacuation
[77.283s][info][gc,phases      ] GC(168)   Pre Evacuate Collection Set: 0.1ms
[77.283s][info][gc,phases      ] GC(168)   Evacuate Collection Set: 28.2ms
[77.283s][info][gc,phases      ] GC(168)   Post Evacuate Collection Set: 0.4ms
[77.283s][info][gc,phases      ] GC(168)   Other: 0.6ms
[77.283s][info][gc,heap        ] GC(168) Eden regions: 82->0(103)
[77.283s][info][gc,heap        ] GC(168) Survivor regions: 5->10(11)
[77.283s][info][gc,heap        ] GC(168) Old regions: 207->207
[77.283s][info][gc,heap        ] GC(168) Humongous regions: 25->25
[77.283s][info][gc,metaspace   ] GC(168) Metaspace: 66469K->66469K(1107968K)
[77.283s][info][gc             ] GC(168) Pause Young (Normal) (G1 Evacuation Pause) 317M->239M(1325M) 29.409ms
[77.283s][info][gc,cpu         ] GC(168) User=0.02s Sys=0.00s Real=0.03s
[77.582s][info][gc,start       ] GC(169) Pause Young (Normal) (G1 Evacuation Pause)
[77.582s][info][gc,task        ] GC(169) Using 1 workers of 1 for evacuation
[77.654s][info][gc,phases      ] GC(169)   Pre Evacuate Collection Set: 0.1ms
[77.654s][info][gc,phases      ] GC(169)   Evacuate Collection Set: 71.1ms
[77.654s][info][gc,phases      ] GC(169)   Post Evacuate Collection Set: 0.6ms
[77.654s][info][gc,phases      ] GC(169)   Other: 0.3ms
[77.654s][info][gc,heap        ] GC(169) Eden regions: 103->0(79)
[77.654s][info][gc,heap        ] GC(169) Survivor regions: 10->12(15)
[77.654s][info][gc,heap        ] GC(169) Old regions: 207->210
[77.654s][info][gc,heap        ] GC(169) Humongous regions: 34->34
[77.654s][info][gc,metaspace   ] GC(169) Metaspace: 66469K->66469K(1107968K)
[77.654s][info][gc             ] GC(169) Pause Young (Normal) (G1 Evacuation Pause) 351M->253M(1325M) 72.129ms
[77.654s][info][gc,cpu         ] GC(169) User=0.07s Sys=0.00s Real=0.07s
[78.240s][info][gc,start       ] GC(170) Pause Young (Normal) (G1 Evacuation Pause)
[78.241s][info][gc,task        ] GC(170) Using 1 workers of 1 for evacuation
[78.349s][info][gc,phases      ] GC(170)   Pre Evacuate Collection Set: 0.1ms
[78.349s][info][gc,phases      ] GC(170)   Evacuate Collection Set: 107.7ms
[78.349s][info][gc,phases      ] GC(170)   Post Evacuate Collection Set: 0.6ms
[78.349s][info][gc,phases      ] GC(170)   Other: 0.4ms
[78.349s][info][gc,heap        ] GC(170) Eden regions: 54->0(97)
[78.349s][info][gc,heap        ] GC(170) Survivor regions: 12->3(9)
[78.349s][info][gc,heap        ] GC(170) Old regions: 210->221
[78.349s][info][gc,heap        ] GC(170) Humongous regions: 39->39
[78.349s][info][gc,metaspace   ] GC(170) Metaspace: 66473K->66473K(1107968K)
[78.349s][info][gc             ] GC(170) Pause Young (Normal) (G1 Evacuation Pause) 312M->261M(1325M) 108.813ms
[78.349s][info][gc,cpu         ] GC(170) User=0.11s Sys=0.00s Real=0.11s
[78.698s][info][gc,start       ] GC(171) Pause Young (Normal) (G1 Evacuation Pause)
[78.698s][info][gc,task        ] GC(171) Using 1 workers of 1 for evacuation
[78.789s][info][gc,phases      ] GC(171)   Pre Evacuate Collection Set: 0.1ms
[78.789s][info][gc,phases      ] GC(171)   Evacuate Collection Set: 90.0ms
[78.789s][info][gc,phases      ] GC(171)   Post Evacuate Collection Set: 0.8ms
[78.789s][info][gc,phases      ] GC(171)   Other: 0.3ms
[78.789s][info][gc,heap        ] GC(171) Eden regions: 80->0(86)
[78.789s][info][gc,heap        ] GC(171) Survivor regions: 3->11(11)
[78.789s][info][gc,heap        ] GC(171) Old regions: 221->238
[78.789s][info][gc,heap        ] GC(171) Humongous regions: 56->56
[78.789s][info][gc,metaspace   ] GC(171) Metaspace: 66473K->66473K(1107968K)
[78.790s][info][gc             ] GC(171) Pause Young (Normal) (G1 Evacuation Pause) 358M->303M(1360M) 91.149ms
[78.790s][info][gc,cpu         ] GC(171) User=0.09s Sys=0.00s Real=0.09s
[79.079s][info][gc,start       ] GC(172) Pause Young (Normal) (G1 Evacuation Pause)
[79.079s][info][gc,task        ] GC(172) Using 1 workers of 1 for evacuation
[79.226s][info][gc,phases      ] GC(172)   Pre Evacuate Collection Set: 0.1ms
[79.227s][info][gc,phases      ] GC(172)   Evacuate Collection Set: 146.2ms
[79.227s][info][gc,phases      ] GC(172)   Post Evacuate Collection Set: 0.6ms
[79.227s][info][gc,phases      ] GC(172)   Other: 0.3ms
[79.227s][info][gc,heap        ] GC(172) Eden regions: 86->0(80)
[79.227s][info][gc,heap        ] GC(172) Survivor regions: 11->13(13)
[79.227s][info][gc,heap        ] GC(172) Old regions: 238->252
[79.227s][info][gc,heap        ] GC(172) Humongous regions: 64->64
[79.227s][info][gc,metaspace   ] GC(172) Metaspace: 66473K->66473K(1107968K)
[79.227s][info][gc             ] GC(172) Pause Young (Normal) (G1 Evacuation Pause) 397M->327M(1360M) 147.236ms
[79.227s][info][gc,cpu         ] GC(172) User=0.15s Sys=0.00s Real=0.15s
[79.452s][info][gc,start       ] GC(173) Pause Young (Normal) (G1 Evacuation Pause)
[79.452s][info][gc,task        ] GC(173) Using 1 workers of 1 for evacuation
[79.518s][info][gc,phases      ] GC(173)   Pre Evacuate Collection Set: 0.1ms
[79.518s][info][gc,phases      ] GC(173)   Evacuate Collection Set: 65.1ms
[79.518s][info][gc,phases      ] GC(173)   Post Evacuate Collection Set: 0.5ms
[79.518s][info][gc,phases      ] GC(173)   Other: 0.3ms
[79.518s][info][gc,heap        ] GC(173) Eden regions: 80->0(94)
[79.518s][info][gc,heap        ] GC(173) Survivor regions: 13->8(12)
[79.518s][info][gc,heap        ] GC(173) Old regions: 252->265
[79.518s][info][gc,heap        ] GC(173) Humongous regions: 72->72
[79.518s][info][gc,metaspace   ] GC(173) Metaspace: 66473K->66473K(1107968K)
[79.518s][info][gc             ] GC(173) Pause Young (Normal) (G1 Evacuation Pause) 415M->343M(1360M) 66.049ms
[79.518s][info][gc,cpu         ] GC(173) User=0.07s Sys=0.00s Real=0.06s
[79.776s][info][gc,start       ] GC(174) Pause Young (Normal) (G1 Evacuation Pause)
[79.776s][info][gc,task        ] GC(174) Using 1 workers of 1 for evacuation
[79.822s][info][gc,phases      ] GC(174)   Pre Evacuate Collection Set: 0.1ms
[79.822s][info][gc,phases      ] GC(174)   Evacuate Collection Set: 45.9ms
[79.822s][info][gc,phases      ] GC(174)   Post Evacuate Collection Set: 0.4ms
[79.822s][info][gc,phases      ] GC(174)   Other: 0.3ms
[79.822s][info][gc,heap        ] GC(174) Eden regions: 94->0(113)
[79.822s][info][gc,heap        ] GC(174) Survivor regions: 8->7(13)
[79.822s][info][gc,heap        ] GC(174) Old regions: 265->273
[79.822s][info][gc,heap        ] GC(174) Humongous regions: 72->72
[79.822s][info][gc,metaspace   ] GC(174) Metaspace: 66473K->66473K(1107968K)
[79.822s][info][gc             ] GC(174) Pause Young (Normal) (G1 Evacuation Pause) 437M->350M(1360M) 46.755ms
[79.822s][info][gc,cpu         ] GC(174) User=0.05s Sys=0.00s Real=0.05s
[80.107s][info][gc,start       ] GC(175) Pause Young (Normal) (G1 Evacuation Pause)
[80.107s][info][gc,task        ] GC(175) Using 1 workers of 1 for evacuation
[80.159s][info][gc,phases      ] GC(175)   Pre Evacuate Collection Set: 0.1ms
[80.159s][info][gc,phases      ] GC(175)   Evacuate Collection Set: 51.2ms
[80.159s][info][gc,phases      ] GC(175)   Post Evacuate Collection Set: 0.6ms
[80.159s][info][gc,phases      ] GC(175)   Other: 0.3ms
[80.159s][info][gc,heap        ] GC(175) Eden regions: 113->0(121)
[80.159s][info][gc,heap        ] GC(175) Survivor regions: 7->13(15)
[80.159s][info][gc,heap        ] GC(175) Old regions: 273->273
[80.159s][info][gc,heap        ] GC(175) Humongous regions: 72->72
[80.159s][info][gc,metaspace   ] GC(175) Metaspace: 66473K->66473K(1107968K)
[80.159s][info][gc             ] GC(175) Pause Young (Normal) (G1 Evacuation Pause) 463M->356M(1393M) 52.233ms
[80.159s][info][gc,cpu         ] GC(175) User=0.06s Sys=0.00s Real=0.05s
[80.810s][info][gc,start       ] GC(176) Pause Young (Normal) (G1 Evacuation Pause)
[80.810s][info][gc,task        ] GC(176) Using 1 workers of 1 for evacuation
[80.904s][info][gc,phases      ] GC(176)   Pre Evacuate Collection Set: 0.1ms
[80.904s][info][gc,phases      ] GC(176)   Evacuate Collection Set: 92.8ms
[80.904s][info][gc,phases      ] GC(176)   Post Evacuate Collection Set: 0.6ms
[80.904s][info][gc,phases      ] GC(176)   Other: 0.4ms
[80.904s][info][gc,heap        ] GC(176) Eden regions: 89->0(103)
[80.904s][info][gc,heap        ] GC(176) Survivor regions: 13->6(13)
[80.904s][info][gc,heap        ] GC(176) Old regions: 273->284
[80.904s][info][gc,heap        ] GC(176) Humongous regions: 86->86
[80.904s][info][gc,metaspace   ] GC(176) Metaspace: 66473K->66473K(1107968K)
[80.904s][info][gc             ] GC(176) Pause Young (Normal) (G1 Evacuation Pause) 459M->374M(1393M) 94.041ms
[80.904s][info][gc,cpu         ] GC(176) User=0.09s Sys=0.00s Real=0.10s
[81.587s][info][gc,start       ] GC(177) Pause Young (Normal) (G1 Evacuation Pause)
[81.587s][info][gc,task        ] GC(177) Using 1 workers of 1 for evacuation
[81.690s][info][gc,phases      ] GC(177)   Pre Evacuate Collection Set: 0.1ms
[81.691s][info][gc,phases      ] GC(177)   Evacuate Collection Set: 102.5ms
[81.691s][info][gc,phases      ] GC(177)   Post Evacuate Collection Set: 0.6ms
[81.691s][info][gc,phases      ] GC(177)   Other: 0.4ms
[81.691s][info][gc,heap        ] GC(177) Eden regions: 103->0(67)
[81.691s][info][gc,heap        ] GC(177) Survivor regions: 6->14(14)
[81.691s][info][gc,heap        ] GC(177) Old regions: 284->295
[81.691s][info][gc,heap        ] GC(177) Humongous regions: 108->103
[81.691s][info][gc,metaspace   ] GC(177) Metaspace: 66493K->66493K(1107968K)
[81.691s][info][gc             ] GC(177) Pause Young (Normal) (G1 Evacuation Pause) 499M->410M(1393M) 103.682ms
[81.691s][info][gc,cpu         ] GC(177) User=0.11s Sys=0.00s Real=0.11s
[82.025s][info][gc,start       ] GC(178) Pause Young (Normal) (G1 Evacuation Pause)
[82.025s][info][gc,task        ] GC(178) Using 1 workers of 1 for evacuation
[82.117s][info][gc,phases      ] GC(178)   Pre Evacuate Collection Set: 0.1ms
[82.117s][info][gc,phases      ] GC(178)   Evacuate Collection Set: 91.1ms
[82.117s][info][gc,phases      ] GC(178)   Post Evacuate Collection Set: 0.6ms
[82.117s][info][gc,phases      ] GC(178)   Other: 0.4ms
[82.117s][info][gc,heap        ] GC(178) Eden regions: 67->0(87)
[82.117s][info][gc,heap        ] GC(178) Survivor regions: 14->11(11)
[82.117s][info][gc,heap        ] GC(178) Old regions: 295->311
[82.117s][info][gc,heap        ] GC(178) Humongous regions: 114->114
[82.117s][info][gc,metaspace   ] GC(178) Metaspace: 66495K->66495K(1107968K)
[82.117s][info][gc             ] GC(178) Pause Young (Normal) (G1 Evacuation Pause) 488M->434M(1393M) 92.276ms
[82.117s][info][gc,cpu         ] GC(178) User=0.09s Sys=0.00s Real=0.09s
[82.959s][info][gc,start       ] GC(179) Pause Young (Normal) (G1 Evacuation Pause)
[82.959s][info][gc,task        ] GC(179) Using 1 workers of 1 for evacuation
[83.142s][info][gc,phases      ] GC(179)   Pre Evacuate Collection Set: 0.1ms
[83.142s][info][gc,phases      ] GC(179)   Evacuate Collection Set: 178.3ms
[83.142s][info][gc,phases      ] GC(179)   Post Evacuate Collection Set: 4.5ms
[83.142s][info][gc,phases      ] GC(179)   Other: 0.4ms
[83.142s][info][gc,heap        ] GC(179) Eden regions: 87->0(57)
[83.142s][info][gc,heap        ] GC(179) Survivor regions: 11->13(13)
[83.142s][info][gc,heap        ] GC(179) Old regions: 311->323
[83.142s][info][gc,heap        ] GC(179) Humongous regions: 135->130
[83.142s][info][gc,metaspace   ] GC(179) Metaspace: 66519K->66519K(1107968K)
[83.142s][info][gc             ] GC(179) Pause Young (Normal) (G1 Evacuation Pause) 542M->464M(1415M) 183.456ms
[83.142s][info][gc,cpu         ] GC(179) User=0.18s Sys=0.00s Real=0.19s
[83.525s][info][gc,start       ] GC(180) Pause Young (Normal) (G1 Evacuation Pause)
[83.525s][info][gc,task        ] GC(180) Using 1 workers of 1 for evacuation
[83.603s][info][gc,phases      ] GC(180)   Pre Evacuate Collection Set: 0.1ms
[83.603s][info][gc,phases      ] GC(180)   Evacuate Collection Set: 76.6ms
[83.603s][info][gc,phases      ] GC(180)   Post Evacuate Collection Set: 0.5ms
[83.603s][info][gc,phases      ] GC(180)   Other: 0.4ms
[83.603s][info][gc,heap        ] GC(180) Eden regions: 57->0(74)
[83.603s][info][gc,heap        ] GC(180) Survivor regions: 13->9(9)
[83.603s][info][gc,heap        ] GC(180) Old regions: 323->336
[83.603s][info][gc,heap        ] GC(180) Humongous regions: 141->141
[83.603s][info][gc,metaspace   ] GC(180) Metaspace: 66522K->66522K(1107968K)
[83.603s][info][gc             ] GC(180) Pause Young (Normal) (G1 Evacuation Pause) 532M->484M(1415M) 77.692ms
[83.603s][info][gc,cpu         ] GC(180) User=0.08s Sys=0.00s Real=0.08s
[83.914s][info][gc,start       ] GC(181) Pause Young (Normal) (G1 Evacuation Pause)
[83.914s][info][gc,task        ] GC(181) Using 1 workers of 1 for evacuation
[83.988s][info][gc,phases      ] GC(181)   Pre Evacuate Collection Set: 0.1ms
[83.988s][info][gc,phases      ] GC(181)   Evacuate Collection Set: 73.2ms
[83.988s][info][gc,phases      ] GC(181)   Post Evacuate Collection Set: 0.6ms
[83.988s][info][gc,phases      ] GC(181)   Other: 0.3ms
[83.988s][info][gc,heap        ] GC(181) Eden regions: 74->0(82)
[83.988s][info][gc,heap        ] GC(181) Survivor regions: 9->11(11)
[83.988s][info][gc,heap        ] GC(181) Old regions: 336->346
[83.988s][info][gc,heap        ] GC(181) Humongous regions: 152->152
[83.988s][info][gc,metaspace   ] GC(181) Metaspace: 66526K->66526K(1107968K)
[83.988s][info][gc             ] GC(181) Pause Young (Normal) (G1 Evacuation Pause) 569M->507M(1415M) 74.289ms
[83.988s][info][gc,cpu         ] GC(181) User=0.07s Sys=0.00s Real=0.07s
[84.396s][info][gc,start       ] GC(182) Pause Young (Normal) (G1 Evacuation Pause)
[84.397s][info][gc,task        ] GC(182) Using 1 workers of 1 for evacuation
[84.478s][info][gc,phases      ] GC(182)   Pre Evacuate Collection Set: 0.1ms
[84.478s][info][gc,phases      ] GC(182)   Evacuate Collection Set: 80.2ms
[84.478s][info][gc,phases      ] GC(182)   Post Evacuate Collection Set: 0.6ms
[84.478s][info][gc,phases      ] GC(182)   Other: 0.4ms
[84.478s][info][gc,heap        ] GC(182) Eden regions: 82->0(88)
[84.478s][info][gc,heap        ] GC(182) Survivor regions: 11->12(12)
[84.478s][info][gc,heap        ] GC(182) Old regions: 346->358
[84.478s][info][gc,heap        ] GC(182) Humongous regions: 168->163
[84.478s][info][gc,metaspace   ] GC(182) Metaspace: 66546K->66546K(1107968K)
[84.478s][info][gc             ] GC(182) Pause Young (Normal) (G1 Evacuation Pause) 605M->531M(1415M) 81.750ms
[84.478s][info][gc,cpu         ] GC(182) User=0.08s Sys=0.00s Real=0.08s
[84.866s][info][gc,start       ] GC(183) Pause Young (Normal) (G1 Evacuation Pause)
[84.866s][info][gc,task        ] GC(183) Using 1 workers of 1 for evacuation
[84.944s][info][gc,phases      ] GC(183)   Pre Evacuate Collection Set: 0.1ms
[84.944s][info][gc,phases      ] GC(183)   Evacuate Collection Set: 76.0ms
[84.944s][info][gc,phases      ] GC(183)   Post Evacuate Collection Set: 1.2ms
[84.944s][info][gc,phases      ] GC(183)   Other: 0.4ms
[84.944s][info][gc,heap        ] GC(183) Eden regions: 88->0(91)
[84.944s][info][gc,heap        ] GC(183) Survivor regions: 12->4(13)
[84.944s][info][gc,heap        ] GC(183) Old regions: 358->370
[84.944s][info][gc,heap        ] GC(183) Humongous regions: 169->169
[84.944s][info][gc,metaspace   ] GC(183) Metaspace: 66556K->66556K(1107968K)
[84.944s][info][gc             ] GC(183) Pause Young (Normal) (G1 Evacuation Pause) 625M->541M(1433M) 77.903ms
[84.944s][info][gc,cpu         ] GC(183) User=0.07s Sys=0.00s Real=0.08s
[85.368s][info][gc,start       ] GC(184) Pause Young (Normal) (G1 Evacuation Pause)
[85.368s][info][gc,task        ] GC(184) Using 1 workers of 1 for evacuation
[85.412s][info][gc,phases      ] GC(184)   Pre Evacuate Collection Set: 0.1ms
[85.412s][info][gc,phases      ] GC(184)   Evacuate Collection Set: 42.9ms
[85.412s][info][gc,phases      ] GC(184)   Post Evacuate Collection Set: 0.5ms
[85.412s][info][gc,phases      ] GC(184)   Other: 0.4ms
[85.412s][info][gc,heap        ] GC(184) Eden regions: 91->0(90)
[85.412s][info][gc,heap        ] GC(184) Survivor regions: 4->12(12)
[85.412s][info][gc,heap        ] GC(184) Old regions: 370->370
[85.412s][info][gc,heap        ] GC(184) Humongous regions: 174->174
[85.412s][info][gc,metaspace   ] GC(184) Metaspace: 66556K->66556K(1107968K)
[85.412s][info][gc             ] GC(184) Pause Young (Normal) (G1 Evacuation Pause) 637M->553M(1433M) 43.971ms
[85.412s][info][gc,cpu         ] GC(184) User=0.05s Sys=0.00s Real=0.05s
[85.854s][info][gc,start       ] GC(185) Pause Young (Normal) (G1 Evacuation Pause)
[85.854s][info][gc,task        ] GC(185) Using 1 workers of 1 for evacuation
[85.929s][info][gc,phases      ] GC(185)   Pre Evacuate Collection Set: 0.1ms
[85.929s][info][gc,phases      ] GC(185)   Evacuate Collection Set: 74.0ms
[85.929s][info][gc,phases      ] GC(185)   Post Evacuate Collection Set: 0.5ms
[85.929s][info][gc,phases      ] GC(185)   Other: 0.3ms
[85.929s][info][gc,heap        ] GC(185) Eden regions: 90->0(105)
[85.929s][info][gc,heap        ] GC(185) Survivor regions: 12->12(13)
[85.929s][info][gc,heap        ] GC(185) Old regions: 370->381
[85.929s][info][gc,heap        ] GC(185) Humongous regions: 185->185
[85.929s][info][gc,metaspace   ] GC(185) Metaspace: 66566K->66566K(1107968K)
[85.929s][info][gc             ] GC(185) Pause Young (Normal) (G1 Evacuation Pause) 654M->575M(1433M) 74.940ms
[85.929s][info][gc,cpu         ] GC(185) User=0.07s Sys=0.00s Real=0.07s
[86.148s][info][gc,start       ] GC(186) Pause Young (Normal) (G1 Evacuation Pause)
[86.148s][info][gc,task        ] GC(186) Using 1 workers of 1 for evacuation
[86.220s][info][gc,phases      ] GC(186)   Pre Evacuate Collection Set: 0.1ms
[86.220s][info][gc,phases      ] GC(186)   Evacuate Collection Set: 71.9ms
[86.220s][info][gc,phases      ] GC(186)   Post Evacuate Collection Set: 0.4ms
[86.220s][info][gc,phases      ] GC(186)   Other: 0.3ms
[86.220s][info][gc,heap        ] GC(186) Eden regions: 105->0(108)
[86.220s][info][gc,heap        ] GC(186) Survivor regions: 12->11(15)
[86.220s][info][gc,heap        ] GC(186) Old regions: 381->392
[86.220s][info][gc,heap        ] GC(186) Humongous regions: 193->188
[86.220s][info][gc,metaspace   ] GC(186) Metaspace: 66575K->66575K(1107968K)
[86.220s][info][gc             ] GC(186) Pause Young (Normal) (G1 Evacuation Pause) 688M->588M(1433M) 72.691ms
[86.220s][info][gc,cpu         ] GC(186) User=0.08s Sys=0.00s Real=0.07s
[86.780s][info][gc,start       ] GC(187) Pause Young (Concurrent Start) (G1 Humongous Allocation)
[86.780s][info][gc,task        ] GC(187) Using 1 workers of 1 for evacuation
[86.897s][info][gc,phases      ] GC(187)   Pre Evacuate Collection Set: 0.4ms
[86.897s][info][gc,phases      ] GC(187)   Evacuate Collection Set: 115.4ms
[86.897s][info][gc,phases      ] GC(187)   Post Evacuate Collection Set: 0.6ms
[86.897s][info][gc,phases      ] GC(187)   Other: 0.5ms
[86.897s][info][gc,heap        ] GC(187) Eden regions: 108->0(139)
[86.897s][info][gc,heap        ] GC(187) Survivor regions: 11->11(15)
[86.897s][info][gc,heap        ] GC(187) Old regions: 392->402
[86.897s][info][gc,heap        ] GC(187) Humongous regions: 252->212
[86.897s][info][gc,metaspace   ] GC(187) Metaspace: 66588K->66588K(1107968K)
[86.897s][info][gc             ] GC(187) Pause Young (Concurrent Start) (G1 Humongous Allocation) 760M->623M(1441M) 117.026ms
[86.897s][info][gc,cpu         ] GC(187) User=0.12s Sys=0.00s Real=0.12s
[86.897s][info][gc             ] GC(188) Concurrent Cycle
[86.897s][info][gc,marking     ] GC(188) Concurrent Clear Claimed Marks
[86.898s][info][gc,marking     ] GC(188) Concurrent Clear Claimed Marks 0.301ms
[86.898s][info][gc,marking     ] GC(188) Concurrent Scan Root Regions
[86.922s][info][gc,marking     ] GC(188) Concurrent Scan Root Regions 24.382ms
[86.922s][info][gc,marking     ] GC(188) Concurrent Mark (86.922s)
[86.922s][info][gc,marking     ] GC(188) Concurrent Mark From Roots
[86.922s][info][gc,task        ] GC(188) Using 1 workers of 1 for marking
[87.228s][info][gc,start       ] GC(189) Pause Young (Normal) (G1 Evacuation Pause)
[87.228s][info][gc,task        ] GC(189) Using 1 workers of 1 for evacuation
[87.343s][info][gc,phases      ] GC(189)   Pre Evacuate Collection Set: 0.1ms
[87.344s][info][gc,phases      ] GC(189)   Evacuate Collection Set: 114.7ms
[87.344s][info][gc,phases      ] GC(189)   Post Evacuate Collection Set: 0.6ms
[87.344s][info][gc,phases      ] GC(189)   Other: 0.3ms
[87.344s][info][gc,heap        ] GC(189) Eden regions: 134->0(53)
[87.344s][info][gc,heap        ] GC(189) Survivor regions: 11->19(19)
[87.344s][info][gc,heap        ] GC(189) Old regions: 402->415
[87.344s][info][gc,heap        ] GC(189) Humongous regions: 247->219
[87.344s][info][gc,metaspace   ] GC(189) Metaspace: 66602K->66602K(1107968K)
[87.344s][info][gc             ] GC(189) Pause Young (Normal) (G1 Evacuation Pause) 792M->651M(1441M) 115.790ms
[87.344s][info][gc,cpu         ] GC(189) User=0.12s Sys=0.00s Real=0.12s
[87.495s][info][gc,marking     ] GC(188) Concurrent Mark From Roots 572.517ms
[87.495s][info][gc,marking     ] GC(188) Concurrent Preclean
[87.495s][info][gc,marking     ] GC(188) Concurrent Preclean 0.148ms
[87.495s][info][gc,marking     ] GC(188) Concurrent Mark (86.922s, 87.495s) 572.783ms
[87.498s][info][gc,start       ] GC(188) Pause Remark
[87.531s][info][gc,stringtable ] GC(188) Cleaned string and symbol table, strings: 23221 processed, 23 removed, symbols: 139950 processed, 0 removed
[87.533s][info][gc             ] GC(188) Pause Remark 700M->294M(1441M) 34.784ms
[87.533s][info][gc,cpu         ] GC(188) User=0.02s Sys=0.00s Real=0.04s
[87.533s][info][gc,marking     ] GC(188) Concurrent Rebuild Remembered Sets
[87.647s][info][gc,start       ] GC(190) Pause Young (Normal) (G1 Evacuation Pause)
[87.647s][info][gc,task        ] GC(190) Using 1 workers of 1 for evacuation
[87.775s][info][gc,phases      ] GC(190)   Pre Evacuate Collection Set: 0.2ms
[87.775s][info][gc,phases      ] GC(190)   Evacuate Collection Set: 127.2ms
[87.775s][info][gc,phases      ] GC(190)   Post Evacuate Collection Set: 0.5ms
[87.775s][info][gc,phases      ] GC(190)   Other: 0.5ms
[87.775s][info][gc,heap        ] GC(190) Eden regions: 53->0(63)
[87.775s][info][gc,heap        ] GC(190) Survivor regions: 19->9(9)
[87.775s][info][gc,heap        ] GC(190) Old regions: 203->222
[87.775s][info][gc,heap        ] GC(190) Humongous regions: 28->28
[87.775s][info][gc,metaspace   ] GC(190) Metaspace: 66614K->66614K(1107968K)
[87.775s][info][gc             ] GC(190) Pause Young (Normal) (G1 Evacuation Pause) 301M->257M(1441M) 128.415ms
[87.775s][info][gc,cpu         ] GC(190) User=0.13s Sys=0.00s Real=0.13s
[88.098s][info][gc,marking     ] GC(188) Concurrent Rebuild Remembered Sets 564.928ms
[88.101s][info][gc,start       ] GC(188) Pause Cleanup
[88.102s][info][gc             ] GC(188) Pause Cleanup 278M->278M(1441M) 0.422ms
[88.102s][info][gc,cpu         ] GC(188) User=0.00s Sys=0.00s Real=0.01s
[88.102s][info][gc,marking     ] GC(188) Concurrent Cleanup for Next Mark
[88.110s][info][gc,marking     ] GC(188) Concurrent Cleanup for Next Mark 8.112ms
[88.110s][info][gc             ] GC(188) Concurrent Cycle 1212.656ms
[88.446s][info][gc,start       ] GC(191) Pause Young (Normal) (G1 Evacuation Pause)
[88.446s][info][gc,task        ] GC(191) Using 1 workers of 1 for evacuation
[88.510s][info][gc,phases      ] GC(191)   Pre Evacuate Collection Set: 0.1ms
[88.510s][info][gc,phases      ] GC(191)   Evacuate Collection Set: 62.7ms
[88.510s][info][gc,phases      ] GC(191)   Post Evacuate Collection Set: 0.6ms
[88.510s][info][gc,phases      ] GC(191)   Other: 0.4ms
[88.510s][info][gc,heap        ] GC(191) Eden regions: 63->0(125)
[88.510s][info][gc,heap        ] GC(191) Survivor regions: 9->4(9)
[88.510s][info][gc,heap        ] GC(191) Old regions: 222->231
[88.510s][info][gc,heap        ] GC(191) Humongous regions: 108->62
[88.510s][info][gc,metaspace   ] GC(191) Metaspace: 66645K->66645K(1110016K)
[88.510s][info][gc             ] GC(191) Pause Young (Normal) (G1 Evacuation Pause) 400M->295M(1441M) 63.757ms
[88.510s][info][gc,cpu         ] GC(191) User=0.07s Sys=0.00s Real=0.06s
[88.693s][info][gc,start       ] GC(192) Pause Young (Normal) (G1 Evacuation Pause)
[88.693s][info][gc,task        ] GC(192) Using 1 workers of 1 for evacuation
[88.784s][info][gc,phases      ] GC(192)   Pre Evacuate Collection Set: 0.1ms
[88.784s][info][gc,phases      ] GC(192)   Evacuate Collection Set: 90.4ms
[88.784s][info][gc,phases      ] GC(192)   Post Evacuate Collection Set: 0.6ms
[88.784s][info][gc,phases      ] GC(192)   Other: 0.3ms
[88.784s][info][gc,heap        ] GC(192) Eden regions: 125->0(122)
[88.784s][info][gc,heap        ] GC(192) Survivor regions: 4->17(17)
[88.784s][info][gc,heap        ] GC(192) Old regions: 231->237
[88.784s][info][gc,heap        ] GC(192) Humongous regions: 78->78
[88.784s][info][gc,metaspace   ] GC(192) Metaspace: 66645K->66645K(1110016K)
[88.784s][info][gc             ] GC(192) Pause Young (Normal) (G1 Evacuation Pause) 436M->330M(1455M) 91.437ms
[88.784s][info][gc,cpu         ] GC(192) User=0.09s Sys=0.00s Real=0.09s
[89.384s][info][gc,start       ] GC(193) Pause Young (Normal) (G1 Evacuation Pause)
[89.384s][info][gc,task        ] GC(193) Using 1 workers of 1 for evacuation
[89.532s][info][gc,phases      ] GC(193)   Pre Evacuate Collection Set: 0.1ms
[89.533s][info][gc,phases      ] GC(193)   Evacuate Collection Set: 146.9ms
[89.533s][info][gc,phases      ] GC(193)   Post Evacuate Collection Set: 0.9ms
[89.533s][info][gc,phases      ] GC(193)   Other: 0.4ms
[89.533s][info][gc,heap        ] GC(193) Eden regions: 122->0(57)
[89.533s][info][gc,heap        ] GC(193) Survivor regions: 17->15(18)
[89.533s][info][gc,heap        ] GC(193) Old regions: 237->254
[89.533s][info][gc,heap        ] GC(193) Humongous regions: 120->97
[89.533s][info][gc,metaspace   ] GC(193) Metaspace: 66649K->66649K(1110016K)
[89.533s][info][gc             ] GC(193) Pause Young (Normal) (G1 Evacuation Pause) 494M->364M(1455M) 149.026ms
[89.533s][info][gc,cpu         ] GC(193) User=0.15s Sys=0.00s Real=0.15s
[89.707s][info][gc,start       ] GC(194) Pause Young (Normal) (G1 Evacuation Pause)
[89.707s][info][gc,task        ] GC(194) Using 1 workers of 1 for evacuation
[89.802s][info][gc,phases      ] GC(194)   Pre Evacuate Collection Set: 0.1ms
[89.802s][info][gc,phases      ] GC(194)   Evacuate Collection Set: 93.5ms
[89.802s][info][gc,phases      ] GC(194)   Post Evacuate Collection Set: 0.5ms
[89.802s][info][gc,phases      ] GC(194)   Other: 0.3ms
[89.802s][info][gc,heap        ] GC(194) Eden regions: 57->0(63)
[89.802s][info][gc,heap        ] GC(194) Survivor regions: 15->9(9)
[89.802s][info][gc,heap        ] GC(194) Old regions: 254->269
[89.802s][info][gc,heap        ] GC(194) Humongous regions: 154->121
[89.802s][info][gc,metaspace   ] GC(194) Metaspace: 66707K->66707K(1110016K)
[89.802s][info][gc             ] GC(194) Pause Young (Normal) (G1 Evacuation Pause) 478M->396M(1455M) 94.465ms
[89.802s][info][gc,cpu         ] GC(194) User=0.09s Sys=0.00s Real=0.10s
[89.942s][info][gc,start       ] GC(195) Pause Young (Normal) (G1 Evacuation Pause)
[89.943s][info][gc,task        ] GC(195) Using 1 workers of 1 for evacuation
[90.024s][info][gc,phases      ] GC(195)   Pre Evacuate Collection Set: 0.1ms
[90.024s][info][gc,phases      ] GC(195)   Evacuate Collection Set: 80.4ms
[90.024s][info][gc,phases      ] GC(195)   Post Evacuate Collection Set: 0.4ms
[90.024s][info][gc,phases      ] GC(195)   Other: 0.4ms
[90.024s][info][gc,heap        ] GC(195) Eden regions: 63->0(63)
[90.024s][info][gc,heap        ] GC(195) Survivor regions: 9->9(9)
[90.024s][info][gc,heap        ] GC(195) Old regions: 269->291
[90.024s][info][gc,heap        ] GC(195) Humongous regions: 130->106
[90.024s][info][gc,metaspace   ] GC(195) Metaspace: 66709K->66709K(1110016K)
[90.024s][info][gc             ] GC(195) Pause Young (Normal) (G1 Evacuation Pause) 468M->404M(1455M) 81.317ms
[90.024s][info][gc,cpu         ] GC(195) User=0.08s Sys=0.00s Real=0.08s
[90.264s][info][gc,start       ] GC(196) Pause Young (Normal) (G1 Evacuation Pause)
[90.264s][info][gc,task        ] GC(196) Using 1 workers of 1 for evacuation
[90.292s][info][gc,phases      ] GC(196)   Pre Evacuate Collection Set: 0.1ms
[90.292s][info][gc,phases      ] GC(196)   Evacuate Collection Set: 27.7ms
[90.292s][info][gc,phases      ] GC(196)   Post Evacuate Collection Set: 0.4ms
[90.292s][info][gc,phases      ] GC(196)   Other: 0.3ms
[90.292s][info][gc,heap        ] GC(196) Eden regions: 63->0(72)
[90.292s][info][gc,heap        ] GC(196) Survivor regions: 9->1(9)
[90.292s][info][gc,heap        ] GC(196) Old regions: 291->300
[90.292s][info][gc,heap        ] GC(196) Humongous regions: 106->106
[90.292s][info][gc,metaspace   ] GC(196) Metaspace: 66709K->66709K(1110016K)
[90.292s][info][gc             ] GC(196) Pause Young (Normal) (G1 Evacuation Pause) 467M->405M(1466M) 28.561ms
[90.292s][info][gc,cpu         ] GC(196) User=0.02s Sys=0.00s Real=0.03s
[90.538s][info][gc,start       ] GC(197) Pause Young (Normal) (G1 Evacuation Pause)
[90.539s][info][gc,task        ] GC(197) Using 1 workers of 1 for evacuation
[90.541s][info][gc,phases      ] GC(197)   Pre Evacuate Collection Set: 0.1ms
[90.541s][info][gc,phases      ] GC(197)   Evacuate Collection Set: 2.0ms
[90.541s][info][gc,phases      ] GC(197)   Post Evacuate Collection Set: 0.3ms
[90.541s][info][gc,phases      ] GC(197)   Other: 0.3ms
[90.541s][info][gc,heap        ] GC(197) Eden regions: 72->0(91)
[90.541s][info][gc,heap        ] GC(197) Survivor regions: 1->1(10)
[90.541s][info][gc,heap        ] GC(197) Old regions: 300->300
[90.541s][info][gc,heap        ] GC(197) Humongous regions: 106->106
[90.541s][info][gc,metaspace   ] GC(197) Metaspace: 66709K->66709K(1110016K)
[90.541s][info][gc             ] GC(197) Pause Young (Normal) (G1 Evacuation Pause) 477M->405M(1466M) 2.808ms
[90.541s][info][gc,cpu         ] GC(197) User=0.00s Sys=0.00s Real=0.00s
[90.693s][info][gc,start       ] GC(198) Pause Young (Normal) (G1 Evacuation Pause)
[90.693s][info][gc,task        ] GC(198) Using 1 workers of 1 for evacuation
[90.708s][info][gc,phases      ] GC(198)   Pre Evacuate Collection Set: 0.1ms
[90.708s][info][gc,phases      ] GC(198)   Evacuate Collection Set: 14.6ms
[90.708s][info][gc,phases      ] GC(198)   Post Evacuate Collection Set: 0.3ms
[90.708s][info][gc,phases      ] GC(198)   Other: 0.3ms
[90.708s][info][gc,heap        ] GC(198) Eden regions: 91->0(108)
[90.708s][info][gc,heap        ] GC(198) Survivor regions: 1->7(12)
[90.708s][info][gc,heap        ] GC(198) Old regions: 300->300
[90.708s][info][gc,heap        ] GC(198) Humongous regions: 109->109
[90.708s][info][gc,metaspace   ] GC(198) Metaspace: 66709K->66709K(1110016K)
[90.708s][info][gc             ] GC(198) Pause Young (Normal) (G1 Evacuation Pause) 499M->414M(1466M) 15.287ms
[90.708s][info][gc,cpu         ] GC(198) User=0.02s Sys=0.00s Real=0.01s
[90.797s][info][gc,start       ] GC(199) Pause Young (Normal) (G1 Evacuation Pause)
[90.797s][info][gc,task        ] GC(199) Using 1 workers of 1 for evacuation
[90.871s][info][gc,phases      ] GC(199)   Pre Evacuate Collection Set: 0.1ms
[90.871s][info][gc,phases      ] GC(199)   Evacuate Collection Set: 73.1ms
[90.871s][info][gc,phases      ] GC(199)   Post Evacuate Collection Set: 0.5ms
[90.871s][info][gc,phases      ] GC(199)   Other: 0.3ms
[90.871s][info][gc,heap        ] GC(199) Eden regions: 108->0(108)
[90.871s][info][gc,heap        ] GC(199) Survivor regions: 7->15(15)
[90.871s][info][gc,heap        ] GC(199) Old regions: 300->327
[90.871s][info][gc,heap        ] GC(199) Humongous regions: 109->109
[90.871s][info][gc,metaspace   ] GC(199) Metaspace: 66709K->66709K(1110016K)
[90.871s][info][gc             ] GC(199) Pause Young (Normal) (G1 Evacuation Pause) 522M->448M(1466M) 74.097ms
[90.871s][info][gc,cpu         ] GC(199) User=0.07s Sys=0.00s Real=0.08s
[91.126s][info][gc,start       ] GC(200) Pause Young (Normal) (G1 Evacuation Pause)
[91.126s][info][gc,task        ] GC(200) Using 1 workers of 1 for evacuation
[91.176s][info][gc,phases      ] GC(200)   Pre Evacuate Collection Set: 0.1ms
[91.176s][info][gc,phases      ] GC(200)   Evacuate Collection Set: 49.5ms
[91.176s][info][gc,phases      ] GC(200)   Post Evacuate Collection Set: 0.4ms
[91.176s][info][gc,phases      ] GC(200)   Other: 0.3ms
[91.176s][info][gc,heap        ] GC(200) Eden regions: 108->0(129)
[91.176s][info][gc,heap        ] GC(200) Survivor regions: 15->1(16)
[91.176s][info][gc,heap        ] GC(200) Old regions: 327->342
[91.176s][info][gc,heap        ] GC(200) Humongous regions: 109->109
[91.176s][info][gc,metaspace   ] GC(200) Metaspace: 67229K->67229K(1110016K)
[91.177s][info][gc             ] GC(200) Pause Young (Normal) (G1 Evacuation Pause) 556M->449M(1466M) 50.363ms
[91.177s][info][gc,cpu         ] GC(200) User=0.05s Sys=0.00s Real=0.05s
[91.179s][info][gc,heap,exit   ] Heap
[91.179s][info][gc,heap,exit   ]  garbage-first heap   total 1501184K, used 461414K [0x00000000a2400000, 0x0000000100000000)
[91.179s][info][gc,heap,exit   ]   region size 1024K, 3 young (3072K), 1 survivors (1024K)
[91.179s][info][gc,heap,exit   ]  Metaspace       used 67229K, capacity 71115K, committed 71196K, reserved 1110016K
[91.179s][info][gc,heap,exit   ]   class space    used 9482K, capacity 11430K, committed 11468K, reserved 1048576K
