[0.003s][info][gc,heap] Heap region size: 1M
[0.004s][info][gc     ] Using G1
[0.007s][info][gc,heap,coops] Heap address: 0x00000000c1800000, size: 1000 MB, Compressed Oops mode: 32-bit
[0.863s][info][gc,start     ] GC(0) Pause Young (Normal) (G1 Evacuation Pause)
[0.863s][info][gc,task      ] GC(0) Using 1 workers of 1 for evacuation
[0.875s][info][gc,phases    ] GC(0)   Pre Evacuate Collection Set: 0.0ms
[0.875s][info][gc,phases    ] GC(0)   Evacuate Collection Set: 8.3ms
[0.875s][info][gc,phases    ] GC(0)   Post Evacuate Collection Set: 0.1ms
[0.875s][info][gc,phases    ] GC(0)   Other: 4.1ms
[0.875s][info][gc,heap      ] GC(0) Eden regions: 6->0(5)
[0.875s][info][gc,heap      ] GC(0) Survivor regions: 0->1(1)
[0.875s][info][gc,heap      ] GC(0) Old regions: 0->2
[0.875s][info][gc,heap      ] GC(0) Humongous regions: 0->0
[0.875s][info][gc,metaspace ] GC(0) Metaspace: 2144K->2144K(1056768K)
[0.875s][info][gc           ] GC(0) Pause Young (Normal) (G1 Evacuation Pause) 6M->2M(126M) 12.670ms
[0.875s][info][gc,cpu       ] GC(0) User=0.00s Sys=0.00s Real=0.01s
[1.205s][info][gc,start     ] GC(1) Pause Young (Normal) (G1 Evacuation Pause)
[1.205s][info][gc,task      ] GC(1) Using 1 workers of 1 for evacuation
[1.208s][info][gc,phases    ] GC(1)   Pre Evacuate Collection Set: 0.0ms
[1.208s][info][gc,phases    ] GC(1)   Evacuate Collection Set: 2.6ms
[1.208s][info][gc,phases    ] GC(1)   Post Evacuate Collection Set: 0.1ms
[1.208s][info][gc,phases    ] GC(1)   Other: 0.6ms
[1.208s][info][gc,heap      ] GC(1) Eden regions: 5->0(6)
[1.208s][info][gc,heap      ] GC(1) Survivor regions: 1->1(1)
[1.208s][info][gc,heap      ] GC(1) Old regions: 2->3
[1.208s][info][gc,heap      ] GC(1) Humongous regions: 0->0
[1.208s][info][gc,metaspace ] GC(1) Metaspace: 4292K->4292K(1056768K)
[1.208s][info][gc           ] GC(1) Pause Young (Normal) (G1 Evacuation Pause) 7M->2M(126M) 3.412ms
[1.208s][info][gc,cpu       ] GC(1) User=0.00s Sys=0.00s Real=0.01s
[1.643s][info][gc,start     ] GC(2) Pause Young (Normal) (G1 Evacuation Pause)
[1.643s][info][gc,task      ] GC(2) Using 1 workers of 1 for evacuation
[1.645s][info][gc,phases    ] GC(2)   Pre Evacuate Collection Set: 0.0ms
[1.645s][info][gc,phases    ] GC(2)   Evacuate Collection Set: 1.7ms
[1.645s][info][gc,phases    ] GC(2)   Post Evacuate Collection Set: 0.1ms
[1.645s][info][gc,phases    ] GC(2)   Other: 0.1ms
[1.645s][info][gc,heap      ] GC(2) Eden regions: 6->0(13)
[1.645s][info][gc,heap      ] GC(2) Survivor regions: 1->1(1)
[1.645s][info][gc,heap      ] GC(2) Old regions: 3->3
[1.645s][info][gc,heap      ] GC(2) Humongous regions: 0->0
[1.645s][info][gc,metaspace ] GC(2) Metaspace: 6633K->6633K(1058816K)
[1.645s][info][gc           ] GC(2) Pause Young (Normal) (G1 Evacuation Pause) 8M->2M(126M) 1.926ms
[1.645s][info][gc,cpu       ] GC(2) User=0.00s Sys=0.00s Real=0.00s
[4.783s][info][gc,start     ] GC(3) Pause Young (Normal) (G1 Evacuation Pause)
[4.783s][info][gc,task      ] GC(3) Using 1 workers of 1 for evacuation
[4.796s][info][gc,phases    ] GC(3)   Pre Evacuate Collection Set: 0.0ms
[4.796s][info][gc,phases    ] GC(3)   Evacuate Collection Set: 12.3ms
[4.796s][info][gc,phases    ] GC(3)   Post Evacuate Collection Set: 0.2ms
[4.796s][info][gc,phases    ] GC(3)   Other: 0.3ms
[4.796s][info][gc,heap      ] GC(3) Eden regions: 13->0(18)
[4.796s][info][gc,heap      ] GC(3) Survivor regions: 1->2(2)
[4.796s][info][gc,heap      ] GC(3) Old regions: 3->3
[4.796s][info][gc,heap      ] GC(3) Humongous regions: 0->0
[4.796s][info][gc,metaspace ] GC(3) Metaspace: 8514K->8514K(1058816K)
[4.796s][info][gc           ] GC(3) Pause Young (Normal) (G1 Evacuation Pause) 15M->4M(126M) 12.961ms
[4.796s][info][gc,cpu       ] GC(3) User=0.00s Sys=0.00s Real=0.01s
[5.410s][info][gc,start     ] GC(4) Pause Young (Normal) (G1 Evacuation Pause)
[5.410s][info][gc,task      ] GC(4) Using 1 workers of 1 for evacuation
[5.424s][info][gc,phases    ] GC(4)   Pre Evacuate Collection Set: 0.0ms
[5.424s][info][gc,phases    ] GC(4)   Evacuate Collection Set: 13.5ms
[5.424s][info][gc,phases    ] GC(4)   Post Evacuate Collection Set: 0.1ms
[5.424s][info][gc,phases    ] GC(4)   Other: 0.2ms
[5.424s][info][gc,heap      ] GC(4) Eden regions: 18->0(19)
[5.424s][info][gc,heap      ] GC(4) Survivor regions: 2->3(3)
[5.424s][info][gc,heap      ] GC(4) Old regions: 3->9
[5.424s][info][gc,heap      ] GC(4) Humongous regions: 6->6
[5.424s][info][gc,metaspace ] GC(4) Metaspace: 12225K->12225K(1060864K)
[5.424s][info][gc           ] GC(4) Pause Young (Normal) (G1 Evacuation Pause) 27M->17M(126M) 13.932ms
[5.424s][info][gc,cpu       ] GC(4) User=0.00s Sys=0.01s Real=0.01s
[6.748s][info][gc,start     ] GC(5) Pause Young (Normal) (G1 Evacuation Pause)
[6.748s][info][gc,task      ] GC(5) Using 1 workers of 1 for evacuation
[6.764s][info][gc,phases    ] GC(5)   Pre Evacuate Collection Set: 0.0ms
[6.764s][info][gc,phases    ] GC(5)   Evacuate Collection Set: 15.3ms
[6.764s][info][gc,phases    ] GC(5)   Post Evacuate Collection Set: 0.3ms
[6.764s][info][gc,phases    ] GC(5)   Other: 0.3ms
[6.764s][info][gc,heap      ] GC(5) Eden regions: 19->0(22)
[6.764s][info][gc,heap      ] GC(5) Survivor regions: 3->3(3)
[6.764s][info][gc,heap      ] GC(5) Old regions: 9->12
[6.764s][info][gc,heap      ] GC(5) Humongous regions: 6->6
[6.764s][info][gc,metaspace ] GC(5) Metaspace: 17728K->17728K(1064960K)
[6.764s][info][gc           ] GC(5) Pause Young (Normal) (G1 Evacuation Pause) 36M->20M(126M) 15.996ms
[6.764s][info][gc,cpu       ] GC(5) User=0.00s Sys=0.01s Real=0.01s
[7.147s][info][gc,start     ] GC(6) Pause Young (Concurrent Start) (Metadata GC Threshold)
[7.147s][info][gc,task      ] GC(6) Using 1 workers of 1 for evacuation
[7.168s][info][gc,phases    ] GC(6)   Pre Evacuate Collection Set: 0.1ms
[7.168s][info][gc,phases    ] GC(6)   Evacuate Collection Set: 20.5ms
[7.168s][info][gc,phases    ] GC(6)   Post Evacuate Collection Set: 0.1ms
[7.168s][info][gc,phases    ] GC(6)   Other: 0.2ms
[7.168s][info][gc,heap      ] GC(6) Eden regions: 9->0(25)
[7.168s][info][gc,heap      ] GC(6) Survivor regions: 3->1(4)
[7.168s][info][gc,heap      ] GC(6) Old regions: 12->14
[7.168s][info][gc,heap      ] GC(6) Humongous regions: 6->6
[7.168s][info][gc,metaspace ] GC(6) Metaspace: 20146K->20146K(1067008K)
[7.168s][info][gc           ] GC(6) Pause Young (Concurrent Start) (Metadata GC Threshold) 28M->20M(126M) 21.024ms
[7.168s][info][gc,cpu       ] GC(6) User=0.01s Sys=0.00s Real=0.03s
[7.168s][info][gc           ] GC(7) Concurrent Cycle
[7.168s][info][gc,marking   ] GC(7) Concurrent Clear Claimed Marks
[7.168s][info][gc,marking   ] GC(7) Concurrent Clear Claimed Marks 0.051ms
[7.168s][info][gc,marking   ] GC(7) Concurrent Scan Root Regions
[7.168s][info][gc,marking   ] GC(7) Concurrent Scan Root Regions 0.407ms
[7.168s][info][gc,marking   ] GC(7) Concurrent Mark (7.168s)
[7.168s][info][gc,marking   ] GC(7) Concurrent Mark From Roots
[7.168s][info][gc,task      ] GC(7) Using 1 workers of 1 for marking
[7.234s][info][gc,marking   ] GC(7) Concurrent Mark From Roots 65.524ms
[7.234s][info][gc,marking   ] GC(7) Concurrent Preclean
[7.234s][info][gc,marking   ] GC(7) Concurrent Preclean 0.093ms
[7.234s][info][gc,marking   ] GC(7) Concurrent Mark (7.168s, 7.234s) 65.684ms
[7.242s][info][gc,start     ] GC(7) Pause Remark
[7.247s][info][gc,stringtable] GC(7) Cleaned string and symbol table, strings: 7866 processed, 7 removed, symbols: 40188 processed, 44 removed
[7.247s][info][gc            ] GC(7) Pause Remark 20M->20M(126M) 5.924ms
[7.247s][info][gc,cpu        ] GC(7) User=0.00s Sys=0.00s Real=0.01s
[7.248s][info][gc,marking    ] GC(7) Concurrent Rebuild Remembered Sets
[7.280s][info][gc,marking    ] GC(7) Concurrent Rebuild Remembered Sets 32.738ms
[7.280s][info][gc,start      ] GC(7) Pause Cleanup
[7.280s][info][gc            ] GC(7) Pause Cleanup 21M->21M(126M) 0.053ms
[7.280s][info][gc,cpu        ] GC(7) User=0.00s Sys=0.00s Real=0.00s
[7.280s][info][gc,marking    ] GC(7) Concurrent Cleanup for Next Mark
[7.281s][info][gc,marking    ] GC(7) Concurrent Cleanup for Next Mark 0.461ms
[7.281s][info][gc            ] GC(7) Concurrent Cycle 113.031ms
[8.715s][info][gc,start      ] GC(8) Pause Young (Normal) (G1 Evacuation Pause)
[8.715s][info][gc,task       ] GC(8) Using 1 workers of 1 for evacuation
[8.732s][info][gc,phases     ] GC(8)   Pre Evacuate Collection Set: 0.0ms
[8.732s][info][gc,phases     ] GC(8)   Evacuate Collection Set: 16.2ms
[8.732s][info][gc,phases     ] GC(8)   Post Evacuate Collection Set: 0.3ms
[8.732s][info][gc,phases     ] GC(8)   Other: 0.3ms
[8.732s][info][gc,heap       ] GC(8) Eden regions: 26->0(43)
[8.732s][info][gc,heap       ] GC(8) Survivor regions: 1->2(4)
[8.732s][info][gc,heap       ] GC(8) Old regions: 14->14
[8.732s][info][gc,heap       ] GC(8) Humongous regions: 6->6
[8.732s][info][gc,metaspace  ] GC(8) Metaspace: 25552K->25552K(1073152K)
[8.732s][info][gc            ] GC(8) Pause Young (Normal) (G1 Evacuation Pause) 46M->21M(126M) 16.968ms
[8.732s][info][gc,cpu        ] GC(8) User=0.01s Sys=0.01s Real=0.02s
[10.699s][info][gc,start      ] GC(9) Pause Young (Concurrent Start) (Metadata GC Threshold)
[10.699s][info][gc,task       ] GC(9) Using 1 workers of 1 for evacuation
[10.719s][info][gc,phases     ] GC(9)   Pre Evacuate Collection Set: 0.1ms
[10.721s][info][gc,phases     ] GC(9)   Evacuate Collection Set: 19.2ms
[10.721s][info][gc,phases     ] GC(9)   Post Evacuate Collection Set: 0.3ms
[10.721s][info][gc,phases     ] GC(9)   Other: 0.3ms
[10.722s][info][gc,heap       ] GC(9) Eden regions: 41->0(50)
[10.722s][info][gc,heap       ] GC(9) Survivor regions: 2->4(6)
[10.722s][info][gc,heap       ] GC(9) Old regions: 14->14
[10.722s][info][gc,heap       ] GC(9) Humongous regions: 6->6
[10.722s][info][gc,metaspace  ] GC(9) Metaspace: 34348K->34348K(1079296K)
[10.722s][info][gc            ] GC(9) Pause Young (Concurrent Start) (Metadata GC Threshold) 62M->23M(126M) 22.612ms
[10.722s][info][gc,cpu        ] GC(9) User=0.00s Sys=0.01s Real=0.02s
[10.722s][info][gc            ] GC(10) Concurrent Cycle
[10.722s][info][gc,marking    ] GC(10) Concurrent Clear Claimed Marks
[10.722s][info][gc,marking    ] GC(10) Concurrent Clear Claimed Marks 0.109ms
[10.722s][info][gc,marking    ] GC(10) Concurrent Scan Root Regions
[10.745s][info][gc,marking    ] GC(10) Concurrent Scan Root Regions 23.555ms
[10.745s][info][gc,marking    ] GC(10) Concurrent Mark (10.745s)
[10.745s][info][gc,marking    ] GC(10) Concurrent Mark From Roots
[10.745s][info][gc,task       ] GC(10) Using 1 workers of 1 for marking
[10.775s][info][gc,marking    ] GC(10) Concurrent Mark From Roots 29.189ms
[10.775s][info][gc,marking    ] GC(10) Concurrent Preclean
[10.775s][info][gc,marking    ] GC(10) Concurrent Preclean 0.050ms
[10.775s][info][gc,marking    ] GC(10) Concurrent Mark (10.745s, 10.775s) 29.293ms
[10.779s][info][gc,start      ] GC(10) Pause Remark
[10.804s][info][gc,stringtable] GC(10) Cleaned string and symbol table, strings: 13674 processed, 3 removed, symbols: 79799 processed, 44 removed
[10.807s][info][gc            ] GC(10) Pause Remark 24M->24M(126M) 28.321ms
[10.807s][info][gc,cpu        ] GC(10) User=0.01s Sys=0.00s Real=0.03s
[10.815s][info][gc,marking    ] GC(10) Concurrent Rebuild Remembered Sets
[10.823s][info][gc,marking    ] GC(10) Concurrent Rebuild Remembered Sets 7.557ms
[10.830s][info][gc,start      ] GC(10) Pause Cleanup
[10.830s][info][gc            ] GC(10) Pause Cleanup 24M->24M(126M) 0.085ms
[10.830s][info][gc,cpu        ] GC(10) User=0.00s Sys=0.00s Real=0.00s
[10.830s][info][gc,marking    ] GC(10) Concurrent Cleanup for Next Mark
[10.832s][info][gc,marking    ] GC(10) Concurrent Cleanup for Next Mark 2.089ms
[10.832s][info][gc            ] GC(10) Concurrent Cycle 110.528ms
[12.828s][info][gc,start      ] GC(11) Pause Young (Normal) (G1 Evacuation Pause)
[12.831s][info][gc,task       ] GC(11) Using 1 workers of 1 for evacuation
[12.950s][info][gc,phases     ] GC(11)   Pre Evacuate Collection Set: 0.0ms
[12.950s][info][gc,phases     ] GC(11)   Evacuate Collection Set: 113.5ms
[12.950s][info][gc,phases     ] GC(11)   Post Evacuate Collection Set: 5.4ms
[12.950s][info][gc,phases     ] GC(11)   Other: 3.8ms
[12.950s][info][gc,heap       ] GC(11) Eden regions: 50->0(49)
[12.950s][info][gc,heap       ] GC(11) Survivor regions: 4->7(7)
[12.950s][info][gc,heap       ] GC(11) Old regions: 14->24
[12.950s][info][gc,heap       ] GC(11) Humongous regions: 6->6
[12.950s][info][gc,metaspace  ] GC(11) Metaspace: 43134K->43134K(1087488K)
[12.950s][info][gc            ] GC(11) Pause Young (Normal) (G1 Evacuation Pause) 73M->36M(126M) 122.895ms
[12.950s][info][gc,cpu        ] GC(11) User=0.05s Sys=0.01s Real=0.12s
[13.599s][info][gc,start      ] GC(12) Pause Young (Normal) (G1 Evacuation Pause)
[13.603s][info][gc,task       ] GC(12) Using 1 workers of 1 for evacuation
[13.779s][info][gc,phases     ] GC(12)   Pre Evacuate Collection Set: 0.0ms
[13.779s][info][gc,phases     ] GC(12)   Evacuate Collection Set: 175.6ms
[13.779s][info][gc,phases     ] GC(12)   Post Evacuate Collection Set: 0.2ms
[13.779s][info][gc,phases     ] GC(12)   Other: 4.4ms
[13.779s][info][gc,heap       ] GC(12) Eden regions: 49->0(16)
[13.779s][info][gc,heap       ] GC(12) Survivor regions: 7->7(7)
[13.779s][info][gc,heap       ] GC(12) Old regions: 24->72
[13.779s][info][gc,heap       ] GC(12) Humongous regions: 6->6
[13.779s][info][gc,metaspace  ] GC(12) Metaspace: 43134K->43134K(1087488K)
[13.779s][info][gc            ] GC(12) Pause Young (Normal) (G1 Evacuation Pause) 85M->84M(141M) 180.363ms
[13.779s][info][gc,cpu        ] GC(12) User=0.09s Sys=0.00s Real=0.19s
[13.867s][info][gc,start      ] GC(13) Pause Young (Concurrent Start) (G1 Evacuation Pause)
[13.867s][info][gc,task       ] GC(13) Using 1 workers of 1 for evacuation
[13.934s][info][gc,phases     ] GC(13)   Pre Evacuate Collection Set: 0.1ms
[13.938s][info][gc,phases     ] GC(13)   Evacuate Collection Set: 66.5ms
[13.938s][info][gc,phases     ] GC(13)   Post Evacuate Collection Set: 0.3ms
[13.938s][info][gc,phases     ] GC(13)   Other: 0.1ms
[13.938s][info][gc,heap       ] GC(13) Eden regions: 16->0(18)
[13.938s][info][gc,heap       ] GC(13) Survivor regions: 7->3(3)
[13.938s][info][gc,heap       ] GC(13) Old regions: 72->92
[13.938s][info][gc,heap       ] GC(13) Humongous regions: 6->6
[13.938s][info][gc,metaspace  ] GC(13) Metaspace: 43134K->43134K(1087488K)
[13.938s][info][gc            ] GC(13) Pause Young (Concurrent Start) (G1 Evacuation Pause) 100M->100M(170M) 71.314ms
[13.938s][info][gc,cpu        ] GC(13) User=0.03s Sys=0.00s Real=0.07s
[13.938s][info][gc            ] GC(14) Concurrent Cycle
[13.938s][info][gc,marking    ] GC(14) Concurrent Clear Claimed Marks
[13.938s][info][gc,marking    ] GC(14) Concurrent Clear Claimed Marks 0.143ms
[13.938s][info][gc,marking    ] GC(14) Concurrent Scan Root Regions
[13.940s][info][gc,marking    ] GC(14) Concurrent Scan Root Regions 1.941ms
[13.940s][info][gc,marking    ] GC(14) Concurrent Mark (13.940s)
[13.940s][info][gc,marking    ] GC(14) Concurrent Mark From Roots
[13.940s][info][gc,task       ] GC(14) Using 1 workers of 1 for marking
[14.065s][info][gc,start      ] GC(15) Pause Young (Normal) (G1 Evacuation Pause)
[14.070s][info][gc,task       ] GC(15) Using 1 workers of 1 for evacuation
[14.130s][info][gc,phases     ] GC(15)   Pre Evacuate Collection Set: 0.0ms
[14.130s][info][gc,phases     ] GC(15)   Evacuate Collection Set: 59.3ms
[14.130s][info][gc,phases     ] GC(15)   Post Evacuate Collection Set: 0.2ms
[14.130s][info][gc,phases     ] GC(15)   Other: 5.0ms
[14.130s][info][gc,heap       ] GC(15) Eden regions: 18->0(11)
[14.130s][info][gc,heap       ] GC(15) Survivor regions: 3->3(3)
[14.130s][info][gc,heap       ] GC(15) Old regions: 92->110
[14.130s][info][gc,heap       ] GC(15) Humongous regions: 6->6
[14.130s][info][gc,metaspace  ] GC(15) Metaspace: 43134K->43134K(1087488K)
[14.130s][info][gc            ] GC(15) Pause Young (Normal) (G1 Evacuation Pause) 118M->118M(170M) 64.559ms
[14.130s][info][gc,cpu        ] GC(15) User=0.03s Sys=0.01s Real=0.07s
[14.185s][info][gc,start      ] GC(16) Pause Young (Normal) (G1 Evacuation Pause)
[14.185s][info][gc,task       ] GC(16) Using 1 workers of 1 for evacuation
[14.226s][info][gc,phases     ] GC(16)   Pre Evacuate Collection Set: 0.0ms
[14.226s][info][gc,phases     ] GC(16)   Evacuate Collection Set: 41.3ms
[14.226s][info][gc,phases     ] GC(16)   Post Evacuate Collection Set: 0.2ms
[14.226s][info][gc,phases     ] GC(16)   Other: 0.1ms
[14.226s][info][gc,heap       ] GC(16) Eden regions: 11->0(7)
[14.226s][info][gc,heap       ] GC(16) Survivor regions: 3->2(2)
[14.226s][info][gc,heap       ] GC(16) Old regions: 110->122
[14.226s][info][gc,heap       ] GC(16) Humongous regions: 6->6
[14.226s][info][gc,metaspace  ] GC(16) Metaspace: 43134K->43134K(1087488K)
[14.227s][info][gc            ] GC(16) Pause Young (Normal) (G1 Evacuation Pause) 129M->129M(170M) 41.774ms
[14.227s][info][gc,cpu        ] GC(16) User=0.02s Sys=0.00s Real=0.04s
[14.259s][info][gc,start      ] GC(17) Pause Young (Normal) (G1 Evacuation Pause)
[14.259s][info][gc,task       ] GC(17) Using 1 workers of 1 for evacuation
[14.288s][info][gc,phases     ] GC(17)   Pre Evacuate Collection Set: 0.0ms
[14.288s][info][gc,phases     ] GC(17)   Evacuate Collection Set: 28.6ms
[14.288s][info][gc,phases     ] GC(17)   Post Evacuate Collection Set: 0.1ms
[14.288s][info][gc,phases     ] GC(17)   Other: 0.1ms
[14.288s][info][gc,heap       ] GC(17) Eden regions: 7->0(6)
[14.288s][info][gc,heap       ] GC(17) Survivor regions: 2->2(2)
[14.288s][info][gc,heap       ] GC(17) Old regions: 122->129
[14.288s][info][gc,heap       ] GC(17) Humongous regions: 6->6
[14.288s][info][gc,metaspace  ] GC(17) Metaspace: 43134K->43134K(1087488K)
[14.288s][info][gc            ] GC(17) Pause Young (Normal) (G1 Evacuation Pause) 136M->136M(170M) 28.978ms
[14.288s][info][gc,cpu        ] GC(17) User=0.02s Sys=0.00s Real=0.04s
[14.314s][info][gc,start      ] GC(18) Pause Young (Normal) (G1 Evacuation Pause)
[14.315s][info][gc,task       ] GC(18) Using 1 workers of 1 for evacuation
[14.340s][info][gc,phases     ] GC(18)   Pre Evacuate Collection Set: 0.0ms
[14.340s][info][gc,phases     ] GC(18)   Evacuate Collection Set: 25.2ms
[14.340s][info][gc,phases     ] GC(18)   Post Evacuate Collection Set: 0.4ms
[14.340s][info][gc,phases     ] GC(18)   Other: 0.1ms
[14.340s][info][gc,heap       ] GC(18) Eden regions: 6->0(14)
[14.340s][info][gc,heap       ] GC(18) Survivor regions: 2->1(1)
[14.340s][info][gc,heap       ] GC(18) Old regions: 129->136
[14.340s][info][gc,heap       ] GC(18) Humongous regions: 6->6
[14.340s][info][gc,metaspace  ] GC(18) Metaspace: 43134K->43134K(1087488K)
[14.340s][info][gc            ] GC(18) Pause Young (Normal) (G1 Evacuation Pause) 142M->142M(209M) 25.741ms
[14.340s][info][gc,cpu        ] GC(18) User=0.01s Sys=0.00s Real=0.03s
[14.406s][info][gc,start      ] GC(19) Pause Young (Normal) (G1 Evacuation Pause)
[14.410s][info][gc,task       ] GC(19) Using 1 workers of 1 for evacuation
[14.455s][info][gc,phases     ] GC(19)   Pre Evacuate Collection Set: 0.0ms
[14.459s][info][gc,phases     ] GC(19)   Evacuate Collection Set: 44.6ms
[14.459s][info][gc,phases     ] GC(19)   Post Evacuate Collection Set: 0.1ms
[14.459s][info][gc,phases     ] GC(19)   Other: 4.7ms
[14.459s][info][gc,heap       ] GC(19) Eden regions: 14->0(9)
[14.459s][info][gc,heap       ] GC(19) Survivor regions: 1->2(2)
[14.459s][info][gc,heap       ] GC(19) Old regions: 136->149
[14.459s][info][gc,heap       ] GC(19) Humongous regions: 6->6
[14.459s][info][gc,metaspace  ] GC(19) Metaspace: 43134K->43134K(1087488K)
[14.459s][info][gc            ] GC(19) Pause Young (Normal) (G1 Evacuation Pause) 156M->156M(209M) 53.571ms
[14.459s][info][gc,cpu        ] GC(19) User=0.02s Sys=0.00s Real=0.06s
[14.522s][info][gc,start      ] GC(20) Pause Young (Normal) (G1 Evacuation Pause)
[14.522s][info][gc,task       ] GC(20) Using 1 workers of 1 for evacuation
[14.572s][info][gc,phases     ] GC(20)   Pre Evacuate Collection Set: 0.0ms
[14.572s][info][gc,phases     ] GC(20)   Evacuate Collection Set: 49.6ms
[14.572s][info][gc,phases     ] GC(20)   Post Evacuate Collection Set: 0.2ms
[14.572s][info][gc,phases     ] GC(20)   Other: 0.2ms
[14.572s][info][gc,heap       ] GC(20) Eden regions: 9->0(8)
[14.572s][info][gc,heap       ] GC(20) Survivor regions: 2->2(2)
[14.572s][info][gc,heap       ] GC(20) Old regions: 149->158
[14.572s][info][gc,heap       ] GC(20) Humongous regions: 6->6
[14.572s][info][gc,metaspace  ] GC(20) Metaspace: 43134K->43134K(1087488K)
[14.572s][info][gc            ] GC(20) Pause Young (Normal) (G1 Evacuation Pause) 165M->165M(209M) 50.097ms
[14.572s][info][gc,cpu        ] GC(20) User=0.03s Sys=0.00s Real=0.05s
[14.624s][info][gc,start      ] GC(21) Pause Young (Normal) (G1 Evacuation Pause)
[14.624s][info][gc,task       ] GC(21) Using 1 workers of 1 for evacuation
[14.681s][info][gc,phases     ] GC(21)   Pre Evacuate Collection Set: 0.0ms
[14.681s][info][gc,phases     ] GC(21)   Evacuate Collection Set: 49.6ms
[14.681s][info][gc,phases     ] GC(21)   Post Evacuate Collection Set: 7.9ms
[14.681s][info][gc,phases     ] GC(21)   Other: 0.1ms
[14.681s][info][gc,heap       ] GC(21) Eden regions: 8->0(8)
[14.681s][info][gc,heap       ] GC(21) Survivor regions: 2->2(2)
[14.681s][info][gc,heap       ] GC(21) Old regions: 158->166
[14.681s][info][gc,heap       ] GC(21) Humongous regions: 6->6
[14.681s][info][gc,metaspace  ] GC(21) Metaspace: 43134K->43134K(1087488K)
[14.681s][info][gc            ] GC(21) Pause Young (Normal) (G1 Evacuation Pause) 173M->173M(209M) 57.713ms
[14.681s][info][gc,cpu        ] GC(21) User=0.03s Sys=0.00s Real=0.06s
[14.723s][info][gc,start      ] GC(22) Pause Young (Normal) (G1 Evacuation Pause)
[14.723s][info][gc,task       ] GC(22) Using 1 workers of 1 for evacuation
[14.755s][info][gc,phases     ] GC(22)   Pre Evacuate Collection Set: 0.0ms
[14.755s][info][gc,phases     ] GC(22)   Evacuate Collection Set: 31.1ms
[14.755s][info][gc,phases     ] GC(22)   Post Evacuate Collection Set: 0.7ms
[14.755s][info][gc,phases     ] GC(22)   Other: 0.2ms
[14.755s][info][gc,heap       ] GC(22) Eden regions: 8->0(33)
[14.755s][info][gc,heap       ] GC(22) Survivor regions: 2->2(2)
[14.755s][info][gc,heap       ] GC(22) Old regions: 166->174
[14.755s][info][gc,heap       ] GC(22) Humongous regions: 6->6
[14.755s][info][gc,metaspace  ] GC(22) Metaspace: 43134K->43134K(1087488K)
[14.755s][info][gc            ] GC(22) Pause Young (Normal) (G1 Evacuation Pause) 181M->181M(311M) 32.038ms
[14.755s][info][gc,cpu        ] GC(22) User=0.01s Sys=0.00s Real=0.03s
[14.812s][info][gc,marking    ] GC(14) Concurrent Mark From Roots 871.369ms
[14.812s][info][gc,marking    ] GC(14) Concurrent Preclean
[14.812s][info][gc,marking    ] GC(14) Concurrent Preclean 0.123ms
[14.812s][info][gc,marking    ] GC(14) Concurrent Mark (13.940s, 14.812s) 871.541ms
[14.819s][info][gc,start      ] GC(14) Pause Remark
[14.834s][info][gc,stringtable] GC(14) Cleaned string and symbol table, strings: 16379 processed, 217 removed, symbols: 102529 processed, 16 removed
[14.834s][info][gc            ] GC(14) Pause Remark 191M->191M(311M) 15.680ms
[14.834s][info][gc,cpu        ] GC(14) User=0.01s Sys=0.00s Real=0.02s
[14.835s][info][gc,marking    ] GC(14) Concurrent Rebuild Remembered Sets
[14.952s][info][gc,start      ] GC(23) Pause Young (Normal) (G1 Evacuation Pause)
[14.952s][info][gc,task       ] GC(23) Using 1 workers of 1 for evacuation
[15.061s][info][gc,phases     ] GC(23)   Pre Evacuate Collection Set: 0.0ms
[15.061s][info][gc,phases     ] GC(23)   Evacuate Collection Set: 109.0ms
[15.061s][info][gc,phases     ] GC(23)   Post Evacuate Collection Set: 0.1ms
[15.061s][info][gc,phases     ] GC(23)   Other: 0.2ms
[15.061s][info][gc,heap       ] GC(23) Eden regions: 33->0(20)
[15.061s][info][gc,heap       ] GC(23) Survivor regions: 2->5(5)
[15.061s][info][gc,heap       ] GC(23) Old regions: 174->203
[15.061s][info][gc,heap       ] GC(23) Humongous regions: 6->6
[15.061s][info][gc,metaspace  ] GC(23) Metaspace: 43134K->43134K(1087488K)
[15.061s][info][gc            ] GC(23) Pause Young (Normal) (G1 Evacuation Pause) 214M->214M(311M) 109.470ms
[15.061s][info][gc,cpu        ] GC(23) User=0.06s Sys=0.00s Real=0.11s
[15.140s][info][gc,start      ] GC(24) Pause Young (Normal) (G1 Evacuation Pause)
[15.143s][info][gc,task       ] GC(24) Using 1 workers of 1 for evacuation
[15.220s][info][gc,phases     ] GC(24)   Pre Evacuate Collection Set: 0.0ms
[15.220s][info][gc,phases     ] GC(24)   Evacuate Collection Set: 76.4ms
[15.220s][info][gc,phases     ] GC(24)   Post Evacuate Collection Set: 0.2ms
[15.220s][info][gc,phases     ] GC(24)   Other: 3.6ms
[15.220s][info][gc,heap       ] GC(24) Eden regions: 20->0(14)
[15.220s][info][gc,heap       ] GC(24) Survivor regions: 5->4(4)
[15.220s][info][gc,heap       ] GC(24) Old regions: 203->224
[15.220s][info][gc,heap       ] GC(24) Humongous regions: 6->6
[15.220s][info][gc,metaspace  ] GC(24) Metaspace: 43134K->43134K(1087488K)
[15.220s][info][gc            ] GC(24) Pause Young (Normal) (G1 Evacuation Pause) 234M->234M(311M) 80.263ms
[15.220s][info][gc,cpu        ] GC(24) User=0.04s Sys=0.00s Real=0.08s
[15.275s][info][gc,start      ] GC(25) Pause Young (Normal) (G1 Evacuation Pause)
[15.275s][info][gc,task       ] GC(25) Using 1 workers of 1 for evacuation
[15.334s][info][gc,phases     ] GC(25)   Pre Evacuate Collection Set: 0.0ms
[15.334s][info][gc,phases     ] GC(25)   Evacuate Collection Set: 58.8ms
[15.334s][info][gc,phases     ] GC(25)   Post Evacuate Collection Set: 0.1ms
[15.334s][info][gc,phases     ] GC(25)   Other: 0.2ms
[15.335s][info][gc,heap       ] GC(25) Eden regions: 14->0(12)
[15.335s][info][gc,heap       ] GC(25) Survivor regions: 4->3(3)
[15.335s][info][gc,heap       ] GC(25) Old regions: 224->239
[15.335s][info][gc,heap       ] GC(25) Humongous regions: 6->6
[15.335s][info][gc,metaspace  ] GC(25) Metaspace: 43134K->43134K(1087488K)
[15.335s][info][gc            ] GC(25) Pause Young (Normal) (G1 Evacuation Pause) 248M->248M(311M) 59.312ms
[15.335s][info][gc,cpu        ] GC(25) User=0.03s Sys=0.00s Real=0.06s
[15.377s][info][gc,start      ] GC(26) Pause Young (Normal) (G1 Evacuation Pause)
[15.377s][info][gc,task       ] GC(26) Using 1 workers of 1 for evacuation
[15.433s][info][gc,phases     ] GC(26)   Pre Evacuate Collection Set: 0.0ms
[15.433s][info][gc,phases     ] GC(26)   Evacuate Collection Set: 53.8ms
[15.433s][info][gc,phases     ] GC(26)   Post Evacuate Collection Set: 1.3ms
[15.433s][info][gc,phases     ] GC(26)   Other: 0.1ms
[15.433s][info][gc,heap       ] GC(26) Eden regions: 12->0(62)
[15.433s][info][gc,heap       ] GC(26) Survivor regions: 3->2(2)
[15.433s][info][gc,heap       ] GC(26) Old regions: 239->252
[15.433s][info][gc,heap       ] GC(26) Humongous regions: 6->6
[15.433s][info][gc,metaspace  ] GC(26) Metaspace: 43134K->43134K(1087488K)
[15.433s][info][gc            ] GC(26) Pause Young (Normal) (G1 Evacuation Pause) 260M->260M(587M) 55.421ms
[15.433s][info][gc,cpu        ] GC(26) User=0.02s Sys=0.01s Real=0.06s
[15.760s][info][gc,start      ] GC(27) Pause Young (Normal) (G1 Evacuation Pause)
[15.760s][info][gc,task       ] GC(27) Using 1 workers of 1 for evacuation
[15.954s][info][gc,phases     ] GC(27)   Pre Evacuate Collection Set: 0.0ms
[15.959s][info][gc,phases     ] GC(27)   Evacuate Collection Set: 193.6ms
[15.959s][info][gc,phases     ] GC(27)   Post Evacuate Collection Set: 0.2ms
[15.959s][info][gc,phases     ] GC(27)   Other: 0.3ms
[15.959s][info][gc,heap       ] GC(27) Eden regions: 62->0(57)
[15.959s][info][gc,heap       ] GC(27) Survivor regions: 2->8(8)
[15.959s][info][gc,heap       ] GC(27) Old regions: 252->307
[15.959s][info][gc,heap       ] GC(27) Humongous regions: 6->6
[15.959s][info][gc,metaspace  ] GC(27) Metaspace: 43134K->43134K(1087488K)
[15.959s][info][gc            ] GC(27) Pause Young (Normal) (G1 Evacuation Pause) 322M->321M(587M) 199.275ms
[15.959s][info][gc,cpu        ] GC(27) User=0.09s Sys=0.01s Real=0.20s
[16.003s][info][gc,marking    ] GC(14) Concurrent Rebuild Remembered Sets 1168.245ms
[16.006s][info][gc,start      ] GC(14) Pause Cleanup
[16.006s][info][gc            ] GC(14) Pause Cleanup 329M->329M(587M) 0.216ms
[16.006s][info][gc,cpu        ] GC(14) User=0.00s Sys=0.00s Real=0.00s
[16.006s][info][gc,marking    ] GC(14) Concurrent Cleanup for Next Mark
[16.017s][info][gc,marking    ] GC(14) Concurrent Cleanup for Next Mark 11.254ms
[16.017s][info][gc            ] GC(14) Concurrent Cycle 2079.177ms
[16.110s][info][gc,start      ] GC(28) Pause Young (Normal) (G1 Evacuation Pause)
[16.110s][info][gc,task       ] GC(28) Using 1 workers of 1 for evacuation
[16.320s][info][gc,mmu        ] GC(28) MMU target violated: 201.0ms (200.0ms/201.0ms)
[16.320s][info][gc,phases     ] GC(28)   Pre Evacuate Collection Set: 0.0ms
[16.320s][info][gc,phases     ] GC(28)   Evacuate Collection Set: 209.9ms
[16.320s][info][gc,phases     ] GC(28)   Post Evacuate Collection Set: 0.2ms
[16.320s][info][gc,phases     ] GC(28)   Other: 0.3ms
[16.320s][info][gc,heap       ] GC(28) Eden regions: 57->0(25)
[16.320s][info][gc,heap       ] GC(28) Survivor regions: 8->9(9)
[16.320s][info][gc,heap       ] GC(28) Old regions: 307->363
[16.320s][info][gc,heap       ] GC(28) Humongous regions: 6->6
[16.320s][info][gc,metaspace  ] GC(28) Metaspace: 43134K->43134K(1087488K)
[16.320s][info][gc            ] GC(28) Pause Young (Normal) (G1 Evacuation Pause) 378M->377M(587M) 210.459ms
[16.320s][info][gc,cpu        ] GC(28) User=0.10s Sys=0.01s Real=0.21s
[16.370s][info][gc,start      ] GC(29) Pause Young (Concurrent Start) (G1 Evacuation Pause)
[16.370s][info][gc,task       ] GC(29) Using 1 workers of 1 for evacuation
[16.483s][info][gc,phases     ] GC(29)   Pre Evacuate Collection Set: 0.2ms
[16.483s][info][gc,phases     ] GC(29)   Evacuate Collection Set: 113.3ms
[16.483s][info][gc,phases     ] GC(29)   Post Evacuate Collection Set: 0.2ms
[16.483s][info][gc,phases     ] GC(29)   Other: 0.1ms
[16.483s][info][gc,heap       ] GC(29) Eden regions: 25->0(39)
[16.483s][info][gc,heap       ] GC(29) Survivor regions: 9->5(5)
[16.483s][info][gc,heap       ] GC(29) Old regions: 363->392
[16.483s][info][gc,heap       ] GC(29) Humongous regions: 6->6
[16.483s][info][gc,metaspace  ] GC(29) Metaspace: 43134K->43134K(1087488K)
[16.483s][info][gc            ] GC(29) Pause Young (Concurrent Start) (G1 Evacuation Pause) 402M->402M(587M) 113.911ms
[16.483s][info][gc,cpu        ] GC(29) User=0.05s Sys=0.00s Real=0.11s
[16.484s][info][gc            ] GC(30) Concurrent Cycle
[16.484s][info][gc,marking    ] GC(30) Concurrent Clear Claimed Marks
[16.484s][info][gc,marking    ] GC(30) Concurrent Clear Claimed Marks 0.143ms
[16.484s][info][gc,marking    ] GC(30) Concurrent Scan Root Regions
[16.491s][info][gc,marking    ] GC(30) Concurrent Scan Root Regions 7.746ms
[16.491s][info][gc,marking    ] GC(30) Concurrent Mark (16.491s)
[16.491s][info][gc,marking    ] GC(30) Concurrent Mark From Roots
[16.492s][info][gc,task       ] GC(30) Using 1 workers of 1 for marking
[16.648s][info][gc,start      ] GC(31) Pause Young (Normal) (G1 Evacuation Pause)
[16.648s][info][gc,task       ] GC(31) Using 1 workers of 1 for evacuation
[16.800s][info][gc,phases     ] GC(31)   Pre Evacuate Collection Set: 0.0ms
[16.800s][info][gc,phases     ] GC(31)   Evacuate Collection Set: 150.8ms
[16.800s][info][gc,phases     ] GC(31)   Post Evacuate Collection Set: 1.0ms
[16.800s][info][gc,phases     ] GC(31)   Other: 0.5ms
[16.800s][info][gc,heap       ] GC(31) Eden regions: 39->0(53)
[16.800s][info][gc,heap       ] GC(31) Survivor regions: 5->6(6)
[16.800s][info][gc,heap       ] GC(31) Old regions: 392->429
[16.800s][info][gc,heap       ] GC(31) Humongous regions: 6->6
[16.800s][info][gc,metaspace  ] GC(31) Metaspace: 43134K->43134K(1087488K)
[16.800s][info][gc            ] GC(31) Pause Young (Normal) (G1 Evacuation Pause) 441M->441M(753M) 152.408ms
[16.800s][info][gc,cpu        ] GC(31) User=0.08s Sys=0.00s Real=0.15s
[17.069s][info][gc,start      ] GC(32) Pause Young (Normal) (G1 Evacuation Pause)
[17.069s][info][gc,task       ] GC(32) Using 1 workers of 1 for evacuation
[17.259s][info][gc,phases     ] GC(32)   Pre Evacuate Collection Set: 0.0ms
[17.259s][info][gc,phases     ] GC(32)   Evacuate Collection Set: 190.0ms
[17.259s][info][gc,phases     ] GC(32)   Post Evacuate Collection Set: 0.2ms
[17.259s][info][gc,phases     ] GC(32)   Other: 0.2ms
[17.259s][info][gc,heap       ] GC(32) Eden regions: 53->0(52)
[17.259s][info][gc,heap       ] GC(32) Survivor regions: 6->8(8)
[17.259s][info][gc,heap       ] GC(32) Old regions: 429->480
[17.259s][info][gc,heap       ] GC(32) Humongous regions: 6->6
[17.259s][info][gc,metaspace  ] GC(32) Metaspace: 43134K->43134K(1087488K)
[17.259s][info][gc            ] GC(32) Pause Young (Normal) (G1 Evacuation Pause) 494M->493M(753M) 190.636ms
[17.259s][info][gc,cpu        ] GC(32) User=0.08s Sys=0.02s Real=0.19s
[17.484s][info][gc,start      ] GC(33) Pause Young (Normal) (G1 Evacuation Pause)
[17.490s][info][gc,task       ] GC(33) Using 1 workers of 1 for evacuation
[17.668s][info][gc,phases     ] GC(33)   Pre Evacuate Collection Set: 0.0ms
[17.668s][info][gc,phases     ] GC(33)   Evacuate Collection Set: 177.4ms
[17.676s][info][gc,phases     ] GC(33)   Post Evacuate Collection Set: 0.2ms
[17.676s][info][gc,phases     ] GC(33)   Other: 6.2ms
[17.676s][info][gc,heap       ] GC(33) Eden regions: 52->0(41)
[17.676s][info][gc,heap       ] GC(33) Survivor regions: 8->8(8)
[17.676s][info][gc,heap       ] GC(33) Old regions: 480->531
[17.676s][info][gc,heap       ] GC(33) Humongous regions: 6->6
[17.676s][info][gc,metaspace  ] GC(33) Metaspace: 43134K->43134K(1087488K)
[17.676s][info][gc            ] GC(33) Pause Young (Normal) (G1 Evacuation Pause) 545M->545M(753M) 191.737ms
[17.676s][info][gc,cpu        ] GC(33) User=0.09s Sys=0.00s Real=0.19s
[17.836s][info][gc,start      ] GC(34) Pause Young (Normal) (G1 Evacuation Pause)
[17.836s][info][gc,task       ] GC(34) Using 1 workers of 1 for evacuation
[17.972s][info][gc,phases     ] GC(34)   Pre Evacuate Collection Set: 0.1ms
[17.976s][info][gc,phases     ] GC(34)   Evacuate Collection Set: 136.0ms
[17.976s][info][gc,phases     ] GC(34)   Post Evacuate Collection Set: 0.2ms
[17.976s][info][gc,phases     ] GC(34)   Other: 0.3ms
[17.976s][info][gc,heap       ] GC(34) Eden regions: 41->0(30)
[17.976s][info][gc,heap       ] GC(34) Survivor regions: 8->7(7)
[17.976s][info][gc,heap       ] GC(34) Old regions: 531->573
[17.976s][info][gc,heap       ] GC(34) Humongous regions: 6->6
[17.976s][info][gc,metaspace  ] GC(34) Metaspace: 43134K->43134K(1087488K)
[17.976s][info][gc            ] GC(34) Pause Young (Normal) (G1 Evacuation Pause) 586M->585M(753M) 140.168ms
[17.976s][info][gc,cpu        ] GC(34) User=0.07s Sys=0.00s Real=0.14s
[19.288s][info][gc,marking    ] GC(30) Concurrent Mark From Roots 2796.222ms
[19.288s][info][gc,marking    ] GC(30) Concurrent Preclean
[19.288s][info][gc,marking    ] GC(30) Concurrent Preclean 0.159ms
[19.288s][info][gc,marking    ] GC(30) Concurrent Mark (16.491s, 19.288s) 2796.631ms
[19.288s][info][gc,start      ] GC(30) Pause Remark
[19.303s][info][gc,stringtable] GC(30) Cleaned string and symbol table, strings: 16188 processed, 0 removed, symbols: 102515 processed, 0 removed
[19.303s][info][gc            ] GC(30) Pause Remark 610M->610M(753M) 14.562ms
[19.303s][info][gc,cpu        ] GC(30) User=0.01s Sys=0.00s Real=0.01s
[19.307s][info][gc,marking    ] GC(30) Concurrent Rebuild Remembered Sets
[20.061s][info][gc,start      ] GC(35) Pause Young (Normal) (G1 Evacuation Pause)
[20.061s][info][gc,task       ] GC(35) Using 1 workers of 1 for evacuation
[20.160s][info][gc,phases     ] GC(35)   Pre Evacuate Collection Set: 0.0ms
[20.160s][info][gc,phases     ] GC(35)   Evacuate Collection Set: 98.3ms
[20.160s][info][gc,phases     ] GC(35)   Post Evacuate Collection Set: 0.7ms
[20.160s][info][gc,phases     ] GC(35)   Other: 0.2ms
[20.160s][info][gc,heap       ] GC(35) Eden regions: 30->0(49)
[20.160s][info][gc,heap       ] GC(35) Survivor regions: 7->5(5)
[20.160s][info][gc,heap       ] GC(35) Old regions: 573->599
[20.160s][info][gc,heap       ] GC(35) Humongous regions: 6->6
[20.160s][info][gc,metaspace  ] GC(35) Metaspace: 44429K->44429K(1089536K)
[20.160s][info][gc            ] GC(35) Pause Young (Normal) (G1 Evacuation Pause) 615M->609M(852M) 99.338ms
[20.160s][info][gc,cpu        ] GC(35) User=0.05s Sys=0.00s Real=0.10s
[22.812s][info][gc,marking    ] GC(30) Concurrent Rebuild Remembered Sets 3504.914ms
[22.812s][info][gc,start      ] GC(30) Pause Cleanup
[22.813s][info][gc            ] GC(30) Pause Cleanup 644M->644M(852M) 0.242ms
[22.813s][info][gc,cpu        ] GC(30) User=0.00s Sys=0.00s Real=0.00s
[22.813s][info][gc,marking    ] GC(30) Concurrent Cleanup for Next Mark
[22.835s][info][gc,marking    ] GC(30) Concurrent Cleanup for Next Mark 22.212ms
[22.835s][info][gc            ] GC(30) Concurrent Cycle 6351.494ms
[23.510s][info][gc,task       ] GC(36) Using 1 workers of 1 for full compaction
[23.511s][info][gc,start      ] GC(36) Pause Full (System.gc())
[23.512s][info][gc,phases,start] GC(36) Phase 1: Mark live objects
[23.612s][info][gc,stringtable ] GC(36) Cleaned string and symbol table, strings: 19614 processed, 207 removed, symbols: 118530 processed, 19 removed
[23.612s][info][gc,phases      ] GC(36) Phase 1: Mark live objects 100.301ms
[23.612s][info][gc,phases,start] GC(36) Phase 2: Prepare for compaction
[23.627s][info][gc,phases      ] GC(36) Phase 2: Prepare for compaction 15.439ms
[23.627s][info][gc,phases,start] GC(36) Phase 3: Adjust pointers
[23.652s][info][gc,phases      ] GC(36) Phase 3: Adjust pointers 24.686ms
[23.652s][info][gc,phases,start] GC(36) Phase 4: Compact heap
[23.669s][info][gc,phases      ] GC(36) Phase 4: Compact heap 16.501ms
[23.719s][info][gc,heap        ] GC(36) Eden regions: 41->0(17)
[23.719s][info][gc,heap        ] GC(36) Survivor regions: 5->0(5)
[23.719s][info][gc,heap        ] GC(36) Old regions: 599->21
[23.719s][info][gc,heap        ] GC(36) Humongous regions: 11->6
[23.719s][info][gc,metaspace   ] GC(36) Metaspace: 51443K->51443K(1095680K)
[23.719s][info][gc             ] GC(36) Pause Full (System.gc()) 655M->25M(90M) 208.143ms
[23.720s][info][gc,cpu         ] GC(36) User=0.08s Sys=0.02s Real=0.21s
[24.113s][info][gc,start       ] GC(37) Pause Young (Normal) (G1 Evacuation Pause)
[24.119s][info][gc,task        ] GC(37) Using 1 workers of 1 for evacuation
[24.121s][info][gc,phases      ] GC(37)   Pre Evacuate Collection Set: 0.0ms
[24.121s][info][gc,phases      ] GC(37)   Evacuate Collection Set: 2.0ms
[24.121s][info][gc,phases      ] GC(37)   Post Evacuate Collection Set: 0.1ms
[24.121s][info][gc,phases      ] GC(37)   Other: 6.3ms
[24.121s][info][gc,heap        ] GC(37) Eden regions: 17->0(18)
[24.121s][info][gc,heap        ] GC(37) Survivor regions: 0->1(3)
[24.121s][info][gc,heap        ] GC(37) Old regions: 21->21
[24.121s][info][gc,heap        ] GC(37) Humongous regions: 6->6
[24.121s][info][gc,metaspace   ] GC(37) Metaspace: 51803K->51803K(1095680K)
[24.121s][info][gc             ] GC(37) Pause Young (Normal) (G1 Evacuation Pause) 42M->26M(90M) 8.539ms
[24.121s][info][gc,cpu         ] GC(37) User=0.01s Sys=0.00s Real=0.01s
[24.909s][info][gc,start       ] GC(38) Pause Young (Normal) (G1 Evacuation Pause)
[24.909s][info][gc,task        ] GC(38) Using 1 workers of 1 for evacuation
[24.916s][info][gc,phases      ] GC(38)   Pre Evacuate Collection Set: 0.0ms
[24.916s][info][gc,phases      ] GC(38)   Evacuate Collection Set: 7.2ms
[24.916s][info][gc,phases      ] GC(38)   Post Evacuate Collection Set: 0.2ms
[24.917s][info][gc,phases      ] GC(38)   Other: 0.3ms
[24.917s][info][gc,heap        ] GC(38) Eden regions: 18->0(21)
[24.917s][info][gc,heap        ] GC(38) Survivor regions: 1->1(3)
[24.917s][info][gc,heap        ] GC(38) Old regions: 21->21
[24.917s][info][gc,heap        ] GC(38) Humongous regions: 6->6
[24.917s][info][gc,metaspace   ] GC(38) Metaspace: 55813K->55813K(1099776K)
[24.917s][info][gc             ] GC(38) Pause Young (Normal) (G1 Evacuation Pause) 44M->26M(90M) 7.873ms
[24.917s][info][gc,cpu         ] GC(38) User=0.00s Sys=0.00s Real=0.00s
[26.493s][info][gc,start       ] GC(39) Pause Young (Normal) (G1 Evacuation Pause)
[26.493s][info][gc,task        ] GC(39) Using 1 workers of 1 for evacuation
[26.523s][info][gc,phases      ] GC(39)   Pre Evacuate Collection Set: 0.0ms
[26.528s][info][gc,phases      ] GC(39)   Evacuate Collection Set: 14.2ms
[26.528s][info][gc,phases      ] GC(39)   Post Evacuate Collection Set: 16.2ms
[26.528s][info][gc,phases      ] GC(39)   Other: 0.3ms
[26.528s][info][gc,heap        ] GC(39) Eden regions: 21->0(22)
[26.528s][info][gc,heap        ] GC(39) Survivor regions: 1->3(3)
[26.528s][info][gc,heap        ] GC(39) Old regions: 21->21
[26.528s][info][gc,heap        ] GC(39) Humongous regions: 11->6
[26.528s][info][gc,metaspace   ] GC(39) Metaspace: 60061K->60061K(1103872K)
[26.528s][info][gc             ] GC(39) Pause Young (Normal) (G1 Evacuation Pause) 52M->28M(90M) 35.306ms
[26.528s][info][gc,cpu         ] GC(39) User=0.02s Sys=0.00s Real=0.04s
[27.079s][info][gc,start       ] GC(40) Pause Young (Normal) (G1 Evacuation Pause)
[27.079s][info][gc,task        ] GC(40) Using 1 workers of 1 for evacuation
[27.104s][info][gc,phases      ] GC(40)   Pre Evacuate Collection Set: 0.0ms
[27.104s][info][gc,phases      ] GC(40)   Evacuate Collection Set: 11.1ms
[27.104s][info][gc,phases      ] GC(40)   Post Evacuate Collection Set: 13.7ms
[27.104s][info][gc,phases      ] GC(40)   Other: 0.2ms
[27.104s][info][gc,heap        ] GC(40) Eden regions: 22->0(24)
[27.104s][info][gc,heap        ] GC(40) Survivor regions: 3->1(4)
[27.104s][info][gc,heap        ] GC(40) Old regions: 21->24
[27.104s][info][gc,heap        ] GC(40) Humongous regions: 6->6
[27.104s][info][gc,metaspace   ] GC(40) Metaspace: 60069K->60069K(1103872K)
[27.104s][info][gc             ] GC(40) Pause Young (Normal) (G1 Evacuation Pause) 50M->29M(90M) 25.063ms
[27.104s][info][gc,cpu         ] GC(40) User=0.02s Sys=0.00s Real=0.03s
[27.451s][info][gc,start       ] GC(41) Pause Young (Normal) (G1 Evacuation Pause)
[27.455s][info][gc,task        ] GC(41) Using 1 workers of 1 for evacuation
[27.457s][info][gc,phases      ] GC(41)   Pre Evacuate Collection Set: 0.0ms
[27.457s][info][gc,phases      ] GC(41)   Evacuate Collection Set: 1.1ms
[27.457s][info][gc,phases      ] GC(41)   Post Evacuate Collection Set: 0.1ms
[27.457s][info][gc,phases      ] GC(41)   Other: 5.0ms
[27.457s][info][gc,heap        ] GC(41) Eden regions: 24->0(26)
[27.457s][info][gc,heap        ] GC(41) Survivor regions: 1->1(4)
[27.457s][info][gc,heap        ] GC(41) Old regions: 24->24
[27.457s][info][gc,heap        ] GC(41) Humongous regions: 6->6
[27.457s][info][gc,metaspace   ] GC(41) Metaspace: 60094K->60094K(1103872K)
[27.457s][info][gc             ] GC(41) Pause Young (Normal) (G1 Evacuation Pause) 53M->28M(90M) 6.302ms
[27.457s][info][gc,cpu         ] GC(41) User=0.00s Sys=0.00s Real=0.00s
[27.704s][info][gc,start       ] GC(42) Pause Young (Normal) (G1 Evacuation Pause)
[27.711s][info][gc,task        ] GC(42) Using 1 workers of 1 for evacuation
[27.712s][info][gc,phases      ] GC(42)   Pre Evacuate Collection Set: 0.0ms
[27.713s][info][gc,phases      ] GC(42)   Evacuate Collection Set: 1.0ms
[27.713s][info][gc,phases      ] GC(42)   Post Evacuate Collection Set: 0.1ms
[27.713s][info][gc,phases      ] GC(42)   Other: 7.0ms
[27.713s][info][gc,heap        ] GC(42) Eden regions: 26->0(29)
[27.713s][info][gc,heap        ] GC(42) Survivor regions: 1->1(4)
[27.713s][info][gc,heap        ] GC(42) Old regions: 24->24
[27.713s][info][gc,heap        ] GC(42) Humongous regions: 6->6
[27.713s][info][gc,metaspace   ] GC(42) Metaspace: 60100K->60100K(1103872K)
[27.713s][info][gc             ] GC(42) Pause Young (Normal) (G1 Evacuation Pause) 54M->28M(90M) 8.210ms
[27.713s][info][gc,cpu         ] GC(42) User=0.00s Sys=0.00s Real=0.01s
[28.186s][info][gc,start       ] GC(43) Pause Young (Normal) (G1 Evacuation Pause)
[28.186s][info][gc,task        ] GC(43) Using 1 workers of 1 for evacuation
[28.188s][info][gc,phases      ] GC(43)   Pre Evacuate Collection Set: 0.0ms
[28.188s][info][gc,phases      ] GC(43)   Evacuate Collection Set: 1.0ms
[28.188s][info][gc,phases      ] GC(43)   Post Evacuate Collection Set: 0.1ms
[28.188s][info][gc,phases      ] GC(43)   Other: 0.3ms
[28.188s][info][gc,heap        ] GC(43) Eden regions: 29->0(32)
[28.188s][info][gc,heap        ] GC(43) Survivor regions: 1->1(4)
[28.188s][info][gc,heap        ] GC(43) Old regions: 24->24
[28.188s][info][gc,heap        ] GC(43) Humongous regions: 6->6
[28.188s][info][gc,metaspace   ] GC(43) Metaspace: 60105K->60105K(1103872K)
[28.188s][info][gc             ] GC(43) Pause Young (Normal) (G1 Evacuation Pause) 57M->28M(90M) 1.478ms
[28.188s][info][gc,cpu         ] GC(43) User=0.00s Sys=0.00s Real=0.01s
[28.414s][info][gc,start       ] GC(44) Pause Young (Normal) (G1 Evacuation Pause)
[28.414s][info][gc,task        ] GC(44) Using 1 workers of 1 for evacuation
[28.415s][info][gc,phases      ] GC(44)   Pre Evacuate Collection Set: 0.0ms
[28.415s][info][gc,phases      ] GC(44)   Evacuate Collection Set: 1.0ms
[28.415s][info][gc,phases      ] GC(44)   Post Evacuate Collection Set: 0.1ms
[28.415s][info][gc,phases      ] GC(44)   Other: 0.2ms
[28.415s][info][gc,heap        ] GC(44) Eden regions: 32->0(34)
[28.415s][info][gc,heap        ] GC(44) Survivor regions: 1->1(5)
[28.415s][info][gc,heap        ] GC(44) Old regions: 24->24
[28.415s][info][gc,heap        ] GC(44) Humongous regions: 6->6
[28.415s][info][gc,metaspace   ] GC(44) Metaspace: 60109K->60109K(1103872K)
[28.415s][info][gc             ] GC(44) Pause Young (Normal) (G1 Evacuation Pause) 60M->28M(90M) 1.407ms
[28.415s][info][gc,cpu         ] GC(44) User=0.00s Sys=0.00s Real=0.00s
[28.716s][info][gc,start       ] GC(45) Pause Young (Normal) (G1 Evacuation Pause)
[28.716s][info][gc,task        ] GC(45) Using 1 workers of 1 for evacuation
[28.717s][info][gc,phases      ] GC(45)   Pre Evacuate Collection Set: 0.0ms
[28.717s][info][gc,phases      ] GC(45)   Evacuate Collection Set: 1.0ms
[28.717s][info][gc,phases      ] GC(45)   Post Evacuate Collection Set: 0.1ms
[28.717s][info][gc,phases      ] GC(45)   Other: 0.2ms
[28.717s][info][gc,heap        ] GC(45) Eden regions: 34->0(36)
[28.717s][info][gc,heap        ] GC(45) Survivor regions: 1->1(5)
[28.717s][info][gc,heap        ] GC(45) Old regions: 24->24
[28.717s][info][gc,heap        ] GC(45) Humongous regions: 6->6
[28.717s][info][gc,metaspace   ] GC(45) Metaspace: 60129K->60129K(1103872K)
[28.717s][info][gc             ] GC(45) Pause Young (Normal) (G1 Evacuation Pause) 62M->28M(90M) 1.407ms
[28.717s][info][gc,cpu         ] GC(45) User=0.01s Sys=0.00s Real=0.00s
[29.016s][info][gc,start       ] GC(46) Pause Young (Normal) (G1 Evacuation Pause)
[29.016s][info][gc,task        ] GC(46) Using 1 workers of 1 for evacuation
[29.019s][info][gc,phases      ] GC(46)   Pre Evacuate Collection Set: 0.0ms
[29.019s][info][gc,phases      ] GC(46)   Evacuate Collection Set: 2.3ms
[29.019s][info][gc,phases      ] GC(46)   Post Evacuate Collection Set: 0.2ms
[29.019s][info][gc,phases      ] GC(46)   Other: 0.3ms
[29.019s][info][gc,heap        ] GC(46) Eden regions: 36->0(38)
[29.019s][info][gc,heap        ] GC(46) Survivor regions: 1->1(5)
[29.019s][info][gc,heap        ] GC(46) Old regions: 24->24
[29.019s][info][gc,heap        ] GC(46) Humongous regions: 6->6
[29.019s][info][gc,metaspace   ] GC(46) Metaspace: 60129K->60129K(1103872K)
[29.019s][info][gc             ] GC(46) Pause Young (Normal) (G1 Evacuation Pause) 64M->28M(90M) 2.869ms
[29.019s][info][gc,cpu         ] GC(46) User=0.00s Sys=0.00s Real=0.00s
[29.229s][info][gc,start       ] GC(47) Pause Young (Normal) (G1 Evacuation Pause)
[29.232s][info][gc,task        ] GC(47) Using 1 workers of 1 for evacuation
[29.233s][info][gc,phases      ] GC(47)   Pre Evacuate Collection Set: 0.0ms
[29.233s][info][gc,phases      ] GC(47)   Evacuate Collection Set: 1.0ms
[29.233s][info][gc,phases      ] GC(47)   Post Evacuate Collection Set: 0.3ms
[29.233s][info][gc,phases      ] GC(47)   Other: 2.9ms
[29.233s][info][gc,heap        ] GC(47) Eden regions: 38->0(52)
[29.233s][info][gc,heap        ] GC(47) Survivor regions: 1->1(5)
[29.233s][info][gc,heap        ] GC(47) Old regions: 24->24
[29.233s][info][gc,heap        ] GC(47) Humongous regions: 6->6
[29.233s][info][gc,metaspace   ] GC(47) Metaspace: 60134K->60134K(1103872K)
[29.233s][info][gc             ] GC(47) Pause Young (Normal) (G1 Evacuation Pause) 66M->28M(108M) 4.243ms
[29.233s][info][gc,cpu         ] GC(47) User=0.00s Sys=0.00s Real=0.00s
[29.381s][info][gc,start       ] GC(48) Pause Young (Normal) (G1 Evacuation Pause)
[29.381s][info][gc,task        ] GC(48) Using 1 workers of 1 for evacuation
[29.383s][info][gc,phases      ] GC(48)   Pre Evacuate Collection Set: 0.0ms
[29.383s][info][gc,phases      ] GC(48)   Evacuate Collection Set: 1.0ms
[29.383s][info][gc,phases      ] GC(48)   Post Evacuate Collection Set: 0.2ms
[29.383s][info][gc,phases      ] GC(48)   Other: 0.2ms
[29.383s][info][gc,heap        ] GC(48) Eden regions: 52->0(55)
[29.383s][info][gc,heap        ] GC(48) Survivor regions: 1->1(7)
[29.383s][info][gc,heap        ] GC(48) Old regions: 24->24
[29.383s][info][gc,heap        ] GC(48) Humongous regions: 6->6
[29.383s][info][gc,metaspace   ] GC(48) Metaspace: 60135K->60135K(1103872K)
[29.383s][info][gc             ] GC(48) Pause Young (Normal) (G1 Evacuation Pause) 80M->28M(108M) 1.408ms
[29.383s][info][gc,cpu         ] GC(48) User=0.00s Sys=0.00s Real=0.00s
[29.498s][info][gc,start       ] GC(49) Pause Young (Normal) (G1 Evacuation Pause)
[29.503s][info][gc,task        ] GC(49) Using 1 workers of 1 for evacuation
[29.505s][info][gc,phases      ] GC(49)   Pre Evacuate Collection Set: 0.0ms
[29.505s][info][gc,phases      ] GC(49)   Evacuate Collection Set: 1.1ms
[29.505s][info][gc,phases      ] GC(49)   Post Evacuate Collection Set: 0.2ms
[29.505s][info][gc,phases      ] GC(49)   Other: 6.0ms
[29.505s][info][gc,heap        ] GC(49) Eden regions: 55->0(56)
[29.505s][info][gc,heap        ] GC(49) Survivor regions: 1->1(7)
[29.505s][info][gc,heap        ] GC(49) Old regions: 24->24
[29.505s][info][gc,heap        ] GC(49) Humongous regions: 6->6
[29.505s][info][gc,metaspace   ] GC(49) Metaspace: 60135K->60135K(1103872K)
[29.505s][info][gc             ] GC(49) Pause Young (Normal) (G1 Evacuation Pause) 83M->28M(108M) 7.321ms
[29.505s][info][gc,cpu         ] GC(49) User=0.00s Sys=0.00s Real=0.01s
[29.617s][info][gc,start       ] GC(50) Pause Young (Normal) (G1 Evacuation Pause)
[29.617s][info][gc,task        ] GC(50) Using 1 workers of 1 for evacuation
[29.618s][info][gc,phases      ] GC(50)   Pre Evacuate Collection Set: 0.0ms
[29.618s][info][gc,phases      ] GC(50)   Evacuate Collection Set: 1.0ms
[29.618s][info][gc,phases      ] GC(50)   Post Evacuate Collection Set: 0.2ms
[29.618s][info][gc,phases      ] GC(50)   Other: 0.1ms
[29.618s][info][gc,heap        ] GC(50) Eden regions: 56->0(58)
[29.618s][info][gc,heap        ] GC(50) Survivor regions: 1->1(8)
[29.618s][info][gc,heap        ] GC(50) Old regions: 24->24
[29.618s][info][gc,heap        ] GC(50) Humongous regions: 6->6
[29.618s][info][gc,metaspace   ] GC(50) Metaspace: 60136K->60136K(1103872K)
[29.618s][info][gc             ] GC(50) Pause Young (Normal) (G1 Evacuation Pause) 84M->28M(108M) 1.329ms
[29.618s][info][gc,cpu         ] GC(50) User=0.00s Sys=0.00s Real=0.00s
[29.736s][info][gc,start       ] GC(51) Pause Young (Normal) (G1 Evacuation Pause)
[29.739s][info][gc,task        ] GC(51) Using 1 workers of 1 for evacuation
[29.740s][info][gc,phases      ] GC(51)   Pre Evacuate Collection Set: 0.0ms
[29.740s][info][gc,phases      ] GC(51)   Evacuate Collection Set: 1.1ms
[29.740s][info][gc,phases      ] GC(51)   Post Evacuate Collection Set: 0.2ms
[29.740s][info][gc,phases      ] GC(51)   Other: 3.4ms
[29.740s][info][gc,heap        ] GC(51) Eden regions: 58->0(59)
[29.740s][info][gc,heap        ] GC(51) Survivor regions: 1->1(8)
[29.740s][info][gc,heap        ] GC(51) Old regions: 24->24
[29.740s][info][gc,heap        ] GC(51) Humongous regions: 6->6
[29.740s][info][gc,metaspace   ] GC(51) Metaspace: 60136K->60136K(1103872K)
[29.740s][info][gc             ] GC(51) Pause Young (Normal) (G1 Evacuation Pause) 86M->28M(108M) 4.699ms
[29.740s][info][gc,cpu         ] GC(51) User=0.00s Sys=0.00s Real=0.01s
[29.861s][info][gc,start       ] GC(52) Pause Young (Normal) (G1 Evacuation Pause)
[29.861s][info][gc,task        ] GC(52) Using 1 workers of 1 for evacuation
[29.862s][info][gc,phases      ] GC(52)   Pre Evacuate Collection Set: 0.0ms
[29.862s][info][gc,phases      ] GC(52)   Evacuate Collection Set: 1.0ms
[29.862s][info][gc,phases      ] GC(52)   Post Evacuate Collection Set: 0.2ms
[29.862s][info][gc,phases      ] GC(52)   Other: 0.2ms
[29.862s][info][gc,heap        ] GC(52) Eden regions: 59->0(60)
[29.862s][info][gc,heap        ] GC(52) Survivor regions: 1->1(8)
[29.862s][info][gc,heap        ] GC(52) Old regions: 24->24
[29.862s][info][gc,heap        ] GC(52) Humongous regions: 6->6
[29.862s][info][gc,metaspace   ] GC(52) Metaspace: 60137K->60137K(1103872K)
[29.862s][info][gc             ] GC(52) Pause Young (Normal) (G1 Evacuation Pause) 87M->28M(108M) 1.443ms
[29.862s][info][gc,cpu         ] GC(52) User=0.00s Sys=0.00s Real=0.00s
[29.987s][info][gc,start       ] GC(53) Pause Young (Normal) (G1 Evacuation Pause)
[29.987s][info][gc,task        ] GC(53) Using 1 workers of 1 for evacuation
[29.989s][info][gc,phases      ] GC(53)   Pre Evacuate Collection Set: 0.0ms
[29.989s][info][gc,phases      ] GC(53)   Evacuate Collection Set: 1.2ms
[29.989s][info][gc,phases      ] GC(53)   Post Evacuate Collection Set: 0.2ms
[29.989s][info][gc,phases      ] GC(53)   Other: 0.2ms
[29.989s][info][gc,heap        ] GC(53) Eden regions: 60->0(61)
[29.989s][info][gc,heap        ] GC(53) Survivor regions: 1->1(8)
[29.989s][info][gc,heap        ] GC(53) Old regions: 24->24
[29.989s][info][gc,heap        ] GC(53) Humongous regions: 6->6
[29.989s][info][gc,metaspace   ] GC(53) Metaspace: 60137K->60137K(1103872K)
[29.989s][info][gc             ] GC(53) Pause Young (Normal) (G1 Evacuation Pause) 88M->28M(108M) 1.653ms
[29.989s][info][gc,cpu         ] GC(53) User=0.00s Sys=0.00s Real=0.00s
[30.123s][info][gc,start       ] GC(54) Pause Young (Normal) (G1 Evacuation Pause)
[30.123s][info][gc,task        ] GC(54) Using 1 workers of 1 for evacuation
[30.124s][info][gc,phases      ] GC(54)   Pre Evacuate Collection Set: 0.0ms
[30.124s][info][gc,phases      ] GC(54)   Evacuate Collection Set: 1.0ms
[30.124s][info][gc,phases      ] GC(54)   Post Evacuate Collection Set: 0.2ms
[30.124s][info][gc,phases      ] GC(54)   Other: 0.1ms
[30.124s][info][gc,heap        ] GC(54) Eden regions: 61->0(62)
[30.124s][info][gc,heap        ] GC(54) Survivor regions: 1->1(8)
[30.124s][info][gc,heap        ] GC(54) Old regions: 24->24
[30.124s][info][gc,heap        ] GC(54) Humongous regions: 6->6
[30.124s][info][gc,metaspace   ] GC(54) Metaspace: 60137K->60137K(1103872K)
[30.124s][info][gc             ] GC(54) Pause Young (Normal) (G1 Evacuation Pause) 89M->28M(108M) 1.334ms
[30.124s][info][gc,cpu         ] GC(54) User=0.00s Sys=0.00s Real=0.00s
[30.267s][info][gc,start       ] GC(55) Pause Young (Normal) (G1 Evacuation Pause)
[30.267s][info][gc,task        ] GC(55) Using 1 workers of 1 for evacuation
[30.268s][info][gc,phases      ] GC(55)   Pre Evacuate Collection Set: 0.0ms
[30.268s][info][gc,phases      ] GC(55)   Evacuate Collection Set: 1.1ms
[30.268s][info][gc,phases      ] GC(55)   Post Evacuate Collection Set: 0.2ms
[30.268s][info][gc,phases      ] GC(55)   Other: 0.2ms
[30.268s][info][gc,heap        ] GC(55) Eden regions: 62->0(63)
[30.268s][info][gc,heap        ] GC(55) Survivor regions: 1->1(8)
[30.268s][info][gc,heap        ] GC(55) Old regions: 24->24
[30.268s][info][gc,heap        ] GC(55) Humongous regions: 6->6
[30.268s][info][gc,metaspace   ] GC(55) Metaspace: 60147K->60147K(1103872K)
[30.268s][info][gc             ] GC(55) Pause Young (Normal) (G1 Evacuation Pause) 90M->28M(108M) 1.527ms
[30.268s][info][gc,cpu         ] GC(55) User=0.00s Sys=0.00s Real=0.01s
[30.398s][info][gc,start       ] GC(56) Pause Young (Normal) (G1 Evacuation Pause)
[30.398s][info][gc,task        ] GC(56) Using 1 workers of 1 for evacuation
[30.399s][info][gc,phases      ] GC(56)   Pre Evacuate Collection Set: 0.0ms
[30.399s][info][gc,phases      ] GC(56)   Evacuate Collection Set: 0.9ms
[30.399s][info][gc,phases      ] GC(56)   Post Evacuate Collection Set: 0.2ms
[30.399s][info][gc,phases      ] GC(56)   Other: 0.1ms
[30.399s][info][gc,heap        ] GC(56) Eden regions: 63->0(63)
[30.399s][info][gc,heap        ] GC(56) Survivor regions: 1->1(8)
[30.399s][info][gc,heap        ] GC(56) Old regions: 24->24
[30.399s][info][gc,heap        ] GC(56) Humongous regions: 6->6
[30.399s][info][gc,metaspace   ] GC(56) Metaspace: 60148K->60148K(1103872K)
[30.399s][info][gc             ] GC(56) Pause Young (Normal) (G1 Evacuation Pause) 91M->28M(108M) 1.280ms
[30.399s][info][gc,cpu         ] GC(56) User=0.00s Sys=0.00s Real=0.00s
[30.569s][info][gc,start       ] GC(57) Pause Young (Normal) (G1 Evacuation Pause)
[30.569s][info][gc,task        ] GC(57) Using 1 workers of 1 for evacuation
[30.570s][info][gc,phases      ] GC(57)   Pre Evacuate Collection Set: 0.0ms
[30.570s][info][gc,phases      ] GC(57)   Evacuate Collection Set: 1.3ms
[30.570s][info][gc,phases      ] GC(57)   Post Evacuate Collection Set: 0.2ms
[30.570s][info][gc,phases      ] GC(57)   Other: 0.2ms
[30.570s][info][gc,heap        ] GC(57) Eden regions: 63->0(63)
[30.570s][info][gc,heap        ] GC(57) Survivor regions: 1->1(8)
[30.570s][info][gc,heap        ] GC(57) Old regions: 24->24
[30.570s][info][gc,heap        ] GC(57) Humongous regions: 6->6
[30.570s][info][gc,metaspace   ] GC(57) Metaspace: 60174K->60174K(1103872K)
[30.570s][info][gc             ] GC(57) Pause Young (Normal) (G1 Evacuation Pause) 91M->28M(108M) 1.788ms
[30.570s][info][gc,cpu         ] GC(57) User=0.00s Sys=0.00s Real=0.00s
[30.712s][info][gc,start       ] GC(58) Pause Young (Normal) (G1 Evacuation Pause)
[30.712s][info][gc,task        ] GC(58) Using 1 workers of 1 for evacuation
[30.719s][info][gc,phases      ] GC(58)   Pre Evacuate Collection Set: 0.0ms
[30.719s][info][gc,phases      ] GC(58)   Evacuate Collection Set: 1.2ms
[30.719s][info][gc,phases      ] GC(58)   Post Evacuate Collection Set: 6.1ms
[30.719s][info][gc,phases      ] GC(58)   Other: 0.2ms
[30.719s][info][gc,heap        ] GC(58) Eden regions: 63->0(63)
[30.719s][info][gc,heap        ] GC(58) Survivor regions: 1->1(8)
[30.719s][info][gc,heap        ] GC(58) Old regions: 24->24
[30.719s][info][gc,heap        ] GC(58) Humongous regions: 6->6
[30.719s][info][gc,metaspace   ] GC(58) Metaspace: 60189K->60189K(1103872K)
[30.719s][info][gc             ] GC(58) Pause Young (Normal) (G1 Evacuation Pause) 91M->28M(108M) 7.597ms
[30.719s][info][gc,cpu         ] GC(58) User=0.01s Sys=0.00s Real=0.01s
[30.847s][info][gc,start       ] GC(59) Pause Young (Normal) (G1 Evacuation Pause)
[30.847s][info][gc,task        ] GC(59) Using 1 workers of 1 for evacuation
[30.849s][info][gc,phases      ] GC(59)   Pre Evacuate Collection Set: 0.0ms
[30.849s][info][gc,phases      ] GC(59)   Evacuate Collection Set: 1.2ms
[30.849s][info][gc,phases      ] GC(59)   Post Evacuate Collection Set: 0.2ms
[30.849s][info][gc,phases      ] GC(59)   Other: 0.1ms
[30.849s][info][gc,heap        ] GC(59) Eden regions: 63->0(63)
[30.849s][info][gc,heap        ] GC(59) Survivor regions: 1->1(8)
[30.849s][info][gc,heap        ] GC(59) Old regions: 24->24
[30.849s][info][gc,heap        ] GC(59) Humongous regions: 6->6
[30.849s][info][gc,metaspace   ] GC(59) Metaspace: 60189K->60189K(1103872K)
[30.849s][info][gc             ] GC(59) Pause Young (Normal) (G1 Evacuation Pause) 91M->28M(108M) 1.516ms
[30.849s][info][gc,cpu         ] GC(59) User=0.00s Sys=0.00s Real=0.00s
[30.973s][info][gc,start       ] GC(60) Pause Young (Normal) (G1 Evacuation Pause)
[30.973s][info][gc,task        ] GC(60) Using 1 workers of 1 for evacuation
[30.974s][info][gc,phases      ] GC(60)   Pre Evacuate Collection Set: 0.0ms
[30.975s][info][gc,phases      ] GC(60)   Evacuate Collection Set: 1.2ms
[30.975s][info][gc,phases      ] GC(60)   Post Evacuate Collection Set: 0.2ms
[30.975s][info][gc,phases      ] GC(60)   Other: 0.3ms
[30.975s][info][gc,heap        ] GC(60) Eden regions: 63->0(63)
[30.975s][info][gc,heap        ] GC(60) Survivor regions: 1->1(8)
[30.975s][info][gc,heap        ] GC(60) Old regions: 24->24
[30.975s][info][gc,heap        ] GC(60) Humongous regions: 6->6
[30.975s][info][gc,metaspace   ] GC(60) Metaspace: 60189K->60189K(1103872K)
[30.975s][info][gc             ] GC(60) Pause Young (Normal) (G1 Evacuation Pause) 91M->28M(108M) 1.688ms
[30.975s][info][gc,cpu         ] GC(60) User=0.01s Sys=0.00s Real=0.00s
[31.120s][info][gc,start       ] GC(61) Pause Young (Normal) (G1 Evacuation Pause)
[31.120s][info][gc,task        ] GC(61) Using 1 workers of 1 for evacuation
[31.121s][info][gc,phases      ] GC(61)   Pre Evacuate Collection Set: 0.0ms
[31.121s][info][gc,phases      ] GC(61)   Evacuate Collection Set: 1.1ms
[31.121s][info][gc,phases      ] GC(61)   Post Evacuate Collection Set: 0.2ms
[31.121s][info][gc,phases      ] GC(61)   Other: 0.2ms
[31.121s][info][gc,heap        ] GC(61) Eden regions: 63->0(63)
[31.121s][info][gc,heap        ] GC(61) Survivor regions: 1->1(8)
[31.121s][info][gc,heap        ] GC(61) Old regions: 24->24
[31.121s][info][gc,heap        ] GC(61) Humongous regions: 6->6
[31.121s][info][gc,metaspace   ] GC(61) Metaspace: 60189K->60189K(1103872K)
[31.121s][info][gc             ] GC(61) Pause Young (Normal) (G1 Evacuation Pause) 91M->28M(108M) 1.520ms
[31.121s][info][gc,cpu         ] GC(61) User=0.00s Sys=0.00s Real=0.00s
[31.256s][info][gc,start       ] GC(62) Pause Young (Normal) (G1 Evacuation Pause)
[31.256s][info][gc,task        ] GC(62) Using 1 workers of 1 for evacuation
[31.258s][info][gc,phases      ] GC(62)   Pre Evacuate Collection Set: 0.0ms
[31.258s][info][gc,phases      ] GC(62)   Evacuate Collection Set: 1.1ms
[31.258s][info][gc,phases      ] GC(62)   Post Evacuate Collection Set: 0.2ms
[31.258s][info][gc,phases      ] GC(62)   Other: 0.2ms
[31.258s][info][gc,heap        ] GC(62) Eden regions: 63->0(63)
[31.258s][info][gc,heap        ] GC(62) Survivor regions: 1->1(8)
[31.258s][info][gc,heap        ] GC(62) Old regions: 24->24
[31.258s][info][gc,heap        ] GC(62) Humongous regions: 6->6
[31.258s][info][gc,metaspace   ] GC(62) Metaspace: 60189K->60189K(1103872K)
[31.258s][info][gc             ] GC(62) Pause Young (Normal) (G1 Evacuation Pause) 91M->28M(108M) 1.538ms
[31.258s][info][gc,cpu         ] GC(62) User=0.01s Sys=0.00s Real=0.00s
[31.387s][info][gc,start       ] GC(63) Pause Young (Normal) (G1 Evacuation Pause)
[31.388s][info][gc,task        ] GC(63) Using 1 workers of 1 for evacuation
[31.389s][info][gc,phases      ] GC(63)   Pre Evacuate Collection Set: 0.0ms
[31.389s][info][gc,phases      ] GC(63)   Evacuate Collection Set: 1.1ms
[31.389s][info][gc,phases      ] GC(63)   Post Evacuate Collection Set: 0.2ms
[31.389s][info][gc,phases      ] GC(63)   Other: 0.2ms
[31.389s][info][gc,heap        ] GC(63) Eden regions: 63->0(63)
[31.389s][info][gc,heap        ] GC(63) Survivor regions: 1->1(8)
[31.389s][info][gc,heap        ] GC(63) Old regions: 24->24
[31.389s][info][gc,heap        ] GC(63) Humongous regions: 6->6
[31.389s][info][gc,metaspace   ] GC(63) Metaspace: 60189K->60189K(1103872K)
[31.389s][info][gc             ] GC(63) Pause Young (Normal) (G1 Evacuation Pause) 91M->28M(108M) 1.504ms
[31.389s][info][gc,cpu         ] GC(63) User=0.00s Sys=0.00s Real=0.00s
[31.535s][info][gc,start       ] GC(64) Pause Young (Normal) (G1 Evacuation Pause)
[31.535s][info][gc,task        ] GC(64) Using 1 workers of 1 for evacuation
[31.536s][info][gc,phases      ] GC(64)   Pre Evacuate Collection Set: 0.0ms
[31.536s][info][gc,phases      ] GC(64)   Evacuate Collection Set: 1.1ms
[31.536s][info][gc,phases      ] GC(64)   Post Evacuate Collection Set: 0.2ms
[31.536s][info][gc,phases      ] GC(64)   Other: 0.1ms
[31.536s][info][gc,heap        ] GC(64) Eden regions: 63->0(63)
[31.536s][info][gc,heap        ] GC(64) Survivor regions: 1->1(8)
[31.536s][info][gc,heap        ] GC(64) Old regions: 24->24
[31.536s][info][gc,heap        ] GC(64) Humongous regions: 6->6
[31.536s][info][gc,metaspace   ] GC(64) Metaspace: 60190K->60190K(1103872K)
[31.536s][info][gc             ] GC(64) Pause Young (Normal) (G1 Evacuation Pause) 91M->28M(108M) 1.437ms
[31.536s][info][gc,cpu         ] GC(64) User=0.01s Sys=0.00s Real=0.00s
[31.677s][info][gc,start       ] GC(65) Pause Young (Normal) (G1 Evacuation Pause)
[31.681s][info][gc,task        ] GC(65) Using 1 workers of 1 for evacuation
[31.683s][info][gc,phases      ] GC(65)   Pre Evacuate Collection Set: 0.0ms
[31.683s][info][gc,phases      ] GC(65)   Evacuate Collection Set: 1.2ms
[31.683s][info][gc,phases      ] GC(65)   Post Evacuate Collection Set: 0.2ms
[31.683s][info][gc,phases      ] GC(65)   Other: 5.0ms
[31.683s][info][gc,heap        ] GC(65) Eden regions: 63->0(63)
[31.683s][info][gc,heap        ] GC(65) Survivor regions: 1->1(8)
[31.683s][info][gc,heap        ] GC(65) Old regions: 24->24
[31.683s][info][gc,heap        ] GC(65) Humongous regions: 6->6
[31.683s][info][gc,metaspace   ] GC(65) Metaspace: 60191K->60191K(1103872K)
[31.683s][info][gc             ] GC(65) Pause Young (Normal) (G1 Evacuation Pause) 91M->28M(108M) 6.451ms
[31.683s][info][gc,cpu         ] GC(65) User=0.00s Sys=0.00s Real=0.01s
[31.812s][info][gc,start       ] GC(66) Pause Young (Normal) (G1 Evacuation Pause)
[31.817s][info][gc,task        ] GC(66) Using 1 workers of 1 for evacuation
[31.819s][info][gc,phases      ] GC(66)   Pre Evacuate Collection Set: 0.0ms
[31.819s][info][gc,phases      ] GC(66)   Evacuate Collection Set: 1.1ms
[31.819s][info][gc,phases      ] GC(66)   Post Evacuate Collection Set: 0.2ms
[31.819s][info][gc,phases      ] GC(66)   Other: 5.3ms
[31.819s][info][gc,heap        ] GC(66) Eden regions: 63->0(63)
[31.819s][info][gc,heap        ] GC(66) Survivor regions: 1->1(8)
[31.819s][info][gc,heap        ] GC(66) Old regions: 24->24
[31.819s][info][gc,heap        ] GC(66) Humongous regions: 6->6
[31.819s][info][gc,metaspace   ] GC(66) Metaspace: 60191K->60191K(1103872K)
[31.819s][info][gc             ] GC(66) Pause Young (Normal) (G1 Evacuation Pause) 91M->28M(108M) 6.635ms
[31.819s][info][gc,cpu         ] GC(66) User=0.00s Sys=0.00s Real=0.00s
[31.951s][info][gc,start       ] GC(67) Pause Young (Normal) (G1 Evacuation Pause)
[31.951s][info][gc,task        ] GC(67) Using 1 workers of 1 for evacuation
[31.953s][info][gc,phases      ] GC(67)   Pre Evacuate Collection Set: 0.0ms
[31.953s][info][gc,phases      ] GC(67)   Evacuate Collection Set: 1.1ms
[31.953s][info][gc,phases      ] GC(67)   Post Evacuate Collection Set: 0.2ms
[31.953s][info][gc,phases      ] GC(67)   Other: 0.1ms
[31.953s][info][gc,heap        ] GC(67) Eden regions: 63->0(63)
[31.953s][info][gc,heap        ] GC(67) Survivor regions: 1->1(8)
[31.953s][info][gc,heap        ] GC(67) Old regions: 24->24
[31.953s][info][gc,heap        ] GC(67) Humongous regions: 6->6
[31.953s][info][gc,metaspace   ] GC(67) Metaspace: 60191K->60191K(1103872K)
[31.953s][info][gc             ] GC(67) Pause Young (Normal) (G1 Evacuation Pause) 91M->28M(108M) 1.493ms
[31.953s][info][gc,cpu         ] GC(67) User=0.00s Sys=0.00s Real=0.00s
[32.078s][info][gc,start       ] GC(68) Pause Young (Normal) (G1 Evacuation Pause)
[32.078s][info][gc,task        ] GC(68) Using 1 workers of 1 for evacuation
[32.080s][info][gc,phases      ] GC(68)   Pre Evacuate Collection Set: 0.0ms
[32.080s][info][gc,phases      ] GC(68)   Evacuate Collection Set: 1.1ms
[32.080s][info][gc,phases      ] GC(68)   Post Evacuate Collection Set: 0.2ms
[32.080s][info][gc,phases      ] GC(68)   Other: 0.2ms
[32.080s][info][gc,heap        ] GC(68) Eden regions: 63->0(63)
[32.080s][info][gc,heap        ] GC(68) Survivor regions: 1->1(8)
[32.080s][info][gc,heap        ] GC(68) Old regions: 24->24
[32.080s][info][gc,heap        ] GC(68) Humongous regions: 6->6
[32.080s][info][gc,metaspace   ] GC(68) Metaspace: 60191K->60191K(1103872K)
[32.080s][info][gc             ] GC(68) Pause Young (Normal) (G1 Evacuation Pause) 91M->28M(108M) 1.542ms
[32.080s][info][gc,cpu         ] GC(68) User=0.00s Sys=0.00s Real=0.01s
[32.209s][info][gc,start       ] GC(69) Pause Young (Normal) (G1 Evacuation Pause)
[32.209s][info][gc,task        ] GC(69) Using 1 workers of 1 for evacuation
[32.210s][info][gc,phases      ] GC(69)   Pre Evacuate Collection Set: 0.0ms
[32.210s][info][gc,phases      ] GC(69)   Evacuate Collection Set: 1.1ms
[32.210s][info][gc,phases      ] GC(69)   Post Evacuate Collection Set: 0.2ms
[32.210s][info][gc,phases      ] GC(69)   Other: 0.2ms
[32.210s][info][gc,heap        ] GC(69) Eden regions: 63->0(63)
[32.210s][info][gc,heap        ] GC(69) Survivor regions: 1->1(8)
[32.210s][info][gc,heap        ] GC(69) Old regions: 24->24
[32.210s][info][gc,heap        ] GC(69) Humongous regions: 6->6
[32.210s][info][gc,metaspace   ] GC(69) Metaspace: 60191K->60191K(1103872K)
[32.210s][info][gc             ] GC(69) Pause Young (Normal) (G1 Evacuation Pause) 91M->28M(108M) 1.533ms
[32.210s][info][gc,cpu         ] GC(69) User=0.00s Sys=0.00s Real=0.00s
[32.340s][info][gc,start       ] GC(70) Pause Young (Normal) (G1 Evacuation Pause)
[32.340s][info][gc,task        ] GC(70) Using 1 workers of 1 for evacuation
[32.341s][info][gc,phases      ] GC(70)   Pre Evacuate Collection Set: 0.0ms
[32.341s][info][gc,phases      ] GC(70)   Evacuate Collection Set: 1.1ms
[32.341s][info][gc,phases      ] GC(70)   Post Evacuate Collection Set: 0.2ms
[32.341s][info][gc,phases      ] GC(70)   Other: 0.1ms
[32.341s][info][gc,heap        ] GC(70) Eden regions: 63->0(63)
[32.341s][info][gc,heap        ] GC(70) Survivor regions: 1->1(8)
[32.341s][info][gc,heap        ] GC(70) Old regions: 24->24
[32.341s][info][gc,heap        ] GC(70) Humongous regions: 6->6
[32.341s][info][gc,metaspace   ] GC(70) Metaspace: 60191K->60191K(1103872K)
[32.341s][info][gc             ] GC(70) Pause Young (Normal) (G1 Evacuation Pause) 91M->28M(108M) 1.420ms
[32.341s][info][gc,cpu         ] GC(70) User=0.00s Sys=0.00s Real=0.00s
[32.924s][info][gc,start       ] GC(71) Pause Young (Normal) (G1 Evacuation Pause)
[32.924s][info][gc,task        ] GC(71) Using 1 workers of 1 for evacuation
[32.928s][info][gc,phases      ] GC(71)   Pre Evacuate Collection Set: 0.0ms
[32.930s][info][gc,phases      ] GC(71)   Evacuate Collection Set: 3.1ms
[32.930s][info][gc,phases      ] GC(71)   Post Evacuate Collection Set: 0.3ms
[32.930s][info][gc,phases      ] GC(71)   Other: 0.2ms
[32.930s][info][gc,heap        ] GC(71) Eden regions: 63->0(63)
[32.930s][info][gc,heap        ] GC(71) Survivor regions: 1->1(8)
[32.930s][info][gc,heap        ] GC(71) Old regions: 24->24
[32.930s][info][gc,heap        ] GC(71) Humongous regions: 6->6
[32.930s][info][gc,metaspace   ] GC(71) Metaspace: 60848K->60848K(1103872K)
[32.930s][info][gc             ] GC(71) Pause Young (Normal) (G1 Evacuation Pause) 91M->29M(108M) 6.554ms
[32.930s][info][gc,cpu         ] GC(71) User=0.00s Sys=0.00s Real=0.01s
[33.256s][info][gc,start       ] GC(72) Pause Young (Normal) (G1 Evacuation Pause)
[33.256s][info][gc,task        ] GC(72) Using 1 workers of 1 for evacuation
[33.264s][info][gc,phases      ] GC(72)   Pre Evacuate Collection Set: 0.0ms
[33.264s][info][gc,phases      ] GC(72)   Evacuate Collection Set: 7.2ms
[33.264s][info][gc,phases      ] GC(72)   Post Evacuate Collection Set: 0.3ms
[33.264s][info][gc,phases      ] GC(72)   Other: 0.2ms
[33.264s][info][gc,heap        ] GC(72) Eden regions: 63->0(63)
[33.264s][info][gc,heap        ] GC(72) Survivor regions: 1->1(8)
[33.264s][info][gc,heap        ] GC(72) Old regions: 24->24
[33.264s][info][gc,heap        ] GC(72) Humongous regions: 6->6
[33.264s][info][gc,metaspace   ] GC(72) Metaspace: 60848K->60848K(1103872K)
[33.264s][info][gc             ] GC(72) Pause Young (Normal) (G1 Evacuation Pause) 92M->29M(108M) 7.748ms
[33.264s][info][gc,cpu         ] GC(72) User=0.00s Sys=0.00s Real=0.01s
[33.436s][info][gc,start       ] GC(73) Pause Young (Normal) (G1 Evacuation Pause)
[33.439s][info][gc,task        ] GC(73) Using 1 workers of 1 for evacuation
[33.442s][info][gc,phases      ] GC(73)   Pre Evacuate Collection Set: 0.0ms
[33.442s][info][gc,phases      ] GC(73)   Evacuate Collection Set: 2.4ms
[33.442s][info][gc,phases      ] GC(73)   Post Evacuate Collection Set: 0.2ms
[33.442s][info][gc,phases      ] GC(73)   Other: 3.9ms
[33.442s][info][gc,heap        ] GC(73) Eden regions: 63->0(63)
[33.442s][info][gc,heap        ] GC(73) Survivor regions: 1->1(8)
[33.442s][info][gc,heap        ] GC(73) Old regions: 24->24
[33.442s][info][gc,heap        ] GC(73) Humongous regions: 6->6
[33.442s][info][gc,metaspace   ] GC(73) Metaspace: 60848K->60848K(1103872K)
[33.442s][info][gc             ] GC(73) Pause Young (Normal) (G1 Evacuation Pause) 92M->29M(108M) 6.570ms
[33.442s][info][gc,cpu         ] GC(73) User=0.00s Sys=0.00s Real=0.01s
[33.569s][info][gc,start       ] GC(74) Pause Young (Normal) (G1 Evacuation Pause)
[33.575s][info][gc,task        ] GC(74) Using 1 workers of 1 for evacuation
[33.578s][info][gc,phases      ] GC(74)   Pre Evacuate Collection Set: 0.0ms
[33.578s][info][gc,phases      ] GC(74)   Evacuate Collection Set: 2.3ms
[33.578s][info][gc,phases      ] GC(74)   Post Evacuate Collection Set: 0.2ms
[33.578s][info][gc,phases      ] GC(74)   Other: 6.6ms
[33.578s][info][gc,heap        ] GC(74) Eden regions: 63->0(63)
[33.578s][info][gc,heap        ] GC(74) Survivor regions: 1->1(8)
[33.578s][info][gc,heap        ] GC(74) Old regions: 24->24
[33.578s][info][gc,heap        ] GC(74) Humongous regions: 6->6
[33.578s][info][gc,metaspace   ] GC(74) Metaspace: 60848K->60848K(1103872K)
[33.578s][info][gc             ] GC(74) Pause Young (Normal) (G1 Evacuation Pause) 92M->29M(108M) 9.216ms
[33.578s][info][gc,cpu         ] GC(74) User=0.01s Sys=0.00s Real=0.00s
[33.704s][info][gc,start       ] GC(75) Pause Young (Normal) (G1 Evacuation Pause)
[33.704s][info][gc,task        ] GC(75) Using 1 workers of 1 for evacuation
[33.711s][info][gc,phases      ] GC(75)   Pre Evacuate Collection Set: 0.0ms
[33.711s][info][gc,phases      ] GC(75)   Evacuate Collection Set: 7.1ms
[33.711s][info][gc,phases      ] GC(75)   Post Evacuate Collection Set: 0.3ms
[33.711s][info][gc,phases      ] GC(75)   Other: 0.3ms
[33.711s][info][gc,heap        ] GC(75) Eden regions: 63->0(63)
[33.711s][info][gc,heap        ] GC(75) Survivor regions: 1->1(8)
[33.711s][info][gc,heap        ] GC(75) Old regions: 24->24
[33.711s][info][gc,heap        ] GC(75) Humongous regions: 6->6
[33.711s][info][gc,metaspace   ] GC(75) Metaspace: 60848K->60848K(1103872K)
[33.711s][info][gc             ] GC(75) Pause Young (Normal) (G1 Evacuation Pause) 92M->29M(108M) 7.725ms
[33.712s][info][gc,cpu         ] GC(75) User=0.00s Sys=0.00s Real=0.01s
[33.841s][info][gc,start       ] GC(76) Pause Young (Normal) (G1 Evacuation Pause)
[33.843s][info][gc,task        ] GC(76) Using 1 workers of 1 for evacuation
[33.846s][info][gc,phases      ] GC(76)   Pre Evacuate Collection Set: 0.0ms
[33.846s][info][gc,phases      ] GC(76)   Evacuate Collection Set: 2.3ms
[33.846s][info][gc,phases      ] GC(76)   Post Evacuate Collection Set: 0.2ms
[33.846s][info][gc,phases      ] GC(76)   Other: 2.7ms
[33.846s][info][gc,heap        ] GC(76) Eden regions: 63->0(63)
[33.846s][info][gc,heap        ] GC(76) Survivor regions: 1->1(8)
[33.846s][info][gc,heap        ] GC(76) Old regions: 24->24
[33.846s][info][gc,heap        ] GC(76) Humongous regions: 6->6
[33.846s][info][gc,metaspace   ] GC(76) Metaspace: 60848K->60848K(1103872K)
[33.846s][info][gc             ] GC(76) Pause Young (Normal) (G1 Evacuation Pause) 92M->29M(108M) 5.355ms
[33.846s][info][gc,cpu         ] GC(76) User=0.00s Sys=0.00s Real=0.00s
[33.978s][info][gc,start       ] GC(77) Pause Young (Normal) (G1 Evacuation Pause)
[33.978s][info][gc,task        ] GC(77) Using 1 workers of 1 for evacuation
[33.984s][info][gc,phases      ] GC(77)   Pre Evacuate Collection Set: 0.0ms
[33.984s][info][gc,phases      ] GC(77)   Evacuate Collection Set: 6.3ms
[33.984s][info][gc,phases      ] GC(77)   Post Evacuate Collection Set: 0.2ms
[33.985s][info][gc,phases      ] GC(77)   Other: 0.2ms
[33.985s][info][gc,heap        ] GC(77) Eden regions: 63->0(63)
[33.985s][info][gc,heap        ] GC(77) Survivor regions: 1->1(8)
[33.985s][info][gc,heap        ] GC(77) Old regions: 24->24
[33.985s][info][gc,heap        ] GC(77) Humongous regions: 6->6
[33.985s][info][gc,metaspace   ] GC(77) Metaspace: 60848K->60848K(1103872K)
[33.985s][info][gc             ] GC(77) Pause Young (Normal) (G1 Evacuation Pause) 92M->29M(108M) 6.814ms
[33.985s][info][gc,cpu         ] GC(77) User=0.00s Sys=0.00s Real=0.01s
[34.113s][info][gc,start       ] GC(78) Pause Young (Normal) (G1 Evacuation Pause)
[34.113s][info][gc,task        ] GC(78) Using 1 workers of 1 for evacuation
[34.120s][info][gc,phases      ] GC(78)   Pre Evacuate Collection Set: 0.0ms
[34.120s][info][gc,phases      ] GC(78)   Evacuate Collection Set: 6.4ms
[34.120s][info][gc,phases      ] GC(78)   Post Evacuate Collection Set: 0.4ms
[34.120s][info][gc,phases      ] GC(78)   Other: 0.1ms
[34.120s][info][gc,heap        ] GC(78) Eden regions: 63->0(70)
[34.120s][info][gc,heap        ] GC(78) Survivor regions: 1->1(8)
[34.120s][info][gc,heap        ] GC(78) Old regions: 24->24
[34.120s][info][gc,heap        ] GC(78) Humongous regions: 6->6
[34.120s][info][gc,metaspace   ] GC(78) Metaspace: 60848K->60848K(1103872K)
[34.120s][info][gc             ] GC(78) Pause Young (Normal) (G1 Evacuation Pause) 92M->29M(130M) 7.053ms
[34.120s][info][gc,cpu         ] GC(78) User=0.01s Sys=0.00s Real=0.01s
[34.302s][info][gc,start       ] GC(79) Pause Young (Normal) (G1 Evacuation Pause)
[34.307s][info][gc,task        ] GC(79) Using 1 workers of 1 for evacuation
[34.310s][info][gc,phases      ] GC(79)   Pre Evacuate Collection Set: 0.0ms
[34.310s][info][gc,phases      ] GC(79)   Evacuate Collection Set: 2.3ms
[34.310s][info][gc,phases      ] GC(79)   Post Evacuate Collection Set: 0.2ms
[34.310s][info][gc,phases      ] GC(79)   Other: 5.2ms
[34.310s][info][gc,heap        ] GC(79) Eden regions: 70->0(73)
[34.310s][info][gc,heap        ] GC(79) Survivor regions: 1->1(9)
[34.310s][info][gc,heap        ] GC(79) Old regions: 24->24
[34.310s][info][gc,heap        ] GC(79) Humongous regions: 6->6
[34.310s][info][gc,metaspace   ] GC(79) Metaspace: 60848K->60848K(1103872K)
[34.310s][info][gc             ] GC(79) Pause Young (Normal) (G1 Evacuation Pause) 99M->29M(130M) 7.837ms
[34.310s][info][gc,cpu         ] GC(79) User=0.01s Sys=0.00s Real=0.01s
[34.499s][info][gc,start       ] GC(80) Pause Young (Normal) (G1 Evacuation Pause)
[34.499s][info][gc,task        ] GC(80) Using 1 workers of 1 for evacuation
[34.505s][info][gc,phases      ] GC(80)   Pre Evacuate Collection Set: 0.0ms
[34.505s][info][gc,phases      ] GC(80)   Evacuate Collection Set: 5.5ms
[34.505s][info][gc,phases      ] GC(80)   Post Evacuate Collection Set: 0.3ms
[34.505s][info][gc,phases      ] GC(80)   Other: 0.1ms
[34.505s][info][gc,heap        ] GC(80) Eden regions: 73->0(75)
[34.505s][info][gc,heap        ] GC(80) Survivor regions: 1->1(10)
[34.505s][info][gc,heap        ] GC(80) Old regions: 24->24
[34.505s][info][gc,heap        ] GC(80) Humongous regions: 6->6
[34.505s][info][gc,metaspace   ] GC(80) Metaspace: 60908K->60908K(1103872K)
[34.505s][info][gc             ] GC(80) Pause Young (Normal) (G1 Evacuation Pause) 102M->29M(130M) 6.019ms
[34.505s][info][gc,cpu         ] GC(80) User=0.00s Sys=0.00s Real=0.01s
[34.660s][info][gc,start       ] GC(81) Pause Young (Normal) (G1 Evacuation Pause)
[34.660s][info][gc,task        ] GC(81) Using 1 workers of 1 for evacuation
[34.666s][info][gc,phases      ] GC(81)   Pre Evacuate Collection Set: 0.0ms
[34.666s][info][gc,phases      ] GC(81)   Evacuate Collection Set: 5.4ms
[34.666s][info][gc,phases      ] GC(81)   Post Evacuate Collection Set: 0.3ms
[34.666s][info][gc,phases      ] GC(81)   Other: 0.2ms
[34.666s][info][gc,heap        ] GC(81) Eden regions: 75->0(76)
[34.666s][info][gc,heap        ] GC(81) Survivor regions: 1->1(10)
[34.666s][info][gc,heap        ] GC(81) Old regions: 24->24
[34.666s][info][gc,heap        ] GC(81) Humongous regions: 6->6
[34.666s][info][gc,metaspace   ] GC(81) Metaspace: 60909K->60909K(1103872K)
[34.666s][info][gc             ] GC(81) Pause Young (Normal) (G1 Evacuation Pause) 104M->29M(130M) 6.040ms
[34.666s][info][gc,cpu         ] GC(81) User=0.00s Sys=0.00s Real=0.00s
[34.823s][info][gc,start       ] GC(82) Pause Young (Normal) (G1 Evacuation Pause)
[34.823s][info][gc,task        ] GC(82) Using 1 workers of 1 for evacuation
[34.828s][info][gc,phases      ] GC(82)   Pre Evacuate Collection Set: 0.0ms
[34.828s][info][gc,phases      ] GC(82)   Evacuate Collection Set: 4.6ms
[34.828s][info][gc,phases      ] GC(82)   Post Evacuate Collection Set: 0.3ms
[34.828s][info][gc,phases      ] GC(82)   Other: 0.2ms
[34.828s][info][gc,heap        ] GC(82) Eden regions: 76->0(76)
[34.828s][info][gc,heap        ] GC(82) Survivor regions: 1->1(10)
[34.828s][info][gc,heap        ] GC(82) Old regions: 24->24
[34.828s][info][gc,heap        ] GC(82) Humongous regions: 6->6
[34.828s][info][gc,metaspace   ] GC(82) Metaspace: 60909K->60909K(1103872K)
[34.828s][info][gc             ] GC(82) Pause Young (Normal) (G1 Evacuation Pause) 105M->29M(130M) 5.106ms
[34.828s][info][gc,cpu         ] GC(82) User=0.01s Sys=0.00s Real=0.01s
[34.986s][info][gc,start       ] GC(83) Pause Young (Normal) (G1 Evacuation Pause)
[34.987s][info][gc,task        ] GC(83) Using 1 workers of 1 for evacuation
[34.989s][info][gc,phases      ] GC(83)   Pre Evacuate Collection Set: 0.0ms
[34.989s][info][gc,phases      ] GC(83)   Evacuate Collection Set: 2.3ms
[34.989s][info][gc,phases      ] GC(83)   Post Evacuate Collection Set: 0.3ms
[34.989s][info][gc,phases      ] GC(83)   Other: 0.2ms
[34.989s][info][gc,heap        ] GC(83) Eden regions: 76->0(84)
[34.989s][info][gc,heap        ] GC(83) Survivor regions: 1->1(10)
[34.989s][info][gc,heap        ] GC(83) Old regions: 24->24
[34.989s][info][gc,heap        ] GC(83) Humongous regions: 6->6
[34.989s][info][gc,metaspace   ] GC(83) Metaspace: 60910K->60910K(1103872K)
[34.989s][info][gc             ] GC(83) Pause Young (Normal) (G1 Evacuation Pause) 105M->29M(156M) 2.963ms
[34.989s][info][gc,cpu         ] GC(83) User=0.00s Sys=0.00s Real=0.01s
[35.194s][info][gc,start       ] GC(84) Pause Young (Normal) (G1 Evacuation Pause)
[35.194s][info][gc,task        ] GC(84) Using 1 workers of 1 for evacuation
[35.202s][info][gc,phases      ] GC(84)   Pre Evacuate Collection Set: 0.0ms
[35.203s][info][gc,phases      ] GC(84)   Evacuate Collection Set: 7.3ms
[35.203s][info][gc,phases      ] GC(84)   Post Evacuate Collection Set: 0.2ms
[35.203s][info][gc,phases      ] GC(84)   Other: 0.2ms
[35.203s][info][gc,heap        ] GC(84) Eden regions: 84->0(89)
[35.203s][info][gc,heap        ] GC(84) Survivor regions: 1->1(11)
[35.203s][info][gc,heap        ] GC(84) Old regions: 24->24
[35.203s][info][gc,heap        ] GC(84) Humongous regions: 6->6
[35.203s][info][gc,metaspace   ] GC(84) Metaspace: 60910K->60910K(1103872K)
[35.203s][info][gc             ] GC(84) Pause Young (Normal) (G1 Evacuation Pause) 113M->29M(156M) 9.336ms
[35.203s][info][gc,cpu         ] GC(84) User=0.00s Sys=0.00s Real=0.01s
[35.379s][info][gc,start       ] GC(85) Pause Young (Normal) (G1 Evacuation Pause)
[35.379s][info][gc,task        ] GC(85) Using 1 workers of 1 for evacuation
[35.386s][info][gc,phases      ] GC(85)   Pre Evacuate Collection Set: 0.0ms
[35.386s][info][gc,phases      ] GC(85)   Evacuate Collection Set: 4.1ms
[35.386s][info][gc,phases      ] GC(85)   Post Evacuate Collection Set: 2.6ms
[35.386s][info][gc,phases      ] GC(85)   Other: 0.2ms
[35.386s][info][gc,heap        ] GC(85) Eden regions: 89->0(92)
[35.386s][info][gc,heap        ] GC(85) Survivor regions: 1->1(12)
[35.386s][info][gc,heap        ] GC(85) Old regions: 24->24
[35.386s][info][gc,heap        ] GC(85) Humongous regions: 6->6
[35.386s][info][gc,metaspace   ] GC(85) Metaspace: 60910K->60910K(1103872K)
[35.386s][info][gc             ] GC(85) Pause Young (Normal) (G1 Evacuation Pause) 118M->29M(156M) 6.956ms
[35.386s][info][gc,cpu         ] GC(85) User=0.00s Sys=0.01s Real=0.01s
[35.587s][info][gc,start       ] GC(86) Pause Young (Normal) (G1 Evacuation Pause)
[35.590s][info][gc,task        ] GC(86) Using 1 workers of 1 for evacuation
[35.593s][info][gc,phases      ] GC(86)   Pre Evacuate Collection Set: 0.0ms
[35.593s][info][gc,phases      ] GC(86)   Evacuate Collection Set: 2.5ms
[35.593s][info][gc,phases      ] GC(86)   Post Evacuate Collection Set: 0.2ms
[35.593s][info][gc,phases      ] GC(86)   Other: 2.9ms
[35.593s][info][gc,heap        ] GC(86) Eden regions: 92->0(92)
[35.593s][info][gc,heap        ] GC(86) Survivor regions: 1->1(12)
[35.593s][info][gc,heap        ] GC(86) Old regions: 24->25
[35.593s][info][gc,heap        ] GC(86) Humongous regions: 6->6
[35.593s][info][gc,metaspace   ] GC(86) Metaspace: 60910K->60910K(1103872K)
[35.593s][info][gc             ] GC(86) Pause Young (Normal) (G1 Evacuation Pause) 121M->29M(156M) 5.668ms
[35.593s][info][gc,cpu         ] GC(86) User=0.00s Sys=0.00s Real=0.01s
[35.879s][info][gc,start       ] GC(87) Pause Young (Normal) (G1 Evacuation Pause)
[35.879s][info][gc,task        ] GC(87) Using 1 workers of 1 for evacuation
[35.880s][info][gc,phases      ] GC(87)   Pre Evacuate Collection Set: 0.0ms
[35.881s][info][gc,phases      ] GC(87)   Evacuate Collection Set: 1.3ms
[35.881s][info][gc,phases      ] GC(87)   Post Evacuate Collection Set: 0.2ms
[35.881s][info][gc,phases      ] GC(87)   Other: 0.2ms
[35.881s][info][gc,heap        ] GC(87) Eden regions: 92->0(92)
[35.881s][info][gc,heap        ] GC(87) Survivor regions: 1->1(12)
[35.881s][info][gc,heap        ] GC(87) Old regions: 25->25
[35.881s][info][gc,heap        ] GC(87) Humongous regions: 6->6
[35.881s][info][gc,metaspace   ] GC(87) Metaspace: 60910K->60910K(1103872K)
[35.881s][info][gc             ] GC(87) Pause Young (Normal) (G1 Evacuation Pause) 121M->29M(156M) 1.756ms
[35.881s][info][gc,cpu         ] GC(87) User=0.00s Sys=0.00s Real=0.01s
[36.000s][info][gc,start       ] GC(88) Pause Young (Normal) (G1 Evacuation Pause)
[36.000s][info][gc,task        ] GC(88) Using 1 workers of 1 for evacuation
[36.002s][info][gc,phases      ] GC(88)   Pre Evacuate Collection Set: 0.0ms
[36.002s][info][gc,phases      ] GC(88)   Evacuate Collection Set: 1.2ms
[36.002s][info][gc,phases      ] GC(88)   Post Evacuate Collection Set: 0.2ms
[36.002s][info][gc,phases      ] GC(88)   Other: 0.1ms
[36.002s][info][gc,heap        ] GC(88) Eden regions: 92->0(92)
[36.002s][info][gc,heap        ] GC(88) Survivor regions: 1->1(12)
[36.002s][info][gc,heap        ] GC(88) Old regions: 25->25
[36.002s][info][gc,heap        ] GC(88) Humongous regions: 6->6
[36.002s][info][gc,metaspace   ] GC(88) Metaspace: 60910K->60910K(1103872K)
[36.002s][info][gc             ] GC(88) Pause Young (Normal) (G1 Evacuation Pause) 121M->29M(156M) 1.599ms
[36.002s][info][gc,cpu         ] GC(88) User=0.00s Sys=0.00s Real=0.00s
[36.092s][info][gc,start       ] GC(89) Pause Young (Normal) (G1 Evacuation Pause)
[36.092s][info][gc,task        ] GC(89) Using 1 workers of 1 for evacuation
[36.093s][info][gc,phases      ] GC(89)   Pre Evacuate Collection Set: 0.0ms
[36.093s][info][gc,phases      ] GC(89)   Evacuate Collection Set: 1.2ms
[36.093s][info][gc,phases      ] GC(89)   Post Evacuate Collection Set: 0.2ms
[36.093s][info][gc,phases      ] GC(89)   Other: 0.1ms
[36.093s][info][gc,heap        ] GC(89) Eden regions: 92->0(92)
[36.093s][info][gc,heap        ] GC(89) Survivor regions: 1->1(12)
[36.093s][info][gc,heap        ] GC(89) Old regions: 25->25
[36.093s][info][gc,heap        ] GC(89) Humongous regions: 6->6
[36.093s][info][gc,metaspace   ] GC(89) Metaspace: 60910K->60910K(1103872K)
[36.093s][info][gc             ] GC(89) Pause Young (Normal) (G1 Evacuation Pause) 121M->29M(156M) 1.525ms
[36.093s][info][gc,cpu         ] GC(89) User=0.00s Sys=0.00s Real=0.00s
[36.184s][info][gc,start       ] GC(90) Pause Young (Normal) (G1 Evacuation Pause)
[36.184s][info][gc,task        ] GC(90) Using 1 workers of 1 for evacuation
[36.186s][info][gc,phases      ] GC(90)   Pre Evacuate Collection Set: 0.0ms
[36.186s][info][gc,phases      ] GC(90)   Evacuate Collection Set: 1.2ms
[36.186s][info][gc,phases      ] GC(90)   Post Evacuate Collection Set: 0.2ms
[36.186s][info][gc,phases      ] GC(90)   Other: 0.2ms
[36.186s][info][gc,heap        ] GC(90) Eden regions: 92->0(92)
[36.186s][info][gc,heap        ] GC(90) Survivor regions: 1->1(12)
[36.186s][info][gc,heap        ] GC(90) Old regions: 25->25
[36.186s][info][gc,heap        ] GC(90) Humongous regions: 6->6
[36.186s][info][gc,metaspace   ] GC(90) Metaspace: 60910K->60910K(1103872K)
[36.186s][info][gc             ] GC(90) Pause Young (Normal) (G1 Evacuation Pause) 121M->29M(156M) 1.607ms
[36.186s][info][gc,cpu         ] GC(90) User=0.00s Sys=0.00s Real=0.00s
[36.371s][info][gc,start       ] GC(91) Pause Young (Normal) (G1 Evacuation Pause)
[36.371s][info][gc,task        ] GC(91) Using 1 workers of 1 for evacuation
[36.373s][info][gc,phases      ] GC(91)   Pre Evacuate Collection Set: 0.0ms
[36.373s][info][gc,phases      ] GC(91)   Evacuate Collection Set: 1.9ms
[36.373s][info][gc,phases      ] GC(91)   Post Evacuate Collection Set: 0.2ms
[36.373s][info][gc,phases      ] GC(91)   Other: 0.1ms
[36.373s][info][gc,heap        ] GC(91) Eden regions: 92->0(92)
[36.373s][info][gc,heap        ] GC(91) Survivor regions: 1->1(12)
[36.373s][info][gc,heap        ] GC(91) Old regions: 25->25
[36.373s][info][gc,heap        ] GC(91) Humongous regions: 6->6
[36.373s][info][gc,metaspace   ] GC(91) Metaspace: 60948K->60948K(1103872K)
[36.373s][info][gc             ] GC(91) Pause Young (Normal) (G1 Evacuation Pause) 121M->30M(156M) 2.394ms
[36.373s][info][gc,cpu         ] GC(91) User=0.00s Sys=0.00s Real=0.00s
[36.471s][info][gc,start       ] GC(92) Pause Young (Normal) (G1 Evacuation Pause)
[36.471s][info][gc,task        ] GC(92) Using 1 workers of 1 for evacuation
[36.473s][info][gc,phases      ] GC(92)   Pre Evacuate Collection Set: 0.0ms
[36.473s][info][gc,phases      ] GC(92)   Evacuate Collection Set: 1.8ms
[36.473s][info][gc,phases      ] GC(92)   Post Evacuate Collection Set: 0.2ms
[36.473s][info][gc,phases      ] GC(92)   Other: 0.1ms
[36.473s][info][gc,heap        ] GC(92) Eden regions: 92->0(92)
[36.473s][info][gc,heap        ] GC(92) Survivor regions: 1->1(12)
[36.473s][info][gc,heap        ] GC(92) Old regions: 25->25
[36.473s][info][gc,heap        ] GC(92) Humongous regions: 6->6
[36.473s][info][gc,metaspace   ] GC(92) Metaspace: 60948K->60948K(1103872K)
[36.473s][info][gc             ] GC(92) Pause Young (Normal) (G1 Evacuation Pause) 122M->30M(156M) 2.233ms
[36.473s][info][gc,cpu         ] GC(92) User=0.00s Sys=0.00s Real=0.00s
[36.599s][info][gc,start       ] GC(93) Pause Young (Normal) (G1 Evacuation Pause)
[36.599s][info][gc,task        ] GC(93) Using 1 workers of 1 for evacuation
[36.601s][info][gc,phases      ] GC(93)   Pre Evacuate Collection Set: 0.0ms
[36.601s][info][gc,phases      ] GC(93)   Evacuate Collection Set: 1.8ms
[36.601s][info][gc,phases      ] GC(93)   Post Evacuate Collection Set: 0.3ms
[36.601s][info][gc,phases      ] GC(93)   Other: 0.2ms
[36.601s][info][gc,heap        ] GC(93) Eden regions: 92->0(92)
[36.601s][info][gc,heap        ] GC(93) Survivor regions: 1->1(12)
[36.601s][info][gc,heap        ] GC(93) Old regions: 25->25
[36.601s][info][gc,heap        ] GC(93) Humongous regions: 6->6
[36.601s][info][gc,metaspace   ] GC(93) Metaspace: 60948K->60948K(1103872K)
[36.601s][info][gc             ] GC(93) Pause Young (Normal) (G1 Evacuation Pause) 122M->30M(156M) 2.378ms
[36.601s][info][gc,cpu         ] GC(93) User=0.01s Sys=0.00s Real=0.01s
[36.692s][info][gc,start       ] GC(94) Pause Young (Normal) (G1 Evacuation Pause)
[36.692s][info][gc,task        ] GC(94) Using 1 workers of 1 for evacuation
[36.694s][info][gc,phases      ] GC(94)   Pre Evacuate Collection Set: 0.0ms
[36.694s][info][gc,phases      ] GC(94)   Evacuate Collection Set: 1.8ms
[36.694s][info][gc,phases      ] GC(94)   Post Evacuate Collection Set: 0.2ms
[36.694s][info][gc,phases      ] GC(94)   Other: 0.1ms
[36.694s][info][gc,heap        ] GC(94) Eden regions: 92->0(92)
[36.694s][info][gc,heap        ] GC(94) Survivor regions: 1->1(12)
[36.694s][info][gc,heap        ] GC(94) Old regions: 25->25
[36.694s][info][gc,heap        ] GC(94) Humongous regions: 6->6
[36.694s][info][gc,metaspace   ] GC(94) Metaspace: 60948K->60948K(1103872K)
[36.694s][info][gc             ] GC(94) Pause Young (Normal) (G1 Evacuation Pause) 122M->30M(156M) 2.146ms
[36.694s][info][gc,cpu         ] GC(94) User=0.00s Sys=0.00s Real=0.00s
[36.783s][info][gc,start       ] GC(95) Pause Young (Normal) (G1 Evacuation Pause)
[36.783s][info][gc,task        ] GC(95) Using 1 workers of 1 for evacuation
[36.785s][info][gc,phases      ] GC(95)   Pre Evacuate Collection Set: 0.0ms
[36.785s][info][gc,phases      ] GC(95)   Evacuate Collection Set: 1.7ms
[36.785s][info][gc,phases      ] GC(95)   Post Evacuate Collection Set: 0.2ms
[36.785s][info][gc,phases      ] GC(95)   Other: 0.1ms
[36.785s][info][gc,heap        ] GC(95) Eden regions: 92->0(92)
[36.785s][info][gc,heap        ] GC(95) Survivor regions: 1->1(12)
[36.785s][info][gc,heap        ] GC(95) Old regions: 25->25
[36.785s][info][gc,heap        ] GC(95) Humongous regions: 6->6
[36.785s][info][gc,metaspace   ] GC(95) Metaspace: 60948K->60948K(1103872K)
[36.785s][info][gc             ] GC(95) Pause Young (Normal) (G1 Evacuation Pause) 122M->30M(156M) 2.147ms
[36.785s][info][gc,cpu         ] GC(95) User=0.00s Sys=0.00s Real=0.00s
[36.881s][info][gc,start       ] GC(96) Pause Young (Normal) (G1 Evacuation Pause)
[36.881s][info][gc,task        ] GC(96) Using 1 workers of 1 for evacuation
[36.883s][info][gc,phases      ] GC(96)   Pre Evacuate Collection Set: 0.0ms
[36.883s][info][gc,phases      ] GC(96)   Evacuate Collection Set: 1.5ms
[36.883s][info][gc,phases      ] GC(96)   Post Evacuate Collection Set: 0.3ms
[36.883s][info][gc,phases      ] GC(96)   Other: 0.1ms
[36.883s][info][gc,heap        ] GC(96) Eden regions: 92->0(92)
[36.883s][info][gc,heap        ] GC(96) Survivor regions: 1->1(12)
[36.883s][info][gc,heap        ] GC(96) Old regions: 25->25
[36.883s][info][gc,heap        ] GC(96) Humongous regions: 6->6
[36.883s][info][gc,metaspace   ] GC(96) Metaspace: 60948K->60948K(1103872K)
[36.883s][info][gc             ] GC(96) Pause Young (Normal) (G1 Evacuation Pause) 122M->30M(156M) 2.010ms
[36.883s][info][gc,cpu         ] GC(96) User=0.00s Sys=0.00s Real=0.00s
[36.973s][info][gc,start       ] GC(97) Pause Young (Normal) (G1 Evacuation Pause)
[36.973s][info][gc,task        ] GC(97) Using 1 workers of 1 for evacuation
[36.974s][info][gc,phases      ] GC(97)   Pre Evacuate Collection Set: 0.0ms
[36.974s][info][gc,phases      ] GC(97)   Evacuate Collection Set: 1.6ms
[36.974s][info][gc,phases      ] GC(97)   Post Evacuate Collection Set: 0.2ms
[36.974s][info][gc,phases      ] GC(97)   Other: 0.1ms
[36.974s][info][gc,heap        ] GC(97) Eden regions: 92->0(92)
[36.974s][info][gc,heap        ] GC(97) Survivor regions: 1->1(12)
[36.974s][info][gc,heap        ] GC(97) Old regions: 25->25
[36.974s][info][gc,heap        ] GC(97) Humongous regions: 6->6
[36.974s][info][gc,metaspace   ] GC(97) Metaspace: 60948K->60948K(1103872K)
[36.975s][info][gc             ] GC(97) Pause Young (Normal) (G1 Evacuation Pause) 122M->30M(156M) 2.000ms
[36.975s][info][gc,cpu         ] GC(97) User=0.00s Sys=0.00s Real=0.00s
[37.068s][info][gc,start       ] GC(98) Pause Young (Normal) (G1 Evacuation Pause)
[37.068s][info][gc,task        ] GC(98) Using 1 workers of 1 for evacuation
[37.069s][info][gc,phases      ] GC(98)   Pre Evacuate Collection Set: 0.0ms
[37.070s][info][gc,phases      ] GC(98)   Evacuate Collection Set: 1.5ms
[37.070s][info][gc,phases      ] GC(98)   Post Evacuate Collection Set: 0.2ms
[37.070s][info][gc,phases      ] GC(98)   Other: 0.3ms
[37.070s][info][gc,heap        ] GC(98) Eden regions: 92->0(92)
[37.070s][info][gc,heap        ] GC(98) Survivor regions: 1->1(12)
[37.070s][info][gc,heap        ] GC(98) Old regions: 25->25
[37.070s][info][gc,heap        ] GC(98) Humongous regions: 6->6
[37.070s][info][gc,metaspace   ] GC(98) Metaspace: 60948K->60948K(1103872K)
[37.070s][info][gc             ] GC(98) Pause Young (Normal) (G1 Evacuation Pause) 122M->30M(156M) 2.034ms
[37.070s][info][gc,cpu         ] GC(98) User=0.00s Sys=0.00s Real=0.01s
[37.163s][info][gc,start       ] GC(99) Pause Young (Normal) (G1 Evacuation Pause)
[37.163s][info][gc,task        ] GC(99) Using 1 workers of 1 for evacuation
[37.165s][info][gc,phases      ] GC(99)   Pre Evacuate Collection Set: 0.0ms
[37.165s][info][gc,phases      ] GC(99)   Evacuate Collection Set: 1.6ms
[37.165s][info][gc,phases      ] GC(99)   Post Evacuate Collection Set: 0.2ms
[37.165s][info][gc,phases      ] GC(99)   Other: 0.1ms
[37.165s][info][gc,heap        ] GC(99) Eden regions: 92->0(92)
[37.165s][info][gc,heap        ] GC(99) Survivor regions: 1->1(12)
[37.165s][info][gc,heap        ] GC(99) Old regions: 25->25
[37.165s][info][gc,heap        ] GC(99) Humongous regions: 6->6
[37.165s][info][gc,metaspace   ] GC(99) Metaspace: 60948K->60948K(1103872K)
[37.165s][info][gc             ] GC(99) Pause Young (Normal) (G1 Evacuation Pause) 122M->30M(156M) 1.958ms
[37.165s][info][gc,cpu         ] GC(99) User=0.01s Sys=0.00s Real=0.00s
[37.257s][info][gc,start       ] GC(100) Pause Young (Normal) (G1 Evacuation Pause)
[37.257s][info][gc,task        ] GC(100) Using 1 workers of 1 for evacuation
[37.258s][info][gc,phases      ] GC(100)   Pre Evacuate Collection Set: 0.0ms
[37.258s][info][gc,phases      ] GC(100)   Evacuate Collection Set: 1.5ms
[37.258s][info][gc,phases      ] GC(100)   Post Evacuate Collection Set: 0.2ms
[37.258s][info][gc,phases      ] GC(100)   Other: 0.1ms
[37.258s][info][gc,heap        ] GC(100) Eden regions: 92->0(92)
[37.258s][info][gc,heap        ] GC(100) Survivor regions: 1->1(12)
[37.258s][info][gc,heap        ] GC(100) Old regions: 25->25
[37.258s][info][gc,heap        ] GC(100) Humongous regions: 6->6
[37.258s][info][gc,metaspace   ] GC(100) Metaspace: 60948K->60948K(1103872K)
[37.258s][info][gc             ] GC(100) Pause Young (Normal) (G1 Evacuation Pause) 122M->30M(156M) 1.949ms
[37.258s][info][gc,cpu         ] GC(100) User=0.00s Sys=0.00s Real=0.00s
[37.350s][info][gc,start       ] GC(101) Pause Young (Normal) (G1 Evacuation Pause)
[37.350s][info][gc,task        ] GC(101) Using 1 workers of 1 for evacuation
[37.352s][info][gc,phases      ] GC(101)   Pre Evacuate Collection Set: 0.0ms
[37.352s][info][gc,phases      ] GC(101)   Evacuate Collection Set: 1.7ms
[37.352s][info][gc,phases      ] GC(101)   Post Evacuate Collection Set: 0.2ms
[37.352s][info][gc,phases      ] GC(101)   Other: 0.1ms
[37.352s][info][gc,heap        ] GC(101) Eden regions: 92->0(92)
[37.352s][info][gc,heap        ] GC(101) Survivor regions: 1->1(12)
[37.352s][info][gc,heap        ] GC(101) Old regions: 25->25
[37.352s][info][gc,heap        ] GC(101) Humongous regions: 6->6
[37.352s][info][gc,metaspace   ] GC(101) Metaspace: 60948K->60948K(1103872K)
[37.352s][info][gc             ] GC(101) Pause Young (Normal) (G1 Evacuation Pause) 122M->30M(156M) 2.119ms
[37.352s][info][gc,cpu         ] GC(101) User=0.00s Sys=0.00s Real=0.00s
[37.452s][info][gc,start       ] GC(102) Pause Young (Normal) (G1 Evacuation Pause)
[37.452s][info][gc,task        ] GC(102) Using 1 workers of 1 for evacuation
[37.454s][info][gc,phases      ] GC(102)   Pre Evacuate Collection Set: 0.0ms
[37.454s][info][gc,phases      ] GC(102)   Evacuate Collection Set: 1.6ms
[37.454s][info][gc,phases      ] GC(102)   Post Evacuate Collection Set: 0.2ms
[37.454s][info][gc,phases      ] GC(102)   Other: 0.1ms
[37.454s][info][gc,heap        ] GC(102) Eden regions: 92->0(92)
[37.454s][info][gc,heap        ] GC(102) Survivor regions: 1->1(12)
[37.454s][info][gc,heap        ] GC(102) Old regions: 25->25
[37.454s][info][gc,heap        ] GC(102) Humongous regions: 6->6
[37.454s][info][gc,metaspace   ] GC(102) Metaspace: 60948K->60948K(1103872K)
[37.454s][info][gc             ] GC(102) Pause Young (Normal) (G1 Evacuation Pause) 122M->30M(156M) 2.019ms
[37.454s][info][gc,cpu         ] GC(102) User=0.00s Sys=0.00s Real=0.00s
[37.546s][info][gc,start       ] GC(103) Pause Young (Normal) (G1 Evacuation Pause)
[37.546s][info][gc,task        ] GC(103) Using 1 workers of 1 for evacuation
[37.548s][info][gc,phases      ] GC(103)   Pre Evacuate Collection Set: 0.0ms
[37.548s][info][gc,phases      ] GC(103)   Evacuate Collection Set: 1.5ms
[37.548s][info][gc,phases      ] GC(103)   Post Evacuate Collection Set: 0.3ms
[37.548s][info][gc,phases      ] GC(103)   Other: 0.1ms
[37.548s][info][gc,heap        ] GC(103) Eden regions: 92->0(92)
[37.548s][info][gc,heap        ] GC(103) Survivor regions: 1->1(12)
[37.548s][info][gc,heap        ] GC(103) Old regions: 25->25
[37.548s][info][gc,heap        ] GC(103) Humongous regions: 6->6
[37.548s][info][gc,metaspace   ] GC(103) Metaspace: 60948K->60948K(1103872K)
[37.548s][info][gc             ] GC(103) Pause Young (Normal) (G1 Evacuation Pause) 122M->30M(156M) 1.995ms
[37.548s][info][gc,cpu         ] GC(103) User=0.00s Sys=0.00s Real=0.01s
[37.641s][info][gc,start       ] GC(104) Pause Young (Normal) (G1 Evacuation Pause)
[37.641s][info][gc,task        ] GC(104) Using 1 workers of 1 for evacuation
[37.643s][info][gc,phases      ] GC(104)   Pre Evacuate Collection Set: 0.0ms
[37.643s][info][gc,phases      ] GC(104)   Evacuate Collection Set: 1.6ms
[37.643s][info][gc,phases      ] GC(104)   Post Evacuate Collection Set: 0.2ms
[37.643s][info][gc,phases      ] GC(104)   Other: 0.1ms
[37.643s][info][gc,heap        ] GC(104) Eden regions: 92->0(92)
[37.643s][info][gc,heap        ] GC(104) Survivor regions: 1->1(12)
[37.643s][info][gc,heap        ] GC(104) Old regions: 25->25
[37.643s][info][gc,heap        ] GC(104) Humongous regions: 6->6
[37.643s][info][gc,metaspace   ] GC(104) Metaspace: 60948K->60948K(1103872K)
[37.643s][info][gc             ] GC(104) Pause Young (Normal) (G1 Evacuation Pause) 122M->30M(156M) 2.036ms
[37.643s][info][gc,cpu         ] GC(104) User=0.00s Sys=0.00s Real=0.00s
[37.738s][info][gc,start       ] GC(105) Pause Young (Normal) (G1 Evacuation Pause)
[37.738s][info][gc,task        ] GC(105) Using 1 workers of 1 for evacuation
[37.739s][info][gc,phases      ] GC(105)   Pre Evacuate Collection Set: 0.0ms
[37.739s][info][gc,phases      ] GC(105)   Evacuate Collection Set: 1.5ms
[37.739s][info][gc,phases      ] GC(105)   Post Evacuate Collection Set: 0.2ms
[37.740s][info][gc,phases      ] GC(105)   Other: 0.1ms
[37.740s][info][gc,heap        ] GC(105) Eden regions: 92->0(92)
[37.740s][info][gc,heap        ] GC(105) Survivor regions: 1->1(12)
[37.740s][info][gc,heap        ] GC(105) Old regions: 25->25
[37.740s][info][gc,heap        ] GC(105) Humongous regions: 6->6
[37.740s][info][gc,metaspace   ] GC(105) Metaspace: 60948K->60948K(1103872K)
[37.740s][info][gc             ] GC(105) Pause Young (Normal) (G1 Evacuation Pause) 122M->30M(156M) 1.909ms
[37.740s][info][gc,cpu         ] GC(105) User=0.00s Sys=0.00s Real=0.01s
[37.830s][info][gc,start       ] GC(106) Pause Young (Normal) (G1 Evacuation Pause)
[37.830s][info][gc,task        ] GC(106) Using 1 workers of 1 for evacuation
[37.833s][info][gc,phases      ] GC(106)   Pre Evacuate Collection Set: 0.0ms
[37.833s][info][gc,phases      ] GC(106)   Evacuate Collection Set: 2.6ms
[37.833s][info][gc,phases      ] GC(106)   Post Evacuate Collection Set: 0.2ms
[37.833s][info][gc,phases      ] GC(106)   Other: 0.2ms
[37.833s][info][gc,heap        ] GC(106) Eden regions: 92->0(92)
[37.833s][info][gc,heap        ] GC(106) Survivor regions: 1->1(12)
[37.833s][info][gc,heap        ] GC(106) Old regions: 25->26
[37.833s][info][gc,heap        ] GC(106) Humongous regions: 6->6
[37.833s][info][gc,metaspace   ] GC(106) Metaspace: 60948K->60948K(1103872K)
[37.833s][info][gc             ] GC(106) Pause Young (Normal) (G1 Evacuation Pause) 122M->30M(156M) 3.019ms
[37.833s][info][gc,cpu         ] GC(106) User=0.01s Sys=0.00s Real=0.00s
[37.923s][info][gc,start       ] GC(107) Pause Young (Normal) (G1 Evacuation Pause)
[37.923s][info][gc,task        ] GC(107) Using 1 workers of 1 for evacuation
[37.924s][info][gc,phases      ] GC(107)   Pre Evacuate Collection Set: 0.0ms
[37.924s][info][gc,phases      ] GC(107)   Evacuate Collection Set: 1.0ms
[37.924s][info][gc,phases      ] GC(107)   Post Evacuate Collection Set: 0.2ms
[37.924s][info][gc,phases      ] GC(107)   Other: 0.1ms
[37.924s][info][gc,heap        ] GC(107) Eden regions: 92->0(92)
[37.924s][info][gc,heap        ] GC(107) Survivor regions: 1->1(12)
[37.924s][info][gc,heap        ] GC(107) Old regions: 26->26
[37.924s][info][gc,heap        ] GC(107) Humongous regions: 6->6
[37.924s][info][gc,metaspace   ] GC(107) Metaspace: 60948K->60948K(1103872K)
[37.924s][info][gc             ] GC(107) Pause Young (Normal) (G1 Evacuation Pause) 122M->30M(156M) 1.291ms
[37.924s][info][gc,cpu         ] GC(107) User=0.00s Sys=0.00s Real=0.00s
[38.514s][info][gc,start       ] GC(108) Pause Young (Normal) (G1 Evacuation Pause)
[38.514s][info][gc,task        ] GC(108) Using 1 workers of 1 for evacuation
[38.518s][info][gc,phases      ] GC(108)   Pre Evacuate Collection Set: 0.0ms
[38.518s][info][gc,phases      ] GC(108)   Evacuate Collection Set: 3.2ms
[38.518s][info][gc,phases      ] GC(108)   Post Evacuate Collection Set: 0.7ms
[38.518s][info][gc,phases      ] GC(108)   Other: 0.3ms
[38.518s][info][gc,heap        ] GC(108) Eden regions: 92->0(92)
[38.518s][info][gc,heap        ] GC(108) Survivor regions: 1->1(12)
[38.518s][info][gc,heap        ] GC(108) Old regions: 26->26
[38.518s][info][gc,heap        ] GC(108) Humongous regions: 11->6
[38.518s][info][gc,metaspace   ] GC(108) Metaspace: 62167K->62167K(1105920K)
[38.518s][info][gc             ] GC(108) Pause Young (Normal) (G1 Evacuation Pause) 127M->31M(156M) 4.288ms
[38.518s][info][gc,cpu         ] GC(108) User=0.00s Sys=0.00s Real=0.00s
[39.690s][info][gc,start       ] GC(109) Pause Young (Normal) (G1 Evacuation Pause)
[39.690s][info][gc,task        ] GC(109) Using 1 workers of 1 for evacuation
[39.725s][info][gc,phases      ] GC(109)   Pre Evacuate Collection Set: 0.0ms
[39.725s][info][gc,phases      ] GC(109)   Evacuate Collection Set: 33.8ms
[39.725s][info][gc,phases      ] GC(109)   Post Evacuate Collection Set: 0.3ms
[39.725s][info][gc,phases      ] GC(109)   Other: 0.3ms
[39.725s][info][gc,heap        ] GC(109) Eden regions: 92->0(1)
[39.725s][info][gc,heap        ] GC(109) Survivor regions: 1->12(12)
[39.725s][info][gc,heap        ] GC(109) Old regions: 26->28
[39.725s][info][gc,heap        ] GC(109) Humongous regions: 12->12
[39.725s][info][gc,metaspace   ] GC(109) Metaspace: 62285K->62285K(1105920K)
[39.725s][info][gc             ] GC(109) Pause Young (Normal) (G1 Evacuation Pause) 129M->50M(156M) 34.541ms
[39.725s][info][gc,cpu         ] GC(109) User=0.04s Sys=0.00s Real=0.03s
[39.733s][info][gc,start       ] GC(110) Pause Young (Normal) (G1 Evacuation Pause)
[39.733s][info][gc,task        ] GC(110) Using 1 workers of 1 for evacuation
[39.756s][info][gc,phases      ] GC(110)   Pre Evacuate Collection Set: 0.0ms
[39.756s][info][gc,phases      ] GC(110)   Evacuate Collection Set: 22.8ms
[39.756s][info][gc,phases      ] GC(110)   Post Evacuate Collection Set: 0.2ms
[39.756s][info][gc,phases      ] GC(110)   Other: 0.1ms
[39.756s][info][gc,heap        ] GC(110) Eden regions: 1->0(24)
[39.756s][info][gc,heap        ] GC(110) Survivor regions: 12->1(2)
[39.756s][info][gc,heap        ] GC(110) Old regions: 28->40
[39.756s][info][gc,heap        ] GC(110) Humongous regions: 12->12
[39.756s][info][gc,metaspace   ] GC(110) Metaspace: 62285K->62285K(1105920K)
[39.756s][info][gc             ] GC(110) Pause Young (Normal) (G1 Evacuation Pause) 51M->51M(156M) 23.293ms
[39.756s][info][gc,cpu         ] GC(110) User=0.03s Sys=0.00s Real=0.02s
[39.921s][info][gc,start       ] GC(111) Pause Young (Normal) (G1 Evacuation Pause)
[39.921s][info][gc,task        ] GC(111) Using 1 workers of 1 for evacuation
[39.936s][info][gc,phases      ] GC(111)   Pre Evacuate Collection Set: 0.0ms
[39.937s][info][gc,phases      ] GC(111)   Evacuate Collection Set: 15.0ms
[39.937s][info][gc,phases      ] GC(111)   Post Evacuate Collection Set: 0.6ms
[39.937s][info][gc,phases      ] GC(111)   Other: 0.2ms
[39.937s][info][gc,heap        ] GC(111) Eden regions: 24->0(84)
[39.937s][info][gc,heap        ] GC(111) Survivor regions: 1->4(4)
[39.937s][info][gc,heap        ] GC(111) Old regions: 40->42
[39.937s][info][gc,heap        ] GC(111) Humongous regions: 12->12
[39.937s][info][gc,metaspace   ] GC(111) Metaspace: 62285K->62285K(1105920K)
[39.937s][info][gc             ] GC(111) Pause Young (Normal) (G1 Evacuation Pause) 75M->56M(251M) 15.865ms
[39.937s][info][gc,cpu         ] GC(111) User=0.02s Sys=0.00s Real=0.01s
[40.349s][info][gc,start       ] GC(112) Pause Young (Normal) (G1 Evacuation Pause)
[40.349s][info][gc,task        ] GC(112) Using 1 workers of 1 for evacuation
[40.413s][info][gc,phases      ] GC(112)   Pre Evacuate Collection Set: 0.0ms
[40.414s][info][gc,phases      ] GC(112)   Evacuate Collection Set: 63.5ms
[40.414s][info][gc,phases      ] GC(112)   Post Evacuate Collection Set: 0.5ms
[40.414s][info][gc,phases      ] GC(112)   Other: 0.3ms
[40.414s][info][gc,heap        ] GC(112) Eden regions: 84->0(60)
[40.414s][info][gc,heap        ] GC(112) Survivor regions: 4->11(11)
[40.414s][info][gc,heap        ] GC(112) Old regions: 42->49
[40.414s][info][gc,heap        ] GC(112) Humongous regions: 17->17
[40.414s][info][gc,metaspace   ] GC(112) Metaspace: 62404K->62404K(1105920K)
[40.414s][info][gc             ] GC(112) Pause Young (Normal) (G1 Evacuation Pause) 145M->75M(251M) 64.360ms
[40.414s][info][gc,cpu         ] GC(112) User=0.06s Sys=0.00s Real=0.06s
[40.804s][info][gc,start       ] GC(113) Pause Young (Normal) (G1 Evacuation Pause)
[40.804s][info][gc,task        ] GC(113) Using 1 workers of 1 for evacuation
[40.873s][info][gc,phases      ] GC(113)   Pre Evacuate Collection Set: 0.0ms
[40.873s][info][gc,phases      ] GC(113)   Evacuate Collection Set: 68.6ms
[40.873s][info][gc,phases      ] GC(113)   Post Evacuate Collection Set: 0.3ms
[40.873s][info][gc,phases      ] GC(113)   Other: 0.2ms
[40.873s][info][gc,heap        ] GC(113) Eden regions: 60->0(64)
[40.873s][info][gc,heap        ] GC(113) Survivor regions: 11->9(9)
[40.873s][info][gc,heap        ] GC(113) Old regions: 49->68
[40.873s][info][gc,heap        ] GC(113) Humongous regions: 27->27
[40.873s][info][gc,metaspace   ] GC(113) Metaspace: 62569K->62569K(1105920K)
[40.873s][info][gc             ] GC(113) Pause Young (Normal) (G1 Evacuation Pause) 145M->102M(251M) 69.313ms
[40.873s][info][gc,cpu         ] GC(113) User=0.07s Sys=0.00s Real=0.07s
[41.414s][info][gc,start       ] GC(114) Pause Young (Normal) (G1 Evacuation Pause)
[41.414s][info][gc,task        ] GC(114) Using 1 workers of 1 for evacuation
[41.470s][info][gc,phases      ] GC(114)   Pre Evacuate Collection Set: 0.0ms
[41.470s][info][gc,phases      ] GC(114)   Evacuate Collection Set: 55.5ms
[41.470s][info][gc,phases      ] GC(114)   Post Evacuate Collection Set: 0.3ms
[41.470s][info][gc,phases      ] GC(114)   Other: 0.3ms
[41.470s][info][gc,heap        ] GC(114) Eden regions: 64->0(56)
[41.470s][info][gc,heap        ] GC(114) Survivor regions: 9->10(10)
[41.470s][info][gc,heap        ] GC(114) Old regions: 68->82
[41.470s][info][gc,heap        ] GC(114) Humongous regions: 33->33
[41.470s][info][gc,metaspace   ] GC(114) Metaspace: 62830K->62830K(1105920K)
[41.470s][info][gc             ] GC(114) Pause Young (Normal) (G1 Evacuation Pause) 172M->123M(251M) 56.192ms
[41.470s][info][gc,cpu         ] GC(114) User=0.06s Sys=0.00s Real=0.06s
[41.486s][info][gc,start       ] GC(115) Pause Young (Concurrent Start) (G1 Humongous Allocation)
[41.486s][info][gc,task        ] GC(115) Using 1 workers of 1 for evacuation
[41.509s][info][gc,phases      ] GC(115)   Pre Evacuate Collection Set: 0.3ms
[41.509s][info][gc,phases      ] GC(115)   Evacuate Collection Set: 22.6ms
[41.509s][info][gc,phases      ] GC(115)   Post Evacuate Collection Set: 0.8ms
[41.509s][info][gc,phases      ] GC(115)   Other: 0.1ms
[41.509s][info][gc,heap        ] GC(115) Eden regions: 3->0(62)
[41.509s][info][gc,heap        ] GC(115) Survivor regions: 10->1(9)
[41.509s][info][gc,heap        ] GC(115) Old regions: 82->92
[41.509s][info][gc,heap        ] GC(115) Humongous regions: 33->33
[41.509s][info][gc,metaspace   ] GC(115) Metaspace: 62830K->62830K(1105920K)
[41.509s][info][gc             ] GC(115) Pause Young (Concurrent Start) (G1 Humongous Allocation) 126M->124M(405M) 23.828ms
[41.509s][info][gc,cpu         ] GC(115) User=0.03s Sys=0.00s Real=0.03s
[41.509s][info][gc             ] GC(116) Concurrent Cycle
[41.509s][info][gc,marking     ] GC(116) Concurrent Clear Claimed Marks
[41.510s][info][gc,marking     ] GC(116) Concurrent Clear Claimed Marks 0.266ms
[41.510s][info][gc,marking     ] GC(116) Concurrent Scan Root Regions
[41.515s][info][gc,marking     ] GC(116) Concurrent Scan Root Regions 5.117ms
[41.515s][info][gc,marking     ] GC(116) Concurrent Mark (41.515s)
[41.515s][info][gc,marking     ] GC(116) Concurrent Mark From Roots
[41.515s][info][gc,task        ] GC(116) Using 1 workers of 1 for marking
[41.855s][info][gc,marking     ] GC(116) Concurrent Mark From Roots 339.714ms
[41.855s][info][gc,marking     ] GC(116) Concurrent Preclean
[41.855s][info][gc,marking     ] GC(116) Concurrent Preclean 0.180ms
[41.855s][info][gc,marking     ] GC(116) Concurrent Mark (41.515s, 41.855s) 340.095ms
[41.857s][info][gc,start       ] GC(116) Pause Remark
[41.872s][info][gc,stringtable ] GC(116) Cleaned string and symbol table, strings: 22471 processed, 216 removed, symbols: 136736 processed, 14 removed
[41.872s][info][gc             ] GC(116) Pause Remark 168M->148M(405M) 15.377ms
[41.873s][info][gc,cpu         ] GC(116) User=0.02s Sys=0.00s Real=0.02s
[41.874s][info][gc,marking     ] GC(116) Concurrent Rebuild Remembered Sets
[42.064s][info][gc,start       ] GC(117) Pause Young (Normal) (G1 Evacuation Pause)
[42.064s][info][gc,task        ] GC(117) Using 1 workers of 1 for evacuation
[42.092s][info][gc,phases      ] GC(117)   Pre Evacuate Collection Set: 0.0ms
[42.092s][info][gc,phases      ] GC(117)   Evacuate Collection Set: 27.0ms
[42.092s][info][gc,phases      ] GC(117)   Post Evacuate Collection Set: 0.3ms
[42.092s][info][gc,phases      ] GC(117)   Other: 0.3ms
[42.092s][info][gc,heap        ] GC(117) Eden regions: 62->0(73)
[42.092s][info][gc,heap        ] GC(117) Survivor regions: 1->7(8)
[42.092s][info][gc,heap        ] GC(117) Old regions: 92->92
[42.092s][info][gc,heap        ] GC(117) Humongous regions: 18->18
[42.092s][info][gc,metaspace   ] GC(117) Metaspace: 63034K->63034K(1105920K)
[42.092s][info][gc             ] GC(117) Pause Young (Normal) (G1 Evacuation Pause) 171M->115M(405M) 27.691ms
[42.092s][info][gc,cpu         ] GC(117) User=0.02s Sys=0.00s Real=0.03s
[42.232s][info][gc,marking     ] GC(116) Concurrent Rebuild Remembered Sets 357.822ms
[42.234s][info][gc,start       ] GC(116) Pause Cleanup
[42.234s][info][gc             ] GC(116) Pause Cleanup 139M->139M(405M) 0.156ms
[42.234s][info][gc,cpu         ] GC(116) User=0.00s Sys=0.00s Real=0.00s
[42.234s][info][gc,marking     ] GC(116) Concurrent Cleanup for Next Mark
[42.235s][info][gc,marking     ] GC(116) Concurrent Cleanup for Next Mark 1.254ms
[42.235s][info][gc             ] GC(116) Concurrent Cycle 725.911ms
[42.461s][info][gc,start       ] GC(118) Pause Young (Normal) (G1 Evacuation Pause)
[42.462s][info][gc,task        ] GC(118) Using 1 workers of 1 for evacuation
[42.526s][info][gc,phases      ] GC(118)   Pre Evacuate Collection Set: 0.0ms
[42.527s][info][gc,phases      ] GC(118)   Evacuate Collection Set: 64.0ms
[42.527s][info][gc,phases      ] GC(118)   Post Evacuate Collection Set: 0.4ms
[42.527s][info][gc,phases      ] GC(118)   Other: 0.6ms
[42.527s][info][gc,heap        ] GC(118) Eden regions: 92->0(7)
[42.527s][info][gc,heap        ] GC(118) Survivor regions: 7->13(13)
[42.527s][info][gc,heap        ] GC(118) Old regions: 92->94
[42.527s][info][gc,heap        ] GC(118) Humongous regions: 23->23
[42.527s][info][gc,metaspace   ] GC(118) Metaspace: 63034K->63034K(1105920K)
[42.527s][info][gc             ] GC(118) Pause Young (Normal) (G1 Evacuation Pause) 212M->128M(405M) 65.176ms
[42.527s][info][gc,cpu         ] GC(118) User=0.07s Sys=0.00s Real=0.06s
[42.553s][info][gc,start       ] GC(119) Pause Young (Normal) (G1 Evacuation Pause)
[42.553s][info][gc,task        ] GC(119) Using 1 workers of 1 for evacuation
[42.598s][info][gc,phases      ] GC(119)   Pre Evacuate Collection Set: 0.0ms
[42.598s][info][gc,phases      ] GC(119)   Evacuate Collection Set: 44.3ms
[42.598s][info][gc,phases      ] GC(119)   Post Evacuate Collection Set: 0.3ms
[42.598s][info][gc,phases      ] GC(119)   Other: 0.1ms
[42.598s][info][gc,heap        ] GC(119) Eden regions: 7->0(42)
[42.598s][info][gc,heap        ] GC(119) Survivor regions: 13->1(3)
[42.598s][info][gc,heap        ] GC(119) Old regions: 94->107
[42.598s][info][gc,heap        ] GC(119) Humongous regions: 23->23
[42.598s][info][gc,metaspace   ] GC(119) Metaspace: 63034K->63034K(1105920K)
[42.598s][info][gc             ] GC(119) Pause Young (Normal) (G1 Evacuation Pause) 135M->129M(405M) 44.892ms
[42.598s][info][gc,cpu         ] GC(119) User=0.05s Sys=0.00s Real=0.04s
[42.692s][info][gc,start       ] GC(120) Pause Young (Normal) (G1 Evacuation Pause)
[42.692s][info][gc,task        ] GC(120) Using 1 workers of 1 for evacuation
[42.713s][info][gc,phases      ] GC(120)   Pre Evacuate Collection Set: 0.0ms
[42.713s][info][gc,phases      ] GC(120)   Evacuate Collection Set: 19.6ms
[42.713s][info][gc,phases      ] GC(120)   Post Evacuate Collection Set: 0.5ms
[42.713s][info][gc,phases      ] GC(120)   Other: 0.1ms
[42.713s][info][gc,heap        ] GC(120) Eden regions: 42->0(80)
[42.713s][info][gc,heap        ] GC(120) Survivor regions: 1->4(6)
[42.713s][info][gc,heap        ] GC(120) Old regions: 107->107
[42.713s][info][gc,heap        ] GC(120) Humongous regions: 23->23
[42.713s][info][gc,metaspace   ] GC(120) Metaspace: 63034K->63034K(1105920K)
[42.713s][info][gc             ] GC(120) Pause Young (Normal) (G1 Evacuation Pause) 171M->132M(455M) 20.360ms
[42.713s][info][gc,cpu         ] GC(120) User=0.02s Sys=0.00s Real=0.02s
[42.891s][info][gc,start       ] GC(121) Pause Young (Normal) (G1 Evacuation Pause)
[42.891s][info][gc,task        ] GC(121) Using 1 workers of 1 for evacuation
[42.919s][info][gc,phases      ] GC(121)   Pre Evacuate Collection Set: 0.0ms
[42.919s][info][gc,phases      ] GC(121)   Evacuate Collection Set: 27.9ms
[42.919s][info][gc,phases      ] GC(121)   Post Evacuate Collection Set: 0.3ms
[42.919s][info][gc,phases      ] GC(121)   Other: 0.2ms
[42.919s][info][gc,heap        ] GC(121) Eden regions: 80->0(111)
[42.919s][info][gc,heap        ] GC(121) Survivor regions: 4->9(11)
[42.919s][info][gc,heap        ] GC(121) Old regions: 107->107
[42.919s][info][gc,heap        ] GC(121) Humongous regions: 23->23
[42.919s][info][gc,metaspace   ] GC(121) Metaspace: 63034K->63034K(1105920K)
[42.919s][info][gc             ] GC(121) Pause Young (Normal) (G1 Evacuation Pause) 212M->136M(455M) 28.540ms
[42.920s][info][gc,cpu         ] GC(121) User=0.03s Sys=0.00s Real=0.02s
[43.140s][info][gc,start       ] GC(122) Pause Young (Normal) (G1 Evacuation Pause)
[43.140s][info][gc,task        ] GC(122) Using 1 workers of 1 for evacuation
[43.203s][info][gc,phases      ] GC(122)   Pre Evacuate Collection Set: 0.0ms
[43.203s][info][gc,phases      ] GC(122)   Evacuate Collection Set: 62.9ms
[43.203s][info][gc,phases      ] GC(122)   Post Evacuate Collection Set: 0.6ms
[43.203s][info][gc,phases      ] GC(122)   Other: 0.2ms
[43.203s][info][gc,heap        ] GC(122) Eden regions: 75->0(111)
[43.203s][info][gc,heap        ] GC(122) Survivor regions: 9->10(11)
[43.203s][info][gc,heap        ] GC(122) Old regions: 107->109
[43.203s][info][gc,heap        ] GC(122) Humongous regions: 32->32
[43.203s][info][gc,metaspace   ] GC(122) Metaspace: 63034K->63034K(1105920K)
[43.203s][info][gc             ] GC(122) Pause Young (Normal) (G1 Evacuation Pause) 220M->149M(455M) 63.746ms
[43.203s][info][gc,cpu         ] GC(122) User=0.06s Sys=0.00s Real=0.06s
[44.319s][info][gc,start       ] GC(123) Pause Young (Normal) (G1 Evacuation Pause)
[44.319s][info][gc,task        ] GC(123) Using 1 workers of 1 for evacuation
[44.504s][info][gc,phases      ] GC(123)   Pre Evacuate Collection Set: 0.0ms
[44.504s][info][gc,phases      ] GC(123)   Evacuate Collection Set: 179.6ms
[44.504s][info][gc,phases      ] GC(123)   Post Evacuate Collection Set: 5.2ms
[44.505s][info][gc,phases      ] GC(123)   Other: 0.4ms
[44.505s][info][gc,heap        ] GC(123) Eden regions: 86->0(12)
[44.505s][info][gc,heap        ] GC(123) Survivor regions: 10->10(12)
[44.505s][info][gc,heap        ] GC(123) Old regions: 109->113
[44.505s][info][gc,heap        ] GC(123) Humongous regions: 37->37
[44.505s][info][gc,metaspace   ] GC(123) Metaspace: 63143K->63143K(1105920K)
[44.505s][info][gc             ] GC(123) Pause Young (Normal) (G1 Evacuation Pause) 240M->158M(455M) 185.372ms
[44.505s][info][gc,cpu         ] GC(123) User=0.10s Sys=0.00s Real=0.18s
[44.903s][info][gc,start       ] GC(124) Pause Young (Normal) (G1 Evacuation Pause)
[44.904s][info][gc,task        ] GC(124) Using 1 workers of 1 for evacuation
[44.957s][info][gc,phases      ] GC(124)   Pre Evacuate Collection Set: 0.0ms
[44.957s][info][gc,phases      ] GC(124)   Evacuate Collection Set: 52.7ms
[44.957s][info][gc,phases      ] GC(124)   Post Evacuate Collection Set: 0.2ms
[44.957s][info][gc,phases      ] GC(124)   Other: 0.2ms
[44.957s][info][gc,heap        ] GC(124) Eden regions: 12->0(44)
[44.957s][info][gc,heap        ] GC(124) Survivor regions: 10->1(3)
[44.957s][info][gc,heap        ] GC(124) Old regions: 113->123
[44.957s][info][gc,heap        ] GC(124) Humongous regions: 37->37
[44.957s][info][gc,metaspace   ] GC(124) Metaspace: 63183K->63183K(1105920K)
[44.957s][info][gc             ] GC(124) Pause Young (Normal) (G1 Evacuation Pause) 170M->159M(455M) 53.321ms
[44.957s][info][gc,cpu         ] GC(124) User=0.05s Sys=0.00s Real=0.05s
[45.484s][info][gc,start       ] GC(125) Pause Young (Normal) (G1 Evacuation Pause)
[45.484s][info][gc,task        ] GC(125) Using 1 workers of 1 for evacuation
[45.494s][info][gc,phases      ] GC(125)   Pre Evacuate Collection Set: 0.0ms
[45.495s][info][gc,phases      ] GC(125)   Evacuate Collection Set: 9.5ms
[45.495s][info][gc,phases      ] GC(125)   Post Evacuate Collection Set: 0.8ms
[45.495s][info][gc,phases      ] GC(125)   Other: 0.3ms
[45.495s][info][gc,heap        ] GC(125) Eden regions: 44->0(73)
[45.495s][info][gc,heap        ] GC(125) Survivor regions: 1->5(6)
[45.495s][info][gc,heap        ] GC(125) Old regions: 123->123
[45.495s][info][gc,heap        ] GC(125) Humongous regions: 38->38
[45.495s][info][gc,metaspace   ] GC(125) Metaspace: 63229K->63229K(1105920K)
[45.495s][info][gc             ] GC(125) Pause Young (Normal) (G1 Evacuation Pause) 204M->164M(586M) 10.693ms
[45.495s][info][gc,cpu         ] GC(125) User=0.01s Sys=0.00s Real=0.01s
[45.761s][info][gc,start       ] GC(126) Pause Young (Normal) (G1 Evacuation Pause)
[45.761s][info][gc,task        ] GC(126) Using 1 workers of 1 for evacuation
[45.806s][info][gc,phases      ] GC(126)   Pre Evacuate Collection Set: 0.0ms
[45.806s][info][gc,phases      ] GC(126)   Evacuate Collection Set: 44.7ms
[45.806s][info][gc,phases      ] GC(126)   Post Evacuate Collection Set: 0.3ms
[45.806s][info][gc,phases      ] GC(126)   Other: 0.2ms
[45.806s][info][gc,heap        ] GC(126) Eden regions: 73->0(32)
[45.806s][info][gc,heap        ] GC(126) Survivor regions: 5->10(10)
[45.806s][info][gc,heap        ] GC(126) Old regions: 123->132
[45.806s][info][gc,heap        ] GC(126) Humongous regions: 43->43
[45.806s][info][gc,metaspace   ] GC(126) Metaspace: 63232K->63232K(1105920K)
[45.806s][info][gc             ] GC(126) Pause Young (Normal) (G1 Evacuation Pause) 242M->183M(586M) 45.352ms
[45.806s][info][gc,cpu         ] GC(126) User=0.04s Sys=0.01s Real=0.04s
[45.912s][info][gc,start       ] GC(127) Pause Young (Normal) (G1 Evacuation Pause)
[45.912s][info][gc,task        ] GC(127) Using 1 workers of 1 for evacuation
[45.943s][info][gc,phases      ] GC(127)   Pre Evacuate Collection Set: 0.0ms
[45.944s][info][gc,phases      ] GC(127)   Evacuate Collection Set: 30.8ms
[45.944s][info][gc,phases      ] GC(127)   Post Evacuate Collection Set: 0.3ms
[45.944s][info][gc,phases      ] GC(127)   Other: 0.2ms
[45.944s][info][gc,heap        ] GC(127) Eden regions: 32->0(57)
[45.944s][info][gc,heap        ] GC(127) Survivor regions: 10->6(6)
[45.944s][info][gc,heap        ] GC(127) Old regions: 132->142
[45.944s][info][gc,heap        ] GC(127) Humongous regions: 43->43
[45.944s][info][gc,metaspace   ] GC(127) Metaspace: 63235K->63235K(1105920K)
[45.944s][info][gc             ] GC(127) Pause Young (Normal) (G1 Evacuation Pause) 215M->189M(586M) 31.360ms
[45.944s][info][gc,cpu         ] GC(127) User=0.03s Sys=0.00s Real=0.03s
[46.147s][info][gc,start       ] GC(128) Pause Young (Normal) (G1 Evacuation Pause)
[46.147s][info][gc,task        ] GC(128) Using 1 workers of 1 for evacuation
[46.181s][info][gc,phases      ] GC(128)   Pre Evacuate Collection Set: 0.0ms
[46.181s][info][gc,phases      ] GC(128)   Evacuate Collection Set: 33.5ms
[46.181s][info][gc,phases      ] GC(128)   Post Evacuate Collection Set: 0.4ms
[46.181s][info][gc,phases      ] GC(128)   Other: 0.3ms
[46.181s][info][gc,heap        ] GC(128) Eden regions: 57->0(87)
[46.181s][info][gc,heap        ] GC(128) Survivor regions: 6->8(8)
[46.181s][info][gc,heap        ] GC(128) Old regions: 142->148
[46.181s][info][gc,heap        ] GC(128) Humongous regions: 48->48
[46.181s][info][gc,metaspace   ] GC(128) Metaspace: 63235K->63235K(1105920K)
[46.181s][info][gc             ] GC(128) Pause Young (Normal) (G1 Evacuation Pause) 251M->202M(586M) 34.204ms
[46.181s][info][gc,cpu         ] GC(128) User=0.04s Sys=0.00s Real=0.04s
[46.482s][info][gc,start       ] GC(129) Pause Young (Normal) (G1 Evacuation Pause)
[46.482s][info][gc,task        ] GC(129) Using 1 workers of 1 for evacuation
[46.577s][info][gc,phases      ] GC(129)   Pre Evacuate Collection Set: 0.0ms
[46.577s][info][gc,phases      ] GC(129)   Evacuate Collection Set: 94.1ms
[46.577s][info][gc,phases      ] GC(129)   Post Evacuate Collection Set: 0.4ms
[46.577s][info][gc,phases      ] GC(129)   Other: 0.3ms
[46.577s][info][gc,heap        ] GC(129) Eden regions: 87->0(91)
[46.577s][info][gc,heap        ] GC(129) Survivor regions: 8->12(12)
[46.577s][info][gc,heap        ] GC(129) Old regions: 148->171
[46.577s][info][gc,heap        ] GC(129) Humongous regions: 63->63
[46.577s][info][gc,metaspace   ] GC(129) Metaspace: 63315K->63315K(1105920K)
[46.577s][info][gc             ] GC(129) Pause Young (Normal) (G1 Evacuation Pause) 304M->244M(586M) 94.845ms
[46.577s][info][gc,cpu         ] GC(129) User=0.09s Sys=0.00s Real=0.09s
[47.040s][info][gc,start       ] GC(130) Pause Young (Normal) (G1 Evacuation Pause)
[47.040s][info][gc,task        ] GC(130) Using 1 workers of 1 for evacuation
[47.122s][info][gc,phases      ] GC(130)   Pre Evacuate Collection Set: 0.0ms
[47.122s][info][gc,phases      ] GC(130)   Evacuate Collection Set: 81.0ms
[47.122s][info][gc,phases      ] GC(130)   Post Evacuate Collection Set: 0.9ms
[47.122s][info][gc,phases      ] GC(130)   Other: 0.4ms
[47.122s][info][gc,heap        ] GC(130) Eden regions: 91->0(97)
[47.122s][info][gc,heap        ] GC(130) Survivor regions: 12->11(13)
[47.122s][info][gc,heap        ] GC(130) Old regions: 171->183
[47.122s][info][gc,heap        ] GC(130) Humongous regions: 69->69
[47.122s][info][gc,metaspace   ] GC(130) Metaspace: 63315K->63315K(1105920K)
[47.122s][info][gc             ] GC(130) Pause Young (Normal) (G1 Evacuation Pause) 341M->261M(643M) 82.357ms
[47.122s][info][gc,cpu         ] GC(130) User=0.08s Sys=0.00s Real=0.08s
[47.424s][info][gc,start       ] GC(131) Pause Young (Normal) (G1 Evacuation Pause)
[47.424s][info][gc,task        ] GC(131) Using 1 workers of 1 for evacuation
[47.504s][info][gc,phases      ] GC(131)   Pre Evacuate Collection Set: 0.0ms
[47.504s][info][gc,phases      ] GC(131)   Evacuate Collection Set: 79.0ms
[47.504s][info][gc,phases      ] GC(131)   Post Evacuate Collection Set: 0.6ms
[47.504s][info][gc,phases      ] GC(131)   Other: 0.3ms
[47.504s][info][gc,heap        ] GC(131) Eden regions: 97->0(102)
[47.504s][info][gc,heap        ] GC(131) Survivor regions: 11->9(14)
[47.504s][info][gc,heap        ] GC(131) Old regions: 183->194
[47.504s][info][gc,heap        ] GC(131) Humongous regions: 74->74
[47.504s][info][gc,metaspace   ] GC(131) Metaspace: 63315K->63315K(1105920K)
[47.504s][info][gc             ] GC(131) Pause Young (Normal) (G1 Evacuation Pause) 363M->274M(643M) 79.940ms
[47.504s][info][gc,cpu         ] GC(131) User=0.07s Sys=0.00s Real=0.08s
[47.717s][info][gc,start       ] GC(132) Pause Young (Normal) (G1 Evacuation Pause)
[47.717s][info][gc,task        ] GC(132) Using 1 workers of 1 for evacuation
[47.787s][info][gc,phases      ] GC(132)   Pre Evacuate Collection Set: 0.0ms
[47.787s][info][gc,phases      ] GC(132)   Evacuate Collection Set: 70.0ms
[47.787s][info][gc,phases      ] GC(132)   Post Evacuate Collection Set: 0.4ms
[47.787s][info][gc,phases      ] GC(132)   Other: 0.3ms
[47.787s][info][gc,heap        ] GC(132) Eden regions: 102->0(120)
[47.787s][info][gc,heap        ] GC(132) Survivor regions: 9->7(14)
[47.787s][info][gc,heap        ] GC(132) Old regions: 194->201
[47.787s][info][gc,heap        ] GC(132) Humongous regions: 74->74
[47.787s][info][gc,metaspace   ] GC(132) Metaspace: 63315K->63315K(1105920K)
[47.787s][info][gc             ] GC(132) Pause Young (Normal) (G1 Evacuation Pause) 376M->280M(643M) 70.700ms
[47.787s][info][gc,cpu         ] GC(132) User=0.07s Sys=0.00s Real=0.08s
[48.127s][info][gc,start       ] GC(133) Pause Young (Normal) (G1 Evacuation Pause)
[48.127s][info][gc,task        ] GC(133) Using 1 workers of 1 for evacuation
[48.203s][info][gc,phases      ] GC(133)   Pre Evacuate Collection Set: 0.0ms
[48.203s][info][gc,phases      ] GC(133)   Evacuate Collection Set: 75.6ms
[48.203s][info][gc,phases      ] GC(133)   Post Evacuate Collection Set: 0.7ms
[48.203s][info][gc,phases      ] GC(133)   Other: 0.3ms
[48.203s][info][gc,heap        ] GC(133) Eden regions: 118->0(79)
[48.203s][info][gc,heap        ] GC(133) Survivor regions: 7->13(16)
[48.203s][info][gc,heap        ] GC(133) Old regions: 201->201
[48.203s][info][gc,heap        ] GC(133) Humongous regions: 83->83
[48.203s][info][gc,metaspace   ] GC(133) Metaspace: 63315K->63315K(1105920K)
[48.203s][info][gc             ] GC(133) Pause Young (Normal) (G1 Evacuation Pause) 407M->295M(643M) 76.767ms
[48.203s][info][gc,cpu         ] GC(133) User=0.07s Sys=0.00s Real=0.08s
[48.795s][info][gc,start       ] GC(134) Pause Young (Normal) (G1 Evacuation Pause)
[48.795s][info][gc,task        ] GC(134) Using 1 workers of 1 for evacuation
[48.883s][info][gc,phases      ] GC(134)   Pre Evacuate Collection Set: 0.0ms
[48.884s][info][gc,phases      ] GC(134)   Evacuate Collection Set: 87.7ms
[48.884s][info][gc,phases      ] GC(134)   Post Evacuate Collection Set: 0.8ms
[48.884s][info][gc,phases      ] GC(134)   Other: 0.3ms
[48.884s][info][gc,heap        ] GC(134) Eden regions: 71->0(76)
[48.884s][info][gc,heap        ] GC(134) Survivor regions: 13->5(11)
[48.884s][info][gc,heap        ] GC(134) Old regions: 201->214
[48.884s][info][gc,heap        ] GC(134) Humongous regions: 88->88
[48.884s][info][gc,metaspace   ] GC(134) Metaspace: 63317K->63317K(1105920K)
[48.884s][info][gc             ] GC(134) Pause Young (Normal) (G1 Evacuation Pause) 371M->304M(715M) 88.989ms
[48.884s][info][gc,cpu         ] GC(134) User=0.08s Sys=0.01s Real=0.09s
[49.318s][info][gc,start       ] GC(135) Pause Young (Normal) (G1 Evacuation Pause)
[49.319s][info][gc,task        ] GC(135) Using 1 workers of 1 for evacuation
[49.364s][info][gc,phases      ] GC(135)   Pre Evacuate Collection Set: 0.0ms
[49.364s][info][gc,phases      ] GC(135)   Evacuate Collection Set: 44.4ms
[49.364s][info][gc,phases      ] GC(135)   Post Evacuate Collection Set: 0.6ms
[49.364s][info][gc,phases      ] GC(135)   Other: 0.8ms
[49.364s][info][gc,heap        ] GC(135) Eden regions: 76->0(101)
[49.364s][info][gc,heap        ] GC(135) Survivor regions: 5->11(11)
[49.364s][info][gc,heap        ] GC(135) Old regions: 214->215
[49.364s][info][gc,heap        ] GC(135) Humongous regions: 91->91
[49.364s][info][gc,metaspace   ] GC(135) Metaspace: 63341K->63341K(1105920K)
[49.364s][info][gc             ] GC(135) Pause Young (Normal) (G1 Evacuation Pause) 383M->315M(715M) 45.926ms
[49.364s][info][gc,cpu         ] GC(135) User=0.04s Sys=0.00s Real=0.05s
[49.741s][info][gc,start       ] GC(136) Pause Young (Normal) (G1 Evacuation Pause)
[49.741s][info][gc,task        ] GC(136) Using 1 workers of 1 for evacuation
[49.833s][info][gc,phases      ] GC(136)   Pre Evacuate Collection Set: 0.0ms
[49.833s][info][gc,phases      ] GC(136)   Evacuate Collection Set: 91.0ms
[49.833s][info][gc,phases      ] GC(136)   Post Evacuate Collection Set: 0.4ms
[49.833s][info][gc,phases      ] GC(136)   Other: 0.2ms
[49.833s][info][gc,heap        ] GC(136) Eden regions: 101->0(115)
[49.833s][info][gc,heap        ] GC(136) Survivor regions: 11->14(14)
[49.833s][info][gc,heap        ] GC(136) Old regions: 215->232
[49.833s][info][gc,heap        ] GC(136) Humongous regions: 99->99
[49.833s][info][gc,metaspace   ] GC(136) Metaspace: 63343K->63343K(1105920K)
[49.833s][info][gc             ] GC(136) Pause Young (Normal) (G1 Evacuation Pause) 424M->343M(715M) 91.752ms
[49.833s][info][gc,cpu         ] GC(136) User=0.09s Sys=0.00s Real=0.09s
[49.965s][info][gc,start       ] GC(137) Pause Young (Concurrent Start) (G1 Humongous Allocation)
[49.965s][info][gc,task        ] GC(137) Using 1 workers of 1 for evacuation
[50.013s][info][gc,phases      ] GC(137)   Pre Evacuate Collection Set: 0.3ms
[50.013s][info][gc,phases      ] GC(137)   Evacuate Collection Set: 47.1ms
[50.013s][info][gc,phases      ] GC(137)   Post Evacuate Collection Set: 0.4ms
[50.013s][info][gc,phases      ] GC(137)   Other: 0.3ms
[50.013s][info][gc,heap        ] GC(137) Eden regions: 52->0(49)
[50.013s][info][gc,heap        ] GC(137) Survivor regions: 14->8(17)
[50.013s][info][gc,heap        ] GC(137) Old regions: 232->246
[50.013s][info][gc,heap        ] GC(137) Humongous regions: 99->99
[50.013s][info][gc,metaspace   ] GC(137) Metaspace: 63343K->63343K(1105920K)
[50.013s][info][gc             ] GC(137) Pause Young (Concurrent Start) (G1 Humongous Allocation) 395M->351M(715M) 48.199ms
[50.013s][info][gc,cpu         ] GC(137) User=0.05s Sys=0.00s Real=0.05s
[50.013s][info][gc             ] GC(138) Concurrent Cycle
[50.013s][info][gc,marking     ] GC(138) Concurrent Clear Claimed Marks
[50.013s][info][gc,marking     ] GC(138) Concurrent Clear Claimed Marks 0.265ms
[50.013s][info][gc,marking     ] GC(138) Concurrent Scan Root Regions
[50.030s][info][gc,marking     ] GC(138) Concurrent Scan Root Regions 16.491ms
[50.030s][info][gc,marking     ] GC(138) Concurrent Mark (50.030s)
[50.030s][info][gc,marking     ] GC(138) Concurrent Mark From Roots
[50.030s][info][gc,task        ] GC(138) Using 1 workers of 1 for marking
[50.290s][info][gc,start       ] GC(139) Pause Young (Normal) (G1 Evacuation Pause)
[50.290s][info][gc,task        ] GC(139) Using 1 workers of 1 for evacuation
[50.344s][info][gc,phases      ] GC(139)   Pre Evacuate Collection Set: 0.0ms
[50.344s][info][gc,phases      ] GC(139)   Evacuate Collection Set: 53.4ms
[50.344s][info][gc,phases      ] GC(139)   Post Evacuate Collection Set: 0.6ms
[50.344s][info][gc,phases      ] GC(139)   Other: 0.2ms
[50.344s][info][gc,heap        ] GC(139) Eden regions: 49->0(59)
[50.344s][info][gc,heap        ] GC(139) Survivor regions: 8->8(8)
[50.344s][info][gc,heap        ] GC(139) Old regions: 246->260
[50.344s][info][gc,heap        ] GC(139) Humongous regions: 109->109
[50.344s][info][gc,metaspace   ] GC(139) Metaspace: 63349K->63349K(1105920K)
[50.345s][info][gc             ] GC(139) Pause Young (Normal) (G1 Evacuation Pause) 410M->375M(772M) 54.376ms
[50.345s][info][gc,cpu         ] GC(139) User=0.06s Sys=0.00s Real=0.05s
[50.507s][info][gc,marking     ] GC(138) Concurrent Mark From Roots 476.919ms
[50.507s][info][gc,marking     ] GC(138) Concurrent Preclean
[50.507s][info][gc,marking     ] GC(138) Concurrent Preclean 0.160ms
[50.507s][info][gc,marking     ] GC(138) Concurrent Mark (50.030s, 50.507s) 477.215ms
[50.509s][info][gc,start       ] GC(138) Pause Remark
[50.524s][info][gc,stringtable ] GC(138) Cleaned string and symbol table, strings: 22342 processed, 1 removed, symbols: 137224 processed, 0 removed
[50.525s][info][gc             ] GC(138) Pause Remark 403M->232M(772M) 15.468ms
[50.525s][info][gc,cpu         ] GC(138) User=0.01s Sys=0.00s Real=0.01s
[50.526s][info][gc,marking     ] GC(138) Concurrent Rebuild Remembered Sets
[50.720s][info][gc,start       ] GC(140) Pause Young (Normal) (G1 Evacuation Pause)
[50.720s][info][gc,task        ] GC(140) Using 1 workers of 1 for evacuation
[50.826s][info][gc,phases      ] GC(140)   Pre Evacuate Collection Set: 0.0ms
[50.826s][info][gc,phases      ] GC(140)   Evacuate Collection Set: 104.0ms
[50.826s][info][gc,phases      ] GC(140)   Post Evacuate Collection Set: 1.5ms
[50.826s][info][gc,phases      ] GC(140)   Other: 0.3ms
[50.826s][info][gc,heap        ] GC(140) Eden regions: 59->0(66)
[50.826s][info][gc,heap        ] GC(140) Survivor regions: 8->9(9)
[50.826s][info][gc,heap        ] GC(140) Old regions: 175->190
[50.826s][info][gc,heap        ] GC(140) Humongous regions: 29->29
[50.826s][info][gc,metaspace   ] GC(140) Metaspace: 63353K->63353K(1105920K)
[50.826s][info][gc             ] GC(140) Pause Young (Normal) (G1 Evacuation Pause) 269M->226M(772M) 105.975ms
[50.826s][info][gc,cpu         ] GC(140) User=0.10s Sys=0.00s Real=0.10s
[51.001s][info][gc,marking     ] GC(138) Concurrent Rebuild Remembered Sets 474.634ms
[51.001s][info][gc,start       ] GC(138) Pause Cleanup
[51.001s][info][gc             ] GC(138) Pause Cleanup 262M->262M(772M) 0.218ms
[51.001s][info][gc,cpu         ] GC(138) User=0.00s Sys=0.00s Real=0.00s
[51.001s][info][gc,marking     ] GC(138) Concurrent Cleanup for Next Mark
[51.004s][info][gc,marking     ] GC(138) Concurrent Cleanup for Next Mark 2.480ms
[51.004s][info][gc             ] GC(138) Concurrent Cycle 990.851ms
[51.109s][info][gc,start       ] GC(141) Pause Young (Normal) (G1 Evacuation Pause)
[51.109s][info][gc,task        ] GC(141) Using 1 workers of 1 for evacuation
[51.161s][info][gc,phases      ] GC(141)   Pre Evacuate Collection Set: 0.0ms
[51.162s][info][gc,phases      ] GC(141)   Evacuate Collection Set: 52.1ms
[51.162s][info][gc,phases      ] GC(141)   Post Evacuate Collection Set: 0.3ms
[51.162s][info][gc,phases      ] GC(141)   Other: 0.2ms
[51.162s][info][gc,heap        ] GC(141) Eden regions: 66->0(94)
[51.162s][info][gc,heap        ] GC(141) Survivor regions: 9->8(10)
[51.162s][info][gc,heap        ] GC(141) Old regions: 190->199
[51.162s][info][gc,heap        ] GC(141) Humongous regions: 34->34
[51.162s][info][gc,metaspace   ] GC(141) Metaspace: 63353K->63353K(1105920K)
[51.162s][info][gc             ] GC(141) Pause Young (Normal) (G1 Evacuation Pause) 297M->239M(772M) 52.773ms
[51.162s][info][gc,cpu         ] GC(141) User=0.05s Sys=0.00s Real=0.05s
[51.406s][info][gc,start       ] GC(142) Pause Young (Normal) (G1 Evacuation Pause)
[51.407s][info][gc,task        ] GC(142) Using 1 workers of 1 for evacuation
[51.460s][info][gc,phases      ] GC(142)   Pre Evacuate Collection Set: 0.0ms
[51.460s][info][gc,phases      ] GC(142)   Evacuate Collection Set: 52.8ms
[51.460s][info][gc,phases      ] GC(142)   Post Evacuate Collection Set: 0.5ms
[51.460s][info][gc,phases      ] GC(142)   Other: 0.2ms
[51.460s][info][gc,heap        ] GC(142) Eden regions: 94->0(111)
[51.460s][info][gc,heap        ] GC(142) Survivor regions: 8->9(13)
[51.460s][info][gc,heap        ] GC(142) Old regions: 199->206
[51.460s][info][gc,heap        ] GC(142) Humongous regions: 39->39
[51.460s][info][gc,metaspace   ] GC(142) Metaspace: 63353K->63353K(1105920K)
[51.460s][info][gc             ] GC(142) Pause Young (Normal) (G1 Evacuation Pause) 338M->252M(772M) 53.588ms
[51.460s][info][gc,cpu         ] GC(142) User=0.05s Sys=0.00s Real=0.06s
[51.745s][info][gc,start       ] GC(143) Pause Young (Normal) (G1 Evacuation Pause)
[51.745s][info][gc,task        ] GC(143) Using 1 workers of 1 for evacuation
[51.793s][info][gc,phases      ] GC(143)   Pre Evacuate Collection Set: 0.0ms
[51.793s][info][gc,phases      ] GC(143)   Evacuate Collection Set: 47.1ms
[51.793s][info][gc,phases      ] GC(143)   Post Evacuate Collection Set: 0.6ms
[51.793s][info][gc,phases      ] GC(143)   Other: 0.3ms
[51.793s][info][gc,heap        ] GC(143) Eden regions: 111->0(135)
[51.793s][info][gc,heap        ] GC(143) Survivor regions: 9->8(15)
[51.793s][info][gc,heap        ] GC(143) Old regions: 206->213
[51.793s][info][gc,heap        ] GC(143) Humongous regions: 39->39
[51.793s][info][gc,metaspace   ] GC(143) Metaspace: 63354K->63354K(1105920K)
[51.793s][info][gc             ] GC(143) Pause Young (Normal) (G1 Evacuation Pause) 363M->258M(818M) 48.145ms
[51.793s][info][gc,cpu         ] GC(143) User=0.04s Sys=0.00s Real=0.05s
[52.154s][info][gc,start       ] GC(144) Pause Young (Normal) (G1 Evacuation Pause)
[52.154s][info][gc,task        ] GC(144) Using 1 workers of 1 for evacuation
[52.214s][info][gc,phases      ] GC(144)   Pre Evacuate Collection Set: 0.0ms
[52.214s][info][gc,phases      ] GC(144)   Evacuate Collection Set: 58.8ms
[52.214s][info][gc,phases      ] GC(144)   Post Evacuate Collection Set: 0.6ms
[52.214s][info][gc,phases      ] GC(144)   Other: 0.2ms
[52.214s][info][gc,heap        ] GC(144) Eden regions: 109->0(106)
[52.214s][info][gc,heap        ] GC(144) Survivor regions: 8->13(15)
[52.214s][info][gc,heap        ] GC(144) Old regions: 213->213
[52.214s][info][gc,heap        ] GC(144) Humongous regions: 48->48
[52.214s][info][gc,metaspace   ] GC(144) Metaspace: 63354K->63354K(1105920K)
[52.214s][info][gc             ] GC(144) Pause Young (Normal) (G1 Evacuation Pause) 376M->272M(818M) 59.759ms
[52.214s][info][gc,cpu         ] GC(144) User=0.06s Sys=0.00s Real=0.06s
[52.779s][info][gc,start       ] GC(145) Pause Young (Normal) (G1 Evacuation Pause)
[52.779s][info][gc,task        ] GC(145) Using 1 workers of 1 for evacuation
[52.877s][info][gc,phases      ] GC(145)   Pre Evacuate Collection Set: 0.0ms
[52.877s][info][gc,phases      ] GC(145)   Evacuate Collection Set: 97.1ms
[52.877s][info][gc,phases      ] GC(145)   Post Evacuate Collection Set: 0.5ms
[52.877s][info][gc,phases      ] GC(145)   Other: 0.3ms
[52.877s][info][gc,heap        ] GC(145) Eden regions: 69->0(100)
[52.877s][info][gc,heap        ] GC(145) Survivor regions: 13->5(11)
[52.877s][info][gc,heap        ] GC(145) Old regions: 213->226
[52.877s][info][gc,heap        ] GC(145) Humongous regions: 53->53
[52.877s][info][gc,metaspace   ] GC(145) Metaspace: 63354K->63354K(1105920K)
[52.877s][info][gc             ] GC(145) Pause Young (Normal) (G1 Evacuation Pause) 346M->281M(818M) 98.146ms
[52.877s][info][gc,cpu         ] GC(145) User=0.10s Sys=0.00s Real=0.10s
[54.133s][info][gc,start       ] GC(146) Pause Young (Normal) (G1 Evacuation Pause)
[54.133s][info][gc,task        ] GC(146) Using 1 workers of 1 for evacuation
[54.250s][info][gc,phases      ] GC(146)   Pre Evacuate Collection Set: 0.0ms
[54.250s][info][gc,phases      ] GC(146)   Evacuate Collection Set: 116.5ms
[54.250s][info][gc,phases      ] GC(146)   Post Evacuate Collection Set: 0.5ms
[54.250s][info][gc,phases      ] GC(146)   Other: 0.4ms
[54.250s][info][gc,heap        ] GC(146) Eden regions: 100->0(26)
[54.250s][info][gc,heap        ] GC(146) Survivor regions: 5->14(14)
[54.250s][info][gc,heap        ] GC(146) Old regions: 226->243
[54.250s][info][gc,heap        ] GC(146) Humongous regions: 80->75
[54.250s][info][gc,metaspace   ] GC(146) Metaspace: 63423K->63423K(1105920K)
[54.250s][info][gc             ] GC(146) Pause Young (Normal) (G1 Evacuation Pause) 408M->330M(818M) 117.603ms
[54.250s][info][gc,cpu         ] GC(146) User=0.11s Sys=0.00s Real=0.12s
[54.306s][info][gc,start       ] GC(147) Pause Young (Normal) (G1 Evacuation Pause)
[54.306s][info][gc,task        ] GC(147) Using 1 workers of 1 for evacuation
[54.373s][info][gc,phases      ] GC(147)   Pre Evacuate Collection Set: 0.0ms
[54.373s][info][gc,phases      ] GC(147)   Evacuate Collection Set: 65.9ms
[54.373s][info][gc,phases      ] GC(147)   Post Evacuate Collection Set: 0.7ms
[54.373s][info][gc,phases      ] GC(147)   Other: 0.2ms
[54.373s][info][gc,heap        ] GC(147) Eden regions: 26->0(37)
[54.373s][info][gc,heap        ] GC(147) Survivor regions: 14->5(5)
[54.373s][info][gc,heap        ] GC(147) Old regions: 243->259
[54.373s][info][gc,heap        ] GC(147) Humongous regions: 75->75
[54.373s][info][gc,metaspace   ] GC(147) Metaspace: 63425K->63425K(1105920K)
[54.373s][info][gc             ] GC(147) Pause Young (Normal) (G1 Evacuation Pause) 356M->337M(855M) 67.227ms
[54.373s][info][gc,cpu         ] GC(147) User=0.07s Sys=0.00s Real=0.07s
[54.476s][info][gc,start       ] GC(148) Pause Young (Normal) (G1 Evacuation Pause)
[54.476s][info][gc,task        ] GC(148) Using 1 workers of 1 for evacuation
[54.529s][info][gc,phases      ] GC(148)   Pre Evacuate Collection Set: 0.0ms
[54.529s][info][gc,phases      ] GC(148)   Evacuate Collection Set: 52.0ms
[54.529s][info][gc,phases      ] GC(148)   Post Evacuate Collection Set: 0.5ms
[54.529s][info][gc,phases      ] GC(148)   Other: 0.2ms
[54.529s][info][gc,heap        ] GC(148) Eden regions: 37->0(39)
[54.529s][info][gc,heap        ] GC(148) Survivor regions: 5->5(6)
[54.529s][info][gc,heap        ] GC(148) Old regions: 259->264
[54.529s][info][gc,heap        ] GC(148) Humongous regions: 76->76
[54.529s][info][gc,metaspace   ] GC(148) Metaspace: 63430K->63430K(1105920K)
[54.529s][info][gc             ] GC(148) Pause Young (Normal) (G1 Evacuation Pause) 375M->343M(855M) 52.858ms
[54.529s][info][gc,cpu         ] GC(148) User=0.06s Sys=0.00s Real=0.06s
[54.630s][info][gc,start       ] GC(149) Pause Young (Normal) (G1 Evacuation Pause)
[54.630s][info][gc,task        ] GC(149) Using 1 workers of 1 for evacuation
[54.667s][info][gc,phases      ] GC(149)   Pre Evacuate Collection Set: 0.0ms
[54.667s][info][gc,phases      ] GC(149)   Evacuate Collection Set: 36.9ms
[54.667s][info][gc,phases      ] GC(149)   Post Evacuate Collection Set: 0.4ms
[54.667s][info][gc,phases      ] GC(149)   Other: 0.2ms
[54.667s][info][gc,heap        ] GC(149) Eden regions: 39->0(58)
[54.667s][info][gc,heap        ] GC(149) Survivor regions: 5->5(6)
[54.667s][info][gc,heap        ] GC(149) Old regions: 264->269
[54.667s][info][gc,heap        ] GC(149) Humongous regions: 81->81
[54.667s][info][gc,metaspace   ] GC(149) Metaspace: 63430K->63430K(1105920K)
[54.667s][info][gc             ] GC(149) Pause Young (Normal) (G1 Evacuation Pause) 387M->353M(855M) 37.558ms
[54.667s][info][gc,cpu         ] GC(149) User=0.03s Sys=0.00s Real=0.04s
[54.804s][info][gc,start       ] GC(150) Pause Young (Normal) (G1 Evacuation Pause)
[54.804s][info][gc,task        ] GC(150) Using 1 workers of 1 for evacuation
[54.833s][info][gc,phases      ] GC(150)   Pre Evacuate Collection Set: 0.0ms
[54.833s][info][gc,phases      ] GC(150)   Evacuate Collection Set: 28.6ms
[54.833s][info][gc,phases      ] GC(150)   Post Evacuate Collection Set: 0.3ms
[54.833s][info][gc,phases      ] GC(150)   Other: 0.2ms
[54.833s][info][gc,heap        ] GC(150) Eden regions: 58->0(84)
[54.833s][info][gc,heap        ] GC(150) Survivor regions: 5->6(8)
[54.833s][info][gc,heap        ] GC(150) Old regions: 269->273
[54.833s][info][gc,heap        ] GC(150) Humongous regions: 81->81
[54.833s][info][gc,metaspace   ] GC(150) Metaspace: 63430K->63430K(1105920K)
[54.833s][info][gc             ] GC(150) Pause Young (Normal) (G1 Evacuation Pause) 411M->358M(855M) 29.226ms
[54.833s][info][gc,cpu         ] GC(150) User=0.03s Sys=0.00s Real=0.03s
[55.037s][info][gc,start       ] GC(151) Pause Young (Normal) (G1 Evacuation Pause)
[55.037s][info][gc,task        ] GC(151) Using 1 workers of 1 for evacuation
[55.078s][info][gc,phases      ] GC(151)   Pre Evacuate Collection Set: 0.1ms
[55.078s][info][gc,phases      ] GC(151)   Evacuate Collection Set: 40.3ms
[55.078s][info][gc,phases      ] GC(151)   Post Evacuate Collection Set: 0.4ms
[55.078s][info][gc,phases      ] GC(151)   Other: 0.3ms
[55.078s][info][gc,heap        ] GC(151) Eden regions: 84->0(102)
[55.078s][info][gc,heap        ] GC(151) Survivor regions: 6->12(12)
[55.078s][info][gc,heap        ] GC(151) Old regions: 273->273
[55.078s][info][gc,heap        ] GC(151) Humongous regions: 86->86
[55.078s][info][gc,metaspace   ] GC(151) Metaspace: 63430K->63430K(1105920K)
[55.078s][info][gc             ] GC(151) Pause Young (Normal) (G1 Evacuation Pause) 447M->369M(855M) 41.173ms
[55.078s][info][gc,cpu         ] GC(151) User=0.04s Sys=0.00s Real=0.04s
[55.326s][info][gc,start       ] GC(152) Pause Young (Normal) (G1 Evacuation Pause)
[55.327s][info][gc,task        ] GC(152) Using 1 workers of 1 for evacuation
[55.377s][info][gc,phases      ] GC(152)   Pre Evacuate Collection Set: 0.0ms
[55.377s][info][gc,phases      ] GC(152)   Evacuate Collection Set: 49.5ms
[55.377s][info][gc,phases      ] GC(152)   Post Evacuate Collection Set: 0.5ms
[55.377s][info][gc,phases      ] GC(152)   Other: 0.2ms
[55.377s][info][gc,heap        ] GC(152) Eden regions: 102->0(126)
[55.377s][info][gc,heap        ] GC(152) Survivor regions: 12->12(15)
[55.377s][info][gc,heap        ] GC(152) Old regions: 273->279
[55.377s][info][gc,heap        ] GC(152) Humongous regions: 86->86
[55.377s][info][gc,metaspace   ] GC(152) Metaspace: 63430K->63430K(1105920K)
[55.377s][info][gc             ] GC(152) Pause Young (Normal) (G1 Evacuation Pause) 471M->375M(869M) 50.361ms
[55.377s][info][gc,cpu         ] GC(152) User=0.05s Sys=0.00s Real=0.05s
[56.033s][info][gc,start       ] GC(153) Pause Young (Normal) (G1 Evacuation Pause)
[56.033s][info][gc,task        ] GC(153) Using 1 workers of 1 for evacuation
[56.151s][info][gc,phases      ] GC(153)   Pre Evacuate Collection Set: 0.1ms
[56.151s][info][gc,phases      ] GC(153)   Evacuate Collection Set: 116.8ms
[56.151s][info][gc,phases      ] GC(153)   Post Evacuate Collection Set: 0.6ms
[56.151s][info][gc,phases      ] GC(153)   Other: 0.3ms
[56.151s][info][gc,heap        ] GC(153) Eden regions: 111->0(29)
[56.151s][info][gc,heap        ] GC(153) Survivor regions: 12->14(16)
[56.151s][info][gc,heap        ] GC(153) Old regions: 279->284
[56.151s][info][gc,heap        ] GC(153) Humongous regions: 100->100
[56.151s][info][gc,metaspace   ] GC(153) Metaspace: 63434K->63434K(1105920K)
[56.151s][info][gc             ] GC(153) Pause Young (Normal) (G1 Evacuation Pause) 500M->395M(869M) 117.964ms
[56.151s][info][gc,cpu         ] GC(153) User=0.12s Sys=0.00s Real=0.12s
[56.372s][info][gc,start       ] GC(154) Pause Young (Normal) (G1 Evacuation Pause)
[56.372s][info][gc,task        ] GC(154) Using 1 workers of 1 for evacuation
[56.440s][info][gc,phases      ] GC(154)   Pre Evacuate Collection Set: 0.1ms
[56.440s][info][gc,phases      ] GC(154)   Evacuate Collection Set: 67.4ms
[56.440s][info][gc,phases      ] GC(154)   Post Evacuate Collection Set: 0.4ms
[56.440s][info][gc,phases      ] GC(154)   Other: 0.2ms
[56.440s][info][gc,heap        ] GC(154) Eden regions: 29->0(43)
[56.440s][info][gc,heap        ] GC(154) Survivor regions: 14->4(6)
[56.440s][info][gc,heap        ] GC(154) Old regions: 284->297
[56.440s][info][gc,heap        ] GC(154) Humongous regions: 103->103
[56.440s][info][gc,metaspace   ] GC(154) Metaspace: 63450K->63450K(1105920K)
[56.440s][info][gc             ] GC(154) Pause Young (Normal) (G1 Evacuation Pause) 427M->402M(869M) 68.171ms
[56.440s][info][gc,cpu         ] GC(154) User=0.07s Sys=0.00s Real=0.07s
[56.443s][info][gc,start       ] GC(155) Pause Young (Concurrent Start) (G1 Humongous Allocation)
[56.443s][info][gc,task        ] GC(155) Using 1 workers of 1 for evacuation
[56.454s][info][gc,phases      ] GC(155)   Pre Evacuate Collection Set: 0.3ms
[56.454s][info][gc,phases      ] GC(155)   Evacuate Collection Set: 10.9ms
[56.454s][info][gc,phases      ] GC(155)   Post Evacuate Collection Set: 0.3ms
[56.454s][info][gc,phases      ] GC(155)   Other: 0.2ms
[56.454s][info][gc,heap        ] GC(155) Eden regions: 1->0(46)
[56.454s][info][gc,heap        ] GC(155) Survivor regions: 4->1(6)
[56.454s][info][gc,heap        ] GC(155) Old regions: 297->301
[56.454s][info][gc,heap        ] GC(155) Humongous regions: 103->103
[56.454s][info][gc,metaspace   ] GC(155) Metaspace: 63450K->63450K(1105920K)
[56.454s][info][gc             ] GC(155) Pause Young (Concurrent Start) (G1 Humongous Allocation) 403M->402M(869M) 11.757ms
[56.454s][info][gc,cpu         ] GC(155) User=0.01s Sys=0.00s Real=0.01s
[56.455s][info][gc             ] GC(156) Concurrent Cycle
[56.455s][info][gc,marking     ] GC(156) Concurrent Clear Claimed Marks
[56.455s][info][gc,marking     ] GC(156) Concurrent Clear Claimed Marks 0.280ms
[56.455s][info][gc,marking     ] GC(156) Concurrent Scan Root Regions
[56.456s][info][gc,marking     ] GC(156) Concurrent Scan Root Regions 0.751ms
[56.456s][info][gc,marking     ] GC(156) Concurrent Mark (56.456s)
[56.456s][info][gc,marking     ] GC(156) Concurrent Mark From Roots
[56.456s][info][gc,task        ] GC(156) Using 1 workers of 1 for marking
[56.828s][info][gc,marking     ] GC(156) Concurrent Mark From Roots 372.084ms
[56.828s][info][gc,marking     ] GC(156) Concurrent Preclean
[56.828s][info][gc,marking     ] GC(156) Concurrent Preclean 0.118ms
[56.828s][info][gc,marking     ] GC(156) Concurrent Mark (56.456s, 56.828s) 372.394ms
[56.830s][info][gc,start       ] GC(156) Pause Remark
[56.846s][info][gc,stringtable ] GC(156) Cleaned string and symbol table, strings: 22362 processed, 10 removed, symbols: 137243 processed, 0 removed
[56.846s][info][gc             ] GC(156) Pause Remark 452M->249M(869M) 16.188ms
[56.846s][info][gc,cpu         ] GC(156) User=0.01s Sys=0.00s Real=0.01s
[56.848s][info][gc,marking     ] GC(156) Concurrent Rebuild Remembered Sets
[56.867s][info][gc,start       ] GC(157) Pause Young (Normal) (G1 Evacuation Pause)
[56.867s][info][gc,task        ] GC(157) Using 1 workers of 1 for evacuation
[56.908s][info][gc,phases      ] GC(157)   Pre Evacuate Collection Set: 0.0ms
[56.908s][info][gc,phases      ] GC(157)   Evacuate Collection Set: 40.6ms
[56.908s][info][gc,phases      ] GC(157)   Post Evacuate Collection Set: 0.5ms
[56.908s][info][gc,phases      ] GC(157)   Other: 0.2ms
[56.908s][info][gc,heap        ] GC(157) Eden regions: 46->0(71)
[56.908s][info][gc,heap        ] GC(157) Survivor regions: 1->6(6)
[56.908s][info][gc,heap        ] GC(157) Old regions: 190->195
[56.908s][info][gc,heap        ] GC(157) Humongous regions: 20->20
[56.908s][info][gc,metaspace   ] GC(157) Metaspace: 63452K->63452K(1105920K)
[56.908s][info][gc             ] GC(157) Pause Young (Normal) (G1 Evacuation Pause) 254M->219M(869M) 41.422ms
[56.908s][info][gc,cpu         ] GC(157) User=0.04s Sys=0.00s Real=0.05s
[57.254s][info][gc,marking     ] GC(156) Concurrent Rebuild Remembered Sets 406.805ms
[57.261s][info][gc,start       ] GC(156) Pause Cleanup
[57.261s][info][gc             ] GC(156) Pause Cleanup 284M->284M(869M) 0.295ms
[57.261s][info][gc,cpu         ] GC(156) User=0.00s Sys=0.00s Real=0.00s
[57.261s][info][gc,marking     ] GC(156) Concurrent Cleanup for Next Mark
[57.263s][info][gc,marking     ] GC(156) Concurrent Cleanup for Next Mark 2.233ms
[57.263s][info][gc             ] GC(156) Concurrent Cycle 808.662ms
[57.295s][info][gc,start       ] GC(158) Pause Young (Prepare Mixed) (G1 Evacuation Pause)
[57.295s][info][gc,task        ] GC(158) Using 1 workers of 1 for evacuation
[57.370s][info][gc,phases      ] GC(158)   Pre Evacuate Collection Set: 0.0ms
[57.370s][info][gc,phases      ] GC(158)   Evacuate Collection Set: 73.8ms
[57.370s][info][gc,phases      ] GC(158)   Post Evacuate Collection Set: 0.7ms
[57.370s][info][gc,phases      ] GC(158)   Other: 0.2ms
[57.370s][info][gc,heap        ] GC(158) Eden regions: 71->0(34)
[57.370s][info][gc,heap        ] GC(158) Survivor regions: 6->10(10)
[57.370s][info][gc,heap        ] GC(158) Old regions: 195->213
[57.370s][info][gc,heap        ] GC(158) Humongous regions: 30->30
[57.370s][info][gc,metaspace   ] GC(158) Metaspace: 63461K->63461K(1105920K)
[57.370s][info][gc             ] GC(158) Pause Young (Prepare Mixed) (G1 Evacuation Pause) 300M->251M(896M) 74.919ms
[57.370s][info][gc,cpu         ] GC(158) User=0.07s Sys=0.00s Real=0.08s
[57.456s][info][gc,start       ] GC(159) Pause Young (Mixed) (G1 Evacuation Pause)
[57.456s][info][gc,task        ] GC(159) Using 1 workers of 1 for evacuation
[57.502s][info][gc,phases      ] GC(159)   Pre Evacuate Collection Set: 0.0ms
[57.502s][info][gc,phases      ] GC(159)   Evacuate Collection Set: 45.5ms
[57.502s][info][gc,phases      ] GC(159)   Post Evacuate Collection Set: 0.4ms
[57.502s][info][gc,phases      ] GC(159)   Other: 0.2ms
[57.502s][info][gc,heap        ] GC(159) Eden regions: 34->0(102)
[57.502s][info][gc,heap        ] GC(159) Survivor regions: 10->5(6)
[57.502s][info][gc,heap        ] GC(159) Old regions: 213->217
[57.502s][info][gc,heap        ] GC(159) Humongous regions: 33->33
[57.502s][info][gc,metaspace   ] GC(159) Metaspace: 63461K->63461K(1105920K)
[57.502s][info][gc             ] GC(159) Pause Young (Mixed) (G1 Evacuation Pause) 288M->253M(896M) 46.225ms
[57.502s][info][gc,cpu         ] GC(159) User=0.04s Sys=0.00s Real=0.05s
[57.762s][info][gc,start       ] GC(160) Pause Young (Normal) (G1 Evacuation Pause)
[57.762s][info][gc,task        ] GC(160) Using 1 workers of 1 for evacuation
[57.817s][info][gc,phases      ] GC(160)   Pre Evacuate Collection Set: 0.0ms
[57.817s][info][gc,phases      ] GC(160)   Evacuate Collection Set: 54.3ms
[57.817s][info][gc,phases      ] GC(160)   Post Evacuate Collection Set: 0.4ms
[57.817s][info][gc,phases      ] GC(160)   Other: 0.2ms
[57.817s][info][gc,heap        ] GC(160) Eden regions: 102->0(119)
[57.817s][info][gc,heap        ] GC(160) Survivor regions: 5->14(14)
[57.817s][info][gc,heap        ] GC(160) Old regions: 217->217
[57.817s][info][gc,heap        ] GC(160) Humongous regions: 41->41
[57.817s][info][gc,metaspace   ] GC(160) Metaspace: 63461K->63461K(1105920K)
[57.817s][info][gc             ] GC(160) Pause Young (Normal) (G1 Evacuation Pause) 363M->270M(896M) 55.085ms
[57.817s][info][gc,cpu         ] GC(160) User=0.06s Sys=0.00s Real=0.05s
[58.094s][info][gc,start       ] GC(161) Pause Young (Normal) (G1 Evacuation Pause)
[58.095s][info][gc,task        ] GC(161) Using 1 workers of 1 for evacuation
[58.165s][info][gc,phases      ] GC(161)   Pre Evacuate Collection Set: 0.0ms
[58.165s][info][gc,phases      ] GC(161)   Evacuate Collection Set: 69.7ms
[58.165s][info][gc,phases      ] GC(161)   Post Evacuate Collection Set: 0.4ms
[58.165s][info][gc,phases      ] GC(161)   Other: 0.2ms
[58.165s][info][gc,heap        ] GC(161) Eden regions: 119->0(133)
[58.165s][info][gc,heap        ] GC(161) Survivor regions: 14->9(17)
[58.165s][info][gc,heap        ] GC(161) Old regions: 217->231
[58.165s][info][gc,heap        ] GC(161) Humongous regions: 41->41
[58.165s][info][gc,metaspace   ] GC(161) Metaspace: 63462K->63462K(1105920K)
[58.165s][info][gc             ] GC(161) Pause Young (Normal) (G1 Evacuation Pause) 389M->278M(896M) 70.368ms
[58.165s][info][gc,cpu         ] GC(161) User=0.07s Sys=0.00s Real=0.07s
[58.557s][info][gc,start       ] GC(162) Pause Young (Normal) (G1 Evacuation Pause)
[58.557s][info][gc,task        ] GC(162) Using 1 workers of 1 for evacuation
[58.628s][info][gc,phases      ] GC(162)   Pre Evacuate Collection Set: 0.1ms
[58.628s][info][gc,phases      ] GC(162)   Evacuate Collection Set: 70.2ms
[58.628s][info][gc,phases      ] GC(162)   Post Evacuate Collection Set: 0.8ms
[58.628s][info][gc,phases      ] GC(162)   Other: 0.3ms
[58.628s][info][gc,heap        ] GC(162) Eden regions: 133->0(30)
[58.628s][info][gc,heap        ] GC(162) Survivor regions: 9->15(18)
[58.628s][info][gc,heap        ] GC(162) Old regions: 231->231
[58.628s][info][gc,heap        ] GC(162) Humongous regions: 50->50
[58.628s][info][gc,metaspace   ] GC(162) Metaspace: 63462K->63462K(1105920K)
[58.628s][info][gc             ] GC(162) Pause Young (Normal) (G1 Evacuation Pause) 420M->294M(918M) 71.309ms
[58.628s][info][gc,cpu         ] GC(162) User=0.07s Sys=0.00s Real=0.08s
[59.063s][info][gc,start       ] GC(163) Pause Young (Normal) (G1 Evacuation Pause)
[59.063s][info][gc,task        ] GC(163) Using 1 workers of 1 for evacuation
[59.144s][info][gc,phases      ] GC(163)   Pre Evacuate Collection Set: 0.0ms
[59.144s][info][gc,phases      ] GC(163)   Evacuate Collection Set: 79.9ms
[59.144s][info][gc,phases      ] GC(163)   Post Evacuate Collection Set: 0.5ms
[59.144s][info][gc,phases      ] GC(163)   Other: 0.3ms
[59.144s][info][gc,heap        ] GC(163) Eden regions: 30->0(60)
[59.144s][info][gc,heap        ] GC(163) Survivor regions: 15->2(6)
[59.144s][info][gc,heap        ] GC(163) Old regions: 231->246
[59.144s][info][gc,heap        ] GC(163) Humongous regions: 55->55
[59.144s][info][gc,metaspace   ] GC(163) Metaspace: 63462K->63462K(1105920K)
[59.144s][info][gc             ] GC(163) Pause Young (Normal) (G1 Evacuation Pause) 329M->301M(918M) 80.820ms
[59.144s][info][gc,cpu         ] GC(163) User=0.08s Sys=0.00s Real=0.08s
[59.440s][info][gc,start       ] GC(164) Pause Young (Normal) (G1 Evacuation Pause)
[59.441s][info][gc,task        ] GC(164) Using 1 workers of 1 for evacuation
[59.501s][info][gc,phases      ] GC(164)   Pre Evacuate Collection Set: 0.1ms
[59.501s][info][gc,phases      ] GC(164)   Evacuate Collection Set: 59.1ms
[59.501s][info][gc,phases      ] GC(164)   Post Evacuate Collection Set: 0.6ms
[59.501s][info][gc,phases      ] GC(164)   Other: 0.6ms
[59.501s][info][gc,heap        ] GC(164) Eden regions: 60->0(69)
[59.501s][info][gc,heap        ] GC(164) Survivor regions: 2->8(8)
[59.501s][info][gc,heap        ] GC(164) Old regions: 246->252
[59.501s][info][gc,heap        ] GC(164) Humongous regions: 66->66
[59.501s][info][gc,metaspace   ] GC(164) Metaspace: 63519K->63519K(1105920K)
[59.501s][info][gc             ] GC(164) Pause Young (Normal) (G1 Evacuation Pause) 372M->324M(918M) 60.427ms
[59.501s][info][gc,cpu         ] GC(164) User=0.06s Sys=0.00s Real=0.06s
[59.659s][info][gc,start       ] GC(165) Pause Young (Normal) (G1 Evacuation Pause)
[59.659s][info][gc,task        ] GC(165) Using 1 workers of 1 for evacuation
[59.746s][info][gc,phases      ] GC(165)   Pre Evacuate Collection Set: 0.1ms
[59.746s][info][gc,phases      ] GC(165)   Evacuate Collection Set: 86.4ms
[59.746s][info][gc,phases      ] GC(165)   Post Evacuate Collection Set: 0.4ms
[59.746s][info][gc,phases      ] GC(165)   Other: 0.2ms
[59.746s][info][gc,heap        ] GC(165) Eden regions: 69->0(81)
[59.746s][info][gc,heap        ] GC(165) Survivor regions: 8->10(10)
[59.746s][info][gc,heap        ] GC(165) Old regions: 252->273
[59.746s][info][gc,heap        ] GC(165) Humongous regions: 77->77
[59.746s][info][gc,metaspace   ] GC(165) Metaspace: 63522K->63522K(1105920K)
[59.746s][info][gc             ] GC(165) Pause Young (Normal) (G1 Evacuation Pause) 404M->358M(918M) 87.266ms
[59.746s][info][gc,cpu         ] GC(165) User=0.09s Sys=0.00s Real=0.09s
[59.921s][info][gc,start       ] GC(166) Pause Young (Normal) (G1 Evacuation Pause)
[59.921s][info][gc,task        ] GC(166) Using 1 workers of 1 for evacuation
[59.977s][info][gc,phases      ] GC(166)   Pre Evacuate Collection Set: 0.1ms
[59.977s][info][gc,phases      ] GC(166)   Evacuate Collection Set: 55.1ms
[59.977s][info][gc,phases      ] GC(166)   Post Evacuate Collection Set: 0.5ms
[59.977s][info][gc,phases      ] GC(166)   Other: 0.3ms
[59.977s][info][gc,heap        ] GC(166) Eden regions: 81->0(97)
[59.977s][info][gc,heap        ] GC(166) Survivor regions: 10->9(12)
[59.977s][info][gc,heap        ] GC(166) Old regions: 273->283
[59.977s][info][gc,heap        ] GC(166) Humongous regions: 83->83
[59.977s][info][gc,metaspace   ] GC(166) Metaspace: 63525K->63525K(1105920K)
[59.977s][info][gc             ] GC(166) Pause Young (Normal) (G1 Evacuation Pause) 445M->373M(937M) 55.984ms
[59.977s][info][gc,cpu         ] GC(166) User=0.06s Sys=0.00s Real=0.05s
[60.236s][info][gc,start       ] GC(167) Pause Young (Normal) (G1 Evacuation Pause)
[60.236s][info][gc,task        ] GC(167) Using 1 workers of 1 for evacuation
[60.293s][info][gc,phases      ] GC(167)   Pre Evacuate Collection Set: 0.1ms
[60.293s][info][gc,phases      ] GC(167)   Evacuate Collection Set: 56.1ms
[60.293s][info][gc,phases      ] GC(167)   Post Evacuate Collection Set: 0.4ms
[60.293s][info][gc,phases      ] GC(167)   Other: 0.3ms
[60.293s][info][gc,heap        ] GC(167) Eden regions: 97->0(113)
[60.293s][info][gc,heap        ] GC(167) Survivor regions: 9->9(14)
[60.293s][info][gc,heap        ] GC(167) Old regions: 283->292
[60.293s][info][gc,heap        ] GC(167) Humongous regions: 88->88
[60.293s][info][gc,metaspace   ] GC(167) Metaspace: 63525K->63525K(1105920K)
[60.293s][info][gc             ] GC(167) Pause Young (Normal) (G1 Evacuation Pause) 475M->387M(937M) 56.879ms
[60.293s][info][gc,cpu         ] GC(167) User=0.06s Sys=0.00s Real=0.06s
[60.563s][info][gc,start       ] GC(168) Pause Young (Normal) (G1 Evacuation Pause)
[60.563s][info][gc,task        ] GC(168) Using 1 workers of 1 for evacuation
[60.612s][info][gc,phases      ] GC(168)   Pre Evacuate Collection Set: 0.1ms
[60.612s][info][gc,phases      ] GC(168)   Evacuate Collection Set: 48.2ms
[60.612s][info][gc,phases      ] GC(168)   Post Evacuate Collection Set: 0.4ms
[60.612s][info][gc,phases      ] GC(168)   Other: 0.3ms
[60.612s][info][gc,heap        ] GC(168) Eden regions: 113->0(135)
[60.612s][info][gc,heap        ] GC(168) Survivor regions: 9->8(16)
[60.612s][info][gc,heap        ] GC(168) Old regions: 292->299
[60.612s][info][gc,heap        ] GC(168) Humongous regions: 88->88
[60.612s][info][gc,metaspace   ] GC(168) Metaspace: 63530K->63530K(1105920K)
[60.612s][info][gc             ] GC(168) Pause Young (Normal) (G1 Evacuation Pause) 500M->393M(937M) 49.073ms
[60.612s][info][gc,cpu         ] GC(168) User=0.04s Sys=0.00s Real=0.05s
[61.285s][info][gc,start       ] GC(169) Pause Young (Normal) (G1 Evacuation Pause)
[61.285s][info][gc,task        ] GC(169) Using 1 workers of 1 for evacuation
[61.369s][info][gc,phases      ] GC(169)   Pre Evacuate Collection Set: 0.1ms
[61.369s][info][gc,phases      ] GC(169)   Evacuate Collection Set: 83.4ms
[61.369s][info][gc,phases      ] GC(169)   Post Evacuate Collection Set: 0.6ms
[61.369s][info][gc,phases      ] GC(169)   Other: 0.2ms
[61.369s][info][gc,heap        ] GC(169) Eden regions: 129->0(116)
[61.369s][info][gc,heap        ] GC(169) Survivor regions: 8->15(18)
[61.369s][info][gc,heap        ] GC(169) Old regions: 299->299
[61.369s][info][gc,heap        ] GC(169) Humongous regions: 102->102
[61.369s][info][gc,metaspace   ] GC(169) Metaspace: 63530K->63530K(1105920K)
[61.369s][info][gc             ] GC(169) Pause Young (Normal) (G1 Evacuation Pause) 536M->414M(937M) 84.355ms
[61.369s][info][gc,cpu         ] GC(169) User=0.08s Sys=0.00s Real=0.09s
[61.688s][info][gc,start       ] GC(170) Pause Young (Normal) (G1 Evacuation Pause)
[61.689s][info][gc,task        ] GC(170) Using 1 workers of 1 for evacuation
[61.783s][info][gc,phases      ] GC(170)   Pre Evacuate Collection Set: 0.1ms
[61.783s][info][gc,phases      ] GC(170)   Evacuate Collection Set: 94.1ms
[61.783s][info][gc,phases      ] GC(170)   Post Evacuate Collection Set: 0.6ms
[61.783s][info][gc,phases      ] GC(170)   Other: 0.2ms
[61.783s][info][gc,heap        ] GC(170) Eden regions: 46->0(100)
[61.783s][info][gc,heap        ] GC(170) Survivor regions: 15->8(8)
[61.783s][info][gc,heap        ] GC(170) Old regions: 299->315
[61.783s][info][gc,heap        ] GC(170) Humongous regions: 118->113
[61.783s][info][gc,metaspace   ] GC(170) Metaspace: 63587K->63587K(1105920K)
[61.784s][info][gc             ] GC(170) Pause Young (Normal) (G1 Evacuation Pause) 476M->434M(950M) 95.071ms
[61.784s][info][gc,cpu         ] GC(170) User=0.09s Sys=0.00s Real=0.09s
[61.931s][info][gc,start       ] GC(171) Pause Young (Concurrent Start) (G1 Humongous Allocation)
[61.931s][info][gc,task        ] GC(171) Using 1 workers of 1 for evacuation
[61.968s][info][gc,phases      ] GC(171)   Pre Evacuate Collection Set: 0.3ms
[61.968s][info][gc,phases      ] GC(171)   Evacuate Collection Set: 36.7ms
[61.968s][info][gc,phases      ] GC(171)   Post Evacuate Collection Set: 0.4ms
[61.968s][info][gc,phases      ] GC(171)   Other: 0.3ms
[61.968s][info][gc,heap        ] GC(171) Eden regions: 39->0(78)
[61.968s][info][gc,heap        ] GC(171) Survivor regions: 8->4(14)
[61.968s][info][gc,heap        ] GC(171) Old regions: 315->323
[61.968s][info][gc,heap        ] GC(171) Humongous regions: 113->113
[61.968s][info][gc,metaspace   ] GC(171) Metaspace: 63607K->63607K(1105920K)
[61.968s][info][gc             ] GC(171) Pause Young (Concurrent Start) (G1 Humongous Allocation) 472M->438M(950M) 37.775ms
[61.968s][info][gc,cpu         ] GC(171) User=0.04s Sys=0.00s Real=0.04s
[61.969s][info][gc             ] GC(172) Concurrent Cycle
[61.969s][info][gc,marking     ] GC(172) Concurrent Clear Claimed Marks
[61.969s][info][gc,marking     ] GC(172) Concurrent Clear Claimed Marks 0.277ms
[61.969s][info][gc,marking     ] GC(172) Concurrent Scan Root Regions
[61.975s][info][gc,marking     ] GC(172) Concurrent Scan Root Regions 5.803ms
[61.975s][info][gc,marking     ] GC(172) Concurrent Mark (61.975s)
[61.975s][info][gc,marking     ] GC(172) Concurrent Mark From Roots
[61.975s][info][gc,task        ] GC(172) Using 1 workers of 1 for marking
[62.337s][info][gc,marking     ] GC(172) Concurrent Mark From Roots 361.945ms
[62.337s][info][gc,marking     ] GC(172) Concurrent Preclean
[62.337s][info][gc,marking     ] GC(172) Concurrent Preclean 0.116ms
[62.337s][info][gc,marking     ] GC(172) Concurrent Mark (61.975s, 62.337s) 362.269ms
[62.339s][info][gc,start       ] GC(172) Pause Remark
[62.355s][info][gc,stringtable ] GC(172) Cleaned string and symbol table, strings: 22555 processed, 0 removed, symbols: 137284 processed, 0 removed
[62.355s][info][gc             ] GC(172) Pause Remark 482M->255M(950M) 15.950ms
[62.355s][info][gc,cpu         ] GC(172) User=0.01s Sys=0.00s Real=0.01s
[62.357s][info][gc,marking     ] GC(172) Concurrent Rebuild Remembered Sets
[62.652s][info][gc,start       ] GC(173) Pause Young (Normal) (G1 Evacuation Pause)
[62.652s][info][gc,task        ] GC(173) Using 1 workers of 1 for evacuation
[62.717s][info][gc,phases      ] GC(173)   Pre Evacuate Collection Set: 0.0ms
[62.717s][info][gc,phases      ] GC(173)   Evacuate Collection Set: 64.4ms
[62.717s][info][gc,phases      ] GC(173)   Post Evacuate Collection Set: 0.5ms
[62.717s][info][gc,phases      ] GC(173)   Other: 0.3ms
[62.717s][info][gc,heap        ] GC(173) Eden regions: 78->0(82)
[62.717s][info][gc,heap        ] GC(173) Survivor regions: 4->11(11)
[62.717s][info][gc,heap        ] GC(173) Old regions: 200->206
[62.717s][info][gc,heap        ] GC(173) Humongous regions: 26->26
[62.717s][info][gc,metaspace   ] GC(173) Metaspace: 63642K->63642K(1105920K)
[62.717s][info][gc             ] GC(173) Pause Young (Normal) (G1 Evacuation Pause) 306M->241M(950M) 65.323ms
[62.717s][info][gc,cpu         ] GC(173) User=0.06s Sys=0.00s Real=0.06s
[62.722s][info][gc,marking     ] GC(172) Concurrent Rebuild Remembered Sets 365.585ms
[62.724s][info][gc,start       ] GC(172) Pause Cleanup
[62.724s][info][gc             ] GC(172) Pause Cleanup 242M->242M(950M) 0.265ms
[62.724s][info][gc,cpu         ] GC(172) User=0.00s Sys=0.00s Real=0.00s
[62.724s][info][gc,marking     ] GC(172) Concurrent Cleanup for Next Mark
[62.729s][info][gc,marking     ] GC(172) Concurrent Cleanup for Next Mark 5.011ms
[62.730s][info][gc             ] GC(172) Concurrent Cycle 761.023ms
[63.343s][info][gc,start       ] GC(174) Pause Young (Prepare Mixed) (G1 Evacuation Pause)
[63.344s][info][gc,task        ] GC(174) Using 1 workers of 1 for evacuation
[63.510s][info][gc,phases      ] GC(174)   Pre Evacuate Collection Set: 0.1ms
[63.510s][info][gc,phases      ] GC(174)   Evacuate Collection Set: 165.2ms
[63.510s][info][gc,phases      ] GC(174)   Post Evacuate Collection Set: 0.6ms
[63.510s][info][gc,phases      ] GC(174)   Other: 0.3ms
[63.510s][info][gc,heap        ] GC(174) Eden regions: 82->0(35)
[63.510s][info][gc,heap        ] GC(174) Survivor regions: 11->12(12)
[63.510s][info][gc,heap        ] GC(174) Old regions: 206->220
[63.510s][info][gc,heap        ] GC(174) Humongous regions: 42->37
[63.510s][info][gc,metaspace   ] GC(174) Metaspace: 64066K->64066K(1105920K)
[63.510s][info][gc             ] GC(174) Pause Young (Prepare Mixed) (G1 Evacuation Pause) 339M->267M(950M) 166.309ms
[63.510s][info][gc,cpu         ] GC(174) User=0.17s Sys=0.00s Real=0.17s
[63.770s][info][gc,start       ] GC(175) Pause Young (Mixed) (G1 Evacuation Pause)
[63.770s][info][gc,task        ] GC(175) Using 1 workers of 1 for evacuation
[63.833s][info][gc,phases      ] GC(175)   Pre Evacuate Collection Set: 0.1ms
[63.833s][info][gc,phases      ] GC(175)   Evacuate Collection Set: 61.5ms
[63.833s][info][gc,phases      ] GC(175)   Post Evacuate Collection Set: 0.5ms
[63.833s][info][gc,phases      ] GC(175)   Other: 0.4ms
[63.833s][info][gc,heap        ] GC(175) Eden regions: 35->0(78)
[63.833s][info][gc,heap        ] GC(175) Survivor regions: 12->3(6)
[63.833s][info][gc,heap        ] GC(175) Old regions: 220->215
[63.833s][info][gc,heap        ] GC(175) Humongous regions: 42->42
[63.833s][info][gc,metaspace   ] GC(175) Metaspace: 64084K->64084K(1105920K)
[63.833s][info][gc             ] GC(175) Pause Young (Mixed) (G1 Evacuation Pause) 307M->258M(962M) 62.560ms
[63.833s][info][gc,cpu         ] GC(175) User=0.06s Sys=0.00s Real=0.06s
[64.197s][info][gc,start       ] GC(176) Pause Young (Normal) (G1 Evacuation Pause)
[64.197s][info][gc,task        ] GC(176) Using 1 workers of 1 for evacuation
[64.257s][info][gc,phases      ] GC(176)   Pre Evacuate Collection Set: 0.1ms
[64.257s][info][gc,phases      ] GC(176)   Evacuate Collection Set: 59.5ms
[64.257s][info][gc,phases      ] GC(176)   Post Evacuate Collection Set: 0.5ms
[64.257s][info][gc,phases      ] GC(176)   Other: 0.3ms
[64.257s][info][gc,heap        ] GC(176) Eden regions: 78->0(77)
[64.257s][info][gc,heap        ] GC(176) Survivor regions: 3->11(11)
[64.257s][info][gc,heap        ] GC(176) Old regions: 215->218
[64.257s][info][gc,heap        ] GC(176) Humongous regions: 53->53
[64.257s][info][gc,metaspace   ] GC(176) Metaspace: 64113K->64113K(1105920K)
[64.257s][info][gc             ] GC(176) Pause Young (Normal) (G1 Evacuation Pause) 347M->280M(962M) 60.457ms
[64.257s][info][gc,cpu         ] GC(176) User=0.06s Sys=0.00s Real=0.06s
[64.643s][info][gc,start       ] GC(177) Pause Young (Normal) (G1 Evacuation Pause)
[64.643s][info][gc,task        ] GC(177) Using 1 workers of 1 for evacuation
[64.727s][info][gc,phases      ] GC(177)   Pre Evacuate Collection Set: 0.1ms
[64.727s][info][gc,phases      ] GC(177)   Evacuate Collection Set: 83.1ms
[64.727s][info][gc,phases      ] GC(177)   Post Evacuate Collection Set: 0.5ms
[64.727s][info][gc,phases      ] GC(177)   Other: 0.6ms
[64.727s][info][gc,heap        ] GC(177) Eden regions: 77->0(85)
[64.727s][info][gc,heap        ] GC(177) Survivor regions: 11->11(11)
[64.727s][info][gc,heap        ] GC(177) Old regions: 218->230
[64.727s][info][gc,heap        ] GC(177) Humongous regions: 69->64
[64.727s][info][gc,metaspace   ] GC(177) Metaspace: 64223K->64223K(1105920K)
[64.727s][info][gc             ] GC(177) Pause Young (Normal) (G1 Evacuation Pause) 373M->303M(962M) 84.356ms
[64.727s][info][gc,cpu         ] GC(177) User=0.08s Sys=0.00s Real=0.09s
[65.863s][info][gc,start       ] GC(178) Pause Young (Normal) (G1 Evacuation Pause)
[65.863s][info][gc,task        ] GC(178) Using 1 workers of 1 for evacuation
[65.937s][info][gc,phases      ] GC(178)   Pre Evacuate Collection Set: 0.1ms
[65.937s][info][gc,phases      ] GC(178)   Evacuate Collection Set: 72.5ms
[65.937s][info][gc,phases      ] GC(178)   Post Evacuate Collection Set: 0.5ms
[65.937s][info][gc,phases      ] GC(178)   Other: 0.4ms
[65.937s][info][gc,heap        ] GC(178) Eden regions: 85->0(97)
[65.937s][info][gc,heap        ] GC(178) Survivor regions: 11->12(12)
[65.937s][info][gc,heap        ] GC(178) Old regions: 230->241
[65.937s][info][gc,heap        ] GC(178) Humongous regions: 75->75
[65.937s][info][gc,metaspace   ] GC(178) Metaspace: 64232K->64232K(1105920K)
[65.937s][info][gc             ] GC(178) Pause Young (Normal) (G1 Evacuation Pause) 399M->325M(962M) 73.462ms
[65.937s][info][gc,cpu         ] GC(178) User=0.07s Sys=0.00s Real=0.07s
[66.747s][info][gc,start       ] GC(179) Pause Young (Normal) (G1 Evacuation Pause)
[66.747s][info][gc,task        ] GC(179) Using 1 workers of 1 for evacuation
[66.887s][info][gc,phases      ] GC(179)   Pre Evacuate Collection Set: 0.1ms
[66.887s][info][gc,phases      ] GC(179)   Evacuate Collection Set: 139.0ms
[66.887s][info][gc,phases      ] GC(179)   Post Evacuate Collection Set: 0.6ms
[66.887s][info][gc,phases      ] GC(179)   Other: 0.3ms
[66.887s][info][gc,heap        ] GC(179) Eden regions: 97->0(92)
[66.887s][info][gc,heap        ] GC(179) Survivor regions: 12->12(14)
[66.887s][info][gc,heap        ] GC(179) Old regions: 241->252
[66.887s][info][gc,heap        ] GC(179) Humongous regions: 86->86
[66.887s][info][gc,metaspace   ] GC(179) Metaspace: 64266K->64266K(1105920K)
[66.887s][info][gc             ] GC(179) Pause Young (Normal) (G1 Evacuation Pause) 433M->348M(969M) 140.165ms
[66.887s][info][gc,cpu         ] GC(179) User=0.14s Sys=0.00s Real=0.13s
[67.471s][info][gc,start       ] GC(180) Pause Young (Normal) (G1 Evacuation Pause)
[67.471s][info][gc,task        ] GC(180) Using 1 workers of 1 for evacuation
[67.544s][info][gc,phases      ] GC(180)   Pre Evacuate Collection Set: 0.1ms
[67.544s][info][gc,phases      ] GC(180)   Evacuate Collection Set: 72.2ms
[67.544s][info][gc,phases      ] GC(180)   Post Evacuate Collection Set: 0.5ms
[67.544s][info][gc,phases      ] GC(180)   Other: 0.4ms
[67.544s][info][gc,heap        ] GC(180) Eden regions: 92->0(105)
[67.544s][info][gc,heap        ] GC(180) Survivor regions: 12->12(13)
[67.544s][info][gc,heap        ] GC(180) Old regions: 252->263
[67.544s][info][gc,heap        ] GC(180) Humongous regions: 97->97
[67.544s][info][gc,metaspace   ] GC(180) Metaspace: 64288K->64288K(1105920K)
[67.544s][info][gc             ] GC(180) Pause Young (Normal) (G1 Evacuation Pause) 451M->370M(969M) 73.256ms
[67.544s][info][gc,cpu         ] GC(180) User=0.07s Sys=0.00s Real=0.07s
[68.133s][info][gc,start       ] GC(181) Pause Young (Normal) (G1 Evacuation Pause)
[68.133s][info][gc,task        ] GC(181) Using 1 workers of 1 for evacuation
[68.180s][info][gc,phases      ] GC(181)   Pre Evacuate Collection Set: 0.1ms
[68.180s][info][gc,phases      ] GC(181)   Evacuate Collection Set: 45.8ms
[68.180s][info][gc,phases      ] GC(181)   Post Evacuate Collection Set: 0.3ms
[68.180s][info][gc,phases      ] GC(181)   Other: 0.4ms
[68.180s][info][gc,heap        ] GC(181) Eden regions: 105->0(134)
[68.180s][info][gc,heap        ] GC(181) Survivor regions: 12->5(15)
[68.180s][info][gc,heap        ] GC(181) Old regions: 263->274
[68.180s][info][gc,heap        ] GC(181) Humongous regions: 103->98
[68.180s][info][gc,metaspace   ] GC(181) Metaspace: 64329K->64329K(1107968K)
[68.180s][info][gc             ] GC(181) Pause Young (Normal) (G1 Evacuation Pause) 481M->375M(969M) 46.694ms
[68.180s][info][gc,cpu         ] GC(181) User=0.05s Sys=0.00s Real=0.05s
[70.129s][info][gc,start       ] GC(182) Pause Young (Normal) (G1 Evacuation Pause)
[70.129s][info][gc,task        ] GC(182) Using 1 workers of 1 for evacuation
[70.227s][info][gc,phases      ] GC(182)   Pre Evacuate Collection Set: 0.1ms
[70.228s][info][gc,phases      ] GC(182)   Evacuate Collection Set: 97.6ms
[70.228s][info][gc,phases      ] GC(182)   Post Evacuate Collection Set: 0.5ms
[70.228s][info][gc,phases      ] GC(182)   Other: 0.6ms
[70.228s][info][gc,heap        ] GC(182) Eden regions: 134->0(124)
[70.228s][info][gc,heap        ] GC(182) Survivor regions: 5->18(18)
[70.228s][info][gc,heap        ] GC(182) Old regions: 274->279
[70.228s][info][gc,heap        ] GC(182) Humongous regions: 103->103
[70.228s][info][gc,metaspace   ] GC(182) Metaspace: 64342K->64342K(1107968K)
[70.228s][info][gc             ] GC(182) Pause Young (Normal) (G1 Evacuation Pause) 514M->398M(969M) 98.889ms
[70.228s][info][gc,cpu         ] GC(182) User=0.10s Sys=0.00s Real=0.10s
[71.276s][info][gc,start       ] GC(183) Pause Young (Concurrent Start) (G1 Humongous Allocation)
[71.276s][info][gc,task        ] GC(183) Using 1 workers of 1 for evacuation
[71.339s][info][gc,phases      ] GC(183)   Pre Evacuate Collection Set: 0.4ms
[71.339s][info][gc,phases      ] GC(183)   Evacuate Collection Set: 62.4ms
[71.339s][info][gc,phases      ] GC(183)   Post Evacuate Collection Set: 0.4ms
[71.339s][info][gc,phases      ] GC(183)   Other: 0.4ms
[71.339s][info][gc,heap        ] GC(183) Eden regions: 39->0(134)
[71.339s][info][gc,heap        ] GC(183) Survivor regions: 18->1(18)
[71.339s][info][gc,heap        ] GC(183) Old regions: 279->297
[71.339s][info][gc,heap        ] GC(183) Humongous regions: 155->129
[71.339s][info][gc,metaspace   ] GC(183) Metaspace: 64499K->64499K(1107968K)
[71.339s][info][gc             ] GC(183) Pause Young (Concurrent Start) (G1 Humongous Allocation) 489M->425M(969M) 63.588ms
[71.339s][info][gc,cpu         ] GC(183) User=0.06s Sys=0.00s Real=0.07s
[71.339s][info][gc             ] GC(184) Concurrent Cycle
[71.339s][info][gc,marking     ] GC(184) Concurrent Clear Claimed Marks
[71.340s][info][gc,marking     ] GC(184) Concurrent Clear Claimed Marks 0.286ms
[71.340s][info][gc,marking     ] GC(184) Concurrent Scan Root Regions
[71.340s][info][gc,marking     ] GC(184) Concurrent Scan Root Regions 0.564ms
[71.340s][info][gc,marking     ] GC(184) Concurrent Mark (71.340s)
[71.340s][info][gc,marking     ] GC(184) Concurrent Mark From Roots
[71.340s][info][gc,task        ] GC(184) Using 1 workers of 1 for marking
[72.258s][info][gc,marking     ] GC(184) Concurrent Mark From Roots 917.507ms
[72.258s][info][gc,marking     ] GC(184) Concurrent Preclean
[72.258s][info][gc,marking     ] GC(184) Concurrent Preclean 0.153ms
[72.258s][info][gc,marking     ] GC(184) Concurrent Mark (71.340s, 72.258s) 917.866ms
[72.267s][info][gc,start       ] GC(184) Pause Remark
[72.297s][info][gc,stringtable ] GC(184) Cleaned string and symbol table, strings: 23127 processed, 25 removed, symbols: 139672 processed, 0 removed
[72.304s][info][gc             ] GC(184) Pause Remark 534M->360M(969M) 37.440ms
[72.304s][info][gc,cpu         ] GC(184) User=0.04s Sys=0.00s Real=0.04s
[72.306s][info][gc,marking     ] GC(184) Concurrent Rebuild Remembered Sets
[72.875s][info][gc,start       ] GC(185) Pause Young (Normal) (G1 Evacuation Pause)
[72.875s][info][gc,task        ] GC(185) Using 1 workers of 1 for evacuation
[72.941s][info][gc,phases      ] GC(185)   Pre Evacuate Collection Set: 0.1ms
[72.942s][info][gc,phases      ] GC(185)   Evacuate Collection Set: 65.5ms
[72.942s][info][gc,phases      ] GC(185)   Post Evacuate Collection Set: 0.5ms
[72.942s][info][gc,phases      ] GC(185)   Other: 0.4ms
[72.942s][info][gc,heap        ] GC(185) Eden regions: 134->0(131)
[72.942s][info][gc,heap        ] GC(185) Survivor regions: 1->17(17)
[72.942s][info][gc,heap        ] GC(185) Old regions: 228->230
[72.942s][info][gc,heap        ] GC(185) Humongous regions: 61->41
[72.942s][info][gc,metaspace   ] GC(185) Metaspace: 65991K->65991K(1107968K)
[72.942s][info][gc             ] GC(185) Pause Young (Normal) (G1 Evacuation Pause) 422M->286M(969M) 66.552ms
[72.942s][info][gc,cpu         ] GC(185) User=0.07s Sys=0.00s Real=0.07s
[73.009s][info][gc,marking     ] GC(184) Concurrent Rebuild Remembered Sets 702.992ms
[73.011s][info][gc,start       ] GC(184) Pause Cleanup
[73.012s][info][gc             ] GC(184) Pause Cleanup 314M->314M(969M) 0.329ms
[73.012s][info][gc,cpu         ] GC(184) User=0.00s Sys=0.00s Real=0.00s
[73.012s][info][gc,marking     ] GC(184) Concurrent Cleanup for Next Mark
[73.013s][info][gc,marking     ] GC(184) Concurrent Cleanup for Next Mark 1.795ms
[73.013s][info][gc             ] GC(184) Concurrent Cycle 1674.187ms
[73.771s][info][gc,start       ] GC(186) Pause Young (Prepare Mixed) (G1 Evacuation Pause)
[73.772s][info][gc,task        ] GC(186) Using 1 workers of 1 for evacuation
[73.906s][info][gc,phases      ] GC(186)   Pre Evacuate Collection Set: 0.1ms
[73.906s][info][gc,phases      ] GC(186)   Evacuate Collection Set: 133.7ms
[73.906s][info][gc,phases      ] GC(186)   Post Evacuate Collection Set: 0.8ms
[73.906s][info][gc,phases      ] GC(186)   Other: 0.4ms
[73.906s][info][gc,heap        ] GC(186) Eden regions: 131->0(29)
[73.906s][info][gc,heap        ] GC(186) Survivor regions: 17->19(19)
[73.906s][info][gc,heap        ] GC(186) Old regions: 230->247
[73.906s][info][gc,heap        ] GC(186) Humongous regions: 65->49
[73.906s][info][gc,metaspace   ] GC(186) Metaspace: 66006K->66006K(1107968K)
[73.906s][info][gc             ] GC(186) Pause Young (Prepare Mixed) (G1 Evacuation Pause) 441M->313M(969M) 135.118ms
[73.906s][info][gc,cpu         ] GC(186) User=0.14s Sys=0.00s Real=0.13s
[74.192s][info][gc,start       ] GC(187) Pause Young (Mixed) (G1 Evacuation Pause)
[74.192s][info][gc,task        ] GC(187) Using 1 workers of 1 for evacuation
[74.309s][info][gc,phases      ] GC(187)   Pre Evacuate Collection Set: 0.1ms
[74.309s][info][gc,phases      ] GC(187)   Evacuate Collection Set: 116.0ms
[74.309s][info][gc,phases      ] GC(187)   Post Evacuate Collection Set: 0.8ms
[74.309s][info][gc,phases      ] GC(187)   Other: 0.4ms
[74.309s][info][gc,heap        ] GC(187) Eden regions: 29->0(113)
[74.309s][info][gc,heap        ] GC(187) Survivor regions: 19->1(6)
[74.309s][info][gc,heap        ] GC(187) Old regions: 247->234
[74.309s][info][gc,heap        ] GC(187) Humongous regions: 118->74
[74.309s][info][gc,metaspace   ] GC(187) Metaspace: 66042K->66042K(1107968K)
[74.309s][info][gc             ] GC(187) Pause Young (Mixed) (G1 Evacuation Pause) 411M->306M(975M) 117.452ms
[74.309s][info][gc,cpu         ] GC(187) User=0.12s Sys=0.00s Real=0.12s
[74.592s][info][gc,start       ] GC(188) Pause Young (Normal) (G1 Evacuation Pause)
[74.592s][info][gc,task        ] GC(188) Using 1 workers of 1 for evacuation
[74.660s][info][gc,phases      ] GC(188)   Pre Evacuate Collection Set: 0.1ms
[74.660s][info][gc,phases      ] GC(188)   Evacuate Collection Set: 67.5ms
[74.660s][info][gc,phases      ] GC(188)   Post Evacuate Collection Set: 0.5ms
[74.660s][info][gc,phases      ] GC(188)   Other: 0.3ms
[74.660s][info][gc,heap        ] GC(188) Eden regions: 113->0(104)
[74.660s][info][gc,heap        ] GC(188) Survivor regions: 1->15(15)
[74.660s][info][gc,heap        ] GC(188) Old regions: 234->236
[74.660s][info][gc,heap        ] GC(188) Humongous regions: 88->88
[74.660s][info][gc,metaspace   ] GC(188) Metaspace: 66048K->66048K(1107968K)
[74.660s][info][gc             ] GC(188) Pause Young (Normal) (G1 Evacuation Pause) 433M->337M(975M) 68.359ms
[74.660s][info][gc,cpu         ] GC(188) User=0.07s Sys=0.00s Real=0.07s
[75.288s][info][gc,start       ] GC(189) Pause Young (Normal) (G1 Evacuation Pause)
[75.288s][info][gc,task        ] GC(189) Using 1 workers of 1 for evacuation
[75.396s][info][gc,phases      ] GC(189)   Pre Evacuate Collection Set: 0.1ms
[75.396s][info][gc,phases      ] GC(189)   Evacuate Collection Set: 106.7ms
[75.396s][info][gc,phases      ] GC(189)   Post Evacuate Collection Set: 0.5ms
[75.396s][info][gc,phases      ] GC(189)   Other: 0.4ms
[75.396s][info][gc,heap        ] GC(189) Eden regions: 104->0(105)
[75.396s][info][gc,heap        ] GC(189) Survivor regions: 15->15(15)
[75.396s][info][gc,heap        ] GC(189) Old regions: 236->251
[75.396s][info][gc,heap        ] GC(189) Humongous regions: 104->94
[75.396s][info][gc,metaspace   ] GC(189) Metaspace: 66053K->66053K(1107968K)
[75.396s][info][gc             ] GC(189) Pause Young (Normal) (G1 Evacuation Pause) 457M->358M(975M) 107.738ms
[75.396s][info][gc,cpu         ] GC(189) User=0.10s Sys=0.00s Real=0.10s
[75.815s][info][gc,start       ] GC(190) Pause Young (Normal) (G1 Evacuation Pause)
[75.815s][info][gc,task        ] GC(190) Using 1 workers of 1 for evacuation
[75.947s][info][gc,phases      ] GC(190)   Pre Evacuate Collection Set: 0.1ms
[75.947s][info][gc,phases      ] GC(190)   Evacuate Collection Set: 131.3ms
[75.947s][info][gc,phases      ] GC(190)   Post Evacuate Collection Set: 0.6ms
[75.947s][info][gc,phases      ] GC(190)   Other: 0.3ms
[75.947s][info][gc,heap        ] GC(190) Eden regions: 105->0(40)
[75.947s][info][gc,heap        ] GC(190) Survivor regions: 15->15(15)
[75.947s][info][gc,heap        ] GC(190) Old regions: 251->280
[75.947s][info][gc,heap        ] GC(190) Humongous regions: 180->118
[75.947s][info][gc,metaspace   ] GC(190) Metaspace: 66119K->66119K(1107968K)
[75.947s][info][gc             ] GC(190) Pause Young (Normal) (G1 Evacuation Pause) 549M->411M(975M) 132.416ms
[75.947s][info][gc,cpu         ] GC(190) User=0.14s Sys=0.00s Real=0.13s
[76.052s][info][gc,start       ] GC(191) Pause Young (Normal) (G1 Evacuation Pause)
[76.052s][info][gc,task        ] GC(191) Using 1 workers of 1 for evacuation
[76.094s][info][gc,phases      ] GC(191)   Pre Evacuate Collection Set: 0.1ms
[76.094s][info][gc,phases      ] GC(191)   Evacuate Collection Set: 41.6ms
[76.094s][info][gc,phases      ] GC(191)   Post Evacuate Collection Set: 0.3ms
[76.094s][info][gc,phases      ] GC(191)   Other: 0.2ms
[76.094s][info][gc,heap        ] GC(191) Eden regions: 40->0(80)
[76.094s][info][gc,heap        ] GC(191) Survivor regions: 15->0(7)
[76.094s][info][gc,heap        ] GC(191) Old regions: 280->295
[76.094s][info][gc,heap        ] GC(191) Humongous regions: 118->118
[76.094s][info][gc,metaspace   ] GC(191) Metaspace: 66119K->66119K(1107968K)
[76.094s][info][gc             ] GC(191) Pause Young (Normal) (G1 Evacuation Pause) 451M->411M(975M) 42.259ms
[76.094s][info][gc,cpu         ] GC(191) User=0.04s Sys=0.00s Real=0.04s
[76.235s][info][gc,start       ] GC(192) Pause Young (Normal) (G1 Evacuation Pause)
[76.235s][info][gc,task        ] GC(192) Using 1 workers of 1 for evacuation
[76.237s][info][gc,phases      ] GC(192)   Pre Evacuate Collection Set: 0.1ms
[76.237s][info][gc,phases      ] GC(192)   Evacuate Collection Set: 1.7ms
[76.237s][info][gc,phases      ] GC(192)   Post Evacuate Collection Set: 0.2ms
[76.237s][info][gc,phases      ] GC(192)   Other: 0.2ms
[76.237s][info][gc,heap        ] GC(192) Eden regions: 80->0(120)
[76.237s][info][gc,heap        ] GC(192) Survivor regions: 0->1(10)
[76.237s][info][gc,heap        ] GC(192) Old regions: 295->295
[76.237s][info][gc,heap        ] GC(192) Humongous regions: 118->118
[76.237s][info][gc,metaspace   ] GC(192) Metaspace: 66119K->66119K(1107968K)
[76.237s][info][gc             ] GC(192) Pause Young (Normal) (G1 Evacuation Pause) 491M->411M(975M) 2.252ms
[76.237s][info][gc,cpu         ] GC(192) User=0.00s Sys=0.00s Real=0.00s
[76.416s][info][gc,start       ] GC(193) Pause Young (Normal) (G1 Evacuation Pause)
[76.416s][info][gc,task        ] GC(193) Using 1 workers of 1 for evacuation
[76.418s][info][gc,phases      ] GC(193)   Pre Evacuate Collection Set: 0.1ms
[76.418s][info][gc,phases      ] GC(193)   Evacuate Collection Set: 1.9ms
[76.418s][info][gc,phases      ] GC(193)   Post Evacuate Collection Set: 0.3ms
[76.418s][info][gc,phases      ] GC(193)   Other: 0.3ms
[76.418s][info][gc,heap        ] GC(193) Eden regions: 120->0(180)
[76.418s][info][gc,heap        ] GC(193) Survivor regions: 1->1(16)
[76.418s][info][gc,heap        ] GC(193) Old regions: 295->295
[76.418s][info][gc,heap        ] GC(193) Humongous regions: 118->118
[76.418s][info][gc,metaspace   ] GC(193) Metaspace: 66119K->66119K(1107968K)
[76.418s][info][gc             ] GC(193) Pause Young (Normal) (G1 Evacuation Pause) 531M->411M(975M) 2.518ms
[76.418s][info][gc,cpu         ] GC(193) User=0.00s Sys=0.00s Real=0.00s
[76.837s][info][gc,start       ] GC(194) Pause Young (Normal) (G1 Evacuation Pause)
[76.837s][info][gc,task        ] GC(194) Using 1 workers of 1 for evacuation
[76.913s][info][gc,phases      ] GC(194)   Pre Evacuate Collection Set: 0.1ms
[76.913s][info][gc,phases      ] GC(194)   Evacuate Collection Set: 74.6ms
[76.913s][info][gc,phases      ] GC(194)   Post Evacuate Collection Set: 0.6ms
[76.913s][info][gc,phases      ] GC(194)   Other: 0.4ms
[76.913s][info][gc,heap        ] GC(194) Eden regions: 180->0(307)
[76.913s][info][gc,heap        ] GC(194) Survivor regions: 1->23(23)
[76.913s][info][gc,heap        ] GC(194) Old regions: 295->313
[76.913s][info][gc,heap        ] GC(194) Humongous regions: 121->121
[76.913s][info][gc,metaspace   ] GC(194) Metaspace: 66245K->66245K(1107968K)
[76.913s][info][gc             ] GC(194) Pause Young (Normal) (G1 Evacuation Pause) 594M->455M(975M) 75.826ms
[76.913s][info][gc,cpu         ] GC(194) User=0.07s Sys=0.00s Real=0.08s
[77.052s][info][gc,task        ] GC(195) Using 1 workers of 1 for full compaction
[77.052s][info][gc,start       ] GC(195) Pause Full (System.gc())
[77.053s][info][gc,phases,start] GC(195) Phase 1: Mark live objects
[77.217s][info][gc,stringtable ] GC(195) Cleaned string and symbol table, strings: 23161 processed, 6 removed, symbols: 139913 processed, 0 removed
[77.217s][info][gc,phases      ] GC(195) Phase 1: Mark live objects 164.001ms
[77.217s][info][gc,phases,start] GC(195) Phase 2: Prepare for compaction
[77.250s][info][gc,phases      ] GC(195) Phase 2: Prepare for compaction 33.048ms
[77.250s][info][gc,phases,start] GC(195) Phase 3: Adjust pointers
[77.368s][info][gc,phases      ] GC(195) Phase 3: Adjust pointers 118.022ms
[77.368s][info][gc,phases,start] GC(195) Phase 4: Compact heap
[77.424s][info][gc,phases      ] GC(195) Phase 4: Compact heap 56.029ms
[77.445s][info][gc,heap        ] GC(195) Eden regions: 143->0(177)
[77.445s][info][gc,heap        ] GC(195) Survivor regions: 23->0(23)
[77.445s][info][gc,heap        ] GC(195) Old regions: 313->136
[77.445s][info][gc,heap        ] GC(195) Humongous regions: 121->9
[77.445s][info][gc,metaspace   ] GC(195) Metaspace: 66248K->66248K(1107968K)
[77.445s][info][gc             ] GC(195) Pause Full (System.gc()) 598M->144M(484M) 392.424ms
[77.445s][info][gc,cpu         ] GC(195) User=0.38s Sys=0.02s Real=0.39s
[77.560s][info][gc,start       ] GC(196) Pause Young (Concurrent Start) (G1 Humongous Allocation)
[77.560s][info][gc,task        ] GC(196) Using 1 workers of 1 for evacuation
[77.564s][info][gc,phases      ] GC(196)   Pre Evacuate Collection Set: 0.3ms
[77.564s][info][gc,phases      ] GC(196)   Evacuate Collection Set: 2.7ms
[77.564s][info][gc,phases      ] GC(196)   Post Evacuate Collection Set: 0.5ms
[77.564s][info][gc,phases      ] GC(196)   Other: 0.2ms
[77.564s][info][gc,heap        ] GC(196) Eden regions: 25->0(266)
[77.564s][info][gc,heap        ] GC(196) Survivor regions: 0->1(23)
[77.564s][info][gc,heap        ] GC(196) Old regions: 136->136
[77.564s][info][gc,heap        ] GC(196) Humongous regions: 9->9
[77.564s][info][gc,metaspace   ] GC(196) Metaspace: 66384K->66384K(1107968K)
[77.564s][info][gc             ] GC(196) Pause Young (Concurrent Start) (G1 Humongous Allocation) 168M->145M(556M) 3.809ms
[77.564s][info][gc,cpu         ] GC(196) User=0.01s Sys=0.00s Real=0.00s
[77.564s][info][gc             ] GC(197) Concurrent Cycle
[77.564s][info][gc,marking     ] GC(197) Concurrent Clear Claimed Marks
[77.564s][info][gc,marking     ] GC(197) Concurrent Clear Claimed Marks 0.255ms
[77.564s][info][gc,marking     ] GC(197) Concurrent Scan Root Regions
[77.565s][info][gc,marking     ] GC(197) Concurrent Scan Root Regions 0.629ms
[77.565s][info][gc,marking     ] GC(197) Concurrent Mark (77.565s)
[77.565s][info][gc,marking     ] GC(197) Concurrent Mark From Roots
[77.565s][info][gc,task        ] GC(197) Using 1 workers of 1 for marking
[77.968s][info][gc,marking     ] GC(197) Concurrent Mark From Roots 403.553ms
[77.969s][info][gc,marking     ] GC(197) Concurrent Preclean
[77.969s][info][gc,marking     ] GC(197) Concurrent Preclean 0.113ms
[77.969s][info][gc,marking     ] GC(197) Concurrent Mark (77.565s, 77.969s) 403.799ms
[77.971s][info][gc,start       ] GC(197) Pause Remark
[77.990s][info][gc,stringtable ] GC(197) Cleaned string and symbol table, strings: 23181 processed, 0 removed, symbols: 139932 processed, 0 removed
[77.990s][info][gc             ] GC(197) Pause Remark 225M->225M(556M) 18.305ms
[77.990s][info][gc,cpu         ] GC(197) User=0.02s Sys=0.00s Real=0.02s
[77.992s][info][gc,marking     ] GC(197) Concurrent Rebuild Remembered Sets
[78.247s][info][gc,marking     ] GC(197) Concurrent Rebuild Remembered Sets 254.546ms
[78.250s][info][gc,start       ] GC(197) Pause Cleanup
[78.250s][info][gc             ] GC(197) Pause Cleanup 282M->282M(556M) 0.201ms
[78.250s][info][gc,cpu         ] GC(197) User=0.00s Sys=0.00s Real=0.00s
[78.250s][info][gc,marking     ] GC(197) Concurrent Cleanup for Next Mark
[78.257s][info][gc,marking     ] GC(197) Concurrent Cleanup for Next Mark 6.785ms
[78.257s][info][gc             ] GC(197) Concurrent Cycle 692.678ms
[78.275s][info][gc,start       ] GC(198) Pause Young (Concurrent Start) (G1 Humongous Allocation)
[78.275s][info][gc,task        ] GC(198) Using 1 workers of 1 for evacuation
[78.356s][info][gc,phases      ] GC(198)   Pre Evacuate Collection Set: 0.4ms
[78.356s][info][gc,phases      ] GC(198)   Evacuate Collection Set: 79.8ms
[78.356s][info][gc,phases      ] GC(198)   Post Evacuate Collection Set: 0.6ms
[78.356s][info][gc,phases      ] GC(198)   Other: 0.2ms
[78.356s][info][gc,heap        ] GC(198) Eden regions: 129->0(211)
[78.356s][info][gc,heap        ] GC(198) Survivor regions: 1->31(34)
[78.356s][info][gc,heap        ] GC(198) Old regions: 136->136
[78.356s][info][gc,heap        ] GC(198) Humongous regions: 28->23
[78.356s][info][gc,metaspace   ] GC(198) Metaspace: 66392K->66392K(1107968K)
[78.356s][info][gc             ] GC(198) Pause Young (Concurrent Start) (G1 Humongous Allocation) 293M->189M(556M) 81.055ms
[78.356s][info][gc,cpu         ] GC(198) User=0.08s Sys=0.00s Real=0.08s
[78.356s][info][gc             ] GC(199) Concurrent Cycle
[78.356s][info][gc,marking     ] GC(199) Concurrent Clear Claimed Marks
[78.356s][info][gc,marking     ] GC(199) Concurrent Clear Claimed Marks 0.290ms
[78.356s][info][gc,marking     ] GC(199) Concurrent Scan Root Regions
[78.418s][info][gc,marking     ] GC(199) Concurrent Scan Root Regions 61.938ms
[78.418s][info][gc,marking     ] GC(199) Concurrent Mark (78.418s)
[78.418s][info][gc,marking     ] GC(199) Concurrent Mark From Roots
[78.418s][info][gc,task        ] GC(199) Using 1 workers of 1 for marking
[78.775s][info][gc,marking     ] GC(199) Concurrent Mark From Roots 356.617ms
[78.775s][info][gc,marking     ] GC(199) Concurrent Preclean
[78.775s][info][gc,marking     ] GC(199) Concurrent Preclean 0.114ms
[78.775s][info][gc,marking     ] GC(199) Concurrent Mark (78.418s, 78.775s) 356.882ms
[78.778s][info][gc,start       ] GC(199) Pause Remark
[78.795s][info][gc,stringtable ] GC(199) Cleaned string and symbol table, strings: 23181 processed, 0 removed, symbols: 139932 processed, 0 removed
[78.796s][info][gc             ] GC(199) Pause Remark 272M->265M(556M) 18.030ms
[78.796s][info][gc,cpu         ] GC(199) User=0.02s Sys=0.00s Real=0.02s
[78.800s][info][gc,marking     ] GC(199) Concurrent Rebuild Remembered Sets
[79.068s][info][gc,marking     ] GC(199) Concurrent Rebuild Remembered Sets 268.640ms
[79.071s][info][gc,start       ] GC(199) Pause Cleanup
[79.071s][info][gc             ] GC(199) Pause Cleanup 320M->320M(556M) 0.249ms
[79.071s][info][gc,cpu         ] GC(199) User=0.00s Sys=0.00s Real=0.00s
[79.071s][info][gc,marking     ] GC(199) Concurrent Cleanup for Next Mark
[79.072s][info][gc,marking     ] GC(199) Concurrent Cleanup for Next Mark 0.968ms
[79.072s][info][gc             ] GC(199) Concurrent Cycle 716.474ms
[79.259s][info][gc,start       ] GC(200) Pause Young (Normal) (G1 Evacuation Pause)
[79.259s][info][gc,task        ] GC(200) Using 1 workers of 1 for evacuation
[79.385s][info][gc,phases      ] GC(200)   Pre Evacuate Collection Set: 0.0ms
[79.386s][info][gc,phases      ] GC(200)   Evacuate Collection Set: 125.7ms
[79.386s][info][gc,phases      ] GC(200)   Post Evacuate Collection Set: 0.5ms
[79.386s][info][gc,phases      ] GC(200)   Other: 0.3ms
[79.386s][info][gc,heap        ] GC(200) Eden regions: 205->0(115)
[79.386s][info][gc,heap        ] GC(200) Survivor regions: 31->16(30)
[79.386s][info][gc,heap        ] GC(200) Old regions: 136->167
[79.386s][info][gc,heap        ] GC(200) Humongous regions: 24->24
[79.386s][info][gc,metaspace   ] GC(200) Metaspace: 66392K->66392K(1107968K)
[79.386s][info][gc             ] GC(200) Pause Young (Normal) (G1 Evacuation Pause) 395M->205M(556M) 126.696ms
[79.386s][info][gc,cpu         ] GC(200) User=0.12s Sys=0.00s Real=0.13s
[79.666s][info][gc,start       ] GC(201) Pause Young (Concurrent Start) (G1 Evacuation Pause)
[79.666s][info][gc,task        ] GC(201) Using 1 workers of 1 for evacuation
[79.724s][info][gc,phases      ] GC(201)   Pre Evacuate Collection Set: 0.4ms
[79.724s][info][gc,phases      ] GC(201)   Evacuate Collection Set: 57.4ms
[79.724s][info][gc,phases      ] GC(201)   Post Evacuate Collection Set: 0.4ms
[79.724s][info][gc,phases      ] GC(201)   Other: 0.3ms
[79.724s][info][gc,heap        ] GC(201) Eden regions: 115->0(209)
[79.724s][info][gc,heap        ] GC(201) Survivor regions: 16->8(17)
[79.724s][info][gc,heap        ] GC(201) Old regions: 167->180
[79.724s][info][gc,heap        ] GC(201) Humongous regions: 24->24
[79.724s][info][gc,metaspace   ] GC(201) Metaspace: 66392K->66392K(1107968K)
[79.724s][info][gc             ] GC(201) Pause Young (Concurrent Start) (G1 Evacuation Pause) 320M->210M(556M) 58.460ms
[79.725s][info][gc,cpu         ] GC(201) User=0.06s Sys=0.00s Real=0.06s
[79.725s][info][gc             ] GC(202) Concurrent Cycle
[79.725s][info][gc,marking     ] GC(202) Concurrent Clear Claimed Marks
[79.725s][info][gc,marking     ] GC(202) Concurrent Clear Claimed Marks 0.294ms
[79.725s][info][gc,marking     ] GC(202) Concurrent Scan Root Regions
[79.734s][info][gc,marking     ] GC(202) Concurrent Scan Root Regions 9.378ms
[79.734s][info][gc,marking     ] GC(202) Concurrent Mark (79.734s)
[79.734s][info][gc,marking     ] GC(202) Concurrent Mark From Roots
[79.734s][info][gc,task        ] GC(202) Using 1 workers of 1 for marking
[80.251s][info][gc,marking     ] GC(202) Concurrent Mark From Roots 516.726ms
[80.252s][info][gc,marking     ] GC(202) Concurrent Preclean
[80.252s][info][gc,marking     ] GC(202) Concurrent Preclean 0.144ms
[80.252s][info][gc,marking     ] GC(202) Concurrent Mark (79.734s, 80.252s) 517.414ms
[80.254s][info][gc,start       ] GC(202) Pause Remark
[80.273s][info][gc,stringtable ] GC(202) Cleaned string and symbol table, strings: 23181 processed, 18 removed, symbols: 139932 processed, 0 removed
[80.273s][info][gc             ] GC(202) Pause Remark 309M->304M(556M) 19.094ms
[80.273s][info][gc,cpu         ] GC(202) User=0.02s Sys=0.00s Real=0.02s
[80.275s][info][gc,marking     ] GC(202) Concurrent Rebuild Remembered Sets
[80.704s][info][gc,marking     ] GC(202) Concurrent Rebuild Remembered Sets 428.093ms
[80.706s][info][gc,start       ] GC(202) Pause Cleanup
[80.706s][info][gc             ] GC(202) Pause Cleanup 311M->311M(556M) 0.229ms
[80.707s][info][gc,cpu         ] GC(202) User=0.00s Sys=0.00s Real=0.00s
[80.707s][info][gc,marking     ] GC(202) Concurrent Cleanup for Next Mark
[80.707s][info][gc,marking     ] GC(202) Concurrent Cleanup for Next Mark 0.866ms
[80.707s][info][gc             ] GC(202) Concurrent Cycle 982.899ms
[80.803s][info][gc,start       ] GC(203) Pause Young (Concurrent Start) (G1 Humongous Allocation)
[80.803s][info][gc,task        ] GC(203) Using 1 workers of 1 for evacuation
[80.877s][info][gc,phases      ] GC(203)   Pre Evacuate Collection Set: 0.3ms
[80.877s][info][gc,phases      ] GC(203)   Evacuate Collection Set: 72.6ms
[80.877s][info][gc,phases      ] GC(203)   Post Evacuate Collection Set: 0.6ms
[80.877s][info][gc,phases      ] GC(203)   Other: 0.2ms
[80.877s][info][gc,heap        ] GC(203) Eden regions: 94->0(211)
[80.877s][info][gc,heap        ] GC(203) Survivor regions: 8->6(13)
[80.877s][info][gc,heap        ] GC(203) Old regions: 180->187
[80.877s][info][gc,heap        ] GC(203) Humongous regions: 31->31
[80.877s][info][gc,metaspace   ] GC(203) Metaspace: 66398K->66398K(1107968K)
[80.877s][info][gc             ] GC(203) Pause Young (Concurrent Start) (G1 Humongous Allocation) 311M->223M(556M) 73.876ms
[80.877s][info][gc,cpu         ] GC(203) User=0.07s Sys=0.00s Real=0.07s
[80.877s][info][gc             ] GC(204) Concurrent Cycle
[80.877s][info][gc,marking     ] GC(204) Concurrent Clear Claimed Marks
[80.877s][info][gc,marking     ] GC(204) Concurrent Clear Claimed Marks 0.323ms
[80.877s][info][gc,marking     ] GC(204) Concurrent Scan Root Regions
[80.899s][info][gc,marking     ] GC(204) Concurrent Scan Root Regions 21.798ms
[80.899s][info][gc,marking     ] GC(204) Concurrent Mark (80.899s)
[80.899s][info][gc,marking     ] GC(204) Concurrent Mark From Roots
[80.899s][info][gc,task        ] GC(204) Using 1 workers of 1 for marking
[81.490s][info][gc,marking     ] GC(204) Concurrent Mark From Roots 590.586ms
[81.490s][info][gc,marking     ] GC(204) Concurrent Preclean
[81.490s][info][gc,marking     ] GC(204) Concurrent Preclean 0.133ms
[81.490s][info][gc,marking     ] GC(204) Concurrent Mark (80.899s, 81.490s) 590.953ms
[81.493s][info][gc,start       ] GC(204) Pause Remark
[81.511s][info][gc,stringtable ] GC(204) Cleaned string and symbol table, strings: 23164 processed, 0 removed, symbols: 139934 processed, 0 removed
[81.511s][info][gc             ] GC(204) Pause Remark 275M->242M(556M) 17.982ms
[81.511s][info][gc,cpu         ] GC(204) User=0.02s Sys=0.00s Real=0.02s
[81.512s][info][gc,marking     ] GC(204) Concurrent Rebuild Remembered Sets
[81.849s][info][gc,marking     ] GC(204) Concurrent Rebuild Remembered Sets 337.743ms
[81.852s][info][gc,start       ] GC(204) Pause Cleanup
[81.853s][info][gc             ] GC(204) Pause Cleanup 323M->323M(556M) 0.220ms
[81.853s][info][gc,cpu         ] GC(204) User=0.00s Sys=0.00s Real=0.00s
[81.853s][info][gc,marking     ] GC(204) Concurrent Cleanup for Next Mark
[81.858s][info][gc,marking     ] GC(204) Concurrent Cleanup for Next Mark 5.664ms
[81.858s][info][gc             ] GC(204) Concurrent Cycle 981.209ms
[81.905s][info][gc,start       ] GC(205) Pause Young (Concurrent Start) (G1 Humongous Allocation)
[81.905s][info][gc,task        ] GC(205) Using 1 workers of 1 for evacuation
[82.007s][info][gc,phases      ] GC(205)   Pre Evacuate Collection Set: 0.4ms
[82.007s][info][gc,phases      ] GC(205)   Evacuate Collection Set: 100.5ms
[82.007s][info][gc,phases      ] GC(205)   Post Evacuate Collection Set: 0.9ms
[82.007s][info][gc,phases      ] GC(205)   Other: 0.2ms
[82.007s][info][gc,heap        ] GC(205) Eden regions: 141->0(142)
[82.007s][info][gc,heap        ] GC(205) Survivor regions: 6->28(28)
[82.007s][info][gc,heap        ] GC(205) Old regions: 165->173
[82.007s][info][gc,heap        ] GC(205) Humongous regions: 36->36
[82.007s][info][gc,metaspace   ] GC(205) Metaspace: 66407K->66407K(1107968K)
[82.007s][info][gc             ] GC(205) Pause Young (Concurrent Start) (G1 Humongous Allocation) 347M->236M(645M) 102.076ms
[82.007s][info][gc,cpu         ] GC(205) User=0.10s Sys=0.00s Real=0.11s
[82.007s][info][gc             ] GC(206) Concurrent Cycle
[82.007s][info][gc,marking     ] GC(206) Concurrent Clear Claimed Marks
[82.008s][info][gc,marking     ] GC(206) Concurrent Clear Claimed Marks 0.300ms
[82.008s][info][gc,marking     ] GC(206) Concurrent Scan Root Regions
[82.073s][info][gc,marking     ] GC(206) Concurrent Scan Root Regions 65.444ms
[82.073s][info][gc,marking     ] GC(206) Concurrent Mark (82.073s)
[82.073s][info][gc,marking     ] GC(206) Concurrent Mark From Roots
[82.073s][info][gc,task        ] GC(206) Using 1 workers of 1 for marking
[82.442s][info][gc,marking     ] GC(206) Concurrent Mark From Roots 368.987ms
[82.442s][info][gc,marking     ] GC(206) Concurrent Preclean
[82.442s][info][gc,marking     ] GC(206) Concurrent Preclean 0.119ms
[82.442s][info][gc,marking     ] GC(206) Concurrent Mark (82.073s, 82.442s) 369.244ms
[82.443s][info][gc,start       ] GC(206) Pause Remark
[82.460s][info][gc,stringtable ] GC(206) Cleaned string and symbol table, strings: 23164 processed, 0 removed, symbols: 139934 processed, 0 removed
[82.461s][info][gc             ] GC(206) Pause Remark 319M->271M(645M) 18.082ms
[82.461s][info][gc,cpu         ] GC(206) User=0.01s Sys=0.00s Real=0.02s
[82.463s][info][gc,marking     ] GC(206) Concurrent Rebuild Remembered Sets
[82.741s][info][gc,marking     ] GC(206) Concurrent Rebuild Remembered Sets 277.542ms
[82.744s][info][gc,start       ] GC(206) Pause Cleanup
[82.744s][info][gc             ] GC(206) Pause Cleanup 319M->319M(645M) 0.195ms
[82.744s][info][gc,cpu         ] GC(206) User=0.00s Sys=0.00s Real=0.00s
[82.744s][info][gc,marking     ] GC(206) Concurrent Cleanup for Next Mark
[82.745s][info][gc,marking     ] GC(206) Concurrent Cleanup for Next Mark 1.134ms
[82.745s][info][gc             ] GC(206) Concurrent Cycle 737.773ms
[82.790s][info][gc,start       ] GC(207) Pause Young (Normal) (G1 Evacuation Pause)
[82.790s][info][gc,task        ] GC(207) Using 1 workers of 1 for evacuation
[82.898s][info][gc,phases      ] GC(207)   Pre Evacuate Collection Set: 0.0ms
[82.898s][info][gc,phases      ] GC(207)   Evacuate Collection Set: 107.0ms
[82.898s][info][gc,phases      ] GC(207)   Post Evacuate Collection Set: 0.6ms
[82.898s][info][gc,phases      ] GC(207)   Other: 0.2ms
[82.898s][info][gc,heap        ] GC(207) Eden regions: 142->0(113)
[82.898s][info][gc,heap        ] GC(207) Survivor regions: 28->12(22)
[82.898s][info][gc,heap        ] GC(207) Old regions: 145->173
[82.898s][info][gc,heap        ] GC(207) Humongous regions: 24->24
[82.898s][info][gc,metaspace   ] GC(207) Metaspace: 66407K->66407K(1107968K)
[82.898s][info][gc             ] GC(207) Pause Young (Normal) (G1 Evacuation Pause) 338M->208M(645M) 107.958ms
[82.898s][info][gc,cpu         ] GC(207) User=0.11s Sys=0.00s Real=0.10s
[83.172s][info][gc,start       ] GC(208) Pause Young (Normal) (G1 Evacuation Pause)
[83.172s][info][gc,task        ] GC(208) Using 1 workers of 1 for evacuation
[83.229s][info][gc,phases      ] GC(208)   Pre Evacuate Collection Set: 0.0ms
[83.229s][info][gc,phases      ] GC(208)   Evacuate Collection Set: 56.2ms
[83.229s][info][gc,phases      ] GC(208)   Post Evacuate Collection Set: 0.4ms
[83.229s][info][gc,phases      ] GC(208)   Other: 0.3ms
[83.229s][info][gc,heap        ] GC(208) Eden regions: 113->0(157)
[83.229s][info][gc,heap        ] GC(208) Survivor regions: 12->8(16)
[83.229s][info][gc,heap        ] GC(208) Old regions: 173->184
[83.229s][info][gc,heap        ] GC(208) Humongous regions: 24->24
[83.229s][info][gc,metaspace   ] GC(208) Metaspace: 66407K->66407K(1107968K)
[83.229s][info][gc             ] GC(208) Pause Young (Normal) (G1 Evacuation Pause) 321M->214M(645M) 57.099ms
[83.229s][info][gc,cpu         ] GC(208) User=0.06s Sys=0.00s Real=0.06s
[83.696s][info][gc,start       ] GC(209) Pause Young (Normal) (G1 Evacuation Pause)
[83.697s][info][gc,task        ] GC(209) Using 1 workers of 1 for evacuation
[83.770s][info][gc,phases      ] GC(209)   Pre Evacuate Collection Set: 0.0ms
[83.770s][info][gc,phases      ] GC(209)   Evacuate Collection Set: 72.8ms
[83.770s][info][gc,phases      ] GC(209)   Post Evacuate Collection Set: 0.6ms
[83.770s][info][gc,phases      ] GC(209)   Other: 0.3ms
[83.770s][info][gc,heap        ] GC(209) Eden regions: 157->0(157)
[83.770s][info][gc,heap        ] GC(209) Survivor regions: 8->16(21)
[83.770s][info][gc,heap        ] GC(209) Old regions: 184->184
[83.770s][info][gc,heap        ] GC(209) Humongous regions: 33->33
[83.770s][info][gc,metaspace   ] GC(209) Metaspace: 66410K->66410K(1107968K)
[83.770s][info][gc             ] GC(209) Pause Young (Normal) (G1 Evacuation Pause) 380M->231M(645M) 73.772ms
[83.770s][info][gc,cpu         ] GC(209) User=0.08s Sys=0.00s Real=0.08s
[84.438s][info][gc,start       ] GC(210) Pause Young (Normal) (G1 Evacuation Pause)
[84.438s][info][gc,task        ] GC(210) Using 1 workers of 1 for evacuation
[84.563s][info][gc,phases      ] GC(210)   Pre Evacuate Collection Set: 0.0ms
[84.563s][info][gc,phases      ] GC(210)   Evacuate Collection Set: 124.1ms
[84.563s][info][gc,phases      ] GC(210)   Post Evacuate Collection Set: 0.7ms
[84.563s][info][gc,phases      ] GC(210)   Other: 0.3ms
[84.563s][info][gc,heap        ] GC(210) Eden regions: 114->0(153)
[84.563s][info][gc,heap        ] GC(210) Survivor regions: 16->17(17)
[84.563s][info][gc,heap        ] GC(210) Old regions: 184->209
[84.563s][info][gc,heap        ] GC(210) Humongous regions: 52->52
[84.563s][info][gc,metaspace   ] GC(210) Metaspace: 66444K->66444K(1107968K)
[84.563s][info][gc             ] GC(210) Pause Young (Normal) (G1 Evacuation Pause) 364M->277M(696M) 125.194ms
[84.563s][info][gc,cpu         ] GC(210) User=0.13s Sys=0.00s Real=0.13s
[84.953s][info][gc,start       ] GC(211) Pause Young (Normal) (G1 Evacuation Pause)
[84.953s][info][gc,task        ] GC(211) Using 1 workers of 1 for evacuation
[85.041s][info][gc,phases      ] GC(211)   Pre Evacuate Collection Set: 0.0ms
[85.041s][info][gc,phases      ] GC(211)   Evacuate Collection Set: 87.8ms
[85.041s][info][gc,phases      ] GC(211)   Post Evacuate Collection Set: 0.5ms
[85.041s][info][gc,phases      ] GC(211)   Other: 0.3ms
[85.041s][info][gc,heap        ] GC(211) Eden regions: 153->0(131)
[85.041s][info][gc,heap        ] GC(211) Survivor regions: 17->14(22)
[85.041s][info][gc,heap        ] GC(211) Old regions: 209->226
[85.041s][info][gc,heap        ] GC(211) Humongous regions: 60->60
[85.041s][info][gc,metaspace   ] GC(211) Metaspace: 66444K->66444K(1107968K)
[85.041s][info][gc             ] GC(211) Pause Young (Normal) (G1 Evacuation Pause) 438M->299M(696M) 88.665ms
[85.041s][info][gc,cpu         ] GC(211) User=0.09s Sys=0.00s Real=0.09s
[85.362s][info][gc,start       ] GC(212) Pause Young (Normal) (G1 Evacuation Pause)
[85.362s][info][gc,task        ] GC(212) Using 1 workers of 1 for evacuation
[85.424s][info][gc,phases      ] GC(212)   Pre Evacuate Collection Set: 0.1ms
[85.425s][info][gc,phases      ] GC(212)   Evacuate Collection Set: 61.9ms
[85.425s][info][gc,phases      ] GC(212)   Post Evacuate Collection Set: 0.4ms
[85.425s][info][gc,phases      ] GC(212)   Other: 0.7ms
[85.425s][info][gc,heap        ] GC(212) Eden regions: 131->0(168)
[85.425s][info][gc,heap        ] GC(212) Survivor regions: 14->9(19)
[85.425s][info][gc,heap        ] GC(212) Old regions: 226->239
[85.425s][info][gc,heap        ] GC(212) Humongous regions: 60->60
[85.425s][info][gc,metaspace   ] GC(212) Metaspace: 66444K->66444K(1107968K)
[85.425s][info][gc             ] GC(212) Pause Young (Normal) (G1 Evacuation Pause) 430M->307M(696M) 63.062ms
[85.425s][info][gc,cpu         ] GC(212) User=0.06s Sys=0.00s Real=0.06s
[85.842s][info][gc,start       ] GC(213) Pause Young (Normal) (G1 Evacuation Pause)
[85.842s][info][gc,task        ] GC(213) Using 1 workers of 1 for evacuation
[85.914s][info][gc,phases      ] GC(213)   Pre Evacuate Collection Set: 0.0ms
[85.914s][info][gc,phases      ] GC(213)   Evacuate Collection Set: 71.4ms
[85.914s][info][gc,phases      ] GC(213)   Post Evacuate Collection Set: 0.6ms
[85.914s][info][gc,phases      ] GC(213)   Other: 0.3ms
[85.914s][info][gc,heap        ] GC(213) Eden regions: 152->0(161)
[85.914s][info][gc,heap        ] GC(213) Survivor regions: 9->17(21)
[85.914s][info][gc,heap        ] GC(213) Old regions: 239->239
[85.915s][info][gc,heap        ] GC(213) Humongous regions: 69->69
[85.915s][info][gc,metaspace   ] GC(213) Metaspace: 66444K->66444K(1107968K)
[85.915s][info][gc             ] GC(213) Pause Young (Normal) (G1 Evacuation Pause) 468M->324M(696M) 72.451ms
[85.915s][info][gc,cpu         ] GC(213) User=0.07s Sys=0.00s Real=0.07s
[86.847s][info][gc,start       ] GC(214) Pause Young (Normal) (G1 Evacuation Pause)
[86.848s][info][gc,task        ] GC(214) Using 1 workers of 1 for evacuation
[87.017s][info][gc,phases      ] GC(214)   Pre Evacuate Collection Set: 0.0ms
[87.017s][info][gc,phases      ] GC(214)   Evacuate Collection Set: 168.1ms
[87.017s][info][gc,phases      ] GC(214)   Post Evacuate Collection Set: 0.7ms
[87.017s][info][gc,phases      ] GC(214)   Other: 0.4ms
[87.017s][info][gc,heap        ] GC(214) Eden regions: 136->0(38)
[87.017s][info][gc,heap        ] GC(214) Survivor regions: 17->20(20)
[87.017s][info][gc,heap        ] GC(214) Old regions: 239->271
[87.017s][info][gc,heap        ] GC(214) Humongous regions: 101->96
[87.017s][info][gc,metaspace   ] GC(214) Metaspace: 66486K->66486K(1107968K)
[87.017s][info][gc             ] GC(214) Pause Young (Normal) (G1 Evacuation Pause) 492M->386M(733M) 169.382ms
[87.017s][info][gc,cpu         ] GC(214) User=0.16s Sys=0.00s Real=0.16s
[87.108s][info][gc,start       ] GC(215) Pause Young (Normal) (G1 Evacuation Pause)
[87.108s][info][gc,task        ] GC(215) Using 1 workers of 1 for evacuation
[87.194s][info][gc,phases      ] GC(215)   Pre Evacuate Collection Set: 0.0ms
[87.194s][info][gc,phases      ] GC(215)   Evacuate Collection Set: 85.3ms
[87.194s][info][gc,phases      ] GC(215)   Post Evacuate Collection Set: 0.5ms
[87.194s][info][gc,phases      ] GC(215)   Other: 0.2ms
[87.194s][info][gc,heap        ] GC(215) Eden regions: 38->0(45)
[87.194s][info][gc,heap        ] GC(215) Survivor regions: 20->5(8)
[87.194s][info][gc,heap        ] GC(215) Old regions: 271->291
[87.194s][info][gc,heap        ] GC(215) Humongous regions: 99->99
[87.194s][info][gc,metaspace   ] GC(215) Metaspace: 66486K->66486K(1107968K)
[87.194s][info][gc             ] GC(215) Pause Young (Normal) (G1 Evacuation Pause) 427M->393M(733M) 86.093ms
[87.194s][info][gc,cpu         ] GC(215) User=0.08s Sys=0.00s Real=0.08s
[87.310s][info][gc,start       ] GC(216) Pause Young (Normal) (G1 Evacuation Pause)
[87.310s][info][gc,task        ] GC(216) Using 1 workers of 1 for evacuation
[87.346s][info][gc,phases      ] GC(216)   Pre Evacuate Collection Set: 0.1ms
[87.346s][info][gc,phases      ] GC(216)   Evacuate Collection Set: 35.5ms
[87.346s][info][gc,phases      ] GC(216)   Post Evacuate Collection Set: 0.3ms
[87.346s][info][gc,phases      ] GC(216)   Other: 0.3ms
[87.346s][info][gc,heap        ] GC(216) Eden regions: 45->0(56)
[87.346s][info][gc,heap        ] GC(216) Survivor regions: 5->6(7)
[87.346s][info][gc,heap        ] GC(216) Old regions: 291->295
[87.346s][info][gc,heap        ] GC(216) Humongous regions: 102->102
[87.346s][info][gc,metaspace   ] GC(216) Metaspace: 66486K->66486K(1107968K)
[87.346s][info][gc             ] GC(216) Pause Young (Normal) (G1 Evacuation Pause) 441M->402M(733M) 36.276ms
[87.346s][info][gc,cpu         ] GC(216) User=0.03s Sys=0.00s Real=0.03s
[87.499s][info][gc,start       ] GC(217) Pause Young (Normal) (G1 Evacuation Pause)
[87.499s][info][gc,task        ] GC(217) Using 1 workers of 1 for evacuation
[87.539s][info][gc,phases      ] GC(217)   Pre Evacuate Collection Set: 0.0ms
[87.539s][info][gc,phases      ] GC(217)   Evacuate Collection Set: 39.4ms
[87.539s][info][gc,phases      ] GC(217)   Post Evacuate Collection Set: 0.4ms
[87.539s][info][gc,phases      ] GC(217)   Other: 0.4ms
[87.539s][info][gc,heap        ] GC(217) Eden regions: 56->0(95)
[87.539s][info][gc,heap        ] GC(217) Survivor regions: 6->6(8)
[87.539s][info][gc,heap        ] GC(217) Old regions: 295->300
[87.539s][info][gc,heap        ] GC(217) Humongous regions: 107->107
[87.539s][info][gc,metaspace   ] GC(217) Metaspace: 66486K->66486K(1107968K)
[87.539s][info][gc             ] GC(217) Pause Young (Normal) (G1 Evacuation Pause) 463M->412M(733M) 40.188ms
[87.539s][info][gc,cpu         ] GC(217) User=0.04s Sys=0.00s Real=0.05s
[87.760s][info][gc,start       ] GC(218) Pause Young (Normal) (G1 Evacuation Pause)
[87.760s][info][gc,task        ] GC(218) Using 1 workers of 1 for evacuation
[87.799s][info][gc,phases      ] GC(218)   Pre Evacuate Collection Set: 0.0ms
[87.800s][info][gc,phases      ] GC(218)   Evacuate Collection Set: 38.6ms
[87.800s][info][gc,phases      ] GC(218)   Post Evacuate Collection Set: 0.4ms
[87.800s][info][gc,phases      ] GC(218)   Other: 0.3ms
[87.800s][info][gc,heap        ] GC(218) Eden regions: 95->0(135)
[87.800s][info][gc,heap        ] GC(218) Survivor regions: 6->13(13)
[87.800s][info][gc,heap        ] GC(218) Old regions: 300->300
[87.800s][info][gc,heap        ] GC(218) Humongous regions: 107->107
[87.800s][info][gc,metaspace   ] GC(218) Metaspace: 66486K->66486K(1107968K)
[87.800s][info][gc             ] GC(218) Pause Young (Normal) (G1 Evacuation Pause) 507M->419M(733M) 39.436ms
[87.800s][info][gc,cpu         ] GC(218) User=0.04s Sys=0.00s Real=0.03s
[88.128s][info][gc,start       ] GC(219) Pause Young (Normal) (G1 Evacuation Pause)
[88.128s][info][gc,task        ] GC(219) Using 1 workers of 1 for evacuation
[88.184s][info][gc,phases      ] GC(219)   Pre Evacuate Collection Set: 0.0ms
[88.184s][info][gc,phases      ] GC(219)   Evacuate Collection Set: 55.1ms
[88.184s][info][gc,phases      ] GC(219)   Post Evacuate Collection Set: 0.6ms
[88.184s][info][gc,phases      ] GC(219)   Other: 0.3ms
[88.184s][info][gc,heap        ] GC(219) Eden regions: 135->0(172)
[88.184s][info][gc,heap        ] GC(219) Survivor regions: 13->14(19)
[88.184s][info][gc,heap        ] GC(219) Old regions: 300->306
[88.184s][info][gc,heap        ] GC(219) Humongous regions: 107->107
[88.184s][info][gc,metaspace   ] GC(219) Metaspace: 66486K->66486K(1107968K)
[88.184s][info][gc             ] GC(219) Pause Young (Normal) (G1 Evacuation Pause) 554M->425M(774M) 56.035ms
[88.184s][info][gc,cpu         ] GC(219) User=0.06s Sys=0.00s Real=0.05s
[88.190s][info][gc,start       ] GC(220) Pause Young (Concurrent Start) (G1 Humongous Allocation)
[88.190s][info][gc,task        ] GC(220) Using 1 workers of 1 for evacuation
[88.229s][info][gc,phases      ] GC(220)   Pre Evacuate Collection Set: 0.3ms
[88.229s][info][gc,phases      ] GC(220)   Evacuate Collection Set: 38.1ms
[88.229s][info][gc,phases      ] GC(220)   Post Evacuate Collection Set: 0.4ms
[88.229s][info][gc,phases      ] GC(220)   Other: 0.2ms
[88.229s][info][gc,heap        ] GC(220) Eden regions: 3->0(150)
[88.229s][info][gc,heap        ] GC(220) Survivor regions: 14->9(24)
[88.229s][info][gc,heap        ] GC(220) Old regions: 306->311
[88.229s][info][gc,heap        ] GC(220) Humongous regions: 107->107
[88.229s][info][gc,metaspace   ] GC(220) Metaspace: 66486K->66486K(1107968K)
[88.229s][info][gc             ] GC(220) Pause Young (Concurrent Start) (G1 Humongous Allocation) 427M->425M(774M) 39.173ms
[88.229s][info][gc,cpu         ] GC(220) User=0.04s Sys=0.00s Real=0.04s
[88.229s][info][gc             ] GC(221) Concurrent Cycle
[88.229s][info][gc,marking     ] GC(221) Concurrent Clear Claimed Marks
[88.229s][info][gc,marking     ] GC(221) Concurrent Clear Claimed Marks 0.295ms
[88.229s][info][gc,marking     ] GC(221) Concurrent Scan Root Regions
[88.244s][info][gc,marking     ] GC(221) Concurrent Scan Root Regions 14.625ms
[88.244s][info][gc,marking     ] GC(221) Concurrent Mark (88.244s)
[88.244s][info][gc,marking     ] GC(221) Concurrent Mark From Roots
[88.244s][info][gc,task        ] GC(221) Using 1 workers of 1 for marking
[88.784s][info][gc,marking     ] GC(221) Concurrent Mark From Roots 539.486ms
[88.784s][info][gc,marking     ] GC(221) Concurrent Preclean
[88.784s][info][gc,marking     ] GC(221) Concurrent Preclean 0.155ms
[88.784s][info][gc,marking     ] GC(221) Concurrent Mark (88.244s, 88.784s) 539.866ms
[88.787s][info][gc,start       ] GC(221) Pause Remark
[88.804s][info][gc,stringtable ] GC(221) Cleaned string and symbol table, strings: 23180 processed, 10 removed, symbols: 139940 processed, 0 removed
[88.805s][info][gc             ] GC(221) Pause Remark 489M->290M(774M) 17.948ms
[88.805s][info][gc,cpu         ] GC(221) User=0.02s Sys=0.00s Real=0.02s
[88.807s][info][gc,marking     ] GC(221) Concurrent Rebuild Remembered Sets
[89.215s][info][gc,marking     ] GC(221) Concurrent Rebuild Remembered Sets 407.369ms
[89.218s][info][gc,start       ] GC(221) Pause Cleanup
[89.218s][info][gc             ] GC(221) Pause Cleanup 296M->296M(774M) 0.330ms
[89.218s][info][gc,cpu         ] GC(221) User=0.00s Sys=0.00s Real=0.00s
[89.218s][info][gc,marking     ] GC(221) Concurrent Cleanup for Next Mark
[89.225s][info][gc,marking     ] GC(221) Concurrent Cleanup for Next Mark 6.717ms
[89.225s][info][gc             ] GC(221) Concurrent Cycle 995.938ms
[89.311s][info][gc,start       ] GC(222) Pause Young (Normal) (G1 Evacuation Pause)
[89.311s][info][gc,task        ] GC(222) Using 1 workers of 1 for evacuation
[89.384s][info][gc,phases      ] GC(222)   Pre Evacuate Collection Set: 0.0ms
[89.384s][info][gc,phases      ] GC(222)   Evacuate Collection Set: 72.1ms
[89.384s][info][gc,phases      ] GC(222)   Post Evacuate Collection Set: 0.6ms
[89.384s][info][gc,phases      ] GC(222)   Other: 0.2ms
[89.384s][info][gc,heap        ] GC(222) Eden regions: 59->0(131)
[89.384s][info][gc,heap        ] GC(222) Survivor regions: 9->4(9)
[89.384s][info][gc,heap        ] GC(222) Old regions: 200->208
[89.384s][info][gc,heap        ] GC(222) Humongous regions: 33->33
[89.384s][info][gc,metaspace   ] GC(222) Metaspace: 66487K->66487K(1107968K)
[89.384s][info][gc             ] GC(222) Pause Young (Normal) (G1 Evacuation Pause) 299M->244M(774M) 73.105ms
[89.384s][info][gc,cpu         ] GC(222) User=0.07s Sys=0.00s Real=0.07s
[89.907s][info][gc,start       ] GC(223) Pause Young (Normal) (G1 Evacuation Pause)
[89.907s][info][gc,task        ] GC(223) Using 1 workers of 1 for evacuation
[90.026s][info][gc,phases      ] GC(223)   Pre Evacuate Collection Set: 0.0ms
[90.026s][info][gc,phases      ] GC(223)   Evacuate Collection Set: 117.9ms
[90.026s][info][gc,phases      ] GC(223)   Post Evacuate Collection Set: 0.5ms
[90.026s][info][gc,phases      ] GC(223)   Other: 0.3ms
[90.026s][info][gc,heap        ] GC(223) Eden regions: 130->0(90)
[90.026s][info][gc,heap        ] GC(223) Survivor regions: 4->17(17)
[90.026s][info][gc,heap        ] GC(223) Old regions: 208->230
[90.026s][info][gc,heap        ] GC(223) Humongous regions: 55->55
[90.026s][info][gc,metaspace   ] GC(223) Metaspace: 66500K->66500K(1107968K)
[90.026s][info][gc             ] GC(223) Pause Young (Normal) (G1 Evacuation Pause) 396M->301M(774M) 118.802ms
[90.026s][info][gc,cpu         ] GC(223) User=0.12s Sys=0.00s Real=0.12s
[90.228s][info][gc,start       ] GC(224) Pause Young (Normal) (G1 Evacuation Pause)
[90.228s][info][gc,task        ] GC(224) Using 1 workers of 1 for evacuation
[90.322s][info][gc,phases      ] GC(224)   Pre Evacuate Collection Set: 0.0ms
[90.322s][info][gc,phases      ] GC(224)   Evacuate Collection Set: 92.5ms
[90.322s][info][gc,phases      ] GC(224)   Post Evacuate Collection Set: 0.7ms
[90.322s][info][gc,phases      ] GC(224)   Other: 0.4ms
[90.322s][info][gc,heap        ] GC(224) Eden regions: 90->0(100)
[90.322s][info][gc,heap        ] GC(224) Survivor regions: 17->10(14)
[90.322s][info][gc,heap        ] GC(224) Old regions: 230->247
[90.322s][info][gc,heap        ] GC(224) Humongous regions: 61->61
[90.322s][info][gc,metaspace   ] GC(224) Metaspace: 66500K->66500K(1107968K)
[90.322s][info][gc             ] GC(224) Pause Young (Normal) (G1 Evacuation Pause) 397M->317M(820M) 93.682ms
[90.322s][info][gc,cpu         ] GC(224) User=0.10s Sys=0.00s Real=0.09s
[90.584s][info][gc,start       ] GC(225) Pause Young (Normal) (G1 Evacuation Pause)
[90.585s][info][gc,task        ] GC(225) Using 1 workers of 1 for evacuation
[90.647s][info][gc,phases      ] GC(225)   Pre Evacuate Collection Set: 0.0ms
[90.647s][info][gc,phases      ] GC(225)   Evacuate Collection Set: 61.6ms
[90.647s][info][gc,phases      ] GC(225)   Post Evacuate Collection Set: 0.4ms
[90.647s][info][gc,phases      ] GC(225)   Other: 0.6ms
[90.647s][info][gc,heap        ] GC(225) Eden regions: 100->0(113)
[90.647s][info][gc,heap        ] GC(225) Survivor regions: 10->9(14)
[90.647s][info][gc,heap        ] GC(225) Old regions: 247->257
[90.647s][info][gc,heap        ] GC(225) Humongous regions: 66->66
[90.647s][info][gc,metaspace   ] GC(225) Metaspace: 66500K->66500K(1107968K)
[90.647s][info][gc             ] GC(225) Pause Young (Normal) (G1 Evacuation Pause) 422M->331M(820M) 62.791ms
[90.647s][info][gc,cpu         ] GC(225) User=0.06s Sys=0.00s Real=0.06s
[90.918s][info][gc,start       ] GC(226) Pause Young (Normal) (G1 Evacuation Pause)
[90.918s][info][gc,task        ] GC(226) Using 1 workers of 1 for evacuation
[90.982s][info][gc,phases      ] GC(226)   Pre Evacuate Collection Set: 0.0ms
[90.982s][info][gc,phases      ] GC(226)   Evacuate Collection Set: 63.1ms
[90.982s][info][gc,phases      ] GC(226)   Post Evacuate Collection Set: 0.4ms
[90.982s][info][gc,phases      ] GC(226)   Other: 0.3ms
[90.982s][info][gc,heap        ] GC(226) Eden regions: 113->0(132)
[90.982s][info][gc,heap        ] GC(226) Survivor regions: 9->8(16)
[90.982s][info][gc,heap        ] GC(226) Old regions: 257->264
[90.982s][info][gc,heap        ] GC(226) Humongous regions: 66->66
[90.982s][info][gc,metaspace   ] GC(226) Metaspace: 66503K->66503K(1107968K)
[90.982s][info][gc             ] GC(226) Pause Young (Normal) (G1 Evacuation Pause) 444M->337M(820M) 63.938ms
[90.982s][info][gc,cpu         ] GC(226) User=0.06s Sys=0.00s Real=0.07s
[91.561s][info][gc,start       ] GC(227) Pause Young (Normal) (G1 Evacuation Pause)
[91.561s][info][gc,task        ] GC(227) Using 1 workers of 1 for evacuation
[91.640s][info][gc,phases      ] GC(227)   Pre Evacuate Collection Set: 0.0ms
[91.640s][info][gc,phases      ] GC(227)   Evacuate Collection Set: 78.4ms
[91.640s][info][gc,phases      ] GC(227)   Post Evacuate Collection Set: 0.7ms
[91.640s][info][gc,phases      ] GC(227)   Other: 0.3ms
[91.640s][info][gc,heap        ] GC(227) Eden regions: 120->0(79)
[91.640s][info][gc,heap        ] GC(227) Survivor regions: 8->15(16)
[91.640s][info][gc,heap        ] GC(227) Old regions: 264->264
[91.640s][info][gc,heap        ] GC(227) Humongous regions: 78->78
[91.640s][info][gc,metaspace   ] GC(227) Metaspace: 66503K->66503K(1107968K)
[91.640s][info][gc             ] GC(227) Pause Young (Normal) (G1 Evacuation Pause) 469M->356M(820M) 79.538ms
[91.640s][info][gc,cpu         ] GC(227) User=0.08s Sys=0.00s Real=0.08s
[92.145s][info][gc,start       ] GC(228) Pause Young (Normal) (G1 Evacuation Pause)
[92.145s][info][gc,task        ] GC(228) Using 1 workers of 1 for evacuation
[92.260s][info][gc,phases      ] GC(228)   Pre Evacuate Collection Set: 0.0ms
[92.260s][info][gc,phases      ] GC(228)   Evacuate Collection Set: 113.8ms
[92.260s][info][gc,phases      ] GC(228)   Post Evacuate Collection Set: 0.7ms
[92.260s][info][gc,phases      ] GC(228)   Other: 0.3ms
[92.260s][info][gc,heap        ] GC(228) Eden regions: 79->0(48)
[92.260s][info][gc,heap        ] GC(228) Survivor regions: 15->12(12)
[92.260s][info][gc,heap        ] GC(228) Old regions: 264->282
[92.260s][info][gc,heap        ] GC(228) Humongous regions: 94->94
[92.260s][info][gc,metaspace   ] GC(228) Metaspace: 66507K->66507K(1107968K)
[92.260s][info][gc             ] GC(228) Pause Young (Normal) (G1 Evacuation Pause) 451M->387M(856M) 115.086ms
[92.260s][info][gc,cpu         ] GC(228) User=0.11s Sys=0.00s Real=0.12s
[92.388s][info][gc,start       ] GC(229) Pause Young (Normal) (G1 Evacuation Pause)
[92.388s][info][gc,task        ] GC(229) Using 1 workers of 1 for evacuation
[92.488s][info][gc,phases      ] GC(229)   Pre Evacuate Collection Set: 0.1ms
[92.488s][info][gc,phases      ] GC(229)   Evacuate Collection Set: 99.8ms
[92.488s][info][gc,phases      ] GC(229)   Post Evacuate Collection Set: 0.4ms
[92.488s][info][gc,phases      ] GC(229)   Other: 0.2ms
[92.488s][info][gc,heap        ] GC(229) Eden regions: 48->0(56)
[92.488s][info][gc,heap        ] GC(229) Survivor regions: 12->8(8)
[92.488s][info][gc,heap        ] GC(229) Old regions: 282->305
[92.488s][info][gc,heap        ] GC(229) Humongous regions: 102->102
[92.488s][info][gc,metaspace   ] GC(229) Metaspace: 66508K->66508K(1107968K)
[92.488s][info][gc             ] GC(229) Pause Young (Normal) (G1 Evacuation Pause) 443M->414M(856M) 100.581ms
[92.488s][info][gc,cpu         ] GC(229) User=0.10s Sys=0.00s Real=0.10s
[92.616s][info][gc,start       ] GC(230) Pause Young (Normal) (G1 Evacuation Pause)
[92.616s][info][gc,task        ] GC(230) Using 1 workers of 1 for evacuation
[92.695s][info][gc,phases      ] GC(230)   Pre Evacuate Collection Set: 0.1ms
[92.695s][info][gc,phases      ] GC(230)   Evacuate Collection Set: 78.2ms
[92.695s][info][gc,phases      ] GC(230)   Post Evacuate Collection Set: 0.5ms
[92.695s][info][gc,phases      ] GC(230)   Other: 0.3ms
[92.695s][info][gc,heap        ] GC(230) Eden regions: 56->0(60)
[92.695s][info][gc,heap        ] GC(230) Survivor regions: 8->7(8)
[92.695s][info][gc,heap        ] GC(230) Old regions: 305->313
[92.695s][info][gc,heap        ] GC(230) Humongous regions: 105->105
[92.695s][info][gc,metaspace   ] GC(230) Metaspace: 66508K->66508K(1107968K)
[92.695s][info][gc             ] GC(230) Pause Young (Normal) (G1 Evacuation Pause) 473M->424M(856M) 79.116ms
[92.695s][info][gc,cpu         ] GC(230) User=0.08s Sys=0.00s Real=0.08s
[92.831s][info][gc,start       ] GC(231) Pause Young (Normal) (G1 Evacuation Pause)
[92.831s][info][gc,task        ] GC(231) Using 1 workers of 1 for evacuation
[92.874s][info][gc,phases      ] GC(231)   Pre Evacuate Collection Set: 0.1ms
[92.874s][info][gc,phases      ] GC(231)   Evacuate Collection Set: 42.5ms
[92.874s][info][gc,phases      ] GC(231)   Post Evacuate Collection Set: 0.4ms
[92.874s][info][gc,phases      ] GC(231)   Other: 0.3ms
[92.874s][info][gc,heap        ] GC(231) Eden regions: 60->0(82)
[92.874s][info][gc,heap        ] GC(231) Survivor regions: 7->7(9)
[92.874s][info][gc,heap        ] GC(231) Old regions: 313->319
[92.874s][info][gc,heap        ] GC(231) Humongous regions: 108->108
[92.874s][info][gc,metaspace   ] GC(231) Metaspace: 66508K->66508K(1107968K)
[92.874s][info][gc             ] GC(231) Pause Young (Normal) (G1 Evacuation Pause) 487M->433M(856M) 43.265ms
[92.874s][info][gc,cpu         ] GC(231) User=0.04s Sys=0.00s Real=0.04s
[93.076s][info][gc,start       ] GC(232) Pause Young (Normal) (G1 Evacuation Pause)
[93.076s][info][gc,task        ] GC(232) Using 1 workers of 1 for evacuation
[93.120s][info][gc,phases      ] GC(232)   Pre Evacuate Collection Set: 0.1ms
[93.120s][info][gc,phases      ] GC(232)   Evacuate Collection Set: 43.1ms
[93.120s][info][gc,phases      ] GC(232)   Post Evacuate Collection Set: 0.7ms
[93.120s][info][gc,phases      ] GC(232)   Other: 0.3ms
[93.120s][info][gc,heap        ] GC(232) Eden regions: 82->0(106)
[93.120s][info][gc,heap        ] GC(232) Survivor regions: 7->8(12)
[93.120s][info][gc,heap        ] GC(232) Old regions: 319->325
[93.120s][info][gc,heap        ] GC(232) Humongous regions: 113->113
[93.120s][info][gc,metaspace   ] GC(232) Metaspace: 66508K->66508K(1107968K)
[93.120s][info][gc             ] GC(232) Pause Young (Normal) (G1 Evacuation Pause) 520M->445M(885M) 44.129ms
[93.120s][info][gc,cpu         ] GC(232) User=0.04s Sys=0.00s Real=0.05s
[93.384s][info][gc,start       ] GC(233) Pause Young (Normal) (G1 Evacuation Pause)
[93.385s][info][gc,task        ] GC(233) Using 1 workers of 1 for evacuation
[93.426s][info][gc,phases      ] GC(233)   Pre Evacuate Collection Set: 0.1ms
[93.426s][info][gc,phases      ] GC(233)   Evacuate Collection Set: 40.3ms
[93.426s][info][gc,phases      ] GC(233)   Post Evacuate Collection Set: 0.4ms
[93.426s][info][gc,phases      ] GC(233)   Other: 0.4ms
[93.426s][info][gc,heap        ] GC(233) Eden regions: 106->0(139)
[93.426s][info][gc,heap        ] GC(233) Survivor regions: 8->13(15)
[93.426s][info][gc,heap        ] GC(233) Old regions: 325->325
[93.426s][info][gc,heap        ] GC(233) Humongous regions: 113->113
[93.426s][info][gc,metaspace   ] GC(233) Metaspace: 66508K->66508K(1107968K)
[93.426s][info][gc             ] GC(233) Pause Young (Normal) (G1 Evacuation Pause) 551M->450M(885M) 41.240ms
[93.426s][info][gc,cpu         ] GC(233) User=0.04s Sys=0.00s Real=0.04s
[94.121s][info][gc,start       ] GC(234) Pause Young (Normal) (G1 Evacuation Pause)
[94.122s][info][gc,task        ] GC(234) Using 1 workers of 1 for evacuation
[94.247s][info][gc,phases      ] GC(234)   Pre Evacuate Collection Set: 0.1ms
[94.247s][info][gc,phases      ] GC(234)   Evacuate Collection Set: 124.5ms
[94.247s][info][gc,phases      ] GC(234)   Post Evacuate Collection Set: 0.7ms
[94.247s][info][gc,phases      ] GC(234)   Other: 0.3ms
[94.247s][info][gc,heap        ] GC(234) Eden regions: 125->0(29)
[94.247s][info][gc,heap        ] GC(234) Survivor regions: 13->15(18)
[94.247s][info][gc,heap        ] GC(234) Old regions: 325->331
[94.247s][info][gc,heap        ] GC(234) Humongous regions: 127->127
[94.247s][info][gc,metaspace   ] GC(234) Metaspace: 66508K->66508K(1107968K)
[94.247s][info][gc             ] GC(234) Pause Young (Normal) (G1 Evacuation Pause) 589M->471M(885M) 125.749ms
[94.247s][info][gc,cpu         ] GC(234) User=0.13s Sys=0.00s Real=0.12s
[94.457s][info][gc,start       ] GC(235) Pause Young (Normal) (G1 Evacuation Pause)
[94.457s][info][gc,task        ] GC(235) Using 1 workers of 1 for evacuation
[94.528s][info][gc,phases      ] GC(235)   Pre Evacuate Collection Set: 0.1ms
[94.528s][info][gc,phases      ] GC(235)   Evacuate Collection Set: 70.5ms
[94.528s][info][gc,phases      ] GC(235)   Post Evacuate Collection Set: 0.4ms
[94.528s][info][gc,phases      ] GC(235)   Other: 0.3ms
[94.528s][info][gc,heap        ] GC(235) Eden regions: 29->0(57)
[94.528s][info][gc,heap        ] GC(235) Survivor regions: 15->4(6)
[94.528s][info][gc,heap        ] GC(235) Old regions: 331->345
[94.528s][info][gc,heap        ] GC(235) Humongous regions: 135->130
[94.528s][info][gc,metaspace   ] GC(235) Metaspace: 66517K->66517K(1107968K)
[94.528s][info][gc             ] GC(235) Pause Young (Normal) (G1 Evacuation Pause) 508M->478M(885M) 71.236ms
[94.528s][info][gc,cpu         ] GC(235) User=0.07s Sys=0.00s Real=0.08s
[94.734s][info][gc,start       ] GC(236) Pause Young (Normal) (G1 Evacuation Pause)
[94.734s][info][gc,task        ] GC(236) Using 1 workers of 1 for evacuation
[94.777s][info][gc,phases      ] GC(236)   Pre Evacuate Collection Set: 0.1ms
[94.777s][info][gc,phases      ] GC(236)   Evacuate Collection Set: 42.3ms
[94.777s][info][gc,phases      ] GC(236)   Post Evacuate Collection Set: 0.6ms
[94.777s][info][gc,phases      ] GC(236)   Other: 0.3ms
[94.777s][info][gc,heap        ] GC(236) Eden regions: 57->0(93)
[94.777s][info][gc,heap        ] GC(236) Survivor regions: 4->8(8)
[94.777s][info][gc,heap        ] GC(236) Old regions: 345->350
[94.777s][info][gc,heap        ] GC(236) Humongous regions: 139->139
[94.777s][info][gc,metaspace   ] GC(236) Metaspace: 66521K->66521K(1107968K)
[94.777s][info][gc             ] GC(236) Pause Young (Normal) (G1 Evacuation Pause) 544M->496M(908M) 43.329ms
[94.777s][info][gc,cpu         ] GC(236) User=0.05s Sys=0.00s Real=0.04s
[95.199s][info][gc,start       ] GC(237) Pause Young (Normal) (G1 Evacuation Pause)
[95.199s][info][gc,task        ] GC(237) Using 1 workers of 1 for evacuation
[95.310s][info][gc,phases      ] GC(237)   Pre Evacuate Collection Set: 0.1ms
[95.310s][info][gc,phases      ] GC(237)   Evacuate Collection Set: 110.0ms
[95.310s][info][gc,phases      ] GC(237)   Post Evacuate Collection Set: 0.6ms
[95.310s][info][gc,phases      ] GC(237)   Other: 0.4ms
[95.310s][info][gc,heap        ] GC(237) Eden regions: 93->0(32)
[95.310s][info][gc,heap        ] GC(237) Survivor regions: 8->13(13)
[95.310s][info][gc,heap        ] GC(237) Old regions: 350->365
[95.310s][info][gc,heap        ] GC(237) Humongous regions: 160->160
[95.310s][info][gc,metaspace   ] GC(237) Metaspace: 66526K->66526K(1107968K)
[95.310s][info][gc             ] GC(237) Pause Young (Normal) (G1 Evacuation Pause) 610M->537M(908M) 111.219ms
[95.310s][info][gc,cpu         ] GC(237) User=0.11s Sys=0.00s Real=0.11s
[95.424s][info][gc,start       ] GC(238) Pause Young (Normal) (G1 Evacuation Pause)
[95.424s][info][gc,task        ] GC(238) Using 1 workers of 1 for evacuation
[95.473s][info][gc,phases      ] GC(238)   Pre Evacuate Collection Set: 0.1ms
[95.473s][info][gc,phases      ] GC(238)   Evacuate Collection Set: 48.8ms
[95.473s][info][gc,phases      ] GC(238)   Post Evacuate Collection Set: 0.4ms
[95.473s][info][gc,phases      ] GC(238)   Other: 0.2ms
[95.473s][info][gc,heap        ] GC(238) Eden regions: 32->0(59)
[95.473s][info][gc,heap        ] GC(238) Survivor regions: 13->2(6)
[95.473s][info][gc,heap        ] GC(238) Old regions: 365->378
[95.473s][info][gc,heap        ] GC(238) Humongous regions: 165->160
[95.473s][info][gc,metaspace   ] GC(238) Metaspace: 66557K->66557K(1107968K)
[95.473s][info][gc             ] GC(238) Pause Young (Normal) (G1 Evacuation Pause) 574M->539M(908M) 49.546ms
[95.473s][info][gc,cpu         ] GC(238) User=0.05s Sys=0.00s Real=0.05s
[95.779s][info][gc,start       ] GC(239) Pause Young (Normal) (G1 Evacuation Pause)
[95.780s][info][gc,task        ] GC(239) Using 1 workers of 1 for evacuation
[95.828s][info][gc,phases      ] GC(239)   Pre Evacuate Collection Set: 0.1ms
[95.828s][info][gc,phases      ] GC(239)   Evacuate Collection Set: 47.4ms
[95.828s][info][gc,phases      ] GC(239)   Post Evacuate Collection Set: 0.5ms
[95.828s][info][gc,phases      ] GC(239)   Other: 0.8ms
[95.828s][info][gc,heap        ] GC(239) Eden regions: 59->0(52)
[95.828s][info][gc,heap        ] GC(239) Survivor regions: 2->8(8)
[95.828s][info][gc,heap        ] GC(239) Old regions: 378->383
[95.828s][info][gc,heap        ] GC(239) Humongous regions: 171->171
[95.828s][info][gc,metaspace   ] GC(239) Metaspace: 66557K->66557K(1107968K)
[95.828s][info][gc             ] GC(239) Pause Young (Normal) (G1 Evacuation Pause) 609M->561M(908M) 48.808ms
[95.828s][info][gc,cpu         ] GC(239) User=0.04s Sys=0.00s Real=0.06s
[96.087s][info][gc,start       ] GC(240) Pause Young (Normal) (G1 Evacuation Pause)
[96.087s][info][gc,task        ] GC(240) Using 1 workers of 1 for evacuation
[96.158s][info][gc,phases      ] GC(240)   Pre Evacuate Collection Set: 0.1ms
[96.158s][info][gc,phases      ] GC(240)   Evacuate Collection Set: 70.2ms
[96.158s][info][gc,phases      ] GC(240)   Post Evacuate Collection Set: 0.6ms
[96.158s][info][gc,phases      ] GC(240)   Other: 0.3ms
[96.158s][info][gc,heap        ] GC(240) Eden regions: 52->0(67)
[96.158s][info][gc,heap        ] GC(240) Survivor regions: 8->8(8)
[96.158s][info][gc,heap        ] GC(240) Old regions: 383->394
[96.158s][info][gc,heap        ] GC(240) Humongous regions: 182->182
[96.158s][info][gc,metaspace   ] GC(240) Metaspace: 66562K->66562K(1107968K)
[96.158s][info][gc             ] GC(240) Pause Young (Normal) (G1 Evacuation Pause) 624M->583M(927M) 71.191ms
[96.158s][info][gc,cpu         ] GC(240) User=0.07s Sys=0.00s Real=0.07s
[96.247s][info][gc,start       ] GC(241) Pause Young (Concurrent Start) (G1 Humongous Allocation)
[96.247s][info][gc,task        ] GC(241) Using 1 workers of 1 for evacuation
[96.281s][info][gc,phases      ] GC(241)   Pre Evacuate Collection Set: 0.4ms
[96.281s][info][gc,phases      ] GC(241)   Evacuate Collection Set: 32.6ms
[96.281s][info][gc,phases      ] GC(241)   Post Evacuate Collection Set: 0.4ms
[96.281s][info][gc,phases      ] GC(241)   Other: 0.3ms
[96.281s][info][gc,heap        ] GC(241) Eden regions: 39->0(82)
[96.281s][info][gc,heap        ] GC(241) Survivor regions: 8->2(10)
[96.281s][info][gc,heap        ] GC(241) Old regions: 394->402
[96.281s][info][gc,heap        ] GC(241) Humongous regions: 182->182
[96.281s][info][gc,metaspace   ] GC(241) Metaspace: 66563K->66563K(1107968K)
[96.281s][info][gc             ] GC(241) Pause Young (Concurrent Start) (G1 Humongous Allocation) 622M->585M(927M) 33.710ms
[96.281s][info][gc,cpu         ] GC(241) User=0.04s Sys=0.00s Real=0.04s
[96.281s][info][gc             ] GC(242) Concurrent Cycle
[96.281s][info][gc,marking     ] GC(242) Concurrent Clear Claimed Marks
[96.282s][info][gc,marking     ] GC(242) Concurrent Clear Claimed Marks 0.296ms
[96.282s][info][gc,marking     ] GC(242) Concurrent Scan Root Regions
[96.283s][info][gc,marking     ] GC(242) Concurrent Scan Root Regions 1.572ms
[96.283s][info][gc,marking     ] GC(242) Concurrent Mark (96.283s)
[96.283s][info][gc,marking     ] GC(242) Concurrent Mark From Roots
[96.283s][info][gc,task        ] GC(242) Using 1 workers of 1 for marking
[96.634s][info][gc,marking     ] GC(242) Concurrent Mark From Roots 350.386ms
[96.634s][info][gc,marking     ] GC(242) Concurrent Preclean
[96.634s][info][gc,marking     ] GC(242) Concurrent Preclean 0.151ms
[96.634s][info][gc,marking     ] GC(242) Concurrent Mark (96.283s, 96.634s) 350.754ms
[96.637s][info][gc,start       ] GC(242) Pause Remark
[96.656s][info][gc,stringtable ] GC(242) Cleaned string and symbol table, strings: 23202 processed, 20 removed, symbols: 139947 processed, 0 removed
[96.656s][info][gc             ] GC(242) Pause Remark 628M->226M(927M) 19.460ms
[96.656s][info][gc,cpu         ] GC(242) User=0.02s Sys=0.00s Real=0.02s
[96.659s][info][gc,marking     ] GC(242) Concurrent Rebuild Remembered Sets
[96.906s][info][gc,start       ] GC(243) Pause Young (Normal) (G1 Evacuation Pause)
[96.906s][info][gc,task        ] GC(243) Using 1 workers of 1 for evacuation
[96.953s][info][gc,phases      ] GC(243)   Pre Evacuate Collection Set: 0.0ms
[96.953s][info][gc,phases      ] GC(243)   Evacuate Collection Set: 46.1ms
[96.953s][info][gc,phases      ] GC(243)   Post Evacuate Collection Set: 0.5ms
[96.953s][info][gc,phases      ] GC(243)   Other: 0.3ms
[96.953s][info][gc,heap        ] GC(243) Eden regions: 82->0(65)
[96.953s][info][gc,heap        ] GC(243) Survivor regions: 2->11(11)
[96.953s][info][gc,heap        ] GC(243) Old regions: 173->175
[96.953s][info][gc,heap        ] GC(243) Humongous regions: 26->21
[96.953s][info][gc,metaspace   ] GC(243) Metaspace: 66588K->66588K(1107968K)
[96.953s][info][gc             ] GC(243) Pause Young (Normal) (G1 Evacuation Pause) 282M->206M(927M) 46.990ms
[96.953s][info][gc,cpu         ] GC(243) User=0.04s Sys=0.00s Real=0.05s
[97.008s][info][gc,marking     ] GC(242) Concurrent Rebuild Remembered Sets 349.913ms
[97.011s][info][gc,start       ] GC(242) Pause Cleanup
[97.012s][info][gc             ] GC(242) Pause Cleanup 217M->217M(927M) 0.269ms
[97.012s][info][gc,cpu         ] GC(242) User=0.00s Sys=0.00s Real=0.00s
[97.012s][info][gc,marking     ] GC(242) Concurrent Cleanup for Next Mark
[97.014s][info][gc,marking     ] GC(242) Concurrent Cleanup for Next Mark 1.943ms
[97.014s][info][gc             ] GC(242) Concurrent Cycle 732.355ms
[97.305s][info][gc,start       ] GC(244) Pause Young (Normal) (G1 Evacuation Pause)
[97.305s][info][gc,task        ] GC(244) Using 1 workers of 1 for evacuation
[97.377s][info][gc,phases      ] GC(244)   Pre Evacuate Collection Set: 0.0ms
[97.377s][info][gc,phases      ] GC(244)   Evacuate Collection Set: 71.4ms
[97.377s][info][gc,phases      ] GC(244)   Post Evacuate Collection Set: 0.5ms
[97.377s][info][gc,phases      ] GC(244)   Other: 0.3ms
[97.377s][info][gc,heap        ] GC(244) Eden regions: 65->0(88)
[97.377s][info][gc,heap        ] GC(244) Survivor regions: 11->10(10)
[97.377s][info][gc,heap        ] GC(244) Old regions: 175->186
[97.377s][info][gc,heap        ] GC(244) Humongous regions: 31->31
[97.377s][info][gc,metaspace   ] GC(244) Metaspace: 66593K->66593K(1107968K)
[97.377s][info][gc             ] GC(244) Pause Young (Normal) (G1 Evacuation Pause) 281M->226M(927M) 72.329ms
[97.377s][info][gc,cpu         ] GC(244) User=0.07s Sys=0.00s Real=0.07s
[97.721s][info][gc,start       ] GC(245) Pause Young (Normal) (G1 Evacuation Pause)
[97.721s][info][gc,task        ] GC(245) Using 1 workers of 1 for evacuation
[97.790s][info][gc,phases      ] GC(245)   Pre Evacuate Collection Set: 0.0ms
[97.790s][info][gc,phases      ] GC(245)   Evacuate Collection Set: 68.1ms
[97.790s][info][gc,phases      ] GC(245)   Post Evacuate Collection Set: 0.6ms
[97.790s][info][gc,phases      ] GC(245)   Other: 0.3ms
[97.790s][info][gc,heap        ] GC(245) Eden regions: 88->0(100)
[97.790s][info][gc,heap        ] GC(245) Survivor regions: 10->12(13)
[97.790s][info][gc,heap        ] GC(245) Old regions: 186->195
[97.790s][info][gc,heap        ] GC(245) Humongous regions: 42->42
[97.790s][info][gc,metaspace   ] GC(245) Metaspace: 66601K->66601K(1107968K)
[97.790s][info][gc             ] GC(245) Pause Young (Normal) (G1 Evacuation Pause) 325M->248M(942M) 69.114ms
[97.790s][info][gc,cpu         ] GC(245) User=0.07s Sys=0.00s Real=0.07s
[98.158s][info][gc,start       ] GC(246) Pause Young (Normal) (G1 Evacuation Pause)
[98.158s][info][gc,task        ] GC(246) Using 1 workers of 1 for evacuation
[98.231s][info][gc,phases      ] GC(246)   Pre Evacuate Collection Set: 0.1ms
[98.231s][info][gc,phases      ] GC(246)   Evacuate Collection Set: 72.2ms
[98.231s][info][gc,phases      ] GC(246)   Post Evacuate Collection Set: 0.5ms
[98.231s][info][gc,phases      ] GC(246)   Other: 0.4ms
[98.231s][info][gc,heap        ] GC(246) Eden regions: 100->0(117)
[98.231s][info][gc,heap        ] GC(246) Survivor regions: 12->10(14)
[98.231s][info][gc,heap        ] GC(246) Old regions: 195->206
[98.231s][info][gc,heap        ] GC(246) Humongous regions: 53->53
[98.231s][info][gc,metaspace   ] GC(246) Metaspace: 66608K->66608K(1107968K)
[98.231s][info][gc             ] GC(246) Pause Young (Normal) (G1 Evacuation Pause) 359M->268M(942M) 73.155ms
[98.231s][info][gc,cpu         ] GC(246) User=0.07s Sys=0.00s Real=0.08s
[98.572s][info][gc,start       ] GC(247) Pause Young (Normal) (G1 Evacuation Pause)
[98.573s][info][gc,task        ] GC(247) Using 1 workers of 1 for evacuation
[98.621s][info][gc,phases      ] GC(247)   Pre Evacuate Collection Set: 0.1ms
[98.621s][info][gc,phases      ] GC(247)   Evacuate Collection Set: 48.0ms
[98.621s][info][gc,phases      ] GC(247)   Post Evacuate Collection Set: 0.5ms
[98.621s][info][gc,phases      ] GC(247)   Other: 0.3ms
[98.621s][info][gc,heap        ] GC(247) Eden regions: 117->0(125)
[98.621s][info][gc,heap        ] GC(247) Survivor regions: 10->7(16)
[98.621s][info][gc,heap        ] GC(247) Old regions: 206->216
[98.621s][info][gc,heap        ] GC(247) Humongous regions: 59->54
[98.621s][info][gc,metaspace   ] GC(247) Metaspace: 66615K->66615K(1107968K)
[98.621s][info][gc             ] GC(247) Pause Young (Normal) (G1 Evacuation Pause) 391M->275M(942M) 48.887ms
[98.621s][info][gc,cpu         ] GC(247) User=0.04s Sys=0.00s Real=0.05s
[99.149s][info][gc,start       ] GC(248) Pause Young (Normal) (G1 Evacuation Pause)
[99.150s][info][gc,task        ] GC(248) Using 1 workers of 1 for evacuation
[99.268s][info][gc,phases      ] GC(248)   Pre Evacuate Collection Set: 0.1ms
[99.268s][info][gc,phases      ] GC(248)   Evacuate Collection Set: 117.5ms
[99.268s][info][gc,phases      ] GC(248)   Post Evacuate Collection Set: 0.6ms
[99.268s][info][gc,phases      ] GC(248)   Other: 0.4ms
[99.268s][info][gc,heap        ] GC(248) Eden regions: 125->0(102)
[99.268s][info][gc,heap        ] GC(248) Survivor regions: 7->17(17)
[99.268s][info][gc,heap        ] GC(248) Old regions: 216->222
[99.268s][info][gc,heap        ] GC(248) Humongous regions: 83->76
[99.268s][info][gc,metaspace   ] GC(248) Metaspace: 66616K->66616K(1107968K)
[99.268s][info][gc             ] GC(248) Pause Young (Normal) (G1 Evacuation Pause) 429M->314M(942M) 118.604ms
[99.268s][info][gc,cpu         ] GC(248) User=0.12s Sys=0.00s Real=0.12s
[99.555s][info][gc,start       ] GC(249) Pause Young (Normal) (G1 Evacuation Pause)
[99.555s][info][gc,task        ] GC(249) Using 1 workers of 1 for evacuation
[99.677s][info][gc,phases      ] GC(249)   Pre Evacuate Collection Set: 0.1ms
[99.677s][info][gc,phases      ] GC(249)   Evacuate Collection Set: 121.6ms
[99.677s][info][gc,phases      ] GC(249)   Post Evacuate Collection Set: 0.6ms
[99.678s][info][gc,phases      ] GC(249)   Other: 0.3ms
[99.678s][info][gc,heap        ] GC(249) Eden regions: 102->0(34)
[99.678s][info][gc,heap        ] GC(249) Survivor regions: 17->13(15)
[99.678s][info][gc,heap        ] GC(249) Old regions: 222->239
[99.678s][info][gc,heap        ] GC(249) Humongous regions: 146->121
[99.678s][info][gc,metaspace   ] GC(249) Metaspace: 66636K->66636K(1110016K)
[99.678s][info][gc             ] GC(249) Pause Young (Normal) (G1 Evacuation Pause) 486M->372M(955M) 122.684ms
[99.678s][info][gc,cpu         ] GC(249) User=0.12s Sys=0.00s Real=0.12s
[99.728s][info][gc,start       ] GC(250) Pause Young (Normal) (G1 Evacuation Pause)
[99.728s][info][gc,task        ] GC(250) Using 1 workers of 1 for evacuation
[99.777s][info][gc,phases      ] GC(250)   Pre Evacuate Collection Set: 0.1ms
[99.777s][info][gc,phases      ] GC(250)   Evacuate Collection Set: 48.5ms
[99.777s][info][gc,phases      ] GC(250)   Post Evacuate Collection Set: 0.3ms
[99.777s][info][gc,phases      ] GC(250)   Other: 0.2ms
[99.777s][info][gc,heap        ] GC(250) Eden regions: 34->0(41)
[99.777s][info][gc,heap        ] GC(250) Survivor regions: 13->6(6)
[99.777s][info][gc,heap        ] GC(250) Old regions: 239->252
[99.777s][info][gc,heap        ] GC(250) Humongous regions: 121->121
[99.777s][info][gc,metaspace   ] GC(250) Metaspace: 66636K->66636K(1110016K)
[99.777s][info][gc             ] GC(250) Pause Young (Normal) (G1 Evacuation Pause) 406M->378M(955M) 49.205ms
[99.777s][info][gc,cpu         ] GC(250) User=0.05s Sys=0.00s Real=0.04s
[99.845s][info][gc,start       ] GC(251) Pause Young (Normal) (G1 Evacuation Pause)
[99.845s][info][gc,task        ] GC(251) Using 1 workers of 1 for evacuation
[99.878s][info][gc,phases      ] GC(251)   Pre Evacuate Collection Set: 0.1ms
[99.878s][info][gc,phases      ] GC(251)   Evacuate Collection Set: 33.0ms
[99.878s][info][gc,phases      ] GC(251)   Post Evacuate Collection Set: 0.3ms
[99.878s][info][gc,phases      ] GC(251)   Other: 0.2ms
[99.878s][info][gc,heap        ] GC(251) Eden regions: 41->0(43)
[99.878s][info][gc,heap        ] GC(251) Survivor regions: 6->6(6)
[99.878s][info][gc,heap        ] GC(251) Old regions: 252->258
[99.878s][info][gc,heap        ] GC(251) Humongous regions: 123->123
[99.878s][info][gc,metaspace   ] GC(251) Metaspace: 66642K->66642K(1110016K)
[99.878s][info][gc             ] GC(251) Pause Young (Normal) (G1 Evacuation Pause) 421M->386M(955M) 33.755ms
[99.878s][info][gc,cpu         ] GC(251) User=0.03s Sys=0.00s Real=0.03s
[99.942s][info][gc,start       ] GC(252) Pause Young (Normal) (G1 Evacuation Pause)
[99.942s][info][gc,task        ] GC(252) Using 1 workers of 1 for evacuation
[99.978s][info][gc,phases      ] GC(252)   Pre Evacuate Collection Set: 0.1ms
[99.978s][info][gc,phases      ] GC(252)   Evacuate Collection Set: 35.2ms
[99.978s][info][gc,phases      ] GC(252)   Post Evacuate Collection Set: 0.3ms
[99.978s][info][gc,phases      ] GC(252)   Other: 0.2ms
[99.978s][info][gc,heap        ] GC(252) Eden regions: 43->0(50)
[99.978s][info][gc,heap        ] GC(252) Survivor regions: 6->7(7)
[99.978s][info][gc,heap        ] GC(252) Old regions: 258->265
[99.978s][info][gc,heap        ] GC(252) Humongous regions: 126->126
[99.978s][info][gc,metaspace   ] GC(252) Metaspace: 66642K->66642K(1110016K)
[99.978s][info][gc             ] GC(252) Pause Young (Normal) (G1 Evacuation Pause) 432M->397M(955M) 35.876ms
[99.978s][info][gc,cpu         ] GC(252) User=0.03s Sys=0.00s Real=0.03s
[100.432s][info][gc,start       ] GC(253) Pause Young (Normal) (G1 Evacuation Pause)
[100.432s][info][gc,task        ] GC(253) Using 1 workers of 1 for evacuation
[100.471s][info][gc,phases      ] GC(253)   Pre Evacuate Collection Set: 0.1ms
[100.471s][info][gc,phases      ] GC(253)   Evacuate Collection Set: 38.5ms
[100.471s][info][gc,phases      ] GC(253)   Post Evacuate Collection Set: 0.6ms
[100.471s][info][gc,phases      ] GC(253)   Other: 0.3ms
[100.471s][info][gc,heap        ] GC(253) Eden regions: 50->0(60)
[100.471s][info][gc,heap        ] GC(253) Survivor regions: 7->2(8)
[100.471s][info][gc,heap        ] GC(253) Old regions: 265->272
[100.471s][info][gc,heap        ] GC(253) Humongous regions: 206->160
[100.471s][info][gc,metaspace   ] GC(253) Metaspace: 66679K->66679K(1110016K)
[100.471s][info][gc             ] GC(253) Pause Young (Normal) (G1 Evacuation Pause) 527M->432M(964M) 39.552ms
[100.471s][info][gc,cpu         ] GC(253) User=0.04s Sys=0.00s Real=0.04s
[100.552s][info][gc,start       ] GC(254) Pause Young (Normal) (G1 Evacuation Pause)
[100.552s][info][gc,task        ] GC(254) Using 1 workers of 1 for evacuation
[100.592s][info][gc,phases      ] GC(254)   Pre Evacuate Collection Set: 0.1ms
[100.592s][info][gc,phases      ] GC(254)   Evacuate Collection Set: 39.1ms
[100.592s][info][gc,phases      ] GC(254)   Post Evacuate Collection Set: 0.5ms
[100.592s][info][gc,phases      ] GC(254)   Other: 0.2ms
[100.592s][info][gc,heap        ] GC(254) Eden regions: 60->0(65)
[100.592s][info][gc,heap        ] GC(254) Survivor regions: 2->8(8)
[100.592s][info][gc,heap        ] GC(254) Old regions: 272->274
[100.592s][info][gc,heap        ] GC(254) Humongous regions: 166->166
[100.592s][info][gc,metaspace   ] GC(254) Metaspace: 66683K->66683K(1110016K)
[100.592s][info][gc             ] GC(254) Pause Young (Normal) (G1 Evacuation Pause) 498M->447M(964M) 39.930ms
[100.592s][info][gc,cpu         ] GC(254) User=0.04s Sys=0.00s Real=0.04s
[100.689s][info][gc,start       ] GC(255) Pause Young (Normal) (G1 Evacuation Pause)
[100.689s][info][gc,task        ] GC(255) Using 1 workers of 1 for evacuation
[100.751s][info][gc,phases      ] GC(255)   Pre Evacuate Collection Set: 0.1ms
[100.751s][info][gc,phases      ] GC(255)   Evacuate Collection Set: 61.7ms
[100.751s][info][gc,phases      ] GC(255)   Post Evacuate Collection Set: 0.4ms
[100.751s][info][gc,phases      ] GC(255)   Other: 0.3ms
[100.751s][info][gc,heap        ] GC(255) Eden regions: 65->0(67)
[100.751s][info][gc,heap        ] GC(255) Survivor regions: 8->10(10)
[100.751s][info][gc,heap        ] GC(255) Old regions: 274->283
[100.751s][info][gc,heap        ] GC(255) Humongous regions: 176->167
[100.751s][info][gc,metaspace   ] GC(255) Metaspace: 66687K->66687K(1110016K)
[100.751s][info][gc             ] GC(255) Pause Young (Normal) (G1 Evacuation Pause) 522M->459M(964M) 62.490ms
[100.751s][info][gc,cpu         ] GC(255) User=0.06s Sys=0.00s Real=0.06s
[100.851s][info][gc,start       ] GC(256) Pause Young (Normal) (G1 Evacuation Pause)
[100.851s][info][gc,task        ] GC(256) Using 1 workers of 1 for evacuation
[100.911s][info][gc,phases      ] GC(256)   Pre Evacuate Collection Set: 0.1ms
[100.911s][info][gc,phases      ] GC(256)   Evacuate Collection Set: 59.6ms
[100.911s][info][gc,phases      ] GC(256)   Post Evacuate Collection Set: 0.3ms
[100.911s][info][gc,phases      ] GC(256)   Other: 0.6ms
[100.911s][info][gc,heap        ] GC(256) Eden regions: 67->0(74)
[100.911s][info][gc,heap        ] GC(256) Survivor regions: 10->10(10)
[100.911s][info][gc,heap        ] GC(256) Old regions: 283->294
[100.911s][info][gc,heap        ] GC(256) Humongous regions: 170->170
[100.911s][info][gc,metaspace   ] GC(256) Metaspace: 66687K->66687K(1110016K)
[100.911s][info][gc             ] GC(256) Pause Young (Normal) (G1 Evacuation Pause) 529M->473M(964M) 60.684ms
[100.911s][info][gc,cpu         ] GC(256) User=0.06s Sys=0.01s Real=0.06s
[101.476s][info][gc,start       ] GC(257) Pause Young (Normal) (G1 Evacuation Pause)
[101.476s][info][gc,task        ] GC(257) Using 1 workers of 1 for evacuation
[101.548s][info][gc,phases      ] GC(257)   Pre Evacuate Collection Set: 0.1ms
[101.548s][info][gc,phases      ] GC(257)   Evacuate Collection Set: 70.5ms
[101.548s][info][gc,phases      ] GC(257)   Post Evacuate Collection Set: 0.6ms
[101.548s][info][gc,phases      ] GC(257)   Other: 0.4ms
[101.548s][info][gc,heap        ] GC(257) Eden regions: 74->0(80)
[101.548s][info][gc,heap        ] GC(257) Survivor regions: 10->6(11)
[101.548s][info][gc,heap        ] GC(257) Old regions: 294->304
[101.548s][info][gc,heap        ] GC(257) Humongous regions: 255->208
[101.548s][info][gc,metaspace   ] GC(257) Metaspace: 66746K->66746K(1110016K)
[101.548s][info][gc             ] GC(257) Pause Young (Normal) (G1 Evacuation Pause) 632M->517M(972M) 71.603ms
[101.548s][info][gc,cpu         ] GC(257) User=0.07s Sys=0.00s Real=0.08s
[101.672s][info][gc,start       ] GC(258) Pause Young (Normal) (G1 Evacuation Pause)
[101.672s][info][gc,task        ] GC(258) Using 1 workers of 1 for evacuation
[101.763s][info][gc,phases      ] GC(258)   Pre Evacuate Collection Set: 0.1ms
[101.763s][info][gc,phases      ] GC(258)   Evacuate Collection Set: 90.7ms
[101.763s][info][gc,phases      ] GC(258)   Post Evacuate Collection Set: 0.5ms
[101.763s][info][gc,phases      ] GC(258)   Other: 0.2ms
[101.763s][info][gc,heap        ] GC(258) Eden regions: 80->0(60)
[101.763s][info][gc,heap        ] GC(258) Survivor regions: 6->11(11)
[101.763s][info][gc,heap        ] GC(258) Old regions: 304->326
[101.763s][info][gc,heap        ] GC(258) Humongous regions: 225->201
[101.763s][info][gc,metaspace   ] GC(258) Metaspace: 66752K->66752K(1110016K)
[101.763s][info][gc             ] GC(258) Pause Young (Normal) (G1 Evacuation Pause) 614M->537M(972M) 91.582ms
[101.763s][info][gc,cpu         ] GC(258) User=0.09s Sys=0.00s Real=0.09s
[101.916s][info][gc,start       ] GC(259) Pause Young (Normal) (G1 Evacuation Pause)
[101.916s][info][gc,task        ] GC(259) Using 1 workers of 1 for evacuation
[101.960s][info][gc,phases      ] GC(259)   Pre Evacuate Collection Set: 0.1ms
[101.960s][info][gc,phases      ] GC(259)   Evacuate Collection Set: 43.3ms
[101.960s][info][gc,phases      ] GC(259)   Post Evacuate Collection Set: 0.3ms
[101.960s][info][gc,phases      ] GC(259)   Other: 0.3ms
[101.960s][info][gc,heap        ] GC(259) Eden regions: 60->0(77)
[101.960s][info][gc,heap        ] GC(259) Survivor regions: 11->3(9)
[101.960s][info][gc,heap        ] GC(259) Old regions: 326->337
[101.960s][info][gc,heap        ] GC(259) Humongous regions: 204->204
[101.960s][info][gc,metaspace   ] GC(259) Metaspace: 66752K->66752K(1110016K)
[101.960s][info][gc             ] GC(259) Pause Young (Normal) (G1 Evacuation Pause) 600M->543M(972M) 44.099ms
[101.960s][info][gc,cpu         ] GC(259) User=0.04s Sys=0.00s Real=0.05s
[102.090s][info][gc,start       ] GC(260) Pause Young (Normal) (G1 Evacuation Pause)
[102.090s][info][gc,task        ] GC(260) Using 1 workers of 1 for evacuation
[102.100s][info][gc,phases      ] GC(260)   Pre Evacuate Collection Set: 0.1ms
[102.100s][info][gc,phases      ] GC(260)   Evacuate Collection Set: 10.0ms
[102.100s][info][gc,phases      ] GC(260)   Post Evacuate Collection Set: 0.3ms
[102.100s][info][gc,phases      ] GC(260)   Other: 0.2ms
[102.100s][info][gc,heap        ] GC(260) Eden regions: 77->0(91)
[102.100s][info][gc,heap        ] GC(260) Survivor regions: 3->3(10)
[102.100s][info][gc,heap        ] GC(260) Old regions: 337->337
[102.100s][info][gc,heap        ] GC(260) Humongous regions: 204->204
[102.100s][info][gc,metaspace   ] GC(260) Metaspace: 66752K->66752K(1110016K)
[102.100s][info][gc             ] GC(260) Pause Young (Normal) (G1 Evacuation Pause) 620M->543M(972M) 10.666ms
[102.101s][info][gc,cpu         ] GC(260) User=0.01s Sys=0.00s Real=0.01s
[102.245s][info][gc,start       ] GC(261) Pause Young (Normal) (G1 Evacuation Pause)
[102.245s][info][gc,task        ] GC(261) Using 1 workers of 1 for evacuation
[102.252s][info][gc,phases      ] GC(261)   Pre Evacuate Collection Set: 0.1ms
[102.252s][info][gc,phases      ] GC(261)   Evacuate Collection Set: 6.3ms
[102.252s][info][gc,phases      ] GC(261)   Post Evacuate Collection Set: 0.3ms
[102.252s][info][gc,phases      ] GC(261)   Other: 0.4ms
[102.252s][info][gc,heap        ] GC(261) Eden regions: 91->0(112)
[102.252s][info][gc,heap        ] GC(261) Survivor regions: 3->3(12)
[102.252s][info][gc,heap        ] GC(261) Old regions: 337->337
[102.252s][info][gc,heap        ] GC(261) Humongous regions: 204->204
[102.252s][info][gc,metaspace   ] GC(261) Metaspace: 66752K->66752K(1110016K)
[102.252s][info][gc             ] GC(261) Pause Young (Normal) (G1 Evacuation Pause) 634M->543M(972M) 7.101ms
[102.252s][info][gc,cpu         ] GC(261) User=0.01s Sys=0.00s Real=0.01s
[102.407s][info][gc,start       ] GC(262) Pause Young (Normal) (G1 Evacuation Pause)
[102.408s][info][gc,task        ] GC(262) Using 1 workers of 1 for evacuation
[102.414s][info][gc,phases      ] GC(262)   Pre Evacuate Collection Set: 0.1ms
[102.414s][info][gc,phases      ] GC(262)   Evacuate Collection Set: 6.1ms
[102.414s][info][gc,phases      ] GC(262)   Post Evacuate Collection Set: 0.3ms
[102.414s][info][gc,phases      ] GC(262)   Other: 0.2ms
[102.414s][info][gc,heap        ] GC(262) Eden regions: 112->0(139)
[102.414s][info][gc,heap        ] GC(262) Survivor regions: 3->3(15)
[102.414s][info][gc,heap        ] GC(262) Old regions: 337->337
[102.414s][info][gc,heap        ] GC(262) Humongous regions: 204->204
[102.414s][info][gc,metaspace   ] GC(262) Metaspace: 66752K->66752K(1110016K)
[102.414s][info][gc             ] GC(262) Pause Young (Normal) (G1 Evacuation Pause) 655M->543M(972M) 6.796ms
[102.414s][info][gc,cpu         ] GC(262) User=0.00s Sys=0.00s Real=0.00s
[102.443s][info][gc,start       ] GC(263) Pause Young (Concurrent Start) (G1 Humongous Allocation)
[102.443s][info][gc,task        ] GC(263) Using 1 workers of 1 for evacuation
[102.450s][info][gc,phases      ] GC(263)   Pre Evacuate Collection Set: 0.4ms
[102.451s][info][gc,phases      ] GC(263)   Evacuate Collection Set: 6.6ms
[102.451s][info][gc,phases      ] GC(263)   Post Evacuate Collection Set: 0.3ms
[102.451s][info][gc,phases      ] GC(263)   Other: 0.3ms
[102.451s][info][gc,heap        ] GC(263) Eden regions: 30->0(137)
[102.451s][info][gc,heap        ] GC(263) Survivor regions: 3->3(18)
[102.451s][info][gc,heap        ] GC(263) Old regions: 337->337
[102.451s][info][gc,heap        ] GC(263) Humongous regions: 204->204
[102.451s][info][gc,metaspace   ] GC(263) Metaspace: 66752K->66752K(1110016K)
[102.451s][info][gc             ] GC(263) Pause Young (Concurrent Start) (G1 Humongous Allocation) 572M->543M(972M) 7.682ms
[102.451s][info][gc,cpu         ] GC(263) User=0.00s Sys=0.00s Real=0.01s
[102.451s][info][gc             ] GC(264) Concurrent Cycle
[102.451s][info][gc,marking     ] GC(264) Concurrent Clear Claimed Marks
[102.451s][info][gc,marking     ] GC(264) Concurrent Clear Claimed Marks 0.359ms
[102.451s][info][gc,marking     ] GC(264) Concurrent Scan Root Regions
[102.453s][info][gc,marking     ] GC(264) Concurrent Scan Root Regions 1.633ms
[102.453s][info][gc,marking     ] GC(264) Concurrent Mark (102.453s)
[102.453s][info][gc,marking     ] GC(264) Concurrent Mark From Roots
[102.453s][info][gc,task        ] GC(264) Using 1 workers of 1 for marking
[102.627s][info][gc,start       ] GC(265) Pause Young (Normal) (G1 Evacuation Pause)
[102.627s][info][gc,task        ] GC(265) Using 1 workers of 1 for evacuation
[102.705s][info][gc,phases      ] GC(265)   Pre Evacuate Collection Set: 0.1ms
[102.705s][info][gc,phases      ] GC(265)   Evacuate Collection Set: 77.3ms
[102.705s][info][gc,phases      ] GC(265)   Post Evacuate Collection Set: 0.6ms
[102.705s][info][gc,phases      ] GC(265)   Other: 0.2ms
[102.705s][info][gc,heap        ] GC(265) Eden regions: 137->0(145)
[102.705s][info][gc,heap        ] GC(265) Survivor regions: 3->18(18)
[102.705s][info][gc,heap        ] GC(265) Old regions: 337->363
[102.705s][info][gc,heap        ] GC(265) Humongous regions: 207->207
[102.705s][info][gc,metaspace   ] GC(265) Metaspace: 66752K->66752K(1110016K)
[102.705s][info][gc             ] GC(265) Pause Young (Normal) (G1 Evacuation Pause) 683M->586M(972M) 78.296ms
[102.705s][info][gc,cpu         ] GC(265) User=0.08s Sys=0.00s Real=0.08s
[103.188s][info][gc,marking     ] GC(264) Concurrent Mark From Roots 735.798ms
[103.189s][info][gc,marking     ] GC(264) Concurrent Preclean
[103.189s][info][gc,marking     ] GC(264) Concurrent Preclean 0.131ms
[103.189s][info][gc,marking     ] GC(264) Concurrent Mark (102.453s, 103.189s) 736.130ms
[103.189s][info][gc,start       ] GC(264) Pause Remark
[103.210s][info][gc,stringtable ] GC(264) Cleaned string and symbol table, strings: 23339 processed, 23 removed, symbols: 140546 processed, 0 removed
[103.211s][info][gc             ] GC(264) Pause Remark 676M->398M(972M) 21.684ms
[103.211s][info][gc,cpu         ] GC(264) User=0.02s Sys=0.00s Real=0.02s
[103.211s][info][gc,marking     ] GC(264) Concurrent Rebuild Remembered Sets
[103.420s][info][gc,marking     ] GC(264) Concurrent Rebuild Remembered Sets 209.360ms
[103.420s][info][gc,start       ] GC(264) Pause Cleanup
[103.421s][info][gc             ] GC(264) Pause Cleanup 398M->398M(972M) 0.244ms
[103.421s][info][gc,cpu         ] GC(264) User=0.00s Sys=0.00s Real=0.00s
[103.421s][info][gc,marking     ] GC(264) Concurrent Cleanup for Next Mark
[103.423s][info][gc,marking     ] GC(264) Concurrent Cleanup for Next Mark 2.234ms
[103.423s][info][gc             ] GC(264) Concurrent Cycle 972.178ms
[103.423s][info][gc,heap,exit   ] Heap
[103.423s][info][gc,heap,exit   ]  garbage-first heap   total 995328K, used 407311K [0x00000000c1800000, 0x0000000100000000)
[103.423s][info][gc,heap,exit   ]   region size 1024K, 108 young (110592K), 18 survivors (18432K)
[103.423s][info][gc,heap,exit   ]  Metaspace       used 67300K, capacity 71243K, committed 71504K, reserved 1110016K
[103.423s][info][gc,heap,exit   ]   class space    used 9485K, capacity 11430K, committed 11520K, reserved 1048576K
