[0.003s][info][gc,heap] Heap region size: 1M
[0.005s][info][gc     ] Using G1
[0.005s][info][gc,heap,coops] Heap address: 0x00000000b1e00000, size: 1250 MB, Compressed Oops mode: 32-bit
[0.443s][info][gc,start     ] GC(0) Pause Young (Normal) (G1 Evacuation Pause)
[0.443s][info][gc,task      ] GC(0) Using 1 workers of 1 for evacuation
[0.447s][info][gc,phases    ] GC(0)   Pre Evacuate Collection Set: 0.0ms
[0.447s][info][gc,phases    ] GC(0)   Evacuate Collection Set: 4.4ms
[0.447s][info][gc,phases    ] GC(0)   Post Evacuate Collection Set: 0.2ms
[0.447s][info][gc,phases    ] GC(0)   Other: 0.2ms
[0.447s][info][gc,heap      ] GC(0) Eden regions: 6->0(5)
[0.447s][info][gc,heap      ] GC(0) Survivor regions: 0->1(1)
[0.447s][info][gc,heap      ] GC(0) Old regions: 0->2
[0.447s][info][gc,heap      ] GC(0) Humongous regions: 0->0
[0.447s][info][gc,metaspace ] GC(0) Metaspace: 2154K->2154K(1056768K)
[0.447s][info][gc           ] GC(0) Pause Young (Normal) (G1 Evacuation Pause) 6M->2M(126M) 4.822ms
[0.447s][info][gc,cpu       ] GC(0) User=0.01s Sys=0.01s Real=0.00s
[0.605s][info][gc,start     ] GC(1) Pause Young (Normal) (G1 Evacuation Pause)
[0.605s][info][gc,task      ] GC(1) Using 1 workers of 1 for evacuation
[0.608s][info][gc,phases    ] GC(1)   Pre Evacuate Collection Set: 0.0ms
[0.608s][info][gc,phases    ] GC(1)   Evacuate Collection Set: 2.4ms
[0.608s][info][gc,phases    ] GC(1)   Post Evacuate Collection Set: 0.1ms
[0.608s][info][gc,phases    ] GC(1)   Other: 0.1ms
[0.608s][info][gc,heap      ] GC(1) Eden regions: 5->0(6)
[0.608s][info][gc,heap      ] GC(1) Survivor regions: 1->1(1)
[0.608s][info][gc,heap      ] GC(1) Old regions: 2->3
[0.608s][info][gc,heap      ] GC(1) Humongous regions: 0->0
[0.608s][info][gc,metaspace ] GC(1) Metaspace: 4300K->4300K(1056768K)
[0.608s][info][gc           ] GC(1) Pause Young (Normal) (G1 Evacuation Pause) 7M->2M(126M) 2.614ms
[0.608s][info][gc,cpu       ] GC(1) User=0.00s Sys=0.00s Real=0.00s
[0.831s][info][gc,start     ] GC(2) Pause Young (Normal) (G1 Evacuation Pause)
[0.831s][info][gc,task      ] GC(2) Using 1 workers of 1 for evacuation
[0.833s][info][gc,phases    ] GC(2)   Pre Evacuate Collection Set: 0.0ms
[0.833s][info][gc,phases    ] GC(2)   Evacuate Collection Set: 1.5ms
[0.833s][info][gc,phases    ] GC(2)   Post Evacuate Collection Set: 0.1ms
[0.833s][info][gc,phases    ] GC(2)   Other: 0.2ms
[0.833s][info][gc,heap      ] GC(2) Eden regions: 6->0(12)
[0.833s][info][gc,heap      ] GC(2) Survivor regions: 1->1(1)
[0.833s][info][gc,heap      ] GC(2) Old regions: 3->3
[0.833s][info][gc,heap      ] GC(2) Humongous regions: 0->0
[0.833s][info][gc,metaspace ] GC(2) Metaspace: 6646K->6646K(1058816K)
[0.833s][info][gc           ] GC(2) Pause Young (Normal) (G1 Evacuation Pause) 8M->2M(126M) 1.866ms
[0.833s][info][gc,cpu       ] GC(2) User=0.00s Sys=0.00s Real=0.00s
[2.321s][info][gc,start     ] GC(3) Pause Young (Normal) (G1 Evacuation Pause)
[2.321s][info][gc,task      ] GC(3) Using 1 workers of 1 for evacuation
[2.324s][info][gc,phases    ] GC(3)   Pre Evacuate Collection Set: 0.0ms
[2.324s][info][gc,phases    ] GC(3)   Evacuate Collection Set: 2.7ms
[2.324s][info][gc,phases    ] GC(3)   Post Evacuate Collection Set: 0.1ms
[2.324s][info][gc,phases    ] GC(3)   Other: 0.2ms
[2.324s][info][gc,heap      ] GC(3) Eden regions: 12->0(18)
[2.324s][info][gc,heap      ] GC(3) Survivor regions: 1->1(2)
[2.324s][info][gc,heap      ] GC(3) Old regions: 3->3
[2.324s][info][gc,heap      ] GC(3) Humongous regions: 0->0
[2.324s][info][gc,metaspace ] GC(3) Metaspace: 8533K->8533K(1058816K)
[2.324s][info][gc           ] GC(3) Pause Young (Normal) (G1 Evacuation Pause) 14M->3M(126M) 3.085ms
[2.324s][info][gc,cpu       ] GC(3) User=0.00s Sys=0.00s Real=0.01s
[2.642s][info][gc,start     ] GC(4) Pause Young (Normal) (G1 Evacuation Pause)
[2.643s][info][gc,task      ] GC(4) Using 1 workers of 1 for evacuation
[2.649s][info][gc,phases    ] GC(4)   Pre Evacuate Collection Set: 0.0ms
[2.649s][info][gc,phases    ] GC(4)   Evacuate Collection Set: 6.0ms
[2.649s][info][gc,phases    ] GC(4)   Post Evacuate Collection Set: 0.1ms
[2.649s][info][gc,phases    ] GC(4)   Other: 0.2ms
[2.649s][info][gc,heap      ] GC(4) Eden regions: 18->0(19)
[2.649s][info][gc,heap      ] GC(4) Survivor regions: 1->3(3)
[2.649s][info][gc,heap      ] GC(4) Old regions: 3->8
[2.649s][info][gc,heap      ] GC(4) Humongous regions: 6->6
[2.649s][info][gc,metaspace ] GC(4) Metaspace: 12223K->12223K(1060864K)
[2.649s][info][gc           ] GC(4) Pause Young (Normal) (G1 Evacuation Pause) 27M->16M(126M) 6.468ms
[2.649s][info][gc,cpu       ] GC(4) User=0.01s Sys=0.01s Real=0.00s
[3.265s][info][gc,start     ] GC(5) Pause Young (Normal) (G1 Evacuation Pause)
[3.265s][info][gc,task      ] GC(5) Using 1 workers of 1 for evacuation
[3.272s][info][gc,phases    ] GC(5)   Pre Evacuate Collection Set: 0.0ms
[3.272s][info][gc,phases    ] GC(5)   Evacuate Collection Set: 6.5ms
[3.272s][info][gc,phases    ] GC(5)   Post Evacuate Collection Set: 0.2ms
[3.272s][info][gc,phases    ] GC(5)   Other: 0.2ms
[3.272s][info][gc,heap      ] GC(5) Eden regions: 19->0(21)
[3.272s][info][gc,heap      ] GC(5) Survivor regions: 3->3(3)
[3.272s][info][gc,heap      ] GC(5) Old regions: 8->11
[3.272s][info][gc,heap      ] GC(5) Humongous regions: 6->6
[3.272s][info][gc,metaspace ] GC(5) Metaspace: 17573K->17573K(1064960K)
[3.272s][info][gc           ] GC(5) Pause Young (Normal) (G1 Evacuation Pause) 35M->19M(126M) 7.057ms
[3.272s][info][gc,cpu       ] GC(5) User=0.00s Sys=0.00s Real=0.01s
[3.468s][info][gc,start     ] GC(6) Pause Young (Concurrent Start) (Metadata GC Threshold)
[3.469s][info][gc,task      ] GC(6) Using 1 workers of 1 for evacuation
[3.477s][info][gc,phases    ] GC(6)   Pre Evacuate Collection Set: 0.1ms
[3.477s][info][gc,phases    ] GC(6)   Evacuate Collection Set: 5.3ms
[3.477s][info][gc,phases    ] GC(6)   Post Evacuate Collection Set: 3.4ms
[3.477s][info][gc,phases    ] GC(6)   Other: 0.3ms
[3.477s][info][gc,heap      ] GC(6) Eden regions: 9->0(22)
[3.477s][info][gc,heap      ] GC(6) Survivor regions: 3->1(3)
[3.477s][info][gc,heap      ] GC(6) Old regions: 11->14
[3.477s][info][gc,heap      ] GC(6) Humongous regions: 6->6
[3.477s][info][gc,metaspace ] GC(6) Metaspace: 20167K->20167K(1067008K)
[3.477s][info][gc           ] GC(6) Pause Young (Concurrent Start) (Metadata GC Threshold) 28M->20M(126M) 9.002ms
[3.477s][info][gc,cpu       ] GC(6) User=0.01s Sys=0.00s Real=0.01s
[3.477s][info][gc           ] GC(7) Concurrent Cycle
[3.477s][info][gc,marking   ] GC(7) Concurrent Clear Claimed Marks
[3.477s][info][gc,marking   ] GC(7) Concurrent Clear Claimed Marks 0.050ms
[3.477s][info][gc,marking   ] GC(7) Concurrent Scan Root Regions
[3.478s][info][gc,marking   ] GC(7) Concurrent Scan Root Regions 0.344ms
[3.478s][info][gc,marking   ] GC(7) Concurrent Mark (3.478s)
[3.478s][info][gc,marking   ] GC(7) Concurrent Mark From Roots
[3.478s][info][gc,task      ] GC(7) Using 1 workers of 1 for marking
[3.506s][info][gc,marking   ] GC(7) Concurrent Mark From Roots 28.223ms
[3.506s][info][gc,marking   ] GC(7) Concurrent Preclean
[3.506s][info][gc,marking   ] GC(7) Concurrent Preclean 0.060ms
[3.506s][info][gc,marking   ] GC(7) Concurrent Mark (3.478s, 3.506s) 28.345ms
[3.506s][info][gc,start     ] GC(7) Pause Remark
[3.511s][info][gc,stringtable] GC(7) Cleaned string and symbol table, strings: 7730 processed, 7 removed, symbols: 40188 processed, 44 removed
[3.511s][info][gc            ] GC(7) Pause Remark 20M->20M(126M) 4.973ms
[3.511s][info][gc,cpu        ] GC(7) User=0.01s Sys=0.00s Real=0.01s
[3.511s][info][gc,marking    ] GC(7) Concurrent Rebuild Remembered Sets
[3.533s][info][gc,marking    ] GC(7) Concurrent Rebuild Remembered Sets 21.339ms
[3.533s][info][gc,start      ] GC(7) Pause Cleanup
[3.533s][info][gc            ] GC(7) Pause Cleanup 20M->20M(126M) 0.046ms
[3.533s][info][gc,cpu        ] GC(7) User=0.00s Sys=0.00s Real=0.00s
[3.533s][info][gc,marking    ] GC(7) Concurrent Cleanup for Next Mark
[3.533s][info][gc,marking    ] GC(7) Concurrent Cleanup for Next Mark 0.415ms
[3.533s][info][gc            ] GC(7) Concurrent Cycle 55.969ms
[4.183s][info][gc,start      ] GC(8) Pause Young (Normal) (G1 Evacuation Pause)
[4.183s][info][gc,task       ] GC(8) Using 1 workers of 1 for evacuation
[4.189s][info][gc,phases     ] GC(8)   Pre Evacuate Collection Set: 0.0ms
[4.189s][info][gc,phases     ] GC(8)   Evacuate Collection Set: 5.7ms
[4.189s][info][gc,phases     ] GC(8)   Post Evacuate Collection Set: 0.2ms
[4.189s][info][gc,phases     ] GC(8)   Other: 0.3ms
[4.189s][info][gc,heap       ] GC(8) Eden regions: 23->0(38)
[4.189s][info][gc,heap       ] GC(8) Survivor regions: 1->2(3)
[4.189s][info][gc,heap       ] GC(8) Old regions: 14->14
[4.189s][info][gc,heap       ] GC(8) Humongous regions: 6->6
[4.189s][info][gc,metaspace  ] GC(8) Metaspace: 25094K->25094K(1071104K)
[4.189s][info][gc            ] GC(8) Pause Young (Normal) (G1 Evacuation Pause) 43M->21M(126M) 6.270ms
[4.189s][info][gc,cpu        ] GC(8) User=0.01s Sys=0.00s Real=0.00s
[5.116s][info][gc,start      ] GC(9) Pause Young (Normal) (G1 Evacuation Pause)
[5.116s][info][gc,task       ] GC(9) Using 1 workers of 1 for evacuation
[5.129s][info][gc,phases     ] GC(9)   Pre Evacuate Collection Set: 0.0ms
[5.129s][info][gc,phases     ] GC(9)   Evacuate Collection Set: 12.3ms
[5.129s][info][gc,phases     ] GC(9)   Post Evacuate Collection Set: 0.2ms
[5.129s][info][gc,phases     ] GC(9)   Other: 0.3ms
[5.129s][info][gc,heap       ] GC(9) Eden regions: 38->0(48)
[5.129s][info][gc,heap       ] GC(9) Survivor regions: 2->4(5)
[5.129s][info][gc,heap       ] GC(9) Old regions: 14->14
[5.129s][info][gc,heap       ] GC(9) Humongous regions: 6->6
[5.129s][info][gc,metaspace  ] GC(9) Metaspace: 33644K->33644K(1079296K)
[5.129s][info][gc            ] GC(9) Pause Young (Normal) (G1 Evacuation Pause) 59M->23M(126M) 13.006ms
[5.129s][info][gc,cpu        ] GC(9) User=0.01s Sys=0.01s Real=0.01s
[5.241s][info][gc,start      ] GC(10) Pause Young (Concurrent Start) (Metadata GC Threshold)
[5.241s][info][gc,task       ] GC(10) Using 1 workers of 1 for evacuation
[5.250s][info][gc,phases     ] GC(10)   Pre Evacuate Collection Set: 0.1ms
[5.250s][info][gc,phases     ] GC(10)   Evacuate Collection Set: 8.9ms
[5.250s][info][gc,phases     ] GC(10)   Post Evacuate Collection Set: 0.2ms
[5.250s][info][gc,phases     ] GC(10)   Other: 0.2ms
[5.251s][info][gc,heap       ] GC(10) Eden regions: 4->0(41)
[5.251s][info][gc,heap       ] GC(10) Survivor regions: 4->3(7)
[5.251s][info][gc,heap       ] GC(10) Old regions: 14->16
[5.251s][info][gc,heap       ] GC(10) Humongous regions: 6->6
[5.251s][info][gc,metaspace  ] GC(10) Metaspace: 34492K->34492K(1079296K)
[5.251s][info][gc            ] GC(10) Pause Young (Concurrent Start) (Metadata GC Threshold) 27M->23M(126M) 9.460ms
[5.251s][info][gc,cpu        ] GC(10) User=0.01s Sys=0.00s Real=0.02s
[5.251s][info][gc            ] GC(11) Concurrent Cycle
[5.251s][info][gc,marking    ] GC(11) Concurrent Clear Claimed Marks
[5.251s][info][gc,marking    ] GC(11) Concurrent Clear Claimed Marks 0.108ms
[5.251s][info][gc,marking    ] GC(11) Concurrent Scan Root Regions
[5.255s][info][gc,marking    ] GC(11) Concurrent Scan Root Regions 4.670ms
[5.255s][info][gc,marking    ] GC(11) Concurrent Mark (5.255s)
[5.255s][info][gc,marking    ] GC(11) Concurrent Mark From Roots
[5.255s][info][gc,task       ] GC(11) Using 1 workers of 1 for marking
[5.287s][info][gc,marking    ] GC(11) Concurrent Mark From Roots 31.082ms
[5.287s][info][gc,marking    ] GC(11) Concurrent Preclean
[5.287s][info][gc,marking    ] GC(11) Concurrent Preclean 0.048ms
[5.287s][info][gc,marking    ] GC(11) Concurrent Mark (5.255s, 5.287s) 31.173ms
[5.287s][info][gc,start      ] GC(11) Pause Remark
[5.292s][info][gc,stringtable] GC(11) Cleaned string and symbol table, strings: 13695 processed, 3 removed, symbols: 80100 processed, 44 removed
[5.293s][info][gc            ] GC(11) Pause Remark 24M->24M(126M) 5.873ms
[5.293s][info][gc,cpu        ] GC(11) User=0.01s Sys=0.00s Real=0.01s
[5.293s][info][gc,marking    ] GC(11) Concurrent Rebuild Remembered Sets
[5.305s][info][gc,marking    ] GC(11) Concurrent Rebuild Remembered Sets 12.615ms
[5.305s][info][gc,start      ] GC(11) Pause Cleanup
[5.305s][info][gc            ] GC(11) Pause Cleanup 24M->24M(126M) 0.064ms
[5.305s][info][gc,cpu        ] GC(11) User=0.00s Sys=0.00s Real=0.00s
[5.305s][info][gc,marking    ] GC(11) Concurrent Cleanup for Next Mark
[5.318s][info][gc,marking    ] GC(11) Concurrent Cleanup for Next Mark 12.332ms
[5.318s][info][gc            ] GC(11) Concurrent Cycle 67.283ms
[6.195s][info][gc,start      ] GC(12) Pause Young (Normal) (G1 Evacuation Pause)
[6.195s][info][gc,task       ] GC(12) Using 1 workers of 1 for evacuation
[6.213s][info][gc,phases     ] GC(12)   Pre Evacuate Collection Set: 0.0ms
[6.213s][info][gc,phases     ] GC(12)   Evacuate Collection Set: 16.9ms
[6.213s][info][gc,phases     ] GC(12)   Post Evacuate Collection Set: 0.5ms
[6.213s][info][gc,phases     ] GC(12)   Other: 0.3ms
[6.213s][info][gc,heap       ] GC(12) Eden regions: 41->0(52)
[6.213s][info][gc,heap       ] GC(12) Survivor regions: 3->6(6)
[6.213s][info][gc,heap       ] GC(12) Old regions: 16->16
[6.213s][info][gc,heap       ] GC(12) Humongous regions: 6->6
[6.213s][info][gc,metaspace  ] GC(12) Metaspace: 43060K->43060K(1087488K)
[6.213s][info][gc            ] GC(12) Pause Young (Normal) (G1 Evacuation Pause) 64M->27M(152M) 17.807ms
[6.213s][info][gc,cpu        ] GC(12) User=0.01s Sys=0.00s Real=0.02s
[6.392s][info][gc,start      ] GC(13) Pause Young (Normal) (G1 Evacuation Pause)
[6.392s][info][gc,task       ] GC(13) Using 1 workers of 1 for evacuation
[6.485s][info][gc,phases     ] GC(13)   Pre Evacuate Collection Set: 0.0ms
[6.485s][info][gc,phases     ] GC(13)   Evacuate Collection Set: 92.0ms
[6.485s][info][gc,phases     ] GC(13)   Post Evacuate Collection Set: 0.2ms
[6.485s][info][gc,phases     ] GC(13)   Other: 0.2ms
[6.485s][info][gc,heap       ] GC(13) Eden regions: 52->0(22)
[6.485s][info][gc,heap       ] GC(13) Survivor regions: 6->8(8)
[6.485s][info][gc,heap       ] GC(13) Old regions: 16->66
[6.485s][info][gc,heap       ] GC(13) Humongous regions: 6->6
[6.485s][info][gc,metaspace  ] GC(13) Metaspace: 43069K->43069K(1087488K)
[6.485s][info][gc            ] GC(13) Pause Young (Normal) (G1 Evacuation Pause) 79M->79M(152M) 92.501ms
[6.485s][info][gc,cpu        ] GC(13) User=0.07s Sys=0.02s Real=0.09s
[6.507s][info][gc,start      ] GC(14) Pause Young (Concurrent Start) (G1 Evacuation Pause)
[6.507s][info][gc,task       ] GC(14) Using 1 workers of 1 for evacuation
[6.552s][info][gc,phases     ] GC(14)   Pre Evacuate Collection Set: 0.1ms
[6.552s][info][gc,phases     ] GC(14)   Evacuate Collection Set: 44.9ms
[6.552s][info][gc,phases     ] GC(14)   Post Evacuate Collection Set: 0.1ms
[6.552s][info][gc,phases     ] GC(14)   Other: 0.2ms
[6.552s][info][gc,heap       ] GC(14) Eden regions: 22->0(12)
[6.552s][info][gc,heap       ] GC(14) Survivor regions: 8->4(4)
[6.552s][info][gc,heap       ] GC(14) Old regions: 66->91
[6.552s][info][gc,heap       ] GC(14) Humongous regions: 6->6
[6.552s][info][gc,metaspace  ] GC(14) Metaspace: 43069K->43069K(1087488K)
[6.552s][info][gc            ] GC(14) Pause Young (Concurrent Start) (G1 Evacuation Pause) 101M->101M(152M) 45.528ms
[6.552s][info][gc,cpu        ] GC(14) User=0.04s Sys=0.00s Real=0.05s
[6.552s][info][gc            ] GC(15) Concurrent Cycle
[6.552s][info][gc,marking    ] GC(15) Concurrent Clear Claimed Marks
[6.553s][info][gc,marking    ] GC(15) Concurrent Clear Claimed Marks 0.130ms
[6.553s][info][gc,marking    ] GC(15) Concurrent Scan Root Regions
[6.555s][info][gc,marking    ] GC(15) Concurrent Scan Root Regions 2.487ms
[6.555s][info][gc,marking    ] GC(15) Concurrent Mark (6.555s)
[6.555s][info][gc,marking    ] GC(15) Concurrent Mark From Roots
[6.555s][info][gc,task       ] GC(15) Using 1 workers of 1 for marking
[6.587s][info][gc,start      ] GC(16) Pause Young (Normal) (G1 Evacuation Pause)
[6.587s][info][gc,task       ] GC(16) Using 1 workers of 1 for evacuation
[6.611s][info][gc,phases     ] GC(16)   Pre Evacuate Collection Set: 0.0ms
[6.611s][info][gc,phases     ] GC(16)   Evacuate Collection Set: 23.6ms
[6.611s][info][gc,phases     ] GC(16)   Post Evacuate Collection Set: 0.1ms
[6.611s][info][gc,phases     ] GC(16)   Other: 0.1ms
[6.611s][info][gc,heap       ] GC(16) Eden regions: 12->0(7)
[6.611s][info][gc,heap       ] GC(16) Survivor regions: 4->2(2)
[6.611s][info][gc,heap       ] GC(16) Old regions: 91->105
[6.611s][info][gc,heap       ] GC(16) Humongous regions: 6->6
[6.611s][info][gc,metaspace  ] GC(16) Metaspace: 43069K->43069K(1087488K)
[6.611s][info][gc            ] GC(16) Pause Young (Normal) (G1 Evacuation Pause) 113M->113M(152M) 24.050ms
[6.611s][info][gc,cpu        ] GC(16) User=0.02s Sys=0.00s Real=0.03s
[6.639s][info][gc,start      ] GC(17) Pause Young (Normal) (G1 Evacuation Pause)
[6.639s][info][gc,task       ] GC(17) Using 1 workers of 1 for evacuation
[6.657s][info][gc,phases     ] GC(17)   Pre Evacuate Collection Set: 0.0ms
[6.657s][info][gc,phases     ] GC(17)   Evacuate Collection Set: 17.1ms
[6.657s][info][gc,phases     ] GC(17)   Post Evacuate Collection Set: 0.8ms
[6.657s][info][gc,phases     ] GC(17)   Other: 0.1ms
[6.657s][info][gc,heap       ] GC(17) Eden regions: 7->0(43)
[6.657s][info][gc,heap       ] GC(17) Survivor regions: 2->2(2)
[6.657s][info][gc,heap       ] GC(17) Old regions: 105->112
[6.657s][info][gc,heap       ] GC(17) Humongous regions: 6->6
[6.657s][info][gc,metaspace  ] GC(17) Metaspace: 43069K->43069K(1087488K)
[6.657s][info][gc            ] GC(17) Pause Young (Normal) (G1 Evacuation Pause) 120M->120M(275M) 18.144ms
[6.657s][info][gc,cpu        ] GC(17) User=0.02s Sys=0.00s Real=0.02s
[6.790s][info][gc,start      ] GC(18) Pause Young (Normal) (G1 Evacuation Pause)
[6.791s][info][gc,task       ] GC(18) Using 1 workers of 1 for evacuation
[6.856s][info][gc,phases     ] GC(18)   Pre Evacuate Collection Set: 0.0ms
[6.856s][info][gc,phases     ] GC(18)   Evacuate Collection Set: 65.2ms
[6.856s][info][gc,phases     ] GC(18)   Post Evacuate Collection Set: 0.1ms
[6.856s][info][gc,phases     ] GC(18)   Other: 0.2ms
[6.856s][info][gc,heap       ] GC(18) Eden regions: 43->0(27)
[6.856s][info][gc,heap       ] GC(18) Survivor regions: 2->6(6)
[6.856s][info][gc,heap       ] GC(18) Old regions: 112->151
[6.856s][info][gc,heap       ] GC(18) Humongous regions: 6->6
[6.856s][info][gc,metaspace  ] GC(18) Metaspace: 43069K->43069K(1087488K)
[6.856s][info][gc            ] GC(18) Pause Young (Normal) (G1 Evacuation Pause) 163M->162M(275M) 65.958ms
[6.856s][info][gc,cpu        ] GC(18) User=0.06s Sys=0.00s Real=0.06s
[6.914s][info][gc,start      ] GC(19) Pause Young (Normal) (G1 Evacuation Pause)
[6.914s][info][gc,task       ] GC(19) Using 1 workers of 1 for evacuation
[6.965s][info][gc,phases     ] GC(19)   Pre Evacuate Collection Set: 0.0ms
[6.965s][info][gc,phases     ] GC(19)   Evacuate Collection Set: 51.4ms
[6.965s][info][gc,phases     ] GC(19)   Post Evacuate Collection Set: 0.1ms
[6.965s][info][gc,phases     ] GC(19)   Other: 0.1ms
[6.965s][info][gc,heap       ] GC(19) Eden regions: 27->0(18)
[6.965s][info][gc,heap       ] GC(19) Survivor regions: 6->5(5)
[6.965s][info][gc,heap       ] GC(19) Old regions: 151->179
[6.965s][info][gc,heap       ] GC(19) Humongous regions: 6->6
[6.965s][info][gc,metaspace  ] GC(19) Metaspace: 43069K->43069K(1087488K)
[6.965s][info][gc            ] GC(19) Pause Young (Normal) (G1 Evacuation Pause) 189M->189M(275M) 51.744ms
[6.965s][info][gc,cpu        ] GC(19) User=0.05s Sys=0.01s Real=0.05s
[6.979s][info][gc,marking    ] GC(15) Concurrent Mark From Roots 423.777ms
[6.979s][info][gc,marking    ] GC(15) Concurrent Preclean
[6.979s][info][gc,marking    ] GC(15) Concurrent Preclean 0.097ms
[6.979s][info][gc,marking    ] GC(15) Concurrent Mark (6.555s, 6.979s) 423.924ms
[6.979s][info][gc,start      ] GC(15) Pause Remark
[6.987s][info][gc,stringtable] GC(15) Cleaned string and symbol table, strings: 16339 processed, 217 removed, symbols: 102440 processed, 16 removed
[6.988s][info][gc            ] GC(15) Pause Remark 197M->197M(275M) 8.438ms
[6.988s][info][gc,cpu        ] GC(15) User=0.01s Sys=0.00s Real=0.01s
[6.988s][info][gc,marking    ] GC(15) Concurrent Rebuild Remembered Sets
[7.008s][info][gc,start      ] GC(20) Pause Young (Normal) (G1 Evacuation Pause)
[7.008s][info][gc,task       ] GC(20) Using 1 workers of 1 for evacuation
[7.045s][info][gc,phases     ] GC(20)   Pre Evacuate Collection Set: 0.0ms
[7.045s][info][gc,phases     ] GC(20)   Evacuate Collection Set: 37.1ms
[7.045s][info][gc,phases     ] GC(20)   Post Evacuate Collection Set: 0.1ms
[7.045s][info][gc,phases     ] GC(20)   Other: 0.1ms
[7.045s][info][gc,heap       ] GC(20) Eden regions: 18->0(12)
[7.045s][info][gc,heap       ] GC(20) Survivor regions: 5->3(3)
[7.045s][info][gc,heap       ] GC(20) Old regions: 179->199
[7.045s][info][gc,heap       ] GC(20) Humongous regions: 6->6
[7.045s][info][gc,metaspace  ] GC(20) Metaspace: 43069K->43069K(1087488K)
[7.045s][info][gc            ] GC(20) Pause Young (Normal) (G1 Evacuation Pause) 207M->207M(275M) 37.472ms
[7.045s][info][gc,cpu        ] GC(20) User=0.03s Sys=0.01s Real=0.04s
[7.082s][info][gc,start      ] GC(21) Pause Young (Normal) (G1 Evacuation Pause)
[7.082s][info][gc,task       ] GC(21) Using 1 workers of 1 for evacuation
[7.107s][info][gc,phases     ] GC(21)   Pre Evacuate Collection Set: 0.0ms
[7.107s][info][gc,phases     ] GC(21)   Evacuate Collection Set: 24.5ms
[7.107s][info][gc,phases     ] GC(21)   Post Evacuate Collection Set: 1.1ms
[7.107s][info][gc,phases     ] GC(21)   Other: 0.1ms
[7.107s][info][gc,heap       ] GC(21) Eden regions: 12->0(64)
[7.107s][info][gc,heap       ] GC(21) Survivor regions: 3->2(2)
[7.107s][info][gc,heap       ] GC(21) Old regions: 199->212
[7.107s][info][gc,heap       ] GC(21) Humongous regions: 6->6
[7.107s][info][gc,metaspace  ] GC(21) Metaspace: 43069K->43069K(1087488K)
[7.107s][info][gc            ] GC(21) Pause Young (Normal) (G1 Evacuation Pause) 219M->219M(470M) 25.832ms
[7.107s][info][gc,cpu        ] GC(21) User=0.02s Sys=0.00s Real=0.03s
[7.252s][info][gc,start      ] GC(22) Pause Young (Normal) (G1 Evacuation Pause)
[7.252s][info][gc,task       ] GC(22) Using 1 workers of 1 for evacuation
[7.347s][info][gc,phases     ] GC(22)   Pre Evacuate Collection Set: 0.0ms
[7.347s][info][gc,phases     ] GC(22)   Evacuate Collection Set: 94.5ms
[7.347s][info][gc,phases     ] GC(22)   Post Evacuate Collection Set: 0.2ms
[7.347s][info][gc,phases     ] GC(22)   Other: 0.3ms
[7.347s][info][gc,heap       ] GC(22) Eden regions: 64->0(44)
[7.347s][info][gc,heap       ] GC(22) Survivor regions: 2->9(9)
[7.347s][info][gc,heap       ] GC(22) Old regions: 212->268
[7.347s][info][gc,heap       ] GC(22) Humongous regions: 6->6
[7.347s][info][gc,metaspace  ] GC(22) Metaspace: 43069K->43069K(1087488K)
[7.347s][info][gc            ] GC(22) Pause Young (Normal) (G1 Evacuation Pause) 283M->282M(470M) 95.160ms
[7.347s][info][gc,cpu        ] GC(22) User=0.09s Sys=0.00s Real=0.09s
[7.437s][info][gc,start      ] GC(23) Pause Young (Normal) (G1 Evacuation Pause)
[7.437s][info][gc,task       ] GC(23) Using 1 workers of 1 for evacuation
[7.520s][info][gc,phases     ] GC(23)   Pre Evacuate Collection Set: 0.0ms
[7.520s][info][gc,phases     ] GC(23)   Evacuate Collection Set: 82.5ms
[7.520s][info][gc,phases     ] GC(23)   Post Evacuate Collection Set: 0.2ms
[7.520s][info][gc,phases     ] GC(23)   Other: 0.2ms
[7.520s][info][gc,heap       ] GC(23) Eden regions: 44->0(30)
[7.520s][info][gc,heap       ] GC(23) Survivor regions: 9->7(7)
[7.520s][info][gc,heap       ] GC(23) Old regions: 268->313
[7.520s][info][gc,heap       ] GC(23) Humongous regions: 6->6
[7.520s][info][gc,metaspace  ] GC(23) Metaspace: 43069K->43069K(1087488K)
[7.520s][info][gc            ] GC(23) Pause Young (Normal) (G1 Evacuation Pause) 326M->326M(470M) 82.971ms
[7.520s][info][gc,cpu        ] GC(23) User=0.09s Sys=0.00s Real=0.08s
[7.575s][info][gc,marking    ] GC(15) Concurrent Rebuild Remembered Sets 587.211ms
[7.577s][info][gc,start      ] GC(15) Pause Cleanup
[7.577s][info][gc            ] GC(15) Pause Cleanup 354M->354M(470M) 0.170ms
[7.577s][info][gc,cpu        ] GC(15) User=0.00s Sys=0.00s Real=0.00s
[7.577s][info][gc,marking    ] GC(15) Concurrent Cleanup for Next Mark
[7.579s][info][gc,marking    ] GC(15) Concurrent Cleanup for Next Mark 1.441ms
[7.579s][info][gc            ] GC(15) Concurrent Cycle 1026.307ms
[7.581s][info][gc,start      ] GC(24) Pause Young (Normal) (G1 Evacuation Pause)
[7.581s][info][gc,task       ] GC(24) Using 1 workers of 1 for evacuation
[7.642s][info][gc,phases     ] GC(24)   Pre Evacuate Collection Set: 0.0ms
[7.642s][info][gc,phases     ] GC(24)   Evacuate Collection Set: 60.9ms
[7.642s][info][gc,phases     ] GC(24)   Post Evacuate Collection Set: 0.2ms
[7.642s][info][gc,phases     ] GC(24)   Other: 0.1ms
[7.642s][info][gc,heap       ] GC(24) Eden regions: 30->0(20)
[7.642s][info][gc,heap       ] GC(24) Survivor regions: 7->5(5)
[7.642s][info][gc,heap       ] GC(24) Old regions: 313->345
[7.642s][info][gc,heap       ] GC(24) Humongous regions: 6->6
[7.642s][info][gc,metaspace  ] GC(24) Metaspace: 43069K->43069K(1087488K)
[7.642s][info][gc            ] GC(24) Pause Young (Normal) (G1 Evacuation Pause) 356M->356M(470M) 61.275ms
[7.642s][info][gc,cpu        ] GC(24) User=0.06s Sys=0.00s Real=0.07s
[7.662s][info][gc,start      ] GC(25) Pause Young (Concurrent Start) (G1 Evacuation Pause)
[7.662s][info][gc,task       ] GC(25) Using 1 workers of 1 for evacuation
[7.703s][info][gc,phases     ] GC(25)   Pre Evacuate Collection Set: 0.2ms
[7.703s][info][gc,phases     ] GC(25)   Evacuate Collection Set: 39.6ms
[7.703s][info][gc,phases     ] GC(25)   Post Evacuate Collection Set: 1.7ms
[7.703s][info][gc,phases     ] GC(25)   Other: 0.2ms
[7.703s][info][gc,heap       ] GC(25) Eden regions: 20->0(102)
[7.703s][info][gc,heap       ] GC(25) Survivor regions: 5->4(4)
[7.703s][info][gc,heap       ] GC(25) Old regions: 345->366
[7.703s][info][gc,heap       ] GC(25) Humongous regions: 6->6
[7.703s][info][gc,metaspace  ] GC(25) Metaspace: 43069K->43069K(1087488K)
[7.703s][info][gc            ] GC(25) Pause Young (Concurrent Start) (G1 Evacuation Pause) 376M->376M(782M) 41.643ms
[7.703s][info][gc,cpu        ] GC(25) User=0.04s Sys=0.01s Real=0.05s
[7.704s][info][gc            ] GC(26) Concurrent Cycle
[7.704s][info][gc,marking    ] GC(26) Concurrent Clear Claimed Marks
[7.704s][info][gc,marking    ] GC(26) Concurrent Clear Claimed Marks 0.156ms
[7.704s][info][gc,marking    ] GC(26) Concurrent Scan Root Regions
[7.706s][info][gc,marking    ] GC(26) Concurrent Scan Root Regions 2.394ms
[7.706s][info][gc,marking    ] GC(26) Concurrent Mark (7.706s)
[7.706s][info][gc,marking    ] GC(26) Concurrent Mark From Roots
[7.706s][info][gc,task       ] GC(26) Using 1 workers of 1 for marking
[7.956s][info][gc,start      ] GC(27) Pause Young (Normal) (G1 Evacuation Pause)
[7.956s][info][gc,task       ] GC(27) Using 1 workers of 1 for evacuation
[8.110s][info][gc,phases     ] GC(27)   Pre Evacuate Collection Set: 0.0ms
[8.110s][info][gc,phases     ] GC(27)   Evacuate Collection Set: 153.6ms
[8.110s][info][gc,phases     ] GC(27)   Post Evacuate Collection Set: 0.2ms
[8.110s][info][gc,phases     ] GC(27)   Other: 0.3ms
[8.110s][info][gc,heap       ] GC(27) Eden regions: 102->0(70)
[8.110s][info][gc,heap       ] GC(27) Survivor regions: 4->14(14)
[8.110s][info][gc,heap       ] GC(27) Old regions: 366->457
[8.110s][info][gc,heap       ] GC(27) Humongous regions: 6->6
[8.110s][info][gc,metaspace  ] GC(27) Metaspace: 43069K->43069K(1087488K)
[8.110s][info][gc            ] GC(27) Pause Young (Normal) (G1 Evacuation Pause) 478M->476M(782M) 154.395ms
[8.110s][info][gc,cpu        ] GC(27) User=0.15s Sys=0.01s Real=0.16s
[8.262s][info][gc,start      ] GC(28) Pause Young (Normal) (G1 Evacuation Pause)
[8.262s][info][gc,task       ] GC(28) Using 1 workers of 1 for evacuation
[8.394s][info][gc,phases     ] GC(28)   Pre Evacuate Collection Set: 0.0ms
[8.394s][info][gc,phases     ] GC(28)   Evacuate Collection Set: 131.3ms
[8.394s][info][gc,phases     ] GC(28)   Post Evacuate Collection Set: 0.3ms
[8.394s][info][gc,phases     ] GC(28)   Other: 0.2ms
[8.394s][info][gc,heap       ] GC(28) Eden regions: 70->0(49)
[8.394s][info][gc,heap       ] GC(28) Survivor regions: 14->11(11)
[8.394s][info][gc,heap       ] GC(28) Old regions: 457->529
[8.394s][info][gc,heap       ] GC(28) Humongous regions: 6->6
[8.394s][info][gc,metaspace  ] GC(28) Metaspace: 43069K->43069K(1087488K)
[8.394s][info][gc            ] GC(28) Pause Young (Normal) (G1 Evacuation Pause) 546M->545M(782M) 131.916ms
[8.394s][info][gc,cpu        ] GC(28) User=0.11s Sys=0.02s Real=0.13s
[8.490s][info][gc,start      ] GC(29) Pause Young (Normal) (G1 Evacuation Pause)
[8.490s][info][gc,task       ] GC(29) Using 1 workers of 1 for evacuation
[8.586s][info][gc,phases     ] GC(29)   Pre Evacuate Collection Set: 0.0ms
[8.586s][info][gc,phases     ] GC(29)   Evacuate Collection Set: 95.5ms
[8.586s][info][gc,phases     ] GC(29)   Post Evacuate Collection Set: 0.2ms
[8.586s][info][gc,phases     ] GC(29)   Other: 0.3ms
[8.586s][info][gc,heap       ] GC(29) Eden regions: 49->0(34)
[8.586s][info][gc,heap       ] GC(29) Survivor regions: 11->8(8)
[8.586s][info][gc,heap       ] GC(29) Old regions: 529->580
[8.586s][info][gc,heap       ] GC(29) Humongous regions: 6->6
[8.586s][info][gc,metaspace  ] GC(29) Metaspace: 43069K->43069K(1087488K)
[8.586s][info][gc            ] GC(29) Pause Young (Normal) (G1 Evacuation Pause) 594M->594M(782M) 96.099ms
[8.586s][info][gc,cpu        ] GC(29) User=0.09s Sys=0.00s Real=0.10s
[9.055s][info][gc,marking    ] GC(26) Concurrent Mark From Roots 1349.207ms
[9.056s][info][gc,marking    ] GC(26) Concurrent Preclean
[9.056s][info][gc,marking    ] GC(26) Concurrent Preclean 0.130ms
[9.056s][info][gc,marking    ] GC(26) Concurrent Mark (7.706s, 9.056s) 1349.550ms
[9.056s][info][gc,start      ] GC(26) Pause Remark
[9.063s][info][gc,stringtable] GC(26) Cleaned string and symbol table, strings: 16147 processed, 0 removed, symbols: 102426 processed, 0 removed
[9.063s][info][gc            ] GC(26) Pause Remark 608M->608M(782M) 7.553ms
[9.063s][info][gc,cpu        ] GC(26) User=0.01s Sys=0.00s Real=0.01s
[9.066s][info][gc,marking    ] GC(26) Concurrent Rebuild Remembered Sets
[10.176s][info][gc,start      ] GC(30) Pause Young (Normal) (G1 Evacuation Pause)
[10.176s][info][gc,task       ] GC(30) Using 1 workers of 1 for evacuation
[10.215s][info][gc,phases     ] GC(30)   Pre Evacuate Collection Set: 0.0ms
[10.215s][info][gc,phases     ] GC(30)   Evacuate Collection Set: 37.7ms
[10.215s][info][gc,phases     ] GC(30)   Post Evacuate Collection Set: 1.1ms
[10.216s][info][gc,phases     ] GC(30)   Other: 0.3ms
[10.216s][info][gc,heap       ] GC(30) Eden regions: 34->0(84)
[10.216s][info][gc,heap       ] GC(30) Survivor regions: 8->6(6)
[10.216s][info][gc,heap       ] GC(30) Old regions: 580->597
[10.216s][info][gc,heap       ] GC(30) Humongous regions: 6->6
[10.216s][info][gc,metaspace  ] GC(30) Metaspace: 46771K->46771K(1091584K)
[10.216s][info][gc            ] GC(30) Pause Young (Normal) (G1 Evacuation Pause) 628M->609M(970M) 39.224ms
[10.216s][info][gc,cpu        ] GC(30) User=0.03s Sys=0.01s Real=0.04s
[10.798s][info][gc,marking    ] GC(26) Concurrent Rebuild Remembered Sets 1731.983ms
[10.799s][info][gc,start      ] GC(26) Pause Cleanup
[10.799s][info][gc            ] GC(26) Pause Cleanup 625M->625M(970M) 0.284ms
[10.799s][info][gc,cpu        ] GC(26) User=0.00s Sys=0.00s Real=0.00s
[10.799s][info][gc,marking    ] GC(26) Concurrent Cleanup for Next Mark
[10.810s][info][gc,marking    ] GC(26) Concurrent Cleanup for Next Mark 11.103ms
[10.810s][info][gc            ] GC(26) Concurrent Cycle 3106.525ms
[11.207s][info][gc,task       ] GC(31) Using 1 workers of 1 for full compaction
[11.207s][info][gc,start      ] GC(31) Pause Full (System.gc())
[11.207s][info][gc,phases,start] GC(31) Phase 1: Mark live objects
[11.261s][info][gc,stringtable ] GC(31) Cleaned string and symbol table, strings: 19626 processed, 207 removed, symbols: 118441 processed, 19 removed
[11.261s][info][gc,phases      ] GC(31) Phase 1: Mark live objects 53.586ms
[11.261s][info][gc,phases,start] GC(31) Phase 2: Prepare for compaction
[11.275s][info][gc,phases      ] GC(31) Phase 2: Prepare for compaction 13.472ms
[11.275s][info][gc,phases,start] GC(31) Phase 3: Adjust pointers
[11.304s][info][gc,phases      ] GC(31) Phase 3: Adjust pointers 29.590ms
[11.304s][info][gc,phases,start] GC(31) Phase 4: Compact heap
[11.318s][info][gc,phases      ] GC(31) Phase 4: Compact heap 13.697ms
[11.356s][info][gc,heap        ] GC(31) Eden regions: 28->0(18)
[11.356s][info][gc,heap        ] GC(31) Survivor regions: 6->0(6)
[11.356s][info][gc,heap        ] GC(31) Old regions: 597->21
[11.356s][info][gc,heap        ] GC(31) Humongous regions: 11->6
[11.356s][info][gc,metaspace   ] GC(31) Metaspace: 51366K->51366K(1095680K)
[11.356s][info][gc             ] GC(31) Pause Full (System.gc()) 641M->25M(90M) 148.729ms
[11.356s][info][gc,cpu         ] GC(31) User=0.13s Sys=0.02s Real=0.15s
[11.557s][info][gc,start       ] GC(32) Pause Young (Normal) (G1 Evacuation Pause)
[11.557s][info][gc,task        ] GC(32) Using 1 workers of 1 for evacuation
[11.560s][info][gc,phases      ] GC(32)   Pre Evacuate Collection Set: 0.0ms
[11.560s][info][gc,phases      ] GC(32)   Evacuate Collection Set: 2.2ms
[11.560s][info][gc,phases      ] GC(32)   Post Evacuate Collection Set: 0.1ms
[11.560s][info][gc,phases      ] GC(32)   Other: 0.3ms
[11.560s][info][gc,heap        ] GC(32) Eden regions: 18->0(20)
[11.560s][info][gc,heap        ] GC(32) Survivor regions: 0->1(3)
[11.560s][info][gc,heap        ] GC(32) Old regions: 21->21
[11.560s][info][gc,heap        ] GC(32) Humongous regions: 6->6
[11.560s][info][gc,metaspace   ] GC(32) Metaspace: 51948K->51948K(1095680K)
[11.560s][info][gc             ] GC(32) Pause Young (Normal) (G1 Evacuation Pause) 43M->26M(90M) 2.625ms
[11.560s][info][gc,cpu         ] GC(32) User=0.01s Sys=0.00s Real=0.00s
[12.031s][info][gc,start       ] GC(33) Pause Young (Normal) (G1 Evacuation Pause)
[12.031s][info][gc,task        ] GC(33) Using 1 workers of 1 for evacuation
[12.038s][info][gc,phases      ] GC(33)   Pre Evacuate Collection Set: 0.0ms
[12.038s][info][gc,phases      ] GC(33)   Evacuate Collection Set: 4.2ms
[12.038s][info][gc,phases      ] GC(33)   Post Evacuate Collection Set: 2.8ms
[12.038s][info][gc,phases      ] GC(33)   Other: 0.7ms
[12.038s][info][gc,heap        ] GC(33) Eden regions: 20->0(23)
[12.038s][info][gc,heap        ] GC(33) Survivor regions: 1->1(3)
[12.039s][info][gc,heap        ] GC(33) Old regions: 21->21
[12.039s][info][gc,heap        ] GC(33) Humongous regions: 6->6
[12.039s][info][gc,metaspace   ] GC(33) Metaspace: 56831K->56831K(1099776K)
[12.039s][info][gc             ] GC(33) Pause Young (Normal) (G1 Evacuation Pause) 46M->26M(90M) 7.755ms
[12.039s][info][gc,cpu         ] GC(33) User=0.01s Sys=0.00s Real=0.00s
[12.695s][info][gc,start       ] GC(34) Pause Young (Normal) (G1 Evacuation Pause)
[12.695s][info][gc,task        ] GC(34) Using 1 workers of 1 for evacuation
[12.702s][info][gc,phases      ] GC(34)   Pre Evacuate Collection Set: 0.0ms
[12.702s][info][gc,phases      ] GC(34)   Evacuate Collection Set: 6.8ms
[12.702s][info][gc,phases      ] GC(34)   Post Evacuate Collection Set: 0.4ms
[12.702s][info][gc,phases      ] GC(34)   Other: 0.2ms
[12.702s][info][gc,heap        ] GC(34) Eden regions: 23->0(24)
[12.702s][info][gc,heap        ] GC(34) Survivor regions: 1->3(3)
[12.702s][info][gc,heap        ] GC(34) Old regions: 21->21
[12.702s][info][gc,heap        ] GC(34) Humongous regions: 11->6
[12.702s][info][gc,metaspace   ] GC(34) Metaspace: 59824K->59824K(1103872K)
[12.702s][info][gc             ] GC(34) Pause Young (Normal) (G1 Evacuation Pause) 54M->28M(90M) 7.529ms
[12.702s][info][gc,cpu         ] GC(34) User=0.01s Sys=0.00s Real=0.00s
[13.001s][info][gc,start       ] GC(35) Pause Young (Normal) (G1 Evacuation Pause)
[13.001s][info][gc,task        ] GC(35) Using 1 workers of 1 for evacuation
[13.007s][info][gc,phases      ] GC(35)   Pre Evacuate Collection Set: 0.0ms
[13.007s][info][gc,phases      ] GC(35)   Evacuate Collection Set: 5.9ms
[13.007s][info][gc,phases      ] GC(35)   Post Evacuate Collection Set: 0.3ms
[13.007s][info][gc,phases      ] GC(35)   Other: 0.3ms
[13.007s][info][gc,heap        ] GC(35) Eden regions: 24->0(26)
[13.007s][info][gc,heap        ] GC(35) Survivor regions: 3->2(4)
[13.007s][info][gc,heap        ] GC(35) Old regions: 21->22
[13.007s][info][gc,heap        ] GC(35) Humongous regions: 6->6
[13.007s][info][gc,metaspace   ] GC(35) Metaspace: 59833K->59833K(1103872K)
[13.007s][info][gc             ] GC(35) Pause Young (Normal) (G1 Evacuation Pause) 52M->28M(90M) 6.545ms
[13.007s][info][gc,cpu         ] GC(35) User=0.00s Sys=0.00s Real=0.01s
[13.141s][info][gc,start       ] GC(36) Pause Young (Normal) (G1 Evacuation Pause)
[13.141s][info][gc,task        ] GC(36) Using 1 workers of 1 for evacuation
[13.146s][info][gc,phases      ] GC(36)   Pre Evacuate Collection Set: 0.0ms
[13.146s][info][gc,phases      ] GC(36)   Evacuate Collection Set: 4.3ms
[13.146s][info][gc,phases      ] GC(36)   Post Evacuate Collection Set: 0.4ms
[13.146s][info][gc,phases      ] GC(36)   Other: 0.2ms
[13.146s][info][gc,heap        ] GC(36) Eden regions: 26->0(38)
[13.146s][info][gc,heap        ] GC(36) Survivor regions: 2->2(4)
[13.146s][info][gc,heap        ] GC(36) Old regions: 22->22
[13.146s][info][gc,heap        ] GC(36) Humongous regions: 6->6
[13.146s][info][gc,metaspace   ] GC(36) Metaspace: 59859K->59859K(1103872K)
[13.146s][info][gc             ] GC(36) Pause Young (Normal) (G1 Evacuation Pause) 54M->28M(124M) 4.975ms
[13.146s][info][gc,cpu         ] GC(36) User=0.00s Sys=0.00s Real=0.01s
[13.318s][info][gc,start       ] GC(37) Pause Young (Normal) (G1 Evacuation Pause)
[13.319s][info][gc,task        ] GC(37) Using 1 workers of 1 for evacuation
[13.327s][info][gc,phases      ] GC(37)   Pre Evacuate Collection Set: 0.0ms
[13.327s][info][gc,phases      ] GC(37)   Evacuate Collection Set: 8.1ms
[13.327s][info][gc,phases      ] GC(37)   Post Evacuate Collection Set: 0.3ms
[13.327s][info][gc,phases      ] GC(37)   Other: 0.2ms
[13.327s][info][gc,heap        ] GC(37) Eden regions: 38->0(41)
[13.327s][info][gc,heap        ] GC(37) Survivor regions: 2->2(5)
[13.327s][info][gc,heap        ] GC(37) Old regions: 22->22
[13.327s][info][gc,heap        ] GC(37) Humongous regions: 6->6
[13.327s][info][gc,metaspace   ] GC(37) Metaspace: 59869K->59869K(1103872K)
[13.327s][info][gc             ] GC(37) Pause Young (Normal) (G1 Evacuation Pause) 66M->28M(124M) 8.709ms
[13.327s][info][gc,cpu         ] GC(37) User=0.01s Sys=0.00s Real=0.01s
[13.462s][info][gc,start       ] GC(38) Pause Young (Normal) (G1 Evacuation Pause)
[13.462s][info][gc,task        ] GC(38) Using 1 workers of 1 for evacuation
[13.466s][info][gc,phases      ] GC(38)   Pre Evacuate Collection Set: 0.0ms
[13.466s][info][gc,phases      ] GC(38)   Evacuate Collection Set: 4.1ms
[13.466s][info][gc,phases      ] GC(38)   Post Evacuate Collection Set: 0.3ms
[13.466s][info][gc,phases      ] GC(38)   Other: 0.2ms
[13.466s][info][gc,heap        ] GC(38) Eden regions: 41->0(43)
[13.466s][info][gc,heap        ] GC(38) Survivor regions: 2->2(6)
[13.466s][info][gc,heap        ] GC(38) Old regions: 22->22
[13.466s][info][gc,heap        ] GC(38) Humongous regions: 6->6
[13.466s][info][gc,metaspace   ] GC(38) Metaspace: 59875K->59875K(1103872K)
[13.466s][info][gc             ] GC(38) Pause Young (Normal) (G1 Evacuation Pause) 69M->28M(124M) 4.587ms
[13.466s][info][gc,cpu         ] GC(38) User=0.00s Sys=0.00s Real=0.00s
[13.548s][info][gc,start       ] GC(39) Pause Young (Normal) (G1 Evacuation Pause)
[13.548s][info][gc,task        ] GC(39) Using 1 workers of 1 for evacuation
[13.553s][info][gc,phases      ] GC(39)   Pre Evacuate Collection Set: 0.0ms
[13.553s][info][gc,phases      ] GC(39)   Evacuate Collection Set: 4.3ms
[13.553s][info][gc,phases      ] GC(39)   Post Evacuate Collection Set: 0.3ms
[13.553s][info][gc,phases      ] GC(39)   Other: 0.2ms
[13.553s][info][gc,heap        ] GC(39) Eden regions: 43->0(46)
[13.553s][info][gc,heap        ] GC(39) Survivor regions: 2->2(6)
[13.553s][info][gc,heap        ] GC(39) Old regions: 22->22
[13.553s][info][gc,heap        ] GC(39) Humongous regions: 6->6
[13.553s][info][gc,metaspace   ] GC(39) Metaspace: 59891K->59891K(1103872K)
[13.553s][info][gc             ] GC(39) Pause Young (Normal) (G1 Evacuation Pause) 71M->28M(124M) 4.800ms
[13.553s][info][gc,cpu         ] GC(39) User=0.00s Sys=0.00s Real=0.01s
[13.595s][info][gc,start       ] GC(40) Pause Young (Normal) (G1 Evacuation Pause)
[13.595s][info][gc,task        ] GC(40) Using 1 workers of 1 for evacuation
[13.600s][info][gc,phases      ] GC(40)   Pre Evacuate Collection Set: 0.0ms
[13.600s][info][gc,phases      ] GC(40)   Evacuate Collection Set: 4.2ms
[13.600s][info][gc,phases      ] GC(40)   Post Evacuate Collection Set: 0.3ms
[13.600s][info][gc,phases      ] GC(40)   Other: 0.1ms
[13.600s][info][gc,heap        ] GC(40) Eden regions: 46->0(48)
[13.600s][info][gc,heap        ] GC(40) Survivor regions: 2->2(6)
[13.600s][info][gc,heap        ] GC(40) Old regions: 22->22
[13.600s][info][gc,heap        ] GC(40) Humongous regions: 6->6
[13.600s][info][gc,metaspace   ] GC(40) Metaspace: 59891K->59891K(1103872K)
[13.600s][info][gc             ] GC(40) Pause Young (Normal) (G1 Evacuation Pause) 74M->28M(124M) 4.700ms
[13.600s][info][gc,cpu         ] GC(40) User=0.01s Sys=0.00s Real=0.00s
[13.652s][info][gc,start       ] GC(41) Pause Young (Normal) (G1 Evacuation Pause)
[13.652s][info][gc,task        ] GC(41) Using 1 workers of 1 for evacuation
[13.657s][info][gc,phases      ] GC(41)   Pre Evacuate Collection Set: 0.0ms
[13.657s][info][gc,phases      ] GC(41)   Evacuate Collection Set: 4.2ms
[13.657s][info][gc,phases      ] GC(41)   Post Evacuate Collection Set: 0.3ms
[13.657s][info][gc,phases      ] GC(41)   Other: 0.2ms
[13.657s][info][gc,heap        ] GC(41) Eden regions: 48->0(50)
[13.657s][info][gc,heap        ] GC(41) Survivor regions: 2->2(7)
[13.657s][info][gc,heap        ] GC(41) Old regions: 22->22
[13.657s][info][gc,heap        ] GC(41) Humongous regions: 6->6
[13.657s][info][gc,metaspace   ] GC(41) Metaspace: 59897K->59897K(1103872K)
[13.657s][info][gc             ] GC(41) Pause Young (Normal) (G1 Evacuation Pause) 76M->28M(124M) 4.775ms
[13.657s][info][gc,cpu         ] GC(41) User=0.00s Sys=0.00s Real=0.00s
[13.700s][info][gc,start       ] GC(42) Pause Young (Normal) (G1 Evacuation Pause)
[13.700s][info][gc,task        ] GC(42) Using 1 workers of 1 for evacuation
[13.705s][info][gc,phases      ] GC(42)   Pre Evacuate Collection Set: 0.0ms
[13.705s][info][gc,phases      ] GC(42)   Evacuate Collection Set: 4.2ms
[13.705s][info][gc,phases      ] GC(42)   Post Evacuate Collection Set: 0.3ms
[13.705s][info][gc,phases      ] GC(42)   Other: 0.1ms
[13.705s][info][gc,heap        ] GC(42) Eden regions: 50->0(52)
[13.705s][info][gc,heap        ] GC(42) Survivor regions: 2->2(7)
[13.705s][info][gc,heap        ] GC(42) Old regions: 22->22
[13.705s][info][gc,heap        ] GC(42) Humongous regions: 6->6
[13.705s][info][gc,metaspace   ] GC(42) Metaspace: 59897K->59897K(1103872K)
[13.705s][info][gc             ] GC(42) Pause Young (Normal) (G1 Evacuation Pause) 78M->28M(124M) 4.625ms
[13.705s][info][gc,cpu         ] GC(42) User=0.00s Sys=0.00s Real=0.01s
[13.751s][info][gc,start       ] GC(43) Pause Young (Normal) (G1 Evacuation Pause)
[13.751s][info][gc,task        ] GC(43) Using 1 workers of 1 for evacuation
[13.756s][info][gc,phases      ] GC(43)   Pre Evacuate Collection Set: 0.0ms
[13.756s][info][gc,phases      ] GC(43)   Evacuate Collection Set: 4.3ms
[13.756s][info][gc,phases      ] GC(43)   Post Evacuate Collection Set: 0.3ms
[13.756s][info][gc,phases      ] GC(43)   Other: 0.1ms
[13.756s][info][gc,heap        ] GC(43) Eden regions: 52->0(54)
[13.756s][info][gc,heap        ] GC(43) Survivor regions: 2->2(7)
[13.756s][info][gc,heap        ] GC(43) Old regions: 22->22
[13.756s][info][gc,heap        ] GC(43) Humongous regions: 6->6
[13.756s][info][gc,metaspace   ] GC(43) Metaspace: 59898K->59898K(1103872K)
[13.756s][info][gc             ] GC(43) Pause Young (Normal) (G1 Evacuation Pause) 80M->28M(124M) 4.801ms
[13.756s][info][gc,cpu         ] GC(43) User=0.00s Sys=0.00s Real=0.00s
[13.804s][info][gc,start       ] GC(44) Pause Young (Normal) (G1 Evacuation Pause)
[13.804s][info][gc,task        ] GC(44) Using 1 workers of 1 for evacuation
[13.808s][info][gc,phases      ] GC(44)   Pre Evacuate Collection Set: 0.0ms
[13.809s][info][gc,phases      ] GC(44)   Evacuate Collection Set: 4.2ms
[13.809s][info][gc,phases      ] GC(44)   Post Evacuate Collection Set: 0.4ms
[13.809s][info][gc,phases      ] GC(44)   Other: 0.1ms
[13.809s][info][gc,heap        ] GC(44) Eden regions: 54->0(63)
[13.809s][info][gc,heap        ] GC(44) Survivor regions: 2->2(7)
[13.809s][info][gc,heap        ] GC(44) Old regions: 22->22
[13.809s][info][gc,heap        ] GC(44) Humongous regions: 6->6
[13.809s][info][gc,metaspace   ] GC(44) Metaspace: 59898K->59898K(1103872K)
[13.809s][info][gc             ] GC(44) Pause Young (Normal) (G1 Evacuation Pause) 82M->28M(149M) 4.758ms
[13.809s][info][gc,cpu         ] GC(44) User=0.01s Sys=0.00s Real=0.00s
[13.875s][info][gc,start       ] GC(45) Pause Young (Normal) (G1 Evacuation Pause)
[13.875s][info][gc,task        ] GC(45) Using 1 workers of 1 for evacuation
[13.879s][info][gc,phases      ] GC(45)   Pre Evacuate Collection Set: 0.0ms
[13.879s][info][gc,phases      ] GC(45)   Evacuate Collection Set: 4.3ms
[13.879s][info][gc,phases      ] GC(45)   Post Evacuate Collection Set: 0.3ms
[13.879s][info][gc,phases      ] GC(45)   Other: 0.1ms
[13.879s][info][gc,heap        ] GC(45) Eden regions: 63->0(65)
[13.879s][info][gc,heap        ] GC(45) Survivor regions: 2->2(9)
[13.879s][info][gc,heap        ] GC(45) Old regions: 22->22
[13.879s][info][gc,heap        ] GC(45) Humongous regions: 6->6
[13.879s][info][gc,metaspace   ] GC(45) Metaspace: 59899K->59899K(1103872K)
[13.879s][info][gc             ] GC(45) Pause Young (Normal) (G1 Evacuation Pause) 91M->28M(149M) 4.799ms
[13.879s][info][gc,cpu         ] GC(45) User=0.00s Sys=0.00s Real=0.00s
[13.936s][info][gc,start       ] GC(46) Pause Young (Normal) (G1 Evacuation Pause)
[13.937s][info][gc,task        ] GC(46) Using 1 workers of 1 for evacuation
[13.943s][info][gc,phases      ] GC(46)   Pre Evacuate Collection Set: 0.0ms
[13.943s][info][gc,phases      ] GC(46)   Evacuate Collection Set: 5.9ms
[13.943s][info][gc,phases      ] GC(46)   Post Evacuate Collection Set: 0.3ms
[13.943s][info][gc,phases      ] GC(46)   Other: 0.1ms
[13.943s][info][gc,heap        ] GC(46) Eden regions: 65->0(68)
[13.943s][info][gc,heap        ] GC(46) Survivor regions: 2->2(9)
[13.943s][info][gc,heap        ] GC(46) Old regions: 22->22
[13.943s][info][gc,heap        ] GC(46) Humongous regions: 6->6
[13.943s][info][gc,metaspace   ] GC(46) Metaspace: 59900K->59900K(1103872K)
[13.943s][info][gc             ] GC(46) Pause Young (Normal) (G1 Evacuation Pause) 93M->28M(149M) 6.420ms
[13.943s][info][gc,cpu         ] GC(46) User=0.01s Sys=0.00s Real=0.01s
[14.013s][info][gc,start       ] GC(47) Pause Young (Normal) (G1 Evacuation Pause)
[14.013s][info][gc,task        ] GC(47) Using 1 workers of 1 for evacuation
[14.018s][info][gc,phases      ] GC(47)   Pre Evacuate Collection Set: 0.0ms
[14.018s][info][gc,phases      ] GC(47)   Evacuate Collection Set: 4.4ms
[14.018s][info][gc,phases      ] GC(47)   Post Evacuate Collection Set: 0.3ms
[14.018s][info][gc,phases      ] GC(47)   Other: 0.1ms
[14.018s][info][gc,heap        ] GC(47) Eden regions: 68->0(70)
[14.018s][info][gc,heap        ] GC(47) Survivor regions: 2->2(9)
[14.018s][info][gc,heap        ] GC(47) Old regions: 22->22
[14.018s][info][gc,heap        ] GC(47) Humongous regions: 6->6
[14.018s][info][gc,metaspace   ] GC(47) Metaspace: 59900K->59900K(1103872K)
[14.018s][info][gc             ] GC(47) Pause Young (Normal) (G1 Evacuation Pause) 96M->28M(149M) 4.886ms
[14.018s][info][gc,cpu         ] GC(47) User=0.01s Sys=0.00s Real=0.00s
[14.083s][info][gc,start       ] GC(48) Pause Young (Normal) (G1 Evacuation Pause)
[14.083s][info][gc,task        ] GC(48) Using 1 workers of 1 for evacuation
[14.088s][info][gc,phases      ] GC(48)   Pre Evacuate Collection Set: 0.0ms
[14.088s][info][gc,phases      ] GC(48)   Evacuate Collection Set: 4.3ms
[14.088s][info][gc,phases      ] GC(48)   Post Evacuate Collection Set: 0.6ms
[14.088s][info][gc,phases      ] GC(48)   Other: 0.1ms
[14.088s][info][gc,heap        ] GC(48) Eden regions: 70->0(97)
[14.088s][info][gc,heap        ] GC(48) Survivor regions: 2->2(9)
[14.088s][info][gc,heap        ] GC(48) Old regions: 22->22
[14.088s][info][gc,heap        ] GC(48) Humongous regions: 6->6
[14.088s][info][gc,metaspace   ] GC(48) Metaspace: 59902K->59902K(1103872K)
[14.088s][info][gc             ] GC(48) Pause Young (Normal) (G1 Evacuation Pause) 98M->28M(231M) 5.104ms
[14.088s][info][gc,cpu         ] GC(48) User=0.01s Sys=0.00s Real=0.00s
[14.200s][info][gc,start       ] GC(49) Pause Young (Normal) (G1 Evacuation Pause)
[14.200s][info][gc,task        ] GC(49) Using 1 workers of 1 for evacuation
[14.204s][info][gc,phases      ] GC(49)   Pre Evacuate Collection Set: 0.0ms
[14.204s][info][gc,phases      ] GC(49)   Evacuate Collection Set: 4.3ms
[14.204s][info][gc,phases      ] GC(49)   Post Evacuate Collection Set: 0.3ms
[14.204s][info][gc,phases      ] GC(49)   Other: 0.1ms
[14.204s][info][gc,heap        ] GC(49) Eden regions: 97->0(100)
[14.204s][info][gc,heap        ] GC(49) Survivor regions: 2->1(13)
[14.204s][info][gc,heap        ] GC(49) Old regions: 22->24
[14.204s][info][gc,heap        ] GC(49) Humongous regions: 6->6
[14.204s][info][gc,metaspace   ] GC(49) Metaspace: 59910K->59910K(1103872K)
[14.204s][info][gc             ] GC(49) Pause Young (Normal) (G1 Evacuation Pause) 125M->28M(231M) 4.788ms
[14.204s][info][gc,cpu         ] GC(49) User=0.00s Sys=0.00s Real=0.01s
[14.292s][info][gc,start       ] GC(50) Pause Young (Normal) (G1 Evacuation Pause)
[14.292s][info][gc,task        ] GC(50) Using 1 workers of 1 for evacuation
[14.293s][info][gc,phases      ] GC(50)   Pre Evacuate Collection Set: 0.0ms
[14.293s][info][gc,phases      ] GC(50)   Evacuate Collection Set: 1.0ms
[14.293s][info][gc,phases      ] GC(50)   Post Evacuate Collection Set: 0.2ms
[14.294s][info][gc,phases      ] GC(50)   Other: 0.1ms
[14.294s][info][gc,heap        ] GC(50) Eden regions: 100->0(106)
[14.294s][info][gc,heap        ] GC(50) Survivor regions: 1->1(13)
[14.294s][info][gc,heap        ] GC(50) Old regions: 24->24
[14.294s][info][gc,heap        ] GC(50) Humongous regions: 6->6
[14.294s][info][gc,metaspace   ] GC(50) Metaspace: 59911K->59911K(1103872K)
[14.294s][info][gc             ] GC(50) Pause Young (Normal) (G1 Evacuation Pause) 128M->28M(231M) 1.368ms
[14.294s][info][gc,cpu         ] GC(50) User=0.01s Sys=0.00s Real=0.00s
[14.389s][info][gc,start       ] GC(51) Pause Young (Normal) (G1 Evacuation Pause)
[14.389s][info][gc,task        ] GC(51) Using 1 workers of 1 for evacuation
[14.391s][info][gc,phases      ] GC(51)   Pre Evacuate Collection Set: 0.0ms
[14.391s][info][gc,phases      ] GC(51)   Evacuate Collection Set: 1.0ms
[14.391s][info][gc,phases      ] GC(51)   Post Evacuate Collection Set: 0.2ms
[14.391s][info][gc,phases      ] GC(51)   Other: 0.1ms
[14.391s][info][gc,heap        ] GC(51) Eden regions: 106->0(127)
[14.391s][info][gc,heap        ] GC(51) Survivor regions: 1->1(14)
[14.391s][info][gc,heap        ] GC(51) Old regions: 24->24
[14.391s][info][gc,heap        ] GC(51) Humongous regions: 6->6
[14.391s][info][gc,metaspace   ] GC(51) Metaspace: 59926K->59926K(1103872K)
[14.391s][info][gc             ] GC(51) Pause Young (Normal) (G1 Evacuation Pause) 134M->28M(231M) 1.346ms
[14.391s][info][gc,cpu         ] GC(51) User=0.00s Sys=0.00s Real=0.01s
[14.505s][info][gc,start       ] GC(52) Pause Young (Normal) (G1 Evacuation Pause)
[14.505s][info][gc,task        ] GC(52) Using 1 workers of 1 for evacuation
[14.507s][info][gc,phases      ] GC(52)   Pre Evacuate Collection Set: 0.0ms
[14.507s][info][gc,phases      ] GC(52)   Evacuate Collection Set: 1.0ms
[14.507s][info][gc,phases      ] GC(52)   Post Evacuate Collection Set: 0.2ms
[14.507s][info][gc,phases      ] GC(52)   Other: 0.2ms
[14.507s][info][gc,heap        ] GC(52) Eden regions: 127->0(137)
[14.507s][info][gc,heap        ] GC(52) Survivor regions: 1->1(16)
[14.507s][info][gc,heap        ] GC(52) Old regions: 24->25
[14.507s][info][gc,heap        ] GC(52) Humongous regions: 6->6
[14.507s][info][gc,metaspace   ] GC(52) Metaspace: 59926K->59926K(1103872K)
[14.507s][info][gc             ] GC(52) Pause Young (Normal) (G1 Evacuation Pause) 155M->28M(231M) 1.391ms
[14.507s][info][gc,cpu         ] GC(52) User=0.00s Sys=0.00s Real=0.00s
[14.630s][info][gc,start       ] GC(53) Pause Young (Normal) (G1 Evacuation Pause)
[14.630s][info][gc,task        ] GC(53) Using 1 workers of 1 for evacuation
[14.634s][info][gc,phases      ] GC(53)   Pre Evacuate Collection Set: 0.0ms
[14.634s][info][gc,phases      ] GC(53)   Evacuate Collection Set: 2.9ms
[14.634s][info][gc,phases      ] GC(53)   Post Evacuate Collection Set: 0.2ms
[14.634s][info][gc,phases      ] GC(53)   Other: 0.2ms
[14.634s][info][gc,heap        ] GC(53) Eden regions: 137->0(137)
[14.634s][info][gc,heap        ] GC(53) Survivor regions: 1->1(18)
[14.634s][info][gc,heap        ] GC(53) Old regions: 25->25
[14.634s][info][gc,heap        ] GC(53) Humongous regions: 6->6
[14.634s][info][gc,metaspace   ] GC(53) Metaspace: 59926K->59926K(1103872K)
[14.634s][info][gc             ] GC(53) Pause Young (Normal) (G1 Evacuation Pause) 165M->28M(231M) 3.400ms
[14.634s][info][gc,cpu         ] GC(53) User=0.01s Sys=0.00s Real=0.00s
[14.767s][info][gc,start       ] GC(54) Pause Young (Normal) (G1 Evacuation Pause)
[14.767s][info][gc,task        ] GC(54) Using 1 workers of 1 for evacuation
[14.768s][info][gc,phases      ] GC(54)   Pre Evacuate Collection Set: 0.0ms
[14.768s][info][gc,phases      ] GC(54)   Evacuate Collection Set: 1.0ms
[14.768s][info][gc,phases      ] GC(54)   Post Evacuate Collection Set: 0.2ms
[14.768s][info][gc,phases      ] GC(54)   Other: 0.2ms
[14.768s][info][gc,heap        ] GC(54) Eden regions: 137->0(137)
[14.768s][info][gc,heap        ] GC(54) Survivor regions: 1->1(18)
[14.768s][info][gc,heap        ] GC(54) Old regions: 25->25
[14.768s][info][gc,heap        ] GC(54) Humongous regions: 6->6
[14.768s][info][gc,metaspace   ] GC(54) Metaspace: 59927K->59927K(1103872K)
[14.769s][info][gc             ] GC(54) Pause Young (Normal) (G1 Evacuation Pause) 165M->28M(231M) 1.398ms
[14.769s][info][gc,cpu         ] GC(54) User=0.00s Sys=0.00s Real=0.00s
[14.895s][info][gc,start       ] GC(55) Pause Young (Normal) (G1 Evacuation Pause)
[14.895s][info][gc,task        ] GC(55) Using 1 workers of 1 for evacuation
[14.897s][info][gc,phases      ] GC(55)   Pre Evacuate Collection Set: 0.0ms
[14.897s][info][gc,phases      ] GC(55)   Evacuate Collection Set: 0.9ms
[14.897s][info][gc,phases      ] GC(55)   Post Evacuate Collection Set: 0.2ms
[14.897s][info][gc,phases      ] GC(55)   Other: 0.1ms
[14.897s][info][gc,heap        ] GC(55) Eden regions: 137->0(137)
[14.897s][info][gc,heap        ] GC(55) Survivor regions: 1->1(18)
[14.897s][info][gc,heap        ] GC(55) Old regions: 25->25
[14.897s][info][gc,heap        ] GC(55) Humongous regions: 6->6
[14.897s][info][gc,metaspace   ] GC(55) Metaspace: 59927K->59927K(1103872K)
[14.897s][info][gc             ] GC(55) Pause Young (Normal) (G1 Evacuation Pause) 165M->28M(231M) 1.311ms
[14.897s][info][gc,cpu         ] GC(55) User=0.01s Sys=0.01s Real=0.00s
[15.021s][info][gc,start       ] GC(56) Pause Young (Normal) (G1 Evacuation Pause)
[15.021s][info][gc,task        ] GC(56) Using 1 workers of 1 for evacuation
[15.022s][info][gc,phases      ] GC(56)   Pre Evacuate Collection Set: 0.0ms
[15.022s][info][gc,phases      ] GC(56)   Evacuate Collection Set: 0.9ms
[15.022s][info][gc,phases      ] GC(56)   Post Evacuate Collection Set: 0.2ms
[15.022s][info][gc,phases      ] GC(56)   Other: 0.2ms
[15.022s][info][gc,heap        ] GC(56) Eden regions: 137->0(137)
[15.022s][info][gc,heap        ] GC(56) Survivor regions: 1->1(18)
[15.022s][info][gc,heap        ] GC(56) Old regions: 25->25
[15.022s][info][gc,heap        ] GC(56) Humongous regions: 6->6
[15.022s][info][gc,metaspace   ] GC(56) Metaspace: 59927K->59927K(1103872K)
[15.022s][info][gc             ] GC(56) Pause Young (Normal) (G1 Evacuation Pause) 165M->28M(231M) 1.442ms
[15.022s][info][gc,cpu         ] GC(56) User=0.00s Sys=0.00s Real=0.01s
[15.430s][info][gc,start       ] GC(57) Pause Young (Normal) (G1 Evacuation Pause)
[15.430s][info][gc,task        ] GC(57) Using 1 workers of 1 for evacuation
[15.433s][info][gc,phases      ] GC(57)   Pre Evacuate Collection Set: 0.0ms
[15.433s][info][gc,phases      ] GC(57)   Evacuate Collection Set: 2.5ms
[15.433s][info][gc,phases      ] GC(57)   Post Evacuate Collection Set: 0.3ms
[15.433s][info][gc,phases      ] GC(57)   Other: 0.3ms
[15.433s][info][gc,heap        ] GC(57) Eden regions: 137->0(137)
[15.433s][info][gc,heap        ] GC(57) Survivor regions: 1->1(18)
[15.433s][info][gc,heap        ] GC(57) Old regions: 25->25
[15.433s][info][gc,heap        ] GC(57) Humongous regions: 6->6
[15.433s][info][gc,metaspace   ] GC(57) Metaspace: 60605K->60605K(1103872K)
[15.433s][info][gc             ] GC(57) Pause Young (Normal) (G1 Evacuation Pause) 165M->29M(231M) 3.216ms
[15.433s][info][gc,cpu         ] GC(57) User=0.00s Sys=0.00s Real=0.00s
[15.735s][info][gc,start       ] GC(58) Pause Young (Normal) (G1 Evacuation Pause)
[15.735s][info][gc,task        ] GC(58) Using 1 workers of 1 for evacuation
[15.737s][info][gc,phases      ] GC(58)   Pre Evacuate Collection Set: 0.0ms
[15.738s][info][gc,phases      ] GC(58)   Evacuate Collection Set: 2.3ms
[15.738s][info][gc,phases      ] GC(58)   Post Evacuate Collection Set: 0.3ms
[15.738s][info][gc,phases      ] GC(58)   Other: 0.2ms
[15.738s][info][gc,heap        ] GC(58) Eden regions: 137->0(137)
[15.738s][info][gc,heap        ] GC(58) Survivor regions: 1->1(18)
[15.738s][info][gc,heap        ] GC(58) Old regions: 25->25
[15.738s][info][gc,heap        ] GC(58) Humongous regions: 6->6
[15.738s][info][gc,metaspace   ] GC(58) Metaspace: 60605K->60605K(1103872K)
[15.738s][info][gc             ] GC(58) Pause Young (Normal) (G1 Evacuation Pause) 166M->29M(231M) 2.909ms
[15.738s][info][gc,cpu         ] GC(58) User=0.01s Sys=0.00s Real=0.00s
[15.968s][info][gc,start       ] GC(59) Pause Young (Normal) (G1 Evacuation Pause)
[15.969s][info][gc,task        ] GC(59) Using 1 workers of 1 for evacuation
[15.971s][info][gc,phases      ] GC(59)   Pre Evacuate Collection Set: 0.0ms
[15.971s][info][gc,phases      ] GC(59)   Evacuate Collection Set: 2.5ms
[15.971s][info][gc,phases      ] GC(59)   Post Evacuate Collection Set: 0.2ms
[15.971s][info][gc,phases      ] GC(59)   Other: 0.2ms
[15.971s][info][gc,heap        ] GC(59) Eden regions: 137->0(137)
[15.971s][info][gc,heap        ] GC(59) Survivor regions: 1->1(18)
[15.971s][info][gc,heap        ] GC(59) Old regions: 25->25
[15.971s][info][gc,heap        ] GC(59) Humongous regions: 6->6
[15.971s][info][gc,metaspace   ] GC(59) Metaspace: 60605K->60605K(1103872K)
[15.971s][info][gc             ] GC(59) Pause Young (Normal) (G1 Evacuation Pause) 166M->29M(231M) 3.023ms
[15.971s][info][gc,cpu         ] GC(59) User=0.00s Sys=0.00s Real=0.01s
[16.118s][info][gc,start       ] GC(60) Pause Young (Normal) (G1 Evacuation Pause)
[16.118s][info][gc,task        ] GC(60) Using 1 workers of 1 for evacuation
[16.121s][info][gc,phases      ] GC(60)   Pre Evacuate Collection Set: 0.0ms
[16.121s][info][gc,phases      ] GC(60)   Evacuate Collection Set: 2.5ms
[16.121s][info][gc,phases      ] GC(60)   Post Evacuate Collection Set: 0.2ms
[16.121s][info][gc,phases      ] GC(60)   Other: 0.2ms
[16.121s][info][gc,heap        ] GC(60) Eden regions: 137->0(137)
[16.121s][info][gc,heap        ] GC(60) Survivor regions: 1->1(18)
[16.121s][info][gc,heap        ] GC(60) Old regions: 25->25
[16.121s][info][gc,heap        ] GC(60) Humongous regions: 6->6
[16.121s][info][gc,metaspace   ] GC(60) Metaspace: 60736K->60736K(1103872K)
[16.121s][info][gc             ] GC(60) Pause Young (Normal) (G1 Evacuation Pause) 166M->29M(231M) 2.997ms
[16.121s][info][gc,cpu         ] GC(60) User=0.00s Sys=0.00s Real=0.00s
[16.243s][info][gc,start       ] GC(61) Pause Young (Normal) (G1 Evacuation Pause)
[16.243s][info][gc,task        ] GC(61) Using 1 workers of 1 for evacuation
[16.246s][info][gc,phases      ] GC(61)   Pre Evacuate Collection Set: 0.0ms
[16.246s][info][gc,phases      ] GC(61)   Evacuate Collection Set: 2.3ms
[16.246s][info][gc,phases      ] GC(61)   Post Evacuate Collection Set: 0.2ms
[16.246s][info][gc,phases      ] GC(61)   Other: 0.1ms
[16.246s][info][gc,heap        ] GC(61) Eden regions: 137->0(137)
[16.246s][info][gc,heap        ] GC(61) Survivor regions: 1->1(18)
[16.246s][info][gc,heap        ] GC(61) Old regions: 25->25
[16.246s][info][gc,heap        ] GC(61) Humongous regions: 6->6
[16.246s][info][gc,metaspace   ] GC(61) Metaspace: 60736K->60736K(1103872K)
[16.246s][info][gc             ] GC(61) Pause Young (Normal) (G1 Evacuation Pause) 166M->29M(231M) 2.809ms
[16.246s][info][gc,cpu         ] GC(61) User=0.00s Sys=0.00s Real=0.00s
[16.388s][info][gc,start       ] GC(62) Pause Young (Normal) (G1 Evacuation Pause)
[16.388s][info][gc,task        ] GC(62) Using 1 workers of 1 for evacuation
[16.391s][info][gc,phases      ] GC(62)   Pre Evacuate Collection Set: 0.0ms
[16.391s][info][gc,phases      ] GC(62)   Evacuate Collection Set: 2.4ms
[16.391s][info][gc,phases      ] GC(62)   Post Evacuate Collection Set: 0.3ms
[16.391s][info][gc,phases      ] GC(62)   Other: 0.1ms
[16.391s][info][gc,heap        ] GC(62) Eden regions: 137->0(137)
[16.391s][info][gc,heap        ] GC(62) Survivor regions: 1->1(18)
[16.391s][info][gc,heap        ] GC(62) Old regions: 25->25
[16.391s][info][gc,heap        ] GC(62) Humongous regions: 6->6
[16.391s][info][gc,metaspace   ] GC(62) Metaspace: 60738K->60738K(1103872K)
[16.391s][info][gc             ] GC(62) Pause Young (Normal) (G1 Evacuation Pause) 166M->29M(231M) 2.895ms
[16.391s][info][gc,cpu         ] GC(62) User=0.00s Sys=0.00s Real=0.01s
[16.519s][info][gc,start       ] GC(63) Pause Young (Normal) (G1 Evacuation Pause)
[16.519s][info][gc,task        ] GC(63) Using 1 workers of 1 for evacuation
[16.522s][info][gc,phases      ] GC(63)   Pre Evacuate Collection Set: 0.0ms
[16.522s][info][gc,phases      ] GC(63)   Evacuate Collection Set: 2.5ms
[16.522s][info][gc,phases      ] GC(63)   Post Evacuate Collection Set: 0.2ms
[16.522s][info][gc,phases      ] GC(63)   Other: 0.2ms
[16.522s][info][gc,heap        ] GC(63) Eden regions: 137->0(137)
[16.522s][info][gc,heap        ] GC(63) Survivor regions: 1->1(18)
[16.522s][info][gc,heap        ] GC(63) Old regions: 25->25
[16.522s][info][gc,heap        ] GC(63) Humongous regions: 6->6
[16.522s][info][gc,metaspace   ] GC(63) Metaspace: 60738K->60738K(1103872K)
[16.522s][info][gc             ] GC(63) Pause Young (Normal) (G1 Evacuation Pause) 166M->29M(231M) 3.007ms
[16.522s][info][gc,cpu         ] GC(63) User=0.00s Sys=0.00s Real=0.00s
[16.654s][info][gc,start       ] GC(64) Pause Young (Normal) (G1 Evacuation Pause)
[16.654s][info][gc,task        ] GC(64) Using 1 workers of 1 for evacuation
[16.657s][info][gc,phases      ] GC(64)   Pre Evacuate Collection Set: 0.0ms
[16.657s][info][gc,phases      ] GC(64)   Evacuate Collection Set: 2.4ms
[16.657s][info][gc,phases      ] GC(64)   Post Evacuate Collection Set: 0.2ms
[16.657s][info][gc,phases      ] GC(64)   Other: 0.1ms
[16.657s][info][gc,heap        ] GC(64) Eden regions: 137->0(137)
[16.657s][info][gc,heap        ] GC(64) Survivor regions: 1->1(18)
[16.657s][info][gc,heap        ] GC(64) Old regions: 25->25
[16.657s][info][gc,heap        ] GC(64) Humongous regions: 6->6
[16.657s][info][gc,metaspace   ] GC(64) Metaspace: 60738K->60738K(1103872K)
[16.657s][info][gc             ] GC(64) Pause Young (Normal) (G1 Evacuation Pause) 166M->29M(231M) 2.882ms
[16.657s][info][gc,cpu         ] GC(64) User=0.00s Sys=0.00s Real=0.00s
[16.777s][info][gc,start       ] GC(65) Pause Young (Normal) (G1 Evacuation Pause)
[16.777s][info][gc,task        ] GC(65) Using 1 workers of 1 for evacuation
[16.780s][info][gc,phases      ] GC(65)   Pre Evacuate Collection Set: 0.0ms
[16.780s][info][gc,phases      ] GC(65)   Evacuate Collection Set: 2.3ms
[16.780s][info][gc,phases      ] GC(65)   Post Evacuate Collection Set: 0.2ms
[16.780s][info][gc,phases      ] GC(65)   Other: 0.1ms
[16.780s][info][gc,heap        ] GC(65) Eden regions: 137->0(137)
[16.780s][info][gc,heap        ] GC(65) Survivor regions: 1->1(18)
[16.780s][info][gc,heap        ] GC(65) Old regions: 25->25
[16.780s][info][gc,heap        ] GC(65) Humongous regions: 6->6
[16.780s][info][gc,metaspace   ] GC(65) Metaspace: 60738K->60738K(1103872K)
[16.780s][info][gc             ] GC(65) Pause Young (Normal) (G1 Evacuation Pause) 166M->29M(231M) 2.818ms
[16.780s][info][gc,cpu         ] GC(65) User=0.00s Sys=0.00s Real=0.00s
[16.936s][info][gc,start       ] GC(66) Pause Young (Normal) (G1 Evacuation Pause)
[16.936s][info][gc,task        ] GC(66) Using 1 workers of 1 for evacuation
[16.939s][info][gc,phases      ] GC(66)   Pre Evacuate Collection Set: 0.0ms
[16.939s][info][gc,phases      ] GC(66)   Evacuate Collection Set: 2.7ms
[16.939s][info][gc,phases      ] GC(66)   Post Evacuate Collection Set: 0.2ms
[16.939s][info][gc,phases      ] GC(66)   Other: 0.3ms
[16.939s][info][gc,heap        ] GC(66) Eden regions: 137->0(137)
[16.939s][info][gc,heap        ] GC(66) Survivor regions: 1->1(18)
[16.939s][info][gc,heap        ] GC(66) Old regions: 25->25
[16.939s][info][gc,heap        ] GC(66) Humongous regions: 6->6
[16.939s][info][gc,metaspace   ] GC(66) Metaspace: 60738K->60738K(1103872K)
[16.939s][info][gc             ] GC(66) Pause Young (Normal) (G1 Evacuation Pause) 166M->29M(231M) 3.352ms
[16.939s][info][gc,cpu         ] GC(66) User=0.00s Sys=0.00s Real=0.00s
[17.069s][info][gc,start       ] GC(67) Pause Young (Normal) (G1 Evacuation Pause)
[17.069s][info][gc,task        ] GC(67) Using 1 workers of 1 for evacuation
[17.072s][info][gc,phases      ] GC(67)   Pre Evacuate Collection Set: 0.0ms
[17.072s][info][gc,phases      ] GC(67)   Evacuate Collection Set: 2.4ms
[17.072s][info][gc,phases      ] GC(67)   Post Evacuate Collection Set: 0.2ms
[17.072s][info][gc,phases      ] GC(67)   Other: 0.1ms
[17.072s][info][gc,heap        ] GC(67) Eden regions: 137->0(137)
[17.072s][info][gc,heap        ] GC(67) Survivor regions: 1->1(18)
[17.072s][info][gc,heap        ] GC(67) Old regions: 25->25
[17.072s][info][gc,heap        ] GC(67) Humongous regions: 6->6
[17.072s][info][gc,metaspace   ] GC(67) Metaspace: 60738K->60738K(1103872K)
[17.072s][info][gc             ] GC(67) Pause Young (Normal) (G1 Evacuation Pause) 166M->29M(231M) 2.857ms
[17.072s][info][gc,cpu         ] GC(67) User=0.00s Sys=0.00s Real=0.01s
[17.259s][info][gc,start       ] GC(68) Pause Young (Normal) (G1 Evacuation Pause)
[17.260s][info][gc,task        ] GC(68) Using 1 workers of 1 for evacuation
[17.263s][info][gc,phases      ] GC(68)   Pre Evacuate Collection Set: 0.0ms
[17.263s][info][gc,phases      ] GC(68)   Evacuate Collection Set: 2.6ms
[17.263s][info][gc,phases      ] GC(68)   Post Evacuate Collection Set: 0.3ms
[17.263s][info][gc,phases      ] GC(68)   Other: 0.2ms
[17.263s][info][gc,heap        ] GC(68) Eden regions: 137->0(137)
[17.263s][info][gc,heap        ] GC(68) Survivor regions: 1->1(18)
[17.263s][info][gc,heap        ] GC(68) Old regions: 25->25
[17.263s][info][gc,heap        ] GC(68) Humongous regions: 6->6
[17.263s][info][gc,metaspace   ] GC(68) Metaspace: 60768K->60768K(1103872K)
[17.263s][info][gc             ] GC(68) Pause Young (Normal) (G1 Evacuation Pause) 166M->29M(231M) 3.167ms
[17.263s][info][gc,cpu         ] GC(68) User=0.00s Sys=0.00s Real=0.01s
[17.384s][info][gc,start       ] GC(69) Pause Young (Normal) (G1 Evacuation Pause)
[17.384s][info][gc,task        ] GC(69) Using 1 workers of 1 for evacuation
[17.387s][info][gc,phases      ] GC(69)   Pre Evacuate Collection Set: 0.0ms
[17.387s][info][gc,phases      ] GC(69)   Evacuate Collection Set: 2.4ms
[17.387s][info][gc,phases      ] GC(69)   Post Evacuate Collection Set: 0.3ms
[17.387s][info][gc,phases      ] GC(69)   Other: 0.1ms
[17.387s][info][gc,heap        ] GC(69) Eden regions: 137->0(137)
[17.387s][info][gc,heap        ] GC(69) Survivor regions: 1->1(18)
[17.387s][info][gc,heap        ] GC(69) Old regions: 25->25
[17.387s][info][gc,heap        ] GC(69) Humongous regions: 6->6
[17.387s][info][gc,metaspace   ] GC(69) Metaspace: 60768K->60768K(1103872K)
[17.387s][info][gc             ] GC(69) Pause Young (Normal) (G1 Evacuation Pause) 166M->29M(231M) 2.933ms
[17.387s][info][gc,cpu         ] GC(69) User=0.01s Sys=0.00s Real=0.00s
[17.505s][info][gc,start       ] GC(70) Pause Young (Normal) (G1 Evacuation Pause)
[17.505s][info][gc,task        ] GC(70) Using 1 workers of 1 for evacuation
[17.508s][info][gc,phases      ] GC(70)   Pre Evacuate Collection Set: 0.0ms
[17.508s][info][gc,phases      ] GC(70)   Evacuate Collection Set: 2.4ms
[17.508s][info][gc,phases      ] GC(70)   Post Evacuate Collection Set: 0.2ms
[17.508s][info][gc,phases      ] GC(70)   Other: 0.2ms
[17.508s][info][gc,heap        ] GC(70) Eden regions: 137->0(137)
[17.508s][info][gc,heap        ] GC(70) Survivor regions: 1->1(18)
[17.508s][info][gc,heap        ] GC(70) Old regions: 25->25
[17.508s][info][gc,heap        ] GC(70) Humongous regions: 6->6
[17.508s][info][gc,metaspace   ] GC(70) Metaspace: 60768K->60768K(1103872K)
[17.508s][info][gc             ] GC(70) Pause Young (Normal) (G1 Evacuation Pause) 166M->29M(231M) 2.950ms
[17.508s][info][gc,cpu         ] GC(70) User=0.01s Sys=0.00s Real=0.00s
[17.627s][info][gc,start       ] GC(71) Pause Young (Normal) (G1 Evacuation Pause)
[17.627s][info][gc,task        ] GC(71) Using 1 workers of 1 for evacuation
[17.630s][info][gc,phases      ] GC(71)   Pre Evacuate Collection Set: 0.0ms
[17.630s][info][gc,phases      ] GC(71)   Evacuate Collection Set: 2.6ms
[17.630s][info][gc,phases      ] GC(71)   Post Evacuate Collection Set: 0.3ms
[17.630s][info][gc,phases      ] GC(71)   Other: 0.1ms
[17.630s][info][gc,heap        ] GC(71) Eden regions: 137->0(137)
[17.630s][info][gc,heap        ] GC(71) Survivor regions: 1->1(18)
[17.630s][info][gc,heap        ] GC(71) Old regions: 25->25
[17.630s][info][gc,heap        ] GC(71) Humongous regions: 6->6
[17.630s][info][gc,metaspace   ] GC(71) Metaspace: 60768K->60768K(1103872K)
[17.630s][info][gc             ] GC(71) Pause Young (Normal) (G1 Evacuation Pause) 166M->29M(231M) 3.036ms
[17.630s][info][gc,cpu         ] GC(71) User=0.00s Sys=0.00s Real=0.00s
[17.751s][info][gc,start       ] GC(72) Pause Young (Normal) (G1 Evacuation Pause)
[17.752s][info][gc,task        ] GC(72) Using 1 workers of 1 for evacuation
[17.754s][info][gc,phases      ] GC(72)   Pre Evacuate Collection Set: 0.0ms
[17.754s][info][gc,phases      ] GC(72)   Evacuate Collection Set: 2.5ms
[17.754s][info][gc,phases      ] GC(72)   Post Evacuate Collection Set: 0.3ms
[17.754s][info][gc,phases      ] GC(72)   Other: 0.2ms
[17.754s][info][gc,heap        ] GC(72) Eden regions: 137->0(137)
[17.755s][info][gc,heap        ] GC(72) Survivor regions: 1->1(18)
[17.755s][info][gc,heap        ] GC(72) Old regions: 25->25
[17.755s][info][gc,heap        ] GC(72) Humongous regions: 6->6
[17.755s][info][gc,metaspace   ] GC(72) Metaspace: 60768K->60768K(1103872K)
[17.755s][info][gc             ] GC(72) Pause Young (Normal) (G1 Evacuation Pause) 166M->29M(231M) 3.079ms
[17.755s][info][gc,cpu         ] GC(72) User=0.01s Sys=0.00s Real=0.00s
[17.873s][info][gc,start       ] GC(73) Pause Young (Normal) (G1 Evacuation Pause)
[17.873s][info][gc,task        ] GC(73) Using 1 workers of 1 for evacuation
[17.875s][info][gc,phases      ] GC(73)   Pre Evacuate Collection Set: 0.0ms
[17.875s][info][gc,phases      ] GC(73)   Evacuate Collection Set: 1.8ms
[17.875s][info][gc,phases      ] GC(73)   Post Evacuate Collection Set: 0.2ms
[17.875s][info][gc,phases      ] GC(73)   Other: 0.1ms
[17.875s][info][gc,heap        ] GC(73) Eden regions: 137->0(137)
[17.875s][info][gc,heap        ] GC(73) Survivor regions: 1->1(18)
[17.875s][info][gc,heap        ] GC(73) Old regions: 25->25
[17.875s][info][gc,heap        ] GC(73) Humongous regions: 6->6
[17.875s][info][gc,metaspace   ] GC(73) Metaspace: 60768K->60768K(1103872K)
[17.876s][info][gc             ] GC(73) Pause Young (Normal) (G1 Evacuation Pause) 166M->29M(231M) 2.302ms
[17.876s][info][gc,cpu         ] GC(73) User=0.00s Sys=0.00s Real=0.00s
[18.016s][info][gc,start       ] GC(74) Pause Young (Normal) (G1 Evacuation Pause)
[18.016s][info][gc,task        ] GC(74) Using 1 workers of 1 for evacuation
[18.018s][info][gc,phases      ] GC(74)   Pre Evacuate Collection Set: 0.0ms
[18.018s][info][gc,phases      ] GC(74)   Evacuate Collection Set: 1.8ms
[18.018s][info][gc,phases      ] GC(74)   Post Evacuate Collection Set: 0.3ms
[18.018s][info][gc,phases      ] GC(74)   Other: 0.2ms
[18.018s][info][gc,heap        ] GC(74) Eden regions: 137->0(137)
[18.018s][info][gc,heap        ] GC(74) Survivor regions: 1->1(18)
[18.018s][info][gc,heap        ] GC(74) Old regions: 25->25
[18.018s][info][gc,heap        ] GC(74) Humongous regions: 6->6
[18.018s][info][gc,metaspace   ] GC(74) Metaspace: 60768K->60768K(1103872K)
[18.018s][info][gc             ] GC(74) Pause Young (Normal) (G1 Evacuation Pause) 166M->29M(231M) 2.432ms
[18.018s][info][gc,cpu         ] GC(74) User=0.00s Sys=0.00s Real=0.00s
[18.221s][info][gc,start       ] GC(75) Pause Young (Normal) (G1 Evacuation Pause)
[18.221s][info][gc,task        ] GC(75) Using 1 workers of 1 for evacuation
[18.225s][info][gc,phases      ] GC(75)   Pre Evacuate Collection Set: 0.0ms
[18.225s][info][gc,phases      ] GC(75)   Evacuate Collection Set: 3.2ms
[18.225s][info][gc,phases      ] GC(75)   Post Evacuate Collection Set: 0.2ms
[18.225s][info][gc,phases      ] GC(75)   Other: 0.2ms
[18.225s][info][gc,heap        ] GC(75) Eden regions: 137->0(137)
[18.225s][info][gc,heap        ] GC(75) Survivor regions: 1->1(18)
[18.225s][info][gc,heap        ] GC(75) Old regions: 25->25
[18.225s][info][gc,heap        ] GC(75) Humongous regions: 6->6
[18.225s][info][gc,metaspace   ] GC(75) Metaspace: 60768K->60768K(1103872K)
[18.225s][info][gc             ] GC(75) Pause Young (Normal) (G1 Evacuation Pause) 166M->29M(231M) 3.655ms
[18.225s][info][gc,cpu         ] GC(75) User=0.00s Sys=0.00s Real=0.01s
[18.349s][info][gc,start       ] GC(76) Pause Young (Normal) (G1 Evacuation Pause)
[18.349s][info][gc,task        ] GC(76) Using 1 workers of 1 for evacuation
[18.351s][info][gc,phases      ] GC(76)   Pre Evacuate Collection Set: 0.0ms
[18.351s][info][gc,phases      ] GC(76)   Evacuate Collection Set: 1.6ms
[18.351s][info][gc,phases      ] GC(76)   Post Evacuate Collection Set: 0.2ms
[18.351s][info][gc,phases      ] GC(76)   Other: 0.1ms
[18.351s][info][gc,heap        ] GC(76) Eden regions: 137->0(137)
[18.351s][info][gc,heap        ] GC(76) Survivor regions: 1->1(18)
[18.351s][info][gc,heap        ] GC(76) Old regions: 25->25
[18.351s][info][gc,heap        ] GC(76) Humongous regions: 6->6
[18.351s][info][gc,metaspace   ] GC(76) Metaspace: 60768K->60768K(1103872K)
[18.351s][info][gc             ] GC(76) Pause Young (Normal) (G1 Evacuation Pause) 166M->29M(231M) 2.063ms
[18.351s][info][gc,cpu         ] GC(76) User=0.00s Sys=0.00s Real=0.01s
[18.478s][info][gc,start       ] GC(77) Pause Young (Normal) (G1 Evacuation Pause)
[18.478s][info][gc,task        ] GC(77) Using 1 workers of 1 for evacuation
[18.480s][info][gc,phases      ] GC(77)   Pre Evacuate Collection Set: 0.0ms
[18.480s][info][gc,phases      ] GC(77)   Evacuate Collection Set: 1.6ms
[18.480s][info][gc,phases      ] GC(77)   Post Evacuate Collection Set: 0.3ms
[18.480s][info][gc,phases      ] GC(77)   Other: 0.2ms
[18.480s][info][gc,heap        ] GC(77) Eden regions: 137->0(137)
[18.480s][info][gc,heap        ] GC(77) Survivor regions: 1->1(18)
[18.480s][info][gc,heap        ] GC(77) Old regions: 25->25
[18.480s][info][gc,heap        ] GC(77) Humongous regions: 6->6
[18.480s][info][gc,metaspace   ] GC(77) Metaspace: 60768K->60768K(1103872K)
[18.480s][info][gc             ] GC(77) Pause Young (Normal) (G1 Evacuation Pause) 166M->29M(231M) 2.161ms
[18.480s][info][gc,cpu         ] GC(77) User=0.00s Sys=0.00s Real=0.00s
[18.606s][info][gc,start       ] GC(78) Pause Young (Normal) (G1 Evacuation Pause)
[18.606s][info][gc,task        ] GC(78) Using 1 workers of 1 for evacuation
[18.608s][info][gc,phases      ] GC(78)   Pre Evacuate Collection Set: 0.0ms
[18.608s][info][gc,phases      ] GC(78)   Evacuate Collection Set: 1.5ms
[18.608s][info][gc,phases      ] GC(78)   Post Evacuate Collection Set: 0.2ms
[18.608s][info][gc,phases      ] GC(78)   Other: 0.3ms
[18.608s][info][gc,heap        ] GC(78) Eden regions: 137->0(137)
[18.608s][info][gc,heap        ] GC(78) Survivor regions: 1->1(18)
[18.608s][info][gc,heap        ] GC(78) Old regions: 25->25
[18.608s][info][gc,heap        ] GC(78) Humongous regions: 6->6
[18.608s][info][gc,metaspace   ] GC(78) Metaspace: 60768K->60768K(1103872K)
[18.608s][info][gc             ] GC(78) Pause Young (Normal) (G1 Evacuation Pause) 166M->29M(231M) 2.088ms
[18.608s][info][gc,cpu         ] GC(78) User=0.00s Sys=0.00s Real=0.00s
[18.735s][info][gc,start       ] GC(79) Pause Young (Normal) (G1 Evacuation Pause)
[18.735s][info][gc,task        ] GC(79) Using 1 workers of 1 for evacuation
[18.737s][info][gc,phases      ] GC(79)   Pre Evacuate Collection Set: 0.0ms
[18.737s][info][gc,phases      ] GC(79)   Evacuate Collection Set: 1.5ms
[18.737s][info][gc,phases      ] GC(79)   Post Evacuate Collection Set: 0.2ms
[18.737s][info][gc,phases      ] GC(79)   Other: 0.1ms
[18.737s][info][gc,heap        ] GC(79) Eden regions: 137->0(137)
[18.737s][info][gc,heap        ] GC(79) Survivor regions: 1->1(18)
[18.737s][info][gc,heap        ] GC(79) Old regions: 25->25
[18.737s][info][gc,heap        ] GC(79) Humongous regions: 6->6
[18.737s][info][gc,metaspace   ] GC(79) Metaspace: 60768K->60768K(1103872K)
[18.737s][info][gc             ] GC(79) Pause Young (Normal) (G1 Evacuation Pause) 166M->29M(231M) 1.950ms
[18.737s][info][gc,cpu         ] GC(79) User=0.00s Sys=0.00s Real=0.00s
[18.866s][info][gc,start       ] GC(80) Pause Young (Normal) (G1 Evacuation Pause)
[18.866s][info][gc,task        ] GC(80) Using 1 workers of 1 for evacuation
[18.868s][info][gc,phases      ] GC(80)   Pre Evacuate Collection Set: 0.0ms
[18.868s][info][gc,phases      ] GC(80)   Evacuate Collection Set: 1.6ms
[18.868s][info][gc,phases      ] GC(80)   Post Evacuate Collection Set: 0.2ms
[18.868s][info][gc,phases      ] GC(80)   Other: 0.1ms
[18.868s][info][gc,heap        ] GC(80) Eden regions: 137->0(137)
[18.868s][info][gc,heap        ] GC(80) Survivor regions: 1->1(18)
[18.868s][info][gc,heap        ] GC(80) Old regions: 25->25
[18.868s][info][gc,heap        ] GC(80) Humongous regions: 6->6
[18.868s][info][gc,metaspace   ] GC(80) Metaspace: 60768K->60768K(1103872K)
[18.868s][info][gc             ] GC(80) Pause Young (Normal) (G1 Evacuation Pause) 166M->29M(231M) 2.062ms
[18.868s][info][gc,cpu         ] GC(80) User=0.00s Sys=0.00s Real=0.00s
[20.651s][info][gc,start       ] GC(81) Pause Young (Normal) (G1 Evacuation Pause)
[20.651s][info][gc,task        ] GC(81) Using 1 workers of 1 for evacuation
[20.700s][info][gc,phases      ] GC(81)   Pre Evacuate Collection Set: 0.0ms
[20.700s][info][gc,phases      ] GC(81)   Evacuate Collection Set: 48.1ms
[20.700s][info][gc,phases      ] GC(81)   Post Evacuate Collection Set: 0.5ms
[20.700s][info][gc,phases      ] GC(81)   Other: 0.4ms
[20.700s][info][gc,heap        ] GC(81) Eden regions: 137->0(121)
[20.700s][info][gc,heap        ] GC(81) Survivor regions: 1->17(18)
[20.700s][info][gc,heap        ] GC(81) Old regions: 25->25
[20.700s][info][gc,heap        ] GC(81) Humongous regions: 17->12
[20.700s][info][gc,metaspace   ] GC(81) Metaspace: 62105K->62105K(1105920K)
[20.700s][info][gc             ] GC(81) Pause Young (Normal) (G1 Evacuation Pause) 177M->52M(231M) 49.081ms
[20.700s][info][gc,cpu         ] GC(81) User=0.05s Sys=0.00s Real=0.04s
[21.315s][info][gc,start       ] GC(82) Pause Young (Normal) (G1 Evacuation Pause)
[21.315s][info][gc,task        ] GC(82) Using 1 workers of 1 for evacuation
[21.408s][info][gc,phases      ] GC(82)   Pre Evacuate Collection Set: 0.0ms
[21.408s][info][gc,phases      ] GC(82)   Evacuate Collection Set: 92.5ms
[21.408s][info][gc,phases      ] GC(82)   Post Evacuate Collection Set: 0.5ms
[21.408s][info][gc,phases      ] GC(82)   Other: 0.2ms
[21.408s][info][gc,heap        ] GC(82) Eden regions: 116->0(16)
[21.408s][info][gc,heap        ] GC(82) Survivor regions: 17->17(17)
[21.408s][info][gc,heap        ] GC(82) Old regions: 25->43
[21.408s][info][gc,heap        ] GC(82) Humongous regions: 18->18
[21.408s][info][gc,metaspace   ] GC(82) Metaspace: 62366K->62366K(1105920K)
[21.409s][info][gc             ] GC(82) Pause Young (Normal) (G1 Evacuation Pause) 174M->75M(231M) 93.244ms
[21.409s][info][gc,cpu         ] GC(82) User=0.09s Sys=0.00s Real=0.09s
[21.517s][info][gc,start       ] GC(83) Pause Young (Normal) (G1 Evacuation Pause)
[21.517s][info][gc,task        ] GC(83) Using 1 workers of 1 for evacuation
[21.570s][info][gc,phases      ] GC(83)   Pre Evacuate Collection Set: 0.0ms
[21.570s][info][gc,phases      ] GC(83)   Evacuate Collection Set: 52.1ms
[21.570s][info][gc,phases      ] GC(83)   Post Evacuate Collection Set: 0.3ms
[21.570s][info][gc,phases      ] GC(83)   Other: 0.3ms
[21.570s][info][gc,heap        ] GC(83) Eden regions: 16->0(61)
[21.570s][info][gc,heap        ] GC(83) Survivor regions: 17->4(5)
[21.570s][info][gc,heap        ] GC(83) Old regions: 43->60
[21.570s][info][gc,heap        ] GC(83) Humongous regions: 21->21
[21.570s][info][gc,metaspace   ] GC(83) Metaspace: 62508K->62508K(1105920K)
[21.570s][info][gc             ] GC(83) Pause Young (Normal) (G1 Evacuation Pause) 94M->83M(231M) 52.889ms
[21.570s][info][gc,cpu         ] GC(83) User=0.05s Sys=0.00s Real=0.06s
[22.058s][info][gc,start       ] GC(84) Pause Young (Normal) (G1 Evacuation Pause)
[22.059s][info][gc,task        ] GC(84) Using 1 workers of 1 for evacuation
[22.120s][info][gc,phases      ] GC(84)   Pre Evacuate Collection Set: 0.0ms
[22.120s][info][gc,phases      ] GC(84)   Evacuate Collection Set: 60.3ms
[22.120s][info][gc,phases      ] GC(84)   Post Evacuate Collection Set: 0.4ms
[22.120s][info][gc,phases      ] GC(84)   Other: 0.6ms
[22.120s][info][gc,heap        ] GC(84) Eden regions: 61->0(44)
[22.120s][info][gc,heap        ] GC(84) Survivor regions: 4->9(9)
[22.120s][info][gc,heap        ] GC(84) Old regions: 60->78
[22.120s][info][gc,heap        ] GC(84) Humongous regions: 32->32
[22.120s][info][gc,metaspace   ] GC(84) Metaspace: 62542K->62542K(1105920K)
[22.120s][info][gc             ] GC(84) Pause Young (Normal) (G1 Evacuation Pause) 155M->117M(231M) 61.293ms
[22.120s][info][gc,cpu         ] GC(84) User=0.06s Sys=0.00s Real=0.06s
[22.422s][info][gc,start       ] GC(85) Pause Young (Concurrent Start) (G1 Humongous Allocation)
[22.422s][info][gc,task        ] GC(85) Using 1 workers of 1 for evacuation
[22.462s][info][gc,phases      ] GC(85)   Pre Evacuate Collection Set: 0.3ms
[22.462s][info][gc,phases      ] GC(85)   Evacuate Collection Set: 37.6ms
[22.462s][info][gc,phases      ] GC(85)   Post Evacuate Collection Set: 1.3ms
[22.462s][info][gc,phases      ] GC(85)   Other: 0.4ms
[22.462s][info][gc,heap        ] GC(85) Eden regions: 24->0(102)
[22.462s][info][gc,heap        ] GC(85) Survivor regions: 9->3(7)
[22.462s][info][gc,heap        ] GC(85) Old regions: 78->87
[22.462s][info][gc,heap        ] GC(85) Humongous regions: 32->32
[22.462s][info][gc,metaspace   ] GC(85) Metaspace: 62761K->62761K(1105920K)
[22.462s][info][gc             ] GC(85) Pause Young (Concurrent Start) (G1 Humongous Allocation) 140M->120M(478M) 39.591ms
[22.462s][info][gc,cpu         ] GC(85) User=0.04s Sys=0.00s Real=0.04s
[22.462s][info][gc             ] GC(86) Concurrent Cycle
[22.462s][info][gc,marking     ] GC(86) Concurrent Clear Claimed Marks
[22.462s][info][gc,marking     ] GC(86) Concurrent Clear Claimed Marks 0.283ms
[22.462s][info][gc,marking     ] GC(86) Concurrent Scan Root Regions
[22.464s][info][gc,marking     ] GC(86) Concurrent Scan Root Regions 2.204ms
[22.464s][info][gc,marking     ] GC(86) Concurrent Mark (22.464s)
[22.464s][info][gc,marking     ] GC(86) Concurrent Mark From Roots
[22.464s][info][gc,task        ] GC(86) Using 1 workers of 1 for marking
[22.793s][info][gc,marking     ] GC(86) Concurrent Mark From Roots 329.104ms
[22.794s][info][gc,marking     ] GC(86) Concurrent Preclean
[22.794s][info][gc,marking     ] GC(86) Concurrent Preclean 0.119ms
[22.794s][info][gc,marking     ] GC(86) Concurrent Mark (22.464s, 22.794s) 329.364ms
[22.796s][info][gc,start       ] GC(86) Pause Remark
[22.812s][info][gc,stringtable ] GC(86) Cleaned string and symbol table, strings: 22478 processed, 213 removed, symbols: 136649 processed, 14 removed
[22.812s][info][gc             ] GC(86) Pause Remark 152M->132M(478M) 15.933ms
[22.812s][info][gc,cpu         ] GC(86) User=0.02s Sys=0.00s Real=0.02s
[22.814s][info][gc,marking     ] GC(86) Concurrent Rebuild Remembered Sets
[23.047s][info][gc,marking     ] GC(86) Concurrent Rebuild Remembered Sets 232.835ms
[23.049s][info][gc,start       ] GC(86) Pause Cleanup
[23.050s][info][gc             ] GC(86) Pause Cleanup 167M->167M(478M) 0.178ms
[23.050s][info][gc,cpu         ] GC(86) User=0.00s Sys=0.00s Real=0.00s
[23.050s][info][gc,marking     ] GC(86) Concurrent Cleanup for Next Mark
[23.056s][info][gc,marking     ] GC(86) Concurrent Cleanup for Next Mark 6.643ms
[23.056s][info][gc             ] GC(86) Concurrent Cycle 594.491ms
[23.119s][info][gc,start       ] GC(87) Pause Young (Normal) (G1 Evacuation Pause)
[23.120s][info][gc,task        ] GC(87) Using 1 workers of 1 for evacuation
[23.162s][info][gc,phases      ] GC(87)   Pre Evacuate Collection Set: 0.0ms
[23.162s][info][gc,phases      ] GC(87)   Evacuate Collection Set: 41.7ms
[23.162s][info][gc,phases      ] GC(87)   Post Evacuate Collection Set: 0.5ms
[23.162s][info][gc,phases      ] GC(87)   Other: 0.2ms
[23.162s][info][gc,heap        ] GC(87) Eden regions: 88->0(100)
[23.162s][info][gc,heap        ] GC(87) Survivor regions: 3->12(12)
[23.162s][info][gc,heap        ] GC(87) Old regions: 87->87
[23.162s][info][gc,heap        ] GC(87) Humongous regions: 18->18
[23.162s][info][gc,metaspace   ] GC(87) Metaspace: 63021K->63021K(1105920K)
[23.162s][info][gc             ] GC(87) Pause Young (Normal) (G1 Evacuation Pause) 194M->114M(478M) 42.462ms
[23.162s][info][gc,cpu         ] GC(87) User=0.04s Sys=0.00s Real=0.04s
[23.424s][info][gc,start       ] GC(88) Pause Young (Normal) (G1 Evacuation Pause)
[23.424s][info][gc,task        ] GC(88) Using 1 workers of 1 for evacuation
[23.489s][info][gc,phases      ] GC(88)   Pre Evacuate Collection Set: 0.0ms
[23.489s][info][gc,phases      ] GC(88)   Evacuate Collection Set: 64.9ms
[23.489s][info][gc,phases      ] GC(88)   Post Evacuate Collection Set: 0.4ms
[23.489s][info][gc,phases      ] GC(88)   Other: 0.2ms
[23.489s][info][gc,heap        ] GC(88) Eden regions: 77->0(95)
[23.489s][info][gc,heap        ] GC(88) Survivor regions: 12->7(12)
[23.489s][info][gc,heap        ] GC(88) Old regions: 87->98
[23.489s][info][gc,heap        ] GC(88) Humongous regions: 23->23
[23.489s][info][gc,metaspace   ] GC(88) Metaspace: 63021K->63021K(1105920K)
[23.489s][info][gc             ] GC(88) Pause Young (Normal) (G1 Evacuation Pause) 196M->126M(478M) 65.681ms
[23.489s][info][gc,cpu         ] GC(88) User=0.07s Sys=0.00s Real=0.06s
[23.770s][info][gc,start       ] GC(89) Pause Young (Normal) (G1 Evacuation Pause)
[23.770s][info][gc,task        ] GC(89) Using 1 workers of 1 for evacuation
[23.813s][info][gc,phases      ] GC(89)   Pre Evacuate Collection Set: 0.0ms
[23.813s][info][gc,phases      ] GC(89)   Evacuate Collection Set: 42.3ms
[23.813s][info][gc,phases      ] GC(89)   Post Evacuate Collection Set: 0.3ms
[23.813s][info][gc,phases      ] GC(89)   Other: 0.3ms
[23.813s][info][gc,heap        ] GC(89) Eden regions: 78->0(107)
[23.813s][info][gc,heap        ] GC(89) Survivor regions: 7->6(11)
[23.813s][info][gc,heap        ] GC(89) Old regions: 98->104
[23.813s][info][gc,heap        ] GC(89) Humongous regions: 23->23
[23.813s][info][gc,metaspace   ] GC(89) Metaspace: 63022K->63022K(1105920K)
[23.813s][info][gc             ] GC(89) Pause Young (Normal) (G1 Evacuation Pause) 204M->130M(478M) 42.982ms
[23.813s][info][gc,cpu         ] GC(89) User=0.04s Sys=0.00s Real=0.05s
[24.199s][info][gc,start       ] GC(90) Pause Young (Normal) (G1 Evacuation Pause)
[24.200s][info][gc,task        ] GC(90) Using 1 workers of 1 for evacuation
[24.243s][info][gc,phases      ] GC(90)   Pre Evacuate Collection Set: 0.0ms
[24.243s][info][gc,phases      ] GC(90)   Evacuate Collection Set: 42.8ms
[24.243s][info][gc,phases      ] GC(90)   Post Evacuate Collection Set: 0.7ms
[24.243s][info][gc,phases      ] GC(90)   Other: 0.2ms
[24.243s][info][gc,heap        ] GC(90) Eden regions: 107->0(100)
[24.243s][info][gc,heap        ] GC(90) Survivor regions: 6->11(15)
[24.243s][info][gc,heap        ] GC(90) Old regions: 104->104
[24.243s][info][gc,heap        ] GC(90) Humongous regions: 23->23
[24.243s][info][gc,metaspace   ] GC(90) Metaspace: 63022K->63022K(1105920K)
[24.243s][info][gc             ] GC(90) Pause Young (Normal) (G1 Evacuation Pause) 237M->136M(558M) 43.770ms
[24.243s][info][gc,cpu         ] GC(90) User=0.04s Sys=0.00s Real=0.05s
[24.628s][info][gc,start       ] GC(91) Pause Young (Normal) (G1 Evacuation Pause)
[24.628s][info][gc,task        ] GC(91) Using 1 workers of 1 for evacuation
[24.700s][info][gc,phases      ] GC(91)   Pre Evacuate Collection Set: 0.0ms
[24.700s][info][gc,phases      ] GC(91)   Evacuate Collection Set: 71.0ms
[24.700s][info][gc,phases      ] GC(91)   Post Evacuate Collection Set: 0.5ms
[24.700s][info][gc,phases      ] GC(91)   Other: 0.2ms
[24.700s][info][gc,heap        ] GC(91) Eden regions: 73->0(115)
[24.700s][info][gc,heap        ] GC(91) Survivor regions: 11->5(11)
[24.700s][info][gc,heap        ] GC(91) Old regions: 104->114
[24.700s][info][gc,heap        ] GC(91) Humongous regions: 32->32
[24.700s][info][gc,metaspace   ] GC(91) Metaspace: 63022K->63022K(1105920K)
[24.700s][info][gc             ] GC(91) Pause Young (Normal) (G1 Evacuation Pause) 218M->149M(558M) 71.878ms
[24.700s][info][gc,cpu         ] GC(91) User=0.07s Sys=0.01s Real=0.07s
[25.989s][info][gc,start       ] GC(92) Pause Young (Normal) (G1 Evacuation Pause)
[25.989s][info][gc,task        ] GC(92) Using 1 workers of 1 for evacuation
[26.043s][info][gc,phases      ] GC(92)   Pre Evacuate Collection Set: 0.0ms
[26.044s][info][gc,phases      ] GC(92)   Evacuate Collection Set: 53.9ms
[26.044s][info][gc,phases      ] GC(92)   Post Evacuate Collection Set: 0.5ms
[26.044s][info][gc,phases      ] GC(92)   Other: 0.4ms
[26.044s][info][gc,heap        ] GC(92) Eden regions: 54->0(110)
[26.044s][info][gc,heap        ] GC(92) Survivor regions: 5->3(8)
[26.044s][info][gc,heap        ] GC(92) Old regions: 114->118
[26.044s][info][gc,heap        ] GC(92) Humongous regions: 37->37
[26.044s][info][gc,metaspace   ] GC(92) Metaspace: 63208K->63208K(1105920K)
[26.044s][info][gc             ] GC(92) Pause Young (Normal) (G1 Evacuation Pause) 208M->156M(558M) 55.012ms
[26.044s][info][gc,cpu         ] GC(92) User=0.05s Sys=0.00s Real=0.06s
[26.679s][info][gc,start       ] GC(93) Pause Young (Normal) (G1 Evacuation Pause)
[26.679s][info][gc,task        ] GC(93) Using 1 workers of 1 for evacuation
[26.738s][info][gc,phases      ] GC(93)   Pre Evacuate Collection Set: 0.0ms
[26.738s][info][gc,phases      ] GC(93)   Evacuate Collection Set: 58.4ms
[26.738s][info][gc,phases      ] GC(93)   Post Evacuate Collection Set: 0.5ms
[26.738s][info][gc,phases      ] GC(93)   Other: 0.3ms
[26.738s][info][gc,heap        ] GC(93) Eden regions: 110->0(114)
[26.738s][info][gc,heap        ] GC(93) Survivor regions: 3->15(15)
[26.738s][info][gc,heap        ] GC(93) Old regions: 118->124
[26.738s][info][gc,heap        ] GC(93) Humongous regions: 43->43
[26.738s][info][gc,metaspace   ] GC(93) Metaspace: 63212K->63212K(1105920K)
[26.738s][info][gc             ] GC(93) Pause Young (Normal) (G1 Evacuation Pause) 272M->180M(558M) 59.336ms
[26.738s][info][gc,cpu         ] GC(93) User=0.06s Sys=0.00s Real=0.06s
[27.109s][info][gc,start       ] GC(94) Pause Young (Normal) (G1 Evacuation Pause)
[27.109s][info][gc,task        ] GC(94) Using 1 workers of 1 for evacuation
[27.218s][info][gc,phases      ] GC(94)   Pre Evacuate Collection Set: 0.0ms
[27.218s][info][gc,phases      ] GC(94)   Evacuate Collection Set: 107.9ms
[27.218s][info][gc,phases      ] GC(94)   Post Evacuate Collection Set: 0.7ms
[27.218s][info][gc,phases      ] GC(94)   Other: 0.6ms
[27.218s][info][gc,heap        ] GC(94) Eden regions: 114->0(121)
[27.218s][info][gc,heap        ] GC(94) Survivor regions: 15->17(17)
[27.218s][info][gc,heap        ] GC(94) Old regions: 124->140
[27.218s][info][gc,heap        ] GC(94) Humongous regions: 51->51
[27.218s][info][gc,metaspace   ] GC(94) Metaspace: 63214K->63214K(1105920K)
[27.218s][info][gc             ] GC(94) Pause Young (Normal) (G1 Evacuation Pause) 302M->206M(621M) 109.464ms
[27.218s][info][gc,cpu         ] GC(94) User=0.11s Sys=0.00s Real=0.11s
[27.623s][info][gc,start       ] GC(95) Pause Young (Normal) (G1 Evacuation Pause)
[27.623s][info][gc,task        ] GC(95) Using 1 workers of 1 for evacuation
[27.762s][info][gc,phases      ] GC(95)   Pre Evacuate Collection Set: 0.0ms
[27.762s][info][gc,phases      ] GC(95)   Evacuate Collection Set: 138.2ms
[27.762s][info][gc,phases      ] GC(95)   Post Evacuate Collection Set: 0.5ms
[27.762s][info][gc,phases      ] GC(95)   Other: 0.3ms
[27.762s][info][gc,heap        ] GC(95) Eden regions: 121->0(115)
[27.762s][info][gc,heap        ] GC(95) Survivor regions: 17->18(18)
[27.762s][info][gc,heap        ] GC(95) Old regions: 140->170
[27.762s][info][gc,heap        ] GC(95) Humongous regions: 66->66
[27.762s][info][gc,metaspace   ] GC(95) Metaspace: 63293K->63293K(1105920K)
[27.762s][info][gc             ] GC(95) Pause Young (Normal) (G1 Evacuation Pause) 342M->252M(621M) 139.149ms
[27.762s][info][gc,cpu         ] GC(95) User=0.14s Sys=0.00s Real=0.14s
[28.112s][info][gc,start       ] GC(96) Pause Young (Normal) (G1 Evacuation Pause)
[28.112s][info][gc,task        ] GC(96) Using 1 workers of 1 for evacuation
[28.198s][info][gc,phases      ] GC(96)   Pre Evacuate Collection Set: 0.0ms
[28.198s][info][gc,phases      ] GC(96)   Evacuate Collection Set: 85.0ms
[28.198s][info][gc,phases      ] GC(96)   Post Evacuate Collection Set: 0.5ms
[28.198s][info][gc,phases      ] GC(96)   Other: 0.3ms
[28.198s][info][gc,heap        ] GC(96) Eden regions: 115->0(132)
[28.198s][info][gc,heap        ] GC(96) Survivor regions: 18->11(17)
[28.198s][info][gc,heap        ] GC(96) Old regions: 170->188
[28.198s][info][gc,heap        ] GC(96) Humongous regions: 74->74
[28.198s][info][gc,metaspace   ] GC(96) Metaspace: 63294K->63294K(1105920K)
[28.198s][info][gc             ] GC(96) Pause Young (Normal) (G1 Evacuation Pause) 375M->270M(621M) 85.957ms
[28.198s][info][gc,cpu         ] GC(96) User=0.08s Sys=0.00s Real=0.08s
[28.567s][info][gc,start       ] GC(97) Pause Young (Normal) (G1 Evacuation Pause)
[28.567s][info][gc,task        ] GC(97) Using 1 workers of 1 for evacuation
[28.631s][info][gc,phases      ] GC(97)   Pre Evacuate Collection Set: 0.0ms
[28.632s][info][gc,phases      ] GC(97)   Evacuate Collection Set: 63.7ms
[28.632s][info][gc,phases      ] GC(97)   Post Evacuate Collection Set: 0.4ms
[28.632s][info][gc,phases      ] GC(97)   Other: 0.2ms
[28.632s][info][gc,heap        ] GC(97) Eden regions: 132->0(143)
[28.632s][info][gc,heap        ] GC(97) Survivor regions: 11->9(18)
[28.632s][info][gc,heap        ] GC(97) Old regions: 188->198
[28.632s][info][gc,heap        ] GC(97) Humongous regions: 74->74
[28.632s][info][gc,metaspace   ] GC(97) Metaspace: 63295K->63295K(1105920K)
[28.632s][info][gc             ] GC(97) Pause Young (Normal) (G1 Evacuation Pause) 402M->278M(621M) 64.403ms
[28.632s][info][gc,cpu         ] GC(97) User=0.06s Sys=0.00s Real=0.07s
[28.895s][info][gc,start       ] GC(98) Pause Young (Concurrent Start) (G1 Humongous Allocation)
[28.895s][info][gc,task        ] GC(98) Using 1 workers of 1 for evacuation
[28.933s][info][gc,phases      ] GC(98)   Pre Evacuate Collection Set: 0.3ms
[28.933s][info][gc,phases      ] GC(98)   Evacuate Collection Set: 35.8ms
[28.933s][info][gc,phases      ] GC(98)   Post Evacuate Collection Set: 0.8ms
[28.933s][info][gc,phases      ] GC(98)   Other: 0.3ms
[28.933s][info][gc,heap        ] GC(98) Eden regions: 95->0(195)
[28.933s][info][gc,heap        ] GC(98) Survivor regions: 9->13(19)
[28.933s][info][gc,heap        ] GC(98) Old regions: 198->198
[28.933s][info][gc,heap        ] GC(98) Humongous regions: 74->74
[28.933s][info][gc,metaspace   ] GC(98) Metaspace: 63295K->63295K(1105920K)
[28.933s][info][gc             ] GC(98) Pause Young (Concurrent Start) (G1 Humongous Allocation) 373M->282M(747M) 37.255ms
[28.933s][info][gc,cpu         ] GC(98) User=0.04s Sys=0.00s Real=0.04s
[28.933s][info][gc             ] GC(99) Concurrent Cycle
[28.933s][info][gc,marking     ] GC(99) Concurrent Clear Claimed Marks
[28.933s][info][gc,marking     ] GC(99) Concurrent Clear Claimed Marks 0.290ms
[28.933s][info][gc,marking     ] GC(99) Concurrent Scan Root Regions
[28.950s][info][gc,marking     ] GC(99) Concurrent Scan Root Regions 16.647ms
[28.950s][info][gc,marking     ] GC(99) Concurrent Mark (28.950s)
[28.950s][info][gc,marking     ] GC(99) Concurrent Mark From Roots
[28.950s][info][gc,task        ] GC(99) Using 1 workers of 1 for marking
[29.401s][info][gc,marking     ] GC(99) Concurrent Mark From Roots 451.423ms
[29.401s][info][gc,marking     ] GC(99) Concurrent Preclean
[29.401s][info][gc,marking     ] GC(99) Concurrent Preclean 0.118ms
[29.401s][info][gc,marking     ] GC(99) Concurrent Mark (28.950s, 29.401s) 451.678ms
[29.404s][info][gc,start       ] GC(99) Pause Remark
[29.419s][info][gc,stringtable ] GC(99) Cleaned string and symbol table, strings: 22360 processed, 1 removed, symbols: 137214 processed, 0 removed
[29.419s][info][gc             ] GC(99) Pause Remark 344M->239M(747M) 15.368ms
[29.419s][info][gc,cpu         ] GC(99) User=0.01s Sys=0.00s Real=0.01s
[29.422s][info][gc,marking     ] GC(99) Concurrent Rebuild Remembered Sets
[29.830s][info][gc,marking     ] GC(99) Concurrent Rebuild Remembered Sets 407.817ms
[29.832s][info][gc,start       ] GC(99) Pause Cleanup
[29.832s][info][gc             ] GC(99) Pause Cleanup 275M->275M(747M) 0.251ms
[29.832s][info][gc,cpu         ] GC(99) User=0.00s Sys=0.00s Real=0.00s
[29.832s][info][gc,marking     ] GC(99) Concurrent Cleanup for Next Mark
[29.840s][info][gc,marking     ] GC(99) Concurrent Cleanup for Next Mark 8.209ms
[29.841s][info][gc             ] GC(99) Concurrent Cycle 907.856ms
[30.114s][info][gc,start       ] GC(100) Pause Young (Normal) (G1 Evacuation Pause)
[30.114s][info][gc,task        ] GC(100) Using 1 workers of 1 for evacuation
[30.217s][info][gc,phases      ] GC(100)   Pre Evacuate Collection Set: 0.0ms
[30.217s][info][gc,phases      ] GC(100)   Evacuate Collection Set: 102.0ms
[30.217s][info][gc,phases      ] GC(100)   Post Evacuate Collection Set: 0.6ms
[30.217s][info][gc,phases      ] GC(100)   Other: 0.3ms
[30.217s][info][gc,heap        ] GC(100) Eden regions: 88->0(110)
[30.217s][info][gc,heap        ] GC(100) Survivor regions: 13->11(13)
[30.217s][info][gc,heap        ] GC(100) Old regions: 149->156
[30.217s][info][gc,heap        ] GC(100) Humongous regions: 32->32
[30.217s][info][gc,metaspace   ] GC(100) Metaspace: 63295K->63295K(1105920K)
[30.217s][info][gc             ] GC(100) Pause Young (Normal) (G1 Evacuation Pause) 280M->197M(747M) 103.033ms
[30.217s][info][gc,cpu         ] GC(100) User=0.10s Sys=0.01s Real=0.10s
[30.710s][info][gc,start       ] GC(101) Pause Young (Normal) (G1 Evacuation Pause)
[30.710s][info][gc,task        ] GC(101) Using 1 workers of 1 for evacuation
[30.796s][info][gc,phases      ] GC(101)   Pre Evacuate Collection Set: 0.0ms
[30.796s][info][gc,phases      ] GC(101)   Evacuate Collection Set: 84.9ms
[30.796s][info][gc,phases      ] GC(101)   Post Evacuate Collection Set: 0.6ms
[30.796s][info][gc,phases      ] GC(101)   Other: 0.3ms
[30.796s][info][gc,heap        ] GC(101) Eden regions: 110->0(124)
[30.796s][info][gc,heap        ] GC(101) Survivor regions: 11->16(16)
[30.796s][info][gc,heap        ] GC(101) Old regions: 156->166
[30.796s][info][gc,heap        ] GC(101) Humongous regions: 38->38
[30.796s][info][gc,metaspace   ] GC(101) Metaspace: 63315K->63315K(1105920K)
[30.796s][info][gc             ] GC(101) Pause Young (Normal) (G1 Evacuation Pause) 313M->218M(747M) 85.824ms
[30.796s][info][gc,cpu         ] GC(101) User=0.09s Sys=0.00s Real=0.08s
[31.148s][info][gc,start       ] GC(102) Pause Young (Normal) (G1 Evacuation Pause)
[31.148s][info][gc,task        ] GC(102) Using 1 workers of 1 for evacuation
[31.255s][info][gc,phases      ] GC(102)   Pre Evacuate Collection Set: 0.0ms
[31.255s][info][gc,phases      ] GC(102)   Evacuate Collection Set: 106.4ms
[31.255s][info][gc,phases      ] GC(102)   Post Evacuate Collection Set: 0.5ms
[31.255s][info][gc,phases      ] GC(102)   Other: 0.3ms
[31.255s][info][gc,heap        ] GC(102) Eden regions: 124->0(129)
[31.255s][info][gc,heap        ] GC(102) Survivor regions: 16->18(18)
[31.255s][info][gc,heap        ] GC(102) Old regions: 166->184
[31.255s][info][gc,heap        ] GC(102) Humongous regions: 44->44
[31.255s][info][gc,metaspace   ] GC(102) Metaspace: 63319K->63319K(1105920K)
[31.255s][info][gc             ] GC(102) Pause Young (Normal) (G1 Evacuation Pause) 348M->244M(747M) 107.465ms
[31.255s][info][gc,cpu         ] GC(102) User=0.11s Sys=0.00s Real=0.11s
[31.570s][info][gc,start       ] GC(103) Pause Young (Normal) (G1 Evacuation Pause)
[31.571s][info][gc,task        ] GC(103) Using 1 workers of 1 for evacuation
[31.701s][info][gc,phases      ] GC(103)   Pre Evacuate Collection Set: 0.1ms
[31.701s][info][gc,phases      ] GC(103)   Evacuate Collection Set: 129.7ms
[31.701s][info][gc,phases      ] GC(103)   Post Evacuate Collection Set: 0.5ms
[31.701s][info][gc,phases      ] GC(103)   Other: 0.3ms
[31.701s][info][gc,heap        ] GC(103) Eden regions: 129->0(131)
[31.701s][info][gc,heap        ] GC(103) Survivor regions: 18->19(19)
[31.701s][info][gc,heap        ] GC(103) Old regions: 184->216
[31.701s][info][gc,heap        ] GC(103) Humongous regions: 61->61
[31.701s][info][gc,metaspace   ] GC(103) Metaspace: 63324K->63324K(1105920K)
[31.701s][info][gc             ] GC(103) Pause Young (Normal) (G1 Evacuation Pause) 390M->294M(747M) 130.628ms
[31.701s][info][gc,cpu         ] GC(103) User=0.13s Sys=0.00s Real=0.12s
[32.084s][info][gc,start       ] GC(104) Pause Young (Normal) (G1 Evacuation Pause)
[32.084s][info][gc,task        ] GC(104) Using 1 workers of 1 for evacuation
[32.173s][info][gc,phases      ] GC(104)   Pre Evacuate Collection Set: 0.0ms
[32.174s][info][gc,phases      ] GC(104)   Evacuate Collection Set: 88.4ms
[32.174s][info][gc,phases      ] GC(104)   Post Evacuate Collection Set: 0.9ms
[32.174s][info][gc,phases      ] GC(104)   Other: 0.3ms
[32.174s][info][gc,heap        ] GC(104) Eden regions: 131->0(139)
[32.174s][info][gc,heap        ] GC(104) Survivor regions: 19->12(19)
[32.174s][info][gc,heap        ] GC(104) Old regions: 216->235
[32.174s][info][gc,heap        ] GC(104) Humongous regions: 69->69
[32.174s][info][gc,metaspace   ] GC(104) Metaspace: 63324K->63324K(1105920K)
[32.174s][info][gc             ] GC(104) Pause Young (Normal) (G1 Evacuation Pause) 433M->314M(848M) 90.040ms
[32.174s][info][gc,cpu         ] GC(104) User=0.09s Sys=0.00s Real=0.09s
[32.619s][info][gc,start       ] GC(105) Pause Young (Normal) (G1 Evacuation Pause)
[32.619s][info][gc,task        ] GC(105) Using 1 workers of 1 for evacuation
[32.685s][info][gc,phases      ] GC(105)   Pre Evacuate Collection Set: 0.0ms
[32.685s][info][gc,phases      ] GC(105)   Evacuate Collection Set: 66.0ms
[32.685s][info][gc,phases      ] GC(105)   Post Evacuate Collection Set: 0.4ms
[32.685s][info][gc,phases      ] GC(105)   Other: 0.2ms
[32.685s][info][gc,heap        ] GC(105) Eden regions: 139->0(159)
[32.685s][info][gc,heap        ] GC(105) Survivor regions: 12->9(19)
[32.685s][info][gc,heap        ] GC(105) Old regions: 235->245
[32.685s][info][gc,heap        ] GC(105) Humongous regions: 69->69
[32.685s][info][gc,metaspace   ] GC(105) Metaspace: 63325K->63325K(1105920K)
[32.685s][info][gc             ] GC(105) Pause Young (Normal) (G1 Evacuation Pause) 453M->321M(848M) 66.769ms
[32.685s][info][gc,cpu         ] GC(105) User=0.07s Sys=0.00s Real=0.07s
[32.988s][info][gc,start       ] GC(106) Pause Young (Normal) (G1 Evacuation Pause)
[32.988s][info][gc,task        ] GC(106) Using 1 workers of 1 for evacuation
[33.059s][info][gc,phases      ] GC(106)   Pre Evacuate Collection Set: 0.0ms
[33.059s][info][gc,phases      ] GC(106)   Evacuate Collection Set: 70.9ms
[33.059s][info][gc,phases      ] GC(106)   Post Evacuate Collection Set: 0.6ms
[33.059s][info][gc,phases      ] GC(106)   Other: 0.2ms
[33.059s][info][gc,heap        ] GC(106) Eden regions: 84->0(148)
[33.059s][info][gc,heap        ] GC(106) Survivor regions: 9->6(12)
[33.059s][info][gc,heap        ] GC(106) Old regions: 245->253
[33.059s][info][gc,heap        ] GC(106) Humongous regions: 78->78
[33.059s][info][gc,metaspace   ] GC(106) Metaspace: 63326K->63326K(1105920K)
[33.059s][info][gc             ] GC(106) Pause Young (Normal) (G1 Evacuation Pause) 414M->335M(848M) 71.828ms
[33.059s][info][gc,cpu         ] GC(106) User=0.07s Sys=0.00s Real=0.07s
[34.077s][info][gc,start       ] GC(107) Pause Young (Normal) (G1 Evacuation Pause)
[34.077s][info][gc,task        ] GC(107) Using 1 workers of 1 for evacuation
[34.160s][info][gc,phases      ] GC(107)   Pre Evacuate Collection Set: 0.1ms
[34.160s][info][gc,phases      ] GC(107)   Evacuate Collection Set: 81.5ms
[34.160s][info][gc,phases      ] GC(107)   Post Evacuate Collection Set: 0.8ms
[34.160s][info][gc,phases      ] GC(107)   Other: 0.3ms
[34.160s][info][gc,heap        ] GC(107) Eden regions: 112->0(115)
[34.160s][info][gc,heap        ] GC(107) Survivor regions: 6->15(15)
[34.160s][info][gc,heap        ] GC(107) Old regions: 253->253
[34.160s][info][gc,heap        ] GC(107) Humongous regions: 94->89
[34.160s][info][gc,metaspace   ] GC(107) Metaspace: 63401K->63401K(1105920K)
[34.160s][info][gc             ] GC(107) Pause Young (Normal) (G1 Evacuation Pause) 463M->355M(848M) 82.759ms
[34.160s][info][gc,cpu         ] GC(107) User=0.08s Sys=0.00s Real=0.08s
[34.654s][info][gc,start       ] GC(108) Pause Young (Normal) (G1 Evacuation Pause)
[34.655s][info][gc,task        ] GC(108) Using 1 workers of 1 for evacuation
[34.799s][info][gc,phases      ] GC(108)   Pre Evacuate Collection Set: 0.1ms
[34.799s][info][gc,phases      ] GC(108)   Evacuate Collection Set: 143.7ms
[34.799s][info][gc,phases      ] GC(108)   Post Evacuate Collection Set: 0.8ms
[34.799s][info][gc,phases      ] GC(108)   Other: 0.4ms
[34.799s][info][gc,heap        ] GC(108) Eden regions: 115->0(73)
[34.799s][info][gc,heap        ] GC(108) Survivor regions: 15->17(17)
[34.799s][info][gc,heap        ] GC(108) Old regions: 253->283
[34.799s][info][gc,heap        ] GC(108) Humongous regions: 105->105
[34.799s][info][gc,metaspace   ] GC(108) Metaspace: 63406K->63406K(1105920K)
[34.799s][info][gc             ] GC(108) Pause Young (Normal) (G1 Evacuation Pause) 486M->403M(914M) 145.031ms
[34.799s][info][gc,cpu         ] GC(108) User=0.14s Sys=0.00s Real=0.14s
[35.016s][info][gc,start       ] GC(109) Pause Young (Normal) (G1 Evacuation Pause)
[35.016s][info][gc,task        ] GC(109) Using 1 workers of 1 for evacuation
[35.083s][info][gc,phases      ] GC(109)   Pre Evacuate Collection Set: 0.1ms
[35.083s][info][gc,phases      ] GC(109)   Evacuate Collection Set: 66.7ms
[35.083s][info][gc,phases      ] GC(109)   Post Evacuate Collection Set: 0.4ms
[35.083s][info][gc,phases      ] GC(109)   Other: 0.2ms
[35.083s][info][gc,heap        ] GC(109) Eden regions: 73->0(73)
[35.083s][info][gc,heap        ] GC(109) Survivor regions: 17->9(12)
[35.083s][info][gc,heap        ] GC(109) Old regions: 283->300
[35.083s][info][gc,heap        ] GC(109) Humongous regions: 111->111
[35.083s][info][gc,metaspace   ] GC(109) Metaspace: 63406K->63406K(1105920K)
[35.083s][info][gc             ] GC(109) Pause Young (Normal) (G1 Evacuation Pause) 482M->417M(914M) 67.425ms
[35.083s][info][gc,cpu         ] GC(109) User=0.07s Sys=0.00s Real=0.07s
[35.199s][info][gc,start       ] GC(110) Pause Young (Concurrent Start) (G1 Humongous Allocation)
[35.199s][info][gc,task        ] GC(110) Using 1 workers of 1 for evacuation
[35.232s][info][gc,phases      ] GC(110)   Pre Evacuate Collection Set: 0.4ms
[35.232s][info][gc,phases      ] GC(110)   Evacuate Collection Set: 31.6ms
[35.232s][info][gc,phases      ] GC(110)   Post Evacuate Collection Set: 0.3ms
[35.232s][info][gc,phases      ] GC(110)   Other: 0.5ms
[35.232s][info][gc,heap        ] GC(110) Eden regions: 44->0(134)
[35.232s][info][gc,heap        ] GC(110) Survivor regions: 9->5(11)
[35.232s][info][gc,heap        ] GC(110) Old regions: 300->308
[35.232s][info][gc,heap        ] GC(110) Humongous regions: 111->111
[35.232s][info][gc,metaspace   ] GC(110) Metaspace: 63406K->63406K(1105920K)
[35.232s][info][gc             ] GC(110) Pause Young (Concurrent Start) (G1 Humongous Allocation) 461M->421M(914M) 32.751ms
[35.232s][info][gc,cpu         ] GC(110) User=0.04s Sys=0.00s Real=0.04s
[35.232s][info][gc             ] GC(111) Concurrent Cycle
[35.232s][info][gc,marking     ] GC(111) Concurrent Clear Claimed Marks
[35.232s][info][gc,marking     ] GC(111) Concurrent Clear Claimed Marks 0.289ms
[35.232s][info][gc,marking     ] GC(111) Concurrent Scan Root Regions
[35.240s][info][gc,marking     ] GC(111) Concurrent Scan Root Regions 7.340ms
[35.240s][info][gc,marking     ] GC(111) Concurrent Mark (35.240s)
[35.240s][info][gc,marking     ] GC(111) Concurrent Mark From Roots
[35.240s][info][gc,task        ] GC(111) Using 1 workers of 1 for marking
[35.695s][info][gc,marking     ] GC(111) Concurrent Mark From Roots 455.703ms
[35.696s][info][gc,marking     ] GC(111) Concurrent Preclean
[35.696s][info][gc,marking     ] GC(111) Concurrent Preclean 0.097ms
[35.696s][info][gc,marking     ] GC(111) Concurrent Mark (35.240s, 35.696s) 455.956ms
[35.698s][info][gc,start       ] GC(111) Pause Remark
[35.713s][info][gc,stringtable ] GC(111) Cleaned string and symbol table, strings: 22396 processed, 10 removed, symbols: 137238 processed, 0 removed
[35.714s][info][gc             ] GC(111) Pause Remark 502M->312M(914M) 15.755ms
[35.714s][info][gc,cpu         ] GC(111) User=0.02s Sys=0.00s Real=0.02s
[35.715s][info][gc,marking     ] GC(111) Concurrent Rebuild Remembered Sets
[36.051s][info][gc,start       ] GC(112) Pause Young (Normal) (G1 Evacuation Pause)
[36.051s][info][gc,task        ] GC(112) Using 1 workers of 1 for evacuation
[36.112s][info][gc,phases      ] GC(112)   Pre Evacuate Collection Set: 0.0ms
[36.112s][info][gc,phases      ] GC(112)   Evacuate Collection Set: 60.1ms
[36.112s][info][gc,phases      ] GC(112)   Post Evacuate Collection Set: 0.4ms
[36.112s][info][gc,phases      ] GC(112)   Other: 0.3ms
[36.112s][info][gc,heap        ] GC(112) Eden regions: 134->0(113)
[36.112s][info][gc,heap        ] GC(112) Survivor regions: 5->13(18)
[36.112s][info][gc,heap        ] GC(112) Old regions: 212->212
[36.112s][info][gc,heap        ] GC(112) Humongous regions: 22->22
[36.112s][info][gc,metaspace   ] GC(112) Metaspace: 63407K->63407K(1105920K)
[36.112s][info][gc             ] GC(112) Pause Young (Normal) (G1 Evacuation Pause) 370M->245M(914M) 61.004ms
[36.112s][info][gc,cpu         ] GC(112) User=0.06s Sys=0.00s Real=0.06s
[36.165s][info][gc,marking     ] GC(111) Concurrent Rebuild Remembered Sets 449.376ms
[36.167s][info][gc,start       ] GC(111) Pause Cleanup
[36.167s][info][gc             ] GC(111) Pause Cleanup 254M->254M(914M) 0.278ms
[36.167s][info][gc,cpu         ] GC(111) User=0.00s Sys=0.00s Real=0.00s
[36.167s][info][gc,marking     ] GC(111) Concurrent Cleanup for Next Mark
[36.173s][info][gc,marking     ] GC(111) Concurrent Cleanup for Next Mark 5.568ms
[36.173s][info][gc             ] GC(111) Concurrent Cycle 940.724ms
[36.516s][info][gc,start       ] GC(113) Pause Young (Normal) (G1 Evacuation Pause)
[36.516s][info][gc,task        ] GC(113) Using 1 workers of 1 for evacuation
[36.603s][info][gc,phases      ] GC(113)   Pre Evacuate Collection Set: 0.0ms
[36.603s][info][gc,phases      ] GC(113)   Evacuate Collection Set: 85.7ms
[36.603s][info][gc,phases      ] GC(113)   Post Evacuate Collection Set: 0.6ms
[36.603s][info][gc,phases      ] GC(113)   Other: 0.3ms
[36.603s][info][gc,heap        ] GC(113) Eden regions: 113->0(41)
[36.603s][info][gc,heap        ] GC(113) Survivor regions: 13->8(16)
[36.603s][info][gc,heap        ] GC(113) Old regions: 212->223
[36.603s][info][gc,heap        ] GC(113) Humongous regions: 31->31
[36.603s][info][gc,metaspace   ] GC(113) Metaspace: 63411K->63411K(1105920K)
[36.603s][info][gc             ] GC(113) Pause Young (Normal) (G1 Evacuation Pause) 367M->259M(914M) 86.775ms
[36.603s][info][gc,cpu         ] GC(113) User=0.08s Sys=0.00s Real=0.09s
[36.744s][info][gc,start       ] GC(114) Pause Young (Normal) (G1 Evacuation Pause)
[36.744s][info][gc,task        ] GC(114) Using 1 workers of 1 for evacuation
[36.794s][info][gc,phases      ] GC(114)   Pre Evacuate Collection Set: 0.0ms
[36.794s][info][gc,phases      ] GC(114)   Evacuate Collection Set: 49.0ms
[36.794s][info][gc,phases      ] GC(114)   Post Evacuate Collection Set: 0.8ms
[36.794s][info][gc,phases      ] GC(114)   Other: 0.3ms
[36.794s][info][gc,heap        ] GC(114) Eden regions: 41->0(115)
[36.794s][info][gc,heap        ] GC(114) Survivor regions: 8->3(7)
[36.794s][info][gc,heap        ] GC(114) Old regions: 223->230
[36.794s][info][gc,heap        ] GC(114) Humongous regions: 31->31
[36.794s][info][gc,metaspace   ] GC(114) Metaspace: 63411K->63411K(1105920K)
[36.794s][info][gc             ] GC(114) Pause Young (Normal) (G1 Evacuation Pause) 300M->262M(982M) 50.196ms
[36.794s][info][gc,cpu         ] GC(114) User=0.05s Sys=0.00s Real=0.05s
[37.526s][info][gc,start       ] GC(115) Pause Young (Normal) (G1 Evacuation Pause)
[37.526s][info][gc,task        ] GC(115) Using 1 workers of 1 for evacuation
[37.607s][info][gc,phases      ] GC(115)   Pre Evacuate Collection Set: 0.0ms
[37.607s][info][gc,phases      ] GC(115)   Evacuate Collection Set: 80.5ms
[37.607s][info][gc,phases      ] GC(115)   Post Evacuate Collection Set: 0.5ms
[37.607s][info][gc,phases      ] GC(115)   Other: 0.3ms
[37.607s][info][gc,heap        ] GC(115) Eden regions: 96->0(114)
[37.607s][info][gc,heap        ] GC(115) Survivor regions: 3->13(13)
[37.607s][info][gc,heap        ] GC(115) Old regions: 230->240
[37.607s][info][gc,heap        ] GC(115) Humongous regions: 53->53
[37.607s][info][gc,metaspace   ] GC(115) Metaspace: 63435K->63435K(1105920K)
[37.608s][info][gc             ] GC(115) Pause Young (Normal) (G1 Evacuation Pause) 380M->304M(982M) 81.442ms
[37.608s][info][gc,cpu         ] GC(115) User=0.08s Sys=0.00s Real=0.08s
[37.891s][info][gc,start       ] GC(116) Pause Young (Normal) (G1 Evacuation Pause)
[37.892s][info][gc,task        ] GC(116) Using 1 workers of 1 for evacuation
[38.040s][info][gc,phases      ] GC(116)   Pre Evacuate Collection Set: 0.0ms
[38.040s][info][gc,phases      ] GC(116)   Evacuate Collection Set: 147.4ms
[38.040s][info][gc,phases      ] GC(116)   Post Evacuate Collection Set: 0.6ms
[38.040s][info][gc,phases      ] GC(116)   Other: 0.3ms
[38.040s][info][gc,heap        ] GC(116) Eden regions: 114->0(108)
[38.040s][info][gc,heap        ] GC(116) Survivor regions: 13->16(16)
[38.040s][info][gc,heap        ] GC(116) Old regions: 240->261
[38.040s][info][gc,heap        ] GC(116) Humongous regions: 64->64
[38.040s][info][gc,metaspace   ] GC(116) Metaspace: 63439K->63439K(1105920K)
[38.040s][info][gc             ] GC(116) Pause Young (Normal) (G1 Evacuation Pause) 429M->339M(982M) 148.321ms
[38.040s][info][gc,cpu         ] GC(116) User=0.15s Sys=0.00s Real=0.14s
[38.357s][info][gc,start       ] GC(117) Pause Young (Normal) (G1 Evacuation Pause)
[38.358s][info][gc,task        ] GC(117) Using 1 workers of 1 for evacuation
[38.436s][info][gc,phases      ] GC(117)   Pre Evacuate Collection Set: 0.1ms
[38.436s][info][gc,phases      ] GC(117)   Evacuate Collection Set: 78.2ms
[38.436s][info][gc,phases      ] GC(117)   Post Evacuate Collection Set: 0.4ms
[38.436s][info][gc,phases      ] GC(117)   Other: 0.4ms
[38.436s][info][gc,heap        ] GC(117) Eden regions: 108->0(121)
[38.436s][info][gc,heap        ] GC(117) Survivor regions: 16->10(16)
[38.436s][info][gc,heap        ] GC(117) Old regions: 261->277
[38.436s][info][gc,heap        ] GC(117) Humongous regions: 69->69
[38.436s][info][gc,metaspace   ] GC(117) Metaspace: 63439K->63439K(1105920K)
[38.436s][info][gc             ] GC(117) Pause Young (Normal) (G1 Evacuation Pause) 452M->354M(982M) 79.161ms
[38.436s][info][gc,cpu         ] GC(117) User=0.08s Sys=0.00s Real=0.08s
[38.771s][info][gc,start       ] GC(118) Pause Young (Normal) (G1 Evacuation Pause)
[38.771s][info][gc,task        ] GC(118) Using 1 workers of 1 for evacuation
[38.824s][info][gc,phases      ] GC(118)   Pre Evacuate Collection Set: 0.0ms
[38.824s][info][gc,phases      ] GC(118)   Evacuate Collection Set: 51.4ms
[38.824s][info][gc,phases      ] GC(118)   Post Evacuate Collection Set: 0.6ms
[38.824s][info][gc,phases      ] GC(118)   Other: 0.3ms
[38.824s][info][gc,heap        ] GC(118) Eden regions: 121->0(143)
[38.824s][info][gc,heap        ] GC(118) Survivor regions: 10->8(17)
[38.824s][info][gc,heap        ] GC(118) Old regions: 277->285
[38.824s][info][gc,heap        ] GC(118) Humongous regions: 69->69
[38.824s][info][gc,metaspace   ] GC(118) Metaspace: 63440K->63440K(1105920K)
[38.824s][info][gc             ] GC(118) Pause Young (Normal) (G1 Evacuation Pause) 475M->360M(1036M) 52.418ms
[38.824s][info][gc,cpu         ] GC(118) User=0.05s Sys=0.00s Real=0.05s
[39.605s][info][gc,start       ] GC(119) Pause Young (Normal) (G1 Evacuation Pause)
[39.606s][info][gc,task        ] GC(119) Using 1 workers of 1 for evacuation
[39.706s][info][gc,phases      ] GC(119)   Pre Evacuate Collection Set: 0.1ms
[39.706s][info][gc,phases      ] GC(119)   Evacuate Collection Set: 99.1ms
[39.706s][info][gc,phases      ] GC(119)   Post Evacuate Collection Set: 0.7ms
[39.706s][info][gc,phases      ] GC(119)   Other: 0.4ms
[39.706s][info][gc,heap        ] GC(119) Eden regions: 131->0(36)
[39.706s][info][gc,heap        ] GC(119) Survivor regions: 8->15(18)
[39.706s][info][gc,heap        ] GC(119) Old regions: 285->285
[39.706s][info][gc,heap        ] GC(119) Humongous regions: 83->83
[39.706s][info][gc,metaspace   ] GC(119) Metaspace: 63440K->63440K(1105920K)
[39.706s][info][gc             ] GC(119) Pause Young (Normal) (G1 Evacuation Pause) 505M->381M(1036M) 100.302ms
[39.706s][info][gc,cpu         ] GC(119) User=0.10s Sys=0.00s Real=0.10s
[39.942s][info][gc,start       ] GC(120) Pause Young (Normal) (G1 Evacuation Pause)
[39.942s][info][gc,task        ] GC(120) Using 1 workers of 1 for evacuation
[40.026s][info][gc,phases      ] GC(120)   Pre Evacuate Collection Set: 0.1ms
[40.026s][info][gc,phases      ] GC(120)   Evacuate Collection Set: 83.5ms
[40.026s][info][gc,phases      ] GC(120)   Post Evacuate Collection Set: 0.4ms
[40.026s][info][gc,phases      ] GC(120)   Other: 0.4ms
[40.026s][info][gc,heap        ] GC(120) Eden regions: 36->0(46)
[40.026s][info][gc,heap        ] GC(120) Survivor regions: 15->7(7)
[40.026s][info][gc,heap        ] GC(120) Old regions: 285->300
[40.026s][info][gc,heap        ] GC(120) Humongous regions: 89->89
[40.026s][info][gc,metaspace   ] GC(120) Metaspace: 63503K->63503K(1105920K)
[40.026s][info][gc             ] GC(120) Pause Young (Normal) (G1 Evacuation Pause) 423M->394M(1036M) 84.415ms
[40.026s][info][gc,cpu         ] GC(120) User=0.08s Sys=0.01s Real=0.09s
[40.171s][info][gc,start       ] GC(121) Pause Young (Normal) (G1 Evacuation Pause)
[40.172s][info][gc,task        ] GC(121) Using 1 workers of 1 for evacuation
[40.225s][info][gc,phases      ] GC(121)   Pre Evacuate Collection Set: 0.1ms
[40.225s][info][gc,phases      ] GC(121)   Evacuate Collection Set: 52.5ms
[40.225s][info][gc,phases      ] GC(121)   Post Evacuate Collection Set: 0.4ms
[40.225s][info][gc,phases      ] GC(121)   Other: 0.3ms
[40.225s][info][gc,heap        ] GC(121) Eden regions: 46->0(45)
[40.225s][info][gc,heap        ] GC(121) Survivor regions: 7->7(7)
[40.225s][info][gc,heap        ] GC(121) Old regions: 300->311
[40.225s][info][gc,heap        ] GC(121) Humongous regions: 97->97
[40.225s][info][gc,metaspace   ] GC(121) Metaspace: 63507K->63507K(1105920K)
[40.225s][info][gc             ] GC(121) Pause Young (Normal) (G1 Evacuation Pause) 448M->413M(1036M) 53.266ms
[40.225s][info][gc,cpu         ] GC(121) User=0.06s Sys=0.00s Real=0.05s
[40.341s][info][gc,start       ] GC(122) Pause Young (Normal) (G1 Evacuation Pause)
[40.341s][info][gc,task        ] GC(122) Using 1 workers of 1 for evacuation
[40.466s][info][gc,phases      ] GC(122)   Pre Evacuate Collection Set: 0.1ms
[40.466s][info][gc,phases      ] GC(122)   Evacuate Collection Set: 124.3ms
[40.466s][info][gc,phases      ] GC(122)   Post Evacuate Collection Set: 0.7ms
[40.466s][info][gc,phases      ] GC(122)   Other: 0.2ms
[40.466s][info][gc,heap        ] GC(122) Eden regions: 45->0(50)
[40.466s][info][gc,heap        ] GC(122) Survivor regions: 7->7(7)
[40.466s][info][gc,heap        ] GC(122) Old regions: 311->328
[40.466s][info][gc,heap        ] GC(122) Humongous regions: 105->105
[40.466s][info][gc,metaspace   ] GC(122) Metaspace: 63507K->63507K(1105920K)
[40.466s][info][gc             ] GC(122) Pause Young (Normal) (G1 Evacuation Pause) 466M->438M(1076M) 125.310ms
[40.466s][info][gc,cpu         ] GC(122) User=0.12s Sys=0.00s Real=0.13s
[40.585s][info][gc,start       ] GC(123) Pause Young (Normal) (G1 Evacuation Pause)
[40.585s][info][gc,task        ] GC(123) Using 1 workers of 1 for evacuation
[40.660s][info][gc,phases      ] GC(123)   Pre Evacuate Collection Set: 0.1ms
[40.660s][info][gc,phases      ] GC(123)   Evacuate Collection Set: 74.0ms
[40.660s][info][gc,phases      ] GC(123)   Post Evacuate Collection Set: 0.5ms
[40.660s][info][gc,phases      ] GC(123)   Other: 0.3ms
[40.660s][info][gc,heap        ] GC(123) Eden regions: 50->0(62)
[40.660s][info][gc,heap        ] GC(123) Survivor regions: 7->6(8)
[40.660s][info][gc,heap        ] GC(123) Old regions: 328->335
[40.660s][info][gc,heap        ] GC(123) Humongous regions: 108->108
[40.660s][info][gc,metaspace   ] GC(123) Metaspace: 63507K->63507K(1105920K)
[40.660s][info][gc             ] GC(123) Pause Young (Normal) (G1 Evacuation Pause) 491M->447M(1076M) 74.788ms
[40.660s][info][gc,cpu         ] GC(123) User=0.08s Sys=0.00s Real=0.07s
[40.825s][info][gc,start       ] GC(124) Pause Young (Normal) (G1 Evacuation Pause)
[40.825s][info][gc,task        ] GC(124) Using 1 workers of 1 for evacuation
[40.866s][info][gc,phases      ] GC(124)   Pre Evacuate Collection Set: 0.1ms
[40.866s][info][gc,phases      ] GC(124)   Evacuate Collection Set: 40.4ms
[40.866s][info][gc,phases      ] GC(124)   Post Evacuate Collection Set: 0.4ms
[40.867s][info][gc,phases      ] GC(124)   Other: 0.3ms
[40.867s][info][gc,heap        ] GC(124) Eden regions: 62->0(82)
[40.867s][info][gc,heap        ] GC(124) Survivor regions: 6->7(9)
[40.867s][info][gc,heap        ] GC(124) Old regions: 335->341
[40.867s][info][gc,heap        ] GC(124) Humongous regions: 111->111
[40.867s][info][gc,metaspace   ] GC(124) Metaspace: 63508K->63508K(1105920K)
[40.867s][info][gc             ] GC(124) Pause Young (Normal) (G1 Evacuation Pause) 512M->457M(1076M) 41.283ms
[40.867s][info][gc,cpu         ] GC(124) User=0.05s Sys=0.00s Real=0.04s
[41.108s][info][gc,start       ] GC(125) Pause Young (Normal) (G1 Evacuation Pause)
[41.108s][info][gc,task        ] GC(125) Using 1 workers of 1 for evacuation
[41.153s][info][gc,phases      ] GC(125)   Pre Evacuate Collection Set: 0.1ms
[41.153s][info][gc,phases      ] GC(125)   Evacuate Collection Set: 44.4ms
[41.153s][info][gc,phases      ] GC(125)   Post Evacuate Collection Set: 0.4ms
[41.153s][info][gc,phases      ] GC(125)   Other: 0.3ms
[41.153s][info][gc,heap        ] GC(125) Eden regions: 82->0(105)
[41.153s][info][gc,heap        ] GC(125) Survivor regions: 7->8(12)
[41.153s][info][gc,heap        ] GC(125) Old regions: 341->347
[41.153s][info][gc,heap        ] GC(125) Humongous regions: 116->116
[41.153s][info][gc,metaspace   ] GC(125) Metaspace: 63517K->63517K(1105920K)
[41.153s][info][gc             ] GC(125) Pause Young (Normal) (G1 Evacuation Pause) 544M->469M(1076M) 45.213ms
[41.153s][info][gc,cpu         ] GC(125) User=0.05s Sys=0.00s Real=0.05s
[41.443s][info][gc,start       ] GC(126) Pause Young (Normal) (G1 Evacuation Pause)
[41.443s][info][gc,task        ] GC(126) Using 1 workers of 1 for evacuation
[41.485s][info][gc,phases      ] GC(126)   Pre Evacuate Collection Set: 0.1ms
[41.485s][info][gc,phases      ] GC(126)   Evacuate Collection Set: 41.2ms
[41.485s][info][gc,phases      ] GC(126)   Post Evacuate Collection Set: 0.6ms
[41.485s][info][gc,phases      ] GC(126)   Other: 0.3ms
[41.485s][info][gc,heap        ] GC(126) Eden regions: 105->0(131)
[41.485s][info][gc,heap        ] GC(126) Survivor regions: 8->13(15)
[41.485s][info][gc,heap        ] GC(126) Old regions: 347->347
[41.485s][info][gc,heap        ] GC(126) Humongous regions: 116->116
[41.485s][info][gc,metaspace   ] GC(126) Metaspace: 63517K->63517K(1105920K)
[41.485s][info][gc             ] GC(126) Pause Young (Normal) (G1 Evacuation Pause) 574M->474M(1111M) 42.195ms
[41.485s][info][gc,cpu         ] GC(126) User=0.04s Sys=0.00s Real=0.04s
[41.863s][info][gc,start       ] GC(127) Pause Young (Normal) (G1 Evacuation Pause)
[41.864s][info][gc,task        ] GC(127) Using 1 workers of 1 for evacuation
[41.941s][info][gc,phases      ] GC(127)   Pre Evacuate Collection Set: 0.1ms
[41.941s][info][gc,phases      ] GC(127)   Evacuate Collection Set: 76.6ms
[41.941s][info][gc,phases      ] GC(127)   Post Evacuate Collection Set: 0.6ms
[41.941s][info][gc,phases      ] GC(127)   Other: 0.3ms
[41.941s][info][gc,heap        ] GC(127) Eden regions: 115->0(120)
[41.941s][info][gc,heap        ] GC(127) Survivor regions: 13->14(16)
[41.941s][info][gc,heap        ] GC(127) Old regions: 347->353
[41.941s][info][gc,heap        ] GC(127) Humongous regions: 125->125
[41.941s][info][gc,metaspace   ] GC(127) Metaspace: 63517K->63517K(1105920K)
[41.941s][info][gc             ] GC(127) Pause Young (Normal) (G1 Evacuation Pause) 598M->490M(1111M) 77.585ms
[41.941s][info][gc,cpu         ] GC(127) User=0.07s Sys=0.00s Real=0.07s
[42.503s][info][gc,start       ] GC(128) Pause Young (Normal) (G1 Evacuation Pause)
[42.504s][info][gc,task        ] GC(128) Using 1 workers of 1 for evacuation
[42.587s][info][gc,phases      ] GC(128)   Pre Evacuate Collection Set: 0.1ms
[42.587s][info][gc,phases      ] GC(128)   Evacuate Collection Set: 82.7ms
[42.587s][info][gc,phases      ] GC(128)   Post Evacuate Collection Set: 0.6ms
[42.587s][info][gc,phases      ] GC(128)   Other: 0.3ms
[42.587s][info][gc,heap        ] GC(128) Eden regions: 48->0(119)
[42.587s][info][gc,heap        ] GC(128) Survivor regions: 14->5(8)
[42.587s][info][gc,heap        ] GC(128) Old regions: 353->366
[42.587s][info][gc,heap        ] GC(128) Humongous regions: 138->133
[42.587s][info][gc,metaspace   ] GC(128) Metaspace: 63576K->63576K(1105920K)
[42.587s][info][gc             ] GC(128) Pause Young (Normal) (G1 Evacuation Pause) 551M->502M(1111M) 83.749ms
[42.587s][info][gc,cpu         ] GC(128) User=0.08s Sys=0.00s Real=0.08s
[42.597s][info][gc,start       ] GC(129) Pause Young (Concurrent Start) (G1 Humongous Allocation)
[42.597s][info][gc,task        ] GC(129) Using 1 workers of 1 for evacuation
[42.628s][info][gc,phases      ] GC(129)   Pre Evacuate Collection Set: 0.3ms
[42.628s][info][gc,phases      ] GC(129)   Evacuate Collection Set: 26.2ms
[42.628s][info][gc,phases      ] GC(129)   Post Evacuate Collection Set: 4.5ms
[42.628s][info][gc,phases      ] GC(129)   Other: 0.2ms
[42.628s][info][gc,heap        ] GC(129) Eden regions: 1->0(114)
[42.628s][info][gc,heap        ] GC(129) Survivor regions: 5->6(16)
[42.628s][info][gc,heap        ] GC(129) Old regions: 366->366
[42.628s][info][gc,heap        ] GC(129) Humongous regions: 133->133
[42.628s][info][gc,metaspace   ] GC(129) Metaspace: 63576K->63576K(1105920K)
[42.628s][info][gc             ] GC(129) Pause Young (Concurrent Start) (G1 Humongous Allocation) 503M->503M(1111M) 31.322ms
[42.628s][info][gc,cpu         ] GC(129) User=0.04s Sys=0.00s Real=0.03s
[42.628s][info][gc             ] GC(130) Concurrent Cycle
[42.628s][info][gc,marking     ] GC(130) Concurrent Clear Claimed Marks
[42.629s][info][gc,marking     ] GC(130) Concurrent Clear Claimed Marks 0.281ms
[42.629s][info][gc,marking     ] GC(130) Concurrent Scan Root Regions
[42.633s][info][gc,marking     ] GC(130) Concurrent Scan Root Regions 4.001ms
[42.633s][info][gc,marking     ] GC(130) Concurrent Mark (42.633s)
[42.633s][info][gc,marking     ] GC(130) Concurrent Mark From Roots
[42.633s][info][gc,task        ] GC(130) Using 1 workers of 1 for marking
[42.972s][info][gc,marking     ] GC(130) Concurrent Mark From Roots 339.310ms
[42.972s][info][gc,marking     ] GC(130) Concurrent Preclean
[42.972s][info][gc,marking     ] GC(130) Concurrent Preclean 0.088ms
[42.972s][info][gc,marking     ] GC(130) Concurrent Mark (42.633s, 42.972s) 339.549ms
[42.974s][info][gc,start       ] GC(130) Pause Remark
[42.990s][info][gc,stringtable ] GC(130) Cleaned string and symbol table, strings: 22432 processed, 0 removed, symbols: 137280 processed, 0 removed
[42.991s][info][gc             ] GC(130) Pause Remark 541M->246M(1111M) 16.086ms
[42.991s][info][gc,cpu         ] GC(130) User=0.01s Sys=0.00s Real=0.02s
[42.991s][info][gc,marking     ] GC(130) Concurrent Rebuild Remembered Sets
[43.312s][info][gc,marking     ] GC(130) Concurrent Rebuild Remembered Sets 321.818ms
[43.315s][info][gc,start       ] GC(130) Pause Cleanup
[43.315s][info][gc             ] GC(130) Pause Cleanup 298M->298M(1111M) 0.308ms
[43.315s][info][gc,cpu         ] GC(130) User=0.00s Sys=0.00s Real=0.00s
[43.315s][info][gc,marking     ] GC(130) Concurrent Cleanup for Next Mark
[43.318s][info][gc,marking     ] GC(130) Concurrent Cleanup for Next Mark 2.563ms
[43.318s][info][gc             ] GC(130) Concurrent Cycle 689.444ms
[43.371s][info][gc,start       ] GC(131) Pause Young (Prepare Mixed) (G1 Evacuation Pause)
[43.371s][info][gc,task        ] GC(131) Using 1 workers of 1 for evacuation
[43.453s][info][gc,phases      ] GC(131)   Pre Evacuate Collection Set: 0.0ms
[43.453s][info][gc,phases      ] GC(131)   Evacuate Collection Set: 80.8ms
[43.453s][info][gc,phases      ] GC(131)   Post Evacuate Collection Set: 0.8ms
[43.453s][info][gc,phases      ] GC(131)   Other: 0.2ms
[43.453s][info][gc,heap        ] GC(131) Eden regions: 83->0(44)
[43.453s][info][gc,heap        ] GC(131) Survivor regions: 6->12(12)
[43.453s][info][gc,heap        ] GC(131) Old regions: 193->201
[43.453s][info][gc,heap        ] GC(131) Humongous regions: 30->30
[43.453s][info][gc,metaspace   ] GC(131) Metaspace: 63604K->63604K(1105920K)
[43.453s][info][gc             ] GC(131) Pause Young (Prepare Mixed) (G1 Evacuation Pause) 310M->241M(1139M) 81.900ms
[43.453s][info][gc,cpu         ] GC(131) User=0.09s Sys=0.00s Real=0.08s
[43.600s][info][gc,start       ] GC(132) Pause Young (Mixed) (G1 Evacuation Pause)
[43.600s][info][gc,task        ] GC(132) Using 1 workers of 1 for evacuation
[43.663s][info][gc,phases      ] GC(132)   Pre Evacuate Collection Set: 0.1ms
[43.663s][info][gc,phases      ] GC(132)   Evacuate Collection Set: 63.1ms
[43.663s][info][gc,phases      ] GC(132)   Post Evacuate Collection Set: 0.4ms
[43.663s][info][gc,phases      ] GC(132)   Other: 0.2ms
[43.663s][info][gc,heap        ] GC(132) Eden regions: 44->0(74)
[43.664s][info][gc,heap        ] GC(132) Survivor regions: 12->6(7)
[43.664s][info][gc,heap        ] GC(132) Old regions: 201->212
[43.664s][info][gc,heap        ] GC(132) Humongous regions: 33->33
[43.664s][info][gc,metaspace   ] GC(132) Metaspace: 63622K->63622K(1105920K)
[43.664s][info][gc             ] GC(132) Pause Young (Mixed) (G1 Evacuation Pause) 288M->249M(1139M) 63.971ms
[43.664s][info][gc,cpu         ] GC(132) User=0.06s Sys=0.00s Real=0.07s
[44.178s][info][gc,start       ] GC(133) Pause Young (Normal) (G1 Evacuation Pause)
[44.178s][info][gc,task        ] GC(133) Using 1 workers of 1 for evacuation
[44.247s][info][gc,phases      ] GC(133)   Pre Evacuate Collection Set: 0.1ms
[44.247s][info][gc,phases      ] GC(133)   Evacuate Collection Set: 67.6ms
[44.247s][info][gc,phases      ] GC(133)   Post Evacuate Collection Set: 0.6ms
[44.247s][info][gc,phases      ] GC(133)   Other: 0.7ms
[44.247s][info][gc,heap        ] GC(133) Eden regions: 74->0(84)
[44.247s][info][gc,heap        ] GC(133) Survivor regions: 6->10(10)
[44.247s][info][gc,heap        ] GC(133) Old regions: 212->220
[44.247s][info][gc,heap        ] GC(133) Humongous regions: 52->47
[44.247s][info][gc,metaspace   ] GC(133) Metaspace: 64025K->64025K(1105920K)
[44.247s][info][gc             ] GC(133) Pause Young (Normal) (G1 Evacuation Pause) 342M->275M(1139M) 69.113ms
[44.247s][info][gc,cpu         ] GC(133) User=0.07s Sys=0.00s Real=0.07s
[44.932s][info][gc,start       ] GC(134) Pause Young (Normal) (G1 Evacuation Pause)
[44.932s][info][gc,task        ] GC(134) Using 1 workers of 1 for evacuation
[45.021s][info][gc,phases      ] GC(134)   Pre Evacuate Collection Set: 0.1ms
[45.021s][info][gc,phases      ] GC(134)   Evacuate Collection Set: 87.8ms
[45.021s][info][gc,phases      ] GC(134)   Post Evacuate Collection Set: 0.6ms
[45.021s][info][gc,phases      ] GC(134)   Other: 0.3ms
[45.021s][info][gc,heap        ] GC(134) Eden regions: 84->0(96)
[45.021s][info][gc,heap        ] GC(134) Survivor regions: 10->12(12)
[45.021s][info][gc,heap        ] GC(134) Old regions: 220->234
[45.021s][info][gc,heap        ] GC(134) Humongous regions: 58->58
[45.021s][info][gc,metaspace   ] GC(134) Metaspace: 64060K->64060K(1105920K)
[45.021s][info][gc             ] GC(134) Pause Young (Normal) (G1 Evacuation Pause) 370M->302M(1139M) 88.854ms
[45.021s][info][gc,cpu         ] GC(134) User=0.09s Sys=0.00s Real=0.08s
[45.521s][info][gc,start       ] GC(135) Pause Young (Normal) (G1 Evacuation Pause)
[45.521s][info][gc,task        ] GC(135) Using 1 workers of 1 for evacuation
[45.616s][info][gc,phases      ] GC(135)   Pre Evacuate Collection Set: 0.1ms
[45.616s][info][gc,phases      ] GC(135)   Evacuate Collection Set: 94.7ms
[45.617s][info][gc,phases      ] GC(135)   Post Evacuate Collection Set: 0.8ms
[45.617s][info][gc,phases      ] GC(135)   Other: 0.3ms
[45.617s][info][gc,heap        ] GC(135) Eden regions: 96->0(106)
[45.617s][info][gc,heap        ] GC(135) Survivor regions: 12->14(14)
[45.617s][info][gc,heap        ] GC(135) Old regions: 234->246
[45.617s][info][gc,heap        ] GC(135) Humongous regions: 74->74
[45.617s][info][gc,metaspace   ] GC(135) Metaspace: 64067K->64067K(1105920K)
[45.617s][info][gc             ] GC(135) Pause Young (Normal) (G1 Evacuation Pause) 414M->332M(1163M) 95.985ms
[45.617s][info][gc,cpu         ] GC(135) User=0.09s Sys=0.00s Real=0.10s
[46.864s][info][gc,start       ] GC(136) Pause Young (Normal) (G1 Evacuation Pause)
[46.865s][info][gc,task        ] GC(136) Using 1 workers of 1 for evacuation
[46.950s][info][gc,phases      ] GC(136)   Pre Evacuate Collection Set: 0.1ms
[46.951s][info][gc,phases      ] GC(136)   Evacuate Collection Set: 85.0ms
[46.951s][info][gc,phases      ] GC(136)   Post Evacuate Collection Set: 0.6ms
[46.951s][info][gc,phases      ] GC(136)   Other: 0.3ms
[46.951s][info][gc,heap        ] GC(136) Eden regions: 106->0(113)
[46.951s][info][gc,heap        ] GC(136) Survivor regions: 14->12(15)
[46.951s][info][gc,heap        ] GC(136) Old regions: 246->260
[46.951s][info][gc,heap        ] GC(136) Humongous regions: 90->85
[46.951s][info][gc,metaspace   ] GC(136) Metaspace: 64210K->64210K(1105920K)
[46.951s][info][gc             ] GC(136) Pause Young (Normal) (G1 Evacuation Pause) 454M->355M(1163M) 86.097ms
[46.951s][info][gc,cpu         ] GC(136) User=0.09s Sys=0.00s Real=0.09s
[48.281s][info][gc,start       ] GC(137) Pause Young (Normal) (G1 Evacuation Pause)
[48.281s][info][gc,task        ] GC(137) Using 1 workers of 1 for evacuation
[48.431s][info][gc,phases      ] GC(137)   Pre Evacuate Collection Set: 0.1ms
[48.431s][info][gc,phases      ] GC(137)   Evacuate Collection Set: 146.5ms
[48.431s][info][gc,phases      ] GC(137)   Post Evacuate Collection Set: 2.9ms
[48.431s][info][gc,phases      ] GC(137)   Other: 0.4ms
[48.431s][info][gc,heap        ] GC(137) Eden regions: 113->0(104)
[48.431s][info][gc,heap        ] GC(137) Survivor regions: 12->12(16)
[48.431s][info][gc,heap        ] GC(137) Old regions: 260->272
[48.431s][info][gc,heap        ] GC(137) Humongous regions: 96->96
[48.431s][info][gc,metaspace   ] GC(137) Metaspace: 64239K->64239K(1105920K)
[48.431s][info][gc             ] GC(137) Pause Young (Normal) (G1 Evacuation Pause) 479M->377M(1163M) 150.097ms
[48.431s][info][gc,cpu         ] GC(137) User=0.15s Sys=0.00s Real=0.16s
[49.368s][info][gc,start       ] GC(138) Pause Young (Normal) (G1 Evacuation Pause)
[49.369s][info][gc,task        ] GC(138) Using 1 workers of 1 for evacuation
[49.502s][info][gc,phases      ] GC(138)   Pre Evacuate Collection Set: 0.1ms
[49.502s][info][gc,phases      ] GC(138)   Evacuate Collection Set: 132.2ms
[49.502s][info][gc,phases      ] GC(138)   Post Evacuate Collection Set: 0.6ms
[49.502s][info][gc,phases      ] GC(138)   Other: 0.4ms
[49.502s][info][gc,heap        ] GC(138) Eden regions: 104->0(106)
[49.502s][info][gc,heap        ] GC(138) Survivor regions: 12->12(15)
[49.502s][info][gc,heap        ] GC(138) Old regions: 272->283
[49.502s][info][gc,heap        ] GC(138) Humongous regions: 107->107
[49.502s][info][gc,metaspace   ] GC(138) Metaspace: 64257K->64257K(1105920K)
[49.502s][info][gc             ] GC(138) Pause Young (Normal) (G1 Evacuation Pause) 492M->399M(1163M) 133.433ms
[49.502s][info][gc,cpu         ] GC(138) User=0.14s Sys=0.00s Real=0.13s
[50.374s][info][gc,start       ] GC(139) Pause Young (Normal) (G1 Evacuation Pause)
[50.375s][info][gc,task        ] GC(139) Using 1 workers of 1 for evacuation
[50.492s][info][gc,phases      ] GC(139)   Pre Evacuate Collection Set: 0.1ms
[50.492s][info][gc,phases      ] GC(139)   Evacuate Collection Set: 117.0ms
[50.492s][info][gc,phases      ] GC(139)   Post Evacuate Collection Set: 0.5ms
[50.492s][info][gc,phases      ] GC(139)   Other: 0.4ms
[50.493s][info][gc,heap        ] GC(139) Eden regions: 106->0(92)
[50.493s][info][gc,heap        ] GC(139) Survivor regions: 12->9(15)
[50.493s][info][gc,heap        ] GC(139) Old regions: 283->294
[50.493s][info][gc,heap        ] GC(139) Humongous regions: 115->110
[50.493s][info][gc,metaspace   ] GC(139) Metaspace: 64305K->64305K(1105920K)
[50.493s][info][gc             ] GC(139) Pause Young (Normal) (G1 Evacuation Pause) 513M->410M(1181M) 118.183ms
[50.493s][info][gc,cpu         ] GC(139) User=0.12s Sys=0.00s Real=0.12s
[52.570s][info][gc,start       ] GC(140) Pause Young (Normal) (G1 Evacuation Pause)
[52.571s][info][gc,task        ] GC(140) Using 1 workers of 1 for evacuation
[52.641s][info][gc,phases      ] GC(140)   Pre Evacuate Collection Set: 0.1ms
[52.641s][info][gc,phases      ] GC(140)   Evacuate Collection Set: 70.0ms
[52.641s][info][gc,phases      ] GC(140)   Post Evacuate Collection Set: 0.4ms
[52.641s][info][gc,phases      ] GC(140)   Other: 0.4ms
[52.641s][info][gc,heap        ] GC(140) Eden regions: 92->0(103)
[52.641s][info][gc,heap        ] GC(140) Survivor regions: 9->13(13)
[52.641s][info][gc,heap        ] GC(140) Old regions: 294->303
[52.641s][info][gc,heap        ] GC(140) Humongous regions: 114->114
[52.641s][info][gc,metaspace   ] GC(140) Metaspace: 64322K->64322K(1105920K)
[52.642s][info][gc             ] GC(140) Pause Young (Normal) (G1 Evacuation Pause) 506M->428M(1181M) 71.077ms
[52.642s][info][gc,cpu         ] GC(140) User=0.07s Sys=0.00s Real=0.06s
[54.435s][info][gc,start       ] GC(141) Pause Young (Normal) (G1 Evacuation Pause)
[54.435s][info][gc,task        ] GC(141) Using 1 workers of 1 for evacuation
[54.579s][info][gc,phases      ] GC(141)   Pre Evacuate Collection Set: 0.1ms
[54.579s][info][gc,phases      ] GC(141)   Evacuate Collection Set: 139.0ms
[54.579s][info][gc,phases      ] GC(141)   Post Evacuate Collection Set: 4.1ms
[54.579s][info][gc,phases      ] GC(141)   Other: 0.7ms
[54.579s][info][gc,heap        ] GC(141) Eden regions: 103->0(110)
[54.579s][info][gc,heap        ] GC(141) Survivor regions: 13->9(15)
[54.579s][info][gc,heap        ] GC(141) Old regions: 303->316
[54.579s][info][gc,heap        ] GC(141) Humongous regions: 194->148
[54.579s][info][gc,metaspace   ] GC(141) Metaspace: 65931K->65931K(1107968K)
[54.579s][info][gc             ] GC(141) Pause Young (Normal) (G1 Evacuation Pause) 611M->471M(1181M) 144.106ms
[54.579s][info][gc,cpu         ] GC(141) User=0.15s Sys=0.00s Real=0.14s
[55.025s][info][gc,start       ] GC(142) Pause Young (Normal) (G1 Evacuation Pause)
[55.025s][info][gc,task        ] GC(142) Using 1 workers of 1 for evacuation
[55.194s][info][gc,phases      ] GC(142)   Pre Evacuate Collection Set: 0.1ms
[55.194s][info][gc,phases      ] GC(142)   Evacuate Collection Set: 163.3ms
[55.194s][info][gc,phases      ] GC(142)   Post Evacuate Collection Set: 5.7ms
[55.194s][info][gc,phases      ] GC(142)   Other: 0.3ms
[55.194s][info][gc,heap        ] GC(142) Eden regions: 110->0(103)
[55.194s][info][gc,heap        ] GC(142) Survivor regions: 9->15(15)
[55.194s][info][gc,heap        ] GC(142) Old regions: 316->327
[55.194s][info][gc,heap        ] GC(142) Humongous regions: 163->163
[55.194s][info][gc,metaspace   ] GC(142) Metaspace: 65931K->65931K(1107968K)
[55.194s][info][gc             ] GC(142) Pause Young (Normal) (G1 Evacuation Pause) 596M->503M(1181M) 169.487ms
[55.194s][info][gc,cpu         ] GC(142) User=0.17s Sys=0.00s Real=0.17s
[56.315s][info][gc,start       ] GC(143) Pause Young (Concurrent Start) (G1 Humongous Allocation)
[56.315s][info][gc,task        ] GC(143) Using 1 workers of 1 for evacuation
[56.432s][info][gc,phases      ] GC(143)   Pre Evacuate Collection Set: 0.4ms
[56.432s][info][gc,phases      ] GC(143)   Evacuate Collection Set: 115.4ms
[56.432s][info][gc,phases      ] GC(143)   Post Evacuate Collection Set: 0.6ms
[56.432s][info][gc,phases      ] GC(143)   Other: 0.5ms
[56.432s][info][gc,heap        ] GC(143) Eden regions: 103->0(153)
[56.432s][info][gc,heap        ] GC(143) Survivor regions: 15->12(15)
[56.432s][info][gc,heap        ] GC(143) Old regions: 327->342
[56.432s][info][gc,heap        ] GC(143) Humongous regions: 205->191
[56.432s][info][gc,metaspace   ] GC(143) Metaspace: 65965K->65965K(1107968K)
[56.432s][info][gc             ] GC(143) Pause Young (Concurrent Start) (G1 Humongous Allocation) 648M->543M(1181M) 116.924ms
[56.432s][info][gc,cpu         ] GC(143) User=0.11s Sys=0.00s Real=0.12s
[56.432s][info][gc             ] GC(144) Concurrent Cycle
[56.432s][info][gc,marking     ] GC(144) Concurrent Clear Claimed Marks
[56.432s][info][gc,marking     ] GC(144) Concurrent Clear Claimed Marks 0.341ms
[56.432s][info][gc,marking     ] GC(144) Concurrent Scan Root Regions
[56.448s][info][gc,marking     ] GC(144) Concurrent Scan Root Regions 15.945ms
[56.448s][info][gc,marking     ] GC(144) Concurrent Mark (56.448s)
[56.448s][info][gc,marking     ] GC(144) Concurrent Mark From Roots
[56.448s][info][gc,task        ] GC(144) Using 1 workers of 1 for marking
[57.140s][info][gc,start       ] GC(145) Pause Young (Normal) (G1 Evacuation Pause)
[57.140s][info][gc,task        ] GC(145) Using 1 workers of 1 for evacuation
[57.270s][info][gc,phases      ] GC(145)   Pre Evacuate Collection Set: 0.1ms
[57.271s][info][gc,phases      ] GC(145)   Evacuate Collection Set: 129.3ms
[57.271s][info][gc,phases      ] GC(145)   Post Evacuate Collection Set: 0.7ms
[57.271s][info][gc,phases      ] GC(145)   Other: 0.4ms
[57.271s][info][gc,heap        ] GC(145) Eden regions: 153->0(193)
[57.271s][info][gc,heap        ] GC(145) Survivor regions: 12->21(21)
[57.271s][info][gc,heap        ] GC(145) Old regions: 342->354
[57.271s][info][gc,heap        ] GC(145) Humongous regions: 251->218
[57.271s][info][gc,metaspace   ] GC(145) Metaspace: 65991K->65991K(1107968K)
[57.271s][info][gc             ] GC(145) Pause Young (Normal) (G1 Evacuation Pause) 756M->591M(1191M) 130.611ms
[57.271s][info][gc,cpu         ] GC(145) User=0.13s Sys=0.00s Real=0.14s
[57.322s][info][gc,marking     ] GC(144) Concurrent Mark From Roots 873.682ms
[57.322s][info][gc,marking     ] GC(144) Concurrent Preclean
[57.322s][info][gc,marking     ] GC(144) Concurrent Preclean 0.113ms
[57.322s][info][gc,marking     ] GC(144) Concurrent Mark (56.448s, 57.322s) 873.851ms
[57.325s][info][gc,start       ] GC(144) Pause Remark
[57.342s][info][gc,stringtable ] GC(144) Cleaned string and symbol table, strings: 23188 processed, 29 removed, symbols: 139676 processed, 0 removed
[57.343s][info][gc             ] GC(144) Pause Remark 603M->349M(1191M) 18.172ms
[57.343s][info][gc,cpu         ] GC(144) User=0.02s Sys=0.00s Real=0.02s
[57.344s][info][gc,marking     ] GC(144) Concurrent Rebuild Remembered Sets
[57.895s][info][gc,marking     ] GC(144) Concurrent Rebuild Remembered Sets 551.197ms
[57.899s][info][gc,start       ] GC(144) Pause Cleanup
[57.900s][info][gc             ] GC(144) Pause Cleanup 408M->408M(1191M) 0.368ms
[57.900s][info][gc,cpu         ] GC(144) User=0.00s Sys=0.00s Real=0.00s
[57.900s][info][gc,marking     ] GC(144) Concurrent Cleanup for Next Mark
[57.906s][info][gc,marking     ] GC(144) Concurrent Cleanup for Next Mark 6.407ms
[57.906s][info][gc             ] GC(144) Concurrent Cycle 1474.044ms
[58.552s][info][gc,start       ] GC(146) Pause Young (Prepare Mixed) (G1 Evacuation Pause)
[58.552s][info][gc,task        ] GC(146) Using 1 workers of 1 for evacuation
[58.742s][info][gc,phases      ] GC(146)   Pre Evacuate Collection Set: 0.1ms
[58.742s][info][gc,phases      ] GC(146)   Evacuate Collection Set: 188.7ms
[58.742s][info][gc,phases      ] GC(146)   Post Evacuate Collection Set: 1.0ms
[58.742s][info][gc,phases      ] GC(146)   Other: 0.3ms
[58.742s][info][gc,heap        ] GC(146) Eden regions: 163->0(37)
[58.742s][info][gc,heap        ] GC(146) Survivor regions: 21->22(23)
[58.742s][info][gc,heap        ] GC(146) Old regions: 264->285
[58.742s][info][gc,heap        ] GC(146) Humongous regions: 151->64
[58.742s][info][gc,metaspace   ] GC(146) Metaspace: 66078K->66078K(1107968K)
[58.742s][info][gc             ] GC(146) Pause Young (Prepare Mixed) (G1 Evacuation Pause) 597M->369M(1191M) 190.220ms
[58.742s][info][gc,cpu         ] GC(146) User=0.19s Sys=0.00s Real=0.18s
[58.816s][info][gc,start       ] GC(147) Pause Young (Mixed) (G1 Evacuation Pause)
[58.816s][info][gc,task        ] GC(147) Using 1 workers of 1 for evacuation
[58.921s][info][gc,phases      ] GC(147)   Pre Evacuate Collection Set: 0.1ms
[58.921s][info][gc,phases      ] GC(147)   Evacuate Collection Set: 104.3ms
[58.921s][info][gc,phases      ] GC(147)   Post Evacuate Collection Set: 0.6ms
[58.921s][info][gc,phases      ] GC(147)   Other: 0.3ms
[58.921s][info][gc,heap        ] GC(147) Eden regions: 37->0(51)
[58.921s][info][gc,heap        ] GC(147) Survivor regions: 22->8(8)
[58.921s][info][gc,heap        ] GC(147) Old regions: 285->300
[58.921s][info][gc,heap        ] GC(147) Humongous regions: 67->67
[58.921s][info][gc,metaspace   ] GC(147) Metaspace: 66097K->66097K(1107968K)
[58.921s][info][gc             ] GC(147) Pause Young (Mixed) (G1 Evacuation Pause) 409M->373M(1191M) 105.329ms
[58.921s][info][gc,cpu         ] GC(147) User=0.10s Sys=0.00s Real=0.10s
[59.071s][info][gc,start       ] GC(148) Pause Young (Mixed) (G1 Evacuation Pause)
[59.071s][info][gc,task        ] GC(148) Using 1 workers of 1 for evacuation
[59.113s][info][gc,phases      ] GC(148)   Pre Evacuate Collection Set: 0.1ms
[59.113s][info][gc,phases      ] GC(148)   Evacuate Collection Set: 41.5ms
[59.113s][info][gc,phases      ] GC(148)   Post Evacuate Collection Set: 0.3ms
[59.113s][info][gc,phases      ] GC(148)   Other: 0.2ms
[59.113s][info][gc,heap        ] GC(148) Eden regions: 51->0(58)
[59.113s][info][gc,heap        ] GC(148) Survivor regions: 8->1(8)
[59.113s][info][gc,heap        ] GC(148) Old regions: 300->293
[59.113s][info][gc,heap        ] GC(148) Humongous regions: 67->67
[59.113s][info][gc,metaspace   ] GC(148) Metaspace: 66097K->66097K(1107968K)
[59.113s][info][gc             ] GC(148) Pause Young (Mixed) (G1 Evacuation Pause) 424M->358M(1191M) 42.125ms
[59.113s][info][gc,cpu         ] GC(148) User=0.04s Sys=0.00s Real=0.04s
[59.340s][info][gc,start       ] GC(149) Pause Young (Mixed) (G1 Evacuation Pause)
[59.340s][info][gc,task        ] GC(149) Using 1 workers of 1 for evacuation
[59.343s][info][gc,phases      ] GC(149)   Pre Evacuate Collection Set: 0.1ms
[59.343s][info][gc,phases      ] GC(149)   Evacuate Collection Set: 2.9ms
[59.343s][info][gc,phases      ] GC(149)   Post Evacuate Collection Set: 0.3ms
[59.343s][info][gc,phases      ] GC(149)   Other: 0.4ms
[59.344s][info][gc,heap        ] GC(149) Eden regions: 58->0(68)
[59.344s][info][gc,heap        ] GC(149) Survivor regions: 1->1(8)
[59.344s][info][gc,heap        ] GC(149) Old regions: 293->288
[59.344s][info][gc,heap        ] GC(149) Humongous regions: 67->67
[59.344s][info][gc,metaspace   ] GC(149) Metaspace: 66097K->66097K(1107968K)
[59.344s][info][gc             ] GC(149) Pause Young (Mixed) (G1 Evacuation Pause) 416M->354M(1191M) 3.692ms
[59.344s][info][gc,cpu         ] GC(149) User=0.00s Sys=0.00s Real=0.01s
[59.432s][info][gc,start       ] GC(150) Pause Young (Normal) (G1 Evacuation Pause)
[59.433s][info][gc,task        ] GC(150) Using 1 workers of 1 for evacuation
[59.435s][info][gc,phases      ] GC(150)   Pre Evacuate Collection Set: 0.1ms
[59.435s][info][gc,phases      ] GC(150)   Evacuate Collection Set: 1.9ms
[59.435s][info][gc,phases      ] GC(150)   Post Evacuate Collection Set: 0.2ms
[59.435s][info][gc,phases      ] GC(150)   Other: 0.2ms
[59.435s][info][gc,heap        ] GC(150) Eden regions: 68->0(148)
[59.435s][info][gc,heap        ] GC(150) Survivor regions: 1->1(9)
[59.435s][info][gc,heap        ] GC(150) Old regions: 288->288
[59.435s][info][gc,heap        ] GC(150) Humongous regions: 67->67
[59.435s][info][gc,metaspace   ] GC(150) Metaspace: 66097K->66097K(1107968K)
[59.435s][info][gc             ] GC(150) Pause Young (Normal) (G1 Evacuation Pause) 422M->353M(1191M) 2.664ms
[59.435s][info][gc,cpu         ] GC(150) User=0.00s Sys=0.00s Real=0.00s
[59.786s][info][gc,start       ] GC(151) Pause Young (Normal) (G1 Evacuation Pause)
[59.787s][info][gc,task        ] GC(151) Using 1 workers of 1 for evacuation
[59.868s][info][gc,phases      ] GC(151)   Pre Evacuate Collection Set: 0.1ms
[59.868s][info][gc,phases      ] GC(151)   Evacuate Collection Set: 80.9ms
[59.868s][info][gc,phases      ] GC(151)   Post Evacuate Collection Set: 0.7ms
[59.868s][info][gc,phases      ] GC(151)   Other: 0.4ms
[59.868s][info][gc,heap        ] GC(151) Eden regions: 148->0(110)
[59.868s][info][gc,heap        ] GC(151) Survivor regions: 1->19(19)
[59.868s][info][gc,heap        ] GC(151) Old regions: 288->311
[59.868s][info][gc,heap        ] GC(151) Humongous regions: 70->70
[59.868s][info][gc,metaspace   ] GC(151) Metaspace: 66223K->66223K(1107968K)
[59.869s][info][gc             ] GC(151) Pause Young (Normal) (G1 Evacuation Pause) 504M->398M(1191M) 82.031ms
[59.869s][info][gc,cpu         ] GC(151) User=0.08s Sys=0.00s Real=0.08s
[59.933s][info][gc,task        ] GC(152) Using 1 workers of 1 for full compaction
[59.933s][info][gc,start       ] GC(152) Pause Full (System.gc())
[59.934s][info][gc,phases,start] GC(152) Phase 1: Mark live objects
[60.086s][info][gc,stringtable ] GC(152) Cleaned string and symbol table, strings: 23192 processed, 2 removed, symbols: 139877 processed, 0 removed
[60.086s][info][gc,phases      ] GC(152) Phase 1: Mark live objects 151.929ms
[60.086s][info][gc,phases,start] GC(152) Phase 2: Prepare for compaction
[60.122s][info][gc,phases      ] GC(152) Phase 2: Prepare for compaction 36.473ms
[60.122s][info][gc,phases,start] GC(152) Phase 3: Adjust pointers
[60.216s][info][gc,phases      ] GC(152) Phase 3: Adjust pointers 93.598ms
[60.216s][info][gc,phases,start] GC(152) Phase 4: Compact heap
[60.271s][info][gc,phases      ] GC(152) Phase 4: Compact heap 55.360ms
[60.300s][info][gc,heap        ] GC(152) Eden regions: 94->0(161)
[60.300s][info][gc,heap        ] GC(152) Survivor regions: 19->0(19)
[60.300s][info][gc,heap        ] GC(152) Old regions: 311->137
[60.300s][info][gc,heap        ] GC(152) Humongous regions: 70->9
[60.300s][info][gc,metaspace   ] GC(152) Metaspace: 66227K->66227K(1107968K)
[60.300s][info][gc             ] GC(152) Pause Full (System.gc()) 491M->144M(487M) 366.748ms
[60.300s][info][gc,cpu         ] GC(152) User=0.34s Sys=0.03s Real=0.36s
[61.130s][info][gc,start       ] GC(153) Pause Young (Normal) (G1 Evacuation Pause)
[61.131s][info][gc,task        ] GC(153) Using 1 workers of 1 for evacuation
[61.214s][info][gc,phases      ] GC(153)   Pre Evacuate Collection Set: 0.0ms
[61.214s][info][gc,phases      ] GC(153)   Evacuate Collection Set: 82.6ms
[61.214s][info][gc,phases      ] GC(153)   Post Evacuate Collection Set: 0.9ms
[61.214s][info][gc,phases      ] GC(153)   Other: 0.4ms
[61.214s][info][gc,heap        ] GC(153) Eden regions: 161->0(112)
[61.214s][info][gc,heap        ] GC(153) Survivor regions: 0->21(21)
[61.214s][info][gc,heap        ] GC(153) Old regions: 137->148
[61.214s][info][gc,heap        ] GC(153) Humongous regions: 31->26
[61.214s][info][gc,metaspace   ] GC(153) Metaspace: 66374K->66374K(1107968K)
[61.214s][info][gc             ] GC(153) Pause Young (Normal) (G1 Evacuation Pause) 327M->193M(593M) 83.924ms
[61.214s][info][gc,cpu         ] GC(153) User=0.08s Sys=0.00s Real=0.08s
[61.619s][info][gc,start       ] GC(154) Pause Young (Normal) (G1 Evacuation Pause)
[61.620s][info][gc,task        ] GC(154) Using 1 workers of 1 for evacuation
[61.705s][info][gc,phases      ] GC(154)   Pre Evacuate Collection Set: 0.0ms
[61.705s][info][gc,phases      ] GC(154)   Evacuate Collection Set: 85.2ms
[61.705s][info][gc,phases      ] GC(154)   Post Evacuate Collection Set: 0.4ms
[61.706s][info][gc,phases      ] GC(154)   Other: 0.3ms
[61.706s][info][gc,heap        ] GC(154) Eden regions: 112->0(141)
[61.706s][info][gc,heap        ] GC(154) Survivor regions: 21->10(17)
[61.706s][info][gc,heap        ] GC(154) Old regions: 148->169
[61.706s][info][gc,heap        ] GC(154) Humongous regions: 31->31
[61.706s][info][gc,metaspace   ] GC(154) Metaspace: 66374K->66374K(1107968K)
[61.706s][info][gc             ] GC(154) Pause Young (Normal) (G1 Evacuation Pause) 310M->208M(593M) 86.044ms
[61.706s][info][gc,cpu         ] GC(154) User=0.09s Sys=0.00s Real=0.09s
[62.086s][info][gc,start       ] GC(155) Pause Young (Normal) (G1 Evacuation Pause)
[62.086s][info][gc,task        ] GC(155) Using 1 workers of 1 for evacuation
[62.561s][info][gc,mmu         ] GC(155) MMU target violated: 201.0ms (200.0ms/201.0ms)
[62.562s][info][gc,phases      ] GC(155)   Pre Evacuate Collection Set: 0.0ms
[62.563s][info][gc,phases      ] GC(155)   Evacuate Collection Set: 470.6ms
[62.563s][info][gc,phases      ] GC(155)   Post Evacuate Collection Set: 3.9ms
[62.563s][info][gc,phases      ] GC(155)   Other: 2.0ms
[62.563s][info][gc,heap        ] GC(155) Eden regions: 141->0(20)
[62.563s][info][gc,heap        ] GC(155) Survivor regions: 10->9(19)
[62.563s][info][gc,heap        ] GC(155) Old regions: 169->177
[62.563s][info][gc,heap        ] GC(155) Humongous regions: 31->31
[62.563s][info][gc,metaspace   ] GC(155) Metaspace: 66374K->66374K(1107968K)
[62.563s][info][gc             ] GC(155) Pause Young (Normal) (G1 Evacuation Pause) 349M->215M(593M) 477.437ms
[62.564s][info][gc,cpu         ] GC(155) User=0.47s Sys=0.00s Real=0.48s
[63.265s][info][gc,start       ] GC(156) Pause Young (Normal) (G1 Evacuation Pause)
[63.267s][info][gc,task        ] GC(156) Using 1 workers of 1 for evacuation
[63.639s][info][gc,mmu         ] GC(156) MMU target violated: 201.0ms (200.0ms/201.0ms)
[63.641s][info][gc,phases      ] GC(156)   Pre Evacuate Collection Set: 0.2ms
[63.642s][info][gc,phases      ] GC(156)   Evacuate Collection Set: 366.8ms
[63.642s][info][gc,phases      ] GC(156)   Post Evacuate Collection Set: 4.4ms
[63.643s][info][gc,phases      ] GC(156)   Other: 4.8ms
[63.643s][info][gc,heap        ] GC(156) Eden regions: 20->0(27)
[63.643s][info][gc,heap        ] GC(156) Survivor regions: 9->2(4)
[63.643s][info][gc,heap        ] GC(156) Old regions: 177->185
[63.643s][info][gc,heap        ] GC(156) Humongous regions: 31->31
[63.643s][info][gc,metaspace   ] GC(156) Metaspace: 66374K->66374K(1107968K)
[63.643s][info][gc             ] GC(156) Pause Young (Normal) (G1 Evacuation Pause) 235M->216M(593M) 378.024ms
[63.643s][info][gc,cpu         ] GC(156) User=0.36s Sys=0.01s Real=0.38s
[64.622s][info][gc,start       ] GC(157) Pause Young (Normal) (G1 Evacuation Pause)
[64.628s][info][gc,task        ] GC(157) Using 1 workers of 1 for evacuation
[64.825s][info][gc,phases      ] GC(157)   Pre Evacuate Collection Set: 0.2ms
[64.826s][info][gc,phases      ] GC(157)   Evacuate Collection Set: 180.5ms
[64.826s][info][gc,phases      ] GC(157)   Post Evacuate Collection Set: 14.4ms
[64.827s][info][gc,phases      ] GC(157)   Other: 8.9ms
[64.827s][info][gc,heap        ] GC(157) Eden regions: 27->0(38)
[64.827s][info][gc,heap        ] GC(157) Survivor regions: 2->4(4)
[64.827s][info][gc,heap        ] GC(157) Old regions: 185->185
[64.827s][info][gc,heap        ] GC(157) Humongous regions: 31->31
[64.827s][info][gc,metaspace   ] GC(157) Metaspace: 66374K->66374K(1107968K)
[64.827s][info][gc             ] GC(157) Pause Young (Normal) (G1 Evacuation Pause) 243M->218M(856M) 205.518ms
[64.827s][info][gc,cpu         ] GC(157) User=0.18s Sys=0.01s Real=0.21s
[66.820s][info][gc,start       ] GC(158) Pause Young (Normal) (G1 Evacuation Pause)
[66.821s][info][gc,task        ] GC(158) Using 1 workers of 1 for evacuation
[66.962s][info][gc,phases      ] GC(158)   Pre Evacuate Collection Set: 0.1ms
[66.963s][info][gc,phases      ] GC(158)   Evacuate Collection Set: 138.6ms
[66.963s][info][gc,phases      ] GC(158)   Post Evacuate Collection Set: 2.3ms
[66.963s][info][gc,phases      ] GC(158)   Other: 1.2ms
[66.963s][info][gc,heap        ] GC(158) Eden regions: 38->0(37)
[66.963s][info][gc,heap        ] GC(158) Survivor regions: 4->5(6)
[66.963s][info][gc,heap        ] GC(158) Old regions: 185->187
[66.963s][info][gc,heap        ] GC(158) Humongous regions: 40->40
[66.963s][info][gc,metaspace   ] GC(158) Metaspace: 66381K->66381K(1107968K)
[66.963s][info][gc             ] GC(158) Pause Young (Normal) (G1 Evacuation Pause) 265M->229M(856M) 142.764ms
[66.963s][info][gc,cpu         ] GC(158) User=0.13s Sys=0.01s Real=0.15s
[67.442s][info][gc,start       ] GC(159) Pause Young (Normal) (G1 Evacuation Pause)
[67.442s][info][gc,task        ] GC(159) Using 1 workers of 1 for evacuation
[67.589s][info][gc,phases      ] GC(159)   Pre Evacuate Collection Set: 0.1ms
[67.589s][info][gc,phases      ] GC(159)   Evacuate Collection Set: 145.2ms
[67.589s][info][gc,phases      ] GC(159)   Post Evacuate Collection Set: 1.7ms
[67.589s][info][gc,phases      ] GC(159)   Other: 0.8ms
[67.589s][info][gc,heap        ] GC(159) Eden regions: 37->0(36)
[67.589s][info][gc,heap        ] GC(159) Survivor regions: 5->6(6)
[67.589s][info][gc,heap        ] GC(159) Old regions: 187->189
[67.589s][info][gc,heap        ] GC(159) Humongous regions: 40->40
[67.589s][info][gc,metaspace   ] GC(159) Metaspace: 66381K->66381K(1107968K)
[67.590s][info][gc             ] GC(159) Pause Young (Normal) (G1 Evacuation Pause) 266M->232M(856M) 147.956ms
[67.590s][info][gc,cpu         ] GC(159) User=0.14s Sys=0.00s Real=0.15s
[68.048s][info][gc,start       ] GC(160) Pause Young (Normal) (G1 Evacuation Pause)
[68.048s][info][gc,task        ] GC(160) Using 1 workers of 1 for evacuation
[68.136s][info][gc,phases      ] GC(160)   Pre Evacuate Collection Set: 0.0ms
[68.136s][info][gc,phases      ] GC(160)   Evacuate Collection Set: 87.2ms
[68.136s][info][gc,phases      ] GC(160)   Post Evacuate Collection Set: 0.8ms
[68.136s][info][gc,phases      ] GC(160)   Other: 0.4ms
[68.136s][info][gc,heap        ] GC(160) Eden regions: 36->0(37)
[68.136s][info][gc,heap        ] GC(160) Survivor regions: 6->5(6)
[68.136s][info][gc,heap        ] GC(160) Old regions: 189->191
[68.136s][info][gc,heap        ] GC(160) Humongous regions: 40->40
[68.136s][info][gc,metaspace   ] GC(160) Metaspace: 66381K->66381K(1107968K)
[68.136s][info][gc             ] GC(160) Pause Young (Normal) (G1 Evacuation Pause) 268M->234M(856M) 88.503ms
[68.136s][info][gc,cpu         ] GC(160) User=0.09s Sys=0.00s Real=0.09s
[68.878s][info][gc,start       ] GC(161) Pause Young (Normal) (G1 Evacuation Pause)
[68.879s][info][gc,task        ] GC(161) Using 1 workers of 1 for evacuation
[68.928s][info][gc,phases      ] GC(161)   Pre Evacuate Collection Set: 0.1ms
[68.928s][info][gc,phases      ] GC(161)   Evacuate Collection Set: 48.5ms
[68.929s][info][gc,phases      ] GC(161)   Post Evacuate Collection Set: 1.1ms
[68.929s][info][gc,phases      ] GC(161)   Other: 0.5ms
[68.929s][info][gc,heap        ] GC(161) Eden regions: 37->0(40)
[68.929s][info][gc,heap        ] GC(161) Survivor regions: 5->6(6)
[68.929s][info][gc,heap        ] GC(161) Old regions: 191->195
[68.929s][info][gc,heap        ] GC(161) Humongous regions: 48->48
[68.929s][info][gc,metaspace   ] GC(161) Metaspace: 66393K->66393K(1107968K)
[68.929s][info][gc             ] GC(161) Pause Young (Normal) (G1 Evacuation Pause) 279M->247M(938M) 50.172ms
[68.929s][info][gc,cpu         ] GC(161) User=0.05s Sys=0.00s Real=0.05s
[69.087s][info][gc,start       ] GC(162) Pause Young (Normal) (G1 Evacuation Pause)
[69.087s][info][gc,task        ] GC(162) Using 1 workers of 1 for evacuation
[69.202s][info][gc,phases      ] GC(162)   Pre Evacuate Collection Set: 0.1ms
[69.202s][info][gc,phases      ] GC(162)   Evacuate Collection Set: 114.2ms
[69.202s][info][gc,phases      ] GC(162)   Post Evacuate Collection Set: 0.5ms
[69.202s][info][gc,phases      ] GC(162)   Other: 0.5ms
[69.202s][info][gc,heap        ] GC(162) Eden regions: 40->0(40)
[69.202s][info][gc,heap        ] GC(162) Survivor regions: 6->6(6)
[69.202s][info][gc,heap        ] GC(162) Old regions: 195->213
[69.202s][info][gc,heap        ] GC(162) Humongous regions: 56->56
[69.202s][info][gc,metaspace   ] GC(162) Metaspace: 66394K->66394K(1107968K)
[69.202s][info][gc             ] GC(162) Pause Young (Normal) (G1 Evacuation Pause) 295M->273M(938M) 115.390ms
[69.202s][info][gc,cpu         ] GC(162) User=0.11s Sys=0.00s Real=0.11s
[69.425s][info][gc,start       ] GC(163) Pause Young (Normal) (G1 Evacuation Pause)
[69.425s][info][gc,task        ] GC(163) Using 1 workers of 1 for evacuation
[69.496s][info][gc,phases      ] GC(163)   Pre Evacuate Collection Set: 0.0ms
[69.496s][info][gc,phases      ] GC(163)   Evacuate Collection Set: 70.7ms
[69.496s][info][gc,phases      ] GC(163)   Post Evacuate Collection Set: 0.5ms
[69.496s][info][gc,phases      ] GC(163)   Other: 0.4ms
[69.496s][info][gc,heap        ] GC(163) Eden regions: 40->0(41)
[69.496s][info][gc,heap        ] GC(163) Survivor regions: 6->5(6)
[69.496s][info][gc,heap        ] GC(163) Old regions: 213->219
[69.496s][info][gc,heap        ] GC(163) Humongous regions: 59->59
[69.496s][info][gc,metaspace   ] GC(163) Metaspace: 66394K->66394K(1107968K)
[69.496s][info][gc             ] GC(163) Pause Young (Normal) (G1 Evacuation Pause) 316M->281M(938M) 71.778ms
[69.496s][info][gc,cpu         ] GC(163) User=0.08s Sys=0.00s Real=0.07s
[69.629s][info][gc,start       ] GC(164) Pause Young (Normal) (G1 Evacuation Pause)
[69.630s][info][gc,task        ] GC(164) Using 1 workers of 1 for evacuation
[69.675s][info][gc,phases      ] GC(164)   Pre Evacuate Collection Set: 0.0ms
[69.675s][info][gc,phases      ] GC(164)   Evacuate Collection Set: 44.7ms
[69.675s][info][gc,phases      ] GC(164)   Post Evacuate Collection Set: 0.4ms
[69.675s][info][gc,phases      ] GC(164)   Other: 0.6ms
[69.675s][info][gc,heap        ] GC(164) Eden regions: 41->0(41)
[69.675s][info][gc,heap        ] GC(164) Survivor regions: 5->5(6)
[69.675s][info][gc,heap        ] GC(164) Old regions: 219->224
[69.675s][info][gc,heap        ] GC(164) Humongous regions: 62->62
[69.675s][info][gc,metaspace   ] GC(164) Metaspace: 66394K->66394K(1107968K)
[69.675s][info][gc             ] GC(164) Pause Young (Normal) (G1 Evacuation Pause) 325M->289M(938M) 45.838ms
[69.675s][info][gc,cpu         ] GC(164) User=0.04s Sys=0.00s Real=0.05s
[69.858s][info][gc,start       ] GC(165) Pause Young (Normal) (G1 Evacuation Pause)
[69.858s][info][gc,task        ] GC(165) Using 1 workers of 1 for evacuation
[69.886s][info][gc,phases      ] GC(165)   Pre Evacuate Collection Set: 0.0ms
[69.886s][info][gc,phases      ] GC(165)   Evacuate Collection Set: 27.3ms
[69.886s][info][gc,phases      ] GC(165)   Post Evacuate Collection Set: 0.3ms
[69.886s][info][gc,phases      ] GC(165)   Other: 0.3ms
[69.886s][info][gc,heap        ] GC(165) Eden regions: 41->0(53)
[69.886s][info][gc,heap        ] GC(165) Survivor regions: 5->4(6)
[69.886s][info][gc,heap        ] GC(165) Old regions: 224->228
[69.886s][info][gc,heap        ] GC(165) Humongous regions: 62->62
[69.886s][info][gc,metaspace   ] GC(165) Metaspace: 66394K->66394K(1107968K)
[69.886s][info][gc             ] GC(165) Pause Young (Normal) (G1 Evacuation Pause) 330M->292M(938M) 28.070ms
[69.886s][info][gc,cpu         ] GC(165) User=0.02s Sys=0.00s Real=0.03s
[70.093s][info][gc,start       ] GC(166) Pause Young (Normal) (G1 Evacuation Pause)
[70.093s][info][gc,task        ] GC(166) Using 1 workers of 1 for evacuation
[70.134s][info][gc,phases      ] GC(166)   Pre Evacuate Collection Set: 0.0ms
[70.135s][info][gc,phases      ] GC(166)   Evacuate Collection Set: 40.5ms
[70.135s][info][gc,phases      ] GC(166)   Post Evacuate Collection Set: 0.5ms
[70.135s][info][gc,phases      ] GC(166)   Other: 0.4ms
[70.135s][info][gc,heap        ] GC(166) Eden regions: 53->0(60)
[70.135s][info][gc,heap        ] GC(166) Survivor regions: 4->8(8)
[70.135s][info][gc,heap        ] GC(166) Old regions: 228->229
[70.135s][info][gc,heap        ] GC(166) Humongous regions: 67->67
[70.135s][info][gc,metaspace   ] GC(166) Metaspace: 66394K->66394K(1107968K)
[70.135s][info][gc             ] GC(166) Pause Young (Normal) (G1 Evacuation Pause) 350M->302M(938M) 41.596ms
[70.135s][info][gc,cpu         ] GC(166) User=0.04s Sys=0.00s Real=0.04s
[70.318s][info][gc,start       ] GC(167) Pause Young (Normal) (G1 Evacuation Pause)
[70.318s][info][gc,task        ] GC(167) Using 1 workers of 1 for evacuation
[70.370s][info][gc,phases      ] GC(167)   Pre Evacuate Collection Set: 0.0ms
[70.370s][info][gc,phases      ] GC(167)   Evacuate Collection Set: 51.0ms
[70.370s][info][gc,phases      ] GC(167)   Post Evacuate Collection Set: 0.6ms
[70.370s][info][gc,phases      ] GC(167)   Other: 0.3ms
[70.370s][info][gc,heap        ] GC(167) Eden regions: 60->0(69)
[70.370s][info][gc,heap        ] GC(167) Survivor regions: 8->5(9)
[70.370s][info][gc,heap        ] GC(167) Old regions: 229->236
[70.370s][info][gc,heap        ] GC(167) Humongous regions: 67->67
[70.370s][info][gc,metaspace   ] GC(167) Metaspace: 66394K->66394K(1107968K)
[70.370s][info][gc             ] GC(167) Pause Young (Normal) (G1 Evacuation Pause) 362M->306M(938M) 51.970ms
[70.370s][info][gc,cpu         ] GC(167) User=0.05s Sys=0.00s Real=0.06s
[70.634s][info][gc,start       ] GC(168) Pause Young (Normal) (G1 Evacuation Pause)
[70.634s][info][gc,task        ] GC(168) Using 1 workers of 1 for evacuation
[70.673s][info][gc,phases      ] GC(168)   Pre Evacuate Collection Set: 0.1ms
[70.673s][info][gc,phases      ] GC(168)   Evacuate Collection Set: 38.3ms
[70.673s][info][gc,phases      ] GC(168)   Post Evacuate Collection Set: 0.5ms
[70.673s][info][gc,phases      ] GC(168)   Other: 0.3ms
[70.673s][info][gc,heap        ] GC(168) Eden regions: 69->0(81)
[70.673s][info][gc,heap        ] GC(168) Survivor regions: 5->9(10)
[70.673s][info][gc,heap        ] GC(168) Old regions: 236->236
[70.673s][info][gc,heap        ] GC(168) Humongous regions: 67->67
[70.673s][info][gc,metaspace   ] GC(168) Metaspace: 66394K->66394K(1107968K)
[70.673s][info][gc             ] GC(168) Pause Young (Normal) (G1 Evacuation Pause) 375M->310M(938M) 39.253ms
[70.673s][info][gc,cpu         ] GC(168) User=0.04s Sys=0.00s Real=0.04s
[70.990s][info][gc,start       ] GC(169) Pause Young (Normal) (G1 Evacuation Pause)
[70.990s][info][gc,task        ] GC(169) Using 1 workers of 1 for evacuation
[71.033s][info][gc,phases      ] GC(169)   Pre Evacuate Collection Set: 0.0ms
[71.033s][info][gc,phases      ] GC(169)   Evacuate Collection Set: 42.8ms
[71.033s][info][gc,phases      ] GC(169)   Post Evacuate Collection Set: 0.7ms
[71.033s][info][gc,phases      ] GC(169)   Other: 0.4ms
[71.033s][info][gc,heap        ] GC(169) Eden regions: 81->0(99)
[71.033s][info][gc,heap        ] GC(169) Survivor regions: 9->9(12)
[71.033s][info][gc,heap        ] GC(169) Old regions: 236->240
[71.033s][info][gc,heap        ] GC(169) Humongous regions: 67->67
[71.034s][info][gc,metaspace   ] GC(169) Metaspace: 66396K->66396K(1107968K)
[71.034s][info][gc             ] GC(169) Pause Young (Normal) (G1 Evacuation Pause) 391M->313M(960M) 44.006ms
[71.034s][info][gc,cpu         ] GC(169) User=0.04s Sys=0.00s Real=0.05s
[71.341s][info][gc,start       ] GC(170) Pause Young (Normal) (G1 Evacuation Pause)
[71.342s][info][gc,task        ] GC(170) Using 1 workers of 1 for evacuation
[71.407s][info][gc,phases      ] GC(170)   Pre Evacuate Collection Set: 0.0ms
[71.407s][info][gc,phases      ] GC(170)   Evacuate Collection Set: 65.0ms
[71.407s][info][gc,phases      ] GC(170)   Post Evacuate Collection Set: 0.6ms
[71.407s][info][gc,phases      ] GC(170)   Other: 0.4ms
[71.407s][info][gc,heap        ] GC(170) Eden regions: 59->0(90)
[71.407s][info][gc,heap        ] GC(170) Survivor regions: 9->5(9)
[71.407s][info][gc,heap        ] GC(170) Old regions: 240->248
[71.407s][info][gc,heap        ] GC(170) Humongous regions: 76->76
[71.407s][info][gc,metaspace   ] GC(170) Metaspace: 66396K->66396K(1107968K)
[71.408s][info][gc             ] GC(170) Pause Young (Normal) (G1 Evacuation Pause) 381M->326M(960M) 66.112ms
[71.408s][info][gc,cpu         ] GC(170) User=0.07s Sys=0.00s Real=0.07s
[72.102s][info][gc,start       ] GC(171) Pause Young (Normal) (G1 Evacuation Pause)
[72.102s][info][gc,task        ] GC(171) Using 1 workers of 1 for evacuation
[72.154s][info][gc,phases      ] GC(171)   Pre Evacuate Collection Set: 0.0ms
[72.154s][info][gc,phases      ] GC(171)   Evacuate Collection Set: 51.8ms
[72.154s][info][gc,phases      ] GC(171)   Post Evacuate Collection Set: 0.5ms
[72.154s][info][gc,phases      ] GC(171)   Other: 0.4ms
[72.154s][info][gc,heap        ] GC(171) Eden regions: 50->0(108)
[72.154s][info][gc,heap        ] GC(171) Survivor regions: 5->3(7)
[72.154s][info][gc,heap        ] GC(171) Old regions: 248->251
[72.154s][info][gc,heap        ] GC(171) Humongous regions: 81->81
[72.155s][info][gc,metaspace   ] GC(171) Metaspace: 66400K->66400K(1107968K)
[72.155s][info][gc             ] GC(171) Pause Young (Normal) (G1 Evacuation Pause) 381M->333M(960M) 52.887ms
[72.155s][info][gc,cpu         ] GC(171) User=0.05s Sys=0.00s Real=0.06s
[72.517s][info][gc,start       ] GC(172) Pause Young (Normal) (G1 Evacuation Pause)
[72.517s][info][gc,task        ] GC(172) Using 1 workers of 1 for evacuation
[72.622s][info][gc,phases      ] GC(172)   Pre Evacuate Collection Set: 0.1ms
[72.622s][info][gc,phases      ] GC(172)   Evacuate Collection Set: 104.2ms
[72.622s][info][gc,phases      ] GC(172)   Post Evacuate Collection Set: 0.8ms
[72.623s][info][gc,phases      ] GC(172)   Other: 0.5ms
[72.623s][info][gc,heap        ] GC(172) Eden regions: 108->0(107)
[72.623s][info][gc,heap        ] GC(172) Survivor regions: 3->14(14)
[72.623s][info][gc,heap        ] GC(172) Old regions: 251->268
[72.623s][info][gc,heap        ] GC(172) Humongous regions: 95->95
[72.623s][info][gc,metaspace   ] GC(172) Metaspace: 66409K->66409K(1107968K)
[72.623s][info][gc             ] GC(172) Pause Young (Normal) (G1 Evacuation Pause) 455M->375M(960M) 105.790ms
[72.623s][info][gc,cpu         ] GC(172) User=0.11s Sys=0.00s Real=0.11s
[73.022s][info][gc,start       ] GC(173) Pause Young (Normal) (G1 Evacuation Pause)
[73.022s][info][gc,task        ] GC(173) Using 1 workers of 1 for evacuation
[73.131s][info][gc,phases      ] GC(173)   Pre Evacuate Collection Set: 0.0ms
[73.131s][info][gc,phases      ] GC(173)   Evacuate Collection Set: 107.1ms
[73.131s][info][gc,phases      ] GC(173)   Post Evacuate Collection Set: 0.9ms
[73.131s][info][gc,phases      ] GC(173)   Other: 0.3ms
[73.131s][info][gc,heap        ] GC(173) Eden regions: 107->0(109)
[73.131s][info][gc,heap        ] GC(173) Survivor regions: 14->11(16)
[73.131s][info][gc,heap        ] GC(173) Old regions: 268->282
[73.131s][info][gc,heap        ] GC(173) Humongous regions: 103->103
[73.131s][info][gc,metaspace   ] GC(173) Metaspace: 66410K->66410K(1107968K)
[73.131s][info][gc             ] GC(173) Pause Young (Normal) (G1 Evacuation Pause) 490M->394M(1021M) 108.400ms
[73.131s][info][gc,cpu         ] GC(173) User=0.11s Sys=0.00s Real=0.11s
[73.502s][info][gc,start       ] GC(174) Pause Young (Normal) (G1 Evacuation Pause)
[73.502s][info][gc,task        ] GC(174) Using 1 workers of 1 for evacuation
[73.566s][info][gc,phases      ] GC(174)   Pre Evacuate Collection Set: 0.1ms
[73.566s][info][gc,phases      ] GC(174)   Evacuate Collection Set: 62.9ms
[73.566s][info][gc,phases      ] GC(174)   Post Evacuate Collection Set: 0.4ms
[73.566s][info][gc,phases      ] GC(174)   Other: 0.7ms
[73.566s][info][gc,heap        ] GC(174) Eden regions: 109->0(124)
[73.566s][info][gc,heap        ] GC(174) Survivor regions: 11->8(15)
[73.566s][info][gc,heap        ] GC(174) Old regions: 282->292
[73.566s][info][gc,heap        ] GC(174) Humongous regions: 103->103
[73.566s][info][gc,metaspace   ] GC(174) Metaspace: 66410K->66410K(1107968K)
[73.566s][info][gc             ] GC(174) Pause Young (Normal) (G1 Evacuation Pause) 503M->401M(1021M) 64.151ms
[73.566s][info][gc,cpu         ] GC(174) User=0.06s Sys=0.00s Real=0.07s
[73.952s][info][gc,start       ] GC(175) Pause Young (Normal) (G1 Evacuation Pause)
[73.952s][info][gc,task        ] GC(175) Using 1 workers of 1 for evacuation
[73.996s][info][gc,phases      ] GC(175)   Pre Evacuate Collection Set: 0.1ms
[73.996s][info][gc,phases      ] GC(175)   Evacuate Collection Set: 43.4ms
[73.996s][info][gc,phases      ] GC(175)   Post Evacuate Collection Set: 0.4ms
[73.996s][info][gc,phases      ] GC(175)   Other: 0.3ms
[73.996s][info][gc,heap        ] GC(175) Eden regions: 124->0(147)
[73.996s][info][gc,heap        ] GC(175) Survivor regions: 8->13(17)
[73.996s][info][gc,heap        ] GC(175) Old regions: 292->292
[73.996s][info][gc,heap        ] GC(175) Humongous regions: 103->103
[73.996s][info][gc,metaspace   ] GC(175) Metaspace: 66410K->66410K(1107968K)
[73.996s][info][gc             ] GC(175) Pause Young (Normal) (G1 Evacuation Pause) 525M->406M(1021M) 44.171ms
[73.996s][info][gc,cpu         ] GC(175) User=0.04s Sys=0.00s Real=0.04s
[74.675s][info][gc,start       ] GC(176) Pause Young (Normal) (G1 Evacuation Pause)
[74.675s][info][gc,task        ] GC(176) Using 1 workers of 1 for evacuation
[74.816s][info][gc,phases      ] GC(176)   Pre Evacuate Collection Set: 0.1ms
[74.816s][info][gc,phases      ] GC(176)   Evacuate Collection Set: 140.1ms
[74.816s][info][gc,phases      ] GC(176)   Post Evacuate Collection Set: 0.7ms
[74.816s][info][gc,phases      ] GC(176)   Other: 0.3ms
[74.816s][info][gc,heap        ] GC(176) Eden regions: 99->0(45)
[74.816s][info][gc,heap        ] GC(176) Survivor regions: 13->6(14)
[74.816s][info][gc,heap        ] GC(176) Old regions: 292->305
[74.816s][info][gc,heap        ] GC(176) Humongous regions: 115->115
[74.816s][info][gc,metaspace   ] GC(176) Metaspace: 66410K->66410K(1107968K)
[74.816s][info][gc             ] GC(176) Pause Young (Normal) (G1 Evacuation Pause) 517M->424M(1021M) 141.320ms
[74.816s][info][gc,cpu         ] GC(176) User=0.14s Sys=0.00s Real=0.14s
[75.413s][info][gc,start       ] GC(177) Pause Young (Normal) (G1 Evacuation Pause)
[75.413s][info][gc,task        ] GC(177) Using 1 workers of 1 for evacuation
[75.480s][info][gc,phases      ] GC(177)   Pre Evacuate Collection Set: 0.1ms
[75.480s][info][gc,phases      ] GC(177)   Evacuate Collection Set: 66.1ms
[75.480s][info][gc,phases      ] GC(177)   Post Evacuate Collection Set: 0.7ms
[75.480s][info][gc,phases      ] GC(177)   Other: 0.3ms
[75.480s][info][gc,heap        ] GC(177) Eden regions: 45->0(60)
[75.480s][info][gc,heap        ] GC(177) Survivor regions: 6->7(7)
[75.480s][info][gc,heap        ] GC(177) Old regions: 305->313
[75.480s][info][gc,heap        ] GC(177) Humongous regions: 128->123
[75.480s][info][gc,metaspace   ] GC(177) Metaspace: 66439K->66439K(1107968K)
[75.480s][info][gc             ] GC(177) Pause Young (Normal) (G1 Evacuation Pause) 482M->441M(1075M) 67.294ms
[75.480s][info][gc,cpu         ] GC(177) User=0.06s Sys=0.00s Real=0.06s
[75.698s][info][gc,start       ] GC(178) Pause Young (Normal) (G1 Evacuation Pause)
[75.698s][info][gc,task        ] GC(178) Using 1 workers of 1 for evacuation
[75.783s][info][gc,phases      ] GC(178)   Pre Evacuate Collection Set: 0.1ms
[75.783s][info][gc,phases      ] GC(178)   Evacuate Collection Set: 84.3ms
[75.783s][info][gc,phases      ] GC(178)   Post Evacuate Collection Set: 0.4ms
[75.783s][info][gc,phases      ] GC(178)   Other: 0.4ms
[75.783s][info][gc,heap        ] GC(178) Eden regions: 60->0(49)
[75.783s][info][gc,heap        ] GC(178) Survivor regions: 7->9(9)
[75.783s][info][gc,heap        ] GC(178) Old regions: 313->332
[75.783s][info][gc,heap        ] GC(178) Humongous regions: 139->139
[75.783s][info][gc,metaspace   ] GC(178) Metaspace: 66441K->66441K(1107968K)
[75.783s][info][gc             ] GC(178) Pause Young (Normal) (G1 Evacuation Pause) 517M->478M(1075M) 85.207ms
[75.783s][info][gc,cpu         ] GC(178) User=0.09s Sys=0.00s Real=0.09s
[76.180s][info][gc,start       ] GC(179) Pause Young (Normal) (G1 Evacuation Pause)
[76.180s][info][gc,task        ] GC(179) Using 1 workers of 1 for evacuation
[76.278s][info][gc,phases      ] GC(179)   Pre Evacuate Collection Set: 0.1ms
[76.278s][info][gc,phases      ] GC(179)   Evacuate Collection Set: 95.9ms
[76.278s][info][gc,phases      ] GC(179)   Post Evacuate Collection Set: 0.9ms
[76.278s][info][gc,phases      ] GC(179)   Other: 0.4ms
[76.278s][info][gc,heap        ] GC(179) Eden regions: 49->0(53)
[76.278s][info][gc,heap        ] GC(179) Survivor regions: 9->8(8)
[76.278s][info][gc,heap        ] GC(179) Old regions: 332->342
[76.278s][info][gc,heap        ] GC(179) Humongous regions: 139->139
[76.278s][info][gc,metaspace   ] GC(179) Metaspace: 66441K->66441K(1107968K)
[76.278s][info][gc             ] GC(179) Pause Young (Normal) (G1 Evacuation Pause) 527M->487M(1075M) 97.422ms
[76.278s][info][gc,cpu         ] GC(179) User=0.10s Sys=0.00s Real=0.10s
[76.423s][info][gc,start       ] GC(180) Pause Young (Concurrent Start) (G1 Humongous Allocation)
[76.423s][info][gc,task        ] GC(180) Using 1 workers of 1 for evacuation
[76.480s][info][gc,phases      ] GC(180)   Pre Evacuate Collection Set: 0.4ms
[76.480s][info][gc,phases      ] GC(180)   Evacuate Collection Set: 55.2ms
[76.480s][info][gc,phases      ] GC(180)   Post Evacuate Collection Set: 0.4ms
[76.480s][info][gc,phases      ] GC(180)   Other: 0.3ms
[76.480s][info][gc,heap        ] GC(180) Eden regions: 40->0(72)
[76.480s][info][gc,heap        ] GC(180) Survivor regions: 8->5(8)
[76.480s][info][gc,heap        ] GC(180) Old regions: 342->350
[76.480s][info][gc,heap        ] GC(180) Humongous regions: 142->142
[76.480s][info][gc,metaspace   ] GC(180) Metaspace: 66441K->66441K(1107968K)
[76.480s][info][gc             ] GC(180) Pause Young (Concurrent Start) (G1 Humongous Allocation) 530M->495M(1075M) 56.434ms
[76.480s][info][gc,cpu         ] GC(180) User=0.06s Sys=0.00s Real=0.05s
[76.480s][info][gc             ] GC(181) Concurrent Cycle
[76.480s][info][gc,marking     ] GC(181) Concurrent Clear Claimed Marks
[76.480s][info][gc,marking     ] GC(181) Concurrent Clear Claimed Marks 0.383ms
[76.480s][info][gc,marking     ] GC(181) Concurrent Scan Root Regions
[76.484s][info][gc,marking     ] GC(181) Concurrent Scan Root Regions 4.158ms
[76.484s][info][gc,marking     ] GC(181) Concurrent Mark (76.484s)
[76.484s][info][gc,marking     ] GC(181) Concurrent Mark From Roots
[76.484s][info][gc,task        ] GC(181) Using 1 workers of 1 for marking
[76.974s][info][gc,marking     ] GC(181) Concurrent Mark From Roots 490.007ms
[76.975s][info][gc,marking     ] GC(181) Concurrent Preclean
[76.975s][info][gc,marking     ] GC(181) Concurrent Preclean 0.147ms
[76.975s][info][gc,marking     ] GC(181) Concurrent Mark (76.484s, 76.975s) 490.332ms
[76.977s][info][gc,start       ] GC(181) Pause Remark
[76.997s][info][gc,stringtable ] GC(181) Cleaned string and symbol table, strings: 23231 processed, 24 removed, symbols: 139904 processed, 0 removed
[76.998s][info][gc             ] GC(181) Pause Remark 567M->281M(1075M) 20.683ms
[76.998s][info][gc,cpu         ] GC(181) User=0.02s Sys=0.00s Real=0.02s
[76.998s][info][gc,marking     ] GC(181) Concurrent Rebuild Remembered Sets
[77.034s][info][gc,start       ] GC(182) Pause Young (Normal) (G1 Evacuation Pause)
[77.034s][info][gc,task        ] GC(182) Using 1 workers of 1 for evacuation
[77.077s][info][gc,phases      ] GC(182)   Pre Evacuate Collection Set: 0.0ms
[77.077s][info][gc,phases      ] GC(182)   Evacuate Collection Set: 41.6ms
[77.077s][info][gc,phases      ] GC(182)   Post Evacuate Collection Set: 0.8ms
[77.077s][info][gc,phases      ] GC(182)   Other: 0.2ms
[77.077s][info][gc,heap        ] GC(182) Eden regions: 72->0(45)
[77.077s][info][gc,heap        ] GC(182) Survivor regions: 5->10(10)
[77.077s][info][gc,heap        ] GC(182) Old regions: 190->191
[77.077s][info][gc,heap        ] GC(182) Humongous regions: 19->19
[77.077s][info][gc,metaspace   ] GC(182) Metaspace: 66442K->66442K(1107968K)
[77.077s][info][gc             ] GC(182) Pause Young (Normal) (G1 Evacuation Pause) 284M->218M(1108M) 42.790ms
[77.077s][info][gc,cpu         ] GC(182) User=0.04s Sys=0.00s Real=0.04s
[77.409s][info][gc,marking     ] GC(181) Concurrent Rebuild Remembered Sets 411.555ms
[77.413s][info][gc,start       ] GC(181) Pause Cleanup
[77.413s][info][gc             ] GC(181) Pause Cleanup 268M->268M(1108M) 0.475ms
[77.413s][info][gc,cpu         ] GC(181) User=0.00s Sys=0.00s Real=0.00s
[77.413s][info][gc,marking     ] GC(181) Concurrent Cleanup for Next Mark
[77.415s][info][gc,start       ] GC(183) Pause Young (Normal) (G1 Evacuation Pause)
[77.415s][info][gc,task        ] GC(183) Using 1 workers of 1 for evacuation
[77.464s][info][gc,phases      ] GC(183)   Pre Evacuate Collection Set: 0.0ms
[77.464s][info][gc,phases      ] GC(183)   Evacuate Collection Set: 48.9ms
[77.464s][info][gc,phases      ] GC(183)   Post Evacuate Collection Set: 0.5ms
[77.464s][info][gc,phases      ] GC(183)   Other: 0.2ms
[77.464s][info][gc,heap        ] GC(183) Eden regions: 45->0(61)
[77.464s][info][gc,heap        ] GC(183) Survivor regions: 10->4(7)
[77.464s][info][gc,heap        ] GC(183) Old regions: 191->201
[77.464s][info][gc,heap        ] GC(183) Humongous regions: 24->24
[77.464s][info][gc,metaspace   ] GC(183) Metaspace: 66443K->66443K(1107968K)
[77.464s][info][gc             ] GC(183) Pause Young (Normal) (G1 Evacuation Pause) 268M->227M(1108M) 49.602ms
[77.464s][info][gc,cpu         ] GC(183) User=0.05s Sys=0.00s Real=0.05s
[77.473s][info][gc,marking     ] GC(181) Concurrent Cleanup for Next Mark 59.740ms
[77.473s][info][gc             ] GC(181) Concurrent Cycle 993.224ms
[77.649s][info][gc,start       ] GC(184) Pause Young (Normal) (G1 Evacuation Pause)
[77.649s][info][gc,task        ] GC(184) Using 1 workers of 1 for evacuation
[77.679s][info][gc,phases      ] GC(184)   Pre Evacuate Collection Set: 0.1ms
[77.679s][info][gc,phases      ] GC(184)   Evacuate Collection Set: 28.8ms
[77.679s][info][gc,phases      ] GC(184)   Post Evacuate Collection Set: 0.4ms
[77.679s][info][gc,phases      ] GC(184)   Other: 0.4ms
[77.679s][info][gc,heap        ] GC(184) Eden regions: 61->0(78)
[77.679s][info][gc,heap        ] GC(184) Survivor regions: 4->8(9)
[77.679s][info][gc,heap        ] GC(184) Old regions: 201->201
[77.679s][info][gc,heap        ] GC(184) Humongous regions: 24->24
[77.679s][info][gc,metaspace   ] GC(184) Metaspace: 66443K->66443K(1107968K)
[77.679s][info][gc             ] GC(184) Pause Young (Normal) (G1 Evacuation Pause) 288M->231M(1108M) 29.673ms
[77.679s][info][gc,cpu         ] GC(184) User=0.03s Sys=0.00s Real=0.03s
[78.001s][info][gc,start       ] GC(185) Pause Young (Normal) (G1 Evacuation Pause)
[78.001s][info][gc,task        ] GC(185) Using 1 workers of 1 for evacuation
[78.043s][info][gc,phases      ] GC(185)   Pre Evacuate Collection Set: 0.1ms
[78.043s][info][gc,phases      ] GC(185)   Evacuate Collection Set: 40.6ms
[78.043s][info][gc,phases      ] GC(185)   Post Evacuate Collection Set: 0.4ms
[78.043s][info][gc,phases      ] GC(185)   Other: 0.3ms
[78.043s][info][gc,heap        ] GC(185) Eden regions: 78->0(99)
[78.043s][info][gc,heap        ] GC(185) Survivor regions: 8->9(11)
[78.043s][info][gc,heap        ] GC(185) Old regions: 201->204
[78.043s][info][gc,heap        ] GC(185) Humongous regions: 24->24
[78.043s][info][gc,metaspace   ] GC(185) Metaspace: 66443K->66443K(1107968K)
[78.043s][info][gc             ] GC(185) Pause Young (Normal) (G1 Evacuation Pause) 309M->235M(1108M) 41.400ms
[78.043s][info][gc,cpu         ] GC(185) User=0.04s Sys=0.00s Real=0.05s
[78.432s][info][gc,start       ] GC(186) Pause Young (Normal) (G1 Evacuation Pause)
[78.432s][info][gc,task        ] GC(186) Using 1 workers of 1 for evacuation
[78.554s][info][gc,phases      ] GC(186)   Pre Evacuate Collection Set: 0.1ms
[78.554s][info][gc,phases      ] GC(186)   Evacuate Collection Set: 120.9ms
[78.554s][info][gc,phases      ] GC(186)   Post Evacuate Collection Set: 0.7ms
[78.554s][info][gc,phases      ] GC(186)   Other: 0.3ms
[78.554s][info][gc,heap        ] GC(186) Eden regions: 99->0(43)
[78.554s][info][gc,heap        ] GC(186) Survivor regions: 9->12(14)
[78.554s][info][gc,heap        ] GC(186) Old regions: 204->207
[78.554s][info][gc,heap        ] GC(186) Humongous regions: 33->33
[78.554s][info][gc,metaspace   ] GC(186) Metaspace: 66443K->66443K(1107968K)
[78.554s][info][gc             ] GC(186) Pause Young (Normal) (G1 Evacuation Pause) 343M->250M(1108M) 122.018ms
[78.554s][info][gc,cpu         ] GC(186) User=0.12s Sys=0.00s Real=0.12s
[79.186s][info][gc,start       ] GC(187) Pause Young (Normal) (G1 Evacuation Pause)
[79.186s][info][gc,task        ] GC(187) Using 1 workers of 1 for evacuation
[79.279s][info][gc,phases      ] GC(187)   Pre Evacuate Collection Set: 0.1ms
[79.279s][info][gc,phases      ] GC(187)   Evacuate Collection Set: 91.4ms
[79.279s][info][gc,phases      ] GC(187)   Post Evacuate Collection Set: 0.9ms
[79.279s][info][gc,phases      ] GC(187)   Other: 0.4ms
[79.279s][info][gc,heap        ] GC(187) Eden regions: 43->0(52)
[79.279s][info][gc,heap        ] GC(187) Survivor regions: 12->4(7)
[79.279s][info][gc,heap        ] GC(187) Old regions: 207->218
[79.279s][info][gc,heap        ] GC(187) Humongous regions: 41->41
[79.279s][info][gc,metaspace   ] GC(187) Metaspace: 66457K->66457K(1107968K)
[79.279s][info][gc             ] GC(187) Pause Young (Normal) (G1 Evacuation Pause) 301M->261M(1131M) 92.914ms
[79.279s][info][gc,cpu         ] GC(187) User=0.09s Sys=0.00s Real=0.09s
[79.508s][info][gc,start       ] GC(188) Pause Young (Normal) (G1 Evacuation Pause)
[79.509s][info][gc,task        ] GC(188) Using 1 workers of 1 for evacuation
[79.605s][info][gc,phases      ] GC(188)   Pre Evacuate Collection Set: 0.1ms
[79.605s][info][gc,phases      ] GC(188)   Evacuate Collection Set: 95.7ms
[79.605s][info][gc,phases      ] GC(188)   Post Evacuate Collection Set: 0.8ms
[79.605s][info][gc,phases      ] GC(188)   Other: 0.3ms
[79.605s][info][gc,heap        ] GC(188) Eden regions: 52->0(49)
[79.605s][info][gc,heap        ] GC(188) Survivor regions: 4->7(7)
[79.605s][info][gc,heap        ] GC(188) Old regions: 218->229
[79.605s][info][gc,heap        ] GC(188) Humongous regions: 52->52
[79.605s][info][gc,metaspace   ] GC(188) Metaspace: 66458K->66458K(1107968K)
[79.606s][info][gc             ] GC(188) Pause Young (Normal) (G1 Evacuation Pause) 324M->286M(1131M) 96.999ms
[79.606s][info][gc,cpu         ] GC(188) User=0.10s Sys=0.00s Real=0.10s
[79.738s][info][gc,start       ] GC(189) Pause Young (Normal) (G1 Evacuation Pause)
[79.738s][info][gc,task        ] GC(189) Using 1 workers of 1 for evacuation
[79.874s][info][gc,phases      ] GC(189)   Pre Evacuate Collection Set: 0.1ms
[79.874s][info][gc,phases      ] GC(189)   Evacuate Collection Set: 135.3ms
[79.874s][info][gc,phases      ] GC(189)   Post Evacuate Collection Set: 0.4ms
[79.874s][info][gc,phases      ] GC(189)   Other: 0.6ms
[79.874s][info][gc,heap        ] GC(189) Eden regions: 49->0(49)
[79.874s][info][gc,heap        ] GC(189) Survivor regions: 7->7(7)
[79.874s][info][gc,heap        ] GC(189) Old regions: 229->248
[79.874s][info][gc,heap        ] GC(189) Humongous regions: 60->60
[79.874s][info][gc,metaspace   ] GC(189) Metaspace: 66458K->66458K(1107968K)
[79.874s][info][gc             ] GC(189) Pause Young (Normal) (G1 Evacuation Pause) 343M->313M(1131M) 136.616ms
[79.874s][info][gc,cpu         ] GC(189) User=0.13s Sys=0.00s Real=0.14s
[79.990s][info][gc,start       ] GC(190) Pause Young (Normal) (G1 Evacuation Pause)
[79.990s][info][gc,task        ] GC(190) Using 1 workers of 1 for evacuation
[80.030s][info][gc,phases      ] GC(190)   Pre Evacuate Collection Set: 0.1ms
[80.030s][info][gc,phases      ] GC(190)   Evacuate Collection Set: 39.2ms
[80.030s][info][gc,phases      ] GC(190)   Post Evacuate Collection Set: 0.4ms
[80.030s][info][gc,phases      ] GC(190)   Other: 0.3ms
[80.030s][info][gc,heap        ] GC(190) Eden regions: 49->0(50)
[80.030s][info][gc,heap        ] GC(190) Survivor regions: 7->6(7)
[80.030s][info][gc,heap        ] GC(190) Old regions: 248->255
[80.030s][info][gc,heap        ] GC(190) Humongous regions: 63->63
[80.030s][info][gc,metaspace   ] GC(190) Metaspace: 66458K->66458K(1107968K)
[80.030s][info][gc             ] GC(190) Pause Young (Normal) (G1 Evacuation Pause) 365M->322M(1131M) 40.077ms
[80.030s][info][gc,cpu         ] GC(190) User=0.03s Sys=0.01s Real=0.04s
[80.198s][info][gc,start       ] GC(191) Pause Young (Normal) (G1 Evacuation Pause)
[80.198s][info][gc,task        ] GC(191) Using 1 workers of 1 for evacuation
[80.237s][info][gc,phases      ] GC(191)   Pre Evacuate Collection Set: 0.1ms
[80.237s][info][gc,phases      ] GC(191)   Evacuate Collection Set: 38.3ms
[80.237s][info][gc,phases      ] GC(191)   Post Evacuate Collection Set: 0.5ms
[80.237s][info][gc,phases      ] GC(191)   Other: 0.3ms
[80.237s][info][gc,heap        ] GC(191) Eden regions: 50->0(60)
[80.237s][info][gc,heap        ] GC(191) Survivor regions: 6->6(7)
[80.237s][info][gc,heap        ] GC(191) Old regions: 255->260
[80.237s][info][gc,heap        ] GC(191) Humongous regions: 66->66
[80.237s][info][gc,metaspace   ] GC(191) Metaspace: 66458K->66458K(1107968K)
[80.237s][info][gc             ] GC(191) Pause Young (Normal) (G1 Evacuation Pause) 375M->330M(1160M) 39.214ms
[80.237s][info][gc,cpu         ] GC(191) User=0.04s Sys=0.00s Real=0.04s
[80.440s][info][gc,start       ] GC(192) Pause Young (Normal) (G1 Evacuation Pause)
[80.440s][info][gc,task        ] GC(192) Using 1 workers of 1 for evacuation
[80.512s][info][gc,phases      ] GC(192)   Pre Evacuate Collection Set: 0.1ms
[80.512s][info][gc,phases      ] GC(192)   Evacuate Collection Set: 71.1ms
[80.512s][info][gc,phases      ] GC(192)   Post Evacuate Collection Set: 0.4ms
[80.512s][info][gc,phases      ] GC(192)   Other: 0.6ms
[80.512s][info][gc,heap        ] GC(192) Eden regions: 60->0(68)
[80.512s][info][gc,heap        ] GC(192) Survivor regions: 6->6(9)
[80.512s][info][gc,heap        ] GC(192) Old regions: 260->265
[80.512s][info][gc,heap        ] GC(192) Humongous regions: 71->71
[80.512s][info][gc,metaspace   ] GC(192) Metaspace: 66458K->66458K(1107968K)
[80.512s][info][gc             ] GC(192) Pause Young (Normal) (G1 Evacuation Pause) 395M->340M(1160M) 72.249ms
[80.512s][info][gc,cpu         ] GC(192) User=0.07s Sys=0.00s Real=0.08s
[80.779s][info][gc,start       ] GC(193) Pause Young (Normal) (G1 Evacuation Pause)
[80.780s][info][gc,task        ] GC(193) Using 1 workers of 1 for evacuation
[80.818s][info][gc,phases      ] GC(193)   Pre Evacuate Collection Set: 0.1ms
[80.818s][info][gc,phases      ] GC(193)   Evacuate Collection Set: 37.9ms
[80.818s][info][gc,phases      ] GC(193)   Post Evacuate Collection Set: 0.4ms
[80.818s][info][gc,phases      ] GC(193)   Other: 0.3ms
[80.818s][info][gc,heap        ] GC(193) Eden regions: 68->0(89)
[80.818s][info][gc,heap        ] GC(193) Survivor regions: 6->6(10)
[80.818s][info][gc,heap        ] GC(193) Old regions: 265->270
[80.818s][info][gc,heap        ] GC(193) Humongous regions: 71->71
[80.818s][info][gc,metaspace   ] GC(193) Metaspace: 66461K->66461K(1107968K)
[80.818s][info][gc             ] GC(193) Pause Young (Normal) (G1 Evacuation Pause) 408M->345M(1160M) 38.764ms
[80.818s][info][gc,cpu         ] GC(193) User=0.04s Sys=0.00s Real=0.04s
[81.103s][info][gc,start       ] GC(194) Pause Young (Normal) (G1 Evacuation Pause)
[81.103s][info][gc,task        ] GC(194) Using 1 workers of 1 for evacuation
[81.139s][info][gc,phases      ] GC(194)   Pre Evacuate Collection Set: 0.1ms
[81.139s][info][gc,phases      ] GC(194)   Evacuate Collection Set: 35.5ms
[81.139s][info][gc,phases      ] GC(194)   Post Evacuate Collection Set: 0.4ms
[81.139s][info][gc,phases      ] GC(194)   Other: 0.3ms
[81.139s][info][gc,heap        ] GC(194) Eden regions: 89->0(115)
[81.139s][info][gc,heap        ] GC(194) Survivor regions: 6->10(12)
[81.139s][info][gc,heap        ] GC(194) Old regions: 270->270
[81.139s][info][gc,heap        ] GC(194) Humongous regions: 71->71
[81.139s][info][gc,metaspace   ] GC(194) Metaspace: 66464K->66464K(1107968K)
[81.139s][info][gc             ] GC(194) Pause Young (Normal) (G1 Evacuation Pause) 434M->349M(1160M) 36.363ms
[81.139s][info][gc,cpu         ] GC(194) User=0.03s Sys=0.00s Real=0.03s
[81.442s][info][gc,start       ] GC(195) Pause Young (Normal) (G1 Evacuation Pause)
[81.442s][info][gc,task        ] GC(195) Using 1 workers of 1 for evacuation
[81.519s][info][gc,phases      ] GC(195)   Pre Evacuate Collection Set: 0.1ms
[81.519s][info][gc,phases      ] GC(195)   Evacuate Collection Set: 76.6ms
[81.519s][info][gc,phases      ] GC(195)   Post Evacuate Collection Set: 0.7ms
[81.519s][info][gc,phases      ] GC(195)   Other: 0.4ms
[81.519s][info][gc,heap        ] GC(195) Eden regions: 73->0(83)
[81.519s][info][gc,heap        ] GC(195) Survivor regions: 10->6(11)
[81.519s][info][gc,heap        ] GC(195) Old regions: 270->279
[81.519s][info][gc,heap        ] GC(195) Humongous regions: 80->80
[81.519s][info][gc,metaspace   ] GC(195) Metaspace: 66464K->66464K(1107968K)
[81.519s][info][gc             ] GC(195) Pause Young (Normal) (G1 Evacuation Pause) 431M->362M(1174M) 77.889ms
[81.519s][info][gc,cpu         ] GC(195) User=0.08s Sys=0.00s Real=0.08s
[82.186s][info][gc,start       ] GC(196) Pause Young (Normal) (G1 Evacuation Pause)
[82.187s][info][gc,task        ] GC(196) Using 1 workers of 1 for evacuation
[82.248s][info][gc,phases      ] GC(196)   Pre Evacuate Collection Set: 0.1ms
[82.248s][info][gc,phases      ] GC(196)   Evacuate Collection Set: 61.0ms
[82.248s][info][gc,phases      ] GC(196)   Post Evacuate Collection Set: 0.6ms
[82.248s][info][gc,phases      ] GC(196)   Other: 0.4ms
[82.248s][info][gc,heap        ] GC(196) Eden regions: 52->0(104)
[82.248s][info][gc,heap        ] GC(196) Survivor regions: 6->3(8)
[82.248s][info][gc,heap        ] GC(196) Old regions: 279->284
[82.248s][info][gc,heap        ] GC(196) Humongous regions: 85->85
[82.248s][info][gc,metaspace   ] GC(196) Metaspace: 66464K->66464K(1107968K)
[82.248s][info][gc             ] GC(196) Pause Young (Normal) (G1 Evacuation Pause) 419M->370M(1174M) 62.131ms
[82.249s][info][gc,cpu         ] GC(196) User=0.05s Sys=0.01s Real=0.06s
[82.904s][info][gc,start       ] GC(197) Pause Young (Normal) (G1 Evacuation Pause)
[82.905s][info][gc,task        ] GC(197) Using 1 workers of 1 for evacuation
[83.037s][info][gc,phases      ] GC(197)   Pre Evacuate Collection Set: 0.1ms
[83.037s][info][gc,phases      ] GC(197)   Evacuate Collection Set: 131.2ms
[83.037s][info][gc,phases      ] GC(197)   Post Evacuate Collection Set: 0.5ms
[83.037s][info][gc,phases      ] GC(197)   Other: 0.4ms
[83.037s][info][gc,heap        ] GC(197) Eden regions: 104->0(44)
[83.037s][info][gc,heap        ] GC(197) Survivor regions: 3->14(14)
[83.037s][info][gc,heap        ] GC(197) Old regions: 284->305
[83.037s][info][gc,heap        ] GC(197) Humongous regions: 107->107
[83.037s][info][gc,metaspace   ] GC(197) Metaspace: 66468K->66468K(1107968K)
[83.037s][info][gc             ] GC(197) Pause Young (Normal) (G1 Evacuation Pause) 496M->424M(1174M) 132.477ms
[83.037s][info][gc,cpu         ] GC(197) User=0.14s Sys=0.00s Real=0.13s
[83.145s][info][gc,start       ] GC(198) Pause Young (Normal) (G1 Evacuation Pause)
[83.145s][info][gc,task        ] GC(198) Using 1 workers of 1 for evacuation
[83.322s][info][gc,phases      ] GC(198)   Pre Evacuate Collection Set: 0.1ms
[83.322s][info][gc,phases      ] GC(198)   Evacuate Collection Set: 175.5ms
[83.322s][info][gc,phases      ] GC(198)   Post Evacuate Collection Set: 1.0ms
[83.322s][info][gc,phases      ] GC(198)   Other: 0.3ms
[83.322s][info][gc,heap        ] GC(198) Eden regions: 44->0(52)
[83.322s][info][gc,heap        ] GC(198) Survivor regions: 14->6(8)
[83.322s][info][gc,heap        ] GC(198) Old regions: 305->319
[83.322s][info][gc,heap        ] GC(198) Humongous regions: 108->108
[83.322s][info][gc,metaspace   ] GC(198) Metaspace: 66468K->66468K(1107968K)
[83.322s][info][gc             ] GC(198) Pause Young (Normal) (G1 Evacuation Pause) 469M->431M(1174M) 176.974ms
[83.322s][info][gc,cpu         ] GC(198) User=0.18s Sys=0.00s Real=0.17s
[83.646s][info][gc,start       ] GC(199) Pause Young (Normal) (G1 Evacuation Pause)
[83.646s][info][gc,task        ] GC(199) Using 1 workers of 1 for evacuation
[83.741s][info][gc,phases      ] GC(199)   Pre Evacuate Collection Set: 0.1ms
[83.742s][info][gc,phases      ] GC(199)   Evacuate Collection Set: 94.1ms
[83.742s][info][gc,phases      ] GC(199)   Post Evacuate Collection Set: 1.1ms
[83.742s][info][gc,phases      ] GC(199)   Other: 0.5ms
[83.742s][info][gc,heap        ] GC(199) Eden regions: 52->0(53)
[83.742s][info][gc,heap        ] GC(199) Survivor regions: 6->7(8)
[83.742s][info][gc,heap        ] GC(199) Old regions: 319->324
[83.742s][info][gc,heap        ] GC(199) Humongous regions: 113->113
[83.742s][info][gc,metaspace   ] GC(199) Metaspace: 66468K->66468K(1107968K)
[83.742s][info][gc             ] GC(199) Pause Young (Normal) (G1 Evacuation Pause) 488M->442M(1201M) 95.909ms
[83.742s][info][gc,cpu         ] GC(199) User=0.10s Sys=0.00s Real=0.09s
[84.039s][info][gc,start       ] GC(200) Pause Young (Normal) (G1 Evacuation Pause)
[84.040s][info][gc,task        ] GC(200) Using 1 workers of 1 for evacuation
[84.111s][info][gc,phases      ] GC(200)   Pre Evacuate Collection Set: 0.1ms
[84.111s][info][gc,phases      ] GC(200)   Evacuate Collection Set: 70.1ms
[84.111s][info][gc,phases      ] GC(200)   Post Evacuate Collection Set: 0.7ms
[84.111s][info][gc,phases      ] GC(200)   Other: 0.4ms
[84.111s][info][gc,heap        ] GC(200) Eden regions: 53->0(55)
[84.111s][info][gc,heap        ] GC(200) Survivor regions: 7->5(8)
[84.111s][info][gc,heap        ] GC(200) Old regions: 324->330
[84.111s][info][gc,heap        ] GC(200) Humongous regions: 118->118
[84.111s][info][gc,metaspace   ] GC(200) Metaspace: 66468K->66468K(1107968K)
[84.111s][info][gc             ] GC(200) Pause Young (Normal) (G1 Evacuation Pause) 500M->451M(1201M) 71.409ms
[84.111s][info][gc,cpu         ] GC(200) User=0.07s Sys=0.00s Real=0.08s
[84.342s][info][gc,start       ] GC(201) Pause Young (Normal) (G1 Evacuation Pause)
[84.342s][info][gc,task        ] GC(201) Using 1 workers of 1 for evacuation
[84.401s][info][gc,phases      ] GC(201)   Pre Evacuate Collection Set: 0.1ms
[84.401s][info][gc,phases      ] GC(201)   Evacuate Collection Set: 57.6ms
[84.401s][info][gc,phases      ] GC(201)   Post Evacuate Collection Set: 0.5ms
[84.401s][info][gc,phases      ] GC(201)   Other: 0.4ms
[84.401s][info][gc,heap        ] GC(201) Eden regions: 55->0(55)
[84.401s][info][gc,heap        ] GC(201) Survivor regions: 5->5(8)
[84.401s][info][gc,heap        ] GC(201) Old regions: 330->335
[84.401s][info][gc,heap        ] GC(201) Humongous regions: 118->118
[84.401s][info][gc,metaspace   ] GC(201) Metaspace: 66468K->66468K(1107968K)
[84.401s][info][gc             ] GC(201) Pause Young (Normal) (G1 Evacuation Pause) 506M->456M(1201M) 58.701ms
[84.401s][info][gc,cpu         ] GC(201) User=0.06s Sys=0.00s Real=0.05s
[84.766s][info][gc,start       ] GC(202) Pause Young (Normal) (G1 Evacuation Pause)
[84.766s][info][gc,task        ] GC(202) Using 1 workers of 1 for evacuation
[84.841s][info][gc,phases      ] GC(202)   Pre Evacuate Collection Set: 0.3ms
[84.841s][info][gc,phases      ] GC(202)   Evacuate Collection Set: 73.0ms
[84.841s][info][gc,phases      ] GC(202)   Post Evacuate Collection Set: 0.7ms
[84.841s][info][gc,phases      ] GC(202)   Other: 1.0ms
[84.841s][info][gc,heap        ] GC(202) Eden regions: 55->0(55)
[84.841s][info][gc,heap        ] GC(202) Survivor regions: 5->5(8)
[84.841s][info][gc,heap        ] GC(202) Old regions: 335->339
[84.841s][info][gc,heap        ] GC(202) Humongous regions: 118->118
[84.841s][info][gc,metaspace   ] GC(202) Metaspace: 66468K->66468K(1107968K)
[84.841s][info][gc             ] GC(202) Pause Young (Normal) (G1 Evacuation Pause) 511M->460M(1201M) 75.161ms
[84.841s][info][gc,cpu         ] GC(202) User=0.07s Sys=0.00s Real=0.07s
[85.087s][info][gc,start       ] GC(203) Pause Young (Normal) (G1 Evacuation Pause)
[85.087s][info][gc,task        ] GC(203) Using 1 workers of 1 for evacuation
[85.123s][info][gc,phases      ] GC(203)   Pre Evacuate Collection Set: 0.1ms
[85.123s][info][gc,phases      ] GC(203)   Evacuate Collection Set: 34.6ms
[85.123s][info][gc,phases      ] GC(203)   Post Evacuate Collection Set: 0.6ms
[85.123s][info][gc,phases      ] GC(203)   Other: 0.3ms
[85.123s][info][gc,heap        ] GC(203) Eden regions: 55->0(64)
[85.123s][info][gc,heap        ] GC(203) Survivor regions: 5->5(8)
[85.123s][info][gc,heap        ] GC(203) Old regions: 339->343
[85.123s][info][gc,heap        ] GC(203) Humongous regions: 118->118
[85.123s][info][gc,metaspace   ] GC(203) Metaspace: 66468K->66468K(1107968K)
[85.123s][info][gc             ] GC(203) Pause Young (Normal) (G1 Evacuation Pause) 515M->463M(1211M) 35.673ms
[85.123s][info][gc,cpu         ] GC(203) User=0.03s Sys=0.00s Real=0.04s
[85.360s][info][gc,start       ] GC(204) Pause Young (Normal) (G1 Evacuation Pause)
[85.360s][info][gc,task        ] GC(204) Using 1 workers of 1 for evacuation
[85.393s][info][gc,phases      ] GC(204)   Pre Evacuate Collection Set: 0.1ms
[85.393s][info][gc,phases      ] GC(204)   Evacuate Collection Set: 32.9ms
[85.393s][info][gc,phases      ] GC(204)   Post Evacuate Collection Set: 0.4ms
[85.393s][info][gc,phases      ] GC(204)   Other: 0.5ms
[85.393s][info][gc,heap        ] GC(204) Eden regions: 64->0(90)
[85.393s][info][gc,heap        ] GC(204) Survivor regions: 5->8(9)
[85.393s][info][gc,heap        ] GC(204) Old regions: 343->343
[85.393s][info][gc,heap        ] GC(204) Humongous regions: 118->118
[85.393s][info][gc,metaspace   ] GC(204) Metaspace: 66468K->66468K(1107968K)
[85.393s][info][gc             ] GC(204) Pause Young (Normal) (G1 Evacuation Pause) 527M->466M(1211M) 33.915ms
[85.393s][info][gc,cpu         ] GC(204) User=0.03s Sys=0.00s Real=0.04s
[85.748s][info][gc,start       ] GC(205) Pause Young (Normal) (G1 Evacuation Pause)
[85.748s][info][gc,task        ] GC(205) Using 1 workers of 1 for evacuation
[85.829s][info][gc,phases      ] GC(205)   Pre Evacuate Collection Set: 0.1ms
[85.829s][info][gc,phases      ] GC(205)   Evacuate Collection Set: 80.0ms
[85.829s][info][gc,phases      ] GC(205)   Post Evacuate Collection Set: 0.7ms
[85.829s][info][gc,phases      ] GC(205)   Other: 0.3ms
[85.829s][info][gc,heap        ] GC(205) Eden regions: 61->0(72)
[85.829s][info][gc,heap        ] GC(205) Survivor regions: 8->9(9)
[85.829s][info][gc,heap        ] GC(205) Old regions: 343->346
[85.829s][info][gc,heap        ] GC(205) Humongous regions: 127->127
[85.829s][info][gc,metaspace   ] GC(205) Metaspace: 66468K->66468K(1107968K)
[85.829s][info][gc             ] GC(205) Pause Young (Normal) (G1 Evacuation Pause) 536M->479M(1211M) 81.172ms
[85.830s][info][gc,cpu         ] GC(205) User=0.08s Sys=0.00s Real=0.08s
[86.653s][info][gc,start       ] GC(206) Pause Young (Normal) (G1 Evacuation Pause)
[86.654s][info][gc,task        ] GC(206) Using 1 workers of 1 for evacuation
[86.788s][info][gc,phases      ] GC(206)   Pre Evacuate Collection Set: 0.1ms
[86.788s][info][gc,phases      ] GC(206)   Evacuate Collection Set: 132.8ms
[86.788s][info][gc,phases      ] GC(206)   Post Evacuate Collection Set: 1.6ms
[86.788s][info][gc,phases      ] GC(206)   Other: 0.4ms
[86.788s][info][gc,heap        ] GC(206) Eden regions: 54->0(52)
[86.789s][info][gc,heap        ] GC(206) Survivor regions: 9->8(8)
[86.789s][info][gc,heap        ] GC(206) Old regions: 346->355
[86.789s][info][gc,heap        ] GC(206) Humongous regions: 148->143
[86.789s][info][gc,metaspace   ] GC(206) Metaspace: 66474K->66474K(1107968K)
[86.789s][info][gc             ] GC(206) Pause Young (Normal) (G1 Evacuation Pause) 554M->504M(1211M) 135.234ms
[86.789s][info][gc,cpu         ] GC(206) User=0.13s Sys=0.00s Real=0.13s
[87.095s][info][gc,start       ] GC(207) Pause Young (Normal) (G1 Evacuation Pause)
[87.095s][info][gc,task        ] GC(207) Using 1 workers of 1 for evacuation
[87.181s][info][gc,phases      ] GC(207)   Pre Evacuate Collection Set: 0.1ms
[87.181s][info][gc,phases      ] GC(207)   Evacuate Collection Set: 84.5ms
[87.181s][info][gc,phases      ] GC(207)   Post Evacuate Collection Set: 0.7ms
[87.181s][info][gc,phases      ] GC(207)   Other: 0.3ms
[87.181s][info][gc,heap        ] GC(207) Eden regions: 52->0(52)
[87.181s][info][gc,heap        ] GC(207) Survivor regions: 8->8(8)
[87.181s][info][gc,heap        ] GC(207) Old regions: 355->364
[87.181s][info][gc,heap        ] GC(207) Humongous regions: 149->149
[87.181s][info][gc,metaspace   ] GC(207) Metaspace: 66474K->66474K(1107968K)
[87.181s][info][gc             ] GC(207) Pause Young (Normal) (G1 Evacuation Pause) 562M->519M(1219M) 85.709ms
[87.181s][info][gc,cpu         ] GC(207) User=0.08s Sys=0.00s Real=0.08s
[87.457s][info][gc,start       ] GC(208) Pause Young (Normal) (G1 Evacuation Pause)
[87.457s][info][gc,task        ] GC(208) Using 1 workers of 1 for evacuation
[87.517s][info][gc,phases      ] GC(208)   Pre Evacuate Collection Set: 0.1ms
[87.517s][info][gc,phases      ] GC(208)   Evacuate Collection Set: 58.8ms
[87.517s][info][gc,phases      ] GC(208)   Post Evacuate Collection Set: 0.6ms
[87.517s][info][gc,phases      ] GC(208)   Other: 0.3ms
[87.517s][info][gc,heap        ] GC(208) Eden regions: 52->0(60)
[87.517s][info][gc,heap        ] GC(208) Survivor regions: 8->8(8)
[87.517s][info][gc,heap        ] GC(208) Old regions: 364->371
[87.517s][info][gc,heap        ] GC(208) Humongous regions: 157->157
[87.517s][info][gc,metaspace   ] GC(208) Metaspace: 66476K->66476K(1107968K)
[87.517s][info][gc             ] GC(208) Pause Young (Normal) (G1 Evacuation Pause) 579M->534M(1219M) 59.857ms
[87.517s][info][gc,cpu         ] GC(208) User=0.06s Sys=0.00s Real=0.06s
[87.903s][info][gc,start       ] GC(209) Pause Young (Normal) (G1 Evacuation Pause)
[87.903s][info][gc,task        ] GC(209) Using 1 workers of 1 for evacuation
[87.973s][info][gc,phases      ] GC(209)   Pre Evacuate Collection Set: 0.1ms
[87.973s][info][gc,phases      ] GC(209)   Evacuate Collection Set: 69.5ms
[87.973s][info][gc,phases      ] GC(209)   Post Evacuate Collection Set: 0.6ms
[87.973s][info][gc,phases      ] GC(209)   Other: 0.4ms
[87.973s][info][gc,heap        ] GC(209) Eden regions: 60->0(69)
[87.973s][info][gc,heap        ] GC(209) Survivor regions: 8->9(9)
[87.973s][info][gc,heap        ] GC(209) Old regions: 371->379
[87.973s][info][gc,heap        ] GC(209) Humongous regions: 170->165
[87.973s][info][gc,metaspace   ] GC(209) Metaspace: 66509K->66509K(1107968K)
[87.973s][info][gc             ] GC(209) Pause Young (Normal) (G1 Evacuation Pause) 607M->551M(1219M) 70.621ms
[87.973s][info][gc,cpu         ] GC(209) User=0.07s Sys=0.00s Real=0.07s
[88.027s][info][gc,start       ] GC(210) Pause Young (Concurrent Start) (G1 Humongous Allocation)
[88.027s][info][gc,task        ] GC(210) Using 1 workers of 1 for evacuation
[88.086s][info][gc,phases      ] GC(210)   Pre Evacuate Collection Set: 0.4ms
[88.087s][info][gc,phases      ] GC(210)   Evacuate Collection Set: 58.3ms
[88.087s][info][gc,phases      ] GC(210)   Post Evacuate Collection Set: 0.5ms
[88.087s][info][gc,phases      ] GC(210)   Other: 0.3ms
[88.087s][info][gc,heap        ] GC(210) Eden regions: 13->0(72)
[88.087s][info][gc,heap        ] GC(210) Survivor regions: 9->4(10)
[88.087s][info][gc,heap        ] GC(210) Old regions: 379->388
[88.087s][info][gc,heap        ] GC(210) Humongous regions: 168->168
[88.087s][info][gc,metaspace   ] GC(210) Metaspace: 66509K->66509K(1107968K)
[88.087s][info][gc             ] GC(210) Pause Young (Concurrent Start) (G1 Humongous Allocation) 567M->558M(1219M) 59.626ms
[88.087s][info][gc,cpu         ] GC(210) User=0.06s Sys=0.00s Real=0.06s
[88.087s][info][gc             ] GC(211) Concurrent Cycle
[88.087s][info][gc,marking     ] GC(211) Concurrent Clear Claimed Marks
[88.087s][info][gc,marking     ] GC(211) Concurrent Clear Claimed Marks 0.360ms
[88.087s][info][gc,marking     ] GC(211) Concurrent Scan Root Regions
[88.095s][info][gc,marking     ] GC(211) Concurrent Scan Root Regions 7.592ms
[88.095s][info][gc,marking     ] GC(211) Concurrent Mark (88.095s)
[88.095s][info][gc,marking     ] GC(211) Concurrent Mark From Roots
[88.095s][info][gc,task        ] GC(211) Using 1 workers of 1 for marking
[88.495s][info][gc,marking     ] GC(211) Concurrent Mark From Roots 400.330ms
[88.495s][info][gc,marking     ] GC(211) Concurrent Preclean
[88.495s][info][gc,marking     ] GC(211) Concurrent Preclean 0.125ms
[88.495s][info][gc,marking     ] GC(211) Concurrent Mark (88.095s, 88.495s) 400.673ms
[88.498s][info][gc,start       ] GC(211) Pause Remark
[88.518s][info][gc,stringtable ] GC(211) Cleaned string and symbol table, strings: 23240 processed, 10 removed, symbols: 139910 processed, 0 removed
[88.519s][info][gc             ] GC(211) Pause Remark 602M->242M(1219M) 20.360ms
[88.519s][info][gc,cpu         ] GC(211) User=0.02s Sys=0.00s Real=0.02s
[88.520s][info][gc,marking     ] GC(211) Concurrent Rebuild Remembered Sets
[88.739s][info][gc,start       ] GC(212) Pause Young (Normal) (G1 Evacuation Pause)
[88.739s][info][gc,task        ] GC(212) Using 1 workers of 1 for evacuation
[88.804s][info][gc,phases      ] GC(212)   Pre Evacuate Collection Set: 0.1ms
[88.804s][info][gc,phases      ] GC(212)   Evacuate Collection Set: 63.2ms
[88.804s][info][gc,phases      ] GC(212)   Post Evacuate Collection Set: 1.2ms
[88.804s][info][gc,phases      ] GC(212)   Other: 0.4ms
[88.804s][info][gc,heap        ] GC(212) Eden regions: 72->0(78)
[88.804s][info][gc,heap        ] GC(212) Survivor regions: 4->10(10)
[88.804s][info][gc,heap        ] GC(212) Old regions: 185->189
[88.804s][info][gc,heap        ] GC(212) Humongous regions: 22->22
[88.804s][info][gc,metaspace   ] GC(212) Metaspace: 66518K->66518K(1107968K)
[88.804s][info][gc             ] GC(212) Pause Young (Normal) (G1 Evacuation Pause) 281M->219M(1226M) 64.961ms
[88.804s][info][gc,cpu         ] GC(212) User=0.06s Sys=0.00s Real=0.07s
[88.911s][info][gc,marking     ] GC(211) Concurrent Rebuild Remembered Sets 391.117ms
[88.914s][info][gc,start       ] GC(211) Pause Cleanup
[88.914s][info][gc             ] GC(211) Pause Cleanup 232M->232M(1226M) 0.348ms
[88.914s][info][gc,cpu         ] GC(211) User=0.00s Sys=0.00s Real=0.00s
[88.914s][info][gc,marking     ] GC(211) Concurrent Cleanup for Next Mark
[88.918s][info][gc,marking     ] GC(211) Concurrent Cleanup for Next Mark 3.831ms
[88.918s][info][gc             ] GC(211) Concurrent Cycle 831.310ms
[89.199s][info][gc,start       ] GC(213) Pause Young (Normal) (G1 Evacuation Pause)
[89.199s][info][gc,task        ] GC(213) Using 1 workers of 1 for evacuation
[89.320s][info][gc,phases      ] GC(213)   Pre Evacuate Collection Set: 0.1ms
[89.320s][info][gc,phases      ] GC(213)   Evacuate Collection Set: 120.0ms
[89.320s][info][gc,phases      ] GC(213)   Post Evacuate Collection Set: 0.7ms
[89.320s][info][gc,phases      ] GC(213)   Other: 0.4ms
[89.320s][info][gc,heap        ] GC(213) Eden regions: 78->0(63)
[89.320s][info][gc,heap        ] GC(213) Survivor regions: 10->11(11)
[89.320s][info][gc,heap        ] GC(213) Old regions: 189->202
[89.320s][info][gc,heap        ] GC(213) Humongous regions: 36->36
[89.320s][info][gc,metaspace   ] GC(213) Metaspace: 66523K->66523K(1107968K)
[89.320s][info][gc             ] GC(213) Pause Young (Normal) (G1 Evacuation Pause) 311M->247M(1226M) 121.340ms
[89.320s][info][gc,cpu         ] GC(213) User=0.12s Sys=0.00s Real=0.12s
[89.587s][info][gc,start       ] GC(214) Pause Young (Normal) (G1 Evacuation Pause)
[89.587s][info][gc,task        ] GC(214) Using 1 workers of 1 for evacuation
[89.670s][info][gc,phases      ] GC(214)   Pre Evacuate Collection Set: 0.1ms
[89.670s][info][gc,phases      ] GC(214)   Evacuate Collection Set: 82.6ms
[89.670s][info][gc,phases      ] GC(214)   Post Evacuate Collection Set: 0.5ms
[89.670s][info][gc,phases      ] GC(214)   Other: 0.3ms
[89.670s][info][gc,heap        ] GC(214) Eden regions: 63->0(75)
[89.670s][info][gc,heap        ] GC(214) Survivor regions: 11->8(10)
[89.670s][info][gc,heap        ] GC(214) Old regions: 202->213
[89.670s][info][gc,heap        ] GC(214) Humongous regions: 46->41
[89.670s][info][gc,metaspace   ] GC(214) Metaspace: 66544K->66544K(1107968K)
[89.670s][info][gc             ] GC(214) Pause Young (Normal) (G1 Evacuation Pause) 320M->260M(1226M) 83.530ms
[89.670s][info][gc,cpu         ] GC(214) User=0.08s Sys=0.00s Real=0.09s
[90.060s][info][gc,start       ] GC(215) Pause Young (Normal) (G1 Evacuation Pause)
[90.060s][info][gc,task        ] GC(215) Using 1 workers of 1 for evacuation
[90.137s][info][gc,phases      ] GC(215)   Pre Evacuate Collection Set: 0.1ms
[90.137s][info][gc,phases      ] GC(215)   Evacuate Collection Set: 75.9ms
[90.137s][info][gc,phases      ] GC(215)   Post Evacuate Collection Set: 0.6ms
[90.137s][info][gc,phases      ] GC(215)   Other: 0.4ms
[90.137s][info][gc,heap        ] GC(215) Eden regions: 75->0(87)
[90.137s][info][gc,heap        ] GC(215) Survivor regions: 8->11(11)
[90.137s][info][gc,heap        ] GC(215) Old regions: 213->221
[90.137s][info][gc,heap        ] GC(215) Humongous regions: 52->52
[90.137s][info][gc,metaspace   ] GC(215) Metaspace: 66550K->66550K(1107968K)
[90.137s][info][gc             ] GC(215) Pause Young (Normal) (G1 Evacuation Pause) 346M->282M(1226M) 77.102ms
[90.137s][info][gc,cpu         ] GC(215) User=0.08s Sys=0.00s Real=0.08s
[90.549s][info][gc,start       ] GC(216) Pause Young (Normal) (G1 Evacuation Pause)
[90.549s][info][gc,task        ] GC(216) Using 1 workers of 1 for evacuation
[90.670s][info][gc,phases      ] GC(216)   Pre Evacuate Collection Set: 0.1ms
[90.670s][info][gc,phases      ] GC(216)   Evacuate Collection Set: 119.8ms
[90.670s][info][gc,phases      ] GC(216)   Post Evacuate Collection Set: 0.7ms
[90.670s][info][gc,phases      ] GC(216)   Other: 0.4ms
[90.670s][info][gc,heap        ] GC(216) Eden regions: 87->0(87)
[90.670s][info][gc,heap        ] GC(216) Survivor regions: 11->12(13)
[90.670s][info][gc,heap        ] GC(216) Old regions: 221->232
[90.670s][info][gc,heap        ] GC(216) Humongous regions: 63->63
[90.670s][info][gc,metaspace   ] GC(216) Metaspace: 66552K->66552K(1107968K)
[90.670s][info][gc             ] GC(216) Pause Young (Normal) (G1 Evacuation Pause) 380M->304M(1231M) 120.956ms
[90.670s][info][gc,cpu         ] GC(216) User=0.12s Sys=0.00s Real=0.12s
[91.047s][info][gc,start       ] GC(217) Pause Young (Normal) (G1 Evacuation Pause)
[91.048s][info][gc,task        ] GC(217) Using 1 workers of 1 for evacuation
[91.144s][info][gc,phases      ] GC(217)   Pre Evacuate Collection Set: 0.1ms
[91.144s][info][gc,phases      ] GC(217)   Evacuate Collection Set: 95.7ms
[91.144s][info][gc,phases      ] GC(217)   Post Evacuate Collection Set: 0.5ms
[91.144s][info][gc,phases      ] GC(217)   Other: 0.4ms
[91.144s][info][gc,heap        ] GC(217) Eden regions: 87->0(95)
[91.144s][info][gc,heap        ] GC(217) Survivor regions: 12->9(13)
[91.144s][info][gc,heap        ] GC(217) Old regions: 232->243
[91.144s][info][gc,heap        ] GC(217) Humongous regions: 69->69
[91.144s][info][gc,metaspace   ] GC(217) Metaspace: 66560K->66560K(1107968K)
[91.144s][info][gc             ] GC(217) Pause Young (Normal) (G1 Evacuation Pause) 397M->318M(1231M) 96.670ms
[91.144s][info][gc,cpu         ] GC(217) User=0.09s Sys=0.00s Real=0.10s
[91.577s][info][gc,start       ] GC(218) Pause Young (Normal) (G1 Evacuation Pause)
[91.577s][info][gc,task        ] GC(218) Using 1 workers of 1 for evacuation
[91.628s][info][gc,phases      ] GC(218)   Pre Evacuate Collection Set: 0.1ms
[91.628s][info][gc,phases      ] GC(218)   Evacuate Collection Set: 49.9ms
[91.628s][info][gc,phases      ] GC(218)   Post Evacuate Collection Set: 0.6ms
[91.628s][info][gc,phases      ] GC(218)   Other: 0.4ms
[91.628s][info][gc,heap        ] GC(218) Eden regions: 95->0(102)
[91.628s][info][gc,heap        ] GC(218) Survivor regions: 9->5(13)
[91.628s][info][gc,heap        ] GC(218) Old regions: 243->250
[91.628s][info][gc,heap        ] GC(218) Humongous regions: 79->74
[91.628s][info][gc,metaspace   ] GC(218) Metaspace: 66565K->66565K(1107968K)
[91.628s][info][gc             ] GC(218) Pause Young (Normal) (G1 Evacuation Pause) 423M->327M(1231M) 51.069ms
[91.628s][info][gc,cpu         ] GC(218) User=0.05s Sys=0.00s Real=0.05s
[91.822s][info][gc,start       ] GC(219) Pause Young (Normal) (G1 Evacuation Pause)
[91.823s][info][gc,task        ] GC(219) Using 1 workers of 1 for evacuation
[91.903s][info][gc,phases      ] GC(219)   Pre Evacuate Collection Set: 0.1ms
[91.903s][info][gc,phases      ] GC(219)   Evacuate Collection Set: 79.6ms
[91.903s][info][gc,phases      ] GC(219)   Post Evacuate Collection Set: 0.5ms
[91.903s][info][gc,phases      ] GC(219)   Other: 0.4ms
[91.903s][info][gc,heap        ] GC(219) Eden regions: 102->0(101)
[91.903s][info][gc,heap        ] GC(219) Survivor regions: 5->14(14)
[91.903s][info][gc,heap        ] GC(219) Old regions: 250->256
[91.903s][info][gc,heap        ] GC(219) Humongous regions: 80->80
[91.903s][info][gc,metaspace   ] GC(219) Metaspace: 66565K->66565K(1107968K)
[91.903s][info][gc             ] GC(219) Pause Young (Normal) (G1 Evacuation Pause) 435M->348M(1231M) 80.645ms
[91.903s][info][gc,cpu         ] GC(219) User=0.08s Sys=0.00s Real=0.08s
[92.620s][info][gc,start       ] GC(220) Pause Young (Normal) (G1 Evacuation Pause)
[92.620s][info][gc,task        ] GC(220) Using 1 workers of 1 for evacuation
[92.717s][info][gc,phases      ] GC(220)   Pre Evacuate Collection Set: 0.1ms
[92.717s][info][gc,phases      ] GC(220)   Evacuate Collection Set: 95.1ms
[92.717s][info][gc,phases      ] GC(220)   Post Evacuate Collection Set: 0.7ms
[92.717s][info][gc,phases      ] GC(220)   Other: 0.5ms
[92.717s][info][gc,heap        ] GC(220) Eden regions: 68->0(93)
[92.717s][info][gc,heap        ] GC(220) Survivor regions: 14->6(11)
[92.717s][info][gc,heap        ] GC(220) Old regions: 256->270
[92.717s][info][gc,heap        ] GC(220) Humongous regions: 160->114
[92.717s][info][gc,metaspace   ] GC(220) Metaspace: 66582K->66582K(1110016K)
[92.717s][info][gc             ] GC(220) Pause Young (Normal) (G1 Evacuation Pause) 496M->388M(1235M) 96.392ms
[92.717s][info][gc,cpu         ] GC(220) User=0.10s Sys=0.00s Real=0.10s
[92.904s][info][gc,start       ] GC(221) Pause Young (Normal) (G1 Evacuation Pause)
[92.904s][info][gc,task        ] GC(221) Using 1 workers of 1 for evacuation
[92.987s][info][gc,phases      ] GC(221)   Pre Evacuate Collection Set: 0.1ms
[92.987s][info][gc,phases      ] GC(221)   Evacuate Collection Set: 82.1ms
[92.987s][info][gc,phases      ] GC(221)   Post Evacuate Collection Set: 0.6ms
[92.987s][info][gc,phases      ] GC(221)   Other: 0.3ms
[92.987s][info][gc,heap        ] GC(221) Eden regions: 93->0(96)
[92.987s][info][gc,heap        ] GC(221) Survivor regions: 6->13(13)
[92.987s][info][gc,heap        ] GC(221) Old regions: 270->276
[92.987s][info][gc,heap        ] GC(221) Humongous regions: 128->128
[92.987s][info][gc,metaspace   ] GC(221) Metaspace: 66586K->66586K(1110016K)
[92.987s][info][gc             ] GC(221) Pause Young (Normal) (G1 Evacuation Pause) 495M->415M(1235M) 83.167ms
[92.987s][info][gc,cpu         ] GC(221) User=0.08s Sys=0.00s Real=0.08s
[93.204s][info][gc,start       ] GC(222) Pause Young (Normal) (G1 Evacuation Pause)
[93.204s][info][gc,task        ] GC(222) Using 1 workers of 1 for evacuation
[93.308s][info][gc,phases      ] GC(222)   Pre Evacuate Collection Set: 0.1ms
[93.309s][info][gc,phases      ] GC(222)   Evacuate Collection Set: 103.3ms
[93.309s][info][gc,phases      ] GC(222)   Post Evacuate Collection Set: 0.5ms
[93.309s][info][gc,phases      ] GC(222)   Other: 0.3ms
[93.309s][info][gc,heap        ] GC(222) Eden regions: 96->0(97)
[93.309s][info][gc,heap        ] GC(222) Survivor regions: 13->14(14)
[93.309s][info][gc,heap        ] GC(222) Old regions: 276->291
[93.309s][info][gc,heap        ] GC(222) Humongous regions: 133->124
[93.309s][info][gc,metaspace   ] GC(222) Metaspace: 66589K->66589K(1110016K)
[93.309s][info][gc             ] GC(222) Pause Young (Normal) (G1 Evacuation Pause) 516M->427M(1235M) 104.306ms
[93.309s][info][gc,cpu         ] GC(222) User=0.10s Sys=0.00s Real=0.10s
[94.115s][info][gc,start       ] GC(223) Pause Young (Normal) (G1 Evacuation Pause)
[94.115s][info][gc,task        ] GC(223) Using 1 workers of 1 for evacuation
[94.215s][info][gc,phases      ] GC(223)   Pre Evacuate Collection Set: 0.1ms
[94.215s][info][gc,phases      ] GC(223)   Evacuate Collection Set: 98.6ms
[94.215s][info][gc,phases      ] GC(223)   Post Evacuate Collection Set: 0.7ms
[94.215s][info][gc,phases      ] GC(223)   Other: 0.4ms
[94.215s][info][gc,heap        ] GC(223) Eden regions: 97->0(100)
[94.215s][info][gc,heap        ] GC(223) Survivor regions: 14->9(14)
[94.215s][info][gc,heap        ] GC(223) Old regions: 291->305
[94.215s][info][gc,heap        ] GC(223) Humongous regions: 206->160
[94.215s][info][gc,metaspace   ] GC(223) Metaspace: 66622K->66622K(1110016K)
[94.215s][info][gc             ] GC(223) Pause Young (Normal) (G1 Evacuation Pause) 606M->471M(1235M) 99.963ms
[94.215s][info][gc,cpu         ] GC(223) User=0.10s Sys=0.00s Real=0.10s
[94.415s][info][gc,start       ] GC(224) Pause Young (Normal) (G1 Evacuation Pause)
[94.415s][info][gc,task        ] GC(224) Using 1 workers of 1 for evacuation
[94.520s][info][gc,phases      ] GC(224)   Pre Evacuate Collection Set: 0.2ms
[94.520s][info][gc,phases      ] GC(224)   Evacuate Collection Set: 104.2ms
[94.520s][info][gc,phases      ] GC(224)   Post Evacuate Collection Set: 0.7ms
[94.520s][info][gc,phases      ] GC(224)   Other: 0.7ms
[94.520s][info][gc,heap        ] GC(224) Eden regions: 100->0(47)
[94.520s][info][gc,heap        ] GC(224) Survivor regions: 9->14(14)
[94.520s][info][gc,heap        ] GC(224) Old regions: 305->315
[94.520s][info][gc,heap        ] GC(224) Humongous regions: 174->152
[94.520s][info][gc,metaspace   ] GC(224) Metaspace: 66624K->66624K(1110016K)
[94.520s][info][gc             ] GC(224) Pause Young (Normal) (G1 Evacuation Pause) 585M->479M(1239M) 105.776ms
[94.520s][info][gc,cpu         ] GC(224) User=0.11s Sys=0.00s Real=0.10s
[94.639s][info][gc,start       ] GC(225) Pause Young (Normal) (G1 Evacuation Pause)
[94.639s][info][gc,task        ] GC(225) Using 1 workers of 1 for evacuation
[94.706s][info][gc,phases      ] GC(225)   Pre Evacuate Collection Set: 0.1ms
[94.706s][info][gc,phases      ] GC(225)   Evacuate Collection Set: 66.1ms
[94.706s][info][gc,phases      ] GC(225)   Post Evacuate Collection Set: 0.4ms
[94.706s][info][gc,phases      ] GC(225)   Other: 0.4ms
[94.706s][info][gc,heap        ] GC(225) Eden regions: 47->0(53)
[94.706s][info][gc,heap        ] GC(225) Survivor regions: 14->8(8)
[94.706s][info][gc,heap        ] GC(225) Old regions: 315->329
[94.706s][info][gc,heap        ] GC(225) Humongous regions: 155->155
[94.706s][info][gc,metaspace   ] GC(225) Metaspace: 66624K->66624K(1110016K)
[94.706s][info][gc             ] GC(225) Pause Young (Normal) (G1 Evacuation Pause) 529M->490M(1239M) 67.156ms
[94.706s][info][gc,cpu         ] GC(225) User=0.06s Sys=0.00s Real=0.07s
[95.161s][info][gc,start       ] GC(226) Pause Young (Normal) (G1 Evacuation Pause)
[95.162s][info][gc,task        ] GC(226) Using 1 workers of 1 for evacuation
[95.245s][info][gc,phases      ] GC(226)   Pre Evacuate Collection Set: 0.1ms
[95.245s][info][gc,phases      ] GC(226)   Evacuate Collection Set: 81.8ms
[95.245s][info][gc,phases      ] GC(226)   Post Evacuate Collection Set: 0.6ms
[95.245s][info][gc,phases      ] GC(226)   Other: 1.3ms
[95.245s][info][gc,heap        ] GC(226) Eden regions: 53->0(54)
[95.245s][info][gc,heap        ] GC(226) Survivor regions: 8->7(8)
[95.245s][info][gc,heap        ] GC(226) Old regions: 329->337
[95.245s][info][gc,heap        ] GC(226) Humongous regions: 169->166
[95.245s][info][gc,metaspace   ] GC(226) Metaspace: 66624K->66624K(1110016K)
[95.245s][info][gc             ] GC(226) Pause Young (Normal) (G1 Evacuation Pause) 557M->507M(1239M) 83.896ms
[95.245s][info][gc,cpu         ] GC(226) User=0.08s Sys=0.00s Real=0.09s
[95.526s][info][gc,start       ] GC(227) Pause Young (Concurrent Start) (G1 Humongous Allocation)
[95.526s][info][gc,task        ] GC(227) Using 1 workers of 1 for evacuation
[95.558s][info][gc,phases      ] GC(227)   Pre Evacuate Collection Set: 0.5ms
[95.558s][info][gc,phases      ] GC(227)   Evacuate Collection Set: 31.1ms
[95.558s][info][gc,phases      ] GC(227)   Post Evacuate Collection Set: 0.4ms
[95.558s][info][gc,phases      ] GC(227)   Other: 0.4ms
[95.558s][info][gc,heap        ] GC(227) Eden regions: 20->0(139)
[95.558s][info][gc,heap        ] GC(227) Survivor regions: 7->1(8)
[95.558s][info][gc,heap        ] GC(227) Old regions: 337->343
[95.558s][info][gc,heap        ] GC(227) Humongous regions: 220->183
[95.558s][info][gc,metaspace   ] GC(227) Metaspace: 66698K->66698K(1110016K)
[95.558s][info][gc             ] GC(227) Pause Young (Concurrent Start) (G1 Humongous Allocation) 580M->524M(1239M) 32.531ms
[95.558s][info][gc,cpu         ] GC(227) User=0.04s Sys=0.00s Real=0.03s
[95.558s][info][gc             ] GC(228) Concurrent Cycle
[95.558s][info][gc,marking     ] GC(228) Concurrent Clear Claimed Marks
[95.559s][info][gc,marking     ] GC(228) Concurrent Clear Claimed Marks 0.339ms
[95.559s][info][gc,marking     ] GC(228) Concurrent Scan Root Regions
[95.562s][info][gc,marking     ] GC(228) Concurrent Scan Root Regions 3.614ms
[95.562s][info][gc,marking     ] GC(228) Concurrent Mark (95.562s)
[95.562s][info][gc,marking     ] GC(228) Concurrent Mark From Roots
[95.562s][info][gc,task        ] GC(228) Using 1 workers of 1 for marking
[96.222s][info][gc,start       ] GC(229) Pause Young (Normal) (G1 Evacuation Pause)
[96.222s][info][gc,task        ] GC(229) Using 1 workers of 1 for evacuation
[96.324s][info][gc,phases      ] GC(229)   Pre Evacuate Collection Set: 0.1ms
[96.324s][info][gc,phases      ] GC(229)   Evacuate Collection Set: 100.3ms
[96.324s][info][gc,phases      ] GC(229)   Post Evacuate Collection Set: 0.7ms
[96.324s][info][gc,phases      ] GC(229)   Other: 0.4ms
[96.324s][info][gc,heap        ] GC(229) Eden regions: 139->0(43)
[96.324s][info][gc,heap        ] GC(229) Survivor regions: 1->18(18)
[96.324s][info][gc,heap        ] GC(229) Old regions: 343->356
[96.324s][info][gc,heap        ] GC(229) Humongous regions: 220->189
[96.324s][info][gc,metaspace   ] GC(229) Metaspace: 66710K->66710K(1110016K)
[96.324s][info][gc             ] GC(229) Pause Young (Normal) (G1 Evacuation Pause) 700M->561M(1239M) 101.622ms
[96.324s][info][gc,cpu         ] GC(229) User=0.10s Sys=0.00s Real=0.10s
[96.340s][info][gc,marking     ] GC(228) Concurrent Mark From Roots 777.602ms
[96.340s][info][gc,marking     ] GC(228) Concurrent Preclean
[96.340s][info][gc,marking     ] GC(228) Concurrent Preclean 0.089ms
[96.340s][info][gc,marking     ] GC(228) Concurrent Mark (95.562s, 96.340s) 777.746ms
[96.343s][info][gc,start       ] GC(228) Pause Remark
[96.362s][info][gc,stringtable ] GC(228) Cleaned string and symbol table, strings: 23287 processed, 23 removed, symbols: 139952 processed, 0 removed
[96.362s][info][gc             ] GC(228) Pause Remark 566M->302M(1239M) 19.188ms
[96.362s][info][gc,cpu         ] GC(228) User=0.02s Sys=0.00s Real=0.02s
[96.363s][info][gc,marking     ] GC(228) Concurrent Rebuild Remembered Sets
[96.553s][info][gc,start       ] GC(230) Pause Young (Normal) (G1 Evacuation Pause)
[96.553s][info][gc,task        ] GC(230) Using 1 workers of 1 for evacuation
[96.623s][info][gc,phases      ] GC(230)   Pre Evacuate Collection Set: 0.1ms
[96.623s][info][gc,phases      ] GC(230)   Evacuate Collection Set: 69.0ms
[96.623s][info][gc,phases      ] GC(230)   Post Evacuate Collection Set: 0.4ms
[96.623s][info][gc,phases      ] GC(230)   Other: 0.5ms
[96.623s][info][gc,heap        ] GC(230) Eden regions: 43->0(61)
[96.623s][info][gc,heap        ] GC(230) Survivor regions: 18->1(8)
[96.623s][info][gc,heap        ] GC(230) Old regions: 248->266
[96.623s][info][gc,heap        ] GC(230) Humongous regions: 33->33
[96.623s][info][gc,metaspace   ] GC(230) Metaspace: 66721K->66721K(1110016K)
[96.623s][info][gc             ] GC(230) Pause Young (Normal) (G1 Evacuation Pause) 340M->298M(1242M) 69.995ms
[96.623s][info][gc,cpu         ] GC(230) User=0.06s Sys=0.00s Real=0.07s
[96.968s][info][gc,start       ] GC(231) Pause Young (Normal) (G1 Evacuation Pause)
[96.968s][info][gc,task        ] GC(231) Using 1 workers of 1 for evacuation
[96.978s][info][gc,phases      ] GC(231)   Pre Evacuate Collection Set: 0.1ms
[96.978s][info][gc,phases      ] GC(231)   Evacuate Collection Set: 5.0ms
[96.978s][info][gc,phases      ] GC(231)   Post Evacuate Collection Set: 3.9ms
[96.978s][info][gc,phases      ] GC(231)   Other: 0.5ms
[96.978s][info][gc,heap        ] GC(231) Eden regions: 61->0(61)
[96.978s][info][gc,heap        ] GC(231) Survivor regions: 1->1(8)
[96.978s][info][gc,heap        ] GC(231) Old regions: 266->266
[96.978s][info][gc,heap        ] GC(231) Humongous regions: 33->33
[96.978s][info][gc,metaspace   ] GC(231) Metaspace: 66721K->66721K(1110016K)
[96.978s][info][gc             ] GC(231) Pause Young (Normal) (G1 Evacuation Pause) 359M->298M(1242M) 9.589ms
[96.978s][info][gc,cpu         ] GC(231) User=0.01s Sys=0.00s Real=0.01s
[97.215s][info][gc,marking     ] GC(228) Concurrent Rebuild Remembered Sets 851.234ms
[97.218s][info][gc,start       ] GC(228) Pause Cleanup
[97.218s][info][gc             ] GC(228) Pause Cleanup 352M->352M(1242M) 0.410ms
[97.218s][info][gc,cpu         ] GC(228) User=0.00s Sys=0.00s Real=0.00s
[97.218s][info][gc,marking     ] GC(228) Concurrent Cleanup for Next Mark
[97.225s][info][gc,marking     ] GC(228) Concurrent Cleanup for Next Mark 6.386ms
[97.225s][info][gc             ] GC(228) Concurrent Cycle 1666.384ms
[97.232s][info][gc,start       ] GC(232) Pause Young (Prepare Mixed) (G1 Evacuation Pause)
[97.232s][info][gc,task        ] GC(232) Using 1 workers of 1 for evacuation
[97.235s][info][gc,phases      ] GC(232)   Pre Evacuate Collection Set: 0.1ms
[97.235s][info][gc,phases      ] GC(232)   Evacuate Collection Set: 1.8ms
[97.235s][info][gc,phases      ] GC(232)   Post Evacuate Collection Set: 0.3ms
[97.235s][info][gc,phases      ] GC(232)   Other: 0.2ms
[97.235s][info][gc,heap        ] GC(232) Eden regions: 61->0(61)
[97.235s][info][gc,heap        ] GC(232) Survivor regions: 1->1(8)
[97.235s][info][gc,heap        ] GC(232) Old regions: 266->266
[97.235s][info][gc,heap        ] GC(232) Humongous regions: 33->33
[97.235s][info][gc,metaspace   ] GC(232) Metaspace: 66721K->66721K(1110016K)
[97.235s][info][gc             ] GC(232) Pause Young (Prepare Mixed) (G1 Evacuation Pause) 359M->297M(1242M) 2.519ms
[97.235s][info][gc,cpu         ] GC(232) User=0.01s Sys=0.00s Real=0.00s
[97.325s][info][gc,start       ] GC(233) Pause Young (Mixed) (G1 Evacuation Pause)
[97.325s][info][gc,task        ] GC(233) Using 1 workers of 1 for evacuation
[97.379s][info][gc,phases      ] GC(233)   Pre Evacuate Collection Set: 0.1ms
[97.379s][info][gc,phases      ] GC(233)   Evacuate Collection Set: 53.8ms
[97.379s][info][gc,phases      ] GC(233)   Post Evacuate Collection Set: 0.4ms
[97.379s][info][gc,phases      ] GC(233)   Other: 0.4ms
[97.379s][info][gc,heap        ] GC(233) Eden regions: 61->0(54)
[97.379s][info][gc,heap        ] GC(233) Survivor regions: 1->8(8)
[97.379s][info][gc,heap        ] GC(233) Old regions: 266->276
[97.379s][info][gc,heap        ] GC(233) Humongous regions: 36->36
[97.379s][info][gc,metaspace   ] GC(233) Metaspace: 66721K->66721K(1110016K)
[97.379s][info][gc             ] GC(233) Pause Young (Mixed) (G1 Evacuation Pause) 361M->317M(1242M) 54.727ms
[97.379s][info][gc,cpu         ] GC(233) User=0.05s Sys=0.00s Real=0.05s
[97.440s][info][gc,start       ] GC(234) Pause Young (Normal) (G1 Evacuation Pause)
[97.440s][info][gc,task        ] GC(234) Using 1 workers of 1 for evacuation
[97.509s][info][gc,phases      ] GC(234)   Pre Evacuate Collection Set: 0.1ms
[97.509s][info][gc,phases      ] GC(234)   Evacuate Collection Set: 68.4ms
[97.509s][info][gc,phases      ] GC(234)   Post Evacuate Collection Set: 0.4ms
[97.509s][info][gc,phases      ] GC(234)   Other: 0.3ms
[97.509s][info][gc,heap        ] GC(234) Eden regions: 54->0(54)
[97.509s][info][gc,heap        ] GC(234) Survivor regions: 8->8(8)
[97.509s][info][gc,heap        ] GC(234) Old regions: 276->287
[97.509s][info][gc,heap        ] GC(234) Humongous regions: 36->36
[97.509s][info][gc,metaspace   ] GC(234) Metaspace: 66721K->66721K(1110016K)
[97.509s][info][gc             ] GC(234) Pause Young (Normal) (G1 Evacuation Pause) 371M->329M(1242M) 69.265ms
[97.509s][info][gc,cpu         ] GC(234) User=0.07s Sys=0.00s Real=0.07s
[97.531s][info][gc,start       ] GC(235) Pause Young (Normal) (G1 Evacuation Pause)
[97.531s][info][gc,task        ] GC(235) Using 1 workers of 1 for evacuation
[97.547s][info][gc,phases      ] GC(235)   Pre Evacuate Collection Set: 0.1ms
[97.547s][info][gc,phases      ] GC(235)   Evacuate Collection Set: 15.3ms
[97.547s][info][gc,phases      ] GC(235)   Post Evacuate Collection Set: 0.3ms
[97.547s][info][gc,phases      ] GC(235)   Other: 0.2ms
[97.547s][info][gc,heap        ] GC(235) Eden regions: 54->0(69)
[97.547s][info][gc,heap        ] GC(235) Survivor regions: 8->0(8)
[97.547s][info][gc,heap        ] GC(235) Old regions: 287->295
[97.547s][info][gc,heap        ] GC(235) Humongous regions: 36->36
[97.547s][info][gc,metaspace   ] GC(235) Metaspace: 66721K->66721K(1110016K)
[97.547s][info][gc             ] GC(235) Pause Young (Normal) (G1 Evacuation Pause) 383M->329M(1242M) 16.053ms
[97.547s][info][gc,cpu         ] GC(235) User=0.02s Sys=0.00s Real=0.01s
[97.649s][info][gc,start       ] GC(236) Pause Young (Normal) (G1 Evacuation Pause)
[97.649s][info][gc,task        ] GC(236) Using 1 workers of 1 for evacuation
[97.652s][info][gc,phases      ] GC(236)   Pre Evacuate Collection Set: 0.1ms
[97.652s][info][gc,phases      ] GC(236)   Evacuate Collection Set: 2.8ms
[97.652s][info][gc,phases      ] GC(236)   Post Evacuate Collection Set: 0.3ms
[97.652s][info][gc,phases      ] GC(236)   Other: 0.3ms
[97.652s][info][gc,heap        ] GC(236) Eden regions: 69->0(92)
[97.652s][info][gc,heap        ] GC(236) Survivor regions: 0->1(9)
[97.652s][info][gc,heap        ] GC(236) Old regions: 295->295
[97.652s][info][gc,heap        ] GC(236) Humongous regions: 36->36
[97.652s][info][gc,metaspace   ] GC(236) Metaspace: 67068K->67068K(1110016K)
[97.652s][info][gc             ] GC(236) Pause Young (Normal) (G1 Evacuation Pause) 398M->329M(1242M) 3.517ms
[97.652s][info][gc,cpu         ] GC(236) User=0.00s Sys=0.00s Real=0.01s
[97.770s][info][gc,heap,exit   ] Heap
[97.770s][info][gc,heap,exit   ]  garbage-first heap   total 1271808K, used 349667K [0x00000000b1e00000, 0x0000000100000000)
[97.770s][info][gc,heap,exit   ]   region size 1024K, 14 young (14336K), 1 survivors (1024K)
[97.770s][info][gc,heap,exit   ]  Metaspace       used 67246K, capacity 71177K, committed 71452K, reserved 1110016K
[97.770s][info][gc,heap,exit   ]   class space    used 9482K, capacity 11430K, committed 11468K, reserved 1048576K
