[0.003s][info][gc,init] Regions: 2500 x 512K
[0.003s][info][gc,init] Humongous object threshold: 512K
[0.003s][info][gc,init] Max TLAB size: 512K
[0.003s][info][gc,init] GC threads: 1 parallel, 1 concurrent
[0.003s][info][gc     ] Heuristics ergonomically sets -XX:+ExplicitGCInvokesConcurrent
[0.003s][info][gc     ] Heuristics ergonomically sets -XX:+ShenandoahImplicitGCInvokesConcurrent
[0.003s][info][gc,init] Shenandoah GC mode: Snapshot-At-The-Beginning (SATB)
[0.003s][info][gc,init] Shenandoah heuristics: Adaptive
[0.003s][info][gc,ergo] Pacer for Idle. Initial: 25600K, Alloc Tax Rate: 1.0x
[0.003s][info][gc,init] Initialize Shenandoah heap: 124M initial, 6656K min, 1250M max
[0.003s][info][gc,init] Safepointing mechanism: global-page poll
[0.003s][info][gc     ] Using Shenandoah
[0.003s][info][gc,heap,coops] Heap address: 0x00000000b1e00000, size: 1250 MB, Compressed Oops mode: 32-bit
[0.007s][info][gc,init      ] Reference processing: serial discovery, serial processing
[3.761s][info][gc           ] Trigger: Metadata GC Threshold
[3.761s][info][gc,ergo      ] Free: 1107M, Max: 512K regular, 1107M humongous, Frag: 0% external, 0% internal; Reserve: 64000K, Max: 512K
[3.761s][info][gc,start     ] GC(0) Concurrent reset
[3.761s][info][gc,task      ] GC(0) Using 1 of 1 workers for concurrent reset
[3.761s][info][gc,ergo      ] GC(0) Pacer for Reset. Non-Taxable: 1250M
[3.761s][info][gc           ] GC(0) Concurrent reset 0.095ms
[3.764s][info][gc,start     ] GC(0) Pause Init Mark (process weakrefs) (unload classes)
[3.764s][info][gc,task      ] GC(0) Using 1 of 1 workers for init marking
[3.765s][info][gc,ergo      ] GC(0) Pacer for Mark. Expected Live: 125M, Free: 1107M, Non-Taxable: 110M, Alloc Tax Rate: 0.1x
[3.765s][info][gc           ] GC(0) Pause Init Mark (process weakrefs) (unload classes) 1.256ms
[3.765s][info][gc,start     ] GC(0) Concurrent marking (process weakrefs) (unload classes)
[3.765s][info][gc,task      ] GC(0) Using 1 of 1 workers for concurrent marking
[3.795s][info][gc           ] GC(0) Concurrent marking (process weakrefs) (unload classes) 29.922ms
[3.795s][info][gc,start     ] GC(0) Concurrent precleaning
[3.795s][info][gc,task      ] GC(0) Using 1 of 1 workers for concurrent preclean
[3.795s][info][gc,ergo      ] GC(0) Pacer for Precleaning. Non-Taxable: 1250M
[3.801s][info][gc           ] GC(0) Concurrent precleaning 6.055ms
[3.803s][info][gc,start     ] GC(0) Pause Final Mark (process weakrefs) (unload classes)
[3.803s][info][gc,task      ] GC(0) Using 1 of 1 workers for final marking
[3.810s][info][gc,stringtable] GC(0) Cleaned string and symbol table, strings: 7788 processed, 0 removed, symbols: 40188 processed, 44 removed
[3.810s][info][gc,ergo       ] GC(0) Adaptive CSet Selection. Target Free: 177M, Actual Free: 1169M, Max CSet: 53333K, Min Garbage: 0B
[3.810s][info][gc,ergo       ] GC(0) Collectable Garbage: 62360K (98%), Immediate: 0B (0%), CSet: 62360K (98%)
[3.812s][info][gc,ergo       ] GC(0) Pacer for Evacuation. Used CSet: 69632K, Free: 1106M, Non-Taxable: 110M, Alloc Tax Rate: 1.1x
[3.812s][info][gc            ] GC(0) Pause Final Mark (process weakrefs) (unload classes) 9.555ms
[3.816s][info][gc,start      ] GC(0) Concurrent cleanup
[3.816s][info][gc            ] GC(0) Concurrent cleanup 81M->81M(126M) 0.092ms
[3.816s][info][gc,ergo       ] GC(0) Free: 1106M, Max: 512K regular, 1106M humongous, Frag: 0% external, 0% internal; Reserve: 62716K, Max: 512K
[3.816s][info][gc,start      ] GC(0) Concurrent evacuation
[3.816s][info][gc,task       ] GC(0) Using 1 of 1 workers for concurrent evacuation
[3.837s][info][gc            ] GC(0) Concurrent evacuation 20.698ms
[3.837s][info][gc,start      ] GC(0) Pause Init Update Refs
[3.837s][info][gc,ergo       ] GC(0) Pacer for Update Refs. Used: 90548K, Free: 1105M, Non-Taxable: 110M, Alloc Tax Rate: 1.1x
[3.837s][info][gc            ] GC(0) Pause Init Update Refs 0.018ms
[3.837s][info][gc,start      ] GC(0) Concurrent update references
[3.837s][info][gc,task       ] GC(0) Using 1 of 1 workers for concurrent reference update
[3.857s][info][gc            ] GC(0) Concurrent update references 19.729ms
[3.859s][info][gc,start      ] GC(0) Pause Final Update Refs
[3.859s][info][gc,task       ] GC(0) Using 1 of 1 workers for final reference update
[3.859s][info][gc            ] GC(0) Pause Final Update Refs 0.482ms
[3.859s][info][gc,start      ] GC(0) Concurrent cleanup
[3.859s][info][gc            ] GC(0) Concurrent cleanup 88M->20M(132M) 0.067ms
[3.859s][info][gc,ergo       ] Free: 1165M, Max: 512K regular, 1097M humongous, Frag: 6% external, 0% internal; Reserve: 64000K, Max: 512K
[3.859s][info][gc,stats      ] 
[3.859s][info][gc,stats      ] All times are wall-clock times, except per-root-class counters, that are sum over
[3.859s][info][gc,stats      ] all workers. Dividing the <total> over the root stage time estimates parallelism.
[3.859s][info][gc,stats      ] 
[3.859s][info][gc,stats      ] Concurrent Reset                     65 us
[3.859s][info][gc,stats      ] Pause Init Mark (G)                3817 us
[3.859s][info][gc,stats      ] Pause Init Mark (N)                1220 us
[3.859s][info][gc,stats      ]   Accumulate Stats                    2 us
[3.859s][info][gc,stats      ]   Make Parsable                       2 us
[3.859s][info][gc,stats      ]   Update Region States               41 us
[3.859s][info][gc,stats      ]   Scan Roots                       1140 us, parallelism: 0.95x
[3.859s][info][gc,stats      ]     S: <total>                     1081 us
[3.859s][info][gc,stats      ]     S: Thread Roots                 885 us, workers (us): 885, 
[3.859s][info][gc,stats      ]     S: Universe Roots                17 us, workers (us):  17, 
[3.860s][info][gc,stats      ]     S: JNI Handles Roots              5 us, workers (us):   5, 
[3.860s][info][gc,stats      ]     S: Synchronizer Roots             0 us, workers (us):   0, 
[3.860s][info][gc,stats      ]     S: Management Roots               1 us, workers (us):   1, 
[3.860s][info][gc,stats      ]     S: System Dict Roots             32 us, workers (us):  32, 
[3.860s][info][gc,stats      ]     S: CLDG Roots                   139 us, workers (us): 139, 
[3.860s][info][gc,stats      ]     S: JVMTI Roots                    1 us, workers (us):   1, 
[3.860s][info][gc,stats      ]   Resize TLABs                        2 us
[3.860s][info][gc,stats      ] Concurrent Marking                29913 us
[3.860s][info][gc,stats      ] Concurrent Precleaning             6045 us
[3.860s][info][gc,stats      ] Pause Final Mark (G)              15324 us
[3.860s][info][gc,stats      ] Pause Final Mark (N)               9508 us
[3.860s][info][gc,stats      ]   Finish Queues                      29 us
[3.860s][info][gc,stats      ]   Weak References                   217 us
[3.860s][info][gc,stats      ]     Process                         215 us
[3.860s][info][gc,stats      ]   System Purge                      127 us
[3.860s][info][gc,stats      ]     Unload Classes                  678 us
[3.860s][info][gc,stats      ]     Cleanup                        5922 us, parallelism: 0.98x
[3.860s][info][gc,stats      ]       CU: <total>                  5825 us
[3.860s][info][gc,stats      ]       CU: Code Cache Roots         1896 us, workers (us): 1896, 
[3.860s][info][gc,stats      ]       CU: Code Cache Cleaning       528 us, workers (us): 528, 
[3.860s][info][gc,stats      ]       CU: String Table Roots        843 us, workers (us): 843, 
[3.860s][info][gc,stats      ]       CU: Resolved Table Roots       26 us, workers (us):  26, 
[3.860s][info][gc,stats      ]       CU: CLDG Roots               2532 us, workers (us): 2532, 
[3.860s][info][gc,stats      ]     Weak Roots                      127 us
[3.860s][info][gc,stats      ]     CLDG                              1 us
[3.860s][info][gc,stats      ]   Update Region States               44 us
[3.860s][info][gc,stats      ]   Retire TLABs                        6 us
[3.860s][info][gc,stats      ]   Choose Collection Set              39 us
[3.860s][info][gc,stats      ]   Rebuild Free Set                    8 us
[3.860s][info][gc,stats      ]   Initial Evacuation               2427 us, parallelism: 0.59x
[3.860s][info][gc,stats      ]     E: <total>                     1427 us
[3.860s][info][gc,stats      ]     E: Thread Roots                  85 us, workers (us):  85, 
[3.860s][info][gc,stats      ]     E: Code Cache Roots             623 us, workers (us): 623, 
[3.860s][info][gc,stats      ]     E: Universe Roots                23 us, workers (us):  23, 
[3.860s][info][gc,stats      ]     E: JNI Handles Roots              4 us, workers (us):   4, 
[3.860s][info][gc,stats      ]     E: Synchronizer Roots             0 us, workers (us):   0, 
[3.860s][info][gc,stats      ]     E: Management Roots               2 us, workers (us):   2, 
[3.860s][info][gc,stats      ]     E: System Dict Roots             15 us, workers (us):  15, 
[3.860s][info][gc,stats      ]     E: CLDG Roots                   673 us, workers (us): 673, 
[3.860s][info][gc,stats      ]     E: JVMTI Roots                    1 us, workers (us):   1, 
[3.860s][info][gc,stats      ] Concurrent Cleanup                   47 us
[3.860s][info][gc,stats      ] Concurrent Evacuation             20679 us
[3.860s][info][gc,stats      ] Pause Init  Update Refs (G)         116 us
[3.860s][info][gc,stats      ] Pause Init  Update Refs (N)           9 us
[3.860s][info][gc,stats      ]   Retire GCLABs                       2 us
[3.860s][info][gc,stats      ] Concurrent Update Refs            19718 us
[3.860s][info][gc,stats      ] Pause Final Update Refs (G)        2328 us
[3.860s][info][gc,stats      ] Pause Final Update Refs (N)         449 us
[3.860s][info][gc,stats      ]   Update Roots                      387 us, parallelism: 0.97x
[3.860s][info][gc,stats      ]     UR: <total>                     376 us
[3.860s][info][gc,stats      ]     UR: Thread Roots                376 us, workers (us): 376, 
[3.860s][info][gc,stats      ]   Update Region States               45 us
[3.860s][info][gc,stats      ]   Trash Collection Set                2 us
[3.860s][info][gc,stats      ]   Rebuild Free Set                    8 us
[3.860s][info][gc,stats      ] Concurrent Cleanup                   50 us
[3.860s][info][gc,stats      ] 
[3.860s][info][gc,stats      ] Allocation pacing accrued:
[3.860s][info][gc,stats      ]       0 of  3856 ms (  0.0%): <total>
[3.860s][info][gc,stats      ]       0 of  3856 ms (  0.0%): <average total>
[3.860s][info][gc,stats      ] 
[3.860s][info][gc,metaspace  ] Metaspace: 20170K->20470K(1067008K)
[3.860s][info][gc,ergo       ] Pacer for Idle. Initial: 25600K, Alloc Tax Rate: 1.0x
[5.714s][info][gc            ] Trigger: Metadata GC Threshold
[5.714s][info][gc,ergo       ] Free: 1095M, Max: 512K regular, 1095M humongous, Frag: 0% external, 0% internal; Reserve: 64000K, Max: 512K
[5.714s][info][gc,start      ] GC(1) Concurrent reset
[5.714s][info][gc,task       ] GC(1) Using 1 of 1 workers for concurrent reset
[5.714s][info][gc,ergo       ] GC(1) Pacer for Reset. Non-Taxable: 1250M
[5.714s][info][gc            ] GC(1) Concurrent reset 0.203ms
[5.720s][info][gc,start      ] GC(1) Pause Init Mark (unload classes)
[5.720s][info][gc,task       ] GC(1) Using 1 of 1 workers for init marking
[5.722s][info][gc,ergo       ] GC(1) Pacer for Mark. Expected Live: 17449K, Free: 1095M, Non-Taxable: 109M, Alloc Tax Rate: 0.0x
[5.722s][info][gc            ] GC(1) Pause Init Mark (unload classes) 1.680ms
[5.722s][info][gc,start      ] GC(1) Concurrent marking (unload classes)
[5.722s][info][gc,task       ] GC(1) Using 1 of 1 workers for concurrent marking
[5.759s][info][gc            ] GC(1) Concurrent marking (unload classes) 37.192ms
[5.764s][info][gc,start      ] GC(1) Pause Final Mark (unload classes)
[5.764s][info][gc,task       ] GC(1) Using 1 of 1 workers for final marking
[5.782s][info][gc,stringtable] GC(1) Cleaned string and symbol table, strings: 13443 processed, 0 removed, symbols: 80110 processed, 44 removed
[5.782s][info][gc,ergo       ] GC(1) Adaptive CSet Selection. Target Free: 177M, Actual Free: 1157M, Max CSet: 53333K, Min Garbage: 0B
[5.782s][info][gc,ergo       ] GC(1) Collectable Garbage: 70858K (98%), Immediate: 512K (0%), CSet: 70346K (97%)
[5.784s][info][gc,ergo       ] GC(1) Pacer for Evacuation. Used CSet: 74752K, Free: 1095M, Non-Taxable: 109M, Alloc Tax Rate: 1.1x
[5.784s][info][gc            ] GC(1) Pause Final Mark (unload classes) 20.594ms
[5.788s][info][gc,start      ] GC(1) Concurrent cleanup
[5.788s][info][gc            ] GC(1) Concurrent cleanup 93M->93M(133M) 0.084ms
[5.788s][info][gc,ergo       ] GC(1) Free: 1094M, Max: 512K regular, 1094M humongous, Frag: 0% external, 0% internal; Reserve: 62893K, Max: 512K
[5.788s][info][gc,start      ] GC(1) Concurrent evacuation
[5.788s][info][gc,task       ] GC(1) Using 1 of 1 workers for concurrent evacuation
[5.804s][info][gc            ] GC(1) Concurrent evacuation 15.258ms
[5.804s][info][gc,start      ] GC(1) Pause Init Update Refs
[5.804s][info][gc,ergo       ] GC(1) Pacer for Update Refs. Used: 98899K, Free: 1094M, Non-Taxable: 109M, Alloc Tax Rate: 1.1x
[5.804s][info][gc            ] GC(1) Pause Init Update Refs 0.023ms
[5.804s][info][gc,start      ] GC(1) Concurrent update references
[5.804s][info][gc,task       ] GC(1) Using 1 of 1 workers for concurrent reference update
[5.834s][info][gc            ] GC(1) Concurrent update references 29.966ms
[5.834s][info][gc,start      ] GC(1) Pause Final Update Refs
[5.834s][info][gc,task       ] GC(1) Using 1 of 1 workers for final reference update
[5.835s][info][gc            ] GC(1) Pause Final Update Refs 0.445ms
[5.835s][info][gc,start      ] GC(1) Concurrent cleanup
[5.835s][info][gc            ] GC(1) Concurrent cleanup 98M->25M(136M) 0.052ms
[5.835s][info][gc,ergo       ] Free: 1160M, Max: 512K regular, 1088M humongous, Frag: 7% external, 0% internal; Reserve: 64000K, Max: 512K
[5.835s][info][gc,stats      ] 
[5.835s][info][gc,stats      ] All times are wall-clock times, except per-root-class counters, that are sum over
[5.835s][info][gc,stats      ] all workers. Dividing the <total> over the root stage time estimates parallelism.
[5.835s][info][gc,stats      ] 
[5.835s][info][gc,stats      ] Concurrent Reset                    176 us
[5.835s][info][gc,stats      ] Pause Init Mark (G)                7681 us
[5.835s][info][gc,stats      ] Pause Init Mark (N)                1633 us
[5.835s][info][gc,stats      ]   Accumulate Stats                    5 us
[5.835s][info][gc,stats      ]   Make Parsable                      11 us
[5.835s][info][gc,stats      ]   Update Region States               44 us
[5.835s][info][gc,stats      ]   Scan Roots                       1523 us, parallelism: 0.93x
[5.835s][info][gc,stats      ]     S: <total>                     1415 us
[5.835s][info][gc,stats      ]     S: Thread Roots                1275 us, workers (us): 1275, 
[5.835s][info][gc,stats      ]     S: Universe Roots                 2 us, workers (us):   2, 
[5.835s][info][gc,stats      ]     S: JNI Handles Roots              2 us, workers (us):   2, 
[5.835s][info][gc,stats      ]     S: Synchronizer Roots             0 us, workers (us):   0, 
[5.835s][info][gc,stats      ]     S: Management Roots               1 us, workers (us):   1, 
[5.835s][info][gc,stats      ]     S: System Dict Roots             37 us, workers (us):  37, 
[5.835s][info][gc,stats      ]     S: CLDG Roots                    98 us, workers (us):  98, 
[5.835s][info][gc,stats      ]     S: JVMTI Roots                    1 us, workers (us):   1, 
[5.835s][info][gc,stats      ]   Resize TLABs                        5 us
[5.835s][info][gc,stats      ] Concurrent Marking                37183 us
[5.835s][info][gc,stats      ] Pause Final Mark (G)              28851 us
[5.835s][info][gc,stats      ] Pause Final Mark (N)              20543 us
[5.835s][info][gc,stats      ]   Finish Queues                      47 us
[5.835s][info][gc,stats      ]   System Purge                      224 us
[5.835s][info][gc,stats      ]     Unload Classes                  404 us
[5.835s][info][gc,stats      ]     Cleanup                       17099 us, parallelism: 1.00x
[5.835s][info][gc,stats      ]       CU: <total>                 17021 us
[5.835s][info][gc,stats      ]       CU: Code Cache Roots         2502 us, workers (us): 2502, 
[5.835s][info][gc,stats      ]       CU: Code Cache Cleaning       716 us, workers (us): 716, 
[5.835s][info][gc,stats      ]       CU: String Table Roots       2580 us, workers (us): 2580, 
[5.835s][info][gc,stats      ]       CU: Resolved Table Roots       49 us, workers (us):  49, 
[5.835s][info][gc,stats      ]       CU: CLDG Roots              11174 us, workers (us): 11174, 
[5.835s][info][gc,stats      ]     Weak Roots                      224 us
[5.835s][info][gc,stats      ]     CLDG                              1 us
[5.835s][info][gc,stats      ]   Update Region States               43 us
[5.835s][info][gc,stats      ]   Retire TLABs                       13 us
[5.835s][info][gc,stats      ]   Choose Collection Set              45 us
[5.835s][info][gc,stats      ]   Rebuild Free Set                    9 us
[5.835s][info][gc,stats      ]   Initial Evacuation               2650 us, parallelism: 0.57x
[5.835s][info][gc,stats      ]     E: <total>                     1502 us
[5.835s][info][gc,stats      ]     E: Thread Roots                 451 us, workers (us): 451, 
[5.835s][info][gc,stats      ]     E: Code Cache Roots             196 us, workers (us): 196, 
[5.835s][info][gc,stats      ]     E: Universe Roots                 1 us, workers (us):   1, 
[5.835s][info][gc,stats      ]     E: JNI Handles Roots              2 us, workers (us):   2, 
[5.835s][info][gc,stats      ]     E: Synchronizer Roots             1 us, workers (us):   1, 
[5.835s][info][gc,stats      ]     E: Management Roots               1 us, workers (us):   1, 
[5.835s][info][gc,stats      ]     E: System Dict Roots             43 us, workers (us):  43, 
[5.835s][info][gc,stats      ]     E: CLDG Roots                   805 us, workers (us): 805, 
[5.835s][info][gc,stats      ]     E: JVMTI Roots                    1 us, workers (us):   1, 
[5.835s][info][gc,stats      ] Concurrent Cleanup                   45 us
[5.835s][info][gc,stats      ] Concurrent Evacuation             15245 us
[5.835s][info][gc,stats      ] Pause Init  Update Refs (G)         732 us
[5.835s][info][gc,stats      ] Pause Init  Update Refs (N)           9 us
[5.835s][info][gc,stats      ]   Retire GCLABs                       3 us
[5.835s][info][gc,stats      ] Concurrent Update Refs            29955 us
[5.835s][info][gc,stats      ] Pause Final Update Refs (G)         578 us
[5.835s][info][gc,stats      ] Pause Final Update Refs (N)         436 us
[5.835s][info][gc,stats      ]   Update Roots                      379 us, parallelism: 0.98x
[5.835s][info][gc,stats      ]     UR: <total>                     373 us
[5.835s][info][gc,stats      ]     UR: Thread Roots                373 us, workers (us): 373, 
[5.835s][info][gc,stats      ]   Update Region States               40 us
[5.835s][info][gc,stats      ]   Trash Collection Set                2 us
[5.835s][info][gc,stats      ]   Rebuild Free Set                    9 us
[5.835s][info][gc,stats      ] Concurrent Cleanup                   46 us
[5.835s][info][gc,stats      ] 
[5.835s][info][gc,stats      ] Allocation pacing accrued:
[5.835s][info][gc,stats      ]       0 of  1976 ms (  0.0%): <total>
[5.835s][info][gc,stats      ]       0 of  1976 ms (  0.0%): <average total>
[5.835s][info][gc,stats      ] 
[5.835s][info][gc,metaspace  ] Metaspace: 34503K->34949K(1081344K)
[5.835s][info][gc,ergo       ] Pacer for Idle. Initial: 25600K, Alloc Tax Rate: 1.0x
[7.483s][info][gc            ] Trigger: Learning 3 of 5. Free (874M) is below initial threshold (875M)
[7.483s][info][gc,ergo       ] Free: 873M, Max: 512K regular, 873M humongous, Frag: 0% external, 0% internal; Reserve: 64000K, Max: 512K
[7.483s][info][gc,start      ] GC(2) Concurrent reset
[7.483s][info][gc,task       ] GC(2) Using 1 of 1 workers for concurrent reset
[7.483s][info][gc,ergo       ] GC(2) Pacer for Reset. Non-Taxable: 1250M
[7.483s][info][gc            ] GC(2) Concurrent reset 0.218ms
[7.486s][info][gc,start      ] GC(2) Pause Init Mark
[7.486s][info][gc,task       ] GC(2) Using 1 of 1 workers for init marking
[7.487s][info][gc,ergo       ] GC(2) Pacer for Mark. Expected Live: 19391K, Free: 873M, Non-Taxable: 89447K, Alloc Tax Rate: 0.0x
[7.487s][info][gc            ] GC(2) Pause Init Mark 1.075ms
[7.487s][info][gc,start      ] GC(2) Concurrent marking
[7.487s][info][gc,task       ] GC(2) Using 1 of 1 workers for concurrent marking
[7.901s][info][gc            ] GC(2) Concurrent marking 414.103ms
[7.901s][info][gc,start      ] GC(2) Pause Final Mark
[7.901s][info][gc,task       ] GC(2) Using 1 of 1 workers for final marking
[7.901s][info][gc,ergo       ] GC(2) Adaptive CSet Selection. Target Free: 177M, Actual Free: 771M, Max CSet: 53333K, Min Garbage: 0B
[7.901s][info][gc,ergo       ] GC(2) Collectable Garbage: 41177K (86%), Immediate: 380K (0%), CSet: 40796K (86%)
[7.903s][info][gc,ergo       ] GC(2) Pacer for Evacuation. Used CSet: 42936K, Free: 709M, Non-Taxable: 72653K, Alloc Tax Rate: 1.1x
[7.903s][info][gc            ] GC(2) Pause Final Mark 2.184ms
[7.903s][info][gc,start      ] GC(2) Concurrent cleanup
[7.903s][info][gc            ] GC(2) Concurrent cleanup 477M->477M(479M) 0.052ms
[7.903s][info][gc,ergo       ] GC(2) Free: 709M, Max: 512K regular, 709M humongous, Frag: 1% external, 0% internal; Reserve: 63488K, Max: 512K
[7.903s][info][gc,start      ] GC(2) Concurrent evacuation
[7.903s][info][gc,task       ] GC(2) Using 1 of 1 workers for concurrent evacuation
[7.905s][info][gc            ] GC(2) Concurrent evacuation 2.176ms
[7.906s][info][gc,start      ] GC(2) Pause Init Update Refs
[7.906s][info][gc,ergo       ] GC(2) Pacer for Update Refs. Used: 479M, Free: 709M, Non-Taxable: 72653K, Alloc Tax Rate: 1.1x
[7.906s][info][gc            ] GC(2) Pause Init Update Refs 0.017ms
[7.906s][info][gc,start      ] GC(2) Concurrent update references
[7.906s][info][gc,task       ] GC(2) Using 1 of 1 workers for concurrent reference update
[8.594s][info][gc            ] GC(2) Concurrent update references 687.935ms
[8.594s][info][gc,start      ] GC(2) Pause Final Update Refs
[8.594s][info][gc,task       ] GC(2) Using 1 of 1 workers for final reference update
[8.594s][info][gc            ] GC(2) Pause Final Update Refs 0.292ms
[8.594s][info][gc,start      ] GC(2) Concurrent cleanup
[8.594s][info][gc            ] GC(2) Concurrent cleanup 656M->614M(657M) 0.051ms
[8.594s][info][gc,ergo       ] Free: 572M, Max: 512K regular, 530M humongous, Frag: 8% external, 0% internal; Reserve: 64000K, Max: 512K
[8.594s][info][gc,stats      ] 
[8.594s][info][gc,stats      ] All times are wall-clock times, except per-root-class counters, that are sum over
[8.594s][info][gc,stats      ] all workers. Dividing the <total> over the root stage time estimates parallelism.
[8.594s][info][gc,stats      ] 
[8.594s][info][gc,stats      ] Concurrent Reset                    190 us
[8.594s][info][gc,stats      ] Pause Init Mark (G)                3243 us
[8.594s][info][gc,stats      ] Pause Init Mark (N)                1036 us
[8.594s][info][gc,stats      ]   Accumulate Stats                    6 us
[8.594s][info][gc,stats      ]   Make Parsable                      10 us
[8.594s][info][gc,stats      ]   Update Region States               44 us
[8.594s][info][gc,stats      ]   Scan Roots                        927 us, parallelism: 0.84x
[8.594s][info][gc,stats      ]     S: <total>                      779 us
[8.594s][info][gc,stats      ]     S: Thread Roots                 348 us, workers (us): 348, 
[8.594s][info][gc,stats      ]     S: Universe Roots                 2 us, workers (us):   2, 
[8.594s][info][gc,stats      ]     S: JNI Handles Roots              2 us, workers (us):   2, 
[8.594s][info][gc,stats      ]     S: Synchronizer Roots             0 us, workers (us):   0, 
[8.594s][info][gc,stats      ]     S: Management Roots               2 us, workers (us):   2, 
[8.594s][info][gc,stats      ]     S: System Dict Roots             20 us, workers (us):  20, 
[8.594s][info][gc,stats      ]     S: CLDG Roots                   405 us, workers (us): 405, 
[8.594s][info][gc,stats      ]     S: JVMTI Roots                    1 us, workers (us):   1, 
[8.594s][info][gc,stats      ]   Resize TLABs                        5 us
[8.594s][info][gc,stats      ] Concurrent Marking               414094 us
[8.594s][info][gc,stats      ] Pause Final Mark (G)               2264 us
[8.594s][info][gc,stats      ] Pause Final Mark (N)               2166 us
[8.594s][info][gc,stats      ]   Finish Queues                      12 us
[8.594s][info][gc,stats      ]   System Purge                      212 us
[8.594s][info][gc,stats      ]     Weak Roots                      212 us
[8.594s][info][gc,stats      ]   Update Region States               39 us
[8.594s][info][gc,stats      ]   Retire TLABs                        6 us
[8.594s][info][gc,stats      ]   Choose Collection Set             107 us
[8.594s][info][gc,stats      ]   Rebuild Free Set                   10 us
[8.594s][info][gc,stats      ]   Initial Evacuation               1771 us, parallelism: 0.53x
[8.594s][info][gc,stats      ]     E: <total>                      936 us
[8.594s][info][gc,stats      ]     E: Thread Roots                 212 us, workers (us): 212, 
[8.594s][info][gc,stats      ]     E: Code Cache Roots             150 us, workers (us): 150, 
[8.594s][info][gc,stats      ]     E: Universe Roots                 1 us, workers (us):   1, 
[8.594s][info][gc,stats      ]     E: JNI Handles Roots              1 us, workers (us):   1, 
[8.594s][info][gc,stats      ]     E: Synchronizer Roots             0 us, workers (us):   0, 
[8.594s][info][gc,stats      ]     E: Management Roots               5 us, workers (us):   5, 
[8.594s][info][gc,stats      ]     E: System Dict Roots              8 us, workers (us):   8, 
[8.594s][info][gc,stats      ]     E: CLDG Roots                   558 us, workers (us): 558, 
[8.594s][info][gc,stats      ]     E: JVMTI Roots                    0 us, workers (us):   0, 
[8.594s][info][gc,stats      ] Concurrent Cleanup                   43 us
[8.594s][info][gc,stats      ] Concurrent Evacuation              2164 us
[8.594s][info][gc,stats      ] Pause Init  Update Refs (G)         144 us
[8.594s][info][gc,stats      ] Pause Init  Update Refs (N)           9 us
[8.594s][info][gc,stats      ]   Retire GCLABs                       3 us
[8.594s][info][gc,stats      ] Concurrent Update Refs           687922 us
[8.594s][info][gc,stats      ] Pause Final Update Refs (G)         437 us
[8.594s][info][gc,stats      ] Pause Final Update Refs (N)         258 us
[8.594s][info][gc,stats      ]   Update Roots                      195 us, parallelism: 0.97x
[8.594s][info][gc,stats      ]     UR: <total>                     189 us
[8.594s][info][gc,stats      ]     UR: Thread Roots                189 us, workers (us): 189, 
[8.594s][info][gc,stats      ]   Update Region States               40 us
[8.594s][info][gc,stats      ]   Trash Collection Set                1 us
[8.594s][info][gc,stats      ]   Rebuild Free Set                    8 us
[8.594s][info][gc,stats      ] Concurrent Cleanup                   44 us
[8.594s][info][gc,stats      ] 
[8.594s][info][gc,stats      ] Allocation pacing accrued:
[8.594s][info][gc,stats      ]       0 of  2759 ms (  0.0%): <total>
[8.594s][info][gc,stats      ]       0 of  2759 ms (  0.0%): <average total>
[8.594s][info][gc,stats      ] 
[8.594s][info][gc,metaspace  ] Metaspace: 43067K->43090K(1087488K)
[8.594s][info][gc,ergo       ] Pacer for Idle. Initial: 25600K, Alloc Tax Rate: 1.0x
[8.596s][info][gc            ] Trigger: Learning 4 of 5. Free (572M) is below initial threshold (875M)
[8.596s][info][gc,ergo       ] Free: 572M, Max: 512K regular, 530M humongous, Frag: 8% external, 0% internal; Reserve: 64000K, Max: 512K
[8.596s][info][gc,start      ] GC(3) Concurrent reset
[8.596s][info][gc,task       ] GC(3) Using 1 of 1 workers for concurrent reset
[8.596s][info][gc,ergo       ] GC(3) Pacer for Reset. Non-Taxable: 1250M
[8.596s][info][gc            ] GC(3) Concurrent reset 0.482ms
[8.596s][info][gc,start      ] GC(3) Pause Init Mark
[8.596s][info][gc,task       ] GC(3) Using 1 of 1 workers for init marking
[8.597s][info][gc,ergo       ] GC(3) Pacer for Mark. Expected Live: 101M, Free: 572M, Non-Taxable: 58572K, Alloc Tax Rate: 0.2x
[8.597s][info][gc            ] GC(3) Pause Init Mark 0.964ms
[8.597s][info][gc,start      ] GC(3) Concurrent marking
[8.597s][info][gc,task       ] GC(3) Using 1 of 1 workers for concurrent marking
[9.657s][info][gc            ] GC(3) Concurrent marking 1059.676ms
[9.657s][info][gc,start      ] GC(3) Pause Final Mark
[9.657s][info][gc,task       ] GC(3) Using 1 of 1 workers for final marking
[9.664s][info][gc,ergo       ] GC(3) Adaptive CSet Selection. Target Free: 177M, Actual Free: 620M, Max CSet: 53333K, Min Garbage: 0B
[9.664s][info][gc,ergo       ] GC(3) Collectable Garbage: 1289K (9%), Immediate: 0B (0%), CSet: 1289K (9%)
[9.666s][info][gc,ergo       ] GC(3) Pacer for Evacuation. Used CSet: 1536K, Free: 557M, Non-Taxable: 57092K, Alloc Tax Rate: 1.1x
[9.666s][info][gc            ] GC(3) Pause Final Mark 8.502ms
[9.669s][info][gc,start      ] GC(3) Concurrent cleanup
[9.669s][info][gc            ] GC(3) Concurrent cleanup 629M->629M(657M) 0.080ms
[9.669s][info][gc,ergo       ] GC(3) Free: 557M, Max: 512K regular, 530M humongous, Frag: 5% external, 0% internal; Reserve: 63993K, Max: 512K
[9.669s][info][gc,start      ] GC(3) Concurrent evacuation
[9.669s][info][gc,task       ] GC(3) Using 1 of 1 workers for concurrent evacuation
[9.672s][info][gc            ] GC(3) Concurrent evacuation 3.612ms
[9.673s][info][gc,start      ] GC(3) Pause Init Update Refs
[9.673s][info][gc,ergo       ] GC(3) Pacer for Update Refs. Used: 629M, Free: 557M, Non-Taxable: 57063K, Alloc Tax Rate: 1.4x
[9.673s][info][gc            ] GC(3) Pause Init Update Refs 0.021ms
[9.673s][info][gc,start      ] GC(3) Concurrent update references
[9.673s][info][gc,task       ] GC(3) Using 1 of 1 workers for concurrent reference update
[11.009s][info][gc            ] GC(3) Concurrent update references 1336.272ms
[11.011s][info][gc,start      ] GC(3) Pause Final Update Refs
[11.011s][info][gc,task       ] GC(3) Using 1 of 1 workers for final reference update
[11.012s][info][gc            ] GC(3) Pause Final Update Refs 0.774ms
[11.012s][info][gc,start      ] GC(3) Concurrent cleanup
[11.012s][info][gc            ] GC(3) Concurrent cleanup 663M->662M(666M) 0.094ms
[11.012s][info][gc,ergo       ] Free: 523M, Max: 512K regular, 522M humongous, Frag: 1% external, 1% internal; Reserve: 64000K, Max: 512K
[11.012s][info][gc,stats      ] 
[11.012s][info][gc,stats      ] All times are wall-clock times, except per-root-class counters, that are sum over
[11.012s][info][gc,stats      ] all workers. Dividing the <total> over the root stage time estimates parallelism.
[11.012s][info][gc,stats      ] 
[11.012s][info][gc,stats      ] Concurrent Reset                    473 us
[11.012s][info][gc,stats      ] Pause Init Mark (G)                1123 us
[11.012s][info][gc,stats      ] Pause Init Mark (N)                 951 us
[11.012s][info][gc,stats      ]   Accumulate Stats                    7 us
[11.012s][info][gc,stats      ]   Make Parsable                       7 us
[11.012s][info][gc,stats      ]   Update Region States               25 us
[11.012s][info][gc,stats      ]   Scan Roots                        858 us, parallelism: 0.81x
[11.012s][info][gc,stats      ]     S: <total>                      696 us
[11.012s][info][gc,stats      ]     S: Thread Roots                 215 us, workers (us): 215, 
[11.012s][info][gc,stats      ]     S: Universe Roots                 2 us, workers (us):   2, 
[11.012s][info][gc,stats      ]     S: JNI Handles Roots              1 us, workers (us):   1, 
[11.012s][info][gc,stats      ]     S: Synchronizer Roots             0 us, workers (us):   0, 
[11.012s][info][gc,stats      ]     S: Management Roots               1 us, workers (us):   1, 
[11.012s][info][gc,stats      ]     S: System Dict Roots              7 us, workers (us):   7, 
[11.012s][info][gc,stats      ]     S: CLDG Roots                   469 us, workers (us): 469, 
[11.012s][info][gc,stats      ]     S: JVMTI Roots                    0 us, workers (us):   0, 
[11.012s][info][gc,stats      ]   Resize TLABs                        6 us
[11.012s][info][gc,stats      ] Concurrent Marking              1059668 us
[11.012s][info][gc,stats      ] Pause Final Mark (G)              11484 us
[11.012s][info][gc,stats      ] Pause Final Mark (N)               8469 us
[11.012s][info][gc,stats      ]   Finish Queues                    6501 us
[11.012s][info][gc,stats      ]   System Purge                      210 us
[11.012s][info][gc,stats      ]     Weak Roots                      209 us
[11.012s][info][gc,stats      ]   Update Region States               50 us
[11.012s][info][gc,stats      ]   Retire TLABs                        8 us
[11.012s][info][gc,stats      ]   Choose Collection Set             190 us
[11.012s][info][gc,stats      ]   Rebuild Free Set                    8 us
[11.012s][info][gc,stats      ]   Initial Evacuation               1488 us, parallelism: 0.70x
[11.012s][info][gc,stats      ]     E: <total>                     1041 us
[11.012s][info][gc,stats      ]     E: Thread Roots                 562 us, workers (us): 562, 
[11.012s][info][gc,stats      ]     E: Code Cache Roots             106 us, workers (us): 106, 
[11.012s][info][gc,stats      ]     E: Universe Roots                 1 us, workers (us):   1, 
[11.012s][info][gc,stats      ]     E: JNI Handles Roots              1 us, workers (us):   1, 
[11.012s][info][gc,stats      ]     E: Synchronizer Roots             1 us, workers (us):   1, 
[11.012s][info][gc,stats      ]     E: Management Roots               1 us, workers (us):   1, 
[11.012s][info][gc,stats      ]     E: System Dict Roots              8 us, workers (us):   8, 
[11.012s][info][gc,stats      ]     E: CLDG Roots                   361 us, workers (us): 361, 
[11.012s][info][gc,stats      ]     E: JVMTI Roots                    1 us, workers (us):   1, 
[11.012s][info][gc,stats      ] Concurrent Cleanup                   42 us
[11.012s][info][gc,stats      ] Concurrent Evacuation              3606 us
[11.012s][info][gc,stats      ] Pause Init  Update Refs (G)         206 us
[11.012s][info][gc,stats      ] Pause Init  Update Refs (N)           9 us
[11.012s][info][gc,stats      ]   Retire GCLABs                       3 us
[11.012s][info][gc,stats      ] Concurrent Update Refs          1336263 us
[11.012s][info][gc,stats      ] Pause Final Update Refs (G)        3072 us
[11.012s][info][gc,stats      ] Pause Final Update Refs (N)         630 us
[11.012s][info][gc,stats      ]   Update Roots                      550 us, parallelism: 0.98x
[11.012s][info][gc,stats      ]     UR: <total>                     538 us
[11.012s][info][gc,stats      ]     UR: Thread Roots                538 us, workers (us): 538, 
[11.012s][info][gc,stats      ]   Update Region States               41 us
[11.012s][info][gc,stats      ]   Trash Collection Set                1 us
[11.012s][info][gc,stats      ]   Rebuild Free Set                    9 us
[11.012s][info][gc,stats      ] Concurrent Cleanup                   84 us
[11.012s][info][gc,stats      ] 
[11.012s][info][gc,stats      ] Allocation pacing accrued:
[11.012s][info][gc,stats      ]       0 of  2418 ms (  0.0%): <total>
[11.012s][info][gc,stats      ]       0 of  2418 ms (  0.0%): <average total>
[11.012s][info][gc,stats      ] 
[11.012s][info][gc,metaspace  ] Metaspace: 43090K->51285K(1095680K)
[11.012s][info][gc,ergo       ] Pacer for Idle. Initial: 25600K, Alloc Tax Rate: 1.0x
[11.014s][info][gc            ] Trigger: Learning 5 of 5. Free (523M) is below initial threshold (875M)
[11.014s][info][gc,ergo       ] Free: 523M, Max: 512K regular, 522M humongous, Frag: 1% external, 1% internal; Reserve: 64000K, Max: 512K
[11.014s][info][gc,start      ] GC(4) Concurrent reset
[11.014s][info][gc,task       ] GC(4) Using 1 of 1 workers for concurrent reset
[11.014s][info][gc,ergo       ] GC(4) Pacer for Reset. Non-Taxable: 1250M
[11.017s][info][gc            ] GC(4) Concurrent reset 2.790ms
[11.020s][info][gc,start      ] GC(4) Pause Init Mark
[11.020s][info][gc,task       ] GC(4) Using 1 of 1 workers for init marking
[11.021s][info][gc,ergo       ] GC(4) Pacer for Mark. Expected Live: 226M, Free: 523M, Non-Taxable: 53637K, Alloc Tax Rate: 0.5x
[11.021s][info][gc            ] GC(4) Pause Init Mark 1.285ms
[11.022s][info][gc,start      ] GC(4) Concurrent marking
[11.022s][info][gc,task       ] GC(4) Using 1 of 1 workers for concurrent marking
[11.081s][info][gc            ] GC(4) Concurrent marking 59.276ms
[11.081s][info][gc,start      ] GC(4) Pause Final Mark
[11.081s][info][gc,task       ] GC(4) Using 1 of 1 workers for final marking
[11.081s][info][gc,ergo       ] GC(4) Collectable Garbage: 589M (92%), Immediate: 589M (92%), CSet: 0B (0%)
[11.081s][info][gc            ] GC(4) Pause Final Mark 0.331ms
[11.081s][info][gc,start      ] GC(4) Concurrent cleanup
[11.081s][info][gc            ] GC(4) Concurrent cleanup 664M->75M(667M) 0.092ms
[11.081s][info][gc,ergo       ] GC(4) Free: 1111M, Max: 512K regular, 521M humongous, Frag: 54% external, 0% internal; Reserve: 64000K, Max: 512K
[11.081s][info][gc,ergo       ] Free: 1111M, Max: 512K regular, 521M humongous, Frag: 54% external, 0% internal; Reserve: 64000K, Max: 512K
[11.081s][info][gc,stats      ] 
[11.081s][info][gc,stats      ] All times are wall-clock times, except per-root-class counters, that are sum over
[11.081s][info][gc,stats      ] all workers. Dividing the <total> over the root stage time estimates parallelism.
[11.081s][info][gc,stats      ] 
[11.081s][info][gc,stats      ] Concurrent Reset                   2783 us
[11.081s][info][gc,stats      ] Pause Init Mark (G)                4249 us
[11.081s][info][gc,stats      ] Pause Init Mark (N)                1246 us
[11.081s][info][gc,stats      ]   Accumulate Stats                    6 us
[11.081s][info][gc,stats      ]   Make Parsable                       8 us
[11.081s][info][gc,stats      ]   Update Region States               47 us
[11.081s][info][gc,stats      ]   Scan Roots                       1119 us, parallelism: 0.83x
[11.081s][info][gc,stats      ]     S: <total>                      927 us
[11.081s][info][gc,stats      ]     S: Thread Roots                 395 us, workers (us): 395, 
[11.081s][info][gc,stats      ]     S: Universe Roots                 2 us, workers (us):   2, 
[11.081s][info][gc,stats      ]     S: JNI Handles Roots              2 us, workers (us):   2, 
[11.081s][info][gc,stats      ]     S: Synchronizer Roots             0 us, workers (us):   0, 
[11.081s][info][gc,stats      ]     S: Management Roots               1 us, workers (us):   1, 
[11.081s][info][gc,stats      ]     S: System Dict Roots             10 us, workers (us):  10, 
[11.081s][info][gc,stats      ]     S: CLDG Roots                   516 us, workers (us): 516, 
[11.081s][info][gc,stats      ]     S: JVMTI Roots                    1 us, workers (us):   1, 
[11.081s][info][gc,stats      ]   Resize TLABs                        6 us
[11.081s][info][gc,stats      ] Concurrent Marking                59266 us
[11.081s][info][gc,stats      ] Pause Final Mark (G)                379 us
[11.081s][info][gc,stats      ] Pause Final Mark (N)                323 us
[11.081s][info][gc,stats      ]   Finish Queues                       8 us
[11.081s][info][gc,stats      ]   System Purge                      237 us
[11.081s][info][gc,stats      ]     Weak Roots                      237 us
[11.081s][info][gc,stats      ]   Update Region States               38 us
[11.081s][info][gc,stats      ]   Retire TLABs                        6 us
[11.081s][info][gc,stats      ]   Choose Collection Set              19 us
[11.081s][info][gc,stats      ]   Rebuild Free Set                    8 us
[11.081s][info][gc,stats      ] Concurrent Cleanup                   85 us
[11.081s][info][gc,stats      ] 
[11.081s][info][gc,stats      ] Allocation pacing accrued:
[11.081s][info][gc,stats      ]       0 of    69 ms (  0.0%): <total>
[11.081s][info][gc,stats      ]       0 of    69 ms (  0.0%): <average total>
[11.081s][info][gc,stats      ] 
[11.082s][info][gc,metaspace  ] Metaspace: 51300K->51388K(1095680K)
[11.082s][info][gc,ergo       ] Pacer for Idle. Initial: 25600K, Alloc Tax Rate: 1.0x
[11.103s][info][gc            ] Trigger: Explicit GC request (System.gc())
[11.103s][info][gc,ergo       ] Free: 1109M, Max: 512K regular, 521M humongous, Frag: 54% external, 0% internal; Reserve: 64000K, Max: 512K
[11.103s][info][gc,start      ] GC(5) Concurrent reset
[11.103s][info][gc,task       ] GC(5) Using 1 of 1 workers for concurrent reset
[11.103s][info][gc,ergo       ] GC(5) Pacer for Reset. Non-Taxable: 1250M
[11.103s][info][gc            ] GC(5) Concurrent reset 0.165ms
[11.103s][info][gc,start      ] GC(5) Pause Init Mark (process weakrefs) (unload classes)
[11.103s][info][gc,task       ] GC(5) Using 1 of 1 workers for init marking
[11.104s][info][gc,ergo       ] GC(5) Pacer for Mark. Expected Live: 186M, Free: 1109M, Non-Taxable: 110M, Alloc Tax Rate: 0.2x
[11.104s][info][gc            ] GC(5) Pause Init Mark (process weakrefs) (unload classes) 0.562ms
[11.104s][info][gc,start      ] GC(5) Concurrent marking (process weakrefs) (unload classes)
[11.104s][info][gc,task       ] GC(5) Using 1 of 1 workers for concurrent marking
[11.127s][info][gc            ] GC(5) Concurrent marking (process weakrefs) (unload classes) 23.343ms
[11.127s][info][gc,start      ] GC(5) Concurrent precleaning
[11.128s][info][gc,task       ] GC(5) Using 1 of 1 workers for concurrent preclean
[11.128s][info][gc,ergo       ] GC(5) Pacer for Precleaning. Non-Taxable: 1250M
[11.133s][info][gc            ] GC(5) Concurrent precleaning 5.653ms
[11.133s][info][gc,start      ] GC(5) Pause Final Mark (process weakrefs) (unload classes)
[11.133s][info][gc,task       ] GC(5) Using 1 of 1 workers for final marking
[11.165s][info][gc,stringtable] GC(5) Cleaned string and symbol table, strings: 17105 processed, 0 removed, symbols: 118455 processed, 33 removed
[11.165s][info][gc,ergo       ] GC(5) Adaptive CSet Selection. Target Free: 177M, Actual Free: 1173M, Max CSet: 53333K, Min Garbage: 0B
[11.165s][info][gc,ergo       ] GC(5) Collectable Garbage: 54694K (97%), Immediate: 1943K (3%), CSet: 52751K (93%)
[11.167s][info][gc,ergo       ] GC(5) Pacer for Evacuation. Used CSet: 57732K, Free: 1111M, Non-Taxable: 111M, Alloc Tax Rate: 1.1x
[11.167s][info][gc            ] GC(5) Pause Final Mark (process weakrefs) (unload classes) 34.084ms
[11.167s][info][gc,start      ] GC(5) Concurrent cleanup
[11.167s][info][gc            ] GC(5) Concurrent cleanup 76M->75M(667M) 0.051ms
[11.167s][info][gc,ergo       ] GC(5) Free: 1111M, Max: 512K regular, 521M humongous, Frag: 54% external, 0% internal; Reserve: 63488K, Max: 512K
[11.167s][info][gc,start      ] GC(5) Concurrent evacuation
[11.167s][info][gc,task       ] GC(5) Using 1 of 1 workers for concurrent evacuation
[11.185s][info][gc            ] GC(5) Concurrent evacuation 17.720ms
[11.185s][info][gc,start      ] GC(5) Pause Init Update Refs
[11.185s][info][gc,ergo       ] GC(5) Pacer for Update Refs. Used: 81993K, Free: 1111M, Non-Taxable: 111M, Alloc Tax Rate: 1.1x
[11.185s][info][gc            ] GC(5) Pause Init Update Refs 0.020ms
[11.185s][info][gc,start      ] GC(5) Concurrent update references
[11.185s][info][gc,task       ] GC(5) Using 1 of 1 workers for concurrent reference update
[11.205s][info][gc            ] GC(5) Concurrent update references 19.939ms
[11.205s][info][gc,start      ] GC(5) Pause Final Update Refs
[11.205s][info][gc,task       ] GC(5) Using 1 of 1 workers for final reference update
[11.206s][info][gc            ] GC(5) Pause Final Update Refs 0.261ms
[11.206s][info][gc,start      ] GC(5) Concurrent cleanup
[11.206s][info][gc            ] GC(5) Concurrent cleanup 80M->23M(672M) 0.052ms
[11.206s][info][gc,ergo       ] Free: 1162M, Max: 512K regular, 1120M humongous, Frag: 4% external, 0% internal; Reserve: 64000K, Max: 512K
[11.206s][info][gc,stats      ] 
[11.206s][info][gc,stats      ] All times are wall-clock times, except per-root-class counters, that are sum over
[11.206s][info][gc,stats      ] all workers. Dividing the <total> over the root stage time estimates parallelism.
[11.206s][info][gc,stats      ] 
[11.206s][info][gc,stats      ] Concurrent Reset                    158 us
[11.206s][info][gc,stats      ] Pause Init Mark (G)                 762 us
[11.206s][info][gc,stats      ] Pause Init Mark (N)                 553 us
[11.206s][info][gc,stats      ]   Accumulate Stats                    5 us
[11.206s][info][gc,stats      ]   Make Parsable                       5 us
[11.206s][info][gc,stats      ]   Update Region States               25 us
[11.206s][info][gc,stats      ]   Scan Roots                        502 us, parallelism: 0.63x
[11.206s][info][gc,stats      ]     S: <total>                      318 us
[11.206s][info][gc,stats      ]     S: Thread Roots                 227 us, workers (us): 227, 
[11.206s][info][gc,stats      ]     S: Universe Roots                 2 us, workers (us):   2, 
[11.206s][info][gc,stats      ]     S: JNI Handles Roots              1 us, workers (us):   1, 
[11.206s][info][gc,stats      ]     S: Synchronizer Roots             0 us, workers (us):   0, 
[11.206s][info][gc,stats      ]     S: Management Roots               2 us, workers (us):   2, 
[11.206s][info][gc,stats      ]     S: System Dict Roots              8 us, workers (us):   8, 
[11.206s][info][gc,stats      ]     S: CLDG Roots                    78 us, workers (us):  78, 
[11.206s][info][gc,stats      ]     S: JVMTI Roots                    1 us, workers (us):   1, 
[11.206s][info][gc,stats      ]   Resize TLABs                        2 us
[11.206s][info][gc,stats      ] Concurrent Marking                23319 us
[11.206s][info][gc,stats      ] Concurrent Precleaning             5639 us
[11.206s][info][gc,stats      ] Pause Final Mark (G)              34223 us
[11.206s][info][gc,stats      ] Pause Final Mark (N)              34036 us
[11.206s][info][gc,stats      ]   Finish Queues                      50 us
[11.206s][info][gc,stats      ]   Weak References                   473 us
[11.206s][info][gc,stats      ]     Process                         470 us
[11.206s][info][gc,stats      ]   System Purge                      258 us
[11.206s][info][gc,stats      ]     Unload Classes                  907 us
[11.206s][info][gc,stats      ]     Cleanup                       30094 us, parallelism: 1.00x
[11.206s][info][gc,stats      ]       CU: <total>                 30016 us
[11.206s][info][gc,stats      ]       CU: Code Cache Roots         4372 us, workers (us): 4372, 
[11.206s][info][gc,stats      ]       CU: Code Cache Cleaning      1064 us, workers (us): 1064, 
[11.206s][info][gc,stats      ]       CU: String Table Roots      14896 us, workers (us): 14896, 
[11.206s][info][gc,stats      ]       CU: Resolved Table Roots       76 us, workers (us):  76, 
[11.206s][info][gc,stats      ]       CU: CLDG Roots               9608 us, workers (us): 9608, 
[11.206s][info][gc,stats      ]     Weak Roots                      257 us
[11.206s][info][gc,stats      ]     CLDG                            217 us
[11.206s][info][gc,stats      ]   Update Region States               46 us
[11.206s][info][gc,stats      ]   Retire TLABs                       16 us
[11.206s][info][gc,stats      ]   Choose Collection Set              35 us
[11.206s][info][gc,stats      ]   Rebuild Free Set                    9 us
[11.206s][info][gc,stats      ]   Initial Evacuation               1922 us, parallelism: 0.54x
[11.206s][info][gc,stats      ]     E: <total>                     1038 us
[11.206s][info][gc,stats      ]     E: Thread Roots                 216 us, workers (us): 216, 
[11.206s][info][gc,stats      ]     E: Code Cache Roots             231 us, workers (us): 231, 
[11.206s][info][gc,stats      ]     E: Universe Roots                 3 us, workers (us):   3, 
[11.206s][info][gc,stats      ]     E: JNI Handles Roots              2 us, workers (us):   2, 
[11.206s][info][gc,stats      ]     E: Synchronizer Roots             0 us, workers (us):   0, 
[11.206s][info][gc,stats      ]     E: Management Roots               2 us, workers (us):   2, 
[11.206s][info][gc,stats      ]     E: System Dict Roots             12 us, workers (us):  12, 
[11.206s][info][gc,stats      ]     E: CLDG Roots                   572 us, workers (us): 572, 
[11.206s][info][gc,stats      ]     E: JVMTI Roots                    1 us, workers (us):   1, 
[11.206s][info][gc,stats      ] Concurrent Cleanup                   43 us
[11.206s][info][gc,stats      ] Concurrent Evacuation             17708 us
[11.206s][info][gc,stats      ] Pause Init  Update Refs (G)         144 us
[11.206s][info][gc,stats      ] Pause Init  Update Refs (N)          11 us
[11.206s][info][gc,stats      ]   Retire GCLABs                       4 us
[11.206s][info][gc,stats      ] Concurrent Update Refs            19924 us
[11.206s][info][gc,stats      ] Pause Final Update Refs (G)         385 us
[11.206s][info][gc,stats      ] Pause Final Update Refs (N)         251 us
[11.206s][info][gc,stats      ]   Update Roots                      193 us, parallelism: 0.95x
[11.206s][info][gc,stats      ]     UR: <total>                     183 us
[11.206s][info][gc,stats      ]     UR: Thread Roots                183 us, workers (us): 183, 
[11.206s][info][gc,stats      ]   Update Region States               41 us
[11.206s][info][gc,stats      ]   Trash Collection Set                2 us
[11.206s][info][gc,stats      ]   Rebuild Free Set                    9 us
[11.206s][info][gc,stats      ] Concurrent Cleanup                   46 us
[11.206s][info][gc,stats      ] 
[11.206s][info][gc,stats      ] Allocation pacing accrued:
[11.206s][info][gc,stats      ]       0 of   125 ms (  0.0%): <total>
[11.206s][info][gc,stats      ]       0 of   125 ms (  0.0%): <average total>
[11.206s][info][gc,stats      ] 
[11.206s][info][gc,metaspace  ] Metaspace: 51428K->51043K(1095680K)
[11.206s][info][gc,ergo       ] Pacer for Idle. Initial: 25600K, Alloc Tax Rate: 1.0x
[11.206s][info][gc,start      ] Concurrent uncommit
[11.255s][info][gc            ] Concurrent uncommit 23M->23M(25M) 48.732ms
[14.314s][info][gc            ] Trigger: Learning 2 of 5. Free (873M) is below initial threshold (875M)
[14.314s][info][gc,ergo       ] Free: 873M, Max: 512K regular, 873M humongous, Frag: 0% external, 0% internal; Reserve: 64000K, Max: 512K
[14.315s][info][gc,start      ] GC(6) Concurrent reset
[14.315s][info][gc,task       ] GC(6) Using 1 of 1 workers for concurrent reset
[14.315s][info][gc,ergo       ] GC(6) Pacer for Reset. Non-Taxable: 1250M
[14.315s][info][gc            ] GC(6) Concurrent reset 0.265ms
[14.319s][info][gc,start      ] GC(6) Pause Init Mark
[14.319s][info][gc,task       ] GC(6) Using 1 of 1 workers for init marking
[14.321s][info][gc,ergo       ] GC(6) Pacer for Mark. Expected Live: 186M, Free: 873M, Non-Taxable: 89470K, Alloc Tax Rate: 0.3x
[14.321s][info][gc            ] GC(6) Pause Init Mark 1.833ms
[14.321s][info][gc,start      ] GC(6) Concurrent marking
[14.321s][info][gc,task       ] GC(6) Using 1 of 1 workers for concurrent marking
[14.381s][info][gc            ] GC(6) Concurrent marking 59.635ms
[14.381s][info][gc,start      ] GC(6) Pause Final Mark
[14.381s][info][gc,task       ] GC(6) Using 1 of 1 workers for final marking
[14.381s][info][gc,ergo       ] GC(6) Adaptive CSet Selection. Target Free: 177M, Actual Free: 1148M, Max CSet: 53333K, Min Garbage: 0B
[14.381s][info][gc,ergo       ] GC(6) Collectable Garbage: 284M (99%), Immediate: 227M (79%), CSet: 58620K (19%)
[14.384s][info][gc,ergo       ] GC(6) Pacer for Evacuation. Used CSet: 63259K, Free: 1086M, Non-Taxable: 108M, Alloc Tax Rate: 1.1x
[14.384s][info][gc            ] GC(6) Pause Final Mark 3.137ms
[14.384s][info][gc,start      ] GC(6) Concurrent cleanup
[14.384s][info][gc            ] GC(6) Concurrent cleanup 327M->99M(329M) 0.074ms
[14.384s][info][gc,ergo       ] GC(6) Free: 1086M, Max: 512K regular, 858M humongous, Frag: 21% external, 0% internal; Reserve: 63488K, Max: 512K
[14.384s][info][gc,start      ] GC(6) Concurrent evacuation
[14.384s][info][gc,task       ] GC(6) Using 1 of 1 workers for concurrent evacuation
[14.396s][info][gc            ] GC(6) Concurrent evacuation 12.023ms
[14.398s][info][gc,start      ] GC(6) Pause Init Update Refs
[14.398s][info][gc,ergo       ] GC(6) Pacer for Update Refs. Used: 108M, Free: 1082M, Non-Taxable: 108M, Alloc Tax Rate: 1.1x
[14.398s][info][gc            ] GC(6) Pause Init Update Refs 0.047ms
[14.398s][info][gc,start      ] GC(6) Concurrent update references
[14.398s][info][gc,task       ] GC(6) Using 1 of 1 workers for concurrent reference update
[14.452s][info][gc            ] GC(6) Concurrent update references 53.883ms
[14.454s][info][gc,start      ] GC(6) Pause Final Update Refs
[14.454s][info][gc,task       ] GC(6) Using 1 of 1 workers for final reference update
[14.455s][info][gc            ] GC(6) Pause Final Update Refs 0.287ms
[14.455s][info][gc,start      ] GC(6) Concurrent cleanup
[14.455s][info][gc            ] GC(6) Concurrent cleanup 126M->64M(334M) 0.057ms
[14.455s][info][gc,ergo       ] Free: 1121M, Max: 512K regular, 854M humongous, Frag: 24% external, 0% internal; Reserve: 64000K, Max: 512K
[14.455s][info][gc,stats      ] 
[14.455s][info][gc,stats      ] All times are wall-clock times, except per-root-class counters, that are sum over
[14.455s][info][gc,stats      ] all workers. Dividing the <total> over the root stage time estimates parallelism.
[14.455s][info][gc,stats      ] 
[14.455s][info][gc,stats      ] Concurrent Reset                    236 us
[14.455s][info][gc,stats      ] Pause Init Mark (G)                6218 us
[14.455s][info][gc,stats      ] Pause Init Mark (N)                1786 us
[14.455s][info][gc,stats      ]   Accumulate Stats                    6 us
[14.455s][info][gc,stats      ]   Make Parsable                       9 us
[14.455s][info][gc,stats      ]   Update Region States               49 us
[14.455s][info][gc,stats      ]   Scan Roots                       1656 us, parallelism: 0.86x
[14.455s][info][gc,stats      ]     S: <total>                     1416 us
[14.455s][info][gc,stats      ]     S: Thread Roots                 671 us, workers (us): 671, 
[14.455s][info][gc,stats      ]     S: Universe Roots                 3 us, workers (us):   3, 
[14.455s][info][gc,stats      ]     S: JNI Handles Roots              1 us, workers (us):   1, 
[14.455s][info][gc,stats      ]     S: Synchronizer Roots             0 us, workers (us):   0, 
[14.455s][info][gc,stats      ]     S: Management Roots               1 us, workers (us):   1, 
[14.455s][info][gc,stats      ]     S: System Dict Roots             33 us, workers (us):  33, 
[14.455s][info][gc,stats      ]     S: CLDG Roots                   706 us, workers (us): 706, 
[14.455s][info][gc,stats      ]     S: JVMTI Roots                    1 us, workers (us):   1, 
[14.455s][info][gc,stats      ]   Resize TLABs                        5 us
[14.455s][info][gc,stats      ] Concurrent Marking                59618 us
[14.455s][info][gc,stats      ] Pause Final Mark (G)               3214 us
[14.455s][info][gc,stats      ] Pause Final Mark (N)               3127 us
[14.455s][info][gc,stats      ]   Finish Queues                      10 us
[14.455s][info][gc,stats      ]   System Purge                      282 us
[14.455s][info][gc,stats      ]     Weak Roots                      282 us
[14.455s][info][gc,stats      ]   Update Region States               41 us
[14.455s][info][gc,stats      ]   Retire TLABs                        5 us
[14.455s][info][gc,stats      ]   Choose Collection Set              36 us
[14.455s][info][gc,stats      ]   Rebuild Free Set                    8 us
[14.455s][info][gc,stats      ]   Initial Evacuation               2737 us, parallelism: 0.55x
[14.455s][info][gc,stats      ]     E: <total>                     1500 us
[14.455s][info][gc,stats      ]     E: Thread Roots                 320 us, workers (us): 320, 
[14.455s][info][gc,stats      ]     E: Code Cache Roots             322 us, workers (us): 322, 
[14.455s][info][gc,stats      ]     E: Universe Roots                 1 us, workers (us):   1, 
[14.455s][info][gc,stats      ]     E: JNI Handles Roots              1 us, workers (us):   1, 
[14.455s][info][gc,stats      ]     E: Synchronizer Roots             0 us, workers (us):   0, 
[14.455s][info][gc,stats      ]     E: Management Roots               1 us, workers (us):   1, 
[14.455s][info][gc,stats      ]     E: System Dict Roots             39 us, workers (us):  39, 
[14.455s][info][gc,stats      ]     E: CLDG Roots                   815 us, workers (us): 815, 
[14.455s][info][gc,stats      ]     E: JVMTI Roots                    0 us, workers (us):   0, 
[14.455s][info][gc,stats      ] Concurrent Cleanup                   66 us
[14.455s][info][gc,stats      ] Concurrent Evacuation             12011 us
[14.455s][info][gc,stats      ] Pause Init  Update Refs (G)        2200 us
[14.455s][info][gc,stats      ] Pause Init  Update Refs (N)          20 us
[14.455s][info][gc,stats      ]   Retire GCLABs                       4 us
[14.455s][info][gc,stats      ] Concurrent Update Refs            53869 us
[14.455s][info][gc,stats      ] Pause Final Update Refs (G)        2442 us
[14.455s][info][gc,stats      ] Pause Final Update Refs (N)         254 us
[14.455s][info][gc,stats      ]   Update Roots                      194 us, parallelism: 0.96x
[14.455s][info][gc,stats      ]     UR: <total>                     187 us
[14.455s][info][gc,stats      ]     UR: Thread Roots                187 us, workers (us): 187, 
[14.455s][info][gc,stats      ]   Update Region States               41 us
[14.455s][info][gc,stats      ]   Trash Collection Set                2 us
[14.455s][info][gc,stats      ]   Rebuild Free Set                    9 us
[14.455s][info][gc,stats      ] Concurrent Cleanup                   49 us
[14.455s][info][gc,stats      ] 
[14.455s][info][gc,stats      ] Allocation pacing accrued:
[14.455s][info][gc,stats      ]       0 of  3249 ms (  0.0%): <total>
[14.455s][info][gc,stats      ]       0 of  3249 ms (  0.0%): <average total>
[14.455s][info][gc,stats      ] 
[14.455s][info][gc,metaspace  ] Metaspace: 59756K->59757K(1101824K)
[14.455s][info][gc,ergo       ] Pacer for Idle. Initial: 25600K, Alloc Tax Rate: 1.0x
[14.679s][info][gc            ] Trigger: Learning 3 of 5. Free (874M) is below initial threshold (875M)
[14.679s][info][gc,ergo       ] Free: 874M, Max: 512K regular, 854M humongous, Frag: 3% external, 0% internal; Reserve: 64000K, Max: 512K
[14.679s][info][gc,start      ] GC(7) Concurrent reset
[14.679s][info][gc,task       ] GC(7) Using 1 of 1 workers for concurrent reset
[14.679s][info][gc,ergo       ] GC(7) Pacer for Reset. Non-Taxable: 1250M
[14.679s][info][gc            ] GC(7) Concurrent reset 0.215ms
[14.681s][info][gc,start      ] GC(7) Pause Init Mark
[14.681s][info][gc,task       ] GC(7) Using 1 of 1 workers for init marking
[14.682s][info][gc,ergo       ] GC(7) Pacer for Mark. Expected Live: 187M, Free: 874M, Non-Taxable: 89521K, Alloc Tax Rate: 0.3x
[14.682s][info][gc            ] GC(7) Pause Init Mark 1.060ms
[14.682s][info][gc,start      ] GC(7) Concurrent marking
[14.682s][info][gc,task       ] GC(7) Using 1 of 1 workers for concurrent marking
[14.719s][info][gc            ] GC(7) Concurrent marking 37.265ms
[14.722s][info][gc,start      ] GC(7) Pause Final Mark
[14.722s][info][gc,task       ] GC(7) Using 1 of 1 workers for final marking
[14.722s][info][gc,ergo       ] GC(7) Collectable Garbage: 283M (98%), Immediate: 283M (98%), CSet: 0B (0%)
[14.722s][info][gc            ] GC(7) Pause Final Mark 0.498ms
[14.722s][info][gc,start      ] GC(7) Concurrent cleanup
[14.722s][info][gc            ] GC(7) Concurrent cleanup 326M->43M(334M) 0.070ms
[14.722s][info][gc,ergo       ] GC(7) Free: 1143M, Max: 512K regular, 874M humongous, Frag: 24% external, 0% internal; Reserve: 64000K, Max: 512K
[14.722s][info][gc,ergo       ] Free: 1143M, Max: 512K regular, 874M humongous, Frag: 24% external, 0% internal; Reserve: 64000K, Max: 512K
[14.722s][info][gc,stats      ] 
[14.722s][info][gc,stats      ] All times are wall-clock times, except per-root-class counters, that are sum over
[14.722s][info][gc,stats      ] all workers. Dividing the <total> over the root stage time estimates parallelism.
[14.722s][info][gc,stats      ] 
[14.722s][info][gc,stats      ] Concurrent Reset                    206 us
[14.722s][info][gc,stats      ] Pause Init Mark (G)                3205 us
[14.722s][info][gc,stats      ] Pause Init Mark (N)                1043 us
[14.722s][info][gc,stats      ]   Accumulate Stats                    6 us
[14.722s][info][gc,stats      ]   Make Parsable                       5 us
[14.722s][info][gc,stats      ]   Update Region States               26 us
[14.722s][info][gc,stats      ]   Scan Roots                        981 us, parallelism: 0.76x
[14.722s][info][gc,stats      ]     S: <total>                      745 us
[14.722s][info][gc,stats      ]     S: Thread Roots                 218 us, workers (us): 218, 
[14.722s][info][gc,stats      ]     S: Universe Roots                 2 us, workers (us):   2, 
[14.722s][info][gc,stats      ]     S: JNI Handles Roots              1 us, workers (us):   1, 
[14.722s][info][gc,stats      ]     S: Synchronizer Roots             0 us, workers (us):   0, 
[14.722s][info][gc,stats      ]     S: Management Roots               1 us, workers (us):   1, 
[14.722s][info][gc,stats      ]     S: System Dict Roots             11 us, workers (us):  11, 
[14.722s][info][gc,stats      ]     S: CLDG Roots                   510 us, workers (us): 510, 
[14.722s][info][gc,stats      ]     S: JVMTI Roots                    1 us, workers (us):   1, 
[14.722s][info][gc,stats      ]   Resize TLABs                        3 us
[14.722s][info][gc,stats      ] Concurrent Marking                37255 us
[14.722s][info][gc,stats      ] Pause Final Mark (G)               2602 us
[14.722s][info][gc,stats      ] Pause Final Mark (N)                425 us
[14.722s][info][gc,stats      ]   Finish Queues                      51 us
[14.722s][info][gc,stats      ]   System Purge                      276 us
[14.722s][info][gc,stats      ]     Weak Roots                      276 us
[14.722s][info][gc,stats      ]   Update Region States               52 us
[14.722s][info][gc,stats      ]   Retire TLABs                       11 us
[14.722s][info][gc,stats      ]   Choose Collection Set              16 us
[14.722s][info][gc,stats      ]   Rebuild Free Set                    9 us
[14.722s][info][gc,stats      ] Concurrent Cleanup                   62 us
[14.722s][info][gc,stats      ] 
[14.722s][info][gc,stats      ] Allocation pacing accrued:
[14.722s][info][gc,stats      ]       0 of   267 ms (  0.0%): <total>
[14.722s][info][gc,stats      ]       0 of   267 ms (  0.0%): <average total>
[14.722s][info][gc,stats      ] 
[14.722s][info][gc,metaspace  ] Metaspace: 59759K->59760K(1101824K)
[14.722s][info][gc,ergo       ] Pacer for Idle. Initial: 25600K, Alloc Tax Rate: 1.0x
[14.991s][info][gc            ] Trigger: Learning 4 of 5. Free (874M) is below initial threshold (875M)
[14.991s][info][gc,ergo       ] Free: 874M, Max: 512K regular, 874M humongous, Frag: 0% external, 0% internal; Reserve: 64000K, Max: 512K
[14.991s][info][gc,start      ] GC(8) Concurrent reset
[14.991s][info][gc,task       ] GC(8) Using 1 of 1 workers for concurrent reset
[14.991s][info][gc,ergo       ] GC(8) Pacer for Reset. Non-Taxable: 1250M
[14.992s][info][gc            ] GC(8) Concurrent reset 0.116ms
[14.994s][info][gc,start      ] GC(8) Pause Init Mark
[14.994s][info][gc,task       ] GC(8) Using 1 of 1 workers for init marking
[14.995s][info][gc,ergo       ] GC(8) Pacer for Mark. Expected Live: 139M, Free: 874M, Non-Taxable: 89576K, Alloc Tax Rate: 0.2x
[14.995s][info][gc            ] GC(8) Pause Init Mark 1.042ms
[14.995s][info][gc,start      ] GC(8) Concurrent marking
[14.995s][info][gc,task       ] GC(8) Using 1 of 1 workers for concurrent marking
[15.041s][info][gc            ] GC(8) Concurrent marking 45.739ms
[15.041s][info][gc,start      ] GC(8) Pause Final Mark
[15.041s][info][gc,task       ] GC(8) Using 1 of 1 workers for final marking
[15.041s][info][gc,ergo       ] GC(8) Collectable Garbage: 281M (98%), Immediate: 281M (98%), CSet: 0B (0%)
[15.041s][info][gc            ] GC(8) Pause Final Mark 0.362ms
[15.041s][info][gc,start      ] GC(8) Concurrent cleanup
[15.041s][info][gc            ] GC(8) Concurrent cleanup 330M->48M(334M) 0.069ms
[15.041s][info][gc,ergo       ] GC(8) Free: 1137M, Max: 512K regular, 856M humongous, Frag: 25% external, 0% internal; Reserve: 64000K, Max: 512K
[15.041s][info][gc,ergo       ] Free: 1137M, Max: 512K regular, 856M humongous, Frag: 25% external, 0% internal; Reserve: 64000K, Max: 512K
[15.041s][info][gc,stats      ] 
[15.041s][info][gc,stats      ] All times are wall-clock times, except per-root-class counters, that are sum over
[15.041s][info][gc,stats      ] all workers. Dividing the <total> over the root stage time estimates parallelism.
[15.041s][info][gc,stats      ] 
[15.041s][info][gc,stats      ] Concurrent Reset                    107 us
[15.041s][info][gc,stats      ] Pause Init Mark (G)                3222 us
[15.041s][info][gc,stats      ] Pause Init Mark (N)                1026 us
[15.041s][info][gc,stats      ]   Accumulate Stats                    6 us
[15.041s][info][gc,stats      ]   Make Parsable                       5 us
[15.041s][info][gc,stats      ]   Update Region States               25 us
[15.041s][info][gc,stats      ]   Scan Roots                        967 us, parallelism: 0.76x
[15.041s][info][gc,stats      ]     S: <total>                      733 us
[15.041s][info][gc,stats      ]     S: Thread Roots                 209 us, workers (us): 209, 
[15.041s][info][gc,stats      ]     S: Universe Roots                 2 us, workers (us):   2, 
[15.041s][info][gc,stats      ]     S: JNI Handles Roots              2 us, workers (us):   2, 
[15.041s][info][gc,stats      ]     S: Synchronizer Roots             0 us, workers (us):   0, 
[15.041s][info][gc,stats      ]     S: Management Roots               1 us, workers (us):   1, 
[15.041s][info][gc,stats      ]     S: System Dict Roots             11 us, workers (us):  11, 
[15.041s][info][gc,stats      ]     S: CLDG Roots                   507 us, workers (us): 507, 
[15.041s][info][gc,stats      ]     S: JVMTI Roots                    0 us, workers (us):   0, 
[15.041s][info][gc,stats      ]   Resize TLABs                        3 us
[15.041s][info][gc,stats      ] Concurrent Marking                45730 us
[15.041s][info][gc,stats      ] Pause Final Mark (G)                413 us
[15.041s][info][gc,stats      ] Pause Final Mark (N)                354 us
[15.041s][info][gc,stats      ]   Finish Queues                      11 us
[15.041s][info][gc,stats      ]   System Purge                      263 us
[15.041s][info][gc,stats      ]     Weak Roots                      263 us
[15.041s][info][gc,stats      ]   Update Region States               44 us
[15.041s][info][gc,stats      ]   Retire TLABs                        6 us
[15.041s][info][gc,stats      ]   Choose Collection Set              16 us
[15.041s][info][gc,stats      ]   Rebuild Free Set                    9 us
[15.041s][info][gc,stats      ] Concurrent Cleanup                   62 us
[15.041s][info][gc,stats      ] 
[15.041s][info][gc,stats      ] Allocation pacing accrued:
[15.041s][info][gc,stats      ]       0 of   319 ms (  0.0%): <total>
[15.041s][info][gc,stats      ]       0 of   319 ms (  0.0%): <average total>
[15.041s][info][gc,stats      ] 
[15.041s][info][gc,metaspace  ] Metaspace: 59770K->59770K(1101824K)
[15.041s][info][gc,ergo       ] Pacer for Idle. Initial: 25600K, Alloc Tax Rate: 1.0x
[15.279s][info][gc            ] Trigger: Learning 5 of 5. Free (874M) is below initial threshold (875M)
[15.279s][info][gc,ergo       ] Free: 874M, Max: 512K regular, 856M humongous, Frag: 3% external, 0% internal; Reserve: 64000K, Max: 512K
[15.279s][info][gc,start      ] GC(9) Concurrent reset
[15.279s][info][gc,task       ] GC(9) Using 1 of 1 workers for concurrent reset
[15.279s][info][gc,ergo       ] GC(9) Pacer for Reset. Non-Taxable: 1250M
[15.279s][info][gc            ] GC(9) Concurrent reset 0.133ms
[15.281s][info][gc,start      ] GC(9) Pause Init Mark
[15.281s][info][gc,task       ] GC(9) Using 1 of 1 workers for init marking
[15.282s][info][gc,ergo       ] GC(9) Pacer for Mark. Expected Live: 24766K, Free: 874M, Non-Taxable: 89523K, Alloc Tax Rate: 0.0x
[15.282s][info][gc            ] GC(9) Pause Init Mark 1.097ms
[15.282s][info][gc,start      ] GC(9) Concurrent marking
[15.282s][info][gc,task       ] GC(9) Using 1 of 1 workers for concurrent marking
[15.317s][info][gc            ] GC(9) Concurrent marking 34.343ms
[15.317s][info][gc,start      ] GC(9) Pause Final Mark
[15.317s][info][gc,task       ] GC(9) Using 1 of 1 workers for final marking
[15.317s][info][gc,ergo       ] GC(9) Collectable Garbage: 281M (98%), Immediate: 281M (98%), CSet: 0B (0%)
[15.317s][info][gc            ] GC(9) Pause Final Mark 0.345ms
[15.317s][info][gc,start      ] GC(9) Concurrent cleanup
[15.317s][info][gc            ] GC(9) Concurrent cleanup 328M->46M(334M) 0.069ms
[15.317s][info][gc,ergo       ] GC(9) Free: 1139M, Max: 512K regular, 877M humongous, Frag: 24% external, 0% internal; Reserve: 64000K, Max: 512K
[15.317s][info][gc,ergo       ] Free: 1139M, Max: 512K regular, 877M humongous, Frag: 24% external, 0% internal; Reserve: 64000K, Max: 512K
[15.317s][info][gc,stats      ] 
[15.317s][info][gc,stats      ] All times are wall-clock times, except per-root-class counters, that are sum over
[15.317s][info][gc,stats      ] all workers. Dividing the <total> over the root stage time estimates parallelism.
[15.317s][info][gc,stats      ] 
[15.317s][info][gc,stats      ] Concurrent Reset                    112 us
[15.317s][info][gc,stats      ] Pause Init Mark (G)                3272 us
[15.317s][info][gc,stats      ] Pause Init Mark (N)                1072 us
[15.317s][info][gc,stats      ]   Accumulate Stats                    6 us
[15.317s][info][gc,stats      ]   Make Parsable                       6 us
[15.317s][info][gc,stats      ]   Update Region States               40 us
[15.317s][info][gc,stats      ]   Scan Roots                        992 us, parallelism: 0.76x
[15.317s][info][gc,stats      ]     S: <total>                      756 us
[15.317s][info][gc,stats      ]     S: Thread Roots                 223 us, workers (us): 223, 
[15.317s][info][gc,stats      ]     S: Universe Roots                 2 us, workers (us):   2, 
[15.317s][info][gc,stats      ]     S: JNI Handles Roots              2 us, workers (us):   2, 
[15.317s][info][gc,stats      ]     S: Synchronizer Roots             0 us, workers (us):   0, 
[15.317s][info][gc,stats      ]     S: Management Roots               2 us, workers (us):   2, 
[15.317s][info][gc,stats      ]     S: System Dict Roots             10 us, workers (us):  10, 
[15.317s][info][gc,stats      ]     S: CLDG Roots                   517 us, workers (us): 517, 
[15.317s][info][gc,stats      ]     S: JVMTI Roots                    1 us, workers (us):   1, 
[15.317s][info][gc,stats      ]   Resize TLABs                        4 us
[15.317s][info][gc,stats      ] Concurrent Marking                34326 us
[15.317s][info][gc,stats      ] Pause Final Mark (G)                394 us
[15.317s][info][gc,stats      ] Pause Final Mark (N)                337 us
[15.317s][info][gc,stats      ]   Finish Queues                       9 us
[15.317s][info][gc,stats      ]   System Purge                      245 us
[15.317s][info][gc,stats      ]     Weak Roots                      245 us
[15.317s][info][gc,stats      ]   Update Region States               42 us
[15.317s][info][gc,stats      ]   Retire TLABs                        7 us
[15.317s][info][gc,stats      ]   Choose Collection Set              19 us
[15.317s][info][gc,stats      ]   Rebuild Free Set                    9 us
[15.317s][info][gc,stats      ] Concurrent Cleanup                   62 us
[15.317s][info][gc,stats      ] 
[15.317s][info][gc,stats      ] Allocation pacing accrued:
[15.317s][info][gc,stats      ]       0 of   276 ms (  0.0%): <total>
[15.317s][info][gc,stats      ]       0 of   276 ms (  0.0%): <average total>
[15.317s][info][gc,stats      ] 
[15.317s][info][gc,metaspace  ] Metaspace: 59785K->59785K(1101824K)
[15.317s][info][gc,ergo       ] Pacer for Idle. Initial: 25600K, Alloc Tax Rate: 1.0x
[17.123s][info][gc            ] Trigger: Free (123M) is below minimum threshold (125M)
[17.124s][info][gc,ergo       ] Free: 123M, Max: 512K regular, 123M humongous, Frag: 0% external, 0% internal; Reserve: 64000K, Max: 512K
[17.124s][info][gc,start      ] GC(10) Concurrent reset
[17.124s][info][gc,task       ] GC(10) Using 1 of 1 workers for concurrent reset
[17.124s][info][gc,ergo       ] GC(10) Pacer for Reset. Non-Taxable: 1250M
[17.124s][info][gc            ] GC(10) Concurrent reset 0.204ms
[17.126s][info][gc,start      ] GC(10) Pause Init Mark (process weakrefs)
[17.126s][info][gc,task       ] GC(10) Using 1 of 1 workers for init marking
[17.127s][info][gc,ergo       ] GC(10) Pacer for Mark. Expected Live: 25010K, Free: 123M, Non-Taxable: 12671K, Alloc Tax Rate: 0.2x
[17.127s][info][gc            ] GC(10) Pause Init Mark (process weakrefs) 1.156ms
[17.127s][info][gc,start      ] GC(10) Concurrent marking (process weakrefs)
[17.127s][info][gc,task       ] GC(10) Using 1 of 1 workers for concurrent marking
[17.167s][info][gc            ] GC(10) Concurrent marking (process weakrefs) 39.422ms
[17.167s][info][gc,start      ] GC(10) Concurrent precleaning
[17.167s][info][gc,task       ] GC(10) Using 1 of 1 workers for concurrent preclean
[17.167s][info][gc,ergo       ] GC(10) Pacer for Precleaning. Non-Taxable: 1250M
[17.167s][info][gc            ] GC(10) Concurrent precleaning 0.593ms
[17.167s][info][gc,start      ] GC(10) Pause Final Mark (process weakrefs)
[17.167s][info][gc,task       ] GC(10) Using 1 of 1 workers for final marking
[17.168s][info][gc,ergo       ] GC(10) Collectable Garbage: 1021M (98%), Immediate: 1021M (98%), CSet: 0B (0%)
[17.168s][info][gc            ] GC(10) Pause Final Mark (process weakrefs) 0.454ms
[17.168s][info][gc,start      ] GC(10) Concurrent cleanup
[17.168s][info][gc            ] GC(10) Concurrent cleanup 1072M->51M(1075M) 0.129ms
[17.168s][info][gc,ergo       ] GC(10) Free: 1135M, Max: 512K regular, 373M humongous, Frag: 68% external, 0% internal; Reserve: 64000K, Max: 512K
[17.168s][info][gc,ergo       ] Free: 1135M, Max: 512K regular, 373M humongous, Frag: 68% external, 0% internal; Reserve: 64000K, Max: 512K
[17.168s][info][gc,stats      ] 
[17.168s][info][gc,stats      ] All times are wall-clock times, except per-root-class counters, that are sum over
[17.168s][info][gc,stats      ] all workers. Dividing the <total> over the root stage time estimates parallelism.
[17.168s][info][gc,stats      ] 
[17.168s][info][gc,stats      ] Concurrent Reset                    174 us
[17.168s][info][gc,stats      ] Pause Init Mark (G)                3310 us
[17.168s][info][gc,stats      ] Pause Init Mark (N)                1127 us
[17.168s][info][gc,stats      ]   Accumulate Stats                    7 us
[17.168s][info][gc,stats      ]   Make Parsable                       8 us
[17.168s][info][gc,stats      ]   Update Region States               38 us
[17.168s][info][gc,stats      ]   Scan Roots                       1046 us, parallelism: 0.75x
[17.168s][info][gc,stats      ]     S: <total>                      789 us
[17.168s][info][gc,stats      ]     S: Thread Roots                 223 us, workers (us): 223, 
[17.168s][info][gc,stats      ]     S: Universe Roots                 2 us, workers (us):   2, 
[17.168s][info][gc,stats      ]     S: JNI Handles Roots              2 us, workers (us):   2, 
[17.168s][info][gc,stats      ]     S: Synchronizer Roots             0 us, workers (us):   0, 
[17.168s][info][gc,stats      ]     S: Management Roots               1 us, workers (us):   1, 
[17.168s][info][gc,stats      ]     S: System Dict Roots             22 us, workers (us):  22, 
[17.168s][info][gc,stats      ]     S: CLDG Roots                   538 us, workers (us): 538, 
[17.168s][info][gc,stats      ]     S: JVMTI Roots                    1 us, workers (us):   1, 
[17.168s][info][gc,stats      ]   Resize TLABs                        3 us
[17.168s][info][gc,stats      ] Concurrent Marking                39413 us
[17.168s][info][gc,stats      ] Concurrent Precleaning              587 us
[17.168s][info][gc,stats      ] Pause Final Mark (G)                525 us
[17.168s][info][gc,stats      ] Pause Final Mark (N)                446 us
[17.168s][info][gc,stats      ]   Finish Queues                       8 us
[17.168s][info][gc,stats      ]   Weak References                    85 us
[17.168s][info][gc,stats      ]     Process                          82 us
[17.168s][info][gc,stats      ]   System Purge                      263 us
[17.168s][info][gc,stats      ]     Weak Roots                      263 us
[17.168s][info][gc,stats      ]   Update Region States               45 us
[17.168s][info][gc,stats      ]   Retire TLABs                        6 us
[17.168s][info][gc,stats      ]   Choose Collection Set              25 us
[17.168s][info][gc,stats      ]   Rebuild Free Set                    8 us
[17.168s][info][gc,stats      ] Concurrent Cleanup                  121 us
[17.168s][info][gc,stats      ] 
[17.168s][info][gc,stats      ] Allocation pacing accrued:
[17.168s][info][gc,stats      ]       0 of  1851 ms (  0.0%): <total>
[17.168s][info][gc,stats      ]       0 of  1851 ms (  0.0%): <average total>
[17.168s][info][gc,stats      ] 
[17.168s][info][gc,metaspace  ] Metaspace: 60458K->60458K(1103872K)
[17.168s][info][gc,ergo       ] Pacer for Idle. Initial: 25600K, Alloc Tax Rate: 1.0x
[18.518s][info][gc            ] Trigger: Free (123M) is below minimum threshold (125M)
[18.518s][info][gc,ergo       ] Free: 123M, Max: 512K regular, 113M humongous, Frag: 8% external, 0% internal; Reserve: 64000K, Max: 512K
[18.518s][info][gc,start      ] GC(11) Concurrent reset
[18.518s][info][gc,task       ] GC(11) Using 1 of 1 workers for concurrent reset
[18.518s][info][gc,ergo       ] GC(11) Pacer for Reset. Non-Taxable: 1250M
[18.518s][info][gc            ] GC(11) Concurrent reset 0.163ms
[18.521s][info][gc,start      ] GC(11) Pause Init Mark
[18.521s][info][gc,task       ] GC(11) Using 1 of 1 workers for init marking
[18.522s][info][gc,ergo       ] GC(11) Pacer for Mark. Expected Live: 25820K, Free: 123M, Non-Taxable: 12619K, Alloc Tax Rate: 0.3x
[18.522s][info][gc            ] GC(11) Pause Init Mark 1.138ms
[18.522s][info][gc,start      ] GC(11) Concurrent marking
[18.522s][info][gc,task       ] GC(11) Using 1 of 1 workers for concurrent marking
[18.558s][info][gc            ] GC(11) Concurrent marking 36.499ms
[18.558s][info][gc,start      ] GC(11) Pause Final Mark
[18.558s][info][gc,task       ] GC(11) Using 1 of 1 workers for final marking
[18.559s][info][gc,ergo       ] GC(11) Collectable Garbage: 1021M (98%), Immediate: 1021M (98%), CSet: 0B (0%)
[18.559s][info][gc            ] GC(11) Pause Final Mark 0.352ms
[18.559s][info][gc,start      ] GC(11) Concurrent cleanup
[18.559s][info][gc            ] GC(11) Concurrent cleanup 1075M->54M(1078M) 0.125ms
[18.559s][info][gc,ergo       ] GC(11) Free: 1131M, Max: 512K regular, 363M humongous, Frag: 68% external, 0% internal; Reserve: 64000K, Max: 512K
[18.559s][info][gc,ergo       ] Free: 1131M, Max: 512K regular, 363M humongous, Frag: 68% external, 0% internal; Reserve: 64000K, Max: 512K
[18.559s][info][gc,stats      ] 
[18.559s][info][gc,stats      ] All times are wall-clock times, except per-root-class counters, that are sum over
[18.559s][info][gc,stats      ] all workers. Dividing the <total> over the root stage time estimates parallelism.
[18.559s][info][gc,stats      ] 
[18.559s][info][gc,stats      ] Concurrent Reset                    148 us
[18.559s][info][gc,stats      ] Pause Init Mark (G)                3437 us
[18.559s][info][gc,stats      ] Pause Init Mark (N)                1110 us
[18.559s][info][gc,stats      ]   Accumulate Stats                    7 us
[18.559s][info][gc,stats      ]   Make Parsable                       7 us
[18.559s][info][gc,stats      ]   Update Region States               37 us
[18.559s][info][gc,stats      ]   Scan Roots                       1024 us, parallelism: 0.74x
[18.559s][info][gc,stats      ]     S: <total>                      759 us
[18.559s][info][gc,stats      ]     S: Thread Roots                 225 us, workers (us): 225, 
[18.559s][info][gc,stats      ]     S: Universe Roots                 2 us, workers (us):   2, 
[18.559s][info][gc,stats      ]     S: JNI Handles Roots              2 us, workers (us):   2, 
[18.559s][info][gc,stats      ]     S: Synchronizer Roots             0 us, workers (us):   0, 
[18.559s][info][gc,stats      ]     S: Management Roots               2 us, workers (us):   2, 
[18.559s][info][gc,stats      ]     S: System Dict Roots             12 us, workers (us):  12, 
[18.559s][info][gc,stats      ]     S: CLDG Roots                   515 us, workers (us): 515, 
[18.559s][info][gc,stats      ]     S: JVMTI Roots                    1 us, workers (us):   1, 
[18.559s][info][gc,stats      ]   Resize TLABs                        4 us
[18.559s][info][gc,stats      ] Concurrent Marking                36490 us
[18.559s][info][gc,stats      ] Pause Final Mark (G)                401 us
[18.559s][info][gc,stats      ] Pause Final Mark (N)                344 us
[18.559s][info][gc,stats      ]   Finish Queues                       9 us
[18.559s][info][gc,stats      ]   System Purge                      256 us
[18.559s][info][gc,stats      ]     Weak Roots                      255 us
[18.559s][info][gc,stats      ]   Update Region States               40 us
[18.559s][info][gc,stats      ]   Retire TLABs                        6 us
[18.559s][info][gc,stats      ]   Choose Collection Set              20 us
[18.559s][info][gc,stats      ]   Rebuild Free Set                    8 us
[18.559s][info][gc,stats      ] Concurrent Cleanup                  119 us
[18.559s][info][gc,stats      ] 
[18.559s][info][gc,stats      ] Allocation pacing accrued:
[18.559s][info][gc,stats      ]       0 of  1391 ms (  0.0%): <total>
[18.559s][info][gc,stats      ]       0 of  1391 ms (  0.0%): <average total>
[18.559s][info][gc,stats      ] 
[18.559s][info][gc,metaspace  ] Metaspace: 60460K->60460K(1103872K)
[18.559s][info][gc,ergo       ] Pacer for Idle. Initial: 25600K, Alloc Tax Rate: 1.0x
[19.848s][info][gc            ] Trigger: Free (124M) is below minimum threshold (125M)
[19.848s][info][gc,ergo       ] Free: 124M, Max: 512K regular, 110M humongous, Frag: 12% external, 0% internal; Reserve: 64000K, Max: 512K
[19.848s][info][gc,start      ] GC(12) Concurrent reset
[19.848s][info][gc,task       ] GC(12) Using 1 of 1 workers for concurrent reset
[19.848s][info][gc,ergo       ] GC(12) Pacer for Reset. Non-Taxable: 1250M
[19.848s][info][gc            ] GC(12) Concurrent reset 0.178ms
[19.851s][info][gc,start      ] GC(12) Pause Init Mark
[19.851s][info][gc,task       ] GC(12) Using 1 of 1 workers for init marking
[19.852s][info][gc,ergo       ] GC(12) Pacer for Mark. Expected Live: 25830K, Free: 124M, Non-Taxable: 12772K, Alloc Tax Rate: 0.2x
[19.852s][info][gc            ] GC(12) Pause Init Mark 1.207ms
[19.852s][info][gc,start      ] GC(12) Concurrent marking
[19.852s][info][gc,task       ] GC(12) Using 1 of 1 workers for concurrent marking
[19.886s][info][gc            ] GC(12) Concurrent marking 34.209ms
[19.886s][info][gc,start      ] GC(12) Pause Final Mark
[19.886s][info][gc,task       ] GC(12) Using 1 of 1 workers for final marking
[19.886s][info][gc,ergo       ] GC(12) Collectable Garbage: 1016M (98%), Immediate: 1016M (98%), CSet: 0B (0%)
[19.887s][info][gc            ] GC(12) Pause Final Mark 0.377ms
[19.887s][info][gc,start      ] GC(12) Concurrent cleanup
[19.887s][info][gc            ] GC(12) Concurrent cleanup 1073M->57M(1078M) 0.125ms
[19.887s][info][gc,ergo       ] GC(12) Free: 1128M, Max: 512K regular, 359M humongous, Frag: 69% external, 0% internal; Reserve: 64000K, Max: 512K
[19.887s][info][gc,ergo       ] Free: 1128M, Max: 512K regular, 359M humongous, Frag: 69% external, 0% internal; Reserve: 64000K, Max: 512K
[19.887s][info][gc,stats      ] 
[19.887s][info][gc,stats      ] All times are wall-clock times, except per-root-class counters, that are sum over
[19.887s][info][gc,stats      ] all workers. Dividing the <total> over the root stage time estimates parallelism.
[19.887s][info][gc,stats      ] 
[19.887s][info][gc,stats      ] Concurrent Reset                    150 us
[19.887s][info][gc,stats      ] Pause Init Mark (G)                3386 us
[19.887s][info][gc,stats      ] Pause Init Mark (N)                1172 us
[19.887s][info][gc,stats      ]   Accumulate Stats                    8 us
[19.887s][info][gc,stats      ]   Make Parsable                      11 us
[19.887s][info][gc,stats      ]   Update Region States               57 us
[19.887s][info][gc,stats      ]   Scan Roots                       1065 us, parallelism: 0.70x
[19.887s][info][gc,stats      ]     S: <total>                      741 us
[19.887s][info][gc,stats      ]     S: Thread Roots                 221 us, workers (us): 221, 
[19.887s][info][gc,stats      ]     S: Universe Roots                 2 us, workers (us):   2, 
[19.887s][info][gc,stats      ]     S: JNI Handles Roots              2 us, workers (us):   2, 
[19.887s][info][gc,stats      ]     S: Synchronizer Roots             0 us, workers (us):   0, 
[19.887s][info][gc,stats      ]     S: Management Roots               2 us, workers (us):   2, 
[19.887s][info][gc,stats      ]     S: System Dict Roots             12 us, workers (us):  12, 
[19.887s][info][gc,stats      ]     S: CLDG Roots                   502 us, workers (us): 502, 
[19.887s][info][gc,stats      ]     S: JVMTI Roots                    0 us, workers (us):   0, 
[19.887s][info][gc,stats      ]   Resize TLABs                        3 us
[19.887s][info][gc,stats      ] Concurrent Marking                34142 us
[19.887s][info][gc,stats      ] Pause Final Mark (G)                451 us
[19.887s][info][gc,stats      ] Pause Final Mark (N)                364 us
[19.887s][info][gc,stats      ]   Finish Queues                      17 us
[19.887s][info][gc,stats      ]   System Purge                      258 us
[19.887s][info][gc,stats      ]     Weak Roots                      258 us
[19.887s][info][gc,stats      ]   Update Region States               40 us
[19.887s][info][gc,stats      ]   Retire TLABs                        6 us
[19.887s][info][gc,stats      ]   Choose Collection Set              27 us
[19.887s][info][gc,stats      ]   Rebuild Free Set                    8 us
[19.887s][info][gc,stats      ] Concurrent Cleanup                  118 us
[19.887s][info][gc,stats      ] 
[19.887s][info][gc,stats      ] Allocation pacing accrued:
[19.887s][info][gc,stats      ]       0 of  1328 ms (  0.0%): <total>
[19.887s][info][gc,stats      ]       0 of  1328 ms (  0.0%): <average total>
[19.887s][info][gc,stats      ] 
[19.887s][info][gc,metaspace  ] Metaspace: 60493K->60493K(1103872K)
[19.887s][info][gc,ergo       ] Pacer for Idle. Initial: 25600K, Alloc Tax Rate: 1.0x
[23.786s][info][gc            ] Trigger: Free (124M) is below minimum threshold (125M)
[23.786s][info][gc,ergo       ] Free: 124M, Max: 512K regular, 115M humongous, Frag: 8% external, 0% internal; Reserve: 64000K, Max: 512K
[23.786s][info][gc,start      ] GC(13) Concurrent reset
[23.786s][info][gc,task       ] GC(13) Using 1 of 1 workers for concurrent reset
[23.786s][info][gc,ergo       ] GC(13) Pacer for Reset. Non-Taxable: 1250M
[23.786s][info][gc            ] GC(13) Concurrent reset 0.183ms
[23.789s][info][gc,start      ] GC(13) Pause Init Mark
[23.789s][info][gc,task       ] GC(13) Using 1 of 1 workers for init marking
[23.790s][info][gc,ergo       ] GC(13) Pacer for Mark. Expected Live: 25839K, Free: 124M, Non-Taxable: 12772K, Alloc Tax Rate: 0.2x
[23.790s][info][gc            ] GC(13) Pause Init Mark 1.401ms
[23.790s][info][gc,start      ] GC(13) Concurrent marking
[23.790s][info][gc,task       ] GC(13) Using 1 of 1 workers for concurrent marking
[24.216s][info][gc            ] GC(13) Concurrent marking 425.765ms
[24.216s][info][gc,start      ] GC(13) Pause Final Mark
[24.216s][info][gc,task       ] GC(13) Using 1 of 1 workers for final marking
[24.216s][info][gc,ergo       ] GC(13) Adaptive CSet Selection. Target Free: 177M, Actual Free: 825M, Max CSet: 53333K, Min Garbage: 0B
[24.216s][info][gc,ergo       ] GC(13) Collectable Garbage: 954M (99%), Immediate: 672M (69%), CSet: 282M (29%)
[24.219s][info][gc,ergo       ] GC(13) Pacer for Evacuation. Used CSet: 334M, Free: 767M, Non-Taxable: 78615K, Alloc Tax Rate: 1.1x
[24.219s][info][gc            ] GC(13) Pause Final Mark 2.607ms
[24.219s][info][gc,start      ] GC(13) Concurrent cleanup
[24.219s][info][gc            ] GC(13) Concurrent cleanup 1089M->417M(1098M) 0.109ms
[24.219s][info][gc,ergo       ] GC(13) Free: 767M, Max: 512K regular, 170M humongous, Frag: 78% external, 0% internal; Reserve: 63873K, Max: 512K
[24.219s][info][gc,start      ] GC(13) Concurrent evacuation
[24.219s][info][gc,task       ] GC(13) Using 1 of 1 workers for concurrent evacuation
[24.363s][info][gc            ] GC(13) Concurrent evacuation 144.413ms
[24.365s][info][gc,start      ] GC(13) Pause Init Update Refs
[24.365s][info][gc,ergo       ] GC(13) Pacer for Update Refs. Used: 489M, Free: 747M, Non-Taxable: 76516K, Alloc Tax Rate: 1.1x
[24.365s][info][gc            ] GC(13) Pause Init Update Refs 0.025ms
[24.365s][info][gc,start      ] GC(13) Concurrent update references
[24.365s][info][gc,task       ] GC(13) Using 1 of 1 workers for concurrent reference update
[24.696s][info][gc            ] GC(13) Concurrent update references 331.106ms
[24.699s][info][gc,start      ] GC(13) Pause Final Update Refs
[24.699s][info][gc,task       ] GC(13) Using 1 of 1 workers for final reference update
[24.699s][info][gc            ] GC(13) Pause Final Update Refs 0.325ms
[24.704s][info][gc,start      ] GC(13) Concurrent cleanup
[24.704s][info][gc            ] GC(13) Concurrent cleanup 551M->218M(1149M) 0.125ms
[24.704s][info][gc,ergo       ] Free: 965M, Max: 512K regular, 826M humongous, Frag: 15% external, 0% internal; Reserve: 64000K, Max: 512K
[24.704s][info][gc,stats      ] 
[24.704s][info][gc,stats      ] All times are wall-clock times, except per-root-class counters, that are sum over
[24.704s][info][gc,stats      ] all workers. Dividing the <total> over the root stage time estimates parallelism.
[24.704s][info][gc,stats      ] 
[24.704s][info][gc,stats      ] Concurrent Reset                    155 us
[24.704s][info][gc,stats      ] Pause Init Mark (G)                3558 us
[24.704s][info][gc,stats      ] Pause Init Mark (N)                1378 us
[24.704s][info][gc,stats      ]   Accumulate Stats                    6 us
[24.704s][info][gc,stats      ]   Make Parsable                       9 us
[24.704s][info][gc,stats      ]   Update Region States               32 us
[24.704s][info][gc,stats      ]   Scan Roots                       1282 us, parallelism: 0.77x
[24.704s][info][gc,stats      ]     S: <total>                      984 us
[24.704s][info][gc,stats      ]     S: Thread Roots                 301 us, workers (us): 301, 
[24.704s][info][gc,stats      ]     S: Universe Roots                 3 us, workers (us):   3, 
[24.704s][info][gc,stats      ]     S: JNI Handles Roots              2 us, workers (us):   2, 
[24.704s][info][gc,stats      ]     S: Synchronizer Roots             0 us, workers (us):   0, 
[24.704s][info][gc,stats      ]     S: Management Roots               2 us, workers (us):   2, 
[24.704s][info][gc,stats      ]     S: System Dict Roots             22 us, workers (us):  22, 
[24.704s][info][gc,stats      ]     S: CLDG Roots                   655 us, workers (us): 655, 
[24.704s][info][gc,stats      ]     S: JVMTI Roots                    1 us, workers (us):   1, 
[24.704s][info][gc,stats      ]   Resize TLABs                        7 us
[24.704s][info][gc,stats      ] Concurrent Marking               425756 us
[24.704s][info][gc,stats      ] Pause Final Mark (G)               2754 us
[24.704s][info][gc,stats      ] Pause Final Mark (N)               2585 us
[24.704s][info][gc,stats      ]   Finish Queues                      16 us
[24.704s][info][gc,stats      ]   System Purge                      300 us
[24.704s][info][gc,stats      ]     Weak Roots                      299 us
[24.704s][info][gc,stats      ]   Update Region States               42 us
[24.704s][info][gc,stats      ]   Retire TLABs                        7 us
[24.704s][info][gc,stats      ]   Choose Collection Set             115 us
[24.704s][info][gc,stats      ]   Rebuild Free Set                    8 us
[24.704s][info][gc,stats      ]   Initial Evacuation               2087 us, parallelism: 0.60x
[24.704s][info][gc,stats      ]     E: <total>                     1246 us
[24.704s][info][gc,stats      ]     E: Thread Roots                 236 us, workers (us): 236, 
[24.704s][info][gc,stats      ]     E: Code Cache Roots             421 us, workers (us): 421, 
[24.704s][info][gc,stats      ]     E: Universe Roots                 1 us, workers (us):   1, 
[24.704s][info][gc,stats      ]     E: JNI Handles Roots              2 us, workers (us):   2, 
[24.704s][info][gc,stats      ]     E: Synchronizer Roots             0 us, workers (us):   0, 
[24.704s][info][gc,stats      ]     E: Management Roots               1 us, workers (us):   1, 
[24.704s][info][gc,stats      ]     E: System Dict Roots             37 us, workers (us):  37, 
[24.704s][info][gc,stats      ]     E: CLDG Roots                   547 us, workers (us): 547, 
[24.704s][info][gc,stats      ]     E: JVMTI Roots                    1 us, workers (us):   1, 
[24.704s][info][gc,stats      ] Concurrent Cleanup                  101 us
[24.704s][info][gc,stats      ] Concurrent Evacuation            144402 us
[24.704s][info][gc,stats      ] Pause Init  Update Refs (G)        2114 us
[24.704s][info][gc,stats      ] Pause Init  Update Refs (N)          11 us
[24.704s][info][gc,stats      ]   Retire GCLABs                       4 us
[24.704s][info][gc,stats      ] Concurrent Update Refs           331091 us
[24.704s][info][gc,stats      ] Pause Final Update Refs (G)        6925 us
[24.704s][info][gc,stats      ] Pause Final Update Refs (N)         272 us
[24.704s][info][gc,stats      ]   Update Roots                      206 us, parallelism: 0.97x
[24.704s][info][gc,stats      ]     UR: <total>                     199 us
[24.704s][info][gc,stats      ]     UR: Thread Roots                199 us, workers (us): 199, 
[24.704s][info][gc,stats      ]   Update Region States               41 us
[24.704s][info][gc,stats      ]   Trash Collection Set                4 us
[24.704s][info][gc,stats      ]   Rebuild Free Set                    8 us
[24.704s][info][gc,stats      ] Concurrent Cleanup                   74 us
[24.704s][info][gc,stats      ] 
[24.704s][info][gc,stats      ] Allocation pacing accrued:
[24.704s][info][gc,stats      ]       0 of  4817 ms (  0.0%): <total>
[24.704s][info][gc,stats      ]       0 of  4817 ms (  0.0%): <average total>
[24.704s][info][gc,stats      ] 
[24.704s][info][gc,metaspace  ] Metaspace: 62487K->62492K(1105920K)
[24.704s][info][gc,ergo       ] Pacer for Idle. Initial: 25600K, Alloc Tax Rate: 1.0x
[29.982s][info][gc            ] Trigger: Free (124M) is below minimum threshold (125M)
[29.982s][info][gc,ergo       ] Free: 124M, Max: 512K regular, 44544K humongous, Frag: 66% external, 0% internal; Reserve: 64000K, Max: 512K
[29.982s][info][gc,start      ] GC(14) Concurrent reset
[29.982s][info][gc,task       ] GC(14) Using 1 of 1 workers for concurrent reset
[29.982s][info][gc,ergo       ] GC(14) Pacer for Reset. Non-Taxable: 1250M
[29.983s][info][gc            ] GC(14) Concurrent reset 0.783ms
[29.985s][info][gc,start      ] GC(14) Pause Init Mark
[29.985s][info][gc,task       ] GC(14) Using 1 of 1 workers for init marking
[29.987s][info][gc,ergo       ] GC(14) Pacer for Mark. Expected Live: 39601K, Free: 124M, Non-Taxable: 12772K, Alloc Tax Rate: 0.4x
[29.987s][info][gc            ] GC(14) Pause Init Mark 1.310ms
[29.987s][info][gc,start      ] GC(14) Concurrent marking
[29.987s][info][gc,task       ] GC(14) Using 1 of 1 workers for concurrent marking
[30.352s][info][gc            ] GC(14) Concurrent marking 365.595ms
[30.353s][info][gc,start      ] GC(14) Pause Final Mark
[30.353s][info][gc,task       ] GC(14) Using 1 of 1 workers for final marking
[30.353s][info][gc,ergo       ] GC(14) Adaptive CSet Selection. Target Free: 177M, Actual Free: 679M, Max CSet: 53333K, Min Garbage: 0B
[30.353s][info][gc,ergo       ] GC(14) Collectable Garbage: 883M (97%), Immediate: 536M (59%), CSet: 347M (38%)
[30.355s][info][gc,ergo       ] GC(14) Pacer for Evacuation. Used CSet: 399M, Free: 627M, Non-Taxable: 64228K, Alloc Tax Rate: 1.6x
[30.355s][info][gc            ] GC(14) Pause Final Mark 2.241ms
[30.355s][info][gc,start      ] GC(14) Concurrent cleanup
[30.355s][info][gc            ] GC(14) Concurrent cleanup 1093M->557M(1149M) 0.098ms
[30.355s][info][gc,ergo       ] GC(14) Free: 627M, Max: 512K regular, 271M humongous, Frag: 57% external, 0% internal; Reserve: 63969K, Max: 512K
[30.355s][info][gc,start      ] GC(14) Concurrent evacuation
[30.355s][info][gc,task       ] GC(14) Using 1 of 1 workers for concurrent evacuation
[30.494s][info][gc            ] GC(14) Concurrent evacuation 138.812ms
[30.496s][info][gc,start      ] GC(14) Pause Init Update Refs
[30.496s][info][gc,ergo       ] GC(14) Pacer for Update Refs. Used: 631M, Free: 605M, Non-Taxable: 62027K, Alloc Tax Rate: 1.3x
[30.496s][info][gc            ] GC(14) Pause Init Update Refs 0.027ms
[30.496s][info][gc,start      ] GC(14) Concurrent update references
[30.496s][info][gc,task       ] GC(14) Using 1 of 1 workers for concurrent reference update
[30.959s][info][gc            ] GC(14) Concurrent update references 463.302ms
[30.962s][info][gc,start      ] GC(14) Pause Final Update Refs
[30.962s][info][gc,task       ] GC(14) Using 1 of 1 workers for final reference update
[30.962s][info][gc            ] GC(14) Pause Final Update Refs 0.343ms
[30.964s][info][gc,start      ] GC(14) Concurrent cleanup
[30.964s][info][gc            ] GC(14) Concurrent cleanup 701M->302M(1188M) 0.143ms
[30.964s][info][gc,ergo       ] Free: 882M, Max: 512K regular, 435M humongous, Frag: 51% external, 0% internal; Reserve: 64000K, Max: 512K
[30.964s][info][gc,stats      ] 
[30.964s][info][gc,stats      ] All times are wall-clock times, except per-root-class counters, that are sum over
[30.964s][info][gc,stats      ] all workers. Dividing the <total> over the root stage time estimates parallelism.
[30.964s][info][gc,stats      ] 
[30.964s][info][gc,stats      ] Concurrent Reset                    744 us
[30.964s][info][gc,stats      ] Pause Init Mark (G)                3505 us
[30.964s][info][gc,stats      ] Pause Init Mark (N)                1289 us
[30.964s][info][gc,stats      ]   Accumulate Stats                    8 us
[30.964s][info][gc,stats      ]   Make Parsable                      11 us
[30.964s][info][gc,stats      ]   Update Region States               32 us
[30.964s][info][gc,stats      ]   Scan Roots                       1198 us, parallelism: 0.75x
[30.964s][info][gc,stats      ]     S: <total>                      898 us
[30.964s][info][gc,stats      ]     S: Thread Roots                 247 us, workers (us): 247, 
[30.964s][info][gc,stats      ]     S: Universe Roots                 3 us, workers (us):   3, 
[30.964s][info][gc,stats      ]     S: JNI Handles Roots              2 us, workers (us):   2, 
[30.964s][info][gc,stats      ]     S: Synchronizer Roots             0 us, workers (us):   0, 
[30.964s][info][gc,stats      ]     S: Management Roots               2 us, workers (us):   2, 
[30.964s][info][gc,stats      ]     S: System Dict Roots             22 us, workers (us):  22, 
[30.964s][info][gc,stats      ]     S: CLDG Roots                   622 us, workers (us): 622, 
[30.964s][info][gc,stats      ]     S: JVMTI Roots                    1 us, workers (us):   1, 
[30.964s][info][gc,stats      ]   Resize TLABs                        6 us
[30.964s][info][gc,stats      ] Concurrent Marking               365586 us
[30.964s][info][gc,stats      ] Pause Final Mark (G)               2367 us
[30.965s][info][gc,stats      ] Pause Final Mark (N)               2218 us
[30.965s][info][gc,stats      ]   Finish Queues                      12 us
[30.965s][info][gc,stats      ]   System Purge                      259 us
[30.965s][info][gc,stats      ]     Weak Roots                      259 us
[30.965s][info][gc,stats      ]   Update Region States               36 us
[30.965s][info][gc,stats      ]   Retire TLABs                        7 us
[30.965s][info][gc,stats      ]   Choose Collection Set             145 us
[30.965s][info][gc,stats      ]   Rebuild Free Set                    9 us
[30.965s][info][gc,stats      ]   Initial Evacuation               1743 us, parallelism: 0.61x
[30.965s][info][gc,stats      ]     E: <total>                     1055 us
[30.965s][info][gc,stats      ]     E: Thread Roots                 313 us, workers (us): 313, 
[30.965s][info][gc,stats      ]     E: Code Cache Roots             238 us, workers (us): 238, 
[30.965s][info][gc,stats      ]     E: Universe Roots                 1 us, workers (us):   1, 
[30.965s][info][gc,stats      ]     E: JNI Handles Roots              1 us, workers (us):   1, 
[30.965s][info][gc,stats      ]     E: Synchronizer Roots             0 us, workers (us):   0, 
[30.965s][info][gc,stats      ]     E: Management Roots               1 us, workers (us):   1, 
[30.965s][info][gc,stats      ]     E: System Dict Roots             11 us, workers (us):  11, 
[30.965s][info][gc,stats      ]     E: CLDG Roots                   489 us, workers (us): 489, 
[30.965s][info][gc,stats      ]     E: JVMTI Roots                    0 us, workers (us):   0, 
[30.965s][info][gc,stats      ] Concurrent Cleanup                   90 us
[30.965s][info][gc,stats      ] Concurrent Evacuation            138800 us
[30.965s][info][gc,stats      ] Pause Init  Update Refs (G)        2194 us
[30.965s][info][gc,stats      ] Pause Init  Update Refs (N)          10 us
[30.965s][info][gc,stats      ]   Retire GCLABs                       4 us
[30.965s][info][gc,stats      ] Concurrent Update Refs           463287 us
[30.965s][info][gc,stats      ] Pause Final Update Refs (G)        4734 us
[30.965s][info][gc,stats      ] Pause Final Update Refs (N)         276 us
[30.965s][info][gc,stats      ]   Update Roots                      208 us, parallelism: 0.96x
[30.965s][info][gc,stats      ]     UR: <total>                     200 us
[30.965s][info][gc,stats      ]     UR: Thread Roots                200 us, workers (us): 200, 
[30.965s][info][gc,stats      ]   Update Region States               39 us
[30.965s][info][gc,stats      ]   Trash Collection Set                5 us
[30.965s][info][gc,stats      ]   Rebuild Free Set                    9 us
[30.965s][info][gc,stats      ] Concurrent Cleanup                   87 us
[30.965s][info][gc,stats      ] Pacing                           109759 us
[30.965s][info][gc,stats      ] 
[30.965s][info][gc,stats      ] Allocation pacing accrued:
[30.965s][info][gc,stats      ]     110 of  6261 ms (  1.8%): Executor task launch worker for task 1.0 in stage 1.0 (TID 4)
[30.965s][info][gc,stats      ]     110 of  6261 ms (  1.8%): <total>
[30.965s][info][gc,stats      ]       2 of  6261 ms (  0.0%): <average total>
[30.965s][info][gc,stats      ]     110 of  6261 ms (  1.8%): <average non-zero>
[30.965s][info][gc,stats      ] 
[30.965s][info][gc,metaspace  ] Metaspace: 62861K->62862K(1105920K)
[30.965s][info][gc,ergo       ] Pacer for Idle. Initial: 25600K, Alloc Tax Rate: 1.0x
[34.076s][info][gc            ] Trigger: Average GC time (404.56 ms) is above the time for allocation rate (213 MB/s) to deplete free headroom (87279K)
[34.076s][info][gc,ergo       ] Free headroom: 147M (free) - 64000K (spike) - 0B (penalties) = 87279K
[34.076s][info][gc,ergo       ] Free: 147M, Max: 512K regular, 78848K humongous, Frag: 48% external, 0% internal; Reserve: 64000K, Max: 512K
[34.076s][info][gc,start      ] GC(15) Concurrent reset
[34.076s][info][gc,task       ] GC(15) Using 1 of 1 workers for concurrent reset
[34.076s][info][gc,ergo       ] GC(15) Pacer for Reset. Non-Taxable: 1250M
[34.077s][info][gc            ] GC(15) Concurrent reset 0.888ms
[34.080s][info][gc,start      ] GC(15) Pause Init Mark (process weakrefs)
[34.080s][info][gc,task       ] GC(15) Using 1 of 1 workers for init marking
[34.081s][info][gc,ergo       ] GC(15) Pacer for Mark. Expected Live: 63709K, Free: 147M, Non-Taxable: 15127K, Alloc Tax Rate: 0.5x
[34.081s][info][gc            ] GC(15) Pause Init Mark (process weakrefs) 1.346ms
[34.081s][info][gc,start      ] GC(15) Concurrent marking (process weakrefs)
[34.081s][info][gc,task       ] GC(15) Using 1 of 1 workers for concurrent marking
[34.524s][info][gc            ] GC(15) Concurrent marking (process weakrefs) 443.497ms
[34.525s][info][gc,start      ] GC(15) Concurrent precleaning
[34.525s][info][gc,task       ] GC(15) Using 1 of 1 workers for concurrent preclean
[34.525s][info][gc,ergo       ] GC(15) Pacer for Precleaning. Non-Taxable: 1250M
[34.525s][info][gc            ] GC(15) Concurrent precleaning 0.632ms
[34.525s][info][gc,start      ] GC(15) Pause Final Mark (process weakrefs)
[34.525s][info][gc,task       ] GC(15) Using 1 of 1 workers for final marking
[34.526s][info][gc,ergo       ] GC(15) Adaptive CSet Selection. Target Free: 177M, Actual Free: 604M, Max CSet: 53333K, Min Garbage: 0B
[34.526s][info][gc,ergo       ] GC(15) Collectable Garbage: 808M (95%), Immediate: 440M (52%), CSet: 368M (43%)
[34.528s][info][gc,ergo       ] GC(15) Pacer for Evacuation. Used CSet: 420M, Free: 551M, Non-Taxable: 56497K, Alloc Tax Rate: 1.9x
[34.528s][info][gc            ] GC(15) Pause Final Mark (process weakrefs) 2.896ms
[34.528s][info][gc,start      ] GC(15) Concurrent cleanup
[34.528s][info][gc            ] GC(15) Concurrent cleanup 1073M->633M(1188M) 0.189ms
[34.528s][info][gc,ergo       ] GC(15) Free: 551M, Max: 512K regular, 259M humongous, Frag: 54% external, 0% internal; Reserve: 63993K, Max: 512K
[34.528s][info][gc,start      ] GC(15) Concurrent evacuation
[34.528s][info][gc,task       ] GC(15) Using 1 of 1 workers for concurrent evacuation
[34.764s][info][gc            ] GC(15) Concurrent evacuation 235.261ms
[34.766s][info][gc,start      ] GC(15) Pause Init Update Refs
[34.766s][info][gc,ergo       ] GC(15) Pacer for Update Refs. Used: 708M, Free: 529M, Non-Taxable: 54193K, Alloc Tax Rate: 1.6x
[34.766s][info][gc            ] GC(15) Pause Init Update Refs 0.063ms
[34.768s][info][gc,start      ] GC(15) Concurrent update references
[34.768s][info][gc,task       ] GC(15) Using 1 of 1 workers for concurrent reference update
[35.333s][info][gc            ] GC(15) Concurrent update references 565.438ms
[35.336s][info][gc,start      ] GC(15) Pause Final Update Refs
[35.336s][info][gc,task       ] GC(15) Using 1 of 1 workers for final reference update
[35.337s][info][gc            ] GC(15) Pause Final Update Refs 0.406ms
[35.337s][info][gc,start      ] GC(15) Concurrent cleanup
[35.337s][info][gc            ] GC(15) Concurrent cleanup 787M->367M(1222M) 0.081ms
[35.337s][info][gc,ergo       ] Free: 817M, Max: 512K regular, 290M humongous, Frag: 65% external, 0% internal; Reserve: 64000K, Max: 512K
[35.337s][info][gc,stats      ] 
[35.337s][info][gc,stats      ] All times are wall-clock times, except per-root-class counters, that are sum over
[35.337s][info][gc,stats      ] all workers. Dividing the <total> over the root stage time estimates parallelism.
[35.337s][info][gc,stats      ] 
[35.337s][info][gc,stats      ] Concurrent Reset                    868 us
[35.337s][info][gc,stats      ] Pause Init Mark (G)                3546 us
[35.337s][info][gc,stats      ] Pause Init Mark (N)                1331 us
[35.337s][info][gc,stats      ]   Accumulate Stats                    8 us
[35.337s][info][gc,stats      ]   Make Parsable                      11 us
[35.337s][info][gc,stats      ]   Update Region States               29 us
[35.337s][info][gc,stats      ]   Scan Roots                       1237 us, parallelism: 0.77x
[35.337s][info][gc,stats      ]     S: <total>                      947 us
[35.337s][info][gc,stats      ]     S: Thread Roots                 256 us, workers (us): 256, 
[35.337s][info][gc,stats      ]     S: Universe Roots                 2 us, workers (us):   2, 
[35.337s][info][gc,stats      ]     S: JNI Handles Roots              2 us, workers (us):   2, 
[35.337s][info][gc,stats      ]     S: Synchronizer Roots             0 us, workers (us):   0, 
[35.337s][info][gc,stats      ]     S: Management Roots               2 us, workers (us):   2, 
[35.337s][info][gc,stats      ]     S: System Dict Roots             11 us, workers (us):  11, 
[35.337s][info][gc,stats      ]     S: CLDG Roots                   672 us, workers (us): 672, 
[35.337s][info][gc,stats      ]     S: JVMTI Roots                    1 us, workers (us):   1, 
[35.337s][info][gc,stats      ]   Resize TLABs                        6 us
[35.337s][info][gc,stats      ] Concurrent Marking               443488 us
[35.337s][info][gc,stats      ] Concurrent Precleaning              618 us
[35.337s][info][gc,stats      ] Pause Final Mark (G)               3007 us
[35.337s][info][gc,stats      ] Pause Final Mark (N)               2886 us
[35.337s][info][gc,stats      ]   Finish Queues                       9 us
[35.337s][info][gc,stats      ]   Weak References                    36 us
[35.337s][info][gc,stats      ]     Process                          34 us
[35.337s][info][gc,stats      ]   System Purge                      297 us
[35.337s][info][gc,stats      ]     Weak Roots                      297 us
[35.337s][info][gc,stats      ]   Update Region States               45 us
[35.337s][info][gc,stats      ]   Retire TLABs                        9 us
[35.337s][info][gc,stats      ]   Choose Collection Set             174 us
[35.337s][info][gc,stats      ]   Rebuild Free Set                    9 us
[35.337s][info][gc,stats      ]   Initial Evacuation               2303 us, parallelism: 0.71x
[35.337s][info][gc,stats      ]     E: <total>                     1636 us
[35.337s][info][gc,stats      ]     E: Thread Roots                 374 us, workers (us): 374, 
[35.337s][info][gc,stats      ]     E: Code Cache Roots             373 us, workers (us): 373, 
[35.337s][info][gc,stats      ]     E: Universe Roots                 1 us, workers (us):   1, 
[35.337s][info][gc,stats      ]     E: JNI Handles Roots              1 us, workers (us):   1, 
[35.337s][info][gc,stats      ]     E: Synchronizer Roots             0 us, workers (us):   0, 
[35.337s][info][gc,stats      ]     E: Management Roots               1 us, workers (us):   1, 
[35.337s][info][gc,stats      ]     E: System Dict Roots             11 us, workers (us):  11, 
[35.337s][info][gc,stats      ]     E: CLDG Roots                   875 us, workers (us): 875, 
[35.337s][info][gc,stats      ]     E: JVMTI Roots                    1 us, workers (us):   1, 
[35.337s][info][gc,stats      ] Concurrent Cleanup                  174 us
[35.337s][info][gc,stats      ] Concurrent Evacuation            235244 us
[35.337s][info][gc,stats      ] Pause Init  Update Refs (G)        4156 us
[35.337s][info][gc,stats      ] Pause Init  Update Refs (N)          16 us
[35.337s][info][gc,stats      ]   Retire GCLABs                       6 us
[35.337s][info][gc,stats      ] Concurrent Update Refs           565396 us
[35.337s][info][gc,stats      ] Pause Final Update Refs (G)        2604 us
[35.337s][info][gc,stats      ] Pause Final Update Refs (N)         343 us
[35.337s][info][gc,stats      ]   Update Roots                      273 us, parallelism: 0.95x
[35.337s][info][gc,stats      ]     UR: <total>                     259 us
[35.337s][info][gc,stats      ]     UR: Thread Roots                259 us, workers (us): 259, 
[35.337s][info][gc,stats      ]   Update Region States               41 us
[35.337s][info][gc,stats      ]   Trash Collection Set                5 us
[35.337s][info][gc,stats      ]   Rebuild Free Set                    9 us
[35.337s][info][gc,stats      ] Concurrent Cleanup                   74 us
[35.337s][info][gc,stats      ] Pacing                           212951 us
[35.337s][info][gc,stats      ] 
[35.337s][info][gc,stats      ] Allocation pacing accrued:
[35.337s][info][gc,stats      ]     213 of  4372 ms (  4.9%): Executor task launch worker for task 2.0 in stage 1.0 (TID 5)
[35.337s][info][gc,stats      ]     213 of  4372 ms (  4.9%): <total>
[35.337s][info][gc,stats      ]       4 of  4372 ms (  0.1%): <average total>
[35.337s][info][gc,stats      ]     213 of  4372 ms (  4.9%): <average non-zero>
[35.337s][info][gc,stats      ] 
[35.337s][info][gc,metaspace  ] Metaspace: 62905K->63230K(1105920K)
[35.337s][info][gc,ergo       ] Pacer for Idle. Initial: 25600K, Alloc Tax Rate: 1.0x
[37.956s][info][gc            ] Trigger: Average GC time (647.78 ms) is above the time for allocation rate (199 MB/s) to deplete free headroom (128M)
[37.957s][info][gc,ergo       ] Free headroom: 190M (free) - 64000K (spike) - 0B (penalties) = 128M
[37.957s][info][gc,ergo       ] Free: 190M, Max: 512K regular, 112M humongous, Frag: 42% external, 0% internal; Reserve: 64000K, Max: 512K
[37.957s][info][gc,start      ] GC(16) Concurrent reset
[37.957s][info][gc,task       ] GC(16) Using 1 of 1 workers for concurrent reset
[37.957s][info][gc,ergo       ] GC(16) Pacer for Reset. Non-Taxable: 1250M
[37.958s][info][gc            ] GC(16) Concurrent reset 1.014ms
[37.958s][info][gc,start      ] GC(16) Pause Init Mark
[37.958s][info][gc,task       ] GC(16) Using 1 of 1 workers for init marking
[37.960s][info][gc,ergo       ] GC(16) Pacer for Mark. Expected Live: 96428K, Free: 190M, Non-Taxable: 19531K, Alloc Tax Rate: 0.6x
[37.960s][info][gc            ] GC(16) Pause Init Mark 1.655ms
[37.960s][info][gc,start      ] GC(16) Concurrent marking
[37.960s][info][gc,task       ] GC(16) Using 1 of 1 workers for concurrent marking
[38.429s][info][gc            ] GC(16) Concurrent marking 469.311ms
[38.429s][info][gc,start      ] GC(16) Pause Final Mark
[38.429s][info][gc,task       ] GC(16) Using 1 of 1 workers for final marking
[38.429s][info][gc,ergo       ] GC(16) Adaptive CSet Selection. Target Free: 177M, Actual Free: 630M, Max CSet: 53333K, Min Garbage: 0B
[38.430s][info][gc,ergo       ] GC(16) Collectable Garbage: 789M (99%), Immediate: 424M (53%), CSet: 365M (45%)
[38.431s][info][gc,ergo       ] GC(16) Pacer for Evacuation. Used CSet: 416M, Free: 576M, Non-Taxable: 59057K, Alloc Tax Rate: 1.8x
[38.431s][info][gc            ] GC(16) Pause Final Mark 2.342ms
[38.431s][info][gc,start      ] GC(16) Concurrent cleanup
[38.432s][info][gc            ] GC(16) Concurrent cleanup 1032M->608M(1222M) 0.099ms
[38.432s][info][gc,ergo       ] GC(16) Free: 576M, Max: 512K regular, 239M humongous, Frag: 59% external, 0% internal; Reserve: 63969K, Max: 512K
[38.432s][info][gc,start      ] GC(16) Concurrent evacuation
[38.432s][info][gc,task       ] GC(16) Using 1 of 1 workers for concurrent evacuation
[38.621s][info][gc            ] GC(16) Concurrent evacuation 189.583ms
[38.623s][info][gc,start      ] GC(16) Pause Init Update Refs
[38.623s][info][gc,ergo       ] GC(16) Pacer for Update Refs. Used: 678M, Free: 558M, Non-Taxable: 57163K, Alloc Tax Rate: 1.5x
[38.623s][info][gc            ] GC(16) Pause Init Update Refs 0.028ms
[38.623s][info][gc,start      ] GC(16) Concurrent update references
[38.623s][info][gc,task       ] GC(16) Using 1 of 1 workers for concurrent reference update
[39.008s][info][gc            ] GC(16) Concurrent update references 384.472ms
[39.010s][info][gc,start      ] GC(16) Pause Final Update Refs
[39.010s][info][gc,task       ] GC(16) Using 1 of 1 workers for final reference update
[39.011s][info][gc            ] GC(16) Pause Final Update Refs 0.389ms
[39.011s][info][gc,start      ] GC(16) Concurrent cleanup
[39.011s][info][gc            ] GC(16) Concurrent cleanup 732M->315M(1250M) 0.081ms
[39.011s][info][gc,ergo       ] Free: 868M, Max: 512K regular, 310M humongous, Frag: 65% external, 0% internal; Reserve: 64000K, Max: 512K
[39.011s][info][gc,stats      ] 
[39.011s][info][gc,stats      ] All times are wall-clock times, except per-root-class counters, that are sum over
[39.011s][info][gc,stats      ] all workers. Dividing the <total> over the root stage time estimates parallelism.
[39.011s][info][gc,stats      ] 
[39.011s][info][gc,stats      ] Concurrent Reset                    993 us
[39.011s][info][gc,stats      ] Pause Init Mark (G)                1839 us
[39.011s][info][gc,stats      ] Pause Init Mark (N)                1644 us
[39.011s][info][gc,stats      ]   Accumulate Stats                    9 us
[39.011s][info][gc,stats      ]   Make Parsable                      12 us
[39.011s][info][gc,stats      ]   Update Region States               24 us
[39.011s][info][gc,stats      ]   Scan Roots                       1538 us, parallelism: 0.80x
[39.011s][info][gc,stats      ]     S: <total>                     1228 us
[39.011s][info][gc,stats      ]     S: Thread Roots                 329 us, workers (us): 329, 
[39.011s][info][gc,stats      ]     S: Universe Roots                 2 us, workers (us):   2, 
[39.011s][info][gc,stats      ]     S: JNI Handles Roots              2 us, workers (us):   2, 
[39.011s][info][gc,stats      ]     S: Synchronizer Roots             0 us, workers (us):   0, 
[39.011s][info][gc,stats      ]     S: Management Roots               2 us, workers (us):   2, 
[39.011s][info][gc,stats      ]     S: System Dict Roots             12 us, workers (us):  12, 
[39.011s][info][gc,stats      ]     S: CLDG Roots                   879 us, workers (us): 879, 
[39.011s][info][gc,stats      ]     S: JVMTI Roots                    1 us, workers (us):   1, 
[39.011s][info][gc,stats      ]   Resize TLABs                        8 us
[39.011s][info][gc,stats      ] Concurrent Marking               469301 us
[39.011s][info][gc,stats      ] Pause Final Mark (G)               2435 us
[39.011s][info][gc,stats      ] Pause Final Mark (N)               2325 us
[39.011s][info][gc,stats      ]   Finish Queues                      11 us
[39.011s][info][gc,stats      ]   System Purge                      278 us
[39.011s][info][gc,stats      ]     Weak Roots                      277 us
[39.011s][info][gc,stats      ]   Update Region States               38 us
[39.011s][info][gc,stats      ]   Retire TLABs                       10 us
[39.011s][info][gc,stats      ]   Choose Collection Set             153 us
[39.011s][info][gc,stats      ]   Rebuild Free Set                    9 us
[39.011s][info][gc,stats      ]   Initial Evacuation               1818 us, parallelism: 0.60x
[39.011s][info][gc,stats      ]     E: <total>                     1084 us
[39.011s][info][gc,stats      ]     E: Thread Roots                 251 us, workers (us): 251, 
[39.011s][info][gc,stats      ]     E: Code Cache Roots             251 us, workers (us): 251, 
[39.011s][info][gc,stats      ]     E: Universe Roots                 1 us, workers (us):   1, 
[39.011s][info][gc,stats      ]     E: JNI Handles Roots              1 us, workers (us):   1, 
[39.011s][info][gc,stats      ]     E: Synchronizer Roots             0 us, workers (us):   0, 
[39.011s][info][gc,stats      ]     E: Management Roots               1 us, workers (us):   1, 
[39.011s][info][gc,stats      ]     E: System Dict Roots             13 us, workers (us):  13, 
[39.011s][info][gc,stats      ]     E: CLDG Roots                   566 us, workers (us): 566, 
[39.011s][info][gc,stats      ]     E: JVMTI Roots                    1 us, workers (us):   1, 
[39.011s][info][gc,stats      ] Concurrent Cleanup                   88 us
[39.011s][info][gc,stats      ] Concurrent Evacuation            189569 us
[39.011s][info][gc,stats      ] Pause Init  Update Refs (G)        2165 us
[39.011s][info][gc,stats      ] Pause Init  Update Refs (N)          11 us
[39.011s][info][gc,stats      ]   Retire GCLABs                       5 us
[39.011s][info][gc,stats      ] Concurrent Update Refs           384425 us
[39.011s][info][gc,stats      ] Pause Final Update Refs (G)        2554 us
[39.011s][info][gc,stats      ] Pause Final Update Refs (N)         297 us
[39.011s][info][gc,stats      ]   Update Roots                      226 us, parallelism: 0.97x
[39.011s][info][gc,stats      ]     UR: <total>                     218 us
[39.011s][info][gc,stats      ]     UR: Thread Roots                218 us, workers (us): 218, 
[39.011s][info][gc,stats      ]   Update Region States               43 us
[39.011s][info][gc,stats      ]   Trash Collection Set                5 us
[39.011s][info][gc,stats      ]   Rebuild Free Set                   10 us
[39.011s][info][gc,stats      ] Concurrent Cleanup                   74 us
[39.011s][info][gc,stats      ] Pacing                           208027 us
[39.011s][info][gc,stats      ] 
[39.011s][info][gc,stats      ] Allocation pacing accrued:
[39.011s][info][gc,stats      ]     208 of  3674 ms (  5.7%): Executor task launch worker for task 0.0 in stage 2.0 (TID 6)
[39.011s][info][gc,stats      ]     208 of  3674 ms (  5.7%): <total>
[39.011s][info][gc,stats      ]       4 of  3674 ms (  0.1%): <average total>
[39.011s][info][gc,stats      ]     208 of  3674 ms (  5.7%): <average non-zero>
[39.011s][info][gc,stats      ] 
[39.011s][info][gc,metaspace  ] Metaspace: 63310K->63310K(1105920K)
[39.011s][info][gc,ergo       ] Pacer for Idle. Initial: 25600K, Alloc Tax Rate: 1.0x
[41.319s][info][gc            ] Trigger: Average GC time (850.44 ms) is above the time for allocation rate (220 MB/s) to deplete free headroom (186M)
[41.319s][info][gc,ergo       ] Free headroom: 248M (free) - 64000K (spike) - 0B (penalties) = 186M
[41.319s][info][gc,ergo       ] Free: 248M, Max: 512K regular, 88064K humongous, Frag: 66% external, 0% internal; Reserve: 64000K, Max: 512K
[41.319s][info][gc,start      ] GC(17) Concurrent reset
[41.319s][info][gc,task       ] GC(17) Using 1 of 1 workers for concurrent reset
[41.319s][info][gc,ergo       ] GC(17) Pacer for Reset. Non-Taxable: 1250M
[41.320s][info][gc            ] GC(17) Concurrent reset 1.026ms
[41.323s][info][gc,start      ] GC(17) Pause Init Mark
[41.323s][info][gc,task       ] GC(17) Using 1 of 1 workers for init marking
[41.324s][info][gc,ergo       ] GC(17) Pacer for Mark. Expected Live: 127M, Free: 248M, Non-Taxable: 25470K, Alloc Tax Rate: 0.6x
[41.324s][info][gc            ] GC(17) Pause Init Mark 1.267ms
[41.324s][info][gc,start      ] GC(17) Concurrent marking
[41.324s][info][gc,task       ] GC(17) Using 1 of 1 workers for concurrent marking
[42.115s][info][gc            ] GC(17) Concurrent marking 791.163ms
[42.115s][info][gc,start      ] GC(17) Pause Final Mark
[42.115s][info][gc,task       ] GC(17) Using 1 of 1 workers for final marking
[42.116s][info][gc,ergo       ] GC(17) Adaptive CSet Selection. Target Free: 177M, Actual Free: 535M, Max CSet: 53333K, Min Garbage: 0B
[42.116s][info][gc,ergo       ] GC(17) Collectable Garbage: 723M (99%), Immediate: 248M (34%), CSet: 474M (65%)
[42.118s][info][gc,ergo       ] GC(17) Pacer for Evacuation. Used CSet: 526M, Free: 482M, Non-Taxable: 49380K, Alloc Tax Rate: 2.7x
[42.118s][info][gc            ] GC(17) Pause Final Mark 2.386ms
[42.118s][info][gc,start      ] GC(17) Concurrent cleanup
[42.118s][info][gc            ] GC(17) Concurrent cleanup 950M->702M(1250M) 0.075ms
[42.118s][info][gc,ergo       ] GC(17) Free: 482M, Max: 512K regular, 179M humongous, Frag: 63% external, 0% internal; Reserve: 63969K, Max: 512K
[42.118s][info][gc,start      ] GC(17) Concurrent evacuation
[42.118s][info][gc,task       ] GC(17) Using 1 of 1 workers for concurrent evacuation
[42.245s][info][gc            ] GC(17) Concurrent evacuation 127.128ms
[42.247s][info][gc,start      ] GC(17) Pause Init Update Refs
[42.247s][info][gc,ergo       ] GC(17) Pacer for Update Refs. Used: 755M, Free: 480M, Non-Taxable: 49226K, Alloc Tax Rate: 1.9x
[42.247s][info][gc            ] GC(17) Pause Init Update Refs 0.059ms
[42.247s][info][gc,start      ] GC(17) Concurrent update references
[42.247s][info][gc,task       ] GC(17) Using 1 of 1 workers for concurrent reference update
[42.641s][info][gc            ] GC(17) Concurrent update references 393.627ms
[42.643s][info][gc,start      ] GC(17) Pause Final Update Refs
[42.643s][info][gc,task       ] GC(17) Using 1 of 1 workers for final reference update
[42.644s][info][gc            ] GC(17) Pause Final Update Refs 0.361ms
[42.644s][info][gc,start      ] GC(17) Concurrent cleanup
[42.644s][info][gc            ] GC(17) Concurrent cleanup 757M->230M(1250M) 0.094ms
[42.644s][info][gc,ergo       ] Free: 952M, Max: 512K regular, 340M humongous, Frag: 65% external, 0% internal; Reserve: 64000K, Max: 512K
[42.644s][info][gc,stats      ] 
[42.644s][info][gc,stats      ] All times are wall-clock times, except per-root-class counters, that are sum over
[42.644s][info][gc,stats      ] all workers. Dividing the <total> over the root stage time estimates parallelism.
[42.644s][info][gc,stats      ] 
[42.644s][info][gc,stats      ] Concurrent Reset                   1006 us
[42.644s][info][gc,stats      ] Pause Init Mark (G)                3527 us
[42.644s][info][gc,stats      ] Pause Init Mark (N)                1239 us
[42.644s][info][gc,stats      ]   Accumulate Stats                    8 us
[42.644s][info][gc,stats      ]   Make Parsable                      10 us
[42.644s][info][gc,stats      ]   Update Region States               38 us
[42.644s][info][gc,stats      ]   Scan Roots                       1154 us, parallelism: 0.74x
[42.644s][info][gc,stats      ]     S: <total>                      854 us
[42.644s][info][gc,stats      ]     S: Thread Roots                 246 us, workers (us): 246, 
[42.644s][info][gc,stats      ]     S: Universe Roots                 2 us, workers (us):   2, 
[42.644s][info][gc,stats      ]     S: JNI Handles Roots              1 us, workers (us):   1, 
[42.644s][info][gc,stats      ]     S: Synchronizer Roots             0 us, workers (us):   0, 
[42.644s][info][gc,stats      ]     S: Management Roots               2 us, workers (us):   2, 
[42.644s][info][gc,stats      ]     S: System Dict Roots             13 us, workers (us):  13, 
[42.644s][info][gc,stats      ]     S: CLDG Roots                   589 us, workers (us): 589, 
[42.644s][info][gc,stats      ]     S: JVMTI Roots                    1 us, workers (us):   1, 
[42.644s][info][gc,stats      ]   Resize TLABs                        4 us
[42.644s][info][gc,stats      ] Concurrent Marking               791147 us
[42.644s][info][gc,stats      ] Pause Final Mark (G)               2473 us
[42.644s][info][gc,stats      ] Pause Final Mark (N)               2369 us
[42.644s][info][gc,stats      ]   Finish Queues                      14 us
[42.644s][info][gc,stats      ]   System Purge                      276 us
[42.644s][info][gc,stats      ]     Weak Roots                      275 us
[42.644s][info][gc,stats      ]   Update Region States               42 us
[42.644s][info][gc,stats      ]   Retire TLABs                        9 us
[42.644s][info][gc,stats      ]   Choose Collection Set             175 us
[42.644s][info][gc,stats      ]   Rebuild Free Set                    9 us
[42.644s][info][gc,stats      ]   Initial Evacuation               1836 us, parallelism: 0.62x
[42.644s][info][gc,stats      ]     E: <total>                     1137 us
[42.644s][info][gc,stats      ]     E: Thread Roots                 339 us, workers (us): 339, 
[42.644s][info][gc,stats      ]     E: Code Cache Roots             248 us, workers (us): 248, 
[42.644s][info][gc,stats      ]     E: Universe Roots                 1 us, workers (us):   1, 
[42.644s][info][gc,stats      ]     E: JNI Handles Roots              1 us, workers (us):   1, 
[42.644s][info][gc,stats      ]     E: Synchronizer Roots             0 us, workers (us):   0, 
[42.644s][info][gc,stats      ]     E: Management Roots               1 us, workers (us):   1, 
[42.644s][info][gc,stats      ]     E: System Dict Roots             13 us, workers (us):  13, 
[42.644s][info][gc,stats      ]     E: CLDG Roots                   534 us, workers (us): 534, 
[42.644s][info][gc,stats      ]     E: JVMTI Roots                    0 us, workers (us):   0, 
[42.644s][info][gc,stats      ] Concurrent Cleanup                   67 us
[42.644s][info][gc,stats      ] Concurrent Evacuation            127116 us
[42.644s][info][gc,stats      ] Pause Init  Update Refs (G)        2222 us
[42.644s][info][gc,stats      ] Pause Init  Update Refs (N)          14 us
[42.644s][info][gc,stats      ]   Retire GCLABs                       5 us
[42.644s][info][gc,stats      ] Concurrent Update Refs           393614 us
[42.644s][info][gc,stats      ] Pause Final Update Refs (G)        2526 us
[42.644s][info][gc,stats      ] Pause Final Update Refs (N)         315 us
[42.644s][info][gc,stats      ]   Update Roots                      247 us, parallelism: 0.97x
[42.644s][info][gc,stats      ]     UR: <total>                     240 us
[42.644s][info][gc,stats      ]     UR: Thread Roots                240 us, workers (us): 240, 
[42.644s][info][gc,stats      ]   Update Region States               41 us
[42.644s][info][gc,stats      ]   Trash Collection Set                6 us
[42.644s][info][gc,stats      ]   Rebuild Free Set                   10 us
[42.644s][info][gc,stats      ] Concurrent Cleanup                   86 us
[42.644s][info][gc,stats      ] 
[42.644s][info][gc,stats      ] Allocation pacing accrued:
[42.644s][info][gc,stats      ]       0 of  3633 ms (  0.0%): <total>
[42.644s][info][gc,stats      ]       0 of  3633 ms (  0.0%): <average total>
[42.644s][info][gc,stats      ] 
[42.644s][info][gc,metaspace  ] Metaspace: 63352K->63352K(1105920K)
[42.644s][info][gc,ergo       ] Pacer for Idle. Initial: 25600K, Alloc Tax Rate: 1.0x
[45.636s][info][gc            ] Trigger: Average GC time (1107.60 ms) is above the time for allocation rate (169 MB/s) to deplete free headroom (187M)
[45.636s][info][gc,ergo       ] Free headroom: 249M (free) - 64000K (spike) - 0B (penalties) = 187M
[45.637s][info][gc,ergo       ] Free: 249M, Max: 512K regular, 166M humongous, Frag: 34% external, 0% internal; Reserve: 64000K, Max: 512K
[45.637s][info][gc,start      ] GC(18) Concurrent reset
[45.637s][info][gc,task       ] GC(18) Using 1 of 1 workers for concurrent reset
[45.637s][info][gc,ergo       ] GC(18) Pacer for Reset. Non-Taxable: 1250M
[45.638s][info][gc            ] GC(18) Concurrent reset 1.251ms
[45.640s][info][gc,start      ] GC(18) Pause Init Mark
[45.640s][info][gc,task       ] GC(18) Using 1 of 1 workers for init marking
[45.642s][info][gc,ergo       ] GC(18) Pacer for Mark. Expected Live: 162M, Free: 249M, Non-Taxable: 25572K, Alloc Tax Rate: 0.8x
[45.642s][info][gc            ] GC(18) Pause Init Mark 1.354ms
[45.642s][info][gc,start      ] GC(18) Concurrent marking
[45.642s][info][gc,task       ] GC(18) Using 1 of 1 workers for concurrent marking
[46.015s][info][gc            ] GC(18) Concurrent marking 373.634ms
[46.015s][info][gc,start      ] GC(18) Pause Final Mark
[46.015s][info][gc,task       ] GC(18) Using 1 of 1 workers for final marking
[46.016s][info][gc,ergo       ] GC(18) Collectable Garbage: 759M (97%), Immediate: 759M (97%), CSet: 0B (0%)
[46.016s][info][gc            ] GC(18) Pause Final Mark 0.388ms
[46.016s][info][gc,start      ] GC(18) Concurrent cleanup
[46.016s][info][gc            ] GC(18) Concurrent cleanup 954M->195M(1250M) 0.107ms
[46.016s][info][gc,ergo       ] GC(18) Free: 988M, Max: 512K regular, 536M humongous, Frag: 46% external, 0% internal; Reserve: 64000K, Max: 512K
[46.016s][info][gc,ergo       ] Free: 988M, Max: 512K regular, 536M humongous, Frag: 46% external, 0% internal; Reserve: 64000K, Max: 512K
[46.016s][info][gc,stats      ] 
[46.016s][info][gc,stats      ] All times are wall-clock times, except per-root-class counters, that are sum over
[46.016s][info][gc,stats      ] all workers. Dividing the <total> over the root stage time estimates parallelism.
[46.016s][info][gc,stats      ] 
[46.016s][info][gc,stats      ] Concurrent Reset                   1228 us
[46.016s][info][gc,stats      ] Pause Init Mark (G)                3683 us
[46.016s][info][gc,stats      ] Pause Init Mark (N)                1328 us
[46.016s][info][gc,stats      ]   Accumulate Stats                    8 us
[46.016s][info][gc,stats      ]   Make Parsable                      11 us
[46.016s][info][gc,stats      ]   Update Region States               34 us
[46.016s][info][gc,stats      ]   Scan Roots                       1229 us, parallelism: 0.76x
[46.016s][info][gc,stats      ]     S: <total>                      930 us
[46.016s][info][gc,stats      ]     S: Thread Roots                 343 us, workers (us): 343, 
[46.016s][info][gc,stats      ]     S: Universe Roots                 2 us, workers (us):   2, 
[46.016s][info][gc,stats      ]     S: JNI Handles Roots              2 us, workers (us):   2, 
[46.016s][info][gc,stats      ]     S: Synchronizer Roots             0 us, workers (us):   0, 
[46.016s][info][gc,stats      ]     S: Management Roots               2 us, workers (us):   2, 
[46.016s][info][gc,stats      ]     S: System Dict Roots             15 us, workers (us):  15, 
[46.016s][info][gc,stats      ]     S: CLDG Roots                   566 us, workers (us): 566, 
[46.016s][info][gc,stats      ]     S: JVMTI Roots                    1 us, workers (us):   1, 
[46.016s][info][gc,stats      ]   Resize TLABs                        5 us
[46.016s][info][gc,stats      ] Concurrent Marking               373625 us
[46.016s][info][gc,stats      ] Pause Final Mark (G)                488 us
[46.016s][info][gc,stats      ] Pause Final Mark (N)                368 us
[46.016s][info][gc,stats      ]   Finish Queues                      13 us
[46.016s][info][gc,stats      ]   System Purge                      262 us
[46.016s][info][gc,stats      ]     Weak Roots                      262 us
[46.016s][info][gc,stats      ]   Update Region States               37 us
[46.016s][info][gc,stats      ]   Retire TLABs                        7 us
[46.016s][info][gc,stats      ]   Choose Collection Set              32 us
[46.016s][info][gc,stats      ]   Rebuild Free Set                    9 us
[46.016s][info][gc,stats      ] Concurrent Cleanup                  100 us
[46.016s][info][gc,stats      ] 
[46.016s][info][gc,stats      ] Allocation pacing accrued:
[46.016s][info][gc,stats      ]       0 of  3372 ms (  0.0%): <total>
[46.016s][info][gc,stats      ]       0 of  3372 ms (  0.0%): <average total>
[46.016s][info][gc,stats      ] 
[46.016s][info][gc,metaspace  ] Metaspace: 63497K->63497K(1105920K)
[46.016s][info][gc,ergo       ] Pacer for Idle. Initial: 25600K, Alloc Tax Rate: 1.0x
[52.388s][info][gc            ] Trigger: Average GC time (999.99 ms) is above the time for allocation rate (124 MB/s) to deplete free headroom (123M)
[52.389s][info][gc,ergo       ] Free headroom: 186M (free) - 64000K (spike) - 0B (penalties) = 123M
[52.389s][info][gc,ergo       ] Free: 186M, Max: 512K regular, 123M humongous, Frag: 34% external, 0% internal; Reserve: 64000K, Max: 512K
[52.389s][info][gc,start      ] GC(19) Concurrent reset
[52.389s][info][gc,task       ] GC(19) Using 1 of 1 workers for concurrent reset
[52.389s][info][gc,ergo       ] GC(19) Pacer for Reset. Non-Taxable: 1250M
[52.389s][info][gc            ] GC(19) Concurrent reset 0.287ms
[52.391s][info][gc,start      ] GC(19) Pause Init Mark
[52.391s][info][gc,task       ] GC(19) Using 1 of 1 workers for init marking
[52.393s][info][gc,ergo       ] GC(19) Pacer for Mark. Expected Live: 171M, Free: 186M, Non-Taxable: 19070K, Alloc Tax Rate: 1.1x
[52.393s][info][gc            ] GC(19) Pause Init Mark 1.601ms
[52.393s][info][gc,start      ] GC(19) Concurrent marking
[52.393s][info][gc,task       ] GC(19) Using 1 of 1 workers for concurrent marking
[52.950s][info][gc            ] GC(19) Concurrent marking 557.123ms
[52.950s][info][gc,start      ] GC(19) Pause Final Mark
[52.950s][info][gc,task       ] GC(19) Using 1 of 1 workers for final marking
[52.951s][info][gc,ergo       ] GC(19) Adaptive CSet Selection. Target Free: 177M, Actual Free: 962M, Max CSet: 53333K, Min Garbage: 0B
[52.951s][info][gc,ergo       ] GC(19) Collectable Garbage: 828M (99%), Immediate: 744M (89%), CSet: 85663K (10%)
[52.953s][info][gc,ergo       ] GC(19) Pacer for Evacuation. Used CSet: 99953K, Free: 919M, Non-Taxable: 94129K, Alloc Tax Rate: 1.1x
[52.953s][info][gc            ] GC(19) Pause Final Mark 2.646ms
[52.956s][info][gc,start      ] GC(19) Concurrent cleanup
[52.956s][info][gc            ] GC(19) Concurrent cleanup 1010M->267M(1250M) 0.149ms
[52.956s][info][gc,ergo       ] GC(19) Free: 918M, Max: 512K regular, 123M humongous, Frag: 87% external, 0% internal; Reserve: 63871K, Max: 512K
[52.956s][info][gc,start      ] GC(19) Concurrent evacuation
[52.956s][info][gc,task       ] GC(19) Using 1 of 1 workers for concurrent evacuation
[53.006s][info][gc            ] GC(19) Concurrent evacuation 49.555ms
[53.009s][info][gc,start      ] GC(19) Pause Init Update Refs
[53.009s][info][gc,ergo       ] GC(19) Pacer for Update Refs. Used: 283M, Free: 915M, Non-Taxable: 93771K, Alloc Tax Rate: 1.1x
[53.009s][info][gc            ] GC(19) Pause Init Update Refs 0.053ms
[53.009s][info][gc,start      ] GC(19) Concurrent update references
[53.009s][info][gc,task       ] GC(19) Using 1 of 1 workers for concurrent reference update
[53.369s][info][gc            ] GC(19) Concurrent update references 359.684ms
[53.375s][info][gc,start      ] GC(19) Pause Final Update Refs
[53.376s][info][gc,task       ] GC(19) Using 1 of 1 workers for final reference update
[53.376s][info][gc            ] GC(19) Pause Final Update Refs 0.442ms
[53.376s][info][gc,start      ] GC(19) Concurrent cleanup
[53.376s][info][gc            ] GC(19) Concurrent cleanup 307M->210M(1250M) 0.058ms
[53.376s][info][gc,ergo       ] Free: 974M, Max: 512K regular, 536M humongous, Frag: 45% external, 0% internal; Reserve: 64000K, Max: 512K
[53.376s][info][gc,stats      ] 
[53.376s][info][gc,stats      ] All times are wall-clock times, except per-root-class counters, that are sum over
[53.376s][info][gc,stats      ] all workers. Dividing the <total> over the root stage time estimates parallelism.
[53.376s][info][gc,stats      ] 
[53.376s][info][gc,stats      ] Concurrent Reset                    272 us
[53.376s][info][gc,stats      ] Pause Init Mark (G)                3773 us
[53.376s][info][gc,stats      ] Pause Init Mark (N)                1564 us
[53.376s][info][gc,stats      ]   Accumulate Stats                    8 us
[53.376s][info][gc,stats      ]   Make Parsable                      12 us
[53.376s][info][gc,stats      ]   Update Region States               56 us
[53.376s][info][gc,stats      ]   Scan Roots                       1434 us, parallelism: 0.77x
[53.376s][info][gc,stats      ]     S: <total>                     1099 us
[53.376s][info][gc,stats      ]     S: Thread Roots                 392 us, workers (us): 392, 
[53.376s][info][gc,stats      ]     S: Universe Roots                 2 us, workers (us):   2, 
[53.376s][info][gc,stats      ]     S: JNI Handles Roots              2 us, workers (us):   2, 
[53.376s][info][gc,stats      ]     S: Synchronizer Roots             0 us, workers (us):   0, 
[53.376s][info][gc,stats      ]     S: Management Roots               2 us, workers (us):   2, 
[53.376s][info][gc,stats      ]     S: System Dict Roots             24 us, workers (us):  24, 
[53.376s][info][gc,stats      ]     S: CLDG Roots                   675 us, workers (us): 675, 
[53.376s][info][gc,stats      ]     S: JVMTI Roots                    1 us, workers (us):   1, 
[53.376s][info][gc,stats      ]   Resize TLABs                        7 us
[53.376s][info][gc,stats      ] Concurrent Marking               557114 us
[53.376s][info][gc,stats      ] Pause Final Mark (G)               6062 us
[53.376s][info][gc,stats      ] Pause Final Mark (N)               2629 us
[53.376s][info][gc,stats      ]   Finish Queues                      10 us
[53.376s][info][gc,stats      ]   System Purge                      314 us
[53.376s][info][gc,stats      ]     Weak Roots                      314 us
[53.376s][info][gc,stats      ]   Update Region States               37 us
[53.376s][info][gc,stats      ]   Retire TLABs                        8 us
[53.376s][info][gc,stats      ]   Choose Collection Set              87 us
[53.376s][info][gc,stats      ]   Rebuild Free Set                    9 us
[53.376s][info][gc,stats      ]   Initial Evacuation               2154 us, parallelism: 0.65x
[53.376s][info][gc,stats      ]     E: <total>                     1390 us
[53.376s][info][gc,stats      ]     E: Thread Roots                 282 us, workers (us): 282, 
[53.376s][info][gc,stats      ]     E: Code Cache Roots             478 us, workers (us): 478, 
[53.376s][info][gc,stats      ]     E: Universe Roots                 1 us, workers (us):   1, 
[53.376s][info][gc,stats      ]     E: JNI Handles Roots              1 us, workers (us):   1, 
[53.376s][info][gc,stats      ]     E: Synchronizer Roots             0 us, workers (us):   0, 
[53.376s][info][gc,stats      ]     E: Management Roots               1 us, workers (us):   1, 
[53.376s][info][gc,stats      ]     E: System Dict Roots             14 us, workers (us):  14, 
[53.376s][info][gc,stats      ]     E: CLDG Roots                   613 us, workers (us): 613, 
[53.376s][info][gc,stats      ]     E: JVMTI Roots                    0 us, workers (us):   0, 
[53.376s][info][gc,stats      ] Concurrent Cleanup                  110 us
[53.376s][info][gc,stats      ] Concurrent Evacuation             49543 us
[53.376s][info][gc,stats      ] Pause Init  Update Refs (G)        3497 us
[53.376s][info][gc,stats      ] Pause Init  Update Refs (N)          15 us
[53.376s][info][gc,stats      ]   Retire GCLABs                       5 us
[53.376s][info][gc,stats      ] Concurrent Update Refs           359668 us
[53.376s][info][gc,stats      ] Pause Final Update Refs (G)        6667 us
[53.376s][info][gc,stats      ] Pause Final Update Refs (N)         315 us
[53.376s][info][gc,stats      ]   Update Roots                      244 us, parallelism: 0.96x
[53.376s][info][gc,stats      ]     UR: <total>                     234 us
[53.376s][info][gc,stats      ]     UR: Thread Roots                234 us, workers (us): 234, 
[53.376s][info][gc,stats      ]   Update Region States               44 us
[53.376s][info][gc,stats      ]   Trash Collection Set                3 us
[53.376s][info][gc,stats      ]   Rebuild Free Set                    9 us
[53.376s][info][gc,stats      ] Concurrent Cleanup                   50 us
[53.376s][info][gc,stats      ] Pacing                           168217 us
[53.376s][info][gc,stats      ] 
[53.376s][info][gc,stats      ] Allocation pacing accrued:
[53.376s][info][gc,stats      ]     168 of  7360 ms (  2.3%): Executor task launch worker for task 0.0 in stage 12.0 (TID 18)
[53.376s][info][gc,stats      ]     168 of  7360 ms (  2.3%): <total>
[53.376s][info][gc,stats      ]       3 of  7360 ms (  0.0%): <average total>
[53.376s][info][gc,stats      ]     168 of  7360 ms (  2.3%): <average non-zero>
[53.376s][info][gc,stats      ] 
[53.376s][info][gc,metaspace  ] Metaspace: 64150K->64150K(1105920K)
[53.376s][info][gc,ergo       ] Pacer for Idle. Initial: 25600K, Alloc Tax Rate: 1.0x
[63.348s][info][gc            ] Trigger: Average GC time (1001.04 ms) is above the time for allocation rate (83255 KB/s) to deplete free headroom (82159K)
[63.348s][info][gc,ergo       ] Free headroom: 142M (free) - 64000K (spike) - 0B (penalties) = 82159K
[63.348s][info][gc,ergo       ] Free: 142M, Max: 512K regular, 116M humongous, Frag: 19% external, 0% internal; Reserve: 64000K, Max: 512K
[63.348s][info][gc,start      ] GC(20) Concurrent reset
[63.348s][info][gc,task       ] GC(20) Using 1 of 1 workers for concurrent reset
[63.348s][info][gc,ergo       ] GC(20) Pacer for Reset. Non-Taxable: 1250M
[63.348s][info][gc            ] GC(20) Concurrent reset 0.420ms
[63.351s][info][gc,start      ] GC(20) Pause Init Mark (process weakrefs)
[63.351s][info][gc,task       ] GC(20) Using 1 of 1 workers for init marking
[63.353s][info][gc,ergo       ] GC(20) Pacer for Mark. Expected Live: 173M, Free: 142M, Non-Taxable: 14615K, Alloc Tax Rate: 1.5x
[63.353s][info][gc            ] GC(20) Pause Init Mark (process weakrefs) 1.798ms
[63.353s][info][gc,start      ] GC(20) Concurrent marking (process weakrefs)
[63.353s][info][gc,task       ] GC(20) Using 1 of 1 workers for concurrent marking
[63.838s][info][gc            ] GC(20) Concurrent marking (process weakrefs) 485.543ms
[63.838s][info][gc,start      ] GC(20) Concurrent precleaning
[63.838s][info][gc,task       ] GC(20) Using 1 of 1 workers for concurrent preclean
[63.838s][info][gc,ergo       ] GC(20) Pacer for Precleaning. Non-Taxable: 1250M
[63.839s][info][gc            ] GC(20) Concurrent precleaning 0.585ms
[63.839s][info][gc,start      ] GC(20) Pause Final Mark (process weakrefs)
[63.839s][info][gc,task       ] GC(20) Using 1 of 1 workers for final marking
[63.839s][info][gc,ergo       ] GC(20) Adaptive CSet Selection. Target Free: 177M, Actual Free: 610M, Max CSet: 53333K, Min Garbage: 0B
[63.840s][info][gc,ergo       ] GC(20) Collectable Garbage: 826M (99%), Immediate: 442M (53%), CSet: 384M (46%)
[63.842s][info][gc,ergo       ] GC(20) Pacer for Evacuation. Used CSet: 421M, Free: 576M, Non-Taxable: 59006K, Alloc Tax Rate: 1.8x
[63.842s][info][gc            ] GC(20) Pause Final Mark (process weakrefs) 2.906ms
[63.844s][info][gc,start      ] GC(20) Concurrent cleanup
[63.844s][info][gc            ] GC(20) Concurrent cleanup 1048M->605M(1250M) 0.136ms
[63.844s][info][gc,ergo       ] GC(20) Free: 575M, Max: 512K regular, 111M humongous, Frag: 81% external, 0% internal; Reserve: 63810K, Max: 512K
[63.844s][info][gc,start      ] GC(20) Concurrent evacuation
[63.844s][info][gc,task       ] GC(20) Using 1 of 1 workers for concurrent evacuation
[64.002s][info][gc            ] GC(20) Concurrent evacuation 158.164ms
[64.005s][info][gc,start      ] GC(20) Pause Init Update Refs
[64.005s][info][gc,ergo       ] GC(20) Pacer for Update Refs. Used: 651M, Free: 567M, Non-Taxable: 58135K, Alloc Tax Rate: 1.4x
[64.005s][info][gc            ] GC(20) Pause Init Update Refs 0.054ms
[64.005s][info][gc,start      ] GC(20) Concurrent update references
[64.005s][info][gc,task       ] GC(20) Using 1 of 1 workers for concurrent reference update
[64.571s][info][gc            ] GC(20) Concurrent update references 565.985ms
[64.578s][info][gc,start      ] GC(20) Pause Final Update Refs
[64.578s][info][gc,task       ] GC(20) Using 1 of 1 workers for final reference update
[64.578s][info][gc            ] GC(20) Pause Final Update Refs 0.565ms
[64.578s][info][gc,start      ] GC(20) Concurrent cleanup
[64.578s][info][gc            ] GC(20) Concurrent cleanup 818M->397M(1250M) 0.083ms
[64.578s][info][gc,ergo       ] Free: 779M, Max: 512K regular, 354M humongous, Frag: 55% external, 0% internal; Reserve: 64000K, Max: 512K
[64.578s][info][gc,stats      ] 
[64.578s][info][gc,stats      ] All times are wall-clock times, except per-root-class counters, that are sum over
[64.578s][info][gc,stats      ] all workers. Dividing the <total> over the root stage time estimates parallelism.
[64.578s][info][gc,stats      ] 
[64.578s][info][gc,stats      ] Concurrent Reset                    400 us
[64.578s][info][gc,stats      ] Pause Init Mark (G)                4140 us
[64.578s][info][gc,stats      ] Pause Init Mark (N)                1765 us
[64.578s][info][gc,stats      ]   Accumulate Stats                    9 us
[64.578s][info][gc,stats      ]   Make Parsable                      17 us
[64.578s][info][gc,stats      ]   Update Region States               42 us
[64.578s][info][gc,stats      ]   Scan Roots                       1649 us, parallelism: 0.81x
[64.578s][info][gc,stats      ]     S: <total>                     1337 us
[64.578s][info][gc,stats      ]     S: Thread Roots                 651 us, workers (us): 651, 
[64.578s][info][gc,stats      ]     S: Universe Roots                 2 us, workers (us):   2, 
[64.578s][info][gc,stats      ]     S: JNI Handles Roots              2 us, workers (us):   2, 
[64.578s][info][gc,stats      ]     S: Synchronizer Roots             0 us, workers (us):   0, 
[64.578s][info][gc,stats      ]     S: Management Roots               2 us, workers (us):   2, 
[64.578s][info][gc,stats      ]     S: System Dict Roots             14 us, workers (us):  14, 
[64.578s][info][gc,stats      ]     S: CLDG Roots                   666 us, workers (us): 666, 
[64.578s][info][gc,stats      ]     S: JVMTI Roots                    1 us, workers (us):   1, 
[64.578s][info][gc,stats      ]   Resize TLABs                        7 us
[64.578s][info][gc,stats      ] Concurrent Marking               485534 us
[64.578s][info][gc,stats      ] Concurrent Precleaning              572 us
[64.578s][info][gc,stats      ] Pause Final Mark (G)               5122 us
[64.578s][info][gc,stats      ] Pause Final Mark (N)               2897 us
[64.578s][info][gc,stats      ]   Finish Queues                      10 us
[64.578s][info][gc,stats      ]   Weak References                    49 us
[64.578s][info][gc,stats      ]     Process                          47 us
[64.578s][info][gc,stats      ]   System Purge                      345 us
[64.578s][info][gc,stats      ]     Weak Roots                      345 us
[64.579s][info][gc,stats      ]   Update Region States               39 us
[64.579s][info][gc,stats      ]   Retire TLABs                       11 us
[64.579s][info][gc,stats      ]   Choose Collection Set             171 us
[64.579s][info][gc,stats      ]   Rebuild Free Set                    9 us
[64.579s][info][gc,stats      ]   Initial Evacuation               2258 us, parallelism: 0.60x
[64.579s][info][gc,stats      ]     E: <total>                     1354 us
[64.579s][info][gc,stats      ]     E: Thread Roots                 282 us, workers (us): 282, 
[64.579s][info][gc,stats      ]     E: Code Cache Roots             284 us, workers (us): 284, 
[64.579s][info][gc,stats      ]     E: Universe Roots                 3 us, workers (us):   3, 
[64.579s][info][gc,stats      ]     E: JNI Handles Roots              1 us, workers (us):   1, 
[64.579s][info][gc,stats      ]     E: Synchronizer Roots             0 us, workers (us):   0, 
[64.579s][info][gc,stats      ]     E: Management Roots               1 us, workers (us):   1, 
[64.579s][info][gc,stats      ]     E: System Dict Roots             11 us, workers (us):  11, 
[64.579s][info][gc,stats      ]     E: CLDG Roots                   771 us, workers (us): 771, 
[64.579s][info][gc,stats      ]     E: JVMTI Roots                    0 us, workers (us):   0, 
[64.579s][info][gc,stats      ] Concurrent Cleanup                   88 us
[64.579s][info][gc,stats      ] Concurrent Evacuation            158152 us
[64.579s][info][gc,stats      ] Pause Init  Update Refs (G)        2430 us
[64.579s][info][gc,stats      ] Pause Init  Update Refs (N)          36 us
[64.579s][info][gc,stats      ]   Retire GCLABs                      23 us
[64.579s][info][gc,stats      ] Concurrent Update Refs           565972 us
[64.579s][info][gc,stats      ] Pause Final Update Refs (G)        7245 us
[64.579s][info][gc,stats      ] Pause Final Update Refs (N)         440 us
[64.579s][info][gc,stats      ]   Update Roots                      367 us, parallelism: 0.97x
[64.579s][info][gc,stats      ]     UR: <total>                     355 us
[64.579s][info][gc,stats      ]     UR: Thread Roots                355 us, workers (us): 355, 
[64.579s][info][gc,stats      ]   Update Region States               43 us
[64.579s][info][gc,stats      ]   Trash Collection Set                5 us
[64.579s][info][gc,stats      ]   Rebuild Free Set                   11 us
[64.579s][info][gc,stats      ] Concurrent Cleanup                   75 us
[64.579s][info][gc,stats      ] Pacing                           141259 us
[64.579s][info][gc,stats      ] 
[64.579s][info][gc,stats      ] Allocation pacing accrued:
[64.579s][info][gc,stats      ]     141 of 11202 ms (  1.3%): Executor task launch worker for task 2.0 in stage 12.0 (TID 20)
[64.579s][info][gc,stats      ]     141 of 11202 ms (  1.3%): <total>
[64.579s][info][gc,stats      ]       1 of 11202 ms (  0.0%): <average total>
[64.579s][info][gc,stats      ]     141 of 11202 ms (  1.3%): <average non-zero>
[64.579s][info][gc,stats      ] 
[64.579s][info][gc,metaspace  ] Metaspace: 65886K->65987K(1107968K)
[64.579s][info][gc,ergo       ] Pacer for Idle. Initial: 25600K, Alloc Tax Rate: 1.0x
[65.106s][info][gc            ] Trigger: Average GC time (995.03 ms) is above the time for allocation rate (340 MB/s) to deplete free headroom (337M)
[65.106s][info][gc,ergo       ] Free headroom: 400M (free) - 64000K (spike) - 0B (penalties) = 337M
[65.106s][info][gc,ergo       ] Free: 400M, Max: 512K regular, 137M humongous, Frag: 66% external, 0% internal; Reserve: 64000K, Max: 512K
[65.106s][info][gc,start      ] GC(21) Concurrent reset
[65.106s][info][gc,task       ] GC(21) Using 1 of 1 workers for concurrent reset
[65.106s][info][gc,ergo       ] GC(21) Pacer for Reset. Non-Taxable: 1250M
[65.107s][info][gc            ] GC(21) Concurrent reset 1.041ms
[65.114s][info][gc,start      ] GC(21) Pause Init Mark
[65.114s][info][gc,task       ] GC(21) Using 1 of 1 workers for init marking
[65.116s][info][gc,ergo       ] GC(21) Pacer for Mark. Expected Live: 172M, Free: 400M, Non-Taxable: 41003K, Alloc Tax Rate: 0.5x
[65.116s][info][gc            ] GC(21) Pause Init Mark 1.587ms
[65.116s][info][gc,start      ] GC(21) Concurrent marking
[65.116s][info][gc,task       ] GC(21) Using 1 of 1 workers for concurrent marking
[65.574s][info][gc            ] GC(21) Concurrent marking 458.190ms
[65.574s][info][gc,start      ] GC(21) Pause Final Mark
[65.574s][info][gc,task       ] GC(21) Using 1 of 1 workers for final marking
[65.574s][info][gc,ergo       ] GC(21) Adaptive CSet Selection. Target Free: 177M, Actual Free: 852M, Max CSet: 53333K, Min Garbage: 0B
[65.575s][info][gc,ergo       ] GC(21) Collectable Garbage: 542M (99%), Immediate: 455M (83%), CSet: 89188K (15%)
[65.577s][info][gc,ergo       ] GC(21) Pacer for Evacuation. Used CSet: 108M, Free: 798M, Non-Taxable: 81765K, Alloc Tax Rate: 1.1x
[65.577s][info][gc            ] GC(21) Pause Final Mark 2.810ms
[65.577s][info][gc,start      ] GC(21) Concurrent cleanup
[65.577s][info][gc            ] GC(21) Concurrent cleanup 842M->387M(1250M) 0.093ms
[65.577s][info][gc,ergo       ] GC(21) Free: 798M, Max: 512K regular, 302M humongous, Frag: 63% external, 0% internal; Reserve: 63744K, Max: 512K
[65.577s][info][gc,start      ] GC(21) Concurrent evacuation
[65.577s][info][gc,task       ] GC(21) Using 1 of 1 workers for concurrent evacuation
[65.642s][info][gc            ] GC(21) Concurrent evacuation 64.507ms
[65.644s][info][gc,start      ] GC(21) Pause Init Update Refs
[65.644s][info][gc,ergo       ] GC(21) Pacer for Update Refs. Used: 470M, Free: 736M, Non-Taxable: 75442K, Alloc Tax Rate: 1.1x
[65.644s][info][gc            ] GC(21) Pause Init Update Refs 0.031ms
[65.644s][info][gc,start      ] GC(21) Concurrent update references
[65.644s][info][gc,task       ] GC(21) Using 1 of 1 workers for concurrent reference update
[65.867s][info][gc            ] GC(21) Concurrent update references 222.557ms
[65.867s][info][gc,start      ] GC(21) Pause Final Update Refs
[65.867s][info][gc,task       ] GC(21) Using 1 of 1 workers for final reference update
[65.868s][info][gc            ] GC(21) Pause Final Update Refs 0.414ms
[65.868s][info][gc,start      ] GC(21) Concurrent cleanup
[65.868s][info][gc            ] GC(21) Concurrent cleanup 518M->409M(1250M) 0.056ms
[65.868s][info][gc,ergo       ] Free: 775M, Max: 512K regular, 307M humongous, Frag: 61% external, 0% internal; Reserve: 64000K, Max: 512K
[65.868s][info][gc,stats      ] 
[65.868s][info][gc,stats      ] All times are wall-clock times, except per-root-class counters, that are sum over
[65.868s][info][gc,stats      ] all workers. Dividing the <total> over the root stage time estimates parallelism.
[65.868s][info][gc,stats      ] 
[65.868s][info][gc,stats      ] Concurrent Reset                   1027 us
[65.868s][info][gc,stats      ] Pause Init Mark (G)                8207 us
[65.868s][info][gc,stats      ] Pause Init Mark (N)                1540 us
[65.868s][info][gc,stats      ]   Accumulate Stats                   11 us
[65.868s][info][gc,stats      ]   Make Parsable                      22 us
[65.868s][info][gc,stats      ]   Update Region States               45 us
[65.868s][info][gc,stats      ]   Scan Roots                       1392 us, parallelism: 0.77x
[65.868s][info][gc,stats      ]     S: <total>                     1076 us
[65.868s][info][gc,stats      ]     S: Thread Roots                 387 us, workers (us): 387, 
[65.868s][info][gc,stats      ]     S: Universe Roots                 2 us, workers (us):   2, 
[65.868s][info][gc,stats      ]     S: JNI Handles Roots              2 us, workers (us):   2, 
[65.868s][info][gc,stats      ]     S: Synchronizer Roots             0 us, workers (us):   0, 
[65.868s][info][gc,stats      ]     S: Management Roots               2 us, workers (us):   2, 
[65.868s][info][gc,stats      ]     S: System Dict Roots             13 us, workers (us):  13, 
[65.868s][info][gc,stats      ]     S: CLDG Roots                   669 us, workers (us): 669, 
[65.868s][info][gc,stats      ]     S: JVMTI Roots                    1 us, workers (us):   1, 
[65.868s][info][gc,stats      ]   Resize TLABs                       10 us
[65.868s][info][gc,stats      ] Concurrent Marking               458181 us
[65.868s][info][gc,stats      ] Pause Final Mark (G)               2920 us
[65.868s][info][gc,stats      ] Pause Final Mark (N)               2793 us
[65.868s][info][gc,stats      ]   Finish Queues                      13 us
[65.868s][info][gc,stats      ]   System Purge                      315 us
[65.868s][info][gc,stats      ]     Weak Roots                      315 us
[65.868s][info][gc,stats      ]   Update Region States               42 us
[65.868s][info][gc,stats      ]   Retire TLABs                       17 us
[65.868s][info][gc,stats      ]   Choose Collection Set              99 us
[65.868s][info][gc,stats      ]   Rebuild Free Set                    9 us
[65.868s][info][gc,stats      ]   Initial Evacuation               2289 us, parallelism: 0.68x
[65.868s][info][gc,stats      ]     E: <total>                     1561 us
[65.868s][info][gc,stats      ]     E: Thread Roots                 409 us, workers (us): 409, 
[65.868s][info][gc,stats      ]     E: Code Cache Roots             560 us, workers (us): 560, 
[65.868s][info][gc,stats      ]     E: Universe Roots                 1 us, workers (us):   1, 
[65.868s][info][gc,stats      ]     E: JNI Handles Roots              2 us, workers (us):   2, 
[65.868s][info][gc,stats      ]     E: Synchronizer Roots             0 us, workers (us):   0, 
[65.868s][info][gc,stats      ]     E: Management Roots               1 us, workers (us):   1, 
[65.868s][info][gc,stats      ]     E: System Dict Roots             13 us, workers (us):  13, 
[65.868s][info][gc,stats      ]     E: CLDG Roots                   574 us, workers (us): 574, 
[65.868s][info][gc,stats      ]     E: JVMTI Roots                    0 us, workers (us):   0, 
[65.868s][info][gc,stats      ] Concurrent Cleanup                   85 us
[65.868s][info][gc,stats      ] Concurrent Evacuation             64495 us
[65.868s][info][gc,stats      ] Pause Init  Update Refs (G)        2703 us
[65.868s][info][gc,stats      ] Pause Init  Update Refs (N)          13 us
[65.868s][info][gc,stats      ]   Retire GCLABs                       6 us
[65.868s][info][gc,stats      ] Concurrent Update Refs           222539 us
[65.868s][info][gc,stats      ] Pause Final Update Refs (G)         614 us
[65.868s][info][gc,stats      ] Pause Final Update Refs (N)         378 us
[65.868s][info][gc,stats      ]   Update Roots                      315 us, parallelism: 0.97x
[65.868s][info][gc,stats      ]     UR: <total>                     307 us
[65.868s][info][gc,stats      ]     UR: Thread Roots                307 us, workers (us): 307, 
[65.868s][info][gc,stats      ]   Update Region States               39 us
[65.868s][info][gc,stats      ]   Trash Collection Set                2 us
[65.868s][info][gc,stats      ]   Rebuild Free Set                    8 us
[65.868s][info][gc,stats      ] Concurrent Cleanup                   50 us
[65.868s][info][gc,stats      ] Pacing                           291368 us
[65.868s][info][gc,stats      ] 
[65.868s][info][gc,stats      ] Allocation pacing accrued:
[65.868s][info][gc,stats      ]     216 of  1289 ms ( 16.7%): main
[65.868s][info][gc,stats      ]      13 of  1289 ms (  1.0%): SparkUI-33
[65.868s][info][gc,stats      ]      13 of  1289 ms (  1.0%): SparkUI-34
[65.868s][info][gc,stats      ]      13 of  1289 ms (  1.0%): SparkUI-35
[65.868s][info][gc,stats      ]      13 of  1289 ms (  1.0%): SparkUI-36
[65.868s][info][gc,stats      ]      13 of  1289 ms (  1.0%): SparkUI-37
[65.868s][info][gc,stats      ]      13 of  1289 ms (  1.0%): SparkUI-38
[65.868s][info][gc,stats      ]     291 of  1289 ms ( 22.6%): <total>
[65.868s][info][gc,stats      ]       3 of  1289 ms (  0.2%): <average total>
[65.868s][info][gc,stats      ]      42 of  1289 ms (  3.2%): <average non-zero>
[65.868s][info][gc,stats      ] 
[65.868s][info][gc,metaspace  ] Metaspace: 65992K->66118K(1107968K)
[65.868s][info][gc,ergo       ] Pacer for Idle. Initial: 25600K, Alloc Tax Rate: 1.0x
[65.869s][info][gc            ] Trigger: Explicit GC request (System.gc())
[65.869s][info][gc,ergo       ] Free: 775M, Max: 512K regular, 307M humongous, Frag: 61% external, 0% internal; Reserve: 64000K, Max: 512K
[65.869s][info][gc,start      ] GC(22) Concurrent reset
[65.869s][info][gc,task       ] GC(22) Using 1 of 1 workers for concurrent reset
[65.869s][info][gc,ergo       ] GC(22) Pacer for Reset. Non-Taxable: 1250M
[65.870s][info][gc            ] GC(22) Concurrent reset 0.597ms
[65.870s][info][gc,start      ] GC(22) Pause Init Mark (process weakrefs) (unload classes)
[65.870s][info][gc,task       ] GC(22) Using 1 of 1 workers for init marking
[65.871s][info][gc,ergo       ] GC(22) Pacer for Mark. Expected Live: 180M, Free: 775M, Non-Taxable: 79436K, Alloc Tax Rate: 0.3x
[65.871s][info][gc            ] GC(22) Pause Init Mark (process weakrefs) (unload classes) 0.916ms
[65.871s][info][gc,start      ] GC(22) Concurrent marking (process weakrefs) (unload classes)
[65.871s][info][gc,task       ] GC(22) Using 1 of 1 workers for concurrent marking
[66.045s][info][gc            ] GC(22) Concurrent marking (process weakrefs) (unload classes) 173.892ms
[66.045s][info][gc,start      ] GC(22) Concurrent precleaning
[66.045s][info][gc,task       ] GC(22) Using 1 of 1 workers for concurrent preclean
[66.045s][info][gc,ergo       ] GC(22) Pacer for Precleaning. Non-Taxable: 1250M
[66.045s][info][gc            ] GC(22) Concurrent precleaning 0.406ms
[66.045s][info][gc,start      ] GC(22) Pause Final Mark (process weakrefs) (unload classes)
[66.045s][info][gc,task       ] GC(22) Using 1 of 1 workers for final marking
[66.074s][info][gc,stringtable] GC(22) Cleaned string and symbol table, strings: 19808 processed, 0 removed, symbols: 140006 processed, 110 removed
[66.075s][info][gc,ergo       ] GC(22) Collectable Garbage: 252M (93%), Immediate: 252M (93%), CSet: 0B (0%)
[66.075s][info][gc            ] GC(22) Pause Final Mark (process weakrefs) (unload classes) 29.254ms
[66.075s][info][gc,start      ] GC(22) Concurrent cleanup
[66.075s][info][gc            ] GC(22) Concurrent cleanup 409M->157M(1250M) 0.068ms
[66.075s][info][gc,ergo       ] GC(22) Free: 1028M, Max: 512K regular, 351M humongous, Frag: 66% external, 0% internal; Reserve: 64000K, Max: 512K
[66.075s][info][gc,ergo       ] Free: 1028M, Max: 512K regular, 351M humongous, Frag: 66% external, 0% internal; Reserve: 64000K, Max: 512K
[66.075s][info][gc,stats      ] 
[66.075s][info][gc,stats      ] All times are wall-clock times, except per-root-class counters, that are sum over
[66.075s][info][gc,stats      ] all workers. Dividing the <total> over the root stage time estimates parallelism.
[66.075s][info][gc,stats      ] 
[66.075s][info][gc,stats      ] Concurrent Reset                    583 us
[66.075s][info][gc,stats      ] Pause Init Mark (G)                1143 us
[66.075s][info][gc,stats      ] Pause Init Mark (N)                 905 us
[66.075s][info][gc,stats      ]   Accumulate Stats                   12 us
[66.075s][info][gc,stats      ]   Make Parsable                      10 us
[66.075s][info][gc,stats      ]   Update Region States               29 us
[66.075s][info][gc,stats      ]   Scan Roots                        819 us, parallelism: 0.55x
[66.075s][info][gc,stats      ]     S: <total>                      452 us
[66.075s][info][gc,stats      ]     S: Thread Roots                 315 us, workers (us): 315, 
[66.075s][info][gc,stats      ]     S: Universe Roots                 2 us, workers (us):   2, 
[66.075s][info][gc,stats      ]     S: JNI Handles Roots              2 us, workers (us):   2, 
[66.075s][info][gc,stats      ]     S: Synchronizer Roots             0 us, workers (us):   0, 
[66.075s][info][gc,stats      ]     S: Management Roots               2 us, workers (us):   2, 
[66.075s][info][gc,stats      ]     S: System Dict Roots             14 us, workers (us):  14, 
[66.075s][info][gc,stats      ]     S: CLDG Roots                   117 us, workers (us): 117, 
[66.075s][info][gc,stats      ]     S: JVMTI Roots                    1 us, workers (us):   1, 
[66.075s][info][gc,stats      ]   Resize TLABs                        4 us
[66.075s][info][gc,stats      ] Concurrent Marking               173884 us
[66.075s][info][gc,stats      ] Concurrent Precleaning              397 us
[66.075s][info][gc,stats      ] Pause Final Mark (G)              29380 us
[66.075s][info][gc,stats      ] Pause Final Mark (N)              29245 us
[66.075s][info][gc,stats      ]   Finish Queues                      69 us
[66.075s][info][gc,stats      ]   Weak References                   105 us
[66.075s][info][gc,stats      ]     Process                         103 us
[66.075s][info][gc,stats      ]   System Purge                      278 us
[66.075s][info][gc,stats      ]     Unload Classes                 1281 us
[66.075s][info][gc,stats      ]     Cleanup                       27054 us, parallelism: 1.00x
[66.075s][info][gc,stats      ]       CU: <total>                 26924 us
[66.075s][info][gc,stats      ]       CU: Code Cache Roots        10415 us, workers (us): 10415, 
[66.075s][info][gc,stats      ]       CU: Code Cache Cleaning      1884 us, workers (us): 1884, 
[66.075s][info][gc,stats      ]       CU: String Table Roots       7595 us, workers (us): 7595, 
[66.075s][info][gc,stats      ]       CU: Resolved Table Roots      142 us, workers (us): 142, 
[66.075s][info][gc,stats      ]       CU: CLDG Roots               6889 us, workers (us): 6889, 
[66.075s][info][gc,stats      ]     Weak Roots                      278 us
[66.075s][info][gc,stats      ]     CLDG                            318 us
[66.075s][info][gc,stats      ]   Update Region States               68 us
[66.075s][info][gc,stats      ]   Retire TLABs                       29 us
[66.075s][info][gc,stats      ]   Choose Collection Set              25 us
[66.075s][info][gc,stats      ]   Rebuild Free Set                   10 us
[66.075s][info][gc,stats      ] Concurrent Cleanup                   60 us
[66.075s][info][gc,stats      ] 
[66.075s][info][gc,stats      ] Allocation pacing accrued:
[66.075s][info][gc,stats      ]       0 of   207 ms (  0.0%): <total>
[66.075s][info][gc,stats      ]       0 of   207 ms (  0.0%): <average total>
[66.075s][info][gc,stats      ] 
[66.075s][info][gc,metaspace  ] Metaspace: 66118K->65560K(1107968K)
[66.075s][info][gc,ergo       ] Pacer for Idle. Initial: 25600K, Alloc Tax Rate: 1.0x
[66.075s][info][gc,start      ] Concurrent uncommit
[66.124s][info][gc            ] Concurrent uncommit 157M->157M(159M) 49.086ms
[67.264s][info][gc            ] Trigger: Learning 2 of 5. Free (874M) is below initial threshold (875M)
[67.264s][info][gc,ergo       ] Free: 874M, Max: 512K regular, 351M humongous, Frag: 60% external, 0% internal; Reserve: 64000K, Max: 512K
[67.264s][info][gc,start      ] GC(23) Concurrent reset
[67.264s][info][gc,task       ] GC(23) Using 1 of 1 workers for concurrent reset
[67.264s][info][gc,ergo       ] GC(23) Pacer for Reset. Non-Taxable: 1250M
[67.264s][info][gc            ] GC(23) Concurrent reset 0.397ms
[67.271s][info][gc,start      ] GC(23) Pause Init Mark
[67.271s][info][gc,task       ] GC(23) Using 1 of 1 workers for init marking
[67.274s][info][gc,ergo       ] GC(23) Pacer for Mark. Expected Live: 168M, Free: 874M, Non-Taxable: 89599K, Alloc Tax Rate: 0.2x
[67.274s][info][gc            ] GC(23) Pause Init Mark 3.785ms
[67.275s][info][gc,start      ] GC(23) Concurrent marking
[67.275s][info][gc,task       ] GC(23) Using 1 of 1 workers for concurrent marking
[67.796s][info][gc            ] GC(23) Concurrent marking 521.313ms
[67.796s][info][gc,start      ] GC(23) Pause Final Mark
[67.796s][info][gc,task       ] GC(23) Using 1 of 1 workers for final marking
[67.797s][info][gc,ergo       ] GC(23) Adaptive CSet Selection. Target Free: 177M, Actual Free: 879M, Max CSet: 53333K, Min Garbage: 0B
[67.797s][info][gc,ergo       ] GC(23) Collectable Garbage: 131M (98%), Immediate: 15424K (11%), CSet: 116M (86%)
[67.800s][info][gc,ergo       ] GC(23) Pacer for Evacuation. Used CSet: 148M, Free: 819M, Non-Taxable: 83940K, Alloc Tax Rate: 1.1x
[67.800s][info][gc            ] GC(23) Pause Final Mark 4.258ms
[67.800s][info][gc,start      ] GC(23) Concurrent cleanup
[67.800s][info][gc            ] GC(23) Concurrent cleanup 380M->365M(387M) 0.054ms
[67.800s][info][gc,ergo       ] GC(23) Free: 819M, Max: 512K regular, 345M humongous, Frag: 58% external, 0% internal; Reserve: 62976K, Max: 512K
[67.800s][info][gc,start      ] GC(23) Concurrent evacuation
[67.800s][info][gc,task       ] GC(23) Using 1 of 1 workers for concurrent evacuation
[67.880s][info][gc            ] GC(23) Concurrent evacuation 79.444ms
[67.883s][info][gc,start      ] GC(23) Pause Init Update Refs
[67.883s][info][gc,ergo       ] GC(23) Pacer for Update Refs. Used: 407M, Free: 808M, Non-Taxable: 82814K, Alloc Tax Rate: 1.1x
[67.883s][info][gc            ] GC(23) Pause Init Update Refs 0.059ms
[67.883s][info][gc,start      ] GC(23) Concurrent update references
[67.883s][info][gc,task       ] GC(23) Using 1 of 1 workers for concurrent reference update
[68.204s][info][gc            ] GC(23) Concurrent update references 321.216ms
[68.207s][info][gc,start      ] GC(23) Pause Final Update Refs
[68.207s][info][gc,task       ] GC(23) Using 1 of 1 workers for final reference update
[68.207s][info][gc            ] GC(23) Pause Final Update Refs 0.509ms
[68.212s][info][gc,start      ] GC(23) Concurrent cleanup
[68.213s][info][gc            ] GC(23) Concurrent cleanup 453M->306M(457M) 0.100ms
[68.213s][info][gc,ergo       ] Free: 877M, Max: 512K regular, 311M humongous, Frag: 65% external, 0% internal; Reserve: 64000K, Max: 512K
[68.213s][info][gc,stats      ] 
[68.213s][info][gc,stats      ] All times are wall-clock times, except per-root-class counters, that are sum over
[68.213s][info][gc,stats      ] all workers. Dividing the <total> over the root stage time estimates parallelism.
[68.213s][info][gc,stats      ] 
[68.213s][info][gc,stats      ] Concurrent Reset                    375 us
[68.213s][info][gc,stats      ] Pause Init Mark (G)               10156 us
[68.213s][info][gc,stats      ] Pause Init Mark (N)                3733 us
[68.213s][info][gc,stats      ]   Accumulate Stats                   14 us
[68.213s][info][gc,stats      ]   Make Parsable                      20 us
[68.213s][info][gc,stats      ]   Update Region States               48 us
[68.213s][info][gc,stats      ]   Scan Roots                       3586 us, parallelism: 0.91x
[68.213s][info][gc,stats      ]     S: <total>                     3274 us
[68.213s][info][gc,stats      ]     S: Thread Roots                 516 us, workers (us): 516, 
[68.213s][info][gc,stats      ]     S: Universe Roots                 2 us, workers (us):   2, 
[68.213s][info][gc,stats      ]     S: JNI Handles Roots              2 us, workers (us):   2, 
[68.213s][info][gc,stats      ]     S: Synchronizer Roots             0 us, workers (us):   0, 
[68.213s][info][gc,stats      ]     S: Management Roots               2 us, workers (us):   2, 
[68.213s][info][gc,stats      ]     S: System Dict Roots             13 us, workers (us):  13, 
[68.213s][info][gc,stats      ]     S: CLDG Roots                  2738 us, workers (us): 2738, 
[68.213s][info][gc,stats      ]     S: JVMTI Roots                    1 us, workers (us):   1, 
[68.213s][info][gc,stats      ]   Resize TLABs                       16 us
[68.213s][info][gc,stats      ] Concurrent Marking               521304 us
[68.213s][info][gc,stats      ] Pause Final Mark (G)               4382 us
[68.213s][info][gc,stats      ] Pause Final Mark (N)               4240 us
[68.213s][info][gc,stats      ]   Finish Queues                      14 us
[68.213s][info][gc,stats      ]   System Purge                      365 us
[68.213s][info][gc,stats      ]     Weak Roots                      365 us
[68.213s][info][gc,stats      ]   Update Region States               42 us
[68.213s][info][gc,stats      ]   Retire TLABs                       17 us
[68.213s][info][gc,stats      ]   Choose Collection Set              90 us
[68.213s][info][gc,stats      ]   Rebuild Free Set                   10 us
[68.213s][info][gc,stats      ]   Initial Evacuation               3694 us, parallelism: 0.69x
[68.213s][info][gc,stats      ]     E: <total>                     2559 us
[68.213s][info][gc,stats      ]     E: Thread Roots                 483 us, workers (us): 483, 
[68.213s][info][gc,stats      ]     E: Code Cache Roots            1218 us, workers (us): 1218, 
[68.213s][info][gc,stats      ]     E: Universe Roots                 1 us, workers (us):   1, 
[68.213s][info][gc,stats      ]     E: JNI Handles Roots              2 us, workers (us):   2, 
[68.213s][info][gc,stats      ]     E: Synchronizer Roots             0 us, workers (us):   0, 
[68.213s][info][gc,stats      ]     E: Management Roots               2 us, workers (us):   2, 
[68.213s][info][gc,stats      ]     E: System Dict Roots             40 us, workers (us):  40, 
[68.213s][info][gc,stats      ]     E: CLDG Roots                   812 us, workers (us): 812, 
[68.213s][info][gc,stats      ]     E: JVMTI Roots                    1 us, workers (us):   1, 
[68.213s][info][gc,stats      ] Concurrent Cleanup                   45 us
[68.213s][info][gc,stats      ] Concurrent Evacuation             79430 us
[68.213s][info][gc,stats      ] Pause Init  Update Refs (G)        2758 us
[68.213s][info][gc,stats      ] Pause Init  Update Refs (N)          17 us
[68.213s][info][gc,stats      ]   Retire GCLABs                       8 us
[68.213s][info][gc,stats      ] Concurrent Update Refs           321200 us
[68.213s][info][gc,stats      ] Pause Final Update Refs (G)        8427 us
[68.213s][info][gc,stats      ] Pause Final Update Refs (N)         417 us
[68.213s][info][gc,stats      ]   Update Roots                      348 us, parallelism: 0.98x
[68.213s][info][gc,stats      ]     UR: <total>                     340 us
[68.213s][info][gc,stats      ]     UR: Thread Roots                340 us, workers (us): 340, 
[68.213s][info][gc,stats      ]   Update Region States               41 us
[68.213s][info][gc,stats      ]   Trash Collection Set                3 us
[68.213s][info][gc,stats      ]   Rebuild Free Set                    9 us
[68.213s][info][gc,stats      ] Concurrent Cleanup                   57 us
[68.213s][info][gc,stats      ] 
[68.213s][info][gc,stats      ] Allocation pacing accrued:
[68.213s][info][gc,stats      ]       0 of  2138 ms (  0.0%): <total>
[68.213s][info][gc,stats      ]       0 of  2138 ms (  0.0%): <average total>
[68.213s][info][gc,stats      ] 
[68.213s][info][gc,metaspace  ] Metaspace: 66060K->66064K(1107968K)
[68.213s][info][gc,ergo       ] Pacer for Idle. Initial: 25600K, Alloc Tax Rate: 1.0x
[68.220s][info][gc            ] Trigger: Learning 3 of 5. Free (874M) is below initial threshold (875M)
[68.220s][info][gc,ergo       ] Free: 874M, Max: 512K regular, 311M humongous, Frag: 65% external, 0% internal; Reserve: 64000K, Max: 512K
[68.220s][info][gc,start      ] GC(24) Concurrent reset
[68.220s][info][gc,task       ] GC(24) Using 1 of 1 workers for concurrent reset
[68.220s][info][gc,ergo       ] GC(24) Pacer for Reset. Non-Taxable: 1250M
[68.221s][info][gc            ] GC(24) Concurrent reset 0.502ms
[68.223s][info][gc,start      ] GC(24) Pause Init Mark
[68.223s][info][gc,task       ] GC(24) Using 1 of 1 workers for init marking
[68.225s][info][gc,ergo       ] GC(24) Pacer for Mark. Expected Live: 174M, Free: 874M, Non-Taxable: 89572K, Alloc Tax Rate: 0.2x
[68.225s][info][gc            ] GC(24) Pause Init Mark 1.559ms
[68.225s][info][gc,start      ] GC(24) Concurrent marking
[68.225s][info][gc,task       ] GC(24) Using 1 of 1 workers for concurrent marking
[68.762s][info][gc            ] GC(24) Concurrent marking 537.349ms
[68.763s][info][gc,start      ] GC(24) Pause Final Mark
[68.763s][info][gc,task       ] GC(24) Using 1 of 1 workers for final marking
[68.763s][info][gc,ergo       ] GC(24) Adaptive CSet Selection. Target Free: 177M, Actual Free: 849M, Max CSet: 53333K, Min Garbage: 0B
[68.763s][info][gc,ergo       ] GC(24) Collectable Garbage: 121M (97%), Immediate: 3072K (2%), CSet: 118M (95%)
[68.765s][info][gc,ergo       ] GC(24) Pacer for Evacuation. Used CSet: 130M, Free: 787M, Non-Taxable: 80663K, Alloc Tax Rate: 1.1x
[68.765s][info][gc            ] GC(24) Pause Final Mark 2.483ms
[68.765s][info][gc,start      ] GC(24) Concurrent cleanup
[68.765s][info][gc            ] GC(24) Concurrent cleanup 400M->397M(457M) 0.052ms
[68.765s][info][gc,ergo       ] GC(24) Free: 787M, Max: 512K regular, 311M humongous, Frag: 61% external, 0% internal; Reserve: 64000K, Max: 512K
[68.765s][info][gc,start      ] GC(24) Concurrent evacuation
[68.765s][info][gc,task       ] GC(24) Using 1 of 1 workers for concurrent evacuation
[68.800s][info][gc            ] GC(24) Concurrent evacuation 34.370ms
[68.802s][info][gc,start      ] GC(24) Pause Init Update Refs
[68.802s][info][gc,ergo       ] GC(24) Pacer for Update Refs. Used: 414M, Free: 782M, Non-Taxable: 80100K, Alloc Tax Rate: 1.1x
[68.802s][info][gc            ] GC(24) Pause Init Update Refs 0.052ms
[68.802s][info][gc,start      ] GC(24) Concurrent update references
[68.802s][info][gc,task       ] GC(24) Using 1 of 1 workers for concurrent reference update
[69.185s][info][gc            ] GC(24) Concurrent update references 383.097ms
[69.188s][info][gc,start      ] GC(24) Pause Final Update Refs
[69.188s][info][gc,task       ] GC(24) Using 1 of 1 workers for final reference update
[69.189s][info][gc            ] GC(24) Pause Final Update Refs 0.466ms
[69.189s][info][gc,start      ] GC(24) Concurrent cleanup
[69.189s][info][gc            ] GC(24) Concurrent cleanup 473M->343M(486M) 0.059ms
[69.189s][info][gc,ergo       ] Free: 841M, Max: 512K regular, 286M humongous, Frag: 66% external, 0% internal; Reserve: 64000K, Max: 512K
[69.189s][info][gc,stats      ] 
[69.189s][info][gc,stats      ] All times are wall-clock times, except per-root-class counters, that are sum over
[69.189s][info][gc,stats      ] all workers. Dividing the <total> over the root stage time estimates parallelism.
[69.189s][info][gc,stats      ] 
[69.189s][info][gc,stats      ] Concurrent Reset                    491 us
[69.189s][info][gc,stats      ] Pause Init Mark (G)                4145 us
[69.189s][info][gc,stats      ] Pause Init Mark (N)                1532 us
[69.189s][info][gc,stats      ]   Accumulate Stats                   14 us
[69.189s][info][gc,stats      ]   Make Parsable                      11 us
[69.189s][info][gc,stats      ]   Update Region States               33 us
[69.189s][info][gc,stats      ]   Scan Roots                       1423 us, parallelism: 0.78x
[69.189s][info][gc,stats      ]     S: <total>                     1112 us
[69.189s][info][gc,stats      ]     S: Thread Roots                 420 us, workers (us): 420, 
[69.189s][info][gc,stats      ]     S: Universe Roots                 3 us, workers (us):   3, 
[69.189s][info][gc,stats      ]     S: JNI Handles Roots              2 us, workers (us):   2, 
[69.189s][info][gc,stats      ]     S: Synchronizer Roots             0 us, workers (us):   0, 
[69.189s][info][gc,stats      ]     S: Management Roots               2 us, workers (us):   2, 
[69.189s][info][gc,stats      ]     S: System Dict Roots             25 us, workers (us):  25, 
[69.189s][info][gc,stats      ]     S: CLDG Roots                   660 us, workers (us): 660, 
[69.189s][info][gc,stats      ]     S: JVMTI Roots                    1 us, workers (us):   1, 
[69.189s][info][gc,stats      ]   Resize TLABs                       11 us
[69.189s][info][gc,stats      ] Concurrent Marking               537339 us
[69.189s][info][gc,stats      ] Pause Final Mark (G)               2634 us
[69.189s][info][gc,stats      ] Pause Final Mark (N)               2460 us
[69.189s][info][gc,stats      ]   Finish Queues                      18 us
[69.189s][info][gc,stats      ]   System Purge                      274 us
[69.189s][info][gc,stats      ]     Weak Roots                      274 us
[69.189s][info][gc,stats      ]   Update Region States               44 us
[69.189s][info][gc,stats      ]   Retire TLABs                       13 us
[69.189s][info][gc,stats      ]   Choose Collection Set              85 us
[69.189s][info][gc,stats      ]   Rebuild Free Set                    9 us
[69.189s][info][gc,stats      ]   Initial Evacuation               2008 us, parallelism: 0.64x
[69.189s][info][gc,stats      ]     E: <total>                     1290 us
[69.189s][info][gc,stats      ]     E: Thread Roots                 480 us, workers (us): 480, 
[69.189s][info][gc,stats      ]     E: Code Cache Roots             280 us, workers (us): 280, 
[69.189s][info][gc,stats      ]     E: Universe Roots                 1 us, workers (us):   1, 
[69.189s][info][gc,stats      ]     E: JNI Handles Roots              1 us, workers (us):   1, 
[69.189s][info][gc,stats      ]     E: Synchronizer Roots             0 us, workers (us):   0, 
[69.189s][info][gc,stats      ]     E: Management Roots               1 us, workers (us):   1, 
[69.189s][info][gc,stats      ]     E: System Dict Roots             11 us, workers (us):  11, 
[69.189s][info][gc,stats      ]     E: CLDG Roots                   516 us, workers (us): 516, 
[69.189s][info][gc,stats      ]     E: JVMTI Roots                    0 us, workers (us):   0, 
[69.189s][info][gc,stats      ] Concurrent Cleanup                   44 us
[69.189s][info][gc,stats      ] Concurrent Evacuation             34358 us
[69.189s][info][gc,stats      ] Pause Init  Update Refs (G)        2622 us
[69.189s][info][gc,stats      ] Pause Init  Update Refs (N)          16 us
[69.189s][info][gc,stats      ]   Retire GCLABs                       8 us
[69.189s][info][gc,stats      ] Concurrent Update Refs           383081 us
[69.189s][info][gc,stats      ] Pause Final Update Refs (G)        3023 us
[69.189s][info][gc,stats      ] Pause Final Update Refs (N)         419 us
[69.189s][info][gc,stats      ]   Update Roots                      353 us, parallelism: 0.97x
[69.189s][info][gc,stats      ]     UR: <total>                     343 us
[69.189s][info][gc,stats      ]     UR: Thread Roots                343 us, workers (us): 343, 
[69.189s][info][gc,stats      ]   Update Region States               41 us
[69.189s][info][gc,stats      ]   Trash Collection Set                3 us
[69.189s][info][gc,stats      ]   Rebuild Free Set                    9 us
[69.189s][info][gc,stats      ] Concurrent Cleanup                   51 us
[69.189s][info][gc,stats      ] 
[69.189s][info][gc,stats      ] Allocation pacing accrued:
[69.189s][info][gc,stats      ]       0 of   976 ms (  0.0%): <total>
[69.189s][info][gc,stats      ]       0 of   976 ms (  0.0%): <average total>
[69.189s][info][gc,stats      ] 
[69.189s][info][gc,metaspace  ] Metaspace: 66064K->66064K(1107968K)
[69.189s][info][gc,ergo       ] Pacer for Idle. Initial: 25600K, Alloc Tax Rate: 1.0x
[69.191s][info][gc            ] Trigger: Learning 4 of 5. Free (840M) is below initial threshold (875M)
[69.191s][info][gc,ergo       ] Free: 840M, Max: 512K regular, 286M humongous, Frag: 66% external, 0% internal; Reserve: 64000K, Max: 512K
[69.191s][info][gc,start      ] GC(25) Concurrent reset
[69.191s][info][gc,task       ] GC(25) Using 1 of 1 workers for concurrent reset
[69.191s][info][gc,ergo       ] GC(25) Pacer for Reset. Non-Taxable: 1250M
[69.195s][info][gc            ] GC(25) Concurrent reset 3.912ms
[69.197s][info][gc,start      ] GC(25) Pause Init Mark (process weakrefs)
[69.197s][info][gc,task       ] GC(25) Using 1 of 1 workers for init marking
[69.199s][info][gc,ergo       ] GC(25) Pacer for Mark. Expected Live: 181M, Free: 839M, Non-Taxable: 85937K, Alloc Tax Rate: 0.3x
[69.199s][info][gc            ] GC(25) Pause Init Mark (process weakrefs) 1.545ms
[69.199s][info][gc,start      ] GC(25) Concurrent marking (process weakrefs)
[69.199s][info][gc,task       ] GC(25) Using 1 of 1 workers for concurrent marking
[69.843s][info][gc            ] GC(25) Concurrent marking (process weakrefs) 644.481ms
[69.843s][info][gc,start      ] GC(25) Concurrent precleaning
[69.843s][info][gc,task       ] GC(25) Using 1 of 1 workers for concurrent preclean
[69.843s][info][gc,ergo       ] GC(25) Pacer for Precleaning. Non-Taxable: 1250M
[69.844s][info][gc            ] GC(25) Concurrent precleaning 0.656ms
[69.844s][info][gc,start      ] GC(25) Pause Final Mark (process weakrefs)
[69.844s][info][gc,task       ] GC(25) Using 1 of 1 workers for final marking
[69.845s][info][gc,ergo       ] GC(25) Adaptive CSet Selection. Target Free: 177M, Actual Free: 805M, Max CSet: 53333K, Min Garbage: 0B
[69.845s][info][gc,ergo       ] GC(25) Collectable Garbage: 149M (97%), Immediate: 0B (0%), CSet: 149M (97%)
[69.847s][info][gc,ergo       ] GC(25) Pacer for Evacuation. Used CSet: 162M, Free: 742M, Non-Taxable: 76055K, Alloc Tax Rate: 1.1x
[69.847s][info][gc            ] GC(25) Pause Final Mark (process weakrefs) 2.551ms
[69.847s][info][gc,start      ] GC(25) Concurrent cleanup
[69.847s][info][gc            ] GC(25) Concurrent cleanup 441M->441M(486M) 0.051ms
[69.847s][info][gc,ergo       ] GC(25) Free: 742M, Max: 512K regular, 286M humongous, Frag: 62% external, 0% internal; Reserve: 64000K, Max: 512K
[69.847s][info][gc,start      ] GC(25) Concurrent evacuation
[69.847s][info][gc,task       ] GC(25) Using 1 of 1 workers for concurrent evacuation
[69.889s][info][gc            ] GC(25) Concurrent evacuation 41.714ms
[69.891s][info][gc,start      ] GC(25) Pause Init Update Refs
[69.891s][info][gc,ergo       ] GC(25) Pacer for Update Refs. Used: 461M, Free: 735M, Non-Taxable: 75287K, Alloc Tax Rate: 1.1x
[69.891s][info][gc            ] GC(25) Pause Init Update Refs 0.031ms
[69.891s][info][gc,start      ] GC(25) Concurrent update references
[69.891s][info][gc,task       ] GC(25) Using 1 of 1 workers for concurrent reference update
[70.354s][info][gc            ] GC(25) Concurrent update references 463.126ms
[70.360s][info][gc,start      ] GC(25) Pause Final Update Refs
[70.360s][info][gc,task       ] GC(25) Using 1 of 1 workers for final reference update
[70.360s][info][gc            ] GC(25) Pause Final Update Refs 0.517ms
[70.360s][info][gc,start      ] GC(25) Concurrent cleanup
[70.360s][info][gc            ] GC(25) Concurrent cleanup 523M->361M(533M) 0.063ms
[70.360s][info][gc,ergo       ] Free: 823M, Max: 512K regular, 246M humongous, Frag: 71% external, 0% internal; Reserve: 64000K, Max: 512K
[70.360s][info][gc,stats      ] 
[70.360s][info][gc,stats      ] All times are wall-clock times, except per-root-class counters, that are sum over
[70.360s][info][gc,stats      ] all workers. Dividing the <total> over the root stage time estimates parallelism.
[70.362s][info][gc,stats      ] 
[70.362s][info][gc,stats      ] Concurrent Reset                   3902 us
[70.362s][info][gc,stats      ] Pause Init Mark (G)                4036 us
[70.362s][info][gc,stats      ] Pause Init Mark (N)                1528 us
[70.362s][info][gc,stats      ]   Accumulate Stats                   13 us
[70.362s][info][gc,stats      ]   Make Parsable                       9 us
[70.362s][info][gc,stats      ]   Update Region States               31 us
[70.362s][info][gc,stats      ]   Scan Roots                       1420 us, parallelism: 0.77x
[70.362s][info][gc,stats      ]     S: <total>                     1100 us
[70.362s][info][gc,stats      ]     S: Thread Roots                 438 us, workers (us): 438, 
[70.362s][info][gc,stats      ]     S: Universe Roots                 2 us, workers (us):   2, 
[70.362s][info][gc,stats      ]     S: JNI Handles Roots              2 us, workers (us):   2, 
[70.362s][info][gc,stats      ]     S: Synchronizer Roots             0 us, workers (us):   0, 
[70.362s][info][gc,stats      ]     S: Management Roots               2 us, workers (us):   2, 
[70.362s][info][gc,stats      ]     S: System Dict Roots             13 us, workers (us):  13, 
[70.362s][info][gc,stats      ]     S: CLDG Roots                   642 us, workers (us): 642, 
[70.362s][info][gc,stats      ]     S: JVMTI Roots                    1 us, workers (us):   1, 
[70.362s][info][gc,stats      ]   Resize TLABs                       15 us
[70.362s][info][gc,stats      ] Concurrent Marking               644472 us
[70.362s][info][gc,stats      ] Concurrent Precleaning              625 us
[70.362s][info][gc,stats      ] Pause Final Mark (G)               2769 us
[70.362s][info][gc,stats      ] Pause Final Mark (N)               2540 us
[70.362s][info][gc,stats      ]   Finish Queues                      19 us
[70.362s][info][gc,stats      ]   Weak References                    22 us
[70.362s][info][gc,stats      ]     Process                          20 us
[70.362s][info][gc,stats      ]   System Purge                      374 us
[70.362s][info][gc,stats      ]     Weak Roots                      374 us
[70.362s][info][gc,stats      ]   Update Region States               48 us
[70.362s][info][gc,stats      ]   Retire TLABs                       19 us
[70.362s][info][gc,stats      ]   Choose Collection Set              99 us
[70.362s][info][gc,stats      ]   Rebuild Free Set                    9 us
[70.362s][info][gc,stats      ]   Initial Evacuation               1945 us, parallelism: 0.64x
[70.362s][info][gc,stats      ]     E: <total>                     1240 us
[70.362s][info][gc,stats      ]     E: Thread Roots                 413 us, workers (us): 413, 
[70.362s][info][gc,stats      ]     E: Code Cache Roots             277 us, workers (us): 277, 
[70.362s][info][gc,stats      ]     E: Universe Roots                 1 us, workers (us):   1, 
[70.362s][info][gc,stats      ]     E: JNI Handles Roots              1 us, workers (us):   1, 
[70.362s][info][gc,stats      ]     E: Synchronizer Roots             0 us, workers (us):   0, 
[70.362s][info][gc,stats      ]     E: Management Roots               1 us, workers (us):   1, 
[70.362s][info][gc,stats      ]     E: System Dict Roots             10 us, workers (us):  10, 
[70.362s][info][gc,stats      ]     E: CLDG Roots                   535 us, workers (us): 535, 
[70.362s][info][gc,stats      ]     E: JVMTI Roots                    1 us, workers (us):   1, 
[70.362s][info][gc,stats      ] Concurrent Cleanup                   42 us
[70.362s][info][gc,stats      ] Concurrent Evacuation             41702 us
[70.362s][info][gc,stats      ] Pause Init  Update Refs (G)        2485 us
[70.362s][info][gc,stats      ] Pause Init  Update Refs (N)          14 us
[70.362s][info][gc,stats      ]   Retire GCLABs                       7 us
[70.362s][info][gc,stats      ] Concurrent Update Refs           463112 us
[70.362s][info][gc,stats      ] Pause Final Update Refs (G)        5869 us
[70.362s][info][gc,stats      ] Pause Final Update Refs (N)         451 us
[70.362s][info][gc,stats      ]   Update Roots                      386 us, parallelism: 0.97x
[70.362s][info][gc,stats      ]     UR: <total>                     374 us
[70.362s][info][gc,stats      ]     UR: Thread Roots                374 us, workers (us): 374, 
[70.362s][info][gc,stats      ]   Update Region States               42 us
[70.362s][info][gc,stats      ]   Trash Collection Set                3 us
[70.362s][info][gc,stats      ]   Rebuild Free Set                   10 us
[70.362s][info][gc,stats      ] Concurrent Cleanup                   54 us
[70.362s][info][gc,stats      ] 
[70.362s][info][gc,stats      ] Allocation pacing accrued:
[70.362s][info][gc,stats      ]       0 of  1174 ms (  0.0%): <total>
[70.362s][info][gc,stats      ]       0 of  1174 ms (  0.0%): <average total>
[70.362s][info][gc,stats      ] 
[70.362s][info][gc,metaspace  ] Metaspace: 66064K->66064K(1107968K)
[70.362s][info][gc,ergo       ] Pacer for Idle. Initial: 25600K, Alloc Tax Rate: 1.0x
[70.365s][info][gc            ] Trigger: Learning 5 of 5. Free (823M) is below initial threshold (875M)
[70.365s][info][gc,ergo       ] Free: 823M, Max: 512K regular, 246M humongous, Frag: 71% external, 0% internal; Reserve: 64000K, Max: 512K
[70.365s][info][gc,start      ] GC(26) Concurrent reset
[70.365s][info][gc,task       ] GC(26) Using 1 of 1 workers for concurrent reset
[70.365s][info][gc,ergo       ] GC(26) Pacer for Reset. Non-Taxable: 1250M
[70.365s][info][gc            ] GC(26) Concurrent reset 0.572ms
[70.368s][info][gc,start      ] GC(26) Pause Init Mark
[70.368s][info][gc,task       ] GC(26) Using 1 of 1 workers for init marking
[70.370s][info][gc,ergo       ] GC(26) Pacer for Mark. Expected Live: 183M, Free: 823M, Non-Taxable: 84299K, Alloc Tax Rate: 0.3x
[70.370s][info][gc            ] GC(26) Pause Init Mark 2.015ms
[70.370s][info][gc,start      ] GC(26) Concurrent marking
[70.370s][info][gc,task       ] GC(26) Using 1 of 1 workers for concurrent marking
[71.087s][info][gc            ] GC(26) Concurrent marking 716.800ms
[71.087s][info][gc,start      ] GC(26) Pause Final Mark
[71.087s][info][gc,task       ] GC(26) Using 1 of 1 workers for final marking
[71.088s][info][gc,ergo       ] GC(26) Adaptive CSet Selection. Target Free: 177M, Actual Free: 913M, Max CSet: 53333K, Min Garbage: 0B
[71.088s][info][gc,ergo       ] GC(26) Collectable Garbage: 182M (97%), Immediate: 31744K (16%), CSet: 151M (80%)
[71.090s][info][gc,ergo       ] GC(26) Pacer for Evacuation. Used CSet: 165M, Free: 852M, Non-Taxable: 87264K, Alloc Tax Rate: 1.1x
[71.090s][info][gc            ] GC(26) Pause Final Mark 2.612ms
[71.090s][info][gc,start      ] GC(26) Concurrent cleanup
[71.090s][info][gc            ] GC(26) Concurrent cleanup 363M->332M(533M) 0.055ms
[71.090s][info][gc,ergo       ] GC(26) Free: 852M, Max: 512K regular, 246M humongous, Frag: 72% external, 0% internal; Reserve: 63997K, Max: 512K
[71.090s][info][gc,start      ] GC(26) Concurrent evacuation
[71.090s][info][gc,task       ] GC(26) Using 1 of 1 workers for concurrent evacuation
[71.158s][info][gc            ] GC(26) Concurrent evacuation 68.192ms
[71.161s][info][gc,start      ] GC(26) Pause Init Update Refs
[71.161s][info][gc,ergo       ] GC(26) Pacer for Update Refs. Used: 346M, Free: 851M, Non-Taxable: 87217K, Alloc Tax Rate: 1.1x
[71.161s][info][gc            ] GC(26) Pause Init Update Refs 0.034ms
[71.161s][info][gc,start      ] GC(26) Concurrent update references
[71.161s][info][gc,task       ] GC(26) Using 1 of 1 workers for concurrent reference update
[71.575s][info][gc            ] GC(26) Concurrent update references 414.602ms
[71.578s][info][gc,start      ] GC(26) Pause Final Update Refs
[71.578s][info][gc,task       ] GC(26) Using 1 of 1 workers for final reference update
[71.579s][info][gc            ] GC(26) Pause Final Update Refs 0.539ms
[71.579s][info][gc,start      ] GC(26) Concurrent cleanup
[71.579s][info][gc            ] GC(26) Concurrent cleanup 350M->185M(533M) 0.062ms
[71.579s][info][gc,ergo       ] Free: 998M, Max: 512K regular, 366M humongous, Frag: 64% external, 0% internal; Reserve: 64000K, Max: 512K
[71.579s][info][gc,stats      ] 
[71.579s][info][gc,stats      ] All times are wall-clock times, except per-root-class counters, that are sum over
[71.579s][info][gc,stats      ] all workers. Dividing the <total> over the root stage time estimates parallelism.
[71.579s][info][gc,stats      ] 
[71.579s][info][gc,stats      ] Concurrent Reset                    559 us
[71.579s][info][gc,stats      ] Pause Init Mark (G)                4689 us
[71.579s][info][gc,stats      ] Pause Init Mark (N)                1989 us
[71.579s][info][gc,stats      ]   Accumulate Stats                   27 us
[71.579s][info][gc,stats      ]   Make Parsable                      15 us
[71.579s][info][gc,stats      ]   Update Region States               35 us
[71.579s][info][gc,stats      ]   Scan Roots                       1827 us, parallelism: 0.81x
[71.579s][info][gc,stats      ]     S: <total>                     1484 us
[71.579s][info][gc,stats      ]     S: Thread Roots                 464 us, workers (us): 464, 
[71.579s][info][gc,stats      ]     S: Universe Roots                 2 us, workers (us):   2, 
[71.579s][info][gc,stats      ]     S: JNI Handles Roots              2 us, workers (us):   2, 
[71.579s][info][gc,stats      ]     S: Synchronizer Roots             0 us, workers (us):   0, 
[71.579s][info][gc,stats      ]     S: Management Roots               2 us, workers (us):   2, 
[71.579s][info][gc,stats      ]     S: System Dict Roots             13 us, workers (us):  13, 
[71.579s][info][gc,stats      ]     S: CLDG Roots                  1000 us, workers (us): 1000, 
[71.579s][info][gc,stats      ]     S: JVMTI Roots                    1 us, workers (us):   1, 
[71.579s][info][gc,stats      ]   Resize TLABs                       13 us
[71.579s][info][gc,stats      ] Concurrent Marking               716787 us
[71.579s][info][gc,stats      ] Pause Final Mark (G)               2743 us
[71.579s][info][gc,stats      ] Pause Final Mark (N)               2579 us
[71.579s][info][gc,stats      ]   Finish Queues                      19 us
[71.579s][info][gc,stats      ]   System Purge                      336 us
[71.579s][info][gc,stats      ]     Weak Roots                      335 us
[71.579s][info][gc,stats      ]   Update Region States               45 us
[71.579s][info][gc,stats      ]   Retire TLABs                       22 us
[71.579s][info][gc,stats      ]   Choose Collection Set              98 us
[71.579s][info][gc,stats      ]   Rebuild Free Set                   10 us
[71.579s][info][gc,stats      ]   Initial Evacuation               2037 us, parallelism: 0.61x
[71.579s][info][gc,stats      ]     E: <total>                     1240 us
[71.579s][info][gc,stats      ]     E: Thread Roots                 403 us, workers (us): 403, 
[71.579s][info][gc,stats      ]     E: Code Cache Roots             296 us, workers (us): 296, 
[71.579s][info][gc,stats      ]     E: Universe Roots                 1 us, workers (us):   1, 
[71.579s][info][gc,stats      ]     E: JNI Handles Roots              1 us, workers (us):   1, 
[71.579s][info][gc,stats      ]     E: Synchronizer Roots             0 us, workers (us):   0, 
[71.579s][info][gc,stats      ]     E: Management Roots               2 us, workers (us):   2, 
[71.579s][info][gc,stats      ]     E: System Dict Roots             12 us, workers (us):  12, 
[71.579s][info][gc,stats      ]     E: CLDG Roots                   525 us, workers (us): 525, 
[71.579s][info][gc,stats      ]     E: JVMTI Roots                    1 us, workers (us):   1, 
[71.579s][info][gc,stats      ] Concurrent Cleanup                   46 us
[71.579s][info][gc,stats      ] Concurrent Evacuation             68179 us
[71.579s][info][gc,stats      ] Pause Init  Update Refs (G)        2522 us
[71.579s][info][gc,stats      ] Pause Init  Update Refs (N)          16 us
[71.579s][info][gc,stats      ]   Retire GCLABs                       7 us
[71.579s][info][gc,stats      ] Concurrent Update Refs           414589 us
[71.579s][info][gc,stats      ] Pause Final Update Refs (G)        3048 us
[71.579s][info][gc,stats      ] Pause Final Update Refs (N)         482 us
[71.579s][info][gc,stats      ]   Update Roots                      409 us, parallelism: 0.97x
[71.579s][info][gc,stats      ]     UR: <total>                     399 us
[71.579s][info][gc,stats      ]     UR: Thread Roots                399 us, workers (us): 399, 
[71.579s][info][gc,stats      ]   Update Region States               44 us
[71.579s][info][gc,stats      ]   Trash Collection Set                3 us
[71.579s][info][gc,stats      ]   Rebuild Free Set                   10 us
[71.579s][info][gc,stats      ] Concurrent Cleanup                   55 us
[71.579s][info][gc,stats      ] 
[71.579s][info][gc,stats      ] Allocation pacing accrued:
[71.579s][info][gc,stats      ]       0 of  1216 ms (  0.0%): <total>
[71.579s][info][gc,stats      ]       0 of  1216 ms (  0.0%): <average total>
[71.579s][info][gc,stats      ] 
[71.579s][info][gc,metaspace  ] Metaspace: 66064K->66077K(1107968K)
[71.579s][info][gc,ergo       ] Pacer for Idle. Initial: 25600K, Alloc Tax Rate: 1.0x
[74.602s][info][gc            ] Trigger: Average GC time (901.17 ms) is above the time for allocation rate (184 MB/s) to deplete free headroom (165M)
[74.602s][info][gc,ergo       ] Free headroom: 227M (free) - 64000K (spike) - 0B (penalties) = 165M
[74.602s][info][gc,ergo       ] Free: 227M, Max: 512K regular, 131M humongous, Frag: 43% external, 0% internal; Reserve: 64000K, Max: 512K
[74.602s][info][gc,start      ] GC(27) Concurrent reset
[74.602s][info][gc,task       ] GC(27) Using 1 of 1 workers for concurrent reset
[74.602s][info][gc,ergo       ] GC(27) Pacer for Reset. Non-Taxable: 1250M
[74.602s][info][gc            ] GC(27) Concurrent reset 0.534ms
[74.605s][info][gc,start      ] GC(27) Pause Init Mark
[74.605s][info][gc,task       ] GC(27) Using 1 of 1 workers for init marking
[74.607s][info][gc,ergo       ] GC(27) Pacer for Mark. Expected Live: 172M, Free: 227M, Non-Taxable: 23319K, Alloc Tax Rate: 0.9x
[74.607s][info][gc            ] GC(27) Pause Init Mark 1.522ms
[74.607s][info][gc,start      ] GC(27) Concurrent marking
[74.607s][info][gc,task       ] GC(27) Using 1 of 1 workers for concurrent marking
[74.983s][info][gc            ] GC(27) Concurrent marking 376.615ms
[74.990s][info][gc,start      ] GC(27) Pause Final Mark
[74.990s][info][gc,task       ] GC(27) Using 1 of 1 workers for final marking
[74.991s][info][gc,ergo       ] GC(27) Adaptive CSet Selection. Target Free: 177M, Actual Free: 887M, Max CSet: 53333K, Min Garbage: 0B
[74.991s][info][gc,ergo       ] GC(27) Collectable Garbage: 766M (99%), Immediate: 635M (82%), CSet: 131M (17%)
[74.993s][info][gc,ergo       ] GC(27) Pacer for Evacuation. Used CSet: 164M, Free: 835M, Non-Taxable: 85527K, Alloc Tax Rate: 1.1x
[74.993s][info][gc            ] GC(27) Pause Final Mark 2.731ms
[74.993s][info][gc,start      ] GC(27) Concurrent cleanup
[74.993s][info][gc            ] GC(27) Concurrent cleanup 984M->349M(1020M) 0.108ms
[74.993s][info][gc,ergo       ] GC(27) Free: 835M, Max: 512K regular, 536M humongous, Frag: 36% external, 0% internal; Reserve: 63993K, Max: 512K
[74.993s][info][gc,start      ] GC(27) Concurrent evacuation
[74.993s][info][gc,task       ] GC(27) Using 1 of 1 workers for concurrent evacuation
[75.064s][info][gc            ] GC(27) Concurrent evacuation 70.971ms
[75.067s][info][gc,start      ] GC(27) Pause Init Update Refs
[75.067s][info][gc,ergo       ] GC(27) Pacer for Update Refs. Used: 397M, Free: 820M, Non-Taxable: 83991K, Alloc Tax Rate: 1.1x
[75.067s][info][gc            ] GC(27) Pause Init Update Refs 0.028ms
[75.067s][info][gc,start      ] GC(27) Concurrent update references
[75.067s][info][gc,task       ] GC(27) Using 1 of 1 workers for concurrent reference update
[75.343s][info][gc            ] GC(27) Concurrent update references 276.484ms
[75.346s][info][gc,start      ] GC(27) Pause Final Update Refs
[75.346s][info][gc,task       ] GC(27) Using 1 of 1 workers for final reference update
[75.346s][info][gc            ] GC(27) Pause Final Update Refs 0.454ms
[75.346s][info][gc,start      ] GC(27) Concurrent cleanup
[75.346s][info][gc            ] GC(27) Concurrent cleanup 434M->270M(1020M) 0.061ms
[75.346s][info][gc,ergo       ] Free: 913M, Max: 512K regular, 523M humongous, Frag: 43% external, 0% internal; Reserve: 64000K, Max: 512K
[75.346s][info][gc,stats      ] 
[75.346s][info][gc,stats      ] All times are wall-clock times, except per-root-class counters, that are sum over
[75.346s][info][gc,stats      ] all workers. Dividing the <total> over the root stage time estimates parallelism.
[75.346s][info][gc,stats      ] 
[75.346s][info][gc,stats      ] Concurrent Reset                    517 us
[75.346s][info][gc,stats      ] Pause Init Mark (G)                4232 us
[75.346s][info][gc,stats      ] Pause Init Mark (N)                1482 us
[75.346s][info][gc,stats      ]   Accumulate Stats                   14 us
[75.346s][info][gc,stats      ]   Make Parsable                      13 us
[75.346s][info][gc,stats      ]   Update Region States               40 us
[75.346s][info][gc,stats      ]   Scan Roots                       1371 us, parallelism: 0.77x
[75.346s][info][gc,stats      ]     S: <total>                     1059 us
[75.346s][info][gc,stats      ]     S: Thread Roots                 429 us, workers (us): 429, 
[75.346s][info][gc,stats      ]     S: Universe Roots                 2 us, workers (us):   2, 
[75.346s][info][gc,stats      ]     S: JNI Handles Roots              2 us, workers (us):   2, 
[75.346s][info][gc,stats      ]     S: Synchronizer Roots             0 us, workers (us):   0, 
[75.346s][info][gc,stats      ]     S: Management Roots               2 us, workers (us):   2, 
[75.346s][info][gc,stats      ]     S: System Dict Roots             12 us, workers (us):  12, 
[75.346s][info][gc,stats      ]     S: CLDG Roots                   611 us, workers (us): 611, 
[75.346s][info][gc,stats      ]     S: JVMTI Roots                    1 us, workers (us):   1, 
[75.346s][info][gc,stats      ]   Resize TLABs                       10 us
[75.346s][info][gc,stats      ] Concurrent Marking               376606 us
[75.346s][info][gc,stats      ] Pause Final Mark (G)               9226 us
[75.346s][info][gc,stats      ] Pause Final Mark (N)               2662 us
[75.346s][info][gc,stats      ]   Finish Queues                      31 us
[75.346s][info][gc,stats      ]   System Purge                      388 us
[75.346s][info][gc,stats      ]     Weak Roots                      387 us
[75.346s][info][gc,stats      ]   Update Region States               42 us
[75.346s][info][gc,stats      ]   Retire TLABs                       20 us
[75.346s][info][gc,stats      ]   Choose Collection Set             113 us
[75.346s][info][gc,stats      ]   Rebuild Free Set                   10 us
[75.346s][info][gc,stats      ]   Initial Evacuation               2047 us, parallelism: 0.65x
[75.346s][info][gc,stats      ]     E: <total>                     1323 us
[75.346s][info][gc,stats      ]     E: Thread Roots                 501 us, workers (us): 501, 
[75.346s][info][gc,stats      ]     E: Code Cache Roots             287 us, workers (us): 287, 
[75.346s][info][gc,stats      ]     E: Universe Roots                 1 us, workers (us):   1, 
[75.346s][info][gc,stats      ]     E: JNI Handles Roots              1 us, workers (us):   1, 
[75.346s][info][gc,stats      ]     E: Synchronizer Roots             0 us, workers (us):   0, 
[75.346s][info][gc,stats      ]     E: Management Roots               2 us, workers (us):   2, 
[75.346s][info][gc,stats      ]     E: System Dict Roots             11 us, workers (us):  11, 
[75.347s][info][gc,stats      ]     E: CLDG Roots                   518 us, workers (us): 518, 
[75.347s][info][gc,stats      ]     E: JVMTI Roots                    1 us, workers (us):   1, 
[75.347s][info][gc,stats      ] Concurrent Cleanup                  100 us
[75.347s][info][gc,stats      ] Concurrent Evacuation             70960 us
[75.347s][info][gc,stats      ] Pause Init  Update Refs (G)        2516 us
[75.347s][info][gc,stats      ] Pause Init  Update Refs (N)          14 us
[75.347s][info][gc,stats      ]   Retire GCLABs                       7 us
[75.347s][info][gc,stats      ] Concurrent Update Refs           276470 us
[75.347s][info][gc,stats      ] Pause Final Update Refs (G)        2964 us
[75.347s][info][gc,stats      ] Pause Final Update Refs (N)         428 us
[75.347s][info][gc,stats      ]   Update Roots                      349 us, parallelism: 0.97x
[75.347s][info][gc,stats      ]     UR: <total>                     340 us
[75.347s][info][gc,stats      ]     UR: Thread Roots                340 us, workers (us): 340, 
[75.347s][info][gc,stats      ]   Update Region States               56 us
[75.347s][info][gc,stats      ]   Trash Collection Set                3 us
[75.347s][info][gc,stats      ]   Rebuild Free Set                   10 us
[75.347s][info][gc,stats      ] Concurrent Cleanup                   54 us
[75.347s][info][gc,stats      ] Pacing                           133768 us
[75.347s][info][gc,stats      ] 
[75.347s][info][gc,stats      ] Allocation pacing accrued:
[75.347s][info][gc,stats      ]      11 of  3768 ms (  0.3%): executor-heartbeater
[75.347s][info][gc,stats      ]     123 of  3768 ms (  3.3%): Executor task launch worker for task 2.0 in stage 14.0 (TID 23)
[75.347s][info][gc,stats      ]     134 of  3768 ms (  3.6%): <total>
[75.347s][info][gc,stats      ]       1 of  3768 ms (  0.0%): <average total>
[75.347s][info][gc,stats      ]      67 of  3768 ms (  1.8%): <average non-zero>
[75.347s][info][gc,stats      ] 
[75.347s][info][gc,metaspace  ] Metaspace: 66102K->66106K(1107968K)
[75.347s][info][gc,ergo       ] Pacer for Idle. Initial: 25600K, Alloc Tax Rate: 1.0x
[77.707s][info][gc            ] Trigger: Average GC time (1008.93 ms) is above the time for allocation rate (229 MB/s) to deplete free headroom (230M)
[77.707s][info][gc,ergo       ] Free headroom: 293M (free) - 64000K (spike) - 0B (penalties) = 230M
[77.707s][info][gc,ergo       ] Free: 293M, Max: 512K regular, 95232K humongous, Frag: 69% external, 0% internal; Reserve: 64000K, Max: 512K
[77.707s][info][gc,start      ] GC(28) Concurrent reset
[77.707s][info][gc,task       ] GC(28) Using 1 of 1 workers for concurrent reset
[77.707s][info][gc,ergo       ] GC(28) Pacer for Reset. Non-Taxable: 1250M
[77.708s][info][gc            ] GC(28) Concurrent reset 0.524ms
[77.710s][info][gc,start      ] GC(28) Pause Init Mark
[77.710s][info][gc,task       ] GC(28) Using 1 of 1 workers for init marking
[77.712s][info][gc,ergo       ] GC(28) Pacer for Mark. Expected Live: 180M, Free: 293M, Non-Taxable: 30027K, Alloc Tax Rate: 0.8x
[77.712s][info][gc            ] GC(28) Pause Init Mark 1.614ms
[77.712s][info][gc,start      ] GC(28) Concurrent marking
[77.712s][info][gc,task       ] GC(28) Using 1 of 1 workers for concurrent marking
[78.133s][info][gc            ] GC(28) Concurrent marking 421.253ms
[78.134s][info][gc,start      ] GC(28) Pause Final Mark
[78.134s][info][gc,task       ] GC(28) Using 1 of 1 workers for final marking
[78.134s][info][gc,ergo       ] GC(28) Adaptive CSet Selection. Target Free: 177M, Actual Free: 790M, Max CSet: 53333K, Min Garbage: 0B
[78.134s][info][gc,ergo       ] GC(28) Collectable Garbage: 697M (99%), Immediate: 485M (69%), CSet: 211M (30%)
[78.136s][info][gc,ergo       ] GC(28) Pacer for Evacuation. Used CSet: 247M, Free: 737M, Non-Taxable: 75492K, Alloc Tax Rate: 1.1x
[78.136s][info][gc            ] GC(28) Pause Final Mark 2.620ms
[78.136s][info][gc,start      ] GC(28) Concurrent cleanup
[78.136s][info][gc            ] GC(28) Concurrent cleanup 932M->447M(1020M) 0.093ms
[78.136s][info][gc,ergo       ] GC(28) Free: 737M, Max: 512K regular, 322M humongous, Frag: 57% external, 0% internal; Reserve: 63985K, Max: 512K
[78.136s][info][gc,start      ] GC(28) Concurrent evacuation
[78.136s][info][gc,task       ] GC(28) Using 1 of 1 workers for concurrent evacuation
[78.210s][info][gc            ] GC(28) Concurrent evacuation 74.120ms
[78.213s][info][gc,start      ] GC(28) Pause Init Update Refs
[78.213s][info][gc,ergo       ] GC(28) Pacer for Update Refs. Used: 495M, Free: 726M, Non-Taxable: 74366K, Alloc Tax Rate: 1.1x
[78.213s][info][gc            ] GC(28) Pause Init Update Refs 0.029ms
[78.213s][info][gc,start      ] GC(28) Concurrent update references
[78.213s][info][gc,task       ] GC(28) Using 1 of 1 workers for concurrent reference update
[78.538s][info][gc            ] GC(28) Concurrent update references 324.764ms
[78.540s][info][gc,start      ] GC(28) Pause Final Update Refs
[78.541s][info][gc,task       ] GC(28) Using 1 of 1 workers for final reference update
[78.541s][info][gc            ] GC(28) Pause Final Update Refs 0.501ms
[78.541s][info][gc,start      ] GC(28) Concurrent cleanup
[78.541s][info][gc            ] GC(28) Concurrent cleanup 552M->304M(1020M) 0.067ms
[78.541s][info][gc,ergo       ] Free: 880M, Max: 512K regular, 421M humongous, Frag: 53% external, 0% internal; Reserve: 64000K, Max: 512K
[78.541s][info][gc,stats      ] 
[78.541s][info][gc,stats      ] All times are wall-clock times, except per-root-class counters, that are sum over
[78.541s][info][gc,stats      ] all workers. Dividing the <total> over the root stage time estimates parallelism.
[78.541s][info][gc,stats      ] 
[78.541s][info][gc,stats      ] Concurrent Reset                    506 us
[78.541s][info][gc,stats      ] Pause Init Mark (G)                4272 us
[78.541s][info][gc,stats      ] Pause Init Mark (N)                1574 us
[78.541s][info][gc,stats      ]   Accumulate Stats                   13 us
[78.541s][info][gc,stats      ]   Make Parsable                      12 us
[78.541s][info][gc,stats      ]   Update Region States               42 us
[78.541s][info][gc,stats      ]   Scan Roots                       1448 us, parallelism: 0.78x
[78.541s][info][gc,stats      ]     S: <total>                     1126 us
[78.541s][info][gc,stats      ]     S: Thread Roots                 474 us, workers (us): 474, 
[78.541s][info][gc,stats      ]     S: Universe Roots                 2 us, workers (us):   2, 
[78.541s][info][gc,stats      ]     S: JNI Handles Roots              2 us, workers (us):   2, 
[78.541s][info][gc,stats      ]     S: Synchronizer Roots             0 us, workers (us):   0, 
[78.541s][info][gc,stats      ]     S: Management Roots               1 us, workers (us):   1, 
[78.541s][info][gc,stats      ]     S: System Dict Roots             12 us, workers (us):  12, 
[78.541s][info][gc,stats      ]     S: CLDG Roots                   633 us, workers (us): 633, 
[78.541s][info][gc,stats      ]     S: JVMTI Roots                    1 us, workers (us):   1, 
[78.541s][info][gc,stats      ]   Resize TLABs                       12 us
[78.541s][info][gc,stats      ] Concurrent Marking               421244 us
[78.541s][info][gc,stats      ] Pause Final Mark (G)               2750 us
[78.541s][info][gc,stats      ] Pause Final Mark (N)               2602 us
[78.541s][info][gc,stats      ]   Finish Queues                      16 us
[78.541s][info][gc,stats      ]   System Purge                      277 us
[78.541s][info][gc,stats      ]     Weak Roots                      277 us
[78.541s][info][gc,stats      ]   Update Region States               40 us
[78.541s][info][gc,stats      ]   Retire TLABs                       13 us
[78.541s][info][gc,stats      ]   Choose Collection Set             148 us
[78.541s][info][gc,stats      ]   Rebuild Free Set                   10 us
[78.541s][info][gc,stats      ]   Initial Evacuation               2091 us, parallelism: 0.67x
[78.541s][info][gc,stats      ]     E: <total>                     1404 us
[78.541s][info][gc,stats      ]     E: Thread Roots                 530 us, workers (us): 530, 
[78.541s][info][gc,stats      ]     E: Code Cache Roots             304 us, workers (us): 304, 
[78.541s][info][gc,stats      ]     E: Universe Roots                 1 us, workers (us):   1, 
[78.541s][info][gc,stats      ]     E: JNI Handles Roots              1 us, workers (us):   1, 
[78.541s][info][gc,stats      ]     E: Synchronizer Roots             0 us, workers (us):   0, 
[78.541s][info][gc,stats      ]     E: Management Roots               1 us, workers (us):   1, 
[78.541s][info][gc,stats      ]     E: System Dict Roots             12 us, workers (us):  12, 
[78.541s][info][gc,stats      ]     E: CLDG Roots                   554 us, workers (us): 554, 
[78.541s][info][gc,stats      ]     E: JVMTI Roots                    1 us, workers (us):   1, 
[78.541s][info][gc,stats      ] Concurrent Cleanup                   85 us
[78.541s][info][gc,stats      ] Concurrent Evacuation             74108 us
[78.541s][info][gc,stats      ] Pause Init  Update Refs (G)        2510 us
[78.541s][info][gc,stats      ] Pause Init  Update Refs (N)          14 us
[78.541s][info][gc,stats      ]   Retire GCLABs                       7 us
[78.541s][info][gc,stats      ] Concurrent Update Refs           324750 us
[78.541s][info][gc,stats      ] Pause Final Update Refs (G)        3029 us
[78.541s][info][gc,stats      ] Pause Final Update Refs (N)         422 us
[78.541s][info][gc,stats      ]   Update Roots                      349 us, parallelism: 0.98x
[78.541s][info][gc,stats      ]     UR: <total>                     342 us
[78.541s][info][gc,stats      ]     UR: Thread Roots                342 us, workers (us): 342, 
[78.541s][info][gc,stats      ]   Update Region States               41 us
[78.541s][info][gc,stats      ]   Trash Collection Set                3 us
[78.541s][info][gc,stats      ]   Rebuild Free Set                    9 us
[78.541s][info][gc,stats      ] Concurrent Cleanup                   60 us
[78.541s][info][gc,stats      ] Pacing                           152943 us
[78.541s][info][gc,stats      ] 
[78.541s][info][gc,stats      ] Allocation pacing accrued:
[78.541s][info][gc,stats      ]     153 of  3195 ms (  4.8%): Executor task launch worker for task 0.0 in stage 15.0 (TID 24)
[78.541s][info][gc,stats      ]     153 of  3195 ms (  4.8%): <total>
[78.541s][info][gc,stats      ]       1 of  3195 ms (  0.0%): <average total>
[78.541s][info][gc,stats      ]     153 of  3195 ms (  4.8%): <average non-zero>
[78.541s][info][gc,stats      ] 
[78.541s][info][gc,metaspace  ] Metaspace: 66148K->66148K(1107968K)
[78.541s][info][gc,ergo       ] Pacer for Idle. Initial: 25600K, Alloc Tax Rate: 1.0x
[80.870s][info][gc            ] Trigger: Average GC time (985.95 ms) is above the time for allocation rate (226 MB/s) to deplete free headroom (221M)
[80.870s][info][gc,ergo       ] Free headroom: 284M (free) - 64000K (spike) - 0B (penalties) = 221M
[80.870s][info][gc,ergo       ] Free: 284M, Max: 512K regular, 191M humongous, Frag: 33% external, 0% internal; Reserve: 64000K, Max: 512K
[80.870s][info][gc,start      ] GC(29) Concurrent reset
[80.870s][info][gc,task       ] GC(29) Using 1 of 1 workers for concurrent reset
[80.870s][info][gc,ergo       ] GC(29) Pacer for Reset. Non-Taxable: 1250M
[80.871s][info][gc            ] GC(29) Concurrent reset 0.780ms
[80.874s][info][gc,start      ] GC(29) Pause Init Mark
[80.874s][info][gc,task       ] GC(29) Using 1 of 1 workers for init marking
[80.875s][info][gc,ergo       ] GC(29) Pacer for Mark. Expected Live: 182M, Free: 284M, Non-Taxable: 29105K, Alloc Tax Rate: 0.8x
[80.875s][info][gc            ] GC(29) Pause Init Mark 1.522ms
[80.875s][info][gc,start      ] GC(29) Concurrent marking
[80.875s][info][gc,task       ] GC(29) Using 1 of 1 workers for concurrent marking
[81.375s][info][gc            ] GC(29) Concurrent marking 499.579ms
[81.375s][info][gc,start      ] GC(29) Pause Final Mark
[81.375s][info][gc,task       ] GC(29) Using 1 of 1 workers for final marking
[81.375s][info][gc,ergo       ] GC(29) Adaptive CSet Selection. Target Free: 177M, Actual Free: 681M, Max CSet: 53333K, Min Garbage: 0B
[81.375s][info][gc,ergo       ] GC(29) Collectable Garbage: 700M (99%), Immediate: 384M (54%), CSet: 316M (44%)
[81.377s][info][gc,ergo       ] GC(29) Pacer for Evacuation. Used CSet: 358M, Free: 626M, Non-Taxable: 64177K, Alloc Tax Rate: 1.4x
[81.377s][info][gc            ] GC(29) Pause Final Mark 2.540ms
[81.377s][info][gc,start      ] GC(29) Concurrent cleanup
[81.378s][info][gc            ] GC(29) Concurrent cleanup 942M->558M(1020M) 0.085ms
[81.378s][info][gc,ergo       ] GC(29) Free: 626M, Max: 512K regular, 224M humongous, Frag: 65% external, 0% internal; Reserve: 63985K, Max: 512K
[81.378s][info][gc,start      ] GC(29) Concurrent evacuation
[81.378s][info][gc,task       ] GC(29) Using 1 of 1 workers for concurrent evacuation
[81.474s][info][gc            ] GC(29) Concurrent evacuation 96.903ms
[81.477s][info][gc,start      ] GC(29) Pause Init Update Refs
[81.477s][info][gc,ergo       ] GC(29) Pacer for Update Refs. Used: 613M, Free: 614M, Non-Taxable: 62897K, Alloc Tax Rate: 1.2x
[81.477s][info][gc            ] GC(29) Pause Init Update Refs 0.100ms
[81.477s][info][gc,start      ] GC(29) Concurrent update references
[81.477s][info][gc,task       ] GC(29) Using 1 of 1 workers for concurrent reference update
[81.914s][info][gc            ] GC(29) Concurrent update references 436.614ms
[81.916s][info][gc,start      ] GC(29) Pause Final Update Refs
[81.916s][info][gc,task       ] GC(29) Using 1 of 1 workers for final reference update
[81.917s][info][gc            ] GC(29) Pause Final Update Refs 0.496ms
[81.917s][info][gc,start      ] GC(29) Concurrent cleanup
[81.917s][info][gc            ] GC(29) Concurrent cleanup 674M->315M(1020M) 0.076ms
[81.917s][info][gc,ergo       ] Free: 869M, Max: 512K regular, 295M humongous, Frag: 67% external, 0% internal; Reserve: 64000K, Max: 512K
[81.917s][info][gc,stats      ] 
[81.917s][info][gc,stats      ] All times are wall-clock times, except per-root-class counters, that are sum over
[81.917s][info][gc,stats      ] all workers. Dividing the <total> over the root stage time estimates parallelism.
[81.917s][info][gc,stats      ] 
[81.917s][info][gc,stats      ] Concurrent Reset                    760 us
[81.917s][info][gc,stats      ] Pause Init Mark (G)                4110 us
[81.917s][info][gc,stats      ] Pause Init Mark (N)                1497 us
[81.917s][info][gc,stats      ]   Accumulate Stats                   14 us
[81.917s][info][gc,stats      ]   Make Parsable                      13 us
[81.917s][info][gc,stats      ]   Update Region States               32 us
[81.917s][info][gc,stats      ]   Scan Roots                       1393 us, parallelism: 0.76x
[81.917s][info][gc,stats      ]     S: <total>                     1063 us
[81.917s][info][gc,stats      ]     S: Thread Roots                 469 us, workers (us): 469, 
[81.917s][info][gc,stats      ]     S: Universe Roots                 2 us, workers (us):   2, 
[81.917s][info][gc,stats      ]     S: JNI Handles Roots              2 us, workers (us):   2, 
[81.917s][info][gc,stats      ]     S: Synchronizer Roots             0 us, workers (us):   0, 
[81.917s][info][gc,stats      ]     S: Management Roots               2 us, workers (us):   2, 
[81.917s][info][gc,stats      ]     S: System Dict Roots             13 us, workers (us):  13, 
[81.917s][info][gc,stats      ]     S: CLDG Roots                   574 us, workers (us): 574, 
[81.917s][info][gc,stats      ]     S: JVMTI Roots                    1 us, workers (us):   1, 
[81.917s][info][gc,stats      ]   Resize TLABs                       10 us
[81.917s][info][gc,stats      ] Concurrent Marking               499570 us
[81.917s][info][gc,stats      ] Pause Final Mark (G)               2667 us
[81.917s][info][gc,stats      ] Pause Final Mark (N)               2522 us
[81.917s][info][gc,stats      ]   Finish Queues                      16 us
[81.917s][info][gc,stats      ]   System Purge                      292 us
[81.917s][info][gc,stats      ]     Weak Roots                      292 us
[81.917s][info][gc,stats      ]   Update Region States               42 us
[81.917s][info][gc,stats      ]   Retire TLABs                       17 us
[81.917s][info][gc,stats      ]   Choose Collection Set             139 us
[81.917s][info][gc,stats      ]   Rebuild Free Set                    9 us
[81.917s][info][gc,stats      ]   Initial Evacuation               1999 us, parallelism: 0.64x
[81.917s][info][gc,stats      ]     E: <total>                     1285 us
[81.917s][info][gc,stats      ]     E: Thread Roots                 408 us, workers (us): 408, 
[81.917s][info][gc,stats      ]     E: Code Cache Roots             334 us, workers (us): 334, 
[81.917s][info][gc,stats      ]     E: Universe Roots                 1 us, workers (us):   1, 
[81.917s][info][gc,stats      ]     E: JNI Handles Roots              1 us, workers (us):   1, 
[81.917s][info][gc,stats      ]     E: Synchronizer Roots             0 us, workers (us):   0, 
[81.917s][info][gc,stats      ]     E: Management Roots               1 us, workers (us):   1, 
[81.917s][info][gc,stats      ]     E: System Dict Roots             11 us, workers (us):  11, 
[81.917s][info][gc,stats      ]     E: CLDG Roots                   526 us, workers (us): 526, 
[81.917s][info][gc,stats      ]     E: JVMTI Roots                    1 us, workers (us):   1, 
[81.917s][info][gc,stats      ] Concurrent Cleanup                   77 us
[81.917s][info][gc,stats      ] Concurrent Evacuation             96890 us
[81.917s][info][gc,stats      ] Pause Init  Update Refs (G)        2549 us
[81.917s][info][gc,stats      ] Pause Init  Update Refs (N)          26 us
[81.917s][info][gc,stats      ]   Retire GCLABs                      11 us
[81.917s][info][gc,stats      ] Concurrent Update Refs           436598 us
[81.917s][info][gc,stats      ] Pause Final Update Refs (G)        3007 us
[81.917s][info][gc,stats      ] Pause Final Update Refs (N)         425 us
[81.917s][info][gc,stats      ]   Update Roots                      352 us, parallelism: 0.98x
[81.917s][info][gc,stats      ]     UR: <total>                     344 us
[81.917s][info][gc,stats      ]     UR: Thread Roots                344 us, workers (us): 344, 
[81.917s][info][gc,stats      ]   Update Region States               43 us
[81.917s][info][gc,stats      ]   Trash Collection Set                4 us
[81.917s][info][gc,stats      ]   Rebuild Free Set                    9 us
[81.917s][info][gc,stats      ] Concurrent Cleanup                   69 us
[81.917s][info][gc,stats      ] Pacing                           214026 us
[81.917s][info][gc,stats      ] 
[81.917s][info][gc,stats      ] Allocation pacing accrued:
[81.917s][info][gc,stats      ]      14 of  3376 ms (  0.4%): RemoteBlock-temp-file-clean-thread
[81.917s][info][gc,stats      ]     200 of  3376 ms (  5.9%): Executor task launch worker for task 1.0 in stage 15.0 (TID 25)
[81.917s][info][gc,stats      ]     214 of  3376 ms (  6.3%): <total>
[81.917s][info][gc,stats      ]       2 of  3376 ms (  0.1%): <average total>
[81.917s][info][gc,stats      ]     107 of  3376 ms (  3.2%): <average non-zero>
[81.917s][info][gc,stats      ] 
[81.917s][info][gc,metaspace  ] Metaspace: 66166K->66166K(1107968K)
[81.917s][info][gc,ergo       ] Pacer for Idle. Initial: 25600K, Alloc Tax Rate: 1.0x
[84.057s][info][gc            ] Trigger: Average GC time (1001.66 ms) is above the time for allocation rate (222 MB/s) to deplete free headroom (222M)
[84.058s][info][gc,ergo       ] Free headroom: 284M (free) - 64000K (spike) - 0B (penalties) = 222M
[84.058s][info][gc,ergo       ] Free: 284M, Max: 512K regular, 145M humongous, Frag: 50% external, 0% internal; Reserve: 64000K, Max: 512K
[84.058s][info][gc,start      ] GC(30) Concurrent reset
[84.058s][info][gc,task       ] GC(30) Using 1 of 1 workers for concurrent reset
[84.058s][info][gc,ergo       ] GC(30) Pacer for Reset. Non-Taxable: 1250M
[84.059s][info][gc            ] GC(30) Concurrent reset 0.919ms
[84.061s][info][gc,start      ] GC(30) Pause Init Mark (process weakrefs)
[84.061s][info][gc,task       ] GC(30) Using 1 of 1 workers for init marking
[84.063s][info][gc,ergo       ] GC(30) Pacer for Mark. Expected Live: 183M, Free: 284M, Non-Taxable: 29156K, Alloc Tax Rate: 0.8x
[84.063s][info][gc            ] GC(30) Pause Init Mark (process weakrefs) 1.534ms
[84.063s][info][gc,start      ] GC(30) Concurrent marking (process weakrefs)
[84.063s][info][gc,task       ] GC(30) Using 1 of 1 workers for concurrent marking
[84.624s][info][gc            ] GC(30) Concurrent marking (process weakrefs) 561.549ms
[84.624s][info][gc,start      ] GC(30) Concurrent precleaning
[84.624s][info][gc,task       ] GC(30) Using 1 of 1 workers for concurrent preclean
[84.624s][info][gc,ergo       ] GC(30) Pacer for Precleaning. Non-Taxable: 1250M
[84.625s][info][gc            ] GC(30) Concurrent precleaning 0.619ms
[84.628s][info][gc,start      ] GC(30) Pause Final Mark (process weakrefs)
[84.628s][info][gc,task       ] GC(30) Using 1 of 1 workers for final marking
[84.628s][info][gc,ergo       ] GC(30) Adaptive CSet Selection. Target Free: 177M, Actual Free: 573M, Max CSet: 53333K, Min Garbage: 0B
[84.628s][info][gc,ergo       ] GC(30) Collectable Garbage: 695M (99%), Immediate: 276M (39%), CSet: 419M (60%)
[84.630s][info][gc,ergo       ] GC(30) Pacer for Evacuation. Used CSet: 465M, Free: 519M, Non-Taxable: 53169K, Alloc Tax Rate: 2.2x
[84.630s][info][gc            ] GC(30) Pause Final Mark (process weakrefs) 2.643ms
[84.630s][info][gc,start      ] GC(30) Concurrent cleanup
[84.630s][info][gc            ] GC(30) Concurrent cleanup 941M->665M(1020M) 0.076ms
[84.630s][info][gc,ergo       ] GC(30) Free: 519M, Max: 512K regular, 197M humongous, Frag: 62% external, 0% internal; Reserve: 63985K, Max: 512K
[84.630s][info][gc,start      ] GC(30) Concurrent evacuation
[84.630s][info][gc,task       ] GC(30) Using 1 of 1 workers for concurrent evacuation
[84.751s][info][gc            ] GC(30) Concurrent evacuation 120.680ms
[84.754s][info][gc,start      ] GC(30) Pause Init Update Refs
[84.754s][info][gc,ergo       ] GC(30) Pacer for Update Refs. Used: 729M, Free: 501M, Non-Taxable: 51326K, Alloc Tax Rate: 1.8x
[84.754s][info][gc            ] GC(30) Pause Init Update Refs 0.036ms
[84.754s][info][gc,start      ] GC(30) Concurrent update references
[84.754s][info][gc,task       ] GC(30) Using 1 of 1 workers for concurrent reference update
[85.193s][info][gc            ] GC(30) Concurrent update references 439.029ms
[85.195s][info][gc,start      ] GC(30) Pause Final Update Refs
[85.195s][info][gc,task       ] GC(30) Using 1 of 1 workers for final reference update
[85.196s][info][gc            ] GC(30) Pause Final Update Refs 0.487ms
[85.196s][info][gc,start      ] GC(30) Concurrent cleanup
[85.196s][info][gc            ] GC(30) Concurrent cleanup 746M->280M(1020M) 0.089ms
[85.196s][info][gc,ergo       ] Free: 903M, Max: 512K regular, 213M humongous, Frag: 77% external, 0% internal; Reserve: 64000K, Max: 512K
[85.196s][info][gc,stats      ] 
[85.196s][info][gc,stats      ] All times are wall-clock times, except per-root-class counters, that are sum over
[85.196s][info][gc,stats      ] all workers. Dividing the <total> over the root stage time estimates parallelism.
[85.196s][info][gc,stats      ] 
[85.196s][info][gc,stats      ] Concurrent Reset                    899 us
[85.196s][info][gc,stats      ] Pause Init Mark (G)                4111 us
[85.196s][info][gc,stats      ] Pause Init Mark (N)                1492 us
[85.196s][info][gc,stats      ]   Accumulate Stats                   14 us
[85.196s][info][gc,stats      ]   Make Parsable                      28 us
[85.196s][info][gc,stats      ]   Update Region States               51 us
[85.196s][info][gc,stats      ]   Scan Roots                       1347 us, parallelism: 0.78x
[85.196s][info][gc,stats      ]     S: <total>                     1045 us
[85.196s][info][gc,stats      ]     S: Thread Roots                 446 us, workers (us): 446, 
[85.196s][info][gc,stats      ]     S: Universe Roots                 2 us, workers (us):   2, 
[85.196s][info][gc,stats      ]     S: JNI Handles Roots              2 us, workers (us):   2, 
[85.196s][info][gc,stats      ]     S: Synchronizer Roots             0 us, workers (us):   0, 
[85.196s][info][gc,stats      ]     S: Management Roots               2 us, workers (us):   2, 
[85.196s][info][gc,stats      ]     S: System Dict Roots             13 us, workers (us):  13, 
[85.196s][info][gc,stats      ]     S: CLDG Roots                   580 us, workers (us): 580, 
[85.196s][info][gc,stats      ]     S: JVMTI Roots                    1 us, workers (us):   1, 
[85.196s][info][gc,stats      ]   Resize TLABs                        8 us
[85.196s][info][gc,stats      ] Concurrent Marking               561535 us
[85.196s][info][gc,stats      ] Concurrent Precleaning              606 us
[85.196s][info][gc,stats      ] Pause Final Mark (G)               5160 us
[85.196s][info][gc,stats      ] Pause Final Mark (N)               2626 us
[85.196s][info][gc,stats      ]   Finish Queues                      20 us
[85.196s][info][gc,stats      ]   Weak References                    23 us
[85.196s][info][gc,stats      ]     Process                          20 us
[85.196s][info][gc,stats      ]   System Purge                      299 us
[85.196s][info][gc,stats      ]     Weak Roots                      299 us
[85.196s][info][gc,stats      ]   Update Region States               42 us
[85.196s][info][gc,stats      ]   Retire TLABs                       14 us
[85.196s][info][gc,stats      ]   Choose Collection Set             204 us
[85.196s][info][gc,stats      ]   Rebuild Free Set                   14 us
[85.196s][info][gc,stats      ]   Initial Evacuation               2003 us, parallelism: 0.66x
[85.196s][info][gc,stats      ]     E: <total>                     1322 us
[85.196s][info][gc,stats      ]     E: Thread Roots                 437 us, workers (us): 437, 
[85.196s][info][gc,stats      ]     E: Code Cache Roots             343 us, workers (us): 343, 
[85.196s][info][gc,stats      ]     E: Universe Roots                 1 us, workers (us):   1, 
[85.196s][info][gc,stats      ]     E: JNI Handles Roots              1 us, workers (us):   1, 
[85.196s][info][gc,stats      ]     E: Synchronizer Roots             0 us, workers (us):   0, 
[85.196s][info][gc,stats      ]     E: Management Roots               1 us, workers (us):   1, 
[85.196s][info][gc,stats      ]     E: System Dict Roots             11 us, workers (us):  11, 
[85.196s][info][gc,stats      ]     E: CLDG Roots                   527 us, workers (us): 527, 
[85.196s][info][gc,stats      ]     E: JVMTI Roots                    1 us, workers (us):   1, 
[85.196s][info][gc,stats      ] Concurrent Cleanup                   68 us
[85.196s][info][gc,stats      ] Concurrent Evacuation            120667 us
[85.196s][info][gc,stats      ] Pause Init  Update Refs (G)        2563 us
[85.196s][info][gc,stats      ] Pause Init  Update Refs (N)          16 us
[85.196s][info][gc,stats      ]   Retire GCLABs                       9 us
[85.196s][info][gc,stats      ] Concurrent Update Refs           439004 us
[85.196s][info][gc,stats      ] Pause Final Update Refs (G)        3087 us
[85.196s][info][gc,stats      ] Pause Final Update Refs (N)         431 us
[85.196s][info][gc,stats      ]   Update Roots                      362 us, parallelism: 0.98x
[85.196s][info][gc,stats      ]     UR: <total>                     355 us
[85.196s][info][gc,stats      ]     UR: Thread Roots                355 us, workers (us): 355, 
[85.196s][info][gc,stats      ]   Update Region States               41 us
[85.196s][info][gc,stats      ]   Trash Collection Set                5 us
[85.196s][info][gc,stats      ]   Rebuild Free Set                    9 us
[85.196s][info][gc,stats      ] Concurrent Cleanup                   77 us
[85.196s][info][gc,stats      ] Pacing                           201509 us
[85.196s][info][gc,stats      ] 
[85.196s][info][gc,stats      ] Allocation pacing accrued:
[85.196s][info][gc,stats      ]     202 of  3279 ms (  6.1%): Executor task launch worker for task 2.0 in stage 15.0 (TID 26)
[85.196s][info][gc,stats      ]     202 of  3279 ms (  6.1%): <total>
[85.196s][info][gc,stats      ]       2 of  3279 ms (  0.1%): <average total>
[85.196s][info][gc,stats      ]     202 of  3279 ms (  6.1%): <average non-zero>
[85.196s][info][gc,stats      ] 
[85.196s][info][gc,metaspace  ] Metaspace: 66169K->66179K(1107968K)
[85.196s][info][gc,ergo       ] Pacer for Idle. Initial: 25600K, Alloc Tax Rate: 1.0x
[88.334s][info][gc            ] Trigger: Average GC time (995.41 ms) is above the time for allocation rate (176 MB/s) to deplete free headroom (171M)
[88.334s][info][gc,ergo       ] Free headroom: 233M (free) - 64000K (spike) - 0B (penalties) = 171M
[88.334s][info][gc,ergo       ] Free: 233M, Max: 512K regular, 155M humongous, Frag: 34% external, 0% internal; Reserve: 64000K, Max: 512K
[88.334s][info][gc,start      ] GC(31) Concurrent reset
[88.334s][info][gc,task       ] GC(31) Using 1 of 1 workers for concurrent reset
[88.334s][info][gc,ergo       ] GC(31) Pacer for Reset. Non-Taxable: 1250M
[88.335s][info][gc            ] GC(31) Concurrent reset 1.098ms
[88.338s][info][gc,start      ] GC(31) Pause Init Mark
[88.338s][info][gc,task       ] GC(31) Using 1 of 1 workers for init marking
[88.339s][info][gc,ergo       ] GC(31) Pacer for Mark. Expected Live: 183M, Free: 233M, Non-Taxable: 23934K, Alloc Tax Rate: 1.0x
[88.339s][info][gc            ] GC(31) Pause Init Mark 1.510ms
[88.339s][info][gc,start      ] GC(31) Concurrent marking
[88.339s][info][gc,task       ] GC(31) Using 1 of 1 workers for concurrent marking
[88.739s][info][gc            ] GC(31) Concurrent marking 399.985ms
[88.739s][info][gc,start      ] GC(31) Pause Final Mark
[88.740s][info][gc,task       ] GC(31) Using 1 of 1 workers for final marking
[88.740s][info][gc,ergo       ] GC(31) Collectable Garbage: 723M (93%), Immediate: 723M (93%), CSet: 0B (0%)
[88.740s][info][gc            ] GC(31) Pause Final Mark 0.459ms
[88.744s][info][gc,start      ] GC(31) Concurrent cleanup
[88.744s][info][gc            ] GC(31) Concurrent cleanup 966M->244M(1020M) 0.139ms
[88.744s][info][gc,ergo       ] GC(31) Free: 940M, Max: 512K regular, 122M humongous, Frag: 88% external, 0% internal; Reserve: 64000K, Max: 512K
[88.744s][info][gc,ergo       ] Free: 940M, Max: 512K regular, 122M humongous, Frag: 88% external, 0% internal; Reserve: 64000K, Max: 512K
[88.744s][info][gc,stats      ] 
[88.744s][info][gc,stats      ] All times are wall-clock times, except per-root-class counters, that are sum over
[88.744s][info][gc,stats      ] all workers. Dividing the <total> over the root stage time estimates parallelism.
[88.744s][info][gc,stats      ] 
[88.744s][info][gc,stats      ] Concurrent Reset                   1080 us
[88.744s][info][gc,stats      ] Pause Init Mark (G)                4119 us
[88.744s][info][gc,stats      ] Pause Init Mark (N)                1490 us
[88.744s][info][gc,stats      ]   Accumulate Stats                   15 us
[88.744s][info][gc,stats      ]   Make Parsable                      18 us
[88.744s][info][gc,stats      ]   Update Region States               33 us
[88.744s][info][gc,stats      ]   Scan Roots                       1387 us, parallelism: 0.77x
[88.744s][info][gc,stats      ]     S: <total>                     1072 us
[88.744s][info][gc,stats      ]     S: Thread Roots                 451 us, workers (us): 451, 
[88.744s][info][gc,stats      ]     S: Universe Roots                 2 us, workers (us):   2, 
[88.744s][info][gc,stats      ]     S: JNI Handles Roots              2 us, workers (us):   2, 
[88.744s][info][gc,stats      ]     S: Synchronizer Roots             0 us, workers (us):   0, 
[88.744s][info][gc,stats      ]     S: Management Roots               2 us, workers (us):   2, 
[88.744s][info][gc,stats      ]     S: System Dict Roots             13 us, workers (us):  13, 
[88.744s][info][gc,stats      ]     S: CLDG Roots                   600 us, workers (us): 600, 
[88.744s][info][gc,stats      ]     S: JVMTI Roots                    1 us, workers (us):   1, 
[88.744s][info][gc,stats      ]   Resize TLABs                        8 us
[88.744s][info][gc,stats      ] Concurrent Marking               399976 us
[88.744s][info][gc,stats      ] Pause Final Mark (G)               4747 us
[88.744s][info][gc,stats      ] Pause Final Mark (N)                438 us
[88.744s][info][gc,stats      ]   Finish Queues                      20 us
[88.744s][info][gc,stats      ]   System Purge                      312 us
[88.744s][info][gc,stats      ]     Weak Roots                      311 us
[88.744s][info][gc,stats      ]   Update Region States               40 us
[88.744s][info][gc,stats      ]   Retire TLABs                       13 us
[88.744s][info][gc,stats      ]   Choose Collection Set              37 us
[88.744s][info][gc,stats      ]   Rebuild Free Set                    9 us
[88.744s][info][gc,stats      ] Concurrent Cleanup                  107 us
[88.744s][info][gc,stats      ] Pacing                            50303 us
[88.744s][info][gc,stats      ] 
[88.744s][info][gc,stats      ] Allocation pacing accrued:
[88.744s][info][gc,stats      ]      50 of  3548 ms (  1.4%): Executor task launch worker for task 1.0 in stage 24.0 (TID 34)
[88.744s][info][gc,stats      ]      50 of  3548 ms (  1.4%): <total>
[88.744s][info][gc,stats      ]       0 of  3548 ms (  0.0%): <average total>
[88.744s][info][gc,stats      ]      50 of  3548 ms (  1.4%): <average non-zero>
[88.744s][info][gc,stats      ] 
[88.744s][info][gc,metaspace  ] Metaspace: 66337K->66337K(1107968K)
[88.744s][info][gc,ergo       ] Pacer for Idle. Initial: 25600K, Alloc Tax Rate: 1.0x
[90.836s][info][gc            ] Trigger: Average GC time (834.72 ms) is above the time for allocation rate (275 MB/s) to deplete free headroom (228M)
[90.836s][info][gc,ergo       ] Free headroom: 291M (free) - 64000K (spike) - 0B (penalties) = 228M
[90.836s][info][gc,ergo       ] Free: 291M, Max: 512K regular, 122M humongous, Frag: 59% external, 0% internal; Reserve: 64000K, Max: 512K
[90.837s][info][gc,start      ] GC(32) Concurrent reset
[90.837s][info][gc,task       ] GC(32) Using 1 of 1 workers for concurrent reset
[90.837s][info][gc,ergo       ] GC(32) Pacer for Reset. Non-Taxable: 1250M
[90.837s][info][gc            ] GC(32) Concurrent reset 0.348ms
[90.840s][info][gc,start      ] GC(32) Pause Init Mark
[90.840s][info][gc,task       ] GC(32) Using 1 of 1 workers for init marking
[90.842s][info][gc,ergo       ] GC(32) Pacer for Mark. Expected Live: 179M, Free: 291M, Non-Taxable: 29822K, Alloc Tax Rate: 0.8x
[90.842s][info][gc            ] GC(32) Pause Init Mark 2.011ms
[90.842s][info][gc,start      ] GC(32) Concurrent marking
[90.842s][info][gc,task       ] GC(32) Using 1 of 1 workers for concurrent marking
[91.416s][info][gc            ] GC(32) Concurrent marking 574.015ms
[91.416s][info][gc,start      ] GC(32) Pause Final Mark
[91.416s][info][gc,task       ] GC(32) Using 1 of 1 workers for final marking
[91.416s][info][gc,ergo       ] GC(32) Adaptive CSet Selection. Target Free: 177M, Actual Free: 818M, Max CSet: 53333K, Min Garbage: 0B
[91.416s][info][gc,ergo       ] GC(32) Collectable Garbage: 703M (99%), Immediate: 494M (70%), CSet: 208M (29%)
[91.419s][info][gc,ergo       ] GC(32) Pacer for Evacuation. Used CSet: 236M, Free: 773M, Non-Taxable: 79230K, Alloc Tax Rate: 1.1x
[91.419s][info][gc            ] GC(32) Pause Final Mark 2.843ms
[91.419s][info][gc,start      ] GC(32) Concurrent cleanup
[91.419s][info][gc            ] GC(32) Concurrent cleanup 905M->410M(1020M) 0.097ms
[91.419s][info][gc,ergo       ] GC(32) Free: 773M, Max: 512K regular, 145M humongous, Frag: 82% external, 0% internal; Reserve: 63969K, Max: 512K
[91.419s][info][gc,start      ] GC(32) Concurrent evacuation
[91.419s][info][gc,task       ] GC(32) Using 1 of 1 workers for concurrent evacuation
[91.502s][info][gc            ] GC(32) Concurrent evacuation 83.283ms
[91.505s][info][gc,start      ] GC(32) Pause Init Update Refs
[91.505s][info][gc,ergo       ] GC(32) Pacer for Update Refs. Used: 444M, Free: 769M, Non-Taxable: 78769K, Alloc Tax Rate: 1.1x
[91.505s][info][gc            ] GC(32) Pause Init Update Refs 0.033ms
[91.505s][info][gc,start      ] GC(32) Concurrent update references
[91.505s][info][gc,task       ] GC(32) Using 1 of 1 workers for concurrent reference update
[91.851s][info][gc            ] GC(32) Concurrent update references 345.763ms
[91.851s][info][gc,start      ] GC(32) Pause Final Update Refs
[91.851s][info][gc,task       ] GC(32) Using 1 of 1 workers for final reference update
[91.852s][info][gc            ] GC(32) Pause Final Update Refs 0.849ms
[91.852s][info][gc,start      ] GC(32) Concurrent cleanup
[91.852s][info][gc            ] GC(32) Concurrent cleanup 474M->237M(1020M) 0.067ms
[91.852s][info][gc,ergo       ] Free: 942M, Max: 512K regular, 388M humongous, Frag: 59% external, 0% internal; Reserve: 64000K, Max: 512K
[91.852s][info][gc,stats      ] 
[91.852s][info][gc,stats      ] All times are wall-clock times, except per-root-class counters, that are sum over
[91.852s][info][gc,stats      ] all workers. Dividing the <total> over the root stage time estimates parallelism.
[91.852s][info][gc,stats      ] 
[91.852s][info][gc,stats      ] Concurrent Reset                    332 us
[91.852s][info][gc,stats      ] Pause Init Mark (G)                4744 us
[91.852s][info][gc,stats      ] Pause Init Mark (N)                1969 us
[91.852s][info][gc,stats      ]   Accumulate Stats                   19 us
[91.852s][info][gc,stats      ]   Make Parsable                      23 us
[91.852s][info][gc,stats      ]   Update Region States               61 us
[91.852s][info][gc,stats      ]   Scan Roots                       1776 us, parallelism: 0.75x
[91.852s][info][gc,stats      ]     S: <total>                     1329 us
[91.852s][info][gc,stats      ]     S: Thread Roots                 492 us, workers (us): 492, 
[91.852s][info][gc,stats      ]     S: Universe Roots                 3 us, workers (us):   3, 
[91.852s][info][gc,stats      ]     S: JNI Handles Roots              2 us, workers (us):   2, 
[91.852s][info][gc,stats      ]     S: Synchronizer Roots             1 us, workers (us):   1, 
[91.852s][info][gc,stats      ]     S: Management Roots               2 us, workers (us):   2, 
[91.852s][info][gc,stats      ]     S: System Dict Roots             18 us, workers (us):  18, 
[91.852s][info][gc,stats      ]     S: CLDG Roots                   811 us, workers (us): 811, 
[91.852s][info][gc,stats      ]     S: JVMTI Roots                    1 us, workers (us):   1, 
[91.852s][info][gc,stats      ]   Resize TLABs                       14 us
[91.852s][info][gc,stats      ] Concurrent Marking               574005 us
[91.852s][info][gc,stats      ] Pause Final Mark (G)               2989 us
[91.852s][info][gc,stats      ] Pause Final Mark (N)               2824 us
[91.852s][info][gc,stats      ]   Finish Queues                      17 us
[91.852s][info][gc,stats      ]   System Purge                      280 us
[91.852s][info][gc,stats      ]     Weak Roots                      280 us
[91.852s][info][gc,stats      ]   Update Region States               39 us
[91.852s][info][gc,stats      ]   Retire TLABs                       14 us
[91.852s][info][gc,stats      ]   Choose Collection Set             116 us
[91.852s][info][gc,stats      ]   Rebuild Free Set                   10 us
[91.852s][info][gc,stats      ]   Initial Evacuation               2340 us, parallelism: 0.65x
[91.853s][info][gc,stats      ]     E: <total>                     1521 us
[91.853s][info][gc,stats      ]     E: Thread Roots                 532 us, workers (us): 532, 
[91.853s][info][gc,stats      ]     E: Code Cache Roots             403 us, workers (us): 403, 
[91.853s][info][gc,stats      ]     E: Universe Roots                 1 us, workers (us):   1, 
[91.853s][info][gc,stats      ]     E: JNI Handles Roots              1 us, workers (us):   1, 
[91.853s][info][gc,stats      ]     E: Synchronizer Roots             0 us, workers (us):   0, 
[91.853s][info][gc,stats      ]     E: Management Roots               1 us, workers (us):   1, 
[91.853s][info][gc,stats      ]     E: System Dict Roots             11 us, workers (us):  11, 
[91.853s][info][gc,stats      ]     E: CLDG Roots                   570 us, workers (us): 570, 
[91.853s][info][gc,stats      ]     E: JVMTI Roots                    0 us, workers (us):   0, 
[91.853s][info][gc,stats      ] Concurrent Cleanup                   88 us
[91.853s][info][gc,stats      ] Concurrent Evacuation             83271 us
[91.853s][info][gc,stats      ] Pause Init  Update Refs (G)        2630 us
[91.853s][info][gc,stats      ] Pause Init  Update Refs (N)          15 us
[91.853s][info][gc,stats      ]   Retire GCLABs                       8 us
[91.853s][info][gc,stats      ] Concurrent Update Refs           345750 us
[91.853s][info][gc,stats      ] Pause Final Update Refs (G)        1126 us
[91.853s][info][gc,stats      ] Pause Final Update Refs (N)         799 us
[91.853s][info][gc,stats      ]   Update Roots                      726 us, parallelism: 0.98x
[91.853s][info][gc,stats      ]     UR: <total>                     712 us
[91.853s][info][gc,stats      ]     UR: Thread Roots                712 us, workers (us): 712, 
[91.853s][info][gc,stats      ]   Update Region States               45 us
[91.853s][info][gc,stats      ]   Trash Collection Set                3 us
[91.853s][info][gc,stats      ]   Rebuild Free Set                    9 us
[91.853s][info][gc,stats      ] Concurrent Cleanup                   60 us
[91.853s][info][gc,stats      ] 
[91.853s][info][gc,stats      ] Allocation pacing accrued:
[91.853s][info][gc,stats      ]       0 of  3108 ms (  0.0%): <total>
[91.853s][info][gc,stats      ]       0 of  3108 ms (  0.0%): <average total>
[91.853s][info][gc,stats      ] 
[91.853s][info][gc,metaspace  ] Metaspace: 66403K->66403K(1107968K)
[91.853s][info][gc,ergo       ] Pacer for Idle. Initial: 25600K, Alloc Tax Rate: 1.0x
[93.437s][info][gc            ] Trigger: Average GC time (889.00 ms) is above the time for allocation rate (272 MB/s) to deplete free headroom (241M)
[93.437s][info][gc,ergo       ] Free headroom: 303M (free) - 64000K (spike) - 0B (penalties) = 241M
[93.437s][info][gc,ergo       ] Free: 303M, Max: 512K regular, 208M humongous, Frag: 32% external, 0% internal; Reserve: 64000K, Max: 512K
[93.437s][info][gc,start      ] GC(33) Concurrent reset
[93.437s][info][gc,task       ] GC(33) Using 1 of 1 workers for concurrent reset
[93.437s][info][gc,ergo       ] GC(33) Pacer for Reset. Non-Taxable: 1250M
[93.438s][info][gc            ] GC(33) Concurrent reset 0.702ms
[93.440s][info][gc,start      ] GC(33) Pause Init Mark
[93.440s][info][gc,task       ] GC(33) Using 1 of 1 workers for init marking
[93.442s][info][gc,ergo       ] GC(33) Pacer for Mark. Expected Live: 178M, Free: 303M, Non-Taxable: 31120K, Alloc Tax Rate: 0.7x
[93.442s][info][gc            ] GC(33) Pause Init Mark 1.621ms
[93.442s][info][gc,start      ] GC(33) Concurrent marking
[93.442s][info][gc,task       ] GC(33) Using 1 of 1 workers for concurrent marking
[94.044s][info][gc            ] GC(33) Concurrent marking 602.458ms
[94.045s][info][gc,start      ] GC(33) Pause Final Mark
[94.045s][info][gc,task       ] GC(33) Using 1 of 1 workers for final marking
[94.049s][info][gc,ergo       ] GC(33) Adaptive CSet Selection. Target Free: 177M, Actual Free: 773M, Max CSet: 53333K, Min Garbage: 0B
[94.049s][info][gc,ergo       ] GC(33) Collectable Garbage: 651M (99%), Immediate: 466M (71%), CSet: 185M (28%)
[94.051s][info][gc,ergo       ] GC(33) Pacer for Evacuation. Used CSet: 221M, Free: 735M, Non-Taxable: 75339K, Alloc Tax Rate: 1.1x
[94.051s][info][gc            ] GC(33) Pause Final Mark 6.143ms
[94.051s][info][gc,start      ] GC(33) Concurrent cleanup
[94.051s][info][gc            ] GC(33) Concurrent cleanup 915M->449M(1020M) 0.095ms
[94.051s][info][gc,ergo       ] GC(33) Free: 735M, Max: 512K regular, 162M humongous, Frag: 78% external, 0% internal; Reserve: 63969K, Max: 512K
[94.051s][info][gc,start      ] GC(33) Concurrent evacuation
[94.051s][info][gc,task       ] GC(33) Using 1 of 1 workers for concurrent evacuation
[94.214s][info][gc            ] GC(33) Concurrent evacuation 162.941ms
[94.217s][info][gc,start      ] GC(33) Pause Init Update Refs
[94.217s][info][gc,ergo       ] GC(33) Pacer for Update Refs. Used: 539M, Free: 681M, Non-Taxable: 69809K, Alloc Tax Rate: 1.1x
[94.217s][info][gc            ] GC(33) Pause Init Update Refs 0.041ms
[94.217s][info][gc,start      ] GC(33) Concurrent update references
[94.217s][info][gc,task       ] GC(33) Using 1 of 1 workers for concurrent reference update
[94.769s][info][gc            ] GC(33) Concurrent update references 551.764ms
[94.771s][info][gc,start      ] GC(33) Pause Final Update Refs
[94.771s][info][gc,task       ] GC(33) Using 1 of 1 workers for final reference update
[94.772s][info][gc            ] GC(33) Pause Final Update Refs 0.447ms
[94.772s][info][gc,start      ] GC(33) Concurrent cleanup
[94.772s][info][gc            ] GC(33) Concurrent cleanup 775M->554M(1027M) 0.066ms
[94.772s][info][gc,ergo       ] Free: 630M, Max: 512K regular, 180M humongous, Frag: 72% external, 0% internal; Reserve: 64000K, Max: 512K
[94.772s][info][gc,stats      ] 
[94.772s][info][gc,stats      ] All times are wall-clock times, except per-root-class counters, that are sum over
[94.772s][info][gc,stats      ] all workers. Dividing the <total> over the root stage time estimates parallelism.
[94.772s][info][gc,stats      ] 
[94.772s][info][gc,stats      ] Concurrent Reset                    682 us
[94.772s][info][gc,stats      ] Pause Init Mark (G)                4346 us
[94.772s][info][gc,stats      ] Pause Init Mark (N)                1579 us
[94.772s][info][gc,stats      ]   Accumulate Stats                   17 us
[94.772s][info][gc,stats      ]   Make Parsable                      18 us
[94.772s][info][gc,stats      ]   Update Region States               58 us
[94.772s][info][gc,stats      ]   Scan Roots                       1423 us, parallelism: 0.77x
[94.772s][info][gc,stats      ]     S: <total>                     1099 us
[94.772s][info][gc,stats      ]     S: Thread Roots                 493 us, workers (us): 493, 
[94.772s][info][gc,stats      ]     S: Universe Roots                 2 us, workers (us):   2, 
[94.772s][info][gc,stats      ]     S: JNI Handles Roots              2 us, workers (us):   2, 
[94.772s][info][gc,stats      ]     S: Synchronizer Roots             0 us, workers (us):   0, 
[94.772s][info][gc,stats      ]     S: Management Roots               2 us, workers (us):   2, 
[94.772s][info][gc,stats      ]     S: System Dict Roots             12 us, workers (us):  12, 
[94.772s][info][gc,stats      ]     S: CLDG Roots                   588 us, workers (us): 588, 
[94.772s][info][gc,stats      ]     S: JVMTI Roots                    1 us, workers (us):   1, 
[94.772s][info][gc,stats      ]   Resize TLABs                       12 us
[94.772s][info][gc,stats      ] Concurrent Marking               602447 us
[94.772s][info][gc,stats      ] Pause Final Mark (G)               6484 us
[94.772s][info][gc,stats      ] Pause Final Mark (N)               6122 us
[94.772s][info][gc,stats      ]   Finish Queues                    3431 us
[94.772s][info][gc,stats      ]   System Purge                      313 us
[94.772s][info][gc,stats      ]     Weak Roots                      313 us
[94.772s][info][gc,stats      ]   Update Region States               43 us
[94.772s][info][gc,stats      ]   Retire TLABs                       17 us
[94.772s][info][gc,stats      ]   Choose Collection Set             163 us
[94.772s][info][gc,stats      ]   Rebuild Free Set                   10 us
[94.772s][info][gc,stats      ]   Initial Evacuation               2136 us, parallelism: 0.66x
[94.772s][info][gc,stats      ]     E: <total>                     1407 us
[94.772s][info][gc,stats      ]     E: Thread Roots                 486 us, workers (us): 486, 
[94.772s][info][gc,stats      ]     E: Code Cache Roots             381 us, workers (us): 381, 
[94.772s][info][gc,stats      ]     E: Universe Roots                 1 us, workers (us):   1, 
[94.772s][info][gc,stats      ]     E: JNI Handles Roots              1 us, workers (us):   1, 
[94.772s][info][gc,stats      ]     E: Synchronizer Roots             0 us, workers (us):   0, 
[94.772s][info][gc,stats      ]     E: Management Roots               2 us, workers (us):   2, 
[94.772s][info][gc,stats      ]     E: System Dict Roots             12 us, workers (us):  12, 
[94.772s][info][gc,stats      ]     E: CLDG Roots                   524 us, workers (us): 524, 
[94.772s][info][gc,stats      ]     E: JVMTI Roots                    1 us, workers (us):   1, 
[94.772s][info][gc,stats      ] Concurrent Cleanup                   86 us
[94.772s][info][gc,stats      ] Concurrent Evacuation            162915 us
[94.772s][info][gc,stats      ] Pause Init  Update Refs (G)        2714 us
[94.772s][info][gc,stats      ] Pause Init  Update Refs (N)          16 us
[94.772s][info][gc,stats      ]   Retire GCLABs                       9 us
[94.772s][info][gc,stats      ] Concurrent Update Refs           551750 us
[94.772s][info][gc,stats      ] Pause Final Update Refs (G)        3097 us
[94.772s][info][gc,stats      ] Pause Final Update Refs (N)         421 us
[94.772s][info][gc,stats      ]   Update Roots                      359 us, parallelism: 0.98x
[94.772s][info][gc,stats      ]     UR: <total>                     352 us
[94.772s][info][gc,stats      ]     UR: Thread Roots                352 us, workers (us): 352, 
[94.772s][info][gc,stats      ]   Update Region States               41 us
[94.772s][info][gc,stats      ]   Trash Collection Set                4 us
[94.772s][info][gc,stats      ]   Rebuild Free Set                   10 us
[94.772s][info][gc,stats      ] Concurrent Cleanup                   59 us
[94.772s][info][gc,stats      ] Pacing                           462566 us
[94.772s][info][gc,stats      ] 
[94.772s][info][gc,stats      ] Allocation pacing accrued:
[94.772s][info][gc,stats      ]     463 of  2920 ms ( 15.8%): main
[94.772s][info][gc,stats      ]     463 of  2920 ms ( 15.8%): <total>
[94.772s][info][gc,stats      ]       4 of  2920 ms (  0.1%): <average total>
[94.772s][info][gc,stats      ]     463 of  2920 ms ( 15.8%): <average non-zero>
[94.772s][info][gc,stats      ] 
[94.772s][info][gc,metaspace  ] Metaspace: 66491K->66491K(1107968K)
[94.772s][info][gc,ergo       ] Pacer for Idle. Initial: 25600K, Alloc Tax Rate: 1.0x
[95.094s][info][gc            ] Cancelling GC: Stopping VM
[95.096s][info][gc,heap,exit  ] Heap
[95.096s][info][gc,heap,exit  ] Shenandoah Heap
[95.096s][info][gc,heap,exit  ]  1250M max, 1250M soft max, 1027M committed, 740M used
[95.096s][info][gc,heap,exit  ]  2500 x 512K regions
[95.096s][info][gc,heap,exit  ] Status: cancelled
[95.096s][info][gc,heap,exit  ] Reserved region:
[95.096s][info][gc,heap,exit  ]  - [0x00000000b1e00000, 0x0000000100000000) 
[95.096s][info][gc,heap,exit  ] Collection set:
[95.096s][info][gc,heap,exit  ]  - map (vanilla): 0x000000000001163c
[95.096s][info][gc,heap,exit  ]  - map (biased):  0x0000000000010000
[95.096s][info][gc,heap,exit  ] 
[95.096s][info][gc,heap,exit  ]  Metaspace       used 67028K, capacity 70781K, committed 71068K, reserved 1110016K
[95.096s][info][gc,heap,exit  ]   class space    used 9395K, capacity 11256K, committed 11340K, reserved 1048576K
[95.096s][info][gc,stats      ] 
[95.096s][info][gc,stats      ] GC STATISTICS:
[95.096s][info][gc,stats      ]   "(G)" (gross) pauses include VM time: time to notify and block threads, do the pre-
[95.096s][info][gc,stats      ]         and post-safepoint housekeeping. Use -XX:+PrintSafepointStatistics to dissect.
[95.096s][info][gc,stats      ]   "(N)" (net) pauses are the times spent in the actual GC code.
[95.096s][info][gc,stats      ]   "a" is average time for each phase, look at levels to see if average makes sense.
[95.096s][info][gc,stats      ]   "lvls" are quantiles: 0% (minimum), 25%, 50% (median), 75%, 100% (maximum).
[95.096s][info][gc,stats      ] 
[95.096s][info][gc,stats      ]   All times are wall-clock times, except per-root-class counters, that are sum over
[95.096s][info][gc,stats      ]   all workers. Dividing the <total> over the root stage time estimates parallelism.
[95.096s][info][gc,stats      ] 
[95.096s][info][gc,stats      ]   Pacing delays are measured from entering the pacing code till exiting it. Therefore,
[95.096s][info][gc,stats      ]   observed pacing delays may be higher than the threshold when paced thread spent more
[95.096s][info][gc,stats      ]   time in the pacing code. It usually happens when thread is de-scheduled while paced,
[95.096s][info][gc,stats      ]   OS takes longer to unblock the thread, or JVM experiences an STW pause.
[95.096s][info][gc,stats      ] 
[95.096s][info][gc,stats      ]   Higher delay would prevent application outpacing the GC, but it will hide the GC latencies
[95.096s][info][gc,stats      ]   from the STW pause times. Pacing affects the individual threads, and so it would also be
[95.096s][info][gc,stats      ]   invisible to the usual profiling tools, but would add up to end-to-end application latency.
[95.096s][info][gc,stats      ]   Raise max pacing delay with care.
[95.096s][info][gc,stats      ] 
[95.096s][info][gc,stats      ] Concurrent Reset               =    0.022 s (a =      658 us) (n =    34) (lvls, us =       65,      174,      473,      760,     3902)
[95.096s][info][gc,stats      ] Pause Init Mark (G)            =    0.137 s (a =     4024 us) (n =    34) (lvls, us =      760,     3262,     3770,     4219,    10156)
[95.096s][info][gc,stats      ] Pause Init Mark (N)            =    0.049 s (a =     1436 us) (n =    34) (lvls, us =      553,     1094,     1367,     1562,     3733)
[95.096s][info][gc,stats      ]   Accumulate Stats             =    0.000 s (a =       10 us) (n =    34) (lvls, us =        2,        6,        8,       13,       27)
[95.096s][info][gc,stats      ]   Make Parsable                =    0.000 s (a =       12 us) (n =    34) (lvls, us =        2,        8,       11,       13,       28)
[95.096s][info][gc,stats      ]   Update Region States         =    0.001 s (a =       39 us) (n =    34) (lvls, us =       24,       31,       38,       44,       61)
[95.096s][info][gc,stats      ]   Scan Roots                   =    0.045 s (a =     1327 us) (n =    34) (lvls, us =      502,     1016,     1270,     1406,     3586)
[95.096s][info][gc,stats      ]     S: <total>                 =    0.036 s (a =     1051 us) (n =    34) (lvls, us =      316,      758,     1035,     1094,     3274)
[95.096s][info][gc,stats      ]     S: Thread Roots            =    0.014 s (a =      409 us) (n =    34) (lvls, us =      209,      227,      387,      463,     1275)
[95.096s][info][gc,stats      ]     S: Universe Roots          =    0.000 s (a =        3 us) (n =    34) (lvls, us =        2,        2,        2,        2,       17)
[95.096s][info][gc,stats      ]     S: JNI Handles Roots       =    0.000 s (a =        2 us) (n =    34) (lvls, us =        1,        2,        2,        2,        5)
[95.096s][info][gc,stats      ]     S: Synchronizer Roots      =    0.000 s (a =        0 us) (n =    34) (lvls, us =        0,        0,        0,        0,        1)
[95.096s][info][gc,stats      ]     S: Management Roots        =    0.000 s (a =        2 us) (n =    34) (lvls, us =        1,        1,        2,        2,        2)
[95.096s][info][gc,stats      ]     S: System Dict Roots       =    0.001 s (a =       16 us) (n =    34) (lvls, us =        7,       12,       13,       18,       37)
[95.096s][info][gc,stats      ]     S: CLDG Roots              =    0.021 s (a =      619 us) (n =    34) (lvls, us =       78,      506,      586,      658,     2738)
[95.096s][info][gc,stats      ]     S: JVMTI Roots             =    0.000 s (a =        1 us) (n =    34) (lvls, us =        0,        1,        1,        1,        1)
[95.096s][info][gc,stats      ]   Resize TLABs                 =    0.000 s (a =        7 us) (n =    34) (lvls, us =        2,        4,        6,       10,       16)
[95.096s][info][gc,stats      ] Concurrent Marking             =   12.309 s (a =   362039 us) (n =    34) (lvls, us =    23242,    39258,   414062,   519531,  1059668)
[95.096s][info][gc,stats      ] Concurrent Precleaning         =    0.015 s (a =     1886 us) (n =     8) (lvls, us =      396,      570,      605,      623,     6045)
[95.096s][info][gc,stats      ] Pause Final Mark (G)           =    0.204 s (a =     6002 us) (n =    34) (lvls, us =      377,     2246,     2754,     5117,    34223)
[95.096s][info][gc,stats      ] Pause Final Mark (N)           =    0.162 s (a =     4776 us) (n =    34) (lvls, us =      322,      438,     2578,     2871,    34036)
[95.096s][info][gc,stats      ]   Finish Queues                =    0.011 s (a =      311 us) (n =    34) (lvls, us =        8,       10,       16,       19,     6501)
[95.096s][info][gc,stats      ]   Weak References              =    0.001 s (a =      126 us) (n =     8) (lvls, us =       22,       22,       49,      104,      473)
[95.096s][info][gc,stats      ]     Process                    =    0.001 s (a =      124 us) (n =     8) (lvls, us =       20,       20,       47,      102,      470)
[95.096s][info][gc,stats      ]   System Purge                 =    0.010 s (a =      281 us) (n =    34) (lvls, us =      127,      256,      275,      299,      388)
[95.096s][info][gc,stats      ]     Unload Classes             =    0.003 s (a =      817 us) (n =     4) (lvls, us =      402,      402,      676,      906,     1281)
[95.096s][info][gc,stats      ]     Cleanup                    =    0.080 s (a =    20042 us) (n =     4) (lvls, us =     5918,     5918,    16992,    26953,    30094)
[95.096s][info][gc,stats      ]       CU: <total>              =    0.080 s (a =    19947 us) (n =     4) (lvls, us =     5820,     5820,    16992,    26758,    30016)
[95.096s][info][gc,stats      ]       CU: Code Cache Roots     =    0.019 s (a =     4796 us) (n =     4) (lvls, us =     1895,     1895,     2500,     4355,    10415)
[95.096s][info][gc,stats      ]       CU: Code Cache Cleaning  =    0.004 s (a =     1048 us) (n =     4) (lvls, us =      527,      527,      715,     1055,     1884)
[95.096s][info][gc,stats      ]       CU: String Table Roots   =    0.026 s (a =     6479 us) (n =     4) (lvls, us =      842,      842,     2578,     7578,    14896)
[95.096s][info][gc,stats      ]       CU: Resolved Table Roots =    0.000 s (a =       73 us) (n =     4) (lvls, us =       26,       26,       48,       76,      142)
[95.096s][info][gc,stats      ]       CU: CLDG Roots           =    0.030 s (a =     7551 us) (n =     4) (lvls, us =     2520,     2520,     6875,     9590,    11174)
[95.096s][info][gc,stats      ]     Weak Roots                 =    0.010 s (a =      280 us) (n =    34) (lvls, us =      125,      256,      275,      299,      387)
[95.096s][info][gc,stats      ]     CLDG                       =    0.001 s (a =      134 us) (n =     4) (lvls, us =        1,        1,        1,      217,      318)
[95.096s][info][gc,stats      ]   Update Region States         =    0.001 s (a =       43 us) (n =    34) (lvls, us =       36,       39,       42,       44,       68)
[95.096s][info][gc,stats      ]   Retire TLABs                 =    0.000 s (a =       12 us) (n =    34) (lvls, us =        5,        6,       10,       14,       29)
[95.096s][info][gc,stats      ]   Choose Collection Set        =    0.003 s (a =       90 us) (n =    34) (lvls, us =       15,       27,       90,      139,      204)
[95.096s][info][gc,stats      ]   Rebuild Free Set             =    0.000 s (a =        9 us) (n =    34) (lvls, us =        8,        8,        9,        9,       14)
[95.096s][info][gc,stats      ]   Initial Evacuation           =    0.052 s (a =     2158 us) (n =    24) (lvls, us =     1484,     1914,     2031,     2285,     3694)
[95.096s][info][gc,stats      ]     E: <total>                 =    0.033 s (a =     1354 us) (n =    24) (lvls, us =      936,     1133,     1309,     1426,     2559)
[95.096s][info][gc,stats      ]     E: Thread Roots            =    0.009 s (a =      375 us) (n =    24) (lvls, us =       85,      281,      402,      479,      562)
[95.096s][info][gc,stats      ]     E: Code Cache Roots        =    0.009 s (a =      359 us) (n =    24) (lvls, us =      105,      248,      295,      381,     1218)
[95.096s][info][gc,stats      ]     E: Universe Roots          =    0.000 s (a =        2 us) (n =    24) (lvls, us =        1,        1,        1,        1,       23)
[95.096s][info][gc,stats      ]     E: JNI Handles Roots       =    0.000 s (a =        1 us) (n =    24) (lvls, us =        1,        1,        1,        1,        4)
[95.096s][info][gc,stats      ]     E: Synchronizer Roots      =    0.000 s (a =        0 us) (n =    24) (lvls, us =        0,        0,        0,        0,        1)
[95.096s][info][gc,stats      ]     E: Management Roots        =    0.000 s (a =        1 us) (n =    24) (lvls, us =        1,        1,        1,        2,        5)
[95.096s][info][gc,stats      ]     E: System Dict Roots       =    0.000 s (a =       16 us) (n =    24) (lvls, us =        8,       11,       12,       13,       43)
[95.096s][info][gc,stats      ]     E: CLDG Roots              =    0.014 s (a =      598 us) (n =    24) (lvls, us =      359,      523,      553,      611,      875)
[95.096s][info][gc,stats      ]     E: JVMTI Roots             =    0.000 s (a =        1 us) (n =    24) (lvls, us =        0,        0,        1,        1,        1)
[95.096s][info][gc,stats      ] Concurrent Cleanup             =    0.003 s (a =       78 us) (n =    34) (lvls, us =       42,       46,       77,       90,      174)
[95.096s][info][gc,stats      ] Concurrent Evacuation          =    2.011 s (a =    83800 us) (n =    24) (lvls, us =     2148,    20508,    70898,   126953,   235244)
[95.096s][info][gc,stats      ] Pause Init  Update Refs (G)    =    0.051 s (a =     2120 us) (n =    24) (lvls, us =      115,     2109,     2480,     2617,     4156)
[95.096s][info][gc,stats      ] Pause Init  Update Refs (N)    =    0.000 s (a =       15 us) (n =    24) (lvls, us =        9,       11,       14,       16,       36)
[95.096s][info][gc,stats      ]   Retire GCLABs                =    0.000 s (a =        7 us) (n =    24) (lvls, us =        2,        4,        6,        8,       23)
[95.096s][info][gc,stats      ] Concurrent Update Refs         =    9.390 s (a =   391248 us) (n =    24) (lvls, us =    19531,   275391,   382812,   462891,  1336263)
[95.096s][info][gc,stats      ] Pause Final Update Refs (G)    =    0.080 s (a =     3325 us) (n =    24) (lvls, us =      383,     2324,     2988,     3086,     8427)
[95.096s][info][gc,stats      ] Pause Final Update Refs (N)    =    0.010 s (a =      400 us) (n =    24) (lvls, us =      250,      295,      418,      436,      799)
[95.096s][info][gc,stats      ]   Update Roots                 =    0.008 s (a =      332 us) (n =    24) (lvls, us =      191,      225,      348,      365,      726)
[95.096s][info][gc,stats      ]     UR: <total>                =    0.008 s (a =      323 us) (n =    24) (lvls, us =      182,      217,      340,      354,      712)
[95.096s][info][gc,stats      ]     UR: Thread Roots           =    0.008 s (a =      323 us) (n =    24) (lvls, us =      182,      217,      340,      354,      712)
[95.096s][info][gc,stats      ]   Update Region States         =    0.001 s (a =       42 us) (n =    24) (lvls, us =       39,       40,       41,       43,       56)
[95.096s][info][gc,stats      ]   Trash Collection Set         =    0.000 s (a =        3 us) (n =    24) (lvls, us =        1,        2,        3,        4,        6)
[95.096s][info][gc,stats      ]   Rebuild Free Set             =    0.000 s (a =        9 us) (n =    24) (lvls, us =        8,        9,        9,       10,       11)
[95.096s][info][gc,stats      ] Concurrent Cleanup             =    0.001 s (a =       62 us) (n =    24) (lvls, us =       44,       50,       57,       74,       87)
[95.096s][info][gc,stats      ] Concurrent Uncommit            =    0.098 s (a =    48897 us) (n =     2) (lvls, us =    48633,    48633,    48633,    48633,    49073)
[95.096s][info][gc,stats      ] Pacing                         =    2.347 s (a =    69020 us) (n =    34) (lvls, us =        0,        0,        0,   132812,   462566)
[95.096s][info][gc,stats      ] 
[95.096s][info][gc,stats      ] 
[95.096s][info][gc,stats      ] Under allocation pressure, concurrent cycles may cancel, and either continue cycle
[95.096s][info][gc,stats      ] under stop-the-world pause or result in stop-the-world Full GC. Increase heap size,
[95.096s][info][gc,stats      ] tune GC heuristics, set more aggressive pacing delay, or lower allocation rate
[95.096s][info][gc,stats      ] to avoid Degenerated and Full GC cycles.
[95.096s][info][gc,stats      ] 
[95.096s][info][gc,stats      ]    34 successful concurrent GCs
[95.096s][info][gc,stats      ]       2 invoked explicitly
[95.096s][info][gc,stats      ]       0 invoked implicitly
[95.096s][info][gc,stats      ] 
[95.096s][info][gc,stats      ]     0 Degenerated GCs
[95.096s][info][gc,stats      ]       0 caused by allocation failure
[95.096s][info][gc,stats      ]       0 upgraded to Full GC
[95.096s][info][gc,stats      ] 
[95.097s][info][gc,stats      ]     0 Full GCs
[95.097s][info][gc,stats      ]       0 invoked explicitly
[95.097s][info][gc,stats      ]       0 invoked implicitly
[95.097s][info][gc,stats      ]       0 caused by allocation failure
[95.097s][info][gc,stats      ]       0 upgraded from Degenerated GC
[95.097s][info][gc,stats      ] 
[95.097s][info][gc,stats      ] 
