[0.007s][info][gc,init] Regions: 4000 x 256K
[0.015s][info][gc,init] Humongous object threshold: 256K
[0.015s][info][gc,init] Max TLAB size: 256K
[0.015s][info][gc,init] GC threads: 1 parallel, 1 concurrent
[0.015s][info][gc     ] Heuristics ergonomically sets -XX:+ExplicitGCInvokesConcurrent
[0.015s][info][gc     ] Heuristics ergonomically sets -XX:+ShenandoahImplicitGCInvokesConcurrent
[0.015s][info][gc,init] Shenandoah GC mode: Snapshot-At-The-Beginning (SATB)
[0.015s][info][gc,init] Shenandoah heuristics: Adaptive
[0.016s][info][gc,ergo] Pacer for Idle. Initial: 20480K, Alloc Tax Rate: 1.0x
[0.016s][info][gc,init] Initialize Shenandoah heap: 124M initial, 6656K min, 1000M max
[0.016s][info][gc,init] Safepointing mechanism: global-page poll
[0.016s][info][gc     ] Using Shenandoah
[0.016s][info][gc,heap,coops] Heap address: 0x00000000c1800000, size: 1000 MB, Compressed Oops mode: 32-bit
[0.019s][info][gc,init      ] Reference processing: serial discovery, serial processing
[12.091s][info][gc           ] Trigger: Metadata GC Threshold
[12.091s][info][gc,ergo      ] Free: 870M, Max: 256K regular, 870M humongous, Frag: 0% external, 0% internal; Reserve: 51200K, Max: 256K
[12.091s][info][gc,start     ] GC(0) Concurrent reset
[12.091s][info][gc,task      ] GC(0) Using 1 of 1 workers for concurrent reset
[12.091s][info][gc,ergo      ] GC(0) Pacer for Reset. Non-Taxable: 1000M
[12.091s][info][gc           ] GC(0) Concurrent reset 0.094ms
[12.100s][info][gc,start     ] GC(0) Pause Init Mark (process weakrefs) (unload classes)
[12.100s][info][gc,task      ] GC(0) Using 1 of 1 workers for init marking
[12.101s][info][gc,ergo      ] GC(0) Pacer for Mark. Expected Live: 100M, Free: 870M, Non-Taxable: 89113K, Alloc Tax Rate: 0.1x
[12.101s][info][gc           ] GC(0) Pause Init Mark (process weakrefs) (unload classes) 1.261ms
[12.101s][info][gc,start     ] GC(0) Concurrent marking (process weakrefs) (unload classes)
[12.101s][info][gc,task      ] GC(0) Using 1 of 1 workers for concurrent marking
[12.228s][info][gc           ] GC(0) Concurrent marking (process weakrefs) (unload classes) 126.735ms
[12.229s][info][gc,start     ] GC(0) Concurrent precleaning
[12.230s][info][gc,task      ] GC(0) Using 1 of 1 workers for concurrent preclean
[12.230s][info][gc,ergo      ] GC(0) Pacer for Precleaning. Non-Taxable: 1000M
[12.230s][info][gc           ] GC(0) Concurrent precleaning 0.463ms
[12.230s][info][gc,start     ] GC(0) Pause Final Mark (process weakrefs) (unload classes)
[12.230s][info][gc,task      ] GC(0) Using 1 of 1 workers for final marking
[12.249s][info][gc,stringtable] GC(0) Cleaned string and symbol table, strings: 7965 processed, 0 removed, symbols: 40193 processed, 44 removed
[12.249s][info][gc,ergo       ] GC(0) Adaptive CSet Selection. Target Free: 141M, Actual Free: 920M, Max CSet: 42666K, Min Garbage: 0B
[12.249s][info][gc,ergo       ] GC(0) Collectable Garbage: 62114K (99%), Immediate: 1228K (1%), CSet: 60886K (97%)
[12.258s][info][gc,ergo       ] GC(0) Pacer for Evacuation. Used CSet: 67840K, Free: 871M, Non-Taxable: 89238K, Alloc Tax Rate: 1.1x
[12.258s][info][gc            ] GC(0) Pause Final Mark (process weakrefs) (unload classes) 28.373ms
[12.259s][info][gc,start      ] GC(0) Concurrent cleanup
[12.259s][info][gc            ] GC(0) Concurrent cleanup 79M->78M(125M) 0.084ms
[12.259s][info][gc,ergo       ] GC(0) Free: 871M, Max: 256K regular, 869M humongous, Frag: 1% external, 0% internal; Reserve: 50432K, Max: 256K
[12.259s][info][gc,start      ] GC(0) Concurrent evacuation
[12.259s][info][gc,task       ] GC(0) Using 1 of 1 workers for concurrent evacuation
[12.324s][info][gc            ] GC(0) Concurrent evacuation 65.073ms
[12.324s][info][gc,start      ] GC(0) Pause Init Update Refs
[12.324s][info][gc,ergo       ] GC(0) Pacer for Update Refs. Used: 87385K, Free: 870M, Non-Taxable: 89186K, Alloc Tax Rate: 1.1x
[12.324s][info][gc            ] GC(0) Pause Init Update Refs 0.024ms
[12.330s][info][gc,start      ] GC(0) Concurrent update references
[12.330s][info][gc,task       ] GC(0) Using 1 of 1 workers for concurrent reference update
[12.397s][info][gc            ] GC(0) Concurrent update references 66.924ms
[12.409s][info][gc,start      ] GC(0) Pause Final Update Refs
[12.409s][info][gc,task       ] GC(0) Using 1 of 1 workers for final reference update
[12.410s][info][gc            ] GC(0) Pause Final Update Refs 0.453ms
[12.410s][info][gc,start      ] GC(0) Concurrent cleanup
[12.410s][info][gc            ] GC(0) Concurrent cleanup 85M->19M(131M) 0.093ms
[12.410s][info][gc,ergo       ] Free: 929M, Max: 256K regular, 862M humongous, Frag: 8% external, 0% internal; Reserve: 51200K, Max: 256K
[12.410s][info][gc,stats      ] 
[12.410s][info][gc,stats      ] All times are wall-clock times, except per-root-class counters, that are sum over
[12.410s][info][gc,stats      ] all workers. Dividing the <total> over the root stage time estimates parallelism.
[12.410s][info][gc,stats      ] 
[12.410s][info][gc,stats      ] Concurrent Reset                     86 us
[12.410s][info][gc,stats      ] Pause Init Mark (G)                9880 us
[12.410s][info][gc,stats      ] Pause Init Mark (N)                1204 us
[12.410s][info][gc,stats      ]   Accumulate Stats                    3 us
[12.410s][info][gc,stats      ]   Make Parsable                       4 us
[12.410s][info][gc,stats      ]   Update Region States               70 us
[12.410s][info][gc,stats      ]   Scan Roots                       1103 us, parallelism: 0.94x
[12.410s][info][gc,stats      ]     S: <total>                     1040 us
[12.410s][info][gc,stats      ]     S: Thread Roots                 826 us, workers (us): 826, 
[12.410s][info][gc,stats      ]     S: Universe Roots                27 us, workers (us):  27, 
[12.410s][info][gc,stats      ]     S: JNI Handles Roots              6 us, workers (us):   6, 
[12.410s][info][gc,stats      ]     S: Synchronizer Roots             0 us, workers (us):   0, 
[12.410s][info][gc,stats      ]     S: Management Roots               1 us, workers (us):   1, 
[12.410s][info][gc,stats      ]     S: System Dict Roots             36 us, workers (us):  36, 
[12.410s][info][gc,stats      ]     S: CLDG Roots                   142 us, workers (us): 142, 
[12.410s][info][gc,stats      ]     S: JVMTI Roots                    0 us, workers (us):   0, 
[12.410s][info][gc,stats      ]   Resize TLABs                        1 us
[12.410s][info][gc,stats      ] Concurrent Marking               126726 us
[12.410s][info][gc,stats      ] Concurrent Precleaning              302 us
[12.410s][info][gc,stats      ] Pause Final Mark (G)              28959 us
[12.410s][info][gc,stats      ] Pause Final Mark (N)              28365 us
[12.410s][info][gc,stats      ]   Finish Queues                      20 us
[12.410s][info][gc,stats      ]   Weak References                    80 us
[12.410s][info][gc,stats      ]     Process                          77 us
[12.410s][info][gc,stats      ]   System Purge                      122 us
[12.410s][info][gc,stats      ]     Unload Classes                  671 us
[12.410s][info][gc,stats      ]     Cleanup                       17695 us, parallelism: 0.99x
[12.410s][info][gc,stats      ]       CU: <total>                 17602 us
[12.410s][info][gc,stats      ]       CU: Code Cache Roots         1857 us, workers (us): 1857, 
[12.410s][info][gc,stats      ]       CU: Code Cache Cleaning       592 us, workers (us): 592, 
[12.410s][info][gc,stats      ]       CU: String Table Roots        937 us, workers (us): 937, 
[12.410s][info][gc,stats      ]       CU: Resolved Table Roots       25 us, workers (us):  25, 
[12.410s][info][gc,stats      ]       CU: CLDG Roots              14192 us, workers (us): 14192, 
[12.410s][info][gc,stats      ]     Weak Roots                      122 us
[12.410s][info][gc,stats      ]     CLDG                              1 us
[12.410s][info][gc,stats      ]   Update Region States               44 us
[12.410s][info][gc,stats      ]   Retire TLABs                        6 us
[12.410s][info][gc,stats      ]   Choose Collection Set              58 us
[12.410s][info][gc,stats      ]   Rebuild Free Set                   12 us
[12.410s][info][gc,stats      ]   Initial Evacuation               9647 us, parallelism: 0.89x
[12.410s][info][gc,stats      ]     E: <total>                     8626 us
[12.410s][info][gc,stats      ]     E: Thread Roots                 184 us, workers (us): 184, 
[12.410s][info][gc,stats      ]     E: Code Cache Roots            7655 us, workers (us): 7655, 
[12.410s][info][gc,stats      ]     E: Universe Roots                21 us, workers (us):  21, 
[12.410s][info][gc,stats      ]     E: JNI Handles Roots              5 us, workers (us):   5, 
[12.410s][info][gc,stats      ]     E: Synchronizer Roots             0 us, workers (us):   0, 
[12.410s][info][gc,stats      ]     E: Management Roots               2 us, workers (us):   2, 
[12.410s][info][gc,stats      ]     E: System Dict Roots             14 us, workers (us):  14, 
[12.410s][info][gc,stats      ]     E: CLDG Roots                   745 us, workers (us): 745, 
[12.410s][info][gc,stats      ]     E: JVMTI Roots                    1 us, workers (us):   1, 
[12.410s][info][gc,stats      ] Concurrent Cleanup                   67 us
[12.410s][info][gc,stats      ] Concurrent Evacuation             65061 us
[12.410s][info][gc,stats      ] Pause Init  Update Refs (G)        6266 us
[12.410s][info][gc,stats      ] Pause Init  Update Refs (N)           8 us
[12.410s][info][gc,stats      ]   Retire GCLABs                       2 us
[12.410s][info][gc,stats      ] Concurrent Update Refs            66876 us
[12.410s][info][gc,stats      ] Pause Final Update Refs (G)       12595 us
[12.410s][info][gc,stats      ] Pause Final Update Refs (N)         404 us
[12.410s][info][gc,stats      ]   Update Roots                      314 us, parallelism: 0.96x
[12.410s][info][gc,stats      ]     UR: <total>                     301 us
[12.410s][info][gc,stats      ]     UR: Thread Roots                301 us, workers (us): 301, 
[12.410s][info][gc,stats      ]   Update Region States               66 us
[12.410s][info][gc,stats      ]   Trash Collection Set                3 us
[12.410s][info][gc,stats      ]   Rebuild Free Set                   14 us
[12.410s][info][gc,stats      ] Concurrent Cleanup                   76 us
[12.410s][info][gc,stats      ] 
[12.410s][info][gc,stats      ] Allocation pacing accrued:
[12.410s][info][gc,stats      ]       0 of 12395 ms (  0.0%): <total>
[12.410s][info][gc,stats      ]       0 of 12395 ms (  0.0%): <average total>
[12.410s][info][gc,stats      ] 
[12.410s][info][gc,metaspace  ] Metaspace: 20175K->20484K(1067008K)
[12.410s][info][gc,ergo       ] Pacer for Idle. Initial: 20480K, Alloc Tax Rate: 1.0x
[18.122s][info][gc            ] Trigger: Metadata GC Threshold
[18.122s][info][gc,ergo       ] Free: 865M, Max: 256K regular, 862M humongous, Frag: 1% external, 0% internal; Reserve: 51200K, Max: 256K
[18.122s][info][gc,start      ] GC(1) Concurrent reset
[18.122s][info][gc,task       ] GC(1) Using 1 of 1 workers for concurrent reset
[18.122s][info][gc,ergo       ] GC(1) Pacer for Reset. Non-Taxable: 1000M
[18.123s][info][gc            ] GC(1) Concurrent reset 0.242ms
[18.131s][info][gc,start      ] GC(1) Pause Init Mark (unload classes)
[18.131s][info][gc,task       ] GC(1) Using 1 of 1 workers for init marking
[18.141s][info][gc,ergo       ] GC(1) Pacer for Mark. Expected Live: 17455K, Free: 865M, Non-Taxable: 88652K, Alloc Tax Rate: 0.0x
[18.141s][info][gc            ] GC(1) Pause Init Mark (unload classes) 9.544ms
[18.141s][info][gc,start      ] GC(1) Concurrent marking (unload classes)
[18.141s][info][gc,task       ] GC(1) Using 1 of 1 workers for concurrent marking
[18.279s][info][gc            ] GC(1) Concurrent marking (unload classes) 138.052ms
[18.279s][info][gc,start      ] GC(1) Pause Final Mark (unload classes)
[18.279s][info][gc,task       ] GC(1) Using 1 of 1 workers for final marking
[18.321s][info][gc,stringtable] GC(1) Cleaned string and symbol table, strings: 13439 processed, 0 removed, symbols: 79945 processed, 44 removed
[18.335s][info][gc,ergo       ] GC(1) Adaptive CSet Selection. Target Free: 141M, Actual Free: 915M, Max CSet: 42666K, Min Garbage: 0B
[18.335s][info][gc,ergo       ] GC(1) Collectable Garbage: 62918K (98%), Immediate: 1022K (1%), CSet: 61896K (97%)
[18.344s][info][gc,ergo       ] GC(1) Pacer for Evacuation. Used CSet: 66560K, Free: 866M, Non-Taxable: 88678K, Alloc Tax Rate: 1.1x
[18.344s][info][gc            ] GC(1) Pause Final Mark (unload classes) 64.908ms
[18.351s][info][gc,start      ] GC(1) Concurrent cleanup
[18.351s][info][gc            ] GC(1) Concurrent cleanup 85M->84M(132M) 0.131ms
[18.351s][info][gc,ergo       ] GC(1) Free: 865M, Max: 256K regular, 862M humongous, Frag: 1% external, 0% internal; Reserve: 50176K, Max: 256K
[18.351s][info][gc,start      ] GC(1) Concurrent evacuation
[18.351s][info][gc,task       ] GC(1) Using 1 of 1 workers for concurrent evacuation
[18.389s][info][gc            ] GC(1) Concurrent evacuation 38.250ms
[18.389s][info][gc,start      ] GC(1) Pause Init Update Refs
[18.390s][info][gc,ergo       ] GC(1) Pacer for Update Refs. Used: 90412K, Free: 865M, Non-Taxable: 88627K, Alloc Tax Rate: 1.1x
[18.390s][info][gc            ] GC(1) Pause Init Update Refs 0.018ms
[18.390s][info][gc,start      ] GC(1) Concurrent update references
[18.390s][info][gc,task       ] GC(1) Using 1 of 1 workers for concurrent reference update
[18.481s][info][gc            ] GC(1) Concurrent update references 91.004ms
[18.481s][info][gc,start      ] GC(1) Pause Final Update Refs
[18.483s][info][gc,task       ] GC(1) Using 1 of 1 workers for final reference update
[18.483s][info][gc            ] GC(1) Pause Final Update Refs 2.333ms
[18.483s][info][gc,start      ] GC(1) Concurrent cleanup
[18.483s][info][gc            ] GC(1) Concurrent cleanup 88M->23M(136M) 0.083ms
[18.483s][info][gc,ergo       ] Free: 925M, Max: 256K regular, 861M humongous, Frag: 7% external, 0% internal; Reserve: 51200K, Max: 256K
[18.483s][info][gc,stats      ] 
[18.483s][info][gc,stats      ] All times are wall-clock times, except per-root-class counters, that are sum over
[18.483s][info][gc,stats      ] all workers. Dividing the <total> over the root stage time estimates parallelism.
[18.483s][info][gc,stats      ] 
[18.483s][info][gc,stats      ] Concurrent Reset                    215 us
[18.483s][info][gc,stats      ] Pause Init Mark (G)               17870 us
[18.483s][info][gc,stats      ] Pause Init Mark (N)                9495 us
[18.483s][info][gc,stats      ]   Accumulate Stats                    5 us
[18.483s][info][gc,stats      ]   Make Parsable                      12 us
[18.483s][info][gc,stats      ]   Update Region States             7789 us
[18.483s][info][gc,stats      ]   Scan Roots                       1632 us, parallelism: 0.91x
[18.483s][info][gc,stats      ]     S: <total>                     1479 us
[18.483s][info][gc,stats      ]     S: Thread Roots                1354 us, workers (us): 1354, 
[18.483s][info][gc,stats      ]     S: Universe Roots                 4 us, workers (us):   4, 
[18.483s][info][gc,stats      ]     S: JNI Handles Roots              2 us, workers (us):   2, 
[18.483s][info][gc,stats      ]     S: Synchronizer Roots             1 us, workers (us):   1, 
[18.483s][info][gc,stats      ]     S: Management Roots               4 us, workers (us):   4, 
[18.483s][info][gc,stats      ]     S: System Dict Roots             35 us, workers (us):  35, 
[18.483s][info][gc,stats      ]     S: CLDG Roots                    77 us, workers (us):  77, 
[18.483s][info][gc,stats      ]     S: JVMTI Roots                    1 us, workers (us):   1, 
[18.483s][info][gc,stats      ]   Resize TLABs                        5 us
[18.483s][info][gc,stats      ] Concurrent Marking               138043 us
[18.483s][info][gc,stats      ] Pause Final Mark (G)              72148 us
[18.483s][info][gc,stats      ] Pause Final Mark (N)              64897 us
[18.483s][info][gc,stats      ]   Finish Queues                      37 us
[18.483s][info][gc,stats      ]   System Purge                      192 us
[18.483s][info][gc,stats      ]     Unload Classes                  370 us
[18.483s][info][gc,stats      ]     Cleanup                       41509 us, parallelism: 1.00x
[18.483s][info][gc,stats      ]       CU: <total>                 41438 us
[18.483s][info][gc,stats      ]       CU: Code Cache Roots         2497 us, workers (us): 2497, 
[18.483s][info][gc,stats      ]       CU: Code Cache Cleaning       706 us, workers (us): 706, 
[18.483s][info][gc,stats      ]       CU: String Table Roots      25967 us, workers (us): 25967, 
[18.483s][info][gc,stats      ]       CU: Resolved Table Roots       46 us, workers (us):  46, 
[18.483s][info][gc,stats      ]       CU: CLDG Roots              12221 us, workers (us): 12221, 
[18.484s][info][gc,stats      ]     Weak Roots                      192 us
[18.484s][info][gc,stats      ]     CLDG                              1 us
[18.484s][info][gc,stats      ]   Update Region States            14412 us
[18.484s][info][gc,stats      ]   Retire TLABs                       20 us
[18.484s][info][gc,stats      ]   Choose Collection Set             131 us
[18.484s][info][gc,stats      ]   Rebuild Free Set                   15 us
[18.484s][info][gc,stats      ]   Initial Evacuation               8200 us, parallelism: 0.13x
[18.484s][info][gc,stats      ]     E: <total>                     1070 us
[18.484s][info][gc,stats      ]     E: Thread Roots                 235 us, workers (us): 235, 
[18.484s][info][gc,stats      ]     E: Code Cache Roots             128 us, workers (us): 128, 
[18.484s][info][gc,stats      ]     E: Universe Roots                 1 us, workers (us):   1, 
[18.484s][info][gc,stats      ]     E: JNI Handles Roots              3 us, workers (us):   3, 
[18.484s][info][gc,stats      ]     E: Synchronizer Roots             1 us, workers (us):   1, 
[18.484s][info][gc,stats      ]     E: Management Roots               2 us, workers (us):   2, 
[18.484s][info][gc,stats      ]     E: System Dict Roots             45 us, workers (us):  45, 
[18.484s][info][gc,stats      ]     E: CLDG Roots                   655 us, workers (us): 655, 
[18.484s][info][gc,stats      ]     E: JVMTI Roots                    1 us, workers (us):   1, 
[18.484s][info][gc,stats      ] Concurrent Cleanup                   68 us
[18.484s][info][gc,stats      ] Concurrent Evacuation             38238 us
[18.484s][info][gc,stats      ] Pause Init  Update Refs (G)         244 us
[18.484s][info][gc,stats      ] Pause Init  Update Refs (N)           8 us
[18.484s][info][gc,stats      ]   Retire GCLABs                       2 us
[18.484s][info][gc,stats      ] Concurrent Update Refs            90988 us
[18.484s][info][gc,stats      ] Pause Final Update Refs (G)        2625 us
[18.484s][info][gc,stats      ] Pause Final Update Refs (N)         481 us
[18.484s][info][gc,stats      ]   Update Roots                      379 us, parallelism: 0.95x
[18.484s][info][gc,stats      ]     UR: <total>                     360 us
[18.484s][info][gc,stats      ]     UR: Thread Roots                360 us, workers (us): 360, 
[18.484s][info][gc,stats      ]   Update Region States               48 us
[18.484s][info][gc,stats      ]   Trash Collection Set                3 us
[18.484s][info][gc,stats      ]   Rebuild Free Set                   15 us
[18.484s][info][gc,stats      ] Concurrent Cleanup                   75 us
[18.484s][info][gc,stats      ] 
[18.484s][info][gc,stats      ] Allocation pacing accrued:
[18.484s][info][gc,stats      ]       0 of  6073 ms (  0.0%): <total>
[18.484s][info][gc,stats      ]       0 of  6073 ms (  0.0%): <average total>
[18.484s][info][gc,stats      ] 
[18.484s][info][gc,metaspace  ] Metaspace: 34367K->34798K(1081344K)
[18.484s][info][gc,ergo       ] Pacer for Idle. Initial: 20480K, Alloc Tax Rate: 1.0x
[23.862s][info][gc            ] Trigger: Learning 3 of 5. Free (699M) is below initial threshold (700M)
[23.862s][info][gc,ergo       ] Free: 699M, Max: 256K regular, 699M humongous, Frag: 0% external, 0% internal; Reserve: 51200K, Max: 256K
[23.862s][info][gc,start      ] GC(2) Concurrent reset
[23.862s][info][gc,task       ] GC(2) Using 1 of 1 workers for concurrent reset
[23.862s][info][gc,ergo       ] GC(2) Pacer for Reset. Non-Taxable: 1000M
[23.862s][info][gc            ] GC(2) Concurrent reset 0.248ms
[23.862s][info][gc,start      ] GC(2) Pause Init Mark
[23.862s][info][gc,task       ] GC(2) Using 1 of 1 workers for init marking
[23.863s][info][gc,ergo       ] GC(2) Pacer for Mark. Expected Live: 19383K, Free: 699M, Non-Taxable: 71629K, Alloc Tax Rate: 0.0x
[23.864s][info][gc            ] GC(2) Pause Init Mark 1.043ms
[23.864s][info][gc,start      ] GC(2) Concurrent marking
[23.864s][info][gc,task       ] GC(2) Using 1 of 1 workers for concurrent marking
[24.899s][info][gc            ] GC(2) Concurrent marking 1035.221ms
[24.904s][info][gc,start      ] GC(2) Pause Final Mark
[24.907s][info][gc,task       ] GC(2) Using 1 of 1 workers for final marking
[24.908s][info][gc,ergo       ] GC(2) Adaptive CSet Selection. Target Free: 141M, Actual Free: 661M, Max CSet: 42666K, Min Garbage: 0B
[24.908s][info][gc,ergo       ] GC(2) Collectable Garbage: 39183K (89%), Immediate: 872K (1%), CSet: 38311K (87%)
[24.910s][info][gc,ergo       ] GC(2) Pacer for Evacuation. Used CSet: 40884K, Free: 612M, Non-Taxable: 62669K, Alloc Tax Rate: 1.1x
[24.910s][info][gc            ] GC(2) Pause Final Mark 5.928ms
[24.910s][info][gc,start      ] GC(2) Concurrent cleanup
[24.910s][info][gc            ] GC(2) Concurrent cleanup 338M->337M(340M) 0.075ms
[24.910s][info][gc,ergo       ] GC(2) Free: 612M, Max: 256K regular, 611M humongous, Frag: 1% external, 0% internal; Reserve: 50688K, Max: 256K
[24.910s][info][gc,start      ] GC(2) Concurrent evacuation
[24.910s][info][gc,task       ] GC(2) Using 1 of 1 workers for concurrent evacuation
[24.927s][info][gc            ] GC(2) Concurrent evacuation 17.128ms
[24.927s][info][gc,start      ] GC(2) Pause Init Update Refs
[24.927s][info][gc,ergo       ] GC(2) Pacer for Update Refs. Used: 341M, Free: 610M, Non-Taxable: 62515K, Alloc Tax Rate: 1.1x
[24.927s][info][gc            ] GC(2) Pause Init Update Refs 0.021ms
[24.927s][info][gc,start      ] GC(2) Concurrent update references
[24.927s][info][gc,task       ] GC(2) Using 1 of 1 workers for concurrent reference update
[26.037s][info][gc            ] GC(2) Concurrent update references 1109.463ms
[26.041s][info][gc,start      ] GC(2) Pause Final Update Refs
[26.041s][info][gc,task       ] GC(2) Using 1 of 1 workers for final reference update
[26.042s][info][gc            ] GC(2) Pause Final Update Refs 0.476ms
[26.042s][info][gc,start      ] GC(2) Concurrent cleanup
[26.042s][info][gc            ] GC(2) Concurrent cleanup 443M->403M(444M) 0.081ms
[26.042s][info][gc,ergo       ] Free: 545M, Max: 256K regular, 506M humongous, Frag: 8% external, 0% internal; Reserve: 51200K, Max: 256K
[26.042s][info][gc,stats      ] 
[26.042s][info][gc,stats      ] All times are wall-clock times, except per-root-class counters, that are sum over
[26.042s][info][gc,stats      ] all workers. Dividing the <total> over the root stage time estimates parallelism.
[26.042s][info][gc,stats      ] 
[26.042s][info][gc,stats      ] Concurrent Reset                    221 us
[26.042s][info][gc,stats      ] Pause Init Mark (G)                1181 us
[26.042s][info][gc,stats      ] Pause Init Mark (N)                1033 us
[26.042s][info][gc,stats      ]   Accumulate Stats                    6 us
[26.042s][info][gc,stats      ]   Make Parsable                      10 us
[26.042s][info][gc,stats      ]   Update Region States               36 us
[26.042s][info][gc,stats      ]   Scan Roots                        952 us, parallelism: 0.85x
[26.042s][info][gc,stats      ]     S: <total>                      807 us
[26.042s][info][gc,stats      ]     S: Thread Roots                 337 us, workers (us): 337, 
[26.042s][info][gc,stats      ]     S: Universe Roots                 2 us, workers (us):   2, 
[26.042s][info][gc,stats      ]     S: JNI Handles Roots              1 us, workers (us):   1, 
[26.042s][info][gc,stats      ]     S: Synchronizer Roots             0 us, workers (us):   0, 
[26.042s][info][gc,stats      ]     S: Management Roots               1 us, workers (us):   1, 
[26.042s][info][gc,stats      ]     S: System Dict Roots             16 us, workers (us):  16, 
[26.042s][info][gc,stats      ]     S: CLDG Roots                   449 us, workers (us): 449, 
[26.042s][info][gc,stats      ]     S: JVMTI Roots                    0 us, workers (us):   0, 
[26.042s][info][gc,stats      ]   Resize TLABs                        4 us
[26.042s][info][gc,stats      ] Concurrent Marking              1035213 us
[26.042s][info][gc,stats      ] Pause Final Mark (G)               6092 us
[26.042s][info][gc,stats      ] Pause Final Mark (N)               2175 us
[26.042s][info][gc,stats      ]   Finish Queues                      31 us
[26.042s][info][gc,stats      ]   System Purge                      230 us
[26.042s][info][gc,stats      ]     Weak Roots                      230 us
[26.042s][info][gc,stats      ]   Update Region States               52 us
[26.042s][info][gc,stats      ]   Retire TLABs                       19 us
[26.042s][info][gc,stats      ]   Choose Collection Set             150 us
[26.042s][info][gc,stats      ]   Rebuild Free Set                   14 us
[26.042s][info][gc,stats      ]   Initial Evacuation               1639 us, parallelism: 0.53x
[26.042s][info][gc,stats      ]     E: <total>                      866 us
[26.042s][info][gc,stats      ]     E: Thread Roots                 218 us, workers (us): 218, 
[26.042s][info][gc,stats      ]     E: Code Cache Roots             175 us, workers (us): 175, 
[26.042s][info][gc,stats      ]     E: Universe Roots                 1 us, workers (us):   1, 
[26.042s][info][gc,stats      ]     E: JNI Handles Roots              1 us, workers (us):   1, 
[26.042s][info][gc,stats      ]     E: Synchronizer Roots             0 us, workers (us):   0, 
[26.042s][info][gc,stats      ]     E: Management Roots               6 us, workers (us):   6, 
[26.042s][info][gc,stats      ]     E: System Dict Roots              8 us, workers (us):   8, 
[26.042s][info][gc,stats      ]     E: CLDG Roots                   456 us, workers (us): 456, 
[26.042s][info][gc,stats      ]     E: JVMTI Roots                    1 us, workers (us):   1, 
[26.042s][info][gc,stats      ] Concurrent Cleanup                   66 us
[26.042s][info][gc,stats      ] Concurrent Evacuation             17114 us
[26.042s][info][gc,stats      ] Pause Init  Update Refs (G)         179 us
[26.042s][info][gc,stats      ] Pause Init  Update Refs (N)          11 us
[26.042s][info][gc,stats      ]   Retire GCLABs                       4 us
[26.042s][info][gc,stats      ] Concurrent Update Refs          1109449 us
[26.042s][info][gc,stats      ] Pause Final Update Refs (G)        4973 us
[26.042s][info][gc,stats      ] Pause Final Update Refs (N)         310 us
[26.042s][info][gc,stats      ]   Update Roots                      213 us, parallelism: 0.92x
[26.042s][info][gc,stats      ]     UR: <total>                     196 us
[26.042s][info][gc,stats      ]     UR: Thread Roots                196 us, workers (us): 196, 
[26.042s][info][gc,stats      ]   Update Region States               64 us
[26.042s][info][gc,stats      ]   Trash Collection Set                2 us
[26.042s][info][gc,stats      ]   Rebuild Free Set                   14 us
[26.042s][info][gc,stats      ] Concurrent Cleanup                   72 us
[26.042s][info][gc,stats      ] 
[26.042s][info][gc,stats      ] Allocation pacing accrued:
[26.042s][info][gc,stats      ]       0 of  7558 ms (  0.0%): <total>
[26.042s][info][gc,stats      ]       0 of  7558 ms (  0.0%): <average total>
[26.042s][info][gc,stats      ] 
[26.042s][info][gc,metaspace  ] Metaspace: 43089K->43089K(1087488K)
[26.042s][info][gc,ergo       ] Pacer for Idle. Initial: 20480K, Alloc Tax Rate: 1.0x
[26.044s][info][gc            ] Trigger: Learning 4 of 5. Free (544M) is below initial threshold (700M)
[26.044s][info][gc,ergo       ] Free: 544M, Max: 256K regular, 506M humongous, Frag: 7% external, 0% internal; Reserve: 51200K, Max: 256K
[26.044s][info][gc,start      ] GC(3) Concurrent reset
[26.044s][info][gc,task       ] GC(3) Using 1 of 1 workers for concurrent reset
[26.044s][info][gc,ergo       ] GC(3) Pacer for Reset. Non-Taxable: 1000M
[26.050s][info][gc            ] GC(3) Concurrent reset 6.037ms
[26.062s][info][gc,start      ] GC(3) Pause Init Mark
[26.062s][info][gc,task       ] GC(3) Using 1 of 1 workers for init marking
[26.062s][info][gc,ergo       ] GC(3) Pacer for Mark. Expected Live: 83455K, Free: 544M, Non-Taxable: 55706K, Alloc Tax Rate: 0.2x
[26.062s][info][gc            ] GC(3) Pause Init Mark 0.817ms
[26.062s][info][gc,start      ] GC(3) Concurrent marking
[26.062s][info][gc,task       ] GC(3) Using 1 of 1 workers for concurrent marking
[27.239s][info][gc            ] GC(3) Concurrent marking 1176.542ms
[27.239s][info][gc,start      ] GC(3) Pause Final Mark
[27.239s][info][gc,task       ] GC(3) Using 1 of 1 workers for final marking
[27.239s][info][gc,ergo       ] GC(3) Adaptive CSet Selection. Target Free: 141M, Actual Free: 503M, Max CSet: 42666K, Min Garbage: 0B
[27.240s][info][gc,ergo       ] GC(3) Collectable Garbage: 199K (2%), Immediate: 0B (0%), CSet: 199K (2%)
[27.240s][info][gc,ergo       ] GC(3) Pacer for Evacuation. Used CSet: 256K, Free: 453M, Non-Taxable: 46474K, Alloc Tax Rate: 1.1x
[27.240s][info][gc            ] GC(3) Pause Final Mark 1.367ms
[27.241s][info][gc,start      ] GC(3) Concurrent cleanup
[27.241s][info][gc            ] GC(3) Concurrent cleanup 495M->495M(496M) 0.072ms
[27.241s][info][gc,ergo       ] GC(3) Free: 453M, Max: 256K regular, 453M humongous, Frag: 0% external, 0% internal; Reserve: 51200K, Max: 256K
[27.241s][info][gc,start      ] GC(3) Concurrent evacuation
[27.241s][info][gc,task       ] GC(3) Using 1 of 1 workers for concurrent evacuation
[27.250s][info][gc            ] GC(3) Concurrent evacuation 9.107ms
[27.258s][info][gc,start      ] GC(3) Pause Init Update Refs
[27.258s][info][gc,ergo       ] GC(3) Pacer for Update Refs. Used: 497M, Free: 452M, Non-Taxable: 46284K, Alloc Tax Rate: 1.3x
[27.258s][info][gc            ] GC(3) Pause Init Update Refs 0.060ms
[27.258s][info][gc,start      ] GC(3) Concurrent update references
[27.258s][info][gc,task       ] GC(3) Using 1 of 1 workers for concurrent reference update
[29.532s][info][gc            ] GC(3) Concurrent update references 2274.353ms
[29.541s][info][gc,start      ] GC(3) Pause Final Update Refs
[29.542s][info][gc,task       ] GC(3) Using 1 of 1 workers for final reference update
[29.542s][info][gc            ] GC(3) Pause Final Update Refs 0.322ms
[29.542s][info][gc,start      ] GC(3) Concurrent cleanup
[29.542s][info][gc            ] GC(3) Concurrent cleanup 615M->614M(616M) 0.073ms
[29.542s][info][gc,ergo       ] Free: 334M, Max: 256K regular, 334M humongous, Frag: 0% external, 0% internal; Reserve: 51200K, Max: 256K
[29.542s][info][gc,stats      ] 
[29.542s][info][gc,stats      ] All times are wall-clock times, except per-root-class counters, that are sum over
[29.542s][info][gc,stats      ] all workers. Dividing the <total> over the root stage time estimates parallelism.
[29.542s][info][gc,stats      ] 
[29.542s][info][gc,stats      ] Concurrent Reset                   6025 us
[29.542s][info][gc,stats      ] Pause Init Mark (G)               12467 us
[29.542s][info][gc,stats      ] Pause Init Mark (N)                 767 us
[29.542s][info][gc,stats      ]   Accumulate Stats                    6 us
[29.542s][info][gc,stats      ]   Make Parsable                       7 us
[29.542s][info][gc,stats      ]   Update Region States               61 us
[29.542s][info][gc,stats      ]   Scan Roots                        666 us, parallelism: 0.79x
[29.542s][info][gc,stats      ]     S: <total>                      524 us
[29.542s][info][gc,stats      ]     S: Thread Roots                 197 us, workers (us): 197, 
[29.542s][info][gc,stats      ]     S: Universe Roots                 2 us, workers (us):   2, 
[29.542s][info][gc,stats      ]     S: JNI Handles Roots              1 us, workers (us):   1, 
[29.542s][info][gc,stats      ]     S: Synchronizer Roots             0 us, workers (us):   0, 
[29.542s][info][gc,stats      ]     S: Management Roots               1 us, workers (us):   1, 
[29.542s][info][gc,stats      ]     S: System Dict Roots              8 us, workers (us):   8, 
[29.542s][info][gc,stats      ]     S: CLDG Roots                   314 us, workers (us): 314, 
[29.542s][info][gc,stats      ]     S: JVMTI Roots                    1 us, workers (us):   1, 
[29.542s][info][gc,stats      ]   Resize TLABs                        3 us
[29.542s][info][gc,stats      ] Concurrent Marking              1176517 us
[29.542s][info][gc,stats      ] Pause Final Mark (G)               1499 us
[29.542s][info][gc,stats      ] Pause Final Mark (N)               1357 us
[29.542s][info][gc,stats      ]   Finish Queues                      19 us
[29.542s][info][gc,stats      ]   System Purge                      172 us
[29.542s][info][gc,stats      ]     Weak Roots                      171 us
[29.542s][info][gc,stats      ]   Update Region States               46 us
[29.542s][info][gc,stats      ]   Retire TLABs                        6 us
[29.542s][info][gc,stats      ]   Choose Collection Set             206 us
[29.542s][info][gc,stats      ]   Rebuild Free Set                   13 us
[29.542s][info][gc,stats      ]   Initial Evacuation                888 us, parallelism: 0.60x
[29.542s][info][gc,stats      ]     E: <total>                      535 us
[29.542s][info][gc,stats      ]     E: Thread Roots                 173 us, workers (us): 173, 
[29.542s][info][gc,stats      ]     E: Code Cache Roots              82 us, workers (us):  82, 
[29.542s][info][gc,stats      ]     E: Universe Roots                 1 us, workers (us):   1, 
[29.542s][info][gc,stats      ]     E: JNI Handles Roots              1 us, workers (us):   1, 
[29.542s][info][gc,stats      ]     E: Synchronizer Roots             0 us, workers (us):   0, 
[29.542s][info][gc,stats      ]     E: Management Roots               1 us, workers (us):   1, 
[29.542s][info][gc,stats      ]     E: System Dict Roots              7 us, workers (us):   7, 
[29.542s][info][gc,stats      ]     E: CLDG Roots                   269 us, workers (us): 269, 
[29.542s][info][gc,stats      ]     E: JVMTI Roots                    0 us, workers (us):   0, 
[29.542s][info][gc,stats      ] Concurrent Cleanup                   65 us
[29.542s][info][gc,stats      ] Concurrent Evacuation              9095 us
[29.542s][info][gc,stats      ] Pause Init  Update Refs (G)        7902 us
[29.542s][info][gc,stats      ] Pause Init  Update Refs (N)          13 us
[29.542s][info][gc,stats      ]   Retire GCLABs                       5 us
[29.542s][info][gc,stats      ] Concurrent Update Refs          2274339 us
[29.542s][info][gc,stats      ] Pause Final Update Refs (G)        8187 us
[29.542s][info][gc,stats      ] Pause Final Update Refs (N)         265 us
[29.542s][info][gc,stats      ]   Update Roots                      197 us, parallelism: 0.95x
[29.542s][info][gc,stats      ]     UR: <total>                     188 us
[29.542s][info][gc,stats      ]     UR: Thread Roots                188 us, workers (us): 188, 
[29.542s][info][gc,stats      ]   Update Region States               45 us
[29.542s][info][gc,stats      ]   Trash Collection Set                1 us
[29.542s][info][gc,stats      ]   Rebuild Free Set                   12 us
[29.542s][info][gc,stats      ] Concurrent Cleanup                   65 us
[29.542s][info][gc,stats      ] Pacing                           648776 us
[29.542s][info][gc,stats      ] 
[29.542s][info][gc,stats      ] Allocation pacing accrued:
[29.542s][info][gc,stats      ]     649 of  3500 ms ( 18.5%): main
[29.542s][info][gc,stats      ]     649 of  3500 ms ( 18.5%): <total>
[29.542s][info][gc,stats      ]      14 of  3500 ms (  0.4%): <average total>
[29.542s][info][gc,stats      ]     649 of  3500 ms ( 18.5%): <average non-zero>
[29.542s][info][gc,stats      ] 
[29.542s][info][gc,metaspace  ] Metaspace: 43089K->43112K(1087488K)
[29.542s][info][gc,ergo       ] Pacer for Idle. Initial: 20480K, Alloc Tax Rate: 1.0x
[29.543s][info][gc            ] Trigger: Learning 5 of 5. Free (334M) is below initial threshold (700M)
[29.544s][info][gc,ergo       ] Free: 334M, Max: 256K regular, 334M humongous, Frag: 0% external, 0% internal; Reserve: 51200K, Max: 256K
[29.544s][info][gc,start      ] GC(4) Concurrent reset
[29.544s][info][gc,task       ] GC(4) Using 1 of 1 workers for concurrent reset
[29.544s][info][gc,ergo       ] GC(4) Pacer for Reset. Non-Taxable: 1000M
[29.544s][info][gc            ] GC(4) Concurrent reset 0.678ms
[29.552s][info][gc,start      ] GC(4) Pause Init Mark
[29.552s][info][gc,task       ] GC(4) Using 1 of 1 workers for init marking
[29.553s][info][gc,ergo       ] GC(4) Pacer for Mark. Expected Live: 160M, Free: 334M, Non-Taxable: 34231K, Alloc Tax Rate: 0.6x
[29.553s][info][gc            ] GC(4) Pause Init Mark 0.786ms
[29.553s][info][gc,start      ] GC(4) Concurrent marking
[29.553s][info][gc,task       ] GC(4) Using 1 of 1 workers for concurrent marking
[33.173s][info][gc            ] GC(4) Concurrent marking 3619.930ms
[33.173s][info][gc,start      ] GC(4) Pause Final Mark
[33.173s][info][gc,task       ] GC(4) Using 1 of 1 workers for final marking
[33.174s][info][gc,ergo       ] GC(4) Adaptive CSet Selection. Target Free: 141M, Actual Free: 366M, Max CSet: 42666K, Min Garbage: 0B
[33.174s][info][gc,ergo       ] GC(4) Collectable Garbage: 1108K (8%), Immediate: 0B (0%), CSet: 1108K (8%)
[33.176s][info][gc,ergo       ] GC(4) Pacer for Evacuation. Used CSet: 1792K, Free: 316M, Non-Taxable: 32412K, Alloc Tax Rate: 1.1x
[33.176s][info][gc            ] GC(4) Pause Final Mark 2.428ms
[33.176s][info][gc,start      ] GC(4) Concurrent cleanup
[33.176s][info][gc            ] GC(4) Concurrent cleanup 632M->632M(634M) 0.074ms
[33.176s][info][gc,ergo       ] GC(4) Free: 316M, Max: 256K regular, 316M humongous, Frag: 0% external, 1% internal; Reserve: 51193K, Max: 256K
[33.176s][info][gc,start      ] GC(4) Concurrent evacuation
[33.176s][info][gc,task       ] GC(4) Using 1 of 1 workers for concurrent evacuation
[33.176s][info][gc            ] GC(4) Concurrent evacuation 0.660ms
[33.177s][info][gc,start      ] GC(4) Pause Init Update Refs
[33.177s][info][gc,ergo       ] GC(4) Pacer for Update Refs. Used: 633M, Free: 316M, Non-Taxable: 32412K, Alloc Tax Rate: 2.4x
[33.177s][info][gc            ] GC(4) Pause Init Update Refs 0.014ms
[33.177s][info][gc,start      ] GC(4) Concurrent update references
[33.177s][info][gc,task       ] GC(4) Using 1 of 1 workers for concurrent reference update
[37.236s][info][gc            ] GC(4) Concurrent update references 4059.647ms
[37.237s][info][gc,start      ] GC(4) Pause Final Update Refs
[37.237s][info][gc,task       ] GC(4) Using 1 of 1 workers for final reference update
[37.238s][info][gc            ] GC(4) Pause Final Update Refs 0.737ms
[37.238s][info][gc,start      ] GC(4) Concurrent cleanup
[37.238s][info][gc            ] GC(4) Concurrent cleanup 663M->662M(667M) 0.072ms
[37.238s][info][gc,ergo       ] Free: 285M, Max: 256K regular, 282M humongous, Frag: 1% external, 2% internal; Reserve: 51200K, Max: 256K
[37.238s][info][gc,stats      ] 
[37.238s][info][gc,stats      ] All times are wall-clock times, except per-root-class counters, that are sum over
[37.238s][info][gc,stats      ] all workers. Dividing the <total> over the root stage time estimates parallelism.
[37.238s][info][gc,stats      ] 
[37.238s][info][gc,stats      ] Concurrent Reset                    667 us
[37.238s][info][gc,stats      ] Pause Init Mark (G)                8763 us
[37.238s][info][gc,stats      ] Pause Init Mark (N)                 742 us
[37.238s][info][gc,stats      ]   Accumulate Stats                    6 us
[37.238s][info][gc,stats      ]   Make Parsable                       7 us
[37.238s][info][gc,stats      ]   Update Region States               57 us
[37.238s][info][gc,stats      ]   Scan Roots                        653 us, parallelism: 0.79x
[37.238s][info][gc,stats      ]     S: <total>                      515 us
[37.238s][info][gc,stats      ]     S: Thread Roots                 169 us, workers (us): 169, 
[37.238s][info][gc,stats      ]     S: Universe Roots                 2 us, workers (us):   2, 
[37.238s][info][gc,stats      ]     S: JNI Handles Roots              1 us, workers (us):   1, 
[37.238s][info][gc,stats      ]     S: Synchronizer Roots             0 us, workers (us):   0, 
[37.238s][info][gc,stats      ]     S: Management Roots               2 us, workers (us):   2, 
[37.238s][info][gc,stats      ]     S: System Dict Roots              8 us, workers (us):   8, 
[37.238s][info][gc,stats      ]     S: CLDG Roots                   332 us, workers (us): 332, 
[37.238s][info][gc,stats      ]     S: JVMTI Roots                    1 us, workers (us):   1, 
[37.238s][info][gc,stats      ]   Resize TLABs                        2 us
[37.238s][info][gc,stats      ] Concurrent Marking              3619919 us
[37.238s][info][gc,stats      ] Pause Final Mark (G)               2504 us
[37.238s][info][gc,stats      ] Pause Final Mark (N)               2391 us
[37.238s][info][gc,stats      ]   Finish Queues                      13 us
[37.238s][info][gc,stats      ]   System Purge                      176 us
[37.238s][info][gc,stats      ]     Weak Roots                      176 us
[37.238s][info][gc,stats      ]   Update Region States               52 us
[37.238s][info][gc,stats      ]   Retire TLABs                        9 us
[37.238s][info][gc,stats      ]   Choose Collection Set             352 us
[37.238s][info][gc,stats      ]   Rebuild Free Set                   12 us
[37.238s][info][gc,stats      ]   Initial Evacuation               1748 us, parallelism: 0.73x
[37.238s][info][gc,stats      ]     E: <total>                     1270 us
[37.238s][info][gc,stats      ]     E: Thread Roots                 293 us, workers (us): 293, 
[37.238s][info][gc,stats      ]     E: Code Cache Roots             668 us, workers (us): 668, 
[37.238s][info][gc,stats      ]     E: Universe Roots                 1 us, workers (us):   1, 
[37.238s][info][gc,stats      ]     E: JNI Handles Roots              1 us, workers (us):   1, 
[37.238s][info][gc,stats      ]     E: Synchronizer Roots             0 us, workers (us):   0, 
[37.238s][info][gc,stats      ]     E: Management Roots               1 us, workers (us):   1, 
[37.238s][info][gc,stats      ]     E: System Dict Roots              7 us, workers (us):   7, 
[37.238s][info][gc,stats      ]     E: CLDG Roots                   298 us, workers (us): 298, 
[37.238s][info][gc,stats      ]     E: JVMTI Roots                    0 us, workers (us):   0, 
[37.238s][info][gc,stats      ] Concurrent Cleanup                   66 us
[37.238s][info][gc,stats      ] Concurrent Evacuation               655 us
[37.238s][info][gc,stats      ] Pause Init  Update Refs (G)          91 us
[37.238s][info][gc,stats      ] Pause Init  Update Refs (N)           7 us
[37.238s][info][gc,stats      ]   Retire GCLABs                       3 us
[37.238s][info][gc,stats      ] Concurrent Update Refs          4059634 us
[37.238s][info][gc,stats      ] Pause Final Update Refs (G)        1594 us
[37.238s][info][gc,stats      ] Pause Final Update Refs (N)         707 us
[37.238s][info][gc,stats      ]   Update Roots                      637 us, parallelism: 0.99x
[37.238s][info][gc,stats      ]     UR: <total>                     629 us
[37.238s][info][gc,stats      ]     UR: Thread Roots                629 us, workers (us): 629, 
[37.238s][info][gc,stats      ]   Update Region States               47 us
[37.238s][info][gc,stats      ]   Trash Collection Set                2 us
[37.238s][info][gc,stats      ]   Rebuild Free Set                   12 us
[37.238s][info][gc,stats      ] Concurrent Cleanup                   65 us
[37.238s][info][gc,stats      ] 
[37.238s][info][gc,stats      ] Allocation pacing accrued:
[37.238s][info][gc,stats      ]       0 of  7696 ms (  0.0%): <total>
[37.238s][info][gc,stats      ]       0 of  7696 ms (  0.0%): <average total>
[37.238s][info][gc,stats      ] 
[37.238s][info][gc,metaspace  ] Metaspace: 43112K->51606K(1095680K)
[37.238s][info][gc,ergo       ] Pacer for Idle. Initial: 20480K, Alloc Tax Rate: 1.0x
[37.555s][info][gc            ] Trigger: Explicit GC request (System.gc())
[37.559s][info][gc,ergo       ] Free: 280M, Max: 256K regular, 280M humongous, Frag: 0% external, 0% internal; Reserve: 51200K, Max: 256K
[37.559s][info][gc,start      ] GC(5) Concurrent reset
[37.559s][info][gc,task       ] GC(5) Using 1 of 1 workers for concurrent reset
[37.559s][info][gc,ergo       ] GC(5) Pacer for Reset. Non-Taxable: 1000M
[37.560s][info][gc            ] GC(5) Concurrent reset 1.172ms
[37.560s][info][gc,start      ] GC(5) Pause Init Mark (process weakrefs) (unload classes)
[37.560s][info][gc,task       ] GC(5) Using 1 of 1 workers for init marking
[37.563s][info][gc,ergo       ] GC(5) Pacer for Mark. Expected Live: 248M, Free: 280M, Non-Taxable: 28707K, Alloc Tax Rate: 1.1x
[37.563s][info][gc            ] GC(5) Pause Init Mark (process weakrefs) (unload classes) 2.656ms
[37.563s][info][gc,start      ] GC(5) Concurrent marking (process weakrefs) (unload classes)
[37.563s][info][gc,task       ] GC(5) Using 1 of 1 workers for concurrent marking
[37.657s][info][gc            ] GC(5) Concurrent marking (process weakrefs) (unload classes) 94.528ms
[37.657s][info][gc,start      ] GC(5) Concurrent precleaning
[37.657s][info][gc,task       ] GC(5) Using 1 of 1 workers for concurrent preclean
[37.657s][info][gc,ergo       ] GC(5) Pacer for Precleaning. Non-Taxable: 1000M
[37.660s][info][gc            ] GC(5) Concurrent precleaning 2.193ms
[37.660s][info][gc,start      ] GC(5) Pause Final Mark (process weakrefs) (unload classes)
[37.660s][info][gc,task       ] GC(5) Using 1 of 1 workers for final marking
[37.729s][info][gc,stringtable] GC(5) Cleaned string and symbol table, strings: 17177 processed, 0 removed, symbols: 118994 processed, 33 removed
[37.729s][info][gc,ergo       ] GC(5) Collectable Garbage: 598M (92%), Immediate: 598M (92%), CSet: 0B (0%)
[37.729s][info][gc            ] GC(5) Pause Final Mark (process weakrefs) (unload classes) 69.497ms
[37.729s][info][gc,start      ] GC(5) Concurrent cleanup
[37.730s][info][gc            ] GC(5) Concurrent cleanup 666M->68M(670M) 0.166ms
[37.730s][info][gc,ergo       ] GC(5) Free: 880M, Max: 256K regular, 280M humongous, Frag: 69% external, 0% internal; Reserve: 51200K, Max: 256K
[37.730s][info][gc,ergo       ] Free: 880M, Max: 256K regular, 280M humongous, Frag: 69% external, 0% internal; Reserve: 51200K, Max: 256K
[37.730s][info][gc,stats      ] 
[37.730s][info][gc,stats      ] All times are wall-clock times, except per-root-class counters, that are sum over
[37.730s][info][gc,stats      ] all workers. Dividing the <total> over the root stage time estimates parallelism.
[37.730s][info][gc,stats      ] 
[37.730s][info][gc,stats      ] Concurrent Reset                   1151 us
[37.730s][info][gc,stats      ] Pause Init Mark (G)                2811 us
[37.730s][info][gc,stats      ] Pause Init Mark (N)                2645 us
[37.730s][info][gc,stats      ]   Accumulate Stats                    7 us
[37.730s][info][gc,stats      ]   Make Parsable                       8 us
[37.730s][info][gc,stats      ]   Update Region States               36 us
[37.730s][info][gc,stats      ]   Scan Roots                       2525 us, parallelism: 0.18x
[37.730s][info][gc,stats      ]     S: <total>                      457 us
[37.730s][info][gc,stats      ]     S: Thread Roots                 258 us, workers (us): 258, 
[37.730s][info][gc,stats      ]     S: Universe Roots                 2 us, workers (us):   2, 
[37.730s][info][gc,stats      ]     S: JNI Handles Roots              4 us, workers (us):   4, 
[37.730s][info][gc,stats      ]     S: Synchronizer Roots             0 us, workers (us):   0, 
[37.730s][info][gc,stats      ]     S: Management Roots               2 us, workers (us):   2, 
[37.730s][info][gc,stats      ]     S: System Dict Roots             37 us, workers (us):  37, 
[37.730s][info][gc,stats      ]     S: CLDG Roots                   153 us, workers (us): 153, 
[37.730s][info][gc,stats      ]     S: JVMTI Roots                    0 us, workers (us):   0, 
[37.730s][info][gc,stats      ]   Resize TLABs                       15 us
[37.730s][info][gc,stats      ] Concurrent Marking                94518 us
[37.730s][info][gc,stats      ] Concurrent Precleaning             2180 us
[37.730s][info][gc,stats      ] Pause Final Mark (G)              69670 us
[37.730s][info][gc,stats      ] Pause Final Mark (N)              69486 us
[37.730s][info][gc,stats      ]   Finish Queues                      44 us
[37.730s][info][gc,stats      ]   Weak References                   705 us
[37.730s][info][gc,stats      ]     Process                         701 us
[37.730s][info][gc,stats      ]   System Purge                      261 us
[37.730s][info][gc,stats      ]     Unload Classes                 6010 us
[37.730s][info][gc,stats      ]     Cleanup                       62106 us, parallelism: 0.89x
[37.730s][info][gc,stats      ]       CU: <total>                 55508 us
[37.730s][info][gc,stats      ]       CU: Code Cache Roots        23535 us, workers (us): 23535, 
[37.730s][info][gc,stats      ]       CU: Code Cache Cleaning      1008 us, workers (us): 1008, 
[37.730s][info][gc,stats      ]       CU: String Table Roots      22156 us, workers (us): 22156, 
[37.730s][info][gc,stats      ]       CU: Resolved Table Roots       77 us, workers (us):  77, 
[37.730s][info][gc,stats      ]       CU: CLDG Roots               8733 us, workers (us): 8733, 
[37.730s][info][gc,stats      ]     Weak Roots                      261 us
[37.730s][info][gc,stats      ]     CLDG                            226 us
[37.730s][info][gc,stats      ]   Update Region States               63 us
[37.730s][info][gc,stats      ]   Retire TLABs                       17 us
[37.730s][info][gc,stats      ]   Choose Collection Set              30 us
[37.730s][info][gc,stats      ]   Rebuild Free Set                   13 us
[37.730s][info][gc,stats      ] Concurrent Cleanup                  156 us
[37.730s][info][gc,stats      ] 
[37.730s][info][gc,stats      ] Allocation pacing accrued:
[37.730s][info][gc,stats      ]       0 of   491 ms (  0.0%): <total>
[37.730s][info][gc,stats      ]       0 of   491 ms (  0.0%): <average total>
[37.730s][info][gc,stats      ] 
[37.730s][info][gc,metaspace  ] Metaspace: 51850K->51464K(1095680K)
[37.730s][info][gc,ergo       ] Pacer for Idle. Initial: 20480K, Alloc Tax Rate: 1.0x
[37.730s][info][gc,start      ] Concurrent uncommit
[37.921s][info][gc            ] Concurrent uncommit 68M->68M(69M) 190.905ms
[45.669s][info][gc            ] Trigger: Learning 2 of 5. Free (699M) is below initial threshold (700M)
[45.673s][info][gc,ergo       ] Free: 699M, Max: 256K regular, 280M humongous, Frag: 60% external, 0% internal; Reserve: 51200K, Max: 256K
[45.673s][info][gc,start      ] GC(6) Concurrent reset
[45.673s][info][gc,task       ] GC(6) Using 1 of 1 workers for concurrent reset
[45.673s][info][gc,ergo       ] GC(6) Pacer for Reset. Non-Taxable: 1000M
[45.673s][info][gc            ] GC(6) Concurrent reset 0.177ms
[45.689s][info][gc,start      ] GC(6) Pause Init Mark
[45.689s][info][gc,task       ] GC(6) Using 1 of 1 workers for init marking
[45.697s][info][gc,ergo       ] GC(6) Pacer for Mark. Expected Live: 249M, Free: 699M, Non-Taxable: 71606K, Alloc Tax Rate: 0.4x
[45.698s][info][gc            ] GC(6) Pause Init Mark 8.963ms
[45.698s][info][gc,start      ] GC(6) Concurrent marking
[45.703s][info][gc,task       ] GC(6) Using 1 of 1 workers for concurrent marking
[45.887s][info][gc            ] GC(6) Concurrent marking 189.393ms
[45.895s][info][gc,start      ] GC(6) Pause Final Mark
[45.895s][info][gc,task       ] GC(6) Using 1 of 1 workers for final marking
[45.895s][info][gc,ergo       ] GC(6) Adaptive CSet Selection. Target Free: 141M, Actual Free: 862M, Max CSet: 42666K, Min Garbage: 0B
[45.896s][info][gc,ergo       ] GC(6) Collectable Garbage: 219M (99%), Immediate: 127M (57%), CSet: 94661K (41%)
[45.909s][info][gc,ergo       ] GC(6) Pacer for Evacuation. Used CSet: 101521K, Free: 815M, Non-Taxable: 83500K, Alloc Tax Rate: 1.1x
[45.911s][info][gc            ] GC(6) Pause Final Mark 16.481ms
[45.912s][info][gc,start      ] GC(6) Concurrent cleanup
[45.912s][info][gc            ] GC(6) Concurrent cleanup 260M->133M(265M) 0.113ms
[45.912s][info][gc,ergo       ] GC(6) Free: 815M, Max: 256K regular, 280M humongous, Frag: 66% external, 0% internal; Reserve: 50432K, Max: 256K
[45.912s][info][gc,start      ] GC(6) Concurrent evacuation
[45.912s][info][gc,task       ] GC(6) Using 1 of 1 workers for concurrent evacuation
[45.992s][info][gc            ] GC(6) Concurrent evacuation 80.131ms
[45.992s][info][gc,start      ] GC(6) Pause Init Update Refs
[45.992s][info][gc,ergo       ] GC(6) Pacer for Update Refs. Used: 147M, Free: 807M, Non-Taxable: 82707K, Alloc Tax Rate: 1.1x
[45.992s][info][gc            ] GC(6) Pause Init Update Refs 0.017ms
[45.992s][info][gc,start      ] GC(6) Concurrent update references
[45.992s][info][gc,task       ] GC(6) Using 1 of 1 workers for concurrent reference update
[46.181s][info][gc            ] GC(6) Concurrent update references 189.441ms
[46.199s][info][gc,start      ] GC(6) Pause Final Update Refs
[46.199s][info][gc,task       ] GC(6) Using 1 of 1 workers for final reference update
[46.199s][info][gc            ] GC(6) Pause Final Update Refs 0.357ms
[46.199s][info][gc,start      ] GC(6) Concurrent cleanup
[46.199s][info][gc            ] GC(6) Concurrent cleanup 163M->64M(271M) 0.089ms
[46.199s][info][gc,ergo       ] Free: 884M, Max: 256K regular, 725M humongous, Frag: 19% external, 0% internal; Reserve: 51200K, Max: 256K
[46.199s][info][gc,stats      ] 
[46.199s][info][gc,stats      ] All times are wall-clock times, except per-root-class counters, that are sum over
[46.199s][info][gc,stats      ] all workers. Dividing the <total> over the root stage time estimates parallelism.
[46.199s][info][gc,stats      ] 
[46.199s][info][gc,stats      ] Concurrent Reset                    169 us
[46.199s][info][gc,stats      ] Pause Init Mark (G)               24397 us
[46.199s][info][gc,stats      ] Pause Init Mark (N)                8914 us
[46.199s][info][gc,stats      ]   Accumulate Stats                    6 us
[46.199s][info][gc,stats      ]   Make Parsable                       9 us
[46.199s][info][gc,stats      ]   Update Region States               54 us
[46.199s][info][gc,stats      ]   Scan Roots                       8654 us, parallelism: 0.18x
[46.199s][info][gc,stats      ]     S: <total>                     1516 us
[46.199s][info][gc,stats      ]     S: Thread Roots                 667 us, workers (us): 667, 
[46.199s][info][gc,stats      ]     S: Universe Roots                 3 us, workers (us):   3, 
[46.199s][info][gc,stats      ]     S: JNI Handles Roots              2 us, workers (us):   2, 
[46.199s][info][gc,stats      ]     S: Synchronizer Roots             0 us, workers (us):   0, 
[46.199s][info][gc,stats      ]     S: Management Roots               1 us, workers (us):   1, 
[46.199s][info][gc,stats      ]     S: System Dict Roots             47 us, workers (us):  47, 
[46.199s][info][gc,stats      ]     S: CLDG Roots                   796 us, workers (us): 796, 
[46.199s][info][gc,stats      ]     S: JVMTI Roots                    0 us, workers (us):   0, 
[46.199s][info][gc,stats      ]   Resize TLABs                       16 us
[46.199s][info][gc,stats      ] Concurrent Marking               183805 us
[46.199s][info][gc,stats      ] Pause Final Mark (G)              16716 us
[46.199s][info][gc,stats      ] Pause Final Mark (N)              16435 us
[46.199s][info][gc,stats      ]   Finish Queues                      20 us
[46.199s][info][gc,stats      ]   System Purge                      379 us
[46.199s][info][gc,stats      ]     Weak Roots                      379 us
[46.199s][info][gc,stats      ]   Update Region States               45 us
[46.199s][info][gc,stats      ]   Retire TLABs                        8 us
[46.199s][info][gc,stats      ]   Choose Collection Set              84 us
[46.199s][info][gc,stats      ]   Rebuild Free Set                   14 us
[46.199s][info][gc,stats      ]   Initial Evacuation              15876 us, parallelism: 0.75x
[46.199s][info][gc,stats      ]     E: <total>                    11916 us
[46.199s][info][gc,stats      ]     E: Thread Roots                 328 us, workers (us): 328, 
[46.199s][info][gc,stats      ]     E: Code Cache Roots           10443 us, workers (us): 10443, 
[46.199s][info][gc,stats      ]     E: Universe Roots                 1 us, workers (us):   1, 
[46.199s][info][gc,stats      ]     E: JNI Handles Roots              2 us, workers (us):   2, 
[46.199s][info][gc,stats      ]     E: Synchronizer Roots             0 us, workers (us):   0, 
[46.199s][info][gc,stats      ]     E: Management Roots               2 us, workers (us):   2, 
[46.199s][info][gc,stats      ]     E: System Dict Roots             51 us, workers (us):  51, 
[46.199s][info][gc,stats      ]     E: CLDG Roots                  1088 us, workers (us): 1088, 
[46.199s][info][gc,stats      ]     E: JVMTI Roots                    1 us, workers (us):   1, 
[46.199s][info][gc,stats      ] Concurrent Cleanup                   89 us
[46.199s][info][gc,stats      ] Concurrent Evacuation             80122 us
[46.200s][info][gc,stats      ] Pause Init  Update Refs (G)         148 us
[46.200s][info][gc,stats      ] Pause Init  Update Refs (N)           9 us
[46.200s][info][gc,stats      ]   Retire GCLABs                       3 us
[46.200s][info][gc,stats      ] Concurrent Update Refs           189429 us
[46.200s][info][gc,stats      ] Pause Final Update Refs (G)       14149 us
[46.200s][info][gc,stats      ] Pause Final Update Refs (N)         287 us
[46.200s][info][gc,stats      ]   Update Roots                      207 us, parallelism: 0.95x
[46.200s][info][gc,stats      ]     UR: <total>                     196 us
[46.200s][info][gc,stats      ]     UR: Thread Roots                196 us, workers (us): 196, 
[46.200s][info][gc,stats      ]   Update Region States               53 us
[46.200s][info][gc,stats      ]   Trash Collection Set                4 us
[46.200s][info][gc,stats      ]   Rebuild Free Set                   13 us
[46.200s][info][gc,stats      ] Concurrent Cleanup                   81 us
[46.200s][info][gc,stats      ] 
[46.200s][info][gc,stats      ] Allocation pacing accrued:
[46.200s][info][gc,stats      ]       0 of  8470 ms (  0.0%): <total>
[46.200s][info][gc,stats      ]       0 of  8470 ms (  0.0%): <average total>
[46.200s][info][gc,stats      ] 
[46.200s][info][gc,metaspace  ] Metaspace: 60145K->60153K(1103872K)
[46.200s][info][gc,ergo       ] Pacer for Idle. Initial: 20480K, Alloc Tax Rate: 1.0x
[47.145s][info][gc            ] Trigger: Learning 3 of 5. Free (698M) is below initial threshold (700M)
[47.148s][info][gc,ergo       ] Free: 698M, Max: 256K regular, 698M humongous, Frag: 0% external, 0% internal; Reserve: 51200K, Max: 256K
[47.148s][info][gc,start      ] GC(7) Concurrent reset
[47.148s][info][gc,task       ] GC(7) Using 1 of 1 workers for concurrent reset
[47.148s][info][gc,ergo       ] GC(7) Pacer for Reset. Non-Taxable: 1000M
[47.148s][info][gc            ] GC(7) Concurrent reset 0.231ms
[47.155s][info][gc,start      ] GC(7) Pause Init Mark
[47.156s][info][gc,task       ] GC(7) Using 1 of 1 workers for init marking
[47.157s][info][gc,ergo       ] GC(7) Pacer for Mark. Expected Live: 250M, Free: 698M, Non-Taxable: 71571K, Alloc Tax Rate: 0.4x
[47.157s][info][gc            ] GC(7) Pause Init Mark 1.124ms
[47.157s][info][gc,start      ] GC(7) Concurrent marking
[47.157s][info][gc,task       ] GC(7) Using 1 of 1 workers for concurrent marking
[47.257s][info][gc            ] GC(7) Concurrent marking 100.637ms
[47.257s][info][gc,start      ] GC(7) Pause Final Mark
[47.257s][info][gc,task       ] GC(7) Using 1 of 1 workers for final marking
[47.258s][info][gc,ergo       ] GC(7) Collectable Garbage: 221M (98%), Immediate: 221M (98%), CSet: 0B (0%)
[47.258s][info][gc            ] GC(7) Pause Final Mark 0.346ms
[47.258s][info][gc,start      ] GC(7) Concurrent cleanup
[47.258s][info][gc            ] GC(7) Concurrent cleanup 263M->41M(310M) 0.105ms
[47.258s][info][gc,ergo       ] GC(7) Free: 907M, Max: 256K regular, 685M humongous, Frag: 25% external, 0% internal; Reserve: 51200K, Max: 256K
[47.258s][info][gc,ergo       ] Free: 907M, Max: 256K regular, 685M humongous, Frag: 25% external, 0% internal; Reserve: 51200K, Max: 256K
[47.258s][info][gc,stats      ] 
[47.258s][info][gc,stats      ] All times are wall-clock times, except per-root-class counters, that are sum over
[47.258s][info][gc,stats      ] all workers. Dividing the <total> over the root stage time estimates parallelism.
[47.258s][info][gc,stats      ] 
[47.258s][info][gc,stats      ] Concurrent Reset                    215 us
[47.258s][info][gc,stats      ] Pause Init Mark (G)                8681 us
[47.258s][info][gc,stats      ] Pause Init Mark (N)                1079 us
[47.258s][info][gc,stats      ]   Accumulate Stats                    7 us
[47.258s][info][gc,stats      ]   Make Parsable                       7 us
[47.258s][info][gc,stats      ]   Update Region States               51 us
[47.258s][info][gc,stats      ]   Scan Roots                        985 us, parallelism: 0.77x
[47.258s][info][gc,stats      ]     S: <total>                      755 us
[47.258s][info][gc,stats      ]     S: Thread Roots                 215 us, workers (us): 215, 
[47.258s][info][gc,stats      ]     S: Universe Roots                 2 us, workers (us):   2, 
[47.258s][info][gc,stats      ]     S: JNI Handles Roots              2 us, workers (us):   2, 
[47.258s][info][gc,stats      ]     S: Synchronizer Roots             0 us, workers (us):   0, 
[47.258s][info][gc,stats      ]     S: Management Roots               2 us, workers (us):   2, 
[47.258s][info][gc,stats      ]     S: System Dict Roots             21 us, workers (us):  21, 
[47.258s][info][gc,stats      ]     S: CLDG Roots                   512 us, workers (us): 512, 
[47.258s][info][gc,stats      ]     S: JVMTI Roots                    1 us, workers (us):   1, 
[47.258s][info][gc,stats      ]   Resize TLABs                        3 us
[47.258s][info][gc,stats      ] Concurrent Marking               100627 us
[47.258s][info][gc,stats      ] Pause Final Mark (G)                400 us
[47.258s][info][gc,stats      ] Pause Final Mark (N)                336 us
[47.258s][info][gc,stats      ]   Finish Queues                       9 us
[47.258s][info][gc,stats      ]   System Purge                      241 us
[47.258s][info][gc,stats      ]     Weak Roots                      241 us
[47.258s][info][gc,stats      ]   Update Region States               42 us
[47.258s][info][gc,stats      ]   Retire TLABs                        6 us
[47.258s][info][gc,stats      ]   Choose Collection Set              19 us
[47.258s][info][gc,stats      ]   Rebuild Free Set                   14 us
[47.258s][info][gc,stats      ] Concurrent Cleanup                   98 us
[47.258s][info][gc,stats      ] 
[47.258s][info][gc,stats      ] Allocation pacing accrued:
[47.258s][info][gc,stats      ]       0 of  1059 ms (  0.0%): <total>
[47.258s][info][gc,stats      ]       0 of  1059 ms (  0.0%): <average total>
[47.258s][info][gc,stats      ] 
[47.258s][info][gc,metaspace  ] Metaspace: 60170K->60170K(1103872K)
[47.258s][info][gc,ergo       ] Pacer for Idle. Initial: 20480K, Alloc Tax Rate: 1.0x
[47.655s][info][gc            ] Trigger: Average GC time (2399.92 ms) is above the time for allocation rate (301 MB/s) to deplete free headroom (717M)
[47.660s][info][gc,ergo       ] Free headroom: 767M (free) - 51200K (spike) - 0B (penalties) = 717M
[47.660s][info][gc,ergo       ] Free: 767M, Max: 256K regular, 685M humongous, Frag: 11% external, 0% internal; Reserve: 51200K, Max: 256K
[47.660s][info][gc,start      ] GC(8) Concurrent reset
[47.660s][info][gc,task       ] GC(8) Using 1 of 1 workers for concurrent reset
[47.660s][info][gc,ergo       ] GC(8) Pacer for Reset. Non-Taxable: 1000M
[47.660s][info][gc            ] GC(8) Concurrent reset 0.123ms
[47.664s][info][gc,start      ] GC(8) Pause Init Mark
[47.664s][info][gc,task       ] GC(8) Using 1 of 1 workers for init marking
[47.665s][info][gc,ergo       ] GC(8) Pacer for Mark. Expected Live: 214M, Free: 767M, Non-Taxable: 78636K, Alloc Tax Rate: 0.3x
[47.665s][info][gc            ] GC(8) Pause Init Mark 1.104ms
[47.665s][info][gc,start      ] GC(8) Concurrent marking
[47.665s][info][gc,task       ] GC(8) Using 1 of 1 workers for concurrent marking
[47.763s][info][gc            ] GC(8) Concurrent marking 97.674ms
[47.763s][info][gc,start      ] GC(8) Pause Final Mark
[47.763s][info][gc,task       ] GC(8) Using 1 of 1 workers for final marking
[47.764s][info][gc,ergo       ] GC(8) Collectable Garbage: 152M (98%), Immediate: 152M (98%), CSet: 0B (0%)
[47.764s][info][gc            ] GC(8) Pause Final Mark 0.376ms
[47.764s][info][gc,start      ] GC(8) Concurrent cleanup
[47.764s][info][gc            ] GC(8) Concurrent cleanup 195M->42M(310M) 0.096ms
[47.764s][info][gc,ergo       ] GC(8) Free: 906M, Max: 256K regular, 767M humongous, Frag: 16% external, 0% internal; Reserve: 51200K, Max: 256K
[47.764s][info][gc,ergo       ] Free: 906M, Max: 256K regular, 767M humongous, Frag: 16% external, 0% internal; Reserve: 51200K, Max: 256K
[47.764s][info][gc,stats      ] 
[47.764s][info][gc,stats      ] All times are wall-clock times, except per-root-class counters, that are sum over
[47.764s][info][gc,stats      ] all workers. Dividing the <total> over the root stage time estimates parallelism.
[47.764s][info][gc,stats      ] 
[47.764s][info][gc,stats      ] Concurrent Reset                    115 us
[47.764s][info][gc,stats      ] Pause Init Mark (G)                5065 us
[47.764s][info][gc,stats      ] Pause Init Mark (N)                1058 us
[47.764s][info][gc,stats      ]   Accumulate Stats                    7 us
[47.764s][info][gc,stats      ]   Make Parsable                       7 us
[47.764s][info][gc,stats      ]   Update Region States               51 us
[47.764s][info][gc,stats      ]   Scan Roots                        965 us, parallelism: 0.76x
[47.764s][info][gc,stats      ]     S: <total>                      733 us
[47.764s][info][gc,stats      ]     S: Thread Roots                 205 us, workers (us): 205, 
[47.764s][info][gc,stats      ]     S: Universe Roots                 2 us, workers (us):   2, 
[47.764s][info][gc,stats      ]     S: JNI Handles Roots              2 us, workers (us):   2, 
[47.764s][info][gc,stats      ]     S: Synchronizer Roots             0 us, workers (us):   0, 
[47.764s][info][gc,stats      ]     S: Management Roots               1 us, workers (us):   1, 
[47.764s][info][gc,stats      ]     S: System Dict Roots             10 us, workers (us):  10, 
[47.764s][info][gc,stats      ]     S: CLDG Roots                   511 us, workers (us): 511, 
[47.764s][info][gc,stats      ]     S: JVMTI Roots                    0 us, workers (us):   0, 
[47.764s][info][gc,stats      ]   Resize TLABs                        3 us
[47.764s][info][gc,stats      ] Concurrent Marking                97666 us
[47.764s][info][gc,stats      ] Pause Final Mark (G)                484 us
[47.764s][info][gc,stats      ] Pause Final Mark (N)                351 us
[47.764s][info][gc,stats      ]   Finish Queues                      17 us
[47.764s][info][gc,stats      ]   System Purge                      238 us
[47.764s][info][gc,stats      ]     Weak Roots                      238 us
[47.764s][info][gc,stats      ]   Update Region States               49 us
[47.764s][info][gc,stats      ]   Retire TLABs                        7 us
[47.764s][info][gc,stats      ]   Choose Collection Set              18 us
[47.764s][info][gc,stats      ]   Rebuild Free Set                   14 us
[47.764s][info][gc,stats      ] Concurrent Cleanup                   88 us
[47.764s][info][gc,stats      ] 
[47.764s][info][gc,stats      ] Allocation pacing accrued:
[47.764s][info][gc,stats      ]       0 of   506 ms (  0.0%): <total>
[47.764s][info][gc,stats      ]       0 of   506 ms (  0.0%): <average total>
[47.764s][info][gc,stats      ] 
[47.764s][info][gc,metaspace  ] Metaspace: 60171K->60171K(1103872K)
[47.764s][info][gc,ergo       ] Pacer for Idle. Initial: 20480K, Alloc Tax Rate: 1.0x
[48.430s][info][gc            ] Trigger: Learning 5 of 5. Free (698M) is below initial threshold (700M)
[48.430s][info][gc,ergo       ] Free: 698M, Max: 256K regular, 698M humongous, Frag: 0% external, 0% internal; Reserve: 51200K, Max: 256K
[48.431s][info][gc,start      ] GC(9) Concurrent reset
[48.431s][info][gc,task       ] GC(9) Using 1 of 1 workers for concurrent reset
[48.431s][info][gc,ergo       ] GC(9) Pacer for Reset. Non-Taxable: 1000M
[48.431s][info][gc            ] GC(9) Concurrent reset 0.131ms
[48.431s][info][gc,start      ] GC(9) Pause Init Mark
[48.431s][info][gc,task       ] GC(9) Using 1 of 1 workers for init marking
[48.432s][info][gc,ergo       ] GC(9) Pacer for Mark. Expected Live: 139M, Free: 698M, Non-Taxable: 71545K, Alloc Tax Rate: 0.2x
[48.432s][info][gc            ] GC(9) Pause Init Mark 1.258ms
[48.432s][info][gc,start      ] GC(9) Concurrent marking
[48.432s][info][gc,task       ] GC(9) Using 1 of 1 workers for concurrent marking
[48.548s][info][gc            ] GC(9) Concurrent marking 116.290ms
[48.548s][info][gc,start      ] GC(9) Pause Final Mark
[48.548s][info][gc,task       ] GC(9) Using 1 of 1 workers for final marking
[48.549s][info][gc,ergo       ] GC(9) Collectable Garbage: 221M (98%), Immediate: 221M (98%), CSet: 0B (0%)
[48.549s][info][gc            ] GC(9) Pause Final Mark 0.465ms
[48.549s][info][gc,start      ] GC(9) Concurrent cleanup
[48.549s][info][gc            ] GC(9) Concurrent cleanup 266M->44M(313M) 0.106ms
[48.549s][info][gc,ergo       ] GC(9) Free: 904M, Max: 256K regular, 682M humongous, Frag: 25% external, 0% internal; Reserve: 51200K, Max: 256K
[48.549s][info][gc,ergo       ] Free: 904M, Max: 256K regular, 682M humongous, Frag: 25% external, 0% internal; Reserve: 51200K, Max: 256K
[48.549s][info][gc,stats      ] 
[48.549s][info][gc,stats      ] All times are wall-clock times, except per-root-class counters, that are sum over
[48.549s][info][gc,stats      ] all workers. Dividing the <total> over the root stage time estimates parallelism.
[48.549s][info][gc,stats      ] 
[48.549s][info][gc,stats      ] Concurrent Reset                    117 us
[48.549s][info][gc,stats      ] Pause Init Mark (G)                1414 us
[48.549s][info][gc,stats      ] Pause Init Mark (N)                1249 us
[48.549s][info][gc,stats      ]   Accumulate Stats                    6 us
[48.549s][info][gc,stats      ]   Make Parsable                       6 us
[48.549s][info][gc,stats      ]   Update Region States               38 us
[48.549s][info][gc,stats      ]   Scan Roots                       1155 us, parallelism: 0.72x
[48.549s][info][gc,stats      ]     S: <total>                      837 us
[48.549s][info][gc,stats      ]     S: Thread Roots                 333 us, workers (us): 333, 
[48.549s][info][gc,stats      ]     S: Universe Roots                 2 us, workers (us):   2, 
[48.549s][info][gc,stats      ]     S: JNI Handles Roots              1 us, workers (us):   1, 
[48.549s][info][gc,stats      ]     S: Synchronizer Roots             0 us, workers (us):   0, 
[48.549s][info][gc,stats      ]     S: Management Roots               1 us, workers (us):   1, 
[48.549s][info][gc,stats      ]     S: System Dict Roots             10 us, workers (us):  10, 
[48.549s][info][gc,stats      ]     S: CLDG Roots                   489 us, workers (us): 489, 
[48.549s][info][gc,stats      ]     S: JVMTI Roots                    1 us, workers (us):   1, 
[48.549s][info][gc,stats      ]   Resize TLABs                        7 us
[48.549s][info][gc,stats      ] Concurrent Marking               116282 us
[48.549s][info][gc,stats      ] Pause Final Mark (G)                522 us
[48.549s][info][gc,stats      ] Pause Final Mark (N)                456 us
[48.549s][info][gc,stats      ]   Finish Queues                      15 us
[48.549s][info][gc,stats      ]   System Purge                      330 us
[48.549s][info][gc,stats      ]     Weak Roots                      329 us
[48.549s][info][gc,stats      ]   Update Region States               53 us
[48.549s][info][gc,stats      ]   Retire TLABs                        8 us
[48.549s][info][gc,stats      ]   Choose Collection Set              27 us
[48.549s][info][gc,stats      ]   Rebuild Free Set                   16 us
[48.549s][info][gc,stats      ] Concurrent Cleanup                   99 us
[48.549s][info][gc,stats      ] 
[48.549s][info][gc,stats      ] Allocation pacing accrued:
[48.549s][info][gc,stats      ]       0 of   785 ms (  0.0%): <total>
[48.549s][info][gc,stats      ]       0 of   785 ms (  0.0%): <average total>
[48.549s][info][gc,stats      ] 
[48.549s][info][gc,metaspace  ] Metaspace: 60182K->60182K(1103872K)
[48.549s][info][gc,ergo       ] Pacer for Idle. Initial: 20480K, Alloc Tax Rate: 1.0x
[51.890s][info][gc            ] Trigger: Free (102335K) is below minimum threshold (100M)
[51.890s][info][gc,ergo       ] Free: 102335K, Max: 256K regular, 102144K humongous, Frag: 0% external, 1% internal; Reserve: 51200K, Max: 256K
[51.890s][info][gc,start      ] GC(10) Concurrent reset
[51.890s][info][gc,task       ] GC(10) Using 1 of 1 workers for concurrent reset
[51.890s][info][gc,ergo       ] GC(10) Pacer for Reset. Non-Taxable: 1000M
[51.890s][info][gc            ] GC(10) Concurrent reset 0.181ms
[51.893s][info][gc,start      ] GC(10) Pause Init Mark (process weakrefs)
[51.893s][info][gc,task       ] GC(10) Using 1 of 1 workers for init marking
[51.894s][info][gc,ergo       ] GC(10) Pacer for Mark. Expected Live: 25095K, Free: 102335K, Non-Taxable: 10233K, Alloc Tax Rate: 0.3x
[51.894s][info][gc            ] GC(10) Pause Init Mark (process weakrefs) 1.172ms
[51.894s][info][gc,start      ] GC(10) Concurrent marking (process weakrefs)
[51.894s][info][gc,task       ] GC(10) Using 1 of 1 workers for concurrent marking
[52.013s][info][gc            ] GC(10) Concurrent marking (process weakrefs) 118.955ms
[52.013s][info][gc,start      ] GC(10) Concurrent precleaning
[52.013s][info][gc,task       ] GC(10) Using 1 of 1 workers for concurrent preclean
[52.013s][info][gc,ergo       ] GC(10) Pacer for Precleaning. Non-Taxable: 1000M
[52.014s][info][gc            ] GC(10) Concurrent precleaning 0.576ms
[52.014s][info][gc,start      ] GC(10) Pause Final Mark (process weakrefs)
[52.014s][info][gc,task       ] GC(10) Using 1 of 1 workers for final marking
[52.015s][info][gc,ergo       ] GC(10) Collectable Garbage: 818M (99%), Immediate: 818M (99%), CSet: 0B (0%)
[52.015s][info][gc            ] GC(10) Pause Final Mark (process weakrefs) 0.661ms
[52.015s][info][gc,start      ] GC(10) Concurrent cleanup
[52.015s][info][gc            ] GC(10) Concurrent cleanup 862M->44M(867M) 0.196ms
[52.015s][info][gc,ergo       ] GC(10) Free: 904M, Max: 256K regular, 400M humongous, Frag: 56% external, 0% internal; Reserve: 51200K, Max: 256K
[52.015s][info][gc,ergo       ] Free: 904M, Max: 256K regular, 400M humongous, Frag: 56% external, 0% internal; Reserve: 51200K, Max: 256K
[52.015s][info][gc,stats      ] 
[52.015s][info][gc,stats      ] All times are wall-clock times, except per-root-class counters, that are sum over
[52.015s][info][gc,stats      ] all workers. Dividing the <total> over the root stage time estimates parallelism.
[52.015s][info][gc,stats      ] 
[52.015s][info][gc,stats      ] Concurrent Reset                    174 us
[52.015s][info][gc,stats      ] Pause Init Mark (G)                4006 us
[52.015s][info][gc,stats      ] Pause Init Mark (N)                1123 us
[52.015s][info][gc,stats      ]   Accumulate Stats                    8 us
[52.015s][info][gc,stats      ]   Make Parsable                       9 us
[52.015s][info][gc,stats      ]   Update Region States               68 us
[52.015s][info][gc,stats      ]   Scan Roots                       1008 us, parallelism: 0.76x
[52.015s][info][gc,stats      ]     S: <total>                      767 us
[52.015s][info][gc,stats      ]     S: Thread Roots                 217 us, workers (us): 217, 
[52.015s][info][gc,stats      ]     S: Universe Roots                 2 us, workers (us):   2, 
[52.015s][info][gc,stats      ]     S: JNI Handles Roots              2 us, workers (us):   2, 
[52.015s][info][gc,stats      ]     S: Synchronizer Roots             0 us, workers (us):   0, 
[52.015s][info][gc,stats      ]     S: Management Roots               2 us, workers (us):   2, 
[52.015s][info][gc,stats      ]     S: System Dict Roots             10 us, workers (us):  10, 
[52.015s][info][gc,stats      ]     S: CLDG Roots                   533 us, workers (us): 533, 
[52.015s][info][gc,stats      ]     S: JVMTI Roots                    1 us, workers (us):   1, 
[52.015s][info][gc,stats      ]   Resize TLABs                        3 us
[52.015s][info][gc,stats      ] Concurrent Marking               118946 us
[52.015s][info][gc,stats      ] Concurrent Precleaning              566 us
[52.015s][info][gc,stats      ] Pause Final Mark (G)                742 us
[52.015s][info][gc,stats      ] Pause Final Mark (N)                653 us
[52.015s][info][gc,stats      ]   Finish Queues                     135 us
[52.015s][info][gc,stats      ]   Weak References                    83 us
[52.015s][info][gc,stats      ]     Process                          80 us
[52.016s][info][gc,stats      ]   System Purge                      271 us
[52.016s][info][gc,stats      ]     Weak Roots                      270 us
[52.016s][info][gc,stats      ]   Update Region States               48 us
[52.016s][info][gc,stats      ]   Retire TLABs                        8 us
[52.016s][info][gc,stats      ]   Choose Collection Set              87 us
[52.016s][info][gc,stats      ]   Rebuild Free Set                   14 us
[52.016s][info][gc,stats      ] Concurrent Cleanup                  189 us
[52.016s][info][gc,stats      ] 
[52.016s][info][gc,stats      ] Allocation pacing accrued:
[52.016s][info][gc,stats      ]       0 of  3466 ms (  0.0%): <total>
[52.016s][info][gc,stats      ]       0 of  3466 ms (  0.0%): <average total>
[52.016s][info][gc,stats      ] 
[52.016s][info][gc,metaspace  ] Metaspace: 60214K->60214K(1103872K)
[52.016s][info][gc,ergo       ] Pacer for Idle. Initial: 20480K, Alloc Tax Rate: 1.0x
[56.603s][info][gc            ] Trigger: Free (101567K) is below minimum threshold (100M)
[56.607s][info][gc,ergo       ] Free: 101567K, Max: 256K regular, 88576K humongous, Frag: 13% external, 1% internal; Reserve: 51200K, Max: 256K
[56.607s][info][gc,start      ] GC(11) Concurrent reset
[56.607s][info][gc,task       ] GC(11) Using 1 of 1 workers for concurrent reset
[56.607s][info][gc,ergo       ] GC(11) Pacer for Reset. Non-Taxable: 1000M
[56.607s][info][gc            ] GC(11) Concurrent reset 0.187ms
[56.607s][info][gc,start      ] GC(11) Pause Init Mark
[56.607s][info][gc,task       ] GC(11) Using 1 of 1 workers for init marking
[56.608s][info][gc,ergo       ] GC(11) Pacer for Mark. Expected Live: 25875K, Free: 101567K, Non-Taxable: 10156K, Alloc Tax Rate: 0.3x
[56.608s][info][gc            ] GC(11) Pause Init Mark 1.150ms
[56.608s][info][gc,start      ] GC(11) Concurrent marking
[56.608s][info][gc,task       ] GC(11) Using 1 of 1 workers for concurrent marking
[56.739s][info][gc            ] GC(11) Concurrent marking 130.445ms
[56.739s][info][gc,start      ] GC(11) Pause Final Mark
[56.739s][info][gc,task       ] GC(11) Using 1 of 1 workers for final marking
[56.739s][info][gc,ergo       ] GC(11) Collectable Garbage: 812M (98%), Immediate: 812M (98%), CSet: 0B (0%)
[56.739s][info][gc            ] GC(11) Pause Final Mark 0.397ms
[56.739s][info][gc,start      ] GC(11) Concurrent cleanup
[56.740s][info][gc            ] GC(11) Concurrent cleanup 863M->51M(869M) 0.196ms
[56.740s][info][gc,ergo       ] GC(11) Free: 897M, Max: 256K regular, 272M humongous, Frag: 70% external, 0% internal; Reserve: 51200K, Max: 256K
[56.740s][info][gc,ergo       ] Free: 897M, Max: 256K regular, 272M humongous, Frag: 70% external, 0% internal; Reserve: 51200K, Max: 256K
[56.740s][info][gc,stats      ] 
[56.740s][info][gc,stats      ] All times are wall-clock times, except per-root-class counters, that are sum over
[56.740s][info][gc,stats      ] all workers. Dividing the <total> over the root stage time estimates parallelism.
[56.740s][info][gc,stats      ] 
[56.740s][info][gc,stats      ] Concurrent Reset                    179 us
[56.740s][info][gc,stats      ] Pause Init Mark (G)                1304 us
[56.740s][info][gc,stats      ] Pause Init Mark (N)                1142 us
[56.740s][info][gc,stats      ]   Accumulate Stats                    7 us
[56.740s][info][gc,stats      ]   Make Parsable                       9 us
[56.740s][info][gc,stats      ]   Update Region States               37 us
[56.740s][info][gc,stats      ]   Scan Roots                       1062 us, parallelism: 0.77x
[56.740s][info][gc,stats      ]     S: <total>                      814 us
[56.740s][info][gc,stats      ]     S: Thread Roots                 229 us, workers (us): 229, 
[56.740s][info][gc,stats      ]     S: Universe Roots                 2 us, workers (us):   2, 
[56.740s][info][gc,stats      ]     S: JNI Handles Roots              2 us, workers (us):   2, 
[56.740s][info][gc,stats      ]     S: Synchronizer Roots             0 us, workers (us):   0, 
[56.740s][info][gc,stats      ]     S: Management Roots               1 us, workers (us):   1, 
[56.740s][info][gc,stats      ]     S: System Dict Roots             25 us, workers (us):  25, 
[56.740s][info][gc,stats      ]     S: CLDG Roots                   553 us, workers (us): 553, 
[56.740s][info][gc,stats      ]     S: JVMTI Roots                    0 us, workers (us):   0, 
[56.740s][info][gc,stats      ]   Resize TLABs                        4 us
[56.740s][info][gc,stats      ] Concurrent Marking               130437 us
[56.740s][info][gc,stats      ] Pause Final Mark (G)                452 us
[56.740s][info][gc,stats      ] Pause Final Mark (N)                388 us
[56.740s][info][gc,stats      ]   Finish Queues                      15 us
[56.740s][info][gc,stats      ]   System Purge                      256 us
[56.740s][info][gc,stats      ]     Weak Roots                      255 us
[56.740s][info][gc,stats      ]   Update Region States               61 us
[56.740s][info][gc,stats      ]   Retire TLABs                        7 us
[56.740s][info][gc,stats      ]   Choose Collection Set              29 us
[56.740s][info][gc,stats      ]   Rebuild Free Set                   13 us
[56.740s][info][gc,stats      ] Concurrent Cleanup                  189 us
[56.740s][info][gc,stats      ] 
[56.740s][info][gc,stats      ] Allocation pacing accrued:
[56.740s][info][gc,stats      ]       0 of  4724 ms (  0.0%): <total>
[56.740s][info][gc,stats      ]       0 of  4724 ms (  0.0%): <average total>
[56.740s][info][gc,stats      ] 
[56.740s][info][gc,metaspace  ] Metaspace: 60813K->60813K(1103872K)
[56.740s][info][gc,ergo       ] Pacer for Idle. Initial: 20480K, Alloc Tax Rate: 1.0x
[59.697s][info][gc            ] Trigger: Free (101567K) is below minimum threshold (100M)
[59.704s][info][gc,ergo       ] Free: 101567K, Max: 256K regular, 87040K humongous, Frag: 15% external, 1% internal; Reserve: 51200K, Max: 256K
[59.704s][info][gc,start      ] GC(12) Concurrent reset
[59.704s][info][gc,task       ] GC(12) Using 1 of 1 workers for concurrent reset
[59.704s][info][gc,ergo       ] GC(12) Pacer for Reset. Non-Taxable: 1000M
[59.704s][info][gc            ] GC(12) Concurrent reset 0.200ms
[59.709s][info][gc,start      ] GC(12) Pause Init Mark
[59.709s][info][gc,task       ] GC(12) Using 1 of 1 workers for init marking
[59.710s][info][gc,ergo       ] GC(12) Pacer for Mark. Expected Live: 25878K, Free: 101567K, Non-Taxable: 10156K, Alloc Tax Rate: 0.3x
[59.710s][info][gc            ] GC(12) Pause Init Mark 1.180ms
[59.710s][info][gc,start      ] GC(12) Concurrent marking
[59.711s][info][gc,task       ] GC(12) Using 1 of 1 workers for concurrent marking
[59.817s][info][gc            ] GC(12) Concurrent marking 106.321ms
[59.817s][info][gc,start      ] GC(12) Pause Final Mark
[59.817s][info][gc,task       ] GC(12) Using 1 of 1 workers for final marking
[59.817s][info][gc,ergo       ] GC(12) Collectable Garbage: 812M (98%), Immediate: 812M (98%), CSet: 0B (0%)
[59.817s][info][gc            ] GC(12) Pause Final Mark 0.406ms
[59.817s][info][gc,start      ] GC(12) Concurrent cleanup
[59.818s][info][gc            ] GC(12) Concurrent cleanup 862M->49M(869M) 0.195ms
[59.818s][info][gc,ergo       ] GC(12) Free: 899M, Max: 256K regular, 272M humongous, Frag: 70% external, 0% internal; Reserve: 51200K, Max: 256K
[59.818s][info][gc,ergo       ] Free: 899M, Max: 256K regular, 272M humongous, Frag: 70% external, 0% internal; Reserve: 51200K, Max: 256K
[59.818s][info][gc,stats      ] 
[59.818s][info][gc,stats      ] All times are wall-clock times, except per-root-class counters, that are sum over
[59.818s][info][gc,stats      ] all workers. Dividing the <total> over the root stage time estimates parallelism.
[59.818s][info][gc,stats      ] 
[59.818s][info][gc,stats      ] Concurrent Reset                    172 us
[59.818s][info][gc,stats      ] Pause Init Mark (G)                6663 us
[59.818s][info][gc,stats      ] Pause Init Mark (N)                1129 us
[59.818s][info][gc,stats      ]   Accumulate Stats                    7 us
[59.818s][info][gc,stats      ]   Make Parsable                       7 us
[59.818s][info][gc,stats      ]   Update Region States               65 us
[59.818s][info][gc,stats      ]   Scan Roots                       1017 us, parallelism: 0.75x
[59.818s][info][gc,stats      ]     S: <total>                      764 us
[59.818s][info][gc,stats      ]     S: Thread Roots                 223 us, workers (us): 223, 
[59.818s][info][gc,stats      ]     S: Universe Roots                 2 us, workers (us):   2, 
[59.818s][info][gc,stats      ]     S: JNI Handles Roots              2 us, workers (us):   2, 
[59.818s][info][gc,stats      ]     S: Synchronizer Roots             0 us, workers (us):   0, 
[59.818s][info][gc,stats      ]     S: Management Roots               2 us, workers (us):   2, 
[59.818s][info][gc,stats      ]     S: System Dict Roots             11 us, workers (us):  11, 
[59.818s][info][gc,stats      ]     S: CLDG Roots                   522 us, workers (us): 522, 
[59.818s][info][gc,stats      ]     S: JVMTI Roots                    1 us, workers (us):   1, 
[59.818s][info][gc,stats      ]   Resize TLABs                        3 us
[59.818s][info][gc,stats      ] Concurrent Marking               106312 us
[59.818s][info][gc,stats      ] Pause Final Mark (G)                468 us
[59.818s][info][gc,stats      ] Pause Final Mark (N)                397 us
[59.818s][info][gc,stats      ]   Finish Queues                      13 us
[59.818s][info][gc,stats      ]   System Purge                      266 us
[59.818s][info][gc,stats      ]     Weak Roots                      265 us
[59.818s][info][gc,stats      ]   Update Region States               63 us
[59.818s][info][gc,stats      ]   Retire TLABs                        8 us
[59.818s][info][gc,stats      ]   Choose Collection Set              28 us
[59.818s][info][gc,stats      ]   Rebuild Free Set                   13 us
[59.818s][info][gc,stats      ] Concurrent Cleanup                  189 us
[59.818s][info][gc,stats      ] 
[59.818s][info][gc,stats      ] Allocation pacing accrued:
[59.818s][info][gc,stats      ]       0 of  3078 ms (  0.0%): <total>
[59.818s][info][gc,stats      ]       0 of  3078 ms (  0.0%): <average total>
[59.818s][info][gc,stats      ] 
[59.818s][info][gc,metaspace  ] Metaspace: 60813K->60813K(1103872K)
[59.818s][info][gc,ergo       ] Pacer for Idle. Initial: 20480K, Alloc Tax Rate: 1.0x
[63.136s][info][gc            ] Trigger: Free (102335K) is below minimum threshold (100M)
[63.139s][info][gc,ergo       ] Free: 102335K, Max: 256K regular, 90112K humongous, Frag: 12% external, 1% internal; Reserve: 51200K, Max: 256K
[63.139s][info][gc,start      ] GC(13) Concurrent reset
[63.139s][info][gc,task       ] GC(13) Using 1 of 1 workers for concurrent reset
[63.139s][info][gc,ergo       ] GC(13) Pacer for Reset. Non-Taxable: 1000M
[63.139s][info][gc            ] GC(13) Concurrent reset 0.174ms
[63.147s][info][gc,start      ] GC(13) Pause Init Mark
[63.147s][info][gc,task       ] GC(13) Using 1 of 1 workers for init marking
[63.148s][info][gc,ergo       ] GC(13) Pacer for Mark. Expected Live: 25881K, Free: 102335K, Non-Taxable: 10233K, Alloc Tax Rate: 0.3x
[63.148s][info][gc            ] GC(13) Pause Init Mark 1.180ms
[63.148s][info][gc,start      ] GC(13) Concurrent marking
[63.148s][info][gc,task       ] GC(13) Using 1 of 1 workers for concurrent marking
[63.266s][info][gc            ] GC(13) Concurrent marking 118.050ms
[63.266s][info][gc,start      ] GC(13) Pause Final Mark
[63.266s][info][gc,task       ] GC(13) Using 1 of 1 workers for final marking
[63.267s][info][gc,ergo       ] GC(13) Collectable Garbage: 809M (98%), Immediate: 809M (98%), CSet: 0B (0%)
[63.267s][info][gc            ] GC(13) Pause Final Mark 0.374ms
[63.267s][info][gc,start      ] GC(13) Concurrent cleanup
[63.267s][info][gc            ] GC(13) Concurrent cleanup 863M->53M(869M) 0.195ms
[63.267s][info][gc,ergo       ] GC(13) Free: 895M, Max: 256K regular, 248M humongous, Frag: 73% external, 0% internal; Reserve: 51200K, Max: 256K
[63.267s][info][gc,ergo       ] Free: 895M, Max: 256K regular, 248M humongous, Frag: 73% external, 0% internal; Reserve: 51200K, Max: 256K
[63.267s][info][gc,stats      ] 
[63.267s][info][gc,stats      ] All times are wall-clock times, except per-root-class counters, that are sum over
[63.267s][info][gc,stats      ] all workers. Dividing the <total> over the root stage time estimates parallelism.
[63.267s][info][gc,stats      ] 
[63.267s][info][gc,stats      ] Concurrent Reset                    165 us
[63.267s][info][gc,stats      ] Pause Init Mark (G)                8855 us
[63.267s][info][gc,stats      ] Pause Init Mark (N)                1131 us
[63.267s][info][gc,stats      ]   Accumulate Stats                    7 us
[63.267s][info][gc,stats      ]   Make Parsable                       9 us
[63.267s][info][gc,stats      ]   Update Region States               52 us
[63.267s][info][gc,stats      ]   Scan Roots                       1030 us, parallelism: 0.76x
[63.267s][info][gc,stats      ]     S: <total>                      788 us
[63.267s][info][gc,stats      ]     S: Thread Roots                 236 us, workers (us): 236, 
[63.267s][info][gc,stats      ]     S: Universe Roots                 3 us, workers (us):   3, 
[63.267s][info][gc,stats      ]     S: JNI Handles Roots              2 us, workers (us):   2, 
[63.267s][info][gc,stats      ]     S: Synchronizer Roots             0 us, workers (us):   0, 
[63.267s][info][gc,stats      ]     S: Management Roots               2 us, workers (us):   2, 
[63.267s][info][gc,stats      ]     S: System Dict Roots             11 us, workers (us):  11, 
[63.267s][info][gc,stats      ]     S: CLDG Roots                   534 us, workers (us): 534, 
[63.267s][info][gc,stats      ]     S: JVMTI Roots                    1 us, workers (us):   1, 
[63.267s][info][gc,stats      ]   Resize TLABs                        3 us
[63.267s][info][gc,stats      ] Concurrent Marking               118041 us
[63.267s][info][gc,stats      ] Pause Final Mark (G)                429 us
[63.267s][info][gc,stats      ] Pause Final Mark (N)                365 us
[63.267s][info][gc,stats      ]   Finish Queues                      14 us
[63.267s][info][gc,stats      ]   System Purge                      252 us
[63.267s][info][gc,stats      ]     Weak Roots                      252 us
[63.267s][info][gc,stats      ]   Update Region States               47 us
[63.267s][info][gc,stats      ]   Retire TLABs                        7 us
[63.267s][info][gc,stats      ]   Choose Collection Set              27 us
[63.267s][info][gc,stats      ]   Rebuild Free Set                   12 us
[63.267s][info][gc,stats      ] Concurrent Cleanup                  188 us
[63.267s][info][gc,stats      ] 
[63.267s][info][gc,stats      ] Allocation pacing accrued:
[63.267s][info][gc,stats      ]       0 of  3449 ms (  0.0%): <total>
[63.267s][info][gc,stats      ]       0 of  3449 ms (  0.0%): <average total>
[63.267s][info][gc,stats      ] 
[63.267s][info][gc,metaspace  ] Metaspace: 60854K->60854K(1103872K)
[63.267s][info][gc,ergo       ] Pacer for Idle. Initial: 20480K, Alloc Tax Rate: 1.0x
[66.205s][info][gc            ] Trigger: Free (102335K) is below minimum threshold (100M)
[66.211s][info][gc,ergo       ] Free: 102335K, Max: 256K regular, 87808K humongous, Frag: 15% external, 1% internal; Reserve: 51200K, Max: 256K
[66.211s][info][gc,start      ] GC(14) Concurrent reset
[66.211s][info][gc,task       ] GC(14) Using 1 of 1 workers for concurrent reset
[66.211s][info][gc,ergo       ] GC(14) Pacer for Reset. Non-Taxable: 1000M
[66.211s][info][gc            ] GC(14) Concurrent reset 0.212ms
[66.216s][info][gc,start      ] GC(14) Pause Init Mark
[66.216s][info][gc,task       ] GC(14) Using 1 of 1 workers for init marking
[66.217s][info][gc,ergo       ] GC(14) Pacer for Mark. Expected Live: 25886K, Free: 102335K, Non-Taxable: 10233K, Alloc Tax Rate: 0.3x
[66.217s][info][gc            ] GC(14) Pause Init Mark 1.248ms
[66.217s][info][gc,start      ] GC(14) Concurrent marking
[66.217s][info][gc,task       ] GC(14) Using 1 of 1 workers for concurrent marking
[66.345s][info][gc            ] GC(14) Concurrent marking 127.724ms
[66.345s][info][gc,start      ] GC(14) Pause Final Mark
[66.345s][info][gc,task       ] GC(14) Using 1 of 1 workers for final marking
[66.345s][info][gc,ergo       ] GC(14) Collectable Garbage: 809M (98%), Immediate: 809M (98%), CSet: 0B (0%)
[66.345s][info][gc            ] GC(14) Pause Final Mark 0.388ms
[66.345s][info][gc,start      ] GC(14) Concurrent cleanup
[66.345s][info][gc            ] GC(14) Concurrent cleanup 862M->52M(869M) 0.195ms
[66.345s][info][gc,ergo       ] GC(14) Free: 896M, Max: 256K regular, 132M humongous, Frag: 86% external, 0% internal; Reserve: 51200K, Max: 256K
[66.345s][info][gc,ergo       ] Free: 896M, Max: 256K regular, 132M humongous, Frag: 86% external, 0% internal; Reserve: 51200K, Max: 256K
[66.345s][info][gc,stats      ] 
[66.345s][info][gc,stats      ] All times are wall-clock times, except per-root-class counters, that are sum over
[66.345s][info][gc,stats      ] all workers. Dividing the <total> over the root stage time estimates parallelism.
[66.345s][info][gc,stats      ] 
[66.345s][info][gc,stats      ] Concurrent Reset                    202 us
[66.345s][info][gc,stats      ] Pause Init Mark (G)                5908 us
[66.345s][info][gc,stats      ] Pause Init Mark (N)                1179 us
[66.345s][info][gc,stats      ]   Accumulate Stats                    8 us
[66.345s][info][gc,stats      ]   Make Parsable                       8 us
[66.345s][info][gc,stats      ]   Update Region States               70 us
[66.345s][info][gc,stats      ]   Scan Roots                       1047 us, parallelism: 0.75x
[66.345s][info][gc,stats      ]     S: <total>                      789 us
[66.346s][info][gc,stats      ]     S: Thread Roots                 248 us, workers (us): 248, 
[66.346s][info][gc,stats      ]     S: Universe Roots                 2 us, workers (us):   2, 
[66.346s][info][gc,stats      ]     S: JNI Handles Roots              2 us, workers (us):   2, 
[66.346s][info][gc,stats      ]     S: Synchronizer Roots             0 us, workers (us):   0, 
[66.346s][info][gc,stats      ]     S: Management Roots               2 us, workers (us):   2, 
[66.346s][info][gc,stats      ]     S: System Dict Roots             12 us, workers (us):  12, 
[66.346s][info][gc,stats      ]     S: CLDG Roots                   523 us, workers (us): 523, 
[66.346s][info][gc,stats      ]     S: JVMTI Roots                    0 us, workers (us):   0, 
[66.346s][info][gc,stats      ]   Resize TLABs                        5 us
[66.346s][info][gc,stats      ] Concurrent Marking               127714 us
[66.346s][info][gc,stats      ] Pause Final Mark (G)                443 us
[66.346s][info][gc,stats      ] Pause Final Mark (N)                379 us
[66.346s][info][gc,stats      ]   Finish Queues                      14 us
[66.346s][info][gc,stats      ]   System Purge                      253 us
[66.346s][info][gc,stats      ]     Weak Roots                      253 us
[66.346s][info][gc,stats      ]   Update Region States               56 us
[66.346s][info][gc,stats      ]   Retire TLABs                        9 us
[66.346s][info][gc,stats      ]   Choose Collection Set              28 us
[66.346s][info][gc,stats      ]   Rebuild Free Set                   13 us
[66.346s][info][gc,stats      ] Concurrent Cleanup                  189 us
[66.346s][info][gc,stats      ] 
[66.346s][info][gc,stats      ] Allocation pacing accrued:
[66.346s][info][gc,stats      ]       0 of  3078 ms (  0.0%): <total>
[66.346s][info][gc,stats      ]       0 of  3078 ms (  0.0%): <average total>
[66.346s][info][gc,stats      ] 
[66.346s][info][gc,metaspace  ] Metaspace: 60854K->60864K(1103872K)
[66.346s][info][gc,ergo       ] Pacer for Idle. Initial: 20480K, Alloc Tax Rate: 1.0x
[83.060s][info][gc            ] Trigger: Free (102335K) is below minimum threshold (100M)
[83.060s][info][gc,ergo       ] Free: 102335K, Max: 256K regular, 91136K humongous, Frag: 11% external, 1% internal; Reserve: 51200K, Max: 256K
[83.060s][info][gc,start      ] GC(15) Concurrent reset
[83.060s][info][gc,task       ] GC(15) Using 1 of 1 workers for concurrent reset
[83.060s][info][gc,ergo       ] GC(15) Pacer for Reset. Non-Taxable: 1000M
[83.060s][info][gc            ] GC(15) Concurrent reset 0.260ms
[83.067s][info][gc,start      ] GC(15) Pause Init Mark (process weakrefs)
[83.067s][info][gc,task       ] GC(15) Using 1 of 1 workers for init marking
[83.069s][info][gc,ergo       ] GC(15) Pacer for Mark. Expected Live: 25891K, Free: 102335K, Non-Taxable: 10233K, Alloc Tax Rate: 0.3x
[83.069s][info][gc            ] GC(15) Pause Init Mark (process weakrefs) 1.496ms
[83.069s][info][gc,start      ] GC(15) Concurrent marking (process weakrefs)
[83.069s][info][gc,task       ] GC(15) Using 1 of 1 workers for concurrent marking
[85.241s][info][gc            ] GC(15) Concurrent marking (process weakrefs) 2171.866ms
[85.242s][info][gc,start      ] GC(15) Concurrent precleaning
[85.243s][info][gc,task       ] GC(15) Using 1 of 1 workers for concurrent preclean
[85.244s][info][gc,ergo       ] GC(15) Pacer for Precleaning. Non-Taxable: 1000M
[85.262s][info][gc            ] GC(15) Concurrent precleaning 20.539ms
[85.262s][info][gc,start      ] GC(15) Pause Final Mark (process weakrefs)
[85.262s][info][gc,task       ] GC(15) Using 1 of 1 workers for final marking
[85.267s][info][gc,ergo       ] GC(15) Adaptive CSet Selection. Target Free: 141M, Actual Free: 141M, Max CSet: 42666K, Min Garbage: 170K
[85.267s][info][gc,ergo       ] GC(15) Collectable Garbage: 638M (88%), Immediate: 49152K (6%), CSet: 590M (81%)
[85.274s][info][gc,ergo       ] GC(15) Pacer for Evacuation. Used CSet: 631M, Free: 98749K, Non-Taxable: 9874K, Alloc Tax Rate: 16.0x
[85.274s][info][gc            ] GC(15) Pause Final Mark (process weakrefs) 11.611ms
[85.274s][info][gc,start      ] GC(15) Concurrent cleanup
[85.274s][info][gc            ] GC(15) Concurrent cleanup 900M->852M(910M) 0.086ms
[85.274s][info][gc,ergo       ] GC(15) Free: 98749K, Max: 256K regular, 44544K humongous, Frag: 55% external, 1% internal; Reserve: 51073K, Max: 256K
[85.274s][info][gc,start      ] GC(15) Concurrent evacuation
[85.274s][info][gc,task       ] GC(15) Using 1 of 1 workers for concurrent evacuation
[86.044s][info][gc            ] GC(15) Concurrent evacuation 770.209ms
[86.057s][info][gc,start      ] GC(15) Pause Init Update Refs
[86.057s][info][gc,ergo       ] GC(15) Pacer for Update Refs. Used: 895M, Free: 97038K, Non-Taxable: 9703K, Alloc Tax Rate: 11.6x
[86.057s][info][gc            ] GC(15) Pause Init Update Refs 0.148ms
[86.057s][info][gc,start      ] GC(15) Concurrent update references
[86.057s][info][gc,task       ] GC(15) Using 1 of 1 workers for concurrent reference update
[88.312s][info][gc            ] GC(15) Concurrent update references 2255.385ms
[88.317s][info][gc,start      ] GC(15) Pause Final Update Refs
[88.317s][info][gc,task       ] GC(15) Using 1 of 1 workers for final reference update
[88.318s][info][gc            ] GC(15) Pause Final Update Refs 0.503ms
[88.318s][info][gc,start      ] GC(15) Concurrent cleanup
[88.318s][info][gc            ] GC(15) Concurrent cleanup 896M->264M(948M) 0.173ms
[88.318s][info][gc,ergo       ] Free: 683M, Max: 256K regular, 401M humongous, Frag: 42% external, 0% internal; Reserve: 51200K, Max: 256K
[88.318s][info][gc,stats      ] 
[88.318s][info][gc,stats      ] All times are wall-clock times, except per-root-class counters, that are sum over
[88.318s][info][gc,stats      ] all workers. Dividing the <total> over the root stage time estimates parallelism.
[88.318s][info][gc,stats      ] 
[88.318s][info][gc,stats      ] Concurrent Reset                    207 us
[88.318s][info][gc,stats      ] Pause Init Mark (G)                8658 us
[88.318s][info][gc,stats      ] Pause Init Mark (N)                1447 us
[88.318s][info][gc,stats      ]   Accumulate Stats                    8 us
[88.318s][info][gc,stats      ]   Make Parsable                      14 us
[88.318s][info][gc,stats      ]   Update Region States               65 us
[88.318s][info][gc,stats      ]   Scan Roots                       1302 us, parallelism: 0.78x
[88.318s][info][gc,stats      ]     S: <total>                     1011 us
[88.318s][info][gc,stats      ]     S: Thread Roots                 289 us, workers (us): 289, 
[88.318s][info][gc,stats      ]     S: Universe Roots                 2 us, workers (us):   2, 
[88.318s][info][gc,stats      ]     S: JNI Handles Roots              2 us, workers (us):   2, 
[88.318s][info][gc,stats      ]     S: Synchronizer Roots             1 us, workers (us):   1, 
[88.318s][info][gc,stats      ]     S: Management Roots               2 us, workers (us):   2, 
[88.318s][info][gc,stats      ]     S: System Dict Roots             29 us, workers (us):  29, 
[88.318s][info][gc,stats      ]     S: CLDG Roots                   686 us, workers (us): 686, 
[88.318s][info][gc,stats      ]     S: JVMTI Roots                    1 us, workers (us):   1, 
[88.318s][info][gc,stats      ]   Resize TLABs                        7 us
[88.318s][info][gc,stats      ] Concurrent Marking              2171856 us
[88.318s][info][gc,stats      ] Concurrent Precleaning            18686 us
[88.318s][info][gc,stats      ] Pause Final Mark (G)              11763 us
[88.318s][info][gc,stats      ] Pause Final Mark (N)              11601 us
[88.318s][info][gc,stats      ]   Finish Queues                      24 us
[88.318s][info][gc,stats      ]   Weak References                    63 us
[88.318s][info][gc,stats      ]     Process                          60 us
[88.318s][info][gc,stats      ]   System Purge                     4512 us
[88.318s][info][gc,stats      ]     Weak Roots                     4511 us
[88.318s][info][gc,stats      ]   Update Region States               66 us
[88.318s][info][gc,stats      ]   Retire TLABs                       22 us
[88.318s][info][gc,stats      ]   Choose Collection Set             491 us
[88.318s][info][gc,stats      ]   Rebuild Free Set                   12 us
[88.318s][info][gc,stats      ]   Initial Evacuation               6403 us, parallelism: 0.86x
[88.318s][info][gc,stats      ]     E: <total>                     5503 us
[88.318s][info][gc,stats      ]     E: Thread Roots                 420 us, workers (us): 420, 
[88.318s][info][gc,stats      ]     E: Code Cache Roots             391 us, workers (us): 391, 
[88.318s][info][gc,stats      ]     E: Universe Roots                 3 us, workers (us):   3, 
[88.318s][info][gc,stats      ]     E: JNI Handles Roots              1 us, workers (us):   1, 
[88.318s][info][gc,stats      ]     E: Synchronizer Roots             0 us, workers (us):   0, 
[88.318s][info][gc,stats      ]     E: Management Roots               2 us, workers (us):   2, 
[88.318s][info][gc,stats      ]     E: System Dict Roots             12 us, workers (us):  12, 
[88.318s][info][gc,stats      ]     E: CLDG Roots                  4671 us, workers (us): 4671, 
[88.318s][info][gc,stats      ]     E: JVMTI Roots                    1 us, workers (us):   1, 
[88.318s][info][gc,stats      ] Concurrent Cleanup                   77 us
[88.318s][info][gc,stats      ] Concurrent Evacuation            770197 us
[88.318s][info][gc,stats      ] Pause Init  Update Refs (G)       10004 us
[88.318s][info][gc,stats      ] Pause Init  Update Refs (N)          25 us
[88.318s][info][gc,stats      ]   Retire GCLABs                       8 us
[88.318s][info][gc,stats      ] Concurrent Update Refs          2255370 us
[88.318s][info][gc,stats      ] Pause Final Update Refs (G)        5409 us
[88.318s][info][gc,stats      ] Pause Final Update Refs (N)         450 us
[88.318s][info][gc,stats      ]   Update Roots                      365 us, parallelism: 0.96x
[88.318s][info][gc,stats      ]     UR: <total>                     352 us
[88.318s][info][gc,stats      ]     UR: Thread Roots                352 us, workers (us): 352, 
[88.318s][info][gc,stats      ]   Update Region States               49 us
[88.318s][info][gc,stats      ]   Trash Collection Set               12 us
[88.318s][info][gc,stats      ]   Rebuild Free Set                   14 us
[88.318s][info][gc,stats      ] Concurrent Cleanup                  164 us
[88.318s][info][gc,stats      ] Pacing                           482993 us
[88.318s][info][gc,stats      ] 
[88.318s][info][gc,stats      ] Allocation pacing accrued:
[88.318s][info][gc,stats      ]     483 of 21972 ms (  2.2%): Executor task launch worker for task 0.0 in stage 1.0 (TID 3)
[88.318s][info][gc,stats      ]     483 of 21972 ms (  2.2%): <total>
[88.318s][info][gc,stats      ]       9 of 21972 ms (  0.0%): <average total>
[88.318s][info][gc,stats      ]     483 of 21972 ms (  2.2%): <average non-zero>
[88.318s][info][gc,stats      ] 
[88.318s][info][gc,metaspace  ] Metaspace: 62755K->63087K(1105920K)
[88.318s][info][gc,ergo       ] Pacer for Idle. Initial: 20480K, Alloc Tax Rate: 1.0x
[98.473s][info][gc            ] Trigger: Free (101821K) is below minimum threshold (100M)
[98.475s][info][gc,ergo       ] Free: 101821K, Max: 256K regular, 49920K humongous, Frag: 51% external, 1% internal; Reserve: 51200K, Max: 256K
[98.475s][info][gc,start      ] GC(16) Concurrent reset
[98.475s][info][gc,task       ] GC(16) Using 1 of 1 workers for concurrent reset
[98.475s][info][gc,ergo       ] GC(16) Pacer for Reset. Non-Taxable: 1000M
[98.477s][info][gc            ] GC(16) Concurrent reset 1.640ms
[98.489s][info][gc,start      ] GC(16) Pause Init Mark
[98.489s][info][gc,task       ] GC(16) Using 1 of 1 workers for init marking
[98.490s][info][gc,ergo       ] GC(16) Pacer for Mark. Expected Live: 45944K, Free: 101821K, Non-Taxable: 10182K, Alloc Tax Rate: 0.6x
[98.490s][info][gc            ] GC(16) Pause Init Mark 1.332ms
[98.490s][info][gc,start      ] GC(16) Concurrent marking
[98.490s][info][gc,task       ] GC(16) Using 1 of 1 workers for concurrent marking
[99.763s][info][gc            ] GC(16) Concurrent marking 1273.077ms
[99.763s][info][gc,start      ] GC(16) Pause Final Mark
[99.763s][info][gc,task       ] GC(16) Using 1 of 1 workers for final marking
[99.764s][info][gc,ergo       ] GC(16) Adaptive CSet Selection. Target Free: 141M, Actual Free: 281M, Max CSet: 42666K, Min Garbage: 0B
[99.764s][info][gc,ergo       ] GC(16) Collectable Garbage: 582M (84%), Immediate: 171M (24%), CSet: 411M (59%)
[99.769s][info][gc,ergo       ] GC(16) Pacer for Evacuation. Used CSet: 452M, Free: 237M, Non-Taxable: 24287K, Alloc Tax Rate: 4.7x
[99.769s][info][gc            ] GC(16) Pause Final Mark 5.344ms
[99.769s][info][gc,start      ] GC(16) Concurrent cleanup
[99.769s][info][gc            ] GC(16) Concurrent cleanup 881M->711M(948M) 0.115ms
[99.769s][info][gc,ergo       ] GC(16) Free: 237M, Max: 256K regular, 121M humongous, Frag: 49% external, 0% internal; Reserve: 51169K, Max: 256K
[99.769s][info][gc,start      ] GC(16) Concurrent evacuation
[99.769s][info][gc,task       ] GC(16) Using 1 of 1 workers for concurrent evacuation
[100.095s][info][gc            ] GC(16) Concurrent evacuation 326.163ms
[100.101s][info][gc,start      ] GC(16) Pause Init Update Refs
[100.101s][info][gc,ergo       ] GC(16) Pacer for Update Refs. Used: 767M, Free: 222M, Non-Taxable: 22828K, Alloc Tax Rate: 4.2x
[100.101s][info][gc            ] GC(16) Pause Init Update Refs 0.082ms
[100.101s][info][gc,start      ] GC(16) Concurrent update references
[100.101s][info][gc,task       ] GC(16) Using 1 of 1 workers for concurrent reference update
[101.362s][info][gc            ] GC(16) Concurrent update references 1261.213ms
[101.370s][info][gc,start      ] GC(16) Pause Final Update Refs
[101.370s][info][gc,task       ] GC(16) Using 1 of 1 workers for final reference update
[101.371s][info][gc            ] GC(16) Pause Final Update Refs 0.416ms
[101.371s][info][gc,start      ] GC(16) Concurrent cleanup
[101.371s][info][gc            ] GC(16) Concurrent cleanup 833M->380M(967M) 0.152ms
[101.371s][info][gc,ergo       ] Free: 567M, Max: 256K regular, 137M humongous, Frag: 76% external, 0% internal; Reserve: 51200K, Max: 256K
[101.371s][info][gc,stats      ] 
[101.371s][info][gc,stats      ] All times are wall-clock times, except per-root-class counters, that are sum over
[101.371s][info][gc,stats      ] all workers. Dividing the <total> over the root stage time estimates parallelism.
[101.371s][info][gc,stats      ] 
[101.371s][info][gc,stats      ] Concurrent Reset                   1626 us
[101.371s][info][gc,stats      ] Pause Init Mark (G)               13324 us
[101.371s][info][gc,stats      ] Pause Init Mark (N)                1277 us
[101.371s][info][gc,stats      ]   Accumulate Stats                    9 us
[101.371s][info][gc,stats      ]   Make Parsable                      13 us
[101.371s][info][gc,stats      ]   Update Region States               70 us
[101.371s][info][gc,stats      ]   Scan Roots                       1148 us, parallelism: 0.75x
[101.371s][info][gc,stats      ]     S: <total>                      864 us
[101.371s][info][gc,stats      ]     S: Thread Roots                 234 us, workers (us): 234, 
[101.371s][info][gc,stats      ]     S: Universe Roots                 2 us, workers (us):   2, 
[101.371s][info][gc,stats      ]     S: JNI Handles Roots              2 us, workers (us):   2, 
[101.371s][info][gc,stats      ]     S: Synchronizer Roots             0 us, workers (us):   0, 
[101.371s][info][gc,stats      ]     S: Management Roots               2 us, workers (us):   2, 
[101.371s][info][gc,stats      ]     S: System Dict Roots             30 us, workers (us):  30, 
[101.371s][info][gc,stats      ]     S: CLDG Roots                   594 us, workers (us): 594, 
[101.371s][info][gc,stats      ]     S: JVMTI Roots                    1 us, workers (us):   1, 
[101.371s][info][gc,stats      ]   Resize TLABs                        4 us
[101.371s][info][gc,stats      ] Concurrent Marking              1273068 us
[101.371s][info][gc,stats      ] Pause Final Mark (G)               5481 us
[101.371s][info][gc,stats      ] Pause Final Mark (N)               5298 us
[101.371s][info][gc,stats      ]   Finish Queues                      12 us
[101.371s][info][gc,stats      ]   System Purge                      265 us
[101.371s][info][gc,stats      ]     Weak Roots                      265 us
[101.371s][info][gc,stats      ]   Update Region States               72 us
[101.371s][info][gc,stats      ]   Retire TLABs                       10 us
[101.371s][info][gc,stats      ]   Choose Collection Set             402 us
[101.371s][info][gc,stats      ]   Rebuild Free Set                   15 us
[101.371s][info][gc,stats      ]   Initial Evacuation               4496 us, parallelism: 0.23x
[101.371s][info][gc,stats      ]     E: <total>                     1032 us
[101.371s][info][gc,stats      ]     E: Thread Roots                 269 us, workers (us): 269, 
[101.371s][info][gc,stats      ]     E: Code Cache Roots             236 us, workers (us): 236, 
[101.371s][info][gc,stats      ]     E: Universe Roots                 1 us, workers (us):   1, 
[101.371s][info][gc,stats      ]     E: JNI Handles Roots              1 us, workers (us):   1, 
[101.371s][info][gc,stats      ]     E: Synchronizer Roots             0 us, workers (us):   0, 
[101.371s][info][gc,stats      ]     E: Management Roots               2 us, workers (us):   2, 
[101.371s][info][gc,stats      ]     E: System Dict Roots             11 us, workers (us):  11, 
[101.371s][info][gc,stats      ]     E: CLDG Roots                   512 us, workers (us): 512, 
[101.371s][info][gc,stats      ]     E: JVMTI Roots                    0 us, workers (us):   0, 
[101.371s][info][gc,stats      ] Concurrent Cleanup                   99 us
[101.371s][info][gc,stats      ] Concurrent Evacuation            326147 us
[101.371s][info][gc,stats      ] Pause Init  Update Refs (G)        5879 us
[101.371s][info][gc,stats      ] Pause Init  Update Refs (N)          15 us
[101.371s][info][gc,stats      ]   Retire GCLABs                       5 us
[101.371s][info][gc,stats      ] Concurrent Update Refs          1261198 us
[101.371s][info][gc,stats      ] Pause Final Update Refs (G)        8246 us
[101.371s][info][gc,stats      ] Pause Final Update Refs (N)         362 us
[101.371s][info][gc,stats      ]   Update Roots                      280 us, parallelism: 0.74x
[101.371s][info][gc,stats      ]     UR: <total>                     206 us
[101.371s][info][gc,stats      ]     UR: Thread Roots                206 us, workers (us): 206, 
[101.371s][info][gc,stats      ]   Update Region States               46 us
[101.371s][info][gc,stats      ]   Trash Collection Set               11 us
[101.371s][info][gc,stats      ]   Rebuild Free Set                   16 us
[101.371s][info][gc,stats      ] Concurrent Cleanup                  137 us
[101.371s][info][gc,stats      ] Pacing                           804597 us
[101.371s][info][gc,stats      ] 
[101.371s][info][gc,stats      ] Allocation pacing accrued:
[101.371s][info][gc,stats      ]      20 of 13053 ms (  0.2%): RemoteBlock-temp-file-clean-thread
[101.371s][info][gc,stats      ]     785 of 13053 ms (  6.0%): Executor task launch worker for task 1.0 in stage 1.0 (TID 4)
[101.371s][info][gc,stats      ]     805 of 13053 ms (  6.2%): <total>
[101.371s][info][gc,stats      ]      14 of 13053 ms (  0.1%): <average total>
[101.371s][info][gc,stats      ]     402 of 13053 ms (  3.1%): <average non-zero>
[101.371s][info][gc,stats      ] 
[101.371s][info][gc,metaspace  ] Metaspace: 63276K->63276K(1105920K)
[101.371s][info][gc,ergo       ] Pacer for Idle. Initial: 20480K, Alloc Tax Rate: 1.0x
[108.240s][info][gc            ] Trigger: Average GC time (1706.01 ms) is above the time for allocation rate (56891 KB/s) to deplete free headroom (96701K)
[108.240s][info][gc,ergo       ] Free headroom: 144M (free) - 51200K (spike) - 0B (penalties) = 96701K
[108.240s][info][gc,ergo       ] Free: 144M, Max: 256K regular, 108M humongous, Frag: 25% external, 1% internal; Reserve: 51200K, Max: 256K
[108.240s][info][gc,start      ] GC(17) Concurrent reset
[108.240s][info][gc,task       ] GC(17) Using 1 of 1 workers for concurrent reset
[108.240s][info][gc,ergo       ] GC(17) Pacer for Reset. Non-Taxable: 1000M
[108.241s][info][gc            ] GC(17) Concurrent reset 1.309ms
[108.250s][info][gc,start      ] GC(17) Pause Init Mark
[108.250s][info][gc,task       ] GC(17) Using 1 of 1 workers for init marking
[108.251s][info][gc,ergo       ] GC(17) Pacer for Mark. Expected Live: 71623K, Free: 144M, Non-Taxable: 14790K, Alloc Tax Rate: 0.6x
[108.251s][info][gc            ] GC(17) Pause Init Mark 1.354ms
[108.251s][info][gc,start      ] GC(17) Concurrent marking
[108.251s][info][gc,task       ] GC(17) Using 1 of 1 workers for concurrent marking
[109.454s][info][gc            ] GC(17) Concurrent marking 1203.457ms
[109.454s][info][gc,start      ] GC(17) Pause Final Mark
[109.454s][info][gc,task       ] GC(17) Using 1 of 1 workers for final marking
[109.455s][info][gc,ergo       ] GC(17) Adaptive CSet Selection. Target Free: 141M, Actual Free: 502M, Max CSet: 42666K, Min Garbage: 0B
[109.455s][info][gc,ergo       ] GC(17) Collectable Garbage: 577M (89%), Immediate: 346M (53%), CSet: 230M (35%)
[109.457s][info][gc,ergo       ] GC(17) Pacer for Evacuation. Used CSet: 272M, Free: 457M, Non-Taxable: 46866K, Alloc Tax Rate: 1.5x
[109.457s][info][gc            ] GC(17) Pause Final Mark 2.615ms
[109.457s][info][gc,start      ] GC(17) Concurrent cleanup
[109.457s][info][gc            ] GC(17) Concurrent cleanup 837M->490M(967M) 0.165ms
[109.457s][info][gc,ergo       ] GC(17) Free: 457M, Max: 256K regular, 119M humongous, Frag: 74% external, 0% internal; Reserve: 51193K, Max: 256K
[109.457s][info][gc,start      ] GC(17) Concurrent evacuation
[109.457s][info][gc,task       ] GC(17) Using 1 of 1 workers for concurrent evacuation
[109.749s][info][gc            ] GC(17) Concurrent evacuation 291.965ms
[109.758s][info][gc,start      ] GC(17) Pause Init Update Refs
[109.758s][info][gc,ergo       ] GC(17) Pacer for Update Refs. Used: 548M, Free: 441M, Non-Taxable: 45254K, Alloc Tax Rate: 1.5x
[109.758s][info][gc            ] GC(17) Pause Init Update Refs 0.061ms
[109.758s][info][gc,start      ] GC(17) Concurrent update references
[109.758s][info][gc,task       ] GC(17) Using 1 of 1 workers for concurrent reference update
[111.076s][info][gc            ] GC(17) Concurrent update references 1317.273ms
[111.083s][info][gc,start      ] GC(17) Pause Final Update Refs
[111.083s][info][gc,task       ] GC(17) Using 1 of 1 workers for final reference update
[111.083s][info][gc            ] GC(17) Pause Final Update Refs 0.455ms
[111.083s][info][gc,start      ] GC(17) Concurrent cleanup
[111.083s][info][gc            ] GC(17) Concurrent cleanup 624M->351M(989M) 0.118ms
[111.083s][info][gc,ergo       ] Free: 595M, Max: 256K regular, 84736K humongous, Frag: 87% external, 0% internal; Reserve: 51200K, Max: 256K
[111.083s][info][gc,stats      ] 
[111.083s][info][gc,stats      ] All times are wall-clock times, except per-root-class counters, that are sum over
[111.083s][info][gc,stats      ] all workers. Dividing the <total> over the root stage time estimates parallelism.
[111.083s][info][gc,stats      ] 
[111.083s][info][gc,stats      ] Concurrent Reset                   1289 us
[111.083s][info][gc,stats      ] Pause Init Mark (G)                9622 us
[111.083s][info][gc,stats      ] Pause Init Mark (N)                1305 us
[111.083s][info][gc,stats      ]   Accumulate Stats                    8 us
[111.083s][info][gc,stats      ]   Make Parsable                      11 us
[111.083s][info][gc,stats      ]   Update Region States               60 us
[111.083s][info][gc,stats      ]   Scan Roots                       1182 us, parallelism: 0.76x
[111.083s][info][gc,stats      ]     S: <total>                      903 us
[111.083s][info][gc,stats      ]     S: Thread Roots                 329 us, workers (us): 329, 
[111.083s][info][gc,stats      ]     S: Universe Roots                 2 us, workers (us):   2, 
[111.083s][info][gc,stats      ]     S: JNI Handles Roots              2 us, workers (us):   2, 
[111.083s][info][gc,stats      ]     S: Synchronizer Roots             0 us, workers (us):   0, 
[111.083s][info][gc,stats      ]     S: Management Roots               2 us, workers (us):   2, 
[111.083s][info][gc,stats      ]     S: System Dict Roots             12 us, workers (us):  12, 
[111.083s][info][gc,stats      ]     S: CLDG Roots                   555 us, workers (us): 555, 
[111.083s][info][gc,stats      ]     S: JVMTI Roots                    1 us, workers (us):   1, 
[111.083s][info][gc,stats      ]   Resize TLABs                        6 us
[111.083s][info][gc,stats      ] Concurrent Marking              1203448 us
[111.083s][info][gc,stats      ] Pause Final Mark (G)               2699 us
[111.083s][info][gc,stats      ] Pause Final Mark (N)               2604 us
[111.083s][info][gc,stats      ]   Finish Queues                      15 us
[111.083s][info][gc,stats      ]   System Purge                      290 us
[111.083s][info][gc,stats      ]     Weak Roots                      289 us
[111.083s][info][gc,stats      ]   Update Region States               46 us
[111.083s][info][gc,stats      ]   Retire TLABs                        8 us
[111.083s][info][gc,stats      ]   Choose Collection Set             244 us
[111.083s][info][gc,stats      ]   Rebuild Free Set                   16 us
[111.083s][info][gc,stats      ]   Initial Evacuation               1978 us, parallelism: 0.55x
[111.083s][info][gc,stats      ]     E: <total>                     1091 us
[111.083s][info][gc,stats      ]     E: Thread Roots                 254 us, workers (us): 254, 
[111.083s][info][gc,stats      ]     E: Code Cache Roots             222 us, workers (us): 222, 
[111.083s][info][gc,stats      ]     E: Universe Roots                 1 us, workers (us):   1, 
[111.083s][info][gc,stats      ]     E: JNI Handles Roots              3 us, workers (us):   3, 
[111.083s][info][gc,stats      ]     E: Synchronizer Roots             0 us, workers (us):   0, 
[111.083s][info][gc,stats      ]     E: Management Roots               1 us, workers (us):   1, 
[111.083s][info][gc,stats      ]     E: System Dict Roots             10 us, workers (us):  10, 
[111.083s][info][gc,stats      ]     E: CLDG Roots                   598 us, workers (us): 598, 
[111.083s][info][gc,stats      ]     E: JVMTI Roots                    0 us, workers (us):   0, 
[111.083s][info][gc,stats      ] Concurrent Cleanup                  155 us
[111.083s][info][gc,stats      ] Concurrent Evacuation            291952 us
[111.083s][info][gc,stats      ] Pause Init  Update Refs (G)        3048 us
[111.083s][info][gc,stats      ] Pause Init  Update Refs (N)          13 us
[111.083s][info][gc,stats      ]   Retire GCLABs                       5 us
[111.083s][info][gc,stats      ] Concurrent Update Refs          1317255 us
[111.083s][info][gc,stats      ] Pause Final Update Refs (G)        7199 us
[111.083s][info][gc,stats      ] Pause Final Update Refs (N)         398 us
[111.083s][info][gc,stats      ]   Update Roots                      228 us, parallelism: 0.95x
[111.083s][info][gc,stats      ]     UR: <total>                     218 us
[111.083s][info][gc,stats      ]     UR: Thread Roots                218 us, workers (us): 218, 
[111.083s][info][gc,stats      ]   Update Region States              132 us
[111.084s][info][gc,stats      ]   Trash Collection Set               10 us
[111.084s][info][gc,stats      ]   Rebuild Free Set                   18 us
[111.084s][info][gc,stats      ] Concurrent Cleanup                  109 us
[111.084s][info][gc,stats      ] Pacing                           532458 us
[111.084s][info][gc,stats      ] 
[111.084s][info][gc,stats      ] Allocation pacing accrued:
[111.084s][info][gc,stats      ]     532 of  9712 ms (  5.5%): Executor task launch worker for task 2.0 in stage 1.0 (TID 5)
[111.084s][info][gc,stats      ]     532 of  9712 ms (  5.5%): <total>
[111.084s][info][gc,stats      ]       9 of  9712 ms (  0.1%): <average total>
[111.084s][info][gc,stats      ]     532 of  9712 ms (  5.5%): <average non-zero>
[111.084s][info][gc,stats      ] 
[111.084s][info][gc,metaspace  ] Metaspace: 63339K->63339K(1105920K)
[111.084s][info][gc,ergo       ] Pacer for Idle. Initial: 20480K, Alloc Tax Rate: 1.0x
[114.400s][info][gc            ] Trigger: Average GC time (2251.87 ms) is above the time for allocation rate (82330 KB/s) to deplete free headroom (180M)
[114.400s][info][gc,ergo       ] Free headroom: 230M (free) - 51200K (spike) - 0B (penalties) = 180M
[114.400s][info][gc,ergo       ] Free: 230M, Max: 256K regular, 84736K humongous, Frag: 65% external, 0% internal; Reserve: 51200K, Max: 256K
[114.400s][info][gc,start      ] GC(18) Concurrent reset
[114.400s][info][gc,task       ] GC(18) Using 1 of 1 workers for concurrent reset
[114.400s][info][gc,ergo       ] GC(18) Pacer for Reset. Non-Taxable: 1000M
[114.401s][info][gc            ] GC(18) Concurrent reset 0.923ms
[114.410s][info][gc,start      ] GC(18) Pause Init Mark
[114.410s][info][gc,task       ] GC(18) Using 1 of 1 workers for init marking
[114.411s][info][gc,ergo       ] GC(18) Pacer for Mark. Expected Live: 97399K, Free: 230M, Non-Taxable: 23622K, Alloc Tax Rate: 0.5x
[114.411s][info][gc            ] GC(18) Pause Init Mark 1.239ms
[114.411s][info][gc,start      ] GC(18) Concurrent marking
[114.411s][info][gc,task       ] GC(18) Using 1 of 1 workers for concurrent marking
[117.141s][info][gc            ] GC(18) Concurrent marking 2730.193ms
[117.142s][info][gc,start      ] GC(18) Pause Final Mark
[117.142s][info][gc,task       ] GC(18) Using 1 of 1 workers for final marking
[117.142s][info][gc,ergo       ] GC(18) Adaptive CSet Selection. Target Free: 141M, Actual Free: 248M, Max CSet: 42666K, Min Garbage: 0B
[117.142s][info][gc,ergo       ] GC(18) Collectable Garbage: 466M (90%), Immediate: 10240K (1%), CSet: 456M (88%)
[117.147s][info][gc,ergo       ] GC(18) Pacer for Evacuation. Used CSet: 497M, Free: 200M, Non-Taxable: 20522K, Alloc Tax Rate: 6.1x
[117.147s][info][gc            ] GC(18) Pause Final Mark 5.484ms
[117.147s][info][gc,start      ] GC(18) Concurrent cleanup
[117.147s][info][gc            ] GC(18) Concurrent cleanup 757M->747M(989M) 0.145ms
[117.147s][info][gc,ergo       ] GC(18) Free: 200M, Max: 256K regular, 84736K humongous, Frag: 59% external, 1% internal; Reserve: 51197K, Max: 256K
[117.147s][info][gc,start      ] GC(18) Concurrent evacuation
[117.147s][info][gc,task       ] GC(18) Using 1 of 1 workers for concurrent evacuation
[117.511s][info][gc            ] GC(18) Concurrent evacuation 364.124ms
[117.517s][info][gc,start      ] GC(18) Pause Init Update Refs
[117.517s][info][gc,ergo       ] GC(18) Pacer for Update Refs. Used: 789M, Free: 200M, Non-Taxable: 20496K, Alloc Tax Rate: 4.8x
[117.517s][info][gc            ] GC(18) Pause Init Update Refs 0.069ms
[117.517s][info][gc,start      ] GC(18) Concurrent update references
[117.517s][info][gc,task       ] GC(18) Using 1 of 1 workers for concurrent reference update
[118.890s][info][gc            ] GC(18) Concurrent update references 1372.978ms
[118.896s][info][gc,start      ] GC(18) Pause Final Update Refs
[118.896s][info][gc,task       ] GC(18) Using 1 of 1 workers for final reference update
[118.897s][info][gc            ] GC(18) Pause Final Update Refs 0.542ms
[118.897s][info][gc,start      ] GC(18) Concurrent cleanup
[118.897s][info][gc            ] GC(18) Concurrent cleanup 790M->292M(1000M) 0.158ms
[118.897s][info][gc,ergo       ] Free: 654M, Max: 256K regular, 98048K humongous, Frag: 86% external, 0% internal; Reserve: 51200K, Max: 256K
[118.897s][info][gc,stats      ] 
[118.897s][info][gc,stats      ] All times are wall-clock times, except per-root-class counters, that are sum over
[118.897s][info][gc,stats      ] all workers. Dividing the <total> over the root stage time estimates parallelism.
[118.897s][info][gc,stats      ] 
[118.897s][info][gc,stats      ] Concurrent Reset                    901 us
[118.897s][info][gc,stats      ] Pause Init Mark (G)                9884 us
[118.897s][info][gc,stats      ] Pause Init Mark (N)                1191 us
[118.897s][info][gc,stats      ]   Accumulate Stats                    8 us
[118.897s][info][gc,stats      ]   Make Parsable                       8 us
[118.897s][info][gc,stats      ]   Update Region States               53 us
[118.897s][info][gc,stats      ]   Scan Roots                       1089 us, parallelism: 0.75x
[118.897s][info][gc,stats      ]     S: <total>                      817 us
[118.897s][info][gc,stats      ]     S: Thread Roots                 237 us, workers (us): 237, 
[118.897s][info][gc,stats      ]     S: Universe Roots                 2 us, workers (us):   2, 
[118.897s][info][gc,stats      ]     S: JNI Handles Roots              2 us, workers (us):   2, 
[118.897s][info][gc,stats      ]     S: Synchronizer Roots             0 us, workers (us):   0, 
[118.897s][info][gc,stats      ]     S: Management Roots               1 us, workers (us):   1, 
[118.897s][info][gc,stats      ]     S: System Dict Roots             12 us, workers (us):  12, 
[118.897s][info][gc,stats      ]     S: CLDG Roots                   562 us, workers (us): 562, 
[118.897s][info][gc,stats      ]     S: JVMTI Roots                    1 us, workers (us):   1, 
[118.897s][info][gc,stats      ]   Resize TLABs                        4 us
[118.897s][info][gc,stats      ] Concurrent Marking              2730184 us
[118.897s][info][gc,stats      ] Pause Final Mark (G)               5618 us
[118.897s][info][gc,stats      ] Pause Final Mark (N)               5436 us
[118.897s][info][gc,stats      ]   Finish Queues                      15 us
[118.897s][info][gc,stats      ]   System Purge                      291 us
[118.897s][info][gc,stats      ]     Weak Roots                      291 us
[118.897s][info][gc,stats      ]   Update Region States               48 us
[118.897s][info][gc,stats      ]   Retire TLABs                       10 us
[118.897s][info][gc,stats      ]   Choose Collection Set             421 us
[118.897s][info][gc,stats      ]   Rebuild Free Set                   13 us
[118.897s][info][gc,stats      ]   Initial Evacuation               4612 us, parallelism: 0.23x
[118.897s][info][gc,stats      ]     E: <total>                     1065 us
[118.897s][info][gc,stats      ]     E: Thread Roots                 246 us, workers (us): 246, 
[118.897s][info][gc,stats      ]     E: Code Cache Roots             211 us, workers (us): 211, 
[118.897s][info][gc,stats      ]     E: Universe Roots                 1 us, workers (us):   1, 
[118.897s][info][gc,stats      ]     E: JNI Handles Roots              1 us, workers (us):   1, 
[118.897s][info][gc,stats      ]     E: Synchronizer Roots             0 us, workers (us):   0, 
[118.897s][info][gc,stats      ]     E: Management Roots               2 us, workers (us):   2, 
[118.897s][info][gc,stats      ]     E: System Dict Roots             11 us, workers (us):  11, 
[118.897s][info][gc,stats      ]     E: CLDG Roots                   593 us, workers (us): 593, 
[118.897s][info][gc,stats      ]     E: JVMTI Roots                    0 us, workers (us):   0, 
[118.897s][info][gc,stats      ] Concurrent Cleanup                   79 us
[118.897s][info][gc,stats      ] Concurrent Evacuation            364102 us
[118.897s][info][gc,stats      ] Pause Init  Update Refs (G)        5822 us
[118.897s][info][gc,stats      ] Pause Init  Update Refs (N)          15 us
[118.897s][info][gc,stats      ]   Retire GCLABs                       6 us
[118.897s][info][gc,stats      ] Concurrent Update Refs          1372958 us
[118.897s][info][gc,stats      ] Pause Final Update Refs (G)        6253 us
[118.897s][info][gc,stats      ] Pause Final Update Refs (N)         483 us
[118.897s][info][gc,stats      ]   Update Roots                      388 us, parallelism: 0.66x
[118.897s][info][gc,stats      ]     UR: <total>                     254 us
[118.897s][info][gc,stats      ]     UR: Thread Roots                254 us, workers (us): 254, 
[118.897s][info][gc,stats      ]   Update Region States               61 us
[118.897s][info][gc,stats      ]   Trash Collection Set               10 us
[118.897s][info][gc,stats      ]   Rebuild Free Set                   14 us
[118.897s][info][gc,stats      ] Concurrent Cleanup                  142 us
[118.897s][info][gc,stats      ] 
[118.897s][info][gc,stats      ] Allocation pacing accrued:
[118.897s][info][gc,stats      ]       0 of  7814 ms (  0.0%): <total>
[118.897s][info][gc,stats      ]       0 of  7814 ms (  0.0%): <average total>
[118.897s][info][gc,stats      ] 
[118.897s][info][gc,metaspace  ] Metaspace: 63342K->63342K(1105920K)
[118.897s][info][gc,ergo       ] Pacer for Idle. Initial: 20480K, Alloc Tax Rate: 1.0x
[124.677s][info][gc            ] Trigger: Average GC time (3125.74 ms) is above the time for allocation rate (49522 KB/s) to deplete free headroom (150M)
[124.678s][info][gc,ergo       ] Free headroom: 200M (free) - 51200K (spike) - 0B (penalties) = 150M
[124.678s][info][gc,ergo       ] Free: 200M, Max: 256K regular, 98048K humongous, Frag: 53% external, 0% internal; Reserve: 51200K, Max: 256K
[124.678s][info][gc,start      ] GC(19) Concurrent reset
[124.678s][info][gc,task       ] GC(19) Using 1 of 1 workers for concurrent reset
[124.678s][info][gc,ergo       ] GC(19) Pacer for Reset. Non-Taxable: 1000M
[124.679s][info][gc            ] GC(19) Concurrent reset 1.618ms
[124.687s][info][gc,start      ] GC(19) Pause Init Mark
[124.687s][info][gc,task       ] GC(19) Using 1 of 1 workers for init marking
[124.689s][info][gc,ergo       ] GC(19) Pacer for Mark. Expected Live: 130M, Free: 200M, Non-Taxable: 20573K, Alloc Tax Rate: 0.8x
[124.689s][info][gc            ] GC(19) Pause Init Mark 1.311ms
[124.689s][info][gc,start      ] GC(19) Concurrent marking
[124.689s][info][gc,task       ] GC(19) Using 1 of 1 workers for concurrent marking
[126.291s][info][gc            ] GC(19) Concurrent marking 1602.087ms
[126.291s][info][gc,start      ] GC(19) Pause Final Mark
[126.291s][info][gc,task       ] GC(19) Using 1 of 1 workers for final marking
[126.291s][info][gc,ergo       ] GC(19) Adaptive CSet Selection. Target Free: 141M, Actual Free: 358M, Max CSet: 42666K, Min Garbage: 0B
[126.292s][info][gc,ergo       ] GC(19) Collectable Garbage: 521M (94%), Immediate: 155M (28%), CSet: 365M (66%)
[126.301s][info][gc,ergo       ] GC(19) Pacer for Evacuation. Used CSet: 407M, Free: 314M, Non-Taxable: 32172K, Alloc Tax Rate: 3.2x
[126.302s][info][gc            ] GC(19) Pause Final Mark 10.769ms
[126.303s][info][gc,start      ] GC(19) Concurrent cleanup
[126.312s][info][gc            ] GC(19) Concurrent cleanup 789M->634M(1000M) 8.924ms
[126.312s][info][gc,ergo       ] GC(19) Free: 313M, Max: 256K regular, 172M humongous, Frag: 45% external, 0% internal; Reserve: 50933K, Max: 256K
[126.312s][info][gc,start      ] GC(19) Concurrent evacuation
[126.312s][info][gc,task       ] GC(19) Using 1 of 1 workers for concurrent evacuation
[126.639s][info][gc            ] GC(19) Concurrent evacuation 326.989ms
[126.650s][info][gc,start      ] GC(19) Pause Init Update Refs
[126.650s][info][gc,ergo       ] GC(19) Pacer for Update Refs. Used: 690M, Free: 299M, Non-Taxable: 30636K, Alloc Tax Rate: 2.8x
[126.650s][info][gc            ] GC(19) Pause Init Update Refs 0.068ms
[126.650s][info][gc,start      ] GC(19) Concurrent update references
[126.650s][info][gc,task       ] GC(19) Using 1 of 1 workers for concurrent reference update
[127.903s][info][gc            ] GC(19) Concurrent update references 1253.690ms
[127.913s][info][gc,start      ] GC(19) Pause Final Update Refs
[127.913s][info][gc,task       ] GC(19) Using 1 of 1 workers for final reference update
[127.914s][info][gc            ] GC(19) Pause Final Update Refs 0.379ms
[127.914s][info][gc,start      ] GC(19) Concurrent cleanup
[127.914s][info][gc            ] GC(19) Concurrent cleanup 740M->333M(1000M) 0.137ms
[127.914s][info][gc,ergo       ] Free: 614M, Max: 256K regular, 141M humongous, Frag: 77% external, 0% internal; Reserve: 51200K, Max: 256K
[127.914s][info][gc,stats      ] 
[127.914s][info][gc,stats      ] All times are wall-clock times, except per-root-class counters, that are sum over
[127.914s][info][gc,stats      ] all workers. Dividing the <total> over the root stage time estimates parallelism.
[127.914s][info][gc,stats      ] 
[127.914s][info][gc,stats      ] Concurrent Reset                   1593 us
[127.914s][info][gc,stats      ] Pause Init Mark (G)                9066 us
[127.914s][info][gc,stats      ] Pause Init Mark (N)                1258 us
[127.914s][info][gc,stats      ]   Accumulate Stats                    8 us
[127.914s][info][gc,stats      ]   Make Parsable                      10 us
[127.914s][info][gc,stats      ]   Update Region States               67 us
[127.914s][info][gc,stats      ]   Scan Roots                       1137 us, parallelism: 0.75x
[127.914s][info][gc,stats      ]     S: <total>                      858 us
[127.914s][info][gc,stats      ]     S: Thread Roots                 234 us, workers (us): 234, 
[127.914s][info][gc,stats      ]     S: Universe Roots                 2 us, workers (us):   2, 
[127.914s][info][gc,stats      ]     S: JNI Handles Roots              2 us, workers (us):   2, 
[127.914s][info][gc,stats      ]     S: Synchronizer Roots             0 us, workers (us):   0, 
[127.914s][info][gc,stats      ]     S: Management Roots               2 us, workers (us):   2, 
[127.914s][info][gc,stats      ]     S: System Dict Roots             12 us, workers (us):  12, 
[127.914s][info][gc,stats      ]     S: CLDG Roots                   605 us, workers (us): 605, 
[127.914s][info][gc,stats      ]     S: JVMTI Roots                    1 us, workers (us):   1, 
[127.914s][info][gc,stats      ]   Resize TLABs                        4 us
[127.914s][info][gc,stats      ] Concurrent Marking              1602066 us
[127.914s][info][gc,stats      ] Pause Final Mark (G)              11920 us
[127.914s][info][gc,stats      ] Pause Final Mark (N)              10758 us
[127.914s][info][gc,stats      ]   Finish Queues                      10 us
[127.914s][info][gc,stats      ]   System Purge                      355 us
[127.914s][info][gc,stats      ]     Weak Roots                      354 us
[127.914s][info][gc,stats      ]   Update Region States               45 us
[127.914s][info][gc,stats      ]   Retire TLABs                        9 us
[127.914s][info][gc,stats      ]   Choose Collection Set             312 us
[127.914s][info][gc,stats      ]   Rebuild Free Set                   14 us
[127.914s][info][gc,stats      ]   Initial Evacuation              10007 us, parallelism: 0.92x
[127.914s][info][gc,stats      ]     E: <total>                     9196 us
[127.914s][info][gc,stats      ]     E: Thread Roots                 333 us, workers (us): 333, 
[127.914s][info][gc,stats      ]     E: Code Cache Roots            8333 us, workers (us): 8333, 
[127.914s][info][gc,stats      ]     E: Universe Roots                 1 us, workers (us):   1, 
[127.914s][info][gc,stats      ]     E: JNI Handles Roots              1 us, workers (us):   1, 
[127.914s][info][gc,stats      ]     E: Synchronizer Roots             0 us, workers (us):   0, 
[127.914s][info][gc,stats      ]     E: Management Roots               2 us, workers (us):   2, 
[127.914s][info][gc,stats      ]     E: System Dict Roots             11 us, workers (us):  11, 
[127.914s][info][gc,stats      ]     E: CLDG Roots                   514 us, workers (us): 514, 
[127.914s][info][gc,stats      ]     E: JVMTI Roots                    0 us, workers (us):   0, 
[127.914s][info][gc,stats      ] Concurrent Cleanup                   96 us
[127.914s][info][gc,stats      ] Concurrent Evacuation            326977 us
[127.914s][info][gc,stats      ] Pause Init  Update Refs (G)        8917 us
[127.914s][info][gc,stats      ] Pause Init  Update Refs (N)          16 us
[127.914s][info][gc,stats      ]   Retire GCLABs                       7 us
[127.914s][info][gc,stats      ] Concurrent Update Refs          1253672 us
[127.914s][info][gc,stats      ] Pause Final Update Refs (G)       10026 us
[127.914s][info][gc,stats      ] Pause Final Update Refs (N)         320 us
[127.914s][info][gc,stats      ]   Update Roots                      228 us, parallelism: 0.94x
[127.914s][info][gc,stats      ]     UR: <total>                     215 us
[127.914s][info][gc,stats      ]     UR: Thread Roots                215 us, workers (us): 215, 
[127.914s][info][gc,stats      ]   Update Region States               59 us
[127.914s][info][gc,stats      ]   Trash Collection Set                9 us
[127.914s][info][gc,stats      ]   Rebuild Free Set                   15 us
[127.914s][info][gc,stats      ] Concurrent Cleanup                  129 us
[127.914s][info][gc,stats      ] Pacing                          1013442 us
[127.914s][info][gc,stats      ] 
[127.914s][info][gc,stats      ] Allocation pacing accrued:
[127.914s][info][gc,stats      ]      21 of  9017 ms (  0.2%): RemoteBlock-temp-file-clean-thread
[127.914s][info][gc,stats      ]      41 of  9017 ms (  0.5%): driver-heartbeater
[127.914s][info][gc,stats      ]     951 of  9017 ms ( 10.5%): Executor task launch worker for task 0.0 in stage 2.0 (TID 6)
[127.914s][info][gc,stats      ]    1013 of  9017 ms ( 11.2%): <total>
[127.914s][info][gc,stats      ]      18 of  9017 ms (  0.2%): <average total>
[127.914s][info][gc,stats      ]     338 of  9017 ms (  3.7%): <average non-zero>
[127.914s][info][gc,stats      ] 
[127.914s][info][gc,metaspace  ] Metaspace: 63409K->63411K(1105920K)
[127.914s][info][gc,ergo       ] Pacer for Idle. Initial: 20480K, Alloc Tax Rate: 1.0x
[133.001s][info][gc            ] Trigger: Average GC time (3746.02 ms) is above the time for allocation rate (57421 KB/s) to deplete free headroom (209M)
[133.001s][info][gc,ergo       ] Free headroom: 259M (free) - 51200K (spike) - 0B (penalties) = 209M
[133.001s][info][gc,ergo       ] Free: 259M, Max: 256K regular, 141M humongous, Frag: 46% external, 0% internal; Reserve: 51200K, Max: 256K
[133.001s][info][gc,start      ] GC(20) Concurrent reset
[133.001s][info][gc,task       ] GC(20) Using 1 of 1 workers for concurrent reset
[133.001s][info][gc,ergo       ] GC(20) Pacer for Reset. Non-Taxable: 1000M
[133.003s][info][gc            ] GC(20) Concurrent reset 1.262ms
[133.011s][info][gc,start      ] GC(20) Pause Init Mark (process weakrefs)
[133.011s][info][gc,task       ] GC(20) Using 1 of 1 workers for init marking
[133.012s][info][gc,ergo       ] GC(20) Pacer for Mark. Expected Live: 163M, Free: 259M, Non-Taxable: 26617K, Alloc Tax Rate: 0.8x
[133.012s][info][gc            ] GC(20) Pause Init Mark (process weakrefs) 1.430ms
[133.013s][info][gc,start      ] GC(20) Concurrent marking (process weakrefs)
[133.013s][info][gc,task       ] GC(20) Using 1 of 1 workers for concurrent marking
[134.509s][info][gc            ] GC(20) Concurrent marking (process weakrefs) 1496.009ms
[134.509s][info][gc,start      ] GC(20) Concurrent precleaning
[134.509s][info][gc,task       ] GC(20) Using 1 of 1 workers for concurrent preclean
[134.509s][info][gc,ergo       ] GC(20) Pacer for Precleaning. Non-Taxable: 1000M
[134.509s][info][gc            ] GC(20) Concurrent precleaning 0.645ms
[134.509s][info][gc,start      ] GC(20) Pause Final Mark (process weakrefs)
[134.509s][info][gc,task       ] GC(20) Using 1 of 1 workers for final marking
[134.515s][info][gc,ergo       ] GC(20) Adaptive CSet Selection. Target Free: 141M, Actual Free: 503M, Max CSet: 42666K, Min Garbage: 0B
[134.515s][info][gc,ergo       ] GC(20) Collectable Garbage: 486M (97%), Immediate: 248M (49%), CSet: 237M (47%)
[134.517s][info][gc,ergo       ] GC(20) Pacer for Evacuation. Used CSet: 279M, Free: 459M, Non-Taxable: 47045K, Alloc Tax Rate: 1.5x
[134.517s][info][gc            ] GC(20) Pause Final Mark (process weakrefs) 7.822ms
[134.517s][info][gc,start      ] GC(20) Concurrent cleanup
[134.517s][info][gc            ] GC(20) Concurrent cleanup 737M->488M(1000M) 0.119ms
[134.517s][info][gc,ergo       ] GC(20) Free: 459M, Max: 256K regular, 156M humongous, Frag: 66% external, 0% internal; Reserve: 51073K, Max: 256K
[134.517s][info][gc,start      ] GC(20) Concurrent evacuation
[134.517s][info][gc,task       ] GC(20) Using 1 of 1 workers for concurrent evacuation
[134.849s][info][gc            ] GC(20) Concurrent evacuation 331.387ms
[134.859s][info][gc,start      ] GC(20) Pause Init Update Refs
[134.859s][info][gc,ergo       ] GC(20) Pacer for Update Refs. Used: 546M, Free: 443M, Non-Taxable: 45407K, Alloc Tax Rate: 1.5x
[134.859s][info][gc            ] GC(20) Pause Init Update Refs 0.064ms
[134.859s][info][gc,start      ] GC(20) Concurrent update references
[134.859s][info][gc,task       ] GC(20) Using 1 of 1 workers for concurrent reference update
[136.027s][info][gc            ] GC(20) Concurrent update references 1168.382ms
[136.037s][info][gc,start      ] GC(20) Pause Final Update Refs
[136.037s][info][gc,task       ] GC(20) Using 1 of 1 workers for final reference update
[136.038s][info][gc            ] GC(20) Pause Final Update Refs 0.444ms
[136.038s][info][gc,start      ] GC(20) Concurrent cleanup
[136.038s][info][gc            ] GC(20) Concurrent cleanup 611M->332M(1000M) 0.118ms
[136.038s][info][gc,ergo       ] Free: 615M, Max: 256K regular, 144M humongous, Frag: 77% external, 0% internal; Reserve: 51200K, Max: 256K
[136.038s][info][gc,stats      ] 
[136.038s][info][gc,stats      ] All times are wall-clock times, except per-root-class counters, that are sum over
[136.038s][info][gc,stats      ] all workers. Dividing the <total> over the root stage time estimates parallelism.
[136.038s][info][gc,stats      ] 
[136.038s][info][gc,stats      ] Concurrent Reset                   1247 us
[136.038s][info][gc,stats      ] Pause Init Mark (G)                9973 us
[136.038s][info][gc,stats      ] Pause Init Mark (N)                1346 us
[136.038s][info][gc,stats      ]   Accumulate Stats                   12 us
[136.038s][info][gc,stats      ]   Make Parsable                      18 us
[136.038s][info][gc,stats      ]   Update Region States               83 us
[136.038s][info][gc,stats      ]   Scan Roots                       1172 us, parallelism: 0.75x
[136.038s][info][gc,stats      ]     S: <total>                      877 us
[136.038s][info][gc,stats      ]     S: Thread Roots                 253 us, workers (us): 253, 
[136.038s][info][gc,stats      ]     S: Universe Roots                 2 us, workers (us):   2, 
[136.038s][info][gc,stats      ]     S: JNI Handles Roots              2 us, workers (us):   2, 
[136.038s][info][gc,stats      ]     S: Synchronizer Roots             0 us, workers (us):   0, 
[136.038s][info][gc,stats      ]     S: Management Roots               1 us, workers (us):   1, 
[136.038s][info][gc,stats      ]     S: System Dict Roots             12 us, workers (us):  12, 
[136.038s][info][gc,stats      ]     S: CLDG Roots                   606 us, workers (us): 606, 
[136.038s][info][gc,stats      ]     S: JVMTI Roots                    1 us, workers (us):   1, 
[136.038s][info][gc,stats      ]   Resize TLABs                        6 us
[136.038s][info][gc,stats      ] Concurrent Marking              1496000 us
[136.038s][info][gc,stats      ] Concurrent Precleaning              570 us
[136.038s][info][gc,stats      ] Pause Final Mark (G)               7944 us
[136.038s][info][gc,stats      ] Pause Final Mark (N)               7813 us
[136.038s][info][gc,stats      ]   Finish Queues                       9 us
[136.038s][info][gc,stats      ]   Weak References                    27 us
[136.038s][info][gc,stats      ]     Process                          25 us
[136.038s][info][gc,stats      ]   System Purge                      328 us
[136.038s][info][gc,stats      ]     Weak Roots                      327 us
[136.038s][info][gc,stats      ]   Update Region States             4870 us
[136.038s][info][gc,stats      ]   Retire TLABs                       28 us
[136.038s][info][gc,stats      ]   Choose Collection Set             308 us
[136.038s][info][gc,stats      ]   Rebuild Free Set                   15 us
[136.038s][info][gc,stats      ]   Initial Evacuation               2221 us, parallelism: 0.59x
[136.038s][info][gc,stats      ]     E: <total>                     1308 us
[136.038s][info][gc,stats      ]     E: Thread Roots                 245 us, workers (us): 245, 
[136.038s][info][gc,stats      ]     E: Code Cache Roots             524 us, workers (us): 524, 
[136.038s][info][gc,stats      ]     E: Universe Roots                 4 us, workers (us):   4, 
[136.038s][info][gc,stats      ]     E: JNI Handles Roots              1 us, workers (us):   1, 
[136.038s][info][gc,stats      ]     E: Synchronizer Roots             0 us, workers (us):   0, 
[136.038s][info][gc,stats      ]     E: Management Roots               2 us, workers (us):   2, 
[136.038s][info][gc,stats      ]     E: System Dict Roots             13 us, workers (us):  13, 
[136.038s][info][gc,stats      ]     E: CLDG Roots                   516 us, workers (us): 516, 
[136.038s][info][gc,stats      ]     E: JVMTI Roots                    1 us, workers (us):   1, 
[136.038s][info][gc,stats      ] Concurrent Cleanup                  109 us
[136.038s][info][gc,stats      ] Concurrent Evacuation            331374 us
[136.038s][info][gc,stats      ] Pause Init  Update Refs (G)        5107 us
[136.038s][info][gc,stats      ] Pause Init  Update Refs (N)          17 us
[136.038s][info][gc,stats      ]   Retire GCLABs                       9 us
[136.038s][info][gc,stats      ] Concurrent Update Refs          1168366 us
[136.038s][info][gc,stats      ] Pause Final Update Refs (G)        6283 us
[136.038s][info][gc,stats      ] Pause Final Update Refs (N)         320 us
[136.038s][info][gc,stats      ]   Update Roots                      238 us, parallelism: 0.95x
[136.038s][info][gc,stats      ]     UR: <total>                     226 us
[136.038s][info][gc,stats      ]     UR: Thread Roots                226 us, workers (us): 226, 
[136.038s][info][gc,stats      ]   Update Region States               46 us
[136.038s][info][gc,stats      ]   Trash Collection Set                7 us
[136.038s][info][gc,stats      ]   Rebuild Free Set                   15 us
[136.038s][info][gc,stats      ] Concurrent Cleanup                  110 us
[136.038s][info][gc,stats      ] Pacing                           716625 us
[136.038s][info][gc,stats      ] 
[136.038s][info][gc,stats      ] Allocation pacing accrued:
[136.038s][info][gc,stats      ]     717 of  8124 ms (  8.8%): Executor task launch worker for task 1.0 in stage 2.0 (TID 7)
[136.038s][info][gc,stats      ]     717 of  8124 ms (  8.8%): <total>
[136.038s][info][gc,stats      ]      12 of  8124 ms (  0.1%): <average total>
[136.038s][info][gc,stats      ]     717 of  8124 ms (  8.8%): <average non-zero>
[136.038s][info][gc,stats      ] 
[136.038s][info][gc,metaspace  ] Metaspace: 63444K->63446K(1105920K)
[136.038s][info][gc,ergo       ] Pacer for Idle. Initial: 20480K, Alloc Tax Rate: 1.0x
[141.565s][info][gc            ] Trigger: Average GC time (3301.77 ms) is above the time for allocation rate (60531 KB/s) to deplete free headroom (194M)
[141.566s][info][gc,ergo       ] Free headroom: 244M (free) - 51200K (spike) - 0B (penalties) = 194M
[141.566s][info][gc,ergo       ] Free: 244M, Max: 256K regular, 134M humongous, Frag: 45% external, 0% internal; Reserve: 51200K, Max: 256K
[141.566s][info][gc,start      ] GC(21) Concurrent reset
[141.566s][info][gc,task       ] GC(21) Using 1 of 1 workers for concurrent reset
[141.566s][info][gc,ergo       ] GC(21) Pacer for Reset. Non-Taxable: 1000M
[141.567s][info][gc            ] GC(21) Concurrent reset 0.904ms
[141.576s][info][gc,start      ] GC(21) Pause Init Mark
[141.576s][info][gc,task       ] GC(21) Using 1 of 1 workers for init marking
[141.578s][info][gc,ergo       ] GC(21) Pacer for Mark. Expected Live: 175M, Free: 244M, Non-Taxable: 25055K, Alloc Tax Rate: 0.9x
[141.578s][info][gc            ] GC(21) Pause Init Mark 1.265ms
[141.578s][info][gc,start      ] GC(21) Concurrent marking
[141.578s][info][gc,task       ] GC(21) Using 1 of 1 workers for concurrent marking
[142.779s][info][gc            ] GC(21) Concurrent marking 1201.059ms
[142.779s][info][gc,start      ] GC(21) Pause Final Mark
[142.779s][info][gc,task       ] GC(21) Using 1 of 1 workers for final marking
[142.779s][info][gc,ergo       ] GC(21) Adaptive CSet Selection. Target Free: 141M, Actual Free: 616M, Max CSet: 42666K, Min Garbage: 0B
[142.779s][info][gc,ergo       ] GC(21) Collectable Garbage: 519M (99%), Immediate: 369M (70%), CSet: 150M (28%)
[142.781s][info][gc,ergo       ] GC(21) Pacer for Evacuation. Used CSet: 189M, Free: 571M, Non-Taxable: 58566K, Alloc Tax Rate: 1.1x
[142.786s][info][gc            ] GC(21) Pause Final Mark 7.614ms
[142.791s][info][gc,start      ] GC(21) Concurrent cleanup
[142.791s][info][gc            ] GC(21) Concurrent cleanup 745M->376M(1000M) 0.179ms
[142.791s][info][gc,ergo       ] GC(21) Free: 571M, Max: 256K regular, 156M humongous, Frag: 73% external, 0% internal; Reserve: 51073K, Max: 256K
[142.791s][info][gc,start      ] GC(21) Concurrent evacuation
[142.791s][info][gc,task       ] GC(21) Using 1 of 1 workers for concurrent evacuation
[143.038s][info][gc            ] GC(21) Concurrent evacuation 246.297ms
[143.041s][info][gc,start      ] GC(21) Pause Init Update Refs
[143.041s][info][gc,ergo       ] GC(21) Pacer for Update Refs. Used: 428M, Free: 559M, Non-Taxable: 57311K, Alloc Tax Rate: 1.1x
[143.041s][info][gc            ] GC(21) Pause Init Update Refs 0.066ms
[143.042s][info][gc,start      ] GC(21) Concurrent update references
[143.042s][info][gc,task       ] GC(21) Using 1 of 1 workers for concurrent reference update
[143.972s][info][gc            ] GC(21) Concurrent update references 930.857ms
[143.978s][info][gc,start      ] GC(21) Pause Final Update Refs
[143.978s][info][gc,task       ] GC(21) Using 1 of 1 workers for final reference update
[143.978s][info][gc            ] GC(21) Pause Final Update Refs 0.507ms
[143.978s][info][gc,start      ] GC(21) Concurrent cleanup
[143.979s][info][gc            ] GC(21) Concurrent cleanup 471M->281M(1000M) 0.117ms
[143.979s][info][gc,ergo       ] Free: 666M, Max: 256K regular, 214M humongous, Frag: 68% external, 0% internal; Reserve: 51200K, Max: 256K
[143.979s][info][gc,stats      ] 
[143.979s][info][gc,stats      ] All times are wall-clock times, except per-root-class counters, that are sum over
[143.979s][info][gc,stats      ] all workers. Dividing the <total> over the root stage time estimates parallelism.
[143.979s][info][gc,stats      ] 
[143.979s][info][gc,stats      ] Concurrent Reset                    886 us
[143.979s][info][gc,stats      ] Pause Init Mark (G)               10915 us
[143.979s][info][gc,stats      ] Pause Init Mark (N)                1216 us
[143.979s][info][gc,stats      ]   Accumulate Stats                    9 us
[143.979s][info][gc,stats      ]   Make Parsable                      14 us
[143.979s][info][gc,stats      ]   Update Region States               53 us
[143.979s][info][gc,stats      ]   Scan Roots                       1105 us, parallelism: 0.75x
[143.979s][info][gc,stats      ]     S: <total>                      833 us
[143.979s][info][gc,stats      ]     S: Thread Roots                 247 us, workers (us): 247, 
[143.979s][info][gc,stats      ]     S: Universe Roots                 2 us, workers (us):   2, 
[143.979s][info][gc,stats      ]     S: JNI Handles Roots              2 us, workers (us):   2, 
[143.979s][info][gc,stats      ]     S: Synchronizer Roots             0 us, workers (us):   0, 
[143.979s][info][gc,stats      ]     S: Management Roots               1 us, workers (us):   1, 
[143.979s][info][gc,stats      ]     S: System Dict Roots             12 us, workers (us):  12, 
[143.979s][info][gc,stats      ]     S: CLDG Roots                   568 us, workers (us): 568, 
[143.979s][info][gc,stats      ]     S: JVMTI Roots                    0 us, workers (us):   0, 
[143.979s][info][gc,stats      ]   Resize TLABs                        4 us
[143.979s][info][gc,stats      ] Concurrent Marking              1201049 us
[143.979s][info][gc,stats      ] Pause Final Mark (G)              12588 us
[143.979s][info][gc,stats      ] Pause Final Mark (N)               7599 us
[143.979s][info][gc,stats      ]   Finish Queues                      14 us
[143.979s][info][gc,stats      ]   System Purge                      291 us
[143.979s][info][gc,stats      ]     Weak Roots                      290 us
[143.979s][info][gc,stats      ]   Update Region States               47 us
[143.979s][info][gc,stats      ]   Retire TLABs                       10 us
[143.979s][info][gc,stats      ]   Choose Collection Set             178 us
[143.979s][info][gc,stats      ]   Rebuild Free Set                   16 us
[143.979s][info][gc,stats      ]   Initial Evacuation               7036 us, parallelism: 0.20x
[143.979s][info][gc,stats      ]     E: <total>                     1396 us
[143.979s][info][gc,stats      ]     E: Thread Roots                 312 us, workers (us): 312, 
[143.979s][info][gc,stats      ]     E: Code Cache Roots             514 us, workers (us): 514, 
[143.979s][info][gc,stats      ]     E: Universe Roots                 1 us, workers (us):   1, 
[143.979s][info][gc,stats      ]     E: JNI Handles Roots              1 us, workers (us):   1, 
[143.979s][info][gc,stats      ]     E: Synchronizer Roots             0 us, workers (us):   0, 
[143.979s][info][gc,stats      ]     E: Management Roots               1 us, workers (us):   1, 
[143.979s][info][gc,stats      ]     E: System Dict Roots             13 us, workers (us):  13, 
[143.979s][info][gc,stats      ]     E: CLDG Roots                   553 us, workers (us): 553, 
[143.979s][info][gc,stats      ]     E: JVMTI Roots                    0 us, workers (us):   0, 
[143.979s][info][gc,stats      ] Concurrent Cleanup                  136 us
[143.979s][info][gc,stats      ] Concurrent Evacuation            246284 us
[143.979s][info][gc,stats      ] Pause Init  Update Refs (G)        3662 us
[143.979s][info][gc,stats      ] Pause Init  Update Refs (N)          15 us
[143.979s][info][gc,stats      ]   Retire GCLABs                       6 us
[143.979s][info][gc,stats      ] Concurrent Update Refs           930841 us
[143.979s][info][gc,stats      ] Pause Final Update Refs (G)        3331 us
[143.979s][info][gc,stats      ] Pause Final Update Refs (N)         341 us
[143.979s][info][gc,stats      ]   Update Roots                      241 us, parallelism: 0.95x
[143.979s][info][gc,stats      ]     UR: <total>                     230 us
[143.979s][info][gc,stats      ]     UR: Thread Roots                230 us, workers (us): 230, 
[143.979s][info][gc,stats      ]   Update Region States               50 us
[143.979s][info][gc,stats      ]   Trash Collection Set                6 us
[143.979s][info][gc,stats      ]   Rebuild Free Set                   15 us
[143.979s][info][gc,stats      ] Concurrent Cleanup                   95 us
[143.979s][info][gc,stats      ] Pacing                           523006 us
[143.979s][info][gc,stats      ] 
[143.979s][info][gc,stats      ] Allocation pacing accrued:
[143.979s][info][gc,stats      ]     523 of  7941 ms (  6.6%): Executor task launch worker for task 2.0 in stage 2.0 (TID 8)
[143.979s][info][gc,stats      ]     523 of  7941 ms (  6.6%): <total>
[143.979s][info][gc,stats      ]       8 of  7941 ms (  0.1%): <average total>
[143.979s][info][gc,stats      ]     523 of  7941 ms (  6.6%): <average non-zero>
[143.979s][info][gc,stats      ] 
[143.979s][info][gc,metaspace  ] Metaspace: 63517K->63521K(1105920K)
[143.979s][info][gc,ergo       ] Pacer for Idle. Initial: 20480K, Alloc Tax Rate: 1.0x
[150.318s][info][gc            ] Trigger: Average GC time (3205.16 ms) is above the time for allocation rate (61573 KB/s) to deplete free headroom (192M)
[150.318s][info][gc,ergo       ] Free headroom: 242M (free) - 51200K (spike) - 0B (penalties) = 192M
[150.318s][info][gc,ergo       ] Free: 242M, Max: 256K regular, 133M humongous, Frag: 45% external, 0% internal; Reserve: 51200K, Max: 256K
[150.318s][info][gc,start      ] GC(22) Concurrent reset
[150.318s][info][gc,task       ] GC(22) Using 1 of 1 workers for concurrent reset
[150.318s][info][gc,ergo       ] GC(22) Pacer for Reset. Non-Taxable: 1000M
[150.318s][info][gc            ] GC(22) Concurrent reset 0.626ms
[150.329s][info][gc,start      ] GC(22) Pause Init Mark
[150.329s][info][gc,task       ] GC(22) Using 1 of 1 workers for init marking
[150.331s][info][gc,ergo       ] GC(22) Pacer for Mark. Expected Live: 180M, Free: 242M, Non-Taxable: 24825K, Alloc Tax Rate: 0.9x
[150.331s][info][gc            ] GC(22) Pause Init Mark 1.371ms
[150.331s][info][gc,start      ] GC(22) Concurrent marking
[150.331s][info][gc,task       ] GC(22) Using 1 of 1 workers for concurrent marking
[151.655s][info][gc            ] GC(22) Concurrent marking 1323.952ms
[151.655s][info][gc,start      ] GC(22) Pause Final Mark
[151.655s][info][gc,task       ] GC(22) Using 1 of 1 workers for final marking
[151.656s][info][gc,ergo       ] GC(22) Collectable Garbage: 505M (91%), Immediate: 505M (91%), CSet: 0B (0%)
[151.656s][info][gc            ] GC(22) Pause Final Mark 0.571ms
[151.656s][info][gc,start      ] GC(22) Concurrent cleanup
[151.656s][info][gc            ] GC(22) Concurrent cleanup 747M->242M(1000M) 0.156ms
[151.656s][info][gc,ergo       ] GC(22) Free: 704M, Max: 256K regular, 229M humongous, Frag: 68% external, 0% internal; Reserve: 51200K, Max: 256K
[151.656s][info][gc,ergo       ] Free: 704M, Max: 256K regular, 229M humongous, Frag: 68% external, 0% internal; Reserve: 51200K, Max: 256K
[151.656s][info][gc,stats      ] 
[151.656s][info][gc,stats      ] All times are wall-clock times, except per-root-class counters, that are sum over
[151.656s][info][gc,stats      ] all workers. Dividing the <total> over the root stage time estimates parallelism.
[151.656s][info][gc,stats      ] 
[151.656s][info][gc,stats      ] Concurrent Reset                    615 us
[151.656s][info][gc,stats      ] Pause Init Mark (G)               12456 us
[151.656s][info][gc,stats      ] Pause Init Mark (N)                1317 us
[151.656s][info][gc,stats      ]   Accumulate Stats                    8 us
[151.656s][info][gc,stats      ]   Make Parsable                      12 us
[151.656s][info][gc,stats      ]   Update Region States               63 us
[151.656s][info][gc,stats      ]   Scan Roots                       1187 us, parallelism: 0.76x
[151.656s][info][gc,stats      ]     S: <total>                      907 us
[151.656s][info][gc,stats      ]     S: Thread Roots                 287 us, workers (us): 287, 
[151.656s][info][gc,stats      ]     S: Universe Roots                 3 us, workers (us):   3, 
[151.656s][info][gc,stats      ]     S: JNI Handles Roots              2 us, workers (us):   2, 
[151.656s][info][gc,stats      ]     S: Synchronizer Roots             0 us, workers (us):   0, 
[151.656s][info][gc,stats      ]     S: Management Roots               2 us, workers (us):   2, 
[151.656s][info][gc,stats      ]     S: System Dict Roots             12 us, workers (us):  12, 
[151.656s][info][gc,stats      ]     S: CLDG Roots                   601 us, workers (us): 601, 
[151.656s][info][gc,stats      ]     S: JVMTI Roots                    1 us, workers (us):   1, 
[151.656s][info][gc,stats      ]   Resize TLABs                        6 us
[151.656s][info][gc,stats      ] Concurrent Marking              1323943 us
[151.656s][info][gc,stats      ] Pause Final Mark (G)                661 us
[151.656s][info][gc,stats      ] Pause Final Mark (N)                535 us
[151.656s][info][gc,stats      ]   Finish Queues                      20 us
[151.656s][info][gc,stats      ]   System Purge                      263 us
[151.656s][info][gc,stats      ]     Weak Roots                      263 us
[151.656s][info][gc,stats      ]   Update Region States               59 us
[151.656s][info][gc,stats      ]   Retire TLABs                       10 us
[151.656s][info][gc,stats      ]   Choose Collection Set             137 us
[151.656s][info][gc,stats      ]   Rebuild Free Set                   21 us
[151.656s][info][gc,stats      ] Concurrent Cleanup                  145 us
[151.656s][info][gc,stats      ] Pacing                           363805 us
[151.656s][info][gc,stats      ] 
[151.656s][info][gc,stats      ] Allocation pacing accrued:
[151.656s][info][gc,stats      ]     364 of  7677 ms (  4.7%): Executor task launch worker for task 2.0 in stage 3.0 (TID 11)
[151.656s][info][gc,stats      ]     364 of  7677 ms (  4.7%): <total>
[151.656s][info][gc,stats      ]       6 of  7677 ms (  0.1%): <average total>
[151.656s][info][gc,stats      ]     364 of  7677 ms (  4.7%): <average non-zero>
[151.656s][info][gc,stats      ] 
[151.656s][info][gc,metaspace  ] Metaspace: 63606K->63631K(1105920K)
[151.656s][info][gc,ergo       ] Pacer for Idle. Initial: 20480K, Alloc Tax Rate: 1.0x
[163.406s][info][gc            ] Trigger: Average GC time (2904.15 ms) is above the time for allocation rate (44989 KB/s) to deplete free headroom (127M)
[163.406s][info][gc,ergo       ] Free headroom: 177M (free) - 51200K (spike) - 0B (penalties) = 127M
[163.406s][info][gc,ergo       ] Free: 177M, Max: 256K regular, 162M humongous, Frag: 9% external, 0% internal; Reserve: 51200K, Max: 256K
[163.406s][info][gc,start      ] GC(23) Concurrent reset
[163.406s][info][gc,task       ] GC(23) Using 1 of 1 workers for concurrent reset
[163.406s][info][gc,ergo       ] GC(23) Pacer for Reset. Non-Taxable: 1000M
[163.407s][info][gc            ] GC(23) Concurrent reset 0.430ms
[163.417s][info][gc,start      ] GC(23) Pause Init Mark
[163.417s][info][gc,task       ] GC(23) Using 1 of 1 workers for init marking
[163.421s][info][gc,ergo       ] GC(23) Pacer for Mark. Expected Live: 180M, Free: 177M, Non-Taxable: 18169K, Alloc Tax Rate: 1.2x
[163.421s][info][gc            ] GC(23) Pause Init Mark 4.103ms
[163.421s][info][gc,start      ] GC(23) Concurrent marking
[163.421s][info][gc,task       ] GC(23) Using 1 of 1 workers for concurrent marking
[165.527s][info][gc            ] GC(23) Concurrent marking 2106.450ms
[165.533s][info][gc,start      ] GC(23) Pause Final Mark
[165.534s][info][gc,task       ] GC(23) Using 1 of 1 workers for final marking
[165.534s][info][gc,ergo       ] GC(23) Adaptive CSet Selection. Target Free: 141M, Actual Free: 733M, Max CSet: 42666K, Min Garbage: 0B
[165.534s][info][gc,ergo       ] GC(23) Collectable Garbage: 603M (99%), Immediate: 551M (90%), CSet: 53124K (8%)
[165.539s][info][gc,ergo       ] GC(23) Pacer for Evacuation. Used CSet: 62326K, Free: 695M, Non-Taxable: 71263K, Alloc Tax Rate: 1.1x
[165.539s][info][gc            ] GC(23) Pause Final Mark 5.540ms
[165.539s][info][gc,start      ] GC(23) Concurrent cleanup
[165.539s][info][gc            ] GC(23) Concurrent cleanup 803M->251M(1000M) 0.168ms
[165.539s][info][gc,ergo       ] GC(23) Free: 695M, Max: 256K regular, 132M humongous, Frag: 81% external, 0% internal; Reserve: 50944K, Max: 256K
[165.539s][info][gc,start      ] GC(23) Concurrent evacuation
[165.539s][info][gc,task       ] GC(23) Using 1 of 1 workers for concurrent evacuation
[165.653s][info][gc            ] GC(23) Concurrent evacuation 113.497ms
[165.664s][info][gc,start      ] GC(23) Pause Init Update Refs
[165.664s][info][gc,ergo       ] GC(23) Pacer for Update Refs. Used: 262M, Free: 694M, Non-Taxable: 71084K, Alloc Tax Rate: 1.1x
[165.664s][info][gc            ] GC(23) Pause Init Update Refs 0.060ms
[165.664s][info][gc,start      ] GC(23) Concurrent update references
[165.664s][info][gc,task       ] GC(23) Using 1 of 1 workers for concurrent reference update
[166.888s][info][gc            ] GC(23) Concurrent update references 1224.079ms
[166.896s][info][gc,start      ] GC(23) Pause Final Update Refs
[166.896s][info][gc,task       ] GC(23) Using 1 of 1 workers for final reference update
[166.897s][info][gc            ] GC(23) Pause Final Update Refs 0.409ms
[166.897s][info][gc,start      ] GC(23) Concurrent cleanup
[166.897s][info][gc            ] GC(23) Concurrent cleanup 284M->223M(1000M) 0.084ms
[166.897s][info][gc,ergo       ] Free: 723M, Max: 256K regular, 229M humongous, Frag: 69% external, 0% internal; Reserve: 51200K, Max: 256K
[166.897s][info][gc,stats      ] 
[166.897s][info][gc,stats      ] All times are wall-clock times, except per-root-class counters, that are sum over
[166.897s][info][gc,stats      ] all workers. Dividing the <total> over the root stage time estimates parallelism.
[166.897s][info][gc,stats      ] 
[166.897s][info][gc,stats      ] Concurrent Reset                    414 us
[166.897s][info][gc,stats      ] Pause Init Mark (G)               14287 us
[166.897s][info][gc,stats      ] Pause Init Mark (N)                4023 us
[166.897s][info][gc,stats      ]   Accumulate Stats                   16 us
[166.897s][info][gc,stats      ]   Make Parsable                      21 us
[166.897s][info][gc,stats      ]   Update Region States               78 us
[166.897s][info][gc,stats      ]   Scan Roots                       3840 us, parallelism: 0.33x
[166.897s][info][gc,stats      ]     S: <total>                     1251 us
[166.897s][info][gc,stats      ]     S: Thread Roots                 373 us, workers (us): 373, 
[166.897s][info][gc,stats      ]     S: Universe Roots                 3 us, workers (us):   3, 
[166.897s][info][gc,stats      ]     S: JNI Handles Roots              2 us, workers (us):   2, 
[166.897s][info][gc,stats      ]     S: Synchronizer Roots             1 us, workers (us):   1, 
[166.897s][info][gc,stats      ]     S: Management Roots               3 us, workers (us):   3, 
[166.897s][info][gc,stats      ]     S: System Dict Roots             14 us, workers (us):  14, 
[166.897s][info][gc,stats      ]     S: CLDG Roots                   855 us, workers (us): 855, 
[166.897s][info][gc,stats      ]     S: JVMTI Roots                    1 us, workers (us):   1, 
[166.897s][info][gc,stats      ]   Resize TLABs                        7 us
[166.897s][info][gc,stats      ] Concurrent Marking              2106440 us
[166.897s][info][gc,stats      ] Pause Final Mark (G)               9892 us
[166.897s][info][gc,stats      ] Pause Final Mark (N)               5407 us
[166.897s][info][gc,stats      ]   Finish Queues                      24 us
[166.897s][info][gc,stats      ]   System Purge                      331 us
[166.897s][info][gc,stats      ]     Weak Roots                      330 us
[166.897s][info][gc,stats      ]   Update Region States               48 us
[166.897s][info][gc,stats      ]   Retire TLABs                       11 us
[166.897s][info][gc,stats      ]   Choose Collection Set             146 us
[166.897s][info][gc,stats      ]   Rebuild Free Set                   15 us
[166.897s][info][gc,stats      ]   Initial Evacuation               4801 us, parallelism: 0.32x
[166.897s][info][gc,stats      ]     E: <total>                     1521 us
[166.897s][info][gc,stats      ]     E: Thread Roots                 315 us, workers (us): 315, 
[166.897s][info][gc,stats      ]     E: Code Cache Roots             613 us, workers (us): 613, 
[166.897s][info][gc,stats      ]     E: Universe Roots                 1 us, workers (us):   1, 
[166.897s][info][gc,stats      ]     E: JNI Handles Roots              1 us, workers (us):   1, 
[166.897s][info][gc,stats      ]     E: Synchronizer Roots             0 us, workers (us):   0, 
[166.897s][info][gc,stats      ]     E: Management Roots               2 us, workers (us):   2, 
[166.897s][info][gc,stats      ]     E: System Dict Roots             15 us, workers (us):  15, 
[166.897s][info][gc,stats      ]     E: CLDG Roots                   574 us, workers (us): 574, 
[166.897s][info][gc,stats      ]     E: JVMTI Roots                    0 us, workers (us):   0, 
[166.897s][info][gc,stats      ] Concurrent Cleanup                  159 us
[166.897s][info][gc,stats      ] Concurrent Evacuation            113484 us
[166.897s][info][gc,stats      ] Pause Init  Update Refs (G)        8944 us
[166.897s][info][gc,stats      ] Pause Init  Update Refs (N)          13 us
[166.897s][info][gc,stats      ]   Retire GCLABs                       5 us
[166.897s][info][gc,stats      ] Concurrent Update Refs          1224065 us
[166.897s][info][gc,stats      ] Pause Final Update Refs (G)        8307 us
[166.897s][info][gc,stats      ] Pause Final Update Refs (N)         311 us
[166.897s][info][gc,stats      ]   Update Roots                      235 us, parallelism: 0.96x
[166.897s][info][gc,stats      ]     UR: <total>                     225 us
[166.897s][info][gc,stats      ]     UR: Thread Roots                225 us, workers (us): 225, 
[166.897s][info][gc,stats      ]   Update Region States               44 us
[166.897s][info][gc,stats      ]   Trash Collection Set                3 us
[166.897s][info][gc,stats      ]   Rebuild Free Set                   15 us
[166.897s][info][gc,stats      ] Concurrent Cleanup                   76 us
[166.897s][info][gc,stats      ] Pacing                           585741 us
[166.897s][info][gc,stats      ] 
[166.897s][info][gc,stats      ] Allocation pacing accrued:
[166.897s][info][gc,stats      ]     586 of 15241 ms (  3.8%): Executor task launch worker for task 2.0 in stage 11.0 (TID 17)
[166.897s][info][gc,stats      ]     586 of 15241 ms (  3.8%): <total>
[166.897s][info][gc,stats      ]      10 of 15241 ms (  0.1%): <average total>
[166.897s][info][gc,stats      ]     586 of 15241 ms (  3.8%): <average non-zero>
[166.897s][info][gc,stats      ] 
[166.898s][info][gc,metaspace  ] Metaspace: 64239K->64256K(1105920K)
[166.898s][info][gc,ergo       ] Pacer for Idle. Initial: 20480K, Alloc Tax Rate: 1.0x
[188.879s][info][gc            ] Trigger: Average GC time (2702.85 ms) is above the time for allocation rate (27004 KB/s) to deplete free headroom (72637K)
[188.879s][info][gc,ergo       ] Free headroom: 120M (free) - 51200K (spike) - 0B (penalties) = 72637K
[188.880s][info][gc,ergo       ] Free: 120M, Max: 256K regular, 120M humongous, Frag: 0% external, 1% internal; Reserve: 51200K, Max: 256K
[188.880s][info][gc,start      ] GC(24) Concurrent reset
[188.880s][info][gc,task       ] GC(24) Using 1 of 1 workers for concurrent reset
[188.880s][info][gc,ergo       ] GC(24) Pacer for Reset. Non-Taxable: 1000M
[188.880s][info][gc            ] GC(24) Concurrent reset 0.524ms
[188.899s][info][gc,start      ] GC(24) Pause Init Mark
[188.899s][info][gc,task       ] GC(24) Using 1 of 1 workers for init marking
[188.903s][info][gc,ergo       ] GC(24) Pacer for Mark. Expected Live: 171M, Free: 120M, Non-Taxable: 12383K, Alloc Tax Rate: 1.7x
[188.903s][info][gc            ] GC(24) Pause Init Mark 3.819ms
[188.903s][info][gc,start      ] GC(24) Concurrent marking
[188.903s][info][gc,task       ] GC(24) Using 1 of 1 workers for concurrent marking
[191.155s][info][gc            ] GC(24) Concurrent marking 2252.678ms
[191.164s][info][gc,start      ] GC(24) Pause Final Mark
[191.164s][info][gc,task       ] GC(24) Using 1 of 1 workers for final marking
[191.164s][info][gc,ergo       ] GC(24) Adaptive CSet Selection. Target Free: 141M, Actual Free: 571M, Max CSet: 42666K, Min Garbage: 0B
[191.165s][info][gc,ergo       ] GC(24) Collectable Garbage: 640M (99%), Immediate: 440M (68%), CSet: 199M (30%)
[191.167s][info][gc,ergo       ] GC(24) Pacer for Evacuation. Used CSet: 229M, Free: 532M, Non-Taxable: 54572K, Alloc Tax Rate: 1.1x
[191.167s][info][gc            ] GC(24) Pause Final Mark 2.797ms
[191.167s][info][gc,start      ] GC(24) Concurrent cleanup
[191.167s][info][gc            ] GC(24) Concurrent cleanup 856M->415M(1000M) 0.148ms
[191.167s][info][gc,ergo       ] GC(24) Free: 532M, Max: 256K regular, 101632K humongous, Frag: 82% external, 0% internal; Reserve: 51137K, Max: 256K
[191.167s][info][gc,start      ] GC(24) Concurrent evacuation
[191.167s][info][gc,task       ] GC(24) Using 1 of 1 workers for concurrent evacuation
[191.569s][info][gc            ] GC(24) Concurrent evacuation 402.092ms
[191.577s][info][gc,start      ] GC(24) Pause Init Update Refs
[191.577s][info][gc,ergo       ] GC(24) Pacer for Update Refs. Used: 447M, Free: 530M, Non-Taxable: 54316K, Alloc Tax Rate: 1.1x
[191.577s][info][gc            ] GC(24) Pause Init Update Refs 0.058ms
[191.577s][info][gc,start      ] GC(24) Concurrent update references
[191.577s][info][gc,task       ] GC(24) Using 1 of 1 workers for concurrent reference update
[193.131s][info][gc            ] GC(24) Concurrent update references 1554.659ms
[193.135s][info][gc,start      ] GC(24) Pause Final Update Refs
[193.135s][info][gc,task       ] GC(24) Using 1 of 1 workers for final reference update
[193.147s][info][gc            ] GC(24) Pause Final Update Refs 12.055ms
[193.147s][info][gc,start      ] GC(24) Concurrent cleanup
[193.148s][info][gc            ] GC(24) Concurrent cleanup 449M->220M(1000M) 0.112ms
[193.148s][info][gc,ergo       ] Free: 727M, Max: 256K regular, 229M humongous, Frag: 69% external, 0% internal; Reserve: 51200K, Max: 256K
[193.148s][info][gc,stats      ] 
[193.148s][info][gc,stats      ] All times are wall-clock times, except per-root-class counters, that are sum over
[193.148s][info][gc,stats      ] all workers. Dividing the <total> over the root stage time estimates parallelism.
[193.148s][info][gc,stats      ] 
[193.148s][info][gc,stats      ] Concurrent Reset                    506 us
[193.148s][info][gc,stats      ] Pause Init Mark (G)               22597 us
[193.148s][info][gc,stats      ] Pause Init Mark (N)                3764 us
[193.148s][info][gc,stats      ]   Accumulate Stats                    9 us
[193.148s][info][gc,stats      ]   Make Parsable                      14 us
[193.148s][info][gc,stats      ]   Update Region States               71 us
[193.148s][info][gc,stats      ]   Scan Roots                       3592 us, parallelism: 0.30x
[193.148s][info][gc,stats      ]     S: <total>                     1076 us
[193.148s][info][gc,stats      ]     S: Thread Roots                 365 us, workers (us): 365, 
[193.148s][info][gc,stats      ]     S: Universe Roots                 3 us, workers (us):   3, 
[193.148s][info][gc,stats      ]     S: JNI Handles Roots              2 us, workers (us):   2, 
[193.148s][info][gc,stats      ]     S: Synchronizer Roots             0 us, workers (us):   0, 
[193.148s][info][gc,stats      ]     S: Management Roots               2 us, workers (us):   2, 
[193.148s][info][gc,stats      ]     S: System Dict Roots             13 us, workers (us):  13, 
[193.148s][info][gc,stats      ]     S: CLDG Roots                   690 us, workers (us): 690, 
[193.148s][info][gc,stats      ]     S: JVMTI Roots                    1 us, workers (us):   1, 
[193.148s][info][gc,stats      ]   Resize TLABs                       21 us
[193.148s][info][gc,stats      ] Concurrent Marking              2252668 us
[193.148s][info][gc,stats      ] Pause Final Mark (G)               3318 us
[193.148s][info][gc,stats      ] Pause Final Mark (N)               2686 us
[193.148s][info][gc,stats      ]   Finish Queues                      24 us
[193.148s][info][gc,stats      ]   System Purge                      317 us
[193.148s][info][gc,stats      ]     Weak Roots                      316 us
[193.148s][info][gc,stats      ]   Update Region States               54 us
[193.148s][info][gc,stats      ]   Retire TLABs                       11 us
[193.148s][info][gc,stats      ]   Choose Collection Set             227 us
[193.148s][info][gc,stats      ]   Rebuild Free Set                   14 us
[193.148s][info][gc,stats      ]   Initial Evacuation               2013 us, parallelism: 0.62x
[193.148s][info][gc,stats      ]     E: <total>                     1238 us
[193.148s][info][gc,stats      ]     E: Thread Roots                 294 us, workers (us): 294, 
[193.148s][info][gc,stats      ]     E: Code Cache Roots             358 us, workers (us): 358, 
[193.148s][info][gc,stats      ]     E: Universe Roots                 1 us, workers (us):   1, 
[193.148s][info][gc,stats      ]     E: JNI Handles Roots              1 us, workers (us):   1, 
[193.148s][info][gc,stats      ]     E: Synchronizer Roots             0 us, workers (us):   0, 
[193.148s][info][gc,stats      ]     E: Management Roots               1 us, workers (us):   1, 
[193.148s][info][gc,stats      ]     E: System Dict Roots             13 us, workers (us):  13, 
[193.148s][info][gc,stats      ]     E: CLDG Roots                   569 us, workers (us): 569, 
[193.148s][info][gc,stats      ]     E: JVMTI Roots                    0 us, workers (us):   0, 
[193.148s][info][gc,stats      ] Concurrent Cleanup                  139 us
[193.148s][info][gc,stats      ] Concurrent Evacuation            402079 us
[193.148s][info][gc,stats      ] Pause Init  Update Refs (G)        7652 us
[193.148s][info][gc,stats      ] Pause Init  Update Refs (N)          12 us
[193.148s][info][gc,stats      ]   Retire GCLABs                       5 us
[193.148s][info][gc,stats      ] Concurrent Update Refs          1554642 us
[193.148s][info][gc,stats      ] Pause Final Update Refs (G)       15918 us
[193.148s][info][gc,stats      ] Pause Final Update Refs (N)       11901 us
[193.148s][info][gc,stats      ]   Update Roots                    11805 us, parallelism: 0.03x
[193.148s][info][gc,stats      ]     UR: <total>                     345 us
[193.148s][info][gc,stats      ]     UR: Thread Roots                345 us, workers (us): 345, 
[193.148s][info][gc,stats      ]   Update Region States               48 us
[193.148s][info][gc,stats      ]   Trash Collection Set                6 us
[193.148s][info][gc,stats      ]   Rebuild Free Set                   14 us
[193.148s][info][gc,stats      ] Concurrent Cleanup                  102 us
[193.148s][info][gc,stats      ] Pacing                          1368196 us
[193.148s][info][gc,stats      ] 
[193.148s][info][gc,stats      ] Allocation pacing accrued:
[193.148s][info][gc,stats      ]      14 of 26251 ms (  0.1%): RemoteBlock-temp-file-clean-thread
[193.148s][info][gc,stats      ]    1355 of 26251 ms (  5.2%): Executor task launch worker for task 1.0 in stage 12.0 (TID 19)
[193.148s][info][gc,stats      ]    1368 of 26251 ms (  5.2%): <total>
[193.148s][info][gc,stats      ]      22 of 26251 ms (  0.1%): <average total>
[193.148s][info][gc,stats      ]     684 of 26251 ms (  2.6%): <average non-zero>
[193.148s][info][gc,stats      ] 
[193.148s][info][gc,metaspace  ] Metaspace: 65975K->65986K(1107968K)
[193.148s][info][gc,ergo       ] Pacer for Idle. Initial: 20480K, Alloc Tax Rate: 1.0x
[199.895s][info][gc            ] Trigger: Average GC time (2909.27 ms) is above the time for allocation rate (53107 KB/s) to deplete free headroom (150M)
[199.895s][info][gc,ergo       ] Free headroom: 200M (free) - 51200K (spike) - 0B (penalties) = 150M
[199.895s][info][gc,ergo       ] Free: 200M, Max: 256K regular, 68608K humongous, Frag: 67% external, 0% internal; Reserve: 51200K, Max: 256K
[199.896s][info][gc,start      ] GC(25) Concurrent reset
[199.896s][info][gc,task       ] GC(25) Using 1 of 1 workers for concurrent reset
[199.896s][info][gc,ergo       ] GC(25) Pacer for Reset. Non-Taxable: 1000M
[199.896s][info][gc            ] GC(25) Concurrent reset 0.769ms
[199.905s][info][gc,start      ] GC(25) Pause Init Mark (process weakrefs)
[199.905s][info][gc,task       ] GC(25) Using 1 of 1 workers for init marking
[199.907s][info][gc,ergo       ] GC(25) Pacer for Mark. Expected Live: 167M, Free: 200M, Non-Taxable: 20545K, Alloc Tax Rate: 1.0x
[199.907s][info][gc            ] GC(25) Pause Init Mark (process weakrefs) 1.590ms
[199.907s][info][gc,start      ] GC(25) Concurrent marking (process weakrefs)
[199.907s][info][gc,task       ] GC(25) Using 1 of 1 workers for concurrent marking
[201.247s][info][gc            ] GC(25) Concurrent marking (process weakrefs) 1340.174ms
[201.247s][info][gc,start      ] GC(25) Concurrent precleaning
[201.247s][info][gc,task       ] GC(25) Using 1 of 1 workers for concurrent preclean
[201.247s][info][gc,ergo       ] GC(25) Pacer for Precleaning. Non-Taxable: 1000M
[201.248s][info][gc            ] GC(25) Concurrent precleaning 0.747ms
[201.248s][info][gc,start      ] GC(25) Pause Final Mark (process weakrefs)
[201.248s][info][gc,task       ] GC(25) Using 1 of 1 workers for final marking
[201.248s][info][gc,ergo       ] GC(25) Adaptive CSet Selection. Target Free: 141M, Actual Free: 534M, Max CSet: 42666K, Min Garbage: 0B
[201.249s][info][gc,ergo       ] GC(25) Collectable Garbage: 526M (99%), Immediate: 351M (66%), CSet: 174M (32%)
[201.259s][info][gc,ergo       ] GC(25) Pacer for Evacuation. Used CSet: 208M, Free: 500M, Non-Taxable: 51244K, Alloc Tax Rate: 1.1x
[201.259s][info][gc            ] GC(25) Pause Final Mark (process weakrefs) 11.474ms
[201.259s][info][gc,start      ] GC(25) Concurrent cleanup
[201.260s][info][gc            ] GC(25) Concurrent cleanup 797M->445M(1000M) 0.136ms
[201.260s][info][gc,ergo       ] GC(25) Free: 500M, Max: 256K regular, 133M humongous, Frag: 74% external, 0% internal; Reserve: 51137K, Max: 256K
[201.260s][info][gc,start      ] GC(25) Concurrent evacuation
[201.260s][info][gc,task       ] GC(25) Using 1 of 1 workers for concurrent evacuation
[201.842s][info][gc            ] GC(25) Concurrent evacuation 582.727ms
[201.859s][info][gc,start      ] GC(25) Pause Init Update Refs
[201.859s][info][gc,ergo       ] GC(25) Pacer for Update Refs. Used: 589M, Free: 390M, Non-Taxable: 40031K, Alloc Tax Rate: 1.8x
[201.859s][info][gc            ] GC(25) Pause Init Update Refs 0.072ms
[201.859s][info][gc,start      ] GC(25) Concurrent update references
[201.859s][info][gc,task       ] GC(25) Using 1 of 1 workers for concurrent reference update
[203.581s][info][gc            ] GC(25) Concurrent update references 1721.057ms
[203.588s][info][gc,start      ] GC(25) Pause Final Update Refs
[203.589s][info][gc,task       ] GC(25) Using 1 of 1 workers for final reference update
[203.589s][info][gc            ] GC(25) Pause Final Update Refs 0.442ms
[203.589s][info][gc,start      ] GC(25) Concurrent cleanup
[203.589s][info][gc            ] GC(25) Concurrent cleanup 788M->579M(1000M) 0.107ms
[203.589s][info][gc,ergo       ] Free: 366M, Max: 256K regular, 128M humongous, Frag: 65% external, 0% internal; Reserve: 51200K, Max: 256K
[203.589s][info][gc,stats      ] 
[203.589s][info][gc,stats      ] All times are wall-clock times, except per-root-class counters, that are sum over
[203.589s][info][gc,stats      ] all workers. Dividing the <total> over the root stage time estimates parallelism.
[203.589s][info][gc,stats      ] 
[203.589s][info][gc,stats      ] Concurrent Reset                    750 us
[203.589s][info][gc,stats      ] Pause Init Mark (G)               10417 us
[203.589s][info][gc,stats      ] Pause Init Mark (N)                1514 us
[203.589s][info][gc,stats      ]   Accumulate Stats                   11 us
[203.589s][info][gc,stats      ]   Make Parsable                      17 us
[203.589s][info][gc,stats      ]   Update Region States               80 us
[203.589s][info][gc,stats      ]   Scan Roots                       1350 us, parallelism: 0.77x
[203.589s][info][gc,stats      ]     S: <total>                     1043 us
[203.589s][info][gc,stats      ]     S: Thread Roots                 371 us, workers (us): 371, 
[203.589s][info][gc,stats      ]     S: Universe Roots                 2 us, workers (us):   2, 
[203.589s][info][gc,stats      ]     S: JNI Handles Roots              2 us, workers (us):   2, 
[203.589s][info][gc,stats      ]     S: Synchronizer Roots             0 us, workers (us):   0, 
[203.589s][info][gc,stats      ]     S: Management Roots               2 us, workers (us):   2, 
[203.589s][info][gc,stats      ]     S: System Dict Roots             12 us, workers (us):  12, 
[203.589s][info][gc,stats      ]     S: CLDG Roots                   653 us, workers (us): 653, 
[203.589s][info][gc,stats      ]     S: JVMTI Roots                    1 us, workers (us):   1, 
[203.589s][info][gc,stats      ]   Resize TLABs                        7 us
[203.589s][info][gc,stats      ] Concurrent Marking              1340164 us
[203.589s][info][gc,stats      ] Concurrent Precleaning              718 us
[203.589s][info][gc,stats      ] Pause Final Mark (G)              11639 us
[203.589s][info][gc,stats      ] Pause Final Mark (N)              11465 us
[203.589s][info][gc,stats      ]   Finish Queues                      14 us
[203.589s][info][gc,stats      ]   Weak References                    49 us
[203.589s][info][gc,stats      ]     Process                          45 us
[203.589s][info][gc,stats      ]   System Purge                      301 us
[203.589s][info][gc,stats      ]     Weak Roots                      300 us
[203.589s][info][gc,stats      ]   Update Region States               48 us
[203.589s][info][gc,stats      ]   Retire TLABs                       12 us
[203.589s][info][gc,stats      ]   Choose Collection Set             278 us
[203.589s][info][gc,stats      ]   Rebuild Free Set                   16 us
[203.589s][info][gc,stats      ]   Initial Evacuation              10742 us, parallelism: 0.69x
[203.589s][info][gc,stats      ]     E: <total>                     7440 us
[203.589s][info][gc,stats      ]     E: Thread Roots                 314 us, workers (us): 314, 
[203.589s][info][gc,stats      ]     E: Code Cache Roots             459 us, workers (us): 459, 
[203.589s][info][gc,stats      ]     E: Universe Roots                 3 us, workers (us):   3, 
[203.589s][info][gc,stats      ]     E: JNI Handles Roots              1 us, workers (us):   1, 
[203.589s][info][gc,stats      ]     E: Synchronizer Roots             0 us, workers (us):   0, 
[203.589s][info][gc,stats      ]     E: Management Roots               2 us, workers (us):   2, 
[203.589s][info][gc,stats      ]     E: System Dict Roots             11 us, workers (us):  11, 
[203.589s][info][gc,stats      ]     E: CLDG Roots                  6649 us, workers (us): 6649, 
[203.589s][info][gc,stats      ]     E: JVMTI Roots                    1 us, workers (us):   1, 
[203.589s][info][gc,stats      ] Concurrent Cleanup                  126 us
[203.589s][info][gc,stats      ] Concurrent Evacuation            582715 us
[203.589s][info][gc,stats      ] Pause Init  Update Refs (G)       14880 us
[203.589s][info][gc,stats      ] Pause Init  Update Refs (N)          19 us
[203.589s][info][gc,stats      ]   Retire GCLABs                      11 us
[203.589s][info][gc,stats      ] Concurrent Update Refs          1721040 us
[203.589s][info][gc,stats      ] Pause Final Update Refs (G)        8323 us
[203.589s][info][gc,stats      ] Pause Final Update Refs (N)         384 us
[203.589s][info][gc,stats      ]   Update Roots                      306 us, parallelism: 0.97x
[203.589s][info][gc,stats      ]     UR: <total>                     298 us
[203.589s][info][gc,stats      ]     UR: Thread Roots                298 us, workers (us): 298, 
[203.589s][info][gc,stats      ]   Update Region States               47 us
[203.589s][info][gc,stats      ]   Trash Collection Set                7 us
[203.589s][info][gc,stats      ]   Rebuild Free Set                   16 us
[203.589s][info][gc,stats      ] Concurrent Cleanup                   99 us
[203.589s][info][gc,stats      ] Pacing                           731518 us
[203.589s][info][gc,stats      ] 
[203.589s][info][gc,stats      ] Allocation pacing accrued:
[203.589s][info][gc,stats      ]     732 of 10442 ms (  7.0%): main
[203.589s][info][gc,stats      ]     732 of 10442 ms (  7.0%): <total>
[203.589s][info][gc,stats      ]       9 of 10442 ms (  0.1%): <average total>
[203.589s][info][gc,stats      ]     732 of 10442 ms (  7.0%): <average non-zero>
[203.589s][info][gc,stats      ] 
[203.589s][info][gc,metaspace  ] Metaspace: 66032K->66099K(1107968K)
[203.589s][info][gc,ergo       ] Pacer for Idle. Initial: 20480K, Alloc Tax Rate: 1.0x
[203.641s][info][gc            ] Trigger: Average GC time (3040.65 ms) is above the time for allocation rate (102 MB/s) to deplete free headroom (310M)
[203.641s][info][gc,ergo       ] Free headroom: 360M (free) - 51200K (spike) - 0B (penalties) = 310M
[203.641s][info][gc,ergo       ] Free: 360M, Max: 256K regular, 128M humongous, Frag: 65% external, 0% internal; Reserve: 51200K, Max: 256K
[203.641s][info][gc,start      ] GC(26) Concurrent reset
[203.641s][info][gc,task       ] GC(26) Using 1 of 1 workers for concurrent reset
[203.641s][info][gc,ergo       ] GC(26) Pacer for Reset. Non-Taxable: 1000M
[203.642s][info][gc            ] GC(26) Concurrent reset 0.836ms
[203.653s][info][gc,start      ] GC(26) Pause Init Mark
[203.653s][info][gc,task       ] GC(26) Using 1 of 1 workers for init marking
[203.654s][info][gc,ergo       ] GC(26) Pacer for Mark. Expected Live: 170M, Free: 360M, Non-Taxable: 36882K, Alloc Tax Rate: 0.6x
[203.654s][info][gc            ] GC(26) Pause Init Mark 1.434ms
[203.654s][info][gc,start      ] GC(26) Concurrent marking
[203.654s][info][gc,task       ] GC(26) Using 1 of 1 workers for concurrent marking
[204.910s][info][gc            ] GC(26) Concurrent marking 1255.860ms
[204.912s][info][gc,start      ] GC(26) Pause Final Mark
[204.914s][info][gc,task       ] GC(26) Using 1 of 1 workers for final marking
[204.915s][info][gc,ergo       ] GC(26) Collectable Garbage: 357M (93%), Immediate: 357M (93%), CSet: 0B (0%)
[204.915s][info][gc            ] GC(26) Pause Final Mark 3.252ms
[204.915s][info][gc,start      ] GC(26) Concurrent cleanup
[204.915s][info][gc            ] GC(26) Concurrent cleanup 647M->289M(1000M) 0.130ms
[204.915s][info][gc,ergo       ] GC(26) Free: 658M, Max: 256K regular, 128M humongous, Frag: 81% external, 0% internal; Reserve: 51200K, Max: 256K
[204.915s][info][gc,ergo       ] Free: 658M, Max: 256K regular, 128M humongous, Frag: 81% external, 0% internal; Reserve: 51200K, Max: 256K
[204.915s][info][gc,stats      ] 
[204.915s][info][gc,stats      ] All times are wall-clock times, except per-root-class counters, that are sum over
[204.915s][info][gc,stats      ] all workers. Dividing the <total> over the root stage time estimates parallelism.
[204.915s][info][gc,stats      ] 
[204.915s][info][gc,stats      ] Concurrent Reset                    821 us
[204.915s][info][gc,stats      ] Pause Init Mark (G)               12087 us
[204.915s][info][gc,stats      ] Pause Init Mark (N)                1386 us
[204.915s][info][gc,stats      ]   Accumulate Stats                   11 us
[204.915s][info][gc,stats      ]   Make Parsable                      16 us
[204.915s][info][gc,stats      ]   Update Region States               54 us
[204.915s][info][gc,stats      ]   Scan Roots                       1263 us, parallelism: 0.77x
[204.915s][info][gc,stats      ]     S: <total>                      967 us
[204.915s][info][gc,stats      ]     S: Thread Roots                 346 us, workers (us): 346, 
[204.915s][info][gc,stats      ]     S: Universe Roots                 2 us, workers (us):   2, 
[204.915s][info][gc,stats      ]     S: JNI Handles Roots              2 us, workers (us):   2, 
[204.915s][info][gc,stats      ]     S: Synchronizer Roots             0 us, workers (us):   0, 
[204.915s][info][gc,stats      ]     S: Management Roots               2 us, workers (us):   2, 
[204.915s][info][gc,stats      ]     S: System Dict Roots             13 us, workers (us):  13, 
[204.915s][info][gc,stats      ]     S: CLDG Roots                   602 us, workers (us): 602, 
[204.915s][info][gc,stats      ]     S: JVMTI Roots                    1 us, workers (us):   1, 
[204.915s][info][gc,stats      ]   Resize TLABs                        7 us
[204.915s][info][gc,stats      ] Concurrent Marking              1255851 us
[204.915s][info][gc,stats      ] Pause Final Mark (G)               3431 us
[204.915s][info][gc,stats      ] Pause Final Mark (N)                491 us
[204.915s][info][gc,stats      ]   Finish Queues                      42 us
[204.915s][info][gc,stats      ]   System Purge                      304 us
[204.915s][info][gc,stats      ]     Weak Roots                      303 us
[204.915s][info][gc,stats      ]   Update Region States               47 us
[204.915s][info][gc,stats      ]   Retire TLABs                       12 us
[204.915s][info][gc,stats      ]   Choose Collection Set              30 us
[204.915s][info][gc,stats      ]   Rebuild Free Set                   16 us
[204.915s][info][gc,stats      ] Concurrent Cleanup                  121 us
[204.915s][info][gc,stats      ] Pacing                           942095 us
[204.915s][info][gc,stats      ] 
[204.915s][info][gc,stats      ] Allocation pacing accrued:
[204.915s][info][gc,stats      ]     942 of  1326 ms ( 71.1%): main
[204.915s][info][gc,stats      ]     942 of  1326 ms ( 71.1%): <total>
[204.915s][info][gc,stats      ]      11 of  1326 ms (  0.8%): <average total>
[204.915s][info][gc,stats      ]     942 of  1326 ms ( 71.1%): <average non-zero>
[204.915s][info][gc,stats      ] 
[204.915s][info][gc,metaspace  ] Metaspace: 66099K->66104K(1107968K)
[204.915s][info][gc,ergo       ] Pacer for Idle. Initial: 20480K, Alloc Tax Rate: 1.0x
[205.592s][info][gc            ] Trigger: Explicit GC request (System.gc())
[205.592s][info][gc,ergo       ] Free: 481M, Max: 256K regular, 128M humongous, Frag: 74% external, 0% internal; Reserve: 51200K, Max: 256K
[205.592s][info][gc,start      ] GC(27) Concurrent reset
[205.592s][info][gc,task       ] GC(27) Using 1 of 1 workers for concurrent reset
[205.592s][info][gc,ergo       ] GC(27) Pacer for Reset. Non-Taxable: 1000M
[205.592s][info][gc            ] GC(27) Concurrent reset 0.452ms
[205.595s][info][gc,start      ] GC(27) Pause Init Mark (process weakrefs) (unload classes)
[205.595s][info][gc,task       ] GC(27) Using 1 of 1 workers for init marking
[205.596s][info][gc,ergo       ] GC(27) Pacer for Mark. Expected Live: 176M, Free: 481M, Non-Taxable: 49256K, Alloc Tax Rate: 0.4x
[205.596s][info][gc            ] GC(27) Pause Init Mark (process weakrefs) (unload classes) 0.968ms
[205.596s][info][gc,start      ] GC(27) Concurrent marking (process weakrefs) (unload classes)
[205.596s][info][gc,task       ] GC(27) Using 1 of 1 workers for concurrent marking
[206.226s][info][gc            ] GC(27) Concurrent marking (process weakrefs) (unload classes) 629.854ms
[206.226s][info][gc,start      ] GC(27) Concurrent precleaning
[206.226s][info][gc,task       ] GC(27) Using 1 of 1 workers for concurrent preclean
[206.226s][info][gc,ergo       ] GC(27) Pacer for Precleaning. Non-Taxable: 1000M
[206.227s][info][gc            ] GC(27) Concurrent precleaning 0.459ms
[206.227s][info][gc,start      ] GC(27) Pause Final Mark (process weakrefs) (unload classes)
[206.227s][info][gc,task       ] GC(27) Using 1 of 1 workers for final marking
[206.320s][info][gc,stringtable] GC(27) Cleaned string and symbol table, strings: 19880 processed, 0 removed, symbols: 140066 processed, 110 removed
[206.320s][info][gc,ergo       ] GC(27) Collectable Garbage: 308M (94%), Immediate: 308M (94%), CSet: 0B (0%)
[206.320s][info][gc            ] GC(27) Pause Final Mark (process weakrefs) (unload classes) 93.483ms
[206.321s][info][gc,start      ] GC(27) Concurrent cleanup
[206.321s][info][gc            ] GC(27) Concurrent cleanup 466M->157M(1000M) 0.135ms
[206.321s][info][gc,ergo       ] GC(27) Free: 790M, Max: 256K regular, 160M humongous, Frag: 80% external, 0% internal; Reserve: 51200K, Max: 256K
[206.321s][info][gc,ergo       ] Free: 790M, Max: 256K regular, 160M humongous, Frag: 80% external, 0% internal; Reserve: 51200K, Max: 256K
[206.321s][info][gc,stats      ] 
[206.321s][info][gc,stats      ] All times are wall-clock times, except per-root-class counters, that are sum over
[206.321s][info][gc,stats      ] all workers. Dividing the <total> over the root stage time estimates parallelism.
[206.321s][info][gc,stats      ] 
[206.321s][info][gc,stats      ] Concurrent Reset                    437 us
[206.321s][info][gc,stats      ] Pause Init Mark (G)                3799 us
[206.321s][info][gc,stats      ] Pause Init Mark (N)                 920 us
[206.321s][info][gc,stats      ]   Accumulate Stats                   30 us
[206.321s][info][gc,stats      ]   Make Parsable                       8 us
[206.321s][info][gc,stats      ]   Update Region States               60 us
[206.321s][info][gc,stats      ]   Scan Roots                        769 us, parallelism: 0.57x
[206.321s][info][gc,stats      ]     S: <total>                      439 us
[206.321s][info][gc,stats      ]     S: Thread Roots                 302 us, workers (us): 302, 
[206.321s][info][gc,stats      ]     S: Universe Roots                 2 us, workers (us):   2, 
[206.321s][info][gc,stats      ]     S: JNI Handles Roots              2 us, workers (us):   2, 
[206.321s][info][gc,stats      ]     S: Synchronizer Roots             0 us, workers (us):   0, 
[206.321s][info][gc,stats      ]     S: Management Roots               2 us, workers (us):   2, 
[206.321s][info][gc,stats      ]     S: System Dict Roots             12 us, workers (us):  12, 
[206.321s][info][gc,stats      ]     S: CLDG Roots                   117 us, workers (us): 117, 
[206.321s][info][gc,stats      ]     S: JVMTI Roots                    1 us, workers (us):   1, 
[206.321s][info][gc,stats      ]   Resize TLABs                        7 us
[206.321s][info][gc,stats      ] Concurrent Marking               629844 us
[206.321s][info][gc,stats      ] Concurrent Precleaning              431 us
[206.321s][info][gc,stats      ] Pause Final Mark (G)              94077 us
[206.321s][info][gc,stats      ] Pause Final Mark (N)              93473 us
[206.321s][info][gc,stats      ]   Finish Queues                      58 us
[206.321s][info][gc,stats      ]   Weak References                   163 us
[206.321s][info][gc,stats      ]     Process                         161 us
[206.321s][info][gc,stats      ]   System Purge                      310 us
[206.321s][info][gc,stats      ]     Unload Classes                 1280 us
[206.321s][info][gc,stats      ]     Cleanup                       91225 us, parallelism: 0.86x
[206.321s][info][gc,stats      ]       CU: <total>                 78514 us
[206.321s][info][gc,stats      ]       CU: Code Cache Roots        32528 us, workers (us): 32528, 
[206.321s][info][gc,stats      ]       CU: Code Cache Cleaning     13710 us, workers (us): 13710, 
[206.321s][info][gc,stats      ]       CU: String Table Roots      18377 us, workers (us): 18377, 
[206.321s][info][gc,stats      ]       CU: Resolved Table Roots      139 us, workers (us): 139, 
[206.321s][info][gc,stats      ]       CU: CLDG Roots              13760 us, workers (us): 13760, 
[206.321s][info][gc,stats      ]     Weak Roots                      310 us
[206.321s][info][gc,stats      ]     CLDG                            296 us
[206.321s][info][gc,stats      ]   Update Region States               62 us
[206.321s][info][gc,stats      ]   Retire TLABs                       25 us
[206.321s][info][gc,stats      ]   Choose Collection Set              28 us
[206.321s][info][gc,stats      ]   Rebuild Free Set                   14 us
[206.321s][info][gc,stats      ] Concurrent Cleanup                  113 us
[206.321s][info][gc,stats      ] Pacing                            13699 us
[206.321s][info][gc,stats      ] 
[206.321s][info][gc,stats      ] Allocation pacing accrued:
[206.321s][info][gc,stats      ]      14 of  1406 ms (  1.0%): main
[206.321s][info][gc,stats      ]      14 of  1406 ms (  1.0%): <total>
[206.321s][info][gc,stats      ]       0 of  1406 ms (  0.0%): <average total>
[206.321s][info][gc,stats      ]      14 of  1406 ms (  1.0%): <average non-zero>
[206.321s][info][gc,stats      ] 
[206.321s][info][gc,metaspace  ] Metaspace: 66238K->65681K(1107968K)
[206.321s][info][gc,ergo       ] Pacer for Idle. Initial: 20480K, Alloc Tax Rate: 1.0x
[206.321s][info][gc,start      ] Concurrent uncommit
[206.465s][info][gc            ] Concurrent uncommit 157M->157M(160M) 144.221ms
[208.618s][info][gc            ] Trigger: Learning 2 of 5. Free (699M) is below initial threshold (700M)
[208.618s][info][gc,ergo       ] Free: 699M, Max: 256K regular, 160M humongous, Frag: 78% external, 0% internal; Reserve: 51200K, Max: 256K
[208.618s][info][gc,start      ] GC(28) Concurrent reset
[208.618s][info][gc,task       ] GC(28) Using 1 of 1 workers for concurrent reset
[208.618s][info][gc,ergo       ] GC(28) Pacer for Reset. Non-Taxable: 1000M
[208.618s][info][gc            ] GC(28) Concurrent reset 0.324ms
[208.635s][info][gc,start      ] GC(28) Pause Init Mark
[208.635s][info][gc,task       ] GC(28) Using 1 of 1 workers for init marking
[208.637s][info][gc,ergo       ] GC(28) Pacer for Mark. Expected Live: 173M, Free: 699M, Non-Taxable: 71655K, Alloc Tax Rate: 0.3x
[208.637s][info][gc            ] GC(28) Pause Init Mark 1.641ms
[208.637s][info][gc,start      ] GC(28) Concurrent marking
[208.637s][info][gc,task       ] GC(28) Using 1 of 1 workers for concurrent marking
[210.437s][info][gc            ] GC(28) Concurrent marking 1800.195ms
[210.437s][info][gc,start      ] GC(28) Pause Final Mark
[210.437s][info][gc,task       ] GC(28) Using 1 of 1 workers for final marking
[210.438s][info][gc,ergo       ] GC(28) Adaptive CSet Selection. Target Free: 141M, Actual Free: 689M, Max CSet: 42666K, Min Garbage: 0B
[210.438s][info][gc,ergo       ] GC(28) Collectable Garbage: 82081K (96%), Immediate: 17670K (20%), CSet: 64410K (75%)
[210.449s][info][gc,ergo       ] GC(28) Pacer for Evacuation. Used CSet: 86440K, Free: 642M, Non-Taxable: 65810K, Alloc Tax Rate: 1.1x
[210.449s][info][gc            ] GC(28) Pause Final Mark 11.657ms
[210.449s][info][gc,start      ] GC(28) Concurrent cleanup
[210.454s][info][gc            ] GC(28) Concurrent cleanup 322M->305M(328M) 4.677ms
[210.454s][info][gc,ergo       ] GC(28) Free: 642M, Max: 256K regular, 160M humongous, Frag: 75% external, 0% internal; Reserve: 50657K, Max: 256K
[210.454s][info][gc,start      ] GC(28) Concurrent evacuation
[210.454s][info][gc,task       ] GC(28) Using 1 of 1 workers for concurrent evacuation
[210.615s][info][gc            ] GC(28) Concurrent evacuation 161.295ms
[210.625s][info][gc,start      ] GC(28) Pause Init Update Refs
[210.625s][info][gc,ergo       ] GC(28) Pacer for Update Refs. Used: 335M, Free: 633M, Non-Taxable: 64914K, Alloc Tax Rate: 1.1x
[210.625s][info][gc            ] GC(28) Pause Init Update Refs 0.067ms
[210.625s][info][gc,start      ] GC(28) Concurrent update references
[210.625s][info][gc,task       ] GC(28) Using 1 of 1 workers for concurrent reference update
[211.513s][info][gc            ] GC(28) Concurrent update references 887.998ms
[211.521s][info][gc,start      ] GC(28) Pause Final Update Refs
[211.521s][info][gc,task       ] GC(28) Using 1 of 1 workers for final reference update
[211.521s][info][gc            ] GC(28) Pause Final Update Refs 0.533ms
[211.521s][info][gc,start      ] GC(28) Concurrent cleanup
[211.521s][info][gc            ] GC(28) Concurrent cleanup 380M->295M(383M) 0.088ms
[211.522s][info][gc,ergo       ] Free: 651M, Max: 256K regular, 252M humongous, Frag: 62% external, 0% internal; Reserve: 51200K, Max: 256K
[211.522s][info][gc,stats      ] 
[211.522s][info][gc,stats      ] All times are wall-clock times, except per-root-class counters, that are sum over
[211.522s][info][gc,stats      ] all workers. Dividing the <total> over the root stage time estimates parallelism.
[211.522s][info][gc,stats      ] 
[211.522s][info][gc,stats      ] Concurrent Reset                    296 us
[211.522s][info][gc,stats      ] Pause Init Mark (G)               18855 us
[211.522s][info][gc,stats      ] Pause Init Mark (N)                1592 us
[211.522s][info][gc,stats      ]   Accumulate Stats                   13 us
[211.522s][info][gc,stats      ]   Make Parsable                      19 us
[211.522s][info][gc,stats      ]   Update Region States               54 us
[211.522s][info][gc,stats      ]   Scan Roots                       1448 us, parallelism: 0.80x
[211.522s][info][gc,stats      ]     S: <total>                     1158 us
[211.522s][info][gc,stats      ]     S: Thread Roots                 444 us, workers (us): 444, 
[211.522s][info][gc,stats      ]     S: Universe Roots                 2 us, workers (us):   2, 
[211.522s][info][gc,stats      ]     S: JNI Handles Roots              2 us, workers (us):   2, 
[211.522s][info][gc,stats      ]     S: Synchronizer Roots             0 us, workers (us):   0, 
[211.522s][info][gc,stats      ]     S: Management Roots               1 us, workers (us):   1, 
[211.522s][info][gc,stats      ]     S: System Dict Roots             12 us, workers (us):  12, 
[211.522s][info][gc,stats      ]     S: CLDG Roots                   695 us, workers (us): 695, 
[211.522s][info][gc,stats      ]     S: JVMTI Roots                    1 us, workers (us):   1, 
[211.522s][info][gc,stats      ]   Resize TLABs                       11 us
[211.522s][info][gc,stats      ] Concurrent Marking              1800172 us
[211.522s][info][gc,stats      ] Pause Final Mark (G)              11808 us
[211.522s][info][gc,stats      ] Pause Final Mark (N)              11645 us
[211.522s][info][gc,stats      ]   Finish Queues                      17 us
[211.522s][info][gc,stats      ]   System Purge                      317 us
[211.522s][info][gc,stats      ]     Weak Roots                      316 us
[211.522s][info][gc,stats      ]   Update Region States               61 us
[211.522s][info][gc,stats      ]   Retire TLABs                       16 us
[211.522s][info][gc,stats      ]   Choose Collection Set             134 us
[211.522s][info][gc,stats      ]   Rebuild Free Set                   15 us
[211.522s][info][gc,stats      ]   Initial Evacuation              11078 us, parallelism: 0.22x
[211.522s][info][gc,stats      ]     E: <total>                     2447 us
[211.522s][info][gc,stats      ]     E: Thread Roots                 443 us, workers (us): 443, 
[211.522s][info][gc,stats      ]     E: Code Cache Roots            1113 us, workers (us): 1113, 
[211.522s][info][gc,stats      ]     E: Universe Roots                 1 us, workers (us):   1, 
[211.522s][info][gc,stats      ]     E: JNI Handles Roots              1 us, workers (us):   1, 
[211.522s][info][gc,stats      ]     E: Synchronizer Roots             0 us, workers (us):   0, 
[211.522s][info][gc,stats      ]     E: Management Roots               2 us, workers (us):   2, 
[211.522s][info][gc,stats      ]     E: System Dict Roots             46 us, workers (us):  46, 
[211.522s][info][gc,stats      ]     E: CLDG Roots                   839 us, workers (us): 839, 
[211.522s][info][gc,stats      ]     E: JVMTI Roots                    0 us, workers (us):   0, 
[211.522s][info][gc,stats      ] Concurrent Cleanup                   72 us
[211.522s][info][gc,stats      ] Concurrent Evacuation            161282 us
[211.522s][info][gc,stats      ] Pause Init  Update Refs (G)        9768 us
[211.522s][info][gc,stats      ] Pause Init  Update Refs (N)          16 us
[211.522s][info][gc,stats      ]   Retire GCLABs                       8 us
[211.522s][info][gc,stats      ] Concurrent Update Refs           887983 us
[211.522s][info][gc,stats      ] Pause Final Update Refs (G)        4543 us
[211.522s][info][gc,stats      ] Pause Final Update Refs (N)         414 us
[211.522s][info][gc,stats      ]   Update Roots                      337 us, parallelism: 0.96x
[211.522s][info][gc,stats      ]     UR: <total>                     325 us
[211.522s][info][gc,stats      ]     UR: Thread Roots                325 us, workers (us): 325, 
[211.522s][info][gc,stats      ]   Update Region States               44 us
[211.522s][info][gc,stats      ]   Trash Collection Set                4 us
[211.522s][info][gc,stats      ]   Rebuild Free Set                   14 us
[211.522s][info][gc,stats      ] Concurrent Cleanup                   80 us
[211.522s][info][gc,stats      ] 
[211.522s][info][gc,stats      ] Allocation pacing accrued:
[211.522s][info][gc,stats      ]       0 of  5201 ms (  0.0%): <total>
[211.522s][info][gc,stats      ]       0 of  5201 ms (  0.0%): <average total>
[211.522s][info][gc,stats      ] 
[211.522s][info][gc,metaspace  ] Metaspace: 66185K->66189K(1107968K)
[211.522s][info][gc,ergo       ] Pacer for Idle. Initial: 20480K, Alloc Tax Rate: 1.0x
[211.531s][info][gc            ] Trigger: Learning 3 of 5. Free (650M) is below initial threshold (700M)
[211.531s][info][gc,ergo       ] Free: 650M, Max: 256K regular, 252M humongous, Frag: 62% external, 0% internal; Reserve: 51200K, Max: 256K
[211.532s][info][gc,start      ] GC(29) Concurrent reset
[211.532s][info][gc,task       ] GC(29) Using 1 of 1 workers for concurrent reset
[211.532s][info][gc,ergo       ] GC(29) Pacer for Reset. Non-Taxable: 1000M
[211.534s][info][gc            ] GC(29) Concurrent reset 2.241ms
[211.546s][info][gc,start      ] GC(29) Pause Init Mark
[211.546s][info][gc,task       ] GC(29) Using 1 of 1 workers for init marking
[211.548s][info][gc,ergo       ] GC(29) Pacer for Mark. Expected Live: 175M, Free: 650M, Non-Taxable: 66604K, Alloc Tax Rate: 0.3x
[211.548s][info][gc            ] GC(29) Pause Init Mark 1.529ms
[211.548s][info][gc,start      ] GC(29) Concurrent marking
[211.548s][info][gc,task       ] GC(29) Using 1 of 1 workers for concurrent marking
[213.178s][info][gc            ] GC(29) Concurrent marking 1630.639ms
[213.179s][info][gc,start      ] GC(29) Pause Final Mark
[213.179s][info][gc,task       ] GC(29) Using 1 of 1 workers for final marking
[213.179s][info][gc,ergo       ] GC(29) Adaptive CSet Selection. Target Free: 141M, Actual Free: 615M, Max CSet: 42666K, Min Garbage: 0B
[213.179s][info][gc,ergo       ] GC(29) Collectable Garbage: 114M (97%), Immediate: 1792K (1%), CSet: 112M (95%)
[213.191s][info][gc,ergo       ] GC(29) Pacer for Evacuation. Used CSet: 127M, Free: 566M, Non-Taxable: 57977K, Alloc Tax Rate: 1.1x
[213.191s][info][gc            ] GC(29) Pause Final Mark 12.137ms
[213.191s][info][gc,start      ] GC(29) Concurrent cleanup
[213.191s][info][gc            ] GC(29) Concurrent cleanup 383M->381M(396M) 0.077ms
[213.191s][info][gc,ergo       ] GC(29) Free: 566M, Max: 256K regular, 252M humongous, Frag: 56% external, 0% internal; Reserve: 51197K, Max: 256K
[213.191s][info][gc,start      ] GC(29) Concurrent evacuation
[213.191s][info][gc,task       ] GC(29) Using 1 of 1 workers for concurrent evacuation
[213.333s][info][gc            ] GC(29) Concurrent evacuation 142.339ms
[213.345s][info][gc,start      ] GC(29) Pause Init Update Refs
[213.345s][info][gc,ergo       ] GC(29) Pacer for Update Refs. Used: 404M, Free: 558M, Non-Taxable: 57234K, Alloc Tax Rate: 1.1x
[213.345s][info][gc            ] GC(29) Pause Init Update Refs 0.063ms
[213.345s][info][gc,start      ] GC(29) Concurrent update references
[213.345s][info][gc,task       ] GC(29) Using 1 of 1 workers for concurrent reference update
[214.515s][info][gc            ] GC(29) Concurrent update references 1169.566ms
[214.523s][info][gc,start      ] GC(29) Pause Final Update Refs
[214.523s][info][gc,task       ] GC(29) Using 1 of 1 workers for final reference update
[214.523s][info][gc            ] GC(29) Pause Final Update Refs 0.508ms
[214.523s][info][gc,start      ] GC(29) Concurrent cleanup
[214.524s][info][gc            ] GC(29) Concurrent cleanup 460M->333M(469M) 0.093ms
[214.524s][info][gc,ergo       ] Free: 614M, Max: 256K regular, 252M humongous, Frag: 59% external, 0% internal; Reserve: 51200K, Max: 256K
[214.524s][info][gc,stats      ] 
[214.524s][info][gc,stats      ] All times are wall-clock times, except per-root-class counters, that are sum over
[214.524s][info][gc,stats      ] all workers. Dividing the <total> over the root stage time estimates parallelism.
[214.524s][info][gc,stats      ] 
[214.524s][info][gc,stats      ] Concurrent Reset                   2227 us
[214.524s][info][gc,stats      ] Pause Init Mark (G)               13972 us
[214.524s][info][gc,stats      ] Pause Init Mark (N)                1477 us
[214.524s][info][gc,stats      ]   Accumulate Stats                   13 us
[214.524s][info][gc,stats      ]   Make Parsable                      10 us
[214.524s][info][gc,stats      ]   Update Region States               62 us
[214.524s][info][gc,stats      ]   Scan Roots                       1342 us, parallelism: 0.78x
[214.524s][info][gc,stats      ]     S: <total>                     1048 us
[214.524s][info][gc,stats      ]     S: Thread Roots                 365 us, workers (us): 365, 
[214.524s][info][gc,stats      ]     S: Universe Roots                 2 us, workers (us):   2, 
[214.524s][info][gc,stats      ]     S: JNI Handles Roots              2 us, workers (us):   2, 
[214.524s][info][gc,stats      ]     S: Synchronizer Roots             0 us, workers (us):   0, 
[214.524s][info][gc,stats      ]     S: Management Roots               2 us, workers (us):   2, 
[214.524s][info][gc,stats      ]     S: System Dict Roots             26 us, workers (us):  26, 
[214.524s][info][gc,stats      ]     S: CLDG Roots                   651 us, workers (us): 651, 
[214.524s][info][gc,stats      ]     S: JVMTI Roots                    0 us, workers (us):   0, 
[214.524s][info][gc,stats      ]   Resize TLABs                        9 us
[214.524s][info][gc,stats      ] Concurrent Marking              1630631 us
[214.524s][info][gc,stats      ] Pause Final Mark (G)              12271 us
[214.524s][info][gc,stats      ] Pause Final Mark (N)              12102 us
[214.524s][info][gc,stats      ]   Finish Queues                      14 us
[214.524s][info][gc,stats      ]   System Purge                      330 us
[214.524s][info][gc,stats      ]     Weak Roots                      330 us
[214.524s][info][gc,stats      ]   Update Region States               48 us
[214.524s][info][gc,stats      ]   Retire TLABs                       18 us
[214.524s][info][gc,stats      ]   Choose Collection Set             174 us
[214.524s][info][gc,stats      ]   Rebuild Free Set                   15 us
[214.524s][info][gc,stats      ]   Initial Evacuation              11478 us, parallelism: 0.11x
[214.524s][info][gc,stats      ]     E: <total>                     1208 us
[214.524s][info][gc,stats      ]     E: Thread Roots                 398 us, workers (us): 398, 
[214.524s][info][gc,stats      ]     E: Code Cache Roots             269 us, workers (us): 269, 
[214.524s][info][gc,stats      ]     E: Universe Roots                 1 us, workers (us):   1, 
[214.524s][info][gc,stats      ]     E: JNI Handles Roots              1 us, workers (us):   1, 
[214.524s][info][gc,stats      ]     E: Synchronizer Roots             0 us, workers (us):   0, 
[214.524s][info][gc,stats      ]     E: Management Roots               2 us, workers (us):   2, 
[214.524s][info][gc,stats      ]     E: System Dict Roots             10 us, workers (us):  10, 
[214.524s][info][gc,stats      ]     E: CLDG Roots                   526 us, workers (us): 526, 
[214.524s][info][gc,stats      ]     E: JVMTI Roots                    0 us, workers (us):   0, 
[214.524s][info][gc,stats      ] Concurrent Cleanup                   68 us
[214.524s][info][gc,stats      ] Concurrent Evacuation            142326 us
[214.524s][info][gc,stats      ] Pause Init  Update Refs (G)        3092 us
[214.524s][info][gc,stats      ] Pause Init  Update Refs (N)          16 us
[214.524s][info][gc,stats      ]   Retire GCLABs                       8 us
[214.524s][info][gc,stats      ] Concurrent Update Refs          1169551 us
[214.524s][info][gc,stats      ] Pause Final Update Refs (G)        8423 us
[214.524s][info][gc,stats      ] Pause Final Update Refs (N)         441 us
[214.524s][info][gc,stats      ]   Update Roots                      348 us, parallelism: 0.95x
[214.524s][info][gc,stats      ]     UR: <total>                     331 us
[214.524s][info][gc,stats      ]     UR: Thread Roots                331 us, workers (us): 331, 
[214.524s][info][gc,stats      ]   Update Region States               53 us
[214.524s][info][gc,stats      ]   Trash Collection Set                4 us
[214.524s][info][gc,stats      ]   Rebuild Free Set                   15 us
[214.524s][info][gc,stats      ] Concurrent Cleanup                   85 us
[214.524s][info][gc,stats      ] 
[214.524s][info][gc,stats      ] Allocation pacing accrued:
[214.524s][info][gc,stats      ]       0 of  3002 ms (  0.0%): <total>
[214.524s][info][gc,stats      ]       0 of  3002 ms (  0.0%): <average total>
[214.524s][info][gc,stats      ] 
[214.524s][info][gc,metaspace  ] Metaspace: 66189K->66189K(1107968K)
[214.524s][info][gc,ergo       ] Pacer for Idle. Initial: 20480K, Alloc Tax Rate: 1.0x
[214.526s][info][gc            ] Trigger: Learning 4 of 5. Free (613M) is below initial threshold (700M)
[214.526s][info][gc,ergo       ] Free: 613M, Max: 256K regular, 252M humongous, Frag: 59% external, 0% internal; Reserve: 51200K, Max: 256K
[214.526s][info][gc,start      ] GC(30) Concurrent reset
[214.526s][info][gc,task       ] GC(30) Using 1 of 1 workers for concurrent reset
[214.526s][info][gc,ergo       ] GC(30) Pacer for Reset. Non-Taxable: 1000M
[214.531s][info][gc            ] GC(30) Concurrent reset 4.942ms
[214.538s][info][gc,start      ] GC(30) Pause Init Mark (process weakrefs)
[214.538s][info][gc,task       ] GC(30) Using 1 of 1 workers for init marking
[214.540s][info][gc,ergo       ] GC(30) Pacer for Mark. Expected Live: 176M, Free: 613M, Non-Taxable: 62866K, Alloc Tax Rate: 0.4x
[214.540s][info][gc            ] GC(30) Pause Init Mark (process weakrefs) 1.576ms
[214.540s][info][gc,start      ] GC(30) Concurrent marking (process weakrefs)
[214.540s][info][gc,task       ] GC(30) Using 1 of 1 workers for concurrent marking
[216.439s][info][gc            ] GC(30) Concurrent marking (process weakrefs) 1898.939ms
[216.439s][info][gc,start      ] GC(30) Concurrent precleaning
[216.439s][info][gc,task       ] GC(30) Using 1 of 1 workers for concurrent preclean
[216.439s][info][gc,ergo       ] GC(30) Pacer for Precleaning. Non-Taxable: 1000M
[216.451s][info][gc            ] GC(30) Concurrent precleaning 11.511ms
[216.460s][info][gc,start      ] GC(30) Pause Final Mark (process weakrefs)
[216.460s][info][gc,task       ] GC(30) Using 1 of 1 workers for final marking
[216.461s][info][gc,ergo       ] GC(30) Adaptive CSet Selection. Target Free: 141M, Actual Free: 559M, Max CSet: 42666K, Min Garbage: 0B
[216.461s][info][gc,ergo       ] GC(30) Collectable Garbage: 140M (97%), Immediate: 2048K (1%), CSet: 138M (95%)
[216.463s][info][gc,ergo       ] GC(30) Pacer for Evacuation. Used CSet: 149M, Free: 510M, Non-Taxable: 52242K, Alloc Tax Rate: 1.1x
[216.463s][info][gc            ] GC(30) Pause Final Mark (process weakrefs) 2.840ms
[216.463s][info][gc,start      ] GC(30) Concurrent cleanup
[216.463s][info][gc            ] GC(30) Concurrent cleanup 439M->437M(469M) 0.077ms
[216.463s][info][gc,ergo       ] GC(30) Free: 510M, Max: 256K regular, 252M humongous, Frag: 51% external, 0% internal; Reserve: 51197K, Max: 256K
[216.463s][info][gc,start      ] GC(30) Concurrent evacuation
[216.463s][info][gc,task       ] GC(30) Using 1 of 1 workers for concurrent evacuation
[216.581s][info][gc            ] GC(30) Concurrent evacuation 117.646ms
[216.593s][info][gc,start      ] GC(30) Pause Init Update Refs
[216.593s][info][gc,ergo       ] GC(30) Pacer for Update Refs. Used: 455M, Free: 504M, Non-Taxable: 51628K, Alloc Tax Rate: 1.1x
[216.593s][info][gc            ] GC(30) Pause Init Update Refs 0.076ms
[216.593s][info][gc,start      ] GC(30) Concurrent update references
[216.593s][info][gc,task       ] GC(30) Using 1 of 1 workers for concurrent reference update
[217.890s][info][gc            ] GC(30) Concurrent update references 1296.623ms
[217.895s][info][gc,start      ] GC(30) Pause Final Update Refs
[217.895s][info][gc,task       ] GC(30) Using 1 of 1 workers for final reference update
[217.895s][info][gc            ] GC(30) Pause Final Update Refs 0.487ms
[217.895s][info][gc,start      ] GC(30) Concurrent cleanup
[217.896s][info][gc            ] GC(30) Concurrent cleanup 506M->356M(513M) 0.097ms
[217.896s][info][gc,ergo       ] Free: 590M, Max: 256K regular, 252M humongous, Frag: 58% external, 0% internal; Reserve: 51200K, Max: 256K
[217.896s][info][gc,stats      ] 
[217.896s][info][gc,stats      ] All times are wall-clock times, except per-root-class counters, that are sum over
[217.896s][info][gc,stats      ] all workers. Dividing the <total> over the root stage time estimates parallelism.
[217.896s][info][gc,stats      ] 
[217.896s][info][gc,stats      ] Concurrent Reset                   4932 us
[217.896s][info][gc,stats      ] Pause Init Mark (G)                9445 us
[217.896s][info][gc,stats      ] Pause Init Mark (N)                1526 us
[217.896s][info][gc,stats      ]   Accumulate Stats                   12 us
[217.896s][info][gc,stats      ]   Make Parsable                      10 us
[217.896s][info][gc,stats      ]   Update Region States               55 us
[217.896s][info][gc,stats      ]   Scan Roots                       1390 us, parallelism: 0.79x
[217.896s][info][gc,stats      ]     S: <total>                     1096 us
[217.896s][info][gc,stats      ]     S: Thread Roots                 392 us, workers (us): 392, 
[217.896s][info][gc,stats      ]     S: Universe Roots                 2 us, workers (us):   2, 
[217.896s][info][gc,stats      ]     S: JNI Handles Roots              2 us, workers (us):   2, 
[217.896s][info][gc,stats      ]     S: Synchronizer Roots             0 us, workers (us):   0, 
[217.896s][info][gc,stats      ]     S: Management Roots               1 us, workers (us):   1, 
[217.896s][info][gc,stats      ]     S: System Dict Roots             13 us, workers (us):  13, 
[217.896s][info][gc,stats      ]     S: CLDG Roots                   685 us, workers (us): 685, 
[217.896s][info][gc,stats      ]     S: JVMTI Roots                    1 us, workers (us):   1, 
[217.896s][info][gc,stats      ]   Resize TLABs                       10 us
[217.896s][info][gc,stats      ] Concurrent Marking              1898931 us
[217.896s][info][gc,stats      ] Concurrent Precleaning            11499 us
[217.896s][info][gc,stats      ] Pause Final Mark (G)              12399 us
[217.896s][info][gc,stats      ] Pause Final Mark (N)               2783 us
[217.896s][info][gc,stats      ]   Finish Queues                      35 us
[217.896s][info][gc,stats      ]   Weak References                    34 us
[217.896s][info][gc,stats      ]     Process                          30 us
[217.896s][info][gc,stats      ]   System Purge                      308 us
[217.896s][info][gc,stats      ]     Weak Roots                      308 us
[217.896s][info][gc,stats      ]   Update Region States               54 us
[217.896s][info][gc,stats      ]   Retire TLABs                       17 us
[217.896s][info][gc,stats      ]   Choose Collection Set             191 us
[217.896s][info][gc,stats      ]   Rebuild Free Set                   16 us
[217.896s][info][gc,stats      ]   Initial Evacuation               2117 us, parallelism: 0.58x
[217.896s][info][gc,stats      ]     E: <total>                     1233 us
[217.896s][info][gc,stats      ]     E: Thread Roots                 367 us, workers (us): 367, 
[217.896s][info][gc,stats      ]     E: Code Cache Roots             276 us, workers (us): 276, 
[217.896s][info][gc,stats      ]     E: Universe Roots                 1 us, workers (us):   1, 
[217.896s][info][gc,stats      ]     E: JNI Handles Roots              1 us, workers (us):   1, 
[217.896s][info][gc,stats      ]     E: Synchronizer Roots             0 us, workers (us):   0, 
[217.896s][info][gc,stats      ]     E: Management Roots               2 us, workers (us):   2, 
[217.896s][info][gc,stats      ]     E: System Dict Roots             11 us, workers (us):  11, 
[217.896s][info][gc,stats      ]     E: CLDG Roots                   574 us, workers (us): 574, 
[217.896s][info][gc,stats      ]     E: JVMTI Roots                    0 us, workers (us):   0, 
[217.896s][info][gc,stats      ] Concurrent Cleanup                   67 us
[217.896s][info][gc,stats      ] Concurrent Evacuation            117634 us
[217.896s][info][gc,stats      ] Pause Init  Update Refs (G)       10020 us
[217.896s][info][gc,stats      ] Pause Init  Update Refs (N)          17 us
[217.896s][info][gc,stats      ]   Retire GCLABs                       8 us
[217.896s][info][gc,stats      ] Concurrent Update Refs          1296604 us
[217.896s][info][gc,stats      ] Pause Final Update Refs (G)        5543 us
[217.896s][info][gc,stats      ] Pause Final Update Refs (N)         428 us
[217.896s][info][gc,stats      ]   Update Roots                      340 us, parallelism: 0.96x
[217.896s][info][gc,stats      ]     UR: <total>                     325 us
[217.896s][info][gc,stats      ]     UR: Thread Roots                325 us, workers (us): 325, 
[217.896s][info][gc,stats      ]   Update Region States               60 us
[217.896s][info][gc,stats      ]   Trash Collection Set                5 us
[217.896s][info][gc,stats      ]   Rebuild Free Set                   14 us
[217.896s][info][gc,stats      ] Concurrent Cleanup                   89 us
[217.896s][info][gc,stats      ] 
[217.896s][info][gc,stats      ] Allocation pacing accrued:
[217.896s][info][gc,stats      ]       0 of  3372 ms (  0.0%): <total>
[217.896s][info][gc,stats      ]       0 of  3372 ms (  0.0%): <average total>
[217.896s][info][gc,stats      ] 
[217.896s][info][gc,metaspace  ] Metaspace: 66189K->66189K(1107968K)
[217.896s][info][gc,ergo       ] Pacer for Idle. Initial: 20480K, Alloc Tax Rate: 1.0x
[217.898s][info][gc            ] Trigger: Learning 5 of 5. Free (590M) is below initial threshold (700M)
[217.898s][info][gc,ergo       ] Free: 590M, Max: 256K regular, 252M humongous, Frag: 58% external, 0% internal; Reserve: 51200K, Max: 256K
[217.898s][info][gc,start      ] GC(31) Concurrent reset
[217.898s][info][gc,task       ] GC(31) Using 1 of 1 workers for concurrent reset
[217.898s][info][gc,ergo       ] GC(31) Pacer for Reset. Non-Taxable: 1000M
[217.901s][info][gc            ] GC(31) Concurrent reset 2.974ms
[217.913s][info][gc,start      ] GC(31) Pause Init Mark
[217.913s][info][gc,task       ] GC(31) Using 1 of 1 workers for init marking
[217.915s][info][gc,ergo       ] GC(31) Pacer for Mark. Expected Live: 174M, Free: 590M, Non-Taxable: 60434K, Alloc Tax Rate: 0.4x
[217.915s][info][gc            ] GC(31) Pause Init Mark 1.480ms
[217.915s][info][gc,start      ] GC(31) Concurrent marking
[217.915s][info][gc,task       ] GC(31) Using 1 of 1 workers for concurrent marking
[220.000s][info][gc            ] GC(31) Concurrent marking 2085.029ms
[220.000s][info][gc,start      ] GC(31) Pause Final Mark
[220.000s][info][gc,task       ] GC(31) Using 1 of 1 workers for final marking
[220.001s][info][gc,ergo       ] GC(31) Adaptive CSet Selection. Target Free: 141M, Actual Free: 575M, Max CSet: 42666K, Min Garbage: 0B
[220.001s][info][gc,ergo       ] GC(31) Collectable Garbage: 153M (96%), Immediate: 4096K (2%), CSet: 149M (94%)
[220.003s][info][gc,ergo       ] GC(31) Pacer for Evacuation. Used CSet: 161M, Free: 525M, Non-Taxable: 53830K, Alloc Tax Rate: 1.1x
[220.011s][info][gc            ] GC(31) Pause Final Mark 11.261ms
[220.022s][info][gc,start      ] GC(31) Concurrent cleanup
[220.022s][info][gc            ] GC(31) Concurrent cleanup 426M->422M(513M) 0.137ms
[220.022s][info][gc,ergo       ] GC(31) Free: 525M, Max: 256K regular, 252M humongous, Frag: 52% external, 0% internal; Reserve: 50688K, Max: 256K
[220.022s][info][gc,start      ] GC(31) Concurrent evacuation
[220.022s][info][gc,task       ] GC(31) Using 1 of 1 workers for concurrent evacuation
[220.140s][info][gc            ] GC(31) Concurrent evacuation 117.973ms
[220.146s][info][gc,start      ] GC(31) Pause Init Update Refs
[220.146s][info][gc,ergo       ] GC(31) Pacer for Update Refs. Used: 434M, Free: 525M, Non-Taxable: 53804K, Alloc Tax Rate: 1.1x
[220.146s][info][gc            ] GC(31) Pause Init Update Refs 0.073ms
[220.146s][info][gc,start      ] GC(31) Concurrent update references
[220.146s][info][gc,task       ] GC(31) Using 1 of 1 workers for concurrent reference update
[221.449s][info][gc            ] GC(31) Concurrent update references 1302.193ms
[221.458s][info][gc,start      ] GC(31) Pause Final Update Refs
[221.458s][info][gc,task       ] GC(31) Using 1 of 1 workers for final reference update
[221.458s][info][gc            ] GC(31) Pause Final Update Refs 0.468ms
[221.458s][info][gc,start      ] GC(31) Concurrent cleanup
[221.458s][info][gc            ] GC(31) Concurrent cleanup 435M->274M(522M) 0.099ms
[221.458s][info][gc,ergo       ] Free: 673M, Max: 256K regular, 252M humongous, Frag: 63% external, 0% internal; Reserve: 51200K, Max: 256K
[221.458s][info][gc,stats      ] 
[221.458s][info][gc,stats      ] All times are wall-clock times, except per-root-class counters, that are sum over
[221.458s][info][gc,stats      ] all workers. Dividing the <total> over the root stage time estimates parallelism.
[221.458s][info][gc,stats      ] 
[221.458s][info][gc,stats      ] Concurrent Reset                   2961 us
[221.458s][info][gc,stats      ] Pause Init Mark (G)               14306 us
[221.458s][info][gc,stats      ] Pause Init Mark (N)                1432 us
[221.458s][info][gc,stats      ]   Accumulate Stats                   13 us
[221.458s][info][gc,stats      ]   Make Parsable                      10 us
[221.458s][info][gc,stats      ]   Update Region States               52 us
[221.458s][info][gc,stats      ]   Scan Roots                       1301 us, parallelism: 0.78x
[221.458s][info][gc,stats      ]     S: <total>                     1011 us
[221.458s][info][gc,stats      ]     S: Thread Roots                 369 us, workers (us): 369, 
[221.458s][info][gc,stats      ]     S: Universe Roots                 2 us, workers (us):   2, 
[221.458s][info][gc,stats      ]     S: JNI Handles Roots              2 us, workers (us):   2, 
[221.458s][info][gc,stats      ]     S: Synchronizer Roots             0 us, workers (us):   0, 
[221.458s][info][gc,stats      ]     S: Management Roots               1 us, workers (us):   1, 
[221.458s][info][gc,stats      ]     S: System Dict Roots             12 us, workers (us):  12, 
[221.458s][info][gc,stats      ]     S: CLDG Roots                   625 us, workers (us): 625, 
[221.458s][info][gc,stats      ]     S: JVMTI Roots                    0 us, workers (us):   0, 
[221.458s][info][gc,stats      ]   Resize TLABs                       10 us
[221.458s][info][gc,stats      ] Concurrent Marking              2085019 us
[221.458s][info][gc,stats      ] Pause Final Mark (G)              22004 us
[221.458s][info][gc,stats      ] Pause Final Mark (N)              11245 us
[221.458s][info][gc,stats      ]   Finish Queues                     184 us
[221.458s][info][gc,stats      ]   System Purge                      302 us
[221.458s][info][gc,stats      ]     Weak Roots                      302 us
[221.458s][info][gc,stats      ]   Update Region States               48 us
[221.458s][info][gc,stats      ]   Retire TLABs                       16 us
[221.458s][info][gc,stats      ]   Choose Collection Set             260 us
[221.458s][info][gc,stats      ]   Rebuild Free Set                   15 us
[221.458s][info][gc,stats      ]   Initial Evacuation              10411 us, parallelism: 0.13x
[221.458s][info][gc,stats      ]     E: <total>                     1313 us
[221.458s][info][gc,stats      ]     E: Thread Roots                 374 us, workers (us): 374, 
[221.458s][info][gc,stats      ]     E: Code Cache Roots             316 us, workers (us): 316, 
[221.458s][info][gc,stats      ]     E: Universe Roots                 1 us, workers (us):   1, 
[221.458s][info][gc,stats      ]     E: JNI Handles Roots              1 us, workers (us):   1, 
[221.458s][info][gc,stats      ]     E: Synchronizer Roots             0 us, workers (us):   0, 
[221.458s][info][gc,stats      ]     E: Management Roots               2 us, workers (us):   2, 
[221.458s][info][gc,stats      ]     E: System Dict Roots             11 us, workers (us):  11, 
[221.458s][info][gc,stats      ]     E: CLDG Roots                   607 us, workers (us): 607, 
[221.458s][info][gc,stats      ]     E: JVMTI Roots                    0 us, workers (us):   0, 
[221.458s][info][gc,stats      ] Concurrent Cleanup                   68 us
[221.458s][info][gc,stats      ] Concurrent Evacuation            117958 us
[221.458s][info][gc,stats      ] Pause Init  Update Refs (G)        6101 us
[221.458s][info][gc,stats      ] Pause Init  Update Refs (N)          18 us
[221.458s][info][gc,stats      ]   Retire GCLABs                       8 us
[221.458s][info][gc,stats      ] Concurrent Update Refs          1302176 us
[221.458s][info][gc,stats      ] Pause Final Update Refs (G)        9354 us
[221.458s][info][gc,stats      ] Pause Final Update Refs (N)         416 us
[221.458s][info][gc,stats      ]   Update Roots                      334 us, parallelism: 0.97x
[221.458s][info][gc,stats      ]     UR: <total>                     323 us
[221.458s][info][gc,stats      ]     UR: Thread Roots                323 us, workers (us): 323, 
[221.458s][info][gc,stats      ]   Update Region States               55 us
[221.458s][info][gc,stats      ]   Trash Collection Set                5 us
[221.458s][info][gc,stats      ]   Rebuild Free Set                   14 us
[221.458s][info][gc,stats      ] Concurrent Cleanup                   91 us
[221.458s][info][gc,stats      ] 
[221.458s][info][gc,stats      ] Allocation pacing accrued:
[221.458s][info][gc,stats      ]       0 of  3563 ms (  0.0%): <total>
[221.458s][info][gc,stats      ]       0 of  3563 ms (  0.0%): <average total>
[221.458s][info][gc,stats      ] 
[221.458s][info][gc,metaspace  ] Metaspace: 66189K->66189K(1107968K)
[221.458s][info][gc,ergo       ] Pacer for Idle. Initial: 20480K, Alloc Tax Rate: 1.0x
[226.527s][info][gc            ] Trigger: Average GC time (2711.02 ms) is above the time for allocation rate (62627 KB/s) to deplete free headroom (165M)
[226.527s][info][gc,ergo       ] Free headroom: 215M (free) - 51200K (spike) - 0B (penalties) = 165M
[226.527s][info][gc,ergo       ] Free: 215M, Max: 256K regular, 114M humongous, Frag: 48% external, 0% internal; Reserve: 51200K, Max: 256K
[226.527s][info][gc,start      ] GC(32) Concurrent reset
[226.527s][info][gc,task       ] GC(32) Using 1 of 1 workers for concurrent reset
[226.527s][info][gc,ergo       ] GC(32) Pacer for Reset. Non-Taxable: 1000M
[226.528s][info][gc            ] GC(32) Concurrent reset 0.795ms
[226.533s][info][gc,start      ] GC(32) Pause Init Mark
[226.533s][info][gc,task       ] GC(32) Using 1 of 1 workers for init marking
[226.534s][info][gc,ergo       ] GC(32) Pacer for Mark. Expected Live: 173M, Free: 215M, Non-Taxable: 22086K, Alloc Tax Rate: 1.0x
[226.534s][info][gc            ] GC(32) Pause Init Mark 1.511ms
[226.534s][info][gc,start      ] GC(32) Concurrent marking
[226.534s][info][gc,task       ] GC(32) Using 1 of 1 workers for concurrent marking
[228.419s][info][gc            ] GC(32) Concurrent marking 1884.267ms
[228.419s][info][gc,start      ] GC(32) Pause Final Mark
[228.419s][info][gc,task       ] GC(32) Using 1 of 1 workers for final marking
[228.420s][info][gc,ergo       ] GC(32) Adaptive CSet Selection. Target Free: 141M, Actual Free: 362M, Max CSet: 42666K, Min Garbage: 0B
[228.420s][info][gc,ergo       ] GC(32) Collectable Garbage: 529M (98%), Immediate: 148M (27%), CSet: 381M (71%)
[228.422s][info][gc,ergo       ] GC(32) Pacer for Evacuation. Used CSet: 423M, Free: 316M, Non-Taxable: 32377K, Alloc Tax Rate: 3.3x
[228.427s][info][gc            ] GC(32) Pause Final Mark 8.221ms
[228.427s][info][gc,start      ] GC(32) Concurrent cleanup
[228.427s][info][gc            ] GC(32) Concurrent cleanup 779M->631M(792M) 0.103ms
[228.427s][info][gc,ergo       ] GC(32) Free: 316M, Max: 256K regular, 149M humongous, Frag: 53% external, 0% internal; Reserve: 51193K, Max: 256K
[228.427s][info][gc,start      ] GC(32) Concurrent evacuation
[228.427s][info][gc,task       ] GC(32) Using 1 of 1 workers for concurrent evacuation
[228.740s][info][gc            ] GC(32) Concurrent evacuation 312.458ms
[228.749s][info][gc,start      ] GC(32) Pause Init Update Refs
[228.750s][info][gc,ergo       ] GC(32) Pacer for Update Refs. Used: 688M, Free: 300M, Non-Taxable: 30815K, Alloc Tax Rate: 2.8x
[228.750s][info][gc            ] GC(32) Pause Init Update Refs 0.065ms
[228.750s][info][gc,start      ] GC(32) Concurrent update references
[228.750s][info][gc,task       ] GC(32) Using 1 of 1 workers for concurrent reference update
[230.122s][info][gc            ] GC(32) Concurrent update references 1372.159ms
[230.130s][info][gc,start      ] GC(32) Pause Final Update Refs
[230.130s][info][gc,task       ] GC(32) Using 1 of 1 workers for final reference update
[230.130s][info][gc            ] GC(32) Pause Final Update Refs 0.458ms
[230.130s][info][gc,start      ] GC(32) Concurrent cleanup
[230.130s][info][gc            ] GC(32) Concurrent cleanup 750M->327M(792M) 0.138ms
[230.130s][info][gc,ergo       ] Free: 620M, Max: 256K regular, 151M humongous, Frag: 76% external, 0% internal; Reserve: 51200K, Max: 256K
[230.130s][info][gc,stats      ] 
[230.130s][info][gc,stats      ] All times are wall-clock times, except per-root-class counters, that are sum over
[230.130s][info][gc,stats      ] all workers. Dividing the <total> over the root stage time estimates parallelism.
[230.130s][info][gc,stats      ] 
[230.130s][info][gc,stats      ] Concurrent Reset                    776 us
[230.130s][info][gc,stats      ] Pause Init Mark (G)                6345 us
[230.130s][info][gc,stats      ] Pause Init Mark (N)                1446 us
[230.130s][info][gc,stats      ]   Accumulate Stats                   13 us
[230.130s][info][gc,stats      ]   Make Parsable                      13 us
[230.130s][info][gc,stats      ]   Update Region States               61 us
[230.130s][info][gc,stats      ]   Scan Roots                       1319 us, parallelism: 0.78x
[230.130s][info][gc,stats      ]     S: <total>                     1027 us
[230.130s][info][gc,stats      ]     S: Thread Roots                 386 us, workers (us): 386, 
[230.130s][info][gc,stats      ]     S: Universe Roots                 3 us, workers (us):   3, 
[230.130s][info][gc,stats      ]     S: JNI Handles Roots              2 us, workers (us):   2, 
[230.130s][info][gc,stats      ]     S: Synchronizer Roots             0 us, workers (us):   0, 
[230.130s][info][gc,stats      ]     S: Management Roots               2 us, workers (us):   2, 
[230.130s][info][gc,stats      ]     S: System Dict Roots             13 us, workers (us):  13, 
[230.130s][info][gc,stats      ]     S: CLDG Roots                   622 us, workers (us): 622, 
[230.130s][info][gc,stats      ]     S: JVMTI Roots                    1 us, workers (us):   1, 
[230.130s][info][gc,stats      ]   Resize TLABs                        7 us
[230.130s][info][gc,stats      ] Concurrent Marking              1884258 us
[230.130s][info][gc,stats      ] Pause Final Mark (G)               8364 us
[230.130s][info][gc,stats      ] Pause Final Mark (N)               8207 us
[230.130s][info][gc,stats      ]   Finish Queues                      11 us
[230.130s][info][gc,stats      ]   System Purge                      713 us
[230.131s][info][gc,stats      ]     Weak Roots                      713 us
[230.131s][info][gc,stats      ]   Update Region States               49 us
[230.131s][info][gc,stats      ]   Retire TLABs                       26 us
[230.131s][info][gc,stats      ]   Choose Collection Set             388 us
[230.131s][info][gc,stats      ]   Rebuild Free Set                   15 us
[230.131s][info][gc,stats      ]   Initial Evacuation               6997 us, parallelism: 0.17x
[230.131s][info][gc,stats      ]     E: <total>                     1200 us
[230.131s][info][gc,stats      ]     E: Thread Roots                 369 us, workers (us): 369, 
[230.131s][info][gc,stats      ]     E: Code Cache Roots             280 us, workers (us): 280, 
[230.131s][info][gc,stats      ]     E: Universe Roots                 1 us, workers (us):   1, 
[230.131s][info][gc,stats      ]     E: JNI Handles Roots              1 us, workers (us):   1, 
[230.131s][info][gc,stats      ]     E: Synchronizer Roots             0 us, workers (us):   0, 
[230.131s][info][gc,stats      ]     E: Management Roots               2 us, workers (us):   2, 
[230.131s][info][gc,stats      ]     E: System Dict Roots             10 us, workers (us):  10, 
[230.131s][info][gc,stats      ]     E: CLDG Roots                   536 us, workers (us): 536, 
[230.131s][info][gc,stats      ]     E: JVMTI Roots                    1 us, workers (us):   1, 
[230.131s][info][gc,stats      ] Concurrent Cleanup                   94 us
[230.131s][info][gc,stats      ] Concurrent Evacuation            312444 us
[230.131s][info][gc,stats      ] Pause Init  Update Refs (G)        5979 us
[230.131s][info][gc,stats      ] Pause Init  Update Refs (N)          16 us
[230.131s][info][gc,stats      ]   Retire GCLABs                       7 us
[230.131s][info][gc,stats      ] Concurrent Update Refs          1372136 us
[230.131s][info][gc,stats      ] Pause Final Update Refs (G)        8376 us
[230.131s][info][gc,stats      ] Pause Final Update Refs (N)         410 us
[230.131s][info][gc,stats      ]   Update Roots                      333 us, parallelism: 0.97x
[230.131s][info][gc,stats      ]     UR: <total>                     324 us
[230.131s][info][gc,stats      ]     UR: Thread Roots                324 us, workers (us): 324, 
[230.131s][info][gc,stats      ]   Update Region States               46 us
[230.131s][info][gc,stats      ]   Trash Collection Set                8 us
[230.131s][info][gc,stats      ]   Rebuild Free Set                   15 us
[230.131s][info][gc,stats      ] Concurrent Cleanup                  131 us
[230.131s][info][gc,stats      ] Pacing                           674244 us
[230.131s][info][gc,stats      ] 
[230.131s][info][gc,stats      ] Allocation pacing accrued:
[230.131s][info][gc,stats      ]     674 of  8672 ms (  7.8%): Executor task launch worker for task 1.0 in stage 14.0 (TID 22)
[230.131s][info][gc,stats      ]     674 of  8672 ms (  7.8%): <total>
[230.131s][info][gc,stats      ]       6 of  8672 ms (  0.1%): <average total>
[230.131s][info][gc,stats      ]     674 of  8672 ms (  7.8%): <average non-zero>
[230.131s][info][gc,stats      ] 
[230.131s][info][gc,metaspace  ] Metaspace: 66214K->66218K(1107968K)
[230.131s][info][gc,ergo       ] Pacer for Idle. Initial: 20480K, Alloc Tax Rate: 1.0x
[235.283s][info][gc            ] Trigger: Average GC time (3285.87 ms) is above the time for allocation rate (59443 KB/s) to deplete free headroom (190M)
[235.283s][info][gc,ergo       ] Free headroom: 240M (free) - 51200K (spike) - 0B (penalties) = 190M
[235.283s][info][gc,ergo       ] Free: 240M, Max: 256K regular, 122M humongous, Frag: 50% external, 0% internal; Reserve: 51200K, Max: 256K
[235.283s][info][gc,start      ] GC(33) Concurrent reset
[235.283s][info][gc,task       ] GC(33) Using 1 of 1 workers for concurrent reset
[235.283s][info][gc,ergo       ] GC(33) Pacer for Reset. Non-Taxable: 1000M
[235.284s][info][gc            ] GC(33) Concurrent reset 1.131ms
[235.293s][info][gc,start      ] GC(33) Pause Init Mark
[235.293s][info][gc,task       ] GC(33) Using 1 of 1 workers for init marking
[235.295s][info][gc,ergo       ] GC(33) Pacer for Mark. Expected Live: 184M, Free: 240M, Non-Taxable: 24646K, Alloc Tax Rate: 0.9x
[235.295s][info][gc            ] GC(33) Pause Init Mark 1.484ms
[235.295s][info][gc,start      ] GC(33) Concurrent marking
[235.295s][info][gc,task       ] GC(33) Using 1 of 1 workers for concurrent marking
[236.785s][info][gc            ] GC(33) Concurrent marking 1489.798ms
[236.785s][info][gc,start      ] GC(33) Pause Final Mark
[236.785s][info][gc,task       ] GC(33) Using 1 of 1 workers for final marking
[236.785s][info][gc,ergo       ] GC(33) Adaptive CSet Selection. Target Free: 141M, Actual Free: 447M, Max CSet: 42666K, Min Garbage: 0B
[236.786s][info][gc,ergo       ] GC(33) Collectable Garbage: 509M (99%), Immediate: 206M (40%), CSet: 302M (59%)
[236.788s][info][gc,ergo       ] GC(33) Pacer for Evacuation. Used CSet: 344M, Free: 401M, Non-Taxable: 41158K, Alloc Tax Rate: 2.1x
[236.792s][info][gc            ] GC(33) Pause Final Mark 7.369ms
[236.792s][info][gc,start      ] GC(33) Concurrent cleanup
[236.793s][info][gc            ] GC(33) Concurrent cleanup 752M->546M(792M) 0.125ms
[236.793s][info][gc,ergo       ] GC(33) Free: 401M, Max: 256K regular, 149M humongous, Frag: 63% external, 0% internal; Reserve: 51193K, Max: 256K
[236.793s][info][gc,start      ] GC(33) Concurrent evacuation
[236.793s][info][gc,task       ] GC(33) Using 1 of 1 workers for concurrent evacuation
[237.096s][info][gc            ] GC(33) Concurrent evacuation 303.588ms
[237.105s][info][gc,start      ] GC(33) Pause Init Update Refs
[237.105s][info][gc,ergo       ] GC(33) Pacer for Update Refs. Used: 601M, Free: 388M, Non-Taxable: 39801K, Alloc Tax Rate: 1.9x
[237.105s][info][gc            ] GC(33) Pause Init Update Refs 0.088ms
[237.105s][info][gc,start      ] GC(33) Concurrent update references
[237.105s][info][gc,task       ] GC(33) Using 1 of 1 workers for concurrent reference update
[238.229s][info][gc            ] GC(33) Concurrent update references 1123.566ms
[238.238s][info][gc,start      ] GC(33) Pause Final Update Refs
[238.238s][info][gc,task       ] GC(33) Using 1 of 1 workers for final reference update
[238.238s][info][gc            ] GC(33) Pause Final Update Refs 0.482ms
[238.238s][info][gc,start      ] GC(33) Concurrent cleanup
[238.238s][info][gc            ] GC(33) Concurrent cleanup 657M->312M(792M) 0.125ms
[238.238s][info][gc,ergo       ] Free: 635M, Max: 256K regular, 121M humongous, Frag: 81% external, 0% internal; Reserve: 51200K, Max: 256K
[238.238s][info][gc,stats      ] 
[238.238s][info][gc,stats      ] All times are wall-clock times, except per-root-class counters, that are sum over
[238.238s][info][gc,stats      ] all workers. Dividing the <total> over the root stage time estimates parallelism.
[238.238s][info][gc,stats      ] 
[238.238s][info][gc,stats      ] Concurrent Reset                   1119 us
[238.238s][info][gc,stats      ] Pause Init Mark (G)               11181 us
[238.238s][info][gc,stats      ] Pause Init Mark (N)                1434 us
[238.238s][info][gc,stats      ]   Accumulate Stats                   13 us
[238.238s][info][gc,stats      ]   Make Parsable                      13 us
[238.238s][info][gc,stats      ]   Update Region States               53 us
[238.238s][info][gc,stats      ]   Scan Roots                       1302 us, parallelism: 0.78x
[238.238s][info][gc,stats      ]     S: <total>                     1013 us
[238.238s][info][gc,stats      ]     S: Thread Roots                 361 us, workers (us): 361, 
[238.238s][info][gc,stats      ]     S: Universe Roots                 2 us, workers (us):   2, 
[238.238s][info][gc,stats      ]     S: JNI Handles Roots              2 us, workers (us):   2, 
[238.238s][info][gc,stats      ]     S: Synchronizer Roots             0 us, workers (us):   0, 
[238.238s][info][gc,stats      ]     S: Management Roots               2 us, workers (us):   2, 
[238.238s][info][gc,stats      ]     S: System Dict Roots             11 us, workers (us):  11, 
[238.238s][info][gc,stats      ]     S: CLDG Roots                   634 us, workers (us): 634, 
[238.238s][info][gc,stats      ]     S: JVMTI Roots                    1 us, workers (us):   1, 
[238.238s][info][gc,stats      ]   Resize TLABs                       10 us
[238.238s][info][gc,stats      ] Concurrent Marking              1489789 us
[238.238s][info][gc,stats      ] Pause Final Mark (G)               7625 us
[238.238s][info][gc,stats      ] Pause Final Mark (N)               7354 us
[238.238s][info][gc,stats      ]   Finish Queues                      11 us
[238.238s][info][gc,stats      ]   System Purge                      288 us
[238.238s][info][gc,stats      ]     Weak Roots                      288 us
[238.238s][info][gc,stats      ]   Update Region States               54 us
[238.238s][info][gc,stats      ]   Retire TLABs                       15 us
[238.238s][info][gc,stats      ]   Choose Collection Set             289 us
[238.238s][info][gc,stats      ]   Rebuild Free Set                   15 us
[238.238s][info][gc,stats      ]   Initial Evacuation               6674 us, parallelism: 0.20x
[238.238s][info][gc,stats      ]     E: <total>                     1330 us
[238.238s][info][gc,stats      ]     E: Thread Roots                 377 us, workers (us): 377, 
[238.238s][info][gc,stats      ]     E: Code Cache Roots             349 us, workers (us): 349, 
[238.238s][info][gc,stats      ]     E: Universe Roots                 1 us, workers (us):   1, 
[238.238s][info][gc,stats      ]     E: JNI Handles Roots              1 us, workers (us):   1, 
[238.238s][info][gc,stats      ]     E: Synchronizer Roots             0 us, workers (us):   0, 
[238.238s][info][gc,stats      ]     E: Management Roots               2 us, workers (us):   2, 
[238.238s][info][gc,stats      ]     E: System Dict Roots             11 us, workers (us):  11, 
[238.238s][info][gc,stats      ]     E: CLDG Roots                   588 us, workers (us): 588, 
[238.238s][info][gc,stats      ]     E: JVMTI Roots                    1 us, workers (us):   1, 
[238.238s][info][gc,stats      ] Concurrent Cleanup                  107 us
[238.238s][info][gc,stats      ] Concurrent Evacuation            303576 us
[238.238s][info][gc,stats      ] Pause Init  Update Refs (G)        5975 us
[238.238s][info][gc,stats      ] Pause Init  Update Refs (N)          19 us
[238.238s][info][gc,stats      ]   Retire GCLABs                       8 us
[238.238s][info][gc,stats      ] Concurrent Update Refs          1123549 us
[238.238s][info][gc,stats      ] Pause Final Update Refs (G)        9206 us
[238.238s][info][gc,stats      ] Pause Final Update Refs (N)         420 us
[238.238s][info][gc,stats      ]   Update Roots                      338 us, parallelism: 0.95x
[238.238s][info][gc,stats      ]     UR: <total>                     321 us
[238.238s][info][gc,stats      ]     UR: Thread Roots                321 us, workers (us): 321, 
[238.238s][info][gc,stats      ]   Update Region States               51 us
[238.238s][info][gc,stats      ]   Trash Collection Set                7 us
[238.238s][info][gc,stats      ]   Rebuild Free Set                   15 us
[238.238s][info][gc,stats      ] Concurrent Cleanup                  118 us
[238.238s][info][gc,stats      ] Pacing                           975402 us
[238.238s][info][gc,stats      ] 
[238.239s][info][gc,stats      ] Allocation pacing accrued:
[238.239s][info][gc,stats      ]      15 of  8108 ms (  0.2%): RemoteBlock-temp-file-clean-thread
[238.239s][info][gc,stats      ]      63 of  8108 ms (  0.8%): driver-heartbeater
[238.239s][info][gc,stats      ]      59 of  8108 ms (  0.7%): spark-listener-group-appStatus
[238.239s][info][gc,stats      ]      19 of  8108 ms (  0.2%): spark-listener-group-executorManagement
[238.239s][info][gc,stats      ]      20 of  8108 ms (  0.2%): spark-listener-group-shared
[238.239s][info][gc,stats      ]     800 of  8108 ms (  9.9%): Executor task launch worker for task 2.0 in stage 14.0 (TID 23)
[238.239s][info][gc,stats      ]     975 of  8108 ms ( 12.0%): <total>
[238.239s][info][gc,stats      ]       9 of  8108 ms (  0.1%): <average total>
[238.239s][info][gc,stats      ]     163 of  8108 ms (  2.0%): <average non-zero>
[238.239s][info][gc,stats      ] 
[238.239s][info][gc,metaspace  ] Metaspace: 66220K->66222K(1107968K)
[238.239s][info][gc,ergo       ] Pacer for Idle. Initial: 20480K, Alloc Tax Rate: 1.0x
[243.760s][info][gc            ] Trigger: Average GC time (3296.25 ms) is above the time for allocation rate (61179 KB/s) to deplete free headroom (196M)
[243.761s][info][gc,ergo       ] Free headroom: 246M (free) - 51200K (spike) - 0B (penalties) = 196M
[243.761s][info][gc,ergo       ] Free: 246M, Max: 256K regular, 121M humongous, Frag: 51% external, 0% internal; Reserve: 51200K, Max: 256K
[243.761s][info][gc,start      ] GC(34) Concurrent reset
[243.761s][info][gc,task       ] GC(34) Using 1 of 1 workers for concurrent reset
[243.761s][info][gc,ergo       ] GC(34) Pacer for Reset. Non-Taxable: 1000M
[243.762s][info][gc            ] GC(34) Concurrent reset 0.937ms
[243.772s][info][gc,start      ] GC(34) Pause Init Mark
[243.772s][info][gc,task       ] GC(34) Using 1 of 1 workers for init marking
[243.774s][info][gc,ergo       ] GC(34) Pacer for Mark. Expected Live: 190M, Free: 246M, Non-Taxable: 25260K, Alloc Tax Rate: 0.9x
[243.774s][info][gc            ] GC(34) Pause Init Mark 1.479ms
[243.774s][info][gc,start      ] GC(34) Concurrent marking
[243.774s][info][gc,task       ] GC(34) Using 1 of 1 workers for concurrent marking
[245.074s][info][gc            ] GC(34) Concurrent marking 1300.065ms
[245.074s][info][gc,start      ] GC(34) Pause Final Mark
[245.074s][info][gc,task       ] GC(34) Using 1 of 1 workers for final marking
[245.074s][info][gc,ergo       ] GC(34) Adaptive CSet Selection. Target Free: 141M, Actual Free: 564M, Max CSet: 42666K, Min Garbage: 0B
[245.075s][info][gc,ergo       ] GC(34) Collectable Garbage: 512M (99%), Immediate: 312M (60%), CSet: 199M (38%)
[245.077s][info][gc,ergo       ] GC(34) Pacer for Evacuation. Used CSet: 235M, Free: 519M, Non-Taxable: 53241K, Alloc Tax Rate: 1.1x
[245.077s][info][gc            ] GC(34) Pause Final Mark 2.751ms
[245.077s][info][gc,start      ] GC(34) Concurrent cleanup
[245.077s][info][gc            ] GC(34) Concurrent cleanup 740M->427M(792M) 0.127ms
[245.077s][info][gc,ergo       ] GC(34) Free: 519M, Max: 256K regular, 149M humongous, Frag: 72% external, 0% internal; Reserve: 51185K, Max: 256K
[245.077s][info][gc,start      ] GC(34) Concurrent evacuation
[245.077s][info][gc,task       ] GC(34) Using 1 of 1 workers for concurrent evacuation
[245.319s][info][gc            ] GC(34) Concurrent evacuation 242.239ms
[245.324s][info][gc,start      ] GC(34) Pause Init Update Refs
[245.324s][info][gc,ergo       ] GC(34) Pacer for Update Refs. Used: 476M, Free: 507M, Non-Taxable: 51935K, Alloc Tax Rate: 1.1x
[245.324s][info][gc            ] GC(34) Pause Init Update Refs 0.068ms
[245.324s][info][gc,start      ] GC(34) Concurrent update references
[245.324s][info][gc,task       ] GC(34) Using 1 of 1 workers for concurrent reference update
[246.365s][info][gc            ] GC(34) Concurrent update references 1041.230ms
[246.375s][info][gc,start      ] GC(34) Pause Final Update Refs
[246.375s][info][gc,task       ] GC(34) Using 1 of 1 workers for final reference update
[246.375s][info][gc            ] GC(34) Pause Final Update Refs 0.495ms
[246.375s][info][gc,start      ] GC(34) Concurrent cleanup
[246.375s][info][gc            ] GC(34) Concurrent cleanup 533M->298M(792M) 0.111ms
[246.375s][info][gc,ergo       ] Free: 649M, Max: 256K regular, 201M humongous, Frag: 69% external, 0% internal; Reserve: 51200K, Max: 256K
[246.375s][info][gc,stats      ] 
[246.375s][info][gc,stats      ] All times are wall-clock times, except per-root-class counters, that are sum over
[246.375s][info][gc,stats      ] all workers. Dividing the <total> over the root stage time estimates parallelism.
[246.375s][info][gc,stats      ] 
[246.375s][info][gc,stats      ] Concurrent Reset                    919 us
[246.375s][info][gc,stats      ] Pause Init Mark (G)               12159 us
[246.375s][info][gc,stats      ] Pause Init Mark (N)                1425 us
[246.375s][info][gc,stats      ]   Accumulate Stats                   13 us
[246.375s][info][gc,stats      ]   Make Parsable                      13 us
[246.375s][info][gc,stats      ]   Update Region States               53 us
[246.375s][info][gc,stats      ]   Scan Roots                       1299 us, parallelism: 0.78x
[246.375s][info][gc,stats      ]     S: <total>                     1010 us
[246.375s][info][gc,stats      ]     S: Thread Roots                 372 us, workers (us): 372, 
[246.375s][info][gc,stats      ]     S: Universe Roots                 2 us, workers (us):   2, 
[246.375s][info][gc,stats      ]     S: JNI Handles Roots              2 us, workers (us):   2, 
[246.375s][info][gc,stats      ]     S: Synchronizer Roots             0 us, workers (us):   0, 
[246.375s][info][gc,stats      ]     S: Management Roots               2 us, workers (us):   2, 
[246.375s][info][gc,stats      ]     S: System Dict Roots             12 us, workers (us):  12, 
[246.375s][info][gc,stats      ]     S: CLDG Roots                   620 us, workers (us): 620, 
[246.375s][info][gc,stats      ]     S: JVMTI Roots                    1 us, workers (us):   1, 
[246.375s][info][gc,stats      ]   Resize TLABs                        9 us
[246.375s][info][gc,stats      ] Concurrent Marking              1300056 us
[246.375s][info][gc,stats      ] Pause Final Mark (G)               2863 us
[246.375s][info][gc,stats      ] Pause Final Mark (N)               2740 us
[246.375s][info][gc,stats      ]   Finish Queues                     137 us
[246.375s][info][gc,stats      ]   System Purge                      301 us
[246.375s][info][gc,stats      ]     Weak Roots                      301 us
[246.375s][info][gc,stats      ]   Update Region States               45 us
[246.375s][info][gc,stats      ]   Retire TLABs                       14 us
[246.375s][info][gc,stats      ]   Choose Collection Set             266 us
[246.375s][info][gc,stats      ]   Rebuild Free Set                   16 us
[246.375s][info][gc,stats      ]   Initial Evacuation               1953 us, parallelism: 0.65x
[246.375s][info][gc,stats      ]     E: <total>                     1273 us
[246.375s][info][gc,stats      ]     E: Thread Roots                 391 us, workers (us): 391, 
[246.375s][info][gc,stats      ]     E: Code Cache Roots             292 us, workers (us): 292, 
[246.375s][info][gc,stats      ]     E: Universe Roots                 1 us, workers (us):   1, 
[246.375s][info][gc,stats      ]     E: JNI Handles Roots              1 us, workers (us):   1, 
[246.375s][info][gc,stats      ]     E: Synchronizer Roots             0 us, workers (us):   0, 
[246.375s][info][gc,stats      ]     E: Management Roots               2 us, workers (us):   2, 
[246.375s][info][gc,stats      ]     E: System Dict Roots             10 us, workers (us):  10, 
[246.375s][info][gc,stats      ]     E: CLDG Roots                   575 us, workers (us): 575, 
[246.375s][info][gc,stats      ]     E: JVMTI Roots                    0 us, workers (us):   0, 
[246.375s][info][gc,stats      ] Concurrent Cleanup                  119 us
[246.375s][info][gc,stats      ] Concurrent Evacuation            242225 us
[246.375s][info][gc,stats      ] Pause Init  Update Refs (G)        4934 us
[246.375s][info][gc,stats      ] Pause Init  Update Refs (N)          17 us
[246.375s][info][gc,stats      ]   Retire GCLABs                       8 us
[246.375s][info][gc,stats      ] Concurrent Update Refs          1041215 us
[246.375s][info][gc,stats      ] Pause Final Update Refs (G)        9524 us
[246.375s][info][gc,stats      ] Pause Final Update Refs (N)         428 us
[246.375s][info][gc,stats      ]   Update Roots                      337 us, parallelism: 0.96x
[246.375s][info][gc,stats      ]     UR: <total>                     324 us
[246.375s][info][gc,stats      ]     UR: Thread Roots                324 us, workers (us): 324, 
[246.375s][info][gc,stats      ]   Update Region States               60 us
[246.375s][info][gc,stats      ]   Trash Collection Set                7 us
[246.375s][info][gc,stats      ]   Rebuild Free Set                   14 us
[246.375s][info][gc,stats      ] Concurrent Cleanup                  102 us
[246.375s][info][gc,stats      ] Pacing                           625052 us
[246.375s][info][gc,stats      ] 
[246.375s][info][gc,stats      ] Allocation pacing accrued:
[246.376s][info][gc,stats      ]     625 of  8137 ms (  7.7%): Executor task launch worker for task 0.0 in stage 15.0 (TID 24)
[246.376s][info][gc,stats      ]     625 of  8137 ms (  7.7%): <total>
[246.376s][info][gc,stats      ]       6 of  8137 ms (  0.1%): <average total>
[246.376s][info][gc,stats      ]     625 of  8137 ms (  7.7%): <average non-zero>
[246.376s][info][gc,stats      ] 
[246.376s][info][gc,metaspace  ] Metaspace: 66261K->66263K(1107968K)
[246.376s][info][gc,ergo       ] Pacer for Idle. Initial: 20480K, Alloc Tax Rate: 1.0x
[251.925s][info][gc            ] Trigger: Average GC time (3220.76 ms) is above the time for allocation rate (64154 KB/s) to deplete free headroom (201M)
[251.925s][info][gc,ergo       ] Free headroom: 251M (free) - 51200K (spike) - 0B (penalties) = 201M
[251.925s][info][gc,ergo       ] Free: 251M, Max: 256K regular, 127M humongous, Frag: 50% external, 0% internal; Reserve: 51200K, Max: 256K
[251.925s][info][gc,start      ] GC(35) Concurrent reset
[251.925s][info][gc,task       ] GC(35) Using 1 of 1 workers for concurrent reset
[251.925s][info][gc,ergo       ] GC(35) Pacer for Reset. Non-Taxable: 1000M
[251.926s][info][gc            ] GC(35) Concurrent reset 0.861ms
[251.937s][info][gc,start      ] GC(35) Pause Init Mark (process weakrefs)
[251.937s][info][gc,task       ] GC(35) Using 1 of 1 workers for init marking
[251.938s][info][gc,ergo       ] GC(35) Pacer for Mark. Expected Live: 190M, Free: 251M, Non-Taxable: 25772K, Alloc Tax Rate: 0.9x
[251.938s][info][gc            ] GC(35) Pause Init Mark (process weakrefs) 1.419ms
[251.938s][info][gc,start      ] GC(35) Concurrent marking (process weakrefs)
[251.938s][info][gc,task       ] GC(35) Using 1 of 1 workers for concurrent marking
[253.056s][info][gc            ] GC(35) Concurrent marking (process weakrefs) 1118.028ms
[253.072s][info][gc,start      ] GC(35) Concurrent precleaning
[253.072s][info][gc,task       ] GC(35) Using 1 of 1 workers for concurrent preclean
[253.072s][info][gc,ergo       ] GC(35) Pacer for Precleaning. Non-Taxable: 1000M
[253.080s][info][gc            ] GC(35) Concurrent precleaning 8.423ms
[253.093s][info][gc,start      ] GC(35) Pause Final Mark (process weakrefs)
[253.093s][info][gc,task       ] GC(35) Using 1 of 1 workers for final marking
[253.094s][info][gc,ergo       ] GC(35) Adaptive CSet Selection. Target Free: 141M, Actual Free: 651M, Max CSet: 42666K, Min Garbage: 0B
[253.094s][info][gc,ergo       ] GC(35) Collectable Garbage: 515M (99%), Immediate: 394M (76%), CSet: 120M (23%)
[253.096s][info][gc,ergo       ] GC(35) Pacer for Evacuation. Used CSet: 149M, Free: 606M, Non-Taxable: 62098K, Alloc Tax Rate: 1.1x
[253.096s][info][gc            ] GC(35) Pause Final Mark (process weakrefs) 2.670ms
[253.096s][info][gc,start      ] GC(35) Concurrent cleanup
[253.096s][info][gc            ] GC(35) Concurrent cleanup 735M->341M(792M) 0.174ms
[253.096s][info][gc,ergo       ] GC(35) Free: 606M, Max: 256K regular, 206M humongous, Frag: 66% external, 0% internal; Reserve: 51185K, Max: 256K
[253.096s][info][gc,start      ] GC(35) Concurrent evacuation
[253.096s][info][gc,task       ] GC(35) Using 1 of 1 workers for concurrent evacuation
[253.308s][info][gc            ] GC(35) Concurrent evacuation 211.534ms
[253.312s][info][gc,start      ] GC(35) Pause Init Update Refs
[253.312s][info][gc,ergo       ] GC(35) Pacer for Update Refs. Used: 380M, Free: 595M, Non-Taxable: 61023K, Alloc Tax Rate: 1.1x
[253.312s][info][gc            ] GC(35) Pause Init Update Refs 0.083ms
[253.313s][info][gc,start      ] GC(35) Concurrent update references
[253.313s][info][gc,task       ] GC(35) Using 1 of 1 workers for concurrent reference update
[254.181s][info][gc            ] GC(35) Concurrent update references 868.411ms
[254.190s][info][gc,start      ] GC(35) Pause Final Update Refs
[254.190s][info][gc,task       ] GC(35) Using 1 of 1 workers for final reference update
[254.190s][info][gc            ] GC(35) Pause Final Update Refs 0.492ms
[254.206s][info][gc,start      ] GC(35) Concurrent cleanup
[254.206s][info][gc            ] GC(35) Concurrent cleanup 423M->274M(792M) 0.145ms
[254.206s][info][gc,ergo       ] Free: 672M, Max: 256K regular, 218M humongous, Frag: 68% external, 0% internal; Reserve: 51200K, Max: 256K
[254.206s][info][gc,stats      ] 
[254.206s][info][gc,stats      ] All times are wall-clock times, except per-root-class counters, that are sum over
[254.206s][info][gc,stats      ] all workers. Dividing the <total> over the root stage time estimates parallelism.
[254.207s][info][gc,stats      ] 
[254.207s][info][gc,stats      ] Concurrent Reset                    841 us
[254.207s][info][gc,stats      ] Pause Init Mark (G)               12101 us
[254.207s][info][gc,stats      ] Pause Init Mark (N)                1369 us
[254.207s][info][gc,stats      ]   Accumulate Stats                   13 us
[254.207s][info][gc,stats      ]   Make Parsable                      13 us
[254.207s][info][gc,stats      ]   Update Region States               52 us
[254.207s][info][gc,stats      ]   Scan Roots                       1251 us, parallelism: 0.77x
[254.207s][info][gc,stats      ]     S: <total>                      964 us
[254.207s][info][gc,stats      ]     S: Thread Roots                 349 us, workers (us): 349, 
[254.207s][info][gc,stats      ]     S: Universe Roots                 2 us, workers (us):   2, 
[254.207s][info][gc,stats      ]     S: JNI Handles Roots              2 us, workers (us):   2, 
[254.207s][info][gc,stats      ]     S: Synchronizer Roots             0 us, workers (us):   0, 
[254.207s][info][gc,stats      ]     S: Management Roots               1 us, workers (us):   1, 
[254.207s][info][gc,stats      ]     S: System Dict Roots             12 us, workers (us):  12, 
[254.207s][info][gc,stats      ]     S: CLDG Roots                   596 us, workers (us): 596, 
[254.207s][info][gc,stats      ]     S: JVMTI Roots                    0 us, workers (us):   0, 
[254.207s][info][gc,stats      ]   Resize TLABs                        7 us
[254.207s][info][gc,stats      ] Concurrent Marking              1118019 us
[254.207s][info][gc,stats      ] Concurrent Precleaning             8370 us
[254.207s][info][gc,stats      ] Pause Final Mark (G)              15825 us
[254.207s][info][gc,stats      ] Pause Final Mark (N)               2596 us
[254.207s][info][gc,stats      ]   Finish Queues                      32 us
[254.207s][info][gc,stats      ]   Weak References                    32 us
[254.207s][info][gc,stats      ]     Process                          29 us
[254.207s][info][gc,stats      ]   System Purge                      308 us
[254.207s][info][gc,stats      ]     Weak Roots                      308 us
[254.207s][info][gc,stats      ]   Update Region States               60 us
[254.207s][info][gc,stats      ]   Retire TLABs                       16 us
[254.207s][info][gc,stats      ]   Choose Collection Set             167 us
[254.207s][info][gc,stats      ]   Rebuild Free Set                   15 us
[254.207s][info][gc,stats      ]   Initial Evacuation               1956 us, parallelism: 0.65x
[254.207s][info][gc,stats      ]     E: <total>                     1263 us
[254.207s][info][gc,stats      ]     E: Thread Roots                 366 us, workers (us): 366, 
[254.207s][info][gc,stats      ]     E: Code Cache Roots             316 us, workers (us): 316, 
[254.207s][info][gc,stats      ]     E: Universe Roots                 3 us, workers (us):   3, 
[254.207s][info][gc,stats      ]     E: JNI Handles Roots              1 us, workers (us):   1, 
[254.207s][info][gc,stats      ]     E: Synchronizer Roots             0 us, workers (us):   0, 
[254.207s][info][gc,stats      ]     E: Management Roots               1 us, workers (us):   1, 
[254.207s][info][gc,stats      ]     E: System Dict Roots             11 us, workers (us):  11, 
[254.207s][info][gc,stats      ]     E: CLDG Roots                   564 us, workers (us): 564, 
[254.207s][info][gc,stats      ]     E: JVMTI Roots                    1 us, workers (us):   1, 
[254.207s][info][gc,stats      ] Concurrent Cleanup                  164 us
[254.207s][info][gc,stats      ] Concurrent Evacuation            211520 us
[254.207s][info][gc,stats      ] Pause Init  Update Refs (G)        4756 us
[254.207s][info][gc,stats      ] Pause Init  Update Refs (N)          21 us
[254.207s][info][gc,stats      ]   Retire GCLABs                      10 us
[254.207s][info][gc,stats      ] Concurrent Update Refs           868395 us
[254.207s][info][gc,stats      ] Pause Final Update Refs (G)       21440 us
[254.207s][info][gc,stats      ] Pause Final Update Refs (N)         435 us
[254.207s][info][gc,stats      ]   Update Roots                      339 us, parallelism: 0.94x
[254.207s][info][gc,stats      ]     UR: <total>                     320 us
[254.207s][info][gc,stats      ]     UR: Thread Roots                320 us, workers (us): 320, 
[254.207s][info][gc,stats      ]   Update Region States               54 us
[254.207s][info][gc,stats      ]   Trash Collection Set                5 us
[254.207s][info][gc,stats      ]   Rebuild Free Set                   14 us
[254.207s][info][gc,stats      ] Concurrent Cleanup                   92 us
[254.207s][info][gc,stats      ] Pacing                           555080 us
[254.207s][info][gc,stats      ] 
[254.207s][info][gc,stats      ] Allocation pacing accrued:
[254.207s][info][gc,stats      ]     555 of  7831 ms (  7.1%): Executor task launch worker for task 1.0 in stage 15.0 (TID 25)
[254.207s][info][gc,stats      ]     555 of  7831 ms (  7.1%): <total>
[254.207s][info][gc,stats      ]       5 of  7831 ms (  0.1%): <average total>
[254.207s][info][gc,stats      ]     555 of  7831 ms (  7.1%): <average non-zero>
[254.207s][info][gc,stats      ] 
[254.207s][info][gc,metaspace  ] Metaspace: 66274K->66274K(1107968K)
[254.207s][info][gc,ergo       ] Pacer for Idle. Initial: 20480K, Alloc Tax Rate: 1.0x
[260.353s][info][gc            ] Trigger: Average GC time (3003.03 ms) is above the time for allocation rate (64640 KB/s) to deplete free headroom (189M)
[260.362s][info][gc,ergo       ] Free headroom: 239M (free) - 51200K (spike) - 0B (penalties) = 189M
[260.362s][info][gc,ergo       ] Free: 239M, Max: 256K regular, 135M humongous, Frag: 44% external, 0% internal; Reserve: 51200K, Max: 256K
[260.362s][info][gc,start      ] GC(36) Concurrent reset
[260.362s][info][gc,task       ] GC(36) Using 1 of 1 workers for concurrent reset
[260.362s][info][gc,ergo       ] GC(36) Pacer for Reset. Non-Taxable: 1000M
[260.362s][info][gc            ] GC(36) Concurrent reset 0.602ms
[260.370s][info][gc,start      ] GC(36) Pause Init Mark
[260.370s][info][gc,task       ] GC(36) Using 1 of 1 workers for init marking
[260.371s][info][gc,ergo       ] GC(36) Pacer for Mark. Expected Live: 187M, Free: 239M, Non-Taxable: 24518K, Alloc Tax Rate: 1.0x
[260.371s][info][gc            ] GC(36) Pause Init Mark 1.652ms
[260.371s][info][gc,start      ] GC(36) Concurrent marking
[260.371s][info][gc,task       ] GC(36) Using 1 of 1 workers for concurrent marking
[261.848s][info][gc            ] GC(36) Concurrent marking 1476.694ms
[261.848s][info][gc,start      ] GC(36) Pause Final Mark
[261.848s][info][gc,task       ] GC(36) Using 1 of 1 workers for final marking
[261.849s][info][gc,ergo       ] GC(36) Adaptive CSet Selection. Target Free: 141M, Actual Free: 675M, Max CSet: 42666K, Min Garbage: 0B
[261.849s][info][gc,ergo       ] GC(36) Collectable Garbage: 525M (99%), Immediate: 448M (84%), CSet: 78542K (14%)
[261.852s][info][gc,ergo       ] GC(36) Pacer for Evacuation. Used CSet: 105M, Free: 629M, Non-Taxable: 64505K, Alloc Tax Rate: 1.1x
[261.857s][info][gc            ] GC(36) Pause Final Mark 8.530ms
[261.857s][info][gc,start      ] GC(36) Concurrent cleanup
[261.857s][info][gc            ] GC(36) Concurrent cleanup 765M->317M(801M) 0.271ms
[261.857s][info][gc,ergo       ] GC(36) Free: 629M, Max: 256K regular, 229M humongous, Frag: 64% external, 0% internal; Reserve: 51185K, Max: 256K
[261.857s][info][gc,start      ] GC(36) Concurrent evacuation
[261.857s][info][gc,task       ] GC(36) Using 1 of 1 workers for concurrent evacuation
[262.040s][info][gc            ] GC(36) Concurrent evacuation 182.420ms
[262.046s][info][gc,start      ] GC(36) Pause Init Update Refs
[262.046s][info][gc,ergo       ] GC(36) Pacer for Update Refs. Used: 356M, Free: 618M, Non-Taxable: 63378K, Alloc Tax Rate: 1.1x
[262.046s][info][gc            ] GC(36) Pause Init Update Refs 0.068ms
[262.046s][info][gc,start      ] GC(36) Concurrent update references
[262.046s][info][gc,task       ] GC(36) Using 1 of 1 workers for concurrent reference update
[263.128s][info][gc            ] GC(36) Concurrent update references 1082.830ms
[263.137s][info][gc,start      ] GC(36) Pause Final Update Refs
[263.137s][info][gc,task       ] GC(36) Using 1 of 1 workers for final reference update
[263.138s][info][gc            ] GC(36) Pause Final Update Refs 0.476ms
[263.138s][info][gc,start      ] GC(36) Concurrent cleanup
[263.138s][info][gc            ] GC(36) Concurrent cleanup 417M->312M(801M) 0.090ms
[263.138s][info][gc,ergo       ] Free: 634M, Max: 256K regular, 198M humongous, Frag: 69% external, 0% internal; Reserve: 51200K, Max: 256K
[263.138s][info][gc,stats      ] 
[263.138s][info][gc,stats      ] All times are wall-clock times, except per-root-class counters, that are sum over
[263.138s][info][gc,stats      ] all workers. Dividing the <total> over the root stage time estimates parallelism.
[263.138s][info][gc,stats      ] 
[263.138s][info][gc,stats      ] Concurrent Reset                    591 us
[263.138s][info][gc,stats      ] Pause Init Mark (G)                8935 us
[263.138s][info][gc,stats      ] Pause Init Mark (N)                1601 us
[263.138s][info][gc,stats      ]   Accumulate Stats                   13 us
[263.138s][info][gc,stats      ]   Make Parsable                      15 us
[263.138s][info][gc,stats      ]   Update Region States               54 us
[263.138s][info][gc,stats      ]   Scan Roots                       1470 us, parallelism: 0.68x
[263.138s][info][gc,stats      ]     S: <total>                     1000 us
[263.138s][info][gc,stats      ]     S: Thread Roots                 357 us, workers (us): 357, 
[263.138s][info][gc,stats      ]     S: Universe Roots                 2 us, workers (us):   2, 
[263.138s][info][gc,stats      ]     S: JNI Handles Roots              2 us, workers (us):   2, 
[263.138s][info][gc,stats      ]     S: Synchronizer Roots             0 us, workers (us):   0, 
[263.138s][info][gc,stats      ]     S: Management Roots               1 us, workers (us):   1, 
[263.138s][info][gc,stats      ]     S: System Dict Roots             12 us, workers (us):  12, 
[263.138s][info][gc,stats      ]     S: CLDG Roots                   625 us, workers (us): 625, 
[263.138s][info][gc,stats      ]     S: JVMTI Roots                    1 us, workers (us):   1, 
[263.138s][info][gc,stats      ]   Resize TLABs                       12 us
[263.138s][info][gc,stats      ] Concurrent Marking              1476685 us
[263.138s][info][gc,stats      ] Pause Final Mark (G)               8745 us
[263.138s][info][gc,stats      ] Pause Final Mark (N)               8516 us
[263.138s][info][gc,stats      ]   Finish Queues                      14 us
[263.138s][info][gc,stats      ]   System Purge                      293 us
[263.138s][info][gc,stats      ]     Weak Roots                      292 us
[263.138s][info][gc,stats      ]   Update Region States               48 us
[263.138s][info][gc,stats      ]   Retire TLABs                       12 us
[263.138s][info][gc,stats      ]   Choose Collection Set             146 us
[263.138s][info][gc,stats      ]   Rebuild Free Set                   15 us
[263.138s][info][gc,stats      ]   Initial Evacuation               7981 us, parallelism: 0.17x
[263.138s][info][gc,stats      ]     E: <total>                     1334 us
[263.138s][info][gc,stats      ]     E: Thread Roots                 349 us, workers (us): 349, 
[263.138s][info][gc,stats      ]     E: Code Cache Roots             291 us, workers (us): 291, 
[263.138s][info][gc,stats      ]     E: Universe Roots                 3 us, workers (us):   3, 
[263.138s][info][gc,stats      ]     E: JNI Handles Roots              3 us, workers (us):   3, 
[263.138s][info][gc,stats      ]     E: Synchronizer Roots             1 us, workers (us):   1, 
[263.138s][info][gc,stats      ]     E: Management Roots               4 us, workers (us):   4, 
[263.138s][info][gc,stats      ]     E: System Dict Roots             22 us, workers (us):  22, 
[263.138s][info][gc,stats      ]     E: CLDG Roots                   662 us, workers (us): 662, 
[263.138s][info][gc,stats      ]     E: JVMTI Roots                    1 us, workers (us):   1, 
[263.138s][info][gc,stats      ] Concurrent Cleanup                  255 us
[263.138s][info][gc,stats      ] Concurrent Evacuation            182394 us
[263.138s][info][gc,stats      ] Pause Init  Update Refs (G)        5910 us
[263.138s][info][gc,stats      ] Pause Init  Update Refs (N)          17 us
[263.138s][info][gc,stats      ]   Retire GCLABs                       8 us
[263.138s][info][gc,stats      ] Concurrent Update Refs          1082815 us
[263.138s][info][gc,stats      ] Pause Final Update Refs (G)        7648 us
[263.138s][info][gc,stats      ] Pause Final Update Refs (N)         420 us
[263.138s][info][gc,stats      ]   Update Roots                      342 us, parallelism: 0.76x
[263.138s][info][gc,stats      ]     UR: <total>                     260 us
[263.138s][info][gc,stats      ]     UR: Thread Roots                260 us, workers (us): 260, 
[263.138s][info][gc,stats      ]   Update Region States               51 us
[263.138s][info][gc,stats      ]   Trash Collection Set                4 us
[263.138s][info][gc,stats      ]   Rebuild Free Set                   14 us
[263.138s][info][gc,stats      ] Concurrent Cleanup                   81 us
[263.138s][info][gc,stats      ] Pacing                           412618 us
[263.138s][info][gc,stats      ] 
[263.138s][info][gc,stats      ] Allocation pacing accrued:
[263.138s][info][gc,stats      ]     413 of  8931 ms (  4.6%): Executor task launch worker for task 2.0 in stage 15.0 (TID 26)
[263.138s][info][gc,stats      ]     413 of  8931 ms (  4.6%): <total>
[263.138s][info][gc,stats      ]       5 of  8931 ms (  0.1%): <average total>
[263.138s][info][gc,stats      ]     413 of  8931 ms (  4.6%): <average non-zero>
[263.138s][info][gc,stats      ] 
[263.138s][info][gc,metaspace  ] Metaspace: 66286K->66289K(1107968K)
[263.138s][info][gc,ergo       ] Pacer for Idle. Initial: 20480K, Alloc Tax Rate: 1.0x
[269.341s][info][gc            ] Trigger: Average GC time (2846.14 ms) is above the time for allocation rate (62327 KB/s) to deplete free headroom (172M)
[269.341s][info][gc,ergo       ] Free headroom: 222M (free) - 51200K (spike) - 0B (penalties) = 172M
[269.341s][info][gc,ergo       ] Free: 222M, Max: 256K regular, 135M humongous, Frag: 40% external, 0% internal; Reserve: 51200K, Max: 256K
[269.341s][info][gc,start      ] GC(37) Concurrent reset
[269.341s][info][gc,task       ] GC(37) Using 1 of 1 workers for concurrent reset
[269.341s][info][gc,ergo       ] GC(37) Pacer for Reset. Non-Taxable: 1000M
[269.341s][info][gc            ] GC(37) Concurrent reset 0.447ms
[269.348s][info][gc,start      ] GC(37) Pause Init Mark
[269.348s][info][gc,task       ] GC(37) Using 1 of 1 workers for init marking
[269.349s][info][gc,ergo       ] GC(37) Pacer for Mark. Expected Live: 182M, Free: 222M, Non-Taxable: 22751K, Alloc Tax Rate: 1.0x
[269.349s][info][gc            ] GC(37) Pause Init Mark 1.445ms
[269.349s][info][gc,start      ] GC(37) Concurrent marking
[269.349s][info][gc,task       ] GC(37) Using 1 of 1 workers for concurrent marking
[270.705s][info][gc            ] GC(37) Concurrent marking 1356.017ms
[270.705s][info][gc,start      ] GC(37) Pause Final Mark
[270.705s][info][gc,task       ] GC(37) Using 1 of 1 workers for final marking
[270.706s][info][gc,ergo       ] GC(37) Collectable Garbage: 527M (92%), Immediate: 527M (92%), CSet: 0B (0%)
[270.706s][info][gc            ] GC(37) Pause Final Mark 0.448ms
[270.706s][info][gc,start      ] GC(37) Concurrent cleanup
[270.706s][info][gc            ] GC(37) Concurrent cleanup 765M->238M(801M) 0.154ms
[270.706s][info][gc,ergo       ] GC(37) Free: 709M, Max: 256K regular, 229M humongous, Frag: 68% external, 0% internal; Reserve: 51200K, Max: 256K
[270.706s][info][gc,ergo       ] Free: 709M, Max: 256K regular, 229M humongous, Frag: 68% external, 0% internal; Reserve: 51200K, Max: 256K
[270.706s][info][gc,stats      ] 
[270.706s][info][gc,stats      ] All times are wall-clock times, except per-root-class counters, that are sum over
[270.706s][info][gc,stats      ] all workers. Dividing the <total> over the root stage time estimates parallelism.
[270.706s][info][gc,stats      ] 
[270.706s][info][gc,stats      ] Concurrent Reset                    431 us
[270.706s][info][gc,stats      ] Pause Init Mark (G)                7639 us
[270.706s][info][gc,stats      ] Pause Init Mark (N)                1393 us
[270.706s][info][gc,stats      ]   Accumulate Stats                    9 us
[270.706s][info][gc,stats      ]   Make Parsable                      13 us
[270.706s][info][gc,stats      ]   Update Region States               80 us
[270.706s][info][gc,stats      ]   Scan Roots                       1242 us, parallelism: 0.72x
[270.706s][info][gc,stats      ]     S: <total>                      900 us
[270.706s][info][gc,stats      ]     S: Thread Roots                 278 us, workers (us): 278, 
[270.706s][info][gc,stats      ]     S: Universe Roots                 3 us, workers (us):   3, 
[270.706s][info][gc,stats      ]     S: JNI Handles Roots              2 us, workers (us):   2, 
[270.706s][info][gc,stats      ]     S: Synchronizer Roots             0 us, workers (us):   0, 
[270.706s][info][gc,stats      ]     S: Management Roots               1 us, workers (us):   1, 
[270.706s][info][gc,stats      ]     S: System Dict Roots             12 us, workers (us):  12, 
[270.706s][info][gc,stats      ]     S: CLDG Roots                   603 us, workers (us): 603, 
[270.706s][info][gc,stats      ]     S: JVMTI Roots                    1 us, workers (us):   1, 
[270.706s][info][gc,stats      ]   Resize TLABs                        7 us
[270.706s][info][gc,stats      ] Concurrent Marking              1356008 us
[270.706s][info][gc,stats      ] Pause Final Mark (G)                524 us
[270.706s][info][gc,stats      ] Pause Final Mark (N)                438 us
[270.706s][info][gc,stats      ]   Finish Queues                      17 us
[270.706s][info][gc,stats      ]   System Purge                      301 us
[270.706s][info][gc,stats      ]     Weak Roots                      301 us
[270.706s][info][gc,stats      ]   Update Region States               54 us
[270.706s][info][gc,stats      ]   Retire TLABs                       11 us
[270.706s][info][gc,stats      ]   Choose Collection Set              34 us
[270.706s][info][gc,stats      ]   Rebuild Free Set                   15 us
[270.706s][info][gc,stats      ] Concurrent Cleanup                  147 us
[270.706s][info][gc,stats      ] Pacing                           410422 us
[270.706s][info][gc,stats      ] 
[270.706s][info][gc,stats      ] Allocation pacing accrued:
[270.706s][info][gc,stats      ]      14 of  7568 ms (  0.2%): RemoteBlock-temp-file-clean-thread
[270.706s][info][gc,stats      ]     397 of  7568 ms (  5.2%): Executor task launch worker for task 1.0 in stage 16.0 (TID 28)
[270.706s][info][gc,stats      ]     410 of  7568 ms (  5.4%): <total>
[270.706s][info][gc,stats      ]       7 of  7568 ms (  0.1%): <average total>
[270.706s][info][gc,stats      ]     205 of  7568 ms (  2.7%): <average non-zero>
[270.706s][info][gc,stats      ] 
[270.706s][info][gc,metaspace  ] Metaspace: 66301K->66306K(1107968K)
[270.706s][info][gc,ergo       ] Pacer for Idle. Initial: 20480K, Alloc Tax Rate: 1.0x
[280.951s][info][gc            ] Trigger: Average GC time (2398.48 ms) is above the time for allocation rate (51551 KB/s) to deplete free headroom (119M)
[280.952s][info][gc,ergo       ] Free headroom: 169M (free) - 51200K (spike) - 0B (penalties) = 119M
[280.952s][info][gc,ergo       ] Free: 169M, Max: 256K regular, 149M humongous, Frag: 12% external, 0% internal; Reserve: 51200K, Max: 256K
[280.952s][info][gc,start      ] GC(38) Concurrent reset
[280.952s][info][gc,task       ] GC(38) Using 1 of 1 workers for concurrent reset
[280.952s][info][gc,ergo       ] GC(38) Pacer for Reset. Non-Taxable: 1000M
[280.952s][info][gc            ] GC(38) Concurrent reset 0.369ms
[280.953s][info][gc,start      ] GC(38) Pause Init Mark
[280.953s][info][gc,task       ] GC(38) Using 1 of 1 workers for init marking
[280.956s][info][gc,ergo       ] GC(38) Pacer for Mark. Expected Live: 174M, Free: 169M, Non-Taxable: 17375K, Alloc Tax Rate: 1.3x
[280.956s][info][gc            ] GC(38) Pause Init Mark 3.813ms
[280.956s][info][gc,start      ] GC(38) Concurrent marking
[280.956s][info][gc,task       ] GC(38) Using 1 of 1 workers for concurrent marking
[282.254s][info][gc            ] GC(38) Concurrent marking 1297.669ms
[282.254s][info][gc,start      ] GC(38) Pause Final Mark
[282.254s][info][gc,task       ] GC(38) Using 1 of 1 workers for final marking
[282.255s][info][gc,ergo       ] GC(38) Collectable Garbage: 569M (92%), Immediate: 569M (92%), CSet: 0B (0%)
[282.255s][info][gc            ] GC(38) Pause Final Mark 0.489ms
[282.255s][info][gc,start      ] GC(38) Concurrent cleanup
[282.255s][info][gc            ] GC(38) Concurrent cleanup 796M->226M(866M) 0.224ms
[282.255s][info][gc,ergo       ] GC(38) Free: 721M, Max: 256K regular, 125M humongous, Frag: 83% external, 0% internal; Reserve: 51200K, Max: 256K
[282.255s][info][gc,ergo       ] Free: 721M, Max: 256K regular, 125M humongous, Frag: 83% external, 0% internal; Reserve: 51200K, Max: 256K
[282.255s][info][gc,stats      ] 
[282.255s][info][gc,stats      ] All times are wall-clock times, except per-root-class counters, that are sum over
[282.255s][info][gc,stats      ] all workers. Dividing the <total> over the root stage time estimates parallelism.
[282.255s][info][gc,stats      ] 
[282.255s][info][gc,stats      ] Concurrent Reset                    353 us
[282.255s][info][gc,stats      ] Pause Init Mark (G)                4304 us
[282.255s][info][gc,stats      ] Pause Init Mark (N)                3790 us
[282.255s][info][gc,stats      ]   Accumulate Stats                    7 us
[282.255s][info][gc,stats      ]   Make Parsable                      12 us
[282.255s][info][gc,stats      ]   Update Region States               42 us
[282.255s][info][gc,stats      ]   Scan Roots                       3655 us, parallelism: 0.25x
[282.255s][info][gc,stats      ]     S: <total>                      928 us
[282.255s][info][gc,stats      ]     S: Thread Roots                 274 us, workers (us): 274, 
[282.255s][info][gc,stats      ]     S: Universe Roots                 3 us, workers (us):   3, 
[282.255s][info][gc,stats      ]     S: JNI Handles Roots              2 us, workers (us):   2, 
[282.255s][info][gc,stats      ]     S: Synchronizer Roots             0 us, workers (us):   0, 
[282.255s][info][gc,stats      ]     S: Management Roots               1 us, workers (us):   1, 
[282.255s][info][gc,stats      ]     S: System Dict Roots             13 us, workers (us):  13, 
[282.255s][info][gc,stats      ]     S: CLDG Roots                   634 us, workers (us): 634, 
[282.255s][info][gc,stats      ]     S: JVMTI Roots                    1 us, workers (us):   1, 
[282.255s][info][gc,stats      ]   Resize TLABs                       19 us
[282.255s][info][gc,stats      ] Concurrent Marking              1297659 us
[282.255s][info][gc,stats      ] Pause Final Mark (G)                568 us
[282.255s][info][gc,stats      ] Pause Final Mark (N)                457 us
[282.255s][info][gc,stats      ]   Finish Queues                      17 us
[282.255s][info][gc,stats      ]   System Purge                      294 us
[282.255s][info][gc,stats      ]     Weak Roots                      294 us
[282.255s][info][gc,stats      ]   Update Region States               61 us
[282.255s][info][gc,stats      ]   Retire TLABs                       11 us
[282.255s][info][gc,stats      ]   Choose Collection Set              47 us
[282.255s][info][gc,stats      ]   Rebuild Free Set                   15 us
[282.255s][info][gc,stats      ] Concurrent Cleanup                  216 us
[282.255s][info][gc,stats      ] Pacing                           341729 us
[282.255s][info][gc,stats      ] 
[282.255s][info][gc,stats      ] Allocation pacing accrued:
[282.255s][info][gc,stats      ]     342 of 11549 ms (  3.0%): Executor task launch worker for task 1.0 in stage 24.0 (TID 34)
[282.255s][info][gc,stats      ]     342 of 11549 ms (  3.0%): <total>
[282.255s][info][gc,stats      ]       6 of 11549 ms (  0.1%): <average total>
[282.255s][info][gc,stats      ]     342 of 11549 ms (  3.0%): <average non-zero>
[282.255s][info][gc,stats      ] 
[282.255s][info][gc,metaspace  ] Metaspace: 66460K->66462K(1107968K)
[282.255s][info][gc,ergo       ] Pacer for Idle. Initial: 20480K, Alloc Tax Rate: 1.0x
[288.027s][info][gc            ] Trigger: Average GC time (2068.04 ms) is above the time for allocation rate (78729 KB/s) to deplete free headroom (157M)
[288.027s][info][gc,ergo       ] Free headroom: 207M (free) - 51200K (spike) - 0B (penalties) = 157M
[288.027s][info][gc,ergo       ] Free: 207M, Max: 256K regular, 125M humongous, Frag: 40% external, 0% internal; Reserve: 51200K, Max: 256K
[288.027s][info][gc,start      ] GC(39) Concurrent reset
[288.027s][info][gc,task       ] GC(39) Using 1 of 1 workers for concurrent reset
[288.027s][info][gc,ergo       ] GC(39) Pacer for Reset. Non-Taxable: 1000M
[288.028s][info][gc            ] GC(39) Concurrent reset 0.453ms
[288.034s][info][gc,start      ] GC(39) Pause Init Mark
[288.034s][info][gc,task       ] GC(39) Using 1 of 1 workers for init marking
[288.036s][info][gc,ergo       ] GC(39) Pacer for Mark. Expected Live: 166M, Free: 207M, Non-Taxable: 21296K, Alloc Tax Rate: 1.0x
[288.036s][info][gc            ] GC(39) Pause Init Mark 1.490ms
[288.036s][info][gc,start      ] GC(39) Concurrent marking
[288.036s][info][gc,task       ] GC(39) Using 1 of 1 workers for concurrent marking
[288.938s][info][gc            ] GC(39) Concurrent marking 902.839ms
[288.952s][info][gc,start      ] GC(39) Pause Final Mark
[288.952s][info][gc,task       ] GC(39) Using 1 of 1 workers for final marking
[288.953s][info][gc,ergo       ] GC(39) Adaptive CSet Selection. Target Free: 141M, Actual Free: 668M, Max CSet: 42666K, Min Garbage: 0B
[288.953s][info][gc,ergo       ] GC(39) Collectable Garbage: 552M (99%), Immediate: 467M (84%), CSet: 86359K (15%)
[288.963s][info][gc,ergo       ] GC(39) Pacer for Evacuation. Used CSet: 97972K, Free: 628M, Non-Taxable: 64326K, Alloc Tax Rate: 1.1x
[288.963s][info][gc            ] GC(39) Pause Final Mark 10.914ms
[288.974s][info][gc,start      ] GC(39) Concurrent cleanup
[288.974s][info][gc            ] GC(39) Concurrent cleanup 786M->320M(866M) 0.212ms
[288.974s][info][gc,ergo       ] GC(39) Free: 626M, Max: 256K regular, 132M humongous, Frag: 79% external, 0% internal; Reserve: 51163K, Max: 256K
[288.974s][info][gc,start      ] GC(39) Concurrent evacuation
[288.974s][info][gc,task       ] GC(39) Using 1 of 1 workers for concurrent evacuation
[289.132s][info][gc            ] GC(39) Concurrent evacuation 157.468ms
[289.142s][info][gc,start      ] GC(39) Pause Init Update Refs
[289.142s][info][gc,ergo       ] GC(39) Pacer for Update Refs. Used: 341M, Free: 616M, Non-Taxable: 63148K, Alloc Tax Rate: 1.1x
[289.142s][info][gc            ] GC(39) Pause Init Update Refs 0.072ms
[289.142s][info][gc,start      ] GC(39) Concurrent update references
[289.142s][info][gc,task       ] GC(39) Using 1 of 1 workers for concurrent reference update
[290.047s][info][gc            ] GC(39) Concurrent update references 904.710ms
[290.056s][info][gc,start      ] GC(39) Pause Final Update Refs
[290.056s][info][gc,task       ] GC(39) Using 1 of 1 workers for final reference update
[290.056s][info][gc            ] GC(39) Pause Final Update Refs 0.455ms
[290.056s][info][gc,start      ] GC(39) Concurrent cleanup
[290.056s][info][gc            ] GC(39) Concurrent cleanup 401M->305M(866M) 0.089ms
[290.056s][info][gc,ergo       ] Free: 640M, Max: 256K regular, 198M humongous, Frag: 69% external, 0% internal; Reserve: 51200K, Max: 256K
[290.056s][info][gc,stats      ] 
[290.056s][info][gc,stats      ] All times are wall-clock times, except per-root-class counters, that are sum over
[290.056s][info][gc,stats      ] all workers. Dividing the <total> over the root stage time estimates parallelism.
[290.056s][info][gc,stats      ] 
[290.056s][info][gc,stats      ] Concurrent Reset                    438 us
[290.056s][info][gc,stats      ] Pause Init Mark (G)                7717 us
[290.056s][info][gc,stats      ] Pause Init Mark (N)                1438 us
[290.056s][info][gc,stats      ]   Accumulate Stats                    9 us
[290.056s][info][gc,stats      ]   Make Parsable                      13 us
[290.056s][info][gc,stats      ]   Update Region States               58 us
[290.056s][info][gc,stats      ]   Scan Roots                       1309 us, parallelism: 0.77x
[290.056s][info][gc,stats      ]     S: <total>                     1010 us
[290.056s][info][gc,stats      ]     S: Thread Roots                 341 us, workers (us): 341, 
[290.056s][info][gc,stats      ]     S: Universe Roots                 3 us, workers (us):   3, 
[290.056s][info][gc,stats      ]     S: JNI Handles Roots              2 us, workers (us):   2, 
[290.056s][info][gc,stats      ]     S: Synchronizer Roots             0 us, workers (us):   0, 
[290.056s][info][gc,stats      ]     S: Management Roots               2 us, workers (us):   2, 
[290.056s][info][gc,stats      ]     S: System Dict Roots             12 us, workers (us):  12, 
[290.056s][info][gc,stats      ]     S: CLDG Roots                   650 us, workers (us): 650, 
[290.056s][info][gc,stats      ]     S: JVMTI Roots                    0 us, workers (us):   0, 
[290.056s][info][gc,stats      ]   Resize TLABs                        7 us
[290.056s][info][gc,stats      ] Concurrent Marking               902829 us
[290.056s][info][gc,stats      ] Pause Final Mark (G)              26329 us
[290.056s][info][gc,stats      ] Pause Final Mark (N)              10755 us
[290.056s][info][gc,stats      ]   Finish Queues                      30 us
[290.056s][info][gc,stats      ]   System Purge                      319 us
[290.056s][info][gc,stats      ]     Weak Roots                      318 us
[290.056s][info][gc,stats      ]   Update Region States               47 us
[290.056s][info][gc,stats      ]   Retire TLABs                        9 us
[290.057s][info][gc,stats      ]   Choose Collection Set             154 us
[290.057s][info][gc,stats      ]   Rebuild Free Set                   15 us
[290.057s][info][gc,stats      ]   Initial Evacuation              10163 us, parallelism: 0.12x
[290.057s][info][gc,stats      ]     E: <total>                     1210 us
[290.057s][info][gc,stats      ]     E: Thread Roots                 293 us, workers (us): 293, 
[290.057s][info][gc,stats      ]     E: Code Cache Roots             340 us, workers (us): 340, 
[290.057s][info][gc,stats      ]     E: Universe Roots                 1 us, workers (us):   1, 
[290.057s][info][gc,stats      ]     E: JNI Handles Roots              1 us, workers (us):   1, 
[290.057s][info][gc,stats      ]     E: Synchronizer Roots             0 us, workers (us):   0, 
[290.057s][info][gc,stats      ]     E: Management Roots               2 us, workers (us):   2, 
[290.057s][info][gc,stats      ]     E: System Dict Roots             11 us, workers (us):  11, 
[290.057s][info][gc,stats      ]     E: CLDG Roots                   562 us, workers (us): 562, 
[290.057s][info][gc,stats      ]     E: JVMTI Roots                    1 us, workers (us):   1, 
[290.057s][info][gc,stats      ] Concurrent Cleanup                  147 us
[290.057s][info][gc,stats      ] Concurrent Evacuation            157456 us
[290.057s][info][gc,stats      ] Pause Init  Update Refs (G)       10490 us
[290.057s][info][gc,stats      ] Pause Init  Update Refs (N)          18 us
[290.057s][info][gc,stats      ]   Retire GCLABs                       9 us
[290.057s][info][gc,stats      ] Concurrent Update Refs           904691 us
[290.057s][info][gc,stats      ] Pause Final Update Refs (G)        5422 us
[290.057s][info][gc,stats      ] Pause Final Update Refs (N)         335 us
[290.057s][info][gc,stats      ]   Update Roots                      256 us, parallelism: 0.96x
[290.057s][info][gc,stats      ]     UR: <total>                     246 us
[290.057s][info][gc,stats      ]     UR: Thread Roots                246 us, workers (us): 246, 
[290.057s][info][gc,stats      ]   Update Region States               46 us
[290.057s][info][gc,stats      ]   Trash Collection Set                5 us
[290.057s][info][gc,stats      ]   Rebuild Free Set                   15 us
[290.057s][info][gc,stats      ] Concurrent Cleanup                   81 us
[290.057s][info][gc,stats      ] Pacing                          1408568 us
[290.057s][info][gc,stats      ] 
[290.057s][info][gc,stats      ] Allocation pacing accrued:
[290.057s][info][gc,stats      ]     712 of  7801 ms (  9.1%): Executor task launch worker for task 1.0 in stage 25.0 (TID 37)
[290.057s][info][gc,stats      ]     696 of  7801 ms (  8.9%): task-result-getter-0
[290.057s][info][gc,stats      ]    1409 of  7801 ms ( 18.1%): <total>
[290.057s][info][gc,stats      ]      22 of  7801 ms (  0.3%): <average total>
[290.057s][info][gc,stats      ]     704 of  7801 ms (  9.0%): <average non-zero>
[290.057s][info][gc,stats      ] 
[290.057s][info][gc,metaspace  ] Metaspace: 66518K->66522K(1107968K)
[290.057s][info][gc,ergo       ] Pacer for Idle. Initial: 20480K, Alloc Tax Rate: 1.0x
[295.258s][info][gc            ] Trigger: Average GC time (1950.91 ms) is above the time for allocation rate (80870 KB/s) to deplete free headroom (148M)
[295.266s][info][gc,ergo       ] Free headroom: 198M (free) - 51200K (spike) - 0B (penalties) = 148M
[295.266s][info][gc,ergo       ] Free: 198M, Max: 256K regular, 149M humongous, Frag: 25% external, 0% internal; Reserve: 51200K, Max: 256K
[295.266s][info][gc,start      ] GC(40) Concurrent reset
[295.266s][info][gc,task       ] GC(40) Using 1 of 1 workers for concurrent reset
[295.266s][info][gc,ergo       ] GC(40) Pacer for Reset. Non-Taxable: 1000M
[295.267s][info][gc            ] GC(40) Concurrent reset 0.458ms
[295.270s][info][gc,start      ] GC(40) Pause Init Mark (process weakrefs)
[295.270s][info][gc,task       ] GC(40) Using 1 of 1 workers for init marking
[295.272s][info][gc,ergo       ] GC(40) Pacer for Mark. Expected Live: 165M, Free: 198M, Non-Taxable: 20294K, Alloc Tax Rate: 1.0x
[295.272s][info][gc            ] GC(40) Pause Init Mark (process weakrefs) 1.755ms
[295.272s][info][gc,start      ] GC(40) Concurrent marking (process weakrefs)
[295.272s][info][gc,task       ] GC(40) Using 1 of 1 workers for concurrent marking
[296.849s][info][gc            ] GC(40) Concurrent marking (process weakrefs) 1576.890ms
[296.863s][info][gc,start      ] GC(40) Concurrent precleaning
[296.863s][info][gc,task       ] GC(40) Using 1 of 1 workers for concurrent preclean
[296.863s][info][gc,ergo       ] GC(40) Pacer for Precleaning. Non-Taxable: 1000M
[296.863s][info][gc            ] GC(40) Concurrent precleaning 0.679ms
[296.870s][info][gc,start      ] GC(40) Pause Final Mark (process weakrefs)
[296.870s][info][gc,task       ] GC(40) Using 1 of 1 workers for final marking
[296.870s][info][gc,ergo       ] GC(40) Adaptive CSet Selection. Target Free: 141M, Actual Free: 487M, Max CSet: 42666K, Min Garbage: 0B
[296.870s][info][gc,ergo       ] GC(40) Collectable Garbage: 538M (99%), Immediate: 291M (53%), CSet: 246M (45%)
[296.872s][info][gc,ergo       ] GC(40) Pacer for Evacuation. Used CSet: 280M, Free: 451M, Non-Taxable: 46278K, Alloc Tax Rate: 1.5x
[296.872s][info][gc            ] GC(40) Pause Final Mark (process weakrefs) 2.615ms
[296.872s][info][gc,start      ] GC(40) Concurrent cleanup
[296.872s][info][gc            ] GC(40) Concurrent cleanup 785M->493M(866M) 0.161ms
[296.872s][info][gc,ergo       ] GC(40) Free: 451M, Max: 256K regular, 142M humongous, Frag: 69% external, 0% internal; Reserve: 51193K, Max: 256K
[296.872s][info][gc,start      ] GC(40) Concurrent evacuation
[296.872s][info][gc,task       ] GC(40) Using 1 of 1 workers for concurrent evacuation
[297.323s][info][gc            ] GC(40) Concurrent evacuation 450.685ms
[297.333s][info][gc,start      ] GC(40) Pause Init Update Refs
[297.333s][info][gc,ergo       ] GC(40) Pacer for Update Refs. Used: 567M, Free: 410M, Non-Taxable: 42077K, Alloc Tax Rate: 1.7x
[297.333s][info][gc            ] GC(40) Pause Init Update Refs 0.070ms
[297.333s][info][gc,start      ] GC(40) Concurrent update references
[297.333s][info][gc,task       ] GC(40) Using 1 of 1 workers for concurrent reference update
[298.634s][info][gc            ] GC(40) Concurrent update references 1300.570ms
[298.642s][info][gc,start      ] GC(40) Pause Final Update Refs
[298.642s][info][gc,task       ] GC(40) Using 1 of 1 workers for final reference update
[298.647s][info][gc            ] GC(40) Pause Final Update Refs 5.902ms
[298.647s][info][gc,start      ] GC(40) Concurrent cleanup
[298.648s][info][gc            ] GC(40) Concurrent cleanup 698M->418M(866M) 0.120ms
[298.648s][info][gc,ergo       ] Free: 525M, Max: 256K regular, 119M humongous, Frag: 78% external, 3% internal; Reserve: 51200K, Max: 256K
[298.648s][info][gc,stats      ] 
[298.648s][info][gc,stats      ] All times are wall-clock times, except per-root-class counters, that are sum over
[298.648s][info][gc,stats      ] all workers. Dividing the <total> over the root stage time estimates parallelism.
[298.648s][info][gc,stats      ] 
[298.648s][info][gc,stats      ] Concurrent Reset                    441 us
[298.648s][info][gc,stats      ] Pause Init Mark (G)                5054 us
[298.648s][info][gc,stats      ] Pause Init Mark (N)                1706 us
[298.648s][info][gc,stats      ]   Accumulate Stats                    9 us
[298.648s][info][gc,stats      ]   Make Parsable                      14 us
[298.648s][info][gc,stats      ]   Update Region States               53 us
[298.648s][info][gc,stats      ]   Scan Roots                       1571 us, parallelism: 0.81x
[298.648s][info][gc,stats      ]     S: <total>                     1272 us
[298.648s][info][gc,stats      ]     S: Thread Roots                 591 us, workers (us): 591, 
[298.648s][info][gc,stats      ]     S: Universe Roots                 3 us, workers (us):   3, 
[298.648s][info][gc,stats      ]     S: JNI Handles Roots              2 us, workers (us):   2, 
[298.648s][info][gc,stats      ]     S: Synchronizer Roots             0 us, workers (us):   0, 
[298.648s][info][gc,stats      ]     S: Management Roots               2 us, workers (us):   2, 
[298.648s][info][gc,stats      ]     S: System Dict Roots             11 us, workers (us):  11, 
[298.648s][info][gc,stats      ]     S: CLDG Roots                   664 us, workers (us): 664, 
[298.648s][info][gc,stats      ]     S: JVMTI Roots                    1 us, workers (us):   1, 
[298.648s][info][gc,stats      ]   Resize TLABs                        7 us
[298.648s][info][gc,stats      ] Concurrent Marking              1576880 us
[298.648s][info][gc,stats      ] Concurrent Precleaning              627 us
[298.648s][info][gc,stats      ] Pause Final Mark (G)               8854 us
[298.648s][info][gc,stats      ] Pause Final Mark (N)               2559 us
[298.648s][info][gc,stats      ]   Finish Queues                      26 us
[298.648s][info][gc,stats      ]   Weak References                    52 us
[298.648s][info][gc,stats      ]     Process                          48 us
[298.648s][info][gc,stats      ]   System Purge                      304 us
[298.648s][info][gc,stats      ]     Weak Roots                      304 us
[298.648s][info][gc,stats      ]   Update Region States               65 us
[298.648s][info][gc,stats      ]   Retire TLABs                       14 us
[298.648s][info][gc,stats      ]   Choose Collection Set             234 us
[298.648s][info][gc,stats      ]   Rebuild Free Set                   14 us
[298.648s][info][gc,stats      ]   Initial Evacuation               1841 us, parallelism: 0.63x
[298.648s][info][gc,stats      ]     E: <total>                     1163 us
[298.648s][info][gc,stats      ]     E: Thread Roots                 279 us, workers (us): 279, 
[298.648s][info][gc,stats      ]     E: Code Cache Roots             320 us, workers (us): 320, 
[298.648s][info][gc,stats      ]     E: Universe Roots                 1 us, workers (us):   1, 
[298.648s][info][gc,stats      ]     E: JNI Handles Roots              1 us, workers (us):   1, 
[298.648s][info][gc,stats      ]     E: Synchronizer Roots             0 us, workers (us):   0, 
[298.648s][info][gc,stats      ]     E: Management Roots               1 us, workers (us):   1, 
[298.648s][info][gc,stats      ]     E: System Dict Roots             11 us, workers (us):  11, 
[298.648s][info][gc,stats      ]     E: CLDG Roots                   549 us, workers (us): 549, 
[298.648s][info][gc,stats      ]     E: JVMTI Roots                    0 us, workers (us):   0, 
[298.648s][info][gc,stats      ] Concurrent Cleanup                  151 us
[298.648s][info][gc,stats      ] Concurrent Evacuation            450672 us
[298.648s][info][gc,stats      ] Pause Init  Update Refs (G)        9737 us
[298.648s][info][gc,stats      ] Pause Init  Update Refs (N)          18 us
[298.648s][info][gc,stats      ]   Retire GCLABs                      10 us
[298.648s][info][gc,stats      ] Concurrent Update Refs          1300554 us
[298.648s][info][gc,stats      ] Pause Final Update Refs (G)       10972 us
[298.648s][info][gc,stats      ] Pause Final Update Refs (N)        5848 us
[298.648s][info][gc,stats      ]   Update Roots                     5741 us, parallelism: 0.06x
[298.648s][info][gc,stats      ]     UR: <total>                     327 us
[298.648s][info][gc,stats      ]     UR: Thread Roots                327 us, workers (us): 327, 
[298.648s][info][gc,stats      ]   Update Region States               67 us
[298.648s][info][gc,stats      ]   Trash Collection Set                7 us
[298.648s][info][gc,stats      ]   Rebuild Free Set                   15 us
[298.648s][info][gc,stats      ] Concurrent Cleanup                  110 us
[298.648s][info][gc,stats      ] Pacing                           531714 us
[298.648s][info][gc,stats      ] 
[298.648s][info][gc,stats      ] Allocation pacing accrued:
[298.648s][info][gc,stats      ]      12 of  8591 ms (  0.1%): C1 CompilerThread0
[298.648s][info][gc,stats      ]      30 of  8591 ms (  0.3%): dispatcher-event-loop-0
[298.648s][info][gc,stats      ]      21 of  8591 ms (  0.2%): dispatcher-BlockManagerMaster
[298.648s][info][gc,stats      ]      19 of  8591 ms (  0.2%): netty-rpc-env-timeout
[298.648s][info][gc,stats      ]      16 of  8591 ms (  0.2%): dag-scheduler-event-loop
[298.648s][info][gc,stats      ]     311 of  8591 ms (  3.6%): task-result-getter-2
[298.648s][info][gc,stats      ]      12 of  8591 ms (  0.1%): Executor task launch worker for task 2.0 in stage 25.0 (TID 38)
[298.648s][info][gc,stats      ]      44 of  8591 ms (  0.5%): shuffle-client-5-1
[298.648s][info][gc,stats      ]      66 of  8591 ms (  0.8%): shuffle-server-7-1
[298.648s][info][gc,stats      ]     532 of  8591 ms (  6.2%): <total>
[298.648s][info][gc,stats      ]       6 of  8591 ms (  0.1%): <average total>
[298.648s][info][gc,stats      ]      59 of  8591 ms (  0.7%): <average non-zero>
[298.648s][info][gc,stats      ] 
[298.648s][info][gc,metaspace  ] Metaspace: 66556K->66629K(1107968K)
[298.648s][info][gc,ergo       ] Pacer for Idle. Initial: 20480K, Alloc Tax Rate: 1.0x
[300.131s][info][gc            ] Trigger: Average GC time (2170.95 ms) is above the time for allocation rate (101987 KB/s) to deplete free headroom (216M)
[300.131s][info][gc,ergo       ] Free headroom: 266M (free) - 51200K (spike) - 0B (penalties) = 216M
[300.131s][info][gc,ergo       ] Free: 266M, Max: 256K regular, 119M humongous, Frag: 56% external, 0% internal; Reserve: 51200K, Max: 256K
[300.131s][info][gc,start      ] GC(41) Concurrent reset
[300.131s][info][gc,task       ] GC(41) Using 1 of 1 workers for concurrent reset
[300.132s][info][gc,ergo       ] GC(41) Pacer for Reset. Non-Taxable: 1000M
[300.132s][info][gc            ] GC(41) Concurrent reset 1.150ms
[300.152s][info][gc,start      ] GC(41) Pause Init Mark
[300.152s][info][gc,task       ] GC(41) Using 1 of 1 workers for init marking
[300.153s][info][gc,ergo       ] GC(41) Pacer for Mark. Expected Live: 169M, Free: 266M, Non-Taxable: 27257K, Alloc Tax Rate: 0.8x
[300.153s][info][gc            ] GC(41) Pause Init Mark 1.553ms
[300.153s][info][gc,start      ] GC(41) Concurrent marking
[300.153s][info][gc,task       ] GC(41) Using 1 of 1 workers for concurrent marking
[301.705s][info][gc            ] GC(41) Concurrent marking 1551.706ms
[301.706s][info][gc,start      ] GC(41) Pause Final Mark
[301.711s][info][gc,task       ] GC(41) Using 1 of 1 workers for final marking
[301.712s][info][gc,ergo       ] GC(41) Adaptive CSet Selection. Target Free: 141M, Actual Free: 641M, Max CSet: 42666K, Min Garbage: 0B
[301.712s][info][gc,ergo       ] GC(41) Collectable Garbage: 470M (98%), Immediate: 374M (78%), CSet: 98490K (20%)
[301.714s][info][gc,ergo       ] GC(41) Pacer for Evacuation. Used CSet: 115M, Free: 596M, Non-Taxable: 61101K, Alloc Tax Rate: 1.1x
[301.714s][info][gc            ] GC(41) Pause Final Mark 7.960ms
[301.714s][info][gc,start      ] GC(41) Concurrent cleanup
[301.714s][info][gc            ] GC(41) Concurrent cleanup 726M->351M(866M) 0.171ms
[301.714s][info][gc,ergo       ] GC(41) Free: 596M, Max: 256K regular, 128M humongous, Frag: 79% external, 0% internal; Reserve: 51169K, Max: 256K
[301.714s][info][gc,start      ] GC(41) Concurrent evacuation
[301.714s][info][gc,task       ] GC(41) Using 1 of 1 workers for concurrent evacuation
[301.990s][info][gc            ] GC(41) Concurrent evacuation 275.503ms
[301.998s][info][gc,start      ] GC(41) Pause Init Update Refs
[301.998s][info][gc,ergo       ] GC(41) Pacer for Update Refs. Used: 417M, Free: 549M, Non-Taxable: 56316K, Alloc Tax Rate: 1.1x
[301.998s][info][gc            ] GC(41) Pause Init Update Refs 0.084ms
[301.998s][info][gc,start      ] GC(41) Concurrent update references
[301.998s][info][gc,task       ] GC(41) Using 1 of 1 workers for concurrent reference update
[303.335s][info][gc            ] GC(41) Concurrent update references 1337.456ms
[303.335s][info][gc,start      ] GC(41) Pause Final Update Refs
[303.335s][info][gc,task       ] GC(41) Using 1 of 1 workers for final reference update
[303.351s][info][gc            ] GC(41) Pause Final Update Refs 15.383ms
[303.352s][info][gc,start      ] GC(41) Concurrent cleanup
[303.352s][info][gc            ] GC(41) Concurrent cleanup 602M->487M(866M) 0.123ms
[303.352s][info][gc,ergo       ] Free: 460M, Max: 256K regular, 159M humongous, Frag: 66% external, 0% internal; Reserve: 51200K, Max: 256K
[303.352s][info][gc,stats      ] 
[303.352s][info][gc,stats      ] All times are wall-clock times, except per-root-class counters, that are sum over
[303.352s][info][gc,stats      ] all workers. Dividing the <total> over the root stage time estimates parallelism.
[303.352s][info][gc,stats      ] 
[303.352s][info][gc,stats      ] Concurrent Reset                    920 us
[303.352s][info][gc,stats      ] Pause Init Mark (G)               20899 us
[303.352s][info][gc,stats      ] Pause Init Mark (N)                1490 us
[303.352s][info][gc,stats      ]   Accumulate Stats                   12 us
[303.352s][info][gc,stats      ]   Make Parsable                      19 us
[303.352s][info][gc,stats      ]   Update Region States               60 us
[303.352s][info][gc,stats      ]   Scan Roots                       1339 us, parallelism: 0.77x
[303.352s][info][gc,stats      ]     S: <total>                     1037 us
[303.352s][info][gc,stats      ]     S: Thread Roots                 380 us, workers (us): 380, 
[303.352s][info][gc,stats      ]     S: Universe Roots                 3 us, workers (us):   3, 
[303.352s][info][gc,stats      ]     S: JNI Handles Roots              2 us, workers (us):   2, 
[303.352s][info][gc,stats      ]     S: Synchronizer Roots             0 us, workers (us):   0, 
[303.352s][info][gc,stats      ]     S: Management Roots               1 us, workers (us):   1, 
[303.352s][info][gc,stats      ]     S: System Dict Roots             11 us, workers (us):  11, 
[303.352s][info][gc,stats      ]     S: CLDG Roots                   639 us, workers (us): 639, 
[303.352s][info][gc,stats      ]     S: JVMTI Roots                    1 us, workers (us):   1, 
[303.352s][info][gc,stats      ]   Resize TLABs                       11 us
[303.352s][info][gc,stats      ] Concurrent Marking              1551682 us
[303.352s][info][gc,stats      ] Pause Final Mark (G)               8376 us
[303.352s][info][gc,stats      ] Pause Final Mark (N)               2676 us
[303.352s][info][gc,stats      ]   Finish Queues                      52 us
[303.352s][info][gc,stats      ]   System Purge                      305 us
[303.352s][info][gc,stats      ]     Weak Roots                      305 us
[303.352s][info][gc,stats      ]   Update Region States               47 us
[303.352s][info][gc,stats      ]   Retire TLABs                       13 us
[303.352s][info][gc,stats      ]   Choose Collection Set             165 us
[303.352s][info][gc,stats      ]   Rebuild Free Set                   15 us
[303.352s][info][gc,stats      ]   Initial Evacuation               2040 us, parallelism: 0.59x
[303.352s][info][gc,stats      ]     E: <total>                     1208 us
[303.352s][info][gc,stats      ]     E: Thread Roots                 345 us, workers (us): 345, 
[303.352s][info][gc,stats      ]     E: Code Cache Roots             342 us, workers (us): 342, 
[303.352s][info][gc,stats      ]     E: Universe Roots                 1 us, workers (us):   1, 
[303.352s][info][gc,stats      ]     E: JNI Handles Roots              1 us, workers (us):   1, 
[303.352s][info][gc,stats      ]     E: Synchronizer Roots             0 us, workers (us):   0, 
[303.352s][info][gc,stats      ]     E: Management Roots               2 us, workers (us):   2, 
[303.352s][info][gc,stats      ]     E: System Dict Roots             10 us, workers (us):  10, 
[303.352s][info][gc,stats      ]     E: CLDG Roots                   506 us, workers (us): 506, 
[303.352s][info][gc,stats      ]     E: JVMTI Roots                    1 us, workers (us):   1, 
[303.352s][info][gc,stats      ] Concurrent Cleanup                  162 us
[303.352s][info][gc,stats      ] Concurrent Evacuation            275489 us
[303.352s][info][gc,stats      ] Pause Init  Update Refs (G)        5978 us
[303.352s][info][gc,stats      ] Pause Init  Update Refs (N)          19 us
[303.352s][info][gc,stats      ]   Retire GCLABs                       8 us
[303.352s][info][gc,stats      ] Concurrent Update Refs          1337440 us
[303.352s][info][gc,stats      ] Pause Final Update Refs (G)       16795 us
[303.352s][info][gc,stats      ] Pause Final Update Refs (N)       15344 us
[303.352s][info][gc,stats      ]   Update Roots                     9083 us, parallelism: 0.07x
[303.352s][info][gc,stats      ]     UR: <total>                     619 us
[303.352s][info][gc,stats      ]     UR: Thread Roots                619 us, workers (us): 619, 
[303.352s][info][gc,stats      ]   Update Region States             6202 us
[303.352s][info][gc,stats      ]   Trash Collection Set                6 us
[303.352s][info][gc,stats      ]   Rebuild Free Set                   17 us
[303.352s][info][gc,stats      ] Concurrent Cleanup                   87 us
[303.352s][info][gc,stats      ] Pacing                          1234884 us
[303.352s][info][gc,stats      ] 
[303.353s][info][gc,stats      ] Allocation pacing accrued:
[303.353s][info][gc,stats      ]    1235 of  4705 ms ( 26.2%): main
[303.353s][info][gc,stats      ]    1235 of  4705 ms ( 26.2%): <total>
[303.353s][info][gc,stats      ]      21 of  4705 ms (  0.5%): <average total>
[303.353s][info][gc,stats      ]    1235 of  4705 ms ( 26.2%): <average non-zero>
[303.353s][info][gc,stats      ] 
[303.353s][info][gc,metaspace  ] Metaspace: 66629K->66950K(1110016K)
[303.353s][info][gc,ergo       ] Pacer for Idle. Initial: 20480K, Alloc Tax Rate: 1.0x
[303.779s][info][gc            ] Cancelling GC: Stopping VM
[303.783s][info][gc,heap,exit  ] Heap
[303.783s][info][gc,heap,exit  ] Shenandoah Heap
[303.783s][info][gc,heap,exit  ]  1000M max, 1000M soft max, 866M committed, 496M used
[303.783s][info][gc,heap,exit  ]  4000 x 256K regions
[303.783s][info][gc,heap,exit  ] Status: cancelled
[303.783s][info][gc,heap,exit  ] Reserved region:
[303.783s][info][gc,heap,exit  ]  - [0x00000000c1800000, 0x0000000100000000) 
[303.783s][info][gc,heap,exit  ] Collection set:
[303.783s][info][gc,heap,exit  ]  - map (vanilla): 0x0000000000013060
[303.783s][info][gc,heap,exit  ]  - map (biased):  0x0000000000010000
[303.783s][info][gc,heap,exit  ] 
[303.783s][info][gc,heap,exit  ]  Metaspace       used 67139K, capacity 70875K, committed 71088K, reserved 1110016K
[303.783s][info][gc,heap,exit  ]   class space    used 9400K, capacity 11263K, committed 11264K, reserved 1048576K
[303.783s][info][gc,stats      ] 
[303.783s][info][gc,stats      ] GC STATISTICS:
[303.783s][info][gc,stats      ]   "(G)" (gross) pauses include VM time: time to notify and block threads, do the pre-
[303.783s][info][gc,stats      ]         and post-safepoint housekeeping. Use -XX:+PrintSafepointStatistics to dissect.
[303.783s][info][gc,stats      ]   "(N)" (net) pauses are the times spent in the actual GC code.
[303.783s][info][gc,stats      ]   "a" is average time for each phase, look at levels to see if average makes sense.
[303.783s][info][gc,stats      ]   "lvls" are quantiles: 0% (minimum), 25%, 50% (median), 75%, 100% (maximum).
[303.783s][info][gc,stats      ] 
[303.783s][info][gc,stats      ]   All times are wall-clock times, except per-root-class counters, that are sum over
[303.783s][info][gc,stats      ]   all workers. Dividing the <total> over the root stage time estimates parallelism.
[303.783s][info][gc,stats      ] 
[303.783s][info][gc,stats      ]   Pacing delays are measured from entering the pacing code till exiting it. Therefore,
[303.783s][info][gc,stats      ]   observed pacing delays may be higher than the threshold when paced thread spent more
[303.783s][info][gc,stats      ]   time in the pacing code. It usually happens when thread is de-scheduled while paced,
[303.783s][info][gc,stats      ]   OS takes longer to unblock the thread, or JVM experiences an STW pause.
[303.783s][info][gc,stats      ] 
[303.783s][info][gc,stats      ]   Higher delay would prevent application outpacing the GC, but it will hide the GC latencies
[303.783s][info][gc,stats      ]   from the STW pause times. Pacing affects the individual threads, and so it would also be
[303.783s][info][gc,stats      ]   invisible to the usual profiling tools, but would add up to end-to-end application latency.
[303.783s][info][gc,stats      ]   Raise max pacing delay with care.
[303.783s][info][gc,stats      ] 
[303.783s][info][gc,stats      ] Concurrent Reset               =    0.038 s (a =      915 us) (n =    42) (lvls, us =       86,      205,      504,      918,     6025)
[303.783s][info][gc,stats      ] Pause Init Mark (G)            =    0.419 s (a =     9982 us) (n =    42) (lvls, us =     1172,     5898,     9434,    12109,    24397)
[303.783s][info][gc,stats      ] Pause Init Mark (N)            =    0.079 s (a =     1880 us) (n =    42) (lvls, us =      742,     1133,     1367,     1484,     9495)
[303.783s][info][gc,stats      ]   Accumulate Stats             =    0.000 s (a =       10 us) (n =    42) (lvls, us =        3,        7,        8,       12,       30)
[303.783s][info][gc,stats      ]   Make Parsable                =    0.000 s (a =       11 us) (n =    42) (lvls, us =        4,        8,       11,       13,       21)
[303.783s][info][gc,stats      ]   Update Region States         =    0.010 s (a =      242 us) (n =    42) (lvls, us =       36,       52,       57,       65,     7789)
[303.783s][info][gc,stats      ]   Scan Roots                   =    0.066 s (a =     1567 us) (n =    42) (lvls, us =      652,     1035,     1230,     1328,     8654)
[303.783s][info][gc,stats      ]     S: <total>                 =    0.039 s (a =      926 us) (n =    42) (lvls, us =      438,      789,      906,     1016,     1516)
[303.783s][info][gc,stats      ]     S: Thread Roots            =    0.015 s (a =      353 us) (n =    42) (lvls, us =      168,      234,      328,      367,     1354)
[303.783s][info][gc,stats      ]     S: Universe Roots          =    0.000 s (a =        3 us) (n =    42) (lvls, us =        2,        2,        2,        2,       27)
[303.783s][info][gc,stats      ]     S: JNI Handles Roots       =    0.000 s (a =        2 us) (n =    42) (lvls, us =        1,        2,        2,        2,        6)
[303.783s][info][gc,stats      ]     S: Synchronizer Roots      =    0.000 s (a =        0 us) (n =    42) (lvls, us =        0,        0,        0,        0,        1)
[303.783s][info][gc,stats      ]     S: Management Roots        =    0.000 s (a =        2 us) (n =    42) (lvls, us =        1,        1,        2,        2,        4)
[303.783s][info][gc,stats      ]     S: System Dict Roots       =    0.001 s (a =       16 us) (n =    42) (lvls, us =        8,       11,       12,       13,       47)
[303.783s][info][gc,stats      ]     S: CLDG Roots              =    0.023 s (a =      549 us) (n =    42) (lvls, us =       77,      512,      600,      633,      855)
[303.783s][info][gc,stats      ]     S: JVMTI Roots             =    0.000 s (a =        1 us) (n =    42) (lvls, us =        0,        0,        1,        1,        1)
[303.783s][info][gc,stats      ]   Resize TLABs                 =    0.000 s (a =        7 us) (n =    42) (lvls, us =        1,        4,        7,        9,       21)
[303.783s][info][gc,stats      ] Concurrent Marking             =   49.246 s (a =  1172523 us) (n =    42) (lvls, us =    94336,   128906,  1269531,  1562500,  3619919)
[303.783s][info][gc,stats      ] Concurrent Precleaning         =    0.044 s (a =     4395 us) (n =    10) (lvls, us =      301,      430,      627,     2168,    18686)
[303.783s][info][gc,stats      ] Pause Final Mark (G)           =    0.529 s (a =    12598 us) (n =    42) (lvls, us =      398,      660,     7617,    11914,    94077)
[303.783s][info][gc,stats      ] Pause Final Mark (N)           =    0.438 s (a =    10421 us) (n =    42) (lvls, us =      336,      490,     2734,    10742,    93473)
[303.783s][info][gc,stats      ]   Finish Queues                =    0.001 s (a =       31 us) (n =    42) (lvls, us =        9,       14,       17,       30,      184)
[303.783s][info][gc,stats      ]   Weak References              =    0.001 s (a =      129 us) (n =    10) (lvls, us =       27,       32,       52,       80,      705)
[303.783s][info][gc,stats      ]     Process                    =    0.001 s (a =      126 us) (n =    10) (lvls, us =       25,       29,       48,       77,      701)
[303.783s][info][gc,stats      ]   System Purge                 =    0.016 s (a =      392 us) (n =    42) (lvls, us =      121,      254,      293,      309,     4512)
[303.783s][info][gc,stats      ]     Unload Classes             =    0.008 s (a =     2083 us) (n =     4) (lvls, us =      369,      369,      670,     1270,     6010)
[303.783s][info][gc,stats      ]     Cleanup                    =    0.213 s (a =    53134 us) (n =     4) (lvls, us =    17578,    17578,    41406,    61914,    91225)
[303.783s][info][gc,stats      ]       CU: <total>              =    0.193 s (a =    48266 us) (n =     4) (lvls, us =    17578,    17578,    41406,    55469,    78514)
[303.783s][info][gc,stats      ]       CU: Code Cache Roots     =    0.060 s (a =    15104 us) (n =     4) (lvls, us =     1855,     1855,     2480,    23438,    32528)
[303.783s][info][gc,stats      ]       CU: Code Cache Cleaning  =    0.016 s (a =     4004 us) (n =     4) (lvls, us =      590,      590,      705,      996,    13710)
[303.783s][info][gc,stats      ]       CU: String Table Roots   =    0.067 s (a =    16859 us) (n =     4) (lvls, us =      936,      936,    18359,    22070,    25967)
[303.783s][info][gc,stats      ]       CU: Resolved Table Roots =    0.000 s (a =       72 us) (n =     4) (lvls, us =       25,       25,       46,       77,      139)
[303.783s][info][gc,stats      ]       CU: CLDG Roots           =    0.049 s (a =    12226 us) (n =     4) (lvls, us =     8730,     8730,    12109,    13672,    14192)
[303.783s][info][gc,stats      ]     Weak Roots                 =    0.016 s (a =      392 us) (n =    42) (lvls, us =      121,      254,      293,      309,     4511)
[303.783s][info][gc,stats      ]     CLDG                       =    0.001 s (a =      131 us) (n =     4) (lvls, us =        1,        1,        1,      225,      296)
[303.783s][info][gc,stats      ]   Update Region States         =    0.021 s (a =      509 us) (n =    42) (lvls, us =       42,       47,       49,       60,    14412)
[303.783s][info][gc,stats      ]   Retire TLABs                 =    0.001 s (a =       13 us) (n =    42) (lvls, us =        6,        8,       11,       16,       28)
[303.783s][info][gc,stats      ]   Choose Collection Set        =    0.007 s (a =      170 us) (n =    42) (lvls, us =       18,       30,      148,      242,      491)
[303.783s][info][gc,stats      ]   Rebuild Free Set             =    0.001 s (a =       15 us) (n =    42) (lvls, us =       12,       13,       14,       15,       21)
[303.783s][info][gc,stats      ]   Initial Evacuation           =    0.167 s (a =     5964 us) (n =    28) (lvls, us =      887,     1973,     4785,     9629,    15876)
[303.783s][info][gc,stats      ]     E: <total>                 =    0.071 s (a =     2545 us) (n =    28) (lvls, us =      533,     1152,     1250,     1387,    11916)
[303.783s][info][gc,stats      ]     E: Thread Roots            =    0.009 s (a =      314 us) (n =    28) (lvls, us =      172,      254,      312,      365,      443)
[303.783s][info][gc,stats      ]     E: Code Cache Roots        =    0.036 s (a =     1268 us) (n =    28) (lvls, us =       82,      268,      318,      514,    10443)
[303.783s][info][gc,stats      ]     E: Universe Roots          =    0.000 s (a =        2 us) (n =    28) (lvls, us =        1,        1,        1,        1,       21)
[303.783s][info][gc,stats      ]     E: JNI Handles Roots       =    0.000 s (a =        1 us) (n =    28) (lvls, us =        1,        1,        1,        1,        5)
[303.783s][info][gc,stats      ]     E: Synchronizer Roots      =    0.000 s (a =        0 us) (n =    28) (lvls, us =        0,        0,        0,        0,        1)
[303.783s][info][gc,stats      ]     E: Management Roots        =    0.000 s (a =        2 us) (n =    28) (lvls, us =        1,        1,        2,        2,        6)
[303.783s][info][gc,stats      ]     E: System Dict Roots       =    0.000 s (a =       15 us) (n =    28) (lvls, us =        7,       10,       11,       13,       51)
[303.783s][info][gc,stats      ]     E: CLDG Roots              =    0.026 s (a =      941 us) (n =    28) (lvls, us =      268,      516,      568,      607,     6649)
[303.783s][info][gc,stats      ]     E: JVMTI Roots             =    0.000 s (a =        1 us) (n =    28) (lvls, us =        0,        0,        0,        1,        1)
[303.783s][info][gc,stats      ] Concurrent Cleanup             =    0.005 s (a =      124 us) (n =    42) (lvls, us =       64,       77,      111,      154,      255)
[303.783s][info][gc,stats      ] Concurrent Evacuation          =    6.641 s (a =   237163 us) (n =    28) (lvls, us =      654,   113281,   210938,   324219,   770197)
[303.783s][info][gc,stats      ] Pause Init  Update Refs (G)    =    0.171 s (a =     6125 us) (n =    28) (lvls, us =       91,     3652,     5957,     8906,    14880)
[303.783s][info][gc,stats      ] Pause Init  Update Refs (N)    =    0.000 s (a =       15 us) (n =    28) (lvls, us =        7,       13,       16,       17,       25)
[303.783s][info][gc,stats      ]   Retire GCLABs                =    0.000 s (a =        7 us) (n =    28) (lvls, us =        2,        5,        7,        8,       11)
[303.783s][info][gc,stats      ] Concurrent Update Refs         =   35.537 s (a =  1269187 us) (n =    28) (lvls, us =    66797,   929688,  1210938,  1328125,  4059634)
[303.783s][info][gc,stats      ] Pause Final Update Refs (G)    =    0.241 s (a =     8595 us) (n =    28) (lvls, us =     1582,     5410,     8242,     9512,    21440)
[303.783s][info][gc,stats      ] Pause Final Update Refs (N)    =    0.043 s (a =     1538 us) (n =    28) (lvls, us =      264,      334,      414,      439,    15344)
[303.783s][info][gc,stats      ]   Update Roots                 =    0.034 s (a =     1228 us) (n =    28) (lvls, us =      195,      236,      332,      348,    11805)
[303.783s][info][gc,stats      ]     UR: <total>                =    0.008 s (a =      303 us) (n =    28) (lvls, us =      188,      225,      299,      324,      629)
[303.783s][info][gc,stats      ]     UR: Thread Roots           =    0.008 s (a =      303 us) (n =    28) (lvls, us =      188,      225,      299,      324,      629)
[303.783s][info][gc,stats      ]   Update Region States         =    0.008 s (a =      275 us) (n =    28) (lvls, us =       44,       46,       51,       60,     6202)
[303.783s][info][gc,stats      ]   Trash Collection Set         =    0.000 s (a =        6 us) (n =    28) (lvls, us =        1,        4,        5,        7,       12)
[303.783s][info][gc,stats      ]   Rebuild Free Set             =    0.000 s (a =       15 us) (n =    28) (lvls, us =       12,       14,       14,       15,       18)
[303.783s][info][gc,stats      ] Concurrent Cleanup             =    0.003 s (a =       98 us) (n =    28) (lvls, us =       65,       79,       91,      109,      164)
[303.783s][info][gc,stats      ] Concurrent Uncommit            =    0.335 s (a =   167553 us) (n =     2) (lvls, us =   142578,   142578,   142578,   142578,   190896)
[303.783s][info][gc,stats      ] Pacing                         =   15.897 s (a =   378492 us) (n =    42) (lvls, us =        0,        0,   339844,   625000,  1408568)
[303.783s][info][gc,stats      ] 
[303.784s][info][gc,stats      ] 
[303.784s][info][gc,stats      ] Under allocation pressure, concurrent cycles may cancel, and either continue cycle
[303.784s][info][gc,stats      ] under stop-the-world pause or result in stop-the-world Full GC. Increase heap size,
[303.784s][info][gc,stats      ] tune GC heuristics, set more aggressive pacing delay, or lower allocation rate
[303.784s][info][gc,stats      ] to avoid Degenerated and Full GC cycles.
[303.784s][info][gc,stats      ] 
[303.784s][info][gc,stats      ]    42 successful concurrent GCs
[303.784s][info][gc,stats      ]       2 invoked explicitly
[303.784s][info][gc,stats      ]       0 invoked implicitly
[303.784s][info][gc,stats      ] 
[303.784s][info][gc,stats      ]     0 Degenerated GCs
[303.784s][info][gc,stats      ]       0 caused by allocation failure
[303.784s][info][gc,stats      ]       0 upgraded to Full GC
[303.784s][info][gc,stats      ] 
[303.784s][info][gc,stats      ]     0 Full GCs
[303.784s][info][gc,stats      ]       0 invoked explicitly
[303.784s][info][gc,stats      ]       0 invoked implicitly
[303.784s][info][gc,stats      ]       0 caused by allocation failure
[303.784s][info][gc,stats      ]       0 upgraded from Degenerated GC
[303.784s][info][gc,stats      ] 
[303.784s][info][gc,stats      ] 
