[0.003s][info][gc,init] Regions: 3000 x 512K
[0.003s][info][gc,init] Humongous object threshold: 512K
[0.003s][info][gc,init] Max TLAB size: 512K
[0.003s][info][gc,init] GC threads: 1 parallel, 1 concurrent
[0.003s][info][gc     ] Heuristics ergonomically sets -XX:+ExplicitGCInvokesConcurrent
[0.003s][info][gc     ] Heuristics ergonomically sets -XX:+ShenandoahImplicitGCInvokesConcurrent
[0.003s][info][gc,init] Shenandoah GC mode: Snapshot-At-The-Beginning (SATB)
[0.003s][info][gc,init] Shenandoah heuristics: Adaptive
[0.004s][info][gc,ergo] Pacer for Idle. Initial: 30720K, Alloc Tax Rate: 1.0x
[0.004s][info][gc,init] Initialize Shenandoah heap: 124M initial, 6656K min, 1500M max
[0.004s][info][gc,init] Safepointing mechanism: global-page poll
[0.004s][info][gc     ] Using Shenandoah
[0.004s][info][gc,heap,coops] Heap address: 0x00000000a2400000, size: 1500 MB, Compressed Oops mode: 32-bit
[0.009s][info][gc,init      ] Reference processing: serial discovery, serial processing
[14.723s][info][gc           ] Trigger: Metadata GC Threshold
[14.723s][info][gc,ergo      ] Free: 1345M, Max: 512K regular, 1345M humongous, Frag: 0% external, 0% internal; Reserve: 76800K, Max: 512K
[14.723s][info][gc,start     ] GC(0) Concurrent reset
[14.723s][info][gc,task      ] GC(0) Using 1 of 1 workers for concurrent reset
[14.723s][info][gc,ergo      ] GC(0) Pacer for Reset. Non-Taxable: 1500M
[14.724s][info][gc           ] GC(0) Concurrent reset 0.156ms
[14.724s][info][gc,start     ] GC(0) Pause Init Mark (process weakrefs) (unload classes)
[14.724s][info][gc,task      ] GC(0) Using 1 of 1 workers for init marking
[14.725s][info][gc,ergo      ] GC(0) Pacer for Mark. Expected Live: 150M, Free: 1345M, Non-Taxable: 134M, Alloc Tax Rate: 0.1x
[14.725s][info][gc           ] GC(0) Pause Init Mark (process weakrefs) (unload classes) 1.598ms
[14.725s][info][gc,start     ] GC(0) Concurrent marking (process weakrefs) (unload classes)
[14.725s][info][gc,task      ] GC(0) Using 1 of 1 workers for concurrent marking
[14.786s][info][gc           ] GC(0) Concurrent marking (process weakrefs) (unload classes) 60.306ms
[14.786s][info][gc,start     ] GC(0) Concurrent precleaning
[14.786s][info][gc,task      ] GC(0) Using 1 of 1 workers for concurrent preclean
[14.786s][info][gc,ergo      ] GC(0) Pacer for Precleaning. Non-Taxable: 1500M
[14.794s][info][gc           ] GC(0) Concurrent precleaning 7.886ms
[14.798s][info][gc,start     ] GC(0) Pause Final Mark (process weakrefs) (unload classes)
[14.798s][info][gc,task      ] GC(0) Using 1 of 1 workers for final marking
[14.812s][info][gc,stringtable] GC(0) Cleaned string and symbol table, strings: 7761 processed, 0 removed, symbols: 40188 processed, 44 removed
[14.814s][info][gc,ergo       ] GC(0) Adaptive CSet Selection. Target Free: 212M, Actual Free: 1419M, Max CSet: 64000K, Min Garbage: 0B
[14.815s][info][gc,ergo       ] GC(0) Collectable Garbage: 62285K (98%), Immediate: 0B (0%), CSet: 62285K (98%)
[14.818s][info][gc,ergo       ] GC(0) Pacer for Evacuation. Used CSet: 69632K, Free: 1344M, Non-Taxable: 134M, Alloc Tax Rate: 1.1x
[14.818s][info][gc            ] GC(0) Pause Final Mark (process weakrefs) (unload classes) 20.061ms
[14.818s][info][gc,start      ] GC(0) Concurrent cleanup
[14.818s][info][gc            ] GC(0) Concurrent cleanup 80M->80M(125M) 0.095ms
[14.818s][info][gc,ergo       ] GC(0) Free: 1344M, Max: 512K regular, 1344M humongous, Frag: 0% external, 0% internal; Reserve: 75776K, Max: 512K
[14.818s][info][gc,start      ] GC(0) Concurrent evacuation
[14.818s][info][gc,task       ] GC(0) Using 1 of 1 workers for concurrent evacuation
[14.849s][info][gc            ] GC(0) Concurrent evacuation 30.886ms
[14.849s][info][gc,start      ] GC(0) Pause Init Update Refs
[14.849s][info][gc,ergo       ] GC(0) Pacer for Update Refs. Used: 90036K, Free: 1344M, Non-Taxable: 134M, Alloc Tax Rate: 1.1x
[14.849s][info][gc            ] GC(0) Pause Init Update Refs 0.025ms
[14.859s][info][gc,start      ] GC(0) Concurrent update references
[14.859s][info][gc,task       ] GC(0) Using 1 of 1 workers for concurrent reference update
[14.902s][info][gc            ] GC(0) Concurrent update references 43.156ms
[14.902s][info][gc,start      ] GC(0) Pause Final Update Refs
[14.902s][info][gc,task       ] GC(0) Using 1 of 1 workers for final reference update
[14.903s][info][gc            ] GC(0) Pause Final Update Refs 1.045ms
[14.903s][info][gc,start      ] GC(0) Concurrent cleanup
[14.903s][info][gc            ] GC(0) Concurrent cleanup 88M->20M(132M) 0.144ms
[14.903s][info][gc,ergo       ] Free: 1403M, Max: 512K regular, 1335M humongous, Frag: 5% external, 0% internal; Reserve: 76800K, Max: 512K
[14.903s][info][gc,stats      ] 
[14.903s][info][gc,stats      ] All times are wall-clock times, except per-root-class counters, that are sum over
[14.903s][info][gc,stats      ] all workers. Dividing the <total> over the root stage time estimates parallelism.
[14.903s][info][gc,stats      ] 
[14.903s][info][gc,stats      ] Concurrent Reset                    111 us
[14.903s][info][gc,stats      ] Pause Init Mark (G)                1737 us
[14.903s][info][gc,stats      ] Pause Init Mark (N)                1584 us
[14.903s][info][gc,stats      ]   Accumulate Stats                    2 us
[14.903s][info][gc,stats      ]   Make Parsable                       3 us
[14.904s][info][gc,stats      ]   Update Region States               46 us
[14.904s][info][gc,stats      ]   Scan Roots                       1489 us, parallelism: 0.95x
[14.904s][info][gc,stats      ]     S: <total>                     1411 us
[14.904s][info][gc,stats      ]     S: Thread Roots                1079 us, workers (us): 1079, 
[14.904s][info][gc,stats      ]     S: Universe Roots                20 us, workers (us):  20, 
[14.904s][info][gc,stats      ]     S: JNI Handles Roots             10 us, workers (us):  10, 
[14.904s][info][gc,stats      ]     S: Synchronizer Roots             0 us, workers (us):   0, 
[14.904s][info][gc,stats      ]     S: Management Roots               1 us, workers (us):   1, 
[14.904s][info][gc,stats      ]     S: System Dict Roots             49 us, workers (us):  49, 
[14.904s][info][gc,stats      ]     S: CLDG Roots                   252 us, workers (us): 252, 
[14.904s][info][gc,stats      ]     S: JVMTI Roots                    1 us, workers (us):   1, 
[14.904s][info][gc,stats      ]   Resize TLABs                        3 us
[14.904s][info][gc,stats      ] Concurrent Marking                60293 us
[14.904s][info][gc,stats      ] Concurrent Precleaning             7867 us
[14.904s][info][gc,stats      ] Pause Final Mark (G)              24681 us
[14.904s][info][gc,stats      ] Pause Final Mark (N)              20006 us
[14.904s][info][gc,stats      ]   Finish Queues                      42 us
[14.904s][info][gc,stats      ]   Weak References                   271 us
[14.904s][info][gc,stats      ]     Process                         268 us
[14.904s][info][gc,stats      ]   System Purge                      153 us
[14.904s][info][gc,stats      ]     Unload Classes                  897 us
[14.904s][info][gc,stats      ]     Cleanup                       12870 us, parallelism: 0.99x
[14.904s][info][gc,stats      ]       CU: <total>                 12780 us
[14.904s][info][gc,stats      ]       CU: Code Cache Roots         2862 us, workers (us): 2862, 
[14.904s][info][gc,stats      ]       CU: Code Cache Cleaning       756 us, workers (us): 756, 
[14.904s][info][gc,stats      ]       CU: String Table Roots       1172 us, workers (us): 1172, 
[14.904s][info][gc,stats      ]       CU: Resolved Table Roots       37 us, workers (us):  37, 
[14.904s][info][gc,stats      ]       CU: CLDG Roots               7952 us, workers (us): 7952, 
[14.904s][info][gc,stats      ]     Weak Roots                      153 us
[14.904s][info][gc,stats      ]     CLDG                              1 us
[14.904s][info][gc,stats      ]   Update Region States             1993 us
[14.904s][info][gc,stats      ]   Retire TLABs                        6 us
[14.904s][info][gc,stats      ]   Choose Collection Set              83 us
[14.904s][info][gc,stats      ]   Rebuild Free Set                   16 us
[14.904s][info][gc,stats      ]   Initial Evacuation               3659 us, parallelism: 0.61x
[14.904s][info][gc,stats      ]     E: <total>                     2245 us
[14.904s][info][gc,stats      ]     E: Thread Roots                 286 us, workers (us): 286, 
[14.904s][info][gc,stats      ]     E: Code Cache Roots             951 us, workers (us): 951, 
[14.904s][info][gc,stats      ]     E: Universe Roots                30 us, workers (us):  30, 
[14.904s][info][gc,stats      ]     E: JNI Handles Roots              7 us, workers (us):   7, 
[14.904s][info][gc,stats      ]     E: Synchronizer Roots             0 us, workers (us):   0, 
[14.904s][info][gc,stats      ]     E: Management Roots               2 us, workers (us):   2, 
[14.904s][info][gc,stats      ]     E: System Dict Roots             18 us, workers (us):  18, 
[14.904s][info][gc,stats      ]     E: CLDG Roots                   950 us, workers (us): 950, 
[14.904s][info][gc,stats      ]     E: JVMTI Roots                    1 us, workers (us):   1, 
[14.904s][info][gc,stats      ] Concurrent Cleanup                   82 us
[14.904s][info][gc,stats      ] Concurrent Evacuation             30869 us
[14.904s][info][gc,stats      ] Pause Init  Update Refs (G)        9415 us
[14.904s][info][gc,stats      ] Pause Init  Update Refs (N)          12 us
[14.904s][info][gc,stats      ]   Retire GCLABs                       3 us
[14.904s][info][gc,stats      ] Concurrent Update Refs            43099 us
[14.904s][info][gc,stats      ] Pause Final Update Refs (G)        1214 us
[14.904s][info][gc,stats      ] Pause Final Update Refs (N)        1027 us
[14.904s][info][gc,stats      ]   Update Roots                      904 us, parallelism: 0.98x
[14.904s][info][gc,stats      ]     UR: <total>                     886 us
[14.904s][info][gc,stats      ]     UR: Thread Roots                886 us, workers (us): 886, 
[14.904s][info][gc,stats      ]   Update Region States               67 us
[14.904s][info][gc,stats      ]   Trash Collection Set                5 us
[14.904s][info][gc,stats      ]   Rebuild Free Set                   40 us
[14.904s][info][gc,stats      ] Concurrent Cleanup                  109 us
[14.904s][info][gc,stats      ] 
[14.904s][info][gc,stats      ] Allocation pacing accrued:
[14.904s][info][gc,stats      ]       0 of 14900 ms (  0.0%): <total>
[14.904s][info][gc,stats      ]       0 of 14900 ms (  0.0%): <average total>
[14.904s][info][gc,stats      ] 
[14.904s][info][gc,metaspace  ] Metaspace: 20178K->20373K(1067008K)
[14.904s][info][gc,ergo       ] Pacer for Idle. Initial: 30720K, Alloc Tax Rate: 1.0x
[18.055s][info][gc            ] Trigger: Metadata GC Threshold
[18.055s][info][gc,ergo       ] Free: 1332M, Max: 512K regular, 1332M humongous, Frag: 0% external, 0% internal; Reserve: 76800K, Max: 512K
[18.055s][info][gc,start      ] GC(1) Concurrent reset
[18.055s][info][gc,task       ] GC(1) Using 1 of 1 workers for concurrent reset
[18.055s][info][gc,ergo       ] GC(1) Pacer for Reset. Non-Taxable: 1500M
[18.055s][info][gc            ] GC(1) Concurrent reset 0.274ms
[18.057s][info][gc,start      ] GC(1) Pause Init Mark (unload classes)
[18.057s][info][gc,task       ] GC(1) Using 1 of 1 workers for init marking
[18.060s][info][gc,ergo       ] GC(1) Pacer for Mark. Expected Live: 17447K, Free: 1332M, Non-Taxable: 133M, Alloc Tax Rate: 0.0x
[18.060s][info][gc            ] GC(1) Pause Init Mark (unload classes) 2.515ms
[18.060s][info][gc,start      ] GC(1) Concurrent marking (unload classes)
[18.060s][info][gc,task       ] GC(1) Using 1 of 1 workers for concurrent marking
[18.112s][info][gc            ] GC(1) Concurrent marking (unload classes) 52.634ms
[18.113s][info][gc,start      ] GC(1) Pause Final Mark (unload classes)
[18.113s][info][gc,task       ] GC(1) Using 1 of 1 workers for final marking
[18.134s][info][gc,stringtable] GC(1) Cleaned string and symbol table, strings: 13412 processed, 0 removed, symbols: 79810 processed, 44 removed
[18.134s][info][gc,ergo       ] GC(1) Adaptive CSet Selection. Target Free: 212M, Actual Free: 1407M, Max CSet: 64000K, Min Garbage: 0B
[18.134s][info][gc,ergo       ] GC(1) Collectable Garbage: 71658K (98%), Immediate: 512K (0%), CSet: 71146K (97%)
[18.137s][info][gc,ergo       ] GC(1) Pacer for Evacuation. Used CSet: 76288K, Free: 1332M, Non-Taxable: 133M, Alloc Tax Rate: 1.1x
[18.137s][info][gc            ] GC(1) Pause Final Mark (unload classes) 24.151ms
[18.139s][info][gc,start      ] GC(1) Concurrent cleanup
[18.139s][info][gc            ] GC(1) Concurrent cleanup 93M->92M(133M) 0.121ms
[18.139s][info][gc,ergo       ] GC(1) Free: 1332M, Max: 512K regular, 1331M humongous, Frag: 1% external, 0% internal; Reserve: 75776K, Max: 512K
[18.139s][info][gc,start      ] GC(1) Concurrent evacuation
[18.139s][info][gc,task       ] GC(1) Using 1 of 1 workers for concurrent evacuation
[18.163s][info][gc            ] GC(1) Concurrent evacuation 24.092ms
[18.164s][info][gc,start      ] GC(1) Pause Init Update Refs
[18.164s][info][gc,ergo       ] GC(1) Pacer for Update Refs. Used: 100261K, Free: 1331M, Non-Taxable: 133M, Alloc Tax Rate: 1.1x
[18.164s][info][gc            ] GC(1) Pause Init Update Refs 0.037ms
[18.164s][info][gc,start      ] GC(1) Concurrent update references
[18.164s][info][gc,task       ] GC(1) Using 1 of 1 workers for concurrent reference update
[18.209s][info][gc            ] GC(1) Concurrent update references 45.294ms
[18.209s][info][gc,start      ] GC(1) Pause Final Update Refs
[18.209s][info][gc,task       ] GC(1) Using 1 of 1 workers for final reference update
[18.215s][info][gc            ] GC(1) Pause Final Update Refs 5.705ms
[18.215s][info][gc,start      ] GC(1) Concurrent cleanup
[18.215s][info][gc            ] GC(1) Concurrent cleanup 98M->23M(138M) 0.105ms
[18.215s][info][gc,ergo       ] Free: 1400M, Max: 512K regular, 1327M humongous, Frag: 6% external, 0% internal; Reserve: 76800K, Max: 512K
[18.215s][info][gc,stats      ] 
[18.215s][info][gc,stats      ] All times are wall-clock times, except per-root-class counters, that are sum over
[18.215s][info][gc,stats      ] all workers. Dividing the <total> over the root stage time estimates parallelism.
[18.215s][info][gc,stats      ] 
[18.215s][info][gc,stats      ] Concurrent Reset                    229 us
[18.215s][info][gc,stats      ] Pause Init Mark (G)                4504 us
[18.215s][info][gc,stats      ] Pause Init Mark (N)                2485 us
[18.215s][info][gc,stats      ]   Accumulate Stats                    6 us
[18.215s][info][gc,stats      ]   Make Parsable                      14 us
[18.215s][info][gc,stats      ]   Update Region States               59 us
[18.215s][info][gc,stats      ]   Scan Roots                       2368 us, parallelism: 0.95x
[18.215s][info][gc,stats      ]     S: <total>                     2238 us
[18.215s][info][gc,stats      ]     S: Thread Roots                2028 us, workers (us): 2028, 
[18.215s][info][gc,stats      ]     S: Universe Roots                 3 us, workers (us):   3, 
[18.215s][info][gc,stats      ]     S: JNI Handles Roots              2 us, workers (us):   2, 
[18.215s][info][gc,stats      ]     S: Synchronizer Roots             0 us, workers (us):   0, 
[18.215s][info][gc,stats      ]     S: Management Roots               1 us, workers (us):   1, 
[18.215s][info][gc,stats      ]     S: System Dict Roots             75 us, workers (us):  75, 
[18.215s][info][gc,stats      ]     S: CLDG Roots                   128 us, workers (us): 128, 
[18.215s][info][gc,stats      ]     S: JVMTI Roots                    1 us, workers (us):   1, 
[18.215s][info][gc,stats      ]   Resize TLABs                        4 us
[18.215s][info][gc,stats      ] Concurrent Marking                52621 us
[18.215s][info][gc,stats      ] Pause Final Mark (G)              26187 us
[18.215s][info][gc,stats      ] Pause Final Mark (N)              24135 us
[18.216s][info][gc,stats      ]   Finish Queues                      49 us
[18.216s][info][gc,stats      ]   System Purge                      224 us
[18.216s][info][gc,stats      ]     Unload Classes                  504 us
[18.216s][info][gc,stats      ]     Cleanup                       20430 us, parallelism: 0.99x
[18.216s][info][gc,stats      ]       CU: <total>                 20285 us
[18.216s][info][gc,stats      ]       CU: Code Cache Roots         3566 us, workers (us): 3566, 
[18.216s][info][gc,stats      ]       CU: Code Cache Cleaning      1020 us, workers (us): 1020, 
[18.216s][info][gc,stats      ]       CU: String Table Roots       7635 us, workers (us): 7635, 
[18.216s][info][gc,stats      ]       CU: Resolved Table Roots       61 us, workers (us):  61, 
[18.216s][info][gc,stats      ]       CU: CLDG Roots               8003 us, workers (us): 8003, 
[18.216s][info][gc,stats      ]     Weak Roots                      223 us
[18.216s][info][gc,stats      ]     CLDG                              1 us
[18.216s][info][gc,stats      ]   Update Region States               69 us
[18.216s][info][gc,stats      ]   Retire TLABs                       16 us
[18.216s][info][gc,stats      ]   Choose Collection Set              72 us
[18.216s][info][gc,stats      ]   Rebuild Free Set                   16 us
[18.216s][info][gc,stats      ]   Initial Evacuation               2742 us, parallelism: 0.47x
[18.216s][info][gc,stats      ]     E: <total>                     1294 us
[18.216s][info][gc,stats      ]     E: Thread Roots                 254 us, workers (us): 254, 
[18.216s][info][gc,stats      ]     E: Code Cache Roots             153 us, workers (us): 153, 
[18.216s][info][gc,stats      ]     E: Universe Roots                 1 us, workers (us):   1, 
[18.216s][info][gc,stats      ]     E: JNI Handles Roots              3 us, workers (us):   3, 
[18.216s][info][gc,stats      ]     E: Synchronizer Roots             0 us, workers (us):   0, 
[18.216s][info][gc,stats      ]     E: Management Roots               2 us, workers (us):   2, 
[18.216s][info][gc,stats      ]     E: System Dict Roots             59 us, workers (us):  59, 
[18.216s][info][gc,stats      ]     E: CLDG Roots                   821 us, workers (us): 821, 
[18.216s][info][gc,stats      ]     E: JVMTI Roots                    1 us, workers (us):   1, 
[18.216s][info][gc,stats      ] Concurrent Cleanup                   83 us
[18.216s][info][gc,stats      ] Concurrent Evacuation             24075 us
[18.216s][info][gc,stats      ] Pause Init  Update Refs (G)         865 us
[18.216s][info][gc,stats      ] Pause Init  Update Refs (N)          14 us
[18.216s][info][gc,stats      ]   Retire GCLABs                       4 us
[18.216s][info][gc,stats      ] Concurrent Update Refs            45273 us
[18.216s][info][gc,stats      ] Pause Final Update Refs (G)        5937 us
[18.216s][info][gc,stats      ] Pause Final Update Refs (N)        5677 us
[18.216s][info][gc,stats      ]   Update Roots                     5580 us, parallelism: 0.08x
[18.216s][info][gc,stats      ]     UR: <total>                     465 us
[18.216s][info][gc,stats      ]     UR: Thread Roots                465 us, workers (us): 465, 
[18.216s][info][gc,stats      ]   Update Region States               66 us
[18.216s][info][gc,stats      ]   Trash Collection Set                4 us
[18.216s][info][gc,stats      ]   Rebuild Free Set                   16 us
[18.216s][info][gc,stats      ] Concurrent Cleanup                   91 us
[18.216s][info][gc,stats      ] 
[18.216s][info][gc,stats      ] Allocation pacing accrued:
[18.216s][info][gc,stats      ]       0 of  3312 ms (  0.0%): <total>
[18.216s][info][gc,stats      ]       0 of  3312 ms (  0.0%): <average total>
[18.216s][info][gc,stats      ] 
[18.216s][info][gc,metaspace  ] Metaspace: 34359K->34594K(1081344K)
[18.216s][info][gc,ergo       ] Pacer for Idle. Initial: 30720K, Alloc Tax Rate: 1.0x
[21.816s][info][gc            ] Trigger: Learning 3 of 5. Free (1049M) is below initial threshold (1050M)
[21.816s][info][gc,ergo       ] Free: 1049M, Max: 512K regular, 1049M humongous, Frag: 0% external, 0% internal; Reserve: 76800K, Max: 512K
[21.817s][info][gc,start      ] GC(2) Concurrent reset
[21.817s][info][gc,task       ] GC(2) Using 1 of 1 workers for concurrent reset
[21.817s][info][gc,ergo       ] GC(2) Pacer for Reset. Non-Taxable: 1500M
[21.817s][info][gc            ] GC(2) Concurrent reset 0.489ms
[21.819s][info][gc,start      ] GC(2) Pause Init Mark
[21.819s][info][gc,task       ] GC(2) Using 1 of 1 workers for init marking
[21.821s][info][gc,ergo       ] GC(2) Pacer for Mark. Expected Live: 19393K, Free: 1049M, Non-Taxable: 104M, Alloc Tax Rate: 0.0x
[21.821s][info][gc            ] GC(2) Pause Init Mark 2.112ms
[21.822s][info][gc,start      ] GC(2) Concurrent marking
[21.822s][info][gc,task       ] GC(2) Using 1 of 1 workers for concurrent marking
[22.897s][info][gc            ] GC(2) Concurrent marking 1075.108ms
[22.897s][info][gc,start      ] GC(2) Pause Final Mark
[22.897s][info][gc,task       ] GC(2) Using 1 of 1 workers for final marking
[22.897s][info][gc,ergo       ] GC(2) Adaptive CSet Selection. Target Free: 212M, Actual Free: 937M, Max CSet: 64000K, Min Garbage: 0B
[22.898s][info][gc,ergo       ] GC(2) Collectable Garbage: 42173K (85%), Immediate: 0B (0%), CSet: 42173K (85%)
[22.900s][info][gc,ergo       ] GC(2) Pacer for Evacuation. Used CSet: 44483K, Free: 862M, Non-Taxable: 88320K, Alloc Tax Rate: 1.1x
[22.900s][info][gc            ] GC(2) Pause Final Mark 3.136ms
[22.900s][info][gc,start      ] GC(2) Concurrent cleanup
[22.900s][info][gc            ] GC(2) Concurrent cleanup 561M->561M(564M) 0.099ms
[22.900s][info][gc,ergo       ] GC(2) Free: 862M, Max: 512K regular, 862M humongous, Frag: 0% external, 0% internal; Reserve: 76288K, Max: 512K
[22.900s][info][gc,start      ] GC(2) Concurrent evacuation
[22.900s][info][gc,task       ] GC(2) Using 1 of 1 workers for concurrent evacuation
[22.915s][info][gc            ] GC(2) Concurrent evacuation 14.626ms
[22.921s][info][gc,start      ] GC(2) Pause Init Update Refs
[22.921s][info][gc,ergo       ] GC(2) Pacer for Update Refs. Used: 565M, Free: 861M, Non-Taxable: 88166K, Alloc Tax Rate: 1.1x
[22.921s][info][gc            ] GC(2) Pause Init Update Refs 0.067ms
[22.921s][info][gc,start      ] GC(2) Concurrent update references
[22.921s][info][gc,task       ] GC(2) Using 1 of 1 workers for concurrent reference update
[24.212s][info][gc            ] GC(2) Concurrent update references 1291.063ms
[24.215s][info][gc,start      ] GC(2) Pause Final Update Refs
[24.215s][info][gc,task       ] GC(2) Using 1 of 1 workers for final reference update
[24.215s][info][gc            ] GC(2) Pause Final Update Refs 0.457ms
[24.215s][info][gc,start      ] GC(2) Concurrent cleanup
[24.216s][info][gc            ] GC(2) Concurrent cleanup 658M->614M(659M) 0.068ms
[24.216s][info][gc,ergo       ] Free: 809M, Max: 512K regular, 766M humongous, Frag: 6% external, 0% internal; Reserve: 76800K, Max: 512K
[24.216s][info][gc,stats      ] 
[24.216s][info][gc,stats      ] All times are wall-clock times, except per-root-class counters, that are sum over
[24.216s][info][gc,stats      ] all workers. Dividing the <total> over the root stage time estimates parallelism.
[24.216s][info][gc,stats      ] 
[24.216s][info][gc,stats      ] Concurrent Reset                    438 us
[24.216s][info][gc,stats      ] Pause Init Mark (G)                4374 us
[24.216s][info][gc,stats      ] Pause Init Mark (N)                2065 us
[24.216s][info][gc,stats      ]   Accumulate Stats                   40 us
[24.216s][info][gc,stats      ]   Make Parsable                      12 us
[24.216s][info][gc,stats      ]   Update Region States              105 us
[24.216s][info][gc,stats      ]   Scan Roots                       1857 us, parallelism: 0.86x
[24.216s][info][gc,stats      ]     S: <total>                     1594 us
[24.216s][info][gc,stats      ]     S: Thread Roots                 724 us, workers (us): 724, 
[24.216s][info][gc,stats      ]     S: Universe Roots                 3 us, workers (us):   3, 
[24.216s][info][gc,stats      ]     S: JNI Handles Roots              2 us, workers (us):   2, 
[24.216s][info][gc,stats      ]     S: Synchronizer Roots             0 us, workers (us):   0, 
[24.216s][info][gc,stats      ]     S: Management Roots               2 us, workers (us):   2, 
[24.216s][info][gc,stats      ]     S: System Dict Roots             31 us, workers (us):  31, 
[24.216s][info][gc,stats      ]     S: CLDG Roots                   830 us, workers (us): 830, 
[24.216s][info][gc,stats      ]     S: JVMTI Roots                    1 us, workers (us):   1, 
[24.216s][info][gc,stats      ]   Resize TLABs                        6 us
[24.216s][info][gc,stats      ] Concurrent Marking              1075096 us
[24.216s][info][gc,stats      ] Pause Final Mark (G)               3258 us
[24.216s][info][gc,stats      ] Pause Final Mark (N)               3082 us
[24.216s][info][gc,stats      ]   Finish Queues                      19 us
[24.216s][info][gc,stats      ]   System Purge                      346 us
[24.216s][info][gc,stats      ]     Weak Roots                      345 us
[24.216s][info][gc,stats      ]   Update Region States               65 us
[24.216s][info][gc,stats      ]   Retire TLABs                       10 us
[24.216s][info][gc,stats      ]   Choose Collection Set             237 us
[24.216s][info][gc,stats      ]   Rebuild Free Set                   20 us
[24.216s][info][gc,stats      ]   Initial Evacuation               2366 us, parallelism: 0.49x
[24.216s][info][gc,stats      ]     E: <total>                     1171 us
[24.216s][info][gc,stats      ]     E: Thread Roots                 260 us, workers (us): 260, 
[24.216s][info][gc,stats      ]     E: Code Cache Roots             155 us, workers (us): 155, 
[24.216s][info][gc,stats      ]     E: Universe Roots                 2 us, workers (us):   2, 
[24.216s][info][gc,stats      ]     E: JNI Handles Roots              1 us, workers (us):   1, 
[24.216s][info][gc,stats      ]     E: Synchronizer Roots             1 us, workers (us):   1, 
[24.216s][info][gc,stats      ]     E: Management Roots               8 us, workers (us):   8, 
[24.216s][info][gc,stats      ]     E: System Dict Roots             10 us, workers (us):  10, 
[24.216s][info][gc,stats      ]     E: CLDG Roots                   733 us, workers (us): 733, 
[24.216s][info][gc,stats      ]     E: JVMTI Roots                    1 us, workers (us):   1, 
[24.216s][info][gc,stats      ] Concurrent Cleanup                   83 us
[24.216s][info][gc,stats      ] Concurrent Evacuation             14608 us
[24.216s][info][gc,stats      ] Pause Init  Update Refs (G)        5942 us
[24.216s][info][gc,stats      ] Pause Init  Update Refs (N)          16 us
[24.216s][info][gc,stats      ]   Retire GCLABs                       5 us
[24.216s][info][gc,stats      ] Concurrent Update Refs          1291044 us
[24.216s][info][gc,stats      ] Pause Final Update Refs (G)        3403 us
[24.216s][info][gc,stats      ] Pause Final Update Refs (N)         313 us
[24.216s][info][gc,stats      ]   Update Roots                      223 us, parallelism: 0.95x
[24.216s][info][gc,stats      ]     UR: <total>                     211 us
[24.216s][info][gc,stats      ]     UR: Thread Roots                211 us, workers (us): 211, 
[24.216s][info][gc,stats      ]   Update Region States               55 us
[24.216s][info][gc,stats      ]   Trash Collection Set                2 us
[24.216s][info][gc,stats      ]   Rebuild Free Set                   16 us
[24.216s][info][gc,stats      ] Concurrent Cleanup                   58 us
[24.216s][info][gc,stats      ] 
[24.216s][info][gc,stats      ] Allocation pacing accrued:
[24.216s][info][gc,stats      ]       0 of  6000 ms (  0.0%): <total>
[24.216s][info][gc,stats      ]       0 of  6000 ms (  0.0%): <average total>
[24.216s][info][gc,stats      ] 
[24.216s][info][gc,metaspace  ] Metaspace: 43133K->43155K(1087488K)
[24.216s][info][gc,ergo       ] Pacer for Idle. Initial: 30720K, Alloc Tax Rate: 1.0x
[24.218s][info][gc            ] Trigger: Learning 4 of 5. Free (809M) is below initial threshold (1050M)
[24.218s][info][gc,ergo       ] Free: 809M, Max: 512K regular, 766M humongous, Frag: 6% external, 0% internal; Reserve: 76800K, Max: 512K
[24.218s][info][gc,start      ] GC(3) Concurrent reset
[24.218s][info][gc,task       ] GC(3) Using 1 of 1 workers for concurrent reset
[24.218s][info][gc,ergo       ] GC(3) Pacer for Reset. Non-Taxable: 1500M
[24.219s][info][gc            ] GC(3) Concurrent reset 1.019ms
[24.222s][info][gc,start      ] GC(3) Pause Init Mark
[24.222s][info][gc,task       ] GC(3) Using 1 of 1 workers for init marking
[24.223s][info][gc,ergo       ] GC(3) Pacer for Mark. Expected Live: 121M, Free: 809M, Non-Taxable: 82842K, Alloc Tax Rate: 0.2x
[24.223s][info][gc            ] GC(3) Pause Init Mark 1.038ms
[24.223s][info][gc,start      ] GC(3) Concurrent marking
[24.223s][info][gc,task       ] GC(3) Using 1 of 1 workers for concurrent marking
[25.528s][info][gc            ] GC(3) Concurrent marking 1304.777ms
[25.528s][info][gc,start      ] GC(3) Pause Final Mark
[25.528s][info][gc,task       ] GC(3) Using 1 of 1 workers for final marking
[25.528s][info][gc,ergo       ] GC(3) Adaptive CSet Selection. Target Free: 212M, Actual Free: 863M, Max CSet: 64000K, Min Garbage: 0B
[25.528s][info][gc,ergo       ] GC(3) Collectable Garbage: 2361K (17%), Immediate: 512K (3%), CSet: 1849K (13%)
[25.529s][info][gc,ergo       ] GC(3) Pacer for Evacuation. Used CSet: 2551K, Free: 788M, Non-Taxable: 80755K, Alloc Tax Rate: 1.1x
[25.529s][info][gc            ] GC(3) Pause Final Mark 1.684ms
[25.529s][info][gc,start      ] GC(3) Concurrent cleanup
[25.530s][info][gc            ] GC(3) Concurrent cleanup 635M->635M(659M) 0.058ms
[25.530s][info][gc,ergo       ] GC(3) Free: 788M, Max: 512K regular, 766M humongous, Frag: 3% external, 0% internal; Reserve: 76785K, Max: 512K
[25.530s][info][gc,start      ] GC(3) Concurrent evacuation
[25.530s][info][gc,task       ] GC(3) Using 1 of 1 workers for concurrent evacuation
[25.530s][info][gc            ] GC(3) Concurrent evacuation 0.713ms
[25.530s][info][gc,start      ] GC(3) Pause Init Update Refs
[25.530s][info][gc,ergo       ] GC(3) Pacer for Update Refs. Used: 636M, Free: 788M, Non-Taxable: 80755K, Alloc Tax Rate: 1.1x
[25.530s][info][gc            ] GC(3) Pause Init Update Refs 0.013ms
[25.530s][info][gc,start      ] GC(3) Concurrent update references
[25.530s][info][gc,task       ] GC(3) Using 1 of 1 workers for concurrent reference update
[27.202s][info][gc            ] GC(3) Concurrent update references 1671.802ms
[27.203s][info][gc,start      ] GC(3) Pause Final Update Refs
[27.203s][info][gc,task       ] GC(3) Using 1 of 1 workers for final reference update
[27.204s][info][gc            ] GC(3) Pause Final Update Refs 0.875ms
[27.204s][info][gc,start      ] GC(3) Concurrent cleanup
[27.204s][info][gc            ] GC(3) Concurrent cleanup 667M->665M(670M) 0.086ms
[27.204s][info][gc,ergo       ] Free: 757M, Max: 512K regular, 755M humongous, Frag: 1% external, 0% internal; Reserve: 76800K, Max: 512K
[27.204s][info][gc,stats      ] 
[27.204s][info][gc,stats      ] All times are wall-clock times, except per-root-class counters, that are sum over
[27.204s][info][gc,stats      ] all workers. Dividing the <total> over the root stage time estimates parallelism.
[27.204s][info][gc,stats      ] 
[27.204s][info][gc,stats      ] Concurrent Reset                   1004 us
[27.204s][info][gc,stats      ] Pause Init Mark (G)                3892 us
[27.204s][info][gc,stats      ] Pause Init Mark (N)                 993 us
[27.204s][info][gc,stats      ]   Accumulate Stats                    7 us
[27.204s][info][gc,stats      ]   Make Parsable                       8 us
[27.204s][info][gc,stats      ]   Update Region States               55 us
[27.204s][info][gc,stats      ]   Scan Roots                        873 us, parallelism: 0.81x
[27.204s][info][gc,stats      ]     S: <total>                      703 us
[27.204s][info][gc,stats      ]     S: Thread Roots                 299 us, workers (us): 299, 
[27.204s][info][gc,stats      ]     S: Universe Roots                 3 us, workers (us):   3, 
[27.204s][info][gc,stats      ]     S: JNI Handles Roots              1 us, workers (us):   1, 
[27.204s][info][gc,stats      ]     S: Synchronizer Roots             0 us, workers (us):   0, 
[27.204s][info][gc,stats      ]     S: Management Roots               2 us, workers (us):   2, 
[27.204s][info][gc,stats      ]     S: System Dict Roots              9 us, workers (us):   9, 
[27.204s][info][gc,stats      ]     S: CLDG Roots                   389 us, workers (us): 389, 
[27.204s][info][gc,stats      ]     S: JVMTI Roots                    0 us, workers (us):   0, 
[27.204s][info][gc,stats      ]   Resize TLABs                        6 us
[27.204s][info][gc,stats      ] Concurrent Marking              1304766 us
[27.204s][info][gc,stats      ] Pause Final Mark (G)               1751 us
[27.204s][info][gc,stats      ] Pause Final Mark (N)               1652 us
[27.204s][info][gc,stats      ]   Finish Queues                      29 us
[27.204s][info][gc,stats      ]   System Purge                      183 us
[27.204s][info][gc,stats      ]     Weak Roots                      182 us
[27.204s][info][gc,stats      ]   Update Region States               46 us
[27.204s][info][gc,stats      ]   Retire TLABs                        6 us
[27.204s][info][gc,stats      ]   Choose Collection Set             140 us
[27.204s][info][gc,stats      ]   Rebuild Free Set                   10 us
[27.204s][info][gc,stats      ]   Initial Evacuation               1226 us, parallelism: 0.68x
[27.204s][info][gc,stats      ]     E: <total>                      831 us
[27.204s][info][gc,stats      ]     E: Thread Roots                 406 us, workers (us): 406, 
[27.204s][info][gc,stats      ]     E: Code Cache Roots              93 us, workers (us):  93, 
[27.204s][info][gc,stats      ]     E: Universe Roots                 1 us, workers (us):   1, 
[27.204s][info][gc,stats      ]     E: JNI Handles Roots              1 us, workers (us):   1, 
[27.204s][info][gc,stats      ]     E: Synchronizer Roots             0 us, workers (us):   0, 
[27.204s][info][gc,stats      ]     E: Management Roots               1 us, workers (us):   1, 
[27.204s][info][gc,stats      ]     E: System Dict Roots              6 us, workers (us):   6, 
[27.204s][info][gc,stats      ]     E: CLDG Roots                   321 us, workers (us): 321, 
[27.204s][info][gc,stats      ]     E: JVMTI Roots                    0 us, workers (us):   0, 
[27.204s][info][gc,stats      ] Concurrent Cleanup                   49 us
[27.204s][info][gc,stats      ] Concurrent Evacuation               708 us
[27.204s][info][gc,stats      ] Pause Init  Update Refs (G)          85 us
[27.204s][info][gc,stats      ] Pause Init  Update Refs (N)           6 us
[27.204s][info][gc,stats      ]   Retire GCLABs                       2 us
[27.204s][info][gc,stats      ] Concurrent Update Refs          1671786 us
[27.204s][info][gc,stats      ] Pause Final Update Refs (G)        1152 us
[27.204s][info][gc,stats      ] Pause Final Update Refs (N)         671 us
[27.204s][info][gc,stats      ]   Update Roots                      505 us, parallelism: 0.96x
[27.204s][info][gc,stats      ]     UR: <total>                     484 us
[27.204s][info][gc,stats      ]     UR: Thread Roots                484 us, workers (us): 484, 
[27.204s][info][gc,stats      ]   Update Region States               70 us
[27.204s][info][gc,stats      ]   Trash Collection Set                3 us
[27.204s][info][gc,stats      ]   Rebuild Free Set                   20 us
[27.204s][info][gc,stats      ] Concurrent Cleanup                   68 us
[27.204s][info][gc,stats      ] 
[27.204s][info][gc,stats      ] Allocation pacing accrued:
[27.204s][info][gc,stats      ]       0 of  2989 ms (  0.0%): <total>
[27.204s][info][gc,stats      ]       0 of  2989 ms (  0.0%): <average total>
[27.204s][info][gc,stats      ] 
[27.205s][info][gc,metaspace  ] Metaspace: 43155K->51499K(1095680K)
[27.205s][info][gc,ergo       ] Pacer for Idle. Initial: 30720K, Alloc Tax Rate: 1.0x
[27.206s][info][gc            ] Trigger: Explicit GC request (System.gc())
[27.206s][info][gc,ergo       ] Free: 757M, Max: 512K regular, 755M humongous, Frag: 1% external, 0% internal; Reserve: 76800K, Max: 512K
[27.206s][info][gc,start      ] GC(4) Concurrent reset
[27.206s][info][gc,task       ] GC(4) Using 1 of 1 workers for concurrent reset
[27.206s][info][gc,ergo       ] GC(4) Pacer for Reset. Non-Taxable: 1500M
[27.207s][info][gc            ] GC(4) Concurrent reset 1.503ms
[27.208s][info][gc,start      ] GC(4) Pause Init Mark (process weakrefs) (unload classes)
[27.208s][info][gc,task       ] GC(4) Using 1 of 1 workers for init marking
[27.209s][info][gc,ergo       ] GC(4) Pacer for Mark. Expected Live: 241M, Free: 757M, Non-Taxable: 77617K, Alloc Tax Rate: 0.4x
[27.209s][info][gc            ] GC(4) Pause Init Mark (process weakrefs) (unload classes) 1.201ms
[27.209s][info][gc,start      ] GC(4) Concurrent marking (process weakrefs) (unload classes)
[27.209s][info][gc,task       ] GC(4) Using 1 of 1 workers for concurrent marking
[27.251s][info][gc            ] GC(4) Concurrent marking (process weakrefs) (unload classes) 42.153ms
[27.251s][info][gc,start      ] GC(4) Concurrent precleaning
[27.251s][info][gc,task       ] GC(4) Using 1 of 1 workers for concurrent preclean
[27.251s][info][gc,ergo       ] GC(4) Pacer for Precleaning. Non-Taxable: 1500M
[27.253s][info][gc            ] GC(4) Concurrent precleaning 1.109ms
[27.253s][info][gc,start      ] GC(4) Pause Final Mark (process weakrefs) (unload classes)
[27.253s][info][gc,task       ] GC(4) Using 1 of 1 workers for final marking
[27.292s][info][gc,stringtable] GC(4) Cleaned string and symbol table, strings: 17090 processed, 0 removed, symbols: 118544 processed, 33 removed
[27.293s][info][gc,ergo       ] GC(4) Collectable Garbage: 593M (92%), Immediate: 593M (92%), CSet: 0B (0%)
[27.293s][info][gc            ] GC(4) Pause Final Mark (process weakrefs) (unload classes) 39.868ms
[27.293s][info][gc,start      ] GC(4) Concurrent cleanup
[27.293s][info][gc            ] GC(4) Concurrent cleanup 665M->72M(670M) 0.175ms
[27.293s][info][gc,ergo       ] GC(4) Free: 1351M, Max: 512K regular, 755M humongous, Frag: 45% external, 0% internal; Reserve: 76800K, Max: 512K
[27.293s][info][gc,ergo       ] Free: 1351M, Max: 512K regular, 755M humongous, Frag: 45% external, 0% internal; Reserve: 76800K, Max: 512K
[27.293s][info][gc,stats      ] 
[27.293s][info][gc,stats      ] All times are wall-clock times, except per-root-class counters, that are sum over
[27.293s][info][gc,stats      ] all workers. Dividing the <total> over the root stage time estimates parallelism.
[27.293s][info][gc,stats      ] 
[27.293s][info][gc,stats      ] Concurrent Reset                   1480 us
[27.293s][info][gc,stats      ] Pause Init Mark (G)                1420 us
[27.293s][info][gc,stats      ] Pause Init Mark (N)                1165 us
[27.293s][info][gc,stats      ]   Accumulate Stats                    7 us
[27.293s][info][gc,stats      ]   Make Parsable                      10 us
[27.293s][info][gc,stats      ]   Update Region States               75 us
[27.293s][info][gc,stats      ]   Scan Roots                        991 us, parallelism: 0.66x
[27.293s][info][gc,stats      ]     S: <total>                      651 us
[27.293s][info][gc,stats      ]     S: Thread Roots                 299 us, workers (us): 299, 
[27.293s][info][gc,stats      ]     S: Universe Roots                 3 us, workers (us):   3, 
[27.293s][info][gc,stats      ]     S: JNI Handles Roots              2 us, workers (us):   2, 
[27.293s][info][gc,stats      ]     S: Synchronizer Roots             1 us, workers (us):   1, 
[27.293s][info][gc,stats      ]     S: Management Roots               4 us, workers (us):   4, 
[27.293s][info][gc,stats      ]     S: System Dict Roots             12 us, workers (us):  12, 
[27.293s][info][gc,stats      ]     S: CLDG Roots                   329 us, workers (us): 329, 
[27.293s][info][gc,stats      ]     S: JVMTI Roots                    1 us, workers (us):   1, 
[27.293s][info][gc,stats      ]   Resize TLABs                        9 us
[27.293s][info][gc,stats      ] Concurrent Marking                42050 us
[27.293s][info][gc,stats      ] Concurrent Precleaning             1087 us
[27.293s][info][gc,stats      ] Pause Final Mark (G)              40148 us
[27.293s][info][gc,stats      ] Pause Final Mark (N)              39842 us
[27.293s][info][gc,stats      ]   Finish Queues                      81 us
[27.293s][info][gc,stats      ]   Weak References                  1183 us
[27.293s][info][gc,stats      ]     Process                        1177 us
[27.293s][info][gc,stats      ]   System Purge                      794 us
[27.293s][info][gc,stats      ]     Unload Classes                 1975 us
[27.293s][info][gc,stats      ]     Cleanup                       35182 us, parallelism: 0.99x
[27.293s][info][gc,stats      ]       CU: <total>                 34993 us
[27.293s][info][gc,stats      ]       CU: Code Cache Roots         9456 us, workers (us): 9456, 
[27.293s][info][gc,stats      ]       CU: Code Cache Cleaning      1750 us, workers (us): 1750, 
[27.293s][info][gc,stats      ]       CU: String Table Roots      15483 us, workers (us): 15483, 
[27.293s][info][gc,stats      ]       CU: Resolved Table Roots      118 us, workers (us): 118, 
[27.293s][info][gc,stats      ]       CU: CLDG Roots               8186 us, workers (us): 8186, 
[27.293s][info][gc,stats      ]     Weak Roots                      793 us
[27.293s][info][gc,stats      ]     CLDG                            396 us
[27.293s][info][gc,stats      ]   Update Region States               91 us
[27.293s][info][gc,stats      ]   Retire TLABs                       19 us
[27.293s][info][gc,stats      ]   Choose Collection Set              74 us
[27.293s][info][gc,stats      ]   Rebuild Free Set                   23 us
[27.293s][info][gc,stats      ] Concurrent Cleanup                  156 us
[27.293s][info][gc,stats      ] 
[27.293s][info][gc,stats      ] Allocation pacing accrued:
[27.293s][info][gc,stats      ]       0 of    89 ms (  0.0%): <total>
[27.293s][info][gc,stats      ]       0 of    89 ms (  0.0%): <average total>
[27.293s][info][gc,stats      ] 
[27.293s][info][gc,metaspace  ] Metaspace: 51499K->51113K(1095680K)
[27.293s][info][gc,ergo       ] Pacer for Idle. Initial: 30720K, Alloc Tax Rate: 1.0x
[27.293s][info][gc,start      ] Concurrent uncommit
[27.350s][info][gc            ] Concurrent uncommit 72M->72M(74M) 56.667ms
[30.760s][info][gc            ] Trigger: Learning 2 of 5. Free (1049M) is below initial threshold (1050M)
[30.760s][info][gc,ergo       ] Free: 1049M, Max: 512K regular, 755M humongous, Frag: 29% external, 0% internal; Reserve: 76800K, Max: 512K
[30.760s][info][gc,start      ] GC(5) Concurrent reset
[30.760s][info][gc,task       ] GC(5) Using 1 of 1 workers for concurrent reset
[30.760s][info][gc,ergo       ] GC(5) Pacer for Reset. Non-Taxable: 1500M
[30.761s][info][gc            ] GC(5) Concurrent reset 0.231ms
[30.763s][info][gc,start      ] GC(5) Pause Init Mark (process weakrefs)
[30.763s][info][gc,task       ] GC(5) Using 1 of 1 workers for init marking
[30.765s][info][gc,ergo       ] GC(5) Pacer for Mark. Expected Live: 197M, Free: 1049M, Non-Taxable: 104M, Alloc Tax Rate: 0.2x
[30.765s][info][gc            ] GC(5) Pause Init Mark (process weakrefs) 2.083ms
[30.765s][info][gc,start      ] GC(5) Concurrent marking (process weakrefs)
[30.765s][info][gc,task       ] GC(5) Using 1 of 1 workers for concurrent marking
[30.811s][info][gc            ] GC(5) Concurrent marking (process weakrefs) 46.026ms
[30.811s][info][gc,start      ] GC(5) Concurrent precleaning
[30.811s][info][gc,task       ] GC(5) Using 1 of 1 workers for concurrent preclean
[30.811s][info][gc,ergo       ] GC(5) Pacer for Precleaning. Non-Taxable: 1500M
[30.817s][info][gc            ] GC(5) Concurrent precleaning 6.063ms
[30.817s][info][gc,start      ] GC(5) Pause Final Mark (process weakrefs)
[30.817s][info][gc,task       ] GC(5) Using 1 of 1 workers for final marking
[30.818s][info][gc,ergo       ] GC(5) Adaptive CSet Selection. Target Free: 212M, Actual Free: 1343M, Max CSet: 64000K, Min Garbage: 0B
[30.818s][info][gc,ergo       ] GC(5) Collectable Garbage: 346M (99%), Immediate: 237M (68%), CSet: 109M (31%)
[30.822s][info][gc,ergo       ] GC(5) Pacer for Evacuation. Used CSet: 117M, Free: 1269M, Non-Taxable: 126M, Alloc Tax Rate: 1.1x
[30.822s][info][gc            ] GC(5) Pause Final Mark (process weakrefs) 4.689ms
[30.822s][info][gc,start      ] GC(5) Concurrent cleanup
[30.822s][info][gc            ] GC(5) Concurrent cleanup 392M->155M(395M) 0.082ms
[30.822s][info][gc,ergo       ] GC(5) Free: 1269M, Max: 512K regular, 755M humongous, Frag: 41% external, 0% internal; Reserve: 75776K, Max: 512K
[30.822s][info][gc,start      ] GC(5) Concurrent evacuation
[30.822s][info][gc,task       ] GC(5) Using 1 of 1 workers for concurrent evacuation
[30.844s][info][gc            ] GC(5) Concurrent evacuation 22.322ms
[30.847s][info][gc,start      ] GC(5) Pause Init Update Refs
[30.847s][info][gc,ergo       ] GC(5) Pacer for Update Refs. Used: 171M, Free: 1260M, Non-Taxable: 126M, Alloc Tax Rate: 1.1x
[30.847s][info][gc            ] GC(5) Pause Init Update Refs 0.040ms
[30.847s][info][gc,start      ] GC(5) Concurrent update references
[30.847s][info][gc,task       ] GC(5) Using 1 of 1 workers for concurrent reference update
[30.890s][info][gc            ] GC(5) Concurrent update references 42.873ms
[30.892s][info][gc,start      ] GC(5) Pause Final Update Refs
[30.892s][info][gc,task       ] GC(5) Using 1 of 1 workers for final reference update
[30.892s][info][gc            ] GC(5) Pause Final Update Refs 0.310ms
[30.892s][info][gc,start      ] GC(5) Concurrent cleanup
[30.892s][info][gc            ] GC(5) Concurrent cleanup 188M->70M(402M) 0.066ms
[30.892s][info][gc,ergo       ] Free: 1353M, Max: 512K regular, 1038M humongous, Frag: 24% external, 0% internal; Reserve: 76800K, Max: 512K
[30.892s][info][gc,stats      ] 
[30.892s][info][gc,stats      ] All times are wall-clock times, except per-root-class counters, that are sum over
[30.892s][info][gc,stats      ] all workers. Dividing the <total> over the root stage time estimates parallelism.
[30.892s][info][gc,stats      ] 
[30.892s][info][gc,stats      ] Concurrent Reset                    198 us
[30.892s][info][gc,stats      ] Pause Init Mark (G)                4403 us
[30.892s][info][gc,stats      ] Pause Init Mark (N)                2044 us
[30.892s][info][gc,stats      ]   Accumulate Stats                    9 us
[30.892s][info][gc,stats      ]   Make Parsable                      11 us
[30.892s][info][gc,stats      ]   Update Region States               54 us
[30.892s][info][gc,stats      ]   Scan Roots                       1902 us, parallelism: 0.86x
[30.892s][info][gc,stats      ]     S: <total>                     1632 us
[30.892s][info][gc,stats      ]     S: Thread Roots                 693 us, workers (us): 693, 
[30.892s][info][gc,stats      ]     S: Universe Roots                 2 us, workers (us):   2, 
[30.892s][info][gc,stats      ]     S: JNI Handles Roots              2 us, workers (us):   2, 
[30.892s][info][gc,stats      ]     S: Synchronizer Roots             0 us, workers (us):   0, 
[30.892s][info][gc,stats      ]     S: Management Roots               3 us, workers (us):   3, 
[30.892s][info][gc,stats      ]     S: System Dict Roots             45 us, workers (us):  45, 
[30.892s][info][gc,stats      ]     S: CLDG Roots                   885 us, workers (us): 885, 
[30.892s][info][gc,stats      ]     S: JVMTI Roots                    1 us, workers (us):   1, 
[30.892s][info][gc,stats      ]   Resize TLABs                        7 us
[30.892s][info][gc,stats      ] Concurrent Marking                46016 us
[30.892s][info][gc,stats      ] Concurrent Precleaning             6055 us
[30.892s][info][gc,stats      ] Pause Final Mark (G)               4832 us
[30.892s][info][gc,stats      ] Pause Final Mark (N)               4679 us
[30.892s][info][gc,stats      ]   Finish Queues                      14 us
[30.892s][info][gc,stats      ]   Weak References                   228 us
[30.892s][info][gc,stats      ]     Process                         226 us
[30.892s][info][gc,stats      ]   System Purge                      445 us
[30.892s][info][gc,stats      ]     Weak Roots                      444 us
[30.892s][info][gc,stats      ]   Update Region States               55 us
[30.892s][info][gc,stats      ]   Retire TLABs                       14 us
[30.892s][info][gc,stats      ]   Choose Collection Set              82 us
[30.892s][info][gc,stats      ]   Rebuild Free Set                   10 us
[30.892s][info][gc,stats      ]   Initial Evacuation               3824 us, parallelism: 0.50x
[30.892s][info][gc,stats      ]     E: <total>                     1899 us
[30.892s][info][gc,stats      ]     E: Thread Roots                 259 us, workers (us): 259, 
[30.892s][info][gc,stats      ]     E: Code Cache Roots             464 us, workers (us): 464, 
[30.892s][info][gc,stats      ]     E: Universe Roots                36 us, workers (us):  36, 
[30.892s][info][gc,stats      ]     E: JNI Handles Roots              3 us, workers (us):   3, 
[30.892s][info][gc,stats      ]     E: Synchronizer Roots             0 us, workers (us):   0, 
[30.892s][info][gc,stats      ]     E: Management Roots               2 us, workers (us):   2, 
[30.892s][info][gc,stats      ]     E: System Dict Roots             24 us, workers (us):  24, 
[30.892s][info][gc,stats      ]     E: CLDG Roots                  1110 us, workers (us): 1110, 
[30.892s][info][gc,stats      ]     E: JVMTI Roots                    1 us, workers (us):   1, 
[30.892s][info][gc,stats      ] Concurrent Cleanup                   74 us
[30.892s][info][gc,stats      ] Concurrent Evacuation             22310 us
[30.892s][info][gc,stats      ] Pause Init  Update Refs (G)        2199 us
[30.892s][info][gc,stats      ] Pause Init  Update Refs (N)          11 us
[30.892s][info][gc,stats      ]   Retire GCLABs                       5 us
[30.892s][info][gc,stats      ] Concurrent Update Refs            42859 us
[30.892s][info][gc,stats      ] Pause Final Update Refs (G)        2533 us
[30.892s][info][gc,stats      ] Pause Final Update Refs (N)         284 us
[30.892s][info][gc,stats      ]   Update Roots                      213 us, parallelism: 0.96x
[30.892s][info][gc,stats      ]     UR: <total>                     204 us
[30.892s][info][gc,stats      ]     UR: Thread Roots                204 us, workers (us): 204, 
[30.892s][info][gc,stats      ]   Update Region States               50 us
[30.892s][info][gc,stats      ]   Trash Collection Set                3 us
[30.892s][info][gc,stats      ]   Rebuild Free Set                   10 us
[30.892s][info][gc,stats      ] Concurrent Cleanup                   59 us
[30.892s][info][gc,stats      ] 
[30.892s][info][gc,stats      ] Allocation pacing accrued:
[30.892s][info][gc,stats      ]       0 of  3599 ms (  0.0%): <total>
[30.892s][info][gc,stats      ]       0 of  3599 ms (  0.0%): <average total>
[30.892s][info][gc,stats      ] 
[30.892s][info][gc,metaspace  ] Metaspace: 60142K->60142K(1103872K)
[30.892s][info][gc,ergo       ] Pacer for Idle. Initial: 30720K, Alloc Tax Rate: 1.0x
[31.227s][info][gc            ] Trigger: Learning 3 of 5. Free (1049M) is below initial threshold (1050M)
[31.227s][info][gc,ergo       ] Free: 1049M, Max: 512K regular, 1038M humongous, Frag: 2% external, 0% internal; Reserve: 76800K, Max: 512K
[31.227s][info][gc,start      ] GC(6) Concurrent reset
[31.227s][info][gc,task       ] GC(6) Using 1 of 1 workers for concurrent reset
[31.227s][info][gc,ergo       ] GC(6) Pacer for Reset. Non-Taxable: 1500M
[31.228s][info][gc            ] GC(6) Concurrent reset 0.288ms
[31.230s][info][gc,start      ] GC(6) Pause Init Mark
[31.230s][info][gc,task       ] GC(6) Using 1 of 1 workers for init marking
[31.231s][info][gc,ergo       ] GC(6) Pacer for Mark. Expected Live: 199M, Free: 1049M, Non-Taxable: 104M, Alloc Tax Rate: 0.2x
[31.231s][info][gc            ] GC(6) Pause Init Mark 1.131ms
[31.231s][info][gc,start      ] GC(6) Concurrent marking
[31.231s][info][gc,task       ] GC(6) Using 1 of 1 workers for concurrent marking
[31.266s][info][gc            ] GC(6) Concurrent marking 34.594ms
[31.266s][info][gc,start      ] GC(6) Pause Final Mark
[31.266s][info][gc,task       ] GC(6) Using 1 of 1 workers for final marking
[31.266s][info][gc,ergo       ] GC(6) Collectable Garbage: 345M (98%), Immediate: 345M (98%), CSet: 0B (0%)
[31.266s][info][gc            ] GC(6) Pause Final Mark 0.352ms
[31.266s][info][gc,start      ] GC(6) Concurrent cleanup
[31.266s][info][gc            ] GC(6) Concurrent cleanup 388M->43M(405M) 0.092ms
[31.266s][info][gc,ergo       ] GC(6) Free: 1380M, Max: 512K regular, 1035M humongous, Frag: 25% external, 0% internal; Reserve: 76800K, Max: 512K
[31.266s][info][gc,ergo       ] Free: 1380M, Max: 512K regular, 1035M humongous, Frag: 25% external, 0% internal; Reserve: 76800K, Max: 512K
[31.266s][info][gc,stats      ] 
[31.266s][info][gc,stats      ] All times are wall-clock times, except per-root-class counters, that are sum over
[31.266s][info][gc,stats      ] all workers. Dividing the <total> over the root stage time estimates parallelism.
[31.266s][info][gc,stats      ] 
[31.266s][info][gc,stats      ] Concurrent Reset                    277 us
[31.266s][info][gc,stats      ] Pause Init Mark (G)                3469 us
[31.266s][info][gc,stats      ] Pause Init Mark (N)                1102 us
[31.266s][info][gc,stats      ]   Accumulate Stats                    7 us
[31.266s][info][gc,stats      ]   Make Parsable                       6 us
[31.266s][info][gc,stats      ]   Update Region States               47 us
[31.266s][info][gc,stats      ]   Scan Roots                       1011 us, parallelism: 0.73x
[31.266s][info][gc,stats      ]     S: <total>                      741 us
[31.266s][info][gc,stats      ]     S: Thread Roots                 217 us, workers (us): 217, 
[31.266s][info][gc,stats      ]     S: Universe Roots                 2 us, workers (us):   2, 
[31.266s][info][gc,stats      ]     S: JNI Handles Roots              2 us, workers (us):   2, 
[31.266s][info][gc,stats      ]     S: Synchronizer Roots             0 us, workers (us):   0, 
[31.266s][info][gc,stats      ]     S: Management Roots               2 us, workers (us):   2, 
[31.266s][info][gc,stats      ]     S: System Dict Roots             21 us, workers (us):  21, 
[31.266s][info][gc,stats      ]     S: CLDG Roots                   496 us, workers (us): 496, 
[31.266s][info][gc,stats      ]     S: JVMTI Roots                    1 us, workers (us):   1, 
[31.266s][info][gc,stats      ]   Resize TLABs                        4 us
[31.266s][info][gc,stats      ] Concurrent Marking                34581 us
[31.266s][info][gc,stats      ] Pause Final Mark (G)                400 us
[31.266s][info][gc,stats      ] Pause Final Mark (N)                344 us
[31.266s][info][gc,stats      ]   Finish Queues                       9 us
[31.266s][info][gc,stats      ]   System Purge                      242 us
[31.266s][info][gc,stats      ]     Weak Roots                      241 us
[31.266s][info][gc,stats      ]   Update Region States               49 us
[31.266s][info][gc,stats      ]   Retire TLABs                        6 us
[31.266s][info][gc,stats      ]   Choose Collection Set              25 us
[31.266s][info][gc,stats      ]   Rebuild Free Set                   10 us
[31.266s][info][gc,stats      ] Concurrent Cleanup                   85 us
[31.266s][info][gc,stats      ] 
[31.266s][info][gc,stats      ] Allocation pacing accrued:
[31.266s][info][gc,stats      ]       0 of   374 ms (  0.0%): <total>
[31.266s][info][gc,stats      ]       0 of   374 ms (  0.0%): <average total>
[31.266s][info][gc,stats      ] 
[31.266s][info][gc,metaspace  ] Metaspace: 60145K->60145K(1103872K)
[31.266s][info][gc,ergo       ] Pacer for Idle. Initial: 30720K, Alloc Tax Rate: 1.0x
[31.581s][info][gc            ] Trigger: Average GC time (1128.62 ms) is above the time for allocation rate (891 MB/s) to deplete free headroom (1004M)
[31.581s][info][gc,ergo       ] Free headroom: 1079M (free) - 76800K (spike) - 0B (penalties) = 1004M
[31.581s][info][gc,ergo       ] Free: 1079M, Max: 512K regular, 1035M humongous, Frag: 5% external, 0% internal; Reserve: 76800K, Max: 512K
[31.581s][info][gc,start      ] GC(7) Concurrent reset
[31.581s][info][gc,task       ] GC(7) Using 1 of 1 workers for concurrent reset
[31.581s][info][gc,ergo       ] GC(7) Pacer for Reset. Non-Taxable: 1500M
[31.581s][info][gc            ] GC(7) Concurrent reset 0.137ms
[31.583s][info][gc,start      ] GC(7) Pause Init Mark
[31.583s][info][gc,task       ] GC(7) Using 1 of 1 workers for init marking
[31.584s][info][gc,ergo       ] GC(7) Pacer for Mark. Expected Live: 199M, Free: 1079M, Non-Taxable: 107M, Alloc Tax Rate: 0.2x
[31.585s][info][gc            ] GC(7) Pause Init Mark 1.111ms
[31.585s][info][gc,start      ] GC(7) Concurrent marking
[31.585s][info][gc,task       ] GC(7) Using 1 of 1 workers for concurrent marking
[31.626s][info][gc            ] GC(7) Concurrent marking 41.490ms
[31.626s][info][gc,start      ] GC(7) Pause Final Mark
[31.626s][info][gc,task       ] GC(7) Using 1 of 1 workers for final marking
[31.627s][info][gc,ergo       ] GC(7) Collectable Garbage: 314M (98%), Immediate: 314M (98%), CSet: 0B (0%)
[31.627s][info][gc            ] GC(7) Pause Final Mark 0.809ms
[31.627s][info][gc,start      ] GC(7) Concurrent cleanup
[31.627s][info][gc            ] GC(7) Concurrent cleanup 362M->48M(405M) 0.241ms
[31.627s][info][gc,ergo       ] GC(7) Free: 1375M, Max: 512K regular, 1076M humongous, Frag: 22% external, 0% internal; Reserve: 76800K, Max: 512K
[31.627s][info][gc,ergo       ] Free: 1375M, Max: 512K regular, 1076M humongous, Frag: 22% external, 0% internal; Reserve: 76800K, Max: 512K
[31.627s][info][gc,stats      ] 
[31.627s][info][gc,stats      ] All times are wall-clock times, except per-root-class counters, that are sum over
[31.627s][info][gc,stats      ] all workers. Dividing the <total> over the root stage time estimates parallelism.
[31.627s][info][gc,stats      ] 
[31.627s][info][gc,stats      ] Concurrent Reset                    127 us
[31.627s][info][gc,stats      ] Pause Init Mark (G)                3318 us
[31.627s][info][gc,stats      ] Pause Init Mark (N)                1081 us
[31.627s][info][gc,stats      ]   Accumulate Stats                    7 us
[31.627s][info][gc,stats      ]   Make Parsable                       6 us
[31.627s][info][gc,stats      ]   Update Region States               41 us
[31.627s][info][gc,stats      ]   Scan Roots                       1001 us, parallelism: 0.75x
[31.627s][info][gc,stats      ]     S: <total>                      750 us
[31.628s][info][gc,stats      ]     S: Thread Roots                 207 us, workers (us): 207, 
[31.628s][info][gc,stats      ]     S: Universe Roots                 3 us, workers (us):   3, 
[31.628s][info][gc,stats      ]     S: JNI Handles Roots              2 us, workers (us):   2, 
[31.628s][info][gc,stats      ]     S: Synchronizer Roots             0 us, workers (us):   0, 
[31.628s][info][gc,stats      ]     S: Management Roots               1 us, workers (us):   1, 
[31.628s][info][gc,stats      ]     S: System Dict Roots             18 us, workers (us):  18, 
[31.628s][info][gc,stats      ]     S: CLDG Roots                   518 us, workers (us): 518, 
[31.628s][info][gc,stats      ]     S: JVMTI Roots                    1 us, workers (us):   1, 
[31.628s][info][gc,stats      ]   Resize TLABs                        3 us
[31.628s][info][gc,stats      ] Concurrent Marking                41480 us
[31.628s][info][gc,stats      ] Pause Final Mark (G)                942 us
[31.628s][info][gc,stats      ] Pause Final Mark (N)                790 us
[31.628s][info][gc,stats      ]   Finish Queues                      26 us
[31.628s][info][gc,stats      ]   System Purge                      454 us
[31.628s][info][gc,stats      ]     Weak Roots                      453 us
[31.628s][info][gc,stats      ]   Update Region States              190 us
[31.628s][info][gc,stats      ]   Retire TLABs                       13 us
[31.628s][info][gc,stats      ]   Choose Collection Set              63 us
[31.628s][info][gc,stats      ]   Rebuild Free Set                   31 us
[31.628s][info][gc,stats      ] Concurrent Cleanup                  222 us
[31.628s][info][gc,stats      ] 
[31.628s][info][gc,stats      ] Allocation pacing accrued:
[31.628s][info][gc,stats      ]       0 of   361 ms (  0.0%): <total>
[31.628s][info][gc,stats      ]       0 of   361 ms (  0.0%): <average total>
[31.628s][info][gc,stats      ] 
[31.628s][info][gc,metaspace  ] Metaspace: 60170K->60170K(1103872K)
[31.628s][info][gc,ergo       ] Pacer for Idle. Initial: 30720K, Alloc Tax Rate: 1.0x
[31.976s][info][gc            ] Trigger: Learning 5 of 5. Free (1049M) is below initial threshold (1050M)
[31.976s][info][gc,ergo       ] Free: 1049M, Max: 512K regular, 1049M humongous, Frag: 0% external, 0% internal; Reserve: 76800K, Max: 512K
[31.976s][info][gc,start      ] GC(8) Concurrent reset
[31.976s][info][gc,task       ] GC(8) Using 1 of 1 workers for concurrent reset
[31.976s][info][gc,ergo       ] GC(8) Pacer for Reset. Non-Taxable: 1500M
[31.976s][info][gc            ] GC(8) Concurrent reset 0.125ms
[31.978s][info][gc,start      ] GC(8) Pause Init Mark
[31.978s][info][gc,task       ] GC(8) Using 1 of 1 workers for init marking
[31.979s][info][gc,ergo       ] GC(8) Pacer for Mark. Expected Live: 139M, Free: 1049M, Non-Taxable: 104M, Alloc Tax Rate: 0.2x
[31.979s][info][gc            ] GC(8) Pause Init Mark 1.193ms
[31.979s][info][gc,start      ] GC(8) Concurrent marking
[31.979s][info][gc,task       ] GC(8) Using 1 of 1 workers for concurrent marking
[32.015s][info][gc            ] GC(8) Concurrent marking 36.067ms
[32.015s][info][gc,start      ] GC(8) Pause Final Mark
[32.015s][info][gc,task       ] GC(8) Using 1 of 1 workers for final marking
[32.016s][info][gc,ergo       ] GC(8) Collectable Garbage: 344M (98%), Immediate: 344M (98%), CSet: 0B (0%)
[32.016s][info][gc            ] GC(8) Pause Final Mark 0.379ms
[32.016s][info][gc,start      ] GC(8) Concurrent cleanup
[32.016s][info][gc            ] GC(8) Concurrent cleanup 387M->43M(405M) 0.082ms
[32.016s][info][gc,ergo       ] GC(8) Free: 1380M, Max: 512K regular, 1036M humongous, Frag: 25% external, 0% internal; Reserve: 76800K, Max: 512K
[32.016s][info][gc,ergo       ] Free: 1380M, Max: 512K regular, 1036M humongous, Frag: 25% external, 0% internal; Reserve: 76800K, Max: 512K
[32.016s][info][gc,stats      ] 
[32.016s][info][gc,stats      ] All times are wall-clock times, except per-root-class counters, that are sum over
[32.016s][info][gc,stats      ] all workers. Dividing the <total> over the root stage time estimates parallelism.
[32.016s][info][gc,stats      ] 
[32.016s][info][gc,stats      ] Concurrent Reset                    116 us
[32.016s][info][gc,stats      ] Pause Init Mark (G)                3380 us
[32.016s][info][gc,stats      ] Pause Init Mark (N)                1178 us
[32.016s][info][gc,stats      ]   Accumulate Stats                    6 us
[32.016s][info][gc,stats      ]   Make Parsable                       5 us
[32.016s][info][gc,stats      ]   Update Region States               28 us
[32.016s][info][gc,stats      ]   Scan Roots                       1085 us, parallelism: 0.76x
[32.016s][info][gc,stats      ]     S: <total>                      827 us
[32.016s][info][gc,stats      ]     S: Thread Roots                 251 us, workers (us): 251, 
[32.016s][info][gc,stats      ]     S: Universe Roots                 2 us, workers (us):   2, 
[32.016s][info][gc,stats      ]     S: JNI Handles Roots              1 us, workers (us):   1, 
[32.016s][info][gc,stats      ]     S: Synchronizer Roots             0 us, workers (us):   0, 
[32.016s][info][gc,stats      ]     S: Management Roots               1 us, workers (us):   1, 
[32.016s][info][gc,stats      ]     S: System Dict Roots             10 us, workers (us):  10, 
[32.016s][info][gc,stats      ]     S: CLDG Roots                   561 us, workers (us): 561, 
[32.016s][info][gc,stats      ]     S: JVMTI Roots                    1 us, workers (us):   1, 
[32.016s][info][gc,stats      ]   Resize TLABs                        6 us
[32.016s][info][gc,stats      ] Concurrent Marking                36058 us
[32.016s][info][gc,stats      ] Pause Final Mark (G)                430 us
[32.016s][info][gc,stats      ] Pause Final Mark (N)                371 us
[32.016s][info][gc,stats      ]   Finish Queues                       9 us
[32.016s][info][gc,stats      ]   System Purge                      269 us
[32.016s][info][gc,stats      ]     Weak Roots                      269 us
[32.016s][info][gc,stats      ]   Update Region States               50 us
[32.016s][info][gc,stats      ]   Retire TLABs                        8 us
[32.016s][info][gc,stats      ]   Choose Collection Set              20 us
[32.016s][info][gc,stats      ]   Rebuild Free Set                   10 us
[32.016s][info][gc,stats      ] Concurrent Cleanup                   75 us
[32.016s][info][gc,stats      ] 
[32.016s][info][gc,stats      ] Allocation pacing accrued:
[32.016s][info][gc,stats      ]       0 of   388 ms (  0.0%): <total>
[32.016s][info][gc,stats      ]       0 of   388 ms (  0.0%): <average total>
[32.016s][info][gc,stats      ] 
[32.016s][info][gc,metaspace  ] Metaspace: 60170K->60170K(1103872K)
[32.016s][info][gc,ergo       ] Pacer for Idle. Initial: 30720K, Alloc Tax Rate: 1.0x
[34.423s][info][gc            ] Trigger: Free (148M) is below minimum threshold (150M)
[34.423s][info][gc,ergo       ] Free: 148M, Max: 512K regular, 148M humongous, Frag: 0% external, 0% internal; Reserve: 76800K, Max: 512K
[34.423s][info][gc,start      ] GC(9) Concurrent reset
[34.423s][info][gc,task       ] GC(9) Using 1 of 1 workers for concurrent reset
[34.423s][info][gc,ergo       ] GC(9) Pacer for Reset. Non-Taxable: 1500M
[34.423s][info][gc            ] GC(9) Concurrent reset 0.189ms
[34.426s][info][gc,start      ] GC(9) Pause Init Mark
[34.426s][info][gc,task       ] GC(9) Using 1 of 1 workers for init marking
[34.427s][info][gc,ergo       ] GC(9) Pacer for Mark. Expected Live: 24993K, Free: 148M, Non-Taxable: 15206K, Alloc Tax Rate: 0.2x
[34.427s][info][gc            ] GC(9) Pause Init Mark 1.152ms
[34.427s][info][gc,start      ] GC(9) Concurrent marking
[34.427s][info][gc,task       ] GC(9) Using 1 of 1 workers for concurrent marking
[34.463s][info][gc            ] GC(9) Concurrent marking 36.055ms
[34.463s][info][gc,start      ] GC(9) Pause Final Mark
[34.463s][info][gc,task       ] GC(9) Using 1 of 1 workers for final marking
[34.463s][info][gc,ergo       ] GC(9) Collectable Garbage: 1232M (98%), Immediate: 1232M (98%), CSet: 0B (0%)
[34.463s][info][gc            ] GC(9) Pause Final Mark 0.392ms
[34.463s][info][gc,start      ] GC(9) Concurrent cleanup
[34.463s][info][gc            ] GC(9) Concurrent cleanup 1285M->53M(1292M) 0.154ms
[34.463s][info][gc,ergo       ] GC(9) Free: 1370M, Max: 512K regular, 348M humongous, Frag: 75% external, 0% internal; Reserve: 76800K, Max: 512K
[34.463s][info][gc,ergo       ] Free: 1370M, Max: 512K regular, 348M humongous, Frag: 75% external, 0% internal; Reserve: 76800K, Max: 512K
[34.463s][info][gc,stats      ] 
[34.463s][info][gc,stats      ] All times are wall-clock times, except per-root-class counters, that are sum over
[34.463s][info][gc,stats      ] all workers. Dividing the <total> over the root stage time estimates parallelism.
[34.464s][info][gc,stats      ] 
[34.464s][info][gc,stats      ] Concurrent Reset                    156 us
[34.464s][info][gc,stats      ] Pause Init Mark (G)                3314 us
[34.464s][info][gc,stats      ] Pause Init Mark (N)                1136 us
[34.464s][info][gc,stats      ]   Accumulate Stats                    6 us
[34.464s][info][gc,stats      ]   Make Parsable                       9 us
[34.464s][info][gc,stats      ]   Update Region States               32 us
[34.464s][info][gc,stats      ]   Scan Roots                       1062 us, parallelism: 0.75x
[34.464s][info][gc,stats      ]     S: <total>                      794 us
[34.464s][info][gc,stats      ]     S: Thread Roots                 222 us, workers (us): 222, 
[34.464s][info][gc,stats      ]     S: Universe Roots                 2 us, workers (us):   2, 
[34.464s][info][gc,stats      ]     S: JNI Handles Roots              2 us, workers (us):   2, 
[34.464s][info][gc,stats      ]     S: Synchronizer Roots             0 us, workers (us):   0, 
[34.464s][info][gc,stats      ]     S: Management Roots               1 us, workers (us):   1, 
[34.464s][info][gc,stats      ]     S: System Dict Roots             19 us, workers (us):  19, 
[34.464s][info][gc,stats      ]     S: CLDG Roots                   548 us, workers (us): 548, 
[34.464s][info][gc,stats      ]     S: JVMTI Roots                    1 us, workers (us):   1, 
[34.464s][info][gc,stats      ]   Resize TLABs                        3 us
[34.464s][info][gc,stats      ] Concurrent Marking                36046 us
[34.464s][info][gc,stats      ] Pause Final Mark (G)                444 us
[34.464s][info][gc,stats      ] Pause Final Mark (N)                384 us
[34.464s][info][gc,stats      ]   Finish Queues                       8 us
[34.464s][info][gc,stats      ]   System Purge                      277 us
[34.464s][info][gc,stats      ]     Weak Roots                      277 us
[34.464s][info][gc,stats      ]   Update Region States               48 us
[34.464s][info][gc,stats      ]   Retire TLABs                        7 us
[34.464s][info][gc,stats      ]   Choose Collection Set              28 us
[34.464s][info][gc,stats      ]   Rebuild Free Set                   10 us
[34.464s][info][gc,stats      ] Concurrent Cleanup                  146 us
[34.464s][info][gc,stats      ] 
[34.464s][info][gc,stats      ] Allocation pacing accrued:
[34.464s][info][gc,stats      ]       0 of  2448 ms (  0.0%): <total>
[34.464s][info][gc,stats      ]       0 of  2448 ms (  0.0%): <average total>
[34.464s][info][gc,stats      ] 
[34.464s][info][gc,metaspace  ] Metaspace: 60776K->60776K(1103872K)
[34.464s][info][gc,ergo       ] Pacer for Idle. Initial: 30720K, Alloc Tax Rate: 1.0x
[36.387s][info][gc            ] Trigger: Free (149M) is below minimum threshold (150M)
[36.387s][info][gc,ergo       ] Free: 149M, Max: 512K regular, 138M humongous, Frag: 8% external, 0% internal; Reserve: 76800K, Max: 512K
[36.387s][info][gc,start      ] GC(10) Concurrent reset
[36.387s][info][gc,task       ] GC(10) Using 1 of 1 workers for concurrent reset
[36.387s][info][gc,ergo       ] GC(10) Pacer for Reset. Non-Taxable: 1500M
[36.388s][info][gc            ] GC(10) Concurrent reset 0.207ms
[36.390s][info][gc,start      ] GC(10) Pause Init Mark (process weakrefs)
[36.390s][info][gc,task       ] GC(10) Using 1 of 1 workers for init marking
[36.391s][info][gc,ergo       ] GC(10) Pacer for Mark. Expected Live: 25798K, Free: 149M, Non-Taxable: 15257K, Alloc Tax Rate: 0.2x
[36.391s][info][gc            ] GC(10) Pause Init Mark (process weakrefs) 1.236ms
[36.391s][info][gc,start      ] GC(10) Concurrent marking (process weakrefs)
[36.391s][info][gc,task       ] GC(10) Using 1 of 1 workers for concurrent marking
[36.433s][info][gc            ] GC(10) Concurrent marking (process weakrefs) 42.183ms
[36.433s][info][gc,start      ] GC(10) Concurrent precleaning
[36.433s][info][gc,task       ] GC(10) Using 1 of 1 workers for concurrent preclean
[36.433s][info][gc,ergo       ] GC(10) Pacer for Precleaning. Non-Taxable: 1500M
[36.434s][info][gc            ] GC(10) Concurrent precleaning 0.564ms
[36.434s][info][gc,start      ] GC(10) Pause Final Mark (process weakrefs)
[36.434s][info][gc,task       ] GC(10) Using 1 of 1 workers for final marking
[36.434s][info][gc,ergo       ] GC(10) Collectable Garbage: 1228M (98%), Immediate: 1228M (98%), CSet: 0B (0%)
[36.434s][info][gc            ] GC(10) Pause Final Mark (process weakrefs) 0.439ms
[36.434s][info][gc,start      ] GC(10) Concurrent cleanup
[36.434s][info][gc            ] GC(10) Concurrent cleanup 1289M->61M(1296M) 0.150ms
[36.434s][info][gc,ergo       ] GC(10) Free: 1362M, Max: 512K regular, 267M humongous, Frag: 81% external, 0% internal; Reserve: 76800K, Max: 512K
[36.434s][info][gc,ergo       ] Free: 1362M, Max: 512K regular, 267M humongous, Frag: 81% external, 0% internal; Reserve: 76800K, Max: 512K
[36.434s][info][gc,stats      ] 
[36.434s][info][gc,stats      ] All times are wall-clock times, except per-root-class counters, that are sum over
[36.434s][info][gc,stats      ] all workers. Dividing the <total> over the root stage time estimates parallelism.
[36.434s][info][gc,stats      ] 
[36.435s][info][gc,stats      ] Concurrent Reset                    179 us
[36.435s][info][gc,stats      ] Pause Init Mark (G)                3486 us
[36.435s][info][gc,stats      ] Pause Init Mark (N)                1198 us
[36.435s][info][gc,stats      ]   Accumulate Stats                    7 us
[36.435s][info][gc,stats      ]   Make Parsable                       9 us
[36.435s][info][gc,stats      ]   Update Region States               48 us
[36.435s][info][gc,stats      ]   Scan Roots                       1057 us, parallelism: 0.74x
[36.435s][info][gc,stats      ]     S: <total>                      782 us
[36.435s][info][gc,stats      ]     S: Thread Roots                 237 us, workers (us): 237, 
[36.435s][info][gc,stats      ]     S: Universe Roots                 2 us, workers (us):   2, 
[36.435s][info][gc,stats      ]     S: JNI Handles Roots              2 us, workers (us):   2, 
[36.435s][info][gc,stats      ]     S: Synchronizer Roots             0 us, workers (us):   0, 
[36.435s][info][gc,stats      ]     S: Management Roots               2 us, workers (us):   2, 
[36.435s][info][gc,stats      ]     S: System Dict Roots             11 us, workers (us):  11, 
[36.435s][info][gc,stats      ]     S: CLDG Roots                   526 us, workers (us): 526, 
[36.435s][info][gc,stats      ]     S: JVMTI Roots                    1 us, workers (us):   1, 
[36.435s][info][gc,stats      ]   Resize TLABs                        4 us
[36.435s][info][gc,stats      ] Concurrent Marking                42174 us
[36.435s][info][gc,stats      ] Concurrent Precleaning              558 us
[36.435s][info][gc,stats      ] Pause Final Mark (G)                501 us
[36.435s][info][gc,stats      ] Pause Final Mark (N)                432 us
[36.435s][info][gc,stats      ]   Finish Queues                       9 us
[36.435s][info][gc,stats      ]   Weak References                    29 us
[36.435s][info][gc,stats      ]     Process                          27 us
[36.435s][info][gc,stats      ]   System Purge                      294 us
[36.435s][info][gc,stats      ]     Weak Roots                      294 us
[36.435s][info][gc,stats      ]   Update Region States               50 us
[36.435s][info][gc,stats      ]   Retire TLABs                        7 us
[36.435s][info][gc,stats      ]   Choose Collection Set              28 us
[36.435s][info][gc,stats      ]   Rebuild Free Set                   10 us
[36.435s][info][gc,stats      ] Concurrent Cleanup                  143 us
[36.435s][info][gc,stats      ] 
[36.435s][info][gc,stats      ] Allocation pacing accrued:
[36.435s][info][gc,stats      ]       0 of  1971 ms (  0.0%): <total>
[36.435s][info][gc,stats      ]       0 of  1971 ms (  0.0%): <average total>
[36.435s][info][gc,stats      ] 
[36.435s][info][gc,metaspace  ] Metaspace: 60804K->60804K(1103872K)
[36.435s][info][gc,ergo       ] Pacer for Idle. Initial: 30720K, Alloc Tax Rate: 1.0x
[39.960s][info][gc            ] Trigger: Free (149M) is below minimum threshold (150M)
[39.961s][info][gc,ergo       ] Free: 149M, Max: 512K regular, 134M humongous, Frag: 11% external, 0% internal; Reserve: 76800K, Max: 512K
[39.961s][info][gc,start      ] GC(11) Concurrent reset
[39.961s][info][gc,task       ] GC(11) Using 1 of 1 workers for concurrent reset
[39.961s][info][gc,ergo       ] GC(11) Pacer for Reset. Non-Taxable: 1500M
[39.961s][info][gc            ] GC(11) Concurrent reset 0.207ms
[39.963s][info][gc,start      ] GC(11) Pause Init Mark
[39.963s][info][gc,task       ] GC(11) Using 1 of 1 workers for init marking
[39.965s][info][gc,ergo       ] GC(11) Pacer for Mark. Expected Live: 25811K, Free: 149M, Non-Taxable: 15308K, Alloc Tax Rate: 0.2x
[39.965s][info][gc            ] GC(11) Pause Init Mark 1.618ms
[39.965s][info][gc,start      ] GC(11) Concurrent marking
[39.965s][info][gc,task       ] GC(11) Using 1 of 1 workers for concurrent marking
[40.096s][info][gc            ] GC(11) Concurrent marking 131.663ms
[40.098s][info][gc,start      ] GC(11) Pause Final Mark
[40.098s][info][gc,task       ] GC(11) Using 1 of 1 workers for final marking
[40.098s][info][gc,ergo       ] GC(11) Adaptive CSet Selection. Target Free: 212M, Actual Free: 1298M, Max CSet: 64000K, Min Garbage: 0B
[40.098s][info][gc,ergo       ] GC(11) Collectable Garbage: 1224M (99%), Immediate: 1088M (88%), CSet: 136M (11%)
[40.100s][info][gc,ergo       ] GC(11) Pacer for Evacuation. Used CSet: 156M, Free: 1225M, Non-Taxable: 122M, Alloc Tax Rate: 1.1x
[40.100s][info][gc            ] GC(11) Pause Final Mark 2.437ms
[40.100s][info][gc,start      ] GC(11) Concurrent cleanup
[40.100s][info][gc            ] GC(11) Concurrent cleanup 1286M->198M(1296M) 0.189ms
[40.100s][info][gc,ergo       ] GC(11) Free: 1225M, Max: 512K regular, 267M humongous, Frag: 79% external, 0% internal; Reserve: 76673K, Max: 512K
[40.100s][info][gc,start      ] GC(11) Concurrent evacuation
[40.100s][info][gc,task       ] GC(11) Using 1 of 1 workers for concurrent evacuation
[40.160s][info][gc            ] GC(11) Concurrent evacuation 60.124ms
[40.163s][info][gc,start      ] GC(11) Pause Init Update Refs
[40.163s][info][gc,ergo       ] GC(11) Pacer for Update Refs. Used: 223M, Free: 1220M, Non-Taxable: 122M, Alloc Tax Rate: 1.1x
[40.163s][info][gc            ] GC(11) Pause Init Update Refs 0.036ms
[40.163s][info][gc,start      ] GC(11) Concurrent update references
[40.163s][info][gc,task       ] GC(11) Using 1 of 1 workers for concurrent reference update
[40.261s][info][gc            ] GC(11) Concurrent update references 98.289ms
[40.263s][info][gc,start      ] GC(11) Pause Final Update Refs
[40.263s][info][gc,task       ] GC(11) Using 1 of 1 workers for final reference update
[40.264s][info][gc            ] GC(11) Pause Final Update Refs 0.392ms
[40.264s][info][gc,start      ] GC(11) Concurrent cleanup
[40.264s][info][gc            ] GC(11) Concurrent cleanup 235M->79M(1311M) 0.070ms
[40.264s][info][gc,ergo       ] Free: 1344M, Max: 512K regular, 1161M humongous, Frag: 14% external, 0% internal; Reserve: 76800K, Max: 512K
[40.264s][info][gc,stats      ] 
[40.264s][info][gc,stats      ] All times are wall-clock times, except per-root-class counters, that are sum over
[40.264s][info][gc,stats      ] all workers. Dividing the <total> over the root stage time estimates parallelism.
[40.264s][info][gc,stats      ] 
[40.264s][info][gc,stats      ] Concurrent Reset                    177 us
[40.264s][info][gc,stats      ] Pause Init Mark (G)                3788 us
[40.264s][info][gc,stats      ] Pause Init Mark (N)                1580 us
[40.264s][info][gc,stats      ]   Accumulate Stats                    7 us
[40.264s][info][gc,stats      ]   Make Parsable                      11 us
[40.264s][info][gc,stats      ]   Update Region States               49 us
[40.264s][info][gc,stats      ]   Scan Roots                       1471 us, parallelism: 0.78x
[40.264s][info][gc,stats      ]     S: <total>                     1145 us
[40.264s][info][gc,stats      ]     S: Thread Roots                 511 us, workers (us): 511, 
[40.264s][info][gc,stats      ]     S: Universe Roots                 2 us, workers (us):   2, 
[40.264s][info][gc,stats      ]     S: JNI Handles Roots              2 us, workers (us):   2, 
[40.264s][info][gc,stats      ]     S: Synchronizer Roots             0 us, workers (us):   0, 
[40.264s][info][gc,stats      ]     S: Management Roots               2 us, workers (us):   2, 
[40.264s][info][gc,stats      ]     S: System Dict Roots             23 us, workers (us):  23, 
[40.264s][info][gc,stats      ]     S: CLDG Roots                   604 us, workers (us): 604, 
[40.264s][info][gc,stats      ]     S: JVMTI Roots                    1 us, workers (us):   1, 
[40.264s][info][gc,stats      ]   Resize TLABs                        6 us
[40.264s][info][gc,stats      ] Concurrent Marking               131654 us
[40.264s][info][gc,stats      ] Pause Final Mark (G)               3608 us
[40.264s][info][gc,stats      ] Pause Final Mark (N)               2417 us
[40.264s][info][gc,stats      ]   Finish Queues                      17 us
[40.264s][info][gc,stats      ]   System Purge                      286 us
[40.264s][info][gc,stats      ]     Weak Roots                      286 us
[40.264s][info][gc,stats      ]   Update Region States               50 us
[40.264s][info][gc,stats      ]   Retire TLABs                        6 us
[40.264s][info][gc,stats      ]   Choose Collection Set              65 us
[40.264s][info][gc,stats      ]   Rebuild Free Set                   10 us
[40.264s][info][gc,stats      ]   Initial Evacuation               1964 us, parallelism: 0.60x
[40.264s][info][gc,stats      ]     E: <total>                     1180 us
[40.264s][info][gc,stats      ]     E: Thread Roots                 292 us, workers (us): 292, 
[40.264s][info][gc,stats      ]     E: Code Cache Roots             312 us, workers (us): 312, 
[40.264s][info][gc,stats      ]     E: Universe Roots                 1 us, workers (us):   1, 
[40.264s][info][gc,stats      ]     E: JNI Handles Roots              1 us, workers (us):   1, 
[40.264s][info][gc,stats      ]     E: Synchronizer Roots             0 us, workers (us):   0, 
[40.264s][info][gc,stats      ]     E: Management Roots               2 us, workers (us):   2, 
[40.264s][info][gc,stats      ]     E: System Dict Roots             12 us, workers (us):  12, 
[40.264s][info][gc,stats      ]     E: CLDG Roots                   560 us, workers (us): 560, 
[40.264s][info][gc,stats      ]     E: JVMTI Roots                    1 us, workers (us):   1, 
[40.264s][info][gc,stats      ] Concurrent Cleanup                  178 us
[40.264s][info][gc,stats      ] Concurrent Evacuation             60111 us
[40.264s][info][gc,stats      ] Pause Init  Update Refs (G)        2220 us
[40.264s][info][gc,stats      ] Pause Init  Update Refs (N)          12 us
[40.264s][info][gc,stats      ]   Retire GCLABs                       4 us
[40.264s][info][gc,stats      ] Concurrent Update Refs            98272 us
[40.264s][info][gc,stats      ] Pause Final Update Refs (G)        2548 us
[40.264s][info][gc,stats      ] Pause Final Update Refs (N)         355 us
[40.264s][info][gc,stats      ]   Update Roots                      281 us, parallelism: 0.96x
[40.264s][info][gc,stats      ]     UR: <total>                     270 us
[40.264s][info][gc,stats      ]     UR: Thread Roots                270 us, workers (us): 270, 
[40.264s][info][gc,stats      ]   Update Region States               53 us
[40.264s][info][gc,stats      ]   Trash Collection Set                3 us
[40.264s][info][gc,stats      ]   Rebuild Free Set                   11 us
[40.264s][info][gc,stats      ] Concurrent Cleanup                   62 us
[40.264s][info][gc,stats      ] 
[40.264s][info][gc,stats      ] Allocation pacing accrued:
[40.264s][info][gc,stats      ]       0 of  3829 ms (  0.0%): <total>
[40.264s][info][gc,stats      ]       0 of  3829 ms (  0.0%): <average total>
[40.264s][info][gc,stats      ] 
[40.264s][info][gc,metaspace  ] Metaspace: 62159K->62159K(1105920K)
[40.264s][info][gc,ergo       ] Pacer for Idle. Initial: 30720K, Alloc Tax Rate: 1.0x
[46.841s][info][gc            ] Trigger: Free (149M) is below minimum threshold (150M)
[46.841s][info][gc,ergo       ] Free: 149M, Max: 512K regular, 120M humongous, Frag: 20% external, 0% internal; Reserve: 76800K, Max: 512K
[46.841s][info][gc,start      ] GC(12) Concurrent reset
[46.841s][info][gc,task       ] GC(12) Using 1 of 1 workers for concurrent reset
[46.841s][info][gc,ergo       ] GC(12) Pacer for Reset. Non-Taxable: 1500M
[46.841s][info][gc            ] GC(12) Concurrent reset 0.387ms
[46.844s][info][gc,start      ] GC(12) Pause Init Mark
[46.844s][info][gc,task       ] GC(12) Using 1 of 1 workers for init marking
[46.845s][info][gc,ergo       ] GC(12) Pacer for Mark. Expected Live: 30086K, Free: 149M, Non-Taxable: 15257K, Alloc Tax Rate: 0.2x
[46.845s][info][gc            ] GC(12) Pause Init Mark 1.313ms
[46.845s][info][gc,start      ] GC(12) Concurrent marking
[46.845s][info][gc,task       ] GC(12) Using 1 of 1 workers for concurrent marking
[47.334s][info][gc            ] GC(12) Concurrent marking 488.684ms
[47.334s][info][gc,start      ] GC(12) Pause Final Mark
[47.334s][info][gc,task       ] GC(12) Using 1 of 1 workers for final marking
[47.335s][info][gc,ergo       ] GC(12) Adaptive CSet Selection. Target Free: 212M, Actual Free: 750M, Max CSet: 64000K, Min Garbage: 0B
[47.335s][info][gc,ergo       ] GC(12) Collectable Garbage: 1072M (96%), Immediate: 599M (53%), CSet: 473M (42%)
[47.339s][info][gc,ergo       ] GC(12) Pacer for Evacuation. Used CSet: 535M, Free: 689M, Non-Taxable: 70604K, Alloc Tax Rate: 1.9x
[47.339s][info][gc            ] GC(12) Pause Final Mark 5.259ms
[47.339s][info][gc,start      ] GC(12) Concurrent cleanup
[47.340s][info][gc            ] GC(12) Concurrent cleanup 1332M->733M(1350M) 0.317ms
[47.340s][info][gc,ergo       ] GC(12) Free: 689M, Max: 512K regular, 347M humongous, Frag: 50% external, 0% internal; Reserve: 76769K, Max: 512K
[47.340s][info][gc,start      ] GC(12) Concurrent evacuation
[47.340s][info][gc,task       ] GC(12) Using 1 of 1 workers for concurrent evacuation
[47.498s][info][gc            ] GC(12) Concurrent evacuation 158.763ms
[47.501s][info][gc,start      ] GC(12) Pause Init Update Refs
[47.501s][info][gc,ergo       ] GC(12) Pacer for Update Refs. Used: 821M, Free: 664M, Non-Taxable: 68044K, Alloc Tax Rate: 1.5x
[47.501s][info][gc            ] GC(12) Pause Init Update Refs 0.024ms
[47.501s][info][gc,start      ] GC(12) Concurrent update references
[47.501s][info][gc,task       ] GC(12) Using 1 of 1 workers for concurrent reference update
[48.046s][info][gc            ] GC(12) Concurrent update references 545.768ms
[48.049s][info][gc,start      ] GC(12) Pause Final Update Refs
[48.049s][info][gc,task       ] GC(12) Using 1 of 1 workers for final reference update
[48.050s][info][gc            ] GC(12) Pause Final Update Refs 0.651ms
[48.050s][info][gc,start      ] GC(12) Concurrent cleanup
[48.050s][info][gc            ] GC(12) Concurrent cleanup 908M->372M(1411M) 0.256ms
[48.050s][info][gc,ergo       ] Free: 1050M, Max: 512K regular, 540M humongous, Frag: 49% external, 0% internal; Reserve: 76800K, Max: 512K
[48.050s][info][gc,stats      ] 
[48.050s][info][gc,stats      ] All times are wall-clock times, except per-root-class counters, that are sum over
[48.050s][info][gc,stats      ] all workers. Dividing the <total> over the root stage time estimates parallelism.
[48.050s][info][gc,stats      ] 
[48.050s][info][gc,stats      ] Concurrent Reset                    352 us
[48.050s][info][gc,stats      ] Pause Init Mark (G)                3505 us
[48.050s][info][gc,stats      ] Pause Init Mark (N)                1269 us
[48.050s][info][gc,stats      ]   Accumulate Stats                   11 us
[48.050s][info][gc,stats      ]   Make Parsable                      10 us
[48.050s][info][gc,stats      ]   Update Region States               46 us
[48.050s][info][gc,stats      ]   Scan Roots                       1169 us, parallelism: 0.75x
[48.050s][info][gc,stats      ]     S: <total>                      882 us
[48.050s][info][gc,stats      ]     S: Thread Roots                 266 us, workers (us): 266, 
[48.050s][info][gc,stats      ]     S: Universe Roots                 2 us, workers (us):   2, 
[48.050s][info][gc,stats      ]     S: JNI Handles Roots             12 us, workers (us):  12, 
[48.050s][info][gc,stats      ]     S: Synchronizer Roots             0 us, workers (us):   0, 
[48.050s][info][gc,stats      ]     S: Management Roots               2 us, workers (us):   2, 
[48.050s][info][gc,stats      ]     S: System Dict Roots             12 us, workers (us):  12, 
[48.050s][info][gc,stats      ]     S: CLDG Roots                   586 us, workers (us): 586, 
[48.050s][info][gc,stats      ]     S: JVMTI Roots                    1 us, workers (us):   1, 
[48.050s][info][gc,stats      ]   Resize TLABs                        4 us
[48.050s][info][gc,stats      ] Concurrent Marking               488673 us
[48.050s][info][gc,stats      ] Pause Final Mark (G)               5459 us
[48.050s][info][gc,stats      ] Pause Final Mark (N)               5190 us
[48.050s][info][gc,stats      ]   Finish Queues                      36 us
[48.050s][info][gc,stats      ]   System Purge                      617 us
[48.050s][info][gc,stats      ]     Weak Roots                      616 us
[48.050s][info][gc,stats      ]   Update Region States              102 us
[48.050s][info][gc,stats      ]   Retire TLABs                       16 us
[48.050s][info][gc,stats      ]   Choose Collection Set             685 us
[48.050s][info][gc,stats      ]   Rebuild Free Set                   35 us
[48.050s][info][gc,stats      ]   Initial Evacuation               3678 us, parallelism: 0.58x
[48.050s][info][gc,stats      ]     E: <total>                     2144 us
[48.050s][info][gc,stats      ]     E: Thread Roots                 561 us, workers (us): 561, 
[48.050s][info][gc,stats      ]     E: Code Cache Roots             514 us, workers (us): 514, 
[48.050s][info][gc,stats      ]     E: Universe Roots                 2 us, workers (us):   2, 
[48.050s][info][gc,stats      ]     E: JNI Handles Roots              6 us, workers (us):   6, 
[48.050s][info][gc,stats      ]     E: Synchronizer Roots             0 us, workers (us):   0, 
[48.050s][info][gc,stats      ]     E: Management Roots               3 us, workers (us):   3, 
[48.050s][info][gc,stats      ]     E: System Dict Roots             18 us, workers (us):  18, 
[48.050s][info][gc,stats      ]     E: CLDG Roots                  1039 us, workers (us): 1039, 
[48.050s][info][gc,stats      ]     E: JVMTI Roots                    1 us, workers (us):   1, 
[48.050s][info][gc,stats      ] Concurrent Cleanup                  297 us
[48.050s][info][gc,stats      ] Concurrent Evacuation            158743 us
[48.050s][info][gc,stats      ] Pause Init  Update Refs (G)        2200 us
[48.050s][info][gc,stats      ] Pause Init  Update Refs (N)          10 us
[48.050s][info][gc,stats      ]   Retire GCLABs                       4 us
[48.050s][info][gc,stats      ] Concurrent Update Refs           545753 us
[48.050s][info][gc,stats      ] Pause Final Update Refs (G)        3165 us
[48.051s][info][gc,stats      ] Pause Final Update Refs (N)         481 us
[48.051s][info][gc,stats      ]   Update Roots                      340 us, parallelism: 0.94x
[48.051s][info][gc,stats      ]     UR: <total>                     318 us
[48.051s][info][gc,stats      ]     UR: Thread Roots                318 us, workers (us): 318, 
[48.051s][info][gc,stats      ]   Update Region States               75 us
[48.051s][info][gc,stats      ]   Trash Collection Set               14 us
[48.051s][info][gc,stats      ]   Rebuild Free Set                   24 us
[48.051s][info][gc,stats      ] Concurrent Cleanup                  237 us
[48.051s][info][gc,stats      ] Pacing                            81249 us
[48.051s][info][gc,stats      ] 
[48.051s][info][gc,stats      ] Allocation pacing accrued:
[48.051s][info][gc,stats      ]      81 of  7787 ms (  1.0%): Executor task launch worker for task 1.0 in stage 1.0 (TID 4)
[48.051s][info][gc,stats      ]      81 of  7787 ms (  1.0%): <total>
[48.051s][info][gc,stats      ]       2 of  7787 ms (  0.0%): <average total>
[48.051s][info][gc,stats      ]      81 of  7787 ms (  1.0%): <average non-zero>
[48.051s][info][gc,stats      ] 
[48.051s][info][gc,metaspace  ] Metaspace: 62938K->62938K(1105920K)
[48.051s][info][gc,ergo       ] Pacer for Idle. Initial: 30720K, Alloc Tax Rate: 1.0x
[51.668s][info][gc            ] Trigger: Free (149M) is below minimum threshold (150M)
[51.669s][info][gc,ergo       ] Free: 149M, Max: 512K regular, 77312K humongous, Frag: 50% external, 0% internal; Reserve: 76800K, Max: 512K
[51.669s][info][gc,start      ] GC(13) Concurrent reset
[51.669s][info][gc,task       ] GC(13) Using 1 of 1 workers for concurrent reset
[51.669s][info][gc,ergo       ] GC(13) Pacer for Reset. Non-Taxable: 1500M
[51.671s][info][gc            ] GC(13) Concurrent reset 1.828ms
[51.674s][info][gc,start      ] GC(13) Pause Init Mark
[51.674s][info][gc,task       ] GC(13) Using 1 of 1 workers for init marking
[51.676s][info][gc,ergo       ] GC(13) Pacer for Mark. Expected Live: 55204K, Free: 149M, Non-Taxable: 15308K, Alloc Tax Rate: 0.4x
[51.676s][info][gc            ] GC(13) Pause Init Mark 2.125ms
[51.676s][info][gc,start      ] GC(13) Concurrent marking
[51.676s][info][gc,task       ] GC(13) Using 1 of 1 workers for concurrent marking
[52.483s][info][gc            ] GC(13) Concurrent marking 806.711ms
[52.483s][info][gc,start      ] GC(13) Pause Final Mark
[52.483s][info][gc,task       ] GC(13) Using 1 of 1 workers for final marking
[52.483s][info][gc,ergo       ] GC(13) Adaptive CSet Selection. Target Free: 212M, Actual Free: 566M, Max CSet: 64000K, Min Garbage: 0B
[52.483s][info][gc,ergo       ] GC(13) Collectable Garbage: 1012M (95%), Immediate: 395M (37%), CSet: 617M (58%)
[52.485s][info][gc,ergo       ] GC(13) Pacer for Evacuation. Used CSet: 679M, Free: 501M, Non-Taxable: 51302K, Alloc Tax Rate: 3.3x
[52.485s][info][gc            ] GC(13) Pause Final Mark 2.452ms
[52.485s][info][gc,start      ] GC(13) Concurrent cleanup
[52.485s][info][gc            ] GC(13) Concurrent cleanup 1316M->921M(1411M) 0.128ms
[52.485s][info][gc,ergo       ] GC(13) Free: 501M, Max: 512K regular, 137M humongous, Frag: 73% external, 0% internal; Reserve: 76793K, Max: 512K
[52.485s][info][gc,start      ] GC(13) Concurrent evacuation
[52.485s][info][gc,task       ] GC(13) Using 1 of 1 workers for concurrent evacuation
[52.677s][info][gc            ] GC(13) Concurrent evacuation 191.970ms
[52.680s][info][gc,start      ] GC(13) Pause Init Update Refs
[52.680s][info][gc,ergo       ] GC(13) Pacer for Update Refs. Used: 985M, Free: 500M, Non-Taxable: 51250K, Alloc Tax Rate: 2.4x
[52.680s][info][gc            ] GC(13) Pause Init Update Refs 0.030ms
[52.680s][info][gc,start      ] GC(13) Concurrent update references
[52.680s][info][gc,task       ] GC(13) Using 1 of 1 workers for concurrent reference update
[53.328s][info][gc            ] GC(13) Concurrent update references 648.320ms
[53.330s][info][gc,start      ] GC(13) Pause Final Update Refs
[53.330s][info][gc,task       ] GC(13) Using 1 of 1 workers for final reference update
[53.331s][info][gc            ] GC(13) Pause Final Update Refs 0.417ms
[53.340s][info][gc,start      ] GC(13) Concurrent cleanup
[53.340s][info][gc            ] GC(13) Concurrent cleanup 987M->307M(1456M) 0.168ms
[53.340s][info][gc,ergo       ] Free: 1114M, Max: 512K regular, 215M humongous, Frag: 81% external, 0% internal; Reserve: 76800K, Max: 512K
[53.340s][info][gc,stats      ] 
[53.340s][info][gc,stats      ] All times are wall-clock times, except per-root-class counters, that are sum over
[53.340s][info][gc,stats      ] all workers. Dividing the <total> over the root stage time estimates parallelism.
[53.340s][info][gc,stats      ] 
[53.340s][info][gc,stats      ] Concurrent Reset                   1763 us
[53.340s][info][gc,stats      ] Pause Init Mark (G)                5240 us
[53.340s][info][gc,stats      ] Pause Init Mark (N)                2059 us
[53.340s][info][gc,stats      ]   Accumulate Stats                   11 us
[53.340s][info][gc,stats      ]   Make Parsable                      15 us
[53.340s][info][gc,stats      ]   Update Region States               79 us
[53.340s][info][gc,stats      ]   Scan Roots                       1860 us, parallelism: 0.77x
[53.340s][info][gc,stats      ]     S: <total>                     1436 us
[53.340s][info][gc,stats      ]     S: Thread Roots                 381 us, workers (us): 381, 
[53.340s][info][gc,stats      ]     S: Universe Roots                 3 us, workers (us):   3, 
[53.340s][info][gc,stats      ]     S: JNI Handles Roots              3 us, workers (us):   3, 
[53.340s][info][gc,stats      ]     S: Synchronizer Roots             1 us, workers (us):   1, 
[53.340s][info][gc,stats      ]     S: Management Roots               3 us, workers (us):   3, 
[53.340s][info][gc,stats      ]     S: System Dict Roots             14 us, workers (us):  14, 
[53.340s][info][gc,stats      ]     S: CLDG Roots                  1030 us, workers (us): 1030, 
[53.340s][info][gc,stats      ]     S: JVMTI Roots                    1 us, workers (us):   1, 
[53.340s][info][gc,stats      ]   Resize TLABs                        9 us
[53.340s][info][gc,stats      ] Concurrent Marking               806696 us
[53.340s][info][gc,stats      ] Pause Final Mark (G)               2537 us
[53.340s][info][gc,stats      ] Pause Final Mark (N)               2416 us
[53.340s][info][gc,stats      ]   Finish Queues                      13 us
[53.340s][info][gc,stats      ]   System Purge                      273 us
[53.340s][info][gc,stats      ]     Weak Roots                      272 us
[53.340s][info][gc,stats      ]   Update Region States               47 us
[53.340s][info][gc,stats      ]   Retire TLABs                        7 us
[53.340s][info][gc,stats      ]   Choose Collection Set             273 us
[53.340s][info][gc,stats      ]   Rebuild Free Set                   12 us
[53.340s][info][gc,stats      ]   Initial Evacuation               1778 us, parallelism: 0.63x
[53.340s][info][gc,stats      ]     E: <total>                     1123 us
[53.340s][info][gc,stats      ]     E: Thread Roots                 341 us, workers (us): 341, 
[53.340s][info][gc,stats      ]     E: Code Cache Roots             243 us, workers (us): 243, 
[53.340s][info][gc,stats      ]     E: Universe Roots                 1 us, workers (us):   1, 
[53.340s][info][gc,stats      ]     E: JNI Handles Roots              1 us, workers (us):   1, 
[53.340s][info][gc,stats      ]     E: Synchronizer Roots             0 us, workers (us):   0, 
[53.340s][info][gc,stats      ]     E: Management Roots               1 us, workers (us):   1, 
[53.340s][info][gc,stats      ]     E: System Dict Roots             11 us, workers (us):  11, 
[53.340s][info][gc,stats      ]     E: CLDG Roots                   524 us, workers (us): 524, 
[53.340s][info][gc,stats      ]     E: JVMTI Roots                    1 us, workers (us):   1, 
[53.340s][info][gc,stats      ] Concurrent Cleanup                  100 us
[53.340s][info][gc,stats      ] Concurrent Evacuation            191957 us
[53.340s][info][gc,stats      ] Pause Init  Update Refs (G)        2201 us
[53.340s][info][gc,stats      ] Pause Init  Update Refs (N)          11 us
[53.340s][info][gc,stats      ]   Retire GCLABs                       4 us
[53.340s][info][gc,stats      ] Concurrent Update Refs           648306 us
[53.340s][info][gc,stats      ] Pause Final Update Refs (G)       11576 us
[53.340s][info][gc,stats      ] Pause Final Update Refs (N)         330 us
[53.340s][info][gc,stats      ]   Update Roots                      250 us, parallelism: 0.97x
[53.340s][info][gc,stats      ]     UR: <total>                     244 us
[53.340s][info][gc,stats      ]     UR: Thread Roots                244 us, workers (us): 244, 
[53.340s][info][gc,stats      ]   Update Region States               48 us
[53.340s][info][gc,stats      ]   Trash Collection Set                7 us
[53.340s][info][gc,stats      ]   Rebuild Free Set                   11 us
[53.340s][info][gc,stats      ] Concurrent Cleanup                  116 us
[53.340s][info][gc,stats      ] Pacing                           248294 us
[53.340s][info][gc,stats      ] 
[53.340s][info][gc,stats      ] Allocation pacing accrued:
[53.340s][info][gc,stats      ]     248 of  5290 ms (  4.7%): Executor task launch worker for task 2.0 in stage 1.0 (TID 5)
[53.340s][info][gc,stats      ]     248 of  5290 ms (  4.7%): <total>
[53.340s][info][gc,stats      ]       5 of  5290 ms (  0.1%): <average total>
[53.340s][info][gc,stats      ]     248 of  5290 ms (  4.7%): <average non-zero>
[53.340s][info][gc,stats      ] 
[53.340s][info][gc,metaspace  ] Metaspace: 62985K->62985K(1105920K)
[53.340s][info][gc,ergo       ] Pacer for Idle. Initial: 30720K, Alloc Tax Rate: 1.0x
[57.405s][info][gc            ] Trigger: Average GC time (654.11 ms) is above the time for allocation rate (172 MB/s) to deplete free headroom (112M)
[57.405s][info][gc,ergo       ] Free headroom: 187M (free) - 76800K (spike) - 0B (penalties) = 112M
[57.405s][info][gc,ergo       ] Free: 187M, Max: 512K regular, 96256K humongous, Frag: 50% external, 0% internal; Reserve: 76800K, Max: 512K
[57.405s][info][gc,start      ] GC(14) Concurrent reset
[57.405s][info][gc,task       ] GC(14) Using 1 of 1 workers for concurrent reset
[57.405s][info][gc,ergo       ] GC(14) Pacer for Reset. Non-Taxable: 1500M
[57.407s][info][gc            ] GC(14) Concurrent reset 1.480ms
[57.409s][info][gc,start      ] GC(14) Pause Init Mark
[57.409s][info][gc,task       ] GC(14) Using 1 of 1 workers for init marking
[57.410s][info][gc,ergo       ] GC(14) Pacer for Mark. Expected Live: 91003K, Free: 187M, Non-Taxable: 19148K, Alloc Tax Rate: 0.6x
[57.410s][info][gc            ] GC(14) Pause Init Mark 1.216ms
[57.410s][info][gc,start      ] GC(14) Concurrent marking
[57.410s][info][gc,task       ] GC(14) Using 1 of 1 workers for concurrent marking
[57.832s][info][gc            ] GC(14) Concurrent marking 421.052ms
[57.832s][info][gc,start      ] GC(14) Pause Final Mark
[57.832s][info][gc,task       ] GC(14) Using 1 of 1 workers for final marking
[57.832s][info][gc,ergo       ] GC(14) Adaptive CSet Selection. Target Free: 212M, Actual Free: 979M, Max CSet: 64000K, Min Garbage: 0B
[57.832s][info][gc,ergo       ] GC(14) Collectable Garbage: 1031M (99%), Immediate: 762M (73%), CSet: 269M (26%)
[57.834s][info][gc,ergo       ] GC(14) Pacer for Evacuation. Used CSet: 327M, Free: 920M, Non-Taxable: 94259K, Alloc Tax Rate: 1.1x
[57.834s][info][gc            ] GC(14) Pause Final Mark 2.398ms
[57.834s][info][gc,start      ] GC(14) Concurrent cleanup
[57.834s][info][gc            ] GC(14) Concurrent cleanup 1264M->502M(1456M) 0.130ms
[57.834s][info][gc,ergo       ] GC(14) Free: 920M, Max: 512K regular, 170M humongous, Frag: 82% external, 0% internal; Reserve: 76673K, Max: 512K
[57.834s][info][gc,start      ] GC(14) Concurrent evacuation
[57.834s][info][gc,task       ] GC(14) Using 1 of 1 workers for concurrent evacuation
[57.990s][info][gc            ] GC(14) Concurrent evacuation 155.921ms
[57.992s][info][gc,start      ] GC(14) Pause Init Update Refs
[57.992s][info][gc,ergo       ] GC(14) Pacer for Update Refs. Used: 586M, Free: 896M, Non-Taxable: 91750K, Alloc Tax Rate: 1.1x
[57.992s][info][gc            ] GC(14) Pause Init Update Refs 0.026ms
[57.992s][info][gc,start      ] GC(14) Concurrent update references
[57.992s][info][gc,task       ] GC(14) Using 1 of 1 workers for concurrent reference update
[58.375s][info][gc            ] GC(14) Concurrent update references 382.407ms
[58.377s][info][gc,start      ] GC(14) Pause Final Update Refs
[58.377s][info][gc,task       ] GC(14) Using 1 of 1 workers for final reference update
[58.378s][info][gc            ] GC(14) Pause Final Update Refs 0.359ms
[58.378s][info][gc,start      ] GC(14) Concurrent cleanup
[58.378s][info][gc            ] GC(14) Concurrent cleanup 657M->329M(1486M) 0.083ms
[58.378s][info][gc,ergo       ] Free: 1093M, Max: 512K regular, 394M humongous, Frag: 64% external, 0% internal; Reserve: 76800K, Max: 512K
[58.378s][info][gc,stats      ] 
[58.378s][info][gc,stats      ] All times are wall-clock times, except per-root-class counters, that are sum over
[58.378s][info][gc,stats      ] all workers. Dividing the <total> over the root stage time estimates parallelism.
[58.378s][info][gc,stats      ] 
[58.378s][info][gc,stats      ] Concurrent Reset                   1460 us
[58.378s][info][gc,stats      ] Pause Init Mark (G)                3451 us
[58.378s][info][gc,stats      ] Pause Init Mark (N)                1197 us
[58.378s][info][gc,stats      ]   Accumulate Stats                    9 us
[58.378s][info][gc,stats      ]   Make Parsable                      11 us
[58.378s][info][gc,stats      ]   Update Region States               35 us
[58.378s][info][gc,stats      ]   Scan Roots                       1117 us, parallelism: 0.74x
[58.378s][info][gc,stats      ]     S: <total>                      826 us
[58.378s][info][gc,stats      ]     S: Thread Roots                 225 us, workers (us): 225, 
[58.378s][info][gc,stats      ]     S: Universe Roots                 3 us, workers (us):   3, 
[58.378s][info][gc,stats      ]     S: JNI Handles Roots              2 us, workers (us):   2, 
[58.378s][info][gc,stats      ]     S: Synchronizer Roots             0 us, workers (us):   0, 
[58.378s][info][gc,stats      ]     S: Management Roots               1 us, workers (us):   1, 
[58.378s][info][gc,stats      ]     S: System Dict Roots             11 us, workers (us):  11, 
[58.378s][info][gc,stats      ]     S: CLDG Roots                   584 us, workers (us): 584, 
[58.378s][info][gc,stats      ]     S: JVMTI Roots                    1 us, workers (us):   1, 
[58.378s][info][gc,stats      ]   Resize TLABs                        3 us
[58.378s][info][gc,stats      ] Concurrent Marking               421043 us
[58.378s][info][gc,stats      ] Pause Final Mark (G)               2514 us
[58.378s][info][gc,stats      ] Pause Final Mark (N)               2381 us
[58.378s][info][gc,stats      ]   Finish Queues                      10 us
[58.378s][info][gc,stats      ]   System Purge                      261 us
[58.378s][info][gc,stats      ]     Weak Roots                      261 us
[58.378s][info][gc,stats      ]   Update Region States               42 us
[58.378s][info][gc,stats      ]   Retire TLABs                        7 us
[58.378s][info][gc,stats      ]   Choose Collection Set             178 us
[58.378s][info][gc,stats      ]   Rebuild Free Set                   13 us
[58.378s][info][gc,stats      ]   Initial Evacuation               1861 us, parallelism: 0.64x
[58.378s][info][gc,stats      ]     E: <total>                     1185 us
[58.378s][info][gc,stats      ]     E: Thread Roots                 235 us, workers (us): 235, 
[58.378s][info][gc,stats      ]     E: Code Cache Roots             412 us, workers (us): 412, 
[58.378s][info][gc,stats      ]     E: Universe Roots                 1 us, workers (us):   1, 
[58.378s][info][gc,stats      ]     E: JNI Handles Roots              1 us, workers (us):   1, 
[58.378s][info][gc,stats      ]     E: Synchronizer Roots             0 us, workers (us):   0, 
[58.378s][info][gc,stats      ]     E: Management Roots               1 us, workers (us):   1, 
[58.378s][info][gc,stats      ]     E: System Dict Roots             11 us, workers (us):  11, 
[58.378s][info][gc,stats      ]     E: CLDG Roots                   523 us, workers (us): 523, 
[58.378s][info][gc,stats      ]     E: JVMTI Roots                    0 us, workers (us):   0, 
[58.378s][info][gc,stats      ] Concurrent Cleanup                  120 us
[58.378s][info][gc,stats      ] Concurrent Evacuation            155908 us
[58.378s][info][gc,stats      ] Pause Init  Update Refs (G)        2193 us
[58.378s][info][gc,stats      ] Pause Init  Update Refs (N)          11 us
[58.378s][info][gc,stats      ]   Retire GCLABs                       4 us
[58.378s][info][gc,stats      ] Concurrent Update Refs           382393 us
[58.378s][info][gc,stats      ] Pause Final Update Refs (G)        2478 us
[58.378s][info][gc,stats      ] Pause Final Update Refs (N)         306 us
[58.378s][info][gc,stats      ]   Update Roots                      226 us, parallelism: 0.95x
[58.378s][info][gc,stats      ]     UR: <total>                     215 us
[58.378s][info][gc,stats      ]     UR: Thread Roots                215 us, workers (us): 215, 
[58.378s][info][gc,stats      ]   Update Region States               52 us
[58.378s][info][gc,stats      ]   Trash Collection Set                5 us
[58.378s][info][gc,stats      ]   Rebuild Free Set                   11 us
[58.378s][info][gc,stats      ] Concurrent Cleanup                   75 us
[58.378s][info][gc,stats      ] Pacing                           206263 us
[58.378s][info][gc,stats      ] 
[58.378s][info][gc,stats      ] Allocation pacing accrued:
[58.378s][info][gc,stats      ]     206 of  5038 ms (  4.1%): Executor task launch worker for task 1.0 in stage 2.0 (TID 7)
[58.378s][info][gc,stats      ]     206 of  5038 ms (  4.1%): <total>
[58.378s][info][gc,stats      ]       4 of  5038 ms (  0.1%): <average total>
[58.378s][info][gc,stats      ]     206 of  5038 ms (  4.1%): <average non-zero>
[58.378s][info][gc,stats      ] 
[58.378s][info][gc,metaspace  ] Metaspace: 63095K->63095K(1105920K)
[58.378s][info][gc,ergo       ] Pacer for Idle. Initial: 30720K, Alloc Tax Rate: 1.0x
[62.887s][info][gc            ] Trigger: Average GC time (840.49 ms) is above the time for allocation rate (183 MB/s) to deplete free headroom (154M)
[62.887s][info][gc,ergo       ] Free headroom: 229M (free) - 76800K (spike) - 0B (penalties) = 154M
[62.887s][info][gc,ergo       ] Free: 229M, Max: 512K regular, 172M humongous, Frag: 25% external, 0% internal; Reserve: 76800K, Max: 512K
[62.887s][info][gc,start      ] GC(15) Concurrent reset
[62.887s][info][gc,task       ] GC(15) Using 1 of 1 workers for concurrent reset
[62.887s][info][gc,ergo       ] GC(15) Pacer for Reset. Non-Taxable: 1500M
[62.888s][info][gc            ] GC(15) Concurrent reset 0.901ms
[62.890s][info][gc,start      ] GC(15) Pause Init Mark (process weakrefs)
[62.890s][info][gc,task       ] GC(15) Using 1 of 1 workers for init marking
[62.893s][info][gc,ergo       ] GC(15) Pacer for Mark. Expected Live: 120M, Free: 229M, Non-Taxable: 23449K, Alloc Tax Rate: 0.6x
[62.893s][info][gc            ] GC(15) Pause Init Mark (process weakrefs) 3.051ms
[62.893s][info][gc,start      ] GC(15) Concurrent marking (process weakrefs)
[62.893s][info][gc,task       ] GC(15) Using 1 of 1 workers for concurrent marking
[63.343s][info][gc            ] GC(15) Concurrent marking (process weakrefs) 449.641ms
[63.343s][info][gc,start      ] GC(15) Concurrent precleaning
[63.343s][info][gc,task       ] GC(15) Using 1 of 1 workers for concurrent preclean
[63.343s][info][gc,ergo       ] GC(15) Pacer for Precleaning. Non-Taxable: 1500M
[63.347s][info][gc            ] GC(15) Concurrent precleaning 3.585ms
[63.347s][info][gc,start      ] GC(15) Pause Final Mark (process weakrefs)
[63.347s][info][gc,task       ] GC(15) Using 1 of 1 workers for final marking
[63.347s][info][gc,ergo       ] GC(15) Collectable Garbage: 990M (96%), Immediate: 990M (96%), CSet: 0B (0%)
[63.347s][info][gc            ] GC(15) Pause Final Mark (process weakrefs) 0.502ms
[63.347s][info][gc,start      ] GC(15) Concurrent cleanup
[63.347s][info][gc            ] GC(15) Concurrent cleanup 1217M->227M(1486M) 0.134ms
[63.347s][info][gc,ergo       ] GC(15) Free: 1195M, Max: 512K regular, 334M humongous, Frag: 73% external, 0% internal; Reserve: 76800K, Max: 512K
[63.348s][info][gc,ergo       ] Free: 1195M, Max: 512K regular, 334M humongous, Frag: 73% external, 0% internal; Reserve: 76800K, Max: 512K
[63.348s][info][gc,stats      ] 
[63.348s][info][gc,stats      ] All times are wall-clock times, except per-root-class counters, that are sum over
[63.348s][info][gc,stats      ] all workers. Dividing the <total> over the root stage time estimates parallelism.
[63.348s][info][gc,stats      ] 
[63.348s][info][gc,stats      ] Concurrent Reset                    879 us
[63.348s][info][gc,stats      ] Pause Init Mark (G)                5530 us
[63.348s][info][gc,stats      ] Pause Init Mark (N)                2978 us
[63.348s][info][gc,stats      ]   Accumulate Stats                   12 us
[63.348s][info][gc,stats      ]   Make Parsable                      18 us
[63.348s][info][gc,stats      ]   Update Region States              419 us
[63.348s][info][gc,stats      ]   Scan Roots                       2437 us, parallelism: 0.82x
[63.348s][info][gc,stats      ]     S: <total>                     2008 us
[63.348s][info][gc,stats      ]     S: Thread Roots                 680 us, workers (us): 680, 
[63.348s][info][gc,stats      ]     S: Universe Roots                 4 us, workers (us):   4, 
[63.348s][info][gc,stats      ]     S: JNI Handles Roots              3 us, workers (us):   3, 
[63.348s][info][gc,stats      ]     S: Synchronizer Roots             1 us, workers (us):   1, 
[63.348s][info][gc,stats      ]     S: Management Roots               3 us, workers (us):   3, 
[63.348s][info][gc,stats      ]     S: System Dict Roots             21 us, workers (us):  21, 
[63.348s][info][gc,stats      ]     S: CLDG Roots                  1295 us, workers (us): 1295, 
[63.348s][info][gc,stats      ]     S: JVMTI Roots                    1 us, workers (us):   1, 
[63.348s][info][gc,stats      ]   Resize TLABs                       10 us
[63.348s][info][gc,stats      ] Concurrent Marking               449620 us
[63.348s][info][gc,stats      ] Concurrent Precleaning             3564 us
[63.348s][info][gc,stats      ] Pause Final Mark (G)                643 us
[63.348s][info][gc,stats      ] Pause Final Mark (N)                492 us
[63.348s][info][gc,stats      ]   Finish Queues                      12 us
[63.348s][info][gc,stats      ]   Weak References                    48 us
[63.348s][info][gc,stats      ]     Process                          45 us
[63.348s][info][gc,stats      ]   System Purge                      294 us
[63.348s][info][gc,stats      ]     Weak Roots                      294 us
[63.348s][info][gc,stats      ]   Update Region States               48 us
[63.348s][info][gc,stats      ]   Retire TLABs                        7 us
[63.348s][info][gc,stats      ]   Choose Collection Set              65 us
[63.348s][info][gc,stats      ]   Rebuild Free Set                   12 us
[63.348s][info][gc,stats      ] Concurrent Cleanup                  127 us
[63.348s][info][gc,stats      ] Pacing                            61665 us
[63.348s][info][gc,stats      ] 
[63.348s][info][gc,stats      ] Allocation pacing accrued:
[63.348s][info][gc,stats      ]      62 of  4970 ms (  1.2%): Executor task launch worker for task 1.0 in stage 3.0 (TID 10)
[63.348s][info][gc,stats      ]      62 of  4970 ms (  1.2%): <total>
[63.348s][info][gc,stats      ]       1 of  4970 ms (  0.0%): <average total>
[63.348s][info][gc,stats      ]      62 of  4970 ms (  1.2%): <average non-zero>
[63.348s][info][gc,stats      ] 
[63.348s][info][gc,metaspace  ] Metaspace: 63252K->63252K(1105920K)
[63.348s][info][gc,ergo       ] Pacer for Idle. Initial: 30720K, Alloc Tax Rate: 1.0x
[73.129s][info][gc            ] Trigger: Average GC time (923.19 ms) is above the time for allocation rate (104 MB/s) to deplete free headroom (94691K)
[73.129s][info][gc,ergo       ] Free headroom: 167M (free) - 76800K (spike) - 0B (penalties) = 94691K
[73.129s][info][gc,ergo       ] Free: 167M, Max: 512K regular, 167M humongous, Frag: 0% external, 0% internal; Reserve: 76800K, Max: 512K
[73.129s][info][gc,start      ] GC(16) Concurrent reset
[73.129s][info][gc,task       ] GC(16) Using 1 of 1 workers for concurrent reset
[73.129s][info][gc,ergo       ] GC(16) Pacer for Reset. Non-Taxable: 1500M
[73.129s][info][gc            ] GC(16) Concurrent reset 0.371ms
[73.130s][info][gc,start      ] GC(16) Pause Init Mark
[73.130s][info][gc,task       ] GC(16) Using 1 of 1 workers for init marking
[73.132s][info][gc,ergo       ] GC(16) Pacer for Mark. Expected Live: 145M, Free: 167M, Non-Taxable: 17149K, Alloc Tax Rate: 1.1x
[73.132s][info][gc            ] GC(16) Pause Init Mark 2.106ms
[73.132s][info][gc,start      ] GC(16) Concurrent marking
[73.132s][info][gc,task       ] GC(16) Using 1 of 1 workers for concurrent marking
[73.868s][info][gc            ] GC(16) Concurrent marking 736.688ms
[73.869s][info][gc,start      ] GC(16) Pause Final Mark
[73.869s][info][gc,task       ] GC(16) Using 1 of 1 workers for final marking
[73.869s][info][gc,ergo       ] GC(16) Collectable Garbage: 991M (93%), Immediate: 991M (93%), CSet: 0B (0%)
[73.869s][info][gc            ] GC(16) Pause Final Mark 0.469ms
[73.869s][info][gc,start      ] GC(16) Concurrent cleanup
[73.869s][info][gc            ] GC(16) Concurrent cleanup 1255M->263M(1486M) 0.168ms
[73.869s][info][gc,ergo       ] GC(16) Free: 1159M, Max: 512K regular, 139M humongous, Frag: 88% external, 0% internal; Reserve: 76800K, Max: 512K
[73.869s][info][gc,ergo       ] Free: 1159M, Max: 512K regular, 139M humongous, Frag: 88% external, 0% internal; Reserve: 76800K, Max: 512K
[73.869s][info][gc,stats      ] 
[73.869s][info][gc,stats      ] All times are wall-clock times, except per-root-class counters, that are sum over
[73.869s][info][gc,stats      ] all workers. Dividing the <total> over the root stage time estimates parallelism.
[73.869s][info][gc,stats      ] 
[73.869s][info][gc,stats      ] Concurrent Reset                    355 us
[73.869s][info][gc,stats      ] Pause Init Mark (G)                2366 us
[73.869s][info][gc,stats      ] Pause Init Mark (N)                2084 us
[73.869s][info][gc,stats      ]   Accumulate Stats                   12 us
[73.869s][info][gc,stats      ]   Make Parsable                      23 us
[73.869s][info][gc,stats      ]   Update Region States               39 us
[73.869s][info][gc,stats      ]   Scan Roots                       1957 us, parallelism: 0.83x
[73.869s][info][gc,stats      ]     S: <total>                     1628 us
[73.869s][info][gc,stats      ]     S: Thread Roots                 923 us, workers (us): 923, 
[73.869s][info][gc,stats      ]     S: Universe Roots                 3 us, workers (us):   3, 
[73.869s][info][gc,stats      ]     S: JNI Handles Roots              1 us, workers (us):   1, 
[73.869s][info][gc,stats      ]     S: Synchronizer Roots             0 us, workers (us):   0, 
[73.869s][info][gc,stats      ]     S: Management Roots               1 us, workers (us):   1, 
[73.869s][info][gc,stats      ]     S: System Dict Roots             13 us, workers (us):  13, 
[73.869s][info][gc,stats      ]     S: CLDG Roots                   686 us, workers (us): 686, 
[73.869s][info][gc,stats      ]     S: JVMTI Roots                    1 us, workers (us):   1, 
[73.869s][info][gc,stats      ]   Resize TLABs                       11 us
[73.869s][info][gc,stats      ] Concurrent Marking               736678 us
[73.869s][info][gc,stats      ] Pause Final Mark (G)                550 us
[73.869s][info][gc,stats      ] Pause Final Mark (N)                453 us
[73.869s][info][gc,stats      ]   Finish Queues                      17 us
[73.869s][info][gc,stats      ]   System Purge                      310 us
[73.869s][info][gc,stats      ]     Weak Roots                      310 us
[73.869s][info][gc,stats      ]   Update Region States               50 us
[73.869s][info][gc,stats      ]   Retire TLABs                       10 us
[73.869s][info][gc,stats      ]   Choose Collection Set              48 us
[73.869s][info][gc,stats      ]   Rebuild Free Set                   11 us
[73.869s][info][gc,stats      ] Concurrent Cleanup                  160 us
[73.869s][info][gc,stats      ] Pacing                           189515 us
[73.869s][info][gc,stats      ] 
[73.869s][info][gc,stats      ] Allocation pacing accrued:
[73.869s][info][gc,stats      ]      88 of 10522 ms (  0.8%): Executor task launch worker for task 1.0 in stage 12.0 (TID 19)
[73.869s][info][gc,stats      ]     102 of 10522 ms (  1.0%): task-result-getter-2
[73.869s][info][gc,stats      ]     190 of 10522 ms (  1.8%): <total>
[73.869s][info][gc,stats      ]       3 of 10522 ms (  0.0%): <average total>
[73.869s][info][gc,stats      ]      95 of 10522 ms (  0.9%): <average non-zero>
[73.869s][info][gc,stats      ] 
[73.869s][info][gc,metaspace  ] Metaspace: 65834K->65843K(1107968K)
[73.869s][info][gc,ergo       ] Pacer for Idle. Initial: 30720K, Alloc Tax Rate: 1.0x
[79.738s][info][gc            ] Trigger: Average GC time (1010.67 ms) is above the time for allocation rate (146 MB/s) to deplete free headroom (146M)
[79.738s][info][gc,ergo       ] Free headroom: 221M (free) - 76800K (spike) - 0B (penalties) = 146M
[79.738s][info][gc,ergo       ] Free: 221M, Max: 512K regular, 139M humongous, Frag: 37% external, 0% internal; Reserve: 76800K, Max: 512K
[79.738s][info][gc,start      ] GC(17) Concurrent reset
[79.738s][info][gc,task       ] GC(17) Using 1 of 1 workers for concurrent reset
[79.738s][info][gc,ergo       ] GC(17) Pacer for Reset. Non-Taxable: 1500M
[79.739s][info][gc            ] GC(17) Concurrent reset 0.413ms
[79.744s][info][gc,start      ] GC(17) Pause Init Mark
[79.744s][info][gc,task       ] GC(17) Using 1 of 1 workers for init marking
[79.745s][info][gc,ergo       ] GC(17) Pacer for Mark. Expected Live: 168M, Free: 221M, Non-Taxable: 22657K, Alloc Tax Rate: 0.9x
[79.745s][info][gc            ] GC(17) Pause Init Mark 1.562ms
[79.745s][info][gc,start      ] GC(17) Concurrent marking
[79.745s][info][gc,task       ] GC(17) Using 1 of 1 workers for concurrent marking
[80.376s][info][gc            ] GC(17) Concurrent marking 630.708ms
[80.376s][info][gc,start      ] GC(17) Pause Final Mark
[80.376s][info][gc,task       ] GC(17) Using 1 of 1 workers for final marking
[80.377s][info][gc,ergo       ] GC(17) Adaptive CSet Selection. Target Free: 212M, Actual Free: 860M, Max CSet: 64000K, Min Garbage: 0B
[80.377s][info][gc,ergo       ] GC(17) Collectable Garbage: 967M (99%), Immediate: 615M (63%), CSet: 351M (36%)
[80.384s][info][gc,ergo       ] GC(17) Pacer for Evacuation. Used CSet: 397M, Free: 813M, Non-Taxable: 83251K, Alloc Tax Rate: 1.2x
[80.384s][info][gc            ] GC(17) Pause Final Mark 7.211ms
[80.387s][info][gc,start      ] GC(17) Concurrent cleanup
[80.387s][info][gc            ] GC(17) Concurrent cleanup 1223M->612M(1486M) 0.134ms
[80.387s][info][gc,ergo       ] GC(17) Free: 808M, Max: 512K regular, 139M humongous, Frag: 83% external, 0% internal; Reserve: 76537K, Max: 512K
[80.387s][info][gc,start      ] GC(17) Concurrent evacuation
[80.387s][info][gc,task       ] GC(17) Using 1 of 1 workers for concurrent evacuation
[80.613s][info][gc            ] GC(17) Concurrent evacuation 226.610ms
[80.616s][info][gc,start      ] GC(17) Pause Init Update Refs
[80.617s][info][gc,ergo       ] GC(17) Pacer for Update Refs. Used: 725M, Free: 740M, Non-Taxable: 75776K, Alloc Tax Rate: 1.2x
[80.617s][info][gc            ] GC(17) Pause Init Update Refs 0.137ms
[80.617s][info][gc,start      ] GC(17) Concurrent update references
[80.617s][info][gc,task       ] GC(17) Using 1 of 1 workers for concurrent reference update
[81.247s][info][gc            ] GC(17) Concurrent update references 630.629ms
[81.250s][info][gc,start      ] GC(17) Pause Final Update Refs
[81.250s][info][gc,task       ] GC(17) Using 1 of 1 workers for final reference update
[81.250s][info][gc            ] GC(17) Pause Final Update Refs 0.412ms
[81.250s][info][gc,start      ] GC(17) Concurrent cleanup
[81.250s][info][gc            ] GC(17) Concurrent cleanup 887M->490M(1499M) 0.090ms
[81.250s][info][gc,ergo       ] Free: 932M, Max: 512K regular, 331M humongous, Frag: 65% external, 0% internal; Reserve: 76800K, Max: 512K
[81.250s][info][gc,stats      ] 
[81.250s][info][gc,stats      ] All times are wall-clock times, except per-root-class counters, that are sum over
[81.250s][info][gc,stats      ] all workers. Dividing the <total> over the root stage time estimates parallelism.
[81.250s][info][gc,stats      ] 
[81.250s][info][gc,stats      ] Concurrent Reset                    396 us
[81.250s][info][gc,stats      ] Pause Init Mark (G)                6918 us
[81.250s][info][gc,stats      ] Pause Init Mark (N)                1510 us
[81.250s][info][gc,stats      ]   Accumulate Stats                   11 us
[81.250s][info][gc,stats      ]   Make Parsable                      21 us
[81.250s][info][gc,stats      ]   Update Region States               58 us
[81.250s][info][gc,stats      ]   Scan Roots                       1375 us, parallelism: 0.77x
[81.250s][info][gc,stats      ]     S: <total>                     1060 us
[81.250s][info][gc,stats      ]     S: Thread Roots                 361 us, workers (us): 361, 
[81.250s][info][gc,stats      ]     S: Universe Roots                 3 us, workers (us):   3, 
[81.250s][info][gc,stats      ]     S: JNI Handles Roots              2 us, workers (us):   2, 
[81.250s][info][gc,stats      ]     S: Synchronizer Roots             0 us, workers (us):   0, 
[81.250s][info][gc,stats      ]     S: Management Roots               2 us, workers (us):   2, 
[81.250s][info][gc,stats      ]     S: System Dict Roots             13 us, workers (us):  13, 
[81.250s][info][gc,stats      ]     S: CLDG Roots                   680 us, workers (us): 680, 
[81.250s][info][gc,stats      ]     S: JVMTI Roots                    1 us, workers (us):   1, 
[81.250s][info][gc,stats      ]   Resize TLABs                        7 us
[81.250s][info][gc,stats      ] Concurrent Marking               630698 us
[81.250s][info][gc,stats      ] Pause Final Mark (G)              10366 us
[81.250s][info][gc,stats      ] Pause Final Mark (N)               7193 us
[81.250s][info][gc,stats      ]   Finish Queues                      13 us
[81.250s][info][gc,stats      ]   System Purge                      298 us
[81.250s][info][gc,stats      ]     Weak Roots                      298 us
[81.250s][info][gc,stats      ]   Update Region States               49 us
[81.250s][info][gc,stats      ]   Retire TLABs                       12 us
[81.250s][info][gc,stats      ]   Choose Collection Set             208 us
[81.250s][info][gc,stats      ]   Rebuild Free Set                   14 us
[81.250s][info][gc,stats      ]   Initial Evacuation               6590 us, parallelism: 0.86x
[81.250s][info][gc,stats      ]     E: <total>                     5640 us
[81.250s][info][gc,stats      ]     E: Thread Roots                 330 us, workers (us): 330, 
[81.250s][info][gc,stats      ]     E: Code Cache Roots            4611 us, workers (us): 4611, 
[81.250s][info][gc,stats      ]     E: Universe Roots                 1 us, workers (us):   1, 
[81.250s][info][gc,stats      ]     E: JNI Handles Roots              1 us, workers (us):   1, 
[81.250s][info][gc,stats      ]     E: Synchronizer Roots             0 us, workers (us):   0, 
[81.250s][info][gc,stats      ]     E: Management Roots               1 us, workers (us):   1, 
[81.250s][info][gc,stats      ]     E: System Dict Roots             14 us, workers (us):  14, 
[81.250s][info][gc,stats      ]     E: CLDG Roots                   680 us, workers (us): 680, 
[81.250s][info][gc,stats      ]     E: JVMTI Roots                    1 us, workers (us):   1, 
[81.250s][info][gc,stats      ] Concurrent Cleanup                  110 us
[81.250s][info][gc,stats      ] Concurrent Evacuation            226597 us
[81.250s][info][gc,stats      ] Pause Init  Update Refs (G)        2953 us
[81.250s][info][gc,stats      ] Pause Init  Update Refs (N)          22 us
[81.250s][info][gc,stats      ]   Retire GCLABs                       5 us
[81.250s][info][gc,stats      ] Concurrent Update Refs           630617 us
[81.250s][info][gc,stats      ] Pause Final Update Refs (G)        2723 us
[81.250s][info][gc,stats      ] Pause Final Update Refs (N)         385 us
[81.250s][info][gc,stats      ]   Update Roots                      292 us, parallelism: 0.98x
[81.250s][info][gc,stats      ]     UR: <total>                     285 us
[81.250s][info][gc,stats      ]     UR: Thread Roots                285 us, workers (us): 285, 
[81.250s][info][gc,stats      ]   Update Region States               60 us
[81.250s][info][gc,stats      ]   Trash Collection Set                8 us
[81.250s][info][gc,stats      ]   Rebuild Free Set                   16 us
[81.250s][info][gc,stats      ] Concurrent Cleanup                   83 us
[81.250s][info][gc,stats      ] Pacing                           784437 us
[81.250s][info][gc,stats      ] 
[81.250s][info][gc,stats      ] Allocation pacing accrued:
[81.250s][info][gc,stats      ]     571 of  7381 ms (  7.7%): main
[81.250s][info][gc,stats      ]      13 of  7381 ms (  0.2%): dispatcher-event-loop-0
[81.250s][info][gc,stats      ]      13 of  7381 ms (  0.2%): dispatcher-event-loop-1
[81.250s][info][gc,stats      ]      13 of  7381 ms (  0.2%): RemoteBlock-temp-file-clean-thread
[81.250s][info][gc,stats      ]      12 of  7381 ms (  0.2%): heartbeat-receiver-event-loop-thread
[81.250s][info][gc,stats      ]      13 of  7381 ms (  0.2%): netty-rpc-env-timeout
[81.250s][info][gc,stats      ]      99 of  7381 ms (  1.3%): executor-heartbeater
[81.250s][info][gc,stats      ]      13 of  7381 ms (  0.2%): Spark Context Cleaner
[81.250s][info][gc,stats      ]      12 of  7381 ms (  0.2%): spark-listener-group-appStatus
[81.250s][info][gc,stats      ]      13 of  7381 ms (  0.2%): spark-listener-group-executorManagement
[81.250s][info][gc,stats      ]      13 of  7381 ms (  0.2%): spark-listener-group-shared
[81.250s][info][gc,stats      ]     784 of  7381 ms ( 10.6%): <total>
[81.250s][info][gc,stats      ]      10 of  7381 ms (  0.1%): <average total>
[81.250s][info][gc,stats      ]      71 of  7381 ms (  1.0%): <average non-zero>
[81.250s][info][gc,stats      ] 
[81.250s][info][gc,metaspace  ] Metaspace: 65990K->65996K(1107968K)
[81.250s][info][gc,ergo       ] Pacer for Idle. Initial: 30720K, Alloc Tax Rate: 1.0x
[81.515s][info][gc            ] Trigger: Explicit GC request (System.gc())
[81.515s][info][gc,ergo       ] Free: 757M, Max: 512K regular, 331M humongous, Frag: 57% external, 0% internal; Reserve: 76800K, Max: 512K
[81.515s][info][gc,start      ] GC(18) Concurrent reset
[81.515s][info][gc,task       ] GC(18) Using 1 of 1 workers for concurrent reset
[81.515s][info][gc,ergo       ] GC(18) Pacer for Reset. Non-Taxable: 1500M
[81.516s][info][gc            ] GC(18) Concurrent reset 1.148ms
[81.516s][info][gc,start      ] GC(18) Pause Init Mark (process weakrefs) (unload classes)
[81.516s][info][gc,task       ] GC(18) Using 1 of 1 workers for init marking
[81.517s][info][gc,ergo       ] GC(18) Pacer for Mark. Expected Live: 179M, Free: 757M, Non-Taxable: 77516K, Alloc Tax Rate: 0.3x
[81.517s][info][gc            ] GC(18) Pause Init Mark (process weakrefs) (unload classes) 0.857ms
[81.517s][info][gc,start      ] GC(18) Concurrent marking (process weakrefs) (unload classes)
[81.517s][info][gc,task       ] GC(18) Using 1 of 1 workers for concurrent marking
[81.700s][info][gc            ] GC(18) Concurrent marking (process weakrefs) (unload classes) 183.143ms
[81.701s][info][gc,start      ] GC(18) Concurrent precleaning
[81.701s][info][gc,task       ] GC(18) Using 1 of 1 workers for concurrent preclean
[81.701s][info][gc,ergo       ] GC(18) Pacer for Precleaning. Non-Taxable: 1500M
[81.701s][info][gc            ] GC(18) Concurrent precleaning 0.392ms
[81.701s][info][gc,start      ] GC(18) Pause Final Mark (process weakrefs) (unload classes)
[81.701s][info][gc,task       ] GC(18) Using 1 of 1 workers for final marking
[81.729s][info][gc,stringtable] GC(18) Cleaned string and symbol table, strings: 19785 processed, 0 removed, symbols: 140003 processed, 110 removed
[81.730s][info][gc,ergo       ] GC(18) Collectable Garbage: 504M (95%), Immediate: 504M (95%), CSet: 0B (0%)
[81.730s][info][gc            ] GC(18) Pause Final Mark (process weakrefs) (unload classes) 29.013ms
[81.730s][info][gc,start      ] GC(18) Concurrent cleanup
[81.730s][info][gc            ] GC(18) Concurrent cleanup 665M->161M(1499M) 0.096ms
[81.730s][info][gc,ergo       ] GC(18) Free: 1262M, Max: 512K regular, 340M humongous, Frag: 74% external, 0% internal; Reserve: 76800K, Max: 512K
[81.730s][info][gc,ergo       ] Free: 1262M, Max: 512K regular, 340M humongous, Frag: 74% external, 0% internal; Reserve: 76800K, Max: 512K
[81.730s][info][gc,stats      ] 
[81.730s][info][gc,stats      ] All times are wall-clock times, except per-root-class counters, that are sum over
[81.730s][info][gc,stats      ] all workers. Dividing the <total> over the root stage time estimates parallelism.
[81.730s][info][gc,stats      ] 
[81.730s][info][gc,stats      ] Concurrent Reset                   1134 us
[81.730s][info][gc,stats      ] Pause Init Mark (G)                1069 us
[81.730s][info][gc,stats      ] Pause Init Mark (N)                 845 us
[81.730s][info][gc,stats      ]   Accumulate Stats                   11 us
[81.730s][info][gc,stats      ]   Make Parsable                      10 us
[81.730s][info][gc,stats      ]   Update Region States               32 us
[81.730s][info][gc,stats      ]   Scan Roots                        766 us, parallelism: 0.52x
[81.730s][info][gc,stats      ]     S: <total>                      397 us
[81.730s][info][gc,stats      ]     S: Thread Roots                 262 us, workers (us): 262, 
[81.730s][info][gc,stats      ]     S: Universe Roots                 2 us, workers (us):   2, 
[81.730s][info][gc,stats      ]     S: JNI Handles Roots              2 us, workers (us):   2, 
[81.730s][info][gc,stats      ]     S: Synchronizer Roots             0 us, workers (us):   0, 
[81.730s][info][gc,stats      ]     S: Management Roots               2 us, workers (us):   2, 
[81.730s][info][gc,stats      ]     S: System Dict Roots             13 us, workers (us):  13, 
[81.730s][info][gc,stats      ]     S: CLDG Roots                   116 us, workers (us): 116, 
[81.730s][info][gc,stats      ]     S: JVMTI Roots                    1 us, workers (us):   1, 
[81.730s][info][gc,stats      ]   Resize TLABs                        4 us
[81.730s][info][gc,stats      ] Concurrent Marking               183135 us
[81.730s][info][gc,stats      ] Concurrent Precleaning              383 us
[81.730s][info][gc,stats      ] Pause Final Mark (G)              29121 us
[81.730s][info][gc,stats      ] Pause Final Mark (N)              29004 us
[81.730s][info][gc,stats      ]   Finish Queues                      57 us
[81.730s][info][gc,stats      ]   Weak References                   125 us
[81.730s][info][gc,stats      ]     Process                         122 us
[81.730s][info][gc,stats      ]   System Purge                      318 us
[81.730s][info][gc,stats      ]     Unload Classes                 1362 us
[81.730s][info][gc,stats      ]     Cleanup                       26673 us, parallelism: 1.00x
[81.730s][info][gc,stats      ]       CU: <total>                 26577 us
[81.730s][info][gc,stats      ]       CU: Code Cache Roots        10094 us, workers (us): 10094, 
[81.730s][info][gc,stats      ]       CU: Code Cache Cleaning      1818 us, workers (us): 1818, 
[81.730s][info][gc,stats      ]       CU: String Table Roots       7573 us, workers (us): 7573, 
[81.730s][info][gc,stats      ]       CU: Resolved Table Roots      139 us, workers (us): 139, 
[81.730s][info][gc,stats      ]       CU: CLDG Roots               6953 us, workers (us): 6953, 
[81.730s][info][gc,stats      ]     Weak Roots                      318 us
[81.730s][info][gc,stats      ]     CLDG                            340 us
[81.730s][info][gc,stats      ]   Update Region States               54 us
[81.730s][info][gc,stats      ]   Retire TLABs                       25 us
[81.730s][info][gc,stats      ]   Choose Collection Set              30 us
[81.730s][info][gc,stats      ]   Rebuild Free Set                   11 us
[81.730s][info][gc,stats      ] Concurrent Cleanup                   88 us
[81.730s][info][gc,stats      ] 
[81.730s][info][gc,stats      ] Allocation pacing accrued:
[81.730s][info][gc,stats      ]       0 of   480 ms (  0.0%): <total>
[81.730s][info][gc,stats      ]       0 of   480 ms (  0.0%): <average total>
[81.730s][info][gc,stats      ] 
[81.730s][info][gc,metaspace  ] Metaspace: 66121K->65563K(1107968K)
[81.730s][info][gc,ergo       ] Pacer for Idle. Initial: 30720K, Alloc Tax Rate: 1.0x
[81.730s][info][gc,start      ] Concurrent uncommit
[81.815s][info][gc            ] Concurrent uncommit 161M->162M(164M) 84.299ms
[83.086s][info][gc            ] Trigger: Learning 2 of 5. Free (1049M) is below initial threshold (1050M)
[83.087s][info][gc,ergo       ] Free: 1049M, Max: 512K regular, 340M humongous, Frag: 68% external, 0% internal; Reserve: 76800K, Max: 512K
[83.087s][info][gc,start      ] GC(19) Concurrent reset
[83.087s][info][gc,task       ] GC(19) Using 1 of 1 workers for concurrent reset
[83.087s][info][gc,ergo       ] GC(19) Pacer for Reset. Non-Taxable: 1500M
[83.087s][info][gc            ] GC(19) Concurrent reset 0.304ms
[83.090s][info][gc,start      ] GC(19) Pause Init Mark
[83.090s][info][gc,task       ] GC(19) Using 1 of 1 workers for init marking
[83.091s][info][gc,ergo       ] GC(19) Pacer for Mark. Expected Live: 167M, Free: 1049M, Non-Taxable: 104M, Alloc Tax Rate: 0.2x
[83.091s][info][gc            ] GC(19) Pause Init Mark 1.725ms
[83.091s][info][gc,start      ] GC(19) Concurrent marking
[83.091s][info][gc,task       ] GC(19) Using 1 of 1 workers for concurrent marking
[83.589s][info][gc            ] GC(19) Concurrent marking 498.167ms
[83.590s][info][gc,start      ] GC(19) Pause Final Mark
[83.590s][info][gc,task       ] GC(19) Using 1 of 1 workers for final marking
[83.590s][info][gc,ergo       ] GC(19) Adaptive CSet Selection. Target Free: 212M, Actual Free: 1064M, Max CSet: 64000K, Min Garbage: 0B
[83.590s][info][gc,ergo       ] GC(19) Collectable Garbage: 188M (98%), Immediate: 16598K (8%), CSet: 172M (90%)
[83.593s][info][gc,ergo       ] GC(19) Pacer for Evacuation. Used CSet: 208M, Free: 993M, Non-Taxable: 101683K, Alloc Tax Rate: 1.1x
[83.593s][info][gc            ] GC(19) Pause Final Mark 3.568ms
[83.595s][info][gc,start      ] GC(19) Concurrent cleanup
[83.596s][info][gc            ] GC(19) Concurrent cleanup 445M->430M(453M) 0.092ms
[83.596s][info][gc,ergo       ] GC(19) Free: 992M, Max: 512K regular, 340M humongous, Frag: 66% external, 0% internal; Reserve: 76161K, Max: 512K
[83.596s][info][gc,start      ] GC(19) Concurrent evacuation
[83.596s][info][gc,task       ] GC(19) Using 1 of 1 workers for concurrent evacuation
[83.725s][info][gc            ] GC(19) Concurrent evacuation 129.740ms
[83.728s][info][gc,start      ] GC(19) Pause Init Update Refs
[83.728s][info][gc,ergo       ] GC(19) Pacer for Update Refs. Used: 479M, Free: 979M, Non-Taxable: 100249K, Alloc Tax Rate: 1.1x
[83.728s][info][gc            ] GC(19) Pause Init Update Refs 0.056ms
[83.728s][info][gc,start      ] GC(19) Concurrent update references
[83.728s][info][gc,task       ] GC(19) Using 1 of 1 workers for concurrent reference update
[84.213s][info][gc            ] GC(19) Concurrent update references 484.763ms
[84.216s][info][gc,start      ] GC(19) Pause Final Update Refs
[84.216s][info][gc,task       ] GC(19) Using 1 of 1 workers for final reference update
[84.216s][info][gc            ] GC(19) Pause Final Update Refs 0.538ms
[84.216s][info][gc,start      ] GC(19) Concurrent cleanup
[84.216s][info][gc            ] GC(19) Concurrent cleanup 540M->332M(544M) 0.077ms
[84.216s][info][gc,ergo       ] Free: 1090M, Max: 512K regular, 436M humongous, Frag: 60% external, 0% internal; Reserve: 76800K, Max: 512K
[84.216s][info][gc,stats      ] 
[84.216s][info][gc,stats      ] All times are wall-clock times, except per-root-class counters, that are sum over
[84.216s][info][gc,stats      ] all workers. Dividing the <total> over the root stage time estimates parallelism.
[84.216s][info][gc,stats      ] 
[84.216s][info][gc,stats      ] Concurrent Reset                    274 us
[84.216s][info][gc,stats      ] Pause Init Mark (G)                4347 us
[84.216s][info][gc,stats      ] Pause Init Mark (N)                1687 us
[84.216s][info][gc,stats      ]   Accumulate Stats                   14 us
[84.216s][info][gc,stats      ]   Make Parsable                      24 us
[84.216s][info][gc,stats      ]   Update Region States               46 us
[84.216s][info][gc,stats      ]   Scan Roots                       1483 us, parallelism: 0.79x
[84.216s][info][gc,stats      ]     S: <total>                     1178 us
[84.216s][info][gc,stats      ]     S: Thread Roots                 480 us, workers (us): 480, 
[84.216s][info][gc,stats      ]     S: Universe Roots                 2 us, workers (us):   2, 
[84.216s][info][gc,stats      ]     S: JNI Handles Roots              2 us, workers (us):   2, 
[84.216s][info][gc,stats      ]     S: Synchronizer Roots             0 us, workers (us):   0, 
[84.216s][info][gc,stats      ]     S: Management Roots               2 us, workers (us):   2, 
[84.216s][info][gc,stats      ]     S: System Dict Roots             13 us, workers (us):  13, 
[84.216s][info][gc,stats      ]     S: CLDG Roots                   680 us, workers (us): 680, 
[84.216s][info][gc,stats      ]     S: JVMTI Roots                    1 us, workers (us):   1, 
[84.216s][info][gc,stats      ]   Resize TLABs                       11 us
[84.216s][info][gc,stats      ] Concurrent Marking               498158 us
[84.216s][info][gc,stats      ] Pause Final Mark (G)               5852 us
[84.216s][info][gc,stats      ] Pause Final Mark (N)               3549 us
[84.216s][info][gc,stats      ]   Finish Queues                      20 us
[84.216s][info][gc,stats      ]   System Purge                      290 us
[84.216s][info][gc,stats      ]     Weak Roots                      290 us
[84.216s][info][gc,stats      ]   Update Region States               50 us
[84.216s][info][gc,stats      ]   Retire TLABs                       14 us
[84.216s][info][gc,stats      ]   Choose Collection Set             108 us
[84.216s][info][gc,stats      ]   Rebuild Free Set                   11 us
[84.216s][info][gc,stats      ]   Initial Evacuation               3048 us, parallelism: 0.65x
[84.216s][info][gc,stats      ]     E: <total>                     1972 us
[84.216s][info][gc,stats      ]     E: Thread Roots                 447 us, workers (us): 447, 
[84.216s][info][gc,stats      ]     E: Code Cache Roots             786 us, workers (us): 786, 
[84.216s][info][gc,stats      ]     E: Universe Roots                 1 us, workers (us):   1, 
[84.216s][info][gc,stats      ]     E: JNI Handles Roots              1 us, workers (us):   1, 
[84.216s][info][gc,stats      ]     E: Synchronizer Roots             0 us, workers (us):   0, 
[84.216s][info][gc,stats      ]     E: Management Roots               1 us, workers (us):   1, 
[84.216s][info][gc,stats      ]     E: System Dict Roots             37 us, workers (us):  37, 
[84.216s][info][gc,stats      ]     E: CLDG Roots                   697 us, workers (us): 697, 
[84.216s][info][gc,stats      ]     E: JVMTI Roots                    0 us, workers (us):   0, 
[84.216s][info][gc,stats      ] Concurrent Cleanup                   54 us
[84.216s][info][gc,stats      ] Concurrent Evacuation            129728 us
[84.216s][info][gc,stats      ] Pause Init  Update Refs (G)        2787 us
[84.216s][info][gc,stats      ] Pause Init  Update Refs (N)          17 us
[84.216s][info][gc,stats      ]   Retire GCLABs                       9 us
[84.216s][info][gc,stats      ] Concurrent Update Refs           484747 us
[84.216s][info][gc,stats      ] Pause Final Update Refs (G)        3069 us
[84.216s][info][gc,stats      ] Pause Final Update Refs (N)         444 us
[84.216s][info][gc,stats      ]   Update Roots                      352 us, parallelism: 0.97x
[84.216s][info][gc,stats      ]     UR: <total>                     343 us
[84.216s][info][gc,stats      ]     UR: Thread Roots                343 us, workers (us): 343, 
[84.216s][info][gc,stats      ]   Update Region States               60 us
[84.216s][info][gc,stats      ]   Trash Collection Set                4 us
[84.216s][info][gc,stats      ]   Rebuild Free Set                   13 us
[84.216s][info][gc,stats      ] Concurrent Cleanup                   66 us
[84.216s][info][gc,stats      ] 
[84.216s][info][gc,stats      ] Allocation pacing accrued:
[84.216s][info][gc,stats      ]       0 of  2486 ms (  0.0%): <total>
[84.216s][info][gc,stats      ]       0 of  2486 ms (  0.0%): <average total>
[84.216s][info][gc,stats      ] 
[84.216s][info][gc,metaspace  ] Metaspace: 66088K->66088K(1107968K)
[84.216s][info][gc,ergo       ] Pacer for Idle. Initial: 30720K, Alloc Tax Rate: 1.0x
[84.321s][info][gc            ] Trigger: Learning 3 of 5. Free (1049M) is below initial threshold (1050M)
[84.321s][info][gc,ergo       ] Free: 1049M, Max: 512K regular, 436M humongous, Frag: 59% external, 0% internal; Reserve: 76800K, Max: 512K
[84.321s][info][gc,start      ] GC(20) Concurrent reset
[84.321s][info][gc,task       ] GC(20) Using 1 of 1 workers for concurrent reset
[84.321s][info][gc,ergo       ] GC(20) Pacer for Reset. Non-Taxable: 1500M
[84.321s][info][gc            ] GC(20) Concurrent reset 0.590ms
[84.324s][info][gc,start      ] GC(20) Pause Init Mark (process weakrefs)
[84.324s][info][gc,task       ] GC(20) Using 1 of 1 workers for init marking
[84.326s][info][gc,ergo       ] GC(20) Pacer for Mark. Expected Live: 165M, Free: 1049M, Non-Taxable: 104M, Alloc Tax Rate: 0.2x
[84.326s][info][gc            ] GC(20) Pause Init Mark (process weakrefs) 1.603ms
[84.326s][info][gc,start      ] GC(20) Concurrent marking (process weakrefs)
[84.326s][info][gc,task       ] GC(20) Using 1 of 1 workers for concurrent marking
[84.983s][info][gc            ] GC(20) Concurrent marking (process weakrefs) 657.180ms
[84.983s][info][gc,start      ] GC(20) Concurrent precleaning
[84.983s][info][gc,task       ] GC(20) Using 1 of 1 workers for concurrent preclean
[84.983s][info][gc,ergo       ] GC(20) Pacer for Precleaning. Non-Taxable: 1500M
[84.984s][info][gc            ] GC(20) Concurrent precleaning 0.643ms
[84.984s][info][gc,start      ] GC(20) Pause Final Mark (process weakrefs)
[84.984s][info][gc,task       ] GC(20) Using 1 of 1 workers for final marking
[84.984s][info][gc,ergo       ] GC(20) Adaptive CSet Selection. Target Free: 212M, Actual Free: 1009M, Max CSet: 64000K, Min Garbage: 0B
[84.984s][info][gc,ergo       ] GC(20) Collectable Garbage: 179M (98%), Immediate: 2048K (1%), CSet: 177M (96%)
[84.986s][info][gc,ergo       ] GC(20) Pacer for Evacuation. Used CSet: 191M, Free: 934M, Non-Taxable: 95743K, Alloc Tax Rate: 1.1x
[84.986s][info][gc            ] GC(20) Pause Final Mark (process weakrefs) 2.561ms
[84.986s][info][gc,start      ] GC(20) Concurrent cleanup
[84.986s][info][gc            ] GC(20) Concurrent cleanup 489M->487M(544M) 0.061ms
[84.986s][info][gc,ergo       ] GC(20) Free: 934M, Max: 512K regular, 436M humongous, Frag: 54% external, 0% internal; Reserve: 76800K, Max: 512K
[84.986s][info][gc,start      ] GC(20) Concurrent evacuation
[84.986s][info][gc,task       ] GC(20) Using 1 of 1 workers for concurrent evacuation
[85.030s][info][gc            ] GC(20) Concurrent evacuation 43.243ms
[85.032s][info][gc,start      ] GC(20) Pause Init Update Refs
[85.032s][info][gc,ergo       ] GC(20) Pacer for Update Refs. Used: 510M, Free: 926M, Non-Taxable: 94822K, Alloc Tax Rate: 1.1x
[85.032s][info][gc            ] GC(20) Pause Init Update Refs 0.034ms
[85.032s][info][gc,start      ] GC(20) Concurrent update references
[85.032s][info][gc,task       ] GC(20) Using 1 of 1 workers for concurrent reference update
[85.450s][info][gc            ] GC(20) Concurrent update references 417.920ms
[85.453s][info][gc,start      ] GC(20) Pause Final Update Refs
[85.453s][info][gc,task       ] GC(20) Using 1 of 1 workers for final reference update
[85.454s][info][gc            ] GC(20) Pause Final Update Refs 0.539ms
[85.454s][info][gc,start      ] GC(20) Concurrent cleanup
[85.454s][info][gc            ] GC(20) Concurrent cleanup 554M->362M(564M) 0.079ms
[85.454s][info][gc,ergo       ] Free: 1059M, Max: 512K regular, 436M humongous, Frag: 59% external, 0% internal; Reserve: 76800K, Max: 512K
[85.454s][info][gc,stats      ] 
[85.454s][info][gc,stats      ] All times are wall-clock times, except per-root-class counters, that are sum over
[85.454s][info][gc,stats      ] all workers. Dividing the <total> over the root stage time estimates parallelism.
[85.454s][info][gc,stats      ] 
[85.454s][info][gc,stats      ] Concurrent Reset                    578 us
[85.454s][info][gc,stats      ] Pause Init Mark (G)                4218 us
[85.454s][info][gc,stats      ] Pause Init Mark (N)                1573 us
[85.454s][info][gc,stats      ]   Accumulate Stats                   14 us
[85.454s][info][gc,stats      ]   Make Parsable                      11 us
[85.454s][info][gc,stats      ]   Update Region States               42 us
[85.454s][info][gc,stats      ]   Scan Roots                       1404 us, parallelism: 0.78x
[85.454s][info][gc,stats      ]     S: <total>                     1094 us
[85.454s][info][gc,stats      ]     S: Thread Roots                 426 us, workers (us): 426, 
[85.454s][info][gc,stats      ]     S: Universe Roots                 2 us, workers (us):   2, 
[85.454s][info][gc,stats      ]     S: JNI Handles Roots              2 us, workers (us):   2, 
[85.454s][info][gc,stats      ]     S: Synchronizer Roots             0 us, workers (us):   0, 
[85.454s][info][gc,stats      ]     S: Management Roots               1 us, workers (us):   1, 
[85.454s][info][gc,stats      ]     S: System Dict Roots             23 us, workers (us):  23, 
[85.454s][info][gc,stats      ]     S: CLDG Roots                   639 us, workers (us): 639, 
[85.454s][info][gc,stats      ]     S: JVMTI Roots                    1 us, workers (us):   1, 
[85.454s][info][gc,stats      ]   Resize TLABs                       60 us
[85.454s][info][gc,stats      ] Concurrent Marking               657168 us
[85.454s][info][gc,stats      ] Concurrent Precleaning              597 us
[85.454s][info][gc,stats      ] Pause Final Mark (G)               2761 us
[85.454s][info][gc,stats      ] Pause Final Mark (N)               2552 us
[85.454s][info][gc,stats      ]   Finish Queues                      16 us
[85.454s][info][gc,stats      ]   Weak References                    23 us
[85.454s][info][gc,stats      ]     Process                          21 us
[85.454s][info][gc,stats      ]   System Purge                      295 us
[85.454s][info][gc,stats      ]     Weak Roots                      295 us
[85.454s][info][gc,stats      ]   Update Region States               81 us
[85.454s][info][gc,stats      ]   Retire TLABs                       19 us
[85.454s][info][gc,stats      ]   Choose Collection Set             108 us
[85.454s][info][gc,stats      ]   Rebuild Free Set                   11 us
[85.454s][info][gc,stats      ]   Initial Evacuation               1992 us, parallelism: 0.63x
[85.454s][info][gc,stats      ]     E: <total>                     1261 us
[85.454s][info][gc,stats      ]     E: Thread Roots                 408 us, workers (us): 408, 
[85.454s][info][gc,stats      ]     E: Code Cache Roots             275 us, workers (us): 275, 
[85.454s][info][gc,stats      ]     E: Universe Roots                 1 us, workers (us):   1, 
[85.454s][info][gc,stats      ]     E: JNI Handles Roots              1 us, workers (us):   1, 
[85.454s][info][gc,stats      ]     E: Synchronizer Roots             0 us, workers (us):   0, 
[85.454s][info][gc,stats      ]     E: Management Roots               2 us, workers (us):   2, 
[85.454s][info][gc,stats      ]     E: System Dict Roots             10 us, workers (us):  10, 
[85.454s][info][gc,stats      ]     E: CLDG Roots                   562 us, workers (us): 562, 
[85.454s][info][gc,stats      ]     E: JVMTI Roots                    1 us, workers (us):   1, 
[85.454s][info][gc,stats      ] Concurrent Cleanup                   52 us
[85.454s][info][gc,stats      ] Concurrent Evacuation             43231 us
[85.454s][info][gc,stats      ] Pause Init  Update Refs (G)        2604 us
[85.454s][info][gc,stats      ] Pause Init  Update Refs (N)          15 us
[85.454s][info][gc,stats      ]   Retire GCLABs                       8 us
[85.454s][info][gc,stats      ] Concurrent Update Refs           417905 us
[85.454s][info][gc,stats      ] Pause Final Update Refs (G)        3308 us
[85.454s][info][gc,stats      ] Pause Final Update Refs (N)         474 us
[85.454s][info][gc,stats      ]   Update Roots                      362 us, parallelism: 0.98x
[85.454s][info][gc,stats      ]     UR: <total>                     353 us
[85.454s][info][gc,stats      ]     UR: Thread Roots                353 us, workers (us): 353, 
[85.454s][info][gc,stats      ]   Update Region States               79 us
[85.454s][info][gc,stats      ]   Trash Collection Set                5 us
[85.454s][info][gc,stats      ]   Rebuild Free Set                   14 us
[85.454s][info][gc,stats      ] Concurrent Cleanup                   67 us
[85.454s][info][gc,stats      ] 
[85.454s][info][gc,stats      ] Allocation pacing accrued:
[85.454s][info][gc,stats      ]       0 of  1238 ms (  0.0%): <total>
[85.454s][info][gc,stats      ]       0 of  1238 ms (  0.0%): <average total>
[85.454s][info][gc,stats      ] 
[85.454s][info][gc,metaspace  ] Metaspace: 66088K->66088K(1107968K)
[85.454s][info][gc,ergo       ] Pacer for Idle. Initial: 30720K, Alloc Tax Rate: 1.0x
[85.481s][info][gc            ] Trigger: Learning 4 of 5. Free (1049M) is below initial threshold (1050M)
[85.481s][info][gc,ergo       ] Free: 1049M, Max: 512K regular, 436M humongous, Frag: 59% external, 0% internal; Reserve: 76800K, Max: 512K
[85.481s][info][gc,start      ] GC(21) Concurrent reset
[85.481s][info][gc,task       ] GC(21) Using 1 of 1 workers for concurrent reset
[85.481s][info][gc,ergo       ] GC(21) Pacer for Reset. Non-Taxable: 1500M
[85.482s][info][gc            ] GC(21) Concurrent reset 0.638ms
[85.485s][info][gc,start      ] GC(21) Pause Init Mark
[85.485s][info][gc,task       ] GC(21) Using 1 of 1 workers for init marking
[85.486s][info][gc,ergo       ] GC(21) Pacer for Mark. Expected Live: 174M, Free: 1049M, Non-Taxable: 104M, Alloc Tax Rate: 0.2x
[85.486s][info][gc            ] GC(21) Pause Init Mark 1.664ms
[85.486s][info][gc,start      ] GC(21) Concurrent marking
[85.486s][info][gc,task       ] GC(21) Using 1 of 1 workers for concurrent marking
[86.191s][info][gc            ] GC(21) Concurrent marking 704.525ms
[86.191s][info][gc,start      ] GC(21) Pause Final Mark
[86.191s][info][gc,task       ] GC(21) Using 1 of 1 workers for final marking
[86.191s][info][gc,ergo       ] GC(21) Adaptive CSet Selection. Target Free: 212M, Actual Free: 1089M, Max CSet: 64000K, Min Garbage: 0B
[86.192s][info][gc,ergo       ] GC(21) Collectable Garbage: 167M (97%), Immediate: 4096K (2%), CSet: 163M (94%)
[86.193s][info][gc,ergo       ] GC(21) Pacer for Evacuation. Used CSet: 177M, Free: 1015M, Non-Taxable: 101M, Alloc Tax Rate: 1.1x
[86.193s][info][gc            ] GC(21) Pause Final Mark 2.450ms
[86.194s][info][gc,start      ] GC(21) Concurrent cleanup
[86.194s][info][gc            ] GC(21) Concurrent cleanup 410M->406M(564M) 0.060ms
[86.194s][info][gc,ergo       ] GC(21) Free: 1015M, Max: 512K regular, 436M humongous, Frag: 57% external, 0% internal; Reserve: 76800K, Max: 512K
[86.194s][info][gc,start      ] GC(21) Concurrent evacuation
[86.194s][info][gc,task       ] GC(21) Using 1 of 1 workers for concurrent evacuation
[86.252s][info][gc            ] GC(21) Concurrent evacuation 58.516ms
[86.255s][info][gc,start      ] GC(21) Pause Init Update Refs
[86.255s][info][gc,ergo       ] GC(21) Pacer for Update Refs. Used: 420M, Free: 1015M, Non-Taxable: 101M, Alloc Tax Rate: 1.1x
[86.255s][info][gc            ] GC(21) Pause Init Update Refs 0.033ms
[86.255s][info][gc,start      ] GC(21) Concurrent update references
[86.255s][info][gc,task       ] GC(21) Using 1 of 1 workers for concurrent reference update
[86.662s][info][gc            ] GC(21) Concurrent update references 407.424ms
[86.665s][info][gc,start      ] GC(21) Pause Final Update Refs
[86.665s][info][gc,task       ] GC(21) Using 1 of 1 workers for final reference update
[86.665s][info][gc            ] GC(21) Pause Final Update Refs 0.499ms
[86.665s][info][gc,start      ] GC(21) Concurrent cleanup
[86.665s][info][gc            ] GC(21) Concurrent cleanup 422M->245M(572M) 0.071ms
[86.665s][info][gc,ergo       ] Free: 1175M, Max: 512K regular, 436M humongous, Frag: 63% external, 0% internal; Reserve: 76800K, Max: 512K
[86.665s][info][gc,stats      ] 
[86.665s][info][gc,stats      ] All times are wall-clock times, except per-root-class counters, that are sum over
[86.665s][info][gc,stats      ] all workers. Dividing the <total> over the root stage time estimates parallelism.
[86.665s][info][gc,stats      ] 
[86.665s][info][gc,stats      ] Concurrent Reset                    626 us
[86.665s][info][gc,stats      ] Pause Init Mark (G)                4504 us
[86.665s][info][gc,stats      ] Pause Init Mark (N)                1618 us
[86.665s][info][gc,stats      ]   Accumulate Stats                   14 us
[86.665s][info][gc,stats      ]   Make Parsable                      11 us
[86.665s][info][gc,stats      ]   Update Region States               53 us
[86.665s][info][gc,stats      ]   Scan Roots                       1481 us, parallelism: 0.77x
[86.666s][info][gc,stats      ]     S: <total>                     1144 us
[86.666s][info][gc,stats      ]     S: Thread Roots                 487 us, workers (us): 487, 
[86.666s][info][gc,stats      ]     S: Universe Roots                 3 us, workers (us):   3, 
[86.666s][info][gc,stats      ]     S: JNI Handles Roots              2 us, workers (us):   2, 
[86.666s][info][gc,stats      ]     S: Synchronizer Roots             0 us, workers (us):   0, 
[86.666s][info][gc,stats      ]     S: Management Roots               2 us, workers (us):   2, 
[86.666s][info][gc,stats      ]     S: System Dict Roots             11 us, workers (us):  11, 
[86.666s][info][gc,stats      ]     S: CLDG Roots                   638 us, workers (us): 638, 
[86.666s][info][gc,stats      ]     S: JVMTI Roots                    1 us, workers (us):   1, 
[86.666s][info][gc,stats      ]   Resize TLABs                       14 us
[86.666s][info][gc,stats      ] Concurrent Marking               704515 us
[86.666s][info][gc,stats      ] Pause Final Mark (G)               2580 us
[86.666s][info][gc,stats      ] Pause Final Mark (N)               2430 us
[86.666s][info][gc,stats      ]   Finish Queues                      19 us
[86.666s][info][gc,stats      ]   System Purge                      311 us
[86.666s][info][gc,stats      ]     Weak Roots                      310 us
[86.666s][info][gc,stats      ]   Update Region States               51 us
[86.666s][info][gc,stats      ]   Retire TLABs                       18 us
[86.666s][info][gc,stats      ]   Choose Collection Set              93 us
[86.666s][info][gc,stats      ]   Rebuild Free Set                   11 us
[86.666s][info][gc,stats      ]   Initial Evacuation               1919 us, parallelism: 0.65x
[86.666s][info][gc,stats      ]     E: <total>                     1245 us
[86.666s][info][gc,stats      ]     E: Thread Roots                 412 us, workers (us): 412, 
[86.666s][info][gc,stats      ]     E: Code Cache Roots             273 us, workers (us): 273, 
[86.666s][info][gc,stats      ]     E: Universe Roots                 1 us, workers (us):   1, 
[86.666s][info][gc,stats      ]     E: JNI Handles Roots              1 us, workers (us):   1, 
[86.666s][info][gc,stats      ]     E: Synchronizer Roots             0 us, workers (us):   0, 
[86.666s][info][gc,stats      ]     E: Management Roots               2 us, workers (us):   2, 
[86.666s][info][gc,stats      ]     E: System Dict Roots              9 us, workers (us):   9, 
[86.666s][info][gc,stats      ]     E: CLDG Roots                   547 us, workers (us): 547, 
[86.666s][info][gc,stats      ]     E: JVMTI Roots                    1 us, workers (us):   1, 
[86.666s][info][gc,stats      ] Concurrent Cleanup                   51 us
[86.666s][info][gc,stats      ] Concurrent Evacuation             58504 us
[86.666s][info][gc,stats      ] Pause Init  Update Refs (G)        2598 us
[86.666s][info][gc,stats      ] Pause Init  Update Refs (N)          15 us
[86.666s][info][gc,stats      ]   Retire GCLABs                       8 us
[86.666s][info][gc,stats      ] Concurrent Update Refs           407411 us
[86.666s][info][gc,stats      ] Pause Final Update Refs (G)        3041 us
[86.666s][info][gc,stats      ] Pause Final Update Refs (N)         450 us
[86.666s][info][gc,stats      ]   Update Roots                      375 us, parallelism: 0.97x
[86.666s][info][gc,stats      ]     UR: <total>                     362 us
[86.666s][info][gc,stats      ]     UR: Thread Roots                362 us, workers (us): 362, 
[86.666s][info][gc,stats      ]   Update Region States               50 us
[86.666s][info][gc,stats      ]   Trash Collection Set                3 us
[86.666s][info][gc,stats      ]   Rebuild Free Set                   12 us
[86.666s][info][gc,stats      ] Concurrent Cleanup                   63 us
[86.666s][info][gc,stats      ] 
[86.666s][info][gc,stats      ] Allocation pacing accrued:
[86.666s][info][gc,stats      ]       0 of  1212 ms (  0.0%): <total>
[86.666s][info][gc,stats      ]       0 of  1212 ms (  0.0%): <average total>
[86.666s][info][gc,stats      ] 
[86.666s][info][gc,metaspace  ] Metaspace: 66088K->66088K(1107968K)
[86.666s][info][gc,ergo       ] Pacer for Idle. Initial: 30720K, Alloc Tax Rate: 1.0x
[87.182s][info][gc            ] Trigger: Learning 5 of 5. Free (1049M) is below initial threshold (1050M)
[87.182s][info][gc,ergo       ] Free: 1049M, Max: 512K regular, 436M humongous, Frag: 59% external, 0% internal; Reserve: 76800K, Max: 512K
[87.182s][info][gc,start      ] GC(22) Concurrent reset
[87.182s][info][gc,task       ] GC(22) Using 1 of 1 workers for concurrent reset
[87.182s][info][gc,ergo       ] GC(22) Pacer for Reset. Non-Taxable: 1500M
[87.183s][info][gc            ] GC(22) Concurrent reset 0.579ms
[87.186s][info][gc,start      ] GC(22) Pause Init Mark
[87.186s][info][gc,task       ] GC(22) Using 1 of 1 workers for init marking
[87.187s][info][gc,ergo       ] GC(22) Pacer for Mark. Expected Live: 181M, Free: 1049M, Non-Taxable: 104M, Alloc Tax Rate: 0.2x
[87.187s][info][gc            ] GC(22) Pause Init Mark 1.563ms
[87.187s][info][gc,start      ] GC(22) Concurrent marking
[87.187s][info][gc,task       ] GC(22) Using 1 of 1 workers for concurrent marking
[87.630s][info][gc            ] GC(22) Concurrent marking 442.578ms
[87.630s][info][gc,start      ] GC(22) Pause Final Mark
[87.630s][info][gc,task       ] GC(22) Using 1 of 1 workers for final marking
[87.630s][info][gc,ergo       ] GC(22) Adaptive CSet Selection. Target Free: 212M, Actual Free: 1155M, Max CSet: 64000K, Min Garbage: 0B
[87.631s][info][gc,ergo       ] GC(22) Collectable Garbage: 194M (98%), Immediate: 115M (58%), CSet: 80575K (39%)
[87.633s][info][gc,ergo       ] GC(22) Pacer for Evacuation. Used CSet: 106M, Free: 1085M, Non-Taxable: 108M, Alloc Tax Rate: 1.1x
[87.633s][info][gc            ] GC(22) Pause Final Mark 2.570ms
[87.633s][info][gc,start      ] GC(22) Concurrent cleanup
[87.633s][info][gc            ] GC(22) Concurrent cleanup 452M->337M(572M) 0.073ms
[87.633s][info][gc,ergo       ] GC(22) Free: 1085M, Max: 512K regular, 436M humongous, Frag: 60% external, 0% internal; Reserve: 76793K, Max: 512K
[87.633s][info][gc,start      ] GC(22) Concurrent evacuation
[87.633s][info][gc,task       ] GC(22) Using 1 of 1 workers for concurrent evacuation
[87.684s][info][gc            ] GC(22) Concurrent evacuation 50.993ms
[87.687s][info][gc,start      ] GC(22) Pause Init Update Refs
[87.687s][info][gc,ergo       ] GC(22) Pacer for Update Refs. Used: 374M, Free: 1076M, Non-Taxable: 107M, Alloc Tax Rate: 1.1x
[87.687s][info][gc            ] GC(22) Pause Init Update Refs 0.055ms
[87.687s][info][gc,start      ] GC(22) Concurrent update references
[87.687s][info][gc,task       ] GC(22) Using 1 of 1 workers for concurrent reference update
[88.021s][info][gc            ] GC(22) Concurrent update references 334.496ms
[88.024s][info][gc,start      ] GC(22) Pause Final Update Refs
[88.024s][info][gc,task       ] GC(22) Using 1 of 1 workers for final reference update
[88.024s][info][gc            ] GC(22) Pause Final Update Refs 0.484ms
[88.024s][info][gc,start      ] GC(22) Concurrent cleanup
[88.024s][info][gc            ] GC(22) Concurrent cleanup 428M->322M(572M) 0.064ms
[88.024s][info][gc,ergo       ] Free: 1099M, Max: 512K regular, 436M humongous, Frag: 61% external, 0% internal; Reserve: 76800K, Max: 512K
[88.024s][info][gc,stats      ] 
[88.024s][info][gc,stats      ] All times are wall-clock times, except per-root-class counters, that are sum over
[88.024s][info][gc,stats      ] all workers. Dividing the <total> over the root stage time estimates parallelism.
[88.024s][info][gc,stats      ] 
[88.024s][info][gc,stats      ] Concurrent Reset                    562 us
[88.024s][info][gc,stats      ] Pause Init Mark (G)                4228 us
[88.024s][info][gc,stats      ] Pause Init Mark (N)                1524 us
[88.024s][info][gc,stats      ]   Accumulate Stats                   14 us
[88.024s][info][gc,stats      ]   Make Parsable                      13 us
[88.024s][info][gc,stats      ]   Update Region States               48 us
[88.024s][info][gc,stats      ]   Scan Roots                       1397 us, parallelism: 0.78x
[88.024s][info][gc,stats      ]     S: <total>                     1084 us
[88.024s][info][gc,stats      ]     S: Thread Roots                 442 us, workers (us): 442, 
[88.024s][info][gc,stats      ]     S: Universe Roots                 2 us, workers (us):   2, 
[88.024s][info][gc,stats      ]     S: JNI Handles Roots              2 us, workers (us):   2, 
[88.024s][info][gc,stats      ]     S: Synchronizer Roots             0 us, workers (us):   0, 
[88.024s][info][gc,stats      ]     S: Management Roots               2 us, workers (us):   2, 
[88.024s][info][gc,stats      ]     S: System Dict Roots             14 us, workers (us):  14, 
[88.025s][info][gc,stats      ]     S: CLDG Roots                   621 us, workers (us): 621, 
[88.025s][info][gc,stats      ]     S: JVMTI Roots                    1 us, workers (us):   1, 
[88.025s][info][gc,stats      ]   Resize TLABs                       13 us
[88.025s][info][gc,stats      ] Concurrent Marking               442568 us
[88.025s][info][gc,stats      ] Pause Final Mark (G)               2699 us
[88.025s][info][gc,stats      ] Pause Final Mark (N)               2551 us
[88.025s][info][gc,stats      ]   Finish Queues                      19 us
[88.025s][info][gc,stats      ]   System Purge                      307 us
[88.025s][info][gc,stats      ]     Weak Roots                      307 us
[88.025s][info][gc,stats      ]   Update Region States               52 us
[88.025s][info][gc,stats      ]   Retire TLABs                       17 us
[88.025s][info][gc,stats      ]   Choose Collection Set              89 us
[88.025s][info][gc,stats      ]   Rebuild Free Set                   12 us
[88.025s][info][gc,stats      ]   Initial Evacuation               2047 us, parallelism: 0.63x
[88.025s][info][gc,stats      ]     E: <total>                     1287 us
[88.025s][info][gc,stats      ]     E: Thread Roots                 416 us, workers (us): 416, 
[88.025s][info][gc,stats      ]     E: Code Cache Roots             316 us, workers (us): 316, 
[88.025s][info][gc,stats      ]     E: Universe Roots                 1 us, workers (us):   1, 
[88.025s][info][gc,stats      ]     E: JNI Handles Roots              1 us, workers (us):   1, 
[88.025s][info][gc,stats      ]     E: Synchronizer Roots             0 us, workers (us):   0, 
[88.025s][info][gc,stats      ]     E: Management Roots               1 us, workers (us):   1, 
[88.025s][info][gc,stats      ]     E: System Dict Roots              9 us, workers (us):   9, 
[88.025s][info][gc,stats      ]     E: CLDG Roots                   542 us, workers (us): 542, 
[88.025s][info][gc,stats      ]     E: JVMTI Roots                    0 us, workers (us):   0, 
[88.025s][info][gc,stats      ] Concurrent Cleanup                   63 us
[88.025s][info][gc,stats      ] Concurrent Evacuation             50980 us
[88.025s][info][gc,stats      ] Pause Init  Update Refs (G)        2665 us
[88.025s][info][gc,stats      ] Pause Init  Update Refs (N)          16 us
[88.025s][info][gc,stats      ]   Retire GCLABs                       8 us
[88.025s][info][gc,stats      ] Concurrent Update Refs           334481 us
[88.025s][info][gc,stats      ] Pause Final Update Refs (G)        2979 us
[88.025s][info][gc,stats      ] Pause Final Update Refs (N)         437 us
[88.025s][info][gc,stats      ]   Update Roots                      360 us, parallelism: 0.97x
[88.025s][info][gc,stats      ]     UR: <total>                     350 us
[88.025s][info][gc,stats      ]     UR: Thread Roots                350 us, workers (us): 350, 
[88.025s][info][gc,stats      ]   Update Region States               50 us
[88.025s][info][gc,stats      ]   Trash Collection Set                2 us
[88.025s][info][gc,stats      ]   Rebuild Free Set                   11 us
[88.025s][info][gc,stats      ] Concurrent Cleanup                   57 us
[88.025s][info][gc,stats      ] 
[88.025s][info][gc,stats      ] Allocation pacing accrued:
[88.025s][info][gc,stats      ]       0 of  1359 ms (  0.0%): <total>
[88.025s][info][gc,stats      ]       0 of  1359 ms (  0.0%): <average total>
[88.025s][info][gc,stats      ] 
[88.025s][info][gc,metaspace  ] Metaspace: 66113K->66113K(1107968K)
[88.025s][info][gc,ergo       ] Pacer for Idle. Initial: 30720K, Alloc Tax Rate: 1.0x
[91.516s][info][gc            ] Trigger: Average GC time (900.83 ms) is above the time for allocation rate (224 MB/s) to deplete free headroom (201M)
[91.516s][info][gc,ergo       ] Free headroom: 276M (free) - 76800K (spike) - 0B (penalties) = 201M
[91.516s][info][gc,ergo       ] Free: 276M, Max: 512K regular, 276M humongous, Frag: 0% external, 0% internal; Reserve: 76800K, Max: 512K
[91.516s][info][gc,start      ] GC(23) Concurrent reset
[91.516s][info][gc,task       ] GC(23) Using 1 of 1 workers for concurrent reset
[91.516s][info][gc,ergo       ] GC(23) Pacer for Reset. Non-Taxable: 1500M
[91.517s][info][gc            ] GC(23) Concurrent reset 0.446ms
[91.519s][info][gc,start      ] GC(23) Pause Init Mark
[91.519s][info][gc,task       ] GC(23) Using 1 of 1 workers for init marking
[91.521s][info][gc,ergo       ] GC(23) Pacer for Mark. Expected Live: 175M, Free: 276M, Non-Taxable: 28313K, Alloc Tax Rate: 0.8x
[91.521s][info][gc            ] GC(23) Pause Init Mark 1.472ms
[91.521s][info][gc,start      ] GC(23) Concurrent marking
[91.521s][info][gc,task       ] GC(23) Using 1 of 1 workers for concurrent marking
[92.126s][info][gc            ] GC(23) Concurrent marking 605.311ms
[92.126s][info][gc,start      ] GC(23) Pause Final Mark
[92.126s][info][gc,task       ] GC(23) Using 1 of 1 workers for final marking
[92.127s][info][gc,ergo       ] GC(23) Adaptive CSet Selection. Target Free: 212M, Actual Free: 812M, Max CSet: 64000K, Min Garbage: 0B
[92.127s][info][gc,ergo       ] GC(23) Collectable Garbage: 936M (99%), Immediate: 513M (54%), CSet: 423M (45%)
[92.129s][info][gc,ergo       ] GC(23) Pacer for Evacuation. Used CSet: 471M, Free: 744M, Non-Taxable: 76236K, Alloc Tax Rate: 1.5x
[92.129s][info][gc            ] GC(23) Pause Final Mark 2.627ms
[92.129s][info][gc,start      ] GC(23) Concurrent cleanup
[92.129s][info][gc            ] GC(23) Concurrent cleanup 1190M->678M(1231M) 0.105ms
[92.129s][info][gc,ergo       ] GC(23) Free: 744M, Max: 512K regular, 304M humongous, Frag: 60% external, 0% internal; Reserve: 76793K, Max: 512K
[92.129s][info][gc,start      ] GC(23) Concurrent evacuation
[92.129s][info][gc,task       ] GC(23) Using 1 of 1 workers for concurrent evacuation
[92.286s][info][gc            ] GC(23) Concurrent evacuation 156.582ms
[92.288s][info][gc,start      ] GC(23) Pause Init Update Refs
[92.288s][info][gc,ergo       ] GC(23) Pacer for Update Refs. Used: 745M, Free: 725M, Non-Taxable: 74240K, Alloc Tax Rate: 1.3x
[92.288s][info][gc            ] GC(23) Pause Init Update Refs 0.066ms
[92.288s][info][gc,start      ] GC(23) Concurrent update references
[92.288s][info][gc,task       ] GC(23) Using 1 of 1 workers for concurrent reference update
[92.807s][info][gc            ] GC(23) Concurrent update references 518.150ms
[92.810s][info][gc,start      ] GC(23) Pause Final Update Refs
[92.810s][info][gc,task       ] GC(23) Using 1 of 1 workers for final reference update
[92.810s][info][gc            ] GC(23) Pause Final Update Refs 0.537ms
[92.810s][info][gc,start      ] GC(23) Concurrent cleanup
[92.811s][info][gc            ] GC(23) Concurrent cleanup 753M->282M(1231M) 0.096ms
[92.811s][info][gc,ergo       ] Free: 1139M, Max: 512K regular, 405M humongous, Frag: 65% external, 0% internal; Reserve: 76800K, Max: 512K
[92.811s][info][gc,stats      ] 
[92.811s][info][gc,stats      ] All times are wall-clock times, except per-root-class counters, that are sum over
[92.811s][info][gc,stats      ] all workers. Dividing the <total> over the root stage time estimates parallelism.
[92.811s][info][gc,stats      ] 
[92.811s][info][gc,stats      ] Concurrent Reset                    429 us
[92.811s][info][gc,stats      ] Pause Init Mark (G)                4089 us
[92.811s][info][gc,stats      ] Pause Init Mark (N)                1447 us
[92.811s][info][gc,stats      ]   Accumulate Stats                   15 us
[92.811s][info][gc,stats      ]   Make Parsable                      14 us
[92.811s][info][gc,stats      ]   Update Region States               35 us
[92.811s][info][gc,stats      ]   Scan Roots                       1349 us, parallelism: 0.77x
[92.811s][info][gc,stats      ]     S: <total>                     1039 us
[92.811s][info][gc,stats      ]     S: Thread Roots                 414 us, workers (us): 414, 
[92.811s][info][gc,stats      ]     S: Universe Roots                 3 us, workers (us):   3, 
[92.811s][info][gc,stats      ]     S: JNI Handles Roots              2 us, workers (us):   2, 
[92.811s][info][gc,stats      ]     S: Synchronizer Roots             0 us, workers (us):   0, 
[92.811s][info][gc,stats      ]     S: Management Roots               1 us, workers (us):   1, 
[92.811s][info][gc,stats      ]     S: System Dict Roots             11 us, workers (us):  11, 
[92.811s][info][gc,stats      ]     S: CLDG Roots                   608 us, workers (us): 608, 
[92.811s][info][gc,stats      ]     S: JVMTI Roots                    1 us, workers (us):   1, 
[92.811s][info][gc,stats      ]   Resize TLABs                        8 us
[92.811s][info][gc,stats      ] Concurrent Marking               605291 us
[92.811s][info][gc,stats      ] Pause Final Mark (G)               2756 us
[92.811s][info][gc,stats      ] Pause Final Mark (N)               2609 us
[92.811s][info][gc,stats      ]   Finish Queues                      14 us
[92.811s][info][gc,stats      ]   System Purge                      292 us
[92.811s][info][gc,stats      ]     Weak Roots                      291 us
[92.811s][info][gc,stats      ]   Update Region States               88 us
[92.811s][info][gc,stats      ]   Retire TLABs                       17 us
[92.811s][info][gc,stats      ]   Choose Collection Set             181 us
[92.811s][info][gc,stats      ]   Rebuild Free Set                   10 us
[92.811s][info][gc,stats      ]   Initial Evacuation               2000 us, parallelism: 0.65x
[92.811s][info][gc,stats      ]     E: <total>                     1290 us
[92.811s][info][gc,stats      ]     E: Thread Roots                 429 us, workers (us): 429, 
[92.811s][info][gc,stats      ]     E: Code Cache Roots             285 us, workers (us): 285, 
[92.811s][info][gc,stats      ]     E: Universe Roots                 1 us, workers (us):   1, 
[92.811s][info][gc,stats      ]     E: JNI Handles Roots              1 us, workers (us):   1, 
[92.811s][info][gc,stats      ]     E: Synchronizer Roots             0 us, workers (us):   0, 
[92.811s][info][gc,stats      ]     E: Management Roots               2 us, workers (us):   2, 
[92.811s][info][gc,stats      ]     E: System Dict Roots             12 us, workers (us):  12, 
[92.811s][info][gc,stats      ]     E: CLDG Roots                   560 us, workers (us): 560, 
[92.811s][info][gc,stats      ]     E: JVMTI Roots                    1 us, workers (us):   1, 
[92.811s][info][gc,stats      ] Concurrent Cleanup                   96 us
[92.811s][info][gc,stats      ] Concurrent Evacuation            156569 us
[92.811s][info][gc,stats      ] Pause Init  Update Refs (G)        2653 us
[92.811s][info][gc,stats      ] Pause Init  Update Refs (N)          17 us
[92.811s][info][gc,stats      ]   Retire GCLABs                       9 us
[92.811s][info][gc,stats      ] Concurrent Update Refs           518135 us
[92.811s][info][gc,stats      ] Pause Final Update Refs (G)        3170 us
[92.811s][info][gc,stats      ] Pause Final Update Refs (N)         479 us
[92.811s][info][gc,stats      ]   Update Roots                      400 us, parallelism: 0.97x
[92.811s][info][gc,stats      ]     UR: <total>                     388 us
[92.811s][info][gc,stats      ]     UR: Thread Roots                388 us, workers (us): 388, 
[92.811s][info][gc,stats      ]   Update Region States               54 us
[92.811s][info][gc,stats      ]   Trash Collection Set                5 us
[92.811s][info][gc,stats      ]   Rebuild Free Set                   10 us
[92.811s][info][gc,stats      ] Concurrent Cleanup                   86 us
[92.811s][info][gc,stats      ] Pacing                           238955 us
[92.811s][info][gc,stats      ] 
[92.811s][info][gc,stats      ] Allocation pacing accrued:
[92.811s][info][gc,stats      ]      14 of  4786 ms (  0.3%): RemoteBlock-temp-file-clean-thread
[92.811s][info][gc,stats      ]     225 of  4786 ms (  4.7%): Executor task launch worker for task 2.0 in stage 14.0 (TID 23)
[92.811s][info][gc,stats      ]     239 of  4786 ms (  5.0%): <total>
[92.811s][info][gc,stats      ]       2 of  4786 ms (  0.0%): <average total>
[92.811s][info][gc,stats      ]     119 of  4786 ms (  2.5%): <average non-zero>
[92.811s][info][gc,stats      ] 
[92.811s][info][gc,metaspace  ] Metaspace: 66123K->66123K(1107968K)
[92.811s][info][gc,ergo       ] Pacer for Idle. Initial: 30720K, Alloc Tax Rate: 1.0x
[96.229s][info][gc            ] Trigger: Average GC time (1116.65 ms) is above the time for allocation rate (197 MB/s) to deplete free headroom (219M)
[96.229s][info][gc,ergo       ] Free headroom: 294M (free) - 76800K (spike) - 0B (penalties) = 219M
[96.229s][info][gc,ergo       ] Free: 294M, Max: 512K regular, 204M humongous, Frag: 31% external, 0% internal; Reserve: 76800K, Max: 512K
[96.229s][info][gc,start      ] GC(24) Concurrent reset
[96.229s][info][gc,task       ] GC(24) Using 1 of 1 workers for concurrent reset
[96.229s][info][gc,ergo       ] GC(24) Pacer for Reset. Non-Taxable: 1500M
[96.230s][info][gc            ] GC(24) Concurrent reset 1.101ms
[96.233s][info][gc,start      ] GC(24) Pause Init Mark
[96.233s][info][gc,task       ] GC(24) Using 1 of 1 workers for init marking
[96.234s][info][gc,ergo       ] GC(24) Pacer for Mark. Expected Live: 187M, Free: 294M, Non-Taxable: 30105K, Alloc Tax Rate: 0.8x
[96.234s][info][gc            ] GC(24) Pause Init Mark 1.500ms
[96.235s][info][gc,start      ] GC(24) Concurrent marking
[96.235s][info][gc,task       ] GC(24) Using 1 of 1 workers for concurrent marking
[96.608s][info][gc            ] GC(24) Concurrent marking 373.157ms
[96.608s][info][gc,start      ] GC(24) Pause Final Mark
[96.608s][info][gc,task       ] GC(24) Using 1 of 1 workers for final marking
[96.608s][info][gc,ergo       ] GC(24) Adaptive CSet Selection. Target Free: 212M, Actual Free: 1096M, Max CSet: 64000K, Min Garbage: 0B
[96.608s][info][gc,ergo       ] GC(24) Collectable Garbage: 933M (99%), Immediate: 773M (82%), CSet: 159M (17%)
[96.610s][info][gc,ergo       ] GC(24) Pacer for Evacuation. Used CSet: 191M, Free: 1036M, Non-Taxable: 103M, Alloc Tax Rate: 1.1x
[96.610s][info][gc            ] GC(24) Pause Final Mark 2.579ms
[96.610s][info][gc,start      ] GC(24) Concurrent cleanup
[96.611s][info][gc            ] GC(24) Concurrent cleanup 1159M->386M(1231M) 0.127ms
[96.611s][info][gc,ergo       ] GC(24) Free: 1036M, Max: 512K regular, 398M humongous, Frag: 62% external, 0% internal; Reserve: 76785K, Max: 512K
[96.611s][info][gc,start      ] GC(24) Concurrent evacuation
[96.611s][info][gc,task       ] GC(24) Using 1 of 1 workers for concurrent evacuation
[96.670s][info][gc            ] GC(24) Concurrent evacuation 59.350ms
[96.673s][info][gc,start      ] GC(24) Pause Init Update Refs
[96.673s][info][gc,ergo       ] GC(24) Pacer for Update Refs. Used: 429M, Free: 1024M, Non-Taxable: 102M, Alloc Tax Rate: 1.1x
[96.673s][info][gc            ] GC(24) Pause Init Update Refs 0.045ms
[96.673s][info][gc,start      ] GC(24) Concurrent update references
[96.673s][info][gc,task       ] GC(24) Using 1 of 1 workers for concurrent reference update
[96.970s][info][gc            ] GC(24) Concurrent update references 297.235ms
[96.973s][info][gc,start      ] GC(24) Pause Final Update Refs
[96.973s][info][gc,task       ] GC(24) Using 1 of 1 workers for final reference update
[96.973s][info][gc            ] GC(24) Pause Final Update Refs 0.477ms
[96.973s][info][gc,start      ] GC(24) Concurrent cleanup
[96.973s][info][gc            ] GC(24) Concurrent cleanup 468M->277M(1231M) 0.072ms
[96.973s][info][gc,ergo       ] Free: 1145M, Max: 512K regular, 399M humongous, Frag: 66% external, 0% internal; Reserve: 76800K, Max: 512K
[96.973s][info][gc,stats      ] 
[96.973s][info][gc,stats      ] All times are wall-clock times, except per-root-class counters, that are sum over
[96.973s][info][gc,stats      ] all workers. Dividing the <total> over the root stage time estimates parallelism.
[96.973s][info][gc,stats      ] 
[96.973s][info][gc,stats      ] Concurrent Reset                   1082 us
[96.973s][info][gc,stats      ] Pause Init Mark (G)                4088 us
[96.973s][info][gc,stats      ] Pause Init Mark (N)                1459 us
[96.973s][info][gc,stats      ]   Accumulate Stats                   16 us
[96.973s][info][gc,stats      ]   Make Parsable                      14 us
[96.973s][info][gc,stats      ]   Update Region States               50 us
[96.973s][info][gc,stats      ]   Scan Roots                       1338 us, parallelism: 0.77x
[96.973s][info][gc,stats      ]     S: <total>                     1030 us
[96.973s][info][gc,stats      ]     S: Thread Roots                 392 us, workers (us): 392, 
[96.973s][info][gc,stats      ]     S: Universe Roots                 3 us, workers (us):   3, 
[96.973s][info][gc,stats      ]     S: JNI Handles Roots              2 us, workers (us):   2, 
[96.973s][info][gc,stats      ]     S: Synchronizer Roots             0 us, workers (us):   0, 
[96.973s][info][gc,stats      ]     S: Management Roots               1 us, workers (us):   1, 
[96.973s][info][gc,stats      ]     S: System Dict Roots             12 us, workers (us):  12, 
[96.973s][info][gc,stats      ]     S: CLDG Roots                   620 us, workers (us): 620, 
[96.973s][info][gc,stats      ]     S: JVMTI Roots                    1 us, workers (us):   1, 
[96.973s][info][gc,stats      ]   Resize TLABs                        9 us
[96.973s][info][gc,stats      ] Concurrent Marking               373148 us
[96.973s][info][gc,stats      ] Pause Final Mark (G)               2712 us
[96.973s][info][gc,stats      ] Pause Final Mark (N)               2561 us
[96.973s][info][gc,stats      ]   Finish Queues                      14 us
[96.973s][info][gc,stats      ]   System Purge                      304 us
[96.973s][info][gc,stats      ]     Weak Roots                      304 us
[96.973s][info][gc,stats      ]   Update Region States               49 us
[96.973s][info][gc,stats      ]   Retire TLABs                       16 us
[96.973s][info][gc,stats      ]   Choose Collection Set             109 us
[96.973s][info][gc,stats      ]   Rebuild Free Set                   11 us
[96.973s][info][gc,stats      ]   Initial Evacuation               2050 us, parallelism: 0.67x
[96.973s][info][gc,stats      ]     E: <total>                     1375 us
[96.973s][info][gc,stats      ]     E: Thread Roots                 463 us, workers (us): 463, 
[96.973s][info][gc,stats      ]     E: Code Cache Roots             294 us, workers (us): 294, 
[96.973s][info][gc,stats      ]     E: Universe Roots                 1 us, workers (us):   1, 
[96.973s][info][gc,stats      ]     E: JNI Handles Roots              1 us, workers (us):   1, 
[96.973s][info][gc,stats      ]     E: Synchronizer Roots             0 us, workers (us):   0, 
[96.973s][info][gc,stats      ]     E: Management Roots               2 us, workers (us):   2, 
[96.973s][info][gc,stats      ]     E: System Dict Roots             10 us, workers (us):  10, 
[96.973s][info][gc,stats      ]     E: CLDG Roots                   602 us, workers (us): 602, 
[96.973s][info][gc,stats      ]     E: JVMTI Roots                    1 us, workers (us):   1, 
[96.973s][info][gc,stats      ] Concurrent Cleanup                  119 us
[96.973s][info][gc,stats      ] Concurrent Evacuation             59334 us
[96.973s][info][gc,stats      ] Pause Init  Update Refs (G)        2617 us
[96.973s][info][gc,stats      ] Pause Init  Update Refs (N)          15 us
[96.973s][info][gc,stats      ]   Retire GCLABs                       6 us
[96.973s][info][gc,stats      ] Concurrent Update Refs           297220 us
[96.973s][info][gc,stats      ] Pause Final Update Refs (G)        3047 us
[96.973s][info][gc,stats      ] Pause Final Update Refs (N)         428 us
[96.973s][info][gc,stats      ]   Update Roots                      350 us, parallelism: 0.97x
[96.973s][info][gc,stats      ]     UR: <total>                     341 us
[96.973s][info][gc,stats      ]     UR: Thread Roots                341 us, workers (us): 341, 
[96.973s][info][gc,stats      ]   Update Region States               53 us
[96.973s][info][gc,stats      ]   Trash Collection Set                3 us
[96.973s][info][gc,stats      ]   Rebuild Free Set                   11 us
[96.973s][info][gc,stats      ] Concurrent Cleanup                   64 us
[96.973s][info][gc,stats      ] Pacing                           125132 us
[96.973s][info][gc,stats      ] 
[96.973s][info][gc,stats      ] Allocation pacing accrued:
[96.973s][info][gc,stats      ]     125 of  4163 ms (  3.0%): Executor task launch worker for task 1.0 in stage 15.0 (TID 25)
[96.973s][info][gc,stats      ]     125 of  4163 ms (  3.0%): <total>
[96.973s][info][gc,stats      ]       1 of  4163 ms (  0.0%): <average total>
[96.973s][info][gc,stats      ]     125 of  4163 ms (  3.0%): <average non-zero>
[96.973s][info][gc,stats      ] 
[96.973s][info][gc,metaspace  ] Metaspace: 66174K->66174K(1107968K)
[96.973s][info][gc,ergo       ] Pacer for Idle. Initial: 30720K, Alloc Tax Rate: 1.0x
[99.777s][info][gc            ] Trigger: Average GC time (1039.50 ms) is above the time for allocation rate (256 MB/s) to deplete free headroom (260M)
[99.777s][info][gc,ergo       ] Free headroom: 335M (free) - 76800K (spike) - 0B (penalties) = 260M
[99.777s][info][gc,ergo       ] Free: 335M, Max: 512K regular, 309M humongous, Frag: 8% external, 0% internal; Reserve: 76800K, Max: 512K
[99.777s][info][gc,start      ] GC(25) Concurrent reset
[99.777s][info][gc,task       ] GC(25) Using 1 of 1 workers for concurrent reset
[99.777s][info][gc,ergo       ] GC(25) Pacer for Reset. Non-Taxable: 1500M
[99.778s][info][gc            ] GC(25) Concurrent reset 0.742ms
[99.778s][info][gc,start      ] GC(25) Pause Init Mark (process weakrefs)
[99.778s][info][gc,task       ] GC(25) Using 1 of 1 workers for init marking
[99.780s][info][gc,ergo       ] GC(25) Pacer for Mark. Expected Live: 187M, Free: 335M, Non-Taxable: 34304K, Alloc Tax Rate: 0.7x
[99.780s][info][gc            ] GC(25) Pause Init Mark (process weakrefs) 1.807ms
[99.780s][info][gc,start      ] GC(25) Concurrent marking (process weakrefs)
[99.780s][info][gc,task       ] GC(25) Using 1 of 1 workers for concurrent marking
[100.511s][info][gc            ] GC(25) Concurrent marking (process weakrefs) 730.331ms
[100.511s][info][gc,start      ] GC(25) Concurrent precleaning
[100.511s][info][gc,task       ] GC(25) Using 1 of 1 workers for concurrent preclean
[100.511s][info][gc,ergo       ] GC(25) Pacer for Precleaning. Non-Taxable: 1500M
[100.511s][info][gc            ] GC(25) Concurrent precleaning 0.618ms
[100.511s][info][gc,start      ] GC(25) Pause Final Mark (process weakrefs)
[100.511s][info][gc,task       ] GC(25) Using 1 of 1 workers for final marking
[100.512s][info][gc,ergo       ] GC(25) Adaptive CSet Selection. Target Free: 212M, Actual Free: 793M, Max CSet: 64000K, Min Garbage: 0B
[100.512s][info][gc,ergo       ] GC(25) Collectable Garbage: 873M (99%), Immediate: 440M (50%), CSet: 433M (49%)
[100.514s][info][gc,ergo       ] GC(25) Pacer for Evacuation. Used CSet: 480M, Free: 726M, Non-Taxable: 74431K, Alloc Tax Rate: 1.6x
[100.514s][info][gc            ] GC(25) Pause Final Mark (process weakrefs) 2.511ms
[100.514s][info][gc,start      ] GC(25) Concurrent cleanup
[100.514s][info][gc            ] GC(25) Concurrent cleanup 1135M->695M(1231M) 0.097ms
[100.514s][info][gc,ergo       ] GC(25) Free: 726M, Max: 512K regular, 308M humongous, Frag: 58% external, 0% internal; Reserve: 76785K, Max: 512K
[100.514s][info][gc,start      ] GC(25) Concurrent evacuation
[100.514s][info][gc,task       ] GC(25) Using 1 of 1 workers for concurrent evacuation
[100.676s][info][gc            ] GC(25) Concurrent evacuation 162.220ms
[100.679s][info][gc,start      ] GC(25) Pause Init Update Refs
[100.679s][info][gc,ergo       ] GC(25) Pacer for Update Refs. Used: 745M, Free: 723M, Non-Taxable: 74124K, Alloc Tax Rate: 1.3x
[100.679s][info][gc            ] GC(25) Pause Init Update Refs 0.052ms
[100.679s][info][gc,start      ] GC(25) Concurrent update references
[100.679s][info][gc,task       ] GC(25) Using 1 of 1 workers for concurrent reference update
[101.191s][info][gc            ] GC(25) Concurrent update references 512.268ms
[101.194s][info][gc,start      ] GC(25) Pause Final Update Refs
[101.194s][info][gc,task       ] GC(25) Using 1 of 1 workers for final reference update
[101.194s][info][gc            ] GC(25) Pause Final Update Refs 0.470ms
[101.194s][info][gc,start      ] GC(25) Concurrent cleanup
[101.194s][info][gc            ] GC(25) Concurrent cleanup 747M->267M(1231M) 0.131ms
[101.195s][info][gc,ergo       ] Free: 1153M, Max: 512K regular, 330M humongous, Frag: 72% external, 0% internal; Reserve: 76800K, Max: 512K
[101.195s][info][gc,stats      ] 
[101.195s][info][gc,stats      ] All times are wall-clock times, except per-root-class counters, that are sum over
[101.195s][info][gc,stats      ] all workers. Dividing the <total> over the root stage time estimates parallelism.
[101.195s][info][gc,stats      ] 
[101.195s][info][gc,stats      ] Concurrent Reset                    722 us
[101.195s][info][gc,stats      ] Pause Init Mark (G)                2444 us
[101.195s][info][gc,stats      ] Pause Init Mark (N)                1779 us
[101.195s][info][gc,stats      ]   Accumulate Stats                   16 us
[101.195s][info][gc,stats      ]   Make Parsable                      15 us
[101.195s][info][gc,stats      ]   Update Region States               55 us
[101.195s][info][gc,stats      ]   Scan Roots                       1627 us, parallelism: 0.69x
[101.195s][info][gc,stats      ]     S: <total>                     1116 us
[101.195s][info][gc,stats      ]     S: Thread Roots                 438 us, workers (us): 438, 
[101.195s][info][gc,stats      ]     S: Universe Roots                 3 us, workers (us):   3, 
[101.195s][info][gc,stats      ]     S: JNI Handles Roots              2 us, workers (us):   2, 
[101.195s][info][gc,stats      ]     S: Synchronizer Roots             0 us, workers (us):   0, 
[101.195s][info][gc,stats      ]     S: Management Roots               3 us, workers (us):   3, 
[101.195s][info][gc,stats      ]     S: System Dict Roots             12 us, workers (us):  12, 
[101.195s][info][gc,stats      ]     S: CLDG Roots                   658 us, workers (us): 658, 
[101.195s][info][gc,stats      ]     S: JVMTI Roots                    1 us, workers (us):   1, 
[101.195s][info][gc,stats      ]   Resize TLABs                       13 us
[101.195s][info][gc,stats      ] Concurrent Marking               730322 us
[101.195s][info][gc,stats      ] Concurrent Precleaning              604 us
[101.195s][info][gc,stats      ] Pause Final Mark (G)               2645 us
[101.195s][info][gc,stats      ] Pause Final Mark (N)               2502 us
[101.195s][info][gc,stats      ]   Finish Queues                      14 us
[101.195s][info][gc,stats      ]   Weak References                    23 us
[101.195s][info][gc,stats      ]     Process                          20 us
[101.195s][info][gc,stats      ]   System Purge                      317 us
[101.195s][info][gc,stats      ]     Weak Roots                      317 us
[101.195s][info][gc,stats      ]   Update Region States               47 us
[101.195s][info][gc,stats      ]   Retire TLABs                       19 us
[101.195s][info][gc,stats      ]   Choose Collection Set             174 us
[101.195s][info][gc,stats      ]   Rebuild Free Set                   10 us
[101.195s][info][gc,stats      ]   Initial Evacuation               1893 us, parallelism: 0.65x
[101.195s][info][gc,stats      ]     E: <total>                     1229 us
[101.195s][info][gc,stats      ]     E: Thread Roots                 396 us, workers (us): 396, 
[101.195s][info][gc,stats      ]     E: Code Cache Roots             313 us, workers (us): 313, 
[101.195s][info][gc,stats      ]     E: Universe Roots                 1 us, workers (us):   1, 
[101.195s][info][gc,stats      ]     E: JNI Handles Roots              1 us, workers (us):   1, 
[101.195s][info][gc,stats      ]     E: Synchronizer Roots             0 us, workers (us):   0, 
[101.195s][info][gc,stats      ]     E: Management Roots               2 us, workers (us):   2, 
[101.195s][info][gc,stats      ]     E: System Dict Roots              9 us, workers (us):   9, 
[101.195s][info][gc,stats      ]     E: CLDG Roots                   507 us, workers (us): 507, 
[101.195s][info][gc,stats      ]     E: JVMTI Roots                    0 us, workers (us):   0, 
[101.195s][info][gc,stats      ] Concurrent Cleanup                   89 us
[101.195s][info][gc,stats      ] Concurrent Evacuation            162207 us
[101.195s][info][gc,stats      ] Pause Init  Update Refs (G)        2646 us
[101.195s][info][gc,stats      ] Pause Init  Update Refs (N)          19 us
[101.195s][info][gc,stats      ]   Retire GCLABs                       9 us
[101.195s][info][gc,stats      ] Concurrent Update Refs           512253 us
[101.195s][info][gc,stats      ] Pause Final Update Refs (G)        2971 us
[101.195s][info][gc,stats      ] Pause Final Update Refs (N)         436 us
[101.195s][info][gc,stats      ]   Update Roots                      362 us, parallelism: 0.98x
[101.195s][info][gc,stats      ]     UR: <total>                     355 us
[101.195s][info][gc,stats      ]     UR: Thread Roots                355 us, workers (us): 355, 
[101.195s][info][gc,stats      ]   Update Region States               49 us
[101.195s][info][gc,stats      ]   Trash Collection Set                5 us
[101.195s][info][gc,stats      ]   Rebuild Free Set                   10 us
[101.195s][info][gc,stats      ] Concurrent Cleanup                  123 us
[101.195s][info][gc,stats      ] Pacing                           145818 us
[101.195s][info][gc,stats      ] 
[101.195s][info][gc,stats      ] Allocation pacing accrued:
[101.195s][info][gc,stats      ]     146 of  4221 ms (  3.5%): Executor task launch worker for task 2.0 in stage 15.0 (TID 26)
[101.195s][info][gc,stats      ]     146 of  4221 ms (  3.5%): <total>
[101.195s][info][gc,stats      ]       1 of  4221 ms (  0.0%): <average total>
[101.195s][info][gc,stats      ]     146 of  4221 ms (  3.5%): <average non-zero>
[101.195s][info][gc,stats      ] 
[101.195s][info][gc,metaspace  ] Metaspace: 66183K->66189K(1107968K)
[101.195s][info][gc,ergo       ] Pacer for Idle. Initial: 30720K, Alloc Tax Rate: 1.0x
[105.919s][info][gc            ] Trigger: Average GC time (1096.41 ms) is above the time for allocation rate (158 MB/s) to deplete free headroom (172M)
[105.919s][info][gc,ergo       ] Free headroom: 247M (free) - 76800K (spike) - 0B (penalties) = 172M
[105.919s][info][gc,ergo       ] Free: 247M, Max: 512K regular, 247M humongous, Frag: 0% external, 0% internal; Reserve: 76800K, Max: 512K
[105.919s][info][gc,start      ] GC(26) Concurrent reset
[105.919s][info][gc,task       ] GC(26) Using 1 of 1 workers for concurrent reset
[105.919s][info][gc,ergo       ] GC(26) Pacer for Reset. Non-Taxable: 1500M
[105.920s][info][gc            ] GC(26) Concurrent reset 1.113ms
[105.923s][info][gc,start      ] GC(26) Pause Init Mark
[105.923s][info][gc,task       ] GC(26) Using 1 of 1 workers for init marking
[105.925s][info][gc,ergo       ] GC(26) Pacer for Mark. Expected Live: 190M, Free: 247M, Non-Taxable: 25344K, Alloc Tax Rate: 0.9x
[105.925s][info][gc            ] GC(26) Pause Init Mark 1.519ms
[105.925s][info][gc,start      ] GC(26) Concurrent marking
[105.925s][info][gc,task       ] GC(26) Using 1 of 1 workers for concurrent marking
[106.156s][info][gc            ] GC(26) Concurrent marking 230.856ms
[106.156s][info][gc,start      ] GC(26) Pause Final Mark
[106.156s][info][gc,task       ] GC(26) Using 1 of 1 workers for final marking
[106.156s][info][gc,ergo       ] GC(26) Collectable Garbage: 950M (94%), Immediate: 950M (94%), CSet: 0B (0%)
[106.156s][info][gc            ] GC(26) Pause Final Mark 0.504ms
[106.156s][info][gc,start      ] GC(26) Concurrent cleanup
[106.156s][info][gc            ] GC(26) Concurrent cleanup 1186M->235M(1231M) 0.132ms
[106.156s][info][gc,ergo       ] GC(26) Free: 1187M, Max: 512K regular, 257M humongous, Frag: 79% external, 0% internal; Reserve: 76800K, Max: 512K
[106.156s][info][gc,ergo       ] Free: 1187M, Max: 512K regular, 257M humongous, Frag: 79% external, 0% internal; Reserve: 76800K, Max: 512K
[106.156s][info][gc,stats      ] 
[106.156s][info][gc,stats      ] All times are wall-clock times, except per-root-class counters, that are sum over
[106.156s][info][gc,stats      ] all workers. Dividing the <total> over the root stage time estimates parallelism.
[106.157s][info][gc,stats      ] 
[106.157s][info][gc,stats      ] Concurrent Reset                   1093 us
[106.157s][info][gc,stats      ] Pause Init Mark (G)                4165 us
[106.157s][info][gc,stats      ] Pause Init Mark (N)                1499 us
[106.157s][info][gc,stats      ]   Accumulate Stats                   17 us
[106.157s][info][gc,stats      ]   Make Parsable                      20 us
[106.157s][info][gc,stats      ]   Update Region States               38 us
[106.157s][info][gc,stats      ]   Scan Roots                       1386 us, parallelism: 0.77x
[106.157s][info][gc,stats      ]     S: <total>                     1074 us
[106.157s][info][gc,stats      ]     S: Thread Roots                 435 us, workers (us): 435, 
[106.157s][info][gc,stats      ]     S: Universe Roots                 3 us, workers (us):   3, 
[106.157s][info][gc,stats      ]     S: JNI Handles Roots              2 us, workers (us):   2, 
[106.157s][info][gc,stats      ]     S: Synchronizer Roots             0 us, workers (us):   0, 
[106.157s][info][gc,stats      ]     S: Management Roots               1 us, workers (us):   1, 
[106.157s][info][gc,stats      ]     S: System Dict Roots             11 us, workers (us):  11, 
[106.157s][info][gc,stats      ]     S: CLDG Roots                   621 us, workers (us): 621, 
[106.157s][info][gc,stats      ]     S: JVMTI Roots                    1 us, workers (us):   1, 
[106.157s][info][gc,stats      ]   Resize TLABs                        9 us
[106.157s][info][gc,stats      ] Concurrent Marking               230845 us
[106.157s][info][gc,stats      ] Pause Final Mark (G)                638 us
[106.157s][info][gc,stats      ] Pause Final Mark (N)                467 us
[106.157s][info][gc,stats      ]   Finish Queues                      20 us
[106.157s][info][gc,stats      ]   System Purge                      315 us
[106.157s][info][gc,stats      ]     Weak Roots                      314 us
[106.157s][info][gc,stats      ]   Update Region States               47 us
[106.157s][info][gc,stats      ]   Retire TLABs                       15 us
[106.157s][info][gc,stats      ]   Choose Collection Set              45 us
[106.157s][info][gc,stats      ]   Rebuild Free Set                   11 us
[106.157s][info][gc,stats      ] Concurrent Cleanup                  124 us
[106.157s][info][gc,stats      ] Pacing                           122046 us
[106.157s][info][gc,stats      ] 
[106.157s][info][gc,stats      ] Allocation pacing accrued:
[106.157s][info][gc,stats      ]     122 of  4962 ms (  2.5%): Executor task launch worker for task 0.0 in stage 25.0 (TID 36)
[106.157s][info][gc,stats      ]     122 of  4962 ms (  2.5%): <total>
[106.157s][info][gc,stats      ]       1 of  4962 ms (  0.0%): <average total>
[106.157s][info][gc,stats      ]     122 of  4962 ms (  2.5%): <average non-zero>
[106.157s][info][gc,stats      ] 
[106.157s][info][gc,metaspace  ] Metaspace: 66360K->66360K(1107968K)
[106.157s][info][gc,ergo       ] Pacer for Idle. Initial: 30720K, Alloc Tax Rate: 1.0x
[108.621s][info][gc            ] Trigger: Average GC time (906.95 ms) is above the time for allocation rate (318 MB/s) to deplete free headroom (287M)
[108.621s][info][gc,ergo       ] Free headroom: 362M (free) - 76800K (spike) - 0B (penalties) = 287M
[108.621s][info][gc,ergo       ] Free: 362M, Max: 512K regular, 257M humongous, Frag: 30% external, 0% internal; Reserve: 76800K, Max: 512K
[108.621s][info][gc,start      ] GC(27) Concurrent reset
[108.621s][info][gc,task       ] GC(27) Using 1 of 1 workers for concurrent reset
[108.621s][info][gc,ergo       ] GC(27) Pacer for Reset. Non-Taxable: 1500M
[108.621s][info][gc            ] GC(27) Concurrent reset 0.337ms
[108.622s][info][gc,start      ] GC(27) Pause Init Mark
[108.622s][info][gc,task       ] GC(27) Using 1 of 1 workers for init marking
[108.623s][info][gc,ergo       ] GC(27) Pacer for Mark. Expected Live: 178M, Free: 362M, Non-Taxable: 37120K, Alloc Tax Rate: 0.6x
[108.623s][info][gc            ] GC(27) Pause Init Mark 1.690ms
[108.623s][info][gc,start      ] GC(27) Concurrent marking
[108.623s][info][gc,task       ] GC(27) Using 1 of 1 workers for concurrent marking
[109.281s][info][gc            ] GC(27) Concurrent marking 657.105ms
[109.281s][info][gc,start      ] GC(27) Pause Final Mark
[109.281s][info][gc,task       ] GC(27) Using 1 of 1 workers for final marking
[109.282s][info][gc,ergo       ] GC(27) Adaptive CSet Selection. Target Free: 212M, Actual Free: 930M, Max CSet: 64000K, Min Garbage: 0B
[109.282s][info][gc,ergo       ] GC(27) Collectable Garbage: 846M (99%), Immediate: 535M (63%), CSet: 310M (36%)
[109.287s][info][gc,ergo       ] GC(27) Pacer for Evacuation. Used CSet: 351M, Free: 881M, Non-Taxable: 90265K, Alloc Tax Rate: 1.1x
[109.287s][info][gc            ] GC(27) Pause Final Mark 5.967ms
[109.288s][info][gc,start      ] GC(27) Concurrent cleanup
[109.289s][info][gc            ] GC(27) Concurrent cleanup 1075M->539M(1231M) 0.323ms
[109.289s][info][gc,ergo       ] GC(27) Free: 881M, Max: 512K regular, 338M humongous, Frag: 62% external, 0% internal; Reserve: 76642K, Max: 512K
[109.289s][info][gc,start      ] GC(27) Concurrent evacuation
[109.289s][info][gc,task       ] GC(27) Using 1 of 1 workers for concurrent evacuation
[109.412s][info][gc            ] GC(27) Concurrent evacuation 123.245ms
[109.415s][info][gc,start      ] GC(27) Pause Init Update Refs
[109.415s][info][gc,ergo       ] GC(27) Pacer for Update Refs. Used: 587M, Free: 874M, Non-Taxable: 89599K, Alloc Tax Rate: 1.1x
[109.415s][info][gc            ] GC(27) Pause Init Update Refs 0.032ms
[109.415s][info][gc,start      ] GC(27) Concurrent update references
[109.415s][info][gc,task       ] GC(27) Using 1 of 1 workers for concurrent reference update
[109.876s][info][gc            ] GC(27) Concurrent update references 460.938ms
[109.878s][info][gc,start      ] GC(27) Pause Final Update Refs
[109.878s][info][gc,task       ] GC(27) Using 1 of 1 workers for final reference update
[109.879s][info][gc            ] GC(27) Pause Final Update Refs 0.844ms
[109.879s][info][gc,start      ] GC(27) Concurrent cleanup
[109.879s][info][gc            ] GC(27) Concurrent cleanup 621M->269M(1231M) 0.085ms
[109.879s][info][gc,ergo       ] Free: 1148M, Max: 512K regular, 299M humongous, Frag: 74% external, 0% internal; Reserve: 76800K, Max: 512K
[109.879s][info][gc,stats      ] 
[109.879s][info][gc,stats      ] All times are wall-clock times, except per-root-class counters, that are sum over
[109.879s][info][gc,stats      ] all workers. Dividing the <total> over the root stage time estimates parallelism.
[109.879s][info][gc,stats      ] 
[109.879s][info][gc,stats      ] Concurrent Reset                    322 us
[109.879s][info][gc,stats      ] Pause Init Mark (G)                1963 us
[109.879s][info][gc,stats      ] Pause Init Mark (N)                1675 us
[109.879s][info][gc,stats      ]   Accumulate Stats                   16 us
[109.879s][info][gc,stats      ]   Make Parsable                      20 us
[109.879s][info][gc,stats      ]   Update Region States               98 us
[109.879s][info][gc,stats      ]   Scan Roots                       1477 us, parallelism: 0.77x
[109.879s][info][gc,stats      ]     S: <total>                     1145 us
[109.879s][info][gc,stats      ]     S: Thread Roots                 469 us, workers (us): 469, 
[109.879s][info][gc,stats      ]     S: Universe Roots                 3 us, workers (us):   3, 
[109.879s][info][gc,stats      ]     S: JNI Handles Roots              2 us, workers (us):   2, 
[109.879s][info][gc,stats      ]     S: Synchronizer Roots             0 us, workers (us):   0, 
[109.879s][info][gc,stats      ]     S: Management Roots               2 us, workers (us):   2, 
[109.879s][info][gc,stats      ]     S: System Dict Roots             12 us, workers (us):  12, 
[109.879s][info][gc,stats      ]     S: CLDG Roots                   657 us, workers (us): 657, 
[109.879s][info][gc,stats      ]     S: JVMTI Roots                    1 us, workers (us):   1, 
[109.879s][info][gc,stats      ]   Resize TLABs                       12 us
[109.879s][info][gc,stats      ] Concurrent Marking               657095 us
[109.879s][info][gc,stats      ] Pause Final Mark (G)               7504 us
[109.879s][info][gc,stats      ] Pause Final Mark (N)               5916 us
[109.879s][info][gc,stats      ]   Finish Queues                      50 us
[109.879s][info][gc,stats      ]   System Purge                      649 us
[109.879s][info][gc,stats      ]     Weak Roots                      648 us
[109.879s][info][gc,stats      ]   Update Region States              100 us
[109.879s][info][gc,stats      ]   Retire TLABs                       38 us
[109.879s][info][gc,stats      ]   Choose Collection Set             535 us
[109.879s][info][gc,stats      ]   Rebuild Free Set                   37 us
[109.879s][info][gc,stats      ]   Initial Evacuation               4486 us, parallelism: 0.64x
[109.879s][info][gc,stats      ]     E: <total>                     2873 us
[109.879s][info][gc,stats      ]     E: Thread Roots                1107 us, workers (us): 1107, 
[109.879s][info][gc,stats      ]     E: Code Cache Roots             610 us, workers (us): 610, 
[109.879s][info][gc,stats      ]     E: Universe Roots                 3 us, workers (us):   3, 
[109.879s][info][gc,stats      ]     E: JNI Handles Roots              2 us, workers (us):   2, 
[109.879s][info][gc,stats      ]     E: Synchronizer Roots             0 us, workers (us):   0, 
[109.879s][info][gc,stats      ]     E: Management Roots               2 us, workers (us):   2, 
[109.879s][info][gc,stats      ]     E: System Dict Roots             20 us, workers (us):  20, 
[109.879s][info][gc,stats      ]     E: CLDG Roots                  1128 us, workers (us): 1128, 
[109.879s][info][gc,stats      ]     E: JVMTI Roots                    1 us, workers (us):   1, 
[109.879s][info][gc,stats      ] Concurrent Cleanup                  290 us
[109.879s][info][gc,stats      ] Concurrent Evacuation            123225 us
[109.879s][info][gc,stats      ] Pause Init  Update Refs (G)        2675 us
[109.879s][info][gc,stats      ] Pause Init  Update Refs (N)          15 us
[109.879s][info][gc,stats      ]   Retire GCLABs                       8 us
[109.879s][info][gc,stats      ] Concurrent Update Refs           460922 us
[109.879s][info][gc,stats      ] Pause Final Update Refs (G)        3463 us
[109.879s][info][gc,stats      ] Pause Final Update Refs (N)         798 us
[109.879s][info][gc,stats      ]   Update Roots                      721 us, parallelism: 0.99x
[109.879s][info][gc,stats      ]     UR: <total>                     711 us
[109.879s][info][gc,stats      ]     UR: Thread Roots                711 us, workers (us): 711, 
[109.879s][info][gc,stats      ]   Update Region States               50 us
[109.879s][info][gc,stats      ]   Trash Collection Set                5 us
[109.879s][info][gc,stats      ]   Rebuild Free Set                   12 us
[109.879s][info][gc,stats      ] Concurrent Cleanup                   78 us
[109.879s][info][gc,stats      ] Pacing                            13105 us
[109.879s][info][gc,stats      ] 
[109.879s][info][gc,stats      ] Allocation pacing accrued:
[109.879s][info][gc,stats      ]      13 of  3723 ms (  0.4%): Executor task launch worker for task 2.0 in stage 25.0 (TID 38)
[109.879s][info][gc,stats      ]      13 of  3723 ms (  0.4%): <total>
[109.879s][info][gc,stats      ]       0 of  3723 ms (  0.0%): <average total>
[109.879s][info][gc,stats      ]      13 of  3723 ms (  0.4%): <average non-zero>
[109.879s][info][gc,stats      ] 
[109.880s][info][gc,metaspace  ] Metaspace: 66434K->66440K(1107968K)
[109.880s][info][gc,ergo       ] Pacer for Idle. Initial: 30720K, Alloc Tax Rate: 1.0x
[111.030s][info][gc            ] Trigger: Average GC time (990.18 ms) is above the time for allocation rate (342 MB/s) to deplete free headroom (336M)
[111.031s][info][gc,ergo       ] Free headroom: 411M (free) - 76800K (spike) - 0B (penalties) = 336M
[111.031s][info][gc,ergo       ] Free: 411M, Max: 512K regular, 299M humongous, Frag: 28% external, 0% internal; Reserve: 76800K, Max: 512K
[111.031s][info][gc,start      ] GC(28) Concurrent reset
[111.031s][info][gc,task       ] GC(28) Using 1 of 1 workers for concurrent reset
[111.031s][info][gc,ergo       ] GC(28) Pacer for Reset. Non-Taxable: 1500M
[111.032s][info][gc            ] GC(28) Concurrent reset 0.927ms
[111.038s][info][gc,start      ] GC(28) Pause Init Mark
[111.038s][info][gc,task       ] GC(28) Using 1 of 1 workers for init marking
[111.039s][info][gc,ergo       ] GC(28) Pacer for Mark. Expected Live: 181M, Free: 411M, Non-Taxable: 42137K, Alloc Tax Rate: 0.5x
[111.039s][info][gc            ] GC(28) Pause Init Mark 1.656ms
[111.039s][info][gc,start      ] GC(28) Concurrent marking
[111.039s][info][gc,task       ] GC(28) Using 1 of 1 workers for concurrent marking
[111.373s][info][gc            ] Cancelling GC: Stopping VM
[111.373s][info][gc            ] GC(28) Concurrent marking 333.549ms
[111.373s][info][gc,ergo       ] Free: 361M, Max: 512K regular, 299M humongous, Frag: 18% external, 0% internal; Reserve: 76800K, Max: 512K
[111.373s][info][gc,stats      ] 
[111.373s][info][gc,stats      ] All times are wall-clock times, except per-root-class counters, that are sum over
[111.373s][info][gc,stats      ] all workers. Dividing the <total> over the root stage time estimates parallelism.
[111.373s][info][gc,stats      ] 
[111.373s][info][gc,stats      ] Concurrent Reset                    902 us
[111.373s][info][gc,stats      ] Pause Init Mark (G)                7537 us
[111.373s][info][gc,stats      ] Pause Init Mark (N)                1607 us
[111.373s][info][gc,stats      ]   Accumulate Stats                   19 us
[111.373s][info][gc,stats      ]   Make Parsable                      17 us
[111.373s][info][gc,stats      ]   Update Region States               63 us
[111.373s][info][gc,stats      ]   Scan Roots                       1456 us, parallelism: 0.78x
[111.373s][info][gc,stats      ]     S: <total>                     1131 us
[111.373s][info][gc,stats      ]     S: Thread Roots                 482 us, workers (us): 482, 
[111.373s][info][gc,stats      ]     S: Universe Roots                 2 us, workers (us):   2, 
[111.373s][info][gc,stats      ]     S: JNI Handles Roots              2 us, workers (us):   2, 
[111.373s][info][gc,stats      ]     S: Synchronizer Roots             0 us, workers (us):   0, 
[111.373s][info][gc,stats      ]     S: Management Roots               2 us, workers (us):   2, 
[111.373s][info][gc,stats      ]     S: System Dict Roots             12 us, workers (us):  12, 
[111.373s][info][gc,stats      ]     S: CLDG Roots                   629 us, workers (us): 629, 
[111.373s][info][gc,stats      ]     S: JVMTI Roots                    1 us, workers (us):   1, 
[111.373s][info][gc,stats      ]   Resize TLABs                       11 us
[111.373s][info][gc,stats      ] 
[111.373s][info][gc,stats      ] Allocation pacing accrued:
[111.373s][info][gc,stats      ]       0 of  1494 ms (  0.0%): <total>
[111.373s][info][gc,stats      ]       0 of  1494 ms (  0.0%): <average total>
[111.373s][info][gc,stats      ] 
[111.373s][info][gc,metaspace  ] Metaspace: 66499K->67017K(1110016K)
[111.373s][info][gc,ergo       ] Pacer for Idle. Initial: 30720K, Alloc Tax Rate: 1.0x
[111.375s][info][gc,heap,exit  ] Heap
[111.375s][info][gc,heap,exit  ] Shenandoah Heap
[111.375s][info][gc,heap,exit  ]  1500M max, 1500M soft max, 1231M committed, 1048M used
[111.375s][info][gc,heap,exit  ]  3000 x 512K regions
[111.375s][info][gc,heap,exit  ] Status: marking, cancelled
[111.375s][info][gc,heap,exit  ] Reserved region:
[111.375s][info][gc,heap,exit  ]  - [0x00000000a2400000, 0x0000000100000000) 
[111.375s][info][gc,heap,exit  ] Collection set:
[111.375s][info][gc,heap,exit  ]  - map (vanilla): 0x0000000000011448
[111.375s][info][gc,heap,exit  ]  - map (biased):  0x0000000000010000
[111.375s][info][gc,heap,exit  ] 
[111.375s][info][gc,heap,exit  ]  Metaspace       used 67017K, capacity 70780K, committed 70940K, reserved 1110016K
[111.375s][info][gc,heap,exit  ]   class space    used 9391K, capacity 11256K, committed 11264K, reserved 1048576K
[111.375s][info][gc,stats      ] 
[111.375s][info][gc,stats      ] GC STATISTICS:
[111.375s][info][gc,stats      ]   "(G)" (gross) pauses include VM time: time to notify and block threads, do the pre-
[111.375s][info][gc,stats      ]         and post-safepoint housekeeping. Use -XX:+PrintSafepointStatistics to dissect.
[111.375s][info][gc,stats      ]   "(N)" (net) pauses are the times spent in the actual GC code.
[111.375s][info][gc,stats      ]   "a" is average time for each phase, look at levels to see if average makes sense.
[111.375s][info][gc,stats      ]   "lvls" are quantiles: 0% (minimum), 25%, 50% (median), 75%, 100% (maximum).
[111.375s][info][gc,stats      ] 
[111.375s][info][gc,stats      ]   All times are wall-clock times, except per-root-class counters, that are sum over
[111.375s][info][gc,stats      ]   all workers. Dividing the <total> over the root stage time estimates parallelism.
[111.375s][info][gc,stats      ] 
[111.375s][info][gc,stats      ]   Pacing delays are measured from entering the pacing code till exiting it. Therefore,
[111.375s][info][gc,stats      ]   observed pacing delays may be higher than the threshold when paced thread spent more
[111.375s][info][gc,stats      ]   time in the pacing code. It usually happens when thread is de-scheduled while paced,
[111.375s][info][gc,stats      ]   OS takes longer to unblock the thread, or JVM experiences an STW pause.
[111.375s][info][gc,stats      ] 
[111.375s][info][gc,stats      ]   Higher delay would prevent application outpacing the GC, but it will hide the GC latencies
[111.375s][info][gc,stats      ]   from the STW pause times. Pacing affects the individual threads, and so it would also be
[111.375s][info][gc,stats      ]   invisible to the usual profiling tools, but would add up to end-to-end application latency.
[111.375s][info][gc,stats      ]   Raise max pacing delay with care.
[111.375s][info][gc,stats      ] 
[111.375s][info][gc,stats      ] Concurrent Reset               =    0.017 s (a =      601 us) (n =    29) (lvls, us =      109,      197,      395,      879,     1763)
[111.375s][info][gc,stats      ] Pause Init Mark (G)            =    0.111 s (a =     3819 us) (n =    29) (lvls, us =     1055,     3301,     3770,     4336,     7537)
[111.375s][info][gc,stats      ] Pause Init Mark (N)            =    0.045 s (a =     1566 us) (n =    29) (lvls, us =      844,     1172,     1504,     1660,     2978)
[111.375s][info][gc,stats      ]   Accumulate Stats             =    0.000 s (a =       12 us) (n =    29) (lvls, us =        2,        7,       11,       14,       40)
[111.375s][info][gc,stats      ]   Make Parsable                =    0.000 s (a =       13 us) (n =    29) (lvls, us =        3,        9,       11,       15,       24)
[111.375s][info][gc,stats      ]   Update Region States         =    0.002 s (a =       65 us) (n =    29) (lvls, us =       28,       39,       48,       55,      419)
[111.375s][info][gc,stats      ]   Scan Roots                   =    0.041 s (a =     1422 us) (n =    29) (lvls, us =      764,     1055,     1367,     1465,     2437)
[111.375s][info][gc,stats      ]     S: <total>                 =    0.033 s (a =     1122 us) (n =    29) (lvls, us =      396,      793,     1055,     1133,     2238)
[111.375s][info][gc,stats      ]     S: Thread Roots            =    0.014 s (a =      494 us) (n =    29) (lvls, us =      205,      262,      412,      480,     2028)
[111.375s][info][gc,stats      ]     S: Universe Roots          =    0.000 s (a =        3 us) (n =    29) (lvls, us =        2,        2,        3,        3,       20)
[111.375s][info][gc,stats      ]     S: JNI Handles Roots       =    0.000 s (a =        2 us) (n =    29) (lvls, us =        1,        2,        2,        2,       12)
[111.375s][info][gc,stats      ]     S: Synchronizer Roots      =    0.000 s (a =        0 us) (n =    29) (lvls, us =        0,        0,        0,        0,        1)
[111.375s][info][gc,stats      ]     S: Management Roots        =    0.000 s (a =        2 us) (n =    29) (lvls, us =        1,        1,        2,        2,        4)
[111.375s][info][gc,stats      ]     S: System Dict Roots       =    0.001 s (a =       19 us) (n =    29) (lvls, us =        9,       11,       12,       19,       75)
[111.375s][info][gc,stats      ]     S: CLDG Roots              =    0.017 s (a =      600 us) (n =    29) (lvls, us =      115,      518,      607,      656,     1295)
[111.375s][info][gc,stats      ]     S: JVMTI Roots             =    0.000 s (a =        1 us) (n =    29) (lvls, us =        0,        1,        1,        1,        1)
[111.375s][info][gc,stats      ]   Resize TLABs                 =    0.000 s (a =        9 us) (n =    29) (lvls, us =        3,        4,        7,       10,       60)
[111.375s][info][gc,stats      ] Concurrent Marking             =   11.518 s (a =   411375 us) (n =    28) (lvls, us =    34570,    45898,   419922,   656250,  1304766)
[111.375s][info][gc,stats      ] Concurrent Precleaning         =    0.021 s (a =     2589 us) (n =     8) (lvls, us =      383,      557,      604,     3555,     7867)
[111.375s][info][gc,stats      ] Pause Final Mark (G)           =    0.189 s (a =     6733 us) (n =    28) (lvls, us =      398,      641,     2695,     5449,    40148)
[111.375s][info][gc,stats      ] Pause Final Mark (N)           =    0.170 s (a =     6086 us) (n =    28) (lvls, us =      344,      492,     2500,     4668,    39842)
[111.375s][info][gc,stats      ]   Finish Queues                =    0.001 s (a =       23 us) (n =    28) (lvls, us =        8,       12,       17,       26,       81)
[111.375s][info][gc,stats      ]   Weak References              =    0.002 s (a =      241 us) (n =     8) (lvls, us =       22,       23,       48,      227,     1183)
[111.375s][info][gc,stats      ]     Process                    =    0.002 s (a =      238 us) (n =     8) (lvls, us =       20,       21,       45,      225,     1177)
[111.375s][info][gc,stats      ]   System Purge                 =    0.009 s (a =      336 us) (n =    28) (lvls, us =      152,      271,      295,      316,      794)
[111.375s][info][gc,stats      ]     Unload Classes             =    0.005 s (a =     1185 us) (n =     4) (lvls, us =      504,      504,      896,     1348,     1975)
[111.375s][info][gc,stats      ]     Cleanup                    =    0.095 s (a =    23789 us) (n =     4) (lvls, us =    12695,    12695,    20312,    26563,    35182)
[111.375s][info][gc,stats      ]       CU: <total>              =    0.095 s (a =    23659 us) (n =     4) (lvls, us =    12695,    12695,    20117,    26563,    34993)
[111.375s][info][gc,stats      ]       CU: Code Cache Roots     =    0.026 s (a =     6494 us) (n =     4) (lvls, us =     2852,     2852,     3555,     9453,    10094)
[111.375s][info][gc,stats      ]       CU: Code Cache Cleaning  =    0.005 s (a =     1336 us) (n =     4) (lvls, us =      756,      756,     1016,     1738,     1818)
[111.375s][info][gc,stats      ]       CU: String Table Roots   =    0.032 s (a =     7966 us) (n =     4) (lvls, us =     1172,     1172,     7559,     7617,    15483)
[111.375s][info][gc,stats      ]       CU: Resolved Table Roots =    0.000 s (a =       89 us) (n =     4) (lvls, us =       37,       37,       61,      117,      139)
[111.375s][info][gc,stats      ]       CU: CLDG Roots           =    0.031 s (a =     7773 us) (n =     4) (lvls, us =     6934,     6934,     7949,     7988,     8186)
[111.375s][info][gc,stats      ]     Weak Roots                 =    0.009 s (a =      336 us) (n =    28) (lvls, us =      152,      271,      293,      316,      793)
[111.375s][info][gc,stats      ]     CLDG                       =    0.001 s (a =      184 us) (n =     4) (lvls, us =        1,        1,        1,      338,      396)
[111.375s][info][gc,stats      ]   Update Region States         =    0.004 s (a =      133 us) (n =    28) (lvls, us =       42,       48,       50,       69,     1993)
[111.375s][info][gc,stats      ]   Retire TLABs                 =    0.000 s (a =       13 us) (n =    28) (lvls, us =        6,        7,       13,       17,       38)
[111.375s][info][gc,stats      ]   Choose Collection Set        =    0.004 s (a =      137 us) (n =    28) (lvls, us =       20,       48,       83,      174,      685)
[111.375s][info][gc,stats      ]   Rebuild Free Set             =    0.000 s (a =       14 us) (n =    28) (lvls, us =       10,       10,       11,       14,       37)
[111.375s][info][gc,stats      ]   Initial Evacuation           =    0.049 s (a =     2729 us) (n =    18) (lvls, us =     1211,     1875,     2031,     3047,     6590)
[111.375s][info][gc,stats      ]     E: <total>                 =    0.031 s (a =     1736 us) (n =    18) (lvls, us =      830,     1172,     1270,     1895,     5640)
[111.375s][info][gc,stats      ]     E: Thread Roots            =    0.007 s (a =      406 us) (n =    18) (lvls, us =      234,      258,      395,      414,     1107)
[111.375s][info][gc,stats      ]     E: Code Cache Roots        =    0.011 s (a =      614 us) (n =    18) (lvls, us =       93,      242,      311,      463,     4611)
[111.375s][info][gc,stats      ]     E: Universe Roots          =    0.000 s (a =        5 us) (n =    18) (lvls, us =        1,        1,        1,        1,       36)
[111.375s][info][gc,stats      ]     E: JNI Handles Roots       =    0.000 s (a =        2 us) (n =    18) (lvls, us =        1,        1,        1,        1,        7)
[111.375s][info][gc,stats      ]     E: Synchronizer Roots      =    0.000 s (a =        0 us) (n =    18) (lvls, us =        0,        0,        0,        0,        1)
[111.375s][info][gc,stats      ]     E: Management Roots        =    0.000 s (a =        2 us) (n =    18) (lvls, us =        1,        1,        2,        2,        8)
[111.375s][info][gc,stats      ]     E: System Dict Roots       =    0.000 s (a =       17 us) (n =    18) (lvls, us =        6,        9,       11,       18,       59)
[111.375s][info][gc,stats      ]     E: CLDG Roots              =    0.012 s (a =      689 us) (n =    18) (lvls, us =      320,      523,      561,      732,     1128)
[111.375s][info][gc,stats      ]     E: JVMTI Roots             =    0.000 s (a =        1 us) (n =    18) (lvls, us =        0,        0,        1,        1,        1)
[111.375s][info][gc,stats      ] Concurrent Cleanup             =    0.003 s (a =      118 us) (n =    28) (lvls, us =       49,       75,       96,      143,      297)
[111.375s][info][gc,stats      ] Concurrent Evacuation          =    1.670 s (a =    92759 us) (n =    18) (lvls, us =      707,    24023,    59180,   154297,   226597)
[111.375s][info][gc,stats      ] Pause Init  Update Refs (G)    =    0.052 s (a =     2862 us) (n =    18) (lvls, us =       85,     2188,     2598,     2656,     9415)
[111.375s][info][gc,stats      ] Pause Init  Update Refs (N)    =    0.000 s (a =       14 us) (n =    18) (lvls, us =        6,       11,       14,       16,       22)
[111.375s][info][gc,stats      ]   Retire GCLABs                =    0.000 s (a =        6 us) (n =    18) (lvls, us =        2,        4,        5,        8,        9)
[111.375s][info][gc,stats      ] Concurrent Update Refs         =    8.832 s (a =   490693 us) (n =    18) (lvls, us =    42773,    98242,   416016,   517578,  1671786)
[111.375s][info][gc,stats      ] Pause Final Update Refs (G)    =    0.062 s (a =     3432 us) (n =    18) (lvls, us =     1152,     2520,     3027,     3164,    11576)
[111.375s][info][gc,stats      ] Pause Final Update Refs (N)    =    0.014 s (a =      765 us) (n =    18) (lvls, us =      283,      328,      436,      479,     5677)
[111.375s][info][gc,stats      ]   Update Roots                 =    0.012 s (a =      672 us) (n =    18) (lvls, us =      213,      250,      352,      373,     5580)
[111.375s][info][gc,stats      ]     UR: <total>                =    0.007 s (a =      377 us) (n =    18) (lvls, us =      203,      242,      342,      361,      886)
[111.375s][info][gc,stats      ]     UR: Thread Roots           =    0.007 s (a =      377 us) (n =    18) (lvls, us =      203,      242,      342,      361,      886)
[111.375s][info][gc,stats      ]   Update Region States         =    0.001 s (a =       58 us) (n =    18) (lvls, us =       48,       49,       53,       60,       79)
[111.375s][info][gc,stats      ]   Trash Collection Set         =    0.000 s (a =        5 us) (n =    18) (lvls, us =        2,        3,        4,        5,       14)
[111.375s][info][gc,stats      ]   Rebuild Free Set             =    0.000 s (a =       15 us) (n =    18) (lvls, us =       10,       11,       12,       16,       40)
[111.375s][info][gc,stats      ] Concurrent Cleanup             =    0.002 s (a =       87 us) (n =    18) (lvls, us =       57,       62,       68,       86,      237)
[111.375s][info][gc,stats      ] Concurrent Uncommit            =    0.141 s (a =    70467 us) (n =     2) (lvls, us =    56641,    56641,    56641,    56641,    84287)
[111.375s][info][gc,stats      ] Pacing                         =    2.216 s (a =    79160 us) (n =    28) (lvls, us =        0,        0,        0,   121094,   784437)
[111.375s][info][gc,stats      ] 
[111.375s][info][gc,stats      ] 
[111.375s][info][gc,stats      ] Under allocation pressure, concurrent cycles may cancel, and either continue cycle
[111.375s][info][gc,stats      ] under stop-the-world pause or result in stop-the-world Full GC. Increase heap size,
[111.375s][info][gc,stats      ] tune GC heuristics, set more aggressive pacing delay, or lower allocation rate
[111.375s][info][gc,stats      ] to avoid Degenerated and Full GC cycles.
[111.375s][info][gc,stats      ] 
[111.375s][info][gc,stats      ]    28 successful concurrent GCs
[111.375s][info][gc,stats      ]       2 invoked explicitly
[111.375s][info][gc,stats      ]       0 invoked implicitly
[111.375s][info][gc,stats      ] 
[111.375s][info][gc,stats      ]     0 Degenerated GCs
[111.375s][info][gc,stats      ]       0 caused by allocation failure
[111.375s][info][gc,stats      ]       0 upgraded to Full GC
[111.375s][info][gc,stats      ] 
[111.375s][info][gc,stats      ]     0 Full GCs
[111.375s][info][gc,stats      ]       0 invoked explicitly
[111.375s][info][gc,stats      ]       0 invoked implicitly
[111.375s][info][gc,stats      ]       0 caused by allocation failure
[111.375s][info][gc,stats      ]       0 upgraded from Degenerated GC
[111.375s][info][gc,stats      ] 
[111.375s][info][gc,stats      ] 
