[0.003s][info][gc,init] Regions: 3500 x 512K
[0.003s][info][gc,init] Humongous object threshold: 512K
[0.003s][info][gc,init] Max TLAB size: 512K
[0.004s][info][gc,init] GC threads: 1 parallel, 1 concurrent
[0.004s][info][gc     ] Heuristics ergonomically sets -XX:+ExplicitGCInvokesConcurrent
[0.004s][info][gc     ] Heuristics ergonomically sets -XX:+ShenandoahImplicitGCInvokesConcurrent
[0.004s][info][gc,init] Shenandoah GC mode: Snapshot-At-The-Beginning (SATB)
[0.004s][info][gc,init] Shenandoah heuristics: Adaptive
[0.004s][info][gc,ergo] Pacer for Idle. Initial: 35840K, Alloc Tax Rate: 1.0x
[0.004s][info][gc,init] Initialize Shenandoah heap: 124M initial, 6656K min, 1750M max
[0.004s][info][gc,init] Safepointing mechanism: global-page poll
[0.004s][info][gc     ] Using Shenandoah
[0.004s][info][gc,heap,coops] Heap address: 0x0000000092a00000, size: 1750 MB, Compressed Oops mode: 32-bit
[0.009s][info][gc,init      ] Reference processing: serial discovery, serial processing
[4.214s][info][gc           ] Trigger: Metadata GC Threshold
[4.214s][info][gc,ergo      ] Free: 1582M, Max: 512K regular, 1582M humongous, Frag: 0% external, 0% internal; Reserve: 89600K, Max: 512K
[4.214s][info][gc,start     ] GC(0) Concurrent reset
[4.214s][info][gc,task      ] GC(0) Using 1 of 1 workers for concurrent reset
[4.214s][info][gc,ergo      ] GC(0) Pacer for Reset. Non-Taxable: 1750M
[4.215s][info][gc           ] GC(0) Concurrent reset 0.102ms
[4.217s][info][gc,start     ] GC(0) Pause Init Mark (process weakrefs) (unload classes)
[4.217s][info][gc,task      ] GC(0) Using 1 of 1 workers for init marking
[4.218s][info][gc,ergo      ] GC(0) Pacer for Mark. Expected Live: 175M, Free: 1582M, Non-Taxable: 158M, Alloc Tax Rate: 0.1x
[4.218s][info][gc           ] GC(0) Pause Init Mark (process weakrefs) (unload classes) 1.053ms
[4.218s][info][gc,start     ] GC(0) Concurrent marking (process weakrefs) (unload classes)
[4.218s][info][gc,task      ] GC(0) Using 1 of 1 workers for concurrent marking
[4.258s][info][gc           ] GC(0) Concurrent marking (process weakrefs) (unload classes) 39.966ms
[4.258s][info][gc,start     ] GC(0) Concurrent precleaning
[4.258s][info][gc,task      ] GC(0) Using 1 of 1 workers for concurrent preclean
[4.258s][info][gc,ergo      ] GC(0) Pacer for Precleaning. Non-Taxable: 1750M
[4.259s][info][gc           ] GC(0) Concurrent precleaning 0.355ms
[4.259s][info][gc,start     ] GC(0) Pause Final Mark (process weakrefs) (unload classes)
[4.259s][info][gc,task      ] GC(0) Using 1 of 1 workers for final marking
[4.266s][info][gc,stringtable] GC(0) Cleaned string and symbol table, strings: 7813 processed, 0 removed, symbols: 40188 processed, 44 removed
[4.266s][info][gc,ergo       ] GC(0) Adaptive CSet Selection. Target Free: 247M, Actual Free: 1669M, Max CSet: 74666K, Min Garbage: 0B
[4.266s][info][gc,ergo       ] GC(0) Collectable Garbage: 62278K (98%), Immediate: 0B (0%), CSet: 62278K (98%)
[4.269s][info][gc,ergo       ] GC(0) Pacer for Evacuation. Used CSet: 69632K, Free: 1581M, Non-Taxable: 158M, Alloc Tax Rate: 1.1x
[4.269s][info][gc            ] GC(0) Pause Final Mark (process weakrefs) (unload classes) 10.327ms
[4.273s][info][gc,start      ] GC(0) Concurrent cleanup
[4.273s][info][gc            ] GC(0) Concurrent cleanup 80M->80M(126M) 0.124ms
[4.273s][info][gc,ergo       ] GC(0) Free: 1581M, Max: 512K regular, 1581M humongous, Frag: 0% external, 0% internal; Reserve: 88545K, Max: 512K
[4.273s][info][gc,start      ] GC(0) Concurrent evacuation
[4.273s][info][gc,task       ] GC(0) Using 1 of 1 workers for concurrent evacuation
[4.301s][info][gc            ] GC(0) Concurrent evacuation 28.162ms
[4.302s][info][gc,start      ] GC(0) Pause Init Update Refs
[4.302s][info][gc,ergo       ] GC(0) Pacer for Update Refs. Used: 90538K, Free: 1581M, Non-Taxable: 158M, Alloc Tax Rate: 1.1x
[4.302s][info][gc            ] GC(0) Pause Init Update Refs 0.019ms
[4.302s][info][gc,start      ] GC(0) Concurrent update references
[4.302s][info][gc,task       ] GC(0) Using 1 of 1 workers for concurrent reference update
[4.317s][info][gc            ] GC(0) Concurrent update references 15.090ms
[4.317s][info][gc,start      ] GC(0) Pause Final Update Refs
[4.317s][info][gc,task       ] GC(0) Using 1 of 1 workers for final reference update
[4.319s][info][gc            ] GC(0) Pause Final Update Refs 1.846ms
[4.319s][info][gc,start      ] GC(0) Concurrent cleanup
[4.319s][info][gc            ] GC(0) Concurrent cleanup 88M->20M(132M) 0.076ms
[4.319s][info][gc,ergo       ] Free: 1640M, Max: 512K regular, 1572M humongous, Frag: 5% external, 0% internal; Reserve: 89600K, Max: 512K
[4.319s][info][gc,stats      ] 
[4.319s][info][gc,stats      ] All times are wall-clock times, except per-root-class counters, that are sum over
[4.319s][info][gc,stats      ] all workers. Dividing the <total> over the root stage time estimates parallelism.
[4.319s][info][gc,stats      ] 
[4.319s][info][gc,stats      ] Concurrent Reset                     74 us
[4.319s][info][gc,stats      ] Pause Init Mark (G)                3660 us
[4.319s][info][gc,stats      ] Pause Init Mark (N)                1014 us
[4.319s][info][gc,stats      ]   Accumulate Stats                    2 us
[4.319s][info][gc,stats      ]   Make Parsable                       3 us
[4.319s][info][gc,stats      ]   Update Region States               54 us
[4.319s][info][gc,stats      ]   Scan Roots                        930 us, parallelism: 0.93x
[4.319s][info][gc,stats      ]     S: <total>                      869 us
[4.319s][info][gc,stats      ]     S: Thread Roots                 673 us, workers (us): 673, 
[4.319s][info][gc,stats      ]     S: Universe Roots                19 us, workers (us):  19, 
[4.319s][info][gc,stats      ]     S: JNI Handles Roots              6 us, workers (us):   6, 
[4.319s][info][gc,stats      ]     S: Synchronizer Roots             0 us, workers (us):   0, 
[4.319s][info][gc,stats      ]     S: Management Roots               1 us, workers (us):   1, 
[4.319s][info][gc,stats      ]     S: System Dict Roots             33 us, workers (us):  33, 
[4.319s][info][gc,stats      ]     S: CLDG Roots                   134 us, workers (us): 134, 
[4.319s][info][gc,stats      ]     S: JVMTI Roots                    0 us, workers (us):   0, 
[4.319s][info][gc,stats      ]   Resize TLABs                        1 us
[4.319s][info][gc,stats      ] Concurrent Marking                39957 us
[4.319s][info][gc,stats      ] Concurrent Precleaning              344 us
[4.319s][info][gc,stats      ] Pause Final Mark (G)              14226 us
[4.319s][info][gc,stats      ] Pause Final Mark (N)              10318 us
[4.319s][info][gc,stats      ]   Finish Queues                      23 us
[4.319s][info][gc,stats      ]   Weak References                    72 us
[4.319s][info][gc,stats      ]     Process                          70 us
[4.319s][info][gc,stats      ]   System Purge                      128 us
[4.319s][info][gc,stats      ]     Unload Classes                  648 us
[4.319s][info][gc,stats      ]     Cleanup                        6715 us, parallelism: 0.98x
[4.319s][info][gc,stats      ]       CU: <total>                  6612 us
[4.319s][info][gc,stats      ]       CU: Code Cache Roots         1904 us, workers (us): 1904, 
[4.319s][info][gc,stats      ]       CU: Code Cache Cleaning       494 us, workers (us): 494, 
[4.319s][info][gc,stats      ]       CU: String Table Roots        834 us, workers (us): 834, 
[4.319s][info][gc,stats      ]       CU: Resolved Table Roots       28 us, workers (us):  28, 
[4.319s][info][gc,stats      ]       CU: CLDG Roots               3351 us, workers (us): 3351, 
[4.319s][info][gc,stats      ]     Weak Roots                      128 us
[4.319s][info][gc,stats      ]     CLDG                              1 us
[4.319s][info][gc,stats      ]   Update Region States               60 us
[4.319s][info][gc,stats      ]   Retire TLABs                        6 us
[4.319s][info][gc,stats      ]   Choose Collection Set              40 us
[4.319s][info][gc,stats      ]   Rebuild Free Set                   11 us
[4.319s][info][gc,stats      ]   Initial Evacuation               2606 us, parallelism: 0.60x
[4.319s][info][gc,stats      ]     E: <total>                     1570 us
[4.319s][info][gc,stats      ]     E: Thread Roots                 252 us, workers (us): 252, 
[4.319s][info][gc,stats      ]     E: Code Cache Roots             614 us, workers (us): 614, 
[4.319s][info][gc,stats      ]     E: Universe Roots                25 us, workers (us):  25, 
[4.319s][info][gc,stats      ]     E: JNI Handles Roots              5 us, workers (us):   5, 
[4.319s][info][gc,stats      ]     E: Synchronizer Roots             0 us, workers (us):   0, 
[4.319s][info][gc,stats      ]     E: Management Roots               2 us, workers (us):   2, 
[4.319s][info][gc,stats      ]     E: System Dict Roots             15 us, workers (us):  15, 
[4.319s][info][gc,stats      ]     E: CLDG Roots                   657 us, workers (us): 657, 
[4.319s][info][gc,stats      ]     E: JVMTI Roots                    1 us, workers (us):   1, 
[4.319s][info][gc,stats      ] Concurrent Cleanup                   66 us
[4.319s][info][gc,stats      ] Concurrent Evacuation             28150 us
[4.319s][info][gc,stats      ] Pause Init  Update Refs (G)         529 us
[4.319s][info][gc,stats      ] Pause Init  Update Refs (N)           8 us
[4.319s][info][gc,stats      ]   Retire GCLABs                       2 us
[4.319s][info][gc,stats      ] Concurrent Update Refs            15076 us
[4.319s][info][gc,stats      ] Pause Final Update Refs (G)        1963 us
[4.319s][info][gc,stats      ] Pause Final Update Refs (N)        1833 us
[4.319s][info][gc,stats      ]   Update Roots                      752 us, parallelism: 0.38x
[4.319s][info][gc,stats      ]     UR: <total>                     287 us
[4.319s][info][gc,stats      ]     UR: Thread Roots                287 us, workers (us): 287, 
[4.319s][info][gc,stats      ]   Update Region States             1059 us
[4.319s][info][gc,stats      ]   Trash Collection Set                3 us
[4.319s][info][gc,stats      ]   Rebuild Free Set                   11 us
[4.319s][info][gc,stats      ] Concurrent Cleanup                   62 us
[4.319s][info][gc,stats      ] 
[4.319s][info][gc,stats      ] Allocation pacing accrued:
[4.319s][info][gc,stats      ]       0 of  4315 ms (  0.0%): <total>
[4.319s][info][gc,stats      ]       0 of  4315 ms (  0.0%): <average total>
[4.319s][info][gc,stats      ] 
[4.319s][info][gc,metaspace  ] Metaspace: 20178K->20284K(1067008K)
[4.319s][info][gc,ergo       ] Pacer for Idle. Initial: 35840K, Alloc Tax Rate: 1.0x
[6.214s][info][gc            ] Trigger: Metadata GC Threshold
[6.215s][info][gc,ergo       ] Free: 1570M, Max: 512K regular, 1570M humongous, Frag: 0% external, 0% internal; Reserve: 89600K, Max: 512K
[6.215s][info][gc,start      ] GC(1) Concurrent reset
[6.215s][info][gc,task       ] GC(1) Using 1 of 1 workers for concurrent reset
[6.215s][info][gc,ergo       ] GC(1) Pacer for Reset. Non-Taxable: 1750M
[6.215s][info][gc            ] GC(1) Concurrent reset 0.216ms
[6.216s][info][gc,start      ] GC(1) Pause Init Mark (unload classes)
[6.217s][info][gc,task       ] GC(1) Using 1 of 1 workers for init marking
[6.218s][info][gc,ergo       ] GC(1) Pacer for Mark. Expected Live: 17446K, Free: 1570M, Non-Taxable: 157M, Alloc Tax Rate: 0.0x
[6.218s][info][gc            ] GC(1) Pause Init Mark (unload classes) 1.636ms
[6.218s][info][gc,start      ] GC(1) Concurrent marking (unload classes)
[6.218s][info][gc,task       ] GC(1) Using 1 of 1 workers for concurrent marking
[6.265s][info][gc            ] GC(1) Concurrent marking (unload classes) 47.200ms
[6.265s][info][gc,start      ] GC(1) Pause Final Mark (unload classes)
[6.265s][info][gc,task       ] GC(1) Using 1 of 1 workers for final marking
[6.284s][info][gc,stringtable] GC(1) Cleaned string and symbol table, strings: 13466 processed, 0 removed, symbols: 81204 processed, 44 removed
[6.289s][info][gc,ergo       ] GC(1) Adaptive CSet Selection. Target Free: 247M, Actual Free: 1656M, Max CSet: 74666K, Min Garbage: 0B
[6.289s][info][gc,ergo       ] GC(1) Collectable Garbage: 71118K (98%), Immediate: 512K (0%), CSet: 70606K (97%)
[6.291s][info][gc,ergo       ] GC(1) Pacer for Evacuation. Used CSet: 75776K, Free: 1569M, Non-Taxable: 156M, Alloc Tax Rate: 1.1x
[6.291s][info][gc            ] GC(1) Pause Final Mark (unload classes) 25.684ms
[6.292s][info][gc,start      ] GC(1) Concurrent cleanup
[6.292s][info][gc            ] GC(1) Concurrent cleanup 93M->93M(134M) 0.088ms
[6.292s][info][gc,ergo       ] GC(1) Free: 1568M, Max: 512K regular, 1568M humongous, Frag: 0% external, 0% internal; Reserve: 88497K, Max: 512K
[6.292s][info][gc,start      ] GC(1) Concurrent evacuation
[6.292s][info][gc,task       ] GC(1) Using 1 of 1 workers for concurrent evacuation
[6.306s][info][gc            ] GC(1) Concurrent evacuation 13.657ms
[6.311s][info][gc,start      ] GC(1) Pause Init Update Refs
[6.311s][info][gc,ergo       ] GC(1) Pacer for Update Refs. Used: 100774K, Free: 1568M, Non-Taxable: 156M, Alloc Tax Rate: 1.1x
[6.311s][info][gc            ] GC(1) Pause Init Update Refs 0.050ms
[6.311s][info][gc,start      ] GC(1) Concurrent update references
[6.311s][info][gc,task       ] GC(1) Using 1 of 1 workers for concurrent reference update
[6.341s][info][gc            ] GC(1) Concurrent update references 29.842ms
[6.341s][info][gc,start      ] GC(1) Pause Final Update Refs
[6.341s][info][gc,task       ] GC(1) Using 1 of 1 workers for final reference update
[6.342s][info][gc            ] GC(1) Pause Final Update Refs 0.708ms
[6.342s][info][gc,start      ] GC(1) Concurrent cleanup
[6.342s][info][gc            ] GC(1) Concurrent cleanup 98M->24M(138M) 0.070ms
[6.342s][info][gc,ergo       ] Free: 1636M, Max: 512K regular, 1564M humongous, Frag: 5% external, 0% internal; Reserve: 89600K, Max: 512K
[6.342s][info][gc,stats      ] 
[6.342s][info][gc,stats      ] All times are wall-clock times, except per-root-class counters, that are sum over
[6.342s][info][gc,stats      ] all workers. Dividing the <total> over the root stage time estimates parallelism.
[6.342s][info][gc,stats      ] 
[6.342s][info][gc,stats      ] Concurrent Reset                    188 us
[6.342s][info][gc,stats      ] Pause Init Mark (G)                3253 us
[6.342s][info][gc,stats      ] Pause Init Mark (N)                1586 us
[6.342s][info][gc,stats      ]   Accumulate Stats                    6 us
[6.342s][info][gc,stats      ]   Make Parsable                      12 us
[6.342s][info][gc,stats      ]   Update Region States               59 us
[6.342s][info][gc,stats      ]   Scan Roots                       1484 us, parallelism: 0.92x
[6.342s][info][gc,stats      ]     S: <total>                     1371 us
[6.342s][info][gc,stats      ]     S: Thread Roots                1253 us, workers (us): 1253, 
[6.342s][info][gc,stats      ]     S: Universe Roots                 2 us, workers (us):   2, 
[6.342s][info][gc,stats      ]     S: JNI Handles Roots              2 us, workers (us):   2, 
[6.342s][info][gc,stats      ]     S: Synchronizer Roots             0 us, workers (us):   0, 
[6.342s][info][gc,stats      ]     S: Management Roots               1 us, workers (us):   1, 
[6.342s][info][gc,stats      ]     S: System Dict Roots             33 us, workers (us):  33, 
[6.342s][info][gc,stats      ]     S: CLDG Roots                    80 us, workers (us):  80, 
[6.342s][info][gc,stats      ]     S: JVMTI Roots                    1 us, workers (us):   1, 
[6.342s][info][gc,stats      ]   Resize TLABs                        2 us
[6.342s][info][gc,stats      ] Concurrent Marking                47191 us
[6.342s][info][gc,stats      ] Pause Final Mark (G)              26975 us
[6.342s][info][gc,stats      ] Pause Final Mark (N)              25674 us
[6.342s][info][gc,stats      ]   Finish Queues                      42 us
[6.342s][info][gc,stats      ]   System Purge                      201 us
[6.342s][info][gc,stats      ]     Unload Classes                  421 us
[6.342s][info][gc,stats      ]     Cleanup                       17829 us, parallelism: 0.99x
[6.342s][info][gc,stats      ]       CU: <total>                 17740 us
[6.342s][info][gc,stats      ]       CU: Code Cache Roots         2505 us, workers (us): 2505, 
[6.342s][info][gc,stats      ]       CU: Code Cache Cleaning       789 us, workers (us): 789, 
[6.342s][info][gc,stats      ]       CU: String Table Roots       2269 us, workers (us): 2269, 
[6.342s][info][gc,stats      ]       CU: Resolved Table Roots       49 us, workers (us):  49, 
[6.342s][info][gc,stats      ]       CU: CLDG Roots              12128 us, workers (us): 12128, 
[6.342s][info][gc,stats      ]     Weak Roots                      201 us
[6.342s][info][gc,stats      ]     CLDG                              1 us
[6.342s][info][gc,stats      ]   Update Region States             4608 us
[6.342s][info][gc,stats      ]   Retire TLABs                       15 us
[6.342s][info][gc,stats      ]   Choose Collection Set              88 us
[6.342s][info][gc,stats      ]   Rebuild Free Set                   13 us
[6.342s][info][gc,stats      ]   Initial Evacuation               2447 us, parallelism: 0.54x
[6.342s][info][gc,stats      ]     E: <total>                     1315 us
[6.342s][info][gc,stats      ]     E: Thread Roots                 388 us, workers (us): 388, 
[6.342s][info][gc,stats      ]     E: Code Cache Roots             199 us, workers (us): 199, 
[6.342s][info][gc,stats      ]     E: Universe Roots                 1 us, workers (us):   1, 
[6.342s][info][gc,stats      ]     E: JNI Handles Roots              3 us, workers (us):   3, 
[6.342s][info][gc,stats      ]     E: Synchronizer Roots             0 us, workers (us):   0, 
[6.342s][info][gc,stats      ]     E: Management Roots               2 us, workers (us):   2, 
[6.342s][info][gc,stats      ]     E: System Dict Roots             46 us, workers (us):  46, 
[6.342s][info][gc,stats      ]     E: CLDG Roots                   675 us, workers (us): 675, 
[6.342s][info][gc,stats      ]     E: JVMTI Roots                    1 us, workers (us):   1, 
[6.342s][info][gc,stats      ] Concurrent Cleanup                   58 us
[6.342s][info][gc,stats      ] Concurrent Evacuation             13644 us
[6.342s][info][gc,stats      ] Pause Init  Update Refs (G)        4983 us
[6.342s][info][gc,stats      ] Pause Init  Update Refs (N)          11 us
[6.342s][info][gc,stats      ]   Retire GCLABs                       4 us
[6.342s][info][gc,stats      ] Concurrent Update Refs            29828 us
[6.342s][info][gc,stats      ] Pause Final Update Refs (G)         850 us
[6.342s][info][gc,stats      ] Pause Final Update Refs (N)         696 us
[6.342s][info][gc,stats      ]   Update Roots                      611 us, parallelism: 0.99x
[6.342s][info][gc,stats      ]     UR: <total>                     602 us
[6.342s][info][gc,stats      ]     UR: Thread Roots                602 us, workers (us): 602, 
[6.342s][info][gc,stats      ]   Update Region States               63 us
[6.342s][info][gc,stats      ]   Trash Collection Set                2 us
[6.342s][info][gc,stats      ]   Rebuild Free Set                   13 us
[6.342s][info][gc,stats      ] Concurrent Cleanup                   63 us
[6.342s][info][gc,stats      ] 
[6.342s][info][gc,stats      ] Allocation pacing accrued:
[6.342s][info][gc,stats      ]       0 of  2023 ms (  0.0%): <total>
[6.342s][info][gc,stats      ]       0 of  2023 ms (  0.0%): <average total>
[6.342s][info][gc,stats      ] 
[6.342s][info][gc,metaspace  ] Metaspace: 34567K->35381K(1081344K)
[6.342s][info][gc,ergo       ] Pacer for Idle. Initial: 35840K, Alloc Tax Rate: 1.0x
[8.437s][info][gc            ] Trigger: Learning 3 of 5. Free (1224M) is below initial threshold (1225M)
[8.437s][info][gc,ergo       ] Free: 1224M, Max: 512K regular, 1224M humongous, Frag: 0% external, 0% internal; Reserve: 89600K, Max: 512K
[8.437s][info][gc,start      ] GC(2) Concurrent reset
[8.437s][info][gc,task       ] GC(2) Using 1 of 1 workers for concurrent reset
[8.437s][info][gc,ergo       ] GC(2) Pacer for Reset. Non-Taxable: 1750M
[8.438s][info][gc            ] GC(2) Concurrent reset 0.278ms
[8.440s][info][gc,start      ] GC(2) Pause Init Mark
[8.440s][info][gc,task       ] GC(2) Using 1 of 1 workers for init marking
[8.441s][info][gc,ergo       ] GC(2) Pacer for Mark. Expected Live: 19391K, Free: 1224M, Non-Taxable: 122M, Alloc Tax Rate: 0.0x
[8.441s][info][gc            ] GC(2) Pause Init Mark 1.114ms
[8.441s][info][gc,start      ] GC(2) Concurrent marking
[8.441s][info][gc,task       ] GC(2) Using 1 of 1 workers for concurrent marking
[9.157s][info][gc            ] GC(2) Concurrent marking 716.305ms
[9.157s][info][gc,start      ] GC(2) Pause Final Mark
[9.157s][info][gc,task       ] GC(2) Using 1 of 1 workers for final marking
[9.158s][info][gc,ergo       ] GC(2) Adaptive CSet Selection. Target Free: 247M, Actual Free: 1095M, Max CSet: 74666K, Min Garbage: 0B
[9.158s][info][gc,ergo       ] GC(2) Collectable Garbage: 41871K (85%), Immediate: 0B (0%), CSet: 41871K (85%)
[9.160s][info][gc,ergo       ] GC(2) Pacer for Evacuation. Used CSet: 44459K, Free: 1007M, Non-Taxable: 100M, Alloc Tax Rate: 1.1x
[9.160s][info][gc            ] GC(2) Pause Final Mark 2.267ms
[9.160s][info][gc,start      ] GC(2) Concurrent cleanup
[9.160s][info][gc            ] GC(2) Concurrent cleanup 654M->654M(656M) 0.067ms
[9.160s][info][gc,ergo       ] GC(2) Free: 1007M, Max: 512K regular, 1007M humongous, Frag: 0% external, 0% internal; Reserve: 89088K, Max: 512K
[9.160s][info][gc,start      ] GC(2) Concurrent evacuation
[9.160s][info][gc,task       ] GC(2) Using 1 of 1 workers for concurrent evacuation
[9.175s][info][gc            ] GC(2) Concurrent evacuation 15.358ms
[9.177s][info][gc,start      ] GC(2) Pause Init Update Refs
[9.177s][info][gc,ergo       ] GC(2) Pacer for Update Refs. Used: 657M, Free: 1007M, Non-Taxable: 100M, Alloc Tax Rate: 1.1x
[9.177s][info][gc            ] GC(2) Pause Init Update Refs 0.033ms
[9.177s][info][gc,start      ] GC(2) Concurrent update references
[9.177s][info][gc,task       ] GC(2) Using 1 of 1 workers for concurrent reference update
[10.243s][info][gc            ] GC(2) Concurrent update references 1065.769ms
[10.244s][info][gc,start      ] GC(2) Pause Final Update Refs
[10.244s][info][gc,task       ] GC(2) Using 1 of 1 workers for final reference update
[10.245s][info][gc            ] GC(2) Pause Final Update Refs 0.582ms
[10.245s][info][gc,start      ] GC(2) Concurrent cleanup
[10.245s][info][gc            ] GC(2) Concurrent cleanup 662M->619M(664M) 0.068ms
[10.245s][info][gc,ergo       ] Free: 1042M, Max: 512K regular, 999M humongous, Frag: 5% external, 0% internal; Reserve: 89600K, Max: 512K
[10.245s][info][gc,stats      ] 
[10.245s][info][gc,stats      ] All times are wall-clock times, except per-root-class counters, that are sum over
[10.245s][info][gc,stats      ] all workers. Dividing the <total> over the root stage time estimates parallelism.
[10.245s][info][gc,stats      ] 
[10.245s][info][gc,stats      ] Concurrent Reset                    240 us
[10.245s][info][gc,stats      ] Pause Init Mark (G)                3444 us
[10.245s][info][gc,stats      ] Pause Init Mark (N)                1081 us
[10.245s][info][gc,stats      ]   Accumulate Stats                    6 us
[10.245s][info][gc,stats      ]   Make Parsable                      11 us
[10.245s][info][gc,stats      ]   Update Region States               53 us
[10.245s][info][gc,stats      ]   Scan Roots                        952 us, parallelism: 0.84x
[10.245s][info][gc,stats      ]     S: <total>                      801 us
[10.245s][info][gc,stats      ]     S: Thread Roots                 320 us, workers (us): 320, 
[10.245s][info][gc,stats      ]     S: Universe Roots                 2 us, workers (us):   2, 
[10.245s][info][gc,stats      ]     S: JNI Handles Roots              1 us, workers (us):   1, 
[10.245s][info][gc,stats      ]     S: Synchronizer Roots             0 us, workers (us):   0, 
[10.245s][info][gc,stats      ]     S: Management Roots               2 us, workers (us):   2, 
[10.245s][info][gc,stats      ]     S: System Dict Roots             17 us, workers (us):  17, 
[10.245s][info][gc,stats      ]     S: CLDG Roots                   458 us, workers (us): 458, 
[10.245s][info][gc,stats      ]     S: JVMTI Roots                    1 us, workers (us):   1, 
[10.245s][info][gc,stats      ]   Resize TLABs                        5 us
[10.245s][info][gc,stats      ] Concurrent Marking               716296 us
[10.245s][info][gc,stats      ] Pause Final Mark (G)               2341 us
[10.245s][info][gc,stats      ] Pause Final Mark (N)               2250 us
[10.245s][info][gc,stats      ]   Finish Queues                      16 us
[10.245s][info][gc,stats      ]   System Purge                      253 us
[10.245s][info][gc,stats      ]     Weak Roots                      252 us
[10.245s][info][gc,stats      ]   Update Region States               58 us
[10.245s][info][gc,stats      ]   Retire TLABs                        8 us
[10.245s][info][gc,stats      ]   Choose Collection Set             148 us
[10.245s][info][gc,stats      ]   Rebuild Free Set                   11 us
[10.245s][info][gc,stats      ]   Initial Evacuation               1748 us, parallelism: 0.53x
[10.245s][info][gc,stats      ]     E: <total>                      928 us
[10.245s][info][gc,stats      ]     E: Thread Roots                 262 us, workers (us): 262, 
[10.245s][info][gc,stats      ]     E: Code Cache Roots             150 us, workers (us): 150, 
[10.245s][info][gc,stats      ]     E: Universe Roots                 1 us, workers (us):   1, 
[10.245s][info][gc,stats      ]     E: JNI Handles Roots              1 us, workers (us):   1, 
[10.245s][info][gc,stats      ]     E: Synchronizer Roots             0 us, workers (us):   0, 
[10.245s][info][gc,stats      ]     E: Management Roots               5 us, workers (us):   5, 
[10.245s][info][gc,stats      ]     E: System Dict Roots              8 us, workers (us):   8, 
[10.245s][info][gc,stats      ]     E: CLDG Roots                   502 us, workers (us): 502, 
[10.245s][info][gc,stats      ]     E: JVMTI Roots                    0 us, workers (us):   0, 
[10.245s][info][gc,stats      ] Concurrent Cleanup                   58 us
[10.245s][info][gc,stats      ] Concurrent Evacuation             15346 us
[10.245s][info][gc,stats      ] Pause Init  Update Refs (G)        2165 us
[10.245s][info][gc,stats      ] Pause Init  Update Refs (N)          11 us
[10.245s][info][gc,stats      ]   Retire GCLABs                       5 us
[10.245s][info][gc,stats      ] Concurrent Update Refs          1065755 us
[10.245s][info][gc,stats      ] Pause Final Update Refs (G)        1178 us
[10.245s][info][gc,stats      ] Pause Final Update Refs (N)         515 us
[10.245s][info][gc,stats      ]   Update Roots                      289 us, parallelism: 0.96x
[10.245s][info][gc,stats      ]     UR: <total>                     277 us
[10.245s][info][gc,stats      ]     UR: Thread Roots                277 us, workers (us): 277, 
[10.245s][info][gc,stats      ]   Update Region States              198 us
[10.245s][info][gc,stats      ]   Trash Collection Set                2 us
[10.245s][info][gc,stats      ]   Rebuild Free Set                   11 us
[10.245s][info][gc,stats      ] Concurrent Cleanup                   61 us
[10.245s][info][gc,stats      ] 
[10.245s][info][gc,stats      ] Allocation pacing accrued:
[10.245s][info][gc,stats      ]       0 of  3903 ms (  0.0%): <total>
[10.245s][info][gc,stats      ]       0 of  3903 ms (  0.0%): <average total>
[10.245s][info][gc,stats      ] 
[10.245s][info][gc,metaspace  ] Metaspace: 43063K->44155K(1089536K)
[10.245s][info][gc,ergo       ] Pacer for Idle. Initial: 35840K, Alloc Tax Rate: 1.0x
[10.246s][info][gc            ] Trigger: Learning 4 of 5. Free (1042M) is below initial threshold (1225M)
[10.246s][info][gc,ergo       ] Free: 1042M, Max: 512K regular, 999M humongous, Frag: 5% external, 0% internal; Reserve: 89600K, Max: 512K
[10.246s][info][gc,start      ] GC(3) Concurrent reset
[10.246s][info][gc,task       ] GC(3) Using 1 of 1 workers for concurrent reset
[10.246s][info][gc,ergo       ] GC(3) Pacer for Reset. Non-Taxable: 1750M
[10.255s][info][gc            ] GC(3) Concurrent reset 8.859ms
[10.256s][info][gc,start      ] GC(3) Pause Init Mark
[10.256s][info][gc,task       ] GC(3) Using 1 of 1 workers for init marking
[10.257s][info][gc,ergo       ] GC(3) Pacer for Mark. Expected Live: 142M, Free: 1042M, Non-Taxable: 104M, Alloc Tax Rate: 0.2x
[10.257s][info][gc            ] GC(3) Pause Init Mark 0.919ms
[10.257s][info][gc,start      ] GC(3) Concurrent marking
[10.257s][info][gc,task       ] GC(3) Using 1 of 1 workers for concurrent marking
[10.308s][info][gc            ] GC(3) Concurrent marking 51.309ms
[10.308s][info][gc,start      ] GC(3) Pause Final Mark
[10.308s][info][gc,task       ] GC(3) Using 1 of 1 workers for final marking
[10.308s][info][gc,ergo       ] GC(3) Collectable Garbage: 585M (98%), Immediate: 585M (98%), CSet: 0B (0%)
[10.308s][info][gc            ] GC(3) Pause Final Mark 0.320ms
[10.308s][info][gc,start      ] GC(3) Concurrent cleanup
[10.309s][info][gc            ] GC(3) Concurrent cleanup 620M->35M(664M) 0.107ms
[10.309s][info][gc,ergo       ] GC(3) Free: 1626M, Max: 512K regular, 999M humongous, Frag: 39% external, 0% internal; Reserve: 89600K, Max: 512K
[10.309s][info][gc,ergo       ] Free: 1626M, Max: 512K regular, 999M humongous, Frag: 39% external, 0% internal; Reserve: 89600K, Max: 512K
[10.309s][info][gc,stats      ] 
[10.309s][info][gc,stats      ] All times are wall-clock times, except per-root-class counters, that are sum over
[10.309s][info][gc,stats      ] all workers. Dividing the <total> over the root stage time estimates parallelism.
[10.309s][info][gc,stats      ] 
[10.309s][info][gc,stats      ] Concurrent Reset                   8848 us
[10.309s][info][gc,stats      ] Pause Init Mark (G)                1345 us
[10.309s][info][gc,stats      ] Pause Init Mark (N)                 908 us
[10.309s][info][gc,stats      ]   Accumulate Stats                    6 us
[10.309s][info][gc,stats      ]   Make Parsable                       5 us
[10.309s][info][gc,stats      ]   Update Region States               35 us
[10.309s][info][gc,stats      ]   Scan Roots                        820 us, parallelism: 0.81x
[10.309s][info][gc,stats      ]     S: <total>                      667 us
[10.309s][info][gc,stats      ]     S: Thread Roots                 217 us, workers (us): 217, 
[10.309s][info][gc,stats      ]     S: Universe Roots                 2 us, workers (us):   2, 
[10.309s][info][gc,stats      ]     S: JNI Handles Roots              1 us, workers (us):   1, 
[10.309s][info][gc,stats      ]     S: Synchronizer Roots             0 us, workers (us):   0, 
[10.309s][info][gc,stats      ]     S: Management Roots               1 us, workers (us):   1, 
[10.309s][info][gc,stats      ]     S: System Dict Roots             15 us, workers (us):  15, 
[10.309s][info][gc,stats      ]     S: CLDG Roots                   430 us, workers (us): 430, 
[10.309s][info][gc,stats      ]     S: JVMTI Roots                    0 us, workers (us):   0, 
[10.309s][info][gc,stats      ]   Resize TLABs                        3 us
[10.309s][info][gc,stats      ] Concurrent Marking                51299 us
[10.309s][info][gc,stats      ] Pause Final Mark (G)                382 us
[10.309s][info][gc,stats      ] Pause Final Mark (N)                311 us
[10.309s][info][gc,stats      ]   Finish Queues                      15 us
[10.309s][info][gc,stats      ]   System Purge                      188 us
[10.309s][info][gc,stats      ]     Weak Roots                      188 us
[10.309s][info][gc,stats      ]   Update Region States               64 us
[10.309s][info][gc,stats      ]   Retire TLABs                        6 us
[10.309s][info][gc,stats      ]   Choose Collection Set              19 us
[10.309s][info][gc,stats      ]   Rebuild Free Set                   11 us
[10.309s][info][gc,stats      ] Concurrent Cleanup                  101 us
[10.309s][info][gc,stats      ] 
[10.309s][info][gc,stats      ] Allocation pacing accrued:
[10.309s][info][gc,stats      ]       0 of    64 ms (  0.0%): <total>
[10.309s][info][gc,stats      ]       0 of    64 ms (  0.0%): <average total>
[10.309s][info][gc,stats      ] 
[10.309s][info][gc,metaspace  ] Metaspace: 44205K->44507K(1089536K)
[10.309s][info][gc,ergo       ] Pacer for Idle. Initial: 35840K, Alloc Tax Rate: 1.0x
[11.645s][info][gc            ] Trigger: Explicit GC request (System.gc())
[11.645s][info][gc,ergo       ] Free: 1579M, Max: 512K regular, 999M humongous, Frag: 37% external, 0% internal; Reserve: 89600K, Max: 512K
[11.645s][info][gc,start      ] GC(4) Concurrent reset
[11.645s][info][gc,task       ] GC(4) Using 1 of 1 workers for concurrent reset
[11.645s][info][gc,ergo       ] GC(4) Pacer for Reset. Non-Taxable: 1750M
[11.645s][info][gc            ] GC(4) Concurrent reset 0.149ms
[11.645s][info][gc,start      ] GC(4) Pause Init Mark (process weakrefs) (unload classes)
[11.645s][info][gc,task       ] GC(4) Using 1 of 1 workers for init marking
[11.646s][info][gc,ergo       ] GC(4) Pacer for Mark. Expected Live: 112M, Free: 1579M, Non-Taxable: 157M, Alloc Tax Rate: 0.1x
[11.646s][info][gc            ] GC(4) Pause Init Mark (process weakrefs) (unload classes) 0.626ms
[11.646s][info][gc,start      ] GC(4) Concurrent marking (process weakrefs) (unload classes)
[11.646s][info][gc,task       ] GC(4) Using 1 of 1 workers for concurrent marking
[11.681s][info][gc            ] GC(4) Concurrent marking (process weakrefs) (unload classes) 35.336ms
[11.681s][info][gc,start      ] GC(4) Concurrent precleaning
[11.681s][info][gc,task       ] GC(4) Using 1 of 1 workers for concurrent preclean
[11.681s][info][gc,ergo       ] GC(4) Pacer for Precleaning. Non-Taxable: 1750M
[11.684s][info][gc            ] GC(4) Concurrent precleaning 2.239ms
[11.684s][info][gc,start      ] GC(4) Pause Final Mark (process weakrefs) (unload classes)
[11.684s][info][gc,task       ] GC(4) Using 1 of 1 workers for final marking
[11.716s][info][gc,stringtable] GC(4) Cleaned string and symbol table, strings: 17103 processed, 0 removed, symbols: 118455 processed, 33 removed
[11.721s][info][gc,ergo       ] GC(4) Adaptive CSet Selection. Target Free: 247M, Actual Free: 1674M, Max CSet: 74666K, Min Garbage: 0B
[11.721s][info][gc,ergo       ] GC(4) Collectable Garbage: 59266K (97%), Immediate: 7997K (13%), CSet: 51268K (84%)
[11.723s][info][gc,ergo       ] GC(4) Pacer for Evacuation. Used CSet: 55603K, Free: 1588M, Non-Taxable: 158M, Alloc Tax Rate: 1.1x
[11.723s][info][gc            ] GC(4) Pause Final Mark (process weakrefs) (unload classes) 39.367ms
[11.723s][info][gc,start      ] GC(4) Concurrent cleanup
[11.723s][info][gc            ] GC(4) Concurrent cleanup 81M->73M(664M) 0.073ms
[11.723s][info][gc,ergo       ] GC(4) Free: 1588M, Max: 512K regular, 999M humongous, Frag: 38% external, 0% internal; Reserve: 89088K, Max: 512K
[11.723s][info][gc,start      ] GC(4) Concurrent evacuation
[11.723s][info][gc,task       ] GC(4) Using 1 of 1 workers for concurrent evacuation
[11.731s][info][gc            ] GC(4) Concurrent evacuation 8.183ms
[11.732s][info][gc,start      ] GC(4) Pause Init Update Refs
[11.732s][info][gc,ergo       ] GC(4) Pacer for Update Refs. Used: 79591K, Free: 1588M, Non-Taxable: 158M, Alloc Tax Rate: 1.1x
[11.732s][info][gc            ] GC(4) Pause Init Update Refs 0.020ms
[11.732s][info][gc,start      ] GC(4) Concurrent update references
[11.732s][info][gc,task       ] GC(4) Using 1 of 1 workers for concurrent reference update
[11.750s][info][gc            ] GC(4) Concurrent update references 18.764ms
[11.750s][info][gc,start      ] GC(4) Pause Final Update Refs
[11.751s][info][gc,task       ] GC(4) Using 1 of 1 workers for final reference update
[11.756s][info][gc            ] GC(4) Pause Final Update Refs 5.985ms
[11.757s][info][gc,start      ] GC(4) Concurrent cleanup
[11.757s][info][gc            ] GC(4) Concurrent cleanup 77M->23M(667M) 0.073ms
[11.757s][info][gc,ergo       ] Free: 1638M, Max: 512K regular, 1596M humongous, Frag: 3% external, 0% internal; Reserve: 89600K, Max: 512K
[11.757s][info][gc,stats      ] 
[11.757s][info][gc,stats      ] All times are wall-clock times, except per-root-class counters, that are sum over
[11.757s][info][gc,stats      ] all workers. Dividing the <total> over the root stage time estimates parallelism.
[11.757s][info][gc,stats      ] 
[11.757s][info][gc,stats      ] Concurrent Reset                    121 us
[11.757s][info][gc,stats      ] Pause Init Mark (G)                 741 us
[11.757s][info][gc,stats      ] Pause Init Mark (N)                 617 us
[11.757s][info][gc,stats      ]   Accumulate Stats                    6 us
[11.757s][info][gc,stats      ]   Make Parsable                       7 us
[11.757s][info][gc,stats      ]   Update Region States               31 us
[11.757s][info][gc,stats      ]   Scan Roots                        553 us, parallelism: 0.66x
[11.757s][info][gc,stats      ]     S: <total>                      365 us
[11.757s][info][gc,stats      ]     S: Thread Roots                 270 us, workers (us): 270, 
[11.757s][info][gc,stats      ]     S: Universe Roots                 2 us, workers (us):   2, 
[11.757s][info][gc,stats      ]     S: JNI Handles Roots              1 us, workers (us):   1, 
[11.757s][info][gc,stats      ]     S: Synchronizer Roots             0 us, workers (us):   0, 
[11.757s][info][gc,stats      ]     S: Management Roots               1 us, workers (us):   1, 
[11.757s][info][gc,stats      ]     S: System Dict Roots              9 us, workers (us):   9, 
[11.757s][info][gc,stats      ]     S: CLDG Roots                    80 us, workers (us):  80, 
[11.757s][info][gc,stats      ]     S: JVMTI Roots                    1 us, workers (us):   1, 
[11.757s][info][gc,stats      ]   Resize TLABs                        2 us
[11.757s][info][gc,stats      ] Concurrent Marking                35328 us
[11.757s][info][gc,stats      ] Concurrent Precleaning             2229 us
[11.757s][info][gc,stats      ] Pause Final Mark (G)              39497 us
[11.757s][info][gc,stats      ] Pause Final Mark (N)              39356 us
[11.757s][info][gc,stats      ]   Finish Queues                      36 us
[11.757s][info][gc,stats      ]   Weak References                   375 us
[11.757s][info][gc,stats      ]     Process                         372 us
[11.757s][info][gc,stats      ]   System Purge                      263 us
[11.757s][info][gc,stats      ]     Unload Classes                  972 us
[11.757s][info][gc,stats      ]     Cleanup                       30573 us, parallelism: 1.00x
[11.757s][info][gc,stats      ]       CU: <total>                 30494 us
[11.757s][info][gc,stats      ]       CU: Code Cache Roots         8611 us, workers (us): 8611, 
[11.757s][info][gc,stats      ]       CU: Code Cache Cleaning      1018 us, workers (us): 1018, 
[11.757s][info][gc,stats      ]       CU: String Table Roots      12237 us, workers (us): 12237, 
[11.757s][info][gc,stats      ]       CU: Resolved Table Roots       98 us, workers (us):  98, 
[11.757s][info][gc,stats      ]       CU: CLDG Roots               8530 us, workers (us): 8530, 
[11.757s][info][gc,stats      ]     Weak Roots                      262 us
[11.757s][info][gc,stats      ]     CLDG                            266 us
[11.757s][info][gc,stats      ]   Update Region States             4865 us
[11.757s][info][gc,stats      ]   Retire TLABs                       24 us
[11.757s][info][gc,stats      ]   Choose Collection Set              69 us
[11.757s][info][gc,stats      ]   Rebuild Free Set                   12 us
[11.757s][info][gc,stats      ]   Initial Evacuation               1890 us, parallelism: 0.53x
[11.757s][info][gc,stats      ]     E: <total>                      998 us
[11.757s][info][gc,stats      ]     E: Thread Roots                 236 us, workers (us): 236, 
[11.757s][info][gc,stats      ]     E: Code Cache Roots             213 us, workers (us): 213, 
[11.757s][info][gc,stats      ]     E: Universe Roots                 3 us, workers (us):   3, 
[11.757s][info][gc,stats      ]     E: JNI Handles Roots              3 us, workers (us):   3, 
[11.757s][info][gc,stats      ]     E: Synchronizer Roots             1 us, workers (us):   1, 
[11.757s][info][gc,stats      ]     E: Management Roots               1 us, workers (us):   1, 
[11.757s][info][gc,stats      ]     E: System Dict Roots             12 us, workers (us):  12, 
[11.757s][info][gc,stats      ]     E: CLDG Roots                   529 us, workers (us): 529, 
[11.757s][info][gc,stats      ]     E: JVMTI Roots                    1 us, workers (us):   1, 
[11.757s][info][gc,stats      ] Concurrent Cleanup                   62 us
[11.757s][info][gc,stats      ] Concurrent Evacuation              8172 us
[11.757s][info][gc,stats      ] Pause Init  Update Refs (G)         145 us
[11.757s][info][gc,stats      ] Pause Init  Update Refs (N)          11 us
[11.757s][info][gc,stats      ]   Retire GCLABs                       5 us
[11.757s][info][gc,stats      ] Concurrent Update Refs            18751 us
[11.757s][info][gc,stats      ] Pause Final Update Refs (G)        6145 us
[11.757s][info][gc,stats      ] Pause Final Update Refs (N)        5971 us
[11.757s][info][gc,stats      ]   Update Roots                     5881 us, parallelism: 0.04x
[11.757s][info][gc,stats      ]     UR: <total>                     217 us
[11.757s][info][gc,stats      ]     UR: Thread Roots                217 us, workers (us): 217, 
[11.757s][info][gc,stats      ]   Update Region States               68 us
[11.757s][info][gc,stats      ]   Trash Collection Set                3 us
[11.757s][info][gc,stats      ]   Rebuild Free Set                   12 us
[11.757s][info][gc,stats      ] Concurrent Cleanup                   64 us
[11.757s][info][gc,stats      ] 
[11.757s][info][gc,stats      ] Allocation pacing accrued:
[11.757s][info][gc,stats      ]       0 of  1448 ms (  0.0%): <total>
[11.757s][info][gc,stats      ]       0 of  1448 ms (  0.0%): <average total>
[11.757s][info][gc,stats      ] 
[11.757s][info][gc,metaspace  ] Metaspace: 51433K->51048K(1095680K)
[11.757s][info][gc,ergo       ] Pacer for Idle. Initial: 35840K, Alloc Tax Rate: 1.0x
[11.757s][info][gc,start      ] Concurrent uncommit
[11.804s][info][gc            ] Concurrent uncommit 23M->23M(24M) 46.761ms
[14.694s][info][gc            ] Trigger: Learning 2 of 5. Free (1223M) is below initial threshold (1225M)
[14.694s][info][gc,ergo       ] Free: 1223M, Max: 512K regular, 1223M humongous, Frag: 0% external, 0% internal; Reserve: 89600K, Max: 512K
[14.694s][info][gc,start      ] GC(5) Concurrent reset
[14.694s][info][gc,task       ] GC(5) Using 1 of 1 workers for concurrent reset
[14.694s][info][gc,ergo       ] GC(5) Pacer for Reset. Non-Taxable: 1750M
[14.694s][info][gc            ] GC(5) Concurrent reset 0.310ms
[14.696s][info][gc,start      ] GC(5) Pause Init Mark (process weakrefs)
[14.696s][info][gc,task       ] GC(5) Using 1 of 1 workers for init marking
[14.698s][info][gc,ergo       ] GC(5) Pacer for Mark. Expected Live: 96346K, Free: 1223M, Non-Taxable: 122M, Alloc Tax Rate: 0.1x
[14.698s][info][gc            ] GC(5) Pause Init Mark (process weakrefs) 1.696ms
[14.698s][info][gc,start      ] GC(5) Concurrent marking (process weakrefs)
[14.698s][info][gc,task       ] GC(5) Using 1 of 1 workers for concurrent marking
[14.738s][info][gc            ] GC(5) Concurrent marking (process weakrefs) 39.633ms
[14.738s][info][gc,start      ] GC(5) Concurrent precleaning
[14.738s][info][gc,task       ] GC(5) Using 1 of 1 workers for concurrent preclean
[14.738s][info][gc,ergo       ] GC(5) Pacer for Precleaning. Non-Taxable: 1750M
[14.738s][info][gc            ] GC(5) Concurrent precleaning 0.618ms
[14.738s][info][gc,start      ] GC(5) Pause Final Mark (process weakrefs)
[14.738s][info][gc,task       ] GC(5) Using 1 of 1 workers for final marking
[14.739s][info][gc,ergo       ] GC(5) Adaptive CSet Selection. Target Free: 247M, Actual Free: 1649M, Max CSet: 74666K, Min Garbage: 0B
[14.739s][info][gc,ergo       ] GC(5) Collectable Garbage: 410M (99%), Immediate: 353M (85%), CSet: 58311K (13%)
[14.742s][info][gc,ergo       ] GC(5) Pacer for Evacuation. Used CSet: 63383K, Free: 1562M, Non-Taxable: 156M, Alloc Tax Rate: 1.1x
[14.742s][info][gc            ] GC(5) Pause Final Mark (process weakrefs) 3.234ms
[14.742s][info][gc,start      ] GC(5) Concurrent cleanup
[14.742s][info][gc            ] GC(5) Concurrent cleanup 452M->99M(454M) 0.097ms
[14.742s][info][gc,ergo       ] GC(5) Free: 1562M, Max: 512K regular, 1208M humongous, Frag: 23% external, 0% internal; Reserve: 89088K, Max: 512K
[14.742s][info][gc,start      ] GC(5) Concurrent evacuation
[14.742s][info][gc,task       ] GC(5) Using 1 of 1 workers for concurrent evacuation
[14.762s][info][gc            ] GC(5) Concurrent evacuation 20.233ms
[14.764s][info][gc,start      ] GC(5) Pause Init Update Refs
[14.764s][info][gc,ergo       ] GC(5) Pacer for Update Refs. Used: 111M, Free: 1555M, Non-Taxable: 155M, Alloc Tax Rate: 1.1x
[14.764s][info][gc            ] GC(5) Pause Init Update Refs 0.024ms
[14.764s][info][gc,start      ] GC(5) Concurrent update references
[14.764s][info][gc,task       ] GC(5) Using 1 of 1 workers for concurrent reference update
[14.799s][info][gc            ] GC(5) Concurrent update references 34.368ms
[14.801s][info][gc,start      ] GC(5) Pause Final Update Refs
[14.801s][info][gc,task       ] GC(5) Using 1 of 1 workers for final reference update
[14.801s][info][gc            ] GC(5) Pause Final Update Refs 0.291ms
[14.801s][info][gc,start      ] GC(5) Concurrent cleanup
[14.801s][info][gc            ] GC(5) Concurrent cleanup 126M->64M(459M) 0.085ms
[14.801s][info][gc,ergo       ] Free: 1596M, Max: 512K regular, 1204M humongous, Frag: 25% external, 0% internal; Reserve: 89600K, Max: 512K
[14.801s][info][gc,stats      ] 
[14.801s][info][gc,stats      ] All times are wall-clock times, except per-root-class counters, that are sum over
[14.801s][info][gc,stats      ] all workers. Dividing the <total> over the root stage time estimates parallelism.
[14.801s][info][gc,stats      ] 
[14.801s][info][gc,stats      ] Concurrent Reset                    278 us
[14.801s][info][gc,stats      ] Pause Init Mark (G)                3873 us
[14.801s][info][gc,stats      ] Pause Init Mark (N)                1670 us
[14.801s][info][gc,stats      ]   Accumulate Stats                    6 us
[14.801s][info][gc,stats      ]   Make Parsable                       9 us
[14.801s][info][gc,stats      ]   Update Region States               46 us
[14.801s][info][gc,stats      ]   Scan Roots                       1572 us, parallelism: 0.84x
[14.801s][info][gc,stats      ]     S: <total>                     1315 us
[14.801s][info][gc,stats      ]     S: Thread Roots                 670 us, workers (us): 670, 
[14.801s][info][gc,stats      ]     S: Universe Roots                 2 us, workers (us):   2, 
[14.801s][info][gc,stats      ]     S: JNI Handles Roots              2 us, workers (us):   2, 
[14.801s][info][gc,stats      ]     S: Synchronizer Roots             0 us, workers (us):   0, 
[14.801s][info][gc,stats      ]     S: Management Roots               1 us, workers (us):   1, 
[14.801s][info][gc,stats      ]     S: System Dict Roots             31 us, workers (us):  31, 
[14.801s][info][gc,stats      ]     S: CLDG Roots                   608 us, workers (us): 608, 
[14.801s][info][gc,stats      ]     S: JVMTI Roots                    1 us, workers (us):   1, 
[14.801s][info][gc,stats      ]   Resize TLABs                        4 us
[14.801s][info][gc,stats      ] Concurrent Marking                39624 us
[14.801s][info][gc,stats      ] Concurrent Precleaning              612 us
[14.801s][info][gc,stats      ] Pause Final Mark (G)               3313 us
[14.801s][info][gc,stats      ] Pause Final Mark (N)               3226 us
[14.801s][info][gc,stats      ]   Finish Queues                       8 us
[14.801s][info][gc,stats      ]   Weak References                   104 us
[14.801s][info][gc,stats      ]     Process                         101 us
[14.801s][info][gc,stats      ]   System Purge                      318 us
[14.801s][info][gc,stats      ]     Weak Roots                      318 us
[14.801s][info][gc,stats      ]   Update Region States               59 us
[14.801s][info][gc,stats      ]   Retire TLABs                        7 us
[14.801s][info][gc,stats      ]   Choose Collection Set              43 us
[14.801s][info][gc,stats      ]   Rebuild Free Set                   12 us
[14.801s][info][gc,stats      ]   Initial Evacuation               2666 us, parallelism: 0.55x
[14.801s][info][gc,stats      ]     E: <total>                     1467 us
[14.801s][info][gc,stats      ]     E: Thread Roots                 240 us, workers (us): 240, 
[14.801s][info][gc,stats      ]     E: Code Cache Roots             340 us, workers (us): 340, 
[14.801s][info][gc,stats      ]     E: Universe Roots                26 us, workers (us):  26, 
[14.801s][info][gc,stats      ]     E: JNI Handles Roots              1 us, workers (us):   1, 
[14.801s][info][gc,stats      ]     E: Synchronizer Roots             0 us, workers (us):   0, 
[14.801s][info][gc,stats      ]     E: Management Roots               2 us, workers (us):   2, 
[14.801s][info][gc,stats      ]     E: System Dict Roots             12 us, workers (us):  12, 
[14.801s][info][gc,stats      ]     E: CLDG Roots                   846 us, workers (us): 846, 
[14.801s][info][gc,stats      ]     E: JVMTI Roots                    1 us, workers (us):   1, 
[14.801s][info][gc,stats      ] Concurrent Cleanup                   89 us
[14.801s][info][gc,stats      ] Concurrent Evacuation             20225 us
[14.801s][info][gc,stats      ] Pause Init  Update Refs (G)        2105 us
[14.801s][info][gc,stats      ] Pause Init  Update Refs (N)          10 us
[14.801s][info][gc,stats      ]   Retire GCLABs                       4 us
[14.801s][info][gc,stats      ] Concurrent Update Refs            34354 us
[14.801s][info][gc,stats      ] Pause Final Update Refs (G)        2401 us
[14.801s][info][gc,stats      ] Pause Final Update Refs (N)         273 us
[14.801s][info][gc,stats      ]   Update Roots                      193 us, parallelism: 0.96x
[14.801s][info][gc,stats      ]     UR: <total>                     184 us
[14.801s][info][gc,stats      ]     UR: Thread Roots                184 us, workers (us): 184, 
[14.801s][info][gc,stats      ]   Update Region States               60 us
[14.801s][info][gc,stats      ]   Trash Collection Set                2 us
[14.801s][info][gc,stats      ]   Rebuild Free Set                   11 us
[14.801s][info][gc,stats      ] Concurrent Cleanup                   63 us
[14.801s][info][gc,stats      ] 
[14.801s][info][gc,stats      ] Allocation pacing accrued:
[14.801s][info][gc,stats      ]       0 of  3044 ms (  0.0%): <total>
[14.801s][info][gc,stats      ]       0 of  3044 ms (  0.0%): <average total>
[14.801s][info][gc,stats      ] 
[14.801s][info][gc,metaspace  ] Metaspace: 59747K->59747K(1101824K)
[14.801s][info][gc,ergo       ] Pacer for Idle. Initial: 35840K, Alloc Tax Rate: 1.0x
[15.171s][info][gc            ] Trigger: Learning 3 of 5. Free (1224M) is below initial threshold (1225M)
[15.171s][info][gc,ergo       ] Free: 1224M, Max: 512K regular, 1204M humongous, Frag: 2% external, 0% internal; Reserve: 89600K, Max: 512K
[15.171s][info][gc,start      ] GC(6) Concurrent reset
[15.171s][info][gc,task       ] GC(6) Using 1 of 1 workers for concurrent reset
[15.171s][info][gc,ergo       ] GC(6) Pacer for Reset. Non-Taxable: 1750M
[15.171s][info][gc            ] GC(6) Concurrent reset 0.296ms
[15.174s][info][gc,start      ] GC(6) Pause Init Mark
[15.174s][info][gc,task       ] GC(6) Using 1 of 1 workers for init marking
[15.175s][info][gc,ergo       ] GC(6) Pacer for Mark. Expected Live: 98006K, Free: 1224M, Non-Taxable: 122M, Alloc Tax Rate: 0.1x
[15.175s][info][gc            ] GC(6) Pause Init Mark 1.313ms
[15.175s][info][gc,start      ] GC(6) Concurrent marking
[15.175s][info][gc,task       ] GC(6) Using 1 of 1 workers for concurrent marking
[15.215s][info][gc            ] GC(6) Concurrent marking 40.489ms
[15.216s][info][gc,start      ] GC(6) Pause Final Mark
[15.216s][info][gc,task       ] GC(6) Using 1 of 1 workers for final marking
[15.216s][info][gc,ergo       ] GC(6) Collectable Garbage: 406M (98%), Immediate: 406M (98%), CSet: 0B (0%)
[15.216s][info][gc            ] GC(6) Pause Final Mark 0.389ms
[15.216s][info][gc,start      ] GC(6) Concurrent cleanup
[15.216s][info][gc            ] GC(6) Concurrent cleanup 455M->48M(459M) 0.107ms
[15.216s][info][gc,ergo       ] GC(6) Free: 1612M, Max: 512K regular, 1209M humongous, Frag: 26% external, 0% internal; Reserve: 89600K, Max: 512K
[15.216s][info][gc,ergo       ] Free: 1612M, Max: 512K regular, 1209M humongous, Frag: 26% external, 0% internal; Reserve: 89600K, Max: 512K
[15.216s][info][gc,stats      ] 
[15.216s][info][gc,stats      ] All times are wall-clock times, except per-root-class counters, that are sum over
[15.216s][info][gc,stats      ] all workers. Dividing the <total> over the root stage time estimates parallelism.
[15.216s][info][gc,stats      ] 
[15.216s][info][gc,stats      ] Concurrent Reset                    280 us
[15.216s][info][gc,stats      ] Pause Init Mark (G)                3502 us
[15.216s][info][gc,stats      ] Pause Init Mark (N)                1265 us
[15.216s][info][gc,stats      ]   Accumulate Stats                    7 us
[15.216s][info][gc,stats      ]   Make Parsable                       6 us
[15.216s][info][gc,stats      ]   Update Region States               62 us
[15.216s][info][gc,stats      ]   Scan Roots                       1127 us, parallelism: 0.77x
[15.216s][info][gc,stats      ]     S: <total>                      865 us
[15.216s][info][gc,stats      ]     S: Thread Roots                 298 us, workers (us): 298, 
[15.216s][info][gc,stats      ]     S: Universe Roots                 2 us, workers (us):   2, 
[15.216s][info][gc,stats      ]     S: JNI Handles Roots              2 us, workers (us):   2, 
[15.216s][info][gc,stats      ]     S: Synchronizer Roots             0 us, workers (us):   0, 
[15.216s][info][gc,stats      ]     S: Management Roots               2 us, workers (us):   2, 
[15.216s][info][gc,stats      ]     S: System Dict Roots             11 us, workers (us):  11, 
[15.216s][info][gc,stats      ]     S: CLDG Roots                   549 us, workers (us): 549, 
[15.216s][info][gc,stats      ]     S: JVMTI Roots                    1 us, workers (us):   1, 
[15.216s][info][gc,stats      ]   Resize TLABs                        8 us
[15.216s][info][gc,stats      ] Concurrent Marking                40480 us
[15.216s][info][gc,stats      ] Pause Final Mark (G)                447 us
[15.216s][info][gc,stats      ] Pause Final Mark (N)                379 us
[15.216s][info][gc,stats      ]   Finish Queues                      11 us
[15.216s][info][gc,stats      ]   System Purge                      262 us
[15.216s][info][gc,stats      ]     Weak Roots                      261 us
[15.216s][info][gc,stats      ]   Update Region States               61 us
[15.216s][info][gc,stats      ]   Retire TLABs                        6 us
[15.216s][info][gc,stats      ]   Choose Collection Set              20 us
[15.216s][info][gc,stats      ]   Rebuild Free Set                   13 us
[15.216s][info][gc,stats      ] Concurrent Cleanup                  100 us
[15.216s][info][gc,stats      ] 
[15.216s][info][gc,stats      ] Allocation pacing accrued:
[15.216s][info][gc,stats      ]       0 of   415 ms (  0.0%): <total>
[15.216s][info][gc,stats      ]       0 of   415 ms (  0.0%): <average total>
[15.216s][info][gc,stats      ] 
[15.216s][info][gc,metaspace  ] Metaspace: 59759K->59759K(1101824K)
[15.216s][info][gc,ergo       ] Pacer for Idle. Initial: 35840K, Alloc Tax Rate: 1.0x
[15.610s][info][gc            ] Trigger: Learning 4 of 5. Free (1223M) is below initial threshold (1225M)
[15.610s][info][gc,ergo       ] Free: 1223M, Max: 512K regular, 1209M humongous, Frag: 2% external, 0% internal; Reserve: 89600K, Max: 512K
[15.610s][info][gc,start      ] GC(7) Concurrent reset
[15.610s][info][gc,task       ] GC(7) Using 1 of 1 workers for concurrent reset
[15.610s][info][gc,ergo       ] GC(7) Pacer for Reset. Non-Taxable: 1750M
[15.610s][info][gc            ] GC(7) Concurrent reset 0.137ms
[15.613s][info][gc,start      ] GC(7) Pause Init Mark
[15.613s][info][gc,task       ] GC(7) Using 1 of 1 workers for init marking
[15.614s][info][gc,ergo       ] GC(7) Pacer for Mark. Expected Live: 98876K, Free: 1223M, Non-Taxable: 122M, Alloc Tax Rate: 0.1x
[15.614s][info][gc            ] GC(7) Pause Init Mark 1.039ms
[15.614s][info][gc,start      ] GC(7) Concurrent marking
[15.614s][info][gc,task       ] GC(7) Using 1 of 1 workers for concurrent marking
[15.652s][info][gc            ] GC(7) Concurrent marking 37.937ms
[15.652s][info][gc,start      ] GC(7) Pause Final Mark
[15.652s][info][gc,task       ] GC(7) Using 1 of 1 workers for final marking
[15.652s][info][gc,ergo       ] GC(7) Collectable Garbage: 405M (98%), Immediate: 405M (98%), CSet: 0B (0%)
[15.652s][info][gc            ] GC(7) Pause Final Mark 0.356ms
[15.652s][info][gc,start      ] GC(7) Concurrent cleanup
[15.652s][info][gc            ] GC(7) Concurrent cleanup 457M->51M(460M) 0.126ms
[15.652s][info][gc,ergo       ] GC(7) Free: 1609M, Max: 512K regular, 1204M humongous, Frag: 26% external, 0% internal; Reserve: 89600K, Max: 512K
[15.652s][info][gc,ergo       ] Free: 1609M, Max: 512K regular, 1204M humongous, Frag: 26% external, 0% internal; Reserve: 89600K, Max: 512K
[15.652s][info][gc,stats      ] 
[15.652s][info][gc,stats      ] All times are wall-clock times, except per-root-class counters, that are sum over
[15.652s][info][gc,stats      ] all workers. Dividing the <total> over the root stage time estimates parallelism.
[15.652s][info][gc,stats      ] 
[15.652s][info][gc,stats      ] Concurrent Reset                    123 us
[15.652s][info][gc,stats      ] Pause Init Mark (G)                3170 us
[15.652s][info][gc,stats      ] Pause Init Mark (N)                1024 us
[15.652s][info][gc,stats      ]   Accumulate Stats                    6 us
[15.652s][info][gc,stats      ]   Make Parsable                       6 us
[15.652s][info][gc,stats      ]   Update Region States               32 us
[15.652s][info][gc,stats      ]   Scan Roots                        958 us, parallelism: 0.76x
[15.652s][info][gc,stats      ]     S: <total>                      724 us
[15.652s][info][gc,stats      ]     S: Thread Roots                 213 us, workers (us): 213, 
[15.652s][info][gc,stats      ]     S: Universe Roots                 2 us, workers (us):   2, 
[15.652s][info][gc,stats      ]     S: JNI Handles Roots              1 us, workers (us):   1, 
[15.652s][info][gc,stats      ]     S: Synchronizer Roots             0 us, workers (us):   0, 
[15.652s][info][gc,stats      ]     S: Management Roots               1 us, workers (us):   1, 
[15.652s][info][gc,stats      ]     S: System Dict Roots              9 us, workers (us):   9, 
[15.652s][info][gc,stats      ]     S: CLDG Roots                   497 us, workers (us): 497, 
[15.652s][info][gc,stats      ]     S: JVMTI Roots                    1 us, workers (us):   1, 
[15.652s][info][gc,stats      ]   Resize TLABs                        3 us
[15.652s][info][gc,stats      ] Concurrent Marking                37929 us
[15.652s][info][gc,stats      ] Pause Final Mark (G)                405 us
[15.652s][info][gc,stats      ] Pause Final Mark (N)                348 us
[15.652s][info][gc,stats      ]   Finish Queues                      10 us
[15.652s][info][gc,stats      ]   System Purge                      239 us
[15.652s][info][gc,stats      ]     Weak Roots                      239 us
[15.652s][info][gc,stats      ]   Update Region States               60 us
[15.652s][info][gc,stats      ]   Retire TLABs                        6 us
[15.652s][info][gc,stats      ]   Choose Collection Set              17 us
[15.652s][info][gc,stats      ]   Rebuild Free Set                   11 us
[15.652s][info][gc,stats      ] Concurrent Cleanup                  117 us
[15.652s][info][gc,stats      ] 
[15.652s][info][gc,stats      ] Allocation pacing accrued:
[15.652s][info][gc,stats      ]       0 of   436 ms (  0.0%): <total>
[15.652s][info][gc,stats      ]       0 of   436 ms (  0.0%): <average total>
[15.652s][info][gc,stats      ] 
[15.652s][info][gc,metaspace  ] Metaspace: 59775K->59775K(1101824K)
[15.652s][info][gc,ergo       ] Pacer for Idle. Initial: 35840K, Alloc Tax Rate: 1.0x
[16.088s][info][gc            ] Trigger: Learning 5 of 5. Free (1223M) is below initial threshold (1225M)
[16.088s][info][gc,ergo       ] Free: 1223M, Max: 512K regular, 1204M humongous, Frag: 2% external, 0% internal; Reserve: 89600K, Max: 512K
[16.088s][info][gc,start      ] GC(8) Concurrent reset
[16.088s][info][gc,task       ] GC(8) Using 1 of 1 workers for concurrent reset
[16.088s][info][gc,ergo       ] GC(8) Pacer for Reset. Non-Taxable: 1750M
[16.088s][info][gc            ] GC(8) Concurrent reset 0.139ms
[16.090s][info][gc,start      ] GC(8) Pause Init Mark
[16.090s][info][gc,task       ] GC(8) Using 1 of 1 workers for init marking
[16.091s][info][gc,ergo       ] GC(8) Pacer for Mark. Expected Live: 24397K, Free: 1223M, Non-Taxable: 122M, Alloc Tax Rate: 0.0x
[16.091s][info][gc            ] GC(8) Pause Init Mark 1.107ms
[16.091s][info][gc,start      ] GC(8) Concurrent marking
[16.091s][info][gc,task       ] GC(8) Using 1 of 1 workers for concurrent marking
[16.127s][info][gc            ] GC(8) Concurrent marking 35.353ms
[16.127s][info][gc,start      ] GC(8) Pause Final Mark
[16.127s][info][gc,task       ] GC(8) Using 1 of 1 workers for final marking
[16.127s][info][gc,ergo       ] GC(8) Collectable Garbage: 405M (98%), Immediate: 405M (98%), CSet: 0B (0%)
[16.127s][info][gc            ] GC(8) Pause Final Mark 0.389ms
[16.127s][info][gc,start      ] GC(8) Concurrent cleanup
[16.127s][info][gc            ] GC(8) Concurrent cleanup 454M->48M(460M) 0.095ms
[16.127s][info][gc,ergo       ] GC(8) Free: 1612M, Max: 512K regular, 1209M humongous, Frag: 26% external, 0% internal; Reserve: 89600K, Max: 512K
[16.127s][info][gc,ergo       ] Free: 1612M, Max: 512K regular, 1209M humongous, Frag: 26% external, 0% internal; Reserve: 89600K, Max: 512K
[16.127s][info][gc,stats      ] 
[16.127s][info][gc,stats      ] All times are wall-clock times, except per-root-class counters, that are sum over
[16.127s][info][gc,stats      ] all workers. Dividing the <total> over the root stage time estimates parallelism.
[16.127s][info][gc,stats      ] 
[16.127s][info][gc,stats      ] Concurrent Reset                    130 us
[16.127s][info][gc,stats      ] Pause Init Mark (G)                3221 us
[16.127s][info][gc,stats      ] Pause Init Mark (N)                1086 us
[16.127s][info][gc,stats      ]   Accumulate Stats                    6 us
[16.127s][info][gc,stats      ]   Make Parsable                       6 us
[16.127s][info][gc,stats      ]   Update Region States               36 us
[16.127s][info][gc,stats      ]   Scan Roots                       1003 us, parallelism: 0.76x
[16.127s][info][gc,stats      ]     S: <total>                      764 us
[16.127s][info][gc,stats      ]     S: Thread Roots                 238 us, workers (us): 238, 
[16.127s][info][gc,stats      ]     S: Universe Roots                 2 us, workers (us):   2, 
[16.127s][info][gc,stats      ]     S: JNI Handles Roots              1 us, workers (us):   1, 
[16.127s][info][gc,stats      ]     S: Synchronizer Roots             0 us, workers (us):   0, 
[16.127s][info][gc,stats      ]     S: Management Roots               1 us, workers (us):   1, 
[16.127s][info][gc,stats      ]     S: System Dict Roots              9 us, workers (us):   9, 
[16.127s][info][gc,stats      ]     S: CLDG Roots                   513 us, workers (us): 513, 
[16.127s][info][gc,stats      ]     S: JVMTI Roots                    1 us, workers (us):   1, 
[16.127s][info][gc,stats      ]   Resize TLABs                        5 us
[16.127s][info][gc,stats      ] Concurrent Marking                35345 us
[16.128s][info][gc,stats      ] Pause Final Mark (G)                439 us
[16.128s][info][gc,stats      ] Pause Final Mark (N)                381 us
[16.128s][info][gc,stats      ]   Finish Queues                      10 us
[16.128s][info][gc,stats      ]   System Purge                      264 us
[16.128s][info][gc,stats      ]     Weak Roots                      264 us
[16.128s][info][gc,stats      ]   Update Region States               59 us
[16.128s][info][gc,stats      ]   Retire TLABs                        7 us
[16.128s][info][gc,stats      ]   Choose Collection Set              22 us
[16.128s][info][gc,stats      ]   Rebuild Free Set                   12 us
[16.128s][info][gc,stats      ] Concurrent Cleanup                   88 us
[16.128s][info][gc,stats      ] 
[16.128s][info][gc,stats      ] Allocation pacing accrued:
[16.128s][info][gc,stats      ]       0 of   475 ms (  0.0%): <total>
[16.128s][info][gc,stats      ]       0 of   475 ms (  0.0%): <average total>
[16.128s][info][gc,stats      ] 
[16.128s][info][gc,metaspace  ] Metaspace: 59776K->59776K(1101824K)
[16.128s][info][gc,ergo       ] Pacer for Idle. Initial: 35840K, Alloc Tax Rate: 1.0x
[19.122s][info][gc            ] Trigger: Free (174M) is below minimum threshold (175M)
[19.122s][info][gc,ergo       ] Free: 174M, Max: 512K regular, 174M humongous, Frag: 0% external, 0% internal; Reserve: 89600K, Max: 512K
[19.122s][info][gc,start      ] GC(9) Concurrent reset
[19.122s][info][gc,task       ] GC(9) Using 1 of 1 workers for concurrent reset
[19.122s][info][gc,ergo       ] GC(9) Pacer for Reset. Non-Taxable: 1750M
[19.123s][info][gc            ] GC(9) Concurrent reset 0.240ms
[19.125s][info][gc,start      ] GC(9) Pause Init Mark
[19.125s][info][gc,task       ] GC(9) Using 1 of 1 workers for init marking
[19.126s][info][gc,ergo       ] GC(9) Pacer for Mark. Expected Live: 24932K, Free: 174M, Non-Taxable: 17818K, Alloc Tax Rate: 0.2x
[19.126s][info][gc            ] GC(9) Pause Init Mark 1.461ms
[19.127s][info][gc,start      ] GC(9) Concurrent marking
[19.127s][info][gc,task       ] GC(9) Using 1 of 1 workers for concurrent marking
[19.170s][info][gc            ] GC(9) Concurrent marking 43.018ms
[19.170s][info][gc,start      ] GC(9) Pause Final Mark
[19.170s][info][gc,task       ] GC(9) Using 1 of 1 workers for final marking
[19.170s][info][gc,ergo       ] GC(9) Collectable Garbage: 1442M (98%), Immediate: 1442M (98%), CSet: 0B (0%)
[19.170s][info][gc            ] GC(9) Pause Final Mark 0.467ms
[19.170s][info][gc,start      ] GC(9) Concurrent cleanup
[19.170s][info][gc            ] GC(9) Concurrent cleanup 1497M->54M(1500M) 0.192ms
[19.170s][info][gc,ergo       ] GC(9) Free: 1606M, Max: 512K regular, 490M humongous, Frag: 70% external, 0% internal; Reserve: 89600K, Max: 512K
[19.170s][info][gc,ergo       ] Free: 1606M, Max: 512K regular, 490M humongous, Frag: 70% external, 0% internal; Reserve: 89600K, Max: 512K
[19.170s][info][gc,stats      ] 
[19.170s][info][gc,stats      ] All times are wall-clock times, except per-root-class counters, that are sum over
[19.170s][info][gc,stats      ] all workers. Dividing the <total> over the root stage time estimates parallelism.
[19.170s][info][gc,stats      ] 
[19.170s][info][gc,stats      ] Concurrent Reset                    206 us
[19.170s][info][gc,stats      ] Pause Init Mark (G)                3824 us
[19.170s][info][gc,stats      ] Pause Init Mark (N)                1405 us
[19.170s][info][gc,stats      ]   Accumulate Stats                   10 us
[19.170s][info][gc,stats      ]   Make Parsable                      10 us
[19.170s][info][gc,stats      ]   Update Region States               70 us
[19.170s][info][gc,stats      ]   Scan Roots                       1258 us, parallelism: 0.78x
[19.170s][info][gc,stats      ]     S: <total>                      977 us
[19.170s][info][gc,stats      ]     S: Thread Roots                 287 us, workers (us): 287, 
[19.170s][info][gc,stats      ]     S: Universe Roots                 3 us, workers (us):   3, 
[19.170s][info][gc,stats      ]     S: JNI Handles Roots              2 us, workers (us):   2, 
[19.170s][info][gc,stats      ]     S: Synchronizer Roots             0 us, workers (us):   0, 
[19.170s][info][gc,stats      ]     S: Management Roots               3 us, workers (us):   3, 
[19.170s][info][gc,stats      ]     S: System Dict Roots             33 us, workers (us):  33, 
[19.170s][info][gc,stats      ]     S: CLDG Roots                   647 us, workers (us): 647, 
[19.170s][info][gc,stats      ]     S: JVMTI Roots                    1 us, workers (us):   1, 
[19.170s][info][gc,stats      ]   Resize TLABs                        7 us
[19.170s][info][gc,stats      ] Concurrent Marking                43008 us
[19.170s][info][gc,stats      ] Pause Final Mark (G)                536 us
[19.170s][info][gc,stats      ] Pause Final Mark (N)                457 us
[19.170s][info][gc,stats      ]   Finish Queues                      15 us
[19.170s][info][gc,stats      ]   System Purge                      280 us
[19.170s][info][gc,stats      ]     Weak Roots                      279 us
[19.170s][info][gc,stats      ]   Update Region States               86 us
[19.170s][info][gc,stats      ]   Retire TLABs                       14 us
[19.170s][info][gc,stats      ]   Choose Collection Set              43 us
[19.170s][info][gc,stats      ]   Rebuild Free Set                   12 us
[19.170s][info][gc,stats      ] Concurrent Cleanup                  183 us
[19.170s][info][gc,stats      ] 
[19.171s][info][gc,stats      ] Allocation pacing accrued:
[19.171s][info][gc,stats      ]       0 of  3043 ms (  0.0%): <total>
[19.171s][info][gc,stats      ]       0 of  3043 ms (  0.0%): <average total>
[19.171s][info][gc,stats      ] 
[19.171s][info][gc,metaspace  ] Metaspace: 60471K->60471K(1103872K)
[19.171s][info][gc,ergo       ] Pacer for Idle. Initial: 35840K, Alloc Tax Rate: 1.0x
[20.990s][info][gc            ] Trigger: Free (173M) is below minimum threshold (175M)
[20.991s][info][gc,ergo       ] Free: 173M, Max: 512K regular, 163M humongous, Frag: 6% external, 0% internal; Reserve: 89600K, Max: 512K
[20.991s][info][gc,start      ] GC(10) Concurrent reset
[20.991s][info][gc,task       ] GC(10) Using 1 of 1 workers for concurrent reset
[20.991s][info][gc,ergo       ] GC(10) Pacer for Reset. Non-Taxable: 1750M
[20.991s][info][gc            ] GC(10) Concurrent reset 0.221ms
[20.993s][info][gc,start      ] GC(10) Pause Init Mark (process weakrefs)
[20.993s][info][gc,task       ] GC(10) Using 1 of 1 workers for init marking
[20.994s][info][gc,ergo       ] GC(10) Pacer for Mark. Expected Live: 25728K, Free: 173M, Non-Taxable: 17715K, Alloc Tax Rate: 0.2x
[20.994s][info][gc            ] GC(10) Pause Init Mark (process weakrefs) 1.180ms
[20.994s][info][gc,start      ] GC(10) Concurrent marking (process weakrefs)
[20.994s][info][gc,task       ] GC(10) Using 1 of 1 workers for concurrent marking
[21.057s][info][gc            ] GC(10) Concurrent marking (process weakrefs) 62.734ms
[21.057s][info][gc,start      ] GC(10) Concurrent precleaning
[21.057s][info][gc,task       ] GC(10) Using 1 of 1 workers for concurrent preclean
[21.057s][info][gc,ergo       ] GC(10) Pacer for Precleaning. Non-Taxable: 1750M
[21.058s][info][gc            ] GC(10) Concurrent precleaning 0.531ms
[21.058s][info][gc,start      ] GC(10) Pause Final Mark (process weakrefs)
[21.058s][info][gc,task       ] GC(10) Using 1 of 1 workers for final marking
[21.058s][info][gc,ergo       ] GC(10) Collectable Garbage: 1441M (98%), Immediate: 1441M (98%), CSet: 0B (0%)
[21.058s][info][gc            ] GC(10) Pause Final Mark (process weakrefs) 0.427ms
[21.058s][info][gc,start      ] GC(10) Concurrent cleanup
[21.058s][info][gc            ] GC(10) Concurrent cleanup 1497M->56M(1500M) 0.172ms
[21.058s][info][gc,ergo       ] GC(10) Free: 1605M, Max: 512K regular, 490M humongous, Frag: 70% external, 0% internal; Reserve: 89600K, Max: 512K
[21.058s][info][gc,ergo       ] Free: 1605M, Max: 512K regular, 490M humongous, Frag: 70% external, 0% internal; Reserve: 89600K, Max: 512K
[21.058s][info][gc,stats      ] 
[21.058s][info][gc,stats      ] All times are wall-clock times, except per-root-class counters, that are sum over
[21.058s][info][gc,stats      ] all workers. Dividing the <total> over the root stage time estimates parallelism.
[21.058s][info][gc,stats      ] 
[21.058s][info][gc,stats      ] Concurrent Reset                    192 us
[21.058s][info][gc,stats      ] Pause Init Mark (G)                3339 us
[21.058s][info][gc,stats      ] Pause Init Mark (N)                1161 us
[21.058s][info][gc,stats      ]   Accumulate Stats                    7 us
[21.058s][info][gc,stats      ]   Make Parsable                       8 us
[21.058s][info][gc,stats      ]   Update Region States               36 us
[21.058s][info][gc,stats      ]   Scan Roots                       1065 us, parallelism: 0.75x
[21.058s][info][gc,stats      ]     S: <total>                      801 us
[21.058s][info][gc,stats      ]     S: Thread Roots                 260 us, workers (us): 260, 
[21.058s][info][gc,stats      ]     S: Universe Roots                 3 us, workers (us):   3, 
[21.058s][info][gc,stats      ]     S: JNI Handles Roots              1 us, workers (us):   1, 
[21.058s][info][gc,stats      ]     S: Synchronizer Roots             0 us, workers (us):   0, 
[21.058s][info][gc,stats      ]     S: Management Roots               1 us, workers (us):   1, 
[21.058s][info][gc,stats      ]     S: System Dict Roots             10 us, workers (us):  10, 
[21.058s][info][gc,stats      ]     S: CLDG Roots                   525 us, workers (us): 525, 
[21.058s][info][gc,stats      ]     S: JVMTI Roots                    1 us, workers (us):   1, 
[21.058s][info][gc,stats      ]   Resize TLABs                        5 us
[21.058s][info][gc,stats      ] Concurrent Marking                62725 us
[21.058s][info][gc,stats      ] Concurrent Precleaning              525 us
[21.058s][info][gc,stats      ] Pause Final Mark (G)                483 us
[21.058s][info][gc,stats      ] Pause Final Mark (N)                420 us
[21.058s][info][gc,stats      ]   Finish Queues                       9 us
[21.058s][info][gc,stats      ]   Weak References                    30 us
[21.058s][info][gc,stats      ]     Process                          28 us
[21.058s][info][gc,stats      ]   System Purge                      266 us
[21.058s][info][gc,stats      ]     Weak Roots                      266 us
[21.058s][info][gc,stats      ]   Update Region States               61 us
[21.058s][info][gc,stats      ]   Retire TLABs                        9 us
[21.058s][info][gc,stats      ]   Choose Collection Set              30 us
[21.058s][info][gc,stats      ]   Rebuild Free Set                   11 us
[21.058s][info][gc,stats      ] Concurrent Cleanup                  166 us
[21.058s][info][gc,stats      ] 
[21.058s][info][gc,stats      ] Allocation pacing accrued:
[21.058s][info][gc,stats      ]       0 of  1888 ms (  0.0%): <total>
[21.058s][info][gc,stats      ]       0 of  1888 ms (  0.0%): <average total>
[21.058s][info][gc,stats      ] 
[21.058s][info][gc,metaspace  ] Metaspace: 60502K->60502K(1103872K)
[21.058s][info][gc,ergo       ] Pacer for Idle. Initial: 35840K, Alloc Tax Rate: 1.0x
[29.920s][info][gc            ] Trigger: Free (174M) is below minimum threshold (175M)
[29.920s][info][gc,ergo       ] Free: 174M, Max: 512K regular, 174M humongous, Frag: 0% external, 0% internal; Reserve: 89600K, Max: 512K
[29.921s][info][gc,start      ] GC(11) Concurrent reset
[29.921s][info][gc,task       ] GC(11) Using 1 of 1 workers for concurrent reset
[29.921s][info][gc,ergo       ] GC(11) Pacer for Reset. Non-Taxable: 1750M
[29.921s][info][gc            ] GC(11) Concurrent reset 0.216ms
[29.921s][info][gc,start      ] GC(11) Pause Init Mark
[29.921s][info][gc,task       ] GC(11) Using 1 of 1 workers for init marking
[29.922s][info][gc,ergo       ] GC(11) Pacer for Mark. Expected Live: 25746K, Free: 174M, Non-Taxable: 17868K, Alloc Tax Rate: 0.2x
[29.922s][info][gc            ] GC(11) Pause Init Mark 1.486ms
[29.922s][info][gc,start      ] GC(11) Concurrent marking
[29.922s][info][gc,task       ] GC(11) Using 1 of 1 workers for concurrent marking
[30.284s][info][gc            ] GC(11) Concurrent marking 361.683ms
[30.284s][info][gc,start      ] GC(11) Pause Final Mark
[30.284s][info][gc,task       ] GC(11) Using 1 of 1 workers for final marking
[30.285s][info][gc,ergo       ] GC(11) Adaptive CSet Selection. Target Free: 247M, Actual Free: 1144M, Max CSet: 74666K, Min Garbage: 0B
[30.285s][info][gc,ergo       ] GC(11) Collectable Garbage: 1368M (99%), Immediate: 933M (67%), CSet: 435M (31%)
[30.290s][info][gc,ergo       ] GC(11) Pacer for Evacuation. Used CSet: 507M, Free: 1069M, Non-Taxable: 106M, Alloc Tax Rate: 1.2x
[30.290s][info][gc            ] GC(11) Pause Final Mark 5.290ms
[30.292s][info][gc,start      ] GC(11) Concurrent cleanup
[30.293s][info][gc            ] GC(11) Concurrent cleanup 1522M->590M(1540M) 0.490ms
[30.293s][info][gc,ergo       ] GC(11) Free: 1069M, Max: 512K regular, 233M humongous, Frag: 79% external, 0% internal; Reserve: 89346K, Max: 512K
[30.293s][info][gc,start      ] GC(11) Concurrent evacuation
[30.293s][info][gc,task       ] GC(11) Using 1 of 1 workers for concurrent evacuation
[30.473s][info][gc            ] GC(11) Concurrent evacuation 179.924ms
[30.475s][info][gc,start      ] GC(11) Pause Init Update Refs
[30.475s][info][gc,ergo       ] GC(11) Pacer for Update Refs. Used: 677M, Free: 1055M, Non-Taxable: 105M, Alloc Tax Rate: 1.1x
[30.475s][info][gc            ] GC(11) Pause Init Update Refs 0.030ms
[30.475s][info][gc,start      ] GC(11) Concurrent update references
[30.475s][info][gc,task       ] GC(11) Using 1 of 1 workers for concurrent reference update
[30.953s][info][gc            ] GC(11) Concurrent update references 478.416ms
[30.956s][info][gc,start      ] GC(11) Pause Final Update Refs
[30.956s][info][gc,task       ] GC(11) Using 1 of 1 workers for final reference update
[30.956s][info][gc            ] GC(11) Pause Final Update Refs 0.445ms
[30.956s][info][gc,start      ] GC(11) Concurrent cleanup
[30.956s][info][gc            ] GC(11) Concurrent cleanup 741M->233M(1612M) 0.105ms
[30.956s][info][gc,ergo       ] Free: 1424M, Max: 512K regular, 840M humongous, Frag: 42% external, 0% internal; Reserve: 89600K, Max: 512K
[30.956s][info][gc,stats      ] 
[30.956s][info][gc,stats      ] All times are wall-clock times, except per-root-class counters, that are sum over
[30.956s][info][gc,stats      ] all workers. Dividing the <total> over the root stage time estimates parallelism.
[30.956s][info][gc,stats      ] 
[30.956s][info][gc,stats      ] Concurrent Reset                    186 us
[30.956s][info][gc,stats      ] Pause Init Mark (G)                1670 us
[30.956s][info][gc,stats      ] Pause Init Mark (N)                1476 us
[30.956s][info][gc,stats      ]   Accumulate Stats                    7 us
[30.956s][info][gc,stats      ]   Make Parsable                      13 us
[30.956s][info][gc,stats      ]   Update Region States               34 us
[30.956s][info][gc,stats      ]   Scan Roots                       1379 us, parallelism: 0.73x
[30.956s][info][gc,stats      ]     S: <total>                     1006 us
[30.956s][info][gc,stats      ]     S: Thread Roots                 341 us, workers (us): 341, 
[30.956s][info][gc,stats      ]     S: Universe Roots                 2 us, workers (us):   2, 
[30.956s][info][gc,stats      ]     S: JNI Handles Roots              1 us, workers (us):   1, 
[30.956s][info][gc,stats      ]     S: Synchronizer Roots             0 us, workers (us):   0, 
[30.956s][info][gc,stats      ]     S: Management Roots               1 us, workers (us):   1, 
[30.956s][info][gc,stats      ]     S: System Dict Roots             19 us, workers (us):  19, 
[30.956s][info][gc,stats      ]     S: CLDG Roots                   640 us, workers (us): 640, 
[30.956s][info][gc,stats      ]     S: JVMTI Roots                    0 us, workers (us):   0, 
[30.956s][info][gc,stats      ]   Resize TLABs                        7 us
[30.956s][info][gc,stats      ] Concurrent Marking               361673 us
[30.956s][info][gc,stats      ] Pause Final Mark (G)               8015 us
[30.956s][info][gc,stats      ] Pause Final Mark (N)               5226 us
[30.956s][info][gc,stats      ]   Finish Queues                      30 us
[30.956s][info][gc,stats      ]   System Purge                      459 us
[30.956s][info][gc,stats      ]     Weak Roots                      458 us
[30.956s][info][gc,stats      ]   Update Region States               88 us
[30.956s][info][gc,stats      ]   Retire TLABs                       10 us
[30.956s][info][gc,stats      ]   Choose Collection Set             414 us
[30.956s][info][gc,stats      ]   Rebuild Free Set                   32 us
[30.956s][info][gc,stats      ]   Initial Evacuation               4177 us, parallelism: 0.60x
[30.956s][info][gc,stats      ]     E: <total>                     2502 us
[30.956s][info][gc,stats      ]     E: Thread Roots                 608 us, workers (us): 608, 
[30.956s][info][gc,stats      ]     E: Code Cache Roots             661 us, workers (us): 661, 
[30.956s][info][gc,stats      ]     E: Universe Roots                 2 us, workers (us):   2, 
[30.956s][info][gc,stats      ]     E: JNI Handles Roots              2 us, workers (us):   2, 
[30.956s][info][gc,stats      ]     E: Synchronizer Roots             1 us, workers (us):   1, 
[30.956s][info][gc,stats      ]     E: Management Roots               3 us, workers (us):   3, 
[30.956s][info][gc,stats      ]     E: System Dict Roots             22 us, workers (us):  22, 
[30.956s][info][gc,stats      ]     E: CLDG Roots                  1202 us, workers (us): 1202, 
[30.956s][info][gc,stats      ]     E: JVMTI Roots                    1 us, workers (us):   1, 
[30.956s][info][gc,stats      ] Concurrent Cleanup                  429 us
[30.956s][info][gc,stats      ] Concurrent Evacuation            179901 us
[30.956s][info][gc,stats      ] Pause Init  Update Refs (G)        2200 us
[30.956s][info][gc,stats      ] Pause Init  Update Refs (N)          11 us
[30.956s][info][gc,stats      ]   Retire GCLABs                       5 us
[30.956s][info][gc,stats      ] Concurrent Update Refs           478402 us
[30.957s][info][gc,stats      ] Pause Final Update Refs (G)        2528 us
[30.957s][info][gc,stats      ] Pause Final Update Refs (N)         330 us
[30.957s][info][gc,stats      ]   Update Roots                      240 us, parallelism: 0.96x
[30.957s][info][gc,stats      ]     UR: <total>                     230 us
[30.957s][info][gc,stats      ]     UR: Thread Roots                230 us, workers (us): 230, 
[30.957s][info][gc,stats      ]   Update Region States               59 us
[30.957s][info][gc,stats      ]   Trash Collection Set                6 us
[30.957s][info][gc,stats      ]   Rebuild Free Set                   11 us
[30.957s][info][gc,stats      ] Concurrent Cleanup                   97 us
[30.957s][info][gc,stats      ] Pacing                            33263 us
[30.957s][info][gc,stats      ] 
[30.957s][info][gc,stats      ] Allocation pacing accrued:
[30.957s][info][gc,stats      ]      33 of  9898 ms (  0.3%): Executor task launch worker for task 1.0 in stage 1.0 (TID 4)
[30.957s][info][gc,stats      ]      33 of  9898 ms (  0.3%): <total>
[30.957s][info][gc,stats      ]       1 of  9898 ms (  0.0%): <average total>
[30.957s][info][gc,stats      ]      33 of  9898 ms (  0.3%): <average non-zero>
[30.957s][info][gc,stats      ] 
[30.957s][info][gc,metaspace  ] Metaspace: 62870K->62873K(1105920K)
[30.957s][info][gc,ergo       ] Pacer for Idle. Initial: 35840K, Alloc Tax Rate: 1.0x
[35.606s][info][gc            ] Trigger: Free (174M) is below minimum threshold (175M)
[35.606s][info][gc,ergo       ] Free: 174M, Max: 512K regular, 106M humongous, Frag: 39% external, 0% internal; Reserve: 89600K, Max: 512K
[35.606s][info][gc,start      ] GC(12) Concurrent reset
[35.606s][info][gc,task       ] GC(12) Using 1 of 1 workers for concurrent reset
[35.606s][info][gc,ergo       ] GC(12) Pacer for Reset. Non-Taxable: 1750M
[35.607s][info][gc            ] GC(12) Concurrent reset 1.055ms
[35.610s][info][gc,start      ] GC(12) Pause Init Mark
[35.610s][info][gc,task       ] GC(12) Using 1 of 1 workers for init marking
[35.611s][info][gc,ergo       ] GC(12) Pacer for Mark. Expected Live: 41467K, Free: 174M, Non-Taxable: 17817K, Alloc Tax Rate: 0.3x
[35.611s][info][gc            ] GC(12) Pause Init Mark 1.215ms
[35.611s][info][gc,start      ] GC(12) Concurrent marking
[35.611s][info][gc,task       ] GC(12) Using 1 of 1 workers for concurrent marking
[36.525s][info][gc            ] GC(12) Concurrent marking 914.240ms
[36.525s][info][gc,start      ] GC(12) Pause Final Mark
[36.525s][info][gc,task       ] GC(12) Using 1 of 1 workers for final marking
[36.526s][info][gc,ergo       ] GC(12) Adaptive CSet Selection. Target Free: 247M, Actual Free: 832M, Max CSet: 74666K, Min Garbage: 0B
[36.526s][info][gc,ergo       ] GC(12) Collectable Garbage: 1258M (98%), Immediate: 598M (46%), CSet: 660M (51%)
[36.528s][info][gc,ergo       ] GC(12) Pacer for Evacuation. Used CSet: 733M, Free: 757M, Non-Taxable: 77568K, Alloc Tax Rate: 2.4x
[36.528s][info][gc            ] GC(12) Pause Final Mark 2.474ms
[36.528s][info][gc,start      ] GC(12) Concurrent cleanup
[36.528s][info][gc            ] GC(12) Concurrent cleanup 1499M->901M(1612M) 0.121ms
[36.528s][info][gc,ergo       ] GC(12) Free: 757M, Max: 512K regular, 276M humongous, Frag: 64% external, 0% internal; Reserve: 89593K, Max: 512K
[36.528s][info][gc,start      ] GC(12) Concurrent evacuation
[36.528s][info][gc,task       ] GC(12) Using 1 of 1 workers for concurrent evacuation
[36.746s][info][gc            ] GC(12) Concurrent evacuation 217.990ms
[36.748s][info][gc,start      ] GC(12) Pause Init Update Refs
[36.748s][info][gc,ergo       ] GC(12) Pacer for Update Refs. Used: 975M, Free: 757M, Non-Taxable: 77516K, Alloc Tax Rate: 1.6x
[36.748s][info][gc            ] GC(12) Pause Init Update Refs 0.034ms
[36.748s][info][gc,start      ] GC(12) Concurrent update references
[36.748s][info][gc,task       ] GC(12) Using 1 of 1 workers for concurrent reference update
[37.487s][info][gc            ] GC(12) Concurrent update references 739.179ms
[37.488s][info][gc,start      ] GC(12) Pause Final Update Refs
[37.488s][info][gc,task       ] GC(12) Using 1 of 1 workers for final reference update
[37.489s][info][gc            ] GC(12) Pause Final Update Refs 1.095ms
[37.489s][info][gc,start      ] GC(12) Concurrent cleanup
[37.489s][info][gc            ] GC(12) Concurrent cleanup 989M->256M(1684M) 0.126ms
[37.489s][info][gc,ergo       ] Free: 1402M, Max: 512K regular, 550M humongous, Frag: 61% external, 0% internal; Reserve: 89600K, Max: 512K
[37.489s][info][gc,stats      ] 
[37.489s][info][gc,stats      ] All times are wall-clock times, except per-root-class counters, that are sum over
[37.489s][info][gc,stats      ] all workers. Dividing the <total> over the root stage time estimates parallelism.
[37.489s][info][gc,stats      ] 
[37.489s][info][gc,stats      ] Concurrent Reset                   1019 us
[37.489s][info][gc,stats      ] Pause Init Mark (G)                3354 us
[37.489s][info][gc,stats      ] Pause Init Mark (N)                1197 us
[37.489s][info][gc,stats      ]   Accumulate Stats                    7 us
[37.489s][info][gc,stats      ]   Make Parsable                      12 us
[37.489s][info][gc,stats      ]   Update Region States               41 us
[37.489s][info][gc,stats      ]   Scan Roots                       1109 us, parallelism: 0.73x
[37.489s][info][gc,stats      ]     S: <total>                      814 us
[37.489s][info][gc,stats      ]     S: Thread Roots                 230 us, workers (us): 230, 
[37.489s][info][gc,stats      ]     S: Universe Roots                 2 us, workers (us):   2, 
[37.489s][info][gc,stats      ]     S: JNI Handles Roots              9 us, workers (us):   9, 
[37.489s][info][gc,stats      ]     S: Synchronizer Roots             0 us, workers (us):   0, 
[37.489s][info][gc,stats      ]     S: Management Roots               2 us, workers (us):   2, 
[37.489s][info][gc,stats      ]     S: System Dict Roots             10 us, workers (us):  10, 
[37.489s][info][gc,stats      ]     S: CLDG Roots                   560 us, workers (us): 560, 
[37.489s][info][gc,stats      ]     S: JVMTI Roots                    1 us, workers (us):   1, 
[37.489s][info][gc,stats      ]   Resize TLABs                        4 us
[37.489s][info][gc,stats      ] Concurrent Marking               914231 us
[37.489s][info][gc,stats      ] Pause Final Mark (G)               2554 us
[37.489s][info][gc,stats      ] Pause Final Mark (N)               2442 us
[37.489s][info][gc,stats      ]   Finish Queues                      14 us
[37.489s][info][gc,stats      ]   System Purge                      282 us
[37.489s][info][gc,stats      ]     Weak Roots                      282 us
[37.489s][info][gc,stats      ]   Update Region States               54 us
[37.489s][info][gc,stats      ]   Retire TLABs                        8 us
[37.489s][info][gc,stats      ]   Choose Collection Set             256 us
[37.489s][info][gc,stats      ]   Rebuild Free Set                   10 us
[37.489s][info][gc,stats      ]   Initial Evacuation               1805 us, parallelism: 0.65x
[37.489s][info][gc,stats      ]     E: <total>                     1171 us
[37.489s][info][gc,stats      ]     E: Thread Roots                 380 us, workers (us): 380, 
[37.489s][info][gc,stats      ]     E: Code Cache Roots             236 us, workers (us): 236, 
[37.489s][info][gc,stats      ]     E: Universe Roots                 1 us, workers (us):   1, 
[37.489s][info][gc,stats      ]     E: JNI Handles Roots              3 us, workers (us):   3, 
[37.489s][info][gc,stats      ]     E: Synchronizer Roots             0 us, workers (us):   0, 
[37.489s][info][gc,stats      ]     E: Management Roots               2 us, workers (us):   2, 
[37.489s][info][gc,stats      ]     E: System Dict Roots             10 us, workers (us):  10, 
[37.489s][info][gc,stats      ]     E: CLDG Roots                   538 us, workers (us): 538, 
[37.489s][info][gc,stats      ]     E: JVMTI Roots                    1 us, workers (us):   1, 
[37.489s][info][gc,stats      ] Concurrent Cleanup                  113 us
[37.489s][info][gc,stats      ] Concurrent Evacuation            217978 us
[37.489s][info][gc,stats      ] Pause Init  Update Refs (G)        2244 us
[37.489s][info][gc,stats      ] Pause Init  Update Refs (N)          11 us
[37.489s][info][gc,stats      ]   Retire GCLABs                       3 us
[37.489s][info][gc,stats      ] Concurrent Update Refs           739165 us
[37.489s][info][gc,stats      ] Pause Final Update Refs (G)        1374 us
[37.489s][info][gc,stats      ] Pause Final Update Refs (N)        1061 us
[37.489s][info][gc,stats      ]   Update Roots                      971 us, parallelism: 0.99x
[37.489s][info][gc,stats      ]     UR: <total>                     962 us
[37.489s][info][gc,stats      ]     UR: Thread Roots                962 us, workers (us): 962, 
[37.489s][info][gc,stats      ]   Update Region States               57 us
[37.489s][info][gc,stats      ]   Trash Collection Set                7 us
[37.489s][info][gc,stats      ]   Rebuild Free Set                   12 us
[37.489s][info][gc,stats      ] Concurrent Cleanup                  114 us
[37.489s][info][gc,stats      ] 
[37.489s][info][gc,stats      ] Allocation pacing accrued:
[37.489s][info][gc,stats      ]       0 of  6533 ms (  0.0%): <total>
[37.489s][info][gc,stats      ]       0 of  6533 ms (  0.0%): <average total>
[37.489s][info][gc,stats      ] 
[37.489s][info][gc,metaspace  ] Metaspace: 62965K->62972K(1105920K)
[37.489s][info][gc,ergo       ] Pacer for Idle. Initial: 35840K, Alloc Tax Rate: 1.0x
[42.346s][info][gc            ] Trigger: Average GC time (614.67 ms) is above the time for allocation rate (185 MB/s) to deplete free headroom (113M)
[42.347s][info][gc,ergo       ] Free headroom: 200M (free) - 89600K (spike) - 0B (penalties) = 113M
[42.347s][info][gc,ergo       ] Free: 200M, Max: 512K regular, 83456K humongous, Frag: 60% external, 0% internal; Reserve: 89600K, Max: 512K
[42.347s][info][gc,start      ] GC(13) Concurrent reset
[42.347s][info][gc,task       ] GC(13) Using 1 of 1 workers for concurrent reset
[42.347s][info][gc,ergo       ] GC(13) Pacer for Reset. Non-Taxable: 1750M
[42.348s][info][gc            ] GC(13) Concurrent reset 1.535ms
[42.351s][info][gc,start      ] GC(13) Pause Init Mark
[42.351s][info][gc,task       ] GC(13) Using 1 of 1 workers for init marking
[42.352s][info][gc,ergo       ] GC(13) Pacer for Mark. Expected Live: 77467K, Free: 200M, Non-Taxable: 20531K, Alloc Tax Rate: 0.5x
[42.352s][info][gc            ] GC(13) Pause Init Mark 1.267ms
[42.352s][info][gc,start      ] GC(13) Concurrent marking
[42.352s][info][gc,task       ] GC(13) Using 1 of 1 workers for concurrent marking
[43.135s][info][gc            ] GC(13) Concurrent marking 783.138ms
[43.135s][info][gc,start      ] GC(13) Pause Final Mark
[43.135s][info][gc,task       ] GC(13) Using 1 of 1 workers for final marking
[43.135s][info][gc,ergo       ] GC(13) Adaptive CSet Selection. Target Free: 247M, Actual Free: 1088M, Max CSet: 74666K, Min Garbage: 0B
[43.136s][info][gc,ergo       ] GC(13) Collectable Garbage: 1266M (99%), Immediate: 855M (67%), CSet: 411M (32%)
[43.137s][info][gc,ergo       ] GC(13) Pacer for Evacuation. Used CSet: 439M, Free: 1019M, Non-Taxable: 101M, Alloc Tax Rate: 1.1x
[43.137s][info][gc            ] GC(13) Pause Final Mark 2.395ms
[43.138s][info][gc,start      ] GC(13) Concurrent cleanup
[43.138s][info][gc            ] GC(13) Concurrent cleanup 1494M->639M(1684M) 0.165ms
[43.138s][info][gc,ergo       ] GC(13) Free: 1019M, Max: 512K regular, 509M humongous, Frag: 51% external, 0% internal; Reserve: 89585K, Max: 512K
[43.138s][info][gc,start      ] GC(13) Concurrent evacuation
[43.138s][info][gc,task       ] GC(13) Using 1 of 1 workers for concurrent evacuation
[43.221s][info][gc            ] GC(13) Concurrent evacuation 83.713ms
[43.224s][info][gc,start      ] GC(13) Pause Init Update Refs
[43.224s][info][gc,ergo       ] GC(13) Pacer for Update Refs. Used: 674M, Free: 1012M, Non-Taxable: 101M, Alloc Tax Rate: 1.1x
[43.224s][info][gc            ] GC(13) Pause Init Update Refs 0.029ms
[43.224s][info][gc,start      ] GC(13) Concurrent update references
[43.224s][info][gc,task       ] GC(13) Using 1 of 1 workers for concurrent reference update
[43.683s][info][gc            ] GC(13) Concurrent update references 459.360ms
[43.685s][info][gc,start      ] GC(13) Pause Final Update Refs
[43.685s][info][gc,task       ] GC(13) Using 1 of 1 workers for final reference update
[43.686s][info][gc            ] GC(13) Pause Final Update Refs 0.317ms
[43.686s][info][gc,start      ] GC(13) Concurrent cleanup
[43.686s][info][gc            ] GC(13) Concurrent cleanup 748M->308M(1684M) 0.101ms
[43.686s][info][gc,ergo       ] Free: 1348M, Max: 512K regular, 515M humongous, Frag: 62% external, 0% internal; Reserve: 89600K, Max: 512K
[43.686s][info][gc,stats      ] 
[43.686s][info][gc,stats      ] All times are wall-clock times, except per-root-class counters, that are sum over
[43.686s][info][gc,stats      ] all workers. Dividing the <total> over the root stage time estimates parallelism.
[43.686s][info][gc,stats      ] 
[43.686s][info][gc,stats      ] Concurrent Reset                   1513 us
[43.686s][info][gc,stats      ] Pause Init Mark (G)                3471 us
[43.686s][info][gc,stats      ] Pause Init Mark (N)                1235 us
[43.686s][info][gc,stats      ]   Accumulate Stats                    8 us
[43.686s][info][gc,stats      ]   Make Parsable                      10 us
[43.686s][info][gc,stats      ]   Update Region States               52 us
[43.686s][info][gc,stats      ]   Scan Roots                       1133 us, parallelism: 0.75x
[43.686s][info][gc,stats      ]     S: <total>                      846 us
[43.686s][info][gc,stats      ]     S: Thread Roots                 269 us, workers (us): 269, 
[43.686s][info][gc,stats      ]     S: Universe Roots                 2 us, workers (us):   2, 
[43.686s][info][gc,stats      ]     S: JNI Handles Roots              2 us, workers (us):   2, 
[43.686s][info][gc,stats      ]     S: Synchronizer Roots             0 us, workers (us):   0, 
[43.686s][info][gc,stats      ]     S: Management Roots               2 us, workers (us):   2, 
[43.686s][info][gc,stats      ]     S: System Dict Roots             11 us, workers (us):  11, 
[43.686s][info][gc,stats      ]     S: CLDG Roots                   560 us, workers (us): 560, 
[43.686s][info][gc,stats      ]     S: JVMTI Roots                    1 us, workers (us):   1, 
[43.686s][info][gc,stats      ]   Resize TLABs                        5 us
[43.686s][info][gc,stats      ] Concurrent Marking               783129 us
[43.686s][info][gc,stats      ] Pause Final Mark (G)               2479 us
[43.686s][info][gc,stats      ] Pause Final Mark (N)               2378 us
[43.686s][info][gc,stats      ]   Finish Queues                      13 us
[43.686s][info][gc,stats      ]   System Purge                      260 us
[43.686s][info][gc,stats      ]     Weak Roots                      260 us
[43.686s][info][gc,stats      ]   Update Region States               55 us
[43.686s][info][gc,stats      ]   Retire TLABs                        9 us
[43.686s][info][gc,stats      ]   Choose Collection Set             198 us
[43.686s][info][gc,stats      ]   Rebuild Free Set                   13 us
[43.686s][info][gc,stats      ]   Initial Evacuation               1821 us, parallelism: 0.64x
[43.686s][info][gc,stats      ]     E: <total>                     1163 us
[43.686s][info][gc,stats      ]     E: Thread Roots                 326 us, workers (us): 326, 
[43.686s][info][gc,stats      ]     E: Code Cache Roots             250 us, workers (us): 250, 
[43.686s][info][gc,stats      ]     E: Universe Roots                 1 us, workers (us):   1, 
[43.686s][info][gc,stats      ]     E: JNI Handles Roots              4 us, workers (us):   4, 
[43.686s][info][gc,stats      ]     E: Synchronizer Roots             0 us, workers (us):   0, 
[43.686s][info][gc,stats      ]     E: Management Roots               1 us, workers (us):   1, 
[43.686s][info][gc,stats      ]     E: System Dict Roots              9 us, workers (us):   9, 
[43.686s][info][gc,stats      ]     E: CLDG Roots                   572 us, workers (us): 572, 
[43.686s][info][gc,stats      ]     E: JVMTI Roots                    0 us, workers (us):   0, 
[43.686s][info][gc,stats      ] Concurrent Cleanup                  155 us
[43.686s][info][gc,stats      ] Concurrent Evacuation             83700 us
[43.686s][info][gc,stats      ] Pause Init  Update Refs (G)        2161 us
[43.686s][info][gc,stats      ] Pause Init  Update Refs (N)          10 us
[43.686s][info][gc,stats      ]   Retire GCLABs                       4 us
[43.686s][info][gc,stats      ] Concurrent Update Refs           459346 us
[43.686s][info][gc,stats      ] Pause Final Update Refs (G)        2463 us
[43.686s][info][gc,stats      ] Pause Final Update Refs (N)         294 us
[43.686s][info][gc,stats      ]   Update Roots                      212 us, parallelism: 0.96x
[43.686s][info][gc,stats      ]     UR: <total>                     204 us
[43.686s][info][gc,stats      ]     UR: Thread Roots                204 us, workers (us): 204, 
[43.686s][info][gc,stats      ]   Update Region States               57 us
[43.686s][info][gc,stats      ]   Trash Collection Set                5 us
[43.686s][info][gc,stats      ]   Rebuild Free Set                   11 us
[43.686s][info][gc,stats      ] Concurrent Cleanup                   95 us
[43.686s][info][gc,stats      ] Pacing                            73420 us
[43.686s][info][gc,stats      ] 
[43.686s][info][gc,stats      ] Allocation pacing accrued:
[43.686s][info][gc,stats      ]      73 of  6197 ms (  1.2%): Executor task launch worker for task 2.0 in stage 2.0 (TID 8)
[43.686s][info][gc,stats      ]      73 of  6197 ms (  1.2%): <total>
[43.686s][info][gc,stats      ]       1 of  6197 ms (  0.0%): <average total>
[43.686s][info][gc,stats      ]      73 of  6197 ms (  1.2%): <average non-zero>
[43.686s][info][gc,stats      ] 
[43.686s][info][gc,metaspace  ] Metaspace: 63096K->63167K(1105920K)
[43.686s][info][gc,ergo       ] Pacer for Idle. Initial: 35840K, Alloc Tax Rate: 1.0x
[51.613s][info][gc            ] Trigger: Average GC time (874.60 ms) is above the time for allocation rate (138 MB/s) to deplete free headroom (120M)
[51.613s][info][gc,ergo       ] Free headroom: 208M (free) - 89600K (spike) - 0B (penalties) = 120M
[51.613s][info][gc,ergo       ] Free: 208M, Max: 512K regular, 129M humongous, Frag: 38% external, 0% internal; Reserve: 89600K, Max: 512K
[51.614s][info][gc,start      ] GC(14) Concurrent reset
[51.614s][info][gc,task       ] GC(14) Using 1 of 1 workers for concurrent reset
[51.614s][info][gc,ergo       ] GC(14) Pacer for Reset. Non-Taxable: 1750M
[51.615s][info][gc            ] GC(14) Concurrent reset 1.070ms
[51.620s][info][gc,start      ] GC(14) Pause Init Mark
[51.620s][info][gc,task       ] GC(14) Using 1 of 1 workers for init marking
[51.622s][info][gc,ergo       ] GC(14) Pacer for Mark. Expected Live: 105M, Free: 208M, Non-Taxable: 21299K, Alloc Tax Rate: 0.6x
[51.622s][info][gc            ] GC(14) Pause Init Mark 1.458ms
[51.622s][info][gc,start      ] GC(14) Concurrent marking
[51.622s][info][gc,task       ] GC(14) Using 1 of 1 workers for concurrent marking
[52.434s][info][gc            ] GC(14) Concurrent marking 811.885ms
[52.434s][info][gc,start      ] GC(14) Pause Final Mark
[52.434s][info][gc,task       ] GC(14) Using 1 of 1 workers for final marking
[52.434s][info][gc,ergo       ] GC(14) Collectable Garbage: 1210M (95%), Immediate: 1210M (95%), CSet: 0B (0%)
[52.434s][info][gc            ] GC(14) Pause Final Mark 0.615ms
[52.435s][info][gc,start      ] GC(14) Concurrent cleanup
[52.435s][info][gc            ] GC(14) Concurrent cleanup 1459M->249M(1684M) 0.201ms
[52.435s][info][gc,ergo       ] GC(14) Free: 1411M, Max: 512K regular, 492M humongous, Frag: 66% external, 0% internal; Reserve: 89600K, Max: 512K
[52.435s][info][gc,ergo       ] Free: 1411M, Max: 512K regular, 492M humongous, Frag: 66% external, 0% internal; Reserve: 89600K, Max: 512K
[52.435s][info][gc,stats      ] 
[52.435s][info][gc,stats      ] All times are wall-clock times, except per-root-class counters, that are sum over
[52.435s][info][gc,stats      ] all workers. Dividing the <total> over the root stage time estimates parallelism.
[52.435s][info][gc,stats      ] 
[52.435s][info][gc,stats      ] Concurrent Reset                   1048 us
[52.435s][info][gc,stats      ] Pause Init Mark (G)                7029 us
[52.435s][info][gc,stats      ] Pause Init Mark (N)                1412 us
[52.435s][info][gc,stats      ]   Accumulate Stats                    8 us
[52.435s][info][gc,stats      ]   Make Parsable                      12 us
[52.435s][info][gc,stats      ]   Update Region States               66 us
[52.435s][info][gc,stats      ]   Scan Roots                       1281 us, parallelism: 0.76x
[52.435s][info][gc,stats      ]     S: <total>                      978 us
[52.435s][info][gc,stats      ]     S: Thread Roots                 320 us, workers (us): 320, 
[52.435s][info][gc,stats      ]     S: Universe Roots                 2 us, workers (us):   2, 
[52.435s][info][gc,stats      ]     S: JNI Handles Roots              2 us, workers (us):   2, 
[52.435s][info][gc,stats      ]     S: Synchronizer Roots             0 us, workers (us):   0, 
[52.435s][info][gc,stats      ]     S: Management Roots               1 us, workers (us):   1, 
[52.435s][info][gc,stats      ]     S: System Dict Roots             11 us, workers (us):  11, 
[52.435s][info][gc,stats      ]     S: CLDG Roots                   641 us, workers (us): 641, 
[52.435s][info][gc,stats      ]     S: JVMTI Roots                    1 us, workers (us):   1, 
[52.435s][info][gc,stats      ]   Resize TLABs                        6 us
[52.435s][info][gc,stats      ] Concurrent Marking               811875 us
[52.435s][info][gc,stats      ] Pause Final Mark (G)                742 us
[52.435s][info][gc,stats      ] Pause Final Mark (N)                563 us
[52.435s][info][gc,stats      ]   Finish Queues                      19 us
[52.435s][info][gc,stats      ]   System Purge                      344 us
[52.435s][info][gc,stats      ]     Weak Roots                      344 us
[52.435s][info][gc,stats      ]   Update Region States               67 us
[52.435s][info][gc,stats      ]   Retire TLABs                       12 us
[52.435s][info][gc,stats      ]   Choose Collection Set              86 us
[52.435s][info][gc,stats      ]   Rebuild Free Set                   20 us
[52.435s][info][gc,stats      ] Concurrent Cleanup                  191 us
[52.435s][info][gc,stats      ] 
[52.435s][info][gc,stats      ] Allocation pacing accrued:
[52.435s][info][gc,stats      ]       0 of  8749 ms (  0.0%): <total>
[52.435s][info][gc,stats      ]       0 of  8749 ms (  0.0%): <average total>
[52.435s][info][gc,stats      ] 
[52.435s][info][gc,metaspace  ] Metaspace: 63881K->63881K(1105920K)
[52.435s][info][gc,ergo       ] Pacer for Idle. Initial: 35840K, Alloc Tax Rate: 1.0x
[65.104s][info][gc            ] Trigger: Average GC time (1029.26 ms) is above the time for allocation rate (95789 KB/s) to deplete free headroom (98185K)
[65.104s][info][gc,ergo       ] Free headroom: 183M (free) - 89600K (spike) - 0B (penalties) = 98185K
[65.104s][info][gc,ergo       ] Free: 183M, Max: 512K regular, 108M humongous, Frag: 41% external, 0% internal; Reserve: 89600K, Max: 512K
[65.104s][info][gc,start      ] GC(15) Concurrent reset
[65.104s][info][gc,task       ] GC(15) Using 1 of 1 workers for concurrent reset
[65.104s][info][gc,ergo       ] GC(15) Pacer for Reset. Non-Taxable: 1750M
[65.104s][info][gc            ] GC(15) Concurrent reset 0.401ms
[65.107s][info][gc,start      ] GC(15) Pause Init Mark (process weakrefs)
[65.107s][info][gc,task       ] GC(15) Using 1 of 1 workers for init marking
[65.108s][info][gc,ergo       ] GC(15) Pacer for Mark. Expected Live: 130M, Free: 183M, Non-Taxable: 18778K, Alloc Tax Rate: 0.9x
[65.108s][info][gc            ] GC(15) Pause Init Mark (process weakrefs) 1.533ms
[65.108s][info][gc,start      ] GC(15) Concurrent marking (process weakrefs)
[65.108s][info][gc,task       ] GC(15) Using 1 of 1 workers for concurrent marking
[65.500s][info][gc            ] GC(15) Concurrent marking (process weakrefs) 392.301ms
[65.501s][info][gc,start      ] GC(15) Concurrent precleaning
[65.501s][info][gc,task       ] GC(15) Using 1 of 1 workers for concurrent preclean
[65.501s][info][gc,ergo       ] GC(15) Pacer for Precleaning. Non-Taxable: 1750M
[65.508s][info][gc            ] GC(15) Concurrent precleaning 7.671ms
[65.511s][info][gc,start      ] GC(15) Pause Final Mark (process weakrefs)
[65.511s][info][gc,task       ] GC(15) Using 1 of 1 workers for final marking
[65.511s][info][gc,ergo       ] GC(15) Adaptive CSet Selection. Target Free: 247M, Actual Free: 1143M, Max CSet: 74666K, Min Garbage: 0B
[65.511s][info][gc,ergo       ] GC(15) Collectable Garbage: 1239M (99%), Immediate: 926M (74%), CSet: 312M (25%)
[65.513s][info][gc,ergo       ] GC(15) Pacer for Evacuation. Used CSet: 345M, Free: 1093M, Non-Taxable: 109M, Alloc Tax Rate: 1.1x
[65.514s][info][gc            ] GC(15) Pause Final Mark (process weakrefs) 3.005ms
[65.514s][info][gc,start      ] GC(15) Concurrent cleanup
[65.514s][info][gc            ] GC(15) Concurrent cleanup 1490M->563M(1684M) 0.156ms
[65.514s][info][gc,ergo       ] GC(15) Free: 1093M, Max: 512K regular, 89088K humongous, Frag: 93% external, 0% internal; Reserve: 89473K, Max: 512K
[65.514s][info][gc,start      ] GC(15) Concurrent evacuation
[65.514s][info][gc,task       ] GC(15) Using 1 of 1 workers for concurrent evacuation
[65.630s][info][gc            ] GC(15) Concurrent evacuation 116.284ms
[65.637s][info][gc,start      ] GC(15) Pause Init Update Refs
[65.637s][info][gc,ergo       ] GC(15) Pacer for Update Refs. Used: 612M, Free: 1078M, Non-Taxable: 107M, Alloc Tax Rate: 1.1x
[65.637s][info][gc            ] GC(15) Pause Init Update Refs 0.056ms
[65.637s][info][gc,start      ] GC(15) Concurrent update references
[65.637s][info][gc,task       ] GC(15) Using 1 of 1 workers for concurrent reference update
[66.170s][info][gc            ] GC(15) Concurrent update references 533.285ms
[66.177s][info][gc,start      ] GC(15) Pause Final Update Refs
[66.177s][info][gc,task       ] GC(15) Using 1 of 1 workers for final reference update
[66.177s][info][gc            ] GC(15) Pause Final Update Refs 0.608ms
[66.177s][info][gc,start      ] GC(15) Concurrent cleanup
[66.177s][info][gc            ] GC(15) Concurrent cleanup 779M->433M(1686M) 0.094ms
[66.177s][info][gc,ergo       ] Free: 1224M, Max: 512K regular, 311M humongous, Frag: 75% external, 0% internal; Reserve: 89600K, Max: 512K
[66.177s][info][gc,stats      ] 
[66.177s][info][gc,stats      ] All times are wall-clock times, except per-root-class counters, that are sum over
[66.177s][info][gc,stats      ] all workers. Dividing the <total> over the root stage time estimates parallelism.
[66.178s][info][gc,stats      ] 
[66.178s][info][gc,stats      ] Concurrent Reset                    384 us
[66.178s][info][gc,stats      ] Pause Init Mark (G)                3825 us
[66.178s][info][gc,stats      ] Pause Init Mark (N)                1501 us
[66.178s][info][gc,stats      ]   Accumulate Stats                    9 us
[66.178s][info][gc,stats      ]   Make Parsable                      17 us
[66.178s][info][gc,stats      ]   Update Region States               48 us
[66.178s][info][gc,stats      ]   Scan Roots                       1389 us, parallelism: 0.77x
[66.178s][info][gc,stats      ]     S: <total>                     1075 us
[66.178s][info][gc,stats      ]     S: Thread Roots                 376 us, workers (us): 376, 
[66.178s][info][gc,stats      ]     S: Universe Roots                 2 us, workers (us):   2, 
[66.178s][info][gc,stats      ]     S: JNI Handles Roots              2 us, workers (us):   2, 
[66.178s][info][gc,stats      ]     S: Synchronizer Roots             0 us, workers (us):   0, 
[66.178s][info][gc,stats      ]     S: Management Roots               1 us, workers (us):   1, 
[66.178s][info][gc,stats      ]     S: System Dict Roots             12 us, workers (us):  12, 
[66.178s][info][gc,stats      ]     S: CLDG Roots                   681 us, workers (us): 681, 
[66.178s][info][gc,stats      ]     S: JVMTI Roots                    1 us, workers (us):   1, 
[66.178s][info][gc,stats      ]   Resize TLABs                        6 us
[66.178s][info][gc,stats      ] Concurrent Marking               392292 us
[66.178s][info][gc,stats      ] Concurrent Precleaning             7652 us
[66.178s][info][gc,stats      ] Pause Final Mark (G)               5234 us
[66.178s][info][gc,stats      ] Pause Final Mark (N)               2990 us
[66.178s][info][gc,stats      ]   Finish Queues                      14 us
[66.178s][info][gc,stats      ]   Weak References                   139 us
[66.178s][info][gc,stats      ]     Process                         137 us
[66.178s][info][gc,stats      ]   System Purge                      297 us
[66.178s][info][gc,stats      ]     Weak Roots                      296 us
[66.178s][info][gc,stats      ]   Update Region States               67 us
[66.178s][info][gc,stats      ]   Retire TLABs                       14 us
[66.178s][info][gc,stats      ]   Choose Collection Set             178 us
[66.178s][info][gc,stats      ]   Rebuild Free Set                   13 us
[66.178s][info][gc,stats      ]   Initial Evacuation               2262 us, parallelism: 0.61x
[66.178s][info][gc,stats      ]     E: <total>                     1389 us
[66.178s][info][gc,stats      ]     E: Thread Roots                 297 us, workers (us): 297, 
[66.178s][info][gc,stats      ]     E: Code Cache Roots             410 us, workers (us): 410, 
[66.178s][info][gc,stats      ]     E: Universe Roots                 3 us, workers (us):   3, 
[66.178s][info][gc,stats      ]     E: JNI Handles Roots              1 us, workers (us):   1, 
[66.178s][info][gc,stats      ]     E: Synchronizer Roots             0 us, workers (us):   0, 
[66.178s][info][gc,stats      ]     E: Management Roots               1 us, workers (us):   1, 
[66.178s][info][gc,stats      ]     E: System Dict Roots             11 us, workers (us):  11, 
[66.178s][info][gc,stats      ]     E: CLDG Roots                   665 us, workers (us): 665, 
[66.178s][info][gc,stats      ]     E: JVMTI Roots                    1 us, workers (us):   1, 
[66.178s][info][gc,stats      ] Concurrent Cleanup                  147 us
[66.178s][info][gc,stats      ] Concurrent Evacuation            116272 us
[66.178s][info][gc,stats      ] Pause Init  Update Refs (G)        6531 us
[66.178s][info][gc,stats      ] Pause Init  Update Refs (N)          17 us
[66.178s][info][gc,stats      ]   Retire GCLABs                       9 us
[66.178s][info][gc,stats      ] Concurrent Update Refs           533271 us
[66.178s][info][gc,stats      ] Pause Final Update Refs (G)        7267 us
[66.178s][info][gc,stats      ] Pause Final Update Refs (N)         482 us
[66.178s][info][gc,stats      ]   Update Roots                      386 us, parallelism: 0.97x
[66.178s][info][gc,stats      ]     UR: <total>                     376 us
[66.178s][info][gc,stats      ]     UR: Thread Roots                376 us, workers (us): 376, 
[66.178s][info][gc,stats      ]   Update Region States               61 us
[66.178s][info][gc,stats      ]   Trash Collection Set                7 us
[66.178s][info][gc,stats      ]   Rebuild Free Set                   14 us
[66.178s][info][gc,stats      ] Concurrent Cleanup                   87 us
[66.178s][info][gc,stats      ] Pacing                           272139 us
[66.178s][info][gc,stats      ] 
[66.178s][info][gc,stats      ] Allocation pacing accrued:
[66.178s][info][gc,stats      ]      63 of 13743 ms (  0.5%): main
[66.178s][info][gc,stats      ]      56 of 13743 ms (  0.4%): driver-heartbeater
[66.178s][info][gc,stats      ]     153 of 13743 ms (  1.1%): task-result-getter-0
[66.178s][info][gc,stats      ]     272 of 13743 ms (  2.0%): <total>
[66.178s][info][gc,stats      ]       3 of 13743 ms (  0.0%): <average total>
[66.178s][info][gc,stats      ]      91 of 13743 ms (  0.7%): <average non-zero>
[66.178s][info][gc,stats      ] 
[66.178s][info][gc,metaspace  ] Metaspace: 65810K->66006K(1107968K)
[66.178s][info][gc,ergo       ] Pacer for Idle. Initial: 35840K, Alloc Tax Rate: 1.0x
[66.739s][info][gc            ] Trigger: Explicit GC request (System.gc())
[66.740s][info][gc,ergo       ] Free: 809M, Max: 512K regular, 311M humongous, Frag: 62% external, 0% internal; Reserve: 89600K, Max: 512K
[66.740s][info][gc,start      ] GC(16) Concurrent reset
[66.740s][info][gc,task       ] GC(16) Using 1 of 1 workers for concurrent reset
[66.740s][info][gc,ergo       ] GC(16) Pacer for Reset. Non-Taxable: 1750M
[66.741s][info][gc            ] GC(16) Concurrent reset 1.005ms
[66.741s][info][gc,start      ] GC(16) Pause Init Mark (process weakrefs) (unload classes)
[66.741s][info][gc,task       ] GC(16) Using 1 of 1 workers for init marking
[66.742s][info][gc,ergo       ] GC(16) Pacer for Mark. Expected Live: 164M, Free: 809M, Non-Taxable: 82911K, Alloc Tax Rate: 0.2x
[66.742s][info][gc            ] GC(16) Pause Init Mark (process weakrefs) (unload classes) 0.915ms
[66.742s][info][gc,start      ] GC(16) Concurrent marking (process weakrefs) (unload classes)
[66.742s][info][gc,task       ] GC(16) Using 1 of 1 workers for concurrent marking
[66.927s][info][gc            ] GC(16) Concurrent marking (process weakrefs) (unload classes) 185.597ms
[66.927s][info][gc,start      ] GC(16) Concurrent precleaning
[66.928s][info][gc,task       ] GC(16) Using 1 of 1 workers for concurrent preclean
[66.928s][info][gc,ergo       ] GC(16) Pacer for Precleaning. Non-Taxable: 1750M
[66.928s][info][gc            ] GC(16) Concurrent precleaning 0.369ms
[66.928s][info][gc,start      ] GC(16) Pause Final Mark (process weakrefs) (unload classes)
[66.928s][info][gc,task       ] GC(16) Using 1 of 1 workers for final marking
[66.956s][info][gc,stringtable] GC(16) Cleaned string and symbol table, strings: 19860 processed, 0 removed, symbols: 140005 processed, 110 removed
[66.957s][info][gc,ergo       ] GC(16) Collectable Garbage: 667M (94%), Immediate: 667M (94%), CSet: 0B (0%)
[66.957s][info][gc            ] GC(16) Pause Final Mark (process weakrefs) (unload classes) 28.845ms
[66.957s][info][gc,start      ] GC(16) Concurrent cleanup
[66.957s][info][gc            ] GC(16) Concurrent cleanup 847M->180M(1686M) 0.118ms
[66.957s][info][gc,ergo       ] GC(16) Free: 1480M, Max: 512K regular, 576M humongous, Frag: 62% external, 0% internal; Reserve: 89600K, Max: 512K
[66.957s][info][gc,ergo       ] Free: 1480M, Max: 512K regular, 576M humongous, Frag: 62% external, 0% internal; Reserve: 89600K, Max: 512K
[66.957s][info][gc,stats      ] 
[66.957s][info][gc,stats      ] All times are wall-clock times, except per-root-class counters, that are sum over
[66.957s][info][gc,stats      ] all workers. Dividing the <total> over the root stage time estimates parallelism.
[66.957s][info][gc,stats      ] 
[66.957s][info][gc,stats      ] Concurrent Reset                    987 us
[66.957s][info][gc,stats      ] Pause Init Mark (G)                1166 us
[66.957s][info][gc,stats      ] Pause Init Mark (N)                 904 us
[66.957s][info][gc,stats      ]   Accumulate Stats                   13 us
[66.957s][info][gc,stats      ]   Make Parsable                      23 us
[66.957s][info][gc,stats      ]   Update Region States               34 us
[66.957s][info][gc,stats      ]   Scan Roots                        807 us, parallelism: 0.58x
[66.957s][info][gc,stats      ]     S: <total>                      468 us
[66.957s][info][gc,stats      ]     S: Thread Roots                 334 us, workers (us): 334, 
[66.957s][info][gc,stats      ]     S: Universe Roots                 2 us, workers (us):   2, 
[66.957s][info][gc,stats      ]     S: JNI Handles Roots              2 us, workers (us):   2, 
[66.957s][info][gc,stats      ]     S: Synchronizer Roots             0 us, workers (us):   0, 
[66.957s][info][gc,stats      ]     S: Management Roots               2 us, workers (us):   2, 
[66.957s][info][gc,stats      ]     S: System Dict Roots             11 us, workers (us):  11, 
[66.957s][info][gc,stats      ]     S: CLDG Roots                   117 us, workers (us): 117, 
[66.957s][info][gc,stats      ]     S: JVMTI Roots                    1 us, workers (us):   1, 
[66.957s][info][gc,stats      ]   Resize TLABs                        4 us
[66.957s][info][gc,stats      ] Concurrent Marking               185588 us
[66.957s][info][gc,stats      ] Concurrent Precleaning              361 us
[66.957s][info][gc,stats      ] Pause Final Mark (G)              28989 us
[66.957s][info][gc,stats      ] Pause Final Mark (N)              28834 us
[66.957s][info][gc,stats      ]   Finish Queues                      69 us
[66.957s][info][gc,stats      ]   Weak References                   108 us
[66.957s][info][gc,stats      ]     Process                         106 us
[66.957s][info][gc,stats      ]   System Purge                      309 us
[66.957s][info][gc,stats      ]     Unload Classes                 1309 us
[66.957s][info][gc,stats      ]     Cleanup                       26578 us, parallelism: 1.00x
[66.957s][info][gc,stats      ]       CU: <total>                 26472 us
[66.957s][info][gc,stats      ]       CU: Code Cache Roots        10142 us, workers (us): 10142, 
[66.957s][info][gc,stats      ]       CU: Code Cache Cleaning      1902 us, workers (us): 1902, 
[66.957s][info][gc,stats      ]       CU: String Table Roots       7448 us, workers (us): 7448, 
[66.957s][info][gc,stats      ]       CU: Resolved Table Roots      181 us, workers (us): 181, 
[66.957s][info][gc,stats      ]       CU: CLDG Roots               6797 us, workers (us): 6797, 
[66.957s][info][gc,stats      ]     Weak Roots                      309 us
[66.957s][info][gc,stats      ]     CLDG                            313 us
[66.957s][info][gc,stats      ]   Update Region States               61 us
[66.957s][info][gc,stats      ]   Retire TLABs                       29 us
[66.957s][info][gc,stats      ]   Choose Collection Set              37 us
[66.957s][info][gc,stats      ]   Rebuild Free Set                   12 us
[66.957s][info][gc,stats      ] Concurrent Cleanup                  108 us
[66.957s][info][gc,stats      ] 
[66.957s][info][gc,stats      ] Allocation pacing accrued:
[66.957s][info][gc,stats      ]       0 of   779 ms (  0.0%): <total>
[66.957s][info][gc,stats      ]       0 of   779 ms (  0.0%): <average total>
[66.957s][info][gc,stats      ] 
[66.957s][info][gc,metaspace  ] Metaspace: 66136K->65578K(1107968K)
[66.957s][info][gc,ergo       ] Pacer for Idle. Initial: 35840K, Alloc Tax Rate: 1.0x
[66.957s][info][gc,start      ] Concurrent uncommit
[67.064s][info][gc            ] Concurrent uncommit 180M->180M(183M) 106.855ms
[68.488s][info][gc            ] Trigger: Learning 2 of 5. Free (1220M) is below initial threshold (1225M)
[68.488s][info][gc,ergo       ] Free: 1220M, Max: 512K regular, 576M humongous, Frag: 53% external, 0% internal; Reserve: 89600K, Max: 512K
[68.488s][info][gc,start      ] GC(17) Concurrent reset
[68.488s][info][gc,task       ] GC(17) Using 1 of 1 workers for concurrent reset
[68.488s][info][gc,ergo       ] GC(17) Pacer for Reset. Non-Taxable: 1750M
[68.488s][info][gc            ] GC(17) Concurrent reset 0.351ms
[68.491s][info][gc,start      ] GC(17) Pause Init Mark
[68.491s][info][gc,task       ] GC(17) Using 1 of 1 workers for init marking
[68.495s][info][gc,ergo       ] GC(17) Pacer for Mark. Expected Live: 172M, Free: 1220M, Non-Taxable: 122M, Alloc Tax Rate: 0.2x
[68.495s][info][gc            ] GC(17) Pause Init Mark 3.503ms
[68.495s][info][gc,start      ] GC(17) Concurrent marking
[68.495s][info][gc,task       ] GC(17) Using 1 of 1 workers for concurrent marking
[69.067s][info][gc            ] GC(17) Concurrent marking 571.750ms
[69.067s][info][gc,start      ] GC(17) Pause Final Mark
[69.067s][info][gc,task       ] GC(17) Using 1 of 1 workers for final marking
[69.067s][info][gc,ergo       ] GC(17) Adaptive CSet Selection. Target Free: 247M, Actual Free: 1246M, Max CSet: 74666K, Min Garbage: 0B
[69.067s][info][gc,ergo       ] GC(17) Collectable Garbage: 247M (99%), Immediate: 17467K (6%), CSet: 230M (92%)
[69.071s][info][gc,ergo       ] GC(17) Pacer for Evacuation. Used CSet: 269M, Free: 1162M, Non-Taxable: 116M, Alloc Tax Rate: 1.1x
[69.071s][info][gc            ] GC(17) Pause Final Mark 4.050ms
[69.073s][info][gc,start      ] GC(17) Concurrent cleanup
[69.073s][info][gc            ] GC(17) Concurrent cleanup 514M->498M(522M) 0.095ms
[69.073s][info][gc,ergo       ] GC(17) Free: 1161M, Max: 512K regular, 576M humongous, Frag: 51% external, 0% internal; Reserve: 88961K, Max: 512K
[69.073s][info][gc,start      ] GC(17) Concurrent evacuation
[69.073s][info][gc,task       ] GC(17) Using 1 of 1 workers for concurrent evacuation
[69.182s][info][gc            ] GC(17) Concurrent evacuation 109.326ms
[69.185s][info][gc,start      ] GC(17) Pause Init Update Refs
[69.185s][info][gc,ergo       ] GC(17) Pacer for Update Refs. Used: 552M, Free: 1146M, Non-Taxable: 114M, Alloc Tax Rate: 1.1x
[69.185s][info][gc            ] GC(17) Pause Init Update Refs 0.032ms
[69.185s][info][gc,start      ] GC(17) Concurrent update references
[69.185s][info][gc,task       ] GC(17) Using 1 of 1 workers for concurrent reference update
[69.606s][info][gc            ] GC(17) Concurrent update references 421.059ms
[69.609s][info][gc,start      ] GC(17) Pause Final Update Refs
[69.609s][info][gc,task       ] GC(17) Using 1 of 1 workers for final reference update
[69.609s][info][gc            ] GC(17) Pause Final Update Refs 0.487ms
[69.609s][info][gc,start      ] GC(17) Concurrent cleanup
[69.610s][info][gc            ] GC(17) Concurrent cleanup 616M->347M(620M) 0.103ms
[69.610s][info][gc,ergo       ] Free: 1312M, Max: 512K regular, 657M humongous, Frag: 50% external, 0% internal; Reserve: 89600K, Max: 512K
[69.610s][info][gc,stats      ] 
[69.610s][info][gc,stats      ] All times are wall-clock times, except per-root-class counters, that are sum over
[69.610s][info][gc,stats      ] all workers. Dividing the <total> over the root stage time estimates parallelism.
[69.610s][info][gc,stats      ] 
[69.610s][info][gc,stats      ] Concurrent Reset                    321 us
[69.610s][info][gc,stats      ] Pause Init Mark (G)                6503 us
[69.610s][info][gc,stats      ] Pause Init Mark (N)                3426 us
[69.610s][info][gc,stats      ]   Accumulate Stats                   23 us
[69.610s][info][gc,stats      ]   Make Parsable                      34 us
[69.610s][info][gc,stats      ]   Update Region States              169 us
[69.610s][info][gc,stats      ]   Scan Roots                       3101 us, parallelism: 0.85x
[69.610s][info][gc,stats      ]     S: <total>                     2630 us
[69.610s][info][gc,stats      ]     S: Thread Roots                1095 us, workers (us): 1095, 
[69.610s][info][gc,stats      ]     S: Universe Roots                 4 us, workers (us):   4, 
[69.610s][info][gc,stats      ]     S: JNI Handles Roots              3 us, workers (us):   3, 
[69.610s][info][gc,stats      ]     S: Synchronizer Roots             0 us, workers (us):   0, 
[69.610s][info][gc,stats      ]     S: Management Roots               3 us, workers (us):   3, 
[69.610s][info][gc,stats      ]     S: System Dict Roots             21 us, workers (us):  21, 
[69.610s][info][gc,stats      ]     S: CLDG Roots                  1502 us, workers (us): 1502, 
[69.610s][info][gc,stats      ]     S: JVMTI Roots                    1 us, workers (us):   1, 
[69.610s][info][gc,stats      ]   Resize TLABs                       25 us
[69.610s][info][gc,stats      ] Concurrent Marking               571730 us
[69.610s][info][gc,stats      ] Pause Final Mark (G)               6214 us
[69.610s][info][gc,stats      ] Pause Final Mark (N)               4032 us
[69.610s][info][gc,stats      ]   Finish Queues                      18 us
[69.610s][info][gc,stats      ]   System Purge                      323 us
[69.610s][info][gc,stats      ]     Weak Roots                      322 us
[69.610s][info][gc,stats      ]   Update Region States               56 us
[69.610s][info][gc,stats      ]   Retire TLABs                       20 us
[69.610s][info][gc,stats      ]   Choose Collection Set             122 us
[69.610s][info][gc,stats      ]   Rebuild Free Set                   12 us
[69.610s][info][gc,stats      ]   Initial Evacuation               3472 us, parallelism: 0.68x
[69.610s][info][gc,stats      ]     E: <total>                     2376 us
[69.610s][info][gc,stats      ]     E: Thread Roots                 459 us, workers (us): 459, 
[69.610s][info][gc,stats      ]     E: Code Cache Roots             934 us, workers (us): 934, 
[69.610s][info][gc,stats      ]     E: Universe Roots                 1 us, workers (us):   1, 
[69.610s][info][gc,stats      ]     E: JNI Handles Roots              1 us, workers (us):   1, 
[69.610s][info][gc,stats      ]     E: Synchronizer Roots             0 us, workers (us):   0, 
[69.610s][info][gc,stats      ]     E: Management Roots               1 us, workers (us):   1, 
[69.610s][info][gc,stats      ]     E: System Dict Roots             41 us, workers (us):  41, 
[69.610s][info][gc,stats      ]     E: CLDG Roots                   937 us, workers (us): 937, 
[69.610s][info][gc,stats      ]     E: JVMTI Roots                    0 us, workers (us):   0, 
[69.610s][info][gc,stats      ] Concurrent Cleanup                   61 us
[69.610s][info][gc,stats      ] Concurrent Evacuation            109315 us
[69.610s][info][gc,stats      ] Pause Init  Update Refs (G)        2684 us
[69.610s][info][gc,stats      ] Pause Init  Update Refs (N)          14 us
[69.610s][info][gc,stats      ]   Retire GCLABs                       7 us
[69.610s][info][gc,stats      ] Concurrent Update Refs           421045 us
[69.610s][info][gc,stats      ] Pause Final Update Refs (G)        3173 us
[69.610s][info][gc,stats      ] Pause Final Update Refs (N)         437 us
[69.610s][info][gc,stats      ]   Update Roots                      349 us, parallelism: 0.98x
[69.610s][info][gc,stats      ]     UR: <total>                     342 us
[69.610s][info][gc,stats      ]     UR: Thread Roots                342 us, workers (us): 342, 
[69.610s][info][gc,stats      ]   Update Region States               58 us
[69.610s][info][gc,stats      ]   Trash Collection Set                4 us
[69.610s][info][gc,stats      ]   Rebuild Free Set                   12 us
[69.610s][info][gc,stats      ] Concurrent Cleanup                   94 us
[69.610s][info][gc,stats      ] 
[69.610s][info][gc,stats      ] Allocation pacing accrued:
[69.610s][info][gc,stats      ]       0 of  2653 ms (  0.0%): <total>
[69.610s][info][gc,stats      ]       0 of  2653 ms (  0.0%): <average total>
[69.610s][info][gc,stats      ] 
[69.610s][info][gc,metaspace  ] Metaspace: 66090K->66090K(1107968K)
[69.610s][info][gc,ergo       ] Pacer for Idle. Initial: 35840K, Alloc Tax Rate: 1.0x
[69.846s][info][gc            ] Trigger: Learning 3 of 5. Free (1224M) is below initial threshold (1225M)
[69.846s][info][gc,ergo       ] Free: 1224M, Max: 512K regular, 657M humongous, Frag: 47% external, 0% internal; Reserve: 89600K, Max: 512K
[69.846s][info][gc,start      ] GC(18) Concurrent reset
[69.846s][info][gc,task       ] GC(18) Using 1 of 1 workers for concurrent reset
[69.846s][info][gc,ergo       ] GC(18) Pacer for Reset. Non-Taxable: 1750M
[69.847s][info][gc            ] GC(18) Concurrent reset 0.848ms
[69.850s][info][gc,start      ] GC(18) Pause Init Mark
[69.850s][info][gc,task       ] GC(18) Using 1 of 1 workers for init marking
[69.851s][info][gc,ergo       ] GC(18) Pacer for Mark. Expected Live: 168M, Free: 1224M, Non-Taxable: 122M, Alloc Tax Rate: 0.2x
[69.851s][info][gc            ] GC(18) Pause Init Mark 1.491ms
[69.851s][info][gc,start      ] GC(18) Concurrent marking
[69.851s][info][gc,task       ] GC(18) Using 1 of 1 workers for concurrent marking
[70.536s][info][gc            ] GC(18) Concurrent marking 685.241ms
[70.537s][info][gc,start      ] GC(18) Pause Final Mark
[70.537s][info][gc,task       ] GC(18) Using 1 of 1 workers for final marking
[70.537s][info][gc,ergo       ] GC(18) Adaptive CSet Selection. Target Free: 247M, Actual Free: 1211M, Max CSet: 74666K, Min Garbage: 0B
[70.537s][info][gc,ergo       ] GC(18) Collectable Garbage: 237M (98%), Immediate: 2048K (0%), CSet: 235M (97%)
[70.539s][info][gc,ergo       ] GC(18) Pacer for Evacuation. Used CSet: 251M, Free: 1124M, Non-Taxable: 112M, Alloc Tax Rate: 1.1x
[70.539s][info][gc            ] GC(18) Pause Final Mark 2.514ms
[70.539s][info][gc,start      ] GC(18) Concurrent cleanup
[70.539s][info][gc            ] GC(18) Concurrent cleanup 537M->535M(620M) 0.068ms
[70.539s][info][gc,ergo       ] GC(18) Free: 1124M, Max: 512K regular, 657M humongous, Frag: 42% external, 0% internal; Reserve: 89600K, Max: 512K
[70.539s][info][gc,start      ] GC(18) Concurrent evacuation
[70.539s][info][gc,task       ] GC(18) Using 1 of 1 workers for concurrent evacuation
[70.590s][info][gc            ] GC(18) Concurrent evacuation 50.844ms
[70.593s][info][gc,start      ] GC(18) Pause Init Update Refs
[70.593s][info][gc,ergo       ] GC(18) Pacer for Update Refs. Used: 551M, Free: 1123M, Non-Taxable: 112M, Alloc Tax Rate: 1.1x
[70.593s][info][gc            ] GC(18) Pause Init Update Refs 0.032ms
[70.593s][info][gc,start      ] GC(18) Concurrent update references
[70.593s][info][gc,task       ] GC(18) Using 1 of 1 workers for concurrent reference update
[71.106s][info][gc            ] GC(18) Concurrent update references 513.243ms
[71.111s][info][gc,start      ] GC(18) Pause Final Update Refs
[71.112s][info][gc,task       ] GC(18) Using 1 of 1 workers for final reference update
[71.113s][info][gc            ] GC(18) Pause Final Update Refs 1.148ms
[71.113s][info][gc,start      ] GC(18) Concurrent cleanup
[71.113s][info][gc            ] GC(18) Concurrent cleanup 553M->302M(623M) 0.209ms
[71.113s][info][gc,ergo       ] Free: 1355M, Max: 512K regular, 657M humongous, Frag: 52% external, 0% internal; Reserve: 89600K, Max: 512K
[71.113s][info][gc,stats      ] 
[71.113s][info][gc,stats      ] All times are wall-clock times, except per-root-class counters, that are sum over
[71.113s][info][gc,stats      ] all workers. Dividing the <total> over the root stage time estimates parallelism.
[71.113s][info][gc,stats      ] 
[71.113s][info][gc,stats      ] Concurrent Reset                    834 us
[71.113s][info][gc,stats      ] Pause Init Mark (G)                4109 us
[71.113s][info][gc,stats      ] Pause Init Mark (N)                1465 us
[71.113s][info][gc,stats      ]   Accumulate Stats                   15 us
[71.113s][info][gc,stats      ]   Make Parsable                      11 us
[71.113s][info][gc,stats      ]   Update Region States               48 us
[71.113s][info][gc,stats      ]   Scan Roots                       1350 us, parallelism: 0.77x
[71.113s][info][gc,stats      ]     S: <total>                     1034 us
[71.113s][info][gc,stats      ]     S: Thread Roots                 403 us, workers (us): 403, 
[71.113s][info][gc,stats      ]     S: Universe Roots                 2 us, workers (us):   2, 
[71.113s][info][gc,stats      ]     S: JNI Handles Roots              2 us, workers (us):   2, 
[71.113s][info][gc,stats      ]     S: Synchronizer Roots             0 us, workers (us):   0, 
[71.113s][info][gc,stats      ]     S: Management Roots               2 us, workers (us):   2, 
[71.113s][info][gc,stats      ]     S: System Dict Roots             22 us, workers (us):  22, 
[71.113s][info][gc,stats      ]     S: CLDG Roots                   601 us, workers (us): 601, 
[71.113s][info][gc,stats      ]     S: JVMTI Roots                    1 us, workers (us):   1, 
[71.113s][info][gc,stats      ]   Resize TLABs                       10 us
[71.113s][info][gc,stats      ] Concurrent Marking               685233 us
[71.113s][info][gc,stats      ] Pause Final Mark (G)               2646 us
[71.113s][info][gc,stats      ] Pause Final Mark (N)               2479 us
[71.113s][info][gc,stats      ]   Finish Queues                      20 us
[71.113s][info][gc,stats      ]   System Purge                      289 us
[71.113s][info][gc,stats      ]     Weak Roots                      289 us
[71.113s][info][gc,stats      ]   Update Region States               60 us
[71.113s][info][gc,stats      ]   Retire TLABs                       17 us
[71.113s][info][gc,stats      ]   Choose Collection Set             120 us
[71.113s][info][gc,stats      ]   Rebuild Free Set                   12 us
[71.113s][info][gc,stats      ]   Initial Evacuation               1948 us, parallelism: 0.64x
[71.113s][info][gc,stats      ]     E: <total>                     1251 us
[71.113s][info][gc,stats      ]     E: Thread Roots                 419 us, workers (us): 419, 
[71.113s][info][gc,stats      ]     E: Code Cache Roots             297 us, workers (us): 297, 
[71.113s][info][gc,stats      ]     E: Universe Roots                 1 us, workers (us):   1, 
[71.113s][info][gc,stats      ]     E: JNI Handles Roots              1 us, workers (us):   1, 
[71.113s][info][gc,stats      ]     E: Synchronizer Roots             0 us, workers (us):   0, 
[71.113s][info][gc,stats      ]     E: Management Roots               2 us, workers (us):   2, 
[71.113s][info][gc,stats      ]     E: System Dict Roots              9 us, workers (us):   9, 
[71.113s][info][gc,stats      ]     E: CLDG Roots                   521 us, workers (us): 521, 
[71.113s][info][gc,stats      ]     E: JVMTI Roots                    0 us, workers (us):   0, 
[71.113s][info][gc,stats      ] Concurrent Cleanup                   60 us
[71.113s][info][gc,stats      ] Concurrent Evacuation             50830 us
[71.113s][info][gc,stats      ] Pause Init  Update Refs (G)        2653 us
[71.113s][info][gc,stats      ] Pause Init  Update Refs (N)          15 us
[71.113s][info][gc,stats      ]   Retire GCLABs                       8 us
[71.113s][info][gc,stats      ] Concurrent Update Refs           513226 us
[71.113s][info][gc,stats      ] Pause Final Update Refs (G)        6181 us
[71.113s][info][gc,stats      ] Pause Final Update Refs (N)         958 us
[71.113s][info][gc,stats      ]   Update Roots                      693 us, parallelism: 0.97x
[71.113s][info][gc,stats      ]     UR: <total>                     675 us
[71.113s][info][gc,stats      ]     UR: Thread Roots                675 us, workers (us): 675, 
[71.113s][info][gc,stats      ]   Update Region States               98 us
[71.113s][info][gc,stats      ]   Trash Collection Set                9 us
[71.113s][info][gc,stats      ]   Rebuild Free Set                  119 us
[71.113s][info][gc,stats      ] Concurrent Cleanup                  192 us
[71.113s][info][gc,stats      ] 
[71.113s][info][gc,stats      ] Allocation pacing accrued:
[71.113s][info][gc,stats      ]       0 of  1504 ms (  0.0%): <total>
[71.113s][info][gc,stats      ]       0 of  1504 ms (  0.0%): <average total>
[71.113s][info][gc,stats      ] 
[71.113s][info][gc,metaspace  ] Metaspace: 66090K->66090K(1107968K)
[71.113s][info][gc,ergo       ] Pacer for Idle. Initial: 35840K, Alloc Tax Rate: 1.0x
[71.778s][info][gc            ] Trigger: Learning 4 of 5. Free (1224M) is below initial threshold (1225M)
[71.778s][info][gc,ergo       ] Free: 1224M, Max: 512K regular, 657M humongous, Frag: 47% external, 0% internal; Reserve: 89600K, Max: 512K
[71.778s][info][gc,start      ] GC(19) Concurrent reset
[71.778s][info][gc,task       ] GC(19) Using 1 of 1 workers for concurrent reset
[71.778s][info][gc,ergo       ] GC(19) Pacer for Reset. Non-Taxable: 1750M
[71.779s][info][gc            ] GC(19) Concurrent reset 0.695ms
[71.782s][info][gc,start      ] GC(19) Pause Init Mark
[71.782s][info][gc,task       ] GC(19) Using 1 of 1 workers for init marking
[71.783s][info][gc,ergo       ] GC(19) Pacer for Mark. Expected Live: 173M, Free: 1224M, Non-Taxable: 122M, Alloc Tax Rate: 0.2x
[71.783s][info][gc            ] GC(19) Pause Init Mark 1.446ms
[71.783s][info][gc,start      ] GC(19) Concurrent marking
[71.783s][info][gc,task       ] GC(19) Using 1 of 1 workers for concurrent marking
[72.223s][info][gc            ] GC(19) Concurrent marking 440.305ms
[72.224s][info][gc,start      ] GC(19) Pause Final Mark
[72.224s][info][gc,task       ] GC(19) Using 1 of 1 workers for final marking
[72.224s][info][gc,ergo       ] GC(19) Adaptive CSet Selection. Target Free: 247M, Actual Free: 1405M, Max CSet: 74666K, Min Garbage: 0B
[72.224s][info][gc,ergo       ] GC(19) Collectable Garbage: 256M (99%), Immediate: 174M (67%), CSet: 83818K (31%)
[72.226s][info][gc,ergo       ] GC(19) Pacer for Evacuation. Used CSet: 109M, Free: 1322M, Non-Taxable: 132M, Alloc Tax Rate: 1.1x
[72.226s][info][gc            ] GC(19) Pause Final Mark 2.506ms
[72.226s][info][gc,start      ] GC(19) Concurrent cleanup
[72.226s][info][gc            ] GC(19) Concurrent cleanup 511M->337M(623M) 0.084ms
[72.226s][info][gc,ergo       ] GC(19) Free: 1322M, Max: 512K regular, 657M humongous, Frag: 51% external, 0% internal; Reserve: 89593K, Max: 512K
[72.226s][info][gc,start      ] GC(19) Concurrent evacuation
[72.226s][info][gc,task       ] GC(19) Using 1 of 1 workers for concurrent evacuation
[72.287s][info][gc            ] GC(19) Concurrent evacuation 61.159ms
[72.290s][info][gc,start      ] GC(19) Pause Init Update Refs
[72.290s][info][gc,ergo       ] GC(19) Pacer for Update Refs. Used: 374M, Free: 1313M, Non-Taxable: 131M, Alloc Tax Rate: 1.1x
[72.290s][info][gc            ] GC(19) Pause Init Update Refs 0.041ms
[72.290s][info][gc,start      ] GC(19) Concurrent update references
[72.290s][info][gc,task       ] GC(19) Using 1 of 1 workers for concurrent reference update
[72.639s][info][gc            ] GC(19) Concurrent update references 349.120ms
[72.642s][info][gc,start      ] GC(19) Pause Final Update Refs
[72.642s][info][gc,task       ] GC(19) Using 1 of 1 workers for final reference update
[72.643s][info][gc            ] GC(19) Pause Final Update Refs 0.523ms
[72.643s][info][gc,start      ] GC(19) Concurrent cleanup
[72.643s][info][gc            ] GC(19) Concurrent cleanup 430M->321M(623M) 0.074ms
[72.643s][info][gc,ergo       ] Free: 1338M, Max: 512K regular, 657M humongous, Frag: 51% external, 0% internal; Reserve: 89600K, Max: 512K
[72.643s][info][gc,stats      ] 
[72.643s][info][gc,stats      ] All times are wall-clock times, except per-root-class counters, that are sum over
[72.643s][info][gc,stats      ] all workers. Dividing the <total> over the root stage time estimates parallelism.
[72.643s][info][gc,stats      ] 
[72.643s][info][gc,stats      ] Concurrent Reset                    678 us
[72.643s][info][gc,stats      ] Pause Init Mark (G)                4122 us
[72.643s][info][gc,stats      ] Pause Init Mark (N)                1426 us
[72.643s][info][gc,stats      ]   Accumulate Stats                   15 us
[72.643s][info][gc,stats      ]   Make Parsable                      15 us
[72.643s][info][gc,stats      ]   Update Region States               39 us
[72.643s][info][gc,stats      ]   Scan Roots                       1324 us, parallelism: 0.76x
[72.643s][info][gc,stats      ]     S: <total>                     1004 us
[72.643s][info][gc,stats      ]     S: Thread Roots                 392 us, workers (us): 392, 
[72.643s][info][gc,stats      ]     S: Universe Roots                 2 us, workers (us):   2, 
[72.643s][info][gc,stats      ]     S: JNI Handles Roots              1 us, workers (us):   1, 
[72.643s][info][gc,stats      ]     S: Synchronizer Roots             0 us, workers (us):   0, 
[72.643s][info][gc,stats      ]     S: Management Roots               2 us, workers (us):   2, 
[72.643s][info][gc,stats      ]     S: System Dict Roots             11 us, workers (us):  11, 
[72.643s][info][gc,stats      ]     S: CLDG Roots                   595 us, workers (us): 595, 
[72.643s][info][gc,stats      ]     S: JVMTI Roots                    1 us, workers (us):   1, 
[72.643s][info][gc,stats      ]   Resize TLABs                        8 us
[72.643s][info][gc,stats      ] Concurrent Marking               440296 us
[72.643s][info][gc,stats      ] Pause Final Mark (G)               2659 us
[72.643s][info][gc,stats      ] Pause Final Mark (N)               2475 us
[72.643s][info][gc,stats      ]   Finish Queues                      21 us
[72.643s][info][gc,stats      ]   System Purge                      274 us
[72.643s][info][gc,stats      ]     Weak Roots                      274 us
[72.643s][info][gc,stats      ]   Update Region States               58 us
[72.643s][info][gc,stats      ]   Retire TLABs                       13 us
[72.643s][info][gc,stats      ]   Choose Collection Set              82 us
[72.643s][info][gc,stats      ]   Rebuild Free Set                   12 us
[72.643s][info][gc,stats      ]   Initial Evacuation               2006 us, parallelism: 0.63x
[72.643s][info][gc,stats      ]     E: <total>                     1256 us
[72.643s][info][gc,stats      ]     E: Thread Roots                 404 us, workers (us): 404, 
[72.643s][info][gc,stats      ]     E: Code Cache Roots             308 us, workers (us): 308, 
[72.643s][info][gc,stats      ]     E: Universe Roots                 1 us, workers (us):   1, 
[72.643s][info][gc,stats      ]     E: JNI Handles Roots              1 us, workers (us):   1, 
[72.643s][info][gc,stats      ]     E: Synchronizer Roots             0 us, workers (us):   0, 
[72.643s][info][gc,stats      ]     E: Management Roots               1 us, workers (us):   1, 
[72.643s][info][gc,stats      ]     E: System Dict Roots             11 us, workers (us):  11, 
[72.643s][info][gc,stats      ]     E: CLDG Roots                   529 us, workers (us): 529, 
[72.643s][info][gc,stats      ]     E: JVMTI Roots                    0 us, workers (us):   0, 
[72.643s][info][gc,stats      ] Concurrent Cleanup                   75 us
[72.643s][info][gc,stats      ] Concurrent Evacuation             61146 us
[72.643s][info][gc,stats      ] Pause Init  Update Refs (G)        2904 us
[72.643s][info][gc,stats      ] Pause Init  Update Refs (N)          15 us
[72.643s][info][gc,stats      ]   Retire GCLABs                       8 us
[72.643s][info][gc,stats      ] Concurrent Update Refs           349104 us
[72.643s][info][gc,stats      ] Pause Final Update Refs (G)        3280 us
[72.643s][info][gc,stats      ] Pause Final Update Refs (N)         464 us
[72.643s][info][gc,stats      ]   Update Roots                      367 us, parallelism: 0.98x
[72.643s][info][gc,stats      ]     UR: <total>                     358 us
[72.643s][info][gc,stats      ]     UR: Thread Roots                358 us, workers (us): 358, 
[72.643s][info][gc,stats      ]   Update Region States               67 us
[72.643s][info][gc,stats      ]   Trash Collection Set                3 us
[72.643s][info][gc,stats      ]   Rebuild Free Set                   12 us
[72.643s][info][gc,stats      ] Concurrent Cleanup                   66 us
[72.643s][info][gc,stats      ] 
[72.643s][info][gc,stats      ] Allocation pacing accrued:
[72.643s][info][gc,stats      ]       0 of  1530 ms (  0.0%): <total>
[72.643s][info][gc,stats      ]       0 of  1530 ms (  0.0%): <average total>
[72.643s][info][gc,stats      ] 
[72.643s][info][gc,metaspace  ] Metaspace: 66116K->66116K(1107968K)
[72.643s][info][gc,ergo       ] Pacer for Idle. Initial: 35840K, Alloc Tax Rate: 1.0x
[72.922s][info][gc            ] Trigger: Learning 5 of 5. Free (1224M) is below initial threshold (1225M)
[72.922s][info][gc,ergo       ] Free: 1224M, Max: 512K regular, 657M humongous, Frag: 47% external, 0% internal; Reserve: 89600K, Max: 512K
[72.922s][info][gc,start      ] GC(20) Concurrent reset
[72.922s][info][gc,task       ] GC(20) Using 1 of 1 workers for concurrent reset
[72.922s][info][gc,ergo       ] GC(20) Pacer for Reset. Non-Taxable: 1750M
[72.923s][info][gc            ] GC(20) Concurrent reset 0.387ms
[72.925s][info][gc,start      ] GC(20) Pause Init Mark (process weakrefs)
[72.926s][info][gc,task       ] GC(20) Using 1 of 1 workers for init marking
[72.927s][info][gc,ergo       ] GC(20) Pacer for Mark. Expected Live: 177M, Free: 1224M, Non-Taxable: 122M, Alloc Tax Rate: 0.2x
[72.927s][info][gc            ] GC(20) Pause Init Mark (process weakrefs) 1.510ms
[72.927s][info][gc,start      ] GC(20) Concurrent marking (process weakrefs)
[72.927s][info][gc,task       ] GC(20) Using 1 of 1 workers for concurrent marking
[73.579s][info][gc            ] GC(20) Concurrent marking (process weakrefs) 652.195ms
[73.579s][info][gc,start      ] GC(20) Concurrent precleaning
[73.579s][info][gc,task       ] GC(20) Using 1 of 1 workers for concurrent preclean
[73.579s][info][gc,ergo       ] GC(20) Pacer for Precleaning. Non-Taxable: 1750M
[73.585s][info][gc            ] GC(20) Concurrent precleaning 5.640ms
[73.588s][info][gc,start      ] GC(20) Pause Final Mark (process weakrefs)
[73.588s][info][gc,task       ] GC(20) Using 1 of 1 workers for final marking
[73.589s][info][gc,ergo       ] GC(20) Adaptive CSet Selection. Target Free: 247M, Actual Free: 1206M, Max CSet: 74666K, Min Garbage: 0B
[73.589s][info][gc,ergo       ] GC(20) Collectable Garbage: 241M (98%), Immediate: 3072K (1%), CSet: 238M (97%)
[73.593s][info][gc,ergo       ] GC(20) Pacer for Evacuation. Used CSet: 256M, Free: 1120M, Non-Taxable: 112M, Alloc Tax Rate: 1.1x
[73.593s][info][gc            ] GC(20) Pause Final Mark (process weakrefs) 5.450ms
[73.594s][info][gc,start      ] GC(20) Concurrent cleanup
[73.594s][info][gc            ] GC(20) Concurrent cleanup 542M->539M(623M) 0.195ms
[73.594s][info][gc,ergo       ] GC(20) Free: 1120M, Max: 512K regular, 657M humongous, Frag: 42% external, 0% internal; Reserve: 89600K, Max: 512K
[73.594s][info][gc,start      ] GC(20) Concurrent evacuation
[73.594s][info][gc,task       ] GC(20) Using 1 of 1 workers for concurrent evacuation
[73.658s][info][gc            ] GC(20) Concurrent evacuation 63.930ms
[73.660s][info][gc,start      ] GC(20) Pause Init Update Refs
[73.660s][info][gc,ergo       ] GC(20) Pacer for Update Refs. Used: 558M, Free: 1119M, Non-Taxable: 111M, Alloc Tax Rate: 1.1x
[73.660s][info][gc            ] GC(20) Pause Init Update Refs 0.027ms
[73.660s][info][gc,start      ] GC(20) Concurrent update references
[73.660s][info][gc,task       ] GC(20) Using 1 of 1 workers for concurrent reference update
[74.128s][info][gc            ] GC(20) Concurrent update references 467.047ms
[74.130s][info][gc,start      ] GC(20) Pause Final Update Refs
[74.130s][info][gc,task       ] GC(20) Using 1 of 1 workers for final reference update
[74.131s][info][gc            ] GC(20) Pause Final Update Refs 0.516ms
[74.131s][info][gc,start      ] GC(20) Concurrent cleanup
[74.131s][info][gc            ] GC(20) Concurrent cleanup 618M->362M(635M) 0.088ms
[74.131s][info][gc,ergo       ] Free: 1297M, Max: 512K regular, 657M humongous, Frag: 50% external, 0% internal; Reserve: 89600K, Max: 512K
[74.131s][info][gc,stats      ] 
[74.131s][info][gc,stats      ] All times are wall-clock times, except per-root-class counters, that are sum over
[74.131s][info][gc,stats      ] all workers. Dividing the <total> over the root stage time estimates parallelism.
[74.131s][info][gc,stats      ] 
[74.131s][info][gc,stats      ] Concurrent Reset                    377 us
[74.131s][info][gc,stats      ] Pause Init Mark (G)                4318 us
[74.131s][info][gc,stats      ] Pause Init Mark (N)                1472 us
[74.131s][info][gc,stats      ]   Accumulate Stats                   14 us
[74.131s][info][gc,stats      ]   Make Parsable                      10 us
[74.131s][info][gc,stats      ]   Update Region States               55 us
[74.131s][info][gc,stats      ]   Scan Roots                       1342 us, parallelism: 0.77x
[74.131s][info][gc,stats      ]     S: <total>                     1037 us
[74.131s][info][gc,stats      ]     S: Thread Roots                 394 us, workers (us): 394, 
[74.131s][info][gc,stats      ]     S: Universe Roots                 2 us, workers (us):   2, 
[74.131s][info][gc,stats      ]     S: JNI Handles Roots              2 us, workers (us):   2, 
[74.131s][info][gc,stats      ]     S: Synchronizer Roots             0 us, workers (us):   0, 
[74.131s][info][gc,stats      ]     S: Management Roots               1 us, workers (us):   1, 
[74.131s][info][gc,stats      ]     S: System Dict Roots             13 us, workers (us):  13, 
[74.131s][info][gc,stats      ]     S: CLDG Roots                   625 us, workers (us): 625, 
[74.131s][info][gc,stats      ]     S: JVMTI Roots                    1 us, workers (us):   1, 
[74.131s][info][gc,stats      ]   Resize TLABs                       10 us
[74.131s][info][gc,stats      ] Concurrent Marking               652185 us
[74.131s][info][gc,stats      ] Concurrent Precleaning             5607 us
[74.131s][info][gc,stats      ] Pause Final Mark (G)               8454 us
[74.131s][info][gc,stats      ] Pause Final Mark (N)               5379 us
[74.131s][info][gc,stats      ]   Finish Queues                      45 us
[74.131s][info][gc,stats      ]   Weak References                    67 us
[74.131s][info][gc,stats      ]     Process                          62 us
[74.131s][info][gc,stats      ]   System Purge                      719 us
[74.131s][info][gc,stats      ]     Weak Roots                      718 us
[74.131s][info][gc,stats      ]   Update Region States              113 us
[74.131s][info][gc,stats      ]   Retire TLABs                       37 us
[74.131s][info][gc,stats      ]   Choose Collection Set             395 us
[74.131s][info][gc,stats      ]   Rebuild Free Set                   44 us
[74.131s][info][gc,stats      ]   Initial Evacuation               3937 us, parallelism: 0.62x
[74.131s][info][gc,stats      ]     E: <total>                     2443 us
[74.131s][info][gc,stats      ]     E: Thread Roots                 856 us, workers (us): 856, 
[74.131s][info][gc,stats      ]     E: Code Cache Roots             506 us, workers (us): 506, 
[74.131s][info][gc,stats      ]     E: Universe Roots                 2 us, workers (us):   2, 
[74.131s][info][gc,stats      ]     E: JNI Handles Roots              2 us, workers (us):   2, 
[74.131s][info][gc,stats      ]     E: Synchronizer Roots             1 us, workers (us):   1, 
[74.131s][info][gc,stats      ]     E: Management Roots               3 us, workers (us):   3, 
[74.131s][info][gc,stats      ]     E: System Dict Roots             18 us, workers (us):  18, 
[74.131s][info][gc,stats      ]     E: CLDG Roots                  1054 us, workers (us): 1054, 
[74.131s][info][gc,stats      ]     E: JVMTI Roots                    1 us, workers (us):   1, 
[74.131s][info][gc,stats      ] Concurrent Cleanup                  174 us
[74.131s][info][gc,stats      ] Concurrent Evacuation             63911 us
[74.131s][info][gc,stats      ] Pause Init  Update Refs (G)        2700 us
[74.131s][info][gc,stats      ] Pause Init  Update Refs (N)          14 us
[74.131s][info][gc,stats      ]   Retire GCLABs                       7 us
[74.131s][info][gc,stats      ] Concurrent Update Refs           467032 us
[74.131s][info][gc,stats      ] Pause Final Update Refs (G)        3232 us
[74.131s][info][gc,stats      ] Pause Final Update Refs (N)         439 us
[74.131s][info][gc,stats      ]   Update Roots                      351 us, parallelism: 0.98x
[74.131s][info][gc,stats      ]     UR: <total>                     343 us
[74.131s][info][gc,stats      ]     UR: Thread Roots                343 us, workers (us): 343, 
[74.131s][info][gc,stats      ]   Update Region States               58 us
[74.131s][info][gc,stats      ]   Trash Collection Set                4 us
[74.131s][info][gc,stats      ]   Rebuild Free Set                   12 us
[74.131s][info][gc,stats      ] Concurrent Cleanup                   81 us
[74.131s][info][gc,stats      ] 
[74.131s][info][gc,stats      ] Allocation pacing accrued:
[74.131s][info][gc,stats      ]       0 of  1488 ms (  0.0%): <total>
[74.131s][info][gc,stats      ]       0 of  1488 ms (  0.0%): <average total>
[74.131s][info][gc,stats      ] 
[74.131s][info][gc,metaspace  ] Metaspace: 66116K->66116K(1107968K)
[74.131s][info][gc,ergo       ] Pacer for Idle. Initial: 35840K, Alloc Tax Rate: 1.0x
[78.436s][info][gc            ] Trigger: Average GC time (935.84 ms) is above the time for allocation rate (214 MB/s) to deplete free headroom (200M)
[78.436s][info][gc,ergo       ] Free headroom: 287M (free) - 89600K (spike) - 0B (penalties) = 200M
[78.436s][info][gc,ergo       ] Free: 287M, Max: 512K regular, 254M humongous, Frag: 12% external, 0% internal; Reserve: 89600K, Max: 512K
[78.436s][info][gc,start      ] GC(21) Concurrent reset
[78.436s][info][gc,task       ] GC(21) Using 1 of 1 workers for concurrent reset
[78.436s][info][gc,ergo       ] GC(21) Pacer for Reset. Non-Taxable: 1750M
[78.437s][info][gc            ] GC(21) Concurrent reset 0.849ms
[78.439s][info][gc,start      ] GC(21) Pause Init Mark
[78.439s][info][gc,task       ] GC(21) Using 1 of 1 workers for init marking
[78.441s][info][gc,ergo       ] GC(21) Pacer for Mark. Expected Live: 176M, Free: 287M, Non-Taxable: 29440K, Alloc Tax Rate: 0.7x
[78.441s][info][gc            ] GC(21) Pause Init Mark 1.578ms
[78.441s][info][gc,start      ] GC(21) Concurrent marking
[78.441s][info][gc,task       ] GC(21) Using 1 of 1 workers for concurrent marking
[78.948s][info][gc            ] GC(21) Concurrent marking 506.543ms
[78.948s][info][gc,start      ] GC(21) Pause Final Mark
[78.948s][info][gc,task       ] GC(21) Using 1 of 1 workers for final marking
[78.948s][info][gc,ergo       ] GC(21) Adaptive CSet Selection. Target Free: 247M, Actual Free: 1199M, Max CSet: 74666K, Min Garbage: 0B
[78.948s][info][gc,ergo       ] GC(21) Collectable Garbage: 1168M (99%), Immediate: 874M (74%), CSet: 293M (25%)
[78.951s][info][gc,ergo       ] GC(21) Pacer for Evacuation. Used CSet: 334M, Free: 1126M, Non-Taxable: 112M, Alloc Tax Rate: 1.1x
[78.951s][info][gc            ] GC(21) Pause Final Mark 3.346ms
[78.951s][info][gc,start      ] GC(21) Concurrent cleanup
[78.951s][info][gc            ] GC(21) Concurrent cleanup 1407M->533M(1436M) 0.141ms
[78.951s][info][gc,ergo       ] GC(21) Free: 1126M, Max: 512K regular, 307M humongous, Frag: 73% external, 0% internal; Reserve: 89585K, Max: 512K
[78.951s][info][gc,start      ] GC(21) Concurrent evacuation
[78.951s][info][gc,task       ] GC(21) Using 1 of 1 workers for concurrent evacuation
[79.070s][info][gc            ] GC(21) Concurrent evacuation 119.072ms
[79.073s][info][gc,start      ] GC(21) Pause Init Update Refs
[79.073s][info][gc,ergo       ] GC(21) Pacer for Update Refs. Used: 588M, Free: 1112M, Non-Taxable: 111M, Alloc Tax Rate: 1.1x
[79.073s][info][gc            ] GC(21) Pause Init Update Refs 0.035ms
[79.073s][info][gc,start      ] GC(21) Concurrent update references
[79.073s][info][gc,task       ] GC(21) Using 1 of 1 workers for concurrent reference update
[79.426s][info][gc            ] GC(21) Concurrent update references 352.642ms
[79.429s][info][gc,start      ] GC(21) Pause Final Update Refs
[79.429s][info][gc,task       ] GC(21) Using 1 of 1 workers for final reference update
[79.429s][info][gc            ] GC(21) Pause Final Update Refs 0.510ms
[79.429s][info][gc,start      ] GC(21) Concurrent cleanup
[79.429s][info][gc            ] GC(21) Concurrent cleanup 647M->313M(1436M) 0.090ms
[79.429s][info][gc,ergo       ] Free: 1347M, Max: 512K regular, 525M humongous, Frag: 62% external, 0% internal; Reserve: 89600K, Max: 512K
[79.429s][info][gc,stats      ] 
[79.429s][info][gc,stats      ] All times are wall-clock times, except per-root-class counters, that are sum over
[79.429s][info][gc,stats      ] all workers. Dividing the <total> over the root stage time estimates parallelism.
[79.429s][info][gc,stats      ] 
[79.429s][info][gc,stats      ] Concurrent Reset                    828 us
[79.429s][info][gc,stats      ] Pause Init Mark (G)                4208 us
[79.429s][info][gc,stats      ] Pause Init Mark (N)                1557 us
[79.429s][info][gc,stats      ]   Accumulate Stats                   14 us
[79.429s][info][gc,stats      ]   Make Parsable                      14 us
[79.429s][info][gc,stats      ]   Update Region States               56 us
[79.429s][info][gc,stats      ]   Scan Roots                       1419 us, parallelism: 0.78x
[79.429s][info][gc,stats      ]     S: <total>                     1109 us
[79.429s][info][gc,stats      ]     S: Thread Roots                 476 us, workers (us): 476, 
[79.429s][info][gc,stats      ]     S: Universe Roots                 2 us, workers (us):   2, 
[79.429s][info][gc,stats      ]     S: JNI Handles Roots              2 us, workers (us):   2, 
[79.429s][info][gc,stats      ]     S: Synchronizer Roots             0 us, workers (us):   0, 
[79.429s][info][gc,stats      ]     S: Management Roots               1 us, workers (us):   1, 
[79.429s][info][gc,stats      ]     S: System Dict Roots             12 us, workers (us):  12, 
[79.429s][info][gc,stats      ]     S: CLDG Roots                   616 us, workers (us): 616, 
[79.429s][info][gc,stats      ]     S: JVMTI Roots                    0 us, workers (us):   0, 
[79.429s][info][gc,stats      ]   Resize TLABs                       12 us
[79.429s][info][gc,stats      ] Concurrent Marking               506534 us
[79.429s][info][gc,stats      ] Pause Final Mark (G)               3489 us
[79.429s][info][gc,stats      ] Pause Final Mark (N)               3323 us
[79.429s][info][gc,stats      ]   Finish Queues                      16 us
[79.429s][info][gc,stats      ]   System Purge                      333 us
[79.429s][info][gc,stats      ]     Weak Roots                      333 us
[79.429s][info][gc,stats      ]   Update Region States               61 us
[79.429s][info][gc,stats      ]   Retire TLABs                       19 us
[79.429s][info][gc,stats      ]   Choose Collection Set             162 us
[79.429s][info][gc,stats      ]   Rebuild Free Set                   12 us
[79.429s][info][gc,stats      ]   Initial Evacuation               2712 us, parallelism: 0.50x
[79.429s][info][gc,stats      ]     E: <total>                     1362 us
[79.429s][info][gc,stats      ]     E: Thread Roots                 416 us, workers (us): 416, 
[79.429s][info][gc,stats      ]     E: Code Cache Roots             353 us, workers (us): 353, 
[79.429s][info][gc,stats      ]     E: Universe Roots                 1 us, workers (us):   1, 
[79.429s][info][gc,stats      ]     E: JNI Handles Roots              1 us, workers (us):   1, 
[79.429s][info][gc,stats      ]     E: Synchronizer Roots             0 us, workers (us):   0, 
[79.429s][info][gc,stats      ]     E: Management Roots               2 us, workers (us):   2, 
[79.429s][info][gc,stats      ]     E: System Dict Roots             10 us, workers (us):  10, 
[79.429s][info][gc,stats      ]     E: CLDG Roots                   577 us, workers (us): 577, 
[79.429s][info][gc,stats      ]     E: JVMTI Roots                    1 us, workers (us):   1, 
[79.429s][info][gc,stats      ] Concurrent Cleanup                  133 us
[79.429s][info][gc,stats      ] Concurrent Evacuation            119060 us
[79.429s][info][gc,stats      ] Pause Init  Update Refs (G)        2692 us
[79.429s][info][gc,stats      ] Pause Init  Update Refs (N)          15 us
[79.429s][info][gc,stats      ]   Retire GCLABs                       8 us
[79.429s][info][gc,stats      ] Concurrent Update Refs           352627 us
[79.429s][info][gc,stats      ] Pause Final Update Refs (G)        3200 us
[79.429s][info][gc,stats      ] Pause Final Update Refs (N)         442 us
[79.429s][info][gc,stats      ]   Update Roots                      355 us, parallelism: 0.97x
[79.429s][info][gc,stats      ]     UR: <total>                     345 us
[79.429s][info][gc,stats      ]     UR: Thread Roots                345 us, workers (us): 345, 
[79.429s][info][gc,stats      ]   Update Region States               57 us
[79.429s][info][gc,stats      ]   Trash Collection Set                4 us
[79.430s][info][gc,stats      ]   Rebuild Free Set                   12 us
[79.430s][info][gc,stats      ] Concurrent Cleanup                   83 us
[79.430s][info][gc,stats      ] Pacing                           211873 us
[79.430s][info][gc,stats      ] 
[79.430s][info][gc,stats      ] Allocation pacing accrued:
[79.430s][info][gc,stats      ]     212 of  5298 ms (  4.0%): Executor task launch worker for task 0.0 in stage 15.0 (TID 24)
[79.430s][info][gc,stats      ]     212 of  5298 ms (  4.0%): <total>
[79.430s][info][gc,stats      ]       2 of  5298 ms (  0.0%): <average total>
[79.430s][info][gc,stats      ]     212 of  5298 ms (  4.0%): <average non-zero>
[79.430s][info][gc,stats      ] 
[79.430s][info][gc,metaspace  ] Metaspace: 66149K->66149K(1107968K)
[79.430s][info][gc,ergo       ] Pacer for Idle. Initial: 35840K, Alloc Tax Rate: 1.0x
[83.407s][info][gc            ] Trigger: Average GC time (1091.04 ms) is above the time for allocation rate (228 MB/s) to deplete free headroom (248M)
[83.407s][info][gc,ergo       ] Free headroom: 335M (free) - 89600K (spike) - 0B (penalties) = 248M
[83.407s][info][gc,ergo       ] Free: 335M, Max: 512K regular, 205M humongous, Frag: 39% external, 0% internal; Reserve: 89600K, Max: 512K
[83.407s][info][gc,start      ] GC(22) Concurrent reset
[83.407s][info][gc,task       ] GC(22) Using 1 of 1 workers for concurrent reset
[83.407s][info][gc,ergo       ] GC(22) Pacer for Reset. Non-Taxable: 1750M
[83.408s][info][gc            ] GC(22) Concurrent reset 0.919ms
[83.411s][info][gc,start      ] GC(22) Pause Init Mark
[83.411s][info][gc,task       ] GC(22) Using 1 of 1 workers for init marking
[83.412s][info][gc,ergo       ] GC(22) Pacer for Mark. Expected Live: 186M, Free: 335M, Non-Taxable: 34355K, Alloc Tax Rate: 0.7x
[83.412s][info][gc            ] GC(22) Pause Init Mark 1.558ms
[83.412s][info][gc,start      ] GC(22) Concurrent marking
[83.412s][info][gc,task       ] GC(22) Using 1 of 1 workers for concurrent marking
[83.834s][info][gc            ] GC(22) Concurrent marking 421.954ms
[83.834s][info][gc,start      ] GC(22) Pause Final Mark
[83.834s][info][gc,task       ] GC(22) Using 1 of 1 workers for final marking
[83.835s][info][gc,ergo       ] GC(22) Adaptive CSet Selection. Target Free: 247M, Actual Free: 1262M, Max CSet: 74666K, Min Garbage: 0B
[83.835s][info][gc,ergo       ] GC(22) Collectable Garbage: 1121M (99%), Immediate: 895M (79%), CSet: 226M (20%)
[83.837s][info][gc,ergo       ] GC(22) Pacer for Evacuation. Used CSet: 263M, Free: 1190M, Non-Taxable: 119M, Alloc Tax Rate: 1.1x
[83.837s][info][gc            ] GC(22) Pause Final Mark 2.559ms
[83.837s][info][gc,start      ] GC(22) Concurrent cleanup
[83.837s][info][gc            ] GC(22) Concurrent cleanup 1364M->469M(1436M) 0.144ms
[83.837s][info][gc,ergo       ] GC(22) Free: 1190M, Max: 512K regular, 404M humongous, Frag: 67% external, 0% internal; Reserve: 89585K, Max: 512K
[83.837s][info][gc,start      ] GC(22) Concurrent evacuation
[83.837s][info][gc,task       ] GC(22) Using 1 of 1 workers for concurrent evacuation
[83.959s][info][gc            ] GC(22) Concurrent evacuation 122.159ms
[83.962s][info][gc,start      ] GC(22) Pause Init Update Refs
[83.962s][info][gc,ergo       ] GC(22) Pacer for Update Refs. Used: 520M, Free: 1176M, Non-Taxable: 117M, Alloc Tax Rate: 1.1x
[83.962s][info][gc            ] GC(22) Pause Init Update Refs 0.032ms
[83.962s][info][gc,start      ] GC(22) Concurrent update references
[83.962s][info][gc,task       ] GC(22) Using 1 of 1 workers for concurrent reference update
[84.378s][info][gc            ] GC(22) Concurrent update references 415.887ms
[84.381s][info][gc,start      ] GC(22) Pause Final Update Refs
[84.381s][info][gc,task       ] GC(22) Using 1 of 1 workers for final reference update
[84.381s][info][gc            ] GC(22) Pause Final Update Refs 0.546ms
[84.381s][info][gc,start      ] GC(22) Concurrent cleanup
[84.381s][info][gc            ] GC(22) Concurrent cleanup 580M->316M(1436M) 0.085ms
[84.381s][info][gc,ergo       ] Free: 1343M, Max: 512K regular, 527M humongous, Frag: 61% external, 0% internal; Reserve: 89600K, Max: 512K
[84.381s][info][gc,stats      ] 
[84.382s][info][gc,stats      ] All times are wall-clock times, except per-root-class counters, that are sum over
[84.382s][info][gc,stats      ] all workers. Dividing the <total> over the root stage time estimates parallelism.
[84.382s][info][gc,stats      ] 
[84.382s][info][gc,stats      ] Concurrent Reset                    899 us
[84.382s][info][gc,stats      ] Pause Init Mark (G)                4314 us
[84.382s][info][gc,stats      ] Pause Init Mark (N)                1517 us
[84.382s][info][gc,stats      ]   Accumulate Stats                   16 us
[84.382s][info][gc,stats      ]   Make Parsable                      16 us
[84.382s][info][gc,stats      ]   Update Region States               58 us
[84.382s][info][gc,stats      ]   Scan Roots                       1382 us, parallelism: 0.78x
[84.382s][info][gc,stats      ]     S: <total>                     1082 us
[84.382s][info][gc,stats      ]     S: Thread Roots                 424 us, workers (us): 424, 
[84.382s][info][gc,stats      ]     S: Universe Roots                 2 us, workers (us):   2, 
[84.382s][info][gc,stats      ]     S: JNI Handles Roots              2 us, workers (us):   2, 
[84.382s][info][gc,stats      ]     S: Synchronizer Roots             0 us, workers (us):   0, 
[84.382s][info][gc,stats      ]     S: Management Roots               2 us, workers (us):   2, 
[84.382s][info][gc,stats      ]     S: System Dict Roots             12 us, workers (us):  12, 
[84.382s][info][gc,stats      ]     S: CLDG Roots                   641 us, workers (us): 641, 
[84.382s][info][gc,stats      ]     S: JVMTI Roots                    1 us, workers (us):   1, 
[84.382s][info][gc,stats      ]   Resize TLABs                       10 us
[84.382s][info][gc,stats      ] Concurrent Marking               421945 us
[84.382s][info][gc,stats      ] Pause Final Mark (G)               2680 us
[84.382s][info][gc,stats      ] Pause Final Mark (N)               2541 us
[84.382s][info][gc,stats      ]   Finish Queues                      15 us
[84.382s][info][gc,stats      ]   System Purge                      294 us
[84.382s][info][gc,stats      ]     Weak Roots                      294 us
[84.382s][info][gc,stats      ]   Update Region States               53 us
[84.382s][info][gc,stats      ]   Retire TLABs                       16 us
[84.382s][info][gc,stats      ]   Choose Collection Set             132 us
[84.382s][info][gc,stats      ]   Rebuild Free Set                   12 us
[84.382s][info][gc,stats      ]   Initial Evacuation               2012 us, parallelism: 0.67x
[84.382s][info][gc,stats      ]     E: <total>                     1355 us
[84.382s][info][gc,stats      ]     E: Thread Roots                 474 us, workers (us): 474, 
[84.382s][info][gc,stats      ]     E: Code Cache Roots             292 us, workers (us): 292, 
[84.382s][info][gc,stats      ]     E: Universe Roots                 1 us, workers (us):   1, 
[84.382s][info][gc,stats      ]     E: JNI Handles Roots              1 us, workers (us):   1, 
[84.382s][info][gc,stats      ]     E: Synchronizer Roots             0 us, workers (us):   0, 
[84.382s][info][gc,stats      ]     E: Management Roots               2 us, workers (us):   2, 
[84.382s][info][gc,stats      ]     E: System Dict Roots              9 us, workers (us):   9, 
[84.382s][info][gc,stats      ]     E: CLDG Roots                   576 us, workers (us): 576, 
[84.382s][info][gc,stats      ]     E: JVMTI Roots                    0 us, workers (us):   0, 
[84.382s][info][gc,stats      ] Concurrent Cleanup                  136 us
[84.382s][info][gc,stats      ] Concurrent Evacuation            122148 us
[84.382s][info][gc,stats      ] Pause Init  Update Refs (G)        2755 us
[84.382s][info][gc,stats      ] Pause Init  Update Refs (N)          14 us
[84.382s][info][gc,stats      ]   Retire GCLABs                       7 us
[84.382s][info][gc,stats      ] Concurrent Update Refs           415874 us
[84.382s][info][gc,stats      ] Pause Final Update Refs (G)        3252 us
[84.382s][info][gc,stats      ] Pause Final Update Refs (N)         487 us
[84.382s][info][gc,stats      ]   Update Roots                      377 us, parallelism: 0.97x
[84.382s][info][gc,stats      ]     UR: <total>                     367 us
[84.382s][info][gc,stats      ]     UR: Thread Roots                367 us, workers (us): 367, 
[84.382s][info][gc,stats      ]   Update Region States               78 us
[84.382s][info][gc,stats      ]   Trash Collection Set                4 us
[84.382s][info][gc,stats      ]   Rebuild Free Set                   13 us
[84.382s][info][gc,stats      ] Concurrent Cleanup                   77 us
[84.382s][info][gc,stats      ] Pacing                           148655 us
[84.382s][info][gc,stats      ] 
[84.382s][info][gc,stats      ] Allocation pacing accrued:
[84.382s][info][gc,stats      ]     149 of  4952 ms (  3.0%): Executor task launch worker for task 2.0 in stage 15.0 (TID 26)
[84.382s][info][gc,stats      ]     149 of  4952 ms (  3.0%): <total>
[84.382s][info][gc,stats      ]       1 of  4952 ms (  0.0%): <average total>
[84.382s][info][gc,stats      ]     149 of  4952 ms (  3.0%): <average non-zero>
[84.382s][info][gc,stats      ] 
[84.382s][info][gc,metaspace  ] Metaspace: 66180K->66180K(1107968K)
[84.382s][info][gc,ergo       ] Pacer for Idle. Initial: 35840K, Alloc Tax Rate: 1.0x
[89.095s][info][gc            ] Trigger: Average GC time (1061.63 ms) is above the time for allocation rate (205 MB/s) to deplete free headroom (217M)
[89.096s][info][gc,ergo       ] Free headroom: 304M (free) - 89600K (spike) - 0B (penalties) = 217M
[89.096s][info][gc,ergo       ] Free: 304M, Max: 512K regular, 264M humongous, Frag: 14% external, 0% internal; Reserve: 89600K, Max: 512K
[89.096s][info][gc,start      ] GC(23) Concurrent reset
[89.096s][info][gc,task       ] GC(23) Using 1 of 1 workers for concurrent reset
[89.096s][info][gc,ergo       ] GC(23) Pacer for Reset. Non-Taxable: 1750M
[89.097s][info][gc            ] GC(23) Concurrent reset 0.976ms
[89.099s][info][gc,start      ] GC(23) Pause Init Mark
[89.099s][info][gc,task       ] GC(23) Using 1 of 1 workers for init marking
[89.101s][info][gc,ergo       ] GC(23) Pacer for Mark. Expected Live: 185M, Free: 304M, Non-Taxable: 31180K, Alloc Tax Rate: 0.7x
[89.101s][info][gc            ] GC(23) Pause Init Mark 1.680ms
[89.101s][info][gc,start      ] GC(23) Concurrent marking
[89.101s][info][gc,task       ] GC(23) Using 1 of 1 workers for concurrent marking
[89.390s][info][gc            ] GC(23) Concurrent marking 288.940ms
[89.390s][info][gc,start      ] GC(23) Pause Final Mark
[89.390s][info][gc,task       ] GC(23) Using 1 of 1 workers for final marking
[89.391s][info][gc,ergo       ] GC(23) Collectable Garbage: 1161M (97%), Immediate: 1161M (97%), CSet: 0B (0%)
[89.391s][info][gc            ] GC(23) Pause Final Mark 0.476ms
[89.391s][info][gc,start      ] GC(23) Concurrent cleanup
[89.391s][info][gc            ] GC(23) Concurrent cleanup 1374M->212M(1436M) 0.154ms
[89.391s][info][gc,ergo       ] GC(23) Free: 1448M, Max: 512K regular, 222M humongous, Frag: 85% external, 0% internal; Reserve: 89600K, Max: 512K
[89.391s][info][gc,ergo       ] Free: 1448M, Max: 512K regular, 222M humongous, Frag: 85% external, 0% internal; Reserve: 89600K, Max: 512K
[89.391s][info][gc,stats      ] 
[89.391s][info][gc,stats      ] All times are wall-clock times, except per-root-class counters, that are sum over
[89.391s][info][gc,stats      ] all workers. Dividing the <total> over the root stage time estimates parallelism.
[89.391s][info][gc,stats      ] 
[89.391s][info][gc,stats      ] Concurrent Reset                    955 us
[89.391s][info][gc,stats      ] Pause Init Mark (G)                4340 us
[89.391s][info][gc,stats      ] Pause Init Mark (N)                1660 us
[89.391s][info][gc,stats      ]   Accumulate Stats                   16 us
[89.391s][info][gc,stats      ]   Make Parsable                      15 us
[89.391s][info][gc,stats      ]   Update Region States               41 us
[89.391s][info][gc,stats      ]   Scan Roots                       1534 us, parallelism: 0.80x
[89.391s][info][gc,stats      ]     S: <total>                     1223 us
[89.391s][info][gc,stats      ]     S: Thread Roots                 506 us, workers (us): 506, 
[89.391s][info][gc,stats      ]     S: Universe Roots                 2 us, workers (us):   2, 
[89.391s][info][gc,stats      ]     S: JNI Handles Roots              2 us, workers (us):   2, 
[89.391s][info][gc,stats      ]     S: Synchronizer Roots             0 us, workers (us):   0, 
[89.391s][info][gc,stats      ]     S: Management Roots               2 us, workers (us):   2, 
[89.391s][info][gc,stats      ]     S: System Dict Roots             12 us, workers (us):  12, 
[89.391s][info][gc,stats      ]     S: CLDG Roots                   699 us, workers (us): 699, 
[89.391s][info][gc,stats      ]     S: JVMTI Roots                    1 us, workers (us):   1, 
[89.391s][info][gc,stats      ]   Resize TLABs                       12 us
[89.391s][info][gc,stats      ] Concurrent Marking               288932 us
[89.391s][info][gc,stats      ] Pause Final Mark (G)                585 us
[89.391s][info][gc,stats      ] Pause Final Mark (N)                458 us
[89.391s][info][gc,stats      ]   Finish Queues                      15 us
[89.391s][info][gc,stats      ]   System Purge                      303 us
[89.391s][info][gc,stats      ]     Weak Roots                      303 us
[89.391s][info][gc,stats      ]   Update Region States               56 us
[89.391s][info][gc,stats      ]   Retire TLABs                       17 us
[89.391s][info][gc,stats      ]   Choose Collection Set              47 us
[89.391s][info][gc,stats      ]   Rebuild Free Set                   12 us
[89.391s][info][gc,stats      ] Concurrent Cleanup                  147 us
[89.391s][info][gc,stats      ] Pacing                            99787 us
[89.391s][info][gc,stats      ] 
[89.391s][info][gc,stats      ] Allocation pacing accrued:
[89.391s][info][gc,stats      ]     100 of  5009 ms (  2.0%): Executor task launch worker for task 0.0 in stage 25.0 (TID 36)
[89.391s][info][gc,stats      ]     100 of  5009 ms (  2.0%): <total>
[89.391s][info][gc,stats      ]       1 of  5009 ms (  0.0%): <average total>
[89.391s][info][gc,stats      ]     100 of  5009 ms (  2.0%): <average non-zero>
[89.391s][info][gc,stats      ] 
[89.391s][info][gc,metaspace  ] Metaspace: 66351K->66351K(1107968K)
[89.391s][info][gc,ergo       ] Pacer for Idle. Initial: 35840K, Alloc Tax Rate: 1.0x
[92.935s][info][gc            ] Trigger: Average GC time (867.35 ms) is above the time for allocation rate (298 MB/s) to deplete free headroom (257M)
[92.935s][info][gc,ergo       ] Free headroom: 345M (free) - 89600K (spike) - 0B (penalties) = 257M
[92.935s][info][gc,ergo       ] Free: 345M, Max: 512K regular, 222M humongous, Frag: 36% external, 0% internal; Reserve: 89600K, Max: 512K
[92.935s][info][gc,start      ] GC(24) Concurrent reset
[92.935s][info][gc,task       ] GC(24) Using 1 of 1 workers for concurrent reset
[92.935s][info][gc,ergo       ] GC(24) Pacer for Reset. Non-Taxable: 1750M
[92.936s][info][gc            ] GC(24) Concurrent reset 0.356ms
[92.941s][info][gc,start      ] GC(24) Pause Init Mark
[92.941s][info][gc,task       ] GC(24) Using 1 of 1 workers for init marking
[92.943s][info][gc,ergo       ] GC(24) Pacer for Mark. Expected Live: 175M, Free: 345M, Non-Taxable: 35348K, Alloc Tax Rate: 0.6x
[92.943s][info][gc            ] GC(24) Pause Init Mark 1.625ms
[92.943s][info][gc,start      ] GC(24) Concurrent marking
[92.943s][info][gc,task       ] GC(24) Using 1 of 1 workers for concurrent marking
[93.658s][info][gc            ] GC(24) Concurrent marking 715.324ms
[93.658s][info][gc,start      ] GC(24) Pause Final Mark
[93.658s][info][gc,task       ] GC(24) Using 1 of 1 workers for final marking
[93.659s][info][gc,ergo       ] GC(24) Adaptive CSet Selection. Target Free: 247M, Actual Free: 1170M, Max CSet: 74666K, Min Garbage: 0B
[93.659s][info][gc,ergo       ] GC(24) Collectable Garbage: 1071M (99%), Immediate: 800M (74%), CSet: 270M (25%)
[93.661s][info][gc,ergo       ] GC(24) Pacer for Evacuation. Used CSet: 308M, Free: 1121M, Non-Taxable: 112M, Alloc Tax Rate: 1.1x
[93.661s][info][gc            ] GC(24) Pause Final Mark 2.790ms
[93.663s][info][gc,start      ] GC(24) Concurrent cleanup
[93.664s][info][gc            ] GC(24) Concurrent cleanup 1338M->540M(1436M) 0.152ms
[93.664s][info][gc,ergo       ] GC(24) Free: 1118M, Max: 512K regular, 207M humongous, Frag: 82% external, 0% internal; Reserve: 89565K, Max: 512K
[93.664s][info][gc,start      ] GC(24) Concurrent evacuation
[93.664s][info][gc,task       ] GC(24) Using 1 of 1 workers for concurrent evacuation
[93.837s][info][gc            ] GC(24) Concurrent evacuation 173.184ms
[93.840s][info][gc,start      ] GC(24) Pause Init Update Refs
[93.840s][info][gc,ergo       ] GC(24) Pacer for Update Refs. Used: 634M, Free: 1062M, Non-Taxable: 106M, Alloc Tax Rate: 1.1x
[93.840s][info][gc            ] GC(24) Pause Init Update Refs 0.075ms
[93.840s][info][gc,start      ] GC(24) Concurrent update references
[93.840s][info][gc,task       ] GC(24) Using 1 of 1 workers for concurrent reference update
[94.552s][info][gc            ] GC(24) Concurrent update references 711.860ms
[94.555s][info][gc,start      ] GC(24) Pause Final Update Refs
[94.555s][info][gc,task       ] GC(24) Using 1 of 1 workers for final reference update
[94.556s][info][gc            ] GC(24) Pause Final Update Refs 0.586ms
[94.556s][info][gc,start      ] GC(24) Concurrent cleanup
[94.556s][info][gc            ] GC(24) Concurrent cleanup 851M->542M(1436M) 0.091ms
[94.556s][info][gc,ergo       ] Free: 1117M, Max: 512K regular, 254M humongous, Frag: 78% external, 0% internal; Reserve: 89600K, Max: 512K
[94.556s][info][gc,stats      ] 
[94.556s][info][gc,stats      ] All times are wall-clock times, except per-root-class counters, that are sum over
[94.556s][info][gc,stats      ] all workers. Dividing the <total> over the root stage time estimates parallelism.
[94.556s][info][gc,stats      ] 
[94.556s][info][gc,stats      ] Concurrent Reset                    339 us
[94.556s][info][gc,stats      ] Pause Init Mark (G)                7060 us
[94.556s][info][gc,stats      ] Pause Init Mark (N)                1574 us
[94.556s][info][gc,stats      ]   Accumulate Stats                   16 us
[94.556s][info][gc,stats      ]   Make Parsable                      22 us
[94.556s][info][gc,stats      ]   Update Region States               59 us
[94.556s][info][gc,stats      ]   Scan Roots                       1430 us, parallelism: 0.78x
[94.556s][info][gc,stats      ]     S: <total>                     1122 us
[94.556s][info][gc,stats      ]     S: Thread Roots                 465 us, workers (us): 465, 
[94.556s][info][gc,stats      ]     S: Universe Roots                 2 us, workers (us):   2, 
[94.556s][info][gc,stats      ]     S: JNI Handles Roots              2 us, workers (us):   2, 
[94.556s][info][gc,stats      ]     S: Synchronizer Roots             0 us, workers (us):   0, 
[94.556s][info][gc,stats      ]     S: Management Roots               1 us, workers (us):   1, 
[94.556s][info][gc,stats      ]     S: System Dict Roots             13 us, workers (us):  13, 
[94.556s][info][gc,stats      ]     S: CLDG Roots                   637 us, workers (us): 637, 
[94.556s][info][gc,stats      ]     S: JVMTI Roots                    1 us, workers (us):   1, 
[94.556s][info][gc,stats      ]   Resize TLABs                       10 us
[94.556s][info][gc,stats      ] Concurrent Marking               715315 us
[94.556s][info][gc,stats      ] Pause Final Mark (G)               5390 us
[94.556s][info][gc,stats      ] Pause Final Mark (N)               2771 us
[94.556s][info][gc,stats      ]   Finish Queues                      18 us
[94.556s][info][gc,stats      ]   System Purge                      293 us
[94.556s][info][gc,stats      ]     Weak Roots                      293 us
[94.556s][info][gc,stats      ]   Update Region States               56 us
[94.556s][info][gc,stats      ]   Retire TLABs                       19 us
[94.556s][info][gc,stats      ]   Choose Collection Set             172 us
[94.556s][info][gc,stats      ]   Rebuild Free Set                   13 us
[94.556s][info][gc,stats      ]   Initial Evacuation               2191 us, parallelism: 0.62x
[94.556s][info][gc,stats      ]     E: <total>                     1364 us
[94.556s][info][gc,stats      ]     E: Thread Roots                 441 us, workers (us): 441, 
[94.556s][info][gc,stats      ]     E: Code Cache Roots             339 us, workers (us): 339, 
[94.556s][info][gc,stats      ]     E: Universe Roots                 1 us, workers (us):   1, 
[94.556s][info][gc,stats      ]     E: JNI Handles Roots              1 us, workers (us):   1, 
[94.556s][info][gc,stats      ]     E: Synchronizer Roots             0 us, workers (us):   0, 
[94.556s][info][gc,stats      ]     E: Management Roots               2 us, workers (us):   2, 
[94.556s][info][gc,stats      ]     E: System Dict Roots             12 us, workers (us):  12, 
[94.556s][info][gc,stats      ]     E: CLDG Roots                   567 us, workers (us): 567, 
[94.556s][info][gc,stats      ]     E: JVMTI Roots                    0 us, workers (us):   0, 
[94.556s][info][gc,stats      ] Concurrent Cleanup                  127 us
[94.556s][info][gc,stats      ] Concurrent Evacuation            173171 us
[94.556s][info][gc,stats      ] Pause Init  Update Refs (G)        3034 us
[94.556s][info][gc,stats      ] Pause Init  Update Refs (N)          20 us
[94.556s][info][gc,stats      ]   Retire GCLABs                       9 us
[94.556s][info][gc,stats      ] Concurrent Update Refs           711846 us
[94.556s][info][gc,stats      ] Pause Final Update Refs (G)        3689 us
[94.556s][info][gc,stats      ] Pause Final Update Refs (N)         485 us
[94.556s][info][gc,stats      ]   Update Roots                      391 us, parallelism: 0.98x
[94.556s][info][gc,stats      ]     UR: <total>                     382 us
[94.556s][info][gc,stats      ]     UR: Thread Roots                382 us, workers (us): 382, 
[94.556s][info][gc,stats      ]   Update Region States               60 us
[94.556s][info][gc,stats      ]   Trash Collection Set                6 us
[94.556s][info][gc,stats      ]   Rebuild Free Set                   14 us
[94.556s][info][gc,stats      ] Concurrent Cleanup                   83 us
[94.556s][info][gc,stats      ] Pacing                           533790 us
[94.556s][info][gc,stats      ] 
[94.556s][info][gc,stats      ] Allocation pacing accrued:
[94.556s][info][gc,stats      ]     513 of  5165 ms (  9.9%): main
[94.556s][info][gc,stats      ]      11 of  5165 ms (  0.2%): RemoteBlock-temp-file-clean-thread
[94.556s][info][gc,stats      ]      10 of  5165 ms (  0.2%): Executor task launch worker for task 2.0 in stage 25.0 (TID 38)
[94.556s][info][gc,stats      ]     534 of  5165 ms ( 10.3%): <total>
[94.556s][info][gc,stats      ]       4 of  5165 ms (  0.1%): <average total>
[94.556s][info][gc,stats      ]     178 of  5165 ms (  3.4%): <average non-zero>
[94.556s][info][gc,stats      ] 
[94.556s][info][gc,metaspace  ] Metaspace: 66472K->66472K(1107968K)
[94.556s][info][gc,ergo       ] Pacer for Idle. Initial: 35840K, Alloc Tax Rate: 1.0x
[94.938s][info][gc            ] Cancelling GC: Stopping VM
[94.939s][info][gc,heap,exit  ] Heap
[94.939s][info][gc,heap,exit  ] Shenandoah Heap
[94.939s][info][gc,heap,exit  ]  1750M max, 1750M soft max, 1436M committed, 752M used
[94.939s][info][gc,heap,exit  ]  3500 x 512K regions
[94.939s][info][gc,heap,exit  ] Status: cancelled
[94.939s][info][gc,heap,exit  ] Reserved region:
[94.939s][info][gc,heap,exit  ]  - [0x0000000092a00000, 0x0000000100000000) 
[94.939s][info][gc,heap,exit  ] Collection set:
[94.939s][info][gc,heap,exit  ]  - map (vanilla): 0x0000000000011254
[94.939s][info][gc,heap,exit  ]  - map (biased):  0x0000000000010000
[94.939s][info][gc,heap,exit  ] 
[94.939s][info][gc,heap,exit  ]  Metaspace       used 67009K, capacity 70782K, committed 71068K, reserved 1110016K
[94.939s][info][gc,heap,exit  ]   class space    used 9398K, capacity 11259K, committed 11340K, reserved 1048576K
[94.939s][info][gc,stats      ] 
[94.939s][info][gc,stats      ] GC STATISTICS:
[94.939s][info][gc,stats      ]   "(G)" (gross) pauses include VM time: time to notify and block threads, do the pre-
[94.939s][info][gc,stats      ]         and post-safepoint housekeeping. Use -XX:+PrintSafepointStatistics to dissect.
[94.939s][info][gc,stats      ]   "(N)" (net) pauses are the times spent in the actual GC code.
[94.939s][info][gc,stats      ]   "a" is average time for each phase, look at levels to see if average makes sense.
[94.939s][info][gc,stats      ]   "lvls" are quantiles: 0% (minimum), 25%, 50% (median), 75%, 100% (maximum).
[94.939s][info][gc,stats      ] 
[94.939s][info][gc,stats      ]   All times are wall-clock times, except per-root-class counters, that are sum over
[94.939s][info][gc,stats      ]   all workers. Dividing the <total> over the root stage time estimates parallelism.
[94.939s][info][gc,stats      ] 
[94.939s][info][gc,stats      ]   Pacing delays are measured from entering the pacing code till exiting it. Therefore,
[94.939s][info][gc,stats      ]   observed pacing delays may be higher than the threshold when paced thread spent more
[94.939s][info][gc,stats      ]   time in the pacing code. It usually happens when thread is de-scheduled while paced,
[94.939s][info][gc,stats      ]   OS takes longer to unblock the thread, or JVM experiences an STW pause.
[94.939s][info][gc,stats      ] 
[94.939s][info][gc,stats      ]   Higher delay would prevent application outpacing the GC, but it will hide the GC latencies
[94.939s][info][gc,stats      ]   from the STW pause times. Pacing affects the individual threads, and so it would also be
[94.939s][info][gc,stats      ]   invisible to the usual profiling tools, but would add up to end-to-end application latency.
[94.939s][info][gc,stats      ]   Raise max pacing delay with care.
[94.939s][info][gc,stats      ] 
[94.939s][info][gc,stats      ] Concurrent Reset               =    0.021 s (a =      842 us) (n =    25) (lvls, us =       74,      188,      320,      834,     8848)
[94.939s][info][gc,stats      ] Pause Init Mark (G)            =    0.093 s (a =     3714 us) (n =    25) (lvls, us =      740,     3203,     3496,     4121,     7060)
[94.939s][info][gc,stats      ] Pause Init Mark (N)            =    0.035 s (a =     1385 us) (n =    25) (lvls, us =      617,     1074,     1387,     1484,     3426)
[94.939s][info][gc,stats      ]   Accumulate Stats             =    0.000 s (a =       10 us) (n =    25) (lvls, us =        2,        6,        7,       14,       23)
[94.939s][info][gc,stats      ]   Make Parsable                =    0.000 s (a =       12 us) (n =    25) (lvls, us =        3,        7,       11,       14,       34)
[94.939s][info][gc,stats      ]   Update Region States         =    0.001 s (a =       53 us) (n =    25) (lvls, us =       31,       36,       47,       56,      169)
[94.939s][info][gc,stats      ]   Scan Roots                   =    0.032 s (a =     1268 us) (n =    25) (lvls, us =      553,      957,     1250,     1367,     3101)
[94.939s][info][gc,stats      ]     S: <total>                 =    0.025 s (a =      998 us) (n =    25) (lvls, us =      363,      799,      975,     1074,     2630)
[94.939s][info][gc,stats      ]     S: Thread Roots            =    0.011 s (a =      429 us) (n =    25) (lvls, us =      213,      268,      332,      422,     1253)
[94.939s][info][gc,stats      ]     S: Universe Roots          =    0.000 s (a =        3 us) (n =    25) (lvls, us =        2,        2,        2,        2,       19)
[94.939s][info][gc,stats      ]     S: JNI Handles Roots       =    0.000 s (a =        2 us) (n =    25) (lvls, us =        1,        1,        2,        2,        9)
[94.939s][info][gc,stats      ]     S: Synchronizer Roots      =    0.000 s (a =        0 us) (n =    25) (lvls, us =        0,        0,        0,        0,        0)
[94.939s][info][gc,stats      ]     S: Management Roots        =    0.000 s (a =        2 us) (n =    25) (lvls, us =        1,        1,        1,        2,        3)
[94.939s][info][gc,stats      ]     S: System Dict Roots       =    0.000 s (a =       16 us) (n =    25) (lvls, us =        9,       11,       12,       16,       33)
[94.939s][info][gc,stats      ]     S: CLDG Roots              =    0.014 s (a =      545 us) (n =    25) (lvls, us =       80,      457,      559,      637,     1502)
[94.939s][info][gc,stats      ]     S: JVMTI Roots             =    0.000 s (a =        1 us) (n =    25) (lvls, us =        0,        1,        1,        1,        1)
[94.939s][info][gc,stats      ]   Resize TLABs                 =    0.000 s (a =        7 us) (n =    25) (lvls, us =        1,        4,        5,        8,       25)
[94.939s][info][gc,stats      ] Concurrent Marking             =    8.880 s (a =   355206 us) (n =    25) (lvls, us =    35156,    40430,   287109,   570312,   914231)
[94.939s][info][gc,stats      ] Concurrent Precleaning         =    0.017 s (a =     2476 us) (n =     7) (lvls, us =      342,      342,      523,     2227,     7652)
[94.939s][info][gc,stats      ] Pause Final Mark (G)           =    0.169 s (a =     6767 us) (n =    25) (lvls, us =      381,      535,     2637,     5371,    39497)
[94.939s][info][gc,stats      ] Pause Final Mark (N)           =    0.149 s (a =     5960 us) (n =    25) (lvls, us =      311,      455,     2461,     3320,    39356)
[94.939s][info][gc,stats      ]   Finish Queues                =    0.001 s (a =       21 us) (n =    25) (lvls, us =        8,       13,       15,       20,       69)
[94.939s][info][gc,stats      ]   Weak References              =    0.001 s (a =      128 us) (n =     7) (lvls, us =       30,       30,       72,      107,      375)
[94.939s][info][gc,stats      ]     Process                    =    0.001 s (a =      125 us) (n =     7) (lvls, us =       28,       28,       70,      105,      372)
[94.939s][info][gc,stats      ]   System Purge                 =    0.007 s (a =      298 us) (n =    25) (lvls, us =      127,      260,      279,      303,      719)
[94.939s][info][gc,stats      ]     Unload Classes             =    0.003 s (a =      838 us) (n =     4) (lvls, us =      420,      420,      648,      971,     1309)
[94.939s][info][gc,stats      ]     Cleanup                    =    0.082 s (a =    20424 us) (n =     4) (lvls, us =     6699,     6699,    17773,    26563,    30573)
[94.939s][info][gc,stats      ]       CU: <total>              =    0.081 s (a =    20329 us) (n =     4) (lvls, us =     6602,     6602,    17578,    26367,    30494)
[94.939s][info][gc,stats      ]       CU: Code Cache Roots     =    0.023 s (a =     5791 us) (n =     4) (lvls, us =     1895,     1895,     2500,     8594,    10142)
[94.939s][info][gc,stats      ]       CU: Code Cache Cleaning  =    0.004 s (a =     1051 us) (n =     4) (lvls, us =      492,      492,      787,     1016,     1902)
[94.939s][info][gc,stats      ]       CU: String Table Roots   =    0.023 s (a =     5697 us) (n =     4) (lvls, us =      834,      834,     2266,     7441,    12237)
[94.939s][info][gc,stats      ]       CU: Resolved Table Roots =    0.000 s (a =       89 us) (n =     4) (lvls, us =       28,       28,       49,       97,      181)
[94.939s][info][gc,stats      ]       CU: CLDG Roots           =    0.031 s (a =     7701 us) (n =     4) (lvls, us =     3340,     3340,     6797,     8516,    12128)
[94.939s][info][gc,stats      ]     Weak Roots                 =    0.007 s (a =      297 us) (n =    25) (lvls, us =      127,      260,      277,      303,      718)
[94.939s][info][gc,stats      ]     CLDG                       =    0.001 s (a =      145 us) (n =     4) (lvls, us =        1,        1,        1,      266,      313)
[94.939s][info][gc,stats      ]   Update Region States         =    0.011 s (a =      438 us) (n =    25) (lvls, us =       52,       56,       60,       64,     4865)
[94.939s][info][gc,stats      ]   Retire TLABs                 =    0.000 s (a =       14 us) (n =    25) (lvls, us =        6,        7,       12,       17,       37)
[94.939s][info][gc,stats      ]   Choose Collection Set        =    0.003 s (a =      118 us) (n =    25) (lvls, us =       17,       37,       82,      146,      414)
[94.939s][info][gc,stats      ]   Rebuild Free Set             =    0.000 s (a =       14 us) (n =    25) (lvls, us =       10,       11,       12,       13,       44)
[94.939s][info][gc,stats      ]   Initial Evacuation           =    0.040 s (a =     2481 us) (n =    16) (lvls, us =     1738,     1875,     2188,     2656,     4177)
[94.939s][info][gc,stats      ]     E: <total>                 =    0.024 s (a =     1494 us) (n =    16) (lvls, us =      928,     1152,     1348,     1465,     2502)
[94.939s][info][gc,stats      ]     E: Thread Roots            =    0.006 s (a =      404 us) (n =    16) (lvls, us =      234,      262,      387,      439,      856)
[94.939s][info][gc,stats      ]     E: Code Cache Roots        =    0.006 s (a =      381 us) (n =    16) (lvls, us =      148,      234,      307,      410,      934)
[94.939s][info][gc,stats      ]     E: Universe Roots          =    0.000 s (a =        4 us) (n =    16) (lvls, us =        1,        1,        1,        2,       26)
[94.939s][info][gc,stats      ]     E: JNI Handles Roots       =    0.000 s (a =        2 us) (n =    16) (lvls, us =        1,        1,        1,        3,        5)
[94.939s][info][gc,stats      ]     E: Synchronizer Roots      =    0.000 s (a =        0 us) (n =    16) (lvls, us =        0,        0,        0,        0,        1)
[94.939s][info][gc,stats      ]     E: Management Roots        =    0.000 s (a =        2 us) (n =    16) (lvls, us =        1,        1,        2,        2,        5)
[94.939s][info][gc,stats      ]     E: System Dict Roots       =    0.000 s (a =       16 us) (n =    16) (lvls, us =        8,        9,       11,       15,       46)
[94.939s][info][gc,stats      ]     E: CLDG Roots              =    0.011 s (a =      684 us) (n =    16) (lvls, us =      500,      527,      574,      674,     1202)
[94.939s][info][gc,stats      ]     E: JVMTI Roots             =    0.000 s (a =        1 us) (n =    16) (lvls, us =        0,        0,        1,        1,        1)
[94.939s][info][gc,stats      ] Concurrent Cleanup             =    0.003 s (a =      126 us) (n =    25) (lvls, us =       58,       66,      107,      146,      429)
[94.939s][info][gc,stats      ] Concurrent Evacuation          =    1.383 s (a =    86436 us) (n =    16) (lvls, us =     8164,    20117,    63867,   117188,   217978)
[94.939s][info][gc,stats      ] Pause Init  Update Refs (G)    =    0.042 s (a =     2655 us) (n =    16) (lvls, us =      145,     2148,     2637,     2754,     6531)
[94.939s][info][gc,stats      ] Pause Init  Update Refs (N)    =    0.000 s (a =       13 us) (n =    16) (lvls, us =        8,       10,       11,       14,       20)
[94.939s][info][gc,stats      ]   Retire GCLABs                =    0.000 s (a =        6 us) (n =    16) (lvls, us =        2,        4,        5,        8,        9)
[94.939s][info][gc,stats      ] Concurrent Update Refs         =    6.605 s (a =   412794 us) (n =    16) (lvls, us =    15039,    34180,   419922,   511719,  1065755)
[94.939s][info][gc,stats      ] Pause Final Update Refs (G)    =    0.052 s (a =     3261 us) (n =    16) (lvls, us =      850,     1953,     3164,     3262,     7267)
[94.939s][info][gc,stats      ] Pause Final Update Refs (N)    =    0.015 s (a =      948 us) (n =    16) (lvls, us =      271,      436,      480,      695,     5971)
[94.939s][info][gc,stats      ]   Update Roots                 =    0.012 s (a =      776 us) (n =    16) (lvls, us =      191,      287,      365,      609,     5881)
[94.939s][info][gc,stats      ]     UR: <total>                =    0.006 s (a =      384 us) (n =    16) (lvls, us =      184,      229,      342,      375,      962)
[94.939s][info][gc,stats      ]     UR: Thread Roots           =    0.006 s (a =      384 us) (n =    16) (lvls, us =      184,      229,      342,      375,      962)
[94.939s][info][gc,stats      ]   Update Region States         =    0.002 s (a =      135 us) (n =    16) (lvls, us =       57,       58,       60,       68,     1059)
[94.939s][info][gc,stats      ]   Trash Collection Set         =    0.000 s (a =        4 us) (n =    16) (lvls, us =        2,        3,        4,        6,        9)
[94.939s][info][gc,stats      ]   Rebuild Free Set             =    0.000 s (a =       19 us) (n =    16) (lvls, us =       11,       11,       12,       13,      119)
[94.939s][info][gc,stats      ] Concurrent Cleanup             =    0.001 s (a =       86 us) (n =    16) (lvls, us =       60,       63,       81,       94,      192)
[94.939s][info][gc,stats      ] Concurrent Uncommit            =    0.154 s (a =    76796 us) (n =     2) (lvls, us =    46680,    46680,    46680,    46680,   106842)
[94.939s][info][gc,stats      ] Pacing                         =    1.373 s (a =    54917 us) (n =    25) (lvls, us =        0,        0,        0,        0,   533790)
[94.939s][info][gc,stats      ] 
[94.939s][info][gc,stats      ] 
[94.939s][info][gc,stats      ] Under allocation pressure, concurrent cycles may cancel, and either continue cycle
[94.939s][info][gc,stats      ] under stop-the-world pause or result in stop-the-world Full GC. Increase heap size,
[94.939s][info][gc,stats      ] tune GC heuristics, set more aggressive pacing delay, or lower allocation rate
[94.939s][info][gc,stats      ] to avoid Degenerated and Full GC cycles.
[94.939s][info][gc,stats      ] 
[94.939s][info][gc,stats      ]    25 successful concurrent GCs
[94.939s][info][gc,stats      ]       2 invoked explicitly
[94.939s][info][gc,stats      ]       0 invoked implicitly
[94.939s][info][gc,stats      ] 
[94.939s][info][gc,stats      ]     0 Degenerated GCs
[94.939s][info][gc,stats      ]       0 caused by allocation failure
[94.939s][info][gc,stats      ]       0 upgraded to Full GC
[94.939s][info][gc,stats      ] 
[94.939s][info][gc,stats      ]     0 Full GCs
[94.939s][info][gc,stats      ]       0 invoked explicitly
[94.939s][info][gc,stats      ]       0 invoked implicitly
[94.939s][info][gc,stats      ]       0 caused by allocation failure
[94.939s][info][gc,stats      ]       0 upgraded from Degenerated GC
[94.939s][info][gc,stats      ] 
[94.939s][info][gc,stats      ] 
