[0.002s][info][gc,init] Initializing The Z Garbage Collector
[0.002s][info][gc,init] Version: 11.0.15+10-Ubuntu-0ubuntu0.20.04.1 (release)
[0.002s][info][gc,init] NUMA Support: Disabled
[0.002s][info][gc,init] CPUs: 1 total, 1 available
[0.002s][info][gc,init] Memory: 7952M
[0.002s][info][gc,init] Large Page Support: Disabled
[0.002s][info][gc,init] Workers: 1 parallel, 1 concurrent
[0.003s][info][gc,init] Heap backed by file: /memfd:java_heap
[0.003s][info][gc,init] Available space on backing filesystem: N/A
[0.034s][info][gc,init] Pre-touching: Disabled
[0.034s][info][gc,init] Pre-mapping: 126M
[0.042s][info][gc,init] Runtime Workers: 1 parallel
[0.042s][info][gc     ] Using The Z Garbage Collector
[2.824s][info][gc,start] GC(0) Garbage Collection (Metadata GC Threshold)
[2.826s][info][gc,phases] GC(0) Pause Mark Start 0.627ms
[2.865s][info][gc,phases] GC(0) Concurrent Mark 38.993ms
[2.867s][info][gc,phases] GC(0) Pause Mark End 0.193ms
[2.867s][info][gc,phases] GC(0) Concurrent Process Non-Strong References 0.502ms
[2.867s][info][gc,phases] GC(0) Concurrent Reset Relocation Set 0.000ms
[2.867s][info][gc,phases] GC(0) Concurrent Destroy Detached Pages 0.000ms
[2.872s][info][gc,phases] GC(0) Concurrent Select Relocation Set 4.187ms
[2.872s][info][gc,phases] GC(0) Concurrent Prepare Relocation Set 0.375ms
[2.873s][info][gc,phases] GC(0) Pause Relocate Start 0.990ms
[2.894s][info][gc,phases] GC(0) Concurrent Relocate 15.761ms
[2.894s][info][gc,load  ] GC(0) Load: 2.09/3.14/3.04
[2.894s][info][gc,mmu   ] GC(0) MMU: 2ms/50.5%, 5ms/80.2%, 10ms/88.2%, 20ms/94.1%, 50ms/96.4%, 100ms/98.2%
[2.894s][info][gc,marking] GC(0) Mark: 1 stripe(s), 3 proactive flush(es), 1 terminate flush(es), 0 completion(s), 0 continuation(s) 
[2.894s][info][gc,reloc  ] GC(0) Relocation: Successful, 16M relocated
[2.894s][info][gc,nmethod] GC(0) NMethods: 334 registered, 0 unregistered
[2.894s][info][gc,metaspace] GC(0) Metaspace: 20M used, 21M capacity, 21M committed, 22M reserved
[2.894s][info][gc,ref      ] GC(0) Soft: 356 encountered, 0 discovered, 0 enqueued
[2.894s][info][gc,ref      ] GC(0) Weak: 711 encountered, 653 discovered, 188 enqueued
[2.894s][info][gc,ref      ] GC(0) Final: 2 encountered, 0 discovered, 0 enqueued
[2.894s][info][gc,ref      ] GC(0) Phantom: 839 encountered, 644 discovered, 245 enqueued
[2.894s][info][gc,heap     ] GC(0)                Mark Start          Mark End        Relocate Start      Relocate End           High               Low         
[2.894s][info][gc,heap     ] GC(0)  Capacity:      160M (13%)         160M (13%)         160M (13%)         160M (13%)         160M (13%)         160M (13%)    
[2.894s][info][gc,heap     ] GC(0)   Reserve:       34M (3%)           34M (3%)           34M (3%)           34M (3%)           34M (3%)           34M (3%)     
[2.894s][info][gc,heap     ] GC(0)      Free:     1126M (90%)        1124M (90%)        1124M (90%)        1166M (93%)        1166M (93%)        1122M (90%)    
[2.894s][info][gc,heap     ] GC(0)      Used:       90M (7%)           92M (7%)           92M (7%)           50M (4%)           94M (8%)           50M (4%)     
[2.894s][info][gc,heap     ] GC(0)      Live:         -                17M (1%)           17M (1%)           17M (1%)             -                  -          
[2.894s][info][gc,heap     ] GC(0) Allocated:         -                 2M (0%)            2M (0%)           12M (1%)             -                  -          
[2.894s][info][gc,heap     ] GC(0)   Garbage:         -                72M (6%)           72M (6%)           30M (2%)             -                  -          
[2.894s][info][gc,heap     ] GC(0) Reclaimed:         -                  -                 0M (0%)           42M (3%)             -                  -          
[2.894s][info][gc          ] GC(0) Garbage Collection (Metadata GC Threshold) 90M(7%)->50M(4%)
[4.434s][info][gc,start    ] GC(1) Garbage Collection (Metadata GC Threshold)
[4.435s][info][gc,phases   ] GC(1) Pause Mark Start 1.259ms
[4.502s][info][gc,phases   ] GC(1) Concurrent Mark 66.919ms
[4.503s][info][gc,phases   ] GC(1) Pause Mark End 0.148ms
[4.504s][info][gc,phases   ] GC(1) Concurrent Process Non-Strong References 1.118ms
[4.504s][info][gc,phases   ] GC(1) Concurrent Reset Relocation Set 0.067ms
[4.504s][info][gc,phases   ] GC(1) Concurrent Destroy Detached Pages 0.000ms
[4.506s][info][gc,phases   ] GC(1) Concurrent Select Relocation Set 1.511ms
[4.506s][info][gc,phases   ] GC(1) Concurrent Prepare Relocation Set 0.277ms
[4.509s][info][gc,phases   ] GC(1) Pause Relocate Start 1.521ms
[4.522s][info][gc,phases   ] GC(1) Concurrent Relocate 12.262ms
[4.522s][info][gc,load     ] GC(1) Load: 2.09/3.14/3.04
[4.522s][info][gc,mmu      ] GC(1) MMU: 2ms/24.0%, 5ms/69.6%, 10ms/83.3%, 20ms/91.7%, 50ms/96.4%, 100ms/97.1%
[4.522s][info][gc,marking  ] GC(1) Mark: 1 stripe(s), 2 proactive flush(es), 1 terminate flush(es), 0 completion(s), 0 continuation(s) 
[4.522s][info][gc,reloc    ] GC(1) Relocation: Successful, 12M relocated
[4.522s][info][gc,nmethod  ] GC(1) NMethods: 676 registered, 0 unregistered
[4.522s][info][gc,metaspace] GC(1) Metaspace: 34M used, 35M capacity, 35M committed, 36M reserved
[4.522s][info][gc,ref      ] GC(1) Soft: 2902 encountered, 0 discovered, 0 enqueued
[4.522s][info][gc,ref      ] GC(1) Weak: 1462 encountered, 1124 discovered, 227 enqueued
[4.522s][info][gc,ref      ] GC(1) Final: 26 encountered, 13 discovered, 13 enqueued
[4.522s][info][gc,ref      ] GC(1) Phantom: 907 encountered, 765 discovered, 295 enqueued
[4.522s][info][gc,heap     ] GC(1)                Mark Start          Mark End        Relocate Start      Relocate End           High               Low         
[4.522s][info][gc,heap     ] GC(1)  Capacity:      160M (13%)         160M (13%)         160M (13%)         160M (13%)         160M (13%)         160M (13%)    
[4.522s][info][gc,heap     ] GC(1)   Reserve:       34M (3%)           34M (3%)           34M (3%)           34M (3%)           34M (3%)           34M (3%)     
[4.522s][info][gc,heap     ] GC(1)      Free:     1108M (89%)        1104M (88%)        1104M (88%)        1160M (93%)        1160M (93%)        1102M (88%)    
[4.522s][info][gc,heap     ] GC(1)      Used:      108M (9%)          112M (9%)          112M (9%)           56M (4%)          114M (9%)           56M (4%)     
[4.522s][info][gc,heap     ] GC(1)      Live:         -                21M (2%)           21M (2%)           21M (2%)             -                  -          
[4.522s][info][gc,heap     ] GC(1) Allocated:         -                 4M (0%)            4M (0%)           10M (1%)             -                  -          
[4.522s][info][gc,heap     ] GC(1)   Garbage:         -                86M (7%)           86M (7%)           30M (2%)             -                  -          
[4.522s][info][gc,heap     ] GC(1) Reclaimed:         -                  -                 0M (0%)           56M (4%)             -                  -          
[4.522s][info][gc          ] GC(1) Garbage Collection (Metadata GC Threshold) 108M(9%)->56M(4%)
[6.864s][info][gc,start    ] GC(2) Garbage Collection (Warmup)
[6.869s][info][gc,phases   ] GC(2) Pause Mark Start 2.083ms
[7.530s][info][gc,phases   ] GC(2) Concurrent Mark 660.560ms
[7.530s][info][gc,phases   ] GC(2) Pause Mark End 0.181ms
[7.532s][info][gc,phases   ] GC(2) Concurrent Process Non-Strong References 1.816ms
[7.532s][info][gc,phases   ] GC(2) Concurrent Reset Relocation Set 0.005ms
[7.532s][info][gc,phases   ] GC(2) Concurrent Destroy Detached Pages 0.000ms
[7.534s][info][gc,phases   ] GC(2) Concurrent Select Relocation Set 1.542ms
[7.534s][info][gc,phases   ] GC(2) Concurrent Prepare Relocation Set 0.556ms
[7.539s][info][gc,phases   ] GC(2) Pause Relocate Start 3.272ms
[7.574s][info][gc,phases   ] GC(2) Concurrent Relocate 34.898ms
[7.574s][info][gc,load     ] GC(2) Load: 2.08/3.12/3.03
[7.574s][info][gc,mmu      ] GC(2) MMU: 2ms/0.0%, 5ms/34.6%, 10ms/65.5%, 20ms/82.7%, 50ms/93.1%, 100ms/96.5%
[7.574s][info][gc,marking  ] GC(2) Mark: 1 stripe(s), 2 proactive flush(es), 1 terminate flush(es), 0 completion(s), 0 continuation(s) 
[7.574s][info][gc,reloc    ] GC(2) Relocation: Successful, 15M relocated
[7.574s][info][gc,nmethod  ] GC(2) NMethods: 1032 registered, 0 unregistered
[7.574s][info][gc,metaspace] GC(2) Metaspace: 50M used, 52M capacity, 52M committed, 54M reserved
[7.574s][info][gc,ref      ] GC(2) Soft: 3457 encountered, 0 discovered, 0 enqueued
[7.574s][info][gc,ref      ] GC(2) Weak: 2462 encountered, 1918 discovered, 284 enqueued
[7.574s][info][gc,ref      ] GC(2) Final: 30 encountered, 6 discovered, 6 enqueued
[7.574s][info][gc,ref      ] GC(2) Phantom: 1110 encountered, 917 discovered, 476 enqueued
[7.574s][info][gc,heap     ] GC(2)                Mark Start          Mark End        Relocate Start      Relocate End           High               Low         
[7.574s][info][gc,heap     ] GC(2)  Capacity:      424M (34%)         724M (58%)         724M (58%)         730M (58%)         730M (58%)         424M (34%)    
[7.574s][info][gc,heap     ] GC(2)   Reserve:       34M (3%)           34M (3%)           34M (3%)           34M (3%)           34M (3%)           34M (3%)     
[7.574s][info][gc,heap     ] GC(2)      Free:      826M (66%)         526M (42%)         526M (42%)         584M (47%)         826M (66%)         520M (42%)    
[7.574s][info][gc,heap     ] GC(2)      Used:      390M (31%)         690M (55%)         690M (55%)         632M (51%)         696M (56%)         390M (31%)    
[7.574s][info][gc,heap     ] GC(2)      Live:         -               273M (22%)         273M (22%)         273M (22%)            -                  -          
[7.574s][info][gc,heap     ] GC(2) Allocated:         -               300M (24%)         300M (24%)         338M (27%)            -                  -          
[7.574s][info][gc,heap     ] GC(2)   Garbage:         -               116M (9%)          116M (9%)           32M (3%)             -                  -          
[7.574s][info][gc,heap     ] GC(2) Reclaimed:         -                  -                 0M (0%)           84M (7%)             -                  -          
[7.574s][info][gc          ] GC(2) Garbage Collection (Warmup) 390M(31%)->632M(51%)
[7.665s][info][gc,start    ] GC(3) Garbage Collection (Allocation Rate)
[7.668s][info][gc,phases   ] GC(3) Pause Mark Start 1.260ms
[9.907s][info][gc,phases   ] GC(3) Concurrent Mark 2238.259ms
[9.908s][info][gc,phases   ] GC(3) Pause Mark End 0.291ms
[9.910s][info][gc,phases   ] GC(3) Concurrent Process Non-Strong References 1.550ms
[9.910s][info][gc,phases   ] GC(3) Concurrent Reset Relocation Set 0.009ms
[9.910s][info][gc,phases   ] GC(3) Concurrent Destroy Detached Pages 0.001ms
[9.911s][info][gc,phases   ] GC(3) Concurrent Select Relocation Set 1.578ms
[9.912s][info][gc,phases   ] GC(3) Concurrent Prepare Relocation Set 0.003ms
[9.913s][info][gc,phases   ] GC(3) Pause Relocate Start 1.128ms
[9.914s][info][gc,phases   ] GC(3) Concurrent Relocate 0.755ms
[9.914s][info][gc,load     ] GC(3) Load: 2.08/3.12/3.03
[9.914s][info][gc,mmu      ] GC(3) MMU: 2ms/0.0%, 5ms/34.6%, 10ms/65.5%, 20ms/82.7%, 50ms/93.1%, 100ms/96.5%
[9.914s][info][gc,marking  ] GC(3) Mark: 1 stripe(s), 3 proactive flush(es), 3 terminate flush(es), 0 completion(s), 0 continuation(s) 
[9.914s][info][gc,reloc    ] GC(3) Relocation: Successful, 5M relocated
[9.914s][info][gc,nmethod  ] GC(3) NMethods: 1145 registered, 0 unregistered
[9.914s][info][gc,metaspace] GC(3) Metaspace: 54M used, 56M capacity, 56M committed, 58M reserved
[9.914s][info][gc,ref      ] GC(3) Soft: 3457 encountered, 0 discovered, 0 enqueued
[9.914s][info][gc,ref      ] GC(3) Weak: 2178 encountered, 1633 discovered, 0 enqueued
[9.914s][info][gc,ref      ] GC(3) Final: 24 encountered, 0 discovered, 0 enqueued
[9.914s][info][gc,ref      ] GC(3) Phantom: 634 encountered, 441 discovered, 0 enqueued
[9.914s][info][gc,heap     ] GC(3)                Mark Start          Mark End        Relocate Start      Relocate End           High               Low         
[9.914s][info][gc,heap     ] GC(3)  Capacity:      772M (62%)         884M (71%)         884M (71%)         886M (71%)         886M (71%)         772M (62%)    
[9.914s][info][gc,heap     ] GC(3)   Reserve:       34M (3%)           34M (3%)           34M (3%)           34M (3%)           34M (3%)           34M (3%)     
[9.914s][info][gc,heap     ] GC(3)      Free:      478M (38%)         366M (29%)         366M (29%)         368M (29%)         478M (38%)         364M (29%)    
[9.914s][info][gc,heap     ] GC(3)      Used:      738M (59%)         850M (68%)         850M (68%)         848M (68%)         852M (68%)         738M (59%)    
[9.914s][info][gc,heap     ] GC(3)      Live:         -               696M (56%)         696M (56%)         696M (56%)            -                  -          
[9.914s][info][gc,heap     ] GC(3) Allocated:         -               114M (9%)          114M (9%)          116M (9%)             -                  -          
[9.914s][info][gc,heap     ] GC(3)   Garbage:         -                41M (3%)           41M (3%)           39M (3%)             -                  -          
[9.914s][info][gc,heap     ] GC(3) Reclaimed:         -                  -                 0M (0%)            2M (0%)             -                  -          
[9.914s][info][gc          ] GC(3) Garbage Collection (Allocation Rate) 738M(59%)->848M(68%)
[10.064s][info][gc,stats    ] === Garbage Collection Statistics =======================================================================================================================
[10.064s][info][gc,stats    ]                                                              Last 10s              Last 10m              Last 10h                Total
[10.064s][info][gc,stats    ]                                                              Avg / Max             Avg / Max             Avg / Max             Avg / Max
[10.064s][info][gc,stats    ]   Collector: Garbage Collection Cycle                    779.000 / 2248.951    779.000 / 2248.951    779.000 / 2248.951    779.000 / 2248.951    ms
[10.064s][info][gc,stats    ]  Contention: Mark Segment Reset Contention                     0 / 0                 0 / 0                 0 / 0                 0 / 0           ops/s
[10.064s][info][gc,stats    ]  Contention: Mark SeqNum Reset Contention                      0 / 0                 0 / 0                 0 / 0                 0 / 0           ops/s
[10.064s][info][gc,stats    ]  Contention: Relocation Contention                             0 / 0                 0 / 0                 0 / 0                 0 / 0           ops/s
[10.064s][info][gc,stats    ]    Critical: Allocation Stall                              0.000 / 0.000         0.000 / 0.000         0.000 / 0.000         0.000 / 0.000       ms
[10.064s][info][gc,stats    ]    Critical: Allocation Stall                                  0 / 0                 0 / 0                 0 / 0                 0 / 0           ops/s
[10.064s][info][gc,stats    ]    Critical: GC Locker Stall                               0.024 / 0.029         0.024 / 0.029         0.024 / 0.029         0.024 / 0.029       ms
[10.064s][info][gc,stats    ]    Critical: GC Locker Stall                                   0 / 1                 0 / 1                 0 / 1                 0 / 1           ops/s
[10.064s][info][gc,stats    ]      Memory: Allocation Rate                                 103 / 426             103 / 426             103 / 426             103 / 426         MB/s
[10.064s][info][gc,stats    ]      Memory: Heap Used After Mark                            436 / 850             436 / 850             436 / 850             436 / 850         MB
[10.064s][info][gc,stats    ]      Memory: Heap Used After Relocation                      396 / 848             396 / 848             396 / 848             396 / 848         MB
[10.064s][info][gc,stats    ]      Memory: Heap Used Before Mark                           331 / 738             331 / 738             331 / 738             331 / 738         MB
[10.064s][info][gc,stats    ]      Memory: Heap Used Before Relocation                     436 / 850             436 / 850             436 / 850             436 / 850         MB
[10.064s][info][gc,stats    ]      Memory: Out Of Memory                                     0 / 0                 0 / 0                 0 / 0                 0 / 0           ops/s
[10.064s][info][gc,stats    ]      Memory: Page Cache Flush                                  0 / 0                 0 / 0                 0 / 0                 0 / 0           MB/s
[10.064s][info][gc,stats    ]      Memory: Page Cache Hit L1                                10 / 49               10 / 49               10 / 49               10 / 49          ops/s
[10.064s][info][gc,stats    ]      Memory: Page Cache Hit L2                                 0 / 0                 0 / 0                 0 / 0                 0 / 0           ops/s
[10.064s][info][gc,stats    ]      Memory: Page Cache Miss                                  41 / 177              41 / 177              41 / 177              41 / 177         ops/s
[10.064s][info][gc,stats    ]      Memory: Undo Object Allocation Failed                     0 / 0                 0 / 0                 0 / 0                 0 / 0           ops/s
[10.064s][info][gc,stats    ]      Memory: Undo Object Allocation Succeeded                  0 / 0                 0 / 0                 0 / 0                 0 / 0           ops/s
[10.064s][info][gc,stats    ]      Memory: Undo Page Allocation                              0 / 1                 0 / 1                 0 / 1                 0 / 1           ops/s
[10.064s][info][gc,stats    ]       Phase: Concurrent Destroy Detached Pages             0.001 / 0.001         0.001 / 0.001         0.001 / 0.001         0.001 / 0.001       ms
[10.064s][info][gc,stats    ]       Phase: Concurrent Mark                             751.183 / 2238.259    751.183 / 2238.259    751.183 / 2238.259    751.183 / 2238.259    ms
[10.064s][info][gc,stats    ]       Phase: Concurrent Mark Continue                      0.000 / 0.000         0.000 / 0.000         0.000 / 0.000         0.000 / 0.000       ms
[10.064s][info][gc,stats    ]       Phase: Concurrent Prepare Relocation Set             0.303 / 0.556         0.303 / 0.556         0.303 / 0.556         0.303 / 0.556       ms
[10.064s][info][gc,stats    ]       Phase: Concurrent Process Non-Strong References      1.246 / 1.816         1.246 / 1.816         1.246 / 1.816         1.246 / 1.816       ms
[10.064s][info][gc,stats    ]       Phase: Concurrent Relocate                          15.919 / 34.898       15.919 / 34.898       15.919 / 34.898       15.919 / 34.898      ms
[10.064s][info][gc,stats    ]       Phase: Concurrent Reset Relocation Set               0.020 / 0.067         0.020 / 0.067         0.020 / 0.067         0.020 / 0.067       ms
[10.064s][info][gc,stats    ]       Phase: Concurrent Select Relocation Set              2.204 / 4.187         2.204 / 4.187         2.204 / 4.187         2.204 / 4.187       ms
[10.064s][info][gc,stats    ]       Phase: Pause Mark End                                0.203 / 0.291         0.203 / 0.291         0.203 / 0.291         0.203 / 0.291       ms
[10.064s][info][gc,stats    ]       Phase: Pause Mark Start                              1.307 / 2.083         1.307 / 2.083         1.307 / 2.083         1.307 / 2.083       ms
[10.064s][info][gc,stats    ]       Phase: Pause Relocate Start                          1.728 / 3.272         1.728 / 3.272         1.728 / 3.272         1.728 / 3.272       ms
[10.064s][info][gc,stats    ]    Subphase: Concurrent Mark                             751.157 / 2238.228    751.157 / 2238.228    751.157 / 2238.228    751.157 / 2238.228    ms
[10.064s][info][gc,stats    ]    Subphase: Concurrent Mark Idle                          0.000 / 0.000         0.000 / 0.000         0.000 / 0.000         0.000 / 0.000       ms
[10.064s][info][gc,stats    ]    Subphase: Concurrent Mark Try Flush                     1.969 / 6.917         1.969 / 6.917         1.969 / 6.917         1.969 / 6.917       ms
[10.064s][info][gc,stats    ]    Subphase: Concurrent Mark Try Terminate                 0.849 / 2.660         0.849 / 2.660         0.849 / 2.660         0.849 / 2.660       ms
[10.064s][info][gc,stats    ]    Subphase: Concurrent References Enqueue                 0.002 / 0.004         0.002 / 0.004         0.002 / 0.004         0.002 / 0.004       ms
[10.064s][info][gc,stats    ]    Subphase: Concurrent References Process                 0.467 / 0.720         0.467 / 0.720         0.467 / 0.720         0.467 / 0.720       ms
[10.064s][info][gc,stats    ]    Subphase: Concurrent Weak Roots                         0.766 / 1.122         0.766 / 1.122         0.766 / 1.122         0.766 / 1.122       ms
[10.064s][info][gc,stats    ]    Subphase: Concurrent Weak Roots JNIWeakHandles          0.000 / 0.000         0.000 / 0.000         0.000 / 0.000         0.000 / 0.000       ms
[10.064s][info][gc,stats    ]    Subphase: Concurrent Weak Roots StringTable             0.617 / 0.890         0.617 / 0.890         0.617 / 0.890         0.617 / 0.890       ms
[10.064s][info][gc,stats    ]    Subphase: Concurrent Weak Roots VMWeakHandles           0.148 / 0.230         0.148 / 0.230         0.148 / 0.230         0.148 / 0.230       ms
[10.064s][info][gc,stats    ]    Subphase: Pause Mark Try Complete                       0.000 / 0.000         0.000 / 0.000         0.000 / 0.000         0.000 / 0.000       ms
[10.064s][info][gc,stats    ]    Subphase: Pause Remap TLABS                             0.001 / 0.001         0.001 / 0.001         0.001 / 0.001         0.001 / 0.001       ms
[10.064s][info][gc,stats    ]    Subphase: Pause Retire TLABS                            0.009 / 0.018         0.009 / 0.018         0.009 / 0.018         0.009 / 0.018       ms
[10.064s][info][gc,stats    ]    Subphase: Pause Roots                                   0.986 / 3.085         0.986 / 3.085         0.986 / 3.085         0.986 / 3.085       ms
[10.064s][info][gc,stats    ]    Subphase: Pause Roots ClassLoaderDataGraph              0.610 / 1.764         0.610 / 1.764         0.610 / 1.764         0.610 / 1.764       ms
[10.064s][info][gc,stats    ]    Subphase: Pause Roots CodeCache                         0.361 / 0.552         0.361 / 0.552         0.361 / 0.552         0.361 / 0.552       ms
[10.064s][info][gc,stats    ]    Subphase: Pause Roots JNIHandles                        0.002 / 0.006         0.002 / 0.006         0.002 / 0.006         0.002 / 0.006       ms
[10.064s][info][gc,stats    ]    Subphase: Pause Roots JNIWeakHandles                    0.000 / 0.000         0.000 / 0.000         0.000 / 0.000         0.000 / 0.000       ms
[10.064s][info][gc,stats    ]    Subphase: Pause Roots JRFWeak                           0.000 / 0.000         0.000 / 0.000         0.000 / 0.000         0.000 / 0.000       ms
[10.064s][info][gc,stats    ]    Subphase: Pause Roots JVMTIExport                       0.001 / 0.001         0.001 / 0.001         0.001 / 0.001         0.001 / 0.001       ms
[10.064s][info][gc,stats    ]    Subphase: Pause Roots JVMTIWeakExport                   0.001 / 0.001         0.001 / 0.001         0.001 / 0.001         0.001 / 0.001       ms
[10.064s][info][gc,stats    ]    Subphase: Pause Roots Management                        0.002 / 0.009         0.002 / 0.009         0.002 / 0.009         0.002 / 0.009       ms
[10.064s][info][gc,stats    ]    Subphase: Pause Roots ObjectSynchronizer                0.000 / 0.001         0.000 / 0.001         0.000 / 0.001         0.000 / 0.001       ms
[10.064s][info][gc,stats    ]    Subphase: Pause Roots Setup                             0.062 / 0.147         0.062 / 0.147         0.062 / 0.147         0.062 / 0.147       ms
[10.064s][info][gc,stats    ]    Subphase: Pause Roots StringTable                       0.000 / 0.000         0.000 / 0.000         0.000 / 0.000         0.000 / 0.000       ms
[10.064s][info][gc,stats    ]    Subphase: Pause Roots SystemDictionary                  0.016 / 0.035         0.016 / 0.035         0.016 / 0.035         0.016 / 0.035       ms
[10.064s][info][gc,stats    ]    Subphase: Pause Roots Teardown                          0.002 / 0.012         0.002 / 0.012         0.002 / 0.012         0.002 / 0.012       ms
[10.064s][info][gc,stats    ]    Subphase: Pause Roots Threads                           0.286 / 1.012         0.286 / 1.012         0.286 / 1.012         0.286 / 1.012       ms
[10.064s][info][gc,stats    ]    Subphase: Pause Roots Universe                          0.057 / 0.439         0.057 / 0.439         0.057 / 0.439         0.057 / 0.439       ms
[10.064s][info][gc,stats    ]    Subphase: Pause Roots VMWeakHandles                     0.000 / 0.000         0.000 / 0.000         0.000 / 0.000         0.000 / 0.000       ms
[10.064s][info][gc,stats    ]    Subphase: Pause Weak Roots                              0.004 / 0.009         0.004 / 0.009         0.004 / 0.009         0.004 / 0.009       ms
[10.064s][info][gc,stats    ]    Subphase: Pause Weak Roots JFRWeak                      0.001 / 0.001         0.001 / 0.001         0.001 / 0.001         0.001 / 0.001       ms
[10.064s][info][gc,stats    ]    Subphase: Pause Weak Roots JNIWeakHandles               0.000 / 0.000         0.000 / 0.000         0.000 / 0.000         0.000 / 0.000       ms
[10.064s][info][gc,stats    ]    Subphase: Pause Weak Roots JVMTIWeakExport              0.003 / 0.008         0.003 / 0.008         0.003 / 0.008         0.003 / 0.008       ms
[10.064s][info][gc,stats    ]    Subphase: Pause Weak Roots Setup                        0.000 / 0.000         0.000 / 0.000         0.000 / 0.000         0.000 / 0.000       ms
[10.064s][info][gc,stats    ]    Subphase: Pause Weak Roots StringTable                  0.000 / 0.000         0.000 / 0.000         0.000 / 0.000         0.000 / 0.000       ms
[10.064s][info][gc,stats    ]    Subphase: Pause Weak Roots SymbolTable                  0.000 / 0.000         0.000 / 0.000         0.000 / 0.000         0.000 / 0.000       ms
[10.064s][info][gc,stats    ]    Subphase: Pause Weak Roots Teardown                     0.001 / 0.001         0.001 / 0.001         0.001 / 0.001         0.001 / 0.001       ms
[10.064s][info][gc,stats    ]    Subphase: Pause Weak Roots VMWeakHandles                0.000 / 0.000         0.000 / 0.000         0.000 / 0.000         0.000 / 0.000       ms
[10.064s][info][gc,stats    ]      System: Java Threads                                     27 / 47               27 / 47               27 / 47               27 / 47          threads
[10.064s][info][gc,stats    ] =========================================================================================================================================================
[10.364s][info][gc,start    ] GC(4) Garbage Collection (Allocation Rate)
[10.366s][info][gc,phases   ] GC(4) Pause Mark Start 1.598ms
[10.456s][info][gc,phases   ] GC(4) Concurrent Mark 89.853ms
[10.459s][info][gc,phases   ] GC(4) Pause Mark End 0.195ms
[10.460s][info][gc,phases   ] GC(4) Concurrent Process Non-Strong References 1.227ms
[10.460s][info][gc,phases   ] GC(4) Concurrent Reset Relocation Set 0.001ms
[10.460s][info][gc,phases   ] GC(4) Concurrent Destroy Detached Pages 0.000ms
[10.462s][info][gc,phases   ] GC(4) Concurrent Select Relocation Set 1.584ms
[10.462s][info][gc,phases   ] GC(4) Concurrent Prepare Relocation Set 0.061ms
[10.464s][info][gc,phases   ] GC(4) Pause Relocate Start 2.013ms
[10.478s][info][gc,phases   ] GC(4) Concurrent Relocate 13.089ms
[10.478s][info][gc,load     ] GC(4) Load: 2.08/3.12/3.03
[10.478s][info][gc,mmu      ] GC(4) MMU: 2ms/0.0%, 5ms/34.6%, 10ms/65.5%, 20ms/82.7%, 50ms/93.1%, 100ms/96.2%
[10.478s][info][gc,marking  ] GC(4) Mark: 1 stripe(s), 3 proactive flush(es), 1 terminate flush(es), 0 completion(s), 0 continuation(s) 
[10.478s][info][gc,reloc    ] GC(4) Relocation: Successful, 7M relocated
[10.478s][info][gc,nmethod  ] GC(4) NMethods: 1360 registered, 0 unregistered
[10.478s][info][gc,metaspace] GC(4) Metaspace: 57M used, 59M capacity, 59M committed, 60M reserved
[10.478s][info][gc,ref      ] GC(4) Soft: 3702 encountered, 0 discovered, 0 enqueued
[10.478s][info][gc,ref      ] GC(4) Weak: 2775 encountered, 2163 discovered, 160 enqueued
[10.478s][info][gc,ref      ] GC(4) Final: 33 encountered, 7 discovered, 7 enqueued
[10.478s][info][gc,ref      ] GC(4) Phantom: 862 encountered, 708 discovered, 222 enqueued
[10.478s][info][gc,heap     ] GC(4)                Mark Start          Mark End        Relocate Start      Relocate End           High               Low         
[10.478s][info][gc,heap     ] GC(4)  Capacity:      932M (75%)         968M (77%)         968M (77%)         968M (77%)         968M (77%)         932M (75%)    
[10.478s][info][gc,heap     ] GC(4)   Reserve:       34M (3%)           34M (3%)           34M (3%)           34M (3%)           34M (3%)           34M (3%)     
[10.478s][info][gc,heap     ] GC(4)      Free:      318M (25%)         282M (23%)        1070M (86%)        1122M (90%)        1122M (90%)         282M (23%)    
[10.478s][info][gc,heap     ] GC(4)      Used:      898M (72%)         934M (75%)         146M (12%)          94M (8%)          934M (75%)          94M (8%)     
[10.478s][info][gc,heap     ] GC(4)      Live:         -                28M (2%)           28M (2%)           28M (2%)             -                  -          
[10.478s][info][gc,heap     ] GC(4) Allocated:         -                36M (3%)           36M (3%)           40M (3%)             -                  -          
[10.478s][info][gc,heap     ] GC(4)   Garbage:         -               869M (70%)          81M (7%)           29M (2%)             -                  -          
[10.478s][info][gc,heap     ] GC(4) Reclaimed:         -                  -               788M (63%)         840M (67%)            -                  -          
[10.478s][info][gc          ] GC(4) Garbage Collection (Allocation Rate) 898M(72%)->94M(8%)
[10.755s][info][gc,start    ] GC(5) Garbage Collection (System.gc())
[10.757s][info][gc,phases   ] GC(5) Pause Mark Start 1.630ms
[10.816s][info][gc,phases   ] GC(5) Concurrent Mark 58.779ms
[10.816s][info][gc,phases   ] GC(5) Pause Mark End 0.201ms
[10.820s][info][gc,phases   ] GC(5) Concurrent Process Non-Strong References 3.645ms
[10.820s][info][gc,phases   ] GC(5) Concurrent Reset Relocation Set 0.004ms
[10.820s][info][gc,phases   ] GC(5) Concurrent Destroy Detached Pages 0.000ms
[10.822s][info][gc,phases   ] GC(5) Concurrent Select Relocation Set 1.549ms
[10.822s][info][gc,phases   ] GC(5) Concurrent Prepare Relocation Set 0.020ms
[10.823s][info][gc,phases   ] GC(5) Pause Relocate Start 1.432ms
[10.825s][info][gc,phases   ] GC(5) Concurrent Relocate 1.844ms
[10.825s][info][gc,load     ] GC(5) Load: 2.08/3.12/3.03
[10.825s][info][gc,mmu      ] GC(5) MMU: 2ms/0.0%, 5ms/34.6%, 10ms/65.5%, 20ms/82.7%, 50ms/93.1%, 100ms/96.2%
[10.825s][info][gc,marking  ] GC(5) Mark: 1 stripe(s), 2 proactive flush(es), 1 terminate flush(es), 0 completion(s), 0 continuation(s) 
[10.825s][info][gc,reloc    ] GC(5) Relocation: Successful, 6M relocated
[10.825s][info][gc,nmethod  ] GC(5) NMethods: 1385 registered, 0 unregistered
[10.825s][info][gc,metaspace] GC(5) Metaspace: 58M used, 61M capacity, 61M committed, 62M reserved
[10.825s][info][gc,ref      ] GC(5) Soft: 3878 encountered, 0 discovered, 0 enqueued
[10.825s][info][gc,ref      ] GC(5) Weak: 2782 encountered, 2101 discovered, 42 enqueued
[10.825s][info][gc,ref      ] GC(5) Final: 27 encountered, 1 discovered, 1 enqueued
[10.825s][info][gc,ref      ] GC(5) Phantom: 690 encountered, 683 discovered, 49 enqueued
[10.825s][info][gc,heap     ] GC(5)                Mark Start          Mark End        Relocate Start      Relocate End           High               Low         
[10.825s][info][gc,heap     ] GC(5)  Capacity:      968M (77%)         968M (77%)         968M (77%)         968M (77%)         968M (77%)         968M (77%)    
[10.825s][info][gc,heap     ] GC(5)   Reserve:       34M (3%)           34M (3%)           34M (3%)           34M (3%)           34M (3%)           34M (3%)     
[10.825s][info][gc,heap     ] GC(5)      Free:     1108M (89%)        1106M (88%)        1138M (91%)        1154M (92%)        1154M (92%)        1106M (88%)    
[10.825s][info][gc,heap     ] GC(5)      Used:      108M (9%)          110M (9%)           78M (6%)           62M (5%)          110M (9%)           62M (5%)     
[10.825s][info][gc,heap     ] GC(5)      Live:         -                29M (2%)           29M (2%)           29M (2%)             -                  -          
[10.825s][info][gc,heap     ] GC(5) Allocated:         -                 2M (0%)            2M (0%)            4M (0%)             -                  -          
[10.825s][info][gc,heap     ] GC(5)   Garbage:         -                78M (6%)           46M (4%)           30M (2%)             -                  -          
[10.825s][info][gc,heap     ] GC(5) Reclaimed:         -                  -                32M (3%)           48M (4%)             -                  -          
[10.825s][info][gc          ] GC(5) Garbage Collection (System.gc()) 108M(9%)->62M(5%)
[12.964s][info][gc,start    ] GC(6) Garbage Collection (Allocation Rate)
[12.969s][info][gc,phases   ] GC(6) Pause Mark Start 2.471ms
[13.046s][info][gc,phases   ] GC(6) Concurrent Mark 77.034ms
[13.048s][info][gc,phases   ] GC(6) Pause Mark End 0.196ms
[13.050s][info][gc,phases   ] GC(6) Concurrent Process Non-Strong References 1.774ms
[13.050s][info][gc,phases   ] GC(6) Concurrent Reset Relocation Set 0.002ms
[13.050s][info][gc,phases   ] GC(6) Concurrent Destroy Detached Pages 0.000ms
[13.054s][info][gc,phases   ] GC(6) Concurrent Select Relocation Set 3.530ms
[13.054s][info][gc,phases   ] GC(6) Concurrent Prepare Relocation Set 0.082ms
[13.056s][info][gc,phases   ] GC(6) Pause Relocate Start 2.146ms
[13.068s][info][gc,phases   ] GC(6) Concurrent Relocate 12.045ms
[13.068s][info][gc,load     ] GC(6) Load: 2.07/3.10/3.02
[13.068s][info][gc,mmu      ] GC(6) MMU: 2ms/0.0%, 5ms/34.6%, 10ms/65.5%, 20ms/82.7%, 50ms/93.1%, 100ms/95.2%
[13.068s][info][gc,marking  ] GC(6) Mark: 1 stripe(s), 2 proactive flush(es), 1 terminate flush(es), 0 completion(s), 0 continuation(s) 
[13.068s][info][gc,reloc    ] GC(6) Relocation: Successful, 10M relocated
[13.068s][info][gc,nmethod  ] GC(6) NMethods: 1867 registered, 0 unregistered
[13.068s][info][gc,metaspace] GC(6) Metaspace: 67M used, 70M capacity, 70M committed, 72M reserved
[13.068s][info][gc,ref      ] GC(6) Soft: 4438 encountered, 0 discovered, 0 enqueued
[13.068s][info][gc,ref      ] GC(6) Weak: 4204 encountered, 3306 discovered, 320 enqueued
[13.068s][info][gc,ref      ] GC(6) Final: 29 encountered, 3 discovered, 3 enqueued
[13.068s][info][gc,ref      ] GC(6) Phantom: 1058 encountered, 1005 discovered, 402 enqueued
[13.068s][info][gc,heap     ] GC(6)                Mark Start          Mark End        Relocate Start      Relocate End           High               Low         
[13.068s][info][gc,heap     ] GC(6)  Capacity:      968M (77%)         968M (77%)         968M (77%)         968M (77%)         968M (77%)         968M (77%)    
[13.068s][info][gc,heap     ] GC(6)   Reserve:       34M (3%)           34M (3%)           34M (3%)           34M (3%)           34M (3%)           34M (3%)     
[13.068s][info][gc,heap     ] GC(6)      Free:      794M (64%)         728M (58%)        1002M (80%)        1076M (86%)        1076M (86%)         728M (58%)    
[13.068s][info][gc,heap     ] GC(6)      Used:      422M (34%)         488M (39%)         214M (17%)         140M (11%)         488M (39%)         140M (11%)    
[13.068s][info][gc,heap     ] GC(6)      Live:         -                32M (3%)           32M (3%)           32M (3%)             -                  -          
[13.068s][info][gc,heap     ] GC(6) Allocated:         -                66M (5%)           66M (5%)           82M (7%)             -                  -          
[13.068s][info][gc,heap     ] GC(6)   Garbage:         -               389M (31%)         115M (9%)           31M (2%)             -                  -          
[13.068s][info][gc,heap     ] GC(6) Reclaimed:         -                  -               274M (22%)         358M (29%)            -                  -          
[13.068s][info][gc          ] GC(6) Garbage Collection (Allocation Rate) 422M(34%)->140M(11%)
[13.164s][info][gc,start    ] GC(7) Garbage Collection (Allocation Rate)
[13.168s][info][gc,phases   ] GC(7) Pause Mark Start 1.991ms
[13.250s][info][gc,phases   ] GC(7) Concurrent Mark 81.835ms
[13.253s][info][gc,phases   ] GC(7) Pause Mark End 0.191ms
[13.254s][info][gc,phases   ] GC(7) Concurrent Process Non-Strong References 1.624ms
[13.254s][info][gc,phases   ] GC(7) Concurrent Reset Relocation Set 0.006ms
[13.254s][info][gc,phases   ] GC(7) Concurrent Destroy Detached Pages 0.000ms
[13.256s][info][gc,phases   ] GC(7) Concurrent Select Relocation Set 1.599ms
[13.256s][info][gc,phases   ] GC(7) Concurrent Prepare Relocation Set 0.028ms
[13.258s][info][gc,phases   ] GC(7) Pause Relocate Start 1.661ms
[13.265s][info][gc,phases   ] GC(7) Concurrent Relocate 7.041ms
[13.265s][info][gc,load     ] GC(7) Load: 2.07/3.10/3.02
[13.265s][info][gc,mmu      ] GC(7) MMU: 2ms/0.0%, 5ms/34.6%, 10ms/65.5%, 20ms/82.7%, 50ms/93.1%, 100ms/95.2%
[13.265s][info][gc,marking  ] GC(7) Mark: 1 stripe(s), 2 proactive flush(es), 1 terminate flush(es), 0 completion(s), 0 continuation(s) 
[13.265s][info][gc,reloc    ] GC(7) Relocation: Successful, 6M relocated
[13.265s][info][gc,nmethod  ] GC(7) NMethods: 1873 registered, 0 unregistered
[13.265s][info][gc,metaspace] GC(7) Metaspace: 67M used, 70M capacity, 70M committed, 72M reserved
[13.265s][info][gc,ref      ] GC(7) Soft: 4438 encountered, 0 discovered, 0 enqueued
[13.265s][info][gc,ref      ] GC(7) Weak: 3884 encountered, 2986 discovered, 0 enqueued
[13.265s][info][gc,ref      ] GC(7) Final: 26 encountered, 0 discovered, 0 enqueued
[13.265s][info][gc,ref      ] GC(7) Phantom: 656 encountered, 653 discovered, 0 enqueued
[13.265s][info][gc,heap     ] GC(7)                Mark Start          Mark End        Relocate Start      Relocate End           High               Low         
[13.265s][info][gc,heap     ] GC(7)  Capacity:      968M (77%)         968M (77%)         968M (77%)         968M (77%)         968M (77%)         968M (77%)    
[13.265s][info][gc,heap     ] GC(7)   Reserve:       34M (3%)           34M (3%)           34M (3%)           34M (3%)           34M (3%)           34M (3%)     
[13.265s][info][gc,heap     ] GC(7)      Free:      916M (73%)         850M (68%)        1080M (86%)        1078M (86%)        1080M (86%)         850M (68%)    
[13.265s][info][gc,heap     ] GC(7)      Used:      300M (24%)         366M (29%)         136M (11%)         138M (11%)         366M (29%)         136M (11%)    
[13.265s][info][gc,heap     ] GC(7)      Live:         -                32M (3%)           32M (3%)           32M (3%)             -                  -          
[13.265s][info][gc,heap     ] GC(7) Allocated:         -                66M (5%)           66M (5%)           78M (6%)             -                  -          
[13.265s][info][gc,heap     ] GC(7)   Garbage:         -               267M (21%)          37M (3%)           31M (2%)             -                  -          
[13.265s][info][gc,heap     ] GC(7) Reclaimed:         -                  -               230M (18%)         236M (19%)            -                  -          
[13.265s][info][gc          ] GC(7) Garbage Collection (Allocation Rate) 300M(24%)->138M(11%)
[13.365s][info][gc,start    ] GC(8) Garbage Collection (Allocation Rate)
[13.369s][info][gc,phases   ] GC(8) Pause Mark Start 1.998ms
[13.441s][info][gc,phases   ] GC(8) Concurrent Mark 72.085ms
[13.443s][info][gc,phases   ] GC(8) Pause Mark End 0.205ms
[13.445s][info][gc,phases   ] GC(8) Concurrent Process Non-Strong References 1.460ms
[13.445s][info][gc,phases   ] GC(8) Concurrent Reset Relocation Set 0.002ms
[13.445s][info][gc,phases   ] GC(8) Concurrent Destroy Detached Pages 0.001ms
[13.446s][info][gc,phases   ] GC(8) Concurrent Select Relocation Set 1.607ms
[13.446s][info][gc,phases   ] GC(8) Concurrent Prepare Relocation Set 0.023ms
[13.448s][info][gc,phases   ] GC(8) Pause Relocate Start 1.711ms
[13.450s][info][gc,phases   ] GC(8) Concurrent Relocate 2.332ms
[13.451s][info][gc,load     ] GC(8) Load: 2.07/3.10/3.02
[13.451s][info][gc,mmu      ] GC(8) MMU: 2ms/0.0%, 5ms/34.6%, 10ms/65.5%, 20ms/82.7%, 50ms/93.1%, 100ms/95.2%
[13.451s][info][gc,marking  ] GC(8) Mark: 1 stripe(s), 2 proactive flush(es), 1 terminate flush(es), 0 completion(s), 0 continuation(s) 
[13.451s][info][gc,reloc    ] GC(8) Relocation: Successful, 6M relocated
[13.451s][info][gc,nmethod  ] GC(8) NMethods: 1879 registered, 0 unregistered
[13.451s][info][gc,metaspace] GC(8) Metaspace: 67M used, 70M capacity, 70M committed, 72M reserved
[13.451s][info][gc,ref      ] GC(8) Soft: 4438 encountered, 0 discovered, 0 enqueued
[13.451s][info][gc,ref      ] GC(8) Weak: 3884 encountered, 2986 discovered, 0 enqueued
[13.451s][info][gc,ref      ] GC(8) Final: 26 encountered, 0 discovered, 0 enqueued
[13.451s][info][gc,ref      ] GC(8) Phantom: 656 encountered, 653 discovered, 0 enqueued
[13.451s][info][gc,heap     ] GC(8)                Mark Start          Mark End        Relocate Start      Relocate End           High               Low         
[13.451s][info][gc,heap     ] GC(8)  Capacity:      968M (77%)         968M (77%)         968M (77%)         968M (77%)         968M (77%)         968M (77%)    
[13.451s][info][gc,heap     ] GC(8)   Reserve:       34M (3%)           34M (3%)           34M (3%)           34M (3%)           34M (3%)           34M (3%)     
[13.451s][info][gc,heap     ] GC(8)      Free:      932M (75%)         868M (69%)        1080M (86%)        1090M (87%)        1090M (87%)         868M (69%)    
[13.451s][info][gc,heap     ] GC(8)      Used:      284M (23%)         348M (28%)         136M (11%)         126M (10%)         348M (28%)         126M (10%)    
[13.451s][info][gc,heap     ] GC(8)      Live:         -                32M (3%)           32M (3%)           32M (3%)             -                  -          
[13.451s][info][gc,heap     ] GC(8) Allocated:         -                64M (5%)           64M (5%)           66M (5%)             -                  -          
[13.451s][info][gc,heap     ] GC(8)   Garbage:         -               251M (20%)          39M (3%)           29M (2%)             -                  -          
[13.451s][info][gc,heap     ] GC(8) Reclaimed:         -                  -               212M (17%)         222M (18%)            -                  -          
[13.451s][info][gc          ] GC(8) Garbage Collection (Allocation Rate) 284M(23%)->126M(10%)
[13.564s][info][gc,start    ] GC(9) Garbage Collection (Allocation Rate)
[13.568s][info][gc,phases   ] GC(9) Pause Mark Start 2.075ms
[13.645s][info][gc,phases   ] GC(9) Concurrent Mark 76.888ms
[13.647s][info][gc,phases   ] GC(9) Pause Mark End 0.198ms
[13.649s][info][gc,phases   ] GC(9) Concurrent Process Non-Strong References 1.458ms
[13.649s][info][gc,phases   ] GC(9) Concurrent Reset Relocation Set 0.002ms
[13.649s][info][gc,phases   ] GC(9) Concurrent Destroy Detached Pages 0.000ms
[13.651s][info][gc,phases   ] GC(9) Concurrent Select Relocation Set 1.684ms
[13.651s][info][gc,phases   ] GC(9) Concurrent Prepare Relocation Set 0.001ms
[13.652s][info][gc,phases   ] GC(9) Pause Relocate Start 1.664ms
[13.659s][info][gc,phases   ] GC(9) Concurrent Relocate 6.504ms
[13.659s][info][gc,load     ] GC(9) Load: 2.07/3.10/3.02
[13.659s][info][gc,mmu      ] GC(9) MMU: 2ms/0.0%, 5ms/34.6%, 10ms/65.5%, 20ms/82.7%, 50ms/93.1%, 100ms/95.2%
[13.659s][info][gc,marking  ] GC(9) Mark: 1 stripe(s), 2 proactive flush(es), 1 terminate flush(es), 0 completion(s), 0 continuation(s) 
[13.659s][info][gc,reloc    ] GC(9) Relocation: Successful, 5M relocated
[13.659s][info][gc,nmethod  ] GC(9) NMethods: 1906 registered, 0 unregistered
[13.659s][info][gc,metaspace] GC(9) Metaspace: 67M used, 70M capacity, 70M committed, 72M reserved
[13.659s][info][gc,ref      ] GC(9) Soft: 4438 encountered, 0 discovered, 0 enqueued
[13.659s][info][gc,ref      ] GC(9) Weak: 3884 encountered, 2986 discovered, 0 enqueued
[13.659s][info][gc,ref      ] GC(9) Final: 26 encountered, 0 discovered, 0 enqueued
[13.659s][info][gc,ref      ] GC(9) Phantom: 656 encountered, 653 discovered, 0 enqueued
[13.659s][info][gc,heap     ] GC(9)                Mark Start          Mark End        Relocate Start      Relocate End           High               Low         
[13.659s][info][gc,heap     ] GC(9)  Capacity:      968M (77%)         968M (77%)         968M (77%)         968M (77%)         968M (77%)         968M (77%)    
[13.659s][info][gc,heap     ] GC(9)   Reserve:       34M (3%)           34M (3%)           34M (3%)           34M (3%)           34M (3%)           34M (3%)     
[13.659s][info][gc,heap     ] GC(9)      Free:      920M (74%)         856M (68%)        1086M (87%)        1080M (86%)        1086M (87%)         856M (68%)    
[13.659s][info][gc,heap     ] GC(9)      Used:      296M (24%)         360M (29%)         130M (10%)         136M (11%)         360M (29%)         130M (10%)    
[13.659s][info][gc,heap     ] GC(9)      Live:         -                32M (3%)           32M (3%)           32M (3%)             -                  -          
[13.659s][info][gc,heap     ] GC(9) Allocated:         -                64M (5%)           64M (5%)           74M (6%)             -                  -          
[13.659s][info][gc,heap     ] GC(9)   Garbage:         -               263M (21%)          33M (3%)           31M (2%)             -                  -          
[13.659s][info][gc,heap     ] GC(9) Reclaimed:         -                  -               230M (18%)         232M (19%)            -                  -          
[13.659s][info][gc          ] GC(9) Garbage Collection (Allocation Rate) 296M(24%)->136M(11%)
[13.865s][info][gc,start    ] GC(10) Garbage Collection (Allocation Rate)
[13.869s][info][gc,phases   ] GC(10) Pause Mark Start 2.000ms
[13.935s][info][gc,phases   ] GC(10) Concurrent Mark 65.909ms
[13.937s][info][gc,phases   ] GC(10) Pause Mark End 0.195ms
[13.939s][info][gc,phases   ] GC(10) Concurrent Process Non-Strong References 1.296ms
[13.939s][info][gc,phases   ] GC(10) Concurrent Reset Relocation Set 0.002ms
[13.939s][info][gc,phases   ] GC(10) Concurrent Destroy Detached Pages 0.001ms
[13.940s][info][gc,phases   ] GC(10) Concurrent Select Relocation Set 1.614ms
[13.940s][info][gc,phases   ] GC(10) Concurrent Prepare Relocation Set 0.001ms
[13.942s][info][gc,phases   ] GC(10) Pause Relocate Start 1.613ms
[13.944s][info][gc,phases   ] GC(10) Concurrent Relocate 1.907ms
[13.944s][info][gc,load     ] GC(10) Load: 2.07/3.10/3.02
[13.944s][info][gc,mmu      ] GC(10) MMU: 2ms/0.0%, 5ms/34.6%, 10ms/65.5%, 20ms/82.7%, 50ms/93.1%, 100ms/95.2%
[13.944s][info][gc,marking  ] GC(10) Mark: 1 stripe(s), 2 proactive flush(es), 1 terminate flush(es), 0 completion(s), 0 continuation(s) 
[13.944s][info][gc,reloc    ] GC(10) Relocation: Successful, 5M relocated
[13.944s][info][gc,nmethod  ] GC(10) NMethods: 1914 registered, 0 unregistered
[13.944s][info][gc,metaspace] GC(10) Metaspace: 67M used, 70M capacity, 70M committed, 72M reserved
[13.944s][info][gc,ref      ] GC(10) Soft: 4438 encountered, 0 discovered, 0 enqueued
[13.944s][info][gc,ref      ] GC(10) Weak: 3884 encountered, 2986 discovered, 0 enqueued
[13.944s][info][gc,ref      ] GC(10) Final: 26 encountered, 0 discovered, 0 enqueued
[13.944s][info][gc,ref      ] GC(10) Phantom: 656 encountered, 653 discovered, 0 enqueued
[13.944s][info][gc,heap     ] GC(10)                Mark Start          Mark End        Relocate Start      Relocate End           High               Low         
[13.944s][info][gc,heap     ] GC(10)  Capacity:      968M (77%)         968M (77%)         968M (77%)         968M (77%)         968M (77%)         968M (77%)    
[13.944s][info][gc,heap     ] GC(10)   Reserve:       34M (3%)           34M (3%)           34M (3%)           34M (3%)           34M (3%)           34M (3%)     
[13.944s][info][gc,heap     ] GC(10)      Free:      776M (62%)         718M (57%)        1084M (87%)        1090M (87%)        1090M (87%)         718M (57%)    
[13.944s][info][gc,heap     ] GC(10)      Used:      440M (35%)         498M (40%)         132M (11%)         126M (10%)         498M (40%)         126M (10%)    
[13.944s][info][gc,heap     ] GC(10)      Live:         -                32M (3%)           32M (3%)           32M (3%)             -                  -          
[13.944s][info][gc,heap     ] GC(10) Allocated:         -                58M (5%)           58M (5%)           64M (5%)             -                  -          
[13.944s][info][gc,heap     ] GC(10)   Garbage:         -               407M (33%)          41M (3%)           31M (2%)             -                  -          
[13.944s][info][gc,heap     ] GC(10) Reclaimed:         -                  -               366M (29%)         376M (30%)            -                  -          
[13.944s][info][gc          ] GC(10) Garbage Collection (Allocation Rate) 440M(35%)->126M(10%)
[14.165s][info][gc,start    ] GC(11) Garbage Collection (Allocation Rate)
[14.169s][info][gc,phases   ] GC(11) Pause Mark Start 2.011ms
[14.236s][info][gc,phases   ] GC(11) Concurrent Mark 67.117ms
[14.236s][info][gc,phases   ] GC(11) Pause Mark End 0.225ms
[14.240s][info][gc,phases   ] GC(11) Concurrent Process Non-Strong References 3.902ms
[14.240s][info][gc,phases   ] GC(11) Concurrent Reset Relocation Set 0.003ms
[14.240s][info][gc,phases   ] GC(11) Concurrent Destroy Detached Pages 0.001ms
[14.242s][info][gc,phases   ] GC(11) Concurrent Select Relocation Set 1.709ms
[14.242s][info][gc,phases   ] GC(11) Concurrent Prepare Relocation Set 0.002ms
[14.246s][info][gc,phases   ] GC(11) Pause Relocate Start 1.640ms
[14.252s][info][gc,phases   ] GC(11) Concurrent Relocate 5.890ms
[14.252s][info][gc,load     ] GC(11) Load: 2.07/3.10/3.02
[14.252s][info][gc,mmu      ] GC(11) MMU: 2ms/0.0%, 5ms/34.6%, 10ms/65.5%, 20ms/82.7%, 50ms/93.1%, 100ms/95.2%
[14.252s][info][gc,marking  ] GC(11) Mark: 1 stripe(s), 2 proactive flush(es), 1 terminate flush(es), 0 completion(s), 0 continuation(s) 
[14.252s][info][gc,reloc    ] GC(11) Relocation: Successful, 5M relocated
[14.252s][info][gc,nmethod  ] GC(11) NMethods: 1928 registered, 0 unregistered
[14.252s][info][gc,metaspace] GC(11) Metaspace: 67M used, 70M capacity, 70M committed, 72M reserved
[14.252s][info][gc,ref      ] GC(11) Soft: 4438 encountered, 0 discovered, 0 enqueued
[14.252s][info][gc,ref      ] GC(11) Weak: 3884 encountered, 2986 discovered, 0 enqueued
[14.252s][info][gc,ref      ] GC(11) Final: 26 encountered, 0 discovered, 0 enqueued
[14.252s][info][gc,ref      ] GC(11) Phantom: 656 encountered, 653 discovered, 0 enqueued
[14.252s][info][gc,heap     ] GC(11)                Mark Start          Mark End        Relocate Start      Relocate End           High               Low         
[14.252s][info][gc,heap     ] GC(11)  Capacity:      968M (77%)         968M (77%)         968M (77%)         968M (77%)         968M (77%)         968M (77%)    
[14.252s][info][gc,heap     ] GC(11)   Reserve:       34M (3%)           34M (3%)           34M (3%)           34M (3%)           34M (3%)           34M (3%)     
[14.252s][info][gc,heap     ] GC(11)      Free:      722M (58%)         670M (54%)        1084M (87%)        1084M (87%)        1084M (87%)         664M (53%)    
[14.252s][info][gc,heap     ] GC(11)      Used:      494M (40%)         546M (44%)         132M (11%)         132M (11%)         552M (44%)         132M (11%)    
[14.252s][info][gc,heap     ] GC(11)      Live:         -                32M (3%)           32M (3%)           32M (3%)             -                  -          
[14.252s][info][gc,heap     ] GC(11) Allocated:         -                52M (4%)           58M (5%)           70M (6%)             -                  -          
[14.252s][info][gc,heap     ] GC(11)   Garbage:         -               461M (37%)          41M (3%)           31M (2%)             -                  -          
[14.252s][info][gc,heap     ] GC(11) Reclaimed:         -                  -               420M (34%)         430M (34%)            -                  -          
[14.252s][info][gc          ] GC(11) Garbage Collection (Allocation Rate) 494M(40%)->132M(11%)
[14.564s][info][gc,start    ] GC(12) Garbage Collection (Allocation Rate)
[14.569s][info][gc,phases   ] GC(12) Pause Mark Start 2.258ms
[14.667s][info][gc,phases   ] GC(12) Concurrent Mark 98.164ms
[14.667s][info][gc,phases   ] GC(12) Pause Mark End 0.333ms
[14.669s][info][gc,phases   ] GC(12) Concurrent Process Non-Strong References 1.348ms
[14.669s][info][gc,phases   ] GC(12) Concurrent Reset Relocation Set 0.001ms
[14.669s][info][gc,phases   ] GC(12) Concurrent Destroy Detached Pages 0.001ms
[14.670s][info][gc,phases   ] GC(12) Concurrent Select Relocation Set 1.561ms
[14.670s][info][gc,phases   ] GC(12) Concurrent Prepare Relocation Set 0.002ms
[14.672s][info][gc,phases   ] GC(12) Pause Relocate Start 1.698ms
[14.675s][info][gc,phases   ] GC(12) Concurrent Relocate 2.631ms
[14.675s][info][gc,load     ] GC(12) Load: 2.07/3.10/3.02
[14.675s][info][gc,mmu      ] GC(12) MMU: 2ms/0.0%, 5ms/34.6%, 10ms/65.5%, 20ms/82.7%, 50ms/93.1%, 100ms/95.2%
[14.675s][info][gc,marking  ] GC(12) Mark: 1 stripe(s), 2 proactive flush(es), 2 terminate flush(es), 0 completion(s), 0 continuation(s) 
[14.675s][info][gc,reloc    ] GC(12) Relocation: Successful, 5M relocated
[14.675s][info][gc,nmethod  ] GC(12) NMethods: 1940 registered, 0 unregistered
[14.675s][info][gc,metaspace] GC(12) Metaspace: 67M used, 70M capacity, 70M committed, 72M reserved
[14.675s][info][gc,ref      ] GC(12) Soft: 4438 encountered, 0 discovered, 0 enqueued
[14.675s][info][gc,ref      ] GC(12) Weak: 3884 encountered, 2986 discovered, 0 enqueued
[14.675s][info][gc,ref      ] GC(12) Final: 26 encountered, 0 discovered, 0 enqueued
[14.675s][info][gc,ref      ] GC(12) Phantom: 656 encountered, 653 discovered, 0 enqueued
[14.675s][info][gc,heap     ] GC(12)                Mark Start          Mark End        Relocate Start      Relocate End           High               Low         
[14.675s][info][gc,heap     ] GC(12)  Capacity:      968M (77%)         968M (77%)         968M (77%)         968M (77%)         968M (77%)         968M (77%)    
[14.675s][info][gc,heap     ] GC(12)   Reserve:       34M (3%)           34M (3%)           34M (3%)           34M (3%)           34M (3%)           34M (3%)     
[14.675s][info][gc,heap     ] GC(12)      Free:      598M (48%)         568M (45%)        1112M (89%)        1122M (90%)        1122M (90%)         568M (45%)    
[14.675s][info][gc,heap     ] GC(12)      Used:      618M (49%)         648M (52%)         104M (8%)           94M (8%)          648M (52%)          94M (8%)     
[14.675s][info][gc,heap     ] GC(12)      Live:         -                32M (3%)           32M (3%)           32M (3%)             -                  -          
[14.675s][info][gc,heap     ] GC(12) Allocated:         -                30M (2%)           30M (2%)           32M (3%)             -                  -          
[14.675s][info][gc,heap     ] GC(12)   Garbage:         -               585M (47%)          41M (3%)           31M (2%)             -                  -          
[14.675s][info][gc,heap     ] GC(12) Reclaimed:         -                  -               544M (44%)         554M (44%)            -                  -          
[14.675s][info][gc          ] GC(12) Garbage Collection (Allocation Rate) 618M(49%)->94M(8%)
[15.564s][info][gc,start    ] GC(13) Garbage Collection (Allocation Rate)
[15.568s][info][gc,phases   ] GC(13) Pause Mark Start 2.158ms
[15.637s][info][gc,phases   ] GC(13) Concurrent Mark 68.711ms
[15.639s][info][gc,phases   ] GC(13) Pause Mark End 0.200ms
[15.641s][info][gc,phases   ] GC(13) Concurrent Process Non-Strong References 1.408ms
[15.641s][info][gc,phases   ] GC(13) Concurrent Reset Relocation Set 0.002ms
[15.641s][info][gc,phases   ] GC(13) Concurrent Destroy Detached Pages 0.000ms
[15.642s][info][gc,phases   ] GC(13) Concurrent Select Relocation Set 1.566ms
[15.642s][info][gc,phases   ] GC(13) Concurrent Prepare Relocation Set 0.014ms
[15.644s][info][gc,phases   ] GC(13) Pause Relocate Start 1.770ms
[15.653s][info][gc,phases   ] GC(13) Concurrent Relocate 8.181ms
[15.653s][info][gc,load     ] GC(13) Load: 2.07/3.10/3.02
[15.653s][info][gc,mmu      ] GC(13) MMU: 2ms/0.0%, 5ms/34.6%, 10ms/65.5%, 20ms/82.7%, 50ms/93.1%, 100ms/95.2%
[15.653s][info][gc,marking  ] GC(13) Mark: 1 stripe(s), 2 proactive flush(es), 1 terminate flush(es), 0 completion(s), 0 continuation(s) 
[15.653s][info][gc,reloc    ] GC(13) Relocation: Successful, 7M relocated
[15.653s][info][gc,nmethod  ] GC(13) NMethods: 2033 registered, 0 unregistered
[15.653s][info][gc,metaspace] GC(13) Metaspace: 67M used, 71M capacity, 71M committed, 72M reserved
[15.653s][info][gc,ref      ] GC(13) Soft: 4485 encountered, 0 discovered, 0 enqueued
[15.653s][info][gc,ref      ] GC(13) Weak: 4192 encountered, 3292 discovered, 135 enqueued
[15.653s][info][gc,ref      ] GC(13) Final: 26 encountered, 0 discovered, 0 enqueued
[15.653s][info][gc,ref      ] GC(13) Phantom: 732 encountered, 728 discovered, 76 enqueued
[15.653s][info][gc,heap     ] GC(13)                Mark Start          Mark End        Relocate Start      Relocate End           High               Low         
[15.653s][info][gc,heap     ] GC(13)  Capacity:      968M (77%)         990M (79%)         990M (79%)         990M (79%)         990M (79%)         968M (77%)    
[15.653s][info][gc,heap     ] GC(13)   Reserve:       34M (3%)           34M (3%)           34M (3%)           34M (3%)           34M (3%)           34M (3%)     
[15.653s][info][gc,heap     ] GC(13)      Free:      372M (30%)         330M (26%)        1092M (87%)        1098M (88%)        1098M (88%)         330M (26%)    
[15.653s][info][gc,heap     ] GC(13)      Used:      844M (68%)         886M (71%)         124M (10%)         118M (9%)          886M (71%)         118M (9%)     
[15.653s][info][gc,heap     ] GC(13)      Live:         -                33M (3%)           33M (3%)           33M (3%)             -                  -          
[15.653s][info][gc,heap     ] GC(13) Allocated:         -                42M (3%)           42M (3%)           56M (4%)             -                  -          
[15.653s][info][gc,heap     ] GC(13)   Garbage:         -               810M (65%)          48M (4%)           30M (2%)             -                  -          
[15.653s][info][gc,heap     ] GC(13) Reclaimed:         -                  -               762M (61%)         780M (62%)            -                  -          
[15.653s][info][gc          ] GC(13) Garbage Collection (Allocation Rate) 844M(68%)->118M(9%)
[16.064s][info][gc,start    ] GC(14) Garbage Collection (Allocation Rate)
[16.068s][info][gc,phases   ] GC(14) Pause Mark Start 2.117ms
[16.137s][info][gc,phases   ] GC(14) Concurrent Mark 68.912ms
[16.140s][info][gc,phases   ] GC(14) Pause Mark End 0.190ms
[16.141s][info][gc,phases   ] GC(14) Concurrent Process Non-Strong References 1.339ms
[16.141s][info][gc,phases   ] GC(14) Concurrent Reset Relocation Set 0.002ms
[16.141s][info][gc,phases   ] GC(14) Concurrent Destroy Detached Pages 0.000ms
[16.143s][info][gc,phases   ] GC(14) Concurrent Select Relocation Set 1.563ms
[16.143s][info][gc,phases   ] GC(14) Concurrent Prepare Relocation Set 0.015ms
[16.144s][info][gc,phases   ] GC(14) Pause Relocate Start 1.699ms
[16.145s][info][gc,phases   ] GC(14) Concurrent Relocate 0.963ms
[16.145s][info][gc,load     ] GC(14) Load: 2.07/3.10/3.02
[16.145s][info][gc,mmu      ] GC(14) MMU: 2ms/0.0%, 5ms/34.6%, 10ms/65.5%, 20ms/82.7%, 50ms/93.1%, 100ms/95.2%
[16.145s][info][gc,marking  ] GC(14) Mark: 1 stripe(s), 2 proactive flush(es), 1 terminate flush(es), 0 completion(s), 0 continuation(s) 
[16.145s][info][gc,reloc    ] GC(14) Relocation: Successful, 7M relocated
[16.145s][info][gc,nmethod  ] GC(14) NMethods: 2048 registered, 0 unregistered
[16.145s][info][gc,metaspace] GC(14) Metaspace: 67M used, 71M capacity, 71M committed, 72M reserved
[16.145s][info][gc,ref      ] GC(14) Soft: 4485 encountered, 0 discovered, 0 enqueued
[16.145s][info][gc,ref      ] GC(14) Weak: 4057 encountered, 3157 discovered, 0 enqueued
[16.145s][info][gc,ref      ] GC(14) Final: 26 encountered, 0 discovered, 0 enqueued
[16.145s][info][gc,ref      ] GC(14) Phantom: 656 encountered, 652 discovered, 0 enqueued
[16.145s][info][gc,heap     ] GC(14)                Mark Start          Mark End        Relocate Start      Relocate End           High               Low         
[16.145s][info][gc,heap     ] GC(14)  Capacity:      990M (79%)         990M (79%)         990M (79%)         990M (79%)         990M (79%)         990M (79%)    
[16.145s][info][gc,heap     ] GC(14)   Reserve:       34M (3%)           34M (3%)           34M (3%)           34M (3%)           34M (3%)           34M (3%)     
[16.145s][info][gc,heap     ] GC(14)      Free:      438M (35%)         378M (30%)        1076M (86%)        1092M (87%)        1092M (87%)         378M (30%)    
[16.145s][info][gc,heap     ] GC(14)      Used:      778M (62%)         838M (67%)         140M (11%)         124M (10%)         838M (67%)         124M (10%)    
[16.145s][info][gc,heap     ] GC(14)      Live:         -                33M (3%)           33M (3%)           33M (3%)             -                  -          
[16.145s][info][gc,heap     ] GC(14) Allocated:         -                60M (5%)           60M (5%)           62M (5%)             -                  -          
[16.145s][info][gc,heap     ] GC(14)   Garbage:         -               744M (60%)          46M (4%)           30M (2%)             -                  -          
[16.145s][info][gc,heap     ] GC(14) Reclaimed:         -                  -               698M (56%)         714M (57%)            -                  -          
[16.145s][info][gc          ] GC(14) Garbage Collection (Allocation Rate) 778M(62%)->124M(10%)
[16.464s][info][gc,start    ] GC(15) Garbage Collection (Allocation Rate)
[16.468s][info][gc,phases   ] GC(15) Pause Mark Start 2.149ms
[16.541s][info][gc,phases   ] GC(15) Concurrent Mark 72.656ms
[16.543s][info][gc,phases   ] GC(15) Pause Mark End 0.197ms
[16.545s][info][gc,phases   ] GC(15) Concurrent Process Non-Strong References 1.371ms
[16.545s][info][gc,phases   ] GC(15) Concurrent Reset Relocation Set 0.003ms
[16.545s][info][gc,phases   ] GC(15) Concurrent Destroy Detached Pages 0.000ms
[16.546s][info][gc,phases   ] GC(15) Concurrent Select Relocation Set 1.576ms
[16.546s][info][gc,phases   ] GC(15) Concurrent Prepare Relocation Set 0.017ms
[16.548s][info][gc,phases   ] GC(15) Pause Relocate Start 1.757ms
[16.552s][info][gc,phases   ] GC(15) Concurrent Relocate 4.237ms
[16.553s][info][gc,load     ] GC(15) Load: 2.07/3.10/3.02
[16.553s][info][gc,mmu      ] GC(15) MMU: 2ms/0.0%, 5ms/34.6%, 10ms/65.5%, 20ms/82.7%, 50ms/93.1%, 100ms/95.2%
[16.553s][info][gc,marking  ] GC(15) Mark: 1 stripe(s), 2 proactive flush(es), 1 terminate flush(es), 0 completion(s), 0 continuation(s) 
[16.553s][info][gc,reloc    ] GC(15) Relocation: Successful, 7M relocated
[16.553s][info][gc,nmethod  ] GC(15) NMethods: 2056 registered, 0 unregistered
[16.553s][info][gc,metaspace] GC(15) Metaspace: 67M used, 71M capacity, 71M committed, 72M reserved
[16.553s][info][gc,ref      ] GC(15) Soft: 4485 encountered, 0 discovered, 0 enqueued
[16.553s][info][gc,ref      ] GC(15) Weak: 4057 encountered, 3157 discovered, 0 enqueued
[16.553s][info][gc,ref      ] GC(15) Final: 26 encountered, 0 discovered, 0 enqueued
[16.553s][info][gc,ref      ] GC(15) Phantom: 656 encountered, 652 discovered, 0 enqueued
[16.553s][info][gc,heap     ] GC(15)                Mark Start          Mark End        Relocate Start      Relocate End           High               Low         
[16.553s][info][gc,heap     ] GC(15)  Capacity:      990M (79%)         990M (79%)         990M (79%)         990M (79%)         990M (79%)         990M (79%)    
[16.553s][info][gc,heap     ] GC(15)   Reserve:       34M (3%)           34M (3%)           34M (3%)           34M (3%)           34M (3%)           34M (3%)     
[16.553s][info][gc,heap     ] GC(15)      Free:      646M (52%)         584M (47%)        1082M (87%)        1084M (87%)        1084M (87%)         584M (47%)    
[16.553s][info][gc,heap     ] GC(15)      Used:      570M (46%)         632M (51%)         134M (11%)         132M (11%)         632M (51%)         132M (11%)    
[16.553s][info][gc,heap     ] GC(15)      Live:         -                33M (3%)           33M (3%)           33M (3%)             -                  -          
[16.553s][info][gc,heap     ] GC(15) Allocated:         -                62M (5%)           62M (5%)           70M (6%)             -                  -          
[16.553s][info][gc,heap     ] GC(15)   Garbage:         -               536M (43%)          38M (3%)           30M (2%)             -                  -          
[16.553s][info][gc,heap     ] GC(15) Reclaimed:         -                  -               498M (40%)         506M (40%)            -                  -          
[16.553s][info][gc          ] GC(15) Garbage Collection (Allocation Rate) 570M(46%)->132M(11%)
[17.064s][info][gc,start    ] GC(16) Garbage Collection (Allocation Rate)
[17.068s][info][gc,phases   ] GC(16) Pause Mark Start 2.075ms
[17.135s][info][gc,phases   ] GC(16) Concurrent Mark 66.966ms
[17.137s][info][gc,phases   ] GC(16) Pause Mark End 0.199ms
[17.139s][info][gc,phases   ] GC(16) Concurrent Process Non-Strong References 1.366ms
[17.139s][info][gc,phases   ] GC(16) Concurrent Reset Relocation Set 0.001ms
[17.139s][info][gc,phases   ] GC(16) Concurrent Destroy Detached Pages 0.000ms
[17.140s][info][gc,phases   ] GC(16) Concurrent Select Relocation Set 1.650ms
[17.140s][info][gc,phases   ] GC(16) Concurrent Prepare Relocation Set 0.012ms
[17.142s][info][gc,phases   ] GC(16) Pause Relocate Start 1.668ms
[17.143s][info][gc,phases   ] GC(16) Concurrent Relocate 0.918ms
[17.143s][info][gc,load     ] GC(16) Load: 2.07/3.08/3.02
[17.143s][info][gc,mmu      ] GC(16) MMU: 2ms/0.0%, 5ms/34.6%, 10ms/65.5%, 20ms/82.7%, 50ms/93.1%, 100ms/95.2%
[17.143s][info][gc,marking  ] GC(16) Mark: 1 stripe(s), 2 proactive flush(es), 1 terminate flush(es), 0 completion(s), 0 continuation(s) 
[17.143s][info][gc,reloc    ] GC(16) Relocation: Successful, 7M relocated
[17.143s][info][gc,nmethod  ] GC(16) NMethods: 2105 registered, 0 unregistered
[17.143s][info][gc,metaspace] GC(16) Metaspace: 67M used, 71M capacity, 71M committed, 72M reserved
[17.143s][info][gc,ref      ] GC(16) Soft: 4485 encountered, 0 discovered, 0 enqueued
[17.143s][info][gc,ref      ] GC(16) Weak: 4133 encountered, 3234 discovered, 74 enqueued
[17.143s][info][gc,ref      ] GC(16) Final: 26 encountered, 0 discovered, 0 enqueued
[17.143s][info][gc,ref      ] GC(16) Phantom: 656 encountered, 652 discovered, 0 enqueued
[17.143s][info][gc,heap     ] GC(16)                Mark Start          Mark End        Relocate Start      Relocate End           High               Low         
[17.143s][info][gc,heap     ] GC(16)  Capacity:      990M (79%)         994M (80%)         994M (80%)         994M (80%)         994M (80%)         990M (79%)    
[17.143s][info][gc,heap     ] GC(16)   Reserve:       34M (3%)           34M (3%)           34M (3%)           34M (3%)           34M (3%)           34M (3%)     
[17.143s][info][gc,heap     ] GC(16)      Free:      384M (31%)         326M (26%)        1076M (86%)        1094M (88%)        1094M (88%)         326M (26%)    
[17.143s][info][gc,heap     ] GC(16)      Used:      832M (67%)         890M (71%)         140M (11%)         122M (10%)         890M (71%)         122M (10%)    
[17.143s][info][gc,heap     ] GC(16)      Live:         -                33M (3%)           33M (3%)           33M (3%)             -                  -          
[17.143s][info][gc,heap     ] GC(16) Allocated:         -                58M (5%)           58M (5%)           60M (5%)             -                  -          
[17.143s][info][gc,heap     ] GC(16)   Garbage:         -               798M (64%)          48M (4%)           30M (2%)             -                  -          
[17.143s][info][gc,heap     ] GC(16) Reclaimed:         -                  -               750M (60%)         768M (61%)            -                  -          
[17.143s][info][gc          ] GC(16) Garbage Collection (Allocation Rate) 832M(67%)->122M(10%)
[17.564s][info][gc,start    ] GC(17) Garbage Collection (Allocation Rate)
[17.568s][info][gc,phases   ] GC(17) Pause Mark Start 2.141ms
[17.637s][info][gc,phases   ] GC(17) Concurrent Mark 68.902ms
[17.640s][info][gc,phases   ] GC(17) Pause Mark End 0.200ms
[17.641s][info][gc,phases   ] GC(17) Concurrent Process Non-Strong References 1.374ms
[17.641s][info][gc,phases   ] GC(17) Concurrent Reset Relocation Set 0.003ms
[17.641s][info][gc,phases   ] GC(17) Concurrent Destroy Detached Pages 0.000ms
[17.643s][info][gc,phases   ] GC(17) Concurrent Select Relocation Set 1.578ms
[17.643s][info][gc,phases   ] GC(17) Concurrent Prepare Relocation Set 0.015ms
[17.645s][info][gc,phases   ] GC(17) Pause Relocate Start 1.806ms
[17.652s][info][gc,phases   ] GC(17) Concurrent Relocate 7.111ms
[17.652s][info][gc,load     ] GC(17) Load: 2.07/3.08/3.02
[17.652s][info][gc,mmu      ] GC(17) MMU: 2ms/0.0%, 5ms/34.6%, 10ms/65.5%, 20ms/82.7%, 50ms/93.1%, 100ms/95.2%
[17.652s][info][gc,marking  ] GC(17) Mark: 1 stripe(s), 2 proactive flush(es), 1 terminate flush(es), 0 completion(s), 0 continuation(s) 
[17.652s][info][gc,reloc    ] GC(17) Relocation: Successful, 7M relocated
[17.652s][info][gc,nmethod  ] GC(17) NMethods: 2105 registered, 0 unregistered
[17.652s][info][gc,metaspace] GC(17) Metaspace: 67M used, 71M capacity, 71M committed, 72M reserved
[17.652s][info][gc,ref      ] GC(17) Soft: 4485 encountered, 0 discovered, 0 enqueued
[17.652s][info][gc,ref      ] GC(17) Weak: 4059 encountered, 3160 discovered, 0 enqueued
[17.652s][info][gc,ref      ] GC(17) Final: 26 encountered, 0 discovered, 0 enqueued
[17.652s][info][gc,ref      ] GC(17) Phantom: 656 encountered, 652 discovered, 0 enqueued
[17.652s][info][gc,heap     ] GC(17)                Mark Start          Mark End        Relocate Start      Relocate End           High               Low         
[17.652s][info][gc,heap     ] GC(17)  Capacity:      994M (80%)         994M (80%)         994M (80%)         994M (80%)         994M (80%)         994M (80%)    
[17.652s][info][gc,heap     ] GC(17)   Reserve:       34M (3%)           34M (3%)           34M (3%)           34M (3%)           34M (3%)           34M (3%)     
[17.652s][info][gc,heap     ] GC(17)      Free:      386M (31%)         326M (26%)        1090M (87%)        1082M (87%)        1090M (87%)         326M (26%)    
[17.652s][info][gc,heap     ] GC(17)      Used:      830M (66%)         890M (71%)         126M (10%)         134M (11%)         890M (71%)         126M (10%)    
[17.652s][info][gc,heap     ] GC(17)      Live:         -                33M (3%)           33M (3%)           33M (3%)             -                  -          
[17.652s][info][gc,heap     ] GC(17) Allocated:         -                60M (5%)           60M (5%)           72M (6%)             -                  -          
[17.652s][info][gc,heap     ] GC(17)   Garbage:         -               796M (64%)          32M (3%)           32M (3%)             -                  -          
[17.652s][info][gc,heap     ] GC(17) Reclaimed:         -                  -               764M (61%)         764M (61%)            -                  -          
[17.652s][info][gc          ] GC(17) Garbage Collection (Allocation Rate) 830M(66%)->134M(11%)
[17.964s][info][gc,start    ] GC(18) Garbage Collection (Allocation Rate)
[17.968s][info][gc,phases   ] GC(18) Pause Mark Start 2.198ms
[18.040s][info][gc,phases   ] GC(18) Concurrent Mark 71.489ms
[18.040s][info][gc,phases   ] GC(18) Pause Mark End 0.209ms
[18.060s][info][gc,phases   ] GC(18) Concurrent Process Non-Strong References 19.811ms
[18.060s][info][gc,phases   ] GC(18) Concurrent Reset Relocation Set 0.002ms
[18.060s][info][gc,phases   ] GC(18) Concurrent Destroy Detached Pages 0.000ms
[18.062s][info][gc,phases   ] GC(18) Concurrent Select Relocation Set 1.551ms
[18.062s][info][gc,phases   ] GC(18) Concurrent Prepare Relocation Set 0.016ms
[18.067s][info][gc,phases   ] GC(18) Pause Relocate Start 2.495ms
[18.068s][info][gc,phases   ] GC(18) Concurrent Relocate 1.277ms
[18.068s][info][gc,load     ] GC(18) Load: 2.07/3.08/3.02
[18.068s][info][gc,mmu      ] GC(18) MMU: 2ms/0.0%, 5ms/34.6%, 10ms/65.5%, 20ms/82.7%, 50ms/93.1%, 100ms/95.2%
[18.068s][info][gc,marking  ] GC(18) Mark: 1 stripe(s), 2 proactive flush(es), 1 terminate flush(es), 0 completion(s), 0 continuation(s) 
[18.068s][info][gc,reloc    ] GC(18) Relocation: Successful, 7M relocated
[18.068s][info][gc,nmethod  ] GC(18) NMethods: 2105 registered, 0 unregistered
[18.068s][info][gc,metaspace] GC(18) Metaspace: 67M used, 71M capacity, 71M committed, 72M reserved
[18.068s][info][gc,ref      ] GC(18) Soft: 4485 encountered, 0 discovered, 0 enqueued
[18.068s][info][gc,ref      ] GC(18) Weak: 4059 encountered, 3160 discovered, 0 enqueued
[18.068s][info][gc,ref      ] GC(18) Final: 26 encountered, 0 discovered, 0 enqueued
[18.068s][info][gc,ref      ] GC(18) Phantom: 656 encountered, 652 discovered, 0 enqueued
[18.068s][info][gc,heap     ] GC(18)                Mark Start          Mark End        Relocate Start      Relocate End           High               Low         
[18.068s][info][gc,heap     ] GC(18)  Capacity:      994M (80%)         994M (80%)         994M (80%)         994M (80%)         994M (80%)         994M (80%)    
[18.068s][info][gc,heap     ] GC(18)   Reserve:       34M (3%)           34M (3%)           34M (3%)           34M (3%)           34M (3%)           34M (3%)     
[18.068s][info][gc,heap     ] GC(18)      Free:      550M (44%)         488M (39%)        1064M (85%)        1072M (86%)        1072M (86%)         470M (38%)    
[18.068s][info][gc,heap     ] GC(18)      Used:      666M (53%)         728M (58%)         152M (12%)         144M (12%)         746M (60%)         144M (12%)    
[18.068s][info][gc,heap     ] GC(18)      Live:         -                33M (3%)           33M (3%)           33M (3%)             -                  -          
[18.068s][info][gc,heap     ] GC(18) Allocated:         -                62M (5%)           80M (6%)           82M (7%)             -                  -          
[18.068s][info][gc,heap     ] GC(18)   Garbage:         -               632M (51%)          38M (3%)           30M (2%)             -                  -          
[18.068s][info][gc,heap     ] GC(18) Reclaimed:         -                  -               594M (48%)         602M (48%)            -                  -          
[18.068s][info][gc          ] GC(18) Garbage Collection (Allocation Rate) 666M(53%)->144M(12%)
[20.064s][info][gc,stats    ] === Garbage Collection Statistics =======================================================================================================================
[20.064s][info][gc,stats    ]                                                              Last 10s              Last 10m              Last 10h                Total
[20.064s][info][gc,stats    ]                                                              Avg / Max             Avg / Max             Avg / Max             Avg / Max
[20.064s][info][gc,stats    ]   Collector: Garbage Collection Cycle                     91.828 / 113.853     236.496 / 2248.951    236.496 / 2248.951    236.496 / 2248.951    ms
[20.064s][info][gc,stats    ]  Contention: Mark Segment Reset Contention                     0 / 0                 0 / 0                 0 / 0                 0 / 0           ops/s
[20.064s][info][gc,stats    ]  Contention: Mark SeqNum Reset Contention                      0 / 0                 0 / 0                 0 / 0                 0 / 0           ops/s
[20.064s][info][gc,stats    ]  Contention: Relocation Contention                             0 / 0                 0 / 0                 0 / 0                 0 / 0           ops/s
[20.064s][info][gc,stats    ]    Critical: Allocation Stall                              0.000 / 0.000         0.000 / 0.000         0.000 / 0.000         0.000 / 0.000       ms
[20.064s][info][gc,stats    ]    Critical: Allocation Stall                                  0 / 0                 0 / 0                 0 / 0                 0 / 0           ops/s
[20.064s][info][gc,stats    ]    Critical: GC Locker Stall                               0.009 / 0.009         0.019 / 0.029         0.019 / 0.029         0.019 / 0.029       ms
[20.064s][info][gc,stats    ]    Critical: GC Locker Stall                                   0 / 1                 0 / 1                 0 / 1                 0 / 1           ops/s
[20.064s][info][gc,stats    ]      Memory: Allocation Rate                                 715 / 1448            409 / 1448            409 / 1448            409 / 1448        MB/s
[20.064s][info][gc,stats    ]      Memory: Heap Used After Mark                            610 / 934             574 / 934             574 / 934             574 / 934         MB
[20.064s][info][gc,stats    ]      Memory: Heap Used After Relocation                      121 / 144             179 / 848             179 / 848             179 / 848         MB
[20.064s][info][gc,stats    ]      Memory: Heap Used Before Mark                           558 / 898             510 / 898             510 / 898             510 / 898         MB
[20.064s][info][gc,stats    ]      Memory: Heap Used Before Relocation                     134 / 214             198 / 850             198 / 850             198 / 850         MB
[20.064s][info][gc,stats    ]      Memory: Out Of Memory                                     0 / 0                 0 / 0                 0 / 0                 0 / 0           ops/s
[20.064s][info][gc,stats    ]      Memory: Page Cache Flush                                  0 / 0                 0 / 0                 0 / 0                 0 / 0           MB/s
[20.064s][info][gc,stats    ]      Memory: Page Cache Hit L1                               350 / 724             180 / 724             180 / 724             180 / 724         ops/s
[20.064s][info][gc,stats    ]      Memory: Page Cache Hit L2                                 0 / 0                 0 / 0                 0 / 0                 0 / 0           ops/s
[20.064s][info][gc,stats    ]      Memory: Page Cache Miss                                   2 / 11               21 / 177              21 / 177              21 / 177         ops/s
[20.064s][info][gc,stats    ]      Memory: Undo Object Allocation Failed                     0 / 0                 0 / 0                 0 / 0                 0 / 0           ops/s
[20.064s][info][gc,stats    ]      Memory: Undo Object Allocation Succeeded                  0 / 0                 0 / 0                 0 / 0                 0 / 0           ops/s
[20.064s][info][gc,stats    ]      Memory: Undo Page Allocation                              0 / 0                 0 / 1                 0 / 1                 0 / 1           ops/s
[20.064s][info][gc,stats    ]       Phase: Concurrent Destroy Detached Pages             0.000 / 0.001         0.000 / 0.001         0.000 / 0.001         0.000 / 0.001       ms
[20.064s][info][gc,stats    ]       Phase: Concurrent Mark                              73.687 / 98.164      216.317 / 2238.259    216.317 / 2238.259    216.317 / 2238.259    ms
[20.064s][info][gc,stats    ]       Phase: Concurrent Mark Continue                      0.000 / 0.000         0.000 / 0.000         0.000 / 0.000         0.000 / 0.000       ms
[20.064s][info][gc,stats    ]       Phase: Concurrent Prepare Relocation Set             0.021 / 0.082         0.080 / 0.556         0.080 / 0.556         0.080 / 0.556       ms
[20.064s][info][gc,stats    ]       Phase: Concurrent Process Non-Strong References      2.960 / 19.811        2.599 / 19.811        2.599 / 19.811        2.599 / 19.811      ms
[20.064s][info][gc,stats    ]       Phase: Concurrent Relocate                           5.065 / 13.089        7.350 / 34.898        7.350 / 34.898        7.350 / 34.898      ms
[20.064s][info][gc,stats    ]       Phase: Concurrent Reset Relocation Set               0.003 / 0.006         0.006 / 0.067         0.006 / 0.067         0.006 / 0.067       ms
[20.064s][info][gc,stats    ]       Phase: Concurrent Select Relocation Set              1.728 / 3.530         1.828 / 4.187         1.828 / 4.187         1.828 / 4.187       ms
[20.064s][info][gc,stats    ]       Phase: Pause Mark End                                0.209 / 0.333         0.208 / 0.333         0.208 / 0.333         0.208 / 0.333       ms
[20.064s][info][gc,stats    ]       Phase: Pause Mark Start                              2.058 / 2.471         1.900 / 2.471         1.900 / 2.471         1.900 / 2.471       ms
[20.064s][info][gc,stats    ]       Phase: Pause Relocate Start                          1.785 / 2.495         1.773 / 3.272         1.773 / 3.272         1.773 / 3.272       ms
[20.064s][info][gc,stats    ]    Subphase: Concurrent Mark                              73.666 / 98.148      216.296 / 2238.228    216.296 / 2238.228    216.296 / 2238.228    ms
[20.064s][info][gc,stats    ]    Subphase: Concurrent Mark Idle                          0.000 / 0.000         0.000 / 0.000         0.000 / 0.000         0.000 / 0.000       ms
[20.064s][info][gc,stats    ]    Subphase: Concurrent Mark Try Flush                     1.658 / 9.149         1.737 / 9.149         1.737 / 9.149         1.737 / 9.149       ms
[20.064s][info][gc,stats    ]    Subphase: Concurrent Mark Try Terminate                 0.507 / 3.917         0.590 / 3.917         0.590 / 3.917         0.590 / 3.917       ms
[20.064s][info][gc,stats    ]    Subphase: Concurrent References Enqueue                 0.001 / 0.005         0.001 / 0.005         0.001 / 0.005         0.001 / 0.005       ms
[20.064s][info][gc,stats    ]    Subphase: Concurrent References Process                 0.984 / 3.294         0.875 / 3.294         0.875 / 3.294         0.875 / 3.294       ms
[20.064s][info][gc,stats    ]    Subphase: Concurrent Weak Roots                         1.809 / 16.498        1.589 / 16.498        1.589 / 16.498        1.589 / 16.498      ms
[20.064s][info][gc,stats    ]    Subphase: Concurrent Weak Roots JNIWeakHandles          0.000 / 0.000         0.000 / 0.000         0.000 / 0.000         0.000 / 0.000       ms
[20.064s][info][gc,stats    ]    Subphase: Concurrent Weak Roots StringTable             1.623 / 16.282        1.411 / 16.282        1.411 / 16.282        1.411 / 16.282      ms
[20.064s][info][gc,stats    ]    Subphase: Concurrent Weak Roots VMWeakHandles           0.184 / 0.299         0.176 / 0.299         0.176 / 0.299         0.176 / 0.299       ms
[20.064s][info][gc,stats    ]    Subphase: Pause Mark Try Complete                       0.000 / 0.000         0.000 / 0.000         0.000 / 0.000         0.000 / 0.000       ms
[20.064s][info][gc,stats    ]    Subphase: Pause Remap TLABS                             0.002 / 0.022         0.002 / 0.022         0.002 / 0.022         0.002 / 0.022       ms
[20.064s][info][gc,stats    ]    Subphase: Pause Retire TLABS                            0.011 / 0.019         0.010 / 0.019         0.010 / 0.019         0.010 / 0.019       ms
[20.064s][info][gc,stats    ]    Subphase: Pause Roots                                   1.162 / 2.169         1.125 / 3.085         1.125 / 3.085         1.125 / 3.085       ms
[20.064s][info][gc,stats    ]    Subphase: Pause Roots ClassLoaderDataGraph              0.599 / 0.964         0.601 / 1.764         0.601 / 1.764         0.601 / 1.764       ms
[20.064s][info][gc,stats    ]    Subphase: Pause Roots CodeCache                         0.813 / 1.218         0.718 / 1.218         0.718 / 1.218         0.718 / 1.218       ms
[20.064s][info][gc,stats    ]    Subphase: Pause Roots JNIHandles                        0.001 / 0.002         0.001 / 0.006         0.001 / 0.006         0.001 / 0.006       ms
[20.064s][info][gc,stats    ]    Subphase: Pause Roots JNIWeakHandles                    0.000 / 0.000         0.000 / 0.000         0.000 / 0.000         0.000 / 0.000       ms
[20.064s][info][gc,stats    ]    Subphase: Pause Roots JRFWeak                           0.000 / 0.000         0.000 / 0.000         0.000 / 0.000         0.000 / 0.000       ms
[20.064s][info][gc,stats    ]    Subphase: Pause Roots JVMTIExport                       0.001 / 0.001         0.001 / 0.001         0.001 / 0.001         0.001 / 0.001       ms
[20.064s][info][gc,stats    ]    Subphase: Pause Roots JVMTIWeakExport                   0.001 / 0.001         0.001 / 0.001         0.001 / 0.001         0.001 / 0.001       ms
[20.064s][info][gc,stats    ]    Subphase: Pause Roots Management                        0.001 / 0.003         0.001 / 0.009         0.001 / 0.009         0.001 / 0.009       ms
[20.064s][info][gc,stats    ]    Subphase: Pause Roots ObjectSynchronizer                0.000 / 0.001         0.000 / 0.001         0.000 / 0.001         0.000 / 0.001       ms
[20.064s][info][gc,stats    ]    Subphase: Pause Roots Setup                             0.155 / 0.363         0.135 / 0.363         0.135 / 0.363         0.135 / 0.363       ms
[20.064s][info][gc,stats    ]    Subphase: Pause Roots StringTable                       0.000 / 0.000         0.000 / 0.000         0.000 / 0.000         0.000 / 0.000       ms
[20.064s][info][gc,stats    ]    Subphase: Pause Roots SystemDictionary                  0.014 / 0.061         0.014 / 0.061         0.014 / 0.061         0.014 / 0.061       ms
[20.064s][info][gc,stats    ]    Subphase: Pause Roots Teardown                          0.001 / 0.003         0.001 / 0.012         0.001 / 0.012         0.001 / 0.012       ms
[20.064s][info][gc,stats    ]    Subphase: Pause Roots Threads                           0.205 / 0.663         0.222 / 1.012         0.222 / 1.012         0.222 / 1.012       ms
[20.064s][info][gc,stats    ]    Subphase: Pause Roots Universe                          0.003 / 0.020         0.014 / 0.439         0.014 / 0.439         0.014 / 0.439       ms
[20.064s][info][gc,stats    ]    Subphase: Pause Roots VMWeakHandles                     0.000 / 0.000         0.000 / 0.000         0.000 / 0.000         0.000 / 0.000       ms
[20.064s][info][gc,stats    ]    Subphase: Pause Weak Roots                              0.002 / 0.002         0.002 / 0.009         0.002 / 0.009         0.002 / 0.009       ms
[20.064s][info][gc,stats    ]    Subphase: Pause Weak Roots JFRWeak                      0.001 / 0.001         0.001 / 0.001         0.001 / 0.001         0.001 / 0.001       ms
[20.064s][info][gc,stats    ]    Subphase: Pause Weak Roots JNIWeakHandles               0.000 / 0.000         0.000 / 0.000         0.000 / 0.000         0.000 / 0.000       ms
[20.064s][info][gc,stats    ]    Subphase: Pause Weak Roots JVMTIWeakExport              0.001 / 0.001         0.001 / 0.008         0.001 / 0.008         0.001 / 0.008       ms
[20.064s][info][gc,stats    ]    Subphase: Pause Weak Roots Setup                        0.000 / 0.000         0.000 / 0.000         0.000 / 0.000         0.000 / 0.000       ms
[20.064s][info][gc,stats    ]    Subphase: Pause Weak Roots StringTable                  0.000 / 0.000         0.000 / 0.000         0.000 / 0.000         0.000 / 0.000       ms
[20.064s][info][gc,stats    ]    Subphase: Pause Weak Roots SymbolTable                  0.000 / 0.000         0.000 / 0.000         0.000 / 0.000         0.000 / 0.000       ms
[20.064s][info][gc,stats    ]    Subphase: Pause Weak Roots Teardown                     0.001 / 0.001         0.001 / 0.001         0.001 / 0.001         0.001 / 0.001       ms
[20.064s][info][gc,stats    ]    Subphase: Pause Weak Roots VMWeakHandles                0.000 / 0.000         0.000 / 0.000         0.000 / 0.000         0.000 / 0.000       ms
[20.064s][info][gc,stats    ]      System: Java Threads                                     48 / 50               43 / 50               43 / 50               43 / 50          threads
[20.064s][info][gc,stats    ] =========================================================================================================================================================
[22.264s][info][gc,start    ] GC(19) Garbage Collection (Allocation Rate)
[22.270s][info][gc,phases   ] GC(19) Pause Mark Start 2.465ms
[22.717s][info][gc,heap     ] Page Cache Flushed: 2M requested, 32M(32M->0M) flushed
[22.899s][info][gc,phases   ] GC(19) Concurrent Mark 629.291ms
[22.900s][info][gc,phases   ] GC(19) Pause Mark End 0.202ms
[22.901s][info][gc,phases   ] GC(19) Concurrent Process Non-Strong References 1.588ms
[22.901s][info][gc,phases   ] GC(19) Concurrent Reset Relocation Set 0.002ms
[22.901s][info][gc,phases   ] GC(19) Concurrent Destroy Detached Pages 0.002ms
[22.903s][info][gc,phases   ] GC(19) Concurrent Select Relocation Set 1.556ms
[22.903s][info][gc          ] Allocation Stall (Executor task launch worker for task 0.0 in stage 1.0 (TID 3)) 46.120ms
[22.967s][info][gc,phases   ] GC(19) Concurrent Prepare Relocation Set 63.895ms
[22.976s][info][gc,phases   ] GC(19) Pause Relocate Start 2.622ms
[23.433s][info][gc,phases   ] GC(19) Concurrent Relocate 456.100ms
[23.433s][info][gc,load     ] GC(19) Load: 2.06/3.07/3.01
[23.433s][info][gc,mmu      ] GC(19) MMU: 2ms/0.0%, 5ms/34.6%, 10ms/65.5%, 20ms/82.7%, 50ms/93.1%, 100ms/95.2%
[23.433s][info][gc,marking  ] GC(19) Mark: 1 stripe(s), 2 proactive flush(es), 1 terminate flush(es), 0 completion(s), 0 continuation(s) 
[23.433s][info][gc,reloc    ] GC(19) Relocation: Successful, 114M relocated
[23.433s][info][gc,nmethod  ] GC(19) NMethods: 2782 registered, 0 unregistered
[23.433s][info][gc,metaspace] GC(19) Metaspace: 70M used, 73M capacity, 73M committed, 74M reserved
[23.433s][info][gc,ref      ] GC(19) Soft: 4643 encountered, 0 discovered, 0 enqueued
[23.433s][info][gc,ref      ] GC(19) Weak: 4546 encountered, 3549 discovered, 183 enqueued
[23.433s][info][gc,ref      ] GC(19) Final: 26 encountered, 0 discovered, 0 enqueued
[23.433s][info][gc,ref      ] GC(19) Phantom: 834 encountered, 830 discovered, 180 enqueued
[23.433s][info][gc,heap     ] GC(19)                Mark Start          Mark End        Relocate Start      Relocate End           High               Low         
[23.433s][info][gc,heap     ] GC(19)  Capacity:     1164M (93%)        1250M (100%)       1250M (100%)       1250M (100%)       1250M (100%)       1164M (93%)    
[23.433s][info][gc,heap     ] GC(19)   Reserve:       34M (3%)           34M (3%)           34M (3%)           34M (3%)           34M (3%)           34M (3%)     
[23.433s][info][gc,heap     ] GC(19)      Free:      118M (9%)            0M (0%)          254M (20%)         812M (65%)         814M (65%)           0M (0%)     
[23.433s][info][gc,heap     ] GC(19)      Used:     1098M (88%)        1216M (97%)         962M (77%)         404M (32%)        1216M (97%)         402M (32%)    
[23.433s][info][gc,heap     ] GC(19)      Live:         -               159M (13%)         159M (13%)         159M (13%)            -                  -          
[23.433s][info][gc,heap     ] GC(19) Allocated:         -               118M (9%)          132M (11%)         334M (27%)            -                  -          
[23.433s][info][gc,heap     ] GC(19)   Garbage:         -               938M (75%)         670M (54%)          98M (8%)             -                  -          
[23.433s][info][gc,heap     ] GC(19) Reclaimed:         -                  -               268M (21%)         840M (67%)            -                  -          
[23.433s][info][gc          ] GC(19) Garbage Collection (Allocation Rate) 1098M(88%)->404M(32%)
[23.464s][info][gc,start    ] GC(20) Garbage Collection (Allocation Rate)
[23.469s][info][gc,phases   ] GC(20) Pause Mark Start 2.541ms
[23.971s][info][gc,heap     ] Page Cache Flushed: 18M requested, 22M(740M->718M) flushed
[24.598s][info][gc,phases   ] GC(20) Concurrent Mark 1128.751ms
[24.600s][info][gc,phases   ] GC(20) Pause Mark End 0.210ms
[24.602s][info][gc,phases   ] GC(20) Concurrent Process Non-Strong References 1.691ms
[24.603s][info][gc,phases   ] GC(20) Concurrent Reset Relocation Set 1.461ms
[24.603s][info][gc,phases   ] GC(20) Concurrent Destroy Detached Pages 0.004ms
[24.605s][info][gc,phases   ] GC(20) Concurrent Select Relocation Set 1.657ms
[24.607s][info][gc,phases   ] GC(20) Concurrent Prepare Relocation Set 2.333ms
[24.616s][info][gc,phases   ] GC(20) Pause Relocate Start 2.253ms
[24.723s][info][gc,phases   ] GC(20) Concurrent Relocate 107.330ms
[24.723s][info][gc,load     ] GC(20) Load: 2.06/3.07/3.01
[24.723s][info][gc,mmu      ] GC(20) MMU: 2ms/0.0%, 5ms/34.6%, 10ms/65.5%, 20ms/82.7%, 50ms/93.1%, 100ms/95.2%
[24.723s][info][gc,marking  ] GC(20) Mark: 1 stripe(s), 2 proactive flush(es), 1 terminate flush(es), 0 completion(s), 0 continuation(s) 
[24.723s][info][gc,reloc    ] GC(20) Relocation: Successful, 37M relocated
[24.723s][info][gc,nmethod  ] GC(20) NMethods: 2782 registered, 0 unregistered
[24.723s][info][gc,metaspace] GC(20) Metaspace: 70M used, 73M capacity, 73M committed, 74M reserved
[24.723s][info][gc,ref      ] GC(20) Soft: 4651 encountered, 0 discovered, 0 enqueued
[24.723s][info][gc,ref      ] GC(20) Weak: 4452 encountered, 3454 discovered, 26 enqueued
[24.723s][info][gc,ref      ] GC(20) Final: 26 encountered, 0 discovered, 0 enqueued
[24.723s][info][gc,ref      ] GC(20) Phantom: 683 encountered, 679 discovered, 29 enqueued
[24.723s][info][gc,heap     ] GC(20)                Mark Start          Mark End        Relocate Start      Relocate End           High               Low         
[24.723s][info][gc,heap     ] GC(20)  Capacity:     1250M (100%)       1250M (100%)       1250M (100%)       1250M (100%)       1250M (100%)       1250M (100%)   
[24.723s][info][gc,heap     ] GC(20)   Reserve:       34M (3%)           34M (3%)           34M (3%)           34M (3%)           34M (3%)           34M (3%)     
[24.723s][info][gc,heap     ] GC(20)      Free:      800M (64%)         582M (47%)         580M (46%)         778M (62%)         800M (64%)         578M (46%)    
[24.723s][info][gc,heap     ] GC(20)      Used:      416M (33%)         634M (51%)         636M (51%)         438M (35%)         638M (51%)         416M (33%)    
[24.723s][info][gc,heap     ] GC(20)      Live:         -               168M (13%)         168M (13%)         168M (13%)            -                  -          
[24.723s][info][gc,heap     ] GC(20) Allocated:         -               218M (17%)         220M (18%)         250M (20%)            -                  -          
[24.723s][info][gc,heap     ] GC(20)   Garbage:         -               247M (20%)         247M (20%)          49M (4%)             -                  -          
[24.723s][info][gc,heap     ] GC(20) Reclaimed:         -                  -                 0M (0%)          198M (16%)            -                  -          
[24.723s][info][gc          ] GC(20) Garbage Collection (Allocation Rate) 416M(33%)->438M(35%)
[26.664s][info][gc,start    ] GC(21) Garbage Collection (Allocation Rate)
[26.670s][info][gc,phases   ] GC(21) Pause Mark Start 2.821ms
[27.017s][info][gc,phases   ] GC(21) Concurrent Mark 347.418ms
[27.020s][info][gc,phases   ] GC(21) Pause Mark End 0.257ms
[27.021s][info][gc,phases   ] GC(21) Concurrent Process Non-Strong References 1.498ms
[27.021s][info][gc,phases   ] GC(21) Concurrent Reset Relocation Set 0.279ms
[27.021s][info][gc,phases   ] GC(21) Concurrent Destroy Detached Pages 0.000ms
[27.023s][info][gc,phases   ] GC(21) Concurrent Select Relocation Set 1.665ms
[27.026s][info][gc,phases   ] GC(21) Concurrent Prepare Relocation Set 2.529ms
[27.028s][info][gc,phases   ] GC(21) Pause Relocate Start 2.290ms
[27.174s][info][gc,phases   ] GC(21) Concurrent Relocate 141.766ms
[27.174s][info][gc,load     ] GC(21) Load: 2.06/3.05/3.01
[27.174s][info][gc,mmu      ] GC(21) MMU: 2ms/0.0%, 5ms/34.6%, 10ms/65.5%, 20ms/82.7%, 50ms/93.1%, 100ms/95.2%
[27.174s][info][gc,marking  ] GC(21) Mark: 1 stripe(s), 2 proactive flush(es), 1 terminate flush(es), 0 completion(s), 0 continuation(s) 
[27.174s][info][gc,reloc    ] GC(21) Relocation: Successful, 47M relocated
[27.174s][info][gc,nmethod  ] GC(21) NMethods: 2932 registered, 0 unregistered
[27.174s][info][gc,metaspace] GC(21) Metaspace: 70M used, 74M capacity, 74M committed, 76M reserved
[27.174s][info][gc,ref      ] GC(21) Soft: 4659 encountered, 0 discovered, 0 enqueued
[27.174s][info][gc,ref      ] GC(21) Weak: 4646 encountered, 3656 discovered, 107 enqueued
[27.174s][info][gc,ref      ] GC(21) Final: 26 encountered, 0 discovered, 0 enqueued
[27.174s][info][gc,ref      ] GC(21) Phantom: 670 encountered, 666 discovered, 15 enqueued
[27.174s][info][gc,heap     ] GC(21)                Mark Start          Mark End        Relocate Start      Relocate End           High               Low         
[27.174s][info][gc,heap     ] GC(21)  Capacity:     1250M (100%)       1250M (100%)       1250M (100%)       1250M (100%)       1250M (100%)       1250M (100%)   
[27.174s][info][gc,heap     ] GC(21)   Reserve:       34M (3%)           34M (3%)           34M (3%)           34M (3%)           34M (3%)           34M (3%)     
[27.174s][info][gc,heap     ] GC(21)      Free:      598M (48%)         522M (42%)         810M (65%)         976M (78%)         976M (78%)         522M (42%)    
[27.174s][info][gc,heap     ] GC(21)      Used:      618M (49%)         694M (56%)         406M (32%)         240M (19%)         694M (56%)         240M (19%)    
[27.174s][info][gc,heap     ] GC(21)      Live:         -               104M (8%)          104M (8%)          104M (8%)             -                  -          
[27.174s][info][gc,heap     ] GC(21) Allocated:         -                76M (6%)           76M (6%)          162M (13%)            -                  -          
[27.174s][info][gc,heap     ] GC(21)   Garbage:         -               513M (41%)         225M (18%)          55M (4%)             -                  -          
[27.174s][info][gc,heap     ] GC(21) Reclaimed:         -                  -               288M (23%)         458M (37%)            -                  -          
[27.174s][info][gc          ] GC(21) Garbage Collection (Allocation Rate) 618M(49%)->240M(19%)
[27.264s][info][gc,start    ] GC(22) Garbage Collection (Allocation Rate)
[27.270s][info][gc,phases   ] GC(22) Pause Mark Start 2.681ms
[27.863s][info][gc,phases   ] GC(22) Concurrent Mark 593.672ms
[27.866s][info][gc,phases   ] GC(22) Pause Mark End 0.256ms
[27.868s][info][gc,phases   ] GC(22) Concurrent Process Non-Strong References 1.631ms
[27.868s][info][gc,phases   ] GC(22) Concurrent Reset Relocation Set 0.308ms
[27.868s][info][gc,phases   ] GC(22) Concurrent Destroy Detached Pages 0.001ms
[27.870s][info][gc,phases   ] GC(22) Concurrent Select Relocation Set 1.525ms
[27.876s][info][gc,phases   ] GC(22) Concurrent Prepare Relocation Set 6.406ms
[27.879s][info][gc,phases   ] GC(22) Pause Relocate Start 2.444ms
[27.983s][info][gc,phases   ] GC(22) Concurrent Relocate 103.988ms
[27.983s][info][gc,load     ] GC(22) Load: 2.06/3.05/3.01
[27.984s][info][gc,mmu      ] GC(22) MMU: 2ms/0.0%, 5ms/34.6%, 10ms/65.5%, 20ms/82.7%, 50ms/93.1%, 100ms/95.2%
[27.984s][info][gc,marking  ] GC(22) Mark: 1 stripe(s), 2 proactive flush(es), 1 terminate flush(es), 0 completion(s), 0 continuation(s) 
[27.984s][info][gc,reloc    ] GC(22) Relocation: Successful, 39M relocated
[27.984s][info][gc,nmethod  ] GC(22) NMethods: 2947 registered, 0 unregistered
[27.984s][info][gc,metaspace] GC(22) Metaspace: 70M used, 74M capacity, 74M committed, 76M reserved
[27.984s][info][gc,ref      ] GC(22) Soft: 4659 encountered, 0 discovered, 0 enqueued
[27.984s][info][gc,ref      ] GC(22) Weak: 4539 encountered, 3549 discovered, 0 enqueued
[27.984s][info][gc,ref      ] GC(22) Final: 26 encountered, 0 discovered, 0 enqueued
[27.984s][info][gc,ref      ] GC(22) Phantom: 655 encountered, 651 discovered, 0 enqueued
[27.984s][info][gc,heap     ] GC(22)                Mark Start          Mark End        Relocate Start      Relocate End           High               Low         
[27.984s][info][gc,heap     ] GC(22)  Capacity:     1250M (100%)       1250M (100%)       1250M (100%)       1250M (100%)       1250M (100%)       1250M (100%)   
[27.984s][info][gc,heap     ] GC(22)   Reserve:       34M (3%)           34M (3%)           34M (3%)           34M (3%)           34M (3%)           34M (3%)     
[27.984s][info][gc,heap     ] GC(22)      Free:      948M (76%)         744M (60%)         738M (59%)         822M (66%)         948M (76%)         736M (59%)    
[27.984s][info][gc,heap     ] GC(22)      Used:      268M (21%)         472M (38%)         478M (38%)         394M (32%)         480M (38%)         268M (21%)    
[27.984s][info][gc,heap     ] GC(22)      Live:         -               133M (11%)         133M (11%)         133M (11%)            -                  -          
[27.984s][info][gc,heap     ] GC(22) Allocated:         -               204M (16%)         216M (17%)         250M (20%)            -                  -          
[27.984s][info][gc,heap     ] GC(22)   Garbage:         -               134M (11%)         128M (10%)          42M (3%)             -                  -          
[27.984s][info][gc,heap     ] GC(22) Reclaimed:         -                  -                 6M (0%)           92M (7%)             -                  -          
[27.984s][info][gc          ] GC(22) Garbage Collection (Allocation Rate) 268M(21%)->394M(32%)
[28.164s][info][gc,start    ] GC(23) Garbage Collection (Allocation Rate)
[28.169s][info][gc,phases   ] GC(23) Pause Mark Start 2.740ms
[28.845s][info][gc,heap     ] Page Cache Flushed: 10M requested, 18M(628M->610M) flushed
[28.939s][info][gc,phases   ] GC(23) Concurrent Mark 770.066ms
[28.941s][info][gc,phases   ] GC(23) Pause Mark End 0.213ms
[28.943s][info][gc,phases   ] GC(23) Concurrent Process Non-Strong References 1.575ms
[28.943s][info][gc,phases   ] GC(23) Concurrent Reset Relocation Set 0.307ms
[28.943s][info][gc,phases   ] GC(23) Concurrent Destroy Detached Pages 0.003ms
[28.945s][info][gc,phases   ] GC(23) Concurrent Select Relocation Set 1.545ms
[28.954s][info][gc,phases   ] GC(23) Concurrent Prepare Relocation Set 8.713ms
[28.964s][info][gc,phases   ] GC(23) Pause Relocate Start 2.202ms
[29.153s][info][gc,phases   ] GC(23) Concurrent Relocate 188.601ms
[29.153s][info][gc,load     ] GC(23) Load: 2.06/3.05/3.01
[29.153s][info][gc,mmu      ] GC(23) MMU: 2ms/0.0%, 5ms/34.6%, 10ms/65.5%, 20ms/82.7%, 50ms/93.1%, 100ms/95.2%
[29.153s][info][gc,marking  ] GC(23) Mark: 1 stripe(s), 2 proactive flush(es), 1 terminate flush(es), 0 completion(s), 0 continuation(s) 
[29.153s][info][gc,reloc    ] GC(23) Relocation: Successful, 76M relocated
[29.153s][info][gc,nmethod  ] GC(23) NMethods: 2953 registered, 0 unregistered
[29.153s][info][gc,metaspace] GC(23) Metaspace: 70M used, 74M capacity, 74M committed, 76M reserved
[29.153s][info][gc,ref      ] GC(23) Soft: 4660 encountered, 0 discovered, 0 enqueued
[29.153s][info][gc,ref      ] GC(23) Weak: 4541 encountered, 3555 discovered, 1 enqueued
[29.153s][info][gc,ref      ] GC(23) Final: 26 encountered, 0 discovered, 0 enqueued
[29.153s][info][gc,ref      ] GC(23) Phantom: 654 encountered, 650 discovered, 0 enqueued
[29.153s][info][gc,heap     ] GC(23)                Mark Start          Mark End        Relocate Start      Relocate End           High               Low         
[29.153s][info][gc,heap     ] GC(23)  Capacity:     1250M (100%)       1250M (100%)       1250M (100%)       1250M (100%)       1250M (100%)       1250M (100%)   
[29.153s][info][gc,heap     ] GC(23)   Reserve:       34M (3%)           34M (3%)           34M (3%)           34M (3%)           34M (3%)           34M (3%)     
[29.153s][info][gc,heap     ] GC(23)      Free:      750M (60%)         578M (46%)         590M (47%)         774M (62%)         774M (62%)         556M (44%)    
[29.153s][info][gc,heap     ] GC(23)      Used:      466M (37%)         638M (51%)         626M (50%)         442M (35%)         660M (53%)         442M (35%)    
[29.153s][info][gc,heap     ] GC(23)      Live:         -               192M (15%)         192M (15%)         192M (15%)            -                  -          
[29.153s][info][gc,heap     ] GC(23) Allocated:         -               172M (14%)         176M (14%)         284M (23%)            -                  -          
[29.153s][info][gc,heap     ] GC(23)   Garbage:         -               273M (22%)         257M (21%)          71M (6%)             -                  -          
[29.153s][info][gc,heap     ] GC(23) Reclaimed:         -                  -                16M (1%)          202M (16%)            -                  -          
[29.153s][info][gc          ] GC(23) Garbage Collection (Allocation Rate) 466M(37%)->442M(35%)
[29.265s][info][gc,start    ] GC(24) Garbage Collection (Allocation Rate)
[29.269s][info][gc,phases   ] GC(24) Pause Mark Start 2.526ms
[30.064s][info][gc,stats    ] === Garbage Collection Statistics =======================================================================================================================
[30.064s][info][gc,stats    ]                                                              Last 10s              Last 10m              Last 10h                Total
[30.064s][info][gc,stats    ]                                                              Avg / Max             Avg / Max             Avg / Max             Avg / Max
[30.064s][info][gc,stats    ]   Collector: Garbage Collection Cycle                    928.915 / 1259.060    380.750 / 2248.951    380.750 / 2248.951    380.750 / 2248.951    ms
[30.064s][info][gc,stats    ]  Contention: Mark Segment Reset Contention                     0 / 0                 0 / 0                 0 / 0                 0 / 0           ops/s
[30.064s][info][gc,stats    ]  Contention: Mark SeqNum Reset Contention                      0 / 0                 0 / 0                 0 / 0                 0 / 0           ops/s
[30.064s][info][gc,stats    ]  Contention: Relocation Contention                             0 / 0                 0 / 0                 0 / 0                 0 / 0           ops/s
[30.064s][info][gc,stats    ]    Critical: Allocation Stall                             46.120 / 46.120       46.120 / 46.120       46.120 / 46.120       46.120 / 46.120      ms
[30.064s][info][gc,stats    ]    Critical: Allocation Stall                                  0 / 1                 0 / 1                 0 / 1                 0 / 1           ops/s
[30.064s][info][gc,stats    ]    Critical: GC Locker Stall                               0.000 / 0.000         0.019 / 0.029         0.019 / 0.029         0.019 / 0.029       ms
[30.064s][info][gc,stats    ]    Critical: GC Locker Stall                                   0 / 0                 0 / 1                 0 / 1                 0 / 1           ops/s
[30.064s][info][gc,stats    ]      Memory: Allocation Rate                                 205 / 300             341 / 1448            341 / 1448            341 / 1448        MB/s
[30.064s][info][gc,stats    ]      Memory: Heap Used After Mark                            730 / 1216            606 / 1216            606 / 1216            606 / 1216        MB
[30.064s][info][gc,stats    ]      Memory: Heap Used After Relocation                      383 / 442             221 / 848             221 / 848             221 / 848         MB
[30.064s][info][gc,stats    ]      Memory: Heap Used Before Mark                           559 / 1098            522 / 1098            522 / 1098            522 / 1098        MB
[30.064s][info][gc,stats    ]      Memory: Heap Used Before Relocation                     621 / 962             286 / 962             286 / 962             286 / 962         MB
[30.064s][info][gc,stats    ]      Memory: Out Of Memory                                     0 / 0                 0 / 0                 0 / 0                 0 / 0           ops/s
[30.064s][info][gc,stats    ]      Memory: Page Cache Flush                                  7 / 32                2 / 32                2 / 32                2 / 32          MB/s
[30.064s][info][gc,stats    ]      Memory: Page Cache Hit L1                                91 / 147             150 / 724             150 / 724             150 / 724         ops/s
[30.064s][info][gc,stats    ]      Memory: Page Cache Hit L2                                 0 / 0                 0 / 0                 0 / 0                 0 / 0           ops/s
[30.064s][info][gc,stats    ]      Memory: Page Cache Miss                                  12 / 98               18 / 177              18 / 177              18 / 177         ops/s
[30.064s][info][gc,stats    ]      Memory: Undo Object Allocation Failed                     0 / 0                 0 / 0                 0 / 0                 0 / 0           ops/s
[30.064s][info][gc,stats    ]      Memory: Undo Object Allocation Succeeded                  0 / 0                 0 / 0                 0 / 0                 0 / 0           ops/s
[30.064s][info][gc,stats    ]      Memory: Undo Page Allocation                              0 / 0                 0 / 1                 0 / 1                 0 / 1           ops/s
[30.064s][info][gc,stats    ]       Phase: Concurrent Destroy Detached Pages             0.002 / 0.004         0.001 / 0.004         0.001 / 0.004         0.001 / 0.004       ms
[30.064s][info][gc,stats    ]       Phase: Concurrent Mark                             693.840 / 1128.751    315.801 / 2238.259    315.801 / 2238.259    315.801 / 2238.259    ms
[30.064s][info][gc,stats    ]       Phase: Concurrent Mark Continue                      0.000 / 0.000         0.000 / 0.000         0.000 / 0.000         0.000 / 0.000       ms
[30.064s][info][gc,stats    ]       Phase: Concurrent Prepare Relocation Set            16.775 / 63.895        3.558 / 63.895        3.558 / 63.895        3.558 / 63.895      ms
[30.064s][info][gc,stats    ]       Phase: Concurrent Process Non-Strong References      1.597 / 1.691         2.390 / 19.811        2.390 / 19.811        2.390 / 19.811      ms
[30.064s][info][gc,stats    ]       Phase: Concurrent Relocate                         199.557 / 456.100      47.393 / 456.100      47.393 / 456.100      47.393 / 456.100     ms
[30.064s][info][gc,stats    ]       Phase: Concurrent Reset Relocation Set               0.471 / 1.461         0.103 / 1.461         0.103 / 1.461         0.103 / 1.461       ms
[30.064s][info][gc,stats    ]       Phase: Concurrent Select Relocation Set              1.590 / 1.665         1.779 / 4.187         1.779 / 4.187         1.779 / 4.187       ms
[30.064s][info][gc,stats    ]       Phase: Pause Mark End                                0.227 / 0.257         0.212 / 0.333         0.212 / 0.333         0.212 / 0.333       ms
[30.064s][info][gc,stats    ]       Phase: Pause Mark Start                              2.629 / 2.821         2.075 / 2.821         2.075 / 2.821         2.075 / 2.821       ms
[30.064s][info][gc,stats    ]       Phase: Pause Relocate Start                          2.362 / 2.622         1.896 / 3.272         1.896 / 3.272         1.896 / 3.272       ms
[30.064s][info][gc,stats    ]    Subphase: Concurrent Mark                             693.815 / 1128.722    315.779 / 2238.228    315.779 / 2238.228    315.779 / 2238.228    ms
[30.064s][info][gc,stats    ]    Subphase: Concurrent Mark Idle                          0.000 / 0.000         0.000 / 0.000         0.000 / 0.000         0.000 / 0.000       ms
[30.064s][info][gc,stats    ]    Subphase: Concurrent Mark Try Flush                     0.830 / 3.486         1.563 / 9.149         1.563 / 9.149         1.563 / 9.149       ms
[30.064s][info][gc,stats    ]    Subphase: Concurrent Mark Try Terminate                 0.398 / 1.011         0.552 / 3.917         0.552 / 3.917         0.552 / 3.917       ms
[30.064s][info][gc,stats    ]    Subphase: Concurrent References Enqueue                 0.002 / 0.005         0.002 / 0.005         0.002 / 0.005         0.002 / 0.005       ms
[30.064s][info][gc,stats    ]    Subphase: Concurrent References Process                 0.746 / 0.780         0.848 / 3.294         0.848 / 3.294         0.848 / 3.294       ms
[30.064s][info][gc,stats    ]    Subphase: Concurrent Weak Roots                         0.837 / 0.914         1.432 / 16.498        1.432 / 16.498        1.432 / 16.498      ms
[30.064s][info][gc,stats    ]    Subphase: Concurrent Weak Roots JNIWeakHandles          0.000 / 0.001         0.000 / 0.001         0.000 / 0.001         0.000 / 0.001       ms
[30.064s][info][gc,stats    ]    Subphase: Concurrent Weak Roots StringTable             0.613 / 0.644         1.245 / 16.282        1.245 / 16.282        1.245 / 16.282      ms
[30.064s][info][gc,stats    ]    Subphase: Concurrent Weak Roots VMWeakHandles           0.222 / 0.271         0.186 / 0.299         0.186 / 0.299         0.186 / 0.299       ms
[30.064s][info][gc,stats    ]    Subphase: Pause Mark Try Complete                       0.000 / 0.000         0.000 / 0.000         0.000 / 0.000         0.000 / 0.000       ms
[30.064s][info][gc,stats    ]    Subphase: Pause Remap TLABS                             0.001 / 0.002         0.002 / 0.022         0.002 / 0.022         0.002 / 0.022       ms
[30.064s][info][gc,stats    ]    Subphase: Pause Retire TLABS                            0.014 / 0.022         0.011 / 0.022         0.011 / 0.022         0.011 / 0.022       ms
[30.064s][info][gc,stats    ]    Subphase: Pause Roots                                   1.560 / 2.490         1.221 / 3.085         1.221 / 3.085         1.221 / 3.085       ms
[30.064s][info][gc,stats    ]    Subphase: Pause Roots ClassLoaderDataGraph              0.667 / 0.814         0.616 / 1.764         0.616 / 1.764         0.616 / 1.764       ms
[30.064s][info][gc,stats    ]    Subphase: Pause Roots CodeCache                         1.198 / 1.337         0.826 / 1.337         0.826 / 1.337         0.826 / 1.337       ms
[30.064s][info][gc,stats    ]    Subphase: Pause Roots JNIHandles                        0.001 / 0.004         0.001 / 0.006         0.001 / 0.006         0.001 / 0.006       ms
[30.064s][info][gc,stats    ]    Subphase: Pause Roots JNIWeakHandles                    0.000 / 0.000         0.000 / 0.000         0.000 / 0.000         0.000 / 0.000       ms
[30.064s][info][gc,stats    ]    Subphase: Pause Roots JRFWeak                           0.000 / 0.000         0.000 / 0.000         0.000 / 0.000         0.000 / 0.000       ms
[30.064s][info][gc,stats    ]    Subphase: Pause Roots JVMTIExport                       0.001 / 0.001         0.001 / 0.001         0.001 / 0.001         0.001 / 0.001       ms
[30.064s][info][gc,stats    ]    Subphase: Pause Roots JVMTIWeakExport                   0.001 / 0.001         0.001 / 0.001         0.001 / 0.001         0.001 / 0.001       ms
[30.064s][info][gc,stats    ]    Subphase: Pause Roots Management                        0.001 / 0.002         0.001 / 0.009         0.001 / 0.009         0.001 / 0.009       ms
[30.064s][info][gc,stats    ]    Subphase: Pause Roots ObjectSynchronizer                0.000 / 0.000         0.000 / 0.001         0.000 / 0.001         0.000 / 0.001       ms
[30.064s][info][gc,stats    ]    Subphase: Pause Roots Setup                             0.197 / 0.324         0.149 / 0.363         0.149 / 0.363         0.149 / 0.363       ms
[30.064s][info][gc,stats    ]    Subphase: Pause Roots StringTable                       0.000 / 0.000         0.000 / 0.000         0.000 / 0.000         0.000 / 0.000       ms
[30.064s][info][gc,stats    ]    Subphase: Pause Roots SystemDictionary                  0.014 / 0.018         0.014 / 0.061         0.014 / 0.061         0.014 / 0.061       ms
[30.064s][info][gc,stats    ]    Subphase: Pause Roots Teardown                          0.001 / 0.003         0.001 / 0.012         0.001 / 0.012         0.001 / 0.012       ms
[30.064s][info][gc,stats    ]    Subphase: Pause Roots Threads                           0.262 / 0.475         0.231 / 1.012         0.231 / 1.012         0.231 / 1.012       ms
[30.064s][info][gc,stats    ]    Subphase: Pause Roots Universe                          0.002 / 0.003         0.011 / 0.439         0.011 / 0.439         0.011 / 0.439       ms
[30.064s][info][gc,stats    ]    Subphase: Pause Roots VMWeakHandles                     0.000 / 0.000         0.000 / 0.000         0.000 / 0.000         0.000 / 0.000       ms
[30.064s][info][gc,stats    ]    Subphase: Pause Weak Roots                              0.002 / 0.002         0.002 / 0.009         0.002 / 0.009         0.002 / 0.009       ms
[30.064s][info][gc,stats    ]    Subphase: Pause Weak Roots JFRWeak                      0.001 / 0.001         0.001 / 0.001         0.001 / 0.001         0.001 / 0.001       ms
[30.064s][info][gc,stats    ]    Subphase: Pause Weak Roots JNIWeakHandles               0.000 / 0.000         0.000 / 0.000         0.000 / 0.000         0.000 / 0.000       ms
[30.064s][info][gc,stats    ]    Subphase: Pause Weak Roots JVMTIWeakExport              0.001 / 0.001         0.001 / 0.008         0.001 / 0.008         0.001 / 0.008       ms
[30.064s][info][gc,stats    ]    Subphase: Pause Weak Roots Setup                        0.000 / 0.000         0.000 / 0.000         0.000 / 0.000         0.000 / 0.000       ms
[30.064s][info][gc,stats    ]    Subphase: Pause Weak Roots StringTable                  0.000 / 0.000         0.000 / 0.000         0.000 / 0.000         0.000 / 0.000       ms
[30.064s][info][gc,stats    ]    Subphase: Pause Weak Roots SymbolTable                  0.000 / 0.000         0.000 / 0.000         0.000 / 0.000         0.000 / 0.000       ms
[30.064s][info][gc,stats    ]    Subphase: Pause Weak Roots Teardown                     0.001 / 0.001         0.001 / 0.001         0.001 / 0.001         0.001 / 0.001       ms
[30.064s][info][gc,stats    ]    Subphase: Pause Weak Roots VMWeakHandles                0.000 / 0.000         0.000 / 0.000         0.000 / 0.000         0.000 / 0.000       ms
[30.064s][info][gc,stats    ]      System: Java Threads                                     56 / 57               46 / 57               46 / 57               46 / 57          threads
[30.064s][info][gc,stats    ] =========================================================================================================================================================
[30.225s][info][gc,phases   ] GC(24) Concurrent Mark 955.829ms
[30.227s][info][gc,phases   ] GC(24) Pause Mark End 0.212ms
[30.229s][info][gc,phases   ] GC(24) Concurrent Process Non-Strong References 1.475ms
[30.230s][info][gc,phases   ] GC(24) Concurrent Reset Relocation Set 0.671ms
[30.230s][info][gc,phases   ] GC(24) Concurrent Destroy Detached Pages 0.001ms
[30.231s][info][gc,phases   ] GC(24) Concurrent Select Relocation Set 1.654ms
[30.234s][info][gc,phases   ] GC(24) Concurrent Prepare Relocation Set 3.108ms
[30.237s][info][gc,phases   ] GC(24) Pause Relocate Start 2.339ms
[30.368s][info][gc,phases   ] GC(24) Concurrent Relocate 128.019ms
[30.368s][info][gc,load     ] GC(24) Load: 2.06/3.05/3.01
[30.368s][info][gc,mmu      ] GC(24) MMU: 2ms/0.0%, 5ms/34.6%, 10ms/65.5%, 20ms/82.7%, 50ms/93.1%, 100ms/95.2%
[30.368s][info][gc,marking  ] GC(24) Mark: 1 stripe(s), 2 proactive flush(es), 1 terminate flush(es), 0 completion(s), 0 continuation(s) 
[30.368s][info][gc,reloc    ] GC(24) Relocation: Successful, 51M relocated
[30.368s][info][gc,nmethod  ] GC(24) NMethods: 2960 registered, 0 unregistered
[30.368s][info][gc,metaspace] GC(24) Metaspace: 70M used, 74M capacity, 74M committed, 76M reserved
[30.368s][info][gc,ref      ] GC(24) Soft: 4660 encountered, 0 discovered, 0 enqueued
[30.368s][info][gc,ref      ] GC(24) Weak: 4540 encountered, 3554 discovered, 0 enqueued
[30.368s][info][gc,ref      ] GC(24) Final: 26 encountered, 0 discovered, 0 enqueued
[30.368s][info][gc,ref      ] GC(24) Phantom: 654 encountered, 650 discovered, 0 enqueued
[30.368s][info][gc,heap     ] GC(24)                Mark Start          Mark End        Relocate Start      Relocate End           High               Low         
[30.368s][info][gc,heap     ] GC(24)  Capacity:     1250M (100%)       1250M (100%)       1250M (100%)       1250M (100%)       1250M (100%)       1250M (100%)   
[30.368s][info][gc,heap     ] GC(24)   Reserve:       34M (3%)           34M (3%)           34M (3%)           34M (3%)           34M (3%)           34M (3%)     
[30.368s][info][gc,heap     ] GC(24)      Free:      726M (58%)         528M (42%)         534M (43%)         738M (59%)         738M (59%)         528M (42%)    
[30.368s][info][gc,heap     ] GC(24)      Used:      490M (39%)         688M (55%)         682M (55%)         478M (38%)         688M (55%)         478M (38%)    
[30.368s][info][gc,heap     ] GC(24)      Live:         -               214M (17%)         214M (17%)         214M (17%)            -                  -          
[30.368s][info][gc,heap     ] GC(24) Allocated:         -               198M (16%)         198M (16%)         244M (20%)            -                  -          
[30.368s][info][gc,heap     ] GC(24)   Garbage:         -               275M (22%)         269M (22%)          63M (5%)             -                  -          
[30.368s][info][gc,heap     ] GC(24) Reclaimed:         -                  -                 6M (0%)          212M (17%)            -                  -          
[30.368s][info][gc          ] GC(24) Garbage Collection (Allocation Rate) 490M(39%)->478M(38%)
[30.446s][info][gc,heap     ] Page Cache Flushed: 18M requested, 22M(728M->706M) flushed
[30.464s][info][gc,start    ] GC(25) Garbage Collection (Allocation Rate)
[30.469s][info][gc,phases   ] GC(25) Pause Mark Start 2.694ms
[31.511s][info][gc,phases   ] GC(25) Concurrent Mark 1041.637ms
[31.514s][info][gc,phases   ] GC(25) Pause Mark End 0.291ms
[31.515s][info][gc,phases   ] GC(25) Concurrent Process Non-Strong References 1.553ms
[31.516s][info][gc,phases   ] GC(25) Concurrent Reset Relocation Set 0.383ms
[31.516s][info][gc,phases   ] GC(25) Concurrent Destroy Detached Pages 0.004ms
[31.517s][info][gc,phases   ] GC(25) Concurrent Select Relocation Set 1.521ms
[31.520s][info][gc,phases   ] GC(25) Concurrent Prepare Relocation Set 2.161ms
[31.522s][info][gc,phases   ] GC(25) Pause Relocate Start 2.614ms
[31.615s][info][gc,phases   ] GC(25) Concurrent Relocate 87.786ms
[31.616s][info][gc,load     ] GC(25) Load: 2.06/3.05/3.01
[31.616s][info][gc,mmu      ] GC(25) MMU: 2ms/0.0%, 5ms/34.6%, 10ms/65.5%, 20ms/82.7%, 50ms/93.1%, 100ms/95.2%
[31.616s][info][gc,marking  ] GC(25) Mark: 1 stripe(s), 2 proactive flush(es), 1 terminate flush(es), 0 completion(s), 0 continuation(s) 
[31.616s][info][gc,reloc    ] GC(25) Relocation: Successful, 42M relocated
[31.616s][info][gc,nmethod  ] GC(25) NMethods: 2964 registered, 0 unregistered
[31.616s][info][gc,metaspace] GC(25) Metaspace: 70M used, 74M capacity, 74M committed, 76M reserved
[31.616s][info][gc,ref      ] GC(25) Soft: 4660 encountered, 0 discovered, 0 enqueued
[31.616s][info][gc,ref      ] GC(25) Weak: 4540 encountered, 3553 discovered, 44 enqueued
[31.616s][info][gc,ref      ] GC(25) Final: 26 encountered, 0 discovered, 0 enqueued
[31.616s][info][gc,ref      ] GC(25) Phantom: 654 encountered, 650 discovered, 0 enqueued
[31.616s][info][gc,heap     ] GC(25)                Mark Start          Mark End        Relocate Start      Relocate End           High               Low         
[31.616s][info][gc,heap     ] GC(25)  Capacity:     1250M (100%)       1250M (100%)       1250M (100%)       1250M (100%)       1250M (100%)       1250M (100%)   
[31.616s][info][gc,heap     ] GC(25)   Reserve:       34M (3%)           34M (3%)           34M (3%)           34M (3%)           34M (3%)           34M (3%)     
[31.616s][info][gc,heap     ] GC(25)      Free:      690M (55%)         536M (43%)         536M (43%)         776M (62%)         776M (62%)         534M (43%)    
[31.616s][info][gc,heap     ] GC(25)      Used:      526M (42%)         680M (54%)         680M (54%)         440M (35%)         682M (55%)         440M (35%)    
[31.616s][info][gc,heap     ] GC(25)      Live:         -               241M (19%)         241M (19%)         241M (19%)            -                  -          
[31.616s][info][gc,heap     ] GC(25) Allocated:         -               154M (12%)         154M (12%)         170M (14%)            -                  -          
[31.616s][info][gc,heap     ] GC(25)   Garbage:         -               284M (23%)         284M (23%)          44M (4%)             -                  -          
[31.616s][info][gc,heap     ] GC(25) Reclaimed:         -                  -                 0M (0%)          240M (19%)            -                  -          
[31.616s][info][gc          ] GC(25) Garbage Collection (Allocation Rate) 526M(42%)->440M(35%)
[32.332s][info][gc,heap     ] Page Cache Flushed: 6M requested, 32M(642M->610M) flushed
[32.464s][info][gc,start    ] GC(26) Garbage Collection (Allocation Rate)
[32.469s][info][gc,phases   ] GC(26) Pause Mark Start 3.020ms
[32.978s][info][gc,heap     ] Page Cache Flushed: 32M requested, 32M(442M->410M) flushed
[33.107s][info][gc,phases   ] GC(26) Concurrent Mark 637.774ms
[33.109s][info][gc,phases   ] GC(26) Pause Mark End 0.318ms
[33.111s][info][gc,phases   ] GC(26) Concurrent Process Non-Strong References 1.479ms
[33.111s][info][gc,phases   ] GC(26) Concurrent Reset Relocation Set 0.241ms
[33.111s][info][gc,phases   ] GC(26) Concurrent Destroy Detached Pages 0.009ms
[33.113s][info][gc,phases   ] GC(26) Concurrent Select Relocation Set 1.629ms
[33.117s][info][gc,phases   ] GC(26) Concurrent Prepare Relocation Set 3.886ms
[33.119s][info][gc,phases   ] GC(26) Pause Relocate Start 2.374ms
[33.274s][info][gc,phases   ] GC(26) Concurrent Relocate 150.539ms
[33.274s][info][gc,load     ] GC(26) Load: 1.97/3.01/2.99
[33.274s][info][gc,mmu      ] GC(26) MMU: 2ms/0.0%, 5ms/34.6%, 10ms/65.5%, 20ms/82.7%, 50ms/93.1%, 100ms/95.2%
[33.274s][info][gc,marking  ] GC(26) Mark: 1 stripe(s), 2 proactive flush(es), 1 terminate flush(es), 0 completion(s), 0 continuation(s) 
[33.274s][info][gc,reloc    ] GC(26) Relocation: Successful, 54M relocated
[33.274s][info][gc,nmethod  ] GC(26) NMethods: 3038 registered, 0 unregistered
[33.274s][info][gc,metaspace] GC(26) Metaspace: 70M used, 74M capacity, 74M committed, 76M reserved
[33.274s][info][gc,ref      ] GC(26) Soft: 4663 encountered, 0 discovered, 0 enqueued
[33.274s][info][gc,ref      ] GC(26) Weak: 4487 encountered, 3486 discovered, 35 enqueued
[33.274s][info][gc,ref      ] GC(26) Final: 26 encountered, 0 discovered, 0 enqueued
[33.274s][info][gc,ref      ] GC(26) Phantom: 657 encountered, 653 discovered, 0 enqueued
[33.274s][info][gc,heap     ] GC(26)                Mark Start          Mark End        Relocate Start      Relocate End           High               Low         
[33.274s][info][gc,heap     ] GC(26)  Capacity:     1250M (100%)       1250M (100%)       1250M (100%)       1250M (100%)       1250M (100%)       1250M (100%)   
[33.274s][info][gc,heap     ] GC(26)   Reserve:       34M (3%)           34M (3%)           34M (3%)           34M (3%)           34M (3%)           34M (3%)     
[33.274s][info][gc,heap     ] GC(26)      Free:      564M (45%)         376M (30%)         626M (50%)         788M (63%)         788M (63%)         376M (30%)    
[33.274s][info][gc,heap     ] GC(26)      Used:      652M (52%)         840M (67%)         590M (47%)         428M (34%)         840M (67%)         428M (34%)    
[33.274s][info][gc,heap     ] GC(26)      Live:         -               174M (14%)         174M (14%)         174M (14%)            -                  -          
[33.274s][info][gc,heap     ] GC(26) Allocated:         -               188M (15%)         188M (15%)         254M (20%)            -                  -          
[33.274s][info][gc,heap     ] GC(26)   Garbage:         -               477M (38%)         227M (18%)          61M (5%)             -                  -          
[33.274s][info][gc,heap     ] GC(26) Reclaimed:         -                  -               250M (20%)         416M (33%)            -                  -          
[33.274s][info][gc          ] GC(26) Garbage Collection (Allocation Rate) 652M(52%)->428M(34%)
[33.337s][info][gc,heap     ] Page Cache Flushed: 6M requested, 18M(766M->748M) flushed
[33.365s][info][gc,start    ] GC(27) Garbage Collection (Allocation Rate)
[33.370s][info][gc,phases   ] GC(27) Pause Mark Start 2.658ms
[34.253s][info][gc,phases   ] GC(27) Concurrent Mark 883.267ms
[34.256s][info][gc,phases   ] GC(27) Pause Mark End 0.210ms
[34.257s][info][gc,phases   ] GC(27) Concurrent Process Non-Strong References 1.493ms
[34.258s][info][gc,phases   ] GC(27) Concurrent Reset Relocation Set 0.433ms
[34.258s][info][gc,phases   ] GC(27) Concurrent Destroy Detached Pages 0.003ms
[34.259s][info][gc,phases   ] GC(27) Concurrent Select Relocation Set 1.573ms
[34.268s][info][gc,phases   ] GC(27) Concurrent Prepare Relocation Set 9.320ms
[34.273s][info][gc,phases   ] GC(27) Pause Relocate Start 2.256ms
[34.439s][info][gc,phases   ] GC(27) Concurrent Relocate 166.089ms
[34.439s][info][gc,load     ] GC(27) Load: 1.97/3.01/2.99
[34.439s][info][gc,mmu      ] GC(27) MMU: 2ms/0.0%, 5ms/34.6%, 10ms/65.5%, 20ms/82.7%, 50ms/93.1%, 100ms/95.2%
[34.439s][info][gc,marking  ] GC(27) Mark: 1 stripe(s), 2 proactive flush(es), 1 terminate flush(es), 0 completion(s), 0 continuation(s) 
[34.439s][info][gc,reloc    ] GC(27) Relocation: Successful, 62M relocated
[34.439s][info][gc,nmethod  ] GC(27) NMethods: 3043 registered, 0 unregistered
[34.439s][info][gc,metaspace] GC(27) Metaspace: 70M used, 74M capacity, 74M committed, 76M reserved
[34.439s][info][gc,ref      ] GC(27) Soft: 4664 encountered, 0 discovered, 0 enqueued
[34.439s][info][gc,ref      ] GC(27) Weak: 4454 encountered, 3457 discovered, 1 enqueued
[34.439s][info][gc,ref      ] GC(27) Final: 26 encountered, 0 discovered, 0 enqueued
[34.439s][info][gc,ref      ] GC(27) Phantom: 656 encountered, 652 discovered, 0 enqueued
[34.439s][info][gc,heap     ] GC(27)                Mark Start          Mark End        Relocate Start      Relocate End           High               Low         
[34.439s][info][gc,heap     ] GC(27)  Capacity:     1250M (100%)       1250M (100%)       1250M (100%)       1250M (100%)       1250M (100%)       1250M (100%)   
[34.439s][info][gc,heap     ] GC(27)   Reserve:       34M (3%)           34M (3%)           34M (3%)           34M (3%)           34M (3%)           34M (3%)     
[34.439s][info][gc,heap     ] GC(27)      Free:      750M (60%)         500M (40%)         514M (41%)         718M (57%)         750M (60%)         500M (40%)    
[34.439s][info][gc,heap     ] GC(27)      Used:      466M (37%)         716M (57%)         702M (56%)         498M (40%)         716M (57%)         466M (37%)    
[34.439s][info][gc,heap     ] GC(27)      Live:         -               214M (17%)         214M (17%)         214M (17%)            -                  -          
[34.439s][info][gc,heap     ] GC(27) Allocated:         -               250M (20%)         252M (20%)         322M (26%)            -                  -          
[34.439s][info][gc,heap     ] GC(27)   Garbage:         -               251M (20%)         235M (19%)          21M (2%)             -                  -          
[34.439s][info][gc,heap     ] GC(27) Reclaimed:         -                  -                16M (1%)          230M (18%)            -                  -          
[34.439s][info][gc          ] GC(27) Garbage Collection (Allocation Rate) 466M(37%)->498M(40%)
[34.464s][info][gc,start    ] GC(28) Garbage Collection (Allocation Rate)
[34.469s][info][gc,phases   ] GC(28) Pause Mark Start 2.723ms
[35.642s][info][gc,phases   ] GC(28) Concurrent Mark 1172.979ms
[35.644s][info][gc,phases   ] GC(28) Pause Mark End 0.213ms
[35.646s][info][gc,phases   ] GC(28) Concurrent Process Non-Strong References 1.449ms
[35.646s][info][gc,phases   ] GC(28) Concurrent Reset Relocation Set 0.522ms
[35.646s][info][gc,phases   ] GC(28) Concurrent Destroy Detached Pages 0.001ms
[35.648s][info][gc,phases   ] GC(28) Concurrent Select Relocation Set 1.589ms
[35.656s][info][gc,phases   ] GC(28) Concurrent Prepare Relocation Set 8.281ms
[35.661s][info][gc,phases   ] GC(28) Pause Relocate Start 2.204ms
[35.828s][info][gc,phases   ] GC(28) Concurrent Relocate 167.044ms
[35.828s][info][gc,load     ] GC(28) Load: 1.97/3.01/2.99
[35.828s][info][gc,mmu      ] GC(28) MMU: 2ms/0.0%, 5ms/34.6%, 10ms/65.5%, 20ms/82.7%, 50ms/93.1%, 100ms/95.2%
[35.828s][info][gc,marking  ] GC(28) Mark: 1 stripe(s), 2 proactive flush(es), 1 terminate flush(es), 0 completion(s), 0 continuation(s) 
[35.828s][info][gc,reloc    ] GC(28) Relocation: Successful, 58M relocated
[35.828s][info][gc,nmethod  ] GC(28) NMethods: 3043 registered, 0 unregistered
[35.828s][info][gc,metaspace] GC(28) Metaspace: 70M used, 74M capacity, 74M committed, 76M reserved
[35.828s][info][gc,ref      ] GC(28) Soft: 4664 encountered, 0 discovered, 0 enqueued
[35.828s][info][gc,ref      ] GC(28) Weak: 4453 encountered, 3456 discovered, 0 enqueued
[35.828s][info][gc,ref      ] GC(28) Final: 26 encountered, 0 discovered, 0 enqueued
[35.828s][info][gc,ref      ] GC(28) Phantom: 656 encountered, 652 discovered, 0 enqueued
[35.828s][info][gc,heap     ] GC(28)                Mark Start          Mark End        Relocate Start      Relocate End           High               Low         
[35.828s][info][gc,heap     ] GC(28)  Capacity:     1250M (100%)       1250M (100%)       1250M (100%)       1250M (100%)       1250M (100%)       1250M (100%)   
[35.828s][info][gc,heap     ] GC(28)   Reserve:       34M (3%)           34M (3%)           34M (3%)           34M (3%)           34M (3%)           34M (3%)     
[35.828s][info][gc,heap     ] GC(28)      Free:      704M (56%)         466M (37%)         470M (38%)         642M (51%)         704M (56%)         466M (37%)    
[35.828s][info][gc,heap     ] GC(28)      Used:      512M (41%)         750M (60%)         746M (60%)         574M (46%)         750M (60%)         512M (41%)    
[35.828s][info][gc,heap     ] GC(28)      Live:         -               268M (21%)         268M (21%)         268M (21%)            -                  -          
[35.828s][info][gc,heap     ] GC(28) Allocated:         -               238M (19%)         240M (19%)         296M (24%)            -                  -          
[35.828s][info][gc,heap     ] GC(28)   Garbage:         -               243M (19%)         237M (19%)          57M (5%)             -                  -          
[35.828s][info][gc,heap     ] GC(28) Reclaimed:         -                  -                 6M (0%)          186M (15%)            -                  -          
[35.828s][info][gc          ] GC(28) Garbage Collection (Allocation Rate) 512M(41%)->574M(46%)
[35.864s][info][gc,start    ] GC(29) Garbage Collection (Allocation Rate)
[35.869s][info][gc,phases   ] GC(29) Pause Mark Start 2.584ms
[36.236s][info][gc,heap     ] Page Cache Flushed: 12M requested, 16M(558M->542M) flushed
[36.993s][info][gc,phases   ] GC(29) Concurrent Mark 1123.800ms
[36.996s][info][gc,phases   ] GC(29) Pause Mark End 0.211ms
[36.997s][info][gc,phases   ] GC(29) Concurrent Process Non-Strong References 1.533ms
[36.998s][info][gc,phases   ] GC(29) Concurrent Reset Relocation Set 0.519ms
[36.998s][info][gc,phases   ] GC(29) Concurrent Destroy Detached Pages 0.004ms
[36.999s][info][gc,phases   ] GC(29) Concurrent Select Relocation Set 1.564ms
[37.002s][info][gc,phases   ] GC(29) Concurrent Prepare Relocation Set 2.719ms
[37.005s][info][gc,phases   ] GC(29) Pause Relocate Start 2.371ms
[37.124s][info][gc,phases   ] GC(29) Concurrent Relocate 116.227ms
[37.124s][info][gc,load     ] GC(29) Load: 1.97/3.00/2.99
[37.124s][info][gc,mmu      ] GC(29) MMU: 2ms/0.0%, 5ms/34.6%, 10ms/65.5%, 20ms/82.7%, 50ms/93.1%, 100ms/95.2%
[37.124s][info][gc,marking  ] GC(29) Mark: 1 stripe(s), 2 proactive flush(es), 1 terminate flush(es), 0 completion(s), 0 continuation(s) 
[37.124s][info][gc,reloc    ] GC(29) Relocation: Successful, 46M relocated
[37.124s][info][gc,nmethod  ] GC(29) NMethods: 3044 registered, 0 unregistered
[37.124s][info][gc,metaspace] GC(29) Metaspace: 70M used, 74M capacity, 74M committed, 76M reserved
[37.124s][info][gc,ref      ] GC(29) Soft: 4664 encountered, 0 discovered, 0 enqueued
[37.124s][info][gc,ref      ] GC(29) Weak: 4453 encountered, 3456 discovered, 0 enqueued
[37.124s][info][gc,ref      ] GC(29) Final: 26 encountered, 0 discovered, 0 enqueued
[37.124s][info][gc,ref      ] GC(29) Phantom: 656 encountered, 652 discovered, 0 enqueued
[37.124s][info][gc,heap     ] GC(29)                Mark Start          Mark End        Relocate Start      Relocate End           High               Low         
[37.124s][info][gc,heap     ] GC(29)  Capacity:     1250M (100%)       1250M (100%)       1250M (100%)       1250M (100%)       1250M (100%)       1250M (100%)   
[37.124s][info][gc,heap     ] GC(29)   Reserve:       34M (3%)           34M (3%)           34M (3%)           34M (3%)           34M (3%)           34M (3%)     
[37.124s][info][gc,heap     ] GC(29)      Free:      628M (50%)         434M (35%)         440M (35%)         694M (56%)         694M (56%)         434M (35%)    
[37.124s][info][gc,heap     ] GC(29)      Used:      588M (47%)         782M (63%)         776M (62%)         522M (42%)         782M (63%)         522M (42%)    
[37.124s][info][gc,heap     ] GC(29)      Live:         -               274M (22%)         274M (22%)         274M (22%)            -                  -          
[37.124s][info][gc,heap     ] GC(29) Allocated:         -               194M (16%)         194M (16%)         228M (18%)            -                  -          
[37.124s][info][gc,heap     ] GC(29)   Garbage:         -               313M (25%)         307M (25%)          53M (4%)             -                  -          
[37.124s][info][gc,heap     ] GC(29) Reclaimed:         -                  -                 6M (0%)          260M (21%)            -                  -          
[37.124s][info][gc          ] GC(29) Garbage Collection (Allocation Rate) 588M(47%)->522M(42%)
[38.102s][info][gc,heap     ] Page Cache Flushed: 6M requested, 32M(584M->552M) flushed
[38.264s][info][gc,start    ] GC(30) Garbage Collection (Allocation Rate)
[38.268s][info][gc,phases   ] GC(30) Pause Mark Start 2.713ms
[38.647s][info][gc,heap     ] Page Cache Flushed: 22M requested, 22M(404M->382M) flushed
[38.906s][info][gc,heap     ] Page Cache Flushed: 6M requested, 6M(316M->310M) flushed
[39.146s][info][gc,phases   ] GC(30) Concurrent Mark 877.453ms
[39.148s][info][gc,phases   ] GC(30) Pause Mark End 0.212ms
[39.150s][info][gc,phases   ] GC(30) Concurrent Process Non-Strong References 1.654ms
[39.150s][info][gc,phases   ] GC(30) Concurrent Reset Relocation Set 0.355ms
[39.150s][info][gc,phases   ] GC(30) Concurrent Destroy Detached Pages 0.009ms
[39.153s][info][gc,phases   ] GC(30) Concurrent Select Relocation Set 2.675ms
[39.162s][info][gc,phases   ] GC(30) Concurrent Prepare Relocation Set 9.068ms
[39.167s][info][gc,phases   ] GC(30) Pause Relocate Start 2.355ms
[39.316s][info][gc,phases   ] GC(30) Concurrent Relocate 149.306ms
[39.316s][info][gc,load     ] GC(30) Load: 1.97/3.00/2.99
[39.316s][info][gc,mmu      ] GC(30) MMU: 2ms/0.0%, 5ms/34.6%, 10ms/65.5%, 20ms/82.7%, 50ms/93.1%, 100ms/95.2%
[39.316s][info][gc,marking  ] GC(30) Mark: 1 stripe(s), 2 proactive flush(es), 1 terminate flush(es), 0 completion(s), 0 continuation(s) 
[39.316s][info][gc,reloc    ] GC(30) Relocation: Successful, 64M relocated
[39.316s][info][gc,nmethod  ] GC(30) NMethods: 3136 registered, 0 unregistered
[39.316s][info][gc,metaspace] GC(30) Metaspace: 70M used, 74M capacity, 74M committed, 76M reserved
[39.316s][info][gc,ref      ] GC(30) Soft: 4673 encountered, 0 discovered, 0 enqueued
[39.316s][info][gc,ref      ] GC(30) Weak: 4724 encountered, 3670 discovered, 117 enqueued
[39.316s][info][gc,ref      ] GC(30) Final: 26 encountered, 0 discovered, 0 enqueued
[39.316s][info][gc,ref      ] GC(30) Phantom: 662 encountered, 658 discovered, 6 enqueued
[39.316s][info][gc,heap     ] GC(30)                Mark Start          Mark End        Relocate Start      Relocate End           High               Low         
[39.316s][info][gc,heap     ] GC(30)  Capacity:     1250M (100%)       1250M (100%)       1250M (100%)       1250M (100%)       1250M (100%)       1250M (100%)   
[39.316s][info][gc,heap     ] GC(30)   Reserve:       34M (3%)           34M (3%)           34M (3%)           34M (3%)           34M (3%)           34M (3%)     
[39.316s][info][gc,heap     ] GC(30)      Free:      478M (38%)         258M (21%)         584M (47%)         668M (53%)         670M (54%)         258M (21%)    
[39.316s][info][gc,heap     ] GC(30)      Used:      738M (59%)         958M (77%)         632M (51%)         548M (44%)         958M (77%)         546M (44%)    
[39.316s][info][gc,heap     ] GC(30)      Live:         -               252M (20%)         252M (20%)         252M (20%)            -                  -          
[39.316s][info][gc,heap     ] GC(30) Allocated:         -               220M (18%)         224M (18%)         286M (23%)            -                  -          
[39.316s][info][gc,heap     ] GC(30)   Garbage:         -               485M (39%)         155M (12%)          67M (5%)             -                  -          
[39.316s][info][gc,heap     ] GC(30) Reclaimed:         -                  -               330M (26%)         418M (33%)            -                  -          
[39.316s][info][gc          ] GC(30) Garbage Collection (Allocation Rate) 738M(59%)->548M(44%)
[39.365s][info][gc,start    ] GC(31) Garbage Collection (Allocation Rate)
[39.370s][info][gc,phases   ] GC(31) Pause Mark Start 2.675ms
[40.064s][info][gc,stats    ] === Garbage Collection Statistics =======================================================================================================================
[40.065s][info][gc,stats    ]                                                              Last 10s              Last 10m              Last 10h                Total
[40.065s][info][gc,stats    ]                                                              Avg / Max             Avg / Max             Avg / Max             Avg / Max
[40.065s][info][gc,stats    ]   Collector: Garbage Collection Cycle                   1116.411 / 1364.115    546.867 / 2248.951    546.867 / 2248.951    546.867 / 2248.951    ms
[40.065s][info][gc,stats    ]  Contention: Mark Segment Reset Contention                     0 / 0                 0 / 0                 0 / 0                 0 / 0           ops/s
[40.065s][info][gc,stats    ]  Contention: Mark SeqNum Reset Contention                      0 / 0                 0 / 0                 0 / 0                 0 / 0           ops/s
[40.065s][info][gc,stats    ]  Contention: Relocation Contention                             0 / 1                 0 / 1                 0 / 1                 0 / 1           ops/s
[40.065s][info][gc,stats    ]    Critical: Allocation Stall                              0.000 / 0.000        46.120 / 46.120       46.120 / 46.120       46.120 / 46.120      ms
[40.065s][info][gc,stats    ]    Critical: Allocation Stall                                  0 / 0                 0 / 1                 0 / 1                 0 / 1           ops/s
[40.065s][info][gc,stats    ]    Critical: GC Locker Stall                               0.000 / 0.000         0.019 / 0.029         0.019 / 0.029         0.019 / 0.029       ms
[40.065s][info][gc,stats    ]    Critical: GC Locker Stall                                   0 / 0                 0 / 1                 0 / 1                 0 / 1           ops/s
[40.065s][info][gc,stats    ]      Memory: Allocation Rate                                 215 / 374             309 / 1448            309 / 1448            309 / 1448        MB/s
[40.065s][info][gc,stats    ]      Memory: Heap Used After Mark                            773 / 958             644 / 1216            644 / 1216            644 / 1216        MB
[40.065s][info][gc,stats    ]      Memory: Heap Used After Relocation                      498 / 574             284 / 848             284 / 848             284 / 848         MB
[40.065s][info][gc,stats    ]      Memory: Heap Used Before Mark                           579 / 738             535 / 1098            535 / 1098            535 / 1098        MB
[40.065s][info][gc,stats    ]      Memory: Heap Used Before Relocation                     686 / 776             376 / 962             376 / 962             376 / 962         MB
[40.065s][info][gc,stats    ]      Memory: Out Of Memory                                     0 / 0                 0 / 0                 0 / 0                 0 / 0           ops/s
[40.065s][info][gc,stats    ]      Memory: Page Cache Flush                                 18 / 64                6 / 64                6 / 64                6 / 64          MB/s
[40.065s][info][gc,stats    ]      Memory: Page Cache Hit L1                               103 / 163             138 / 724             138 / 724             138 / 724         ops/s
[40.065s][info][gc,stats    ]      Memory: Page Cache Hit L2                                 0 / 0                 0 / 0                 0 / 0                 0 / 0           ops/s
[40.065s][info][gc,stats    ]      Memory: Page Cache Miss                                   1 / 5                14 / 177              14 / 177              14 / 177         ops/s
[40.065s][info][gc,stats    ]      Memory: Undo Object Allocation Failed                     0 / 0                 0 / 0                 0 / 0                 0 / 0           ops/s
[40.065s][info][gc,stats    ]      Memory: Undo Object Allocation Succeeded                  0 / 1                 0 / 1                 0 / 1                 0 / 1           ops/s
[40.065s][info][gc,stats    ]      Memory: Undo Page Allocation                              0 / 0                 0 / 1                 0 / 1                 0 / 1           ops/s
[40.065s][info][gc,stats    ]       Phase: Concurrent Destroy Detached Pages             0.004 / 0.009         0.002 / 0.009         0.002 / 0.009         0.002 / 0.009       ms
[40.065s][info][gc,stats    ]       Phase: Concurrent Mark                             956.105 / 1172.979    460.386 / 2238.259    460.386 / 2238.259    460.386 / 2238.259    ms
[40.065s][info][gc,stats    ]       Phase: Concurrent Mark Continue                      0.000 / 0.000         0.000 / 0.000         0.000 / 0.000         0.000 / 0.000       ms
[40.065s][info][gc,stats    ]       Phase: Concurrent Prepare Relocation Set             5.506 / 9.320         3.998 / 63.895        3.998 / 63.895        3.998 / 63.895      ms
[40.065s][info][gc,stats    ]       Phase: Concurrent Process Non-Strong References      1.519 / 1.654         2.194 / 19.811        2.194 / 19.811        2.194 / 19.811      ms
[40.065s][info][gc,stats    ]       Phase: Concurrent Relocate                         137.859 / 167.044      67.821 / 456.100      67.821 / 456.100      67.821 / 456.100     ms
[40.065s][info][gc,stats    ]       Phase: Concurrent Reset Relocation Set               0.446 / 0.671         0.181 / 1.461         0.181 / 1.461         0.181 / 1.461       ms
[40.065s][info][gc,stats    ]       Phase: Concurrent Select Relocation Set              1.743 / 2.675         1.771 / 4.187         1.771 / 4.187         1.771 / 4.187       ms
[40.065s][info][gc,stats    ]       Phase: Pause Mark End                                0.238 / 0.318         0.218 / 0.333         0.218 / 0.333         0.218 / 0.333       ms
[40.065s][info][gc,stats    ]       Phase: Pause Mark Start                              2.724 / 3.020         2.217 / 3.020         2.217 / 3.020         2.217 / 3.020       ms
[40.065s][info][gc,stats    ]       Phase: Pause Relocate Start                          2.359 / 2.614         2.000 / 3.272         2.000 / 3.272         2.000 / 3.272       ms
[40.065s][info][gc,stats    ]    Subphase: Concurrent Mark                             956.075 / 1172.944    460.362 / 2238.228    460.362 / 2238.228    460.362 / 2238.228    ms
[40.065s][info][gc,stats    ]    Subphase: Concurrent Mark Idle                          0.000 / 0.000         0.000 / 0.000         0.000 / 0.000         0.000 / 0.000       ms
[40.065s][info][gc,stats    ]    Subphase: Concurrent Mark Try Flush                     1.884 / 8.342         1.631 / 9.149         1.631 / 9.149         1.631 / 9.149       ms
[40.065s][info][gc,stats    ]    Subphase: Concurrent Mark Try Terminate                 0.495 / 1.017         0.540 / 3.917         0.540 / 3.917         0.540 / 3.917       ms
[40.065s][info][gc,stats    ]    Subphase: Concurrent References Enqueue                 0.002 / 0.004         0.002 / 0.005         0.002 / 0.005         0.002 / 0.005       ms
[40.065s][info][gc,stats    ]    Subphase: Concurrent References Process                 0.734 / 0.752         0.822 / 3.294         0.822 / 3.294         0.822 / 3.294       ms
[40.065s][info][gc,stats    ]    Subphase: Concurrent Weak Roots                         0.773 / 0.906         1.284 / 16.498        1.284 / 16.498        1.284 / 16.498      ms
[40.065s][info][gc,stats    ]    Subphase: Concurrent Weak Roots JNIWeakHandles          0.000 / 0.000         0.000 / 0.001         0.000 / 0.001         0.000 / 0.001       ms
[40.065s][info][gc,stats    ]    Subphase: Concurrent Weak Roots StringTable             0.593 / 0.706         1.098 / 16.282        1.098 / 16.282        1.098 / 16.282      ms
[40.065s][info][gc,stats    ]    Subphase: Concurrent Weak Roots VMWeakHandles           0.179 / 0.199         0.184 / 0.299         0.184 / 0.299         0.184 / 0.299       ms
[40.065s][info][gc,stats    ]    Subphase: Pause Mark Try Complete                       0.000 / 0.000         0.000 / 0.000         0.000 / 0.000         0.000 / 0.000       ms
[40.065s][info][gc,stats    ]    Subphase: Pause Remap TLABS                             0.002 / 0.004         0.002 / 0.022         0.002 / 0.022         0.002 / 0.022       ms
[40.065s][info][gc,stats    ]    Subphase: Pause Retire TLABS                            0.013 / 0.017         0.011 / 0.022         0.011 / 0.022         0.011 / 0.022       ms
[40.065s][info][gc,stats    ]    Subphase: Pause Roots                                   1.534 / 2.684         1.291 / 3.085         1.291 / 3.085         1.291 / 3.085       ms
[40.065s][info][gc,stats    ]    Subphase: Pause Roots ClassLoaderDataGraph              0.653 / 0.769         0.624 / 1.764         0.624 / 1.764         0.624 / 1.764       ms
[40.065s][info][gc,stats    ]    Subphase: Pause Roots CodeCache                         1.273 / 1.660         0.925 / 1.660         0.925 / 1.660         0.925 / 1.660       ms
[40.065s][info][gc,stats    ]    Subphase: Pause Roots JNIHandles                        0.001 / 0.006         0.001 / 0.006         0.001 / 0.006         0.001 / 0.006       ms
[40.065s][info][gc,stats    ]    Subphase: Pause Roots JNIWeakHandles                    0.000 / 0.000         0.000 / 0.000         0.000 / 0.000         0.000 / 0.000       ms
[40.065s][info][gc,stats    ]    Subphase: Pause Roots JRFWeak                           0.000 / 0.000         0.000 / 0.000         0.000 / 0.000         0.000 / 0.000       ms
[40.065s][info][gc,stats    ]    Subphase: Pause Roots JVMTIExport                       0.001 / 0.001         0.001 / 0.001         0.001 / 0.001         0.001 / 0.001       ms
[40.065s][info][gc,stats    ]    Subphase: Pause Roots JVMTIWeakExport                   0.001 / 0.001         0.001 / 0.001         0.001 / 0.001         0.001 / 0.001       ms
[40.065s][info][gc,stats    ]    Subphase: Pause Roots Management                        0.001 / 0.002         0.001 / 0.009         0.001 / 0.009         0.001 / 0.009       ms
[40.065s][info][gc,stats    ]    Subphase: Pause Roots ObjectSynchronizer                0.000 / 0.000         0.000 / 0.001         0.000 / 0.001         0.000 / 0.001       ms
[40.065s][info][gc,stats    ]    Subphase: Pause Roots Setup                             0.199 / 0.377         0.160 / 0.377         0.160 / 0.377         0.160 / 0.377       ms
[40.065s][info][gc,stats    ]    Subphase: Pause Roots StringTable                       0.000 / 0.000         0.000 / 0.000         0.000 / 0.000         0.000 / 0.000       ms
[40.065s][info][gc,stats    ]    Subphase: Pause Roots SystemDictionary                  0.012 / 0.014         0.014 / 0.061         0.014 / 0.061         0.014 / 0.061       ms
[40.065s][info][gc,stats    ]    Subphase: Pause Roots Teardown                          0.001 / 0.003         0.001 / 0.012         0.001 / 0.012         0.001 / 0.012       ms
[40.065s][info][gc,stats    ]    Subphase: Pause Roots Threads                           0.234 / 0.296         0.232 / 1.012         0.232 / 1.012         0.232 / 1.012       ms
[40.065s][info][gc,stats    ]    Subphase: Pause Roots Universe                          0.002 / 0.003         0.009 / 0.439         0.009 / 0.439         0.009 / 0.439       ms
[40.065s][info][gc,stats    ]    Subphase: Pause Roots VMWeakHandles                     0.000 / 0.000         0.000 / 0.000         0.000 / 0.000         0.000 / 0.000       ms
[40.065s][info][gc,stats    ]    Subphase: Pause Weak Roots                              0.002 / 0.002         0.002 / 0.009         0.002 / 0.009         0.002 / 0.009       ms
[40.065s][info][gc,stats    ]    Subphase: Pause Weak Roots JFRWeak                      0.001 / 0.001         0.001 / 0.001         0.001 / 0.001         0.001 / 0.001       ms
[40.065s][info][gc,stats    ]    Subphase: Pause Weak Roots JNIWeakHandles               0.000 / 0.000         0.000 / 0.000         0.000 / 0.000         0.000 / 0.000       ms
[40.065s][info][gc,stats    ]    Subphase: Pause Weak Roots JVMTIWeakExport              0.001 / 0.001         0.001 / 0.008         0.001 / 0.008         0.001 / 0.008       ms
[40.065s][info][gc,stats    ]    Subphase: Pause Weak Roots Setup                        0.000 / 0.000         0.000 / 0.000         0.000 / 0.000         0.000 / 0.000       ms
[40.065s][info][gc,stats    ]    Subphase: Pause Weak Roots StringTable                  0.000 / 0.000         0.000 / 0.000         0.000 / 0.000         0.000 / 0.000       ms
[40.065s][info][gc,stats    ]    Subphase: Pause Weak Roots SymbolTable                  0.000 / 0.000         0.000 / 0.000         0.000 / 0.000         0.000 / 0.000       ms
[40.065s][info][gc,stats    ]    Subphase: Pause Weak Roots Teardown                     0.001 / 0.001         0.001 / 0.001         0.001 / 0.001         0.001 / 0.001       ms
[40.065s][info][gc,stats    ]    Subphase: Pause Weak Roots VMWeakHandles                0.000 / 0.000         0.000 / 0.000         0.000 / 0.000         0.000 / 0.000       ms
[40.065s][info][gc,stats    ]      System: Java Threads                                     58 / 63               48 / 63               48 / 63               48 / 63          threads
[40.065s][info][gc,stats    ] =========================================================================================================================================================
[40.391s][info][gc,phases   ] GC(31) Concurrent Mark 1020.976ms
[40.393s][info][gc,phases   ] GC(31) Pause Mark End 0.223ms
[40.395s][info][gc,phases   ] GC(31) Concurrent Process Non-Strong References 1.725ms
[40.395s][info][gc,phases   ] GC(31) Concurrent Reset Relocation Set 0.450ms
[40.395s][info][gc,phases   ] GC(31) Concurrent Destroy Detached Pages 0.000ms
[40.397s][info][gc,phases   ] GC(31) Concurrent Select Relocation Set 1.637ms
[40.405s][info][gc,phases   ] GC(31) Concurrent Prepare Relocation Set 7.623ms
[40.409s][info][gc,phases   ] GC(31) Pause Relocate Start 2.335ms
[40.568s][info][gc,phases   ] GC(31) Concurrent Relocate 158.732ms
[40.568s][info][gc,load     ] GC(31) Load: 1.97/3.00/2.99
[40.568s][info][gc,mmu      ] GC(31) MMU: 2ms/0.0%, 5ms/34.6%, 10ms/65.5%, 20ms/82.7%, 50ms/93.1%, 100ms/95.2%
[40.568s][info][gc,marking  ] GC(31) Mark: 1 stripe(s), 2 proactive flush(es), 1 terminate flush(es), 0 completion(s), 0 continuation(s) 
[40.568s][info][gc,reloc    ] GC(31) Relocation: Successful, 64M relocated
[40.568s][info][gc,nmethod  ] GC(31) NMethods: 3141 registered, 0 unregistered
[40.568s][info][gc,metaspace] GC(31) Metaspace: 70M used, 74M capacity, 74M committed, 76M reserved
[40.568s][info][gc,ref      ] GC(31) Soft: 4673 encountered, 0 discovered, 0 enqueued
[40.568s][info][gc,ref      ] GC(31) Weak: 4616 encountered, 3585 discovered, 44 enqueued
[40.568s][info][gc,ref      ] GC(31) Final: 26 encountered, 0 discovered, 0 enqueued
[40.568s][info][gc,ref      ] GC(31) Phantom: 656 encountered, 652 discovered, 0 enqueued
[40.568s][info][gc,heap     ] GC(31)                Mark Start          Mark End        Relocate Start      Relocate End           High               Low         
[40.568s][info][gc,heap     ] GC(31)  Capacity:     1250M (100%)       1250M (100%)       1250M (100%)       1250M (100%)       1250M (100%)       1250M (100%)   
[40.568s][info][gc,heap     ] GC(31)   Reserve:       34M (3%)           34M (3%)           34M (3%)           34M (3%)           34M (3%)           34M (3%)     
[40.568s][info][gc,heap     ] GC(31)      Free:      640M (51%)         434M (35%)         480M (38%)         670M (54%)         670M (54%)         434M (35%)    
[40.568s][info][gc,heap     ] GC(31)      Used:      576M (46%)         782M (63%)         736M (59%)         546M (44%)         782M (63%)         546M (44%)    
[40.568s][info][gc,heap     ] GC(31)      Live:         -               268M (21%)         268M (21%)         268M (21%)            -                  -          
[40.568s][info][gc,heap     ] GC(31) Allocated:         -               206M (16%)         208M (17%)         260M (21%)            -                  -          
[40.568s][info][gc,heap     ] GC(31)   Garbage:         -               307M (25%)         259M (21%)          67M (5%)             -                  -          
[40.568s][info][gc,heap     ] GC(31) Reclaimed:         -                  -                48M (4%)          240M (19%)            -                  -          
[40.568s][info][gc          ] GC(31) Garbage Collection (Allocation Rate) 576M(46%)->546M(44%)
[40.664s][info][gc,start    ] GC(32) Garbage Collection (Allocation Rate)
[40.669s][info][gc,phases   ] GC(32) Pause Mark Start 2.637ms
[41.766s][info][gc,phases   ] GC(32) Concurrent Mark 1096.357ms
[41.768s][info][gc,phases   ] GC(32) Pause Mark End 0.229ms
[41.770s][info][gc,phases   ] GC(32) Concurrent Process Non-Strong References 1.513ms
[41.770s][info][gc,phases   ] GC(32) Concurrent Reset Relocation Set 0.468ms
[41.770s][info][gc,phases   ] GC(32) Concurrent Destroy Detached Pages 0.000ms
[41.772s][info][gc,phases   ] GC(32) Concurrent Select Relocation Set 1.608ms
[41.775s][info][gc,phases   ] GC(32) Concurrent Prepare Relocation Set 2.679ms
[41.777s][info][gc,phases   ] GC(32) Pause Relocate Start 2.445ms
[41.887s][info][gc,phases   ] GC(32) Concurrent Relocate 103.374ms
[41.887s][info][gc,load     ] GC(32) Load: 1.98/2.98/2.98
[41.887s][info][gc,mmu      ] GC(32) MMU: 2ms/0.0%, 5ms/34.6%, 10ms/65.5%, 20ms/82.7%, 50ms/93.1%, 100ms/95.2%
[41.887s][info][gc,marking  ] GC(32) Mark: 1 stripe(s), 2 proactive flush(es), 1 terminate flush(es), 0 completion(s), 0 continuation(s) 
[41.887s][info][gc,reloc    ] GC(32) Relocation: Successful, 54M relocated
[41.887s][info][gc,nmethod  ] GC(32) NMethods: 3142 registered, 0 unregistered
[41.887s][info][gc,metaspace] GC(32) Metaspace: 70M used, 74M capacity, 74M committed, 76M reserved
[41.887s][info][gc,ref      ] GC(32) Soft: 4676 encountered, 0 discovered, 0 enqueued
[41.887s][info][gc,ref      ] GC(32) Weak: 4579 encountered, 3525 discovered, 3 enqueued
[41.887s][info][gc,ref      ] GC(32) Final: 26 encountered, 0 discovered, 0 enqueued
[41.887s][info][gc,ref      ] GC(32) Phantom: 656 encountered, 652 discovered, 0 enqueued
[41.887s][info][gc,heap     ] GC(32)                Mark Start          Mark End        Relocate Start      Relocate End           High               Low         
[41.887s][info][gc,heap     ] GC(32)  Capacity:     1250M (100%)       1250M (100%)       1250M (100%)       1250M (100%)       1250M (100%)       1250M (100%)   
[41.887s][info][gc,heap     ] GC(32)   Reserve:       34M (3%)           34M (3%)           34M (3%)           34M (3%)           34M (3%)           34M (3%)     
[41.887s][info][gc,heap     ] GC(32)      Free:      632M (51%)         444M (36%)         450M (36%)         706M (56%)         706M (56%)         444M (36%)    
[41.887s][info][gc,heap     ] GC(32)      Used:      584M (47%)         772M (62%)         766M (61%)         510M (41%)         772M (62%)         510M (41%)    
[41.887s][info][gc,heap     ] GC(32)      Live:         -               274M (22%)         274M (22%)         274M (22%)            -                  -          
[41.887s][info][gc,heap     ] GC(32) Allocated:         -               188M (15%)         188M (15%)         208M (17%)            -                  -          
[41.887s][info][gc,heap     ] GC(32)   Garbage:         -               309M (25%)         303M (24%)          47M (4%)             -                  -          
[41.887s][info][gc,heap     ] GC(32) Reclaimed:         -                  -                 6M (0%)          262M (21%)            -                  -          
[41.887s][info][gc          ] GC(32) Garbage Collection (Allocation Rate) 584M(47%)->510M(41%)
[42.564s][info][gc,start    ] GC(33) Garbage Collection (Allocation Rate)
[42.569s][info][gc,phases   ] GC(33) Pause Mark Start 2.717ms
[43.360s][info][gc,phases   ] GC(33) Concurrent Mark 790.836ms
[43.361s][info][gc,phases   ] GC(33) Pause Mark End 0.226ms
[43.362s][info][gc,phases   ] GC(33) Concurrent Process Non-Strong References 1.564ms
[43.363s][info][gc,phases   ] GC(33) Concurrent Reset Relocation Set 0.340ms
[43.363s][info][gc,phases   ] GC(33) Concurrent Destroy Detached Pages 0.000ms
[43.364s][info][gc,phases   ] GC(33) Concurrent Select Relocation Set 1.599ms
[43.372s][info][gc,phases   ] GC(33) Concurrent Prepare Relocation Set 7.298ms
[43.377s][info][gc,phases   ] GC(33) Pause Relocate Start 2.493ms
[43.500s][info][gc,phases   ] GC(33) Concurrent Relocate 123.483ms
[43.500s][info][gc,load     ] GC(33) Load: 1.98/2.98/2.98
[43.500s][info][gc,mmu      ] GC(33) MMU: 2ms/0.0%, 5ms/34.6%, 10ms/65.5%, 20ms/82.7%, 50ms/93.1%, 100ms/95.2%
[43.500s][info][gc,marking  ] GC(33) Mark: 1 stripe(s), 2 proactive flush(es), 1 terminate flush(es), 0 completion(s), 0 continuation(s) 
[43.500s][info][gc,reloc    ] GC(33) Relocation: Successful, 52M relocated
[43.500s][info][gc,nmethod  ] GC(33) NMethods: 3174 registered, 0 unregistered
[43.500s][info][gc,metaspace] GC(33) Metaspace: 70M used, 74M capacity, 74M committed, 76M reserved
[43.500s][info][gc,ref      ] GC(33) Soft: 4677 encountered, 0 discovered, 0 enqueued
[43.500s][info][gc,ref      ] GC(33) Weak: 4547 encountered, 3497 discovered, 30 enqueued
[43.500s][info][gc,ref      ] GC(33) Final: 26 encountered, 0 discovered, 0 enqueued
[43.500s][info][gc,ref      ] GC(33) Phantom: 657 encountered, 653 discovered, 1 enqueued
[43.500s][info][gc,heap     ] GC(33)                Mark Start          Mark End        Relocate Start      Relocate End           High               Low         
[43.500s][info][gc,heap     ] GC(33)  Capacity:     1250M (100%)       1250M (100%)       1250M (100%)       1250M (100%)       1250M (100%)       1250M (100%)   
[43.500s][info][gc,heap     ] GC(33)   Reserve:       34M (3%)           34M (3%)           34M (3%)           34M (3%)           34M (3%)           34M (3%)     
[43.500s][info][gc,heap     ] GC(33)      Free:      570M (46%)         336M (27%)         580M (46%)         724M (58%)         724M (58%)         336M (27%)    
[43.500s][info][gc,heap     ] GC(33)      Used:      646M (52%)         880M (70%)         636M (51%)         492M (39%)         880M (70%)         492M (39%)    
[43.500s][info][gc,heap     ] GC(33)      Live:         -               224M (18%)         224M (18%)         224M (18%)            -                  -          
[43.500s][info][gc,heap     ] GC(33) Allocated:         -               234M (19%)         236M (19%)         288M (23%)            -                  -          
[43.500s][info][gc,heap     ] GC(33)   Garbage:         -               421M (34%)         175M (14%)          25M (2%)             -                  -          
[43.500s][info][gc,heap     ] GC(33) Reclaimed:         -                  -               246M (20%)         396M (32%)            -                  -          
[43.500s][info][gc          ] GC(33) Garbage Collection (Allocation Rate) 646M(52%)->492M(39%)
[43.565s][info][gc,start    ] GC(34) Garbage Collection (Allocation Rate)
[43.569s][info][gc,phases   ] GC(34) Pause Mark Start 2.729ms
[44.521s][info][gc,phases   ] GC(34) Concurrent Mark 951.697ms
[44.525s][info][gc,phases   ] GC(34) Pause Mark End 0.244ms
[44.527s][info][gc,phases   ] GC(34) Concurrent Process Non-Strong References 1.720ms
[44.528s][info][gc,phases   ] GC(34) Concurrent Reset Relocation Set 0.376ms
[44.528s][info][gc,phases   ] GC(34) Concurrent Destroy Detached Pages 0.001ms
[44.529s][info][gc,phases   ] GC(34) Concurrent Select Relocation Set 1.760ms
[44.538s][info][gc,phases   ] GC(34) Concurrent Prepare Relocation Set 8.941ms
[44.543s][info][gc,phases   ] GC(34) Pause Relocate Start 2.524ms
[44.744s][info][gc,phases   ] GC(34) Concurrent Relocate 195.697ms
[44.744s][info][gc,load     ] GC(34) Load: 1.98/2.98/2.98
[44.744s][info][gc,mmu      ] GC(34) MMU: 2ms/0.0%, 5ms/34.6%, 10ms/65.5%, 20ms/82.7%, 50ms/93.1%, 100ms/95.2%
[44.744s][info][gc,marking  ] GC(34) Mark: 1 stripe(s), 2 proactive flush(es), 1 terminate flush(es), 0 completion(s), 0 continuation(s) 
[44.744s][info][gc,reloc    ] GC(34) Relocation: Successful, 73M relocated
[44.744s][info][gc,nmethod  ] GC(34) NMethods: 3174 registered, 0 unregistered
[44.744s][info][gc,metaspace] GC(34) Metaspace: 70M used, 74M capacity, 74M committed, 76M reserved
[44.744s][info][gc,ref      ] GC(34) Soft: 4677 encountered, 0 discovered, 0 enqueued
[44.744s][info][gc,ref      ] GC(34) Weak: 4517 encountered, 3467 discovered, 0 enqueued
[44.744s][info][gc,ref      ] GC(34) Final: 26 encountered, 0 discovered, 0 enqueued
[44.744s][info][gc,ref      ] GC(34) Phantom: 656 encountered, 652 discovered, 0 enqueued
[44.744s][info][gc,heap     ] GC(34)                Mark Start          Mark End        Relocate Start      Relocate End           High               Low         
[44.744s][info][gc,heap     ] GC(34)  Capacity:     1250M (100%)       1250M (100%)       1250M (100%)       1250M (100%)       1250M (100%)       1250M (100%)   
[44.744s][info][gc,heap     ] GC(34)   Reserve:       34M (3%)           34M (3%)           34M (3%)           34M (3%)           34M (3%)           34M (3%)     
[44.744s][info][gc,heap     ] GC(34)      Free:      698M (56%)         496M (40%)         510M (41%)         678M (54%)         698M (56%)         496M (40%)    
[44.744s][info][gc,heap     ] GC(34)      Used:      518M (41%)         720M (58%)         706M (56%)         538M (43%)         720M (58%)         518M (41%)    
[44.744s][info][gc,heap     ] GC(34)      Live:         -               257M (21%)         257M (21%)         257M (21%)            -                  -          
[44.744s][info][gc,heap     ] GC(34) Allocated:         -               202M (16%)         204M (16%)         280M (22%)            -                  -          
[44.744s][info][gc,heap     ] GC(34)   Garbage:         -               260M (21%)         244M (20%)          62M (5%)             -                  -          
[44.744s][info][gc,heap     ] GC(34) Reclaimed:         -                  -                16M (1%)          198M (16%)            -                  -          
[44.744s][info][gc          ] GC(34) Garbage Collection (Allocation Rate) 518M(41%)->538M(43%)
[44.765s][info][gc,start    ] GC(35) Garbage Collection (Allocation Rate)
[44.769s][info][gc,phases   ] GC(35) Pause Mark Start 2.638ms
[45.897s][info][gc,phases   ] GC(35) Concurrent Mark 1127.763ms
[45.900s][info][gc,phases   ] GC(35) Pause Mark End 0.223ms
[45.901s][info][gc,phases   ] GC(35) Concurrent Process Non-Strong References 1.615ms
[45.902s][info][gc,phases   ] GC(35) Concurrent Reset Relocation Set 0.623ms
[45.902s][info][gc,phases   ] GC(35) Concurrent Destroy Detached Pages 0.000ms
[45.904s][info][gc,phases   ] GC(35) Concurrent Select Relocation Set 1.562ms
[45.906s][info][gc,phases   ] GC(35) Concurrent Prepare Relocation Set 2.624ms
[45.909s][info][gc,phases   ] GC(35) Pause Relocate Start 2.405ms
[46.007s][info][gc,phases   ] GC(35) Concurrent Relocate 95.226ms
[46.007s][info][gc,load     ] GC(35) Load: 1.98/2.98/2.98
[46.007s][info][gc,mmu      ] GC(35) MMU: 2ms/0.0%, 5ms/34.6%, 10ms/65.5%, 20ms/82.7%, 50ms/93.1%, 100ms/95.2%
[46.007s][info][gc,marking  ] GC(35) Mark: 1 stripe(s), 2 proactive flush(es), 1 terminate flush(es), 0 completion(s), 0 continuation(s) 
[46.007s][info][gc,reloc    ] GC(35) Relocation: Successful, 48M relocated
[46.007s][info][gc,nmethod  ] GC(35) NMethods: 3174 registered, 0 unregistered
[46.007s][info][gc,metaspace] GC(35) Metaspace: 70M used, 74M capacity, 74M committed, 76M reserved
[46.007s][info][gc,ref      ] GC(35) Soft: 4677 encountered, 0 discovered, 0 enqueued
[46.007s][info][gc,ref      ] GC(35) Weak: 4517 encountered, 3467 discovered, 0 enqueued
[46.007s][info][gc,ref      ] GC(35) Final: 26 encountered, 0 discovered, 0 enqueued
[46.007s][info][gc,ref      ] GC(35) Phantom: 656 encountered, 652 discovered, 0 enqueued
[46.007s][info][gc,heap     ] GC(35)                Mark Start          Mark End        Relocate Start      Relocate End           High               Low         
[46.007s][info][gc,heap     ] GC(35)  Capacity:     1250M (100%)       1250M (100%)       1250M (100%)       1250M (100%)       1250M (100%)       1250M (100%)   
[46.007s][info][gc,heap     ] GC(35)   Reserve:       34M (3%)           34M (3%)           34M (3%)           34M (3%)           34M (3%)           34M (3%)     
[46.007s][info][gc,heap     ] GC(35)      Free:      670M (54%)         470M (38%)         476M (38%)         692M (55%)         692M (55%)         470M (38%)    
[46.007s][info][gc,heap     ] GC(35)      Used:      546M (44%)         746M (60%)         740M (59%)         524M (42%)         746M (60%)         524M (42%)    
[46.007s][info][gc,heap     ] GC(35)      Live:         -               272M (22%)         272M (22%)         272M (22%)            -                  -          
[46.007s][info][gc,heap     ] GC(35) Allocated:         -               200M (16%)         200M (16%)         222M (18%)            -                  -          
[46.007s][info][gc,heap     ] GC(35)   Garbage:         -               273M (22%)         267M (21%)          51M (4%)             -                  -          
[46.007s][info][gc,heap     ] GC(35) Reclaimed:         -                  -                 6M (0%)          222M (18%)            -                  -          
[46.007s][info][gc          ] GC(35) Garbage Collection (Allocation Rate) 546M(44%)->524M(42%)
[46.764s][info][gc,start    ] GC(36) Garbage Collection (Allocation Rate)
[46.769s][info][gc,phases   ] GC(36) Pause Mark Start 2.743ms
[47.513s][info][gc,phases   ] GC(36) Concurrent Mark 744.428ms
[47.516s][info][gc,phases   ] GC(36) Pause Mark End 0.233ms
[47.518s][info][gc,phases   ] GC(36) Concurrent Process Non-Strong References 1.515ms
[47.518s][info][gc,phases   ] GC(36) Concurrent Reset Relocation Set 0.326ms
[47.518s][info][gc,phases   ] GC(36) Concurrent Destroy Detached Pages 0.000ms
[47.520s][info][gc,phases   ] GC(36) Concurrent Select Relocation Set 1.601ms
[47.522s][info][gc,phases   ] GC(36) Concurrent Prepare Relocation Set 2.591ms
[47.525s][info][gc,phases   ] GC(36) Pause Relocate Start 2.906ms
[47.636s][info][gc,phases   ] GC(36) Concurrent Relocate 107.234ms
[47.637s][info][gc,load     ] GC(36) Load: 1.90/2.95/2.97
[47.637s][info][gc,mmu      ] GC(36) MMU: 2ms/0.0%, 5ms/34.6%, 10ms/65.5%, 20ms/82.7%, 50ms/93.1%, 100ms/95.2%
[47.637s][info][gc,marking  ] GC(36) Mark: 1 stripe(s), 2 proactive flush(es), 1 terminate flush(es), 0 completion(s), 0 continuation(s) 
[47.637s][info][gc,reloc    ] GC(36) Relocation: Successful, 37M relocated
[47.637s][info][gc,nmethod  ] GC(36) NMethods: 3204 registered, 0 unregistered
[47.637s][info][gc,metaspace] GC(36) Metaspace: 70M used, 74M capacity, 74M committed, 76M reserved
[47.637s][info][gc,ref      ] GC(36) Soft: 4687 encountered, 0 discovered, 0 enqueued
[47.637s][info][gc,ref      ] GC(36) Weak: 4719 encountered, 3672 discovered, 103 enqueued
[47.637s][info][gc,ref      ] GC(36) Final: 26 encountered, 0 discovered, 0 enqueued
[47.637s][info][gc,ref      ] GC(36) Phantom: 656 encountered, 652 discovered, 0 enqueued
[47.637s][info][gc,heap     ] GC(36)                Mark Start          Mark End        Relocate Start      Relocate End           High               Low         
[47.637s][info][gc,heap     ] GC(36)  Capacity:     1250M (100%)       1250M (100%)       1250M (100%)       1250M (100%)       1250M (100%)       1250M (100%)   
[47.637s][info][gc,heap     ] GC(36)   Reserve:       34M (3%)           34M (3%)           34M (3%)           34M (3%)           34M (3%)           34M (3%)     
[47.637s][info][gc,heap     ] GC(36)      Free:      556M (44%)         326M (26%)         626M (50%)         746M (60%)         750M (60%)         326M (26%)    
[47.637s][info][gc,heap     ] GC(36)      Used:      660M (53%)         890M (71%)         590M (47%)         470M (38%)         890M (71%)         466M (37%)    
[47.637s][info][gc,heap     ] GC(36)      Live:         -               210M (17%)         210M (17%)         210M (17%)            -                  -          
[47.637s][info][gc,heap     ] GC(36) Allocated:         -               230M (18%)         230M (18%)         274M (22%)            -                  -          
[47.637s][info][gc,heap     ] GC(36)   Garbage:         -               449M (36%)         149M (12%)          23M (2%)             -                  -          
[47.637s][info][gc,heap     ] GC(36) Reclaimed:         -                  -               300M (24%)         426M (34%)            -                  -          
[47.637s][info][gc          ] GC(36) Garbage Collection (Allocation Rate) 660M(53%)->470M(38%)
[47.664s][info][gc,start    ] GC(37) Garbage Collection (Allocation Rate)
[47.669s][info][gc,phases   ] GC(37) Pause Mark Start 2.771ms
[48.585s][info][gc,phases   ] GC(37) Concurrent Mark 916.476ms
[48.588s][info][gc,phases   ] GC(37) Pause Mark End 0.231ms
[48.590s][info][gc,phases   ] GC(37) Concurrent Process Non-Strong References 1.661ms
[48.590s][info][gc,phases   ] GC(37) Concurrent Reset Relocation Set 0.303ms
[48.590s][info][gc,phases   ] GC(37) Concurrent Destroy Detached Pages 0.001ms
[48.592s][info][gc,phases   ] GC(37) Concurrent Select Relocation Set 1.690ms
[48.600s][info][gc,phases   ] GC(37) Concurrent Prepare Relocation Set 7.974ms
[48.605s][info][gc,phases   ] GC(37) Pause Relocate Start 2.390ms
[48.761s][info][gc,phases   ] GC(37) Concurrent Relocate 156.452ms
[48.761s][info][gc,load     ] GC(37) Load: 1.90/2.95/2.97
[48.761s][info][gc,mmu      ] GC(37) MMU: 2ms/0.0%, 5ms/34.6%, 10ms/65.5%, 20ms/82.7%, 50ms/93.1%, 100ms/95.2%
[48.761s][info][gc,marking  ] GC(37) Mark: 1 stripe(s), 2 proactive flush(es), 1 terminate flush(es), 0 completion(s), 0 continuation(s) 
[48.761s][info][gc,reloc    ] GC(37) Relocation: Successful, 70M relocated
[48.761s][info][gc,nmethod  ] GC(37) NMethods: 3204 registered, 0 unregistered
[48.761s][info][gc,metaspace] GC(37) Metaspace: 70M used, 74M capacity, 74M committed, 76M reserved
[48.761s][info][gc,ref      ] GC(37) Soft: 4687 encountered, 0 discovered, 0 enqueued
[48.761s][info][gc,ref      ] GC(37) Weak: 4616 encountered, 3569 discovered, 0 enqueued
[48.761s][info][gc,ref      ] GC(37) Final: 26 encountered, 0 discovered, 0 enqueued
[48.761s][info][gc,ref      ] GC(37) Phantom: 656 encountered, 652 discovered, 0 enqueued
[48.761s][info][gc,heap     ] GC(37)                Mark Start          Mark End        Relocate Start      Relocate End           High               Low         
[48.761s][info][gc,heap     ] GC(37)  Capacity:     1250M (100%)       1250M (100%)       1250M (100%)       1250M (100%)       1250M (100%)       1250M (100%)   
[48.761s][info][gc,heap     ] GC(37)   Reserve:       34M (3%)           34M (3%)           34M (3%)           34M (3%)           34M (3%)           34M (3%)     
[48.761s][info][gc,heap     ] GC(37)      Free:      732M (59%)         528M (42%)         542M (43%)         684M (55%)         732M (59%)         528M (42%)    
[48.761s][info][gc,heap     ] GC(37)      Used:      484M (39%)         688M (55%)         674M (54%)         532M (43%)         688M (55%)         484M (39%)    
[48.761s][info][gc,heap     ] GC(37)      Live:         -               253M (20%)         253M (20%)         253M (20%)            -                  -          
[48.761s][info][gc,heap     ] GC(37) Allocated:         -               204M (16%)         206M (16%)         268M (21%)            -                  -          
[48.761s][info][gc,heap     ] GC(37)   Garbage:         -               230M (18%)         214M (17%)          62M (5%)             -                  -          
[48.761s][info][gc,heap     ] GC(37) Reclaimed:         -                  -                16M (1%)          168M (13%)            -                  -          
[48.761s][info][gc          ] GC(37) Garbage Collection (Allocation Rate) 484M(39%)->532M(43%)
[48.864s][info][gc,start    ] GC(38) Garbage Collection (Allocation Rate)
[48.869s][info][gc,phases   ] GC(38) Pause Mark Start 2.686ms
[49.990s][info][gc,phases   ] GC(38) Concurrent Mark 1121.354ms
[49.996s][info][gc,phases   ] GC(38) Pause Mark End 3.516ms
[50.005s][info][gc,phases   ] GC(38) Concurrent Process Non-Strong References 7.912ms
[50.005s][info][gc,phases   ] GC(38) Concurrent Reset Relocation Set 0.502ms
[50.005s][info][gc,phases   ] GC(38) Concurrent Destroy Detached Pages 0.001ms
[50.007s][info][gc,phases   ] GC(38) Concurrent Select Relocation Set 1.513ms
[50.010s][info][gc,phases   ] GC(38) Concurrent Prepare Relocation Set 3.492ms
[50.015s][info][gc,phases   ] GC(38) Pause Relocate Start 2.756ms
[50.065s][info][gc,stats    ] === Garbage Collection Statistics =======================================================================================================================
[50.065s][info][gc,stats    ]                                                              Last 10s              Last 10m              Last 10h                Total
[50.065s][info][gc,stats    ]                                                              Avg / Max             Avg / Max             Avg / Max             Avg / Max
[50.065s][info][gc,stats    ]   Collector: Garbage Collection Cycle                   1107.701 / 1242.577    650.178 / 2248.951    650.178 / 2248.951    650.178 / 2248.951    ms
[50.065s][info][gc,stats    ]  Contention: Mark Segment Reset Contention                     0 / 0                 0 / 0                 0 / 0                 0 / 0           ops/s
[50.065s][info][gc,stats    ]  Contention: Mark SeqNum Reset Contention                      0 / 0                 0 / 0                 0 / 0                 0 / 0           ops/s
[50.065s][info][gc,stats    ]  Contention: Relocation Contention                             0 / 2                 0 / 2                 0 / 2                 0 / 2           ops/s
[50.065s][info][gc,stats    ]    Critical: Allocation Stall                              0.000 / 0.000        46.120 / 46.120       46.120 / 46.120       46.120 / 46.120      ms
[50.065s][info][gc,stats    ]    Critical: Allocation Stall                                  0 / 0                 0 / 1                 0 / 1                 0 / 1           ops/s
[50.065s][info][gc,stats    ]    Critical: GC Locker Stall                               0.000 / 0.000         0.019 / 0.029         0.019 / 0.029         0.019 / 0.029       ms
[50.065s][info][gc,stats    ]    Critical: GC Locker Stall                                   0 / 0                 0 / 1                 0 / 1                 0 / 1           ops/s
[50.065s][info][gc,stats    ]      Memory: Allocation Rate                                 212 / 296             290 / 1448            290 / 1448            290 / 1448        MB/s
[50.065s][info][gc,stats    ]      Memory: Heap Used After Mark                            783 / 890             672 / 1216            672 / 1216            672 / 1216        MB
[50.065s][info][gc,stats    ]      Memory: Heap Used After Relocation                      516 / 546             327 / 848             327 / 848             327 / 848         MB
[50.065s][info][gc,stats    ]      Memory: Heap Used Before Mark                           573 / 660             541 / 1098            541 / 1098            541 / 1098        MB
[50.065s][info][gc,stats    ]      Memory: Heap Used Before Relocation                     704 / 790             444 / 962             444 / 962             444 / 962         MB
[50.065s][info][gc,stats    ]      Memory: Out Of Memory                                     0 / 0                 0 / 0                 0 / 0                 0 / 0           ops/s
[50.065s][info][gc,stats    ]      Memory: Page Cache Flush                                  0 / 0                 5 / 64                5 / 64                5 / 64          MB/s
[50.065s][info][gc,stats    ]      Memory: Page Cache Hit L1                               103 / 133             131 / 724             131 / 724             131 / 724         ops/s
[50.065s][info][gc,stats    ]      Memory: Page Cache Hit L2                                 0 / 0                 0 / 0                 0 / 0                 0 / 0           ops/s
[50.065s][info][gc,stats    ]      Memory: Page Cache Miss                                   0 / 0                11 / 177              11 / 177              11 / 177         ops/s
[50.065s][info][gc,stats    ]      Memory: Undo Object Allocation Failed                     0 / 0                 0 / 0                 0 / 0                 0 / 0           ops/s
[50.065s][info][gc,stats    ]      Memory: Undo Object Allocation Succeeded                  0 / 2                 0 / 2                 0 / 2                 0 / 2           ops/s
[50.065s][info][gc,stats    ]      Memory: Undo Page Allocation                              0 / 0                 0 / 1                 0 / 1                 0 / 1           ops/s
[50.065s][info][gc,stats    ]       Phase: Concurrent Destroy Detached Pages             0.001 / 0.001         0.001 / 0.009         0.001 / 0.009         0.001 / 0.009       ms
[50.065s][info][gc,stats    ]       Phase: Concurrent Mark                             971.236 / 1127.763    565.176 / 2238.259    565.176 / 2238.259    565.176 / 2238.259    ms
[50.065s][info][gc,stats    ]       Phase: Concurrent Mark Continue                      0.000 / 0.000         0.000 / 0.000         0.000 / 0.000         0.000 / 0.000       ms
[50.065s][info][gc,stats    ]       Phase: Concurrent Prepare Relocation Set             5.403 / 8.941         4.286 / 63.895        4.286 / 63.895        4.286 / 63.895      ms
[50.065s][info][gc,stats    ]       Phase: Concurrent Process Non-Strong References      2.403 / 7.912         2.237 / 19.811        2.237 / 19.811        2.237 / 19.811      ms
[50.065s][info][gc,stats    ]       Phase: Concurrent Relocate                         134.314 / 195.697      80.069 / 456.100      80.069 / 456.100      80.069 / 456.100     ms
[50.065s][info][gc,stats    ]       Phase: Concurrent Reset Relocation Set               0.424 / 0.623         0.230 / 1.461         0.230 / 1.461         0.230 / 1.461       ms
[50.065s][info][gc,stats    ]       Phase: Concurrent Select Relocation Set              1.621 / 1.760         1.740 / 4.187         1.740 / 4.187         1.740 / 4.187       ms
[50.065s][info][gc,stats    ]       Phase: Pause Mark End                                0.641 / 3.516         0.305 / 3.516         0.305 / 3.516         0.305 / 3.516       ms
[50.065s][info][gc,stats    ]       Phase: Pause Mark Start                              2.703 / 2.771         2.304 / 3.020         2.304 / 3.020         2.304 / 3.020       ms
[50.065s][info][gc,stats    ]       Phase: Pause Relocate Start                          2.532 / 2.906         2.109 / 3.272         2.109 / 3.272         2.109 / 3.272       ms
[50.065s][info][gc,stats    ]    Subphase: Concurrent Mark                             971.204 / 1127.732    565.150 / 2238.228    565.150 / 2238.228    565.150 / 2238.228    ms
[50.065s][info][gc,stats    ]    Subphase: Concurrent Mark Idle                          0.000 / 0.000         0.000 / 0.000         0.000 / 0.000         0.000 / 0.000       ms
[50.065s][info][gc,stats    ]    Subphase: Concurrent Mark Try Flush                     1.303 / 6.285         1.567 / 9.149         1.567 / 9.149         1.567 / 9.149       ms
[50.065s][info][gc,stats    ]    Subphase: Concurrent Mark Try Terminate                 0.476 / 1.024         0.527 / 3.917         0.527 / 3.917         0.527 / 3.917       ms
[50.065s][info][gc,stats    ]    Subphase: Concurrent References Enqueue                 0.002 / 0.004         0.002 / 0.005         0.002 / 0.005         0.002 / 0.005       ms
[50.065s][info][gc,stats    ]    Subphase: Concurrent References Process                 1.534 / 7.089         0.968 / 7.089         0.968 / 7.089         0.968 / 7.089       ms
[50.065s][info][gc,stats    ]    Subphase: Concurrent Weak Roots                         0.855 / 0.966         1.196 / 16.498        1.196 / 16.498        1.196 / 16.498      ms
[50.065s][info][gc,stats    ]    Subphase: Concurrent Weak Roots JNIWeakHandles          0.000 / 0.000         0.000 / 0.001         0.000 / 0.001         0.000 / 0.001       ms
[50.065s][info][gc,stats    ]    Subphase: Concurrent Weak Roots StringTable             0.660 / 0.768         1.008 / 16.282        1.008 / 16.282        1.008 / 16.282      ms
[50.065s][info][gc,stats    ]    Subphase: Concurrent Weak Roots VMWeakHandles           0.193 / 0.207         0.186 / 0.299         0.186 / 0.299         0.186 / 0.299       ms
[50.065s][info][gc,stats    ]    Subphase: Pause Mark Try Complete                       0.000 / 0.000         0.000 / 0.000         0.000 / 0.000         0.000 / 0.000       ms
[50.065s][info][gc,stats    ]    Subphase: Pause Remap TLABS                             0.001 / 0.002         0.001 / 0.022         0.001 / 0.022         0.001 / 0.022       ms
[50.065s][info][gc,stats    ]    Subphase: Pause Retire TLABS                            0.012 / 0.014         0.011 / 0.022         0.011 / 0.022         0.011 / 0.022       ms
[50.065s][info][gc,stats    ]    Subphase: Pause Roots                                   1.685 / 3.487         1.368 / 3.487         1.368 / 3.487         1.368 / 3.487       ms
[50.065s][info][gc,stats    ]    Subphase: Pause Roots ClassLoaderDataGraph              0.704 / 0.856         0.640 / 1.764         0.640 / 1.764         0.640 / 1.764       ms
[50.065s][info][gc,stats    ]    Subphase: Pause Roots CodeCache                         1.272 / 1.406         0.992 / 1.660         0.992 / 1.660         0.992 / 1.660       ms
[50.065s][info][gc,stats    ]    Subphase: Pause Roots JNIHandles                        0.001 / 0.001         0.001 / 0.006         0.001 / 0.006         0.001 / 0.006       ms
[50.065s][info][gc,stats    ]    Subphase: Pause Roots JNIWeakHandles                    0.000 / 0.000         0.000 / 0.000         0.000 / 0.000         0.000 / 0.000       ms
[50.065s][info][gc,stats    ]    Subphase: Pause Roots JRFWeak                           0.000 / 0.000         0.000 / 0.000         0.000 / 0.000         0.000 / 0.000       ms
[50.065s][info][gc,stats    ]    Subphase: Pause Roots JVMTIExport                       0.001 / 0.001         0.001 / 0.001         0.001 / 0.001         0.001 / 0.001       ms
[50.065s][info][gc,stats    ]    Subphase: Pause Roots JVMTIWeakExport                   0.001 / 0.001         0.001 / 0.001         0.001 / 0.001         0.001 / 0.001       ms
[50.065s][info][gc,stats    ]    Subphase: Pause Roots Management                        0.001 / 0.002         0.001 / 0.009         0.001 / 0.009         0.001 / 0.009       ms
[50.065s][info][gc,stats    ]    Subphase: Pause Roots ObjectSynchronizer                0.000 / 0.000         0.000 / 0.001         0.000 / 0.001         0.000 / 0.001       ms
[50.065s][info][gc,stats    ]    Subphase: Pause Roots Setup                             0.200 / 0.387         0.168 / 0.387         0.168 / 0.387         0.168 / 0.387       ms
[50.065s][info][gc,stats    ]    Subphase: Pause Roots StringTable                       0.000 / 0.000         0.000 / 0.000         0.000 / 0.000         0.000 / 0.000       ms
[50.065s][info][gc,stats    ]    Subphase: Pause Roots SystemDictionary                  0.012 / 0.014         0.013 / 0.061         0.013 / 0.061         0.013 / 0.061       ms
[50.065s][info][gc,stats    ]    Subphase: Pause Roots Teardown                          0.001 / 0.003         0.001 / 0.012         0.001 / 0.012         0.001 / 0.012       ms
[50.065s][info][gc,stats    ]    Subphase: Pause Roots Threads                           0.382 / 3.486         0.261 / 3.486         0.261 / 3.486         0.261 / 3.486       ms
[50.065s][info][gc,stats    ]    Subphase: Pause Roots Universe                          0.002 / 0.003         0.008 / 0.439         0.008 / 0.439         0.008 / 0.439       ms
[50.065s][info][gc,stats    ]    Subphase: Pause Roots VMWeakHandles                     0.000 / 0.000         0.000 / 0.000         0.000 / 0.000         0.000 / 0.000       ms
[50.065s][info][gc,stats    ]    Subphase: Pause Weak Roots                              0.002 / 0.002         0.002 / 0.009         0.002 / 0.009         0.002 / 0.009       ms
[50.065s][info][gc,stats    ]    Subphase: Pause Weak Roots JFRWeak                      0.001 / 0.001         0.001 / 0.001         0.001 / 0.001         0.001 / 0.001       ms
[50.065s][info][gc,stats    ]    Subphase: Pause Weak Roots JNIWeakHandles               0.000 / 0.000         0.000 / 0.000         0.000 / 0.000         0.000 / 0.000       ms
[50.065s][info][gc,stats    ]    Subphase: Pause Weak Roots JVMTIWeakExport              0.001 / 0.001         0.001 / 0.008         0.001 / 0.008         0.001 / 0.008       ms
[50.065s][info][gc,stats    ]    Subphase: Pause Weak Roots Setup                        0.000 / 0.000         0.000 / 0.000         0.000 / 0.000         0.000 / 0.000       ms
[50.065s][info][gc,stats    ]    Subphase: Pause Weak Roots StringTable                  0.000 / 0.000         0.000 / 0.000         0.000 / 0.000         0.000 / 0.000       ms
[50.065s][info][gc,stats    ]    Subphase: Pause Weak Roots SymbolTable                  0.000 / 0.000         0.000 / 0.000         0.000 / 0.000         0.000 / 0.000       ms
[50.065s][info][gc,stats    ]    Subphase: Pause Weak Roots Teardown                     0.001 / 0.001         0.001 / 0.001         0.001 / 0.001         0.001 / 0.001       ms
[50.065s][info][gc,stats    ]    Subphase: Pause Weak Roots VMWeakHandles                0.000 / 0.000         0.000 / 0.000         0.000 / 0.000         0.000 / 0.000       ms
[50.065s][info][gc,stats    ]      System: Java Threads                                     63 / 63               51 / 63               51 / 63               51 / 63          threads
[50.065s][info][gc,stats    ] =========================================================================================================================================================
[50.139s][info][gc,phases   ] GC(38) Concurrent Relocate 123.776ms
[50.139s][info][gc,load     ] GC(38) Load: 1.90/2.95/2.97
[50.139s][info][gc,mmu      ] GC(38) MMU: 2ms/0.0%, 5ms/29.7%, 10ms/64.8%, 20ms/79.9%, 50ms/87.5%, 100ms/93.7%
[50.139s][info][gc,marking  ] GC(38) Mark: 1 stripe(s), 2 proactive flush(es), 1 terminate flush(es), 0 completion(s), 0 continuation(s) 
[50.139s][info][gc,reloc    ] GC(38) Relocation: Successful, 54M relocated
[50.139s][info][gc,nmethod  ] GC(38) NMethods: 3204 registered, 0 unregistered
[50.139s][info][gc,metaspace] GC(38) Metaspace: 70M used, 74M capacity, 74M committed, 76M reserved
[50.139s][info][gc,ref      ] GC(38) Soft: 4687 encountered, 0 discovered, 0 enqueued
[50.139s][info][gc,ref      ] GC(38) Weak: 4616 encountered, 3569 discovered, 0 enqueued
[50.139s][info][gc,ref      ] GC(38) Final: 26 encountered, 0 discovered, 0 enqueued
[50.139s][info][gc,ref      ] GC(38) Phantom: 656 encountered, 652 discovered, 0 enqueued
[50.139s][info][gc,heap     ] GC(38)                Mark Start          Mark End        Relocate Start      Relocate End           High               Low         
[50.139s][info][gc,heap     ] GC(38)  Capacity:     1250M (100%)       1250M (100%)       1250M (100%)       1250M (100%)       1250M (100%)       1250M (100%)   
[50.139s][info][gc,heap     ] GC(38)   Reserve:       34M (3%)           34M (3%)           34M (3%)           34M (3%)           34M (3%)           34M (3%)     
[50.139s][info][gc,heap     ] GC(38)      Free:      642M (51%)         424M (34%)         426M (34%)         672M (54%)         672M (54%)         420M (34%)    
[50.139s][info][gc,heap     ] GC(38)      Used:      574M (46%)         792M (63%)         790M (63%)         544M (44%)         796M (64%)         544M (44%)    
[50.139s][info][gc,heap     ] GC(38)      Live:         -               271M (22%)         271M (22%)         271M (22%)            -                  -          
[50.139s][info][gc,heap     ] GC(38) Allocated:         -               218M (17%)         222M (18%)         250M (20%)            -                  -          
[50.139s][info][gc,heap     ] GC(38)   Garbage:         -               302M (24%)         296M (24%)          50M (4%)             -                  -          
[50.139s][info][gc,heap     ] GC(38) Reclaimed:         -                  -                 6M (0%)          252M (20%)            -                  -          
[50.139s][info][gc          ] GC(38) Garbage Collection (Allocation Rate) 574M(46%)->544M(44%)
[50.164s][info][gc,start    ] GC(39) Garbage Collection (Allocation Rate)
[50.169s][info][gc,phases   ] GC(39) Pause Mark Start 2.731ms
[51.168s][info][gc,phases   ] GC(39) Concurrent Mark 998.487ms
[51.170s][info][gc,phases   ] GC(39) Pause Mark End 0.264ms
[51.172s][info][gc,phases   ] GC(39) Concurrent Process Non-Strong References 1.608ms
[51.172s][info][gc,phases   ] GC(39) Concurrent Reset Relocation Set 0.433ms
[51.172s][info][gc,phases   ] GC(39) Concurrent Destroy Detached Pages 0.001ms
[51.174s][info][gc,phases   ] GC(39) Concurrent Select Relocation Set 1.552ms
[51.180s][info][gc,phases   ] GC(39) Concurrent Prepare Relocation Set 6.225ms
[51.185s][info][gc,phases   ] GC(39) Pause Relocate Start 2.911ms
[51.300s][info][gc,phases   ] GC(39) Concurrent Relocate 114.672ms
[51.300s][info][gc,load     ] GC(39) Load: 1.90/2.95/2.97
[51.300s][info][gc,mmu      ] GC(39) MMU: 2ms/0.0%, 5ms/29.7%, 10ms/64.8%, 20ms/79.9%, 50ms/87.5%, 100ms/93.7%
[51.300s][info][gc,marking  ] GC(39) Mark: 1 stripe(s), 2 proactive flush(es), 1 terminate flush(es), 0 completion(s), 0 continuation(s) 
[51.300s][info][gc,reloc    ] GC(39) Relocation: Successful, 40M relocated
[51.300s][info][gc,nmethod  ] GC(39) NMethods: 3227 registered, 0 unregistered
[51.300s][info][gc,metaspace] GC(39) Metaspace: 70M used, 74M capacity, 74M committed, 76M reserved
[51.300s][info][gc,ref      ] GC(39) Soft: 4687 encountered, 0 discovered, 0 enqueued
[51.300s][info][gc,ref      ] GC(39) Weak: 4616 encountered, 3590 discovered, 0 enqueued
[51.300s][info][gc,ref      ] GC(39) Final: 26 encountered, 0 discovered, 0 enqueued
[51.300s][info][gc,ref      ] GC(39) Phantom: 656 encountered, 652 discovered, 0 enqueued
[51.300s][info][gc,heap     ] GC(39)                Mark Start          Mark End        Relocate Start      Relocate End           High               Low         
[51.300s][info][gc,heap     ] GC(39)  Capacity:     1250M (100%)       1250M (100%)       1250M (100%)       1250M (100%)       1250M (100%)       1250M (100%)   
[51.300s][info][gc,heap     ] GC(39)   Reserve:       34M (3%)           34M (3%)           34M (3%)           34M (3%)           34M (3%)           34M (3%)     
[51.300s][info][gc,heap     ] GC(39)      Free:      640M (51%)         598M (48%)         654M (52%)         922M (74%)         922M (74%)         598M (48%)    
[51.300s][info][gc,heap     ] GC(39)      Used:      576M (46%)         618M (49%)         562M (45%)         294M (24%)         618M (49%)         294M (24%)    
[51.300s][info][gc,heap     ] GC(39)      Live:         -               238M (19%)         238M (19%)         238M (19%)            -                  -          
[51.300s][info][gc,heap     ] GC(39) Allocated:         -                42M (3%)           44M (4%)           66M (5%)             -                  -          
[51.300s][info][gc,heap     ] GC(39)   Garbage:         -               337M (27%)         279M (22%)          11M (1%)             -                  -          
[51.300s][info][gc,heap     ] GC(39) Reclaimed:         -                  -                58M (5%)          326M (26%)            -                  -          
[51.300s][info][gc          ] GC(39) Garbage Collection (Allocation Rate) 576M(46%)->294M(24%)
[51.864s][info][gc,start    ] GC(40) Garbage Collection (Allocation Rate)
[51.868s][info][gc,phases   ] GC(40) Pause Mark Start 3.602ms
[52.541s][info][gc,heap     ] Page Cache Flushed: 6M requested, 10M(578M->568M) flushed
[52.673s][info][gc,phases   ] GC(40) Concurrent Mark 805.012ms
[52.677s][info][gc,phases   ] GC(40) Pause Mark End 0.416ms
[52.681s][info][gc,phases   ] GC(40) Concurrent Process Non-Strong References 3.451ms
[52.682s][info][gc,phases   ] GC(40) Concurrent Reset Relocation Set 0.355ms
[52.682s][info][gc,phases   ] GC(40) Concurrent Destroy Detached Pages 0.003ms
[52.684s][info][gc,phases   ] GC(40) Concurrent Select Relocation Set 1.661ms
[52.684s][info][gc,phases   ] GC(40) Concurrent Prepare Relocation Set 0.056ms
[52.697s][info][gc,phases   ] GC(40) Pause Relocate Start 2.461ms
[52.712s][info][gc,phases   ] GC(40) Concurrent Relocate 15.559ms
[52.712s][info][gc,load     ] GC(40) Load: 1.83/2.91/2.96
[52.712s][info][gc,mmu      ] GC(40) MMU: 2ms/0.0%, 5ms/28.0%, 10ms/64.0%, 20ms/79.9%, 50ms/87.5%, 100ms/93.7%
[52.712s][info][gc,marking  ] GC(40) Mark: 1 stripe(s), 2 proactive flush(es), 1 terminate flush(es), 0 completion(s), 0 continuation(s) 
[52.712s][info][gc,reloc    ] GC(40) Relocation: Successful, 23M relocated
[52.712s][info][gc,nmethod  ] GC(40) NMethods: 3385 registered, 0 unregistered
[52.712s][info][gc,metaspace] GC(40) Metaspace: 71M used, 75M capacity, 75M committed, 76M reserved
[52.712s][info][gc,ref      ] GC(40) Soft: 4700 encountered, 0 discovered, 0 enqueued
[52.712s][info][gc,ref      ] GC(40) Weak: 4800 encountered, 3707 discovered, 8 enqueued
[52.712s][info][gc,ref      ] GC(40) Final: 26 encountered, 0 discovered, 0 enqueued
[52.712s][info][gc,ref      ] GC(40) Phantom: 661 encountered, 466 discovered, 5 enqueued
[52.712s][info][gc,heap     ] GC(40)                Mark Start          Mark End        Relocate Start      Relocate End           High               Low         
[52.712s][info][gc,heap     ] GC(40)  Capacity:     1250M (100%)       1250M (100%)       1250M (100%)       1250M (100%)       1250M (100%)       1250M (100%)   
[52.712s][info][gc,heap     ] GC(40)   Reserve:       34M (3%)           34M (3%)           34M (3%)           34M (3%)           34M (3%)           34M (3%)     
[52.712s][info][gc,heap     ] GC(40)      Free:      718M (57%)         552M (44%)         788M (63%)         818M (65%)         818M (65%)         550M (44%)    
[52.712s][info][gc,heap     ] GC(40)      Used:      498M (40%)         664M (53%)         428M (34%)         398M (32%)         666M (53%)         398M (32%)    
[52.712s][info][gc,heap     ] GC(40)      Live:         -               190M (15%)         190M (15%)         190M (15%)            -                  -          
[52.712s][info][gc,heap     ] GC(40) Allocated:         -               166M (13%)         170M (14%)         174M (14%)            -                  -          
[52.712s][info][gc,heap     ] GC(40)   Garbage:         -               307M (25%)          67M (5%)           35M (3%)             -                  -          
[52.712s][info][gc,heap     ] GC(40) Reclaimed:         -                  -               240M (19%)         272M (22%)            -                  -          
[52.712s][info][gc          ] GC(40) Garbage Collection (Allocation Rate) 498M(40%)->398M(32%)
[53.164s][info][gc,start    ] GC(41) Garbage Collection (Allocation Rate)
[53.169s][info][gc,phases   ] GC(41) Pause Mark Start 2.875ms
[53.863s][info][gc,heap     ] Page Cache Flushed: 6M requested, 18M(532M->514M) flushed
[53.868s][info][gc,phases   ] GC(41) Concurrent Mark 698.342ms
[53.870s][info][gc,phases   ] GC(41) Pause Mark End 0.256ms
[53.872s][info][gc,phases   ] GC(41) Concurrent Process Non-Strong References 1.761ms
[53.872s][info][gc,phases   ] GC(41) Concurrent Reset Relocation Set 0.004ms
[53.872s][info][gc,phases   ] GC(41) Concurrent Destroy Detached Pages 0.002ms
[53.874s][info][gc,phases   ] GC(41) Concurrent Select Relocation Set 1.575ms
[53.875s][info][gc,phases   ] GC(41) Concurrent Prepare Relocation Set 1.071ms
[53.877s][info][gc,phases   ] GC(41) Pause Relocate Start 2.548ms
[53.948s][info][gc,phases   ] GC(41) Concurrent Relocate 67.939ms
[53.949s][info][gc,load     ] GC(41) Load: 1.83/2.91/2.96
[53.949s][info][gc,mmu      ] GC(41) MMU: 2ms/0.0%, 5ms/28.0%, 10ms/64.0%, 20ms/79.9%, 50ms/87.5%, 100ms/93.7%
[53.949s][info][gc,marking  ] GC(41) Mark: 1 stripe(s), 2 proactive flush(es), 1 terminate flush(es), 0 completion(s), 0 continuation(s) 
[53.949s][info][gc,reloc    ] GC(41) Relocation: Successful, 29M relocated
[53.949s][info][gc,nmethod  ] GC(41) NMethods: 3467 registered, 0 unregistered
[53.949s][info][gc,metaspace] GC(41) Metaspace: 71M used, 75M capacity, 75M committed, 76M reserved
[53.949s][info][gc,ref      ] GC(41) Soft: 4810 encountered, 0 discovered, 0 enqueued
[53.949s][info][gc,ref      ] GC(41) Weak: 5027 encountered, 4038 discovered, 259 enqueued
[53.949s][info][gc,ref      ] GC(41) Final: 26 encountered, 0 discovered, 0 enqueued
[53.949s][info][gc,ref      ] GC(41) Phantom: 699 encountered, 695 discovered, 42 enqueued
[53.949s][info][gc,heap     ] GC(41)                Mark Start          Mark End        Relocate Start      Relocate End           High               Low         
[53.949s][info][gc,heap     ] GC(41)  Capacity:     1250M (100%)       1250M (100%)       1250M (100%)       1250M (100%)       1250M (100%)       1250M (100%)   
[53.949s][info][gc,heap     ] GC(41)   Reserve:       34M (3%)           34M (3%)           34M (3%)           34M (3%)           34M (3%)           34M (3%)     
[53.949s][info][gc,heap     ] GC(41)      Free:      708M (57%)         526M (42%)         724M (58%)         830M (66%)         834M (67%)         526M (42%)    
[53.949s][info][gc,heap     ] GC(41)      Used:      508M (41%)         690M (55%)         492M (39%)         386M (31%)         690M (55%)         382M (31%)    
[53.949s][info][gc,heap     ] GC(41)      Live:         -               196M (16%)         196M (16%)         196M (16%)            -                  -          
[53.949s][info][gc,heap     ] GC(41) Allocated:         -               182M (15%)         182M (15%)         198M (16%)            -                  -          
[53.949s][info][gc,heap     ] GC(41)   Garbage:         -               311M (25%)         113M (9%)            3M (0%)             -                  -          
[53.949s][info][gc,heap     ] GC(41) Reclaimed:         -                  -               198M (16%)         308M (25%)            -                  -          
[53.949s][info][gc          ] GC(41) Garbage Collection (Allocation Rate) 508M(41%)->386M(31%)
[56.164s][info][gc,start    ] GC(42) Garbage Collection (Allocation Rate)
[56.167s][info][gc,phases   ] GC(42) Pause Mark Start 3.086ms
[56.600s][info][gc,heap     ] Page Cache Flushed: 4M requested, 32M(342M->310M) flushed
[57.008s][info][gc,phases   ] GC(42) Concurrent Mark 840.232ms
[57.010s][info][gc,phases   ] GC(42) Pause Mark End 0.253ms
[57.012s][info][gc,phases   ] GC(42) Concurrent Process Non-Strong References 1.633ms
[57.013s][info][gc,phases   ] GC(42) Concurrent Reset Relocation Set 0.012ms
[57.013s][info][gc,phases   ] GC(42) Concurrent Destroy Detached Pages 0.002ms
[57.015s][info][gc,phases   ] GC(42) Concurrent Select Relocation Set 1.562ms
[57.016s][info][gc,phases   ] GC(42) Concurrent Prepare Relocation Set 1.498ms
[57.022s][info][gc,phases   ] GC(42) Pause Relocate Start 3.358ms
[57.119s][info][gc,phases   ] GC(42) Concurrent Relocate 91.392ms
[57.119s][info][gc,load     ] GC(42) Load: 1.92/2.91/2.96
[57.119s][info][gc,mmu      ] GC(42) MMU: 2ms/0.0%, 5ms/28.0%, 10ms/64.0%, 20ms/79.9%, 50ms/87.5%, 100ms/93.7%
[57.119s][info][gc,marking  ] GC(42) Mark: 1 stripe(s), 2 proactive flush(es), 1 terminate flush(es), 0 completion(s), 0 continuation(s) 
[57.119s][info][gc,reloc    ] GC(42) Relocation: Successful, 31M relocated
[57.119s][info][gc,nmethod  ] GC(42) NMethods: 3623 registered, 0 unregistered
[57.119s][info][gc,metaspace] GC(42) Metaspace: 71M used, 75M capacity, 75M committed, 76M reserved
[57.119s][info][gc,ref      ] GC(42) Soft: 4839 encountered, 0 discovered, 0 enqueued
[57.119s][info][gc,ref      ] GC(42) Weak: 4866 encountered, 3879 discovered, 70 enqueued
[57.119s][info][gc,ref      ] GC(42) Final: 26 encountered, 0 discovered, 0 enqueued
[57.119s][info][gc,ref      ] GC(42) Phantom: 675 encountered, 671 discovered, 16 enqueued
[57.119s][info][gc,heap     ] GC(42)                Mark Start          Mark End        Relocate Start      Relocate End           High               Low         
[57.119s][info][gc,heap     ] GC(42)  Capacity:     1250M (100%)       1250M (100%)       1250M (100%)       1250M (100%)       1250M (100%)       1250M (100%)   
[57.119s][info][gc,heap     ] GC(42)   Reserve:       34M (3%)           34M (3%)           34M (3%)           34M (3%)           34M (3%)           34M (3%)     
[57.119s][info][gc,heap     ] GC(42)      Free:      460M (37%)         282M (23%)         710M (57%)         774M (62%)         774M (62%)         280M (22%)    
[57.119s][info][gc,heap     ] GC(42)      Used:      756M (60%)         934M (75%)         506M (40%)         442M (35%)         936M (75%)         442M (35%)    
[57.119s][info][gc,heap     ] GC(42)      Live:         -               210M (17%)         210M (17%)         210M (17%)            -                  -          
[57.119s][info][gc,heap     ] GC(42) Allocated:         -               178M (14%)         180M (14%)         210M (17%)            -                  -          
[57.119s][info][gc,heap     ] GC(42)   Garbage:         -               545M (44%)         115M (9%)           35M (3%)             -                  -          
[57.119s][info][gc,heap     ] GC(42) Reclaimed:         -                  -               430M (34%)         510M (41%)            -                  -          
[57.119s][info][gc          ] GC(42) Garbage Collection (Allocation Rate) 756M(60%)->442M(35%)
[60.064s][info][gc,stats    ] === Garbage Collection Statistics =======================================================================================================================
[60.064s][info][gc,stats    ]                                                              Last 10s              Last 10m              Last 10h                Total
[60.064s][info][gc,stats    ]                                                              Avg / Max             Avg / Max             Avg / Max             Avg / Max
[60.064s][info][gc,stats    ]   Collector: Garbage Collection Cycle                    999.649 / 1275.088    690.815 / 2248.951    690.815 / 2248.951    690.815 / 2248.951    ms
[60.064s][info][gc,stats    ]  Contention: Mark Segment Reset Contention                     0 / 0                 0 / 0                 0 / 0                 0 / 0           ops/s
[60.064s][info][gc,stats    ]  Contention: Mark SeqNum Reset Contention                      0 / 0                 0 / 0                 0 / 0                 0 / 0           ops/s
[60.064s][info][gc,stats    ]  Contention: Relocation Contention                             0 / 3                 0 / 3                 0 / 3                 0 / 3           ops/s
[60.064s][info][gc,stats    ]    Critical: Allocation Stall                              0.000 / 0.000        46.120 / 46.120       46.120 / 46.120       46.120 / 46.120      ms
[60.064s][info][gc,stats    ]    Critical: Allocation Stall                                  0 / 0                 0 / 1                 0 / 1                 0 / 1           ops/s
[60.064s][info][gc,stats    ]    Critical: GC Locker Stall                               0.000 / 0.000         0.019 / 0.029         0.019 / 0.029         0.019 / 0.029       ms
[60.064s][info][gc,stats    ]    Critical: GC Locker Stall                                   0 / 0                 0 / 1                 0 / 1                 0 / 1           ops/s
[60.064s][info][gc,stats    ]      Memory: Allocation Rate                                 162 / 296             269 / 1448            269 / 1448            269 / 1448        MB/s
[60.064s][info][gc,stats    ]      Memory: Heap Used After Mark                            726 / 934             677 / 1216            677 / 1216            677 / 1216        MB
[60.064s][info][gc,stats    ]      Memory: Heap Used After Relocation                      412 / 544             336 / 848             336 / 848             336 / 848         MB
[60.064s][info][gc,stats    ]      Memory: Heap Used Before Mark                           584 / 756             545 / 1098            545 / 1098            545 / 1098        MB
[60.064s][info][gc,stats    ]      Memory: Heap Used Before Relocation                     497 / 562             449 / 962             449 / 962             449 / 962         MB
[60.064s][info][gc,stats    ]      Memory: Out Of Memory                                     0 / 0                 0 / 0                 0 / 0                 0 / 0           ops/s
[60.064s][info][gc,stats    ]      Memory: Page Cache Flush                                  6 / 32                5 / 64                5 / 64                5 / 64          MB/s
[60.064s][info][gc,stats    ]      Memory: Page Cache Hit L1                                69 / 125             121 / 724             121 / 724             121 / 724         ops/s
[60.064s][info][gc,stats    ]      Memory: Page Cache Hit L2                                 0 / 0                 0 / 0                 0 / 0                 0 / 0           ops/s
[60.064s][info][gc,stats    ]      Memory: Page Cache Miss                                   0 / 2                 9 / 177               9 / 177               9 / 177         ops/s
[60.064s][info][gc,stats    ]      Memory: Undo Object Allocation Failed                     0 / 0                 0 / 0                 0 / 0                 0 / 0           ops/s
[60.064s][info][gc,stats    ]      Memory: Undo Object Allocation Succeeded                  0 / 3                 0 / 3                 0 / 3                 0 / 3           ops/s
[60.064s][info][gc,stats    ]      Memory: Undo Page Allocation                              0 / 0                 0 / 1                 0 / 1                 0 / 1           ops/s
[60.064s][info][gc,stats    ]       Phase: Concurrent Destroy Detached Pages             0.002 / 0.003         0.001 / 0.009         0.001 / 0.009         0.001 / 0.009       ms
[60.064s][info][gc,stats    ]       Phase: Concurrent Mark                             835.518 / 998.487     590.324 / 2238.259    590.324 / 2238.259    590.324 / 2238.259    ms
[60.064s][info][gc,stats    ]       Phase: Concurrent Mark Continue                      0.000 / 0.000         0.000 / 0.000         0.000 / 0.000         0.000 / 0.000       ms
[60.064s][info][gc,stats    ]       Phase: Concurrent Prepare Relocation Set             2.213 / 6.225         4.093 / 63.895        4.093 / 63.895        4.093 / 63.895      ms
[60.064s][info][gc,stats    ]       Phase: Concurrent Process Non-Strong References      2.113 / 3.451         2.225 / 19.811        2.225 / 19.811        2.225 / 19.811      ms
[60.064s][info][gc,stats    ]       Phase: Concurrent Relocate                          82.668 / 123.776      80.372 / 456.100      80.372 / 456.100      80.372 / 456.100     ms
[60.064s][info][gc,stats    ]       Phase: Concurrent Reset Relocation Set               0.201 / 0.433         0.228 / 1.461         0.228 / 1.461         0.228 / 1.461       ms
[60.064s][info][gc,stats    ]       Phase: Concurrent Select Relocation Set              1.588 / 1.661         1.726 / 4.187         1.726 / 4.187         1.726 / 4.187       ms
[60.064s][info][gc,stats    ]       Phase: Pause Mark End                                0.297 / 0.416         0.304 / 3.516         0.304 / 3.516         0.304 / 3.516       ms
[60.064s][info][gc,stats    ]       Phase: Pause Mark Start                              3.074 / 3.602         2.376 / 3.602         2.376 / 3.602         2.376 / 3.602       ms
[60.064s][info][gc,stats    ]       Phase: Pause Relocate Start                          2.820 / 3.358         2.175 / 3.358         2.175 / 3.358         2.175 / 3.358       ms
[60.064s][info][gc,stats    ]    Subphase: Concurrent Mark                             833.820 / 998.457     590.143 / 2238.228    590.143 / 2238.228    590.143 / 2238.228    ms
[60.064s][info][gc,stats    ]    Subphase: Concurrent Mark Idle                          0.000 / 0.000         0.000 / 0.000         0.000 / 0.000         0.000 / 0.000       ms
[60.064s][info][gc,stats    ]    Subphase: Concurrent Mark Try Flush                     1.808 / 8.818         1.588 / 9.149         1.588 / 9.149         1.588 / 9.149       ms
[60.064s][info][gc,stats    ]    Subphase: Concurrent Mark Try Terminate                 0.867 / 3.933         0.558 / 3.933         0.558 / 3.933         0.558 / 3.933       ms
[60.064s][info][gc,stats    ]    Subphase: Concurrent References Enqueue                 0.003 / 0.005         0.002 / 0.005         0.002 / 0.005         0.002 / 0.005       ms
[60.064s][info][gc,stats    ]    Subphase: Concurrent References Process                 0.771 / 0.807         0.950 / 7.089         0.950 / 7.089         0.950 / 7.089       ms
[60.064s][info][gc,stats    ]    Subphase: Concurrent Weak Roots                         0.948 / 1.156         1.172 / 16.498        1.172 / 16.498        1.172 / 16.498      ms
[60.064s][info][gc,stats    ]    Subphase: Concurrent Weak Roots JNIWeakHandles          0.000 / 0.001         0.000 / 0.001         0.000 / 0.001         0.000 / 0.001       ms
[60.064s][info][gc,stats    ]    Subphase: Concurrent Weak Roots StringTable             0.728 / 0.893         0.982 / 16.282        0.982 / 16.282        0.982 / 16.282      ms
[60.064s][info][gc,stats    ]    Subphase: Concurrent Weak Roots VMWeakHandles           0.217 / 0.257         0.189 / 0.299         0.189 / 0.299         0.189 / 0.299       ms
[60.064s][info][gc,stats    ]    Subphase: Pause Mark Try Complete                       0.000 / 0.000         0.000 / 0.000         0.000 / 0.000         0.000 / 0.000       ms
[60.064s][info][gc,stats    ]    Subphase: Pause Remap TLABS                             0.002 / 0.003         0.001 / 0.022         0.001 / 0.022         0.001 / 0.022       ms
[60.064s][info][gc,stats    ]    Subphase: Pause Retire TLABS                            0.015 / 0.019         0.012 / 0.022         0.012 / 0.022         0.012 / 0.022       ms
[60.064s][info][gc,stats    ]    Subphase: Pause Roots                                   1.812 / 3.282         1.409 / 3.487         1.409 / 3.487         1.409 / 3.487       ms
[60.064s][info][gc,stats    ]    Subphase: Pause Roots ClassLoaderDataGraph              0.799 / 1.213         0.654 / 1.764         0.654 / 1.764         0.654 / 1.764       ms
[60.064s][info][gc,stats    ]    Subphase: Pause Roots CodeCache                         1.380 / 1.645         1.028 / 1.660         1.028 / 1.660         1.028 / 1.660       ms
[60.064s][info][gc,stats    ]    Subphase: Pause Roots JNIHandles                        0.001 / 0.001         0.001 / 0.006         0.001 / 0.006         0.001 / 0.006       ms
[60.064s][info][gc,stats    ]    Subphase: Pause Roots JNIWeakHandles                    0.000 / 0.000         0.000 / 0.000         0.000 / 0.000         0.000 / 0.000       ms
[60.064s][info][gc,stats    ]    Subphase: Pause Roots JRFWeak                           0.000 / 0.000         0.000 / 0.000         0.000 / 0.000         0.000 / 0.000       ms
[60.064s][info][gc,stats    ]    Subphase: Pause Roots JVMTIExport                       0.001 / 0.001         0.001 / 0.001         0.001 / 0.001         0.001 / 0.001       ms
[60.064s][info][gc,stats    ]    Subphase: Pause Roots JVMTIWeakExport                   0.001 / 0.001         0.001 / 0.001         0.001 / 0.001         0.001 / 0.001       ms
[60.064s][info][gc,stats    ]    Subphase: Pause Roots Management                        0.001 / 0.002         0.001 / 0.009         0.001 / 0.009         0.001 / 0.009       ms
[60.064s][info][gc,stats    ]    Subphase: Pause Roots ObjectSynchronizer                0.000 / 0.000         0.000 / 0.001         0.000 / 0.001         0.000 / 0.001       ms
[60.064s][info][gc,stats    ]    Subphase: Pause Roots Setup                             0.212 / 0.435         0.172 / 0.435         0.172 / 0.435         0.172 / 0.435       ms
[60.064s][info][gc,stats    ]    Subphase: Pause Roots StringTable                       0.000 / 0.000         0.000 / 0.000         0.000 / 0.000         0.000 / 0.000       ms
[60.064s][info][gc,stats    ]    Subphase: Pause Roots SystemDictionary                  0.014 / 0.027         0.013 / 0.061         0.013 / 0.061         0.013 / 0.061       ms
[60.064s][info][gc,stats    ]    Subphase: Pause Roots Teardown                          0.001 / 0.003         0.001 / 0.012         0.001 / 0.012         0.001 / 0.012       ms
[60.064s][info][gc,stats    ]    Subphase: Pause Roots Threads                           0.342 / 1.033         0.269 / 3.486         0.269 / 3.486         0.269 / 3.486       ms
[60.064s][info][gc,stats    ]    Subphase: Pause Roots Universe                          0.003 / 0.007         0.008 / 0.439         0.008 / 0.439         0.008 / 0.439       ms
[60.064s][info][gc,stats    ]    Subphase: Pause Roots VMWeakHandles                     0.000 / 0.000         0.000 / 0.000         0.000 / 0.000         0.000 / 0.000       ms
[60.064s][info][gc,stats    ]    Subphase: Pause Weak Roots                              0.002 / 0.002         0.002 / 0.009         0.002 / 0.009         0.002 / 0.009       ms
[60.064s][info][gc,stats    ]    Subphase: Pause Weak Roots JFRWeak                      0.001 / 0.001         0.001 / 0.001         0.001 / 0.001         0.001 / 0.001       ms
[60.064s][info][gc,stats    ]    Subphase: Pause Weak Roots JNIWeakHandles               0.000 / 0.000         0.000 / 0.000         0.000 / 0.000         0.000 / 0.000       ms
[60.064s][info][gc,stats    ]    Subphase: Pause Weak Roots JVMTIWeakExport              0.001 / 0.001         0.001 / 0.008         0.001 / 0.008         0.001 / 0.008       ms
[60.064s][info][gc,stats    ]    Subphase: Pause Weak Roots Setup                        0.000 / 0.000         0.000 / 0.000         0.000 / 0.000         0.000 / 0.000       ms
[60.064s][info][gc,stats    ]    Subphase: Pause Weak Roots StringTable                  0.000 / 0.000         0.000 / 0.000         0.000 / 0.000         0.000 / 0.000       ms
[60.064s][info][gc,stats    ]    Subphase: Pause Weak Roots SymbolTable                  0.000 / 0.000         0.000 / 0.000         0.000 / 0.000         0.000 / 0.000       ms
[60.064s][info][gc,stats    ]    Subphase: Pause Weak Roots Teardown                     0.001 / 0.001         0.001 / 0.001         0.001 / 0.001         0.001 / 0.001       ms
[60.064s][info][gc,stats    ]    Subphase: Pause Weak Roots VMWeakHandles                0.000 / 0.000         0.000 / 0.000         0.000 / 0.000         0.000 / 0.000       ms
[60.064s][info][gc,stats    ]      System: Java Threads                                     66 / 74               52 / 74               52 / 74               52 / 74          threads
[60.064s][info][gc,stats    ] =========================================================================================================================================================
[61.003s][info][gc,heap     ] Page Cache Flushed: 4M requested, 6M(366M->360M) flushed
[61.164s][info][gc,start    ] GC(43) Garbage Collection (Allocation Rate)
[61.168s][info][gc,phases   ] GC(43) Pause Mark Start 3.309ms
[61.176s][info][gc,heap     ] Page Cache Flushed: 30M requested, 30M(354M->324M) flushed
[61.185s][info][gc,heap     ] Page Cache Flushed: 6M requested, 6M(324M->318M) flushed
[61.187s][info][gc,heap     ] Page Cache Flushed: 10M requested, 10M(318M->308M) flushed
[61.592s][info][gc,heap     ] Page Cache Flushed: 6M requested, 6M(276M->270M) flushed
[61.603s][info][gc,heap     ] Page Cache Flushed: 6M requested, 6M(270M->264M) flushed
[61.612s][info][gc,heap     ] Page Cache Flushed: 6M requested, 6M(264M->258M) flushed
[62.795s][info][gc,phases   ] GC(43) Concurrent Mark 1627.270ms
[62.798s][info][gc,phases   ] GC(43) Pause Mark End 0.416ms
[62.800s][info][gc,phases   ] GC(43) Concurrent Process Non-Strong References 1.612ms
[62.801s][info][gc,phases   ] GC(43) Concurrent Reset Relocation Set 0.200ms
[62.801s][info][gc,phases   ] GC(43) Concurrent Destroy Detached Pages 0.014ms
[62.802s][info][gc,phases   ] GC(43) Concurrent Select Relocation Set 1.895ms
[62.806s][info][gc,phases   ] GC(43) Concurrent Prepare Relocation Set 3.463ms
[62.811s][info][gc,phases   ] GC(43) Pause Relocate Start 2.977ms
[63.207s][info][gc,phases   ] GC(43) Concurrent Relocate 382.539ms
[63.207s][info][gc,load     ] GC(43) Load: 2.09/2.93/2.97
[63.208s][info][gc,mmu      ] GC(43) MMU: 2ms/0.0%, 5ms/28.0%, 10ms/64.0%, 20ms/79.9%, 50ms/87.5%, 100ms/93.7%
[63.208s][info][gc,marking  ] GC(43) Mark: 1 stripe(s), 2 proactive flush(es), 1 terminate flush(es), 0 completion(s), 0 continuation(s) 
[63.208s][info][gc,reloc    ] GC(43) Relocation: Successful, 41M relocated
[63.208s][info][gc,nmethod  ] GC(43) NMethods: 3838 registered, 5 unregistered
[63.208s][info][gc,metaspace] GC(43) Metaspace: 73M used, 77M capacity, 77M committed, 78M reserved
[63.208s][info][gc,ref      ] GC(43) Soft: 4844 encountered, 0 discovered, 0 enqueued
[63.208s][info][gc,ref      ] GC(43) Weak: 4885 encountered, 3856 discovered, 77 enqueued
[63.208s][info][gc,ref      ] GC(43) Final: 26 encountered, 0 discovered, 0 enqueued
[63.208s][info][gc,ref      ] GC(43) Phantom: 663 encountered, 659 discovered, 7 enqueued
[63.208s][info][gc,heap     ] GC(43)                Mark Start          Mark End        Relocate Start      Relocate End           High               Low         
[63.208s][info][gc,heap     ] GC(43)  Capacity:     1250M (100%)       1250M (100%)       1250M (100%)       1250M (100%)       1250M (100%)       1250M (100%)   
[63.208s][info][gc,heap     ] GC(43)   Reserve:       34M (3%)           34M (3%)           34M (3%)           34M (3%)           34M (3%)           34M (3%)     
[63.208s][info][gc,heap     ] GC(43)      Free:      358M (29%)         186M (15%)         446M (36%)         634M (51%)         654M (52%)         186M (15%)    
[63.208s][info][gc,heap     ] GC(43)      Used:      858M (69%)        1030M (82%)         770M (62%)         582M (47%)        1030M (82%)         562M (45%)    
[63.208s][info][gc,heap     ] GC(43)      Live:         -               228M (18%)         228M (18%)         228M (18%)            -                  -          
[63.208s][info][gc,heap     ] GC(43) Allocated:         -               172M (14%)         172M (14%)         380M (30%)            -                  -          
[63.208s][info][gc,heap     ] GC(43)   Garbage:         -               629M (50%)         369M (30%)          29M (2%)             -                  -          
[63.208s][info][gc,heap     ] GC(43) Reclaimed:         -                  -               260M (21%)         600M (48%)            -                  -          
[63.208s][info][gc          ] GC(43) Garbage Collection (Allocation Rate) 858M(69%)->582M(47%)
[63.264s][info][gc,start    ] GC(44) Garbage Collection (Allocation Rate)
[63.270s][info][gc,phases   ] GC(44) Pause Mark Start 3.329ms
[64.504s][info][gc,phases   ] GC(44) Concurrent Mark 1233.499ms
[64.507s][info][gc,phases   ] GC(44) Pause Mark End 0.364ms
[64.509s][info][gc,phases   ] GC(44) Concurrent Process Non-Strong References 1.664ms
[64.509s][info][gc,phases   ] GC(44) Concurrent Reset Relocation Set 0.430ms
[64.509s][info][gc,phases   ] GC(44) Concurrent Destroy Detached Pages 0.000ms
[64.511s][info][gc,phases   ] GC(44) Concurrent Select Relocation Set 1.533ms
[64.525s][info][gc,phases   ] GC(44) Concurrent Prepare Relocation Set 14.172ms
[64.532s][info][gc,phases   ] GC(44) Pause Relocate Start 3.218ms
[64.790s][info][gc,phases   ] GC(44) Concurrent Relocate 258.066ms
[64.791s][info][gc,load     ] GC(44) Load: 2.09/2.93/2.97
[64.791s][info][gc,mmu      ] GC(44) MMU: 2ms/0.0%, 5ms/28.0%, 10ms/64.0%, 20ms/79.9%, 50ms/87.5%, 100ms/93.7%
[64.791s][info][gc,marking  ] GC(44) Mark: 1 stripe(s), 2 proactive flush(es), 1 terminate flush(es), 0 completion(s), 0 continuation(s) 
[64.791s][info][gc,reloc    ] GC(44) Relocation: Successful, 52M relocated
[64.791s][info][gc,nmethod  ] GC(44) NMethods: 3885 registered, 5 unregistered
[64.791s][info][gc,metaspace] GC(44) Metaspace: 73M used, 77M capacity, 77M committed, 78M reserved
[64.791s][info][gc,ref      ] GC(44) Soft: 4898 encountered, 0 discovered, 0 enqueued
[64.791s][info][gc,ref      ] GC(44) Weak: 4973 encountered, 3924 discovered, 134 enqueued
[64.791s][info][gc,ref      ] GC(44) Final: 28 encountered, 0 discovered, 0 enqueued
[64.791s][info][gc,ref      ] GC(44) Phantom: 702 encountered, 627 discovered, 39 enqueued
[64.791s][info][gc,heap     ] GC(44)                Mark Start          Mark End        Relocate Start      Relocate End           High               Low         
[64.791s][info][gc,heap     ] GC(44)  Capacity:     1250M (100%)       1250M (100%)       1250M (100%)       1250M (100%)       1250M (100%)       1250M (100%)   
[64.791s][info][gc,heap     ] GC(44)   Reserve:       34M (3%)           34M (3%)           34M (3%)           34M (3%)           34M (3%)           34M (3%)     
[64.791s][info][gc,heap     ] GC(44)      Free:      608M (49%)         466M (37%)         538M (43%)         832M (67%)         832M (67%)         466M (37%)    
[64.791s][info][gc,heap     ] GC(44)      Used:      608M (49%)         750M (60%)         678M (54%)         384M (31%)         750M (60%)         384M (31%)    
[64.791s][info][gc,heap     ] GC(44)      Live:         -               226M (18%)         226M (18%)         226M (18%)            -                  -          
[64.791s][info][gc,heap     ] GC(44) Allocated:         -               142M (11%)         144M (12%)         192M (15%)            -                  -          
[64.791s][info][gc,heap     ] GC(44)   Garbage:         -               381M (30%)         307M (25%)          13M (1%)             -                  -          
[64.791s][info][gc,heap     ] GC(44) Reclaimed:         -                  -                74M (6%)          368M (29%)            -                  -          
[64.791s][info][gc          ] GC(44) Garbage Collection (Allocation Rate) 608M(49%)->384M(31%)
[64.865s][info][gc,start    ] GC(45) Garbage Collection (Allocation Rate)
[64.868s][info][gc,phases   ] GC(45) Pause Mark Start 3.237ms
[65.405s][info][gc,heap     ] Page Cache Flushed: 8M requested, 10M(686M->676M) flushed
[65.414s][info][gc,heap     ] Page Cache Flushed: 6M requested, 10M(674M->664M) flushed
[65.434s][info][gc,heap     ] Page Cache Flushed: 4M requested, 6M(660M->654M) flushed
[66.139s][info][gc,phases   ] GC(45) Concurrent Mark 1270.695ms
[66.144s][info][gc,phases   ] GC(45) Pause Mark End 0.354ms
[66.149s][info][gc,phases   ] GC(45) Concurrent Process Non-Strong References 4.244ms
[66.149s][info][gc,phases   ] GC(45) Concurrent Reset Relocation Set 0.716ms
[66.149s][info][gc,phases   ] GC(45) Concurrent Destroy Detached Pages 0.003ms
[66.151s][info][gc,phases   ] GC(45) Concurrent Select Relocation Set 1.552ms
[66.152s][info][gc,phases   ] GC(45) Concurrent Prepare Relocation Set 1.239ms
[66.158s][info][gc,phases   ] GC(45) Pause Relocate Start 2.768ms
[66.285s][info][gc,phases   ] GC(45) Concurrent Relocate 121.740ms
[66.285s][info][gc,load     ] GC(45) Load: 2.09/2.93/2.97
[66.285s][info][gc,mmu      ] GC(45) MMU: 2ms/0.0%, 5ms/28.0%, 10ms/64.0%, 20ms/79.9%, 50ms/87.5%, 100ms/93.7%
[66.285s][info][gc,marking  ] GC(45) Mark: 1 stripe(s), 2 proactive flush(es), 1 terminate flush(es), 0 completion(s), 0 continuation(s) 
[66.285s][info][gc,reloc    ] GC(45) Relocation: Successful, 36M relocated
[66.285s][info][gc,nmethod  ] GC(45) NMethods: 3943 registered, 5 unregistered
[66.285s][info][gc,metaspace] GC(45) Metaspace: 73M used, 77M capacity, 77M committed, 78M reserved
[66.285s][info][gc,ref      ] GC(45) Soft: 4898 encountered, 0 discovered, 0 enqueued
[66.285s][info][gc,ref      ] GC(45) Weak: 4838 encountered, 3793 discovered, 0 enqueued
[66.285s][info][gc,ref      ] GC(45) Final: 28 encountered, 0 discovered, 0 enqueued
[66.285s][info][gc,ref      ] GC(45) Phantom: 662 encountered, 658 discovered, 0 enqueued
[66.285s][info][gc,heap     ] GC(45)                Mark Start          Mark End        Relocate Start      Relocate End           High               Low         
[66.285s][info][gc,heap     ] GC(45)  Capacity:     1250M (100%)       1250M (100%)       1250M (100%)       1250M (100%)       1250M (100%)       1250M (100%)   
[66.285s][info][gc,heap     ] GC(45)   Reserve:       34M (3%)           34M (3%)           34M (3%)           34M (3%)           34M (3%)           34M (3%)     
[66.285s][info][gc,heap     ] GC(45)      Free:      784M (63%)         344M (28%)         364M (29%)         496M (40%)         784M (63%)         342M (27%)    
[66.285s][info][gc,heap     ] GC(45)      Used:      432M (35%)         872M (70%)         852M (68%)         720M (58%)         874M (70%)         432M (35%)    
[66.285s][info][gc,heap     ] GC(45)      Live:         -               238M (19%)         238M (19%)         238M (19%)            -                  -          
[66.285s][info][gc,heap     ] GC(45) Allocated:         -               440M (35%)         442M (35%)         494M (40%)            -                  -          
[66.285s][info][gc,heap     ] GC(45)   Garbage:         -               193M (16%)         171M (14%)          31M (3%)             -                  -          
[66.285s][info][gc,heap     ] GC(45) Reclaimed:         -                  -                22M (2%)          162M (13%)            -                  -          
[66.285s][info][gc          ] GC(45) Garbage Collection (Allocation Rate) 432M(35%)->720M(58%)
[66.367s][info][gc,start    ] GC(46) Garbage Collection (Allocation Rate)
[66.371s][info][gc,phases   ] GC(46) Pause Mark Start 3.263ms
[67.100s][info][gc,heap     ] Page Cache Flushed: 8M requested, 32M(408M->376M) flushed
[67.232s][info][gc,heap     ] Page Cache Flushed: 4M requested, 4M(368M->364M) flushed
[67.236s][info][gc,heap     ] Page Cache Flushed: 6M requested, 6M(364M->358M) flushed
[67.365s][info][gc,heap     ] Page Cache Flushed: 32M requested, 32M(324M->292M) flushed
[67.434s][info][gc,heap     ] Page Cache Flushed: 6M requested, 6M(260M->254M) flushed
[67.441s][info][gc,heap     ] Page Cache Flushed: 6M requested, 6M(254M->248M) flushed
[67.490s][info][gc,heap     ] Page Cache Flushed: 6M requested, 6M(220M->214M) flushed
[67.494s][info][gc,heap     ] Page Cache Flushed: 6M requested, 6M(214M->208M) flushed
[67.504s][info][gc,phases   ] GC(46) Concurrent Mark 1132.780ms
[67.504s][info][gc,phases   ] GC(46) Pause Mark End 0.343ms
[67.506s][info][gc,phases   ] GC(46) Concurrent Process Non-Strong References 1.617ms
[67.506s][info][gc,phases   ] GC(46) Concurrent Reset Relocation Set 0.021ms
[67.506s][info][gc,phases   ] GC(46) Concurrent Destroy Detached Pages 0.026ms
[67.508s][info][gc,phases   ] GC(46) Concurrent Select Relocation Set 1.647ms
[67.533s][info][gc,phases   ] GC(46) Concurrent Prepare Relocation Set 25.189ms
[67.539s][info][gc,phases   ] GC(46) Pause Relocate Start 3.020ms
[67.918s][info][gc,phases   ] GC(46) Concurrent Relocate 374.963ms
[67.918s][info][gc,load     ] GC(46) Load: 2.08/2.92/2.96
[67.918s][info][gc,mmu      ] GC(46) MMU: 2ms/0.0%, 5ms/28.0%, 10ms/64.0%, 20ms/79.9%, 50ms/87.5%, 100ms/93.7%
[67.918s][info][gc,marking  ] GC(46) Mark: 1 stripe(s), 4 proactive flush(es), 1 terminate flush(es), 0 completion(s), 0 continuation(s) 
[67.918s][info][gc,reloc    ] GC(46) Relocation: Successful, 68M relocated
[67.918s][info][gc,nmethod  ] GC(46) NMethods: 4032 registered, 5 unregistered
[67.918s][info][gc,metaspace] GC(46) Metaspace: 73M used, 77M capacity, 77M committed, 78M reserved
[67.918s][info][gc,ref      ] GC(46) Soft: 4898 encountered, 0 discovered, 0 enqueued
[67.918s][info][gc,ref      ] GC(46) Weak: 4844 encountered, 3803 discovered, 1 enqueued
[67.918s][info][gc,ref      ] GC(46) Final: 28 encountered, 0 discovered, 0 enqueued
[67.918s][info][gc,ref      ] GC(46) Phantom: 662 encountered, 658 discovered, 0 enqueued
[67.918s][info][gc,heap     ] GC(46)                Mark Start          Mark End        Relocate Start      Relocate End           High               Low         
[67.918s][info][gc,heap     ] GC(46)  Capacity:     1250M (100%)       1250M (100%)       1250M (100%)       1250M (100%)       1250M (100%)       1250M (100%)   
[67.918s][info][gc,heap     ] GC(46)   Reserve:       34M (3%)           34M (3%)           34M (3%)           34M (3%)           34M (3%)           34M (3%)     
[67.918s][info][gc,heap     ] GC(46)      Free:      496M (40%)         208M (17%)         300M (24%)         492M (39%)         556M (44%)         208M (17%)    
[67.918s][info][gc,heap     ] GC(46)      Used:      720M (58%)        1008M (81%)         916M (73%)         724M (58%)        1008M (81%)         660M (53%)    
[67.918s][info][gc,heap     ] GC(46)      Live:         -               256M (21%)         256M (21%)         256M (21%)            -                  -          
[67.918s][info][gc,heap     ] GC(46) Allocated:         -               288M (23%)         298M (24%)         516M (41%)            -                  -          
[67.918s][info][gc,heap     ] GC(46)   Garbage:         -               463M (37%)         361M (29%)           9M (1%)             -                  -          
[67.918s][info][gc,heap     ] GC(46) Reclaimed:         -                  -               102M (8%)          454M (36%)            -                  -          
[67.918s][info][gc          ] GC(46) Garbage Collection (Allocation Rate) 720M(58%)->724M(58%)
[67.964s][info][gc,start    ] GC(47) Garbage Collection (Allocation Rate)
[67.970s][info][gc,phases   ] GC(47) Pause Mark Start 3.264ms
[68.632s][info][gc,heap     ] Page Cache Flushed: 2M requested, 6M(126M->120M) flushed
[68.662s][info][gc,heap     ] Page Cache Flushed: 2M requested, 10M(120M->110M) flushed
[68.680s][info][gc,heap     ] Page Cache Flushed: 2M requested, 6M(110M->104M) flushed
[68.691s][info][gc,heap     ] Page Cache Flushed: 2M requested, 8M(104M->96M) flushed
[68.715s][info][gc,heap     ] Page Cache Flushed: 2M requested, 8M(96M->88M) flushed
[68.798s][info][gc,heap     ] Page Cache Flushed: 2M requested, 8M(88M->80M) flushed
[68.840s][info][gc,heap     ] Page Cache Flushed: 2M requested, 10M(80M->70M) flushed
[68.887s][info][gc,heap     ] Page Cache Flushed: 2M requested, 6M(70M->64M) flushed
[68.907s][info][gc,heap     ] Page Cache Flushed: 2M requested, 32M(64M->32M) flushed
[68.950s][info][gc,heap     ] Page Cache Flushed: 2M requested, 32M(32M->0M) flushed
[69.083s][info][gc,phases   ] GC(47) Concurrent Mark 1112.970ms
[69.084s][info][gc,phases   ] GC(47) Pause Mark End 0.345ms
[69.085s][info][gc,phases   ] GC(47) Concurrent Process Non-Strong References 1.563ms
[69.086s][info][gc,phases   ] GC(47) Concurrent Reset Relocation Set 1.102ms
[69.086s][info][gc,phases   ] GC(47) Concurrent Destroy Detached Pages 0.008ms
[69.088s][info][gc          ] Allocation Stall (main) 110.752ms
[69.088s][info][gc,heap     ] GC(47) Page Cache Flushed: 2M requested, 32M(32M->0M) flushed
[69.091s][info][gc          ] Allocation Stall (main) 2.445ms
[69.092s][info][gc          ] Allocation Stall (dispatcher-BlockManagerMaster) 3.536ms
[69.092s][info][gc          ] Allocation Stall (netty-rpc-env-timeout) 4.029ms
[69.098s][info][gc,phases   ] GC(47) Concurrent Select Relocation Set 11.362ms
[69.109s][info][gc,phases   ] GC(47) Concurrent Prepare Relocation Set 11.677ms
[69.115s][info][gc,phases   ] GC(47) Pause Relocate Start 2.776ms
[69.243s][info][gc,phases   ] GC(47) Concurrent Relocate 127.401ms
[69.243s][info][gc,load     ] GC(47) Load: 2.08/2.92/2.96
[69.243s][info][gc,mmu      ] GC(47) MMU: 2ms/0.0%, 5ms/28.0%, 10ms/64.0%, 20ms/79.9%, 50ms/87.5%, 100ms/93.7%
[69.243s][info][gc,marking  ] GC(47) Mark: 1 stripe(s), 2 proactive flush(es), 1 terminate flush(es), 0 completion(s), 0 continuation(s) 
[69.243s][info][gc,reloc    ] GC(47) Relocation: Successful, 36M relocated
[69.243s][info][gc,nmethod  ] GC(47) NMethods: 4078 registered, 5 unregistered
[69.243s][info][gc,metaspace] GC(47) Metaspace: 73M used, 77M capacity, 77M committed, 78M reserved
[69.243s][info][gc,ref      ] GC(47) Soft: 4901 encountered, 0 discovered, 0 enqueued
[69.243s][info][gc,ref      ] GC(47) Weak: 4877 encountered, 3943 discovered, 115 enqueued
[69.243s][info][gc,ref      ] GC(47) Final: 28 encountered, 0 discovered, 0 enqueued
[69.243s][info][gc,ref      ] GC(47) Phantom: 664 encountered, 660 discovered, 2 enqueued
[69.243s][info][gc,heap     ] GC(47)                Mark Start          Mark End        Relocate Start      Relocate End           High               Low         
[69.243s][info][gc,heap     ] GC(47)  Capacity:     1250M (100%)       1250M (100%)       1250M (100%)       1250M (100%)       1250M (100%)       1250M (100%)   
[69.243s][info][gc,heap     ] GC(47)   Reserve:       34M (3%)           34M (3%)           34M (3%)           34M (3%)           34M (3%)           34M (3%)     
[69.243s][info][gc,heap     ] GC(47)      Free:      474M (38%)           0M (0%)          276M (22%)         296M (24%)         474M (38%)           0M (0%)     
[69.243s][info][gc,heap     ] GC(47)      Used:      742M (59%)        1216M (97%)         940M (75%)         920M (74%)        1216M (97%)         742M (59%)    
[69.243s][info][gc,heap     ] GC(47)      Live:         -               282M (23%)         282M (23%)         282M (23%)            -                  -          
[69.243s][info][gc,heap     ] GC(47) Allocated:         -               474M (38%)         520M (42%)         630M (50%)            -                  -          
[69.243s][info][gc,heap     ] GC(47)   Garbage:         -               459M (37%)         141M (11%)          37M (3%)             -                  -          
[69.243s][info][gc,heap     ] GC(47) Reclaimed:         -                  -               318M (25%)         422M (34%)            -                  -          
[69.243s][info][gc          ] GC(47) Garbage Collection (Allocation Rate) 742M(59%)->920M(74%)
[69.243s][info][gc,start    ] GC(48) Garbage Collection (System.gc())
[69.247s][info][gc,phases   ] GC(48) Pause Mark Start 3.380ms
[69.535s][info][gc,phases   ] GC(48) Concurrent Mark 288.387ms
[69.536s][info][gc,phases   ] GC(48) Pause Mark End 0.298ms
[69.538s][info][gc,phases   ] GC(48) Concurrent Process Non-Strong References 1.661ms
[69.538s][info][gc,phases   ] GC(48) Concurrent Reset Relocation Set 0.503ms
[69.538s][info][gc,phases   ] GC(48) Concurrent Destroy Detached Pages 0.003ms
[69.543s][info][gc,phases   ] GC(48) Concurrent Select Relocation Set 4.927ms
[69.544s][info][gc,phases   ] GC(48) Concurrent Prepare Relocation Set 0.229ms
[69.556s][info][gc,phases   ] GC(48) Pause Relocate Start 3.242ms
[69.569s][info][gc,phases   ] GC(48) Concurrent Relocate 13.779ms
[69.570s][info][gc,load     ] GC(48) Load: 2.08/2.92/2.96
[69.570s][info][gc,mmu      ] GC(48) MMU: 2ms/0.0%, 5ms/28.0%, 10ms/64.0%, 20ms/79.9%, 50ms/87.5%, 100ms/93.7%
[69.570s][info][gc,marking  ] GC(48) Mark: 1 stripe(s), 2 proactive flush(es), 1 terminate flush(es), 0 completion(s), 0 continuation(s) 
[69.570s][info][gc,reloc    ] GC(48) Relocation: Successful, 16M relocated
[69.570s][info][gc,nmethod  ] GC(48) NMethods: 4086 registered, 5 unregistered
[69.570s][info][gc,metaspace] GC(48) Metaspace: 73M used, 77M capacity, 77M committed, 78M reserved
[69.570s][info][gc,ref      ] GC(48) Soft: 4910 encountered, 0 discovered, 0 enqueued
[69.570s][info][gc,ref      ] GC(48) Weak: 4826 encountered, 3891 discovered, 24 enqueued
[69.570s][info][gc,ref      ] GC(48) Final: 28 encountered, 0 discovered, 0 enqueued
[69.570s][info][gc,ref      ] GC(48) Phantom: 681 encountered, 677 discovered, 19 enqueued
[69.570s][info][gc,heap     ] GC(48)                Mark Start          Mark End        Relocate Start      Relocate End           High               Low         
[69.570s][info][gc,heap     ] GC(48)  Capacity:     1250M (100%)       1250M (100%)       1250M (100%)       1250M (100%)       1250M (100%)       1250M (100%)   
[69.570s][info][gc,heap     ] GC(48)   Reserve:       34M (3%)           34M (3%)           34M (3%)           34M (3%)           34M (3%)           34M (3%)     
[69.570s][info][gc,heap     ] GC(48)      Free:      296M (24%)         294M (24%)         942M (75%)         988M (79%)         990M (79%)         294M (24%)    
[69.570s][info][gc,heap     ] GC(48)      Used:      920M (74%)         922M (74%)         274M (22%)         228M (18%)         922M (74%)         226M (18%)    
[69.570s][info][gc,heap     ] GC(48)      Live:         -               191M (15%)         191M (15%)         191M (15%)            -                  -          
[69.570s][info][gc,heap     ] GC(48) Allocated:         -                 2M (0%)            2M (0%)            8M (1%)             -                  -          
[69.570s][info][gc,heap     ] GC(48)   Garbage:         -               728M (58%)          80M (6%)           32M (3%)             -                  -          
[69.570s][info][gc,heap     ] GC(48) Reclaimed:         -                  -               648M (52%)         696M (56%)            -                  -          
[69.570s][info][gc          ] GC(48) Garbage Collection (System.gc()) 920M(74%)->228M(18%)
[69.651s][info][gc,heap     ] Page Cache Flushed: 14M requested, 18M(956M->938M) flushed
[69.664s][info][gc,start    ] GC(49) Garbage Collection (Allocation Rate)
[69.675s][info][gc,phases   ] GC(49) Pause Mark Start 3.444ms
[69.765s][info][gc,heap     ] Page Cache Flushed: 28M requested, 34M(912M->878M) flushed
[70.064s][info][gc,stats    ] === Garbage Collection Statistics =======================================================================================================================
[70.064s][info][gc,stats    ]                                                              Last 10s              Last 10m              Last 10h                Total
[70.064s][info][gc,stats    ]                                                              Avg / Max             Avg / Max             Avg / Max             Avg / Max
[70.064s][info][gc,stats    ]   Collector: Garbage Collection Cycle                   1357.738 / 2043.403    772.479 / 2248.951    772.479 / 2248.951    772.479 / 2248.951    ms
[70.064s][info][gc,stats    ]  Contention: Mark Segment Reset Contention                     0 / 0                 0 / 0                 0 / 0                 0 / 0           ops/s
[70.064s][info][gc,stats    ]  Contention: Mark SeqNum Reset Contention                      0 / 0                 0 / 0                 0 / 0                 0 / 0           ops/s
[70.064s][info][gc,stats    ]  Contention: Relocation Contention                             0 / 1                 0 / 3                 0 / 3                 0 / 3           ops/s
[70.064s][info][gc,stats    ]    Critical: Allocation Stall                             30.191 / 110.752      33.376 / 110.752      33.376 / 110.752      33.376 / 110.752     ms
[70.064s][info][gc,stats    ]    Critical: Allocation Stall                                  0 / 4                 0 / 4                 0 / 4                 0 / 4           ops/s
[70.064s][info][gc,stats    ]    Critical: GC Locker Stall                               0.000 / 0.000         0.019 / 0.029         0.019 / 0.029         0.019 / 0.029       ms
[70.064s][info][gc,stats    ]    Critical: GC Locker Stall                                   0 / 0                 0 / 1                 0 / 1                 0 / 1           ops/s
[70.064s][info][gc,stats    ]      Memory: Allocation Rate                                 241 / 446             265 / 1448            265 / 1448            265 / 1448        MB/s
[70.064s][info][gc,stats    ]      Memory: Heap Used After Mark                            966 / 1216            713 / 1216            713 / 1216            713 / 1216        MB
[70.064s][info][gc,stats    ]      Memory: Heap Used After Relocation                      593 / 920             368 / 920             368 / 920             368 / 920         MB
[70.064s][info][gc,stats    ]      Memory: Heap Used Before Mark                           650 / 920             560 / 1098            560 / 1098            560 / 1098        MB
[70.064s][info][gc,stats    ]      Memory: Heap Used Before Relocation                     738 / 940             484 / 962             484 / 962             484 / 962         MB
[70.064s][info][gc,stats    ]      Memory: Out Of Memory                                     0 / 0                 0 / 0                 0 / 0                 0 / 0           ops/s
[70.064s][info][gc,stats    ]      Memory: Page Cache Flush                                 40 / 126              10 / 126              10 / 126              10 / 126         MB/s
[70.064s][info][gc,stats    ]      Memory: Page Cache Hit L1                                94 / 188             117 / 724             117 / 724             117 / 724         ops/s
[70.064s][info][gc,stats    ]      Memory: Page Cache Hit L2                                 0 / 0                 0 / 0                 0 / 0                 0 / 0           ops/s
[70.064s][info][gc,stats    ]      Memory: Page Cache Miss                                   9 / 63                9 / 177               9 / 177               9 / 177         ops/s
[70.064s][info][gc,stats    ]      Memory: Undo Object Allocation Failed                     0 / 0                 0 / 0                 0 / 0                 0 / 0           ops/s
[70.064s][info][gc,stats    ]      Memory: Undo Object Allocation Succeeded                  0 / 1                 0 / 3                 0 / 3                 0 / 3           ops/s
[70.064s][info][gc,stats    ]      Memory: Undo Page Allocation                              0 / 3                 0 / 3                 0 / 3                 0 / 3           ops/s
[70.064s][info][gc,stats    ]       Phase: Concurrent Destroy Detached Pages             0.009 / 0.026         0.002 / 0.026         0.002 / 0.026         0.002 / 0.026       ms
[70.064s][info][gc,stats    ]       Phase: Concurrent Mark                            1110.933 / 1627.270    654.072 / 2238.259    654.072 / 2238.259    654.072 / 2238.259    ms
[70.064s][info][gc,stats    ]       Phase: Concurrent Mark Continue                      0.000 / 0.000         0.000 / 0.000         0.000 / 0.000         0.000 / 0.000       ms
[70.064s][info][gc,stats    ]       Phase: Concurrent Prepare Relocation Set             9.328 / 25.189        4.734 / 63.895        4.734 / 63.895        4.734 / 63.895      ms
[70.064s][info][gc,stats    ]       Phase: Concurrent Process Non-Strong References      2.060 / 4.244         2.205 / 19.811        2.205 / 19.811        2.205 / 19.811      ms
[70.064s][info][gc,stats    ]       Phase: Concurrent Relocate                         213.081 / 382.539      96.622 / 456.100      96.622 / 456.100      96.622 / 456.100     ms
[70.064s][info][gc,stats    ]       Phase: Concurrent Reset Relocation Set               0.495 / 1.102         0.260 / 1.461         0.260 / 1.461         0.260 / 1.461       ms
[70.064s][info][gc,stats    ]       Phase: Concurrent Select Relocation Set              3.819 / 11.362        1.982 / 11.362        1.982 / 11.362        1.982 / 11.362      ms
[70.064s][info][gc,stats    ]       Phase: Pause Mark End                                0.353 / 0.416         0.310 / 3.516         0.310 / 3.516         0.310 / 3.516       ms
[70.064s][info][gc,stats    ]       Phase: Pause Mark Start                              3.318 / 3.444         2.508 / 3.602         2.508 / 3.602         2.508 / 3.602       ms
[70.064s][info][gc,stats    ]       Phase: Pause Relocate Start                          3.000 / 3.242         2.276 / 3.358         2.276 / 3.358         2.276 / 3.358       ms
[70.064s][info][gc,stats    ]    Subphase: Concurrent Mark                            1109.240 / 1627.244    653.706 / 2238.228    653.706 / 2238.228    653.706 / 2238.228    ms
[70.064s][info][gc,stats    ]    Subphase: Concurrent Mark Idle                          0.000 / 0.000         0.000 / 0.000         0.000 / 0.000         0.000 / 0.000       ms
[70.064s][info][gc,stats    ]    Subphase: Concurrent Mark Try Flush                     2.690 / 11.936        1.730 / 11.936        1.730 / 11.936        1.730 / 11.936      ms
[70.064s][info][gc,stats    ]    Subphase: Concurrent Mark Try Terminate                 1.054 / 3.941         0.617 / 3.941         0.617 / 3.941         0.617 / 3.941       ms
[70.064s][info][gc,stats    ]    Subphase: Concurrent References Enqueue                 0.002 / 0.003         0.002 / 0.005         0.002 / 0.005         0.002 / 0.005       ms
[70.064s][info][gc,stats    ]    Subphase: Concurrent References Process                 0.782 / 0.835         0.929 / 7.089         0.929 / 7.089         0.929 / 7.089       ms
[70.064s][info][gc,stats    ]    Subphase: Concurrent Weak Roots                         0.838 / 0.860         1.132 / 16.498        1.132 / 16.498        1.132 / 16.498      ms
[70.064s][info][gc,stats    ]    Subphase: Concurrent Weak Roots JNIWeakHandles          0.000 / 0.000         0.000 / 0.001         0.000 / 0.001         0.000 / 0.001       ms
[70.064s][info][gc,stats    ]    Subphase: Concurrent Weak Roots StringTable             0.609 / 0.631         0.936 / 16.282        0.936 / 16.282        0.936 / 16.282      ms
[70.064s][info][gc,stats    ]    Subphase: Concurrent Weak Roots VMWeakHandles           0.227 / 0.265         0.194 / 0.299         0.194 / 0.299         0.194 / 0.299       ms
[70.064s][info][gc,stats    ]    Subphase: Pause Mark Try Complete                       0.000 / 0.000         0.000 / 0.000         0.000 / 0.000         0.000 / 0.000       ms
[70.064s][info][gc,stats    ]    Subphase: Pause Remap TLABS                             0.002 / 0.002         0.002 / 0.022         0.002 / 0.022         0.002 / 0.022       ms
[70.064s][info][gc,stats    ]    Subphase: Pause Retire TLABS                            0.025 / 0.039         0.014 / 0.039         0.014 / 0.039         0.014 / 0.039       ms
[70.064s][info][gc,stats    ]    Subphase: Pause Roots                                   2.013 / 3.062         1.487 / 3.487         1.487 / 3.487         1.487 / 3.487       ms
[70.064s][info][gc,stats    ]    Subphase: Pause Roots ClassLoaderDataGraph              0.744 / 0.845         0.666 / 1.764         0.666 / 1.764         0.666 / 1.764       ms
[70.064s][info][gc,stats    ]    Subphase: Pause Roots CodeCache                         1.621 / 1.813         1.106 / 1.813         1.106 / 1.813         1.106 / 1.813       ms
[70.064s][info][gc,stats    ]    Subphase: Pause Roots JNIHandles                        0.001 / 0.002         0.001 / 0.006         0.001 / 0.006         0.001 / 0.006       ms
[70.064s][info][gc,stats    ]    Subphase: Pause Roots JNIWeakHandles                    0.000 / 0.000         0.000 / 0.000         0.000 / 0.000         0.000 / 0.000       ms
[70.064s][info][gc,stats    ]    Subphase: Pause Roots JRFWeak                           0.000 / 0.000         0.000 / 0.000         0.000 / 0.000         0.000 / 0.000       ms
[70.064s][info][gc,stats    ]    Subphase: Pause Roots JVMTIExport                       0.001 / 0.001         0.001 / 0.001         0.001 / 0.001         0.001 / 0.001       ms
[70.064s][info][gc,stats    ]    Subphase: Pause Roots JVMTIWeakExport                   0.001 / 0.001         0.001 / 0.001         0.001 / 0.001         0.001 / 0.001       ms
[70.064s][info][gc,stats    ]    Subphase: Pause Roots Management                        0.001 / 0.002         0.001 / 0.009         0.001 / 0.009         0.001 / 0.009       ms
[70.064s][info][gc,stats    ]    Subphase: Pause Roots ObjectSynchronizer                0.000 / 0.000         0.000 / 0.001         0.000 / 0.001         0.000 / 0.001       ms
[70.064s][info][gc,stats    ]    Subphase: Pause Roots Setup                             0.221 / 0.380         0.178 / 0.435         0.178 / 0.435         0.178 / 0.435       ms
[70.064s][info][gc,stats    ]    Subphase: Pause Roots StringTable                       0.000 / 0.000         0.000 / 0.000         0.000 / 0.000         0.000 / 0.000       ms
[70.064s][info][gc,stats    ]    Subphase: Pause Roots SystemDictionary                  0.014 / 0.018         0.014 / 0.061         0.014 / 0.061         0.014 / 0.061       ms
[70.064s][info][gc,stats    ]    Subphase: Pause Roots Teardown                          0.001 / 0.002         0.001 / 0.012         0.001 / 0.012         0.001 / 0.012       ms
[70.064s][info][gc,stats    ]    Subphase: Pause Roots Threads                           0.378 / 0.613         0.283 / 3.486         0.283 / 3.486         0.283 / 3.486       ms
[70.064s][info][gc,stats    ]    Subphase: Pause Roots Universe                          0.002 / 0.003         0.007 / 0.439         0.007 / 0.439         0.007 / 0.439       ms
[70.064s][info][gc,stats    ]    Subphase: Pause Roots VMWeakHandles                     0.000 / 0.000         0.000 / 0.000         0.000 / 0.000         0.000 / 0.000       ms
[70.064s][info][gc,stats    ]    Subphase: Pause Weak Roots                              0.002 / 0.002         0.002 / 0.009         0.002 / 0.009         0.002 / 0.009       ms
[70.064s][info][gc,stats    ]    Subphase: Pause Weak Roots JFRWeak                      0.001 / 0.001         0.001 / 0.001         0.001 / 0.001         0.001 / 0.001       ms
[70.064s][info][gc,stats    ]    Subphase: Pause Weak Roots JNIWeakHandles               0.000 / 0.000         0.000 / 0.000         0.000 / 0.000         0.000 / 0.000       ms
[70.064s][info][gc,stats    ]    Subphase: Pause Weak Roots JVMTIWeakExport              0.001 / 0.001         0.001 / 0.008         0.001 / 0.008         0.001 / 0.008       ms
[70.064s][info][gc,stats    ]    Subphase: Pause Weak Roots Setup                        0.000 / 0.000         0.000 / 0.000         0.000 / 0.000         0.000 / 0.000       ms
[70.064s][info][gc,stats    ]    Subphase: Pause Weak Roots StringTable                  0.000 / 0.000         0.000 / 0.000         0.000 / 0.000         0.000 / 0.000       ms
[70.065s][info][gc,stats    ]    Subphase: Pause Weak Roots SymbolTable                  0.000 / 0.000         0.000 / 0.000         0.000 / 0.000         0.000 / 0.000       ms
[70.065s][info][gc,stats    ]    Subphase: Pause Weak Roots Teardown                     0.001 / 0.001         0.001 / 0.001         0.001 / 0.001         0.001 / 0.001       ms
[70.065s][info][gc,stats    ]    Subphase: Pause Weak Roots VMWeakHandles                0.000 / 0.000         0.000 / 0.000         0.000 / 0.000         0.000 / 0.000       ms
[70.065s][info][gc,stats    ]      System: Java Threads                                     94 / 117              58 / 117              58 / 117              58 / 117         threads
[70.065s][info][gc,stats    ] =========================================================================================================================================================
[70.621s][info][gc,phases   ] GC(49) Concurrent Mark 946.112ms
[70.627s][info][gc,phases   ] GC(49) Pause Mark End 0.350ms
[70.633s][info][gc,phases   ] GC(49) Concurrent Process Non-Strong References 5.794ms
[70.633s][info][gc,phases   ] GC(49) Concurrent Reset Relocation Set 0.007ms
[70.633s][info][gc,phases   ] GC(49) Concurrent Destroy Detached Pages 0.007ms
[70.634s][info][gc,phases   ] GC(49) Concurrent Select Relocation Set 1.599ms
[70.634s][info][gc,phases   ] GC(49) Concurrent Prepare Relocation Set 0.059ms
[70.642s][info][gc,phases   ] GC(49) Pause Relocate Start 2.963ms
[70.657s][info][gc,phases   ] GC(49) Concurrent Relocate 14.960ms
[70.657s][info][gc,load     ] GC(49) Load: 2.08/2.92/2.96
[70.657s][info][gc,mmu      ] GC(49) MMU: 2ms/0.0%, 5ms/28.0%, 10ms/64.0%, 20ms/79.9%, 50ms/87.5%, 100ms/93.7%
[70.657s][info][gc,marking  ] GC(49) Mark: 1 stripe(s), 2 proactive flush(es), 1 terminate flush(es), 0 completion(s), 0 continuation(s) 
[70.657s][info][gc,reloc    ] GC(49) Relocation: Successful, 14M relocated
[70.657s][info][gc,nmethod  ] GC(49) NMethods: 4143 registered, 5 unregistered
[70.657s][info][gc,metaspace] GC(49) Metaspace: 73M used, 77M capacity, 77M committed, 78M reserved
[70.657s][info][gc,ref      ] GC(49) Soft: 4910 encountered, 0 discovered, 0 enqueued
[70.657s][info][gc,ref      ] GC(49) Weak: 4827 encountered, 3909 discovered, 6 enqueued
[70.657s][info][gc,ref      ] GC(49) Final: 28 encountered, 0 discovered, 0 enqueued
[70.657s][info][gc,ref      ] GC(49) Phantom: 662 encountered, 658 discovered, 0 enqueued
[70.657s][info][gc,heap     ] GC(49)                Mark Start          Mark End        Relocate Start      Relocate End           High               Low         
[70.657s][info][gc,heap     ] GC(49)  Capacity:     1250M (100%)       1250M (100%)       1250M (100%)       1250M (100%)       1250M (100%)       1250M (100%)   
[70.657s][info][gc,heap     ] GC(49)   Reserve:       34M (3%)           34M (3%)           34M (3%)           34M (3%)           34M (3%)           34M (3%)     
[70.657s][info][gc,heap     ] GC(49)      Free:      940M (75%)         706M (56%)         738M (59%)         754M (60%)         940M (75%)         704M (56%)    
[70.657s][info][gc,heap     ] GC(49)      Used:      276M (22%)         510M (41%)         478M (38%)         462M (37%)         512M (41%)         276M (22%)    
[70.657s][info][gc,heap     ] GC(49)      Live:         -               191M (15%)         191M (15%)         191M (15%)            -                  -          
[70.657s][info][gc,heap     ] GC(49) Allocated:         -               234M (19%)         236M (19%)         240M (19%)            -                  -          
[70.657s][info][gc,heap     ] GC(49)   Garbage:         -                84M (7%)           50M (4%)           34M (3%)             -                  -          
[70.657s][info][gc,heap     ] GC(49) Reclaimed:         -                  -                34M (3%)           50M (4%)             -                  -          
[70.657s][info][gc          ] GC(49) Garbage Collection (Allocation Rate) 276M(22%)->462M(37%)
[70.664s][info][gc,start    ] GC(50) Garbage Collection (Allocation Rate)
[70.675s][info][gc,phases   ] GC(50) Pause Mark Start 3.365ms
[71.363s][info][gc,heap     ] Page Cache Flushed: 4M requested, 6M(626M->620M) flushed
[71.626s][info][gc,phases   ] GC(50) Concurrent Mark 951.016ms
[71.628s][info][gc,phases   ] GC(50) Pause Mark End 0.342ms
[71.630s][info][gc,phases   ] GC(50) Concurrent Process Non-Strong References 1.564ms
[71.630s][info][gc,phases   ] GC(50) Concurrent Reset Relocation Set 0.005ms
[71.630s][info][gc,phases   ] GC(50) Concurrent Destroy Detached Pages 0.004ms
[71.632s][info][gc,phases   ] GC(50) Concurrent Select Relocation Set 1.629ms
[71.640s][info][gc,phases   ] GC(50) Concurrent Prepare Relocation Set 8.327ms
[71.645s][info][gc,phases   ] GC(50) Pause Relocate Start 2.893ms
[71.798s][info][gc,phases   ] GC(50) Concurrent Relocate 152.798ms
[71.798s][info][gc,load     ] GC(50) Load: 2.07/2.90/2.96
[71.798s][info][gc,mmu      ] GC(50) MMU: 2ms/0.0%, 5ms/28.0%, 10ms/64.0%, 20ms/79.9%, 50ms/86.6%, 100ms/93.3%
[71.798s][info][gc,marking  ] GC(50) Mark: 1 stripe(s), 2 proactive flush(es), 1 terminate flush(es), 0 completion(s), 0 continuation(s) 
[71.798s][info][gc,reloc    ] GC(50) Relocation: Successful, 61M relocated
[71.798s][info][gc,nmethod  ] GC(50) NMethods: 4145 registered, 5 unregistered
[71.798s][info][gc,metaspace] GC(50) Metaspace: 73M used, 77M capacity, 77M committed, 78M reserved
[71.798s][info][gc,ref      ] GC(50) Soft: 4912 encountered, 0 discovered, 0 enqueued
[71.798s][info][gc,ref      ] GC(50) Weak: 4875 encountered, 3881 discovered, 14 enqueued
[71.798s][info][gc,ref      ] GC(50) Final: 28 encountered, 0 discovered, 0 enqueued
[71.799s][info][gc,ref      ] GC(50) Phantom: 662 encountered, 658 discovered, 0 enqueued
[71.799s][info][gc,heap     ] GC(50)                Mark Start          Mark End        Relocate Start      Relocate End           High               Low         
[71.799s][info][gc,heap     ] GC(50)  Capacity:     1250M (100%)       1250M (100%)       1250M (100%)       1250M (100%)       1250M (100%)       1250M (100%)   
[71.799s][info][gc,heap     ] GC(50)   Reserve:       34M (3%)           34M (3%)           34M (3%)           34M (3%)           34M (3%)           34M (3%)     
[71.799s][info][gc,heap     ] GC(50)      Free:      752M (60%)         572M (46%)         582M (47%)         718M (57%)         752M (60%)         548M (44%)    
[71.799s][info][gc,heap     ] GC(50)      Used:      464M (37%)         644M (52%)         634M (51%)         498M (40%)         668M (53%)         464M (37%)    
[71.799s][info][gc,heap     ] GC(50)      Live:         -               247M (20%)         247M (20%)         247M (20%)            -                  -          
[71.799s][info][gc,heap     ] GC(50) Allocated:         -               180M (14%)         182M (15%)         276M (22%)            -                  -          
[71.799s][info][gc,heap     ] GC(50)   Garbage:         -               216M (17%)         204M (16%)          48M (4%)             -                  -          
[71.799s][info][gc,heap     ] GC(50) Reclaimed:         -                  -                12M (1%)          168M (13%)            -                  -          
[71.799s][info][gc          ] GC(50) Garbage Collection (Allocation Rate) 464M(37%)->498M(40%)
[71.864s][info][gc,start    ] GC(51) Garbage Collection (Allocation Rate)
[71.870s][info][gc,phases   ] GC(51) Pause Mark Start 3.335ms
[72.933s][info][gc,phases   ] GC(51) Concurrent Mark 1063.168ms
[72.936s][info][gc,phases   ] GC(51) Pause Mark End 0.362ms
[72.938s][info][gc,phases   ] GC(51) Concurrent Process Non-Strong References 1.621ms
[72.938s][info][gc,phases   ] GC(51) Concurrent Reset Relocation Set 0.575ms
[72.938s][info][gc,phases   ] GC(51) Concurrent Destroy Detached Pages 0.001ms
[72.940s][info][gc,phases   ] GC(51) Concurrent Select Relocation Set 1.624ms
[72.943s][info][gc,phases   ] GC(51) Concurrent Prepare Relocation Set 3.308ms
[72.947s][info][gc,phases   ] GC(51) Pause Relocate Start 2.958ms
[73.036s][info][gc,heap     ] Page Cache Flushed: 16M requested, 18M(644M->626M) flushed
[73.063s][info][gc,phases   ] GC(51) Concurrent Relocate 107.411ms
[73.063s][info][gc,load     ] GC(51) Load: 2.07/2.90/2.96
[73.063s][info][gc,mmu      ] GC(51) MMU: 2ms/0.0%, 5ms/28.0%, 10ms/64.0%, 20ms/79.9%, 50ms/86.6%, 100ms/93.3%
[73.063s][info][gc,marking  ] GC(51) Mark: 1 stripe(s), 2 proactive flush(es), 1 terminate flush(es), 0 completion(s), 0 continuation(s) 
[73.063s][info][gc,reloc    ] GC(51) Relocation: Successful, 43M relocated
[73.063s][info][gc,nmethod  ] GC(51) NMethods: 4145 registered, 5 unregistered
[73.063s][info][gc,metaspace] GC(51) Metaspace: 73M used, 77M capacity, 77M committed, 78M reserved
[73.063s][info][gc,ref      ] GC(51) Soft: 4912 encountered, 0 discovered, 0 enqueued
[73.063s][info][gc,ref      ] GC(51) Weak: 4861 encountered, 3868 discovered, 0 enqueued
[73.063s][info][gc,ref      ] GC(51) Final: 28 encountered, 0 discovered, 0 enqueued
[73.063s][info][gc,ref      ] GC(51) Phantom: 662 encountered, 658 discovered, 0 enqueued
[73.063s][info][gc,heap     ] GC(51)                Mark Start          Mark End        Relocate Start      Relocate End           High               Low         
[73.063s][info][gc,heap     ] GC(51)  Capacity:     1250M (100%)       1250M (100%)       1250M (100%)       1250M (100%)       1250M (100%)       1250M (100%)   
[73.063s][info][gc,heap     ] GC(51)   Reserve:       34M (3%)           34M (3%)           34M (3%)           34M (3%)           34M (3%)           34M (3%)     
[73.063s][info][gc,heap     ] GC(51)      Free:      690M (55%)         466M (37%)         472M (38%)         650M (52%)         690M (55%)         466M (37%)    
[73.063s][info][gc,heap     ] GC(51)      Used:      526M (42%)         750M (60%)         744M (60%)         566M (45%)         750M (60%)         526M (42%)    
[73.063s][info][gc,heap     ] GC(51)      Live:         -               268M (21%)         268M (21%)         268M (21%)            -                  -          
[73.063s][info][gc,heap     ] GC(51) Allocated:         -               224M (18%)         224M (18%)         278M (22%)            -                  -          
[73.063s][info][gc,heap     ] GC(51)   Garbage:         -               257M (21%)         251M (20%)          55M (4%)             -                  -          
[73.063s][info][gc,heap     ] GC(51) Reclaimed:         -                  -                 6M (0%)          202M (16%)            -                  -          
[73.063s][info][gc          ] GC(51) Garbage Collection (Allocation Rate) 526M(42%)->566M(45%)
[73.064s][info][gc,start    ] GC(52) Garbage Collection (Allocation Rate)
[73.070s][info][gc,phases   ] GC(52) Pause Mark Start 3.293ms
[74.289s][info][gc,phases   ] GC(52) Concurrent Mark 1219.517ms
[74.292s][info][gc,phases   ] GC(52) Pause Mark End 0.358ms
[74.294s][info][gc,phases   ] GC(52) Concurrent Process Non-Strong References 1.564ms
[74.295s][info][gc,phases   ] GC(52) Concurrent Reset Relocation Set 0.489ms
[74.295s][info][gc,phases   ] GC(52) Concurrent Destroy Detached Pages 0.006ms
[74.296s][info][gc,phases   ] GC(52) Concurrent Select Relocation Set 1.560ms
[74.299s][info][gc,phases   ] GC(52) Concurrent Prepare Relocation Set 2.545ms
[74.302s][info][gc,phases   ] GC(52) Pause Relocate Start 2.954ms
[74.406s][info][gc,phases   ] GC(52) Concurrent Relocate 99.203ms
[74.406s][info][gc,load     ] GC(52) Load: 2.07/2.90/2.96
[74.406s][info][gc,mmu      ] GC(52) MMU: 2ms/0.0%, 5ms/28.0%, 10ms/64.0%, 20ms/79.9%, 50ms/86.6%, 100ms/93.3%
[74.406s][info][gc,marking  ] GC(52) Mark: 1 stripe(s), 2 proactive flush(es), 1 terminate flush(es), 0 completion(s), 0 continuation(s) 
[74.406s][info][gc,reloc    ] GC(52) Relocation: Successful, 38M relocated
[74.406s][info][gc,nmethod  ] GC(52) NMethods: 4149 registered, 5 unregistered
[74.406s][info][gc,metaspace] GC(52) Metaspace: 73M used, 77M capacity, 77M committed, 78M reserved
[74.406s][info][gc,ref      ] GC(52) Soft: 4912 encountered, 0 discovered, 0 enqueued
[74.406s][info][gc,ref      ] GC(52) Weak: 4861 encountered, 3867 discovered, 0 enqueued
[74.406s][info][gc,ref      ] GC(52) Final: 28 encountered, 0 discovered, 0 enqueued
[74.406s][info][gc,ref      ] GC(52) Phantom: 662 encountered, 658 discovered, 0 enqueued
[74.406s][info][gc,heap     ] GC(52)                Mark Start          Mark End        Relocate Start      Relocate End           High               Low         
[74.406s][info][gc,heap     ] GC(52)  Capacity:     1250M (100%)       1250M (100%)       1250M (100%)       1250M (100%)       1250M (100%)       1250M (100%)   
[74.406s][info][gc,heap     ] GC(52)   Reserve:       34M (3%)           34M (3%)           34M (3%)           34M (3%)           34M (3%)           34M (3%)     
[74.406s][info][gc,heap     ] GC(52)      Free:      650M (52%)         494M (40%)         494M (40%)         722M (58%)         722M (58%)         492M (39%)    
[74.406s][info][gc,heap     ] GC(52)      Used:      566M (45%)         722M (58%)         722M (58%)         494M (40%)         724M (58%)         494M (40%)    
[74.406s][info][gc,heap     ] GC(52)      Live:         -               295M (24%)         295M (24%)         295M (24%)            -                  -          
[74.406s][info][gc,heap     ] GC(52) Allocated:         -               156M (12%)         156M (12%)         174M (14%)            -                  -          
[74.406s][info][gc,heap     ] GC(52)   Garbage:         -               270M (22%)         270M (22%)          42M (3%)             -                  -          
[74.406s][info][gc,heap     ] GC(52) Reclaimed:         -                  -                 0M (0%)          228M (18%)            -                  -          
[74.406s][info][gc          ] GC(52) Garbage Collection (Allocation Rate) 566M(45%)->494M(40%)
[74.904s][info][gc,heap     ] Page Cache Flushed: 8M requested, 38M(628M->590M) flushed
[75.064s][info][gc,start    ] GC(53) Garbage Collection (Allocation Rate)
[75.070s][info][gc,phases   ] GC(53) Pause Mark Start 3.326ms
[75.882s][info][gc,phases   ] GC(53) Concurrent Mark 811.887ms
[75.885s][info][gc,phases   ] GC(53) Pause Mark End 0.354ms
[75.886s][info][gc,phases   ] GC(53) Concurrent Process Non-Strong References 1.597ms
[75.886s][info][gc,phases   ] GC(53) Concurrent Reset Relocation Set 0.035ms
[75.886s][info][gc,phases   ] GC(53) Concurrent Destroy Detached Pages 0.004ms
[75.888s][info][gc,phases   ] GC(53) Concurrent Select Relocation Set 1.610ms
[75.891s][info][gc,phases   ] GC(53) Concurrent Prepare Relocation Set 2.578ms
[75.894s][info][gc,phases   ] GC(53) Pause Relocate Start 3.089ms
[76.029s][info][gc,phases   ] GC(53) Concurrent Relocate 129.703ms
[76.029s][info][gc,load     ] GC(53) Load: 2.07/2.90/2.96
[76.029s][info][gc,mmu      ] GC(53) MMU: 2ms/0.0%, 5ms/28.0%, 10ms/64.0%, 20ms/79.9%, 50ms/86.6%, 100ms/93.3%
[76.029s][info][gc,marking  ] GC(53) Mark: 1 stripe(s), 2 proactive flush(es), 1 terminate flush(es), 0 completion(s), 0 continuation(s) 
[76.029s][info][gc,reloc    ] GC(53) Relocation: Successful, 58M relocated
[76.029s][info][gc,nmethod  ] GC(53) NMethods: 4169 registered, 5 unregistered
[76.029s][info][gc,metaspace] GC(53) Metaspace: 73M used, 77M capacity, 77M committed, 78M reserved
[76.029s][info][gc,ref      ] GC(53) Soft: 4913 encountered, 0 discovered, 0 enqueued
[76.029s][info][gc,ref      ] GC(53) Weak: 4834 encountered, 3840 discovered, 27 enqueued
[76.029s][info][gc,ref      ] GC(53) Final: 28 encountered, 0 discovered, 0 enqueued
[76.029s][info][gc,ref      ] GC(53) Phantom: 662 encountered, 658 discovered, 0 enqueued
[76.029s][info][gc,heap     ] GC(53)                Mark Start          Mark End        Relocate Start      Relocate End           High               Low         
[76.029s][info][gc,heap     ] GC(53)  Capacity:     1250M (100%)       1250M (100%)       1250M (100%)       1250M (100%)       1250M (100%)       1250M (100%)   
[76.029s][info][gc,heap     ] GC(53)   Reserve:       34M (3%)           34M (3%)           34M (3%)           34M (3%)           34M (3%)           34M (3%)     
[76.029s][info][gc,heap     ] GC(53)      Free:      532M (43%)         346M (28%)         588M (47%)         720M (58%)         720M (58%)         346M (28%)    
[76.029s][info][gc,heap     ] GC(53)      Used:      684M (55%)         870M (70%)         628M (50%)         496M (40%)         870M (70%)         496M (40%)    
[76.029s][info][gc,heap     ] GC(53)      Live:         -               245M (20%)         245M (20%)         245M (20%)            -                  -          
[76.029s][info][gc,heap     ] GC(53) Allocated:         -               186M (15%)         186M (15%)         272M (22%)            -                  -          
[76.029s][info][gc,heap     ] GC(53)   Garbage:         -               438M (35%)         196M (16%)          52M (4%)             -                  -          
[76.029s][info][gc,heap     ] GC(53) Reclaimed:         -                  -               242M (19%)         386M (31%)            -                  -          
[76.029s][info][gc          ] GC(53) Garbage Collection (Allocation Rate) 684M(55%)->496M(40%)
[76.064s][info][gc,start    ] GC(54) Garbage Collection (Allocation Rate)
[76.070s][info][gc,phases   ] GC(54) Pause Mark Start 3.352ms
[77.106s][info][gc,phases   ] GC(54) Concurrent Mark 1035.791ms
[77.109s][info][gc,phases   ] GC(54) Pause Mark End 0.363ms
[77.111s][info][gc,phases   ] GC(54) Concurrent Process Non-Strong References 1.567ms
[77.111s][info][gc,phases   ] GC(54) Concurrent Reset Relocation Set 0.525ms
[77.111s][info][gc,phases   ] GC(54) Concurrent Destroy Detached Pages 0.001ms
[77.113s][info][gc,phases   ] GC(54) Concurrent Select Relocation Set 1.523ms
[77.121s][info][gc,phases   ] GC(54) Concurrent Prepare Relocation Set 8.088ms
[77.126s][info][gc,phases   ] GC(54) Pause Relocate Start 2.794ms
[77.238s][info][gc,phases   ] GC(54) Concurrent Relocate 111.354ms
[77.238s][info][gc,load     ] GC(54) Load: 2.07/2.89/2.95
[77.238s][info][gc,mmu      ] GC(54) MMU: 2ms/0.0%, 5ms/28.0%, 10ms/64.0%, 20ms/79.9%, 50ms/86.6%, 100ms/93.3%
[77.238s][info][gc,marking  ] GC(54) Mark: 1 stripe(s), 2 proactive flush(es), 1 terminate flush(es), 0 completion(s), 0 continuation(s) 
[77.238s][info][gc,reloc    ] GC(54) Relocation: Successful, 45M relocated
[77.238s][info][gc,nmethod  ] GC(54) NMethods: 4169 registered, 5 unregistered
[77.238s][info][gc,metaspace] GC(54) Metaspace: 73M used, 77M capacity, 77M committed, 78M reserved
[77.238s][info][gc,ref      ] GC(54) Soft: 4913 encountered, 0 discovered, 0 enqueued
[77.238s][info][gc,ref      ] GC(54) Weak: 4807 encountered, 3813 discovered, 0 enqueued
[77.238s][info][gc,ref      ] GC(54) Final: 28 encountered, 0 discovered, 0 enqueued
[77.238s][info][gc,ref      ] GC(54) Phantom: 662 encountered, 658 discovered, 0 enqueued
[77.238s][info][gc,heap     ] GC(54)                Mark Start          Mark End        Relocate Start      Relocate End           High               Low         
[77.238s][info][gc,heap     ] GC(54)  Capacity:     1250M (100%)       1250M (100%)       1250M (100%)       1250M (100%)       1250M (100%)       1250M (100%)   
[77.238s][info][gc,heap     ] GC(54)   Reserve:       34M (3%)           34M (3%)           34M (3%)           34M (3%)           34M (3%)           34M (3%)     
[77.238s][info][gc,heap     ] GC(54)      Free:      704M (56%)         484M (39%)         488M (39%)         668M (53%)         704M (56%)         484M (39%)    
[77.238s][info][gc,heap     ] GC(54)      Used:      512M (41%)         732M (59%)         728M (58%)         548M (44%)         732M (59%)         512M (41%)    
[77.238s][info][gc,heap     ] GC(54)      Live:         -               267M (21%)         267M (21%)         267M (21%)            -                  -          
[77.238s][info][gc,heap     ] GC(54) Allocated:         -               220M (18%)         222M (18%)         260M (21%)            -                  -          
[77.238s][info][gc,heap     ] GC(54)   Garbage:         -               244M (20%)         238M (19%)          58M (5%)             -                  -          
[77.238s][info][gc,heap     ] GC(54) Reclaimed:         -                  -                 6M (0%)          186M (15%)            -                  -          
[77.238s][info][gc          ] GC(54) Garbage Collection (Allocation Rate) 512M(41%)->548M(44%)
[77.364s][info][gc,start    ] GC(55) Garbage Collection (Allocation Rate)
[77.370s][info][gc,phases   ] GC(55) Pause Mark Start 3.328ms
[78.569s][info][gc,phases   ] GC(55) Concurrent Mark 1198.928ms
[78.572s][info][gc,phases   ] GC(55) Pause Mark End 0.358ms
[78.573s][info][gc,phases   ] GC(55) Concurrent Process Non-Strong References 1.540ms
[78.574s][info][gc,phases   ] GC(55) Concurrent Reset Relocation Set 0.448ms
[78.574s][info][gc,phases   ] GC(55) Concurrent Destroy Detached Pages 0.001ms
[78.575s][info][gc,phases   ] GC(55) Concurrent Select Relocation Set 1.558ms
[78.578s][info][gc,phases   ] GC(55) Concurrent Prepare Relocation Set 2.418ms
[78.581s][info][gc,phases   ] GC(55) Pause Relocate Start 2.913ms
[78.681s][info][gc,phases   ] GC(55) Concurrent Relocate 97.958ms
[78.682s][info][gc,load     ] GC(55) Load: 2.07/2.89/2.95
[78.682s][info][gc,mmu      ] GC(55) MMU: 2ms/0.0%, 5ms/28.0%, 10ms/64.0%, 20ms/79.9%, 50ms/86.6%, 100ms/93.3%
[78.682s][info][gc,marking  ] GC(55) Mark: 1 stripe(s), 2 proactive flush(es), 1 terminate flush(es), 0 completion(s), 0 continuation(s) 
[78.682s][info][gc,reloc    ] GC(55) Relocation: Successful, 40M relocated
[78.682s][info][gc,nmethod  ] GC(55) NMethods: 4169 registered, 5 unregistered
[78.682s][info][gc,metaspace] GC(55) Metaspace: 73M used, 77M capacity, 77M committed, 78M reserved
[78.682s][info][gc,ref      ] GC(55) Soft: 4913 encountered, 0 discovered, 0 enqueued
[78.682s][info][gc,ref      ] GC(55) Weak: 4807 encountered, 3813 discovered, 0 enqueued
[78.682s][info][gc,ref      ] GC(55) Final: 28 encountered, 0 discovered, 0 enqueued
[78.682s][info][gc,ref      ] GC(55) Phantom: 662 encountered, 658 discovered, 0 enqueued
[78.682s][info][gc,heap     ] GC(55)                Mark Start          Mark End        Relocate Start      Relocate End           High               Low         
[78.682s][info][gc,heap     ] GC(55)  Capacity:     1250M (100%)       1250M (100%)       1250M (100%)       1250M (100%)       1250M (100%)       1250M (100%)   
[78.682s][info][gc,heap     ] GC(55)   Reserve:       34M (3%)           34M (3%)           34M (3%)           34M (3%)           34M (3%)           34M (3%)     
[78.682s][info][gc,heap     ] GC(55)      Free:      616M (49%)         462M (37%)         462M (37%)         724M (58%)         724M (58%)         460M (37%)    
[78.682s][info][gc,heap     ] GC(55)      Used:      600M (48%)         754M (60%)         754M (60%)         492M (39%)         756M (60%)         492M (39%)    
[78.682s][info][gc,heap     ] GC(55)      Live:         -               295M (24%)         295M (24%)         295M (24%)            -                  -          
[78.682s][info][gc,heap     ] GC(55) Allocated:         -               154M (12%)         154M (12%)         168M (13%)            -                  -          
[78.682s][info][gc,heap     ] GC(55)   Garbage:         -               304M (24%)         304M (24%)          42M (3%)             -                  -          
[78.682s][info][gc,heap     ] GC(55) Reclaimed:         -                  -                 0M (0%)          262M (21%)            -                  -          
[78.682s][info][gc          ] GC(55) Garbage Collection (Allocation Rate) 600M(48%)->492M(39%)
[79.164s][info][gc,start    ] GC(56) Garbage Collection (Allocation Rate)
[79.170s][info][gc,phases   ] GC(56) Pause Mark Start 3.402ms
[79.930s][info][gc,phases   ] GC(56) Concurrent Mark 760.038ms
[79.933s][info][gc,phases   ] GC(56) Pause Mark End 0.357ms
[79.935s][info][gc,phases   ] GC(56) Concurrent Process Non-Strong References 1.616ms
[79.935s][info][gc,phases   ] GC(56) Concurrent Reset Relocation Set 0.036ms
[79.935s][info][gc,phases   ] GC(56) Concurrent Destroy Detached Pages 0.000ms
[79.937s][info][gc,phases   ] GC(56) Concurrent Select Relocation Set 1.839ms
[79.939s][info][gc,phases   ] GC(56) Concurrent Prepare Relocation Set 1.614ms
[79.942s][info][gc,phases   ] GC(56) Pause Relocate Start 3.063ms
[80.035s][info][gc,phases   ] GC(56) Concurrent Relocate 86.675ms
[80.035s][info][gc,load     ] GC(56) Load: 2.07/2.89/2.95
[80.035s][info][gc,mmu      ] GC(56) MMU: 2ms/0.0%, 5ms/28.0%, 10ms/64.0%, 20ms/79.9%, 50ms/86.6%, 100ms/93.3%
[80.035s][info][gc,marking  ] GC(56) Mark: 1 stripe(s), 2 proactive flush(es), 1 terminate flush(es), 0 completion(s), 0 continuation(s) 
[80.035s][info][gc,reloc    ] GC(56) Relocation: Successful, 52M relocated
[80.035s][info][gc,nmethod  ] GC(56) NMethods: 4198 registered, 5 unregistered
[80.035s][info][gc,metaspace] GC(56) Metaspace: 73M used, 77M capacity, 77M committed, 78M reserved
[80.035s][info][gc,ref      ] GC(56) Soft: 4913 encountered, 0 discovered, 0 enqueued
[80.035s][info][gc,ref      ] GC(56) Weak: 5005 encountered, 4007 discovered, 140 enqueued
[80.035s][info][gc,ref      ] GC(56) Final: 28 encountered, 0 discovered, 0 enqueued
[80.035s][info][gc,ref      ] GC(56) Phantom: 662 encountered, 658 discovered, 0 enqueued
[80.035s][info][gc,heap     ] GC(56)                Mark Start          Mark End        Relocate Start      Relocate End           High               Low         
[80.035s][info][gc,heap     ] GC(56)  Capacity:     1250M (100%)       1250M (100%)       1250M (100%)       1250M (100%)       1250M (100%)       1250M (100%)   
[80.035s][info][gc,heap     ] GC(56)   Reserve:       34M (3%)           34M (3%)           34M (3%)           34M (3%)           34M (3%)           34M (3%)     
[80.035s][info][gc,heap     ] GC(56)      Free:      584M (47%)         360M (29%)         640M (51%)         694M (56%)         698M (56%)         360M (29%)    
[80.035s][info][gc,heap     ] GC(56)      Used:      632M (51%)         856M (68%)         576M (46%)         522M (42%)         856M (68%)         518M (41%)    
[80.035s][info][gc,heap     ] GC(56)      Live:         -               239M (19%)         239M (19%)         239M (19%)            -                  -          
[80.035s][info][gc,heap     ] GC(56) Allocated:         -               224M (18%)         224M (18%)         262M (21%)            -                  -          
[80.035s][info][gc,heap     ] GC(56)   Garbage:         -               392M (31%)         112M (9%)           44M (4%)             -                  -          
[80.035s][info][gc,heap     ] GC(56) Reclaimed:         -                  -               280M (22%)         348M (28%)            -                  -          
[80.035s][info][gc          ] GC(56) Garbage Collection (Allocation Rate) 632M(51%)->522M(42%)
[80.064s][info][gc,stats    ] === Garbage Collection Statistics =======================================================================================================================
[80.064s][info][gc,stats    ]                                                              Last 10s              Last 10m              Last 10h                Total
[80.064s][info][gc,stats    ]                                                              Avg / Max             Avg / Max             Avg / Max             Avg / Max
[80.064s][info][gc,stats    ]   Collector: Garbage Collection Cycle                   1124.475 / 1342.266    821.882 / 2248.951    821.882 / 2248.951    821.882 / 2248.951    ms
[80.064s][info][gc,stats    ]  Contention: Mark Segment Reset Contention                     0 / 0                 0 / 0                 0 / 0                 0 / 0           ops/s
[80.064s][info][gc,stats    ]  Contention: Mark SeqNum Reset Contention                      0 / 0                 0 / 0                 0 / 0                 0 / 0           ops/s
[80.064s][info][gc,stats    ]  Contention: Relocation Contention                             0 / 0                 0 / 3                 0 / 3                 0 / 3           ops/s
[80.064s][info][gc,stats    ]    Critical: Allocation Stall                              0.000 / 0.000        33.376 / 110.752      33.376 / 110.752      33.376 / 110.752     ms
[80.064s][info][gc,stats    ]    Critical: Allocation Stall                                  0 / 0                 0 / 4                 0 / 4                 0 / 4           ops/s
[80.064s][info][gc,stats    ]    Critical: GC Locker Stall                               0.000 / 0.000         0.019 / 0.029         0.019 / 0.029         0.019 / 0.029       ms
[80.064s][info][gc,stats    ]    Critical: GC Locker Stall                                   0 / 0                 0 / 1                 0 / 1                 0 / 1           ops/s
[80.064s][info][gc,stats    ]      Memory: Allocation Rate                                 202 / 318             257 / 1448            257 / 1448            257 / 1448        MB/s
[80.064s][info][gc,stats    ]      Memory: Heap Used After Mark                            729 / 870             715 / 1216            715 / 1216            715 / 1216        MB
[80.064s][info][gc,stats    ]      Memory: Heap Used After Relocation                      509 / 566             388 / 920             388 / 920             388 / 920         MB
[80.064s][info][gc,stats    ]      Memory: Heap Used Before Mark                           569 / 684             561 / 1098            561 / 1098            561 / 1098        MB
[80.064s][info][gc,stats    ]      Memory: Heap Used Before Relocation                     658 / 754             508 / 962             508 / 962             508 / 962         MB
[80.064s][info][gc,stats    ]      Memory: Out Of Memory                                     0 / 0                 0 / 0                 0 / 0                 0 / 0           ops/s
[80.064s][info][gc,stats    ]      Memory: Page Cache Flush                                  6 / 38                9 / 126               9 / 126               9 / 126         MB/s
[80.064s][info][gc,stats    ]      Memory: Page Cache Hit L1                                99 / 145             115 / 724             115 / 724             115 / 724         ops/s
[80.064s][info][gc,stats    ]      Memory: Page Cache Hit L2                                 0 / 0                 0 / 0                 0 / 0                 0 / 0           ops/s
[80.064s][info][gc,stats    ]      Memory: Page Cache Miss                                   0 / 3                 8 / 177               8 / 177               8 / 177         ops/s
[80.064s][info][gc,stats    ]      Memory: Undo Object Allocation Failed                     0 / 0                 0 / 0                 0 / 0                 0 / 0           ops/s
[80.064s][info][gc,stats    ]      Memory: Undo Object Allocation Succeeded                  0 / 0                 0 / 3                 0 / 3                 0 / 3           ops/s
[80.064s][info][gc,stats    ]      Memory: Undo Page Allocation                              0 / 0                 0 / 3                 0 / 3                 0 / 3           ops/s
[80.064s][info][gc,stats    ]       Phase: Concurrent Destroy Detached Pages             0.003 / 0.007         0.002 / 0.026         0.002 / 0.026         0.002 / 0.026       ms
[80.064s][info][gc,stats    ]       Phase: Concurrent Mark                             998.307 / 1219.517    702.386 / 2238.259    702.386 / 2238.259    702.386 / 2238.259    ms
[80.064s][info][gc,stats    ]       Phase: Concurrent Mark Continue                      0.000 / 0.000         0.000 / 0.000         0.000 / 0.000         0.000 / 0.000       ms
[80.064s][info][gc,stats    ]       Phase: Concurrent Prepare Relocation Set             3.617 / 8.327         4.577 / 63.895        4.577 / 63.895        4.577 / 63.895      ms
[80.064s][info][gc,stats    ]       Phase: Concurrent Process Non-Strong References      2.108 / 5.794         2.191 / 19.811        2.191 / 19.811        2.191 / 19.811      ms
[80.064s][info][gc,stats    ]       Phase: Concurrent Relocate                         100.008 / 152.798      97.097 / 456.100      97.097 / 456.100      97.097 / 456.100     ms
[80.064s][info][gc,stats    ]       Phase: Concurrent Reset Relocation Set               0.265 / 0.575         0.261 / 1.461         0.261 / 1.461         0.261 / 1.461       ms
[80.064s][info][gc,stats    ]       Phase: Concurrent Select Relocation Set              1.618 / 1.839         1.931 / 11.362        1.931 / 11.362        1.931 / 11.362      ms
[80.064s][info][gc,stats    ]       Phase: Pause Mark End                                0.355 / 0.363         0.316 / 3.516         0.316 / 3.516         0.316 / 3.516       ms
[80.064s][info][gc,stats    ]       Phase: Pause Mark Start                              3.343 / 3.402         2.610 / 3.602         2.610 / 3.602         2.610 / 3.602       ms
[80.064s][info][gc,stats    ]       Phase: Pause Relocate Start                          2.953 / 3.089         2.371 / 3.358         2.371 / 3.358         2.371 / 3.358       ms
[80.064s][info][gc,stats    ]    Subphase: Concurrent Mark                             995.354 / 1214.427    701.656 / 2238.228    701.656 / 2238.228    701.656 / 2238.228    ms
[80.064s][info][gc,stats    ]    Subphase: Concurrent Mark Idle                          0.000 / 0.000         0.000 / 0.000         0.000 / 0.000         0.000 / 0.000       ms
[80.064s][info][gc,stats    ]    Subphase: Concurrent Mark Try Flush                     1.422 / 4.383         1.689 / 11.936        1.689 / 11.936        1.689 / 11.936      ms
[80.064s][info][gc,stats    ]    Subphase: Concurrent Mark Try Terminate                 0.485 / 1.009         0.599 / 3.941         0.599 / 3.941         0.599 / 3.941       ms
[80.064s][info][gc,stats    ]    Subphase: Concurrent References Enqueue                 0.002 / 0.004         0.002 / 0.005         0.002 / 0.005         0.002 / 0.005       ms
[80.064s][info][gc,stats    ]    Subphase: Concurrent References Process                 1.298 / 4.893         0.981 / 7.089         0.981 / 7.089         0.981 / 7.089       ms
[80.064s][info][gc,stats    ]    Subphase: Concurrent Weak Roots                         0.796 / 0.879         1.084 / 16.498        1.084 / 16.498        1.084 / 16.498      ms
[80.064s][info][gc,stats    ]    Subphase: Concurrent Weak Roots JNIWeakHandles          0.000 / 0.001         0.000 / 0.001         0.000 / 0.001         0.000 / 0.001       ms
[80.064s][info][gc,stats    ]    Subphase: Concurrent Weak Roots StringTable             0.583 / 0.619         0.887 / 16.282        0.887 / 16.282        0.887 / 16.282      ms
[80.064s][info][gc,stats    ]    Subphase: Concurrent Weak Roots VMWeakHandles           0.211 / 0.258         0.196 / 0.299         0.196 / 0.299         0.196 / 0.299       ms
[80.064s][info][gc,stats    ]    Subphase: Pause Mark Try Complete                       0.000 / 0.000         0.000 / 0.000         0.000 / 0.000         0.000 / 0.000       ms
[80.064s][info][gc,stats    ]    Subphase: Pause Remap TLABS                             0.002 / 0.005         0.002 / 0.022         0.002 / 0.022         0.002 / 0.022       ms
[80.064s][info][gc,stats    ]    Subphase: Pause Retire TLABS                            0.024 / 0.042         0.015 / 0.042         0.015 / 0.042         0.015 / 0.042       ms
[80.064s][info][gc,stats    ]    Subphase: Pause Roots                                   1.902 / 2.984         1.543 / 3.487         1.543 / 3.487         1.543 / 3.487       ms
[80.064s][info][gc,stats    ]    Subphase: Pause Roots ClassLoaderDataGraph              0.705 / 0.830         0.671 / 1.764         0.671 / 1.764         0.671 / 1.764       ms
[80.064s][info][gc,stats    ]    Subphase: Pause Roots CodeCache                         1.620 / 1.761         1.174 / 1.813         1.174 / 1.813         1.174 / 1.813       ms
[80.064s][info][gc,stats    ]    Subphase: Pause Roots JNIHandles                        0.001 / 0.001         0.001 / 0.006         0.001 / 0.006         0.001 / 0.006       ms
[80.064s][info][gc,stats    ]    Subphase: Pause Roots JNIWeakHandles                    0.000 / 0.000         0.000 / 0.000         0.000 / 0.000         0.000 / 0.000       ms
[80.064s][info][gc,stats    ]    Subphase: Pause Roots JRFWeak                           0.000 / 0.000         0.000 / 0.000         0.000 / 0.000         0.000 / 0.000       ms
[80.064s][info][gc,stats    ]    Subphase: Pause Roots JVMTIExport                       0.001 / 0.001         0.001 / 0.001         0.001 / 0.001         0.001 / 0.001       ms
[80.064s][info][gc,stats    ]    Subphase: Pause Roots JVMTIWeakExport                   0.001 / 0.002         0.001 / 0.002         0.001 / 0.002         0.001 / 0.002       ms
[80.064s][info][gc,stats    ]    Subphase: Pause Roots Management                        0.001 / 0.002         0.001 / 0.009         0.001 / 0.009         0.001 / 0.009       ms
[80.064s][info][gc,stats    ]    Subphase: Pause Roots ObjectSynchronizer                0.000 / 0.001         0.000 / 0.001         0.000 / 0.001         0.000 / 0.001       ms
[80.064s][info][gc,stats    ]    Subphase: Pause Roots Setup                             0.216 / 0.453         0.183 / 0.453         0.183 / 0.453         0.183 / 0.453       ms
[80.064s][info][gc,stats    ]    Subphase: Pause Roots StringTable                       0.000 / 0.000         0.000 / 0.000         0.000 / 0.000         0.000 / 0.000       ms
[80.064s][info][gc,stats    ]    Subphase: Pause Roots SystemDictionary                  0.012 / 0.014         0.013 / 0.061         0.013 / 0.061         0.013 / 0.061       ms
[80.064s][info][gc,stats    ]    Subphase: Pause Roots Teardown                          0.001 / 0.003         0.001 / 0.012         0.001 / 0.012         0.001 / 0.012       ms
[80.064s][info][gc,stats    ]    Subphase: Pause Roots Threads                           0.371 / 0.434         0.295 / 3.486         0.295 / 3.486         0.295 / 3.486       ms
[80.064s][info][gc,stats    ]    Subphase: Pause Roots Universe                          0.002 / 0.003         0.006 / 0.439         0.006 / 0.439         0.006 / 0.439       ms
[80.064s][info][gc,stats    ]    Subphase: Pause Roots VMWeakHandles                     0.000 / 0.000         0.000 / 0.000         0.000 / 0.000         0.000 / 0.000       ms
[80.064s][info][gc,stats    ]    Subphase: Pause Weak Roots                              0.002 / 0.002         0.002 / 0.009         0.002 / 0.009         0.002 / 0.009       ms
[80.064s][info][gc,stats    ]    Subphase: Pause Weak Roots JFRWeak                      0.001 / 0.001         0.001 / 0.001         0.001 / 0.001         0.001 / 0.001       ms
[80.064s][info][gc,stats    ]    Subphase: Pause Weak Roots JNIWeakHandles               0.000 / 0.000         0.000 / 0.000         0.000 / 0.000         0.000 / 0.000       ms
[80.064s][info][gc,stats    ]    Subphase: Pause Weak Roots JVMTIWeakExport              0.001 / 0.001         0.001 / 0.008         0.001 / 0.008         0.001 / 0.008       ms
[80.064s][info][gc,stats    ]    Subphase: Pause Weak Roots Setup                        0.000 / 0.000         0.000 / 0.000         0.000 / 0.000         0.000 / 0.000       ms
[80.064s][info][gc,stats    ]    Subphase: Pause Weak Roots StringTable                  0.000 / 0.000         0.000 / 0.000         0.000 / 0.000         0.000 / 0.000       ms
[80.064s][info][gc,stats    ]    Subphase: Pause Weak Roots SymbolTable                  0.000 / 0.000         0.000 / 0.000         0.000 / 0.000         0.000 / 0.000       ms
[80.064s][info][gc,stats    ]    Subphase: Pause Weak Roots Teardown                     0.001 / 0.001         0.001 / 0.001         0.001 / 0.001         0.001 / 0.001       ms
[80.064s][info][gc,stats    ]    Subphase: Pause Weak Roots VMWeakHandles                0.000 / 0.000         0.000 / 0.000         0.000 / 0.000         0.000 / 0.000       ms
[80.064s][info][gc,stats    ]      System: Java Threads                                    117 / 117              65 / 117              65 / 117              65 / 117         threads
[80.064s][info][gc,stats    ] =========================================================================================================================================================
[80.064s][info][gc,start    ] GC(57) Garbage Collection (Allocation Rate)
[80.070s][info][gc,phases   ] GC(57) Pause Mark Start 3.340ms
[81.137s][info][gc,phases   ] GC(57) Concurrent Mark 1067.057ms
[81.140s][info][gc,phases   ] GC(57) Pause Mark End 0.352ms
[81.142s][info][gc,phases   ] GC(57) Concurrent Process Non-Strong References 1.600ms
[81.143s][info][gc,phases   ] GC(57) Concurrent Reset Relocation Set 0.407ms
[81.143s][info][gc,phases   ] GC(57) Concurrent Destroy Detached Pages 0.001ms
[81.145s][info][gc,phases   ] GC(57) Concurrent Select Relocation Set 2.478ms
[81.150s][info][gc,phases   ] GC(57) Concurrent Prepare Relocation Set 4.879ms
[81.155s][info][gc,phases   ] GC(57) Pause Relocate Start 2.793ms
[81.262s][info][gc,phases   ] GC(57) Concurrent Relocate 103.215ms
[81.262s][info][gc,load     ] GC(57) Load: 2.07/2.89/2.95
[81.262s][info][gc,mmu      ] GC(57) MMU: 2ms/0.0%, 5ms/28.0%, 10ms/64.0%, 20ms/79.9%, 50ms/86.6%, 100ms/93.3%
[81.262s][info][gc,marking  ] GC(57) Mark: 1 stripe(s), 2 proactive flush(es), 1 terminate flush(es), 0 completion(s), 0 continuation(s) 
[81.262s][info][gc,reloc    ] GC(57) Relocation: Successful, 47M relocated
[81.262s][info][gc,nmethod  ] GC(57) NMethods: 4208 registered, 5 unregistered
[81.262s][info][gc,metaspace] GC(57) Metaspace: 73M used, 77M capacity, 77M committed, 78M reserved
[81.262s][info][gc,ref      ] GC(57) Soft: 4913 encountered, 0 discovered, 0 enqueued
[81.262s][info][gc,ref      ] GC(57) Weak: 4865 encountered, 3891 discovered, 0 enqueued
[81.262s][info][gc,ref      ] GC(57) Final: 28 encountered, 0 discovered, 0 enqueued
[81.262s][info][gc,ref      ] GC(57) Phantom: 662 encountered, 658 discovered, 0 enqueued
[81.262s][info][gc,heap     ] GC(57)                Mark Start          Mark End        Relocate Start      Relocate End           High               Low         
[81.262s][info][gc,heap     ] GC(57)  Capacity:     1250M (100%)       1250M (100%)       1250M (100%)       1250M (100%)       1250M (100%)       1250M (100%)   
[81.262s][info][gc,heap     ] GC(57)   Reserve:       34M (3%)           34M (3%)           34M (3%)           34M (3%)           34M (3%)           34M (3%)     
[81.262s][info][gc,heap     ] GC(57)      Free:      680M (54%)         456M (36%)         492M (39%)         666M (53%)         680M (54%)         456M (36%)    
[81.262s][info][gc,heap     ] GC(57)      Used:      536M (43%)         760M (61%)         724M (58%)         550M (44%)         760M (61%)         536M (43%)    
[81.262s][info][gc,heap     ] GC(57)      Live:         -               264M (21%)         264M (21%)         264M (21%)            -                  -          
[81.262s][info][gc,heap     ] GC(57) Allocated:         -               224M (18%)         226M (18%)         262M (21%)            -                  -          
[81.262s][info][gc,heap     ] GC(57)   Garbage:         -               271M (22%)         233M (19%)          59M (5%)             -                  -          
[81.262s][info][gc,heap     ] GC(57) Reclaimed:         -                  -                38M (3%)          212M (17%)            -                  -          
[81.262s][info][gc          ] GC(57) Garbage Collection (Allocation Rate) 536M(43%)->550M(44%)
[81.364s][info][gc,start    ] GC(58) Garbage Collection (Allocation Rate)
[81.370s][info][gc,phases   ] GC(58) Pause Mark Start 3.387ms
[82.478s][info][gc,phases   ] GC(58) Concurrent Mark 1108.107ms
[82.481s][info][gc,phases   ] GC(58) Pause Mark End 0.362ms
[82.483s][info][gc,phases   ] GC(58) Concurrent Process Non-Strong References 1.571ms
[82.483s][info][gc,phases   ] GC(58) Concurrent Reset Relocation Set 0.458ms
[82.483s][info][gc,phases   ] GC(58) Concurrent Destroy Detached Pages 0.000ms
[82.486s][info][gc,phases   ] GC(58) Concurrent Select Relocation Set 2.443ms
[82.493s][info][gc,phases   ] GC(58) Concurrent Prepare Relocation Set 7.665ms
[82.499s][info][gc,phases   ] GC(58) Pause Relocate Start 3.419ms
[82.627s][info][gc,phases   ] GC(58) Concurrent Relocate 127.122ms
[82.627s][info][gc,load     ] GC(58) Load: 2.06/2.87/2.95
[82.627s][info][gc,mmu      ] GC(58) MMU: 2ms/0.0%, 5ms/28.0%, 10ms/64.0%, 20ms/79.9%, 50ms/86.6%, 100ms/93.3%
[82.627s][info][gc,marking  ] GC(58) Mark: 1 stripe(s), 2 proactive flush(es), 1 terminate flush(es), 0 completion(s), 0 continuation(s) 
[82.627s][info][gc,reloc    ] GC(58) Relocation: Successful, 45M relocated
[82.627s][info][gc,nmethod  ] GC(58) NMethods: 4208 registered, 5 unregistered
[82.627s][info][gc,metaspace] GC(58) Metaspace: 73M used, 77M capacity, 77M committed, 78M reserved
[82.627s][info][gc,ref      ] GC(58) Soft: 4913 encountered, 0 discovered, 0 enqueued
[82.627s][info][gc,ref      ] GC(58) Weak: 4872 encountered, 3874 discovered, 3 enqueued
[82.627s][info][gc,ref      ] GC(58) Final: 28 encountered, 0 discovered, 0 enqueued
[82.627s][info][gc,ref      ] GC(58) Phantom: 662 encountered, 658 discovered, 0 enqueued
[82.627s][info][gc,heap     ] GC(58)                Mark Start          Mark End        Relocate Start      Relocate End           High               Low         
[82.627s][info][gc,heap     ] GC(58)  Capacity:     1250M (100%)       1250M (100%)       1250M (100%)       1250M (100%)       1250M (100%)       1250M (100%)   
[82.627s][info][gc,heap     ] GC(58)   Reserve:       34M (3%)           34M (3%)           34M (3%)           34M (3%)           34M (3%)           34M (3%)     
[82.627s][info][gc,heap     ] GC(58)      Free:      626M (50%)         404M (32%)         404M (32%)         674M (54%)         674M (54%)         402M (32%)    
[82.627s][info][gc,heap     ] GC(58)      Used:      590M (47%)         812M (65%)         812M (65%)         542M (43%)         814M (65%)         542M (43%)    
[82.627s][info][gc,heap     ] GC(58)      Live:         -               276M (22%)         276M (22%)         276M (22%)            -                  -          
[82.627s][info][gc,heap     ] GC(58) Allocated:         -               222M (18%)         222M (18%)         238M (19%)            -                  -          
[82.627s][info][gc,heap     ] GC(58)   Garbage:         -               313M (25%)         313M (25%)          43M (4%)             -                  -          
[82.627s][info][gc,heap     ] GC(58) Reclaimed:         -                  -                 0M (0%)          270M (22%)            -                  -          
[82.627s][info][gc          ] GC(58) Garbage Collection (Allocation Rate) 590M(47%)->542M(43%)
[83.364s][info][gc,start    ] GC(59) Garbage Collection (Allocation Rate)
[83.378s][info][gc,phases   ] GC(59) Pause Mark Start 10.529ms
[83.483s][info][gc,heap     ] Page Cache Flushed: 6M requested, 10M(512M->502M) flushed
[83.578s][info][gc,heap     ] Page Cache Flushed: 10M requested, 10M(478M->468M) flushed
[84.176s][info][gc,phases   ] GC(59) Concurrent Mark 798.346ms
[84.179s][info][gc,phases   ] GC(59) Pause Mark End 0.370ms
[84.181s][info][gc,phases   ] GC(59) Concurrent Process Non-Strong References 1.647ms
[84.181s][info][gc,phases   ] GC(59) Concurrent Reset Relocation Set 0.041ms
[84.181s][info][gc,phases   ] GC(59) Concurrent Destroy Detached Pages 0.009ms
[84.184s][info][gc,phases   ] GC(59) Concurrent Select Relocation Set 2.890ms
[84.185s][info][gc,phases   ] GC(59) Concurrent Prepare Relocation Set 0.840ms
[84.191s][info][gc,phases   ] GC(59) Pause Relocate Start 2.968ms
[84.281s][info][gc,phases   ] GC(59) Concurrent Relocate 90.535ms
[84.281s][info][gc,load     ] GC(59) Load: 2.06/2.87/2.95
[84.281s][info][gc,mmu      ] GC(59) MMU: 2ms/0.0%, 5ms/0.0%, 10ms/0.0%, 20ms/47.4%, 50ms/78.9%, 100ms/89.5%
[84.281s][info][gc,marking  ] GC(59) Mark: 1 stripe(s), 2 proactive flush(es), 1 terminate flush(es), 0 completion(s), 0 continuation(s) 
[84.281s][info][gc,reloc    ] GC(59) Relocation: Successful, 25M relocated
[84.281s][info][gc,nmethod  ] GC(59) NMethods: 4263 registered, 5 unregistered
[84.281s][info][gc,metaspace] GC(59) Metaspace: 73M used, 77M capacity, 77M committed, 78M reserved
[84.281s][info][gc,ref      ] GC(59) Soft: 4916 encountered, 0 discovered, 0 enqueued
[84.281s][info][gc,ref      ] GC(59) Weak: 5082 encountered, 4030 discovered, 86 enqueued
[84.281s][info][gc,ref      ] GC(59) Final: 28 encountered, 0 discovered, 0 enqueued
[84.281s][info][gc,ref      ] GC(59) Phantom: 662 encountered, 658 discovered, 0 enqueued
[84.281s][info][gc,heap     ] GC(59)                Mark Start          Mark End        Relocate Start      Relocate End           High               Low         
[84.281s][info][gc,heap     ] GC(59)  Capacity:     1250M (100%)       1250M (100%)       1250M (100%)       1250M (100%)       1250M (100%)       1250M (100%)   
[84.281s][info][gc,heap     ] GC(59)   Reserve:       34M (3%)           34M (3%)           34M (3%)           34M (3%)           34M (3%)           34M (3%)     
[84.281s][info][gc,heap     ] GC(59)      Free:      558M (45%)         330M (26%)         662M (53%)         722M (58%)         722M (58%)         330M (26%)    
[84.281s][info][gc,heap     ] GC(59)      Used:      658M (53%)         886M (71%)         554M (44%)         494M (40%)         886M (71%)         494M (40%)    
[84.281s][info][gc,heap     ] GC(59)      Live:         -               211M (17%)         211M (17%)         211M (17%)            -                  -          
[84.281s][info][gc,heap     ] GC(59) Allocated:         -               228M (18%)         230M (18%)         262M (21%)            -                  -          
[84.281s][info][gc,heap     ] GC(59)   Garbage:         -               446M (36%)         112M (9%)           38M (3%)             -                  -          
[84.281s][info][gc,heap     ] GC(59) Reclaimed:         -                  -               334M (27%)         408M (33%)            -                  -          
[84.281s][info][gc          ] GC(59) Garbage Collection (Allocation Rate) 658M(53%)->494M(40%)
[84.364s][info][gc,start    ] GC(60) Garbage Collection (Allocation Rate)
[84.370s][info][gc,phases   ] GC(60) Pause Mark Start 3.489ms
[85.345s][info][gc,phases   ] GC(60) Concurrent Mark 975.315ms
[85.348s][info][gc,phases   ] GC(60) Pause Mark End 0.424ms
[85.350s][info][gc,phases   ] GC(60) Concurrent Process Non-Strong References 1.700ms
[85.350s][info][gc,phases   ] GC(60) Concurrent Reset Relocation Set 0.016ms
[85.350s][info][gc,phases   ] GC(60) Concurrent Destroy Detached Pages 0.000ms
[85.352s][info][gc,phases   ] GC(60) Concurrent Select Relocation Set 1.558ms
[85.357s][info][gc,phases   ] GC(60) Concurrent Prepare Relocation Set 5.209ms
[85.363s][info][gc,phases   ] GC(60) Pause Relocate Start 2.963ms
[85.540s][info][gc,phases   ] GC(60) Concurrent Relocate 175.992ms
[85.540s][info][gc,load     ] GC(60) Load: 2.06/2.87/2.95
[85.540s][info][gc,mmu      ] GC(60) MMU: 2ms/0.0%, 5ms/0.0%, 10ms/0.0%, 20ms/47.4%, 50ms/78.9%, 100ms/89.5%
[85.540s][info][gc,marking  ] GC(60) Mark: 1 stripe(s), 2 proactive flush(es), 1 terminate flush(es), 0 completion(s), 0 continuation(s) 
[85.540s][info][gc,reloc    ] GC(60) Relocation: Successful, 63M relocated
[85.540s][info][gc,nmethod  ] GC(60) NMethods: 4263 registered, 5 unregistered
[85.540s][info][gc,metaspace] GC(60) Metaspace: 73M used, 77M capacity, 77M committed, 78M reserved
[85.540s][info][gc,ref      ] GC(60) Soft: 4916 encountered, 0 discovered, 0 enqueued
[85.540s][info][gc,ref      ] GC(60) Weak: 5004 encountered, 3956 discovered, 81 enqueued
[85.540s][info][gc,ref      ] GC(60) Final: 28 encountered, 0 discovered, 0 enqueued
[85.540s][info][gc,ref      ] GC(60) Phantom: 662 encountered, 658 discovered, 0 enqueued
[85.540s][info][gc,heap     ] GC(60)                Mark Start          Mark End        Relocate Start      Relocate End           High               Low         
[85.540s][info][gc,heap     ] GC(60)  Capacity:     1250M (100%)       1250M (100%)       1250M (100%)       1250M (100%)       1250M (100%)       1250M (100%)   
[85.540s][info][gc,heap     ] GC(60)   Reserve:       34M (3%)           34M (3%)           34M (3%)           34M (3%)           34M (3%)           34M (3%)     
[85.540s][info][gc,heap     ] GC(60)      Free:      682M (55%)         480M (38%)         528M (42%)         684M (55%)         686M (55%)         480M (38%)    
[85.540s][info][gc,heap     ] GC(60)      Used:      534M (43%)         736M (59%)         688M (55%)         532M (43%)         736M (59%)         530M (42%)    
[85.540s][info][gc,heap     ] GC(60)      Live:         -               256M (20%)         256M (20%)         256M (20%)            -                  -          
[85.540s][info][gc,heap     ] GC(60) Allocated:         -               202M (16%)         202M (16%)         268M (21%)            -                  -          
[85.540s][info][gc,heap     ] GC(60)   Garbage:         -               277M (22%)         229M (18%)          61M (5%)             -                  -          
[85.540s][info][gc,heap     ] GC(60) Reclaimed:         -                  -                48M (4%)          216M (17%)            -                  -          
[85.540s][info][gc          ] GC(60) Garbage Collection (Allocation Rate) 534M(43%)->532M(43%)
[85.665s][info][gc,start    ] GC(61) Garbage Collection (Allocation Rate)
[85.671s][info][gc,phases   ] GC(61) Pause Mark Start 3.640ms
[86.892s][info][gc,phases   ] GC(61) Concurrent Mark 1220.968ms
[86.895s][info][gc,phases   ] GC(61) Pause Mark End 0.448ms
[86.897s][info][gc,phases   ] GC(61) Concurrent Process Non-Strong References 1.582ms
[86.897s][info][gc,phases   ] GC(61) Concurrent Reset Relocation Set 0.603ms
[86.898s][info][gc,phases   ] GC(61) Concurrent Destroy Detached Pages 0.001ms
[86.899s][info][gc,phases   ] GC(61) Concurrent Select Relocation Set 1.701ms
[86.907s][info][gc,phases   ] GC(61) Concurrent Prepare Relocation Set 7.488ms
[86.912s][info][gc,phases   ] GC(61) Pause Relocate Start 2.967ms
[87.040s][info][gc,phases   ] GC(61) Concurrent Relocate 127.870ms
[87.040s][info][gc,load     ] GC(61) Load: 2.06/2.86/2.94
[87.040s][info][gc,mmu      ] GC(61) MMU: 2ms/0.0%, 5ms/0.0%, 10ms/0.0%, 20ms/47.4%, 50ms/78.9%, 100ms/89.5%
[87.040s][info][gc,marking  ] GC(61) Mark: 1 stripe(s), 2 proactive flush(es), 1 terminate flush(es), 0 completion(s), 0 continuation(s) 
[87.040s][info][gc,reloc    ] GC(61) Relocation: Successful, 46M relocated
[87.040s][info][gc,nmethod  ] GC(61) NMethods: 4263 registered, 5 unregistered
[87.040s][info][gc,metaspace] GC(61) Metaspace: 73M used, 77M capacity, 77M committed, 78M reserved
[87.040s][info][gc,ref      ] GC(61) Soft: 4916 encountered, 0 discovered, 0 enqueued
[87.040s][info][gc,ref      ] GC(61) Weak: 4923 encountered, 3875 discovered, 0 enqueued
[87.040s][info][gc,ref      ] GC(61) Final: 28 encountered, 0 discovered, 0 enqueued
[87.040s][info][gc,ref      ] GC(61) Phantom: 662 encountered, 658 discovered, 0 enqueued
[87.040s][info][gc,heap     ] GC(61)                Mark Start          Mark End        Relocate Start      Relocate End           High               Low         
[87.040s][info][gc,heap     ] GC(61)  Capacity:     1250M (100%)       1250M (100%)       1250M (100%)       1250M (100%)       1250M (100%)       1250M (100%)   
[87.040s][info][gc,heap     ] GC(61)   Reserve:       34M (3%)           34M (3%)           34M (3%)           34M (3%)           34M (3%)           34M (3%)     
[87.040s][info][gc,heap     ] GC(61)      Free:      638M (51%)         400M (32%)         406M (32%)         662M (53%)         662M (53%)         400M (32%)    
[87.040s][info][gc,heap     ] GC(61)      Used:      578M (46%)         816M (65%)         810M (65%)         554M (44%)         816M (65%)         554M (44%)    
[87.040s][info][gc,heap     ] GC(61)      Live:         -               273M (22%)         273M (22%)         273M (22%)            -                  -          
[87.040s][info][gc,heap     ] GC(61) Allocated:         -               238M (19%)         238M (19%)         258M (21%)            -                  -          
[87.040s][info][gc,heap     ] GC(61)   Garbage:         -               304M (24%)         298M (24%)          42M (3%)             -                  -          
[87.040s][info][gc,heap     ] GC(61) Reclaimed:         -                  -                 6M (0%)          262M (21%)            -                  -          
[87.040s][info][gc          ] GC(61) Garbage Collection (Allocation Rate) 578M(46%)->554M(44%)
[87.765s][info][gc,start    ] GC(62) Garbage Collection (Allocation Rate)
[87.771s][info][gc,phases   ] GC(62) Pause Mark Start 3.483ms
[88.578s][info][gc,phases   ] GC(62) Concurrent Mark 806.655ms
[88.581s][info][gc,phases   ] GC(62) Pause Mark End 0.361ms
[88.582s][info][gc,phases   ] GC(62) Concurrent Process Non-Strong References 1.634ms
[88.583s][info][gc,phases   ] GC(62) Concurrent Reset Relocation Set 0.513ms
[88.583s][info][gc,phases   ] GC(62) Concurrent Destroy Detached Pages 0.001ms
[88.584s][info][gc,phases   ] GC(62) Concurrent Select Relocation Set 1.620ms
[88.591s][info][gc,phases   ] GC(62) Concurrent Prepare Relocation Set 6.887ms
[88.597s][info][gc,phases   ] GC(62) Pause Relocate Start 3.104ms
[88.706s][info][gc,phases   ] GC(62) Concurrent Relocate 108.659ms
[88.706s][info][gc,load     ] GC(62) Load: 2.06/2.86/2.94
[88.706s][info][gc,mmu      ] GC(62) MMU: 2ms/0.0%, 5ms/0.0%, 10ms/0.0%, 20ms/47.4%, 50ms/78.9%, 100ms/89.5%
[88.706s][info][gc,marking  ] GC(62) Mark: 1 stripe(s), 2 proactive flush(es), 1 terminate flush(es), 0 completion(s), 0 continuation(s) 
[88.706s][info][gc,reloc    ] GC(62) Relocation: Successful, 28M relocated
[88.706s][info][gc,nmethod  ] GC(62) NMethods: 4286 registered, 5 unregistered
[88.706s][info][gc,metaspace] GC(62) Metaspace: 73M used, 77M capacity, 77M committed, 78M reserved
[88.706s][info][gc,ref      ] GC(62) Soft: 4917 encountered, 0 discovered, 0 enqueued
[88.706s][info][gc,ref      ] GC(62) Weak: 4886 encountered, 3838 discovered, 24 enqueued
[88.706s][info][gc,ref      ] GC(62) Final: 28 encountered, 0 discovered, 0 enqueued
[88.706s][info][gc,ref      ] GC(62) Phantom: 662 encountered, 658 discovered, 0 enqueued
[88.706s][info][gc,heap     ] GC(62)                Mark Start          Mark End        Relocate Start      Relocate End           High               Low         
[88.706s][info][gc,heap     ] GC(62)  Capacity:     1250M (100%)       1250M (100%)       1250M (100%)       1250M (100%)       1250M (100%)       1250M (100%)   
[88.706s][info][gc,heap     ] GC(62)   Reserve:       34M (3%)           34M (3%)           34M (3%)           34M (3%)           34M (3%)           34M (3%)     
[88.706s][info][gc,heap     ] GC(62)      Free:      544M (44%)         310M (25%)         616M (49%)         744M (60%)         744M (60%)         310M (25%)    
[88.706s][info][gc,heap     ] GC(62)      Used:      672M (54%)         906M (72%)         600M (48%)         472M (38%)         906M (72%)         472M (38%)    
[88.706s][info][gc,heap     ] GC(62)      Live:         -               215M (17%)         215M (17%)         215M (17%)            -                  -          
[88.706s][info][gc,heap     ] GC(62) Allocated:         -               234M (19%)         236M (19%)         276M (22%)            -                  -          
[88.706s][info][gc,heap     ] GC(62)   Garbage:         -               456M (37%)         148M (12%)           2M (0%)             -                  -          
[88.706s][info][gc,heap     ] GC(62) Reclaimed:         -                  -               308M (25%)         454M (36%)            -                  -          
[88.706s][info][gc          ] GC(62) Garbage Collection (Allocation Rate) 672M(54%)->472M(38%)
[88.764s][info][gc,start    ] GC(63) Garbage Collection (Allocation Rate)
[88.770s][info][gc,phases   ] GC(63) Pause Mark Start 3.517ms
[89.764s][info][gc,phases   ] GC(63) Concurrent Mark 993.570ms
[89.767s][info][gc,phases   ] GC(63) Pause Mark End 0.709ms
[89.769s][info][gc,phases   ] GC(63) Concurrent Process Non-Strong References 1.952ms
[89.770s][info][gc,phases   ] GC(63) Concurrent Reset Relocation Set 0.426ms
[89.770s][info][gc,phases   ] GC(63) Concurrent Destroy Detached Pages 0.001ms
[89.771s][info][gc,phases   ] GC(63) Concurrent Select Relocation Set 1.531ms
[89.780s][info][gc,phases   ] GC(63) Concurrent Prepare Relocation Set 8.717ms
[89.786s][info][gc,phases   ] GC(63) Pause Relocate Start 3.031ms
[89.956s][info][gc,phases   ] GC(63) Concurrent Relocate 170.479ms
[89.956s][info][gc,load     ] GC(63) Load: 2.06/2.86/2.94
[89.956s][info][gc,mmu      ] GC(63) MMU: 2ms/0.0%, 5ms/0.0%, 10ms/0.0%, 20ms/47.4%, 50ms/78.9%, 100ms/89.5%
[89.956s][info][gc,marking  ] GC(63) Mark: 1 stripe(s), 2 proactive flush(es), 1 terminate flush(es), 0 completion(s), 0 continuation(s) 
[89.956s][info][gc,reloc    ] GC(63) Relocation: Successful, 60M relocated
[89.956s][info][gc,nmethod  ] GC(63) NMethods: 4286 registered, 5 unregistered
[89.956s][info][gc,metaspace] GC(63) Metaspace: 73M used, 77M capacity, 77M committed, 78M reserved
[89.956s][info][gc,ref      ] GC(63) Soft: 4917 encountered, 0 discovered, 0 enqueued
[89.956s][info][gc,ref      ] GC(63) Weak: 4862 encountered, 3813 discovered, 0 enqueued
[89.956s][info][gc,ref      ] GC(63) Final: 28 encountered, 0 discovered, 0 enqueued
[89.956s][info][gc,ref      ] GC(63) Phantom: 662 encountered, 658 discovered, 0 enqueued
[89.956s][info][gc,heap     ] GC(63)                Mark Start          Mark End        Relocate Start      Relocate End           High               Low         
[89.956s][info][gc,heap     ] GC(63)  Capacity:     1250M (100%)       1250M (100%)       1250M (100%)       1250M (100%)       1250M (100%)       1250M (100%)   
[89.956s][info][gc,heap     ] GC(63)   Reserve:       34M (3%)           34M (3%)           34M (3%)           34M (3%)           34M (3%)           34M (3%)     
[89.956s][info][gc,heap     ] GC(63)      Free:      716M (57%)         510M (41%)         524M (42%)         682M (55%)         716M (57%)         510M (41%)    
[89.956s][info][gc,heap     ] GC(63)      Used:      500M (40%)         706M (56%)         692M (55%)         534M (43%)         706M (56%)         500M (40%)    
[89.956s][info][gc,heap     ] GC(63)      Live:         -               256M (21%)         256M (21%)         256M (21%)            -                  -          
[89.956s][info][gc,heap     ] GC(63) Allocated:         -               206M (16%)         208M (17%)         270M (22%)            -                  -          
[89.956s][info][gc,heap     ] GC(63)   Garbage:         -               243M (19%)         227M (18%)          57M (5%)             -                  -          
[89.956s][info][gc,heap     ] GC(63) Reclaimed:         -                  -                16M (1%)          186M (15%)            -                  -          
[89.956s][info][gc          ] GC(63) Garbage Collection (Allocation Rate) 500M(40%)->534M(43%)
[90.064s][info][gc,stats    ] === Garbage Collection Statistics =======================================================================================================================
[90.064s][info][gc,stats    ]                                                              Last 10s              Last 10m              Last 10h                Total
[90.064s][info][gc,stats    ]                                                              Avg / Max             Avg / Max             Avg / Max             Avg / Max
[90.064s][info][gc,stats    ]   Collector: Garbage Collection Cycle                   1151.771 / 1375.708    857.963 / 2248.951    857.963 / 2248.951    857.963 / 2248.951    ms
[90.064s][info][gc,stats    ]  Contention: Mark Segment Reset Contention                     0 / 0                 0 / 0                 0 / 0                 0 / 0           ops/s
[90.064s][info][gc,stats    ]  Contention: Mark SeqNum Reset Contention                      0 / 0                 0 / 0                 0 / 0                 0 / 0           ops/s
[90.064s][info][gc,stats    ]  Contention: Relocation Contention                             0 / 1                 0 / 3                 0 / 3                 0 / 3           ops/s
[90.064s][info][gc,stats    ]    Critical: Allocation Stall                              0.000 / 0.000        33.376 / 110.752      33.376 / 110.752      33.376 / 110.752     ms
[90.064s][info][gc,stats    ]    Critical: Allocation Stall                                  0 / 0                 0 / 4                 0 / 4                 0 / 4           ops/s
[90.064s][info][gc,stats    ]    Critical: GC Locker Stall                               0.000 / 0.000         0.019 / 0.029         0.019 / 0.029         0.019 / 0.029       ms
[90.064s][info][gc,stats    ]    Critical: GC Locker Stall                                   0 / 0                 0 / 1                 0 / 1                 0 / 1           ops/s
[90.064s][info][gc,stats    ]      Memory: Allocation Rate                                 211 / 310             252 / 1448            252 / 1448            252 / 1448        MB/s
[90.064s][info][gc,stats    ]      Memory: Heap Used After Mark                            803 / 906             725 / 1216            725 / 1216            725 / 1216        MB
[90.064s][info][gc,stats    ]      Memory: Heap Used After Relocation                      525 / 554             403 / 920             403 / 920             403 / 920         MB
[90.064s][info][gc,stats    ]      Memory: Heap Used Before Mark                           581 / 672             563 / 1098            563 / 1098            563 / 1098        MB
[90.064s][info][gc,stats    ]      Memory: Heap Used Before Relocation                     697 / 812             529 / 962             529 / 962             529 / 962         MB
[90.064s][info][gc,stats    ]      Memory: Out Of Memory                                     0 / 0                 0 / 0                 0 / 0                 0 / 0           ops/s
[90.064s][info][gc,stats    ]      Memory: Page Cache Flush                                  2 / 20                8 / 126               8 / 126               8 / 126         MB/s
[90.064s][info][gc,stats    ]      Memory: Page Cache Hit L1                               101 / 131             113 / 724             113 / 724             113 / 724         ops/s
[90.064s][info][gc,stats    ]      Memory: Page Cache Hit L2                                 0 / 0                 0 / 0                 0 / 0                 0 / 0           ops/s
[90.064s][info][gc,stats    ]      Memory: Page Cache Miss                                   0 / 2                 7 / 177               7 / 177               7 / 177         ops/s
[90.064s][info][gc,stats    ]      Memory: Undo Object Allocation Failed                     0 / 0                 0 / 0                 0 / 0                 0 / 0           ops/s
[90.064s][info][gc,stats    ]      Memory: Undo Object Allocation Succeeded                  0 / 1                 0 / 3                 0 / 3                 0 / 3           ops/s
[90.064s][info][gc,stats    ]      Memory: Undo Page Allocation                              0 / 0                 0 / 3                 0 / 3                 0 / 3           ops/s
[90.064s][info][gc,stats    ]       Phase: Concurrent Destroy Detached Pages             0.002 / 0.009         0.002 / 0.026         0.002 / 0.026         0.002 / 0.026       ms
[90.064s][info][gc,stats    ]       Phase: Concurrent Mark                             995.717 / 1220.968    734.469 / 2238.259    734.469 / 2238.259    734.469 / 2238.259    ms
[90.064s][info][gc,stats    ]       Phase: Concurrent Mark Continue                      0.000 / 0.000         0.000 / 0.000         0.000 / 0.000         0.000 / 0.000       ms
[90.064s][info][gc,stats    ]       Phase: Concurrent Prepare Relocation Set             5.955 / 8.717         4.728 / 63.895        4.728 / 63.895        4.728 / 63.895      ms
[90.064s][info][gc,stats    ]       Phase: Concurrent Process Non-Strong References      1.669 / 1.952         2.134 / 19.811        2.134 / 19.811        2.134 / 19.811      ms
[90.064s][info][gc,stats    ]       Phase: Concurrent Relocate                         129.125 / 175.992     100.600 / 456.100     100.600 / 456.100     100.600 / 456.100     ms
[90.064s][info][gc,stats    ]       Phase: Concurrent Reset Relocation Set               0.352 / 0.603         0.271 / 1.461         0.271 / 1.461         0.271 / 1.461       ms
[90.064s][info][gc,stats    ]       Phase: Concurrent Select Relocation Set              2.032 / 2.890         1.942 / 11.362        1.942 / 11.362        1.942 / 11.362      ms
[90.064s][info][gc,stats    ]       Phase: Pause Mark End                                0.432 / 0.709         0.329 / 3.516         0.329 / 3.516         0.329 / 3.516       ms
[90.064s][info][gc,stats    ]       Phase: Pause Mark Start                              4.484 / 10.529        2.815 / 10.529        2.815 / 10.529        2.815 / 10.529      ms
[90.064s][info][gc,stats    ]       Phase: Pause Relocate Start                          3.035 / 3.419         2.444 / 3.419         2.444 / 3.419         2.444 / 3.419       ms
[90.064s][info][gc,stats    ]    Subphase: Concurrent Mark                             994.114 / 1220.478    733.644 / 2238.228    733.644 / 2238.228    733.644 / 2238.228    ms
[90.064s][info][gc,stats    ]    Subphase: Concurrent Mark Idle                          0.000 / 0.000         0.000 / 0.000         0.000 / 0.000         0.000 / 0.000       ms
[90.064s][info][gc,stats    ]    Subphase: Concurrent Mark Try Flush                     1.179 / 4.834         1.636 / 11.936        1.636 / 11.936        1.636 / 11.936      ms
[90.064s][info][gc,stats    ]    Subphase: Concurrent Mark Try Terminate                 0.504 / 1.152         0.589 / 3.941         0.589 / 3.941         0.589 / 3.941       ms
[90.064s][info][gc,stats    ]    Subphase: Concurrent References Enqueue                 0.002 / 0.005         0.002 / 0.005         0.002 / 0.005         0.002 / 0.005       ms
[90.064s][info][gc,stats    ]    Subphase: Concurrent References Process                 0.841 / 1.070         0.966 / 7.089         0.966 / 7.089         0.966 / 7.089       ms
[90.064s][info][gc,stats    ]    Subphase: Concurrent Weak Roots                         0.814 / 0.871         1.055 / 16.498        1.055 / 16.498        1.055 / 16.498      ms
[90.064s][info][gc,stats    ]    Subphase: Concurrent Weak Roots JNIWeakHandles          0.000 / 0.000         0.000 / 0.001         0.000 / 0.001         0.000 / 0.001       ms
[90.064s][info][gc,stats    ]    Subphase: Concurrent Weak Roots StringTable             0.607 / 0.658         0.856 / 16.282        0.856 / 16.282        0.856 / 16.282      ms
[90.064s][info][gc,stats    ]    Subphase: Concurrent Weak Roots VMWeakHandles           0.206 / 0.227         0.197 / 0.299         0.197 / 0.299         0.197 / 0.299       ms
[90.064s][info][gc,stats    ]    Subphase: Pause Mark Try Complete                       0.000 / 0.000         0.000 / 0.000         0.000 / 0.000         0.000 / 0.000       ms
[90.064s][info][gc,stats    ]    Subphase: Pause Remap TLABS                             0.002 / 0.002         0.002 / 0.022         0.002 / 0.022         0.002 / 0.022       ms
[90.064s][info][gc,stats    ]    Subphase: Pause Retire TLABS                            0.020 / 0.022         0.015 / 0.042         0.015 / 0.042         0.015 / 0.042       ms
[90.064s][info][gc,stats    ]    Subphase: Pause Roots                                   2.391 / 10.156        1.635 / 10.156        1.635 / 10.156        1.635 / 10.156      ms
[90.064s][info][gc,stats    ]    Subphase: Pause Roots ClassLoaderDataGraph              0.740 / 0.955         0.679 / 1.764         0.679 / 1.764         0.679 / 1.764       ms
[90.064s][info][gc,stats    ]    Subphase: Pause Roots CodeCache                         2.197 / 8.809         1.286 / 8.809         1.286 / 8.809         1.286 / 8.809       ms
[90.064s][info][gc,stats    ]    Subphase: Pause Roots JNIHandles                        0.001 / 0.001         0.001 / 0.006         0.001 / 0.006         0.001 / 0.006       ms
[90.064s][info][gc,stats    ]    Subphase: Pause Roots JNIWeakHandles                    0.000 / 0.000         0.000 / 0.000         0.000 / 0.000         0.000 / 0.000       ms
[90.064s][info][gc,stats    ]    Subphase: Pause Roots JRFWeak                           0.000 / 0.000         0.000 / 0.000         0.000 / 0.000         0.000 / 0.000       ms
[90.064s][info][gc,stats    ]    Subphase: Pause Roots JVMTIExport                       0.001 / 0.001         0.001 / 0.001         0.001 / 0.001         0.001 / 0.001       ms
[90.064s][info][gc,stats    ]    Subphase: Pause Roots JVMTIWeakExport                   0.001 / 0.001         0.001 / 0.002         0.001 / 0.002         0.001 / 0.002       ms
[90.064s][info][gc,stats    ]    Subphase: Pause Roots Management                        0.001 / 0.001         0.001 / 0.009         0.001 / 0.009         0.001 / 0.009       ms
[90.064s][info][gc,stats    ]    Subphase: Pause Roots ObjectSynchronizer                0.000 / 0.001         0.000 / 0.001         0.000 / 0.001         0.000 / 0.001       ms
[90.064s][info][gc,stats    ]    Subphase: Pause Roots Setup                             0.216 / 0.369         0.187 / 0.453         0.187 / 0.453         0.187 / 0.453       ms
[90.064s][info][gc,stats    ]    Subphase: Pause Roots StringTable                       0.000 / 0.000         0.000 / 0.000         0.000 / 0.000         0.000 / 0.000       ms
[90.064s][info][gc,stats    ]    Subphase: Pause Roots SystemDictionary                  0.012 / 0.016         0.013 / 0.061         0.013 / 0.061         0.013 / 0.061       ms
[90.064s][info][gc,stats    ]    Subphase: Pause Roots Teardown                          0.001 / 0.003         0.001 / 0.012         0.001 / 0.012         0.001 / 0.012       ms
[90.064s][info][gc,stats    ]    Subphase: Pause Roots Threads                           0.418 / 0.649         0.308 / 3.486         0.308 / 3.486         0.308 / 3.486       ms
[90.064s][info][gc,stats    ]    Subphase: Pause Roots Universe                          0.002 / 0.003         0.006 / 0.439         0.006 / 0.439         0.006 / 0.439       ms
[90.064s][info][gc,stats    ]    Subphase: Pause Roots VMWeakHandles                     0.000 / 0.000         0.000 / 0.000         0.000 / 0.000         0.000 / 0.000       ms
[90.064s][info][gc,stats    ]    Subphase: Pause Weak Roots                              0.002 / 0.003         0.002 / 0.009         0.002 / 0.009         0.002 / 0.009       ms
[90.064s][info][gc,stats    ]    Subphase: Pause Weak Roots JFRWeak                      0.001 / 0.001         0.001 / 0.001         0.001 / 0.001         0.001 / 0.001       ms
[90.064s][info][gc,stats    ]    Subphase: Pause Weak Roots JNIWeakHandles               0.000 / 0.000         0.000 / 0.000         0.000 / 0.000         0.000 / 0.000       ms
[90.064s][info][gc,stats    ]    Subphase: Pause Weak Roots JVMTIWeakExport              0.001 / 0.001         0.001 / 0.008         0.001 / 0.008         0.001 / 0.008       ms
[90.064s][info][gc,stats    ]    Subphase: Pause Weak Roots Setup                        0.000 / 0.000         0.000 / 0.000         0.000 / 0.000         0.000 / 0.000       ms
[90.064s][info][gc,stats    ]    Subphase: Pause Weak Roots StringTable                  0.000 / 0.000         0.000 / 0.000         0.000 / 0.000         0.000 / 0.000       ms
[90.064s][info][gc,stats    ]    Subphase: Pause Weak Roots SymbolTable                  0.000 / 0.000         0.000 / 0.000         0.000 / 0.000         0.000 / 0.000       ms
[90.064s][info][gc,stats    ]    Subphase: Pause Weak Roots Teardown                     0.001 / 0.001         0.001 / 0.001         0.001 / 0.001         0.001 / 0.001       ms
[90.064s][info][gc,stats    ]    Subphase: Pause Weak Roots VMWeakHandles                0.000 / 0.000         0.000 / 0.000         0.000 / 0.000         0.000 / 0.000       ms
[90.064s][info][gc,stats    ]      System: Java Threads                                    115 / 117              71 / 117              71 / 117              71 / 117         threads
[90.064s][info][gc,stats    ] =========================================================================================================================================================
[90.064s][info][gc,start    ] GC(64) Garbage Collection (Allocation Rate)
[90.070s][info][gc,phases   ] GC(64) Pause Mark Start 3.489ms
[91.270s][info][gc,phases   ] GC(64) Concurrent Mark 1199.440ms
[91.273s][info][gc,phases   ] GC(64) Pause Mark End 0.386ms
[91.274s][info][gc,phases   ] GC(64) Concurrent Process Non-Strong References 1.585ms
[91.275s][info][gc,phases   ] GC(64) Concurrent Reset Relocation Set 0.682ms
[91.275s][info][gc,phases   ] GC(64) Concurrent Destroy Detached Pages 0.001ms
[91.277s][info][gc,phases   ] GC(64) Concurrent Select Relocation Set 2.024ms
[91.284s][info][gc,phases   ] GC(64) Concurrent Prepare Relocation Set 7.407ms
[91.290s][info][gc,phases   ] GC(64) Pause Relocate Start 3.041ms
[91.408s][info][gc,phases   ] GC(64) Concurrent Relocate 118.152ms
[91.408s][info][gc,load     ] GC(64) Load: 2.06/2.86/2.94
[91.408s][info][gc,mmu      ] GC(64) MMU: 2ms/0.0%, 5ms/0.0%, 10ms/0.0%, 20ms/47.4%, 50ms/78.9%, 100ms/89.5%
[91.408s][info][gc,marking  ] GC(64) Mark: 1 stripe(s), 2 proactive flush(es), 1 terminate flush(es), 0 completion(s), 0 continuation(s) 
[91.408s][info][gc,reloc    ] GC(64) Relocation: Successful, 43M relocated
[91.408s][info][gc,nmethod  ] GC(64) NMethods: 4291 registered, 5 unregistered
[91.408s][info][gc,metaspace] GC(64) Metaspace: 73M used, 77M capacity, 77M committed, 78M reserved
[91.408s][info][gc,ref      ] GC(64) Soft: 4917 encountered, 0 discovered, 0 enqueued
[91.408s][info][gc,ref      ] GC(64) Weak: 4862 encountered, 3835 discovered, 0 enqueued
[91.408s][info][gc,ref      ] GC(64) Final: 28 encountered, 0 discovered, 0 enqueued
[91.408s][info][gc,ref      ] GC(64) Phantom: 662 encountered, 658 discovered, 0 enqueued
[91.408s][info][gc,heap     ] GC(64)                Mark Start          Mark End        Relocate Start      Relocate End           High               Low         
[91.408s][info][gc,heap     ] GC(64)  Capacity:     1250M (100%)       1250M (100%)       1250M (100%)       1250M (100%)       1250M (100%)       1250M (100%)   
[91.408s][info][gc,heap     ] GC(64)   Reserve:       34M (3%)           34M (3%)           34M (3%)           34M (3%)           34M (3%)           34M (3%)     
[91.408s][info][gc,heap     ] GC(64)      Free:      640M (51%)         408M (33%)         414M (33%)         670M (54%)         670M (54%)         408M (33%)    
[91.408s][info][gc,heap     ] GC(64)      Used:      576M (46%)         808M (65%)         802M (64%)         546M (44%)         808M (65%)         546M (44%)    
[91.408s][info][gc,heap     ] GC(64)      Live:         -               273M (22%)         273M (22%)         273M (22%)            -                  -          
[91.408s][info][gc,heap     ] GC(64) Allocated:         -               232M (19%)         232M (19%)         248M (20%)            -                  -          
[91.408s][info][gc,heap     ] GC(64)   Garbage:         -               302M (24%)         296M (24%)          40M (3%)             -                  -          
[91.408s][info][gc,heap     ] GC(64) Reclaimed:         -                  -                 6M (0%)          262M (21%)            -                  -          
[91.408s][info][gc          ] GC(64) Garbage Collection (Allocation Rate) 576M(46%)->546M(44%)
[92.264s][info][gc,start    ] GC(65) Garbage Collection (Allocation Rate)
[92.271s][info][gc,phases   ] GC(65) Pause Mark Start 3.616ms
[93.146s][info][gc,phases   ] GC(65) Concurrent Mark 875.034ms
[93.149s][info][gc,phases   ] GC(65) Pause Mark End 0.524ms
[93.151s][info][gc,phases   ] GC(65) Concurrent Process Non-Strong References 1.674ms
[93.151s][info][gc,phases   ] GC(65) Concurrent Reset Relocation Set 0.485ms
[93.151s][info][gc,phases   ] GC(65) Concurrent Destroy Detached Pages 0.000ms
[93.153s][info][gc,phases   ] GC(65) Concurrent Select Relocation Set 1.647ms
[93.158s][info][gc,phases   ] GC(65) Concurrent Prepare Relocation Set 5.178ms
[93.164s][info][gc,phases   ] GC(65) Pause Relocate Start 3.075ms
[93.281s][info][gc,phases   ] GC(65) Concurrent Relocate 115.998ms
[93.281s][info][gc,load     ] GC(65) Load: 2.05/2.84/2.94
[93.281s][info][gc,mmu      ] GC(65) MMU: 2ms/0.0%, 5ms/0.0%, 10ms/0.0%, 20ms/47.4%, 50ms/78.9%, 100ms/89.5%
[93.281s][info][gc,marking  ] GC(65) Mark: 1 stripe(s), 2 proactive flush(es), 1 terminate flush(es), 0 completion(s), 0 continuation(s) 
[93.281s][info][gc,reloc    ] GC(65) Relocation: Successful, 40M relocated
[93.281s][info][gc,nmethod  ] GC(65) NMethods: 4320 registered, 5 unregistered
[93.281s][info][gc,metaspace] GC(65) Metaspace: 73M used, 77M capacity, 77M committed, 78M reserved
[93.281s][info][gc,ref      ] GC(65) Soft: 4917 encountered, 0 discovered, 0 enqueued
[93.281s][info][gc,ref      ] GC(65) Weak: 5071 encountered, 4022 discovered, 105 enqueued
[93.281s][info][gc,ref      ] GC(65) Final: 28 encountered, 0 discovered, 0 enqueued
[93.281s][info][gc,ref      ] GC(65) Phantom: 662 encountered, 658 discovered, 0 enqueued
[93.281s][info][gc,heap     ] GC(65)                Mark Start          Mark End        Relocate Start      Relocate End           High               Low         
[93.281s][info][gc,heap     ] GC(65)  Capacity:     1250M (100%)       1250M (100%)       1250M (100%)       1250M (100%)       1250M (100%)       1250M (100%)   
[93.281s][info][gc,heap     ] GC(65)   Reserve:       34M (3%)           34M (3%)           34M (3%)           34M (3%)           34M (3%)           34M (3%)     
[93.281s][info][gc,heap     ] GC(65)      Free:      516M (41%)         288M (23%)         610M (49%)         694M (56%)         694M (56%)         288M (23%)    
[93.282s][info][gc,heap     ] GC(65)      Used:      700M (56%)         928M (74%)         606M (48%)         522M (42%)         928M (74%)         522M (42%)    
[93.282s][info][gc,heap     ] GC(65)      Live:         -               234M (19%)         234M (19%)         234M (19%)            -                  -          
[93.282s][info][gc,heap     ] GC(65) Allocated:         -               228M (18%)         230M (18%)         274M (22%)            -                  -          
[93.282s][info][gc,heap     ] GC(65)   Garbage:         -               465M (37%)         141M (11%)          55M (4%)             -                  -          
[93.282s][info][gc,heap     ] GC(65) Reclaimed:         -                  -               324M (26%)         410M (33%)            -                  -          
[93.282s][info][gc          ] GC(65) Garbage Collection (Allocation Rate) 700M(56%)->522M(42%)
[93.365s][info][gc,start    ] GC(66) Garbage Collection (Allocation Rate)
[93.371s][info][gc,phases   ] GC(66) Pause Mark Start 3.447ms
[94.345s][info][gc,phases   ] GC(66) Concurrent Mark 973.979ms
[94.348s][info][gc,phases   ] GC(66) Pause Mark End 0.374ms
[94.349s][info][gc,phases   ] GC(66) Concurrent Process Non-Strong References 1.578ms
[94.350s][info][gc,phases   ] GC(66) Concurrent Reset Relocation Set 0.548ms
[94.350s][info][gc,phases   ] GC(66) Concurrent Destroy Detached Pages 0.001ms
[94.352s][info][gc,phases   ] GC(66) Concurrent Select Relocation Set 1.621ms
[94.361s][info][gc,phases   ] GC(66) Concurrent Prepare Relocation Set 9.015ms
[94.366s][info][gc,phases   ] GC(66) Pause Relocate Start 3.127ms
[94.570s][info][gc,phases   ] GC(66) Concurrent Relocate 201.989ms
[94.570s][info][gc,load     ] GC(66) Load: 2.05/2.84/2.94
[94.570s][info][gc,mmu      ] GC(66) MMU: 2ms/0.0%, 5ms/0.0%, 10ms/0.0%, 20ms/47.4%, 50ms/78.9%, 100ms/89.5%
[94.570s][info][gc,marking  ] GC(66) Mark: 1 stripe(s), 2 proactive flush(es), 1 terminate flush(es), 0 completion(s), 0 continuation(s) 
[94.570s][info][gc,reloc    ] GC(66) Relocation: Successful, 59M relocated
[94.570s][info][gc,nmethod  ] GC(66) NMethods: 4321 registered, 5 unregistered
[94.570s][info][gc,metaspace] GC(66) Metaspace: 73M used, 77M capacity, 77M committed, 78M reserved
[94.570s][info][gc,ref      ] GC(66) Soft: 4917 encountered, 0 discovered, 0 enqueued
[94.570s][info][gc,ref      ] GC(66) Weak: 4966 encountered, 3920 discovered, 0 enqueued
[94.570s][info][gc,ref      ] GC(66) Final: 28 encountered, 0 discovered, 0 enqueued
[94.570s][info][gc,ref      ] GC(66) Phantom: 662 encountered, 658 discovered, 0 enqueued
[94.570s][info][gc,heap     ] GC(66)                Mark Start          Mark End        Relocate Start      Relocate End           High               Low         
[94.570s][info][gc,heap     ] GC(66)  Capacity:     1250M (100%)       1250M (100%)       1250M (100%)       1250M (100%)       1250M (100%)       1250M (100%)   
[94.570s][info][gc,heap     ] GC(66)   Reserve:       34M (3%)           34M (3%)           34M (3%)           34M (3%)           34M (3%)           34M (3%)     
[94.570s][info][gc,heap     ] GC(66)      Free:      660M (53%)         462M (37%)         508M (41%)         686M (55%)         686M (55%)         462M (37%)    
[94.570s][info][gc,heap     ] GC(66)      Used:      556M (44%)         754M (60%)         708M (57%)         530M (42%)         754M (60%)         530M (42%)    
[94.570s][info][gc,heap     ] GC(66)      Live:         -               259M (21%)         259M (21%)         259M (21%)            -                  -          
[94.570s][info][gc,heap     ] GC(66) Allocated:         -               198M (16%)         200M (16%)         264M (21%)            -                  -          
[94.570s][info][gc,heap     ] GC(66)   Garbage:         -               296M (24%)         248M (20%)          64M (5%)             -                  -          
[94.570s][info][gc,heap     ] GC(66) Reclaimed:         -                  -                48M (4%)          232M (19%)            -                  -          
[94.570s][info][gc          ] GC(66) Garbage Collection (Allocation Rate) 556M(44%)->530M(42%)
[94.664s][info][gc,start    ] GC(67) Garbage Collection (Allocation Rate)
[94.670s][info][gc,phases   ] GC(67) Pause Mark Start 3.494ms
[95.928s][info][gc,phases   ] GC(67) Concurrent Mark 1257.547ms
[95.931s][info][gc,phases   ] GC(67) Pause Mark End 0.466ms
[95.933s][info][gc,phases   ] GC(67) Concurrent Process Non-Strong References 1.714ms
[95.934s][info][gc,phases   ] GC(67) Concurrent Reset Relocation Set 0.651ms
[95.934s][info][gc,phases   ] GC(67) Concurrent Destroy Detached Pages 0.001ms
[95.935s][info][gc,phases   ] GC(67) Concurrent Select Relocation Set 1.675ms
[95.943s][info][gc,phases   ] GC(67) Concurrent Prepare Relocation Set 7.384ms
[95.948s][info][gc,phases   ] GC(67) Pause Relocate Start 3.020ms
[96.071s][info][gc,phases   ] GC(67) Concurrent Relocate 122.669ms
[96.071s][info][gc,load     ] GC(67) Load: 2.05/2.84/2.94
[96.071s][info][gc,mmu      ] GC(67) MMU: 2ms/0.0%, 5ms/0.0%, 10ms/0.0%, 20ms/47.4%, 50ms/78.9%, 100ms/89.5%
[96.071s][info][gc,marking  ] GC(67) Mark: 1 stripe(s), 2 proactive flush(es), 1 terminate flush(es), 0 completion(s), 0 continuation(s) 
[96.071s][info][gc,reloc    ] GC(67) Relocation: Successful, 41M relocated
[96.071s][info][gc,nmethod  ] GC(67) NMethods: 4321 registered, 5 unregistered
[96.071s][info][gc,metaspace] GC(67) Metaspace: 73M used, 77M capacity, 77M committed, 78M reserved
[96.071s][info][gc,ref      ] GC(67) Soft: 4917 encountered, 0 discovered, 0 enqueued
[96.071s][info][gc,ref      ] GC(67) Weak: 4966 encountered, 3919 discovered, 0 enqueued
[96.071s][info][gc,ref      ] GC(67) Final: 28 encountered, 0 discovered, 0 enqueued
[96.071s][info][gc,ref      ] GC(67) Phantom: 662 encountered, 658 discovered, 0 enqueued
[96.071s][info][gc,heap     ] GC(67)                Mark Start          Mark End        Relocate Start      Relocate End           High               Low         
[96.071s][info][gc,heap     ] GC(67)  Capacity:     1250M (100%)       1250M (100%)       1250M (100%)       1250M (100%)       1250M (100%)       1250M (100%)   
[96.071s][info][gc,heap     ] GC(67)   Reserve:       34M (3%)           34M (3%)           34M (3%)           34M (3%)           34M (3%)           34M (3%)     
[96.071s][info][gc,heap     ] GC(67)      Free:      650M (52%)         444M (36%)         450M (36%)         694M (56%)         694M (56%)         444M (36%)    
[96.071s][info][gc,heap     ] GC(67)      Used:      566M (45%)         772M (62%)         766M (61%)         522M (42%)         772M (62%)         522M (42%)    
[96.071s][info][gc,heap     ] GC(67)      Live:         -               274M (22%)         274M (22%)         274M (22%)            -                  -          
[96.071s][info][gc,heap     ] GC(67) Allocated:         -               206M (16%)         206M (16%)         226M (18%)            -                  -          
[96.071s][info][gc,heap     ] GC(67)   Garbage:         -               291M (23%)         285M (23%)          41M (3%)             -                  -          
[96.071s][info][gc,heap     ] GC(67) Reclaimed:         -                  -                 6M (0%)          250M (20%)            -                  -          
[96.071s][info][gc          ] GC(67) Garbage Collection (Allocation Rate) 566M(45%)->522M(42%)
[96.764s][info][gc,start    ] GC(68) Garbage Collection (Allocation Rate)
[96.771s][info][gc,phases   ] GC(68) Pause Mark Start 3.448ms
[97.358s][info][gc,heap     ] Page Cache Flushed: 6M requested, 6M(430M->424M) flushed
[97.494s][info][gc,phases   ] GC(68) Concurrent Mark 723.238ms
[97.497s][info][gc,phases   ] GC(68) Pause Mark End 0.355ms
[97.499s][info][gc,phases   ] GC(68) Concurrent Process Non-Strong References 1.566ms
[97.500s][info][gc,phases   ] GC(68) Concurrent Reset Relocation Set 1.217ms
[97.500s][info][gc,phases   ] GC(68) Concurrent Destroy Detached Pages 0.007ms
[97.501s][info][gc,phases   ] GC(68) Concurrent Select Relocation Set 1.582ms
[97.502s][info][gc,phases   ] GC(68) Concurrent Prepare Relocation Set 0.243ms
[97.509s][info][gc,phases   ] GC(68) Pause Relocate Start 3.658ms
[97.526s][info][gc,phases   ] GC(68) Concurrent Relocate 17.417ms
[97.526s][info][gc,load     ] GC(68) Load: 2.13/2.85/2.94
[97.526s][info][gc,mmu      ] GC(68) MMU: 2ms/0.0%, 5ms/0.0%, 10ms/0.0%, 20ms/47.4%, 50ms/78.9%, 100ms/89.5%
[97.526s][info][gc,marking  ] GC(68) Mark: 1 stripe(s), 2 proactive flush(es), 1 terminate flush(es), 0 completion(s), 0 continuation(s) 
[97.526s][info][gc,reloc    ] GC(68) Relocation: Successful, 13M relocated
[97.526s][info][gc,nmethod  ] GC(68) NMethods: 4375 registered, 5 unregistered
[97.526s][info][gc,metaspace] GC(68) Metaspace: 73M used, 77M capacity, 77M committed, 78M reserved
[97.526s][info][gc,ref      ] GC(68) Soft: 4916 encountered, 0 discovered, 0 enqueued
[97.526s][info][gc,ref      ] GC(68) Weak: 5124 encountered, 4030 discovered, 4 enqueued
[97.526s][info][gc,ref      ] GC(68) Final: 28 encountered, 0 discovered, 0 enqueued
[97.526s][info][gc,ref      ] GC(68) Phantom: 663 encountered, 659 discovered, 0 enqueued
[97.526s][info][gc,heap     ] GC(68)                Mark Start          Mark End        Relocate Start      Relocate End           High               Low         
[97.526s][info][gc,heap     ] GC(68)  Capacity:     1250M (100%)       1250M (100%)       1250M (100%)       1250M (100%)       1250M (100%)       1250M (100%)   
[97.526s][info][gc,heap     ] GC(68)   Reserve:       34M (3%)           34M (3%)           34M (3%)           34M (3%)           34M (3%)           34M (3%)     
[97.526s][info][gc,heap     ] GC(68)      Free:      572M (46%)         396M (32%)         796M (64%)         814M (65%)         814M (65%)         396M (32%)    
[97.526s][info][gc,heap     ] GC(68)      Used:      644M (52%)         820M (66%)         420M (34%)         402M (32%)         820M (66%)         402M (32%)    
[97.526s][info][gc,heap     ] GC(68)      Live:         -               191M (15%)         191M (15%)         191M (15%)            -                  -          
[97.526s][info][gc,heap     ] GC(68) Allocated:         -               176M (14%)         176M (14%)         182M (15%)            -                  -          
[97.526s][info][gc,heap     ] GC(68)   Garbage:         -               452M (36%)          52M (4%)           32M (3%)             -                  -          
[97.526s][info][gc,heap     ] GC(68) Reclaimed:         -                  -               400M (32%)         420M (34%)            -                  -          
[97.526s][info][gc          ] GC(68) Garbage Collection (Allocation Rate) 644M(52%)->402M(32%)
[97.564s][info][gc,start    ] GC(69) Garbage Collection (Allocation Rate)
[97.570s][info][gc,phases   ] GC(69) Pause Mark Start 3.465ms
[98.632s][info][gc,phases   ] GC(69) Concurrent Mark 1061.958ms
[98.647s][info][gc,phases   ] GC(69) Pause Mark End 0.398ms
[98.653s][info][gc,phases   ] GC(69) Concurrent Process Non-Strong References 5.677ms
[98.653s][info][gc,phases   ] GC(69) Concurrent Reset Relocation Set 0.005ms
[98.653s][info][gc,phases   ] GC(69) Concurrent Destroy Detached Pages 0.001ms
[98.654s][info][gc,phases   ] GC(69) Concurrent Select Relocation Set 1.646ms
[98.656s][info][gc,phases   ] GC(69) Concurrent Prepare Relocation Set 1.485ms
[98.664s][info][gc,phases   ] GC(69) Pause Relocate Start 3.012ms
[98.761s][info][gc,phases   ] GC(69) Concurrent Relocate 97.096ms
[98.761s][info][gc,load     ] GC(69) Load: 2.13/2.85/2.94
[98.761s][info][gc,mmu      ] GC(69) MMU: 2ms/0.0%, 5ms/0.0%, 10ms/0.0%, 20ms/47.4%, 50ms/78.9%, 100ms/89.5%
[98.761s][info][gc,marking  ] GC(69) Mark: 1 stripe(s), 2 proactive flush(es), 1 terminate flush(es), 0 completion(s), 0 continuation(s) 
[98.761s][info][gc,reloc    ] GC(69) Relocation: Successful, 20M relocated
[98.761s][info][gc,nmethod  ] GC(69) NMethods: 4426 registered, 5 unregistered
[98.761s][info][gc,metaspace] GC(69) Metaspace: 73M used, 77M capacity, 77M committed, 78M reserved
[98.761s][info][gc,ref      ] GC(69) Soft: 4916 encountered, 0 discovered, 0 enqueued
[98.761s][info][gc,ref      ] GC(69) Weak: 5131 encountered, 4019 discovered, 2 enqueued
[98.761s][info][gc,ref      ] GC(69) Final: 28 encountered, 0 discovered, 0 enqueued
[98.761s][info][gc,ref      ] GC(69) Phantom: 663 encountered, 468 discovered, 0 enqueued
[98.761s][info][gc,heap     ] GC(69)                Mark Start          Mark End        Relocate Start      Relocate End           High               Low         
[98.761s][info][gc,heap     ] GC(69)  Capacity:     1250M (100%)       1250M (100%)       1250M (100%)       1250M (100%)       1250M (100%)       1250M (100%)   
[98.761s][info][gc,heap     ] GC(69)   Reserve:       34M (3%)           34M (3%)           34M (3%)           34M (3%)           34M (3%)           34M (3%)     
[98.761s][info][gc,heap     ] GC(69)      Free:      796M (64%)         592M (47%)         714M (57%)         752M (60%)         796M (64%)         590M (47%)    
[98.761s][info][gc,heap     ] GC(69)      Used:      420M (34%)         624M (50%)         502M (40%)         464M (37%)         626M (50%)         420M (34%)    
[98.761s][info][gc,heap     ] GC(69)      Live:         -               216M (17%)         216M (17%)         216M (17%)            -                  -          
[98.761s][info][gc,heap     ] GC(69) Allocated:         -               204M (16%)         206M (16%)         224M (18%)            -                  -          
[98.761s][info][gc,heap     ] GC(69)   Garbage:         -               203M (16%)          79M (6%)           33M (3%)             -                  -          
[98.761s][info][gc,heap     ] GC(69) Reclaimed:         -                  -               124M (10%)         170M (14%)            -                  -          
[98.761s][info][gc          ] GC(69) Garbage Collection (Allocation Rate) 420M(34%)->464M(37%)
[98.964s][info][gc,start    ] GC(70) Garbage Collection (Allocation Rate)
[98.970s][info][gc,phases   ] GC(70) Pause Mark Start 3.906ms
[99.072s][info][gc,heap     ] Page Cache Flushed: 6M requested, 10M(622M->612M) flushed
[99.245s][info][gc,heap     ] Page Cache Flushed: 10M requested, 18M(590M->572M) flushed
[99.549s][info][gc,heap     ] Page Cache Flushed: 6M requested, 6M(522M->516M) flushed
[99.690s][info][gc,heap     ] Page Cache Flushed: 6M requested, 6M(490M->484M) flushed
[99.714s][info][gc,phases   ] GC(70) Concurrent Mark 743.907ms
[99.717s][info][gc,phases   ] GC(70) Pause Mark End 0.371ms
[99.719s][info][gc,phases   ] GC(70) Concurrent Process Non-Strong References 1.573ms
[99.719s][info][gc,phases   ] GC(70) Concurrent Reset Relocation Set 0.010ms
[99.719s][info][gc,phases   ] GC(70) Concurrent Destroy Detached Pages 0.009ms
[99.720s][info][gc,phases   ] GC(70) Concurrent Select Relocation Set 1.711ms
[99.720s][info][gc,phases   ] GC(70) Concurrent Prepare Relocation Set 0.036ms
[99.724s][info][gc,phases   ] GC(70) Pause Relocate Start 2.853ms
[99.739s][info][gc,phases   ] GC(70) Concurrent Relocate 13.676ms
[99.739s][info][gc,load     ] GC(70) Load: 2.13/2.85/2.94
[99.739s][info][gc,mmu      ] GC(70) MMU: 2ms/0.0%, 5ms/0.0%, 10ms/0.0%, 20ms/47.4%, 50ms/78.9%, 100ms/89.5%
[99.739s][info][gc,marking  ] GC(70) Mark: 1 stripe(s), 2 proactive flush(es), 1 terminate flush(es), 0 completion(s), 0 continuation(s) 
[99.739s][info][gc,reloc    ] GC(70) Relocation: Successful, 11M relocated
[99.739s][info][gc,nmethod  ] GC(70) NMethods: 4502 registered, 5 unregistered
[99.739s][info][gc,metaspace] GC(70) Metaspace: 73M used, 77M capacity, 77M committed, 78M reserved
[99.739s][info][gc,ref      ] GC(70) Soft: 4918 encountered, 0 discovered, 0 enqueued
[99.739s][info][gc,ref      ] GC(70) Weak: 5142 encountered, 4189 discovered, 153 enqueued
[99.739s][info][gc,ref      ] GC(70) Final: 28 encountered, 0 discovered, 0 enqueued
[99.739s][info][gc,ref      ] GC(70) Phantom: 662 encountered, 658 discovered, 0 enqueued
[99.739s][info][gc,heap     ] GC(70)                Mark Start          Mark End        Relocate Start      Relocate End           High               Low         
[99.739s][info][gc,heap     ] GC(70)  Capacity:     1250M (100%)       1250M (100%)       1250M (100%)       1250M (100%)       1250M (100%)       1250M (100%)   
[99.739s][info][gc,heap     ] GC(70)   Reserve:       34M (3%)           34M (3%)           34M (3%)           34M (3%)           34M (3%)           34M (3%)     
[99.739s][info][gc,heap     ] GC(70)      Free:      668M (53%)         480M (38%)         778M (62%)         802M (64%)         802M (64%)         480M (38%)    
[99.739s][info][gc,heap     ] GC(70)      Used:      548M (44%)         736M (59%)         438M (35%)         414M (33%)         736M (59%)         414M (33%)    
[99.739s][info][gc,heap     ] GC(70)      Live:         -               191M (15%)         191M (15%)         191M (15%)            -                  -          
[99.739s][info][gc,heap     ] GC(70) Allocated:         -               188M (15%)         188M (15%)         192M (15%)            -                  -          
[99.739s][info][gc,heap     ] GC(70)   Garbage:         -               356M (29%)          58M (5%)           32M (3%)             -                  -          
[99.739s][info][gc,heap     ] GC(70) Reclaimed:         -                  -               298M (24%)         324M (26%)            -                  -          
[99.739s][info][gc          ] GC(70) Garbage Collection (Allocation Rate) 548M(44%)->414M(33%)
[99.764s][info][gc,start    ] GC(71) Garbage Collection (Allocation Rate)
[99.772s][info][gc,phases   ] GC(71) Pause Mark Start 3.420ms
[100.064s][info][gc,stats    ] === Garbage Collection Statistics =======================================================================================================================
[100.064s][info][gc,stats    ]                                                              Last 10s              Last 10m              Last 10h                Total
[100.064s][info][gc,stats    ]                                                              Avg / Max             Avg / Max             Avg / Max             Avg / Max
[100.064s][info][gc,stats    ]   Collector: Garbage Collection Cycle                   1101.220 / 1406.860    881.946 / 2248.951    881.946 / 2248.951    881.946 / 2248.951    ms
[100.064s][info][gc,stats    ]  Contention: Mark Segment Reset Contention                     0 / 0                 0 / 0                 0 / 0                 0 / 0           ops/s
[100.064s][info][gc,stats    ]  Contention: Mark SeqNum Reset Contention                      0 / 0                 0 / 0                 0 / 0                 0 / 0           ops/s
[100.064s][info][gc,stats    ]  Contention: Relocation Contention                             0 / 2                 0 / 3                 0 / 3                 0 / 3           ops/s
[100.064s][info][gc,stats    ]    Critical: Allocation Stall                              0.000 / 0.000        33.376 / 110.752      33.376 / 110.752      33.376 / 110.752     ms
[100.064s][info][gc,stats    ]    Critical: Allocation Stall                                  0 / 0                 0 / 4                 0 / 4                 0 / 4           ops/s
[100.064s][info][gc,stats    ]    Critical: GC Locker Stall                               0.000 / 0.000         0.019 / 0.029         0.019 / 0.029         0.019 / 0.029       ms
[100.064s][info][gc,stats    ]    Critical: GC Locker Stall                                   0 / 0                 0 / 1                 0 / 1                 0 / 1           ops/s
[100.064s][info][gc,stats    ]      Memory: Allocation Rate                                 199 / 308             246 / 1448            246 / 1448            246 / 1448        MB/s
[100.064s][info][gc,stats    ]      Memory: Heap Used After Mark                            777 / 928             730 / 1216            730 / 1216            730 / 1216        MB
[100.064s][info][gc,stats    ]      Memory: Heap Used After Relocation                      485 / 546             411 / 920             411 / 920             411 / 920         MB
[100.064s][info][gc,stats    ]      Memory: Heap Used Before Mark                           553 / 700             562 / 1098            562 / 1098            562 / 1098        MB
[100.064s][info][gc,stats    ]      Memory: Heap Used Before Relocation                     606 / 802             536 / 962             536 / 962             536 / 962         MB
[100.064s][info][gc,stats    ]      Memory: Out Of Memory                                     0 / 0                 0 / 0                 0 / 0                 0 / 0           ops/s
[100.064s][info][gc,stats    ]      Memory: Page Cache Flush                                  4 / 40                8 / 126               8 / 126               8 / 126         MB/s
[100.064s][info][gc,stats    ]      Memory: Page Cache Hit L1                                87 / 127             111 / 724             111 / 724             111 / 724         ops/s
[100.064s][info][gc,stats    ]      Memory: Page Cache Hit L2                                 0 / 0                 0 / 0                 0 / 0                 0 / 0           ops/s
[100.064s][info][gc,stats    ]      Memory: Page Cache Miss                                   0 / 4                 6 / 177               6 / 177               6 / 177         ops/s
[100.064s][info][gc,stats    ]      Memory: Undo Object Allocation Failed                     0 / 0                 0 / 0                 0 / 0                 0 / 0           ops/s
[100.064s][info][gc,stats    ]      Memory: Undo Object Allocation Succeeded                  0 / 2                 0 / 3                 0 / 3                 0 / 3           ops/s
[100.064s][info][gc,stats    ]      Memory: Undo Page Allocation                              0 / 0                 0 / 3                 0 / 3                 0 / 3           ops/s
[100.064s][info][gc,stats    ]       Phase: Concurrent Destroy Detached Pages             0.003 / 0.009         0.002 / 0.026         0.002 / 0.026         0.002 / 0.026       ms
[100.064s][info][gc,stats    ]       Phase: Concurrent Mark                             976.443 / 1257.547    758.325 / 2238.259    758.325 / 2238.259    758.325 / 2238.259    ms
[100.064s][info][gc,stats    ]       Phase: Concurrent Mark Continue                      0.000 / 0.000         0.000 / 0.000         0.000 / 0.000         0.000 / 0.000       ms
[100.064s][info][gc,stats    ]       Phase: Concurrent Prepare Relocation Set             4.393 / 9.015         4.695 / 63.895        4.695 / 63.895        4.695 / 63.895      ms
[100.064s][info][gc,stats    ]       Phase: Concurrent Process Non-Strong References      2.195 / 5.677         2.140 / 19.811        2.140 / 19.811        2.140 / 19.811      ms
[100.064s][info][gc,stats    ]       Phase: Concurrent Relocate                          98.142 / 201.989     100.358 / 456.100     100.358 / 456.100     100.358 / 456.100     ms
[100.064s][info][gc,stats    ]       Phase: Concurrent Reset Relocation Set               0.514 / 1.217         0.295 / 1.461         0.295 / 1.461         0.295 / 1.461       ms
[100.064s][info][gc,stats    ]       Phase: Concurrent Select Relocation Set              1.701 / 2.024         1.918 / 11.362        1.918 / 11.362        1.918 / 11.362      ms
[100.064s][info][gc,stats    ]       Phase: Pause Mark End                                0.411 / 0.524         0.337 / 3.516         0.337 / 3.516         0.337 / 3.516       ms
[100.064s][info][gc,stats    ]       Phase: Pause Mark Start                              3.536 / 3.906         2.895 / 10.529        2.895 / 10.529        2.895 / 10.529      ms
[100.064s][info][gc,stats    ]       Phase: Pause Relocate Start                          3.112 / 3.658         2.510 / 3.658         2.510 / 3.658         2.510 / 3.658       ms
[100.064s][info][gc,stats    ]    Subphase: Concurrent Mark                             973.429 / 1256.577    757.285 / 2238.228    757.285 / 2238.228    757.285 / 2238.228    ms
[100.064s][info][gc,stats    ]    Subphase: Concurrent Mark Idle                          0.000 / 0.000         0.000 / 0.000         0.000 / 0.000         0.000 / 0.000       ms
[100.064s][info][gc,stats    ]    Subphase: Concurrent Mark Try Flush                     1.566 / 4.847         1.629 / 11.936        1.629 / 11.936        1.629 / 11.936      ms
[100.064s][info][gc,stats    ]    Subphase: Concurrent Mark Try Terminate                 0.847 / 4.849         0.614 / 4.849         0.614 / 4.849         0.614 / 4.849       ms
[100.064s][info][gc,stats    ]    Subphase: Concurrent References Enqueue                 0.002 / 0.004         0.002 / 0.005         0.002 / 0.005         0.002 / 0.005       ms
[100.064s][info][gc,stats    ]    Subphase: Concurrent References Process                 1.379 / 4.869         1.007 / 7.089         1.007 / 7.089         1.007 / 7.089       ms
[100.064s][info][gc,stats    ]    Subphase: Concurrent Weak Roots                         0.804 / 0.860         1.030 / 16.498        1.030 / 16.498        1.030 / 16.498      ms
[100.064s][info][gc,stats    ]    Subphase: Concurrent Weak Roots JNIWeakHandles          0.000 / 0.000         0.000 / 0.001         0.000 / 0.001         0.000 / 0.001       ms
[100.064s][info][gc,stats    ]    Subphase: Concurrent Weak Roots StringTable             0.598 / 0.659         0.831 / 16.282        0.831 / 16.282        0.831 / 16.282      ms
[100.064s][info][gc,stats    ]    Subphase: Concurrent Weak Roots VMWeakHandles           0.205 / 0.221         0.198 / 0.299         0.198 / 0.299         0.198 / 0.299       ms
[100.064s][info][gc,stats    ]    Subphase: Pause Mark Try Complete                       0.000 / 0.000         0.000 / 0.000         0.000 / 0.000         0.000 / 0.000       ms
[100.064s][info][gc,stats    ]    Subphase: Pause Remap TLABS                             0.002 / 0.006         0.002 / 0.022         0.002 / 0.022         0.002 / 0.022       ms
[100.064s][info][gc,stats    ]    Subphase: Pause Retire TLABS                            0.024 / 0.030         0.016 / 0.042         0.016 / 0.042         0.016 / 0.042       ms
[100.064s][info][gc,stats    ]    Subphase: Pause Roots                                   2.140 / 3.518         1.687 / 10.156        1.687 / 10.156        1.687 / 10.156      ms
[100.064s][info][gc,stats    ]    Subphase: Pause Roots ClassLoaderDataGraph              0.721 / 0.831         0.683 / 1.764         0.683 / 1.764         0.683 / 1.764       ms
[100.064s][info][gc,stats    ]    Subphase: Pause Roots CodeCache                         1.759 / 1.919         1.335 / 8.809         1.335 / 8.809         1.335 / 8.809       ms
[100.064s][info][gc,stats    ]    Subphase: Pause Roots JNIHandles                        0.001 / 0.008         0.001 / 0.008         0.001 / 0.008         0.001 / 0.008       ms
[100.064s][info][gc,stats    ]    Subphase: Pause Roots JNIWeakHandles                    0.000 / 0.000         0.000 / 0.000         0.000 / 0.000         0.000 / 0.000       ms
[100.064s][info][gc,stats    ]    Subphase: Pause Roots JRFWeak                           0.000 / 0.000         0.000 / 0.000         0.000 / 0.000         0.000 / 0.000       ms
[100.064s][info][gc,stats    ]    Subphase: Pause Roots JVMTIExport                       0.001 / 0.001         0.001 / 0.001         0.001 / 0.001         0.001 / 0.001       ms
[100.064s][info][gc,stats    ]    Subphase: Pause Roots JVMTIWeakExport                   0.001 / 0.001         0.001 / 0.002         0.001 / 0.002         0.001 / 0.002       ms
[100.064s][info][gc,stats    ]    Subphase: Pause Roots Management                        0.001 / 0.002         0.001 / 0.009         0.001 / 0.009         0.001 / 0.009       ms
[100.064s][info][gc,stats    ]    Subphase: Pause Roots ObjectSynchronizer                0.000 / 0.000         0.000 / 0.001         0.000 / 0.001         0.000 / 0.001       ms
[100.064s][info][gc,stats    ]    Subphase: Pause Roots Setup                             0.219 / 0.353         0.190 / 0.453         0.190 / 0.453         0.190 / 0.453       ms
[100.064s][info][gc,stats    ]    Subphase: Pause Roots StringTable                       0.000 / 0.000         0.000 / 0.000         0.000 / 0.000         0.000 / 0.000       ms
[100.065s][info][gc,stats    ]    Subphase: Pause Roots SystemDictionary                  0.012 / 0.013         0.013 / 0.061         0.013 / 0.061         0.013 / 0.061       ms
[100.065s][info][gc,stats    ]    Subphase: Pause Roots Teardown                          0.002 / 0.009         0.001 / 0.012         0.001 / 0.012         0.001 / 0.012       ms
[100.065s][info][gc,stats    ]    Subphase: Pause Roots Threads                           0.434 / 0.860         0.321 / 3.486         0.321 / 3.486         0.321 / 3.486       ms
[100.065s][info][gc,stats    ]    Subphase: Pause Roots Universe                          0.002 / 0.003         0.005 / 0.439         0.005 / 0.439         0.005 / 0.439       ms
[100.065s][info][gc,stats    ]    Subphase: Pause Roots VMWeakHandles                     0.000 / 0.000         0.000 / 0.000         0.000 / 0.000         0.000 / 0.000       ms
[100.065s][info][gc,stats    ]    Subphase: Pause Weak Roots                              0.002 / 0.002         0.002 / 0.009         0.002 / 0.009         0.002 / 0.009       ms
[100.065s][info][gc,stats    ]    Subphase: Pause Weak Roots JFRWeak                      0.001 / 0.001         0.001 / 0.001         0.001 / 0.001         0.001 / 0.001       ms
[100.065s][info][gc,stats    ]    Subphase: Pause Weak Roots JNIWeakHandles               0.000 / 0.000         0.000 / 0.000         0.000 / 0.000         0.000 / 0.000       ms
[100.065s][info][gc,stats    ]    Subphase: Pause Weak Roots JVMTIWeakExport              0.001 / 0.001         0.001 / 0.008         0.001 / 0.008         0.001 / 0.008       ms
[100.065s][info][gc,stats    ]    Subphase: Pause Weak Roots Setup                        0.000 / 0.000         0.000 / 0.000         0.000 / 0.000         0.000 / 0.000       ms
[100.065s][info][gc,stats    ]    Subphase: Pause Weak Roots StringTable                  0.000 / 0.000         0.000 / 0.000         0.000 / 0.000         0.000 / 0.000       ms
[100.065s][info][gc,stats    ]    Subphase: Pause Weak Roots SymbolTable                  0.000 / 0.000         0.000 / 0.000         0.000 / 0.000         0.000 / 0.000       ms
[100.065s][info][gc,stats    ]    Subphase: Pause Weak Roots Teardown                     0.001 / 0.001         0.001 / 0.001         0.001 / 0.001         0.001 / 0.001       ms
[100.065s][info][gc,stats    ]    Subphase: Pause Weak Roots VMWeakHandles                0.000 / 0.000         0.000 / 0.000         0.000 / 0.000         0.000 / 0.000       ms
[100.065s][info][gc,stats    ]      System: Java Threads                                    117 / 121              75 / 121              75 / 121              75 / 121         threads
[100.065s][info][gc,stats    ] =========================================================================================================================================================
[100.762s][info][gc,phases   ] GC(71) Concurrent Mark 990.044ms
[100.767s][info][gc,phases   ] GC(71) Pause Mark End 0.364ms
[100.773s][info][gc,phases   ] GC(71) Concurrent Process Non-Strong References 5.755ms
[100.775s][info][gc,phases   ] GC(71) Concurrent Reset Relocation Set 0.006ms
[100.775s][info][gc,phases   ] GC(71) Concurrent Destroy Detached Pages 0.001ms
[100.777s][info][gc,phases   ] GC(71) Concurrent Select Relocation Set 2.015ms
[100.778s][info][gc,phases   ] GC(71) Concurrent Prepare Relocation Set 0.286ms
[100.783s][info][gc,phases   ] GC(71) Pause Relocate Start 3.162ms
[100.842s][info][gc,phases   ] GC(71) Concurrent Relocate 56.713ms
[100.842s][info][gc,load     ] GC(71) Load: 2.13/2.85/2.94
[100.842s][info][gc,mmu      ] GC(71) MMU: 2ms/0.0%, 5ms/0.0%, 10ms/0.0%, 20ms/47.4%, 50ms/78.9%, 100ms/89.5%
[100.842s][info][gc,marking  ] GC(71) Mark: 1 stripe(s), 2 proactive flush(es), 1 terminate flush(es), 0 completion(s), 0 continuation(s) 
[100.842s][info][gc,reloc    ] GC(71) Relocation: Successful, 17M relocated
[100.842s][info][gc,nmethod  ] GC(71) NMethods: 4518 registered, 5 unregistered
[100.842s][info][gc,metaspace] GC(71) Metaspace: 73M used, 77M capacity, 77M committed, 78M reserved
[100.842s][info][gc,ref      ] GC(71) Soft: 4920 encountered, 0 discovered, 0 enqueued
[100.842s][info][gc,ref      ] GC(71) Weak: 5095 encountered, 4103 discovered, 215 enqueued
[100.842s][info][gc,ref      ] GC(71) Final: 28 encountered, 0 discovered, 0 enqueued
[100.842s][info][gc,ref      ] GC(71) Phantom: 663 encountered, 468 discovered, 0 enqueued
[100.842s][info][gc,heap     ] GC(71)                Mark Start          Mark End        Relocate Start      Relocate End           High               Low         
[100.842s][info][gc,heap     ] GC(71)  Capacity:     1250M (100%)       1250M (100%)       1250M (100%)       1250M (100%)       1250M (100%)       1250M (100%)   
[100.842s][info][gc,heap     ] GC(71)   Reserve:       34M (3%)           34M (3%)           34M (3%)           34M (3%)           34M (3%)           34M (3%)     
[100.842s][info][gc,heap     ] GC(71)      Free:      798M (64%)         676M (54%)         814M (65%)         846M (68%)         848M (68%)         674M (54%)    
[100.842s][info][gc,heap     ] GC(71)      Used:      418M (33%)         540M (43%)         402M (32%)         370M (30%)         542M (43%)         368M (29%)    
[100.842s][info][gc,heap     ] GC(71)      Live:         -               203M (16%)         203M (16%)         203M (16%)            -                  -          
[100.842s][info][gc,heap     ] GC(71) Allocated:         -               122M (10%)         124M (10%)         138M (11%)            -                  -          
[100.842s][info][gc,heap     ] GC(71)   Garbage:         -               214M (17%)          74M (6%)           42M (3%)             -                  -          
[100.842s][info][gc,heap     ] GC(71) Reclaimed:         -                  -               140M (11%)         172M (14%)            -                  -          
[100.842s][info][gc          ] GC(71) Garbage Collection (Allocation Rate) 418M(33%)->370M(30%)
[101.264s][info][gc,start    ] GC(72) Garbage Collection (Allocation Rate)
[101.268s][info][gc,phases   ] GC(72) Pause Mark Start 3.570ms
[102.067s][info][gc,phases   ] GC(72) Concurrent Mark 798.765ms
[102.070s][info][gc,phases   ] GC(72) Pause Mark End 0.386ms
[102.072s][info][gc,phases   ] GC(72) Concurrent Process Non-Strong References 1.588ms
[102.072s][info][gc,phases   ] GC(72) Concurrent Reset Relocation Set 0.009ms
[102.072s][info][gc,phases   ] GC(72) Concurrent Destroy Detached Pages 0.001ms
[102.073s][info][gc,phases   ] GC(72) Concurrent Select Relocation Set 1.538ms
[102.075s][info][gc,phases   ] GC(72) Concurrent Prepare Relocation Set 1.005ms
[102.078s][info][gc,phases   ] GC(72) Pause Relocate Start 2.962ms
[102.149s][info][gc,phases   ] GC(72) Concurrent Relocate 71.438ms
[102.149s][info][gc,load     ] GC(72) Load: 2.12/2.83/2.93
[102.149s][info][gc,mmu      ] GC(72) MMU: 2ms/0.0%, 5ms/0.0%, 10ms/0.0%, 20ms/47.4%, 50ms/78.9%, 100ms/89.5%
[102.149s][info][gc,marking  ] GC(72) Mark: 1 stripe(s), 2 proactive flush(es), 1 terminate flush(es), 0 completion(s), 0 continuation(s) 
[102.149s][info][gc,reloc    ] GC(72) Relocation: Successful, 21M relocated
[102.149s][info][gc,nmethod  ] GC(72) NMethods: 4537 registered, 5 unregistered
[102.149s][info][gc,metaspace] GC(72) Metaspace: 73M used, 77M capacity, 77M committed, 78M reserved
[102.149s][info][gc,ref      ] GC(72) Soft: 4922 encountered, 0 discovered, 0 enqueued
[102.149s][info][gc,ref      ] GC(72) Weak: 4851 encountered, 3849 discovered, 8 enqueued
[102.149s][info][gc,ref      ] GC(72) Final: 28 encountered, 0 discovered, 0 enqueued
[102.149s][info][gc,ref      ] GC(72) Phantom: 665 encountered, 470 discovered, 0 enqueued
[102.149s][info][gc,heap     ] GC(72)                Mark Start          Mark End        Relocate Start      Relocate End           High               Low         
[102.149s][info][gc,heap     ] GC(72)  Capacity:     1250M (100%)       1250M (100%)       1250M (100%)       1250M (100%)       1250M (100%)       1250M (100%)   
[102.149s][info][gc,heap     ] GC(72)   Reserve:       34M (3%)           34M (3%)           34M (3%)           34M (3%)           34M (3%)           34M (3%)     
[102.149s][info][gc,heap     ] GC(72)      Free:      700M (56%)         526M (42%)         724M (58%)         786M (63%)         786M (63%)         526M (42%)    
[102.149s][info][gc,heap     ] GC(72)      Used:      516M (41%)         690M (55%)         492M (39%)         430M (34%)         690M (55%)         430M (34%)    
[102.149s][info][gc,heap     ] GC(72)      Live:         -               211M (17%)         211M (17%)         211M (17%)            -                  -          
[102.149s][info][gc,heap     ] GC(72) Allocated:         -               174M (14%)         174M (14%)         196M (16%)            -                  -          
[102.149s][info][gc,heap     ] GC(72)   Garbage:         -               304M (24%)         106M (9%)           32M (3%)             -                  -          
[102.149s][info][gc,heap     ] GC(72) Reclaimed:         -                  -               198M (16%)         272M (22%)            -                  -          
[102.149s][info][gc          ] GC(72) Garbage Collection (Allocation Rate) 516M(41%)->430M(34%)
[102.464s][info][gc,start    ] GC(73) Garbage Collection (Allocation Rate)
[102.470s][info][gc,phases   ] GC(73) Pause Mark Start 3.541ms
[103.110s][info][gc,phases   ] GC(73) Concurrent Mark 639.574ms
[103.113s][info][gc,phases   ] GC(73) Pause Mark End 0.392ms
[103.114s][info][gc,phases   ] GC(73) Concurrent Process Non-Strong References 1.602ms
[103.115s][info][gc,phases   ] GC(73) Concurrent Reset Relocation Set 0.015ms
[103.115s][info][gc,phases   ] GC(73) Concurrent Destroy Detached Pages 0.000ms
[103.117s][info][gc,phases   ] GC(73) Concurrent Select Relocation Set 2.794ms
[103.118s][info][gc,phases   ] GC(73) Concurrent Prepare Relocation Set 0.415ms
[103.124s][info][gc,phases   ] GC(73) Pause Relocate Start 3.052ms
[103.182s][info][gc,phases   ] GC(73) Concurrent Relocate 58.046ms
[103.182s][info][gc,load     ] GC(73) Load: 2.12/2.83/2.93
[103.182s][info][gc,mmu      ] GC(73) MMU: 2ms/0.0%, 5ms/0.0%, 10ms/0.0%, 20ms/47.4%, 50ms/78.9%, 100ms/89.5%
[103.182s][info][gc,marking  ] GC(73) Mark: 1 stripe(s), 2 proactive flush(es), 1 terminate flush(es), 1 completion(s), 0 continuation(s) 
[103.182s][info][gc,reloc    ] GC(73) Relocation: Successful, 17M relocated
[103.182s][info][gc,nmethod  ] GC(73) NMethods: 4556 registered, 5 unregistered
[103.182s][info][gc,metaspace] GC(73) Metaspace: 73M used, 77M capacity, 77M committed, 78M reserved
[103.182s][info][gc,ref      ] GC(73) Soft: 4921 encountered, 0 discovered, 0 enqueued
[103.182s][info][gc,ref      ] GC(73) Weak: 5097 encountered, 4038 discovered, 151 enqueued
[103.182s][info][gc,ref      ] GC(73) Final: 28 encountered, 0 discovered, 0 enqueued
[103.182s][info][gc,ref      ] GC(73) Phantom: 663 encountered, 659 discovered, 0 enqueued
[103.182s][info][gc,heap     ] GC(73)                Mark Start          Mark End        Relocate Start      Relocate End           High               Low         
[103.182s][info][gc,heap     ] GC(73)  Capacity:     1250M (100%)       1250M (100%)       1250M (100%)       1250M (100%)       1250M (100%)       1250M (100%)   
[103.182s][info][gc,heap     ] GC(73)   Reserve:       34M (3%)           34M (3%)           34M (3%)           34M (3%)           34M (3%)           34M (3%)     
[103.182s][info][gc,heap     ] GC(73)      Free:      632M (51%)         440M (35%)         692M (55%)         822M (66%)         822M (66%)         440M (35%)    
[103.182s][info][gc,heap     ] GC(73)      Used:      584M (47%)         776M (62%)         524M (42%)         394M (32%)         776M (62%)         394M (32%)    
[103.182s][info][gc,heap     ] GC(73)      Live:         -               197M (16%)         197M (16%)         197M (16%)            -                  -          
[103.182s][info][gc,heap     ] GC(73) Allocated:         -               192M (15%)         192M (15%)         204M (16%)            -                  -          
[103.182s][info][gc,heap     ] GC(73)   Garbage:         -               386M (31%)         134M (11%)           4M (0%)             -                  -          
[103.182s][info][gc,heap     ] GC(73) Reclaimed:         -                  -               252M (20%)         382M (31%)            -                  -          
[103.182s][info][gc          ] GC(73) Garbage Collection (Allocation Rate) 584M(47%)->394M(32%)
[103.264s][info][gc,start    ] GC(74) Garbage Collection (Allocation Rate)
[103.270s][info][gc,phases   ] GC(74) Pause Mark Start 3.640ms
[104.087s][info][gc,heap     ] Page Cache Flushed: 6M requested, 10M(518M->508M) flushed
[104.089s][info][gc,heap     ] Page Cache Flushed: 4M requested, 10M(508M->498M) flushed
[104.114s][info][gc,phases   ] GC(74) Concurrent Mark 843.839ms
[104.117s][info][gc,phases   ] GC(74) Pause Mark End 0.432ms
[104.119s][info][gc,phases   ] GC(74) Concurrent Process Non-Strong References 1.576ms
[104.119s][info][gc,phases   ] GC(74) Concurrent Reset Relocation Set 0.012ms
[104.119s][info][gc,phases   ] GC(74) Concurrent Destroy Detached Pages 0.004ms
[104.121s][info][gc,phases   ] GC(74) Concurrent Select Relocation Set 1.560ms
[104.128s][info][gc,phases   ] GC(74) Concurrent Prepare Relocation Set 6.892ms
[104.133s][info][gc,phases   ] GC(74) Pause Relocate Start 2.934ms
[104.279s][info][gc,phases   ] GC(74) Concurrent Relocate 140.134ms
[104.279s][info][gc,load     ] GC(74) Load: 2.12/2.83/2.93
[104.279s][info][gc,mmu      ] GC(74) MMU: 2ms/0.0%, 5ms/0.0%, 10ms/0.0%, 20ms/47.4%, 50ms/78.9%, 100ms/89.5%
[104.279s][info][gc,marking  ] GC(74) Mark: 1 stripe(s), 2 proactive flush(es), 1 terminate flush(es), 0 completion(s), 0 continuation(s) 
[104.279s][info][gc,reloc    ] GC(74) Relocation: Successful, 26M relocated
[104.279s][info][gc,nmethod  ] GC(74) NMethods: 4593 registered, 5 unregistered
[104.279s][info][gc,metaspace] GC(74) Metaspace: 73M used, 77M capacity, 77M committed, 78M reserved
[104.279s][info][gc,ref      ] GC(74) Soft: 4921 encountered, 0 discovered, 0 enqueued
[104.279s][info][gc,ref      ] GC(74) Weak: 4949 encountered, 3904 discovered, 1 enqueued
[104.279s][info][gc,ref      ] GC(74) Final: 28 encountered, 0 discovered, 0 enqueued
[104.279s][info][gc,ref      ] GC(74) Phantom: 662 encountered, 658 discovered, 0 enqueued
[104.279s][info][gc,heap     ] GC(74)                Mark Start          Mark End        Relocate Start      Relocate End           High               Low         
[104.279s][info][gc,heap     ] GC(74)  Capacity:     1250M (100%)       1250M (100%)       1250M (100%)       1250M (100%)       1250M (100%)       1250M (100%)   
[104.279s][info][gc,heap     ] GC(74)   Reserve:       34M (3%)           34M (3%)           34M (3%)           34M (3%)           34M (3%)           34M (3%)     
[104.279s][info][gc,heap     ] GC(74)      Free:      810M (65%)         484M (39%)         490M (39%)         562M (45%)         810M (65%)         484M (39%)    
[104.279s][info][gc,heap     ] GC(74)      Used:      406M (32%)         732M (59%)         726M (58%)         654M (52%)         732M (59%)         406M (32%)    
[104.279s][info][gc,heap     ] GC(74)      Live:         -               208M (17%)         208M (17%)         208M (17%)            -                  -          
[104.279s][info][gc,heap     ] GC(74) Allocated:         -               326M (26%)         334M (27%)         428M (34%)            -                  -          
[104.279s][info][gc,heap     ] GC(74)   Garbage:         -               197M (16%)         183M (15%)          31M (3%)             -                  -          
[104.279s][info][gc,heap     ] GC(74) Reclaimed:         -                  -                14M (1%)          166M (13%)            -                  -          
[104.279s][info][gc          ] GC(74) Garbage Collection (Allocation Rate) 406M(32%)->654M(52%)
[104.365s][info][gc,start    ] GC(75) Garbage Collection (Allocation Rate)
[104.371s][info][gc,phases   ] GC(75) Pause Mark Start 3.648ms
[104.406s][info][gc,heap     ] Page Cache Flushed: 26M requested, 26M(472M->446M) flushed
[105.095s][info][gc,heap     ] Page Cache Flushed: 6M requested, 6M(418M->412M) flushed
[105.263s][info][gc,heap     ] Page Cache Flushed: 6M requested, 6M(402M->396M) flushed
[105.309s][info][gc,phases   ] GC(75) Concurrent Mark 937.510ms
[105.312s][info][gc,phases   ] GC(75) Pause Mark End 0.397ms
[105.313s][info][gc,phases   ] GC(75) Concurrent Process Non-Strong References 1.575ms
[105.313s][info][gc,phases   ] GC(75) Concurrent Reset Relocation Set 0.026ms
[105.313s][info][gc,phases   ] GC(75) Concurrent Destroy Detached Pages 0.017ms
[105.315s][info][gc,phases   ] GC(75) Concurrent Select Relocation Set 1.559ms
[105.326s][info][gc,phases   ] GC(75) Concurrent Prepare Relocation Set 10.762ms
[105.332s][info][gc,phases   ] GC(75) Pause Relocate Start 3.512ms
[105.626s][info][gc,phases   ] GC(75) Concurrent Relocate 291.422ms
[105.627s][info][gc,load     ] GC(75) Load: 2.12/2.83/2.93
[105.627s][info][gc,mmu      ] GC(75) MMU: 2ms/0.0%, 5ms/0.0%, 10ms/0.0%, 20ms/47.4%, 50ms/78.9%, 100ms/89.5%
[105.627s][info][gc,marking  ] GC(75) Mark: 1 stripe(s), 2 proactive flush(es), 1 terminate flush(es), 0 completion(s), 0 continuation(s) 
[105.627s][info][gc,reloc    ] GC(75) Relocation: Successful, 52M relocated
[105.627s][info][gc,nmethod  ] GC(75) NMethods: 4597 registered, 5 unregistered
[105.627s][info][gc,metaspace] GC(75) Metaspace: 73M used, 77M capacity, 77M committed, 78M reserved
[105.627s][info][gc,ref      ] GC(75) Soft: 4921 encountered, 0 discovered, 0 enqueued
[105.627s][info][gc,ref      ] GC(75) Weak: 4956 encountered, 3918 discovered, 7 enqueued
[105.627s][info][gc,ref      ] GC(75) Final: 28 encountered, 0 discovered, 0 enqueued
[105.627s][info][gc,ref      ] GC(75) Phantom: 662 encountered, 658 discovered, 0 enqueued
[105.627s][info][gc,heap     ] GC(75)                Mark Start          Mark End        Relocate Start      Relocate End           High               Low         
[105.627s][info][gc,heap     ] GC(75)  Capacity:     1250M (100%)       1250M (100%)       1250M (100%)       1250M (100%)       1250M (100%)       1250M (100%)   
[105.627s][info][gc,heap     ] GC(75)   Reserve:       34M (3%)           34M (3%)           34M (3%)           34M (3%)           34M (3%)           34M (3%)     
[105.627s][info][gc,heap     ] GC(75)      Free:      478M (38%)         392M (31%)         512M (41%)         842M (67%)         842M (67%)         392M (31%)    
[105.627s][info][gc,heap     ] GC(75)      Used:      738M (59%)         824M (66%)         704M (56%)         374M (30%)         824M (66%)         374M (30%)    
[105.627s][info][gc,heap     ] GC(75)      Live:         -               238M (19%)         238M (19%)         238M (19%)            -                  -          
[105.627s][info][gc,heap     ] GC(75) Allocated:         -                86M (7%)           86M (7%)          176M (14%)            -                  -          
[105.627s][info][gc,heap     ] GC(75)   Garbage:         -               499M (40%)         379M (30%)          39M (3%)             -                  -          
[105.627s][info][gc,heap     ] GC(75) Reclaimed:         -                  -               120M (10%)         460M (37%)            -                  -          
[105.627s][info][gc          ] GC(75) Garbage Collection (Allocation Rate) 738M(59%)->374M(30%)
[105.664s][info][gc,start    ] GC(76) Garbage Collection (Allocation Rate)
[105.670s][info][gc,phases   ] GC(76) Pause Mark Start 3.460ms
[106.731s][info][gc,phases   ] GC(76) Concurrent Mark 1060.866ms
[106.735s][info][gc,phases   ] GC(76) Pause Mark End 0.474ms
[106.737s][info][gc,phases   ] GC(76) Concurrent Process Non-Strong References 1.591ms
[106.738s][info][gc,phases   ] GC(76) Concurrent Reset Relocation Set 1.128ms
[106.738s][info][gc,phases   ] GC(76) Concurrent Destroy Detached Pages 0.002ms
[106.740s][info][gc,phases   ] GC(76) Concurrent Select Relocation Set 1.684ms
[106.742s][info][gc,phases   ] GC(76) Concurrent Prepare Relocation Set 1.799ms
[106.745s][info][gc,phases   ] GC(76) Pause Relocate Start 3.065ms
[106.820s][info][gc,phases   ] GC(76) Concurrent Relocate 68.593ms
[106.820s][info][gc,load     ] GC(76) Load: 2.12/2.83/2.93
[106.820s][info][gc,mmu      ] GC(76) MMU: 2ms/0.0%, 5ms/0.0%, 10ms/0.0%, 20ms/47.4%, 50ms/78.9%, 100ms/89.5%
[106.820s][info][gc,marking  ] GC(76) Mark: 1 stripe(s), 2 proactive flush(es), 1 terminate flush(es), 0 completion(s), 0 continuation(s) 
[106.820s][info][gc,reloc    ] GC(76) Relocation: Successful, 37M relocated
[106.820s][info][gc,nmethod  ] GC(76) NMethods: 4633 registered, 5 unregistered
[106.820s][info][gc,metaspace] GC(76) Metaspace: 73M used, 77M capacity, 77M committed, 78M reserved
[106.820s][info][gc,ref      ] GC(76) Soft: 4921 encountered, 0 discovered, 0 enqueued
[106.820s][info][gc,ref      ] GC(76) Weak: 4947 encountered, 3906 discovered, 0 enqueued
[106.820s][info][gc,ref      ] GC(76) Final: 28 encountered, 0 discovered, 0 enqueued
[106.820s][info][gc,ref      ] GC(76) Phantom: 662 encountered, 658 discovered, 0 enqueued
[106.820s][info][gc,heap     ] GC(76)                Mark Start          Mark End        Relocate Start      Relocate End           High               Low         
[106.820s][info][gc,heap     ] GC(76)  Capacity:     1250M (100%)       1250M (100%)       1250M (100%)       1250M (100%)       1250M (100%)       1250M (100%)   
[106.820s][info][gc,heap     ] GC(76)   Reserve:       34M (3%)           34M (3%)           34M (3%)           34M (3%)           34M (3%)           34M (3%)     
[106.820s][info][gc,heap     ] GC(76)      Free:      842M (67%)         416M (33%)         466M (37%)         510M (41%)         842M (67%)         416M (33%)    
[106.820s][info][gc,heap     ] GC(76)      Used:      374M (30%)         800M (64%)         750M (60%)         706M (56%)         800M (64%)         374M (30%)    
[106.820s][info][gc,heap     ] GC(76)      Live:         -               243M (20%)         243M (20%)         243M (20%)            -                  -          
[106.820s][info][gc,heap     ] GC(76) Allocated:         -               428M (34%)         428M (34%)         476M (38%)            -                  -          
[106.820s][info][gc,heap     ] GC(76)   Garbage:         -               130M (10%)          80M (6%)           32M (3%)             -                  -          
[106.820s][info][gc,heap     ] GC(76) Reclaimed:         -                  -                50M (4%)           98M (8%)             -                  -          
[106.820s][info][gc          ] GC(76) Garbage Collection (Allocation Rate) 374M(30%)->706M(56%)
[106.864s][info][gc,start    ] GC(77) Garbage Collection (Allocation Rate)
[106.870s][info][gc,phases   ] GC(77) Pause Mark Start 3.610ms
[107.316s][info][gc,heap     ] Page Cache Flushed: 10M requested, 38M(426M->388M) flushed
[107.653s][info][gc,heap     ] Page Cache Flushed: 4M requested, 4M(372M->368M) flushed
[107.658s][info][gc,heap     ] Page Cache Flushed: 8M requested, 8M(368M->360M) flushed
[107.721s][info][gc,heap     ] Page Cache Flushed: 32M requested, 32M(326M->294M) flushed
[107.783s][info][gc,heap     ] Page Cache Flushed: 6M requested, 6M(260M->254M) flushed
[107.785s][info][gc,heap     ] Page Cache Flushed: 6M requested, 6M(254M->248M) flushed
[107.871s][info][gc,heap     ] Page Cache Flushed: 6M requested, 6M(196M->190M) flushed
[107.883s][info][gc,heap     ] Page Cache Flushed: 6M requested, 6M(190M->184M) flushed
[107.946s][info][gc,heap     ] Page Cache Flushed: 6M requested, 6M(156M->150M) flushed
[108.017s][info][gc,phases   ] GC(77) Concurrent Mark 1146.804ms
[108.023s][info][gc,phases   ] GC(77) Pause Mark End 0.414ms
[108.029s][info][gc,phases   ] GC(77) Concurrent Process Non-Strong References 5.778ms
[108.029s][info][gc,phases   ] GC(77) Concurrent Reset Relocation Set 0.007ms
[108.029s][info][gc,phases   ] GC(77) Concurrent Destroy Detached Pages 0.030ms
[108.030s][info][gc,phases   ] GC(77) Concurrent Select Relocation Set 1.557ms
[108.053s][info][gc,phases   ] GC(77) Concurrent Prepare Relocation Set 22.255ms
[108.056s][info][gc,phases   ] GC(77) Pause Relocate Start 3.256ms
[108.607s][info][gc,phases   ] GC(77) Concurrent Relocate 547.684ms
[108.607s][info][gc,load     ] GC(77) Load: 2.11/2.82/2.93
[108.607s][info][gc,mmu      ] GC(77) MMU: 2ms/0.0%, 5ms/0.0%, 10ms/0.0%, 20ms/47.4%, 50ms/78.9%, 100ms/89.5%
[108.607s][info][gc,marking  ] GC(77) Mark: 1 stripe(s), 2 proactive flush(es), 1 terminate flush(es), 0 completion(s), 0 continuation(s) 
[108.607s][info][gc,reloc    ] GC(77) Relocation: Successful, 66M relocated
[108.607s][info][gc,nmethod  ] GC(77) NMethods: 4679 registered, 5 unregistered
[108.607s][info][gc,metaspace] GC(77) Metaspace: 73M used, 77M capacity, 77M committed, 78M reserved
[108.607s][info][gc,ref      ] GC(77) Soft: 4921 encountered, 0 discovered, 0 enqueued
[108.607s][info][gc,ref      ] GC(77) Weak: 4977 encountered, 3927 discovered, 2 enqueued
[108.607s][info][gc,ref      ] GC(77) Final: 28 encountered, 0 discovered, 0 enqueued
[108.607s][info][gc,ref      ] GC(77) Phantom: 662 encountered, 658 discovered, 0 enqueued
[108.607s][info][gc,heap     ] GC(77)                Mark Start          Mark End        Relocate Start      Relocate End           High               Low         
[108.607s][info][gc,heap     ] GC(77)  Capacity:     1250M (100%)       1250M (100%)       1250M (100%)       1250M (100%)       1250M (100%)       1250M (100%)   
[108.607s][info][gc,heap     ] GC(77)   Reserve:       34M (3%)           34M (3%)           34M (3%)           34M (3%)           34M (3%)           34M (3%)     
[108.607s][info][gc,heap     ] GC(77)      Free:      504M (40%)         128M (10%)         194M (16%)         320M (26%)         504M (40%)         124M (10%)    
[108.607s][info][gc,heap     ] GC(77)      Used:      712M (57%)        1088M (87%)        1022M (82%)         896M (72%)        1092M (87%)         712M (57%)    
[108.607s][info][gc,heap     ] GC(77)      Live:         -               259M (21%)         259M (21%)         259M (21%)            -                  -          
[108.607s][info][gc,heap     ] GC(77) Allocated:         -               376M (30%)         384M (31%)         688M (55%)            -                  -          
[108.607s][info][gc,heap     ] GC(77)   Garbage:         -               452M (36%)         378M (30%)    17592186044414M (1         -                  -          
[108.607s][info][gc,heap     ] GC(77) Reclaimed:         -                  -                74M (6%)          454M (36%)            -                  -          
[108.607s][info][gc          ] GC(77) Garbage Collection (Allocation Rate) 712M(57%)->896M(72%)
[108.664s][info][gc,start    ] GC(78) Garbage Collection (Allocation Rate)
[108.668s][info][gc,phases   ] GC(78) Pause Mark Start 3.725ms
[108.906s][info][gc,heap     ] Page Cache Flushed: 2M requested, 10M(120M->110M) flushed
[108.922s][info][gc,heap     ] Page Cache Flushed: 2M requested, 6M(110M->104M) flushed
[108.931s][info][gc,heap     ] Page Cache Flushed: 2M requested, 6M(104M->98M) flushed
[108.939s][info][gc,heap     ] Page Cache Flushed: 2M requested, 6M(98M->92M) flushed
[108.943s][info][gc,heap     ] Page Cache Flushed: 2M requested, 6M(92M->86M) flushed
[108.956s][info][gc,heap     ] Page Cache Flushed: 2M requested, 6M(86M->80M) flushed
[108.964s][info][gc,heap     ] Page Cache Flushed: 2M requested, 10M(80M->70M) flushed
[108.971s][info][gc,heap     ] Page Cache Flushed: 2M requested, 6M(70M->64M) flushed
[108.979s][info][gc,heap     ] Page Cache Flushed: 2M requested, 32M(64M->32M) flushed
[109.025s][info][gc,heap     ] Page Cache Flushed: 2M requested, 32M(32M->0M) flushed
[109.357s][info][gc,phases   ] GC(78) Concurrent Mark 689.033ms
[109.358s][info][gc,phases   ] GC(78) Pause Mark End 0.507ms
[109.360s][info][gc,phases   ] GC(78) Concurrent Process Non-Strong References 1.757ms
[109.361s][info][gc,phases   ] GC(78) Concurrent Reset Relocation Set 1.274ms
[109.361s][info][gc,phases   ] GC(78) Concurrent Destroy Detached Pages 0.012ms
[109.363s][info][gc          ] Allocation Stall (main) 294.284ms
[109.364s][info][gc          ] Allocation Stall (dispatcher-BlockManagerMaster) 0.657ms
[109.364s][info][gc          ] Allocation Stall (netty-rpc-env-timeout) 1.413ms
[109.365s][info][gc          ] Allocation Stall (main) 1.356ms
[109.367s][info][gc          ] Allocation Stall (main) 0.957ms
[109.372s][info][gc,phases   ] GC(78) Concurrent Select Relocation Set 10.881ms
[109.379s][info][gc,phases   ] GC(78) Concurrent Prepare Relocation Set 6.605ms
[109.389s][info][gc,phases   ] GC(78) Pause Relocate Start 3.071ms
[109.707s][info][gc,phases   ] GC(78) Concurrent Relocate 316.855ms
[109.707s][info][gc,load     ] GC(78) Load: 2.11/2.82/2.93
[109.707s][info][gc,mmu      ] GC(78) MMU: 2ms/0.0%, 5ms/0.0%, 10ms/0.0%, 20ms/47.4%, 50ms/78.9%, 100ms/89.5%
[109.707s][info][gc,marking  ] GC(78) Mark: 1 stripe(s), 2 proactive flush(es), 1 terminate flush(es), 0 completion(s), 0 continuation(s) 
[109.707s][info][gc,reloc    ] GC(78) Relocation: Successful, 40M relocated
[109.707s][info][gc,nmethod  ] GC(78) NMethods: 4718 registered, 5 unregistered
[109.707s][info][gc,metaspace] GC(78) Metaspace: 74M used, 78M capacity, 78M committed, 80M reserved
[109.707s][info][gc,ref      ] GC(78) Soft: 4920 encountered, 0 discovered, 0 enqueued
[109.707s][info][gc,ref      ] GC(78) Weak: 4987 encountered, 4052 discovered, 110 enqueued
[109.707s][info][gc,ref      ] GC(78) Final: 28 encountered, 0 discovered, 0 enqueued
[109.707s][info][gc,ref      ] GC(78) Phantom: 662 encountered, 658 discovered, 0 enqueued
[109.707s][info][gc,heap     ] GC(78)                Mark Start          Mark End        Relocate Start      Relocate End           High               Low         
[109.707s][info][gc,heap     ] GC(78)  Capacity:     1250M (100%)       1250M (100%)       1250M (100%)       1250M (100%)       1250M (100%)       1250M (100%)   
[109.707s][info][gc,heap     ] GC(78)   Reserve:       34M (3%)           34M (3%)           34M (3%)           34M (3%)           34M (3%)           34M (3%)     
[109.707s][info][gc,heap     ] GC(78)      Free:      266M (21%)           0M (0%)          474M (38%)         566M (45%)         566M (45%)           0M (0%)     
[109.707s][info][gc,heap     ] GC(78)      Used:      950M (76%)        1216M (97%)         742M (59%)         650M (52%)        1216M (97%)         650M (52%)    
[109.707s][info][gc,heap     ] GC(78)      Live:         -               282M (23%)         282M (23%)         282M (23%)            -                  -          
[109.707s][info][gc,heap     ] GC(78) Allocated:         -               266M (21%)         298M (24%)         362M (29%)            -                  -          
[109.707s][info][gc,heap     ] GC(78)   Garbage:         -               667M (53%)         165M (13%)          39M (3%)             -                  -          
[109.707s][info][gc,heap     ] GC(78) Reclaimed:         -                  -               502M (40%)         628M (50%)            -                  -          
[109.707s][info][gc          ] GC(78) Garbage Collection (Allocation Rate) 950M(76%)->650M(52%)
[109.707s][info][gc,heap,exit] Heap
[109.707s][info][gc,heap,exit]  ZHeap           used 650M, capacity 1250M, max capacity 1250M
[109.707s][info][gc,heap,exit]  Metaspace       used 76271K, capacity 80393K, committed 80556K, reserved 81920K
